[0.018s][info][gc,init] Initializing The Z Garbage Collector
[0.018s][info][gc,init] Version: 20+36-2344 (release)
[0.018s][info][gc,init] NUMA Support: Disabled
[0.018s][info][gc,init] CPUs: 48 total, 48 available
[0.018s][info][gc,init] Memory: 391843M
[0.018s][info][gc,init] Large Page Support: Disabled
[0.018s][info][gc,init] GC Workers: 12 (dynamic)
[0.020s][info][gc,init] Address Space Type: Contiguous/Unrestricted/Complete
[0.020s][info][gc,init] Address Space Size: 65536M x 3 = 196608M
[0.020s][info][gc,init] Min Capacity: 8M
[0.020s][info][gc,init] Initial Capacity: 2048M
[0.030s][info][gc,init] Max Capacity: 4096M
[0.030s][info][gc,init] Medium Page Size: 32M
[0.030s][info][gc,init] Pre-touch: Disabled
[0.030s][info][gc,init] Uncommit: Enabled
[0.030s][info][gc,init] Uncommit Delay: 300s
[0.113s][info][gc,init] Runtime Workers: 29
[0.116s][info][gc     ] Using The Z Garbage Collector
[0.117s][info][gc,metaspace] CDS archive(s) mapped at: [0x0000000800000000-0x0000000800c60000-0x0000000800c60000), size 12976128, SharedBaseAddress: 0x0000000800000000, ArchiveRelocationMode: 0.
[0.117s][info][gc,metaspace] Compressed class space mapped at: 0x0000000801000000-0x0000000841000000, reserved size: 1073741824
[0.117s][info][gc,metaspace] Narrow klass base: 0x0000000800000000, Narrow klass shift: 0, Narrow klass range: 0x100000000
[1.215s][info][gc,start    ] GC(0) Garbage Collection (System.gc())
[1.215s][info][gc,task     ] GC(0) Using 12 workers
[1.216s][info][gc,phases   ] GC(0) Pause Mark Start 0.016ms
[1.234s][info][gc,phases   ] GC(0) Concurrent Mark 18.118ms
[1.234s][info][gc,phases   ] GC(0) Pause Mark End 0.032ms
[1.234s][info][gc,phases   ] GC(0) Concurrent Mark Free 0.001ms
[1.235s][info][gc,phases   ] GC(0) Concurrent Process Non-Strong References 1.070ms
[1.235s][info][gc,phases   ] GC(0) Concurrent Reset Relocation Set 0.001ms
[1.251s][info][gc,phases   ] GC(0) Concurrent Select Relocation Set 15.356ms
[1.251s][info][gc,phases   ] GC(0) Pause Relocate Start 0.028ms
[1.255s][info][gc,phases   ] GC(0) Concurrent Relocate 3.665ms
[1.255s][info][gc,load     ] GC(0) Load: 0.00/0.00/0.00
[1.255s][info][gc,mmu      ] GC(0) MMU: 2ms/98.4%, 5ms/99.4%, 10ms/99.7%, 20ms/99.7%, 50ms/99.8%, 100ms/99.9%
[1.255s][info][gc,marking  ] GC(0) Mark: 8 stripe(s), 1 proactive flush(es), 1 terminate flush(es), 0 completion(s), 0 continuation(s) 
[1.255s][info][gc,marking  ] GC(0) Mark Stack Usage: 32M
[1.255s][info][gc,nmethod  ] GC(0) NMethods: 1070 registered, 110 unregistered
[1.255s][info][gc,metaspace] GC(0) Metaspace: 8M used, 8M committed, 1088M reserved
[1.255s][info][gc,ref      ] GC(0) Soft: 166 encountered, 0 discovered, 0 enqueued
[1.255s][info][gc,ref      ] GC(0) Weak: 769 encountered, 365 discovered, 258 enqueued
[1.255s][info][gc,ref      ] GC(0) Final: 0 encountered, 0 discovered, 0 enqueued
[1.255s][info][gc,ref      ] GC(0) Phantom: 217 encountered, 205 discovered, 190 enqueued
[1.255s][info][gc,reloc    ] GC(0) Small Pages: 19 / 38M, Empty: 0M, Relocated: 3M, In-Place: 0
[1.255s][info][gc,reloc    ] GC(0) Medium Pages: 0 / 0M, Empty: 0M, Relocated: 0M, In-Place: 0
[1.255s][info][gc,reloc    ] GC(0) Large Pages: 0 / 0M, Empty: 0M, Relocated: 0M, In-Place: 0
[1.255s][info][gc,reloc    ] GC(0) Forwarding Usage: 0M
[1.255s][info][gc,heap     ] GC(0) Min Capacity: 8M(0%)
[1.255s][info][gc,heap     ] GC(0) Max Capacity: 4096M(100%)
[1.255s][info][gc,heap     ] GC(0) Soft Max Capacity: 4096M(100%)
[1.255s][info][gc,heap     ] GC(0)                Mark Start          Mark End        Relocate Start      Relocate End           High               Low         
[1.255s][info][gc,heap     ] GC(0)  Capacity:     2048M (50%)        2048M (50%)        2048M (50%)        2048M (50%)        2048M (50%)        2048M (50%)    
[1.255s][info][gc,heap     ] GC(0)      Free:     4058M (99%)        4058M (99%)        4054M (99%)        4066M (99%)        4066M (99%)        4038M (99%)    
[1.255s][info][gc,heap     ] GC(0)      Used:       38M (1%)           38M (1%)           42M (1%)           30M (1%)           58M (1%)           30M (1%)     
[1.255s][info][gc,heap     ] GC(0)      Live:         -                 4M (0%)            4M (0%)            4M (0%)             -                  -          
[1.255s][info][gc,heap     ] GC(0) Allocated:         -                 0M (0%)            4M (0%)            4M (0%)             -                  -          
[1.255s][info][gc,heap     ] GC(0)   Garbage:         -                33M (1%)           33M (1%)           21M (1%)             -                  -          
[1.255s][info][gc,heap     ] GC(0) Reclaimed:         -                  -                 0M (0%)           12M (0%)             -                  -          
[1.255s][info][gc          ] GC(0) Garbage Collection (System.gc()) 38M(1%)->30M(1%)
[2.858s][info][gc,start    ] GC(1) Garbage Collection (Warmup)
[2.858s][info][gc,task     ] GC(1) Using 12 workers
[2.858s][info][gc,phases   ] GC(1) Pause Mark Start 0.017ms
[2.874s][info][gc,phases   ] GC(1) Concurrent Mark 15.091ms
[2.874s][info][gc,phases   ] GC(1) Pause Mark End 0.023ms
[2.874s][info][gc,phases   ] GC(1) Concurrent Mark Free 0.002ms
[2.879s][info][gc,phases   ] GC(1) Concurrent Process Non-Strong References 5.230ms
[2.879s][info][gc,phases   ] GC(1) Concurrent Reset Relocation Set 0.004ms
[2.885s][info][gc,phases   ] GC(1) Concurrent Select Relocation Set 5.515ms
[2.885s][info][gc,phases   ] GC(1) Pause Relocate Start 0.011ms
[2.888s][info][gc,phases   ] GC(1) Concurrent Relocate 3.301ms
[2.889s][info][gc,load     ] GC(1) Load: 0.00/0.00/0.00
[2.889s][info][gc,mmu      ] GC(1) MMU: 2ms/98.4%, 5ms/99.4%, 10ms/99.7%, 20ms/99.7%, 50ms/99.8%, 100ms/99.9%
[2.889s][info][gc,marking  ] GC(1) Mark: 8 stripe(s), 2 proactive flush(es), 1 terminate flush(es), 0 completion(s), 0 continuation(s) 
[2.889s][info][gc,marking  ] GC(1) Mark Stack Usage: 32M
[2.889s][info][gc,nmethod  ] GC(1) NMethods: 1821 registered, 226 unregistered
[2.889s][info][gc,metaspace] GC(1) Metaspace: 9M used, 9M committed, 1088M reserved
[2.889s][info][gc,ref      ] GC(1) Soft: 212 encountered, 0 discovered, 0 enqueued
[2.889s][info][gc,ref      ] GC(1) Weak: 943 encountered, 179 discovered, 166 enqueued
[2.889s][info][gc,ref      ] GC(1) Final: 0 encountered, 0 discovered, 0 enqueued
[2.889s][info][gc,ref      ] GC(1) Phantom: 145 encountered, 131 discovered, 118 enqueued
[2.889s][info][gc,reloc    ] GC(1) Small Pages: 219 / 438M, Empty: 200M, Relocated: 5M, In-Place: 0
[2.889s][info][gc,reloc    ] GC(1) Medium Pages: 0 / 0M, Empty: 0M, Relocated: 0M, In-Place: 0
[2.889s][info][gc,reloc    ] GC(1) Large Pages: 0 / 0M, Empty: 0M, Relocated: 0M, In-Place: 0
[2.889s][info][gc,reloc    ] GC(1) Forwarding Usage: 1M
[2.889s][info][gc,heap     ] GC(1) Min Capacity: 8M(0%)
[2.889s][info][gc,heap     ] GC(1) Max Capacity: 4096M(100%)
[2.889s][info][gc,heap     ] GC(1) Soft Max Capacity: 4096M(100%)
[2.889s][info][gc,heap     ] GC(1)                Mark Start          Mark End        Relocate Start      Relocate End           High               Low         
[2.889s][info][gc,heap     ] GC(1)  Capacity:     2048M (50%)        2048M (50%)        2048M (50%)        2048M (50%)        2048M (50%)        2048M (50%)    
[2.889s][info][gc,heap     ] GC(1)      Free:     3658M (89%)        3638M (89%)        3832M (94%)        4042M (99%)        4042M (99%)        3634M (89%)    
[2.889s][info][gc,heap     ] GC(1)      Used:      438M (11%)         458M (11%)         264M (6%)           54M (1%)          462M (11%)          54M (1%)     
[2.889s][info][gc,heap     ] GC(1)      Live:         -                 6M (0%)            6M (0%)            6M (0%)             -                  -          
[2.889s][info][gc,heap     ] GC(1) Allocated:         -                20M (0%)           26M (1%)           27M (1%)             -                  -          
[2.889s][info][gc,heap     ] GC(1)   Garbage:         -               431M (11%)         231M (6%)           19M (0%)             -                  -          
[2.889s][info][gc,heap     ] GC(1) Reclaimed:         -                  -               200M (5%)          411M (10%)            -                  -          
[2.889s][info][gc          ] GC(1) Garbage Collection (Warmup) 438M(11%)->54M(1%)
[5.448s][info][gc,start    ] GC(2) Garbage Collection (Warmup)
[5.448s][info][gc,task     ] GC(2) Using 12 workers
[5.448s][info][gc,phases   ] GC(2) Pause Mark Start 0.018ms
[5.464s][info][gc,phases   ] GC(2) Concurrent Mark 15.165ms
[5.464s][info][gc,phases   ] GC(2) Pause Mark End 0.026ms
[5.464s][info][gc,phases   ] GC(2) Concurrent Mark Free 0.001ms
[5.465s][info][gc,phases   ] GC(2) Concurrent Process Non-Strong References 1.163ms
[5.465s][info][gc,phases   ] GC(2) Concurrent Reset Relocation Set 0.019ms
[5.472s][info][gc,phases   ] GC(2) Concurrent Select Relocation Set 6.760ms
[5.472s][info][gc,phases   ] GC(2) Pause Relocate Start 0.009ms
[5.476s][info][gc,phases   ] GC(2) Concurrent Relocate 3.534ms
[5.476s][info][gc,load     ] GC(2) Load: 0.00/0.00/0.00
[5.476s][info][gc,mmu      ] GC(2) MMU: 2ms/98.4%, 5ms/99.4%, 10ms/99.7%, 20ms/99.7%, 50ms/99.8%, 100ms/99.9%
[5.476s][info][gc,marking  ] GC(2) Mark: 8 stripe(s), 2 proactive flush(es), 1 terminate flush(es), 0 completion(s), 0 continuation(s) 
[5.476s][info][gc,marking  ] GC(2) Mark Stack Usage: 32M
[5.476s][info][gc,nmethod  ] GC(2) NMethods: 1823 registered, 260 unregistered
[5.476s][info][gc,metaspace] GC(2) Metaspace: 9M used, 9M committed, 1088M reserved
[5.476s][info][gc,ref      ] GC(2) Soft: 212 encountered, 0 discovered, 0 enqueued
[5.476s][info][gc,ref      ] GC(2) Weak: 777 encountered, 7 discovered, 0 enqueued
[5.476s][info][gc,ref      ] GC(2) Final: 0 encountered, 0 discovered, 0 enqueued
[5.476s][info][gc,ref      ] GC(2) Phantom: 27 encountered, 18 discovered, 0 enqueued
[5.476s][info][gc,reloc    ] GC(2) Small Pages: 410 / 820M, Empty: 600M, Relocated: 4M, In-Place: 0
[5.476s][info][gc,reloc    ] GC(2) Medium Pages: 0 / 0M, Empty: 0M, Relocated: 0M, In-Place: 0
[5.476s][info][gc,reloc    ] GC(2) Large Pages: 0 / 0M, Empty: 0M, Relocated: 0M, In-Place: 0
[5.476s][info][gc,reloc    ] GC(2) Forwarding Usage: 1M
[5.476s][info][gc,heap     ] GC(2) Min Capacity: 8M(0%)
[5.476s][info][gc,heap     ] GC(2) Max Capacity: 4096M(100%)
[5.476s][info][gc,heap     ] GC(2) Soft Max Capacity: 4096M(100%)
[5.477s][info][gc,heap     ] GC(2)                Mark Start          Mark End        Relocate Start      Relocate End           High               Low         
[5.477s][info][gc,heap     ] GC(2)  Capacity:     2048M (50%)        2048M (50%)        2048M (50%)        2048M (50%)        2048M (50%)        2048M (50%)    
[5.477s][info][gc,heap     ] GC(2)      Free:     3276M (80%)        3256M (79%)        3852M (94%)        4046M (99%)        4046M (99%)        3256M (79%)    
[5.477s][info][gc,heap     ] GC(2)      Used:      820M (20%)         840M (21%)         244M (6%)           50M (1%)          840M (21%)          50M (1%)     
[5.477s][info][gc,heap     ] GC(2)      Live:         -                 6M (0%)            6M (0%)            6M (0%)             -                  -          
[5.477s][info][gc,heap     ] GC(2) Allocated:         -                20M (0%)           24M (1%)           23M (1%)             -                  -          
[5.477s][info][gc,heap     ] GC(2)   Garbage:         -               813M (20%)         213M (5%)           19M (0%)             -                  -          
[5.477s][info][gc,heap     ] GC(2) Reclaimed:         -                  -               600M (15%)         793M (19%)            -                  -          
[5.477s][info][gc          ] GC(2) Garbage Collection (Warmup) 820M(20%)->50M(1%)
[8.710s][info][gc,start    ] GC(3) Garbage Collection (System.gc())
[8.710s][info][gc,task     ] GC(3) Using 12 workers
[8.710s][info][gc,phases   ] GC(3) Pause Mark Start 0.018ms
[8.721s][info][gc,phases   ] GC(3) Concurrent Mark 10.373ms
[8.721s][info][gc,phases   ] GC(3) Pause Mark End 0.022ms
[8.721s][info][gc,phases   ] GC(3) Concurrent Mark Free 0.001ms
[8.722s][info][gc,phases   ] GC(3) Concurrent Process Non-Strong References 1.148ms
[8.722s][info][gc,phases   ] GC(3) Concurrent Reset Relocation Set 0.015ms
[8.726s][info][gc,phases   ] GC(3) Concurrent Select Relocation Set 3.916ms
[8.726s][info][gc,phases   ] GC(3) Pause Relocate Start 0.007ms
[8.730s][info][gc,phases   ] GC(3) Concurrent Relocate 3.284ms
[8.730s][info][gc,load     ] GC(3) Load: 0.00/0.00/0.00
[8.730s][info][gc,mmu      ] GC(3) MMU: 2ms/98.4%, 5ms/99.4%, 10ms/99.7%, 20ms/99.7%, 50ms/99.8%, 100ms/99.9%
[8.730s][info][gc,marking  ] GC(3) Mark: 8 stripe(s), 3 proactive flush(es), 1 terminate flush(es), 0 completion(s), 0 continuation(s) 
[8.730s][info][gc,marking  ] GC(3) Mark Stack Usage: 32M
[8.730s][info][gc,nmethod  ] GC(3) NMethods: 1822 registered, 299 unregistered
[8.730s][info][gc,metaspace] GC(3) Metaspace: 9M used, 9M committed, 1088M reserved
[8.730s][info][gc,ref      ] GC(3) Soft: 214 encountered, 0 discovered, 0 enqueued
[8.730s][info][gc,ref      ] GC(3) Weak: 806 encountered, 36 discovered, 13 enqueued
[8.730s][info][gc,ref      ] GC(3) Final: 0 encountered, 0 discovered, 0 enqueued
[8.730s][info][gc,ref      ] GC(3) Phantom: 35 encountered, 20 discovered, 8 enqueued
[8.730s][info][gc,reloc    ] GC(3) Small Pages: 526 / 1052M, Empty: 1014M, Relocated: 4M, In-Place: 0
[8.730s][info][gc,reloc    ] GC(3) Medium Pages: 0 / 0M, Empty: 0M, Relocated: 0M, In-Place: 0
[8.730s][info][gc,reloc    ] GC(3) Large Pages: 0 / 0M, Empty: 0M, Relocated: 0M, In-Place: 0
[8.730s][info][gc,reloc    ] GC(3) Forwarding Usage: 1M
[8.730s][info][gc,heap     ] GC(3) Min Capacity: 8M(0%)
[8.730s][info][gc,heap     ] GC(3) Max Capacity: 4096M(100%)
[8.730s][info][gc,heap     ] GC(3) Soft Max Capacity: 4096M(100%)
[8.730s][info][gc,heap     ] GC(3)                Mark Start          Mark End        Relocate Start      Relocate End           High               Low         
[8.730s][info][gc,heap     ] GC(3)  Capacity:     2048M (50%)        2048M (50%)        2048M (50%)        2048M (50%)        2048M (50%)        2048M (50%)    
[8.730s][info][gc,heap     ] GC(3)      Free:     3044M (74%)        3044M (74%)        4056M (99%)        4070M (99%)        4070M (99%)        3044M (74%)    
[8.730s][info][gc,heap     ] GC(3)      Used:     1052M (26%)        1052M (26%)          40M (1%)           26M (1%)         1052M (26%)          26M (1%)     
[8.730s][info][gc,heap     ] GC(3)      Live:         -                 4M (0%)            4M (0%)            4M (0%)             -                  -          
[8.730s][info][gc,heap     ] GC(3) Allocated:         -                 0M (0%)            2M (0%)            2M (0%)             -                  -          
[8.730s][info][gc,heap     ] GC(3)   Garbage:         -              1047M (26%)          33M (1%)           19M (0%)             -                  -          
[8.730s][info][gc,heap     ] GC(3) Reclaimed:         -                  -              1014M (25%)        1028M (25%)            -                  -          
[8.730s][info][gc          ] GC(3) Garbage Collection (System.gc()) 1052M(26%)->26M(1%)
[10.157s][info][gc,stats    ] === Garbage Collection Statistics =======================================================================================================================
[10.157s][info][gc,stats    ]                                                              Last 10s              Last 10m              Last 10h                Total
[10.157s][info][gc,stats    ]                                                              Avg / Max             Avg / Max             Avg / Max             Avg / Max
[10.157s][info][gc,stats    ]   Collector: Garbage Collection Cycle                     29.465 / 39.618       29.465 / 39.618       29.465 / 39.618       29.465 / 39.618      ms
[10.157s][info][gc,stats    ]  Contention: Mark Segment Reset Contention                     1 / 7                 1 / 7                 1 / 7                 1 / 7           ops/s
[10.157s][info][gc,stats    ]  Contention: Mark SeqNum Reset Contention                      0 / 1                 0 / 1                 0 / 1                 0 / 1           ops/s
[10.157s][info][gc,stats    ]    Critical: Allocation Stall                                  0 / 0                 0 / 0                 0 / 0                 0 / 0           ops/s
[10.157s][info][gc,stats    ]    Critical: Allocation Stall                              0.000 / 0.000         0.000 / 0.000         0.000 / 0.000         0.000 / 0.000       ms
[10.157s][info][gc,stats    ]    Critical: GC Locker Stall                                   0 / 0                 0 / 0                 0 / 0                 0 / 0           ops/s
[10.157s][info][gc,stats    ]    Critical: GC Locker Stall                               0.000 / 0.000         0.000 / 0.000         0.000 / 0.000         0.000 / 0.000       ms
[10.158s][info][gc,stats    ]    Critical: Relocation Stall                                  0 / 0                 0 / 0                 0 / 0                 0 / 0           ops/s
[10.158s][info][gc,stats    ]    Critical: Relocation Stall                              0.000 / 0.000         0.000 / 0.000         0.000 / 0.000         0.000 / 0.000       ms
[10.158s][info][gc,stats    ]      Memory: Allocation Rate                                 271 / 326             271 / 326             271 / 326             271 / 326         MB/s
[10.158s][info][gc,stats    ]      Memory: Defragment                                        0 / 0                 0 / 0                 0 / 0                 0 / 0           ops/s
[10.158s][info][gc,stats    ]      Memory: Out Of Memory                                     0 / 0                 0 / 0                 0 / 0                 0 / 0           ops/s
[10.158s][info][gc,stats    ]      Memory: Page Cache Flush                                  0 / 0                 0 / 0                 0 / 0                 0 / 0           MB/s
[10.158s][info][gc,stats    ]      Memory: Page Cache Hit L1                                88 / 163              88 / 163              88 / 163              88 / 163         ops/s
[10.158s][info][gc,stats    ]      Memory: Page Cache Hit L2                                 0 / 0                 0 / 0                 0 / 0                 0 / 0           ops/s
[10.158s][info][gc,stats    ]      Memory: Page Cache Hit L3                                52 / 137              52 / 137              52 / 137              52 / 137         ops/s
[10.158s][info][gc,stats    ]      Memory: Page Cache Miss                                   0 / 1                 0 / 1                 0 / 1                 0 / 1           ops/s
[10.158s][info][gc,stats    ]      Memory: Uncommit                                          0 / 0                 0 / 0                 0 / 0                 0 / 0           MB/s
[10.158s][info][gc,stats    ]      Memory: Undo Object Allocation Failed                     0 / 0                 0 / 0                 0 / 0                 0 / 0           ops/s
[10.158s][info][gc,stats    ]      Memory: Undo Object Allocation Succeeded                  0 / 1                 0 / 1                 0 / 1                 0 / 1           ops/s
[10.158s][info][gc,stats    ]      Memory: Undo Page Allocation                              0 / 0                 0 / 0                 0 / 0                 0 / 0           ops/s
[10.158s][info][gc,stats    ]       Phase: Concurrent Mark                              14.687 / 18.118       14.687 / 18.118       14.687 / 18.118       14.687 / 18.118      ms
[10.158s][info][gc,stats    ]       Phase: Concurrent Mark Continue                      0.000 / 0.000         0.000 / 0.000         0.000 / 0.000         0.000 / 0.000       ms
[10.158s][info][gc,stats    ]       Phase: Concurrent Mark Free                          0.001 / 0.002         0.001 / 0.002         0.001 / 0.002         0.001 / 0.002       ms
[10.158s][info][gc,stats    ]       Phase: Concurrent Process Non-Strong References      2.153 / 5.230         2.153 / 5.230         2.153 / 5.230         2.153 / 5.230       ms
[10.158s][info][gc,stats    ]       Phase: Concurrent Relocate                           3.446 / 3.665         3.446 / 3.665         3.446 / 3.665         3.446 / 3.665       ms
[10.158s][info][gc,stats    ]       Phase: Concurrent Reset Relocation Set               0.010 / 0.019         0.010 / 0.019         0.010 / 0.019         0.010 / 0.019       ms
[10.158s][info][gc,stats    ]       Phase: Concurrent Select Relocation Set              7.887 / 15.356        7.887 / 15.356        7.887 / 15.356        7.887 / 15.356      ms
[10.158s][info][gc,stats    ]       Phase: Pause Mark End                                0.026 / 0.032         0.026 / 0.032         0.026 / 0.032         0.026 / 0.032       ms
[10.158s][info][gc,stats    ]       Phase: Pause Mark Start                              0.017 / 0.018         0.017 / 0.018         0.017 / 0.018         0.017 / 0.018       ms
[10.158s][info][gc,stats    ]       Phase: Pause Relocate Start                          0.013 / 0.028         0.013 / 0.028         0.013 / 0.028         0.013 / 0.028       ms
[10.158s][info][gc,stats    ]    Subphase: Concurrent Classes Purge                      0.419 / 0.876         0.419 / 0.876         0.419 / 0.876         0.419 / 0.876       ms
[10.158s][info][gc,stats    ]    Subphase: Concurrent Classes Unlink                     1.451 / 4.065         1.451 / 4.065         1.451 / 4.065         1.451 / 4.065       ms
[10.158s][info][gc,stats    ]    Subphase: Concurrent Mark                              13.024 / 17.338       13.024 / 17.338       13.024 / 17.338       13.024 / 17.338      ms
[10.158s][info][gc,stats    ]    Subphase: Concurrent Mark Try Flush                     0.067 / 0.111         0.067 / 0.111         0.067 / 0.111         0.067 / 0.111       ms
[10.158s][info][gc,stats    ]    Subphase: Concurrent Mark Try Terminate                 7.636 / 14.494        7.636 / 14.494        7.636 / 14.494        7.636 / 14.494      ms
[10.159s][info][gc,stats    ]    Subphase: Concurrent References Enqueue                 0.003 / 0.004         0.003 / 0.004         0.003 / 0.004         0.003 / 0.004       ms
[10.159s][info][gc,stats    ]    Subphase: Concurrent References Process                 0.055 / 0.087         0.055 / 0.087         0.055 / 0.087         0.055 / 0.087       ms
[10.159s][info][gc,stats    ]    Subphase: Concurrent Roots ClassLoaderDataGraph         0.084 / 0.680         0.084 / 0.680         0.084 / 0.680         0.084 / 0.680       ms
[10.159s][info][gc,stats    ]    Subphase: Concurrent Roots CodeCache                    0.000 / 0.000         0.000 / 0.000         0.000 / 0.000         0.000 / 0.000       ms
[10.159s][info][gc,stats    ]    Subphase: Concurrent Roots JavaThreads                  0.536 / 1.107         0.536 / 1.107         0.536 / 1.107         0.536 / 1.107       ms
[10.159s][info][gc,stats    ]    Subphase: Concurrent Roots OopStorageSet                0.031 / 0.190         0.031 / 0.190         0.031 / 0.190         0.031 / 0.190       ms
[10.159s][info][gc,stats    ]    Subphase: Concurrent Weak Roots OopStorageSet           0.115 / 0.148         0.115 / 0.148         0.115 / 0.148         0.115 / 0.148       ms
[10.159s][info][gc,stats    ]    Subphase: Pause Mark Try Complete                       0.000 / 0.000         0.000 / 0.000         0.000 / 0.000         0.000 / 0.000       ms
[10.159s][info][gc,stats    ]      System: Java Threads                                     27 / 33               27 / 33               27 / 33               27 / 33          threads
[10.159s][info][gc,stats    ] =========================================================================================================================================================
[12.663s][info][gc,start    ] GC(4) Garbage Collection (Warmup)
[12.663s][info][gc,task     ] GC(4) Using 12 workers
[12.663s][info][gc,phases   ] GC(4) Pause Mark Start 0.019ms
[12.678s][info][gc,phases   ] GC(4) Concurrent Mark 15.174ms
[12.679s][info][gc,phases   ] GC(4) Pause Mark End 0.024ms
[12.679s][info][gc,phases   ] GC(4) Concurrent Mark Free 0.002ms
[12.680s][info][gc,phases   ] GC(4) Concurrent Process Non-Strong References 1.147ms
[12.680s][info][gc,phases   ] GC(4) Concurrent Reset Relocation Set 0.003ms
[12.687s][info][gc,phases   ] GC(4) Concurrent Select Relocation Set 6.537ms
[12.687s][info][gc,phases   ] GC(4) Pause Relocate Start 0.010ms
[12.690s][info][gc,phases   ] GC(4) Concurrent Relocate 3.207ms
[12.690s][info][gc,load     ] GC(4) Load: 0.00/0.00/0.00
[12.690s][info][gc,mmu      ] GC(4) MMU: 2ms/98.4%, 5ms/99.4%, 10ms/99.7%, 20ms/99.7%, 50ms/99.8%, 100ms/99.9%
[12.690s][info][gc,marking  ] GC(4) Mark: 8 stripe(s), 2 proactive flush(es), 1 terminate flush(es), 0 completion(s), 0 continuation(s) 
[12.690s][info][gc,marking  ] GC(4) Mark Stack Usage: 32M
[12.690s][info][gc,nmethod  ] GC(4) NMethods: 1828 registered, 318 unregistered
[12.690s][info][gc,metaspace] GC(4) Metaspace: 9M used, 9M committed, 1088M reserved
[12.690s][info][gc,ref      ] GC(4) Soft: 214 encountered, 0 discovered, 0 enqueued
[12.690s][info][gc,ref      ] GC(4) Weak: 793 encountered, 278 discovered, 0 enqueued
[12.690s][info][gc,ref      ] GC(4) Final: 0 encountered, 0 discovered, 0 enqueued
[12.690s][info][gc,ref      ] GC(4) Phantom: 27 encountered, 11 discovered, 0 enqueued
[12.691s][info][gc,reloc    ] GC(4) Small Pages: 626 / 1252M, Empty: 994M, Relocated: 4M, In-Place: 0
[12.691s][info][gc,reloc    ] GC(4) Medium Pages: 0 / 0M, Empty: 0M, Relocated: 0M, In-Place: 0
[12.691s][info][gc,reloc    ] GC(4) Large Pages: 0 / 0M, Empty: 0M, Relocated: 0M, In-Place: 0
[12.691s][info][gc,reloc    ] GC(4) Forwarding Usage: 1M
[12.691s][info][gc,heap     ] GC(4) Min Capacity: 8M(0%)
[12.691s][info][gc,heap     ] GC(4) Max Capacity: 4096M(100%)
[12.691s][info][gc,heap     ] GC(4) Soft Max Capacity: 4096M(100%)
[12.691s][info][gc,heap     ] GC(4)                Mark Start          Mark End        Relocate Start      Relocate End           High               Low         
[12.691s][info][gc,heap     ] GC(4)  Capacity:     2048M (50%)        2048M (50%)        2048M (50%)        2048M (50%)        2048M (50%)        2048M (50%)    
[12.691s][info][gc,heap     ] GC(4)      Free:     2844M (69%)        2826M (69%)        3816M (93%)        4048M (99%)        4048M (99%)        2824M (69%)    
[12.691s][info][gc,heap     ] GC(4)      Used:     1252M (31%)        1270M (31%)         280M (7%)           48M (1%)         1272M (31%)          48M (1%)     
[12.691s][info][gc,heap     ] GC(4)      Live:         -                 6M (0%)            6M (0%)            6M (0%)             -                  -          
[12.691s][info][gc,heap     ] GC(4) Allocated:         -                18M (0%)           22M (1%)           21M (1%)             -                  -          
[12.691s][info][gc,heap     ] GC(4)   Garbage:         -              1245M (30%)         251M (6%)           19M (0%)             -                  -          
[12.691s][info][gc,heap     ] GC(4) Reclaimed:         -                  -               994M (24%)        1225M (30%)            -                  -          
[12.691s][info][gc          ] GC(4) Garbage Collection (Warmup) 1252M(31%)->48M(1%)
[14.559s][info][gc,start    ] GC(5) Garbage Collection (Proactive)
[14.559s][info][gc,task     ] GC(5) Using 12 workers
[14.559s][info][gc,phases   ] GC(5) Pause Mark Start 0.020ms
[14.574s][info][gc,phases   ] GC(5) Concurrent Mark 15.151ms
[14.575s][info][gc,phases   ] GC(5) Pause Mark End 0.024ms
[14.575s][info][gc,phases   ] GC(5) Concurrent Mark Free 0.002ms
[14.576s][info][gc,phases   ] GC(5) Concurrent Process Non-Strong References 1.055ms
[14.576s][info][gc,phases   ] GC(5) Concurrent Reset Relocation Set 0.018ms
[14.583s][info][gc,phases   ] GC(5) Concurrent Select Relocation Set 7.083ms
[14.583s][info][gc,phases   ] GC(5) Pause Relocate Start 0.011ms
[14.587s][info][gc,phases   ] GC(5) Concurrent Relocate 3.500ms
[14.587s][info][gc,load     ] GC(5) Load: 0.00/0.00/0.00
[14.587s][info][gc,mmu      ] GC(5) MMU: 2ms/98.4%, 5ms/99.4%, 10ms/99.7%, 20ms/99.7%, 50ms/99.8%, 100ms/99.9%
[14.587s][info][gc,marking  ] GC(5) Mark: 8 stripe(s), 3 proactive flush(es), 1 terminate flush(es), 0 completion(s), 0 continuation(s) 
[14.587s][info][gc,marking  ] GC(5) Mark Stack Usage: 32M
[14.587s][info][gc,nmethod  ] GC(5) NMethods: 1828 registered, 318 unregistered
[14.587s][info][gc,metaspace] GC(5) Metaspace: 9M used, 9M committed, 1088M reserved
[14.587s][info][gc,ref      ] GC(5) Soft: 214 encountered, 0 discovered, 0 enqueued
[14.587s][info][gc,ref      ] GC(5) Weak: 793 encountered, 58 discovered, 0 enqueued
[14.587s][info][gc,ref      ] GC(5) Final: 0 encountered, 0 discovered, 0 enqueued
[14.587s][info][gc,ref      ] GC(5) Phantom: 27 encountered, 14 discovered, 0 enqueued
[14.587s][info][gc,reloc    ] GC(5) Small Pages: 316 / 632M, Empty: 504M, Relocated: 5M, In-Place: 0
[14.587s][info][gc,reloc    ] GC(5) Medium Pages: 0 / 0M, Empty: 0M, Relocated: 0M, In-Place: 0
[14.587s][info][gc,reloc    ] GC(5) Large Pages: 0 / 0M, Empty: 0M, Relocated: 0M, In-Place: 0
[14.587s][info][gc,reloc    ] GC(5) Forwarding Usage: 2M
[14.587s][info][gc,heap     ] GC(5) Min Capacity: 8M(0%)
[14.587s][info][gc,heap     ] GC(5) Max Capacity: 4096M(100%)
[14.587s][info][gc,heap     ] GC(5) Soft Max Capacity: 4096M(100%)
[14.587s][info][gc,heap     ] GC(5)                Mark Start          Mark End        Relocate Start      Relocate End           High               Low         
[14.587s][info][gc,heap     ] GC(5)  Capacity:     2048M (50%)        2048M (50%)        2048M (50%)        2048M (50%)        2048M (50%)        2048M (50%)    
[14.587s][info][gc,heap     ] GC(5)      Free:     3464M (85%)        3448M (84%)        3946M (96%)        4040M (99%)        4040M (99%)        3448M (84%)    
[14.587s][info][gc,heap     ] GC(5)      Used:      632M (15%)         648M (16%)         150M (4%)           56M (1%)          648M (16%)          56M (1%)     
[14.587s][info][gc,heap     ] GC(5)      Live:         -                 6M (0%)            6M (0%)            6M (0%)             -                  -          
[14.587s][info][gc,heap     ] GC(5) Allocated:         -                16M (0%)           22M (1%)           29M (1%)             -                  -          
[14.587s][info][gc,heap     ] GC(5)   Garbage:         -               625M (15%)         121M (3%)           19M (0%)             -                  -          
[14.587s][info][gc,heap     ] GC(5) Reclaimed:         -                  -               504M (12%)         605M (15%)            -                  -          
[14.587s][info][gc          ] GC(5) Garbage Collection (Proactive) 632M(15%)->56M(1%)
[15.803s][info][gc,start    ] GC(6) Garbage Collection (System.gc())
[15.803s][info][gc,task     ] GC(6) Using 12 workers
[15.804s][info][gc,phases   ] GC(6) Pause Mark Start 0.017ms
[15.823s][info][gc,phases   ] GC(6) Concurrent Mark 19.098ms
[15.823s][info][gc,phases   ] GC(6) Pause Mark End 0.022ms
[15.823s][info][gc,phases   ] GC(6) Concurrent Mark Free 0.001ms
[15.824s][info][gc,phases   ] GC(6) Concurrent Process Non-Strong References 0.926ms
[15.824s][info][gc,phases   ] GC(6) Concurrent Reset Relocation Set 0.012ms
[15.828s][info][gc,phases   ] GC(6) Concurrent Select Relocation Set 3.829ms
[15.828s][info][gc,phases   ] GC(6) Pause Relocate Start 0.007ms
[15.832s][info][gc,phases   ] GC(6) Concurrent Relocate 3.430ms
[15.832s][info][gc,load     ] GC(6) Load: 0.00/0.00/0.00
[15.832s][info][gc,mmu      ] GC(6) MMU: 2ms/98.4%, 5ms/99.4%, 10ms/99.7%, 20ms/99.7%, 50ms/99.8%, 100ms/99.9%
[15.832s][info][gc,marking  ] GC(6) Mark: 8 stripe(s), 2 proactive flush(es), 1 terminate flush(es), 0 completion(s), 0 continuation(s) 
[15.832s][info][gc,marking  ] GC(6) Mark Stack Usage: 32M
[15.832s][info][gc,nmethod  ] GC(6) NMethods: 1839 registered, 325 unregistered
[15.832s][info][gc,metaspace] GC(6) Metaspace: 9M used, 9M committed, 1088M reserved
[15.832s][info][gc,ref      ] GC(6) Soft: 214 encountered, 0 discovered, 0 enqueued
[15.832s][info][gc,ref      ] GC(6) Weak: 793 encountered, 24 discovered, 0 enqueued
[15.832s][info][gc,ref      ] GC(6) Final: 0 encountered, 0 discovered, 0 enqueued
[15.832s][info][gc,ref      ] GC(6) Phantom: 27 encountered, 21 discovered, 0 enqueued
[15.832s][info][gc,reloc    ] GC(6) Small Pages: 216 / 432M, Empty: 390M, Relocated: 4M, In-Place: 0
[15.832s][info][gc,reloc    ] GC(6) Medium Pages: 0 / 0M, Empty: 0M, Relocated: 0M, In-Place: 0
[15.832s][info][gc,reloc    ] GC(6) Large Pages: 0 / 0M, Empty: 0M, Relocated: 0M, In-Place: 0
[15.832s][info][gc,reloc    ] GC(6) Forwarding Usage: 1M
[15.832s][info][gc,heap     ] GC(6) Min Capacity: 8M(0%)
[15.832s][info][gc,heap     ] GC(6) Max Capacity: 4096M(100%)
[15.832s][info][gc,heap     ] GC(6) Soft Max Capacity: 4096M(100%)
[15.832s][info][gc,heap     ] GC(6)                Mark Start          Mark End        Relocate Start      Relocate End           High               Low         
[15.832s][info][gc,heap     ] GC(6)  Capacity:     2048M (50%)        2048M (50%)        2048M (50%)        2048M (50%)        2048M (50%)        2048M (50%)    
[15.832s][info][gc,heap     ] GC(6)      Free:     3664M (89%)        3664M (89%)        4054M (99%)        4072M (99%)        4072M (99%)        3664M (89%)    
[15.832s][info][gc,heap     ] GC(6)      Used:      432M (11%)         432M (11%)          42M (1%)           24M (1%)          432M (11%)          24M (1%)     
[15.832s][info][gc,heap     ] GC(6)      Live:         -                 4M (0%)            4M (0%)            4M (0%)             -                  -          
[15.832s][info][gc,heap     ] GC(6) Allocated:         -                 0M (0%)            0M (0%)            0M (0%)             -                  -          
[15.833s][info][gc,heap     ] GC(6)   Garbage:         -               427M (10%)          37M (1%)           19M (0%)             -                  -          
[15.833s][info][gc,heap     ] GC(6) Reclaimed:         -                  -               390M (10%)         408M (10%)            -                  -          
[15.833s][info][gc          ] GC(6) Garbage Collection (System.gc()) 432M(11%)->24M(1%)
[17.750s][info][gc,start    ] GC(7) Garbage Collection (Proactive)
[17.750s][info][gc,task     ] GC(7) Using 12 workers
[17.750s][info][gc,phases   ] GC(7) Pause Mark Start 0.018ms
[17.766s][info][gc,phases   ] GC(7) Concurrent Mark 15.172ms
[17.766s][info][gc,phases   ] GC(7) Pause Mark End 0.024ms
[17.766s][info][gc,phases   ] GC(7) Concurrent Mark Free 0.001ms
[17.767s][info][gc,phases   ] GC(7) Concurrent Process Non-Strong References 1.070ms
[17.767s][info][gc,phases   ] GC(7) Concurrent Reset Relocation Set 0.002ms
[17.774s][info][gc,phases   ] GC(7) Concurrent Select Relocation Set 7.100ms
[17.774s][info][gc,phases   ] GC(7) Pause Relocate Start 0.010ms
[17.778s][info][gc,phases   ] GC(7) Concurrent Relocate 3.574ms
[17.778s][info][gc,load     ] GC(7) Load: 0.00/0.00/0.00
[17.778s][info][gc,mmu      ] GC(7) MMU: 2ms/98.4%, 5ms/99.4%, 10ms/99.7%, 20ms/99.7%, 50ms/99.8%, 100ms/99.9%
[17.778s][info][gc,marking  ] GC(7) Mark: 8 stripe(s), 3 proactive flush(es), 1 terminate flush(es), 0 completion(s), 0 continuation(s) 
[17.778s][info][gc,marking  ] GC(7) Mark Stack Usage: 32M
[17.778s][info][gc,nmethod  ] GC(7) NMethods: 1859 registered, 335 unregistered
[17.778s][info][gc,metaspace] GC(7) Metaspace: 9M used, 9M committed, 1088M reserved
[17.778s][info][gc,ref      ] GC(7) Soft: 214 encountered, 0 discovered, 0 enqueued
[17.778s][info][gc,ref      ] GC(7) Weak: 793 encountered, 9 discovered, 0 enqueued
[17.778s][info][gc,ref      ] GC(7) Final: 0 encountered, 0 discovered, 0 enqueued
[17.778s][info][gc,ref      ] GC(7) Phantom: 27 encountered, 16 discovered, 0 enqueued
[17.778s][info][gc,reloc    ] GC(7) Small Pages: 322 / 644M, Empty: 404M, Relocated: 4M, In-Place: 0
[17.778s][info][gc,reloc    ] GC(7) Medium Pages: 0 / 0M, Empty: 0M, Relocated: 0M, In-Place: 0
[17.779s][info][gc,reloc    ] GC(7) Large Pages: 0 / 0M, Empty: 0M, Relocated: 0M, In-Place: 0
[17.779s][info][gc,reloc    ] GC(7) Forwarding Usage: 1M
[17.779s][info][gc,heap     ] GC(7) Min Capacity: 8M(0%)
[17.779s][info][gc,heap     ] GC(7) Max Capacity: 4096M(100%)
[17.779s][info][gc,heap     ] GC(7) Soft Max Capacity: 4096M(100%)
[17.779s][info][gc,heap     ] GC(7)                Mark Start          Mark End        Relocate Start      Relocate End           High               Low         
[17.779s][info][gc,heap     ] GC(7)  Capacity:     2048M (50%)        2048M (50%)        2048M (50%)        2048M (50%)        2048M (50%)        2048M (50%)    
[17.779s][info][gc,heap     ] GC(7)      Free:     3452M (84%)        3428M (84%)        3830M (94%)        4042M (99%)        4042M (99%)        3428M (84%)    
[17.779s][info][gc,heap     ] GC(7)      Used:      644M (16%)         668M (16%)         266M (6%)           54M (1%)          668M (16%)          54M (1%)     
[17.779s][info][gc,heap     ] GC(7)      Live:         -                 6M (0%)            6M (0%)            6M (0%)             -                  -          
[17.779s][info][gc,heap     ] GC(7) Allocated:         -                24M (1%)           26M (1%)           27M (1%)             -                  -          
[17.779s][info][gc,heap     ] GC(7)   Garbage:         -               637M (16%)         233M (6%)           19M (0%)             -                  -          
[17.779s][info][gc,heap     ] GC(7) Reclaimed:         -                  -               404M (10%)         617M (15%)            -                  -          
[17.779s][info][gc          ] GC(7) Garbage Collection (Proactive) 644M(16%)->54M(1%)
[19.662s][info][gc,start    ] GC(8) Garbage Collection (Proactive)
[19.662s][info][gc,task     ] GC(8) Using 12 workers
[19.662s][info][gc,phases   ] GC(8) Pause Mark Start 0.018ms
[19.677s][info][gc,phases   ] GC(8) Concurrent Mark 15.138ms
[19.678s][info][gc,phases   ] GC(8) Pause Mark End 0.025ms
[19.678s][info][gc,phases   ] GC(8) Concurrent Mark Free 0.002ms
[19.679s][info][gc,phases   ] GC(8) Concurrent Process Non-Strong References 1.001ms
[19.679s][info][gc,phases   ] GC(8) Concurrent Reset Relocation Set 0.018ms
[19.683s][info][gc,phases   ] GC(8) Concurrent Select Relocation Set 3.797ms
[19.683s][info][gc,phases   ] GC(8) Pause Relocate Start 0.009ms
[19.686s][info][gc,phases   ] GC(8) Concurrent Relocate 3.085ms
[19.686s][info][gc,load     ] GC(8) Load: 0.00/0.00/0.00
[19.686s][info][gc,mmu      ] GC(8) MMU: 2ms/98.4%, 5ms/99.4%, 10ms/99.7%, 20ms/99.7%, 50ms/99.8%, 100ms/99.9%
[19.686s][info][gc,marking  ] GC(8) Mark: 8 stripe(s), 2 proactive flush(es), 1 terminate flush(es), 0 completion(s), 0 continuation(s) 
[19.686s][info][gc,marking  ] GC(8) Mark Stack Usage: 32M
[19.686s][info][gc,nmethod  ] GC(8) NMethods: 1859 registered, 336 unregistered
[19.686s][info][gc,metaspace] GC(8) Metaspace: 9M used, 9M committed, 1088M reserved
[19.686s][info][gc,ref      ] GC(8) Soft: 214 encountered, 0 discovered, 0 enqueued
[19.686s][info][gc,ref      ] GC(8) Weak: 793 encountered, 14 discovered, 0 enqueued
[19.686s][info][gc,ref      ] GC(8) Final: 0 encountered, 0 discovered, 0 enqueued
[19.686s][info][gc,ref      ] GC(8) Phantom: 27 encountered, 17 discovered, 0 enqueued
[19.686s][info][gc,reloc    ] GC(8) Small Pages: 328 / 656M, Empty: 510M, Relocated: 4M, In-Place: 0
[19.686s][info][gc,reloc    ] GC(8) Medium Pages: 0 / 0M, Empty: 0M, Relocated: 0M, In-Place: 0
[19.686s][info][gc,reloc    ] GC(8) Large Pages: 0 / 0M, Empty: 0M, Relocated: 0M, In-Place: 0
[19.686s][info][gc,reloc    ] GC(8) Forwarding Usage: 1M
[19.686s][info][gc,heap     ] GC(8) Min Capacity: 8M(0%)
[19.686s][info][gc,heap     ] GC(8) Max Capacity: 4096M(100%)
[19.686s][info][gc,heap     ] GC(8) Soft Max Capacity: 4096M(100%)
[19.687s][info][gc,heap     ] GC(8)                Mark Start          Mark End        Relocate Start      Relocate End           High               Low         
[19.687s][info][gc,heap     ] GC(8)  Capacity:     2048M (50%)        2048M (50%)        2048M (50%)        2048M (50%)        2048M (50%)        2048M (50%)    
[19.687s][info][gc,heap     ] GC(8)      Free:     3440M (84%)        3420M (83%)        3928M (96%)        4048M (99%)        4048M (99%)        3420M (83%)    
[19.687s][info][gc,heap     ] GC(8)      Used:      656M (16%)         676M (17%)         168M (4%)           48M (1%)          676M (17%)          48M (1%)     
[19.687s][info][gc,heap     ] GC(8)      Live:         -                 6M (0%)            6M (0%)            6M (0%)             -                  -          
[19.687s][info][gc,heap     ] GC(8) Allocated:         -                20M (0%)           22M (1%)           21M (1%)             -                  -          
[19.687s][info][gc,heap     ] GC(8)   Garbage:         -               649M (16%)         139M (3%)           19M (0%)             -                  -          
[19.687s][info][gc,heap     ] GC(8) Reclaimed:         -                  -               510M (12%)         629M (15%)            -                  -          
[19.687s][info][gc          ] GC(8) Garbage Collection (Proactive) 656M(16%)->48M(1%)
[20.153s][info][gc,stats    ] === Garbage Collection Statistics =======================================================================================================================
[20.153s][info][gc,stats    ]                                                              Last 10s              Last 10m              Last 10h                Total
[20.153s][info][gc,stats    ]                                                              Avg / Max             Avg / Max             Avg / Max             Avg / Max
[20.153s][info][gc,stats    ]   Collector: Garbage Collection Cycle                     27.249 / 28.345       28.234 / 39.618       28.234 / 39.618       28.234 / 39.618      ms
[20.153s][info][gc,stats    ]  Contention: Mark Segment Reset Contention                     3 / 12                2 / 12                2 / 12                2 / 12          ops/s
[20.153s][info][gc,stats    ]  Contention: Mark SeqNum Reset Contention                      0 / 1                 0 / 1                 0 / 1                 0 / 1           ops/s
[20.153s][info][gc,stats    ]    Critical: Allocation Stall                                  0 / 0                 0 / 0                 0 / 0                 0 / 0           ops/s
[20.153s][info][gc,stats    ]    Critical: Allocation Stall                              0.000 / 0.000         0.000 / 0.000         0.000 / 0.000         0.000 / 0.000       ms
[20.153s][info][gc,stats    ]    Critical: GC Locker Stall                                   0 / 0                 0 / 0                 0 / 0                 0 / 0           ops/s
[20.154s][info][gc,stats    ]    Critical: GC Locker Stall                               0.000 / 0.000         0.000 / 0.000         0.000 / 0.000         0.000 / 0.000       ms
[20.154s][info][gc,stats    ]    Critical: Relocation Stall                                  0 / 0                 0 / 0                 0 / 0                 0 / 0           ops/s
[20.154s][info][gc,stats    ]    Critical: Relocation Stall                              0.000 / 0.000         0.000 / 0.000         0.000 / 0.000         0.000 / 0.000       ms
[20.154s][info][gc,stats    ]      Memory: Allocation Rate                                 320 / 336             296 / 336             296 / 336             296 / 336         MB/s
[20.154s][info][gc,stats    ]      Memory: Defragment                                        0 / 0                 0 / 0                 0 / 0                 0 / 0           ops/s
[20.154s][info][gc,stats    ]      Memory: Out Of Memory                                     0 / 0                 0 / 0                 0 / 0                 0 / 0           ops/s
[20.154s][info][gc,stats    ]      Memory: Page Cache Flush                                  0 / 0                 0 / 0                 0 / 0                 0 / 0           MB/s
[20.154s][info][gc,stats    ]      Memory: Page Cache Hit L1                               155 / 180             121 / 180             121 / 180             121 / 180         ops/s
[20.154s][info][gc,stats    ]      Memory: Page Cache Hit L2                                 0 / 0                 0 / 0                 0 / 0                 0 / 0           ops/s
[20.154s][info][gc,stats    ]      Memory: Page Cache Hit L3                                11 / 83               31 / 137              31 / 137              31 / 137         ops/s
[20.154s][info][gc,stats    ]      Memory: Page Cache Miss                                   0 / 0                 0 / 1                 0 / 1                 0 / 1           ops/s
[20.154s][info][gc,stats    ]      Memory: Uncommit                                          0 / 0                 0 / 0                 0 / 0                 0 / 0           MB/s
[20.154s][info][gc,stats    ]      Memory: Undo Object Allocation Failed                     0 / 0                 0 / 0                 0 / 0                 0 / 0           ops/s
[20.154s][info][gc,stats    ]      Memory: Undo Object Allocation Succeeded                  0 / 2                 0 / 2                 0 / 2                 0 / 2           ops/s
[20.154s][info][gc,stats    ]      Memory: Undo Page Allocation                              0 / 0                 0 / 0                 0 / 0                 0 / 0           ops/s
[20.154s][info][gc,stats    ]       Phase: Concurrent Mark                              15.947 / 19.098       15.387 / 19.098       15.387 / 19.098       15.387 / 19.098      ms
[20.154s][info][gc,stats    ]       Phase: Concurrent Mark Continue                      0.000 / 0.000         0.000 / 0.000         0.000 / 0.000         0.000 / 0.000       ms
[20.154s][info][gc,stats    ]       Phase: Concurrent Mark Free                          0.002 / 0.002         0.001 / 0.002         0.001 / 0.002         0.001 / 0.002       ms
[20.154s][info][gc,stats    ]       Phase: Concurrent Process Non-Strong References      1.040 / 1.147         1.534 / 5.230         1.534 / 5.230         1.534 / 5.230       ms
[20.154s][info][gc,stats    ]       Phase: Concurrent Relocate                           3.359 / 3.574         3.398 / 3.665         3.398 / 3.665         3.398 / 3.665       ms
[20.154s][info][gc,stats    ]       Phase: Concurrent Reset Relocation Set               0.011 / 0.018         0.010 / 0.019         0.010 / 0.019         0.010 / 0.019       ms
[20.154s][info][gc,stats    ]       Phase: Concurrent Select Relocation Set              5.669 / 7.100         6.655 / 15.356        6.655 / 15.356        6.655 / 15.356      ms
[20.154s][info][gc,stats    ]       Phase: Pause Mark End                                0.024 / 0.025         0.025 / 0.032         0.025 / 0.032         0.025 / 0.032       ms
[20.154s][info][gc,stats    ]       Phase: Pause Mark Start                              0.018 / 0.020         0.018 / 0.020         0.018 / 0.020         0.018 / 0.020       ms
[20.154s][info][gc,stats    ]       Phase: Pause Relocate Start                          0.009 / 0.011         0.011 / 0.028         0.011 / 0.028         0.011 / 0.028       ms
[20.154s][info][gc,stats    ]    Subphase: Concurrent Classes Purge                      0.056 / 0.117         0.217 / 0.876         0.217 / 0.876         0.217 / 0.876       ms
[20.154s][info][gc,stats    ]    Subphase: Concurrent Classes Unlink                     0.671 / 0.719         1.018 / 4.065         1.018 / 4.065         1.018 / 4.065       ms
[20.154s][info][gc,stats    ]    Subphase: Concurrent Mark                              14.328 / 17.788       13.749 / 17.788       13.749 / 17.788       13.749 / 17.788      ms
[20.154s][info][gc,stats    ]    Subphase: Concurrent Mark Try Flush                     0.071 / 0.145         0.069 / 0.145         0.069 / 0.145         0.069 / 0.145       ms
[20.155s][info][gc,stats    ]    Subphase: Concurrent Mark Try Terminate                 8.414 / 15.957        8.068 / 15.957        8.068 / 15.957        8.068 / 15.957      ms
[20.155s][info][gc,stats    ]    Subphase: Concurrent References Enqueue                 0.000 / 0.001         0.002 / 0.004         0.002 / 0.004         0.002 / 0.004       ms
[20.155s][info][gc,stats    ]    Subphase: Concurrent References Process                 0.044 / 0.067         0.049 / 0.087         0.049 / 0.087         0.049 / 0.087       ms
[20.155s][info][gc,stats    ]    Subphase: Concurrent Roots ClassLoaderDataGraph         0.107 / 0.724         0.096 / 0.724         0.096 / 0.724         0.096 / 0.724       ms
[20.155s][info][gc,stats    ]    Subphase: Concurrent Roots CodeCache                    0.000 / 0.000         0.000 / 0.000         0.000 / 0.000         0.000 / 0.000       ms
[20.155s][info][gc,stats    ]    Subphase: Concurrent Roots JavaThreads                  0.528 / 1.189         0.531 / 1.189         0.531 / 1.189         0.531 / 1.189       ms
[20.155s][info][gc,stats    ]    Subphase: Concurrent Roots OopStorageSet                0.030 / 0.106         0.030 / 0.190         0.030 / 0.190         0.030 / 0.190       ms
[20.155s][info][gc,stats    ]    Subphase: Concurrent Weak Roots OopStorageSet           0.148 / 0.179         0.133 / 0.179         0.133 / 0.179         0.133 / 0.179       ms
[20.155s][info][gc,stats    ]    Subphase: Pause Mark Try Complete                       0.000 / 0.000         0.000 / 0.000         0.000 / 0.000         0.000 / 0.000       ms
[20.155s][info][gc,stats    ]      System: Java Threads                                     31 / 32               29 / 33               29 / 33               29 / 33          threads
[20.155s][info][gc,stats    ] =========================================================================================================================================================
[21.355s][info][gc,start    ] GC(9) Garbage Collection (Proactive)
[21.355s][info][gc,task     ] GC(9) Using 12 workers
[21.355s][info][gc,phases   ] GC(9) Pause Mark Start 0.020ms
[21.370s][info][gc,phases   ] GC(9) Concurrent Mark 15.166ms
[21.371s][info][gc,phases   ] GC(9) Pause Mark End 0.024ms
[21.371s][info][gc,phases   ] GC(9) Concurrent Mark Free 0.001ms
[21.372s][info][gc,phases   ] GC(9) Concurrent Process Non-Strong References 0.940ms
[21.372s][info][gc,phases   ] GC(9) Concurrent Reset Relocation Set 0.013ms
[21.378s][info][gc,phases   ] GC(9) Concurrent Select Relocation Set 6.698ms
[21.379s][info][gc,phases   ] GC(9) Pause Relocate Start 0.008ms
[21.382s][info][gc,phases   ] GC(9) Concurrent Relocate 3.145ms
[21.382s][info][gc,load     ] GC(9) Load: 0.00/0.00/0.00
[21.382s][info][gc,mmu      ] GC(9) MMU: 2ms/98.4%, 5ms/99.4%, 10ms/99.7%, 20ms/99.7%, 50ms/99.8%, 100ms/99.9%
[21.382s][info][gc,marking  ] GC(9) Mark: 8 stripe(s), 4 proactive flush(es), 1 terminate flush(es), 0 completion(s), 0 continuation(s) 
[21.382s][info][gc,marking  ] GC(9) Mark Stack Usage: 32M
[21.382s][info][gc,nmethod  ] GC(9) NMethods: 1860 registered, 336 unregistered
[21.382s][info][gc,metaspace] GC(9) Metaspace: 9M used, 9M committed, 1088M reserved
[21.382s][info][gc,ref      ] GC(9) Soft: 214 encountered, 0 discovered, 0 enqueued
[21.382s][info][gc,ref      ] GC(9) Weak: 793 encountered, 34 discovered, 0 enqueued
[21.382s][info][gc,ref      ] GC(9) Final: 0 encountered, 0 discovered, 0 enqueued
[21.382s][info][gc,ref      ] GC(9) Phantom: 27 encountered, 16 discovered, 0 enqueued
[21.382s][info][gc,reloc    ] GC(9) Small Pages: 285 / 570M, Empty: 448M, Relocated: 5M, In-Place: 0
[21.382s][info][gc,reloc    ] GC(9) Medium Pages: 0 / 0M, Empty: 0M, Relocated: 0M, In-Place: 0
[21.382s][info][gc,reloc    ] GC(9) Large Pages: 0 / 0M, Empty: 0M, Relocated: 0M, In-Place: 0
[21.382s][info][gc,reloc    ] GC(9) Forwarding Usage: 1M
[21.382s][info][gc,heap     ] GC(9) Min Capacity: 8M(0%)
[21.382s][info][gc,heap     ] GC(9) Max Capacity: 4096M(100%)
[21.382s][info][gc,heap     ] GC(9) Soft Max Capacity: 4096M(100%)
[21.382s][info][gc,heap     ] GC(9)                Mark Start          Mark End        Relocate Start      Relocate End           High               Low         
[21.382s][info][gc,heap     ] GC(9)  Capacity:     2048M (50%)        2048M (50%)        2048M (50%)        2048M (50%)        2048M (50%)        2048M (50%)    
[21.382s][info][gc,heap     ] GC(9)      Free:     3526M (86%)        3506M (86%)        3952M (96%)        4048M (99%)        4048M (99%)        3504M (86%)    
[21.383s][info][gc,heap     ] GC(9)      Used:      570M (14%)         590M (14%)         144M (4%)           48M (1%)          592M (14%)          48M (1%)     
[21.383s][info][gc,heap     ] GC(9)      Live:         -                 6M (0%)            6M (0%)            6M (0%)             -                  -          
[21.383s][info][gc,heap     ] GC(9) Allocated:         -                20M (0%)           22M (1%)           21M (1%)             -                  -          
[21.383s][info][gc,heap     ] GC(9)   Garbage:         -               563M (14%)         115M (3%)           19M (0%)             -                  -          
[21.383s][info][gc,heap     ] GC(9) Reclaimed:         -                  -               448M (11%)         543M (13%)            -                  -          
[21.383s][info][gc          ] GC(9) Garbage Collection (Proactive) 570M(14%)->48M(1%)
[22.781s][info][gc,start    ] GC(10) Garbage Collection (System.gc())
[22.781s][info][gc,task     ] GC(10) Using 12 workers
[22.781s][info][gc,phases   ] GC(10) Pause Mark Start 0.018ms
[22.791s][info][gc,phases   ] GC(10) Concurrent Mark 9.066ms
[22.791s][info][gc,phases   ] GC(10) Pause Mark End 0.022ms
[22.791s][info][gc,phases   ] GC(10) Concurrent Mark Free 0.001ms
[22.792s][info][gc,phases   ] GC(10) Concurrent Process Non-Strong References 0.899ms
[22.792s][info][gc,phases   ] GC(10) Concurrent Reset Relocation Set 0.011ms
[22.796s][info][gc,phases   ] GC(10) Concurrent Select Relocation Set 3.810ms
[22.796s][info][gc,phases   ] GC(10) Pause Relocate Start 0.007ms
[22.801s][info][gc,phases   ] GC(10) Concurrent Relocate 5.038ms
[22.801s][info][gc,load     ] GC(10) Load: 0.00/0.00/0.00
[22.801s][info][gc,mmu      ] GC(10) MMU: 2ms/98.4%, 5ms/99.4%, 10ms/99.6%, 20ms/99.7%, 50ms/99.8%, 100ms/99.9%
[22.801s][info][gc,marking  ] GC(10) Mark: 8 stripe(s), 3 proactive flush(es), 1 terminate flush(es), 0 completion(s), 0 continuation(s) 
[22.801s][info][gc,marking  ] GC(10) Mark Stack Usage: 32M
[22.801s][info][gc,nmethod  ] GC(10) NMethods: 1861 registered, 336 unregistered
[22.801s][info][gc,metaspace] GC(10) Metaspace: 9M used, 9M committed, 1088M reserved
[22.801s][info][gc,ref      ] GC(10) Soft: 214 encountered, 0 discovered, 0 enqueued
[22.801s][info][gc,ref      ] GC(10) Weak: 793 encountered, 11 discovered, 0 enqueued
[22.801s][info][gc,ref      ] GC(10) Final: 0 encountered, 0 discovered, 0 enqueued
[22.801s][info][gc,ref      ] GC(10) Phantom: 27 encountered, 19 discovered, 0 enqueued
[22.801s][info][gc,reloc    ] GC(10) Small Pages: 243 / 486M, Empty: 464M, Relocated: 4M, In-Place: 0
[22.801s][info][gc,reloc    ] GC(10) Medium Pages: 0 / 0M, Empty: 0M, Relocated: 0M, In-Place: 0
[22.801s][info][gc,reloc    ] GC(10) Large Pages: 0 / 0M, Empty: 0M, Relocated: 0M, In-Place: 0
[22.801s][info][gc,reloc    ] GC(10) Forwarding Usage: 1M
[22.801s][info][gc,heap     ] GC(10) Min Capacity: 8M(0%)
[22.801s][info][gc,heap     ] GC(10) Max Capacity: 4096M(100%)
[22.802s][info][gc,heap     ] GC(10) Soft Max Capacity: 4096M(100%)
[22.802s][info][gc,heap     ] GC(10)                Mark Start          Mark End        Relocate Start      Relocate End           High               Low         
[22.802s][info][gc,heap     ] GC(10)  Capacity:     2048M (50%)        2048M (50%)        2048M (50%)        2048M (50%)        2048M (50%)        2048M (50%)    
[22.802s][info][gc,heap     ] GC(10)      Free:     3610M (88%)        3610M (88%)        4074M (99%)        4074M (99%)        4074M (99%)        3610M (88%)    
[22.802s][info][gc,heap     ] GC(10)      Used:      486M (12%)         486M (12%)          22M (1%)           22M (1%)          486M (12%)          22M (1%)     
[22.802s][info][gc,heap     ] GC(10)      Live:         -                 4M (0%)            4M (0%)            4M (0%)             -                  -          
[22.802s][info][gc,heap     ] GC(10) Allocated:         -                 0M (0%)            0M (0%)            0M (0%)             -                  -          
[22.802s][info][gc,heap     ] GC(10)   Garbage:         -               481M (12%)          17M (0%)           17M (0%)             -                  -          
[22.802s][info][gc,heap     ] GC(10) Reclaimed:         -                  -               464M (11%)         464M (11%)            -                  -          
[22.802s][info][gc          ] GC(10) Garbage Collection (System.gc()) 486M(12%)->22M(1%)
[24.453s][info][gc,start    ] GC(11) Garbage Collection (Proactive)
[24.454s][info][gc,task     ] GC(11) Using 12 workers
[24.454s][info][gc,phases   ] GC(11) Pause Mark Start 0.018ms
[24.469s][info][gc,phases   ] GC(11) Concurrent Mark 15.179ms
[24.469s][info][gc,phases   ] GC(11) Pause Mark End 0.026ms
[24.469s][info][gc,phases   ] GC(11) Concurrent Mark Free 0.002ms
[24.471s][info][gc,phases   ] GC(11) Concurrent Process Non-Strong References 1.059ms
[24.471s][info][gc,phases   ] GC(11) Concurrent Reset Relocation Set 0.002ms
[24.477s][info][gc,phases   ] GC(11) Concurrent Select Relocation Set 6.805ms
[24.478s][info][gc,phases   ] GC(11) Pause Relocate Start 0.011ms
[24.481s][info][gc,phases   ] GC(11) Concurrent Relocate 3.178ms
[24.481s][info][gc,load     ] GC(11) Load: 0.00/0.00/0.00
[24.481s][info][gc,mmu      ] GC(11) MMU: 2ms/98.4%, 5ms/99.4%, 10ms/99.6%, 20ms/99.7%, 50ms/99.8%, 100ms/99.9%
[24.481s][info][gc,marking  ] GC(11) Mark: 8 stripe(s), 2 proactive flush(es), 1 terminate flush(es), 0 completion(s), 0 continuation(s) 
[24.481s][info][gc,marking  ] GC(11) Mark Stack Usage: 32M
[24.481s][info][gc,nmethod  ] GC(11) NMethods: 1878 registered, 342 unregistered
[24.481s][info][gc,metaspace] GC(11) Metaspace: 9M used, 9M committed, 1088M reserved
[24.481s][info][gc,ref      ] GC(11) Soft: 214 encountered, 0 discovered, 0 enqueued
[24.481s][info][gc,ref      ] GC(11) Weak: 795 encountered, 28 discovered, 0 enqueued
[24.481s][info][gc,ref      ] GC(11) Final: 0 encountered, 0 discovered, 0 enqueued
[24.481s][info][gc,ref      ] GC(11) Phantom: 27 encountered, 16 discovered, 0 enqueued
[24.481s][info][gc,reloc    ] GC(11) Small Pages: 277 / 554M, Empty: 358M, Relocated: 5M, In-Place: 0
[24.481s][info][gc,reloc    ] GC(11) Medium Pages: 0 / 0M, Empty: 0M, Relocated: 0M, In-Place: 0
[24.481s][info][gc,reloc    ] GC(11) Large Pages: 0 / 0M, Empty: 0M, Relocated: 0M, In-Place: 0
[24.481s][info][gc,reloc    ] GC(11) Forwarding Usage: 1M
[24.481s][info][gc,heap     ] GC(11) Min Capacity: 8M(0%)
[24.481s][info][gc,heap     ] GC(11) Max Capacity: 4096M(100%)
[24.481s][info][gc,heap     ] GC(11) Soft Max Capacity: 4096M(100%)
[24.481s][info][gc,heap     ] GC(11)                Mark Start          Mark End        Relocate Start      Relocate End           High               Low         
[24.481s][info][gc,heap     ] GC(11)  Capacity:     2048M (50%)        2048M (50%)        2048M (50%)        2048M (50%)        2048M (50%)        2048M (50%)    
[24.482s][info][gc,heap     ] GC(11)      Free:     3542M (86%)        3524M (86%)        3882M (95%)        4052M (99%)        4052M (99%)        3524M (86%)    
[24.482s][info][gc,heap     ] GC(11)      Used:      554M (14%)         572M (14%)         214M (5%)           44M (1%)          572M (14%)          44M (1%)     
[24.482s][info][gc,heap     ] GC(11)      Live:         -                 6M (0%)            6M (0%)            6M (0%)             -                  -          
[24.482s][info][gc,heap     ] GC(11) Allocated:         -                18M (0%)           18M (0%)           17M (0%)             -                  -          
[24.482s][info][gc,heap     ] GC(11)   Garbage:         -               547M (13%)         189M (5%)           19M (0%)             -                  -          
[24.482s][info][gc,heap     ] GC(11) Reclaimed:         -                  -               358M (9%)          527M (13%)            -                  -          
[24.482s][info][gc          ] GC(11) Garbage Collection (Proactive) 554M(14%)->44M(1%)
[26.250s][info][gc,start    ] GC(12) Garbage Collection (Proactive)
[26.250s][info][gc,task     ] GC(12) Using 12 workers
[26.250s][info][gc,phases   ] GC(12) Pause Mark Start 0.019ms
[26.266s][info][gc,phases   ] GC(12) Concurrent Mark 15.177ms
[26.266s][info][gc,phases   ] GC(12) Pause Mark End 0.025ms
[26.266s][info][gc,phases   ] GC(12) Concurrent Mark Free 0.001ms
[26.267s][info][gc,phases   ] GC(12) Concurrent Process Non-Strong References 1.047ms
[26.267s][info][gc,phases   ] GC(12) Concurrent Reset Relocation Set 0.016ms
[26.271s][info][gc,phases   ] GC(12) Concurrent Select Relocation Set 3.995ms
[26.271s][info][gc,phases   ] GC(12) Pause Relocate Start 0.010ms
[26.275s][info][gc,phases   ] GC(12) Concurrent Relocate 3.913ms
[26.275s][info][gc,load     ] GC(12) Load: 0.00/0.00/0.00
[26.275s][info][gc,mmu      ] GC(12) MMU: 2ms/98.4%, 5ms/99.4%, 10ms/99.6%, 20ms/99.7%, 50ms/99.8%, 100ms/99.9%
[26.275s][info][gc,marking  ] GC(12) Mark: 8 stripe(s), 2 proactive flush(es), 1 terminate flush(es), 0 completion(s), 0 continuation(s) 
[26.275s][info][gc,marking  ] GC(12) Mark Stack Usage: 32M
[26.275s][info][gc,nmethod  ] GC(12) NMethods: 1881 registered, 345 unregistered
[26.275s][info][gc,metaspace] GC(12) Metaspace: 9M used, 9M committed, 1088M reserved
[26.275s][info][gc,ref      ] GC(12) Soft: 214 encountered, 0 discovered, 0 enqueued
[26.276s][info][gc,ref      ] GC(12) Weak: 795 encountered, 15 discovered, 0 enqueued
[26.276s][info][gc,ref      ] GC(12) Final: 0 encountered, 0 discovered, 0 enqueued
[26.276s][info][gc,ref      ] GC(12) Phantom: 27 encountered, 16 discovered, 0 enqueued
[26.276s][info][gc,reloc    ] GC(12) Small Pages: 303 / 606M, Empty: 402M, Relocated: 5M, In-Place: 0
[26.276s][info][gc,reloc    ] GC(12) Medium Pages: 0 / 0M, Empty: 0M, Relocated: 0M, In-Place: 0
[26.276s][info][gc,reloc    ] GC(12) Large Pages: 0 / 0M, Empty: 0M, Relocated: 0M, In-Place: 0
[26.276s][info][gc,reloc    ] GC(12) Forwarding Usage: 1M
[26.276s][info][gc,heap     ] GC(12) Min Capacity: 8M(0%)
[26.276s][info][gc,heap     ] GC(12) Max Capacity: 4096M(100%)
[26.276s][info][gc,heap     ] GC(12) Soft Max Capacity: 4096M(100%)
[26.276s][info][gc,heap     ] GC(12)                Mark Start          Mark End        Relocate Start      Relocate End           High               Low         
[26.276s][info][gc,heap     ] GC(12)  Capacity:     2048M (50%)        2048M (50%)        2048M (50%)        2048M (50%)        2048M (50%)        2048M (50%)    
[26.276s][info][gc,heap     ] GC(12)      Free:     3490M (85%)        3474M (85%)        3876M (95%)        4052M (99%)        4052M (99%)        3474M (85%)    
[26.276s][info][gc,heap     ] GC(12)      Used:      606M (15%)         622M (15%)         220M (5%)           44M (1%)          622M (15%)          44M (1%)     
[26.276s][info][gc,heap     ] GC(12)      Live:         -                 6M (0%)            6M (0%)            6M (0%)             -                  -          
[26.276s][info][gc,heap     ] GC(12) Allocated:         -                16M (0%)           16M (0%)           17M (0%)             -                  -          
[26.276s][info][gc,heap     ] GC(12)   Garbage:         -               599M (15%)         197M (5%)           19M (0%)             -                  -          
[26.276s][info][gc,heap     ] GC(12) Reclaimed:         -                  -               402M (10%)         579M (14%)            -                  -          
[26.276s][info][gc          ] GC(12) Garbage Collection (Proactive) 606M(15%)->44M(1%)
[27.953s][info][gc,start    ] GC(13) Garbage Collection (Proactive)
[27.953s][info][gc,task     ] GC(13) Using 12 workers
[27.953s][info][gc,phases   ] GC(13) Pause Mark Start 0.017ms
[27.968s][info][gc,phases   ] GC(13) Concurrent Mark 15.172ms
[27.968s][info][gc,phases   ] GC(13) Pause Mark End 0.028ms
[27.969s][info][gc,phases   ] GC(13) Concurrent Mark Free 0.001ms
[27.970s][info][gc,phases   ] GC(13) Concurrent Process Non-Strong References 1.080ms
[27.970s][info][gc,phases   ] GC(13) Concurrent Reset Relocation Set 0.015ms
[27.977s][info][gc,phases   ] GC(13) Concurrent Select Relocation Set 6.778ms
[27.977s][info][gc,phases   ] GC(13) Pause Relocate Start 0.010ms
[27.980s][info][gc,phases   ] GC(13) Concurrent Relocate 3.260ms
[27.980s][info][gc,load     ] GC(13) Load: 0.00/0.00/0.00
[27.980s][info][gc,mmu      ] GC(13) MMU: 2ms/98.4%, 5ms/99.4%, 10ms/99.6%, 20ms/99.7%, 50ms/99.8%, 100ms/99.9%
[27.980s][info][gc,marking  ] GC(13) Mark: 8 stripe(s), 5 proactive flush(es), 1 terminate flush(es), 0 completion(s), 0 continuation(s) 
[27.980s][info][gc,marking  ] GC(13) Mark Stack Usage: 32M
[27.980s][info][gc,nmethod  ] GC(13) NMethods: 1882 registered, 346 unregistered
[27.980s][info][gc,metaspace] GC(13) Metaspace: 9M used, 9M committed, 1088M reserved
[27.981s][info][gc,ref      ] GC(13) Soft: 214 encountered, 0 discovered, 0 enqueued
[27.981s][info][gc,ref      ] GC(13) Weak: 795 encountered, 4 discovered, 0 enqueued
[27.981s][info][gc,ref      ] GC(13) Final: 0 encountered, 0 discovered, 0 enqueued
[27.981s][info][gc,ref      ] GC(13) Phantom: 27 encountered, 17 discovered, 0 enqueued
[27.981s][info][gc,reloc    ] GC(13) Small Pages: 295 / 590M, Empty: 470M, Relocated: 5M, In-Place: 0
[27.981s][info][gc,reloc    ] GC(13) Medium Pages: 0 / 0M, Empty: 0M, Relocated: 0M, In-Place: 0
[27.981s][info][gc,reloc    ] GC(13) Large Pages: 0 / 0M, Empty: 0M, Relocated: 0M, In-Place: 0
[27.981s][info][gc,reloc    ] GC(13) Forwarding Usage: 1M
[27.981s][info][gc,heap     ] GC(13) Min Capacity: 8M(0%)
[27.981s][info][gc,heap     ] GC(13) Max Capacity: 4096M(100%)
[27.981s][info][gc,heap     ] GC(13) Soft Max Capacity: 4096M(100%)
[27.981s][info][gc,heap     ] GC(13)                Mark Start          Mark End        Relocate Start      Relocate End           High               Low         
[27.981s][info][gc,heap     ] GC(13)  Capacity:     2048M (50%)        2048M (50%)        2048M (50%)        2048M (50%)        2048M (50%)        2048M (50%)    
[27.981s][info][gc,heap     ] GC(13)      Free:     3506M (86%)        3488M (85%)        3952M (96%)        4046M (99%)        4046M (99%)        3488M (85%)    
[27.981s][info][gc,heap     ] GC(13)      Used:      590M (14%)         608M (15%)         144M (4%)           50M (1%)          608M (15%)          50M (1%)     
[27.981s][info][gc,heap     ] GC(13)      Live:         -                 6M (0%)            6M (0%)            6M (0%)             -                  -          
[27.981s][info][gc,heap     ] GC(13) Allocated:         -                18M (0%)           24M (1%)           23M (1%)             -                  -          
[27.981s][info][gc,heap     ] GC(13)   Garbage:         -               583M (14%)         113M (3%)           19M (0%)             -                  -          
[27.981s][info][gc,heap     ] GC(13) Reclaimed:         -                  -               470M (11%)         563M (14%)            -                  -          
[27.981s][info][gc          ] GC(13) Garbage Collection (Proactive) 590M(14%)->50M(1%)
[29.655s][info][gc,start    ] GC(14) Garbage Collection (Proactive)
[29.655s][info][gc,task     ] GC(14) Using 12 workers
[29.656s][info][gc,phases   ] GC(14) Pause Mark Start 0.019ms
[29.671s][info][gc,phases   ] GC(14) Concurrent Mark 15.176ms
[29.671s][info][gc,phases   ] GC(14) Pause Mark End 0.024ms
[29.671s][info][gc,phases   ] GC(14) Concurrent Mark Free 0.001ms
[29.672s][info][gc,phases   ] GC(14) Concurrent Process Non-Strong References 0.929ms
[29.672s][info][gc,phases   ] GC(14) Concurrent Reset Relocation Set 0.009ms
[29.676s][info][gc,phases   ] GC(14) Concurrent Select Relocation Set 3.867ms
[29.676s][info][gc,phases   ] GC(14) Pause Relocate Start 0.008ms
[29.680s][info][gc,phases   ] GC(14) Concurrent Relocate 3.714ms
[29.680s][info][gc,load     ] GC(14) Load: 0.00/0.00/0.00
[29.680s][info][gc,mmu      ] GC(14) MMU: 2ms/98.4%, 5ms/99.4%, 10ms/99.6%, 20ms/99.7%, 50ms/99.8%, 100ms/99.9%
[29.680s][info][gc,marking  ] GC(14) Mark: 8 stripe(s), 2 proactive flush(es), 2 terminate flush(es), 0 completion(s), 0 continuation(s) 
[29.680s][info][gc,marking  ] GC(14) Mark Stack Usage: 32M
[29.680s][info][gc,nmethod  ] GC(14) NMethods: 1882 registered, 346 unregistered
[29.680s][info][gc,metaspace] GC(14) Metaspace: 9M used, 9M committed, 1088M reserved
[29.681s][info][gc,ref      ] GC(14) Soft: 214 encountered, 0 discovered, 0 enqueued
[29.681s][info][gc,ref      ] GC(14) Weak: 795 encountered, 10 discovered, 0 enqueued
[29.681s][info][gc,ref      ] GC(14) Final: 0 encountered, 0 discovered, 0 enqueued
[29.681s][info][gc,ref      ] GC(14) Phantom: 27 encountered, 22 discovered, 0 enqueued
[29.681s][info][gc,reloc    ] GC(14) Small Pages: 291 / 582M, Empty: 496M, Relocated: 5M, In-Place: 0
[29.681s][info][gc,reloc    ] GC(14) Medium Pages: 0 / 0M, Empty: 0M, Relocated: 0M, In-Place: 0
[29.681s][info][gc,reloc    ] GC(14) Large Pages: 0 / 0M, Empty: 0M, Relocated: 0M, In-Place: 0
[29.681s][info][gc,reloc    ] GC(14) Forwarding Usage: 1M
[29.681s][info][gc,heap     ] GC(14) Min Capacity: 8M(0%)
[29.681s][info][gc,heap     ] GC(14) Max Capacity: 4096M(100%)
[29.681s][info][gc,heap     ] GC(14) Soft Max Capacity: 4096M(100%)
[29.681s][info][gc,heap     ] GC(14)                Mark Start          Mark End        Relocate Start      Relocate End           High               Low         
[29.681s][info][gc,heap     ] GC(14)  Capacity:     2048M (50%)        2048M (50%)        2048M (50%)        2048M (50%)        2048M (50%)        2048M (50%)    
[29.681s][info][gc,heap     ] GC(14)      Free:     3514M (86%)        3488M (85%)        3984M (97%)        4040M (99%)        4040M (99%)        3488M (85%)    
[29.681s][info][gc,heap     ] GC(14)      Used:      582M (14%)         608M (15%)         112M (3%)           56M (1%)          608M (15%)          56M (1%)     
[29.681s][info][gc,heap     ] GC(14)      Live:         -                 6M (0%)            6M (0%)            6M (0%)             -                  -          
[29.681s][info][gc,heap     ] GC(14) Allocated:         -                26M (1%)           26M (1%)           29M (1%)             -                  -          
[29.681s][info][gc,heap     ] GC(14)   Garbage:         -               575M (14%)          79M (2%)           19M (0%)             -                  -          
[29.681s][info][gc,heap     ] GC(14) Reclaimed:         -                  -               496M (12%)         555M (14%)            -                  -          
[29.681s][info][gc          ] GC(14) Garbage Collection (Proactive) 582M(14%)->56M(1%)
[29.716s][info][gc,start    ] GC(15) Garbage Collection (System.gc())
[29.716s][info][gc,task     ] GC(15) Using 12 workers
[29.716s][info][gc,phases   ] GC(15) Pause Mark Start 0.015ms
[29.733s][info][gc,phases   ] GC(15) Concurrent Mark 17.568ms
[29.734s][info][gc,phases   ] GC(15) Pause Mark End 0.020ms
[29.734s][info][gc,phases   ] GC(15) Concurrent Mark Free 0.001ms
[29.735s][info][gc,phases   ] GC(15) Concurrent Process Non-Strong References 0.918ms
[29.735s][info][gc,phases   ] GC(15) Concurrent Reset Relocation Set 0.006ms
[29.741s][info][gc,phases   ] GC(15) Concurrent Select Relocation Set 6.277ms
[29.741s][info][gc,phases   ] GC(15) Pause Relocate Start 0.010ms
[29.745s][info][gc,phases   ] GC(15) Concurrent Relocate 3.397ms
[29.745s][info][gc,load     ] GC(15) Load: 0.00/0.00/0.00
[29.745s][info][gc,mmu      ] GC(15) MMU: 2ms/98.4%, 5ms/99.4%, 10ms/99.6%, 20ms/99.7%, 50ms/99.8%, 100ms/99.9%
[29.745s][info][gc,marking  ] GC(15) Mark: 8 stripe(s), 2 proactive flush(es), 1 terminate flush(es), 0 completion(s), 0 continuation(s) 
[29.745s][info][gc,marking  ] GC(15) Mark Stack Usage: 32M
[29.745s][info][gc,nmethod  ] GC(15) NMethods: 1880 registered, 350 unregistered
[29.745s][info][gc,metaspace] GC(15) Metaspace: 9M used, 9M committed, 1088M reserved
[29.745s][info][gc,ref      ] GC(15) Soft: 214 encountered, 0 discovered, 0 enqueued
[29.745s][info][gc,ref      ] GC(15) Weak: 795 encountered, 7 discovered, 0 enqueued
[29.745s][info][gc,ref      ] GC(15) Final: 0 encountered, 0 discovered, 0 enqueued
[29.745s][info][gc,ref      ] GC(15) Phantom: 27 encountered, 17 discovered, 0 enqueued
[29.745s][info][gc,reloc    ] GC(15) Small Pages: 31 / 62M, Empty: 24M, Relocated: 4M, In-Place: 0
[29.745s][info][gc,reloc    ] GC(15) Medium Pages: 0 / 0M, Empty: 0M, Relocated: 0M, In-Place: 0
[29.745s][info][gc,reloc    ] GC(15) Large Pages: 0 / 0M, Empty: 0M, Relocated: 0M, In-Place: 0
[29.745s][info][gc,reloc    ] GC(15) Forwarding Usage: 1M
[29.745s][info][gc,heap     ] GC(15) Min Capacity: 8M(0%)
[29.745s][info][gc,heap     ] GC(15) Max Capacity: 4096M(100%)
[29.745s][info][gc,heap     ] GC(15) Soft Max Capacity: 4096M(100%)
[29.745s][info][gc,heap     ] GC(15)                Mark Start          Mark End        Relocate Start      Relocate End           High               Low         
[29.745s][info][gc,heap     ] GC(15)  Capacity:     2048M (50%)        2048M (50%)        2048M (50%)        2048M (50%)        2048M (50%)        2048M (50%)    
[29.745s][info][gc,heap     ] GC(15)      Free:     4034M (98%)        4034M (98%)        4058M (99%)        4072M (99%)        4072M (99%)        4034M (98%)    
[29.745s][info][gc,heap     ] GC(15)      Used:       62M (2%)           62M (2%)           38M (1%)           24M (1%)           62M (2%)           24M (1%)     
[29.745s][info][gc,heap     ] GC(15)      Live:         -                 4M (0%)            4M (0%)            4M (0%)             -                  -          
[29.745s][info][gc,heap     ] GC(15) Allocated:         -                 0M (0%)            0M (0%)            0M (0%)             -                  -          
[29.746s][info][gc,heap     ] GC(15)   Garbage:         -                57M (1%)           33M (1%)           19M (0%)             -                  -          
[29.746s][info][gc,heap     ] GC(15) Reclaimed:         -                  -                24M (1%)           38M (1%)             -                  -          
[29.746s][info][gc          ] GC(15) Garbage Collection (System.gc()) 62M(2%)->24M(1%)
[30.155s][info][gc,stats    ] === Garbage Collection Statistics =======================================================================================================================
[30.155s][info][gc,stats    ]                                                              Last 10s              Last 10m              Last 10h                Total
[30.155s][info][gc,stats    ]                                                              Avg / Max             Avg / Max             Avg / Max             Avg / Max
[30.155s][info][gc,stats    ]   Collector: Garbage Collection Cycle                     25.979 / 29.184       27.247 / 39.618       27.247 / 39.618       27.247 / 39.618      ms
[30.155s][info][gc,stats    ]  Contention: Mark Segment Reset Contention                     2 / 7                 2 / 12                2 / 12                2 / 12          ops/s
[30.155s][info][gc,stats    ]  Contention: Mark SeqNum Reset Contention                      0 / 2                 0 / 2                 0 / 2                 0 / 2           ops/s
[30.156s][info][gc,stats    ]    Critical: Allocation Stall                                  0 / 0                 0 / 0                 0 / 0                 0 / 0           ops/s
[30.156s][info][gc,stats    ]    Critical: Allocation Stall                              0.000 / 0.000         0.000 / 0.000         0.000 / 0.000         0.000 / 0.000       ms
[30.156s][info][gc,stats    ]    Critical: GC Locker Stall                                   0 / 0                 0 / 0                 0 / 0                 0 / 0           ops/s
[30.156s][info][gc,stats    ]    Critical: GC Locker Stall                               0.000 / 0.000         0.000 / 0.000         0.000 / 0.000         0.000 / 0.000       ms
[30.156s][info][gc,stats    ]    Critical: Relocation Stall                                  0 / 0                 0 / 0                 0 / 0                 0 / 0           ops/s
[30.156s][info][gc,stats    ]    Critical: Relocation Stall                              0.000 / 0.000         0.000 / 0.000         0.000 / 0.000         0.000 / 0.000       ms
[30.156s][info][gc,stats    ]      Memory: Allocation Rate                                 324 / 342             305 / 342             305 / 342             305 / 342         MB/s
[30.156s][info][gc,stats    ]      Memory: Defragment                                        0 / 0                 0 / 0                 0 / 0                 0 / 0           ops/s
[30.156s][info][gc,stats    ]      Memory: Out Of Memory                                     0 / 0                 0 / 0                 0 / 0                 0 / 0           ops/s
[30.156s][info][gc,stats    ]      Memory: Page Cache Flush                                  0 / 0                 0 / 0                 0 / 0                 0 / 0           MB/s
[30.156s][info][gc,stats    ]      Memory: Page Cache Hit L1                               170 / 193             138 / 193             138 / 193             138 / 193         ops/s
[30.156s][info][gc,stats    ]      Memory: Page Cache Hit L2                                 0 / 0                 0 / 0                 0 / 0                 0 / 0           ops/s
[30.156s][info][gc,stats    ]      Memory: Page Cache Hit L3                                 0 / 0                21 / 137              21 / 137              21 / 137         ops/s
[30.156s][info][gc,stats    ]      Memory: Page Cache Miss                                   0 / 0                 0 / 1                 0 / 1                 0 / 1           ops/s
[30.156s][info][gc,stats    ]      Memory: Uncommit                                          0 / 0                 0 / 0                 0 / 0                 0 / 0           MB/s
[30.156s][info][gc,stats    ]      Memory: Undo Object Allocation Failed                     0 / 0                 0 / 0                 0 / 0                 0 / 0           ops/s
[30.156s][info][gc,stats    ]      Memory: Undo Object Allocation Succeeded                  0 / 4                 0 / 4                 0 / 4                 0 / 4           ops/s
[30.156s][info][gc,stats    ]      Memory: Undo Page Allocation                              0 / 0                 0 / 0                 0 / 0                 0 / 0           ops/s
[30.156s][info][gc,stats    ]       Phase: Concurrent Mark                              14.643 / 17.568       15.061 / 19.098       15.061 / 19.098       15.061 / 19.098      ms
[30.156s][info][gc,stats    ]       Phase: Concurrent Mark Continue                      0.000 / 0.000         0.000 / 0.000         0.000 / 0.000         0.000 / 0.000       ms
[30.156s][info][gc,stats    ]       Phase: Concurrent Mark Free                          0.001 / 0.002         0.001 / 0.002         0.001 / 0.002         0.001 / 0.002       ms
[30.156s][info][gc,stats    ]       Phase: Concurrent Process Non-Strong References      0.982 / 1.080         1.293 / 5.230         1.293 / 5.230         1.293 / 5.230       ms
[30.156s][info][gc,stats    ]       Phase: Concurrent Relocate                           3.663 / 5.038         3.514 / 5.038         3.514 / 5.038         3.514 / 5.038       ms
[30.156s][info][gc,stats    ]       Phase: Concurrent Reset Relocation Set               0.010 / 0.016         0.010 / 0.019         0.010 / 0.019         0.010 / 0.019       ms
[30.156s][info][gc,stats    ]       Phase: Concurrent Select Relocation Set              5.461 / 6.805         6.133 / 15.356        6.133 / 15.356        6.133 / 15.356      ms
[30.156s][info][gc,stats    ]       Phase: Pause Mark End                                0.024 / 0.028         0.024 / 0.032         0.024 / 0.032         0.024 / 0.032       ms
[30.157s][info][gc,stats    ]       Phase: Pause Mark Start                              0.018 / 0.020         0.018 / 0.020         0.018 / 0.020         0.018 / 0.020       ms
[30.157s][info][gc,stats    ]       Phase: Pause Relocate Start                          0.009 / 0.011         0.010 / 0.028         0.010 / 0.028         0.010 / 0.028       ms
[30.157s][info][gc,stats    ]    Subphase: Concurrent Classes Purge                      0.026 / 0.058         0.134 / 0.876         0.134 / 0.876         0.134 / 0.876       ms
[30.157s][info][gc,stats    ]    Subphase: Concurrent Classes Unlink                     0.659 / 0.727         0.861 / 4.065         0.861 / 4.065         0.861 / 4.065       ms
[30.157s][info][gc,stats    ]    Subphase: Concurrent Mark                              13.022 / 16.541       13.431 / 17.788       13.431 / 17.788       13.431 / 17.788      ms
[30.157s][info][gc,stats    ]    Subphase: Concurrent Mark Try Flush                     0.059 / 0.102         0.064 / 0.145         0.064 / 0.145         0.064 / 0.145       ms
[30.157s][info][gc,stats    ]    Subphase: Concurrent Mark Try Terminate                 8.155 / 14.491        8.106 / 15.957        8.106 / 15.957        8.106 / 15.957      ms
[30.157s][info][gc,stats    ]    Subphase: Concurrent References Enqueue                 0.000 / 0.001         0.001 / 0.004         0.001 / 0.004         0.001 / 0.004       ms
[30.157s][info][gc,stats    ]    Subphase: Concurrent References Process                 0.039 / 0.043         0.044 / 0.087         0.044 / 0.087         0.044 / 0.087       ms
[30.157s][info][gc,stats    ]    Subphase: Concurrent Roots ClassLoaderDataGraph         0.088 / 0.896         0.093 / 0.896         0.093 / 0.896         0.093 / 0.896       ms
[30.157s][info][gc,stats    ]    Subphase: Concurrent Roots CodeCache                    0.000 / 0.000         0.000 / 0.000         0.000 / 0.000         0.000 / 0.000       ms
[30.157s][info][gc,stats    ]    Subphase: Concurrent Roots JavaThreads                  0.453 / 1.011         0.496 / 1.189         0.496 / 1.189         0.496 / 1.189       ms
[30.157s][info][gc,stats    ]    Subphase: Concurrent Roots OopStorageSet                0.022 / 0.074         0.027 / 0.190         0.027 / 0.190         0.027 / 0.190       ms
[30.157s][info][gc,stats    ]    Subphase: Concurrent Weak Roots OopStorageSet           0.139 / 0.174         0.135 / 0.179         0.135 / 0.179         0.135 / 0.179       ms
[30.157s][info][gc,stats    ]    Subphase: Pause Mark Try Complete                       0.000 / 0.000         0.000 / 0.000         0.000 / 0.000         0.000 / 0.000       ms
[30.157s][info][gc,stats    ]      System: Java Threads                                     31 / 31               30 / 33               30 / 33               30 / 33          threads
[30.157s][info][gc,stats    ] =========================================================================================================================================================
[31.452s][info][gc,start    ] GC(16) Garbage Collection (Proactive)
[31.452s][info][gc,task     ] GC(16) Using 12 workers
[31.452s][info][gc,phases   ] GC(16) Pause Mark Start 0.017ms
[31.467s][info][gc,phases   ] GC(16) Concurrent Mark 15.157ms
[31.468s][info][gc,phases   ] GC(16) Pause Mark End 0.027ms
[31.468s][info][gc,phases   ] GC(16) Concurrent Mark Free 0.002ms
[31.469s][info][gc,phases   ] GC(16) Concurrent Process Non-Strong References 1.069ms
[31.469s][info][gc,phases   ] GC(16) Concurrent Reset Relocation Set 0.003ms
[31.476s][info][gc,phases   ] GC(16) Concurrent Select Relocation Set 6.791ms
[31.476s][info][gc,phases   ] GC(16) Pause Relocate Start 0.010ms
[31.479s][info][gc,phases   ] GC(16) Concurrent Relocate 3.171ms
[31.479s][info][gc,load     ] GC(16) Load: 0.00/0.00/0.00
[31.479s][info][gc,mmu      ] GC(16) MMU: 2ms/98.4%, 5ms/99.4%, 10ms/99.6%, 20ms/99.7%, 50ms/99.8%, 100ms/99.9%
[31.479s][info][gc,marking  ] GC(16) Mark: 8 stripe(s), 4 proactive flush(es), 1 terminate flush(es), 0 completion(s), 0 continuation(s) 
[31.479s][info][gc,marking  ] GC(16) Mark Stack Usage: 32M
[31.479s][info][gc,nmethod  ] GC(16) NMethods: 1887 registered, 355 unregistered
[31.479s][info][gc,metaspace] GC(16) Metaspace: 9M used, 9M committed, 1088M reserved
[31.480s][info][gc,ref      ] GC(16) Soft: 214 encountered, 0 discovered, 0 enqueued
[31.480s][info][gc,ref      ] GC(16) Weak: 795 encountered, 13 discovered, 0 enqueued
[31.480s][info][gc,ref      ] GC(16) Final: 0 encountered, 0 discovered, 0 enqueued
[31.480s][info][gc,ref      ] GC(16) Phantom: 27 encountered, 24 discovered, 0 enqueued
[31.480s][info][gc,reloc    ] GC(16) Small Pages: 282 / 564M, Empty: 372M, Relocated: 5M, In-Place: 0
[31.480s][info][gc,reloc    ] GC(16) Medium Pages: 0 / 0M, Empty: 0M, Relocated: 0M, In-Place: 0
[31.480s][info][gc,reloc    ] GC(16) Large Pages: 0 / 0M, Empty: 0M, Relocated: 0M, In-Place: 0
[31.480s][info][gc,reloc    ] GC(16) Forwarding Usage: 1M
[31.480s][info][gc,heap     ] GC(16) Min Capacity: 8M(0%)
[31.480s][info][gc,heap     ] GC(16) Max Capacity: 4096M(100%)
[31.480s][info][gc,heap     ] GC(16) Soft Max Capacity: 4096M(100%)
[31.480s][info][gc,heap     ] GC(16)                Mark Start          Mark End        Relocate Start      Relocate End           High               Low         
[31.480s][info][gc,heap     ] GC(16)  Capacity:     2048M (50%)        2048M (50%)        2048M (50%)        2048M (50%)        2048M (50%)        2048M (50%)    
[31.480s][info][gc,heap     ] GC(16)      Free:     3532M (86%)        3512M (86%)        3882M (95%)        4048M (99%)        4048M (99%)        3512M (86%)    
[31.480s][info][gc,heap     ] GC(16)      Used:      564M (14%)         584M (14%)         214M (5%)           48M (1%)          584M (14%)          48M (1%)     
[31.480s][info][gc,heap     ] GC(16)      Live:         -                 6M (0%)            6M (0%)            6M (0%)             -                  -          
[31.480s][info][gc,heap     ] GC(16) Allocated:         -                20M (0%)           22M (1%)           21M (1%)             -                  -          
[31.480s][info][gc,heap     ] GC(16)   Garbage:         -               557M (14%)         185M (5%)           19M (0%)             -                  -          
[31.480s][info][gc,heap     ] GC(16) Reclaimed:         -                  -               372M (9%)          537M (13%)            -                  -          
[31.480s][info][gc          ] GC(16) Garbage Collection (Proactive) 564M(14%)->48M(1%)
[33.154s][info][gc,start    ] GC(17) Garbage Collection (Proactive)
[33.154s][info][gc,task     ] GC(17) Using 12 workers
[33.154s][info][gc,phases   ] GC(17) Pause Mark Start 0.019ms
[33.170s][info][gc,phases   ] GC(17) Concurrent Mark 15.178ms
[33.170s][info][gc,phases   ] GC(17) Pause Mark End 0.026ms
[33.170s][info][gc,phases   ] GC(17) Concurrent Mark Free 0.001ms
[33.171s][info][gc,phases   ] GC(17) Concurrent Process Non-Strong References 1.012ms
[33.171s][info][gc,phases   ] GC(17) Concurrent Reset Relocation Set 0.016ms
[33.178s][info][gc,phases   ] GC(17) Concurrent Select Relocation Set 6.869ms
[33.178s][info][gc,phases   ] GC(17) Pause Relocate Start 0.009ms
[33.182s][info][gc,phases   ] GC(17) Concurrent Relocate 3.049ms
[33.182s][info][gc,load     ] GC(17) Load: 0.00/0.00/0.00
[33.182s][info][gc,mmu      ] GC(17) MMU: 2ms/98.4%, 5ms/99.4%, 10ms/99.6%, 20ms/99.7%, 50ms/99.8%, 100ms/99.9%
[33.182s][info][gc,marking  ] GC(17) Mark: 8 stripe(s), 2 proactive flush(es), 1 terminate flush(es), 0 completion(s), 0 continuation(s) 
[33.182s][info][gc,marking  ] GC(17) Mark Stack Usage: 32M
[33.182s][info][gc,nmethod  ] GC(17) NMethods: 1887 registered, 355 unregistered
[33.182s][info][gc,metaspace] GC(17) Metaspace: 9M used, 9M committed, 1088M reserved
[33.182s][info][gc,ref      ] GC(17) Soft: 214 encountered, 0 discovered, 0 enqueued
[33.182s][info][gc,ref      ] GC(17) Weak: 795 encountered, 24 discovered, 0 enqueued
[33.182s][info][gc,ref      ] GC(17) Final: 0 encountered, 0 discovered, 0 enqueued
[33.182s][info][gc,ref      ] GC(17) Phantom: 27 encountered, 19 discovered, 0 enqueued
[33.182s][info][gc,reloc    ] GC(17) Small Pages: 286 / 572M, Empty: 446M, Relocated: 4M, In-Place: 0
[33.182s][info][gc,reloc    ] GC(17) Medium Pages: 0 / 0M, Empty: 0M, Relocated: 0M, In-Place: 0
[33.182s][info][gc,reloc    ] GC(17) Large Pages: 0 / 0M, Empty: 0M, Relocated: 0M, In-Place: 0
[33.182s][info][gc,reloc    ] GC(17) Forwarding Usage: 1M
[33.182s][info][gc,heap     ] GC(17) Min Capacity: 8M(0%)
[33.182s][info][gc,heap     ] GC(17) Max Capacity: 4096M(100%)
[33.182s][info][gc,heap     ] GC(17) Soft Max Capacity: 4096M(100%)
[33.182s][info][gc,heap     ] GC(17)                Mark Start          Mark End        Relocate Start      Relocate End           High               Low         
[33.182s][info][gc,heap     ] GC(17)  Capacity:     2048M (50%)        2048M (50%)        2048M (50%)        2048M (50%)        2048M (50%)        2048M (50%)    
[33.182s][info][gc,heap     ] GC(17)      Free:     3524M (86%)        3506M (86%)        3952M (96%)        4052M (99%)        4052M (99%)        3506M (86%)    
[33.182s][info][gc,heap     ] GC(17)      Used:      572M (14%)         590M (14%)         144M (4%)           44M (1%)          590M (14%)          44M (1%)     
[33.182s][info][gc,heap     ] GC(17)      Live:         -                 6M (0%)            6M (0%)            6M (0%)             -                  -          
[33.182s][info][gc,heap     ] GC(17) Allocated:         -                18M (0%)           18M (0%)           17M (0%)             -                  -          
[33.182s][info][gc,heap     ] GC(17)   Garbage:         -               565M (14%)         119M (3%)           19M (0%)             -                  -          
[33.183s][info][gc,heap     ] GC(17) Reclaimed:         -                  -               446M (11%)         545M (13%)            -                  -          
[33.183s][info][gc          ] GC(17) Garbage Collection (Proactive) 572M(14%)->44M(1%)
[34.762s][info][gc,start    ] GC(18) Garbage Collection (Proactive)
[34.762s][info][gc,task     ] GC(18) Using 12 workers
[34.762s][info][gc,phases   ] GC(18) Pause Mark Start 0.019ms
[34.778s][info][gc,phases   ] GC(18) Concurrent Mark 15.149ms
[34.778s][info][gc,phases   ] GC(18) Pause Mark End 0.026ms
[34.778s][info][gc,phases   ] GC(18) Concurrent Mark Free 0.001ms
[34.779s][info][gc,phases   ] GC(18) Concurrent Process Non-Strong References 1.065ms
[34.779s][info][gc,phases   ] GC(18) Concurrent Reset Relocation Set 0.012ms
[34.786s][info][gc,phases   ] GC(18) Concurrent Select Relocation Set 6.903ms
[34.786s][info][gc,phases   ] GC(18) Pause Relocate Start 0.010ms
[34.790s][info][gc,phases   ] GC(18) Concurrent Relocate 3.180ms
[34.790s][info][gc,load     ] GC(18) Load: 0.00/0.00/0.00
[34.790s][info][gc,mmu      ] GC(18) MMU: 2ms/98.4%, 5ms/99.4%, 10ms/99.6%, 20ms/99.7%, 50ms/99.8%, 100ms/99.9%
[34.790s][info][gc,marking  ] GC(18) Mark: 8 stripe(s), 2 proactive flush(es), 1 terminate flush(es), 0 completion(s), 0 continuation(s) 
[34.790s][info][gc,marking  ] GC(18) Mark Stack Usage: 32M
[34.790s][info][gc,nmethod  ] GC(18) NMethods: 1887 registered, 356 unregistered
[34.790s][info][gc,metaspace] GC(18) Metaspace: 9M used, 9M committed, 1088M reserved
[34.790s][info][gc,ref      ] GC(18) Soft: 214 encountered, 0 discovered, 0 enqueued
[34.790s][info][gc,ref      ] GC(18) Weak: 795 encountered, 13 discovered, 0 enqueued
[34.790s][info][gc,ref      ] GC(18) Final: 0 encountered, 0 discovered, 0 enqueued
[34.790s][info][gc,ref      ] GC(18) Phantom: 27 encountered, 17 discovered, 0 enqueued
[34.790s][info][gc,reloc    ] GC(18) Small Pages: 274 / 548M, Empty: 344M, Relocated: 4M, In-Place: 0
[34.790s][info][gc,reloc    ] GC(18) Medium Pages: 0 / 0M, Empty: 0M, Relocated: 0M, In-Place: 0
[34.790s][info][gc,reloc    ] GC(18) Large Pages: 0 / 0M, Empty: 0M, Relocated: 0M, In-Place: 0
[34.790s][info][gc,reloc    ] GC(18) Forwarding Usage: 1M
[34.790s][info][gc,heap     ] GC(18) Min Capacity: 8M(0%)
[34.790s][info][gc,heap     ] GC(18) Max Capacity: 4096M(100%)
[34.790s][info][gc,heap     ] GC(18) Soft Max Capacity: 4096M(100%)
[34.790s][info][gc,heap     ] GC(18)                Mark Start          Mark End        Relocate Start      Relocate End           High               Low         
[34.790s][info][gc,heap     ] GC(18)  Capacity:     2048M (50%)        2048M (50%)        2048M (50%)        2048M (50%)        2048M (50%)        2048M (50%)    
[34.790s][info][gc,heap     ] GC(18)      Free:     3548M (87%)        3522M (86%)        3864M (94%)        4042M (99%)        4042M (99%)        3522M (86%)    
[34.790s][info][gc,heap     ] GC(18)      Used:      548M (13%)         574M (14%)         232M (6%)           54M (1%)          574M (14%)          54M (1%)     
[34.791s][info][gc,heap     ] GC(18)      Live:         -                 6M (0%)            6M (0%)            6M (0%)             -                  -          
[34.791s][info][gc,heap     ] GC(18) Allocated:         -                26M (1%)           28M (1%)           27M (1%)             -                  -          
[34.791s][info][gc,heap     ] GC(18)   Garbage:         -               541M (13%)         197M (5%)           19M (0%)             -                  -          
[34.791s][info][gc,heap     ] GC(18) Reclaimed:         -                  -               344M (8%)          521M (13%)            -                  -          
[34.791s][info][gc          ] GC(18) Garbage Collection (Proactive) 548M(13%)->54M(1%)
[36.253s][info][gc,start    ] GC(19) Garbage Collection (Proactive)
[36.253s][info][gc,task     ] GC(19) Using 12 workers
[36.253s][info][gc,phases   ] GC(19) Pause Mark Start 0.018ms
[36.268s][info][gc,phases   ] GC(19) Concurrent Mark 15.118ms
[36.269s][info][gc,phases   ] GC(19) Pause Mark End 0.026ms
[36.269s][info][gc,phases   ] GC(19) Concurrent Mark Free 0.002ms
[36.270s][info][gc,phases   ] GC(19) Concurrent Process Non-Strong References 1.007ms
[36.270s][info][gc,phases   ] GC(19) Concurrent Reset Relocation Set 0.015ms
[36.274s][info][gc,phases   ] GC(19) Concurrent Select Relocation Set 3.816ms
[36.274s][info][gc,phases   ] GC(19) Pause Relocate Start 0.010ms
[36.277s][info][gc,phases   ] GC(19) Concurrent Relocate 3.343ms
[36.278s][info][gc,load     ] GC(19) Load: 0.00/0.00/0.00
[36.278s][info][gc,mmu      ] GC(19) MMU: 2ms/98.4%, 5ms/99.4%, 10ms/99.6%, 20ms/99.7%, 50ms/99.8%, 100ms/99.9%
[36.278s][info][gc,marking  ] GC(19) Mark: 8 stripe(s), 3 proactive flush(es), 1 terminate flush(es), 0 completion(s), 0 continuation(s) 
[36.278s][info][gc,marking  ] GC(19) Mark Stack Usage: 32M
[36.278s][info][gc,nmethod  ] GC(19) NMethods: 1887 registered, 356 unregistered
[36.278s][info][gc,metaspace] GC(19) Metaspace: 9M used, 9M committed, 1088M reserved
[36.278s][info][gc,ref      ] GC(19) Soft: 214 encountered, 0 discovered, 0 enqueued
[36.278s][info][gc,ref      ] GC(19) Weak: 795 encountered, 349 discovered, 0 enqueued
[36.278s][info][gc,ref      ] GC(19) Final: 0 encountered, 0 discovered, 0 enqueued
[36.278s][info][gc,ref      ] GC(19) Phantom: 27 encountered, 14 discovered, 0 enqueued
[36.278s][info][gc,reloc    ] GC(19) Small Pages: 254 / 508M, Empty: 424M, Relocated: 5M, In-Place: 0
[36.278s][info][gc,reloc    ] GC(19) Medium Pages: 0 / 0M, Empty: 0M, Relocated: 0M, In-Place: 0
[36.278s][info][gc,reloc    ] GC(19) Large Pages: 0 / 0M, Empty: 0M, Relocated: 0M, In-Place: 0
[36.278s][info][gc,reloc    ] GC(19) Forwarding Usage: 1M
[36.278s][info][gc,heap     ] GC(19) Min Capacity: 8M(0%)
[36.278s][info][gc,heap     ] GC(19) Max Capacity: 4096M(100%)
[36.278s][info][gc,heap     ] GC(19) Soft Max Capacity: 4096M(100%)
[36.278s][info][gc,heap     ] GC(19)                Mark Start          Mark End        Relocate Start      Relocate End           High               Low         
[36.278s][info][gc,heap     ] GC(19)  Capacity:     2048M (50%)        2048M (50%)        2048M (50%)        2048M (50%)        2048M (50%)        2048M (50%)    
[36.278s][info][gc,heap     ] GC(19)      Free:     3588M (88%)        3572M (87%)        3992M (97%)        4046M (99%)        4046M (99%)        3570M (87%)    
[36.278s][info][gc,heap     ] GC(19)      Used:      508M (12%)         524M (13%)         104M (3%)           50M (1%)          526M (13%)          50M (1%)     
[36.278s][info][gc,heap     ] GC(19)      Live:         -                 6M (0%)            6M (0%)            6M (0%)             -                  -          
[36.278s][info][gc,heap     ] GC(19) Allocated:         -                16M (0%)           20M (0%)           23M (1%)             -                  -          
[36.278s][info][gc,heap     ] GC(19)   Garbage:         -               501M (12%)          77M (2%)           19M (0%)             -                  -          
[36.278s][info][gc,heap     ] GC(19) Reclaimed:         -                  -               424M (10%)         481M (12%)            -                  -          
[36.278s][info][gc          ] GC(19) Garbage Collection (Proactive) 508M(12%)->50M(1%)
[36.681s][info][gc,start    ] GC(20) Garbage Collection (System.gc())
[36.681s][info][gc,task     ] GC(20) Using 12 workers
[36.682s][info][gc,phases   ] GC(20) Pause Mark Start 0.019ms
[36.706s][info][gc,phases   ] GC(20) Concurrent Mark 24.159ms
[36.706s][info][gc,phases   ] GC(20) Pause Mark End 0.021ms
[36.706s][info][gc,phases   ] GC(20) Concurrent Mark Free 0.001ms
[36.707s][info][gc,phases   ] GC(20) Concurrent Process Non-Strong References 0.976ms
[36.707s][info][gc,phases   ] GC(20) Concurrent Reset Relocation Set 0.009ms
[36.711s][info][gc,phases   ] GC(20) Concurrent Select Relocation Set 3.797ms
[36.711s][info][gc,phases   ] GC(20) Pause Relocate Start 0.010ms
[36.716s][info][gc,phases   ] GC(20) Concurrent Relocate 4.598ms
[36.716s][info][gc,load     ] GC(20) Load: 0.00/0.00/0.00
[36.716s][info][gc,mmu      ] GC(20) MMU: 2ms/98.4%, 5ms/99.4%, 10ms/99.6%, 20ms/99.7%, 50ms/99.8%, 100ms/99.9%
[36.716s][info][gc,marking  ] GC(20) Mark: 8 stripe(s), 1 proactive flush(es), 1 terminate flush(es), 0 completion(s), 0 continuation(s) 
[36.716s][info][gc,marking  ] GC(20) Mark Stack Usage: 32M
[36.716s][info][gc,nmethod  ] GC(20) NMethods: 1886 registered, 357 unregistered
[36.716s][info][gc,metaspace] GC(20) Metaspace: 9M used, 9M committed, 1088M reserved
[36.716s][info][gc,ref      ] GC(20) Soft: 214 encountered, 0 discovered, 0 enqueued
[36.716s][info][gc,ref      ] GC(20) Weak: 795 encountered, 114 discovered, 0 enqueued
[36.716s][info][gc,ref      ] GC(20) Final: 0 encountered, 0 discovered, 0 enqueued
[36.716s][info][gc,ref      ] GC(20) Phantom: 27 encountered, 23 discovered, 0 enqueued
[36.716s][info][gc,reloc    ] GC(20) Small Pages: 87 / 174M, Empty: 150M, Relocated: 4M, In-Place: 0
[36.716s][info][gc,reloc    ] GC(20) Medium Pages: 0 / 0M, Empty: 0M, Relocated: 0M, In-Place: 0
[36.716s][info][gc,reloc    ] GC(20) Large Pages: 0 / 0M, Empty: 0M, Relocated: 0M, In-Place: 0
[36.716s][info][gc,reloc    ] GC(20) Forwarding Usage: 1M
[36.716s][info][gc,heap     ] GC(20) Min Capacity: 8M(0%)
[36.716s][info][gc,heap     ] GC(20) Max Capacity: 4096M(100%)
[36.716s][info][gc,heap     ] GC(20) Soft Max Capacity: 4096M(100%)
[36.716s][info][gc,heap     ] GC(20)                Mark Start          Mark End        Relocate Start      Relocate End           High               Low         
[36.716s][info][gc,heap     ] GC(20)  Capacity:     2048M (50%)        2048M (50%)        2048M (50%)        2048M (50%)        2048M (50%)        2048M (50%)    
[36.716s][info][gc,heap     ] GC(20)      Free:     3922M (96%)        3922M (96%)        4072M (99%)        4072M (99%)        4072M (99%)        3922M (96%)    
[36.717s][info][gc,heap     ] GC(20)      Used:      174M (4%)          174M (4%)           24M (1%)           24M (1%)          174M (4%)           24M (1%)     
[36.717s][info][gc,heap     ] GC(20)      Live:         -                 4M (0%)            4M (0%)            4M (0%)             -                  -          
[36.717s][info][gc,heap     ] GC(20) Allocated:         -                 0M (0%)            0M (0%)            0M (0%)             -                  -          
[36.717s][info][gc,heap     ] GC(20)   Garbage:         -               169M (4%)           19M (0%)           19M (0%)             -                  -          
[36.717s][info][gc,heap     ] GC(20) Reclaimed:         -                  -               150M (4%)          150M (4%)             -                  -          
[36.717s][info][gc          ] GC(20) Garbage Collection (System.gc()) 174M(4%)->24M(1%)
[39.259s][info][gc,start    ] GC(21) Garbage Collection (Proactive)
[39.259s][info][gc,task     ] GC(21) Using 12 workers
[39.259s][info][gc,phases   ] GC(21) Pause Mark Start 0.018ms
[39.274s][info][gc,phases   ] GC(21) Concurrent Mark 15.156ms
[39.275s][info][gc,phases   ] GC(21) Pause Mark End 0.026ms
[39.275s][info][gc,phases   ] GC(21) Concurrent Mark Free 0.001ms
[39.276s][info][gc,phases   ] GC(21) Concurrent Process Non-Strong References 1.111ms
[39.276s][info][gc,phases   ] GC(21) Concurrent Reset Relocation Set 0.002ms
[39.283s][info][gc,phases   ] GC(21) Concurrent Select Relocation Set 6.922ms
[39.283s][info][gc,phases   ] GC(21) Pause Relocate Start 0.011ms
[39.286s][info][gc,phases   ] GC(21) Concurrent Relocate 3.137ms
[39.286s][info][gc,load     ] GC(21) Load: 0.00/0.00/0.00
[39.287s][info][gc,mmu      ] GC(21) MMU: 2ms/98.4%, 5ms/99.4%, 10ms/99.6%, 20ms/99.7%, 50ms/99.8%, 100ms/99.9%
[39.287s][info][gc,marking  ] GC(21) Mark: 8 stripe(s), 2 proactive flush(es), 1 terminate flush(es), 0 completion(s), 0 continuation(s) 
[39.287s][info][gc,marking  ] GC(21) Mark Stack Usage: 32M
[39.287s][info][gc,nmethod  ] GC(21) NMethods: 1888 registered, 360 unregistered
[39.287s][info][gc,metaspace] GC(21) Metaspace: 9M used, 9M committed, 1088M reserved
[39.287s][info][gc,ref      ] GC(21) Soft: 214 encountered, 0 discovered, 0 enqueued
[39.287s][info][gc,ref      ] GC(21) Weak: 795 encountered, 10 discovered, 0 enqueued
[39.287s][info][gc,ref      ] GC(21) Final: 0 encountered, 0 discovered, 0 enqueued
[39.287s][info][gc,ref      ] GC(21) Phantom: 27 encountered, 11 discovered, 0 enqueued
[39.287s][info][gc,reloc    ] GC(21) Small Pages: 420 / 840M, Empty: 606M, Relocated: 4M, In-Place: 0
[39.287s][info][gc,reloc    ] GC(21) Medium Pages: 0 / 0M, Empty: 0M, Relocated: 0M, In-Place: 0
[39.287s][info][gc,reloc    ] GC(21) Large Pages: 0 / 0M, Empty: 0M, Relocated: 0M, In-Place: 0
[39.287s][info][gc,reloc    ] GC(21) Forwarding Usage: 1M
[39.287s][info][gc,heap     ] GC(21) Min Capacity: 8M(0%)
[39.287s][info][gc,heap     ] GC(21) Max Capacity: 4096M(100%)
[39.287s][info][gc,heap     ] GC(21) Soft Max Capacity: 4096M(100%)
[39.287s][info][gc,heap     ] GC(21)                Mark Start          Mark End        Relocate Start      Relocate End           High               Low         
[39.287s][info][gc,heap     ] GC(21)  Capacity:     2048M (50%)        2048M (50%)        2048M (50%)        2048M (50%)        2048M (50%)        2048M (50%)    
[39.287s][info][gc,heap     ] GC(21)      Free:     3256M (79%)        3238M (79%)        3844M (94%)        4050M (99%)        4050M (99%)        3238M (79%)    
[39.287s][info][gc,heap     ] GC(21)      Used:      840M (21%)         858M (21%)         252M (6%)           46M (1%)          858M (21%)          46M (1%)     
[39.287s][info][gc,heap     ] GC(21)      Live:         -                 6M (0%)            6M (0%)            6M (0%)             -                  -          
[39.287s][info][gc,heap     ] GC(21) Allocated:         -                18M (0%)           18M (0%)           19M (0%)             -                  -          
[39.287s][info][gc,heap     ] GC(21)   Garbage:         -               833M (20%)         227M (6%)           19M (0%)             -                  -          
[39.287s][info][gc,heap     ] GC(21) Reclaimed:         -                  -               606M (15%)         813M (20%)            -                  -          
[39.287s][info][gc          ] GC(21) Garbage Collection (Proactive) 840M(21%)->46M(1%)
[40.157s][info][gc,stats    ] === Garbage Collection Statistics =======================================================================================================================
[40.157s][info][gc,stats    ]                                                              Last 10s              Last 10m              Last 10h                Total
[40.157s][info][gc,stats    ]                                                              Avg / Max             Avg / Max             Avg / Max             Avg / Max
[40.157s][info][gc,stats    ]   Collector: Garbage Collection Cycle                     28.264 / 34.662       27.525 / 39.618       27.525 / 39.618       27.525 / 39.618      ms
[40.157s][info][gc,stats    ]  Contention: Mark Segment Reset Contention                     2 / 5                 2 / 12                2 / 12                2 / 12          ops/s
[40.157s][info][gc,stats    ]  Contention: Mark SeqNum Reset Contention                      0 / 1                 0 / 2                 0 / 2                 0 / 2           ops/s
[40.157s][info][gc,stats    ]    Critical: Allocation Stall                                  0 / 0                 0 / 0                 0 / 0                 0 / 0           ops/s
[40.157s][info][gc,stats    ]    Critical: Allocation Stall                              0.000 / 0.000         0.000 / 0.000         0.000 / 0.000         0.000 / 0.000       ms
[40.157s][info][gc,stats    ]    Critical: GC Locker Stall                                   0 / 0                 0 / 0                 0 / 0                 0 / 0           ops/s
[40.157s][info][gc,stats    ]    Critical: GC Locker Stall                               0.000 / 0.000         0.000 / 0.000         0.000 / 0.000         0.000 / 0.000       ms
[40.158s][info][gc,stats    ]    Critical: Relocation Stall                                  0 / 0                 0 / 0                 0 / 0                 0 / 0           ops/s
[40.158s][info][gc,stats    ]    Critical: Relocation Stall                              0.000 / 0.000         0.000 / 0.000         0.000 / 0.000         0.000 / 0.000       ms
[40.158s][info][gc,stats    ]      Memory: Allocation Rate                                 320 / 336             309 / 342             309 / 342             309 / 342         MB/s
[40.158s][info][gc,stats    ]      Memory: Defragment                                        0 / 0                 0 / 0                 0 / 0                 0 / 0           ops/s
[40.158s][info][gc,stats    ]      Memory: Out Of Memory                                     0 / 0                 0 / 0                 0 / 0                 0 / 0           ops/s
[40.158s][info][gc,stats    ]      Memory: Page Cache Flush                                  0 / 0                 0 / 0                 0 / 0                 0 / 0           MB/s
[40.158s][info][gc,stats    ]      Memory: Page Cache Hit L1                               167 / 189             145 / 193             145 / 193             145 / 193         ops/s
[40.158s][info][gc,stats    ]      Memory: Page Cache Hit L2                                 0 / 0                 0 / 0                 0 / 0                 0 / 0           ops/s
[40.158s][info][gc,stats    ]      Memory: Page Cache Hit L3                                 0 / 0                15 / 137              15 / 137              15 / 137         ops/s
[40.158s][info][gc,stats    ]      Memory: Page Cache Miss                                   0 / 0                 0 / 1                 0 / 1                 0 / 1           ops/s
[40.158s][info][gc,stats    ]      Memory: Uncommit                                          0 / 0                 0 / 0                 0 / 0                 0 / 0           MB/s
[40.158s][info][gc,stats    ]      Memory: Undo Object Allocation Failed                     0 / 0                 0 / 0                 0 / 0                 0 / 0           ops/s
[40.158s][info][gc,stats    ]      Memory: Undo Object Allocation Succeeded                  0 / 1                 0 / 4                 0 / 4                 0 / 4           ops/s
[40.158s][info][gc,stats    ]      Memory: Undo Page Allocation                              0 / 0                 0 / 0                 0 / 0                 0 / 0           ops/s
[40.158s][info][gc,stats    ]       Phase: Concurrent Mark                              16.653 / 24.159       15.495 / 24.159       15.495 / 24.159       15.495 / 24.159      ms
[40.158s][info][gc,stats    ]       Phase: Concurrent Mark Continue                      0.000 / 0.000         0.000 / 0.000         0.000 / 0.000         0.000 / 0.000       ms
[40.158s][info][gc,stats    ]       Phase: Concurrent Mark Free                          0.001 / 0.002         0.001 / 0.002         0.001 / 0.002         0.001 / 0.002       ms
[40.158s][info][gc,stats    ]       Phase: Concurrent Process Non-Strong References      1.040 / 1.111         1.224 / 5.230         1.224 / 5.230         1.224 / 5.230       ms
[40.158s][info][gc,stats    ]       Phase: Concurrent Relocate                           3.413 / 4.598         3.486 / 5.038         3.486 / 5.038         3.486 / 5.038       ms
[40.158s][info][gc,stats    ]       Phase: Concurrent Reset Relocation Set               0.009 / 0.016         0.010 / 0.019         0.010 / 0.019         0.010 / 0.019       ms
[40.158s][info][gc,stats    ]       Phase: Concurrent Select Relocation Set              5.850 / 6.922         6.056 / 15.356        6.056 / 15.356        6.056 / 15.356      ms
[40.158s][info][gc,stats    ]       Phase: Pause Mark End                                0.025 / 0.027         0.025 / 0.032         0.025 / 0.032         0.025 / 0.032       ms
[40.158s][info][gc,stats    ]       Phase: Pause Mark Start                              0.018 / 0.019         0.018 / 0.020         0.018 / 0.020         0.018 / 0.020       ms
[40.158s][info][gc,stats    ]       Phase: Pause Relocate Start                          0.010 / 0.011         0.010 / 0.028         0.010 / 0.028         0.010 / 0.028       ms
[40.158s][info][gc,stats    ]    Subphase: Concurrent Classes Purge                      0.026 / 0.050         0.104 / 0.876         0.104 / 0.876         0.104 / 0.876       ms
[40.158s][info][gc,stats    ]    Subphase: Concurrent Classes Unlink                     0.691 / 0.724         0.815 / 4.065         0.815 / 4.065         0.815 / 4.065       ms
[40.158s][info][gc,stats    ]    Subphase: Concurrent Mark                              14.831 / 23.147       13.813 / 23.147       13.813 / 23.147       13.813 / 23.147      ms
[40.158s][info][gc,stats    ]    Subphase: Concurrent Mark Try Flush                     0.072 / 0.108         0.066 / 0.145         0.066 / 0.145         0.066 / 0.145       ms
[40.158s][info][gc,stats    ]    Subphase: Concurrent Mark Try Terminate                 8.484 / 15.684        8.219 / 15.957        8.219 / 15.957        8.219 / 15.957      ms
[40.159s][info][gc,stats    ]    Subphase: Concurrent References Enqueue                 0.000 / 0.001         0.001 / 0.004         0.001 / 0.004         0.001 / 0.004       ms
[40.159s][info][gc,stats    ]    Subphase: Concurrent References Process                 0.047 / 0.075         0.045 / 0.087         0.045 / 0.087         0.045 / 0.087       ms
[40.159s][info][gc,stats    ]    Subphase: Concurrent Roots ClassLoaderDataGraph         0.082 / 0.724         0.089 / 0.896         0.089 / 0.896         0.089 / 0.896       ms
[40.159s][info][gc,stats    ]    Subphase: Concurrent Roots CodeCache                    0.000 / 0.000         0.000 / 0.000         0.000 / 0.000         0.000 / 0.000       ms
[40.159s][info][gc,stats    ]    Subphase: Concurrent Roots JavaThreads                  0.452 / 0.964         0.484 / 1.189         0.484 / 1.189         0.484 / 1.189       ms
[40.159s][info][gc,stats    ]    Subphase: Concurrent Roots OopStorageSet                0.017 / 0.071         0.024 / 0.190         0.024 / 0.190         0.024 / 0.190       ms
[40.159s][info][gc,stats    ]    Subphase: Concurrent Weak Roots OopStorageSet           0.146 / 0.179         0.138 / 0.179         0.138 / 0.179         0.138 / 0.179       ms
[40.159s][info][gc,stats    ]    Subphase: Pause Mark Try Complete                       0.000 / 0.000         0.000 / 0.000         0.000 / 0.000         0.000 / 0.000       ms
[40.159s][info][gc,stats    ]      System: Java Threads                                     31 / 31               30 / 33               30 / 33               30 / 33          threads
[40.159s][info][gc,stats    ] =========================================================================================================================================================
[41.663s][info][gc,start    ] GC(22) Garbage Collection (Proactive)
[41.663s][info][gc,task     ] GC(22) Using 12 workers
[41.663s][info][gc,phases   ] GC(22) Pause Mark Start 0.018ms
[41.678s][info][gc,phases   ] GC(22) Concurrent Mark 15.179ms
[41.678s][info][gc,phases   ] GC(22) Pause Mark End 0.024ms
[41.679s][info][gc,phases   ] GC(22) Concurrent Mark Free 0.001ms
[41.680s][info][gc,phases   ] GC(22) Concurrent Process Non-Strong References 1.029ms
[41.680s][info][gc,phases   ] GC(22) Concurrent Reset Relocation Set 0.022ms
[41.684s][info][gc,phases   ] GC(22) Concurrent Select Relocation Set 3.949ms
[41.684s][info][gc,phases   ] GC(22) Pause Relocate Start 0.011ms
[41.687s][info][gc,phases   ] GC(22) Concurrent Relocate 3.404ms
[41.687s][info][gc,load     ] GC(22) Load: 0.00/0.00/0.00
[41.687s][info][gc,mmu      ] GC(22) MMU: 2ms/98.4%, 5ms/99.4%, 10ms/99.6%, 20ms/99.7%, 50ms/99.8%, 100ms/99.9%
[41.688s][info][gc,marking  ] GC(22) Mark: 8 stripe(s), 2 proactive flush(es), 1 terminate flush(es), 0 completion(s), 0 continuation(s) 
[41.688s][info][gc,marking  ] GC(22) Mark Stack Usage: 32M
[41.688s][info][gc,nmethod  ] GC(22) NMethods: 1888 registered, 361 unregistered
[41.688s][info][gc,metaspace] GC(22) Metaspace: 9M used, 9M committed, 1088M reserved
[41.688s][info][gc,ref      ] GC(22) Soft: 214 encountered, 0 discovered, 0 enqueued
[41.688s][info][gc,ref      ] GC(22) Weak: 795 encountered, 8 discovered, 0 enqueued
[41.688s][info][gc,ref      ] GC(22) Final: 0 encountered, 0 discovered, 0 enqueued
[41.688s][info][gc,ref      ] GC(22) Phantom: 27 encountered, 19 discovered, 0 enqueued
[41.688s][info][gc,reloc    ] GC(22) Small Pages: 396 / 792M, Empty: 622M, Relocated: 4M, In-Place: 0
[41.688s][info][gc,reloc    ] GC(22) Medium Pages: 0 / 0M, Empty: 0M, Relocated: 0M, In-Place: 0
[41.688s][info][gc,reloc    ] GC(22) Large Pages: 0 / 0M, Empty: 0M, Relocated: 0M, In-Place: 0
[41.688s][info][gc,reloc    ] GC(22) Forwarding Usage: 1M
[41.688s][info][gc,heap     ] GC(22) Min Capacity: 8M(0%)
[41.688s][info][gc,heap     ] GC(22) Max Capacity: 4096M(100%)
[41.688s][info][gc,heap     ] GC(22) Soft Max Capacity: 4096M(100%)
[41.688s][info][gc,heap     ] GC(22)                Mark Start          Mark End        Relocate Start      Relocate End           High               Low         
[41.688s][info][gc,heap     ] GC(22)  Capacity:     2048M (50%)        2048M (50%)        2048M (50%)        2048M (50%)        2048M (50%)        2048M (50%)    
[41.688s][info][gc,heap     ] GC(22)      Free:     3304M (81%)        3284M (80%)        3904M (95%)        4046M (99%)        4046M (99%)        3284M (80%)    
[41.688s][info][gc,heap     ] GC(22)      Used:      792M (19%)         812M (20%)         192M (5%)           50M (1%)          812M (20%)          50M (1%)     
[41.688s][info][gc,heap     ] GC(22)      Live:         -                 6M (0%)            6M (0%)            6M (0%)             -                  -          
[41.688s][info][gc,heap     ] GC(22) Allocated:         -                20M (0%)           22M (1%)           23M (1%)             -                  -          
[41.688s][info][gc,heap     ] GC(22)   Garbage:         -               785M (19%)         163M (4%)           19M (0%)             -                  -          
[41.688s][info][gc,heap     ] GC(22) Reclaimed:         -                  -               622M (15%)         765M (19%)            -                  -          
[41.688s][info][gc          ] GC(22) Garbage Collection (Proactive) 792M(19%)->50M(1%)
[43.558s][info][gc,start    ] GC(23) Garbage Collection (Proactive)
[43.559s][info][gc,task     ] GC(23) Using 12 workers
[43.559s][info][gc,phases   ] GC(23) Pause Mark Start 0.018ms
[43.574s][info][gc,phases   ] GC(23) Concurrent Mark 15.167ms
[43.574s][info][gc,phases   ] GC(23) Pause Mark End 0.026ms
[43.574s][info][gc,phases   ] GC(23) Concurrent Mark Free 0.001ms
[43.575s][info][gc,phases   ] GC(23) Concurrent Process Non-Strong References 1.010ms
[43.576s][info][gc,phases   ] GC(23) Concurrent Reset Relocation Set 0.014ms
[43.579s][info][gc,phases   ] GC(23) Concurrent Select Relocation Set 3.854ms
[43.580s][info][gc,phases   ] GC(23) Pause Relocate Start 0.008ms
[43.583s][info][gc,phases   ] GC(23) Concurrent Relocate 3.081ms
[43.583s][info][gc,load     ] GC(23) Load: 0.00/0.00/0.00
[43.583s][info][gc,mmu      ] GC(23) MMU: 2ms/98.4%, 5ms/99.4%, 10ms/99.6%, 20ms/99.7%, 50ms/99.8%, 100ms/99.9%
[43.583s][info][gc,marking  ] GC(23) Mark: 8 stripe(s), 2 proactive flush(es), 1 terminate flush(es), 0 completion(s), 0 continuation(s) 
[43.583s][info][gc,marking  ] GC(23) Mark Stack Usage: 32M
[43.583s][info][gc,nmethod  ] GC(23) NMethods: 1889 registered, 361 unregistered
[43.583s][info][gc,metaspace] GC(23) Metaspace: 9M used, 9M committed, 1088M reserved
[43.583s][info][gc,ref      ] GC(23) Soft: 214 encountered, 0 discovered, 0 enqueued
[43.583s][info][gc,ref      ] GC(23) Weak: 795 encountered, 5 discovered, 0 enqueued
[43.583s][info][gc,ref      ] GC(23) Final: 0 encountered, 0 discovered, 0 enqueued
[43.583s][info][gc,ref      ] GC(23) Phantom: 27 encountered, 21 discovered, 0 enqueued
[43.583s][info][gc,reloc    ] GC(23) Small Pages: 318 / 636M, Empty: 522M, Relocated: 4M, In-Place: 0
[43.583s][info][gc,reloc    ] GC(23) Medium Pages: 0 / 0M, Empty: 0M, Relocated: 0M, In-Place: 0
[43.583s][info][gc,reloc    ] GC(23) Large Pages: 0 / 0M, Empty: 0M, Relocated: 0M, In-Place: 0
[43.583s][info][gc,reloc    ] GC(23) Forwarding Usage: 1M
[43.583s][info][gc,heap     ] GC(23) Min Capacity: 8M(0%)
[43.583s][info][gc,heap     ] GC(23) Max Capacity: 4096M(100%)
[43.583s][info][gc,heap     ] GC(23) Soft Max Capacity: 4096M(100%)
[43.583s][info][gc,heap     ] GC(23)                Mark Start          Mark End        Relocate Start      Relocate End           High               Low         
[43.583s][info][gc,heap     ] GC(23)  Capacity:     2048M (50%)        2048M (50%)        2048M (50%)        2048M (50%)        2048M (50%)        2048M (50%)    
[43.583s][info][gc,heap     ] GC(23)      Free:     3460M (84%)        3442M (84%)        3962M (97%)        4050M (99%)        4050M (99%)        3442M (84%)    
[43.583s][info][gc,heap     ] GC(23)      Used:      636M (16%)         654M (16%)         134M (3%)           46M (1%)          654M (16%)          46M (1%)     
[43.583s][info][gc,heap     ] GC(23)      Live:         -                 6M (0%)            6M (0%)            6M (0%)             -                  -          
[43.583s][info][gc,heap     ] GC(23) Allocated:         -                18M (0%)           20M (0%)           19M (0%)             -                  -          
[43.584s][info][gc,heap     ] GC(23)   Garbage:         -               629M (15%)         107M (3%)           19M (0%)             -                  -          
[43.584s][info][gc,heap     ] GC(23) Reclaimed:         -                  -               522M (13%)         609M (15%)            -                  -          
[43.584s][info][gc          ] GC(23) Garbage Collection (Proactive) 636M(16%)->46M(1%)
[43.668s][info][gc,start    ] GC(24) Garbage Collection (System.gc())
[43.668s][info][gc,task     ] GC(24) Using 12 workers
[43.668s][info][gc,phases   ] GC(24) Pause Mark Start 0.016ms
[43.683s][info][gc,phases   ] GC(24) Concurrent Mark 14.996ms
[43.684s][info][gc,phases   ] GC(24) Pause Mark End 0.022ms
[43.684s][info][gc,phases   ] GC(24) Concurrent Mark Free 0.001ms
[43.685s][info][gc,phases   ] GC(24) Concurrent Process Non-Strong References 0.971ms
[43.685s][info][gc,phases   ] GC(24) Concurrent Reset Relocation Set 0.009ms
[43.688s][info][gc,phases   ] GC(24) Concurrent Select Relocation Set 3.710ms
[43.689s][info][gc,phases   ] GC(24) Pause Relocate Start 0.009ms
[43.692s][info][gc,phases   ] GC(24) Concurrent Relocate 3.424ms
[43.692s][info][gc,load     ] GC(24) Load: 0.00/0.00/0.00
[43.692s][info][gc,mmu      ] GC(24) MMU: 2ms/98.4%, 5ms/99.4%, 10ms/99.6%, 20ms/99.7%, 50ms/99.8%, 100ms/99.9%
[43.692s][info][gc,marking  ] GC(24) Mark: 8 stripe(s), 1 proactive flush(es), 1 terminate flush(es), 0 completion(s), 0 continuation(s) 
[43.692s][info][gc,marking  ] GC(24) Mark Stack Usage: 32M
[43.692s][info][gc,nmethod  ] GC(24) NMethods: 1889 registered, 361 unregistered
[43.692s][info][gc,metaspace] GC(24) Metaspace: 9M used, 9M committed, 1088M reserved
[43.692s][info][gc,ref      ] GC(24) Soft: 214 encountered, 0 discovered, 0 enqueued
[43.692s][info][gc,ref      ] GC(24) Weak: 795 encountered, 20 discovered, 0 enqueued
[43.692s][info][gc,ref      ] GC(24) Final: 0 encountered, 0 discovered, 0 enqueued
[43.692s][info][gc,ref      ] GC(24) Phantom: 27 encountered, 17 discovered, 0 enqueued
[43.692s][info][gc,reloc    ] GC(24) Small Pages: 37 / 74M, Empty: 48M, Relocated: 4M, In-Place: 0
[43.693s][info][gc,reloc    ] GC(24) Medium Pages: 0 / 0M, Empty: 0M, Relocated: 0M, In-Place: 0
[43.693s][info][gc,reloc    ] GC(24) Large Pages: 0 / 0M, Empty: 0M, Relocated: 0M, In-Place: 0
[43.693s][info][gc,reloc    ] GC(24) Forwarding Usage: 1M
[43.693s][info][gc,heap     ] GC(24) Min Capacity: 8M(0%)
[43.693s][info][gc,heap     ] GC(24) Max Capacity: 4096M(100%)
[43.693s][info][gc,heap     ] GC(24) Soft Max Capacity: 4096M(100%)
[43.693s][info][gc,heap     ] GC(24)                Mark Start          Mark End        Relocate Start      Relocate End           High               Low         
[43.693s][info][gc,heap     ] GC(24)  Capacity:     2048M (50%)        2048M (50%)        2048M (50%)        2048M (50%)        2048M (50%)        2048M (50%)    
[43.693s][info][gc,heap     ] GC(24)      Free:     4022M (98%)        4022M (98%)        4070M (99%)        4072M (99%)        4072M (99%)        4022M (98%)    
[43.693s][info][gc,heap     ] GC(24)      Used:       74M (2%)           74M (2%)           26M (1%)           24M (1%)           74M (2%)           24M (1%)     
[43.693s][info][gc,heap     ] GC(24)      Live:         -                 4M (0%)            4M (0%)            4M (0%)             -                  -          
[43.693s][info][gc,heap     ] GC(24) Allocated:         -                 0M (0%)            0M (0%)            0M (0%)             -                  -          
[43.693s][info][gc,heap     ] GC(24)   Garbage:         -                69M (2%)           21M (1%)           19M (0%)             -                  -          
[43.693s][info][gc,heap     ] GC(24) Reclaimed:         -                  -                48M (1%)           50M (1%)             -                  -          
[43.693s][info][gc          ] GC(24) Garbage Collection (System.gc()) 74M(2%)->24M(1%)
[45.151s][info][gc,start    ] GC(25) Garbage Collection (Proactive)
[45.151s][info][gc,task     ] GC(25) Using 12 workers
[45.151s][info][gc,phases   ] GC(25) Pause Mark Start 0.018ms
[45.166s][info][gc,phases   ] GC(25) Concurrent Mark 15.144ms
[45.166s][info][gc,phases   ] GC(25) Pause Mark End 0.027ms
[45.167s][info][gc,phases   ] GC(25) Concurrent Mark Free 0.001ms
[45.168s][info][gc,phases   ] GC(25) Concurrent Process Non-Strong References 1.054ms
[45.168s][info][gc,phases   ] GC(25) Concurrent Reset Relocation Set 0.002ms
[45.174s][info][gc,phases   ] GC(25) Concurrent Select Relocation Set 6.553ms
[45.175s][info][gc,phases   ] GC(25) Pause Relocate Start 0.009ms
[45.178s][info][gc,phases   ] GC(25) Concurrent Relocate 3.191ms
[45.178s][info][gc,load     ] GC(25) Load: 0.00/0.00/0.00
[45.178s][info][gc,mmu      ] GC(25) MMU: 2ms/98.4%, 5ms/99.4%, 10ms/99.6%, 20ms/99.7%, 50ms/99.8%, 100ms/99.9%
[45.178s][info][gc,marking  ] GC(25) Mark: 8 stripe(s), 3 proactive flush(es), 1 terminate flush(es), 0 completion(s), 0 continuation(s) 
[45.178s][info][gc,marking  ] GC(25) Mark Stack Usage: 32M
[45.178s][info][gc,nmethod  ] GC(25) NMethods: 1893 registered, 364 unregistered
[45.178s][info][gc,metaspace] GC(25) Metaspace: 9M used, 9M committed, 1088M reserved
[45.178s][info][gc,ref      ] GC(25) Soft: 214 encountered, 0 discovered, 0 enqueued
[45.178s][info][gc,ref      ] GC(25) Weak: 808 encountered, 17 discovered, 4 enqueued
[45.178s][info][gc,ref      ] GC(25) Final: 0 encountered, 0 discovered, 0 enqueued
[45.178s][info][gc,ref      ] GC(25) Phantom: 27 encountered, 18 discovered, 0 enqueued
[45.178s][info][gc,reloc    ] GC(25) Small Pages: 249 / 498M, Empty: 300M, Relocated: 4M, In-Place: 0
[45.178s][info][gc,reloc    ] GC(25) Medium Pages: 0 / 0M, Empty: 0M, Relocated: 0M, In-Place: 0
[45.178s][info][gc,reloc    ] GC(25) Large Pages: 0 / 0M, Empty: 0M, Relocated: 0M, In-Place: 0
[45.178s][info][gc,reloc    ] GC(25) Forwarding Usage: 1M
[45.178s][info][gc,heap     ] GC(25) Min Capacity: 8M(0%)
[45.178s][info][gc,heap     ] GC(25) Max Capacity: 4096M(100%)
[45.178s][info][gc,heap     ] GC(25) Soft Max Capacity: 4096M(100%)
[45.178s][info][gc,heap     ] GC(25)                Mark Start          Mark End        Relocate Start      Relocate End           High               Low         
[45.178s][info][gc,heap     ] GC(25)  Capacity:     2048M (50%)        2048M (50%)        2048M (50%)        2048M (50%)        2048M (50%)        2048M (50%)    
[45.178s][info][gc,heap     ] GC(25)      Free:     3598M (88%)        3578M (87%)        3878M (95%)        4044M (99%)        4046M (99%)        3578M (87%)    
[45.178s][info][gc,heap     ] GC(25)      Used:      498M (12%)         518M (13%)         218M (5%)           52M (1%)          518M (13%)          50M (1%)     
[45.179s][info][gc,heap     ] GC(25)      Live:         -                 6M (0%)            6M (0%)            6M (0%)             -                  -          
[45.179s][info][gc,heap     ] GC(25) Allocated:         -                20M (0%)           20M (0%)           25M (1%)             -                  -          
[45.179s][info][gc,heap     ] GC(25)   Garbage:         -               491M (12%)         191M (5%)           19M (0%)             -                  -          
[45.179s][info][gc,heap     ] GC(25) Reclaimed:         -                  -               300M (7%)          471M (12%)            -                  -          
[45.179s][info][gc          ] GC(25) Garbage Collection (Proactive) 498M(12%)->52M(1%)
[46.750s][info][gc,start    ] GC(26) Garbage Collection (Proactive)
[46.750s][info][gc,task     ] GC(26) Using 12 workers
[46.750s][info][gc,phases   ] GC(26) Pause Mark Start 0.020ms
[46.765s][info][gc,phases   ] GC(26) Concurrent Mark 15.126ms
[46.766s][info][gc,phases   ] GC(26) Pause Mark End 0.025ms
[46.766s][info][gc,phases   ] GC(26) Concurrent Mark Free 0.001ms
[46.767s][info][gc,phases   ] GC(26) Concurrent Process Non-Strong References 1.046ms
[46.767s][info][gc,phases   ] GC(26) Concurrent Reset Relocation Set 0.016ms
[46.774s][info][gc,phases   ] GC(26) Concurrent Select Relocation Set 6.814ms
[46.774s][info][gc,phases   ] GC(26) Pause Relocate Start 0.009ms
[46.777s][info][gc,phases   ] GC(26) Concurrent Relocate 3.123ms
[46.777s][info][gc,load     ] GC(26) Load: 0.00/0.00/0.00
[46.777s][info][gc,mmu      ] GC(26) MMU: 2ms/98.4%, 5ms/99.4%, 10ms/99.6%, 20ms/99.7%, 50ms/99.8%, 100ms/99.9%
[46.777s][info][gc,marking  ] GC(26) Mark: 8 stripe(s), 2 proactive flush(es), 1 terminate flush(es), 0 completion(s), 0 continuation(s) 
[46.777s][info][gc,marking  ] GC(26) Mark Stack Usage: 32M
[46.777s][info][gc,nmethod  ] GC(26) NMethods: 1894 registered, 364 unregistered
[46.777s][info][gc,metaspace] GC(26) Metaspace: 9M used, 9M committed, 1088M reserved
[46.777s][info][gc,ref      ] GC(26) Soft: 214 encountered, 0 discovered, 0 enqueued
[46.777s][info][gc,ref      ] GC(26) Weak: 804 encountered, 27 discovered, 0 enqueued
[46.777s][info][gc,ref      ] GC(26) Final: 0 encountered, 0 discovered, 0 enqueued
[46.777s][info][gc,ref      ] GC(26) Phantom: 27 encountered, 23 discovered, 0 enqueued
[46.777s][info][gc,reloc    ] GC(26) Small Pages: 272 / 544M, Empty: 426M, Relocated: 4M, In-Place: 0
[46.777s][info][gc,reloc    ] GC(26) Medium Pages: 0 / 0M, Empty: 0M, Relocated: 0M, In-Place: 0
[46.777s][info][gc,reloc    ] GC(26) Large Pages: 0 / 0M, Empty: 0M, Relocated: 0M, In-Place: 0
[46.778s][info][gc,reloc    ] GC(26) Forwarding Usage: 1M
[46.778s][info][gc,heap     ] GC(26) Min Capacity: 8M(0%)
[46.778s][info][gc,heap     ] GC(26) Max Capacity: 4096M(100%)
[46.778s][info][gc,heap     ] GC(26) Soft Max Capacity: 4096M(100%)
[46.778s][info][gc,heap     ] GC(26)                Mark Start          Mark End        Relocate Start      Relocate End           High               Low         
[46.778s][info][gc,heap     ] GC(26)  Capacity:     2048M (50%)        2048M (50%)        2048M (50%)        2048M (50%)        2048M (50%)        2048M (50%)    
[46.778s][info][gc,heap     ] GC(26)      Free:     3552M (87%)        3530M (86%)        3954M (97%)        4046M (99%)        4046M (99%)        3530M (86%)    
[46.778s][info][gc,heap     ] GC(26)      Used:      544M (13%)         566M (14%)         142M (3%)           50M (1%)          566M (14%)          50M (1%)     
[46.778s][info][gc,heap     ] GC(26)      Live:         -                 6M (0%)            6M (0%)            6M (0%)             -                  -          
[46.778s][info][gc,heap     ] GC(26) Allocated:         -                22M (1%)           24M (1%)           23M (1%)             -                  -          
[46.778s][info][gc,heap     ] GC(26)   Garbage:         -               537M (13%)         111M (3%)           19M (0%)             -                  -          
[46.778s][info][gc,heap     ] GC(26) Reclaimed:         -                  -               426M (10%)         517M (13%)            -                  -          
[46.778s][info][gc          ] GC(26) Garbage Collection (Proactive) 544M(13%)->50M(1%)
[48.349s][info][gc,start    ] GC(27) Garbage Collection (Proactive)
[48.349s][info][gc,task     ] GC(27) Using 12 workers
[48.349s][info][gc,phases   ] GC(27) Pause Mark Start 0.020ms
[48.365s][info][gc,phases   ] GC(27) Concurrent Mark 15.166ms
[48.365s][info][gc,phases   ] GC(27) Pause Mark End 0.027ms
[48.365s][info][gc,phases   ] GC(27) Concurrent Mark Free 0.002ms
[48.366s][info][gc,phases   ] GC(27) Concurrent Process Non-Strong References 1.010ms
[48.366s][info][gc,phases   ] GC(27) Concurrent Reset Relocation Set 0.011ms
[48.373s][info][gc,phases   ] GC(27) Concurrent Select Relocation Set 6.768ms
[48.373s][info][gc,phases   ] GC(27) Pause Relocate Start 0.010ms
[48.377s][info][gc,phases   ] GC(27) Concurrent Relocate 3.430ms
[48.377s][info][gc,load     ] GC(27) Load: 0.00/0.00/0.00
[48.377s][info][gc,mmu      ] GC(27) MMU: 2ms/98.4%, 5ms/99.4%, 10ms/99.6%, 20ms/99.7%, 50ms/99.8%, 100ms/99.9%
[48.377s][info][gc,marking  ] GC(27) Mark: 8 stripe(s), 2 proactive flush(es), 1 terminate flush(es), 0 completion(s), 0 continuation(s) 
[48.377s][info][gc,marking  ] GC(27) Mark Stack Usage: 32M
[48.377s][info][gc,nmethod  ] GC(27) NMethods: 1894 registered, 365 unregistered
[48.377s][info][gc,metaspace] GC(27) Metaspace: 9M used, 9M committed, 1088M reserved
[48.377s][info][gc,ref      ] GC(27) Soft: 214 encountered, 0 discovered, 0 enqueued
[48.377s][info][gc,ref      ] GC(27) Weak: 804 encountered, 21 discovered, 0 enqueued
[48.377s][info][gc,ref      ] GC(27) Final: 0 encountered, 0 discovered, 0 enqueued
[48.377s][info][gc,ref      ] GC(27) Phantom: 27 encountered, 12 discovered, 0 enqueued
[48.377s][info][gc,reloc    ] GC(27) Small Pages: 271 / 542M, Empty: 454M, Relocated: 5M, In-Place: 0
[48.377s][info][gc,reloc    ] GC(27) Medium Pages: 0 / 0M, Empty: 0M, Relocated: 0M, In-Place: 0
[48.377s][info][gc,reloc    ] GC(27) Large Pages: 0 / 0M, Empty: 0M, Relocated: 0M, In-Place: 0
[48.377s][info][gc,reloc    ] GC(27) Forwarding Usage: 1M
[48.377s][info][gc,heap     ] GC(27) Min Capacity: 8M(0%)
[48.377s][info][gc,heap     ] GC(27) Max Capacity: 4096M(100%)
[48.377s][info][gc,heap     ] GC(27) Soft Max Capacity: 4096M(100%)
[48.377s][info][gc,heap     ] GC(27)                Mark Start          Mark End        Relocate Start      Relocate End           High               Low         
[48.377s][info][gc,heap     ] GC(27)  Capacity:     2048M (50%)        2048M (50%)        2048M (50%)        2048M (50%)        2048M (50%)        2048M (50%)    
[48.377s][info][gc,heap     ] GC(27)      Free:     3554M (87%)        3534M (86%)        3984M (97%)        4046M (99%)        4046M (99%)        3534M (86%)    
[48.377s][info][gc,heap     ] GC(27)      Used:      542M (13%)         562M (14%)         112M (3%)           50M (1%)          562M (14%)          50M (1%)     
[48.377s][info][gc,heap     ] GC(27)      Live:         -                 6M (0%)            6M (0%)            6M (0%)             -                  -          
[48.377s][info][gc,heap     ] GC(27) Allocated:         -                20M (0%)           24M (1%)           23M (1%)             -                  -          
[48.377s][info][gc,heap     ] GC(27)   Garbage:         -               535M (13%)          81M (2%)           19M (0%)             -                  -          
[48.377s][info][gc,heap     ] GC(27) Reclaimed:         -                  -               454M (11%)         515M (13%)            -                  -          
[48.377s][info][gc          ] GC(27) Garbage Collection (Proactive) 542M(13%)->50M(1%)
[49.863s][info][gc,start    ] GC(28) Garbage Collection (Proactive)
[49.863s][info][gc,task     ] GC(28) Using 12 workers
[49.863s][info][gc,phases   ] GC(28) Pause Mark Start 0.017ms
[49.879s][info][gc,phases   ] GC(28) Concurrent Mark 15.173ms
[49.879s][info][gc,phases   ] GC(28) Pause Mark End 0.026ms
[49.879s][info][gc,phases   ] GC(28) Concurrent Mark Free 0.001ms
[49.880s][info][gc,phases   ] GC(28) Concurrent Process Non-Strong References 1.042ms
[49.880s][info][gc,phases   ] GC(28) Concurrent Reset Relocation Set 0.007ms
[49.887s][info][gc,phases   ] GC(28) Concurrent Select Relocation Set 7.119ms
[49.887s][info][gc,phases   ] GC(28) Pause Relocate Start 0.010ms
[49.891s][info][gc,phases   ] GC(28) Concurrent Relocate 3.171ms
[49.891s][info][gc,load     ] GC(28) Load: 0.00/0.00/0.00
[49.891s][info][gc,mmu      ] GC(28) MMU: 2ms/98.4%, 5ms/99.4%, 10ms/99.6%, 20ms/99.7%, 50ms/99.8%, 100ms/99.9%
[49.891s][info][gc,marking  ] GC(28) Mark: 8 stripe(s), 2 proactive flush(es), 1 terminate flush(es), 0 completion(s), 0 continuation(s) 
[49.891s][info][gc,marking  ] GC(28) Mark Stack Usage: 32M
[49.891s][info][gc,nmethod  ] GC(28) NMethods: 1894 registered, 365 unregistered
[49.891s][info][gc,metaspace] GC(28) Metaspace: 9M used, 9M committed, 1088M reserved
[49.891s][info][gc,ref      ] GC(28) Soft: 214 encountered, 0 discovered, 0 enqueued
[49.891s][info][gc,ref      ] GC(28) Weak: 804 encountered, 48 discovered, 0 enqueued
[49.891s][info][gc,ref      ] GC(28) Final: 0 encountered, 0 discovered, 0 enqueued
[49.891s][info][gc,ref      ] GC(28) Phantom: 27 encountered, 17 discovered, 0 enqueued
[49.891s][info][gc,reloc    ] GC(28) Small Pages: 258 / 516M, Empty: 394M, Relocated: 5M, In-Place: 0
[49.891s][info][gc,reloc    ] GC(28) Medium Pages: 0 / 0M, Empty: 0M, Relocated: 0M, In-Place: 0
[49.891s][info][gc,reloc    ] GC(28) Large Pages: 0 / 0M, Empty: 0M, Relocated: 0M, In-Place: 0
[49.891s][info][gc,reloc    ] GC(28) Forwarding Usage: 2M
[49.891s][info][gc,heap     ] GC(28) Min Capacity: 8M(0%)
[49.891s][info][gc,heap     ] GC(28) Max Capacity: 4096M(100%)
[49.891s][info][gc,heap     ] GC(28) Soft Max Capacity: 4096M(100%)
[49.891s][info][gc,heap     ] GC(28)                Mark Start          Mark End        Relocate Start      Relocate End           High               Low         
[49.891s][info][gc,heap     ] GC(28)  Capacity:     2048M (50%)        2048M (50%)        2048M (50%)        2048M (50%)        2048M (50%)        2048M (50%)    
[49.891s][info][gc,heap     ] GC(28)      Free:     3580M (87%)        3560M (87%)        3950M (96%)        4046M (99%)        4046M (99%)        3558M (87%)    
[49.891s][info][gc,heap     ] GC(28)      Used:      516M (13%)         536M (13%)         146M (4%)           50M (1%)          538M (13%)          50M (1%)     
[49.891s][info][gc,heap     ] GC(28)      Live:         -                 6M (0%)            6M (0%)            6M (0%)             -                  -          
[49.891s][info][gc,heap     ] GC(28) Allocated:         -                20M (0%)           24M (1%)           23M (1%)             -                  -          
[49.891s][info][gc,heap     ] GC(28)   Garbage:         -               509M (12%)         115M (3%)           19M (0%)             -                  -          
[49.891s][info][gc,heap     ] GC(28) Reclaimed:         -                  -               394M (10%)         489M (12%)            -                  -          
[49.892s][info][gc          ] GC(28) Garbage Collection (Proactive) 516M(13%)->50M(1%)
[50.151s][info][gc,stats    ] === Garbage Collection Statistics =======================================================================================================================
[50.152s][info][gc,stats    ]                                                              Last 10s              Last 10m              Last 10h                Total
[50.152s][info][gc,stats    ]                                                              Avg / Max             Avg / Max             Avg / Max             Avg / Max
[50.152s][info][gc,stats    ]   Collector: Garbage Collection Cycle                     26.215 / 27.852       27.208 / 39.618       27.208 / 39.618       27.208 / 39.618      ms
[50.152s][info][gc,stats    ]  Contention: Mark Segment Reset Contention                     2 / 9                 2 / 12                2 / 12                2 / 12          ops/s
[50.152s][info][gc,stats    ]  Contention: Mark SeqNum Reset Contention                      0 / 1                 0 / 2                 0 / 2                 0 / 2           ops/s
[50.152s][info][gc,stats    ]    Critical: Allocation Stall                                  0 / 0                 0 / 0                 0 / 0                 0 / 0           ops/s
[50.152s][info][gc,stats    ]    Critical: Allocation Stall                              0.000 / 0.000         0.000 / 0.000         0.000 / 0.000         0.000 / 0.000       ms
[50.152s][info][gc,stats    ]    Critical: GC Locker Stall                                   0 / 0                 0 / 0                 0 / 0                 0 / 0           ops/s
[50.152s][info][gc,stats    ]    Critical: GC Locker Stall                               0.000 / 0.000         0.000 / 0.000         0.000 / 0.000         0.000 / 0.000       ms
[50.152s][info][gc,stats    ]    Critical: Relocation Stall                                  0 / 0                 0 / 0                 0 / 0                 0 / 0           ops/s
[50.152s][info][gc,stats    ]    Critical: Relocation Stall                              0.000 / 0.000         0.000 / 0.000         0.000 / 0.000         0.000 / 0.000       ms
[50.152s][info][gc,stats    ]      Memory: Allocation Rate                                 323 / 342             312 / 342             312 / 342             312 / 342         MB/s
[50.152s][info][gc,stats    ]      Memory: Defragment                                        0 / 0                 0 / 0                 0 / 0                 0 / 0           ops/s
[50.152s][info][gc,stats    ]      Memory: Out Of Memory                                     0 / 0                 0 / 0                 0 / 0                 0 / 0           ops/s
[50.152s][info][gc,stats    ]      Memory: Page Cache Flush                                  0 / 0                 0 / 0                 0 / 0                 0 / 0           MB/s
[50.152s][info][gc,stats    ]      Memory: Page Cache Hit L1                               170 / 195             150 / 195             150 / 195             150 / 195         ops/s
[50.152s][info][gc,stats    ]      Memory: Page Cache Hit L2                                 0 / 0                 0 / 0                 0 / 0                 0 / 0           ops/s
[50.152s][info][gc,stats    ]      Memory: Page Cache Hit L3                                 0 / 0                12 / 137              12 / 137              12 / 137         ops/s
[50.152s][info][gc,stats    ]      Memory: Page Cache Miss                                   0 / 0                 0 / 1                 0 / 1                 0 / 1           ops/s
[50.152s][info][gc,stats    ]      Memory: Uncommit                                          0 / 0                 0 / 0                 0 / 0                 0 / 0           MB/s
[50.152s][info][gc,stats    ]      Memory: Undo Object Allocation Failed                     0 / 0                 0 / 0                 0 / 0                 0 / 0           ops/s
[50.152s][info][gc,stats    ]      Memory: Undo Object Allocation Succeeded                  0 / 2                 0 / 4                 0 / 4                 0 / 4           ops/s
[50.152s][info][gc,stats    ]      Memory: Undo Page Allocation                              0 / 0                 0 / 0                 0 / 0                 0 / 0           ops/s
[50.152s][info][gc,stats    ]       Phase: Concurrent Mark                              15.136 / 15.179       15.409 / 24.159       15.409 / 24.159       15.409 / 24.159      ms
[50.152s][info][gc,stats    ]       Phase: Concurrent Mark Continue                      0.000 / 0.000         0.000 / 0.000         0.000 / 0.000         0.000 / 0.000       ms
[50.152s][info][gc,stats    ]       Phase: Concurrent Mark Free                          0.001 / 0.002         0.001 / 0.002         0.001 / 0.002         0.001 / 0.002       ms
[50.152s][info][gc,stats    ]       Phase: Concurrent Process Non-Strong References      1.023 / 1.054         1.175 / 5.230         1.175 / 5.230         1.175 / 5.230       ms
[50.152s][info][gc,stats    ]       Phase: Concurrent Relocate                           3.261 / 3.430         3.432 / 5.038         3.432 / 5.038         3.432 / 5.038       ms
[50.152s][info][gc,stats    ]       Phase: Concurrent Reset Relocation Set               0.011 / 0.022         0.010 / 0.022         0.010 / 0.022         0.010 / 0.022       ms
[50.153s][info][gc,stats    ]       Phase: Concurrent Select Relocation Set              5.538 / 7.119         5.931 / 15.356        5.931 / 15.356        5.931 / 15.356      ms
[50.153s][info][gc,stats    ]       Phase: Pause Mark End                                0.025 / 0.027         0.025 / 0.032         0.025 / 0.032         0.025 / 0.032       ms
[50.153s][info][gc,stats    ]       Phase: Pause Mark Start                              0.018 / 0.020         0.018 / 0.020         0.018 / 0.020         0.018 / 0.020       ms
[50.153s][info][gc,stats    ]       Phase: Pause Relocate Start                          0.009 / 0.011         0.010 / 0.028         0.010 / 0.028         0.010 / 0.028       ms
[50.153s][info][gc,stats    ]    Subphase: Concurrent Classes Purge                      0.015 / 0.032         0.083 / 0.876         0.083 / 0.876         0.083 / 0.876       ms
[50.153s][info][gc,stats    ]    Subphase: Concurrent Classes Unlink                     0.700 / 0.750         0.787 / 4.065         0.787 / 4.065         0.787 / 4.065       ms
[50.153s][info][gc,stats    ]    Subphase: Concurrent Mark                              13.397 / 14.162       13.712 / 23.147       13.712 / 23.147       13.712 / 23.147      ms
[50.153s][info][gc,stats    ]    Subphase: Concurrent Mark Try Flush                     0.071 / 0.107         0.067 / 0.145         0.067 / 0.145         0.067 / 0.145       ms
[50.153s][info][gc,stats    ]    Subphase: Concurrent Mark Try Terminate                 8.579 / 12.199        8.303 / 15.957        8.303 / 15.957        8.303 / 15.957      ms
[50.153s][info][gc,stats    ]    Subphase: Concurrent References Enqueue                 0.001 / 0.004         0.001 / 0.004         0.001 / 0.004         0.001 / 0.004       ms
[50.153s][info][gc,stats    ]    Subphase: Concurrent References Process                 0.040 / 0.042         0.044 / 0.087         0.044 / 0.087         0.044 / 0.087       ms
[50.153s][info][gc,stats    ]    Subphase: Concurrent Roots ClassLoaderDataGraph         0.081 / 0.670         0.087 / 0.896         0.087 / 0.896         0.087 / 0.896       ms
[50.153s][info][gc,stats    ]    Subphase: Concurrent Roots CodeCache                    0.000 / 0.000         0.000 / 0.000         0.000 / 0.000         0.000 / 0.000       ms
[50.153s][info][gc,stats    ]    Subphase: Concurrent Roots JavaThreads                  0.475 / 1.007         0.482 / 1.189         0.482 / 1.189         0.482 / 1.189       ms
[50.153s][info][gc,stats    ]    Subphase: Concurrent Roots OopStorageSet                0.019 / 0.059         0.023 / 0.190         0.023 / 0.190         0.023 / 0.190       ms
[50.153s][info][gc,stats    ]    Subphase: Concurrent Weak Roots OopStorageSet           0.142 / 0.173         0.139 / 0.179         0.139 / 0.179         0.139 / 0.179       ms
[50.153s][info][gc,stats    ]    Subphase: Pause Mark Try Complete                       0.000 / 0.000         0.000 / 0.000         0.000 / 0.000         0.000 / 0.000       ms
[50.153s][info][gc,stats    ]      System: Java Threads                                     32 / 33               30 / 33               30 / 33               30 / 33          threads
[50.153s][info][gc,stats    ] =========================================================================================================================================================
[50.668s][info][gc,start    ] GC(29) Garbage Collection (System.gc())
[50.668s][info][gc,task     ] GC(29) Using 12 workers
[50.668s][info][gc,phases   ] GC(29) Pause Mark Start 0.017ms
[50.690s][info][gc,phases   ] GC(29) Concurrent Mark 21.554ms
[50.690s][info][gc,phases   ] GC(29) Pause Mark End 0.023ms
[50.690s][info][gc,phases   ] GC(29) Concurrent Mark Free 0.001ms
[50.691s][info][gc,phases   ] GC(29) Concurrent Process Non-Strong References 0.907ms
[50.691s][info][gc,phases   ] GC(29) Concurrent Reset Relocation Set 0.008ms
[50.695s][info][gc,phases   ] GC(29) Concurrent Select Relocation Set 3.757ms
[50.695s][info][gc,phases   ] GC(29) Pause Relocate Start 0.008ms
[50.698s][info][gc,phases   ] GC(29) Concurrent Relocate 3.040ms
[50.698s][info][gc,load     ] GC(29) Load: 0.00/0.00/0.00
[50.698s][info][gc,mmu      ] GC(29) MMU: 2ms/98.4%, 5ms/99.4%, 10ms/99.6%, 20ms/99.7%, 50ms/99.8%, 100ms/99.9%
[50.698s][info][gc,marking  ] GC(29) Mark: 8 stripe(s), 2 proactive flush(es), 1 terminate flush(es), 0 completion(s), 0 continuation(s) 
[50.698s][info][gc,marking  ] GC(29) Mark Stack Usage: 32M
[50.698s][info][gc,nmethod  ] GC(29) NMethods: 1900 registered, 365 unregistered
[50.698s][info][gc,metaspace] GC(29) Metaspace: 9M used, 9M committed, 1088M reserved
[50.698s][info][gc,ref      ] GC(29) Soft: 214 encountered, 0 discovered, 0 enqueued
[50.698s][info][gc,ref      ] GC(29) Weak: 804 encountered, 29 discovered, 0 enqueued
[50.698s][info][gc,ref      ] GC(29) Final: 0 encountered, 0 discovered, 0 enqueued
[50.698s][info][gc,ref      ] GC(29) Phantom: 27 encountered, 15 discovered, 0 enqueued
[50.698s][info][gc,reloc    ] GC(29) Small Pages: 147 / 294M, Empty: 266M, Relocated: 4M, In-Place: 0
[50.698s][info][gc,reloc    ] GC(29) Medium Pages: 0 / 0M, Empty: 0M, Relocated: 0M, In-Place: 0
[50.698s][info][gc,reloc    ] GC(29) Large Pages: 0 / 0M, Empty: 0M, Relocated: 0M, In-Place: 0
[50.698s][info][gc,reloc    ] GC(29) Forwarding Usage: 1M
[50.698s][info][gc,heap     ] GC(29) Min Capacity: 8M(0%)
[50.698s][info][gc,heap     ] GC(29) Max Capacity: 4096M(100%)
[50.698s][info][gc,heap     ] GC(29) Soft Max Capacity: 4096M(100%)
[50.698s][info][gc,heap     ] GC(29)                Mark Start          Mark End        Relocate Start      Relocate End           High               Low         
[50.699s][info][gc,heap     ] GC(29)  Capacity:     2048M (50%)        2048M (50%)        2048M (50%)        2048M (50%)        2048M (50%)        2048M (50%)    
[50.699s][info][gc,heap     ] GC(29)      Free:     3802M (93%)        3802M (93%)        4068M (99%)        4072M (99%)        4072M (99%)        3802M (93%)    
[50.699s][info][gc,heap     ] GC(29)      Used:      294M (7%)          294M (7%)           28M (1%)           24M (1%)          294M (7%)           24M (1%)     
[50.699s][info][gc,heap     ] GC(29)      Live:         -                 4M (0%)            4M (0%)            4M (0%)             -                  -          
[50.699s][info][gc,heap     ] GC(29) Allocated:         -                 0M (0%)            0M (0%)            0M (0%)             -                  -          
[50.699s][info][gc,heap     ] GC(29)   Garbage:         -               289M (7%)           23M (1%)           19M (0%)             -                  -          
[50.699s][info][gc,heap     ] GC(29) Reclaimed:         -                  -               266M (6%)          270M (7%)             -                  -          
[50.699s][info][gc          ] GC(29) Garbage Collection (System.gc()) 294M(7%)->24M(1%)
[52.851s][info][gc,start    ] GC(30) Garbage Collection (Proactive)
[52.851s][info][gc,task     ] GC(30) Using 12 workers
[52.851s][info][gc,phases   ] GC(30) Pause Mark Start 0.020ms
[52.867s][info][gc,phases   ] GC(30) Concurrent Mark 15.178ms
[52.867s][info][gc,phases   ] GC(30) Pause Mark End 0.026ms
[52.867s][info][gc,phases   ] GC(30) Concurrent Mark Free 0.001ms
[52.868s][info][gc,phases   ] GC(30) Concurrent Process Non-Strong References 1.052ms
[52.868s][info][gc,phases   ] GC(30) Concurrent Reset Relocation Set 0.003ms
[52.875s][info][gc,phases   ] GC(30) Concurrent Select Relocation Set 6.677ms
[52.875s][info][gc,phases   ] GC(30) Pause Relocate Start 0.010ms
[52.879s][info][gc,phases   ] GC(30) Concurrent Relocate 3.440ms
[52.879s][info][gc,load     ] GC(30) Load: 0.00/0.00/0.00
[52.879s][info][gc,mmu      ] GC(30) MMU: 2ms/98.4%, 5ms/99.4%, 10ms/99.6%, 20ms/99.7%, 50ms/99.8%, 100ms/99.9%
[52.879s][info][gc,marking  ] GC(30) Mark: 8 stripe(s), 2 proactive flush(es), 1 terminate flush(es), 0 completion(s), 0 continuation(s) 
[52.879s][info][gc,marking  ] GC(30) Mark Stack Usage: 32M
[52.879s][info][gc,nmethod  ] GC(30) NMethods: 1900 registered, 366 unregistered
[52.879s][info][gc,metaspace] GC(30) Metaspace: 9M used, 9M committed, 1088M reserved
[52.879s][info][gc,ref      ] GC(30) Soft: 214 encountered, 0 discovered, 0 enqueued
[52.879s][info][gc,ref      ] GC(30) Weak: 805 encountered, 33 discovered, 0 enqueued
[52.879s][info][gc,ref      ] GC(30) Final: 0 encountered, 0 discovered, 0 enqueued
[52.879s][info][gc,ref      ] GC(30) Phantom: 27 encountered, 11 discovered, 0 enqueued
[52.879s][info][gc,reloc    ] GC(30) Small Pages: 353 / 706M, Empty: 472M, Relocated: 5M, In-Place: 0
[52.879s][info][gc,reloc    ] GC(30) Medium Pages: 0 / 0M, Empty: 0M, Relocated: 0M, In-Place: 0
[52.879s][info][gc,reloc    ] GC(30) Large Pages: 0 / 0M, Empty: 0M, Relocated: 0M, In-Place: 0
[52.879s][info][gc,reloc    ] GC(30) Forwarding Usage: 1M
[52.879s][info][gc,heap     ] GC(30) Min Capacity: 8M(0%)
[52.879s][info][gc,heap     ] GC(30) Max Capacity: 4096M(100%)
[52.879s][info][gc,heap     ] GC(30) Soft Max Capacity: 4096M(100%)
[52.879s][info][gc,heap     ] GC(30)                Mark Start          Mark End        Relocate Start      Relocate End           High               Low         
[52.879s][info][gc,heap     ] GC(30)  Capacity:     2048M (50%)        2048M (50%)        2048M (50%)        2048M (50%)        2048M (50%)        2048M (50%)    
[52.879s][info][gc,heap     ] GC(30)      Free:     3390M (83%)        3374M (82%)        3842M (94%)        4048M (99%)        4048M (99%)        3372M (82%)    
[52.879s][info][gc,heap     ] GC(30)      Used:      706M (17%)         722M (18%)         254M (6%)           48M (1%)          724M (18%)          48M (1%)     
[52.879s][info][gc,heap     ] GC(30)      Live:         -                 6M (0%)            6M (0%)            6M (0%)             -                  -          
[52.880s][info][gc,heap     ] GC(30) Allocated:         -                16M (0%)           20M (0%)           21M (1%)             -                  -          
[52.880s][info][gc,heap     ] GC(30)   Garbage:         -               699M (17%)         227M (6%)           19M (0%)             -                  -          
[52.880s][info][gc,heap     ] GC(30) Reclaimed:         -                  -               472M (12%)         679M (17%)            -                  -          
[52.880s][info][gc          ] GC(30) Garbage Collection (Proactive) 706M(17%)->48M(1%)
[54.851s][info][gc,start    ] GC(31) Garbage Collection (Proactive)
[54.851s][info][gc,task     ] GC(31) Using 12 workers
[54.851s][info][gc,phases   ] GC(31) Pause Mark Start 0.017ms
[54.866s][info][gc,phases   ] GC(31) Concurrent Mark 15.161ms
[54.866s][info][gc,phases   ] GC(31) Pause Mark End 0.026ms
[54.867s][info][gc,phases   ] GC(31) Concurrent Mark Free 0.001ms
[54.868s][info][gc,phases   ] GC(31) Concurrent Process Non-Strong References 0.979ms
[54.868s][info][gc,phases   ] GC(31) Concurrent Reset Relocation Set 0.017ms
[54.872s][info][gc,phases   ] GC(31) Concurrent Select Relocation Set 3.882ms
[54.872s][info][gc,phases   ] GC(31) Pause Relocate Start 0.010ms
[54.875s][info][gc,phases   ] GC(31) Concurrent Relocate 3.216ms
[54.875s][info][gc,load     ] GC(31) Load: 0.00/0.00/0.00
[54.875s][info][gc,mmu      ] GC(31) MMU: 2ms/98.4%, 5ms/99.4%, 10ms/99.6%, 20ms/99.7%, 50ms/99.8%, 100ms/99.9%
[54.875s][info][gc,marking  ] GC(31) Mark: 8 stripe(s), 2 proactive flush(es), 1 terminate flush(es), 0 completion(s), 0 continuation(s) 
[54.875s][info][gc,marking  ] GC(31) Mark Stack Usage: 32M
[54.875s][info][gc,nmethod  ] GC(31) NMethods: 1900 registered, 366 unregistered
[54.875s][info][gc,metaspace] GC(31) Metaspace: 9M used, 9M committed, 1088M reserved
[54.875s][info][gc,ref      ] GC(31) Soft: 214 encountered, 0 discovered, 0 enqueued
[54.875s][info][gc,ref      ] GC(31) Weak: 805 encountered, 113 discovered, 0 enqueued
[54.875s][info][gc,ref      ] GC(31) Final: 0 encountered, 0 discovered, 0 enqueued
[54.875s][info][gc,ref      ] GC(31) Phantom: 27 encountered, 22 discovered, 0 enqueued
[54.875s][info][gc,reloc    ] GC(31) Small Pages: 336 / 672M, Empty: 544M, Relocated: 5M, In-Place: 0
[54.876s][info][gc,reloc    ] GC(31) Medium Pages: 0 / 0M, Empty: 0M, Relocated: 0M, In-Place: 0
[54.876s][info][gc,reloc    ] GC(31) Large Pages: 0 / 0M, Empty: 0M, Relocated: 0M, In-Place: 0
[54.876s][info][gc,reloc    ] GC(31) Forwarding Usage: 1M
[54.876s][info][gc,heap     ] GC(31) Min Capacity: 8M(0%)
[54.876s][info][gc,heap     ] GC(31) Max Capacity: 4096M(100%)
[54.876s][info][gc,heap     ] GC(31) Soft Max Capacity: 4096M(100%)
[54.876s][info][gc,heap     ] GC(31)                Mark Start          Mark End        Relocate Start      Relocate End           High               Low         
[54.876s][info][gc,heap     ] GC(31)  Capacity:     2048M (50%)        2048M (50%)        2048M (50%)        2048M (50%)        2048M (50%)        2048M (50%)    
[54.876s][info][gc,heap     ] GC(31)      Free:     3424M (84%)        3404M (83%)        3948M (96%)        4044M (99%)        4044M (99%)        3404M (83%)    
[54.876s][info][gc,heap     ] GC(31)      Used:      672M (16%)         692M (17%)         148M (4%)           52M (1%)          692M (17%)          52M (1%)     
[54.876s][info][gc,heap     ] GC(31)      Live:         -                 6M (0%)            6M (0%)            6M (0%)             -                  -          
[54.876s][info][gc,heap     ] GC(31) Allocated:         -                20M (0%)           20M (0%)           25M (1%)             -                  -          
[54.876s][info][gc,heap     ] GC(31)   Garbage:         -               665M (16%)         121M (3%)           19M (0%)             -                  -          
[54.876s][info][gc,heap     ] GC(31) Reclaimed:         -                  -               544M (13%)         645M (16%)            -                  -          
[54.876s][info][gc          ] GC(31) Garbage Collection (Proactive) 672M(16%)->52M(1%)
[56.553s][info][gc,start    ] GC(32) Garbage Collection (Proactive)
[56.553s][info][gc,task     ] GC(32) Using 12 workers
[56.554s][info][gc,phases   ] GC(32) Pause Mark Start 0.018ms
[56.569s][info][gc,phases   ] GC(32) Concurrent Mark 15.295ms
[56.569s][info][gc,phases   ] GC(32) Pause Mark End 0.027ms
[56.569s][info][gc,phases   ] GC(32) Concurrent Mark Free 0.001ms
[56.571s][info][gc,phases   ] GC(32) Concurrent Process Non-Strong References 1.028ms
[56.571s][info][gc,phases   ] GC(32) Concurrent Reset Relocation Set 0.010ms
[56.575s][info][gc,phases   ] GC(32) Concurrent Select Relocation Set 3.872ms
[56.575s][info][gc,phases   ] GC(32) Pause Relocate Start 0.010ms
[56.579s][info][gc,phases   ] GC(32) Concurrent Relocate 3.937ms
[56.579s][info][gc,load     ] GC(32) Load: 0.00/0.00/0.00
[56.579s][info][gc,mmu      ] GC(32) MMU: 2ms/98.4%, 5ms/99.4%, 10ms/99.6%, 20ms/99.7%, 50ms/99.8%, 100ms/99.9%
[56.579s][info][gc,marking  ] GC(32) Mark: 8 stripe(s), 2 proactive flush(es), 1 terminate flush(es), 0 completion(s), 0 continuation(s) 
[56.579s][info][gc,marking  ] GC(32) Mark Stack Usage: 32M
[56.579s][info][gc,nmethod  ] GC(32) NMethods: 1900 registered, 366 unregistered
[56.579s][info][gc,metaspace] GC(32) Metaspace: 9M used, 9M committed, 1088M reserved
[56.579s][info][gc,ref      ] GC(32) Soft: 214 encountered, 0 discovered, 0 enqueued
[56.579s][info][gc,ref      ] GC(32) Weak: 805 encountered, 6 discovered, 0 enqueued
[56.579s][info][gc,ref      ] GC(32) Final: 0 encountered, 0 discovered, 0 enqueued
[56.579s][info][gc,ref      ] GC(32) Phantom: 27 encountered, 13 discovered, 0 enqueued
[56.579s][info][gc,reloc    ] GC(32) Small Pages: 291 / 582M, Empty: 498M, Relocated: 5M, In-Place: 0
[56.579s][info][gc,reloc    ] GC(32) Medium Pages: 0 / 0M, Empty: 0M, Relocated: 0M, In-Place: 0
[56.579s][info][gc,reloc    ] GC(32) Large Pages: 0 / 0M, Empty: 0M, Relocated: 0M, In-Place: 0
[56.579s][info][gc,reloc    ] GC(32) Forwarding Usage: 1M
[56.579s][info][gc,heap     ] GC(32) Min Capacity: 8M(0%)
[56.579s][info][gc,heap     ] GC(32) Max Capacity: 4096M(100%)
[56.579s][info][gc,heap     ] GC(32) Soft Max Capacity: 4096M(100%)
[56.579s][info][gc,heap     ] GC(32)                Mark Start          Mark End        Relocate Start      Relocate End           High               Low         
[56.579s][info][gc,heap     ] GC(32)  Capacity:     2048M (50%)        2048M (50%)        2048M (50%)        2048M (50%)        2048M (50%)        2048M (50%)    
[56.579s][info][gc,heap     ] GC(32)      Free:     3514M (86%)        3498M (85%)        3994M (98%)        4052M (99%)        4052M (99%)        3498M (85%)    
[56.579s][info][gc,heap     ] GC(32)      Used:      582M (14%)         598M (15%)         102M (2%)           44M (1%)          598M (15%)          44M (1%)     
[56.579s][info][gc,heap     ] GC(32)      Live:         -                 6M (0%)            6M (0%)            6M (0%)             -                  -          
[56.580s][info][gc,heap     ] GC(32) Allocated:         -                16M (0%)           18M (0%)           17M (0%)             -                  -          
[56.580s][info][gc,heap     ] GC(32)   Garbage:         -               575M (14%)          77M (2%)           19M (0%)             -                  -          
[56.580s][info][gc,heap     ] GC(32) Reclaimed:         -                  -               498M (12%)         555M (14%)            -                  -          
[56.580s][info][gc          ] GC(32) Garbage Collection (Proactive) 582M(14%)->44M(1%)
[57.628s][info][gc,start    ] GC(33) Garbage Collection (System.gc())
[57.628s][info][gc,task     ] GC(33) Using 12 workers
[57.628s][info][gc,phases   ] GC(33) Pause Mark Start 0.018ms
[57.647s][info][gc,phases   ] GC(33) Concurrent Mark 18.656ms
[57.647s][info][gc,phases   ] GC(33) Pause Mark End 0.024ms
[57.647s][info][gc,phases   ] GC(33) Concurrent Mark Free 0.001ms
[57.648s][info][gc,phases   ] GC(33) Concurrent Process Non-Strong References 0.896ms
[57.648s][info][gc,phases   ] GC(33) Concurrent Reset Relocation Set 0.007ms
[57.652s][info][gc,phases   ] GC(33) Concurrent Select Relocation Set 3.735ms
[57.652s][info][gc,phases   ] GC(33) Pause Relocate Start 0.007ms
[57.655s][info][gc,phases   ] GC(33) Concurrent Relocate 3.404ms
[57.655s][info][gc,load     ] GC(33) Load: 0.00/0.00/0.00
[57.656s][info][gc,mmu      ] GC(33) MMU: 2ms/98.4%, 5ms/99.4%, 10ms/99.6%, 20ms/99.7%, 50ms/99.8%, 100ms/99.9%
[57.656s][info][gc,marking  ] GC(33) Mark: 8 stripe(s), 3 proactive flush(es), 1 terminate flush(es), 0 completion(s), 0 continuation(s) 
[57.656s][info][gc,marking  ] GC(33) Mark Stack Usage: 32M
[57.656s][info][gc,nmethod  ] GC(33) NMethods: 1901 registered, 366 unregistered
[57.656s][info][gc,metaspace] GC(33) Metaspace: 9M used, 9M committed, 1088M reserved
[57.656s][info][gc,ref      ] GC(33) Soft: 214 encountered, 0 discovered, 0 enqueued
[57.656s][info][gc,ref      ] GC(33) Weak: 805 encountered, 9 discovered, 0 enqueued
[57.656s][info][gc,ref      ] GC(33) Final: 0 encountered, 0 discovered, 0 enqueued
[57.656s][info][gc,ref      ] GC(33) Phantom: 27 encountered, 17 discovered, 0 enqueued
[57.656s][info][gc,reloc    ] GC(33) Small Pages: 189 / 378M, Empty: 350M, Relocated: 4M, In-Place: 0
[57.656s][info][gc,reloc    ] GC(33) Medium Pages: 0 / 0M, Empty: 0M, Relocated: 0M, In-Place: 0
[57.656s][info][gc,reloc    ] GC(33) Large Pages: 0 / 0M, Empty: 0M, Relocated: 0M, In-Place: 0
[57.656s][info][gc,reloc    ] GC(33) Forwarding Usage: 1M
[57.656s][info][gc,heap     ] GC(33) Min Capacity: 8M(0%)
[57.656s][info][gc,heap     ] GC(33) Max Capacity: 4096M(100%)
[57.656s][info][gc,heap     ] GC(33) Soft Max Capacity: 4096M(100%)
[57.656s][info][gc,heap     ] GC(33)                Mark Start          Mark End        Relocate Start      Relocate End           High               Low         
[57.656s][info][gc,heap     ] GC(33)  Capacity:     2048M (50%)        2048M (50%)        2048M (50%)        2048M (50%)        2048M (50%)        2048M (50%)    
[57.656s][info][gc,heap     ] GC(33)      Free:     3718M (91%)        3718M (91%)        4068M (99%)        4072M (99%)        4072M (99%)        3718M (91%)    
[57.656s][info][gc,heap     ] GC(33)      Used:      378M (9%)          378M (9%)           28M (1%)           24M (1%)          378M (9%)           24M (1%)     
[57.656s][info][gc,heap     ] GC(33)      Live:         -                 4M (0%)            4M (0%)            4M (0%)             -                  -          
[57.656s][info][gc,heap     ] GC(33) Allocated:         -                 0M (0%)            0M (0%)            0M (0%)             -                  -          
[57.656s][info][gc,heap     ] GC(33)   Garbage:         -               373M (9%)           23M (1%)           19M (0%)             -                  -          
[57.656s][info][gc,heap     ] GC(33) Reclaimed:         -                  -               350M (9%)          354M (9%)             -                  -          
[57.656s][info][gc          ] GC(33) Garbage Collection (System.gc()) 378M(9%)->24M(1%)
[59.357s][info][gc,start    ] GC(34) Garbage Collection (Proactive)
[59.358s][info][gc,task     ] GC(34) Using 12 workers
[59.358s][info][gc,phases   ] GC(34) Pause Mark Start 0.020ms
[59.373s][info][gc,phases   ] GC(34) Concurrent Mark 15.122ms
[59.373s][info][gc,phases   ] GC(34) Pause Mark End 0.028ms
[59.373s][info][gc,phases   ] GC(34) Concurrent Mark Free 0.001ms
[59.374s][info][gc,phases   ] GC(34) Concurrent Process Non-Strong References 1.017ms
[59.375s][info][gc,phases   ] GC(34) Concurrent Reset Relocation Set 0.003ms
[59.381s][info][gc,phases   ] GC(34) Concurrent Select Relocation Set 6.557ms
[59.381s][info][gc,phases   ] GC(34) Pause Relocate Start 0.009ms
[59.385s][info][gc,phases   ] GC(34) Concurrent Relocate 3.194ms
[59.385s][info][gc,load     ] GC(34) Load: 0.00/0.00/0.00
[59.385s][info][gc,mmu      ] GC(34) MMU: 2ms/98.4%, 5ms/99.4%, 10ms/99.6%, 20ms/99.7%, 50ms/99.8%, 100ms/99.9%
[59.385s][info][gc,marking  ] GC(34) Mark: 8 stripe(s), 2 proactive flush(es), 1 terminate flush(es), 0 completion(s), 0 continuation(s) 
[59.385s][info][gc,marking  ] GC(34) Mark Stack Usage: 32M
[59.385s][info][gc,nmethod  ] GC(34) NMethods: 1906 registered, 366 unregistered
[59.385s][info][gc,metaspace] GC(34) Metaspace: 9M used, 9M committed, 1088M reserved
[59.385s][info][gc,ref      ] GC(34) Soft: 214 encountered, 0 discovered, 0 enqueued
[59.385s][info][gc,ref      ] GC(34) Weak: 805 encountered, 5 discovered, 0 enqueued
[59.385s][info][gc,ref      ] GC(34) Final: 0 encountered, 0 discovered, 0 enqueued
[59.385s][info][gc,ref      ] GC(34) Phantom: 27 encountered, 23 discovered, 0 enqueued
[59.385s][info][gc,reloc    ] GC(34) Small Pages: 288 / 576M, Empty: 380M, Relocated: 5M, In-Place: 0
[59.385s][info][gc,reloc    ] GC(34) Medium Pages: 0 / 0M, Empty: 0M, Relocated: 0M, In-Place: 0
[59.385s][info][gc,reloc    ] GC(34) Large Pages: 0 / 0M, Empty: 0M, Relocated: 0M, In-Place: 0
[59.385s][info][gc,reloc    ] GC(34) Forwarding Usage: 1M
[59.385s][info][gc,heap     ] GC(34) Min Capacity: 8M(0%)
[59.385s][info][gc,heap     ] GC(34) Max Capacity: 4096M(100%)
[59.385s][info][gc,heap     ] GC(34) Soft Max Capacity: 4096M(100%)
[59.385s][info][gc,heap     ] GC(34)                Mark Start          Mark End        Relocate Start      Relocate End           High               Low         
[59.385s][info][gc,heap     ] GC(34)  Capacity:     2048M (50%)        2048M (50%)        2048M (50%)        2048M (50%)        2048M (50%)        2048M (50%)    
[59.385s][info][gc,heap     ] GC(34)      Free:     3520M (86%)        3502M (85%)        3872M (95%)        4042M (99%)        4042M (99%)        3500M (85%)    
[59.385s][info][gc,heap     ] GC(34)      Used:      576M (14%)         594M (15%)         224M (5%)           54M (1%)          596M (15%)          54M (1%)     
[59.385s][info][gc,heap     ] GC(34)      Live:         -                 6M (0%)            6M (0%)            6M (0%)             -                  -          
[59.385s][info][gc,heap     ] GC(34) Allocated:         -                18M (0%)           28M (1%)           27M (1%)             -                  -          
[59.385s][info][gc,heap     ] GC(34)   Garbage:         -               569M (14%)         189M (5%)           19M (0%)             -                  -          
[59.385s][info][gc,heap     ] GC(34) Reclaimed:         -                  -               380M (9%)          549M (13%)            -                  -          
[59.385s][info][gc          ] GC(34) Garbage Collection (Proactive) 576M(14%)->54M(1%)
[60.154s][info][gc,stats    ] === Garbage Collection Statistics =======================================================================================================================
[60.154s][info][gc,stats    ]                                                              Last 10s              Last 10m              Last 10h                Total
[60.154s][info][gc,stats    ]                                                              Avg / Max             Avg / Max             Avg / Max             Avg / Max
[60.154s][info][gc,stats    ]   Collector: Garbage Collection Cycle                     27.161 / 30.270       27.200 / 39.618       27.200 / 39.618       27.200 / 39.618      ms
[60.154s][info][gc,stats    ]  Contention: Mark Segment Reset Contention                     1 / 3                 2 / 12                2 / 12                2 / 12          ops/s
[60.154s][info][gc,stats    ]  Contention: Mark SeqNum Reset Contention                      0 / 2                 0 / 2                 0 / 2                 0 / 2           ops/s
[60.154s][info][gc,stats    ]    Critical: Allocation Stall                                  0 / 0                 0 / 0                 0 / 0                 0 / 0           ops/s
[60.154s][info][gc,stats    ]    Critical: Allocation Stall                              0.000 / 0.000         0.000 / 0.000         0.000 / 0.000         0.000 / 0.000       ms
[60.154s][info][gc,stats    ]    Critical: GC Locker Stall                                   0 / 0                 0 / 0                 0 / 0                 0 / 0           ops/s
[60.154s][info][gc,stats    ]    Critical: GC Locker Stall                               0.000 / 0.000         0.000 / 0.000         0.000 / 0.000         0.000 / 0.000       ms
[60.155s][info][gc,stats    ]    Critical: Relocation Stall                                  0 / 0                 0 / 0                 0 / 0                 0 / 0           ops/s
[60.155s][info][gc,stats    ]    Critical: Relocation Stall                              0.000 / 0.000         0.000 / 0.000         0.000 / 0.000         0.000 / 0.000       ms
[60.155s][info][gc,stats    ]      Memory: Allocation Rate                                 322 / 342             313 / 342             313 / 342             313 / 342         MB/s
[60.155s][info][gc,stats    ]      Memory: Defragment                                        0 / 0                 0 / 0                 0 / 0                 0 / 0           ops/s
[60.155s][info][gc,stats    ]      Memory: Out Of Memory                                     0 / 0                 0 / 0                 0 / 0                 0 / 0           ops/s
[60.155s][info][gc,stats    ]      Memory: Page Cache Flush                                  0 / 0                 0 / 0                 0 / 0                 0 / 0           MB/s
[60.155s][info][gc,stats    ]      Memory: Page Cache Hit L1                               168 / 183             153 / 195             153 / 195             153 / 195         ops/s
[60.155s][info][gc,stats    ]      Memory: Page Cache Hit L2                                 0 / 0                 0 / 0                 0 / 0                 0 / 0           ops/s
[60.155s][info][gc,stats    ]      Memory: Page Cache Hit L3                                 0 / 0                10 / 137              10 / 137              10 / 137         ops/s
[60.155s][info][gc,stats    ]      Memory: Page Cache Miss                                   0 / 0                 0 / 1                 0 / 1                 0 / 1           ops/s
[60.155s][info][gc,stats    ]      Memory: Uncommit                                          0 / 0                 0 / 0                 0 / 0                 0 / 0           MB/s
[60.155s][info][gc,stats    ]      Memory: Undo Object Allocation Failed                     0 / 0                 0 / 0                 0 / 0                 0 / 0           ops/s
[60.155s][info][gc,stats    ]      Memory: Undo Object Allocation Succeeded                  0 / 4                 0 / 4                 0 / 4                 0 / 4           ops/s
[60.155s][info][gc,stats    ]      Memory: Undo Page Allocation                              0 / 0                 0 / 0                 0 / 0                 0 / 0           ops/s
[60.155s][info][gc,stats    ]       Phase: Concurrent Mark                              16.828 / 21.554       15.652 / 24.159       15.652 / 24.159       15.652 / 24.159      ms
[60.155s][info][gc,stats    ]       Phase: Concurrent Mark Continue                      0.000 / 0.000         0.000 / 0.000         0.000 / 0.000         0.000 / 0.000       ms
[60.155s][info][gc,stats    ]       Phase: Concurrent Mark Free                          0.001 / 0.001         0.001 / 0.002         0.001 / 0.002         0.001 / 0.002       ms
[60.155s][info][gc,stats    ]       Phase: Concurrent Process Non-Strong References      0.980 / 1.052         1.142 / 5.230         1.142 / 5.230         1.142 / 5.230       ms
[60.155s][info][gc,stats    ]       Phase: Concurrent Relocate                           3.372 / 3.937         3.422 / 5.038         3.422 / 5.038         3.422 / 5.038       ms
[60.155s][info][gc,stats    ]       Phase: Concurrent Reset Relocation Set               0.008 / 0.017         0.010 / 0.022         0.010 / 0.022         0.010 / 0.022       ms
[60.155s][info][gc,stats    ]       Phase: Concurrent Select Relocation Set              4.747 / 6.677         5.728 / 15.356        5.728 / 15.356        5.728 / 15.356      ms
[60.155s][info][gc,stats    ]       Phase: Pause Mark End                                0.026 / 0.028         0.025 / 0.032         0.025 / 0.032         0.025 / 0.032       ms
[60.155s][info][gc,stats    ]       Phase: Pause Mark Start                              0.018 / 0.020         0.018 / 0.020         0.018 / 0.020         0.018 / 0.020       ms
[60.155s][info][gc,stats    ]       Phase: Pause Relocate Start                          0.009 / 0.010         0.010 / 0.028         0.010 / 0.028         0.010 / 0.028       ms
[60.155s][info][gc,stats    ]    Subphase: Concurrent Classes Purge                      0.008 / 0.021         0.070 / 0.876         0.070 / 0.876         0.070 / 0.876       ms
[60.155s][info][gc,stats    ]    Subphase: Concurrent Classes Unlink                     0.669 / 0.708         0.767 / 4.065         0.767 / 4.065         0.767 / 4.065       ms
[60.155s][info][gc,stats    ]    Subphase: Concurrent Mark                              13.122 / 20.483       13.611 / 23.147       13.611 / 23.147       13.611 / 23.147      ms
[60.155s][info][gc,stats    ]    Subphase: Concurrent Mark Try Flush                     0.068 / 0.115         0.067 / 0.145         0.067 / 0.145         0.067 / 0.145       ms
[60.155s][info][gc,stats    ]    Subphase: Concurrent Mark Try Terminate                 8.467 / 16.211        8.331 / 16.211        8.331 / 16.211        8.331 / 16.211      ms
[60.156s][info][gc,stats    ]    Subphase: Concurrent References Enqueue                 0.000 / 0.001         0.001 / 0.004         0.001 / 0.004         0.001 / 0.004       ms
[60.156s][info][gc,stats    ]    Subphase: Concurrent References Process                 0.041 / 0.048         0.043 / 0.087         0.043 / 0.087         0.043 / 0.087       ms
[60.156s][info][gc,stats    ]    Subphase: Concurrent Roots ClassLoaderDataGraph         0.094 / 0.716         0.088 / 0.896         0.088 / 0.896         0.088 / 0.896       ms
[60.156s][info][gc,stats    ]    Subphase: Concurrent Roots CodeCache                    0.000 / 0.000         0.000 / 0.000         0.000 / 0.000         0.000 / 0.000       ms
[60.156s][info][gc,stats    ]    Subphase: Concurrent Roots JavaThreads                  0.513 / 1.030         0.487 / 1.189         0.487 / 1.189         0.487 / 1.189       ms
[60.156s][info][gc,stats    ]    Subphase: Concurrent Roots OopStorageSet                0.018 / 0.060         0.022 / 0.190         0.022 / 0.190         0.022 / 0.190       ms
[60.156s][info][gc,stats    ]    Subphase: Concurrent Weak Roots OopStorageSet           0.143 / 0.174         0.140 / 0.179         0.140 / 0.179         0.140 / 0.179       ms
[60.156s][info][gc,stats    ]    Subphase: Pause Mark Try Complete                       0.000 / 0.000         0.000 / 0.000         0.000 / 0.000         0.000 / 0.000       ms
[60.156s][info][gc,stats    ]      System: Java Threads                                     33 / 34               31 / 34               31 / 34               31 / 34          threads
[60.156s][info][gc,stats    ] =========================================================================================================================================================
[61.154s][info][gc,start    ] GC(35) Garbage Collection (Proactive)
[61.154s][info][gc,task     ] GC(35) Using 12 workers
[61.154s][info][gc,phases   ] GC(35) Pause Mark Start 0.017ms
[61.169s][info][gc,phases   ] GC(35) Concurrent Mark 15.164ms
[61.170s][info][gc,phases   ] GC(35) Pause Mark End 0.025ms
[61.170s][info][gc,phases   ] GC(35) Concurrent Mark Free 0.002ms
[61.171s][info][gc,phases   ] GC(35) Concurrent Process Non-Strong References 0.999ms
[61.171s][info][gc,phases   ] GC(35) Concurrent Reset Relocation Set 0.020ms
[61.178s][info][gc,phases   ] GC(35) Concurrent Select Relocation Set 6.817ms
[61.178s][info][gc,phases   ] GC(35) Pause Relocate Start 0.009ms
[61.182s][info][gc,phases   ] GC(35) Concurrent Relocate 3.555ms
[61.182s][info][gc,load     ] GC(35) Load: 0.00/0.00/0.00
[61.182s][info][gc,mmu      ] GC(35) MMU: 2ms/98.4%, 5ms/99.4%, 10ms/99.6%, 20ms/99.7%, 50ms/99.8%, 100ms/99.9%
[61.182s][info][gc,marking  ] GC(35) Mark: 8 stripe(s), 2 proactive flush(es), 1 terminate flush(es), 0 completion(s), 0 continuation(s) 
[61.182s][info][gc,marking  ] GC(35) Mark Stack Usage: 32M
[61.182s][info][gc,nmethod  ] GC(35) NMethods: 1906 registered, 366 unregistered
[61.182s][info][gc,metaspace] GC(35) Metaspace: 9M used, 9M committed, 1088M reserved
[61.182s][info][gc,ref      ] GC(35) Soft: 214 encountered, 0 discovered, 0 enqueued
[61.182s][info][gc,ref      ] GC(35) Weak: 805 encountered, 7 discovered, 0 enqueued
[61.182s][info][gc,ref      ] GC(35) Final: 0 encountered, 0 discovered, 0 enqueued
[61.182s][info][gc,ref      ] GC(35) Phantom: 27 encountered, 20 discovered, 0 enqueued
[61.182s][info][gc,reloc    ] GC(35) Small Pages: 308 / 616M, Empty: 366M, Relocated: 4M, In-Place: 0
[61.182s][info][gc,reloc    ] GC(35) Medium Pages: 0 / 0M, Empty: 0M, Relocated: 0M, In-Place: 0
[61.182s][info][gc,reloc    ] GC(35) Large Pages: 0 / 0M, Empty: 0M, Relocated: 0M, In-Place: 0
[61.182s][info][gc,reloc    ] GC(35) Forwarding Usage: 1M
[61.182s][info][gc,heap     ] GC(35) Min Capacity: 8M(0%)
[61.182s][info][gc,heap     ] GC(35) Max Capacity: 4096M(100%)
[61.182s][info][gc,heap     ] GC(35) Soft Max Capacity: 4096M(100%)
[61.182s][info][gc,heap     ] GC(35)                Mark Start          Mark End        Relocate Start      Relocate End           High               Low         
[61.182s][info][gc,heap     ] GC(35)  Capacity:     2048M (50%)        2048M (50%)        2048M (50%)        2048M (50%)        2048M (50%)        2048M (50%)    
[61.182s][info][gc,heap     ] GC(35)      Free:     3480M (85%)        3464M (85%)        3828M (93%)        4050M (99%)        4050M (99%)        3464M (85%)    
[61.182s][info][gc,heap     ] GC(35)      Used:      616M (15%)         632M (15%)         268M (7%)           46M (1%)          632M (15%)          46M (1%)     
[61.182s][info][gc,heap     ] GC(35)      Live:         -                 6M (0%)            6M (0%)            6M (0%)             -                  -          
[61.182s][info][gc,heap     ] GC(35) Allocated:         -                16M (0%)           18M (0%)           19M (0%)             -                  -          
[61.182s][info][gc,heap     ] GC(35)   Garbage:         -               609M (15%)         243M (6%)           19M (0%)             -                  -          
[61.182s][info][gc,heap     ] GC(35) Reclaimed:         -                  -               366M (9%)          589M (14%)            -                  -          
[61.182s][info][gc          ] GC(35) Garbage Collection (Proactive) 616M(15%)->46M(1%)
[62.854s][info][gc,start    ] GC(36) Garbage Collection (Proactive)
[62.854s][info][gc,task     ] GC(36) Using 12 workers
[62.855s][info][gc,phases   ] GC(36) Pause Mark Start 0.019ms
[62.870s][info][gc,phases   ] GC(36) Concurrent Mark 15.122ms
[62.870s][info][gc,phases   ] GC(36) Pause Mark End 0.026ms
[62.870s][info][gc,phases   ] GC(36) Concurrent Mark Free 0.001ms
[62.871s][info][gc,phases   ] GC(36) Concurrent Process Non-Strong References 1.011ms
[62.871s][info][gc,phases   ] GC(36) Concurrent Reset Relocation Set 0.018ms
[62.875s][info][gc,phases   ] GC(36) Concurrent Select Relocation Set 3.764ms
[62.875s][info][gc,phases   ] GC(36) Pause Relocate Start 0.009ms
[62.878s][info][gc,phases   ] GC(36) Concurrent Relocate 3.017ms
[62.879s][info][gc,load     ] GC(36) Load: 0.00/0.00/0.00
[62.879s][info][gc,mmu      ] GC(36) MMU: 2ms/98.4%, 5ms/99.4%, 10ms/99.6%, 20ms/99.7%, 50ms/99.8%, 100ms/99.9%
[62.879s][info][gc,marking  ] GC(36) Mark: 8 stripe(s), 2 proactive flush(es), 1 terminate flush(es), 0 completion(s), 0 continuation(s) 
[62.879s][info][gc,marking  ] GC(36) Mark Stack Usage: 32M
[62.879s][info][gc,nmethod  ] GC(36) NMethods: 1906 registered, 366 unregistered
[62.879s][info][gc,metaspace] GC(36) Metaspace: 9M used, 9M committed, 1088M reserved
[62.879s][info][gc,ref      ] GC(36) Soft: 214 encountered, 0 discovered, 0 enqueued
[62.879s][info][gc,ref      ] GC(36) Weak: 805 encountered, 6 discovered, 0 enqueued
[62.879s][info][gc,ref      ] GC(36) Final: 0 encountered, 0 discovered, 0 enqueued
[62.879s][info][gc,ref      ] GC(36) Phantom: 27 encountered, 22 discovered, 0 enqueued
[62.879s][info][gc,reloc    ] GC(36) Small Pages: 285 / 570M, Empty: 438M, Relocated: 4M, In-Place: 0
[62.879s][info][gc,reloc    ] GC(36) Medium Pages: 0 / 0M, Empty: 0M, Relocated: 0M, In-Place: 0
[62.879s][info][gc,reloc    ] GC(36) Large Pages: 0 / 0M, Empty: 0M, Relocated: 0M, In-Place: 0
[62.879s][info][gc,reloc    ] GC(36) Forwarding Usage: 1M
[62.879s][info][gc,heap     ] GC(36) Min Capacity: 8M(0%)
[62.879s][info][gc,heap     ] GC(36) Max Capacity: 4096M(100%)
[62.879s][info][gc,heap     ] GC(36) Soft Max Capacity: 4096M(100%)
[62.879s][info][gc,heap     ] GC(36)                Mark Start          Mark End        Relocate Start      Relocate End           High               Low         
[62.879s][info][gc,heap     ] GC(36)  Capacity:     2048M (50%)        2048M (50%)        2048M (50%)        2048M (50%)        2048M (50%)        2048M (50%)    
[62.879s][info][gc,heap     ] GC(36)      Free:     3526M (86%)        3506M (86%)        3944M (96%)        4048M (99%)        4048M (99%)        3506M (86%)    
[62.879s][info][gc,heap     ] GC(36)      Used:      570M (14%)         590M (14%)         152M (4%)           48M (1%)          590M (14%)          48M (1%)     
[62.879s][info][gc,heap     ] GC(36)      Live:         -                 6M (0%)            6M (0%)            6M (0%)             -                  -          
[62.879s][info][gc,heap     ] GC(36) Allocated:         -                20M (0%)           20M (0%)           21M (1%)             -                  -          
[62.879s][info][gc,heap     ] GC(36)   Garbage:         -               563M (14%)         125M (3%)           19M (0%)             -                  -          
[62.879s][info][gc,heap     ] GC(36) Reclaimed:         -                  -               438M (11%)         543M (13%)            -                  -          
[62.879s][info][gc          ] GC(36) Garbage Collection (Proactive) 570M(14%)->48M(1%)
[64.456s][info][gc,start    ] GC(37) Garbage Collection (Proactive)
[64.456s][info][gc,task     ] GC(37) Using 12 workers
[64.456s][info][gc,phases   ] GC(37) Pause Mark Start 0.017ms
[64.471s][info][gc,phases   ] GC(37) Concurrent Mark 15.124ms
[64.471s][info][gc,phases   ] GC(37) Pause Mark End 0.028ms
[64.472s][info][gc,phases   ] GC(37) Concurrent Mark Free 0.001ms
[64.473s][info][gc,phases   ] GC(37) Concurrent Process Non-Strong References 1.053ms
[64.473s][info][gc,phases   ] GC(37) Concurrent Reset Relocation Set 0.011ms
[64.480s][info][gc,phases   ] GC(37) Concurrent Select Relocation Set 6.796ms
[64.480s][info][gc,phases   ] GC(37) Pause Relocate Start 0.010ms
[64.483s][info][gc,phases   ] GC(37) Concurrent Relocate 3.048ms
[64.483s][info][gc,load     ] GC(37) Load: 0.00/0.00/0.00
[64.483s][info][gc,mmu      ] GC(37) MMU: 2ms/98.4%, 5ms/99.4%, 10ms/99.6%, 20ms/99.7%, 50ms/99.8%, 100ms/99.9%
[64.483s][info][gc,marking  ] GC(37) Mark: 8 stripe(s), 2 proactive flush(es), 1 terminate flush(es), 0 completion(s), 0 continuation(s) 
[64.483s][info][gc,marking  ] GC(37) Mark Stack Usage: 32M
[64.483s][info][gc,nmethod  ] GC(37) NMethods: 1906 registered, 366 unregistered
[64.483s][info][gc,metaspace] GC(37) Metaspace: 9M used, 9M committed, 1088M reserved
[64.483s][info][gc,ref      ] GC(37) Soft: 214 encountered, 0 discovered, 0 enqueued
[64.483s][info][gc,ref      ] GC(37) Weak: 805 encountered, 435 discovered, 0 enqueued
[64.483s][info][gc,ref      ] GC(37) Final: 0 encountered, 0 discovered, 0 enqueued
[64.483s][info][gc,ref      ] GC(37) Phantom: 27 encountered, 18 discovered, 0 enqueued
[64.483s][info][gc,reloc    ] GC(37) Small Pages: 269 / 538M, Empty: 414M, Relocated: 5M, In-Place: 0
[64.483s][info][gc,reloc    ] GC(37) Medium Pages: 0 / 0M, Empty: 0M, Relocated: 0M, In-Place: 0
[64.483s][info][gc,reloc    ] GC(37) Large Pages: 0 / 0M, Empty: 0M, Relocated: 0M, In-Place: 0
[64.483s][info][gc,reloc    ] GC(37) Forwarding Usage: 1M
[64.483s][info][gc,heap     ] GC(37) Min Capacity: 8M(0%)
[64.483s][info][gc,heap     ] GC(37) Max Capacity: 4096M(100%)
[64.483s][info][gc,heap     ] GC(37) Soft Max Capacity: 4096M(100%)
[64.483s][info][gc,heap     ] GC(37)                Mark Start          Mark End        Relocate Start      Relocate End           High               Low         
[64.484s][info][gc,heap     ] GC(37)  Capacity:     2048M (50%)        2048M (50%)        2048M (50%)        2048M (50%)        2048M (50%)        2048M (50%)    
[64.484s][info][gc,heap     ] GC(37)      Free:     3558M (87%)        3536M (86%)        3950M (96%)        4048M (99%)        4048M (99%)        3536M (86%)    
[64.484s][info][gc,heap     ] GC(37)      Used:      538M (13%)         560M (14%)         146M (4%)           48M (1%)          560M (14%)          48M (1%)     
[64.484s][info][gc,heap     ] GC(37)      Live:         -                 6M (0%)            6M (0%)            6M (0%)             -                  -          
[64.484s][info][gc,heap     ] GC(37) Allocated:         -                22M (1%)           22M (1%)           21M (1%)             -                  -          
[64.484s][info][gc,heap     ] GC(37)   Garbage:         -               531M (13%)         117M (3%)           19M (0%)             -                  -          
[64.484s][info][gc,heap     ] GC(37) Reclaimed:         -                  -               414M (10%)         511M (12%)            -                  -          
[64.484s][info][gc          ] GC(37) Garbage Collection (Proactive) 538M(13%)->48M(1%)
[64.609s][info][gc,start    ] GC(38) Garbage Collection (System.gc())
[64.609s][info][gc,task     ] GC(38) Using 12 workers
[64.609s][info][gc,phases   ] GC(38) Pause Mark Start 0.017ms
[64.616s][info][gc,phases   ] GC(38) Concurrent Mark 6.485ms
[64.616s][info][gc,phases   ] GC(38) Pause Mark End 0.022ms
[64.616s][info][gc,phases   ] GC(38) Concurrent Mark Free 0.001ms
[64.617s][info][gc,phases   ] GC(38) Concurrent Process Non-Strong References 0.946ms
[64.617s][info][gc,phases   ] GC(38) Concurrent Reset Relocation Set 0.011ms
[64.621s][info][gc,phases   ] GC(38) Concurrent Select Relocation Set 3.883ms
[64.621s][info][gc,phases   ] GC(38) Pause Relocate Start 0.010ms
[64.625s][info][gc,phases   ] GC(38) Concurrent Relocate 3.345ms
[64.625s][info][gc,load     ] GC(38) Load: 0.00/0.00/0.00
[64.625s][info][gc,mmu      ] GC(38) MMU: 2ms/98.4%, 5ms/99.4%, 10ms/99.6%, 20ms/99.7%, 50ms/99.8%, 100ms/99.9%
[64.625s][info][gc,marking  ] GC(38) Mark: 8 stripe(s), 2 proactive flush(es), 1 terminate flush(es), 0 completion(s), 0 continuation(s) 
[64.625s][info][gc,marking  ] GC(38) Mark Stack Usage: 32M
[64.625s][info][gc,nmethod  ] GC(38) NMethods: 1906 registered, 366 unregistered
[64.625s][info][gc,metaspace] GC(38) Metaspace: 9M used, 9M committed, 1088M reserved
[64.625s][info][gc,ref      ] GC(38) Soft: 214 encountered, 0 discovered, 0 enqueued
[64.625s][info][gc,ref      ] GC(38) Weak: 805 encountered, 34 discovered, 0 enqueued
[64.625s][info][gc,ref      ] GC(38) Final: 0 encountered, 0 discovered, 0 enqueued
[64.625s][info][gc,ref      ] GC(38) Phantom: 27 encountered, 15 discovered, 0 enqueued
[64.625s][info][gc,reloc    ] GC(38) Small Pages: 42 / 84M, Empty: 58M, Relocated: 4M, In-Place: 0
[64.625s][info][gc,reloc    ] GC(38) Medium Pages: 0 / 0M, Empty: 0M, Relocated: 0M, In-Place: 0
[64.625s][info][gc,reloc    ] GC(38) Large Pages: 0 / 0M, Empty: 0M, Relocated: 0M, In-Place: 0
[64.625s][info][gc,reloc    ] GC(38) Forwarding Usage: 1M
[64.625s][info][gc,heap     ] GC(38) Min Capacity: 8M(0%)
[64.625s][info][gc,heap     ] GC(38) Max Capacity: 4096M(100%)
[64.625s][info][gc,heap     ] GC(38) Soft Max Capacity: 4096M(100%)
[64.625s][info][gc,heap     ] GC(38)                Mark Start          Mark End        Relocate Start      Relocate End           High               Low         
[64.625s][info][gc,heap     ] GC(38)  Capacity:     2048M (50%)        2048M (50%)        2048M (50%)        2048M (50%)        2048M (50%)        2048M (50%)    
[64.625s][info][gc,heap     ] GC(38)      Free:     4012M (98%)        4012M (98%)        4070M (99%)        4072M (99%)        4072M (99%)        4012M (98%)    
[64.626s][info][gc,heap     ] GC(38)      Used:       84M (2%)           84M (2%)           26M (1%)           24M (1%)           84M (2%)           24M (1%)     
[64.626s][info][gc,heap     ] GC(38)      Live:         -                 4M (0%)            4M (0%)            4M (0%)             -                  -          
[64.626s][info][gc,heap     ] GC(38) Allocated:         -                 0M (0%)            0M (0%)            0M (0%)             -                  -          
[64.626s][info][gc,heap     ] GC(38)   Garbage:         -                79M (2%)           21M (1%)           19M (0%)             -                  -          
[64.626s][info][gc,heap     ] GC(38) Reclaimed:         -                  -                58M (1%)           60M (1%)             -                  -          
[64.626s][info][gc          ] GC(38) Garbage Collection (System.gc()) 84M(2%)->24M(1%)
[66.455s][info][gc,start    ] GC(39) Garbage Collection (Proactive)
[66.455s][info][gc,task     ] GC(39) Using 12 workers
[66.455s][info][gc,phases   ] GC(39) Pause Mark Start 0.017ms
[66.471s][info][gc,phases   ] GC(39) Concurrent Mark 15.181ms
[66.471s][info][gc,phases   ] GC(39) Pause Mark End 0.025ms
[66.471s][info][gc,phases   ] GC(39) Concurrent Mark Free 0.001ms
[66.472s][info][gc,phases   ] GC(39) Concurrent Process Non-Strong References 1.087ms
[66.472s][info][gc,phases   ] GC(39) Concurrent Reset Relocation Set 0.003ms
[66.479s][info][gc,phases   ] GC(39) Concurrent Select Relocation Set 6.632ms
[66.479s][info][gc,phases   ] GC(39) Pause Relocate Start 0.011ms
[66.483s][info][gc,phases   ] GC(39) Concurrent Relocate 3.627ms
[66.483s][info][gc,load     ] GC(39) Load: 0.00/0.00/0.00
[66.483s][info][gc,mmu      ] GC(39) MMU: 2ms/98.4%, 5ms/99.4%, 10ms/99.6%, 20ms/99.7%, 50ms/99.8%, 100ms/99.9%
[66.483s][info][gc,marking  ] GC(39) Mark: 8 stripe(s), 2 proactive flush(es), 1 terminate flush(es), 0 completion(s), 0 continuation(s) 
[66.483s][info][gc,marking  ] GC(39) Mark Stack Usage: 32M
[66.483s][info][gc,nmethod  ] GC(39) NMethods: 1907 registered, 367 unregistered
[66.483s][info][gc,metaspace] GC(39) Metaspace: 9M used, 9M committed, 1088M reserved
[66.483s][info][gc,ref      ] GC(39) Soft: 214 encountered, 0 discovered, 0 enqueued
[66.483s][info][gc,ref      ] GC(39) Weak: 805 encountered, 8 discovered, 0 enqueued
[66.483s][info][gc,ref      ] GC(39) Final: 0 encountered, 0 discovered, 0 enqueued
[66.483s][info][gc,ref      ] GC(39) Phantom: 27 encountered, 16 discovered, 0 enqueued
[66.483s][info][gc,reloc    ] GC(39) Small Pages: 302 / 604M, Empty: 392M, Relocated: 5M, In-Place: 0
[66.483s][info][gc,reloc    ] GC(39) Medium Pages: 0 / 0M, Empty: 0M, Relocated: 0M, In-Place: 0
[66.483s][info][gc,reloc    ] GC(39) Large Pages: 0 / 0M, Empty: 0M, Relocated: 0M, In-Place: 0
[66.483s][info][gc,reloc    ] GC(39) Forwarding Usage: 1M
[66.483s][info][gc,heap     ] GC(39) Min Capacity: 8M(0%)
[66.483s][info][gc,heap     ] GC(39) Max Capacity: 4096M(100%)
[66.483s][info][gc,heap     ] GC(39) Soft Max Capacity: 4096M(100%)
[66.483s][info][gc,heap     ] GC(39)                Mark Start          Mark End        Relocate Start      Relocate End           High               Low         
[66.483s][info][gc,heap     ] GC(39)  Capacity:     2048M (50%)        2048M (50%)        2048M (50%)        2048M (50%)        2048M (50%)        2048M (50%)    
[66.483s][info][gc,heap     ] GC(39)      Free:     3492M (85%)        3472M (85%)        3860M (94%)        4046M (99%)        4046M (99%)        3472M (85%)    
[66.483s][info][gc,heap     ] GC(39)      Used:      604M (15%)         624M (15%)         236M (6%)           50M (1%)          624M (15%)          50M (1%)     
[66.483s][info][gc,heap     ] GC(39)      Live:         -                 6M (0%)            6M (0%)            6M (0%)             -                  -          
[66.484s][info][gc,heap     ] GC(39) Allocated:         -                20M (0%)           24M (1%)           23M (1%)             -                  -          
[66.484s][info][gc,heap     ] GC(39)   Garbage:         -               597M (15%)         205M (5%)           19M (0%)             -                  -          
[66.484s][info][gc,heap     ] GC(39) Reclaimed:         -                  -               392M (10%)         577M (14%)            -                  -          
[66.484s][info][gc          ] GC(39) Garbage Collection (Proactive) 604M(15%)->50M(1%)
[68.555s][info][gc,start    ] GC(40) Garbage Collection (Proactive)
[68.555s][info][gc,task     ] GC(40) Using 12 workers
[68.555s][info][gc,phases   ] GC(40) Pause Mark Start 0.019ms
[68.570s][info][gc,phases   ] GC(40) Concurrent Mark 15.123ms
[68.571s][info][gc,phases   ] GC(40) Pause Mark End 0.021ms
[68.585s][info][gc,phases   ] GC(40) Concurrent Mark Free 0.001ms
[68.586s][info][gc,phases   ] GC(40) Concurrent Process Non-Strong References 1.000ms
[68.586s][info][gc,phases   ] GC(40) Concurrent Reset Relocation Set 0.016ms
[68.593s][info][gc,phases   ] GC(40) Concurrent Select Relocation Set 6.972ms
[68.593s][info][gc,phases   ] GC(40) Pause Relocate Start 0.009ms
[68.596s][info][gc,phases   ] GC(40) Concurrent Relocate 3.010ms
[68.596s][info][gc,load     ] GC(40) Load: 0.00/0.00/0.00
[68.596s][info][gc,mmu      ] GC(40) MMU: 2ms/98.4%, 5ms/99.4%, 10ms/99.6%, 20ms/99.7%, 50ms/99.8%, 100ms/99.9%
[68.596s][info][gc,marking  ] GC(40) Mark: 8 stripe(s), 2 proactive flush(es), 1 terminate flush(es), 0 completion(s), 0 continuation(s) 
[68.596s][info][gc,marking  ] GC(40) Mark Stack Usage: 32M
[68.596s][info][gc,nmethod  ] GC(40) NMethods: 1907 registered, 367 unregistered
[68.596s][info][gc,metaspace] GC(40) Metaspace: 9M used, 9M committed, 1088M reserved
[68.596s][info][gc,ref      ] GC(40) Soft: 214 encountered, 0 discovered, 0 enqueued
[68.596s][info][gc,ref      ] GC(40) Weak: 805 encountered, 49 discovered, 0 enqueued
[68.596s][info][gc,ref      ] GC(40) Final: 0 encountered, 0 discovered, 0 enqueued
[68.597s][info][gc,ref      ] GC(40) Phantom: 27 encountered, 11 discovered, 0 enqueued
[68.597s][info][gc,reloc    ] GC(40) Small Pages: 344 / 688M, Empty: 564M, Relocated: 5M, In-Place: 0
[68.597s][info][gc,reloc    ] GC(40) Medium Pages: 0 / 0M, Empty: 0M, Relocated: 0M, In-Place: 0
[68.597s][info][gc,reloc    ] GC(40) Large Pages: 0 / 0M, Empty: 0M, Relocated: 0M, In-Place: 0
[68.597s][info][gc,reloc    ] GC(40) Forwarding Usage: 1M
[68.597s][info][gc,heap     ] GC(40) Min Capacity: 8M(0%)
[68.597s][info][gc,heap     ] GC(40) Max Capacity: 4096M(100%)
[68.597s][info][gc,heap     ] GC(40) Soft Max Capacity: 4096M(100%)
[68.597s][info][gc,heap     ] GC(40)                Mark Start          Mark End        Relocate Start      Relocate End           High               Low         
[68.597s][info][gc,heap     ] GC(40)  Capacity:     2048M (50%)        2048M (50%)        2048M (50%)        2048M (50%)        2048M (50%)        2048M (50%)    
[68.597s][info][gc,heap     ] GC(40)      Free:     3408M (83%)        3382M (83%)        3942M (96%)        4040M (99%)        4040M (99%)        3378M (82%)    
[68.597s][info][gc,heap     ] GC(40)      Used:      688M (17%)         714M (17%)         154M (4%)           56M (1%)          718M (18%)          56M (1%)     
[68.597s][info][gc,heap     ] GC(40)      Live:         -                 6M (0%)            6M (0%)            6M (0%)             -                  -          
[68.597s][info][gc,heap     ] GC(40) Allocated:         -                26M (1%)           30M (1%)           29M (1%)             -                  -          
[68.597s][info][gc,heap     ] GC(40)   Garbage:         -               681M (17%)         117M (3%)           19M (0%)             -                  -          
[68.597s][info][gc,heap     ] GC(40) Reclaimed:         -                  -               564M (14%)         661M (16%)            -                  -          
[68.597s][info][gc          ] GC(40) Garbage Collection (Proactive) 688M(17%)->56M(1%)
[70.155s][info][gc,stats    ] === Garbage Collection Statistics =======================================================================================================================
[70.155s][info][gc,stats    ]                                                              Last 10s              Last 10m              Last 10h                Total
[70.155s][info][gc,stats    ]                                                              Avg / Max             Avg / Max             Avg / Max             Avg / Max
[70.155s][info][gc,stats    ]   Collector: Garbage Collection Cycle                     27.396 / 41.434       27.229 / 41.434       27.229 / 41.434       27.229 / 41.434      ms
[70.155s][info][gc,stats    ]  Contention: Mark Segment Reset Contention                     1 / 5                 2 / 12                2 / 12                2 / 12          ops/s
[70.155s][info][gc,stats    ]  Contention: Mark SeqNum Reset Contention                      0 / 1                 0 / 2                 0 / 2                 0 / 2           ops/s
[70.155s][info][gc,stats    ]    Critical: Allocation Stall                                  0 / 0                 0 / 0                 0 / 0                 0 / 0           ops/s
[70.156s][info][gc,stats    ]    Critical: Allocation Stall                              0.000 / 0.000         0.000 / 0.000         0.000 / 0.000         0.000 / 0.000       ms
[70.156s][info][gc,stats    ]    Critical: GC Locker Stall                                   0 / 0                 0 / 0                 0 / 0                 0 / 0           ops/s
[70.156s][info][gc,stats    ]    Critical: GC Locker Stall                               0.000 / 0.000         0.000 / 0.000         0.000 / 0.000         0.000 / 0.000       ms
[70.156s][info][gc,stats    ]    Critical: Relocation Stall                                  0 / 0                 0 / 0                 0 / 0                 0 / 0           ops/s
[70.156s][info][gc,stats    ]    Critical: Relocation Stall                              0.000 / 0.000         0.000 / 0.000         0.000 / 0.000         0.000 / 0.000       ms
[70.156s][info][gc,stats    ]      Memory: Allocation Rate                                 318 / 330             314 / 342             314 / 342             314 / 342         MB/s
[70.156s][info][gc,stats    ]      Memory: Defragment                                        0 / 0                 0 / 0                 0 / 0                 0 / 0           ops/s
[70.156s][info][gc,stats    ]      Memory: Out Of Memory                                     0 / 0                 0 / 0                 0 / 0                 0 / 0           ops/s
[70.156s][info][gc,stats    ]      Memory: Page Cache Flush                                  0 / 0                 0 / 0                 0 / 0                 0 / 0           MB/s
[70.156s][info][gc,stats    ]      Memory: Page Cache Hit L1                               166 / 189             155 / 195             155 / 195             155 / 195         ops/s
[70.156s][info][gc,stats    ]      Memory: Page Cache Hit L2                                 0 / 0                 0 / 0                 0 / 0                 0 / 0           ops/s
[70.156s][info][gc,stats    ]      Memory: Page Cache Hit L3                                 0 / 0                 9 / 137               9 / 137               9 / 137         ops/s
[70.156s][info][gc,stats    ]      Memory: Page Cache Miss                                   0 / 0                 0 / 1                 0 / 1                 0 / 1           ops/s
[70.156s][info][gc,stats    ]      Memory: Uncommit                                          0 / 0                 0 / 0                 0 / 0                 0 / 0           MB/s
[70.156s][info][gc,stats    ]      Memory: Undo Object Allocation Failed                     0 / 0                 0 / 0                 0 / 0                 0 / 0           ops/s
[70.156s][info][gc,stats    ]      Memory: Undo Object Allocation Succeeded                  0 / 4                 0 / 4                 0 / 4                 0 / 4           ops/s
[70.156s][info][gc,stats    ]      Memory: Undo Page Allocation                              0 / 0                 0 / 0                 0 / 0                 0 / 0           ops/s
[70.156s][info][gc,stats    ]       Phase: Concurrent Mark                              13.700 / 15.181       15.366 / 24.159       15.366 / 24.159       15.366 / 24.159      ms
[70.156s][info][gc,stats    ]       Phase: Concurrent Mark Continue                      0.000 / 0.000         0.000 / 0.000         0.000 / 0.000         0.000 / 0.000       ms
[70.156s][info][gc,stats    ]       Phase: Concurrent Mark Free                          0.001 / 0.002         0.001 / 0.002         0.001 / 0.002         0.001 / 0.002       ms
[70.156s][info][gc,stats    ]       Phase: Concurrent Process Non-Strong References      1.016 / 1.087         1.123 / 5.230         1.123 / 5.230         1.123 / 5.230       ms
[70.156s][info][gc,stats    ]       Phase: Concurrent Relocate                           3.267 / 3.627         3.399 / 5.038         3.399 / 5.038         3.399 / 5.038       ms
[70.156s][info][gc,stats    ]       Phase: Concurrent Reset Relocation Set               0.013 / 0.020         0.010 / 0.022         0.010 / 0.022         0.010 / 0.022       ms
[70.156s][info][gc,stats    ]       Phase: Concurrent Select Relocation Set              5.811 / 6.972         5.740 / 15.356        5.740 / 15.356        5.740 / 15.356      ms
[70.156s][info][gc,stats    ]       Phase: Pause Mark End                                0.025 / 0.028         0.025 / 0.032         0.025 / 0.032         0.025 / 0.032       ms
[70.156s][info][gc,stats    ]       Phase: Pause Mark Start                              0.018 / 0.019         0.018 / 0.020         0.018 / 0.020         0.018 / 0.020       ms
[70.156s][info][gc,stats    ]       Phase: Pause Relocate Start                          0.009 / 0.011         0.010 / 0.028         0.010 / 0.028         0.010 / 0.028       ms
[70.156s][info][gc,stats    ]    Subphase: Concurrent Classes Purge                      0.008 / 0.022         0.061 / 0.876         0.061 / 0.876         0.061 / 0.876       ms
[70.156s][info][gc,stats    ]    Subphase: Concurrent Classes Unlink                     0.695 / 0.733         0.756 / 4.065         0.756 / 4.065         0.756 / 4.065       ms
[70.157s][info][gc,stats    ]    Subphase: Concurrent Mark                              11.908 / 14.072       13.362 / 23.147       13.362 / 23.147       13.362 / 23.147      ms
[70.157s][info][gc,stats    ]    Subphase: Concurrent Mark Try Flush                     0.073 / 0.103         0.068 / 0.145         0.068 / 0.145         0.068 / 0.145       ms
[70.157s][info][gc,stats    ]    Subphase: Concurrent Mark Try Terminate                 6.867 / 11.898        8.114 / 16.211        8.114 / 16.211        8.114 / 16.211      ms
[70.157s][info][gc,stats    ]    Subphase: Concurrent References Enqueue                 0.000 / 0.001         0.001 / 0.004         0.001 / 0.004         0.001 / 0.004       ms
[70.157s][info][gc,stats    ]    Subphase: Concurrent References Process                 0.047 / 0.089         0.044 / 0.089         0.044 / 0.089         0.044 / 0.089       ms
[70.157s][info][gc,stats    ]    Subphase: Concurrent Roots ClassLoaderDataGraph         0.081 / 0.683         0.087 / 0.896         0.087 / 0.896         0.087 / 0.896       ms
[70.157s][info][gc,stats    ]    Subphase: Concurrent Roots CodeCache                    0.000 / 0.000         0.000 / 0.000         0.000 / 0.000         0.000 / 0.000       ms
[70.157s][info][gc,stats    ]    Subphase: Concurrent Roots JavaThreads                  0.527 / 1.015         0.493 / 1.189         0.493 / 1.189         0.493 / 1.189       ms
[70.157s][info][gc,stats    ]    Subphase: Concurrent Roots OopStorageSet                0.016 / 0.054         0.021 / 0.190         0.021 / 0.190         0.021 / 0.190       ms
[70.157s][info][gc,stats    ]    Subphase: Concurrent Weak Roots OopStorageSet           0.143 / 0.181         0.140 / 0.181         0.140 / 0.181         0.140 / 0.181       ms
[70.157s][info][gc,stats    ]    Subphase: Pause Mark Try Complete                       0.000 / 0.000         0.000 / 0.000         0.000 / 0.000         0.000 / 0.000       ms
[70.157s][info][gc,stats    ]      System: Java Threads                                     34 / 34               31 / 34               31 / 34               31 / 34          threads
[70.157s][info][gc,stats    ] =========================================================================================================================================================
[71.686s][info][gc,start    ] GC(41) Garbage Collection (System.gc())
[71.686s][info][gc,task     ] GC(41) Using 12 workers
[71.686s][info][gc,phases   ] GC(41) Pause Mark Start 0.017ms
[71.700s][info][gc,phases   ] GC(41) Concurrent Mark 13.693ms
[71.700s][info][gc,phases   ] GC(41) Pause Mark End 0.023ms
[71.701s][info][gc,phases   ] GC(41) Concurrent Mark Free 0.001ms
[71.701s][info][gc,phases   ] GC(41) Concurrent Process Non-Strong References 0.921ms
[71.702s][info][gc,phases   ] GC(41) Concurrent Reset Relocation Set 0.010ms
[71.705s][info][gc,phases   ] GC(41) Concurrent Select Relocation Set 3.912ms
[71.706s][info][gc,phases   ] GC(41) Pause Relocate Start 0.010ms
[71.709s][info][gc,phases   ] GC(41) Concurrent Relocate 3.402ms
[71.709s][info][gc,load     ] GC(41) Load: 0.00/0.00/0.00
[71.709s][info][gc,mmu      ] GC(41) MMU: 2ms/98.4%, 5ms/99.4%, 10ms/99.6%, 20ms/99.7%, 50ms/99.8%, 100ms/99.9%
[71.709s][info][gc,marking  ] GC(41) Mark: 8 stripe(s), 1 proactive flush(es), 1 terminate flush(es), 0 completion(s), 0 continuation(s) 
[71.709s][info][gc,marking  ] GC(41) Mark Stack Usage: 32M
[71.709s][info][gc,nmethod  ] GC(41) NMethods: 1907 registered, 367 unregistered
[71.709s][info][gc,metaspace] GC(41) Metaspace: 9M used, 9M committed, 1088M reserved
[71.709s][info][gc,ref      ] GC(41) Soft: 214 encountered, 0 discovered, 0 enqueued
[71.709s][info][gc,ref      ] GC(41) Weak: 805 encountered, 11 discovered, 0 enqueued
[71.709s][info][gc,ref      ] GC(41) Final: 0 encountered, 0 discovered, 0 enqueued
[71.709s][info][gc,ref      ] GC(41) Phantom: 27 encountered, 19 discovered, 0 enqueued
[71.709s][info][gc,reloc    ] GC(41) Small Pages: 505 / 1010M, Empty: 982M, Relocated: 4M, In-Place: 0
[71.710s][info][gc,reloc    ] GC(41) Medium Pages: 0 / 0M, Empty: 0M, Relocated: 0M, In-Place: 0
[71.710s][info][gc,reloc    ] GC(41) Large Pages: 0 / 0M, Empty: 0M, Relocated: 0M, In-Place: 0
[71.710s][info][gc,reloc    ] GC(41) Forwarding Usage: 1M
[71.710s][info][gc,heap     ] GC(41) Min Capacity: 8M(0%)
[71.710s][info][gc,heap     ] GC(41) Max Capacity: 4096M(100%)
[71.710s][info][gc,heap     ] GC(41) Soft Max Capacity: 4096M(100%)
[71.710s][info][gc,heap     ] GC(41)                Mark Start          Mark End        Relocate Start      Relocate End           High               Low         
[71.710s][info][gc,heap     ] GC(41)  Capacity:     2048M (50%)        2048M (50%)        2048M (50%)        2048M (50%)        2048M (50%)        2048M (50%)    
[71.710s][info][gc,heap     ] GC(41)      Free:     3086M (75%)        3086M (75%)        4068M (99%)        4072M (99%)        4072M (99%)        3086M (75%)    
[71.710s][info][gc,heap     ] GC(41)      Used:     1010M (25%)        1010M (25%)          28M (1%)           24M (1%)         1010M (25%)          24M (1%)     
[71.710s][info][gc,heap     ] GC(41)      Live:         -                 4M (0%)            4M (0%)            4M (0%)             -                  -          
[71.710s][info][gc,heap     ] GC(41) Allocated:         -                 0M (0%)            0M (0%)            0M (0%)             -                  -          
[71.710s][info][gc,heap     ] GC(41)   Garbage:         -              1005M (25%)          23M (1%)           19M (0%)             -                  -          
[71.710s][info][gc,heap     ] GC(41) Reclaimed:         -                  -               982M (24%)         986M (24%)            -                  -          
[71.710s][info][gc          ] GC(41) Garbage Collection (System.gc()) 1010M(25%)->24M(1%)
[74.360s][info][gc,start    ] GC(42) Garbage Collection (Proactive)
[74.360s][info][gc,task     ] GC(42) Using 12 workers
[74.361s][info][gc,phases   ] GC(42) Pause Mark Start 0.017ms
[74.376s][info][gc,phases   ] GC(42) Concurrent Mark 15.096ms
[74.376s][info][gc,phases   ] GC(42) Pause Mark End 0.027ms
[74.376s][info][gc,phases   ] GC(42) Concurrent Mark Free 0.001ms
[74.377s][info][gc,phases   ] GC(42) Concurrent Process Non-Strong References 1.093ms
[74.377s][info][gc,phases   ] GC(42) Concurrent Reset Relocation Set 0.003ms
[74.384s][info][gc,phases   ] GC(42) Concurrent Select Relocation Set 6.888ms
[74.385s][info][gc,phases   ] GC(42) Pause Relocate Start 0.010ms
[74.388s][info][gc,phases   ] GC(42) Concurrent Relocate 3.142ms
[74.388s][info][gc,load     ] GC(42) Load: 0.00/0.00/0.00
[74.388s][info][gc,mmu      ] GC(42) MMU: 2ms/98.4%, 5ms/99.4%, 10ms/99.6%, 20ms/99.7%, 50ms/99.8%, 100ms/99.9%
[74.388s][info][gc,marking  ] GC(42) Mark: 8 stripe(s), 2 proactive flush(es), 1 terminate flush(es), 0 completion(s), 0 continuation(s) 
[74.388s][info][gc,marking  ] GC(42) Mark Stack Usage: 32M
[74.388s][info][gc,nmethod  ] GC(42) NMethods: 1908 registered, 368 unregistered
[74.388s][info][gc,metaspace] GC(42) Metaspace: 9M used, 9M committed, 1088M reserved
[74.388s][info][gc,ref      ] GC(42) Soft: 214 encountered, 0 discovered, 0 enqueued
[74.388s][info][gc,ref      ] GC(42) Weak: 805 encountered, 23 discovered, 0 enqueued
[74.388s][info][gc,ref      ] GC(42) Final: 0 encountered, 0 discovered, 0 enqueued
[74.388s][info][gc,ref      ] GC(42) Phantom: 27 encountered, 15 discovered, 0 enqueued
[74.388s][info][gc,reloc    ] GC(42) Small Pages: 431 / 862M, Empty: 636M, Relocated: 4M, In-Place: 0
[74.388s][info][gc,reloc    ] GC(42) Medium Pages: 0 / 0M, Empty: 0M, Relocated: 0M, In-Place: 0
[74.388s][info][gc,reloc    ] GC(42) Large Pages: 0 / 0M, Empty: 0M, Relocated: 0M, In-Place: 0
[74.388s][info][gc,reloc    ] GC(42) Forwarding Usage: 1M
[74.388s][info][gc,heap     ] GC(42) Min Capacity: 8M(0%)
[74.388s][info][gc,heap     ] GC(42) Max Capacity: 4096M(100%)
[74.388s][info][gc,heap     ] GC(42) Soft Max Capacity: 4096M(100%)
[74.388s][info][gc,heap     ] GC(42)                Mark Start          Mark End        Relocate Start      Relocate End           High               Low         
[74.388s][info][gc,heap     ] GC(42)  Capacity:     2048M (50%)        2048M (50%)        2048M (50%)        2048M (50%)        2048M (50%)        2048M (50%)    
[74.388s][info][gc,heap     ] GC(42)      Free:     3234M (79%)        3216M (79%)        3850M (94%)        4050M (99%)        4050M (99%)        3216M (79%)    
[74.388s][info][gc,heap     ] GC(42)      Used:      862M (21%)         880M (21%)         246M (6%)           46M (1%)          880M (21%)          46M (1%)     
[74.389s][info][gc,heap     ] GC(42)      Live:         -                 6M (0%)            6M (0%)            6M (0%)             -                  -          
[74.389s][info][gc,heap     ] GC(42) Allocated:         -                18M (0%)           20M (0%)           19M (0%)             -                  -          
[74.389s][info][gc,heap     ] GC(42)   Garbage:         -               855M (21%)         219M (5%)           19M (0%)             -                  -          
[74.389s][info][gc,heap     ] GC(42) Reclaimed:         -                  -               636M (16%)         835M (20%)            -                  -          
[74.389s][info][gc          ] GC(42) Garbage Collection (Proactive) 862M(21%)->46M(1%)
[76.553s][info][gc,start    ] GC(43) Garbage Collection (Proactive)
[76.553s][info][gc,task     ] GC(43) Using 12 workers
[76.554s][info][gc,phases   ] GC(43) Pause Mark Start 0.017ms
[76.569s][info][gc,phases   ] GC(43) Concurrent Mark 15.149ms
[76.569s][info][gc,phases   ] GC(43) Pause Mark End 0.025ms
[76.569s][info][gc,phases   ] GC(43) Concurrent Mark Free 0.002ms
[76.570s][info][gc,phases   ] GC(43) Concurrent Process Non-Strong References 1.011ms
[76.570s][info][gc,phases   ] GC(43) Concurrent Reset Relocation Set 0.017ms
[76.577s][info][gc,phases   ] GC(43) Concurrent Select Relocation Set 6.760ms
[76.577s][info][gc,phases   ] GC(43) Pause Relocate Start 0.010ms
[76.582s][info][gc,phases   ] GC(43) Concurrent Relocate 4.532ms
[76.582s][info][gc,load     ] GC(43) Load: 0.00/0.00/0.00
[76.582s][info][gc,mmu      ] GC(43) MMU: 2ms/98.4%, 5ms/99.4%, 10ms/99.6%, 20ms/99.7%, 50ms/99.8%, 100ms/99.9%
[76.582s][info][gc,marking  ] GC(43) Mark: 8 stripe(s), 2 proactive flush(es), 1 terminate flush(es), 0 completion(s), 0 continuation(s) 
[76.582s][info][gc,marking  ] GC(43) Mark Stack Usage: 32M
[76.582s][info][gc,nmethod  ] GC(43) NMethods: 1908 registered, 368 unregistered
[76.582s][info][gc,metaspace] GC(43) Metaspace: 9M used, 9M committed, 1088M reserved
[76.582s][info][gc,ref      ] GC(43) Soft: 214 encountered, 0 discovered, 0 enqueued
[76.582s][info][gc,ref      ] GC(43) Weak: 805 encountered, 50 discovered, 0 enqueued
[76.582s][info][gc,ref      ] GC(43) Final: 0 encountered, 0 discovered, 0 enqueued
[76.582s][info][gc,ref      ] GC(43) Phantom: 27 encountered, 16 discovered, 0 enqueued
[76.582s][info][gc,reloc    ] GC(43) Small Pages: 367 / 734M, Empty: 614M, Relocated: 4M, In-Place: 0
[76.582s][info][gc,reloc    ] GC(43) Medium Pages: 0 / 0M, Empty: 0M, Relocated: 0M, In-Place: 0
[76.582s][info][gc,reloc    ] GC(43) Large Pages: 0 / 0M, Empty: 0M, Relocated: 0M, In-Place: 0
[76.582s][info][gc,reloc    ] GC(43) Forwarding Usage: 1M
[76.582s][info][gc,heap     ] GC(43) Min Capacity: 8M(0%)
[76.582s][info][gc,heap     ] GC(43) Max Capacity: 4096M(100%)
[76.582s][info][gc,heap     ] GC(43) Soft Max Capacity: 4096M(100%)
[76.582s][info][gc,heap     ] GC(43)                Mark Start          Mark End        Relocate Start      Relocate End           High               Low         
[76.582s][info][gc,heap     ] GC(43)  Capacity:     2048M (50%)        2048M (50%)        2048M (50%)        2048M (50%)        2048M (50%)        2048M (50%)    
[76.583s][info][gc,heap     ] GC(43)      Free:     3362M (82%)        3338M (81%)        3952M (96%)        4042M (99%)        4042M (99%)        3338M (81%)    
[76.583s][info][gc,heap     ] GC(43)      Used:      734M (18%)         758M (19%)         144M (4%)           54M (1%)          758M (19%)          54M (1%)     
[76.583s][info][gc,heap     ] GC(43)      Live:         -                 6M (0%)            6M (0%)            6M (0%)             -                  -          
[76.583s][info][gc,heap     ] GC(43) Allocated:         -                24M (1%)           24M (1%)           27M (1%)             -                  -          
[76.583s][info][gc,heap     ] GC(43)   Garbage:         -               727M (18%)         113M (3%)           19M (0%)             -                  -          
[76.583s][info][gc,heap     ] GC(43) Reclaimed:         -                  -               614M (15%)         707M (17%)            -                  -          
[76.583s][info][gc          ] GC(43) Garbage Collection (Proactive) 734M(18%)->54M(1%)
[78.456s][info][gc,start    ] GC(44) Garbage Collection (Proactive)
[78.456s][info][gc,task     ] GC(44) Using 12 workers
[78.457s][info][gc,phases   ] GC(44) Pause Mark Start 0.020ms
[78.472s][info][gc,phases   ] GC(44) Concurrent Mark 15.133ms
[78.472s][info][gc,phases   ] GC(44) Pause Mark End 0.026ms
[78.472s][info][gc,phases   ] GC(44) Concurrent Mark Free 0.001ms
[78.473s][info][gc,phases   ] GC(44) Concurrent Process Non-Strong References 1.036ms
[78.473s][info][gc,phases   ] GC(44) Concurrent Reset Relocation Set 0.010ms
[78.480s][info][gc,phases   ] GC(44) Concurrent Select Relocation Set 6.891ms
[78.480s][info][gc,phases   ] GC(44) Pause Relocate Start 0.010ms
[78.484s][info][gc,phases   ] GC(44) Concurrent Relocate 3.345ms
[78.484s][info][gc,load     ] GC(44) Load: 0.00/0.00/0.00
[78.484s][info][gc,mmu      ] GC(44) MMU: 2ms/98.4%, 5ms/99.4%, 10ms/99.6%, 20ms/99.7%, 50ms/99.8%, 100ms/99.9%
[78.484s][info][gc,marking  ] GC(44) Mark: 8 stripe(s), 2 proactive flush(es), 1 terminate flush(es), 0 completion(s), 0 continuation(s) 
[78.484s][info][gc,marking  ] GC(44) Mark Stack Usage: 32M
[78.484s][info][gc,nmethod  ] GC(44) NMethods: 1909 registered, 368 unregistered
[78.484s][info][gc,metaspace] GC(44) Metaspace: 9M used, 9M committed, 1088M reserved
[78.484s][info][gc,ref      ] GC(44) Soft: 214 encountered, 0 discovered, 0 enqueued
[78.484s][info][gc,ref      ] GC(44) Weak: 805 encountered, 34 discovered, 0 enqueued
[78.484s][info][gc,ref      ] GC(44) Final: 0 encountered, 0 discovered, 0 enqueued
[78.484s][info][gc,ref      ] GC(44) Phantom: 27 encountered, 14 discovered, 0 enqueued
[78.484s][info][gc,reloc    ] GC(44) Small Pages: 318 / 636M, Empty: 548M, Relocated: 5M, In-Place: 0
[78.484s][info][gc,reloc    ] GC(44) Medium Pages: 0 / 0M, Empty: 0M, Relocated: 0M, In-Place: 0
[78.484s][info][gc,reloc    ] GC(44) Large Pages: 0 / 0M, Empty: 0M, Relocated: 0M, In-Place: 0
[78.484s][info][gc,reloc    ] GC(44) Forwarding Usage: 1M
[78.484s][info][gc,heap     ] GC(44) Min Capacity: 8M(0%)
[78.484s][info][gc,heap     ] GC(44) Max Capacity: 4096M(100%)
[78.484s][info][gc,heap     ] GC(44) Soft Max Capacity: 4096M(100%)
[78.484s][info][gc,heap     ] GC(44)                Mark Start          Mark End        Relocate Start      Relocate End           High               Low         
[78.485s][info][gc,heap     ] GC(44)  Capacity:     2048M (50%)        2048M (50%)        2048M (50%)        2048M (50%)        2048M (50%)        2048M (50%)    
[78.485s][info][gc,heap     ] GC(44)      Free:     3460M (84%)        3440M (84%)        3986M (97%)        4046M (99%)        4046M (99%)        3440M (84%)    
[78.485s][info][gc,heap     ] GC(44)      Used:      636M (16%)         656M (16%)         110M (3%)           50M (1%)          656M (16%)          50M (1%)     
[78.485s][info][gc,heap     ] GC(44)      Live:         -                 6M (0%)            6M (0%)            6M (0%)             -                  -          
[78.485s][info][gc,heap     ] GC(44) Allocated:         -                20M (0%)           22M (1%)           23M (1%)             -                  -          
[78.485s][info][gc,heap     ] GC(44)   Garbage:         -               629M (15%)          81M (2%)           19M (0%)             -                  -          
[78.485s][info][gc,heap     ] GC(44) Reclaimed:         -                  -               548M (13%)         609M (15%)            -                  -          
[78.485s][info][gc          ] GC(44) Garbage Collection (Proactive) 636M(16%)->50M(1%)
[78.667s][info][gc,start    ] GC(45) Garbage Collection (System.gc())
[78.667s][info][gc,task     ] GC(45) Using 12 workers
[78.667s][info][gc,phases   ] GC(45) Pause Mark Start 0.018ms
[78.675s][info][gc,phases   ] GC(45) Concurrent Mark 7.523ms
[78.675s][info][gc,phases   ] GC(45) Pause Mark End 0.021ms
[78.675s][info][gc,phases   ] GC(45) Concurrent Mark Free 0.001ms
[78.676s][info][gc,phases   ] GC(45) Concurrent Process Non-Strong References 0.940ms
[78.676s][info][gc,phases   ] GC(45) Concurrent Reset Relocation Set 0.008ms
[78.680s][info][gc,phases   ] GC(45) Concurrent Select Relocation Set 3.799ms
[78.680s][info][gc,phases   ] GC(45) Pause Relocate Start 0.007ms
[78.684s][info][gc,phases   ] GC(45) Concurrent Relocate 3.419ms
[78.684s][info][gc,load     ] GC(45) Load: 0.00/0.00/0.00
[78.684s][info][gc,mmu      ] GC(45) MMU: 2ms/98.4%, 5ms/99.4%, 10ms/99.6%, 20ms/99.7%, 50ms/99.8%, 100ms/99.9%
[78.684s][info][gc,marking  ] GC(45) Mark: 8 stripe(s), 2 proactive flush(es), 1 terminate flush(es), 0 completion(s), 0 continuation(s) 
[78.684s][info][gc,marking  ] GC(45) Mark Stack Usage: 32M
[78.684s][info][gc,nmethod  ] GC(45) NMethods: 1912 registered, 369 unregistered
[78.684s][info][gc,metaspace] GC(45) Metaspace: 9M used, 9M committed, 1088M reserved
[78.684s][info][gc,ref      ] GC(45) Soft: 214 encountered, 0 discovered, 0 enqueued
[78.684s][info][gc,ref      ] GC(45) Weak: 805 encountered, 9 discovered, 0 enqueued
[78.684s][info][gc,ref      ] GC(45) Final: 0 encountered, 0 discovered, 0 enqueued
[78.684s][info][gc,ref      ] GC(45) Phantom: 27 encountered, 26 discovered, 0 enqueued
[78.684s][info][gc,reloc    ] GC(45) Small Pages: 50 / 100M, Empty: 76M, Relocated: 4M, In-Place: 0
[78.684s][info][gc,reloc    ] GC(45) Medium Pages: 0 / 0M, Empty: 0M, Relocated: 0M, In-Place: 0
[78.684s][info][gc,reloc    ] GC(45) Large Pages: 0 / 0M, Empty: 0M, Relocated: 0M, In-Place: 0
[78.684s][info][gc,reloc    ] GC(45) Forwarding Usage: 1M
[78.684s][info][gc,heap     ] GC(45) Min Capacity: 8M(0%)
[78.684s][info][gc,heap     ] GC(45) Max Capacity: 4096M(100%)
[78.684s][info][gc,heap     ] GC(45) Soft Max Capacity: 4096M(100%)
[78.684s][info][gc,heap     ] GC(45)                Mark Start          Mark End        Relocate Start      Relocate End           High               Low         
[78.684s][info][gc,heap     ] GC(45)  Capacity:     2048M (50%)        2048M (50%)        2048M (50%)        2048M (50%)        2048M (50%)        2048M (50%)    
[78.684s][info][gc,heap     ] GC(45)      Free:     3996M (98%)        3996M (98%)        4072M (99%)        4072M (99%)        4072M (99%)        3996M (98%)    
[78.685s][info][gc,heap     ] GC(45)      Used:      100M (2%)          100M (2%)           24M (1%)           24M (1%)          100M (2%)           24M (1%)     
[78.685s][info][gc,heap     ] GC(45)      Live:         -                 4M (0%)            4M (0%)            4M (0%)             -                  -          
[78.685s][info][gc,heap     ] GC(45) Allocated:         -                 0M (0%)            0M (0%)            0M (0%)             -                  -          
[78.685s][info][gc,heap     ] GC(45)   Garbage:         -                95M (2%)           19M (0%)           19M (0%)             -                  -          
[78.685s][info][gc,heap     ] GC(45) Reclaimed:         -                  -                76M (2%)           76M (2%)             -                  -          
[78.685s][info][gc          ] GC(45) Garbage Collection (System.gc()) 100M(2%)->24M(1%)
[80.158s][info][gc,stats    ] === Garbage Collection Statistics =======================================================================================================================
[80.158s][info][gc,stats    ]                                                              Last 10s              Last 10m              Last 10h                Total
[80.158s][info][gc,stats    ]                                                              Avg / Max             Avg / Max             Avg / Max             Avg / Max
[80.158s][info][gc,stats    ]   Collector: Garbage Collection Cycle                     24.768 / 28.721       26.961 / 41.434       26.961 / 41.434       26.961 / 41.434      ms
[80.158s][info][gc,stats    ]  Contention: Mark Segment Reset Contention                     0 / 3                 1 / 12                1 / 12                1 / 12          ops/s
[80.158s][info][gc,stats    ]  Contention: Mark SeqNum Reset Contention                      0 / 3                 0 / 3                 0 / 3                 0 / 3           ops/s
[80.158s][info][gc,stats    ]    Critical: Allocation Stall                                  0 / 0                 0 / 0                 0 / 0                 0 / 0           ops/s
[80.158s][info][gc,stats    ]    Critical: Allocation Stall                              0.000 / 0.000         0.000 / 0.000         0.000 / 0.000         0.000 / 0.000       ms
[80.158s][info][gc,stats    ]    Critical: GC Locker Stall                                   0 / 0                 0 / 0                 0 / 0                 0 / 0           ops/s
[80.158s][info][gc,stats    ]    Critical: GC Locker Stall                               0.000 / 0.000         0.000 / 0.000         0.000 / 0.000         0.000 / 0.000       ms
[80.158s][info][gc,stats    ]    Critical: Relocation Stall                                  0 / 0                 0 / 0                 0 / 0                 0 / 0           ops/s
[80.158s][info][gc,stats    ]    Critical: Relocation Stall                              0.000 / 0.000         0.000 / 0.000         0.000 / 0.000         0.000 / 0.000       ms
[80.158s][info][gc,stats    ]      Memory: Allocation Rate                                 317 / 328             314 / 342             314 / 342             314 / 342         MB/s
[80.158s][info][gc,stats    ]      Memory: Defragment                                        0 / 0                 0 / 0                 0 / 0                 0 / 0           ops/s
[80.158s][info][gc,stats    ]      Memory: Out Of Memory                                     0 / 0                 0 / 0                 0 / 0                 0 / 0           ops/s
[80.158s][info][gc,stats    ]      Memory: Page Cache Flush                                  0 / 0                 0 / 0                 0 / 0                 0 / 0           MB/s
[80.158s][info][gc,stats    ]      Memory: Page Cache Hit L1                               164 / 187             156 / 195             156 / 195             156 / 195         ops/s
[80.158s][info][gc,stats    ]      Memory: Page Cache Hit L2                                 0 / 0                 0 / 0                 0 / 0                 0 / 0           ops/s
[80.158s][info][gc,stats    ]      Memory: Page Cache Hit L3                                 0 / 0                 7 / 137               7 / 137               7 / 137         ops/s
[80.158s][info][gc,stats    ]      Memory: Page Cache Miss                                   0 / 0                 0 / 1                 0 / 1                 0 / 1           ops/s
[80.158s][info][gc,stats    ]      Memory: Uncommit                                          0 / 0                 0 / 0                 0 / 0                 0 / 0           MB/s
[80.158s][info][gc,stats    ]      Memory: Undo Object Allocation Failed                     0 / 0                 0 / 0                 0 / 0                 0 / 0           ops/s
[80.158s][info][gc,stats    ]      Memory: Undo Object Allocation Succeeded                  0 / 0                 0 / 4                 0 / 4                 0 / 4           ops/s
[80.158s][info][gc,stats    ]      Memory: Undo Page Allocation                              0 / 0                 0 / 0                 0 / 0                 0 / 0           ops/s
[80.158s][info][gc,stats    ]       Phase: Concurrent Mark                              13.319 / 15.149       15.144 / 24.159       15.144 / 24.159       15.144 / 24.159      ms
[80.158s][info][gc,stats    ]       Phase: Concurrent Mark Continue                      0.000 / 0.000         0.000 / 0.000         0.000 / 0.000         0.000 / 0.000       ms
[80.159s][info][gc,stats    ]       Phase: Concurrent Mark Free                          0.001 / 0.002         0.001 / 0.002         0.001 / 0.002         0.001 / 0.002       ms
[80.159s][info][gc,stats    ]       Phase: Concurrent Process Non-Strong References      1.000 / 1.093         1.110 / 5.230         1.110 / 5.230         1.110 / 5.230       ms
[80.159s][info][gc,stats    ]       Phase: Concurrent Relocate                           3.568 / 4.532         3.417 / 5.038         3.417 / 5.038         3.417 / 5.038       ms
[80.159s][info][gc,stats    ]       Phase: Concurrent Reset Relocation Set               0.009 / 0.017         0.010 / 0.022         0.010 / 0.022         0.010 / 0.022       ms
[80.159s][info][gc,stats    ]       Phase: Concurrent Select Relocation Set              5.650 / 6.891         5.730 / 15.356        5.730 / 15.356        5.730 / 15.356      ms
[80.159s][info][gc,stats    ]       Phase: Pause Mark End                                0.025 / 0.027         0.025 / 0.032         0.025 / 0.032         0.025 / 0.032       ms
[80.159s][info][gc,stats    ]       Phase: Pause Mark Start                              0.018 / 0.020         0.018 / 0.020         0.018 / 0.020         0.018 / 0.020       ms
[80.159s][info][gc,stats    ]       Phase: Pause Relocate Start                          0.009 / 0.010         0.010 / 0.028         0.010 / 0.028         0.010 / 0.028       ms
[80.159s][info][gc,stats    ]    Subphase: Concurrent Classes Purge                      0.011 / 0.023         0.055 / 0.876         0.055 / 0.876         0.055 / 0.876       ms
[80.159s][info][gc,stats    ]    Subphase: Concurrent Classes Unlink                     0.677 / 0.717         0.748 / 4.065         0.748 / 4.065         0.748 / 4.065       ms
[80.159s][info][gc,stats    ]    Subphase: Concurrent Mark                              11.706 / 14.063       13.182 / 23.147       13.182 / 23.147       13.182 / 23.147      ms
[80.159s][info][gc,stats    ]    Subphase: Concurrent Mark Try Flush                     0.076 / 0.105         0.069 / 0.145         0.069 / 0.145         0.069 / 0.145       ms
[80.159s][info][gc,stats    ]    Subphase: Concurrent Mark Try Terminate                 7.423 / 11.664        8.041 / 16.211        8.041 / 16.211        8.041 / 16.211      ms
[80.159s][info][gc,stats    ]    Subphase: Concurrent References Enqueue                 0.000 / 0.001         0.001 / 0.004         0.001 / 0.004         0.001 / 0.004       ms
[80.159s][info][gc,stats    ]    Subphase: Concurrent References Process                 0.041 / 0.044         0.043 / 0.089         0.043 / 0.089         0.043 / 0.089       ms
[80.159s][info][gc,stats    ]    Subphase: Concurrent Roots ClassLoaderDataGraph         0.082 / 0.659         0.087 / 0.896         0.087 / 0.896         0.087 / 0.896       ms
[80.159s][info][gc,stats    ]    Subphase: Concurrent Roots CodeCache                    0.000 / 0.000         0.000 / 0.000         0.000 / 0.000         0.000 / 0.000       ms
[80.159s][info][gc,stats    ]    Subphase: Concurrent Roots JavaThreads                  0.498 / 1.072         0.494 / 1.189         0.494 / 1.189         0.494 / 1.189       ms
[80.159s][info][gc,stats    ]    Subphase: Concurrent Roots OopStorageSet                0.016 / 0.050         0.021 / 0.190         0.021 / 0.190         0.021 / 0.190       ms
[80.159s][info][gc,stats    ]    Subphase: Concurrent Weak Roots OopStorageSet           0.141 / 0.173         0.140 / 0.181         0.140 / 0.181         0.140 / 0.181       ms
[80.159s][info][gc,stats    ]    Subphase: Pause Mark Try Complete                       0.000 / 0.000         0.000 / 0.000         0.000 / 0.000         0.000 / 0.000       ms
[80.159s][info][gc,stats    ]      System: Java Threads                                     34 / 34               31 / 34               31 / 34               31 / 34          threads
[80.159s][info][gc,stats    ] =========================================================================================================================================================
[80.555s][info][gc,start    ] GC(46) Garbage Collection (Proactive)
[80.555s][info][gc,task     ] GC(46) Using 12 workers
[80.555s][info][gc,phases   ] GC(46) Pause Mark Start 0.020ms
[80.571s][info][gc,phases   ] GC(46) Concurrent Mark 15.168ms
[80.571s][info][gc,phases   ] GC(46) Pause Mark End 0.025ms
[80.571s][info][gc,phases   ] GC(46) Concurrent Mark Free 0.001ms
[80.572s][info][gc,phases   ] GC(46) Concurrent Process Non-Strong References 1.048ms
[80.572s][info][gc,phases   ] GC(46) Concurrent Reset Relocation Set 0.002ms
[80.579s][info][gc,phases   ] GC(46) Concurrent Select Relocation Set 6.762ms
[80.579s][info][gc,phases   ] GC(46) Pause Relocate Start 0.009ms
[80.583s][info][gc,phases   ] GC(46) Concurrent Relocate 3.841ms
[80.583s][info][gc,load     ] GC(46) Load: 0.00/0.00/0.00
[80.583s][info][gc,mmu      ] GC(46) MMU: 2ms/98.4%, 5ms/99.4%, 10ms/99.6%, 20ms/99.7%, 50ms/99.8%, 100ms/99.9%
[80.583s][info][gc,marking  ] GC(46) Mark: 8 stripe(s), 2 proactive flush(es), 1 terminate flush(es), 0 completion(s), 0 continuation(s) 
[80.583s][info][gc,marking  ] GC(46) Mark Stack Usage: 32M
[80.583s][info][gc,nmethod  ] GC(46) NMethods: 1917 registered, 370 unregistered
[80.583s][info][gc,metaspace] GC(46) Metaspace: 9M used, 9M committed, 1088M reserved
[80.583s][info][gc,ref      ] GC(46) Soft: 214 encountered, 0 discovered, 0 enqueued
[80.583s][info][gc,ref      ] GC(46) Weak: 805 encountered, 9 discovered, 0 enqueued
[80.584s][info][gc,ref      ] GC(46) Final: 0 encountered, 0 discovered, 0 enqueued
[80.584s][info][gc,ref      ] GC(46) Phantom: 27 encountered, 11 discovered, 0 enqueued
[80.584s][info][gc,reloc    ] GC(46) Small Pages: 308 / 616M, Empty: 388M, Relocated: 5M, In-Place: 0
[80.584s][info][gc,reloc    ] GC(46) Medium Pages: 0 / 0M, Empty: 0M, Relocated: 0M, In-Place: 0
[80.584s][info][gc,reloc    ] GC(46) Large Pages: 0 / 0M, Empty: 0M, Relocated: 0M, In-Place: 0
[80.584s][info][gc,reloc    ] GC(46) Forwarding Usage: 1M
[80.584s][info][gc,heap     ] GC(46) Min Capacity: 8M(0%)
[80.584s][info][gc,heap     ] GC(46) Max Capacity: 4096M(100%)
[80.584s][info][gc,heap     ] GC(46) Soft Max Capacity: 4096M(100%)
[80.584s][info][gc,heap     ] GC(46)                Mark Start          Mark End        Relocate Start      Relocate End           High               Low         
[80.584s][info][gc,heap     ] GC(46)  Capacity:     2048M (50%)        2048M (50%)        2048M (50%)        2048M (50%)        2048M (50%)        2048M (50%)    
[80.584s][info][gc,heap     ] GC(46)      Free:     3480M (85%)        3460M (84%)        3846M (94%)        4046M (99%)        4046M (99%)        3458M (84%)    
[80.584s][info][gc,heap     ] GC(46)      Used:      616M (15%)         636M (16%)         250M (6%)           50M (1%)          638M (16%)          50M (1%)     
[80.584s][info][gc,heap     ] GC(46)      Live:         -                 6M (0%)            6M (0%)            6M (0%)             -                  -          
[80.584s][info][gc,heap     ] GC(46) Allocated:         -                20M (0%)           22M (1%)           23M (1%)             -                  -          
[80.584s][info][gc,heap     ] GC(46)   Garbage:         -               609M (15%)         221M (5%)           19M (0%)             -                  -          
[80.584s][info][gc,heap     ] GC(46) Reclaimed:         -                  -               388M (9%)          589M (14%)            -                  -          
[80.584s][info][gc          ] GC(46) Garbage Collection (Proactive) 616M(15%)->50M(1%)
[82.654s][info][gc,start    ] GC(47) Garbage Collection (Proactive)
[82.654s][info][gc,task     ] GC(47) Using 12 workers
[82.654s][info][gc,phases   ] GC(47) Pause Mark Start 0.019ms
[82.670s][info][gc,phases   ] GC(47) Concurrent Mark 15.166ms
[82.670s][info][gc,phases   ] GC(47) Pause Mark End 0.024ms
[82.670s][info][gc,phases   ] GC(47) Concurrent Mark Free 0.001ms
[82.671s][info][gc,phases   ] GC(47) Concurrent Process Non-Strong References 1.011ms
[82.671s][info][gc,phases   ] GC(47) Concurrent Reset Relocation Set 0.019ms
[82.675s][info][gc,phases   ] GC(47) Concurrent Select Relocation Set 3.884ms
[82.675s][info][gc,phases   ] GC(47) Pause Relocate Start 0.009ms
[82.679s][info][gc,phases   ] GC(47) Concurrent Relocate 3.155ms
[82.679s][info][gc,load     ] GC(47) Load: 0.00/0.00/0.00
[82.679s][info][gc,mmu      ] GC(47) MMU: 2ms/98.4%, 5ms/99.4%, 10ms/99.6%, 20ms/99.7%, 50ms/99.8%, 100ms/99.9%
[82.679s][info][gc,marking  ] GC(47) Mark: 8 stripe(s), 2 proactive flush(es), 1 terminate flush(es), 0 completion(s), 0 continuation(s) 
[82.679s][info][gc,marking  ] GC(47) Mark Stack Usage: 32M
[82.679s][info][gc,nmethod  ] GC(47) NMethods: 1917 registered, 370 unregistered
[82.679s][info][gc,metaspace] GC(47) Metaspace: 9M used, 9M committed, 1088M reserved
[82.679s][info][gc,ref      ] GC(47) Soft: 214 encountered, 0 discovered, 0 enqueued
[82.679s][info][gc,ref      ] GC(47) Weak: 805 encountered, 183 discovered, 0 enqueued
[82.679s][info][gc,ref      ] GC(47) Final: 0 encountered, 0 discovered, 0 enqueued
[82.679s][info][gc,ref      ] GC(47) Phantom: 27 encountered, 13 discovered, 0 enqueued
[82.679s][info][gc,reloc    ] GC(47) Small Pages: 346 / 692M, Empty: 458M, Relocated: 4M, In-Place: 0
[82.679s][info][gc,reloc    ] GC(47) Medium Pages: 0 / 0M, Empty: 0M, Relocated: 0M, In-Place: 0
[82.679s][info][gc,reloc    ] GC(47) Large Pages: 0 / 0M, Empty: 0M, Relocated: 0M, In-Place: 0
[82.679s][info][gc,reloc    ] GC(47) Forwarding Usage: 1M
[82.679s][info][gc,heap     ] GC(47) Min Capacity: 8M(0%)
[82.679s][info][gc,heap     ] GC(47) Max Capacity: 4096M(100%)
[82.679s][info][gc,heap     ] GC(47) Soft Max Capacity: 4096M(100%)
[82.679s][info][gc,heap     ] GC(47)                Mark Start          Mark End        Relocate Start      Relocate End           High               Low         
[82.679s][info][gc,heap     ] GC(47)  Capacity:     2048M (50%)        2048M (50%)        2048M (50%)        2048M (50%)        2048M (50%)        2048M (50%)    
[82.679s][info][gc,heap     ] GC(47)      Free:     3404M (83%)        3386M (83%)        3842M (94%)        4050M (99%)        4050M (99%)        3386M (83%)    
[82.679s][info][gc,heap     ] GC(47)      Used:      692M (17%)         710M (17%)         254M (6%)           46M (1%)          710M (17%)          46M (1%)     
[82.679s][info][gc,heap     ] GC(47)      Live:         -                 6M (0%)            6M (0%)            6M (0%)             -                  -          
[82.679s][info][gc,heap     ] GC(47) Allocated:         -                18M (0%)           20M (0%)           19M (0%)             -                  -          
[82.679s][info][gc,heap     ] GC(47)   Garbage:         -               685M (17%)         227M (6%)           19M (0%)             -                  -          
[82.679s][info][gc,heap     ] GC(47) Reclaimed:         -                  -               458M (11%)         665M (16%)            -                  -          
[82.679s][info][gc          ] GC(47) Garbage Collection (Proactive) 692M(17%)->46M(1%)
[84.451s][info][gc,start    ] GC(48) Garbage Collection (Proactive)
[84.451s][info][gc,task     ] GC(48) Using 12 workers
[84.451s][info][gc,phases   ] GC(48) Pause Mark Start 0.019ms
[84.466s][info][gc,phases   ] GC(48) Concurrent Mark 15.194ms
[84.466s][info][gc,phases   ] GC(48) Pause Mark End 0.026ms
[84.467s][info][gc,phases   ] GC(48) Concurrent Mark Free 0.001ms
[84.468s][info][gc,phases   ] GC(48) Concurrent Process Non-Strong References 1.062ms
[84.468s][info][gc,phases   ] GC(48) Concurrent Reset Relocation Set 0.016ms
[84.472s][info][gc,phases   ] GC(48) Concurrent Select Relocation Set 3.796ms
[84.472s][info][gc,phases   ] GC(48) Pause Relocate Start 0.010ms
[84.475s][info][gc,phases   ] GC(48) Concurrent Relocate 3.071ms
[84.475s][info][gc,load     ] GC(48) Load: 0.00/0.00/0.00
[84.475s][info][gc,mmu      ] GC(48) MMU: 2ms/98.4%, 5ms/99.4%, 10ms/99.6%, 20ms/99.7%, 50ms/99.8%, 100ms/99.9%
[84.475s][info][gc,marking  ] GC(48) Mark: 8 stripe(s), 2 proactive flush(es), 1 terminate flush(es), 0 completion(s), 0 continuation(s) 
[84.475s][info][gc,marking  ] GC(48) Mark Stack Usage: 32M
[84.475s][info][gc,nmethod  ] GC(48) NMethods: 1917 registered, 370 unregistered
[84.475s][info][gc,metaspace] GC(48) Metaspace: 9M used, 9M committed, 1088M reserved
[84.475s][info][gc,ref      ] GC(48) Soft: 214 encountered, 0 discovered, 0 enqueued
[84.475s][info][gc,ref      ] GC(48) Weak: 805 encountered, 400 discovered, 0 enqueued
[84.475s][info][gc,ref      ] GC(48) Final: 0 encountered, 0 discovered, 0 enqueued
[84.475s][info][gc,ref      ] GC(48) Phantom: 27 encountered, 23 discovered, 0 enqueued
[84.475s][info][gc,reloc    ] GC(48) Small Pages: 299 / 598M, Empty: 466M, Relocated: 5M, In-Place: 0
[84.475s][info][gc,reloc    ] GC(48) Medium Pages: 0 / 0M, Empty: 0M, Relocated: 0M, In-Place: 0
[84.475s][info][gc,reloc    ] GC(48) Large Pages: 0 / 0M, Empty: 0M, Relocated: 0M, In-Place: 0
[84.475s][info][gc,reloc    ] GC(48) Forwarding Usage: 1M
[84.475s][info][gc,heap     ] GC(48) Min Capacity: 8M(0%)
[84.475s][info][gc,heap     ] GC(48) Max Capacity: 4096M(100%)
[84.475s][info][gc,heap     ] GC(48) Soft Max Capacity: 4096M(100%)
[84.475s][info][gc,heap     ] GC(48)                Mark Start          Mark End        Relocate Start      Relocate End           High               Low         
[84.475s][info][gc,heap     ] GC(48)  Capacity:     2048M (50%)        2048M (50%)        2048M (50%)        2048M (50%)        2048M (50%)        2048M (50%)    
[84.476s][info][gc,heap     ] GC(48)      Free:     3498M (85%)        3480M (85%)        3946M (96%)        4052M (99%)        4052M (99%)        3480M (85%)    
[84.476s][info][gc,heap     ] GC(48)      Used:      598M (15%)         616M (15%)         150M (4%)           44M (1%)          616M (15%)          44M (1%)     
[84.476s][info][gc,heap     ] GC(48)      Live:         -                 6M (0%)            6M (0%)            6M (0%)             -                  -          
[84.476s][info][gc,heap     ] GC(48) Allocated:         -                18M (0%)           18M (0%)           17M (0%)             -                  -          
[84.476s][info][gc,heap     ] GC(48)   Garbage:         -               591M (14%)         125M (3%)           19M (0%)             -                  -          
[84.476s][info][gc,heap     ] GC(48) Reclaimed:         -                  -               466M (11%)         571M (14%)            -                  -          
[84.476s][info][gc          ] GC(48) Garbage Collection (Proactive) 598M(15%)->44M(1%)
[85.710s][info][gc,start    ] GC(49) Garbage Collection (System.gc())
[85.710s][info][gc,task     ] GC(49) Using 12 workers
[85.710s][info][gc,phases   ] GC(49) Pause Mark Start 0.018ms
[85.731s][info][gc,phases   ] GC(49) Concurrent Mark 21.086ms
[85.732s][info][gc,phases   ] GC(49) Pause Mark End 0.024ms
[85.732s][info][gc,phases   ] GC(49) Concurrent Mark Free 0.001ms
[85.733s][info][gc,phases   ] GC(49) Concurrent Process Non-Strong References 0.908ms
[85.733s][info][gc,phases   ] GC(49) Concurrent Reset Relocation Set 0.012ms
[85.736s][info][gc,phases   ] GC(49) Concurrent Select Relocation Set 3.705ms
[85.737s][info][gc,phases   ] GC(49) Pause Relocate Start 0.006ms
[85.740s][info][gc,phases   ] GC(49) Concurrent Relocate 3.420ms
[85.740s][info][gc,load     ] GC(49) Load: 0.00/0.00/0.00
[85.740s][info][gc,mmu      ] GC(49) MMU: 2ms/98.4%, 5ms/99.4%, 10ms/99.6%, 20ms/99.7%, 50ms/99.8%, 100ms/99.9%
[85.740s][info][gc,marking  ] GC(49) Mark: 8 stripe(s), 3 proactive flush(es), 1 terminate flush(es), 0 completion(s), 0 continuation(s) 
[85.740s][info][gc,marking  ] GC(49) Mark Stack Usage: 32M
[85.740s][info][gc,nmethod  ] GC(49) NMethods: 1923 registered, 370 unregistered
[85.740s][info][gc,metaspace] GC(49) Metaspace: 9M used, 9M committed, 1088M reserved
[85.740s][info][gc,ref      ] GC(49) Soft: 214 encountered, 0 discovered, 0 enqueued
[85.740s][info][gc,ref      ] GC(49) Weak: 805 encountered, 47 discovered, 0 enqueued
[85.740s][info][gc,ref      ] GC(49) Final: 0 encountered, 0 discovered, 0 enqueued
[85.740s][info][gc,ref      ] GC(49) Phantom: 27 encountered, 16 discovered, 0 enqueued
[85.740s][info][gc,reloc    ] GC(49) Small Pages: 216 / 432M, Empty: 406M, Relocated: 4M, In-Place: 0
[85.740s][info][gc,reloc    ] GC(49) Medium Pages: 0 / 0M, Empty: 0M, Relocated: 0M, In-Place: 0
[85.740s][info][gc,reloc    ] GC(49) Large Pages: 0 / 0M, Empty: 0M, Relocated: 0M, In-Place: 0
[85.741s][info][gc,reloc    ] GC(49) Forwarding Usage: 1M
[85.741s][info][gc,heap     ] GC(49) Min Capacity: 8M(0%)
[85.741s][info][gc,heap     ] GC(49) Max Capacity: 4096M(100%)
[85.741s][info][gc,heap     ] GC(49) Soft Max Capacity: 4096M(100%)
[85.741s][info][gc,heap     ] GC(49)                Mark Start          Mark End        Relocate Start      Relocate End           High               Low         
[85.741s][info][gc,heap     ] GC(49)  Capacity:     2048M (50%)        2048M (50%)        2048M (50%)        2048M (50%)        2048M (50%)        2048M (50%)    
[85.741s][info][gc,heap     ] GC(49)      Free:     3664M (89%)        3664M (89%)        4070M (99%)        4072M (99%)        4072M (99%)        3664M (89%)    
[85.741s][info][gc,heap     ] GC(49)      Used:      432M (11%)         432M (11%)          26M (1%)           24M (1%)          432M (11%)          24M (1%)     
[85.741s][info][gc,heap     ] GC(49)      Live:         -                 4M (0%)            4M (0%)            4M (0%)             -                  -          
[85.741s][info][gc,heap     ] GC(49) Allocated:         -                 0M (0%)            0M (0%)            0M (0%)             -                  -          
[85.741s][info][gc,heap     ] GC(49)   Garbage:         -               427M (10%)          21M (1%)           19M (0%)             -                  -          
[85.741s][info][gc,heap     ] GC(49) Reclaimed:         -                  -               406M (10%)         408M (10%)            -                  -          
[85.741s][info][gc          ] GC(49) Garbage Collection (System.gc()) 432M(11%)->24M(1%)
[87.762s][info][gc,start    ] GC(50) Garbage Collection (Proactive)
[87.762s][info][gc,task     ] GC(50) Using 12 workers
[87.763s][info][gc,phases   ] GC(50) Pause Mark Start 0.020ms
[87.778s][info][gc,phases   ] GC(50) Concurrent Mark 15.114ms
[87.778s][info][gc,phases   ] GC(50) Pause Mark End 0.026ms
[87.778s][info][gc,phases   ] GC(50) Concurrent Mark Free 0.002ms
[87.779s][info][gc,phases   ] GC(50) Concurrent Process Non-Strong References 1.068ms
[87.779s][info][gc,phases   ] GC(50) Concurrent Reset Relocation Set 0.003ms
[87.786s][info][gc,phases   ] GC(50) Concurrent Select Relocation Set 6.874ms
[87.786s][info][gc,phases   ] GC(50) Pause Relocate Start 0.008ms
[87.790s][info][gc,phases   ] GC(50) Concurrent Relocate 3.182ms
[87.790s][info][gc,load     ] GC(50) Load: 0.00/0.00/0.00
[87.790s][info][gc,mmu      ] GC(50) MMU: 2ms/98.4%, 5ms/99.4%, 10ms/99.6%, 20ms/99.7%, 50ms/99.8%, 100ms/99.9%
[87.790s][info][gc,marking  ] GC(50) Mark: 8 stripe(s), 2 proactive flush(es), 1 terminate flush(es), 0 completion(s), 0 continuation(s) 
[87.790s][info][gc,marking  ] GC(50) Mark Stack Usage: 32M
[87.790s][info][gc,nmethod  ] GC(50) NMethods: 1923 registered, 372 unregistered
[87.790s][info][gc,metaspace] GC(50) Metaspace: 9M used, 9M committed, 1088M reserved
[87.790s][info][gc,ref      ] GC(50) Soft: 214 encountered, 0 discovered, 0 enqueued
[87.790s][info][gc,ref      ] GC(50) Weak: 805 encountered, 11 discovered, 0 enqueued
[87.790s][info][gc,ref      ] GC(50) Final: 0 encountered, 0 discovered, 0 enqueued
[87.790s][info][gc,ref      ] GC(50) Phantom: 27 encountered, 25 discovered, 0 enqueued
[87.790s][info][gc,reloc    ] GC(50) Small Pages: 343 / 686M, Empty: 462M, Relocated: 5M, In-Place: 0
[87.790s][info][gc,reloc    ] GC(50) Medium Pages: 0 / 0M, Empty: 0M, Relocated: 0M, In-Place: 0
[87.790s][info][gc,reloc    ] GC(50) Large Pages: 0 / 0M, Empty: 0M, Relocated: 0M, In-Place: 0
[87.790s][info][gc,reloc    ] GC(50) Forwarding Usage: 1M
[87.790s][info][gc,heap     ] GC(50) Min Capacity: 8M(0%)
[87.790s][info][gc,heap     ] GC(50) Max Capacity: 4096M(100%)
[87.790s][info][gc,heap     ] GC(50) Soft Max Capacity: 4096M(100%)
[87.790s][info][gc,heap     ] GC(50)                Mark Start          Mark End        Relocate Start      Relocate End           High               Low         
[87.790s][info][gc,heap     ] GC(50)  Capacity:     2048M (50%)        2048M (50%)        2048M (50%)        2048M (50%)        2048M (50%)        2048M (50%)    
[87.790s][info][gc,heap     ] GC(50)      Free:     3410M (83%)        3390M (83%)        3850M (94%)        4046M (99%)        4046M (99%)        3388M (83%)    
[87.790s][info][gc,heap     ] GC(50)      Used:      686M (17%)         706M (17%)         246M (6%)           50M (1%)          708M (17%)          50M (1%)     
[87.790s][info][gc,heap     ] GC(50)      Live:         -                 6M (0%)            6M (0%)            6M (0%)             -                  -          
[87.790s][info][gc,heap     ] GC(50) Allocated:         -                20M (0%)           22M (1%)           23M (1%)             -                  -          
[87.791s][info][gc,heap     ] GC(50)   Garbage:         -               679M (17%)         217M (5%)           19M (0%)             -                  -          
[87.791s][info][gc,heap     ] GC(50) Reclaimed:         -                  -               462M (11%)         659M (16%)            -                  -          
[87.791s][info][gc          ] GC(50) Garbage Collection (Proactive) 686M(17%)->50M(1%)
[89.855s][info][gc,start    ] GC(51) Garbage Collection (Proactive)
[89.856s][info][gc,task     ] GC(51) Using 12 workers
[89.856s][info][gc,phases   ] GC(51) Pause Mark Start 0.019ms
[89.871s][info][gc,phases   ] GC(51) Concurrent Mark 15.174ms
[89.871s][info][gc,phases   ] GC(51) Pause Mark End 0.024ms
[89.871s][info][gc,phases   ] GC(51) Concurrent Mark Free 0.001ms
[89.872s][info][gc,phases   ] GC(51) Concurrent Process Non-Strong References 0.965ms
[89.872s][info][gc,phases   ] GC(51) Concurrent Reset Relocation Set 0.018ms
[89.879s][info][gc,phases   ] GC(51) Concurrent Select Relocation Set 6.950ms
[89.880s][info][gc,phases   ] GC(51) Pause Relocate Start 0.010ms
[89.883s][info][gc,phases   ] GC(51) Concurrent Relocate 3.113ms
[89.883s][info][gc,load     ] GC(51) Load: 0.00/0.00/0.00
[89.883s][info][gc,mmu      ] GC(51) MMU: 2ms/98.4%, 5ms/99.4%, 10ms/99.6%, 20ms/99.7%, 50ms/99.8%, 100ms/99.9%
[89.883s][info][gc,marking  ] GC(51) Mark: 8 stripe(s), 2 proactive flush(es), 1 terminate flush(es), 0 completion(s), 0 continuation(s) 
[89.883s][info][gc,marking  ] GC(51) Mark Stack Usage: 32M
[89.883s][info][gc,nmethod  ] GC(51) NMethods: 1923 registered, 372 unregistered
[89.883s][info][gc,metaspace] GC(51) Metaspace: 9M used, 9M committed, 1088M reserved
[89.883s][info][gc,ref      ] GC(51) Soft: 214 encountered, 0 discovered, 0 enqueued
[89.883s][info][gc,ref      ] GC(51) Weak: 805 encountered, 27 discovered, 0 enqueued
[89.883s][info][gc,ref      ] GC(51) Final: 0 encountered, 0 discovered, 0 enqueued
[89.883s][info][gc,ref      ] GC(51) Phantom: 27 encountered, 19 discovered, 0 enqueued
[89.883s][info][gc,reloc    ] GC(51) Small Pages: 357 / 714M, Empty: 520M, Relocated: 4M, In-Place: 0
[89.883s][info][gc,reloc    ] GC(51) Medium Pages: 0 / 0M, Empty: 0M, Relocated: 0M, In-Place: 0
[89.883s][info][gc,reloc    ] GC(51) Large Pages: 0 / 0M, Empty: 0M, Relocated: 0M, In-Place: 0
[89.883s][info][gc,reloc    ] GC(51) Forwarding Usage: 1M
[89.883s][info][gc,heap     ] GC(51) Min Capacity: 8M(0%)
[89.883s][info][gc,heap     ] GC(51) Max Capacity: 4096M(100%)
[89.883s][info][gc,heap     ] GC(51) Soft Max Capacity: 4096M(100%)
[89.883s][info][gc,heap     ] GC(51)                Mark Start          Mark End        Relocate Start      Relocate End           High               Low         
[89.883s][info][gc,heap     ] GC(51)  Capacity:     2048M (50%)        2048M (50%)        2048M (50%)        2048M (50%)        2048M (50%)        2048M (50%)    
[89.883s][info][gc,heap     ] GC(51)      Free:     3382M (83%)        3354M (82%)        3872M (95%)        4040M (99%)        4040M (99%)        3354M (82%)    
[89.884s][info][gc,heap     ] GC(51)      Used:      714M (17%)         742M (18%)         224M (5%)           56M (1%)          742M (18%)          56M (1%)     
[89.884s][info][gc,heap     ] GC(51)      Live:         -                 6M (0%)            6M (0%)            6M (0%)             -                  -          
[89.884s][info][gc,heap     ] GC(51) Allocated:         -                28M (1%)           30M (1%)           29M (1%)             -                  -          
[89.884s][info][gc,heap     ] GC(51)   Garbage:         -               707M (17%)         187M (5%)           19M (0%)             -                  -          
[89.884s][info][gc,heap     ] GC(51) Reclaimed:         -                  -               520M (13%)         687M (17%)            -                  -          
[89.884s][info][gc          ] GC(51) Garbage Collection (Proactive) 714M(17%)->56M(1%)
[90.152s][info][gc,stats    ] === Garbage Collection Statistics =======================================================================================================================
[90.152s][info][gc,stats    ]                                                              Last 10s              Last 10m              Last 10h                Total
[90.152s][info][gc,stats    ]                                                              Avg / Max             Avg / Max             Avg / Max             Avg / Max
[90.153s][info][gc,stats    ]   Collector: Garbage Collection Cycle                     27.035 / 30.158       26.970 / 41.434       26.970 / 41.434       26.970 / 41.434      ms
[90.153s][info][gc,stats    ]  Contention: Mark Segment Reset Contention                     1 / 6                 1 / 12                1 / 12                1 / 12          ops/s
[90.153s][info][gc,stats    ]  Contention: Mark SeqNum Reset Contention                      0 / 2                 0 / 3                 0 / 3                 0 / 3           ops/s
[90.153s][info][gc,stats    ]    Critical: Allocation Stall                                  0 / 0                 0 / 0                 0 / 0                 0 / 0           ops/s
[90.153s][info][gc,stats    ]    Critical: Allocation Stall                              0.000 / 0.000         0.000 / 0.000         0.000 / 0.000         0.000 / 0.000       ms
[90.153s][info][gc,stats    ]    Critical: GC Locker Stall                                   0 / 0                 0 / 0                 0 / 0                 0 / 0           ops/s
[90.153s][info][gc,stats    ]    Critical: GC Locker Stall                               0.000 / 0.000         0.000 / 0.000         0.000 / 0.000         0.000 / 0.000       ms
[90.153s][info][gc,stats    ]    Critical: Relocation Stall                                  0 / 0                 0 / 0                 0 / 0                 0 / 0           ops/s
[90.153s][info][gc,stats    ]    Critical: Relocation Stall                              0.000 / 0.000         0.000 / 0.000         0.000 / 0.000         0.000 / 0.000       ms
[90.153s][info][gc,stats    ]      Memory: Allocation Rate                                 322 / 338             315 / 342             315 / 342             315 / 342         MB/s
[90.153s][info][gc,stats    ]      Memory: Defragment                                        0 / 0                 0 / 0                 0 / 0                 0 / 0           ops/s
[90.153s][info][gc,stats    ]      Memory: Out Of Memory                                     0 / 0                 0 / 0                 0 / 0                 0 / 0           ops/s
[90.153s][info][gc,stats    ]      Memory: Page Cache Flush                                  0 / 0                 0 / 0                 0 / 0                 0 / 0           MB/s
[90.153s][info][gc,stats    ]      Memory: Page Cache Hit L1                               168 / 181             157 / 195             157 / 195             157 / 195         ops/s
[90.153s][info][gc,stats    ]      Memory: Page Cache Hit L2                                 0 / 0                 0 / 0                 0 / 0                 0 / 0           ops/s
[90.153s][info][gc,stats    ]      Memory: Page Cache Hit L3                                 0 / 0                 7 / 137               7 / 137               7 / 137         ops/s
[90.153s][info][gc,stats    ]      Memory: Page Cache Miss                                   0 / 0                 0 / 1                 0 / 1                 0 / 1           ops/s
[90.153s][info][gc,stats    ]      Memory: Uncommit                                          0 / 0                 0 / 0                 0 / 0                 0 / 0           MB/s
[90.153s][info][gc,stats    ]      Memory: Undo Object Allocation Failed                     0 / 0                 0 / 0                 0 / 0                 0 / 0           ops/s
[90.153s][info][gc,stats    ]      Memory: Undo Object Allocation Succeeded                  0 / 0                 0 / 4                 0 / 4                 0 / 4           ops/s
[90.153s][info][gc,stats    ]      Memory: Undo Page Allocation                              0 / 0                 0 / 0                 0 / 0                 0 / 0           ops/s
[90.153s][info][gc,stats    ]       Phase: Concurrent Mark                              16.150 / 21.086       15.260 / 24.159       15.260 / 24.159       15.260 / 24.159      ms
[90.153s][info][gc,stats    ]       Phase: Concurrent Mark Continue                      0.000 / 0.000         0.000 / 0.000         0.000 / 0.000         0.000 / 0.000       ms
[90.153s][info][gc,stats    ]       Phase: Concurrent Mark Free                          0.001 / 0.002         0.001 / 0.002         0.001 / 0.002         0.001 / 0.002       ms
[90.153s][info][gc,stats    ]       Phase: Concurrent Process Non-Strong References      1.010 / 1.068         1.099 / 5.230         1.099 / 5.230         1.099 / 5.230       ms
[90.154s][info][gc,stats    ]       Phase: Concurrent Relocate                           3.297 / 3.841         3.403 / 5.038         3.403 / 5.038         3.403 / 5.038       ms
[90.154s][info][gc,stats    ]       Phase: Concurrent Reset Relocation Set               0.012 / 0.019         0.010 / 0.022         0.010 / 0.022         0.010 / 0.022       ms
[90.154s][info][gc,stats    ]       Phase: Concurrent Select Relocation Set              5.329 / 6.950         5.684 / 15.356        5.684 / 15.356        5.684 / 15.356      ms
[90.154s][info][gc,stats    ]       Phase: Pause Mark End                                0.025 / 0.026         0.025 / 0.032         0.025 / 0.032         0.025 / 0.032       ms
[90.154s][info][gc,stats    ]       Phase: Pause Mark Start                              0.019 / 0.020         0.018 / 0.020         0.018 / 0.020         0.018 / 0.020       ms
[90.154s][info][gc,stats    ]       Phase: Pause Relocate Start                          0.009 / 0.010         0.010 / 0.028         0.010 / 0.028         0.010 / 0.028       ms
[90.154s][info][gc,stats    ]    Subphase: Concurrent Classes Purge                      0.012 / 0.033         0.050 / 0.876         0.050 / 0.876         0.050 / 0.876       ms
[90.154s][info][gc,stats    ]    Subphase: Concurrent Classes Unlink                     0.680 / 0.713         0.740 / 4.065         0.740 / 4.065         0.740 / 4.065       ms
[90.154s][info][gc,stats    ]    Subphase: Concurrent Mark                              14.303 / 19.984       13.311 / 23.147       13.311 / 23.147       13.311 / 23.147      ms
[90.154s][info][gc,stats    ]    Subphase: Concurrent Mark Try Flush                     0.075 / 0.141         0.069 / 0.145         0.069 / 0.145         0.069 / 0.145       ms
[90.154s][info][gc,stats    ]    Subphase: Concurrent Mark Try Terminate                 8.214 / 16.572        8.063 / 16.572        8.063 / 16.572        8.063 / 16.572      ms
[90.154s][info][gc,stats    ]    Subphase: Concurrent References Enqueue                 0.000 / 0.001         0.001 / 0.004         0.001 / 0.004         0.001 / 0.004       ms
[90.154s][info][gc,stats    ]    Subphase: Concurrent References Process                 0.049 / 0.086         0.044 / 0.089         0.044 / 0.089         0.044 / 0.089       ms
[90.154s][info][gc,stats    ]    Subphase: Concurrent Roots ClassLoaderDataGraph         0.088 / 0.708         0.087 / 0.896         0.087 / 0.896         0.087 / 0.896       ms
[90.154s][info][gc,stats    ]    Subphase: Concurrent Roots CodeCache                    0.000 / 0.000         0.000 / 0.000         0.000 / 0.000         0.000 / 0.000       ms
[90.154s][info][gc,stats    ]    Subphase: Concurrent Roots JavaThreads                  0.513 / 1.014         0.496 / 1.189         0.496 / 1.189         0.496 / 1.189       ms
[90.154s][info][gc,stats    ]    Subphase: Concurrent Roots OopStorageSet                0.016 / 0.055         0.020 / 0.190         0.020 / 0.190         0.020 / 0.190       ms
[90.154s][info][gc,stats    ]    Subphase: Concurrent Weak Roots OopStorageSet           0.142 / 0.173         0.141 / 0.181         0.141 / 0.181         0.141 / 0.181       ms
[90.154s][info][gc,stats    ]    Subphase: Pause Mark Try Complete                       0.000 / 0.000         0.000 / 0.000         0.000 / 0.000         0.000 / 0.000       ms
[90.154s][info][gc,stats    ]      System: Java Threads                                     34 / 34               32 / 34               32 / 34               32 / 34          threads
[90.154s][info][gc,stats    ] =========================================================================================================================================================
[91.660s][info][gc,start    ] GC(52) Garbage Collection (Proactive)
[91.660s][info][gc,task     ] GC(52) Using 12 workers
[91.660s][info][gc,phases   ] GC(52) Pause Mark Start 0.017ms
[91.676s][info][gc,phases   ] GC(52) Concurrent Mark 15.178ms
[91.676s][info][gc,phases   ] GC(52) Pause Mark End 0.027ms
[91.676s][info][gc,phases   ] GC(52) Concurrent Mark Free 0.001ms
[91.677s][info][gc,phases   ] GC(52) Concurrent Process Non-Strong References 0.982ms
[91.677s][info][gc,phases   ] GC(52) Concurrent Reset Relocation Set 0.015ms
[91.681s][info][gc,phases   ] GC(52) Concurrent Select Relocation Set 3.809ms
[91.681s][info][gc,phases   ] GC(52) Pause Relocate Start 0.009ms
[91.685s][info][gc,phases   ] GC(52) Concurrent Relocate 3.396ms
[91.685s][info][gc,load     ] GC(52) Load: 0.00/0.00/0.00
[91.685s][info][gc,mmu      ] GC(52) MMU: 2ms/98.4%, 5ms/99.4%, 10ms/99.6%, 20ms/99.7%, 50ms/99.8%, 100ms/99.9%
[91.685s][info][gc,marking  ] GC(52) Mark: 8 stripe(s), 3 proactive flush(es), 1 terminate flush(es), 0 completion(s), 0 continuation(s) 
[91.685s][info][gc,marking  ] GC(52) Mark Stack Usage: 32M
[91.685s][info][gc,nmethod  ] GC(52) NMethods: 1923 registered, 372 unregistered
[91.685s][info][gc,metaspace] GC(52) Metaspace: 9M used, 9M committed, 1088M reserved
[91.685s][info][gc,ref      ] GC(52) Soft: 214 encountered, 0 discovered, 0 enqueued
[91.685s][info][gc,ref      ] GC(52) Weak: 805 encountered, 25 discovered, 0 enqueued
[91.685s][info][gc,ref      ] GC(52) Final: 0 encountered, 0 discovered, 0 enqueued
[91.685s][info][gc,ref      ] GC(52) Phantom: 27 encountered, 15 discovered, 0 enqueued
[91.685s][info][gc,reloc    ] GC(52) Small Pages: 306 / 612M, Empty: 484M, Relocated: 4M, In-Place: 0
[91.685s][info][gc,reloc    ] GC(52) Medium Pages: 0 / 0M, Empty: 0M, Relocated: 0M, In-Place: 0
[91.685s][info][gc,reloc    ] GC(52) Large Pages: 0 / 0M, Empty: 0M, Relocated: 0M, In-Place: 0
[91.685s][info][gc,reloc    ] GC(52) Forwarding Usage: 1M
[91.685s][info][gc,heap     ] GC(52) Min Capacity: 8M(0%)
[91.685s][info][gc,heap     ] GC(52) Max Capacity: 4096M(100%)
[91.685s][info][gc,heap     ] GC(52) Soft Max Capacity: 4096M(100%)
[91.685s][info][gc,heap     ] GC(52)                Mark Start          Mark End        Relocate Start      Relocate End           High               Low         
[91.685s][info][gc,heap     ] GC(52)  Capacity:     2048M (50%)        2048M (50%)        2048M (50%)        2048M (50%)        2048M (50%)        2048M (50%)    
[91.685s][info][gc,heap     ] GC(52)      Free:     3484M (85%)        3462M (85%)        3946M (96%)        4048M (99%)        4048M (99%)        3462M (85%)    
[91.685s][info][gc,heap     ] GC(52)      Used:      612M (15%)         634M (15%)         150M (4%)           48M (1%)          634M (15%)          48M (1%)     
[91.685s][info][gc,heap     ] GC(52)      Live:         -                 6M (0%)            6M (0%)            6M (0%)             -                  -          
[91.685s][info][gc,heap     ] GC(52) Allocated:         -                22M (1%)           22M (1%)           21M (1%)             -                  -          
[91.685s][info][gc,heap     ] GC(52)   Garbage:         -               605M (15%)         121M (3%)           19M (0%)             -                  -          
[91.685s][info][gc,heap     ] GC(52) Reclaimed:         -                  -               484M (12%)         585M (14%)            -                  -          
[91.686s][info][gc          ] GC(52) Garbage Collection (Proactive) 612M(15%)->48M(1%)
[92.611s][info][gc,start    ] GC(53) Garbage Collection (System.gc())
[92.611s][info][gc,task     ] GC(53) Using 12 workers
[92.611s][info][gc,phases   ] GC(53) Pause Mark Start 0.016ms
[92.626s][info][gc,phases   ] GC(53) Concurrent Mark 14.873ms
[92.627s][info][gc,phases   ] GC(53) Pause Mark End 0.023ms
[92.627s][info][gc,phases   ] GC(53) Concurrent Mark Free 0.002ms
[92.628s][info][gc,phases   ] GC(53) Concurrent Process Non-Strong References 0.920ms
[92.628s][info][gc,phases   ] GC(53) Concurrent Reset Relocation Set 0.011ms
[92.631s][info][gc,phases   ] GC(53) Concurrent Select Relocation Set 3.738ms
[92.632s][info][gc,phases   ] GC(53) Pause Relocate Start 0.007ms
[92.635s][info][gc,phases   ] GC(53) Concurrent Relocate 3.398ms
[92.635s][info][gc,load     ] GC(53) Load: 0.00/0.00/0.00
[92.635s][info][gc,mmu      ] GC(53) MMU: 2ms/98.4%, 5ms/99.4%, 10ms/99.6%, 20ms/99.7%, 50ms/99.8%, 100ms/99.9%
[92.635s][info][gc,marking  ] GC(53) Mark: 8 stripe(s), 2 proactive flush(es), 1 terminate flush(es), 0 completion(s), 0 continuation(s) 
[92.635s][info][gc,marking  ] GC(53) Mark Stack Usage: 32M
[92.635s][info][gc,nmethod  ] GC(53) NMethods: 1931 registered, 373 unregistered
[92.635s][info][gc,metaspace] GC(53) Metaspace: 9M used, 9M committed, 1088M reserved
[92.635s][info][gc,ref      ] GC(53) Soft: 214 encountered, 0 discovered, 0 enqueued
[92.635s][info][gc,ref      ] GC(53) Weak: 805 encountered, 8 discovered, 0 enqueued
[92.635s][info][gc,ref      ] GC(53) Final: 0 encountered, 0 discovered, 0 enqueued
[92.635s][info][gc,ref      ] GC(53) Phantom: 27 encountered, 16 discovered, 0 enqueued
[92.635s][info][gc,reloc    ] GC(53) Small Pages: 169 / 338M, Empty: 300M, Relocated: 4M, In-Place: 0
[92.635s][info][gc,reloc    ] GC(53) Medium Pages: 0 / 0M, Empty: 0M, Relocated: 0M, In-Place: 0
[92.635s][info][gc,reloc    ] GC(53) Large Pages: 0 / 0M, Empty: 0M, Relocated: 0M, In-Place: 0
[92.635s][info][gc,reloc    ] GC(53) Forwarding Usage: 1M
[92.635s][info][gc,heap     ] GC(53) Min Capacity: 8M(0%)
[92.635s][info][gc,heap     ] GC(53) Max Capacity: 4096M(100%)
[92.636s][info][gc,heap     ] GC(53) Soft Max Capacity: 4096M(100%)
[92.636s][info][gc,heap     ] GC(53)                Mark Start          Mark End        Relocate Start      Relocate End           High               Low         
[92.636s][info][gc,heap     ] GC(53)  Capacity:     2048M (50%)        2048M (50%)        2048M (50%)        2048M (50%)        2048M (50%)        2048M (50%)    
[92.636s][info][gc,heap     ] GC(53)      Free:     3758M (92%)        3758M (92%)        4058M (99%)        4072M (99%)        4072M (99%)        3758M (92%)    
[92.636s][info][gc,heap     ] GC(53)      Used:      338M (8%)          338M (8%)           38M (1%)           24M (1%)          338M (8%)           24M (1%)     
[92.636s][info][gc,heap     ] GC(53)      Live:         -                 4M (0%)            4M (0%)            4M (0%)             -                  -          
[92.636s][info][gc,heap     ] GC(53) Allocated:         -                 0M (0%)            0M (0%)            0M (0%)             -                  -          
[92.636s][info][gc,heap     ] GC(53)   Garbage:         -               333M (8%)           33M (1%)           19M (0%)             -                  -          
[92.636s][info][gc,heap     ] GC(53) Reclaimed:         -                  -               300M (7%)          314M (8%)             -                  -          
[92.636s][info][gc          ] GC(53) Garbage Collection (System.gc()) 338M(8%)->24M(1%)
[94.054s][info][gc,start    ] GC(54) Garbage Collection (Proactive)
[94.054s][info][gc,task     ] GC(54) Using 12 workers
[94.054s][info][gc,phases   ] GC(54) Pause Mark Start 0.017ms
[94.069s][info][gc,phases   ] GC(54) Concurrent Mark 15.201ms
[94.070s][info][gc,phases   ] GC(54) Pause Mark End 0.024ms
[94.070s][info][gc,phases   ] GC(54) Concurrent Mark Free 0.001ms
[94.071s][info][gc,phases   ] GC(54) Concurrent Process Non-Strong References 1.073ms
[94.071s][info][gc,phases   ] GC(54) Concurrent Reset Relocation Set 0.002ms
[94.078s][info][gc,phases   ] GC(54) Concurrent Select Relocation Set 6.739ms
[94.078s][info][gc,phases   ] GC(54) Pause Relocate Start 0.010ms
[94.082s][info][gc,phases   ] GC(54) Concurrent Relocate 3.802ms
[94.082s][info][gc,load     ] GC(54) Load: 0.00/0.00/0.00
[94.082s][info][gc,mmu      ] GC(54) MMU: 2ms/98.4%, 5ms/99.4%, 10ms/99.6%, 20ms/99.7%, 50ms/99.8%, 100ms/99.9%
[94.082s][info][gc,marking  ] GC(54) Mark: 8 stripe(s), 2 proactive flush(es), 1 terminate flush(es), 0 completion(s), 0 continuation(s) 
[94.082s][info][gc,marking  ] GC(54) Mark Stack Usage: 32M
[94.082s][info][gc,nmethod  ] GC(54) NMethods: 1941 registered, 374 unregistered
[94.082s][info][gc,metaspace] GC(54) Metaspace: 9M used, 9M committed, 1088M reserved
[94.082s][info][gc,ref      ] GC(54) Soft: 214 encountered, 0 discovered, 0 enqueued
[94.082s][info][gc,ref      ] GC(54) Weak: 805 encountered, 16 discovered, 0 enqueued
[94.082s][info][gc,ref      ] GC(54) Final: 0 encountered, 0 discovered, 0 enqueued
[94.082s][info][gc,ref      ] GC(54) Phantom: 27 encountered, 19 discovered, 0 enqueued
[94.082s][info][gc,reloc    ] GC(54) Small Pages: 239 / 478M, Empty: 274M, Relocated: 5M, In-Place: 0
[94.082s][info][gc,reloc    ] GC(54) Medium Pages: 0 / 0M, Empty: 0M, Relocated: 0M, In-Place: 0
[94.082s][info][gc,reloc    ] GC(54) Large Pages: 0 / 0M, Empty: 0M, Relocated: 0M, In-Place: 0
[94.082s][info][gc,reloc    ] GC(54) Forwarding Usage: 1M
[94.082s][info][gc,heap     ] GC(54) Min Capacity: 8M(0%)
[94.082s][info][gc,heap     ] GC(54) Max Capacity: 4096M(100%)
[94.082s][info][gc,heap     ] GC(54) Soft Max Capacity: 4096M(100%)
[94.082s][info][gc,heap     ] GC(54)                Mark Start          Mark End        Relocate Start      Relocate End           High               Low         
[94.082s][info][gc,heap     ] GC(54)  Capacity:     2048M (50%)        2048M (50%)        2048M (50%)        2048M (50%)        2048M (50%)        2048M (50%)    
[94.083s][info][gc,heap     ] GC(54)      Free:     3618M (88%)        3600M (88%)        3870M (94%)        4048M (99%)        4048M (99%)        3600M (88%)    
[94.083s][info][gc,heap     ] GC(54)      Used:      478M (12%)         496M (12%)         226M (6%)           48M (1%)          496M (12%)          48M (1%)     
[94.083s][info][gc,heap     ] GC(54)      Live:         -                 6M (0%)            6M (0%)            6M (0%)             -                  -          
[94.083s][info][gc,heap     ] GC(54) Allocated:         -                18M (0%)           22M (1%)           21M (1%)             -                  -          
[94.083s][info][gc,heap     ] GC(54)   Garbage:         -               471M (12%)         197M (5%)           19M (0%)             -                  -          
[94.083s][info][gc,heap     ] GC(54) Reclaimed:         -                  -               274M (7%)          451M (11%)            -                  -          
[94.083s][info][gc          ] GC(54) Garbage Collection (Proactive) 478M(12%)->48M(1%)
[95.749s][info][gc,start    ] GC(55) Garbage Collection (Proactive)
[95.749s][info][gc,task     ] GC(55) Using 12 workers
[95.749s][info][gc,phases   ] GC(55) Pause Mark Start 0.019ms
[95.764s][info][gc,phases   ] GC(55) Concurrent Mark 15.123ms
[95.764s][info][gc,phases   ] GC(55) Pause Mark End 0.025ms
[95.765s][info][gc,phases   ] GC(55) Concurrent Mark Free 0.001ms
[95.766s][info][gc,phases   ] GC(55) Concurrent Process Non-Strong References 0.991ms
[95.766s][info][gc,phases   ] GC(55) Concurrent Reset Relocation Set 0.018ms
[95.769s][info][gc,phases   ] GC(55) Concurrent Select Relocation Set 3.819ms
[95.770s][info][gc,phases   ] GC(55) Pause Relocate Start 0.009ms
[95.773s][info][gc,phases   ] GC(55) Concurrent Relocate 3.164ms
[95.773s][info][gc,load     ] GC(55) Load: 0.00/0.00/0.00
[95.773s][info][gc,mmu      ] GC(55) MMU: 2ms/98.4%, 5ms/99.4%, 10ms/99.6%, 20ms/99.7%, 50ms/99.8%, 100ms/99.9%
[95.773s][info][gc,marking  ] GC(55) Mark: 8 stripe(s), 2 proactive flush(es), 1 terminate flush(es), 0 completion(s), 0 continuation(s) 
[95.773s][info][gc,marking  ] GC(55) Mark Stack Usage: 32M
[95.773s][info][gc,nmethod  ] GC(55) NMethods: 1941 registered, 374 unregistered
[95.773s][info][gc,metaspace] GC(55) Metaspace: 9M used, 9M committed, 1088M reserved
[95.773s][info][gc,ref      ] GC(55) Soft: 214 encountered, 0 discovered, 0 enqueued
[95.773s][info][gc,ref      ] GC(55) Weak: 805 encountered, 51 discovered, 0 enqueued
[95.773s][info][gc,ref      ] GC(55) Final: 0 encountered, 0 discovered, 0 enqueued
[95.773s][info][gc,ref      ] GC(55) Phantom: 27 encountered, 15 discovered, 0 enqueued
[95.773s][info][gc,reloc    ] GC(55) Small Pages: 288 / 576M, Empty: 396M, Relocated: 5M, In-Place: 0
[95.773s][info][gc,reloc    ] GC(55) Medium Pages: 0 / 0M, Empty: 0M, Relocated: 0M, In-Place: 0
[95.774s][info][gc,reloc    ] GC(55) Large Pages: 0 / 0M, Empty: 0M, Relocated: 0M, In-Place: 0
[95.774s][info][gc,reloc    ] GC(55) Forwarding Usage: 1M
[95.774s][info][gc,heap     ] GC(55) Min Capacity: 8M(0%)
[95.774s][info][gc,heap     ] GC(55) Max Capacity: 4096M(100%)
[95.774s][info][gc,heap     ] GC(55) Soft Max Capacity: 4096M(100%)
[95.774s][info][gc,heap     ] GC(55)                Mark Start          Mark End        Relocate Start      Relocate End           High               Low         
[95.774s][info][gc,heap     ] GC(55)  Capacity:     2048M (50%)        2048M (50%)        2048M (50%)        2048M (50%)        2048M (50%)        2048M (50%)    
[95.774s][info][gc,heap     ] GC(55)      Free:     3520M (86%)        3498M (85%)        3892M (95%)        4044M (99%)        4044M (99%)        3498M (85%)    
[95.774s][info][gc,heap     ] GC(55)      Used:      576M (14%)         598M (15%)         204M (5%)           52M (1%)          598M (15%)          52M (1%)     
[95.774s][info][gc,heap     ] GC(55)      Live:         -                 6M (0%)            6M (0%)            6M (0%)             -                  -          
[95.774s][info][gc,heap     ] GC(55) Allocated:         -                22M (1%)           24M (1%)           25M (1%)             -                  -          
[95.774s][info][gc,heap     ] GC(55)   Garbage:         -               569M (14%)         173M (4%)           19M (0%)             -                  -          
[95.774s][info][gc,heap     ] GC(55) Reclaimed:         -                  -               396M (10%)         549M (13%)            -                  -          
[95.774s][info][gc          ] GC(55) Garbage Collection (Proactive) 576M(14%)->52M(1%)
[97.349s][info][gc,start    ] GC(56) Garbage Collection (Proactive)
[97.349s][info][gc,task     ] GC(56) Using 12 workers
[97.349s][info][gc,phases   ] GC(56) Pause Mark Start 0.017ms
[97.364s][info][gc,phases   ] GC(56) Concurrent Mark 15.150ms
[97.365s][info][gc,phases   ] GC(56) Pause Mark End 0.023ms
[97.365s][info][gc,phases   ] GC(56) Concurrent Mark Free 0.002ms
[97.366s][info][gc,phases   ] GC(56) Concurrent Process Non-Strong References 1.028ms
[97.366s][info][gc,phases   ] GC(56) Concurrent Reset Relocation Set 0.015ms
[97.373s][info][gc,phases   ] GC(56) Concurrent Select Relocation Set 6.764ms
[97.373s][info][gc,phases   ] GC(56) Pause Relocate Start 0.008ms
[97.376s][info][gc,phases   ] GC(56) Concurrent Relocate 3.173ms
[97.376s][info][gc,load     ] GC(56) Load: 0.00/0.00/0.00
[97.376s][info][gc,mmu      ] GC(56) MMU: 2ms/98.4%, 5ms/99.4%, 10ms/99.6%, 20ms/99.7%, 50ms/99.8%, 100ms/99.9%
[97.376s][info][gc,marking  ] GC(56) Mark: 8 stripe(s), 3 proactive flush(es), 1 terminate flush(es), 0 completion(s), 0 continuation(s) 
[97.376s][info][gc,marking  ] GC(56) Mark Stack Usage: 32M
[97.376s][info][gc,nmethod  ] GC(56) NMethods: 1941 registered, 374 unregistered
[97.376s][info][gc,metaspace] GC(56) Metaspace: 9M used, 9M committed, 1088M reserved
[97.376s][info][gc,ref      ] GC(56) Soft: 214 encountered, 0 discovered, 0 enqueued
[97.376s][info][gc,ref      ] GC(56) Weak: 805 encountered, 11 discovered, 0 enqueued
[97.376s][info][gc,ref      ] GC(56) Final: 0 encountered, 0 discovered, 0 enqueued
[97.376s][info][gc,ref      ] GC(56) Phantom: 27 encountered, 11 discovered, 0 enqueued
[97.376s][info][gc,reloc    ] GC(56) Small Pages: 274 / 548M, Empty: 390M, Relocated: 5M, In-Place: 0
[97.376s][info][gc,reloc    ] GC(56) Medium Pages: 0 / 0M, Empty: 0M, Relocated: 0M, In-Place: 0
[97.376s][info][gc,reloc    ] GC(56) Large Pages: 0 / 0M, Empty: 0M, Relocated: 0M, In-Place: 0
[97.377s][info][gc,reloc    ] GC(56) Forwarding Usage: 1M
[97.377s][info][gc,heap     ] GC(56) Min Capacity: 8M(0%)
[97.377s][info][gc,heap     ] GC(56) Max Capacity: 4096M(100%)
[97.377s][info][gc,heap     ] GC(56) Soft Max Capacity: 4096M(100%)
[97.377s][info][gc,heap     ] GC(56)                Mark Start          Mark End        Relocate Start      Relocate End           High               Low         
[97.377s][info][gc,heap     ] GC(56)  Capacity:     2048M (50%)        2048M (50%)        2048M (50%)        2048M (50%)        2048M (50%)        2048M (50%)    
[97.377s][info][gc,heap     ] GC(56)      Free:     3548M (87%)        3526M (86%)        3914M (96%)        4044M (99%)        4044M (99%)        3526M (86%)    
[97.377s][info][gc,heap     ] GC(56)      Used:      548M (13%)         570M (14%)         182M (4%)           52M (1%)          570M (14%)          52M (1%)     
[97.377s][info][gc,heap     ] GC(56)      Live:         -                 6M (0%)            6M (0%)            6M (0%)             -                  -          
[97.377s][info][gc,heap     ] GC(56) Allocated:         -                22M (1%)           24M (1%)           25M (1%)             -                  -          
[97.377s][info][gc,heap     ] GC(56)   Garbage:         -               541M (13%)         151M (4%)           19M (0%)             -                  -          
[97.377s][info][gc,heap     ] GC(56) Reclaimed:         -                  -               390M (10%)         521M (13%)            -                  -          
[97.377s][info][gc          ] GC(56) Garbage Collection (Proactive) 548M(13%)->52M(1%)
[98.958s][info][gc,start    ] GC(57) Garbage Collection (Proactive)
[98.958s][info][gc,task     ] GC(57) Using 12 workers
[98.958s][info][gc,phases   ] GC(57) Pause Mark Start 0.019ms
[98.973s][info][gc,phases   ] GC(57) Concurrent Mark 15.123ms
[98.973s][info][gc,phases   ] GC(57) Pause Mark End 0.028ms
[98.973s][info][gc,phases   ] GC(57) Concurrent Mark Free 0.002ms
[98.974s][info][gc,phases   ] GC(57) Concurrent Process Non-Strong References 1.005ms
[98.975s][info][gc,phases   ] GC(57) Concurrent Reset Relocation Set 0.013ms
[98.979s][info][gc,phases   ] GC(57) Concurrent Select Relocation Set 3.936ms
[98.979s][info][gc,phases   ] GC(57) Pause Relocate Start 0.009ms
[98.983s][info][gc,phases   ] GC(57) Concurrent Relocate 3.901ms
[98.983s][info][gc,load     ] GC(57) Load: 0.00/0.00/0.00
[98.983s][info][gc,mmu      ] GC(57) MMU: 2ms/98.4%, 5ms/99.4%, 10ms/99.6%, 20ms/99.7%, 50ms/99.8%, 100ms/99.9%
[98.983s][info][gc,marking  ] GC(57) Mark: 8 stripe(s), 2 proactive flush(es), 1 terminate flush(es), 0 completion(s), 0 continuation(s) 
[98.983s][info][gc,marking  ] GC(57) Mark Stack Usage: 32M
[98.983s][info][gc,nmethod  ] GC(57) NMethods: 1941 registered, 374 unregistered
[98.983s][info][gc,metaspace] GC(57) Metaspace: 9M used, 9M committed, 1088M reserved
[98.983s][info][gc,ref      ] GC(57) Soft: 214 encountered, 0 discovered, 0 enqueued
[98.983s][info][gc,ref      ] GC(57) Weak: 805 encountered, 53 discovered, 0 enqueued
[98.983s][info][gc,ref      ] GC(57) Final: 0 encountered, 0 discovered, 0 enqueued
[98.983s][info][gc,ref      ] GC(57) Phantom: 27 encountered, 16 discovered, 0 enqueued
[98.983s][info][gc,reloc    ] GC(57) Small Pages: 276 / 552M, Empty: 360M, Relocated: 4M, In-Place: 0
[98.983s][info][gc,reloc    ] GC(57) Medium Pages: 0 / 0M, Empty: 0M, Relocated: 0M, In-Place: 0
[98.983s][info][gc,reloc    ] GC(57) Large Pages: 0 / 0M, Empty: 0M, Relocated: 0M, In-Place: 0
[98.983s][info][gc,reloc    ] GC(57) Forwarding Usage: 1M
[98.983s][info][gc,heap     ] GC(57) Min Capacity: 8M(0%)
[98.983s][info][gc,heap     ] GC(57) Max Capacity: 4096M(100%)
[98.983s][info][gc,heap     ] GC(57) Soft Max Capacity: 4096M(100%)
[98.983s][info][gc,heap     ] GC(57)                Mark Start          Mark End        Relocate Start      Relocate End           High               Low         
[98.984s][info][gc,heap     ] GC(57)  Capacity:     2048M (50%)        2048M (50%)        2048M (50%)        2048M (50%)        2048M (50%)        2048M (50%)    
[98.984s][info][gc,heap     ] GC(57)      Free:     3544M (87%)        3522M (86%)        3880M (95%)        4046M (99%)        4046M (99%)        3522M (86%)    
[98.984s][info][gc,heap     ] GC(57)      Used:      552M (13%)         574M (14%)         216M (5%)           50M (1%)          574M (14%)          50M (1%)     
[98.984s][info][gc,heap     ] GC(57)      Live:         -                 6M (0%)            6M (0%)            6M (0%)             -                  -          
[98.984s][info][gc,heap     ] GC(57) Allocated:         -                22M (1%)           24M (1%)           23M (1%)             -                  -          
[98.984s][info][gc,heap     ] GC(57)   Garbage:         -               545M (13%)         185M (5%)           19M (0%)             -                  -          
[98.984s][info][gc,heap     ] GC(57) Reclaimed:         -                  -               360M (9%)          525M (13%)            -                  -          
[98.984s][info][gc          ] GC(57) Garbage Collection (Proactive) 552M(13%)->50M(1%)
[99.573s][info][gc,start    ] GC(58) Garbage Collection (System.gc())
[99.573s][info][gc,task     ] GC(58) Using 12 workers
[99.573s][info][gc,phases   ] GC(58) Pause Mark Start 0.017ms
[99.589s][info][gc,phases   ] GC(58) Concurrent Mark 16.041ms
[99.589s][info][gc,phases   ] GC(58) Pause Mark End 0.021ms
[99.589s][info][gc,phases   ] GC(58) Concurrent Mark Free 0.002ms
[99.590s][info][gc,phases   ] GC(58) Concurrent Process Non-Strong References 0.925ms
[99.590s][info][gc,phases   ] GC(58) Concurrent Reset Relocation Set 0.014ms
[99.594s][info][gc,phases   ] GC(58) Concurrent Select Relocation Set 3.753ms
[99.594s][info][gc,phases   ] GC(58) Pause Relocate Start 0.008ms
[99.598s][info][gc,phases   ] GC(58) Concurrent Relocate 3.401ms
[99.598s][info][gc,load     ] GC(58) Load: 0.00/0.00/0.00
[99.598s][info][gc,mmu      ] GC(58) MMU: 2ms/98.4%, 5ms/99.4%, 10ms/99.6%, 20ms/99.7%, 50ms/99.8%, 100ms/99.9%
[99.598s][info][gc,marking  ] GC(58) Mark: 8 stripe(s), 1 proactive flush(es), 1 terminate flush(es), 0 completion(s), 0 continuation(s) 
[99.598s][info][gc,marking  ] GC(58) Mark Stack Usage: 32M
[99.598s][info][gc,nmethod  ] GC(58) NMethods: 1941 registered, 374 unregistered
[99.598s][info][gc,metaspace] GC(58) Metaspace: 9M used, 9M committed, 1088M reserved
[99.598s][info][gc,ref      ] GC(58) Soft: 214 encountered, 0 discovered, 0 enqueued
[99.598s][info][gc,ref      ] GC(58) Weak: 805 encountered, 11 discovered, 0 enqueued
[99.598s][info][gc,ref      ] GC(58) Final: 0 encountered, 0 discovered, 0 enqueued
[99.598s][info][gc,ref      ] GC(58) Phantom: 27 encountered, 19 discovered, 0 enqueued
[99.598s][info][gc,reloc    ] GC(58) Small Pages: 115 / 230M, Empty: 198M, Relocated: 4M, In-Place: 0
[99.598s][info][gc,reloc    ] GC(58) Medium Pages: 0 / 0M, Empty: 0M, Relocated: 0M, In-Place: 0
[99.598s][info][gc,reloc    ] GC(58) Large Pages: 0 / 0M, Empty: 0M, Relocated: 0M, In-Place: 0
[99.598s][info][gc,reloc    ] GC(58) Forwarding Usage: 1M
[99.598s][info][gc,heap     ] GC(58) Min Capacity: 8M(0%)
[99.598s][info][gc,heap     ] GC(58) Max Capacity: 4096M(100%)
[99.598s][info][gc,heap     ] GC(58) Soft Max Capacity: 4096M(100%)
[99.598s][info][gc,heap     ] GC(58)                Mark Start          Mark End        Relocate Start      Relocate End           High               Low         
[99.598s][info][gc,heap     ] GC(58)  Capacity:     2048M (50%)        2048M (50%)        2048M (50%)        2048M (50%)        2048M (50%)        2048M (50%)    
[99.598s][info][gc,heap     ] GC(58)      Free:     3866M (94%)        3866M (94%)        4064M (99%)        4072M (99%)        4072M (99%)        3866M (94%)    
[99.598s][info][gc,heap     ] GC(58)      Used:      230M (6%)          230M (6%)           32M (1%)           24M (1%)          230M (6%)           24M (1%)     
[99.599s][info][gc,heap     ] GC(58)      Live:         -                 4M (0%)            4M (0%)            4M (0%)             -                  -          
[99.599s][info][gc,heap     ] GC(58) Allocated:         -                 0M (0%)            0M (0%)            0M (0%)             -                  -          
[99.599s][info][gc,heap     ] GC(58)   Garbage:         -               225M (5%)           27M (1%)           19M (0%)             -                  -          
[99.599s][info][gc,heap     ] GC(58) Reclaimed:         -                  -               198M (5%)          206M (5%)             -                  -          
[99.599s][info][gc          ] GC(58) Garbage Collection (System.gc()) 230M(6%)->24M(1%)
[100.159s][info][gc,stats    ] === Garbage Collection Statistics =======================================================================================================================
[100.159s][info][gc,stats    ]                                                              Last 10s              Last 10m              Last 10h                Total
[100.159s][info][gc,stats    ]                                                              Avg / Max             Avg / Max             Avg / Max             Avg / Max
[100.159s][info][gc,stats    ]   Collector: Garbage Collection Cycle                     25.595 / 28.251       26.807 / 41.434       26.807 / 41.434       26.807 / 41.434      ms
[100.159s][info][gc,stats    ]  Contention: Mark Segment Reset Contention                     1 / 4                 1 / 12                1 / 12                1 / 12          ops/s
[100.160s][info][gc,stats    ]  Contention: Mark SeqNum Reset Contention                      0 / 2                 0 / 3                 0 / 3                 0 / 3           ops/s
[100.160s][info][gc,stats    ]    Critical: Allocation Stall                                  0 / 0                 0 / 0                 0 / 0                 0 / 0           ops/s
[100.160s][info][gc,stats    ]    Critical: Allocation Stall                              0.000 / 0.000         0.000 / 0.000         0.000 / 0.000         0.000 / 0.000       ms
[100.160s][info][gc,stats    ]    Critical: GC Locker Stall                                   0 / 0                 0 / 0                 0 / 0                 0 / 0           ops/s
[100.160s][info][gc,stats    ]    Critical: GC Locker Stall                               0.000 / 0.000         0.000 / 0.000         0.000 / 0.000         0.000 / 0.000       ms
[100.160s][info][gc,stats    ]    Critical: Relocation Stall                                  0 / 0                 0 / 0                 0 / 0                 0 / 0           ops/s
[100.160s][info][gc,stats    ]    Critical: Relocation Stall                              0.000 / 0.000         0.000 / 0.000         0.000 / 0.000         0.000 / 0.000       ms
[100.160s][info][gc,stats    ]      Memory: Allocation Rate                                 324 / 336             316 / 342             316 / 342             316 / 342         MB/s
[100.160s][info][gc,stats    ]      Memory: Defragment                                        0 / 0                 0 / 0                 0 / 0                 0 / 0           ops/s
[100.160s][info][gc,stats    ]      Memory: Out Of Memory                                     0 / 0                 0 / 0                 0 / 0                 0 / 0           ops/s
[100.160s][info][gc,stats    ]      Memory: Page Cache Flush                                  0 / 0                 0 / 0                 0 / 0                 0 / 0           MB/s
[100.160s][info][gc,stats    ]      Memory: Page Cache Hit L1                               170 / 180             159 / 195             159 / 195             159 / 195         ops/s
[100.160s][info][gc,stats    ]      Memory: Page Cache Hit L2                                 0 / 0                 0 / 0                 0 / 0                 0 / 0           ops/s
[100.160s][info][gc,stats    ]      Memory: Page Cache Hit L3                                 0 / 0                 6 / 137               6 / 137               6 / 137         ops/s
[100.160s][info][gc,stats    ]      Memory: Page Cache Miss                                   0 / 0                 0 / 1                 0 / 1                 0 / 1           ops/s
[100.160s][info][gc,stats    ]      Memory: Uncommit                                          0 / 0                 0 / 0                 0 / 0                 0 / 0           MB/s
[100.160s][info][gc,stats    ]      Memory: Undo Object Allocation Failed                     0 / 0                 0 / 0                 0 / 0                 0 / 0           ops/s
[100.160s][info][gc,stats    ]      Memory: Undo Object Allocation Succeeded                  0 / 3                 0 / 4                 0 / 4                 0 / 4           ops/s
[100.160s][info][gc,stats    ]      Memory: Undo Page Allocation                              0 / 0                 0 / 0                 0 / 0                 0 / 0           ops/s
[100.160s][info][gc,stats    ]       Phase: Concurrent Mark                              15.241 / 16.041       15.258 / 24.159       15.258 / 24.159       15.258 / 24.159      ms
[100.160s][info][gc,stats    ]       Phase: Concurrent Mark Continue                      0.000 / 0.000         0.000 / 0.000         0.000 / 0.000         0.000 / 0.000       ms
[100.160s][info][gc,stats    ]       Phase: Concurrent Mark Free                          0.001 / 0.002         0.001 / 0.002         0.001 / 0.002         0.001 / 0.002       ms
[100.160s][info][gc,stats    ]       Phase: Concurrent Process Non-Strong References      0.989 / 1.073         1.086 / 5.230         1.086 / 5.230         1.086 / 5.230       ms
[100.160s][info][gc,stats    ]       Phase: Concurrent Relocate                           3.462 / 3.901         3.410 / 5.038         3.410 / 5.038         3.410 / 5.038       ms
[100.160s][info][gc,stats    ]       Phase: Concurrent Reset Relocation Set               0.013 / 0.018         0.011 / 0.022         0.011 / 0.022         0.011 / 0.022       ms
[100.160s][info][gc,stats    ]       Phase: Concurrent Select Relocation Set              4.651 / 6.764         5.561 / 15.356        5.561 / 15.356        5.561 / 15.356      ms
[100.160s][info][gc,stats    ]       Phase: Pause Mark End                                0.025 / 0.028         0.025 / 0.032         0.025 / 0.032         0.025 / 0.032       ms
[100.160s][info][gc,stats    ]       Phase: Pause Mark Start                              0.018 / 0.019         0.018 / 0.020         0.018 / 0.020         0.018 / 0.020       ms
[100.160s][info][gc,stats    ]       Phase: Pause Relocate Start                          0.009 / 0.010         0.009 / 0.028         0.009 / 0.028         0.009 / 0.028       ms
[100.161s][info][gc,stats    ]    Subphase: Concurrent Classes Purge                      0.009 / 0.020         0.045 / 0.876         0.045 / 0.876         0.045 / 0.876       ms
[100.161s][info][gc,stats    ]    Subphase: Concurrent Classes Unlink                     0.684 / 0.725         0.733 / 4.065         0.733 / 4.065         0.733 / 4.065       ms
[100.161s][info][gc,stats    ]    Subphase: Concurrent Mark                              13.454 / 14.927       13.328 / 23.147       13.328 / 23.147       13.328 / 23.147      ms
[100.161s][info][gc,stats    ]    Subphase: Concurrent Mark Try Flush                     0.071 / 0.110         0.069 / 0.145         0.069 / 0.145         0.069 / 0.145       ms
[100.161s][info][gc,stats    ]    Subphase: Concurrent Mark Try Terminate                 8.933 / 12.994        8.163 / 16.572        8.163 / 16.572        8.163 / 16.572      ms
[100.161s][info][gc,stats    ]    Subphase: Concurrent References Enqueue                 0.000 / 0.001         0.001 / 0.004         0.001 / 0.004         0.001 / 0.004       ms
[100.161s][info][gc,stats    ]    Subphase: Concurrent References Process                 0.038 / 0.041         0.043 / 0.089         0.043 / 0.089         0.043 / 0.089       ms
[100.161s][info][gc,stats    ]    Subphase: Concurrent Roots ClassLoaderDataGraph         0.080 / 0.690         0.086 / 0.896         0.086 / 0.896         0.086 / 0.896       ms
[100.161s][info][gc,stats    ]    Subphase: Concurrent Roots CodeCache                    0.000 / 0.000         0.000 / 0.000         0.000 / 0.000         0.000 / 0.000       ms
[100.161s][info][gc,stats    ]    Subphase: Concurrent Roots JavaThreads                  0.527 / 1.019         0.500 / 1.189         0.500 / 1.189         0.500 / 1.189       ms
[100.161s][info][gc,stats    ]    Subphase: Concurrent Roots OopStorageSet                0.016 / 0.050         0.019 / 0.190         0.019 / 0.190         0.019 / 0.190       ms
[100.161s][info][gc,stats    ]    Subphase: Concurrent Weak Roots OopStorageSet           0.140 / 0.179         0.140 / 0.181         0.140 / 0.181         0.140 / 0.181       ms
[100.161s][info][gc,stats    ]    Subphase: Pause Mark Try Complete                       0.000 / 0.000         0.000 / 0.000         0.000 / 0.000         0.000 / 0.000       ms
[100.161s][info][gc,stats    ]      System: Java Threads                                     34 / 35               32 / 35               32 / 35               32 / 35          threads
[100.161s][info][gc,stats    ] =========================================================================================================================================================
[101.049s][info][gc,start    ] GC(59) Garbage Collection (Proactive)
[101.049s][info][gc,task     ] GC(59) Using 12 workers
[101.049s][info][gc,phases   ] GC(59) Pause Mark Start 0.017ms
[101.064s][info][gc,phases   ] GC(59) Concurrent Mark 15.152ms
[101.065s][info][gc,phases   ] GC(59) Pause Mark End 0.027ms
[101.065s][info][gc,phases   ] GC(59) Concurrent Mark Free 0.001ms
[101.066s][info][gc,phases   ] GC(59) Concurrent Process Non-Strong References 1.057ms
[101.066s][info][gc,phases   ] GC(59) Concurrent Reset Relocation Set 0.003ms
[101.073s][info][gc,phases   ] GC(59) Concurrent Select Relocation Set 6.681ms
[101.073s][info][gc,phases   ] GC(59) Pause Relocate Start 0.009ms
[101.076s][info][gc,phases   ] GC(59) Concurrent Relocate 2.892ms
[101.076s][info][gc,load     ] GC(59) Load: 0.00/0.00/0.00
[101.076s][info][gc,mmu      ] GC(59) MMU: 2ms/98.4%, 5ms/99.4%, 10ms/99.6%, 20ms/99.7%, 50ms/99.8%, 100ms/99.9%
[101.076s][info][gc,marking  ] GC(59) Mark: 8 stripe(s), 2 proactive flush(es), 1 terminate flush(es), 0 completion(s), 0 continuation(s) 
[101.076s][info][gc,marking  ] GC(59) Mark Stack Usage: 32M
[101.076s][info][gc,nmethod  ] GC(59) NMethods: 1946 registered, 374 unregistered
[101.076s][info][gc,metaspace] GC(59) Metaspace: 9M used, 9M committed, 1088M reserved
[101.076s][info][gc,ref      ] GC(59) Soft: 214 encountered, 0 discovered, 0 enqueued
[101.076s][info][gc,ref      ] GC(59) Weak: 805 encountered, 51 discovered, 0 enqueued
[101.076s][info][gc,ref      ] GC(59) Final: 0 encountered, 0 discovered, 0 enqueued
[101.076s][info][gc,ref      ] GC(59) Phantom: 27 encountered, 18 discovered, 0 enqueued
[101.076s][info][gc,reloc    ] GC(59) Small Pages: 247 / 494M, Empty: 254M, Relocated: 5M, In-Place: 0
[101.076s][info][gc,reloc    ] GC(59) Medium Pages: 0 / 0M, Empty: 0M, Relocated: 0M, In-Place: 0
[101.076s][info][gc,reloc    ] GC(59) Large Pages: 0 / 0M, Empty: 0M, Relocated: 0M, In-Place: 0
[101.076s][info][gc,reloc    ] GC(59) Forwarding Usage: 1M
[101.076s][info][gc,heap     ] GC(59) Min Capacity: 8M(0%)
[101.076s][info][gc,heap     ] GC(59) Max Capacity: 4096M(100%)
[101.076s][info][gc,heap     ] GC(59) Soft Max Capacity: 4096M(100%)
[101.076s][info][gc,heap     ] GC(59)                Mark Start          Mark End        Relocate Start      Relocate End           High               Low         
[101.076s][info][gc,heap     ] GC(59)  Capacity:     2048M (50%)        2048M (50%)        2048M (50%)        2048M (50%)        2048M (50%)        2048M (50%)    
[101.076s][info][gc,heap     ] GC(59)      Free:     3602M (88%)        3586M (88%)        3836M (94%)        4050M (99%)        4050M (99%)        3586M (88%)    
[101.076s][info][gc,heap     ] GC(59)      Used:      494M (12%)         510M (12%)         260M (6%)           46M (1%)          510M (12%)          46M (1%)     
[101.076s][info][gc,heap     ] GC(59)      Live:         -                 6M (0%)            6M (0%)            6M (0%)             -                  -          
[101.077s][info][gc,heap     ] GC(59) Allocated:         -                16M (0%)           20M (0%)           19M (0%)             -                  -          
[101.077s][info][gc,heap     ] GC(59)   Garbage:         -               487M (12%)         233M (6%)           19M (0%)             -                  -          
[101.077s][info][gc,heap     ] GC(59) Reclaimed:         -                  -               254M (6%)          467M (11%)            -                  -          
[101.077s][info][gc          ] GC(59) Garbage Collection (Proactive) 494M(12%)->46M(1%)
[102.648s][info][gc,start    ] GC(60) Garbage Collection (Proactive)
[102.648s][info][gc,task     ] GC(60) Using 12 workers
[102.648s][info][gc,phases   ] GC(60) Pause Mark Start 0.019ms
[102.664s][info][gc,phases   ] GC(60) Concurrent Mark 15.135ms
[102.664s][info][gc,phases   ] GC(60) Pause Mark End 0.027ms
[102.664s][info][gc,phases   ] GC(60) Concurrent Mark Free 0.002ms
[102.665s][info][gc,phases   ] GC(60) Concurrent Process Non-Strong References 1.008ms
[102.665s][info][gc,phases   ] GC(60) Concurrent Reset Relocation Set 0.020ms
[102.672s][info][gc,phases   ] GC(60) Concurrent Select Relocation Set 6.857ms
[102.672s][info][gc,phases   ] GC(60) Pause Relocate Start 0.008ms
[102.675s][info][gc,phases   ] GC(60) Concurrent Relocate 3.117ms
[102.675s][info][gc,load     ] GC(60) Load: 0.00/0.00/0.00
[102.675s][info][gc,mmu      ] GC(60) MMU: 2ms/98.4%, 5ms/99.4%, 10ms/99.6%, 20ms/99.7%, 50ms/99.8%, 100ms/99.9%
[102.675s][info][gc,marking  ] GC(60) Mark: 8 stripe(s), 3 proactive flush(es), 1 terminate flush(es), 0 completion(s), 0 continuation(s) 
[102.675s][info][gc,marking  ] GC(60) Mark Stack Usage: 32M
[102.676s][info][gc,nmethod  ] GC(60) NMethods: 1946 registered, 374 unregistered
[102.676s][info][gc,metaspace] GC(60) Metaspace: 9M used, 9M committed, 1088M reserved
[102.676s][info][gc,ref      ] GC(60) Soft: 214 encountered, 0 discovered, 0 enqueued
[102.676s][info][gc,ref      ] GC(60) Weak: 805 encountered, 15 discovered, 0 enqueued
[102.676s][info][gc,ref      ] GC(60) Final: 0 encountered, 0 discovered, 0 enqueued
[102.676s][info][gc,ref      ] GC(60) Phantom: 27 encountered, 19 discovered, 0 enqueued
[102.676s][info][gc,reloc    ] GC(60) Small Pages: 277 / 554M, Empty: 362M, Relocated: 5M, In-Place: 0
[102.676s][info][gc,reloc    ] GC(60) Medium Pages: 0 / 0M, Empty: 0M, Relocated: 0M, In-Place: 0
[102.676s][info][gc,reloc    ] GC(60) Large Pages: 0 / 0M, Empty: 0M, Relocated: 0M, In-Place: 0
[102.676s][info][gc,reloc    ] GC(60) Forwarding Usage: 1M
[102.676s][info][gc,heap     ] GC(60) Min Capacity: 8M(0%)
[102.676s][info][gc,heap     ] GC(60) Max Capacity: 4096M(100%)
[102.676s][info][gc,heap     ] GC(60) Soft Max Capacity: 4096M(100%)
[102.676s][info][gc,heap     ] GC(60)                Mark Start          Mark End        Relocate Start      Relocate End           High               Low         
[102.676s][info][gc,heap     ] GC(60)  Capacity:     2048M (50%)        2048M (50%)        2048M (50%)        2048M (50%)        2048M (50%)        2048M (50%)    
[102.676s][info][gc,heap     ] GC(60)      Free:     3542M (86%)        3526M (86%)        3886M (95%)        4052M (99%)        4052M (99%)        3524M (86%)    
[102.676s][info][gc,heap     ] GC(60)      Used:      554M (14%)         570M (14%)         210M (5%)           44M (1%)          572M (14%)          44M (1%)     
[102.676s][info][gc,heap     ] GC(60)      Live:         -                 6M (0%)            6M (0%)            6M (0%)             -                  -          
[102.676s][info][gc,heap     ] GC(60) Allocated:         -                16M (0%)           18M (0%)           17M (0%)             -                  -          
[102.676s][info][gc,heap     ] GC(60)   Garbage:         -               547M (13%)         185M (5%)           19M (0%)             -                  -          
[102.676s][info][gc,heap     ] GC(60) Reclaimed:         -                  -               362M (9%)          527M (13%)            -                  -          
[102.676s][info][gc          ] GC(60) Garbage Collection (Proactive) 554M(14%)->44M(1%)
[104.256s][info][gc,start    ] GC(61) Garbage Collection (Proactive)
[104.256s][info][gc,task     ] GC(61) Using 12 workers
[104.256s][info][gc,phases   ] GC(61) Pause Mark Start 0.019ms
[104.271s][info][gc,phases   ] GC(61) Concurrent Mark 15.018ms
[104.271s][info][gc,phases   ] GC(61) Pause Mark End 0.025ms
[104.271s][info][gc,phases   ] GC(61) Concurrent Mark Free 0.002ms
[104.273s][info][gc,phases   ] GC(61) Concurrent Process Non-Strong References 1.028ms
[104.273s][info][gc,phases   ] GC(61) Concurrent Reset Relocation Set 0.015ms
[104.280s][info][gc,phases   ] GC(61) Concurrent Select Relocation Set 7.043ms
[104.280s][info][gc,phases   ] GC(61) Pause Relocate Start 0.009ms
[104.283s][info][gc,phases   ] GC(61) Concurrent Relocate 3.161ms
[104.283s][info][gc,load     ] GC(61) Load: 0.00/0.00/0.00
[104.283s][info][gc,mmu      ] GC(61) MMU: 2ms/98.4%, 5ms/99.4%, 10ms/99.6%, 20ms/99.7%, 50ms/99.8%, 100ms/99.9%
[104.283s][info][gc,marking  ] GC(61) Mark: 8 stripe(s), 2 proactive flush(es), 1 terminate flush(es), 0 completion(s), 0 continuation(s) 
[104.283s][info][gc,marking  ] GC(61) Mark Stack Usage: 32M
[104.283s][info][gc,nmethod  ] GC(61) NMethods: 1946 registered, 374 unregistered
[104.283s][info][gc,metaspace] GC(61) Metaspace: 9M used, 9M committed, 1088M reserved
[104.283s][info][gc,ref      ] GC(61) Soft: 214 encountered, 0 discovered, 0 enqueued
[104.283s][info][gc,ref      ] GC(61) Weak: 805 encountered, 292 discovered, 0 enqueued
[104.283s][info][gc,ref      ] GC(61) Final: 0 encountered, 0 discovered, 0 enqueued
[104.283s][info][gc,ref      ] GC(61) Phantom: 27 encountered, 15 discovered, 0 enqueued
[104.284s][info][gc,reloc    ] GC(61) Small Pages: 275 / 550M, Empty: 468M, Relocated: 5M, In-Place: 0
[104.284s][info][gc,reloc    ] GC(61) Medium Pages: 0 / 0M, Empty: 0M, Relocated: 0M, In-Place: 0
[104.284s][info][gc,reloc    ] GC(61) Large Pages: 0 / 0M, Empty: 0M, Relocated: 0M, In-Place: 0
[104.284s][info][gc,reloc    ] GC(61) Forwarding Usage: 2M
[104.284s][info][gc,heap     ] GC(61) Min Capacity: 8M(0%)
[104.284s][info][gc,heap     ] GC(61) Max Capacity: 4096M(100%)
[104.284s][info][gc,heap     ] GC(61) Soft Max Capacity: 4096M(100%)
[104.284s][info][gc,heap     ] GC(61)                Mark Start          Mark End        Relocate Start      Relocate End           High               Low         
[104.284s][info][gc,heap     ] GC(61)  Capacity:     2048M (50%)        2048M (50%)        2048M (50%)        2048M (50%)        2048M (50%)        2048M (50%)    
[104.284s][info][gc,heap     ] GC(61)      Free:     3546M (87%)        3526M (86%)        3990M (97%)        4044M (99%)        4044M (99%)        3526M (86%)    
[104.284s][info][gc,heap     ] GC(61)      Used:      550M (13%)         570M (14%)         106M (3%)           52M (1%)          570M (14%)          52M (1%)     
[104.284s][info][gc,heap     ] GC(61)      Live:         -                 6M (0%)            6M (0%)            6M (0%)             -                  -          
[104.284s][info][gc,heap     ] GC(61) Allocated:         -                20M (0%)           24M (1%)           25M (1%)             -                  -          
[104.284s][info][gc,heap     ] GC(61)   Garbage:         -               543M (13%)          75M (2%)           19M (0%)             -                  -          
[104.284s][info][gc,heap     ] GC(61) Reclaimed:         -                  -               468M (11%)         523M (13%)            -                  -          
[104.284s][info][gc          ] GC(61) Garbage Collection (Proactive) 550M(13%)->52M(1%)
[105.761s][info][gc,start    ] GC(62) Garbage Collection (Proactive)
[105.761s][info][gc,task     ] GC(62) Using 12 workers
[105.761s][info][gc,phases   ] GC(62) Pause Mark Start 0.018ms
[105.777s][info][gc,phases   ] GC(62) Concurrent Mark 15.097ms
[105.777s][info][gc,phases   ] GC(62) Pause Mark End 0.026ms
[105.777s][info][gc,phases   ] GC(62) Concurrent Mark Free 0.001ms
[105.778s][info][gc,phases   ] GC(62) Concurrent Process Non-Strong References 1.024ms
[105.778s][info][gc,phases   ] GC(62) Concurrent Reset Relocation Set 0.008ms
[105.782s][info][gc,phases   ] GC(62) Concurrent Select Relocation Set 3.901ms
[105.782s][info][gc,phases   ] GC(62) Pause Relocate Start 0.008ms
[105.786s][info][gc,phases   ] GC(62) Concurrent Relocate 3.275ms
[105.786s][info][gc,load     ] GC(62) Load: 0.00/0.00/0.00
[105.786s][info][gc,mmu      ] GC(62) MMU: 2ms/98.4%, 5ms/99.4%, 10ms/99.6%, 20ms/99.7%, 50ms/99.8%, 100ms/99.9%
[105.786s][info][gc,marking  ] GC(62) Mark: 8 stripe(s), 2 proactive flush(es), 1 terminate flush(es), 0 completion(s), 0 continuation(s) 
[105.786s][info][gc,marking  ] GC(62) Mark Stack Usage: 32M
[105.786s][info][gc,nmethod  ] GC(62) NMethods: 1946 registered, 374 unregistered
[105.786s][info][gc,metaspace] GC(62) Metaspace: 9M used, 9M committed, 1088M reserved
[105.786s][info][gc,ref      ] GC(62) Soft: 214 encountered, 0 discovered, 0 enqueued
[105.786s][info][gc,ref      ] GC(62) Weak: 805 encountered, 5 discovered, 0 enqueued
[105.786s][info][gc,ref      ] GC(62) Final: 0 encountered, 0 discovered, 0 enqueued
[105.786s][info][gc,ref      ] GC(62) Phantom: 27 encountered, 23 discovered, 0 enqueued
[105.786s][info][gc,reloc    ] GC(62) Small Pages: 259 / 518M, Empty: 394M, Relocated: 5M, In-Place: 0
[105.786s][info][gc,reloc    ] GC(62) Medium Pages: 0 / 0M, Empty: 0M, Relocated: 0M, In-Place: 0
[105.786s][info][gc,reloc    ] GC(62) Large Pages: 0 / 0M, Empty: 0M, Relocated: 0M, In-Place: 0
[105.786s][info][gc,reloc    ] GC(62) Forwarding Usage: 1M
[105.786s][info][gc,heap     ] GC(62) Min Capacity: 8M(0%)
[105.786s][info][gc,heap     ] GC(62) Max Capacity: 4096M(100%)
[105.786s][info][gc,heap     ] GC(62) Soft Max Capacity: 4096M(100%)
[105.786s][info][gc,heap     ] GC(62)                Mark Start          Mark End        Relocate Start      Relocate End           High               Low         
[105.786s][info][gc,heap     ] GC(62)  Capacity:     2048M (50%)        2048M (50%)        2048M (50%)        2048M (50%)        2048M (50%)        2048M (50%)    
[105.786s][info][gc,heap     ] GC(62)      Free:     3578M (87%)        3556M (87%)        3950M (96%)        4044M (99%)        4044M (99%)        3556M (87%)    
[105.786s][info][gc,heap     ] GC(62)      Used:      518M (13%)         540M (13%)         146M (4%)           52M (1%)          540M (13%)          52M (1%)     
[105.786s][info][gc,heap     ] GC(62)      Live:         -                 6M (0%)            6M (0%)            6M (0%)             -                  -          
[105.786s][info][gc,heap     ] GC(62) Allocated:         -                22M (1%)           22M (1%)           25M (1%)             -                  -          
[105.786s][info][gc,heap     ] GC(62)   Garbage:         -               511M (12%)         117M (3%)           19M (0%)             -                  -          
[105.786s][info][gc,heap     ] GC(62) Reclaimed:         -                  -               394M (10%)         491M (12%)            -                  -          
[105.786s][info][gc          ] GC(62) Garbage Collection (Proactive) 518M(13%)->52M(1%)
[106.501s][info][gc,start    ] GC(63) Garbage Collection (System.gc())
[106.502s][info][gc,task     ] GC(63) Using 12 workers
[106.502s][info][gc,phases   ] GC(63) Pause Mark Start 0.018ms
[106.518s][info][gc,phases   ] GC(63) Concurrent Mark 16.234ms
[106.518s][info][gc,phases   ] GC(63) Pause Mark End 0.025ms
[106.539s][info][gc,phases   ] GC(63) Concurrent Mark Free 0.001ms
[106.540s][info][gc,phases   ] GC(63) Concurrent Process Non-Strong References 1.002ms
[106.540s][info][gc,phases   ] GC(63) Concurrent Reset Relocation Set 0.010ms
[106.544s][info][gc,phases   ] GC(63) Concurrent Select Relocation Set 3.830ms
[106.544s][info][gc,phases   ] GC(63) Pause Relocate Start 0.008ms
[106.547s][info][gc,phases   ] GC(63) Concurrent Relocate 3.436ms
[106.547s][info][gc,load     ] GC(63) Load: 0.00/0.00/0.00
[106.547s][info][gc,mmu      ] GC(63) MMU: 2ms/98.4%, 5ms/99.4%, 10ms/99.6%, 20ms/99.7%, 50ms/99.8%, 100ms/99.9%
[106.547s][info][gc,marking  ] GC(63) Mark: 8 stripe(s), 2 proactive flush(es), 1 terminate flush(es), 0 completion(s), 0 continuation(s) 
[106.547s][info][gc,marking  ] GC(63) Mark Stack Usage: 32M
[106.548s][info][gc,nmethod  ] GC(63) NMethods: 1949 registered, 374 unregistered
[106.548s][info][gc,metaspace] GC(63) Metaspace: 9M used, 9M committed, 1088M reserved
[106.548s][info][gc,ref      ] GC(63) Soft: 214 encountered, 0 discovered, 0 enqueued
[106.548s][info][gc,ref      ] GC(63) Weak: 805 encountered, 53 discovered, 0 enqueued
[106.548s][info][gc,ref      ] GC(63) Final: 0 encountered, 0 discovered, 0 enqueued
[106.548s][info][gc,ref      ] GC(63) Phantom: 27 encountered, 14 discovered, 0 enqueued
[106.548s][info][gc,reloc    ] GC(63) Small Pages: 134 / 268M, Empty: 236M, Relocated: 4M, In-Place: 0
[106.548s][info][gc,reloc    ] GC(63) Medium Pages: 0 / 0M, Empty: 0M, Relocated: 0M, In-Place: 0
[106.548s][info][gc,reloc    ] GC(63) Large Pages: 0 / 0M, Empty: 0M, Relocated: 0M, In-Place: 0
[106.548s][info][gc,reloc    ] GC(63) Forwarding Usage: 1M
[106.548s][info][gc,heap     ] GC(63) Min Capacity: 8M(0%)
[106.548s][info][gc,heap     ] GC(63) Max Capacity: 4096M(100%)
[106.548s][info][gc,heap     ] GC(63) Soft Max Capacity: 4096M(100%)
[106.548s][info][gc,heap     ] GC(63)                Mark Start          Mark End        Relocate Start      Relocate End           High               Low         
[106.548s][info][gc,heap     ] GC(63)  Capacity:     2048M (50%)        2048M (50%)        2048M (50%)        2048M (50%)        2048M (50%)        2048M (50%)    
[106.548s][info][gc,heap     ] GC(63)      Free:     3828M (93%)        3828M (93%)        4064M (99%)        4072M (99%)        4072M (99%)        3828M (93%)    
[106.548s][info][gc,heap     ] GC(63)      Used:      268M (7%)          268M (7%)           32M (1%)           24M (1%)          268M (7%)           24M (1%)     
[106.548s][info][gc,heap     ] GC(63)      Live:         -                 4M (0%)            4M (0%)            4M (0%)             -                  -          
[106.548s][info][gc,heap     ] GC(63) Allocated:         -                 0M (0%)            0M (0%)            0M (0%)             -                  -          
[106.548s][info][gc,heap     ] GC(63)   Garbage:         -               263M (6%)           27M (1%)           19M (0%)             -                  -          
[106.548s][info][gc,heap     ] GC(63) Reclaimed:         -                  -               236M (6%)          244M (6%)             -                  -          
[106.548s][info][gc          ] GC(63) Garbage Collection (System.gc()) 268M(7%)->24M(1%)
[110.060s][info][gc,start    ] GC(64) Garbage Collection (Proactive)
[110.060s][info][gc,task     ] GC(64) Using 12 workers
[110.060s][info][gc,phases   ] GC(64) Pause Mark Start 0.019ms
[110.076s][info][gc,phases   ] GC(64) Concurrent Mark 15.149ms
[110.076s][info][gc,phases   ] GC(64) Pause Mark End 0.028ms
[110.076s][info][gc,phases   ] GC(64) Concurrent Mark Free 0.001ms
[110.077s][info][gc,phases   ] GC(64) Concurrent Process Non-Strong References 1.065ms
[110.077s][info][gc,phases   ] GC(64) Concurrent Reset Relocation Set 0.002ms
[110.084s][info][gc,phases   ] GC(64) Concurrent Select Relocation Set 6.738ms
[110.084s][info][gc,phases   ] GC(64) Pause Relocate Start 0.010ms
[110.087s][info][gc,phases   ] GC(64) Concurrent Relocate 3.102ms
[110.087s][info][gc,load     ] GC(64) Load: 0.00/0.00/0.00
[110.087s][info][gc,mmu      ] GC(64) MMU: 2ms/98.4%, 5ms/99.4%, 10ms/99.6%, 20ms/99.7%, 50ms/99.8%, 100ms/99.9%
[110.087s][info][gc,marking  ] GC(64) Mark: 8 stripe(s), 2 proactive flush(es), 1 terminate flush(es), 0 completion(s), 0 continuation(s) 
[110.087s][info][gc,marking  ] GC(64) Mark Stack Usage: 32M
[110.087s][info][gc,nmethod  ] GC(64) NMethods: 1949 registered, 375 unregistered
[110.087s][info][gc,metaspace] GC(64) Metaspace: 9M used, 9M committed, 1088M reserved
[110.088s][info][gc,ref      ] GC(64) Soft: 214 encountered, 0 discovered, 0 enqueued
[110.088s][info][gc,ref      ] GC(64) Weak: 805 encountered, 90 discovered, 0 enqueued
[110.088s][info][gc,ref      ] GC(64) Final: 0 encountered, 0 discovered, 0 enqueued
[110.088s][info][gc,ref      ] GC(64) Phantom: 27 encountered, 12 discovered, 0 enqueued
[110.088s][info][gc,reloc    ] GC(64) Small Pages: 581 / 1162M, Empty: 952M, Relocated: 4M, In-Place: 0
[110.088s][info][gc,reloc    ] GC(64) Medium Pages: 0 / 0M, Empty: 0M, Relocated: 0M, In-Place: 0
[110.088s][info][gc,reloc    ] GC(64) Large Pages: 0 / 0M, Empty: 0M, Relocated: 0M, In-Place: 0
[110.088s][info][gc,reloc    ] GC(64) Forwarding Usage: 1M
[110.088s][info][gc,heap     ] GC(64) Min Capacity: 8M(0%)
[110.088s][info][gc,heap     ] GC(64) Max Capacity: 4096M(100%)
[110.088s][info][gc,heap     ] GC(64) Soft Max Capacity: 4096M(100%)
[110.088s][info][gc,heap     ] GC(64)                Mark Start          Mark End        Relocate Start      Relocate End           High               Low         
[110.088s][info][gc,heap     ] GC(64)  Capacity:     2048M (50%)        2048M (50%)        2048M (50%)        2048M (50%)        2048M (50%)        2048M (50%)    
[110.088s][info][gc,heap     ] GC(64)      Free:     2934M (72%)        2916M (71%)        3862M (94%)        4046M (99%)        4046M (99%)        2916M (71%)    
[110.088s][info][gc,heap     ] GC(64)      Used:     1162M (28%)        1180M (29%)         234M (6%)           50M (1%)         1180M (29%)          50M (1%)     
[110.088s][info][gc,heap     ] GC(64)      Live:         -                 6M (0%)            6M (0%)            6M (0%)             -                  -          
[110.088s][info][gc,heap     ] GC(64) Allocated:         -                18M (0%)           24M (1%)           23M (1%)             -                  -          
[110.088s][info][gc,heap     ] GC(64)   Garbage:         -              1155M (28%)         203M (5%)           19M (0%)             -                  -          
[110.088s][info][gc,heap     ] GC(64) Reclaimed:         -                  -               952M (23%)        1135M (28%)            -                  -          
[110.088s][info][gc          ] GC(64) Garbage Collection (Proactive) 1162M(28%)->50M(1%)
[110.154s][info][gc,stats    ] === Garbage Collection Statistics =======================================================================================================================
[110.154s][info][gc,stats    ]                                                              Last 10s              Last 10m              Last 10h                Total
[110.154s][info][gc,stats    ]                                                              Avg / Max             Avg / Max             Avg / Max             Avg / Max
[110.154s][info][gc,stats    ]   Collector: Garbage Collection Cycle                     29.981 / 45.983       27.100 / 45.983       27.100 / 45.983       27.100 / 45.983      ms
[110.154s][info][gc,stats    ]  Contention: Mark Segment Reset Contention                     1 / 4                 1 / 12                1 / 12                1 / 12          ops/s
[110.154s][info][gc,stats    ]  Contention: Mark SeqNum Reset Contention                      0 / 2                 0 / 3                 0 / 3                 0 / 3           ops/s
[110.154s][info][gc,stats    ]    Critical: Allocation Stall                                  0 / 0                 0 / 0                 0 / 0                 0 / 0           ops/s
[110.154s][info][gc,stats    ]    Critical: Allocation Stall                              0.000 / 0.000         0.000 / 0.000         0.000 / 0.000         0.000 / 0.000       ms
[110.154s][info][gc,stats    ]    Critical: GC Locker Stall                                   0 / 0                 0 / 0                 0 / 0                 0 / 0           ops/s
[110.154s][info][gc,stats    ]    Critical: GC Locker Stall                               0.000 / 0.000         0.000 / 0.000         0.000 / 0.000         0.000 / 0.000       ms
[110.154s][info][gc,stats    ]    Critical: Relocation Stall                                  0 / 0                 0 / 0                 0 / 0                 0 / 0           ops/s
[110.154s][info][gc,stats    ]    Critical: Relocation Stall                              0.000 / 0.000         0.000 / 0.000         0.000 / 0.000         0.000 / 0.000       ms
[110.154s][info][gc,stats    ]      Memory: Allocation Rate                                 324 / 340             317 / 342             317 / 342             317 / 342         MB/s
[110.154s][info][gc,stats    ]      Memory: Defragment                                        0 / 0                 0 / 0                 0 / 0                 0 / 0           ops/s
[110.154s][info][gc,stats    ]      Memory: Out Of Memory                                     0 / 0                 0 / 0                 0 / 0                 0 / 0           ops/s
[110.154s][info][gc,stats    ]      Memory: Page Cache Flush                                  0 / 0                 0 / 0                 0 / 0                 0 / 0           MB/s
[110.154s][info][gc,stats    ]      Memory: Page Cache Hit L1                               169 / 182             159 / 195             159 / 195             159 / 195         ops/s
[110.154s][info][gc,stats    ]      Memory: Page Cache Hit L2                                 0 / 0                 0 / 0                 0 / 0                 0 / 0           ops/s
[110.154s][info][gc,stats    ]      Memory: Page Cache Hit L3                                 0 / 0                 5 / 137               5 / 137               5 / 137         ops/s
[110.154s][info][gc,stats    ]      Memory: Page Cache Miss                                   0 / 0                 0 / 1                 0 / 1                 0 / 1           ops/s
[110.154s][info][gc,stats    ]      Memory: Uncommit                                          0 / 0                 0 / 0                 0 / 0                 0 / 0           MB/s
[110.155s][info][gc,stats    ]      Memory: Undo Object Allocation Failed                     0 / 0                 0 / 0                 0 / 0                 0 / 0           ops/s
[110.155s][info][gc,stats    ]      Memory: Undo Object Allocation Succeeded                  0 / 1                 0 / 4                 0 / 4                 0 / 4           ops/s
[110.155s][info][gc,stats    ]      Memory: Undo Page Allocation                              0 / 0                 0 / 0                 0 / 0                 0 / 0           ops/s
[110.155s][info][gc,stats    ]       Phase: Concurrent Mark                              15.298 / 16.234       15.261 / 24.159       15.261 / 24.159       15.261 / 24.159      ms
[110.155s][info][gc,stats    ]       Phase: Concurrent Mark Continue                      0.000 / 0.000         0.000 / 0.000         0.000 / 0.000         0.000 / 0.000       ms
[110.155s][info][gc,stats    ]       Phase: Concurrent Mark Free                          0.001 / 0.002         0.001 / 0.002         0.001 / 0.002         0.001 / 0.002       ms
[110.155s][info][gc,stats    ]       Phase: Concurrent Process Non-Strong References      1.031 / 1.065         1.080 / 5.230         1.080 / 5.230         1.080 / 5.230       ms
[110.155s][info][gc,stats    ]       Phase: Concurrent Relocate                           3.164 / 3.436         3.388 / 5.038         3.388 / 5.038         3.388 / 5.038       ms
[110.155s][info][gc,stats    ]       Phase: Concurrent Reset Relocation Set               0.010 / 0.020         0.011 / 0.022         0.011 / 0.022         0.011 / 0.022       ms
[110.155s][info][gc,stats    ]       Phase: Concurrent Select Relocation Set              5.841 / 7.043         5.587 / 15.356        5.587 / 15.356        5.587 / 15.356      ms
[110.155s][info][gc,stats    ]       Phase: Pause Mark End                                0.026 / 0.028         0.025 / 0.032         0.025 / 0.032         0.025 / 0.032       ms
[110.155s][info][gc,stats    ]       Phase: Pause Mark Start                              0.018 / 0.019         0.018 / 0.020         0.018 / 0.020         0.018 / 0.020       ms
[110.155s][info][gc,stats    ]       Phase: Pause Relocate Start                          0.009 / 0.010         0.009 / 0.028         0.009 / 0.028         0.009 / 0.028       ms
[110.155s][info][gc,stats    ]    Subphase: Concurrent Classes Purge                      0.007 / 0.018         0.042 / 0.876         0.042 / 0.876         0.042 / 0.876       ms
[110.155s][info][gc,stats    ]    Subphase: Concurrent Classes Unlink                     0.698 / 0.707         0.730 / 4.065         0.730 / 4.065         0.730 / 4.065       ms
[110.155s][info][gc,stats    ]    Subphase: Concurrent Mark                              13.493 / 15.203       13.343 / 23.147       13.343 / 23.147       13.343 / 23.147      ms
[110.155s][info][gc,stats    ]    Subphase: Concurrent Mark Try Flush                     0.071 / 0.114         0.070 / 0.145         0.070 / 0.145         0.070 / 0.145       ms
[110.155s][info][gc,stats    ]    Subphase: Concurrent Mark Try Terminate                 8.647 / 13.329        8.206 / 16.572        8.206 / 16.572        8.206 / 16.572      ms
[110.155s][info][gc,stats    ]    Subphase: Concurrent References Enqueue                 0.000 / 0.001         0.001 / 0.004         0.001 / 0.004         0.001 / 0.004       ms
[110.155s][info][gc,stats    ]    Subphase: Concurrent References Process                 0.046 / 0.075         0.044 / 0.089         0.044 / 0.089         0.044 / 0.089       ms
[110.155s][info][gc,stats    ]    Subphase: Concurrent Roots ClassLoaderDataGraph         0.087 / 0.710         0.086 / 0.896         0.086 / 0.896         0.086 / 0.896       ms
[110.155s][info][gc,stats    ]    Subphase: Concurrent Roots CodeCache                    0.000 / 0.000         0.000 / 0.000         0.000 / 0.000         0.000 / 0.000       ms
[110.155s][info][gc,stats    ]    Subphase: Concurrent Roots JavaThreads                  0.517 / 1.004         0.501 / 1.189         0.501 / 1.189         0.501 / 1.189       ms
[110.155s][info][gc,stats    ]    Subphase: Concurrent Roots OopStorageSet                0.017 / 0.049         0.019 / 0.190         0.019 / 0.190         0.019 / 0.190       ms
[110.155s][info][gc,stats    ]    Subphase: Concurrent Weak Roots OopStorageSet           0.145 / 0.174         0.141 / 0.181         0.141 / 0.181         0.141 / 0.181       ms
[110.155s][info][gc,stats    ]    Subphase: Pause Mark Try Complete                       0.000 / 0.000         0.000 / 0.000         0.000 / 0.000         0.000 / 0.000       ms
[110.155s][info][gc,stats    ]      System: Java Threads                                     34 / 34               32 / 35               32 / 35               32 / 35          threads
[110.155s][info][gc,stats    ] =========================================================================================================================================================
[112.861s][info][gc,start    ] GC(65) Garbage Collection (Proactive)
[112.861s][info][gc,task     ] GC(65) Using 12 workers
[112.861s][info][gc,phases   ] GC(65) Pause Mark Start 0.019ms
[112.876s][info][gc,phases   ] GC(65) Concurrent Mark 15.155ms
[112.877s][info][gc,phases   ] GC(65) Pause Mark End 0.027ms
[112.877s][info][gc,phases   ] GC(65) Concurrent Mark Free 0.001ms
[112.878s][info][gc,phases   ] GC(65) Concurrent Process Non-Strong References 0.997ms
[112.878s][info][gc,phases   ] GC(65) Concurrent Reset Relocation Set 0.017ms
[112.885s][info][gc,phases   ] GC(65) Concurrent Select Relocation Set 7.115ms
[112.885s][info][gc,phases   ] GC(65) Pause Relocate Start 0.011ms
[112.888s][info][gc,phases   ] GC(65) Concurrent Relocate 3.117ms
[112.888s][info][gc,load     ] GC(65) Load: 0.00/0.00/0.00
[112.888s][info][gc,mmu      ] GC(65) MMU: 2ms/98.4%, 5ms/99.4%, 10ms/99.6%, 20ms/99.7%, 50ms/99.8%, 100ms/99.9%
[112.888s][info][gc,marking  ] GC(65) Mark: 8 stripe(s), 2 proactive flush(es), 1 terminate flush(es), 0 completion(s), 0 continuation(s) 
[112.888s][info][gc,marking  ] GC(65) Mark Stack Usage: 32M
[112.889s][info][gc,nmethod  ] GC(65) NMethods: 1950 registered, 375 unregistered
[112.889s][info][gc,metaspace] GC(65) Metaspace: 9M used, 9M committed, 1088M reserved
[112.889s][info][gc,ref      ] GC(65) Soft: 214 encountered, 0 discovered, 0 enqueued
[112.889s][info][gc,ref      ] GC(65) Weak: 805 encountered, 11 discovered, 0 enqueued
[112.889s][info][gc,ref      ] GC(65) Final: 0 encountered, 0 discovered, 0 enqueued
[112.889s][info][gc,ref      ] GC(65) Phantom: 27 encountered, 15 discovered, 0 enqueued
[112.889s][info][gc,reloc    ] GC(65) Small Pages: 471 / 942M, Empty: 820M, Relocated: 4M, In-Place: 0
[112.889s][info][gc,reloc    ] GC(65) Medium Pages: 0 / 0M, Empty: 0M, Relocated: 0M, In-Place: 0
[112.889s][info][gc,reloc    ] GC(65) Large Pages: 0 / 0M, Empty: 0M, Relocated: 0M, In-Place: 0
[112.889s][info][gc,reloc    ] GC(65) Forwarding Usage: 2M
[112.889s][info][gc,heap     ] GC(65) Min Capacity: 8M(0%)
[112.889s][info][gc,heap     ] GC(65) Max Capacity: 4096M(100%)
[112.889s][info][gc,heap     ] GC(65) Soft Max Capacity: 4096M(100%)
[112.889s][info][gc,heap     ] GC(65)                Mark Start          Mark End        Relocate Start      Relocate End           High               Low         
[112.889s][info][gc,heap     ] GC(65)  Capacity:     2048M (50%)        2048M (50%)        2048M (50%)        2048M (50%)        2048M (50%)        2048M (50%)    
[112.889s][info][gc,heap     ] GC(65)      Free:     3154M (77%)        3134M (77%)        3950M (96%)        4044M (99%)        4044M (99%)        3134M (77%)    
[112.889s][info][gc,heap     ] GC(65)      Used:      942M (23%)         962M (23%)         146M (4%)           52M (1%)          962M (23%)          52M (1%)     
[112.889s][info][gc,heap     ] GC(65)      Live:         -                 6M (0%)            6M (0%)            6M (0%)             -                  -          
[112.889s][info][gc,heap     ] GC(65) Allocated:         -                20M (0%)           24M (1%)           25M (1%)             -                  -          
[112.889s][info][gc,heap     ] GC(65)   Garbage:         -               935M (23%)         115M (3%)           19M (0%)             -                  -          
[112.889s][info][gc,heap     ] GC(65) Reclaimed:         -                  -               820M (20%)         915M (22%)            -                  -          
[112.889s][info][gc          ] GC(65) Garbage Collection (Proactive) 942M(23%)->52M(1%)
[113.345s][info][gc,start    ] GC(66) Garbage Collection (System.gc())
[113.345s][info][gc,task     ] GC(66) Using 12 workers
[113.345s][info][gc,phases   ] GC(66) Pause Mark Start 0.018ms
[113.361s][info][gc,phases   ] GC(66) Concurrent Mark 15.210ms
[113.361s][info][gc,phases   ] GC(66) Pause Mark End 0.025ms
[113.361s][info][gc,phases   ] GC(66) Concurrent Mark Free 0.001ms
[113.362s][info][gc,phases   ] GC(66) Concurrent Process Non-Strong References 0.954ms
[113.362s][info][gc,phases   ] GC(66) Concurrent Reset Relocation Set 0.011ms
[113.366s][info][gc,phases   ] GC(66) Concurrent Select Relocation Set 3.845ms
[113.366s][info][gc,phases   ] GC(66) Pause Relocate Start 0.010ms
[113.369s][info][gc,phases   ] GC(66) Concurrent Relocate 3.437ms
[113.370s][info][gc,load     ] GC(66) Load: 0.00/0.00/0.00
[113.370s][info][gc,mmu      ] GC(66) MMU: 2ms/98.4%, 5ms/99.4%, 10ms/99.6%, 20ms/99.7%, 50ms/99.8%, 100ms/99.9%
[113.370s][info][gc,marking  ] GC(66) Mark: 8 stripe(s), 1 proactive flush(es), 1 terminate flush(es), 0 completion(s), 0 continuation(s) 
[113.370s][info][gc,marking  ] GC(66) Mark Stack Usage: 32M
[113.370s][info][gc,nmethod  ] GC(66) NMethods: 1951 registered, 375 unregistered
[113.370s][info][gc,metaspace] GC(66) Metaspace: 9M used, 9M committed, 1088M reserved
[113.370s][info][gc,ref      ] GC(66) Soft: 214 encountered, 0 discovered, 0 enqueued
[113.370s][info][gc,ref      ] GC(66) Weak: 805 encountered, 10 discovered, 0 enqueued
[113.370s][info][gc,ref      ] GC(66) Final: 0 encountered, 0 discovered, 0 enqueued
[113.370s][info][gc,ref      ] GC(66) Phantom: 27 encountered, 22 discovered, 0 enqueued
[113.370s][info][gc,reloc    ] GC(66) Small Pages: 97 / 194M, Empty: 166M, Relocated: 4M, In-Place: 0
[113.370s][info][gc,reloc    ] GC(66) Medium Pages: 0 / 0M, Empty: 0M, Relocated: 0M, In-Place: 0
[113.370s][info][gc,reloc    ] GC(66) Large Pages: 0 / 0M, Empty: 0M, Relocated: 0M, In-Place: 0
[113.370s][info][gc,reloc    ] GC(66) Forwarding Usage: 1M
[113.370s][info][gc,heap     ] GC(66) Min Capacity: 8M(0%)
[113.370s][info][gc,heap     ] GC(66) Max Capacity: 4096M(100%)
[113.370s][info][gc,heap     ] GC(66) Soft Max Capacity: 4096M(100%)
[113.370s][info][gc,heap     ] GC(66)                Mark Start          Mark End        Relocate Start      Relocate End           High               Low         
[113.370s][info][gc,heap     ] GC(66)  Capacity:     2048M (50%)        2048M (50%)        2048M (50%)        2048M (50%)        2048M (50%)        2048M (50%)    
[113.370s][info][gc,heap     ] GC(66)      Free:     3902M (95%)        3902M (95%)        4068M (99%)        4072M (99%)        4072M (99%)        3902M (95%)    
[113.370s][info][gc,heap     ] GC(66)      Used:      194M (5%)          194M (5%)           28M (1%)           24M (1%)          194M (5%)           24M (1%)     
[113.370s][info][gc,heap     ] GC(66)      Live:         -                 4M (0%)            4M (0%)            4M (0%)             -                  -          
[113.370s][info][gc,heap     ] GC(66) Allocated:         -                 0M (0%)            0M (0%)            0M (0%)             -                  -          
[113.370s][info][gc,heap     ] GC(66)   Garbage:         -               189M (5%)           23M (1%)           19M (0%)             -                  -          
[113.370s][info][gc,heap     ] GC(66) Reclaimed:         -                  -               166M (4%)          170M (4%)             -                  -          
[113.370s][info][gc          ] GC(66) Garbage Collection (System.gc()) 194M(5%)->24M(1%)
[115.157s][info][gc,start    ] GC(67) Garbage Collection (Proactive)
[115.157s][info][gc,task     ] GC(67) Using 12 workers
[115.157s][info][gc,phases   ] GC(67) Pause Mark Start 0.018ms
[115.173s][info][gc,phases   ] GC(67) Concurrent Mark 15.143ms
[115.173s][info][gc,phases   ] GC(67) Pause Mark End 0.023ms
[115.173s][info][gc,phases   ] GC(67) Concurrent Mark Free 0.001ms
[115.174s][info][gc,phases   ] GC(67) Concurrent Process Non-Strong References 1.105ms
[115.174s][info][gc,phases   ] GC(67) Concurrent Reset Relocation Set 0.002ms
[115.181s][info][gc,phases   ] GC(67) Concurrent Select Relocation Set 6.864ms
[115.181s][info][gc,phases   ] GC(67) Pause Relocate Start 0.008ms
[115.185s][info][gc,phases   ] GC(67) Concurrent Relocate 3.450ms
[115.185s][info][gc,load     ] GC(67) Load: 0.00/0.00/0.00
[115.185s][info][gc,mmu      ] GC(67) MMU: 2ms/98.4%, 5ms/99.4%, 10ms/99.6%, 20ms/99.7%, 50ms/99.8%, 100ms/99.9%
[115.185s][info][gc,marking  ] GC(67) Mark: 8 stripe(s), 2 proactive flush(es), 1 terminate flush(es), 0 completion(s), 0 continuation(s) 
[115.185s][info][gc,marking  ] GC(67) Mark Stack Usage: 32M
[115.185s][info][gc,nmethod  ] GC(67) NMethods: 1951 registered, 375 unregistered
[115.185s][info][gc,metaspace] GC(67) Metaspace: 9M used, 9M committed, 1088M reserved
[115.185s][info][gc,ref      ] GC(67) Soft: 214 encountered, 0 discovered, 0 enqueued
[115.185s][info][gc,ref      ] GC(67) Weak: 805 encountered, 38 discovered, 0 enqueued
[115.185s][info][gc,ref      ] GC(67) Final: 0 encountered, 0 discovered, 0 enqueued
[115.185s][info][gc,ref      ] GC(67) Phantom: 27 encountered, 9 discovered, 0 enqueued
[115.185s][info][gc,reloc    ] GC(67) Small Pages: 302 / 604M, Empty: 370M, Relocated: 5M, In-Place: 0
[115.185s][info][gc,reloc    ] GC(67) Medium Pages: 0 / 0M, Empty: 0M, Relocated: 0M, In-Place: 0
[115.185s][info][gc,reloc    ] GC(67) Large Pages: 0 / 0M, Empty: 0M, Relocated: 0M, In-Place: 0
[115.185s][info][gc,reloc    ] GC(67) Forwarding Usage: 1M
[115.185s][info][gc,heap     ] GC(67) Min Capacity: 8M(0%)
[115.185s][info][gc,heap     ] GC(67) Max Capacity: 4096M(100%)
[115.185s][info][gc,heap     ] GC(67) Soft Max Capacity: 4096M(100%)
[115.185s][info][gc,heap     ] GC(67)                Mark Start          Mark End        Relocate Start      Relocate End           High               Low         
[115.185s][info][gc,heap     ] GC(67)  Capacity:     2048M (50%)        2048M (50%)        2048M (50%)        2048M (50%)        2048M (50%)        2048M (50%)    
[115.185s][info][gc,heap     ] GC(67)      Free:     3492M (85%)        3466M (85%)        3834M (94%)        4040M (99%)        4040M (99%)        3466M (85%)    
[115.186s][info][gc,heap     ] GC(67)      Used:      604M (15%)         630M (15%)         262M (6%)           56M (1%)          630M (15%)          56M (1%)     
[115.186s][info][gc,heap     ] GC(67)      Live:         -                 6M (0%)            6M (0%)            6M (0%)             -                  -          
[115.186s][info][gc,heap     ] GC(67) Allocated:         -                26M (1%)           28M (1%)           29M (1%)             -                  -          
[115.186s][info][gc,heap     ] GC(67)   Garbage:         -               597M (15%)         227M (6%)           19M (0%)             -                  -          
[115.186s][info][gc,heap     ] GC(67) Reclaimed:         -                  -               370M (9%)          577M (14%)            -                  -          
[115.186s][info][gc          ] GC(67) Garbage Collection (Proactive) 604M(15%)->56M(1%)
[116.860s][info][gc,start    ] GC(68) Garbage Collection (Proactive)
[116.860s][info][gc,task     ] GC(68) Using 12 workers
[116.860s][info][gc,phases   ] GC(68) Pause Mark Start 0.018ms
[116.875s][info][gc,phases   ] GC(68) Concurrent Mark 15.089ms
[116.875s][info][gc,phases   ] GC(68) Pause Mark End 0.025ms
[116.876s][info][gc,phases   ] GC(68) Concurrent Mark Free 0.001ms
[116.877s][info][gc,phases   ] GC(68) Concurrent Process Non-Strong References 1.030ms
[116.877s][info][gc,phases   ] GC(68) Concurrent Reset Relocation Set 0.017ms
[116.881s][info][gc,phases   ] GC(68) Concurrent Select Relocation Set 3.797ms
[116.881s][info][gc,phases   ] GC(68) Pause Relocate Start 0.011ms
[116.884s][info][gc,phases   ] GC(68) Concurrent Relocate 3.258ms
[116.884s][info][gc,load     ] GC(68) Load: 0.00/0.00/0.00
[116.884s][info][gc,mmu      ] GC(68) MMU: 2ms/98.4%, 5ms/99.4%, 10ms/99.6%, 20ms/99.7%, 50ms/99.8%, 100ms/99.9%
[116.884s][info][gc,marking  ] GC(68) Mark: 8 stripe(s), 2 proactive flush(es), 1 terminate flush(es), 0 completion(s), 0 continuation(s) 
[116.884s][info][gc,marking  ] GC(68) Mark Stack Usage: 32M
[116.884s][info][gc,nmethod  ] GC(68) NMethods: 1951 registered, 375 unregistered
[116.884s][info][gc,metaspace] GC(68) Metaspace: 9M used, 9M committed, 1088M reserved
[116.884s][info][gc,ref      ] GC(68) Soft: 214 encountered, 0 discovered, 0 enqueued
[116.884s][info][gc,ref      ] GC(68) Weak: 805 encountered, 31 discovered, 0 enqueued
[116.884s][info][gc,ref      ] GC(68) Final: 0 encountered, 0 discovered, 0 enqueued
[116.884s][info][gc,ref      ] GC(68) Phantom: 27 encountered, 18 discovered, 0 enqueued
[116.884s][info][gc,reloc    ] GC(68) Small Pages: 289 / 578M, Empty: 458M, Relocated: 4M, In-Place: 0
[116.884s][info][gc,reloc    ] GC(68) Medium Pages: 0 / 0M, Empty: 0M, Relocated: 0M, In-Place: 0
[116.884s][info][gc,reloc    ] GC(68) Large Pages: 0 / 0M, Empty: 0M, Relocated: 0M, In-Place: 0
[116.885s][info][gc,reloc    ] GC(68) Forwarding Usage: 1M
[116.885s][info][gc,heap     ] GC(68) Min Capacity: 8M(0%)
[116.885s][info][gc,heap     ] GC(68) Max Capacity: 4096M(100%)
[116.885s][info][gc,heap     ] GC(68) Soft Max Capacity: 4096M(100%)
[116.885s][info][gc,heap     ] GC(68)                Mark Start          Mark End        Relocate Start      Relocate End           High               Low         
[116.885s][info][gc,heap     ] GC(68)  Capacity:     2048M (50%)        2048M (50%)        2048M (50%)        2048M (50%)        2048M (50%)        2048M (50%)    
[116.885s][info][gc,heap     ] GC(68)      Free:     3518M (86%)        3502M (85%)        3958M (97%)        4052M (99%)        4052M (99%)        3502M (85%)    
[116.885s][info][gc,heap     ] GC(68)      Used:      578M (14%)         594M (15%)         138M (3%)           44M (1%)          594M (15%)          44M (1%)     
[116.885s][info][gc,heap     ] GC(68)      Live:         -                 6M (0%)            6M (0%)            6M (0%)             -                  -          
[116.885s][info][gc,heap     ] GC(68) Allocated:         -                16M (0%)           18M (0%)           17M (0%)             -                  -          
[116.885s][info][gc,heap     ] GC(68)   Garbage:         -               571M (14%)         113M (3%)           19M (0%)             -                  -          
[116.885s][info][gc,heap     ] GC(68) Reclaimed:         -                  -               458M (11%)         551M (13%)            -                  -          
[116.885s][info][gc          ] GC(68) Garbage Collection (Proactive) 578M(14%)->44M(1%)
[118.453s][info][gc,start    ] GC(69) Garbage Collection (Proactive)
[118.453s][info][gc,task     ] GC(69) Using 12 workers
[118.453s][info][gc,phases   ] GC(69) Pause Mark Start 0.019ms
[118.469s][info][gc,phases   ] GC(69) Concurrent Mark 15.148ms
[118.469s][info][gc,phases   ] GC(69) Pause Mark End 0.025ms
[118.469s][info][gc,phases   ] GC(69) Concurrent Mark Free 0.001ms
[118.470s][info][gc,phases   ] GC(69) Concurrent Process Non-Strong References 0.973ms
[118.470s][info][gc,phases   ] GC(69) Concurrent Reset Relocation Set 0.009ms
[118.474s][info][gc,phases   ] GC(69) Concurrent Select Relocation Set 3.803ms
[118.474s][info][gc,phases   ] GC(69) Pause Relocate Start 0.007ms
[118.478s][info][gc,phases   ] GC(69) Concurrent Relocate 3.423ms
[118.478s][info][gc,load     ] GC(69) Load: 0.00/0.00/0.00
[118.478s][info][gc,mmu      ] GC(69) MMU: 2ms/98.4%, 5ms/99.4%, 10ms/99.6%, 20ms/99.7%, 50ms/99.8%, 100ms/99.9%
[118.478s][info][gc,marking  ] GC(69) Mark: 8 stripe(s), 2 proactive flush(es), 1 terminate flush(es), 0 completion(s), 0 continuation(s) 
[118.478s][info][gc,marking  ] GC(69) Mark Stack Usage: 32M
[118.478s][info][gc,nmethod  ] GC(69) NMethods: 1951 registered, 375 unregistered
[118.478s][info][gc,metaspace] GC(69) Metaspace: 9M used, 9M committed, 1088M reserved
[118.478s][info][gc,ref      ] GC(69) Soft: 214 encountered, 0 discovered, 0 enqueued
[118.478s][info][gc,ref      ] GC(69) Weak: 805 encountered, 26 discovered, 0 enqueued
[118.478s][info][gc,ref      ] GC(69) Final: 0 encountered, 0 discovered, 0 enqueued
[118.478s][info][gc,ref      ] GC(69) Phantom: 27 encountered, 14 discovered, 0 enqueued
[118.478s][info][gc,reloc    ] GC(69) Small Pages: 272 / 544M, Empty: 418M, Relocated: 4M, In-Place: 0
[118.478s][info][gc,reloc    ] GC(69) Medium Pages: 0 / 0M, Empty: 0M, Relocated: 0M, In-Place: 0
[118.478s][info][gc,reloc    ] GC(69) Large Pages: 0 / 0M, Empty: 0M, Relocated: 0M, In-Place: 0
[118.478s][info][gc,reloc    ] GC(69) Forwarding Usage: 1M
[118.478s][info][gc,heap     ] GC(69) Min Capacity: 8M(0%)
[118.478s][info][gc,heap     ] GC(69) Max Capacity: 4096M(100%)
[118.478s][info][gc,heap     ] GC(69) Soft Max Capacity: 4096M(100%)
[118.478s][info][gc,heap     ] GC(69)                Mark Start          Mark End        Relocate Start      Relocate End           High               Low         
[118.478s][info][gc,heap     ] GC(69)  Capacity:     2048M (50%)        2048M (50%)        2048M (50%)        2048M (50%)        2048M (50%)        2048M (50%)    
[118.478s][info][gc,heap     ] GC(69)      Free:     3552M (87%)        3530M (86%)        3944M (96%)        4044M (99%)        4044M (99%)        3528M (86%)    
[118.478s][info][gc,heap     ] GC(69)      Used:      544M (13%)         566M (14%)         152M (4%)           52M (1%)          568M (14%)          52M (1%)     
[118.478s][info][gc,heap     ] GC(69)      Live:         -                 6M (0%)            6M (0%)            6M (0%)             -                  -          
[118.478s][info][gc,heap     ] GC(69) Allocated:         -                22M (1%)           26M (1%)           25M (1%)             -                  -          
[118.478s][info][gc,heap     ] GC(69)   Garbage:         -               537M (13%)         119M (3%)           19M (0%)             -                  -          
[118.478s][info][gc,heap     ] GC(69) Reclaimed:         -                  -               418M (10%)         517M (13%)            -                  -          
[118.478s][info][gc          ] GC(69) Garbage Collection (Proactive) 544M(13%)->52M(1%)
[119.859s][info][gc,start    ] GC(70) Garbage Collection (Proactive)
[119.859s][info][gc,task     ] GC(70) Using 12 workers
[119.859s][info][gc,phases   ] GC(70) Pause Mark Start 0.020ms
[119.875s][info][gc,phases   ] GC(70) Concurrent Mark 15.106ms
[119.875s][info][gc,phases   ] GC(70) Pause Mark End 0.024ms
[119.875s][info][gc,phases   ] GC(70) Concurrent Mark Free 0.001ms
[119.876s][info][gc,phases   ] GC(70) Concurrent Process Non-Strong References 1.054ms
[119.876s][info][gc,phases   ] GC(70) Concurrent Reset Relocation Set 0.013ms
[119.883s][info][gc,phases   ] GC(70) Concurrent Select Relocation Set 6.713ms
[119.883s][info][gc,phases   ] GC(70) Pause Relocate Start 0.009ms
[119.886s][info][gc,phases   ] GC(70) Concurrent Relocate 3.273ms
[119.886s][info][gc,load     ] GC(70) Load: 0.00/0.00/0.00
[119.886s][info][gc,mmu      ] GC(70) MMU: 2ms/98.4%, 5ms/99.4%, 10ms/99.6%, 20ms/99.7%, 50ms/99.8%, 100ms/99.9%
[119.886s][info][gc,marking  ] GC(70) Mark: 8 stripe(s), 2 proactive flush(es), 1 terminate flush(es), 0 completion(s), 0 continuation(s) 
[119.886s][info][gc,marking  ] GC(70) Mark Stack Usage: 32M
[119.886s][info][gc,nmethod  ] GC(70) NMethods: 1951 registered, 375 unregistered
[119.887s][info][gc,metaspace] GC(70) Metaspace: 9M used, 9M committed, 1088M reserved
[119.887s][info][gc,ref      ] GC(70) Soft: 214 encountered, 0 discovered, 0 enqueued
[119.887s][info][gc,ref      ] GC(70) Weak: 805 encountered, 280 discovered, 0 enqueued
[119.887s][info][gc,ref      ] GC(70) Final: 0 encountered, 0 discovered, 0 enqueued
[119.887s][info][gc,ref      ] GC(70) Phantom: 27 encountered, 22 discovered, 0 enqueued
[119.887s][info][gc,reloc    ] GC(70) Small Pages: 242 / 484M, Empty: 314M, Relocated: 4M, In-Place: 0
[119.887s][info][gc,reloc    ] GC(70) Medium Pages: 0 / 0M, Empty: 0M, Relocated: 0M, In-Place: 0
[119.887s][info][gc,reloc    ] GC(70) Large Pages: 0 / 0M, Empty: 0M, Relocated: 0M, In-Place: 0
[119.887s][info][gc,reloc    ] GC(70) Forwarding Usage: 1M
[119.887s][info][gc,heap     ] GC(70) Min Capacity: 8M(0%)
[119.887s][info][gc,heap     ] GC(70) Max Capacity: 4096M(100%)
[119.887s][info][gc,heap     ] GC(70) Soft Max Capacity: 4096M(100%)
[119.887s][info][gc,heap     ] GC(70)                Mark Start          Mark End        Relocate Start      Relocate End           High               Low         
[119.887s][info][gc,heap     ] GC(70)  Capacity:     2048M (50%)        2048M (50%)        2048M (50%)        2048M (50%)        2048M (50%)        2048M (50%)    
[119.887s][info][gc,heap     ] GC(70)      Free:     3612M (88%)        3596M (88%)        3908M (95%)        4046M (99%)        4046M (99%)        3596M (88%)    
[119.887s][info][gc,heap     ] GC(70)      Used:      484M (12%)         500M (12%)         188M (5%)           50M (1%)          500M (12%)          50M (1%)     
[119.887s][info][gc,heap     ] GC(70)      Live:         -                 6M (0%)            6M (0%)            6M (0%)             -                  -          
[119.887s][info][gc,heap     ] GC(70) Allocated:         -                16M (0%)           18M (0%)           23M (1%)             -                  -          
[119.887s][info][gc,heap     ] GC(70)   Garbage:         -               477M (12%)         163M (4%)           19M (0%)             -                  -          
[119.887s][info][gc,heap     ] GC(70) Reclaimed:         -                  -               314M (8%)          457M (11%)            -                  -          
[119.887s][info][gc          ] GC(70) Garbage Collection (Proactive) 484M(12%)->50M(1%)
[120.156s][info][gc,stats    ] === Garbage Collection Statistics =======================================================================================================================
[120.156s][info][gc,stats    ]                                                              Last 10s              Last 10m              Last 10h                Total
[120.156s][info][gc,stats    ]                                                              Avg / Max             Avg / Max             Avg / Max             Avg / Max
[120.156s][info][gc,stats    ]   Collector: Garbage Collection Cycle                     26.112 / 27.877       27.016 / 45.983       27.016 / 45.983       27.016 / 45.983      ms
[120.156s][info][gc,stats    ]  Contention: Mark Segment Reset Contention                     1 / 6                 1 / 12                1 / 12                1 / 12          ops/s
[120.156s][info][gc,stats    ]  Contention: Mark SeqNum Reset Contention                      0 / 1                 0 / 3                 0 / 3                 0 / 3           ops/s
[120.156s][info][gc,stats    ]    Critical: Allocation Stall                                  0 / 0                 0 / 0                 0 / 0                 0 / 0           ops/s
[120.156s][info][gc,stats    ]    Critical: Allocation Stall                              0.000 / 0.000         0.000 / 0.000         0.000 / 0.000         0.000 / 0.000       ms
[120.156s][info][gc,stats    ]    Critical: GC Locker Stall                                   0 / 0                 0 / 0                 0 / 0                 0 / 0           ops/s
[120.156s][info][gc,stats    ]    Critical: GC Locker Stall                               0.000 / 0.000         0.000 / 0.000         0.000 / 0.000         0.000 / 0.000       ms
[120.156s][info][gc,stats    ]    Critical: Relocation Stall                                  0 / 0                 0 / 0                 0 / 0                 0 / 0           ops/s
[120.156s][info][gc,stats    ]    Critical: Relocation Stall                              0.000 / 0.000         0.000 / 0.000         0.000 / 0.000         0.000 / 0.000       ms
[120.156s][info][gc,stats    ]      Memory: Allocation Rate                                 325 / 340             317 / 342             317 / 342             317 / 342         MB/s
[120.156s][info][gc,stats    ]      Memory: Defragment                                        0 / 0                 0 / 0                 0 / 0                 0 / 0           ops/s
[120.156s][info][gc,stats    ]      Memory: Out Of Memory                                     0 / 0                 0 / 0                 0 / 0                 0 / 0           ops/s
[120.156s][info][gc,stats    ]      Memory: Page Cache Flush                                  0 / 0                 0 / 0                 0 / 0                 0 / 0           MB/s
[120.156s][info][gc,stats    ]      Memory: Page Cache Hit L1                               169 / 182             160 / 195             160 / 195             160 / 195         ops/s
[120.156s][info][gc,stats    ]      Memory: Page Cache Hit L2                                 0 / 0                 0 / 0                 0 / 0                 0 / 0           ops/s
[120.156s][info][gc,stats    ]      Memory: Page Cache Hit L3                                 0 / 0                 5 / 137               5 / 137               5 / 137         ops/s
[120.156s][info][gc,stats    ]      Memory: Page Cache Miss                                   0 / 0                 0 / 1                 0 / 1                 0 / 1           ops/s
[120.157s][info][gc,stats    ]      Memory: Uncommit                                          0 / 0                 0 / 0                 0 / 0                 0 / 0           MB/s
[120.157s][info][gc,stats    ]      Memory: Undo Object Allocation Failed                     0 / 0                 0 / 0                 0 / 0                 0 / 0           ops/s
[120.157s][info][gc,stats    ]      Memory: Undo Object Allocation Succeeded                  0 / 3                 0 / 4                 0 / 4                 0 / 4           ops/s
[120.157s][info][gc,stats    ]      Memory: Undo Page Allocation                              0 / 0                 0 / 0                 0 / 0                 0 / 0           ops/s
[120.157s][info][gc,stats    ]       Phase: Concurrent Mark                              15.142 / 15.210       15.251 / 24.159       15.251 / 24.159       15.251 / 24.159      ms
[120.157s][info][gc,stats    ]       Phase: Concurrent Mark Continue                      0.000 / 0.000         0.000 / 0.000         0.000 / 0.000         0.000 / 0.000       ms
[120.157s][info][gc,stats    ]       Phase: Concurrent Mark Free                          0.001 / 0.001         0.001 / 0.002         0.001 / 0.002         0.001 / 0.002       ms
[120.157s][info][gc,stats    ]       Phase: Concurrent Process Non-Strong References      1.019 / 1.105         1.075 / 5.230         1.075 / 5.230         1.075 / 5.230       ms
[120.157s][info][gc,stats    ]       Phase: Concurrent Relocate                           3.327 / 3.450         3.382 / 5.038         3.382 / 5.038         3.382 / 5.038       ms
[120.157s][info][gc,stats    ]       Phase: Concurrent Reset Relocation Set               0.011 / 0.017         0.011 / 0.022         0.011 / 0.022         0.011 / 0.022       ms
[120.157s][info][gc,stats    ]       Phase: Concurrent Select Relocation Set              5.356 / 7.115         5.568 / 15.356        5.568 / 15.356        5.568 / 15.356      ms
[120.157s][info][gc,stats    ]       Phase: Pause Mark End                                0.025 / 0.027         0.025 / 0.032         0.025 / 0.032         0.025 / 0.032       ms
[120.157s][info][gc,stats    ]       Phase: Pause Mark Start                              0.019 / 0.020         0.018 / 0.020         0.018 / 0.020         0.018 / 0.020       ms
[120.157s][info][gc,stats    ]       Phase: Pause Relocate Start                          0.009 / 0.011         0.009 / 0.028         0.009 / 0.028         0.009 / 0.028       ms
[120.157s][info][gc,stats    ]    Subphase: Concurrent Classes Purge                      0.005 / 0.006         0.039 / 0.876         0.039 / 0.876         0.039 / 0.876       ms
[120.157s][info][gc,stats    ]    Subphase: Concurrent Classes Unlink                     0.696 / 0.768         0.727 / 4.065         0.727 / 4.065         0.727 / 4.065       ms
[120.157s][info][gc,stats    ]    Subphase: Concurrent Mark                              13.307 / 14.096       13.340 / 23.147       13.340 / 23.147       13.340 / 23.147      ms
[120.157s][info][gc,stats    ]    Subphase: Concurrent Mark Try Flush                     0.070 / 0.102         0.070 / 0.145         0.070 / 0.145         0.070 / 0.145       ms
[120.157s][info][gc,stats    ]    Subphase: Concurrent Mark Try Terminate                 8.519 / 12.421        8.232 / 16.572        8.232 / 16.572        8.232 / 16.572      ms
[120.157s][info][gc,stats    ]    Subphase: Concurrent References Enqueue                 0.000 / 0.001         0.001 / 0.004         0.001 / 0.004         0.001 / 0.004       ms
[120.157s][info][gc,stats    ]    Subphase: Concurrent References Process                 0.043 / 0.068         0.044 / 0.089         0.044 / 0.089         0.044 / 0.089       ms
[120.157s][info][gc,stats    ]    Subphase: Concurrent Roots ClassLoaderDataGraph         0.080 / 0.709         0.086 / 0.896         0.086 / 0.896         0.086 / 0.896       ms
[120.157s][info][gc,stats    ]    Subphase: Concurrent Roots CodeCache                    0.000 / 0.000         0.000 / 0.000         0.000 / 0.000         0.000 / 0.000       ms
[120.157s][info][gc,stats    ]    Subphase: Concurrent Roots JavaThreads                  0.524 / 1.033         0.503 / 1.189         0.503 / 1.189         0.503 / 1.189       ms
[120.157s][info][gc,stats    ]    Subphase: Concurrent Roots OopStorageSet                0.017 / 0.057         0.019 / 0.190         0.019 / 0.190         0.019 / 0.190       ms
[120.157s][info][gc,stats    ]    Subphase: Concurrent Weak Roots OopStorageSet           0.142 / 0.173         0.141 / 0.181         0.141 / 0.181         0.141 / 0.181       ms
[120.157s][info][gc,stats    ]    Subphase: Pause Mark Try Complete                       0.000 / 0.000         0.000 / 0.000         0.000 / 0.000         0.000 / 0.000       ms
[120.157s][info][gc,stats    ]      System: Java Threads                                     34 / 35               32 / 35               32 / 35               32 / 35          threads
[120.158s][info][gc,stats    ] =========================================================================================================================================================
[120.289s][info][gc,start    ] GC(71) Garbage Collection (System.gc())
[120.289s][info][gc,task     ] GC(71) Using 12 workers
[120.290s][info][gc,phases   ] GC(71) Pause Mark Start 0.019ms
[120.296s][info][gc,phases   ] GC(71) Concurrent Mark 6.526ms
[120.296s][info][gc,phases   ] GC(71) Pause Mark End 0.022ms
[120.297s][info][gc,phases   ] GC(71) Concurrent Mark Free 0.001ms
[120.297s][info][gc,phases   ] GC(71) Concurrent Process Non-Strong References 0.927ms
[120.298s][info][gc,phases   ] GC(71) Concurrent Reset Relocation Set 0.012ms
[120.301s][info][gc,phases   ] GC(71) Concurrent Select Relocation Set 3.696ms
[120.301s][info][gc,phases   ] GC(71) Pause Relocate Start 0.006ms
[120.306s][info][gc,phases   ] GC(71) Concurrent Relocate 4.780ms
[120.306s][info][gc,load     ] GC(71) Load: 0.00/0.00/0.00
[120.306s][info][gc,mmu      ] GC(71) MMU: 2ms/98.4%, 5ms/99.4%, 10ms/99.6%, 20ms/99.7%, 50ms/99.8%, 100ms/99.9%
[120.306s][info][gc,marking  ] GC(71) Mark: 8 stripe(s), 1 proactive flush(es), 1 terminate flush(es), 0 completion(s), 0 continuation(s) 
[120.306s][info][gc,marking  ] GC(71) Mark Stack Usage: 32M
[120.306s][info][gc,nmethod  ] GC(71) NMethods: 1951 registered, 375 unregistered
[120.306s][info][gc,metaspace] GC(71) Metaspace: 9M used, 9M committed, 1088M reserved
[120.306s][info][gc,ref      ] GC(71) Soft: 214 encountered, 0 discovered, 0 enqueued
[120.306s][info][gc,ref      ] GC(71) Weak: 805 encountered, 26 discovered, 0 enqueued
[120.307s][info][gc,ref      ] GC(71) Final: 0 encountered, 0 discovered, 0 enqueued
[120.307s][info][gc,ref      ] GC(71) Phantom: 27 encountered, 16 discovered, 0 enqueued
[120.307s][info][gc,reloc    ] GC(71) Small Pages: 86 / 172M, Empty: 148M, Relocated: 4M, In-Place: 0
[120.307s][info][gc,reloc    ] GC(71) Medium Pages: 0 / 0M, Empty: 0M, Relocated: 0M, In-Place: 0
[120.307s][info][gc,reloc    ] GC(71) Large Pages: 0 / 0M, Empty: 0M, Relocated: 0M, In-Place: 0
[120.307s][info][gc,reloc    ] GC(71) Forwarding Usage: 1M
[120.307s][info][gc,heap     ] GC(71) Min Capacity: 8M(0%)
[120.307s][info][gc,heap     ] GC(71) Max Capacity: 4096M(100%)
[120.307s][info][gc,heap     ] GC(71) Soft Max Capacity: 4096M(100%)
[120.307s][info][gc,heap     ] GC(71)                Mark Start          Mark End        Relocate Start      Relocate End           High               Low         
[120.307s][info][gc,heap     ] GC(71)  Capacity:     2048M (50%)        2048M (50%)        2048M (50%)        2048M (50%)        2048M (50%)        2048M (50%)    
[120.307s][info][gc,heap     ] GC(71)      Free:     3924M (96%)        3924M (96%)        4072M (99%)        4072M (99%)        4072M (99%)        3924M (96%)    
[120.307s][info][gc,heap     ] GC(71)      Used:      172M (4%)          172M (4%)           24M (1%)           24M (1%)          172M (4%)           24M (1%)     
[120.307s][info][gc,heap     ] GC(71)      Live:         -                 4M (0%)            4M (0%)            4M (0%)             -                  -          
[120.307s][info][gc,heap     ] GC(71) Allocated:         -                 0M (0%)            0M (0%)            0M (0%)             -                  -          
[120.307s][info][gc,heap     ] GC(71)   Garbage:         -               167M (4%)           19M (0%)           19M (0%)             -                  -          
[120.307s][info][gc,heap     ] GC(71) Reclaimed:         -                  -               148M (4%)          148M (4%)             -                  -          
[120.307s][info][gc          ] GC(71) Garbage Collection (System.gc()) 172M(4%)->24M(1%)
[122.054s][info][gc,start    ] GC(72) Garbage Collection (Proactive)
[122.054s][info][gc,task     ] GC(72) Using 12 workers
[122.054s][info][gc,phases   ] GC(72) Pause Mark Start 0.021ms
[122.070s][info][gc,phases   ] GC(72) Concurrent Mark 15.175ms
[122.070s][info][gc,phases   ] GC(72) Pause Mark End 0.027ms
[122.070s][info][gc,phases   ] GC(72) Concurrent Mark Free 0.002ms
[122.071s][info][gc,phases   ] GC(72) Concurrent Process Non-Strong References 1.113ms
[122.071s][info][gc,phases   ] GC(72) Concurrent Reset Relocation Set 0.002ms
[122.078s][info][gc,phases   ] GC(72) Concurrent Select Relocation Set 6.676ms
[122.078s][info][gc,phases   ] GC(72) Pause Relocate Start 0.011ms
[122.081s][info][gc,phases   ] GC(72) Concurrent Relocate 3.242ms
[122.082s][info][gc,load     ] GC(72) Load: 0.00/0.00/0.00
[122.082s][info][gc,mmu      ] GC(72) MMU: 2ms/98.4%, 5ms/99.4%, 10ms/99.6%, 20ms/99.7%, 50ms/99.8%, 100ms/99.9%
[122.082s][info][gc,marking  ] GC(72) Mark: 8 stripe(s), 3 proactive flush(es), 1 terminate flush(es), 0 completion(s), 0 continuation(s) 
[122.082s][info][gc,marking  ] GC(72) Mark Stack Usage: 32M
[122.082s][info][gc,nmethod  ] GC(72) NMethods: 1951 registered, 375 unregistered
[122.082s][info][gc,metaspace] GC(72) Metaspace: 9M used, 9M committed, 1088M reserved
[122.082s][info][gc,ref      ] GC(72) Soft: 214 encountered, 0 discovered, 0 enqueued
[122.082s][info][gc,ref      ] GC(72) Weak: 805 encountered, 297 discovered, 0 enqueued
[122.082s][info][gc,ref      ] GC(72) Final: 0 encountered, 0 discovered, 0 enqueued
[122.082s][info][gc,ref      ] GC(72) Phantom: 27 encountered, 24 discovered, 0 enqueued
[122.082s][info][gc,reloc    ] GC(72) Small Pages: 296 / 592M, Empty: 352M, Relocated: 5M, In-Place: 0
[122.082s][info][gc,reloc    ] GC(72) Medium Pages: 0 / 0M, Empty: 0M, Relocated: 0M, In-Place: 0
[122.082s][info][gc,reloc    ] GC(72) Large Pages: 0 / 0M, Empty: 0M, Relocated: 0M, In-Place: 0
[122.082s][info][gc,reloc    ] GC(72) Forwarding Usage: 1M
[122.082s][info][gc,heap     ] GC(72) Min Capacity: 8M(0%)
[122.082s][info][gc,heap     ] GC(72) Max Capacity: 4096M(100%)
[122.082s][info][gc,heap     ] GC(72) Soft Max Capacity: 4096M(100%)
[122.082s][info][gc,heap     ] GC(72)                Mark Start          Mark End        Relocate Start      Relocate End           High               Low         
[122.082s][info][gc,heap     ] GC(72)  Capacity:     2048M (50%)        2048M (50%)        2048M (50%)        2048M (50%)        2048M (50%)        2048M (50%)    
[122.082s][info][gc,heap     ] GC(72)      Free:     3504M (86%)        3486M (85%)        3836M (94%)        4042M (99%)        4042M (99%)        3486M (85%)    
[122.082s][info][gc,heap     ] GC(72)      Used:      592M (14%)         610M (15%)         260M (6%)           54M (1%)          610M (15%)          54M (1%)     
[122.082s][info][gc,heap     ] GC(72)      Live:         -                 6M (0%)            6M (0%)            6M (0%)             -                  -          
[122.082s][info][gc,heap     ] GC(72) Allocated:         -                18M (0%)           20M (0%)           27M (1%)             -                  -          
[122.082s][info][gc,heap     ] GC(72)   Garbage:         -               585M (14%)         233M (6%)           19M (0%)             -                  -          
[122.082s][info][gc,heap     ] GC(72) Reclaimed:         -                  -               352M (9%)          565M (14%)            -                  -          
[122.082s][info][gc          ] GC(72) Garbage Collection (Proactive) 592M(14%)->54M(1%)
[124.058s][info][gc,start    ] GC(73) Garbage Collection (Proactive)
[124.058s][info][gc,task     ] GC(73) Using 12 workers
[124.058s][info][gc,phases   ] GC(73) Pause Mark Start 0.020ms
[124.074s][info][gc,phases   ] GC(73) Concurrent Mark 15.136ms
[124.074s][info][gc,phases   ] GC(73) Pause Mark End 0.026ms
[124.074s][info][gc,phases   ] GC(73) Concurrent Mark Free 0.002ms
[124.075s][info][gc,phases   ] GC(73) Concurrent Process Non-Strong References 0.983ms
[124.075s][info][gc,phases   ] GC(73) Concurrent Reset Relocation Set 0.017ms
[124.082s][info][gc,phases   ] GC(73) Concurrent Select Relocation Set 6.999ms
[124.082s][info][gc,phases   ] GC(73) Pause Relocate Start 0.009ms
[124.085s][info][gc,phases   ] GC(73) Concurrent Relocate 3.120ms
[124.085s][info][gc,load     ] GC(73) Load: 0.00/0.00/0.00
[124.086s][info][gc,mmu      ] GC(73) MMU: 2ms/98.4%, 5ms/99.4%, 10ms/99.6%, 20ms/99.7%, 50ms/99.8%, 100ms/99.9%
[124.086s][info][gc,marking  ] GC(73) Mark: 8 stripe(s), 2 proactive flush(es), 1 terminate flush(es), 0 completion(s), 0 continuation(s) 
[124.086s][info][gc,marking  ] GC(73) Mark Stack Usage: 32M
[124.086s][info][gc,nmethod  ] GC(73) NMethods: 1951 registered, 375 unregistered
[124.086s][info][gc,metaspace] GC(73) Metaspace: 9M used, 9M committed, 1088M reserved
[124.086s][info][gc,ref      ] GC(73) Soft: 214 encountered, 0 discovered, 0 enqueued
[124.086s][info][gc,ref      ] GC(73) Weak: 805 encountered, 17 discovered, 0 enqueued
[124.086s][info][gc,ref      ] GC(73) Final: 0 encountered, 0 discovered, 0 enqueued
[124.086s][info][gc,ref      ] GC(73) Phantom: 27 encountered, 20 discovered, 0 enqueued
[124.086s][info][gc,reloc    ] GC(73) Small Pages: 344 / 688M, Empty: 526M, Relocated: 5M, In-Place: 0
[124.086s][info][gc,reloc    ] GC(73) Medium Pages: 0 / 0M, Empty: 0M, Relocated: 0M, In-Place: 0
[124.086s][info][gc,reloc    ] GC(73) Large Pages: 0 / 0M, Empty: 0M, Relocated: 0M, In-Place: 0
[124.086s][info][gc,reloc    ] GC(73) Forwarding Usage: 2M
[124.086s][info][gc,heap     ] GC(73) Min Capacity: 8M(0%)
[124.086s][info][gc,heap     ] GC(73) Max Capacity: 4096M(100%)
[124.086s][info][gc,heap     ] GC(73) Soft Max Capacity: 4096M(100%)
[124.086s][info][gc,heap     ] GC(73)                Mark Start          Mark End        Relocate Start      Relocate End           High               Low         
[124.086s][info][gc,heap     ] GC(73)  Capacity:     2048M (50%)        2048M (50%)        2048M (50%)        2048M (50%)        2048M (50%)        2048M (50%)    
[124.086s][info][gc,heap     ] GC(73)      Free:     3408M (83%)        3388M (83%)        3906M (95%)        4040M (99%)        4040M (99%)        3388M (83%)    
[124.086s][info][gc,heap     ] GC(73)      Used:      688M (17%)         708M (17%)         190M (5%)           56M (1%)          708M (17%)          56M (1%)     
[124.086s][info][gc,heap     ] GC(73)      Live:         -                 6M (0%)            6M (0%)            6M (0%)             -                  -          
[124.086s][info][gc,heap     ] GC(73) Allocated:         -                20M (0%)           28M (1%)           29M (1%)             -                  -          
[124.086s][info][gc,heap     ] GC(73)   Garbage:         -               681M (17%)         155M (4%)           19M (0%)             -                  -          
[124.086s][info][gc,heap     ] GC(73) Reclaimed:         -                  -               526M (13%)         661M (16%)            -                  -          
[124.086s][info][gc          ] GC(73) Garbage Collection (Proactive) 688M(17%)->56M(1%)
[125.853s][info][gc,start    ] GC(74) Garbage Collection (Proactive)
[125.853s][info][gc,task     ] GC(74) Using 12 workers
[125.853s][info][gc,phases   ] GC(74) Pause Mark Start 0.019ms
[125.868s][info][gc,phases   ] GC(74) Concurrent Mark 15.161ms
[125.869s][info][gc,phases   ] GC(74) Pause Mark End 0.026ms
[125.869s][info][gc,phases   ] GC(74) Concurrent Mark Free 0.001ms
[125.870s][info][gc,phases   ] GC(74) Concurrent Process Non-Strong References 1.002ms
[125.870s][info][gc,phases   ] GC(74) Concurrent Reset Relocation Set 0.012ms
[125.874s][info][gc,phases   ] GC(74) Concurrent Select Relocation Set 3.890ms
[125.874s][info][gc,phases   ] GC(74) Pause Relocate Start 0.010ms
[125.877s][info][gc,phases   ] GC(74) Concurrent Relocate 3.187ms
[125.877s][info][gc,load     ] GC(74) Load: 0.00/0.00/0.00
[125.877s][info][gc,mmu      ] GC(74) MMU: 2ms/98.4%, 5ms/99.4%, 10ms/99.6%, 20ms/99.7%, 50ms/99.8%, 100ms/99.9%
[125.877s][info][gc,marking  ] GC(74) Mark: 8 stripe(s), 2 proactive flush(es), 1 terminate flush(es), 0 completion(s), 0 continuation(s) 
[125.877s][info][gc,marking  ] GC(74) Mark Stack Usage: 32M
[125.877s][info][gc,nmethod  ] GC(74) NMethods: 1951 registered, 375 unregistered
[125.877s][info][gc,metaspace] GC(74) Metaspace: 9M used, 9M committed, 1088M reserved
[125.878s][info][gc,ref      ] GC(74) Soft: 214 encountered, 0 discovered, 0 enqueued
[125.878s][info][gc,ref      ] GC(74) Weak: 805 encountered, 57 discovered, 0 enqueued
[125.878s][info][gc,ref      ] GC(74) Final: 0 encountered, 0 discovered, 0 enqueued
[125.878s][info][gc,ref      ] GC(74) Phantom: 27 encountered, 20 discovered, 0 enqueued
[125.878s][info][gc,reloc    ] GC(74) Small Pages: 305 / 610M, Empty: 498M, Relocated: 5M, In-Place: 0
[125.878s][info][gc,reloc    ] GC(74) Medium Pages: 0 / 0M, Empty: 0M, Relocated: 0M, In-Place: 0
[125.878s][info][gc,reloc    ] GC(74) Large Pages: 0 / 0M, Empty: 0M, Relocated: 0M, In-Place: 0
[125.878s][info][gc,reloc    ] GC(74) Forwarding Usage: 1M
[125.878s][info][gc,heap     ] GC(74) Min Capacity: 8M(0%)
[125.878s][info][gc,heap     ] GC(74) Max Capacity: 4096M(100%)
[125.878s][info][gc,heap     ] GC(74) Soft Max Capacity: 4096M(100%)
[125.878s][info][gc,heap     ] GC(74)                Mark Start          Mark End        Relocate Start      Relocate End           High               Low         
[125.878s][info][gc,heap     ] GC(74)  Capacity:     2048M (50%)        2048M (50%)        2048M (50%)        2048M (50%)        2048M (50%)        2048M (50%)    
[125.878s][info][gc,heap     ] GC(74)      Free:     3486M (85%)        3462M (85%)        3960M (97%)        4042M (99%)        4042M (99%)        3462M (85%)    
[125.878s][info][gc,heap     ] GC(74)      Used:      610M (15%)         634M (15%)         136M (3%)           54M (1%)          634M (15%)          54M (1%)     
[125.878s][info][gc,heap     ] GC(74)      Live:         -                 6M (0%)            6M (0%)            6M (0%)             -                  -          
[125.878s][info][gc,heap     ] GC(74) Allocated:         -                24M (1%)           24M (1%)           27M (1%)             -                  -          
[125.878s][info][gc,heap     ] GC(74)   Garbage:         -               603M (15%)         105M (3%)           19M (0%)             -                  -          
[125.878s][info][gc,heap     ] GC(74) Reclaimed:         -                  -               498M (12%)         583M (14%)            -                  -          
[125.878s][info][gc          ] GC(74) Garbage Collection (Proactive) 610M(15%)->54M(1%)
[127.138s][info][gc,start    ] GC(75) Garbage Collection (System.gc())
[127.139s][info][gc,task     ] GC(75) Using 12 workers
[127.139s][info][gc,phases   ] GC(75) Pause Mark Start 0.018ms
[127.149s][info][gc,phases   ] GC(75) Concurrent Mark 10.410ms
[127.149s][info][gc,phases   ] GC(75) Pause Mark End 0.025ms
[127.150s][info][gc,phases   ] GC(75) Concurrent Mark Free 0.001ms
[127.151s][info][gc,phases   ] GC(75) Concurrent Process Non-Strong References 0.962ms
[127.151s][info][gc,phases   ] GC(75) Concurrent Reset Relocation Set 0.009ms
[127.154s][info][gc,phases   ] GC(75) Concurrent Select Relocation Set 3.766ms
[127.155s][info][gc,phases   ] GC(75) Pause Relocate Start 0.009ms
[127.158s][info][gc,phases   ] GC(75) Concurrent Relocate 3.403ms
[127.158s][info][gc,load     ] GC(75) Load: 0.00/0.00/0.00
[127.158s][info][gc,mmu      ] GC(75) MMU: 2ms/98.4%, 5ms/99.4%, 10ms/99.6%, 20ms/99.7%, 50ms/99.8%, 100ms/99.9%
[127.158s][info][gc,marking  ] GC(75) Mark: 8 stripe(s), 2 proactive flush(es), 1 terminate flush(es), 0 completion(s), 0 continuation(s) 
[127.158s][info][gc,marking  ] GC(75) Mark Stack Usage: 32M
[127.158s][info][gc,nmethod  ] GC(75) NMethods: 1952 registered, 375 unregistered
[127.158s][info][gc,metaspace] GC(75) Metaspace: 9M used, 9M committed, 1088M reserved
[127.158s][info][gc,ref      ] GC(75) Soft: 214 encountered, 0 discovered, 0 enqueued
[127.158s][info][gc,ref      ] GC(75) Weak: 805 encountered, 81 discovered, 0 enqueued
[127.158s][info][gc,ref      ] GC(75) Final: 0 encountered, 0 discovered, 0 enqueued
[127.158s][info][gc,ref      ] GC(75) Phantom: 27 encountered, 24 discovered, 0 enqueued
[127.158s][info][gc,reloc    ] GC(75) Small Pages: 226 / 452M, Empty: 424M, Relocated: 4M, In-Place: 0
[127.158s][info][gc,reloc    ] GC(75) Medium Pages: 0 / 0M, Empty: 0M, Relocated: 0M, In-Place: 0
[127.158s][info][gc,reloc    ] GC(75) Large Pages: 0 / 0M, Empty: 0M, Relocated: 0M, In-Place: 0
[127.158s][info][gc,reloc    ] GC(75) Forwarding Usage: 1M
[127.158s][info][gc,heap     ] GC(75) Min Capacity: 8M(0%)
[127.158s][info][gc,heap     ] GC(75) Max Capacity: 4096M(100%)
[127.159s][info][gc,heap     ] GC(75) Soft Max Capacity: 4096M(100%)
[127.159s][info][gc,heap     ] GC(75)                Mark Start          Mark End        Relocate Start      Relocate End           High               Low         
[127.159s][info][gc,heap     ] GC(75)  Capacity:     2048M (50%)        2048M (50%)        2048M (50%)        2048M (50%)        2048M (50%)        2048M (50%)    
[127.159s][info][gc,heap     ] GC(75)      Free:     3644M (89%)        3644M (89%)        4068M (99%)        4072M (99%)        4072M (99%)        3644M (89%)    
[127.159s][info][gc,heap     ] GC(75)      Used:      452M (11%)         452M (11%)          28M (1%)           24M (1%)          452M (11%)          24M (1%)     
[127.159s][info][gc,heap     ] GC(75)      Live:         -                 4M (0%)            4M (0%)            4M (0%)             -                  -          
[127.159s][info][gc,heap     ] GC(75) Allocated:         -                 0M (0%)            0M (0%)            0M (0%)             -                  -          
[127.159s][info][gc,heap     ] GC(75)   Garbage:         -               447M (11%)          23M (1%)           19M (0%)             -                  -          
[127.159s][info][gc,heap     ] GC(75) Reclaimed:         -                  -               424M (10%)         428M (10%)            -                  -          
[127.159s][info][gc          ] GC(75) Garbage Collection (System.gc()) 452M(11%)->24M(1%)
[128.750s][info][gc,start    ] GC(76) Garbage Collection (Proactive)
[128.751s][info][gc,task     ] GC(76) Using 12 workers
[128.751s][info][gc,phases   ] GC(76) Pause Mark Start 0.020ms
[128.766s][info][gc,phases   ] GC(76) Concurrent Mark 15.117ms
[128.766s][info][gc,phases   ] GC(76) Pause Mark End 0.026ms
[128.766s][info][gc,phases   ] GC(76) Concurrent Mark Free 0.002ms
[128.767s][info][gc,phases   ] GC(76) Concurrent Process Non-Strong References 1.043ms
[128.767s][info][gc,phases   ] GC(76) Concurrent Reset Relocation Set 0.003ms
[128.774s][info][gc,phases   ] GC(76) Concurrent Select Relocation Set 6.544ms
[128.774s][info][gc,phases   ] GC(76) Pause Relocate Start 0.011ms
[128.777s][info][gc,phases   ] GC(76) Concurrent Relocate 2.828ms
[128.777s][info][gc,load     ] GC(76) Load: 0.00/0.00/0.00
[128.777s][info][gc,mmu      ] GC(76) MMU: 2ms/98.4%, 5ms/99.4%, 10ms/99.6%, 20ms/99.7%, 50ms/99.8%, 100ms/99.9%
[128.777s][info][gc,marking  ] GC(76) Mark: 8 stripe(s), 2 proactive flush(es), 1 terminate flush(es), 0 completion(s), 0 continuation(s) 
[128.777s][info][gc,marking  ] GC(76) Mark Stack Usage: 32M
[128.777s][info][gc,nmethod  ] GC(76) NMethods: 1953 registered, 376 unregistered
[128.777s][info][gc,metaspace] GC(76) Metaspace: 9M used, 9M committed, 1088M reserved
[128.777s][info][gc,ref      ] GC(76) Soft: 214 encountered, 0 discovered, 0 enqueued
[128.777s][info][gc,ref      ] GC(76) Weak: 805 encountered, 5 discovered, 0 enqueued
[128.777s][info][gc,ref      ] GC(76) Final: 0 encountered, 0 discovered, 0 enqueued
[128.777s][info][gc,ref      ] GC(76) Phantom: 27 encountered, 18 discovered, 0 enqueued
[128.778s][info][gc,reloc    ] GC(76) Small Pages: 273 / 546M, Empty: 356M, Relocated: 4M, In-Place: 0
[128.778s][info][gc,reloc    ] GC(76) Medium Pages: 0 / 0M, Empty: 0M, Relocated: 0M, In-Place: 0
[128.778s][info][gc,reloc    ] GC(76) Large Pages: 0 / 0M, Empty: 0M, Relocated: 0M, In-Place: 0
[128.778s][info][gc,reloc    ] GC(76) Forwarding Usage: 1M
[128.778s][info][gc,heap     ] GC(76) Min Capacity: 8M(0%)
[128.778s][info][gc,heap     ] GC(76) Max Capacity: 4096M(100%)
[128.778s][info][gc,heap     ] GC(76) Soft Max Capacity: 4096M(100%)
[128.778s][info][gc,heap     ] GC(76)                Mark Start          Mark End        Relocate Start      Relocate End           High               Low         
[128.778s][info][gc,heap     ] GC(76)  Capacity:     2048M (50%)        2048M (50%)        2048M (50%)        2048M (50%)        2048M (50%)        2048M (50%)    
[128.778s][info][gc,heap     ] GC(76)      Free:     3550M (87%)        3532M (86%)        3884M (95%)        4048M (99%)        4048M (99%)        3532M (86%)    
[128.778s][info][gc,heap     ] GC(76)      Used:      546M (13%)         564M (14%)         212M (5%)           48M (1%)          564M (14%)          48M (1%)     
[128.778s][info][gc,heap     ] GC(76)      Live:         -                 6M (0%)            6M (0%)            6M (0%)             -                  -          
[128.778s][info][gc,heap     ] GC(76) Allocated:         -                18M (0%)           22M (1%)           21M (1%)             -                  -          
[128.778s][info][gc,heap     ] GC(76)   Garbage:         -               539M (13%)         183M (4%)           19M (0%)             -                  -          
[128.778s][info][gc,heap     ] GC(76) Reclaimed:         -                  -               356M (9%)          519M (13%)            -                  -          
[128.778s][info][gc          ] GC(76) Garbage Collection (Proactive) 546M(13%)->48M(1%)
[130.156s][info][gc,stats    ] === Garbage Collection Statistics =======================================================================================================================
[130.156s][info][gc,stats    ]                                                              Last 10s              Last 10m              Last 10h                Total
[130.156s][info][gc,stats    ]                                                              Avg / Max             Avg / Max             Avg / Max             Avg / Max
[130.156s][info][gc,stats    ]   Collector: Garbage Collection Cycle                     23.825 / 27.591       26.768 / 45.983       26.768 / 45.983       26.768 / 45.983      ms
[130.156s][info][gc,stats    ]  Contention: Mark Segment Reset Contention                     1 / 5                 1 / 12                1 / 12                1 / 12          ops/s
[130.156s][info][gc,stats    ]  Contention: Mark SeqNum Reset Contention                      0 / 3                 0 / 3                 0 / 3                 0 / 3           ops/s
[130.156s][info][gc,stats    ]    Critical: Allocation Stall                                  0 / 0                 0 / 0                 0 / 0                 0 / 0           ops/s
[130.157s][info][gc,stats    ]    Critical: Allocation Stall                              0.000 / 0.000         0.000 / 0.000         0.000 / 0.000         0.000 / 0.000       ms
[130.157s][info][gc,stats    ]    Critical: GC Locker Stall                                   0 / 0                 0 / 0                 0 / 0                 0 / 0           ops/s
[130.157s][info][gc,stats    ]    Critical: GC Locker Stall                               0.000 / 0.000         0.000 / 0.000         0.000 / 0.000         0.000 / 0.000       ms
[130.157s][info][gc,stats    ]    Critical: Relocation Stall                                  0 / 0                 0 / 0                 0 / 0                 0 / 0           ops/s
[130.157s][info][gc,stats    ]    Critical: Relocation Stall                              0.000 / 0.000         0.000 / 0.000         0.000 / 0.000         0.000 / 0.000       ms
[130.157s][info][gc,stats    ]      Memory: Allocation Rate                                 326 / 340             318 / 342             318 / 342             318 / 342         MB/s
[130.157s][info][gc,stats    ]      Memory: Defragment                                        0 / 0                 0 / 0                 0 / 0                 0 / 0           ops/s
[130.157s][info][gc,stats    ]      Memory: Out Of Memory                                     0 / 0                 0 / 0                 0 / 0                 0 / 0           ops/s
[130.157s][info][gc,stats    ]      Memory: Page Cache Flush                                  0 / 0                 0 / 0                 0 / 0                 0 / 0           MB/s
[130.157s][info][gc,stats    ]      Memory: Page Cache Hit L1                               170 / 182             161 / 195             161 / 195             161 / 195         ops/s
[130.157s][info][gc,stats    ]      Memory: Page Cache Hit L2                                 0 / 0                 0 / 0                 0 / 0                 0 / 0           ops/s
[130.157s][info][gc,stats    ]      Memory: Page Cache Hit L3                                 0 / 0                 4 / 137               4 / 137               4 / 137         ops/s
[130.157s][info][gc,stats    ]      Memory: Page Cache Miss                                   0 / 0                 0 / 1                 0 / 1                 0 / 1           ops/s
[130.157s][info][gc,stats    ]      Memory: Uncommit                                          0 / 0                 0 / 0                 0 / 0                 0 / 0           MB/s
[130.157s][info][gc,stats    ]      Memory: Undo Object Allocation Failed                     0 / 0                 0 / 0                 0 / 0                 0 / 0           ops/s
[130.157s][info][gc,stats    ]      Memory: Undo Object Allocation Succeeded                  0 / 0                 0 / 4                 0 / 4                 0 / 4           ops/s
[130.157s][info][gc,stats    ]      Memory: Undo Page Allocation                              0 / 0                 0 / 0                 0 / 0                 0 / 0           ops/s
[130.157s][info][gc,stats    ]       Phase: Concurrent Mark                              12.921 / 15.175       15.070 / 24.159       15.070 / 24.159       15.070 / 24.159      ms
[130.157s][info][gc,stats    ]       Phase: Concurrent Mark Continue                      0.000 / 0.000         0.000 / 0.000         0.000 / 0.000         0.000 / 0.000       ms
[130.157s][info][gc,stats    ]       Phase: Concurrent Mark Free                          0.001 / 0.002         0.001 / 0.002         0.001 / 0.002         0.001 / 0.002       ms
[130.157s][info][gc,stats    ]       Phase: Concurrent Process Non-Strong References      1.005 / 1.113         1.070 / 5.230         1.070 / 5.230         1.070 / 5.230       ms
[130.157s][info][gc,stats    ]       Phase: Concurrent Relocate                           3.427 / 4.780         3.386 / 5.038         3.386 / 5.038         3.386 / 5.038       ms
[130.157s][info][gc,stats    ]       Phase: Concurrent Reset Relocation Set               0.009 / 0.017         0.011 / 0.022         0.011 / 0.022         0.011 / 0.022       ms
[130.157s][info][gc,stats    ]       Phase: Concurrent Select Relocation Set              5.262 / 6.999         5.544 / 15.356        5.544 / 15.356        5.544 / 15.356      ms
[130.157s][info][gc,stats    ]       Phase: Pause Mark End                                0.025 / 0.027         0.025 / 0.032         0.025 / 0.032         0.025 / 0.032       ms
[130.157s][info][gc,stats    ]       Phase: Pause Mark Start                              0.019 / 0.021         0.018 / 0.021         0.018 / 0.021         0.018 / 0.021       ms
[130.157s][info][gc,stats    ]       Phase: Pause Relocate Start                          0.009 / 0.011         0.009 / 0.028         0.009 / 0.028         0.009 / 0.028       ms
[130.157s][info][gc,stats    ]    Subphase: Concurrent Classes Purge                      0.007 / 0.017         0.036 / 0.876         0.036 / 0.876         0.036 / 0.876       ms
[130.157s][info][gc,stats    ]    Subphase: Concurrent Classes Unlink                     0.691 / 0.730         0.724 / 4.065         0.724 / 4.065         0.724 / 4.065       ms
[130.158s][info][gc,stats    ]    Subphase: Concurrent Mark                              11.268 / 14.052       13.179 / 23.147       13.179 / 23.147       13.179 / 23.147      ms
[130.158s][info][gc,stats    ]    Subphase: Concurrent Mark Try Flush                     0.079 / 0.100         0.070 / 0.145         0.070 / 0.145         0.070 / 0.145       ms
[130.158s][info][gc,stats    ]    Subphase: Concurrent Mark Try Terminate                 6.818 / 10.522        8.124 / 16.572        8.124 / 16.572        8.124 / 16.572      ms
[130.158s][info][gc,stats    ]    Subphase: Concurrent References Enqueue                 0.000 / 0.001         0.001 / 0.004         0.001 / 0.004         0.001 / 0.004       ms
[130.158s][info][gc,stats    ]    Subphase: Concurrent References Process                 0.047 / 0.077         0.044 / 0.089         0.044 / 0.089         0.044 / 0.089       ms
[130.158s][info][gc,stats    ]    Subphase: Concurrent Roots ClassLoaderDataGraph         0.080 / 0.724         0.085 / 0.896         0.085 / 0.896         0.085 / 0.896       ms
[130.158s][info][gc,stats    ]    Subphase: Concurrent Roots CodeCache                    0.000 / 0.000         0.000 / 0.000         0.000 / 0.000         0.000 / 0.000       ms
[130.158s][info][gc,stats    ]    Subphase: Concurrent Roots JavaThreads                  0.531 / 1.027         0.505 / 1.189         0.505 / 1.189         0.505 / 1.189       ms
[130.158s][info][gc,stats    ]    Subphase: Concurrent Roots OopStorageSet                0.016 / 0.047         0.019 / 0.190         0.019 / 0.190         0.019 / 0.190       ms
[130.158s][info][gc,stats    ]    Subphase: Concurrent Weak Roots OopStorageSet           0.144 / 0.182         0.141 / 0.182         0.141 / 0.182         0.141 / 0.182       ms
[130.158s][info][gc,stats    ]    Subphase: Pause Mark Try Complete                       0.000 / 0.000         0.000 / 0.000         0.000 / 0.000         0.000 / 0.000       ms
[130.158s][info][gc,stats    ]      System: Java Threads                                     35 / 35               32 / 35               32 / 35               32 / 35          threads
[130.158s][info][gc,stats    ] =========================================================================================================================================================
[130.554s][info][gc,start    ] GC(77) Garbage Collection (Proactive)
[130.555s][info][gc,task     ] GC(77) Using 12 workers
[130.555s][info][gc,phases   ] GC(77) Pause Mark Start 0.019ms
[130.570s][info][gc,phases   ] GC(77) Concurrent Mark 15.161ms
[130.570s][info][gc,phases   ] GC(77) Pause Mark End 0.027ms
[130.570s][info][gc,phases   ] GC(77) Concurrent Mark Free 0.001ms
[130.572s][info][gc,phases   ] GC(77) Concurrent Process Non-Strong References 1.021ms
[130.572s][info][gc,phases   ] GC(77) Concurrent Reset Relocation Set 0.015ms
[130.576s][info][gc,phases   ] GC(77) Concurrent Select Relocation Set 3.897ms
[130.576s][info][gc,phases   ] GC(77) Pause Relocate Start 0.010ms
[130.580s][info][gc,phases   ] GC(77) Concurrent Relocate 3.625ms
[130.580s][info][gc,load     ] GC(77) Load: 0.00/0.00/0.00
[130.580s][info][gc,mmu      ] GC(77) MMU: 2ms/98.4%, 5ms/99.4%, 10ms/99.6%, 20ms/99.7%, 50ms/99.8%, 100ms/99.9%
[130.580s][info][gc,marking  ] GC(77) Mark: 8 stripe(s), 3 proactive flush(es), 1 terminate flush(es), 0 completion(s), 0 continuation(s) 
[130.580s][info][gc,marking  ] GC(77) Mark Stack Usage: 32M
[130.580s][info][gc,nmethod  ] GC(77) NMethods: 1953 registered, 376 unregistered
[130.580s][info][gc,metaspace] GC(77) Metaspace: 9M used, 9M committed, 1088M reserved
[130.580s][info][gc,ref      ] GC(77) Soft: 214 encountered, 0 discovered, 0 enqueued
[130.580s][info][gc,ref      ] GC(77) Weak: 805 encountered, 10 discovered, 0 enqueued
[130.580s][info][gc,ref      ] GC(77) Final: 0 encountered, 0 discovered, 0 enqueued
[130.580s][info][gc,ref      ] GC(77) Phantom: 27 encountered, 17 discovered, 0 enqueued
[130.580s][info][gc,reloc    ] GC(77) Small Pages: 304 / 608M, Empty: 496M, Relocated: 4M, In-Place: 0
[130.580s][info][gc,reloc    ] GC(77) Medium Pages: 0 / 0M, Empty: 0M, Relocated: 0M, In-Place: 0
[130.580s][info][gc,reloc    ] GC(77) Large Pages: 0 / 0M, Empty: 0M, Relocated: 0M, In-Place: 0
[130.580s][info][gc,reloc    ] GC(77) Forwarding Usage: 1M
[130.580s][info][gc,heap     ] GC(77) Min Capacity: 8M(0%)
[130.580s][info][gc,heap     ] GC(77) Max Capacity: 4096M(100%)
[130.580s][info][gc,heap     ] GC(77) Soft Max Capacity: 4096M(100%)
[130.580s][info][gc,heap     ] GC(77)                Mark Start          Mark End        Relocate Start      Relocate End           High               Low         
[130.580s][info][gc,heap     ] GC(77)  Capacity:     2048M (50%)        2048M (50%)        2048M (50%)        2048M (50%)        2048M (50%)        2048M (50%)    
[130.580s][info][gc,heap     ] GC(77)      Free:     3488M (85%)        3470M (85%)        3966M (97%)        4050M (99%)        4050M (99%)        3470M (85%)    
[130.580s][info][gc,heap     ] GC(77)      Used:      608M (15%)         626M (15%)         130M (3%)           46M (1%)          626M (15%)          46M (1%)     
[130.580s][info][gc,heap     ] GC(77)      Live:         -                 6M (0%)            6M (0%)            6M (0%)             -                  -          
[130.580s][info][gc,heap     ] GC(77) Allocated:         -                18M (0%)           18M (0%)           19M (0%)             -                  -          
[130.580s][info][gc,heap     ] GC(77)   Garbage:         -               601M (15%)         105M (3%)           19M (0%)             -                  -          
[130.580s][info][gc,heap     ] GC(77) Reclaimed:         -                  -               496M (12%)         581M (14%)            -                  -          
[130.580s][info][gc          ] GC(77) Garbage Collection (Proactive) 608M(15%)->46M(1%)
[132.248s][info][gc,start    ] GC(78) Garbage Collection (Proactive)
[132.248s][info][gc,task     ] GC(78) Using 12 workers
[132.248s][info][gc,phases   ] GC(78) Pause Mark Start 0.020ms
[132.263s][info][gc,phases   ] GC(78) Concurrent Mark 15.161ms
[132.263s][info][gc,phases   ] GC(78) Pause Mark End 0.023ms
[132.263s][info][gc,phases   ] GC(78) Concurrent Mark Free 0.002ms
[132.264s][info][gc,phases   ] GC(78) Concurrent Process Non-Strong References 0.991ms
[132.265s][info][gc,phases   ] GC(78) Concurrent Reset Relocation Set 0.011ms
[132.271s][info][gc,phases   ] GC(78) Concurrent Select Relocation Set 6.615ms
[132.271s][info][gc,phases   ] GC(78) Pause Relocate Start 0.008ms
[132.275s][info][gc,phases   ] GC(78) Concurrent Relocate 3.301ms
[132.275s][info][gc,load     ] GC(78) Load: 0.00/0.00/0.00
[132.275s][info][gc,mmu      ] GC(78) MMU: 2ms/98.4%, 5ms/99.4%, 10ms/99.6%, 20ms/99.7%, 50ms/99.8%, 100ms/99.9%
[132.275s][info][gc,marking  ] GC(78) Mark: 8 stripe(s), 2 proactive flush(es), 1 terminate flush(es), 0 completion(s), 0 continuation(s) 
[132.275s][info][gc,marking  ] GC(78) Mark Stack Usage: 32M
[132.275s][info][gc,nmethod  ] GC(78) NMethods: 1953 registered, 376 unregistered
[132.275s][info][gc,metaspace] GC(78) Metaspace: 9M used, 9M committed, 1088M reserved
[132.275s][info][gc,ref      ] GC(78) Soft: 214 encountered, 0 discovered, 0 enqueued
[132.275s][info][gc,ref      ] GC(78) Weak: 805 encountered, 13 discovered, 0 enqueued
[132.275s][info][gc,ref      ] GC(78) Final: 0 encountered, 0 discovered, 0 enqueued
[132.275s][info][gc,ref      ] GC(78) Phantom: 27 encountered, 11 discovered, 0 enqueued
[132.275s][info][gc,reloc    ] GC(78) Small Pages: 285 / 570M, Empty: 486M, Relocated: 4M, In-Place: 0
[132.275s][info][gc,reloc    ] GC(78) Medium Pages: 0 / 0M, Empty: 0M, Relocated: 0M, In-Place: 0
[132.275s][info][gc,reloc    ] GC(78) Large Pages: 0 / 0M, Empty: 0M, Relocated: 0M, In-Place: 0
[132.275s][info][gc,reloc    ] GC(78) Forwarding Usage: 1M
[132.275s][info][gc,heap     ] GC(78) Min Capacity: 8M(0%)
[132.275s][info][gc,heap     ] GC(78) Max Capacity: 4096M(100%)
[132.275s][info][gc,heap     ] GC(78) Soft Max Capacity: 4096M(100%)
[132.275s][info][gc,heap     ] GC(78)                Mark Start          Mark End        Relocate Start      Relocate End           High               Low         
[132.275s][info][gc,heap     ] GC(78)  Capacity:     2048M (50%)        2048M (50%)        2048M (50%)        2048M (50%)        2048M (50%)        2048M (50%)    
[132.275s][info][gc,heap     ] GC(78)      Free:     3526M (86%)        3508M (86%)        3994M (98%)        4050M (99%)        4050M (99%)        3508M (86%)    
[132.276s][info][gc,heap     ] GC(78)      Used:      570M (14%)         588M (14%)         102M (2%)           46M (1%)          588M (14%)          46M (1%)     
[132.276s][info][gc,heap     ] GC(78)      Live:         -                 6M (0%)            6M (0%)            6M (0%)             -                  -          
[132.276s][info][gc,heap     ] GC(78) Allocated:         -                18M (0%)           18M (0%)           19M (0%)             -                  -          
[132.276s][info][gc,heap     ] GC(78)   Garbage:         -               563M (14%)          77M (2%)           19M (0%)             -                  -          
[132.276s][info][gc,heap     ] GC(78) Reclaimed:         -                  -               486M (12%)         543M (13%)            -                  -          
[132.276s][info][gc          ] GC(78) Garbage Collection (Proactive) 570M(14%)->46M(1%)
[133.855s][info][gc,start    ] GC(79) Garbage Collection (Proactive)
[133.855s][info][gc,task     ] GC(79) Using 12 workers
[133.855s][info][gc,phases   ] GC(79) Pause Mark Start 0.019ms
[133.871s][info][gc,phases   ] GC(79) Concurrent Mark 15.165ms
[133.871s][info][gc,phases   ] GC(79) Pause Mark End 0.024ms
[133.871s][info][gc,phases   ] GC(79) Concurrent Mark Free 0.002ms
[133.872s][info][gc,phases   ] GC(79) Concurrent Process Non-Strong References 1.014ms
[133.872s][info][gc,phases   ] GC(79) Concurrent Reset Relocation Set 0.007ms
[133.876s][info][gc,phases   ] GC(79) Concurrent Select Relocation Set 3.810ms
[133.876s][info][gc,phases   ] GC(79) Pause Relocate Start 0.010ms
[133.881s][info][gc,phases   ] GC(79) Concurrent Relocate 4.896ms
[133.881s][info][gc,load     ] GC(79) Load: 0.00/0.00/0.00
[133.881s][info][gc,mmu      ] GC(79) MMU: 2ms/98.4%, 5ms/99.4%, 10ms/99.6%, 20ms/99.7%, 50ms/99.8%, 100ms/99.9%
[133.881s][info][gc,marking  ] GC(79) Mark: 8 stripe(s), 2 proactive flush(es), 1 terminate flush(es), 0 completion(s), 0 continuation(s) 
[133.881s][info][gc,marking  ] GC(79) Mark Stack Usage: 32M
[133.881s][info][gc,nmethod  ] GC(79) NMethods: 1953 registered, 376 unregistered
[133.881s][info][gc,metaspace] GC(79) Metaspace: 9M used, 9M committed, 1088M reserved
[133.882s][info][gc,ref      ] GC(79) Soft: 214 encountered, 0 discovered, 0 enqueued
[133.882s][info][gc,ref      ] GC(79) Weak: 805 encountered, 40 discovered, 0 enqueued
[133.882s][info][gc,ref      ] GC(79) Final: 0 encountered, 0 discovered, 0 enqueued
[133.882s][info][gc,ref      ] GC(79) Phantom: 27 encountered, 20 discovered, 0 enqueued
[133.882s][info][gc,reloc    ] GC(79) Small Pages: 270 / 540M, Empty: 456M, Relocated: 4M, In-Place: 0
[133.882s][info][gc,reloc    ] GC(79) Medium Pages: 0 / 0M, Empty: 0M, Relocated: 0M, In-Place: 0
[133.882s][info][gc,reloc    ] GC(79) Large Pages: 0 / 0M, Empty: 0M, Relocated: 0M, In-Place: 0
[133.882s][info][gc,reloc    ] GC(79) Forwarding Usage: 1M
[133.882s][info][gc,heap     ] GC(79) Min Capacity: 8M(0%)
[133.882s][info][gc,heap     ] GC(79) Max Capacity: 4096M(100%)
[133.882s][info][gc,heap     ] GC(79) Soft Max Capacity: 4096M(100%)
[133.882s][info][gc,heap     ] GC(79)                Mark Start          Mark End        Relocate Start      Relocate End           High               Low         
[133.882s][info][gc,heap     ] GC(79)  Capacity:     2048M (50%)        2048M (50%)        2048M (50%)        2048M (50%)        2048M (50%)        2048M (50%)    
[133.882s][info][gc,heap     ] GC(79)      Free:     3556M (87%)        3538M (86%)        3994M (98%)        4048M (99%)        4048M (99%)        3538M (86%)    
[133.882s][info][gc,heap     ] GC(79)      Used:      540M (13%)         558M (14%)         102M (2%)           48M (1%)          558M (14%)          48M (1%)     
[133.882s][info][gc,heap     ] GC(79)      Live:         -                 6M (0%)            6M (0%)            6M (0%)             -                  -          
[133.882s][info][gc,heap     ] GC(79) Allocated:         -                18M (0%)           18M (0%)           21M (1%)             -                  -          
[133.882s][info][gc,heap     ] GC(79)   Garbage:         -               533M (13%)          77M (2%)           19M (0%)             -                  -          
[133.882s][info][gc,heap     ] GC(79) Reclaimed:         -                  -               456M (11%)         513M (13%)            -                  -          
[133.882s][info][gc          ] GC(79) Garbage Collection (Proactive) 540M(13%)->48M(1%)
[134.083s][info][gc,start    ] GC(80) Garbage Collection (System.gc())
[134.083s][info][gc,task     ] GC(80) Using 12 workers
[134.083s][info][gc,phases   ] GC(80) Pause Mark Start 0.017ms
[134.097s][info][gc,phases   ] GC(80) Concurrent Mark 13.563ms
[134.097s][info][gc,phases   ] GC(80) Pause Mark End 0.021ms
[134.097s][info][gc,phases   ] GC(80) Concurrent Mark Free 0.001ms
[134.098s][info][gc,phases   ] GC(80) Concurrent Process Non-Strong References 0.948ms
[134.098s][info][gc,phases   ] GC(80) Concurrent Reset Relocation Set 0.006ms
[134.102s][info][gc,phases   ] GC(80) Concurrent Select Relocation Set 3.552ms
[134.102s][info][gc,phases   ] GC(80) Pause Relocate Start 0.007ms
[134.106s][info][gc,phases   ] GC(80) Concurrent Relocate 4.628ms
[134.106s][info][gc,load     ] GC(80) Load: 0.00/0.00/0.00
[134.106s][info][gc,mmu      ] GC(80) MMU: 2ms/98.4%, 5ms/99.4%, 10ms/99.6%, 20ms/99.7%, 50ms/99.8%, 100ms/99.9%
[134.106s][info][gc,marking  ] GC(80) Mark: 8 stripe(s), 1 proactive flush(es), 1 terminate flush(es), 0 completion(s), 0 continuation(s) 
[134.107s][info][gc,marking  ] GC(80) Mark Stack Usage: 32M
[134.107s][info][gc,nmethod  ] GC(80) NMethods: 1953 registered, 376 unregistered
[134.107s][info][gc,metaspace] GC(80) Metaspace: 9M used, 9M committed, 1088M reserved
[134.107s][info][gc,ref      ] GC(80) Soft: 214 encountered, 0 discovered, 0 enqueued
[134.107s][info][gc,ref      ] GC(80) Weak: 805 encountered, 32 discovered, 0 enqueued
[134.107s][info][gc,ref      ] GC(80) Final: 0 encountered, 0 discovered, 0 enqueued
[134.107s][info][gc,ref      ] GC(80) Phantom: 27 encountered, 19 discovered, 0 enqueued
[134.107s][info][gc,reloc    ] GC(80) Small Pages: 54 / 108M, Empty: 84M, Relocated: 4M, In-Place: 0
[134.107s][info][gc,reloc    ] GC(80) Medium Pages: 0 / 0M, Empty: 0M, Relocated: 0M, In-Place: 0
[134.107s][info][gc,reloc    ] GC(80) Large Pages: 0 / 0M, Empty: 0M, Relocated: 0M, In-Place: 0
[134.107s][info][gc,reloc    ] GC(80) Forwarding Usage: 1M
[134.107s][info][gc,heap     ] GC(80) Min Capacity: 8M(0%)
[134.107s][info][gc,heap     ] GC(80) Max Capacity: 4096M(100%)
[134.107s][info][gc,heap     ] GC(80) Soft Max Capacity: 4096M(100%)
[134.107s][info][gc,heap     ] GC(80)                Mark Start          Mark End        Relocate Start      Relocate End           High               Low         
[134.107s][info][gc,heap     ] GC(80)  Capacity:     2048M (50%)        2048M (50%)        2048M (50%)        2048M (50%)        2048M (50%)        2048M (50%)    
[134.107s][info][gc,heap     ] GC(80)      Free:     3988M (97%)        3988M (97%)        4072M (99%)        4072M (99%)        4072M (99%)        3988M (97%)    
[134.107s][info][gc,heap     ] GC(80)      Used:      108M (3%)          108M (3%)           24M (1%)           24M (1%)          108M (3%)           24M (1%)     
[134.107s][info][gc,heap     ] GC(80)      Live:         -                 4M (0%)            4M (0%)            4M (0%)             -                  -          
[134.107s][info][gc,heap     ] GC(80) Allocated:         -                 0M (0%)            0M (0%)            0M (0%)             -                  -          
[134.107s][info][gc,heap     ] GC(80)   Garbage:         -               103M (3%)           19M (0%)           19M (0%)             -                  -          
[134.107s][info][gc,heap     ] GC(80) Reclaimed:         -                  -                84M (2%)           84M (2%)             -                  -          
[134.107s][info][gc          ] GC(80) Garbage Collection (System.gc()) 108M(3%)->24M(1%)
[135.657s][info][gc,start    ] GC(81) Garbage Collection (Proactive)
[135.657s][info][gc,task     ] GC(81) Using 12 workers
[135.658s][info][gc,phases   ] GC(81) Pause Mark Start 0.020ms
[135.673s][info][gc,phases   ] GC(81) Concurrent Mark 15.174ms
[135.673s][info][gc,phases   ] GC(81) Pause Mark End 0.027ms
[135.673s][info][gc,phases   ] GC(81) Concurrent Mark Free 0.001ms
[135.674s][info][gc,phases   ] GC(81) Concurrent Process Non-Strong References 1.040ms
[135.674s][info][gc,phases   ] GC(81) Concurrent Reset Relocation Set 0.003ms
[135.681s][info][gc,phases   ] GC(81) Concurrent Select Relocation Set 6.616ms
[135.681s][info][gc,phases   ] GC(81) Pause Relocate Start 0.009ms
[135.685s][info][gc,phases   ] GC(81) Concurrent Relocate 3.257ms
[135.685s][info][gc,load     ] GC(81) Load: 0.00/0.00/0.00
[135.685s][info][gc,mmu      ] GC(81) MMU: 2ms/98.4%, 5ms/99.4%, 10ms/99.6%, 20ms/99.7%, 50ms/99.8%, 100ms/99.9%
[135.685s][info][gc,marking  ] GC(81) Mark: 8 stripe(s), 2 proactive flush(es), 1 terminate flush(es), 0 completion(s), 0 continuation(s) 
[135.685s][info][gc,marking  ] GC(81) Mark Stack Usage: 32M
[135.685s][info][gc,nmethod  ] GC(81) NMethods: 1954 registered, 376 unregistered
[135.685s][info][gc,metaspace] GC(81) Metaspace: 9M used, 9M committed, 1088M reserved
[135.685s][info][gc,ref      ] GC(81) Soft: 214 encountered, 0 discovered, 0 enqueued
[135.685s][info][gc,ref      ] GC(81) Weak: 805 encountered, 24 discovered, 0 enqueued
[135.685s][info][gc,ref      ] GC(81) Final: 0 encountered, 0 discovered, 0 enqueued
[135.685s][info][gc,ref      ] GC(81) Phantom: 27 encountered, 22 discovered, 0 enqueued
[135.685s][info][gc,reloc    ] GC(81) Small Pages: 270 / 540M, Empty: 338M, Relocated: 5M, In-Place: 0
[135.685s][info][gc,reloc    ] GC(81) Medium Pages: 0 / 0M, Empty: 0M, Relocated: 0M, In-Place: 0
[135.685s][info][gc,reloc    ] GC(81) Large Pages: 0 / 0M, Empty: 0M, Relocated: 0M, In-Place: 0
[135.685s][info][gc,reloc    ] GC(81) Forwarding Usage: 1M
[135.685s][info][gc,heap     ] GC(81) Min Capacity: 8M(0%)
[135.685s][info][gc,heap     ] GC(81) Max Capacity: 4096M(100%)
[135.685s][info][gc,heap     ] GC(81) Soft Max Capacity: 4096M(100%)
[135.685s][info][gc,heap     ] GC(81)                Mark Start          Mark End        Relocate Start      Relocate End           High               Low         
[135.685s][info][gc,heap     ] GC(81)  Capacity:     2048M (50%)        2048M (50%)        2048M (50%)        2048M (50%)        2048M (50%)        2048M (50%)    
[135.685s][info][gc,heap     ] GC(81)      Free:     3556M (87%)        3542M (86%)        3878M (95%)        4052M (99%)        4052M (99%)        3542M (86%)    
[135.685s][info][gc,heap     ] GC(81)      Used:      540M (13%)         554M (14%)         218M (5%)           44M (1%)          554M (14%)          44M (1%)     
[135.685s][info][gc,heap     ] GC(81)      Live:         -                 6M (0%)            6M (0%)            6M (0%)             -                  -          
[135.685s][info][gc,heap     ] GC(81) Allocated:         -                14M (0%)           16M (0%)           17M (0%)             -                  -          
[135.685s][info][gc,heap     ] GC(81)   Garbage:         -               533M (13%)         195M (5%)           19M (0%)             -                  -          
[135.685s][info][gc,heap     ] GC(81) Reclaimed:         -                  -               338M (8%)          513M (13%)            -                  -          
[135.685s][info][gc          ] GC(81) Garbage Collection (Proactive) 540M(13%)->44M(1%)
[137.350s][info][gc,start    ] GC(82) Garbage Collection (Proactive)
[137.350s][info][gc,task     ] GC(82) Using 12 workers
[137.351s][info][gc,phases   ] GC(82) Pause Mark Start 0.019ms
[137.366s][info][gc,phases   ] GC(82) Concurrent Mark 15.089ms
[137.366s][info][gc,phases   ] GC(82) Pause Mark End 0.026ms
[137.366s][info][gc,phases   ] GC(82) Concurrent Mark Free 0.002ms
[137.367s][info][gc,phases   ] GC(82) Concurrent Process Non-Strong References 1.044ms
[137.367s][info][gc,phases   ] GC(82) Concurrent Reset Relocation Set 0.018ms
[137.371s][info][gc,phases   ] GC(82) Concurrent Select Relocation Set 3.828ms
[137.371s][info][gc,phases   ] GC(82) Pause Relocate Start 0.010ms
[137.375s][info][gc,phases   ] GC(82) Concurrent Relocate 3.103ms
[137.375s][info][gc,load     ] GC(82) Load: 0.00/0.00/0.00
[137.375s][info][gc,mmu      ] GC(82) MMU: 2ms/98.4%, 5ms/99.4%, 10ms/99.6%, 20ms/99.7%, 50ms/99.8%, 100ms/99.9%
[137.375s][info][gc,marking  ] GC(82) Mark: 8 stripe(s), 2 proactive flush(es), 1 terminate flush(es), 0 completion(s), 0 continuation(s) 
[137.375s][info][gc,marking  ] GC(82) Mark Stack Usage: 32M
[137.375s][info][gc,nmethod  ] GC(82) NMethods: 1954 registered, 376 unregistered
[137.375s][info][gc,metaspace] GC(82) Metaspace: 9M used, 9M committed, 1088M reserved
[137.375s][info][gc,ref      ] GC(82) Soft: 214 encountered, 0 discovered, 0 enqueued
[137.375s][info][gc,ref      ] GC(82) Weak: 805 encountered, 5 discovered, 0 enqueued
[137.375s][info][gc,ref      ] GC(82) Final: 0 encountered, 0 discovered, 0 enqueued
[137.375s][info][gc,ref      ] GC(82) Phantom: 27 encountered, 18 discovered, 0 enqueued
[137.375s][info][gc,reloc    ] GC(82) Small Pages: 289 / 578M, Empty: 418M, Relocated: 5M, In-Place: 0
[137.375s][info][gc,reloc    ] GC(82) Medium Pages: 0 / 0M, Empty: 0M, Relocated: 0M, In-Place: 0
[137.375s][info][gc,reloc    ] GC(82) Large Pages: 0 / 0M, Empty: 0M, Relocated: 0M, In-Place: 0
[137.375s][info][gc,reloc    ] GC(82) Forwarding Usage: 1M
[137.375s][info][gc,heap     ] GC(82) Min Capacity: 8M(0%)
[137.375s][info][gc,heap     ] GC(82) Max Capacity: 4096M(100%)
[137.375s][info][gc,heap     ] GC(82) Soft Max Capacity: 4096M(100%)
[137.375s][info][gc,heap     ] GC(82)                Mark Start          Mark End        Relocate Start      Relocate End           High               Low         
[137.375s][info][gc,heap     ] GC(82)  Capacity:     2048M (50%)        2048M (50%)        2048M (50%)        2048M (50%)        2048M (50%)        2048M (50%)    
[137.375s][info][gc,heap     ] GC(82)      Free:     3518M (86%)        3492M (85%)        3910M (95%)        4044M (99%)        4044M (99%)        3492M (85%)    
[137.375s][info][gc,heap     ] GC(82)      Used:      578M (14%)         604M (15%)         186M (5%)           52M (1%)          604M (15%)          52M (1%)     
[137.375s][info][gc,heap     ] GC(82)      Live:         -                 6M (0%)            6M (0%)            6M (0%)             -                  -          
[137.375s][info][gc,heap     ] GC(82) Allocated:         -                26M (1%)           26M (1%)           25M (1%)             -                  -          
[137.375s][info][gc,heap     ] GC(82)   Garbage:         -               571M (14%)         153M (4%)           19M (0%)             -                  -          
[137.375s][info][gc,heap     ] GC(82) Reclaimed:         -                  -               418M (10%)         551M (13%)            -                  -          
[137.375s][info][gc          ] GC(82) Garbage Collection (Proactive) 578M(14%)->52M(1%)
[138.856s][info][gc,start    ] GC(83) Garbage Collection (Proactive)
[138.856s][info][gc,task     ] GC(83) Using 12 workers
[138.856s][info][gc,phases   ] GC(83) Pause Mark Start 0.019ms
[138.871s][info][gc,phases   ] GC(83) Concurrent Mark 15.099ms
[138.872s][info][gc,phases   ] GC(83) Pause Mark End 0.025ms
[138.872s][info][gc,phases   ] GC(83) Concurrent Mark Free 0.001ms
[138.873s][info][gc,phases   ] GC(83) Concurrent Process Non-Strong References 1.035ms
[138.873s][info][gc,phases   ] GC(83) Concurrent Reset Relocation Set 0.013ms
[138.876s][info][gc,phases   ] GC(83) Concurrent Select Relocation Set 3.544ms
[138.877s][info][gc,phases   ] GC(83) Pause Relocate Start 0.008ms
[138.880s][info][gc,phases   ] GC(83) Concurrent Relocate 3.131ms
[138.880s][info][gc,load     ] GC(83) Load: 0.00/0.00/0.00
[138.880s][info][gc,mmu      ] GC(83) MMU: 2ms/98.4%, 5ms/99.4%, 10ms/99.6%, 20ms/99.7%, 50ms/99.8%, 100ms/99.9%
[138.880s][info][gc,marking  ] GC(83) Mark: 8 stripe(s), 3 proactive flush(es), 1 terminate flush(es), 0 completion(s), 0 continuation(s) 
[138.880s][info][gc,marking  ] GC(83) Mark Stack Usage: 32M
[138.880s][info][gc,nmethod  ] GC(83) NMethods: 1954 registered, 376 unregistered
[138.880s][info][gc,metaspace] GC(83) Metaspace: 9M used, 9M committed, 1088M reserved
[138.880s][info][gc,ref      ] GC(83) Soft: 214 encountered, 0 discovered, 0 enqueued
[138.880s][info][gc,ref      ] GC(83) Weak: 805 encountered, 182 discovered, 0 enqueued
[138.880s][info][gc,ref      ] GC(83) Final: 0 encountered, 0 discovered, 0 enqueued
[138.880s][info][gc,ref      ] GC(83) Phantom: 27 encountered, 17 discovered, 0 enqueued
[138.880s][info][gc,reloc    ] GC(83) Small Pages: 252 / 504M, Empty: 302M, Relocated: 5M, In-Place: 0
[138.880s][info][gc,reloc    ] GC(83) Medium Pages: 0 / 0M, Empty: 0M, Relocated: 0M, In-Place: 0
[138.880s][info][gc,reloc    ] GC(83) Large Pages: 0 / 0M, Empty: 0M, Relocated: 0M, In-Place: 0
[138.880s][info][gc,reloc    ] GC(83) Forwarding Usage: 1M
[138.880s][info][gc,heap     ] GC(83) Min Capacity: 8M(0%)
[138.880s][info][gc,heap     ] GC(83) Max Capacity: 4096M(100%)
[138.880s][info][gc,heap     ] GC(83) Soft Max Capacity: 4096M(100%)
[138.880s][info][gc,heap     ] GC(83)                Mark Start          Mark End        Relocate Start      Relocate End           High               Low         
[138.880s][info][gc,heap     ] GC(83)  Capacity:     2048M (50%)        2048M (50%)        2048M (50%)        2048M (50%)        2048M (50%)        2048M (50%)    
[138.880s][info][gc,heap     ] GC(83)      Free:     3592M (88%)        3570M (87%)        3872M (95%)        4048M (99%)        4048M (99%)        3570M (87%)    
[138.880s][info][gc,heap     ] GC(83)      Used:      504M (12%)         526M (13%)         224M (5%)           48M (1%)          526M (13%)          48M (1%)     
[138.880s][info][gc,heap     ] GC(83)      Live:         -                 6M (0%)            6M (0%)            6M (0%)             -                  -          
[138.880s][info][gc,heap     ] GC(83) Allocated:         -                22M (1%)           22M (1%)           21M (1%)             -                  -          
[138.880s][info][gc,heap     ] GC(83)   Garbage:         -               497M (12%)         195M (5%)           19M (0%)             -                  -          
[138.881s][info][gc,heap     ] GC(83) Reclaimed:         -                  -               302M (7%)          477M (12%)            -                  -          
[138.881s][info][gc          ] GC(83) Garbage Collection (Proactive) 504M(12%)->48M(1%)
[140.151s][info][gc,stats    ] === Garbage Collection Statistics =======================================================================================================================
[140.151s][info][gc,stats    ]                                                              Last 10s              Last 10m              Last 10h                Total
[140.151s][info][gc,stats    ]                                                              Avg / Max             Avg / Max             Avg / Max             Avg / Max
[140.151s][info][gc,stats    ]   Collector: Garbage Collection Cycle                     25.495 / 27.368       26.662 / 45.983       26.662 / 45.983       26.662 / 45.983      ms
[140.151s][info][gc,stats    ]  Contention: Mark Segment Reset Contention                     1 / 4                 1 / 12                1 / 12                1 / 12          ops/s
[140.151s][info][gc,stats    ]  Contention: Mark SeqNum Reset Contention                      0 / 2                 0 / 3                 0 / 3                 0 / 3           ops/s
[140.151s][info][gc,stats    ]    Critical: Allocation Stall                                  0 / 0                 0 / 0                 0 / 0                 0 / 0           ops/s
[140.151s][info][gc,stats    ]    Critical: Allocation Stall                              0.000 / 0.000         0.000 / 0.000         0.000 / 0.000         0.000 / 0.000       ms
[140.151s][info][gc,stats    ]    Critical: GC Locker Stall                                   0 / 0                 0 / 0                 0 / 0                 0 / 0           ops/s
[140.151s][info][gc,stats    ]    Critical: GC Locker Stall                               0.000 / 0.000         0.000 / 0.000         0.000 / 0.000         0.000 / 0.000       ms
[140.151s][info][gc,stats    ]    Critical: Relocation Stall                                  0 / 0                 0 / 0                 0 / 0                 0 / 0           ops/s
[140.151s][info][gc,stats    ]    Critical: Relocation Stall                              0.000 / 0.000         0.000 / 0.000         0.000 / 0.000         0.000 / 0.000       ms
[140.152s][info][gc,stats    ]      Memory: Allocation Rate                                 322 / 344             318 / 344             318 / 344             318 / 344         MB/s
[140.152s][info][gc,stats    ]      Memory: Defragment                                        0 / 0                 0 / 0                 0 / 0                 0 / 0           ops/s
[140.152s][info][gc,stats    ]      Memory: Out Of Memory                                     0 / 0                 0 / 0                 0 / 0                 0 / 0           ops/s
[140.152s][info][gc,stats    ]      Memory: Page Cache Flush                                  0 / 0                 0 / 0                 0 / 0                 0 / 0           MB/s
[140.152s][info][gc,stats    ]      Memory: Page Cache Hit L1                               169 / 188             162 / 195             162 / 195             162 / 195         ops/s
[140.152s][info][gc,stats    ]      Memory: Page Cache Hit L2                                 0 / 0                 0 / 0                 0 / 0                 0 / 0           ops/s
[140.152s][info][gc,stats    ]      Memory: Page Cache Hit L3                                 0 / 0                 4 / 137               4 / 137               4 / 137         ops/s
[140.152s][info][gc,stats    ]      Memory: Page Cache Miss                                   0 / 0                 0 / 1                 0 / 1                 0 / 1           ops/s
[140.152s][info][gc,stats    ]      Memory: Uncommit                                          0 / 0                 0 / 0                 0 / 0                 0 / 0           MB/s
[140.152s][info][gc,stats    ]      Memory: Undo Object Allocation Failed                     0 / 0                 0 / 0                 0 / 0                 0 / 0           ops/s
[140.152s][info][gc,stats    ]      Memory: Undo Object Allocation Succeeded                  0 / 0                 0 / 4                 0 / 4                 0 / 4           ops/s
[140.152s][info][gc,stats    ]      Memory: Undo Page Allocation                              0 / 0                 0 / 0                 0 / 0                 0 / 0           ops/s
[140.152s][info][gc,stats    ]       Phase: Concurrent Mark                              14.916 / 15.174       15.057 / 24.159       15.057 / 24.159       15.057 / 24.159      ms
[140.152s][info][gc,stats    ]       Phase: Concurrent Mark Continue                      0.000 / 0.000         0.000 / 0.000         0.000 / 0.000         0.000 / 0.000       ms
[140.152s][info][gc,stats    ]       Phase: Concurrent Mark Free                          0.001 / 0.002         0.001 / 0.002         0.001 / 0.002         0.001 / 0.002       ms
[140.152s][info][gc,stats    ]       Phase: Concurrent Process Non-Strong References      1.013 / 1.044         1.065 / 5.230         1.065 / 5.230         1.065 / 5.230       ms
[140.152s][info][gc,stats    ]       Phase: Concurrent Relocate                           3.706 / 4.896         3.413 / 5.038         3.413 / 5.038         3.413 / 5.038       ms
[140.152s][info][gc,stats    ]       Phase: Concurrent Reset Relocation Set               0.010 / 0.018         0.010 / 0.022         0.010 / 0.022         0.010 / 0.022       ms
[140.152s][info][gc,stats    ]       Phase: Concurrent Select Relocation Set              4.552 / 6.616         5.461 / 15.356        5.461 / 15.356        5.461 / 15.356      ms
[140.152s][info][gc,stats    ]       Phase: Pause Mark End                                0.025 / 0.027         0.025 / 0.032         0.025 / 0.032         0.025 / 0.032       ms
[140.152s][info][gc,stats    ]       Phase: Pause Mark Start                              0.019 / 0.020         0.018 / 0.021         0.018 / 0.021         0.018 / 0.021       ms
[140.152s][info][gc,stats    ]       Phase: Pause Relocate Start                          0.009 / 0.010         0.009 / 0.028         0.009 / 0.028         0.009 / 0.028       ms
[140.152s][info][gc,stats    ]    Subphase: Concurrent Classes Purge                      0.005 / 0.005         0.034 / 0.876         0.034 / 0.876         0.034 / 0.876       ms
[140.152s][info][gc,stats    ]    Subphase: Concurrent Classes Unlink                     0.695 / 0.722         0.722 / 4.065         0.722 / 4.065         0.722 / 4.065       ms
[140.152s][info][gc,stats    ]    Subphase: Concurrent Mark                              13.136 / 14.154       13.175 / 23.147       13.175 / 23.147       13.175 / 23.147      ms
[140.152s][info][gc,stats    ]    Subphase: Concurrent Mark Try Flush                     0.077 / 0.101         0.071 / 0.145         0.071 / 0.145         0.071 / 0.145       ms
[140.152s][info][gc,stats    ]    Subphase: Concurrent Mark Try Terminate                 8.492 / 11.371        8.154 / 16.572        8.154 / 16.572        8.154 / 16.572      ms
[140.152s][info][gc,stats    ]    Subphase: Concurrent References Enqueue                 0.000 / 0.001         0.001 / 0.004         0.001 / 0.004         0.001 / 0.004       ms
[140.153s][info][gc,stats    ]    Subphase: Concurrent References Process                 0.041 / 0.056         0.044 / 0.089         0.044 / 0.089         0.044 / 0.089       ms
[140.153s][info][gc,stats    ]    Subphase: Concurrent Roots ClassLoaderDataGraph         0.083 / 0.664         0.085 / 0.896         0.085 / 0.896         0.085 / 0.896       ms
[140.153s][info][gc,stats    ]    Subphase: Concurrent Roots CodeCache                    0.000 / 0.000         0.000 / 0.000         0.000 / 0.000         0.000 / 0.000       ms
[140.153s][info][gc,stats    ]    Subphase: Concurrent Roots JavaThreads                  0.514 / 1.031         0.506 / 1.189         0.506 / 1.189         0.506 / 1.189       ms
[140.153s][info][gc,stats    ]    Subphase: Concurrent Roots OopStorageSet                0.017 / 0.052         0.019 / 0.190         0.019 / 0.190         0.019 / 0.190       ms
[140.153s][info][gc,stats    ]    Subphase: Concurrent Weak Roots OopStorageSet           0.144 / 0.169         0.141 / 0.182         0.141 / 0.182         0.141 / 0.182       ms
[140.153s][info][gc,stats    ]    Subphase: Pause Mark Try Complete                       0.000 / 0.000         0.000 / 0.000         0.000 / 0.000         0.000 / 0.000       ms
[140.153s][info][gc,stats    ]      System: Java Threads                                     35 / 35               33 / 35               33 / 35               33 / 35          threads
[140.153s][info][gc,stats    ] =========================================================================================================================================================
[140.260s][info][gc,start    ] GC(84) Garbage Collection (Proactive)
[140.260s][info][gc,task     ] GC(84) Using 12 workers
[140.261s][info][gc,phases   ] GC(84) Pause Mark Start 0.019ms
[140.276s][info][gc,phases   ] GC(84) Concurrent Mark 15.145ms
[140.276s][info][gc,phases   ] GC(84) Pause Mark End 0.026ms
[140.276s][info][gc,phases   ] GC(84) Concurrent Mark Free 0.001ms
[140.277s][info][gc,phases   ] GC(84) Concurrent Process Non-Strong References 1.031ms
[140.277s][info][gc,phases   ] GC(84) Concurrent Reset Relocation Set 0.014ms
[140.284s][info][gc,phases   ] GC(84) Concurrent Select Relocation Set 6.630ms
[140.284s][info][gc,phases   ] GC(84) Pause Relocate Start 0.011ms
[140.288s][info][gc,phases   ] GC(84) Concurrent Relocate 3.416ms
[140.288s][info][gc,load     ] GC(84) Load: 0.00/0.00/0.00
[140.288s][info][gc,mmu      ] GC(84) MMU: 2ms/98.4%, 5ms/99.4%, 10ms/99.6%, 20ms/99.7%, 50ms/99.8%, 100ms/99.9%
[140.288s][info][gc,marking  ] GC(84) Mark: 8 stripe(s), 3 proactive flush(es), 1 terminate flush(es), 0 completion(s), 0 continuation(s) 
[140.288s][info][gc,marking  ] GC(84) Mark Stack Usage: 32M
[140.288s][info][gc,nmethod  ] GC(84) NMethods: 1954 registered, 376 unregistered
[140.288s][info][gc,metaspace] GC(84) Metaspace: 9M used, 9M committed, 1088M reserved
[140.288s][info][gc,ref      ] GC(84) Soft: 214 encountered, 0 discovered, 0 enqueued
[140.288s][info][gc,ref      ] GC(84) Weak: 805 encountered, 77 discovered, 0 enqueued
[140.288s][info][gc,ref      ] GC(84) Final: 0 encountered, 0 discovered, 0 enqueued
[140.288s][info][gc,ref      ] GC(84) Phantom: 27 encountered, 13 discovered, 0 enqueued
[140.288s][info][gc,reloc    ] GC(84) Small Pages: 241 / 482M, Empty: 348M, Relocated: 5M, In-Place: 0
[140.288s][info][gc,reloc    ] GC(84) Medium Pages: 0 / 0M, Empty: 0M, Relocated: 0M, In-Place: 0
[140.288s][info][gc,reloc    ] GC(84) Large Pages: 0 / 0M, Empty: 0M, Relocated: 0M, In-Place: 0
[140.288s][info][gc,reloc    ] GC(84) Forwarding Usage: 1M
[140.288s][info][gc,heap     ] GC(84) Min Capacity: 8M(0%)
[140.288s][info][gc,heap     ] GC(84) Max Capacity: 4096M(100%)
[140.288s][info][gc,heap     ] GC(84) Soft Max Capacity: 4096M(100%)
[140.288s][info][gc,heap     ] GC(84)                Mark Start          Mark End        Relocate Start      Relocate End           High               Low         
[140.288s][info][gc,heap     ] GC(84)  Capacity:     2048M (50%)        2048M (50%)        2048M (50%)        2048M (50%)        2048M (50%)        2048M (50%)    
[140.288s][info][gc,heap     ] GC(84)      Free:     3614M (88%)        3596M (88%)        3938M (96%)        4046M (99%)        4046M (99%)        3596M (88%)    
[140.289s][info][gc,heap     ] GC(84)      Used:      482M (12%)         500M (12%)         158M (4%)           50M (1%)          500M (12%)          50M (1%)     
[140.289s][info][gc,heap     ] GC(84)      Live:         -                 6M (0%)            6M (0%)            6M (0%)             -                  -          
[140.289s][info][gc,heap     ] GC(84) Allocated:         -                18M (0%)           24M (1%)           23M (1%)             -                  -          
[140.289s][info][gc,heap     ] GC(84)   Garbage:         -               475M (12%)         127M (3%)           19M (0%)             -                  -          
[140.289s][info][gc,heap     ] GC(84) Reclaimed:         -                  -               348M (8%)          455M (11%)            -                  -          
[140.289s][info][gc          ] GC(84) Garbage Collection (Proactive) 482M(12%)->50M(1%)
[141.003s][info][gc,start    ] GC(85) Garbage Collection (System.gc())
[141.003s][info][gc,task     ] GC(85) Using 12 workers
[141.003s][info][gc,phases   ] GC(85) Pause Mark Start 0.019ms
[141.017s][info][gc,phases   ] GC(85) Concurrent Mark 13.906ms
[141.018s][info][gc,phases   ] GC(85) Pause Mark End 0.025ms
[141.018s][info][gc,phases   ] GC(85) Concurrent Mark Free 0.001ms
[141.019s][info][gc,phases   ] GC(85) Concurrent Process Non-Strong References 0.964ms
[141.019s][info][gc,phases   ] GC(85) Concurrent Reset Relocation Set 0.011ms
[141.022s][info][gc,phases   ] GC(85) Concurrent Select Relocation Set 3.750ms
[141.023s][info][gc,phases   ] GC(85) Pause Relocate Start 0.010ms
[141.026s][info][gc,phases   ] GC(85) Concurrent Relocate 3.421ms
[141.026s][info][gc,load     ] GC(85) Load: 0.00/0.00/0.00
[141.026s][info][gc,mmu      ] GC(85) MMU: 2ms/98.4%, 5ms/99.4%, 10ms/99.6%, 20ms/99.7%, 50ms/99.8%, 100ms/99.9%
[141.026s][info][gc,marking  ] GC(85) Mark: 8 stripe(s), 2 proactive flush(es), 1 terminate flush(es), 0 completion(s), 0 continuation(s) 
[141.026s][info][gc,marking  ] GC(85) Mark Stack Usage: 32M
[141.026s][info][gc,nmethod  ] GC(85) NMethods: 1955 registered, 376 unregistered
[141.026s][info][gc,metaspace] GC(85) Metaspace: 9M used, 9M committed, 1088M reserved
[141.026s][info][gc,ref      ] GC(85) Soft: 214 encountered, 0 discovered, 0 enqueued
[141.026s][info][gc,ref      ] GC(85) Weak: 805 encountered, 22 discovered, 0 enqueued
[141.026s][info][gc,ref      ] GC(85) Final: 0 encountered, 0 discovered, 0 enqueued
[141.026s][info][gc,ref      ] GC(85) Phantom: 27 encountered, 17 discovered, 0 enqueued
[141.026s][info][gc,reloc    ] GC(85) Small Pages: 137 / 274M, Empty: 248M, Relocated: 4M, In-Place: 0
[141.027s][info][gc,reloc    ] GC(85) Medium Pages: 0 / 0M, Empty: 0M, Relocated: 0M, In-Place: 0
[141.027s][info][gc,reloc    ] GC(85) Large Pages: 0 / 0M, Empty: 0M, Relocated: 0M, In-Place: 0
[141.027s][info][gc,reloc    ] GC(85) Forwarding Usage: 1M
[141.027s][info][gc,heap     ] GC(85) Min Capacity: 8M(0%)
[141.027s][info][gc,heap     ] GC(85) Max Capacity: 4096M(100%)
[141.027s][info][gc,heap     ] GC(85) Soft Max Capacity: 4096M(100%)
[141.027s][info][gc,heap     ] GC(85)                Mark Start          Mark End        Relocate Start      Relocate End           High               Low         
[141.027s][info][gc,heap     ] GC(85)  Capacity:     2048M (50%)        2048M (50%)        2048M (50%)        2048M (50%)        2048M (50%)        2048M (50%)    
[141.027s][info][gc,heap     ] GC(85)      Free:     3822M (93%)        3822M (93%)        4070M (99%)        4072M (99%)        4072M (99%)        3822M (93%)    
[141.027s][info][gc,heap     ] GC(85)      Used:      274M (7%)          274M (7%)           26M (1%)           24M (1%)          274M (7%)           24M (1%)     
[141.027s][info][gc,heap     ] GC(85)      Live:         -                 4M (0%)            4M (0%)            4M (0%)             -                  -          
[141.027s][info][gc,heap     ] GC(85) Allocated:         -                 0M (0%)            0M (0%)            0M (0%)             -                  -          
[141.027s][info][gc,heap     ] GC(85)   Garbage:         -               269M (7%)           21M (1%)           19M (0%)             -                  -          
[141.027s][info][gc,heap     ] GC(85) Reclaimed:         -                  -               248M (6%)          250M (6%)             -                  -          
[141.027s][info][gc          ] GC(85) Garbage Collection (System.gc()) 274M(7%)->24M(1%)
[142.554s][info][gc,start    ] GC(86) Garbage Collection (Proactive)
[142.554s][info][gc,task     ] GC(86) Using 12 workers
[142.554s][info][gc,phases   ] GC(86) Pause Mark Start 0.019ms
[142.570s][info][gc,phases   ] GC(86) Concurrent Mark 15.135ms
[142.570s][info][gc,phases   ] GC(86) Pause Mark End 0.029ms
[142.570s][info][gc,phases   ] GC(86) Concurrent Mark Free 0.001ms
[142.571s][info][gc,phases   ] GC(86) Concurrent Process Non-Strong References 1.093ms
[142.571s][info][gc,phases   ] GC(86) Concurrent Reset Relocation Set 0.002ms
[142.578s][info][gc,phases   ] GC(86) Concurrent Select Relocation Set 6.625ms
[142.578s][info][gc,phases   ] GC(86) Pause Relocate Start 0.011ms
[142.581s][info][gc,phases   ] GC(86) Concurrent Relocate 3.171ms
[142.582s][info][gc,load     ] GC(86) Load: 0.00/0.00/0.00
[142.582s][info][gc,mmu      ] GC(86) MMU: 2ms/98.4%, 5ms/99.4%, 10ms/99.6%, 20ms/99.7%, 50ms/99.8%, 100ms/99.9%
[142.582s][info][gc,marking  ] GC(86) Mark: 8 stripe(s), 2 proactive flush(es), 1 terminate flush(es), 0 completion(s), 0 continuation(s) 
[142.582s][info][gc,marking  ] GC(86) Mark Stack Usage: 32M
[142.582s][info][gc,nmethod  ] GC(86) NMethods: 1981 registered, 377 unregistered
[142.582s][info][gc,metaspace] GC(86) Metaspace: 9M used, 10M committed, 1088M reserved
[142.582s][info][gc,ref      ] GC(86) Soft: 214 encountered, 0 discovered, 0 enqueued
[142.582s][info][gc,ref      ] GC(86) Weak: 805 encountered, 95 discovered, 0 enqueued
[142.582s][info][gc,ref      ] GC(86) Final: 0 encountered, 0 discovered, 0 enqueued
[142.582s][info][gc,ref      ] GC(86) Phantom: 27 encountered, 15 discovered, 0 enqueued
[142.582s][info][gc,reloc    ] GC(86) Small Pages: 262 / 524M, Empty: 308M, Relocated: 4M, In-Place: 0
[142.582s][info][gc,reloc    ] GC(86) Medium Pages: 0 / 0M, Empty: 0M, Relocated: 0M, In-Place: 0
[142.582s][info][gc,reloc    ] GC(86) Large Pages: 0 / 0M, Empty: 0M, Relocated: 0M, In-Place: 0
[142.582s][info][gc,reloc    ] GC(86) Forwarding Usage: 1M
[142.582s][info][gc,heap     ] GC(86) Min Capacity: 8M(0%)
[142.582s][info][gc,heap     ] GC(86) Max Capacity: 4096M(100%)
[142.582s][info][gc,heap     ] GC(86) Soft Max Capacity: 4096M(100%)
[142.582s][info][gc,heap     ] GC(86)                Mark Start          Mark End        Relocate Start      Relocate End           High               Low         
[142.582s][info][gc,heap     ] GC(86)  Capacity:     2048M (50%)        2048M (50%)        2048M (50%)        2048M (50%)        2048M (50%)        2048M (50%)    
[142.582s][info][gc,heap     ] GC(86)      Free:     3572M (87%)        3552M (87%)        3858M (94%)        4048M (99%)        4048M (99%)        3552M (87%)    
[142.582s][info][gc,heap     ] GC(86)      Used:      524M (13%)         544M (13%)         238M (6%)           48M (1%)          544M (13%)          48M (1%)     
[142.582s][info][gc,heap     ] GC(86)      Live:         -                 6M (0%)            6M (0%)            6M (0%)             -                  -          
[142.582s][info][gc,heap     ] GC(86) Allocated:         -                20M (0%)           22M (1%)           21M (1%)             -                  -          
[142.582s][info][gc,heap     ] GC(86)   Garbage:         -               517M (13%)         209M (5%)           19M (0%)             -                  -          
[142.582s][info][gc,heap     ] GC(86) Reclaimed:         -                  -               308M (8%)          497M (12%)            -                  -          
[142.582s][info][gc          ] GC(86) Garbage Collection (Proactive) 524M(13%)->48M(1%)
[144.163s][info][gc,start    ] GC(87) Garbage Collection (Proactive)
[144.163s][info][gc,task     ] GC(87) Using 12 workers
[144.163s][info][gc,phases   ] GC(87) Pause Mark Start 0.017ms
[144.179s][info][gc,phases   ] GC(87) Concurrent Mark 15.145ms
[144.179s][info][gc,phases   ] GC(87) Pause Mark End 0.025ms
[144.179s][info][gc,phases   ] GC(87) Concurrent Mark Free 0.001ms
[144.180s][info][gc,phases   ] GC(87) Concurrent Process Non-Strong References 1.039ms
[144.180s][info][gc,phases   ] GC(87) Concurrent Reset Relocation Set 0.015ms
[144.187s][info][gc,phases   ] GC(87) Concurrent Select Relocation Set 6.736ms
[144.187s][info][gc,phases   ] GC(87) Pause Relocate Start 0.009ms
[144.190s][info][gc,phases   ] GC(87) Concurrent Relocate 2.828ms
[144.190s][info][gc,load     ] GC(87) Load: 0.00/0.00/0.00
[144.190s][info][gc,mmu      ] GC(87) MMU: 2ms/98.4%, 5ms/99.4%, 10ms/99.6%, 20ms/99.7%, 50ms/99.8%, 100ms/99.9%
[144.190s][info][gc,marking  ] GC(87) Mark: 8 stripe(s), 2 proactive flush(es), 1 terminate flush(es), 0 completion(s), 0 continuation(s) 
[144.190s][info][gc,marking  ] GC(87) Mark Stack Usage: 32M
[144.190s][info][gc,nmethod  ] GC(87) NMethods: 1981 registered, 377 unregistered
[144.190s][info][gc,metaspace] GC(87) Metaspace: 9M used, 10M committed, 1088M reserved
[144.190s][info][gc,ref      ] GC(87) Soft: 214 encountered, 0 discovered, 0 enqueued
[144.190s][info][gc,ref      ] GC(87) Weak: 805 encountered, 110 discovered, 0 enqueued
[144.190s][info][gc,ref      ] GC(87) Final: 0 encountered, 0 discovered, 0 enqueued
[144.190s][info][gc,ref      ] GC(87) Phantom: 27 encountered, 14 discovered, 0 enqueued
[144.190s][info][gc,reloc    ] GC(87) Small Pages: 268 / 536M, Empty: 458M, Relocated: 4M, In-Place: 0
[144.190s][info][gc,reloc    ] GC(87) Medium Pages: 0 / 0M, Empty: 0M, Relocated: 0M, In-Place: 0
[144.190s][info][gc,reloc    ] GC(87) Large Pages: 0 / 0M, Empty: 0M, Relocated: 0M, In-Place: 0
[144.190s][info][gc,reloc    ] GC(87) Forwarding Usage: 1M
[144.191s][info][gc,heap     ] GC(87) Min Capacity: 8M(0%)
[144.191s][info][gc,heap     ] GC(87) Max Capacity: 4096M(100%)
[144.191s][info][gc,heap     ] GC(87) Soft Max Capacity: 4096M(100%)
[144.191s][info][gc,heap     ] GC(87)                Mark Start          Mark End        Relocate Start      Relocate End           High               Low         
[144.191s][info][gc,heap     ] GC(87)  Capacity:     2048M (50%)        2048M (50%)        2048M (50%)        2048M (50%)        2048M (50%)        2048M (50%)    
[144.191s][info][gc,heap     ] GC(87)      Free:     3560M (87%)        3540M (86%)        3994M (98%)        4046M (99%)        4046M (99%)        3540M (86%)    
[144.191s][info][gc,heap     ] GC(87)      Used:      536M (13%)         556M (14%)         102M (2%)           50M (1%)          556M (14%)          50M (1%)     
[144.191s][info][gc,heap     ] GC(87)      Live:         -                 6M (0%)            6M (0%)            6M (0%)             -                  -          
[144.191s][info][gc,heap     ] GC(87) Allocated:         -                20M (0%)           24M (1%)           23M (1%)             -                  -          
[144.191s][info][gc,heap     ] GC(87)   Garbage:         -               529M (13%)          71M (2%)           19M (0%)             -                  -          
[144.191s][info][gc,heap     ] GC(87) Reclaimed:         -                  -               458M (11%)         509M (12%)            -                  -          
[144.191s][info][gc          ] GC(87) Garbage Collection (Proactive) 536M(13%)->50M(1%)
[145.756s][info][gc,start    ] GC(88) Garbage Collection (Proactive)
[145.757s][info][gc,task     ] GC(88) Using 12 workers
[145.757s][info][gc,phases   ] GC(88) Pause Mark Start 0.019ms
[145.772s][info][gc,phases   ] GC(88) Concurrent Mark 15.146ms
[145.772s][info][gc,phases   ] GC(88) Pause Mark End 0.025ms
[145.772s][info][gc,phases   ] GC(88) Concurrent Mark Free 0.001ms
[145.773s][info][gc,phases   ] GC(88) Concurrent Process Non-Strong References 1.053ms
[145.774s][info][gc,phases   ] GC(88) Concurrent Reset Relocation Set 0.006ms
[145.777s][info][gc,phases   ] GC(88) Concurrent Select Relocation Set 3.828ms
[145.778s][info][gc,phases   ] GC(88) Pause Relocate Start 0.009ms
[145.782s][info][gc,phases   ] GC(88) Concurrent Relocate 3.812ms
[145.782s][info][gc,load     ] GC(88) Load: 0.00/0.00/0.00
[145.782s][info][gc,mmu      ] GC(88) MMU: 2ms/98.4%, 5ms/99.4%, 10ms/99.6%, 20ms/99.7%, 50ms/99.8%, 100ms/99.9%
[145.782s][info][gc,marking  ] GC(88) Mark: 8 stripe(s), 2 proactive flush(es), 1 terminate flush(es), 0 completion(s), 0 continuation(s) 
[145.782s][info][gc,marking  ] GC(88) Mark Stack Usage: 32M
[145.782s][info][gc,nmethod  ] GC(88) NMethods: 1981 registered, 377 unregistered
[145.782s][info][gc,metaspace] GC(88) Metaspace: 9M used, 10M committed, 1088M reserved
[145.782s][info][gc,ref      ] GC(88) Soft: 214 encountered, 0 discovered, 0 enqueued
[145.782s][info][gc,ref      ] GC(88) Weak: 805 encountered, 9 discovered, 0 enqueued
[145.782s][info][gc,ref      ] GC(88) Final: 0 encountered, 0 discovered, 0 enqueued
[145.782s][info][gc,ref      ] GC(88) Phantom: 27 encountered, 15 discovered, 0 enqueued
[145.782s][info][gc,reloc    ] GC(88) Small Pages: 270 / 540M, Empty: 418M, Relocated: 4M, In-Place: 0
[145.782s][info][gc,reloc    ] GC(88) Medium Pages: 0 / 0M, Empty: 0M, Relocated: 0M, In-Place: 0
[145.782s][info][gc,reloc    ] GC(88) Large Pages: 0 / 0M, Empty: 0M, Relocated: 0M, In-Place: 0
[145.782s][info][gc,reloc    ] GC(88) Forwarding Usage: 1M
[145.782s][info][gc,heap     ] GC(88) Min Capacity: 8M(0%)
[145.782s][info][gc,heap     ] GC(88) Max Capacity: 4096M(100%)
[145.782s][info][gc,heap     ] GC(88) Soft Max Capacity: 4096M(100%)
[145.782s][info][gc,heap     ] GC(88)                Mark Start          Mark End        Relocate Start      Relocate End           High               Low         
[145.782s][info][gc,heap     ] GC(88)  Capacity:     2048M (50%)        2048M (50%)        2048M (50%)        2048M (50%)        2048M (50%)        2048M (50%)    
[145.782s][info][gc,heap     ] GC(88)      Free:     3556M (87%)        3536M (86%)        3954M (97%)        4050M (99%)        4050M (99%)        3536M (86%)    
[145.782s][info][gc,heap     ] GC(88)      Used:      540M (13%)         560M (14%)         142M (3%)           46M (1%)          560M (14%)          46M (1%)     
[145.782s][info][gc,heap     ] GC(88)      Live:         -                 6M (0%)            6M (0%)            6M (0%)             -                  -          
[145.782s][info][gc,heap     ] GC(88) Allocated:         -                20M (0%)           20M (0%)           19M (0%)             -                  -          
[145.782s][info][gc,heap     ] GC(88)   Garbage:         -               533M (13%)         115M (3%)           19M (0%)             -                  -          
[145.782s][info][gc,heap     ] GC(88) Reclaimed:         -                  -               418M (10%)         513M (13%)            -                  -          
[145.782s][info][gc          ] GC(88) Garbage Collection (Proactive) 540M(13%)->46M(1%)
[147.350s][info][gc,start    ] GC(89) Garbage Collection (Proactive)
[147.350s][info][gc,task     ] GC(89) Using 12 workers
[147.350s][info][gc,phases   ] GC(89) Pause Mark Start 0.018ms
[147.365s][info][gc,phases   ] GC(89) Concurrent Mark 15.131ms
[147.366s][info][gc,phases   ] GC(89) Pause Mark End 0.025ms
[147.366s][info][gc,phases   ] GC(89) Concurrent Mark Free 0.002ms
[147.367s][info][gc,phases   ] GC(89) Concurrent Process Non-Strong References 1.031ms
[147.367s][info][gc,phases   ] GC(89) Concurrent Reset Relocation Set 0.010ms
[147.371s][info][gc,phases   ] GC(89) Concurrent Select Relocation Set 3.802ms
[147.371s][info][gc,phases   ] GC(89) Pause Relocate Start 0.010ms
[147.375s][info][gc,phases   ] GC(89) Concurrent Relocate 3.511ms
[147.375s][info][gc,load     ] GC(89) Load: 0.00/0.00/0.00
[147.375s][info][gc,mmu      ] GC(89) MMU: 2ms/98.4%, 5ms/99.4%, 10ms/99.6%, 20ms/99.7%, 50ms/99.8%, 100ms/99.9%
[147.375s][info][gc,marking  ] GC(89) Mark: 8 stripe(s), 2 proactive flush(es), 1 terminate flush(es), 0 completion(s), 0 continuation(s) 
[147.375s][info][gc,marking  ] GC(89) Mark Stack Usage: 32M
[147.375s][info][gc,nmethod  ] GC(89) NMethods: 1981 registered, 377 unregistered
[147.375s][info][gc,metaspace] GC(89) Metaspace: 9M used, 10M committed, 1088M reserved
[147.375s][info][gc,ref      ] GC(89) Soft: 214 encountered, 0 discovered, 0 enqueued
[147.375s][info][gc,ref      ] GC(89) Weak: 805 encountered, 83 discovered, 0 enqueued
[147.375s][info][gc,ref      ] GC(89) Final: 0 encountered, 0 discovered, 0 enqueued
[147.375s][info][gc,ref      ] GC(89) Phantom: 27 encountered, 22 discovered, 0 enqueued
[147.375s][info][gc,reloc    ] GC(89) Small Pages: 264 / 528M, Empty: 400M, Relocated: 4M, In-Place: 0
[147.375s][info][gc,reloc    ] GC(89) Medium Pages: 0 / 0M, Empty: 0M, Relocated: 0M, In-Place: 0
[147.375s][info][gc,reloc    ] GC(89) Large Pages: 0 / 0M, Empty: 0M, Relocated: 0M, In-Place: 0
[147.375s][info][gc,reloc    ] GC(89) Forwarding Usage: 1M
[147.375s][info][gc,heap     ] GC(89) Min Capacity: 8M(0%)
[147.375s][info][gc,heap     ] GC(89) Max Capacity: 4096M(100%)
[147.375s][info][gc,heap     ] GC(89) Soft Max Capacity: 4096M(100%)
[147.375s][info][gc,heap     ] GC(89)                Mark Start          Mark End        Relocate Start      Relocate End           High               Low         
[147.375s][info][gc,heap     ] GC(89)  Capacity:     2048M (50%)        2048M (50%)        2048M (50%)        2048M (50%)        2048M (50%)        2048M (50%)    
[147.375s][info][gc,heap     ] GC(89)      Free:     3568M (87%)        3556M (87%)        3954M (97%)        4054M (99%)        4054M (99%)        3556M (87%)    
[147.375s][info][gc,heap     ] GC(89)      Used:      528M (13%)         540M (13%)         142M (3%)           42M (1%)          540M (13%)          42M (1%)     
[147.375s][info][gc,heap     ] GC(89)      Live:         -                 6M (0%)            6M (0%)            6M (0%)             -                  -          
[147.375s][info][gc,heap     ] GC(89) Allocated:         -                12M (0%)           14M (0%)           15M (0%)             -                  -          
[147.375s][info][gc,heap     ] GC(89)   Garbage:         -               521M (13%)         121M (3%)           19M (0%)             -                  -          
[147.375s][info][gc,heap     ] GC(89) Reclaimed:         -                  -               400M (10%)         501M (12%)            -                  -          
[147.375s][info][gc          ] GC(89) Garbage Collection (Proactive) 528M(13%)->42M(1%)
[147.996s][info][gc,start    ] GC(90) Garbage Collection (System.gc())
[147.997s][info][gc,task     ] GC(90) Using 12 workers
[147.997s][info][gc,phases   ] GC(90) Pause Mark Start 0.018ms
[148.006s][info][gc,phases   ] GC(90) Concurrent Mark 9.041ms
[148.006s][info][gc,phases   ] GC(90) Pause Mark End 0.022ms
[148.006s][info][gc,phases   ] GC(90) Concurrent Mark Free 0.001ms
[148.007s][info][gc,phases   ] GC(90) Concurrent Process Non-Strong References 0.991ms
[148.007s][info][gc,phases   ] GC(90) Concurrent Reset Relocation Set 0.009ms
[148.011s][info][gc,phases   ] GC(90) Concurrent Select Relocation Set 3.629ms
[148.011s][info][gc,phases   ] GC(90) Pause Relocate Start 0.007ms
[148.015s][info][gc,phases   ] GC(90) Concurrent Relocate 3.443ms
[148.015s][info][gc,load     ] GC(90) Load: 0.00/0.00/0.00
[148.015s][info][gc,mmu      ] GC(90) MMU: 2ms/98.4%, 5ms/99.4%, 10ms/99.6%, 20ms/99.7%, 50ms/99.8%, 100ms/99.9%
[148.015s][info][gc,marking  ] GC(90) Mark: 8 stripe(s), 2 proactive flush(es), 1 terminate flush(es), 0 completion(s), 0 continuation(s) 
[148.015s][info][gc,marking  ] GC(90) Mark Stack Usage: 32M
[148.015s][info][gc,nmethod  ] GC(90) NMethods: 1981 registered, 378 unregistered
[148.015s][info][gc,metaspace] GC(90) Metaspace: 9M used, 10M committed, 1088M reserved
[148.015s][info][gc,ref      ] GC(90) Soft: 214 encountered, 0 discovered, 0 enqueued
[148.015s][info][gc,ref      ] GC(90) Weak: 805 encountered, 25 discovered, 0 enqueued
[148.015s][info][gc,ref      ] GC(90) Final: 0 encountered, 0 discovered, 0 enqueued
[148.015s][info][gc,ref      ] GC(90) Phantom: 27 encountered, 20 discovered, 0 enqueued
[148.015s][info][gc,reloc    ] GC(90) Small Pages: 121 / 242M, Empty: 216M, Relocated: 4M, In-Place: 0
[148.015s][info][gc,reloc    ] GC(90) Medium Pages: 0 / 0M, Empty: 0M, Relocated: 0M, In-Place: 0
[148.015s][info][gc,reloc    ] GC(90) Large Pages: 0 / 0M, Empty: 0M, Relocated: 0M, In-Place: 0
[148.015s][info][gc,reloc    ] GC(90) Forwarding Usage: 1M
[148.015s][info][gc,heap     ] GC(90) Min Capacity: 8M(0%)
[148.015s][info][gc,heap     ] GC(90) Max Capacity: 4096M(100%)
[148.015s][info][gc,heap     ] GC(90) Soft Max Capacity: 4096M(100%)
[148.015s][info][gc,heap     ] GC(90)                Mark Start          Mark End        Relocate Start      Relocate End           High               Low         
[148.015s][info][gc,heap     ] GC(90)  Capacity:     2048M (50%)        2048M (50%)        2048M (50%)        2048M (50%)        2048M (50%)        2048M (50%)    
[148.015s][info][gc,heap     ] GC(90)      Free:     3854M (94%)        3854M (94%)        4070M (99%)        4072M (99%)        4072M (99%)        3854M (94%)    
[148.015s][info][gc,heap     ] GC(90)      Used:      242M (6%)          242M (6%)           26M (1%)           24M (1%)          242M (6%)           24M (1%)     
[148.015s][info][gc,heap     ] GC(90)      Live:         -                 4M (0%)            4M (0%)            4M (0%)             -                  -          
[148.015s][info][gc,heap     ] GC(90) Allocated:         -                 0M (0%)            0M (0%)            0M (0%)             -                  -          
[148.015s][info][gc,heap     ] GC(90)   Garbage:         -               237M (6%)           21M (1%)           19M (0%)             -                  -          
[148.015s][info][gc,heap     ] GC(90) Reclaimed:         -                  -               216M (5%)          218M (5%)             -                  -          
[148.015s][info][gc          ] GC(90) Garbage Collection (System.gc()) 242M(6%)->24M(1%)
[149.552s][info][gc,start    ] GC(91) Garbage Collection (Proactive)
[149.552s][info][gc,task     ] GC(91) Using 12 workers
[149.553s][info][gc,phases   ] GC(91) Pause Mark Start 0.019ms
[149.568s][info][gc,phases   ] GC(91) Concurrent Mark 15.155ms
[149.568s][info][gc,phases   ] GC(91) Pause Mark End 0.024ms
[149.568s][info][gc,phases   ] GC(91) Concurrent Mark Free 0.001ms
[149.570s][info][gc,phases   ] GC(91) Concurrent Process Non-Strong References 1.123ms
[149.570s][info][gc,phases   ] GC(91) Concurrent Reset Relocation Set 0.002ms
[149.576s][info][gc,phases   ] GC(91) Concurrent Select Relocation Set 6.897ms
[149.577s][info][gc,phases   ] GC(91) Pause Relocate Start 0.012ms
[149.580s][info][gc,phases   ] GC(91) Concurrent Relocate 3.300ms
[149.580s][info][gc,load     ] GC(91) Load: 0.00/0.00/0.00
[149.580s][info][gc,mmu      ] GC(91) MMU: 2ms/98.4%, 5ms/99.4%, 10ms/99.6%, 20ms/99.7%, 50ms/99.8%, 100ms/99.9%
[149.580s][info][gc,marking  ] GC(91) Mark: 8 stripe(s), 2 proactive flush(es), 1 terminate flush(es), 0 completion(s), 0 continuation(s) 
[149.580s][info][gc,marking  ] GC(91) Mark Stack Usage: 32M
[149.580s][info][gc,nmethod  ] GC(91) NMethods: 1983 registered, 378 unregistered
[149.580s][info][gc,metaspace] GC(91) Metaspace: 9M used, 10M committed, 1088M reserved
[149.580s][info][gc,ref      ] GC(91) Soft: 214 encountered, 0 discovered, 0 enqueued
[149.580s][info][gc,ref      ] GC(91) Weak: 805 encountered, 44 discovered, 0 enqueued
[149.580s][info][gc,ref      ] GC(91) Final: 0 encountered, 0 discovered, 0 enqueued
[149.580s][info][gc,ref      ] GC(91) Phantom: 27 encountered, 22 discovered, 0 enqueued
[149.580s][info][gc,reloc    ] GC(91) Small Pages: 256 / 512M, Empty: 260M, Relocated: 4M, In-Place: 0
[149.581s][info][gc,reloc    ] GC(91) Medium Pages: 0 / 0M, Empty: 0M, Relocated: 0M, In-Place: 0
[149.581s][info][gc,reloc    ] GC(91) Large Pages: 0 / 0M, Empty: 0M, Relocated: 0M, In-Place: 0
[149.581s][info][gc,reloc    ] GC(91) Forwarding Usage: 1M
[149.581s][info][gc,heap     ] GC(91) Min Capacity: 8M(0%)
[149.581s][info][gc,heap     ] GC(91) Max Capacity: 4096M(100%)
[149.581s][info][gc,heap     ] GC(91) Soft Max Capacity: 4096M(100%)
[149.581s][info][gc,heap     ] GC(91)                Mark Start          Mark End        Relocate Start      Relocate End           High               Low         
[149.581s][info][gc,heap     ] GC(91)  Capacity:     2048M (50%)        2048M (50%)        2048M (50%)        2048M (50%)        2048M (50%)        2048M (50%)    
[149.581s][info][gc,heap     ] GC(91)      Free:     3584M (88%)        3564M (87%)        3824M (93%)        4046M (99%)        4046M (99%)        3564M (87%)    
[149.581s][info][gc,heap     ] GC(91)      Used:      512M (13%)         532M (13%)         272M (7%)           50M (1%)          532M (13%)          50M (1%)     
[149.581s][info][gc,heap     ] GC(91)      Live:         -                 6M (0%)            6M (0%)            6M (0%)             -                  -          
[149.581s][info][gc,heap     ] GC(91) Allocated:         -                20M (0%)           20M (0%)           23M (1%)             -                  -          
[149.581s][info][gc,heap     ] GC(91)   Garbage:         -               505M (12%)         245M (6%)           19M (0%)             -                  -          
[149.581s][info][gc,heap     ] GC(91) Reclaimed:         -                  -               260M (6%)          485M (12%)            -                  -          
[149.581s][info][gc          ] GC(91) Garbage Collection (Proactive) 512M(13%)->50M(1%)
[150.162s][info][gc,stats    ] === Garbage Collection Statistics =======================================================================================================================
[150.162s][info][gc,stats    ]                                                              Last 10s              Last 10m              Last 10h                Total
[150.162s][info][gc,stats    ]                                                              Avg / Max             Avg / Max             Avg / Max             Avg / Max
[150.162s][info][gc,stats    ]   Collector: Garbage Collection Cycle                     25.128 / 27.821       26.528 / 45.983       26.528 / 45.983       26.528 / 45.983      ms
[150.162s][info][gc,stats    ]  Contention: Mark Segment Reset Contention                     1 / 4                 1 / 12                1 / 12                1 / 12          ops/s
[150.162s][info][gc,stats    ]  Contention: Mark SeqNum Reset Contention                      0 / 3                 0 / 3                 0 / 3                 0 / 3           ops/s
[150.162s][info][gc,stats    ]    Critical: Allocation Stall                                  0 / 0                 0 / 0                 0 / 0                 0 / 0           ops/s
[150.162s][info][gc,stats    ]    Critical: Allocation Stall                              0.000 / 0.000         0.000 / 0.000         0.000 / 0.000         0.000 / 0.000       ms
[150.162s][info][gc,stats    ]    Critical: GC Locker Stall                                   0 / 0                 0 / 0                 0 / 0                 0 / 0           ops/s
[150.162s][info][gc,stats    ]    Critical: GC Locker Stall                               0.000 / 0.000         0.000 / 0.000         0.000 / 0.000         0.000 / 0.000       ms
[150.162s][info][gc,stats    ]    Critical: Relocation Stall                                  0 / 0                 0 / 0                 0 / 0                 0 / 0           ops/s
[150.162s][info][gc,stats    ]    Critical: Relocation Stall                              0.000 / 0.000         0.000 / 0.000         0.000 / 0.000         0.000 / 0.000       ms
[150.162s][info][gc,stats    ]      Memory: Allocation Rate                                 321 / 334             319 / 344             319 / 344             319 / 344         MB/s
[150.162s][info][gc,stats    ]      Memory: Defragment                                        0 / 0                 0 / 0                 0 / 0                 0 / 0           ops/s
[150.162s][info][gc,stats    ]      Memory: Out Of Memory                                     0 / 0                 0 / 0                 0 / 0                 0 / 0           ops/s
[150.162s][info][gc,stats    ]      Memory: Page Cache Flush                                  0 / 0                 0 / 0                 0 / 0                 0 / 0           MB/s
[150.162s][info][gc,stats    ]      Memory: Page Cache Hit L1                               170 / 191             162 / 195             162 / 195             162 / 195         ops/s
[150.162s][info][gc,stats    ]      Memory: Page Cache Hit L2                                 0 / 0                 0 / 0                 0 / 0                 0 / 0           ops/s
[150.162s][info][gc,stats    ]      Memory: Page Cache Hit L3                                 0 / 0                 4 / 137               4 / 137               4 / 137         ops/s
[150.162s][info][gc,stats    ]      Memory: Page Cache Miss                                   0 / 0                 0 / 1                 0 / 1                 0 / 1           ops/s
[150.162s][info][gc,stats    ]      Memory: Uncommit                                          0 / 0                 0 / 0                 0 / 0                 0 / 0           MB/s
[150.162s][info][gc,stats    ]      Memory: Undo Object Allocation Failed                     0 / 0                 0 / 0                 0 / 0                 0 / 0           ops/s
[150.162s][info][gc,stats    ]      Memory: Undo Object Allocation Succeeded                  0 / 4                 0 / 4                 0 / 4                 0 / 4           ops/s
[150.162s][info][gc,stats    ]      Memory: Undo Page Allocation                              0 / 0                 0 / 0                 0 / 0                 0 / 0           ops/s
[150.162s][info][gc,stats    ]       Phase: Concurrent Mark                              14.226 / 15.155       14.984 / 24.159       14.984 / 24.159       14.984 / 24.159      ms
[150.163s][info][gc,stats    ]       Phase: Concurrent Mark Continue                      0.000 / 0.000         0.000 / 0.000         0.000 / 0.000         0.000 / 0.000       ms
[150.163s][info][gc,stats    ]       Phase: Concurrent Mark Free                          0.001 / 0.002         0.001 / 0.002         0.001 / 0.002         0.001 / 0.002       ms
[150.163s][info][gc,stats    ]       Phase: Concurrent Process Non-Strong References      1.041 / 1.123         1.063 / 5.230         1.063 / 5.230         1.063 / 5.230       ms
[150.163s][info][gc,stats    ]       Phase: Concurrent Relocate                           3.363 / 3.812         3.408 / 5.038         3.408 / 5.038         3.408 / 5.038       ms
[150.163s][info][gc,stats    ]       Phase: Concurrent Reset Relocation Set               0.009 / 0.015         0.010 / 0.022         0.010 / 0.022         0.010 / 0.022       ms
[150.163s][info][gc,stats    ]       Phase: Concurrent Select Relocation Set              5.237 / 6.897         5.442 / 15.356        5.442 / 15.356        5.442 / 15.356      ms
[150.163s][info][gc,stats    ]       Phase: Pause Mark End                                0.025 / 0.029         0.025 / 0.032         0.025 / 0.032         0.025 / 0.032       ms
[150.163s][info][gc,stats    ]       Phase: Pause Mark Start                              0.019 / 0.019         0.018 / 0.021         0.018 / 0.021         0.018 / 0.021       ms
[150.163s][info][gc,stats    ]       Phase: Pause Relocate Start                          0.010 / 0.012         0.009 / 0.028         0.009 / 0.028         0.009 / 0.028       ms
[150.163s][info][gc,stats    ]    Subphase: Concurrent Classes Purge                      0.008 / 0.018         0.031 / 0.876         0.031 / 0.876         0.031 / 0.876       ms
[150.163s][info][gc,stats    ]    Subphase: Concurrent Classes Unlink                     0.707 / 0.767         0.721 / 4.065         0.721 / 4.065         0.721 / 4.065       ms
[150.163s][info][gc,stats    ]    Subphase: Concurrent Mark                              12.448 / 14.072       13.112 / 23.147       13.112 / 23.147       13.112 / 23.147      ms
[150.163s][info][gc,stats    ]    Subphase: Concurrent Mark Try Flush                     0.072 / 0.111         0.071 / 0.145         0.071 / 0.145         0.071 / 0.145       ms
[150.163s][info][gc,stats    ]    Subphase: Concurrent Mark Try Terminate                 7.941 / 11.038        8.136 / 16.572        8.136 / 16.572        8.136 / 16.572      ms
[150.163s][info][gc,stats    ]    Subphase: Concurrent References Enqueue                 0.000 / 0.001         0.001 / 0.004         0.001 / 0.004         0.001 / 0.004       ms
[150.163s][info][gc,stats    ]    Subphase: Concurrent References Process                 0.042 / 0.048         0.043 / 0.089         0.043 / 0.089         0.043 / 0.089       ms
[150.163s][info][gc,stats    ]    Subphase: Concurrent Roots ClassLoaderDataGraph         0.083 / 0.710         0.085 / 0.896         0.085 / 0.896         0.085 / 0.896       ms
[150.163s][info][gc,stats    ]    Subphase: Concurrent Roots CodeCache                    0.000 / 0.000         0.000 / 0.000         0.000 / 0.000         0.000 / 0.000       ms
[150.163s][info][gc,stats    ]    Subphase: Concurrent Roots JavaThreads                  0.542 / 1.024         0.509 / 1.189         0.509 / 1.189         0.509 / 1.189       ms
[150.163s][info][gc,stats    ]    Subphase: Concurrent Roots OopStorageSet                0.016 / 0.054         0.018 / 0.190         0.018 / 0.190         0.018 / 0.190       ms
[150.163s][info][gc,stats    ]    Subphase: Concurrent Weak Roots OopStorageSet           0.145 / 0.179         0.142 / 0.182         0.142 / 0.182         0.142 / 0.182       ms
[150.163s][info][gc,stats    ]    Subphase: Pause Mark Try Complete                       0.000 / 0.000         0.000 / 0.000         0.000 / 0.000         0.000 / 0.000       ms
[150.163s][info][gc,stats    ]      System: Java Threads                                     36 / 39               33 / 39               33 / 39               33 / 39          threads
[150.163s][info][gc,stats    ] =========================================================================================================================================================
[151.552s][info][gc,start    ] GC(92) Garbage Collection (Proactive)
[151.552s][info][gc,task     ] GC(92) Using 12 workers
[151.552s][info][gc,phases   ] GC(92) Pause Mark Start 0.019ms
[151.568s][info][gc,phases   ] GC(92) Concurrent Mark 15.188ms
[151.568s][info][gc,phases   ] GC(92) Pause Mark End 0.028ms
[151.568s][info][gc,phases   ] GC(92) Concurrent Mark Free 0.001ms
[151.569s][info][gc,phases   ] GC(92) Concurrent Process Non-Strong References 1.011ms
[151.569s][info][gc,phases   ] GC(92) Concurrent Reset Relocation Set 0.022ms
[151.573s][info][gc,phases   ] GC(92) Concurrent Select Relocation Set 3.769ms
[151.573s][info][gc,phases   ] GC(92) Pause Relocate Start 0.010ms
[151.576s][info][gc,phases   ] GC(92) Concurrent Relocate 3.183ms
[151.576s][info][gc,load     ] GC(92) Load: 0.00/0.00/0.00
[151.576s][info][gc,mmu      ] GC(92) MMU: 2ms/98.4%, 5ms/99.4%, 10ms/99.6%, 20ms/99.7%, 50ms/99.8%, 100ms/99.9%
[151.576s][info][gc,marking  ] GC(92) Mark: 8 stripe(s), 4 proactive flush(es), 1 terminate flush(es), 0 completion(s), 0 continuation(s) 
[151.576s][info][gc,marking  ] GC(92) Mark Stack Usage: 32M
[151.576s][info][gc,nmethod  ] GC(92) NMethods: 1983 registered, 378 unregistered
[151.577s][info][gc,metaspace] GC(92) Metaspace: 9M used, 10M committed, 1088M reserved
[151.577s][info][gc,ref      ] GC(92) Soft: 214 encountered, 0 discovered, 0 enqueued
[151.577s][info][gc,ref      ] GC(92) Weak: 805 encountered, 50 discovered, 0 enqueued
[151.577s][info][gc,ref      ] GC(92) Final: 0 encountered, 0 discovered, 0 enqueued
[151.577s][info][gc,ref      ] GC(92) Phantom: 27 encountered, 21 discovered, 0 enqueued
[151.577s][info][gc,reloc    ] GC(92) Small Pages: 331 / 662M, Empty: 530M, Relocated: 4M, In-Place: 0
[151.577s][info][gc,reloc    ] GC(92) Medium Pages: 0 / 0M, Empty: 0M, Relocated: 0M, In-Place: 0
[151.577s][info][gc,reloc    ] GC(92) Large Pages: 0 / 0M, Empty: 0M, Relocated: 0M, In-Place: 0
[151.577s][info][gc,reloc    ] GC(92) Forwarding Usage: 1M
[151.577s][info][gc,heap     ] GC(92) Min Capacity: 8M(0%)
[151.577s][info][gc,heap     ] GC(92) Max Capacity: 4096M(100%)
[151.577s][info][gc,heap     ] GC(92) Soft Max Capacity: 4096M(100%)
[151.577s][info][gc,heap     ] GC(92)                Mark Start          Mark End        Relocate Start      Relocate End           High               Low         
[151.577s][info][gc,heap     ] GC(92)  Capacity:     2048M (50%)        2048M (50%)        2048M (50%)        2048M (50%)        2048M (50%)        2048M (50%)    
[151.577s][info][gc,heap     ] GC(92)      Free:     3434M (84%)        3414M (83%)        3942M (96%)        4046M (99%)        4046M (99%)        3414M (83%)    
[151.577s][info][gc,heap     ] GC(92)      Used:      662M (16%)         682M (17%)         154M (4%)           50M (1%)          682M (17%)          50M (1%)     
[151.577s][info][gc,heap     ] GC(92)      Live:         -                 6M (0%)            6M (0%)            6M (0%)             -                  -          
[151.577s][info][gc,heap     ] GC(92) Allocated:         -                20M (0%)           22M (1%)           23M (1%)             -                  -          
[151.577s][info][gc,heap     ] GC(92)   Garbage:         -               655M (16%)         125M (3%)           19M (0%)             -                  -          
[151.577s][info][gc,heap     ] GC(92) Reclaimed:         -                  -               530M (13%)         635M (16%)            -                  -          
[151.577s][info][gc          ] GC(92) Garbage Collection (Proactive) 662M(16%)->50M(1%)
[153.261s][info][gc,start    ] GC(93) Garbage Collection (Proactive)
[153.261s][info][gc,task     ] GC(93) Using 12 workers
[153.261s][info][gc,phases   ] GC(93) Pause Mark Start 0.018ms
[153.277s][info][gc,phases   ] GC(93) Concurrent Mark 15.156ms
[153.277s][info][gc,phases   ] GC(93) Pause Mark End 0.024ms
[153.277s][info][gc,phases   ] GC(93) Concurrent Mark Free 0.001ms
[153.278s][info][gc,phases   ] GC(93) Concurrent Process Non-Strong References 1.059ms
[153.278s][info][gc,phases   ] GC(93) Concurrent Reset Relocation Set 0.010ms
[153.282s][info][gc,phases   ] GC(93) Concurrent Select Relocation Set 3.869ms
[153.282s][info][gc,phases   ] GC(93) Pause Relocate Start 0.011ms
[153.286s][info][gc,phases   ] GC(93) Concurrent Relocate 3.374ms
[153.286s][info][gc,load     ] GC(93) Load: 0.00/0.00/0.00
[153.286s][info][gc,mmu      ] GC(93) MMU: 2ms/98.4%, 5ms/99.4%, 10ms/99.6%, 20ms/99.7%, 50ms/99.8%, 100ms/99.9%
[153.286s][info][gc,marking  ] GC(93) Mark: 8 stripe(s), 2 proactive flush(es), 1 terminate flush(es), 0 completion(s), 0 continuation(s) 
[153.286s][info][gc,marking  ] GC(93) Mark Stack Usage: 32M
[153.286s][info][gc,nmethod  ] GC(93) NMethods: 1983 registered, 378 unregistered
[153.286s][info][gc,metaspace] GC(93) Metaspace: 9M used, 10M committed, 1088M reserved
[153.286s][info][gc,ref      ] GC(93) Soft: 214 encountered, 0 discovered, 0 enqueued
[153.286s][info][gc,ref      ] GC(93) Weak: 805 encountered, 12 discovered, 0 enqueued
[153.286s][info][gc,ref      ] GC(93) Final: 0 encountered, 0 discovered, 0 enqueued
[153.286s][info][gc,ref      ] GC(93) Phantom: 27 encountered, 14 discovered, 0 enqueued
[153.286s][info][gc,reloc    ] GC(93) Small Pages: 296 / 592M, Empty: 508M, Relocated: 4M, In-Place: 0
[153.286s][info][gc,reloc    ] GC(93) Medium Pages: 0 / 0M, Empty: 0M, Relocated: 0M, In-Place: 0
[153.286s][info][gc,reloc    ] GC(93) Large Pages: 0 / 0M, Empty: 0M, Relocated: 0M, In-Place: 0
[153.286s][info][gc,reloc    ] GC(93) Forwarding Usage: 1M
[153.286s][info][gc,heap     ] GC(93) Min Capacity: 8M(0%)
[153.286s][info][gc,heap     ] GC(93) Max Capacity: 4096M(100%)
[153.286s][info][gc,heap     ] GC(93) Soft Max Capacity: 4096M(100%)
[153.286s][info][gc,heap     ] GC(93)                Mark Start          Mark End        Relocate Start      Relocate End           High               Low         
[153.286s][info][gc,heap     ] GC(93)  Capacity:     2048M (50%)        2048M (50%)        2048M (50%)        2048M (50%)        2048M (50%)        2048M (50%)    
[153.286s][info][gc,heap     ] GC(93)      Free:     3504M (86%)        3486M (85%)        3992M (97%)        4046M (99%)        4046M (99%)        3486M (85%)    
[153.286s][info][gc,heap     ] GC(93)      Used:      592M (14%)         610M (15%)         104M (3%)           50M (1%)          610M (15%)          50M (1%)     
[153.286s][info][gc,heap     ] GC(93)      Live:         -                 6M (0%)            6M (0%)            6M (0%)             -                  -          
[153.286s][info][gc,heap     ] GC(93) Allocated:         -                18M (0%)           20M (0%)           23M (1%)             -                  -          
[153.287s][info][gc,heap     ] GC(93)   Garbage:         -               585M (14%)          77M (2%)           19M (0%)             -                  -          
[153.287s][info][gc,heap     ] GC(93) Reclaimed:         -                  -               508M (12%)         565M (14%)            -                  -          
[153.287s][info][gc          ] GC(93) Garbage Collection (Proactive) 592M(14%)->50M(1%)
[154.761s][info][gc,start    ] GC(94) Garbage Collection (Proactive)
[154.761s][info][gc,task     ] GC(94) Using 12 workers
[154.761s][info][gc,phases   ] GC(94) Pause Mark Start 0.020ms
[154.776s][info][gc,phases   ] GC(94) Concurrent Mark 15.130ms
[154.776s][info][gc,phases   ] GC(94) Pause Mark End 0.025ms
[154.777s][info][gc,phases   ] GC(94) Concurrent Mark Free 0.001ms
[154.778s][info][gc,phases   ] GC(94) Concurrent Process Non-Strong References 1.057ms
[154.778s][info][gc,phases   ] GC(94) Concurrent Reset Relocation Set 0.007ms
[154.782s][info][gc,phases   ] GC(94) Concurrent Select Relocation Set 3.772ms
[154.782s][info][gc,phases   ] GC(94) Pause Relocate Start 0.010ms
[154.785s][info][gc,phases   ] GC(94) Concurrent Relocate 3.380ms
[154.785s][info][gc,load     ] GC(94) Load: 0.00/0.00/0.00
[154.785s][info][gc,mmu      ] GC(94) MMU: 2ms/98.4%, 5ms/99.4%, 10ms/99.6%, 20ms/99.7%, 50ms/99.8%, 100ms/99.9%
[154.785s][info][gc,marking  ] GC(94) Mark: 8 stripe(s), 4 proactive flush(es), 1 terminate flush(es), 0 completion(s), 0 continuation(s) 
[154.785s][info][gc,marking  ] GC(94) Mark Stack Usage: 32M
[154.785s][info][gc,nmethod  ] GC(94) NMethods: 1983 registered, 378 unregistered
[154.785s][info][gc,metaspace] GC(94) Metaspace: 9M used, 10M committed, 1088M reserved
[154.785s][info][gc,ref      ] GC(94) Soft: 214 encountered, 0 discovered, 0 enqueued
[154.785s][info][gc,ref      ] GC(94) Weak: 805 encountered, 16 discovered, 0 enqueued
[154.785s][info][gc,ref      ] GC(94) Final: 0 encountered, 0 discovered, 0 enqueued
[154.785s][info][gc,ref      ] GC(94) Phantom: 27 encountered, 20 discovered, 0 enqueued
[154.786s][info][gc,reloc    ] GC(94) Small Pages: 254 / 508M, Empty: 430M, Relocated: 4M, In-Place: 0
[154.786s][info][gc,reloc    ] GC(94) Medium Pages: 0 / 0M, Empty: 0M, Relocated: 0M, In-Place: 0
[154.786s][info][gc,reloc    ] GC(94) Large Pages: 0 / 0M, Empty: 0M, Relocated: 0M, In-Place: 0
[154.786s][info][gc,reloc    ] GC(94) Forwarding Usage: 1M
[154.786s][info][gc,heap     ] GC(94) Min Capacity: 8M(0%)
[154.786s][info][gc,heap     ] GC(94) Max Capacity: 4096M(100%)
[154.786s][info][gc,heap     ] GC(94) Soft Max Capacity: 4096M(100%)
[154.786s][info][gc,heap     ] GC(94)                Mark Start          Mark End        Relocate Start      Relocate End           High               Low         
[154.786s][info][gc,heap     ] GC(94)  Capacity:     2048M (50%)        2048M (50%)        2048M (50%)        2048M (50%)        2048M (50%)        2048M (50%)    
[154.786s][info][gc,heap     ] GC(94)      Free:     3588M (88%)        3568M (87%)        3994M (98%)        4044M (99%)        4044M (99%)        3568M (87%)    
[154.786s][info][gc,heap     ] GC(94)      Used:      508M (12%)         528M (13%)         102M (2%)           52M (1%)          528M (13%)          52M (1%)     
[154.786s][info][gc,heap     ] GC(94)      Live:         -                 6M (0%)            6M (0%)            6M (0%)             -                  -          
[154.786s][info][gc,heap     ] GC(94) Allocated:         -                20M (0%)           24M (1%)           25M (1%)             -                  -          
[154.786s][info][gc,heap     ] GC(94)   Garbage:         -               501M (12%)          71M (2%)           19M (0%)             -                  -          
[154.786s][info][gc,heap     ] GC(94) Reclaimed:         -                  -               430M (10%)         481M (12%)            -                  -          
[154.786s][info][gc          ] GC(94) Garbage Collection (Proactive) 508M(12%)->52M(1%)
[155.007s][info][gc,start    ] GC(95) Garbage Collection (System.gc())
[155.007s][info][gc,task     ] GC(95) Using 12 workers
[155.007s][info][gc,phases   ] GC(95) Pause Mark Start 0.017ms
[155.026s][info][gc,phases   ] GC(95) Concurrent Mark 19.243ms
[155.026s][info][gc,phases   ] GC(95) Pause Mark End 0.024ms
[155.026s][info][gc,phases   ] GC(95) Concurrent Mark Free 0.001ms
[155.027s][info][gc,phases   ] GC(95) Concurrent Process Non-Strong References 0.945ms
[155.027s][info][gc,phases   ] GC(95) Concurrent Reset Relocation Set 0.008ms
[155.031s][info][gc,phases   ] GC(95) Concurrent Select Relocation Set 3.713ms
[155.031s][info][gc,phases   ] GC(95) Pause Relocate Start 0.007ms
[155.035s][info][gc,phases   ] GC(95) Concurrent Relocate 3.436ms
[155.035s][info][gc,load     ] GC(95) Load: 0.00/0.00/0.00
[155.035s][info][gc,mmu      ] GC(95) MMU: 2ms/98.4%, 5ms/99.4%, 10ms/99.6%, 20ms/99.7%, 50ms/99.8%, 100ms/99.9%
[155.035s][info][gc,marking  ] GC(95) Mark: 8 stripe(s), 1 proactive flush(es), 1 terminate flush(es), 0 completion(s), 0 continuation(s) 
[155.035s][info][gc,marking  ] GC(95) Mark Stack Usage: 32M
[155.035s][info][gc,nmethod  ] GC(95) NMethods: 1984 registered, 378 unregistered
[155.035s][info][gc,metaspace] GC(95) Metaspace: 9M used, 10M committed, 1088M reserved
[155.035s][info][gc,ref      ] GC(95) Soft: 214 encountered, 0 discovered, 0 enqueued
[155.035s][info][gc,ref      ] GC(95) Weak: 805 encountered, 11 discovered, 0 enqueued
[155.035s][info][gc,ref      ] GC(95) Final: 0 encountered, 0 discovered, 0 enqueued
[155.035s][info][gc,ref      ] GC(95) Phantom: 27 encountered, 19 discovered, 0 enqueued
[155.035s][info][gc,reloc    ] GC(95) Small Pages: 58 / 116M, Empty: 86M, Relocated: 4M, In-Place: 0
[155.035s][info][gc,reloc    ] GC(95) Medium Pages: 0 / 0M, Empty: 0M, Relocated: 0M, In-Place: 0
[155.035s][info][gc,reloc    ] GC(95) Large Pages: 0 / 0M, Empty: 0M, Relocated: 0M, In-Place: 0
[155.035s][info][gc,reloc    ] GC(95) Forwarding Usage: 1M
[155.035s][info][gc,heap     ] GC(95) Min Capacity: 8M(0%)
[155.035s][info][gc,heap     ] GC(95) Max Capacity: 4096M(100%)
[155.035s][info][gc,heap     ] GC(95) Soft Max Capacity: 4096M(100%)
[155.035s][info][gc,heap     ] GC(95)                Mark Start          Mark End        Relocate Start      Relocate End           High               Low         
[155.035s][info][gc,heap     ] GC(95)  Capacity:     2048M (50%)        2048M (50%)        2048M (50%)        2048M (50%)        2048M (50%)        2048M (50%)    
[155.035s][info][gc,heap     ] GC(95)      Free:     3980M (97%)        3980M (97%)        4066M (99%)        4072M (99%)        4072M (99%)        3980M (97%)    
[155.036s][info][gc,heap     ] GC(95)      Used:      116M (3%)          116M (3%)           30M (1%)           24M (1%)          116M (3%)           24M (1%)     
[155.036s][info][gc,heap     ] GC(95)      Live:         -                 4M (0%)            4M (0%)            4M (0%)             -                  -          
[155.036s][info][gc,heap     ] GC(95) Allocated:         -                 0M (0%)            0M (0%)            0M (0%)             -                  -          
[155.036s][info][gc,heap     ] GC(95)   Garbage:         -               111M (3%)           25M (1%)           19M (0%)             -                  -          
[155.036s][info][gc,heap     ] GC(95) Reclaimed:         -                  -                86M (2%)           92M (2%)             -                  -          
[155.036s][info][gc          ] GC(95) Garbage Collection (System.gc()) 116M(3%)->24M(1%)
[156.752s][info][gc,start    ] GC(96) Garbage Collection (Proactive)
[156.752s][info][gc,task     ] GC(96) Using 12 workers
[156.752s][info][gc,phases   ] GC(96) Pause Mark Start 0.018ms
[156.768s][info][gc,phases   ] GC(96) Concurrent Mark 15.185ms
[156.768s][info][gc,phases   ] GC(96) Pause Mark End 0.027ms
[156.768s][info][gc,phases   ] GC(96) Concurrent Mark Free 0.001ms
[156.769s][info][gc,phases   ] GC(96) Concurrent Process Non-Strong References 1.066ms
[156.769s][info][gc,phases   ] GC(96) Concurrent Reset Relocation Set 0.003ms
[156.776s][info][gc,phases   ] GC(96) Concurrent Select Relocation Set 6.539ms
[156.776s][info][gc,phases   ] GC(96) Pause Relocate Start 0.010ms
[156.779s][info][gc,phases   ] GC(96) Concurrent Relocate 3.180ms
[156.779s][info][gc,load     ] GC(96) Load: 0.00/0.00/0.00
[156.779s][info][gc,mmu      ] GC(96) MMU: 2ms/98.4%, 5ms/99.4%, 10ms/99.6%, 20ms/99.7%, 50ms/99.8%, 100ms/99.9%
[156.779s][info][gc,marking  ] GC(96) Mark: 8 stripe(s), 3 proactive flush(es), 1 terminate flush(es), 0 completion(s), 0 continuation(s) 
[156.779s][info][gc,marking  ] GC(96) Mark Stack Usage: 32M
[156.779s][info][gc,nmethod  ] GC(96) NMethods: 1984 registered, 379 unregistered
[156.779s][info][gc,metaspace] GC(96) Metaspace: 9M used, 10M committed, 1088M reserved
[156.780s][info][gc,ref      ] GC(96) Soft: 214 encountered, 0 discovered, 0 enqueued
[156.780s][info][gc,ref      ] GC(96) Weak: 805 encountered, 18 discovered, 0 enqueued
[156.780s][info][gc,ref      ] GC(96) Final: 0 encountered, 0 discovered, 0 enqueued
[156.780s][info][gc,ref      ] GC(96) Phantom: 27 encountered, 16 discovered, 0 enqueued
[156.780s][info][gc,reloc    ] GC(96) Small Pages: 291 / 582M, Empty: 372M, Relocated: 4M, In-Place: 0
[156.780s][info][gc,reloc    ] GC(96) Medium Pages: 0 / 0M, Empty: 0M, Relocated: 0M, In-Place: 0
[156.780s][info][gc,reloc    ] GC(96) Large Pages: 0 / 0M, Empty: 0M, Relocated: 0M, In-Place: 0
[156.780s][info][gc,reloc    ] GC(96) Forwarding Usage: 1M
[156.780s][info][gc,heap     ] GC(96) Min Capacity: 8M(0%)
[156.780s][info][gc,heap     ] GC(96) Max Capacity: 4096M(100%)
[156.780s][info][gc,heap     ] GC(96) Soft Max Capacity: 4096M(100%)
[156.780s][info][gc,heap     ] GC(96)                Mark Start          Mark End        Relocate Start      Relocate End           High               Low         
[156.780s][info][gc,heap     ] GC(96)  Capacity:     2048M (50%)        2048M (50%)        2048M (50%)        2048M (50%)        2048M (50%)        2048M (50%)    
[156.780s][info][gc,heap     ] GC(96)      Free:     3514M (86%)        3494M (85%)        3864M (94%)        4048M (99%)        4048M (99%)        3494M (85%)    
[156.780s][info][gc,heap     ] GC(96)      Used:      582M (14%)         602M (15%)         232M (6%)           48M (1%)          602M (15%)          48M (1%)     
[156.780s][info][gc,heap     ] GC(96)      Live:         -                 6M (0%)            6M (0%)            6M (0%)             -                  -          
[156.780s][info][gc,heap     ] GC(96) Allocated:         -                20M (0%)           22M (1%)           21M (1%)             -                  -          
[156.780s][info][gc,heap     ] GC(96)   Garbage:         -               575M (14%)         203M (5%)           19M (0%)             -                  -          
[156.780s][info][gc,heap     ] GC(96) Reclaimed:         -                  -               372M (9%)          555M (14%)            -                  -          
[156.780s][info][gc          ] GC(96) Garbage Collection (Proactive) 582M(14%)->48M(1%)
[158.649s][info][gc,start    ] GC(97) Garbage Collection (Proactive)
[158.649s][info][gc,task     ] GC(97) Using 12 workers
[158.649s][info][gc,phases   ] GC(97) Pause Mark Start 0.018ms
[158.665s][info][gc,phases   ] GC(97) Concurrent Mark 15.150ms
[158.665s][info][gc,phases   ] GC(97) Pause Mark End 0.025ms
[158.665s][info][gc,phases   ] GC(97) Concurrent Mark Free 0.002ms
[158.666s][info][gc,phases   ] GC(97) Concurrent Process Non-Strong References 1.149ms
[158.666s][info][gc,phases   ] GC(97) Concurrent Reset Relocation Set 0.017ms
[158.673s][info][gc,phases   ] GC(97) Concurrent Select Relocation Set 6.874ms
[158.673s][info][gc,phases   ] GC(97) Pause Relocate Start 0.012ms
[158.677s][info][gc,phases   ] GC(97) Concurrent Relocate 3.214ms
[158.677s][info][gc,load     ] GC(97) Load: 0.00/0.00/0.00
[158.677s][info][gc,mmu      ] GC(97) MMU: 2ms/98.4%, 5ms/99.4%, 10ms/99.6%, 20ms/99.7%, 50ms/99.8%, 100ms/99.9%
[158.677s][info][gc,marking  ] GC(97) Mark: 8 stripe(s), 2 proactive flush(es), 1 terminate flush(es), 0 completion(s), 0 continuation(s) 
[158.677s][info][gc,marking  ] GC(97) Mark Stack Usage: 32M
[158.677s][info][gc,nmethod  ] GC(97) NMethods: 1984 registered, 379 unregistered
[158.677s][info][gc,metaspace] GC(97) Metaspace: 9M used, 10M committed, 1088M reserved
[158.677s][info][gc,ref      ] GC(97) Soft: 214 encountered, 0 discovered, 0 enqueued
[158.677s][info][gc,ref      ] GC(97) Weak: 805 encountered, 14 discovered, 0 enqueued
[158.677s][info][gc,ref      ] GC(97) Final: 0 encountered, 0 discovered, 0 enqueued
[158.677s][info][gc,ref      ] GC(97) Phantom: 27 encountered, 15 discovered, 0 enqueued
[158.677s][info][gc,reloc    ] GC(97) Small Pages: 308 / 616M, Empty: 514M, Relocated: 4M, In-Place: 0
[158.677s][info][gc,reloc    ] GC(97) Medium Pages: 0 / 0M, Empty: 0M, Relocated: 0M, In-Place: 0
[158.677s][info][gc,reloc    ] GC(97) Large Pages: 0 / 0M, Empty: 0M, Relocated: 0M, In-Place: 0
[158.677s][info][gc,reloc    ] GC(97) Forwarding Usage: 1M
[158.677s][info][gc,heap     ] GC(97) Min Capacity: 8M(0%)
[158.677s][info][gc,heap     ] GC(97) Max Capacity: 4096M(100%)
[158.677s][info][gc,heap     ] GC(97) Soft Max Capacity: 4096M(100%)
[158.677s][info][gc,heap     ] GC(97)                Mark Start          Mark End        Relocate Start      Relocate End           High               Low         
[158.677s][info][gc,heap     ] GC(97)  Capacity:     2048M (50%)        2048M (50%)        2048M (50%)        2048M (50%)        2048M (50%)        2048M (50%)    
[158.677s][info][gc,heap     ] GC(97)      Free:     3480M (85%)        3460M (84%)        3974M (97%)        4050M (99%)        4050M (99%)        3460M (84%)    
[158.677s][info][gc,heap     ] GC(97)      Used:      616M (15%)         636M (16%)         122M (3%)           46M (1%)          636M (16%)          46M (1%)     
[158.677s][info][gc,heap     ] GC(97)      Live:         -                 6M (0%)            6M (0%)            6M (0%)             -                  -          
[158.677s][info][gc,heap     ] GC(97) Allocated:         -                20M (0%)           20M (0%)           19M (0%)             -                  -          
[158.677s][info][gc,heap     ] GC(97)   Garbage:         -               609M (15%)          95M (2%)           19M (0%)             -                  -          
[158.677s][info][gc,heap     ] GC(97) Reclaimed:         -                  -               514M (13%)         589M (14%)            -                  -          
[158.677s][info][gc          ] GC(97) Garbage Collection (Proactive) 616M(15%)->46M(1%)
[160.156s][info][gc,stats    ] === Garbage Collection Statistics =======================================================================================================================
[160.156s][info][gc,stats    ]                                                              Last 10s              Last 10m              Last 10h                Total
[160.156s][info][gc,stats    ]                                                              Avg / Max             Avg / Max             Avg / Max             Avg / Max
[160.156s][info][gc,stats    ]   Collector: Garbage Collection Cycle                     26.222 / 28.388       26.509 / 45.983       26.509 / 45.983       26.509 / 45.983      ms
[160.156s][info][gc,stats    ]  Contention: Mark Segment Reset Contention                     1 / 5                 1 / 12                1 / 12                1 / 12          ops/s
[160.156s][info][gc,stats    ]  Contention: Mark SeqNum Reset Contention                      0 / 2                 0 / 3                 0 / 3                 0 / 3           ops/s
[160.156s][info][gc,stats    ]    Critical: Allocation Stall                                  0 / 0                 0 / 0                 0 / 0                 0 / 0           ops/s
[160.156s][info][gc,stats    ]    Critical: Allocation Stall                              0.000 / 0.000         0.000 / 0.000         0.000 / 0.000         0.000 / 0.000       ms
[160.156s][info][gc,stats    ]    Critical: GC Locker Stall                                   0 / 0                 0 / 0                 0 / 0                 0 / 0           ops/s
[160.156s][info][gc,stats    ]    Critical: GC Locker Stall                               0.000 / 0.000         0.000 / 0.000         0.000 / 0.000         0.000 / 0.000       ms
[160.156s][info][gc,stats    ]    Critical: Relocation Stall                                  0 / 0                 0 / 0                 0 / 0                 0 / 0           ops/s
[160.156s][info][gc,stats    ]    Critical: Relocation Stall                              0.000 / 0.000         0.000 / 0.000         0.000 / 0.000         0.000 / 0.000       ms
[160.156s][info][gc,stats    ]      Memory: Allocation Rate                                 319 / 332             319 / 344             319 / 344             319 / 344         MB/s
[160.156s][info][gc,stats    ]      Memory: Defragment                                        0 / 0                 0 / 0                 0 / 0                 0 / 0           ops/s
[160.156s][info][gc,stats    ]      Memory: Out Of Memory                                     0 / 0                 0 / 0                 0 / 0                 0 / 0           ops/s
[160.156s][info][gc,stats    ]      Memory: Page Cache Flush                                  0 / 0                 0 / 0                 0 / 0                 0 / 0           MB/s
[160.156s][info][gc,stats    ]      Memory: Page Cache Hit L1                               167 / 189             162 / 195             162 / 195             162 / 195         ops/s
[160.156s][info][gc,stats    ]      Memory: Page Cache Hit L2                                 0 / 0                 0 / 0                 0 / 0                 0 / 0           ops/s
[160.156s][info][gc,stats    ]      Memory: Page Cache Hit L3                                 0 / 0                 3 / 137               3 / 137               3 / 137         ops/s
[160.156s][info][gc,stats    ]      Memory: Page Cache Miss                                   0 / 0                 0 / 1                 0 / 1                 0 / 1           ops/s
[160.157s][info][gc,stats    ]      Memory: Uncommit                                          0 / 0                 0 / 0                 0 / 0                 0 / 0           MB/s
[160.157s][info][gc,stats    ]      Memory: Undo Object Allocation Failed                     0 / 0                 0 / 0                 0 / 0                 0 / 0           ops/s
[160.157s][info][gc,stats    ]      Memory: Undo Object Allocation Succeeded                  0 / 2                 0 / 4                 0 / 4                 0 / 4           ops/s
[160.157s][info][gc,stats    ]      Memory: Undo Page Allocation                              0 / 0                 0 / 0                 0 / 0                 0 / 0           ops/s
[160.157s][info][gc,stats    ]       Phase: Concurrent Mark                              15.842 / 19.243       15.037 / 24.159       15.037 / 24.159       15.037 / 24.159      ms
[160.157s][info][gc,stats    ]       Phase: Concurrent Mark Continue                      0.000 / 0.000         0.000 / 0.000         0.000 / 0.000         0.000 / 0.000       ms
[160.157s][info][gc,stats    ]       Phase: Concurrent Mark Free                          0.001 / 0.002         0.001 / 0.002         0.001 / 0.002         0.001 / 0.002       ms
[160.157s][info][gc,stats    ]       Phase: Concurrent Process Non-Strong References      1.048 / 1.149         1.062 / 5.230         1.062 / 5.230         1.062 / 5.230       ms
[160.157s][info][gc,stats    ]       Phase: Concurrent Relocate                           3.294 / 3.436         3.401 / 5.038         3.401 / 5.038         3.401 / 5.038       ms
[160.157s][info][gc,stats    ]       Phase: Concurrent Reset Relocation Set               0.011 / 0.022         0.010 / 0.022         0.010 / 0.022         0.010 / 0.022       ms
[160.157s][info][gc,stats    ]       Phase: Concurrent Select Relocation Set              4.756 / 6.874         5.400 / 15.356        5.400 / 15.356        5.400 / 15.356      ms
[160.157s][info][gc,stats    ]       Phase: Pause Mark End                                0.025 / 0.028         0.025 / 0.032         0.025 / 0.032         0.025 / 0.032       ms
[160.157s][info][gc,stats    ]       Phase: Pause Mark Start                              0.018 / 0.020         0.018 / 0.021         0.018 / 0.021         0.018 / 0.021       ms
[160.157s][info][gc,stats    ]       Phase: Pause Relocate Start                          0.010 / 0.012         0.009 / 0.028         0.009 / 0.028         0.009 / 0.028       ms
[160.157s][info][gc,stats    ]    Subphase: Concurrent Classes Purge                      0.007 / 0.019         0.030 / 0.876         0.030 / 0.876         0.030 / 0.876       ms
[160.157s][info][gc,stats    ]    Subphase: Concurrent Classes Unlink                     0.730 / 0.822         0.721 / 4.065         0.721 / 4.065         0.721 / 4.065       ms
[160.157s][info][gc,stats    ]    Subphase: Concurrent Mark                              13.942 / 18.207       13.163 / 23.147       13.163 / 23.147       13.163 / 23.147      ms
[160.157s][info][gc,stats    ]    Subphase: Concurrent Mark Try Flush                     0.078 / 0.111         0.072 / 0.145         0.072 / 0.145         0.072 / 0.145       ms
[160.157s][info][gc,stats    ]    Subphase: Concurrent Mark Try Terminate                 9.447 / 15.788        8.215 / 16.572        8.215 / 16.572        8.215 / 16.572      ms
[160.157s][info][gc,stats    ]    Subphase: Concurrent References Enqueue                 0.000 / 0.001         0.001 / 0.004         0.001 / 0.004         0.001 / 0.004       ms
[160.157s][info][gc,stats    ]    Subphase: Concurrent References Process                 0.040 / 0.045         0.043 / 0.089         0.043 / 0.089         0.043 / 0.089       ms
[160.157s][info][gc,stats    ]    Subphase: Concurrent Roots ClassLoaderDataGraph         0.080 / 0.719         0.084 / 0.896         0.084 / 0.896         0.084 / 0.896       ms
[160.157s][info][gc,stats    ]    Subphase: Concurrent Roots CodeCache                    0.000 / 0.000         0.000 / 0.000         0.000 / 0.000         0.000 / 0.000       ms
[160.157s][info][gc,stats    ]    Subphase: Concurrent Roots JavaThreads                  0.527 / 1.016         0.510 / 1.189         0.510 / 1.189         0.510 / 1.189       ms
[160.157s][info][gc,stats    ]    Subphase: Concurrent Roots OopStorageSet                0.015 / 0.048         0.018 / 0.190         0.018 / 0.190         0.018 / 0.190       ms
[160.157s][info][gc,stats    ]    Subphase: Concurrent Weak Roots OopStorageSet           0.140 / 0.178         0.142 / 0.182         0.142 / 0.182         0.142 / 0.182       ms
[160.157s][info][gc,stats    ]    Subphase: Pause Mark Try Complete                       0.000 / 0.000         0.000 / 0.000         0.000 / 0.000         0.000 / 0.000       ms
[160.157s][info][gc,stats    ]      System: Java Threads                                     35 / 35               33 / 39               33 / 39               33 / 39          threads
[160.158s][info][gc,stats    ] =========================================================================================================================================================
[160.359s][info][gc,start    ] GC(98) Garbage Collection (Proactive)
[160.359s][info][gc,task     ] GC(98) Using 12 workers
[160.359s][info][gc,phases   ] GC(98) Pause Mark Start 0.019ms
[160.375s][info][gc,phases   ] GC(98) Concurrent Mark 15.251ms
[160.375s][info][gc,phases   ] GC(98) Pause Mark End 0.026ms
[160.375s][info][gc,phases   ] GC(98) Concurrent Mark Free 0.002ms
[160.376s][info][gc,phases   ] GC(98) Concurrent Process Non-Strong References 1.090ms
[160.376s][info][gc,phases   ] GC(98) Concurrent Reset Relocation Set 0.008ms
[160.380s][info][gc,phases   ] GC(98) Concurrent Select Relocation Set 3.892ms
[160.380s][info][gc,phases   ] GC(98) Pause Relocate Start 0.010ms
[160.383s][info][gc,phases   ] GC(98) Concurrent Relocate 3.152ms
[160.384s][info][gc,load     ] GC(98) Load: 0.00/0.00/0.00
[160.384s][info][gc,mmu      ] GC(98) MMU: 2ms/98.4%, 5ms/99.4%, 10ms/99.6%, 20ms/99.7%, 50ms/99.8%, 100ms/99.9%
[160.384s][info][gc,marking  ] GC(98) Mark: 8 stripe(s), 2 proactive flush(es), 1 terminate flush(es), 0 completion(s), 0 continuation(s) 
[160.384s][info][gc,marking  ] GC(98) Mark Stack Usage: 32M
[160.384s][info][gc,nmethod  ] GC(98) NMethods: 1984 registered, 379 unregistered
[160.384s][info][gc,metaspace] GC(98) Metaspace: 9M used, 10M committed, 1088M reserved
[160.384s][info][gc,ref      ] GC(98) Soft: 214 encountered, 0 discovered, 0 enqueued
[160.384s][info][gc,ref      ] GC(98) Weak: 805 encountered, 15 discovered, 0 enqueued
[160.384s][info][gc,ref      ] GC(98) Final: 0 encountered, 0 discovered, 0 enqueued
[160.384s][info][gc,ref      ] GC(98) Phantom: 27 encountered, 17 discovered, 0 enqueued
[160.384s][info][gc,reloc    ] GC(98) Small Pages: 283 / 566M, Empty: 402M, Relocated: 4M, In-Place: 0
[160.384s][info][gc,reloc    ] GC(98) Medium Pages: 0 / 0M, Empty: 0M, Relocated: 0M, In-Place: 0
[160.384s][info][gc,reloc    ] GC(98) Large Pages: 0 / 0M, Empty: 0M, Relocated: 0M, In-Place: 0
[160.384s][info][gc,reloc    ] GC(98) Forwarding Usage: 1M
[160.384s][info][gc,heap     ] GC(98) Min Capacity: 8M(0%)
[160.384s][info][gc,heap     ] GC(98) Max Capacity: 4096M(100%)
[160.384s][info][gc,heap     ] GC(98) Soft Max Capacity: 4096M(100%)
[160.384s][info][gc,heap     ] GC(98)                Mark Start          Mark End        Relocate Start      Relocate End           High               Low         
[160.384s][info][gc,heap     ] GC(98)  Capacity:     2048M (50%)        2048M (50%)        2048M (50%)        2048M (50%)        2048M (50%)        2048M (50%)    
[160.384s][info][gc,heap     ] GC(98)      Free:     3530M (86%)        3512M (86%)        3910M (95%)        4048M (99%)        4048M (99%)        3512M (86%)    
[160.384s][info][gc,heap     ] GC(98)      Used:      566M (14%)         584M (14%)         186M (5%)           48M (1%)          584M (14%)          48M (1%)     
[160.384s][info][gc,heap     ] GC(98)      Live:         -                 6M (0%)            6M (0%)            6M (0%)             -                  -          
[160.384s][info][gc,heap     ] GC(98) Allocated:         -                18M (0%)           22M (1%)           21M (1%)             -                  -          
[160.384s][info][gc,heap     ] GC(98)   Garbage:         -               559M (14%)         157M (4%)           19M (0%)             -                  -          
[160.384s][info][gc,heap     ] GC(98) Reclaimed:         -                  -               402M (10%)         539M (13%)            -                  -          
[160.384s][info][gc          ] GC(98) Garbage Collection (Proactive) 566M(14%)->48M(1%)
[161.958s][info][gc,start    ] GC(99) Garbage Collection (Proactive)
[161.958s][info][gc,task     ] GC(99) Using 12 workers
[161.958s][info][gc,phases   ] GC(99) Pause Mark Start 0.017ms
[161.974s][info][gc,phases   ] GC(99) Concurrent Mark 15.131ms
[161.974s][info][gc,phases   ] GC(99) Pause Mark End 0.028ms
[161.974s][info][gc,phases   ] GC(99) Concurrent Mark Free 0.001ms
[161.975s][info][gc,phases   ] GC(99) Concurrent Process Non-Strong References 1.046ms
[161.975s][info][gc,phases   ] GC(99) Concurrent Reset Relocation Set 0.012ms
[161.979s][info][gc,phases   ] GC(99) Concurrent Select Relocation Set 3.749ms
[161.979s][info][gc,phases   ] GC(99) Pause Relocate Start 0.009ms
[161.982s][info][gc,phases   ] GC(99) Concurrent Relocate 3.436ms
[161.983s][info][gc,load     ] GC(99) Load: 0.00/0.00/0.00
[161.983s][info][gc,mmu      ] GC(99) MMU: 2ms/98.4%, 5ms/99.4%, 10ms/99.6%, 20ms/99.7%, 50ms/99.8%, 100ms/99.9%
[161.983s][info][gc,marking  ] GC(99) Mark: 8 stripe(s), 2 proactive flush(es), 1 terminate flush(es), 0 completion(s), 0 continuation(s) 
[161.983s][info][gc,marking  ] GC(99) Mark Stack Usage: 32M
[161.983s][info][gc,nmethod  ] GC(99) NMethods: 1984 registered, 379 unregistered
[161.983s][info][gc,metaspace] GC(99) Metaspace: 9M used, 10M committed, 1088M reserved
[161.983s][info][gc,ref      ] GC(99) Soft: 214 encountered, 0 discovered, 0 enqueued
[161.983s][info][gc,ref      ] GC(99) Weak: 805 encountered, 56 discovered, 0 enqueued
[161.983s][info][gc,ref      ] GC(99) Final: 0 encountered, 0 discovered, 0 enqueued
[161.983s][info][gc,ref      ] GC(99) Phantom: 27 encountered, 14 discovered, 0 enqueued
[161.983s][info][gc,reloc    ] GC(99) Small Pages: 271 / 542M, Empty: 418M, Relocated: 5M, In-Place: 0
[161.983s][info][gc,reloc    ] GC(99) Medium Pages: 0 / 0M, Empty: 0M, Relocated: 0M, In-Place: 0
[161.983s][info][gc,reloc    ] GC(99) Large Pages: 0 / 0M, Empty: 0M, Relocated: 0M, In-Place: 0
[161.983s][info][gc,reloc    ] GC(99) Forwarding Usage: 1M
[161.983s][info][gc,heap     ] GC(99) Min Capacity: 8M(0%)
[161.983s][info][gc,heap     ] GC(99) Max Capacity: 4096M(100%)
[161.983s][info][gc,heap     ] GC(99) Soft Max Capacity: 4096M(100%)
[161.983s][info][gc,heap     ] GC(99)                Mark Start          Mark End        Relocate Start      Relocate End           High               Low         
[161.983s][info][gc,heap     ] GC(99)  Capacity:     2048M (50%)        2048M (50%)        2048M (50%)        2048M (50%)        2048M (50%)        2048M (50%)    
[161.983s][info][gc,heap     ] GC(99)      Free:     3554M (87%)        3534M (86%)        3950M (96%)        4048M (99%)        4048M (99%)        3534M (86%)    
[161.983s][info][gc,heap     ] GC(99)      Used:      542M (13%)         562M (14%)         146M (4%)           48M (1%)          562M (14%)          48M (1%)     
[161.983s][info][gc,heap     ] GC(99)      Live:         -                 6M (0%)            6M (0%)            6M (0%)             -                  -          
[161.983s][info][gc,heap     ] GC(99) Allocated:         -                20M (0%)           22M (1%)           21M (1%)             -                  -          
[161.983s][info][gc,heap     ] GC(99)   Garbage:         -               535M (13%)         117M (3%)           19M (0%)             -                  -          
[161.983s][info][gc,heap     ] GC(99) Reclaimed:         -                  -               418M (10%)         515M (13%)            -                  -          
[161.983s][info][gc          ] GC(99) Garbage Collection (Proactive) 542M(13%)->48M(1%)
[162.068s][info][gc,start    ] GC(100) Garbage Collection (System.gc())
[162.068s][info][gc,task     ] GC(100) Using 12 workers
[162.068s][info][gc,phases   ] GC(100) Pause Mark Start 0.016ms
[162.083s][info][gc,phases   ] GC(100) Concurrent Mark 14.568ms
[162.083s][info][gc,phases   ] GC(100) Pause Mark End 0.023ms
[162.083s][info][gc,phases   ] GC(100) Concurrent Mark Free 0.001ms
[162.084s][info][gc,phases   ] GC(100) Concurrent Process Non-Strong References 0.917ms
[162.084s][info][gc,phases   ] GC(100) Concurrent Reset Relocation Set 0.010ms
[162.088s][info][gc,phases   ] GC(100) Concurrent Select Relocation Set 3.606ms
[162.088s][info][gc,phases   ] GC(100) Pause Relocate Start 0.007ms
[162.091s][info][gc,phases   ] GC(100) Concurrent Relocate 3.383ms
[162.091s][info][gc,load     ] GC(100) Load: 0.00/0.00/0.00
[162.091s][info][gc,mmu      ] GC(100) MMU: 2ms/98.4%, 5ms/99.4%, 10ms/99.6%, 20ms/99.7%, 50ms/99.8%, 100ms/99.9%
[162.091s][info][gc,marking  ] GC(100) Mark: 8 stripe(s), 2 proactive flush(es), 1 terminate flush(es), 0 completion(s), 0 continuation(s) 
[162.092s][info][gc,marking  ] GC(100) Mark Stack Usage: 32M
[162.092s][info][gc,nmethod  ] GC(100) NMethods: 1984 registered, 379 unregistered
[162.092s][info][gc,metaspace] GC(100) Metaspace: 9M used, 10M committed, 1088M reserved
[162.092s][info][gc,ref      ] GC(100) Soft: 214 encountered, 0 discovered, 0 enqueued
[162.092s][info][gc,ref      ] GC(100) Weak: 805 encountered, 61 discovered, 0 enqueued
[162.092s][info][gc,ref      ] GC(100) Final: 0 encountered, 0 discovered, 0 enqueued
[162.092s][info][gc,ref      ] GC(100) Phantom: 27 encountered, 20 discovered, 0 enqueued
[162.092s][info][gc,reloc    ] GC(100) Small Pages: 36 / 72M, Empty: 44M, Relocated: 4M, In-Place: 0
[162.092s][info][gc,reloc    ] GC(100) Medium Pages: 0 / 0M, Empty: 0M, Relocated: 0M, In-Place: 0
[162.092s][info][gc,reloc    ] GC(100) Large Pages: 0 / 0M, Empty: 0M, Relocated: 0M, In-Place: 0
[162.092s][info][gc,reloc    ] GC(100) Forwarding Usage: 1M
[162.092s][info][gc,heap     ] GC(100) Min Capacity: 8M(0%)
[162.092s][info][gc,heap     ] GC(100) Max Capacity: 4096M(100%)
[162.092s][info][gc,heap     ] GC(100) Soft Max Capacity: 4096M(100%)
[162.092s][info][gc,heap     ] GC(100)                Mark Start          Mark End        Relocate Start      Relocate End           High               Low         
[162.092s][info][gc,heap     ] GC(100)  Capacity:     2048M (50%)        2048M (50%)        2048M (50%)        2048M (50%)        2048M (50%)        2048M (50%)    
[162.092s][info][gc,heap     ] GC(100)      Free:     4024M (98%)        4024M (98%)        4068M (99%)        4072M (99%)        4072M (99%)        4024M (98%)    
[162.092s][info][gc,heap     ] GC(100)      Used:       72M (2%)           72M (2%)           28M (1%)           24M (1%)           72M (2%)           24M (1%)     
[162.092s][info][gc,heap     ] GC(100)      Live:         -                 4M (0%)            4M (0%)            4M (0%)             -                  -          
[162.092s][info][gc,heap     ] GC(100) Allocated:         -                 0M (0%)            0M (0%)            0M (0%)             -                  -          
[162.092s][info][gc,heap     ] GC(100)   Garbage:         -                67M (2%)           23M (1%)           19M (0%)             -                  -          
[162.092s][info][gc,heap     ] GC(100) Reclaimed:         -                  -                44M (1%)           48M (1%)             -                  -          
[162.092s][info][gc          ] GC(100) Garbage Collection (System.gc()) 72M(2%)->24M(1%)
[163.456s][info][gc,start    ] GC(101) Garbage Collection (Proactive)
[163.456s][info][gc,task     ] GC(101) Using 12 workers
[163.457s][info][gc,phases   ] GC(101) Pause Mark Start 0.019ms
[163.472s][info][gc,phases   ] GC(101) Concurrent Mark 15.149ms
[163.472s][info][gc,phases   ] GC(101) Pause Mark End 0.025ms
[163.472s][info][gc,phases   ] GC(101) Concurrent Mark Free 0.001ms
[163.473s][info][gc,phases   ] GC(101) Concurrent Process Non-Strong References 1.021ms
[163.473s][info][gc,phases   ] GC(101) Concurrent Reset Relocation Set 0.003ms
[163.480s][info][gc,phases   ] GC(101) Concurrent Select Relocation Set 6.568ms
[163.480s][info][gc,phases   ] GC(101) Pause Relocate Start 0.008ms
[163.485s][info][gc,phases   ] GC(101) Concurrent Relocate 4.456ms
[163.485s][info][gc,load     ] GC(101) Load: 0.00/0.00/0.00
[163.485s][info][gc,mmu      ] GC(101) MMU: 2ms/98.4%, 5ms/99.4%, 10ms/99.6%, 20ms/99.7%, 50ms/99.8%, 100ms/99.9%
[163.485s][info][gc,marking  ] GC(101) Mark: 8 stripe(s), 3 proactive flush(es), 1 terminate flush(es), 0 completion(s), 0 continuation(s) 
[163.485s][info][gc,marking  ] GC(101) Mark Stack Usage: 32M
[163.485s][info][gc,nmethod  ] GC(101) NMethods: 1985 registered, 379 unregistered
[163.485s][info][gc,metaspace] GC(101) Metaspace: 9M used, 10M committed, 1088M reserved
[163.485s][info][gc,ref      ] GC(101) Soft: 214 encountered, 0 discovered, 0 enqueued
[163.485s][info][gc,ref      ] GC(101) Weak: 805 encountered, 14 discovered, 0 enqueued
[163.485s][info][gc,ref      ] GC(101) Final: 0 encountered, 0 discovered, 0 enqueued
[163.485s][info][gc,ref      ] GC(101) Phantom: 27 encountered, 14 discovered, 0 enqueued
[163.485s][info][gc,reloc    ] GC(101) Small Pages: 234 / 468M, Empty: 260M, Relocated: 5M, In-Place: 0
[163.485s][info][gc,reloc    ] GC(101) Medium Pages: 0 / 0M, Empty: 0M, Relocated: 0M, In-Place: 0
[163.485s][info][gc,reloc    ] GC(101) Large Pages: 0 / 0M, Empty: 0M, Relocated: 0M, In-Place: 0
[163.485s][info][gc,reloc    ] GC(101) Forwarding Usage: 1M
[163.485s][info][gc,heap     ] GC(101) Min Capacity: 8M(0%)
[163.485s][info][gc,heap     ] GC(101) Max Capacity: 4096M(100%)
[163.485s][info][gc,heap     ] GC(101) Soft Max Capacity: 4096M(100%)
[163.485s][info][gc,heap     ] GC(101)                Mark Start          Mark End        Relocate Start      Relocate End           High               Low         
[163.485s][info][gc,heap     ] GC(101)  Capacity:     2048M (50%)        2048M (50%)        2048M (50%)        2048M (50%)        2048M (50%)        2048M (50%)    
[163.485s][info][gc,heap     ] GC(101)      Free:     3628M (89%)        3608M (88%)        3868M (94%)        4050M (99%)        4050M (99%)        3608M (88%)    
[163.485s][info][gc,heap     ] GC(101)      Used:      468M (11%)         488M (12%)         228M (6%)           46M (1%)          488M (12%)          46M (1%)     
[163.485s][info][gc,heap     ] GC(101)      Live:         -                 6M (0%)            6M (0%)            6M (0%)             -                  -          
[163.485s][info][gc,heap     ] GC(101) Allocated:         -                20M (0%)           20M (0%)           19M (0%)             -                  -          
[163.485s][info][gc,heap     ] GC(101)   Garbage:         -               461M (11%)         201M (5%)           19M (0%)             -                  -          
[163.485s][info][gc,heap     ] GC(101) Reclaimed:         -                  -               260M (6%)          441M (11%)            -                  -          
[163.485s][info][gc          ] GC(101) Garbage Collection (Proactive) 468M(11%)->46M(1%)
[165.258s][info][gc,start    ] GC(102) Garbage Collection (Proactive)
[165.259s][info][gc,task     ] GC(102) Using 12 workers
[165.259s][info][gc,phases   ] GC(102) Pause Mark Start 0.019ms
[165.274s][info][gc,phases   ] GC(102) Concurrent Mark 15.122ms
[165.274s][info][gc,phases   ] GC(102) Pause Mark End 0.027ms
[165.274s][info][gc,phases   ] GC(102) Concurrent Mark Free 0.001ms
[165.275s][info][gc,phases   ] GC(102) Concurrent Process Non-Strong References 1.001ms
[165.276s][info][gc,phases   ] GC(102) Concurrent Reset Relocation Set 0.018ms
[165.279s][info][gc,phases   ] GC(102) Concurrent Select Relocation Set 3.907ms
[165.280s][info][gc,phases   ] GC(102) Pause Relocate Start 0.010ms
[165.283s][info][gc,phases   ] GC(102) Concurrent Relocate 3.245ms
[165.283s][info][gc,load     ] GC(102) Load: 0.00/0.00/0.00
[165.283s][info][gc,mmu      ] GC(102) MMU: 2ms/98.4%, 5ms/99.4%, 10ms/99.6%, 20ms/99.7%, 50ms/99.8%, 100ms/99.9%
[165.283s][info][gc,marking  ] GC(102) Mark: 8 stripe(s), 2 proactive flush(es), 1 terminate flush(es), 0 completion(s), 0 continuation(s) 
[165.283s][info][gc,marking  ] GC(102) Mark Stack Usage: 32M
[165.283s][info][gc,nmethod  ] GC(102) NMethods: 1985 registered, 379 unregistered
[165.283s][info][gc,metaspace] GC(102) Metaspace: 9M used, 10M committed, 1088M reserved
[165.283s][info][gc,ref      ] GC(102) Soft: 214 encountered, 0 discovered, 0 enqueued
[165.283s][info][gc,ref      ] GC(102) Weak: 805 encountered, 109 discovered, 0 enqueued
[165.283s][info][gc,ref      ] GC(102) Final: 0 encountered, 0 discovered, 0 enqueued
[165.283s][info][gc,ref      ] GC(102) Phantom: 27 encountered, 13 discovered, 0 enqueued
[165.283s][info][gc,reloc    ] GC(102) Small Pages: 312 / 624M, Empty: 396M, Relocated: 4M, In-Place: 0
[165.283s][info][gc,reloc    ] GC(102) Medium Pages: 0 / 0M, Empty: 0M, Relocated: 0M, In-Place: 0
[165.283s][info][gc,reloc    ] GC(102) Large Pages: 0 / 0M, Empty: 0M, Relocated: 0M, In-Place: 0
[165.284s][info][gc,reloc    ] GC(102) Forwarding Usage: 1M
[165.284s][info][gc,heap     ] GC(102) Min Capacity: 8M(0%)
[165.284s][info][gc,heap     ] GC(102) Max Capacity: 4096M(100%)
[165.284s][info][gc,heap     ] GC(102) Soft Max Capacity: 4096M(100%)
[165.284s][info][gc,heap     ] GC(102)                Mark Start          Mark End        Relocate Start      Relocate End           High               Low         
[165.284s][info][gc,heap     ] GC(102)  Capacity:     2048M (50%)        2048M (50%)        2048M (50%)        2048M (50%)        2048M (50%)        2048M (50%)    
[165.284s][info][gc,heap     ] GC(102)      Free:     3472M (85%)        3456M (84%)        3848M (94%)        4050M (99%)        4050M (99%)        3456M (84%)    
[165.284s][info][gc,heap     ] GC(102)      Used:      624M (15%)         640M (16%)         248M (6%)           46M (1%)          640M (16%)          46M (1%)     
[165.284s][info][gc,heap     ] GC(102)      Live:         -                 6M (0%)            6M (0%)            6M (0%)             -                  -          
[165.284s][info][gc,heap     ] GC(102) Allocated:         -                16M (0%)           20M (0%)           19M (0%)             -                  -          
[165.284s][info][gc,heap     ] GC(102)   Garbage:         -               617M (15%)         221M (5%)           19M (0%)             -                  -          
[165.284s][info][gc,heap     ] GC(102) Reclaimed:         -                  -               396M (10%)         597M (15%)            -                  -          
[165.284s][info][gc          ] GC(102) Garbage Collection (Proactive) 624M(15%)->46M(1%)
[166.858s][info][gc,start    ] GC(103) Garbage Collection (Proactive)
[166.858s][info][gc,task     ] GC(103) Using 12 workers
[166.858s][info][gc,phases   ] GC(103) Pause Mark Start 0.018ms
[166.873s][info][gc,phases   ] GC(103) Concurrent Mark 15.139ms
[166.874s][info][gc,phases   ] GC(103) Pause Mark End 0.025ms
[166.874s][info][gc,phases   ] GC(103) Concurrent Mark Free 0.001ms
[166.875s][info][gc,phases   ] GC(103) Concurrent Process Non-Strong References 1.056ms
[166.875s][info][gc,phases   ] GC(103) Concurrent Reset Relocation Set 0.017ms
[166.879s][info][gc,phases   ] GC(103) Concurrent Select Relocation Set 3.774ms
[166.879s][info][gc,phases   ] GC(103) Pause Relocate Start 0.008ms
[166.882s][info][gc,phases   ] GC(103) Concurrent Relocate 2.950ms
[166.882s][info][gc,load     ] GC(103) Load: 0.00/0.00/0.00
[166.882s][info][gc,mmu      ] GC(103) MMU: 2ms/98.4%, 5ms/99.4%, 10ms/99.6%, 20ms/99.7%, 50ms/99.8%, 100ms/99.9%
[166.882s][info][gc,marking  ] GC(103) Mark: 8 stripe(s), 2 proactive flush(es), 1 terminate flush(es), 0 completion(s), 0 continuation(s) 
[166.882s][info][gc,marking  ] GC(103) Mark Stack Usage: 32M
[166.882s][info][gc,nmethod  ] GC(103) NMethods: 1985 registered, 379 unregistered
[166.882s][info][gc,metaspace] GC(103) Metaspace: 9M used, 10M committed, 1088M reserved
[166.882s][info][gc,ref      ] GC(103) Soft: 214 encountered, 0 discovered, 0 enqueued
[166.882s][info][gc,ref      ] GC(103) Weak: 805 encountered, 21 discovered, 0 enqueued
[166.882s][info][gc,ref      ] GC(103) Final: 0 encountered, 0 discovered, 0 enqueued
[166.882s][info][gc,ref      ] GC(103) Phantom: 27 encountered, 22 discovered, 0 enqueued
[166.882s][info][gc,reloc    ] GC(103) Small Pages: 272 / 544M, Empty: 468M, Relocated: 4M, In-Place: 0
[166.882s][info][gc,reloc    ] GC(103) Medium Pages: 0 / 0M, Empty: 0M, Relocated: 0M, In-Place: 0
[166.882s][info][gc,reloc    ] GC(103) Large Pages: 0 / 0M, Empty: 0M, Relocated: 0M, In-Place: 0
[166.882s][info][gc,reloc    ] GC(103) Forwarding Usage: 1M
[166.882s][info][gc,heap     ] GC(103) Min Capacity: 8M(0%)
[166.882s][info][gc,heap     ] GC(103) Max Capacity: 4096M(100%)
[166.882s][info][gc,heap     ] GC(103) Soft Max Capacity: 4096M(100%)
[166.882s][info][gc,heap     ] GC(103)                Mark Start          Mark End        Relocate Start      Relocate End           High               Low         
[166.883s][info][gc,heap     ] GC(103)  Capacity:     2048M (50%)        2048M (50%)        2048M (50%)        2048M (50%)        2048M (50%)        2048M (50%)    
[166.883s][info][gc,heap     ] GC(103)      Free:     3552M (87%)        3534M (86%)        4002M (98%)        4050M (99%)        4050M (99%)        3534M (86%)    
[166.883s][info][gc,heap     ] GC(103)      Used:      544M (13%)         562M (14%)          94M (2%)           46M (1%)          562M (14%)          46M (1%)     
[166.883s][info][gc,heap     ] GC(103)      Live:         -                 6M (0%)            6M (0%)            6M (0%)             -                  -          
[166.883s][info][gc,heap     ] GC(103) Allocated:         -                18M (0%)           18M (0%)           19M (0%)             -                  -          
[166.883s][info][gc,heap     ] GC(103)   Garbage:         -               537M (13%)          69M (2%)           19M (0%)             -                  -          
[166.883s][info][gc,heap     ] GC(103) Reclaimed:         -                  -               468M (11%)         517M (13%)            -                  -          
[166.883s][info][gc          ] GC(103) Garbage Collection (Proactive) 544M(13%)->46M(1%)
[168.262s][info][gc,start    ] GC(104) Garbage Collection (Proactive)
[168.262s][info][gc,task     ] GC(104) Using 12 workers
[168.263s][info][gc,phases   ] GC(104) Pause Mark Start 0.019ms
[168.278s][info][gc,phases   ] GC(104) Concurrent Mark 15.268ms
[168.278s][info][gc,phases   ] GC(104) Pause Mark End 0.027ms
[168.278s][info][gc,phases   ] GC(104) Concurrent Mark Free 0.001ms
[168.280s][info][gc,phases   ] GC(104) Concurrent Process Non-Strong References 1.066ms
[168.280s][info][gc,phases   ] GC(104) Concurrent Reset Relocation Set 0.006ms
[168.286s][info][gc,phases   ] GC(104) Concurrent Select Relocation Set 6.724ms
[168.286s][info][gc,phases   ] GC(104) Pause Relocate Start 0.010ms
[168.290s][info][gc,phases   ] GC(104) Concurrent Relocate 3.048ms
[168.290s][info][gc,load     ] GC(104) Load: 0.00/0.00/0.00
[168.290s][info][gc,mmu      ] GC(104) MMU: 2ms/98.4%, 5ms/99.4%, 10ms/99.6%, 20ms/99.7%, 50ms/99.8%, 100ms/99.9%
[168.290s][info][gc,marking  ] GC(104) Mark: 8 stripe(s), 2 proactive flush(es), 1 terminate flush(es), 0 completion(s), 0 continuation(s) 
[168.290s][info][gc,marking  ] GC(104) Mark Stack Usage: 32M
[168.290s][info][gc,nmethod  ] GC(104) NMethods: 1985 registered, 379 unregistered
[168.290s][info][gc,metaspace] GC(104) Metaspace: 9M used, 10M committed, 1088M reserved
[168.290s][info][gc,ref      ] GC(104) Soft: 214 encountered, 0 discovered, 0 enqueued
[168.290s][info][gc,ref      ] GC(104) Weak: 805 encountered, 82 discovered, 0 enqueued
[168.290s][info][gc,ref      ] GC(104) Final: 0 encountered, 0 discovered, 0 enqueued
[168.290s][info][gc,ref      ] GC(104) Phantom: 27 encountered, 14 discovered, 0 enqueued
[168.290s][info][gc,reloc    ] GC(104) Small Pages: 242 / 484M, Empty: 372M, Relocated: 4M, In-Place: 0
[168.290s][info][gc,reloc    ] GC(104) Medium Pages: 0 / 0M, Empty: 0M, Relocated: 0M, In-Place: 0
[168.290s][info][gc,reloc    ] GC(104) Large Pages: 0 / 0M, Empty: 0M, Relocated: 0M, In-Place: 0
[168.290s][info][gc,reloc    ] GC(104) Forwarding Usage: 1M
[168.290s][info][gc,heap     ] GC(104) Min Capacity: 8M(0%)
[168.290s][info][gc,heap     ] GC(104) Max Capacity: 4096M(100%)
[168.290s][info][gc,heap     ] GC(104) Soft Max Capacity: 4096M(100%)
[168.290s][info][gc,heap     ] GC(104)                Mark Start          Mark End        Relocate Start      Relocate End           High               Low         
[168.290s][info][gc,heap     ] GC(104)  Capacity:     2048M (50%)        2048M (50%)        2048M (50%)        2048M (50%)        2048M (50%)        2048M (50%)    
[168.290s][info][gc,heap     ] GC(104)      Free:     3612M (88%)        3596M (88%)        3966M (97%)        4052M (99%)        4052M (99%)        3596M (88%)    
[168.290s][info][gc,heap     ] GC(104)      Used:      484M (12%)         500M (12%)         130M (3%)           44M (1%)          500M (12%)          44M (1%)     
[168.290s][info][gc,heap     ] GC(104)      Live:         -                 6M (0%)            6M (0%)            6M (0%)             -                  -          
[168.290s][info][gc,heap     ] GC(104) Allocated:         -                16M (0%)           18M (0%)           17M (0%)             -                  -          
[168.290s][info][gc,heap     ] GC(104)   Garbage:         -               477M (12%)         105M (3%)           19M (0%)             -                  -          
[168.290s][info][gc,heap     ] GC(104) Reclaimed:         -                  -               372M (9%)          457M (11%)            -                  -          
[168.291s][info][gc          ] GC(104) Garbage Collection (Proactive) 484M(12%)->44M(1%)
[168.938s][info][gc,start    ] GC(105) Garbage Collection (System.gc())
[168.938s][info][gc,task     ] GC(105) Using 12 workers
[168.939s][info][gc,phases   ] GC(105) Pause Mark Start 0.018ms
[168.957s][info][gc,phases   ] GC(105) Concurrent Mark 18.093ms
[168.957s][info][gc,phases   ] GC(105) Pause Mark End 0.025ms
[168.957s][info][gc,phases   ] GC(105) Concurrent Mark Free 0.002ms
[168.958s][info][gc,phases   ] GC(105) Concurrent Process Non-Strong References 0.950ms
[168.958s][info][gc,phases   ] GC(105) Concurrent Reset Relocation Set 0.010ms
[168.962s][info][gc,phases   ] GC(105) Concurrent Select Relocation Set 3.706ms
[168.962s][info][gc,phases   ] GC(105) Pause Relocate Start 0.007ms
[168.966s][info][gc,phases   ] GC(105) Concurrent Relocate 4.033ms
[168.966s][info][gc,load     ] GC(105) Load: 0.00/0.00/0.00
[168.966s][info][gc,mmu      ] GC(105) MMU: 2ms/98.4%, 5ms/99.4%, 10ms/99.6%, 20ms/99.7%, 50ms/99.8%, 100ms/99.9%
[168.966s][info][gc,marking  ] GC(105) Mark: 8 stripe(s), 1 proactive flush(es), 1 terminate flush(es), 0 completion(s), 0 continuation(s) 
[168.966s][info][gc,marking  ] GC(105) Mark Stack Usage: 32M
[168.966s][info][gc,nmethod  ] GC(105) NMethods: 1988 registered, 379 unregistered
[168.966s][info][gc,metaspace] GC(105) Metaspace: 9M used, 10M committed, 1088M reserved
[168.966s][info][gc,ref      ] GC(105) Soft: 214 encountered, 0 discovered, 0 enqueued
[168.966s][info][gc,ref      ] GC(105) Weak: 805 encountered, 10 discovered, 0 enqueued
[168.966s][info][gc,ref      ] GC(105) Final: 0 encountered, 0 discovered, 0 enqueued
[168.966s][info][gc,ref      ] GC(105) Phantom: 27 encountered, 17 discovered, 0 enqueued
[168.966s][info][gc,reloc    ] GC(105) Small Pages: 128 / 256M, Empty: 232M, Relocated: 4M, In-Place: 0
[168.966s][info][gc,reloc    ] GC(105) Medium Pages: 0 / 0M, Empty: 0M, Relocated: 0M, In-Place: 0
[168.966s][info][gc,reloc    ] GC(105) Large Pages: 0 / 0M, Empty: 0M, Relocated: 0M, In-Place: 0
[168.966s][info][gc,reloc    ] GC(105) Forwarding Usage: 1M
[168.967s][info][gc,heap     ] GC(105) Min Capacity: 8M(0%)
[168.967s][info][gc,heap     ] GC(105) Max Capacity: 4096M(100%)
[168.967s][info][gc,heap     ] GC(105) Soft Max Capacity: 4096M(100%)
[168.967s][info][gc,heap     ] GC(105)                Mark Start          Mark End        Relocate Start      Relocate End           High               Low         
[168.967s][info][gc,heap     ] GC(105)  Capacity:     2048M (50%)        2048M (50%)        2048M (50%)        2048M (50%)        2048M (50%)        2048M (50%)    
[168.967s][info][gc,heap     ] GC(105)      Free:     3840M (94%)        3840M (94%)        4072M (99%)        4072M (99%)        4072M (99%)        3840M (94%)    
[168.967s][info][gc,heap     ] GC(105)      Used:      256M (6%)          256M (6%)           24M (1%)           24M (1%)          256M (6%)           24M (1%)     
[168.967s][info][gc,heap     ] GC(105)      Live:         -                 4M (0%)            4M (0%)            4M (0%)             -                  -          
[168.967s][info][gc,heap     ] GC(105) Allocated:         -                 0M (0%)            0M (0%)            0M (0%)             -                  -          
[168.967s][info][gc,heap     ] GC(105)   Garbage:         -               251M (6%)           19M (0%)           19M (0%)             -                  -          
[168.967s][info][gc,heap     ] GC(105) Reclaimed:         -                  -               232M (6%)          232M (6%)             -                  -          
[168.967s][info][gc          ] GC(105) Garbage Collection (System.gc()) 256M(6%)->24M(1%)
[170.158s][info][gc,stats    ] === Garbage Collection Statistics =======================================================================================================================
[170.158s][info][gc,stats    ]                                                              Last 10s              Last 10m              Last 10h                Total
[170.158s][info][gc,stats    ]                                                              Avg / Max             Avg / Max             Avg / Max             Avg / Max
[170.159s][info][gc,stats    ]   Collector: Garbage Collection Cycle                     25.682 / 28.439       26.447 / 45.983       26.447 / 45.983       26.447 / 45.983      ms
[170.159s][info][gc,stats    ]  Contention: Mark Segment Reset Contention                     1 / 5                 1 / 12                1 / 12                1 / 12          ops/s
[170.159s][info][gc,stats    ]  Contention: Mark SeqNum Reset Contention                      0 / 2                 0 / 3                 0 / 3                 0 / 3           ops/s
[170.159s][info][gc,stats    ]    Critical: Allocation Stall                                  0 / 0                 0 / 0                 0 / 0                 0 / 0           ops/s
[170.159s][info][gc,stats    ]    Critical: Allocation Stall                              0.000 / 0.000         0.000 / 0.000         0.000 / 0.000         0.000 / 0.000       ms
[170.159s][info][gc,stats    ]    Critical: GC Locker Stall                                   0 / 0                 0 / 0                 0 / 0                 0 / 0           ops/s
[170.159s][info][gc,stats    ]    Critical: GC Locker Stall                               0.000 / 0.000         0.000 / 0.000         0.000 / 0.000         0.000 / 0.000       ms
[170.159s][info][gc,stats    ]    Critical: Relocation Stall                                  0 / 0                 0 / 0                 0 / 0                 0 / 0           ops/s
[170.159s][info][gc,stats    ]    Critical: Relocation Stall                              0.000 / 0.000         0.000 / 0.000         0.000 / 0.000         0.000 / 0.000       ms
[170.159s][info][gc,stats    ]      Memory: Allocation Rate                                 326 / 334             319 / 344             319 / 344             319 / 344         MB/s
[170.159s][info][gc,stats    ]      Memory: Defragment                                        0 / 0                 0 / 0                 0 / 0                 0 / 0           ops/s
[170.159s][info][gc,stats    ]      Memory: Out Of Memory                                     0 / 0                 0 / 0                 0 / 0                 0 / 0           ops/s
[170.159s][info][gc,stats    ]      Memory: Page Cache Flush                                  0 / 0                 0 / 0                 0 / 0                 0 / 0           MB/s
[170.159s][info][gc,stats    ]      Memory: Page Cache Hit L1                               172 / 190             163 / 195             163 / 195             163 / 195         ops/s
[170.159s][info][gc,stats    ]      Memory: Page Cache Hit L2                                 0 / 0                 0 / 0                 0 / 0                 0 / 0           ops/s
[170.159s][info][gc,stats    ]      Memory: Page Cache Hit L3                                 0 / 0                 3 / 137               3 / 137               3 / 137         ops/s
[170.159s][info][gc,stats    ]      Memory: Page Cache Miss                                   0 / 0                 0 / 1                 0 / 1                 0 / 1           ops/s
[170.159s][info][gc,stats    ]      Memory: Uncommit                                          0 / 0                 0 / 0                 0 / 0                 0 / 0           MB/s
[170.159s][info][gc,stats    ]      Memory: Undo Object Allocation Failed                     0 / 0                 0 / 0                 0 / 0                 0 / 0           ops/s
[170.159s][info][gc,stats    ]      Memory: Undo Object Allocation Succeeded                  0 / 3                 0 / 4                 0 / 4                 0 / 4           ops/s
[170.159s][info][gc,stats    ]      Memory: Undo Page Allocation                              0 / 0                 0 / 0                 0 / 0                 0 / 0           ops/s
[170.159s][info][gc,stats    ]       Phase: Concurrent Mark                              15.465 / 18.093       15.069 / 24.159       15.069 / 24.159       15.069 / 24.159      ms
[170.159s][info][gc,stats    ]       Phase: Concurrent Mark Continue                      0.000 / 0.000         0.000 / 0.000         0.000 / 0.000         0.000 / 0.000       ms
[170.159s][info][gc,stats    ]       Phase: Concurrent Mark Free                          0.001 / 0.002         0.001 / 0.002         0.001 / 0.002         0.001 / 0.002       ms
[170.159s][info][gc,stats    ]       Phase: Concurrent Process Non-Strong References      1.018 / 1.090         1.059 / 5.230         1.059 / 5.230         1.059 / 5.230       ms
[170.160s][info][gc,stats    ]       Phase: Concurrent Relocate                           3.463 / 4.456         3.406 / 5.038         3.406 / 5.038         3.406 / 5.038       ms
[170.160s][info][gc,stats    ]       Phase: Concurrent Reset Relocation Set               0.010 / 0.018         0.010 / 0.022         0.010 / 0.022         0.010 / 0.022       ms
[170.160s][info][gc,stats    ]       Phase: Concurrent Select Relocation Set              4.491 / 6.724         5.331 / 15.356        5.331 / 15.356        5.331 / 15.356      ms
[170.160s][info][gc,stats    ]       Phase: Pause Mark End                                0.026 / 0.028         0.025 / 0.032         0.025 / 0.032         0.025 / 0.032       ms
[170.160s][info][gc,stats    ]       Phase: Pause Mark Start                              0.018 / 0.019         0.018 / 0.021         0.018 / 0.021         0.018 / 0.021       ms
[170.160s][info][gc,stats    ]       Phase: Pause Relocate Start                          0.009 / 0.010         0.009 / 0.028         0.009 / 0.028         0.009 / 0.028       ms
[170.160s][info][gc,stats    ]    Subphase: Concurrent Classes Purge                      0.005 / 0.006         0.028 / 0.876         0.028 / 0.876         0.028 / 0.876       ms
[170.160s][info][gc,stats    ]    Subphase: Concurrent Classes Unlink                     0.707 / 0.755         0.720 / 4.065         0.720 / 4.065         0.720 / 4.065       ms
[170.160s][info][gc,stats    ]    Subphase: Concurrent Mark                              13.595 / 17.062       13.196 / 23.147       13.196 / 23.147       13.196 / 23.147      ms
[170.160s][info][gc,stats    ]    Subphase: Concurrent Mark Try Flush                     0.068 / 0.104         0.071 / 0.145         0.071 / 0.145         0.071 / 0.145       ms
[170.160s][info][gc,stats    ]    Subphase: Concurrent Mark Try Terminate                 9.177 / 14.565        8.286 / 16.572        8.286 / 16.572        8.286 / 16.572      ms
[170.160s][info][gc,stats    ]    Subphase: Concurrent References Enqueue                 0.000 / 0.001         0.001 / 0.004         0.001 / 0.004         0.001 / 0.004       ms
[170.160s][info][gc,stats    ]    Subphase: Concurrent References Process                 0.041 / 0.044         0.043 / 0.089         0.043 / 0.089         0.043 / 0.089       ms
[170.160s][info][gc,stats    ]    Subphase: Concurrent Roots ClassLoaderDataGraph         0.082 / 0.701         0.084 / 0.896         0.084 / 0.896         0.084 / 0.896       ms
[170.160s][info][gc,stats    ]    Subphase: Concurrent Roots CodeCache                    0.000 / 0.000         0.000 / 0.000         0.000 / 0.000         0.000 / 0.000       ms
[170.160s][info][gc,stats    ]    Subphase: Concurrent Roots JavaThreads                  0.528 / 1.047         0.512 / 1.189         0.512 / 1.189         0.512 / 1.189       ms
[170.160s][info][gc,stats    ]    Subphase: Concurrent Roots OopStorageSet                0.015 / 0.048         0.018 / 0.190         0.018 / 0.190         0.018 / 0.190       ms
[170.160s][info][gc,stats    ]    Subphase: Concurrent Weak Roots OopStorageSet           0.138 / 0.173         0.141 / 0.182         0.141 / 0.182         0.141 / 0.182       ms
[170.160s][info][gc,stats    ]    Subphase: Pause Mark Try Complete                       0.000 / 0.000         0.000 / 0.000         0.000 / 0.000         0.000 / 0.000       ms
[170.160s][info][gc,stats    ]      System: Java Threads                                     35 / 35               33 / 39               33 / 39               33 / 39          threads
[170.160s][info][gc,stats    ] =========================================================================================================================================================
[170.860s][info][gc,start    ] GC(106) Garbage Collection (Proactive)
[170.860s][info][gc,task     ] GC(106) Using 12 workers
[170.860s][info][gc,phases   ] GC(106) Pause Mark Start 0.019ms
[170.876s][info][gc,phases   ] GC(106) Concurrent Mark 15.166ms
[170.876s][info][gc,phases   ] GC(106) Pause Mark End 0.027ms
[170.876s][info][gc,phases   ] GC(106) Concurrent Mark Free 0.001ms
[170.877s][info][gc,phases   ] GC(106) Concurrent Process Non-Strong References 1.050ms
[170.877s][info][gc,phases   ] GC(106) Concurrent Reset Relocation Set 0.003ms
[170.884s][info][gc,phases   ] GC(106) Concurrent Select Relocation Set 6.536ms
[170.884s][info][gc,phases   ] GC(106) Pause Relocate Start 0.010ms
[170.887s][info][gc,phases   ] GC(106) Concurrent Relocate 3.194ms
[170.887s][info][gc,load     ] GC(106) Load: 0.00/0.00/0.00
[170.887s][info][gc,mmu      ] GC(106) MMU: 2ms/98.4%, 5ms/99.4%, 10ms/99.6%, 20ms/99.7%, 50ms/99.8%, 100ms/99.9%
[170.887s][info][gc,marking  ] GC(106) Mark: 8 stripe(s), 2 proactive flush(es), 1 terminate flush(es), 0 completion(s), 0 continuation(s) 
[170.887s][info][gc,marking  ] GC(106) Mark Stack Usage: 32M
[170.887s][info][gc,nmethod  ] GC(106) NMethods: 1988 registered, 379 unregistered
[170.887s][info][gc,metaspace] GC(106) Metaspace: 9M used, 10M committed, 1088M reserved
[170.887s][info][gc,ref      ] GC(106) Soft: 214 encountered, 0 discovered, 0 enqueued
[170.887s][info][gc,ref      ] GC(106) Weak: 805 encountered, 40 discovered, 0 enqueued
[170.887s][info][gc,ref      ] GC(106) Final: 0 encountered, 0 discovered, 0 enqueued
[170.887s][info][gc,ref      ] GC(106) Phantom: 27 encountered, 14 discovered, 0 enqueued
[170.887s][info][gc,reloc    ] GC(106) Small Pages: 318 / 636M, Empty: 472M, Relocated: 5M, In-Place: 0
[170.888s][info][gc,reloc    ] GC(106) Medium Pages: 0 / 0M, Empty: 0M, Relocated: 0M, In-Place: 0
[170.888s][info][gc,reloc    ] GC(106) Large Pages: 0 / 0M, Empty: 0M, Relocated: 0M, In-Place: 0
[170.888s][info][gc,reloc    ] GC(106) Forwarding Usage: 1M
[170.888s][info][gc,heap     ] GC(106) Min Capacity: 8M(0%)
[170.888s][info][gc,heap     ] GC(106) Max Capacity: 4096M(100%)
[170.888s][info][gc,heap     ] GC(106) Soft Max Capacity: 4096M(100%)
[170.888s][info][gc,heap     ] GC(106)                Mark Start          Mark End        Relocate Start      Relocate End           High               Low         
[170.888s][info][gc,heap     ] GC(106)  Capacity:     2048M (50%)        2048M (50%)        2048M (50%)        2048M (50%)        2048M (50%)        2048M (50%)    
[170.888s][info][gc,heap     ] GC(106)      Free:     3460M (84%)        3440M (84%)        3912M (96%)        4050M (99%)        4050M (99%)        3440M (84%)    
[170.888s][info][gc,heap     ] GC(106)      Used:      636M (16%)         656M (16%)         184M (4%)           46M (1%)          656M (16%)          46M (1%)     
[170.888s][info][gc,heap     ] GC(106)      Live:         -                 6M (0%)            6M (0%)            6M (0%)             -                  -          
[170.888s][info][gc,heap     ] GC(106) Allocated:         -                20M (0%)           20M (0%)           19M (0%)             -                  -          
[170.888s][info][gc,heap     ] GC(106)   Garbage:         -               629M (15%)         157M (4%)           19M (0%)             -                  -          
[170.888s][info][gc,heap     ] GC(106) Reclaimed:         -                  -               472M (12%)         609M (15%)            -                  -          
[170.888s][info][gc          ] GC(106) Garbage Collection (Proactive) 636M(16%)->46M(1%)
[172.757s][info][gc,start    ] GC(107) Garbage Collection (Proactive)
[172.757s][info][gc,task     ] GC(107) Using 12 workers
[172.757s][info][gc,phases   ] GC(107) Pause Mark Start 0.020ms
[172.773s][info][gc,phases   ] GC(107) Concurrent Mark 15.155ms
[172.773s][info][gc,phases   ] GC(107) Pause Mark End 0.026ms
[172.773s][info][gc,phases   ] GC(107) Concurrent Mark Free 0.001ms
[172.774s][info][gc,phases   ] GC(107) Concurrent Process Non-Strong References 1.014ms
[172.774s][info][gc,phases   ] GC(107) Concurrent Reset Relocation Set 0.014ms
[172.781s][info][gc,phases   ] GC(107) Concurrent Select Relocation Set 6.764ms
[172.781s][info][gc,phases   ] GC(107) Pause Relocate Start 0.009ms
[172.786s][info][gc,phases   ] GC(107) Concurrent Relocate 4.490ms
[172.786s][info][gc,load     ] GC(107) Load: 0.00/0.00/0.00
[172.786s][info][gc,mmu      ] GC(107) MMU: 2ms/98.4%, 5ms/99.4%, 10ms/99.6%, 20ms/99.7%, 50ms/99.8%, 100ms/99.9%
[172.786s][info][gc,marking  ] GC(107) Mark: 8 stripe(s), 2 proactive flush(es), 1 terminate flush(es), 0 completion(s), 0 continuation(s) 
[172.786s][info][gc,marking  ] GC(107) Mark Stack Usage: 32M
[172.786s][info][gc,nmethod  ] GC(107) NMethods: 1988 registered, 379 unregistered
[172.786s][info][gc,metaspace] GC(107) Metaspace: 9M used, 10M committed, 1088M reserved
[172.786s][info][gc,ref      ] GC(107) Soft: 214 encountered, 0 discovered, 0 enqueued
[172.786s][info][gc,ref      ] GC(107) Weak: 805 encountered, 24 discovered, 0 enqueued
[172.786s][info][gc,ref      ] GC(107) Final: 0 encountered, 0 discovered, 0 enqueued
[172.786s][info][gc,ref      ] GC(107) Phantom: 27 encountered, 21 discovered, 0 enqueued
[172.786s][info][gc,reloc    ] GC(107) Small Pages: 325 / 650M, Empty: 478M, Relocated: 4M, In-Place: 0
[172.786s][info][gc,reloc    ] GC(107) Medium Pages: 0 / 0M, Empty: 0M, Relocated: 0M, In-Place: 0
[172.786s][info][gc,reloc    ] GC(107) Large Pages: 0 / 0M, Empty: 0M, Relocated: 0M, In-Place: 0
[172.786s][info][gc,reloc    ] GC(107) Forwarding Usage: 1M
[172.786s][info][gc,heap     ] GC(107) Min Capacity: 8M(0%)
[172.786s][info][gc,heap     ] GC(107) Max Capacity: 4096M(100%)
[172.786s][info][gc,heap     ] GC(107) Soft Max Capacity: 4096M(100%)
[172.786s][info][gc,heap     ] GC(107)                Mark Start          Mark End        Relocate Start      Relocate End           High               Low         
[172.786s][info][gc,heap     ] GC(107)  Capacity:     2048M (50%)        2048M (50%)        2048M (50%)        2048M (50%)        2048M (50%)        2048M (50%)    
[172.786s][info][gc,heap     ] GC(107)      Free:     3446M (84%)        3426M (84%)        3904M (95%)        4050M (99%)        4050M (99%)        3426M (84%)    
[172.787s][info][gc,heap     ] GC(107)      Used:      650M (16%)         670M (16%)         192M (5%)           46M (1%)          670M (16%)          46M (1%)     
[172.787s][info][gc,heap     ] GC(107)      Live:         -                 6M (0%)            6M (0%)            6M (0%)             -                  -          
[172.787s][info][gc,heap     ] GC(107) Allocated:         -                20M (0%)           20M (0%)           19M (0%)             -                  -          
[172.787s][info][gc,heap     ] GC(107)   Garbage:         -               643M (16%)         165M (4%)           19M (0%)             -                  -          
[172.787s][info][gc,heap     ] GC(107) Reclaimed:         -                  -               478M (12%)         623M (15%)            -                  -          
[172.787s][info][gc          ] GC(107) Garbage Collection (Proactive) 650M(16%)->46M(1%)
[174.460s][info][gc,start    ] GC(108) Garbage Collection (Proactive)
[174.460s][info][gc,task     ] GC(108) Using 12 workers
[174.460s][info][gc,phases   ] GC(108) Pause Mark Start 0.019ms
[174.476s][info][gc,phases   ] GC(108) Concurrent Mark 15.290ms
[174.476s][info][gc,phases   ] GC(108) Pause Mark End 0.025ms
[174.507s][info][gc,phases   ] GC(108) Concurrent Mark Free 0.001ms
[174.509s][info][gc,phases   ] GC(108) Concurrent Process Non-Strong References 1.042ms
[174.509s][info][gc,phases   ] GC(108) Concurrent Reset Relocation Set 0.013ms
[174.512s][info][gc,phases   ] GC(108) Concurrent Select Relocation Set 3.817ms
[174.513s][info][gc,phases   ] GC(108) Pause Relocate Start 0.010ms
[174.516s][info][gc,phases   ] GC(108) Concurrent Relocate 3.070ms
[174.516s][info][gc,load     ] GC(108) Load: 0.00/0.00/0.00
[174.516s][info][gc,mmu      ] GC(108) MMU: 2ms/98.4%, 5ms/99.4%, 10ms/99.6%, 20ms/99.7%, 50ms/99.8%, 100ms/99.9%
[174.516s][info][gc,marking  ] GC(108) Mark: 8 stripe(s), 2 proactive flush(es), 1 terminate flush(es), 0 completion(s), 0 continuation(s) 
[174.516s][info][gc,marking  ] GC(108) Mark Stack Usage: 32M
[174.516s][info][gc,nmethod  ] GC(108) NMethods: 1988 registered, 379 unregistered
[174.516s][info][gc,metaspace] GC(108) Metaspace: 9M used, 10M committed, 1088M reserved
[174.516s][info][gc,ref      ] GC(108) Soft: 214 encountered, 0 discovered, 0 enqueued
[174.516s][info][gc,ref      ] GC(108) Weak: 805 encountered, 14 discovered, 0 enqueued
[174.516s][info][gc,ref      ] GC(108) Final: 0 encountered, 0 discovered, 0 enqueued
[174.516s][info][gc,ref      ] GC(108) Phantom: 27 encountered, 14 discovered, 0 enqueued
[174.516s][info][gc,reloc    ] GC(108) Small Pages: 291 / 582M, Empty: 456M, Relocated: 4M, In-Place: 0
[174.516s][info][gc,reloc    ] GC(108) Medium Pages: 0 / 0M, Empty: 0M, Relocated: 0M, In-Place: 0
[174.516s][info][gc,reloc    ] GC(108) Large Pages: 0 / 0M, Empty: 0M, Relocated: 0M, In-Place: 0
[174.516s][info][gc,reloc    ] GC(108) Forwarding Usage: 1M
[174.516s][info][gc,heap     ] GC(108) Min Capacity: 8M(0%)
[174.516s][info][gc,heap     ] GC(108) Max Capacity: 4096M(100%)
[174.516s][info][gc,heap     ] GC(108) Soft Max Capacity: 4096M(100%)
[174.516s][info][gc,heap     ] GC(108)                Mark Start          Mark End        Relocate Start      Relocate End           High               Low         
[174.516s][info][gc,heap     ] GC(108)  Capacity:     2048M (50%)        2048M (50%)        2048M (50%)        2048M (50%)        2048M (50%)        2048M (50%)    
[174.516s][info][gc,heap     ] GC(108)      Free:     3514M (86%)        3492M (85%)        3948M (96%)        4048M (99%)        4048M (99%)        3492M (85%)    
[174.517s][info][gc,heap     ] GC(108)      Used:      582M (14%)         604M (15%)         148M (4%)           48M (1%)          604M (15%)          48M (1%)     
[174.517s][info][gc,heap     ] GC(108)      Live:         -                 6M (0%)            6M (0%)            6M (0%)             -                  -          
[174.517s][info][gc,heap     ] GC(108) Allocated:         -                22M (1%)           22M (1%)           21M (1%)             -                  -          
[174.517s][info][gc,heap     ] GC(108)   Garbage:         -               575M (14%)         119M (3%)           19M (0%)             -                  -          
[174.517s][info][gc,heap     ] GC(108) Reclaimed:         -                  -               456M (11%)         555M (14%)            -                  -          
[174.517s][info][gc          ] GC(108) Garbage Collection (Proactive) 582M(14%)->48M(1%)
[175.858s][info][gc,start    ] GC(109) Garbage Collection (System.gc())
[175.858s][info][gc,task     ] GC(109) Using 12 workers
[175.858s][info][gc,phases   ] GC(109) Pause Mark Start 0.019ms
[175.866s][info][gc,phases   ] GC(109) Concurrent Mark 7.729ms
[175.866s][info][gc,phases   ] GC(109) Pause Mark End 0.022ms
[175.866s][info][gc,phases   ] GC(109) Concurrent Mark Free 0.001ms
[175.867s][info][gc,phases   ] GC(109) Concurrent Process Non-Strong References 0.939ms
[175.867s][info][gc,phases   ] GC(109) Concurrent Reset Relocation Set 0.013ms
[175.871s][info][gc,phases   ] GC(109) Concurrent Select Relocation Set 3.659ms
[175.871s][info][gc,phases   ] GC(109) Pause Relocate Start 0.008ms
[175.874s][info][gc,phases   ] GC(109) Concurrent Relocate 3.399ms
[175.874s][info][gc,load     ] GC(109) Load: 0.00/0.00/0.00
[175.874s][info][gc,mmu      ] GC(109) MMU: 2ms/98.4%, 5ms/99.4%, 10ms/99.6%, 20ms/99.7%, 50ms/99.8%, 100ms/99.9%
[175.874s][info][gc,marking  ] GC(109) Mark: 8 stripe(s), 2 proactive flush(es), 1 terminate flush(es), 0 completion(s), 0 continuation(s) 
[175.875s][info][gc,marking  ] GC(109) Mark Stack Usage: 32M
[175.875s][info][gc,nmethod  ] GC(109) NMethods: 1988 registered, 379 unregistered
[175.875s][info][gc,metaspace] GC(109) Metaspace: 9M used, 10M committed, 1088M reserved
[175.875s][info][gc,ref      ] GC(109) Soft: 214 encountered, 0 discovered, 0 enqueued
[175.875s][info][gc,ref      ] GC(109) Weak: 805 encountered, 101 discovered, 0 enqueued
[175.875s][info][gc,ref      ] GC(109) Final: 0 encountered, 0 discovered, 0 enqueued
[175.875s][info][gc,ref      ] GC(109) Phantom: 27 encountered, 15 discovered, 0 enqueued
[175.875s][info][gc,reloc    ] GC(109) Small Pages: 234 / 468M, Empty: 444M, Relocated: 4M, In-Place: 0
[175.875s][info][gc,reloc    ] GC(109) Medium Pages: 0 / 0M, Empty: 0M, Relocated: 0M, In-Place: 0
[175.875s][info][gc,reloc    ] GC(109) Large Pages: 0 / 0M, Empty: 0M, Relocated: 0M, In-Place: 0
[175.875s][info][gc,reloc    ] GC(109) Forwarding Usage: 1M
[175.875s][info][gc,heap     ] GC(109) Min Capacity: 8M(0%)
[175.875s][info][gc,heap     ] GC(109) Max Capacity: 4096M(100%)
[175.875s][info][gc,heap     ] GC(109) Soft Max Capacity: 4096M(100%)
[175.875s][info][gc,heap     ] GC(109)                Mark Start          Mark End        Relocate Start      Relocate End           High               Low         
[175.875s][info][gc,heap     ] GC(109)  Capacity:     2048M (50%)        2048M (50%)        2048M (50%)        2048M (50%)        2048M (50%)        2048M (50%)    
[175.875s][info][gc,heap     ] GC(109)      Free:     3628M (89%)        3628M (89%)        4072M (99%)        4072M (99%)        4072M (99%)        3628M (89%)    
[175.875s][info][gc,heap     ] GC(109)      Used:      468M (11%)         468M (11%)          24M (1%)           24M (1%)          468M (11%)          24M (1%)     
[175.875s][info][gc,heap     ] GC(109)      Live:         -                 4M (0%)            4M (0%)            4M (0%)             -                  -          
[175.875s][info][gc,heap     ] GC(109) Allocated:         -                 0M (0%)            0M (0%)            0M (0%)             -                  -          
[175.875s][info][gc,heap     ] GC(109)   Garbage:         -               463M (11%)          19M (0%)           19M (0%)             -                  -          
[175.875s][info][gc,heap     ] GC(109) Reclaimed:         -                  -               444M (11%)         444M (11%)            -                  -          
[175.875s][info][gc          ] GC(109) Garbage Collection (System.gc()) 468M(11%)->24M(1%)
[179.849s][info][gc,start    ] GC(110) Garbage Collection (Proactive)
[179.849s][info][gc,task     ] GC(110) Using 12 workers
[179.850s][info][gc,phases   ] GC(110) Pause Mark Start 0.020ms
[179.865s][info][gc,phases   ] GC(110) Concurrent Mark 15.130ms
[179.865s][info][gc,phases   ] GC(110) Pause Mark End 0.031ms
[179.865s][info][gc,phases   ] GC(110) Concurrent Mark Free 0.001ms
[179.866s][info][gc,phases   ] GC(110) Concurrent Process Non-Strong References 0.998ms
[179.866s][info][gc,phases   ] GC(110) Concurrent Reset Relocation Set 0.002ms
[179.873s][info][gc,phases   ] GC(110) Concurrent Select Relocation Set 6.733ms
[179.873s][info][gc,phases   ] GC(110) Pause Relocate Start 0.010ms
[179.877s][info][gc,phases   ] GC(110) Concurrent Relocate 3.183ms
[179.877s][info][gc,load     ] GC(110) Load: 0.00/0.00/0.00
[179.877s][info][gc,mmu      ] GC(110) MMU: 2ms/98.4%, 5ms/99.4%, 10ms/99.6%, 20ms/99.7%, 50ms/99.8%, 100ms/99.9%
[179.877s][info][gc,marking  ] GC(110) Mark: 8 stripe(s), 2 proactive flush(es), 1 terminate flush(es), 0 completion(s), 0 continuation(s) 
[179.877s][info][gc,marking  ] GC(110) Mark Stack Usage: 32M
[179.877s][info][gc,nmethod  ] GC(110) NMethods: 1991 registered, 379 unregistered
[179.877s][info][gc,metaspace] GC(110) Metaspace: 9M used, 10M committed, 1088M reserved
[179.877s][info][gc,ref      ] GC(110) Soft: 214 encountered, 0 discovered, 0 enqueued
[179.877s][info][gc,ref      ] GC(110) Weak: 805 encountered, 8 discovered, 0 enqueued
[179.877s][info][gc,ref      ] GC(110) Final: 0 encountered, 0 discovered, 0 enqueued
[179.877s][info][gc,ref      ] GC(110) Phantom: 27 encountered, 23 discovered, 0 enqueued
[179.877s][info][gc,reloc    ] GC(110) Small Pages: 634 / 1268M, Empty: 1016M, Relocated: 5M, In-Place: 0
[179.877s][info][gc,reloc    ] GC(110) Medium Pages: 0 / 0M, Empty: 0M, Relocated: 0M, In-Place: 0
[179.877s][info][gc,reloc    ] GC(110) Large Pages: 0 / 0M, Empty: 0M, Relocated: 0M, In-Place: 0
[179.877s][info][gc,reloc    ] GC(110) Forwarding Usage: 1M
[179.877s][info][gc,heap     ] GC(110) Min Capacity: 8M(0%)
[179.877s][info][gc,heap     ] GC(110) Max Capacity: 4096M(100%)
[179.877s][info][gc,heap     ] GC(110) Soft Max Capacity: 4096M(100%)
[179.877s][info][gc,heap     ] GC(110)                Mark Start          Mark End        Relocate Start      Relocate End           High               Low         
[179.877s][info][gc,heap     ] GC(110)  Capacity:     2048M (50%)        2048M (50%)        2048M (50%)        2048M (50%)        2048M (50%)        2048M (50%)    
[179.877s][info][gc,heap     ] GC(110)      Free:     2828M (69%)        2810M (69%)        3824M (93%)        4046M (99%)        4046M (99%)        2810M (69%)    
[179.877s][info][gc,heap     ] GC(110)      Used:     1268M (31%)        1286M (31%)         272M (7%)           50M (1%)         1286M (31%)          50M (1%)     
[179.877s][info][gc,heap     ] GC(110)      Live:         -                 6M (0%)            6M (0%)            6M (0%)             -                  -          
[179.877s][info][gc,heap     ] GC(110) Allocated:         -                18M (0%)           20M (0%)           23M (1%)             -                  -          
[179.877s][info][gc,heap     ] GC(110)   Garbage:         -              1261M (31%)         245M (6%)           19M (0%)             -                  -          
[179.877s][info][gc,heap     ] GC(110) Reclaimed:         -                  -              1016M (25%)        1241M (30%)            -                  -          
[179.877s][info][gc          ] GC(110) Garbage Collection (Proactive) 1268M(31%)->50M(1%)
[180.162s][info][gc,stats    ] === Garbage Collection Statistics =======================================================================================================================
[180.162s][info][gc,stats    ]                                                              Last 10s              Last 10m              Last 10h                Total
[180.162s][info][gc,stats    ]                                                              Avg / Max             Avg / Max             Avg / Max             Avg / Max
[180.162s][info][gc,stats    ]   Collector: Garbage Collection Cycle                     31.261 / 56.079       26.664 / 56.079       26.664 / 56.079       26.664 / 56.079      ms
[180.162s][info][gc,stats    ]  Contention: Mark Segment Reset Contention                     0 / 2                 1 / 12                1 / 12                1 / 12          ops/s
[180.162s][info][gc,stats    ]  Contention: Mark SeqNum Reset Contention                      0 / 1                 0 / 3                 0 / 3                 0 / 3           ops/s
[180.162s][info][gc,stats    ]    Critical: Allocation Stall                                  0 / 0                 0 / 0                 0 / 0                 0 / 0           ops/s
[180.162s][info][gc,stats    ]    Critical: Allocation Stall                              0.000 / 0.000         0.000 / 0.000         0.000 / 0.000         0.000 / 0.000       ms
[180.162s][info][gc,stats    ]    Critical: GC Locker Stall                                   0 / 0                 0 / 0                 0 / 0                 0 / 0           ops/s
[180.162s][info][gc,stats    ]    Critical: GC Locker Stall                               0.000 / 0.000         0.000 / 0.000         0.000 / 0.000         0.000 / 0.000       ms
[180.162s][info][gc,stats    ]    Critical: Relocation Stall                                  0 / 0                 0 / 0                 0 / 0                 0 / 0           ops/s
[180.162s][info][gc,stats    ]    Critical: Relocation Stall                              0.000 / 0.000         0.000 / 0.000         0.000 / 0.000         0.000 / 0.000       ms
[180.162s][info][gc,stats    ]      Memory: Allocation Rate                                 320 / 336             319 / 344             319 / 344             319 / 344         MB/s
[180.162s][info][gc,stats    ]      Memory: Defragment                                        0 / 0                 0 / 0                 0 / 0                 0 / 0           ops/s
[180.162s][info][gc,stats    ]      Memory: Out Of Memory                                     0 / 0                 0 / 0                 0 / 0                 0 / 0           ops/s
[180.162s][info][gc,stats    ]      Memory: Page Cache Flush                                  0 / 0                 0 / 0                 0 / 0                 0 / 0           MB/s
[180.162s][info][gc,stats    ]      Memory: Page Cache Hit L1                               165 / 180             163 / 195             163 / 195             163 / 195         ops/s
[180.162s][info][gc,stats    ]      Memory: Page Cache Hit L2                                 0 / 0                 0 / 0                 0 / 0                 0 / 0           ops/s
[180.162s][info][gc,stats    ]      Memory: Page Cache Hit L3                                 0 / 7                 3 / 137               3 / 137               3 / 137         ops/s
[180.162s][info][gc,stats    ]      Memory: Page Cache Miss                                   0 / 0                 0 / 1                 0 / 1                 0 / 1           ops/s
[180.162s][info][gc,stats    ]      Memory: Uncommit                                          0 / 0                 0 / 0                 0 / 0                 0 / 0           MB/s
[180.162s][info][gc,stats    ]      Memory: Undo Object Allocation Failed                     0 / 0                 0 / 0                 0 / 0                 0 / 0           ops/s
[180.162s][info][gc,stats    ]      Memory: Undo Object Allocation Succeeded                  0 / 0                 0 / 4                 0 / 4                 0 / 4           ops/s
[180.162s][info][gc,stats    ]      Memory: Undo Page Allocation                              0 / 0                 0 / 0                 0 / 0                 0 / 0           ops/s
[180.162s][info][gc,stats    ]       Phase: Concurrent Mark                              13.694 / 15.290       15.007 / 24.159       15.007 / 24.159       15.007 / 24.159      ms
[180.163s][info][gc,stats    ]       Phase: Concurrent Mark Continue                      0.000 / 0.000         0.000 / 0.000         0.000 / 0.000         0.000 / 0.000       ms
[180.163s][info][gc,stats    ]       Phase: Concurrent Mark Free                          0.001 / 0.001         0.001 / 0.002         0.001 / 0.002         0.001 / 0.002       ms
[180.163s][info][gc,stats    ]       Phase: Concurrent Process Non-Strong References      1.008 / 1.050         1.056 / 5.230         1.056 / 5.230         1.056 / 5.230       ms
[180.163s][info][gc,stats    ]       Phase: Concurrent Relocate                           3.467 / 4.490         3.409 / 5.038         3.409 / 5.038         3.409 / 5.038       ms
[180.163s][info][gc,stats    ]       Phase: Concurrent Reset Relocation Set               0.009 / 0.014         0.010 / 0.022         0.010 / 0.022         0.010 / 0.022       ms
[180.163s][info][gc,stats    ]       Phase: Concurrent Select Relocation Set              5.502 / 6.764         5.339 / 15.356        5.339 / 15.356        5.339 / 15.356      ms
[180.163s][info][gc,stats    ]       Phase: Pause Mark End                                0.026 / 0.031         0.025 / 0.032         0.025 / 0.032         0.025 / 0.032       ms
[180.163s][info][gc,stats    ]       Phase: Pause Mark Start                              0.019 / 0.020         0.018 / 0.021         0.018 / 0.021         0.018 / 0.021       ms
[180.163s][info][gc,stats    ]       Phase: Pause Relocate Start                          0.009 / 0.010         0.009 / 0.028         0.009 / 0.028         0.009 / 0.028       ms
[180.163s][info][gc,stats    ]    Subphase: Concurrent Classes Purge                      0.005 / 0.005         0.027 / 0.876         0.027 / 0.876         0.027 / 0.876       ms
[180.163s][info][gc,stats    ]    Subphase: Concurrent Classes Unlink                     0.690 / 0.728         0.719 / 4.065         0.719 / 4.065         0.719 / 4.065       ms
[180.163s][info][gc,stats    ]    Subphase: Concurrent Mark                              11.994 / 14.193       13.141 / 23.147       13.141 / 23.147       13.141 / 23.147      ms
[180.163s][info][gc,stats    ]    Subphase: Concurrent Mark Try Flush                     0.072 / 0.112         0.071 / 0.145         0.071 / 0.145         0.071 / 0.145       ms
[180.163s][info][gc,stats    ]    Subphase: Concurrent Mark Try Terminate                 7.504 / 11.178        8.252 / 16.572        8.252 / 16.572        8.252 / 16.572      ms
[180.163s][info][gc,stats    ]    Subphase: Concurrent References Enqueue                 0.000 / 0.001         0.001 / 0.004         0.001 / 0.004         0.001 / 0.004       ms
[180.163s][info][gc,stats    ]    Subphase: Concurrent References Process                 0.042 / 0.045         0.043 / 0.089         0.043 / 0.089         0.043 / 0.089       ms
[180.163s][info][gc,stats    ]    Subphase: Concurrent Roots ClassLoaderDataGraph         0.083 / 0.692         0.084 / 0.896         0.084 / 0.896         0.084 / 0.896       ms
[180.163s][info][gc,stats    ]    Subphase: Concurrent Roots CodeCache                    0.000 / 0.000         0.000 / 0.000         0.000 / 0.000         0.000 / 0.000       ms
[180.163s][info][gc,stats    ]    Subphase: Concurrent Roots JavaThreads                  0.516 / 0.994         0.512 / 1.189         0.512 / 1.189         0.512 / 1.189       ms
[180.163s][info][gc,stats    ]    Subphase: Concurrent Roots OopStorageSet                0.016 / 0.052         0.018 / 0.190         0.018 / 0.190         0.018 / 0.190       ms
[180.163s][info][gc,stats    ]    Subphase: Concurrent Weak Roots OopStorageSet           0.146 / 0.177         0.141 / 0.182         0.141 / 0.182         0.141 / 0.182       ms
[180.163s][info][gc,stats    ]    Subphase: Pause Mark Try Complete                       0.000 / 0.000         0.000 / 0.000         0.000 / 0.000         0.000 / 0.000       ms
[180.163s][info][gc,stats    ]      System: Java Threads                                     35 / 35               33 / 39               33 / 39               33 / 39          threads
[180.163s][info][gc,stats    ] =========================================================================================================================================================
[182.838s][info][gc,start    ] GC(111) Garbage Collection (System.gc())
[182.838s][info][gc,task     ] GC(111) Using 12 workers
[182.838s][info][gc,phases   ] GC(111) Pause Mark Start 0.018ms
[182.844s][info][gc,phases   ] GC(111) Concurrent Mark 6.321ms
[182.845s][info][gc,phases   ] GC(111) Pause Mark End 0.023ms
[182.845s][info][gc,phases   ] GC(111) Concurrent Mark Free 0.001ms
[182.846s][info][gc,phases   ] GC(111) Concurrent Process Non-Strong References 0.985ms
[182.846s][info][gc,phases   ] GC(111) Concurrent Reset Relocation Set 0.023ms
[182.850s][info][gc,phases   ] GC(111) Concurrent Select Relocation Set 3.796ms
[182.850s][info][gc,phases   ] GC(111) Pause Relocate Start 0.008ms
[182.853s][info][gc,phases   ] GC(111) Concurrent Relocate 3.544ms
[182.853s][info][gc,load     ] GC(111) Load: 0.00/0.00/0.00
[182.853s][info][gc,mmu      ] GC(111) MMU: 2ms/98.4%, 5ms/99.4%, 10ms/99.6%, 20ms/99.7%, 50ms/99.8%, 100ms/99.9%
[182.854s][info][gc,marking  ] GC(111) Mark: 8 stripe(s), 1 proactive flush(es), 1 terminate flush(es), 0 completion(s), 0 continuation(s) 
[182.854s][info][gc,marking  ] GC(111) Mark Stack Usage: 32M
[182.854s][info][gc,nmethod  ] GC(111) NMethods: 1991 registered, 379 unregistered
[182.854s][info][gc,metaspace] GC(111) Metaspace: 9M used, 10M committed, 1088M reserved
[182.854s][info][gc,ref      ] GC(111) Soft: 214 encountered, 0 discovered, 0 enqueued
[182.854s][info][gc,ref      ] GC(111) Weak: 805 encountered, 105 discovered, 0 enqueued
[182.854s][info][gc,ref      ] GC(111) Final: 0 encountered, 0 discovered, 0 enqueued
[182.854s][info][gc,ref      ] GC(111) Phantom: 27 encountered, 18 discovered, 0 enqueued
[182.854s][info][gc,reloc    ] GC(111) Small Pages: 497 / 994M, Empty: 964M, Relocated: 4M, In-Place: 0
[182.854s][info][gc,reloc    ] GC(111) Medium Pages: 0 / 0M, Empty: 0M, Relocated: 0M, In-Place: 0
[182.854s][info][gc,reloc    ] GC(111) Large Pages: 0 / 0M, Empty: 0M, Relocated: 0M, In-Place: 0
[182.854s][info][gc,reloc    ] GC(111) Forwarding Usage: 1M
[182.854s][info][gc,heap     ] GC(111) Min Capacity: 8M(0%)
[182.854s][info][gc,heap     ] GC(111) Max Capacity: 4096M(100%)
[182.854s][info][gc,heap     ] GC(111) Soft Max Capacity: 4096M(100%)
[182.854s][info][gc,heap     ] GC(111)                Mark Start          Mark End        Relocate Start      Relocate End           High               Low         
[182.854s][info][gc,heap     ] GC(111)  Capacity:     2048M (50%)        2048M (50%)        2048M (50%)        2048M (50%)        2048M (50%)        2048M (50%)    
[182.854s][info][gc,heap     ] GC(111)      Free:     3102M (76%)        3102M (76%)        4066M (99%)        4072M (99%)        4072M (99%)        3102M (76%)    
[182.854s][info][gc,heap     ] GC(111)      Used:      994M (24%)         994M (24%)          30M (1%)           24M (1%)          994M (24%)          24M (1%)     
[182.854s][info][gc,heap     ] GC(111)      Live:         -                 4M (0%)            4M (0%)            4M (0%)             -                  -          
[182.854s][info][gc,heap     ] GC(111) Allocated:         -                 0M (0%)            0M (0%)            0M (0%)             -                  -          
[182.854s][info][gc,heap     ] GC(111)   Garbage:         -               989M (24%)          25M (1%)           19M (0%)             -                  -          
[182.854s][info][gc,heap     ] GC(111) Reclaimed:         -                  -               964M (24%)         970M (24%)            -                  -          
[182.854s][info][gc          ] GC(111) Garbage Collection (System.gc()) 994M(24%)->24M(1%)
[185.148s][info][gc,start    ] GC(112) Garbage Collection (Proactive)
[185.148s][info][gc,task     ] GC(112) Using 12 workers
[185.149s][info][gc,phases   ] GC(112) Pause Mark Start 0.018ms
[185.164s][info][gc,phases   ] GC(112) Concurrent Mark 15.144ms
[185.164s][info][gc,phases   ] GC(112) Pause Mark End 0.026ms
[185.164s][info][gc,phases   ] GC(112) Concurrent Mark Free 0.001ms
[185.165s][info][gc,phases   ] GC(112) Concurrent Process Non-Strong References 1.108ms
[185.166s][info][gc,phases   ] GC(112) Concurrent Reset Relocation Set 0.003ms
[185.172s][info][gc,phases   ] GC(112) Concurrent Select Relocation Set 6.917ms
[185.173s][info][gc,phases   ] GC(112) Pause Relocate Start 0.011ms
[185.176s][info][gc,phases   ] GC(112) Concurrent Relocate 3.257ms
[185.176s][info][gc,load     ] GC(112) Load: 0.00/0.00/0.00
[185.176s][info][gc,mmu      ] GC(112) MMU: 2ms/98.4%, 5ms/99.4%, 10ms/99.6%, 20ms/99.7%, 50ms/99.8%, 100ms/99.9%
[185.176s][info][gc,marking  ] GC(112) Mark: 8 stripe(s), 2 proactive flush(es), 1 terminate flush(es), 0 completion(s), 0 continuation(s) 
[185.176s][info][gc,marking  ] GC(112) Mark Stack Usage: 32M
[185.176s][info][gc,nmethod  ] GC(112) NMethods: 1993 registered, 382 unregistered
[185.176s][info][gc,metaspace] GC(112) Metaspace: 9M used, 10M committed, 1088M reserved
[185.176s][info][gc,ref      ] GC(112) Soft: 214 encountered, 0 discovered, 0 enqueued
[185.176s][info][gc,ref      ] GC(112) Weak: 817 encountered, 21 discovered, 4 enqueued
[185.176s][info][gc,ref      ] GC(112) Final: 0 encountered, 0 discovered, 0 enqueued
[185.176s][info][gc,ref      ] GC(112) Phantom: 27 encountered, 15 discovered, 0 enqueued
[185.176s][info][gc,reloc    ] GC(112) Small Pages: 384 / 768M, Empty: 506M, Relocated: 4M, In-Place: 0
[185.176s][info][gc,reloc    ] GC(112) Medium Pages: 0 / 0M, Empty: 0M, Relocated: 0M, In-Place: 0
[185.176s][info][gc,reloc    ] GC(112) Large Pages: 0 / 0M, Empty: 0M, Relocated: 0M, In-Place: 0
[185.176s][info][gc,reloc    ] GC(112) Forwarding Usage: 1M
[185.176s][info][gc,heap     ] GC(112) Min Capacity: 8M(0%)
[185.176s][info][gc,heap     ] GC(112) Max Capacity: 4096M(100%)
[185.176s][info][gc,heap     ] GC(112) Soft Max Capacity: 4096M(100%)
[185.176s][info][gc,heap     ] GC(112)                Mark Start          Mark End        Relocate Start      Relocate End           High               Low         
[185.177s][info][gc,heap     ] GC(112)  Capacity:     2048M (50%)        2048M (50%)        2048M (50%)        2048M (50%)        2048M (50%)        2048M (50%)    
[185.177s][info][gc,heap     ] GC(112)      Free:     3328M (81%)        3306M (81%)        3808M (93%)        4042M (99%)        4042M (99%)        3306M (81%)    
[185.177s][info][gc,heap     ] GC(112)      Used:      768M (19%)         790M (19%)         288M (7%)           54M (1%)          790M (19%)          54M (1%)     
[185.177s][info][gc,heap     ] GC(112)      Live:         -                 6M (0%)            6M (0%)            6M (0%)             -                  -          
[185.177s][info][gc,heap     ] GC(112) Allocated:         -                22M (1%)           26M (1%)           27M (1%)             -                  -          
[185.177s][info][gc,heap     ] GC(112)   Garbage:         -               761M (19%)         255M (6%)           19M (0%)             -                  -          
[185.177s][info][gc,heap     ] GC(112) Reclaimed:         -                  -               506M (12%)         741M (18%)            -                  -          
[185.177s][info][gc          ] GC(112) Garbage Collection (Proactive) 768M(19%)->54M(1%)
[187.459s][info][gc,start    ] GC(113) Garbage Collection (Proactive)
[187.459s][info][gc,task     ] GC(113) Using 12 workers
[187.460s][info][gc,phases   ] GC(113) Pause Mark Start 0.020ms
[187.475s][info][gc,phases   ] GC(113) Concurrent Mark 15.104ms
[187.475s][info][gc,phases   ] GC(113) Pause Mark End 0.022ms
[187.475s][info][gc,phases   ] GC(113) Concurrent Mark Free 0.002ms
[187.476s][info][gc,phases   ] GC(113) Concurrent Process Non-Strong References 1.036ms
[187.476s][info][gc,phases   ] GC(113) Concurrent Reset Relocation Set 0.020ms
[187.483s][info][gc,phases   ] GC(113) Concurrent Select Relocation Set 7.083ms
[187.484s][info][gc,phases   ] GC(113) Pause Relocate Start 0.008ms
[187.487s][info][gc,phases   ] GC(113) Concurrent Relocate 3.464ms
[187.487s][info][gc,load     ] GC(113) Load: 0.00/0.00/0.00
[187.487s][info][gc,mmu      ] GC(113) MMU: 2ms/98.4%, 5ms/99.4%, 10ms/99.6%, 20ms/99.7%, 50ms/99.8%, 100ms/99.9%
[187.487s][info][gc,marking  ] GC(113) Mark: 8 stripe(s), 3 proactive flush(es), 1 terminate flush(es), 0 completion(s), 0 continuation(s) 
[187.487s][info][gc,marking  ] GC(113) Mark Stack Usage: 32M
[187.487s][info][gc,nmethod  ] GC(113) NMethods: 1993 registered, 382 unregistered
[187.488s][info][gc,metaspace] GC(113) Metaspace: 9M used, 10M committed, 1088M reserved
[187.488s][info][gc,ref      ] GC(113) Soft: 214 encountered, 0 discovered, 0 enqueued
[187.488s][info][gc,ref      ] GC(113) Weak: 813 encountered, 176 discovered, 0 enqueued
[187.488s][info][gc,ref      ] GC(113) Final: 0 encountered, 0 discovered, 0 enqueued
[187.488s][info][gc,ref      ] GC(113) Phantom: 27 encountered, 20 discovered, 0 enqueued
[187.488s][info][gc,reloc    ] GC(113) Small Pages: 394 / 788M, Empty: 538M, Relocated: 4M, In-Place: 0
[187.488s][info][gc,reloc    ] GC(113) Medium Pages: 0 / 0M, Empty: 0M, Relocated: 0M, In-Place: 0
[187.488s][info][gc,reloc    ] GC(113) Large Pages: 0 / 0M, Empty: 0M, Relocated: 0M, In-Place: 0
[187.488s][info][gc,reloc    ] GC(113) Forwarding Usage: 1M
[187.488s][info][gc,heap     ] GC(113) Min Capacity: 8M(0%)
[187.488s][info][gc,heap     ] GC(113) Max Capacity: 4096M(100%)
[187.488s][info][gc,heap     ] GC(113) Soft Max Capacity: 4096M(100%)
[187.488s][info][gc,heap     ] GC(113)                Mark Start          Mark End        Relocate Start      Relocate End           High               Low         
[187.488s][info][gc,heap     ] GC(113)  Capacity:     2048M (50%)        2048M (50%)        2048M (50%)        2048M (50%)        2048M (50%)        2048M (50%)    
[187.488s][info][gc,heap     ] GC(113)      Free:     3308M (81%)        3284M (80%)        3822M (93%)        4046M (99%)        4046M (99%)        3284M (80%)    
[187.488s][info][gc,heap     ] GC(113)      Used:      788M (19%)         812M (20%)         274M (7%)           50M (1%)          812M (20%)          50M (1%)     
[187.488s][info][gc,heap     ] GC(113)      Live:         -                 6M (0%)            6M (0%)            6M (0%)             -                  -          
[187.488s][info][gc,heap     ] GC(113) Allocated:         -                24M (1%)           24M (1%)           23M (1%)             -                  -          
[187.488s][info][gc,heap     ] GC(113)   Garbage:         -               781M (19%)         243M (6%)           19M (0%)             -                  -          
[187.488s][info][gc,heap     ] GC(113) Reclaimed:         -                  -               538M (13%)         761M (19%)            -                  -          
[187.488s][info][gc          ] GC(113) Garbage Collection (Proactive) 788M(19%)->50M(1%)
[189.456s][info][gc,start    ] GC(114) Garbage Collection (Proactive)
[189.457s][info][gc,task     ] GC(114) Using 12 workers
[189.457s][info][gc,phases   ] GC(114) Pause Mark Start 0.020ms
[189.472s][info][gc,phases   ] GC(114) Concurrent Mark 15.081ms
[189.472s][info][gc,phases   ] GC(114) Pause Mark End 0.025ms
[189.472s][info][gc,phases   ] GC(114) Concurrent Mark Free 0.001ms
[189.473s][info][gc,phases   ] GC(114) Concurrent Process Non-Strong References 1.052ms
[189.473s][info][gc,phases   ] GC(114) Concurrent Reset Relocation Set 0.018ms
[189.477s][info][gc,phases   ] GC(114) Concurrent Select Relocation Set 3.824ms
[189.477s][info][gc,phases   ] GC(114) Pause Relocate Start 0.010ms
[189.481s][info][gc,phases   ] GC(114) Concurrent Relocate 3.268ms
[189.481s][info][gc,load     ] GC(114) Load: 0.00/0.00/0.00
[189.481s][info][gc,mmu      ] GC(114) MMU: 2ms/98.4%, 5ms/99.4%, 10ms/99.6%, 20ms/99.7%, 50ms/99.8%, 100ms/99.9%
[189.481s][info][gc,marking  ] GC(114) Mark: 8 stripe(s), 2 proactive flush(es), 1 terminate flush(es), 0 completion(s), 0 continuation(s) 
[189.481s][info][gc,marking  ] GC(114) Mark Stack Usage: 32M
[189.481s][info][gc,nmethod  ] GC(114) NMethods: 1993 registered, 382 unregistered
[189.481s][info][gc,metaspace] GC(114) Metaspace: 9M used, 10M committed, 1088M reserved
[189.481s][info][gc,ref      ] GC(114) Soft: 214 encountered, 0 discovered, 0 enqueued
[189.481s][info][gc,ref      ] GC(114) Weak: 813 encountered, 15 discovered, 0 enqueued
[189.481s][info][gc,ref      ] GC(114) Final: 0 encountered, 0 discovered, 0 enqueued
[189.481s][info][gc,ref      ] GC(114) Phantom: 27 encountered, 18 discovered, 0 enqueued
[189.481s][info][gc,reloc    ] GC(114) Small Pages: 329 / 658M, Empty: 530M, Relocated: 4M, In-Place: 0
[189.481s][info][gc,reloc    ] GC(114) Medium Pages: 0 / 0M, Empty: 0M, Relocated: 0M, In-Place: 0
[189.481s][info][gc,reloc    ] GC(114) Large Pages: 0 / 0M, Empty: 0M, Relocated: 0M, In-Place: 0
[189.481s][info][gc,reloc    ] GC(114) Forwarding Usage: 1M
[189.481s][info][gc,heap     ] GC(114) Min Capacity: 8M(0%)
[189.481s][info][gc,heap     ] GC(114) Max Capacity: 4096M(100%)
[189.481s][info][gc,heap     ] GC(114) Soft Max Capacity: 4096M(100%)
[189.481s][info][gc,heap     ] GC(114)                Mark Start          Mark End        Relocate Start      Relocate End           High               Low         
[189.481s][info][gc,heap     ] GC(114)  Capacity:     2048M (50%)        2048M (50%)        2048M (50%)        2048M (50%)        2048M (50%)        2048M (50%)    
[189.482s][info][gc,heap     ] GC(114)      Free:     3438M (84%)        3422M (84%)        3950M (96%)        4052M (99%)        4052M (99%)        3422M (84%)    
[189.482s][info][gc,heap     ] GC(114)      Used:      658M (16%)         674M (16%)         146M (4%)           44M (1%)          674M (16%)          44M (1%)     
[189.482s][info][gc,heap     ] GC(114)      Live:         -                 6M (0%)            6M (0%)            6M (0%)             -                  -          
[189.482s][info][gc,heap     ] GC(114) Allocated:         -                16M (0%)           18M (0%)           17M (0%)             -                  -          
[189.482s][info][gc,heap     ] GC(114)   Garbage:         -               651M (16%)         121M (3%)           19M (0%)             -                  -          
[189.482s][info][gc,heap     ] GC(114) Reclaimed:         -                  -               530M (13%)         631M (15%)            -                  -          
[189.482s][info][gc          ] GC(114) Garbage Collection (Proactive) 658M(16%)->44M(1%)
[189.737s][info][gc,start    ] GC(115) Garbage Collection (System.gc())
[189.737s][info][gc,task     ] GC(115) Using 12 workers
[189.737s][info][gc,phases   ] GC(115) Pause Mark Start 0.017ms
[189.754s][info][gc,phases   ] GC(115) Concurrent Mark 16.691ms
[189.754s][info][gc,phases   ] GC(115) Pause Mark End 0.023ms
[189.755s][info][gc,phases   ] GC(115) Concurrent Mark Free 0.001ms
[189.756s][info][gc,phases   ] GC(115) Concurrent Process Non-Strong References 0.951ms
[189.756s][info][gc,phases   ] GC(115) Concurrent Reset Relocation Set 0.011ms
[189.759s][info][gc,phases   ] GC(115) Concurrent Select Relocation Set 3.742ms
[189.760s][info][gc,phases   ] GC(115) Pause Relocate Start 0.008ms
[189.763s][info][gc,phases   ] GC(115) Concurrent Relocate 3.403ms
[189.763s][info][gc,load     ] GC(115) Load: 0.00/0.00/0.00
[189.763s][info][gc,mmu      ] GC(115) MMU: 2ms/98.4%, 5ms/99.4%, 10ms/99.6%, 20ms/99.7%, 50ms/99.8%, 100ms/99.9%
[189.763s][info][gc,marking  ] GC(115) Mark: 8 stripe(s), 2 proactive flush(es), 1 terminate flush(es), 0 completion(s), 0 continuation(s) 
[189.763s][info][gc,marking  ] GC(115) Mark Stack Usage: 32M
[189.763s][info][gc,nmethod  ] GC(115) NMethods: 1995 registered, 382 unregistered
[189.763s][info][gc,metaspace] GC(115) Metaspace: 9M used, 10M committed, 1088M reserved
[189.763s][info][gc,ref      ] GC(115) Soft: 214 encountered, 0 discovered, 0 enqueued
[189.763s][info][gc,ref      ] GC(115) Weak: 813 encountered, 29 discovered, 0 enqueued
[189.763s][info][gc,ref      ] GC(115) Final: 0 encountered, 0 discovered, 0 enqueued
[189.763s][info][gc,ref      ] GC(115) Phantom: 27 encountered, 15 discovered, 0 enqueued
[189.763s][info][gc,reloc    ] GC(115) Small Pages: 63 / 126M, Empty: 98M, Relocated: 4M, In-Place: 0
[189.763s][info][gc,reloc    ] GC(115) Medium Pages: 0 / 0M, Empty: 0M, Relocated: 0M, In-Place: 0
[189.763s][info][gc,reloc    ] GC(115) Large Pages: 0 / 0M, Empty: 0M, Relocated: 0M, In-Place: 0
[189.763s][info][gc,reloc    ] GC(115) Forwarding Usage: 1M
[189.763s][info][gc,heap     ] GC(115) Min Capacity: 8M(0%)
[189.764s][info][gc,heap     ] GC(115) Max Capacity: 4096M(100%)
[189.764s][info][gc,heap     ] GC(115) Soft Max Capacity: 4096M(100%)
[189.764s][info][gc,heap     ] GC(115)                Mark Start          Mark End        Relocate Start      Relocate End           High               Low         
[189.764s][info][gc,heap     ] GC(115)  Capacity:     2048M (50%)        2048M (50%)        2048M (50%)        2048M (50%)        2048M (50%)        2048M (50%)    
[189.764s][info][gc,heap     ] GC(115)      Free:     3970M (97%)        3970M (97%)        4068M (99%)        4072M (99%)        4072M (99%)        3970M (97%)    
[189.764s][info][gc,heap     ] GC(115)      Used:      126M (3%)          126M (3%)           28M (1%)           24M (1%)          126M (3%)           24M (1%)     
[189.764s][info][gc,heap     ] GC(115)      Live:         -                 4M (0%)            4M (0%)            4M (0%)             -                  -          
[189.764s][info][gc,heap     ] GC(115) Allocated:         -                 0M (0%)            0M (0%)            0M (0%)             -                  -          
[189.764s][info][gc,heap     ] GC(115)   Garbage:         -               121M (3%)           23M (1%)           19M (0%)             -                  -          
[189.764s][info][gc,heap     ] GC(115) Reclaimed:         -                  -                98M (2%)          102M (2%)             -                  -          
[189.764s][info][gc          ] GC(115) Garbage Collection (System.gc()) 126M(3%)->24M(1%)
[190.161s][info][gc,stats    ] === Garbage Collection Statistics =======================================================================================================================
[190.161s][info][gc,stats    ]                                                              Last 10s              Last 10m              Last 10h                Total
[190.161s][info][gc,stats    ]                                                              Avg / Max             Avg / Max             Avg / Max             Avg / Max
[190.161s][info][gc,stats    ]   Collector: Garbage Collection Cycle                     24.399 / 28.074       26.566 / 56.079       26.566 / 56.079       26.566 / 56.079      ms
[190.161s][info][gc,stats    ]  Contention: Mark Segment Reset Contention                     0 / 4                 1 / 12                1 / 12                1 / 12          ops/s
[190.161s][info][gc,stats    ]  Contention: Mark SeqNum Reset Contention                      0 / 1                 0 / 3                 0 / 3                 0 / 3           ops/s
[190.161s][info][gc,stats    ]    Critical: Allocation Stall                                  0 / 0                 0 / 0                 0 / 0                 0 / 0           ops/s
[190.161s][info][gc,stats    ]    Critical: Allocation Stall                              0.000 / 0.000         0.000 / 0.000         0.000 / 0.000         0.000 / 0.000       ms
[190.161s][info][gc,stats    ]    Critical: GC Locker Stall                                   0 / 0                 0 / 0                 0 / 0                 0 / 0           ops/s
[190.161s][info][gc,stats    ]    Critical: GC Locker Stall                               0.000 / 0.000         0.000 / 0.000         0.000 / 0.000         0.000 / 0.000       ms
[190.161s][info][gc,stats    ]    Critical: Relocation Stall                                  0 / 0                 0 / 0                 0 / 0                 0 / 0           ops/s
[190.161s][info][gc,stats    ]    Critical: Relocation Stall                              0.000 / 0.000         0.000 / 0.000         0.000 / 0.000         0.000 / 0.000       ms
[190.161s][info][gc,stats    ]      Memory: Allocation Rate                                 323 / 344             319 / 344             319 / 344             319 / 344         MB/s
[190.161s][info][gc,stats    ]      Memory: Defragment                                        0 / 0                 0 / 0                 0 / 0                 0 / 0           ops/s
[190.161s][info][gc,stats    ]      Memory: Out Of Memory                                     0 / 0                 0 / 0                 0 / 0                 0 / 0           ops/s
[190.161s][info][gc,stats    ]      Memory: Page Cache Flush                                  0 / 0                 0 / 0                 0 / 0                 0 / 0           MB/s
[190.161s][info][gc,stats    ]      Memory: Page Cache Hit L1                               167 / 189             163 / 195             163 / 195             163 / 195         ops/s
[190.161s][info][gc,stats    ]      Memory: Page Cache Hit L2                                 0 / 0                 0 / 0                 0 / 0                 0 / 0           ops/s
[190.161s][info][gc,stats    ]      Memory: Page Cache Hit L3                                 0 / 0                 3 / 137               3 / 137               3 / 137         ops/s
[190.161s][info][gc,stats    ]      Memory: Page Cache Miss                                   0 / 0                 0 / 1                 0 / 1                 0 / 1           ops/s
[190.161s][info][gc,stats    ]      Memory: Uncommit                                          0 / 0                 0 / 0                 0 / 0                 0 / 0           MB/s
[190.161s][info][gc,stats    ]      Memory: Undo Object Allocation Failed                     0 / 0                 0 / 0                 0 / 0                 0 / 0           ops/s
[190.161s][info][gc,stats    ]      Memory: Undo Object Allocation Succeeded                  0 / 2                 0 / 4                 0 / 4                 0 / 4           ops/s
[190.161s][info][gc,stats    ]      Memory: Undo Page Allocation                              0 / 0                 0 / 0                 0 / 0                 0 / 0           ops/s
[190.161s][info][gc,stats    ]       Phase: Concurrent Mark                              13.668 / 16.691       14.950 / 24.159       14.950 / 24.159       14.950 / 24.159      ms
[190.161s][info][gc,stats    ]       Phase: Concurrent Mark Continue                      0.000 / 0.000         0.000 / 0.000         0.000 / 0.000         0.000 / 0.000       ms
[190.161s][info][gc,stats    ]       Phase: Concurrent Mark Free                          0.001 / 0.002         0.001 / 0.002         0.001 / 0.002         0.001 / 0.002       ms
[190.161s][info][gc,stats    ]       Phase: Concurrent Process Non-Strong References      1.026 / 1.108         1.055 / 5.230         1.055 / 5.230         1.055 / 5.230       ms
[190.162s][info][gc,stats    ]       Phase: Concurrent Relocate                           3.387 / 3.544         3.408 / 5.038         3.408 / 5.038         3.408 / 5.038       ms
[190.162s][info][gc,stats    ]       Phase: Concurrent Reset Relocation Set               0.015 / 0.023         0.010 / 0.023         0.010 / 0.023         0.010 / 0.023       ms
[190.162s][info][gc,stats    ]       Phase: Concurrent Select Relocation Set              5.072 / 7.083         5.327 / 15.356        5.327 / 15.356        5.327 / 15.356      ms
[190.162s][info][gc,stats    ]       Phase: Pause Mark End                                0.024 / 0.026         0.025 / 0.032         0.025 / 0.032         0.025 / 0.032       ms
[190.162s][info][gc,stats    ]       Phase: Pause Mark Start                              0.018 / 0.020         0.018 / 0.021         0.018 / 0.021         0.018 / 0.021       ms
[190.162s][info][gc,stats    ]       Phase: Pause Relocate Start                          0.009 / 0.011         0.009 / 0.028         0.009 / 0.028         0.009 / 0.028       ms
[190.162s][info][gc,stats    ]    Subphase: Concurrent Classes Purge                      0.011 / 0.034         0.026 / 0.876         0.026 / 0.876         0.026 / 0.876       ms
[190.162s][info][gc,stats    ]    Subphase: Concurrent Classes Unlink                     0.704 / 0.736         0.718 / 4.065         0.718 / 4.065         0.718 / 4.065       ms
[190.162s][info][gc,stats    ]    Subphase: Concurrent Mark                              11.942 / 15.530       13.090 / 23.147       13.090 / 23.147       13.090 / 23.147      ms
[190.162s][info][gc,stats    ]    Subphase: Concurrent Mark Try Flush                     0.082 / 0.114         0.072 / 0.145         0.072 / 0.145         0.072 / 0.145       ms
[190.162s][info][gc,stats    ]    Subphase: Concurrent Mark Try Terminate                 7.533 / 13.466        8.221 / 16.572        8.221 / 16.572        8.221 / 16.572      ms
[190.162s][info][gc,stats    ]    Subphase: Concurrent References Enqueue                 0.001 / 0.004         0.001 / 0.004         0.001 / 0.004         0.001 / 0.004       ms
[190.162s][info][gc,stats    ]    Subphase: Concurrent References Process                 0.045 / 0.065         0.043 / 0.089         0.043 / 0.089         0.043 / 0.089       ms
[190.162s][info][gc,stats    ]    Subphase: Concurrent Roots ClassLoaderDataGraph         0.085 / 0.706         0.084 / 0.896         0.084 / 0.896         0.084 / 0.896       ms
[190.162s][info][gc,stats    ]    Subphase: Concurrent Roots CodeCache                    0.000 / 0.000         0.000 / 0.000         0.000 / 0.000         0.000 / 0.000       ms
[190.162s][info][gc,stats    ]    Subphase: Concurrent Roots JavaThreads                  0.569 / 1.051         0.514 / 1.189         0.514 / 1.189         0.514 / 1.189       ms
[190.162s][info][gc,stats    ]    Subphase: Concurrent Roots OopStorageSet                0.017 / 0.048         0.018 / 0.190         0.018 / 0.190         0.018 / 0.190       ms
[190.162s][info][gc,stats    ]    Subphase: Concurrent Weak Roots OopStorageSet           0.139 / 0.176         0.141 / 0.182         0.141 / 0.182         0.141 / 0.182       ms
[190.162s][info][gc,stats    ]    Subphase: Pause Mark Try Complete                       0.000 / 0.000         0.000 / 0.000         0.000 / 0.000         0.000 / 0.000       ms
[190.162s][info][gc,stats    ]      System: Java Threads                                     37 / 38               33 / 39               33 / 39               33 / 39          threads
[190.162s][info][gc,stats    ] =========================================================================================================================================================
[191.362s][info][gc,start    ] GC(116) Garbage Collection (Proactive)
[191.362s][info][gc,task     ] GC(116) Using 12 workers
[191.362s][info][gc,phases   ] GC(116) Pause Mark Start 0.018ms
[191.378s][info][gc,phases   ] GC(116) Concurrent Mark 15.135ms
[191.378s][info][gc,phases   ] GC(116) Pause Mark End 0.029ms
[191.378s][info][gc,phases   ] GC(116) Concurrent Mark Free 0.002ms
[191.379s][info][gc,phases   ] GC(116) Concurrent Process Non-Strong References 1.043ms
[191.379s][info][gc,phases   ] GC(116) Concurrent Reset Relocation Set 0.002ms
[191.385s][info][gc,phases   ] GC(116) Concurrent Select Relocation Set 6.213ms
[191.385s][info][gc,phases   ] GC(116) Pause Relocate Start 0.009ms
[191.389s][info][gc,phases   ] GC(116) Concurrent Relocate 3.137ms
[191.389s][info][gc,load     ] GC(116) Load: 0.00/0.00/0.00
[191.389s][info][gc,mmu      ] GC(116) MMU: 2ms/98.4%, 5ms/99.4%, 10ms/99.6%, 20ms/99.7%, 50ms/99.8%, 100ms/99.9%
[191.389s][info][gc,marking  ] GC(116) Mark: 8 stripe(s), 2 proactive flush(es), 1 terminate flush(es), 0 completion(s), 0 continuation(s) 
[191.389s][info][gc,marking  ] GC(116) Mark Stack Usage: 32M
[191.389s][info][gc,nmethod  ] GC(116) NMethods: 1996 registered, 382 unregistered
[191.389s][info][gc,metaspace] GC(116) Metaspace: 9M used, 10M committed, 1088M reserved
[191.389s][info][gc,ref      ] GC(116) Soft: 214 encountered, 0 discovered, 0 enqueued
[191.389s][info][gc,ref      ] GC(116) Weak: 813 encountered, 16 discovered, 0 enqueued
[191.389s][info][gc,ref      ] GC(116) Final: 0 encountered, 0 discovered, 0 enqueued
[191.389s][info][gc,ref      ] GC(116) Phantom: 27 encountered, 22 discovered, 0 enqueued
[191.389s][info][gc,reloc    ] GC(116) Small Pages: 272 / 544M, Empty: 348M, Relocated: 4M, In-Place: 0
[191.389s][info][gc,reloc    ] GC(116) Medium Pages: 0 / 0M, Empty: 0M, Relocated: 0M, In-Place: 0
[191.389s][info][gc,reloc    ] GC(116) Large Pages: 0 / 0M, Empty: 0M, Relocated: 0M, In-Place: 0
[191.389s][info][gc,reloc    ] GC(116) Forwarding Usage: 1M
[191.389s][info][gc,heap     ] GC(116) Min Capacity: 8M(0%)
[191.389s][info][gc,heap     ] GC(116) Max Capacity: 4096M(100%)
[191.389s][info][gc,heap     ] GC(116) Soft Max Capacity: 4096M(100%)
[191.389s][info][gc,heap     ] GC(116)                Mark Start          Mark End        Relocate Start      Relocate End           High               Low         
[191.389s][info][gc,heap     ] GC(116)  Capacity:     2048M (50%)        2048M (50%)        2048M (50%)        2048M (50%)        2048M (50%)        2048M (50%)    
[191.389s][info][gc,heap     ] GC(116)      Free:     3552M (87%)        3528M (86%)        3876M (95%)        4046M (99%)        4046M (99%)        3528M (86%)    
[191.389s][info][gc,heap     ] GC(116)      Used:      544M (13%)         568M (14%)         220M (5%)           50M (1%)          568M (14%)          50M (1%)     
[191.389s][info][gc,heap     ] GC(116)      Live:         -                 6M (0%)            6M (0%)            6M (0%)             -                  -          
[191.389s][info][gc,heap     ] GC(116) Allocated:         -                24M (1%)           24M (1%)           23M (1%)             -                  -          
[191.390s][info][gc,heap     ] GC(116)   Garbage:         -               537M (13%)         189M (5%)           19M (0%)             -                  -          
[191.390s][info][gc,heap     ] GC(116) Reclaimed:         -                  -               348M (8%)          517M (13%)            -                  -          
[191.390s][info][gc          ] GC(116) Garbage Collection (Proactive) 544M(13%)->50M(1%)
[193.055s][info][gc,start    ] GC(117) Garbage Collection (Proactive)
[193.055s][info][gc,task     ] GC(117) Using 12 workers
[193.055s][info][gc,phases   ] GC(117) Pause Mark Start 0.019ms
[193.071s][info][gc,phases   ] GC(117) Concurrent Mark 15.126ms
[193.071s][info][gc,phases   ] GC(117) Pause Mark End 0.029ms
[193.071s][info][gc,phases   ] GC(117) Concurrent Mark Free 0.001ms
[193.072s][info][gc,phases   ] GC(117) Concurrent Process Non-Strong References 1.010ms
[193.072s][info][gc,phases   ] GC(117) Concurrent Reset Relocation Set 0.014ms
[193.076s][info][gc,phases   ] GC(117) Concurrent Select Relocation Set 3.838ms
[193.076s][info][gc,phases   ] GC(117) Pause Relocate Start 0.011ms
[193.079s][info][gc,phases   ] GC(117) Concurrent Relocate 3.204ms
[193.079s][info][gc,load     ] GC(117) Load: 0.00/0.00/0.00
[193.079s][info][gc,mmu      ] GC(117) MMU: 2ms/98.4%, 5ms/99.4%, 10ms/99.6%, 20ms/99.7%, 50ms/99.8%, 100ms/99.9%
[193.080s][info][gc,marking  ] GC(117) Mark: 8 stripe(s), 2 proactive flush(es), 1 terminate flush(es), 0 completion(s), 0 continuation(s) 
[193.080s][info][gc,marking  ] GC(117) Mark Stack Usage: 32M
[193.080s][info][gc,nmethod  ] GC(117) NMethods: 1996 registered, 382 unregistered
[193.080s][info][gc,metaspace] GC(117) Metaspace: 9M used, 10M committed, 1088M reserved
[193.080s][info][gc,ref      ] GC(117) Soft: 214 encountered, 0 discovered, 0 enqueued
[193.080s][info][gc,ref      ] GC(117) Weak: 813 encountered, 13 discovered, 0 enqueued
[193.080s][info][gc,ref      ] GC(117) Final: 0 encountered, 0 discovered, 0 enqueued
[193.080s][info][gc,ref      ] GC(117) Phantom: 27 encountered, 14 discovered, 0 enqueued
[193.080s][info][gc,reloc    ] GC(117) Small Pages: 292 / 584M, Empty: 496M, Relocated: 4M, In-Place: 0
[193.080s][info][gc,reloc    ] GC(117) Medium Pages: 0 / 0M, Empty: 0M, Relocated: 0M, In-Place: 0
[193.080s][info][gc,reloc    ] GC(117) Large Pages: 0 / 0M, Empty: 0M, Relocated: 0M, In-Place: 0
[193.080s][info][gc,reloc    ] GC(117) Forwarding Usage: 1M
[193.080s][info][gc,heap     ] GC(117) Min Capacity: 8M(0%)
[193.080s][info][gc,heap     ] GC(117) Max Capacity: 4096M(100%)
[193.080s][info][gc,heap     ] GC(117) Soft Max Capacity: 4096M(100%)
[193.080s][info][gc,heap     ] GC(117)                Mark Start          Mark End        Relocate Start      Relocate End           High               Low         
[193.080s][info][gc,heap     ] GC(117)  Capacity:     2048M (50%)        2048M (50%)        2048M (50%)        2048M (50%)        2048M (50%)        2048M (50%)    
[193.080s][info][gc,heap     ] GC(117)      Free:     3512M (86%)        3492M (85%)        3986M (97%)        4048M (99%)        4048M (99%)        3492M (85%)    
[193.080s][info][gc,heap     ] GC(117)      Used:      584M (14%)         604M (15%)         110M (3%)           48M (1%)          604M (15%)          48M (1%)     
[193.080s][info][gc,heap     ] GC(117)      Live:         -                 6M (0%)            6M (0%)            6M (0%)             -                  -          
[193.080s][info][gc,heap     ] GC(117) Allocated:         -                20M (0%)           22M (1%)           21M (1%)             -                  -          
[193.080s][info][gc,heap     ] GC(117)   Garbage:         -               577M (14%)          81M (2%)           19M (0%)             -                  -          
[193.080s][info][gc,heap     ] GC(117) Reclaimed:         -                  -               496M (12%)         557M (14%)            -                  -          
[193.080s][info][gc          ] GC(117) Garbage Collection (Proactive) 584M(14%)->48M(1%)
[194.560s][info][gc,start    ] GC(118) Garbage Collection (Proactive)
[194.560s][info][gc,task     ] GC(118) Using 12 workers
[194.561s][info][gc,phases   ] GC(118) Pause Mark Start 0.017ms
[194.576s][info][gc,phases   ] GC(118) Concurrent Mark 15.153ms
[194.576s][info][gc,phases   ] GC(118) Pause Mark End 0.024ms
[194.576s][info][gc,phases   ] GC(118) Concurrent Mark Free 0.001ms
[194.577s][info][gc,phases   ] GC(118) Concurrent Process Non-Strong References 1.053ms
[194.577s][info][gc,phases   ] GC(118) Concurrent Reset Relocation Set 0.009ms
[194.581s][info][gc,phases   ] GC(118) Concurrent Select Relocation Set 3.908ms
[194.582s][info][gc,phases   ] GC(118) Pause Relocate Start 0.009ms
[194.585s][info][gc,phases   ] GC(118) Concurrent Relocate 3.534ms
[194.585s][info][gc,load     ] GC(118) Load: 0.00/0.00/0.00
[194.585s][info][gc,mmu      ] GC(118) MMU: 2ms/98.4%, 5ms/99.4%, 10ms/99.6%, 20ms/99.7%, 50ms/99.8%, 100ms/99.9%
[194.585s][info][gc,marking  ] GC(118) Mark: 8 stripe(s), 2 proactive flush(es), 1 terminate flush(es), 0 completion(s), 0 continuation(s) 
[194.585s][info][gc,marking  ] GC(118) Mark Stack Usage: 32M
[194.585s][info][gc,nmethod  ] GC(118) NMethods: 1996 registered, 382 unregistered
[194.585s][info][gc,metaspace] GC(118) Metaspace: 9M used, 10M committed, 1088M reserved
[194.585s][info][gc,ref      ] GC(118) Soft: 214 encountered, 0 discovered, 0 enqueued
[194.585s][info][gc,ref      ] GC(118) Weak: 813 encountered, 4 discovered, 0 enqueued
[194.585s][info][gc,ref      ] GC(118) Final: 0 encountered, 0 discovered, 0 enqueued
[194.586s][info][gc,ref      ] GC(118) Phantom: 27 encountered, 17 discovered, 0 enqueued
[194.586s][info][gc,reloc    ] GC(118) Small Pages: 261 / 522M, Empty: 336M, Relocated: 4M, In-Place: 0
[194.586s][info][gc,reloc    ] GC(118) Medium Pages: 0 / 0M, Empty: 0M, Relocated: 0M, In-Place: 0
[194.586s][info][gc,reloc    ] GC(118) Large Pages: 0 / 0M, Empty: 0M, Relocated: 0M, In-Place: 0
[194.586s][info][gc,reloc    ] GC(118) Forwarding Usage: 1M
[194.586s][info][gc,heap     ] GC(118) Min Capacity: 8M(0%)
[194.586s][info][gc,heap     ] GC(118) Max Capacity: 4096M(100%)
[194.586s][info][gc,heap     ] GC(118) Soft Max Capacity: 4096M(100%)
[194.586s][info][gc,heap     ] GC(118)                Mark Start          Mark End        Relocate Start      Relocate End           High               Low         
[194.586s][info][gc,heap     ] GC(118)  Capacity:     2048M (50%)        2048M (50%)        2048M (50%)        2048M (50%)        2048M (50%)        2048M (50%)    
[194.586s][info][gc,heap     ] GC(118)      Free:     3574M (87%)        3556M (87%)        3892M (95%)        4048M (99%)        4048M (99%)        3556M (87%)    
[194.586s][info][gc,heap     ] GC(118)      Used:      522M (13%)         540M (13%)         204M (5%)           48M (1%)          540M (13%)          48M (1%)     
[194.586s][info][gc,heap     ] GC(118)      Live:         -                 6M (0%)            6M (0%)            6M (0%)             -                  -          
[194.586s][info][gc,heap     ] GC(118) Allocated:         -                18M (0%)           18M (0%)           21M (1%)             -                  -          
[194.586s][info][gc,heap     ] GC(118)   Garbage:         -               515M (13%)         179M (4%)           19M (0%)             -                  -          
[194.586s][info][gc,heap     ] GC(118) Reclaimed:         -                  -               336M (8%)          495M (12%)            -                  -          
[194.586s][info][gc          ] GC(118) Garbage Collection (Proactive) 522M(13%)->48M(1%)
[195.949s][info][gc,start    ] GC(119) Garbage Collection (Proactive)
[195.949s][info][gc,task     ] GC(119) Using 12 workers
[195.950s][info][gc,phases   ] GC(119) Pause Mark Start 0.019ms
[195.965s][info][gc,phases   ] GC(119) Concurrent Mark 15.180ms
[195.965s][info][gc,phases   ] GC(119) Pause Mark End 0.025ms
[195.965s][info][gc,phases   ] GC(119) Concurrent Mark Free 0.001ms
[195.966s][info][gc,phases   ] GC(119) Concurrent Process Non-Strong References 1.008ms
[195.966s][info][gc,phases   ] GC(119) Concurrent Reset Relocation Set 0.015ms
[195.973s][info][gc,phases   ] GC(119) Concurrent Select Relocation Set 6.599ms
[195.973s][info][gc,phases   ] GC(119) Pause Relocate Start 0.011ms
[195.977s][info][gc,phases   ] GC(119) Concurrent Relocate 3.347ms
[195.977s][info][gc,load     ] GC(119) Load: 0.00/0.00/0.00
[195.977s][info][gc,mmu      ] GC(119) MMU: 2ms/98.4%, 5ms/99.4%, 10ms/99.6%, 20ms/99.7%, 50ms/99.8%, 100ms/99.9%
[195.977s][info][gc,marking  ] GC(119) Mark: 8 stripe(s), 2 proactive flush(es), 1 terminate flush(es), 0 completion(s), 0 continuation(s) 
[195.977s][info][gc,marking  ] GC(119) Mark Stack Usage: 32M
[195.977s][info][gc,nmethod  ] GC(119) NMethods: 1996 registered, 382 unregistered
[195.977s][info][gc,metaspace] GC(119) Metaspace: 9M used, 10M committed, 1088M reserved
[195.977s][info][gc,ref      ] GC(119) Soft: 214 encountered, 0 discovered, 0 enqueued
[195.977s][info][gc,ref      ] GC(119) Weak: 813 encountered, 27 discovered, 0 enqueued
[195.977s][info][gc,ref      ] GC(119) Final: 0 encountered, 0 discovered, 0 enqueued
[195.977s][info][gc,ref      ] GC(119) Phantom: 27 encountered, 18 discovered, 0 enqueued
[195.977s][info][gc,reloc    ] GC(119) Small Pages: 238 / 476M, Empty: 362M, Relocated: 5M, In-Place: 0
[195.977s][info][gc,reloc    ] GC(119) Medium Pages: 0 / 0M, Empty: 0M, Relocated: 0M, In-Place: 0
[195.977s][info][gc,reloc    ] GC(119) Large Pages: 0 / 0M, Empty: 0M, Relocated: 0M, In-Place: 0
[195.977s][info][gc,reloc    ] GC(119) Forwarding Usage: 1M
[195.977s][info][gc,heap     ] GC(119) Min Capacity: 8M(0%)
[195.977s][info][gc,heap     ] GC(119) Max Capacity: 4096M(100%)
[195.977s][info][gc,heap     ] GC(119) Soft Max Capacity: 4096M(100%)
[195.977s][info][gc,heap     ] GC(119)                Mark Start          Mark End        Relocate Start      Relocate End           High               Low         
[195.977s][info][gc,heap     ] GC(119)  Capacity:     2048M (50%)        2048M (50%)        2048M (50%)        2048M (50%)        2048M (50%)        2048M (50%)    
[195.977s][info][gc,heap     ] GC(119)      Free:     3620M (88%)        3602M (88%)        3962M (97%)        4050M (99%)        4050M (99%)        3602M (88%)    
[195.977s][info][gc,heap     ] GC(119)      Used:      476M (12%)         494M (12%)         134M (3%)           46M (1%)          494M (12%)          46M (1%)     
[195.977s][info][gc,heap     ] GC(119)      Live:         -                 6M (0%)            6M (0%)            6M (0%)             -                  -          
[195.978s][info][gc,heap     ] GC(119) Allocated:         -                18M (0%)           20M (0%)           19M (0%)             -                  -          
[195.978s][info][gc,heap     ] GC(119)   Garbage:         -               469M (11%)         107M (3%)           19M (0%)             -                  -          
[195.978s][info][gc,heap     ] GC(119) Reclaimed:         -                  -               362M (9%)          449M (11%)            -                  -          
[195.978s][info][gc          ] GC(119) Garbage Collection (Proactive) 476M(12%)->46M(1%)
[196.637s][info][gc,start    ] GC(120) Garbage Collection (System.gc())
[196.637s][info][gc,task     ] GC(120) Using 12 workers
[196.638s][info][gc,phases   ] GC(120) Pause Mark Start 0.018ms
[196.644s][info][gc,phases   ] GC(120) Concurrent Mark 6.143ms
[196.644s][info][gc,phases   ] GC(120) Pause Mark End 0.020ms
[196.644s][info][gc,phases   ] GC(120) Concurrent Mark Free 0.001ms
[196.645s][info][gc,phases   ] GC(120) Concurrent Process Non-Strong References 1.006ms
[196.645s][info][gc,phases   ] GC(120) Concurrent Reset Relocation Set 0.011ms
[196.649s][info][gc,phases   ] GC(120) Concurrent Select Relocation Set 3.722ms
[196.649s][info][gc,phases   ] GC(120) Pause Relocate Start 0.007ms
[196.653s][info][gc,phases   ] GC(120) Concurrent Relocate 3.446ms
[196.653s][info][gc,load     ] GC(120) Load: 0.00/0.00/0.00
[196.653s][info][gc,mmu      ] GC(120) MMU: 2ms/98.4%, 5ms/99.4%, 10ms/99.6%, 20ms/99.7%, 50ms/99.8%, 100ms/99.9%
[196.653s][info][gc,marking  ] GC(120) Mark: 8 stripe(s), 1 proactive flush(es), 1 terminate flush(es), 0 completion(s), 0 continuation(s) 
[196.653s][info][gc,marking  ] GC(120) Mark Stack Usage: 32M
[196.653s][info][gc,nmethod  ] GC(120) NMethods: 1998 registered, 382 unregistered
[196.653s][info][gc,metaspace] GC(120) Metaspace: 9M used, 10M committed, 1088M reserved
[196.653s][info][gc,ref      ] GC(120) Soft: 214 encountered, 0 discovered, 0 enqueued
[196.653s][info][gc,ref      ] GC(120) Weak: 813 encountered, 34 discovered, 0 enqueued
[196.653s][info][gc,ref      ] GC(120) Final: 0 encountered, 0 discovered, 0 enqueued
[196.653s][info][gc,ref      ] GC(120) Phantom: 27 encountered, 17 discovered, 0 enqueued
[196.653s][info][gc,reloc    ] GC(120) Small Pages: 128 / 256M, Empty: 230M, Relocated: 4M, In-Place: 0
[196.653s][info][gc,reloc    ] GC(120) Medium Pages: 0 / 0M, Empty: 0M, Relocated: 0M, In-Place: 0
[196.653s][info][gc,reloc    ] GC(120) Large Pages: 0 / 0M, Empty: 0M, Relocated: 0M, In-Place: 0
[196.653s][info][gc,reloc    ] GC(120) Forwarding Usage: 1M
[196.653s][info][gc,heap     ] GC(120) Min Capacity: 8M(0%)
[196.653s][info][gc,heap     ] GC(120) Max Capacity: 4096M(100%)
[196.653s][info][gc,heap     ] GC(120) Soft Max Capacity: 4096M(100%)
[196.653s][info][gc,heap     ] GC(120)                Mark Start          Mark End        Relocate Start      Relocate End           High               Low         
[196.653s][info][gc,heap     ] GC(120)  Capacity:     2048M (50%)        2048M (50%)        2048M (50%)        2048M (50%)        2048M (50%)        2048M (50%)    
[196.653s][info][gc,heap     ] GC(120)      Free:     3840M (94%)        3840M (94%)        4070M (99%)        4072M (99%)        4072M (99%)        3840M (94%)    
[196.653s][info][gc,heap     ] GC(120)      Used:      256M (6%)          256M (6%)           26M (1%)           24M (1%)          256M (6%)           24M (1%)     
[196.653s][info][gc,heap     ] GC(120)      Live:         -                 4M (0%)            4M (0%)            4M (0%)             -                  -          
[196.653s][info][gc,heap     ] GC(120) Allocated:         -                 0M (0%)            0M (0%)            0M (0%)             -                  -          
[196.653s][info][gc,heap     ] GC(120)   Garbage:         -               251M (6%)           21M (1%)           19M (0%)             -                  -          
[196.653s][info][gc,heap     ] GC(120) Reclaimed:         -                  -               230M (6%)          232M (6%)             -                  -          
[196.653s][info][gc          ] GC(120) Garbage Collection (System.gc()) 256M(6%)->24M(1%)
[198.462s][info][gc,start    ] GC(121) Garbage Collection (Proactive)
[198.462s][info][gc,task     ] GC(121) Using 12 workers
[198.462s][info][gc,phases   ] GC(121) Pause Mark Start 0.019ms
[198.477s][info][gc,phases   ] GC(121) Concurrent Mark 15.130ms
[198.478s][info][gc,phases   ] GC(121) Pause Mark End 0.027ms
[198.478s][info][gc,phases   ] GC(121) Concurrent Mark Free 0.001ms
[198.479s][info][gc,phases   ] GC(121) Concurrent Process Non-Strong References 1.075ms
[198.479s][info][gc,phases   ] GC(121) Concurrent Reset Relocation Set 0.002ms
[198.485s][info][gc,phases   ] GC(121) Concurrent Select Relocation Set 6.273ms
[198.485s][info][gc,phases   ] GC(121) Pause Relocate Start 0.009ms
[198.489s][info][gc,phases   ] GC(121) Concurrent Relocate 3.280ms
[198.489s][info][gc,load     ] GC(121) Load: 0.00/0.00/0.00
[198.489s][info][gc,mmu      ] GC(121) MMU: 2ms/98.4%, 5ms/99.4%, 10ms/99.6%, 20ms/99.7%, 50ms/99.8%, 100ms/99.9%
[198.489s][info][gc,marking  ] GC(121) Mark: 8 stripe(s), 2 proactive flush(es), 1 terminate flush(es), 0 completion(s), 0 continuation(s) 
[198.489s][info][gc,marking  ] GC(121) Mark Stack Usage: 32M
[198.489s][info][gc,nmethod  ] GC(121) NMethods: 1996 registered, 384 unregistered
[198.489s][info][gc,metaspace] GC(121) Metaspace: 9M used, 10M committed, 1088M reserved
[198.489s][info][gc,ref      ] GC(121) Soft: 214 encountered, 0 discovered, 0 enqueued
[198.489s][info][gc,ref      ] GC(121) Weak: 814 encountered, 20 discovered, 0 enqueued
[198.489s][info][gc,ref      ] GC(121) Final: 0 encountered, 0 discovered, 0 enqueued
[198.489s][info][gc,ref      ] GC(121) Phantom: 27 encountered, 17 discovered, 0 enqueued
[198.489s][info][gc,reloc    ] GC(121) Small Pages: 311 / 622M, Empty: 390M, Relocated: 5M, In-Place: 0
[198.489s][info][gc,reloc    ] GC(121) Medium Pages: 0 / 0M, Empty: 0M, Relocated: 0M, In-Place: 0
[198.489s][info][gc,reloc    ] GC(121) Large Pages: 0 / 0M, Empty: 0M, Relocated: 0M, In-Place: 0
[198.489s][info][gc,reloc    ] GC(121) Forwarding Usage: 1M
[198.489s][info][gc,heap     ] GC(121) Min Capacity: 8M(0%)
[198.489s][info][gc,heap     ] GC(121) Max Capacity: 4096M(100%)
[198.489s][info][gc,heap     ] GC(121) Soft Max Capacity: 4096M(100%)
[198.489s][info][gc,heap     ] GC(121)                Mark Start          Mark End        Relocate Start      Relocate End           High               Low         
[198.489s][info][gc,heap     ] GC(121)  Capacity:     2048M (50%)        2048M (50%)        2048M (50%)        2048M (50%)        2048M (50%)        2048M (50%)    
[198.490s][info][gc,heap     ] GC(121)      Free:     3474M (85%)        3456M (84%)        3842M (94%)        4046M (99%)        4046M (99%)        3456M (84%)    
[198.490s][info][gc,heap     ] GC(121)      Used:      622M (15%)         640M (16%)         254M (6%)           50M (1%)          640M (16%)          50M (1%)     
[198.490s][info][gc,heap     ] GC(121)      Live:         -                 6M (0%)            6M (0%)            6M (0%)             -                  -          
[198.490s][info][gc,heap     ] GC(121) Allocated:         -                18M (0%)           22M (1%)           23M (1%)             -                  -          
[198.490s][info][gc,heap     ] GC(121)   Garbage:         -               615M (15%)         225M (6%)           19M (0%)             -                  -          
[198.490s][info][gc,heap     ] GC(121) Reclaimed:         -                  -               390M (10%)         595M (15%)            -                  -          
[198.490s][info][gc          ] GC(121) Garbage Collection (Proactive) 622M(15%)->50M(1%)
[200.155s][info][gc,stats    ] === Garbage Collection Statistics =======================================================================================================================
[200.155s][info][gc,stats    ]                                                              Last 10s              Last 10m              Last 10h                Total
[200.155s][info][gc,stats    ]                                                              Avg / Max             Avg / Max             Avg / Max             Avg / Max
[200.155s][info][gc,stats    ]   Collector: Garbage Collection Cycle                     24.360 / 27.422       26.458 / 56.079       26.458 / 56.079       26.458 / 56.079      ms
[200.155s][info][gc,stats    ]  Contention: Mark Segment Reset Contention                     1 / 6                 1 / 12                1 / 12                1 / 12          ops/s
[200.155s][info][gc,stats    ]  Contention: Mark SeqNum Reset Contention                      0 / 1                 0 / 3                 0 / 3                 0 / 3           ops/s
[200.155s][info][gc,stats    ]    Critical: Allocation Stall                                  0 / 0                 0 / 0                 0 / 0                 0 / 0           ops/s
[200.155s][info][gc,stats    ]    Critical: Allocation Stall                              0.000 / 0.000         0.000 / 0.000         0.000 / 0.000         0.000 / 0.000       ms
[200.155s][info][gc,stats    ]    Critical: GC Locker Stall                                   0 / 0                 0 / 0                 0 / 0                 0 / 0           ops/s
[200.155s][info][gc,stats    ]    Critical: GC Locker Stall                               0.000 / 0.000         0.000 / 0.000         0.000 / 0.000         0.000 / 0.000       ms
[200.155s][info][gc,stats    ]    Critical: Relocation Stall                                  0 / 0                 0 / 0                 0 / 0                 0 / 0           ops/s
[200.155s][info][gc,stats    ]    Critical: Relocation Stall                              0.000 / 0.000         0.000 / 0.000         0.000 / 0.000         0.000 / 0.000       ms
[200.155s][info][gc,stats    ]      Memory: Allocation Rate                                 326 / 338             320 / 344             320 / 344             320 / 344         MB/s
[200.155s][info][gc,stats    ]      Memory: Defragment                                        0 / 0                 0 / 0                 0 / 0                 0 / 0           ops/s
[200.155s][info][gc,stats    ]      Memory: Out Of Memory                                     0 / 0                 0 / 0                 0 / 0                 0 / 0           ops/s
[200.155s][info][gc,stats    ]      Memory: Page Cache Flush                                  0 / 0                 0 / 0                 0 / 0                 0 / 0           MB/s
[200.155s][info][gc,stats    ]      Memory: Page Cache Hit L1                               170 / 181             164 / 195             164 / 195             164 / 195         ops/s
[200.155s][info][gc,stats    ]      Memory: Page Cache Hit L2                                 0 / 0                 0 / 0                 0 / 0                 0 / 0           ops/s
[200.155s][info][gc,stats    ]      Memory: Page Cache Hit L3                                 0 / 0                 3 / 137               3 / 137               3 / 137         ops/s
[200.155s][info][gc,stats    ]      Memory: Page Cache Miss                                   0 / 0                 0 / 1                 0 / 1                 0 / 1           ops/s
[200.155s][info][gc,stats    ]      Memory: Uncommit                                          0 / 0                 0 / 0                 0 / 0                 0 / 0           MB/s
[200.155s][info][gc,stats    ]      Memory: Undo Object Allocation Failed                     0 / 0                 0 / 0                 0 / 0                 0 / 0           ops/s
[200.155s][info][gc,stats    ]      Memory: Undo Object Allocation Succeeded                  0 / 1                 0 / 4                 0 / 4                 0 / 4           ops/s
[200.156s][info][gc,stats    ]      Memory: Undo Page Allocation                              0 / 0                 0 / 0                 0 / 0                 0 / 0           ops/s
[200.156s][info][gc,stats    ]       Phase: Concurrent Mark                              13.645 / 15.180       14.885 / 24.159       14.885 / 24.159       14.885 / 24.159      ms
[200.156s][info][gc,stats    ]       Phase: Concurrent Mark Continue                      0.000 / 0.000         0.000 / 0.000         0.000 / 0.000         0.000 / 0.000       ms
[200.156s][info][gc,stats    ]       Phase: Concurrent Mark Free                          0.001 / 0.002         0.001 / 0.002         0.001 / 0.002         0.001 / 0.002       ms
[200.156s][info][gc,stats    ]       Phase: Concurrent Process Non-Strong References      1.033 / 1.075         1.054 / 5.230         1.054 / 5.230         1.054 / 5.230       ms
[200.156s][info][gc,stats    ]       Phase: Concurrent Relocate                           3.325 / 3.534         3.404 / 5.038         3.404 / 5.038         3.404 / 5.038       ms
[200.156s][info][gc,stats    ]       Phase: Concurrent Reset Relocation Set               0.009 / 0.015         0.010 / 0.023         0.010 / 0.023         0.010 / 0.023       ms
[200.156s][info][gc,stats    ]       Phase: Concurrent Select Relocation Set              5.092 / 6.599         5.316 / 15.356        5.316 / 15.356        5.316 / 15.356      ms
[200.156s][info][gc,stats    ]       Phase: Pause Mark End                                0.026 / 0.029         0.025 / 0.032         0.025 / 0.032         0.025 / 0.032       ms
[200.156s][info][gc,stats    ]       Phase: Pause Mark Start                              0.018 / 0.019         0.018 / 0.021         0.018 / 0.021         0.018 / 0.021       ms
[200.156s][info][gc,stats    ]       Phase: Pause Relocate Start                          0.009 / 0.011         0.009 / 0.028         0.009 / 0.028         0.009 / 0.028       ms
[200.156s][info][gc,stats    ]    Subphase: Concurrent Classes Purge                      0.009 / 0.029         0.025 / 0.876         0.025 / 0.876         0.025 / 0.876       ms
[200.156s][info][gc,stats    ]    Subphase: Concurrent Classes Unlink                     0.714 / 0.741         0.718 / 4.065         0.718 / 4.065         0.718 / 4.065       ms
[200.156s][info][gc,stats    ]    Subphase: Concurrent Mark                              11.914 / 14.028       13.032 / 23.147       13.032 / 23.147       13.032 / 23.147      ms
[200.156s][info][gc,stats    ]    Subphase: Concurrent Mark Try Flush                     0.078 / 0.117         0.072 / 0.145         0.072 / 0.145         0.072 / 0.145       ms
[200.156s][info][gc,stats    ]    Subphase: Concurrent Mark Try Terminate                 7.290 / 11.029        8.176 / 16.572        8.176 / 16.572        8.176 / 16.572      ms
[200.156s][info][gc,stats    ]    Subphase: Concurrent References Enqueue                 0.000 / 0.001         0.001 / 0.004         0.001 / 0.004         0.001 / 0.004       ms
[200.156s][info][gc,stats    ]    Subphase: Concurrent References Process                 0.039 / 0.043         0.043 / 0.089         0.043 / 0.089         0.043 / 0.089       ms
[200.156s][info][gc,stats    ]    Subphase: Concurrent Roots ClassLoaderDataGraph         0.087 / 0.669         0.084 / 0.896         0.084 / 0.896         0.084 / 0.896       ms
[200.156s][info][gc,stats    ]    Subphase: Concurrent Roots CodeCache                    0.000 / 0.000         0.000 / 0.000         0.000 / 0.000         0.000 / 0.000       ms
[200.156s][info][gc,stats    ]    Subphase: Concurrent Roots JavaThreads                  0.577 / 1.049         0.517 / 1.189         0.517 / 1.189         0.517 / 1.189       ms
[200.156s][info][gc,stats    ]    Subphase: Concurrent Roots OopStorageSet                0.017 / 0.049         0.018 / 0.190         0.018 / 0.190         0.018 / 0.190       ms
[200.156s][info][gc,stats    ]    Subphase: Concurrent Weak Roots OopStorageSet           0.144 / 0.175         0.142 / 0.182         0.142 / 0.182         0.142 / 0.182       ms
[200.156s][info][gc,stats    ]    Subphase: Pause Mark Try Complete                       0.000 / 0.000         0.000 / 0.000         0.000 / 0.000         0.000 / 0.000       ms
[200.156s][info][gc,stats    ]      System: Java Threads                                     38 / 39               34 / 39               34 / 39               34 / 39          threads
[200.156s][info][gc,stats    ] =========================================================================================================================================================
[200.459s][info][gc,start    ] GC(122) Garbage Collection (Proactive)
[200.459s][info][gc,task     ] GC(122) Using 12 workers
[200.459s][info][gc,phases   ] GC(122) Pause Mark Start 0.019ms
[200.474s][info][gc,phases   ] GC(122) Concurrent Mark 15.121ms
[200.474s][info][gc,phases   ] GC(122) Pause Mark End 0.025ms
[200.533s][info][gc,phases   ] GC(122) Concurrent Mark Free 0.001ms
[200.534s][info][gc,phases   ] GC(122) Concurrent Process Non-Strong References 1.058ms
[200.534s][info][gc,phases   ] GC(122) Concurrent Reset Relocation Set 0.017ms
[200.538s][info][gc,phases   ] GC(122) Concurrent Select Relocation Set 4.002ms
[200.539s][info][gc,phases   ] GC(122) Pause Relocate Start 0.011ms
[200.542s][info][gc,phases   ] GC(122) Concurrent Relocate 3.623ms
[200.542s][info][gc,load     ] GC(122) Load: 0.00/0.00/0.00
[200.542s][info][gc,mmu      ] GC(122) MMU: 2ms/98.4%, 5ms/99.4%, 10ms/99.6%, 20ms/99.7%, 50ms/99.8%, 100ms/99.9%
[200.542s][info][gc,marking  ] GC(122) Mark: 8 stripe(s), 2 proactive flush(es), 1 terminate flush(es), 0 completion(s), 0 continuation(s) 
[200.543s][info][gc,marking  ] GC(122) Mark Stack Usage: 32M
[200.543s][info][gc,nmethod  ] GC(122) NMethods: 1996 registered, 384 unregistered
[200.543s][info][gc,metaspace] GC(122) Metaspace: 9M used, 10M committed, 1088M reserved
[200.543s][info][gc,ref      ] GC(122) Soft: 214 encountered, 0 discovered, 0 enqueued
[200.543s][info][gc,ref      ] GC(122) Weak: 814 encountered, 68 discovered, 0 enqueued
[200.543s][info][gc,ref      ] GC(122) Final: 0 encountered, 0 discovered, 0 enqueued
[200.543s][info][gc,ref      ] GC(122) Phantom: 27 encountered, 21 discovered, 0 enqueued
[200.543s][info][gc,reloc    ] GC(122) Small Pages: 340 / 680M, Empty: 514M, Relocated: 4M, In-Place: 0
[200.543s][info][gc,reloc    ] GC(122) Medium Pages: 0 / 0M, Empty: 0M, Relocated: 0M, In-Place: 0
[200.543s][info][gc,reloc    ] GC(122) Large Pages: 0 / 0M, Empty: 0M, Relocated: 0M, In-Place: 0
[200.543s][info][gc,reloc    ] GC(122) Forwarding Usage: 1M
[200.543s][info][gc,heap     ] GC(122) Min Capacity: 8M(0%)
[200.543s][info][gc,heap     ] GC(122) Max Capacity: 4096M(100%)
[200.543s][info][gc,heap     ] GC(122) Soft Max Capacity: 4096M(100%)
[200.543s][info][gc,heap     ] GC(122)                Mark Start          Mark End        Relocate Start      Relocate End           High               Low         
[200.543s][info][gc,heap     ] GC(122)  Capacity:     2048M (50%)        2048M (50%)        2048M (50%)        2048M (50%)        2048M (50%)        2048M (50%)    
[200.543s][info][gc,heap     ] GC(122)      Free:     3416M (83%)        3398M (83%)        3912M (96%)        4052M (99%)        4052M (99%)        3398M (83%)    
[200.543s][info][gc,heap     ] GC(122)      Used:      680M (17%)         698M (17%)         184M (4%)           44M (1%)          698M (17%)          44M (1%)     
[200.543s][info][gc,heap     ] GC(122)      Live:         -                 6M (0%)            6M (0%)            6M (0%)             -                  -          
[200.543s][info][gc,heap     ] GC(122) Allocated:         -                18M (0%)           18M (0%)           17M (0%)             -                  -          
[200.543s][info][gc,heap     ] GC(122)   Garbage:         -               673M (16%)         159M (4%)           19M (0%)             -                  -          
[200.543s][info][gc,heap     ] GC(122) Reclaimed:         -                  -               514M (13%)         653M (16%)            -                  -          
[200.543s][info][gc          ] GC(122) Garbage Collection (Proactive) 680M(17%)->44M(1%)
[203.537s][info][gc,start    ] GC(123) Garbage Collection (System.gc())
[203.537s][info][gc,task     ] GC(123) Using 12 workers
[203.537s][info][gc,phases   ] GC(123) Pause Mark Start 0.018ms
[203.557s][info][gc,phases   ] GC(123) Concurrent Mark 20.228ms
[203.557s][info][gc,phases   ] GC(123) Pause Mark End 0.022ms
[203.557s][info][gc,phases   ] GC(123) Concurrent Mark Free 0.001ms
[203.558s][info][gc,phases   ] GC(123) Concurrent Process Non-Strong References 0.952ms
[203.559s][info][gc,phases   ] GC(123) Concurrent Reset Relocation Set 0.014ms
[203.562s][info][gc,phases   ] GC(123) Concurrent Select Relocation Set 3.856ms
[203.563s][info][gc,phases   ] GC(123) Pause Relocate Start 0.007ms
[203.566s][info][gc,phases   ] GC(123) Concurrent Relocate 3.099ms
[203.566s][info][gc,load     ] GC(123) Load: 0.00/0.00/0.00
[203.566s][info][gc,mmu      ] GC(123) MMU: 2ms/98.4%, 5ms/99.4%, 10ms/99.6%, 20ms/99.7%, 50ms/99.8%, 100ms/99.9%
[203.566s][info][gc,marking  ] GC(123) Mark: 8 stripe(s), 2 proactive flush(es), 1 terminate flush(es), 0 completion(s), 0 continuation(s) 
[203.566s][info][gc,marking  ] GC(123) Mark Stack Usage: 32M
[203.566s][info][gc,nmethod  ] GC(123) NMethods: 1997 registered, 384 unregistered
[203.566s][info][gc,metaspace] GC(123) Metaspace: 9M used, 10M committed, 1088M reserved
[203.566s][info][gc,ref      ] GC(123) Soft: 214 encountered, 0 discovered, 0 enqueued
[203.566s][info][gc,ref      ] GC(123) Weak: 814 encountered, 14 discovered, 0 enqueued
[203.566s][info][gc,ref      ] GC(123) Final: 0 encountered, 0 discovered, 0 enqueued
[203.566s][info][gc,ref      ] GC(123) Phantom: 27 encountered, 14 discovered, 0 enqueued
[203.566s][info][gc,reloc    ] GC(123) Small Pages: 497 / 994M, Empty: 966M, Relocated: 4M, In-Place: 0
[203.566s][info][gc,reloc    ] GC(123) Medium Pages: 0 / 0M, Empty: 0M, Relocated: 0M, In-Place: 0
[203.566s][info][gc,reloc    ] GC(123) Large Pages: 0 / 0M, Empty: 0M, Relocated: 0M, In-Place: 0
[203.566s][info][gc,reloc    ] GC(123) Forwarding Usage: 1M
[203.566s][info][gc,heap     ] GC(123) Min Capacity: 8M(0%)
[203.566s][info][gc,heap     ] GC(123) Max Capacity: 4096M(100%)
[203.566s][info][gc,heap     ] GC(123) Soft Max Capacity: 4096M(100%)
[203.566s][info][gc,heap     ] GC(123)                Mark Start          Mark End        Relocate Start      Relocate End           High               Low         
[203.566s][info][gc,heap     ] GC(123)  Capacity:     2048M (50%)        2048M (50%)        2048M (50%)        2048M (50%)        2048M (50%)        2048M (50%)    
[203.566s][info][gc,heap     ] GC(123)      Free:     3102M (76%)        3102M (76%)        4068M (99%)        4072M (99%)        4072M (99%)        3102M (76%)    
[203.566s][info][gc,heap     ] GC(123)      Used:      994M (24%)         994M (24%)          28M (1%)           24M (1%)          994M (24%)          24M (1%)     
[203.566s][info][gc,heap     ] GC(123)      Live:         -                 4M (0%)            4M (0%)            4M (0%)             -                  -          
[203.566s][info][gc,heap     ] GC(123) Allocated:         -                 0M (0%)            0M (0%)            0M (0%)             -                  -          
[203.566s][info][gc,heap     ] GC(123)   Garbage:         -               989M (24%)          23M (1%)           19M (0%)             -                  -          
[203.567s][info][gc,heap     ] GC(123) Reclaimed:         -                  -               966M (24%)         970M (24%)            -                  -          
[203.567s][info][gc          ] GC(123) Garbage Collection (System.gc()) 994M(24%)->24M(1%)
[209.853s][info][gc,start    ] GC(124) Garbage Collection (Proactive)
[209.853s][info][gc,task     ] GC(124) Using 12 workers
[209.853s][info][gc,phases   ] GC(124) Pause Mark Start 0.018ms
[209.868s][info][gc,phases   ] GC(124) Concurrent Mark 15.116ms
[209.868s][info][gc,phases   ] GC(124) Pause Mark End 0.028ms
[209.868s][info][gc,phases   ] GC(124) Concurrent Mark Free 0.001ms
[209.870s][info][gc,phases   ] GC(124) Concurrent Process Non-Strong References 1.108ms
[209.870s][info][gc,phases   ] GC(124) Concurrent Reset Relocation Set 0.003ms
[209.877s][info][gc,phases   ] GC(124) Concurrent Select Relocation Set 6.850ms
[209.877s][info][gc,phases   ] GC(124) Pause Relocate Start 0.008ms
[209.880s][info][gc,phases   ] GC(124) Concurrent Relocate 3.212ms
[209.880s][info][gc,load     ] GC(124) Load: 0.00/0.00/0.00
[209.880s][info][gc,mmu      ] GC(124) MMU: 2ms/98.4%, 5ms/99.4%, 10ms/99.6%, 20ms/99.7%, 50ms/99.8%, 100ms/99.9%
[209.880s][info][gc,marking  ] GC(124) Mark: 8 stripe(s), 2 proactive flush(es), 1 terminate flush(es), 0 completion(s), 0 continuation(s) 
[209.880s][info][gc,marking  ] GC(124) Mark Stack Usage: 32M
[209.880s][info][gc,nmethod  ] GC(124) NMethods: 2001 registered, 385 unregistered
[209.880s][info][gc,metaspace] GC(124) Metaspace: 9M used, 10M committed, 1088M reserved
[209.880s][info][gc,ref      ] GC(124) Soft: 214 encountered, 0 discovered, 0 enqueued
[209.880s][info][gc,ref      ] GC(124) Weak: 814 encountered, 12 discovered, 0 enqueued
[209.880s][info][gc,ref      ] GC(124) Final: 0 encountered, 0 discovered, 0 enqueued
[209.880s][info][gc,ref      ] GC(124) Phantom: 27 encountered, 13 discovered, 0 enqueued
[209.881s][info][gc,reloc    ] GC(124) Small Pages: 990 / 1980M, Empty: 1764M, Relocated: 4M, In-Place: 0
[209.881s][info][gc,reloc    ] GC(124) Medium Pages: 0 / 0M, Empty: 0M, Relocated: 0M, In-Place: 0
[209.881s][info][gc,reloc    ] GC(124) Large Pages: 0 / 0M, Empty: 0M, Relocated: 0M, In-Place: 0
[209.881s][info][gc,reloc    ] GC(124) Forwarding Usage: 1M
[209.881s][info][gc,heap     ] GC(124) Min Capacity: 8M(0%)
[209.881s][info][gc,heap     ] GC(124) Max Capacity: 4096M(100%)
[209.881s][info][gc,heap     ] GC(124) Soft Max Capacity: 4096M(100%)
[209.881s][info][gc,heap     ] GC(124)                Mark Start          Mark End        Relocate Start      Relocate End           High               Low         
[209.881s][info][gc,heap     ] GC(124)  Capacity:     2048M (50%)        2048M (50%)        2048M (50%)        2048M (50%)        2048M (50%)        2048M (50%)    
[209.881s][info][gc,heap     ] GC(124)      Free:     2116M (52%)        2096M (51%)        3860M (94%)        4048M (99%)        4048M (99%)        2096M (51%)    
[209.881s][info][gc,heap     ] GC(124)      Used:     1980M (48%)        2000M (49%)         236M (6%)           48M (1%)         2000M (49%)          48M (1%)     
[209.881s][info][gc,heap     ] GC(124)      Live:         -                 6M (0%)            6M (0%)            6M (0%)             -                  -          
[209.881s][info][gc,heap     ] GC(124) Allocated:         -                20M (0%)           20M (0%)           21M (1%)             -                  -          
[209.881s][info][gc,heap     ] GC(124)   Garbage:         -              1973M (48%)         209M (5%)           19M (0%)             -                  -          
[209.881s][info][gc,heap     ] GC(124) Reclaimed:         -                  -              1764M (43%)        1953M (48%)            -                  -          
[209.881s][info][gc          ] GC(124) Garbage Collection (Proactive) 1980M(48%)->48M(1%)
[210.149s][info][gc,stats    ] === Garbage Collection Statistics =======================================================================================================================
[210.149s][info][gc,stats    ]                                                              Last 10s              Last 10m              Last 10h                Total
[210.149s][info][gc,stats    ]                                                              Avg / Max             Avg / Max             Avg / Max             Avg / Max
[210.150s][info][gc,stats    ]   Collector: Garbage Collection Cycle                     46.935 / 83.902       26.949 / 83.902       26.949 / 83.902       26.949 / 83.902      ms
[210.150s][info][gc,stats    ]  Contention: Mark Segment Reset Contention                     0 / 4                 1 / 12                1 / 12                1 / 12          ops/s
[210.150s][info][gc,stats    ]  Contention: Mark SeqNum Reset Contention                      0 / 0                 0 / 3                 0 / 3                 0 / 3           ops/s
[210.150s][info][gc,stats    ]    Critical: Allocation Stall                                  0 / 0                 0 / 0                 0 / 0                 0 / 0           ops/s
[210.150s][info][gc,stats    ]    Critical: Allocation Stall                              0.000 / 0.000         0.000 / 0.000         0.000 / 0.000         0.000 / 0.000       ms
[210.150s][info][gc,stats    ]    Critical: GC Locker Stall                                   0 / 0                 0 / 0                 0 / 0                 0 / 0           ops/s
[210.150s][info][gc,stats    ]    Critical: GC Locker Stall                               0.000 / 0.000         0.000 / 0.000         0.000 / 0.000         0.000 / 0.000       ms
[210.150s][info][gc,stats    ]    Critical: Relocation Stall                                  0 / 0                 0 / 0                 0 / 0                 0 / 0           ops/s
[210.150s][info][gc,stats    ]    Critical: Relocation Stall                              0.000 / 0.000         0.000 / 0.000         0.000 / 0.000         0.000 / 0.000       ms
[210.150s][info][gc,stats    ]      Memory: Allocation Rate                                 313 / 334             319 / 344             319 / 344             319 / 344         MB/s
[210.150s][info][gc,stats    ]      Memory: Defragment                                        0 / 0                 0 / 0                 0 / 0                 0 / 0           ops/s
[210.150s][info][gc,stats    ]      Memory: Out Of Memory                                     0 / 0                 0 / 0                 0 / 0                 0 / 0           ops/s
[210.150s][info][gc,stats    ]      Memory: Page Cache Flush                                  0 / 0                 0 / 0                 0 / 0                 0 / 0           MB/s
[210.150s][info][gc,stats    ]      Memory: Page Cache Hit L1                               124 / 174             162 / 195             162 / 195             162 / 195         ops/s
[210.150s][info][gc,stats    ]      Memory: Page Cache Hit L2                                 0 / 0                 0 / 0                 0 / 0                 0 / 0           ops/s
[210.150s][info][gc,stats    ]      Memory: Page Cache Hit L3                                35 / 141               4 / 141               4 / 141               4 / 141         ops/s
[210.150s][info][gc,stats    ]      Memory: Page Cache Miss                                   0 / 0                 0 / 1                 0 / 1                 0 / 1           ops/s
[210.150s][info][gc,stats    ]      Memory: Uncommit                                          0 / 0                 0 / 0                 0 / 0                 0 / 0           MB/s
[210.150s][info][gc,stats    ]      Memory: Undo Object Allocation Failed                     0 / 0                 0 / 0                 0 / 0                 0 / 0           ops/s
[210.150s][info][gc,stats    ]      Memory: Undo Object Allocation Succeeded                  0 / 5                 0 / 5                 0 / 5                 0 / 5           ops/s
[210.150s][info][gc,stats    ]      Memory: Undo Page Allocation                              0 / 0                 0 / 0                 0 / 0                 0 / 0           ops/s
[210.150s][info][gc,stats    ]       Phase: Concurrent Mark                              16.822 / 20.228       14.932 / 24.159       14.932 / 24.159       14.932 / 24.159      ms
[210.150s][info][gc,stats    ]       Phase: Concurrent Mark Continue                      0.000 / 0.000         0.000 / 0.000         0.000 / 0.000         0.000 / 0.000       ms
[210.150s][info][gc,stats    ]       Phase: Concurrent Mark Free                          0.001 / 0.001         0.001 / 0.002         0.001 / 0.002         0.001 / 0.002       ms
[210.150s][info][gc,stats    ]       Phase: Concurrent Process Non-Strong References      1.039 / 1.108         1.054 / 5.230         1.054 / 5.230         1.054 / 5.230       ms
[210.150s][info][gc,stats    ]       Phase: Concurrent Relocate                           3.312 / 3.623         3.401 / 5.038         3.401 / 5.038         3.401 / 5.038       ms
[210.150s][info][gc,stats    ]       Phase: Concurrent Reset Relocation Set               0.011 / 0.017         0.010 / 0.023         0.010 / 0.023         0.010 / 0.023       ms
[210.150s][info][gc,stats    ]       Phase: Concurrent Select Relocation Set              4.902 / 6.850         5.306 / 15.356        5.306 / 15.356        5.306 / 15.356      ms
[210.150s][info][gc,stats    ]       Phase: Pause Mark End                                0.025 / 0.028         0.025 / 0.032         0.025 / 0.032         0.025 / 0.032       ms
[210.151s][info][gc,stats    ]       Phase: Pause Mark Start                              0.018 / 0.019         0.018 / 0.021         0.018 / 0.021         0.018 / 0.021       ms
[210.151s][info][gc,stats    ]       Phase: Pause Relocate Start                          0.009 / 0.011         0.009 / 0.028         0.009 / 0.028         0.009 / 0.028       ms
[210.151s][info][gc,stats    ]    Subphase: Concurrent Classes Purge                      0.009 / 0.019         0.025 / 0.876         0.025 / 0.876         0.025 / 0.876       ms
[210.151s][info][gc,stats    ]    Subphase: Concurrent Classes Unlink                     0.720 / 0.760         0.718 / 4.065         0.718 / 4.065         0.718 / 4.065       ms
[210.151s][info][gc,stats    ]    Subphase: Concurrent Mark                              14.805 / 19.172       13.074 / 23.147       13.074 / 23.147       13.074 / 23.147      ms
[210.151s][info][gc,stats    ]    Subphase: Concurrent Mark Try Flush                     0.073 / 0.108         0.072 / 0.145         0.072 / 0.145         0.072 / 0.145       ms
[210.151s][info][gc,stats    ]    Subphase: Concurrent Mark Try Terminate                 8.721 / 15.934        8.191 / 16.572        8.191 / 16.572        8.191 / 16.572      ms
[210.151s][info][gc,stats    ]    Subphase: Concurrent References Enqueue                 0.000 / 0.001         0.001 / 0.004         0.001 / 0.004         0.001 / 0.004       ms
[210.151s][info][gc,stats    ]    Subphase: Concurrent References Process                 0.039 / 0.043         0.043 / 0.089         0.043 / 0.089         0.043 / 0.089       ms
[210.151s][info][gc,stats    ]    Subphase: Concurrent Roots ClassLoaderDataGraph         0.080 / 0.652         0.084 / 0.896         0.084 / 0.896         0.084 / 0.896       ms
[210.151s][info][gc,stats    ]    Subphase: Concurrent Roots CodeCache                    0.000 / 0.000         0.000 / 0.000         0.000 / 0.000         0.000 / 0.000       ms
[210.151s][info][gc,stats    ]    Subphase: Concurrent Roots JavaThreads                  0.577 / 1.034         0.519 / 1.189         0.519 / 1.189         0.519 / 1.189       ms
[210.151s][info][gc,stats    ]    Subphase: Concurrent Roots OopStorageSet                0.016 / 0.050         0.018 / 0.190         0.018 / 0.190         0.018 / 0.190       ms
[210.151s][info][gc,stats    ]    Subphase: Concurrent Weak Roots OopStorageSet           0.146 / 0.186         0.142 / 0.186         0.142 / 0.186         0.142 / 0.186       ms
[210.151s][info][gc,stats    ]    Subphase: Pause Mark Try Complete                       0.000 / 0.000         0.000 / 0.000         0.000 / 0.000         0.000 / 0.000       ms
[210.151s][info][gc,stats    ]      System: Java Threads                                     39 / 39               34 / 39               34 / 39               34 / 39          threads
[210.151s][info][gc,stats    ] =========================================================================================================================================================
[210.587s][info][gc,start    ] GC(125) Garbage Collection (System.gc())
[210.587s][info][gc,task     ] GC(125) Using 12 workers
[210.587s][info][gc,phases   ] GC(125) Pause Mark Start 0.017ms
[210.602s][info][gc,phases   ] GC(125) Concurrent Mark 14.766ms
[210.603s][info][gc,phases   ] GC(125) Pause Mark End 0.020ms
[210.622s][info][gc,phases   ] GC(125) Concurrent Mark Free 0.001ms
[210.623s][info][gc,phases   ] GC(125) Concurrent Process Non-Strong References 0.983ms
[210.623s][info][gc,phases   ] GC(125) Concurrent Reset Relocation Set 0.019ms
[210.627s][info][gc,phases   ] GC(125) Concurrent Select Relocation Set 3.750ms
[210.627s][info][gc,phases   ] GC(125) Pause Relocate Start 0.008ms
[210.631s][info][gc,phases   ] GC(125) Concurrent Relocate 3.915ms
[210.631s][info][gc,load     ] GC(125) Load: 0.00/0.00/0.00
[210.631s][info][gc,mmu      ] GC(125) MMU: 2ms/98.4%, 5ms/99.4%, 10ms/99.6%, 20ms/99.7%, 50ms/99.8%, 100ms/99.9%
[210.631s][info][gc,marking  ] GC(125) Mark: 8 stripe(s), 2 proactive flush(es), 1 terminate flush(es), 0 completion(s), 0 continuation(s) 
[210.631s][info][gc,marking  ] GC(125) Mark Stack Usage: 32M
[210.631s][info][gc,nmethod  ] GC(125) NMethods: 2003 registered, 385 unregistered
[210.631s][info][gc,metaspace] GC(125) Metaspace: 9M used, 10M committed, 1088M reserved
[210.631s][info][gc,ref      ] GC(125) Soft: 214 encountered, 0 discovered, 0 enqueued
[210.631s][info][gc,ref      ] GC(125) Weak: 814 encountered, 20 discovered, 0 enqueued
[210.631s][info][gc,ref      ] GC(125) Final: 0 encountered, 0 discovered, 0 enqueued
[210.631s][info][gc,ref      ] GC(125) Phantom: 27 encountered, 13 discovered, 0 enqueued
[210.631s][info][gc,reloc    ] GC(125) Small Pages: 135 / 270M, Empty: 238M, Relocated: 4M, In-Place: 0
[210.631s][info][gc,reloc    ] GC(125) Medium Pages: 0 / 0M, Empty: 0M, Relocated: 0M, In-Place: 0
[210.631s][info][gc,reloc    ] GC(125) Large Pages: 0 / 0M, Empty: 0M, Relocated: 0M, In-Place: 0
[210.631s][info][gc,reloc    ] GC(125) Forwarding Usage: 1M
[210.631s][info][gc,heap     ] GC(125) Min Capacity: 8M(0%)
[210.631s][info][gc,heap     ] GC(125) Max Capacity: 4096M(100%)
[210.631s][info][gc,heap     ] GC(125) Soft Max Capacity: 4096M(100%)
[210.631s][info][gc,heap     ] GC(125)                Mark Start          Mark End        Relocate Start      Relocate End           High               Low         
[210.631s][info][gc,heap     ] GC(125)  Capacity:     2048M (50%)        2048M (50%)        2048M (50%)        2048M (50%)        2048M (50%)        2048M (50%)    
[210.631s][info][gc,heap     ] GC(125)      Free:     3826M (93%)        3826M (93%)        4064M (99%)        4072M (99%)        4072M (99%)        3826M (93%)    
[210.632s][info][gc,heap     ] GC(125)      Used:      270M (7%)          270M (7%)           32M (1%)           24M (1%)          270M (7%)           24M (1%)     
[210.632s][info][gc,heap     ] GC(125)      Live:         -                 4M (0%)            4M (0%)            4M (0%)             -                  -          
[210.632s][info][gc,heap     ] GC(125) Allocated:         -                 0M (0%)            0M (0%)            0M (0%)             -                  -          
[210.632s][info][gc,heap     ] GC(125)   Garbage:         -               265M (6%)           27M (1%)           19M (0%)             -                  -          
[210.632s][info][gc,heap     ] GC(125) Reclaimed:         -                  -               238M (6%)          246M (6%)             -                  -          
[210.632s][info][gc          ] GC(125) Garbage Collection (System.gc()) 270M(7%)->24M(1%)
[214.450s][info][gc,start    ] GC(126) Garbage Collection (Proactive)
[214.450s][info][gc,task     ] GC(126) Using 12 workers
[214.450s][info][gc,phases   ] GC(126) Pause Mark Start 0.018ms
[214.465s][info][gc,phases   ] GC(126) Concurrent Mark 15.204ms
[214.465s][info][gc,phases   ] GC(126) Pause Mark End 0.024ms
[214.466s][info][gc,phases   ] GC(126) Concurrent Mark Free 0.001ms
[214.467s][info][gc,phases   ] GC(126) Concurrent Process Non-Strong References 0.983ms
[214.467s][info][gc,phases   ] GC(126) Concurrent Reset Relocation Set 0.002ms
[214.471s][info][gc,phases   ] GC(126) Concurrent Select Relocation Set 4.873ms
[214.472s][info][gc,phases   ] GC(126) Pause Relocate Start 0.008ms
[214.475s][info][gc,phases   ] GC(126) Concurrent Relocate 3.154ms
[214.475s][info][gc,load     ] GC(126) Load: 0.00/0.00/0.00
[214.475s][info][gc,mmu      ] GC(126) MMU: 2ms/98.4%, 5ms/99.4%, 10ms/99.6%, 20ms/99.7%, 50ms/99.8%, 100ms/99.9%
[214.475s][info][gc,marking  ] GC(126) Mark: 8 stripe(s), 2 proactive flush(es), 1 terminate flush(es), 0 completion(s), 0 continuation(s) 
[214.475s][info][gc,marking  ] GC(126) Mark Stack Usage: 32M
[214.475s][info][gc,nmethod  ] GC(126) NMethods: 2003 registered, 385 unregistered
[214.475s][info][gc,metaspace] GC(126) Metaspace: 9M used, 10M committed, 1088M reserved
[214.475s][info][gc,ref      ] GC(126) Soft: 214 encountered, 0 discovered, 0 enqueued
[214.475s][info][gc,ref      ] GC(126) Weak: 814 encountered, 82 discovered, 0 enqueued
[214.475s][info][gc,ref      ] GC(126) Final: 0 encountered, 0 discovered, 0 enqueued
[214.475s][info][gc,ref      ] GC(126) Phantom: 27 encountered, 18 discovered, 0 enqueued
[214.475s][info][gc,reloc    ] GC(126) Small Pages: 671 / 1342M, Empty: 1100M, Relocated: 4M, In-Place: 0
[214.475s][info][gc,reloc    ] GC(126) Medium Pages: 0 / 0M, Empty: 0M, Relocated: 0M, In-Place: 0
[214.475s][info][gc,reloc    ] GC(126) Large Pages: 0 / 0M, Empty: 0M, Relocated: 0M, In-Place: 0
[214.475s][info][gc,reloc    ] GC(126) Forwarding Usage: 1M
[214.475s][info][gc,heap     ] GC(126) Min Capacity: 8M(0%)
[214.475s][info][gc,heap     ] GC(126) Max Capacity: 4096M(100%)
[214.475s][info][gc,heap     ] GC(126) Soft Max Capacity: 4096M(100%)
[214.475s][info][gc,heap     ] GC(126)                Mark Start          Mark End        Relocate Start      Relocate End           High               Low         
[214.475s][info][gc,heap     ] GC(126)  Capacity:     2048M (50%)        2048M (50%)        2048M (50%)        2048M (50%)        2048M (50%)        2048M (50%)    
[214.475s][info][gc,heap     ] GC(126)      Free:     2754M (67%)        2736M (67%)        3834M (94%)        4048M (99%)        4048M (99%)        2736M (67%)    
[214.476s][info][gc,heap     ] GC(126)      Used:     1342M (33%)        1360M (33%)         262M (6%)           48M (1%)         1360M (33%)          48M (1%)     
[214.476s][info][gc,heap     ] GC(126)      Live:         -                 6M (0%)            6M (0%)            6M (0%)             -                  -          
[214.476s][info][gc,heap     ] GC(126) Allocated:         -                18M (0%)           20M (0%)           21M (1%)             -                  -          
[214.476s][info][gc,heap     ] GC(126)   Garbage:         -              1335M (33%)         235M (6%)           19M (0%)             -                  -          
[214.476s][info][gc,heap     ] GC(126) Reclaimed:         -                  -              1100M (27%)        1315M (32%)            -                  -          
[214.476s][info][gc          ] GC(126) Garbage Collection (Proactive) 1342M(33%)->48M(1%)
[217.094s][info][gc,start    ] GC(127) Garbage Collection (System.gc())
[217.094s][info][gc,task     ] GC(127) Using 12 workers
[217.095s][info][gc,phases   ] GC(127) Pause Mark Start 0.018ms
[217.104s][info][gc,phases   ] GC(127) Concurrent Mark 9.355ms
[217.104s][info][gc,phases   ] GC(127) Pause Mark End 0.022ms
[217.104s][info][gc,phases   ] GC(127) Concurrent Mark Free 0.001ms
[217.105s][info][gc,phases   ] GC(127) Concurrent Process Non-Strong References 0.930ms
[217.105s][info][gc,phases   ] GC(127) Concurrent Reset Relocation Set 0.018ms
[217.109s][info][gc,phases   ] GC(127) Concurrent Select Relocation Set 3.860ms
[217.109s][info][gc,phases   ] GC(127) Pause Relocate Start 0.010ms
[217.113s][info][gc,phases   ] GC(127) Concurrent Relocate 3.466ms
[217.113s][info][gc,load     ] GC(127) Load: 0.00/0.00/0.00
[217.113s][info][gc,mmu      ] GC(127) MMU: 2ms/98.4%, 5ms/99.4%, 10ms/99.6%, 20ms/99.7%, 50ms/99.8%, 100ms/99.9%
[217.113s][info][gc,marking  ] GC(127) Mark: 8 stripe(s), 1 proactive flush(es), 1 terminate flush(es), 0 completion(s), 0 continuation(s) 
[217.113s][info][gc,marking  ] GC(127) Mark Stack Usage: 32M
[217.113s][info][gc,nmethod  ] GC(127) NMethods: 2004 registered, 385 unregistered
[217.113s][info][gc,metaspace] GC(127) Metaspace: 9M used, 10M committed, 1088M reserved
[217.113s][info][gc,ref      ] GC(127) Soft: 214 encountered, 0 discovered, 0 enqueued
[217.113s][info][gc,ref      ] GC(127) Weak: 814 encountered, 17 discovered, 0 enqueued
[217.113s][info][gc,ref      ] GC(127) Final: 0 encountered, 0 discovered, 0 enqueued
[217.113s][info][gc,ref      ] GC(127) Phantom: 27 encountered, 14 discovered, 0 enqueued
[217.113s][info][gc,reloc    ] GC(127) Small Pages: 454 / 908M, Empty: 876M, Relocated: 4M, In-Place: 0
[217.113s][info][gc,reloc    ] GC(127) Medium Pages: 0 / 0M, Empty: 0M, Relocated: 0M, In-Place: 0
[217.113s][info][gc,reloc    ] GC(127) Large Pages: 0 / 0M, Empty: 0M, Relocated: 0M, In-Place: 0
[217.113s][info][gc,reloc    ] GC(127) Forwarding Usage: 1M
[217.113s][info][gc,heap     ] GC(127) Min Capacity: 8M(0%)
[217.114s][info][gc,heap     ] GC(127) Max Capacity: 4096M(100%)
[217.114s][info][gc,heap     ] GC(127) Soft Max Capacity: 4096M(100%)
[217.114s][info][gc,heap     ] GC(127)                Mark Start          Mark End        Relocate Start      Relocate End           High               Low         
[217.114s][info][gc,heap     ] GC(127)  Capacity:     2048M (50%)        2048M (50%)        2048M (50%)        2048M (50%)        2048M (50%)        2048M (50%)    
[217.114s][info][gc,heap     ] GC(127)      Free:     3188M (78%)        3188M (78%)        4064M (99%)        4072M (99%)        4072M (99%)        3188M (78%)    
[217.114s][info][gc,heap     ] GC(127)      Used:      908M (22%)         908M (22%)          32M (1%)           24M (1%)          908M (22%)          24M (1%)     
[217.114s][info][gc,heap     ] GC(127)      Live:         -                 4M (0%)            4M (0%)            4M (0%)             -                  -          
[217.114s][info][gc,heap     ] GC(127) Allocated:         -                 0M (0%)            0M (0%)            0M (0%)             -                  -          
[217.114s][info][gc,heap     ] GC(127)   Garbage:         -               903M (22%)          27M (1%)           19M (0%)             -                  -          
[217.114s][info][gc,heap     ] GC(127) Reclaimed:         -                  -               876M (21%)         884M (22%)            -                  -          
[217.114s][info][gc          ] GC(127) Garbage Collection (System.gc()) 908M(22%)->24M(1%)
[219.556s][info][gc,start    ] GC(128) Garbage Collection (Proactive)
[219.556s][info][gc,task     ] GC(128) Using 12 workers
[219.556s][info][gc,phases   ] GC(128) Pause Mark Start 0.020ms
[219.571s][info][gc,phases   ] GC(128) Concurrent Mark 15.110ms
[219.571s][info][gc,phases   ] GC(128) Pause Mark End 0.027ms
[219.572s][info][gc,phases   ] GC(128) Concurrent Mark Free 0.001ms
[219.573s][info][gc,phases   ] GC(128) Concurrent Process Non-Strong References 1.104ms
[219.573s][info][gc,phases   ] GC(128) Concurrent Reset Relocation Set 0.003ms
[219.579s][info][gc,phases   ] GC(128) Concurrent Select Relocation Set 6.622ms
[219.580s][info][gc,phases   ] GC(128) Pause Relocate Start 0.011ms
[219.583s][info][gc,phases   ] GC(128) Concurrent Relocate 2.912ms
[219.583s][info][gc,load     ] GC(128) Load: 0.00/0.00/0.00
[219.583s][info][gc,mmu      ] GC(128) MMU: 2ms/98.4%, 5ms/99.4%, 10ms/99.6%, 20ms/99.7%, 50ms/99.8%, 100ms/99.9%
[219.583s][info][gc,marking  ] GC(128) Mark: 8 stripe(s), 2 proactive flush(es), 1 terminate flush(es), 0 completion(s), 0 continuation(s) 
[219.583s][info][gc,marking  ] GC(128) Mark Stack Usage: 32M
[219.583s][info][gc,nmethod  ] GC(128) NMethods: 2006 registered, 385 unregistered
[219.583s][info][gc,metaspace] GC(128) Metaspace: 9M used, 10M committed, 1088M reserved
[219.583s][info][gc,ref      ] GC(128) Soft: 214 encountered, 0 discovered, 0 enqueued
[219.583s][info][gc,ref      ] GC(128) Weak: 814 encountered, 48 discovered, 0 enqueued
[219.583s][info][gc,ref      ] GC(128) Final: 0 encountered, 0 discovered, 0 enqueued
[219.583s][info][gc,ref      ] GC(128) Phantom: 27 encountered, 12 discovered, 0 enqueued
[219.583s][info][gc,reloc    ] GC(128) Small Pages: 416 / 832M, Empty: 606M, Relocated: 5M, In-Place: 0
[219.583s][info][gc,reloc    ] GC(128) Medium Pages: 0 / 0M, Empty: 0M, Relocated: 0M, In-Place: 0
[219.583s][info][gc,reloc    ] GC(128) Large Pages: 0 / 0M, Empty: 0M, Relocated: 0M, In-Place: 0
[219.583s][info][gc,reloc    ] GC(128) Forwarding Usage: 1M
[219.583s][info][gc,heap     ] GC(128) Min Capacity: 8M(0%)
[219.583s][info][gc,heap     ] GC(128) Max Capacity: 4096M(100%)
[219.583s][info][gc,heap     ] GC(128) Soft Max Capacity: 4096M(100%)
[219.583s][info][gc,heap     ] GC(128)                Mark Start          Mark End        Relocate Start      Relocate End           High               Low         
[219.583s][info][gc,heap     ] GC(128)  Capacity:     2048M (50%)        2048M (50%)        2048M (50%)        2048M (50%)        2048M (50%)        2048M (50%)    
[219.583s][info][gc,heap     ] GC(128)      Free:     3264M (80%)        3240M (79%)        3844M (94%)        4044M (99%)        4044M (99%)        3238M (79%)    
[219.583s][info][gc,heap     ] GC(128)      Used:      832M (20%)         856M (21%)         252M (6%)           52M (1%)          858M (21%)          52M (1%)     
[219.583s][info][gc,heap     ] GC(128)      Live:         -                 6M (0%)            6M (0%)            6M (0%)             -                  -          
[219.583s][info][gc,heap     ] GC(128) Allocated:         -                24M (1%)           26M (1%)           25M (1%)             -                  -          
[219.583s][info][gc,heap     ] GC(128)   Garbage:         -               825M (20%)         219M (5%)           19M (0%)             -                  -          
[219.583s][info][gc,heap     ] GC(128) Reclaimed:         -                  -               606M (15%)         805M (20%)            -                  -          
[219.584s][info][gc          ] GC(128) Garbage Collection (Proactive) 832M(20%)->52M(1%)
[220.157s][info][gc,stats    ] === Garbage Collection Statistics =======================================================================================================================
[220.157s][info][gc,stats    ]                                                              Last 10s              Last 10m              Last 10h                Total
[220.157s][info][gc,stats    ]                                                              Avg / Max             Avg / Max             Avg / Max             Avg / Max
[220.157s][info][gc,stats    ]   Collector: Garbage Collection Cycle                     28.733 / 43.851       27.004 / 83.902       27.004 / 83.902       27.004 / 83.902      ms
[220.157s][info][gc,stats    ]  Contention: Mark Segment Reset Contention                     2 / 9                 1 / 12                1 / 12                1 / 12          ops/s
[220.157s][info][gc,stats    ]  Contention: Mark SeqNum Reset Contention                      0 / 1                 0 / 3                 0 / 3                 0 / 3           ops/s
[220.157s][info][gc,stats    ]    Critical: Allocation Stall                                  0 / 0                 0 / 0                 0 / 0                 0 / 0           ops/s
[220.157s][info][gc,stats    ]    Critical: Allocation Stall                              0.000 / 0.000         0.000 / 0.000         0.000 / 0.000         0.000 / 0.000       ms
[220.157s][info][gc,stats    ]    Critical: GC Locker Stall                                   0 / 0                 0 / 0                 0 / 0                 0 / 0           ops/s
[220.157s][info][gc,stats    ]    Critical: GC Locker Stall                               0.000 / 0.000         0.000 / 0.000         0.000 / 0.000         0.000 / 0.000       ms
[220.157s][info][gc,stats    ]    Critical: Relocation Stall                                  0 / 0                 0 / 0                 0 / 0                 0 / 0           ops/s
[220.158s][info][gc,stats    ]    Critical: Relocation Stall                              0.000 / 0.000         0.000 / 0.000         0.000 / 0.000         0.000 / 0.000       ms
[220.158s][info][gc,stats    ]      Memory: Allocation Rate                                 335 / 356             320 / 356             320 / 356             320 / 356         MB/s
[220.158s][info][gc,stats    ]      Memory: Defragment                                        0 / 0                 0 / 0                 0 / 0                 0 / 0           ops/s
[220.158s][info][gc,stats    ]      Memory: Out Of Memory                                     0 / 0                 0 / 0                 0 / 0                 0 / 0           ops/s
[220.158s][info][gc,stats    ]      Memory: Page Cache Flush                                  0 / 0                 0 / 0                 0 / 0                 0 / 0           MB/s
[220.158s][info][gc,stats    ]      Memory: Page Cache Hit L1                               172 / 190             162 / 195             162 / 195             162 / 195         ops/s
[220.158s][info][gc,stats    ]      Memory: Page Cache Hit L2                                 0 / 0                 0 / 0                 0 / 0                 0 / 0           ops/s
[220.158s][info][gc,stats    ]      Memory: Page Cache Hit L3                                 0 / 0                 4 / 141               4 / 141               4 / 141         ops/s
[220.158s][info][gc,stats    ]      Memory: Page Cache Miss                                   0 / 0                 0 / 1                 0 / 1                 0 / 1           ops/s
[220.158s][info][gc,stats    ]      Memory: Uncommit                                          0 / 0                 0 / 0                 0 / 0                 0 / 0           MB/s
[220.158s][info][gc,stats    ]      Memory: Undo Object Allocation Failed                     0 / 0                 0 / 0                 0 / 0                 0 / 0           ops/s
[220.158s][info][gc,stats    ]      Memory: Undo Object Allocation Succeeded                  0 / 0                 0 / 5                 0 / 5                 0 / 5           ops/s
[220.158s][info][gc,stats    ]      Memory: Undo Page Allocation                              0 / 0                 0 / 0                 0 / 0                 0 / 0           ops/s
[220.158s][info][gc,stats    ]       Phase: Concurrent Mark                              13.609 / 15.204       14.891 / 24.159       14.891 / 24.159       14.891 / 24.159      ms
[220.158s][info][gc,stats    ]       Phase: Concurrent Mark Continue                      0.000 / 0.000         0.000 / 0.000         0.000 / 0.000         0.000 / 0.000       ms
[220.158s][info][gc,stats    ]       Phase: Concurrent Mark Free                          0.001 / 0.001         0.001 / 0.002         0.001 / 0.002         0.001 / 0.002       ms
[220.158s][info][gc,stats    ]       Phase: Concurrent Process Non-Strong References      1.000 / 1.104         1.052 / 5.230         1.052 / 5.230         1.052 / 5.230       ms
[220.158s][info][gc,stats    ]       Phase: Concurrent Relocate                           3.362 / 3.915         3.400 / 5.038         3.400 / 5.038         3.400 / 5.038       ms
[220.158s][info][gc,stats    ]       Phase: Concurrent Reset Relocation Set               0.010 / 0.019         0.010 / 0.023         0.010 / 0.023         0.010 / 0.023       ms
[220.158s][info][gc,stats    ]       Phase: Concurrent Select Relocation Set              4.776 / 6.622         5.289 / 15.356        5.289 / 15.356        5.289 / 15.356      ms
[220.158s][info][gc,stats    ]       Phase: Pause Mark End                                0.023 / 0.027         0.025 / 0.032         0.025 / 0.032         0.025 / 0.032       ms
[220.158s][info][gc,stats    ]       Phase: Pause Mark Start                              0.018 / 0.020         0.018 / 0.021         0.018 / 0.021         0.018 / 0.021       ms
[220.158s][info][gc,stats    ]       Phase: Pause Relocate Start                          0.009 / 0.011         0.009 / 0.028         0.009 / 0.028         0.009 / 0.028       ms
[220.158s][info][gc,stats    ]    Subphase: Concurrent Classes Purge                      0.005 / 0.006         0.024 / 0.876         0.024 / 0.876         0.024 / 0.876       ms
[220.158s][info][gc,stats    ]    Subphase: Concurrent Classes Unlink                     0.697 / 0.741         0.717 / 4.065         0.717 / 4.065         0.717 / 4.065       ms
[220.159s][info][gc,stats    ]    Subphase: Concurrent Mark                              12.080 / 14.355       13.044 / 23.147       13.044 / 23.147       13.044 / 23.147      ms
[220.159s][info][gc,stats    ]    Subphase: Concurrent Mark Try Flush                     0.076 / 0.109         0.072 / 0.145         0.072 / 0.145         0.072 / 0.145       ms
[220.159s][info][gc,stats    ]    Subphase: Concurrent Mark Try Terminate                 7.182 / 11.324        8.160 / 16.572        8.160 / 16.572        8.160 / 16.572      ms
[220.159s][info][gc,stats    ]    Subphase: Concurrent References Enqueue                 0.000 / 0.001         0.001 / 0.004         0.001 / 0.004         0.001 / 0.004       ms
[220.159s][info][gc,stats    ]    Subphase: Concurrent References Process                 0.040 / 0.042         0.043 / 0.089         0.043 / 0.089         0.043 / 0.089       ms
[220.159s][info][gc,stats    ]    Subphase: Concurrent Roots ClassLoaderDataGraph         0.127 / 0.933         0.085 / 0.933         0.085 / 0.933         0.085 / 0.933       ms
[220.159s][info][gc,stats    ]    Subphase: Concurrent Roots CodeCache                    0.000 / 0.000         0.000 / 0.000         0.000 / 0.000         0.000 / 0.000       ms
[220.159s][info][gc,stats    ]    Subphase: Concurrent Roots JavaThreads                  0.565 / 1.045         0.520 / 1.189         0.520 / 1.189         0.520 / 1.189       ms
[220.159s][info][gc,stats    ]    Subphase: Concurrent Roots OopStorageSet                0.025 / 0.083         0.018 / 0.190         0.018 / 0.190         0.018 / 0.190       ms
[220.159s][info][gc,stats    ]    Subphase: Concurrent Weak Roots OopStorageSet           0.143 / 0.175         0.142 / 0.186         0.142 / 0.186         0.142 / 0.186       ms
[220.159s][info][gc,stats    ]    Subphase: Pause Mark Try Complete                       0.000 / 0.000         0.000 / 0.000         0.000 / 0.000         0.000 / 0.000       ms
[220.159s][info][gc,stats    ]      System: Java Threads                                     39 / 39               34 / 39               34 / 39               34 / 39          threads
[220.159s][info][gc,stats    ] =========================================================================================================================================================
[221.756s][info][gc,start    ] GC(129) Garbage Collection (Proactive)
[221.756s][info][gc,task     ] GC(129) Using 12 workers
[221.757s][info][gc,phases   ] GC(129) Pause Mark Start 0.019ms
[221.772s][info][gc,phases   ] GC(129) Concurrent Mark 15.163ms
[221.772s][info][gc,phases   ] GC(129) Pause Mark End 0.023ms
[221.772s][info][gc,phases   ] GC(129) Concurrent Mark Free 0.001ms
[221.773s][info][gc,phases   ] GC(129) Concurrent Process Non-Strong References 0.981ms
[221.773s][info][gc,phases   ] GC(129) Concurrent Reset Relocation Set 0.018ms
[221.781s][info][gc,phases   ] GC(129) Concurrent Select Relocation Set 7.260ms
[221.781s][info][gc,phases   ] GC(129) Pause Relocate Start 0.010ms
[221.784s][info][gc,phases   ] GC(129) Concurrent Relocate 3.353ms
[221.784s][info][gc,load     ] GC(129) Load: 0.00/0.00/0.00
[221.784s][info][gc,mmu      ] GC(129) MMU: 2ms/98.4%, 5ms/99.4%, 10ms/99.6%, 20ms/99.7%, 50ms/99.8%, 100ms/99.9%
[221.784s][info][gc,marking  ] GC(129) Mark: 8 stripe(s), 5 proactive flush(es), 1 terminate flush(es), 0 completion(s), 0 continuation(s) 
[221.785s][info][gc,marking  ] GC(129) Mark Stack Usage: 32M
[221.785s][info][gc,nmethod  ] GC(129) NMethods: 2006 registered, 385 unregistered
[221.785s][info][gc,metaspace] GC(129) Metaspace: 9M used, 10M committed, 1088M reserved
[221.785s][info][gc,ref      ] GC(129) Soft: 214 encountered, 0 discovered, 0 enqueued
[221.785s][info][gc,ref      ] GC(129) Weak: 814 encountered, 10 discovered, 0 enqueued
[221.785s][info][gc,ref      ] GC(129) Final: 0 encountered, 0 discovered, 0 enqueued
[221.785s][info][gc,ref      ] GC(129) Phantom: 27 encountered, 17 discovered, 0 enqueued
[221.785s][info][gc,reloc    ] GC(129) Small Pages: 377 / 754M, Empty: 672M, Relocated: 5M, In-Place: 0
[221.785s][info][gc,reloc    ] GC(129) Medium Pages: 0 / 0M, Empty: 0M, Relocated: 0M, In-Place: 0
[221.785s][info][gc,reloc    ] GC(129) Large Pages: 0 / 0M, Empty: 0M, Relocated: 0M, In-Place: 0
[221.785s][info][gc,reloc    ] GC(129) Forwarding Usage: 2M
[221.785s][info][gc,heap     ] GC(129) Min Capacity: 8M(0%)
[221.785s][info][gc,heap     ] GC(129) Max Capacity: 4096M(100%)
[221.785s][info][gc,heap     ] GC(129) Soft Max Capacity: 4096M(100%)
[221.785s][info][gc,heap     ] GC(129)                Mark Start          Mark End        Relocate Start      Relocate End           High               Low         
[221.785s][info][gc,heap     ] GC(129)  Capacity:     2048M (50%)        2048M (50%)        2048M (50%)        2048M (50%)        2048M (50%)        2048M (50%)    
[221.785s][info][gc,heap     ] GC(129)      Free:     3342M (82%)        3320M (81%)        3992M (97%)        4048M (99%)        4048M (99%)        3320M (81%)    
[221.785s][info][gc,heap     ] GC(129)      Used:      754M (18%)         776M (19%)         104M (3%)           48M (1%)          776M (19%)          48M (1%)     
[221.785s][info][gc,heap     ] GC(129)      Live:         -                 6M (0%)            6M (0%)            6M (0%)             -                  -          
[221.785s][info][gc,heap     ] GC(129) Allocated:         -                22M (1%)           22M (1%)           21M (1%)             -                  -          
[221.785s][info][gc,heap     ] GC(129)   Garbage:         -               747M (18%)          75M (2%)           19M (0%)             -                  -          
[221.785s][info][gc,heap     ] GC(129) Reclaimed:         -                  -               672M (16%)         727M (18%)            -                  -          
[221.785s][info][gc          ] GC(129) Garbage Collection (Proactive) 754M(18%)->48M(1%)
[223.652s][info][gc,start    ] GC(130) Garbage Collection (Proactive)
[223.652s][info][gc,task     ] GC(130) Using 12 workers
[223.653s][info][gc,phases   ] GC(130) Pause Mark Start 0.019ms
[223.668s][info][gc,phases   ] GC(130) Concurrent Mark 15.109ms
[223.668s][info][gc,phases   ] GC(130) Pause Mark End 0.024ms
[223.668s][info][gc,phases   ] GC(130) Concurrent Mark Free 0.001ms
[223.669s][info][gc,phases   ] GC(130) Concurrent Process Non-Strong References 1.043ms
[223.669s][info][gc,phases   ] GC(130) Concurrent Reset Relocation Set 0.007ms
[223.673s][info][gc,phases   ] GC(130) Concurrent Select Relocation Set 3.956ms
[223.674s][info][gc,phases   ] GC(130) Pause Relocate Start 0.009ms
[223.678s][info][gc,phases   ] GC(130) Concurrent Relocate 4.005ms
[223.678s][info][gc,load     ] GC(130) Load: 0.00/0.00/0.00
[223.678s][info][gc,mmu      ] GC(130) MMU: 2ms/98.4%, 5ms/99.4%, 10ms/99.6%, 20ms/99.7%, 50ms/99.8%, 100ms/99.9%
[223.678s][info][gc,marking  ] GC(130) Mark: 8 stripe(s), 2 proactive flush(es), 1 terminate flush(es), 0 completion(s), 0 continuation(s) 
[223.678s][info][gc,marking  ] GC(130) Mark Stack Usage: 32M
[223.678s][info][gc,nmethod  ] GC(130) NMethods: 2006 registered, 385 unregistered
[223.678s][info][gc,metaspace] GC(130) Metaspace: 9M used, 10M committed, 1088M reserved
[223.678s][info][gc,ref      ] GC(130) Soft: 214 encountered, 0 discovered, 0 enqueued
[223.678s][info][gc,ref      ] GC(130) Weak: 814 encountered, 12 discovered, 0 enqueued
[223.678s][info][gc,ref      ] GC(130) Final: 0 encountered, 0 discovered, 0 enqueued
[223.678s][info][gc,ref      ] GC(130) Phantom: 27 encountered, 13 discovered, 0 enqueued
[223.678s][info][gc,reloc    ] GC(130) Small Pages: 325 / 650M, Empty: 470M, Relocated: 4M, In-Place: 0
[223.678s][info][gc,reloc    ] GC(130) Medium Pages: 0 / 0M, Empty: 0M, Relocated: 0M, In-Place: 0
[223.678s][info][gc,reloc    ] GC(130) Large Pages: 0 / 0M, Empty: 0M, Relocated: 0M, In-Place: 0
[223.678s][info][gc,reloc    ] GC(130) Forwarding Usage: 1M
[223.678s][info][gc,heap     ] GC(130) Min Capacity: 8M(0%)
[223.678s][info][gc,heap     ] GC(130) Max Capacity: 4096M(100%)
[223.678s][info][gc,heap     ] GC(130) Soft Max Capacity: 4096M(100%)
[223.678s][info][gc,heap     ] GC(130)                Mark Start          Mark End        Relocate Start      Relocate End           High               Low         
[223.678s][info][gc,heap     ] GC(130)  Capacity:     2048M (50%)        2048M (50%)        2048M (50%)        2048M (50%)        2048M (50%)        2048M (50%)    
[223.678s][info][gc,heap     ] GC(130)      Free:     3446M (84%)        3424M (84%)        3892M (95%)        4044M (99%)        4044M (99%)        3424M (84%)    
[223.678s][info][gc,heap     ] GC(130)      Used:      650M (16%)         672M (16%)         204M (5%)           52M (1%)          672M (16%)          52M (1%)     
[223.678s][info][gc,heap     ] GC(130)      Live:         -                 6M (0%)            6M (0%)            6M (0%)             -                  -          
[223.678s][info][gc,heap     ] GC(130) Allocated:         -                22M (1%)           24M (1%)           25M (1%)             -                  -          
[223.678s][info][gc,heap     ] GC(130)   Garbage:         -               643M (16%)         173M (4%)           19M (0%)             -                  -          
[223.678s][info][gc,heap     ] GC(130) Reclaimed:         -                  -               470M (11%)         623M (15%)            -                  -          
[223.679s][info][gc          ] GC(130) Garbage Collection (Proactive) 650M(16%)->52M(1%)
[223.822s][info][gc,start    ] GC(131) Garbage Collection (System.gc())
[223.822s][info][gc,task     ] GC(131) Using 12 workers
[223.823s][info][gc,phases   ] GC(131) Pause Mark Start 0.018ms
[223.840s][info][gc,phases   ] GC(131) Concurrent Mark 17.001ms
[223.840s][info][gc,phases   ] GC(131) Pause Mark End 0.023ms
[223.856s][info][gc,phases   ] GC(131) Concurrent Mark Free 0.001ms
[223.857s][info][gc,phases   ] GC(131) Concurrent Process Non-Strong References 0.999ms
[223.857s][info][gc,phases   ] GC(131) Concurrent Reset Relocation Set 0.014ms
[223.861s][info][gc,phases   ] GC(131) Concurrent Select Relocation Set 3.811ms
[223.861s][info][gc,phases   ] GC(131) Pause Relocate Start 0.006ms
[223.865s][info][gc,phases   ] GC(131) Concurrent Relocate 3.452ms
[223.865s][info][gc,load     ] GC(131) Load: 0.00/0.00/0.00
[223.865s][info][gc,mmu      ] GC(131) MMU: 2ms/98.4%, 5ms/99.4%, 10ms/99.6%, 20ms/99.7%, 50ms/99.8%, 100ms/99.9%
[223.865s][info][gc,marking  ] GC(131) Mark: 8 stripe(s), 1 proactive flush(es), 1 terminate flush(es), 0 completion(s), 0 continuation(s) 
[223.865s][info][gc,marking  ] GC(131) Mark Stack Usage: 32M
[223.865s][info][gc,nmethod  ] GC(131) NMethods: 2011 registered, 385 unregistered
[223.865s][info][gc,metaspace] GC(131) Metaspace: 9M used, 10M committed, 1088M reserved
[223.865s][info][gc,ref      ] GC(131) Soft: 214 encountered, 0 discovered, 0 enqueued
[223.865s][info][gc,ref      ] GC(131) Weak: 814 encountered, 31 discovered, 0 enqueued
[223.865s][info][gc,ref      ] GC(131) Final: 0 encountered, 0 discovered, 0 enqueued
[223.865s][info][gc,ref      ] GC(131) Phantom: 27 encountered, 17 discovered, 0 enqueued
[223.865s][info][gc,reloc    ] GC(131) Small Pages: 49 / 98M, Empty: 68M, Relocated: 4M, In-Place: 0
[223.865s][info][gc,reloc    ] GC(131) Medium Pages: 0 / 0M, Empty: 0M, Relocated: 0M, In-Place: 0
[223.865s][info][gc,reloc    ] GC(131) Large Pages: 0 / 0M, Empty: 0M, Relocated: 0M, In-Place: 0
[223.865s][info][gc,reloc    ] GC(131) Forwarding Usage: 1M
[223.865s][info][gc,heap     ] GC(131) Min Capacity: 8M(0%)
[223.865s][info][gc,heap     ] GC(131) Max Capacity: 4096M(100%)
[223.865s][info][gc,heap     ] GC(131) Soft Max Capacity: 4096M(100%)
[223.865s][info][gc,heap     ] GC(131)                Mark Start          Mark End        Relocate Start      Relocate End           High               Low         
[223.866s][info][gc,heap     ] GC(131)  Capacity:     2048M (50%)        2048M (50%)        2048M (50%)        2048M (50%)        2048M (50%)        2048M (50%)    
[223.866s][info][gc,heap     ] GC(131)      Free:     3998M (98%)        3998M (98%)        4066M (99%)        4072M (99%)        4072M (99%)        3998M (98%)    
[223.866s][info][gc,heap     ] GC(131)      Used:       98M (2%)           98M (2%)           30M (1%)           24M (1%)           98M (2%)           24M (1%)     
[223.866s][info][gc,heap     ] GC(131)      Live:         -                 4M (0%)            4M (0%)            4M (0%)             -                  -          
[223.866s][info][gc,heap     ] GC(131) Allocated:         -                 0M (0%)            0M (0%)            0M (0%)             -                  -          
[223.866s][info][gc,heap     ] GC(131)   Garbage:         -                93M (2%)           25M (1%)           19M (0%)             -                  -          
[223.866s][info][gc,heap     ] GC(131) Reclaimed:         -                  -                68M (2%)           74M (2%)             -                  -          
[223.866s][info][gc          ] GC(131) Garbage Collection (System.gc()) 98M(2%)->24M(1%)
[227.054s][info][gc,start    ] GC(132) Garbage Collection (Proactive)
[227.054s][info][gc,task     ] GC(132) Using 12 workers
[227.054s][info][gc,phases   ] GC(132) Pause Mark Start 0.019ms
[227.069s][info][gc,phases   ] GC(132) Concurrent Mark 15.076ms
[227.070s][info][gc,phases   ] GC(132) Pause Mark End 0.025ms
[227.070s][info][gc,phases   ] GC(132) Concurrent Mark Free 0.001ms
[227.071s][info][gc,phases   ] GC(132) Concurrent Process Non-Strong References 1.091ms
[227.071s][info][gc,phases   ] GC(132) Concurrent Reset Relocation Set 0.002ms
[227.078s][info][gc,phases   ] GC(132) Concurrent Select Relocation Set 6.748ms
[227.078s][info][gc,phases   ] GC(132) Pause Relocate Start 0.009ms
[227.081s][info][gc,phases   ] GC(132) Concurrent Relocate 3.191ms
[227.081s][info][gc,load     ] GC(132) Load: 0.00/0.00/0.00
[227.081s][info][gc,mmu      ] GC(132) MMU: 2ms/98.4%, 5ms/99.4%, 10ms/99.6%, 20ms/99.7%, 50ms/99.8%, 100ms/99.9%
[227.081s][info][gc,marking  ] GC(132) Mark: 8 stripe(s), 2 proactive flush(es), 1 terminate flush(es), 0 completion(s), 0 continuation(s) 
[227.081s][info][gc,marking  ] GC(132) Mark Stack Usage: 32M
[227.081s][info][gc,nmethod  ] GC(132) NMethods: 2011 registered, 385 unregistered
[227.081s][info][gc,metaspace] GC(132) Metaspace: 9M used, 10M committed, 1088M reserved
[227.081s][info][gc,ref      ] GC(132) Soft: 214 encountered, 0 discovered, 0 enqueued
[227.081s][info][gc,ref      ] GC(132) Weak: 814 encountered, 9 discovered, 0 enqueued
[227.081s][info][gc,ref      ] GC(132) Final: 0 encountered, 0 discovered, 0 enqueued
[227.081s][info][gc,ref      ] GC(132) Phantom: 27 encountered, 17 discovered, 0 enqueued
[227.081s][info][gc,reloc    ] GC(132) Small Pages: 531 / 1062M, Empty: 838M, Relocated: 5M, In-Place: 0
[227.081s][info][gc,reloc    ] GC(132) Medium Pages: 0 / 0M, Empty: 0M, Relocated: 0M, In-Place: 0
[227.081s][info][gc,reloc    ] GC(132) Large Pages: 0 / 0M, Empty: 0M, Relocated: 0M, In-Place: 0
[227.081s][info][gc,reloc    ] GC(132) Forwarding Usage: 1M
[227.082s][info][gc,heap     ] GC(132) Min Capacity: 8M(0%)
[227.082s][info][gc,heap     ] GC(132) Max Capacity: 4096M(100%)
[227.082s][info][gc,heap     ] GC(132) Soft Max Capacity: 4096M(100%)
[227.082s][info][gc,heap     ] GC(132)                Mark Start          Mark End        Relocate Start      Relocate End           High               Low         
[227.082s][info][gc,heap     ] GC(132)  Capacity:     2048M (50%)        2048M (50%)        2048M (50%)        2048M (50%)        2048M (50%)        2048M (50%)    
[227.082s][info][gc,heap     ] GC(132)      Free:     3034M (74%)        3016M (74%)        3850M (94%)        4048M (99%)        4048M (99%)        3016M (74%)    
[227.082s][info][gc,heap     ] GC(132)      Used:     1062M (26%)        1080M (26%)         246M (6%)           48M (1%)         1080M (26%)          48M (1%)     
[227.082s][info][gc,heap     ] GC(132)      Live:         -                 6M (0%)            6M (0%)            6M (0%)             -                  -          
[227.082s][info][gc,heap     ] GC(132) Allocated:         -                18M (0%)           22M (1%)           21M (1%)             -                  -          
[227.082s][info][gc,heap     ] GC(132)   Garbage:         -              1055M (26%)         217M (5%)           19M (0%)             -                  -          
[227.082s][info][gc,heap     ] GC(132) Reclaimed:         -                  -               838M (20%)        1035M (25%)            -                  -          
[227.082s][info][gc          ] GC(132) Garbage Collection (Proactive) 1062M(26%)->48M(1%)
[229.660s][info][gc,start    ] GC(133) Garbage Collection (Proactive)
[229.660s][info][gc,task     ] GC(133) Using 12 workers
[229.660s][info][gc,phases   ] GC(133) Pause Mark Start 0.018ms
[229.675s][info][gc,phases   ] GC(133) Concurrent Mark 15.159ms
[229.676s][info][gc,phases   ] GC(133) Pause Mark End 0.025ms
[229.676s][info][gc,phases   ] GC(133) Concurrent Mark Free 0.002ms
[229.677s][info][gc,phases   ] GC(133) Concurrent Process Non-Strong References 1.114ms
[229.677s][info][gc,phases   ] GC(133) Concurrent Reset Relocation Set 0.021ms
[229.681s][info][gc,phases   ] GC(133) Concurrent Select Relocation Set 3.748ms
[229.681s][info][gc,phases   ] GC(133) Pause Relocate Start 0.012ms
[229.684s][info][gc,phases   ] GC(133) Concurrent Relocate 3.482ms
[229.685s][info][gc,load     ] GC(133) Load: 0.00/0.00/0.00
[229.685s][info][gc,mmu      ] GC(133) MMU: 2ms/98.4%, 5ms/99.4%, 10ms/99.6%, 20ms/99.7%, 50ms/99.8%, 100ms/99.9%
[229.685s][info][gc,marking  ] GC(133) Mark: 8 stripe(s), 2 proactive flush(es), 1 terminate flush(es), 0 completion(s), 0 continuation(s) 
[229.685s][info][gc,marking  ] GC(133) Mark Stack Usage: 32M
[229.685s][info][gc,nmethod  ] GC(133) NMethods: 2011 registered, 385 unregistered
[229.685s][info][gc,metaspace] GC(133) Metaspace: 9M used, 10M committed, 1088M reserved
[229.685s][info][gc,ref      ] GC(133) Soft: 214 encountered, 0 discovered, 0 enqueued
[229.685s][info][gc,ref      ] GC(133) Weak: 814 encountered, 7 discovered, 0 enqueued
[229.685s][info][gc,ref      ] GC(133) Final: 0 encountered, 0 discovered, 0 enqueued
[229.685s][info][gc,ref      ] GC(133) Phantom: 27 encountered, 10 discovered, 0 enqueued
[229.685s][info][gc,reloc    ] GC(133) Small Pages: 439 / 878M, Empty: 688M, Relocated: 4M, In-Place: 0
[229.685s][info][gc,reloc    ] GC(133) Medium Pages: 0 / 0M, Empty: 0M, Relocated: 0M, In-Place: 0
[229.685s][info][gc,reloc    ] GC(133) Large Pages: 0 / 0M, Empty: 0M, Relocated: 0M, In-Place: 0
[229.685s][info][gc,reloc    ] GC(133) Forwarding Usage: 1M
[229.685s][info][gc,heap     ] GC(133) Min Capacity: 8M(0%)
[229.685s][info][gc,heap     ] GC(133) Max Capacity: 4096M(100%)
[229.685s][info][gc,heap     ] GC(133) Soft Max Capacity: 4096M(100%)
[229.685s][info][gc,heap     ] GC(133)                Mark Start          Mark End        Relocate Start      Relocate End           High               Low         
[229.685s][info][gc,heap     ] GC(133)  Capacity:     2048M (50%)        2048M (50%)        2048M (50%)        2048M (50%)        2048M (50%)        2048M (50%)    
[229.685s][info][gc,heap     ] GC(133)      Free:     3218M (79%)        3198M (78%)        3884M (95%)        4048M (99%)        4048M (99%)        3198M (78%)    
[229.685s][info][gc,heap     ] GC(133)      Used:      878M (21%)         898M (22%)         212M (5%)           48M (1%)          898M (22%)          48M (1%)     
[229.685s][info][gc,heap     ] GC(133)      Live:         -                 6M (0%)            6M (0%)            6M (0%)             -                  -          
[229.685s][info][gc,heap     ] GC(133) Allocated:         -                20M (0%)           22M (1%)           21M (1%)             -                  -          
[229.685s][info][gc,heap     ] GC(133)   Garbage:         -               871M (21%)         183M (4%)           19M (0%)             -                  -          
[229.685s][info][gc,heap     ] GC(133) Reclaimed:         -                  -               688M (17%)         851M (21%)            -                  -          
[229.685s][info][gc          ] GC(133) Garbage Collection (Proactive) 878M(21%)->48M(1%)
[230.151s][info][gc,stats    ] === Garbage Collection Statistics =======================================================================================================================
[230.151s][info][gc,stats    ]                                                              Last 10s              Last 10m              Last 10h                Total
[230.151s][info][gc,stats    ]                                                              Avg / Max             Avg / Max             Avg / Max             Avg / Max
[230.151s][info][gc,stats    ]   Collector: Garbage Collection Cycle                     29.687 / 42.577       27.105 / 83.902       27.105 / 83.902       27.105 / 83.902      ms
[230.151s][info][gc,stats    ]  Contention: Mark Segment Reset Contention                     1 / 7                 1 / 12                1 / 12                1 / 12          ops/s
[230.151s][info][gc,stats    ]  Contention: Mark SeqNum Reset Contention                      0 / 1                 0 / 3                 0 / 3                 0 / 3           ops/s
[230.151s][info][gc,stats    ]    Critical: Allocation Stall                                  0 / 0                 0 / 0                 0 / 0                 0 / 0           ops/s
[230.151s][info][gc,stats    ]    Critical: Allocation Stall                              0.000 / 0.000         0.000 / 0.000         0.000 / 0.000         0.000 / 0.000       ms
[230.151s][info][gc,stats    ]    Critical: GC Locker Stall                                   0 / 0                 0 / 0                 0 / 0                 0 / 0           ops/s
[230.152s][info][gc,stats    ]    Critical: GC Locker Stall                               0.000 / 0.000         0.000 / 0.000         0.000 / 0.000         0.000 / 0.000       ms
[230.152s][info][gc,stats    ]    Critical: Relocation Stall                                  0 / 0                 0 / 0                 0 / 0                 0 / 0           ops/s
[230.152s][info][gc,stats    ]    Critical: Relocation Stall                              0.000 / 0.000         0.000 / 0.000         0.000 / 0.000         0.000 / 0.000       ms
[230.152s][info][gc,stats    ]      Memory: Allocation Rate                                 328 / 342             320 / 356             320 / 356             320 / 356         MB/s
[230.152s][info][gc,stats    ]      Memory: Defragment                                        0 / 0                 0 / 0                 0 / 0                 0 / 0           ops/s
[230.152s][info][gc,stats    ]      Memory: Out Of Memory                                     0 / 0                 0 / 0                 0 / 0                 0 / 0           ops/s
[230.152s][info][gc,stats    ]      Memory: Page Cache Flush                                  0 / 0                 0 / 0                 0 / 0                 0 / 0           MB/s
[230.152s][info][gc,stats    ]      Memory: Page Cache Hit L1                               170 / 193             163 / 195             163 / 195             163 / 195         ops/s
[230.152s][info][gc,stats    ]      Memory: Page Cache Hit L2                                 0 / 0                 0 / 0                 0 / 0                 0 / 0           ops/s
[230.152s][info][gc,stats    ]      Memory: Page Cache Hit L3                                 0 / 0                 4 / 141               4 / 141               4 / 141         ops/s
[230.152s][info][gc,stats    ]      Memory: Page Cache Miss                                   0 / 0                 0 / 1                 0 / 1                 0 / 1           ops/s
[230.152s][info][gc,stats    ]      Memory: Uncommit                                          0 / 0                 0 / 0                 0 / 0                 0 / 0           MB/s
[230.152s][info][gc,stats    ]      Memory: Undo Object Allocation Failed                     0 / 0                 0 / 0                 0 / 0                 0 / 0           ops/s
[230.152s][info][gc,stats    ]      Memory: Undo Object Allocation Succeeded                  0 / 1                 0 / 5                 0 / 5                 0 / 5           ops/s
[230.152s][info][gc,stats    ]      Memory: Undo Page Allocation                              0 / 0                 0 / 0                 0 / 0                 0 / 0           ops/s
[230.152s][info][gc,stats    ]       Phase: Concurrent Mark                              15.502 / 17.001       14.914 / 24.159       14.914 / 24.159       14.914 / 24.159      ms
[230.152s][info][gc,stats    ]       Phase: Concurrent Mark Continue                      0.000 / 0.000         0.000 / 0.000         0.000 / 0.000         0.000 / 0.000       ms
[230.152s][info][gc,stats    ]       Phase: Concurrent Mark Free                          0.001 / 0.002         0.001 / 0.002         0.001 / 0.002         0.001 / 0.002       ms
[230.152s][info][gc,stats    ]       Phase: Concurrent Process Non-Strong References      1.046 / 1.114         1.052 / 5.230         1.052 / 5.230         1.052 / 5.230       ms
[230.152s][info][gc,stats    ]       Phase: Concurrent Relocate                           3.497 / 4.005         3.404 / 5.038         3.404 / 5.038         3.404 / 5.038       ms
[230.152s][info][gc,stats    ]       Phase: Concurrent Reset Relocation Set               0.012 / 0.021         0.011 / 0.023         0.011 / 0.023         0.011 / 0.023       ms
[230.152s][info][gc,stats    ]       Phase: Concurrent Select Relocation Set              5.104 / 7.260         5.282 / 15.356        5.282 / 15.356        5.282 / 15.356      ms
[230.152s][info][gc,stats    ]       Phase: Pause Mark End                                0.024 / 0.025         0.025 / 0.032         0.025 / 0.032         0.025 / 0.032       ms
[230.152s][info][gc,stats    ]       Phase: Pause Mark Start                              0.018 / 0.019         0.018 / 0.021         0.018 / 0.021         0.018 / 0.021       ms
[230.152s][info][gc,stats    ]       Phase: Pause Relocate Start                          0.009 / 0.012         0.009 / 0.028         0.009 / 0.028         0.009 / 0.028       ms
[230.152s][info][gc,stats    ]    Subphase: Concurrent Classes Purge                      0.006 / 0.007         0.024 / 0.876         0.024 / 0.876         0.024 / 0.876       ms
[230.152s][info][gc,stats    ]    Subphase: Concurrent Classes Unlink                     0.728 / 0.791         0.718 / 4.065         0.718 / 4.065         0.718 / 4.065       ms
[230.152s][info][gc,stats    ]    Subphase: Concurrent Mark                              13.654 / 15.910       13.066 / 23.147       13.066 / 23.147       13.066 / 23.147      ms
[230.153s][info][gc,stats    ]    Subphase: Concurrent Mark Try Flush                     0.071 / 0.106         0.072 / 0.145         0.072 / 0.145         0.072 / 0.145       ms
[230.153s][info][gc,stats    ]    Subphase: Concurrent Mark Try Terminate                 8.599 / 13.304        8.176 / 16.572        8.176 / 16.572        8.176 / 16.572      ms
[230.153s][info][gc,stats    ]    Subphase: Concurrent References Enqueue                 0.000 / 0.001         0.001 / 0.004         0.001 / 0.004         0.001 / 0.004       ms
[230.153s][info][gc,stats    ]    Subphase: Concurrent References Process                 0.040 / 0.043         0.043 / 0.089         0.043 / 0.089         0.043 / 0.089       ms
[230.153s][info][gc,stats    ]    Subphase: Concurrent Roots ClassLoaderDataGraph         0.095 / 0.705         0.086 / 0.933         0.086 / 0.933         0.086 / 0.933       ms
[230.153s][info][gc,stats    ]    Subphase: Concurrent Roots CodeCache                    0.000 / 0.000         0.000 / 0.000         0.000 / 0.000         0.000 / 0.000       ms
[230.153s][info][gc,stats    ]    Subphase: Concurrent Roots JavaThreads                  0.605 / 1.060         0.523 / 1.189         0.523 / 1.189         0.523 / 1.189       ms
[230.153s][info][gc,stats    ]    Subphase: Concurrent Roots OopStorageSet                0.021 / 0.067         0.018 / 0.190         0.018 / 0.190         0.018 / 0.190       ms
[230.153s][info][gc,stats    ]    Subphase: Concurrent Weak Roots OopStorageSet           0.141 / 0.172         0.142 / 0.186         0.142 / 0.186         0.142 / 0.186       ms
[230.153s][info][gc,stats    ]    Subphase: Pause Mark Try Complete                       0.000 / 0.000         0.000 / 0.000         0.000 / 0.000         0.000 / 0.000       ms
[230.153s][info][gc,stats    ]      System: Java Threads                                     39 / 39               34 / 39               34 / 39               34 / 39          threads
[230.153s][info][gc,stats    ] =========================================================================================================================================================
[230.687s][info][gc,start    ] GC(134) Garbage Collection (System.gc())
[230.687s][info][gc,task     ] GC(134) Using 12 workers
[230.687s][info][gc,phases   ] GC(134) Pause Mark Start 0.018ms
[230.705s][info][gc,phases   ] GC(134) Concurrent Mark 17.562ms
[230.705s][info][gc,phases   ] GC(134) Pause Mark End 0.024ms
[230.705s][info][gc,phases   ] GC(134) Concurrent Mark Free 0.001ms
[230.706s][info][gc,phases   ] GC(134) Concurrent Process Non-Strong References 1.020ms
[230.706s][info][gc,phases   ] GC(134) Concurrent Reset Relocation Set 0.014ms
[230.710s][info][gc,phases   ] GC(134) Concurrent Select Relocation Set 3.772ms
[230.710s][info][gc,phases   ] GC(134) Pause Relocate Start 0.007ms
[230.714s][info][gc,phases   ] GC(134) Concurrent Relocate 3.437ms
[230.714s][info][gc,load     ] GC(134) Load: 0.00/0.00/0.00
[230.714s][info][gc,mmu      ] GC(134) MMU: 2ms/98.4%, 5ms/99.4%, 10ms/99.6%, 20ms/99.7%, 50ms/99.8%, 100ms/99.9%
[230.714s][info][gc,marking  ] GC(134) Mark: 8 stripe(s), 1 proactive flush(es), 1 terminate flush(es), 0 completion(s), 0 continuation(s) 
[230.714s][info][gc,marking  ] GC(134) Mark Stack Usage: 32M
[230.714s][info][gc,nmethod  ] GC(134) NMethods: 2011 registered, 392 unregistered
[230.714s][info][gc,metaspace] GC(134) Metaspace: 9M used, 10M committed, 1088M reserved
[230.714s][info][gc,ref      ] GC(134) Soft: 214 encountered, 0 discovered, 0 enqueued
[230.714s][info][gc,ref      ] GC(134) Weak: 814 encountered, 14 discovered, 0 enqueued
[230.714s][info][gc,ref      ] GC(134) Final: 0 encountered, 0 discovered, 0 enqueued
[230.714s][info][gc,ref      ] GC(134) Phantom: 27 encountered, 8 discovered, 0 enqueued
[230.714s][info][gc,reloc    ] GC(134) Small Pages: 183 / 366M, Empty: 344M, Relocated: 4M, In-Place: 0
[230.714s][info][gc,reloc    ] GC(134) Medium Pages: 0 / 0M, Empty: 0M, Relocated: 0M, In-Place: 0
[230.714s][info][gc,reloc    ] GC(134) Large Pages: 0 / 0M, Empty: 0M, Relocated: 0M, In-Place: 0
[230.714s][info][gc,reloc    ] GC(134) Forwarding Usage: 1M
[230.714s][info][gc,heap     ] GC(134) Min Capacity: 8M(0%)
[230.714s][info][gc,heap     ] GC(134) Max Capacity: 4096M(100%)
[230.714s][info][gc,heap     ] GC(134) Soft Max Capacity: 4096M(100%)
[230.714s][info][gc,heap     ] GC(134)                Mark Start          Mark End        Relocate Start      Relocate End           High               Low         
[230.714s][info][gc,heap     ] GC(134)  Capacity:     2048M (50%)        2048M (50%)        2048M (50%)        2048M (50%)        2048M (50%)        2048M (50%)    
[230.714s][info][gc,heap     ] GC(134)      Free:     3730M (91%)        3730M (91%)        4074M (99%)        4074M (99%)        4074M (99%)        3730M (91%)    
[230.715s][info][gc,heap     ] GC(134)      Used:      366M (9%)          366M (9%)           22M (1%)           22M (1%)          366M (9%)           22M (1%)     
[230.715s][info][gc,heap     ] GC(134)      Live:         -                 4M (0%)            4M (0%)            4M (0%)             -                  -          
[230.715s][info][gc,heap     ] GC(134) Allocated:         -                 0M (0%)            0M (0%)            0M (0%)             -                  -          
[230.715s][info][gc,heap     ] GC(134)   Garbage:         -               361M (9%)           17M (0%)           17M (0%)             -                  -          
[230.715s][info][gc,heap     ] GC(134) Reclaimed:         -                  -               344M (8%)          344M (8%)             -                  -          
[230.715s][info][gc          ] GC(134) Garbage Collection (System.gc()) 366M(9%)->22M(1%)
[232.554s][info][gc,start    ] GC(135) Garbage Collection (Proactive)
[232.554s][info][gc,task     ] GC(135) Using 12 workers
[232.554s][info][gc,phases   ] GC(135) Pause Mark Start 0.018ms
[232.570s][info][gc,phases   ] GC(135) Concurrent Mark 15.173ms
[232.570s][info][gc,phases   ] GC(135) Pause Mark End 0.025ms
[232.570s][info][gc,phases   ] GC(135) Concurrent Mark Free 0.001ms
[232.571s][info][gc,phases   ] GC(135) Concurrent Process Non-Strong References 1.068ms
[232.571s][info][gc,phases   ] GC(135) Concurrent Reset Relocation Set 0.002ms
[232.578s][info][gc,phases   ] GC(135) Concurrent Select Relocation Set 6.727ms
[232.578s][info][gc,phases   ] GC(135) Pause Relocate Start 0.008ms
[232.581s][info][gc,phases   ] GC(135) Concurrent Relocate 3.190ms
[232.582s][info][gc,load     ] GC(135) Load: 0.00/0.00/0.00
[232.582s][info][gc,mmu      ] GC(135) MMU: 2ms/98.4%, 5ms/99.4%, 10ms/99.6%, 20ms/99.7%, 50ms/99.8%, 100ms/99.9%
[232.582s][info][gc,marking  ] GC(135) Mark: 8 stripe(s), 2 proactive flush(es), 1 terminate flush(es), 0 completion(s), 0 continuation(s) 
[232.582s][info][gc,marking  ] GC(135) Mark Stack Usage: 32M
[232.582s][info][gc,nmethod  ] GC(135) NMethods: 2012 registered, 392 unregistered
[232.582s][info][gc,metaspace] GC(135) Metaspace: 9M used, 10M committed, 1088M reserved
[232.582s][info][gc,ref      ] GC(135) Soft: 214 encountered, 0 discovered, 0 enqueued
[232.582s][info][gc,ref      ] GC(135) Weak: 814 encountered, 14 discovered, 0 enqueued
[232.582s][info][gc,ref      ] GC(135) Final: 0 encountered, 0 discovered, 0 enqueued
[232.582s][info][gc,ref      ] GC(135) Phantom: 27 encountered, 14 discovered, 0 enqueued
[232.582s][info][gc,reloc    ] GC(135) Small Pages: 316 / 632M, Empty: 422M, Relocated: 5M, In-Place: 0
[232.582s][info][gc,reloc    ] GC(135) Medium Pages: 0 / 0M, Empty: 0M, Relocated: 0M, In-Place: 0
[232.582s][info][gc,reloc    ] GC(135) Large Pages: 0 / 0M, Empty: 0M, Relocated: 0M, In-Place: 0
[232.582s][info][gc,reloc    ] GC(135) Forwarding Usage: 1M
[232.582s][info][gc,heap     ] GC(135) Min Capacity: 8M(0%)
[232.582s][info][gc,heap     ] GC(135) Max Capacity: 4096M(100%)
[232.582s][info][gc,heap     ] GC(135) Soft Max Capacity: 4096M(100%)
[232.582s][info][gc,heap     ] GC(135)                Mark Start          Mark End        Relocate Start      Relocate End           High               Low         
[232.582s][info][gc,heap     ] GC(135)  Capacity:     2048M (50%)        2048M (50%)        2048M (50%)        2048M (50%)        2048M (50%)        2048M (50%)    
[232.582s][info][gc,heap     ] GC(135)      Free:     3464M (85%)        3444M (84%)        3864M (94%)        4046M (99%)        4046M (99%)        3444M (84%)    
[232.582s][info][gc,heap     ] GC(135)      Used:      632M (15%)         652M (16%)         232M (6%)           50M (1%)          652M (16%)          50M (1%)     
[232.582s][info][gc,heap     ] GC(135)      Live:         -                 6M (0%)            6M (0%)            6M (0%)             -                  -          
[232.582s][info][gc,heap     ] GC(135) Allocated:         -                20M (0%)           22M (1%)           23M (1%)             -                  -          
[232.582s][info][gc,heap     ] GC(135)   Garbage:         -               625M (15%)         203M (5%)           19M (0%)             -                  -          
[232.582s][info][gc,heap     ] GC(135) Reclaimed:         -                  -               422M (10%)         605M (15%)            -                  -          
[232.582s][info][gc          ] GC(135) Garbage Collection (Proactive) 632M(15%)->50M(1%)
[234.351s][info][gc,start    ] GC(136) Garbage Collection (Proactive)
[234.351s][info][gc,task     ] GC(136) Using 12 workers
[234.351s][info][gc,phases   ] GC(136) Pause Mark Start 0.018ms
[234.366s][info][gc,phases   ] GC(136) Concurrent Mark 15.188ms
[234.366s][info][gc,phases   ] GC(136) Pause Mark End 0.027ms
[234.366s][info][gc,phases   ] GC(136) Concurrent Mark Free 0.001ms
[234.368s][info][gc,phases   ] GC(136) Concurrent Process Non-Strong References 1.028ms
[234.368s][info][gc,phases   ] GC(136) Concurrent Reset Relocation Set 0.016ms
[234.375s][info][gc,phases   ] GC(136) Concurrent Select Relocation Set 6.957ms
[234.375s][info][gc,phases   ] GC(136) Pause Relocate Start 0.010ms
[234.378s][info][gc,phases   ] GC(136) Concurrent Relocate 3.070ms
[234.378s][info][gc,load     ] GC(136) Load: 0.00/0.00/0.00
[234.378s][info][gc,mmu      ] GC(136) MMU: 2ms/98.4%, 5ms/99.4%, 10ms/99.6%, 20ms/99.7%, 50ms/99.8%, 100ms/99.9%
[234.378s][info][gc,marking  ] GC(136) Mark: 8 stripe(s), 2 proactive flush(es), 1 terminate flush(es), 0 completion(s), 0 continuation(s) 
[234.378s][info][gc,marking  ] GC(136) Mark Stack Usage: 32M
[234.378s][info][gc,nmethod  ] GC(136) NMethods: 2012 registered, 392 unregistered
[234.378s][info][gc,metaspace] GC(136) Metaspace: 9M used, 10M committed, 1088M reserved
[234.378s][info][gc,ref      ] GC(136) Soft: 214 encountered, 0 discovered, 0 enqueued
[234.378s][info][gc,ref      ] GC(136) Weak: 814 encountered, 193 discovered, 0 enqueued
[234.378s][info][gc,ref      ] GC(136) Final: 0 encountered, 0 discovered, 0 enqueued
[234.378s][info][gc,ref      ] GC(136) Phantom: 27 encountered, 16 discovered, 0 enqueued
[234.378s][info][gc,reloc    ] GC(136) Small Pages: 308 / 616M, Empty: 420M, Relocated: 4M, In-Place: 0
[234.378s][info][gc,reloc    ] GC(136) Medium Pages: 0 / 0M, Empty: 0M, Relocated: 0M, In-Place: 0
[234.378s][info][gc,reloc    ] GC(136) Large Pages: 0 / 0M, Empty: 0M, Relocated: 0M, In-Place: 0
[234.378s][info][gc,reloc    ] GC(136) Forwarding Usage: 1M
[234.378s][info][gc,heap     ] GC(136) Min Capacity: 8M(0%)
[234.378s][info][gc,heap     ] GC(136) Max Capacity: 4096M(100%)
[234.378s][info][gc,heap     ] GC(136) Soft Max Capacity: 4096M(100%)
[234.379s][info][gc,heap     ] GC(136)                Mark Start          Mark End        Relocate Start      Relocate End           High               Low         
[234.379s][info][gc,heap     ] GC(136)  Capacity:     2048M (50%)        2048M (50%)        2048M (50%)        2048M (50%)        2048M (50%)        2048M (50%)    
[234.379s][info][gc,heap     ] GC(136)      Free:     3480M (85%)        3462M (85%)        3874M (95%)        4042M (99%)        4042M (99%)        3458M (84%)    
[234.379s][info][gc,heap     ] GC(136)      Used:      616M (15%)         634M (15%)         222M (5%)           54M (1%)          638M (16%)          54M (1%)     
[234.379s][info][gc,heap     ] GC(136)      Live:         -                 6M (0%)            6M (0%)            6M (0%)             -                  -          
[234.379s][info][gc,heap     ] GC(136) Allocated:         -                18M (0%)           26M (1%)           27M (1%)             -                  -          
[234.379s][info][gc,heap     ] GC(136)   Garbage:         -               609M (15%)         189M (5%)           19M (0%)             -                  -          
[234.379s][info][gc,heap     ] GC(136) Reclaimed:         -                  -               420M (10%)         589M (14%)            -                  -          
[234.379s][info][gc          ] GC(136) Garbage Collection (Proactive) 616M(15%)->54M(1%)
[236.053s][info][gc,start    ] GC(137) Garbage Collection (Proactive)
[236.053s][info][gc,task     ] GC(137) Using 12 workers
[236.054s][info][gc,phases   ] GC(137) Pause Mark Start 0.018ms
[236.069s][info][gc,phases   ] GC(137) Concurrent Mark 15.122ms
[236.069s][info][gc,phases   ] GC(137) Pause Mark End 0.027ms
[236.069s][info][gc,phases   ] GC(137) Concurrent Mark Free 0.001ms
[236.070s][info][gc,phases   ] GC(137) Concurrent Process Non-Strong References 1.025ms
[236.070s][info][gc,phases   ] GC(137) Concurrent Reset Relocation Set 0.015ms
[236.074s][info][gc,phases   ] GC(137) Concurrent Select Relocation Set 3.758ms
[236.074s][info][gc,phases   ] GC(137) Pause Relocate Start 0.009ms
[236.077s][info][gc,phases   ] GC(137) Concurrent Relocate 3.021ms
[236.077s][info][gc,load     ] GC(137) Load: 0.00/0.00/0.00
[236.077s][info][gc,mmu      ] GC(137) MMU: 2ms/98.4%, 5ms/99.4%, 10ms/99.6%, 20ms/99.7%, 50ms/99.8%, 100ms/99.9%
[236.078s][info][gc,marking  ] GC(137) Mark: 8 stripe(s), 2 proactive flush(es), 1 terminate flush(es), 0 completion(s), 0 continuation(s) 
[236.078s][info][gc,marking  ] GC(137) Mark Stack Usage: 32M
[236.078s][info][gc,nmethod  ] GC(137) NMethods: 2012 registered, 392 unregistered
[236.078s][info][gc,metaspace] GC(137) Metaspace: 9M used, 10M committed, 1088M reserved
[236.078s][info][gc,ref      ] GC(137) Soft: 214 encountered, 0 discovered, 0 enqueued
[236.078s][info][gc,ref      ] GC(137) Weak: 814 encountered, 9 discovered, 0 enqueued
[236.078s][info][gc,ref      ] GC(137) Final: 0 encountered, 0 discovered, 0 enqueued
[236.078s][info][gc,ref      ] GC(137) Phantom: 27 encountered, 23 discovered, 0 enqueued
[236.078s][info][gc,reloc    ] GC(137) Small Pages: 297 / 594M, Empty: 466M, Relocated: 4M, In-Place: 0
[236.078s][info][gc,reloc    ] GC(137) Medium Pages: 0 / 0M, Empty: 0M, Relocated: 0M, In-Place: 0
[236.078s][info][gc,reloc    ] GC(137) Large Pages: 0 / 0M, Empty: 0M, Relocated: 0M, In-Place: 0
[236.078s][info][gc,reloc    ] GC(137) Forwarding Usage: 1M
[236.078s][info][gc,heap     ] GC(137) Min Capacity: 8M(0%)
[236.078s][info][gc,heap     ] GC(137) Max Capacity: 4096M(100%)
[236.078s][info][gc,heap     ] GC(137) Soft Max Capacity: 4096M(100%)
[236.078s][info][gc,heap     ] GC(137)                Mark Start          Mark End        Relocate Start      Relocate End           High               Low         
[236.078s][info][gc,heap     ] GC(137)  Capacity:     2048M (50%)        2048M (50%)        2048M (50%)        2048M (50%)        2048M (50%)        2048M (50%)    
[236.078s][info][gc,heap     ] GC(137)      Free:     3502M (85%)        3482M (85%)        3946M (96%)        4048M (99%)        4048M (99%)        3482M (85%)    
[236.078s][info][gc,heap     ] GC(137)      Used:      594M (15%)         614M (15%)         150M (4%)           48M (1%)          614M (15%)          48M (1%)     
[236.078s][info][gc,heap     ] GC(137)      Live:         -                 6M (0%)            6M (0%)            6M (0%)             -                  -          
[236.078s][info][gc,heap     ] GC(137) Allocated:         -                20M (0%)           22M (1%)           21M (1%)             -                  -          
[236.078s][info][gc,heap     ] GC(137)   Garbage:         -               587M (14%)         121M (3%)           19M (0%)             -                  -          
[236.078s][info][gc,heap     ] GC(137) Reclaimed:         -                  -               466M (11%)         567M (14%)            -                  -          
[236.078s][info][gc          ] GC(137) Garbage Collection (Proactive) 594M(15%)->48M(1%)
[237.480s][info][gc,start    ] GC(138) Garbage Collection (System.gc())
[237.480s][info][gc,task     ] GC(138) Using 12 workers
[237.480s][info][gc,phases   ] GC(138) Pause Mark Start 0.018ms
[237.490s][info][gc,phases   ] GC(138) Concurrent Mark 9.833ms
[237.491s][info][gc,phases   ] GC(138) Pause Mark End 0.022ms
[237.491s][info][gc,phases   ] GC(138) Concurrent Mark Free 0.001ms
[237.492s][info][gc,phases   ] GC(138) Concurrent Process Non-Strong References 0.988ms
[237.492s][info][gc,phases   ] GC(138) Concurrent Reset Relocation Set 0.011ms
[237.495s][info][gc,phases   ] GC(138) Concurrent Select Relocation Set 3.740ms
[237.496s][info][gc,phases   ] GC(138) Pause Relocate Start 0.007ms
[237.499s][info][gc,phases   ] GC(138) Concurrent Relocate 3.513ms
[237.499s][info][gc,load     ] GC(138) Load: 0.00/0.00/0.00
[237.499s][info][gc,mmu      ] GC(138) MMU: 2ms/98.4%, 5ms/99.4%, 10ms/99.6%, 20ms/99.7%, 50ms/99.8%, 100ms/99.9%
[237.499s][info][gc,marking  ] GC(138) Mark: 8 stripe(s), 1 proactive flush(es), 1 terminate flush(es), 0 completion(s), 0 continuation(s) 
[237.499s][info][gc,marking  ] GC(138) Mark Stack Usage: 32M
[237.499s][info][gc,nmethod  ] GC(138) NMethods: 2011 registered, 393 unregistered
[237.499s][info][gc,metaspace] GC(138) Metaspace: 9M used, 10M committed, 1088M reserved
[237.499s][info][gc,ref      ] GC(138) Soft: 214 encountered, 0 discovered, 0 enqueued
[237.499s][info][gc,ref      ] GC(138) Weak: 814 encountered, 11 discovered, 0 enqueued
[237.499s][info][gc,ref      ] GC(138) Final: 0 encountered, 0 discovered, 0 enqueued
[237.499s][info][gc,ref      ] GC(138) Phantom: 27 encountered, 23 discovered, 0 enqueued
[237.500s][info][gc,reloc    ] GC(138) Small Pages: 251 / 502M, Empty: 476M, Relocated: 4M, In-Place: 0
[237.500s][info][gc,reloc    ] GC(138) Medium Pages: 0 / 0M, Empty: 0M, Relocated: 0M, In-Place: 0
[237.500s][info][gc,reloc    ] GC(138) Large Pages: 0 / 0M, Empty: 0M, Relocated: 0M, In-Place: 0
[237.500s][info][gc,reloc    ] GC(138) Forwarding Usage: 1M
[237.500s][info][gc,heap     ] GC(138) Min Capacity: 8M(0%)
[237.500s][info][gc,heap     ] GC(138) Max Capacity: 4096M(100%)
[237.500s][info][gc,heap     ] GC(138) Soft Max Capacity: 4096M(100%)
[237.500s][info][gc,heap     ] GC(138)                Mark Start          Mark End        Relocate Start      Relocate End           High               Low         
[237.500s][info][gc,heap     ] GC(138)  Capacity:     2048M (50%)        2048M (50%)        2048M (50%)        2048M (50%)        2048M (50%)        2048M (50%)    
[237.500s][info][gc,heap     ] GC(138)      Free:     3594M (88%)        3594M (88%)        4070M (99%)        4072M (99%)        4072M (99%)        3594M (88%)    
[237.500s][info][gc,heap     ] GC(138)      Used:      502M (12%)         502M (12%)          26M (1%)           24M (1%)          502M (12%)          24M (1%)     
[237.500s][info][gc,heap     ] GC(138)      Live:         -                 4M (0%)            4M (0%)            4M (0%)             -                  -          
[237.500s][info][gc,heap     ] GC(138) Allocated:         -                 0M (0%)            0M (0%)            0M (0%)             -                  -          
[237.500s][info][gc,heap     ] GC(138)   Garbage:         -               497M (12%)          21M (1%)           19M (0%)             -                  -          
[237.500s][info][gc,heap     ] GC(138) Reclaimed:         -                  -               476M (12%)         478M (12%)            -                  -          
[237.500s][info][gc          ] GC(138) Garbage Collection (System.gc()) 502M(12%)->24M(1%)
[239.052s][info][gc,start    ] GC(139) Garbage Collection (Proactive)
[239.053s][info][gc,task     ] GC(139) Using 12 workers
[239.053s][info][gc,phases   ] GC(139) Pause Mark Start 0.019ms
[239.068s][info][gc,phases   ] GC(139) Concurrent Mark 15.128ms
[239.068s][info][gc,phases   ] GC(139) Pause Mark End 0.024ms
[239.068s][info][gc,phases   ] GC(139) Concurrent Mark Free 0.001ms
[239.069s][info][gc,phases   ] GC(139) Concurrent Process Non-Strong References 1.042ms
[239.069s][info][gc,phases   ] GC(139) Concurrent Reset Relocation Set 0.002ms
[239.076s][info][gc,phases   ] GC(139) Concurrent Select Relocation Set 6.875ms
[239.077s][info][gc,phases   ] GC(139) Pause Relocate Start 0.009ms
[239.080s][info][gc,phases   ] GC(139) Concurrent Relocate 3.231ms
[239.080s][info][gc,load     ] GC(139) Load: 0.00/0.00/0.00
[239.080s][info][gc,mmu      ] GC(139) MMU: 2ms/98.4%, 5ms/99.4%, 10ms/99.6%, 20ms/99.7%, 50ms/99.8%, 100ms/99.9%
[239.080s][info][gc,marking  ] GC(139) Mark: 8 stripe(s), 2 proactive flush(es), 1 terminate flush(es), 0 completion(s), 0 continuation(s) 
[239.080s][info][gc,marking  ] GC(139) Mark Stack Usage: 32M
[239.080s][info][gc,nmethod  ] GC(139) NMethods: 2011 registered, 393 unregistered
[239.080s][info][gc,metaspace] GC(139) Metaspace: 9M used, 10M committed, 1088M reserved
[239.080s][info][gc,ref      ] GC(139) Soft: 214 encountered, 0 discovered, 0 enqueued
[239.080s][info][gc,ref      ] GC(139) Weak: 814 encountered, 33 discovered, 0 enqueued
[239.080s][info][gc,ref      ] GC(139) Final: 0 encountered, 0 discovered, 0 enqueued
[239.080s][info][gc,ref      ] GC(139) Phantom: 27 encountered, 14 discovered, 0 enqueued
[239.080s][info][gc,reloc    ] GC(139) Small Pages: 270 / 540M, Empty: 296M, Relocated: 5M, In-Place: 0
[239.080s][info][gc,reloc    ] GC(139) Medium Pages: 0 / 0M, Empty: 0M, Relocated: 0M, In-Place: 0
[239.080s][info][gc,reloc    ] GC(139) Large Pages: 0 / 0M, Empty: 0M, Relocated: 0M, In-Place: 0
[239.080s][info][gc,reloc    ] GC(139) Forwarding Usage: 1M
[239.080s][info][gc,heap     ] GC(139) Min Capacity: 8M(0%)
[239.080s][info][gc,heap     ] GC(139) Max Capacity: 4096M(100%)
[239.080s][info][gc,heap     ] GC(139) Soft Max Capacity: 4096M(100%)
[239.080s][info][gc,heap     ] GC(139)                Mark Start          Mark End        Relocate Start      Relocate End           High               Low         
[239.081s][info][gc,heap     ] GC(139)  Capacity:     2048M (50%)        2048M (50%)        2048M (50%)        2048M (50%)        2048M (50%)        2048M (50%)    
[239.081s][info][gc,heap     ] GC(139)      Free:     3556M (87%)        3536M (86%)        3828M (93%)        4042M (99%)        4042M (99%)        3534M (86%)    
[239.081s][info][gc,heap     ] GC(139)      Used:      540M (13%)         560M (14%)         268M (7%)           54M (1%)          562M (14%)          54M (1%)     
[239.081s][info][gc,heap     ] GC(139)      Live:         -                 6M (0%)            6M (0%)            6M (0%)             -                  -          
[239.081s][info][gc,heap     ] GC(139) Allocated:         -                20M (0%)           24M (1%)           27M (1%)             -                  -          
[239.081s][info][gc,heap     ] GC(139)   Garbage:         -               533M (13%)         237M (6%)           19M (0%)             -                  -          
[239.081s][info][gc,heap     ] GC(139) Reclaimed:         -                  -               296M (7%)          513M (13%)            -                  -          
[239.081s][info][gc          ] GC(139) Garbage Collection (Proactive) 540M(13%)->54M(1%)
[240.162s][info][gc,stats    ] === Garbage Collection Statistics =======================================================================================================================
[240.162s][info][gc,stats    ]                                                              Last 10s              Last 10m              Last 10h                Total
[240.162s][info][gc,stats    ]                                                              Avg / Max             Avg / Max             Avg / Max             Avg / Max
[240.162s][info][gc,stats    ]   Collector: Garbage Collection Cycle                     25.467 / 27.520       27.034 / 83.902       27.034 / 83.902       27.034 / 83.902      ms
[240.162s][info][gc,stats    ]  Contention: Mark Segment Reset Contention                     1 / 6                 1 / 12                1 / 12                1 / 12          ops/s
[240.162s][info][gc,stats    ]  Contention: Mark SeqNum Reset Contention                      0 / 1                 0 / 3                 0 / 3                 0 / 3           ops/s
[240.162s][info][gc,stats    ]    Critical: Allocation Stall                                  0 / 0                 0 / 0                 0 / 0                 0 / 0           ops/s
[240.162s][info][gc,stats    ]    Critical: Allocation Stall                              0.000 / 0.000         0.000 / 0.000         0.000 / 0.000         0.000 / 0.000       ms
[240.162s][info][gc,stats    ]    Critical: GC Locker Stall                                   0 / 0                 0 / 0                 0 / 0                 0 / 0           ops/s
[240.162s][info][gc,stats    ]    Critical: GC Locker Stall                               0.000 / 0.000         0.000 / 0.000         0.000 / 0.000         0.000 / 0.000       ms
[240.162s][info][gc,stats    ]    Critical: Relocation Stall                                  0 / 0                 0 / 0                 0 / 0                 0 / 0           ops/s
[240.162s][info][gc,stats    ]    Critical: Relocation Stall                              0.000 / 0.000         0.000 / 0.000         0.000 / 0.000         0.000 / 0.000       ms
[240.162s][info][gc,stats    ]      Memory: Allocation Rate                                 330 / 342             321 / 356             321 / 356             321 / 356         MB/s
[240.162s][info][gc,stats    ]      Memory: Defragment                                        0 / 0                 0 / 0                 0 / 0                 0 / 0           ops/s
[240.162s][info][gc,stats    ]      Memory: Out Of Memory                                     0 / 0                 0 / 0                 0 / 0                 0 / 0           ops/s
[240.162s][info][gc,stats    ]      Memory: Page Cache Flush                                  0 / 0                 0 / 0                 0 / 0                 0 / 0           MB/s
[240.162s][info][gc,stats    ]      Memory: Page Cache Hit L1                               172 / 183             163 / 195             163 / 195             163 / 195         ops/s
[240.162s][info][gc,stats    ]      Memory: Page Cache Hit L2                                 0 / 0                 0 / 0                 0 / 0                 0 / 0           ops/s
[240.162s][info][gc,stats    ]      Memory: Page Cache Hit L3                                 0 / 0                 4 / 141               4 / 141               4 / 141         ops/s
[240.162s][info][gc,stats    ]      Memory: Page Cache Miss                                   0 / 0                 0 / 1                 0 / 1                 0 / 1           ops/s
[240.162s][info][gc,stats    ]      Memory: Uncommit                                          0 / 0                 0 / 0                 0 / 0                 0 / 0           MB/s
[240.162s][info][gc,stats    ]      Memory: Undo Object Allocation Failed                     0 / 0                 0 / 0                 0 / 0                 0 / 0           ops/s
[240.162s][info][gc,stats    ]      Memory: Undo Object Allocation Succeeded                  0 / 1                 0 / 5                 0 / 5                 0 / 5           ops/s
[240.162s][info][gc,stats    ]      Memory: Undo Page Allocation                              0 / 0                 0 / 0                 0 / 0                 0 / 0           ops/s
[240.162s][info][gc,stats    ]       Phase: Concurrent Mark                              14.668 / 17.562       14.903 / 24.159       14.903 / 24.159       14.903 / 24.159      ms
[240.162s][info][gc,stats    ]       Phase: Concurrent Mark Continue                      0.000 / 0.000         0.000 / 0.000         0.000 / 0.000         0.000 / 0.000       ms
[240.163s][info][gc,stats    ]       Phase: Concurrent Mark Free                          0.001 / 0.001         0.001 / 0.002         0.001 / 0.002         0.001 / 0.002       ms
[240.163s][info][gc,stats    ]       Phase: Concurrent Process Non-Strong References      1.028 / 1.068         1.051 / 5.230         1.051 / 5.230         1.051 / 5.230       ms
[240.163s][info][gc,stats    ]       Phase: Concurrent Relocate                           3.244 / 3.513         3.397 / 5.038         3.397 / 5.038         3.397 / 5.038       ms
[240.163s][info][gc,stats    ]       Phase: Concurrent Reset Relocation Set               0.010 / 0.016         0.010 / 0.023         0.010 / 0.023         0.010 / 0.023       ms
[240.163s][info][gc,stats    ]       Phase: Concurrent Select Relocation Set              5.305 / 6.957         5.283 / 15.356        5.283 / 15.356        5.283 / 15.356      ms
[240.163s][info][gc,stats    ]       Phase: Pause Mark End                                0.025 / 0.027         0.025 / 0.032         0.025 / 0.032         0.025 / 0.032       ms
[240.163s][info][gc,stats    ]       Phase: Pause Mark Start                              0.018 / 0.019         0.018 / 0.021         0.018 / 0.021         0.018 / 0.021       ms
[240.163s][info][gc,stats    ]       Phase: Pause Relocate Start                          0.009 / 0.010         0.009 / 0.028         0.009 / 0.028         0.009 / 0.028       ms
[240.163s][info][gc,stats    ]    Subphase: Concurrent Classes Purge                      0.014 / 0.042         0.023 / 0.876         0.023 / 0.876         0.023 / 0.876       ms
[240.163s][info][gc,stats    ]    Subphase: Concurrent Classes Unlink                     0.701 / 0.726         0.717 / 4.065         0.717 / 4.065         0.717 / 4.065       ms
[240.163s][info][gc,stats    ]    Subphase: Concurrent Mark                              12.919 / 16.437       13.060 / 23.147       13.060 / 23.147       13.060 / 23.147      ms
[240.163s][info][gc,stats    ]    Subphase: Concurrent Mark Try Flush                     0.089 / 0.223         0.073 / 0.223         0.073 / 0.223         0.073 / 0.223       ms
[240.163s][info][gc,stats    ]    Subphase: Concurrent Mark Try Terminate                 7.941 / 14.440        8.167 / 16.572        8.167 / 16.572        8.167 / 16.572      ms
[240.163s][info][gc,stats    ]    Subphase: Concurrent References Enqueue                 0.000 / 0.001         0.001 / 0.004         0.001 / 0.004         0.001 / 0.004       ms
[240.163s][info][gc,stats    ]    Subphase: Concurrent References Process                 0.041 / 0.052         0.043 / 0.089         0.043 / 0.089         0.043 / 0.089       ms
[240.163s][info][gc,stats    ]    Subphase: Concurrent Roots ClassLoaderDataGraph         0.094 / 0.729         0.086 / 0.933         0.086 / 0.933         0.086 / 0.933       ms
[240.163s][info][gc,stats    ]    Subphase: Concurrent Roots CodeCache                    0.000 / 0.000         0.000 / 0.000         0.000 / 0.000         0.000 / 0.000       ms
[240.163s][info][gc,stats    ]    Subphase: Concurrent Roots JavaThreads                  0.590 / 1.073         0.526 / 1.189         0.526 / 1.189         0.526 / 1.189       ms
[240.163s][info][gc,stats    ]    Subphase: Concurrent Roots OopStorageSet                0.017 / 0.057         0.018 / 0.190         0.018 / 0.190         0.018 / 0.190       ms
[240.163s][info][gc,stats    ]    Subphase: Concurrent Weak Roots OopStorageSet           0.143 / 0.176         0.142 / 0.186         0.142 / 0.186         0.142 / 0.186       ms
[240.163s][info][gc,stats    ]    Subphase: Pause Mark Try Complete                       0.000 / 0.000         0.000 / 0.000         0.000 / 0.000         0.000 / 0.000       ms
[240.163s][info][gc,stats    ]      System: Java Threads                                     40 / 41               34 / 41               34 / 41               34 / 41          threads
[240.163s][info][gc,stats    ] =========================================================================================================================================================
[240.958s][info][gc,start    ] GC(140) Garbage Collection (Proactive)
[240.958s][info][gc,task     ] GC(140) Using 12 workers
[240.959s][info][gc,phases   ] GC(140) Pause Mark Start 0.018ms
[240.974s][info][gc,phases   ] GC(140) Concurrent Mark 15.148ms
[240.974s][info][gc,phases   ] GC(140) Pause Mark End 0.026ms
[240.974s][info][gc,phases   ] GC(140) Concurrent Mark Free 0.002ms
[240.975s][info][gc,phases   ] GC(140) Concurrent Process Non-Strong References 1.079ms
[240.976s][info][gc,phases   ] GC(140) Concurrent Reset Relocation Set 0.019ms
[240.979s][info][gc,phases   ] GC(140) Concurrent Select Relocation Set 3.879ms
[240.980s][info][gc,phases   ] GC(140) Pause Relocate Start 0.011ms
[240.983s][info][gc,phases   ] GC(140) Concurrent Relocate 3.360ms
[240.983s][info][gc,load     ] GC(140) Load: 0.00/0.00/0.00
[240.983s][info][gc,mmu      ] GC(140) MMU: 2ms/98.4%, 5ms/99.4%, 10ms/99.6%, 20ms/99.7%, 50ms/99.8%, 100ms/99.9%
[240.983s][info][gc,marking  ] GC(140) Mark: 8 stripe(s), 2 proactive flush(es), 1 terminate flush(es), 0 completion(s), 0 continuation(s) 
[240.983s][info][gc,marking  ] GC(140) Mark Stack Usage: 32M
[240.983s][info][gc,nmethod  ] GC(140) NMethods: 2011 registered, 393 unregistered
[240.983s][info][gc,metaspace] GC(140) Metaspace: 9M used, 10M committed, 1088M reserved
[240.983s][info][gc,ref      ] GC(140) Soft: 214 encountered, 0 discovered, 0 enqueued
[240.983s][info][gc,ref      ] GC(140) Weak: 814 encountered, 11 discovered, 0 enqueued
[240.983s][info][gc,ref      ] GC(140) Final: 0 encountered, 0 discovered, 0 enqueued
[240.983s][info][gc,ref      ] GC(140) Phantom: 27 encountered, 19 discovered, 0 enqueued
[240.983s][info][gc,reloc    ] GC(140) Small Pages: 329 / 658M, Empty: 468M, Relocated: 4M, In-Place: 0
[240.983s][info][gc,reloc    ] GC(140) Medium Pages: 0 / 0M, Empty: 0M, Relocated: 0M, In-Place: 0
[240.983s][info][gc,reloc    ] GC(140) Large Pages: 0 / 0M, Empty: 0M, Relocated: 0M, In-Place: 0
[240.984s][info][gc,reloc    ] GC(140) Forwarding Usage: 1M
[240.984s][info][gc,heap     ] GC(140) Min Capacity: 8M(0%)
[240.984s][info][gc,heap     ] GC(140) Max Capacity: 4096M(100%)
[240.984s][info][gc,heap     ] GC(140) Soft Max Capacity: 4096M(100%)
[240.984s][info][gc,heap     ] GC(140)                Mark Start          Mark End        Relocate Start      Relocate End           High               Low         
[240.984s][info][gc,heap     ] GC(140)  Capacity:     2048M (50%)        2048M (50%)        2048M (50%)        2048M (50%)        2048M (50%)        2048M (50%)    
[240.984s][info][gc,heap     ] GC(140)      Free:     3438M (84%)        3420M (83%)        3888M (95%)        4050M (99%)        4050M (99%)        3420M (83%)    
[240.984s][info][gc,heap     ] GC(140)      Used:      658M (16%)         676M (17%)         208M (5%)           46M (1%)          676M (17%)          46M (1%)     
[240.984s][info][gc,heap     ] GC(140)      Live:         -                 6M (0%)            6M (0%)            6M (0%)             -                  -          
[240.984s][info][gc,heap     ] GC(140) Allocated:         -                18M (0%)           18M (0%)           19M (0%)             -                  -          
[240.984s][info][gc,heap     ] GC(140)   Garbage:         -               651M (16%)         183M (4%)           19M (0%)             -                  -          
[240.984s][info][gc,heap     ] GC(140) Reclaimed:         -                  -               468M (11%)         631M (15%)            -                  -          
[240.984s][info][gc          ] GC(140) Garbage Collection (Proactive) 658M(16%)->46M(1%)
[242.661s][info][gc,start    ] GC(141) Garbage Collection (Proactive)
[242.661s][info][gc,task     ] GC(141) Using 12 workers
[242.661s][info][gc,phases   ] GC(141) Pause Mark Start 0.017ms
[242.676s][info][gc,phases   ] GC(141) Concurrent Mark 15.155ms
[242.676s][info][gc,phases   ] GC(141) Pause Mark End 0.026ms
[242.676s][info][gc,phases   ] GC(141) Concurrent Mark Free 0.001ms
[242.678s][info][gc,phases   ] GC(141) Concurrent Process Non-Strong References 1.039ms
[242.678s][info][gc,phases   ] GC(141) Concurrent Reset Relocation Set 0.015ms
[242.685s][info][gc,phases   ] GC(141) Concurrent Select Relocation Set 6.840ms
[242.685s][info][gc,phases   ] GC(141) Pause Relocate Start 0.011ms
[242.688s][info][gc,phases   ] GC(141) Concurrent Relocate 3.182ms
[242.688s][info][gc,load     ] GC(141) Load: 0.00/0.00/0.00
[242.688s][info][gc,mmu      ] GC(141) MMU: 2ms/98.4%, 5ms/99.4%, 10ms/99.6%, 20ms/99.7%, 50ms/99.8%, 100ms/99.9%
[242.688s][info][gc,marking  ] GC(141) Mark: 8 stripe(s), 2 proactive flush(es), 1 terminate flush(es), 0 completion(s), 0 continuation(s) 
[242.688s][info][gc,marking  ] GC(141) Mark Stack Usage: 32M
[242.688s][info][gc,nmethod  ] GC(141) NMethods: 2011 registered, 393 unregistered
[242.688s][info][gc,metaspace] GC(141) Metaspace: 9M used, 10M committed, 1088M reserved
[242.688s][info][gc,ref      ] GC(141) Soft: 214 encountered, 0 discovered, 0 enqueued
[242.688s][info][gc,ref      ] GC(141) Weak: 814 encountered, 35 discovered, 0 enqueued
[242.688s][info][gc,ref      ] GC(141) Final: 0 encountered, 0 discovered, 0 enqueued
[242.688s][info][gc,ref      ] GC(141) Phantom: 27 encountered, 15 discovered, 0 enqueued
[242.688s][info][gc,reloc    ] GC(141) Small Pages: 294 / 588M, Empty: 492M, Relocated: 4M, In-Place: 0
[242.688s][info][gc,reloc    ] GC(141) Medium Pages: 0 / 0M, Empty: 0M, Relocated: 0M, In-Place: 0
[242.688s][info][gc,reloc    ] GC(141) Large Pages: 0 / 0M, Empty: 0M, Relocated: 0M, In-Place: 0
[242.688s][info][gc,reloc    ] GC(141) Forwarding Usage: 1M
[242.689s][info][gc,heap     ] GC(141) Min Capacity: 8M(0%)
[242.689s][info][gc,heap     ] GC(141) Max Capacity: 4096M(100%)
[242.689s][info][gc,heap     ] GC(141) Soft Max Capacity: 4096M(100%)
[242.689s][info][gc,heap     ] GC(141)                Mark Start          Mark End        Relocate Start      Relocate End           High               Low         
[242.689s][info][gc,heap     ] GC(141)  Capacity:     2048M (50%)        2048M (50%)        2048M (50%)        2048M (50%)        2048M (50%)        2048M (50%)    
[242.689s][info][gc,heap     ] GC(141)      Free:     3508M (86%)        3486M (85%)        3978M (97%)        4044M (99%)        4044M (99%)        3486M (85%)    
[242.689s][info][gc,heap     ] GC(141)      Used:      588M (14%)         610M (15%)         118M (3%)           52M (1%)          610M (15%)          52M (1%)     
[242.689s][info][gc,heap     ] GC(141)      Live:         -                 6M (0%)            6M (0%)            6M (0%)             -                  -          
[242.689s][info][gc,heap     ] GC(141) Allocated:         -                22M (1%)           22M (1%)           25M (1%)             -                  -          
[242.689s][info][gc,heap     ] GC(141)   Garbage:         -               581M (14%)          89M (2%)           19M (0%)             -                  -          
[242.689s][info][gc,heap     ] GC(141) Reclaimed:         -                  -               492M (12%)         561M (14%)            -                  -          
[242.689s][info][gc          ] GC(141) Garbage Collection (Proactive) 588M(14%)->52M(1%)
[244.234s][info][gc,start    ] GC(142) Garbage Collection (System.gc())
[244.234s][info][gc,task     ] GC(142) Using 12 workers
[244.234s][info][gc,phases   ] GC(142) Pause Mark Start 0.019ms
[244.253s][info][gc,phases   ] GC(142) Concurrent Mark 18.602ms
[244.253s][info][gc,phases   ] GC(142) Pause Mark End 0.023ms
[244.253s][info][gc,phases   ] GC(142) Concurrent Mark Free 0.002ms
[244.254s][info][gc,phases   ] GC(142) Concurrent Process Non-Strong References 0.956ms
[244.254s][info][gc,phases   ] GC(142) Concurrent Reset Relocation Set 0.008ms
[244.258s][info][gc,phases   ] GC(142) Concurrent Select Relocation Set 3.799ms
[244.258s][info][gc,phases   ] GC(142) Pause Relocate Start 0.007ms
[244.262s][info][gc,phases   ] GC(142) Concurrent Relocate 3.436ms
[244.262s][info][gc,load     ] GC(142) Load: 0.00/0.00/0.00
[244.262s][info][gc,mmu      ] GC(142) MMU: 2ms/98.4%, 5ms/99.4%, 10ms/99.6%, 20ms/99.7%, 50ms/99.8%, 100ms/99.9%
[244.262s][info][gc,marking  ] GC(142) Mark: 8 stripe(s), 2 proactive flush(es), 1 terminate flush(es), 0 completion(s), 0 continuation(s) 
[244.262s][info][gc,marking  ] GC(142) Mark Stack Usage: 32M
[244.262s][info][gc,nmethod  ] GC(142) NMethods: 2011 registered, 394 unregistered
[244.262s][info][gc,metaspace] GC(142) Metaspace: 9M used, 10M committed, 1088M reserved
[244.262s][info][gc,ref      ] GC(142) Soft: 214 encountered, 0 discovered, 0 enqueued
[244.262s][info][gc,ref      ] GC(142) Weak: 814 encountered, 22 discovered, 0 enqueued
[244.262s][info][gc,ref      ] GC(142) Final: 0 encountered, 0 discovered, 0 enqueued
[244.262s][info][gc,ref      ] GC(142) Phantom: 27 encountered, 13 discovered, 0 enqueued
[244.262s][info][gc,reloc    ] GC(142) Small Pages: 277 / 554M, Empty: 516M, Relocated: 4M, In-Place: 0
[244.262s][info][gc,reloc    ] GC(142) Medium Pages: 0 / 0M, Empty: 0M, Relocated: 0M, In-Place: 0
[244.262s][info][gc,reloc    ] GC(142) Large Pages: 0 / 0M, Empty: 0M, Relocated: 0M, In-Place: 0
[244.262s][info][gc,reloc    ] GC(142) Forwarding Usage: 1M
[244.262s][info][gc,heap     ] GC(142) Min Capacity: 8M(0%)
[244.262s][info][gc,heap     ] GC(142) Max Capacity: 4096M(100%)
[244.262s][info][gc,heap     ] GC(142) Soft Max Capacity: 4096M(100%)
[244.262s][info][gc,heap     ] GC(142)                Mark Start          Mark End        Relocate Start      Relocate End           High               Low         
[244.262s][info][gc,heap     ] GC(142)  Capacity:     2048M (50%)        2048M (50%)        2048M (50%)        2048M (50%)        2048M (50%)        2048M (50%)    
[244.262s][info][gc,heap     ] GC(142)      Free:     3542M (86%)        3542M (86%)        4058M (99%)        4072M (99%)        4072M (99%)        3542M (86%)    
[244.262s][info][gc,heap     ] GC(142)      Used:      554M (14%)         554M (14%)          38M (1%)           24M (1%)          554M (14%)          24M (1%)     
[244.262s][info][gc,heap     ] GC(142)      Live:         -                 4M (0%)            4M (0%)            4M (0%)             -                  -          
[244.262s][info][gc,heap     ] GC(142) Allocated:         -                 0M (0%)            0M (0%)            0M (0%)             -                  -          
[244.262s][info][gc,heap     ] GC(142)   Garbage:         -               549M (13%)          33M (1%)           19M (0%)             -                  -          
[244.262s][info][gc,heap     ] GC(142) Reclaimed:         -                  -               516M (13%)         530M (13%)            -                  -          
[244.262s][info][gc          ] GC(142) Garbage Collection (System.gc()) 554M(14%)->24M(1%)
[246.151s][info][gc,start    ] GC(143) Garbage Collection (Proactive)
[246.151s][info][gc,task     ] GC(143) Using 12 workers
[246.151s][info][gc,phases   ] GC(143) Pause Mark Start 0.019ms
[246.166s][info][gc,phases   ] GC(143) Concurrent Mark 15.162ms
[246.167s][info][gc,phases   ] GC(143) Pause Mark End 0.029ms
[246.167s][info][gc,phases   ] GC(143) Concurrent Mark Free 0.001ms
[246.168s][info][gc,phases   ] GC(143) Concurrent Process Non-Strong References 1.131ms
[246.168s][info][gc,phases   ] GC(143) Concurrent Reset Relocation Set 0.003ms
[246.175s][info][gc,phases   ] GC(143) Concurrent Select Relocation Set 6.769ms
[246.175s][info][gc,phases   ] GC(143) Pause Relocate Start 0.008ms
[246.178s][info][gc,phases   ] GC(143) Concurrent Relocate 3.103ms
[246.178s][info][gc,load     ] GC(143) Load: 0.00/0.00/0.00
[246.178s][info][gc,mmu      ] GC(143) MMU: 2ms/98.4%, 5ms/99.4%, 10ms/99.6%, 20ms/99.7%, 50ms/99.8%, 100ms/99.9%
[246.178s][info][gc,marking  ] GC(143) Mark: 8 stripe(s), 2 proactive flush(es), 1 terminate flush(es), 0 completion(s), 0 continuation(s) 
[246.178s][info][gc,marking  ] GC(143) Mark Stack Usage: 32M
[246.178s][info][gc,nmethod  ] GC(143) NMethods: 2012 registered, 395 unregistered
[246.178s][info][gc,metaspace] GC(143) Metaspace: 9M used, 10M committed, 1088M reserved
[246.178s][info][gc,ref      ] GC(143) Soft: 214 encountered, 0 discovered, 0 enqueued
[246.178s][info][gc,ref      ] GC(143) Weak: 814 encountered, 25 discovered, 0 enqueued
[246.178s][info][gc,ref      ] GC(143) Final: 0 encountered, 0 discovered, 0 enqueued
[246.178s][info][gc,ref      ] GC(143) Phantom: 27 encountered, 22 discovered, 0 enqueued
[246.178s][info][gc,reloc    ] GC(143) Small Pages: 322 / 644M, Empty: 454M, Relocated: 4M, In-Place: 0
[246.178s][info][gc,reloc    ] GC(143) Medium Pages: 0 / 0M, Empty: 0M, Relocated: 0M, In-Place: 0
[246.179s][info][gc,reloc    ] GC(143) Large Pages: 0 / 0M, Empty: 0M, Relocated: 0M, In-Place: 0
[246.179s][info][gc,reloc    ] GC(143) Forwarding Usage: 1M
[246.179s][info][gc,heap     ] GC(143) Min Capacity: 8M(0%)
[246.179s][info][gc,heap     ] GC(143) Max Capacity: 4096M(100%)
[246.179s][info][gc,heap     ] GC(143) Soft Max Capacity: 4096M(100%)
[246.179s][info][gc,heap     ] GC(143)                Mark Start          Mark End        Relocate Start      Relocate End           High               Low         
[246.179s][info][gc,heap     ] GC(143)  Capacity:     2048M (50%)        2048M (50%)        2048M (50%)        2048M (50%)        2048M (50%)        2048M (50%)    
[246.179s][info][gc,heap     ] GC(143)      Free:     3452M (84%)        3430M (84%)        3880M (95%)        4044M (99%)        4044M (99%)        3428M (84%)    
[246.179s][info][gc,heap     ] GC(143)      Used:      644M (16%)         666M (16%)         216M (5%)           52M (1%)          668M (16%)          52M (1%)     
[246.179s][info][gc,heap     ] GC(143)      Live:         -                 6M (0%)            6M (0%)            6M (0%)             -                  -          
[246.179s][info][gc,heap     ] GC(143) Allocated:         -                22M (1%)           26M (1%)           25M (1%)             -                  -          
[246.179s][info][gc,heap     ] GC(143)   Garbage:         -               637M (16%)         183M (4%)           19M (0%)             -                  -          
[246.179s][info][gc,heap     ] GC(143) Reclaimed:         -                  -               454M (11%)         617M (15%)            -                  -          
[246.179s][info][gc          ] GC(143) Garbage Collection (Proactive) 644M(16%)->52M(1%)
[248.063s][info][gc,start    ] GC(144) Garbage Collection (Proactive)
[248.063s][info][gc,task     ] GC(144) Using 12 workers
[248.064s][info][gc,phases   ] GC(144) Pause Mark Start 0.019ms
[248.079s][info][gc,phases   ] GC(144) Concurrent Mark 15.165ms
[248.079s][info][gc,phases   ] GC(144) Pause Mark End 0.026ms
[248.079s][info][gc,phases   ] GC(144) Concurrent Mark Free 0.001ms
[248.080s][info][gc,phases   ] GC(144) Concurrent Process Non-Strong References 1.063ms
[248.081s][info][gc,phases   ] GC(144) Concurrent Reset Relocation Set 0.017ms
[248.087s][info][gc,phases   ] GC(144) Concurrent Select Relocation Set 6.832ms
[248.088s][info][gc,phases   ] GC(144) Pause Relocate Start 0.008ms
[248.091s][info][gc,phases   ] GC(144) Concurrent Relocate 3.171ms
[248.091s][info][gc,load     ] GC(144) Load: 0.00/0.00/0.00
[248.091s][info][gc,mmu      ] GC(144) MMU: 2ms/98.4%, 5ms/99.4%, 10ms/99.6%, 20ms/99.7%, 50ms/99.8%, 100ms/99.9%
[248.091s][info][gc,marking  ] GC(144) Mark: 8 stripe(s), 4 proactive flush(es), 1 terminate flush(es), 0 completion(s), 0 continuation(s) 
[248.091s][info][gc,marking  ] GC(144) Mark Stack Usage: 32M
[248.091s][info][gc,nmethod  ] GC(144) NMethods: 2012 registered, 395 unregistered
[248.091s][info][gc,metaspace] GC(144) Metaspace: 9M used, 10M committed, 1088M reserved
[248.091s][info][gc,ref      ] GC(144) Soft: 214 encountered, 0 discovered, 0 enqueued
[248.091s][info][gc,ref      ] GC(144) Weak: 814 encountered, 46 discovered, 0 enqueued
[248.091s][info][gc,ref      ] GC(144) Final: 0 encountered, 0 discovered, 0 enqueued
[248.091s][info][gc,ref      ] GC(144) Phantom: 27 encountered, 16 discovered, 0 enqueued
[248.091s][info][gc,reloc    ] GC(144) Small Pages: 324 / 648M, Empty: 404M, Relocated: 5M, In-Place: 0
[248.091s][info][gc,reloc    ] GC(144) Medium Pages: 0 / 0M, Empty: 0M, Relocated: 0M, In-Place: 0
[248.091s][info][gc,reloc    ] GC(144) Large Pages: 0 / 0M, Empty: 0M, Relocated: 0M, In-Place: 0
[248.091s][info][gc,reloc    ] GC(144) Forwarding Usage: 1M
[248.091s][info][gc,heap     ] GC(144) Min Capacity: 8M(0%)
[248.091s][info][gc,heap     ] GC(144) Max Capacity: 4096M(100%)
[248.091s][info][gc,heap     ] GC(144) Soft Max Capacity: 4096M(100%)
[248.091s][info][gc,heap     ] GC(144)                Mark Start          Mark End        Relocate Start      Relocate End           High               Low         
[248.091s][info][gc,heap     ] GC(144)  Capacity:     2048M (50%)        2048M (50%)        2048M (50%)        2048M (50%)        2048M (50%)        2048M (50%)    
[248.091s][info][gc,heap     ] GC(144)      Free:     3448M (84%)        3428M (84%)        3832M (94%)        4050M (99%)        4050M (99%)        3428M (84%)    
[248.092s][info][gc,heap     ] GC(144)      Used:      648M (16%)         668M (16%)         264M (6%)           46M (1%)          668M (16%)          46M (1%)     
[248.092s][info][gc,heap     ] GC(144)      Live:         -                 6M (0%)            6M (0%)            6M (0%)             -                  -          
[248.092s][info][gc,heap     ] GC(144) Allocated:         -                20M (0%)           20M (0%)           19M (0%)             -                  -          
[248.092s][info][gc,heap     ] GC(144)   Garbage:         -               641M (16%)         237M (6%)           19M (0%)             -                  -          
[248.092s][info][gc,heap     ] GC(144) Reclaimed:         -                  -               404M (10%)         621M (15%)            -                  -          
[248.092s][info][gc          ] GC(144) Garbage Collection (Proactive) 648M(16%)->46M(1%)
[249.758s][info][gc,start    ] GC(145) Garbage Collection (Proactive)
[249.758s][info][gc,task     ] GC(145) Using 12 workers
[249.758s][info][gc,phases   ] GC(145) Pause Mark Start 0.018ms
[249.774s][info][gc,phases   ] GC(145) Concurrent Mark 15.127ms
[249.774s][info][gc,phases   ] GC(145) Pause Mark End 0.025ms
[249.774s][info][gc,phases   ] GC(145) Concurrent Mark Free 0.002ms
[249.775s][info][gc,phases   ] GC(145) Concurrent Process Non-Strong References 1.024ms
[249.775s][info][gc,phases   ] GC(145) Concurrent Reset Relocation Set 0.017ms
[249.782s][info][gc,phases   ] GC(145) Concurrent Select Relocation Set 6.574ms
[249.782s][info][gc,phases   ] GC(145) Pause Relocate Start 0.006ms
[249.785s][info][gc,phases   ] GC(145) Concurrent Relocate 2.966ms
[249.785s][info][gc,load     ] GC(145) Load: 0.00/0.00/0.00
[249.785s][info][gc,mmu      ] GC(145) MMU: 2ms/98.4%, 5ms/99.4%, 10ms/99.6%, 20ms/99.7%, 50ms/99.8%, 100ms/99.9%
[249.785s][info][gc,marking  ] GC(145) Mark: 8 stripe(s), 3 proactive flush(es), 1 terminate flush(es), 0 completion(s), 0 continuation(s) 
[249.785s][info][gc,marking  ] GC(145) Mark Stack Usage: 32M
[249.785s][info][gc,nmethod  ] GC(145) NMethods: 2012 registered, 395 unregistered
[249.785s][info][gc,metaspace] GC(145) Metaspace: 9M used, 10M committed, 1088M reserved
[249.785s][info][gc,ref      ] GC(145) Soft: 214 encountered, 0 discovered, 0 enqueued
[249.785s][info][gc,ref      ] GC(145) Weak: 814 encountered, 247 discovered, 0 enqueued
[249.785s][info][gc,ref      ] GC(145) Final: 0 encountered, 0 discovered, 0 enqueued
[249.785s][info][gc,ref      ] GC(145) Phantom: 27 encountered, 15 discovered, 0 enqueued
[249.785s][info][gc,reloc    ] GC(145) Small Pages: 290 / 580M, Empty: 458M, Relocated: 5M, In-Place: 0
[249.785s][info][gc,reloc    ] GC(145) Medium Pages: 0 / 0M, Empty: 0M, Relocated: 0M, In-Place: 0
[249.785s][info][gc,reloc    ] GC(145) Large Pages: 0 / 0M, Empty: 0M, Relocated: 0M, In-Place: 0
[249.785s][info][gc,reloc    ] GC(145) Forwarding Usage: 1M
[249.785s][info][gc,heap     ] GC(145) Min Capacity: 8M(0%)
[249.785s][info][gc,heap     ] GC(145) Max Capacity: 4096M(100%)
[249.785s][info][gc,heap     ] GC(145) Soft Max Capacity: 4096M(100%)
[249.785s][info][gc,heap     ] GC(145)                Mark Start          Mark End        Relocate Start      Relocate End           High               Low         
[249.785s][info][gc,heap     ] GC(145)  Capacity:     2048M (50%)        2048M (50%)        2048M (50%)        2048M (50%)        2048M (50%)        2048M (50%)    
[249.786s][info][gc,heap     ] GC(145)      Free:     3516M (86%)        3496M (85%)        3954M (97%)        4048M (99%)        4048M (99%)        3496M (85%)    
[249.786s][info][gc,heap     ] GC(145)      Used:      580M (14%)         600M (15%)         142M (3%)           48M (1%)          600M (15%)          48M (1%)     
[249.786s][info][gc,heap     ] GC(145)      Live:         -                 6M (0%)            6M (0%)            6M (0%)             -                  -          
[249.786s][info][gc,heap     ] GC(145) Allocated:         -                20M (0%)           20M (0%)           21M (1%)             -                  -          
[249.786s][info][gc,heap     ] GC(145)   Garbage:         -               573M (14%)         115M (3%)           19M (0%)             -                  -          
[249.786s][info][gc,heap     ] GC(145) Reclaimed:         -                  -               458M (11%)         553M (14%)            -                  -          
[249.786s][info][gc          ] GC(145) Garbage Collection (Proactive) 580M(14%)->48M(1%)
[250.156s][info][gc,stats    ] === Garbage Collection Statistics =======================================================================================================================
[250.156s][info][gc,stats    ]                                                              Last 10s              Last 10m              Last 10h                Total
[250.156s][info][gc,stats    ]                                                              Avg / Max             Avg / Max             Avg / Max             Avg / Max
[250.156s][info][gc,stats    ]   Collector: Garbage Collection Cycle                     27.077 / 27.880       27.036 / 83.902       27.036 / 83.902       27.036 / 83.902      ms
[250.156s][info][gc,stats    ]  Contention: Mark Segment Reset Contention                     1 / 6                 1 / 12                1 / 12                1 / 12          ops/s
[250.156s][info][gc,stats    ]  Contention: Mark SeqNum Reset Contention                      0 / 2                 0 / 3                 0 / 3                 0 / 3           ops/s
[250.156s][info][gc,stats    ]    Critical: Allocation Stall                                  0 / 0                 0 / 0                 0 / 0                 0 / 0           ops/s
[250.156s][info][gc,stats    ]    Critical: Allocation Stall                              0.000 / 0.000         0.000 / 0.000         0.000 / 0.000         0.000 / 0.000       ms
[250.156s][info][gc,stats    ]    Critical: GC Locker Stall                                   0 / 0                 0 / 0                 0 / 0                 0 / 0           ops/s
[250.156s][info][gc,stats    ]    Critical: GC Locker Stall                               0.000 / 0.000         0.000 / 0.000         0.000 / 0.000         0.000 / 0.000       ms
[250.156s][info][gc,stats    ]    Critical: Relocation Stall                                  0 / 0                 0 / 0                 0 / 0                 0 / 0           ops/s
[250.156s][info][gc,stats    ]    Critical: Relocation Stall                              0.000 / 0.000         0.000 / 0.000         0.000 / 0.000         0.000 / 0.000       ms
[250.156s][info][gc,stats    ]      Memory: Allocation Rate                                 328 / 340             321 / 356             321 / 356             321 / 356         MB/s
[250.156s][info][gc,stats    ]      Memory: Defragment                                        0 / 0                 0 / 0                 0 / 0                 0 / 0           ops/s
[250.156s][info][gc,stats    ]      Memory: Out Of Memory                                     0 / 0                 0 / 0                 0 / 0                 0 / 0           ops/s
[250.156s][info][gc,stats    ]      Memory: Page Cache Flush                                  0 / 0                 0 / 0                 0 / 0                 0 / 0           MB/s
[250.156s][info][gc,stats    ]      Memory: Page Cache Hit L1                               171 / 182             163 / 195             163 / 195             163 / 195         ops/s
[250.156s][info][gc,stats    ]      Memory: Page Cache Hit L2                                 0 / 0                 0 / 0                 0 / 0                 0 / 0           ops/s
[250.156s][info][gc,stats    ]      Memory: Page Cache Hit L3                                 0 / 0                 4 / 141               4 / 141               4 / 141         ops/s
[250.156s][info][gc,stats    ]      Memory: Page Cache Miss                                   0 / 0                 0 / 1                 0 / 1                 0 / 1           ops/s
[250.157s][info][gc,stats    ]      Memory: Uncommit                                          0 / 0                 0 / 0                 0 / 0                 0 / 0           MB/s
[250.157s][info][gc,stats    ]      Memory: Undo Object Allocation Failed                     0 / 0                 0 / 0                 0 / 0                 0 / 0           ops/s
[250.157s][info][gc,stats    ]      Memory: Undo Object Allocation Succeeded                  0 / 1                 0 / 5                 0 / 5                 0 / 5           ops/s
[250.157s][info][gc,stats    ]      Memory: Undo Page Allocation                              0 / 0                 0 / 0                 0 / 0                 0 / 0           ops/s
[250.157s][info][gc,stats    ]       Phase: Concurrent Mark                              15.727 / 18.602       14.937 / 24.159       14.937 / 24.159       14.937 / 24.159      ms
[250.157s][info][gc,stats    ]       Phase: Concurrent Mark Continue                      0.000 / 0.000         0.000 / 0.000         0.000 / 0.000         0.000 / 0.000       ms
[250.157s][info][gc,stats    ]       Phase: Concurrent Mark Free                          0.001 / 0.002         0.001 / 0.002         0.001 / 0.002         0.001 / 0.002       ms
[250.157s][info][gc,stats    ]       Phase: Concurrent Process Non-Strong References      1.048 / 1.131         1.051 / 5.230         1.051 / 5.230         1.051 / 5.230       ms
[250.157s][info][gc,stats    ]       Phase: Concurrent Relocate                           3.203 / 3.436         3.389 / 5.038         3.389 / 5.038         3.389 / 5.038       ms
[250.157s][info][gc,stats    ]       Phase: Concurrent Reset Relocation Set               0.013 / 0.019         0.011 / 0.023         0.011 / 0.023         0.011 / 0.023       ms
[250.157s][info][gc,stats    ]       Phase: Concurrent Select Relocation Set              5.782 / 6.840         5.304 / 15.356        5.304 / 15.356        5.304 / 15.356      ms
[250.157s][info][gc,stats    ]       Phase: Pause Mark End                                0.026 / 0.029         0.025 / 0.032         0.025 / 0.032         0.025 / 0.032       ms
[250.157s][info][gc,stats    ]       Phase: Pause Mark Start                              0.018 / 0.019         0.018 / 0.021         0.018 / 0.021         0.018 / 0.021       ms
[250.157s][info][gc,stats    ]       Phase: Pause Relocate Start                          0.009 / 0.011         0.009 / 0.028         0.009 / 0.028         0.009 / 0.028       ms
[250.157s][info][gc,stats    ]    Subphase: Concurrent Classes Purge                      0.010 / 0.022         0.023 / 0.876         0.023 / 0.876         0.023 / 0.876       ms
[250.157s][info][gc,stats    ]    Subphase: Concurrent Classes Unlink                     0.717 / 0.756         0.717 / 4.065         0.717 / 4.065         0.717 / 4.065       ms
[250.157s][info][gc,stats    ]    Subphase: Concurrent Mark                              13.809 / 17.466       13.091 / 23.147       13.091 / 23.147       13.091 / 23.147      ms
[250.157s][info][gc,stats    ]    Subphase: Concurrent Mark Try Flush                     0.076 / 0.111         0.073 / 0.223         0.073 / 0.223         0.073 / 0.223       ms
[250.157s][info][gc,stats    ]    Subphase: Concurrent Mark Try Terminate                 8.918 / 15.846        8.197 / 16.572        8.197 / 16.572        8.197 / 16.572      ms
[250.157s][info][gc,stats    ]    Subphase: Concurrent References Enqueue                 0.000 / 0.001         0.001 / 0.004         0.001 / 0.004         0.001 / 0.004       ms
[250.157s][info][gc,stats    ]    Subphase: Concurrent References Process                 0.044 / 0.055         0.043 / 0.089         0.043 / 0.089         0.043 / 0.089       ms
[250.157s][info][gc,stats    ]    Subphase: Concurrent Roots ClassLoaderDataGraph         0.088 / 0.660         0.086 / 0.933         0.086 / 0.933         0.086 / 0.933       ms
[250.157s][info][gc,stats    ]    Subphase: Concurrent Roots CodeCache                    0.000 / 0.000         0.000 / 0.000         0.000 / 0.000         0.000 / 0.000       ms
[250.157s][info][gc,stats    ]    Subphase: Concurrent Roots JavaThreads                  0.601 / 1.066         0.529 / 1.189         0.529 / 1.189         0.529 / 1.189       ms
[250.157s][info][gc,stats    ]    Subphase: Concurrent Roots OopStorageSet                0.019 / 0.064         0.018 / 0.190         0.018 / 0.190         0.018 / 0.190       ms
[250.157s][info][gc,stats    ]    Subphase: Concurrent Weak Roots OopStorageSet           0.141 / 0.178         0.142 / 0.186         0.142 / 0.186         0.142 / 0.186       ms
[250.157s][info][gc,stats    ]    Subphase: Pause Mark Try Complete                       0.000 / 0.000         0.000 / 0.000         0.000 / 0.000         0.000 / 0.000       ms
[250.157s][info][gc,stats    ]      System: Java Threads                                     39 / 39               34 / 41               34 / 41               34 / 41          threads
[250.158s][info][gc,stats    ] =========================================================================================================================================================
[251.077s][info][gc,start    ] GC(146) Garbage Collection (System.gc())
[251.077s][info][gc,task     ] GC(146) Using 12 workers
[251.078s][info][gc,phases   ] GC(146) Pause Mark Start 0.018ms
[251.085s][info][gc,phases   ] GC(146) Concurrent Mark 6.830ms
[251.085s][info][gc,phases   ] GC(146) Pause Mark End 0.021ms
[251.085s][info][gc,phases   ] GC(146) Concurrent Mark Free 0.001ms
[251.086s][info][gc,phases   ] GC(146) Concurrent Process Non-Strong References 0.946ms
[251.086s][info][gc,phases   ] GC(146) Concurrent Reset Relocation Set 0.010ms
[251.090s][info][gc,phases   ] GC(146) Concurrent Select Relocation Set 3.783ms
[251.090s][info][gc,phases   ] GC(146) Pause Relocate Start 0.008ms
[251.093s][info][gc,phases   ] GC(146) Concurrent Relocate 3.424ms
[251.093s][info][gc,load     ] GC(146) Load: 0.00/0.00/0.00
[251.093s][info][gc,mmu      ] GC(146) MMU: 2ms/98.4%, 5ms/99.4%, 10ms/99.6%, 20ms/99.7%, 50ms/99.8%, 100ms/99.9%
[251.093s][info][gc,marking  ] GC(146) Mark: 8 stripe(s), 1 proactive flush(es), 1 terminate flush(es), 0 completion(s), 0 continuation(s) 
[251.093s][info][gc,marking  ] GC(146) Mark Stack Usage: 32M
[251.093s][info][gc,nmethod  ] GC(146) NMethods: 2012 registered, 395 unregistered
[251.094s][info][gc,metaspace] GC(146) Metaspace: 9M used, 10M committed, 1088M reserved
[251.094s][info][gc,ref      ] GC(146) Soft: 214 encountered, 0 discovered, 0 enqueued
[251.094s][info][gc,ref      ] GC(146) Weak: 814 encountered, 32 discovered, 0 enqueued
[251.094s][info][gc,ref      ] GC(146) Final: 0 encountered, 0 discovered, 0 enqueued
[251.094s][info][gc,ref      ] GC(146) Phantom: 27 encountered, 14 discovered, 0 enqueued
[251.094s][info][gc,reloc    ] GC(146) Small Pages: 231 / 462M, Empty: 436M, Relocated: 4M, In-Place: 0
[251.094s][info][gc,reloc    ] GC(146) Medium Pages: 0 / 0M, Empty: 0M, Relocated: 0M, In-Place: 0
[251.094s][info][gc,reloc    ] GC(146) Large Pages: 0 / 0M, Empty: 0M, Relocated: 0M, In-Place: 0
[251.094s][info][gc,reloc    ] GC(146) Forwarding Usage: 1M
[251.094s][info][gc,heap     ] GC(146) Min Capacity: 8M(0%)
[251.094s][info][gc,heap     ] GC(146) Max Capacity: 4096M(100%)
[251.094s][info][gc,heap     ] GC(146) Soft Max Capacity: 4096M(100%)
[251.094s][info][gc,heap     ] GC(146)                Mark Start          Mark End        Relocate Start      Relocate End           High               Low         
[251.094s][info][gc,heap     ] GC(146)  Capacity:     2048M (50%)        2048M (50%)        2048M (50%)        2048M (50%)        2048M (50%)        2048M (50%)    
[251.094s][info][gc,heap     ] GC(146)      Free:     3634M (89%)        3634M (89%)        4070M (99%)        4072M (99%)        4072M (99%)        3634M (89%)    
[251.094s][info][gc,heap     ] GC(146)      Used:      462M (11%)         462M (11%)          26M (1%)           24M (1%)          462M (11%)          24M (1%)     
[251.094s][info][gc,heap     ] GC(146)      Live:         -                 4M (0%)            4M (0%)            4M (0%)             -                  -          
[251.094s][info][gc,heap     ] GC(146) Allocated:         -                 0M (0%)            0M (0%)            0M (0%)             -                  -          
[251.094s][info][gc,heap     ] GC(146)   Garbage:         -               457M (11%)          21M (1%)           19M (0%)             -                  -          
[251.094s][info][gc,heap     ] GC(146) Reclaimed:         -                  -               436M (11%)         438M (11%)            -                  -          
[251.094s][info][gc          ] GC(146) Garbage Collection (System.gc()) 462M(11%)->24M(1%)
[252.949s][info][gc,start    ] GC(147) Garbage Collection (Proactive)
[252.949s][info][gc,task     ] GC(147) Using 12 workers
[252.950s][info][gc,phases   ] GC(147) Pause Mark Start 0.019ms
[252.965s][info][gc,phases   ] GC(147) Concurrent Mark 15.120ms
[252.965s][info][gc,phases   ] GC(147) Pause Mark End 0.027ms
[252.965s][info][gc,phases   ] GC(147) Concurrent Mark Free 0.001ms
[252.966s][info][gc,phases   ] GC(147) Concurrent Process Non-Strong References 1.099ms
[252.966s][info][gc,phases   ] GC(147) Concurrent Reset Relocation Set 0.003ms
[252.973s][info][gc,phases   ] GC(147) Concurrent Select Relocation Set 6.516ms
[252.973s][info][gc,phases   ] GC(147) Pause Relocate Start 0.011ms
[252.977s][info][gc,phases   ] GC(147) Concurrent Relocate 3.425ms
[252.977s][info][gc,load     ] GC(147) Load: 0.00/0.00/0.00
[252.977s][info][gc,mmu      ] GC(147) MMU: 2ms/98.4%, 5ms/99.4%, 10ms/99.6%, 20ms/99.7%, 50ms/99.8%, 100ms/99.9%
[252.977s][info][gc,marking  ] GC(147) Mark: 8 stripe(s), 2 proactive flush(es), 1 terminate flush(es), 0 completion(s), 0 continuation(s) 
[252.977s][info][gc,marking  ] GC(147) Mark Stack Usage: 32M
[252.977s][info][gc,nmethod  ] GC(147) NMethods: 2014 registered, 395 unregistered
[252.977s][info][gc,metaspace] GC(147) Metaspace: 9M used, 10M committed, 1088M reserved
[252.977s][info][gc,ref      ] GC(147) Soft: 214 encountered, 0 discovered, 0 enqueued
[252.977s][info][gc,ref      ] GC(147) Weak: 814 encountered, 32 discovered, 0 enqueued
[252.977s][info][gc,ref      ] GC(147) Final: 0 encountered, 0 discovered, 0 enqueued
[252.977s][info][gc,ref      ] GC(147) Phantom: 27 encountered, 11 discovered, 0 enqueued
[252.977s][info][gc,reloc    ] GC(147) Small Pages: 321 / 642M, Empty: 416M, Relocated: 4M, In-Place: 0
[252.977s][info][gc,reloc    ] GC(147) Medium Pages: 0 / 0M, Empty: 0M, Relocated: 0M, In-Place: 0
[252.977s][info][gc,reloc    ] GC(147) Large Pages: 0 / 0M, Empty: 0M, Relocated: 0M, In-Place: 0
[252.977s][info][gc,reloc    ] GC(147) Forwarding Usage: 1M
[252.977s][info][gc,heap     ] GC(147) Min Capacity: 8M(0%)
[252.977s][info][gc,heap     ] GC(147) Max Capacity: 4096M(100%)
[252.977s][info][gc,heap     ] GC(147) Soft Max Capacity: 4096M(100%)
[252.977s][info][gc,heap     ] GC(147)                Mark Start          Mark End        Relocate Start      Relocate End           High               Low         
[252.977s][info][gc,heap     ] GC(147)  Capacity:     2048M (50%)        2048M (50%)        2048M (50%)        2048M (50%)        2048M (50%)        2048M (50%)    
[252.977s][info][gc,heap     ] GC(147)      Free:     3454M (84%)        3436M (84%)        3850M (94%)        4050M (99%)        4050M (99%)        3436M (84%)    
[252.977s][info][gc,heap     ] GC(147)      Used:      642M (16%)         660M (16%)         246M (6%)           46M (1%)          660M (16%)          46M (1%)     
[252.977s][info][gc,heap     ] GC(147)      Live:         -                 6M (0%)            6M (0%)            6M (0%)             -                  -          
[252.977s][info][gc,heap     ] GC(147) Allocated:         -                18M (0%)           20M (0%)           19M (0%)             -                  -          
[252.977s][info][gc,heap     ] GC(147)   Garbage:         -               635M (16%)         219M (5%)           19M (0%)             -                  -          
[252.977s][info][gc,heap     ] GC(147) Reclaimed:         -                  -               416M (10%)         615M (15%)            -                  -          
[252.977s][info][gc          ] GC(147) Garbage Collection (Proactive) 642M(16%)->46M(1%)
[254.962s][info][gc,start    ] GC(148) Garbage Collection (Proactive)
[254.962s][info][gc,task     ] GC(148) Using 12 workers
[254.963s][info][gc,phases   ] GC(148) Pause Mark Start 0.019ms
[254.978s][info][gc,phases   ] GC(148) Concurrent Mark 15.138ms
[254.978s][info][gc,phases   ] GC(148) Pause Mark End 0.022ms
[254.978s][info][gc,phases   ] GC(148) Concurrent Mark Free 0.001ms
[254.980s][info][gc,phases   ] GC(148) Concurrent Process Non-Strong References 1.106ms
[254.980s][info][gc,phases   ] GC(148) Concurrent Reset Relocation Set 0.016ms
[254.986s][info][gc,phases   ] GC(148) Concurrent Select Relocation Set 6.708ms
[254.986s][info][gc,phases   ] GC(148) Pause Relocate Start 0.009ms
[254.990s][info][gc,phases   ] GC(148) Concurrent Relocate 3.470ms
[254.990s][info][gc,load     ] GC(148) Load: 0.00/0.00/0.00
[254.990s][info][gc,mmu      ] GC(148) MMU: 2ms/98.4%, 5ms/99.4%, 10ms/99.6%, 20ms/99.7%, 50ms/99.8%, 100ms/99.9%
[254.990s][info][gc,marking  ] GC(148) Mark: 8 stripe(s), 2 proactive flush(es), 1 terminate flush(es), 0 completion(s), 0 continuation(s) 
[254.990s][info][gc,marking  ] GC(148) Mark Stack Usage: 32M
[254.990s][info][gc,nmethod  ] GC(148) NMethods: 2014 registered, 395 unregistered
[254.990s][info][gc,metaspace] GC(148) Metaspace: 9M used, 10M committed, 1088M reserved
[254.990s][info][gc,ref      ] GC(148) Soft: 214 encountered, 0 discovered, 0 enqueued
[254.990s][info][gc,ref      ] GC(148) Weak: 814 encountered, 154 discovered, 0 enqueued
[254.990s][info][gc,ref      ] GC(148) Final: 0 encountered, 0 discovered, 0 enqueued
[254.990s][info][gc,ref      ] GC(148) Phantom: 27 encountered, 16 discovered, 0 enqueued
[254.990s][info][gc,reloc    ] GC(148) Small Pages: 345 / 690M, Empty: 574M, Relocated: 4M, In-Place: 0
[254.990s][info][gc,reloc    ] GC(148) Medium Pages: 0 / 0M, Empty: 0M, Relocated: 0M, In-Place: 0
[254.990s][info][gc,reloc    ] GC(148) Large Pages: 0 / 0M, Empty: 0M, Relocated: 0M, In-Place: 0
[254.990s][info][gc,reloc    ] GC(148) Forwarding Usage: 1M
[254.990s][info][gc,heap     ] GC(148) Min Capacity: 8M(0%)
[254.990s][info][gc,heap     ] GC(148) Max Capacity: 4096M(100%)
[254.990s][info][gc,heap     ] GC(148) Soft Max Capacity: 4096M(100%)
[254.990s][info][gc,heap     ] GC(148)                Mark Start          Mark End        Relocate Start      Relocate End           High               Low         
[254.991s][info][gc,heap     ] GC(148)  Capacity:     2048M (50%)        2048M (50%)        2048M (50%)        2048M (50%)        2048M (50%)        2048M (50%)    
[254.991s][info][gc,heap     ] GC(148)      Free:     3406M (83%)        3386M (83%)        3956M (97%)        4046M (99%)        4046M (99%)        3386M (83%)    
[254.991s][info][gc,heap     ] GC(148)      Used:      690M (17%)         710M (17%)         140M (3%)           50M (1%)          710M (17%)          50M (1%)     
[254.991s][info][gc,heap     ] GC(148)      Live:         -                 6M (0%)            6M (0%)            6M (0%)             -                  -          
[254.991s][info][gc,heap     ] GC(148) Allocated:         -                20M (0%)           24M (1%)           23M (1%)             -                  -          
[254.991s][info][gc,heap     ] GC(148)   Garbage:         -               683M (17%)         109M (3%)           19M (0%)             -                  -          
[254.991s][info][gc,heap     ] GC(148) Reclaimed:         -                  -               574M (14%)         663M (16%)            -                  -          
[254.991s][info][gc          ] GC(148) Garbage Collection (Proactive) 690M(17%)->50M(1%)
[256.858s][info][gc,start    ] GC(149) Garbage Collection (Proactive)
[256.858s][info][gc,task     ] GC(149) Using 12 workers
[256.859s][info][gc,phases   ] GC(149) Pause Mark Start 0.018ms
[256.874s][info][gc,phases   ] GC(149) Concurrent Mark 15.203ms
[256.874s][info][gc,phases   ] GC(149) Pause Mark End 0.026ms
[256.874s][info][gc,phases   ] GC(149) Concurrent Mark Free 0.001ms
[256.875s][info][gc,phases   ] GC(149) Concurrent Process Non-Strong References 1.031ms
[256.876s][info][gc,phases   ] GC(149) Concurrent Reset Relocation Set 0.010ms
[256.879s][info][gc,phases   ] GC(149) Concurrent Select Relocation Set 3.790ms
[256.880s][info][gc,phases   ] GC(149) Pause Relocate Start 0.009ms
[256.883s][info][gc,phases   ] GC(149) Concurrent Relocate 3.079ms
[256.883s][info][gc,load     ] GC(149) Load: 0.00/0.00/0.00
[256.883s][info][gc,mmu      ] GC(149) MMU: 2ms/98.4%, 5ms/99.4%, 10ms/99.6%, 20ms/99.7%, 50ms/99.8%, 100ms/99.9%
[256.883s][info][gc,marking  ] GC(149) Mark: 8 stripe(s), 2 proactive flush(es), 1 terminate flush(es), 0 completion(s), 0 continuation(s) 
[256.883s][info][gc,marking  ] GC(149) Mark Stack Usage: 32M
[256.883s][info][gc,nmethod  ] GC(149) NMethods: 2014 registered, 395 unregistered
[256.883s][info][gc,metaspace] GC(149) Metaspace: 9M used, 10M committed, 1088M reserved
[256.883s][info][gc,ref      ] GC(149) Soft: 214 encountered, 0 discovered, 0 enqueued
[256.883s][info][gc,ref      ] GC(149) Weak: 814 encountered, 16 discovered, 0 enqueued
[256.883s][info][gc,ref      ] GC(149) Final: 0 encountered, 0 discovered, 0 enqueued
[256.883s][info][gc,ref      ] GC(149) Phantom: 27 encountered, 22 discovered, 0 enqueued
[256.883s][info][gc,reloc    ] GC(149) Small Pages: 332 / 664M, Empty: 532M, Relocated: 5M, In-Place: 0
[256.883s][info][gc,reloc    ] GC(149) Medium Pages: 0 / 0M, Empty: 0M, Relocated: 0M, In-Place: 0
[256.883s][info][gc,reloc    ] GC(149) Large Pages: 0 / 0M, Empty: 0M, Relocated: 0M, In-Place: 0
[256.883s][info][gc,reloc    ] GC(149) Forwarding Usage: 1M
[256.883s][info][gc,heap     ] GC(149) Min Capacity: 8M(0%)
[256.883s][info][gc,heap     ] GC(149) Max Capacity: 4096M(100%)
[256.883s][info][gc,heap     ] GC(149) Soft Max Capacity: 4096M(100%)
[256.883s][info][gc,heap     ] GC(149)                Mark Start          Mark End        Relocate Start      Relocate End           High               Low         
[256.883s][info][gc,heap     ] GC(149)  Capacity:     2048M (50%)        2048M (50%)        2048M (50%)        2048M (50%)        2048M (50%)        2048M (50%)    
[256.883s][info][gc,heap     ] GC(149)      Free:     3432M (84%)        3412M (83%)        3944M (96%)        4048M (99%)        4048M (99%)        3412M (83%)    
[256.883s][info][gc,heap     ] GC(149)      Used:      664M (16%)         684M (17%)         152M (4%)           48M (1%)          684M (17%)          48M (1%)     
[256.883s][info][gc,heap     ] GC(149)      Live:         -                 6M (0%)            6M (0%)            6M (0%)             -                  -          
[256.883s][info][gc,heap     ] GC(149) Allocated:         -                20M (0%)           20M (0%)           21M (1%)             -                  -          
[256.884s][info][gc,heap     ] GC(149)   Garbage:         -               657M (16%)         125M (3%)           19M (0%)             -                  -          
[256.884s][info][gc,heap     ] GC(149) Reclaimed:         -                  -               532M (13%)         637M (16%)            -                  -          
[256.884s][info][gc          ] GC(149) Garbage Collection (Proactive) 664M(16%)->48M(1%)
[257.787s][info][gc,start    ] GC(150) Garbage Collection (System.gc())
[257.787s][info][gc,task     ] GC(150) Using 12 workers
[257.787s][info][gc,phases   ] GC(150) Pause Mark Start 0.018ms
[257.803s][info][gc,phases   ] GC(150) Concurrent Mark 15.419ms
[257.803s][info][gc,phases   ] GC(150) Pause Mark End 0.024ms
[257.803s][info][gc,phases   ] GC(150) Concurrent Mark Free 0.001ms
[257.804s][info][gc,phases   ] GC(150) Concurrent Process Non-Strong References 0.965ms
[257.804s][info][gc,phases   ] GC(150) Concurrent Reset Relocation Set 0.012ms
[257.808s][info][gc,phases   ] GC(150) Concurrent Select Relocation Set 3.721ms
[257.808s][info][gc,phases   ] GC(150) Pause Relocate Start 0.007ms
[257.811s][info][gc,phases   ] GC(150) Concurrent Relocate 3.112ms
[257.811s][info][gc,load     ] GC(150) Load: 0.00/0.00/0.00
[257.811s][info][gc,mmu      ] GC(150) MMU: 2ms/98.4%, 5ms/99.4%, 10ms/99.6%, 20ms/99.7%, 50ms/99.8%, 100ms/99.9%
[257.811s][info][gc,marking  ] GC(150) Mark: 8 stripe(s), 1 proactive flush(es), 1 terminate flush(es), 0 completion(s), 0 continuation(s) 
[257.811s][info][gc,marking  ] GC(150) Mark Stack Usage: 32M
[257.811s][info][gc,nmethod  ] GC(150) NMethods: 2014 registered, 395 unregistered
[257.811s][info][gc,metaspace] GC(150) Metaspace: 9M used, 10M committed, 1088M reserved
[257.811s][info][gc,ref      ] GC(150) Soft: 214 encountered, 0 discovered, 0 enqueued
[257.811s][info][gc,ref      ] GC(150) Weak: 814 encountered, 29 discovered, 0 enqueued
[257.811s][info][gc,ref      ] GC(150) Final: 0 encountered, 0 discovered, 0 enqueued
[257.811s][info][gc,ref      ] GC(150) Phantom: 27 encountered, 14 discovered, 0 enqueued
[257.811s][info][gc,reloc    ] GC(150) Small Pages: 166 / 332M, Empty: 288M, Relocated: 4M, In-Place: 0
[257.812s][info][gc,reloc    ] GC(150) Medium Pages: 0 / 0M, Empty: 0M, Relocated: 0M, In-Place: 0
[257.812s][info][gc,reloc    ] GC(150) Large Pages: 0 / 0M, Empty: 0M, Relocated: 0M, In-Place: 0
[257.812s][info][gc,reloc    ] GC(150) Forwarding Usage: 1M
[257.812s][info][gc,heap     ] GC(150) Min Capacity: 8M(0%)
[257.812s][info][gc,heap     ] GC(150) Max Capacity: 4096M(100%)
[257.812s][info][gc,heap     ] GC(150) Soft Max Capacity: 4096M(100%)
[257.812s][info][gc,heap     ] GC(150)                Mark Start          Mark End        Relocate Start      Relocate End           High               Low         
[257.812s][info][gc,heap     ] GC(150)  Capacity:     2048M (50%)        2048M (50%)        2048M (50%)        2048M (50%)        2048M (50%)        2048M (50%)    
[257.812s][info][gc,heap     ] GC(150)      Free:     3764M (92%)        3764M (92%)        4052M (99%)        4072M (99%)        4072M (99%)        3764M (92%)    
[257.812s][info][gc,heap     ] GC(150)      Used:      332M (8%)          332M (8%)           44M (1%)           24M (1%)          332M (8%)           24M (1%)     
[257.812s][info][gc,heap     ] GC(150)      Live:         -                 4M (0%)            4M (0%)            4M (0%)             -                  -          
[257.812s][info][gc,heap     ] GC(150) Allocated:         -                 0M (0%)            0M (0%)            0M (0%)             -                  -          
[257.812s][info][gc,heap     ] GC(150)   Garbage:         -               327M (8%)           39M (1%)           19M (0%)             -                  -          
[257.812s][info][gc,heap     ] GC(150) Reclaimed:         -                  -               288M (7%)          308M (8%)             -                  -          
[257.812s][info][gc          ] GC(150) Garbage Collection (System.gc()) 332M(8%)->24M(1%)
[259.261s][info][gc,start    ] GC(151) Garbage Collection (Proactive)
[259.261s][info][gc,task     ] GC(151) Using 12 workers
[259.262s][info][gc,phases   ] GC(151) Pause Mark Start 0.019ms
[259.277s][info][gc,phases   ] GC(151) Concurrent Mark 15.116ms
[259.277s][info][gc,phases   ] GC(151) Pause Mark End 0.026ms
[259.277s][info][gc,phases   ] GC(151) Concurrent Mark Free 0.001ms
[259.278s][info][gc,phases   ] GC(151) Concurrent Process Non-Strong References 1.061ms
[259.279s][info][gc,phases   ] GC(151) Concurrent Reset Relocation Set 0.004ms
[259.285s][info][gc,phases   ] GC(151) Concurrent Select Relocation Set 6.781ms
[259.286s][info][gc,phases   ] GC(151) Pause Relocate Start 0.009ms
[259.289s][info][gc,phases   ] GC(151) Concurrent Relocate 3.249ms
[259.289s][info][gc,load     ] GC(151) Load: 0.00/0.00/0.00
[259.289s][info][gc,mmu      ] GC(151) MMU: 2ms/98.4%, 5ms/99.4%, 10ms/99.6%, 20ms/99.7%, 50ms/99.8%, 100ms/99.9%
[259.289s][info][gc,marking  ] GC(151) Mark: 8 stripe(s), 2 proactive flush(es), 1 terminate flush(es), 0 completion(s), 0 continuation(s) 
[259.289s][info][gc,marking  ] GC(151) Mark Stack Usage: 32M
[259.289s][info][gc,nmethod  ] GC(151) NMethods: 2014 registered, 395 unregistered
[259.289s][info][gc,metaspace] GC(151) Metaspace: 9M used, 10M committed, 1088M reserved
[259.289s][info][gc,ref      ] GC(151) Soft: 214 encountered, 0 discovered, 0 enqueued
[259.289s][info][gc,ref      ] GC(151) Weak: 814 encountered, 18 discovered, 0 enqueued
[259.289s][info][gc,ref      ] GC(151) Final: 0 encountered, 0 discovered, 0 enqueued
[259.289s][info][gc,ref      ] GC(151) Phantom: 27 encountered, 17 discovered, 0 enqueued
[259.289s][info][gc,reloc    ] GC(151) Small Pages: 253 / 506M, Empty: 276M, Relocated: 4M, In-Place: 0
[259.289s][info][gc,reloc    ] GC(151) Medium Pages: 0 / 0M, Empty: 0M, Relocated: 0M, In-Place: 0
[259.289s][info][gc,reloc    ] GC(151) Large Pages: 0 / 0M, Empty: 0M, Relocated: 0M, In-Place: 0
[259.289s][info][gc,reloc    ] GC(151) Forwarding Usage: 1M
[259.289s][info][gc,heap     ] GC(151) Min Capacity: 8M(0%)
[259.289s][info][gc,heap     ] GC(151) Max Capacity: 4096M(100%)
[259.289s][info][gc,heap     ] GC(151) Soft Max Capacity: 4096M(100%)
[259.289s][info][gc,heap     ] GC(151)                Mark Start          Mark End        Relocate Start      Relocate End           High               Low         
[259.290s][info][gc,heap     ] GC(151)  Capacity:     2048M (50%)        2048M (50%)        2048M (50%)        2048M (50%)        2048M (50%)        2048M (50%)    
[259.290s][info][gc,heap     ] GC(151)      Free:     3590M (88%)        3570M (87%)        3842M (94%)        4044M (99%)        4044M (99%)        3568M (87%)    
[259.290s][info][gc,heap     ] GC(151)      Used:      506M (12%)         526M (13%)         254M (6%)           52M (1%)          528M (13%)          52M (1%)     
[259.290s][info][gc,heap     ] GC(151)      Live:         -                 6M (0%)            6M (0%)            6M (0%)             -                  -          
[259.290s][info][gc,heap     ] GC(151) Allocated:         -                20M (0%)           24M (1%)           25M (1%)             -                  -          
[259.290s][info][gc,heap     ] GC(151)   Garbage:         -               499M (12%)         223M (5%)           19M (0%)             -                  -          
[259.290s][info][gc,heap     ] GC(151) Reclaimed:         -                  -               276M (7%)          479M (12%)            -                  -          
[259.290s][info][gc          ] GC(151) Garbage Collection (Proactive) 506M(12%)->52M(1%)
[260.159s][info][gc,stats    ] === Garbage Collection Statistics =======================================================================================================================
[260.159s][info][gc,stats    ]                                                              Last 10s              Last 10m              Last 10h                Total
[260.159s][info][gc,stats    ]                                                              Avg / Max             Avg / Max             Avg / Max             Avg / Max
[260.159s][info][gc,stats    ]   Collector: Garbage Collection Cycle                     24.602 / 27.742       26.940 / 83.902       26.940 / 83.902       26.940 / 83.902      ms
[260.159s][info][gc,stats    ]  Contention: Mark Segment Reset Contention                     1 / 5                 1 / 12                1 / 12                1 / 12          ops/s
[260.159s][info][gc,stats    ]  Contention: Mark SeqNum Reset Contention                      0 / 2                 0 / 3                 0 / 3                 0 / 3           ops/s
[260.159s][info][gc,stats    ]    Critical: Allocation Stall                                  0 / 0                 0 / 0                 0 / 0                 0 / 0           ops/s
[260.159s][info][gc,stats    ]    Critical: Allocation Stall                              0.000 / 0.000         0.000 / 0.000         0.000 / 0.000         0.000 / 0.000       ms
[260.159s][info][gc,stats    ]    Critical: GC Locker Stall                                   0 / 0                 0 / 0                 0 / 0                 0 / 0           ops/s
[260.159s][info][gc,stats    ]    Critical: GC Locker Stall                               0.000 / 0.000         0.000 / 0.000         0.000 / 0.000         0.000 / 0.000       ms
[260.159s][info][gc,stats    ]    Critical: Relocation Stall                                  0 / 0                 0 / 0                 0 / 0                 0 / 0           ops/s
[260.159s][info][gc,stats    ]    Critical: Relocation Stall                              0.000 / 0.000         0.000 / 0.000         0.000 / 0.000         0.000 / 0.000       ms
[260.159s][info][gc,stats    ]      Memory: Allocation Rate                                 330 / 342             321 / 356             321 / 356             321 / 356         MB/s
[260.159s][info][gc,stats    ]      Memory: Defragment                                        0 / 0                 0 / 0                 0 / 0                 0 / 0           ops/s
[260.160s][info][gc,stats    ]      Memory: Out Of Memory                                     0 / 0                 0 / 0                 0 / 0                 0 / 0           ops/s
[260.160s][info][gc,stats    ]      Memory: Page Cache Flush                                  0 / 0                 0 / 0                 0 / 0                 0 / 0           MB/s
[260.160s][info][gc,stats    ]      Memory: Page Cache Hit L1                               172 / 183             164 / 195             164 / 195             164 / 195         ops/s
[260.160s][info][gc,stats    ]      Memory: Page Cache Hit L2                                 0 / 0                 0 / 0                 0 / 0                 0 / 0           ops/s
[260.160s][info][gc,stats    ]      Memory: Page Cache Hit L3                                 0 / 0                 3 / 141               3 / 141               3 / 141         ops/s
[260.160s][info][gc,stats    ]      Memory: Page Cache Miss                                   0 / 0                 0 / 1                 0 / 1                 0 / 1           ops/s
[260.160s][info][gc,stats    ]      Memory: Uncommit                                          0 / 0                 0 / 0                 0 / 0                 0 / 0           MB/s
[260.160s][info][gc,stats    ]      Memory: Undo Object Allocation Failed                     0 / 0                 0 / 0                 0 / 0                 0 / 0           ops/s
[260.160s][info][gc,stats    ]      Memory: Undo Object Allocation Succeeded                  0 / 1                 0 / 5                 0 / 5                 0 / 5           ops/s
[260.160s][info][gc,stats    ]      Memory: Undo Page Allocation                              0 / 0                 0 / 0                 0 / 0                 0 / 0           ops/s
[260.160s][info][gc,stats    ]       Phase: Concurrent Mark                              13.804 / 15.419       14.892 / 24.159       14.892 / 24.159       14.892 / 24.159      ms
[260.160s][info][gc,stats    ]       Phase: Concurrent Mark Continue                      0.000 / 0.000         0.000 / 0.000         0.000 / 0.000         0.000 / 0.000       ms
[260.160s][info][gc,stats    ]       Phase: Concurrent Mark Free                          0.001 / 0.001         0.001 / 0.002         0.001 / 0.002         0.001 / 0.002       ms
[260.160s][info][gc,stats    ]       Phase: Concurrent Process Non-Strong References      1.035 / 1.106         1.050 / 5.230         1.050 / 5.230         1.050 / 5.230       ms
[260.160s][info][gc,stats    ]       Phase: Concurrent Relocate                           3.293 / 3.470         3.385 / 5.038         3.385 / 5.038         3.385 / 5.038       ms
[260.160s][info][gc,stats    ]       Phase: Concurrent Reset Relocation Set               0.009 / 0.016         0.011 / 0.023         0.011 / 0.023         0.011 / 0.023       ms
[260.160s][info][gc,stats    ]       Phase: Concurrent Select Relocation Set              5.216 / 6.781         5.300 / 15.356        5.300 / 15.356        5.300 / 15.356      ms
[260.160s][info][gc,stats    ]       Phase: Pause Mark End                                0.024 / 0.027         0.025 / 0.032         0.025 / 0.032         0.025 / 0.032       ms
[260.160s][info][gc,stats    ]       Phase: Pause Mark Start                              0.018 / 0.019         0.018 / 0.021         0.018 / 0.021         0.018 / 0.021       ms
[260.160s][info][gc,stats    ]       Phase: Pause Relocate Start                          0.009 / 0.011         0.009 / 0.028         0.009 / 0.028         0.009 / 0.028       ms
[260.160s][info][gc,stats    ]    Subphase: Concurrent Classes Purge                      0.005 / 0.006         0.022 / 0.876         0.022 / 0.876         0.022 / 0.876       ms
[260.160s][info][gc,stats    ]    Subphase: Concurrent Classes Unlink                     0.717 / 0.766         0.717 / 4.065         0.717 / 4.065         0.717 / 4.065       ms
[260.160s][info][gc,stats    ]    Subphase: Concurrent Mark                              12.073 / 14.350       13.051 / 23.147       13.051 / 23.147       13.051 / 23.147      ms
[260.160s][info][gc,stats    ]    Subphase: Concurrent Mark Try Flush                     0.088 / 0.111         0.073 / 0.223         0.073 / 0.223         0.073 / 0.223       ms
[260.160s][info][gc,stats    ]    Subphase: Concurrent Mark Try Terminate                 7.487 / 12.203        8.169 / 16.572        8.169 / 16.572        8.169 / 16.572      ms
[260.160s][info][gc,stats    ]    Subphase: Concurrent References Enqueue                 0.000 / 0.001         0.001 / 0.004         0.001 / 0.004         0.001 / 0.004       ms
[260.160s][info][gc,stats    ]    Subphase: Concurrent References Process                 0.043 / 0.061         0.043 / 0.089         0.043 / 0.089         0.043 / 0.089       ms
[260.160s][info][gc,stats    ]    Subphase: Concurrent Roots ClassLoaderDataGraph         0.087 / 0.693         0.086 / 0.933         0.086 / 0.933         0.086 / 0.933       ms
[260.160s][info][gc,stats    ]    Subphase: Concurrent Roots CodeCache                    0.000 / 0.000         0.000 / 0.000         0.000 / 0.000         0.000 / 0.000       ms
[260.161s][info][gc,stats    ]    Subphase: Concurrent Roots JavaThreads                  0.575 / 1.089         0.531 / 1.189         0.531 / 1.189         0.531 / 1.189       ms
[260.161s][info][gc,stats    ]    Subphase: Concurrent Roots OopStorageSet                0.018 / 0.071         0.018 / 0.190         0.018 / 0.190         0.018 / 0.190       ms
[260.161s][info][gc,stats    ]    Subphase: Concurrent Weak Roots OopStorageSet           0.143 / 0.179         0.142 / 0.186         0.142 / 0.186         0.142 / 0.186       ms
[260.161s][info][gc,stats    ]    Subphase: Pause Mark Try Complete                       0.000 / 0.000         0.000 / 0.000         0.000 / 0.000         0.000 / 0.000       ms
[260.161s][info][gc,stats    ]      System: Java Threads                                     39 / 39               35 / 41               35 / 41               35 / 41          threads
[260.161s][info][gc,stats    ] =========================================================================================================================================================
[260.954s][info][gc,start    ] GC(152) Garbage Collection (Proactive)
[260.954s][info][gc,task     ] GC(152) Using 12 workers
[260.955s][info][gc,phases   ] GC(152) Pause Mark Start 0.019ms
[260.970s][info][gc,phases   ] GC(152) Concurrent Mark 15.136ms
[260.970s][info][gc,phases   ] GC(152) Pause Mark End 0.026ms
[260.970s][info][gc,phases   ] GC(152) Concurrent Mark Free 0.001ms
[260.971s][info][gc,phases   ] GC(152) Concurrent Process Non-Strong References 1.030ms
[260.971s][info][gc,phases   ] GC(152) Concurrent Reset Relocation Set 0.018ms
[260.975s][info][gc,phases   ] GC(152) Concurrent Select Relocation Set 3.776ms
[260.975s][info][gc,phases   ] GC(152) Pause Relocate Start 0.009ms
[260.979s][info][gc,phases   ] GC(152) Concurrent Relocate 3.341ms
[260.979s][info][gc,load     ] GC(152) Load: 0.00/0.00/0.00
[260.979s][info][gc,mmu      ] GC(152) MMU: 2ms/98.4%, 5ms/99.4%, 10ms/99.6%, 20ms/99.7%, 50ms/99.8%, 100ms/99.9%
[260.979s][info][gc,marking  ] GC(152) Mark: 8 stripe(s), 2 proactive flush(es), 1 terminate flush(es), 0 completion(s), 0 continuation(s) 
[260.979s][info][gc,marking  ] GC(152) Mark Stack Usage: 32M
[260.979s][info][gc,nmethod  ] GC(152) NMethods: 2014 registered, 395 unregistered
[260.979s][info][gc,metaspace] GC(152) Metaspace: 9M used, 10M committed, 1088M reserved
[260.979s][info][gc,ref      ] GC(152) Soft: 214 encountered, 0 discovered, 0 enqueued
[260.979s][info][gc,ref      ] GC(152) Weak: 814 encountered, 13 discovered, 0 enqueued
[260.979s][info][gc,ref      ] GC(152) Final: 0 encountered, 0 discovered, 0 enqueued
[260.979s][info][gc,ref      ] GC(152) Phantom: 27 encountered, 16 discovered, 0 enqueued
[260.979s][info][gc,reloc    ] GC(152) Small Pages: 291 / 582M, Empty: 458M, Relocated: 5M, In-Place: 0
[260.979s][info][gc,reloc    ] GC(152) Medium Pages: 0 / 0M, Empty: 0M, Relocated: 0M, In-Place: 0
[260.979s][info][gc,reloc    ] GC(152) Large Pages: 0 / 0M, Empty: 0M, Relocated: 0M, In-Place: 0
[260.979s][info][gc,reloc    ] GC(152) Forwarding Usage: 1M
[260.979s][info][gc,heap     ] GC(152) Min Capacity: 8M(0%)
[260.979s][info][gc,heap     ] GC(152) Max Capacity: 4096M(100%)
[260.979s][info][gc,heap     ] GC(152) Soft Max Capacity: 4096M(100%)
[260.979s][info][gc,heap     ] GC(152)                Mark Start          Mark End        Relocate Start      Relocate End           High               Low         
[260.979s][info][gc,heap     ] GC(152)  Capacity:     2048M (50%)        2048M (50%)        2048M (50%)        2048M (50%)        2048M (50%)        2048M (50%)    
[260.979s][info][gc,heap     ] GC(152)      Free:     3514M (86%)        3490M (85%)        3946M (96%)        4044M (99%)        4044M (99%)        3490M (85%)    
[260.979s][info][gc,heap     ] GC(152)      Used:      582M (14%)         606M (15%)         150M (4%)           52M (1%)          606M (15%)          52M (1%)     
[260.980s][info][gc,heap     ] GC(152)      Live:         -                 6M (0%)            6M (0%)            6M (0%)             -                  -          
[260.980s][info][gc,heap     ] GC(152) Allocated:         -                24M (1%)           26M (1%)           25M (1%)             -                  -          
[260.980s][info][gc,heap     ] GC(152)   Garbage:         -               575M (14%)         117M (3%)           19M (0%)             -                  -          
[260.980s][info][gc,heap     ] GC(152) Reclaimed:         -                  -               458M (11%)         555M (14%)            -                  -          
[260.980s][info][gc          ] GC(152) Garbage Collection (Proactive) 582M(14%)->52M(1%)
[262.454s][info][gc,start    ] GC(153) Garbage Collection (Proactive)
[262.454s][info][gc,task     ] GC(153) Using 12 workers
[262.454s][info][gc,phases   ] GC(153) Pause Mark Start 0.020ms
[262.469s][info][gc,phases   ] GC(153) Concurrent Mark 15.102ms
[262.470s][info][gc,phases   ] GC(153) Pause Mark End 0.028ms
[262.470s][info][gc,phases   ] GC(153) Concurrent Mark Free 0.001ms
[262.471s][info][gc,phases   ] GC(153) Concurrent Process Non-Strong References 1.083ms
[262.471s][info][gc,phases   ] GC(153) Concurrent Reset Relocation Set 0.012ms
[262.478s][info][gc,phases   ] GC(153) Concurrent Select Relocation Set 6.747ms
[262.478s][info][gc,phases   ] GC(153) Pause Relocate Start 0.012ms
[262.482s][info][gc,phases   ] GC(153) Concurrent Relocate 3.289ms
[262.482s][info][gc,load     ] GC(153) Load: 0.00/0.00/0.00
[262.482s][info][gc,mmu      ] GC(153) MMU: 2ms/98.4%, 5ms/99.4%, 10ms/99.6%, 20ms/99.7%, 50ms/99.8%, 100ms/99.9%
[262.482s][info][gc,marking  ] GC(153) Mark: 8 stripe(s), 2 proactive flush(es), 1 terminate flush(es), 0 completion(s), 0 continuation(s) 
[262.482s][info][gc,marking  ] GC(153) Mark Stack Usage: 32M
[262.482s][info][gc,nmethod  ] GC(153) NMethods: 2014 registered, 395 unregistered
[262.482s][info][gc,metaspace] GC(153) Metaspace: 9M used, 10M committed, 1088M reserved
[262.482s][info][gc,ref      ] GC(153) Soft: 214 encountered, 0 discovered, 0 enqueued
[262.482s][info][gc,ref      ] GC(153) Weak: 814 encountered, 12 discovered, 0 enqueued
[262.482s][info][gc,ref      ] GC(153) Final: 0 encountered, 0 discovered, 0 enqueued
[262.482s][info][gc,ref      ] GC(153) Phantom: 27 encountered, 17 discovered, 0 enqueued
[262.482s][info][gc,reloc    ] GC(153) Small Pages: 262 / 524M, Empty: 404M, Relocated: 4M, In-Place: 0
[262.482s][info][gc,reloc    ] GC(153) Medium Pages: 0 / 0M, Empty: 0M, Relocated: 0M, In-Place: 0
[262.482s][info][gc,reloc    ] GC(153) Large Pages: 0 / 0M, Empty: 0M, Relocated: 0M, In-Place: 0
[262.482s][info][gc,reloc    ] GC(153) Forwarding Usage: 1M
[262.482s][info][gc,heap     ] GC(153) Min Capacity: 8M(0%)
[262.482s][info][gc,heap     ] GC(153) Max Capacity: 4096M(100%)
[262.482s][info][gc,heap     ] GC(153) Soft Max Capacity: 4096M(100%)
[262.482s][info][gc,heap     ] GC(153)                Mark Start          Mark End        Relocate Start      Relocate End           High               Low         
[262.482s][info][gc,heap     ] GC(153)  Capacity:     2048M (50%)        2048M (50%)        2048M (50%)        2048M (50%)        2048M (50%)        2048M (50%)    
[262.482s][info][gc,heap     ] GC(153)      Free:     3572M (87%)        3548M (87%)        3948M (96%)        4042M (99%)        4042M (99%)        3548M (87%)    
[262.482s][info][gc,heap     ] GC(153)      Used:      524M (13%)         548M (13%)         148M (4%)           54M (1%)          548M (13%)          54M (1%)     
[262.482s][info][gc,heap     ] GC(153)      Live:         -                 6M (0%)            6M (0%)            6M (0%)             -                  -          
[262.482s][info][gc,heap     ] GC(153) Allocated:         -                24M (1%)           28M (1%)           27M (1%)             -                  -          
[262.482s][info][gc,heap     ] GC(153)   Garbage:         -               517M (13%)         113M (3%)           19M (0%)             -                  -          
[262.482s][info][gc,heap     ] GC(153) Reclaimed:         -                  -               404M (10%)         497M (12%)            -                  -          
[262.482s][info][gc          ] GC(153) Garbage Collection (Proactive) 524M(13%)->54M(1%)
[264.063s][info][gc,start    ] GC(154) Garbage Collection (Proactive)
[264.063s][info][gc,task     ] GC(154) Using 12 workers
[264.063s][info][gc,phases   ] GC(154) Pause Mark Start 0.018ms
[264.078s][info][gc,phases   ] GC(154) Concurrent Mark 15.229ms
[264.079s][info][gc,phases   ] GC(154) Pause Mark End 0.027ms
[264.079s][info][gc,phases   ] GC(154) Concurrent Mark Free 0.002ms
[264.080s][info][gc,phases   ] GC(154) Concurrent Process Non-Strong References 1.115ms
[264.080s][info][gc,phases   ] GC(154) Concurrent Reset Relocation Set 0.010ms
[264.087s][info][gc,phases   ] GC(154) Concurrent Select Relocation Set 6.895ms
[264.087s][info][gc,phases   ] GC(154) Pause Relocate Start 0.011ms
[264.092s][info][gc,phases   ] GC(154) Concurrent Relocate 4.805ms
[264.092s][info][gc,load     ] GC(154) Load: 0.00/0.00/0.00
[264.092s][info][gc,mmu      ] GC(154) MMU: 2ms/98.4%, 5ms/99.4%, 10ms/99.6%, 20ms/99.7%, 50ms/99.8%, 100ms/99.9%
[264.092s][info][gc,marking  ] GC(154) Mark: 8 stripe(s), 2 proactive flush(es), 1 terminate flush(es), 0 completion(s), 0 continuation(s) 
[264.092s][info][gc,marking  ] GC(154) Mark Stack Usage: 32M
[264.092s][info][gc,nmethod  ] GC(154) NMethods: 2014 registered, 396 unregistered
[264.092s][info][gc,metaspace] GC(154) Metaspace: 9M used, 10M committed, 1088M reserved
[264.092s][info][gc,ref      ] GC(154) Soft: 214 encountered, 0 discovered, 0 enqueued
[264.092s][info][gc,ref      ] GC(154) Weak: 814 encountered, 15 discovered, 0 enqueued
[264.092s][info][gc,ref      ] GC(154) Final: 0 encountered, 0 discovered, 0 enqueued
[264.092s][info][gc,ref      ] GC(154) Phantom: 27 encountered, 17 discovered, 0 enqueued
[264.093s][info][gc,reloc    ] GC(154) Small Pages: 281 / 562M, Empty: 454M, Relocated: 5M, In-Place: 0
[264.093s][info][gc,reloc    ] GC(154) Medium Pages: 0 / 0M, Empty: 0M, Relocated: 0M, In-Place: 0
[264.093s][info][gc,reloc    ] GC(154) Large Pages: 0 / 0M, Empty: 0M, Relocated: 0M, In-Place: 0
[264.093s][info][gc,reloc    ] GC(154) Forwarding Usage: 1M
[264.093s][info][gc,heap     ] GC(154) Min Capacity: 8M(0%)
[264.093s][info][gc,heap     ] GC(154) Max Capacity: 4096M(100%)
[264.093s][info][gc,heap     ] GC(154) Soft Max Capacity: 4096M(100%)
[264.093s][info][gc,heap     ] GC(154)                Mark Start          Mark End        Relocate Start      Relocate End           High               Low         
[264.093s][info][gc,heap     ] GC(154)  Capacity:     2048M (50%)        2048M (50%)        2048M (50%)        2048M (50%)        2048M (50%)        2048M (50%)    
[264.093s][info][gc,heap     ] GC(154)      Free:     3534M (86%)        3512M (86%)        3966M (97%)        4048M (99%)        4048M (99%)        3512M (86%)    
[264.093s][info][gc,heap     ] GC(154)      Used:      562M (14%)         584M (14%)         130M (3%)           48M (1%)          584M (14%)          48M (1%)     
[264.093s][info][gc,heap     ] GC(154)      Live:         -                 6M (0%)            6M (0%)            6M (0%)             -                  -          
[264.093s][info][gc,heap     ] GC(154) Allocated:         -                22M (1%)           22M (1%)           21M (1%)             -                  -          
[264.093s][info][gc,heap     ] GC(154)   Garbage:         -               555M (14%)         101M (2%)           19M (0%)             -                  -          
[264.093s][info][gc,heap     ] GC(154) Reclaimed:         -                  -               454M (11%)         535M (13%)            -                  -          
[264.093s][info][gc          ] GC(154) Garbage Collection (Proactive) 562M(14%)->48M(1%)
[264.596s][info][gc,start    ] GC(155) Garbage Collection (System.gc())
[264.596s][info][gc,task     ] GC(155) Using 12 workers
[264.596s][info][gc,phases   ] GC(155) Pause Mark Start 0.018ms
[264.610s][info][gc,phases   ] GC(155) Concurrent Mark 13.528ms
[264.610s][info][gc,phases   ] GC(155) Pause Mark End 0.025ms
[264.610s][info][gc,phases   ] GC(155) Concurrent Mark Free 0.001ms
[264.611s][info][gc,phases   ] GC(155) Concurrent Process Non-Strong References 0.984ms
[264.611s][info][gc,phases   ] GC(155) Concurrent Reset Relocation Set 0.008ms
[264.615s][info][gc,phases   ] GC(155) Concurrent Select Relocation Set 3.718ms
[264.615s][info][gc,phases   ] GC(155) Pause Relocate Start 0.007ms
[264.618s][info][gc,phases   ] GC(155) Concurrent Relocate 3.425ms
[264.618s][info][gc,load     ] GC(155) Load: 0.00/0.00/0.00
[264.618s][info][gc,mmu      ] GC(155) MMU: 2ms/98.4%, 5ms/99.4%, 10ms/99.6%, 20ms/99.7%, 50ms/99.8%, 100ms/99.9%
[264.618s][info][gc,marking  ] GC(155) Mark: 8 stripe(s), 1 proactive flush(es), 1 terminate flush(es), 0 completion(s), 0 continuation(s) 
[264.618s][info][gc,marking  ] GC(155) Mark Stack Usage: 32M
[264.618s][info][gc,nmethod  ] GC(155) NMethods: 2014 registered, 396 unregistered
[264.619s][info][gc,metaspace] GC(155) Metaspace: 9M used, 10M committed, 1088M reserved
[264.619s][info][gc,ref      ] GC(155) Soft: 214 encountered, 0 discovered, 0 enqueued
[264.619s][info][gc,ref      ] GC(155) Weak: 814 encountered, 13 discovered, 0 enqueued
[264.619s][info][gc,ref      ] GC(155) Final: 0 encountered, 0 discovered, 0 enqueued
[264.619s][info][gc,ref      ] GC(155) Phantom: 27 encountered, 14 discovered, 0 enqueued
[264.619s][info][gc,reloc    ] GC(155) Small Pages: 102 / 204M, Empty: 172M, Relocated: 4M, In-Place: 0
[264.619s][info][gc,reloc    ] GC(155) Medium Pages: 0 / 0M, Empty: 0M, Relocated: 0M, In-Place: 0
[264.619s][info][gc,reloc    ] GC(155) Large Pages: 0 / 0M, Empty: 0M, Relocated: 0M, In-Place: 0
[264.619s][info][gc,reloc    ] GC(155) Forwarding Usage: 1M
[264.619s][info][gc,heap     ] GC(155) Min Capacity: 8M(0%)
[264.619s][info][gc,heap     ] GC(155) Max Capacity: 4096M(100%)
[264.619s][info][gc,heap     ] GC(155) Soft Max Capacity: 4096M(100%)
[264.619s][info][gc,heap     ] GC(155)                Mark Start          Mark End        Relocate Start      Relocate End           High               Low         
[264.619s][info][gc,heap     ] GC(155)  Capacity:     2048M (50%)        2048M (50%)        2048M (50%)        2048M (50%)        2048M (50%)        2048M (50%)    
[264.619s][info][gc,heap     ] GC(155)      Free:     3892M (95%)        3892M (95%)        4064M (99%)        4072M (99%)        4072M (99%)        3892M (95%)    
[264.619s][info][gc,heap     ] GC(155)      Used:      204M (5%)          204M (5%)           32M (1%)           24M (1%)          204M (5%)           24M (1%)     
[264.619s][info][gc,heap     ] GC(155)      Live:         -                 4M (0%)            4M (0%)            4M (0%)             -                  -          
[264.619s][info][gc,heap     ] GC(155) Allocated:         -                 0M (0%)            0M (0%)            0M (0%)             -                  -          
[264.619s][info][gc,heap     ] GC(155)   Garbage:         -               199M (5%)           27M (1%)           19M (0%)             -                  -          
[264.619s][info][gc,heap     ] GC(155) Reclaimed:         -                  -               172M (4%)          180M (4%)             -                  -          
[264.619s][info][gc          ] GC(155) Garbage Collection (System.gc()) 204M(5%)->24M(1%)
[266.359s][info][gc,start    ] GC(156) Garbage Collection (Proactive)
[266.359s][info][gc,task     ] GC(156) Using 12 workers
[266.360s][info][gc,phases   ] GC(156) Pause Mark Start 0.018ms
[266.375s][info][gc,phases   ] GC(156) Concurrent Mark 15.081ms
[266.375s][info][gc,phases   ] GC(156) Pause Mark End 0.025ms
[266.375s][info][gc,phases   ] GC(156) Concurrent Mark Free 0.001ms
[266.376s][info][gc,phases   ] GC(156) Concurrent Process Non-Strong References 1.030ms
[266.376s][info][gc,phases   ] GC(156) Concurrent Reset Relocation Set 0.002ms
[266.383s][info][gc,phases   ] GC(156) Concurrent Select Relocation Set 6.875ms
[266.383s][info][gc,phases   ] GC(156) Pause Relocate Start 0.009ms
[266.387s][info][gc,phases   ] GC(156) Concurrent Relocate 3.531ms
[266.387s][info][gc,load     ] GC(156) Load: 0.00/0.00/0.00
[266.387s][info][gc,mmu      ] GC(156) MMU: 2ms/98.4%, 5ms/99.4%, 10ms/99.6%, 20ms/99.7%, 50ms/99.8%, 100ms/99.9%
[266.387s][info][gc,marking  ] GC(156) Mark: 8 stripe(s), 2 proactive flush(es), 1 terminate flush(es), 0 completion(s), 0 continuation(s) 
[266.387s][info][gc,marking  ] GC(156) Mark Stack Usage: 32M
[266.387s][info][gc,nmethod  ] GC(156) NMethods: 2014 registered, 396 unregistered
[266.387s][info][gc,metaspace] GC(156) Metaspace: 9M used, 10M committed, 1088M reserved
[266.387s][info][gc,ref      ] GC(156) Soft: 214 encountered, 0 discovered, 0 enqueued
[266.387s][info][gc,ref      ] GC(156) Weak: 814 encountered, 17 discovered, 0 enqueued
[266.387s][info][gc,ref      ] GC(156) Final: 0 encountered, 0 discovered, 0 enqueued
[266.387s][info][gc,ref      ] GC(156) Phantom: 27 encountered, 17 discovered, 0 enqueued
[266.387s][info][gc,reloc    ] GC(156) Small Pages: 298 / 596M, Empty: 370M, Relocated: 5M, In-Place: 0
[266.387s][info][gc,reloc    ] GC(156) Medium Pages: 0 / 0M, Empty: 0M, Relocated: 0M, In-Place: 0
[266.387s][info][gc,reloc    ] GC(156) Large Pages: 0 / 0M, Empty: 0M, Relocated: 0M, In-Place: 0
[266.387s][info][gc,reloc    ] GC(156) Forwarding Usage: 1M
[266.387s][info][gc,heap     ] GC(156) Min Capacity: 8M(0%)
[266.387s][info][gc,heap     ] GC(156) Max Capacity: 4096M(100%)
[266.387s][info][gc,heap     ] GC(156) Soft Max Capacity: 4096M(100%)
[266.387s][info][gc,heap     ] GC(156)                Mark Start          Mark End        Relocate Start      Relocate End           High               Low         
[266.388s][info][gc,heap     ] GC(156)  Capacity:     2048M (50%)        2048M (50%)        2048M (50%)        2048M (50%)        2048M (50%)        2048M (50%)    
[266.388s][info][gc,heap     ] GC(156)      Free:     3500M (85%)        3480M (85%)        3848M (94%)        4048M (99%)        4048M (99%)        3480M (85%)    
[266.388s][info][gc,heap     ] GC(156)      Used:      596M (15%)         616M (15%)         248M (6%)           48M (1%)          616M (15%)          48M (1%)     
[266.388s][info][gc,heap     ] GC(156)      Live:         -                 6M (0%)            6M (0%)            6M (0%)             -                  -          
[266.388s][info][gc,heap     ] GC(156) Allocated:         -                20M (0%)           22M (1%)           21M (1%)             -                  -          
[266.388s][info][gc,heap     ] GC(156)   Garbage:         -               589M (14%)         219M (5%)           19M (0%)             -                  -          
[266.388s][info][gc,heap     ] GC(156) Reclaimed:         -                  -               370M (9%)          569M (14%)            -                  -          
[266.388s][info][gc          ] GC(156) Garbage Collection (Proactive) 596M(15%)->48M(1%)
[268.062s][info][gc,start    ] GC(157) Garbage Collection (Proactive)
[268.062s][info][gc,task     ] GC(157) Using 12 workers
[268.062s][info][gc,phases   ] GC(157) Pause Mark Start 0.018ms
[268.077s][info][gc,phases   ] GC(157) Concurrent Mark 15.158ms
[268.078s][info][gc,phases   ] GC(157) Pause Mark End 0.026ms
[268.078s][info][gc,phases   ] GC(157) Concurrent Mark Free 0.001ms
[268.079s][info][gc,phases   ] GC(157) Concurrent Process Non-Strong References 1.073ms
[268.079s][info][gc,phases   ] GC(157) Concurrent Reset Relocation Set 0.017ms
[268.086s][info][gc,phases   ] GC(157) Concurrent Select Relocation Set 7.253ms
[268.086s][info][gc,phases   ] GC(157) Pause Relocate Start 0.010ms
[268.090s][info][gc,phases   ] GC(157) Concurrent Relocate 3.469ms
[268.090s][info][gc,load     ] GC(157) Load: 0.00/0.00/0.00
[268.090s][info][gc,mmu      ] GC(157) MMU: 2ms/98.4%, 5ms/99.4%, 10ms/99.6%, 20ms/99.7%, 50ms/99.8%, 100ms/99.9%
[268.090s][info][gc,marking  ] GC(157) Mark: 8 stripe(s), 2 proactive flush(es), 1 terminate flush(es), 0 completion(s), 0 continuation(s) 
[268.090s][info][gc,marking  ] GC(157) Mark Stack Usage: 32M
[268.090s][info][gc,nmethod  ] GC(157) NMethods: 2014 registered, 396 unregistered
[268.090s][info][gc,metaspace] GC(157) Metaspace: 9M used, 10M committed, 1088M reserved
[268.090s][info][gc,ref      ] GC(157) Soft: 214 encountered, 0 discovered, 0 enqueued
[268.090s][info][gc,ref      ] GC(157) Weak: 814 encountered, 16 discovered, 0 enqueued
[268.090s][info][gc,ref      ] GC(157) Final: 0 encountered, 0 discovered, 0 enqueued
[268.090s][info][gc,ref      ] GC(157) Phantom: 27 encountered, 12 discovered, 0 enqueued
[268.090s][info][gc,reloc    ] GC(157) Small Pages: 297 / 594M, Empty: 472M, Relocated: 5M, In-Place: 0
[268.090s][info][gc,reloc    ] GC(157) Medium Pages: 0 / 0M, Empty: 0M, Relocated: 0M, In-Place: 0
[268.090s][info][gc,reloc    ] GC(157) Large Pages: 0 / 0M, Empty: 0M, Relocated: 0M, In-Place: 0
[268.091s][info][gc,reloc    ] GC(157) Forwarding Usage: 2M
[268.091s][info][gc,heap     ] GC(157) Min Capacity: 8M(0%)
[268.091s][info][gc,heap     ] GC(157) Max Capacity: 4096M(100%)
[268.091s][info][gc,heap     ] GC(157) Soft Max Capacity: 4096M(100%)
[268.091s][info][gc,heap     ] GC(157)                Mark Start          Mark End        Relocate Start      Relocate End           High               Low         
[268.091s][info][gc,heap     ] GC(157)  Capacity:     2048M (50%)        2048M (50%)        2048M (50%)        2048M (50%)        2048M (50%)        2048M (50%)    
[268.091s][info][gc,heap     ] GC(157)      Free:     3502M (85%)        3480M (85%)        3950M (96%)        4046M (99%)        4046M (99%)        3480M (85%)    
[268.091s][info][gc,heap     ] GC(157)      Used:      594M (15%)         616M (15%)         146M (4%)           50M (1%)          616M (15%)          50M (1%)     
[268.091s][info][gc,heap     ] GC(157)      Live:         -                 6M (0%)            6M (0%)            6M (0%)             -                  -          
[268.091s][info][gc,heap     ] GC(157) Allocated:         -                22M (1%)           24M (1%)           23M (1%)             -                  -          
[268.091s][info][gc,heap     ] GC(157)   Garbage:         -               587M (14%)         115M (3%)           19M (0%)             -                  -          
[268.091s][info][gc,heap     ] GC(157) Reclaimed:         -                  -               472M (12%)         567M (14%)            -                  -          
[268.091s][info][gc          ] GC(157) Garbage Collection (Proactive) 594M(15%)->50M(1%)
[269.749s][info][gc,start    ] GC(158) Garbage Collection (Proactive)
[269.749s][info][gc,task     ] GC(158) Using 12 workers
[269.749s][info][gc,phases   ] GC(158) Pause Mark Start 0.018ms
[269.765s][info][gc,phases   ] GC(158) Concurrent Mark 15.156ms
[269.765s][info][gc,phases   ] GC(158) Pause Mark End 0.026ms
[269.765s][info][gc,phases   ] GC(158) Concurrent Mark Free 0.001ms
[269.766s][info][gc,phases   ] GC(158) Concurrent Process Non-Strong References 1.037ms
[269.766s][info][gc,phases   ] GC(158) Concurrent Reset Relocation Set 0.010ms
[269.770s][info][gc,phases   ] GC(158) Concurrent Select Relocation Set 3.827ms
[269.770s][info][gc,phases   ] GC(158) Pause Relocate Start 0.009ms
[269.773s][info][gc,phases   ] GC(158) Concurrent Relocate 3.070ms
[269.773s][info][gc,load     ] GC(158) Load: 0.00/0.00/0.00
[269.773s][info][gc,mmu      ] GC(158) MMU: 2ms/98.4%, 5ms/99.4%, 10ms/99.6%, 20ms/99.7%, 50ms/99.8%, 100ms/99.9%
[269.773s][info][gc,marking  ] GC(158) Mark: 8 stripe(s), 2 proactive flush(es), 1 terminate flush(es), 0 completion(s), 0 continuation(s) 
[269.773s][info][gc,marking  ] GC(158) Mark Stack Usage: 32M
[269.773s][info][gc,nmethod  ] GC(158) NMethods: 2014 registered, 396 unregistered
[269.773s][info][gc,metaspace] GC(158) Metaspace: 9M used, 10M committed, 1088M reserved
[269.773s][info][gc,ref      ] GC(158) Soft: 214 encountered, 0 discovered, 0 enqueued
[269.774s][info][gc,ref      ] GC(158) Weak: 814 encountered, 135 discovered, 0 enqueued
[269.774s][info][gc,ref      ] GC(158) Final: 0 encountered, 0 discovered, 0 enqueued
[269.774s][info][gc,ref      ] GC(158) Phantom: 27 encountered, 14 discovered, 0 enqueued
[269.774s][info][gc,reloc    ] GC(158) Small Pages: 295 / 590M, Empty: 444M, Relocated: 5M, In-Place: 0
[269.774s][info][gc,reloc    ] GC(158) Medium Pages: 0 / 0M, Empty: 0M, Relocated: 0M, In-Place: 0
[269.774s][info][gc,reloc    ] GC(158) Large Pages: 0 / 0M, Empty: 0M, Relocated: 0M, In-Place: 0
[269.774s][info][gc,reloc    ] GC(158) Forwarding Usage: 2M
[269.774s][info][gc,heap     ] GC(158) Min Capacity: 8M(0%)
[269.774s][info][gc,heap     ] GC(158) Max Capacity: 4096M(100%)
[269.774s][info][gc,heap     ] GC(158) Soft Max Capacity: 4096M(100%)
[269.774s][info][gc,heap     ] GC(158)                Mark Start          Mark End        Relocate Start      Relocate End           High               Low         
[269.774s][info][gc,heap     ] GC(158)  Capacity:     2048M (50%)        2048M (50%)        2048M (50%)        2048M (50%)        2048M (50%)        2048M (50%)    
[269.774s][info][gc,heap     ] GC(158)      Free:     3506M (86%)        3488M (85%)        3930M (96%)        4050M (99%)        4050M (99%)        3488M (85%)    
[269.774s][info][gc,heap     ] GC(158)      Used:      590M (14%)         608M (15%)         166M (4%)           46M (1%)          608M (15%)          46M (1%)     
[269.774s][info][gc,heap     ] GC(158)      Live:         -                 6M (0%)            6M (0%)            6M (0%)             -                  -          
[269.774s][info][gc,heap     ] GC(158) Allocated:         -                18M (0%)           20M (0%)           19M (0%)             -                  -          
[269.774s][info][gc,heap     ] GC(158)   Garbage:         -               583M (14%)         139M (3%)           19M (0%)             -                  -          
[269.774s][info][gc,heap     ] GC(158) Reclaimed:         -                  -               444M (11%)         563M (14%)            -                  -          
[269.774s][info][gc          ] GC(158) Garbage Collection (Proactive) 590M(14%)->46M(1%)
[270.163s][info][gc,stats    ] === Garbage Collection Statistics =======================================================================================================================
[270.163s][info][gc,stats    ]                                                              Last 10s              Last 10m              Last 10h                Total
[270.163s][info][gc,stats    ]                                                              Avg / Max             Avg / Max             Avg / Max             Avg / Max
[270.163s][info][gc,stats    ]   Collector: Garbage Collection Cycle                     26.431 / 29.419       26.918 / 83.902       26.918 / 83.902       26.918 / 83.902      ms
[270.164s][info][gc,stats    ]  Contention: Mark Segment Reset Contention                     1 / 6                 1 / 12                1 / 12                1 / 12          ops/s
[270.164s][info][gc,stats    ]  Contention: Mark SeqNum Reset Contention                      0 / 1                 0 / 3                 0 / 3                 0 / 3           ops/s
[270.164s][info][gc,stats    ]    Critical: Allocation Stall                                  0 / 0                 0 / 0                 0 / 0                 0 / 0           ops/s
[270.164s][info][gc,stats    ]    Critical: Allocation Stall                              0.000 / 0.000         0.000 / 0.000         0.000 / 0.000         0.000 / 0.000       ms
[270.164s][info][gc,stats    ]    Critical: GC Locker Stall                                   0 / 0                 0 / 0                 0 / 0                 0 / 0           ops/s
[270.164s][info][gc,stats    ]    Critical: GC Locker Stall                               0.000 / 0.000         0.000 / 0.000         0.000 / 0.000         0.000 / 0.000       ms
[270.164s][info][gc,stats    ]    Critical: Relocation Stall                                  0 / 0                 0 / 0                 0 / 0                 0 / 0           ops/s
[270.164s][info][gc,stats    ]    Critical: Relocation Stall                              0.000 / 0.000         0.000 / 0.000         0.000 / 0.000         0.000 / 0.000       ms
[270.164s][info][gc,stats    ]      Memory: Allocation Rate                                 332 / 340             322 / 356             322 / 356             322 / 356         MB/s
[270.164s][info][gc,stats    ]      Memory: Defragment                                        0 / 0                 0 / 0                 0 / 0                 0 / 0           ops/s
[270.164s][info][gc,stats    ]      Memory: Out Of Memory                                     0 / 0                 0 / 0                 0 / 0                 0 / 0           ops/s
[270.164s][info][gc,stats    ]      Memory: Page Cache Flush                                  0 / 0                 0 / 0                 0 / 0                 0 / 0           MB/s
[270.164s][info][gc,stats    ]      Memory: Page Cache Hit L1                               174 / 182             164 / 195             164 / 195             164 / 195         ops/s
[270.164s][info][gc,stats    ]      Memory: Page Cache Hit L2                                 0 / 0                 0 / 0                 0 / 0                 0 / 0           ops/s
[270.164s][info][gc,stats    ]      Memory: Page Cache Hit L3                                 0 / 0                 3 / 141               3 / 141               3 / 141         ops/s
[270.164s][info][gc,stats    ]      Memory: Page Cache Miss                                   0 / 0                 0 / 1                 0 / 1                 0 / 1           ops/s
[270.164s][info][gc,stats    ]      Memory: Uncommit                                          0 / 0                 0 / 0                 0 / 0                 0 / 0           MB/s
[270.164s][info][gc,stats    ]      Memory: Undo Object Allocation Failed                     0 / 0                 0 / 0                 0 / 0                 0 / 0           ops/s
[270.164s][info][gc,stats    ]      Memory: Undo Object Allocation Succeeded                  0 / 1                 0 / 5                 0 / 5                 0 / 5           ops/s
[270.164s][info][gc,stats    ]      Memory: Undo Page Allocation                              0 / 0                 0 / 0                 0 / 0                 0 / 0           ops/s
[270.164s][info][gc,stats    ]       Phase: Concurrent Mark                              14.913 / 15.229       14.893 / 24.159       14.893 / 24.159       14.893 / 24.159      ms
[270.164s][info][gc,stats    ]       Phase: Concurrent Mark Continue                      0.000 / 0.000         0.000 / 0.000         0.000 / 0.000         0.000 / 0.000       ms
[270.164s][info][gc,stats    ]       Phase: Concurrent Mark Free                          0.001 / 0.002         0.001 / 0.002         0.001 / 0.002         0.001 / 0.002       ms
[270.164s][info][gc,stats    ]       Phase: Concurrent Process Non-Strong References      1.050 / 1.115         1.050 / 5.230         1.050 / 5.230         1.050 / 5.230       ms
[270.164s][info][gc,stats    ]       Phase: Concurrent Relocate                           3.561 / 4.805         3.393 / 5.038         3.393 / 5.038         3.393 / 5.038       ms
[270.164s][info][gc,stats    ]       Phase: Concurrent Reset Relocation Set               0.011 / 0.018         0.011 / 0.023         0.011 / 0.023         0.011 / 0.023       ms
[270.164s][info][gc,stats    ]       Phase: Concurrent Select Relocation Set              5.585 / 7.253         5.313 / 15.356        5.313 / 15.356        5.313 / 15.356      ms
[270.164s][info][gc,stats    ]       Phase: Pause Mark End                                0.026 / 0.028         0.025 / 0.032         0.025 / 0.032         0.025 / 0.032       ms
[270.164s][info][gc,stats    ]       Phase: Pause Mark Start                              0.018 / 0.020         0.018 / 0.021         0.018 / 0.021         0.018 / 0.021       ms
[270.165s][info][gc,stats    ]       Phase: Pause Relocate Start                          0.009 / 0.012         0.009 / 0.028         0.009 / 0.028         0.009 / 0.028       ms
[270.165s][info][gc,stats    ]    Subphase: Concurrent Classes Purge                      0.007 / 0.019         0.021 / 0.876         0.021 / 0.876         0.021 / 0.876       ms
[270.165s][info][gc,stats    ]    Subphase: Concurrent Classes Unlink                     0.735 / 0.770         0.718 / 4.065         0.718 / 4.065         0.718 / 4.065       ms
[270.165s][info][gc,stats    ]    Subphase: Concurrent Mark                              13.126 / 14.143       13.054 / 23.147       13.054 / 23.147       13.054 / 23.147      ms
[270.165s][info][gc,stats    ]    Subphase: Concurrent Mark Try Flush                     0.083 / 0.114         0.074 / 0.223         0.074 / 0.223         0.074 / 0.223       ms
[270.165s][info][gc,stats    ]    Subphase: Concurrent Mark Try Terminate                 8.433 / 11.749        8.181 / 16.572        8.181 / 16.572        8.181 / 16.572      ms
[270.165s][info][gc,stats    ]    Subphase: Concurrent References Enqueue                 0.000 / 0.001         0.001 / 0.004         0.001 / 0.004         0.001 / 0.004       ms
[270.165s][info][gc,stats    ]    Subphase: Concurrent References Process                 0.040 / 0.048         0.043 / 0.089         0.043 / 0.089         0.043 / 0.089       ms
[270.165s][info][gc,stats    ]    Subphase: Concurrent Roots ClassLoaderDataGraph         0.085 / 0.711         0.086 / 0.933         0.086 / 0.933         0.086 / 0.933       ms
[270.165s][info][gc,stats    ]    Subphase: Concurrent Roots CodeCache                    0.000 / 0.000         0.000 / 0.000         0.000 / 0.000         0.000 / 0.000       ms
[270.165s][info][gc,stats    ]    Subphase: Concurrent Roots JavaThreads                  0.585 / 1.076         0.533 / 1.189         0.533 / 1.189         0.533 / 1.189       ms
[270.165s][info][gc,stats    ]    Subphase: Concurrent Roots OopStorageSet                0.016 / 0.056         0.018 / 0.190         0.018 / 0.190         0.018 / 0.190       ms
[270.165s][info][gc,stats    ]    Subphase: Concurrent Weak Roots OopStorageSet           0.138 / 0.174         0.142 / 0.186         0.142 / 0.186         0.142 / 0.186       ms
[270.165s][info][gc,stats    ]    Subphase: Pause Mark Try Complete                       0.000 / 0.000         0.000 / 0.000         0.000 / 0.000         0.000 / 0.000       ms
[270.165s][info][gc,stats    ]      System: Java Threads                                     39 / 39               35 / 41               35 / 41               35 / 41          threads
[270.165s][info][gc,stats    ] =========================================================================================================================================================
[271.348s][info][gc,start    ] GC(159) Garbage Collection (Proactive)
[271.348s][info][gc,task     ] GC(159) Using 12 workers
[271.348s][info][gc,phases   ] GC(159) Pause Mark Start 0.020ms
[271.364s][info][gc,phases   ] GC(159) Concurrent Mark 15.147ms
[271.364s][info][gc,phases   ] GC(159) Pause Mark End 0.025ms
[271.364s][info][gc,phases   ] GC(159) Concurrent Mark Free 0.001ms
[271.365s][info][gc,phases   ] GC(159) Concurrent Process Non-Strong References 1.036ms
[271.365s][info][gc,phases   ] GC(159) Concurrent Reset Relocation Set 0.011ms
[271.369s][info][gc,phases   ] GC(159) Concurrent Select Relocation Set 3.953ms
[271.369s][info][gc,phases   ] GC(159) Pause Relocate Start 0.008ms
[271.372s][info][gc,phases   ] GC(159) Concurrent Relocate 2.228ms
[271.372s][info][gc,load     ] GC(159) Load: 0.00/0.00/0.00
[271.372s][info][gc,mmu      ] GC(159) MMU: 2ms/98.4%, 5ms/99.4%, 10ms/99.6%, 20ms/99.7%, 50ms/99.8%, 100ms/99.9%
[271.372s][info][gc,marking  ] GC(159) Mark: 8 stripe(s), 4 proactive flush(es), 1 terminate flush(es), 0 completion(s), 0 continuation(s) 
[271.372s][info][gc,marking  ] GC(159) Mark Stack Usage: 32M
[271.372s][info][gc,nmethod  ] GC(159) NMethods: 2015 registered, 396 unregistered
[271.372s][info][gc,metaspace] GC(159) Metaspace: 9M used, 10M committed, 1088M reserved
[271.372s][info][gc,ref      ] GC(159) Soft: 214 encountered, 0 discovered, 0 enqueued
[271.372s][info][gc,ref      ] GC(159) Weak: 814 encountered, 128 discovered, 0 enqueued
[271.372s][info][gc,ref      ] GC(159) Final: 0 encountered, 0 discovered, 0 enqueued
[271.372s][info][gc,ref      ] GC(159) Phantom: 27 encountered, 21 discovered, 0 enqueued
[271.372s][info][gc,reloc    ] GC(159) Small Pages: 276 / 552M, Empty: 434M, Relocated: 3M, In-Place: 0
[271.372s][info][gc,reloc    ] GC(159) Medium Pages: 0 / 0M, Empty: 0M, Relocated: 0M, In-Place: 0
[271.372s][info][gc,reloc    ] GC(159) Large Pages: 0 / 0M, Empty: 0M, Relocated: 0M, In-Place: 0
[271.372s][info][gc,reloc    ] GC(159) Forwarding Usage: 1M
[271.372s][info][gc,heap     ] GC(159) Min Capacity: 8M(0%)
[271.372s][info][gc,heap     ] GC(159) Max Capacity: 4096M(100%)
[271.372s][info][gc,heap     ] GC(159) Soft Max Capacity: 4096M(100%)
[271.372s][info][gc,heap     ] GC(159)                Mark Start          Mark End        Relocate Start      Relocate End           High               Low         
[271.372s][info][gc,heap     ] GC(159)  Capacity:     2048M (50%)        2048M (50%)        2048M (50%)        2048M (50%)        2048M (50%)        2048M (50%)    
[271.372s][info][gc,heap     ] GC(159)      Free:     3544M (87%)        3528M (86%)        3962M (97%)        4052M (99%)        4052M (99%)        3528M (86%)    
[271.372s][info][gc,heap     ] GC(159)      Used:      552M (13%)         568M (14%)         134M (3%)           44M (1%)          568M (14%)          44M (1%)     
[271.372s][info][gc,heap     ] GC(159)      Live:         -                 5M (0%)            5M (0%)            5M (0%)             -                  -          
[271.372s][info][gc,heap     ] GC(159) Allocated:         -                16M (0%)           16M (0%)           16M (0%)             -                  -          
[271.373s][info][gc,heap     ] GC(159)   Garbage:         -               546M (13%)         112M (3%)           22M (1%)             -                  -          
[271.373s][info][gc,heap     ] GC(159) Reclaimed:         -                  -               434M (11%)         524M (13%)            -                  -          
[271.373s][info][gc          ] GC(159) Garbage Collection (Proactive) 552M(13%)->44M(1%)
[271.373s][info][gc,start    ] GC(160) Garbage Collection (System.gc())
[271.373s][info][gc,task     ] GC(160) Using 12 workers
[271.373s][info][gc,phases   ] GC(160) Pause Mark Start 0.009ms
[271.379s][info][gc,phases   ] GC(160) Concurrent Mark 6.540ms
[271.380s][info][gc,phases   ] GC(160) Pause Mark End 0.025ms
[271.380s][info][gc,phases   ] GC(160) Concurrent Mark Free 0.001ms
[271.381s][info][gc,phases   ] GC(160) Concurrent Process Non-Strong References 0.906ms
[271.381s][info][gc,phases   ] GC(160) Concurrent Reset Relocation Set 0.005ms
[271.387s][info][gc,phases   ] GC(160) Concurrent Select Relocation Set 5.963ms
[271.387s][info][gc,phases   ] GC(160) Pause Relocate Start 0.009ms
[271.390s][info][gc,phases   ] GC(160) Concurrent Relocate 3.441ms
[271.390s][info][gc,load     ] GC(160) Load: 0.00/0.00/0.00
[271.390s][info][gc,mmu      ] GC(160) MMU: 2ms/98.4%, 5ms/99.4%, 10ms/99.6%, 20ms/99.7%, 50ms/99.8%, 100ms/99.9%
[271.390s][info][gc,marking  ] GC(160) Mark: 8 stripe(s), 1 proactive flush(es), 1 terminate flush(es), 0 completion(s), 0 continuation(s) 
[271.390s][info][gc,marking  ] GC(160) Mark Stack Usage: 32M
[271.391s][info][gc,nmethod  ] GC(160) NMethods: 2014 registered, 397 unregistered
[271.391s][info][gc,metaspace] GC(160) Metaspace: 9M used, 10M committed, 1088M reserved
[271.391s][info][gc,ref      ] GC(160) Soft: 214 encountered, 0 discovered, 0 enqueued
[271.391s][info][gc,ref      ] GC(160) Weak: 814 encountered, 14 discovered, 0 enqueued
[271.391s][info][gc,ref      ] GC(160) Final: 0 encountered, 0 discovered, 0 enqueued
[271.391s][info][gc,ref      ] GC(160) Phantom: 27 encountered, 15 discovered, 0 enqueued
[271.391s][info][gc,reloc    ] GC(160) Small Pages: 22 / 44M, Empty: 24M, Relocated: 4M, In-Place: 0
[271.391s][info][gc,reloc    ] GC(160) Medium Pages: 0 / 0M, Empty: 0M, Relocated: 0M, In-Place: 0
[271.391s][info][gc,reloc    ] GC(160) Large Pages: 0 / 0M, Empty: 0M, Relocated: 0M, In-Place: 0
[271.391s][info][gc,reloc    ] GC(160) Forwarding Usage: 1M
[271.391s][info][gc,heap     ] GC(160) Min Capacity: 8M(0%)
[271.391s][info][gc,heap     ] GC(160) Max Capacity: 4096M(100%)
[271.391s][info][gc,heap     ] GC(160) Soft Max Capacity: 4096M(100%)
[271.391s][info][gc,heap     ] GC(160)                Mark Start          Mark End        Relocate Start      Relocate End           High               Low         
[271.391s][info][gc,heap     ] GC(160)  Capacity:     2048M (50%)        2048M (50%)        2048M (50%)        2048M (50%)        2048M (50%)        2048M (50%)    
[271.391s][info][gc,heap     ] GC(160)      Free:     4052M (99%)        4052M (99%)        4076M (100%)       4076M (100%)       4076M (100%)       4052M (99%)    
[271.391s][info][gc,heap     ] GC(160)      Used:       44M (1%)           44M (1%)           20M (0%)           20M (0%)           44M (1%)           20M (0%)     
[271.391s][info][gc,heap     ] GC(160)      Live:         -                 4M (0%)            4M (0%)            4M (0%)             -                  -          
[271.391s][info][gc,heap     ] GC(160) Allocated:         -                 0M (0%)            0M (0%)            0M (0%)             -                  -          
[271.391s][info][gc,heap     ] GC(160)   Garbage:         -                39M (1%)           15M (0%)           15M (0%)             -                  -          
[271.391s][info][gc,heap     ] GC(160) Reclaimed:         -                  -                24M (1%)           24M (1%)             -                  -          
[271.391s][info][gc          ] GC(160) Garbage Collection (System.gc()) 44M(1%)->20M(0%)
[273.050s][info][gc,start    ] GC(161) Garbage Collection (Proactive)
[273.050s][info][gc,task     ] GC(161) Using 12 workers
[273.050s][info][gc,phases   ] GC(161) Pause Mark Start 0.019ms
[273.066s][info][gc,phases   ] GC(161) Concurrent Mark 15.162ms
[273.066s][info][gc,phases   ] GC(161) Pause Mark End 0.026ms
[273.066s][info][gc,phases   ] GC(161) Concurrent Mark Free 0.001ms
[273.067s][info][gc,phases   ] GC(161) Concurrent Process Non-Strong References 1.063ms
[273.067s][info][gc,phases   ] GC(161) Concurrent Reset Relocation Set 0.002ms
[273.074s][info][gc,phases   ] GC(161) Concurrent Select Relocation Set 6.635ms
[273.074s][info][gc,phases   ] GC(161) Pause Relocate Start 0.011ms
[273.077s][info][gc,phases   ] GC(161) Concurrent Relocate 3.200ms
[273.077s][info][gc,load     ] GC(161) Load: 0.00/0.00/0.00
[273.077s][info][gc,mmu      ] GC(161) MMU: 2ms/98.4%, 5ms/99.4%, 10ms/99.6%, 20ms/99.7%, 50ms/99.8%, 100ms/99.9%
[273.077s][info][gc,marking  ] GC(161) Mark: 8 stripe(s), 2 proactive flush(es), 1 terminate flush(es), 0 completion(s), 0 continuation(s) 
[273.077s][info][gc,marking  ] GC(161) Mark Stack Usage: 32M
[273.077s][info][gc,nmethod  ] GC(161) NMethods: 2014 registered, 397 unregistered
[273.077s][info][gc,metaspace] GC(161) Metaspace: 9M used, 10M committed, 1088M reserved
[273.078s][info][gc,ref      ] GC(161) Soft: 214 encountered, 0 discovered, 0 enqueued
[273.078s][info][gc,ref      ] GC(161) Weak: 814 encountered, 85 discovered, 0 enqueued
[273.078s][info][gc,ref      ] GC(161) Final: 0 encountered, 0 discovered, 0 enqueued
[273.078s][info][gc,ref      ] GC(161) Phantom: 27 encountered, 16 discovered, 0 enqueued
[273.078s][info][gc,reloc    ] GC(161) Small Pages: 291 / 582M, Empty: 354M, Relocated: 5M, In-Place: 0
[273.078s][info][gc,reloc    ] GC(161) Medium Pages: 0 / 0M, Empty: 0M, Relocated: 0M, In-Place: 0
[273.078s][info][gc,reloc    ] GC(161) Large Pages: 0 / 0M, Empty: 0M, Relocated: 0M, In-Place: 0
[273.078s][info][gc,reloc    ] GC(161) Forwarding Usage: 1M
[273.078s][info][gc,heap     ] GC(161) Min Capacity: 8M(0%)
[273.078s][info][gc,heap     ] GC(161) Max Capacity: 4096M(100%)
[273.078s][info][gc,heap     ] GC(161) Soft Max Capacity: 4096M(100%)
[273.078s][info][gc,heap     ] GC(161)                Mark Start          Mark End        Relocate Start      Relocate End           High               Low         
[273.078s][info][gc,heap     ] GC(161)  Capacity:     2048M (50%)        2048M (50%)        2048M (50%)        2048M (50%)        2048M (50%)        2048M (50%)    
[273.078s][info][gc,heap     ] GC(161)      Free:     3514M (86%)        3490M (85%)        3842M (94%)        4042M (99%)        4042M (99%)        3490M (85%)    
[273.078s][info][gc,heap     ] GC(161)      Used:      582M (14%)         606M (15%)         254M (6%)           54M (1%)          606M (15%)          54M (1%)     
[273.078s][info][gc,heap     ] GC(161)      Live:         -                 6M (0%)            6M (0%)            6M (0%)             -                  -          
[273.078s][info][gc,heap     ] GC(161) Allocated:         -                24M (1%)           26M (1%)           27M (1%)             -                  -          
[273.078s][info][gc,heap     ] GC(161)   Garbage:         -               575M (14%)         221M (5%)           19M (0%)             -                  -          
[273.078s][info][gc,heap     ] GC(161) Reclaimed:         -                  -               354M (9%)          555M (14%)            -                  -          
[273.078s][info][gc          ] GC(161) Garbage Collection (Proactive) 582M(14%)->54M(1%)
[274.962s][info][gc,start    ] GC(162) Garbage Collection (Proactive)
[274.963s][info][gc,task     ] GC(162) Using 12 workers
[274.963s][info][gc,phases   ] GC(162) Pause Mark Start 0.020ms
[274.978s][info][gc,phases   ] GC(162) Concurrent Mark 15.140ms
[274.978s][info][gc,phases   ] GC(162) Pause Mark End 0.025ms
[274.978s][info][gc,phases   ] GC(162) Concurrent Mark Free 0.002ms
[274.979s][info][gc,phases   ] GC(162) Concurrent Process Non-Strong References 1.049ms
[274.980s][info][gc,phases   ] GC(162) Concurrent Reset Relocation Set 0.017ms
[274.983s][info][gc,phases   ] GC(162) Concurrent Select Relocation Set 3.813ms
[274.984s][info][gc,phases   ] GC(162) Pause Relocate Start 0.010ms
[274.987s][info][gc,phases   ] GC(162) Concurrent Relocate 3.281ms
[274.987s][info][gc,load     ] GC(162) Load: 0.00/0.00/0.00
[274.987s][info][gc,mmu      ] GC(162) MMU: 2ms/98.4%, 5ms/99.4%, 10ms/99.6%, 20ms/99.7%, 50ms/99.8%, 100ms/99.9%
[274.987s][info][gc,marking  ] GC(162) Mark: 8 stripe(s), 3 proactive flush(es), 1 terminate flush(es), 0 completion(s), 0 continuation(s) 
[274.987s][info][gc,marking  ] GC(162) Mark Stack Usage: 32M
[274.987s][info][gc,nmethod  ] GC(162) NMethods: 2014 registered, 397 unregistered
[274.987s][info][gc,metaspace] GC(162) Metaspace: 9M used, 10M committed, 1088M reserved
[274.987s][info][gc,ref      ] GC(162) Soft: 214 encountered, 0 discovered, 0 enqueued
[274.987s][info][gc,ref      ] GC(162) Weak: 814 encountered, 10 discovered, 0 enqueued
[274.987s][info][gc,ref      ] GC(162) Final: 0 encountered, 0 discovered, 0 enqueued
[274.987s][info][gc,ref      ] GC(162) Phantom: 27 encountered, 17 discovered, 0 enqueued
[274.987s][info][gc,reloc    ] GC(162) Small Pages: 329 / 658M, Empty: 484M, Relocated: 4M, In-Place: 0
[274.987s][info][gc,reloc    ] GC(162) Medium Pages: 0 / 0M, Empty: 0M, Relocated: 0M, In-Place: 0
[274.987s][info][gc,reloc    ] GC(162) Large Pages: 0 / 0M, Empty: 0M, Relocated: 0M, In-Place: 0
[274.987s][info][gc,reloc    ] GC(162) Forwarding Usage: 1M
[274.987s][info][gc,heap     ] GC(162) Min Capacity: 8M(0%)
[274.987s][info][gc,heap     ] GC(162) Max Capacity: 4096M(100%)
[274.987s][info][gc,heap     ] GC(162) Soft Max Capacity: 4096M(100%)
[274.988s][info][gc,heap     ] GC(162)                Mark Start          Mark End        Relocate Start      Relocate End           High               Low         
[274.988s][info][gc,heap     ] GC(162)  Capacity:     2048M (50%)        2048M (50%)        2048M (50%)        2048M (50%)        2048M (50%)        2048M (50%)    
[274.988s][info][gc,heap     ] GC(162)      Free:     3438M (84%)        3420M (83%)        3902M (95%)        4048M (99%)        4048M (99%)        3420M (83%)    
[274.988s][info][gc,heap     ] GC(162)      Used:      658M (16%)         676M (17%)         194M (5%)           48M (1%)          676M (17%)          48M (1%)     
[274.988s][info][gc,heap     ] GC(162)      Live:         -                 6M (0%)            6M (0%)            6M (0%)             -                  -          
[274.988s][info][gc,heap     ] GC(162) Allocated:         -                18M (0%)           20M (0%)           21M (1%)             -                  -          
[274.988s][info][gc,heap     ] GC(162)   Garbage:         -               651M (16%)         167M (4%)           19M (0%)             -                  -          
[274.988s][info][gc,heap     ] GC(162) Reclaimed:         -                  -               484M (12%)         631M (15%)            -                  -          
[274.988s][info][gc          ] GC(162) Garbage Collection (Proactive) 658M(16%)->48M(1%)
[276.750s][info][gc,start    ] GC(163) Garbage Collection (Proactive)
[276.750s][info][gc,task     ] GC(163) Using 12 workers
[276.750s][info][gc,phases   ] GC(163) Pause Mark Start 0.019ms
[276.766s][info][gc,phases   ] GC(163) Concurrent Mark 15.196ms
[276.766s][info][gc,phases   ] GC(163) Pause Mark End 0.027ms
[276.766s][info][gc,phases   ] GC(163) Concurrent Mark Free 0.001ms
[276.767s][info][gc,phases   ] GC(163) Concurrent Process Non-Strong References 1.055ms
[276.767s][info][gc,phases   ] GC(163) Concurrent Reset Relocation Set 0.015ms
[276.774s][info][gc,phases   ] GC(163) Concurrent Select Relocation Set 6.869ms
[276.774s][info][gc,phases   ] GC(163) Pause Relocate Start 0.011ms
[276.778s][info][gc,phases   ] GC(163) Concurrent Relocate 3.207ms
[276.778s][info][gc,load     ] GC(163) Load: 0.00/0.00/0.00
[276.778s][info][gc,mmu      ] GC(163) MMU: 2ms/98.4%, 5ms/99.4%, 10ms/99.6%, 20ms/99.7%, 50ms/99.8%, 100ms/99.9%
[276.778s][info][gc,marking  ] GC(163) Mark: 8 stripe(s), 2 proactive flush(es), 1 terminate flush(es), 0 completion(s), 0 continuation(s) 
[276.778s][info][gc,marking  ] GC(163) Mark Stack Usage: 32M
[276.778s][info][gc,nmethod  ] GC(163) NMethods: 2014 registered, 397 unregistered
[276.778s][info][gc,metaspace] GC(163) Metaspace: 9M used, 10M committed, 1088M reserved
[276.778s][info][gc,ref      ] GC(163) Soft: 214 encountered, 0 discovered, 0 enqueued
[276.778s][info][gc,ref      ] GC(163) Weak: 814 encountered, 25 discovered, 0 enqueued
[276.778s][info][gc,ref      ] GC(163) Final: 0 encountered, 0 discovered, 0 enqueued
[276.778s][info][gc,ref      ] GC(163) Phantom: 27 encountered, 21 discovered, 0 enqueued
[276.778s][info][gc,reloc    ] GC(163) Small Pages: 307 / 614M, Empty: 402M, Relocated: 5M, In-Place: 0
[276.778s][info][gc,reloc    ] GC(163) Medium Pages: 0 / 0M, Empty: 0M, Relocated: 0M, In-Place: 0
[276.778s][info][gc,reloc    ] GC(163) Large Pages: 0 / 0M, Empty: 0M, Relocated: 0M, In-Place: 0
[276.778s][info][gc,reloc    ] GC(163) Forwarding Usage: 1M
[276.778s][info][gc,heap     ] GC(163) Min Capacity: 8M(0%)
[276.778s][info][gc,heap     ] GC(163) Max Capacity: 4096M(100%)
[276.778s][info][gc,heap     ] GC(163) Soft Max Capacity: 4096M(100%)
[276.778s][info][gc,heap     ] GC(163)                Mark Start          Mark End        Relocate Start      Relocate End           High               Low         
[276.778s][info][gc,heap     ] GC(163)  Capacity:     2048M (50%)        2048M (50%)        2048M (50%)        2048M (50%)        2048M (50%)        2048M (50%)    
[276.778s][info][gc,heap     ] GC(163)      Free:     3482M (85%)        3462M (85%)        3864M (94%)        4048M (99%)        4048M (99%)        3462M (85%)    
[276.778s][info][gc,heap     ] GC(163)      Used:      614M (15%)         634M (15%)         232M (6%)           48M (1%)          634M (15%)          48M (1%)     
[276.778s][info][gc,heap     ] GC(163)      Live:         -                 6M (0%)            6M (0%)            6M (0%)             -                  -          
[276.778s][info][gc,heap     ] GC(163) Allocated:         -                20M (0%)           20M (0%)           21M (1%)             -                  -          
[276.778s][info][gc,heap     ] GC(163)   Garbage:         -               607M (15%)         205M (5%)           19M (0%)             -                  -          
[276.778s][info][gc,heap     ] GC(163) Reclaimed:         -                  -               402M (10%)         587M (14%)            -                  -          
[276.778s][info][gc          ] GC(163) Garbage Collection (Proactive) 614M(15%)->48M(1%)
[278.128s][info][gc,start    ] GC(164) Garbage Collection (System.gc())
[278.128s][info][gc,task     ] GC(164) Using 12 workers
[278.128s][info][gc,phases   ] GC(164) Pause Mark Start 0.018ms
[278.140s][info][gc,phases   ] GC(164) Concurrent Mark 11.968ms
[278.140s][info][gc,phases   ] GC(164) Pause Mark End 0.023ms
[278.141s][info][gc,phases   ] GC(164) Concurrent Mark Free 0.001ms
[278.142s][info][gc,phases   ] GC(164) Concurrent Process Non-Strong References 0.959ms
[278.142s][info][gc,phases   ] GC(164) Concurrent Reset Relocation Set 0.017ms
[278.145s][info][gc,phases   ] GC(164) Concurrent Select Relocation Set 3.710ms
[278.146s][info][gc,phases   ] GC(164) Pause Relocate Start 0.007ms
[278.149s][info][gc,phases   ] GC(164) Concurrent Relocate 3.425ms
[278.149s][info][gc,load     ] GC(164) Load: 0.00/0.00/0.00
[278.149s][info][gc,mmu      ] GC(164) MMU: 2ms/98.4%, 5ms/99.4%, 10ms/99.6%, 20ms/99.7%, 50ms/99.8%, 100ms/99.9%
[278.149s][info][gc,marking  ] GC(164) Mark: 8 stripe(s), 1 proactive flush(es), 1 terminate flush(es), 0 completion(s), 0 continuation(s) 
[278.149s][info][gc,marking  ] GC(164) Mark Stack Usage: 32M
[278.149s][info][gc,nmethod  ] GC(164) NMethods: 2014 registered, 397 unregistered
[278.149s][info][gc,metaspace] GC(164) Metaspace: 9M used, 10M committed, 1088M reserved
[278.149s][info][gc,ref      ] GC(164) Soft: 214 encountered, 0 discovered, 0 enqueued
[278.149s][info][gc,ref      ] GC(164) Weak: 814 encountered, 10 discovered, 0 enqueued
[278.149s][info][gc,ref      ] GC(164) Final: 0 encountered, 0 discovered, 0 enqueued
[278.149s][info][gc,ref      ] GC(164) Phantom: 27 encountered, 15 discovered, 0 enqueued
[278.149s][info][gc,reloc    ] GC(164) Small Pages: 241 / 482M, Empty: 452M, Relocated: 4M, In-Place: 0
[278.149s][info][gc,reloc    ] GC(164) Medium Pages: 0 / 0M, Empty: 0M, Relocated: 0M, In-Place: 0
[278.149s][info][gc,reloc    ] GC(164) Large Pages: 0 / 0M, Empty: 0M, Relocated: 0M, In-Place: 0
[278.149s][info][gc,reloc    ] GC(164) Forwarding Usage: 1M
[278.149s][info][gc,heap     ] GC(164) Min Capacity: 8M(0%)
[278.150s][info][gc,heap     ] GC(164) Max Capacity: 4096M(100%)
[278.150s][info][gc,heap     ] GC(164) Soft Max Capacity: 4096M(100%)
[278.150s][info][gc,heap     ] GC(164)                Mark Start          Mark End        Relocate Start      Relocate End           High               Low         
[278.150s][info][gc,heap     ] GC(164)  Capacity:     2048M (50%)        2048M (50%)        2048M (50%)        2048M (50%)        2048M (50%)        2048M (50%)    
[278.150s][info][gc,heap     ] GC(164)      Free:     3614M (88%)        3614M (88%)        4066M (99%)        4072M (99%)        4072M (99%)        3614M (88%)    
[278.150s][info][gc,heap     ] GC(164)      Used:      482M (12%)         482M (12%)          30M (1%)           24M (1%)          482M (12%)          24M (1%)     
[278.150s][info][gc,heap     ] GC(164)      Live:         -                 4M (0%)            4M (0%)            4M (0%)             -                  -          
[278.150s][info][gc,heap     ] GC(164) Allocated:         -                 0M (0%)            0M (0%)            0M (0%)             -                  -          
[278.150s][info][gc,heap     ] GC(164)   Garbage:         -               477M (12%)          25M (1%)           19M (0%)             -                  -          
[278.150s][info][gc,heap     ] GC(164) Reclaimed:         -                  -               452M (11%)         458M (11%)            -                  -          
[278.150s][info][gc          ] GC(164) Garbage Collection (System.gc()) 482M(12%)->24M(1%)
[279.756s][info][gc,start    ] GC(165) Garbage Collection (Proactive)
[279.756s][info][gc,task     ] GC(165) Using 12 workers
[279.756s][info][gc,phases   ] GC(165) Pause Mark Start 0.020ms
[279.771s][info][gc,phases   ] GC(165) Concurrent Mark 15.002ms
[279.772s][info][gc,phases   ] GC(165) Pause Mark End 0.028ms
[279.772s][info][gc,phases   ] GC(165) Concurrent Mark Free 0.001ms
[279.773s][info][gc,phases   ] GC(165) Concurrent Process Non-Strong References 1.066ms
[279.773s][info][gc,phases   ] GC(165) Concurrent Reset Relocation Set 0.002ms
[279.779s][info][gc,phases   ] GC(165) Concurrent Select Relocation Set 6.264ms
[279.779s][info][gc,phases   ] GC(165) Pause Relocate Start 0.010ms
[279.783s][info][gc,phases   ] GC(165) Concurrent Relocate 3.190ms
[279.783s][info][gc,load     ] GC(165) Load: 0.00/0.00/0.00
[279.783s][info][gc,mmu      ] GC(165) MMU: 2ms/98.4%, 5ms/99.4%, 10ms/99.6%, 20ms/99.7%, 50ms/99.8%, 100ms/99.9%
[279.783s][info][gc,marking  ] GC(165) Mark: 8 stripe(s), 2 proactive flush(es), 1 terminate flush(es), 0 completion(s), 0 continuation(s) 
[279.783s][info][gc,marking  ] GC(165) Mark Stack Usage: 32M
[279.783s][info][gc,nmethod  ] GC(165) NMethods: 2014 registered, 397 unregistered
[279.783s][info][gc,metaspace] GC(165) Metaspace: 9M used, 10M committed, 1088M reserved
[279.783s][info][gc,ref      ] GC(165) Soft: 214 encountered, 0 discovered, 0 enqueued
[279.783s][info][gc,ref      ] GC(165) Weak: 814 encountered, 20 discovered, 0 enqueued
[279.783s][info][gc,ref      ] GC(165) Final: 0 encountered, 0 discovered, 0 enqueued
[279.783s][info][gc,ref      ] GC(165) Phantom: 27 encountered, 13 discovered, 0 enqueued
[279.783s][info][gc,reloc    ] GC(165) Small Pages: 283 / 566M, Empty: 344M, Relocated: 4M, In-Place: 0
[279.783s][info][gc,reloc    ] GC(165) Medium Pages: 0 / 0M, Empty: 0M, Relocated: 0M, In-Place: 0
[279.783s][info][gc,reloc    ] GC(165) Large Pages: 0 / 0M, Empty: 0M, Relocated: 0M, In-Place: 0
[279.783s][info][gc,reloc    ] GC(165) Forwarding Usage: 1M
[279.783s][info][gc,heap     ] GC(165) Min Capacity: 8M(0%)
[279.783s][info][gc,heap     ] GC(165) Max Capacity: 4096M(100%)
[279.783s][info][gc,heap     ] GC(165) Soft Max Capacity: 4096M(100%)
[279.783s][info][gc,heap     ] GC(165)                Mark Start          Mark End        Relocate Start      Relocate End           High               Low         
[279.783s][info][gc,heap     ] GC(165)  Capacity:     2048M (50%)        2048M (50%)        2048M (50%)        2048M (50%)        2048M (50%)        2048M (50%)    
[279.783s][info][gc,heap     ] GC(165)      Free:     3530M (86%)        3512M (86%)        3856M (94%)        4046M (99%)        4046M (99%)        3512M (86%)    
[279.783s][info][gc,heap     ] GC(165)      Used:      566M (14%)         584M (14%)         240M (6%)           50M (1%)          584M (14%)          50M (1%)     
[279.783s][info][gc,heap     ] GC(165)      Live:         -                 6M (0%)            6M (0%)            6M (0%)             -                  -          
[279.783s][info][gc,heap     ] GC(165) Allocated:         -                18M (0%)           18M (0%)           23M (1%)             -                  -          
[279.783s][info][gc,heap     ] GC(165)   Garbage:         -               559M (14%)         215M (5%)           19M (0%)             -                  -          
[279.783s][info][gc,heap     ] GC(165) Reclaimed:         -                  -               344M (8%)          539M (13%)            -                  -          
[279.783s][info][gc          ] GC(165) Garbage Collection (Proactive) 566M(14%)->50M(1%)
[280.162s][info][gc,stats    ] === Garbage Collection Statistics =======================================================================================================================
[280.162s][info][gc,stats    ]                                                              Last 10s              Last 10m              Last 10h                Total
[280.162s][info][gc,stats    ]                                                              Avg / Max             Avg / Max             Avg / Max             Avg / Max
[280.162s][info][gc,stats    ]   Collector: Garbage Collection Cycle                     24.136 / 27.654       26.800 / 83.902       26.800 / 83.902       26.800 / 83.902      ms
[280.162s][info][gc,stats    ]  Contention: Mark Segment Reset Contention                     0 / 3                 1 / 12                1 / 12                1 / 12          ops/s
[280.162s][info][gc,stats    ]  Contention: Mark SeqNum Reset Contention                      0 / 2                 0 / 3                 0 / 3                 0 / 3           ops/s
[280.162s][info][gc,stats    ]    Critical: Allocation Stall                                  0 / 0                 0 / 0                 0 / 0                 0 / 0           ops/s
[280.162s][info][gc,stats    ]    Critical: Allocation Stall                              0.000 / 0.000         0.000 / 0.000         0.000 / 0.000         0.000 / 0.000       ms
[280.162s][info][gc,stats    ]    Critical: GC Locker Stall                                   0 / 0                 0 / 0                 0 / 0                 0 / 0           ops/s
[280.162s][info][gc,stats    ]    Critical: GC Locker Stall                               0.000 / 0.000         0.000 / 0.000         0.000 / 0.000         0.000 / 0.000       ms
[280.162s][info][gc,stats    ]    Critical: Relocation Stall                                  0 / 0                 0 / 0                 0 / 0                 0 / 0           ops/s
[280.162s][info][gc,stats    ]    Critical: Relocation Stall                              0.000 / 0.000         0.000 / 0.000         0.000 / 0.000         0.000 / 0.000       ms
[280.162s][info][gc,stats    ]      Memory: Allocation Rate                                 332 / 344             322 / 356             322 / 356             322 / 356         MB/s
[280.163s][info][gc,stats    ]      Memory: Defragment                                        0 / 0                 0 / 0                 0 / 0                 0 / 0           ops/s
[280.163s][info][gc,stats    ]      Memory: Out Of Memory                                     0 / 0                 0 / 0                 0 / 0                 0 / 0           ops/s
[280.163s][info][gc,stats    ]      Memory: Page Cache Flush                                  0 / 0                 0 / 0                 0 / 0                 0 / 0           MB/s
[280.163s][info][gc,stats    ]      Memory: Page Cache Hit L1                               174 / 191             164 / 195             164 / 195             164 / 195         ops/s
[280.163s][info][gc,stats    ]      Memory: Page Cache Hit L2                                 0 / 0                 0 / 0                 0 / 0                 0 / 0           ops/s
[280.163s][info][gc,stats    ]      Memory: Page Cache Hit L3                                 0 / 0                 3 / 141               3 / 141               3 / 141         ops/s
[280.163s][info][gc,stats    ]      Memory: Page Cache Miss                                   0 / 0                 0 / 1                 0 / 1                 0 / 1           ops/s
[280.163s][info][gc,stats    ]      Memory: Uncommit                                          0 / 0                 0 / 0                 0 / 0                 0 / 0           MB/s
[280.163s][info][gc,stats    ]      Memory: Undo Object Allocation Failed                     0 / 0                 0 / 0                 0 / 0                 0 / 0           ops/s
[280.163s][info][gc,stats    ]      Memory: Undo Object Allocation Succeeded                  0 / 0                 0 / 5                 0 / 5                 0 / 5           ops/s
[280.163s][info][gc,stats    ]      Memory: Undo Page Allocation                              0 / 0                 0 / 0                 0 / 0                 0 / 0           ops/s
[280.163s][info][gc,stats    ]       Phase: Concurrent Mark                              13.451 / 15.196       14.832 / 24.159       14.832 / 24.159       14.832 / 24.159      ms
[280.163s][info][gc,stats    ]       Phase: Concurrent Mark Continue                      0.000 / 0.000         0.000 / 0.000         0.000 / 0.000         0.000 / 0.000       ms
[280.163s][info][gc,stats    ]       Phase: Concurrent Mark Free                          0.001 / 0.002         0.001 / 0.002         0.001 / 0.002         0.001 / 0.002       ms
[280.163s][info][gc,stats    ]       Phase: Concurrent Process Non-Strong References      1.019 / 1.066         1.049 / 5.230         1.049 / 5.230         1.049 / 5.230       ms
[280.163s][info][gc,stats    ]       Phase: Concurrent Relocate                           3.139 / 3.441         3.382 / 5.038         3.382 / 5.038         3.382 / 5.038       ms
[280.163s][info][gc,stats    ]       Phase: Concurrent Reset Relocation Set               0.010 / 0.017         0.011 / 0.023         0.011 / 0.023         0.011 / 0.023       ms
[280.163s][info][gc,stats    ]       Phase: Concurrent Select Relocation Set              5.315 / 6.869         5.313 / 15.356        5.313 / 15.356        5.313 / 15.356      ms
[280.163s][info][gc,stats    ]       Phase: Pause Mark End                                0.025 / 0.028         0.025 / 0.032         0.025 / 0.032         0.025 / 0.032       ms
[280.163s][info][gc,stats    ]       Phase: Pause Mark Start                              0.018 / 0.020         0.018 / 0.021         0.018 / 0.021         0.018 / 0.021       ms
[280.163s][info][gc,stats    ]       Phase: Pause Relocate Start                          0.009 / 0.011         0.009 / 0.028         0.009 / 0.028         0.009 / 0.028       ms
[280.163s][info][gc,stats    ]    Subphase: Concurrent Classes Purge                      0.007 / 0.021         0.021 / 0.876         0.021 / 0.876         0.021 / 0.876       ms
[280.163s][info][gc,stats    ]    Subphase: Concurrent Classes Unlink                     0.697 / 0.737         0.717 / 4.065         0.717 / 4.065         0.717 / 4.065       ms
[280.163s][info][gc,stats    ]    Subphase: Concurrent Mark                              11.681 / 14.048       12.996 / 23.147       12.996 / 23.147       12.996 / 23.147      ms
[280.163s][info][gc,stats    ]    Subphase: Concurrent Mark Try Flush                     0.073 / 0.108         0.074 / 0.223         0.074 / 0.223         0.074 / 0.223       ms
[280.163s][info][gc,stats    ]    Subphase: Concurrent Mark Try Terminate                 7.301 / 11.607        8.144 / 16.572        8.144 / 16.572        8.144 / 16.572      ms
[280.163s][info][gc,stats    ]    Subphase: Concurrent References Enqueue                 0.000 / 0.001         0.001 / 0.004         0.001 / 0.004         0.001 / 0.004       ms
[280.163s][info][gc,stats    ]    Subphase: Concurrent References Process                 0.041 / 0.052         0.043 / 0.089         0.043 / 0.089         0.043 / 0.089       ms
[280.164s][info][gc,stats    ]    Subphase: Concurrent Roots ClassLoaderDataGraph         0.089 / 0.726         0.086 / 0.933         0.086 / 0.933         0.086 / 0.933       ms
[280.164s][info][gc,stats    ]    Subphase: Concurrent Roots CodeCache                    0.000 / 0.000         0.000 / 0.000         0.000 / 0.000         0.000 / 0.000       ms
[280.164s][info][gc,stats    ]    Subphase: Concurrent Roots JavaThreads                  0.585 / 1.093         0.536 / 1.189         0.536 / 1.189         0.536 / 1.189       ms
[280.164s][info][gc,stats    ]    Subphase: Concurrent Roots OopStorageSet                0.017 / 0.055         0.018 / 0.190         0.018 / 0.190         0.018 / 0.190       ms
[280.164s][info][gc,stats    ]    Subphase: Concurrent Weak Roots OopStorageSet           0.147 / 0.181         0.142 / 0.186         0.142 / 0.186         0.142 / 0.186       ms
[280.164s][info][gc,stats    ]    Subphase: Pause Mark Try Complete                       0.000 / 0.000         0.000 / 0.000         0.000 / 0.000         0.000 / 0.000       ms
[280.164s][info][gc,stats    ]      System: Java Threads                                     39 / 40               35 / 41               35 / 41               35 / 41          threads
[280.164s][info][gc,stats    ] =========================================================================================================================================================
[281.449s][info][gc,start    ] GC(166) Garbage Collection (Proactive)
[281.449s][info][gc,task     ] GC(166) Using 12 workers
[281.449s][info][gc,phases   ] GC(166) Pause Mark Start 0.019ms
[281.464s][info][gc,phases   ] GC(166) Concurrent Mark 15.159ms
[281.465s][info][gc,phases   ] GC(166) Pause Mark End 0.027ms
[281.465s][info][gc,phases   ] GC(166) Concurrent Mark Free 0.001ms
[281.466s][info][gc,phases   ] GC(166) Concurrent Process Non-Strong References 1.054ms
[281.466s][info][gc,phases   ] GC(166) Concurrent Reset Relocation Set 0.018ms
[281.470s][info][gc,phases   ] GC(166) Concurrent Select Relocation Set 3.911ms
[281.470s][info][gc,phases   ] GC(166) Pause Relocate Start 0.009ms
[281.473s][info][gc,phases   ] GC(166) Concurrent Relocate 3.063ms
[281.473s][info][gc,load     ] GC(166) Load: 0.00/0.00/0.00
[281.473s][info][gc,mmu      ] GC(166) MMU: 2ms/98.4%, 5ms/99.4%, 10ms/99.6%, 20ms/99.7%, 50ms/99.8%, 100ms/99.9%
[281.473s][info][gc,marking  ] GC(166) Mark: 8 stripe(s), 2 proactive flush(es), 1 terminate flush(es), 0 completion(s), 0 continuation(s) 
[281.473s][info][gc,marking  ] GC(166) Mark Stack Usage: 32M
[281.473s][info][gc,nmethod  ] GC(166) NMethods: 2014 registered, 397 unregistered
[281.473s][info][gc,metaspace] GC(166) Metaspace: 9M used, 10M committed, 1088M reserved
[281.473s][info][gc,ref      ] GC(166) Soft: 214 encountered, 0 discovered, 0 enqueued
[281.474s][info][gc,ref      ] GC(166) Weak: 814 encountered, 44 discovered, 0 enqueued
[281.474s][info][gc,ref      ] GC(166) Final: 0 encountered, 0 discovered, 0 enqueued
[281.474s][info][gc,ref      ] GC(166) Phantom: 27 encountered, 15 discovered, 0 enqueued
[281.474s][info][gc,reloc    ] GC(166) Small Pages: 296 / 592M, Empty: 438M, Relocated: 4M, In-Place: 0
[281.474s][info][gc,reloc    ] GC(166) Medium Pages: 0 / 0M, Empty: 0M, Relocated: 0M, In-Place: 0
[281.474s][info][gc,reloc    ] GC(166) Large Pages: 0 / 0M, Empty: 0M, Relocated: 0M, In-Place: 0
[281.474s][info][gc,reloc    ] GC(166) Forwarding Usage: 1M
[281.474s][info][gc,heap     ] GC(166) Min Capacity: 8M(0%)
[281.474s][info][gc,heap     ] GC(166) Max Capacity: 4096M(100%)
[281.474s][info][gc,heap     ] GC(166) Soft Max Capacity: 4096M(100%)
[281.474s][info][gc,heap     ] GC(166)                Mark Start          Mark End        Relocate Start      Relocate End           High               Low         
[281.474s][info][gc,heap     ] GC(166)  Capacity:     2048M (50%)        2048M (50%)        2048M (50%)        2048M (50%)        2048M (50%)        2048M (50%)    
[281.474s][info][gc,heap     ] GC(166)      Free:     3504M (86%)        3482M (85%)        3920M (96%)        4048M (99%)        4048M (99%)        3482M (85%)    
[281.474s][info][gc,heap     ] GC(166)      Used:      592M (14%)         614M (15%)         176M (4%)           48M (1%)          614M (15%)          48M (1%)     
[281.474s][info][gc,heap     ] GC(166)      Live:         -                 6M (0%)            6M (0%)            6M (0%)             -                  -          
[281.474s][info][gc,heap     ] GC(166) Allocated:         -                22M (1%)           22M (1%)           21M (1%)             -                  -          
[281.474s][info][gc,heap     ] GC(166)   Garbage:         -               585M (14%)         147M (4%)           19M (0%)             -                  -          
[281.474s][info][gc,heap     ] GC(166) Reclaimed:         -                  -               438M (11%)         565M (14%)            -                  -          
[281.474s][info][gc          ] GC(166) Garbage Collection (Proactive) 592M(14%)->48M(1%)
[282.963s][info][gc,start    ] GC(167) Garbage Collection (Proactive)
[282.963s][info][gc,task     ] GC(167) Using 12 workers
[282.963s][info][gc,phases   ] GC(167) Pause Mark Start 0.018ms
[282.978s][info][gc,phases   ] GC(167) Concurrent Mark 15.285ms
[282.979s][info][gc,phases   ] GC(167) Pause Mark End 0.026ms
[282.979s][info][gc,phases   ] GC(167) Concurrent Mark Free 0.001ms
[282.980s][info][gc,phases   ] GC(167) Concurrent Process Non-Strong References 0.954ms
[282.980s][info][gc,phases   ] GC(167) Concurrent Reset Relocation Set 0.009ms
[282.985s][info][gc,phases   ] GC(167) Concurrent Select Relocation Set 4.883ms
[282.985s][info][gc,phases   ] GC(167) Pause Relocate Start 0.009ms
[282.988s][info][gc,phases   ] GC(167) Concurrent Relocate 3.214ms
[282.988s][info][gc,load     ] GC(167) Load: 0.00/0.00/0.00
[282.988s][info][gc,mmu      ] GC(167) MMU: 2ms/98.4%, 5ms/99.4%, 10ms/99.6%, 20ms/99.7%, 50ms/99.8%, 100ms/99.9%
[282.988s][info][gc,marking  ] GC(167) Mark: 8 stripe(s), 2 proactive flush(es), 1 terminate flush(es), 0 completion(s), 0 continuation(s) 
[282.988s][info][gc,marking  ] GC(167) Mark Stack Usage: 32M
[282.988s][info][gc,nmethod  ] GC(167) NMethods: 2014 registered, 397 unregistered
[282.988s][info][gc,metaspace] GC(167) Metaspace: 9M used, 10M committed, 1088M reserved
[282.988s][info][gc,ref      ] GC(167) Soft: 214 encountered, 0 discovered, 0 enqueued
[282.988s][info][gc,ref      ] GC(167) Weak: 814 encountered, 34 discovered, 0 enqueued
[282.988s][info][gc,ref      ] GC(167) Final: 0 encountered, 0 discovered, 0 enqueued
[282.988s][info][gc,ref      ] GC(167) Phantom: 27 encountered, 22 discovered, 0 enqueued
[282.988s][info][gc,reloc    ] GC(167) Small Pages: 261 / 522M, Empty: 406M, Relocated: 4M, In-Place: 0
[282.988s][info][gc,reloc    ] GC(167) Medium Pages: 0 / 0M, Empty: 0M, Relocated: 0M, In-Place: 0
[282.988s][info][gc,reloc    ] GC(167) Large Pages: 0 / 0M, Empty: 0M, Relocated: 0M, In-Place: 0
[282.988s][info][gc,reloc    ] GC(167) Forwarding Usage: 1M
[282.988s][info][gc,heap     ] GC(167) Min Capacity: 8M(0%)
[282.988s][info][gc,heap     ] GC(167) Max Capacity: 4096M(100%)
[282.988s][info][gc,heap     ] GC(167) Soft Max Capacity: 4096M(100%)
[282.988s][info][gc,heap     ] GC(167)                Mark Start          Mark End        Relocate Start      Relocate End           High               Low         
[282.988s][info][gc,heap     ] GC(167)  Capacity:     2048M (50%)        2048M (50%)        2048M (50%)        2048M (50%)        2048M (50%)        2048M (50%)    
[282.988s][info][gc,heap     ] GC(167)      Free:     3574M (87%)        3554M (87%)        3956M (97%)        4042M (99%)        4042M (99%)        3554M (87%)    
[282.988s][info][gc,heap     ] GC(167)      Used:      522M (13%)         542M (13%)         140M (3%)           54M (1%)          542M (13%)          54M (1%)     
[282.988s][info][gc,heap     ] GC(167)      Live:         -                 6M (0%)            6M (0%)            6M (0%)             -                  -          
[282.988s][info][gc,heap     ] GC(167) Allocated:         -                20M (0%)           24M (1%)           27M (1%)             -                  -          
[282.988s][info][gc,heap     ] GC(167)   Garbage:         -               515M (13%)         109M (3%)           19M (0%)             -                  -          
[282.989s][info][gc,heap     ] GC(167) Reclaimed:         -                  -               406M (10%)         495M (12%)            -                  -          
[282.989s][info][gc          ] GC(167) Garbage Collection (Proactive) 522M(13%)->54M(1%)
[284.453s][info][gc,start    ] GC(168) Garbage Collection (Proactive)
[284.453s][info][gc,task     ] GC(168) Using 12 workers
[284.453s][info][gc,phases   ] GC(168) Pause Mark Start 0.019ms
[284.468s][info][gc,phases   ] GC(168) Concurrent Mark 15.095ms
[284.468s][info][gc,phases   ] GC(168) Pause Mark End 0.025ms
[284.469s][info][gc,phases   ] GC(168) Concurrent Mark Free 0.001ms
[284.470s][info][gc,phases   ] GC(168) Concurrent Process Non-Strong References 1.063ms
[284.470s][info][gc,phases   ] GC(168) Concurrent Reset Relocation Set 0.009ms
[284.476s][info][gc,phases   ] GC(168) Concurrent Select Relocation Set 6.677ms
[284.477s][info][gc,phases   ] GC(168) Pause Relocate Start 0.011ms
[284.480s][info][gc,phases   ] GC(168) Concurrent Relocate 3.422ms
[284.480s][info][gc,load     ] GC(168) Load: 0.00/0.00/0.00
[284.480s][info][gc,mmu      ] GC(168) MMU: 2ms/98.4%, 5ms/99.4%, 10ms/99.6%, 20ms/99.7%, 50ms/99.8%, 100ms/99.9%
[284.480s][info][gc,marking  ] GC(168) Mark: 8 stripe(s), 3 proactive flush(es), 2 terminate flush(es), 0 completion(s), 0 continuation(s) 
[284.480s][info][gc,marking  ] GC(168) Mark Stack Usage: 32M
[284.480s][info][gc,nmethod  ] GC(168) NMethods: 2014 registered, 397 unregistered
[284.480s][info][gc,metaspace] GC(168) Metaspace: 9M used, 10M committed, 1088M reserved
[284.480s][info][gc,ref      ] GC(168) Soft: 214 encountered, 0 discovered, 0 enqueued
[284.480s][info][gc,ref      ] GC(168) Weak: 814 encountered, 26 discovered, 0 enqueued
[284.480s][info][gc,ref      ] GC(168) Final: 0 encountered, 0 discovered, 0 enqueued
[284.480s][info][gc,ref      ] GC(168) Phantom: 27 encountered, 19 discovered, 0 enqueued
[284.481s][info][gc,reloc    ] GC(168) Small Pages: 257 / 514M, Empty: 418M, Relocated: 5M, In-Place: 0
[284.481s][info][gc,reloc    ] GC(168) Medium Pages: 0 / 0M, Empty: 0M, Relocated: 0M, In-Place: 0
[284.481s][info][gc,reloc    ] GC(168) Large Pages: 0 / 0M, Empty: 0M, Relocated: 0M, In-Place: 0
[284.481s][info][gc,reloc    ] GC(168) Forwarding Usage: 1M
[284.481s][info][gc,heap     ] GC(168) Min Capacity: 8M(0%)
[284.481s][info][gc,heap     ] GC(168) Max Capacity: 4096M(100%)
[284.481s][info][gc,heap     ] GC(168) Soft Max Capacity: 4096M(100%)
[284.481s][info][gc,heap     ] GC(168)                Mark Start          Mark End        Relocate Start      Relocate End           High               Low         
[284.481s][info][gc,heap     ] GC(168)  Capacity:     2048M (50%)        2048M (50%)        2048M (50%)        2048M (50%)        2048M (50%)        2048M (50%)    
[284.481s][info][gc,heap     ] GC(168)      Free:     3582M (87%)        3556M (87%)        3974M (97%)        4044M (99%)        4044M (99%)        3556M (87%)    
[284.481s][info][gc,heap     ] GC(168)      Used:      514M (13%)         540M (13%)         122M (3%)           52M (1%)          540M (13%)          52M (1%)     
[284.481s][info][gc,heap     ] GC(168)      Live:         -                 6M (0%)            6M (0%)            6M (0%)             -                  -          
[284.481s][info][gc,heap     ] GC(168) Allocated:         -                26M (1%)           26M (1%)           25M (1%)             -                  -          
[284.481s][info][gc,heap     ] GC(168)   Garbage:         -               507M (12%)          89M (2%)           19M (0%)             -                  -          
[284.481s][info][gc,heap     ] GC(168) Reclaimed:         -                  -               418M (10%)         487M (12%)            -                  -          
[284.481s][info][gc          ] GC(168) Garbage Collection (Proactive) 514M(13%)->52M(1%)
[284.923s][info][gc,start    ] GC(169) Garbage Collection (System.gc())
[284.923s][info][gc,task     ] GC(169) Using 12 workers
[284.923s][info][gc,phases   ] GC(169) Pause Mark Start 0.017ms
[284.937s][info][gc,phases   ] GC(169) Concurrent Mark 13.620ms
[284.937s][info][gc,phases   ] GC(169) Pause Mark End 0.023ms
[284.937s][info][gc,phases   ] GC(169) Concurrent Mark Free 0.002ms
[284.938s][info][gc,phases   ] GC(169) Concurrent Process Non-Strong References 0.970ms
[284.938s][info][gc,phases   ] GC(169) Concurrent Reset Relocation Set 0.008ms
[284.942s][info][gc,phases   ] GC(169) Concurrent Select Relocation Set 3.791ms
[284.942s][info][gc,phases   ] GC(169) Pause Relocate Start 0.006ms
[284.946s][info][gc,phases   ] GC(169) Concurrent Relocate 4.042ms
[284.946s][info][gc,load     ] GC(169) Load: 0.00/0.00/0.00
[284.946s][info][gc,mmu      ] GC(169) MMU: 2ms/98.4%, 5ms/99.4%, 10ms/99.6%, 20ms/99.7%, 50ms/99.8%, 100ms/99.9%
[284.946s][info][gc,marking  ] GC(169) Mark: 8 stripe(s), 1 proactive flush(es), 1 terminate flush(es), 0 completion(s), 0 continuation(s) 
[284.946s][info][gc,marking  ] GC(169) Mark Stack Usage: 32M
[284.946s][info][gc,nmethod  ] GC(169) NMethods: 2017 registered, 397 unregistered
[284.946s][info][gc,metaspace] GC(169) Metaspace: 9M used, 10M committed, 1088M reserved
[284.946s][info][gc,ref      ] GC(169) Soft: 214 encountered, 0 discovered, 0 enqueued
[284.947s][info][gc,ref      ] GC(169) Weak: 814 encountered, 25 discovered, 0 enqueued
[284.947s][info][gc,ref      ] GC(169) Final: 0 encountered, 0 discovered, 0 enqueued
[284.947s][info][gc,ref      ] GC(169) Phantom: 27 encountered, 18 discovered, 0 enqueued
[284.947s][info][gc,reloc    ] GC(169) Small Pages: 96 / 192M, Empty: 166M, Relocated: 4M, In-Place: 0
[284.947s][info][gc,reloc    ] GC(169) Medium Pages: 0 / 0M, Empty: 0M, Relocated: 0M, In-Place: 0
[284.947s][info][gc,reloc    ] GC(169) Large Pages: 0 / 0M, Empty: 0M, Relocated: 0M, In-Place: 0
[284.947s][info][gc,reloc    ] GC(169) Forwarding Usage: 1M
[284.947s][info][gc,heap     ] GC(169) Min Capacity: 8M(0%)
[284.947s][info][gc,heap     ] GC(169) Max Capacity: 4096M(100%)
[284.947s][info][gc,heap     ] GC(169) Soft Max Capacity: 4096M(100%)
[284.947s][info][gc,heap     ] GC(169)                Mark Start          Mark End        Relocate Start      Relocate End           High               Low         
[284.947s][info][gc,heap     ] GC(169)  Capacity:     2048M (50%)        2048M (50%)        2048M (50%)        2048M (50%)        2048M (50%)        2048M (50%)    
[284.947s][info][gc,heap     ] GC(169)      Free:     3904M (95%)        3904M (95%)        4070M (99%)        4072M (99%)        4072M (99%)        3904M (95%)    
[284.947s][info][gc,heap     ] GC(169)      Used:      192M (5%)          192M (5%)           26M (1%)           24M (1%)          192M (5%)           24M (1%)     
[284.947s][info][gc,heap     ] GC(169)      Live:         -                 4M (0%)            4M (0%)            4M (0%)             -                  -          
[284.947s][info][gc,heap     ] GC(169) Allocated:         -                 0M (0%)            0M (0%)            0M (0%)             -                  -          
[284.947s][info][gc,heap     ] GC(169)   Garbage:         -               187M (5%)           21M (1%)           19M (0%)             -                  -          
[284.947s][info][gc,heap     ] GC(169) Reclaimed:         -                  -               166M (4%)          168M (4%)             -                  -          
[284.947s][info][gc          ] GC(169) Garbage Collection (System.gc()) 192M(5%)->24M(1%)
[286.458s][info][gc,start    ] GC(170) Garbage Collection (Proactive)
[286.458s][info][gc,task     ] GC(170) Using 12 workers
[286.458s][info][gc,phases   ] GC(170) Pause Mark Start 0.018ms
[286.474s][info][gc,phases   ] GC(170) Concurrent Mark 15.076ms
[286.474s][info][gc,phases   ] GC(170) Pause Mark End 0.028ms
[286.474s][info][gc,phases   ] GC(170) Concurrent Mark Free 0.002ms
[286.475s][info][gc,phases   ] GC(170) Concurrent Process Non-Strong References 1.046ms
[286.475s][info][gc,phases   ] GC(170) Concurrent Reset Relocation Set 0.002ms
[286.482s][info][gc,phases   ] GC(170) Concurrent Select Relocation Set 6.608ms
[286.482s][info][gc,phases   ] GC(170) Pause Relocate Start 0.011ms
[286.485s][info][gc,phases   ] GC(170) Concurrent Relocate 3.366ms
[286.486s][info][gc,load     ] GC(170) Load: 0.00/0.00/0.00
[286.486s][info][gc,mmu      ] GC(170) MMU: 2ms/98.4%, 5ms/99.4%, 10ms/99.6%, 20ms/99.7%, 50ms/99.8%, 100ms/99.9%
[286.486s][info][gc,marking  ] GC(170) Mark: 8 stripe(s), 3 proactive flush(es), 1 terminate flush(es), 0 completion(s), 0 continuation(s) 
[286.486s][info][gc,marking  ] GC(170) Mark Stack Usage: 32M
[286.486s][info][gc,nmethod  ] GC(170) NMethods: 2019 registered, 397 unregistered
[286.486s][info][gc,metaspace] GC(170) Metaspace: 9M used, 10M committed, 1088M reserved
[286.486s][info][gc,ref      ] GC(170) Soft: 214 encountered, 0 discovered, 0 enqueued
[286.486s][info][gc,ref      ] GC(170) Weak: 814 encountered, 55 discovered, 0 enqueued
[286.486s][info][gc,ref      ] GC(170) Final: 0 encountered, 0 discovered, 0 enqueued
[286.486s][info][gc,ref      ] GC(170) Phantom: 27 encountered, 21 discovered, 0 enqueued
[286.486s][info][gc,reloc    ] GC(170) Small Pages: 265 / 530M, Empty: 282M, Relocated: 4M, In-Place: 0
[286.486s][info][gc,reloc    ] GC(170) Medium Pages: 0 / 0M, Empty: 0M, Relocated: 0M, In-Place: 0
[286.486s][info][gc,reloc    ] GC(170) Large Pages: 0 / 0M, Empty: 0M, Relocated: 0M, In-Place: 0
[286.486s][info][gc,reloc    ] GC(170) Forwarding Usage: 1M
[286.486s][info][gc,heap     ] GC(170) Min Capacity: 8M(0%)
[286.486s][info][gc,heap     ] GC(170) Max Capacity: 4096M(100%)
[286.486s][info][gc,heap     ] GC(170) Soft Max Capacity: 4096M(100%)
[286.486s][info][gc,heap     ] GC(170)                Mark Start          Mark End        Relocate Start      Relocate End           High               Low         
[286.486s][info][gc,heap     ] GC(170)  Capacity:     2048M (50%)        2048M (50%)        2048M (50%)        2048M (50%)        2048M (50%)        2048M (50%)    
[286.486s][info][gc,heap     ] GC(170)      Free:     3566M (87%)        3546M (87%)        3824M (93%)        4046M (99%)        4046M (99%)        3546M (87%)    
[286.486s][info][gc,heap     ] GC(170)      Used:      530M (13%)         550M (13%)         272M (7%)           50M (1%)          550M (13%)          50M (1%)     
[286.486s][info][gc,heap     ] GC(170)      Live:         -                 6M (0%)            6M (0%)            6M (0%)             -                  -          
[286.486s][info][gc,heap     ] GC(170) Allocated:         -                20M (0%)           24M (1%)           23M (1%)             -                  -          
[286.486s][info][gc,heap     ] GC(170)   Garbage:         -               523M (13%)         241M (6%)           19M (0%)             -                  -          
[286.486s][info][gc,heap     ] GC(170) Reclaimed:         -                  -               282M (7%)          503M (12%)            -                  -          
[286.486s][info][gc          ] GC(170) Garbage Collection (Proactive) 530M(13%)->50M(1%)
[288.057s][info][gc,start    ] GC(171) Garbage Collection (Proactive)
[288.057s][info][gc,task     ] GC(171) Using 12 workers
[288.058s][info][gc,phases   ] GC(171) Pause Mark Start 0.019ms
[288.073s][info][gc,phases   ] GC(171) Concurrent Mark 15.164ms
[288.073s][info][gc,phases   ] GC(171) Pause Mark End 0.026ms
[288.073s][info][gc,phases   ] GC(171) Concurrent Mark Free 0.001ms
[288.074s][info][gc,phases   ] GC(171) Concurrent Process Non-Strong References 1.038ms
[288.074s][info][gc,phases   ] GC(171) Concurrent Reset Relocation Set 0.019ms
[288.078s][info][gc,phases   ] GC(171) Concurrent Select Relocation Set 3.890ms
[288.079s][info][gc,phases   ] GC(171) Pause Relocate Start 0.009ms
[288.082s][info][gc,phases   ] GC(171) Concurrent Relocate 3.285ms
[288.082s][info][gc,load     ] GC(171) Load: 0.00/0.00/0.00
[288.082s][info][gc,mmu      ] GC(171) MMU: 2ms/98.4%, 5ms/99.4%, 10ms/99.6%, 20ms/99.7%, 50ms/99.8%, 100ms/99.9%
[288.082s][info][gc,marking  ] GC(171) Mark: 8 stripe(s), 4 proactive flush(es), 1 terminate flush(es), 0 completion(s), 0 continuation(s) 
[288.082s][info][gc,marking  ] GC(171) Mark Stack Usage: 32M
[288.082s][info][gc,nmethod  ] GC(171) NMethods: 2019 registered, 397 unregistered
[288.082s][info][gc,metaspace] GC(171) Metaspace: 9M used, 10M committed, 1088M reserved
[288.082s][info][gc,ref      ] GC(171) Soft: 214 encountered, 0 discovered, 0 enqueued
[288.082s][info][gc,ref      ] GC(171) Weak: 814 encountered, 75 discovered, 0 enqueued
[288.082s][info][gc,ref      ] GC(171) Final: 0 encountered, 0 discovered, 0 enqueued
[288.082s][info][gc,ref      ] GC(171) Phantom: 27 encountered, 15 discovered, 0 enqueued
[288.082s][info][gc,reloc    ] GC(171) Small Pages: 274 / 548M, Empty: 396M, Relocated: 4M, In-Place: 0
[288.082s][info][gc,reloc    ] GC(171) Medium Pages: 0 / 0M, Empty: 0M, Relocated: 0M, In-Place: 0
[288.082s][info][gc,reloc    ] GC(171) Large Pages: 0 / 0M, Empty: 0M, Relocated: 0M, In-Place: 0
[288.082s][info][gc,reloc    ] GC(171) Forwarding Usage: 1M
[288.082s][info][gc,heap     ] GC(171) Min Capacity: 8M(0%)
[288.082s][info][gc,heap     ] GC(171) Max Capacity: 4096M(100%)
[288.082s][info][gc,heap     ] GC(171) Soft Max Capacity: 4096M(100%)
[288.082s][info][gc,heap     ] GC(171)                Mark Start          Mark End        Relocate Start      Relocate End           High               Low         
[288.082s][info][gc,heap     ] GC(171)  Capacity:     2048M (50%)        2048M (50%)        2048M (50%)        2048M (50%)        2048M (50%)        2048M (50%)    
[288.083s][info][gc,heap     ] GC(171)      Free:     3548M (87%)        3534M (86%)        3924M (96%)        4050M (99%)        4050M (99%)        3534M (86%)    
[288.083s][info][gc,heap     ] GC(171)      Used:      548M (13%)         562M (14%)         172M (4%)           46M (1%)          562M (14%)          46M (1%)     
[288.083s][info][gc,heap     ] GC(171)      Live:         -                 6M (0%)            6M (0%)            6M (0%)             -                  -          
[288.083s][info][gc,heap     ] GC(171) Allocated:         -                14M (0%)           20M (0%)           19M (0%)             -                  -          
[288.083s][info][gc,heap     ] GC(171)   Garbage:         -               541M (13%)         145M (4%)           19M (0%)             -                  -          
[288.083s][info][gc,heap     ] GC(171) Reclaimed:         -                  -               396M (10%)         521M (13%)            -                  -          
[288.083s][info][gc          ] GC(171) Garbage Collection (Proactive) 548M(13%)->46M(1%)
[289.556s][info][gc,start    ] GC(172) Garbage Collection (Proactive)
[289.556s][info][gc,task     ] GC(172) Using 12 workers
[289.556s][info][gc,phases   ] GC(172) Pause Mark Start 0.019ms
[289.571s][info][gc,phases   ] GC(172) Concurrent Mark 15.291ms
[289.572s][info][gc,phases   ] GC(172) Pause Mark End 0.026ms
[289.572s][info][gc,phases   ] GC(172) Concurrent Mark Free 0.001ms
[289.573s][info][gc,phases   ] GC(172) Concurrent Process Non-Strong References 1.054ms
[289.573s][info][gc,phases   ] GC(172) Concurrent Reset Relocation Set 0.012ms
[289.580s][info][gc,phases   ] GC(172) Concurrent Select Relocation Set 6.704ms
[289.580s][info][gc,phases   ] GC(172) Pause Relocate Start 0.010ms
[289.584s][info][gc,phases   ] GC(172) Concurrent Relocate 3.658ms
[289.584s][info][gc,load     ] GC(172) Load: 0.00/0.00/0.00
[289.584s][info][gc,mmu      ] GC(172) MMU: 2ms/98.4%, 5ms/99.4%, 10ms/99.6%, 20ms/99.7%, 50ms/99.8%, 100ms/99.9%
[289.584s][info][gc,marking  ] GC(172) Mark: 8 stripe(s), 2 proactive flush(es), 1 terminate flush(es), 0 completion(s), 0 continuation(s) 
[289.584s][info][gc,marking  ] GC(172) Mark Stack Usage: 32M
[289.584s][info][gc,nmethod  ] GC(172) NMethods: 2019 registered, 397 unregistered
[289.584s][info][gc,metaspace] GC(172) Metaspace: 9M used, 10M committed, 1088M reserved
[289.584s][info][gc,ref      ] GC(172) Soft: 214 encountered, 0 discovered, 0 enqueued
[289.584s][info][gc,ref      ] GC(172) Weak: 814 encountered, 11 discovered, 0 enqueued
[289.584s][info][gc,ref      ] GC(172) Final: 0 encountered, 0 discovered, 0 enqueued
[289.584s][info][gc,ref      ] GC(172) Phantom: 27 encountered, 15 discovered, 0 enqueued
[289.584s][info][gc,reloc    ] GC(172) Small Pages: 258 / 516M, Empty: 328M, Relocated: 4M, In-Place: 0
[289.584s][info][gc,reloc    ] GC(172) Medium Pages: 0 / 0M, Empty: 0M, Relocated: 0M, In-Place: 0
[289.584s][info][gc,reloc    ] GC(172) Large Pages: 0 / 0M, Empty: 0M, Relocated: 0M, In-Place: 0
[289.584s][info][gc,reloc    ] GC(172) Forwarding Usage: 1M
[289.584s][info][gc,heap     ] GC(172) Min Capacity: 8M(0%)
[289.584s][info][gc,heap     ] GC(172) Max Capacity: 4096M(100%)
[289.584s][info][gc,heap     ] GC(172) Soft Max Capacity: 4096M(100%)
[289.584s][info][gc,heap     ] GC(172)                Mark Start          Mark End        Relocate Start      Relocate End           High               Low         
[289.584s][info][gc,heap     ] GC(172)  Capacity:     2048M (50%)        2048M (50%)        2048M (50%)        2048M (50%)        2048M (50%)        2048M (50%)    
[289.584s][info][gc,heap     ] GC(172)      Free:     3580M (87%)        3566M (87%)        3894M (95%)        4054M (99%)        4054M (99%)        3566M (87%)    
[289.584s][info][gc,heap     ] GC(172)      Used:      516M (13%)         530M (13%)         202M (5%)           42M (1%)          530M (13%)          42M (1%)     
[289.584s][info][gc,heap     ] GC(172)      Live:         -                 6M (0%)            6M (0%)            6M (0%)             -                  -          
[289.584s][info][gc,heap     ] GC(172) Allocated:         -                14M (0%)           14M (0%)           15M (0%)             -                  -          
[289.584s][info][gc,heap     ] GC(172)   Garbage:         -               509M (12%)         181M (4%)           19M (0%)             -                  -          
[289.585s][info][gc,heap     ] GC(172) Reclaimed:         -                  -               328M (8%)          489M (12%)            -                  -          
[289.585s][info][gc          ] GC(172) Garbage Collection (Proactive) 516M(13%)->42M(1%)
[290.156s][info][gc,stats    ] === Garbage Collection Statistics =======================================================================================================================
[290.157s][info][gc,stats    ]                                                              Last 10s              Last 10m              Last 10h                Total
[290.157s][info][gc,stats    ]                                                              Avg / Max             Avg / Max             Avg / Max             Avg / Max
[290.157s][info][gc,stats    ]   Collector: Garbage Collection Cycle                     25.925 / 28.050       26.765 / 83.902       26.765 / 83.902       26.765 / 83.902      ms
[290.157s][info][gc,stats    ]  Contention: Mark Segment Reset Contention                     1 / 4                 1 / 12                1 / 12                1 / 12          ops/s
[290.157s][info][gc,stats    ]  Contention: Mark SeqNum Reset Contention                      0 / 1                 0 / 3                 0 / 3                 0 / 3           ops/s
[290.157s][info][gc,stats    ]    Critical: Allocation Stall                                  0 / 0                 0 / 0                 0 / 0                 0 / 0           ops/s
[290.157s][info][gc,stats    ]    Critical: Allocation Stall                              0.000 / 0.000         0.000 / 0.000         0.000 / 0.000         0.000 / 0.000       ms
[290.157s][info][gc,stats    ]    Critical: GC Locker Stall                                   0 / 0                 0 / 0                 0 / 0                 0 / 0           ops/s
[290.157s][info][gc,stats    ]    Critical: GC Locker Stall                               0.000 / 0.000         0.000 / 0.000         0.000 / 0.000         0.000 / 0.000       ms
[290.157s][info][gc,stats    ]    Critical: Relocation Stall                                  0 / 0                 0 / 0                 0 / 0                 0 / 0           ops/s
[290.157s][info][gc,stats    ]    Critical: Relocation Stall                              0.000 / 0.000         0.000 / 0.000         0.000 / 0.000         0.000 / 0.000       ms
[290.157s][info][gc,stats    ]      Memory: Allocation Rate                                 329 / 346             322 / 356             322 / 356             322 / 356         MB/s
[290.157s][info][gc,stats    ]      Memory: Defragment                                        0 / 0                 0 / 0                 0 / 0                 0 / 0           ops/s
[290.157s][info][gc,stats    ]      Memory: Out Of Memory                                     0 / 0                 0 / 0                 0 / 0                 0 / 0           ops/s
[290.157s][info][gc,stats    ]      Memory: Page Cache Flush                                  0 / 0                 0 / 0                 0 / 0                 0 / 0           MB/s
[290.157s][info][gc,stats    ]      Memory: Page Cache Hit L1                               173 / 197             165 / 197             165 / 197             165 / 197         ops/s
[290.157s][info][gc,stats    ]      Memory: Page Cache Hit L2                                 0 / 0                 0 / 0                 0 / 0                 0 / 0           ops/s
[290.157s][info][gc,stats    ]      Memory: Page Cache Hit L3                                 0 / 0                 3 / 141               3 / 141               3 / 141         ops/s
[290.157s][info][gc,stats    ]      Memory: Page Cache Miss                                   0 / 0                 0 / 1                 0 / 1                 0 / 1           ops/s
[290.157s][info][gc,stats    ]      Memory: Uncommit                                          0 / 0                 0 / 0                 0 / 0                 0 / 0           MB/s
[290.157s][info][gc,stats    ]      Memory: Undo Object Allocation Failed                     0 / 0                 0 / 0                 0 / 0                 0 / 0           ops/s
[290.157s][info][gc,stats    ]      Memory: Undo Object Allocation Succeeded                  0 / 1                 0 / 5                 0 / 5                 0 / 5           ops/s
[290.157s][info][gc,stats    ]      Memory: Undo Page Allocation                              0 / 0                 0 / 0                 0 / 0                 0 / 0           ops/s
[290.157s][info][gc,stats    ]       Phase: Concurrent Mark                              14.956 / 15.291       14.837 / 24.159       14.837 / 24.159       14.837 / 24.159      ms
[290.157s][info][gc,stats    ]       Phase: Concurrent Mark Continue                      0.000 / 0.000         0.000 / 0.000         0.000 / 0.000         0.000 / 0.000       ms
[290.158s][info][gc,stats    ]       Phase: Concurrent Mark Free                          0.001 / 0.002         0.001 / 0.002         0.001 / 0.002         0.001 / 0.002       ms
[290.158s][info][gc,stats    ]       Phase: Concurrent Process Non-Strong References      1.025 / 1.063         1.048 / 5.230         1.048 / 5.230         1.048 / 5.230       ms
[290.158s][info][gc,stats    ]       Phase: Concurrent Relocate                           3.436 / 4.042         3.384 / 5.038         3.384 / 5.038         3.384 / 5.038       ms
[290.158s][info][gc,stats    ]       Phase: Concurrent Reset Relocation Set               0.011 / 0.019         0.011 / 0.023         0.011 / 0.023         0.011 / 0.023       ms
[290.158s][info][gc,stats    ]       Phase: Concurrent Select Relocation Set              5.209 / 6.704         5.309 / 15.356        5.309 / 15.356        5.309 / 15.356      ms
[290.158s][info][gc,stats    ]       Phase: Pause Mark End                                0.026 / 0.028         0.025 / 0.032         0.025 / 0.032         0.025 / 0.032       ms
[290.158s][info][gc,stats    ]       Phase: Pause Mark Start                              0.018 / 0.019         0.018 / 0.021         0.018 / 0.021         0.018 / 0.021       ms
[290.158s][info][gc,stats    ]       Phase: Pause Relocate Start                          0.009 / 0.011         0.009 / 0.028         0.009 / 0.028         0.009 / 0.028       ms
[290.158s][info][gc,stats    ]    Subphase: Concurrent Classes Purge                      0.005 / 0.006         0.020 / 0.876         0.020 / 0.876         0.020 / 0.876       ms
[290.158s][info][gc,stats    ]    Subphase: Concurrent Classes Unlink                     0.713 / 0.744         0.717 / 4.065         0.717 / 4.065         0.717 / 4.065       ms
[290.158s][info][gc,stats    ]    Subphase: Concurrent Mark                              13.115 / 14.181       13.001 / 23.147       13.001 / 23.147       13.001 / 23.147      ms
[290.158s][info][gc,stats    ]    Subphase: Concurrent Mark Try Flush                     0.074 / 0.106         0.074 / 0.223         0.074 / 0.223         0.074 / 0.223       ms
[290.158s][info][gc,stats    ]    Subphase: Concurrent Mark Try Terminate                 8.465 / 12.007        8.157 / 16.572        8.157 / 16.572        8.157 / 16.572      ms
[290.158s][info][gc,stats    ]    Subphase: Concurrent References Enqueue                 0.000 / 0.001         0.001 / 0.004         0.001 / 0.004         0.001 / 0.004       ms
[290.158s][info][gc,stats    ]    Subphase: Concurrent References Process                 0.040 / 0.045         0.042 / 0.089         0.042 / 0.089         0.042 / 0.089       ms
[290.158s][info][gc,stats    ]    Subphase: Concurrent Roots ClassLoaderDataGraph         0.083 / 0.721         0.086 / 0.933         0.086 / 0.933         0.086 / 0.933       ms
[290.158s][info][gc,stats    ]    Subphase: Concurrent Roots CodeCache                    0.000 / 0.000         0.000 / 0.000         0.000 / 0.000         0.000 / 0.000       ms
[290.158s][info][gc,stats    ]    Subphase: Concurrent Roots JavaThreads                  0.590 / 1.070         0.538 / 1.189         0.538 / 1.189         0.538 / 1.189       ms
[290.158s][info][gc,stats    ]    Subphase: Concurrent Roots OopStorageSet                0.016 / 0.053         0.018 / 0.190         0.018 / 0.190         0.018 / 0.190       ms
[290.158s][info][gc,stats    ]    Subphase: Concurrent Weak Roots OopStorageSet           0.140 / 0.175         0.142 / 0.186         0.142 / 0.186         0.142 / 0.186       ms
[290.158s][info][gc,stats    ]    Subphase: Pause Mark Try Complete                       0.000 / 0.000         0.000 / 0.000         0.000 / 0.000         0.000 / 0.000       ms
[290.158s][info][gc,stats    ]      System: Java Threads                                     39 / 39               35 / 41               35 / 41               35 / 41          threads
[290.158s][info][gc,stats    ] =========================================================================================================================================================
[291.163s][info][gc,start    ] GC(173) Garbage Collection (Proactive)
[291.163s][info][gc,task     ] GC(173) Using 12 workers
[291.164s][info][gc,phases   ] GC(173) Pause Mark Start 0.016ms
[291.179s][info][gc,phases   ] GC(173) Concurrent Mark 15.193ms
[291.179s][info][gc,phases   ] GC(173) Pause Mark End 0.026ms
[291.179s][info][gc,phases   ] GC(173) Concurrent Mark Free 0.001ms
[291.180s][info][gc,phases   ] GC(173) Concurrent Process Non-Strong References 1.082ms
[291.180s][info][gc,phases   ] GC(173) Concurrent Reset Relocation Set 0.015ms
[291.187s][info][gc,phases   ] GC(173) Concurrent Select Relocation Set 6.794ms
[291.187s][info][gc,phases   ] GC(173) Pause Relocate Start 0.011ms
[291.191s][info][gc,phases   ] GC(173) Concurrent Relocate 3.328ms
[291.191s][info][gc,load     ] GC(173) Load: 0.00/0.00/0.00
[291.191s][info][gc,mmu      ] GC(173) MMU: 2ms/98.4%, 5ms/99.4%, 10ms/99.6%, 20ms/99.7%, 50ms/99.8%, 100ms/99.9%
[291.191s][info][gc,marking  ] GC(173) Mark: 8 stripe(s), 2 proactive flush(es), 1 terminate flush(es), 0 completion(s), 0 continuation(s) 
[291.191s][info][gc,marking  ] GC(173) Mark Stack Usage: 32M
[291.191s][info][gc,nmethod  ] GC(173) NMethods: 2019 registered, 397 unregistered
[291.191s][info][gc,metaspace] GC(173) Metaspace: 9M used, 10M committed, 1088M reserved
[291.191s][info][gc,ref      ] GC(173) Soft: 214 encountered, 0 discovered, 0 enqueued
[291.191s][info][gc,ref      ] GC(173) Weak: 814 encountered, 14 discovered, 0 enqueued
[291.191s][info][gc,ref      ] GC(173) Final: 0 encountered, 0 discovered, 0 enqueued
[291.191s][info][gc,ref      ] GC(173) Phantom: 27 encountered, 12 discovered, 0 enqueued
[291.191s][info][gc,reloc    ] GC(173) Small Pages: 279 / 558M, Empty: 436M, Relocated: 5M, In-Place: 0
[291.191s][info][gc,reloc    ] GC(173) Medium Pages: 0 / 0M, Empty: 0M, Relocated: 0M, In-Place: 0
[291.191s][info][gc,reloc    ] GC(173) Large Pages: 0 / 0M, Empty: 0M, Relocated: 0M, In-Place: 0
[291.191s][info][gc,reloc    ] GC(173) Forwarding Usage: 1M
[291.191s][info][gc,heap     ] GC(173) Min Capacity: 8M(0%)
[291.191s][info][gc,heap     ] GC(173) Max Capacity: 4096M(100%)
[291.191s][info][gc,heap     ] GC(173) Soft Max Capacity: 4096M(100%)
[291.191s][info][gc,heap     ] GC(173)                Mark Start          Mark End        Relocate Start      Relocate End           High               Low         
[291.191s][info][gc,heap     ] GC(173)  Capacity:     2048M (50%)        2048M (50%)        2048M (50%)        2048M (50%)        2048M (50%)        2048M (50%)    
[291.192s][info][gc,heap     ] GC(173)      Free:     3538M (86%)        3518M (86%)        3952M (96%)        4048M (99%)        4048M (99%)        3516M (86%)    
[291.192s][info][gc,heap     ] GC(173)      Used:      558M (14%)         578M (14%)         144M (4%)           48M (1%)          580M (14%)          48M (1%)     
[291.192s][info][gc,heap     ] GC(173)      Live:         -                 6M (0%)            6M (0%)            6M (0%)             -                  -          
[291.192s][info][gc,heap     ] GC(173) Allocated:         -                20M (0%)           22M (1%)           21M (1%)             -                  -          
[291.192s][info][gc,heap     ] GC(173)   Garbage:         -               551M (13%)         115M (3%)           19M (0%)             -                  -          
[291.192s][info][gc,heap     ] GC(173) Reclaimed:         -                  -               436M (11%)         531M (13%)            -                  -          
[291.192s][info][gc          ] GC(173) Garbage Collection (Proactive) 558M(14%)->48M(1%)
[291.680s][info][gc,start    ] GC(174) Garbage Collection (System.gc())
[291.680s][info][gc,task     ] GC(174) Using 12 workers
[291.680s][info][gc,phases   ] GC(174) Pause Mark Start 0.017ms
[291.694s][info][gc,phases   ] GC(174) Concurrent Mark 13.769ms
[291.695s][info][gc,phases   ] GC(174) Pause Mark End 0.024ms
[291.695s][info][gc,phases   ] GC(174) Concurrent Mark Free 0.001ms
[291.696s][info][gc,phases   ] GC(174) Concurrent Process Non-Strong References 0.991ms
[291.696s][info][gc,phases   ] GC(174) Concurrent Reset Relocation Set 0.009ms
[291.700s][info][gc,phases   ] GC(174) Concurrent Select Relocation Set 3.800ms
[291.700s][info][gc,phases   ] GC(174) Pause Relocate Start 0.010ms
[291.703s][info][gc,phases   ] GC(174) Concurrent Relocate 3.046ms
[291.703s][info][gc,load     ] GC(174) Load: 0.00/0.00/0.00
[291.703s][info][gc,mmu      ] GC(174) MMU: 2ms/98.4%, 5ms/99.4%, 10ms/99.6%, 20ms/99.7%, 50ms/99.8%, 100ms/99.9%
[291.703s][info][gc,marking  ] GC(174) Mark: 8 stripe(s), 1 proactive flush(es), 1 terminate flush(es), 0 completion(s), 0 continuation(s) 
[291.703s][info][gc,marking  ] GC(174) Mark Stack Usage: 32M
[291.703s][info][gc,nmethod  ] GC(174) NMethods: 2019 registered, 397 unregistered
[291.703s][info][gc,metaspace] GC(174) Metaspace: 9M used, 10M committed, 1088M reserved
[291.703s][info][gc,ref      ] GC(174) Soft: 214 encountered, 0 discovered, 0 enqueued
[291.703s][info][gc,ref      ] GC(174) Weak: 814 encountered, 56 discovered, 0 enqueued
[291.703s][info][gc,ref      ] GC(174) Final: 0 encountered, 0 discovered, 0 enqueued
[291.703s][info][gc,ref      ] GC(174) Phantom: 27 encountered, 22 discovered, 0 enqueued
[291.703s][info][gc,reloc    ] GC(174) Small Pages: 102 / 204M, Empty: 174M, Relocated: 4M, In-Place: 0
[291.703s][info][gc,reloc    ] GC(174) Medium Pages: 0 / 0M, Empty: 0M, Relocated: 0M, In-Place: 0
[291.703s][info][gc,reloc    ] GC(174) Large Pages: 0 / 0M, Empty: 0M, Relocated: 0M, In-Place: 0
[291.703s][info][gc,reloc    ] GC(174) Forwarding Usage: 1M
[291.703s][info][gc,heap     ] GC(174) Min Capacity: 8M(0%)
[291.703s][info][gc,heap     ] GC(174) Max Capacity: 4096M(100%)
[291.703s][info][gc,heap     ] GC(174) Soft Max Capacity: 4096M(100%)
[291.703s][info][gc,heap     ] GC(174)                Mark Start          Mark End        Relocate Start      Relocate End           High               Low         
[291.703s][info][gc,heap     ] GC(174)  Capacity:     2048M (50%)        2048M (50%)        2048M (50%)        2048M (50%)        2048M (50%)        2048M (50%)    
[291.703s][info][gc,heap     ] GC(174)      Free:     3892M (95%)        3892M (95%)        4066M (99%)        4072M (99%)        4072M (99%)        3892M (95%)    
[291.703s][info][gc,heap     ] GC(174)      Used:      204M (5%)          204M (5%)           30M (1%)           24M (1%)          204M (5%)           24M (1%)     
[291.703s][info][gc,heap     ] GC(174)      Live:         -                 4M (0%)            4M (0%)            4M (0%)             -                  -          
[291.704s][info][gc,heap     ] GC(174) Allocated:         -                 0M (0%)            0M (0%)            0M (0%)             -                  -          
[291.704s][info][gc,heap     ] GC(174)   Garbage:         -               199M (5%)           25M (1%)           19M (0%)             -                  -          
[291.704s][info][gc,heap     ] GC(174) Reclaimed:         -                  -               174M (4%)          180M (4%)             -                  -          
[291.704s][info][gc          ] GC(174) Garbage Collection (System.gc()) 204M(5%)->24M(1%)
[293.257s][info][gc,start    ] GC(175) Garbage Collection (Proactive)
[293.257s][info][gc,task     ] GC(175) Using 12 workers
[293.257s][info][gc,phases   ] GC(175) Pause Mark Start 0.017ms
[293.272s][info][gc,phases   ] GC(175) Concurrent Mark 15.110ms
[293.272s][info][gc,phases   ] GC(175) Pause Mark End 0.026ms
[293.272s][info][gc,phases   ] GC(175) Concurrent Mark Free 0.001ms
[293.273s][info][gc,phases   ] GC(175) Concurrent Process Non-Strong References 1.061ms
[293.274s][info][gc,phases   ] GC(175) Concurrent Reset Relocation Set 0.003ms
[293.280s][info][gc,phases   ] GC(175) Concurrent Select Relocation Set 6.758ms
[293.281s][info][gc,phases   ] GC(175) Pause Relocate Start 0.008ms
[293.284s][info][gc,phases   ] GC(175) Concurrent Relocate 3.134ms
[293.284s][info][gc,load     ] GC(175) Load: 0.00/0.00/0.00
[293.284s][info][gc,mmu      ] GC(175) MMU: 2ms/98.4%, 5ms/99.4%, 10ms/99.6%, 20ms/99.7%, 50ms/99.8%, 100ms/99.9%
[293.284s][info][gc,marking  ] GC(175) Mark: 8 stripe(s), 2 proactive flush(es), 1 terminate flush(es), 0 completion(s), 0 continuation(s) 
[293.284s][info][gc,marking  ] GC(175) Mark Stack Usage: 32M
[293.284s][info][gc,nmethod  ] GC(175) NMethods: 2022 registered, 397 unregistered
[293.284s][info][gc,metaspace] GC(175) Metaspace: 9M used, 10M committed, 1088M reserved
[293.284s][info][gc,ref      ] GC(175) Soft: 214 encountered, 0 discovered, 0 enqueued
[293.284s][info][gc,ref      ] GC(175) Weak: 814 encountered, 10 discovered, 0 enqueued
[293.284s][info][gc,ref      ] GC(175) Final: 0 encountered, 0 discovered, 0 enqueued
[293.284s][info][gc,ref      ] GC(175) Phantom: 27 encountered, 16 discovered, 0 enqueued
[293.284s][info][gc,reloc    ] GC(175) Small Pages: 276 / 552M, Empty: 382M, Relocated: 4M, In-Place: 0
[293.284s][info][gc,reloc    ] GC(175) Medium Pages: 0 / 0M, Empty: 0M, Relocated: 0M, In-Place: 0
[293.284s][info][gc,reloc    ] GC(175) Large Pages: 0 / 0M, Empty: 0M, Relocated: 0M, In-Place: 0
[293.284s][info][gc,reloc    ] GC(175) Forwarding Usage: 1M
[293.284s][info][gc,heap     ] GC(175) Min Capacity: 8M(0%)
[293.284s][info][gc,heap     ] GC(175) Max Capacity: 4096M(100%)
[293.284s][info][gc,heap     ] GC(175) Soft Max Capacity: 4096M(100%)
[293.284s][info][gc,heap     ] GC(175)                Mark Start          Mark End        Relocate Start      Relocate End           High               Low         
[293.284s][info][gc,heap     ] GC(175)  Capacity:     2048M (50%)        2048M (50%)        2048M (50%)        2048M (50%)        2048M (50%)        2048M (50%)    
[293.284s][info][gc,heap     ] GC(175)      Free:     3544M (87%)        3524M (86%)        3904M (95%)        4048M (99%)        4048M (99%)        3524M (86%)    
[293.285s][info][gc,heap     ] GC(175)      Used:      552M (13%)         572M (14%)         192M (5%)           48M (1%)          572M (14%)          48M (1%)     
[293.285s][info][gc,heap     ] GC(175)      Live:         -                 6M (0%)            6M (0%)            6M (0%)             -                  -          
[293.285s][info][gc,heap     ] GC(175) Allocated:         -                20M (0%)           22M (1%)           21M (1%)             -                  -          
[293.285s][info][gc,heap     ] GC(175)   Garbage:         -               545M (13%)         163M (4%)           19M (0%)             -                  -          
[293.285s][info][gc,heap     ] GC(175) Reclaimed:         -                  -               382M (9%)          525M (13%)            -                  -          
[293.285s][info][gc          ] GC(175) Garbage Collection (Proactive) 552M(13%)->48M(1%)
[294.959s][info][gc,start    ] GC(176) Garbage Collection (Proactive)
[294.959s][info][gc,task     ] GC(176) Using 12 workers
[294.960s][info][gc,phases   ] GC(176) Pause Mark Start 0.018ms
[294.975s][info][gc,phases   ] GC(176) Concurrent Mark 15.136ms
[294.975s][info][gc,phases   ] GC(176) Pause Mark End 0.025ms
[294.975s][info][gc,phases   ] GC(176) Concurrent Mark Free 0.001ms
[294.976s][info][gc,phases   ] GC(176) Concurrent Process Non-Strong References 1.036ms
[294.976s][info][gc,phases   ] GC(176) Concurrent Reset Relocation Set 0.013ms
[294.983s][info][gc,phases   ] GC(176) Concurrent Select Relocation Set 6.781ms
[294.983s][info][gc,phases   ] GC(176) Pause Relocate Start 0.011ms
[294.987s][info][gc,phases   ] GC(176) Concurrent Relocate 3.911ms
[294.987s][info][gc,load     ] GC(176) Load: 0.00/0.00/0.00
[294.988s][info][gc,mmu      ] GC(176) MMU: 2ms/98.4%, 5ms/99.4%, 10ms/99.6%, 20ms/99.7%, 50ms/99.8%, 100ms/99.9%
[294.988s][info][gc,marking  ] GC(176) Mark: 8 stripe(s), 3 proactive flush(es), 1 terminate flush(es), 0 completion(s), 0 continuation(s) 
[294.988s][info][gc,marking  ] GC(176) Mark Stack Usage: 32M
[294.988s][info][gc,nmethod  ] GC(176) NMethods: 2022 registered, 397 unregistered
[294.988s][info][gc,metaspace] GC(176) Metaspace: 9M used, 10M committed, 1088M reserved
[294.988s][info][gc,ref      ] GC(176) Soft: 214 encountered, 0 discovered, 0 enqueued
[294.988s][info][gc,ref      ] GC(176) Weak: 814 encountered, 10 discovered, 0 enqueued
[294.988s][info][gc,ref      ] GC(176) Final: 0 encountered, 0 discovered, 0 enqueued
[294.988s][info][gc,ref      ] GC(176) Phantom: 27 encountered, 16 discovered, 0 enqueued
[294.988s][info][gc,reloc    ] GC(176) Small Pages: 299 / 598M, Empty: 512M, Relocated: 5M, In-Place: 0
[294.988s][info][gc,reloc    ] GC(176) Medium Pages: 0 / 0M, Empty: 0M, Relocated: 0M, In-Place: 0
[294.988s][info][gc,reloc    ] GC(176) Large Pages: 0 / 0M, Empty: 0M, Relocated: 0M, In-Place: 0
[294.988s][info][gc,reloc    ] GC(176) Forwarding Usage: 2M
[294.988s][info][gc,heap     ] GC(176) Min Capacity: 8M(0%)
[294.988s][info][gc,heap     ] GC(176) Max Capacity: 4096M(100%)
[294.988s][info][gc,heap     ] GC(176) Soft Max Capacity: 4096M(100%)
[294.988s][info][gc,heap     ] GC(176)                Mark Start          Mark End        Relocate Start      Relocate End           High               Low         
[294.988s][info][gc,heap     ] GC(176)  Capacity:     2048M (50%)        2048M (50%)        2048M (50%)        2048M (50%)        2048M (50%)        2048M (50%)    
[294.988s][info][gc,heap     ] GC(176)      Free:     3498M (85%)        3476M (85%)        3986M (97%)        4044M (99%)        4044M (99%)        3476M (85%)    
[294.988s][info][gc,heap     ] GC(176)      Used:      598M (15%)         620M (15%)         110M (3%)           52M (1%)          620M (15%)          52M (1%)     
[294.988s][info][gc,heap     ] GC(176)      Live:         -                 6M (0%)            6M (0%)            6M (0%)             -                  -          
[294.988s][info][gc,heap     ] GC(176) Allocated:         -                22M (1%)           24M (1%)           25M (1%)             -                  -          
[294.988s][info][gc,heap     ] GC(176)   Garbage:         -               591M (14%)          79M (2%)           19M (0%)             -                  -          
[294.988s][info][gc,heap     ] GC(176) Reclaimed:         -                  -               512M (13%)         571M (14%)            -                  -          
[294.988s][info][gc          ] GC(176) Garbage Collection (Proactive) 598M(15%)->52M(1%)
[296.662s][info][gc,start    ] GC(177) Garbage Collection (Proactive)
[296.662s][info][gc,task     ] GC(177) Using 12 workers
[296.662s][info][gc,phases   ] GC(177) Pause Mark Start 0.019ms
[296.677s][info][gc,phases   ] GC(177) Concurrent Mark 15.164ms
[296.678s][info][gc,phases   ] GC(177) Pause Mark End 0.026ms
[296.678s][info][gc,phases   ] GC(177) Concurrent Mark Free 0.001ms
[296.679s][info][gc,phases   ] GC(177) Concurrent Process Non-Strong References 1.028ms
[296.679s][info][gc,phases   ] GC(177) Concurrent Reset Relocation Set 0.008ms
[296.683s][info][gc,phases   ] GC(177) Concurrent Select Relocation Set 3.772ms
[296.683s][info][gc,phases   ] GC(177) Pause Relocate Start 0.008ms
[296.686s][info][gc,phases   ] GC(177) Concurrent Relocate 3.366ms
[296.687s][info][gc,load     ] GC(177) Load: 0.00/0.00/0.00
[296.687s][info][gc,mmu      ] GC(177) MMU: 2ms/98.4%, 5ms/99.4%, 10ms/99.6%, 20ms/99.7%, 50ms/99.8%, 100ms/99.9%
[296.687s][info][gc,marking  ] GC(177) Mark: 8 stripe(s), 2 proactive flush(es), 1 terminate flush(es), 0 completion(s), 0 continuation(s) 
[296.687s][info][gc,marking  ] GC(177) Mark Stack Usage: 32M
[296.687s][info][gc,nmethod  ] GC(177) NMethods: 2022 registered, 397 unregistered
[296.687s][info][gc,metaspace] GC(177) Metaspace: 9M used, 10M committed, 1088M reserved
[296.687s][info][gc,ref      ] GC(177) Soft: 214 encountered, 0 discovered, 0 enqueued
[296.687s][info][gc,ref      ] GC(177) Weak: 814 encountered, 7 discovered, 0 enqueued
[296.687s][info][gc,ref      ] GC(177) Final: 0 encountered, 0 discovered, 0 enqueued
[296.687s][info][gc,ref      ] GC(177) Phantom: 27 encountered, 22 discovered, 0 enqueued
[296.687s][info][gc,reloc    ] GC(177) Small Pages: 302 / 604M, Empty: 462M, Relocated: 5M, In-Place: 0
[296.687s][info][gc,reloc    ] GC(177) Medium Pages: 0 / 0M, Empty: 0M, Relocated: 0M, In-Place: 0
[296.687s][info][gc,reloc    ] GC(177) Large Pages: 0 / 0M, Empty: 0M, Relocated: 0M, In-Place: 0
[296.687s][info][gc,reloc    ] GC(177) Forwarding Usage: 1M
[296.687s][info][gc,heap     ] GC(177) Min Capacity: 8M(0%)
[296.687s][info][gc,heap     ] GC(177) Max Capacity: 4096M(100%)
[296.687s][info][gc,heap     ] GC(177) Soft Max Capacity: 4096M(100%)
[296.687s][info][gc,heap     ] GC(177)                Mark Start          Mark End        Relocate Start      Relocate End           High               Low         
[296.687s][info][gc,heap     ] GC(177)  Capacity:     2048M (50%)        2048M (50%)        2048M (50%)        2048M (50%)        2048M (50%)        2048M (50%)    
[296.687s][info][gc,heap     ] GC(177)      Free:     3492M (85%)        3474M (85%)        3936M (96%)        4052M (99%)        4052M (99%)        3474M (85%)    
[296.687s][info][gc,heap     ] GC(177)      Used:      604M (15%)         622M (15%)         160M (4%)           44M (1%)          622M (15%)          44M (1%)     
[296.687s][info][gc,heap     ] GC(177)      Live:         -                 6M (0%)            6M (0%)            6M (0%)             -                  -          
[296.687s][info][gc,heap     ] GC(177) Allocated:         -                18M (0%)           18M (0%)           17M (0%)             -                  -          
[296.687s][info][gc,heap     ] GC(177)   Garbage:         -               597M (15%)         135M (3%)           19M (0%)             -                  -          
[296.687s][info][gc,heap     ] GC(177) Reclaimed:         -                  -               462M (11%)         577M (14%)            -                  -          
[296.687s][info][gc          ] GC(177) Garbage Collection (Proactive) 604M(15%)->44M(1%)
[298.255s][info][gc,start    ] GC(178) Garbage Collection (Proactive)
[298.255s][info][gc,task     ] GC(178) Using 12 workers
[298.256s][info][gc,phases   ] GC(178) Pause Mark Start 0.019ms
[298.271s][info][gc,phases   ] GC(178) Concurrent Mark 15.170ms
[298.271s][info][gc,phases   ] GC(178) Pause Mark End 0.029ms
[298.271s][info][gc,phases   ] GC(178) Concurrent Mark Free 0.001ms
[298.272s][info][gc,phases   ] GC(178) Concurrent Process Non-Strong References 1.232ms
[298.273s][info][gc,phases   ] GC(178) Concurrent Reset Relocation Set 0.012ms
[298.279s][info][gc,phases   ] GC(178) Concurrent Select Relocation Set 6.713ms
[298.279s][info][gc,phases   ] GC(178) Pause Relocate Start 0.013ms
[298.283s][info][gc,phases   ] GC(178) Concurrent Relocate 3.465ms
[298.283s][info][gc,load     ] GC(178) Load: 0.00/0.00/0.00
[298.283s][info][gc,mmu      ] GC(178) MMU: 2ms/98.4%, 5ms/99.4%, 10ms/99.6%, 20ms/99.7%, 50ms/99.8%, 100ms/99.9%
[298.283s][info][gc,marking  ] GC(178) Mark: 8 stripe(s), 4 proactive flush(es), 1 terminate flush(es), 0 completion(s), 0 continuation(s) 
[298.283s][info][gc,marking  ] GC(178) Mark Stack Usage: 32M
[298.283s][info][gc,nmethod  ] GC(178) NMethods: 2022 registered, 397 unregistered
[298.283s][info][gc,metaspace] GC(178) Metaspace: 9M used, 10M committed, 1088M reserved
[298.283s][info][gc,ref      ] GC(178) Soft: 214 encountered, 0 discovered, 0 enqueued
[298.283s][info][gc,ref      ] GC(178) Weak: 814 encountered, 7 discovered, 0 enqueued
[298.283s][info][gc,ref      ] GC(178) Final: 0 encountered, 0 discovered, 0 enqueued
[298.283s][info][gc,ref      ] GC(178) Phantom: 27 encountered, 12 discovered, 0 enqueued
[298.283s][info][gc,reloc    ] GC(178) Small Pages: 282 / 564M, Empty: 472M, Relocated: 5M, In-Place: 0
[298.283s][info][gc,reloc    ] GC(178) Medium Pages: 0 / 0M, Empty: 0M, Relocated: 0M, In-Place: 0
[298.284s][info][gc,reloc    ] GC(178) Large Pages: 0 / 0M, Empty: 0M, Relocated: 0M, In-Place: 0
[298.284s][info][gc,reloc    ] GC(178) Forwarding Usage: 1M
[298.284s][info][gc,heap     ] GC(178) Min Capacity: 8M(0%)
[298.284s][info][gc,heap     ] GC(178) Max Capacity: 4096M(100%)
[298.284s][info][gc,heap     ] GC(178) Soft Max Capacity: 4096M(100%)
[298.284s][info][gc,heap     ] GC(178)                Mark Start          Mark End        Relocate Start      Relocate End           High               Low         
[298.284s][info][gc,heap     ] GC(178)  Capacity:     2048M (50%)        2048M (50%)        2048M (50%)        2048M (50%)        2048M (50%)        2048M (50%)    
[298.284s][info][gc,heap     ] GC(178)      Free:     3532M (86%)        3510M (86%)        3978M (97%)        4042M (99%)        4042M (99%)        3508M (86%)    
[298.284s][info][gc,heap     ] GC(178)      Used:      564M (14%)         586M (14%)         118M (3%)           54M (1%)          588M (14%)          54M (1%)     
[298.284s][info][gc,heap     ] GC(178)      Live:         -                 6M (0%)            6M (0%)            6M (0%)             -                  -          
[298.284s][info][gc,heap     ] GC(178) Allocated:         -                22M (1%)           26M (1%)           27M (1%)             -                  -          
[298.284s][info][gc,heap     ] GC(178)   Garbage:         -               557M (14%)          85M (2%)           19M (0%)             -                  -          
[298.284s][info][gc,heap     ] GC(178) Reclaimed:         -                  -               472M (12%)         537M (13%)            -                  -          
[298.284s][info][gc          ] GC(178) Garbage Collection (Proactive) 564M(14%)->54M(1%)
[298.331s][info][gc,start    ] GC(179) Garbage Collection (System.gc())
[298.331s][info][gc,task     ] GC(179) Using 12 workers
[298.331s][info][gc,phases   ] GC(179) Pause Mark Start 0.017ms
[298.349s][info][gc,phases   ] GC(179) Concurrent Mark 18.050ms
[298.349s][info][gc,phases   ] GC(179) Pause Mark End 0.026ms
[298.349s][info][gc,phases   ] GC(179) Concurrent Mark Free 0.001ms
[298.350s][info][gc,phases   ] GC(179) Concurrent Process Non-Strong References 0.997ms
[298.350s][info][gc,phases   ] GC(179) Concurrent Reset Relocation Set 0.006ms
[298.354s][info][gc,phases   ] GC(179) Concurrent Select Relocation Set 3.694ms
[298.354s][info][gc,phases   ] GC(179) Pause Relocate Start 0.007ms
[298.358s][info][gc,phases   ] GC(179) Concurrent Relocate 3.444ms
[298.358s][info][gc,load     ] GC(179) Load: 0.00/0.00/0.00
[298.358s][info][gc,mmu      ] GC(179) MMU: 2ms/98.4%, 5ms/99.4%, 10ms/99.6%, 20ms/99.7%, 50ms/99.8%, 100ms/99.9%
[298.358s][info][gc,marking  ] GC(179) Mark: 8 stripe(s), 2 proactive flush(es), 1 terminate flush(es), 0 completion(s), 0 continuation(s) 
[298.358s][info][gc,marking  ] GC(179) Mark Stack Usage: 32M
[298.358s][info][gc,nmethod  ] GC(179) NMethods: 2023 registered, 398 unregistered
[298.358s][info][gc,metaspace] GC(179) Metaspace: 9M used, 10M committed, 1088M reserved
[298.358s][info][gc,ref      ] GC(179) Soft: 214 encountered, 0 discovered, 0 enqueued
[298.358s][info][gc,ref      ] GC(179) Weak: 814 encountered, 9 discovered, 0 enqueued
[298.358s][info][gc,ref      ] GC(179) Final: 0 encountered, 0 discovered, 0 enqueued
[298.358s][info][gc,ref      ] GC(179) Phantom: 27 encountered, 13 discovered, 0 enqueued
[298.358s][info][gc,reloc    ] GC(179) Small Pages: 31 / 62M, Empty: 30M, Relocated: 4M, In-Place: 0
[298.358s][info][gc,reloc    ] GC(179) Medium Pages: 0 / 0M, Empty: 0M, Relocated: 0M, In-Place: 0
[298.358s][info][gc,reloc    ] GC(179) Large Pages: 0 / 0M, Empty: 0M, Relocated: 0M, In-Place: 0
[298.358s][info][gc,reloc    ] GC(179) Forwarding Usage: 1M
[298.358s][info][gc,heap     ] GC(179) Min Capacity: 8M(0%)
[298.358s][info][gc,heap     ] GC(179) Max Capacity: 4096M(100%)
[298.358s][info][gc,heap     ] GC(179) Soft Max Capacity: 4096M(100%)
[298.358s][info][gc,heap     ] GC(179)                Mark Start          Mark End        Relocate Start      Relocate End           High               Low         
[298.358s][info][gc,heap     ] GC(179)  Capacity:     2048M (50%)        2048M (50%)        2048M (50%)        2048M (50%)        2048M (50%)        2048M (50%)    
[298.358s][info][gc,heap     ] GC(179)      Free:     4034M (98%)        4034M (98%)        4064M (99%)        4072M (99%)        4072M (99%)        4034M (98%)    
[298.358s][info][gc,heap     ] GC(179)      Used:       62M (2%)           62M (2%)           32M (1%)           24M (1%)           62M (2%)           24M (1%)     
[298.358s][info][gc,heap     ] GC(179)      Live:         -                 4M (0%)            4M (0%)            4M (0%)             -                  -          
[298.358s][info][gc,heap     ] GC(179) Allocated:         -                 0M (0%)            0M (0%)            0M (0%)             -                  -          
[298.358s][info][gc,heap     ] GC(179)   Garbage:         -                57M (1%)           27M (1%)           19M (0%)             -                  -          
[298.359s][info][gc,heap     ] GC(179) Reclaimed:         -                  -                30M (1%)           38M (1%)             -                  -          
[298.359s][info][gc          ] GC(179) Garbage Collection (System.gc()) 62M(2%)->24M(1%)
[300.155s][info][gc,stats    ] === Garbage Collection Statistics =======================================================================================================================
[300.155s][info][gc,start    ] GC(180) Garbage Collection (Proactive)
[300.155s][info][gc,stats    ]                                                              Last 10s              Last 10m              Last 10h                Total
[300.155s][info][gc,task     ] GC(180) Using 12 workers
[300.155s][info][gc,stats    ]                                                              Avg / Max             Avg / Max             Avg / Max             Avg / Max
[300.155s][info][gc,stats    ]   Collector: Garbage Collection Cycle                     26.571 / 28.325       26.757 / 83.902       26.757 / 83.902       26.757 / 83.902      ms
[300.155s][info][gc,stats    ]  Contention: Mark Segment Reset Contention                     1 / 3                 1 / 12                1 / 12                1 / 12          ops/s
[300.155s][info][gc,stats    ]  Contention: Mark SeqNum Reset Contention                      0 / 1                 0 / 3                 0 / 3                 0 / 3           ops/s
[300.155s][info][gc,stats    ]    Critical: Allocation Stall                                  0 / 0                 0 / 0                 0 / 0                 0 / 0           ops/s
[300.155s][info][gc,phases   ] GC(180) Pause Mark Start 0.017ms
[300.155s][info][gc,stats    ]    Critical: Allocation Stall                              0.000 / 0.000         0.000 / 0.000         0.000 / 0.000         0.000 / 0.000       ms
[300.155s][info][gc,stats    ]    Critical: GC Locker Stall                                   0 / 0                 0 / 0                 0 / 0                 0 / 0           ops/s
[300.155s][info][gc,stats    ]    Critical: GC Locker Stall                               0.000 / 0.000         0.000 / 0.000         0.000 / 0.000         0.000 / 0.000       ms
[300.155s][info][gc,stats    ]    Critical: Relocation Stall                                  0 / 0                 0 / 0                 0 / 0                 0 / 0           ops/s
[300.155s][info][gc,stats    ]    Critical: Relocation Stall                              0.000 / 0.000         0.000 / 0.000         0.000 / 0.000         0.000 / 0.000       ms
[300.155s][info][gc,stats    ]      Memory: Allocation Rate                                 335 / 348             323 / 356             323 / 356             323 / 356         MB/s
[300.155s][info][gc,stats    ]      Memory: Defragment                                        0 / 0                 0 / 0                 0 / 0                 0 / 0           ops/s
[300.155s][info][gc,stats    ]      Memory: Out Of Memory                                     0 / 0                 0 / 0                 0 / 0                 0 / 0           ops/s
[300.155s][info][gc,stats    ]      Memory: Page Cache Flush                                  0 / 0                 0 / 0                 0 / 0                 0 / 0           MB/s
[300.155s][info][gc,stats    ]      Memory: Page Cache Hit L1                               176 / 197             165 / 197             165 / 197             165 / 197         ops/s
[300.155s][info][gc,stats    ]      Memory: Page Cache Hit L2                                 0 / 0                 0 / 0                 0 / 0                 0 / 0           ops/s
[300.155s][info][gc,stats    ]      Memory: Page Cache Hit L3                                 0 / 0                 3 / 141               3 / 141               3 / 141         ops/s
[300.155s][info][gc,stats    ]      Memory: Page Cache Miss                                   0 / 0                 0 / 1                 0 / 1                 0 / 1           ops/s
[300.155s][info][gc,stats    ]      Memory: Uncommit                                          0 / 0                 0 / 0                 0 / 0                 0 / 0           MB/s
[300.156s][info][gc,stats    ]      Memory: Undo Object Allocation Failed                     0 / 0                 0 / 0                 0 / 0                 0 / 0           ops/s
[300.156s][info][gc,stats    ]      Memory: Undo Object Allocation Succeeded                  0 / 1                 0 / 5                 0 / 5                 0 / 5           ops/s
[300.156s][info][gc,stats    ]      Memory: Undo Page Allocation                              0 / 0                 0 / 0                 0 / 0                 0 / 0           ops/s
[300.156s][info][gc,stats    ]       Phase: Concurrent Mark                              15.370 / 18.050       14.858 / 24.159       14.858 / 24.159       14.858 / 24.159      ms
[300.156s][info][gc,stats    ]       Phase: Concurrent Mark Continue                      0.000 / 0.000         0.000 / 0.000         0.000 / 0.000         0.000 / 0.000       ms
[300.156s][info][gc,stats    ]       Phase: Concurrent Mark Free                          0.001 / 0.001         0.001 / 0.002         0.001 / 0.002         0.001 / 0.002       ms
[300.156s][info][gc,stats    ]       Phase: Concurrent Process Non-Strong References      1.061 / 1.232         1.048 / 5.230         1.048 / 5.230         1.048 / 5.230       ms
[300.156s][info][gc,stats    ]       Phase: Concurrent Relocate                           3.385 / 3.911         3.384 / 5.038         3.384 / 5.038         3.384 / 5.038       ms
[300.156s][info][gc,stats    ]       Phase: Concurrent Reset Relocation Set               0.009 / 0.015         0.010 / 0.023         0.010 / 0.023         0.010 / 0.023       ms
[300.156s][info][gc,stats    ]       Phase: Concurrent Select Relocation Set              5.473 / 6.794         5.315 / 15.356        5.315 / 15.356        5.315 / 15.356      ms
[300.156s][info][gc,stats    ]       Phase: Pause Mark End                                0.026 / 0.029         0.025 / 0.032         0.025 / 0.032         0.025 / 0.032       ms
[300.156s][info][gc,stats    ]       Phase: Pause Mark Start                              0.018 / 0.019         0.018 / 0.021         0.018 / 0.021         0.018 / 0.021       ms
[300.156s][info][gc,stats    ]       Phase: Pause Relocate Start                          0.009 / 0.013         0.009 / 0.028         0.009 / 0.028         0.009 / 0.028       ms
[300.156s][info][gc,stats    ]    Subphase: Concurrent Classes Purge                      0.008 / 0.023         0.020 / 0.876         0.020 / 0.876         0.020 / 0.876       ms
[300.156s][info][gc,stats    ]    Subphase: Concurrent Classes Unlink                     0.735 / 0.875         0.717 / 4.065         0.717 / 4.065         0.717 / 4.065       ms
[300.156s][info][gc,stats    ]    Subphase: Concurrent Mark                              13.488 / 16.939       13.020 / 23.147       13.020 / 23.147       13.020 / 23.147      ms
[300.156s][info][gc,stats    ]    Subphase: Concurrent Mark Try Flush                     0.072 / 0.119         0.074 / 0.223         0.074 / 0.223         0.074 / 0.223       ms
[300.156s][info][gc,stats    ]    Subphase: Concurrent Mark Try Terminate                 8.989 / 15.088        8.189 / 16.572        8.189 / 16.572        8.189 / 16.572      ms
[300.156s][info][gc,stats    ]    Subphase: Concurrent References Enqueue                 0.000 / 0.001         0.001 / 0.004         0.001 / 0.004         0.001 / 0.004       ms
[300.156s][info][gc,stats    ]    Subphase: Concurrent References Process                 0.040 / 0.047         0.042 / 0.089         0.042 / 0.089         0.042 / 0.089       ms
[300.156s][info][gc,stats    ]    Subphase: Concurrent Roots ClassLoaderDataGraph         0.078 / 0.692         0.086 / 0.933         0.086 / 0.933         0.086 / 0.933       ms
[300.156s][info][gc,stats    ]    Subphase: Concurrent Roots CodeCache                    0.000 / 0.000         0.000 / 0.000         0.000 / 0.000         0.000 / 0.000       ms
[300.156s][info][gc,stats    ]    Subphase: Concurrent Roots JavaThreads                  0.570 / 1.053         0.539 / 1.189         0.539 / 1.189         0.539 / 1.189       ms
[300.156s][info][gc,stats    ]    Subphase: Concurrent Roots OopStorageSet                0.015 / 0.053         0.018 / 0.190         0.018 / 0.190         0.018 / 0.190       ms
[300.156s][info][gc,stats    ]    Subphase: Concurrent Weak Roots OopStorageSet           0.143 / 0.175         0.142 / 0.186         0.142 / 0.186         0.142 / 0.186       ms
[300.156s][info][gc,stats    ]    Subphase: Pause Mark Try Complete                       0.000 / 0.000         0.000 / 0.000         0.000 / 0.000         0.000 / 0.000       ms
[300.156s][info][gc,stats    ]      System: Java Threads                                     39 / 39               35 / 41               35 / 41               35 / 41          threads
[300.157s][info][gc,stats    ] =========================================================================================================================================================
[300.170s][info][gc,phases   ] GC(180) Concurrent Mark 15.076ms
[300.170s][info][gc,phases   ] GC(180) Pause Mark End 0.025ms
[300.170s][info][gc,phases   ] GC(180) Concurrent Mark Free 0.001ms
[300.172s][info][gc,phases   ] GC(180) Concurrent Process Non-Strong References 1.071ms
[300.172s][info][gc,phases   ] GC(180) Concurrent Reset Relocation Set 0.003ms
[300.178s][info][gc,phases   ] GC(180) Concurrent Select Relocation Set 6.617ms
[300.178s][info][gc,phases   ] GC(180) Pause Relocate Start 0.009ms
[300.182s][info][gc,phases   ] GC(180) Concurrent Relocate 3.390ms
[300.182s][info][gc,load     ] GC(180) Load: 0.00/0.00/0.00
[300.182s][info][gc,mmu      ] GC(180) MMU: 2ms/98.4%, 5ms/99.4%, 10ms/99.6%, 20ms/99.7%, 50ms/99.8%, 100ms/99.9%
[300.182s][info][gc,marking  ] GC(180) Mark: 8 stripe(s), 2 proactive flush(es), 1 terminate flush(es), 0 completion(s), 0 continuation(s) 
[300.182s][info][gc,marking  ] GC(180) Mark Stack Usage: 32M
[300.182s][info][gc,nmethod  ] GC(180) NMethods: 2023 registered, 398 unregistered
[300.182s][info][gc,metaspace] GC(180) Metaspace: 9M used, 10M committed, 1088M reserved
[300.182s][info][gc,ref      ] GC(180) Soft: 214 encountered, 0 discovered, 0 enqueued
[300.182s][info][gc,ref      ] GC(180) Weak: 814 encountered, 18 discovered, 0 enqueued
[300.182s][info][gc,ref      ] GC(180) Final: 0 encountered, 0 discovered, 0 enqueued
[300.182s][info][gc,ref      ] GC(180) Phantom: 27 encountered, 22 discovered, 0 enqueued
[300.182s][info][gc,reloc    ] GC(180) Small Pages: 312 / 624M, Empty: 436M, Relocated: 5M, In-Place: 0
[300.182s][info][gc,reloc    ] GC(180) Medium Pages: 0 / 0M, Empty: 0M, Relocated: 0M, In-Place: 0
[300.182s][info][gc,reloc    ] GC(180) Large Pages: 0 / 0M, Empty: 0M, Relocated: 0M, In-Place: 0
[300.182s][info][gc,reloc    ] GC(180) Forwarding Usage: 1M
[300.182s][info][gc,heap     ] GC(180) Min Capacity: 8M(0%)
[300.182s][info][gc,heap     ] GC(180) Max Capacity: 4096M(100%)
[300.182s][info][gc,heap     ] GC(180) Soft Max Capacity: 4096M(100%)
[300.183s][info][gc,heap     ] GC(180)                Mark Start          Mark End        Relocate Start      Relocate End           High               Low         
[300.183s][info][gc,heap     ] GC(180)  Capacity:     2048M (50%)        2048M (50%)        2048M (50%)        2048M (50%)        2048M (50%)        2048M (50%)    
[300.183s][info][gc,heap     ] GC(180)      Free:     3472M (85%)        3454M (84%)        3886M (95%)        4048M (99%)        4048M (99%)        3454M (84%)    
[300.183s][info][gc,heap     ] GC(180)      Used:      624M (15%)         642M (16%)         210M (5%)           48M (1%)          642M (16%)          48M (1%)     
[300.183s][info][gc,heap     ] GC(180)      Live:         -                 6M (0%)            6M (0%)            6M (0%)             -                  -          
[300.183s][info][gc,heap     ] GC(180) Allocated:         -                18M (0%)           22M (1%)           21M (1%)             -                  -          
[300.183s][info][gc,heap     ] GC(180)   Garbage:         -               617M (15%)         181M (4%)           19M (0%)             -                  -          
[300.183s][info][gc,heap     ] GC(180) Reclaimed:         -                  -               436M (11%)         597M (15%)            -                  -          
[300.183s][info][gc          ] GC(180) Garbage Collection (Proactive) 624M(15%)->48M(1%)
[301.153s][info][gc,heap     ] Uncommitted: 48M(1%)
[301.948s][info][gc,start    ] GC(181) Garbage Collection (Proactive)
[301.948s][info][gc,task     ] GC(181) Using 12 workers
[301.949s][info][gc,phases   ] GC(181) Pause Mark Start 0.017ms
[301.964s][info][gc,phases   ] GC(181) Concurrent Mark 15.144ms
[301.964s][info][gc,phases   ] GC(181) Pause Mark End 0.029ms
[301.964s][info][gc,phases   ] GC(181) Concurrent Mark Free 0.001ms
[301.965s][info][gc,phases   ] GC(181) Concurrent Process Non-Strong References 1.002ms
[301.965s][info][gc,phases   ] GC(181) Concurrent Reset Relocation Set 0.015ms
[301.972s][info][gc,phases   ] GC(181) Concurrent Select Relocation Set 6.639ms
[301.972s][info][gc,phases   ] GC(181) Pause Relocate Start 0.010ms
[301.977s][info][gc,phases   ] GC(181) Concurrent Relocate 4.352ms
[301.977s][info][gc,load     ] GC(181) Load: 0.00/0.00/0.00
[301.977s][info][gc,mmu      ] GC(181) MMU: 2ms/98.4%, 5ms/99.4%, 10ms/99.6%, 20ms/99.7%, 50ms/99.8%, 100ms/99.9%
[301.977s][info][gc,marking  ] GC(181) Mark: 8 stripe(s), 2 proactive flush(es), 1 terminate flush(es), 0 completion(s), 0 continuation(s) 
[301.977s][info][gc,marking  ] GC(181) Mark Stack Usage: 32M
[301.977s][info][gc,nmethod  ] GC(181) NMethods: 2023 registered, 398 unregistered
[301.977s][info][gc,metaspace] GC(181) Metaspace: 9M used, 10M committed, 1088M reserved
[301.977s][info][gc,ref      ] GC(181) Soft: 214 encountered, 0 discovered, 0 enqueued
[301.977s][info][gc,ref      ] GC(181) Weak: 814 encountered, 14 discovered, 0 enqueued
[301.977s][info][gc,ref      ] GC(181) Final: 0 encountered, 0 discovered, 0 enqueued
[301.977s][info][gc,ref      ] GC(181) Phantom: 27 encountered, 19 discovered, 0 enqueued
[301.977s][info][gc,reloc    ] GC(181) Small Pages: 318 / 636M, Empty: 500M, Relocated: 4M, In-Place: 0
[301.977s][info][gc,reloc    ] GC(181) Medium Pages: 0 / 0M, Empty: 0M, Relocated: 0M, In-Place: 0
[301.977s][info][gc,reloc    ] GC(181) Large Pages: 0 / 0M, Empty: 0M, Relocated: 0M, In-Place: 0
[301.977s][info][gc,reloc    ] GC(181) Forwarding Usage: 1M
[301.977s][info][gc,heap     ] GC(181) Min Capacity: 8M(0%)
[301.977s][info][gc,heap     ] GC(181) Max Capacity: 4096M(100%)
[301.977s][info][gc,heap     ] GC(181) Soft Max Capacity: 4096M(100%)
[301.977s][info][gc,heap     ] GC(181)                Mark Start          Mark End        Relocate Start      Relocate End           High               Low         
[301.977s][info][gc,heap     ] GC(181)  Capacity:     2000M (49%)        2000M (49%)        2000M (49%)        2000M (49%)        2000M (49%)        2000M (49%)    
[301.977s][info][gc,heap     ] GC(181)      Free:     3460M (84%)        3442M (84%)        3942M (96%)        4052M (99%)        4052M (99%)        3442M (84%)    
[301.977s][info][gc,heap     ] GC(181)      Used:      636M (16%)         654M (16%)         154M (4%)           44M (1%)          654M (16%)          44M (1%)     
[301.977s][info][gc,heap     ] GC(181)      Live:         -                 6M (0%)            6M (0%)            6M (0%)             -                  -          
[301.977s][info][gc,heap     ] GC(181) Allocated:         -                18M (0%)           18M (0%)           17M (0%)             -                  -          
[301.977s][info][gc,heap     ] GC(181)   Garbage:         -               629M (15%)         129M (3%)           19M (0%)             -                  -          
[301.977s][info][gc,heap     ] GC(181) Reclaimed:         -                  -               500M (12%)         609M (15%)            -                  -          
[301.978s][info][gc          ] GC(181) Garbage Collection (Proactive) 636M(16%)->44M(1%)
[303.659s][info][gc,start    ] GC(182) Garbage Collection (Proactive)
[303.659s][info][gc,task     ] GC(182) Using 12 workers
[303.659s][info][gc,phases   ] GC(182) Pause Mark Start 0.018ms
[303.674s][info][gc,phases   ] GC(182) Concurrent Mark 15.168ms
[303.675s][info][gc,phases   ] GC(182) Pause Mark End 0.026ms
[303.675s][info][gc,phases   ] GC(182) Concurrent Mark Free 0.002ms
[303.676s][info][gc,phases   ] GC(182) Concurrent Process Non-Strong References 1.074ms
[303.676s][info][gc,phases   ] GC(182) Concurrent Reset Relocation Set 0.010ms
[303.680s][info][gc,phases   ] GC(182) Concurrent Select Relocation Set 3.821ms
[303.680s][info][gc,phases   ] GC(182) Pause Relocate Start 0.009ms
[303.683s][info][gc,phases   ] GC(182) Concurrent Relocate 3.279ms
[303.683s][info][gc,load     ] GC(182) Load: 0.00/0.00/0.00
[303.683s][info][gc,mmu      ] GC(182) MMU: 2ms/98.4%, 5ms/99.4%, 10ms/99.6%, 20ms/99.7%, 50ms/99.8%, 100ms/99.9%
[303.683s][info][gc,marking  ] GC(182) Mark: 8 stripe(s), 3 proactive flush(es), 1 terminate flush(es), 0 completion(s), 0 continuation(s) 
[303.683s][info][gc,marking  ] GC(182) Mark Stack Usage: 32M
[303.683s][info][gc,nmethod  ] GC(182) NMethods: 2023 registered, 398 unregistered
[303.683s][info][gc,metaspace] GC(182) Metaspace: 9M used, 10M committed, 1088M reserved
[303.684s][info][gc,ref      ] GC(182) Soft: 214 encountered, 0 discovered, 0 enqueued
[303.684s][info][gc,ref      ] GC(182) Weak: 814 encountered, 13 discovered, 0 enqueued
[303.684s][info][gc,ref      ] GC(182) Final: 0 encountered, 0 discovered, 0 enqueued
[303.684s][info][gc,ref      ] GC(182) Phantom: 27 encountered, 14 discovered, 0 enqueued
[303.684s][info][gc,reloc    ] GC(182) Small Pages: 301 / 602M, Empty: 516M, Relocated: 4M, In-Place: 0
[303.684s][info][gc,reloc    ] GC(182) Medium Pages: 0 / 0M, Empty: 0M, Relocated: 0M, In-Place: 0
[303.684s][info][gc,reloc    ] GC(182) Large Pages: 0 / 0M, Empty: 0M, Relocated: 0M, In-Place: 0
[303.684s][info][gc,reloc    ] GC(182) Forwarding Usage: 1M
[303.684s][info][gc,heap     ] GC(182) Min Capacity: 8M(0%)
[303.684s][info][gc,heap     ] GC(182) Max Capacity: 4096M(100%)
[303.684s][info][gc,heap     ] GC(182) Soft Max Capacity: 4096M(100%)
[303.684s][info][gc,heap     ] GC(182)                Mark Start          Mark End        Relocate Start      Relocate End           High               Low         
[303.684s][info][gc,heap     ] GC(182)  Capacity:     2000M (49%)        2000M (49%)        2000M (49%)        2000M (49%)        2000M (49%)        2000M (49%)    
[303.684s][info][gc,heap     ] GC(182)      Free:     3494M (85%)        3474M (85%)        3982M (97%)        4042M (99%)        4042M (99%)        3470M (85%)    
[303.684s][info][gc,heap     ] GC(182)      Used:      602M (15%)         622M (15%)         114M (3%)           54M (1%)          626M (15%)          54M (1%)     
[303.684s][info][gc,heap     ] GC(182)      Live:         -                 6M (0%)            6M (0%)            6M (0%)             -                  -          
[303.684s][info][gc,heap     ] GC(182) Allocated:         -                20M (0%)           28M (1%)           27M (1%)             -                  -          
[303.684s][info][gc,heap     ] GC(182)   Garbage:         -               595M (15%)          79M (2%)           19M (0%)             -                  -          
[303.684s][info][gc,heap     ] GC(182) Reclaimed:         -                  -               516M (13%)         575M (14%)            -                  -          
[303.684s][info][gc          ] GC(182) Garbage Collection (Proactive) 602M(15%)->54M(1%)
[304.986s][info][gc,start    ] GC(183) Garbage Collection (System.gc())
[304.986s][info][gc,task     ] GC(183) Using 12 workers
[304.987s][info][gc,phases   ] GC(183) Pause Mark Start 0.017ms
[305.002s][info][gc,phases   ] GC(183) Concurrent Mark 15.305ms
[305.002s][info][gc,phases   ] GC(183) Pause Mark End 0.022ms
[305.002s][info][gc,phases   ] GC(183) Concurrent Mark Free 0.001ms
[305.003s][info][gc,phases   ] GC(183) Concurrent Process Non-Strong References 0.968ms
[305.003s][info][gc,phases   ] GC(183) Concurrent Reset Relocation Set 0.007ms
[305.007s][info][gc,phases   ] GC(183) Concurrent Select Relocation Set 3.771ms
[305.007s][info][gc,phases   ] GC(183) Pause Relocate Start 0.007ms
[305.011s][info][gc,phases   ] GC(183) Concurrent Relocate 3.433ms
[305.011s][info][gc,load     ] GC(183) Load: 0.00/0.00/0.00
[305.011s][info][gc,mmu      ] GC(183) MMU: 2ms/98.4%, 5ms/99.4%, 10ms/99.6%, 20ms/99.7%, 50ms/99.8%, 100ms/99.9%
[305.011s][info][gc,marking  ] GC(183) Mark: 8 stripe(s), 1 proactive flush(es), 1 terminate flush(es), 0 completion(s), 0 continuation(s) 
[305.011s][info][gc,marking  ] GC(183) Mark Stack Usage: 32M
[305.011s][info][gc,nmethod  ] GC(183) NMethods: 2023 registered, 398 unregistered
[305.011s][info][gc,metaspace] GC(183) Metaspace: 9M used, 10M committed, 1088M reserved
[305.011s][info][gc,ref      ] GC(183) Soft: 214 encountered, 0 discovered, 0 enqueued
[305.011s][info][gc,ref      ] GC(183) Weak: 814 encountered, 5 discovered, 0 enqueued
[305.011s][info][gc,ref      ] GC(183) Final: 0 encountered, 0 discovered, 0 enqueued
[305.011s][info][gc,ref      ] GC(183) Phantom: 27 encountered, 23 discovered, 0 enqueued
[305.011s][info][gc,reloc    ] GC(183) Small Pages: 241 / 482M, Empty: 450M, Relocated: 4M, In-Place: 0
[305.011s][info][gc,reloc    ] GC(183) Medium Pages: 0 / 0M, Empty: 0M, Relocated: 0M, In-Place: 0
[305.011s][info][gc,reloc    ] GC(183) Large Pages: 0 / 0M, Empty: 0M, Relocated: 0M, In-Place: 0
[305.011s][info][gc,reloc    ] GC(183) Forwarding Usage: 1M
[305.011s][info][gc,heap     ] GC(183) Min Capacity: 8M(0%)
[305.011s][info][gc,heap     ] GC(183) Max Capacity: 4096M(100%)
[305.011s][info][gc,heap     ] GC(183) Soft Max Capacity: 4096M(100%)
[305.011s][info][gc,heap     ] GC(183)                Mark Start          Mark End        Relocate Start      Relocate End           High               Low         
[305.011s][info][gc,heap     ] GC(183)  Capacity:     2000M (49%)        2000M (49%)        2000M (49%)        2000M (49%)        2000M (49%)        2000M (49%)    
[305.011s][info][gc,heap     ] GC(183)      Free:     3614M (88%)        3614M (88%)        4064M (99%)        4072M (99%)        4072M (99%)        3614M (88%)    
[305.011s][info][gc,heap     ] GC(183)      Used:      482M (12%)         482M (12%)          32M (1%)           24M (1%)          482M (12%)          24M (1%)     
[305.012s][info][gc,heap     ] GC(183)      Live:         -                 4M (0%)            4M (0%)            4M (0%)             -                  -          
[305.012s][info][gc,heap     ] GC(183) Allocated:         -                 0M (0%)            0M (0%)            0M (0%)             -                  -          
[305.012s][info][gc,heap     ] GC(183)   Garbage:         -               477M (12%)          27M (1%)           19M (0%)             -                  -          
[305.012s][info][gc,heap     ] GC(183) Reclaimed:         -                  -               450M (11%)         458M (11%)            -                  -          
[305.012s][info][gc          ] GC(183) Garbage Collection (System.gc()) 482M(12%)->24M(1%)
[306.462s][info][gc,start    ] GC(184) Garbage Collection (Proactive)
[306.462s][info][gc,task     ] GC(184) Using 12 workers
[306.462s][info][gc,phases   ] GC(184) Pause Mark Start 0.017ms
[306.477s][info][gc,phases   ] GC(184) Concurrent Mark 15.239ms
[306.477s][info][gc,phases   ] GC(184) Pause Mark End 0.027ms
[306.477s][info][gc,phases   ] GC(184) Concurrent Mark Free 0.001ms
[306.478s][info][gc,phases   ] GC(184) Concurrent Process Non-Strong References 0.969ms
[306.478s][info][gc,phases   ] GC(184) Concurrent Reset Relocation Set 0.003ms
[306.483s][info][gc,phases   ] GC(184) Concurrent Select Relocation Set 4.989ms
[306.484s][info][gc,phases   ] GC(184) Pause Relocate Start 0.010ms
[306.487s][info][gc,phases   ] GC(184) Concurrent Relocate 2.874ms
[306.487s][info][gc,load     ] GC(184) Load: 0.00/0.00/0.00
[306.487s][info][gc,mmu      ] GC(184) MMU: 2ms/98.4%, 5ms/99.4%, 10ms/99.6%, 20ms/99.7%, 50ms/99.8%, 100ms/99.9%
[306.487s][info][gc,marking  ] GC(184) Mark: 8 stripe(s), 2 proactive flush(es), 1 terminate flush(es), 0 completion(s), 0 continuation(s) 
[306.487s][info][gc,marking  ] GC(184) Mark Stack Usage: 32M
[306.487s][info][gc,nmethod  ] GC(184) NMethods: 2023 registered, 398 unregistered
[306.487s][info][gc,metaspace] GC(184) Metaspace: 9M used, 10M committed, 1088M reserved
[306.487s][info][gc,ref      ] GC(184) Soft: 214 encountered, 0 discovered, 0 enqueued
[306.487s][info][gc,ref      ] GC(184) Weak: 814 encountered, 27 discovered, 0 enqueued
[306.487s][info][gc,ref      ] GC(184) Final: 0 encountered, 0 discovered, 0 enqueued
[306.487s][info][gc,ref      ] GC(184) Phantom: 27 encountered, 22 discovered, 0 enqueued
[306.487s][info][gc,reloc    ] GC(184) Small Pages: 257 / 514M, Empty: 252M, Relocated: 4M, In-Place: 0
[306.487s][info][gc,reloc    ] GC(184) Medium Pages: 0 / 0M, Empty: 0M, Relocated: 0M, In-Place: 0
[306.487s][info][gc,reloc    ] GC(184) Large Pages: 0 / 0M, Empty: 0M, Relocated: 0M, In-Place: 0
[306.487s][info][gc,reloc    ] GC(184) Forwarding Usage: 1M
[306.487s][info][gc,heap     ] GC(184) Min Capacity: 8M(0%)
[306.487s][info][gc,heap     ] GC(184) Max Capacity: 4096M(100%)
[306.487s][info][gc,heap     ] GC(184) Soft Max Capacity: 4096M(100%)
[306.487s][info][gc,heap     ] GC(184)                Mark Start          Mark End        Relocate Start      Relocate End           High               Low         
[306.487s][info][gc,heap     ] GC(184)  Capacity:     2000M (49%)        2000M (49%)        2000M (49%)        2000M (49%)        2000M (49%)        2000M (49%)    
[306.487s][info][gc,heap     ] GC(184)      Free:     3582M (87%)        3564M (87%)        3816M (93%)        4052M (99%)        4052M (99%)        3564M (87%)    
[306.487s][info][gc,heap     ] GC(184)      Used:      514M (13%)         532M (13%)         280M (7%)           44M (1%)          532M (13%)          44M (1%)     
[306.487s][info][gc,heap     ] GC(184)      Live:         -                 6M (0%)            6M (0%)            6M (0%)             -                  -          
[306.487s][info][gc,heap     ] GC(184) Allocated:         -                18M (0%)           18M (0%)           17M (0%)             -                  -          
[306.487s][info][gc,heap     ] GC(184)   Garbage:         -               507M (12%)         255M (6%)           19M (0%)             -                  -          
[306.487s][info][gc,heap     ] GC(184) Reclaimed:         -                  -               252M (6%)          487M (12%)            -                  -          
[306.487s][info][gc          ] GC(184) Garbage Collection (Proactive) 514M(13%)->44M(1%)
[307.852s][info][gc,start    ] GC(185) Garbage Collection (Proactive)
[307.852s][info][gc,task     ] GC(185) Using 12 workers
[307.852s][info][gc,phases   ] GC(185) Pause Mark Start 0.017ms
[307.867s][info][gc,phases   ] GC(185) Concurrent Mark 15.189ms
[307.868s][info][gc,phases   ] GC(185) Pause Mark End 0.025ms
[307.868s][info][gc,phases   ] GC(185) Concurrent Mark Free 0.001ms
[307.869s][info][gc,phases   ] GC(185) Concurrent Process Non-Strong References 0.995ms
[307.869s][info][gc,phases   ] GC(185) Concurrent Reset Relocation Set 0.014ms
[307.872s][info][gc,phases   ] GC(185) Concurrent Select Relocation Set 2.987ms
[307.872s][info][gc,phases   ] GC(185) Pause Relocate Start 0.007ms
[307.875s][info][gc,phases   ] GC(185) Concurrent Relocate 3.265ms
[307.875s][info][gc,load     ] GC(185) Load: 0.00/0.00/0.00
[307.875s][info][gc,mmu      ] GC(185) MMU: 2ms/98.4%, 5ms/99.4%, 10ms/99.6%, 20ms/99.7%, 50ms/99.8%, 100ms/99.9%
[307.875s][info][gc,marking  ] GC(185) Mark: 8 stripe(s), 2 proactive flush(es), 1 terminate flush(es), 0 completion(s), 0 continuation(s) 
[307.876s][info][gc,marking  ] GC(185) Mark Stack Usage: 32M
[307.876s][info][gc,nmethod  ] GC(185) NMethods: 2023 registered, 398 unregistered
[307.876s][info][gc,metaspace] GC(185) Metaspace: 9M used, 10M committed, 1088M reserved
[307.876s][info][gc,ref      ] GC(185) Soft: 214 encountered, 0 discovered, 0 enqueued
[307.876s][info][gc,ref      ] GC(185) Weak: 814 encountered, 16 discovered, 0 enqueued
[307.876s][info][gc,ref      ] GC(185) Final: 0 encountered, 0 discovered, 0 enqueued
[307.876s][info][gc,ref      ] GC(185) Phantom: 27 encountered, 19 discovered, 0 enqueued
[307.876s][info][gc,reloc    ] GC(185) Small Pages: 248 / 496M, Empty: 330M, Relocated: 5M, In-Place: 0
[307.876s][info][gc,reloc    ] GC(185) Medium Pages: 0 / 0M, Empty: 0M, Relocated: 0M, In-Place: 0
[307.876s][info][gc,reloc    ] GC(185) Large Pages: 0 / 0M, Empty: 0M, Relocated: 0M, In-Place: 0
[307.876s][info][gc,reloc    ] GC(185) Forwarding Usage: 1M
[307.876s][info][gc,heap     ] GC(185) Min Capacity: 8M(0%)
[307.876s][info][gc,heap     ] GC(185) Max Capacity: 4096M(100%)
[307.876s][info][gc,heap     ] GC(185) Soft Max Capacity: 4096M(100%)
[307.876s][info][gc,heap     ] GC(185)                Mark Start          Mark End        Relocate Start      Relocate End           High               Low         
[307.876s][info][gc,heap     ] GC(185)  Capacity:     2000M (49%)        2000M (49%)        2000M (49%)        2000M (49%)        2000M (49%)        2000M (49%)    
[307.876s][info][gc,heap     ] GC(185)      Free:     3600M (88%)        3580M (87%)        3910M (95%)        4050M (99%)        4050M (99%)        3580M (87%)    
[307.876s][info][gc,heap     ] GC(185)      Used:      496M (12%)         516M (13%)         186M (5%)           46M (1%)          516M (13%)          46M (1%)     
[307.876s][info][gc,heap     ] GC(185)      Live:         -                 6M (0%)            6M (0%)            6M (0%)             -                  -          
[307.876s][info][gc,heap     ] GC(185) Allocated:         -                20M (0%)           20M (0%)           19M (0%)             -                  -          
[307.876s][info][gc,heap     ] GC(185)   Garbage:         -               489M (12%)         159M (4%)           19M (0%)             -                  -          
[307.876s][info][gc,heap     ] GC(185) Reclaimed:         -                  -               330M (8%)          469M (11%)            -                  -          
[307.876s][info][gc          ] GC(185) Garbage Collection (Proactive) 496M(12%)->46M(1%)
[309.248s][info][gc,start    ] GC(186) Garbage Collection (Proactive)
[309.248s][info][gc,task     ] GC(186) Using 12 workers
[309.248s][info][gc,phases   ] GC(186) Pause Mark Start 0.017ms
[309.264s][info][gc,phases   ] GC(186) Concurrent Mark 15.142ms
[309.264s][info][gc,phases   ] GC(186) Pause Mark End 0.029ms
[309.264s][info][gc,phases   ] GC(186) Concurrent Mark Free 0.002ms
[309.265s][info][gc,phases   ] GC(186) Concurrent Process Non-Strong References 1.052ms
[309.265s][info][gc,phases   ] GC(186) Concurrent Reset Relocation Set 0.013ms
[309.272s][info][gc,phases   ] GC(186) Concurrent Select Relocation Set 6.903ms
[309.272s][info][gc,phases   ] GC(186) Pause Relocate Start 0.009ms
[309.276s][info][gc,phases   ] GC(186) Concurrent Relocate 3.400ms
[309.276s][info][gc,load     ] GC(186) Load: 0.00/0.00/0.00
[309.276s][info][gc,mmu      ] GC(186) MMU: 2ms/98.4%, 5ms/99.4%, 10ms/99.6%, 20ms/99.7%, 50ms/99.8%, 100ms/99.9%
[309.276s][info][gc,marking  ] GC(186) Mark: 8 stripe(s), 2 proactive flush(es), 1 terminate flush(es), 0 completion(s), 0 continuation(s) 
[309.276s][info][gc,marking  ] GC(186) Mark Stack Usage: 32M
[309.276s][info][gc,nmethod  ] GC(186) NMethods: 2023 registered, 398 unregistered
[309.276s][info][gc,metaspace] GC(186) Metaspace: 9M used, 10M committed, 1088M reserved
[309.276s][info][gc,ref      ] GC(186) Soft: 214 encountered, 0 discovered, 0 enqueued
[309.276s][info][gc,ref      ] GC(186) Weak: 814 encountered, 30 discovered, 0 enqueued
[309.276s][info][gc,ref      ] GC(186) Final: 0 encountered, 0 discovered, 0 enqueued
[309.276s][info][gc,ref      ] GC(186) Phantom: 27 encountered, 21 discovered, 0 enqueued
[309.276s][info][gc,reloc    ] GC(186) Small Pages: 249 / 498M, Empty: 422M, Relocated: 5M, In-Place: 0
[309.276s][info][gc,reloc    ] GC(186) Medium Pages: 0 / 0M, Empty: 0M, Relocated: 0M, In-Place: 0
[309.276s][info][gc,reloc    ] GC(186) Large Pages: 0 / 0M, Empty: 0M, Relocated: 0M, In-Place: 0
[309.276s][info][gc,reloc    ] GC(186) Forwarding Usage: 2M
[309.276s][info][gc,heap     ] GC(186) Min Capacity: 8M(0%)
[309.276s][info][gc,heap     ] GC(186) Max Capacity: 4096M(100%)
[309.276s][info][gc,heap     ] GC(186) Soft Max Capacity: 4096M(100%)
[309.276s][info][gc,heap     ] GC(186)                Mark Start          Mark End        Relocate Start      Relocate End           High               Low         
[309.276s][info][gc,heap     ] GC(186)  Capacity:     2000M (49%)        2000M (49%)        2000M (49%)        2000M (49%)        2000M (49%)        2000M (49%)    
[309.276s][info][gc,heap     ] GC(186)      Free:     3598M (88%)        3574M (87%)        3994M (98%)        4044M (99%)        4044M (99%)        3574M (87%)    
[309.276s][info][gc,heap     ] GC(186)      Used:      498M (12%)         522M (13%)         102M (2%)           52M (1%)          522M (13%)          52M (1%)     
[309.276s][info][gc,heap     ] GC(186)      Live:         -                 6M (0%)            6M (0%)            6M (0%)             -                  -          
[309.276s][info][gc,heap     ] GC(186) Allocated:         -                24M (1%)           26M (1%)           25M (1%)             -                  -          
[309.276s][info][gc,heap     ] GC(186)   Garbage:         -               491M (12%)          69M (2%)           19M (0%)             -                  -          
[309.276s][info][gc,heap     ] GC(186) Reclaimed:         -                  -               422M (10%)         471M (12%)            -                  -          
[309.277s][info][gc          ] GC(186) Garbage Collection (Proactive) 498M(12%)->52M(1%)
[310.161s][info][gc,stats    ] === Garbage Collection Statistics =======================================================================================================================
[310.161s][info][gc,stats    ]                                                              Last 10s              Last 10m              Last 10h                Total
[310.161s][info][gc,stats    ]                                                              Avg / Max             Avg / Max             Avg / Max             Avg / Max
[310.161s][info][gc,stats    ]   Collector: Garbage Collection Cycle                     25.946 / 28.425       26.727 / 83.902       26.727 / 83.902       26.727 / 83.902      ms
[310.161s][info][gc,stats    ]  Contention: Mark Segment Reset Contention                     1 / 7                 1 / 12                1 / 12                1 / 12          ops/s
[310.161s][info][gc,stats    ]  Contention: Mark SeqNum Reset Contention                      0 / 1                 0 / 3                 0 / 3                 0 / 3           ops/s
[310.161s][info][gc,stats    ]    Critical: Allocation Stall                                  0 / 0                 0 / 0                 0 / 0                 0 / 0           ops/s
[310.162s][info][gc,stats    ]    Critical: Allocation Stall                              0.000 / 0.000         0.000 / 0.000         0.000 / 0.000         0.000 / 0.000       ms
[310.162s][info][gc,stats    ]    Critical: GC Locker Stall                                   0 / 0                 0 / 0                 0 / 0                 0 / 0           ops/s
[310.162s][info][gc,stats    ]    Critical: GC Locker Stall                               0.000 / 0.000         0.000 / 0.000         0.000 / 0.000         0.000 / 0.000       ms
[310.162s][info][gc,stats    ]    Critical: Relocation Stall                                  0 / 0                 0 / 0                 0 / 0                 0 / 0           ops/s
[310.162s][info][gc,stats    ]    Critical: Relocation Stall                              0.000 / 0.000         0.000 / 0.000         0.000 / 0.000         0.000 / 0.000       ms
[310.162s][info][gc,stats    ]      Memory: Allocation Rate                                 339 / 352             323 / 356             323 / 356             323 / 356         MB/s
[310.162s][info][gc,stats    ]      Memory: Defragment                                        0 / 0                 0 / 0                 0 / 0                 0 / 0           ops/s
[310.162s][info][gc,stats    ]      Memory: Out Of Memory                                     0 / 0                 0 / 0                 0 / 0                 0 / 0           ops/s
[310.162s][info][gc,stats    ]      Memory: Page Cache Flush                                  0 / 0                 0 / 0                 0 / 0                 0 / 0           MB/s
[310.162s][info][gc,stats    ]      Memory: Page Cache Hit L1                               178 / 188             165 / 197             165 / 197             165 / 197         ops/s
[310.162s][info][gc,stats    ]      Memory: Page Cache Hit L2                                 0 / 0                 0 / 0                 0 / 0                 0 / 0           ops/s
[310.162s][info][gc,stats    ]      Memory: Page Cache Hit L3                                 0 / 0                 3 / 141               3 / 141               3 / 141         ops/s
[310.162s][info][gc,stats    ]      Memory: Page Cache Miss                                   0 / 0                 0 / 1                 0 / 1                 0 / 1           ops/s
[310.162s][info][gc,stats    ]      Memory: Uncommit                                          4 / 48                0 / 48                0 / 48                0 / 48          MB/s
[310.162s][info][gc,stats    ]      Memory: Undo Object Allocation Failed                     0 / 0                 0 / 0                 0 / 0                 0 / 0           ops/s
[310.162s][info][gc,stats    ]      Memory: Undo Object Allocation Succeeded                  0 / 3                 0 / 5                 0 / 5                 0 / 5           ops/s
[310.162s][info][gc,stats    ]      Memory: Undo Page Allocation                              0 / 0                 0 / 0                 0 / 0                 0 / 0           ops/s
[310.162s][info][gc,stats    ]       Phase: Concurrent Mark                              15.181 / 15.305       14.870 / 24.159       14.870 / 24.159       14.870 / 24.159      ms
[310.162s][info][gc,stats    ]       Phase: Concurrent Mark Continue                      0.000 / 0.000         0.000 / 0.000         0.000 / 0.000         0.000 / 0.000       ms
[310.162s][info][gc,stats    ]       Phase: Concurrent Mark Free                          0.001 / 0.002         0.001 / 0.002         0.001 / 0.002         0.001 / 0.002       ms
[310.162s][info][gc,stats    ]       Phase: Concurrent Process Non-Strong References      1.019 / 1.074         1.047 / 5.230         1.047 / 5.230         1.047 / 5.230       ms
[310.162s][info][gc,stats    ]       Phase: Concurrent Relocate                           3.428 / 4.352         3.386 / 5.038         3.386 / 5.038         3.386 / 5.038       ms
[310.162s][info][gc,stats    ]       Phase: Concurrent Reset Relocation Set               0.009 / 0.015         0.010 / 0.023         0.010 / 0.023         0.010 / 0.023       ms
[310.162s][info][gc,stats    ]       Phase: Concurrent Select Relocation Set              5.104 / 6.903         5.307 / 15.356        5.307 / 15.356        5.307 / 15.356      ms
[310.162s][info][gc,stats    ]       Phase: Pause Mark End                                0.026 / 0.029         0.025 / 0.032         0.025 / 0.032         0.025 / 0.032       ms
[310.162s][info][gc,stats    ]       Phase: Pause Mark Start                              0.017 / 0.018         0.018 / 0.021         0.018 / 0.021         0.018 / 0.021       ms
[310.162s][info][gc,stats    ]       Phase: Pause Relocate Start                          0.009 / 0.010         0.009 / 0.028         0.009 / 0.028         0.009 / 0.028       ms
[310.162s][info][gc,stats    ]    Subphase: Concurrent Classes Purge                      0.005 / 0.006         0.019 / 0.876         0.019 / 0.876         0.019 / 0.876       ms
[310.162s][info][gc,stats    ]    Subphase: Concurrent Classes Unlink                     0.709 / 0.739         0.717 / 4.065         0.717 / 4.065         0.717 / 4.065       ms
[310.163s][info][gc,stats    ]    Subphase: Concurrent Mark                              13.425 / 14.195       13.035 / 23.147       13.035 / 23.147       13.035 / 23.147      ms
[310.163s][info][gc,stats    ]    Subphase: Concurrent Mark Try Flush                     0.075 / 0.106         0.074 / 0.223         0.074 / 0.223         0.074 / 0.223       ms
[310.163s][info][gc,stats    ]    Subphase: Concurrent Mark Try Terminate                 8.670 / 12.526        8.207 / 16.572        8.207 / 16.572        8.207 / 16.572      ms
[310.163s][info][gc,stats    ]    Subphase: Concurrent References Enqueue                 0.000 / 0.001         0.001 / 0.004         0.001 / 0.004         0.001 / 0.004       ms
[310.163s][info][gc,stats    ]    Subphase: Concurrent References Process                 0.037 / 0.043         0.042 / 0.089         0.042 / 0.089         0.042 / 0.089       ms
[310.163s][info][gc,stats    ]    Subphase: Concurrent Roots ClassLoaderDataGraph         0.086 / 0.714         0.086 / 0.933         0.086 / 0.933         0.086 / 0.933       ms
[310.163s][info][gc,stats    ]    Subphase: Concurrent Roots CodeCache                    0.000 / 0.000         0.000 / 0.000         0.000 / 0.000         0.000 / 0.000       ms
[310.163s][info][gc,stats    ]    Subphase: Concurrent Roots JavaThreads                  0.598 / 1.068         0.541 / 1.189         0.541 / 1.189         0.541 / 1.189       ms
[310.163s][info][gc,stats    ]    Subphase: Concurrent Roots OopStorageSet                0.017 / 0.049         0.018 / 0.190         0.018 / 0.190         0.018 / 0.190       ms
[310.163s][info][gc,stats    ]    Subphase: Concurrent Weak Roots OopStorageSet           0.142 / 0.173         0.142 / 0.186         0.142 / 0.186         0.142 / 0.186       ms
[310.163s][info][gc,stats    ]    Subphase: Pause Mark Try Complete                       0.000 / 0.000         0.000 / 0.000         0.000 / 0.000         0.000 / 0.000       ms
[310.163s][info][gc,stats    ]      System: Java Threads                                     39 / 39               35 / 41               35 / 41               35 / 41          threads
[310.163s][info][gc,stats    ] =========================================================================================================================================================
[310.949s][info][gc,start    ] GC(187) Garbage Collection (Proactive)
[310.956s][info][gc,task     ] GC(187) Using 12 workers
[310.956s][info][gc,phases   ] GC(187) Pause Mark Start 0.017ms
[310.965s][info][gc,phases   ] GC(187) Concurrent Mark 8.786ms
[310.965s][info][gc,phases   ] GC(187) Pause Mark End 0.027ms
[310.965s][info][gc,phases   ] GC(187) Concurrent Mark Free 0.001ms
[310.966s][info][gc,phases   ] GC(187) Concurrent Process Non-Strong References 1.058ms
[310.966s][info][gc,phases   ] GC(187) Concurrent Reset Relocation Set 0.006ms
[310.970s][info][gc,phases   ] GC(187) Concurrent Select Relocation Set 3.880ms
[310.971s][info][gc,phases   ] GC(187) Pause Relocate Start 0.010ms
[310.974s][info][gc,phases   ] GC(187) Concurrent Relocate 3.129ms
[310.974s][info][gc,load     ] GC(187) Load: 0.00/0.00/0.00
[310.974s][info][gc,mmu      ] GC(187) MMU: 2ms/98.4%, 5ms/99.4%, 10ms/99.6%, 20ms/99.7%, 50ms/99.8%, 100ms/99.9%
[310.974s][info][gc,marking  ] GC(187) Mark: 8 stripe(s), 2 proactive flush(es), 1 terminate flush(es), 0 completion(s), 0 continuation(s) 
[310.974s][info][gc,marking  ] GC(187) Mark Stack Usage: 32M
[310.974s][info][gc,nmethod  ] GC(187) NMethods: 2023 registered, 398 unregistered
[310.974s][info][gc,metaspace] GC(187) Metaspace: 9M used, 10M committed, 1088M reserved
[310.974s][info][gc,ref      ] GC(187) Soft: 214 encountered, 0 discovered, 0 enqueued
[310.974s][info][gc,ref      ] GC(187) Weak: 814 encountered, 60 discovered, 0 enqueued
[310.974s][info][gc,ref      ] GC(187) Final: 0 encountered, 0 discovered, 0 enqueued
[310.974s][info][gc,ref      ] GC(187) Phantom: 27 encountered, 18 discovered, 0 enqueued
[310.974s][info][gc,reloc    ] GC(187) Small Pages: 301 / 602M, Empty: 450M, Relocated: 5M, In-Place: 0
[310.974s][info][gc,reloc    ] GC(187) Medium Pages: 0 / 0M, Empty: 0M, Relocated: 0M, In-Place: 0
[310.974s][info][gc,reloc    ] GC(187) Large Pages: 0 / 0M, Empty: 0M, Relocated: 0M, In-Place: 0
[310.974s][info][gc,reloc    ] GC(187) Forwarding Usage: 1M
[310.974s][info][gc,heap     ] GC(187) Min Capacity: 8M(0%)
[310.974s][info][gc,heap     ] GC(187) Max Capacity: 4096M(100%)
[310.974s][info][gc,heap     ] GC(187) Soft Max Capacity: 4096M(100%)
[310.974s][info][gc,heap     ] GC(187)                Mark Start          Mark End        Relocate Start      Relocate End           High               Low         
[310.974s][info][gc,heap     ] GC(187)  Capacity:     2000M (49%)        2000M (49%)        2000M (49%)        2000M (49%)        2000M (49%)        2000M (49%)    
[310.974s][info][gc,heap     ] GC(187)      Free:     3494M (85%)        3474M (85%)        3920M (96%)        4046M (99%)        4046M (99%)        3472M (85%)    
[310.974s][info][gc,heap     ] GC(187)      Used:      602M (15%)         622M (15%)         176M (4%)           50M (1%)          624M (15%)          50M (1%)     
[310.975s][info][gc,heap     ] GC(187)      Live:         -                 6M (0%)            6M (0%)            6M (0%)             -                  -          
[310.975s][info][gc,heap     ] GC(187) Allocated:         -                20M (0%)           24M (1%)           23M (1%)             -                  -          
[310.975s][info][gc,heap     ] GC(187)   Garbage:         -               595M (15%)         145M (4%)           19M (0%)             -                  -          
[310.975s][info][gc,heap     ] GC(187) Reclaimed:         -                  -               450M (11%)         575M (14%)            -                  -          
[310.975s][info][gc          ] GC(187) Garbage Collection (Proactive) 602M(15%)->50M(1%)
[311.684s][info][gc,start    ] GC(188) Garbage Collection (System.gc())
[311.684s][info][gc,task     ] GC(188) Using 12 workers
[311.684s][info][gc,phases   ] GC(188) Pause Mark Start 0.019ms
[311.698s][info][gc,phases   ] GC(188) Concurrent Mark 13.860ms
[311.698s][info][gc,phases   ] GC(188) Pause Mark End 0.024ms
[311.698s][info][gc,phases   ] GC(188) Concurrent Mark Free 0.001ms
[311.699s][info][gc,phases   ] GC(188) Concurrent Process Non-Strong References 0.990ms
[311.699s][info][gc,phases   ] GC(188) Concurrent Reset Relocation Set 0.013ms
[311.703s][info][gc,phases   ] GC(188) Concurrent Select Relocation Set 3.704ms
[311.703s][info][gc,phases   ] GC(188) Pause Relocate Start 0.010ms
[311.707s][info][gc,phases   ] GC(188) Concurrent Relocate 3.392ms
[311.707s][info][gc,load     ] GC(188) Load: 0.00/0.00/0.00
[311.707s][info][gc,mmu      ] GC(188) MMU: 2ms/98.4%, 5ms/99.4%, 10ms/99.6%, 20ms/99.7%, 50ms/99.8%, 100ms/99.9%
[311.707s][info][gc,marking  ] GC(188) Mark: 8 stripe(s), 1 proactive flush(es), 1 terminate flush(es), 0 completion(s), 0 continuation(s) 
[311.707s][info][gc,marking  ] GC(188) Mark Stack Usage: 32M
[311.707s][info][gc,nmethod  ] GC(188) NMethods: 2023 registered, 399 unregistered
[311.707s][info][gc,metaspace] GC(188) Metaspace: 9M used, 10M committed, 1088M reserved
[311.707s][info][gc,ref      ] GC(188) Soft: 214 encountered, 0 discovered, 0 enqueued
[311.707s][info][gc,ref      ] GC(188) Weak: 814 encountered, 15 discovered, 0 enqueued
[311.707s][info][gc,ref      ] GC(188) Final: 0 encountered, 0 discovered, 0 enqueued
[311.707s][info][gc,ref      ] GC(188) Phantom: 27 encountered, 17 discovered, 0 enqueued
[311.707s][info][gc,reloc    ] GC(188) Small Pages: 137 / 274M, Empty: 246M, Relocated: 4M, In-Place: 0
[311.707s][info][gc,reloc    ] GC(188) Medium Pages: 0 / 0M, Empty: 0M, Relocated: 0M, In-Place: 0
[311.707s][info][gc,reloc    ] GC(188) Large Pages: 0 / 0M, Empty: 0M, Relocated: 0M, In-Place: 0
[311.707s][info][gc,reloc    ] GC(188) Forwarding Usage: 1M
[311.707s][info][gc,heap     ] GC(188) Min Capacity: 8M(0%)
[311.707s][info][gc,heap     ] GC(188) Max Capacity: 4096M(100%)
[311.707s][info][gc,heap     ] GC(188) Soft Max Capacity: 4096M(100%)
[311.707s][info][gc,heap     ] GC(188)                Mark Start          Mark End        Relocate Start      Relocate End           High               Low         
[311.707s][info][gc,heap     ] GC(188)  Capacity:     2000M (49%)        2000M (49%)        2000M (49%)        2000M (49%)        2000M (49%)        2000M (49%)    
[311.707s][info][gc,heap     ] GC(188)      Free:     3822M (93%)        3822M (93%)        4068M (99%)        4072M (99%)        4072M (99%)        3822M (93%)    
[311.707s][info][gc,heap     ] GC(188)      Used:      274M (7%)          274M (7%)           28M (1%)           24M (1%)          274M (7%)           24M (1%)     
[311.707s][info][gc,heap     ] GC(188)      Live:         -                 4M (0%)            4M (0%)            4M (0%)             -                  -          
[311.707s][info][gc,heap     ] GC(188) Allocated:         -                 0M (0%)            0M (0%)            0M (0%)             -                  -          
[311.707s][info][gc,heap     ] GC(188)   Garbage:         -               269M (7%)           23M (1%)           19M (0%)             -                  -          
[311.707s][info][gc,heap     ] GC(188) Reclaimed:         -                  -               246M (6%)          250M (6%)             -                  -          
[311.707s][info][gc          ] GC(188) Garbage Collection (System.gc()) 274M(7%)->24M(1%)
[313.352s][info][gc,start    ] GC(189) Garbage Collection (Proactive)
[313.352s][info][gc,task     ] GC(189) Using 12 workers
[313.353s][info][gc,phases   ] GC(189) Pause Mark Start 0.017ms
[313.368s][info][gc,phases   ] GC(189) Concurrent Mark 15.163ms
[313.368s][info][gc,phases   ] GC(189) Pause Mark End 0.025ms
[313.368s][info][gc,phases   ] GC(189) Concurrent Mark Free 0.002ms
[313.369s][info][gc,phases   ] GC(189) Concurrent Process Non-Strong References 1.091ms
[313.369s][info][gc,phases   ] GC(189) Concurrent Reset Relocation Set 0.002ms
[313.376s][info][gc,phases   ] GC(189) Concurrent Select Relocation Set 6.745ms
[313.376s][info][gc,phases   ] GC(189) Pause Relocate Start 0.009ms
[313.380s][info][gc,phases   ] GC(189) Concurrent Relocate 3.154ms
[313.380s][info][gc,load     ] GC(189) Load: 0.00/0.00/0.00
[313.380s][info][gc,mmu      ] GC(189) MMU: 2ms/98.4%, 5ms/99.4%, 10ms/99.6%, 20ms/99.7%, 50ms/99.8%, 100ms/99.9%
[313.380s][info][gc,marking  ] GC(189) Mark: 8 stripe(s), 2 proactive flush(es), 1 terminate flush(es), 0 completion(s), 0 continuation(s) 
[313.380s][info][gc,marking  ] GC(189) Mark Stack Usage: 32M
[313.380s][info][gc,nmethod  ] GC(189) NMethods: 2023 registered, 399 unregistered
[313.380s][info][gc,metaspace] GC(189) Metaspace: 9M used, 10M committed, 1088M reserved
[313.380s][info][gc,ref      ] GC(189) Soft: 214 encountered, 0 discovered, 0 enqueued
[313.380s][info][gc,ref      ] GC(189) Weak: 814 encountered, 14 discovered, 0 enqueued
[313.380s][info][gc,ref      ] GC(189) Final: 0 encountered, 0 discovered, 0 enqueued
[313.380s][info][gc,ref      ] GC(189) Phantom: 27 encountered, 23 discovered, 0 enqueued
[313.380s][info][gc,reloc    ] GC(189) Small Pages: 291 / 582M, Empty: 338M, Relocated: 4M, In-Place: 0
[313.380s][info][gc,reloc    ] GC(189) Medium Pages: 0 / 0M, Empty: 0M, Relocated: 0M, In-Place: 0
[313.380s][info][gc,reloc    ] GC(189) Large Pages: 0 / 0M, Empty: 0M, Relocated: 0M, In-Place: 0
[313.380s][info][gc,reloc    ] GC(189) Forwarding Usage: 1M
[313.380s][info][gc,heap     ] GC(189) Min Capacity: 8M(0%)
[313.380s][info][gc,heap     ] GC(189) Max Capacity: 4096M(100%)
[313.380s][info][gc,heap     ] GC(189) Soft Max Capacity: 4096M(100%)
[313.380s][info][gc,heap     ] GC(189)                Mark Start          Mark End        Relocate Start      Relocate End           High               Low         
[313.380s][info][gc,heap     ] GC(189)  Capacity:     2000M (49%)        2000M (49%)        2000M (49%)        2000M (49%)        2000M (49%)        2000M (49%)    
[313.380s][info][gc,heap     ] GC(189)      Free:     3514M (86%)        3492M (85%)        3826M (93%)        4044M (99%)        4044M (99%)        3492M (85%)    
[313.380s][info][gc,heap     ] GC(189)      Used:      582M (14%)         604M (15%)         270M (7%)           52M (1%)          604M (15%)          52M (1%)     
[313.380s][info][gc,heap     ] GC(189)      Live:         -                 6M (0%)            6M (0%)            6M (0%)             -                  -          
[313.380s][info][gc,heap     ] GC(189) Allocated:         -                22M (1%)           26M (1%)           25M (1%)             -                  -          
[313.380s][info][gc,heap     ] GC(189)   Garbage:         -               575M (14%)         237M (6%)           19M (0%)             -                  -          
[313.380s][info][gc,heap     ] GC(189) Reclaimed:         -                  -               338M (8%)          555M (14%)            -                  -          
[313.381s][info][gc          ] GC(189) Garbage Collection (Proactive) 582M(14%)->52M(1%)
[315.155s][info][gc,start    ] GC(190) Garbage Collection (Proactive)
[315.155s][info][gc,task     ] GC(190) Using 12 workers
[315.155s][info][gc,phases   ] GC(190) Pause Mark Start 0.019ms
[315.170s][info][gc,phases   ] GC(190) Concurrent Mark 15.158ms
[315.170s][info][gc,phases   ] GC(190) Pause Mark End 0.025ms
[315.171s][info][gc,phases   ] GC(190) Concurrent Mark Free 0.001ms
[315.172s][info][gc,phases   ] GC(190) Concurrent Process Non-Strong References 1.091ms
[315.172s][info][gc,phases   ] GC(190) Concurrent Reset Relocation Set 0.020ms
[315.176s][info][gc,phases   ] GC(190) Concurrent Select Relocation Set 3.922ms
[315.176s][info][gc,phases   ] GC(190) Pause Relocate Start 0.008ms
[315.180s][info][gc,phases   ] GC(190) Concurrent Relocate 3.763ms
[315.180s][info][gc,load     ] GC(190) Load: 0.00/0.00/0.00
[315.180s][info][gc,mmu      ] GC(190) MMU: 2ms/98.4%, 5ms/99.4%, 10ms/99.6%, 20ms/99.7%, 50ms/99.8%, 100ms/99.9%
[315.180s][info][gc,marking  ] GC(190) Mark: 8 stripe(s), 2 proactive flush(es), 1 terminate flush(es), 0 completion(s), 0 continuation(s) 
[315.180s][info][gc,marking  ] GC(190) Mark Stack Usage: 32M
[315.180s][info][gc,nmethod  ] GC(190) NMethods: 2023 registered, 399 unregistered
[315.180s][info][gc,metaspace] GC(190) Metaspace: 9M used, 10M committed, 1088M reserved
[315.180s][info][gc,ref      ] GC(190) Soft: 214 encountered, 0 discovered, 0 enqueued
[315.180s][info][gc,ref      ] GC(190) Weak: 814 encountered, 228 discovered, 0 enqueued
[315.180s][info][gc,ref      ] GC(190) Final: 0 encountered, 0 discovered, 0 enqueued
[315.180s][info][gc,ref      ] GC(190) Phantom: 27 encountered, 11 discovered, 0 enqueued
[315.180s][info][gc,reloc    ] GC(190) Small Pages: 318 / 636M, Empty: 462M, Relocated: 4M, In-Place: 0
[315.180s][info][gc,reloc    ] GC(190) Medium Pages: 0 / 0M, Empty: 0M, Relocated: 0M, In-Place: 0
[315.180s][info][gc,reloc    ] GC(190) Large Pages: 0 / 0M, Empty: 0M, Relocated: 0M, In-Place: 0
[315.180s][info][gc,reloc    ] GC(190) Forwarding Usage: 1M
[315.180s][info][gc,heap     ] GC(190) Min Capacity: 8M(0%)
[315.180s][info][gc,heap     ] GC(190) Max Capacity: 4096M(100%)
[315.180s][info][gc,heap     ] GC(190) Soft Max Capacity: 4096M(100%)
[315.180s][info][gc,heap     ] GC(190)                Mark Start          Mark End        Relocate Start      Relocate End           High               Low         
[315.180s][info][gc,heap     ] GC(190)  Capacity:     2000M (49%)        2000M (49%)        2000M (49%)        2000M (49%)        2000M (49%)        2000M (49%)    
[315.180s][info][gc,heap     ] GC(190)      Free:     3460M (84%)        3442M (84%)        3904M (95%)        4052M (99%)        4052M (99%)        3442M (84%)    
[315.180s][info][gc,heap     ] GC(190)      Used:      636M (16%)         654M (16%)         192M (5%)           44M (1%)          654M (16%)          44M (1%)     
[315.180s][info][gc,heap     ] GC(190)      Live:         -                 6M (0%)            6M (0%)            6M (0%)             -                  -          
[315.181s][info][gc,heap     ] GC(190) Allocated:         -                18M (0%)           18M (0%)           17M (0%)             -                  -          
[315.181s][info][gc,heap     ] GC(190)   Garbage:         -               629M (15%)         167M (4%)           19M (0%)             -                  -          
[315.181s][info][gc,heap     ] GC(190) Reclaimed:         -                  -               462M (11%)         609M (15%)            -                  -          
[315.181s][info][gc          ] GC(190) Garbage Collection (Proactive) 636M(16%)->44M(1%)
[316.863s][info][gc,start    ] GC(191) Garbage Collection (Proactive)
[316.863s][info][gc,task     ] GC(191) Using 12 workers
[316.863s][info][gc,phases   ] GC(191) Pause Mark Start 0.018ms
[316.879s][info][gc,phases   ] GC(191) Concurrent Mark 15.242ms
[316.879s][info][gc,phases   ] GC(191) Pause Mark End 0.026ms
[316.879s][info][gc,phases   ] GC(191) Concurrent Mark Free 0.001ms
[316.880s][info][gc,phases   ] GC(191) Concurrent Process Non-Strong References 1.039ms
[316.880s][info][gc,phases   ] GC(191) Concurrent Reset Relocation Set 0.015ms
[316.887s][info][gc,phases   ] GC(191) Concurrent Select Relocation Set 6.725ms
[316.887s][info][gc,phases   ] GC(191) Pause Relocate Start 0.010ms
[316.891s][info][gc,phases   ] GC(191) Concurrent Relocate 3.887ms
[316.891s][info][gc,load     ] GC(191) Load: 0.00/0.00/0.00
[316.891s][info][gc,mmu      ] GC(191) MMU: 2ms/98.4%, 5ms/99.4%, 10ms/99.6%, 20ms/99.7%, 50ms/99.8%, 100ms/99.9%
[316.891s][info][gc,marking  ] GC(191) Mark: 8 stripe(s), 4 proactive flush(es), 1 terminate flush(es), 0 completion(s), 0 continuation(s) 
[316.891s][info][gc,marking  ] GC(191) Mark Stack Usage: 32M
[316.891s][info][gc,nmethod  ] GC(191) NMethods: 2023 registered, 399 unregistered
[316.891s][info][gc,metaspace] GC(191) Metaspace: 9M used, 10M committed, 1088M reserved
[316.891s][info][gc,ref      ] GC(191) Soft: 214 encountered, 0 discovered, 0 enqueued
[316.891s][info][gc,ref      ] GC(191) Weak: 814 encountered, 29 discovered, 0 enqueued
[316.891s][info][gc,ref      ] GC(191) Final: 0 encountered, 0 discovered, 0 enqueued
[316.891s][info][gc,ref      ] GC(191) Phantom: 27 encountered, 15 discovered, 0 enqueued
[316.891s][info][gc,reloc    ] GC(191) Small Pages: 306 / 612M, Empty: 394M, Relocated: 4M, In-Place: 0
[316.891s][info][gc,reloc    ] GC(191) Medium Pages: 0 / 0M, Empty: 0M, Relocated: 0M, In-Place: 0
[316.892s][info][gc,reloc    ] GC(191) Large Pages: 0 / 0M, Empty: 0M, Relocated: 0M, In-Place: 0
[316.892s][info][gc,reloc    ] GC(191) Forwarding Usage: 1M
[316.892s][info][gc,heap     ] GC(191) Min Capacity: 8M(0%)
[316.892s][info][gc,heap     ] GC(191) Max Capacity: 4096M(100%)
[316.892s][info][gc,heap     ] GC(191) Soft Max Capacity: 4096M(100%)
[316.892s][info][gc,heap     ] GC(191)                Mark Start          Mark End        Relocate Start      Relocate End           High               Low         
[316.892s][info][gc,heap     ] GC(191)  Capacity:     2000M (49%)        2000M (49%)        2000M (49%)        2000M (49%)        2000M (49%)        2000M (49%)    
[316.892s][info][gc,heap     ] GC(191)      Free:     3484M (85%)        3466M (85%)        3860M (94%)        4050M (99%)        4050M (99%)        3466M (85%)    
[316.892s][info][gc,heap     ] GC(191)      Used:      612M (15%)         630M (15%)         236M (6%)           46M (1%)          630M (15%)          46M (1%)     
[316.892s][info][gc,heap     ] GC(191)      Live:         -                 6M (0%)            6M (0%)            6M (0%)             -                  -          
[316.892s][info][gc,heap     ] GC(191) Allocated:         -                18M (0%)           18M (0%)           19M (0%)             -                  -          
[316.892s][info][gc,heap     ] GC(191)   Garbage:         -               605M (15%)         211M (5%)           19M (0%)             -                  -          
[316.892s][info][gc,heap     ] GC(191) Reclaimed:         -                  -               394M (10%)         585M (14%)            -                  -          
[316.892s][info][gc          ] GC(191) Garbage Collection (Proactive) 612M(15%)->46M(1%)
[318.341s][info][gc,start    ] GC(192) Garbage Collection (System.gc())
[318.341s][info][gc,task     ] GC(192) Using 12 workers
[318.341s][info][gc,phases   ] GC(192) Pause Mark Start 0.017ms
[318.353s][info][gc,phases   ] GC(192) Concurrent Mark 11.430ms
[318.353s][info][gc,phases   ] GC(192) Pause Mark End 0.021ms
[318.353s][info][gc,phases   ] GC(192) Concurrent Mark Free 0.001ms
[318.354s][info][gc,phases   ] GC(192) Concurrent Process Non-Strong References 0.963ms
[318.354s][info][gc,phases   ] GC(192) Concurrent Reset Relocation Set 0.017ms
[318.358s][info][gc,phases   ] GC(192) Concurrent Select Relocation Set 3.819ms
[318.358s][info][gc,phases   ] GC(192) Pause Relocate Start 0.007ms
[318.362s][info][gc,phases   ] GC(192) Concurrent Relocate 3.950ms
[318.362s][info][gc,load     ] GC(192) Load: 0.00/0.00/0.00
[318.362s][info][gc,mmu      ] GC(192) MMU: 2ms/98.4%, 5ms/99.4%, 10ms/99.6%, 20ms/99.7%, 50ms/99.8%, 100ms/99.9%
[318.362s][info][gc,marking  ] GC(192) Mark: 8 stripe(s), 1 proactive flush(es), 1 terminate flush(es), 0 completion(s), 0 continuation(s) 
[318.362s][info][gc,marking  ] GC(192) Mark Stack Usage: 32M
[318.362s][info][gc,nmethod  ] GC(192) NMethods: 2023 registered, 399 unregistered
[318.363s][info][gc,metaspace] GC(192) Metaspace: 9M used, 10M committed, 1088M reserved
[318.363s][info][gc,ref      ] GC(192) Soft: 214 encountered, 0 discovered, 0 enqueued
[318.363s][info][gc,ref      ] GC(192) Weak: 814 encountered, 12 discovered, 0 enqueued
[318.363s][info][gc,ref      ] GC(192) Final: 0 encountered, 0 discovered, 0 enqueued
[318.363s][info][gc,ref      ] GC(192) Phantom: 27 encountered, 21 discovered, 0 enqueued
[318.363s][info][gc,reloc    ] GC(192) Small Pages: 264 / 528M, Empty: 502M, Relocated: 4M, In-Place: 0
[318.363s][info][gc,reloc    ] GC(192) Medium Pages: 0 / 0M, Empty: 0M, Relocated: 0M, In-Place: 0
[318.363s][info][gc,reloc    ] GC(192) Large Pages: 0 / 0M, Empty: 0M, Relocated: 0M, In-Place: 0
[318.363s][info][gc,reloc    ] GC(192) Forwarding Usage: 1M
[318.363s][info][gc,heap     ] GC(192) Min Capacity: 8M(0%)
[318.363s][info][gc,heap     ] GC(192) Max Capacity: 4096M(100%)
[318.363s][info][gc,heap     ] GC(192) Soft Max Capacity: 4096M(100%)
[318.363s][info][gc,heap     ] GC(192)                Mark Start          Mark End        Relocate Start      Relocate End           High               Low         
[318.363s][info][gc,heap     ] GC(192)  Capacity:     2000M (49%)        2000M (49%)        2000M (49%)        2000M (49%)        2000M (49%)        2000M (49%)    
[318.363s][info][gc,heap     ] GC(192)      Free:     3568M (87%)        3568M (87%)        4070M (99%)        4072M (99%)        4072M (99%)        3568M (87%)    
[318.363s][info][gc,heap     ] GC(192)      Used:      528M (13%)         528M (13%)          26M (1%)           24M (1%)          528M (13%)          24M (1%)     
[318.363s][info][gc,heap     ] GC(192)      Live:         -                 4M (0%)            4M (0%)            4M (0%)             -                  -          
[318.363s][info][gc,heap     ] GC(192) Allocated:         -                 0M (0%)            0M (0%)            0M (0%)             -                  -          
[318.363s][info][gc,heap     ] GC(192)   Garbage:         -               523M (13%)          21M (1%)           19M (0%)             -                  -          
[318.363s][info][gc,heap     ] GC(192) Reclaimed:         -                  -               502M (12%)         504M (12%)            -                  -          
[318.363s][info][gc          ] GC(192) Garbage Collection (System.gc()) 528M(13%)->24M(1%)
[320.061s][info][gc,start    ] GC(193) Garbage Collection (Proactive)
[320.061s][info][gc,task     ] GC(193) Using 12 workers
[320.062s][info][gc,phases   ] GC(193) Pause Mark Start 0.020ms
[320.077s][info][gc,phases   ] GC(193) Concurrent Mark 15.275ms
[320.077s][info][gc,phases   ] GC(193) Pause Mark End 0.025ms
[320.077s][info][gc,phases   ] GC(193) Concurrent Mark Free 0.002ms
[320.078s][info][gc,phases   ] GC(193) Concurrent Process Non-Strong References 1.071ms
[320.078s][info][gc,phases   ] GC(193) Concurrent Reset Relocation Set 0.003ms
[320.085s][info][gc,phases   ] GC(193) Concurrent Select Relocation Set 6.627ms
[320.085s][info][gc,phases   ] GC(193) Pause Relocate Start 0.010ms
[320.088s][info][gc,phases   ] GC(193) Concurrent Relocate 2.889ms
[320.088s][info][gc,load     ] GC(193) Load: 0.00/0.00/0.00
[320.088s][info][gc,mmu      ] GC(193) MMU: 2ms/98.4%, 5ms/99.4%, 10ms/99.6%, 20ms/99.7%, 50ms/99.8%, 100ms/99.9%
[320.088s][info][gc,marking  ] GC(193) Mark: 8 stripe(s), 2 proactive flush(es), 1 terminate flush(es), 0 completion(s), 0 continuation(s) 
[320.088s][info][gc,marking  ] GC(193) Mark Stack Usage: 32M
[320.088s][info][gc,nmethod  ] GC(193) NMethods: 2023 registered, 399 unregistered
[320.089s][info][gc,metaspace] GC(193) Metaspace: 9M used, 10M committed, 1088M reserved
[320.089s][info][gc,ref      ] GC(193) Soft: 214 encountered, 0 discovered, 0 enqueued
[320.089s][info][gc,ref      ] GC(193) Weak: 814 encountered, 18 discovered, 0 enqueued
[320.089s][info][gc,ref      ] GC(193) Final: 0 encountered, 0 discovered, 0 enqueued
[320.089s][info][gc,ref      ] GC(193) Phantom: 27 encountered, 9 discovered, 0 enqueued
[320.089s][info][gc,reloc    ] GC(193) Small Pages: 289 / 578M, Empty: 366M, Relocated: 5M, In-Place: 0
[320.089s][info][gc,reloc    ] GC(193) Medium Pages: 0 / 0M, Empty: 0M, Relocated: 0M, In-Place: 0
[320.089s][info][gc,reloc    ] GC(193) Large Pages: 0 / 0M, Empty: 0M, Relocated: 0M, In-Place: 0
[320.089s][info][gc,reloc    ] GC(193) Forwarding Usage: 1M
[320.089s][info][gc,heap     ] GC(193) Min Capacity: 8M(0%)
[320.089s][info][gc,heap     ] GC(193) Max Capacity: 4096M(100%)
[320.089s][info][gc,heap     ] GC(193) Soft Max Capacity: 4096M(100%)
[320.089s][info][gc,heap     ] GC(193)                Mark Start          Mark End        Relocate Start      Relocate End           High               Low         
[320.089s][info][gc,heap     ] GC(193)  Capacity:     2000M (49%)        2000M (49%)        2000M (49%)        2000M (49%)        2000M (49%)        2000M (49%)    
[320.089s][info][gc,heap     ] GC(193)      Free:     3518M (86%)        3498M (85%)        3864M (94%)        4050M (99%)        4050M (99%)        3498M (85%)    
[320.089s][info][gc,heap     ] GC(193)      Used:      578M (14%)         598M (15%)         232M (6%)           46M (1%)          598M (15%)          46M (1%)     
[320.089s][info][gc,heap     ] GC(193)      Live:         -                 6M (0%)            6M (0%)            6M (0%)             -                  -          
[320.089s][info][gc,heap     ] GC(193) Allocated:         -                20M (0%)           20M (0%)           19M (0%)             -                  -          
[320.089s][info][gc,heap     ] GC(193)   Garbage:         -               571M (14%)         205M (5%)           19M (0%)             -                  -          
[320.089s][info][gc,heap     ] GC(193) Reclaimed:         -                  -               366M (9%)          551M (13%)            -                  -          
[320.089s][info][gc          ] GC(193) Garbage Collection (Proactive) 578M(14%)->46M(1%)
[320.155s][info][gc,stats    ] === Garbage Collection Statistics =======================================================================================================================
[320.155s][info][gc,stats    ]                                                              Last 10s              Last 10m              Last 10h                Total
[320.155s][info][gc,stats    ]                                                              Avg / Max             Avg / Max             Avg / Max             Avg / Max
[320.155s][info][gc,stats    ]   Collector: Garbage Collection Cycle                     25.272 / 28.087       26.674 / 83.902       26.674 / 83.902       26.674 / 83.902      ms
[320.155s][info][gc,stats    ]  Contention: Mark Segment Reset Contention                     1 / 4                 1 / 12                1 / 12                1 / 12          ops/s
[320.155s][info][gc,stats    ]  Contention: Mark SeqNum Reset Contention                      0 / 1                 0 / 3                 0 / 3                 0 / 3           ops/s
[320.155s][info][gc,stats    ]    Critical: Allocation Stall                                  0 / 0                 0 / 0                 0 / 0                 0 / 0           ops/s
[320.155s][info][gc,stats    ]    Critical: Allocation Stall                              0.000 / 0.000         0.000 / 0.000         0.000 / 0.000         0.000 / 0.000       ms
[320.155s][info][gc,stats    ]    Critical: GC Locker Stall                                   0 / 0                 0 / 0                 0 / 0                 0 / 0           ops/s
[320.155s][info][gc,stats    ]    Critical: GC Locker Stall                               0.000 / 0.000         0.000 / 0.000         0.000 / 0.000         0.000 / 0.000       ms
[320.155s][info][gc,stats    ]    Critical: Relocation Stall                                  0 / 0                 0 / 0                 0 / 0                 0 / 0           ops/s
[320.155s][info][gc,stats    ]    Critical: Relocation Stall                              0.000 / 0.000         0.000 / 0.000         0.000 / 0.000         0.000 / 0.000       ms
[320.155s][info][gc,stats    ]      Memory: Allocation Rate                                 335 / 354             324 / 356             324 / 356             324 / 356         MB/s
[320.155s][info][gc,stats    ]      Memory: Defragment                                        0 / 0                 0 / 0                 0 / 0                 0 / 0           ops/s
[320.155s][info][gc,stats    ]      Memory: Out Of Memory                                     0 / 0                 0 / 0                 0 / 0                 0 / 0           ops/s
[320.156s][info][gc,stats    ]      Memory: Page Cache Flush                                  0 / 0                 0 / 0                 0 / 0                 0 / 0           MB/s
[320.156s][info][gc,stats    ]      Memory: Page Cache Hit L1                               176 / 189             166 / 197             166 / 197             166 / 197         ops/s
[320.156s][info][gc,stats    ]      Memory: Page Cache Hit L2                                 0 / 0                 0 / 0                 0 / 0                 0 / 0           ops/s
[320.156s][info][gc,stats    ]      Memory: Page Cache Hit L3                                 0 / 0                 3 / 141               3 / 141               3 / 141         ops/s
[320.156s][info][gc,stats    ]      Memory: Page Cache Miss                                   0 / 0                 0 / 1                 0 / 1                 0 / 1           ops/s
[320.156s][info][gc,stats    ]      Memory: Uncommit                                          0 / 0                 0 / 48                0 / 48                0 / 48          MB/s
[320.156s][info][gc,stats    ]      Memory: Undo Object Allocation Failed                     0 / 0                 0 / 0                 0 / 0                 0 / 0           ops/s
[320.156s][info][gc,stats    ]      Memory: Undo Object Allocation Succeeded                  0 / 1                 0 / 5                 0 / 5                 0 / 5           ops/s
[320.156s][info][gc,stats    ]      Memory: Undo Page Allocation                              0 / 0                 0 / 0                 0 / 0                 0 / 0           ops/s
[320.156s][info][gc,stats    ]       Phase: Concurrent Mark                              13.559 / 15.275       14.823 / 24.159       14.823 / 24.159       14.823 / 24.159      ms
[320.156s][info][gc,stats    ]       Phase: Concurrent Mark Continue                      0.000 / 0.000         0.000 / 0.000         0.000 / 0.000         0.000 / 0.000       ms
[320.156s][info][gc,stats    ]       Phase: Concurrent Mark Free                          0.001 / 0.002         0.001 / 0.002         0.001 / 0.002         0.001 / 0.002       ms
[320.156s][info][gc,stats    ]       Phase: Concurrent Process Non-Strong References      1.043 / 1.091         1.047 / 5.230         1.047 / 5.230         1.047 / 5.230       ms
[320.156s][info][gc,stats    ]       Phase: Concurrent Relocate                           3.452 / 3.950         3.388 / 5.038         3.388 / 5.038         3.388 / 5.038       ms
[320.156s][info][gc,stats    ]       Phase: Concurrent Reset Relocation Set               0.011 / 0.020         0.010 / 0.023         0.010 / 0.023         0.010 / 0.023       ms
[320.156s][info][gc,stats    ]       Phase: Concurrent Select Relocation Set              5.060 / 6.745         5.298 / 15.356        5.298 / 15.356        5.298 / 15.356      ms
[320.156s][info][gc,stats    ]       Phase: Pause Mark End                                0.025 / 0.027         0.025 / 0.032         0.025 / 0.032         0.025 / 0.032       ms
[320.156s][info][gc,stats    ]       Phase: Pause Mark Start                              0.018 / 0.020         0.018 / 0.021         0.018 / 0.021         0.018 / 0.021       ms
[320.156s][info][gc,stats    ]       Phase: Pause Relocate Start                          0.009 / 0.010         0.009 / 0.028         0.009 / 0.028         0.009 / 0.028       ms
[320.156s][info][gc,stats    ]    Subphase: Concurrent Classes Purge                      0.007 / 0.018         0.019 / 0.876         0.019 / 0.876         0.019 / 0.876       ms
[320.156s][info][gc,stats    ]    Subphase: Concurrent Classes Unlink                     0.724 / 0.751         0.717 / 4.065         0.717 / 4.065         0.717 / 4.065       ms
[320.156s][info][gc,stats    ]    Subphase: Concurrent Mark                              11.822 / 14.165       12.991 / 23.147       12.991 / 23.147       12.991 / 23.147      ms
[320.157s][info][gc,stats    ]    Subphase: Concurrent Mark Try Flush                     0.075 / 0.123         0.074 / 0.223         0.074 / 0.223         0.074 / 0.223       ms
[320.157s][info][gc,stats    ]    Subphase: Concurrent Mark Try Terminate                 7.469 / 11.976        8.181 / 16.572        8.181 / 16.572        8.181 / 16.572      ms
[320.157s][info][gc,stats    ]    Subphase: Concurrent References Enqueue                 0.000 / 0.001         0.001 / 0.004         0.001 / 0.004         0.001 / 0.004       ms
[320.157s][info][gc,stats    ]    Subphase: Concurrent References Process                 0.042 / 0.066         0.042 / 0.089         0.042 / 0.089         0.042 / 0.089       ms
[320.157s][info][gc,stats    ]    Subphase: Concurrent Roots ClassLoaderDataGraph         0.081 / 0.721         0.086 / 0.933         0.086 / 0.933         0.086 / 0.933       ms
[320.157s][info][gc,stats    ]    Subphase: Concurrent Roots CodeCache                    0.000 / 0.000         0.000 / 0.000         0.000 / 0.000         0.000 / 0.000       ms
[320.157s][info][gc,stats    ]    Subphase: Concurrent Roots JavaThreads                  0.582 / 1.073         0.543 / 1.189         0.543 / 1.189         0.543 / 1.189       ms
[320.157s][info][gc,stats    ]    Subphase: Concurrent Roots OopStorageSet                0.015 / 0.050         0.018 / 0.190         0.018 / 0.190         0.018 / 0.190       ms
[320.157s][info][gc,stats    ]    Subphase: Concurrent Weak Roots OopStorageSet           0.143 / 0.175         0.142 / 0.186         0.142 / 0.186         0.142 / 0.186       ms
[320.157s][info][gc,stats    ]    Subphase: Pause Mark Try Complete                       0.000 / 0.000         0.000 / 0.000         0.000 / 0.000         0.000 / 0.000       ms
[320.157s][info][gc,stats    ]      System: Java Threads                                     39 / 39               35 / 41               35 / 41               35 / 41          threads
[320.157s][info][gc,stats    ] =========================================================================================================================================================
[321.858s][info][gc,start    ] GC(194) Garbage Collection (Proactive)
[321.858s][info][gc,task     ] GC(194) Using 12 workers
[321.858s][info][gc,phases   ] GC(194) Pause Mark Start 0.018ms
[321.873s][info][gc,phases   ] GC(194) Concurrent Mark 15.140ms
[321.873s][info][gc,phases   ] GC(194) Pause Mark End 0.025ms
[321.874s][info][gc,phases   ] GC(194) Concurrent Mark Free 0.001ms
[321.875s][info][gc,phases   ] GC(194) Concurrent Process Non-Strong References 1.057ms
[321.875s][info][gc,phases   ] GC(194) Concurrent Reset Relocation Set 0.015ms
[321.882s][info][gc,phases   ] GC(194) Concurrent Select Relocation Set 6.843ms
[321.882s][info][gc,phases   ] GC(194) Pause Relocate Start 0.009ms
[321.885s][info][gc,phases   ] GC(194) Concurrent Relocate 3.491ms
[321.885s][info][gc,load     ] GC(194) Load: 0.00/0.00/0.00
[321.885s][info][gc,mmu      ] GC(194) MMU: 2ms/98.4%, 5ms/99.4%, 10ms/99.6%, 20ms/99.7%, 50ms/99.8%, 100ms/99.9%
[321.886s][info][gc,marking  ] GC(194) Mark: 8 stripe(s), 2 proactive flush(es), 1 terminate flush(es), 0 completion(s), 0 continuation(s) 
[321.886s][info][gc,marking  ] GC(194) Mark Stack Usage: 32M
[321.886s][info][gc,nmethod  ] GC(194) NMethods: 2023 registered, 399 unregistered
[321.886s][info][gc,metaspace] GC(194) Metaspace: 9M used, 10M committed, 1088M reserved
[321.886s][info][gc,ref      ] GC(194) Soft: 214 encountered, 0 discovered, 0 enqueued
[321.886s][info][gc,ref      ] GC(194) Weak: 814 encountered, 5 discovered, 0 enqueued
[321.886s][info][gc,ref      ] GC(194) Final: 0 encountered, 0 discovered, 0 enqueued
[321.886s][info][gc,ref      ] GC(194) Phantom: 27 encountered, 23 discovered, 0 enqueued
[321.886s][info][gc,reloc    ] GC(194) Small Pages: 312 / 624M, Empty: 496M, Relocated: 5M, In-Place: 0
[321.886s][info][gc,reloc    ] GC(194) Medium Pages: 0 / 0M, Empty: 0M, Relocated: 0M, In-Place: 0
[321.886s][info][gc,reloc    ] GC(194) Large Pages: 0 / 0M, Empty: 0M, Relocated: 0M, In-Place: 0
[321.886s][info][gc,reloc    ] GC(194) Forwarding Usage: 1M
[321.886s][info][gc,heap     ] GC(194) Min Capacity: 8M(0%)
[321.886s][info][gc,heap     ] GC(194) Max Capacity: 4096M(100%)
[321.886s][info][gc,heap     ] GC(194) Soft Max Capacity: 4096M(100%)
[321.886s][info][gc,heap     ] GC(194)                Mark Start          Mark End        Relocate Start      Relocate End           High               Low         
[321.886s][info][gc,heap     ] GC(194)  Capacity:     2000M (49%)        2000M (49%)        2000M (49%)        2000M (49%)        2000M (49%)        2000M (49%)    
[321.886s][info][gc,heap     ] GC(194)      Free:     3472M (85%)        3456M (84%)        3948M (96%)        4046M (99%)        4046M (99%)        3456M (84%)    
[321.886s][info][gc,heap     ] GC(194)      Used:      624M (15%)         640M (16%)         148M (4%)           50M (1%)          640M (16%)          50M (1%)     
[321.886s][info][gc,heap     ] GC(194)      Live:         -                 6M (0%)            6M (0%)            6M (0%)             -                  -          
[321.886s][info][gc,heap     ] GC(194) Allocated:         -                16M (0%)           20M (0%)           23M (1%)             -                  -          
[321.886s][info][gc,heap     ] GC(194)   Garbage:         -               617M (15%)         121M (3%)           19M (0%)             -                  -          
[321.886s][info][gc,heap     ] GC(194) Reclaimed:         -                  -               496M (12%)         597M (15%)            -                  -          
[321.886s][info][gc          ] GC(194) Garbage Collection (Proactive) 624M(15%)->50M(1%)
[323.560s][info][gc,start    ] GC(195) Garbage Collection (Proactive)
[323.560s][info][gc,task     ] GC(195) Using 12 workers
[323.561s][info][gc,phases   ] GC(195) Pause Mark Start 0.018ms
[323.576s][info][gc,phases   ] GC(195) Concurrent Mark 15.106ms
[323.576s][info][gc,phases   ] GC(195) Pause Mark End 0.026ms
[323.576s][info][gc,phases   ] GC(195) Concurrent Mark Free 0.001ms
[323.577s][info][gc,phases   ] GC(195) Concurrent Process Non-Strong References 1.082ms
[323.577s][info][gc,phases   ] GC(195) Concurrent Reset Relocation Set 0.010ms
[323.581s][info][gc,phases   ] GC(195) Concurrent Select Relocation Set 3.655ms
[323.581s][info][gc,phases   ] GC(195) Pause Relocate Start 0.007ms
[323.586s][info][gc,phases   ] GC(195) Concurrent Relocate 4.654ms
[323.586s][info][gc,load     ] GC(195) Load: 0.00/0.00/0.00
[323.586s][info][gc,mmu      ] GC(195) MMU: 2ms/98.4%, 5ms/99.4%, 10ms/99.6%, 20ms/99.7%, 50ms/99.8%, 100ms/99.9%
[323.586s][info][gc,marking  ] GC(195) Mark: 8 stripe(s), 2 proactive flush(es), 1 terminate flush(es), 0 completion(s), 0 continuation(s) 
[323.586s][info][gc,marking  ] GC(195) Mark Stack Usage: 32M
[323.586s][info][gc,nmethod  ] GC(195) NMethods: 2023 registered, 399 unregistered
[323.586s][info][gc,metaspace] GC(195) Metaspace: 9M used, 10M committed, 1088M reserved
[323.586s][info][gc,ref      ] GC(195) Soft: 214 encountered, 0 discovered, 0 enqueued
[323.586s][info][gc,ref      ] GC(195) Weak: 814 encountered, 104 discovered, 0 enqueued
[323.586s][info][gc,ref      ] GC(195) Final: 0 encountered, 0 discovered, 0 enqueued
[323.586s][info][gc,ref      ] GC(195) Phantom: 27 encountered, 15 discovered, 0 enqueued
[323.586s][info][gc,reloc    ] GC(195) Small Pages: 294 / 588M, Empty: 500M, Relocated: 4M, In-Place: 0
[323.586s][info][gc,reloc    ] GC(195) Medium Pages: 0 / 0M, Empty: 0M, Relocated: 0M, In-Place: 0
[323.587s][info][gc,reloc    ] GC(195) Large Pages: 0 / 0M, Empty: 0M, Relocated: 0M, In-Place: 0
[323.587s][info][gc,reloc    ] GC(195) Forwarding Usage: 1M
[323.587s][info][gc,heap     ] GC(195) Min Capacity: 8M(0%)
[323.587s][info][gc,heap     ] GC(195) Max Capacity: 4096M(100%)
[323.587s][info][gc,heap     ] GC(195) Soft Max Capacity: 4096M(100%)
[323.587s][info][gc,heap     ] GC(195)                Mark Start          Mark End        Relocate Start      Relocate End           High               Low         
[323.587s][info][gc,heap     ] GC(195)  Capacity:     2000M (49%)        2000M (49%)        2000M (49%)        2000M (49%)        2000M (49%)        2000M (49%)    
[323.587s][info][gc,heap     ] GC(195)      Free:     3508M (86%)        3488M (85%)        3986M (97%)        4048M (99%)        4048M (99%)        3488M (85%)    
[323.587s][info][gc,heap     ] GC(195)      Used:      588M (14%)         608M (15%)         110M (3%)           48M (1%)          608M (15%)          48M (1%)     
[323.587s][info][gc,heap     ] GC(195)      Live:         -                 6M (0%)            6M (0%)            6M (0%)             -                  -          
[323.587s][info][gc,heap     ] GC(195) Allocated:         -                20M (0%)           22M (1%)           21M (1%)             -                  -          
[323.587s][info][gc,heap     ] GC(195)   Garbage:         -               581M (14%)          81M (2%)           19M (0%)             -                  -          
[323.587s][info][gc,heap     ] GC(195) Reclaimed:         -                  -               500M (12%)         561M (14%)            -                  -          
[323.587s][info][gc          ] GC(195) Garbage Collection (Proactive) 588M(14%)->48M(1%)
[325.115s][info][gc,start    ] GC(196) Garbage Collection (System.gc())
[325.115s][info][gc,task     ] GC(196) Using 12 workers
[325.116s][info][gc,phases   ] GC(196) Pause Mark Start 0.018ms
[325.122s][info][gc,phases   ] GC(196) Concurrent Mark 6.802ms
[325.123s][info][gc,phases   ] GC(196) Pause Mark End 0.021ms
[325.123s][info][gc,phases   ] GC(196) Concurrent Mark Free 0.001ms
[325.124s][info][gc,phases   ] GC(196) Concurrent Process Non-Strong References 0.998ms
[325.124s][info][gc,phases   ] GC(196) Concurrent Reset Relocation Set 0.007ms
[325.128s][info][gc,phases   ] GC(196) Concurrent Select Relocation Set 3.852ms
[325.128s][info][gc,phases   ] GC(196) Pause Relocate Start 0.007ms
[325.131s][info][gc,phases   ] GC(196) Concurrent Relocate 3.468ms
[325.131s][info][gc,load     ] GC(196) Load: 0.00/0.00/0.00
[325.131s][info][gc,mmu      ] GC(196) MMU: 2ms/98.4%, 5ms/99.4%, 10ms/99.6%, 20ms/99.7%, 50ms/99.8%, 100ms/99.9%
[325.131s][info][gc,marking  ] GC(196) Mark: 8 stripe(s), 1 proactive flush(es), 1 terminate flush(es), 0 completion(s), 0 continuation(s) 
[325.131s][info][gc,marking  ] GC(196) Mark Stack Usage: 32M
[325.132s][info][gc,nmethod  ] GC(196) NMethods: 2024 registered, 399 unregistered
[325.132s][info][gc,metaspace] GC(196) Metaspace: 9M used, 10M committed, 1088M reserved
[325.132s][info][gc,ref      ] GC(196) Soft: 214 encountered, 0 discovered, 0 enqueued
[325.132s][info][gc,ref      ] GC(196) Weak: 814 encountered, 11 discovered, 0 enqueued
[325.132s][info][gc,ref      ] GC(196) Final: 0 encountered, 0 discovered, 0 enqueued
[325.132s][info][gc,ref      ] GC(196) Phantom: 27 encountered, 15 discovered, 0 enqueued
[325.132s][info][gc,reloc    ] GC(196) Small Pages: 272 / 544M, Empty: 514M, Relocated: 4M, In-Place: 0
[325.132s][info][gc,reloc    ] GC(196) Medium Pages: 0 / 0M, Empty: 0M, Relocated: 0M, In-Place: 0
[325.132s][info][gc,reloc    ] GC(196) Large Pages: 0 / 0M, Empty: 0M, Relocated: 0M, In-Place: 0
[325.132s][info][gc,reloc    ] GC(196) Forwarding Usage: 1M
[325.132s][info][gc,heap     ] GC(196) Min Capacity: 8M(0%)
[325.132s][info][gc,heap     ] GC(196) Max Capacity: 4096M(100%)
[325.132s][info][gc,heap     ] GC(196) Soft Max Capacity: 4096M(100%)
[325.132s][info][gc,heap     ] GC(196)                Mark Start          Mark End        Relocate Start      Relocate End           High               Low         
[325.132s][info][gc,heap     ] GC(196)  Capacity:     2000M (49%)        2000M (49%)        2000M (49%)        2000M (49%)        2000M (49%)        2000M (49%)    
[325.132s][info][gc,heap     ] GC(196)      Free:     3552M (87%)        3552M (87%)        4066M (99%)        4072M (99%)        4072M (99%)        3552M (87%)    
[325.132s][info][gc,heap     ] GC(196)      Used:      544M (13%)         544M (13%)          30M (1%)           24M (1%)          544M (13%)          24M (1%)     
[325.132s][info][gc,heap     ] GC(196)      Live:         -                 4M (0%)            4M (0%)            4M (0%)             -                  -          
[325.132s][info][gc,heap     ] GC(196) Allocated:         -                 0M (0%)            0M (0%)            0M (0%)             -                  -          
[325.132s][info][gc,heap     ] GC(196)   Garbage:         -               539M (13%)          25M (1%)           19M (0%)             -                  -          
[325.132s][info][gc,heap     ] GC(196) Reclaimed:         -                  -               514M (13%)         520M (13%)            -                  -          
[325.132s][info][gc          ] GC(196) Garbage Collection (System.gc()) 544M(13%)->24M(1%)
[326.953s][info][gc,start    ] GC(197) Garbage Collection (Proactive)
[326.953s][info][gc,task     ] GC(197) Using 12 workers
[326.953s][info][gc,phases   ] GC(197) Pause Mark Start 0.019ms
[326.968s][info][gc,phases   ] GC(197) Concurrent Mark 15.071ms
[326.968s][info][gc,phases   ] GC(197) Pause Mark End 0.025ms
[326.968s][info][gc,phases   ] GC(197) Concurrent Mark Free 0.002ms
[326.970s][info][gc,phases   ] GC(197) Concurrent Process Non-Strong References 1.099ms
[326.970s][info][gc,phases   ] GC(197) Concurrent Reset Relocation Set 0.002ms
[326.976s][info][gc,phases   ] GC(197) Concurrent Select Relocation Set 5.935ms
[326.976s][info][gc,phases   ] GC(197) Pause Relocate Start 0.010ms
[326.979s][info][gc,phases   ] GC(197) Concurrent Relocate 3.188ms
[326.979s][info][gc,load     ] GC(197) Load: 0.00/0.00/0.00
[326.979s][info][gc,mmu      ] GC(197) MMU: 2ms/98.4%, 5ms/99.4%, 10ms/99.6%, 20ms/99.7%, 50ms/99.8%, 100ms/99.9%
[326.979s][info][gc,marking  ] GC(197) Mark: 8 stripe(s), 3 proactive flush(es), 1 terminate flush(es), 0 completion(s), 0 continuation(s) 
[326.979s][info][gc,marking  ] GC(197) Mark Stack Usage: 32M
[326.979s][info][gc,nmethod  ] GC(197) NMethods: 2023 registered, 400 unregistered
[326.979s][info][gc,metaspace] GC(197) Metaspace: 9M used, 10M committed, 1088M reserved
[326.979s][info][gc,ref      ] GC(197) Soft: 214 encountered, 0 discovered, 0 enqueued
[326.979s][info][gc,ref      ] GC(197) Weak: 814 encountered, 10 discovered, 0 enqueued
[326.979s][info][gc,ref      ] GC(197) Final: 0 encountered, 0 discovered, 0 enqueued
[326.979s][info][gc,ref      ] GC(197) Phantom: 27 encountered, 17 discovered, 0 enqueued
[326.979s][info][gc,reloc    ] GC(197) Small Pages: 311 / 622M, Empty: 380M, Relocated: 4M, In-Place: 0
[326.979s][info][gc,reloc    ] GC(197) Medium Pages: 0 / 0M, Empty: 0M, Relocated: 0M, In-Place: 0
[326.979s][info][gc,reloc    ] GC(197) Large Pages: 0 / 0M, Empty: 0M, Relocated: 0M, In-Place: 0
[326.979s][info][gc,reloc    ] GC(197) Forwarding Usage: 1M
[326.979s][info][gc,heap     ] GC(197) Min Capacity: 8M(0%)
[326.979s][info][gc,heap     ] GC(197) Max Capacity: 4096M(100%)
[326.979s][info][gc,heap     ] GC(197) Soft Max Capacity: 4096M(100%)
[326.979s][info][gc,heap     ] GC(197)                Mark Start          Mark End        Relocate Start      Relocate End           High               Low         
[326.980s][info][gc,heap     ] GC(197)  Capacity:     2000M (49%)        2000M (49%)        2000M (49%)        2000M (49%)        2000M (49%)        2000M (49%)    
[326.980s][info][gc,heap     ] GC(197)      Free:     3474M (85%)        3454M (84%)        3832M (94%)        4048M (99%)        4048M (99%)        3452M (84%)    
[326.980s][info][gc,heap     ] GC(197)      Used:      622M (15%)         642M (16%)         264M (6%)           48M (1%)          644M (16%)          48M (1%)     
[326.980s][info][gc,heap     ] GC(197)      Live:         -                 6M (0%)            6M (0%)            6M (0%)             -                  -          
[326.980s][info][gc,heap     ] GC(197) Allocated:         -                20M (0%)           22M (1%)           21M (1%)             -                  -          
[326.980s][info][gc,heap     ] GC(197)   Garbage:         -               615M (15%)         235M (6%)           19M (0%)             -                  -          
[326.980s][info][gc,heap     ] GC(197) Reclaimed:         -                  -               380M (9%)          595M (15%)            -                  -          
[326.980s][info][gc          ] GC(197) Garbage Collection (Proactive) 622M(15%)->48M(1%)
[328.952s][info][gc,start    ] GC(198) Garbage Collection (Proactive)
[328.952s][info][gc,task     ] GC(198) Using 12 workers
[328.952s][info][gc,phases   ] GC(198) Pause Mark Start 0.019ms
[328.967s][info][gc,phases   ] GC(198) Concurrent Mark 15.185ms
[328.967s][info][gc,phases   ] GC(198) Pause Mark End 0.025ms
[328.967s][info][gc,phases   ] GC(198) Concurrent Mark Free 0.002ms
[328.969s][info][gc,phases   ] GC(198) Concurrent Process Non-Strong References 1.070ms
[328.969s][info][gc,phases   ] GC(198) Concurrent Reset Relocation Set 0.018ms
[328.973s][info][gc,phases   ] GC(198) Concurrent Select Relocation Set 3.872ms
[328.973s][info][gc,phases   ] GC(198) Pause Relocate Start 0.008ms
[328.976s][info][gc,phases   ] GC(198) Concurrent Relocate 3.274ms
[328.976s][info][gc,load     ] GC(198) Load: 0.00/0.00/0.00
[328.976s][info][gc,mmu      ] GC(198) MMU: 2ms/98.4%, 5ms/99.4%, 10ms/99.6%, 20ms/99.7%, 50ms/99.8%, 100ms/99.9%
[328.976s][info][gc,marking  ] GC(198) Mark: 8 stripe(s), 2 proactive flush(es), 1 terminate flush(es), 0 completion(s), 0 continuation(s) 
[328.976s][info][gc,marking  ] GC(198) Mark Stack Usage: 32M
[328.976s][info][gc,nmethod  ] GC(198) NMethods: 2023 registered, 400 unregistered
[328.976s][info][gc,metaspace] GC(198) Metaspace: 9M used, 10M committed, 1088M reserved
[328.976s][info][gc,ref      ] GC(198) Soft: 214 encountered, 0 discovered, 0 enqueued
[328.976s][info][gc,ref      ] GC(198) Weak: 814 encountered, 12 discovered, 0 enqueued
[328.976s][info][gc,ref      ] GC(198) Final: 0 encountered, 0 discovered, 0 enqueued
[328.977s][info][gc,ref      ] GC(198) Phantom: 27 encountered, 14 discovered, 0 enqueued
[328.977s][info][gc,reloc    ] GC(198) Small Pages: 343 / 686M, Empty: 506M, Relocated: 4M, In-Place: 0
[328.977s][info][gc,reloc    ] GC(198) Medium Pages: 0 / 0M, Empty: 0M, Relocated: 0M, In-Place: 0
[328.977s][info][gc,reloc    ] GC(198) Large Pages: 0 / 0M, Empty: 0M, Relocated: 0M, In-Place: 0
[328.977s][info][gc,reloc    ] GC(198) Forwarding Usage: 1M
[328.977s][info][gc,heap     ] GC(198) Min Capacity: 8M(0%)
[328.977s][info][gc,heap     ] GC(198) Max Capacity: 4096M(100%)
[328.977s][info][gc,heap     ] GC(198) Soft Max Capacity: 4096M(100%)
[328.977s][info][gc,heap     ] GC(198)                Mark Start          Mark End        Relocate Start      Relocate End           High               Low         
[328.977s][info][gc,heap     ] GC(198)  Capacity:     2000M (49%)        2000M (49%)        2000M (49%)        2000M (49%)        2000M (49%)        2000M (49%)    
[328.977s][info][gc,heap     ] GC(198)      Free:     3410M (83%)        3390M (83%)        3894M (95%)        4046M (99%)        4046M (99%)        3388M (83%)    
[328.977s][info][gc,heap     ] GC(198)      Used:      686M (17%)         706M (17%)         202M (5%)           50M (1%)          708M (17%)          50M (1%)     
[328.977s][info][gc,heap     ] GC(198)      Live:         -                 6M (0%)            6M (0%)            6M (0%)             -                  -          
[328.977s][info][gc,heap     ] GC(198) Allocated:         -                20M (0%)           22M (1%)           23M (1%)             -                  -          
[328.977s][info][gc,heap     ] GC(198)   Garbage:         -               679M (17%)         173M (4%)           19M (0%)             -                  -          
[328.977s][info][gc,heap     ] GC(198) Reclaimed:         -                  -               506M (12%)         659M (16%)            -                  -          
[328.977s][info][gc          ] GC(198) Garbage Collection (Proactive) 686M(17%)->50M(1%)
[330.152s][info][gc,stats    ] === Garbage Collection Statistics =======================================================================================================================
[330.152s][info][gc,stats    ]                                                              Last 10s              Last 10m              Last 10h                Total
[330.152s][info][gc,stats    ]                                                              Avg / Max             Avg / Max             Avg / Max             Avg / Max
[330.152s][info][gc,stats    ]   Collector: Garbage Collection Cycle                     24.217 / 27.820       26.613 / 83.902       26.613 / 83.902       26.613 / 83.902      ms
[330.152s][info][gc,stats    ]  Contention: Mark Segment Reset Contention                     1 / 7                 1 / 12                1 / 12                1 / 12          ops/s
[330.152s][info][gc,stats    ]  Contention: Mark SeqNum Reset Contention                      0 / 1                 0 / 3                 0 / 3                 0 / 3           ops/s
[330.152s][info][gc,stats    ]    Critical: Allocation Stall                                  0 / 0                 0 / 0                 0 / 0                 0 / 0           ops/s
[330.152s][info][gc,stats    ]    Critical: Allocation Stall                              0.000 / 0.000         0.000 / 0.000         0.000 / 0.000         0.000 / 0.000       ms
[330.152s][info][gc,stats    ]    Critical: GC Locker Stall                                   0 / 0                 0 / 0                 0 / 0                 0 / 0           ops/s
[330.152s][info][gc,stats    ]    Critical: GC Locker Stall                               0.000 / 0.000         0.000 / 0.000         0.000 / 0.000         0.000 / 0.000       ms
[330.152s][info][gc,stats    ]    Critical: Relocation Stall                                  0 / 0                 0 / 0                 0 / 0                 0 / 0           ops/s
[330.152s][info][gc,stats    ]    Critical: Relocation Stall                              0.000 / 0.000         0.000 / 0.000         0.000 / 0.000         0.000 / 0.000       ms
[330.152s][info][gc,stats    ]      Memory: Allocation Rate                                 329 / 340             324 / 356             324 / 356             324 / 356         MB/s
[330.152s][info][gc,stats    ]      Memory: Defragment                                        0 / 0                 0 / 0                 0 / 0                 0 / 0           ops/s
[330.152s][info][gc,stats    ]      Memory: Out Of Memory                                     0 / 0                 0 / 0                 0 / 0                 0 / 0           ops/s
[330.152s][info][gc,stats    ]      Memory: Page Cache Flush                                  0 / 0                 0 / 0                 0 / 0                 0 / 0           MB/s
[330.152s][info][gc,stats    ]      Memory: Page Cache Hit L1                               170 / 182             166 / 197             166 / 197             166 / 197         ops/s
[330.152s][info][gc,stats    ]      Memory: Page Cache Hit L2                                 0 / 0                 0 / 0                 0 / 0                 0 / 0           ops/s
[330.152s][info][gc,stats    ]      Memory: Page Cache Hit L3                                 0 / 0                 3 / 141               3 / 141               3 / 141         ops/s
[330.152s][info][gc,stats    ]      Memory: Page Cache Miss                                   0 / 0                 0 / 1                 0 / 1                 0 / 1           ops/s
[330.152s][info][gc,stats    ]      Memory: Uncommit                                          0 / 0                 0 / 48                0 / 48                0 / 48          MB/s
[330.152s][info][gc,stats    ]      Memory: Undo Object Allocation Failed                     0 / 0                 0 / 0                 0 / 0                 0 / 0           ops/s
[330.152s][info][gc,stats    ]      Memory: Undo Object Allocation Succeeded                  0 / 1                 0 / 5                 0 / 5                 0 / 5           ops/s
[330.152s][info][gc,stats    ]      Memory: Undo Page Allocation                              0 / 0                 0 / 0                 0 / 0                 0 / 0           ops/s
[330.153s][info][gc,stats    ]       Phase: Concurrent Mark                              13.461 / 15.185       14.789 / 24.159       14.789 / 24.159       14.789 / 24.159      ms
[330.153s][info][gc,stats    ]       Phase: Concurrent Mark Continue                      0.000 / 0.000         0.000 / 0.000         0.000 / 0.000         0.000 / 0.000       ms
[330.153s][info][gc,stats    ]       Phase: Concurrent Mark Free                          0.001 / 0.002         0.001 / 0.002         0.001 / 0.002         0.001 / 0.002       ms
[330.153s][info][gc,stats    ]       Phase: Concurrent Process Non-Strong References      1.061 / 1.099         1.047 / 5.230         1.047 / 5.230         1.047 / 5.230       ms
[330.153s][info][gc,stats    ]       Phase: Concurrent Relocate                           3.615 / 4.654         3.394 / 5.038         3.394 / 5.038         3.394 / 5.038       ms
[330.153s][info][gc,stats    ]       Phase: Concurrent Reset Relocation Set               0.010 / 0.018         0.010 / 0.023         0.010 / 0.023         0.010 / 0.023       ms
[330.153s][info][gc,stats    ]       Phase: Concurrent Select Relocation Set              4.831 / 6.843         5.287 / 15.356        5.287 / 15.356        5.287 / 15.356      ms
[330.153s][info][gc,stats    ]       Phase: Pause Mark End                                0.025 / 0.026         0.025 / 0.032         0.025 / 0.032         0.025 / 0.032       ms
[330.153s][info][gc,stats    ]       Phase: Pause Mark Start                              0.018 / 0.019         0.018 / 0.021         0.018 / 0.021         0.018 / 0.021       ms
[330.153s][info][gc,stats    ]       Phase: Pause Relocate Start                          0.008 / 0.010         0.009 / 0.028         0.009 / 0.028         0.009 / 0.028       ms
[330.153s][info][gc,stats    ]    Subphase: Concurrent Classes Purge                      0.008 / 0.019         0.018 / 0.876         0.018 / 0.876         0.018 / 0.876       ms
[330.153s][info][gc,stats    ]    Subphase: Concurrent Classes Unlink                     0.736 / 0.767         0.718 / 4.065         0.718 / 4.065         0.718 / 4.065       ms
[330.153s][info][gc,stats    ]    Subphase: Concurrent Mark                              11.740 / 14.031       12.960 / 23.147       12.960 / 23.147       12.960 / 23.147      ms
[330.153s][info][gc,stats    ]    Subphase: Concurrent Mark Try Flush                     0.081 / 0.108         0.074 / 0.223         0.074 / 0.223         0.074 / 0.223       ms
[330.153s][info][gc,stats    ]    Subphase: Concurrent Mark Try Terminate                 7.169 / 11.661        8.155 / 16.572        8.155 / 16.572        8.155 / 16.572      ms
[330.153s][info][gc,stats    ]    Subphase: Concurrent References Enqueue                 0.000 / 0.001         0.001 / 0.004         0.001 / 0.004         0.001 / 0.004       ms
[330.153s][info][gc,stats    ]    Subphase: Concurrent References Process                 0.040 / 0.043         0.042 / 0.089         0.042 / 0.089         0.042 / 0.089       ms
[330.153s][info][gc,stats    ]    Subphase: Concurrent Roots ClassLoaderDataGraph         0.083 / 0.723         0.085 / 0.933         0.085 / 0.933         0.085 / 0.933       ms
[330.153s][info][gc,stats    ]    Subphase: Concurrent Roots CodeCache                    0.000 / 0.000         0.000 / 0.000         0.000 / 0.000         0.000 / 0.000       ms
[330.153s][info][gc,stats    ]    Subphase: Concurrent Roots JavaThreads                  0.579 / 1.039         0.544 / 1.189         0.544 / 1.189         0.544 / 1.189       ms
[330.153s][info][gc,stats    ]    Subphase: Concurrent Roots OopStorageSet                0.017 / 0.055         0.018 / 0.190         0.018 / 0.190         0.018 / 0.190       ms
[330.153s][info][gc,stats    ]    Subphase: Concurrent Weak Roots OopStorageSet           0.143 / 0.179         0.142 / 0.186         0.142 / 0.186         0.142 / 0.186       ms
[330.153s][info][gc,stats    ]    Subphase: Pause Mark Try Complete                       0.000 / 0.000         0.000 / 0.000         0.000 / 0.000         0.000 / 0.000       ms
[330.153s][info][gc,stats    ]      System: Java Threads                                     39 / 39               36 / 41               36 / 41               36 / 41          threads
[330.153s][info][gc,stats    ] =========================================================================================================================================================
[330.652s][info][gc,start    ] GC(199) Garbage Collection (Proactive)
[330.652s][info][gc,task     ] GC(199) Using 12 workers
[330.652s][info][gc,phases   ] GC(199) Pause Mark Start 0.019ms
[330.667s][info][gc,phases   ] GC(199) Concurrent Mark 15.125ms
[330.667s][info][gc,phases   ] GC(199) Pause Mark End 0.025ms
[330.667s][info][gc,phases   ] GC(199) Concurrent Mark Free 0.001ms
[330.669s][info][gc,phases   ] GC(199) Concurrent Process Non-Strong References 1.022ms
[330.669s][info][gc,phases   ] GC(199) Concurrent Reset Relocation Set 0.012ms
[330.672s][info][gc,phases   ] GC(199) Concurrent Select Relocation Set 3.789ms
[330.673s][info][gc,phases   ] GC(199) Pause Relocate Start 0.009ms
[330.676s][info][gc,phases   ] GC(199) Concurrent Relocate 3.027ms
[330.676s][info][gc,load     ] GC(199) Load: 0.00/0.00/0.00
[330.676s][info][gc,mmu      ] GC(199) MMU: 2ms/98.4%, 5ms/99.4%, 10ms/99.6%, 20ms/99.7%, 50ms/99.8%, 100ms/99.9%
[330.676s][info][gc,marking  ] GC(199) Mark: 8 stripe(s), 2 proactive flush(es), 1 terminate flush(es), 0 completion(s), 0 continuation(s) 
[330.676s][info][gc,marking  ] GC(199) Mark Stack Usage: 32M
[330.676s][info][gc,nmethod  ] GC(199) NMethods: 2023 registered, 400 unregistered
[330.676s][info][gc,metaspace] GC(199) Metaspace: 9M used, 10M committed, 1088M reserved
[330.676s][info][gc,ref      ] GC(199) Soft: 214 encountered, 0 discovered, 0 enqueued
[330.676s][info][gc,ref      ] GC(199) Weak: 814 encountered, 9 discovered, 0 enqueued
[330.676s][info][gc,ref      ] GC(199) Final: 0 encountered, 0 discovered, 0 enqueued
[330.676s][info][gc,ref      ] GC(199) Phantom: 27 encountered, 17 discovered, 0 enqueued
[330.676s][info][gc,reloc    ] GC(199) Small Pages: 296 / 592M, Empty: 500M, Relocated: 4M, In-Place: 0
[330.676s][info][gc,reloc    ] GC(199) Medium Pages: 0 / 0M, Empty: 0M, Relocated: 0M, In-Place: 0
[330.676s][info][gc,reloc    ] GC(199) Large Pages: 0 / 0M, Empty: 0M, Relocated: 0M, In-Place: 0
[330.676s][info][gc,reloc    ] GC(199) Forwarding Usage: 1M
[330.676s][info][gc,heap     ] GC(199) Min Capacity: 8M(0%)
[330.676s][info][gc,heap     ] GC(199) Max Capacity: 4096M(100%)
[330.676s][info][gc,heap     ] GC(199) Soft Max Capacity: 4096M(100%)
[330.676s][info][gc,heap     ] GC(199)                Mark Start          Mark End        Relocate Start      Relocate End           High               Low         
[330.676s][info][gc,heap     ] GC(199)  Capacity:     2000M (49%)        2000M (49%)        2000M (49%)        2000M (49%)        2000M (49%)        2000M (49%)    
[330.676s][info][gc,heap     ] GC(199)      Free:     3504M (86%)        3484M (85%)        3980M (97%)        4044M (99%)        4044M (99%)        3484M (85%)    
[330.676s][info][gc,heap     ] GC(199)      Used:      592M (14%)         612M (15%)         116M (3%)           52M (1%)          612M (15%)          52M (1%)     
[330.676s][info][gc,heap     ] GC(199)      Live:         -                 6M (0%)            6M (0%)            6M (0%)             -                  -          
[330.676s][info][gc,heap     ] GC(199) Allocated:         -                20M (0%)           24M (1%)           25M (1%)             -                  -          
[330.676s][info][gc,heap     ] GC(199)   Garbage:         -               585M (14%)          85M (2%)           19M (0%)             -                  -          
[330.677s][info][gc,heap     ] GC(199) Reclaimed:         -                  -               500M (12%)         565M (14%)            -                  -          
[330.677s][info][gc          ] GC(199) Garbage Collection (Proactive) 592M(14%)->52M(1%)
[331.906s][info][gc,start    ] GC(200) Garbage Collection (System.gc())
[331.906s][info][gc,task     ] GC(200) Using 12 workers
[331.906s][info][gc,phases   ] GC(200) Pause Mark Start 0.019ms
[331.917s][info][gc,phases   ] GC(200) Concurrent Mark 10.424ms
[331.917s][info][gc,phases   ] GC(200) Pause Mark End 0.021ms
[331.917s][info][gc,phases   ] GC(200) Concurrent Mark Free 0.001ms
[331.918s][info][gc,phases   ] GC(200) Concurrent Process Non-Strong References 0.952ms
[331.918s][info][gc,phases   ] GC(200) Concurrent Reset Relocation Set 0.008ms
[331.922s][info][gc,phases   ] GC(200) Concurrent Select Relocation Set 3.679ms
[331.922s][info][gc,phases   ] GC(200) Pause Relocate Start 0.007ms
[331.925s][info][gc,phases   ] GC(200) Concurrent Relocate 3.422ms
[331.925s][info][gc,load     ] GC(200) Load: 0.00/0.00/0.00
[331.926s][info][gc,mmu      ] GC(200) MMU: 2ms/98.4%, 5ms/99.4%, 10ms/99.6%, 20ms/99.7%, 50ms/99.8%, 100ms/99.9%
[331.926s][info][gc,marking  ] GC(200) Mark: 8 stripe(s), 2 proactive flush(es), 1 terminate flush(es), 0 completion(s), 0 continuation(s) 
[331.926s][info][gc,marking  ] GC(200) Mark Stack Usage: 32M
[331.926s][info][gc,nmethod  ] GC(200) NMethods: 2023 registered, 400 unregistered
[331.926s][info][gc,metaspace] GC(200) Metaspace: 9M used, 10M committed, 1088M reserved
[331.926s][info][gc,ref      ] GC(200) Soft: 214 encountered, 0 discovered, 0 enqueued
[331.926s][info][gc,ref      ] GC(200) Weak: 814 encountered, 33 discovered, 0 enqueued
[331.926s][info][gc,ref      ] GC(200) Final: 0 encountered, 0 discovered, 0 enqueued
[331.926s][info][gc,ref      ] GC(200) Phantom: 27 encountered, 21 discovered, 0 enqueued
[331.926s][info][gc,reloc    ] GC(200) Small Pages: 220 / 440M, Empty: 414M, Relocated: 4M, In-Place: 0
[331.926s][info][gc,reloc    ] GC(200) Medium Pages: 0 / 0M, Empty: 0M, Relocated: 0M, In-Place: 0
[331.926s][info][gc,reloc    ] GC(200) Large Pages: 0 / 0M, Empty: 0M, Relocated: 0M, In-Place: 0
[331.926s][info][gc,reloc    ] GC(200) Forwarding Usage: 1M
[331.926s][info][gc,heap     ] GC(200) Min Capacity: 8M(0%)
[331.926s][info][gc,heap     ] GC(200) Max Capacity: 4096M(100%)
[331.926s][info][gc,heap     ] GC(200) Soft Max Capacity: 4096M(100%)
[331.926s][info][gc,heap     ] GC(200)                Mark Start          Mark End        Relocate Start      Relocate End           High               Low         
[331.926s][info][gc,heap     ] GC(200)  Capacity:     2000M (49%)        2000M (49%)        2000M (49%)        2000M (49%)        2000M (49%)        2000M (49%)    
[331.926s][info][gc,heap     ] GC(200)      Free:     3656M (89%)        3656M (89%)        4070M (99%)        4072M (99%)        4072M (99%)        3656M (89%)    
[331.926s][info][gc,heap     ] GC(200)      Used:      440M (11%)         440M (11%)          26M (1%)           24M (1%)          440M (11%)          24M (1%)     
[331.926s][info][gc,heap     ] GC(200)      Live:         -                 4M (0%)            4M (0%)            4M (0%)             -                  -          
[331.926s][info][gc,heap     ] GC(200) Allocated:         -                 0M (0%)            0M (0%)            0M (0%)             -                  -          
[331.926s][info][gc,heap     ] GC(200)   Garbage:         -               435M (11%)          21M (1%)           19M (0%)             -                  -          
[331.926s][info][gc,heap     ] GC(200) Reclaimed:         -                  -               414M (10%)         416M (10%)            -                  -          
[331.926s][info][gc          ] GC(200) Garbage Collection (System.gc()) 440M(11%)->24M(1%)
[333.354s][info][gc,start    ] GC(201) Garbage Collection (Proactive)
[333.354s][info][gc,task     ] GC(201) Using 12 workers
[333.354s][info][gc,phases   ] GC(201) Pause Mark Start 0.019ms
[333.369s][info][gc,phases   ] GC(201) Concurrent Mark 15.109ms
[333.370s][info][gc,phases   ] GC(201) Pause Mark End 0.025ms
[333.370s][info][gc,phases   ] GC(201) Concurrent Mark Free 0.002ms
[333.371s][info][gc,phases   ] GC(201) Concurrent Process Non-Strong References 1.048ms
[333.371s][info][gc,phases   ] GC(201) Concurrent Reset Relocation Set 0.002ms
[333.377s][info][gc,phases   ] GC(201) Concurrent Select Relocation Set 6.496ms
[333.377s][info][gc,phases   ] GC(201) Pause Relocate Start 0.007ms
[333.381s][info][gc,phases   ] GC(201) Concurrent Relocate 3.235ms
[333.381s][info][gc,load     ] GC(201) Load: 0.00/0.00/0.00
[333.381s][info][gc,mmu      ] GC(201) MMU: 2ms/98.4%, 5ms/99.4%, 10ms/99.6%, 20ms/99.7%, 50ms/99.8%, 100ms/99.9%
[333.381s][info][gc,marking  ] GC(201) Mark: 8 stripe(s), 2 proactive flush(es), 1 terminate flush(es), 0 completion(s), 0 continuation(s) 
[333.381s][info][gc,marking  ] GC(201) Mark Stack Usage: 32M
[333.381s][info][gc,nmethod  ] GC(201) NMethods: 2023 registered, 400 unregistered
[333.381s][info][gc,metaspace] GC(201) Metaspace: 9M used, 10M committed, 1088M reserved
[333.381s][info][gc,ref      ] GC(201) Soft: 214 encountered, 0 discovered, 0 enqueued
[333.381s][info][gc,ref      ] GC(201) Weak: 814 encountered, 51 discovered, 0 enqueued
[333.381s][info][gc,ref      ] GC(201) Final: 0 encountered, 0 discovered, 0 enqueued
[333.381s][info][gc,ref      ] GC(201) Phantom: 27 encountered, 25 discovered, 0 enqueued
[333.381s][info][gc,reloc    ] GC(201) Small Pages: 251 / 502M, Empty: 264M, Relocated: 5M, In-Place: 0
[333.381s][info][gc,reloc    ] GC(201) Medium Pages: 0 / 0M, Empty: 0M, Relocated: 0M, In-Place: 0
[333.381s][info][gc,reloc    ] GC(201) Large Pages: 0 / 0M, Empty: 0M, Relocated: 0M, In-Place: 0
[333.381s][info][gc,reloc    ] GC(201) Forwarding Usage: 1M
[333.381s][info][gc,heap     ] GC(201) Min Capacity: 8M(0%)
[333.381s][info][gc,heap     ] GC(201) Max Capacity: 4096M(100%)
[333.381s][info][gc,heap     ] GC(201) Soft Max Capacity: 4096M(100%)
[333.381s][info][gc,heap     ] GC(201)                Mark Start          Mark End        Relocate Start      Relocate End           High               Low         
[333.381s][info][gc,heap     ] GC(201)  Capacity:     2000M (49%)        2000M (49%)        2000M (49%)        2000M (49%)        2000M (49%)        2000M (49%)    
[333.381s][info][gc,heap     ] GC(201)      Free:     3594M (88%)        3574M (87%)        3838M (94%)        4050M (99%)        4050M (99%)        3574M (87%)    
[333.381s][info][gc,heap     ] GC(201)      Used:      502M (12%)         522M (13%)         258M (6%)           46M (1%)          522M (13%)          46M (1%)     
[333.382s][info][gc,heap     ] GC(201)      Live:         -                 6M (0%)            6M (0%)            6M (0%)             -                  -          
[333.382s][info][gc,heap     ] GC(201) Allocated:         -                20M (0%)           20M (0%)           19M (0%)             -                  -          
[333.382s][info][gc,heap     ] GC(201)   Garbage:         -               495M (12%)         231M (6%)           19M (0%)             -                  -          
[333.382s][info][gc,heap     ] GC(201) Reclaimed:         -                  -               264M (6%)          475M (12%)            -                  -          
[333.382s][info][gc          ] GC(201) Garbage Collection (Proactive) 502M(12%)->46M(1%)
[335.157s][info][gc,start    ] GC(202) Garbage Collection (Proactive)
[335.157s][info][gc,task     ] GC(202) Using 12 workers
[335.157s][info][gc,phases   ] GC(202) Pause Mark Start 0.020ms
[335.173s][info][gc,phases   ] GC(202) Concurrent Mark 15.181ms
[335.173s][info][gc,phases   ] GC(202) Pause Mark End 0.026ms
[335.173s][info][gc,phases   ] GC(202) Concurrent Mark Free 0.001ms
[335.174s][info][gc,phases   ] GC(202) Concurrent Process Non-Strong References 1.095ms
[335.174s][info][gc,phases   ] GC(202) Concurrent Reset Relocation Set 0.018ms
[335.181s][info][gc,phases   ] GC(202) Concurrent Select Relocation Set 6.650ms
[335.181s][info][gc,phases   ] GC(202) Pause Relocate Start 0.008ms
[335.184s][info][gc,phases   ] GC(202) Concurrent Relocate 3.101ms
[335.184s][info][gc,load     ] GC(202) Load: 0.00/0.00/0.00
[335.184s][info][gc,mmu      ] GC(202) MMU: 2ms/98.4%, 5ms/99.4%, 10ms/99.6%, 20ms/99.7%, 50ms/99.8%, 100ms/99.9%
[335.184s][info][gc,marking  ] GC(202) Mark: 8 stripe(s), 3 proactive flush(es), 1 terminate flush(es), 0 completion(s), 0 continuation(s) 
[335.184s][info][gc,marking  ] GC(202) Mark Stack Usage: 32M
[335.184s][info][gc,nmethod  ] GC(202) NMethods: 2023 registered, 400 unregistered
[335.184s][info][gc,metaspace] GC(202) Metaspace: 9M used, 10M committed, 1088M reserved
[335.184s][info][gc,ref      ] GC(202) Soft: 214 encountered, 0 discovered, 0 enqueued
[335.184s][info][gc,ref      ] GC(202) Weak: 814 encountered, 5 discovered, 0 enqueued
[335.184s][info][gc,ref      ] GC(202) Final: 0 encountered, 0 discovered, 0 enqueued
[335.185s][info][gc,ref      ] GC(202) Phantom: 27 encountered, 12 discovered, 0 enqueued
[335.185s][info][gc,reloc    ] GC(202) Small Pages: 314 / 628M, Empty: 478M, Relocated: 5M, In-Place: 0
[335.185s][info][gc,reloc    ] GC(202) Medium Pages: 0 / 0M, Empty: 0M, Relocated: 0M, In-Place: 0
[335.185s][info][gc,reloc    ] GC(202) Large Pages: 0 / 0M, Empty: 0M, Relocated: 0M, In-Place: 0
[335.185s][info][gc,reloc    ] GC(202) Forwarding Usage: 1M
[335.185s][info][gc,heap     ] GC(202) Min Capacity: 8M(0%)
[335.185s][info][gc,heap     ] GC(202) Max Capacity: 4096M(100%)
[335.185s][info][gc,heap     ] GC(202) Soft Max Capacity: 4096M(100%)
[335.185s][info][gc,heap     ] GC(202)                Mark Start          Mark End        Relocate Start      Relocate End           High               Low         
[335.185s][info][gc,heap     ] GC(202)  Capacity:     2000M (49%)        2000M (49%)        2000M (49%)        2000M (49%)        2000M (49%)        2000M (49%)    
[335.185s][info][gc,heap     ] GC(202)      Free:     3468M (85%)        3446M (84%)        3924M (96%)        4048M (99%)        4048M (99%)        3446M (84%)    
[335.185s][info][gc,heap     ] GC(202)      Used:      628M (15%)         650M (16%)         172M (4%)           48M (1%)          650M (16%)          48M (1%)     
[335.185s][info][gc,heap     ] GC(202)      Live:         -                 6M (0%)            6M (0%)            6M (0%)             -                  -          
[335.185s][info][gc,heap     ] GC(202) Allocated:         -                22M (1%)           22M (1%)           21M (1%)             -                  -          
[335.185s][info][gc,heap     ] GC(202)   Garbage:         -               621M (15%)         143M (4%)           19M (0%)             -                  -          
[335.185s][info][gc,heap     ] GC(202) Reclaimed:         -                  -               478M (12%)         601M (15%)            -                  -          
[335.185s][info][gc          ] GC(202) Garbage Collection (Proactive) 628M(15%)->48M(1%)
[336.852s][info][gc,start    ] GC(203) Garbage Collection (Proactive)
[336.852s][info][gc,task     ] GC(203) Using 12 workers
[336.852s][info][gc,phases   ] GC(203) Pause Mark Start 0.018ms
[336.867s][info][gc,phases   ] GC(203) Concurrent Mark 15.111ms
[336.868s][info][gc,phases   ] GC(203) Pause Mark End 0.027ms
[336.868s][info][gc,phases   ] GC(203) Concurrent Mark Free 0.001ms
[336.869s][info][gc,phases   ] GC(203) Concurrent Process Non-Strong References 1.082ms
[336.869s][info][gc,phases   ] GC(203) Concurrent Reset Relocation Set 0.013ms
[336.873s][info][gc,phases   ] GC(203) Concurrent Select Relocation Set 3.853ms
[336.873s][info][gc,phases   ] GC(203) Pause Relocate Start 0.011ms
[336.877s][info][gc,phases   ] GC(203) Concurrent Relocate 4.302ms
[336.878s][info][gc,load     ] GC(203) Load: 0.00/0.00/0.00
[336.878s][info][gc,mmu      ] GC(203) MMU: 2ms/98.4%, 5ms/99.4%, 10ms/99.6%, 20ms/99.7%, 50ms/99.8%, 100ms/99.9%
[336.878s][info][gc,marking  ] GC(203) Mark: 8 stripe(s), 2 proactive flush(es), 1 terminate flush(es), 0 completion(s), 0 continuation(s) 
[336.878s][info][gc,marking  ] GC(203) Mark Stack Usage: 32M
[336.878s][info][gc,nmethod  ] GC(203) NMethods: 2023 registered, 400 unregistered
[336.878s][info][gc,metaspace] GC(203) Metaspace: 9M used, 10M committed, 1088M reserved
[336.878s][info][gc,ref      ] GC(203) Soft: 214 encountered, 0 discovered, 0 enqueued
[336.878s][info][gc,ref      ] GC(203) Weak: 814 encountered, 34 discovered, 0 enqueued
[336.878s][info][gc,ref      ] GC(203) Final: 0 encountered, 0 discovered, 0 enqueued
[336.878s][info][gc,ref      ] GC(203) Phantom: 27 encountered, 17 discovered, 0 enqueued
[336.878s][info][gc,reloc    ] GC(203) Small Pages: 295 / 590M, Empty: 454M, Relocated: 5M, In-Place: 0
[336.878s][info][gc,reloc    ] GC(203) Medium Pages: 0 / 0M, Empty: 0M, Relocated: 0M, In-Place: 0
[336.878s][info][gc,reloc    ] GC(203) Large Pages: 0 / 0M, Empty: 0M, Relocated: 0M, In-Place: 0
[336.878s][info][gc,reloc    ] GC(203) Forwarding Usage: 1M
[336.878s][info][gc,heap     ] GC(203) Min Capacity: 8M(0%)
[336.878s][info][gc,heap     ] GC(203) Max Capacity: 4096M(100%)
[336.878s][info][gc,heap     ] GC(203) Soft Max Capacity: 4096M(100%)
[336.878s][info][gc,heap     ] GC(203)                Mark Start          Mark End        Relocate Start      Relocate End           High               Low         
[336.878s][info][gc,heap     ] GC(203)  Capacity:     2000M (49%)        2000M (49%)        2000M (49%)        2000M (49%)        2000M (49%)        2000M (49%)    
[336.878s][info][gc,heap     ] GC(203)      Free:     3506M (86%)        3486M (85%)        3938M (96%)        4046M (99%)        4046M (99%)        3486M (85%)    
[336.878s][info][gc,heap     ] GC(203)      Used:      590M (14%)         610M (15%)         158M (4%)           50M (1%)          610M (15%)          50M (1%)     
[336.878s][info][gc,heap     ] GC(203)      Live:         -                 6M (0%)            6M (0%)            6M (0%)             -                  -          
[336.878s][info][gc,heap     ] GC(203) Allocated:         -                20M (0%)           22M (1%)           23M (1%)             -                  -          
[336.878s][info][gc,heap     ] GC(203)   Garbage:         -               583M (14%)         129M (3%)           19M (0%)             -                  -          
[336.878s][info][gc,heap     ] GC(203) Reclaimed:         -                  -               454M (11%)         563M (14%)            -                  -          
[336.878s][info][gc          ] GC(203) Garbage Collection (Proactive) 590M(14%)->50M(1%)
[338.560s][info][gc,start    ] GC(204) Garbage Collection (Proactive)
[338.560s][info][gc,task     ] GC(204) Using 12 workers
[338.561s][info][gc,phases   ] GC(204) Pause Mark Start 0.017ms
[338.576s][info][gc,phases   ] GC(204) Concurrent Mark 15.120ms
[338.576s][info][gc,phases   ] GC(204) Pause Mark End 0.025ms
[338.576s][info][gc,phases   ] GC(204) Concurrent Mark Free 0.002ms
[338.577s][info][gc,phases   ] GC(204) Concurrent Process Non-Strong References 1.045ms
[338.577s][info][gc,phases   ] GC(204) Concurrent Reset Relocation Set 0.011ms
[338.581s][info][gc,phases   ] GC(204) Concurrent Select Relocation Set 3.785ms
[338.581s][info][gc,phases   ] GC(204) Pause Relocate Start 0.010ms
[338.585s][info][gc,phases   ] GC(204) Concurrent Relocate 3.126ms
[338.585s][info][gc,load     ] GC(204) Load: 0.00/0.00/0.00
[338.585s][info][gc,mmu      ] GC(204) MMU: 2ms/98.4%, 5ms/99.4%, 10ms/99.6%, 20ms/99.7%, 50ms/99.8%, 100ms/99.9%
[338.585s][info][gc,marking  ] GC(204) Mark: 8 stripe(s), 2 proactive flush(es), 1 terminate flush(es), 0 completion(s), 0 continuation(s) 
[338.585s][info][gc,marking  ] GC(204) Mark Stack Usage: 32M
[338.585s][info][gc,nmethod  ] GC(204) NMethods: 2023 registered, 400 unregistered
[338.585s][info][gc,metaspace] GC(204) Metaspace: 9M used, 10M committed, 1088M reserved
[338.585s][info][gc,ref      ] GC(204) Soft: 214 encountered, 0 discovered, 0 enqueued
[338.585s][info][gc,ref      ] GC(204) Weak: 814 encountered, 135 discovered, 0 enqueued
[338.585s][info][gc,ref      ] GC(204) Final: 0 encountered, 0 discovered, 0 enqueued
[338.585s][info][gc,ref      ] GC(204) Phantom: 27 encountered, 11 discovered, 0 enqueued
[338.585s][info][gc,reloc    ] GC(204) Small Pages: 297 / 594M, Empty: 482M, Relocated: 4M, In-Place: 0
[338.585s][info][gc,reloc    ] GC(204) Medium Pages: 0 / 0M, Empty: 0M, Relocated: 0M, In-Place: 0
[338.585s][info][gc,reloc    ] GC(204) Large Pages: 0 / 0M, Empty: 0M, Relocated: 0M, In-Place: 0
[338.585s][info][gc,reloc    ] GC(204) Forwarding Usage: 1M
[338.585s][info][gc,heap     ] GC(204) Min Capacity: 8M(0%)
[338.585s][info][gc,heap     ] GC(204) Max Capacity: 4096M(100%)
[338.585s][info][gc,heap     ] GC(204) Soft Max Capacity: 4096M(100%)
[338.585s][info][gc,heap     ] GC(204)                Mark Start          Mark End        Relocate Start      Relocate End           High               Low         
[338.585s][info][gc,heap     ] GC(204)  Capacity:     2000M (49%)        2000M (49%)        2000M (49%)        2000M (49%)        2000M (49%)        2000M (49%)    
[338.585s][info][gc,heap     ] GC(204)      Free:     3502M (85%)        3484M (85%)        3964M (97%)        4046M (99%)        4046M (99%)        3484M (85%)    
[338.585s][info][gc,heap     ] GC(204)      Used:      594M (15%)         612M (15%)         132M (3%)           50M (1%)          612M (15%)          50M (1%)     
[338.585s][info][gc,heap     ] GC(204)      Live:         -                 6M (0%)            6M (0%)            6M (0%)             -                  -          
[338.585s][info][gc,heap     ] GC(204) Allocated:         -                18M (0%)           20M (0%)           23M (1%)             -                  -          
[338.586s][info][gc,heap     ] GC(204)   Garbage:         -               587M (14%)         105M (3%)           19M (0%)             -                  -          
[338.586s][info][gc,heap     ] GC(204) Reclaimed:         -                  -               482M (12%)         567M (14%)            -                  -          
[338.586s][info][gc          ] GC(204) Garbage Collection (Proactive) 594M(15%)->50M(1%)
[338.640s][info][gc,start    ] GC(205) Garbage Collection (System.gc())
[338.640s][info][gc,task     ] GC(205) Using 12 workers
[338.640s][info][gc,phases   ] GC(205) Pause Mark Start 0.015ms
[338.654s][info][gc,phases   ] GC(205) Concurrent Mark 13.985ms
[338.654s][info][gc,phases   ] GC(205) Pause Mark End 0.021ms
[338.654s][info][gc,phases   ] GC(205) Concurrent Mark Free 0.001ms
[338.655s][info][gc,phases   ] GC(205) Concurrent Process Non-Strong References 0.932ms
[338.655s][info][gc,phases   ] GC(205) Concurrent Reset Relocation Set 0.007ms
[338.659s][info][gc,phases   ] GC(205) Concurrent Select Relocation Set 3.676ms
[338.659s][info][gc,phases   ] GC(205) Pause Relocate Start 0.006ms
[338.663s][info][gc,phases   ] GC(205) Concurrent Relocate 4.000ms
[338.663s][info][gc,load     ] GC(205) Load: 0.00/0.00/0.00
[338.663s][info][gc,mmu      ] GC(205) MMU: 2ms/98.4%, 5ms/99.4%, 10ms/99.6%, 20ms/99.7%, 50ms/99.8%, 100ms/99.9%
[338.663s][info][gc,marking  ] GC(205) Mark: 8 stripe(s), 2 proactive flush(es), 1 terminate flush(es), 0 completion(s), 0 continuation(s) 
[338.663s][info][gc,marking  ] GC(205) Mark Stack Usage: 32M
[338.663s][info][gc,nmethod  ] GC(205) NMethods: 2023 registered, 400 unregistered
[338.664s][info][gc,metaspace] GC(205) Metaspace: 9M used, 10M committed, 1088M reserved
[338.664s][info][gc,ref      ] GC(205) Soft: 214 encountered, 0 discovered, 0 enqueued
[338.664s][info][gc,ref      ] GC(205) Weak: 814 encountered, 51 discovered, 0 enqueued
[338.664s][info][gc,ref      ] GC(205) Final: 0 encountered, 0 discovered, 0 enqueued
[338.664s][info][gc,ref      ] GC(205) Phantom: 27 encountered, 18 discovered, 0 enqueued
[338.664s][info][gc,reloc    ] GC(205) Small Pages: 33 / 66M, Empty: 42M, Relocated: 4M, In-Place: 0
[338.664s][info][gc,reloc    ] GC(205) Medium Pages: 0 / 0M, Empty: 0M, Relocated: 0M, In-Place: 0
[338.664s][info][gc,reloc    ] GC(205) Large Pages: 0 / 0M, Empty: 0M, Relocated: 0M, In-Place: 0
[338.664s][info][gc,reloc    ] GC(205) Forwarding Usage: 1M
[338.664s][info][gc,heap     ] GC(205) Min Capacity: 8M(0%)
[338.664s][info][gc,heap     ] GC(205) Max Capacity: 4096M(100%)
[338.664s][info][gc,heap     ] GC(205) Soft Max Capacity: 4096M(100%)
[338.664s][info][gc,heap     ] GC(205)                Mark Start          Mark End        Relocate Start      Relocate End           High               Low         
[338.664s][info][gc,heap     ] GC(205)  Capacity:     2000M (49%)        2000M (49%)        2000M (49%)        2000M (49%)        2000M (49%)        2000M (49%)    
[338.664s][info][gc,heap     ] GC(205)      Free:     4030M (98%)        4030M (98%)        4072M (99%)        4072M (99%)        4072M (99%)        4030M (98%)    
[338.664s][info][gc,heap     ] GC(205)      Used:       66M (2%)           66M (2%)           24M (1%)           24M (1%)           66M (2%)           24M (1%)     
[338.664s][info][gc,heap     ] GC(205)      Live:         -                 4M (0%)            4M (0%)            4M (0%)             -                  -          
[338.664s][info][gc,heap     ] GC(205) Allocated:         -                 0M (0%)            0M (0%)            0M (0%)             -                  -          
[338.664s][info][gc,heap     ] GC(205)   Garbage:         -                61M (1%)           19M (0%)           19M (0%)             -                  -          
[338.664s][info][gc,heap     ] GC(205) Reclaimed:         -                  -                42M (1%)           42M (1%)             -                  -          
[338.664s][info][gc          ] GC(205) Garbage Collection (System.gc()) 66M(2%)->24M(1%)
[340.050s][info][gc,start    ] GC(206) Garbage Collection (Proactive)
[340.050s][info][gc,task     ] GC(206) Using 12 workers
[340.050s][info][gc,phases   ] GC(206) Pause Mark Start 0.019ms
[340.066s][info][gc,phases   ] GC(206) Concurrent Mark 15.195ms
[340.066s][info][gc,phases   ] GC(206) Pause Mark End 0.028ms
[340.066s][info][gc,phases   ] GC(206) Concurrent Mark Free 0.002ms
[340.067s][info][gc,phases   ] GC(206) Concurrent Process Non-Strong References 1.069ms
[340.067s][info][gc,phases   ] GC(206) Concurrent Reset Relocation Set 0.002ms
[340.074s][info][gc,phases   ] GC(206) Concurrent Select Relocation Set 6.753ms
[340.074s][info][gc,phases   ] GC(206) Pause Relocate Start 0.008ms
[340.077s][info][gc,phases   ] GC(206) Concurrent Relocate 2.924ms
[340.077s][info][gc,load     ] GC(206) Load: 0.00/0.00/0.00
[340.077s][info][gc,mmu      ] GC(206) MMU: 2ms/98.4%, 5ms/99.4%, 10ms/99.6%, 20ms/99.7%, 50ms/99.8%, 100ms/99.9%
[340.077s][info][gc,marking  ] GC(206) Mark: 8 stripe(s), 2 proactive flush(es), 1 terminate flush(es), 0 completion(s), 0 continuation(s) 
[340.077s][info][gc,marking  ] GC(206) Mark Stack Usage: 32M
[340.077s][info][gc,nmethod  ] GC(206) NMethods: 2023 registered, 400 unregistered
[340.078s][info][gc,metaspace] GC(206) Metaspace: 9M used, 10M committed, 1088M reserved
[340.078s][info][gc,ref      ] GC(206) Soft: 214 encountered, 0 discovered, 0 enqueued
[340.078s][info][gc,ref      ] GC(206) Weak: 814 encountered, 59 discovered, 0 enqueued
[340.078s][info][gc,ref      ] GC(206) Final: 0 encountered, 0 discovered, 0 enqueued
[340.078s][info][gc,ref      ] GC(206) Phantom: 27 encountered, 11 discovered, 0 enqueued
[340.078s][info][gc,reloc    ] GC(206) Small Pages: 247 / 494M, Empty: 254M, Relocated: 5M, In-Place: 0
[340.078s][info][gc,reloc    ] GC(206) Medium Pages: 0 / 0M, Empty: 0M, Relocated: 0M, In-Place: 0
[340.078s][info][gc,reloc    ] GC(206) Large Pages: 0 / 0M, Empty: 0M, Relocated: 0M, In-Place: 0
[340.078s][info][gc,reloc    ] GC(206) Forwarding Usage: 1M
[340.078s][info][gc,heap     ] GC(206) Min Capacity: 8M(0%)
[340.078s][info][gc,heap     ] GC(206) Max Capacity: 4096M(100%)
[340.078s][info][gc,heap     ] GC(206) Soft Max Capacity: 4096M(100%)
[340.078s][info][gc,heap     ] GC(206)                Mark Start          Mark End        Relocate Start      Relocate End           High               Low         
[340.078s][info][gc,heap     ] GC(206)  Capacity:     2000M (49%)        2000M (49%)        2000M (49%)        2000M (49%)        2000M (49%)        2000M (49%)    
[340.078s][info][gc,heap     ] GC(206)      Free:     3602M (88%)        3586M (88%)        3838M (94%)        4050M (99%)        4050M (99%)        3586M (88%)    
[340.078s][info][gc,heap     ] GC(206)      Used:      494M (12%)         510M (12%)         258M (6%)           46M (1%)          510M (12%)          46M (1%)     
[340.078s][info][gc,heap     ] GC(206)      Live:         -                 6M (0%)            6M (0%)            6M (0%)             -                  -          
[340.078s][info][gc,heap     ] GC(206) Allocated:         -                16M (0%)           18M (0%)           19M (0%)             -                  -          
[340.078s][info][gc,heap     ] GC(206)   Garbage:         -               487M (12%)         233M (6%)           19M (0%)             -                  -          
[340.078s][info][gc,heap     ] GC(206) Reclaimed:         -                  -               254M (6%)          467M (11%)            -                  -          
[340.078s][info][gc          ] GC(206) Garbage Collection (Proactive) 494M(12%)->46M(1%)
[340.160s][info][gc,stats    ] === Garbage Collection Statistics =======================================================================================================================
[340.160s][info][gc,stats    ]                                                              Last 10s              Last 10m              Last 10h                Total
[340.160s][info][gc,stats    ]                                                              Avg / Max             Avg / Max             Avg / Max             Avg / Max
[340.160s][info][gc,stats    ]   Collector: Garbage Collection Cycle                     24.920 / 27.371       26.547 / 83.902       26.547 / 83.902       26.547 / 83.902      ms
[340.160s][info][gc,stats    ]  Contention: Mark Segment Reset Contention                     0 / 2                 1 / 12                1 / 12                1 / 12          ops/s
[340.160s][info][gc,stats    ]  Contention: Mark SeqNum Reset Contention                      0 / 1                 0 / 3                 0 / 3                 0 / 3           ops/s
[340.160s][info][gc,stats    ]    Critical: Allocation Stall                                  0 / 0                 0 / 0                 0 / 0                 0 / 0           ops/s
[340.160s][info][gc,stats    ]    Critical: Allocation Stall                              0.000 / 0.000         0.000 / 0.000         0.000 / 0.000         0.000 / 0.000       ms
[340.160s][info][gc,stats    ]    Critical: GC Locker Stall                                   0 / 0                 0 / 0                 0 / 0                 0 / 0           ops/s
[340.160s][info][gc,stats    ]    Critical: GC Locker Stall                               0.000 / 0.000         0.000 / 0.000         0.000 / 0.000         0.000 / 0.000       ms
[340.160s][info][gc,stats    ]    Critical: Relocation Stall                                  0 / 0                 0 / 0                 0 / 0                 0 / 0           ops/s
[340.160s][info][gc,stats    ]    Critical: Relocation Stall                              0.000 / 0.000         0.000 / 0.000         0.000 / 0.000         0.000 / 0.000       ms
[340.160s][info][gc,stats    ]      Memory: Allocation Rate                                 334 / 344             324 / 356             324 / 356             324 / 356         MB/s
[340.160s][info][gc,stats    ]      Memory: Defragment                                        0 / 0                 0 / 0                 0 / 0                 0 / 0           ops/s
[340.160s][info][gc,stats    ]      Memory: Out Of Memory                                     0 / 0                 0 / 0                 0 / 0                 0 / 0           ops/s
[340.160s][info][gc,stats    ]      Memory: Page Cache Flush                                  0 / 0                 0 / 0                 0 / 0                 0 / 0           MB/s
[340.160s][info][gc,stats    ]      Memory: Page Cache Hit L1                               176 / 196             166 / 197             166 / 197             166 / 197         ops/s
[340.160s][info][gc,stats    ]      Memory: Page Cache Hit L2                                 0 / 0                 0 / 0                 0 / 0                 0 / 0           ops/s
[340.160s][info][gc,stats    ]      Memory: Page Cache Hit L3                                 0 / 0                 2 / 141               2 / 141               2 / 141         ops/s
[340.160s][info][gc,stats    ]      Memory: Page Cache Miss                                   0 / 0                 0 / 1                 0 / 1                 0 / 1           ops/s
[340.161s][info][gc,stats    ]      Memory: Uncommit                                          0 / 0                 0 / 48                0 / 48                0 / 48          MB/s
[340.161s][info][gc,stats    ]      Memory: Undo Object Allocation Failed                     0 / 0                 0 / 0                 0 / 0                 0 / 0           ops/s
[340.161s][info][gc,stats    ]      Memory: Undo Object Allocation Succeeded                  0 / 2                 0 / 5                 0 / 5                 0 / 5           ops/s
[340.161s][info][gc,stats    ]      Memory: Undo Page Allocation                              0 / 0                 0 / 0                 0 / 0                 0 / 0           ops/s
[340.161s][info][gc,stats    ]       Phase: Concurrent Mark                              14.406 / 15.195       14.774 / 24.159       14.774 / 24.159       14.774 / 24.159      ms
[340.161s][info][gc,stats    ]       Phase: Concurrent Mark Continue                      0.000 / 0.000         0.000 / 0.000         0.000 / 0.000         0.000 / 0.000       ms
[340.161s][info][gc,stats    ]       Phase: Concurrent Mark Free                          0.001 / 0.002         0.001 / 0.002         0.001 / 0.002         0.001 / 0.002       ms
[340.161s][info][gc,stats    ]       Phase: Concurrent Process Non-Strong References      1.031 / 1.095         1.047 / 5.230         1.047 / 5.230         1.047 / 5.230       ms
[340.161s][info][gc,stats    ]       Phase: Concurrent Relocate                           3.392 / 4.302         3.394 / 5.038         3.394 / 5.038         3.394 / 5.038       ms
[340.161s][info][gc,stats    ]       Phase: Concurrent Reset Relocation Set               0.009 / 0.018         0.010 / 0.023         0.010 / 0.023         0.010 / 0.023       ms
[340.161s][info][gc,stats    ]       Phase: Concurrent Select Relocation Set              4.835 / 6.753         5.269 / 15.356        5.269 / 15.356        5.269 / 15.356      ms
[340.161s][info][gc,stats    ]       Phase: Pause Mark End                                0.025 / 0.028         0.025 / 0.032         0.025 / 0.032         0.025 / 0.032       ms
[340.161s][info][gc,stats    ]       Phase: Pause Mark Start                              0.018 / 0.020         0.018 / 0.021         0.018 / 0.021         0.018 / 0.021       ms
[340.161s][info][gc,stats    ]       Phase: Pause Relocate Start                          0.008 / 0.011         0.009 / 0.028         0.009 / 0.028         0.009 / 0.028       ms
[340.161s][info][gc,stats    ]    Subphase: Concurrent Classes Purge                      0.005 / 0.005         0.018 / 0.876         0.018 / 0.876         0.018 / 0.876       ms
[340.161s][info][gc,stats    ]    Subphase: Concurrent Classes Unlink                     0.719 / 0.773         0.718 / 4.065         0.718 / 4.065         0.718 / 4.065       ms
[340.161s][info][gc,stats    ]    Subphase: Concurrent Mark                              12.575 / 14.064       12.945 / 23.147       12.945 / 23.147       12.945 / 23.147      ms
[340.161s][info][gc,stats    ]    Subphase: Concurrent Mark Try Flush                     0.079 / 0.113         0.074 / 0.223         0.074 / 0.223         0.074 / 0.223       ms
[340.161s][info][gc,stats    ]    Subphase: Concurrent Mark Try Terminate                 8.012 / 11.352        8.150 / 16.572        8.150 / 16.572        8.150 / 16.572      ms
[340.161s][info][gc,stats    ]    Subphase: Concurrent References Enqueue                 0.000 / 0.001         0.001 / 0.004         0.001 / 0.004         0.001 / 0.004       ms
[340.161s][info][gc,stats    ]    Subphase: Concurrent References Process                 0.041 / 0.049         0.042 / 0.089         0.042 / 0.089         0.042 / 0.089       ms
[340.161s][info][gc,stats    ]    Subphase: Concurrent Roots ClassLoaderDataGraph         0.085 / 0.729         0.085 / 0.933         0.085 / 0.933         0.085 / 0.933       ms
[340.161s][info][gc,stats    ]    Subphase: Concurrent Roots CodeCache                    0.000 / 0.000         0.000 / 0.000         0.000 / 0.000         0.000 / 0.000       ms
[340.161s][info][gc,stats    ]    Subphase: Concurrent Roots JavaThreads                  0.577 / 1.078         0.545 / 1.189         0.545 / 1.189         0.545 / 1.189       ms
[340.161s][info][gc,stats    ]    Subphase: Concurrent Roots OopStorageSet                0.015 / 0.048         0.018 / 0.190         0.018 / 0.190         0.018 / 0.190       ms
[340.161s][info][gc,stats    ]    Subphase: Concurrent Weak Roots OopStorageSet           0.143 / 0.178         0.142 / 0.186         0.142 / 0.186         0.142 / 0.186       ms
[340.161s][info][gc,stats    ]    Subphase: Pause Mark Try Complete                       0.000 / 0.000         0.000 / 0.000         0.000 / 0.000         0.000 / 0.000       ms
[340.161s][info][gc,stats    ]      System: Java Threads                                     39 / 39               36 / 41               36 / 41               36 / 41          threads
[340.162s][info][gc,stats    ] =========================================================================================================================================================
[341.658s][info][gc,start    ] GC(207) Garbage Collection (Proactive)
[341.658s][info][gc,task     ] GC(207) Using 12 workers
[341.658s][info][gc,phases   ] GC(207) Pause Mark Start 0.017ms
[341.673s][info][gc,phases   ] GC(207) Concurrent Mark 15.086ms
[341.674s][info][gc,phases   ] GC(207) Pause Mark End 0.026ms
[341.674s][info][gc,phases   ] GC(207) Concurrent Mark Free 0.001ms
[341.675s][info][gc,phases   ] GC(207) Concurrent Process Non-Strong References 1.030ms
[341.675s][info][gc,phases   ] GC(207) Concurrent Reset Relocation Set 0.023ms
[341.679s][info][gc,phases   ] GC(207) Concurrent Select Relocation Set 3.932ms
[341.679s][info][gc,phases   ] GC(207) Pause Relocate Start 0.008ms
[341.682s][info][gc,phases   ] GC(207) Concurrent Relocate 3.089ms
[341.682s][info][gc,load     ] GC(207) Load: 0.00/0.00/0.00
[341.682s][info][gc,mmu      ] GC(207) MMU: 2ms/98.4%, 5ms/99.4%, 10ms/99.6%, 20ms/99.7%, 50ms/99.8%, 100ms/99.9%
[341.682s][info][gc,marking  ] GC(207) Mark: 8 stripe(s), 2 proactive flush(es), 1 terminate flush(es), 0 completion(s), 0 continuation(s) 
[341.682s][info][gc,marking  ] GC(207) Mark Stack Usage: 32M
[341.682s][info][gc,nmethod  ] GC(207) NMethods: 2023 registered, 400 unregistered
[341.682s][info][gc,metaspace] GC(207) Metaspace: 9M used, 10M committed, 1088M reserved
[341.682s][info][gc,ref      ] GC(207) Soft: 214 encountered, 0 discovered, 0 enqueued
[341.682s][info][gc,ref      ] GC(207) Weak: 814 encountered, 11 discovered, 0 enqueued
[341.682s][info][gc,ref      ] GC(207) Final: 0 encountered, 0 discovered, 0 enqueued
[341.682s][info][gc,ref      ] GC(207) Phantom: 27 encountered, 23 discovered, 0 enqueued
[341.683s][info][gc,reloc    ] GC(207) Small Pages: 282 / 564M, Empty: 364M, Relocated: 5M, In-Place: 0
[341.683s][info][gc,reloc    ] GC(207) Medium Pages: 0 / 0M, Empty: 0M, Relocated: 0M, In-Place: 0
[341.683s][info][gc,reloc    ] GC(207) Large Pages: 0 / 0M, Empty: 0M, Relocated: 0M, In-Place: 0
[341.683s][info][gc,reloc    ] GC(207) Forwarding Usage: 1M
[341.683s][info][gc,heap     ] GC(207) Min Capacity: 8M(0%)
[341.683s][info][gc,heap     ] GC(207) Max Capacity: 4096M(100%)
[341.683s][info][gc,heap     ] GC(207) Soft Max Capacity: 4096M(100%)
[341.683s][info][gc,heap     ] GC(207)                Mark Start          Mark End        Relocate Start      Relocate End           High               Low         
[341.683s][info][gc,heap     ] GC(207)  Capacity:     2000M (49%)        2000M (49%)        2000M (49%)        2000M (49%)        2000M (49%)        2000M (49%)    
[341.683s][info][gc,heap     ] GC(207)      Free:     3532M (86%)        3516M (86%)        3878M (95%)        4052M (99%)        4052M (99%)        3514M (86%)    
[341.683s][info][gc,heap     ] GC(207)      Used:      564M (14%)         580M (14%)         218M (5%)           44M (1%)          582M (14%)          44M (1%)     
[341.683s][info][gc,heap     ] GC(207)      Live:         -                 6M (0%)            6M (0%)            6M (0%)             -                  -          
[341.683s][info][gc,heap     ] GC(207) Allocated:         -                16M (0%)           18M (0%)           17M (0%)             -                  -          
[341.683s][info][gc,heap     ] GC(207)   Garbage:         -               557M (14%)         193M (5%)           19M (0%)             -                  -          
[341.683s][info][gc,heap     ] GC(207) Reclaimed:         -                  -               364M (9%)          537M (13%)            -                  -          
[341.683s][info][gc          ] GC(207) Garbage Collection (Proactive) 564M(14%)->44M(1%)
[343.163s][info][gc,start    ] GC(208) Garbage Collection (Proactive)
[343.163s][info][gc,task     ] GC(208) Using 12 workers
[343.163s][info][gc,phases   ] GC(208) Pause Mark Start 0.018ms
[343.179s][info][gc,phases   ] GC(208) Concurrent Mark 15.174ms
[343.179s][info][gc,phases   ] GC(208) Pause Mark End 0.025ms
[343.179s][info][gc,phases   ] GC(208) Concurrent Mark Free 0.001ms
[343.180s][info][gc,phases   ] GC(208) Concurrent Process Non-Strong References 1.034ms
[343.180s][info][gc,phases   ] GC(208) Concurrent Reset Relocation Set 0.015ms
[343.187s][info][gc,phases   ] GC(208) Concurrent Select Relocation Set 7.013ms
[343.187s][info][gc,phases   ] GC(208) Pause Relocate Start 0.011ms
[343.191s][info][gc,phases   ] GC(208) Concurrent Relocate 3.246ms
[343.191s][info][gc,load     ] GC(208) Load: 0.00/0.00/0.00
[343.191s][info][gc,mmu      ] GC(208) MMU: 2ms/98.4%, 5ms/99.4%, 10ms/99.6%, 20ms/99.7%, 50ms/99.8%, 100ms/99.9%
[343.191s][info][gc,marking  ] GC(208) Mark: 8 stripe(s), 2 proactive flush(es), 1 terminate flush(es), 0 completion(s), 0 continuation(s) 
[343.191s][info][gc,marking  ] GC(208) Mark Stack Usage: 32M
[343.191s][info][gc,nmethod  ] GC(208) NMethods: 2023 registered, 400 unregistered
[343.191s][info][gc,metaspace] GC(208) Metaspace: 9M used, 10M committed, 1088M reserved
[343.191s][info][gc,ref      ] GC(208) Soft: 214 encountered, 0 discovered, 0 enqueued
[343.191s][info][gc,ref      ] GC(208) Weak: 814 encountered, 9 discovered, 0 enqueued
[343.191s][info][gc,ref      ] GC(208) Final: 0 encountered, 0 discovered, 0 enqueued
[343.191s][info][gc,ref      ] GC(208) Phantom: 27 encountered, 17 discovered, 0 enqueued
[343.191s][info][gc,reloc    ] GC(208) Small Pages: 265 / 530M, Empty: 398M, Relocated: 5M, In-Place: 0
[343.191s][info][gc,reloc    ] GC(208) Medium Pages: 0 / 0M, Empty: 0M, Relocated: 0M, In-Place: 0
[343.191s][info][gc,reloc    ] GC(208) Large Pages: 0 / 0M, Empty: 0M, Relocated: 0M, In-Place: 0
[343.191s][info][gc,reloc    ] GC(208) Forwarding Usage: 1M
[343.191s][info][gc,heap     ] GC(208) Min Capacity: 8M(0%)
[343.191s][info][gc,heap     ] GC(208) Max Capacity: 4096M(100%)
[343.191s][info][gc,heap     ] GC(208) Soft Max Capacity: 4096M(100%)
[343.191s][info][gc,heap     ] GC(208)                Mark Start          Mark End        Relocate Start      Relocate End           High               Low         
[343.191s][info][gc,heap     ] GC(208)  Capacity:     2000M (49%)        2000M (49%)        2000M (49%)        2000M (49%)        2000M (49%)        2000M (49%)    
[343.191s][info][gc,heap     ] GC(208)      Free:     3566M (87%)        3546M (87%)        3944M (96%)        4046M (99%)        4046M (99%)        3546M (87%)    
[343.192s][info][gc,heap     ] GC(208)      Used:      530M (13%)         550M (13%)         152M (4%)           50M (1%)          550M (13%)          50M (1%)     
[343.192s][info][gc,heap     ] GC(208)      Live:         -                 6M (0%)            6M (0%)            6M (0%)             -                  -          
[343.192s][info][gc,heap     ] GC(208) Allocated:         -                20M (0%)           20M (0%)           23M (1%)             -                  -          
[343.192s][info][gc,heap     ] GC(208)   Garbage:         -               523M (13%)         125M (3%)           19M (0%)             -                  -          
[343.192s][info][gc,heap     ] GC(208) Reclaimed:         -                  -               398M (10%)         503M (12%)            -                  -          
[343.192s][info][gc          ] GC(208) Garbage Collection (Proactive) 530M(13%)->50M(1%)
[344.755s][info][gc,start    ] GC(209) Garbage Collection (Proactive)
[344.755s][info][gc,task     ] GC(209) Using 12 workers
[344.755s][info][gc,phases   ] GC(209) Pause Mark Start 0.020ms
[344.771s][info][gc,phases   ] GC(209) Concurrent Mark 15.148ms
[344.771s][info][gc,phases   ] GC(209) Pause Mark End 0.026ms
[344.771s][info][gc,phases   ] GC(209) Concurrent Mark Free 0.001ms
[344.772s][info][gc,phases   ] GC(209) Concurrent Process Non-Strong References 1.021ms
[344.772s][info][gc,phases   ] GC(209) Concurrent Reset Relocation Set 0.010ms
[344.776s][info][gc,phases   ] GC(209) Concurrent Select Relocation Set 3.849ms
[344.776s][info][gc,phases   ] GC(209) Pause Relocate Start 0.010ms
[344.779s][info][gc,phases   ] GC(209) Concurrent Relocate 3.144ms
[344.780s][info][gc,load     ] GC(209) Load: 0.00/0.00/0.00
[344.780s][info][gc,mmu      ] GC(209) MMU: 2ms/98.4%, 5ms/99.4%, 10ms/99.6%, 20ms/99.7%, 50ms/99.8%, 100ms/99.9%
[344.780s][info][gc,marking  ] GC(209) Mark: 8 stripe(s), 3 proactive flush(es), 1 terminate flush(es), 0 completion(s), 0 continuation(s) 
[344.780s][info][gc,marking  ] GC(209) Mark Stack Usage: 32M
[344.780s][info][gc,nmethod  ] GC(209) NMethods: 2023 registered, 400 unregistered
[344.780s][info][gc,metaspace] GC(209) Metaspace: 9M used, 10M committed, 1088M reserved
[344.780s][info][gc,ref      ] GC(209) Soft: 214 encountered, 0 discovered, 0 enqueued
[344.780s][info][gc,ref      ] GC(209) Weak: 814 encountered, 13 discovered, 0 enqueued
[344.780s][info][gc,ref      ] GC(209) Final: 0 encountered, 0 discovered, 0 enqueued
[344.780s][info][gc,ref      ] GC(209) Phantom: 27 encountered, 22 discovered, 0 enqueued
[344.780s][info][gc,reloc    ] GC(209) Small Pages: 286 / 572M, Empty: 442M, Relocated: 4M, In-Place: 0
[344.780s][info][gc,reloc    ] GC(209) Medium Pages: 0 / 0M, Empty: 0M, Relocated: 0M, In-Place: 0
[344.780s][info][gc,reloc    ] GC(209) Large Pages: 0 / 0M, Empty: 0M, Relocated: 0M, In-Place: 0
[344.780s][info][gc,reloc    ] GC(209) Forwarding Usage: 1M
[344.780s][info][gc,heap     ] GC(209) Min Capacity: 8M(0%)
[344.780s][info][gc,heap     ] GC(209) Max Capacity: 4096M(100%)
[344.780s][info][gc,heap     ] GC(209) Soft Max Capacity: 4096M(100%)
[344.780s][info][gc,heap     ] GC(209)                Mark Start          Mark End        Relocate Start      Relocate End           High               Low         
[344.780s][info][gc,heap     ] GC(209)  Capacity:     2000M (49%)        2000M (49%)        2000M (49%)        2000M (49%)        2000M (49%)        2000M (49%)    
[344.780s][info][gc,heap     ] GC(209)      Free:     3524M (86%)        3502M (85%)        3942M (96%)        4044M (99%)        4044M (99%)        3502M (85%)    
[344.780s][info][gc,heap     ] GC(209)      Used:      572M (14%)         594M (15%)         154M (4%)           52M (1%)          594M (15%)          52M (1%)     
[344.780s][info][gc,heap     ] GC(209)      Live:         -                 6M (0%)            6M (0%)            6M (0%)             -                  -          
[344.780s][info][gc,heap     ] GC(209) Allocated:         -                22M (1%)           24M (1%)           25M (1%)             -                  -          
[344.780s][info][gc,heap     ] GC(209)   Garbage:         -               565M (14%)         123M (3%)           19M (0%)             -                  -          
[344.780s][info][gc,heap     ] GC(209) Reclaimed:         -                  -               442M (11%)         545M (13%)            -                  -          
[344.780s][info][gc          ] GC(209) Garbage Collection (Proactive) 572M(14%)->52M(1%)
[345.369s][info][gc,heap,exit] Heap
[345.369s][info][gc,heap,exit]  ZHeap           used 240M, capacity 2000M, max capacity 4096M
[345.369s][info][gc,heap,exit]  Metaspace       used 10039K, committed 10304K, reserved 1114112K
[345.369s][info][gc,heap,exit]   class space    used 1311K, committed 1408K, reserved 1048576K
