[0.016s][info][gc,init] Initializing The Z Garbage Collector
[0.016s][info][gc,init] Version: 20+36-2344 (release)
[0.016s][info][gc,init] NUMA Support: Disabled
[0.016s][info][gc,init] CPUs: 48 total, 48 available
[0.016s][info][gc,init] Memory: 391843M
[0.016s][info][gc,init] Large Page Support: Disabled
[0.017s][info][gc,init] GC Workers: 12 (dynamic)
[0.018s][info][gc,init] Address Space Type: Contiguous/Unrestricted/Complete
[0.018s][info][gc,init] Address Space Size: 32768M x 3 = 98304M
[0.018s][info][gc,init] Min Capacity: 8M
[0.018s][info][gc,init] Initial Capacity: 2048M
[0.055s][info][gc,init] Max Capacity: 2048M
[0.056s][info][gc,init] Medium Page Size: 32M
[0.056s][info][gc,init] Pre-touch: Disabled
[0.056s][info][gc,init] Uncommit: Enabled
[0.056s][info][gc,init] Uncommit Delay: 300s
[0.142s][info][gc,init] Runtime Workers: 20
[0.144s][info][gc     ] Using The Z Garbage Collector
[0.145s][info][gc,metaspace] CDS archive(s) mapped at: [0x0000000800000000-0x0000000800c60000-0x0000000800c60000), size 12976128, SharedBaseAddress: 0x0000000800000000, ArchiveRelocationMode: 0.
[0.145s][info][gc,metaspace] Compressed class space mapped at: 0x0000000801000000-0x0000000841000000, reserved size: 1073741824
[0.145s][info][gc,metaspace] Narrow klass base: 0x0000000800000000, Narrow klass shift: 0, Narrow klass range: 0x100000000
[1.193s][info][gc,start    ] GC(0) Garbage Collection (System.gc())
[1.194s][info][gc,task     ] GC(0) Using 12 workers
[1.194s][info][gc,phases   ] GC(0) Pause Mark Start 0.015ms
[1.210s][info][gc,phases   ] GC(0) Concurrent Mark 16.476ms
[1.211s][info][gc,phases   ] GC(0) Pause Mark End 0.023ms
[1.211s][info][gc,phases   ] GC(0) Concurrent Mark Free 0.001ms
[1.212s][info][gc,phases   ] GC(0) Concurrent Process Non-Strong References 0.984ms
[1.212s][info][gc,phases   ] GC(0) Concurrent Reset Relocation Set 0.001ms
[1.227s][info][gc,phases   ] GC(0) Concurrent Select Relocation Set 15.037ms
[1.227s][info][gc,phases   ] GC(0) Pause Relocate Start 0.008ms
[1.231s][info][gc,phases   ] GC(0) Concurrent Relocate 3.739ms
[1.231s][info][gc,load     ] GC(0) Load: 0.00/0.00/0.00
[1.231s][info][gc,mmu      ] GC(0) MMU: 2ms/98.9%, 5ms/99.5%, 10ms/99.8%, 20ms/99.8%, 50ms/99.9%, 100ms/100.0%
[1.231s][info][gc,marking  ] GC(0) Mark: 8 stripe(s), 1 proactive flush(es), 1 terminate flush(es), 0 completion(s), 0 continuation(s) 
[1.231s][info][gc,marking  ] GC(0) Mark Stack Usage: 32M
[1.231s][info][gc,nmethod  ] GC(0) NMethods: 1068 registered, 108 unregistered
[1.231s][info][gc,metaspace] GC(0) Metaspace: 8M used, 8M committed, 1088M reserved
[1.231s][info][gc,ref      ] GC(0) Soft: 166 encountered, 0 discovered, 0 enqueued
[1.231s][info][gc,ref      ] GC(0) Weak: 769 encountered, 439 discovered, 258 enqueued
[1.231s][info][gc,ref      ] GC(0) Final: 0 encountered, 0 discovered, 0 enqueued
[1.231s][info][gc,ref      ] GC(0) Phantom: 217 encountered, 210 discovered, 190 enqueued
[1.231s][info][gc,reloc    ] GC(0) Small Pages: 13 / 26M, Empty: 0M, Relocated: 4M, In-Place: 0
[1.231s][info][gc,reloc    ] GC(0) Medium Pages: 0 / 0M, Empty: 0M, Relocated: 0M, In-Place: 0
[1.231s][info][gc,reloc    ] GC(0) Large Pages: 0 / 0M, Empty: 0M, Relocated: 0M, In-Place: 0
[1.231s][info][gc,reloc    ] GC(0) Forwarding Usage: 1M
[1.231s][info][gc,heap     ] GC(0) Min Capacity: 8M(0%)
[1.231s][info][gc,heap     ] GC(0) Max Capacity: 2048M(100%)
[1.231s][info][gc,heap     ] GC(0) Soft Max Capacity: 2048M(100%)
[1.231s][info][gc,heap     ] GC(0)                Mark Start          Mark End        Relocate Start      Relocate End           High               Low         
[1.231s][info][gc,heap     ] GC(0)  Capacity:     2048M (100%)       2048M (100%)       2048M (100%)       2048M (100%)       2048M (100%)       2048M (100%)   
[1.231s][info][gc,heap     ] GC(0)      Free:     2022M (99%)        2022M (99%)        2020M (99%)        2022M (99%)        2022M (99%)        2000M (98%)    
[1.231s][info][gc,heap     ] GC(0)      Used:       26M (1%)           26M (1%)           28M (1%)           26M (1%)           48M (2%)           26M (1%)     
[1.231s][info][gc,heap     ] GC(0)      Live:         -                 4M (0%)            4M (0%)            4M (0%)             -                  -          
[1.231s][info][gc,heap     ] GC(0) Allocated:         -                 0M (0%)            2M (0%)            2M (0%)             -                  -          
[1.231s][info][gc,heap     ] GC(0)   Garbage:         -                21M (1%)           21M (1%)           19M (1%)             -                  -          
[1.231s][info][gc,heap     ] GC(0) Reclaimed:         -                  -                 0M (0%)            2M (0%)             -                  -          
[1.231s][info][gc          ] GC(0) Garbage Collection (System.gc()) 26M(1%)->26M(1%)
[2.077s][info][gc,start    ] GC(1) Garbage Collection (Warmup)
[2.077s][info][gc,task     ] GC(1) Using 12 workers
[2.078s][info][gc,phases   ] GC(1) Pause Mark Start 0.017ms
[2.093s][info][gc,phases   ] GC(1) Concurrent Mark 15.053ms
[2.093s][info][gc,phases   ] GC(1) Pause Mark End 0.024ms
[2.093s][info][gc,phases   ] GC(1) Concurrent Mark Free 0.001ms
[2.098s][info][gc,phases   ] GC(1) Concurrent Process Non-Strong References 5.203ms
[2.098s][info][gc,phases   ] GC(1) Concurrent Reset Relocation Set 0.003ms
[2.106s][info][gc,phases   ] GC(1) Concurrent Select Relocation Set 7.185ms
[2.106s][info][gc,phases   ] GC(1) Pause Relocate Start 0.010ms
[2.109s][info][gc,phases   ] GC(1) Concurrent Relocate 3.299ms
[2.109s][info][gc,load     ] GC(1) Load: 0.00/0.00/0.00
[2.109s][info][gc,mmu      ] GC(1) MMU: 2ms/98.8%, 5ms/99.5%, 10ms/99.8%, 20ms/99.8%, 50ms/99.9%, 100ms/99.9%
[2.109s][info][gc,marking  ] GC(1) Mark: 8 stripe(s), 2 proactive flush(es), 1 terminate flush(es), 0 completion(s), 0 continuation(s) 
[2.109s][info][gc,marking  ] GC(1) Mark Stack Usage: 32M
[2.109s][info][gc,nmethod  ] GC(1) NMethods: 1810 registered, 187 unregistered
[2.109s][info][gc,metaspace] GC(1) Metaspace: 9M used, 9M committed, 1088M reserved
[2.109s][info][gc,ref      ] GC(1) Soft: 212 encountered, 0 discovered, 0 enqueued
[2.109s][info][gc,ref      ] GC(1) Weak: 939 encountered, 203 discovered, 162 enqueued
[2.109s][info][gc,ref      ] GC(1) Final: 0 encountered, 0 discovered, 0 enqueued
[2.109s][info][gc,ref      ] GC(1) Phantom: 141 encountered, 129 discovered, 114 enqueued
[2.110s][info][gc,reloc    ] GC(1) Small Pages: 110 / 220M, Empty: 58M, Relocated: 6M, In-Place: 0
[2.110s][info][gc,reloc    ] GC(1) Medium Pages: 0 / 0M, Empty: 0M, Relocated: 0M, In-Place: 0
[2.110s][info][gc,reloc    ] GC(1) Large Pages: 0 / 0M, Empty: 0M, Relocated: 0M, In-Place: 0
[2.110s][info][gc,reloc    ] GC(1) Forwarding Usage: 2M
[2.110s][info][gc,heap     ] GC(1) Min Capacity: 8M(0%)
[2.110s][info][gc,heap     ] GC(1) Max Capacity: 2048M(100%)
[2.110s][info][gc,heap     ] GC(1) Soft Max Capacity: 2048M(100%)
[2.110s][info][gc,heap     ] GC(1)                Mark Start          Mark End        Relocate Start      Relocate End           High               Low         
[2.110s][info][gc,heap     ] GC(1)  Capacity:     2048M (100%)       2048M (100%)       2048M (100%)       2048M (100%)       2048M (100%)       2048M (100%)   
[2.110s][info][gc,heap     ] GC(1)      Free:     1828M (89%)        1824M (89%)        1878M (92%)        2014M (98%)        2014M (98%)        1820M (89%)    
[2.110s][info][gc,heap     ] GC(1)      Used:      220M (11%)         224M (11%)         170M (8%)           34M (2%)          228M (11%)          34M (2%)     
[2.110s][info][gc,heap     ] GC(1)      Live:         -                 6M (0%)            6M (0%)            6M (0%)             -                  -          
[2.110s][info][gc,heap     ] GC(1) Allocated:         -                 4M (0%)            8M (0%)            9M (0%)             -                  -          
[2.110s][info][gc,heap     ] GC(1)   Garbage:         -               213M (10%)         155M (8%)           17M (1%)             -                  -          
[2.110s][info][gc,heap     ] GC(1) Reclaimed:         -                  -                58M (3%)          195M (10%)            -                  -          
[2.110s][info][gc          ] GC(1) Garbage Collection (Warmup) 220M(11%)->34M(2%)
[3.372s][info][gc,start    ] GC(2) Garbage Collection (Warmup)
[3.372s][info][gc,task     ] GC(2) Using 12 workers
[3.372s][info][gc,phases   ] GC(2) Pause Mark Start 0.017ms
[3.387s][info][gc,phases   ] GC(2) Concurrent Mark 15.206ms
[3.388s][info][gc,phases   ] GC(2) Pause Mark End 0.022ms
[3.388s][info][gc,phases   ] GC(2) Concurrent Mark Free 0.002ms
[3.389s][info][gc,phases   ] GC(2) Concurrent Process Non-Strong References 1.148ms
[3.389s][info][gc,phases   ] GC(2) Concurrent Reset Relocation Set 0.012ms
[3.393s][info][gc,phases   ] GC(2) Concurrent Select Relocation Set 3.849ms
[3.393s][info][gc,phases   ] GC(2) Pause Relocate Start 0.007ms
[3.397s][info][gc,phases   ] GC(2) Concurrent Relocate 3.794ms
[3.397s][info][gc,load     ] GC(2) Load: 0.00/0.00/0.00
[3.397s][info][gc,mmu      ] GC(2) MMU: 2ms/98.8%, 5ms/99.5%, 10ms/99.7%, 20ms/99.8%, 50ms/99.9%, 100ms/99.9%
[3.397s][info][gc,marking  ] GC(2) Mark: 8 stripe(s), 3 proactive flush(es), 1 terminate flush(es), 0 completion(s), 0 continuation(s) 
[3.397s][info][gc,marking  ] GC(2) Mark Stack Usage: 32M
[3.397s][info][gc,nmethod  ] GC(2) NMethods: 1810 registered, 222 unregistered
[3.397s][info][gc,metaspace] GC(2) Metaspace: 9M used, 9M committed, 1088M reserved
[3.397s][info][gc,ref      ] GC(2) Soft: 212 encountered, 0 discovered, 0 enqueued
[3.397s][info][gc,ref      ] GC(2) Weak: 777 encountered, 11 discovered, 0 enqueued
[3.397s][info][gc,ref      ] GC(2) Final: 0 encountered, 0 discovered, 0 enqueued
[3.397s][info][gc,ref      ] GC(2) Phantom: 27 encountered, 17 discovered, 0 enqueued
[3.397s][info][gc,reloc    ] GC(2) Small Pages: 205 / 410M, Empty: 242M, Relocated: 5M, In-Place: 0
[3.397s][info][gc,reloc    ] GC(2) Medium Pages: 0 / 0M, Empty: 0M, Relocated: 0M, In-Place: 0
[3.397s][info][gc,reloc    ] GC(2) Large Pages: 0 / 0M, Empty: 0M, Relocated: 0M, In-Place: 0
[3.397s][info][gc,reloc    ] GC(2) Forwarding Usage: 1M
[3.397s][info][gc,heap     ] GC(2) Min Capacity: 8M(0%)
[3.397s][info][gc,heap     ] GC(2) Max Capacity: 2048M(100%)
[3.397s][info][gc,heap     ] GC(2) Soft Max Capacity: 2048M(100%)
[3.398s][info][gc,heap     ] GC(2)                Mark Start          Mark End        Relocate Start      Relocate End           High               Low         
[3.398s][info][gc,heap     ] GC(2)  Capacity:     2048M (100%)       2048M (100%)       2048M (100%)       2048M (100%)       2048M (100%)       2048M (100%)   
[3.398s][info][gc,heap     ] GC(2)      Free:     1638M (80%)        1632M (80%)        1872M (91%)        2014M (98%)        2014M (98%)        1632M (80%)    
[3.398s][info][gc,heap     ] GC(2)      Used:      410M (20%)         416M (20%)         176M (9%)           34M (2%)          416M (20%)          34M (2%)     
[3.398s][info][gc,heap     ] GC(2)      Live:         -                 6M (0%)            6M (0%)            6M (0%)             -                  -          
[3.398s][info][gc,heap     ] GC(2) Allocated:         -                 6M (0%)            8M (0%)            7M (0%)             -                  -          
[3.398s][info][gc,heap     ] GC(2)   Garbage:         -               403M (20%)         161M (8%)           19M (1%)             -                  -          
[3.398s][info][gc,heap     ] GC(2) Reclaimed:         -                  -               242M (12%)         383M (19%)            -                  -          
[3.398s][info][gc          ] GC(2) Garbage Collection (Warmup) 410M(20%)->34M(2%)
[5.368s][info][gc,start    ] GC(3) Garbage Collection (Warmup)
[5.368s][info][gc,task     ] GC(3) Using 12 workers
[5.368s][info][gc,phases   ] GC(3) Pause Mark Start 0.017ms
[5.383s][info][gc,phases   ] GC(3) Concurrent Mark 15.170ms
[5.383s][info][gc,phases   ] GC(3) Pause Mark End 0.024ms
[5.384s][info][gc,phases   ] GC(3) Concurrent Mark Free 0.001ms
[5.385s][info][gc,phases   ] GC(3) Concurrent Process Non-Strong References 1.109ms
[5.385s][info][gc,phases   ] GC(3) Concurrent Reset Relocation Set 0.014ms
[5.391s][info][gc,phases   ] GC(3) Concurrent Select Relocation Set 6.492ms
[5.391s][info][gc,phases   ] GC(3) Pause Relocate Start 0.008ms
[5.395s][info][gc,phases   ] GC(3) Concurrent Relocate 3.192ms
[5.395s][info][gc,load     ] GC(3) Load: 0.00/0.00/0.00
[5.395s][info][gc,mmu      ] GC(3) MMU: 2ms/98.8%, 5ms/99.5%, 10ms/99.7%, 20ms/99.8%, 50ms/99.9%, 100ms/99.9%
[5.395s][info][gc,marking  ] GC(3) Mark: 8 stripe(s), 2 proactive flush(es), 1 terminate flush(es), 0 completion(s), 0 continuation(s) 
[5.395s][info][gc,marking  ] GC(3) Mark Stack Usage: 32M
[5.395s][info][gc,nmethod  ] GC(3) NMethods: 1814 registered, 253 unregistered
[5.395s][info][gc,metaspace] GC(3) Metaspace: 9M used, 9M committed, 1088M reserved
[5.395s][info][gc,ref      ] GC(3) Soft: 212 encountered, 0 discovered, 0 enqueued
[5.395s][info][gc,ref      ] GC(3) Weak: 777 encountered, 270 discovered, 0 enqueued
[5.395s][info][gc,ref      ] GC(3) Final: 0 encountered, 0 discovered, 0 enqueued
[5.395s][info][gc,ref      ] GC(3) Phantom: 27 encountered, 22 discovered, 0 enqueued
[5.395s][info][gc,reloc    ] GC(3) Small Pages: 315 / 630M, Empty: 434M, Relocated: 4M, In-Place: 0
[5.395s][info][gc,reloc    ] GC(3) Medium Pages: 0 / 0M, Empty: 0M, Relocated: 0M, In-Place: 0
[5.395s][info][gc,reloc    ] GC(3) Large Pages: 0 / 0M, Empty: 0M, Relocated: 0M, In-Place: 0
[5.395s][info][gc,reloc    ] GC(3) Forwarding Usage: 1M
[5.395s][info][gc,heap     ] GC(3) Min Capacity: 8M(0%)
[5.395s][info][gc,heap     ] GC(3) Max Capacity: 2048M(100%)
[5.395s][info][gc,heap     ] GC(3) Soft Max Capacity: 2048M(100%)
[5.395s][info][gc,heap     ] GC(3)                Mark Start          Mark End        Relocate Start      Relocate End           High               Low         
[5.395s][info][gc,heap     ] GC(3)  Capacity:     2048M (100%)       2048M (100%)       2048M (100%)       2048M (100%)       2048M (100%)       2048M (100%)   
[5.395s][info][gc,heap     ] GC(3)      Free:     1418M (69%)        1412M (69%)        1844M (90%)        2014M (98%)        2014M (98%)        1412M (69%)    
[5.395s][info][gc,heap     ] GC(3)      Used:      630M (31%)         636M (31%)         204M (10%)          34M (2%)          636M (31%)          34M (2%)     
[5.395s][info][gc,heap     ] GC(3)      Live:         -                 6M (0%)            6M (0%)            6M (0%)             -                  -          
[5.395s][info][gc,heap     ] GC(3) Allocated:         -                 6M (0%)            8M (0%)            7M (0%)             -                  -          
[5.395s][info][gc,heap     ] GC(3)   Garbage:         -               623M (30%)         189M (9%)           19M (1%)             -                  -          
[5.396s][info][gc,heap     ] GC(3) Reclaimed:         -                  -               434M (21%)         603M (29%)            -                  -          
[5.396s][info][gc          ] GC(3) Garbage Collection (Warmup) 630M(31%)->34M(2%)
[7.169s][info][gc,start    ] GC(4) Garbage Collection (Proactive)
[7.169s][info][gc,task     ] GC(4) Using 12 workers
[7.169s][info][gc,phases   ] GC(4) Pause Mark Start 0.018ms
[7.185s][info][gc,phases   ] GC(4) Concurrent Mark 15.215ms
[7.185s][info][gc,phases   ] GC(4) Pause Mark End 0.024ms
[7.185s][info][gc,phases   ] GC(4) Concurrent Mark Free 0.001ms
[7.186s][info][gc,phases   ] GC(4) Concurrent Process Non-Strong References 1.115ms
[7.186s][info][gc,phases   ] GC(4) Concurrent Reset Relocation Set 0.013ms
[7.190s][info][gc,phases   ] GC(4) Concurrent Select Relocation Set 3.804ms
[7.190s][info][gc,phases   ] GC(4) Pause Relocate Start 0.009ms
[7.194s][info][gc,phases   ] GC(4) Concurrent Relocate 3.254ms
[7.194s][info][gc,load     ] GC(4) Load: 0.00/0.00/0.00
[7.194s][info][gc,mmu      ] GC(4) MMU: 2ms/98.8%, 5ms/99.5%, 10ms/99.7%, 20ms/99.8%, 50ms/99.9%, 100ms/99.9%
[7.194s][info][gc,marking  ] GC(4) Mark: 8 stripe(s), 2 proactive flush(es), 1 terminate flush(es), 0 completion(s), 0 continuation(s) 
[7.194s][info][gc,marking  ] GC(4) Mark Stack Usage: 32M
[7.194s][info][gc,nmethod  ] GC(4) NMethods: 1815 registered, 284 unregistered
[7.194s][info][gc,metaspace] GC(4) Metaspace: 9M used, 9M committed, 1088M reserved
[7.194s][info][gc,ref      ] GC(4) Soft: 212 encountered, 0 discovered, 0 enqueued
[7.194s][info][gc,ref      ] GC(4) Weak: 777 encountered, 4 discovered, 0 enqueued
[7.194s][info][gc,ref      ] GC(4) Final: 0 encountered, 0 discovered, 0 enqueued
[7.194s][info][gc,ref      ] GC(4) Phantom: 27 encountered, 17 discovered, 0 enqueued
[7.194s][info][gc,reloc    ] GC(4) Small Pages: 302 / 604M, Empty: 464M, Relocated: 4M, In-Place: 0
[7.194s][info][gc,reloc    ] GC(4) Medium Pages: 0 / 0M, Empty: 0M, Relocated: 0M, In-Place: 0
[7.194s][info][gc,reloc    ] GC(4) Large Pages: 0 / 0M, Empty: 0M, Relocated: 0M, In-Place: 0
[7.194s][info][gc,reloc    ] GC(4) Forwarding Usage: 1M
[7.194s][info][gc,heap     ] GC(4) Min Capacity: 8M(0%)
[7.194s][info][gc,heap     ] GC(4) Max Capacity: 2048M(100%)
[7.194s][info][gc,heap     ] GC(4) Soft Max Capacity: 2048M(100%)
[7.194s][info][gc,heap     ] GC(4)                Mark Start          Mark End        Relocate Start      Relocate End           High               Low         
[7.194s][info][gc,heap     ] GC(4)  Capacity:     2048M (100%)       2048M (100%)       2048M (100%)       2048M (100%)       2048M (100%)       2048M (100%)   
[7.194s][info][gc,heap     ] GC(4)      Free:     1444M (71%)        1438M (70%)        1900M (93%)        2014M (98%)        2014M (98%)        1438M (70%)    
[7.194s][info][gc,heap     ] GC(4)      Used:      604M (29%)         610M (30%)         148M (7%)           34M (2%)          610M (30%)          34M (2%)     
[7.194s][info][gc,heap     ] GC(4)      Live:         -                 6M (0%)            6M (0%)            6M (0%)             -                  -          
[7.194s][info][gc,heap     ] GC(4) Allocated:         -                 6M (0%)            8M (0%)            7M (0%)             -                  -          
[7.194s][info][gc,heap     ] GC(4)   Garbage:         -               597M (29%)         133M (7%)           19M (1%)             -                  -          
[7.194s][info][gc,heap     ] GC(4) Reclaimed:         -                  -               464M (23%)         577M (28%)            -                  -          
[7.195s][info][gc          ] GC(4) Garbage Collection (Proactive) 604M(29%)->34M(2%)
[8.503s][info][gc,start    ] GC(5) Garbage Collection (System.gc())
[8.503s][info][gc,task     ] GC(5) Using 12 workers
[8.503s][info][gc,phases   ] GC(5) Pause Mark Start 0.016ms
[8.511s][info][gc,phases   ] GC(5) Concurrent Mark 7.533ms
[8.511s][info][gc,phases   ] GC(5) Pause Mark End 0.019ms
[8.511s][info][gc,phases   ] GC(5) Concurrent Mark Free 0.001ms
[8.512s][info][gc,phases   ] GC(5) Concurrent Process Non-Strong References 0.915ms
[8.512s][info][gc,phases   ] GC(5) Concurrent Reset Relocation Set 0.011ms
[8.516s][info][gc,phases   ] GC(5) Concurrent Select Relocation Set 3.869ms
[8.516s][info][gc,phases   ] GC(5) Pause Relocate Start 0.007ms
[8.518s][info][gc,phases   ] GC(5) Concurrent Relocate 2.198ms
[8.518s][info][gc,load     ] GC(5) Load: 0.00/0.00/0.00
[8.518s][info][gc,mmu      ] GC(5) MMU: 2ms/98.8%, 5ms/99.5%, 10ms/99.7%, 20ms/99.8%, 50ms/99.9%, 100ms/99.9%
[8.518s][info][gc,marking  ] GC(5) Mark: 8 stripe(s), 2 proactive flush(es), 1 terminate flush(es), 0 completion(s), 0 continuation(s) 
[8.518s][info][gc,marking  ] GC(5) Mark Stack Usage: 32M
[8.518s][info][gc,nmethod  ] GC(5) NMethods: 1816 registered, 298 unregistered
[8.518s][info][gc,metaspace] GC(5) Metaspace: 9M used, 9M committed, 1088M reserved
[8.518s][info][gc,ref      ] GC(5) Soft: 214 encountered, 0 discovered, 0 enqueued
[8.518s][info][gc,ref      ] GC(5) Weak: 807 encountered, 122 discovered, 13 enqueued
[8.518s][info][gc,ref      ] GC(5) Final: 0 encountered, 0 discovered, 0 enqueued
[8.518s][info][gc,ref      ] GC(5) Phantom: 35 encountered, 30 discovered, 8 enqueued
[8.518s][info][gc,reloc    ] GC(5) Small Pages: 229 / 458M, Empty: 428M, Relocated: 3M, In-Place: 0
[8.518s][info][gc,reloc    ] GC(5) Medium Pages: 0 / 0M, Empty: 0M, Relocated: 0M, In-Place: 0
[8.518s][info][gc,reloc    ] GC(5) Large Pages: 0 / 0M, Empty: 0M, Relocated: 0M, In-Place: 0
[8.519s][info][gc,reloc    ] GC(5) Forwarding Usage: 1M
[8.519s][info][gc,heap     ] GC(5) Min Capacity: 8M(0%)
[8.519s][info][gc,heap     ] GC(5) Max Capacity: 2048M(100%)
[8.519s][info][gc,heap     ] GC(5) Soft Max Capacity: 2048M(100%)
[8.519s][info][gc,heap     ] GC(5)                Mark Start          Mark End        Relocate Start      Relocate End           High               Low         
[8.519s][info][gc,heap     ] GC(5)  Capacity:     2048M (100%)       2048M (100%)       2048M (100%)       2048M (100%)       2048M (100%)       2048M (100%)   
[8.519s][info][gc,heap     ] GC(5)      Free:     1590M (78%)        1590M (78%)        2016M (98%)        2020M (99%)        2020M (99%)        1590M (78%)    
[8.519s][info][gc,heap     ] GC(5)      Used:      458M (22%)         458M (22%)          32M (2%)           28M (1%)          458M (22%)          28M (1%)     
[8.519s][info][gc,heap     ] GC(5)      Live:         -                 4M (0%)            4M (0%)            4M (0%)             -                  -          
[8.519s][info][gc,heap     ] GC(5) Allocated:         -                 0M (0%)            2M (0%)            2M (0%)             -                  -          
[8.519s][info][gc,heap     ] GC(5)   Garbage:         -               453M (22%)          25M (1%)           21M (1%)             -                  -          
[8.519s][info][gc,heap     ] GC(5) Reclaimed:         -                  -               428M (21%)         432M (21%)            -                  -          
[8.519s][info][gc          ] GC(5) Garbage Collection (System.gc()) 458M(22%)->28M(1%)
[10.171s][info][gc,stats    ] === Garbage Collection Statistics =======================================================================================================================
[10.172s][info][gc,stats    ]                                                              Last 10s              Last 10m              Last 10h                Total
[10.172s][info][gc,stats    ]                                                              Avg / Max             Avg / Max             Avg / Max             Avg / Max
[10.172s][info][gc,stats    ]   Collector: Garbage Collection Cycle                     26.996 / 37.374       26.996 / 37.374       26.996 / 37.374       26.996 / 37.374      ms
[10.172s][info][gc,stats    ]  Contention: Mark Segment Reset Contention                     2 / 8                 2 / 8                 2 / 8                 2 / 8           ops/s
[10.172s][info][gc,stats    ]  Contention: Mark SeqNum Reset Contention                      0 / 0                 0 / 0                 0 / 0                 0 / 0           ops/s
[10.172s][info][gc,stats    ]    Critical: Allocation Stall                                  0 / 0                 0 / 0                 0 / 0                 0 / 0           ops/s
[10.172s][info][gc,stats    ]    Critical: Allocation Stall                              0.000 / 0.000         0.000 / 0.000         0.000 / 0.000         0.000 / 0.000       ms
[10.172s][info][gc,stats    ]    Critical: GC Locker Stall                                   0 / 0                 0 / 0                 0 / 0                 0 / 0           ops/s
[10.172s][info][gc,stats    ]    Critical: GC Locker Stall                               0.000 / 0.000         0.000 / 0.000         0.000 / 0.000         0.000 / 0.000       ms
[10.172s][info][gc,stats    ]    Critical: Relocation Stall                                  0 / 0                 0 / 0                 0 / 0                 0 / 0           ops/s
[10.172s][info][gc,stats    ]    Critical: Relocation Stall                              0.000 / 0.000         0.000 / 0.000         0.000 / 0.000         0.000 / 0.000       ms
[10.172s][info][gc,stats    ]      Memory: Allocation Rate                                 277 / 336             277 / 336             277 / 336             277 / 336         MB/s
[10.172s][info][gc,stats    ]      Memory: Defragment                                        0 / 0                 0 / 0                 0 / 0                 0 / 0           ops/s
[10.172s][info][gc,stats    ]      Memory: Out Of Memory                                     0 / 0                 0 / 0                 0 / 0                 0 / 0           ops/s
[10.172s][info][gc,stats    ]      Memory: Page Cache Flush                                  0 / 0                 0 / 0                 0 / 0                 0 / 0           MB/s
[10.172s][info][gc,stats    ]      Memory: Page Cache Hit L1                               114 / 180             114 / 180             114 / 180             114 / 180         ops/s
[10.172s][info][gc,stats    ]      Memory: Page Cache Hit L2                                 0 / 0                 0 / 0                 0 / 0                 0 / 0           ops/s
[10.172s][info][gc,stats    ]      Memory: Page Cache Hit L3                                31 / 101              31 / 101              31 / 101              31 / 101         ops/s
[10.172s][info][gc,stats    ]      Memory: Page Cache Miss                                   0 / 1                 0 / 1                 0 / 1                 0 / 1           ops/s
[10.172s][info][gc,stats    ]      Memory: Uncommit                                          0 / 0                 0 / 0                 0 / 0                 0 / 0           MB/s
[10.172s][info][gc,stats    ]      Memory: Undo Object Allocation Failed                     0 / 0                 0 / 0                 0 / 0                 0 / 0           ops/s
[10.172s][info][gc,stats    ]      Memory: Undo Object Allocation Succeeded                  0 / 1                 0 / 1                 0 / 1                 0 / 1           ops/s
[10.172s][info][gc,stats    ]      Memory: Undo Page Allocation                              1 / 5                 1 / 5                 1 / 5                 1 / 5           ops/s
[10.172s][info][gc,stats    ]       Phase: Concurrent Mark                              14.109 / 16.476       14.109 / 16.476       14.109 / 16.476       14.109 / 16.476      ms
[10.172s][info][gc,stats    ]       Phase: Concurrent Mark Continue                      0.000 / 0.000         0.000 / 0.000         0.000 / 0.000         0.000 / 0.000       ms
[10.172s][info][gc,stats    ]       Phase: Concurrent Mark Free                          0.001 / 0.002         0.001 / 0.002         0.001 / 0.002         0.001 / 0.002       ms
[10.172s][info][gc,stats    ]       Phase: Concurrent Process Non-Strong References      1.746 / 5.203         1.746 / 5.203         1.746 / 5.203         1.746 / 5.203       ms
[10.173s][info][gc,stats    ]       Phase: Concurrent Relocate                           3.246 / 3.794         3.246 / 3.794         3.246 / 3.794         3.246 / 3.794       ms
[10.173s][info][gc,stats    ]       Phase: Concurrent Reset Relocation Set               0.009 / 0.014         0.009 / 0.014         0.009 / 0.014         0.009 / 0.014       ms
[10.173s][info][gc,stats    ]       Phase: Concurrent Select Relocation Set              6.706 / 15.037        6.706 / 15.037        6.706 / 15.037        6.706 / 15.037      ms
[10.173s][info][gc,stats    ]       Phase: Pause Mark End                                0.022 / 0.024         0.022 / 0.024         0.022 / 0.024         0.022 / 0.024       ms
[10.173s][info][gc,stats    ]       Phase: Pause Mark Start                              0.017 / 0.018         0.017 / 0.018         0.017 / 0.018         0.017 / 0.018       ms
[10.173s][info][gc,stats    ]       Phase: Pause Relocate Start                          0.008 / 0.010         0.008 / 0.010         0.008 / 0.010         0.008 / 0.010       ms
[10.173s][info][gc,stats    ]    Subphase: Concurrent Classes Purge                      0.308 / 0.832         0.308 / 0.832         0.308 / 0.832         0.308 / 0.832       ms
[10.173s][info][gc,stats    ]    Subphase: Concurrent Classes Unlink                     1.140 / 4.025         1.140 / 4.025         1.140 / 4.025         1.140 / 4.025       ms
[10.173s][info][gc,stats    ]    Subphase: Concurrent Mark                              12.345 / 15.273       12.345 / 15.273       12.345 / 15.273       12.345 / 15.273      ms
[10.173s][info][gc,stats    ]    Subphase: Concurrent Mark Try Flush                     0.072 / 0.112         0.072 / 0.112         0.072 / 0.112         0.072 / 0.112       ms
[10.173s][info][gc,stats    ]    Subphase: Concurrent Mark Try Terminate                 6.611 / 11.645        6.611 / 11.645        6.611 / 11.645        6.611 / 11.645      ms
[10.173s][info][gc,stats    ]    Subphase: Concurrent References Enqueue                 0.002 / 0.004         0.002 / 0.004         0.002 / 0.004         0.002 / 0.004       ms
[10.173s][info][gc,stats    ]    Subphase: Concurrent References Process                 0.053 / 0.075         0.053 / 0.075         0.053 / 0.075         0.053 / 0.075       ms
[10.173s][info][gc,stats    ]    Subphase: Concurrent Roots ClassLoaderDataGraph         0.094 / 0.967         0.094 / 0.967         0.094 / 0.967         0.094 / 0.967       ms
[10.173s][info][gc,stats    ]    Subphase: Concurrent Roots CodeCache                    0.000 / 0.000         0.000 / 0.000         0.000 / 0.000         0.000 / 0.000       ms
[10.173s][info][gc,stats    ]    Subphase: Concurrent Roots JavaThreads                  0.510 / 1.377         0.510 / 1.377         0.510 / 1.377         0.510 / 1.377       ms
[10.173s][info][gc,stats    ]    Subphase: Concurrent Roots OopStorageSet                0.031 / 0.273         0.031 / 0.273         0.031 / 0.273         0.031 / 0.273       ms
[10.173s][info][gc,stats    ]    Subphase: Concurrent Weak Roots OopStorageSet           0.127 / 0.165         0.127 / 0.165         0.127 / 0.165         0.127 / 0.165       ms
[10.173s][info][gc,stats    ]    Subphase: Pause Mark Try Complete                       0.000 / 0.000         0.000 / 0.000         0.000 / 0.000         0.000 / 0.000       ms
[10.173s][info][gc,stats    ]      System: Java Threads                                     29 / 37               29 / 37               29 / 37               29 / 37          threads
[10.173s][info][gc,stats    ] =========================================================================================================================================================
[10.265s][info][gc,start    ] GC(6) Garbage Collection (Proactive)
[10.265s][info][gc,task     ] GC(6) Using 12 workers
[10.266s][info][gc,phases   ] GC(6) Pause Mark Start 0.030ms
[10.296s][info][gc,phases   ] GC(6) Concurrent Mark 30.725ms
[10.297s][info][gc,phases   ] GC(6) Pause Mark End 0.025ms
[10.297s][info][gc,phases   ] GC(6) Concurrent Mark Free 0.001ms
[10.298s][info][gc,phases   ] GC(6) Concurrent Process Non-Strong References 1.098ms
[10.298s][info][gc,phases   ] GC(6) Concurrent Reset Relocation Set 0.002ms
[10.304s][info][gc,phases   ] GC(6) Concurrent Select Relocation Set 6.040ms
[10.304s][info][gc,phases   ] GC(6) Pause Relocate Start 0.009ms
[10.307s][info][gc,phases   ] GC(6) Concurrent Relocate 2.691ms
[10.307s][info][gc,load     ] GC(6) Load: 0.00/0.00/0.00
[10.307s][info][gc,mmu      ] GC(6) MMU: 2ms/98.5%, 5ms/99.4%, 10ms/99.7%, 20ms/99.8%, 50ms/99.9%, 100ms/99.9%
[10.307s][info][gc,marking  ] GC(6) Mark: 8 stripe(s), 2 proactive flush(es), 1 terminate flush(es), 0 completion(s), 0 continuation(s) 
[10.307s][info][gc,marking  ] GC(6) Mark Stack Usage: 32M
[10.307s][info][gc,nmethod  ] GC(6) NMethods: 1823 registered, 316 unregistered
[10.307s][info][gc,metaspace] GC(6) Metaspace: 9M used, 9M committed, 1088M reserved
[10.307s][info][gc,ref      ] GC(6) Soft: 214 encountered, 0 discovered, 0 enqueued
[10.307s][info][gc,ref      ] GC(6) Weak: 794 encountered, 222 discovered, 0 enqueued
[10.307s][info][gc,ref      ] GC(6) Final: 0 encountered, 0 discovered, 0 enqueued
[10.307s][info][gc,ref      ] GC(6) Phantom: 27 encountered, 18 discovered, 0 enqueued
[10.307s][info][gc,reloc    ] GC(6) Small Pages: 290 / 580M, Empty: 392M, Relocated: 4M, In-Place: 0
[10.307s][info][gc,reloc    ] GC(6) Medium Pages: 0 / 0M, Empty: 0M, Relocated: 0M, In-Place: 0
[10.308s][info][gc,reloc    ] GC(6) Large Pages: 0 / 0M, Empty: 0M, Relocated: 0M, In-Place: 0
[10.308s][info][gc,reloc    ] GC(6) Forwarding Usage: 1M
[10.308s][info][gc,heap     ] GC(6) Min Capacity: 8M(0%)
[10.308s][info][gc,heap     ] GC(6) Max Capacity: 2048M(100%)
[10.308s][info][gc,heap     ] GC(6) Soft Max Capacity: 2048M(100%)
[10.308s][info][gc,heap     ] GC(6)                Mark Start          Mark End        Relocate Start      Relocate End           High               Low         
[10.308s][info][gc,heap     ] GC(6)  Capacity:     2048M (100%)       2048M (100%)       2048M (100%)       2048M (100%)       2048M (100%)       2048M (100%)   
[10.308s][info][gc,heap     ] GC(6)      Free:     1468M (72%)        1458M (71%)        1848M (90%)        2010M (98%)        2010M (98%)        1458M (71%)    
[10.308s][info][gc,heap     ] GC(6)      Used:      580M (28%)         590M (29%)         200M (10%)          38M (2%)          590M (29%)          38M (2%)     
[10.308s][info][gc,heap     ] GC(6)      Live:         -                 6M (0%)            6M (0%)            6M (0%)             -                  -          
[10.308s][info][gc,heap     ] GC(6) Allocated:         -                10M (0%)           12M (1%)           11M (1%)             -                  -          
[10.308s][info][gc,heap     ] GC(6)   Garbage:         -               573M (28%)         181M (9%)           19M (1%)             -                  -          
[10.308s][info][gc,heap     ] GC(6) Reclaimed:         -                  -               392M (19%)         553M (27%)            -                  -          
[10.308s][info][gc          ] GC(6) Garbage Collection (Proactive) 580M(28%)->38M(2%)
[13.868s][info][gc,start    ] GC(7) Garbage Collection (Proactive)
[13.868s][info][gc,task     ] GC(7) Using 12 workers
[13.868s][info][gc,phases   ] GC(7) Pause Mark Start 0.018ms
[13.884s][info][gc,phases   ] GC(7) Concurrent Mark 15.353ms
[13.884s][info][gc,phases   ] GC(7) Pause Mark End 0.022ms
[13.884s][info][gc,phases   ] GC(7) Concurrent Mark Free 0.001ms
[13.885s][info][gc,phases   ] GC(7) Concurrent Process Non-Strong References 0.974ms
[13.885s][info][gc,phases   ] GC(7) Concurrent Reset Relocation Set 0.016ms
[13.892s][info][gc,phases   ] GC(7) Concurrent Select Relocation Set 6.718ms
[13.892s][info][gc,phases   ] GC(7) Pause Relocate Start 0.009ms
[13.895s][info][gc,phases   ] GC(7) Concurrent Relocate 3.011ms
[13.895s][info][gc,load     ] GC(7) Load: 0.00/0.00/0.00
[13.895s][info][gc,mmu      ] GC(7) MMU: 2ms/98.5%, 5ms/99.4%, 10ms/99.7%, 20ms/99.8%, 50ms/99.9%, 100ms/99.9%
[13.895s][info][gc,marking  ] GC(7) Mark: 8 stripe(s), 2 proactive flush(es), 1 terminate flush(es), 0 completion(s), 0 continuation(s) 
[13.895s][info][gc,marking  ] GC(7) Mark Stack Usage: 32M
[13.895s][info][gc,nmethod  ] GC(7) NMethods: 1825 registered, 322 unregistered
[13.895s][info][gc,metaspace] GC(7) Metaspace: 9M used, 9M committed, 1088M reserved
[13.895s][info][gc,ref      ] GC(7) Soft: 214 encountered, 0 discovered, 0 enqueued
[13.895s][info][gc,ref      ] GC(7) Weak: 794 encountered, 150 discovered, 0 enqueued
[13.895s][info][gc,ref      ] GC(7) Final: 0 encountered, 0 discovered, 0 enqueued
[13.896s][info][gc,ref      ] GC(7) Phantom: 27 encountered, 23 discovered, 0 enqueued
[13.896s][info][gc,reloc    ] GC(7) Small Pages: 566 / 1132M, Empty: 1016M, Relocated: 4M, In-Place: 0
[13.896s][info][gc,reloc    ] GC(7) Medium Pages: 0 / 0M, Empty: 0M, Relocated: 0M, In-Place: 0
[13.896s][info][gc,reloc    ] GC(7) Large Pages: 0 / 0M, Empty: 0M, Relocated: 0M, In-Place: 0
[13.896s][info][gc,reloc    ] GC(7) Forwarding Usage: 1M
[13.896s][info][gc,heap     ] GC(7) Min Capacity: 8M(0%)
[13.896s][info][gc,heap     ] GC(7) Max Capacity: 2048M(100%)
[13.896s][info][gc,heap     ] GC(7) Soft Max Capacity: 2048M(100%)
[13.896s][info][gc,heap     ] GC(7)                Mark Start          Mark End        Relocate Start      Relocate End           High               Low         
[13.896s][info][gc,heap     ] GC(7)  Capacity:     2048M (100%)       2048M (100%)       2048M (100%)       2048M (100%)       2048M (100%)       2048M (100%)   
[13.896s][info][gc,heap     ] GC(7)      Free:      916M (45%)         910M (44%)        1924M (94%)        2014M (98%)        2014M (98%)         910M (44%)    
[13.896s][info][gc,heap     ] GC(7)      Used:     1132M (55%)        1138M (56%)         124M (6%)           34M (2%)         1138M (56%)          34M (2%)     
[13.896s][info][gc,heap     ] GC(7)      Live:         -                 6M (0%)            6M (0%)            6M (0%)             -                  -          
[13.896s][info][gc,heap     ] GC(7) Allocated:         -                 6M (0%)            8M (0%)            7M (0%)             -                  -          
[13.896s][info][gc,heap     ] GC(7)   Garbage:         -              1125M (55%)         109M (5%)           19M (1%)             -                  -          
[13.896s][info][gc,heap     ] GC(7) Reclaimed:         -                  -              1016M (50%)        1105M (54%)            -                  -          
[13.896s][info][gc          ] GC(7) Garbage Collection (Proactive) 1132M(55%)->34M(2%)
[15.531s][info][gc,start    ] GC(8) Garbage Collection (System.gc())
[15.531s][info][gc,task     ] GC(8) Using 12 workers
[15.532s][info][gc,phases   ] GC(8) Pause Mark Start 0.017ms
[15.545s][info][gc,phases   ] GC(8) Concurrent Mark 12.958ms
[15.545s][info][gc,phases   ] GC(8) Pause Mark End 0.021ms
[15.545s][info][gc,phases   ] GC(8) Concurrent Mark Free 0.001ms
[15.546s][info][gc,phases   ] GC(8) Concurrent Process Non-Strong References 0.909ms
[15.546s][info][gc,phases   ] GC(8) Concurrent Reset Relocation Set 0.008ms
[15.550s][info][gc,phases   ] GC(8) Concurrent Select Relocation Set 3.796ms
[15.550s][info][gc,phases   ] GC(8) Pause Relocate Start 0.010ms
[15.552s][info][gc,phases   ] GC(8) Concurrent Relocate 2.226ms
[15.552s][info][gc,load     ] GC(8) Load: 0.00/0.00/0.00
[15.552s][info][gc,mmu      ] GC(8) MMU: 2ms/98.5%, 5ms/99.4%, 10ms/99.7%, 20ms/99.8%, 50ms/99.9%, 100ms/99.9%
[15.552s][info][gc,marking  ] GC(8) Mark: 8 stripe(s), 2 proactive flush(es), 1 terminate flush(es), 0 completion(s), 0 continuation(s) 
[15.552s][info][gc,marking  ] GC(8) Mark Stack Usage: 32M
[15.552s][info][gc,nmethod  ] GC(8) NMethods: 1834 registered, 329 unregistered
[15.552s][info][gc,metaspace] GC(8) Metaspace: 9M used, 9M committed, 1088M reserved
[15.552s][info][gc,ref      ] GC(8) Soft: 214 encountered, 0 discovered, 0 enqueued
[15.552s][info][gc,ref      ] GC(8) Weak: 794 encountered, 174 discovered, 0 enqueued
[15.552s][info][gc,ref      ] GC(8) Final: 0 encountered, 0 discovered, 0 enqueued
[15.552s][info][gc,ref      ] GC(8) Phantom: 27 encountered, 20 discovered, 0 enqueued
[15.552s][info][gc,reloc    ] GC(8) Small Pages: 271 / 542M, Empty: 522M, Relocated: 3M, In-Place: 0
[15.553s][info][gc,reloc    ] GC(8) Medium Pages: 0 / 0M, Empty: 0M, Relocated: 0M, In-Place: 0
[15.553s][info][gc,reloc    ] GC(8) Large Pages: 0 / 0M, Empty: 0M, Relocated: 0M, In-Place: 0
[15.553s][info][gc,reloc    ] GC(8) Forwarding Usage: 1M
[15.553s][info][gc,heap     ] GC(8) Min Capacity: 8M(0%)
[15.553s][info][gc,heap     ] GC(8) Max Capacity: 2048M(100%)
[15.553s][info][gc,heap     ] GC(8) Soft Max Capacity: 2048M(100%)
[15.553s][info][gc,heap     ] GC(8)                Mark Start          Mark End        Relocate Start      Relocate End           High               Low         
[15.553s][info][gc,heap     ] GC(8)  Capacity:     2048M (100%)       2048M (100%)       2048M (100%)       2048M (100%)       2048M (100%)       2048M (100%)   
[15.553s][info][gc,heap     ] GC(8)      Free:     1506M (74%)        1506M (74%)        2028M (99%)        2028M (99%)        2028M (99%)        1506M (74%)    
[15.553s][info][gc,heap     ] GC(8)      Used:      542M (26%)         542M (26%)          20M (1%)           20M (1%)          542M (26%)          20M (1%)     
[15.553s][info][gc,heap     ] GC(8)      Live:         -                 4M (0%)            4M (0%)            4M (0%)             -                  -          
[15.553s][info][gc,heap     ] GC(8) Allocated:         -                 0M (0%)            0M (0%)            0M (0%)             -                  -          
[15.553s][info][gc,heap     ] GC(8)   Garbage:         -               537M (26%)          15M (1%)           15M (1%)             -                  -          
[15.553s][info][gc,heap     ] GC(8) Reclaimed:         -                  -               522M (25%)         522M (25%)            -                  -          
[15.553s][info][gc          ] GC(8) Garbage Collection (System.gc()) 542M(26%)->20M(1%)
[17.674s][info][gc,start    ] GC(9) Garbage Collection (Proactive)
[17.674s][info][gc,task     ] GC(9) Using 12 workers
[17.675s][info][gc,phases   ] GC(9) Pause Mark Start 0.018ms
[17.690s][info][gc,phases   ] GC(9) Concurrent Mark 15.265ms
[17.690s][info][gc,phases   ] GC(9) Pause Mark End 0.021ms
[17.690s][info][gc,phases   ] GC(9) Concurrent Mark Free 0.001ms
[17.691s][info][gc,phases   ] GC(9) Concurrent Process Non-Strong References 0.972ms
[17.691s][info][gc,phases   ] GC(9) Concurrent Reset Relocation Set 0.002ms
[17.697s][info][gc,phases   ] GC(9) Concurrent Select Relocation Set 5.721ms
[17.697s][info][gc,phases   ] GC(9) Pause Relocate Start 0.008ms
[17.700s][info][gc,phases   ] GC(9) Concurrent Relocate 2.837ms
[17.700s][info][gc,load     ] GC(9) Load: 0.00/0.00/0.00
[17.700s][info][gc,mmu      ] GC(9) MMU: 2ms/98.5%, 5ms/99.4%, 10ms/99.7%, 20ms/99.8%, 50ms/99.9%, 100ms/99.9%
[17.700s][info][gc,marking  ] GC(9) Mark: 8 stripe(s), 2 proactive flush(es), 1 terminate flush(es), 0 completion(s), 0 continuation(s) 
[17.700s][info][gc,marking  ] GC(9) Mark Stack Usage: 32M
[17.700s][info][gc,nmethod  ] GC(9) NMethods: 1855 registered, 341 unregistered
[17.700s][info][gc,metaspace] GC(9) Metaspace: 9M used, 9M committed, 1088M reserved
[17.700s][info][gc,ref      ] GC(9) Soft: 214 encountered, 0 discovered, 0 enqueued
[17.700s][info][gc,ref      ] GC(9) Weak: 794 encountered, 124 discovered, 0 enqueued
[17.701s][info][gc,ref      ] GC(9) Final: 0 encountered, 0 discovered, 0 enqueued
[17.701s][info][gc,ref      ] GC(9) Phantom: 27 encountered, 21 discovered, 0 enqueued
[17.701s][info][gc,reloc    ] GC(9) Small Pages: 347 / 694M, Empty: 506M, Relocated: 4M, In-Place: 0
[17.701s][info][gc,reloc    ] GC(9) Medium Pages: 0 / 0M, Empty: 0M, Relocated: 0M, In-Place: 0
[17.701s][info][gc,reloc    ] GC(9) Large Pages: 0 / 0M, Empty: 0M, Relocated: 0M, In-Place: 0
[17.701s][info][gc,reloc    ] GC(9) Forwarding Usage: 1M
[17.701s][info][gc,heap     ] GC(9) Min Capacity: 8M(0%)
[17.701s][info][gc,heap     ] GC(9) Max Capacity: 2048M(100%)
[17.701s][info][gc,heap     ] GC(9) Soft Max Capacity: 2048M(100%)
[17.701s][info][gc,heap     ] GC(9)                Mark Start          Mark End        Relocate Start      Relocate End           High               Low         
[17.701s][info][gc,heap     ] GC(9)  Capacity:     2048M (100%)       2048M (100%)       2048M (100%)       2048M (100%)       2048M (100%)       2048M (100%)   
[17.701s][info][gc,heap     ] GC(9)      Free:     1354M (66%)        1348M (66%)        1852M (90%)        2012M (98%)        2012M (98%)        1346M (66%)    
[17.701s][info][gc,heap     ] GC(9)      Used:      694M (34%)         700M (34%)         196M (10%)          36M (2%)          702M (34%)          36M (2%)     
[17.701s][info][gc,heap     ] GC(9)      Live:         -                 6M (0%)            6M (0%)            6M (0%)             -                  -          
[17.701s][info][gc,heap     ] GC(9) Allocated:         -                 6M (0%)            8M (0%)            9M (0%)             -                  -          
[17.701s][info][gc,heap     ] GC(9)   Garbage:         -               687M (34%)         181M (9%)           19M (1%)             -                  -          
[17.701s][info][gc,heap     ] GC(9) Reclaimed:         -                  -               506M (25%)         667M (33%)            -                  -          
[17.701s][info][gc          ] GC(9) Garbage Collection (Proactive) 694M(34%)->36M(2%)
[19.570s][info][gc,start    ] GC(10) Garbage Collection (Proactive)
[19.570s][info][gc,task     ] GC(10) Using 12 workers
[19.570s][info][gc,phases   ] GC(10) Pause Mark Start 0.018ms
[19.585s][info][gc,phases   ] GC(10) Concurrent Mark 15.145ms
[19.586s][info][gc,phases   ] GC(10) Pause Mark End 0.024ms
[19.586s][info][gc,phases   ] GC(10) Concurrent Mark Free 0.001ms
[19.587s][info][gc,phases   ] GC(10) Concurrent Process Non-Strong References 0.999ms
[19.587s][info][gc,phases   ] GC(10) Concurrent Reset Relocation Set 0.012ms
[19.593s][info][gc,phases   ] GC(10) Concurrent Select Relocation Set 6.721ms
[19.594s][info][gc,phases   ] GC(10) Pause Relocate Start 0.009ms
[19.597s][info][gc,phases   ] GC(10) Concurrent Relocate 2.976ms
[19.597s][info][gc,load     ] GC(10) Load: 0.00/0.00/0.00
[19.597s][info][gc,mmu      ] GC(10) MMU: 2ms/98.5%, 5ms/99.4%, 10ms/99.7%, 20ms/99.8%, 50ms/99.9%, 100ms/99.9%
[19.597s][info][gc,marking  ] GC(10) Mark: 8 stripe(s), 2 proactive flush(es), 1 terminate flush(es), 0 completion(s), 0 continuation(s) 
[19.597s][info][gc,marking  ] GC(10) Mark Stack Usage: 32M
[19.597s][info][gc,nmethod  ] GC(10) NMethods: 1856 registered, 342 unregistered
[19.597s][info][gc,metaspace] GC(10) Metaspace: 9M used, 9M committed, 1088M reserved
[19.597s][info][gc,ref      ] GC(10) Soft: 214 encountered, 0 discovered, 0 enqueued
[19.597s][info][gc,ref      ] GC(10) Weak: 794 encountered, 241 discovered, 0 enqueued
[19.597s][info][gc,ref      ] GC(10) Final: 0 encountered, 0 discovered, 0 enqueued
[19.597s][info][gc,ref      ] GC(10) Phantom: 27 encountered, 23 discovered, 0 enqueued
[19.597s][info][gc,reloc    ] GC(10) Small Pages: 322 / 644M, Empty: 536M, Relocated: 4M, In-Place: 0
[19.597s][info][gc,reloc    ] GC(10) Medium Pages: 0 / 0M, Empty: 0M, Relocated: 0M, In-Place: 0
[19.597s][info][gc,reloc    ] GC(10) Large Pages: 0 / 0M, Empty: 0M, Relocated: 0M, In-Place: 0
[19.597s][info][gc,reloc    ] GC(10) Forwarding Usage: 1M
[19.597s][info][gc,heap     ] GC(10) Min Capacity: 8M(0%)
[19.597s][info][gc,heap     ] GC(10) Max Capacity: 2048M(100%)
[19.597s][info][gc,heap     ] GC(10) Soft Max Capacity: 2048M(100%)
[19.597s][info][gc,heap     ] GC(10)                Mark Start          Mark End        Relocate Start      Relocate End           High               Low         
[19.597s][info][gc,heap     ] GC(10)  Capacity:     2048M (100%)       2048M (100%)       2048M (100%)       2048M (100%)       2048M (100%)       2048M (100%)   
[19.597s][info][gc,heap     ] GC(10)      Free:     1404M (69%)        1398M (68%)        1932M (94%)        2012M (98%)        2012M (98%)        1398M (68%)    
[19.597s][info][gc,heap     ] GC(10)      Used:      644M (31%)         650M (32%)         116M (6%)           36M (2%)          650M (32%)          36M (2%)     
[19.597s][info][gc,heap     ] GC(10)      Live:         -                 6M (0%)            6M (0%)            6M (0%)             -                  -          
[19.597s][info][gc,heap     ] GC(10) Allocated:         -                 6M (0%)            8M (0%)            9M (0%)             -                  -          
[19.597s][info][gc,heap     ] GC(10)   Garbage:         -               637M (31%)         101M (5%)           19M (1%)             -                  -          
[19.597s][info][gc,heap     ] GC(10) Reclaimed:         -                  -               536M (26%)         617M (30%)            -                  -          
[19.598s][info][gc          ] GC(10) Garbage Collection (Proactive) 644M(31%)->36M(2%)
[20.179s][info][gc,stats    ] === Garbage Collection Statistics =======================================================================================================================
[20.179s][info][gc,stats    ]                                                              Last 10s              Last 10m              Last 10h                Total
[20.179s][info][gc,stats    ]                                                              Avg / Max             Avg / Max             Avg / Max             Avg / Max
[20.179s][info][gc,stats    ]   Collector: Garbage Collection Cycle                     28.594 / 41.828       27.722 / 41.828       27.722 / 41.828       27.722 / 41.828      ms
[20.179s][info][gc,stats    ]  Contention: Mark Segment Reset Contention                     2 / 10                2 / 10                2 / 10                2 / 10          ops/s
[20.179s][info][gc,stats    ]  Contention: Mark SeqNum Reset Contention                      0 / 1                 0 / 1                 0 / 1                 0 / 1           ops/s
[20.179s][info][gc,stats    ]    Critical: Allocation Stall                                  0 / 0                 0 / 0                 0 / 0                 0 / 0           ops/s
[20.179s][info][gc,stats    ]    Critical: Allocation Stall                              0.000 / 0.000         0.000 / 0.000         0.000 / 0.000         0.000 / 0.000       ms
[20.179s][info][gc,stats    ]    Critical: GC Locker Stall                                   0 / 0                 0 / 0                 0 / 0                 0 / 0           ops/s
[20.179s][info][gc,stats    ]    Critical: GC Locker Stall                               0.000 / 0.000         0.000 / 0.000         0.000 / 0.000         0.000 / 0.000       ms
[20.179s][info][gc,stats    ]    Critical: Relocation Stall                                  0 / 0                 0 / 0                 0 / 0                 0 / 0           ops/s
[20.179s][info][gc,stats    ]    Critical: Relocation Stall                              0.000 / 0.000         0.000 / 0.000         0.000 / 0.000         0.000 / 0.000       ms
[20.180s][info][gc,stats    ]      Memory: Allocation Rate                                 318 / 342             298 / 342             298 / 342             298 / 342         MB/s
[20.180s][info][gc,stats    ]      Memory: Defragment                                        0 / 0                 0 / 0                 0 / 0                 0 / 0           ops/s
[20.180s][info][gc,stats    ]      Memory: Out Of Memory                                     0 / 0                 0 / 0                 0 / 0                 0 / 0           ops/s
[20.180s][info][gc,stats    ]      Memory: Page Cache Flush                                  0 / 0                 0 / 0                 0 / 0                 0 / 0           MB/s
[20.180s][info][gc,stats    ]      Memory: Page Cache Hit L1                               139 / 176             127 / 180             127 / 180             127 / 180         ops/s
[20.180s][info][gc,stats    ]      Memory: Page Cache Hit L2                                 0 / 0                 0 / 0                 0 / 0                 0 / 0           ops/s
[20.180s][info][gc,stats    ]      Memory: Page Cache Hit L3                                25 / 145              28 / 145              28 / 145              28 / 145         ops/s
[20.180s][info][gc,stats    ]      Memory: Page Cache Miss                                   0 / 0                 0 / 1                 0 / 1                 0 / 1           ops/s
[20.180s][info][gc,stats    ]      Memory: Uncommit                                          0 / 0                 0 / 0                 0 / 0                 0 / 0           MB/s
[20.180s][info][gc,stats    ]      Memory: Undo Object Allocation Failed                     0 / 0                 0 / 0                 0 / 0                 0 / 0           ops/s
[20.180s][info][gc,stats    ]      Memory: Undo Object Allocation Succeeded                  0 / 2                 0 / 2                 0 / 2                 0 / 2           ops/s
[20.180s][info][gc,stats    ]      Memory: Undo Page Allocation                              2 / 6                 1 / 6                 1 / 6                 1 / 6           ops/s
[20.180s][info][gc,stats    ]       Phase: Concurrent Mark                              17.889 / 30.725       15.827 / 30.725       15.827 / 30.725       15.827 / 30.725      ms
[20.180s][info][gc,stats    ]       Phase: Concurrent Mark Continue                      0.000 / 0.000         0.000 / 0.000         0.000 / 0.000         0.000 / 0.000       ms
[20.180s][info][gc,stats    ]       Phase: Concurrent Mark Free                          0.001 / 0.001         0.001 / 0.002         0.001 / 0.002         0.001 / 0.002       ms
[20.180s][info][gc,stats    ]       Phase: Concurrent Process Non-Strong References      0.990 / 1.098         1.402 / 5.203         1.402 / 5.203         1.402 / 5.203       ms
[20.180s][info][gc,stats    ]       Phase: Concurrent Relocate                           2.748 / 3.011         3.020 / 3.794         3.020 / 3.794         3.020 / 3.794       ms
[20.180s][info][gc,stats    ]       Phase: Concurrent Reset Relocation Set               0.008 / 0.016         0.009 / 0.016         0.009 / 0.016         0.009 / 0.016       ms
[20.180s][info][gc,stats    ]       Phase: Concurrent Select Relocation Set              5.799 / 6.721         6.294 / 15.037        6.294 / 15.037        6.294 / 15.037      ms
[20.180s][info][gc,stats    ]       Phase: Pause Mark End                                0.023 / 0.025         0.023 / 0.025         0.023 / 0.025         0.023 / 0.025       ms
[20.180s][info][gc,stats    ]       Phase: Pause Mark Start                              0.020 / 0.030         0.018 / 0.030         0.018 / 0.030         0.018 / 0.030       ms
[20.180s][info][gc,stats    ]       Phase: Pause Relocate Start                          0.009 / 0.010         0.008 / 0.010         0.008 / 0.010         0.008 / 0.010       ms
[20.180s][info][gc,stats    ]    Subphase: Concurrent Classes Purge                      0.064 / 0.113         0.197 / 0.832         0.197 / 0.832         0.197 / 0.832       ms
[20.180s][info][gc,stats    ]    Subphase: Concurrent Classes Unlink                     0.623 / 0.671         0.905 / 4.025         0.905 / 4.025         0.905 / 4.025       ms
[20.180s][info][gc,stats    ]    Subphase: Concurrent Mark                              14.858 / 23.255       13.487 / 23.255       13.487 / 23.255       13.487 / 23.255      ms
[20.180s][info][gc,stats    ]    Subphase: Concurrent Mark Try Flush                     0.068 / 0.105         0.070 / 0.112         0.070 / 0.112         0.070 / 0.112       ms
[20.180s][info][gc,stats    ]    Subphase: Concurrent Mark Try Terminate                 8.585 / 16.246        7.559 / 16.246        7.559 / 16.246        7.559 / 16.246      ms
[20.180s][info][gc,stats    ]    Subphase: Concurrent References Enqueue                 0.000 / 0.001         0.001 / 0.004         0.001 / 0.004         0.001 / 0.004       ms
[20.180s][info][gc,stats    ]    Subphase: Concurrent References Process                 0.049 / 0.054         0.051 / 0.075         0.051 / 0.075         0.051 / 0.075       ms
[20.181s][info][gc,stats    ]    Subphase: Concurrent Roots ClassLoaderDataGraph         0.100 / 0.784         0.096 / 0.967         0.096 / 0.967         0.096 / 0.967       ms
[20.181s][info][gc,stats    ]    Subphase: Concurrent Roots CodeCache                    0.000 / 0.000         0.000 / 0.000         0.000 / 0.000         0.000 / 0.000       ms
[20.181s][info][gc,stats    ]    Subphase: Concurrent Roots JavaThreads                  1.775 / 7.350         1.100 / 7.350         1.100 / 7.350         1.100 / 7.350       ms
[20.181s][info][gc,stats    ]    Subphase: Concurrent Roots OopStorageSet                0.022 / 0.083         0.027 / 0.273         0.027 / 0.273         0.027 / 0.273       ms
[20.181s][info][gc,stats    ]    Subphase: Concurrent Weak Roots OopStorageSet           0.134 / 0.156         0.131 / 0.165         0.131 / 0.165         0.131 / 0.165       ms
[20.181s][info][gc,stats    ]    Subphase: Pause Mark Try Complete                       0.000 / 0.000         0.000 / 0.000         0.000 / 0.000         0.000 / 0.000       ms
[20.181s][info][gc,stats    ]      System: Java Threads                                     30 / 31               29 / 37               29 / 37               29 / 37          threads
[20.181s][info][gc,stats    ] =========================================================================================================================================================
[21.272s][info][gc,start    ] GC(11) Garbage Collection (Proactive)
[21.272s][info][gc,task     ] GC(11) Using 12 workers
[21.273s][info][gc,phases   ] GC(11) Pause Mark Start 0.018ms
[21.288s][info][gc,phases   ] GC(11) Concurrent Mark 15.170ms
[21.288s][info][gc,phases   ] GC(11) Pause Mark End 0.024ms
[21.288s][info][gc,phases   ] GC(11) Concurrent Mark Free 0.001ms
[21.289s][info][gc,phases   ] GC(11) Concurrent Process Non-Strong References 0.977ms
[21.289s][info][gc,phases   ] GC(11) Concurrent Reset Relocation Set 0.008ms
[21.296s][info][gc,phases   ] GC(11) Concurrent Select Relocation Set 6.844ms
[21.296s][info][gc,phases   ] GC(11) Pause Relocate Start 0.007ms
[21.300s][info][gc,phases   ] GC(11) Concurrent Relocate 3.916ms
[21.300s][info][gc,load     ] GC(11) Load: 0.00/0.00/0.00
[21.300s][info][gc,mmu      ] GC(11) MMU: 2ms/98.5%, 5ms/99.4%, 10ms/99.7%, 20ms/99.8%, 50ms/99.9%, 100ms/99.9%
[21.301s][info][gc,marking  ] GC(11) Mark: 8 stripe(s), 2 proactive flush(es), 1 terminate flush(es), 0 completion(s), 0 continuation(s) 
[21.301s][info][gc,marking  ] GC(11) Mark Stack Usage: 32M
[21.301s][info][gc,nmethod  ] GC(11) NMethods: 1856 registered, 342 unregistered
[21.301s][info][gc,metaspace] GC(11) Metaspace: 9M used, 9M committed, 1088M reserved
[21.301s][info][gc,ref      ] GC(11) Soft: 214 encountered, 0 discovered, 0 enqueued
[21.301s][info][gc,ref      ] GC(11) Weak: 794 encountered, 324 discovered, 0 enqueued
[21.301s][info][gc,ref      ] GC(11) Final: 0 encountered, 0 discovered, 0 enqueued
[21.301s][info][gc,ref      ] GC(11) Phantom: 27 encountered, 22 discovered, 0 enqueued
[21.301s][info][gc,reloc    ] GC(11) Small Pages: 292 / 584M, Empty: 512M, Relocated: 4M, In-Place: 0
[21.301s][info][gc,reloc    ] GC(11) Medium Pages: 0 / 0M, Empty: 0M, Relocated: 0M, In-Place: 0
[21.301s][info][gc,reloc    ] GC(11) Large Pages: 0 / 0M, Empty: 0M, Relocated: 0M, In-Place: 0
[21.301s][info][gc,reloc    ] GC(11) Forwarding Usage: 1M
[21.301s][info][gc,heap     ] GC(11) Min Capacity: 8M(0%)
[21.301s][info][gc,heap     ] GC(11) Max Capacity: 2048M(100%)
[21.301s][info][gc,heap     ] GC(11) Soft Max Capacity: 2048M(100%)
[21.301s][info][gc,heap     ] GC(11)                Mark Start          Mark End        Relocate Start      Relocate End           High               Low         
[21.301s][info][gc,heap     ] GC(11)  Capacity:     2048M (100%)       2048M (100%)       2048M (100%)       2048M (100%)       2048M (100%)       2048M (100%)   
[21.301s][info][gc,heap     ] GC(11)      Free:     1464M (71%)        1456M (71%)        1966M (96%)        2010M (98%)        2010M (98%)        1456M (71%)    
[21.301s][info][gc,heap     ] GC(11)      Used:      584M (29%)         592M (29%)          82M (4%)           38M (2%)          592M (29%)          38M (2%)     
[21.301s][info][gc,heap     ] GC(11)      Live:         -                 6M (0%)            6M (0%)            6M (0%)             -                  -          
[21.301s][info][gc,heap     ] GC(11) Allocated:         -                 8M (0%)           10M (0%)           11M (1%)             -                  -          
[21.301s][info][gc,heap     ] GC(11)   Garbage:         -               577M (28%)          65M (3%)           19M (1%)             -                  -          
[21.301s][info][gc,heap     ] GC(11) Reclaimed:         -                  -               512M (25%)         557M (27%)            -                  -          
[21.301s][info][gc          ] GC(11) Garbage Collection (Proactive) 584M(29%)->38M(2%)
[22.290s][info][gc,start    ] GC(12) Garbage Collection (System.gc())
[22.290s][info][gc,task     ] GC(12) Using 12 workers
[22.290s][info][gc,phases   ] GC(12) Pause Mark Start 0.018ms
[22.303s][info][gc,phases   ] GC(12) Concurrent Mark 13.220ms
[22.303s][info][gc,phases   ] GC(12) Pause Mark End 0.021ms
[22.304s][info][gc,phases   ] GC(12) Concurrent Mark Free 0.001ms
[22.304s][info][gc,phases   ] GC(12) Concurrent Process Non-Strong References 0.844ms
[22.304s][info][gc,phases   ] GC(12) Concurrent Reset Relocation Set 0.007ms
[22.308s][info][gc,phases   ] GC(12) Concurrent Select Relocation Set 3.891ms
[22.309s][info][gc,phases   ] GC(12) Pause Relocate Start 0.009ms
[22.311s][info][gc,phases   ] GC(12) Concurrent Relocate 2.756ms
[22.311s][info][gc,load     ] GC(12) Load: 0.00/0.00/0.00
[22.311s][info][gc,mmu      ] GC(12) MMU: 2ms/98.5%, 5ms/99.4%, 10ms/99.7%, 20ms/99.8%, 50ms/99.9%, 100ms/99.9%
[22.312s][info][gc,marking  ] GC(12) Mark: 8 stripe(s), 2 proactive flush(es), 1 terminate flush(es), 0 completion(s), 0 continuation(s) 
[22.312s][info][gc,marking  ] GC(12) Mark Stack Usage: 32M
[22.312s][info][gc,nmethod  ] GC(12) NMethods: 1857 registered, 342 unregistered
[22.312s][info][gc,metaspace] GC(12) Metaspace: 9M used, 9M committed, 1088M reserved
[22.312s][info][gc,ref      ] GC(12) Soft: 214 encountered, 0 discovered, 0 enqueued
[22.312s][info][gc,ref      ] GC(12) Weak: 794 encountered, 177 discovered, 0 enqueued
[22.312s][info][gc,ref      ] GC(12) Final: 0 encountered, 0 discovered, 0 enqueued
[22.312s][info][gc,ref      ] GC(12) Phantom: 27 encountered, 23 discovered, 0 enqueued
[22.312s][info][gc,reloc    ] GC(12) Small Pages: 180 / 360M, Empty: 334M, Relocated: 3M, In-Place: 0
[22.312s][info][gc,reloc    ] GC(12) Medium Pages: 0 / 0M, Empty: 0M, Relocated: 0M, In-Place: 0
[22.312s][info][gc,reloc    ] GC(12) Large Pages: 0 / 0M, Empty: 0M, Relocated: 0M, In-Place: 0
[22.312s][info][gc,reloc    ] GC(12) Forwarding Usage: 1M
[22.312s][info][gc,heap     ] GC(12) Min Capacity: 8M(0%)
[22.312s][info][gc,heap     ] GC(12) Max Capacity: 2048M(100%)
[22.312s][info][gc,heap     ] GC(12) Soft Max Capacity: 2048M(100%)
[22.312s][info][gc,heap     ] GC(12)                Mark Start          Mark End        Relocate Start      Relocate End           High               Low         
[22.312s][info][gc,heap     ] GC(12)  Capacity:     2048M (100%)       2048M (100%)       2048M (100%)       2048M (100%)       2048M (100%)       2048M (100%)   
[22.312s][info][gc,heap     ] GC(12)      Free:     1688M (82%)        1688M (82%)        2022M (99%)        2022M (99%)        2022M (99%)        1688M (82%)    
[22.312s][info][gc,heap     ] GC(12)      Used:      360M (18%)         360M (18%)          26M (1%)           26M (1%)          360M (18%)          26M (1%)     
[22.312s][info][gc,heap     ] GC(12)      Live:         -                 4M (0%)            4M (0%)            4M (0%)             -                  -          
[22.312s][info][gc,heap     ] GC(12) Allocated:         -                 0M (0%)            0M (0%)            0M (0%)             -                  -          
[22.312s][info][gc,heap     ] GC(12)   Garbage:         -               355M (17%)          21M (1%)           21M (1%)             -                  -          
[22.312s][info][gc,heap     ] GC(12) Reclaimed:         -                  -               334M (16%)         334M (16%)            -                  -          
[22.312s][info][gc          ] GC(12) Garbage Collection (System.gc()) 360M(18%)->26M(1%)
[23.975s][info][gc,start    ] GC(13) Garbage Collection (Proactive)
[23.975s][info][gc,task     ] GC(13) Using 12 workers
[23.975s][info][gc,phases   ] GC(13) Pause Mark Start 0.018ms
[23.990s][info][gc,phases   ] GC(13) Concurrent Mark 15.208ms
[23.991s][info][gc,phases   ] GC(13) Pause Mark End 0.024ms
[23.991s][info][gc,phases   ] GC(13) Concurrent Mark Free 0.001ms
[23.992s][info][gc,phases   ] GC(13) Concurrent Process Non-Strong References 1.015ms
[23.992s][info][gc,phases   ] GC(13) Concurrent Reset Relocation Set 0.002ms
[23.998s][info][gc,phases   ] GC(13) Concurrent Select Relocation Set 5.787ms
[23.998s][info][gc,phases   ] GC(13) Pause Relocate Start 0.008ms
[24.001s][info][gc,phases   ] GC(13) Concurrent Relocate 2.816ms
[24.001s][info][gc,load     ] GC(13) Load: 0.00/0.00/0.00
[24.001s][info][gc,mmu      ] GC(13) MMU: 2ms/98.5%, 5ms/99.4%, 10ms/99.7%, 20ms/99.8%, 50ms/99.9%, 100ms/99.9%
[24.001s][info][gc,marking  ] GC(13) Mark: 8 stripe(s), 3 proactive flush(es), 1 terminate flush(es), 0 completion(s), 0 continuation(s) 
[24.001s][info][gc,marking  ] GC(13) Mark Stack Usage: 32M
[24.001s][info][gc,nmethod  ] GC(13) NMethods: 1871 registered, 348 unregistered
[24.001s][info][gc,metaspace] GC(13) Metaspace: 9M used, 9M committed, 1088M reserved
[24.001s][info][gc,ref      ] GC(13) Soft: 214 encountered, 0 discovered, 0 enqueued
[24.001s][info][gc,ref      ] GC(13) Weak: 795 encountered, 241 discovered, 0 enqueued
[24.001s][info][gc,ref      ] GC(13) Final: 0 encountered, 0 discovered, 0 enqueued
[24.001s][info][gc,ref      ] GC(13) Phantom: 27 encountered, 21 discovered, 0 enqueued
[24.001s][info][gc,reloc    ] GC(13) Small Pages: 281 / 562M, Empty: 392M, Relocated: 4M, In-Place: 0
[24.001s][info][gc,reloc    ] GC(13) Medium Pages: 0 / 0M, Empty: 0M, Relocated: 0M, In-Place: 0
[24.001s][info][gc,reloc    ] GC(13) Large Pages: 0 / 0M, Empty: 0M, Relocated: 0M, In-Place: 0
[24.001s][info][gc,reloc    ] GC(13) Forwarding Usage: 1M
[24.001s][info][gc,heap     ] GC(13) Min Capacity: 8M(0%)
[24.001s][info][gc,heap     ] GC(13) Max Capacity: 2048M(100%)
[24.001s][info][gc,heap     ] GC(13) Soft Max Capacity: 2048M(100%)
[24.001s][info][gc,heap     ] GC(13)                Mark Start          Mark End        Relocate Start      Relocate End           High               Low         
[24.001s][info][gc,heap     ] GC(13)  Capacity:     2048M (100%)       2048M (100%)       2048M (100%)       2048M (100%)       2048M (100%)       2048M (100%)   
[24.001s][info][gc,heap     ] GC(13)      Free:     1486M (73%)        1480M (72%)        1868M (91%)        2012M (98%)        2012M (98%)        1478M (72%)    
[24.001s][info][gc,heap     ] GC(13)      Used:      562M (27%)         568M (28%)         180M (9%)           36M (2%)          570M (28%)          36M (2%)     
[24.002s][info][gc,heap     ] GC(13)      Live:         -                 6M (0%)            6M (0%)            6M (0%)             -                  -          
[24.002s][info][gc,heap     ] GC(13) Allocated:         -                 6M (0%)           10M (0%)            9M (0%)             -                  -          
[24.002s][info][gc,heap     ] GC(13)   Garbage:         -               555M (27%)         163M (8%)           19M (1%)             -                  -          
[24.002s][info][gc,heap     ] GC(13) Reclaimed:         -                  -               392M (19%)         535M (26%)            -                  -          
[24.002s][info][gc          ] GC(13) Garbage Collection (Proactive) 562M(27%)->36M(2%)
[25.568s][info][gc,start    ] GC(14) Garbage Collection (Proactive)
[25.568s][info][gc,task     ] GC(14) Using 12 workers
[25.568s][info][gc,phases   ] GC(14) Pause Mark Start 0.017ms
[25.584s][info][gc,phases   ] GC(14) Concurrent Mark 15.238ms
[25.584s][info][gc,phases   ] GC(14) Pause Mark End 0.023ms
[25.584s][info][gc,phases   ] GC(14) Concurrent Mark Free 0.001ms
[25.585s][info][gc,phases   ] GC(14) Concurrent Process Non-Strong References 0.956ms
[25.585s][info][gc,phases   ] GC(14) Concurrent Reset Relocation Set 0.013ms
[25.589s][info][gc,phases   ] GC(14) Concurrent Select Relocation Set 3.831ms
[25.589s][info][gc,phases   ] GC(14) Pause Relocate Start 0.009ms
[25.593s][info][gc,phases   ] GC(14) Concurrent Relocate 3.849ms
[25.593s][info][gc,load     ] GC(14) Load: 0.00/0.00/0.00
[25.593s][info][gc,mmu      ] GC(14) MMU: 2ms/98.5%, 5ms/99.4%, 10ms/99.7%, 20ms/99.8%, 50ms/99.9%, 100ms/99.9%
[25.593s][info][gc,marking  ] GC(14) Mark: 8 stripe(s), 3 proactive flush(es), 1 terminate flush(es), 0 completion(s), 0 continuation(s) 
[25.593s][info][gc,marking  ] GC(14) Mark Stack Usage: 32M
[25.593s][info][gc,nmethod  ] GC(14) NMethods: 1871 registered, 349 unregistered
[25.593s][info][gc,metaspace] GC(14) Metaspace: 9M used, 9M committed, 1088M reserved
[25.593s][info][gc,ref      ] GC(14) Soft: 214 encountered, 0 discovered, 0 enqueued
[25.593s][info][gc,ref      ] GC(14) Weak: 795 encountered, 332 discovered, 0 enqueued
[25.593s][info][gc,ref      ] GC(14) Final: 0 encountered, 0 discovered, 0 enqueued
[25.593s][info][gc,ref      ] GC(14) Phantom: 27 encountered, 24 discovered, 0 enqueued
[25.594s][info][gc,reloc    ] GC(14) Small Pages: 261 / 522M, Empty: 402M, Relocated: 4M, In-Place: 0
[25.594s][info][gc,reloc    ] GC(14) Medium Pages: 0 / 0M, Empty: 0M, Relocated: 0M, In-Place: 0
[25.594s][info][gc,reloc    ] GC(14) Large Pages: 0 / 0M, Empty: 0M, Relocated: 0M, In-Place: 0
[25.594s][info][gc,reloc    ] GC(14) Forwarding Usage: 1M
[25.594s][info][gc,heap     ] GC(14) Min Capacity: 8M(0%)
[25.594s][info][gc,heap     ] GC(14) Max Capacity: 2048M(100%)
[25.594s][info][gc,heap     ] GC(14) Soft Max Capacity: 2048M(100%)
[25.594s][info][gc,heap     ] GC(14)                Mark Start          Mark End        Relocate Start      Relocate End           High               Low         
[25.594s][info][gc,heap     ] GC(14)  Capacity:     2048M (100%)       2048M (100%)       2048M (100%)       2048M (100%)       2048M (100%)       2048M (100%)   
[25.594s][info][gc,heap     ] GC(14)      Free:     1526M (75%)        1520M (74%)        1920M (94%)        2014M (98%)        2014M (98%)        1520M (74%)    
[25.594s][info][gc,heap     ] GC(14)      Used:      522M (25%)         528M (26%)         128M (6%)           34M (2%)          528M (26%)          34M (2%)     
[25.594s][info][gc,heap     ] GC(14)      Live:         -                 6M (0%)            6M (0%)            6M (0%)             -                  -          
[25.594s][info][gc,heap     ] GC(14) Allocated:         -                 6M (0%)            8M (0%)            7M (0%)             -                  -          
[25.594s][info][gc,heap     ] GC(14)   Garbage:         -               515M (25%)         113M (6%)           19M (1%)             -                  -          
[25.594s][info][gc,heap     ] GC(14) Reclaimed:         -                  -               402M (20%)         495M (24%)            -                  -          
[25.594s][info][gc          ] GC(14) Garbage Collection (Proactive) 522M(25%)->34M(2%)
[27.177s][info][gc,start    ] GC(15) Garbage Collection (Proactive)
[27.177s][info][gc,task     ] GC(15) Using 12 workers
[27.177s][info][gc,phases   ] GC(15) Pause Mark Start 0.019ms
[27.193s][info][gc,phases   ] GC(15) Concurrent Mark 15.155ms
[27.193s][info][gc,phases   ] GC(15) Pause Mark End 0.024ms
[27.193s][info][gc,phases   ] GC(15) Concurrent Mark Free 0.001ms
[27.194s][info][gc,phases   ] GC(15) Concurrent Process Non-Strong References 0.980ms
[27.194s][info][gc,phases   ] GC(15) Concurrent Reset Relocation Set 0.008ms
[27.201s][info][gc,phases   ] GC(15) Concurrent Select Relocation Set 6.716ms
[27.201s][info][gc,phases   ] GC(15) Pause Relocate Start 0.009ms
[27.204s][info][gc,phases   ] GC(15) Concurrent Relocate 2.635ms
[27.204s][info][gc,load     ] GC(15) Load: 0.00/0.00/0.00
[27.204s][info][gc,mmu      ] GC(15) MMU: 2ms/98.5%, 5ms/99.4%, 10ms/99.7%, 20ms/99.8%, 50ms/99.9%, 100ms/99.9%
[27.204s][info][gc,marking  ] GC(15) Mark: 8 stripe(s), 2 proactive flush(es), 1 terminate flush(es), 0 completion(s), 0 continuation(s) 
[27.204s][info][gc,marking  ] GC(15) Mark Stack Usage: 32M
[27.204s][info][gc,nmethod  ] GC(15) NMethods: 1870 registered, 350 unregistered
[27.204s][info][gc,metaspace] GC(15) Metaspace: 9M used, 9M committed, 1088M reserved
[27.204s][info][gc,ref      ] GC(15) Soft: 214 encountered, 0 discovered, 0 enqueued
[27.204s][info][gc,ref      ] GC(15) Weak: 795 encountered, 237 discovered, 0 enqueued
[27.204s][info][gc,ref      ] GC(15) Final: 0 encountered, 0 discovered, 0 enqueued
[27.204s][info][gc,ref      ] GC(15) Phantom: 27 encountered, 24 discovered, 0 enqueued
[27.204s][info][gc,reloc    ] GC(15) Small Pages: 275 / 550M, Empty: 454M, Relocated: 4M, In-Place: 0
[27.204s][info][gc,reloc    ] GC(15) Medium Pages: 0 / 0M, Empty: 0M, Relocated: 0M, In-Place: 0
[27.204s][info][gc,reloc    ] GC(15) Large Pages: 0 / 0M, Empty: 0M, Relocated: 0M, In-Place: 0
[27.204s][info][gc,reloc    ] GC(15) Forwarding Usage: 1M
[27.204s][info][gc,heap     ] GC(15) Min Capacity: 8M(0%)
[27.204s][info][gc,heap     ] GC(15) Max Capacity: 2048M(100%)
[27.204s][info][gc,heap     ] GC(15) Soft Max Capacity: 2048M(100%)
[27.204s][info][gc,heap     ] GC(15)                Mark Start          Mark End        Relocate Start      Relocate End           High               Low         
[27.204s][info][gc,heap     ] GC(15)  Capacity:     2048M (100%)       2048M (100%)       2048M (100%)       2048M (100%)       2048M (100%)       2048M (100%)   
[27.204s][info][gc,heap     ] GC(15)      Free:     1498M (73%)        1492M (73%)        1942M (95%)        2012M (98%)        2012M (98%)        1490M (73%)    
[27.205s][info][gc,heap     ] GC(15)      Used:      550M (27%)         556M (27%)         106M (5%)           36M (2%)          558M (27%)          36M (2%)     
[27.205s][info][gc,heap     ] GC(15)      Live:         -                 6M (0%)            6M (0%)            6M (0%)             -                  -          
[27.205s][info][gc,heap     ] GC(15) Allocated:         -                 6M (0%)           10M (0%)            9M (0%)             -                  -          
[27.205s][info][gc,heap     ] GC(15)   Garbage:         -               543M (27%)          89M (4%)           19M (1%)             -                  -          
[27.205s][info][gc,heap     ] GC(15) Reclaimed:         -                  -               454M (22%)         523M (26%)            -                  -          
[27.205s][info][gc          ] GC(15) Garbage Collection (Proactive) 550M(27%)->36M(2%)
[28.779s][info][gc,start    ] GC(16) Garbage Collection (Proactive)
[28.779s][info][gc,task     ] GC(16) Using 12 workers
[28.780s][info][gc,phases   ] GC(16) Pause Mark Start 0.017ms
[28.789s][info][gc,phases   ] GC(16) Concurrent Mark 8.994ms
[28.789s][info][gc,phases   ] GC(16) Pause Mark End 0.023ms
[28.789s][info][gc,phases   ] GC(16) Concurrent Mark Free 0.001ms
[28.790s][info][gc,phases   ] GC(16) Concurrent Process Non-Strong References 0.998ms
[28.790s][info][gc,phases   ] GC(16) Concurrent Reset Relocation Set 0.006ms
[28.797s][info][gc,phases   ] GC(16) Concurrent Select Relocation Set 6.991ms
[28.797s][info][gc,phases   ] GC(16) Pause Relocate Start 0.009ms
[28.801s][info][gc,phases   ] GC(16) Concurrent Relocate 3.848ms
[28.801s][info][gc,load     ] GC(16) Load: 0.00/0.00/0.00
[28.801s][info][gc,mmu      ] GC(16) MMU: 2ms/98.5%, 5ms/99.4%, 10ms/99.6%, 20ms/99.8%, 50ms/99.9%, 100ms/99.9%
[28.801s][info][gc,marking  ] GC(16) Mark: 8 stripe(s), 2 proactive flush(es), 1 terminate flush(es), 0 completion(s), 0 continuation(s) 
[28.801s][info][gc,marking  ] GC(16) Mark Stack Usage: 32M
[28.802s][info][gc,nmethod  ] GC(16) NMethods: 1870 registered, 351 unregistered
[28.802s][info][gc,metaspace] GC(16) Metaspace: 9M used, 9M committed, 1088M reserved
[28.802s][info][gc,ref      ] GC(16) Soft: 214 encountered, 0 discovered, 0 enqueued
[28.802s][info][gc,ref      ] GC(16) Weak: 795 encountered, 111 discovered, 0 enqueued
[28.802s][info][gc,ref      ] GC(16) Final: 0 encountered, 0 discovered, 0 enqueued
[28.802s][info][gc,ref      ] GC(16) Phantom: 27 encountered, 23 discovered, 0 enqueued
[28.802s][info][gc,reloc    ] GC(16) Small Pages: 272 / 544M, Empty: 406M, Relocated: 4M, In-Place: 0
[28.802s][info][gc,reloc    ] GC(16) Medium Pages: 0 / 0M, Empty: 0M, Relocated: 0M, In-Place: 0
[28.802s][info][gc,reloc    ] GC(16) Large Pages: 0 / 0M, Empty: 0M, Relocated: 0M, In-Place: 0
[28.802s][info][gc,reloc    ] GC(16) Forwarding Usage: 1M
[28.802s][info][gc,heap     ] GC(16) Min Capacity: 8M(0%)
[28.802s][info][gc,heap     ] GC(16) Max Capacity: 2048M(100%)
[28.802s][info][gc,heap     ] GC(16) Soft Max Capacity: 2048M(100%)
[28.802s][info][gc,heap     ] GC(16)                Mark Start          Mark End        Relocate Start      Relocate End           High               Low         
[28.802s][info][gc,heap     ] GC(16)  Capacity:     2048M (100%)       2048M (100%)       2048M (100%)       2048M (100%)       2048M (100%)       2048M (100%)   
[28.802s][info][gc,heap     ] GC(16)      Free:     1504M (73%)        1500M (73%)        1904M (93%)        2014M (98%)        2014M (98%)        1500M (73%)    
[28.802s][info][gc,heap     ] GC(16)      Used:      544M (27%)         548M (27%)         144M (7%)           34M (2%)          548M (27%)          34M (2%)     
[28.802s][info][gc,heap     ] GC(16)      Live:         -                 6M (0%)            6M (0%)            6M (0%)             -                  -          
[28.802s][info][gc,heap     ] GC(16) Allocated:         -                 4M (0%)            6M (0%)            7M (0%)             -                  -          
[28.802s][info][gc,heap     ] GC(16)   Garbage:         -               537M (26%)         131M (6%)           19M (1%)             -                  -          
[28.802s][info][gc,heap     ] GC(16) Reclaimed:         -                  -               406M (20%)         517M (25%)            -                  -          
[28.802s][info][gc          ] GC(16) Garbage Collection (Proactive) 544M(27%)->34M(2%)
[29.147s][info][gc,start    ] GC(17) Garbage Collection (System.gc())
[29.147s][info][gc,task     ] GC(17) Using 12 workers
[29.148s][info][gc,phases   ] GC(17) Pause Mark Start 0.018ms
[29.161s][info][gc,phases   ] GC(17) Concurrent Mark 13.535ms
[29.161s][info][gc,phases   ] GC(17) Pause Mark End 0.022ms
[29.161s][info][gc,phases   ] GC(17) Concurrent Mark Free 0.001ms
[29.162s][info][gc,phases   ] GC(17) Concurrent Process Non-Strong References 0.916ms
[29.162s][info][gc,phases   ] GC(17) Concurrent Reset Relocation Set 0.011ms
[29.166s][info][gc,phases   ] GC(17) Concurrent Select Relocation Set 3.904ms
[29.167s][info][gc,phases   ] GC(17) Pause Relocate Start 0.008ms
[29.170s][info][gc,phases   ] GC(17) Concurrent Relocate 3.612ms
[29.170s][info][gc,load     ] GC(17) Load: 0.00/0.00/0.00
[29.170s][info][gc,mmu      ] GC(17) MMU: 2ms/98.5%, 5ms/99.4%, 10ms/99.6%, 20ms/99.8%, 50ms/99.9%, 100ms/99.9%
[29.170s][info][gc,marking  ] GC(17) Mark: 8 stripe(s), 2 proactive flush(es), 1 terminate flush(es), 0 completion(s), 0 continuation(s) 
[29.170s][info][gc,marking  ] GC(17) Mark Stack Usage: 32M
[29.170s][info][gc,nmethod  ] GC(17) NMethods: 1870 registered, 353 unregistered
[29.170s][info][gc,metaspace] GC(17) Metaspace: 9M used, 9M committed, 1088M reserved
[29.170s][info][gc,ref      ] GC(17) Soft: 214 encountered, 0 discovered, 0 enqueued
[29.170s][info][gc,ref      ] GC(17) Weak: 795 encountered, 41 discovered, 0 enqueued
[29.170s][info][gc,ref      ] GC(17) Final: 0 encountered, 0 discovered, 0 enqueued
[29.171s][info][gc,ref      ] GC(17) Phantom: 27 encountered, 17 discovered, 0 enqueued
[29.171s][info][gc,reloc    ] GC(17) Small Pages: 70 / 140M, Empty: 116M, Relocated: 3M, In-Place: 0
[29.171s][info][gc,reloc    ] GC(17) Medium Pages: 0 / 0M, Empty: 0M, Relocated: 0M, In-Place: 0
[29.171s][info][gc,reloc    ] GC(17) Large Pages: 0 / 0M, Empty: 0M, Relocated: 0M, In-Place: 0
[29.171s][info][gc,reloc    ] GC(17) Forwarding Usage: 1M
[29.171s][info][gc,heap     ] GC(17) Min Capacity: 8M(0%)
[29.171s][info][gc,heap     ] GC(17) Max Capacity: 2048M(100%)
[29.171s][info][gc,heap     ] GC(17) Soft Max Capacity: 2048M(100%)
[29.171s][info][gc,heap     ] GC(17)                Mark Start          Mark End        Relocate Start      Relocate End           High               Low         
[29.171s][info][gc,heap     ] GC(17)  Capacity:     2048M (100%)       2048M (100%)       2048M (100%)       2048M (100%)       2048M (100%)       2048M (100%)   
[29.171s][info][gc,heap     ] GC(17)      Free:     1908M (93%)        1908M (93%)        2024M (99%)        2024M (99%)        2024M (99%)        1908M (93%)    
[29.171s][info][gc,heap     ] GC(17)      Used:      140M (7%)          140M (7%)           24M (1%)           24M (1%)          140M (7%)           24M (1%)     
[29.171s][info][gc,heap     ] GC(17)      Live:         -                 4M (0%)            4M (0%)            4M (0%)             -                  -          
[29.171s][info][gc,heap     ] GC(17) Allocated:         -                 0M (0%)            0M (0%)            0M (0%)             -                  -          
[29.171s][info][gc,heap     ] GC(17)   Garbage:         -               135M (7%)           19M (1%)           19M (1%)             -                  -          
[29.171s][info][gc,heap     ] GC(17) Reclaimed:         -                  -               116M (6%)          116M (6%)             -                  -          
[29.171s][info][gc          ] GC(17) Garbage Collection (System.gc()) 140M(7%)->24M(1%)
[30.174s][info][gc,stats    ] === Garbage Collection Statistics =======================================================================================================================
[30.174s][info][gc,stats    ]                                                              Last 10s              Last 10m              Last 10h                Total
[30.174s][info][gc,stats    ]                                                              Avg / Max             Avg / Max             Avg / Max             Avg / Max
[30.174s][info][gc,stats    ]   Collector: Garbage Collection Cycle                     24.658 / 28.095       26.531 / 41.828       26.531 / 41.828       26.531 / 41.828      ms
[30.174s][info][gc,stats    ]  Contention: Mark Segment Reset Contention                     2 / 7                 2 / 10                2 / 10                2 / 10          ops/s
[30.174s][info][gc,stats    ]  Contention: Mark SeqNum Reset Contention                      0 / 2                 0 / 2                 0 / 2                 0 / 2           ops/s
[30.174s][info][gc,stats    ]    Critical: Allocation Stall                                  0 / 0                 0 / 0                 0 / 0                 0 / 0           ops/s
[30.174s][info][gc,stats    ]    Critical: Allocation Stall                              0.000 / 0.000         0.000 / 0.000         0.000 / 0.000         0.000 / 0.000       ms
[30.174s][info][gc,stats    ]    Critical: GC Locker Stall                                   0 / 0                 0 / 0                 0 / 0                 0 / 0           ops/s
[30.174s][info][gc,stats    ]    Critical: GC Locker Stall                               0.000 / 0.000         0.000 / 0.000         0.000 / 0.000         0.000 / 0.000       ms
[30.174s][info][gc,stats    ]    Critical: Relocation Stall                                  0 / 0                 0 / 0                 0 / 0                 0 / 0           ops/s
[30.174s][info][gc,stats    ]    Critical: Relocation Stall                              0.000 / 0.000         0.000 / 0.000         0.000 / 0.000         0.000 / 0.000       ms
[30.174s][info][gc,stats    ]      Memory: Allocation Rate                                 323 / 334             306 / 342             306 / 342             306 / 342         MB/s
[30.174s][info][gc,stats    ]      Memory: Defragment                                        0 / 0                 0 / 0                 0 / 0                 0 / 0           ops/s
[30.174s][info][gc,stats    ]      Memory: Out Of Memory                                     0 / 0                 0 / 0                 0 / 0                 0 / 0           ops/s
[30.174s][info][gc,stats    ]      Memory: Page Cache Flush                                  0 / 0                 0 / 0                 0 / 0                 0 / 0           MB/s
[30.174s][info][gc,stats    ]      Memory: Page Cache Hit L1                               169 / 179             141 / 180             141 / 180             141 / 180         ops/s
[30.174s][info][gc,stats    ]      Memory: Page Cache Hit L2                                 0 / 0                 0 / 0                 0 / 0                 0 / 0           ops/s
[30.174s][info][gc,stats    ]      Memory: Page Cache Hit L3                                 0 / 0                18 / 145              18 / 145              18 / 145         ops/s
[30.174s][info][gc,stats    ]      Memory: Page Cache Miss                                   0 / 0                 0 / 1                 0 / 1                 0 / 1           ops/s
[30.174s][info][gc,stats    ]      Memory: Uncommit                                          0 / 0                 0 / 0                 0 / 0                 0 / 0           MB/s
[30.174s][info][gc,stats    ]      Memory: Undo Object Allocation Failed                     0 / 1                 0 / 1                 0 / 1                 0 / 1           ops/s
[30.174s][info][gc,stats    ]      Memory: Undo Object Allocation Succeeded                  0 / 1                 0 / 2                 0 / 2                 0 / 2           ops/s
[30.174s][info][gc,stats    ]      Memory: Undo Page Allocation                              1 / 4                 1 / 6                 1 / 6                 1 / 6           ops/s
[30.174s][info][gc,stats    ]       Phase: Concurrent Mark                              13.788 / 15.238       15.034 / 30.725       15.034 / 30.725       15.034 / 30.725      ms
[30.175s][info][gc,stats    ]       Phase: Concurrent Mark Continue                      0.000 / 0.000         0.000 / 0.000         0.000 / 0.000         0.000 / 0.000       ms
[30.175s][info][gc,stats    ]       Phase: Concurrent Mark Free                          0.001 / 0.001         0.001 / 0.002         0.001 / 0.002         0.001 / 0.002       ms
[30.175s][info][gc,stats    ]       Phase: Concurrent Process Non-Strong References      0.955 / 1.015         1.228 / 5.203         1.228 / 5.203         1.228 / 5.203       ms
[30.175s][info][gc,stats    ]       Phase: Concurrent Relocate                           3.348 / 3.916         3.147 / 3.916         3.147 / 3.916         3.147 / 3.916       ms
[30.175s][info][gc,stats    ]       Phase: Concurrent Reset Relocation Set               0.008 / 0.013         0.008 / 0.016         0.008 / 0.016         0.008 / 0.016       ms
[30.175s][info][gc,stats    ]       Phase: Concurrent Select Relocation Set              5.424 / 6.991         5.955 / 15.037        5.955 / 15.037        5.955 / 15.037      ms
[30.175s][info][gc,stats    ]       Phase: Pause Mark End                                0.023 / 0.024         0.023 / 0.025         0.023 / 0.025         0.023 / 0.025       ms
[30.175s][info][gc,stats    ]       Phase: Pause Mark Start                              0.018 / 0.019         0.018 / 0.030         0.018 / 0.030         0.018 / 0.030       ms
[30.175s][info][gc,stats    ]       Phase: Pause Relocate Start                          0.009 / 0.009         0.009 / 0.010         0.009 / 0.010         0.009 / 0.010       ms
[30.175s][info][gc,stats    ]    Subphase: Concurrent Classes Purge                      0.020 / 0.055         0.129 / 0.832         0.129 / 0.832         0.129 / 0.832       ms
[30.175s][info][gc,stats    ]    Subphase: Concurrent Classes Unlink                     0.626 / 0.671         0.797 / 4.025         0.797 / 4.025         0.797 / 4.025       ms
[30.175s][info][gc,stats    ]    Subphase: Concurrent Mark                              12.160 / 14.172       12.971 / 23.255       12.971 / 23.255       12.971 / 23.255      ms
[30.175s][info][gc,stats    ]    Subphase: Concurrent Mark Try Flush                     0.066 / 0.103         0.068 / 0.112         0.068 / 0.112         0.068 / 0.112       ms
[30.175s][info][gc,stats    ]    Subphase: Concurrent Mark Try Terminate                 6.838 / 11.287        7.274 / 16.246        7.274 / 16.246        7.274 / 16.246      ms
[30.175s][info][gc,stats    ]    Subphase: Concurrent References Enqueue                 0.000 / 0.001         0.001 / 0.004         0.001 / 0.004         0.001 / 0.004       ms
[30.175s][info][gc,stats    ]    Subphase: Concurrent References Process                 0.055 / 0.067         0.053 / 0.075         0.053 / 0.075         0.053 / 0.075       ms
[30.175s][info][gc,stats    ]    Subphase: Concurrent Roots ClassLoaderDataGraph         0.096 / 0.656         0.096 / 0.967         0.096 / 0.967         0.096 / 0.967       ms
[30.175s][info][gc,stats    ]    Subphase: Concurrent Roots CodeCache                    0.000 / 0.000         0.000 / 0.000         0.000 / 0.000         0.000 / 0.000       ms
[30.175s][info][gc,stats    ]    Subphase: Concurrent Roots JavaThreads                  0.442 / 1.012         0.843 / 7.350         0.843 / 7.350         0.843 / 7.350       ms
[30.175s][info][gc,stats    ]    Subphase: Concurrent Roots OopStorageSet                0.018 / 0.060         0.024 / 0.273         0.024 / 0.273         0.024 / 0.273       ms
[30.175s][info][gc,stats    ]    Subphase: Concurrent Weak Roots OopStorageSet           0.134 / 0.156         0.132 / 0.165         0.132 / 0.165         0.132 / 0.165       ms
[30.175s][info][gc,stats    ]    Subphase: Pause Mark Try Complete                       0.000 / 0.000         0.000 / 0.000         0.000 / 0.000         0.000 / 0.000       ms
[30.175s][info][gc,stats    ]      System: Java Threads                                     30 / 31               30 / 37               30 / 37               30 / 37          threads
[30.175s][info][gc,stats    ] =========================================================================================================================================================
[30.877s][info][gc,start    ] GC(18) Garbage Collection (Proactive)
[30.877s][info][gc,task     ] GC(18) Using 12 workers
[30.877s][info][gc,phases   ] GC(18) Pause Mark Start 0.018ms
[30.892s][info][gc,phases   ] GC(18) Concurrent Mark 15.215ms
[30.892s][info][gc,phases   ] GC(18) Pause Mark End 0.024ms
[30.893s][info][gc,phases   ] GC(18) Concurrent Mark Free 0.001ms
[30.894s][info][gc,phases   ] GC(18) Concurrent Process Non-Strong References 1.015ms
[30.894s][info][gc,phases   ] GC(18) Concurrent Reset Relocation Set 0.002ms
[30.899s][info][gc,phases   ] GC(18) Concurrent Select Relocation Set 5.799ms
[30.900s][info][gc,phases   ] GC(18) Pause Relocate Start 0.008ms
[30.902s][info][gc,phases   ] GC(18) Concurrent Relocate 2.704ms
[30.903s][info][gc,load     ] GC(18) Load: 0.00/0.00/0.00
[30.903s][info][gc,mmu      ] GC(18) MMU: 2ms/98.5%, 5ms/99.4%, 10ms/99.6%, 20ms/99.8%, 50ms/99.9%, 100ms/99.9%
[30.903s][info][gc,marking  ] GC(18) Mark: 8 stripe(s), 2 proactive flush(es), 1 terminate flush(es), 0 completion(s), 0 continuation(s) 
[30.903s][info][gc,marking  ] GC(18) Mark Stack Usage: 32M
[30.903s][info][gc,nmethod  ] GC(18) NMethods: 1880 registered, 359 unregistered
[30.903s][info][gc,metaspace] GC(18) Metaspace: 9M used, 9M committed, 1088M reserved
[30.903s][info][gc,ref      ] GC(18) Soft: 214 encountered, 0 discovered, 0 enqueued
[30.903s][info][gc,ref      ] GC(18) Weak: 796 encountered, 143 discovered, 0 enqueued
[30.903s][info][gc,ref      ] GC(18) Final: 0 encountered, 0 discovered, 0 enqueued
[30.903s][info][gc,ref      ] GC(18) Phantom: 27 encountered, 23 discovered, 0 enqueued
[30.903s][info][gc,reloc    ] GC(18) Small Pages: 286 / 572M, Empty: 422M, Relocated: 4M, In-Place: 0
[30.903s][info][gc,reloc    ] GC(18) Medium Pages: 0 / 0M, Empty: 0M, Relocated: 0M, In-Place: 0
[30.903s][info][gc,reloc    ] GC(18) Large Pages: 0 / 0M, Empty: 0M, Relocated: 0M, In-Place: 0
[30.903s][info][gc,reloc    ] GC(18) Forwarding Usage: 1M
[30.903s][info][gc,heap     ] GC(18) Min Capacity: 8M(0%)
[30.903s][info][gc,heap     ] GC(18) Max Capacity: 2048M(100%)
[30.903s][info][gc,heap     ] GC(18) Soft Max Capacity: 2048M(100%)
[30.903s][info][gc,heap     ] GC(18)                Mark Start          Mark End        Relocate Start      Relocate End           High               Low         
[30.903s][info][gc,heap     ] GC(18)  Capacity:     2048M (100%)       2048M (100%)       2048M (100%)       2048M (100%)       2048M (100%)       2048M (100%)   
[30.903s][info][gc,heap     ] GC(18)      Free:     1476M (72%)        1470M (72%)        1890M (92%)        2012M (98%)        2012M (98%)        1470M (72%)    
[30.903s][info][gc,heap     ] GC(18)      Used:      572M (28%)         578M (28%)         158M (8%)           36M (2%)          578M (28%)          36M (2%)     
[30.903s][info][gc,heap     ] GC(18)      Live:         -                 6M (0%)            6M (0%)            6M (0%)             -                  -          
[30.903s][info][gc,heap     ] GC(18) Allocated:         -                 6M (0%)            8M (0%)            9M (0%)             -                  -          
[30.903s][info][gc,heap     ] GC(18)   Garbage:         -               565M (28%)         143M (7%)           19M (1%)             -                  -          
[30.903s][info][gc,heap     ] GC(18) Reclaimed:         -                  -               422M (21%)         545M (27%)            -                  -          
[30.903s][info][gc          ] GC(18) Garbage Collection (Proactive) 572M(28%)->36M(2%)
[32.571s][info][gc,start    ] GC(19) Garbage Collection (Proactive)
[32.571s][info][gc,task     ] GC(19) Using 12 workers
[32.571s][info][gc,phases   ] GC(19) Pause Mark Start 0.019ms
[32.586s][info][gc,phases   ] GC(19) Concurrent Mark 15.174ms
[32.586s][info][gc,phases   ] GC(19) Pause Mark End 0.026ms
[32.586s][info][gc,phases   ] GC(19) Concurrent Mark Free 0.002ms
[32.588s][info][gc,phases   ] GC(19) Concurrent Process Non-Strong References 0.996ms
[32.588s][info][gc,phases   ] GC(19) Concurrent Reset Relocation Set 0.011ms
[32.595s][info][gc,phases   ] GC(19) Concurrent Select Relocation Set 7.013ms
[32.595s][info][gc,phases   ] GC(19) Pause Relocate Start 0.010ms
[32.598s][info][gc,phases   ] GC(19) Concurrent Relocate 3.043ms
[32.598s][info][gc,load     ] GC(19) Load: 0.00/0.00/0.00
[32.598s][info][gc,mmu      ] GC(19) MMU: 2ms/98.5%, 5ms/99.4%, 10ms/99.6%, 20ms/99.8%, 50ms/99.9%, 100ms/99.9%
[32.598s][info][gc,marking  ] GC(19) Mark: 8 stripe(s), 2 proactive flush(es), 1 terminate flush(es), 0 completion(s), 0 continuation(s) 
[32.598s][info][gc,marking  ] GC(19) Mark Stack Usage: 32M
[32.598s][info][gc,nmethod  ] GC(19) NMethods: 1880 registered, 360 unregistered
[32.598s][info][gc,metaspace] GC(19) Metaspace: 9M used, 9M committed, 1088M reserved
[32.598s][info][gc,ref      ] GC(19) Soft: 214 encountered, 0 discovered, 0 enqueued
[32.598s][info][gc,ref      ] GC(19) Weak: 796 encountered, 11 discovered, 0 enqueued
[32.598s][info][gc,ref      ] GC(19) Final: 0 encountered, 0 discovered, 0 enqueued
[32.598s][info][gc,ref      ] GC(19) Phantom: 27 encountered, 15 discovered, 0 enqueued
[32.598s][info][gc,reloc    ] GC(19) Small Pages: 289 / 578M, Empty: 418M, Relocated: 4M, In-Place: 0
[32.598s][info][gc,reloc    ] GC(19) Medium Pages: 0 / 0M, Empty: 0M, Relocated: 0M, In-Place: 0
[32.598s][info][gc,reloc    ] GC(19) Large Pages: 0 / 0M, Empty: 0M, Relocated: 0M, In-Place: 0
[32.598s][info][gc,reloc    ] GC(19) Forwarding Usage: 2M
[32.598s][info][gc,heap     ] GC(19) Min Capacity: 8M(0%)
[32.598s][info][gc,heap     ] GC(19) Max Capacity: 2048M(100%)
[32.599s][info][gc,heap     ] GC(19) Soft Max Capacity: 2048M(100%)
[32.599s][info][gc,heap     ] GC(19)                Mark Start          Mark End        Relocate Start      Relocate End           High               Low         
[32.599s][info][gc,heap     ] GC(19)  Capacity:     2048M (100%)       2048M (100%)       2048M (100%)       2048M (100%)       2048M (100%)       2048M (100%)   
[32.599s][info][gc,heap     ] GC(19)      Free:     1470M (72%)        1464M (71%)        1880M (92%)        2014M (98%)        2014M (98%)        1464M (71%)    
[32.599s][info][gc,heap     ] GC(19)      Used:      578M (28%)         584M (29%)         168M (8%)           34M (2%)          584M (29%)          34M (2%)     
[32.599s][info][gc,heap     ] GC(19)      Live:         -                 6M (0%)            6M (0%)            6M (0%)             -                  -          
[32.599s][info][gc,heap     ] GC(19) Allocated:         -                 6M (0%)            8M (0%)            7M (0%)             -                  -          
[32.599s][info][gc,heap     ] GC(19)   Garbage:         -               571M (28%)         153M (8%)           19M (1%)             -                  -          
[32.599s][info][gc,heap     ] GC(19) Reclaimed:         -                  -               418M (20%)         551M (27%)            -                  -          
[32.599s][info][gc          ] GC(19) Garbage Collection (Proactive) 578M(28%)->34M(2%)
[34.179s][info][gc,start    ] GC(20) Garbage Collection (Proactive)
[34.179s][info][gc,task     ] GC(20) Using 12 workers
[34.180s][info][gc,phases   ] GC(20) Pause Mark Start 0.018ms
[34.195s][info][gc,phases   ] GC(20) Concurrent Mark 15.183ms
[34.195s][info][gc,phases   ] GC(20) Pause Mark End 0.023ms
[34.195s][info][gc,phases   ] GC(20) Concurrent Mark Free 0.001ms
[34.196s][info][gc,phases   ] GC(20) Concurrent Process Non-Strong References 0.949ms
[34.196s][info][gc,phases   ] GC(20) Concurrent Reset Relocation Set 0.011ms
[34.200s][info][gc,phases   ] GC(20) Concurrent Select Relocation Set 3.855ms
[34.200s][info][gc,phases   ] GC(20) Pause Relocate Start 0.008ms
[34.204s][info][gc,phases   ] GC(20) Concurrent Relocate 3.322ms
[34.204s][info][gc,load     ] GC(20) Load: 0.00/0.00/0.00
[34.204s][info][gc,mmu      ] GC(20) MMU: 2ms/98.5%, 5ms/99.4%, 10ms/99.6%, 20ms/99.8%, 50ms/99.9%, 100ms/99.9%
[34.204s][info][gc,marking  ] GC(20) Mark: 8 stripe(s), 2 proactive flush(es), 1 terminate flush(es), 0 completion(s), 0 continuation(s) 
[34.204s][info][gc,marking  ] GC(20) Mark Stack Usage: 32M
[34.204s][info][gc,nmethod  ] GC(20) NMethods: 1880 registered, 360 unregistered
[34.204s][info][gc,metaspace] GC(20) Metaspace: 9M used, 9M committed, 1088M reserved
[34.204s][info][gc,ref      ] GC(20) Soft: 214 encountered, 0 discovered, 0 enqueued
[34.204s][info][gc,ref      ] GC(20) Weak: 796 encountered, 118 discovered, 0 enqueued
[34.204s][info][gc,ref      ] GC(20) Final: 0 encountered, 0 discovered, 0 enqueued
[34.204s][info][gc,ref      ] GC(20) Phantom: 27 encountered, 17 discovered, 0 enqueued
[34.204s][info][gc,reloc    ] GC(20) Small Pages: 274 / 548M, Empty: 468M, Relocated: 4M, In-Place: 0
[34.204s][info][gc,reloc    ] GC(20) Medium Pages: 0 / 0M, Empty: 0M, Relocated: 0M, In-Place: 0
[34.204s][info][gc,reloc    ] GC(20) Large Pages: 0 / 0M, Empty: 0M, Relocated: 0M, In-Place: 0
[34.204s][info][gc,reloc    ] GC(20) Forwarding Usage: 2M
[34.204s][info][gc,heap     ] GC(20) Min Capacity: 8M(0%)
[34.204s][info][gc,heap     ] GC(20) Max Capacity: 2048M(100%)
[34.204s][info][gc,heap     ] GC(20) Soft Max Capacity: 2048M(100%)
[34.204s][info][gc,heap     ] GC(20)                Mark Start          Mark End        Relocate Start      Relocate End           High               Low         
[34.204s][info][gc,heap     ] GC(20)  Capacity:     2048M (100%)       2048M (100%)       2048M (100%)       2048M (100%)       2048M (100%)       2048M (100%)   
[34.204s][info][gc,heap     ] GC(20)      Free:     1500M (73%)        1494M (73%)        1960M (96%)        2014M (98%)        2014M (98%)        1494M (73%)    
[34.204s][info][gc,heap     ] GC(20)      Used:      548M (27%)         554M (27%)          88M (4%)           34M (2%)          554M (27%)          34M (2%)     
[34.204s][info][gc,heap     ] GC(20)      Live:         -                 6M (0%)            6M (0%)            6M (0%)             -                  -          
[34.204s][info][gc,heap     ] GC(20) Allocated:         -                 6M (0%)            8M (0%)            7M (0%)             -                  -          
[34.204s][info][gc,heap     ] GC(20)   Garbage:         -               541M (26%)          73M (4%)           19M (1%)             -                  -          
[34.204s][info][gc,heap     ] GC(20) Reclaimed:         -                  -               468M (23%)         521M (25%)            -                  -          
[34.204s][info][gc          ] GC(20) Garbage Collection (Proactive) 548M(27%)->34M(2%)
[35.764s][info][gc,start    ] GC(21) Garbage Collection (Proactive)
[35.764s][info][gc,task     ] GC(21) Using 12 workers
[35.764s][info][gc,phases   ] GC(21) Pause Mark Start 0.018ms
[35.780s][info][gc,phases   ] GC(21) Concurrent Mark 15.215ms
[35.780s][info][gc,phases   ] GC(21) Pause Mark End 0.022ms
[35.780s][info][gc,phases   ] GC(21) Concurrent Mark Free 0.002ms
[35.781s][info][gc,phases   ] GC(21) Concurrent Process Non-Strong References 0.981ms
[35.781s][info][gc,phases   ] GC(21) Concurrent Reset Relocation Set 0.007ms
[35.785s][info][gc,phases   ] GC(21) Concurrent Select Relocation Set 3.832ms
[35.785s][info][gc,phases   ] GC(21) Pause Relocate Start 0.009ms
[35.789s][info][gc,phases   ] GC(21) Concurrent Relocate 3.464ms
[35.789s][info][gc,load     ] GC(21) Load: 0.00/0.00/0.00
[35.789s][info][gc,mmu      ] GC(21) MMU: 2ms/98.5%, 5ms/99.4%, 10ms/99.6%, 20ms/99.8%, 50ms/99.9%, 100ms/99.9%
[35.789s][info][gc,marking  ] GC(21) Mark: 8 stripe(s), 3 proactive flush(es), 1 terminate flush(es), 0 completion(s), 0 continuation(s) 
[35.789s][info][gc,marking  ] GC(21) Mark Stack Usage: 32M
[35.789s][info][gc,nmethod  ] GC(21) NMethods: 1880 registered, 360 unregistered
[35.789s][info][gc,metaspace] GC(21) Metaspace: 9M used, 9M committed, 1088M reserved
[35.789s][info][gc,ref      ] GC(21) Soft: 214 encountered, 0 discovered, 0 enqueued
[35.789s][info][gc,ref      ] GC(21) Weak: 796 encountered, 157 discovered, 0 enqueued
[35.789s][info][gc,ref      ] GC(21) Final: 0 encountered, 0 discovered, 0 enqueued
[35.789s][info][gc,ref      ] GC(21) Phantom: 27 encountered, 17 discovered, 0 enqueued
[35.789s][info][gc,reloc    ] GC(21) Small Pages: 272 / 544M, Empty: 488M, Relocated: 4M, In-Place: 0
[35.789s][info][gc,reloc    ] GC(21) Medium Pages: 0 / 0M, Empty: 0M, Relocated: 0M, In-Place: 0
[35.789s][info][gc,reloc    ] GC(21) Large Pages: 0 / 0M, Empty: 0M, Relocated: 0M, In-Place: 0
[35.789s][info][gc,reloc    ] GC(21) Forwarding Usage: 2M
[35.789s][info][gc,heap     ] GC(21) Min Capacity: 8M(0%)
[35.789s][info][gc,heap     ] GC(21) Max Capacity: 2048M(100%)
[35.789s][info][gc,heap     ] GC(21) Soft Max Capacity: 2048M(100%)
[35.789s][info][gc,heap     ] GC(21)                Mark Start          Mark End        Relocate Start      Relocate End           High               Low         
[35.789s][info][gc,heap     ] GC(21)  Capacity:     2048M (100%)       2048M (100%)       2048M (100%)       2048M (100%)       2048M (100%)       2048M (100%)   
[35.789s][info][gc,heap     ] GC(21)      Free:     1504M (73%)        1498M (73%)        1984M (97%)        2012M (98%)        2012M (98%)        1498M (73%)    
[35.789s][info][gc,heap     ] GC(21)      Used:      544M (27%)         550M (27%)          64M (3%)           36M (2%)          550M (27%)          36M (2%)     
[35.789s][info][gc,heap     ] GC(21)      Live:         -                 6M (0%)            6M (0%)            6M (0%)             -                  -          
[35.790s][info][gc,heap     ] GC(21) Allocated:         -                 6M (0%)            8M (0%)            9M (0%)             -                  -          
[35.790s][info][gc,heap     ] GC(21)   Garbage:         -               537M (26%)          49M (2%)           19M (1%)             -                  -          
[35.790s][info][gc,heap     ] GC(21) Reclaimed:         -                  -               488M (24%)         517M (25%)            -                  -          
[35.790s][info][gc          ] GC(21) Garbage Collection (Proactive) 544M(27%)->36M(2%)
[35.948s][info][gc,start    ] GC(22) Garbage Collection (System.gc())
[35.948s][info][gc,task     ] GC(22) Using 12 workers
[35.948s][info][gc,phases   ] GC(22) Pause Mark Start 0.017ms
[35.967s][info][gc,phases   ] GC(22) Concurrent Mark 19.353ms
[35.967s][info][gc,phases   ] GC(22) Pause Mark End 0.022ms
[35.967s][info][gc,phases   ] GC(22) Concurrent Mark Free 0.001ms
[35.968s][info][gc,phases   ] GC(22) Concurrent Process Non-Strong References 0.898ms
[35.968s][info][gc,phases   ] GC(22) Concurrent Reset Relocation Set 0.005ms
[35.972s][info][gc,phases   ] GC(22) Concurrent Select Relocation Set 3.904ms
[35.973s][info][gc,phases   ] GC(22) Pause Relocate Start 0.006ms
[35.975s][info][gc,phases   ] GC(22) Concurrent Relocate 2.607ms
[35.975s][info][gc,load     ] GC(22) Load: 0.00/0.00/0.00
[35.975s][info][gc,mmu      ] GC(22) MMU: 2ms/98.5%, 5ms/99.4%, 10ms/99.6%, 20ms/99.8%, 50ms/99.9%, 100ms/99.9%
[35.975s][info][gc,marking  ] GC(22) Mark: 8 stripe(s), 1 proactive flush(es), 1 terminate flush(es), 0 completion(s), 0 continuation(s) 
[35.975s][info][gc,marking  ] GC(22) Mark Stack Usage: 32M
[35.975s][info][gc,nmethod  ] GC(22) NMethods: 1879 registered, 362 unregistered
[35.975s][info][gc,metaspace] GC(22) Metaspace: 9M used, 9M committed, 1088M reserved
[35.975s][info][gc,ref      ] GC(22) Soft: 214 encountered, 0 discovered, 0 enqueued
[35.975s][info][gc,ref      ] GC(22) Weak: 796 encountered, 64 discovered, 0 enqueued
[35.975s][info][gc,ref      ] GC(22) Final: 0 encountered, 0 discovered, 0 enqueued
[35.976s][info][gc,ref      ] GC(22) Phantom: 27 encountered, 21 discovered, 0 enqueued
[35.976s][info][gc,reloc    ] GC(22) Small Pages: 39 / 78M, Empty: 58M, Relocated: 3M, In-Place: 0
[35.976s][info][gc,reloc    ] GC(22) Medium Pages: 0 / 0M, Empty: 0M, Relocated: 0M, In-Place: 0
[35.976s][info][gc,reloc    ] GC(22) Large Pages: 0 / 0M, Empty: 0M, Relocated: 0M, In-Place: 0
[35.976s][info][gc,reloc    ] GC(22) Forwarding Usage: 1M
[35.976s][info][gc,heap     ] GC(22) Min Capacity: 8M(0%)
[35.976s][info][gc,heap     ] GC(22) Max Capacity: 2048M(100%)
[35.976s][info][gc,heap     ] GC(22) Soft Max Capacity: 2048M(100%)
[35.976s][info][gc,heap     ] GC(22)                Mark Start          Mark End        Relocate Start      Relocate End           High               Low         
[35.976s][info][gc,heap     ] GC(22)  Capacity:     2048M (100%)       2048M (100%)       2048M (100%)       2048M (100%)       2048M (100%)       2048M (100%)   
[35.976s][info][gc,heap     ] GC(22)      Free:     1970M (96%)        1970M (96%)        2028M (99%)        2028M (99%)        2028M (99%)        1970M (96%)    
[35.976s][info][gc,heap     ] GC(22)      Used:       78M (4%)           78M (4%)           20M (1%)           20M (1%)           78M (4%)           20M (1%)     
[35.976s][info][gc,heap     ] GC(22)      Live:         -                 4M (0%)            4M (0%)            4M (0%)             -                  -          
[35.976s][info][gc,heap     ] GC(22) Allocated:         -                 0M (0%)            0M (0%)            0M (0%)             -                  -          
[35.976s][info][gc,heap     ] GC(22)   Garbage:         -                73M (4%)           15M (1%)           15M (1%)             -                  -          
[35.976s][info][gc,heap     ] GC(22) Reclaimed:         -                  -                58M (3%)           58M (3%)             -                  -          
[35.976s][info][gc          ] GC(22) Garbage Collection (System.gc()) 78M(4%)->20M(1%)
[37.676s][info][gc,start    ] GC(23) Garbage Collection (Proactive)
[37.677s][info][gc,task     ] GC(23) Using 12 workers
[37.677s][info][gc,phases   ] GC(23) Pause Mark Start 0.017ms
[37.692s][info][gc,phases   ] GC(23) Concurrent Mark 15.196ms
[37.692s][info][gc,phases   ] GC(23) Pause Mark End 0.023ms
[37.692s][info][gc,phases   ] GC(23) Concurrent Mark Free 0.001ms
[37.693s][info][gc,phases   ] GC(23) Concurrent Process Non-Strong References 0.978ms
[37.693s][info][gc,phases   ] GC(23) Concurrent Reset Relocation Set 0.002ms
[37.700s][info][gc,phases   ] GC(23) Concurrent Select Relocation Set 6.422ms
[37.700s][info][gc,phases   ] GC(23) Pause Relocate Start 0.010ms
[37.704s][info][gc,phases   ] GC(23) Concurrent Relocate 4.275ms
[37.704s][info][gc,load     ] GC(23) Load: 0.00/0.00/0.00
[37.705s][info][gc,mmu      ] GC(23) MMU: 2ms/98.5%, 5ms/99.4%, 10ms/99.6%, 20ms/99.8%, 50ms/99.9%, 100ms/99.9%
[37.705s][info][gc,marking  ] GC(23) Mark: 8 stripe(s), 4 proactive flush(es), 1 terminate flush(es), 0 completion(s), 0 continuation(s) 
[37.705s][info][gc,marking  ] GC(23) Mark Stack Usage: 32M
[37.705s][info][gc,nmethod  ] GC(23) NMethods: 1881 registered, 362 unregistered
[37.705s][info][gc,metaspace] GC(23) Metaspace: 9M used, 9M committed, 1088M reserved
[37.705s][info][gc,ref      ] GC(23) Soft: 214 encountered, 0 discovered, 0 enqueued
[37.705s][info][gc,ref      ] GC(23) Weak: 796 encountered, 103 discovered, 0 enqueued
[37.705s][info][gc,ref      ] GC(23) Final: 0 encountered, 0 discovered, 0 enqueued
[37.705s][info][gc,ref      ] GC(23) Phantom: 27 encountered, 15 discovered, 0 enqueued
[37.705s][info][gc,reloc    ] GC(23) Small Pages: 275 / 550M, Empty: 360M, Relocated: 4M, In-Place: 0
[37.705s][info][gc,reloc    ] GC(23) Medium Pages: 0 / 0M, Empty: 0M, Relocated: 0M, In-Place: 0
[37.705s][info][gc,reloc    ] GC(23) Large Pages: 0 / 0M, Empty: 0M, Relocated: 0M, In-Place: 0
[37.705s][info][gc,reloc    ] GC(23) Forwarding Usage: 1M
[37.705s][info][gc,heap     ] GC(23) Min Capacity: 8M(0%)
[37.705s][info][gc,heap     ] GC(23) Max Capacity: 2048M(100%)
[37.705s][info][gc,heap     ] GC(23) Soft Max Capacity: 2048M(100%)
[37.705s][info][gc,heap     ] GC(23)                Mark Start          Mark End        Relocate Start      Relocate End           High               Low         
[37.705s][info][gc,heap     ] GC(23)  Capacity:     2048M (100%)       2048M (100%)       2048M (100%)       2048M (100%)       2048M (100%)       2048M (100%)   
[37.705s][info][gc,heap     ] GC(23)      Free:     1498M (73%)        1492M (73%)        1850M (90%)        2012M (98%)        2012M (98%)        1492M (73%)    
[37.705s][info][gc,heap     ] GC(23)      Used:      550M (27%)         556M (27%)         198M (10%)          36M (2%)          556M (27%)          36M (2%)     
[37.705s][info][gc,heap     ] GC(23)      Live:         -                 6M (0%)            6M (0%)            6M (0%)             -                  -          
[37.705s][info][gc,heap     ] GC(23) Allocated:         -                 6M (0%)            8M (0%)            9M (0%)             -                  -          
[37.705s][info][gc,heap     ] GC(23)   Garbage:         -               543M (27%)         183M (9%)           19M (1%)             -                  -          
[37.705s][info][gc,heap     ] GC(23) Reclaimed:         -                  -               360M (18%)         523M (26%)            -                  -          
[37.705s][info][gc          ] GC(23) Garbage Collection (Proactive) 550M(27%)->36M(2%)
[39.369s][info][gc,start    ] GC(24) Garbage Collection (Proactive)
[39.369s][info][gc,task     ] GC(24) Using 12 workers
[39.369s][info][gc,phases   ] GC(24) Pause Mark Start 0.018ms
[39.384s][info][gc,phases   ] GC(24) Concurrent Mark 15.216ms
[39.385s][info][gc,phases   ] GC(24) Pause Mark End 0.026ms
[39.385s][info][gc,phases   ] GC(24) Concurrent Mark Free 0.002ms
[39.386s][info][gc,phases   ] GC(24) Concurrent Process Non-Strong References 0.968ms
[39.386s][info][gc,phases   ] GC(24) Concurrent Reset Relocation Set 0.013ms
[39.390s][info][gc,phases   ] GC(24) Concurrent Select Relocation Set 3.913ms
[39.390s][info][gc,phases   ] GC(24) Pause Relocate Start 0.009ms
[39.392s][info][gc,phases   ] GC(24) Concurrent Relocate 2.071ms
[39.392s][info][gc,load     ] GC(24) Load: 0.00/0.00/0.00
[39.392s][info][gc,mmu      ] GC(24) MMU: 2ms/98.5%, 5ms/99.4%, 10ms/99.6%, 20ms/99.8%, 50ms/99.9%, 100ms/99.9%
[39.392s][info][gc,marking  ] GC(24) Mark: 8 stripe(s), 3 proactive flush(es), 1 terminate flush(es), 0 completion(s), 0 continuation(s) 
[39.392s][info][gc,marking  ] GC(24) Mark Stack Usage: 32M
[39.392s][info][gc,nmethod  ] GC(24) NMethods: 1880 registered, 363 unregistered
[39.392s][info][gc,metaspace] GC(24) Metaspace: 9M used, 9M committed, 1088M reserved
[39.393s][info][gc,ref      ] GC(24) Soft: 214 encountered, 0 discovered, 0 enqueued
[39.393s][info][gc,ref      ] GC(24) Weak: 796 encountered, 307 discovered, 0 enqueued
[39.393s][info][gc,ref      ] GC(24) Final: 0 encountered, 0 discovered, 0 enqueued
[39.393s][info][gc,ref      ] GC(24) Phantom: 27 encountered, 24 discovered, 0 enqueued
[39.393s][info][gc,reloc    ] GC(24) Small Pages: 289 / 578M, Empty: 466M, Relocated: 3M, In-Place: 0
[39.393s][info][gc,reloc    ] GC(24) Medium Pages: 0 / 0M, Empty: 0M, Relocated: 0M, In-Place: 0
[39.393s][info][gc,reloc    ] GC(24) Large Pages: 0 / 0M, Empty: 0M, Relocated: 0M, In-Place: 0
[39.393s][info][gc,reloc    ] GC(24) Forwarding Usage: 1M
[39.393s][info][gc,heap     ] GC(24) Min Capacity: 8M(0%)
[39.393s][info][gc,heap     ] GC(24) Max Capacity: 2048M(100%)
[39.393s][info][gc,heap     ] GC(24) Soft Max Capacity: 2048M(100%)
[39.393s][info][gc,heap     ] GC(24)                Mark Start          Mark End        Relocate Start      Relocate End           High               Low         
[39.393s][info][gc,heap     ] GC(24)  Capacity:     2048M (100%)       2048M (100%)       2048M (100%)       2048M (100%)       2048M (100%)       2048M (100%)   
[39.393s][info][gc,heap     ] GC(24)      Free:     1470M (72%)        1464M (71%)        1928M (94%)        2012M (98%)        2012M (98%)        1464M (71%)    
[39.393s][info][gc,heap     ] GC(24)      Used:      578M (28%)         584M (29%)         120M (6%)           36M (2%)          584M (29%)          36M (2%)     
[39.393s][info][gc,heap     ] GC(24)      Live:         -                 6M (0%)            6M (0%)            6M (0%)             -                  -          
[39.393s][info][gc,heap     ] GC(24) Allocated:         -                 6M (0%)            8M (0%)            7M (0%)             -                  -          
[39.393s][info][gc,heap     ] GC(24)   Garbage:         -               571M (28%)         105M (5%)           21M (1%)             -                  -          
[39.393s][info][gc,heap     ] GC(24) Reclaimed:         -                  -               466M (23%)         549M (27%)            -                  -          
[39.393s][info][gc          ] GC(24) Garbage Collection (Proactive) 578M(28%)->36M(2%)
[40.173s][info][gc,stats    ] === Garbage Collection Statistics =======================================================================================================================
[40.173s][info][gc,stats    ]                                                              Last 10s              Last 10m              Last 10h                Total
[40.173s][info][gc,stats    ]                                                              Avg / Max             Avg / Max             Avg / Max             Avg / Max
[40.173s][info][gc,stats    ]   Collector: Garbage Collection Cycle                     26.009 / 28.086       26.385 / 41.828       26.385 / 41.828       26.385 / 41.828      ms
[40.173s][info][gc,stats    ]  Contention: Mark Segment Reset Contention                     2 / 5                 2 / 10                2 / 10                2 / 10          ops/s
[40.173s][info][gc,stats    ]  Contention: Mark SeqNum Reset Contention                      0 / 1                 0 / 2                 0 / 2                 0 / 2           ops/s
[40.173s][info][gc,stats    ]    Critical: Allocation Stall                                  0 / 0                 0 / 0                 0 / 0                 0 / 0           ops/s
[40.173s][info][gc,stats    ]    Critical: Allocation Stall                              0.000 / 0.000         0.000 / 0.000         0.000 / 0.000         0.000 / 0.000       ms
[40.173s][info][gc,stats    ]    Critical: GC Locker Stall                                   0 / 0                 0 / 0                 0 / 0                 0 / 0           ops/s
[40.173s][info][gc,stats    ]    Critical: GC Locker Stall                               0.000 / 0.000         0.000 / 0.000         0.000 / 0.000         0.000 / 0.000       ms
[40.173s][info][gc,stats    ]    Critical: Relocation Stall                                  0 / 0                 0 / 0                 0 / 0                 0 / 0           ops/s
[40.173s][info][gc,stats    ]    Critical: Relocation Stall                              0.000 / 0.000         0.000 / 0.000         0.000 / 0.000         0.000 / 0.000       ms
[40.173s][info][gc,stats    ]      Memory: Allocation Rate                                 324 / 334             310 / 342             310 / 342             310 / 342         MB/s
[40.173s][info][gc,stats    ]      Memory: Defragment                                        0 / 0                 0 / 0                 0 / 0                 0 / 0           ops/s
[40.173s][info][gc,stats    ]      Memory: Out Of Memory                                     0 / 0                 0 / 0                 0 / 0                 0 / 0           ops/s
[40.173s][info][gc,stats    ]      Memory: Page Cache Flush                                  0 / 0                 0 / 0                 0 / 0                 0 / 0           MB/s
[40.173s][info][gc,stats    ]      Memory: Page Cache Hit L1                               170 / 179             148 / 180             148 / 180             148 / 180         ops/s
[40.173s][info][gc,stats    ]      Memory: Page Cache Hit L2                                 0 / 0                 0 / 0                 0 / 0                 0 / 0           ops/s
[40.173s][info][gc,stats    ]      Memory: Page Cache Hit L3                                 0 / 0                14 / 145              14 / 145              14 / 145         ops/s
[40.173s][info][gc,stats    ]      Memory: Page Cache Miss                                   0 / 0                 0 / 1                 0 / 1                 0 / 1           ops/s
[40.173s][info][gc,stats    ]      Memory: Uncommit                                          0 / 0                 0 / 0                 0 / 0                 0 / 0           MB/s
[40.173s][info][gc,stats    ]      Memory: Undo Object Allocation Failed                     0 / 1                 0 / 1                 0 / 1                 0 / 1           ops/s
[40.173s][info][gc,stats    ]      Memory: Undo Object Allocation Succeeded                  0 / 3                 0 / 3                 0 / 3                 0 / 3           ops/s
[40.173s][info][gc,stats    ]      Memory: Undo Page Allocation                              1 / 3                 1 / 6                 1 / 6                 1 / 6           ops/s
[40.174s][info][gc,stats    ]       Phase: Concurrent Mark                              15.793 / 19.353       15.247 / 30.725       15.247 / 30.725       15.247 / 30.725      ms
[40.174s][info][gc,stats    ]       Phase: Concurrent Mark Continue                      0.000 / 0.000         0.000 / 0.000         0.000 / 0.000         0.000 / 0.000       ms
[40.174s][info][gc,stats    ]       Phase: Concurrent Mark Free                          0.001 / 0.002         0.001 / 0.002         0.001 / 0.002         0.001 / 0.002       ms
[40.174s][info][gc,stats    ]       Phase: Concurrent Process Non-Strong References      0.969 / 1.015         1.156 / 5.203         1.156 / 5.203         1.156 / 5.203       ms
[40.174s][info][gc,stats    ]       Phase: Concurrent Relocate                           3.069 / 4.275         3.125 / 4.275         3.125 / 4.275         3.125 / 4.275       ms
[40.174s][info][gc,stats    ]       Phase: Concurrent Reset Relocation Set               0.007 / 0.013         0.008 / 0.016         0.008 / 0.016         0.008 / 0.016       ms
[40.174s][info][gc,stats    ]       Phase: Concurrent Select Relocation Set              4.962 / 7.013         5.677 / 15.037        5.677 / 15.037        5.677 / 15.037      ms
[40.174s][info][gc,stats    ]       Phase: Pause Mark End                                0.024 / 0.026         0.023 / 0.026         0.023 / 0.026         0.023 / 0.026       ms
[40.174s][info][gc,stats    ]       Phase: Pause Mark Start                              0.018 / 0.019         0.018 / 0.030         0.018 / 0.030         0.018 / 0.030       ms
[40.174s][info][gc,stats    ]       Phase: Pause Relocate Start                          0.009 / 0.010         0.009 / 0.010         0.009 / 0.010         0.009 / 0.010       ms
[40.174s][info][gc,stats    ]    Subphase: Concurrent Classes Purge                      0.021 / 0.061         0.098 / 0.832         0.098 / 0.832         0.098 / 0.832       ms
[40.174s][info][gc,stats    ]    Subphase: Concurrent Classes Unlink                     0.642 / 0.669         0.753 / 4.025         0.753 / 4.025         0.753 / 4.025       ms
[40.174s][info][gc,stats    ]    Subphase: Concurrent Mark                              13.961 / 18.341       13.248 / 23.255       13.248 / 23.255       13.248 / 23.255      ms
[40.174s][info][gc,stats    ]    Subphase: Concurrent Mark Try Flush                     0.077 / 0.105         0.071 / 0.112         0.071 / 0.112         0.071 / 0.112       ms
[40.174s][info][gc,stats    ]    Subphase: Concurrent Mark Try Terminate                 9.058 / 16.207        7.753 / 16.246        7.753 / 16.246        7.753 / 16.246      ms
[40.174s][info][gc,stats    ]    Subphase: Concurrent References Enqueue                 0.000 / 0.001         0.001 / 0.004         0.001 / 0.004         0.001 / 0.004       ms
[40.174s][info][gc,stats    ]    Subphase: Concurrent References Process                 0.046 / 0.056         0.051 / 0.075         0.051 / 0.075         0.051 / 0.075       ms
[40.174s][info][gc,stats    ]    Subphase: Concurrent Roots ClassLoaderDataGraph         0.083 / 0.656         0.092 / 0.967         0.092 / 0.967         0.092 / 0.967       ms
[40.174s][info][gc,stats    ]    Subphase: Concurrent Roots CodeCache                    0.000 / 0.000         0.000 / 0.000         0.000 / 0.000         0.000 / 0.000       ms
[40.174s][info][gc,stats    ]    Subphase: Concurrent Roots JavaThreads                  0.476 / 1.034         0.740 / 7.350         0.740 / 7.350         0.740 / 7.350       ms
[40.174s][info][gc,stats    ]    Subphase: Concurrent Roots OopStorageSet                0.019 / 0.063         0.022 / 0.273         0.022 / 0.273         0.022 / 0.273       ms
[40.174s][info][gc,stats    ]    Subphase: Concurrent Weak Roots OopStorageSet           0.137 / 0.151         0.133 / 0.165         0.133 / 0.165         0.133 / 0.165       ms
[40.174s][info][gc,stats    ]    Subphase: Pause Mark Try Complete                       0.000 / 0.000         0.000 / 0.000         0.000 / 0.000         0.000 / 0.000       ms
[40.174s][info][gc,stats    ]      System: Java Threads                                     32 / 32               30 / 37               30 / 37               30 / 37          threads
[40.174s][info][gc,stats    ] =========================================================================================================================================================
[40.968s][info][gc,start    ] GC(25) Garbage Collection (Proactive)
[40.968s][info][gc,task     ] GC(25) Using 12 workers
[40.968s][info][gc,phases   ] GC(25) Pause Mark Start 0.019ms
[40.983s][info][gc,phases   ] GC(25) Concurrent Mark 15.175ms
[40.983s][info][gc,phases   ] GC(25) Pause Mark End 0.025ms
[40.983s][info][gc,phases   ] GC(25) Concurrent Mark Free 0.001ms
[40.985s][info][gc,phases   ] GC(25) Concurrent Process Non-Strong References 1.030ms
[40.985s][info][gc,phases   ] GC(25) Concurrent Reset Relocation Set 0.010ms
[40.991s][info][gc,phases   ] GC(25) Concurrent Select Relocation Set 6.435ms
[40.991s][info][gc,phases   ] GC(25) Pause Relocate Start 0.010ms
[40.995s][info][gc,phases   ] GC(25) Concurrent Relocate 3.594ms
[40.995s][info][gc,load     ] GC(25) Load: 0.00/0.00/0.00
[40.995s][info][gc,mmu      ] GC(25) MMU: 2ms/98.5%, 5ms/99.4%, 10ms/99.6%, 20ms/99.8%, 50ms/99.9%, 100ms/99.9%
[40.995s][info][gc,marking  ] GC(25) Mark: 8 stripe(s), 3 proactive flush(es), 2 terminate flush(es), 0 completion(s), 0 continuation(s) 
[40.995s][info][gc,marking  ] GC(25) Mark Stack Usage: 32M
[40.995s][info][gc,nmethod  ] GC(25) NMethods: 1880 registered, 363 unregistered
[40.995s][info][gc,metaspace] GC(25) Metaspace: 9M used, 9M committed, 1088M reserved
[40.995s][info][gc,ref      ] GC(25) Soft: 214 encountered, 0 discovered, 0 enqueued
[40.995s][info][gc,ref      ] GC(25) Weak: 796 encountered, 23 discovered, 0 enqueued
[40.995s][info][gc,ref      ] GC(25) Final: 0 encountered, 0 discovered, 0 enqueued
[40.995s][info][gc,ref      ] GC(25) Phantom: 27 encountered, 20 discovered, 0 enqueued
[40.995s][info][gc,reloc    ] GC(25) Small Pages: 276 / 552M, Empty: 456M, Relocated: 4M, In-Place: 0
[40.995s][info][gc,reloc    ] GC(25) Medium Pages: 0 / 0M, Empty: 0M, Relocated: 0M, In-Place: 0
[40.995s][info][gc,reloc    ] GC(25) Large Pages: 0 / 0M, Empty: 0M, Relocated: 0M, In-Place: 0
[40.995s][info][gc,reloc    ] GC(25) Forwarding Usage: 2M
[40.995s][info][gc,heap     ] GC(25) Min Capacity: 8M(0%)
[40.995s][info][gc,heap     ] GC(25) Max Capacity: 2048M(100%)
[40.996s][info][gc,heap     ] GC(25) Soft Max Capacity: 2048M(100%)
[40.996s][info][gc,heap     ] GC(25)                Mark Start          Mark End        Relocate Start      Relocate End           High               Low         
[40.996s][info][gc,heap     ] GC(25)  Capacity:     2048M (100%)       2048M (100%)       2048M (100%)       2048M (100%)       2048M (100%)       2048M (100%)   
[40.996s][info][gc,heap     ] GC(25)      Free:     1496M (73%)        1490M (73%)        1942M (95%)        2012M (98%)        2012M (98%)        1488M (73%)    
[40.996s][info][gc,heap     ] GC(25)      Used:      552M (27%)         558M (27%)         106M (5%)           36M (2%)          560M (27%)          36M (2%)     
[40.996s][info][gc,heap     ] GC(25)      Live:         -                 6M (0%)            6M (0%)            6M (0%)             -                  -          
[40.996s][info][gc,heap     ] GC(25) Allocated:         -                 6M (0%)           10M (0%)            9M (0%)             -                  -          
[40.996s][info][gc,heap     ] GC(25)   Garbage:         -               545M (27%)          89M (4%)           19M (1%)             -                  -          
[40.996s][info][gc,heap     ] GC(25) Reclaimed:         -                  -               456M (22%)         525M (26%)            -                  -          
[40.996s][info][gc          ] GC(25) Garbage Collection (Proactive) 552M(27%)->36M(2%)
[42.675s][info][gc,start    ] GC(26) Garbage Collection (Proactive)
[42.675s][info][gc,task     ] GC(26) Using 12 workers
[42.676s][info][gc,phases   ] GC(26) Pause Mark Start 0.018ms
[42.691s][info][gc,phases   ] GC(26) Concurrent Mark 15.232ms
[42.691s][info][gc,phases   ] GC(26) Pause Mark End 0.025ms
[42.691s][info][gc,phases   ] GC(26) Concurrent Mark Free 0.002ms
[42.692s][info][gc,phases   ] GC(26) Concurrent Process Non-Strong References 0.987ms
[42.692s][info][gc,phases   ] GC(26) Concurrent Reset Relocation Set 0.009ms
[42.696s][info][gc,phases   ] GC(26) Concurrent Select Relocation Set 3.783ms
[42.696s][info][gc,phases   ] GC(26) Pause Relocate Start 0.009ms
[42.700s][info][gc,phases   ] GC(26) Concurrent Relocate 3.092ms
[42.700s][info][gc,load     ] GC(26) Load: 0.00/0.00/0.00
[42.700s][info][gc,mmu      ] GC(26) MMU: 2ms/98.5%, 5ms/99.4%, 10ms/99.6%, 20ms/99.8%, 50ms/99.9%, 100ms/99.9%
[42.700s][info][gc,marking  ] GC(26) Mark: 8 stripe(s), 2 proactive flush(es), 1 terminate flush(es), 0 completion(s), 0 continuation(s) 
[42.700s][info][gc,marking  ] GC(26) Mark Stack Usage: 32M
[42.700s][info][gc,nmethod  ] GC(26) NMethods: 1881 registered, 363 unregistered
[42.700s][info][gc,metaspace] GC(26) Metaspace: 9M used, 9M committed, 1088M reserved
[42.700s][info][gc,ref      ] GC(26) Soft: 214 encountered, 0 discovered, 0 enqueued
[42.700s][info][gc,ref      ] GC(26) Weak: 796 encountered, 275 discovered, 0 enqueued
[42.700s][info][gc,ref      ] GC(26) Final: 0 encountered, 0 discovered, 0 enqueued
[42.700s][info][gc,ref      ] GC(26) Phantom: 27 encountered, 23 discovered, 0 enqueued
[42.700s][info][gc,reloc    ] GC(26) Small Pages: 281 / 562M, Empty: 440M, Relocated: 4M, In-Place: 0
[42.700s][info][gc,reloc    ] GC(26) Medium Pages: 0 / 0M, Empty: 0M, Relocated: 0M, In-Place: 0
[42.700s][info][gc,reloc    ] GC(26) Large Pages: 0 / 0M, Empty: 0M, Relocated: 0M, In-Place: 0
[42.700s][info][gc,reloc    ] GC(26) Forwarding Usage: 2M
[42.700s][info][gc,heap     ] GC(26) Min Capacity: 8M(0%)
[42.700s][info][gc,heap     ] GC(26) Max Capacity: 2048M(100%)
[42.700s][info][gc,heap     ] GC(26) Soft Max Capacity: 2048M(100%)
[42.700s][info][gc,heap     ] GC(26)                Mark Start          Mark End        Relocate Start      Relocate End           High               Low         
[42.700s][info][gc,heap     ] GC(26)  Capacity:     2048M (100%)       2048M (100%)       2048M (100%)       2048M (100%)       2048M (100%)       2048M (100%)   
[42.700s][info][gc,heap     ] GC(26)      Free:     1486M (73%)        1480M (72%)        1918M (94%)        2014M (98%)        2014M (98%)        1480M (72%)    
[42.700s][info][gc,heap     ] GC(26)      Used:      562M (27%)         568M (28%)         130M (6%)           34M (2%)          568M (28%)          34M (2%)     
[42.700s][info][gc,heap     ] GC(26)      Live:         -                 6M (0%)            6M (0%)            6M (0%)             -                  -          
[42.700s][info][gc,heap     ] GC(26) Allocated:         -                 6M (0%)            8M (0%)            7M (0%)             -                  -          
[42.700s][info][gc,heap     ] GC(26)   Garbage:         -               555M (27%)         115M (6%)           19M (1%)             -                  -          
[42.701s][info][gc,heap     ] GC(26) Reclaimed:         -                  -               440M (21%)         535M (26%)            -                  -          
[42.701s][info][gc          ] GC(26) Garbage Collection (Proactive) 562M(27%)->34M(2%)
[42.833s][info][gc,start    ] GC(27) Garbage Collection (System.gc())
[42.833s][info][gc,task     ] GC(27) Using 12 workers
[42.833s][info][gc,phases   ] GC(27) Pause Mark Start 0.017ms
[42.847s][info][gc,phases   ] GC(27) Concurrent Mark 14.227ms
[42.847s][info][gc,phases   ] GC(27) Pause Mark End 0.018ms
[42.847s][info][gc,phases   ] GC(27) Concurrent Mark Free 0.001ms
[42.848s][info][gc,phases   ] GC(27) Concurrent Process Non-Strong References 0.861ms
[42.848s][info][gc,phases   ] GC(27) Concurrent Reset Relocation Set 0.009ms
[42.852s][info][gc,phases   ] GC(27) Concurrent Select Relocation Set 3.932ms
[42.852s][info][gc,phases   ] GC(27) Pause Relocate Start 0.006ms
[42.855s][info][gc,phases   ] GC(27) Concurrent Relocate 2.564ms
[42.855s][info][gc,load     ] GC(27) Load: 0.00/0.00/0.00
[42.855s][info][gc,mmu      ] GC(27) MMU: 2ms/98.5%, 5ms/99.4%, 10ms/99.6%, 20ms/99.8%, 50ms/99.9%, 100ms/99.9%
[42.855s][info][gc,marking  ] GC(27) Mark: 8 stripe(s), 1 proactive flush(es), 1 terminate flush(es), 0 completion(s), 0 continuation(s) 
[42.855s][info][gc,marking  ] GC(27) Mark Stack Usage: 32M
[42.855s][info][gc,nmethod  ] GC(27) NMethods: 1881 registered, 363 unregistered
[42.855s][info][gc,metaspace] GC(27) Metaspace: 9M used, 9M committed, 1088M reserved
[42.855s][info][gc,ref      ] GC(27) Soft: 214 encountered, 0 discovered, 0 enqueued
[42.855s][info][gc,ref      ] GC(27) Weak: 796 encountered, 76 discovered, 0 enqueued
[42.855s][info][gc,ref      ] GC(27) Final: 0 encountered, 0 discovered, 0 enqueued
[42.855s][info][gc,ref      ] GC(27) Phantom: 27 encountered, 23 discovered, 0 enqueued
[42.855s][info][gc,reloc    ] GC(27) Small Pages: 37 / 74M, Empty: 52M, Relocated: 3M, In-Place: 0
[42.855s][info][gc,reloc    ] GC(27) Medium Pages: 0 / 0M, Empty: 0M, Relocated: 0M, In-Place: 0
[42.855s][info][gc,reloc    ] GC(27) Large Pages: 0 / 0M, Empty: 0M, Relocated: 0M, In-Place: 0
[42.855s][info][gc,reloc    ] GC(27) Forwarding Usage: 1M
[42.855s][info][gc,heap     ] GC(27) Min Capacity: 8M(0%)
[42.855s][info][gc,heap     ] GC(27) Max Capacity: 2048M(100%)
[42.855s][info][gc,heap     ] GC(27) Soft Max Capacity: 2048M(100%)
[42.856s][info][gc,heap     ] GC(27)                Mark Start          Mark End        Relocate Start      Relocate End           High               Low         
[42.856s][info][gc,heap     ] GC(27)  Capacity:     2048M (100%)       2048M (100%)       2048M (100%)       2048M (100%)       2048M (100%)       2048M (100%)   
[42.856s][info][gc,heap     ] GC(27)      Free:     1974M (96%)        1974M (96%)        2026M (99%)        2026M (99%)        2026M (99%)        1974M (96%)    
[42.856s][info][gc,heap     ] GC(27)      Used:       74M (4%)           74M (4%)           22M (1%)           22M (1%)           74M (4%)           22M (1%)     
[42.856s][info][gc,heap     ] GC(27)      Live:         -                 4M (0%)            4M (0%)            4M (0%)             -                  -          
[42.856s][info][gc,heap     ] GC(27) Allocated:         -                 0M (0%)            0M (0%)            0M (0%)             -                  -          
[42.856s][info][gc,heap     ] GC(27)   Garbage:         -                69M (3%)           17M (1%)           17M (1%)             -                  -          
[42.856s][info][gc,heap     ] GC(27) Reclaimed:         -                  -                52M (3%)           52M (3%)             -                  -          
[42.856s][info][gc          ] GC(27) Garbage Collection (System.gc()) 74M(4%)->22M(1%)
[44.267s][info][gc,start    ] GC(28) Garbage Collection (Proactive)
[44.267s][info][gc,task     ] GC(28) Using 12 workers
[44.267s][info][gc,phases   ] GC(28) Pause Mark Start 0.018ms
[44.282s][info][gc,phases   ] GC(28) Concurrent Mark 15.215ms
[44.283s][info][gc,phases   ] GC(28) Pause Mark End 0.023ms
[44.283s][info][gc,phases   ] GC(28) Concurrent Mark Free 0.001ms
[44.284s][info][gc,phases   ] GC(28) Concurrent Process Non-Strong References 0.981ms
[44.284s][info][gc,phases   ] GC(28) Concurrent Reset Relocation Set 0.003ms
[44.290s][info][gc,phases   ] GC(28) Concurrent Select Relocation Set 6.525ms
[44.291s][info][gc,phases   ] GC(28) Pause Relocate Start 0.008ms
[44.294s][info][gc,phases   ] GC(28) Concurrent Relocate 3.097ms
[44.294s][info][gc,load     ] GC(28) Load: 0.00/0.00/0.00
[44.294s][info][gc,mmu      ] GC(28) MMU: 2ms/98.5%, 5ms/99.4%, 10ms/99.6%, 20ms/99.8%, 50ms/99.9%, 100ms/99.9%
[44.294s][info][gc,marking  ] GC(28) Mark: 8 stripe(s), 2 proactive flush(es), 1 terminate flush(es), 0 completion(s), 0 continuation(s) 
[44.294s][info][gc,marking  ] GC(28) Mark Stack Usage: 32M
[44.294s][info][gc,nmethod  ] GC(28) NMethods: 1884 registered, 363 unregistered
[44.294s][info][gc,metaspace] GC(28) Metaspace: 9M used, 9M committed, 1088M reserved
[44.294s][info][gc,ref      ] GC(28) Soft: 214 encountered, 0 discovered, 0 enqueued
[44.294s][info][gc,ref      ] GC(28) Weak: 796 encountered, 218 discovered, 0 enqueued
[44.294s][info][gc,ref      ] GC(28) Final: 0 encountered, 0 discovered, 0 enqueued
[44.294s][info][gc,ref      ] GC(28) Phantom: 27 encountered, 21 discovered, 0 enqueued
[44.294s][info][gc,reloc    ] GC(28) Small Pages: 243 / 486M, Empty: 304M, Relocated: 4M, In-Place: 0
[44.294s][info][gc,reloc    ] GC(28) Medium Pages: 0 / 0M, Empty: 0M, Relocated: 0M, In-Place: 0
[44.294s][info][gc,reloc    ] GC(28) Large Pages: 0 / 0M, Empty: 0M, Relocated: 0M, In-Place: 0
[44.294s][info][gc,reloc    ] GC(28) Forwarding Usage: 1M
[44.294s][info][gc,heap     ] GC(28) Min Capacity: 8M(0%)
[44.294s][info][gc,heap     ] GC(28) Max Capacity: 2048M(100%)
[44.294s][info][gc,heap     ] GC(28) Soft Max Capacity: 2048M(100%)
[44.294s][info][gc,heap     ] GC(28)                Mark Start          Mark End        Relocate Start      Relocate End           High               Low         
[44.294s][info][gc,heap     ] GC(28)  Capacity:     2048M (100%)       2048M (100%)       2048M (100%)       2048M (100%)       2048M (100%)       2048M (100%)   
[44.294s][info][gc,heap     ] GC(28)      Free:     1562M (76%)        1556M (76%)        1858M (91%)        2014M (98%)        2014M (98%)        1556M (76%)    
[44.294s][info][gc,heap     ] GC(28)      Used:      486M (24%)         492M (24%)         190M (9%)           34M (2%)          492M (24%)          34M (2%)     
[44.295s][info][gc,heap     ] GC(28)      Live:         -                 6M (0%)            6M (0%)            6M (0%)             -                  -          
[44.295s][info][gc,heap     ] GC(28) Allocated:         -                 6M (0%)            8M (0%)            7M (0%)             -                  -          
[44.295s][info][gc,heap     ] GC(28)   Garbage:         -               479M (23%)         175M (9%)           19M (1%)             -                  -          
[44.295s][info][gc,heap     ] GC(28) Reclaimed:         -                  -               304M (15%)         459M (22%)            -                  -          
[44.295s][info][gc          ] GC(28) Garbage Collection (Proactive) 486M(24%)->34M(2%)
[45.865s][info][gc,start    ] GC(29) Garbage Collection (Proactive)
[45.865s][info][gc,task     ] GC(29) Using 12 workers
[45.866s][info][gc,phases   ] GC(29) Pause Mark Start 0.018ms
[45.881s][info][gc,phases   ] GC(29) Concurrent Mark 15.206ms
[45.881s][info][gc,phases   ] GC(29) Pause Mark End 0.023ms
[45.881s][info][gc,phases   ] GC(29) Concurrent Mark Free 0.001ms
[45.882s][info][gc,phases   ] GC(29) Concurrent Process Non-Strong References 0.977ms
[45.882s][info][gc,phases   ] GC(29) Concurrent Reset Relocation Set 0.013ms
[45.889s][info][gc,phases   ] GC(29) Concurrent Select Relocation Set 6.672ms
[45.889s][info][gc,phases   ] GC(29) Pause Relocate Start 0.008ms
[45.893s][info][gc,phases   ] GC(29) Concurrent Relocate 3.802ms
[45.893s][info][gc,load     ] GC(29) Load: 0.00/0.00/0.00
[45.893s][info][gc,mmu      ] GC(29) MMU: 2ms/98.5%, 5ms/99.4%, 10ms/99.6%, 20ms/99.8%, 50ms/99.9%, 100ms/99.9%
[45.893s][info][gc,marking  ] GC(29) Mark: 8 stripe(s), 3 proactive flush(es), 1 terminate flush(es), 0 completion(s), 0 continuation(s) 
[45.893s][info][gc,marking  ] GC(29) Mark Stack Usage: 32M
[45.893s][info][gc,nmethod  ] GC(29) NMethods: 1884 registered, 363 unregistered
[45.893s][info][gc,metaspace] GC(29) Metaspace: 9M used, 9M committed, 1088M reserved
[45.893s][info][gc,ref      ] GC(29) Soft: 214 encountered, 0 discovered, 0 enqueued
[45.893s][info][gc,ref      ] GC(29) Weak: 796 encountered, 8 discovered, 0 enqueued
[45.893s][info][gc,ref      ] GC(29) Final: 0 encountered, 0 discovered, 0 enqueued
[45.893s][info][gc,ref      ] GC(29) Phantom: 27 encountered, 21 discovered, 0 enqueued
[45.893s][info][gc,reloc    ] GC(29) Small Pages: 269 / 538M, Empty: 444M, Relocated: 4M, In-Place: 0
[45.893s][info][gc,reloc    ] GC(29) Medium Pages: 0 / 0M, Empty: 0M, Relocated: 0M, In-Place: 0
[45.894s][info][gc,reloc    ] GC(29) Large Pages: 0 / 0M, Empty: 0M, Relocated: 0M, In-Place: 0
[45.894s][info][gc,reloc    ] GC(29) Forwarding Usage: 1M
[45.894s][info][gc,heap     ] GC(29) Min Capacity: 8M(0%)
[45.894s][info][gc,heap     ] GC(29) Max Capacity: 2048M(100%)
[45.894s][info][gc,heap     ] GC(29) Soft Max Capacity: 2048M(100%)
[45.894s][info][gc,heap     ] GC(29)                Mark Start          Mark End        Relocate Start      Relocate End           High               Low         
[45.894s][info][gc,heap     ] GC(29)  Capacity:     2048M (100%)       2048M (100%)       2048M (100%)       2048M (100%)       2048M (100%)       2048M (100%)   
[45.894s][info][gc,heap     ] GC(29)      Free:     1510M (74%)        1504M (73%)        1946M (95%)        2012M (98%)        2012M (98%)        1504M (73%)    
[45.894s][info][gc,heap     ] GC(29)      Used:      538M (26%)         544M (27%)         102M (5%)           36M (2%)          544M (27%)          36M (2%)     
[45.894s][info][gc,heap     ] GC(29)      Live:         -                 6M (0%)            6M (0%)            6M (0%)             -                  -          
[45.894s][info][gc,heap     ] GC(29) Allocated:         -                 6M (0%)            8M (0%)            9M (0%)             -                  -          
[45.894s][info][gc,heap     ] GC(29)   Garbage:         -               531M (26%)          87M (4%)           19M (1%)             -                  -          
[45.894s][info][gc,heap     ] GC(29) Reclaimed:         -                  -               444M (22%)         511M (25%)            -                  -          
[45.894s][info][gc          ] GC(29) Garbage Collection (Proactive) 538M(26%)->36M(2%)
[47.479s][info][gc,start    ] GC(30) Garbage Collection (Proactive)
[47.479s][info][gc,task     ] GC(30) Using 12 workers
[47.480s][info][gc,phases   ] GC(30) Pause Mark Start 0.018ms
[47.495s][info][gc,phases   ] GC(30) Concurrent Mark 15.143ms
[47.495s][info][gc,phases   ] GC(30) Pause Mark End 0.023ms
[47.495s][info][gc,phases   ] GC(30) Concurrent Mark Free 0.001ms
[47.496s][info][gc,phases   ] GC(30) Concurrent Process Non-Strong References 0.981ms
[47.496s][info][gc,phases   ] GC(30) Concurrent Reset Relocation Set 0.006ms
[47.503s][info][gc,phases   ] GC(30) Concurrent Select Relocation Set 6.806ms
[47.503s][info][gc,phases   ] GC(30) Pause Relocate Start 0.010ms
[47.507s][info][gc,phases   ] GC(30) Concurrent Relocate 3.346ms
[47.507s][info][gc,load     ] GC(30) Load: 0.00/0.00/0.00
[47.507s][info][gc,mmu      ] GC(30) MMU: 2ms/98.5%, 5ms/99.4%, 10ms/99.6%, 20ms/99.8%, 50ms/99.9%, 100ms/99.9%
[47.507s][info][gc,marking  ] GC(30) Mark: 8 stripe(s), 2 proactive flush(es), 1 terminate flush(es), 0 completion(s), 0 continuation(s) 
[47.507s][info][gc,marking  ] GC(30) Mark Stack Usage: 32M
[47.507s][info][gc,nmethod  ] GC(30) NMethods: 1884 registered, 363 unregistered
[47.507s][info][gc,metaspace] GC(30) Metaspace: 9M used, 9M committed, 1088M reserved
[47.507s][info][gc,ref      ] GC(30) Soft: 214 encountered, 0 discovered, 0 enqueued
[47.507s][info][gc,ref      ] GC(30) Weak: 796 encountered, 124 discovered, 0 enqueued
[47.507s][info][gc,ref      ] GC(30) Final: 0 encountered, 0 discovered, 0 enqueued
[47.507s][info][gc,ref      ] GC(30) Phantom: 27 encountered, 21 discovered, 0 enqueued
[47.507s][info][gc,reloc    ] GC(30) Small Pages: 282 / 564M, Empty: 428M, Relocated: 4M, In-Place: 0
[47.507s][info][gc,reloc    ] GC(30) Medium Pages: 0 / 0M, Empty: 0M, Relocated: 0M, In-Place: 0
[47.507s][info][gc,reloc    ] GC(30) Large Pages: 0 / 0M, Empty: 0M, Relocated: 0M, In-Place: 0
[47.507s][info][gc,reloc    ] GC(30) Forwarding Usage: 1M
[47.507s][info][gc,heap     ] GC(30) Min Capacity: 8M(0%)
[47.507s][info][gc,heap     ] GC(30) Max Capacity: 2048M(100%)
[47.507s][info][gc,heap     ] GC(30) Soft Max Capacity: 2048M(100%)
[47.507s][info][gc,heap     ] GC(30)                Mark Start          Mark End        Relocate Start      Relocate End           High               Low         
[47.507s][info][gc,heap     ] GC(30)  Capacity:     2048M (100%)       2048M (100%)       2048M (100%)       2048M (100%)       2048M (100%)       2048M (100%)   
[47.507s][info][gc,heap     ] GC(30)      Free:     1484M (72%)        1478M (72%)        1902M (93%)        2012M (98%)        2012M (98%)        1478M (72%)    
[47.507s][info][gc,heap     ] GC(30)      Used:      564M (28%)         570M (28%)         146M (7%)           36M (2%)          570M (28%)          36M (2%)     
[47.507s][info][gc,heap     ] GC(30)      Live:         -                 6M (0%)            6M (0%)            6M (0%)             -                  -          
[47.507s][info][gc,heap     ] GC(30) Allocated:         -                 6M (0%)           10M (0%)            9M (0%)             -                  -          
[47.507s][info][gc,heap     ] GC(30)   Garbage:         -               557M (27%)         129M (6%)           19M (1%)             -                  -          
[47.507s][info][gc,heap     ] GC(30) Reclaimed:         -                  -               428M (21%)         537M (26%)            -                  -          
[47.507s][info][gc          ] GC(30) Garbage Collection (Proactive) 564M(28%)->36M(2%)
[48.978s][info][gc,start    ] GC(31) Garbage Collection (Proactive)
[48.978s][info][gc,task     ] GC(31) Using 12 workers
[48.978s][info][gc,phases   ] GC(31) Pause Mark Start 0.018ms
[48.993s][info][gc,phases   ] GC(31) Concurrent Mark 15.146ms
[48.994s][info][gc,phases   ] GC(31) Pause Mark End 0.023ms
[48.994s][info][gc,phases   ] GC(31) Concurrent Mark Free 0.001ms
[48.995s][info][gc,phases   ] GC(31) Concurrent Process Non-Strong References 1.039ms
[48.995s][info][gc,phases   ] GC(31) Concurrent Reset Relocation Set 0.010ms
[48.999s][info][gc,phases   ] GC(31) Concurrent Select Relocation Set 3.785ms
[48.999s][info][gc,phases   ] GC(31) Pause Relocate Start 0.007ms
[49.002s][info][gc,phases   ] GC(31) Concurrent Relocate 3.241ms
[49.002s][info][gc,load     ] GC(31) Load: 0.00/0.00/0.00
[49.002s][info][gc,mmu      ] GC(31) MMU: 2ms/98.5%, 5ms/99.4%, 10ms/99.6%, 20ms/99.8%, 50ms/99.9%, 100ms/99.9%
[49.002s][info][gc,marking  ] GC(31) Mark: 8 stripe(s), 3 proactive flush(es), 1 terminate flush(es), 0 completion(s), 0 continuation(s) 
[49.002s][info][gc,marking  ] GC(31) Mark Stack Usage: 32M
[49.002s][info][gc,nmethod  ] GC(31) NMethods: 1884 registered, 363 unregistered
[49.002s][info][gc,metaspace] GC(31) Metaspace: 9M used, 9M committed, 1088M reserved
[49.002s][info][gc,ref      ] GC(31) Soft: 214 encountered, 0 discovered, 0 enqueued
[49.002s][info][gc,ref      ] GC(31) Weak: 796 encountered, 155 discovered, 0 enqueued
[49.002s][info][gc,ref      ] GC(31) Final: 0 encountered, 0 discovered, 0 enqueued
[49.002s][info][gc,ref      ] GC(31) Phantom: 27 encountered, 20 discovered, 0 enqueued
[49.002s][info][gc,reloc    ] GC(31) Small Pages: 253 / 506M, Empty: 406M, Relocated: 4M, In-Place: 0
[49.002s][info][gc,reloc    ] GC(31) Medium Pages: 0 / 0M, Empty: 0M, Relocated: 0M, In-Place: 0
[49.003s][info][gc,reloc    ] GC(31) Large Pages: 0 / 0M, Empty: 0M, Relocated: 0M, In-Place: 0
[49.003s][info][gc,reloc    ] GC(31) Forwarding Usage: 1M
[49.003s][info][gc,heap     ] GC(31) Min Capacity: 8M(0%)
[49.003s][info][gc,heap     ] GC(31) Max Capacity: 2048M(100%)
[49.003s][info][gc,heap     ] GC(31) Soft Max Capacity: 2048M(100%)
[49.003s][info][gc,heap     ] GC(31)                Mark Start          Mark End        Relocate Start      Relocate End           High               Low         
[49.003s][info][gc,heap     ] GC(31)  Capacity:     2048M (100%)       2048M (100%)       2048M (100%)       2048M (100%)       2048M (100%)       2048M (100%)   
[49.003s][info][gc,heap     ] GC(31)      Free:     1542M (75%)        1536M (75%)        1940M (95%)        2014M (98%)        2014M (98%)        1536M (75%)    
[49.003s][info][gc,heap     ] GC(31)      Used:      506M (25%)         512M (25%)         108M (5%)           34M (2%)          512M (25%)          34M (2%)     
[49.003s][info][gc,heap     ] GC(31)      Live:         -                 6M (0%)            6M (0%)            6M (0%)             -                  -          
[49.003s][info][gc,heap     ] GC(31) Allocated:         -                 6M (0%)            8M (0%)            7M (0%)             -                  -          
[49.003s][info][gc,heap     ] GC(31)   Garbage:         -               499M (24%)          93M (5%)           19M (1%)             -                  -          
[49.003s][info][gc,heap     ] GC(31) Reclaimed:         -                  -               406M (20%)         479M (23%)            -                  -          
[49.003s][info][gc          ] GC(31) Garbage Collection (Proactive) 506M(25%)->34M(2%)
[49.616s][info][gc,start    ] GC(32) Garbage Collection (System.gc())
[49.616s][info][gc,task     ] GC(32) Using 12 workers
[49.616s][info][gc,phases   ] GC(32) Pause Mark Start 0.018ms
[49.625s][info][gc,phases   ] GC(32) Concurrent Mark 8.935ms
[49.625s][info][gc,phases   ] GC(32) Pause Mark End 0.021ms
[49.625s][info][gc,phases   ] GC(32) Concurrent Mark Free 0.001ms
[49.626s][info][gc,phases   ] GC(32) Concurrent Process Non-Strong References 0.886ms
[49.626s][info][gc,phases   ] GC(32) Concurrent Reset Relocation Set 0.008ms
[49.630s][info][gc,phases   ] GC(32) Concurrent Select Relocation Set 3.875ms
[49.630s][info][gc,phases   ] GC(32) Pause Relocate Start 0.007ms
[49.633s][info][gc,phases   ] GC(32) Concurrent Relocate 2.574ms
[49.633s][info][gc,load     ] GC(32) Load: 0.00/0.00/0.00
[49.633s][info][gc,mmu      ] GC(32) MMU: 2ms/98.5%, 5ms/99.4%, 10ms/99.6%, 20ms/99.8%, 50ms/99.9%, 100ms/99.9%
[49.633s][info][gc,marking  ] GC(32) Mark: 8 stripe(s), 2 proactive flush(es), 1 terminate flush(es), 0 completion(s), 0 continuation(s) 
[49.633s][info][gc,marking  ] GC(32) Mark Stack Usage: 32M
[49.633s][info][gc,nmethod  ] GC(32) NMethods: 1890 registered, 363 unregistered
[49.633s][info][gc,metaspace] GC(32) Metaspace: 9M used, 9M committed, 1088M reserved
[49.633s][info][gc,ref      ] GC(32) Soft: 214 encountered, 0 discovered, 0 enqueued
[49.633s][info][gc,ref      ] GC(32) Weak: 796 encountered, 47 discovered, 0 enqueued
[49.633s][info][gc,ref      ] GC(32) Final: 0 encountered, 0 discovered, 0 enqueued
[49.633s][info][gc,ref      ] GC(32) Phantom: 27 encountered, 20 discovered, 0 enqueued
[49.633s][info][gc,reloc    ] GC(32) Small Pages: 111 / 222M, Empty: 204M, Relocated: 3M, In-Place: 0
[49.633s][info][gc,reloc    ] GC(32) Medium Pages: 0 / 0M, Empty: 0M, Relocated: 0M, In-Place: 0
[49.633s][info][gc,reloc    ] GC(32) Large Pages: 0 / 0M, Empty: 0M, Relocated: 0M, In-Place: 0
[49.633s][info][gc,reloc    ] GC(32) Forwarding Usage: 1M
[49.633s][info][gc,heap     ] GC(32) Min Capacity: 8M(0%)
[49.633s][info][gc,heap     ] GC(32) Max Capacity: 2048M(100%)
[49.633s][info][gc,heap     ] GC(32) Soft Max Capacity: 2048M(100%)
[49.633s][info][gc,heap     ] GC(32)                Mark Start          Mark End        Relocate Start      Relocate End           High               Low         
[49.633s][info][gc,heap     ] GC(32)  Capacity:     2048M (100%)       2048M (100%)       2048M (100%)       2048M (100%)       2048M (100%)       2048M (100%)   
[49.634s][info][gc,heap     ] GC(32)      Free:     1826M (89%)        1826M (89%)        2030M (99%)        2030M (99%)        2030M (99%)        1826M (89%)    
[49.634s][info][gc,heap     ] GC(32)      Used:      222M (11%)         222M (11%)          18M (1%)           18M (1%)          222M (11%)          18M (1%)     
[49.634s][info][gc,heap     ] GC(32)      Live:         -                 4M (0%)            4M (0%)            4M (0%)             -                  -          
[49.634s][info][gc,heap     ] GC(32) Allocated:         -                 0M (0%)            0M (0%)            0M (0%)             -                  -          
[49.634s][info][gc,heap     ] GC(32)   Garbage:         -               217M (11%)          13M (1%)           13M (1%)             -                  -          
[49.634s][info][gc,heap     ] GC(32) Reclaimed:         -                  -               204M (10%)         204M (10%)            -                  -          
[49.634s][info][gc          ] GC(32) Garbage Collection (System.gc()) 222M(11%)->18M(1%)
[50.179s][info][gc,stats    ] === Garbage Collection Statistics =======================================================================================================================
[50.179s][info][gc,stats    ]                                                              Last 10s              Last 10m              Last 10h                Total
[50.179s][info][gc,stats    ]                                                              Avg / Max             Avg / Max             Avg / Max             Avg / Max
[50.179s][info][gc,stats    ]   Collector: Garbage Collection Cycle                     24.799 / 27.858       26.000 / 41.828       26.000 / 41.828       26.000 / 41.828      ms
[50.179s][info][gc,stats    ]  Contention: Mark Segment Reset Contention                     2 / 7                 2 / 10                2 / 10                2 / 10          ops/s
[50.179s][info][gc,stats    ]  Contention: Mark SeqNum Reset Contention                      0 / 1                 0 / 2                 0 / 2                 0 / 2           ops/s
[50.179s][info][gc,stats    ]    Critical: Allocation Stall                                  0 / 0                 0 / 0                 0 / 0                 0 / 0           ops/s
[50.179s][info][gc,stats    ]    Critical: Allocation Stall                              0.000 / 0.000         0.000 / 0.000         0.000 / 0.000         0.000 / 0.000       ms
[50.179s][info][gc,stats    ]    Critical: GC Locker Stall                                   0 / 0                 0 / 0                 0 / 0                 0 / 0           ops/s
[50.179s][info][gc,stats    ]    Critical: GC Locker Stall                               0.000 / 0.000         0.000 / 0.000         0.000 / 0.000         0.000 / 0.000       ms
[50.179s][info][gc,stats    ]    Critical: Relocation Stall                                  0 / 0                 0 / 0                 0 / 0                 0 / 0           ops/s
[50.179s][info][gc,stats    ]    Critical: Relocation Stall                              0.000 / 0.000         0.000 / 0.000         0.000 / 0.000         0.000 / 0.000       ms
[50.179s][info][gc,stats    ]      Memory: Allocation Rate                                 324 / 336             313 / 342             313 / 342             313 / 342         MB/s
[50.179s][info][gc,stats    ]      Memory: Defragment                                        0 / 0                 0 / 0                 0 / 0                 0 / 0           ops/s
[50.179s][info][gc,stats    ]      Memory: Out Of Memory                                     0 / 0                 0 / 0                 0 / 0                 0 / 0           ops/s
[50.179s][info][gc,stats    ]      Memory: Page Cache Flush                                  0 / 0                 0 / 0                 0 / 0                 0 / 0           MB/s
[50.179s][info][gc,stats    ]      Memory: Page Cache Hit L1                               171 / 180             153 / 180             153 / 180             153 / 180         ops/s
[50.179s][info][gc,stats    ]      Memory: Page Cache Hit L2                                 0 / 0                 0 / 0                 0 / 0                 0 / 0           ops/s
[50.179s][info][gc,stats    ]      Memory: Page Cache Hit L3                                 0 / 0                11 / 145              11 / 145              11 / 145         ops/s
[50.179s][info][gc,stats    ]      Memory: Page Cache Miss                                   0 / 0                 0 / 1                 0 / 1                 0 / 1           ops/s
[50.180s][info][gc,stats    ]      Memory: Uncommit                                          0 / 0                 0 / 0                 0 / 0                 0 / 0           MB/s
[50.180s][info][gc,stats    ]      Memory: Undo Object Allocation Failed                     0 / 2                 0 / 2                 0 / 2                 0 / 2           ops/s
[50.180s][info][gc,stats    ]      Memory: Undo Object Allocation Succeeded                  0 / 2                 0 / 3                 0 / 3                 0 / 3           ops/s
[50.180s][info][gc,stats    ]      Memory: Undo Page Allocation                              1 / 4                 1 / 6                 1 / 6                 1 / 6           ops/s
[50.180s][info][gc,stats    ]       Phase: Concurrent Mark                              14.285 / 15.232       15.014 / 30.725       15.014 / 30.725       15.014 / 30.725      ms
[50.180s][info][gc,stats    ]       Phase: Concurrent Mark Continue                      0.000 / 0.000         0.000 / 0.000         0.000 / 0.000         0.000 / 0.000       ms
[50.180s][info][gc,stats    ]       Phase: Concurrent Mark Free                          0.001 / 0.002         0.001 / 0.002         0.001 / 0.002         0.001 / 0.002       ms
[50.180s][info][gc,stats    ]       Phase: Concurrent Process Non-Strong References      0.968 / 1.039         1.110 / 5.203         1.110 / 5.203         1.110 / 5.203       ms
[50.180s][info][gc,stats    ]       Phase: Concurrent Relocate                           3.164 / 3.802         3.135 / 4.275         3.135 / 4.275         3.135 / 4.275       ms
[50.180s][info][gc,stats    ]       Phase: Concurrent Reset Relocation Set               0.008 / 0.013         0.008 / 0.016         0.008 / 0.016         0.008 / 0.016       ms
[50.180s][info][gc,stats    ]       Phase: Concurrent Select Relocation Set              5.227 / 6.806         5.568 / 15.037        5.568 / 15.037        5.568 / 15.037      ms
[50.180s][info][gc,stats    ]       Phase: Pause Mark End                                0.023 / 0.025         0.023 / 0.026         0.023 / 0.026         0.023 / 0.026       ms
[50.180s][info][gc,stats    ]       Phase: Pause Mark Start                              0.018 / 0.019         0.018 / 0.030         0.018 / 0.030         0.018 / 0.030       ms
[50.180s][info][gc,stats    ]       Phase: Pause Relocate Start                          0.008 / 0.010         0.008 / 0.010         0.008 / 0.010         0.008 / 0.010       ms
[50.180s][info][gc,stats    ]    Subphase: Concurrent Classes Purge                      0.005 / 0.007         0.076 / 0.832         0.076 / 0.832         0.076 / 0.832       ms
[50.180s][info][gc,stats    ]    Subphase: Concurrent Classes Unlink                     0.646 / 0.701         0.727 / 4.025         0.727 / 4.025         0.727 / 4.025       ms
[50.180s][info][gc,stats    ]    Subphase: Concurrent Mark                              12.572 / 14.258       13.084 / 23.255       13.084 / 23.255       13.084 / 23.255      ms
[50.180s][info][gc,stats    ]    Subphase: Concurrent Mark Try Flush                     0.068 / 0.109         0.070 / 0.112         0.070 / 0.112         0.070 / 0.112       ms
[50.180s][info][gc,stats    ]    Subphase: Concurrent Mark Try Terminate                 7.728 / 11.095        7.747 / 16.246        7.747 / 16.246        7.747 / 16.246      ms
[50.180s][info][gc,stats    ]    Subphase: Concurrent References Enqueue                 0.000 / 0.001         0.001 / 0.004         0.001 / 0.004         0.001 / 0.004       ms
[50.180s][info][gc,stats    ]    Subphase: Concurrent References Process                 0.046 / 0.053         0.050 / 0.075         0.050 / 0.075         0.050 / 0.075       ms
[50.180s][info][gc,stats    ]    Subphase: Concurrent Roots ClassLoaderDataGraph         0.086 / 0.652         0.091 / 0.967         0.091 / 0.967         0.091 / 0.967       ms
[50.180s][info][gc,stats    ]    Subphase: Concurrent Roots CodeCache                    0.000 / 0.000         0.000 / 0.000         0.000 / 0.000         0.000 / 0.000       ms
[50.180s][info][gc,stats    ]    Subphase: Concurrent Roots JavaThreads                  0.424 / 0.966         0.663 / 7.350         0.663 / 7.350         0.663 / 7.350       ms
[50.180s][info][gc,stats    ]    Subphase: Concurrent Roots OopStorageSet                0.018 / 0.066         0.021 / 0.273         0.021 / 0.273         0.021 / 0.273       ms
[50.180s][info][gc,stats    ]    Subphase: Concurrent Weak Roots OopStorageSet           0.135 / 0.156         0.134 / 0.165         0.134 / 0.165         0.134 / 0.165       ms
[50.180s][info][gc,stats    ]    Subphase: Pause Mark Try Complete                       0.000 / 0.000         0.000 / 0.000         0.000 / 0.000         0.000 / 0.000       ms
[50.180s][info][gc,stats    ]      System: Java Threads                                     32 / 32               30 / 37               30 / 37               30 / 37          threads
[50.181s][info][gc,stats    ] =========================================================================================================================================================
[51.271s][info][gc,start    ] GC(33) Garbage Collection (Proactive)
[51.271s][info][gc,task     ] GC(33) Using 12 workers
[51.271s][info][gc,phases   ] GC(33) Pause Mark Start 0.017ms
[51.286s][info][gc,phases   ] GC(33) Concurrent Mark 15.136ms
[51.286s][info][gc,phases   ] GC(33) Pause Mark End 0.021ms
[51.286s][info][gc,phases   ] GC(33) Concurrent Mark Free 0.001ms
[51.288s][info][gc,phases   ] GC(33) Concurrent Process Non-Strong References 1.014ms
[51.288s][info][gc,phases   ] GC(33) Concurrent Reset Relocation Set 0.002ms
[51.294s][info][gc,phases   ] GC(33) Concurrent Select Relocation Set 6.305ms
[51.294s][info][gc,phases   ] GC(33) Pause Relocate Start 0.008ms
[51.297s][info][gc,phases   ] GC(33) Concurrent Relocate 3.178ms
[51.297s][info][gc,load     ] GC(33) Load: 0.00/0.00/0.00
[51.297s][info][gc,mmu      ] GC(33) MMU: 2ms/98.5%, 5ms/99.4%, 10ms/99.6%, 20ms/99.8%, 50ms/99.9%, 100ms/99.9%
[51.298s][info][gc,marking  ] GC(33) Mark: 8 stripe(s), 2 proactive flush(es), 1 terminate flush(es), 0 completion(s), 0 continuation(s) 
[51.298s][info][gc,marking  ] GC(33) Mark Stack Usage: 32M
[51.298s][info][gc,nmethod  ] GC(33) NMethods: 1890 registered, 363 unregistered
[51.298s][info][gc,metaspace] GC(33) Metaspace: 9M used, 9M committed, 1088M reserved
[51.298s][info][gc,ref      ] GC(33) Soft: 214 encountered, 0 discovered, 0 enqueued
[51.298s][info][gc,ref      ] GC(33) Weak: 796 encountered, 119 discovered, 0 enqueued
[51.298s][info][gc,ref      ] GC(33) Final: 0 encountered, 0 discovered, 0 enqueued
[51.298s][info][gc,ref      ] GC(33) Phantom: 27 encountered, 21 discovered, 0 enqueued
[51.298s][info][gc,reloc    ] GC(33) Small Pages: 263 / 526M, Empty: 388M, Relocated: 4M, In-Place: 0
[51.298s][info][gc,reloc    ] GC(33) Medium Pages: 0 / 0M, Empty: 0M, Relocated: 0M, In-Place: 0
[51.298s][info][gc,reloc    ] GC(33) Large Pages: 0 / 0M, Empty: 0M, Relocated: 0M, In-Place: 0
[51.298s][info][gc,reloc    ] GC(33) Forwarding Usage: 1M
[51.298s][info][gc,heap     ] GC(33) Min Capacity: 8M(0%)
[51.298s][info][gc,heap     ] GC(33) Max Capacity: 2048M(100%)
[51.298s][info][gc,heap     ] GC(33) Soft Max Capacity: 2048M(100%)
[51.298s][info][gc,heap     ] GC(33)                Mark Start          Mark End        Relocate Start      Relocate End           High               Low         
[51.298s][info][gc,heap     ] GC(33)  Capacity:     2048M (100%)       2048M (100%)       2048M (100%)       2048M (100%)       2048M (100%)       2048M (100%)   
[51.298s][info][gc,heap     ] GC(33)      Free:     1522M (74%)        1516M (74%)        1902M (93%)        2014M (98%)        2014M (98%)        1516M (74%)    
[51.298s][info][gc,heap     ] GC(33)      Used:      526M (26%)         532M (26%)         146M (7%)           34M (2%)          532M (26%)          34M (2%)     
[51.298s][info][gc,heap     ] GC(33)      Live:         -                 6M (0%)            6M (0%)            6M (0%)             -                  -          
[51.298s][info][gc,heap     ] GC(33) Allocated:         -                 6M (0%)            8M (0%)            7M (0%)             -                  -          
[51.298s][info][gc,heap     ] GC(33)   Garbage:         -               519M (25%)         131M (6%)           19M (1%)             -                  -          
[51.298s][info][gc,heap     ] GC(33) Reclaimed:         -                  -               388M (19%)         499M (24%)            -                  -          
[51.298s][info][gc          ] GC(33) Garbage Collection (Proactive) 526M(26%)->34M(2%)
[53.166s][info][gc,start    ] GC(34) Garbage Collection (Proactive)
[53.166s][info][gc,task     ] GC(34) Using 12 workers
[53.166s][info][gc,phases   ] GC(34) Pause Mark Start 0.019ms
[53.181s][info][gc,phases   ] GC(34) Concurrent Mark 15.208ms
[53.182s][info][gc,phases   ] GC(34) Pause Mark End 0.023ms
[53.182s][info][gc,phases   ] GC(34) Concurrent Mark Free 0.001ms
[53.183s][info][gc,phases   ] GC(34) Concurrent Process Non-Strong References 0.951ms
[53.183s][info][gc,phases   ] GC(34) Concurrent Reset Relocation Set 0.011ms
[53.190s][info][gc,phases   ] GC(34) Concurrent Select Relocation Set 7.157ms
[53.190s][info][gc,phases   ] GC(34) Pause Relocate Start 0.010ms
[53.193s][info][gc,phases   ] GC(34) Concurrent Relocate 3.408ms
[53.194s][info][gc,load     ] GC(34) Load: 0.00/0.00/0.00
[53.194s][info][gc,mmu      ] GC(34) MMU: 2ms/98.5%, 5ms/99.4%, 10ms/99.6%, 20ms/99.8%, 50ms/99.9%, 100ms/99.9%
[53.194s][info][gc,marking  ] GC(34) Mark: 8 stripe(s), 3 proactive flush(es), 1 terminate flush(es), 0 completion(s), 0 continuation(s) 
[53.194s][info][gc,marking  ] GC(34) Mark Stack Usage: 32M
[53.194s][info][gc,nmethod  ] GC(34) NMethods: 1890 registered, 363 unregistered
[53.194s][info][gc,metaspace] GC(34) Metaspace: 9M used, 9M committed, 1088M reserved
[53.194s][info][gc,ref      ] GC(34) Soft: 214 encountered, 0 discovered, 0 enqueued
[53.194s][info][gc,ref      ] GC(34) Weak: 796 encountered, 85 discovered, 0 enqueued
[53.194s][info][gc,ref      ] GC(34) Final: 0 encountered, 0 discovered, 0 enqueued
[53.194s][info][gc,ref      ] GC(34) Phantom: 27 encountered, 22 discovered, 0 enqueued
[53.194s][info][gc,reloc    ] GC(34) Small Pages: 318 / 636M, Empty: 488M, Relocated: 4M, In-Place: 0
[53.194s][info][gc,reloc    ] GC(34) Medium Pages: 0 / 0M, Empty: 0M, Relocated: 0M, In-Place: 0
[53.194s][info][gc,reloc    ] GC(34) Large Pages: 0 / 0M, Empty: 0M, Relocated: 0M, In-Place: 0
[53.194s][info][gc,reloc    ] GC(34) Forwarding Usage: 2M
[53.194s][info][gc,heap     ] GC(34) Min Capacity: 8M(0%)
[53.194s][info][gc,heap     ] GC(34) Max Capacity: 2048M(100%)
[53.194s][info][gc,heap     ] GC(34) Soft Max Capacity: 2048M(100%)
[53.194s][info][gc,heap     ] GC(34)                Mark Start          Mark End        Relocate Start      Relocate End           High               Low         
[53.194s][info][gc,heap     ] GC(34)  Capacity:     2048M (100%)       2048M (100%)       2048M (100%)       2048M (100%)       2048M (100%)       2048M (100%)   
[53.194s][info][gc,heap     ] GC(34)      Free:     1412M (69%)        1406M (69%)        1892M (92%)        2012M (98%)        2012M (98%)        1406M (69%)    
[53.194s][info][gc,heap     ] GC(34)      Used:      636M (31%)         642M (31%)         156M (8%)           36M (2%)          642M (31%)          36M (2%)     
[53.194s][info][gc,heap     ] GC(34)      Live:         -                 6M (0%)            6M (0%)            6M (0%)             -                  -          
[53.194s][info][gc,heap     ] GC(34) Allocated:         -                 6M (0%)            8M (0%)            9M (0%)             -                  -          
[53.194s][info][gc,heap     ] GC(34)   Garbage:         -               629M (31%)         141M (7%)           19M (1%)             -                  -          
[53.194s][info][gc,heap     ] GC(34) Reclaimed:         -                  -               488M (24%)         609M (30%)            -                  -          
[53.194s][info][gc          ] GC(34) Garbage Collection (Proactive) 636M(31%)->36M(2%)
[54.976s][info][gc,start    ] GC(35) Garbage Collection (Proactive)
[54.976s][info][gc,task     ] GC(35) Using 12 workers
[54.976s][info][gc,phases   ] GC(35) Pause Mark Start 0.019ms
[54.991s][info][gc,phases   ] GC(35) Concurrent Mark 15.202ms
[54.992s][info][gc,phases   ] GC(35) Pause Mark End 0.024ms
[54.992s][info][gc,phases   ] GC(35) Concurrent Mark Free 0.001ms
[54.993s][info][gc,phases   ] GC(35) Concurrent Process Non-Strong References 0.964ms
[54.993s][info][gc,phases   ] GC(35) Concurrent Reset Relocation Set 0.011ms
[55.000s][info][gc,phases   ] GC(35) Concurrent Select Relocation Set 7.229ms
[55.000s][info][gc,phases   ] GC(35) Pause Relocate Start 0.010ms
[55.004s][info][gc,phases   ] GC(35) Concurrent Relocate 3.483ms
[55.004s][info][gc,load     ] GC(35) Load: 0.00/0.00/0.00
[55.004s][info][gc,mmu      ] GC(35) MMU: 2ms/98.5%, 5ms/99.4%, 10ms/99.6%, 20ms/99.8%, 50ms/99.9%, 100ms/99.9%
[55.004s][info][gc,marking  ] GC(35) Mark: 8 stripe(s), 2 proactive flush(es), 1 terminate flush(es), 0 completion(s), 0 continuation(s) 
[55.004s][info][gc,marking  ] GC(35) Mark Stack Usage: 32M
[55.004s][info][gc,nmethod  ] GC(35) NMethods: 1890 registered, 363 unregistered
[55.004s][info][gc,metaspace] GC(35) Metaspace: 9M used, 9M committed, 1088M reserved
[55.004s][info][gc,ref      ] GC(35) Soft: 214 encountered, 0 discovered, 0 enqueued
[55.004s][info][gc,ref      ] GC(35) Weak: 796 encountered, 52 discovered, 0 enqueued
[55.004s][info][gc,ref      ] GC(35) Final: 0 encountered, 0 discovered, 0 enqueued
[55.004s][info][gc,ref      ] GC(35) Phantom: 27 encountered, 24 discovered, 0 enqueued
[55.004s][info][gc,reloc    ] GC(35) Small Pages: 302 / 604M, Empty: 472M, Relocated: 4M, In-Place: 0
[55.004s][info][gc,reloc    ] GC(35) Medium Pages: 0 / 0M, Empty: 0M, Relocated: 0M, In-Place: 0
[55.004s][info][gc,reloc    ] GC(35) Large Pages: 0 / 0M, Empty: 0M, Relocated: 0M, In-Place: 0
[55.004s][info][gc,reloc    ] GC(35) Forwarding Usage: 2M
[55.004s][info][gc,heap     ] GC(35) Min Capacity: 8M(0%)
[55.004s][info][gc,heap     ] GC(35) Max Capacity: 2048M(100%)
[55.004s][info][gc,heap     ] GC(35) Soft Max Capacity: 2048M(100%)
[55.004s][info][gc,heap     ] GC(35)                Mark Start          Mark End        Relocate Start      Relocate End           High               Low         
[55.004s][info][gc,heap     ] GC(35)  Capacity:     2048M (100%)       2048M (100%)       2048M (100%)       2048M (100%)       2048M (100%)       2048M (100%)   
[55.005s][info][gc,heap     ] GC(35)      Free:     1444M (71%)        1436M (70%)        1906M (93%)        2012M (98%)        2012M (98%)        1436M (70%)    
[55.005s][info][gc,heap     ] GC(35)      Used:      604M (29%)         612M (30%)         142M (7%)           36M (2%)          612M (30%)          36M (2%)     
[55.005s][info][gc,heap     ] GC(35)      Live:         -                 6M (0%)            6M (0%)            6M (0%)             -                  -          
[55.005s][info][gc,heap     ] GC(35) Allocated:         -                 8M (0%)           10M (0%)            9M (0%)             -                  -          
[55.005s][info][gc,heap     ] GC(35)   Garbage:         -               597M (29%)         125M (6%)           19M (1%)             -                  -          
[55.005s][info][gc,heap     ] GC(35) Reclaimed:         -                  -               472M (23%)         577M (28%)            -                  -          
[55.005s][info][gc          ] GC(35) Garbage Collection (Proactive) 604M(29%)->36M(2%)
[56.465s][info][gc,start    ] GC(36) Garbage Collection (System.gc())
[56.465s][info][gc,task     ] GC(36) Using 12 workers
[56.466s][info][gc,phases   ] GC(36) Pause Mark Start 0.017ms
[56.475s][info][gc,phases   ] GC(36) Concurrent Mark 9.796ms
[56.476s][info][gc,phases   ] GC(36) Pause Mark End 0.022ms
[56.476s][info][gc,phases   ] GC(36) Concurrent Mark Free 0.001ms
[56.477s][info][gc,phases   ] GC(36) Concurrent Process Non-Strong References 0.887ms
[56.477s][info][gc,phases   ] GC(36) Concurrent Reset Relocation Set 0.011ms
[56.481s][info][gc,phases   ] GC(36) Concurrent Select Relocation Set 3.979ms
[56.481s][info][gc,phases   ] GC(36) Pause Relocate Start 0.009ms
[56.484s][info][gc,phases   ] GC(36) Concurrent Relocate 2.896ms
[56.484s][info][gc,load     ] GC(36) Load: 0.00/0.00/0.00
[56.484s][info][gc,mmu      ] GC(36) MMU: 2ms/98.5%, 5ms/99.4%, 10ms/99.6%, 20ms/99.8%, 50ms/99.9%, 100ms/99.9%
[56.484s][info][gc,marking  ] GC(36) Mark: 8 stripe(s), 1 proactive flush(es), 1 terminate flush(es), 0 completion(s), 0 continuation(s) 
[56.484s][info][gc,marking  ] GC(36) Mark Stack Usage: 32M
[56.484s][info][gc,nmethod  ] GC(36) NMethods: 1892 registered, 363 unregistered
[56.484s][info][gc,metaspace] GC(36) Metaspace: 9M used, 9M committed, 1088M reserved
[56.484s][info][gc,ref      ] GC(36) Soft: 214 encountered, 0 discovered, 0 enqueued
[56.484s][info][gc,ref      ] GC(36) Weak: 796 encountered, 139 discovered, 0 enqueued
[56.484s][info][gc,ref      ] GC(36) Final: 0 encountered, 0 discovered, 0 enqueued
[56.484s][info][gc,ref      ] GC(36) Phantom: 27 encountered, 21 discovered, 0 enqueued
[56.484s][info][gc,reloc    ] GC(36) Small Pages: 255 / 510M, Empty: 490M, Relocated: 3M, In-Place: 0
[56.484s][info][gc,reloc    ] GC(36) Medium Pages: 0 / 0M, Empty: 0M, Relocated: 0M, In-Place: 0
[56.484s][info][gc,reloc    ] GC(36) Large Pages: 0 / 0M, Empty: 0M, Relocated: 0M, In-Place: 0
[56.484s][info][gc,reloc    ] GC(36) Forwarding Usage: 1M
[56.484s][info][gc,heap     ] GC(36) Min Capacity: 8M(0%)
[56.484s][info][gc,heap     ] GC(36) Max Capacity: 2048M(100%)
[56.484s][info][gc,heap     ] GC(36) Soft Max Capacity: 2048M(100%)
[56.484s][info][gc,heap     ] GC(36)                Mark Start          Mark End        Relocate Start      Relocate End           High               Low         
[56.484s][info][gc,heap     ] GC(36)  Capacity:     2048M (100%)       2048M (100%)       2048M (100%)       2048M (100%)       2048M (100%)       2048M (100%)   
[56.484s][info][gc,heap     ] GC(36)      Free:     1538M (75%)        1538M (75%)        2028M (99%)        2028M (99%)        2028M (99%)        1538M (75%)    
[56.484s][info][gc,heap     ] GC(36)      Used:      510M (25%)         510M (25%)          20M (1%)           20M (1%)          510M (25%)          20M (1%)     
[56.484s][info][gc,heap     ] GC(36)      Live:         -                 4M (0%)            4M (0%)            4M (0%)             -                  -          
[56.485s][info][gc,heap     ] GC(36) Allocated:         -                 0M (0%)            0M (0%)            0M (0%)             -                  -          
[56.485s][info][gc,heap     ] GC(36)   Garbage:         -               505M (25%)          15M (1%)           15M (1%)             -                  -          
[56.485s][info][gc,heap     ] GC(36) Reclaimed:         -                  -               490M (24%)         490M (24%)            -                  -          
[56.485s][info][gc          ] GC(36) Garbage Collection (System.gc()) 510M(25%)->20M(1%)
[58.272s][info][gc,start    ] GC(37) Garbage Collection (Proactive)
[58.272s][info][gc,task     ] GC(37) Using 12 workers
[58.272s][info][gc,phases   ] GC(37) Pause Mark Start 0.019ms
[58.288s][info][gc,phases   ] GC(37) Concurrent Mark 15.176ms
[58.288s][info][gc,phases   ] GC(37) Pause Mark End 0.022ms
[58.288s][info][gc,phases   ] GC(37) Concurrent Mark Free 0.001ms
[58.289s][info][gc,phases   ] GC(37) Concurrent Process Non-Strong References 0.956ms
[58.289s][info][gc,phases   ] GC(37) Concurrent Reset Relocation Set 0.002ms
[58.296s][info][gc,phases   ] GC(37) Concurrent Select Relocation Set 6.787ms
[58.296s][info][gc,phases   ] GC(37) Pause Relocate Start 0.009ms
[58.299s][info][gc,phases   ] GC(37) Concurrent Relocate 3.390ms
[58.299s][info][gc,load     ] GC(37) Load: 0.00/0.00/0.00
[58.300s][info][gc,mmu      ] GC(37) MMU: 2ms/98.5%, 5ms/99.4%, 10ms/99.6%, 20ms/99.8%, 50ms/99.9%, 100ms/99.9%
[58.300s][info][gc,marking  ] GC(37) Mark: 8 stripe(s), 2 proactive flush(es), 1 terminate flush(es), 0 completion(s), 0 continuation(s) 
[58.300s][info][gc,marking  ] GC(37) Mark Stack Usage: 32M
[58.300s][info][gc,nmethod  ] GC(37) NMethods: 1897 registered, 363 unregistered
[58.300s][info][gc,metaspace] GC(37) Metaspace: 9M used, 9M committed, 1088M reserved
[58.300s][info][gc,ref      ] GC(37) Soft: 214 encountered, 0 discovered, 0 enqueued
[58.300s][info][gc,ref      ] GC(37) Weak: 796 encountered, 74 discovered, 0 enqueued
[58.300s][info][gc,ref      ] GC(37) Final: 0 encountered, 0 discovered, 0 enqueued
[58.300s][info][gc,ref      ] GC(37) Phantom: 27 encountered, 22 discovered, 0 enqueued
[58.300s][info][gc,reloc    ] GC(37) Small Pages: 301 / 602M, Empty: 416M, Relocated: 4M, In-Place: 0
[58.300s][info][gc,reloc    ] GC(37) Medium Pages: 0 / 0M, Empty: 0M, Relocated: 0M, In-Place: 0
[58.300s][info][gc,reloc    ] GC(37) Large Pages: 0 / 0M, Empty: 0M, Relocated: 0M, In-Place: 0
[58.300s][info][gc,reloc    ] GC(37) Forwarding Usage: 2M
[58.300s][info][gc,heap     ] GC(37) Min Capacity: 8M(0%)
[58.300s][info][gc,heap     ] GC(37) Max Capacity: 2048M(100%)
[58.300s][info][gc,heap     ] GC(37) Soft Max Capacity: 2048M(100%)
[58.300s][info][gc,heap     ] GC(37)                Mark Start          Mark End        Relocate Start      Relocate End           High               Low         
[58.300s][info][gc,heap     ] GC(37)  Capacity:     2048M (100%)       2048M (100%)       2048M (100%)       2048M (100%)       2048M (100%)       2048M (100%)   
[58.300s][info][gc,heap     ] GC(37)      Free:     1446M (71%)        1440M (70%)        1852M (90%)        2012M (98%)        2012M (98%)        1438M (70%)    
[58.300s][info][gc,heap     ] GC(37)      Used:      602M (29%)         608M (30%)         196M (10%)          36M (2%)          610M (30%)          36M (2%)     
[58.300s][info][gc,heap     ] GC(37)      Live:         -                 6M (0%)            6M (0%)            6M (0%)             -                  -          
[58.300s][info][gc,heap     ] GC(37) Allocated:         -                 6M (0%)           10M (0%)            9M (0%)             -                  -          
[58.300s][info][gc,heap     ] GC(37)   Garbage:         -               595M (29%)         179M (9%)           19M (1%)             -                  -          
[58.300s][info][gc,heap     ] GC(37) Reclaimed:         -                  -               416M (20%)         575M (28%)            -                  -          
[58.300s][info][gc          ] GC(37) Garbage Collection (Proactive) 602M(29%)->36M(2%)
[60.178s][info][gc,start    ] GC(38) Garbage Collection (Proactive)
[60.178s][info][gc,stats    ] === Garbage Collection Statistics =======================================================================================================================
[60.178s][info][gc,task     ] GC(38) Using 12 workers
[60.178s][info][gc,stats    ]                                                              Last 10s              Last 10m              Last 10h                Total
[60.178s][info][gc,stats    ]                                                              Avg / Max             Avg / Max             Avg / Max             Avg / Max
[60.178s][info][gc,stats    ]   Collector: Garbage Collection Cycle                     25.804 / 28.100       25.975 / 41.828       25.975 / 41.828       25.975 / 41.828      ms
[60.178s][info][gc,stats    ]  Contention: Mark Segment Reset Contention                     1 / 7                 2 / 10                2 / 10                2 / 10          ops/s
[60.178s][info][gc,stats    ]  Contention: Mark SeqNum Reset Contention                      0 / 1                 0 / 2                 0 / 2                 0 / 2           ops/s
[60.178s][info][gc,phases   ] GC(38) Pause Mark Start 0.018ms
[60.178s][info][gc,stats    ]    Critical: Allocation Stall                                  0 / 0                 0 / 0                 0 / 0                 0 / 0           ops/s
[60.178s][info][gc,stats    ]    Critical: Allocation Stall                              0.000 / 0.000         0.000 / 0.000         0.000 / 0.000         0.000 / 0.000       ms
[60.178s][info][gc,stats    ]    Critical: GC Locker Stall                                   0 / 0                 0 / 0                 0 / 0                 0 / 0           ops/s
[60.178s][info][gc,stats    ]    Critical: GC Locker Stall                               0.000 / 0.000         0.000 / 0.000         0.000 / 0.000         0.000 / 0.000       ms
[60.178s][info][gc,stats    ]    Critical: Relocation Stall                                  0 / 0                 0 / 0                 0 / 0                 0 / 0           ops/s
[60.179s][info][gc,stats    ]    Critical: Relocation Stall                              0.000 / 0.000         0.000 / 0.000         0.000 / 0.000         0.000 / 0.000       ms
[60.179s][info][gc,stats    ]      Memory: Allocation Rate                                 323 / 332             315 / 342             315 / 342             315 / 342         MB/s
[60.179s][info][gc,stats    ]      Memory: Defragment                                        0 / 0                 0 / 0                 0 / 0                 0 / 0           ops/s
[60.179s][info][gc,stats    ]      Memory: Out Of Memory                                     0 / 0                 0 / 0                 0 / 0                 0 / 0           ops/s
[60.179s][info][gc,stats    ]      Memory: Page Cache Flush                                  0 / 0                 0 / 0                 0 / 0                 0 / 0           MB/s
[60.179s][info][gc,stats    ]      Memory: Page Cache Hit L1                               167 / 178             155 / 180             155 / 180             155 / 180         ops/s
[60.179s][info][gc,stats    ]      Memory: Page Cache Hit L2                                 0 / 0                 0 / 0                 0 / 0                 0 / 0           ops/s
[60.179s][info][gc,stats    ]      Memory: Page Cache Hit L3                                 0 / 0                 9 / 145               9 / 145               9 / 145         ops/s
[60.179s][info][gc,stats    ]      Memory: Page Cache Miss                                   0 / 0                 0 / 1                 0 / 1                 0 / 1           ops/s
[60.179s][info][gc,stats    ]      Memory: Uncommit                                          0 / 0                 0 / 0                 0 / 0                 0 / 0           MB/s
[60.179s][info][gc,stats    ]      Memory: Undo Object Allocation Failed                     0 / 2                 0 / 2                 0 / 2                 0 / 2           ops/s
[60.179s][info][gc,stats    ]      Memory: Undo Object Allocation Succeeded                  0 / 3                 0 / 3                 0 / 3                 0 / 3           ops/s
[60.179s][info][gc,stats    ]      Memory: Undo Page Allocation                              1 / 5                 1 / 6                 1 / 6                 1 / 6           ops/s
[60.179s][info][gc,stats    ]       Phase: Concurrent Mark                              14.104 / 15.208       14.894 / 30.725       14.894 / 30.725       14.894 / 30.725      ms
[60.179s][info][gc,stats    ]       Phase: Concurrent Mark Continue                      0.000 / 0.000         0.000 / 0.000         0.000 / 0.000         0.000 / 0.000       ms
[60.179s][info][gc,stats    ]       Phase: Concurrent Mark Free                          0.001 / 0.001         0.001 / 0.002         0.001 / 0.002         0.001 / 0.002       ms
[60.179s][info][gc,stats    ]       Phase: Concurrent Process Non-Strong References      0.954 / 1.014         1.090 / 5.203         1.090 / 5.203         1.090 / 5.203       ms
[60.179s][info][gc,stats    ]       Phase: Concurrent Relocate                           3.271 / 3.483         3.153 / 4.275         3.153 / 4.275         3.153 / 4.275       ms
[60.179s][info][gc,stats    ]       Phase: Concurrent Reset Relocation Set               0.007 / 0.011         0.008 / 0.016         0.008 / 0.016         0.008 / 0.016       ms
[60.179s][info][gc,stats    ]       Phase: Concurrent Select Relocation Set              6.291 / 7.229         5.663 / 15.037        5.663 / 15.037        5.663 / 15.037      ms
[60.179s][info][gc,stats    ]       Phase: Pause Mark End                                0.022 / 0.024         0.023 / 0.026         0.023 / 0.026         0.023 / 0.026       ms
[60.179s][info][gc,stats    ]       Phase: Pause Mark Start                              0.018 / 0.019         0.018 / 0.030         0.018 / 0.030         0.018 / 0.030       ms
[60.179s][info][gc,stats    ]       Phase: Pause Relocate Start                          0.009 / 0.010         0.009 / 0.010         0.009 / 0.010         0.009 / 0.010       ms
[60.179s][info][gc,stats    ]    Subphase: Concurrent Classes Purge                      0.005 / 0.006         0.067 / 0.832         0.067 / 0.832         0.067 / 0.832       ms
[60.179s][info][gc,stats    ]    Subphase: Concurrent Classes Unlink                     0.651 / 0.691         0.717 / 4.025         0.717 / 4.025         0.717 / 4.025       ms
[60.179s][info][gc,stats    ]    Subphase: Concurrent Mark                              12.368 / 14.124       12.990 / 23.255       12.990 / 23.255       12.990 / 23.255      ms
[60.179s][info][gc,stats    ]    Subphase: Concurrent Mark Try Flush                     0.069 / 0.094         0.070 / 0.112         0.070 / 0.112         0.070 / 0.112       ms
[60.179s][info][gc,stats    ]    Subphase: Concurrent Mark Try Terminate                 7.527 / 11.152        7.719 / 16.246        7.719 / 16.246        7.719 / 16.246      ms
[60.180s][info][gc,stats    ]    Subphase: Concurrent References Enqueue                 0.000 / 0.000         0.001 / 0.004         0.001 / 0.004         0.001 / 0.004       ms
[60.180s][info][gc,stats    ]    Subphase: Concurrent References Process                 0.044 / 0.049         0.049 / 0.075         0.049 / 0.075         0.049 / 0.075       ms
[60.180s][info][gc,stats    ]    Subphase: Concurrent Roots ClassLoaderDataGraph         0.086 / 0.659         0.090 / 0.967         0.090 / 0.967         0.090 / 0.967       ms
[60.180s][info][gc,stats    ]    Subphase: Concurrent Roots CodeCache                    0.000 / 0.000         0.000 / 0.000         0.000 / 0.000         0.000 / 0.000       ms
[60.180s][info][gc,stats    ]    Subphase: Concurrent Roots JavaThreads                  0.462 / 0.984         0.636 / 7.350         0.636 / 7.350         0.636 / 7.350       ms
[60.180s][info][gc,stats    ]    Subphase: Concurrent Roots OopStorageSet                0.018 / 0.061         0.021 / 0.273         0.021 / 0.273         0.021 / 0.273       ms
[60.180s][info][gc,stats    ]    Subphase: Concurrent Weak Roots OopStorageSet           0.134 / 0.151         0.134 / 0.165         0.134 / 0.165         0.134 / 0.165       ms
[60.180s][info][gc,stats    ]    Subphase: Pause Mark Try Complete                       0.000 / 0.000         0.000 / 0.000         0.000 / 0.000         0.000 / 0.000       ms
[60.180s][info][gc,stats    ]      System: Java Threads                                     32 / 32               31 / 37               31 / 37               31 / 37          threads
[60.180s][info][gc,stats    ] =========================================================================================================================================================
[60.193s][info][gc,phases   ] GC(38) Concurrent Mark 15.041ms
[60.194s][info][gc,phases   ] GC(38) Pause Mark End 0.024ms
[60.194s][info][gc,phases   ] GC(38) Concurrent Mark Free 0.001ms
[60.195s][info][gc,phases   ] GC(38) Concurrent Process Non-Strong References 0.955ms
[60.195s][info][gc,phases   ] GC(38) Concurrent Reset Relocation Set 0.015ms
[60.199s][info][gc,phases   ] GC(38) Concurrent Select Relocation Set 3.865ms
[60.199s][info][gc,phases   ] GC(38) Pause Relocate Start 0.009ms
[60.203s][info][gc,phases   ] GC(38) Concurrent Relocate 4.003ms
[60.203s][info][gc,load     ] GC(38) Load: 0.00/0.00/0.00
[60.203s][info][gc,mmu      ] GC(38) MMU: 2ms/98.5%, 5ms/99.4%, 10ms/99.6%, 20ms/99.8%, 50ms/99.9%, 100ms/99.9%
[60.203s][info][gc,marking  ] GC(38) Mark: 8 stripe(s), 3 proactive flush(es), 1 terminate flush(es), 0 completion(s), 0 continuation(s) 
[60.203s][info][gc,marking  ] GC(38) Mark Stack Usage: 32M
[60.203s][info][gc,nmethod  ] GC(38) NMethods: 1897 registered, 363 unregistered
[60.203s][info][gc,metaspace] GC(38) Metaspace: 9M used, 9M committed, 1088M reserved
[60.203s][info][gc,ref      ] GC(38) Soft: 214 encountered, 0 discovered, 0 enqueued
[60.203s][info][gc,ref      ] GC(38) Weak: 796 encountered, 34 discovered, 0 enqueued
[60.203s][info][gc,ref      ] GC(38) Final: 0 encountered, 0 discovered, 0 enqueued
[60.203s][info][gc,ref      ] GC(38) Phantom: 27 encountered, 23 discovered, 0 enqueued
[60.203s][info][gc,reloc    ] GC(38) Small Pages: 317 / 634M, Empty: 500M, Relocated: 4M, In-Place: 0
[60.203s][info][gc,reloc    ] GC(38) Medium Pages: 0 / 0M, Empty: 0M, Relocated: 0M, In-Place: 0
[60.203s][info][gc,reloc    ] GC(38) Large Pages: 0 / 0M, Empty: 0M, Relocated: 0M, In-Place: 0
[60.203s][info][gc,reloc    ] GC(38) Forwarding Usage: 2M
[60.203s][info][gc,heap     ] GC(38) Min Capacity: 8M(0%)
[60.203s][info][gc,heap     ] GC(38) Max Capacity: 2048M(100%)
[60.203s][info][gc,heap     ] GC(38) Soft Max Capacity: 2048M(100%)
[60.203s][info][gc,heap     ] GC(38)                Mark Start          Mark End        Relocate Start      Relocate End           High               Low         
[60.203s][info][gc,heap     ] GC(38)  Capacity:     2048M (100%)       2048M (100%)       2048M (100%)       2048M (100%)       2048M (100%)       2048M (100%)   
[60.204s][info][gc,heap     ] GC(38)      Free:     1414M (69%)        1408M (69%)        1906M (93%)        2012M (98%)        2012M (98%)        1408M (69%)    
[60.204s][info][gc,heap     ] GC(38)      Used:      634M (31%)         640M (31%)         142M (7%)           36M (2%)          640M (31%)          36M (2%)     
[60.204s][info][gc,heap     ] GC(38)      Live:         -                 6M (0%)            6M (0%)            6M (0%)             -                  -          
[60.204s][info][gc,heap     ] GC(38) Allocated:         -                 6M (0%)            8M (0%)            9M (0%)             -                  -          
[60.204s][info][gc,heap     ] GC(38)   Garbage:         -               627M (31%)         127M (6%)           19M (1%)             -                  -          
[60.204s][info][gc,heap     ] GC(38) Reclaimed:         -                  -               500M (24%)         607M (30%)            -                  -          
[60.204s][info][gc          ] GC(38) Garbage Collection (Proactive) 634M(31%)->36M(2%)
[61.865s][info][gc,start    ] GC(39) Garbage Collection (Proactive)
[61.865s][info][gc,task     ] GC(39) Using 12 workers
[61.865s][info][gc,phases   ] GC(39) Pause Mark Start 0.018ms
[61.880s][info][gc,phases   ] GC(39) Concurrent Mark 15.216ms
[61.881s][info][gc,phases   ] GC(39) Pause Mark End 0.022ms
[61.881s][info][gc,phases   ] GC(39) Concurrent Mark Free 0.001ms
[61.882s][info][gc,phases   ] GC(39) Concurrent Process Non-Strong References 0.915ms
[61.882s][info][gc,phases   ] GC(39) Concurrent Reset Relocation Set 0.010ms
[61.889s][info][gc,phases   ] GC(39) Concurrent Select Relocation Set 6.824ms
[61.889s][info][gc,phases   ] GC(39) Pause Relocate Start 0.008ms
[61.892s][info][gc,phases   ] GC(39) Concurrent Relocate 3.068ms
[61.892s][info][gc,load     ] GC(39) Load: 0.00/0.00/0.00
[61.892s][info][gc,mmu      ] GC(39) MMU: 2ms/98.5%, 5ms/99.4%, 10ms/99.6%, 20ms/99.8%, 50ms/99.9%, 100ms/99.9%
[61.892s][info][gc,marking  ] GC(39) Mark: 8 stripe(s), 2 proactive flush(es), 1 terminate flush(es), 0 completion(s), 0 continuation(s) 
[61.892s][info][gc,marking  ] GC(39) Mark Stack Usage: 32M
[61.892s][info][gc,nmethod  ] GC(39) NMethods: 1897 registered, 363 unregistered
[61.892s][info][gc,metaspace] GC(39) Metaspace: 9M used, 9M committed, 1088M reserved
[61.892s][info][gc,ref      ] GC(39) Soft: 214 encountered, 0 discovered, 0 enqueued
[61.892s][info][gc,ref      ] GC(39) Weak: 796 encountered, 9 discovered, 0 enqueued
[61.892s][info][gc,ref      ] GC(39) Final: 0 encountered, 0 discovered, 0 enqueued
[61.892s][info][gc,ref      ] GC(39) Phantom: 27 encountered, 24 discovered, 0 enqueued
[61.892s][info][gc,reloc    ] GC(39) Small Pages: 278 / 556M, Empty: 430M, Relocated: 4M, In-Place: 0
[61.892s][info][gc,reloc    ] GC(39) Medium Pages: 0 / 0M, Empty: 0M, Relocated: 0M, In-Place: 0
[61.892s][info][gc,reloc    ] GC(39) Large Pages: 0 / 0M, Empty: 0M, Relocated: 0M, In-Place: 0
[61.892s][info][gc,reloc    ] GC(39) Forwarding Usage: 2M
[61.892s][info][gc,heap     ] GC(39) Min Capacity: 8M(0%)
[61.892s][info][gc,heap     ] GC(39) Max Capacity: 2048M(100%)
[61.892s][info][gc,heap     ] GC(39) Soft Max Capacity: 2048M(100%)
[61.892s][info][gc,heap     ] GC(39)                Mark Start          Mark End        Relocate Start      Relocate End           High               Low         
[61.892s][info][gc,heap     ] GC(39)  Capacity:     2048M (100%)       2048M (100%)       2048M (100%)       2048M (100%)       2048M (100%)       2048M (100%)   
[61.892s][info][gc,heap     ] GC(39)      Free:     1492M (73%)        1486M (73%)        1914M (93%)        2012M (98%)        2012M (98%)        1486M (73%)    
[61.892s][info][gc,heap     ] GC(39)      Used:      556M (27%)         562M (27%)         134M (7%)           36M (2%)          562M (27%)          36M (2%)     
[61.893s][info][gc,heap     ] GC(39)      Live:         -                 6M (0%)            6M (0%)            6M (0%)             -                  -          
[61.893s][info][gc,heap     ] GC(39) Allocated:         -                 6M (0%)            8M (0%)            9M (0%)             -                  -          
[61.893s][info][gc,heap     ] GC(39)   Garbage:         -               549M (27%)         119M (6%)           19M (1%)             -                  -          
[61.893s][info][gc,heap     ] GC(39) Reclaimed:         -                  -               430M (21%)         529M (26%)            -                  -          
[61.893s][info][gc          ] GC(39) Garbage Collection (Proactive) 556M(27%)->36M(2%)
[63.292s][info][gc,start    ] GC(40) Garbage Collection (System.gc())
[63.292s][info][gc,task     ] GC(40) Using 12 workers
[63.293s][info][gc,phases   ] GC(40) Pause Mark Start 0.016ms
[63.311s][info][gc,phases   ] GC(40) Concurrent Mark 18.013ms
[63.311s][info][gc,phases   ] GC(40) Pause Mark End 0.021ms
[63.311s][info][gc,phases   ] GC(40) Concurrent Mark Free 0.001ms
[63.312s][info][gc,phases   ] GC(40) Concurrent Process Non-Strong References 0.870ms
[63.312s][info][gc,phases   ] GC(40) Concurrent Reset Relocation Set 0.009ms
[63.316s][info][gc,phases   ] GC(40) Concurrent Select Relocation Set 3.813ms
[63.316s][info][gc,phases   ] GC(40) Pause Relocate Start 0.009ms
[63.319s][info][gc,phases   ] GC(40) Concurrent Relocate 2.882ms
[63.319s][info][gc,load     ] GC(40) Load: 0.00/0.00/0.00
[63.319s][info][gc,mmu      ] GC(40) MMU: 2ms/98.5%, 5ms/99.4%, 10ms/99.6%, 20ms/99.8%, 50ms/99.9%, 100ms/99.9%
[63.319s][info][gc,marking  ] GC(40) Mark: 8 stripe(s), 1 proactive flush(es), 1 terminate flush(es), 0 completion(s), 0 continuation(s) 
[63.319s][info][gc,marking  ] GC(40) Mark Stack Usage: 32M
[63.319s][info][gc,nmethod  ] GC(40) NMethods: 1897 registered, 364 unregistered
[63.319s][info][gc,metaspace] GC(40) Metaspace: 9M used, 9M committed, 1088M reserved
[63.319s][info][gc,ref      ] GC(40) Soft: 214 encountered, 0 discovered, 0 enqueued
[63.319s][info][gc,ref      ] GC(40) Weak: 796 encountered, 50 discovered, 0 enqueued
[63.319s][info][gc,ref      ] GC(40) Final: 0 encountered, 0 discovered, 0 enqueued
[63.319s][info][gc,ref      ] GC(40) Phantom: 27 encountered, 16 discovered, 0 enqueued
[63.319s][info][gc,reloc    ] GC(40) Small Pages: 245 / 490M, Empty: 472M, Relocated: 3M, In-Place: 0
[63.319s][info][gc,reloc    ] GC(40) Medium Pages: 0 / 0M, Empty: 0M, Relocated: 0M, In-Place: 0
[63.319s][info][gc,reloc    ] GC(40) Large Pages: 0 / 0M, Empty: 0M, Relocated: 0M, In-Place: 0
[63.319s][info][gc,reloc    ] GC(40) Forwarding Usage: 1M
[63.319s][info][gc,heap     ] GC(40) Min Capacity: 8M(0%)
[63.319s][info][gc,heap     ] GC(40) Max Capacity: 2048M(100%)
[63.319s][info][gc,heap     ] GC(40) Soft Max Capacity: 2048M(100%)
[63.319s][info][gc,heap     ] GC(40)                Mark Start          Mark End        Relocate Start      Relocate End           High               Low         
[63.319s][info][gc,heap     ] GC(40)  Capacity:     2048M (100%)       2048M (100%)       2048M (100%)       2048M (100%)       2048M (100%)       2048M (100%)   
[63.320s][info][gc,heap     ] GC(40)      Free:     1558M (76%)        1558M (76%)        2030M (99%)        2030M (99%)        2030M (99%)        1558M (76%)    
[63.320s][info][gc,heap     ] GC(40)      Used:      490M (24%)         490M (24%)          18M (1%)           18M (1%)          490M (24%)          18M (1%)     
[63.320s][info][gc,heap     ] GC(40)      Live:         -                 4M (0%)            4M (0%)            4M (0%)             -                  -          
[63.320s][info][gc,heap     ] GC(40) Allocated:         -                 0M (0%)            0M (0%)            0M (0%)             -                  -          
[63.320s][info][gc,heap     ] GC(40)   Garbage:         -               485M (24%)          13M (1%)           13M (1%)             -                  -          
[63.320s][info][gc,heap     ] GC(40) Reclaimed:         -                  -               472M (23%)         472M (23%)            -                  -          
[63.320s][info][gc          ] GC(40) Garbage Collection (System.gc()) 490M(24%)->18M(1%)
[65.064s][info][gc,start    ] GC(41) Garbage Collection (Proactive)
[65.064s][info][gc,task     ] GC(41) Using 12 workers
[65.065s][info][gc,phases   ] GC(41) Pause Mark Start 0.018ms
[65.080s][info][gc,phases   ] GC(41) Concurrent Mark 15.097ms
[65.080s][info][gc,phases   ] GC(41) Pause Mark End 0.025ms
[65.080s][info][gc,phases   ] GC(41) Concurrent Mark Free 0.001ms
[65.081s][info][gc,phases   ] GC(41) Concurrent Process Non-Strong References 0.995ms
[65.081s][info][gc,phases   ] GC(41) Concurrent Reset Relocation Set 0.002ms
[65.088s][info][gc,phases   ] GC(41) Concurrent Select Relocation Set 6.667ms
[65.088s][info][gc,phases   ] GC(41) Pause Relocate Start 0.010ms
[65.092s][info][gc,phases   ] GC(41) Concurrent Relocate 3.443ms
[65.092s][info][gc,load     ] GC(41) Load: 0.00/0.00/0.00
[65.092s][info][gc,mmu      ] GC(41) MMU: 2ms/98.5%, 5ms/99.4%, 10ms/99.6%, 20ms/99.8%, 50ms/99.9%, 100ms/99.9%
[65.092s][info][gc,marking  ] GC(41) Mark: 8 stripe(s), 2 proactive flush(es), 1 terminate flush(es), 0 completion(s), 0 continuation(s) 
[65.092s][info][gc,marking  ] GC(41) Mark Stack Usage: 32M
[65.092s][info][gc,nmethod  ] GC(41) NMethods: 1898 registered, 365 unregistered
[65.092s][info][gc,metaspace] GC(41) Metaspace: 9M used, 9M committed, 1088M reserved
[65.092s][info][gc,ref      ] GC(41) Soft: 214 encountered, 0 discovered, 0 enqueued
[65.092s][info][gc,ref      ] GC(41) Weak: 796 encountered, 157 discovered, 0 enqueued
[65.092s][info][gc,ref      ] GC(41) Final: 0 encountered, 0 discovered, 0 enqueued
[65.092s][info][gc,ref      ] GC(41) Phantom: 27 encountered, 21 discovered, 0 enqueued
[65.092s][info][gc,reloc    ] GC(41) Small Pages: 297 / 594M, Empty: 402M, Relocated: 4M, In-Place: 0
[65.092s][info][gc,reloc    ] GC(41) Medium Pages: 0 / 0M, Empty: 0M, Relocated: 0M, In-Place: 0
[65.092s][info][gc,reloc    ] GC(41) Large Pages: 0 / 0M, Empty: 0M, Relocated: 0M, In-Place: 0
[65.092s][info][gc,reloc    ] GC(41) Forwarding Usage: 2M
[65.092s][info][gc,heap     ] GC(41) Min Capacity: 8M(0%)
[65.092s][info][gc,heap     ] GC(41) Max Capacity: 2048M(100%)
[65.092s][info][gc,heap     ] GC(41) Soft Max Capacity: 2048M(100%)
[65.092s][info][gc,heap     ] GC(41)                Mark Start          Mark End        Relocate Start      Relocate End           High               Low         
[65.092s][info][gc,heap     ] GC(41)  Capacity:     2048M (100%)       2048M (100%)       2048M (100%)       2048M (100%)       2048M (100%)       2048M (100%)   
[65.092s][info][gc,heap     ] GC(41)      Free:     1454M (71%)        1448M (71%)        1846M (90%)        2012M (98%)        2012M (98%)        1446M (71%)    
[65.092s][info][gc,heap     ] GC(41)      Used:      594M (29%)         600M (29%)         202M (10%)          36M (2%)          602M (29%)          36M (2%)     
[65.093s][info][gc,heap     ] GC(41)      Live:         -                 6M (0%)            6M (0%)            6M (0%)             -                  -          
[65.093s][info][gc,heap     ] GC(41) Allocated:         -                 6M (0%)           10M (0%)            9M (0%)             -                  -          
[65.093s][info][gc,heap     ] GC(41)   Garbage:         -               587M (29%)         185M (9%)           19M (1%)             -                  -          
[65.093s][info][gc,heap     ] GC(41) Reclaimed:         -                  -               402M (20%)         567M (28%)            -                  -          
[65.093s][info][gc          ] GC(41) Garbage Collection (Proactive) 594M(29%)->36M(2%)
[66.775s][info][gc,start    ] GC(42) Garbage Collection (Proactive)
[66.775s][info][gc,task     ] GC(42) Using 12 workers
[66.775s][info][gc,phases   ] GC(42) Pause Mark Start 0.018ms
[66.790s][info][gc,phases   ] GC(42) Concurrent Mark 15.180ms
[66.790s][info][gc,phases   ] GC(42) Pause Mark End 0.024ms
[66.790s][info][gc,phases   ] GC(42) Concurrent Mark Free 0.001ms
[66.791s][info][gc,phases   ] GC(42) Concurrent Process Non-Strong References 0.955ms
[66.791s][info][gc,phases   ] GC(42) Concurrent Reset Relocation Set 0.014ms
[66.795s][info][gc,phases   ] GC(42) Concurrent Select Relocation Set 3.877ms
[66.796s][info][gc,phases   ] GC(42) Pause Relocate Start 0.008ms
[66.799s][info][gc,phases   ] GC(42) Concurrent Relocate 3.506ms
[66.799s][info][gc,load     ] GC(42) Load: 0.00/0.00/0.00
[66.799s][info][gc,mmu      ] GC(42) MMU: 2ms/98.5%, 5ms/99.4%, 10ms/99.6%, 20ms/99.8%, 50ms/99.9%, 100ms/99.9%
[66.799s][info][gc,marking  ] GC(42) Mark: 8 stripe(s), 4 proactive flush(es), 2 terminate flush(es), 0 completion(s), 0 continuation(s) 
[66.799s][info][gc,marking  ] GC(42) Mark Stack Usage: 32M
[66.799s][info][gc,nmethod  ] GC(42) NMethods: 1898 registered, 365 unregistered
[66.799s][info][gc,metaspace] GC(42) Metaspace: 9M used, 9M committed, 1088M reserved
[66.799s][info][gc,ref      ] GC(42) Soft: 214 encountered, 0 discovered, 0 enqueued
[66.799s][info][gc,ref      ] GC(42) Weak: 796 encountered, 88 discovered, 0 enqueued
[66.799s][info][gc,ref      ] GC(42) Final: 0 encountered, 0 discovered, 0 enqueued
[66.799s][info][gc,ref      ] GC(42) Phantom: 27 encountered, 18 discovered, 0 enqueued
[66.799s][info][gc,reloc    ] GC(42) Small Pages: 293 / 586M, Empty: 416M, Relocated: 4M, In-Place: 0
[66.800s][info][gc,reloc    ] GC(42) Medium Pages: 0 / 0M, Empty: 0M, Relocated: 0M, In-Place: 0
[66.800s][info][gc,reloc    ] GC(42) Large Pages: 0 / 0M, Empty: 0M, Relocated: 0M, In-Place: 0
[66.800s][info][gc,reloc    ] GC(42) Forwarding Usage: 2M
[66.800s][info][gc,heap     ] GC(42) Min Capacity: 8M(0%)
[66.800s][info][gc,heap     ] GC(42) Max Capacity: 2048M(100%)
[66.800s][info][gc,heap     ] GC(42) Soft Max Capacity: 2048M(100%)
[66.800s][info][gc,heap     ] GC(42)                Mark Start          Mark End        Relocate Start      Relocate End           High               Low         
[66.800s][info][gc,heap     ] GC(42)  Capacity:     2048M (100%)       2048M (100%)       2048M (100%)       2048M (100%)       2048M (100%)       2048M (100%)   
[66.800s][info][gc,heap     ] GC(42)      Free:     1462M (71%)        1456M (71%)        1870M (91%)        2012M (98%)        2012M (98%)        1454M (71%)    
[66.800s][info][gc,heap     ] GC(42)      Used:      586M (29%)         592M (29%)         178M (9%)           36M (2%)          594M (29%)          36M (2%)     
[66.800s][info][gc,heap     ] GC(42)      Live:         -                 6M (0%)            6M (0%)            6M (0%)             -                  -          
[66.800s][info][gc,heap     ] GC(42) Allocated:         -                 6M (0%)            8M (0%)            9M (0%)             -                  -          
[66.800s][info][gc,heap     ] GC(42)   Garbage:         -               579M (28%)         163M (8%)           19M (1%)             -                  -          
[66.800s][info][gc,heap     ] GC(42) Reclaimed:         -                  -               416M (20%)         559M (27%)            -                  -          
[66.800s][info][gc          ] GC(42) Garbage Collection (Proactive) 586M(29%)->36M(2%)
[68.375s][info][gc,start    ] GC(43) Garbage Collection (Proactive)
[68.375s][info][gc,task     ] GC(43) Using 12 workers
[68.375s][info][gc,phases   ] GC(43) Pause Mark Start 0.018ms
[68.391s][info][gc,phases   ] GC(43) Concurrent Mark 15.174ms
[68.391s][info][gc,phases   ] GC(43) Pause Mark End 0.022ms
[68.391s][info][gc,phases   ] GC(43) Concurrent Mark Free 0.001ms
[68.392s][info][gc,phases   ] GC(43) Concurrent Process Non-Strong References 0.984ms
[68.392s][info][gc,phases   ] GC(43) Concurrent Reset Relocation Set 0.016ms
[68.399s][info][gc,phases   ] GC(43) Concurrent Select Relocation Set 6.979ms
[68.399s][info][gc,phases   ] GC(43) Pause Relocate Start 0.007ms
[68.403s][info][gc,phases   ] GC(43) Concurrent Relocate 3.509ms
[68.403s][info][gc,load     ] GC(43) Load: 0.00/0.00/0.00
[68.403s][info][gc,mmu      ] GC(43) MMU: 2ms/98.5%, 5ms/99.4%, 10ms/99.6%, 20ms/99.8%, 50ms/99.9%, 100ms/99.9%
[68.403s][info][gc,marking  ] GC(43) Mark: 8 stripe(s), 2 proactive flush(es), 1 terminate flush(es), 0 completion(s), 0 continuation(s) 
[68.403s][info][gc,marking  ] GC(43) Mark Stack Usage: 32M
[68.403s][info][gc,nmethod  ] GC(43) NMethods: 1898 registered, 365 unregistered
[68.403s][info][gc,metaspace] GC(43) Metaspace: 9M used, 9M committed, 1088M reserved
[68.403s][info][gc,ref      ] GC(43) Soft: 214 encountered, 0 discovered, 0 enqueued
[68.403s][info][gc,ref      ] GC(43) Weak: 796 encountered, 140 discovered, 0 enqueued
[68.403s][info][gc,ref      ] GC(43) Final: 0 encountered, 0 discovered, 0 enqueued
[68.403s][info][gc,ref      ] GC(43) Phantom: 27 encountered, 23 discovered, 0 enqueued
[68.403s][info][gc,reloc    ] GC(43) Small Pages: 267 / 534M, Empty: 408M, Relocated: 4M, In-Place: 0
[68.403s][info][gc,reloc    ] GC(43) Medium Pages: 0 / 0M, Empty: 0M, Relocated: 0M, In-Place: 0
[68.403s][info][gc,reloc    ] GC(43) Large Pages: 0 / 0M, Empty: 0M, Relocated: 0M, In-Place: 0
[68.403s][info][gc,reloc    ] GC(43) Forwarding Usage: 2M
[68.403s][info][gc,heap     ] GC(43) Min Capacity: 8M(0%)
[68.403s][info][gc,heap     ] GC(43) Max Capacity: 2048M(100%)
[68.403s][info][gc,heap     ] GC(43) Soft Max Capacity: 2048M(100%)
[68.403s][info][gc,heap     ] GC(43)                Mark Start          Mark End        Relocate Start      Relocate End           High               Low         
[68.403s][info][gc,heap     ] GC(43)  Capacity:     2048M (100%)       2048M (100%)       2048M (100%)       2048M (100%)       2048M (100%)       2048M (100%)   
[68.403s][info][gc,heap     ] GC(43)      Free:     1514M (74%)        1508M (74%)        1912M (93%)        2012M (98%)        2012M (98%)        1506M (74%)    
[68.403s][info][gc,heap     ] GC(43)      Used:      534M (26%)         540M (26%)         136M (7%)           36M (2%)          542M (26%)          36M (2%)     
[68.404s][info][gc,heap     ] GC(43)      Live:         -                 6M (0%)            6M (0%)            6M (0%)             -                  -          
[68.404s][info][gc,heap     ] GC(43) Allocated:         -                 6M (0%)           10M (0%)            9M (0%)             -                  -          
[68.404s][info][gc,heap     ] GC(43)   Garbage:         -               527M (26%)         119M (6%)           19M (1%)             -                  -          
[68.404s][info][gc,heap     ] GC(43) Reclaimed:         -                  -               408M (20%)         507M (25%)            -                  -          
[68.404s][info][gc          ] GC(43) Garbage Collection (Proactive) 534M(26%)->36M(2%)
[70.027s][info][gc,start    ] GC(44) Garbage Collection (System.gc())
[70.027s][info][gc,task     ] GC(44) Using 12 workers
[70.027s][info][gc,phases   ] GC(44) Pause Mark Start 0.019ms
[70.038s][info][gc,phases   ] GC(44) Concurrent Mark 10.482ms
[70.038s][info][gc,phases   ] GC(44) Pause Mark End 0.019ms
[70.038s][info][gc,phases   ] GC(44) Concurrent Mark Free 0.001ms
[70.039s][info][gc,phases   ] GC(44) Concurrent Process Non-Strong References 0.917ms
[70.039s][info][gc,phases   ] GC(44) Concurrent Reset Relocation Set 0.010ms
[70.043s][info][gc,phases   ] GC(44) Concurrent Select Relocation Set 3.902ms
[70.043s][info][gc,phases   ] GC(44) Pause Relocate Start 0.007ms
[70.046s][info][gc,phases   ] GC(44) Concurrent Relocate 2.936ms
[70.046s][info][gc,load     ] GC(44) Load: 0.00/0.00/0.00
[70.046s][info][gc,mmu      ] GC(44) MMU: 2ms/98.5%, 5ms/99.4%, 10ms/99.6%, 20ms/99.8%, 50ms/99.9%, 100ms/99.9%
[70.046s][info][gc,marking  ] GC(44) Mark: 8 stripe(s), 1 proactive flush(es), 1 terminate flush(es), 0 completion(s), 0 continuation(s) 
[70.046s][info][gc,marking  ] GC(44) Mark Stack Usage: 32M
[70.046s][info][gc,nmethod  ] GC(44) NMethods: 1898 registered, 365 unregistered
[70.046s][info][gc,metaspace] GC(44) Metaspace: 9M used, 9M committed, 1088M reserved
[70.046s][info][gc,ref      ] GC(44) Soft: 214 encountered, 0 discovered, 0 enqueued
[70.046s][info][gc,ref      ] GC(44) Weak: 796 encountered, 98 discovered, 0 enqueued
[70.046s][info][gc,ref      ] GC(44) Final: 0 encountered, 0 discovered, 0 enqueued
[70.046s][info][gc,ref      ] GC(44) Phantom: 27 encountered, 19 discovered, 0 enqueued
[70.046s][info][gc,reloc    ] GC(44) Small Pages: 281 / 562M, Empty: 542M, Relocated: 3M, In-Place: 0
[70.046s][info][gc,reloc    ] GC(44) Medium Pages: 0 / 0M, Empty: 0M, Relocated: 0M, In-Place: 0
[70.046s][info][gc,reloc    ] GC(44) Large Pages: 0 / 0M, Empty: 0M, Relocated: 0M, In-Place: 0
[70.046s][info][gc,reloc    ] GC(44) Forwarding Usage: 1M
[70.046s][info][gc,heap     ] GC(44) Min Capacity: 8M(0%)
[70.046s][info][gc,heap     ] GC(44) Max Capacity: 2048M(100%)
[70.046s][info][gc,heap     ] GC(44) Soft Max Capacity: 2048M(100%)
[70.046s][info][gc,heap     ] GC(44)                Mark Start          Mark End        Relocate Start      Relocate End           High               Low         
[70.046s][info][gc,heap     ] GC(44)  Capacity:     2048M (100%)       2048M (100%)       2048M (100%)       2048M (100%)       2048M (100%)       2048M (100%)   
[70.047s][info][gc,heap     ] GC(44)      Free:     1486M (73%)        1486M (73%)        2028M (99%)        2028M (99%)        2028M (99%)        1486M (73%)    
[70.047s][info][gc,heap     ] GC(44)      Used:      562M (27%)         562M (27%)          20M (1%)           20M (1%)          562M (27%)          20M (1%)     
[70.047s][info][gc,heap     ] GC(44)      Live:         -                 4M (0%)            4M (0%)            4M (0%)             -                  -          
[70.047s][info][gc,heap     ] GC(44) Allocated:         -                 0M (0%)            0M (0%)            0M (0%)             -                  -          
[70.047s][info][gc,heap     ] GC(44)   Garbage:         -               557M (27%)          15M (1%)           15M (1%)             -                  -          
[70.047s][info][gc,heap     ] GC(44) Reclaimed:         -                  -               542M (26%)         542M (26%)            -                  -          
[70.047s][info][gc          ] GC(44) Garbage Collection (System.gc()) 562M(27%)->20M(1%)
[70.178s][info][gc,stats    ] === Garbage Collection Statistics =======================================================================================================================
[70.178s][info][gc,stats    ]                                                              Last 10s              Last 10m              Last 10h                Total
[70.178s][info][gc,stats    ]                                                              Avg / Max             Avg / Max             Avg / Max             Avg / Max
[70.178s][info][gc,stats    ]   Collector: Garbage Collection Cycle                     25.493 / 27.915       25.900 / 41.828       25.900 / 41.828       25.900 / 41.828      ms
[70.178s][info][gc,stats    ]  Contention: Mark Segment Reset Contention                     1 / 6                 2 / 10                2 / 10                2 / 10          ops/s
[70.179s][info][gc,stats    ]  Contention: Mark SeqNum Reset Contention                      0 / 1                 0 / 2                 0 / 2                 0 / 2           ops/s
[70.179s][info][gc,stats    ]    Critical: Allocation Stall                                  0 / 0                 0 / 0                 0 / 0                 0 / 0           ops/s
[70.179s][info][gc,stats    ]    Critical: Allocation Stall                              0.000 / 0.000         0.000 / 0.000         0.000 / 0.000         0.000 / 0.000       ms
[70.179s][info][gc,stats    ]    Critical: GC Locker Stall                                   0 / 0                 0 / 0                 0 / 0                 0 / 0           ops/s
[70.179s][info][gc,stats    ]    Critical: GC Locker Stall                               0.000 / 0.000         0.000 / 0.000         0.000 / 0.000         0.000 / 0.000       ms
[70.179s][info][gc,stats    ]    Critical: Relocation Stall                                  0 / 0                 0 / 0                 0 / 0                 0 / 0           ops/s
[70.179s][info][gc,stats    ]    Critical: Relocation Stall                              0.000 / 0.000         0.000 / 0.000         0.000 / 0.000         0.000 / 0.000       ms
[70.179s][info][gc,stats    ]      Memory: Allocation Rate                                 325 / 332             316 / 342             316 / 342             316 / 342         MB/s
[70.179s][info][gc,stats    ]      Memory: Defragment                                        0 / 0                 0 / 0                 0 / 0                 0 / 0           ops/s
[70.179s][info][gc,stats    ]      Memory: Out Of Memory                                     0 / 0                 0 / 0                 0 / 0                 0 / 0           ops/s
[70.179s][info][gc,stats    ]      Memory: Page Cache Flush                                  0 / 0                 0 / 0                 0 / 0                 0 / 0           MB/s
[70.179s][info][gc,stats    ]      Memory: Page Cache Hit L1                               170 / 178             157 / 180             157 / 180             157 / 180         ops/s
[70.179s][info][gc,stats    ]      Memory: Page Cache Hit L2                                 0 / 0                 0 / 0                 0 / 0                 0 / 0           ops/s
[70.179s][info][gc,stats    ]      Memory: Page Cache Hit L3                                 0 / 0                 8 / 145               8 / 145               8 / 145         ops/s
[70.179s][info][gc,stats    ]      Memory: Page Cache Miss                                   0 / 0                 0 / 1                 0 / 1                 0 / 1           ops/s
[70.179s][info][gc,stats    ]      Memory: Uncommit                                          0 / 0                 0 / 0                 0 / 0                 0 / 0           MB/s
[70.179s][info][gc,stats    ]      Memory: Undo Object Allocation Failed                     0 / 1                 0 / 2                 0 / 2                 0 / 2           ops/s
[70.179s][info][gc,stats    ]      Memory: Undo Object Allocation Succeeded                  0 / 1                 0 / 3                 0 / 3                 0 / 3           ops/s
[70.179s][info][gc,stats    ]      Memory: Undo Page Allocation                              1 / 3                 1 / 6                 1 / 6                 1 / 6           ops/s
[70.179s][info][gc,stats    ]       Phase: Concurrent Mark                              14.886 / 18.013       14.893 / 30.725       14.893 / 30.725       14.893 / 30.725      ms
[70.179s][info][gc,stats    ]       Phase: Concurrent Mark Continue                      0.000 / 0.000         0.000 / 0.000         0.000 / 0.000         0.000 / 0.000       ms
[70.179s][info][gc,stats    ]       Phase: Concurrent Mark Free                          0.001 / 0.001         0.001 / 0.002         0.001 / 0.002         0.001 / 0.002       ms
[70.179s][info][gc,stats    ]       Phase: Concurrent Process Non-Strong References      0.942 / 0.995         1.067 / 5.203         1.067 / 5.203         1.067 / 5.203       ms
[70.179s][info][gc,stats    ]       Phase: Concurrent Relocate                           3.335 / 4.003         3.181 / 4.275         3.181 / 4.275         3.181 / 4.275       ms
[70.179s][info][gc,stats    ]       Phase: Concurrent Reset Relocation Set               0.011 / 0.016         0.008 / 0.016         0.008 / 0.016         0.008 / 0.016       ms
[70.179s][info][gc,stats    ]       Phase: Concurrent Select Relocation Set              5.132 / 6.979         5.581 / 15.037        5.581 / 15.037        5.581 / 15.037      ms
[70.179s][info][gc,stats    ]       Phase: Pause Mark End                                0.023 / 0.025         0.023 / 0.026         0.023 / 0.026         0.023 / 0.026       ms
[70.179s][info][gc,stats    ]       Phase: Pause Mark Start                              0.018 / 0.019         0.018 / 0.030         0.018 / 0.030         0.018 / 0.030       ms
[70.179s][info][gc,stats    ]       Phase: Pause Relocate Start                          0.008 / 0.010         0.009 / 0.010         0.009 / 0.010         0.009 / 0.010       ms
[70.180s][info][gc,stats    ]    Subphase: Concurrent Classes Purge                      0.008 / 0.017         0.057 / 0.832         0.057 / 0.832         0.057 / 0.832       ms
[70.180s][info][gc,stats    ]    Subphase: Concurrent Classes Unlink                     0.635 / 0.663         0.705 / 4.025         0.705 / 4.025         0.705 / 4.025       ms
[70.180s][info][gc,stats    ]    Subphase: Concurrent Mark                              13.181 / 17.019       13.020 / 23.255       13.020 / 23.255       13.020 / 23.255      ms
[70.180s][info][gc,stats    ]    Subphase: Concurrent Mark Try Flush                     0.071 / 0.102         0.070 / 0.112         0.070 / 0.112         0.070 / 0.112       ms
[70.180s][info][gc,stats    ]    Subphase: Concurrent Mark Try Terminate                 8.542 / 14.467        7.845 / 16.246        7.845 / 16.246        7.845 / 16.246      ms
[70.180s][info][gc,stats    ]    Subphase: Concurrent References Enqueue                 0.000 / 0.000         0.001 / 0.004         0.001 / 0.004         0.001 / 0.004       ms
[70.180s][info][gc,stats    ]    Subphase: Concurrent References Process                 0.043 / 0.051         0.048 / 0.075         0.048 / 0.075         0.048 / 0.075       ms
[70.180s][info][gc,stats    ]    Subphase: Concurrent Roots ClassLoaderDataGraph         0.084 / 0.651         0.089 / 0.967         0.089 / 0.967         0.089 / 0.967       ms
[70.180s][info][gc,stats    ]    Subphase: Concurrent Roots CodeCache                    0.000 / 0.000         0.000 / 0.000         0.000 / 0.000         0.000 / 0.000       ms
[70.180s][info][gc,stats    ]    Subphase: Concurrent Roots JavaThreads                  0.476 / 1.008         0.611 / 7.350         0.611 / 7.350         0.611 / 7.350       ms
[70.180s][info][gc,stats    ]    Subphase: Concurrent Roots OopStorageSet                0.016 / 0.057         0.020 / 0.273         0.020 / 0.273         0.020 / 0.273       ms
[70.180s][info][gc,stats    ]    Subphase: Concurrent Weak Roots OopStorageSet           0.132 / 0.160         0.133 / 0.165         0.133 / 0.165         0.133 / 0.165       ms
[70.180s][info][gc,stats    ]    Subphase: Pause Mark Try Complete                       0.000 / 0.000         0.000 / 0.000         0.000 / 0.000         0.000 / 0.000       ms
[70.180s][info][gc,stats    ]      System: Java Threads                                     32 / 32               31 / 37               31 / 37               31 / 37          threads
[70.180s][info][gc,stats    ] =========================================================================================================================================================
[71.779s][info][gc,start    ] GC(45) Garbage Collection (Proactive)
[71.779s][info][gc,task     ] GC(45) Using 12 workers
[71.779s][info][gc,phases   ] GC(45) Pause Mark Start 0.018ms
[71.794s][info][gc,phases   ] GC(45) Concurrent Mark 15.159ms
[71.794s][info][gc,phases   ] GC(45) Pause Mark End 0.025ms
[71.795s][info][gc,phases   ] GC(45) Concurrent Mark Free 0.001ms
[71.796s][info][gc,phases   ] GC(45) Concurrent Process Non-Strong References 0.986ms
[71.796s][info][gc,phases   ] GC(45) Concurrent Reset Relocation Set 0.001ms
[71.802s][info][gc,phases   ] GC(45) Concurrent Select Relocation Set 6.605ms
[71.802s][info][gc,phases   ] GC(45) Pause Relocate Start 0.010ms
[71.806s][info][gc,phases   ] GC(45) Concurrent Relocate 3.407ms
[71.806s][info][gc,load     ] GC(45) Load: 0.00/0.00/0.00
[71.806s][info][gc,mmu      ] GC(45) MMU: 2ms/98.5%, 5ms/99.4%, 10ms/99.6%, 20ms/99.8%, 50ms/99.9%, 100ms/99.9%
[71.806s][info][gc,marking  ] GC(45) Mark: 8 stripe(s), 2 proactive flush(es), 1 terminate flush(es), 0 completion(s), 0 continuation(s) 
[71.806s][info][gc,marking  ] GC(45) Mark Stack Usage: 32M
[71.806s][info][gc,nmethod  ] GC(45) NMethods: 1899 registered, 366 unregistered
[71.806s][info][gc,metaspace] GC(45) Metaspace: 9M used, 9M committed, 1088M reserved
[71.806s][info][gc,ref      ] GC(45) Soft: 214 encountered, 0 discovered, 0 enqueued
[71.806s][info][gc,ref      ] GC(45) Weak: 796 encountered, 106 discovered, 0 enqueued
[71.806s][info][gc,ref      ] GC(45) Final: 0 encountered, 0 discovered, 0 enqueued
[71.806s][info][gc,ref      ] GC(45) Phantom: 27 encountered, 21 discovered, 0 enqueued
[71.806s][info][gc,reloc    ] GC(45) Small Pages: 287 / 574M, Empty: 412M, Relocated: 4M, In-Place: 0
[71.806s][info][gc,reloc    ] GC(45) Medium Pages: 0 / 0M, Empty: 0M, Relocated: 0M, In-Place: 0
[71.806s][info][gc,reloc    ] GC(45) Large Pages: 0 / 0M, Empty: 0M, Relocated: 0M, In-Place: 0
[71.806s][info][gc,reloc    ] GC(45) Forwarding Usage: 2M
[71.806s][info][gc,heap     ] GC(45) Min Capacity: 8M(0%)
[71.806s][info][gc,heap     ] GC(45) Max Capacity: 2048M(100%)
[71.806s][info][gc,heap     ] GC(45) Soft Max Capacity: 2048M(100%)
[71.806s][info][gc,heap     ] GC(45)                Mark Start          Mark End        Relocate Start      Relocate End           High               Low         
[71.806s][info][gc,heap     ] GC(45)  Capacity:     2048M (100%)       2048M (100%)       2048M (100%)       2048M (100%)       2048M (100%)       2048M (100%)   
[71.806s][info][gc,heap     ] GC(45)      Free:     1474M (72%)        1468M (72%)        1878M (92%)        2012M (98%)        2014M (98%)        1468M (72%)    
[71.806s][info][gc,heap     ] GC(45)      Used:      574M (28%)         580M (28%)         170M (8%)           36M (2%)          580M (28%)          34M (2%)     
[71.807s][info][gc,heap     ] GC(45)      Live:         -                 6M (0%)            6M (0%)            6M (0%)             -                  -          
[71.807s][info][gc,heap     ] GC(45) Allocated:         -                 6M (0%)            8M (0%)            9M (0%)             -                  -          
[71.807s][info][gc,heap     ] GC(45)   Garbage:         -               567M (28%)         155M (8%)           19M (1%)             -                  -          
[71.807s][info][gc,heap     ] GC(45) Reclaimed:         -                  -               412M (20%)         547M (27%)            -                  -          
[71.807s][info][gc          ] GC(45) Garbage Collection (Proactive) 574M(28%)->36M(2%)
[73.674s][info][gc,start    ] GC(46) Garbage Collection (Proactive)
[73.674s][info][gc,task     ] GC(46) Using 12 workers
[73.675s][info][gc,phases   ] GC(46) Pause Mark Start 0.017ms
[73.690s][info][gc,phases   ] GC(46) Concurrent Mark 15.213ms
[73.690s][info][gc,phases   ] GC(46) Pause Mark End 0.024ms
[73.690s][info][gc,phases   ] GC(46) Concurrent Mark Free 0.001ms
[73.691s][info][gc,phases   ] GC(46) Concurrent Process Non-Strong References 0.967ms
[73.691s][info][gc,phases   ] GC(46) Concurrent Reset Relocation Set 0.012ms
[73.698s][info][gc,phases   ] GC(46) Concurrent Select Relocation Set 6.953ms
[73.699s][info][gc,phases   ] GC(46) Pause Relocate Start 0.008ms
[73.702s][info][gc,phases   ] GC(46) Concurrent Relocate 3.361ms
[73.702s][info][gc,load     ] GC(46) Load: 0.00/0.00/0.00
[73.702s][info][gc,mmu      ] GC(46) MMU: 2ms/98.5%, 5ms/99.4%, 10ms/99.6%, 20ms/99.8%, 50ms/99.9%, 100ms/99.9%
[73.702s][info][gc,marking  ] GC(46) Mark: 8 stripe(s), 2 proactive flush(es), 1 terminate flush(es), 0 completion(s), 0 continuation(s) 
[73.702s][info][gc,marking  ] GC(46) Mark Stack Usage: 32M
[73.702s][info][gc,nmethod  ] GC(46) NMethods: 1899 registered, 366 unregistered
[73.702s][info][gc,metaspace] GC(46) Metaspace: 9M used, 9M committed, 1088M reserved
[73.702s][info][gc,ref      ] GC(46) Soft: 214 encountered, 0 discovered, 0 enqueued
[73.702s][info][gc,ref      ] GC(46) Weak: 796 encountered, 51 discovered, 0 enqueued
[73.702s][info][gc,ref      ] GC(46) Final: 0 encountered, 0 discovered, 0 enqueued
[73.702s][info][gc,ref      ] GC(46) Phantom: 27 encountered, 18 discovered, 0 enqueued
[73.702s][info][gc,reloc    ] GC(46) Small Pages: 308 / 616M, Empty: 482M, Relocated: 4M, In-Place: 0
[73.702s][info][gc,reloc    ] GC(46) Medium Pages: 0 / 0M, Empty: 0M, Relocated: 0M, In-Place: 0
[73.702s][info][gc,reloc    ] GC(46) Large Pages: 0 / 0M, Empty: 0M, Relocated: 0M, In-Place: 0
[73.702s][info][gc,reloc    ] GC(46) Forwarding Usage: 2M
[73.703s][info][gc,heap     ] GC(46) Min Capacity: 8M(0%)
[73.703s][info][gc,heap     ] GC(46) Max Capacity: 2048M(100%)
[73.703s][info][gc,heap     ] GC(46) Soft Max Capacity: 2048M(100%)
[73.703s][info][gc,heap     ] GC(46)                Mark Start          Mark End        Relocate Start      Relocate End           High               Low         
[73.703s][info][gc,heap     ] GC(46)  Capacity:     2048M (100%)       2048M (100%)       2048M (100%)       2048M (100%)       2048M (100%)       2048M (100%)   
[73.703s][info][gc,heap     ] GC(46)      Free:     1432M (70%)        1426M (70%)        1906M (93%)        2012M (98%)        2012M (98%)        1426M (70%)    
[73.703s][info][gc,heap     ] GC(46)      Used:      616M (30%)         622M (30%)         142M (7%)           36M (2%)          622M (30%)          36M (2%)     
[73.703s][info][gc,heap     ] GC(46)      Live:         -                 6M (0%)            6M (0%)            6M (0%)             -                  -          
[73.703s][info][gc,heap     ] GC(46) Allocated:         -                 6M (0%)            8M (0%)            9M (0%)             -                  -          
[73.703s][info][gc,heap     ] GC(46)   Garbage:         -               609M (30%)         127M (6%)           19M (1%)             -                  -          
[73.703s][info][gc,heap     ] GC(46) Reclaimed:         -                  -               482M (24%)         589M (29%)            -                  -          
[73.703s][info][gc          ] GC(46) Garbage Collection (Proactive) 616M(30%)->36M(2%)
[75.476s][info][gc,start    ] GC(47) Garbage Collection (Proactive)
[75.476s][info][gc,task     ] GC(47) Using 12 workers
[75.476s][info][gc,phases   ] GC(47) Pause Mark Start 0.018ms
[75.492s][info][gc,phases   ] GC(47) Concurrent Mark 15.188ms
[75.492s][info][gc,phases   ] GC(47) Pause Mark End 0.023ms
[75.492s][info][gc,phases   ] GC(47) Concurrent Mark Free 0.001ms
[75.493s][info][gc,phases   ] GC(47) Concurrent Process Non-Strong References 0.975ms
[75.493s][info][gc,phases   ] GC(47) Concurrent Reset Relocation Set 0.009ms
[75.497s][info][gc,phases   ] GC(47) Concurrent Select Relocation Set 3.831ms
[75.497s][info][gc,phases   ] GC(47) Pause Relocate Start 0.008ms
[75.501s][info][gc,phases   ] GC(47) Concurrent Relocate 3.419ms
[75.501s][info][gc,load     ] GC(47) Load: 0.00/0.00/0.00
[75.501s][info][gc,mmu      ] GC(47) MMU: 2ms/98.5%, 5ms/99.4%, 10ms/99.6%, 20ms/99.8%, 50ms/99.9%, 100ms/99.9%
[75.501s][info][gc,marking  ] GC(47) Mark: 8 stripe(s), 3 proactive flush(es), 1 terminate flush(es), 0 completion(s), 0 continuation(s) 
[75.501s][info][gc,marking  ] GC(47) Mark Stack Usage: 32M
[75.501s][info][gc,nmethod  ] GC(47) NMethods: 1899 registered, 366 unregistered
[75.501s][info][gc,metaspace] GC(47) Metaspace: 9M used, 9M committed, 1088M reserved
[75.501s][info][gc,ref      ] GC(47) Soft: 214 encountered, 0 discovered, 0 enqueued
[75.501s][info][gc,ref      ] GC(47) Weak: 796 encountered, 281 discovered, 0 enqueued
[75.501s][info][gc,ref      ] GC(47) Final: 0 encountered, 0 discovered, 0 enqueued
[75.501s][info][gc,ref      ] GC(47) Phantom: 27 encountered, 23 discovered, 0 enqueued
[75.501s][info][gc,reloc    ] GC(47) Small Pages: 306 / 612M, Empty: 510M, Relocated: 4M, In-Place: 0
[75.501s][info][gc,reloc    ] GC(47) Medium Pages: 0 / 0M, Empty: 0M, Relocated: 0M, In-Place: 0
[75.501s][info][gc,reloc    ] GC(47) Large Pages: 0 / 0M, Empty: 0M, Relocated: 0M, In-Place: 0
[75.501s][info][gc,reloc    ] GC(47) Forwarding Usage: 1M
[75.501s][info][gc,heap     ] GC(47) Min Capacity: 8M(0%)
[75.501s][info][gc,heap     ] GC(47) Max Capacity: 2048M(100%)
[75.501s][info][gc,heap     ] GC(47) Soft Max Capacity: 2048M(100%)
[75.501s][info][gc,heap     ] GC(47)                Mark Start          Mark End        Relocate Start      Relocate End           High               Low         
[75.501s][info][gc,heap     ] GC(47)  Capacity:     2048M (100%)       2048M (100%)       2048M (100%)       2048M (100%)       2048M (100%)       2048M (100%)   
[75.501s][info][gc,heap     ] GC(47)      Free:     1436M (70%)        1428M (70%)        1938M (95%)        2012M (98%)        2012M (98%)        1428M (70%)    
[75.501s][info][gc,heap     ] GC(47)      Used:      612M (30%)         620M (30%)         110M (5%)           36M (2%)          620M (30%)          36M (2%)     
[75.501s][info][gc,heap     ] GC(47)      Live:         -                 6M (0%)            6M (0%)            6M (0%)             -                  -          
[75.501s][info][gc,heap     ] GC(47) Allocated:         -                 8M (0%)            8M (0%)            9M (0%)             -                  -          
[75.501s][info][gc,heap     ] GC(47)   Garbage:         -               605M (30%)          95M (5%)           19M (1%)             -                  -          
[75.501s][info][gc,heap     ] GC(47) Reclaimed:         -                  -               510M (25%)         585M (29%)            -                  -          
[75.501s][info][gc          ] GC(47) Garbage Collection (Proactive) 612M(30%)->36M(2%)
[76.908s][info][gc,start    ] GC(48) Garbage Collection (System.gc())
[76.908s][info][gc,task     ] GC(48) Using 12 workers
[76.908s][info][gc,phases   ] GC(48) Pause Mark Start 0.017ms
[76.927s][info][gc,phases   ] GC(48) Concurrent Mark 18.410ms
[76.927s][info][gc,phases   ] GC(48) Pause Mark End 0.019ms
[76.927s][info][gc,phases   ] GC(48) Concurrent Mark Free 0.001ms
[76.928s][info][gc,phases   ] GC(48) Concurrent Process Non-Strong References 0.928ms
[76.928s][info][gc,phases   ] GC(48) Concurrent Reset Relocation Set 0.007ms
[76.932s][info][gc,phases   ] GC(48) Concurrent Select Relocation Set 3.784ms
[76.932s][info][gc,phases   ] GC(48) Pause Relocate Start 0.006ms
[76.935s][info][gc,phases   ] GC(48) Concurrent Relocate 2.884ms
[76.935s][info][gc,load     ] GC(48) Load: 0.00/0.00/0.00
[76.935s][info][gc,mmu      ] GC(48) MMU: 2ms/98.5%, 5ms/99.4%, 10ms/99.6%, 20ms/99.8%, 50ms/99.9%, 100ms/99.9%
[76.935s][info][gc,marking  ] GC(48) Mark: 8 stripe(s), 2 proactive flush(es), 1 terminate flush(es), 0 completion(s), 0 continuation(s) 
[76.935s][info][gc,marking  ] GC(48) Mark Stack Usage: 32M
[76.935s][info][gc,nmethod  ] GC(48) NMethods: 1903 registered, 368 unregistered
[76.935s][info][gc,metaspace] GC(48) Metaspace: 9M used, 9M committed, 1088M reserved
[76.935s][info][gc,ref      ] GC(48) Soft: 214 encountered, 0 discovered, 0 enqueued
[76.935s][info][gc,ref      ] GC(48) Weak: 796 encountered, 155 discovered, 0 enqueued
[76.935s][info][gc,ref      ] GC(48) Final: 0 encountered, 0 discovered, 0 enqueued
[76.935s][info][gc,ref      ] GC(48) Phantom: 27 encountered, 24 discovered, 0 enqueued
[76.935s][info][gc,reloc    ] GC(48) Small Pages: 239 / 478M, Empty: 460M, Relocated: 3M, In-Place: 0
[76.935s][info][gc,reloc    ] GC(48) Medium Pages: 0 / 0M, Empty: 0M, Relocated: 0M, In-Place: 0
[76.935s][info][gc,reloc    ] GC(48) Large Pages: 0 / 0M, Empty: 0M, Relocated: 0M, In-Place: 0
[76.935s][info][gc,reloc    ] GC(48) Forwarding Usage: 1M
[76.935s][info][gc,heap     ] GC(48) Min Capacity: 8M(0%)
[76.935s][info][gc,heap     ] GC(48) Max Capacity: 2048M(100%)
[76.935s][info][gc,heap     ] GC(48) Soft Max Capacity: 2048M(100%)
[76.935s][info][gc,heap     ] GC(48)                Mark Start          Mark End        Relocate Start      Relocate End           High               Low         
[76.935s][info][gc,heap     ] GC(48)  Capacity:     2048M (100%)       2048M (100%)       2048M (100%)       2048M (100%)       2048M (100%)       2048M (100%)   
[76.935s][info][gc,heap     ] GC(48)      Free:     1570M (77%)        1570M (77%)        2030M (99%)        2030M (99%)        2030M (99%)        1570M (77%)    
[76.936s][info][gc,heap     ] GC(48)      Used:      478M (23%)         478M (23%)          18M (1%)           18M (1%)          478M (23%)          18M (1%)     
[76.936s][info][gc,heap     ] GC(48)      Live:         -                 4M (0%)            4M (0%)            4M (0%)             -                  -          
[76.936s][info][gc,heap     ] GC(48) Allocated:         -                 0M (0%)            0M (0%)            0M (0%)             -                  -          
[76.936s][info][gc,heap     ] GC(48)   Garbage:         -               473M (23%)          13M (1%)           13M (1%)             -                  -          
[76.936s][info][gc,heap     ] GC(48) Reclaimed:         -                  -               460M (22%)         460M (22%)            -                  -          
[76.936s][info][gc          ] GC(48) Garbage Collection (System.gc()) 478M(23%)->18M(1%)
[78.572s][info][gc,start    ] GC(49) Garbage Collection (Proactive)
[78.572s][info][gc,task     ] GC(49) Using 12 workers
[78.573s][info][gc,phases   ] GC(49) Pause Mark Start 0.013ms
[78.588s][info][gc,phases   ] GC(49) Concurrent Mark 15.234ms
[78.588s][info][gc,phases   ] GC(49) Pause Mark End 0.016ms
[78.588s][info][gc,phases   ] GC(49) Concurrent Mark Free 0.001ms
[78.589s][info][gc,phases   ] GC(49) Concurrent Process Non-Strong References 0.891ms
[78.589s][info][gc,phases   ] GC(49) Concurrent Reset Relocation Set 0.002ms
[78.596s][info][gc,phases   ] GC(49) Concurrent Select Relocation Set 6.533ms
[78.596s][info][gc,phases   ] GC(49) Pause Relocate Start 0.006ms
[78.599s][info][gc,phases   ] GC(49) Concurrent Relocate 3.453ms
[78.599s][info][gc,load     ] GC(49) Load: 0.00/0.00/0.00
[78.599s][info][gc,mmu      ] GC(49) MMU: 2ms/98.5%, 5ms/99.4%, 10ms/99.6%, 20ms/99.8%, 50ms/99.9%, 100ms/99.9%
[78.599s][info][gc,marking  ] GC(49) Mark: 8 stripe(s), 6 proactive flush(es), 1 terminate flush(es), 0 completion(s), 0 continuation(s) 
[78.599s][info][gc,marking  ] GC(49) Mark Stack Usage: 32M
[78.600s][info][gc,nmethod  ] GC(49) NMethods: 1906 registered, 369 unregistered
[78.600s][info][gc,metaspace] GC(49) Metaspace: 9M used, 9M committed, 1088M reserved
[78.600s][info][gc,ref      ] GC(49) Soft: 214 encountered, 0 discovered, 0 enqueued
[78.600s][info][gc,ref      ] GC(49) Weak: 796 encountered, 166 discovered, 0 enqueued
[78.600s][info][gc,ref      ] GC(49) Final: 0 encountered, 0 discovered, 0 enqueued
[78.600s][info][gc,ref      ] GC(49) Phantom: 27 encountered, 22 discovered, 0 enqueued
[78.600s][info][gc,reloc    ] GC(49) Small Pages: 265 / 530M, Empty: 382M, Relocated: 4M, In-Place: 0
[78.600s][info][gc,reloc    ] GC(49) Medium Pages: 0 / 0M, Empty: 0M, Relocated: 0M, In-Place: 0
[78.600s][info][gc,reloc    ] GC(49) Large Pages: 0 / 0M, Empty: 0M, Relocated: 0M, In-Place: 0
[78.600s][info][gc,reloc    ] GC(49) Forwarding Usage: 1M
[78.600s][info][gc,heap     ] GC(49) Min Capacity: 8M(0%)
[78.600s][info][gc,heap     ] GC(49) Max Capacity: 2048M(100%)
[78.600s][info][gc,heap     ] GC(49) Soft Max Capacity: 2048M(100%)
[78.600s][info][gc,heap     ] GC(49)                Mark Start          Mark End        Relocate Start      Relocate End           High               Low         
[78.600s][info][gc,heap     ] GC(49)  Capacity:     2048M (100%)       2048M (100%)       2048M (100%)       2048M (100%)       2048M (100%)       2048M (100%)   
[78.600s][info][gc,heap     ] GC(49)      Free:     1518M (74%)        1510M (74%)        1890M (92%)        2012M (98%)        2012M (98%)        1510M (74%)    
[78.600s][info][gc,heap     ] GC(49)      Used:      530M (26%)         538M (26%)         158M (8%)           36M (2%)          538M (26%)          36M (2%)     
[78.600s][info][gc,heap     ] GC(49)      Live:         -                 6M (0%)            6M (0%)            6M (0%)             -                  -          
[78.600s][info][gc,heap     ] GC(49) Allocated:         -                 8M (0%)           10M (0%)            9M (0%)             -                  -          
[78.600s][info][gc,heap     ] GC(49)   Garbage:         -               523M (26%)         141M (7%)           19M (1%)             -                  -          
[78.600s][info][gc,heap     ] GC(49) Reclaimed:         -                  -               382M (19%)         503M (25%)            -                  -          
[78.600s][info][gc          ] GC(49) Garbage Collection (Proactive) 530M(26%)->36M(2%)
[80.171s][info][gc,stats    ] === Garbage Collection Statistics =======================================================================================================================
[80.171s][info][gc,stats    ]                                                              Last 10s              Last 10m              Last 10h                Total
[80.171s][info][gc,stats    ]                                                              Avg / Max             Avg / Max             Avg / Max             Avg / Max
[80.171s][info][gc,stats    ]   Collector: Garbage Collection Cycle                     26.767 / 27.729       25.986 / 41.828       25.986 / 41.828       25.986 / 41.828      ms
[80.171s][info][gc,stats    ]  Contention: Mark Segment Reset Contention                     1 / 5                 2 / 10                2 / 10                2 / 10          ops/s
[80.171s][info][gc,stats    ]  Contention: Mark SeqNum Reset Contention                      0 / 0                 0 / 2                 0 / 2                 0 / 2           ops/s
[80.171s][info][gc,stats    ]    Critical: Allocation Stall                                  0 / 0                 0 / 0                 0 / 0                 0 / 0           ops/s
[80.171s][info][gc,stats    ]    Critical: Allocation Stall                              0.000 / 0.000         0.000 / 0.000         0.000 / 0.000         0.000 / 0.000       ms
[80.171s][info][gc,stats    ]    Critical: GC Locker Stall                                   0 / 0                 0 / 0                 0 / 0                 0 / 0           ops/s
[80.171s][info][gc,stats    ]    Critical: GC Locker Stall                               0.000 / 0.000         0.000 / 0.000         0.000 / 0.000         0.000 / 0.000       ms
[80.171s][info][gc,stats    ]    Critical: Relocation Stall                                  0 / 0                 0 / 0                 0 / 0                 0 / 0           ops/s
[80.171s][info][gc,stats    ]    Critical: Relocation Stall                              0.000 / 0.000         0.000 / 0.000         0.000 / 0.000         0.000 / 0.000       ms
[80.171s][info][gc,stats    ]      Memory: Allocation Rate                                 317 / 328             316 / 342             316 / 342             316 / 342         MB/s
[80.171s][info][gc,stats    ]      Memory: Defragment                                        0 / 0                 0 / 0                 0 / 0                 0 / 0           ops/s
[80.171s][info][gc,stats    ]      Memory: Out Of Memory                                     0 / 0                 0 / 0                 0 / 0                 0 / 0           ops/s
[80.171s][info][gc,stats    ]      Memory: Page Cache Flush                                  0 / 0                 0 / 0                 0 / 0                 0 / 0           MB/s
[80.171s][info][gc,stats    ]      Memory: Page Cache Hit L1                               164 / 173             158 / 180             158 / 180             158 / 180         ops/s
[80.171s][info][gc,stats    ]      Memory: Page Cache Hit L2                                 0 / 0                 0 / 0                 0 / 0                 0 / 0           ops/s
[80.171s][info][gc,stats    ]      Memory: Page Cache Hit L3                                 0 / 0                 7 / 145               7 / 145               7 / 145         ops/s
[80.171s][info][gc,stats    ]      Memory: Page Cache Miss                                   0 / 0                 0 / 1                 0 / 1                 0 / 1           ops/s
[80.172s][info][gc,stats    ]      Memory: Uncommit                                          0 / 0                 0 / 0                 0 / 0                 0 / 0           MB/s
[80.172s][info][gc,stats    ]      Memory: Undo Object Allocation Failed                     0 / 5                 0 / 5                 0 / 5                 0 / 5           ops/s
[80.172s][info][gc,stats    ]      Memory: Undo Object Allocation Succeeded                  0 / 2                 0 / 3                 0 / 3                 0 / 3           ops/s
[80.172s][info][gc,stats    ]      Memory: Undo Page Allocation                              0 / 3                 1 / 6                 1 / 6                 1 / 6           ops/s
[80.172s][info][gc,stats    ]       Phase: Concurrent Mark                              15.841 / 18.410       14.987 / 30.725       14.987 / 30.725       14.987 / 30.725      ms
[80.172s][info][gc,stats    ]       Phase: Concurrent Mark Continue                      0.000 / 0.000         0.000 / 0.000         0.000 / 0.000         0.000 / 0.000       ms
[80.172s][info][gc,stats    ]       Phase: Concurrent Mark Free                          0.001 / 0.001         0.001 / 0.002         0.001 / 0.002         0.001 / 0.002       ms
[80.172s][info][gc,stats    ]       Phase: Concurrent Process Non-Strong References      0.949 / 0.986         1.055 / 5.203         1.055 / 5.203         1.055 / 5.203       ms
[80.172s][info][gc,stats    ]       Phase: Concurrent Relocate                           3.305 / 3.453         3.193 / 4.275         3.193 / 4.275         3.193 / 4.275       ms
[80.172s][info][gc,stats    ]       Phase: Concurrent Reset Relocation Set               0.006 / 0.012         0.008 / 0.016         0.008 / 0.016         0.008 / 0.016       ms
[80.172s][info][gc,stats    ]       Phase: Concurrent Select Relocation Set              5.541 / 6.953         5.577 / 15.037        5.577 / 15.037        5.577 / 15.037      ms
[80.172s][info][gc,stats    ]       Phase: Pause Mark End                                0.021 / 0.025         0.023 / 0.026         0.023 / 0.026         0.023 / 0.026       ms
[80.172s][info][gc,stats    ]       Phase: Pause Mark Start                              0.017 / 0.018         0.018 / 0.030         0.018 / 0.030         0.018 / 0.030       ms
[80.172s][info][gc,stats    ]       Phase: Pause Relocate Start                          0.008 / 0.010         0.008 / 0.010         0.008 / 0.010         0.008 / 0.010       ms
[80.172s][info][gc,stats    ]    Subphase: Concurrent Classes Purge                      0.014 / 0.023         0.053 / 0.832         0.053 / 0.832         0.053 / 0.832       ms
[80.172s][info][gc,stats    ]    Subphase: Concurrent Classes Unlink                     0.637 / 0.659         0.698 / 4.025         0.698 / 4.025         0.698 / 4.025       ms
[80.172s][info][gc,stats    ]    Subphase: Concurrent Mark                              14.046 / 17.335       13.122 / 23.255       13.122 / 23.255       13.122 / 23.255      ms
[80.172s][info][gc,stats    ]    Subphase: Concurrent Mark Try Flush                     0.062 / 0.102         0.069 / 0.112         0.069 / 0.112         0.069 / 0.112       ms
[80.172s][info][gc,stats    ]    Subphase: Concurrent Mark Try Terminate                 9.459 / 15.245        8.002 / 16.246        8.002 / 16.246        8.002 / 16.246      ms
[80.172s][info][gc,stats    ]    Subphase: Concurrent References Enqueue                 0.000 / 0.001         0.001 / 0.004         0.001 / 0.004         0.001 / 0.004       ms
[80.172s][info][gc,stats    ]    Subphase: Concurrent References Process                 0.051 / 0.056         0.048 / 0.075         0.048 / 0.075         0.048 / 0.075       ms
[80.172s][info][gc,stats    ]    Subphase: Concurrent Roots ClassLoaderDataGraph         0.074 / 0.599         0.088 / 0.967         0.088 / 0.967         0.088 / 0.967       ms
[80.172s][info][gc,stats    ]    Subphase: Concurrent Roots CodeCache                    0.000 / 0.000         0.000 / 0.000         0.000 / 0.000         0.000 / 0.000       ms
[80.172s][info][gc,stats    ]    Subphase: Concurrent Roots JavaThreads                  0.461 / 0.970         0.596 / 7.350         0.596 / 7.350         0.596 / 7.350       ms
[80.172s][info][gc,stats    ]    Subphase: Concurrent Roots OopStorageSet                0.015 / 0.049         0.020 / 0.273         0.020 / 0.273         0.020 / 0.273       ms
[80.172s][info][gc,stats    ]    Subphase: Concurrent Weak Roots OopStorageSet           0.133 / 0.155         0.133 / 0.165         0.133 / 0.165         0.133 / 0.165       ms
[80.172s][info][gc,stats    ]    Subphase: Pause Mark Try Complete                       0.000 / 0.000         0.000 / 0.000         0.000 / 0.000         0.000 / 0.000       ms
[80.172s][info][gc,stats    ]      System: Java Threads                                     32 / 32               31 / 37               31 / 37               31 / 37          threads
[80.173s][info][gc,stats    ] =========================================================================================================================================================
[80.264s][info][gc,start    ] GC(50) Garbage Collection (Proactive)
[80.265s][info][gc,task     ] GC(50) Using 12 workers
[80.265s][info][gc,phases   ] GC(50) Pause Mark Start 0.018ms
[80.280s][info][gc,phases   ] GC(50) Concurrent Mark 15.250ms
[80.280s][info][gc,phases   ] GC(50) Pause Mark End 0.032ms
[80.280s][info][gc,phases   ] GC(50) Concurrent Mark Free 0.002ms
[80.281s][info][gc,phases   ] GC(50) Concurrent Process Non-Strong References 0.925ms
[80.281s][info][gc,phases   ] GC(50) Concurrent Reset Relocation Set 0.010ms
[80.288s][info][gc,phases   ] GC(50) Concurrent Select Relocation Set 6.857ms
[80.289s][info][gc,phases   ] GC(50) Pause Relocate Start 0.009ms
[80.292s][info][gc,phases   ] GC(50) Concurrent Relocate 3.289ms
[80.292s][info][gc,load     ] GC(50) Load: 0.00/0.00/0.00
[80.292s][info][gc,mmu      ] GC(50) MMU: 2ms/98.4%, 5ms/99.4%, 10ms/99.6%, 20ms/99.8%, 50ms/99.9%, 100ms/99.9%
[80.292s][info][gc,marking  ] GC(50) Mark: 8 stripe(s), 3 proactive flush(es), 1 terminate flush(es), 0 completion(s), 0 continuation(s) 
[80.292s][info][gc,marking  ] GC(50) Mark Stack Usage: 32M
[80.292s][info][gc,nmethod  ] GC(50) NMethods: 1907 registered, 369 unregistered
[80.292s][info][gc,metaspace] GC(50) Metaspace: 9M used, 9M committed, 1088M reserved
[80.292s][info][gc,ref      ] GC(50) Soft: 214 encountered, 0 discovered, 0 enqueued
[80.292s][info][gc,ref      ] GC(50) Weak: 796 encountered, 227 discovered, 0 enqueued
[80.292s][info][gc,ref      ] GC(50) Final: 0 encountered, 0 discovered, 0 enqueued
[80.292s][info][gc,ref      ] GC(50) Phantom: 27 encountered, 22 discovered, 0 enqueued
[80.292s][info][gc,reloc    ] GC(50) Small Pages: 279 / 558M, Empty: 458M, Relocated: 4M, In-Place: 0
[80.292s][info][gc,reloc    ] GC(50) Medium Pages: 0 / 0M, Empty: 0M, Relocated: 0M, In-Place: 0
[80.292s][info][gc,reloc    ] GC(50) Large Pages: 0 / 0M, Empty: 0M, Relocated: 0M, In-Place: 0
[80.292s][info][gc,reloc    ] GC(50) Forwarding Usage: 2M
[80.292s][info][gc,heap     ] GC(50) Min Capacity: 8M(0%)
[80.292s][info][gc,heap     ] GC(50) Max Capacity: 2048M(100%)
[80.292s][info][gc,heap     ] GC(50) Soft Max Capacity: 2048M(100%)
[80.292s][info][gc,heap     ] GC(50)                Mark Start          Mark End        Relocate Start      Relocate End           High               Low         
[80.292s][info][gc,heap     ] GC(50)  Capacity:     2048M (100%)       2048M (100%)       2048M (100%)       2048M (100%)       2048M (100%)       2048M (100%)   
[80.293s][info][gc,heap     ] GC(50)      Free:     1490M (73%)        1484M (72%)        1938M (95%)        2012M (98%)        2012M (98%)        1484M (72%)    
[80.293s][info][gc,heap     ] GC(50)      Used:      558M (27%)         564M (28%)         110M (5%)           36M (2%)          564M (28%)          36M (2%)     
[80.293s][info][gc,heap     ] GC(50)      Live:         -                 6M (0%)            6M (0%)            6M (0%)             -                  -          
[80.293s][info][gc,heap     ] GC(50) Allocated:         -                 6M (0%)           10M (0%)            9M (0%)             -                  -          
[80.293s][info][gc,heap     ] GC(50)   Garbage:         -               551M (27%)          93M (5%)           19M (1%)             -                  -          
[80.293s][info][gc,heap     ] GC(50) Reclaimed:         -                  -               458M (22%)         531M (26%)            -                  -          
[80.293s][info][gc          ] GC(50) Garbage Collection (Proactive) 558M(27%)->36M(2%)
[81.972s][info][gc,start    ] GC(51) Garbage Collection (Proactive)
[81.972s][info][gc,task     ] GC(51) Using 12 workers
[81.972s][info][gc,phases   ] GC(51) Pause Mark Start 0.019ms
[81.988s][info][gc,phases   ] GC(51) Concurrent Mark 15.150ms
[81.988s][info][gc,phases   ] GC(51) Pause Mark End 0.022ms
[81.988s][info][gc,phases   ] GC(51) Concurrent Mark Free 0.001ms
[81.989s][info][gc,phases   ] GC(51) Concurrent Process Non-Strong References 1.006ms
[81.989s][info][gc,phases   ] GC(51) Concurrent Reset Relocation Set 0.008ms
[81.997s][info][gc,phases   ] GC(51) Concurrent Select Relocation Set 7.396ms
[81.997s][info][gc,phases   ] GC(51) Pause Relocate Start 0.009ms
[82.000s][info][gc,phases   ] GC(51) Concurrent Relocate 3.377ms
[82.000s][info][gc,load     ] GC(51) Load: 0.00/0.00/0.00
[82.000s][info][gc,mmu      ] GC(51) MMU: 2ms/98.4%, 5ms/99.4%, 10ms/99.6%, 20ms/99.8%, 50ms/99.9%, 100ms/99.9%
[82.000s][info][gc,marking  ] GC(51) Mark: 8 stripe(s), 2 proactive flush(es), 1 terminate flush(es), 0 completion(s), 0 continuation(s) 
[82.000s][info][gc,marking  ] GC(51) Mark Stack Usage: 32M
[82.000s][info][gc,nmethod  ] GC(51) NMethods: 1907 registered, 369 unregistered
[82.001s][info][gc,metaspace] GC(51) Metaspace: 9M used, 9M committed, 1088M reserved
[82.001s][info][gc,ref      ] GC(51) Soft: 214 encountered, 0 discovered, 0 enqueued
[82.001s][info][gc,ref      ] GC(51) Weak: 796 encountered, 229 discovered, 0 enqueued
[82.001s][info][gc,ref      ] GC(51) Final: 0 encountered, 0 discovered, 0 enqueued
[82.001s][info][gc,ref      ] GC(51) Phantom: 27 encountered, 23 discovered, 0 enqueued
[82.001s][info][gc,reloc    ] GC(51) Small Pages: 290 / 580M, Empty: 436M, Relocated: 4M, In-Place: 0
[82.001s][info][gc,reloc    ] GC(51) Medium Pages: 0 / 0M, Empty: 0M, Relocated: 0M, In-Place: 0
[82.001s][info][gc,reloc    ] GC(51) Large Pages: 0 / 0M, Empty: 0M, Relocated: 0M, In-Place: 0
[82.001s][info][gc,reloc    ] GC(51) Forwarding Usage: 2M
[82.001s][info][gc,heap     ] GC(51) Min Capacity: 8M(0%)
[82.001s][info][gc,heap     ] GC(51) Max Capacity: 2048M(100%)
[82.001s][info][gc,heap     ] GC(51) Soft Max Capacity: 2048M(100%)
[82.001s][info][gc,heap     ] GC(51)                Mark Start          Mark End        Relocate Start      Relocate End           High               Low         
[82.001s][info][gc,heap     ] GC(51)  Capacity:     2048M (100%)       2048M (100%)       2048M (100%)       2048M (100%)       2048M (100%)       2048M (100%)   
[82.001s][info][gc,heap     ] GC(51)      Free:     1468M (72%)        1462M (71%)        1896M (93%)        2012M (98%)        2012M (98%)        1462M (71%)    
[82.001s][info][gc,heap     ] GC(51)      Used:      580M (28%)         586M (29%)         152M (7%)           36M (2%)          586M (29%)          36M (2%)     
[82.001s][info][gc,heap     ] GC(51)      Live:         -                 6M (0%)            6M (0%)            6M (0%)             -                  -          
[82.001s][info][gc,heap     ] GC(51) Allocated:         -                 6M (0%)            8M (0%)            9M (0%)             -                  -          
[82.001s][info][gc,heap     ] GC(51)   Garbage:         -               573M (28%)         137M (7%)           19M (1%)             -                  -          
[82.001s][info][gc,heap     ] GC(51) Reclaimed:         -                  -               436M (21%)         553M (27%)            -                  -          
[82.001s][info][gc          ] GC(51) Garbage Collection (Proactive) 580M(28%)->36M(2%)
[83.564s][info][gc,start    ] GC(52) Garbage Collection (Proactive)
[83.564s][info][gc,task     ] GC(52) Using 12 workers
[83.564s][info][gc,phases   ] GC(52) Pause Mark Start 0.019ms
[83.579s][info][gc,phases   ] GC(52) Concurrent Mark 15.251ms
[83.580s][info][gc,phases   ] GC(52) Pause Mark End 0.025ms
[83.580s][info][gc,phases   ] GC(52) Concurrent Mark Free 0.002ms
[83.581s][info][gc,phases   ] GC(52) Concurrent Process Non-Strong References 0.984ms
[83.581s][info][gc,phases   ] GC(52) Concurrent Reset Relocation Set 0.010ms
[83.585s][info][gc,phases   ] GC(52) Concurrent Select Relocation Set 3.847ms
[83.585s][info][gc,phases   ] GC(52) Pause Relocate Start 0.008ms
[83.589s][info][gc,phases   ] GC(52) Concurrent Relocate 3.329ms
[83.589s][info][gc,load     ] GC(52) Load: 0.00/0.00/0.00
[83.589s][info][gc,mmu      ] GC(52) MMU: 2ms/98.4%, 5ms/99.4%, 10ms/99.6%, 20ms/99.8%, 50ms/99.9%, 100ms/99.9%
[83.589s][info][gc,marking  ] GC(52) Mark: 8 stripe(s), 2 proactive flush(es), 1 terminate flush(es), 0 completion(s), 0 continuation(s) 
[83.589s][info][gc,marking  ] GC(52) Mark Stack Usage: 32M
[83.589s][info][gc,nmethod  ] GC(52) NMethods: 1907 registered, 369 unregistered
[83.589s][info][gc,metaspace] GC(52) Metaspace: 9M used, 9M committed, 1088M reserved
[83.589s][info][gc,ref      ] GC(52) Soft: 214 encountered, 0 discovered, 0 enqueued
[83.589s][info][gc,ref      ] GC(52) Weak: 796 encountered, 4 discovered, 0 enqueued
[83.589s][info][gc,ref      ] GC(52) Final: 0 encountered, 0 discovered, 0 enqueued
[83.589s][info][gc,ref      ] GC(52) Phantom: 27 encountered, 23 discovered, 0 enqueued
[83.589s][info][gc,reloc    ] GC(52) Small Pages: 276 / 552M, Empty: 456M, Relocated: 4M, In-Place: 0
[83.589s][info][gc,reloc    ] GC(52) Medium Pages: 0 / 0M, Empty: 0M, Relocated: 0M, In-Place: 0
[83.589s][info][gc,reloc    ] GC(52) Large Pages: 0 / 0M, Empty: 0M, Relocated: 0M, In-Place: 0
[83.589s][info][gc,reloc    ] GC(52) Forwarding Usage: 2M
[83.589s][info][gc,heap     ] GC(52) Min Capacity: 8M(0%)
[83.589s][info][gc,heap     ] GC(52) Max Capacity: 2048M(100%)
[83.589s][info][gc,heap     ] GC(52) Soft Max Capacity: 2048M(100%)
[83.589s][info][gc,heap     ] GC(52)                Mark Start          Mark End        Relocate Start      Relocate End           High               Low         
[83.589s][info][gc,heap     ] GC(52)  Capacity:     2048M (100%)       2048M (100%)       2048M (100%)       2048M (100%)       2048M (100%)       2048M (100%)   
[83.589s][info][gc,heap     ] GC(52)      Free:     1496M (73%)        1490M (73%)        1944M (95%)        2014M (98%)        2014M (98%)        1490M (73%)    
[83.589s][info][gc,heap     ] GC(52)      Used:      552M (27%)         558M (27%)         104M (5%)           34M (2%)          558M (27%)          34M (2%)     
[83.589s][info][gc,heap     ] GC(52)      Live:         -                 6M (0%)            6M (0%)            6M (0%)             -                  -          
[83.589s][info][gc,heap     ] GC(52) Allocated:         -                 6M (0%)            8M (0%)            7M (0%)             -                  -          
[83.589s][info][gc,heap     ] GC(52)   Garbage:         -               545M (27%)          89M (4%)           19M (1%)             -                  -          
[83.589s][info][gc,heap     ] GC(52) Reclaimed:         -                  -               456M (22%)         525M (26%)            -                  -          
[83.589s][info][gc          ] GC(52) Garbage Collection (Proactive) 552M(27%)->34M(2%)
[83.756s][info][gc,start    ] GC(53) Garbage Collection (System.gc())
[83.756s][info][gc,task     ] GC(53) Using 12 workers
[83.756s][info][gc,phases   ] GC(53) Pause Mark Start 0.016ms
[83.774s][info][gc,phases   ] GC(53) Concurrent Mark 17.787ms
[83.774s][info][gc,phases   ] GC(53) Pause Mark End 0.019ms
[83.774s][info][gc,phases   ] GC(53) Concurrent Mark Free 0.001ms
[83.775s][info][gc,phases   ] GC(53) Concurrent Process Non-Strong References 0.888ms
[83.775s][info][gc,phases   ] GC(53) Concurrent Reset Relocation Set 0.008ms
[83.779s][info][gc,phases   ] GC(53) Concurrent Select Relocation Set 3.856ms
[83.779s][info][gc,phases   ] GC(53) Pause Relocate Start 0.006ms
[83.782s][info][gc,phases   ] GC(53) Concurrent Relocate 2.930ms
[83.782s][info][gc,load     ] GC(53) Load: 0.00/0.00/0.00
[83.782s][info][gc,mmu      ] GC(53) MMU: 2ms/98.4%, 5ms/99.4%, 10ms/99.6%, 20ms/99.8%, 50ms/99.9%, 100ms/99.9%
[83.782s][info][gc,marking  ] GC(53) Mark: 8 stripe(s), 2 proactive flush(es), 1 terminate flush(es), 0 completion(s), 0 continuation(s) 
[83.782s][info][gc,marking  ] GC(53) Mark Stack Usage: 32M
[83.782s][info][gc,nmethod  ] GC(53) NMethods: 1913 registered, 369 unregistered
[83.782s][info][gc,metaspace] GC(53) Metaspace: 9M used, 9M committed, 1088M reserved
[83.782s][info][gc,ref      ] GC(53) Soft: 214 encountered, 0 discovered, 0 enqueued
[83.782s][info][gc,ref      ] GC(53) Weak: 796 encountered, 165 discovered, 0 enqueued
[83.782s][info][gc,ref      ] GC(53) Final: 0 encountered, 0 discovered, 0 enqueued
[83.782s][info][gc,ref      ] GC(53) Phantom: 27 encountered, 22 discovered, 0 enqueued
[83.782s][info][gc,reloc    ] GC(53) Small Pages: 43 / 86M, Empty: 68M, Relocated: 3M, In-Place: 0
[83.782s][info][gc,reloc    ] GC(53) Medium Pages: 0 / 0M, Empty: 0M, Relocated: 0M, In-Place: 0
[83.783s][info][gc,reloc    ] GC(53) Large Pages: 0 / 0M, Empty: 0M, Relocated: 0M, In-Place: 0
[83.783s][info][gc,reloc    ] GC(53) Forwarding Usage: 1M
[83.783s][info][gc,heap     ] GC(53) Min Capacity: 8M(0%)
[83.783s][info][gc,heap     ] GC(53) Max Capacity: 2048M(100%)
[83.783s][info][gc,heap     ] GC(53) Soft Max Capacity: 2048M(100%)
[83.783s][info][gc,heap     ] GC(53)                Mark Start          Mark End        Relocate Start      Relocate End           High               Low         
[83.783s][info][gc,heap     ] GC(53)  Capacity:     2048M (100%)       2048M (100%)       2048M (100%)       2048M (100%)       2048M (100%)       2048M (100%)   
[83.783s][info][gc,heap     ] GC(53)      Free:     1962M (96%)        1962M (96%)        2030M (99%)        2030M (99%)        2030M (99%)        1962M (96%)    
[83.783s][info][gc,heap     ] GC(53)      Used:       86M (4%)           86M (4%)           18M (1%)           18M (1%)           86M (4%)           18M (1%)     
[83.783s][info][gc,heap     ] GC(53)      Live:         -                 4M (0%)            4M (0%)            4M (0%)             -                  -          
[83.783s][info][gc,heap     ] GC(53) Allocated:         -                 0M (0%)            0M (0%)            0M (0%)             -                  -          
[83.783s][info][gc,heap     ] GC(53)   Garbage:         -                81M (4%)           13M (1%)           13M (1%)             -                  -          
[83.783s][info][gc,heap     ] GC(53) Reclaimed:         -                  -                68M (3%)           68M (3%)             -                  -          
[83.783s][info][gc          ] GC(53) Garbage Collection (System.gc()) 86M(4%)->18M(1%)
[85.365s][info][gc,start    ] GC(54) Garbage Collection (Proactive)
[85.366s][info][gc,task     ] GC(54) Using 12 workers
[85.380s][info][gc,phases   ] GC(54) Pause Mark Start 0.018ms
[85.397s][info][gc,phases   ] GC(54) Concurrent Mark 12.213ms
[85.397s][info][gc,phases   ] GC(54) Pause Mark End 0.023ms
[85.397s][info][gc,phases   ] GC(54) Concurrent Mark Free 0.001ms
[85.398s][info][gc,phases   ] GC(54) Concurrent Process Non-Strong References 0.973ms
[85.398s][info][gc,phases   ] GC(54) Concurrent Reset Relocation Set 0.001ms
[85.404s][info][gc,phases   ] GC(54) Concurrent Select Relocation Set 6.480ms
[85.405s][info][gc,phases   ] GC(54) Pause Relocate Start 0.009ms
[85.408s][info][gc,phases   ] GC(54) Concurrent Relocate 3.397ms
[85.408s][info][gc,load     ] GC(54) Load: 0.00/0.00/0.00
[85.408s][info][gc,mmu      ] GC(54) MMU: 2ms/98.4%, 5ms/99.4%, 10ms/99.6%, 20ms/99.8%, 50ms/99.9%, 100ms/99.9%
[85.408s][info][gc,marking  ] GC(54) Mark: 8 stripe(s), 4 proactive flush(es), 1 terminate flush(es), 0 completion(s), 0 continuation(s) 
[85.408s][info][gc,marking  ] GC(54) Mark Stack Usage: 32M
[85.408s][info][gc,nmethod  ] GC(54) NMethods: 1913 registered, 370 unregistered
[85.408s][info][gc,metaspace] GC(54) Metaspace: 9M used, 9M committed, 1088M reserved
[85.408s][info][gc,ref      ] GC(54) Soft: 214 encountered, 0 discovered, 0 enqueued
[85.408s][info][gc,ref      ] GC(54) Weak: 796 encountered, 23 discovered, 0 enqueued
[85.409s][info][gc,ref      ] GC(54) Final: 0 encountered, 0 discovered, 0 enqueued
[85.409s][info][gc,ref      ] GC(54) Phantom: 27 encountered, 20 discovered, 0 enqueued
[85.409s][info][gc,reloc    ] GC(54) Small Pages: 263 / 526M, Empty: 358M, Relocated: 4M, In-Place: 0
[85.409s][info][gc,reloc    ] GC(54) Medium Pages: 0 / 0M, Empty: 0M, Relocated: 0M, In-Place: 0
[85.409s][info][gc,reloc    ] GC(54) Large Pages: 0 / 0M, Empty: 0M, Relocated: 0M, In-Place: 0
[85.409s][info][gc,reloc    ] GC(54) Forwarding Usage: 2M
[85.409s][info][gc,heap     ] GC(54) Min Capacity: 8M(0%)
[85.409s][info][gc,heap     ] GC(54) Max Capacity: 2048M(100%)
[85.409s][info][gc,heap     ] GC(54) Soft Max Capacity: 2048M(100%)
[85.409s][info][gc,heap     ] GC(54)                Mark Start          Mark End        Relocate Start      Relocate End           High               Low         
[85.409s][info][gc,heap     ] GC(54)  Capacity:     2048M (100%)       2048M (100%)       2048M (100%)       2048M (100%)       2048M (100%)       2048M (100%)   
[85.409s][info][gc,heap     ] GC(54)      Free:     1522M (74%)        1516M (74%)        1872M (91%)        2014M (98%)        2014M (98%)        1516M (74%)    
[85.409s][info][gc,heap     ] GC(54)      Used:      526M (26%)         532M (26%)         176M (9%)           34M (2%)          532M (26%)          34M (2%)     
[85.409s][info][gc,heap     ] GC(54)      Live:         -                 6M (0%)            6M (0%)            6M (0%)             -                  -          
[85.409s][info][gc,heap     ] GC(54) Allocated:         -                 6M (0%)            8M (0%)            7M (0%)             -                  -          
[85.409s][info][gc,heap     ] GC(54)   Garbage:         -               519M (25%)         161M (8%)           19M (1%)             -                  -          
[85.409s][info][gc,heap     ] GC(54) Reclaimed:         -                  -               358M (17%)         499M (24%)            -                  -          
[85.409s][info][gc          ] GC(54) Garbage Collection (Proactive) 526M(26%)->34M(2%)
[89.069s][info][gc,start    ] GC(55) Garbage Collection (Proactive)
[89.069s][info][gc,task     ] GC(55) Using 12 workers
[89.069s][info][gc,phases   ] GC(55) Pause Mark Start 0.019ms
[89.085s][info][gc,phases   ] GC(55) Concurrent Mark 15.167ms
[89.085s][info][gc,phases   ] GC(55) Pause Mark End 0.021ms
[89.085s][info][gc,phases   ] GC(55) Concurrent Mark Free 0.001ms
[89.086s][info][gc,phases   ] GC(55) Concurrent Process Non-Strong References 0.997ms
[89.086s][info][gc,phases   ] GC(55) Concurrent Reset Relocation Set 0.012ms
[89.090s][info][gc,phases   ] GC(55) Concurrent Select Relocation Set 3.963ms
[89.090s][info][gc,phases   ] GC(55) Pause Relocate Start 0.007ms
[89.094s][info][gc,phases   ] GC(55) Concurrent Relocate 3.687ms
[89.094s][info][gc,load     ] GC(55) Load: 0.00/0.00/0.00
[89.094s][info][gc,mmu      ] GC(55) MMU: 2ms/98.4%, 5ms/99.4%, 10ms/99.6%, 20ms/99.8%, 50ms/99.9%, 100ms/99.9%
[89.094s][info][gc,marking  ] GC(55) Mark: 8 stripe(s), 2 proactive flush(es), 1 terminate flush(es), 0 completion(s), 0 continuation(s) 
[89.094s][info][gc,marking  ] GC(55) Mark Stack Usage: 32M
[89.094s][info][gc,nmethod  ] GC(55) NMethods: 1913 registered, 370 unregistered
[89.094s][info][gc,metaspace] GC(55) Metaspace: 9M used, 9M committed, 1088M reserved
[89.094s][info][gc,ref      ] GC(55) Soft: 214 encountered, 0 discovered, 0 enqueued
[89.094s][info][gc,ref      ] GC(55) Weak: 796 encountered, 146 discovered, 0 enqueued
[89.094s][info][gc,ref      ] GC(55) Final: 0 encountered, 0 discovered, 0 enqueued
[89.094s][info][gc,ref      ] GC(55) Phantom: 27 encountered, 23 discovered, 0 enqueued
[89.094s][info][gc,reloc    ] GC(55) Small Pages: 596 / 1192M, Empty: 1032M, Relocated: 4M, In-Place: 0
[89.094s][info][gc,reloc    ] GC(55) Medium Pages: 0 / 0M, Empty: 0M, Relocated: 0M, In-Place: 0
[89.094s][info][gc,reloc    ] GC(55) Large Pages: 0 / 0M, Empty: 0M, Relocated: 0M, In-Place: 0
[89.094s][info][gc,reloc    ] GC(55) Forwarding Usage: 2M
[89.095s][info][gc,heap     ] GC(55) Min Capacity: 8M(0%)
[89.095s][info][gc,heap     ] GC(55) Max Capacity: 2048M(100%)
[89.095s][info][gc,heap     ] GC(55) Soft Max Capacity: 2048M(100%)
[89.095s][info][gc,heap     ] GC(55)                Mark Start          Mark End        Relocate Start      Relocate End           High               Low         
[89.095s][info][gc,heap     ] GC(55)  Capacity:     2048M (100%)       2048M (100%)       2048M (100%)       2048M (100%)       2048M (100%)       2048M (100%)   
[89.095s][info][gc,heap     ] GC(55)      Free:      856M (42%)         850M (42%)        1880M (92%)        2014M (98%)        2014M (98%)         850M (42%)    
[89.095s][info][gc,heap     ] GC(55)      Used:     1192M (58%)        1198M (58%)         168M (8%)           34M (2%)         1198M (58%)          34M (2%)     
[89.095s][info][gc,heap     ] GC(55)      Live:         -                 6M (0%)            6M (0%)            6M (0%)             -                  -          
[89.095s][info][gc,heap     ] GC(55) Allocated:         -                 6M (0%)            8M (0%)            7M (0%)             -                  -          
[89.095s][info][gc,heap     ] GC(55)   Garbage:         -              1185M (58%)         153M (8%)           19M (1%)             -                  -          
[89.095s][info][gc,heap     ] GC(55) Reclaimed:         -                  -              1032M (50%)        1165M (57%)            -                  -          
[89.095s][info][gc          ] GC(55) Garbage Collection (Proactive) 1192M(58%)->34M(2%)
[90.169s][info][gc,stats    ] === Garbage Collection Statistics =======================================================================================================================
[90.169s][info][gc,stats    ]                                                              Last 10s              Last 10m              Last 10h                Total
[90.169s][info][gc,stats    ]                                                              Avg / Max             Avg / Max             Avg / Max             Avg / Max
[90.169s][info][gc,stats    ]   Collector: Garbage Collection Cycle                     29.141 / 42.739       26.324 / 42.739       26.324 / 42.739       26.324 / 42.739      ms
[90.170s][info][gc,stats    ]  Contention: Mark Segment Reset Contention                     1 / 5                 2 / 10                2 / 10                2 / 10          ops/s
[90.170s][info][gc,stats    ]  Contention: Mark SeqNum Reset Contention                      0 / 1                 0 / 2                 0 / 2                 0 / 2           ops/s
[90.170s][info][gc,stats    ]    Critical: Allocation Stall                                  0 / 0                 0 / 0                 0 / 0                 0 / 0           ops/s
[90.170s][info][gc,stats    ]    Critical: Allocation Stall                              0.000 / 0.000         0.000 / 0.000         0.000 / 0.000         0.000 / 0.000       ms
[90.170s][info][gc,stats    ]    Critical: GC Locker Stall                                   0 / 0                 0 / 0                 0 / 0                 0 / 0           ops/s
[90.170s][info][gc,stats    ]    Critical: GC Locker Stall                               0.000 / 0.000         0.000 / 0.000         0.000 / 0.000         0.000 / 0.000       ms
[90.170s][info][gc,stats    ]    Critical: Relocation Stall                                  0 / 0                 0 / 0                 0 / 0                 0 / 0           ops/s
[90.170s][info][gc,stats    ]    Critical: Relocation Stall                              0.000 / 0.000         0.000 / 0.000         0.000 / 0.000         0.000 / 0.000       ms
[90.170s][info][gc,stats    ]      Memory: Allocation Rate                                 323 / 334             317 / 342             317 / 342             317 / 342         MB/s
[90.170s][info][gc,stats    ]      Memory: Defragment                                        0 / 0                 0 / 0                 0 / 0                 0 / 0           ops/s
[90.170s][info][gc,stats    ]      Memory: Out Of Memory                                     0 / 0                 0 / 0                 0 / 0                 0 / 0           ops/s
[90.170s][info][gc,stats    ]      Memory: Page Cache Flush                                  0 / 0                 0 / 0                 0 / 0                 0 / 0           MB/s
[90.170s][info][gc,stats    ]      Memory: Page Cache Hit L1                               165 / 179             159 / 180             159 / 180             159 / 180         ops/s
[90.170s][info][gc,stats    ]      Memory: Page Cache Hit L2                                 0 / 0                 0 / 0                 0 / 0                 0 / 0           ops/s
[90.170s][info][gc,stats    ]      Memory: Page Cache Hit L3                                 3 / 30                6 / 145               6 / 145               6 / 145         ops/s
[90.170s][info][gc,stats    ]      Memory: Page Cache Miss                                   0 / 0                 0 / 1                 0 / 1                 0 / 1           ops/s
[90.170s][info][gc,stats    ]      Memory: Uncommit                                          0 / 0                 0 / 0                 0 / 0                 0 / 0           MB/s
[90.170s][info][gc,stats    ]      Memory: Undo Object Allocation Failed                     0 / 1                 0 / 5                 0 / 5                 0 / 5           ops/s
[90.170s][info][gc,stats    ]      Memory: Undo Object Allocation Succeeded                  0 / 3                 0 / 3                 0 / 3                 0 / 3           ops/s
[90.170s][info][gc,stats    ]      Memory: Undo Page Allocation                              2 / 5                 1 / 6                 1 / 6                 1 / 6           ops/s
[90.170s][info][gc,stats    ]       Phase: Concurrent Mark                              15.136 / 17.787       15.003 / 30.725       15.003 / 30.725       15.003 / 30.725      ms
[90.170s][info][gc,stats    ]       Phase: Concurrent Mark Continue                      0.000 / 0.000         0.000 / 0.000         0.000 / 0.000         0.000 / 0.000       ms
[90.170s][info][gc,stats    ]       Phase: Concurrent Mark Free                          0.001 / 0.002         0.001 / 0.002         0.001 / 0.002         0.001 / 0.002       ms
[90.170s][info][gc,stats    ]       Phase: Concurrent Process Non-Strong References      0.962 / 1.006         1.045 / 5.203         1.045 / 5.203         1.045 / 5.203       ms
[90.170s][info][gc,stats    ]       Phase: Concurrent Relocate                           3.335 / 3.687         3.208 / 4.275         3.208 / 4.275         3.208 / 4.275       ms
[90.171s][info][gc,stats    ]       Phase: Concurrent Reset Relocation Set               0.008 / 0.012         0.008 / 0.016         0.008 / 0.016         0.008 / 0.016       ms
[90.171s][info][gc,stats    ]       Phase: Concurrent Select Relocation Set              5.400 / 7.396         5.558 / 15.037        5.558 / 15.037        5.558 / 15.037      ms
[90.171s][info][gc,stats    ]       Phase: Pause Mark End                                0.024 / 0.032         0.023 / 0.032         0.023 / 0.032         0.023 / 0.032       ms
[90.171s][info][gc,stats    ]       Phase: Pause Mark Start                              0.018 / 0.019         0.018 / 0.030         0.018 / 0.030         0.018 / 0.030       ms
[90.171s][info][gc,stats    ]       Phase: Pause Relocate Start                          0.008 / 0.009         0.008 / 0.010         0.008 / 0.010         0.008 / 0.010       ms
[90.171s][info][gc,stats    ]    Subphase: Concurrent Classes Purge                      0.007 / 0.019         0.048 / 0.832         0.048 / 0.832         0.048 / 0.832       ms
[90.171s][info][gc,stats    ]    Subphase: Concurrent Classes Unlink                     0.653 / 0.688         0.693 / 4.025         0.693 / 4.025         0.693 / 4.025       ms
[90.171s][info][gc,stats    ]    Subphase: Concurrent Mark                              13.315 / 16.729       13.143 / 23.255       13.143 / 23.255       13.143 / 23.255      ms
[90.171s][info][gc,stats    ]    Subphase: Concurrent Mark Try Flush                     0.069 / 0.103         0.069 / 0.112         0.069 / 0.112         0.069 / 0.112       ms
[90.171s][info][gc,stats    ]    Subphase: Concurrent Mark Try Terminate                 8.645 / 14.612        8.070 / 16.246        8.070 / 16.246        8.070 / 16.246      ms
[90.171s][info][gc,stats    ]    Subphase: Concurrent References Enqueue                 0.000 / 0.001         0.001 / 0.004         0.001 / 0.004         0.001 / 0.004       ms
[90.171s][info][gc,stats    ]    Subphase: Concurrent References Process                 0.048 / 0.055         0.048 / 0.075         0.048 / 0.075         0.048 / 0.075       ms
[90.171s][info][gc,stats    ]    Subphase: Concurrent Roots ClassLoaderDataGraph         0.082 / 0.644         0.087 / 0.967         0.087 / 0.967         0.087 / 0.967       ms
[90.171s][info][gc,stats    ]    Subphase: Concurrent Roots CodeCache                    0.000 / 0.000         0.000 / 0.000         0.000 / 0.000         0.000 / 0.000       ms
[90.171s][info][gc,stats    ]    Subphase: Concurrent Roots JavaThreads                  0.481 / 0.984         0.584 / 7.350         0.584 / 7.350         0.584 / 7.350       ms
[90.171s][info][gc,stats    ]    Subphase: Concurrent Roots OopStorageSet                0.016 / 0.053         0.019 / 0.273         0.019 / 0.273         0.019 / 0.273       ms
[90.171s][info][gc,stats    ]    Subphase: Concurrent Weak Roots OopStorageSet           0.134 / 0.150         0.133 / 0.165         0.133 / 0.165         0.133 / 0.165       ms
[90.171s][info][gc,stats    ]    Subphase: Pause Mark Try Complete                       0.000 / 0.000         0.000 / 0.000         0.000 / 0.000         0.000 / 0.000       ms
[90.171s][info][gc,stats    ]      System: Java Threads                                     32 / 32               31 / 37               31 / 37               31 / 37          threads
[90.171s][info][gc,stats    ] =========================================================================================================================================================
[90.687s][info][gc,start    ] GC(56) Garbage Collection (System.gc())
[90.687s][info][gc,task     ] GC(56) Using 12 workers
[90.687s][info][gc,phases   ] GC(56) Pause Mark Start 0.017ms
[90.707s][info][gc,phases   ] GC(56) Concurrent Mark 20.244ms
[90.707s][info][gc,phases   ] GC(56) Pause Mark End 0.021ms
[90.708s][info][gc,phases   ] GC(56) Concurrent Mark Free 0.001ms
[90.708s][info][gc,phases   ] GC(56) Concurrent Process Non-Strong References 0.884ms
[90.708s][info][gc,phases   ] GC(56) Concurrent Reset Relocation Set 0.013ms
[90.712s][info][gc,phases   ] GC(56) Concurrent Select Relocation Set 3.905ms
[90.713s][info][gc,phases   ] GC(56) Pause Relocate Start 0.006ms
[90.715s][info][gc,phases   ] GC(56) Concurrent Relocate 2.900ms
[90.716s][info][gc,load     ] GC(56) Load: 0.00/0.00/0.00
[90.716s][info][gc,mmu      ] GC(56) MMU: 2ms/98.4%, 5ms/99.4%, 10ms/99.6%, 20ms/99.8%, 50ms/99.9%, 100ms/99.9%
[90.716s][info][gc,marking  ] GC(56) Mark: 8 stripe(s), 2 proactive flush(es), 1 terminate flush(es), 0 completion(s), 0 continuation(s) 
[90.716s][info][gc,marking  ] GC(56) Mark Stack Usage: 32M
[90.716s][info][gc,nmethod  ] GC(56) NMethods: 1921 registered, 371 unregistered
[90.716s][info][gc,metaspace] GC(56) Metaspace: 9M used, 9M committed, 1088M reserved
[90.716s][info][gc,ref      ] GC(56) Soft: 214 encountered, 0 discovered, 0 enqueued
[90.716s][info][gc,ref      ] GC(56) Weak: 796 encountered, 68 discovered, 0 enqueued
[90.716s][info][gc,ref      ] GC(56) Final: 0 encountered, 0 discovered, 0 enqueued
[90.716s][info][gc,ref      ] GC(56) Phantom: 27 encountered, 23 discovered, 0 enqueued
[90.716s][info][gc,reloc    ] GC(56) Small Pages: 264 / 528M, Empty: 506M, Relocated: 3M, In-Place: 0
[90.716s][info][gc,reloc    ] GC(56) Medium Pages: 0 / 0M, Empty: 0M, Relocated: 0M, In-Place: 0
[90.716s][info][gc,reloc    ] GC(56) Large Pages: 0 / 0M, Empty: 0M, Relocated: 0M, In-Place: 0
[90.716s][info][gc,reloc    ] GC(56) Forwarding Usage: 1M
[90.716s][info][gc,heap     ] GC(56) Min Capacity: 8M(0%)
[90.716s][info][gc,heap     ] GC(56) Max Capacity: 2048M(100%)
[90.716s][info][gc,heap     ] GC(56) Soft Max Capacity: 2048M(100%)
[90.716s][info][gc,heap     ] GC(56)                Mark Start          Mark End        Relocate Start      Relocate End           High               Low         
[90.716s][info][gc,heap     ] GC(56)  Capacity:     2048M (100%)       2048M (100%)       2048M (100%)       2048M (100%)       2048M (100%)       2048M (100%)   
[90.716s][info][gc,heap     ] GC(56)      Free:     1520M (74%)        1520M (74%)        2026M (99%)        2026M (99%)        2026M (99%)        1520M (74%)    
[90.716s][info][gc,heap     ] GC(56)      Used:      528M (26%)         528M (26%)          22M (1%)           22M (1%)          528M (26%)          22M (1%)     
[90.716s][info][gc,heap     ] GC(56)      Live:         -                 4M (0%)            4M (0%)            4M (0%)             -                  -          
[90.716s][info][gc,heap     ] GC(56) Allocated:         -                 0M (0%)            0M (0%)            0M (0%)             -                  -          
[90.716s][info][gc,heap     ] GC(56)   Garbage:         -               523M (26%)          17M (1%)           17M (1%)             -                  -          
[90.716s][info][gc,heap     ] GC(56) Reclaimed:         -                  -               506M (25%)         506M (25%)            -                  -          
[90.716s][info][gc          ] GC(56) Garbage Collection (System.gc()) 528M(26%)->22M(1%)
[93.378s][info][gc,start    ] GC(57) Garbage Collection (Proactive)
[93.379s][info][gc,task     ] GC(57) Using 12 workers
[93.379s][info][gc,phases   ] GC(57) Pause Mark Start 0.018ms
[93.394s][info][gc,phases   ] GC(57) Concurrent Mark 15.210ms
[93.394s][info][gc,phases   ] GC(57) Pause Mark End 0.024ms
[93.394s][info][gc,phases   ] GC(57) Concurrent Mark Free 0.001ms
[93.395s][info][gc,phases   ] GC(57) Concurrent Process Non-Strong References 0.975ms
[93.395s][info][gc,phases   ] GC(57) Concurrent Reset Relocation Set 0.002ms
[93.402s][info][gc,phases   ] GC(57) Concurrent Select Relocation Set 6.968ms
[93.403s][info][gc,phases   ] GC(57) Pause Relocate Start 0.008ms
[93.406s][info][gc,phases   ] GC(57) Concurrent Relocate 3.337ms
[93.406s][info][gc,load     ] GC(57) Load: 0.00/0.00/0.00
[93.406s][info][gc,mmu      ] GC(57) MMU: 2ms/98.4%, 5ms/99.4%, 10ms/99.6%, 20ms/99.8%, 50ms/99.9%, 100ms/99.9%
[93.406s][info][gc,marking  ] GC(57) Mark: 8 stripe(s), 2 proactive flush(es), 1 terminate flush(es), 0 completion(s), 0 continuation(s) 
[93.406s][info][gc,marking  ] GC(57) Mark Stack Usage: 32M
[93.406s][info][gc,nmethod  ] GC(57) NMethods: 1931 registered, 371 unregistered
[93.406s][info][gc,metaspace] GC(57) Metaspace: 9M used, 9M committed, 1088M reserved
[93.406s][info][gc,ref      ] GC(57) Soft: 214 encountered, 0 discovered, 0 enqueued
[93.406s][info][gc,ref      ] GC(57) Weak: 796 encountered, 54 discovered, 0 enqueued
[93.406s][info][gc,ref      ] GC(57) Final: 0 encountered, 0 discovered, 0 enqueued
[93.406s][info][gc,ref      ] GC(57) Phantom: 27 encountered, 18 discovered, 0 enqueued
[93.406s][info][gc,reloc    ] GC(57) Small Pages: 448 / 896M, Empty: 708M, Relocated: 4M, In-Place: 0
[93.406s][info][gc,reloc    ] GC(57) Medium Pages: 0 / 0M, Empty: 0M, Relocated: 0M, In-Place: 0
[93.406s][info][gc,reloc    ] GC(57) Large Pages: 0 / 0M, Empty: 0M, Relocated: 0M, In-Place: 0
[93.406s][info][gc,reloc    ] GC(57) Forwarding Usage: 2M
[93.407s][info][gc,heap     ] GC(57) Min Capacity: 8M(0%)
[93.407s][info][gc,heap     ] GC(57) Max Capacity: 2048M(100%)
[93.407s][info][gc,heap     ] GC(57) Soft Max Capacity: 2048M(100%)
[93.407s][info][gc,heap     ] GC(57)                Mark Start          Mark End        Relocate Start      Relocate End           High               Low         
[93.407s][info][gc,heap     ] GC(57)  Capacity:     2048M (100%)       2048M (100%)       2048M (100%)       2048M (100%)       2048M (100%)       2048M (100%)   
[93.407s][info][gc,heap     ] GC(57)      Free:     1152M (56%)        1146M (56%)        1852M (90%)        2012M (98%)        2012M (98%)        1146M (56%)    
[93.407s][info][gc,heap     ] GC(57)      Used:      896M (44%)         902M (44%)         196M (10%)          36M (2%)          902M (44%)          36M (2%)     
[93.407s][info][gc,heap     ] GC(57)      Live:         -                 6M (0%)            6M (0%)            6M (0%)             -                  -          
[93.407s][info][gc,heap     ] GC(57) Allocated:         -                 6M (0%)            8M (0%)            9M (0%)             -                  -          
[93.407s][info][gc,heap     ] GC(57)   Garbage:         -               889M (43%)         181M (9%)           19M (1%)             -                  -          
[93.407s][info][gc,heap     ] GC(57) Reclaimed:         -                  -               708M (35%)         869M (42%)            -                  -          
[93.407s][info][gc          ] GC(57) Garbage Collection (Proactive) 896M(44%)->36M(2%)
[95.565s][info][gc,start    ] GC(58) Garbage Collection (Proactive)
[95.566s][info][gc,task     ] GC(58) Using 12 workers
[95.566s][info][gc,phases   ] GC(58) Pause Mark Start 0.017ms
[95.581s][info][gc,phases   ] GC(58) Concurrent Mark 15.186ms
[95.581s][info][gc,phases   ] GC(58) Pause Mark End 0.022ms
[95.581s][info][gc,phases   ] GC(58) Concurrent Mark Free 0.001ms
[95.582s][info][gc,phases   ] GC(58) Concurrent Process Non-Strong References 0.987ms
[95.582s][info][gc,phases   ] GC(58) Concurrent Reset Relocation Set 0.014ms
[95.586s][info][gc,phases   ] GC(58) Concurrent Select Relocation Set 3.888ms
[95.587s][info][gc,phases   ] GC(58) Pause Relocate Start 0.007ms
[95.590s][info][gc,phases   ] GC(58) Concurrent Relocate 3.310ms
[95.590s][info][gc,load     ] GC(58) Load: 0.00/0.00/0.00
[95.590s][info][gc,mmu      ] GC(58) MMU: 2ms/98.4%, 5ms/99.4%, 10ms/99.6%, 20ms/99.8%, 50ms/99.9%, 100ms/99.9%
[95.590s][info][gc,marking  ] GC(58) Mark: 8 stripe(s), 2 proactive flush(es), 1 terminate flush(es), 0 completion(s), 0 continuation(s) 
[95.590s][info][gc,marking  ] GC(58) Mark Stack Usage: 32M
[95.590s][info][gc,nmethod  ] GC(58) NMethods: 1931 registered, 371 unregistered
[95.590s][info][gc,metaspace] GC(58) Metaspace: 9M used, 9M committed, 1088M reserved
[95.590s][info][gc,ref      ] GC(58) Soft: 214 encountered, 0 discovered, 0 enqueued
[95.590s][info][gc,ref      ] GC(58) Weak: 796 encountered, 85 discovered, 0 enqueued
[95.590s][info][gc,ref      ] GC(58) Final: 0 encountered, 0 discovered, 0 enqueued
[95.590s][info][gc,ref      ] GC(58) Phantom: 27 encountered, 21 discovered, 0 enqueued
[95.590s][info][gc,reloc    ] GC(58) Small Pages: 374 / 748M, Empty: 628M, Relocated: 4M, In-Place: 0
[95.590s][info][gc,reloc    ] GC(58) Medium Pages: 0 / 0M, Empty: 0M, Relocated: 0M, In-Place: 0
[95.590s][info][gc,reloc    ] GC(58) Large Pages: 0 / 0M, Empty: 0M, Relocated: 0M, In-Place: 0
[95.590s][info][gc,reloc    ] GC(58) Forwarding Usage: 2M
[95.590s][info][gc,heap     ] GC(58) Min Capacity: 8M(0%)
[95.590s][info][gc,heap     ] GC(58) Max Capacity: 2048M(100%)
[95.590s][info][gc,heap     ] GC(58) Soft Max Capacity: 2048M(100%)
[95.591s][info][gc,heap     ] GC(58)                Mark Start          Mark End        Relocate Start      Relocate End           High               Low         
[95.591s][info][gc,heap     ] GC(58)  Capacity:     2048M (100%)       2048M (100%)       2048M (100%)       2048M (100%)       2048M (100%)       2048M (100%)   
[95.591s][info][gc,heap     ] GC(58)      Free:     1300M (63%)        1294M (63%)        1920M (94%)        2014M (98%)        2014M (98%)        1294M (63%)    
[95.591s][info][gc,heap     ] GC(58)      Used:      748M (37%)         754M (37%)         128M (6%)           34M (2%)          754M (37%)          34M (2%)     
[95.591s][info][gc,heap     ] GC(58)      Live:         -                 6M (0%)            6M (0%)            6M (0%)             -                  -          
[95.591s][info][gc,heap     ] GC(58) Allocated:         -                 6M (0%)            8M (0%)            7M (0%)             -                  -          
[95.591s][info][gc,heap     ] GC(58)   Garbage:         -               741M (36%)         113M (6%)           19M (1%)             -                  -          
[95.591s][info][gc,heap     ] GC(58) Reclaimed:         -                  -               628M (31%)         721M (35%)            -                  -          
[95.591s][info][gc          ] GC(58) Garbage Collection (Proactive) 748M(37%)->34M(2%)
[97.378s][info][gc,start    ] GC(59) Garbage Collection (Proactive)
[97.378s][info][gc,task     ] GC(59) Using 12 workers
[97.378s][info][gc,phases   ] GC(59) Pause Mark Start 0.018ms
[97.393s][info][gc,phases   ] GC(59) Concurrent Mark 15.185ms
[97.393s][info][gc,phases   ] GC(59) Pause Mark End 0.021ms
[97.393s][info][gc,phases   ] GC(59) Concurrent Mark Free 0.001ms
[97.394s][info][gc,phases   ] GC(59) Concurrent Process Non-Strong References 0.899ms
[97.394s][info][gc,phases   ] GC(59) Concurrent Reset Relocation Set 0.009ms
[97.398s][info][gc,phases   ] GC(59) Concurrent Select Relocation Set 3.973ms
[97.398s][info][gc,phases   ] GC(59) Pause Relocate Start 0.006ms
[97.402s][info][gc,phases   ] GC(59) Concurrent Relocate 2.985ms
[97.402s][info][gc,load     ] GC(59) Load: 0.00/0.00/0.00
[97.402s][info][gc,mmu      ] GC(59) MMU: 2ms/98.4%, 5ms/99.4%, 10ms/99.6%, 20ms/99.8%, 50ms/99.9%, 100ms/99.9%
[97.402s][info][gc,marking  ] GC(59) Mark: 8 stripe(s), 2 proactive flush(es), 1 terminate flush(es), 0 completion(s), 0 continuation(s) 
[97.402s][info][gc,marking  ] GC(59) Mark Stack Usage: 32M
[97.402s][info][gc,nmethod  ] GC(59) NMethods: 1931 registered, 371 unregistered
[97.402s][info][gc,metaspace] GC(59) Metaspace: 9M used, 9M committed, 1088M reserved
[97.402s][info][gc,ref      ] GC(59) Soft: 214 encountered, 0 discovered, 0 enqueued
[97.402s][info][gc,ref      ] GC(59) Weak: 796 encountered, 8 discovered, 0 enqueued
[97.402s][info][gc,ref      ] GC(59) Final: 0 encountered, 0 discovered, 0 enqueued
[97.402s][info][gc,ref      ] GC(59) Phantom: 27 encountered, 19 discovered, 0 enqueued
[97.402s][info][gc,reloc    ] GC(59) Small Pages: 300 / 600M, Empty: 530M, Relocated: 3M, In-Place: 0
[97.402s][info][gc,reloc    ] GC(59) Medium Pages: 0 / 0M, Empty: 0M, Relocated: 0M, In-Place: 0
[97.402s][info][gc,reloc    ] GC(59) Large Pages: 0 / 0M, Empty: 0M, Relocated: 0M, In-Place: 0
[97.402s][info][gc,reloc    ] GC(59) Forwarding Usage: 1M
[97.402s][info][gc,heap     ] GC(59) Min Capacity: 8M(0%)
[97.402s][info][gc,heap     ] GC(59) Max Capacity: 2048M(100%)
[97.402s][info][gc,heap     ] GC(59) Soft Max Capacity: 2048M(100%)
[97.402s][info][gc,heap     ] GC(59)                Mark Start          Mark End        Relocate Start      Relocate End           High               Low         
[97.402s][info][gc,heap     ] GC(59)  Capacity:     2048M (100%)       2048M (100%)       2048M (100%)       2048M (100%)       2048M (100%)       2048M (100%)   
[97.402s][info][gc,heap     ] GC(59)      Free:     1448M (71%)        1444M (71%)        1974M (96%)        2016M (98%)        2016M (98%)        1444M (71%)    
[97.402s][info][gc,heap     ] GC(59)      Used:      600M (29%)         604M (29%)          74M (4%)           32M (2%)          604M (29%)          32M (2%)     
[97.402s][info][gc,heap     ] GC(59)      Live:         -                 5M (0%)            5M (0%)            5M (0%)             -                  -          
[97.402s][info][gc,heap     ] GC(59) Allocated:         -                 4M (0%)            4M (0%)            4M (0%)             -                  -          
[97.402s][info][gc,heap     ] GC(59)   Garbage:         -               594M (29%)          64M (3%)           22M (1%)             -                  -          
[97.402s][info][gc,heap     ] GC(59) Reclaimed:         -                  -               530M (26%)         572M (28%)            -                  -          
[97.402s][info][gc          ] GC(59) Garbage Collection (Proactive) 600M(29%)->32M(2%)
[97.402s][info][gc,start    ] GC(60) Garbage Collection (System.gc())
[97.402s][info][gc,task     ] GC(60) Using 12 workers
[97.403s][info][gc,phases   ] GC(60) Pause Mark Start 0.011ms
[97.409s][info][gc,phases   ] GC(60) Concurrent Mark 6.146ms
[97.409s][info][gc,phases   ] GC(60) Pause Mark End 0.016ms
[97.409s][info][gc,phases   ] GC(60) Concurrent Mark Free 0.001ms
[97.410s][info][gc,phases   ] GC(60) Concurrent Process Non-Strong References 0.832ms
[97.410s][info][gc,phases   ] GC(60) Concurrent Reset Relocation Set 0.004ms
[97.416s][info][gc,phases   ] GC(60) Concurrent Select Relocation Set 5.745ms
[97.416s][info][gc,phases   ] GC(60) Pause Relocate Start 0.005ms
[97.419s][info][gc,phases   ] GC(60) Concurrent Relocate 2.873ms
[97.419s][info][gc,load     ] GC(60) Load: 0.00/0.00/0.00
[97.419s][info][gc,mmu      ] GC(60) MMU: 2ms/98.4%, 5ms/99.4%, 10ms/99.6%, 20ms/99.7%, 50ms/99.8%, 100ms/99.9%
[97.419s][info][gc,marking  ] GC(60) Mark: 8 stripe(s), 2 proactive flush(es), 1 terminate flush(es), 0 completion(s), 0 continuation(s) 
[97.419s][info][gc,marking  ] GC(60) Mark Stack Usage: 32M
[97.419s][info][gc,nmethod  ] GC(60) NMethods: 1931 registered, 371 unregistered
[97.419s][info][gc,metaspace] GC(60) Metaspace: 9M used, 9M committed, 1088M reserved
[97.419s][info][gc,ref      ] GC(60) Soft: 214 encountered, 0 discovered, 0 enqueued
[97.419s][info][gc,ref      ] GC(60) Weak: 796 encountered, 204 discovered, 0 enqueued
[97.419s][info][gc,ref      ] GC(60) Final: 0 encountered, 0 discovered, 0 enqueued
[97.419s][info][gc,ref      ] GC(60) Phantom: 27 encountered, 20 discovered, 0 enqueued
[97.419s][info][gc,reloc    ] GC(60) Small Pages: 16 / 32M, Empty: 16M, Relocated: 3M, In-Place: 0
[97.419s][info][gc,reloc    ] GC(60) Medium Pages: 0 / 0M, Empty: 0M, Relocated: 0M, In-Place: 0
[97.419s][info][gc,reloc    ] GC(60) Large Pages: 0 / 0M, Empty: 0M, Relocated: 0M, In-Place: 0
[97.419s][info][gc,reloc    ] GC(60) Forwarding Usage: 1M
[97.419s][info][gc,heap     ] GC(60) Min Capacity: 8M(0%)
[97.419s][info][gc,heap     ] GC(60) Max Capacity: 2048M(100%)
[97.419s][info][gc,heap     ] GC(60) Soft Max Capacity: 2048M(100%)
[97.419s][info][gc,heap     ] GC(60)                Mark Start          Mark End        Relocate Start      Relocate End           High               Low         
[97.419s][info][gc,heap     ] GC(60)  Capacity:     2048M (100%)       2048M (100%)       2048M (100%)       2048M (100%)       2048M (100%)       2048M (100%)   
[97.419s][info][gc,heap     ] GC(60)      Free:     2016M (98%)        2016M (98%)        2032M (99%)        2032M (99%)        2032M (99%)        2016M (98%)    
[97.419s][info][gc,heap     ] GC(60)      Used:       32M (2%)           32M (2%)           16M (1%)           16M (1%)           32M (2%)           16M (1%)     
[97.419s][info][gc,heap     ] GC(60)      Live:         -                 4M (0%)            4M (0%)            4M (0%)             -                  -          
[97.419s][info][gc,heap     ] GC(60) Allocated:         -                 0M (0%)            0M (0%)            0M (0%)             -                  -          
[97.419s][info][gc,heap     ] GC(60)   Garbage:         -                27M (1%)           11M (1%)           11M (1%)             -                  -          
[97.419s][info][gc,heap     ] GC(60) Reclaimed:         -                  -                16M (1%)           16M (1%)             -                  -          
[97.419s][info][gc          ] GC(60) Garbage Collection (System.gc()) 32M(2%)->16M(1%)
[99.174s][info][gc,start    ] GC(61) Garbage Collection (Proactive)
[99.174s][info][gc,task     ] GC(61) Using 12 workers
[99.174s][info][gc,phases   ] GC(61) Pause Mark Start 0.019ms
[99.190s][info][gc,phases   ] GC(61) Concurrent Mark 15.144ms
[99.190s][info][gc,phases   ] GC(61) Pause Mark End 0.025ms
[99.190s][info][gc,phases   ] GC(61) Concurrent Mark Free 0.001ms
[99.191s][info][gc,phases   ] GC(61) Concurrent Process Non-Strong References 0.993ms
[99.191s][info][gc,phases   ] GC(61) Concurrent Reset Relocation Set 0.002ms
[99.198s][info][gc,phases   ] GC(61) Concurrent Select Relocation Set 6.695ms
[99.198s][info][gc,phases   ] GC(61) Pause Relocate Start 0.010ms
[99.201s][info][gc,phases   ] GC(61) Concurrent Relocate 3.045ms
[99.201s][info][gc,load     ] GC(61) Load: 0.00/0.00/0.00
[99.201s][info][gc,mmu      ] GC(61) MMU: 2ms/98.4%, 5ms/99.4%, 10ms/99.6%, 20ms/99.7%, 50ms/99.8%, 100ms/99.9%
[99.201s][info][gc,marking  ] GC(61) Mark: 8 stripe(s), 2 proactive flush(es), 2 terminate flush(es), 0 completion(s), 0 continuation(s) 
[99.201s][info][gc,marking  ] GC(61) Mark Stack Usage: 32M
[99.201s][info][gc,nmethod  ] GC(61) NMethods: 1937 registered, 371 unregistered
[99.201s][info][gc,metaspace] GC(61) Metaspace: 9M used, 9M committed, 1088M reserved
[99.201s][info][gc,ref      ] GC(61) Soft: 214 encountered, 0 discovered, 0 enqueued
[99.201s][info][gc,ref      ] GC(61) Weak: 809 encountered, 9 discovered, 4 enqueued
[99.201s][info][gc,ref      ] GC(61) Final: 0 encountered, 0 discovered, 0 enqueued
[99.201s][info][gc,ref      ] GC(61) Phantom: 27 encountered, 21 discovered, 0 enqueued
[99.201s][info][gc,reloc    ] GC(61) Small Pages: 287 / 574M, Empty: 430M, Relocated: 5M, In-Place: 0
[99.201s][info][gc,reloc    ] GC(61) Medium Pages: 0 / 0M, Empty: 0M, Relocated: 0M, In-Place: 0
[99.201s][info][gc,reloc    ] GC(61) Large Pages: 0 / 0M, Empty: 0M, Relocated: 0M, In-Place: 0
[99.201s][info][gc,reloc    ] GC(61) Forwarding Usage: 2M
[99.201s][info][gc,heap     ] GC(61) Min Capacity: 8M(0%)
[99.202s][info][gc,heap     ] GC(61) Max Capacity: 2048M(100%)
[99.202s][info][gc,heap     ] GC(61) Soft Max Capacity: 2048M(100%)
[99.202s][info][gc,heap     ] GC(61)                Mark Start          Mark End        Relocate Start      Relocate End           High               Low         
[99.202s][info][gc,heap     ] GC(61)  Capacity:     2048M (100%)       2048M (100%)       2048M (100%)       2048M (100%)       2048M (100%)       2048M (100%)   
[99.202s][info][gc,heap     ] GC(61)      Free:     1474M (72%)        1466M (72%)        1894M (92%)        2010M (98%)        2010M (98%)        1466M (72%)    
[99.202s][info][gc,heap     ] GC(61)      Used:      574M (28%)         582M (28%)         154M (8%)           38M (2%)          582M (28%)          38M (2%)     
[99.202s][info][gc,heap     ] GC(61)      Live:         -                 6M (0%)            6M (0%)            6M (0%)             -                  -          
[99.202s][info][gc,heap     ] GC(61) Allocated:         -                 8M (0%)           10M (0%)           11M (1%)             -                  -          
[99.202s][info][gc,heap     ] GC(61)   Garbage:         -               567M (28%)         137M (7%)           19M (1%)             -                  -          
[99.202s][info][gc,heap     ] GC(61) Reclaimed:         -                  -               430M (21%)         547M (27%)            -                  -          
[99.202s][info][gc          ] GC(61) Garbage Collection (Proactive) 574M(28%)->38M(2%)
[100.173s][info][gc,stats    ] === Garbage Collection Statistics =======================================================================================================================
[100.173s][info][gc,stats    ]                                                              Last 10s              Last 10m              Last 10h                Total
[100.173s][info][gc,stats    ]                                                              Avg / Max             Avg / Max             Avg / Max             Avg / Max
[100.173s][info][gc,stats    ]   Collector: Garbage Collection Cycle                     24.787 / 28.920       26.176 / 42.739       26.176 / 42.739       26.176 / 42.739      ms
[100.173s][info][gc,stats    ]  Contention: Mark Segment Reset Contention                     0 / 4                 1 / 10                1 / 10                1 / 10          ops/s
[100.173s][info][gc,stats    ]  Contention: Mark SeqNum Reset Contention                      0 / 1                 0 / 2                 0 / 2                 0 / 2           ops/s
[100.173s][info][gc,stats    ]    Critical: Allocation Stall                                  0 / 0                 0 / 0                 0 / 0                 0 / 0           ops/s
[100.174s][info][gc,stats    ]    Critical: Allocation Stall                              0.000 / 0.000         0.000 / 0.000         0.000 / 0.000         0.000 / 0.000       ms
[100.174s][info][gc,stats    ]    Critical: GC Locker Stall                                   0 / 0                 0 / 0                 0 / 0                 0 / 0           ops/s
[100.174s][info][gc,stats    ]    Critical: GC Locker Stall                               0.000 / 0.000         0.000 / 0.000         0.000 / 0.000         0.000 / 0.000       ms
[100.174s][info][gc,stats    ]    Critical: Relocation Stall                                  0 / 0                 0 / 0                 0 / 0                 0 / 0           ops/s
[100.174s][info][gc,stats    ]    Critical: Relocation Stall                              0.000 / 0.000         0.000 / 0.000         0.000 / 0.000         0.000 / 0.000       ms
[100.174s][info][gc,stats    ]      Memory: Allocation Rate                                 325 / 340             318 / 342             318 / 342             318 / 342         MB/s
[100.174s][info][gc,stats    ]      Memory: Defragment                                        0 / 0                 0 / 0                 0 / 0                 0 / 0           ops/s
[100.174s][info][gc,stats    ]      Memory: Out Of Memory                                     0 / 0                 0 / 0                 0 / 0                 0 / 0           ops/s
[100.174s][info][gc,stats    ]      Memory: Page Cache Flush                                  0 / 0                 0 / 0                 0 / 0                 0 / 0           MB/s
[100.174s][info][gc,stats    ]      Memory: Page Cache Hit L1                               169 / 182             160 / 182             160 / 182             160 / 182         ops/s
[100.174s][info][gc,stats    ]      Memory: Page Cache Hit L2                                 0 / 0                 0 / 0                 0 / 0                 0 / 0           ops/s
[100.174s][info][gc,stats    ]      Memory: Page Cache Hit L3                                 0 / 0                 5 / 145               5 / 145               5 / 145         ops/s
[100.174s][info][gc,stats    ]      Memory: Page Cache Miss                                   0 / 0                 0 / 1                 0 / 1                 0 / 1           ops/s
[100.174s][info][gc,stats    ]      Memory: Uncommit                                          0 / 0                 0 / 0                 0 / 0                 0 / 0           MB/s
[100.174s][info][gc,stats    ]      Memory: Undo Object Allocation Failed                     0 / 0                 0 / 5                 0 / 5                 0 / 5           ops/s
[100.174s][info][gc,stats    ]      Memory: Undo Object Allocation Succeeded                  0 / 2                 0 / 3                 0 / 3                 0 / 3           ops/s
[100.174s][info][gc,stats    ]      Memory: Undo Page Allocation                              1 / 3                 1 / 6                 1 / 6                 1 / 6           ops/s
[100.174s][info][gc,stats    ]       Phase: Concurrent Mark                              14.519 / 20.244       14.957 / 30.725       14.957 / 30.725       14.957 / 30.725      ms
[100.174s][info][gc,stats    ]       Phase: Concurrent Mark Continue                      0.000 / 0.000         0.000 / 0.000         0.000 / 0.000         0.000 / 0.000       ms
[100.174s][info][gc,stats    ]       Phase: Concurrent Mark Free                          0.001 / 0.001         0.001 / 0.002         0.001 / 0.002         0.001 / 0.002       ms
[100.174s][info][gc,stats    ]       Phase: Concurrent Process Non-Strong References      0.928 / 0.993         1.034 / 5.203         1.034 / 5.203         1.034 / 5.203       ms
[100.174s][info][gc,stats    ]       Phase: Concurrent Relocate                           3.075 / 3.337         3.196 / 4.275         3.196 / 4.275         3.196 / 4.275       ms
[100.174s][info][gc,stats    ]       Phase: Concurrent Reset Relocation Set               0.007 / 0.014         0.008 / 0.016         0.008 / 0.016         0.008 / 0.016       ms
[100.174s][info][gc,stats    ]       Phase: Concurrent Select Relocation Set              5.196 / 6.968         5.523 / 15.037        5.523 / 15.037        5.523 / 15.037      ms
[100.174s][info][gc,stats    ]       Phase: Pause Mark End                                0.021 / 0.025         0.023 / 0.032         0.023 / 0.032         0.023 / 0.032       ms
[100.174s][info][gc,stats    ]       Phase: Pause Mark Start                              0.017 / 0.019         0.018 / 0.030         0.018 / 0.030         0.018 / 0.030       ms
[100.174s][info][gc,stats    ]       Phase: Pause Relocate Start                          0.007 / 0.010         0.008 / 0.010         0.008 / 0.010         0.008 / 0.010       ms
[100.174s][info][gc,stats    ]    Subphase: Concurrent Classes Purge                      0.007 / 0.014         0.044 / 0.832         0.044 / 0.832         0.044 / 0.832       ms
[100.174s][info][gc,stats    ]    Subphase: Concurrent Classes Unlink                     0.632 / 0.678         0.687 / 4.025         0.687 / 4.025         0.687 / 4.025       ms
[100.175s][info][gc,stats    ]    Subphase: Concurrent Mark                              12.782 / 19.180       13.108 / 23.255       13.108 / 23.255       13.108 / 23.255      ms
[100.175s][info][gc,stats    ]    Subphase: Concurrent Mark Try Flush                     0.071 / 0.200         0.069 / 0.200         0.069 / 0.200         0.069 / 0.200       ms
[100.175s][info][gc,stats    ]    Subphase: Concurrent Mark Try Terminate                 7.862 / 16.368        8.050 / 16.368        8.050 / 16.368        8.050 / 16.368      ms
[100.175s][info][gc,stats    ]    Subphase: Concurrent References Enqueue                 0.001 / 0.004         0.001 / 0.004         0.001 / 0.004         0.001 / 0.004       ms
[100.175s][info][gc,stats    ]    Subphase: Concurrent References Process                 0.044 / 0.054         0.048 / 0.075         0.048 / 0.075         0.048 / 0.075       ms
[100.175s][info][gc,stats    ]    Subphase: Concurrent Roots ClassLoaderDataGraph         0.082 / 0.647         0.087 / 0.967         0.087 / 0.967         0.087 / 0.967       ms
[100.175s][info][gc,stats    ]    Subphase: Concurrent Roots CodeCache                    0.000 / 0.000         0.000 / 0.000         0.000 / 0.000         0.000 / 0.000       ms
[100.175s][info][gc,stats    ]    Subphase: Concurrent Roots JavaThreads                  0.454 / 0.965         0.571 / 7.350         0.571 / 7.350         0.571 / 7.350       ms
[100.175s][info][gc,stats    ]    Subphase: Concurrent Roots OopStorageSet                0.017 / 0.069         0.019 / 0.273         0.019 / 0.273         0.019 / 0.273       ms
[100.175s][info][gc,stats    ]    Subphase: Concurrent Weak Roots OopStorageSet           0.131 / 0.150         0.133 / 0.165         0.133 / 0.165         0.133 / 0.165       ms
[100.175s][info][gc,stats    ]    Subphase: Pause Mark Try Complete                       0.000 / 0.000         0.000 / 0.000         0.000 / 0.000         0.000 / 0.000       ms
[100.175s][info][gc,stats    ]      System: Java Threads                                     32 / 34               31 / 37               31 / 37               31 / 37          threads
[100.175s][info][gc,stats    ] =========================================================================================================================================================
[101.164s][info][gc,start    ] GC(62) Garbage Collection (Proactive)
[101.164s][info][gc,task     ] GC(62) Using 12 workers
[101.164s][info][gc,phases   ] GC(62) Pause Mark Start 0.018ms
[101.179s][info][gc,phases   ] GC(62) Concurrent Mark 15.160ms
[101.180s][info][gc,phases   ] GC(62) Pause Mark End 0.024ms
[101.180s][info][gc,phases   ] GC(62) Concurrent Mark Free 0.001ms
[101.181s][info][gc,phases   ] GC(62) Concurrent Process Non-Strong References 0.939ms
[101.181s][info][gc,phases   ] GC(62) Concurrent Reset Relocation Set 0.013ms
[101.188s][info][gc,phases   ] GC(62) Concurrent Select Relocation Set 7.457ms
[101.188s][info][gc,phases   ] GC(62) Pause Relocate Start 0.010ms
[101.192s][info][gc,phases   ] GC(62) Concurrent Relocate 3.163ms
[101.192s][info][gc,load     ] GC(62) Load: 0.00/0.00/0.00
[101.192s][info][gc,mmu      ] GC(62) MMU: 2ms/98.4%, 5ms/99.4%, 10ms/99.6%, 20ms/99.7%, 50ms/99.8%, 100ms/99.9%
[101.192s][info][gc,marking  ] GC(62) Mark: 8 stripe(s), 4 proactive flush(es), 1 terminate flush(es), 0 completion(s), 0 continuation(s) 
[101.192s][info][gc,marking  ] GC(62) Mark Stack Usage: 32M
[101.192s][info][gc,nmethod  ] GC(62) NMethods: 1937 registered, 371 unregistered
[101.192s][info][gc,metaspace] GC(62) Metaspace: 9M used, 9M committed, 1088M reserved
[101.192s][info][gc,ref      ] GC(62) Soft: 214 encountered, 0 discovered, 0 enqueued
[101.192s][info][gc,ref      ] GC(62) Weak: 805 encountered, 31 discovered, 0 enqueued
[101.192s][info][gc,ref      ] GC(62) Final: 0 encountered, 0 discovered, 0 enqueued
[101.192s][info][gc,ref      ] GC(62) Phantom: 27 encountered, 20 discovered, 0 enqueued
[101.192s][info][gc,reloc    ] GC(62) Small Pages: 342 / 684M, Empty: 566M, Relocated: 5M, In-Place: 0
[101.192s][info][gc,reloc    ] GC(62) Medium Pages: 0 / 0M, Empty: 0M, Relocated: 0M, In-Place: 0
[101.192s][info][gc,reloc    ] GC(62) Large Pages: 0 / 0M, Empty: 0M, Relocated: 0M, In-Place: 0
[101.192s][info][gc,reloc    ] GC(62) Forwarding Usage: 2M
[101.192s][info][gc,heap     ] GC(62) Min Capacity: 8M(0%)
[101.192s][info][gc,heap     ] GC(62) Max Capacity: 2048M(100%)
[101.192s][info][gc,heap     ] GC(62) Soft Max Capacity: 2048M(100%)
[101.192s][info][gc,heap     ] GC(62)                Mark Start          Mark End        Relocate Start      Relocate End           High               Low         
[101.192s][info][gc,heap     ] GC(62)  Capacity:     2048M (100%)       2048M (100%)       2048M (100%)       2048M (100%)       2048M (100%)       2048M (100%)   
[101.192s][info][gc,heap     ] GC(62)      Free:     1364M (67%)        1358M (66%)        1922M (94%)        2012M (98%)        2012M (98%)        1358M (66%)    
[101.192s][info][gc,heap     ] GC(62)      Used:      684M (33%)         690M (34%)         126M (6%)           36M (2%)          690M (34%)          36M (2%)     
[101.192s][info][gc,heap     ] GC(62)      Live:         -                 6M (0%)            6M (0%)            6M (0%)             -                  -          
[101.192s][info][gc,heap     ] GC(62) Allocated:         -                 6M (0%)            8M (0%)            9M (0%)             -                  -          
[101.192s][info][gc,heap     ] GC(62)   Garbage:         -               677M (33%)         111M (5%)           19M (1%)             -                  -          
[101.192s][info][gc,heap     ] GC(62) Reclaimed:         -                  -               566M (28%)         657M (32%)            -                  -          
[101.193s][info][gc          ] GC(62) Garbage Collection (Proactive) 684M(33%)->36M(2%)
[103.077s][info][gc,start    ] GC(63) Garbage Collection (Proactive)
[103.077s][info][gc,task     ] GC(63) Using 12 workers
[103.077s][info][gc,phases   ] GC(63) Pause Mark Start 0.019ms
[103.092s][info][gc,phases   ] GC(63) Concurrent Mark 15.127ms
[103.092s][info][gc,phases   ] GC(63) Pause Mark End 0.020ms
[103.092s][info][gc,phases   ] GC(63) Concurrent Mark Free 0.001ms
[103.093s][info][gc,phases   ] GC(63) Concurrent Process Non-Strong References 0.935ms
[103.093s][info][gc,phases   ] GC(63) Concurrent Reset Relocation Set 0.009ms
[103.101s][info][gc,phases   ] GC(63) Concurrent Select Relocation Set 7.257ms
[103.101s][info][gc,phases   ] GC(63) Pause Relocate Start 0.010ms
[103.104s][info][gc,phases   ] GC(63) Concurrent Relocate 3.309ms
[103.104s][info][gc,load     ] GC(63) Load: 0.00/0.00/0.00
[103.104s][info][gc,mmu      ] GC(63) MMU: 2ms/98.4%, 5ms/99.4%, 10ms/99.6%, 20ms/99.7%, 50ms/99.8%, 100ms/99.9%
[103.104s][info][gc,marking  ] GC(63) Mark: 8 stripe(s), 2 proactive flush(es), 1 terminate flush(es), 0 completion(s), 0 continuation(s) 
[103.104s][info][gc,marking  ] GC(63) Mark Stack Usage: 32M
[103.105s][info][gc,nmethod  ] GC(63) NMethods: 1937 registered, 371 unregistered
[103.105s][info][gc,metaspace] GC(63) Metaspace: 9M used, 9M committed, 1088M reserved
[103.105s][info][gc,ref      ] GC(63) Soft: 214 encountered, 0 discovered, 0 enqueued
[103.105s][info][gc,ref      ] GC(63) Weak: 805 encountered, 132 discovered, 0 enqueued
[103.105s][info][gc,ref      ] GC(63) Final: 0 encountered, 0 discovered, 0 enqueued
[103.105s][info][gc,ref      ] GC(63) Phantom: 27 encountered, 22 discovered, 0 enqueued
[103.105s][info][gc,reloc    ] GC(63) Small Pages: 316 / 632M, Empty: 534M, Relocated: 5M, In-Place: 0
[103.105s][info][gc,reloc    ] GC(63) Medium Pages: 0 / 0M, Empty: 0M, Relocated: 0M, In-Place: 0
[103.105s][info][gc,reloc    ] GC(63) Large Pages: 0 / 0M, Empty: 0M, Relocated: 0M, In-Place: 0
[103.105s][info][gc,reloc    ] GC(63) Forwarding Usage: 2M
[103.105s][info][gc,heap     ] GC(63) Min Capacity: 8M(0%)
[103.105s][info][gc,heap     ] GC(63) Max Capacity: 2048M(100%)
[103.105s][info][gc,heap     ] GC(63) Soft Max Capacity: 2048M(100%)
[103.105s][info][gc,heap     ] GC(63)                Mark Start          Mark End        Relocate Start      Relocate End           High               Low         
[103.105s][info][gc,heap     ] GC(63)  Capacity:     2048M (100%)       2048M (100%)       2048M (100%)       2048M (100%)       2048M (100%)       2048M (100%)   
[103.105s][info][gc,heap     ] GC(63)      Free:     1416M (69%)        1410M (69%)        1942M (95%)        2014M (98%)        2014M (98%)        1410M (69%)    
[103.105s][info][gc,heap     ] GC(63)      Used:      632M (31%)         638M (31%)         106M (5%)           34M (2%)          638M (31%)          34M (2%)     
[103.105s][info][gc,heap     ] GC(63)      Live:         -                 6M (0%)            6M (0%)            6M (0%)             -                  -          
[103.105s][info][gc,heap     ] GC(63) Allocated:         -                 6M (0%)            8M (0%)            7M (0%)             -                  -          
[103.105s][info][gc,heap     ] GC(63)   Garbage:         -               625M (31%)          91M (4%)           19M (1%)             -                  -          
[103.105s][info][gc,heap     ] GC(63) Reclaimed:         -                  -               534M (26%)         605M (30%)            -                  -          
[103.105s][info][gc          ] GC(63) Garbage Collection (Proactive) 632M(31%)->34M(2%)
[104.205s][info][gc,start    ] GC(64) Garbage Collection (System.gc())
[104.205s][info][gc,task     ] GC(64) Using 12 workers
[104.205s][info][gc,phases   ] GC(64) Pause Mark Start 0.018ms
[104.212s][info][gc,phases   ] GC(64) Concurrent Mark 6.816ms
[104.212s][info][gc,phases   ] GC(64) Pause Mark End 0.022ms
[104.212s][info][gc,phases   ] GC(64) Concurrent Mark Free 0.001ms
[104.213s][info][gc,phases   ] GC(64) Concurrent Process Non-Strong References 0.964ms
[104.213s][info][gc,phases   ] GC(64) Concurrent Reset Relocation Set 0.008ms
[104.217s][info][gc,phases   ] GC(64) Concurrent Select Relocation Set 4.040ms
[104.217s][info][gc,phases   ] GC(64) Pause Relocate Start 0.009ms
[104.220s][info][gc,phases   ] GC(64) Concurrent Relocate 2.905ms
[104.220s][info][gc,load     ] GC(64) Load: 0.00/0.00/0.00
[104.221s][info][gc,mmu      ] GC(64) MMU: 2ms/98.4%, 5ms/99.4%, 10ms/99.6%, 20ms/99.7%, 50ms/99.8%, 100ms/99.9%
[104.221s][info][gc,marking  ] GC(64) Mark: 8 stripe(s), 2 proactive flush(es), 1 terminate flush(es), 0 completion(s), 0 continuation(s) 
[104.221s][info][gc,marking  ] GC(64) Mark Stack Usage: 32M
[104.221s][info][gc,nmethod  ] GC(64) NMethods: 1940 registered, 371 unregistered
[104.221s][info][gc,metaspace] GC(64) Metaspace: 9M used, 9M committed, 1088M reserved
[104.221s][info][gc,ref      ] GC(64) Soft: 214 encountered, 0 discovered, 0 enqueued
[104.221s][info][gc,ref      ] GC(64) Weak: 805 encountered, 179 discovered, 0 enqueued
[104.221s][info][gc,ref      ] GC(64) Final: 0 encountered, 0 discovered, 0 enqueued
[104.221s][info][gc,ref      ] GC(64) Phantom: 27 encountered, 19 discovered, 0 enqueued
[104.221s][info][gc,reloc    ] GC(64) Small Pages: 195 / 390M, Empty: 372M, Relocated: 3M, In-Place: 0
[104.221s][info][gc,reloc    ] GC(64) Medium Pages: 0 / 0M, Empty: 0M, Relocated: 0M, In-Place: 0
[104.221s][info][gc,reloc    ] GC(64) Large Pages: 0 / 0M, Empty: 0M, Relocated: 0M, In-Place: 0
[104.221s][info][gc,reloc    ] GC(64) Forwarding Usage: 1M
[104.221s][info][gc,heap     ] GC(64) Min Capacity: 8M(0%)
[104.221s][info][gc,heap     ] GC(64) Max Capacity: 2048M(100%)
[104.221s][info][gc,heap     ] GC(64) Soft Max Capacity: 2048M(100%)
[104.221s][info][gc,heap     ] GC(64)                Mark Start          Mark End        Relocate Start      Relocate End           High               Low         
[104.221s][info][gc,heap     ] GC(64)  Capacity:     2048M (100%)       2048M (100%)       2048M (100%)       2048M (100%)       2048M (100%)       2048M (100%)   
[104.221s][info][gc,heap     ] GC(64)      Free:     1658M (81%)        1658M (81%)        2030M (99%)        2030M (99%)        2030M (99%)        1658M (81%)    
[104.221s][info][gc,heap     ] GC(64)      Used:      390M (19%)         390M (19%)          18M (1%)           18M (1%)          390M (19%)          18M (1%)     
[104.221s][info][gc,heap     ] GC(64)      Live:         -                 4M (0%)            4M (0%)            4M (0%)             -                  -          
[104.221s][info][gc,heap     ] GC(64) Allocated:         -                 0M (0%)            0M (0%)            0M (0%)             -                  -          
[104.221s][info][gc,heap     ] GC(64)   Garbage:         -               385M (19%)          13M (1%)           13M (1%)             -                  -          
[104.221s][info][gc,heap     ] GC(64) Reclaimed:         -                  -               372M (18%)         372M (18%)            -                  -          
[104.221s][info][gc          ] GC(64) Garbage Collection (System.gc()) 390M(19%)->18M(1%)
[106.067s][info][gc,start    ] GC(65) Garbage Collection (Proactive)
[106.067s][info][gc,task     ] GC(65) Using 12 workers
[106.067s][info][gc,phases   ] GC(65) Pause Mark Start 0.017ms
[106.082s][info][gc,phases   ] GC(65) Concurrent Mark 15.123ms
[106.082s][info][gc,phases   ] GC(65) Pause Mark End 0.022ms
[106.083s][info][gc,phases   ] GC(65) Concurrent Mark Free 0.001ms
[106.084s][info][gc,phases   ] GC(65) Concurrent Process Non-Strong References 0.976ms
[106.084s][info][gc,phases   ] GC(65) Concurrent Reset Relocation Set 0.002ms
[106.091s][info][gc,phases   ] GC(65) Concurrent Select Relocation Set 6.882ms
[106.091s][info][gc,phases   ] GC(65) Pause Relocate Start 0.009ms
[106.094s][info][gc,phases   ] GC(65) Concurrent Relocate 3.556ms
[106.094s][info][gc,load     ] GC(65) Load: 0.00/0.00/0.00
[106.094s][info][gc,mmu      ] GC(65) MMU: 2ms/98.4%, 5ms/99.4%, 10ms/99.6%, 20ms/99.7%, 50ms/99.8%, 100ms/99.9%
[106.095s][info][gc,marking  ] GC(65) Mark: 8 stripe(s), 2 proactive flush(es), 1 terminate flush(es), 0 completion(s), 0 continuation(s) 
[106.095s][info][gc,marking  ] GC(65) Mark Stack Usage: 32M
[106.095s][info][gc,nmethod  ] GC(65) NMethods: 1940 registered, 371 unregistered
[106.095s][info][gc,metaspace] GC(65) Metaspace: 9M used, 9M committed, 1088M reserved
[106.095s][info][gc,ref      ] GC(65) Soft: 214 encountered, 0 discovered, 0 enqueued
[106.095s][info][gc,ref      ] GC(65) Weak: 805 encountered, 194 discovered, 0 enqueued
[106.095s][info][gc,ref      ] GC(65) Final: 0 encountered, 0 discovered, 0 enqueued
[106.095s][info][gc,ref      ] GC(65) Phantom: 27 encountered, 22 discovered, 0 enqueued
[106.095s][info][gc,reloc    ] GC(65) Small Pages: 312 / 624M, Empty: 460M, Relocated: 4M, In-Place: 0
[106.095s][info][gc,reloc    ] GC(65) Medium Pages: 0 / 0M, Empty: 0M, Relocated: 0M, In-Place: 0
[106.095s][info][gc,reloc    ] GC(65) Large Pages: 0 / 0M, Empty: 0M, Relocated: 0M, In-Place: 0
[106.095s][info][gc,reloc    ] GC(65) Forwarding Usage: 2M
[106.095s][info][gc,heap     ] GC(65) Min Capacity: 8M(0%)
[106.095s][info][gc,heap     ] GC(65) Max Capacity: 2048M(100%)
[106.095s][info][gc,heap     ] GC(65) Soft Max Capacity: 2048M(100%)
[106.095s][info][gc,heap     ] GC(65)                Mark Start          Mark End        Relocate Start      Relocate End           High               Low         
[106.095s][info][gc,heap     ] GC(65)  Capacity:     2048M (100%)       2048M (100%)       2048M (100%)       2048M (100%)       2048M (100%)       2048M (100%)   
[106.095s][info][gc,heap     ] GC(65)      Free:     1424M (70%)        1418M (69%)        1874M (92%)        2010M (98%)        2010M (98%)        1416M (69%)    
[106.095s][info][gc,heap     ] GC(65)      Used:      624M (30%)         630M (31%)         174M (8%)           38M (2%)          632M (31%)          38M (2%)     
[106.095s][info][gc,heap     ] GC(65)      Live:         -                 6M (0%)            6M (0%)            6M (0%)             -                  -          
[106.095s][info][gc,heap     ] GC(65) Allocated:         -                 6M (0%)           10M (0%)           11M (1%)             -                  -          
[106.095s][info][gc,heap     ] GC(65)   Garbage:         -               617M (30%)         157M (8%)           19M (1%)             -                  -          
[106.095s][info][gc,heap     ] GC(65) Reclaimed:         -                  -               460M (22%)         597M (29%)            -                  -          
[106.095s][info][gc          ] GC(65) Garbage Collection (Proactive) 624M(30%)->38M(2%)
[108.167s][info][gc,start    ] GC(66) Garbage Collection (Proactive)
[108.167s][info][gc,task     ] GC(66) Using 12 workers
[108.167s][info][gc,phases   ] GC(66) Pause Mark Start 0.018ms
[108.182s][info][gc,phases   ] GC(66) Concurrent Mark 15.171ms
[108.183s][info][gc,phases   ] GC(66) Pause Mark End 0.024ms
[108.183s][info][gc,phases   ] GC(66) Concurrent Mark Free 0.001ms
[108.184s][info][gc,phases   ] GC(66) Concurrent Process Non-Strong References 0.921ms
[108.184s][info][gc,phases   ] GC(66) Concurrent Reset Relocation Set 0.013ms
[108.188s][info][gc,phases   ] GC(66) Concurrent Select Relocation Set 3.808ms
[108.188s][info][gc,phases   ] GC(66) Pause Relocate Start 0.009ms
[108.191s][info][gc,phases   ] GC(66) Concurrent Relocate 3.456ms
[108.191s][info][gc,load     ] GC(66) Load: 0.00/0.00/0.00
[108.191s][info][gc,mmu      ] GC(66) MMU: 2ms/98.4%, 5ms/99.4%, 10ms/99.6%, 20ms/99.7%, 50ms/99.8%, 100ms/99.9%
[108.191s][info][gc,marking  ] GC(66) Mark: 8 stripe(s), 2 proactive flush(es), 1 terminate flush(es), 0 completion(s), 0 continuation(s) 
[108.191s][info][gc,marking  ] GC(66) Mark Stack Usage: 32M
[108.191s][info][gc,nmethod  ] GC(66) NMethods: 1940 registered, 371 unregistered
[108.192s][info][gc,metaspace] GC(66) Metaspace: 9M used, 9M committed, 1088M reserved
[108.192s][info][gc,ref      ] GC(66) Soft: 214 encountered, 0 discovered, 0 enqueued
[108.192s][info][gc,ref      ] GC(66) Weak: 805 encountered, 9 discovered, 0 enqueued
[108.192s][info][gc,ref      ] GC(66) Final: 0 encountered, 0 discovered, 0 enqueued
[108.192s][info][gc,ref      ] GC(66) Phantom: 27 encountered, 21 discovered, 0 enqueued
[108.192s][info][gc,reloc    ] GC(66) Small Pages: 345 / 690M, Empty: 594M, Relocated: 4M, In-Place: 0
[108.192s][info][gc,reloc    ] GC(66) Medium Pages: 0 / 0M, Empty: 0M, Relocated: 0M, In-Place: 0
[108.192s][info][gc,reloc    ] GC(66) Large Pages: 0 / 0M, Empty: 0M, Relocated: 0M, In-Place: 0
[108.192s][info][gc,reloc    ] GC(66) Forwarding Usage: 2M
[108.192s][info][gc,heap     ] GC(66) Min Capacity: 8M(0%)
[108.192s][info][gc,heap     ] GC(66) Max Capacity: 2048M(100%)
[108.192s][info][gc,heap     ] GC(66) Soft Max Capacity: 2048M(100%)
[108.192s][info][gc,heap     ] GC(66)                Mark Start          Mark End        Relocate Start      Relocate End           High               Low         
[108.192s][info][gc,heap     ] GC(66)  Capacity:     2048M (100%)       2048M (100%)       2048M (100%)       2048M (100%)       2048M (100%)       2048M (100%)   
[108.192s][info][gc,heap     ] GC(66)      Free:     1358M (66%)        1350M (66%)        1944M (95%)        2014M (98%)        2014M (98%)        1350M (66%)    
[108.192s][info][gc,heap     ] GC(66)      Used:      690M (34%)         698M (34%)         104M (5%)           34M (2%)          698M (34%)          34M (2%)     
[108.192s][info][gc,heap     ] GC(66)      Live:         -                 6M (0%)            6M (0%)            6M (0%)             -                  -          
[108.192s][info][gc,heap     ] GC(66) Allocated:         -                 8M (0%)            8M (0%)            7M (0%)             -                  -          
[108.192s][info][gc,heap     ] GC(66)   Garbage:         -               683M (33%)          89M (4%)           19M (1%)             -                  -          
[108.192s][info][gc,heap     ] GC(66) Reclaimed:         -                  -               594M (29%)         663M (32%)            -                  -          
[108.192s][info][gc          ] GC(66) Garbage Collection (Proactive) 690M(34%)->34M(2%)
[109.968s][info][gc,start    ] GC(67) Garbage Collection (Proactive)
[109.968s][info][gc,task     ] GC(67) Using 12 workers
[109.969s][info][gc,phases   ] GC(67) Pause Mark Start 0.018ms
[109.984s][info][gc,phases   ] GC(67) Concurrent Mark 15.197ms
[109.984s][info][gc,phases   ] GC(67) Pause Mark End 0.023ms
[109.984s][info][gc,phases   ] GC(67) Concurrent Mark Free 0.001ms
[109.985s][info][gc,phases   ] GC(67) Concurrent Process Non-Strong References 0.944ms
[109.985s][info][gc,phases   ] GC(67) Concurrent Reset Relocation Set 0.008ms
[109.992s][info][gc,phases   ] GC(67) Concurrent Select Relocation Set 7.148ms
[109.993s][info][gc,phases   ] GC(67) Pause Relocate Start 0.009ms
[109.996s][info][gc,phases   ] GC(67) Concurrent Relocate 3.293ms
[109.996s][info][gc,load     ] GC(67) Load: 0.00/0.00/0.00
[109.996s][info][gc,mmu      ] GC(67) MMU: 2ms/98.4%, 5ms/99.4%, 10ms/99.6%, 20ms/99.7%, 50ms/99.8%, 100ms/99.9%
[109.996s][info][gc,marking  ] GC(67) Mark: 8 stripe(s), 2 proactive flush(es), 1 terminate flush(es), 0 completion(s), 0 continuation(s) 
[109.996s][info][gc,marking  ] GC(67) Mark Stack Usage: 32M
[109.996s][info][gc,nmethod  ] GC(67) NMethods: 1940 registered, 371 unregistered
[109.996s][info][gc,metaspace] GC(67) Metaspace: 9M used, 9M committed, 1088M reserved
[109.996s][info][gc,ref      ] GC(67) Soft: 214 encountered, 0 discovered, 0 enqueued
[109.996s][info][gc,ref      ] GC(67) Weak: 805 encountered, 51 discovered, 0 enqueued
[109.996s][info][gc,ref      ] GC(67) Final: 0 encountered, 0 discovered, 0 enqueued
[109.996s][info][gc,ref      ] GC(67) Phantom: 27 encountered, 18 discovered, 0 enqueued
[109.996s][info][gc,reloc    ] GC(67) Small Pages: 298 / 596M, Empty: 528M, Relocated: 4M, In-Place: 0
[109.996s][info][gc,reloc    ] GC(67) Medium Pages: 0 / 0M, Empty: 0M, Relocated: 0M, In-Place: 0
[109.996s][info][gc,reloc    ] GC(67) Large Pages: 0 / 0M, Empty: 0M, Relocated: 0M, In-Place: 0
[109.996s][info][gc,reloc    ] GC(67) Forwarding Usage: 2M
[109.997s][info][gc,heap     ] GC(67) Min Capacity: 8M(0%)
[109.997s][info][gc,heap     ] GC(67) Max Capacity: 2048M(100%)
[109.997s][info][gc,heap     ] GC(67) Soft Max Capacity: 2048M(100%)
[109.997s][info][gc,heap     ] GC(67)                Mark Start          Mark End        Relocate Start      Relocate End           High               Low         
[109.997s][info][gc,heap     ] GC(67)  Capacity:     2048M (100%)       2048M (100%)       2048M (100%)       2048M (100%)       2048M (100%)       2048M (100%)   
[109.997s][info][gc,heap     ] GC(67)      Free:     1452M (71%)        1446M (71%)        1972M (96%)        2012M (98%)        2012M (98%)        1446M (71%)    
[109.997s][info][gc,heap     ] GC(67)      Used:      596M (29%)         602M (29%)          76M (4%)           36M (2%)          602M (29%)          36M (2%)     
[109.997s][info][gc,heap     ] GC(67)      Live:         -                 6M (0%)            6M (0%)            6M (0%)             -                  -          
[109.997s][info][gc,heap     ] GC(67) Allocated:         -                 6M (0%)            8M (0%)            9M (0%)             -                  -          
[109.997s][info][gc,heap     ] GC(67)   Garbage:         -               589M (29%)          61M (3%)           19M (1%)             -                  -          
[109.997s][info][gc,heap     ] GC(67) Reclaimed:         -                  -               528M (26%)         569M (28%)            -                  -          
[109.997s][info][gc          ] GC(67) Garbage Collection (Proactive) 596M(29%)->36M(2%)
[110.171s][info][gc,stats    ] === Garbage Collection Statistics =======================================================================================================================
[110.171s][info][gc,stats    ]                                                              Last 10s              Last 10m              Last 10h                Total
[110.172s][info][gc,stats    ]                                                              Avg / Max             Avg / Max             Avg / Max             Avg / Max
[110.172s][info][gc,stats    ]   Collector: Garbage Collection Cycle                     25.297 / 27.955       26.098 / 42.739       26.098 / 42.739       26.098 / 42.739      ms
[110.172s][info][gc,stats    ]  Contention: Mark Segment Reset Contention                     2 / 7                 1 / 10                1 / 10                1 / 10          ops/s
[110.172s][info][gc,stats    ]  Contention: Mark SeqNum Reset Contention                      0 / 2                 0 / 2                 0 / 2                 0 / 2           ops/s
[110.172s][info][gc,stats    ]    Critical: Allocation Stall                                  0 / 0                 0 / 0                 0 / 0                 0 / 0           ops/s
[110.172s][info][gc,stats    ]    Critical: Allocation Stall                              0.000 / 0.000         0.000 / 0.000         0.000 / 0.000         0.000 / 0.000       ms
[110.172s][info][gc,stats    ]    Critical: GC Locker Stall                                   0 / 0                 0 / 0                 0 / 0                 0 / 0           ops/s
[110.172s][info][gc,stats    ]    Critical: GC Locker Stall                               0.000 / 0.000         0.000 / 0.000         0.000 / 0.000         0.000 / 0.000       ms
[110.172s][info][gc,stats    ]    Critical: Relocation Stall                                  0 / 0                 0 / 0                 0 / 0                 0 / 0           ops/s
[110.172s][info][gc,stats    ]    Critical: Relocation Stall                              0.000 / 0.000         0.000 / 0.000         0.000 / 0.000         0.000 / 0.000       ms
[110.172s][info][gc,stats    ]      Memory: Allocation Rate                                 324 / 338             318 / 342             318 / 342             318 / 342         MB/s
[110.172s][info][gc,stats    ]      Memory: Defragment                                        0 / 0                 0 / 0                 0 / 0                 0 / 0           ops/s
[110.172s][info][gc,stats    ]      Memory: Out Of Memory                                     0 / 0                 0 / 0                 0 / 0                 0 / 0           ops/s
[110.172s][info][gc,stats    ]      Memory: Page Cache Flush                                  0 / 0                 0 / 0                 0 / 0                 0 / 0           MB/s
[110.172s][info][gc,stats    ]      Memory: Page Cache Hit L1                               168 / 181             160 / 182             160 / 182             160 / 182         ops/s
[110.172s][info][gc,stats    ]      Memory: Page Cache Hit L2                                 0 / 0                 0 / 0                 0 / 0                 0 / 0           ops/s
[110.172s][info][gc,stats    ]      Memory: Page Cache Hit L3                                 0 / 0                 5 / 145               5 / 145               5 / 145         ops/s
[110.172s][info][gc,stats    ]      Memory: Page Cache Miss                                   0 / 0                 0 / 1                 0 / 1                 0 / 1           ops/s
[110.172s][info][gc,stats    ]      Memory: Uncommit                                          0 / 0                 0 / 0                 0 / 0                 0 / 0           MB/s
[110.172s][info][gc,stats    ]      Memory: Undo Object Allocation Failed                     0 / 2                 0 / 5                 0 / 5                 0 / 5           ops/s
[110.172s][info][gc,stats    ]      Memory: Undo Object Allocation Succeeded                  0 / 1                 0 / 3                 0 / 3                 0 / 3           ops/s
[110.172s][info][gc,stats    ]      Memory: Undo Page Allocation                              2 / 4                 1 / 6                 1 / 6                 1 / 6           ops/s
[110.172s][info][gc,stats    ]       Phase: Concurrent Mark                              13.766 / 15.197       14.851 / 30.725       14.851 / 30.725       14.851 / 30.725      ms
[110.172s][info][gc,stats    ]       Phase: Concurrent Mark Continue                      0.000 / 0.000         0.000 / 0.000         0.000 / 0.000         0.000 / 0.000       ms
[110.172s][info][gc,stats    ]       Phase: Concurrent Mark Free                          0.001 / 0.001         0.001 / 0.002         0.001 / 0.002         0.001 / 0.002       ms
[110.172s][info][gc,stats    ]       Phase: Concurrent Process Non-Strong References      0.947 / 0.976         1.026 / 5.203         1.026 / 5.203         1.026 / 5.203       ms
[110.172s][info][gc,stats    ]       Phase: Concurrent Relocate                           3.280 / 3.556         3.203 / 4.275         3.203 / 4.275         3.203 / 4.275       ms
[110.172s][info][gc,stats    ]       Phase: Concurrent Reset Relocation Set               0.009 / 0.013         0.008 / 0.016         0.008 / 0.016         0.008 / 0.016       ms
[110.172s][info][gc,stats    ]       Phase: Concurrent Select Relocation Set              6.099 / 7.457         5.574 / 15.037        5.574 / 15.037        5.574 / 15.037      ms
[110.173s][info][gc,stats    ]       Phase: Pause Mark End                                0.022 / 0.024         0.023 / 0.032         0.023 / 0.032         0.023 / 0.032       ms
[110.173s][info][gc,stats    ]       Phase: Pause Mark Start                              0.018 / 0.019         0.018 / 0.030         0.018 / 0.030         0.018 / 0.030       ms
[110.173s][info][gc,stats    ]       Phase: Pause Relocate Start                          0.009 / 0.010         0.008 / 0.010         0.008 / 0.010         0.008 / 0.010       ms
[110.173s][info][gc,stats    ]    Subphase: Concurrent Classes Purge                      0.004 / 0.005         0.041 / 0.832         0.041 / 0.832         0.041 / 0.832       ms
[110.173s][info][gc,stats    ]    Subphase: Concurrent Classes Unlink                     0.651 / 0.669         0.684 / 4.025         0.684 / 4.025         0.684 / 4.025       ms
[110.173s][info][gc,stats    ]    Subphase: Concurrent Mark                              11.958 / 14.078       13.007 / 23.255       13.007 / 23.255       13.007 / 23.255      ms
[110.173s][info][gc,stats    ]    Subphase: Concurrent Mark Try Flush                     0.074 / 0.112         0.070 / 0.200         0.070 / 0.200         0.070 / 0.200       ms
[110.173s][info][gc,stats    ]    Subphase: Concurrent Mark Try Terminate                 7.121 / 11.557        7.969 / 16.368        7.969 / 16.368        7.969 / 16.368      ms
[110.173s][info][gc,stats    ]    Subphase: Concurrent References Enqueue                 0.000 / 0.001         0.001 / 0.004         0.001 / 0.004         0.001 / 0.004       ms
[110.173s][info][gc,stats    ]    Subphase: Concurrent References Process                 0.043 / 0.048         0.047 / 0.075         0.047 / 0.075         0.047 / 0.075       ms
[110.173s][info][gc,stats    ]    Subphase: Concurrent Roots ClassLoaderDataGraph         0.088 / 0.656         0.087 / 0.967         0.087 / 0.967         0.087 / 0.967       ms
[110.173s][info][gc,stats    ]    Subphase: Concurrent Roots CodeCache                    0.000 / 0.000         0.000 / 0.000         0.000 / 0.000         0.000 / 0.000       ms
[110.173s][info][gc,stats    ]    Subphase: Concurrent Roots JavaThreads                  0.517 / 1.005         0.566 / 7.350         0.566 / 7.350         0.566 / 7.350       ms
[110.173s][info][gc,stats    ]    Subphase: Concurrent Roots OopStorageSet                0.017 / 0.059         0.019 / 0.273         0.019 / 0.273         0.019 / 0.273       ms
[110.173s][info][gc,stats    ]    Subphase: Concurrent Weak Roots OopStorageSet           0.134 / 0.158         0.133 / 0.165         0.133 / 0.165         0.133 / 0.165       ms
[110.173s][info][gc,stats    ]    Subphase: Pause Mark Try Complete                       0.000 / 0.000         0.000 / 0.000         0.000 / 0.000         0.000 / 0.000       ms
[110.173s][info][gc,stats    ]      System: Java Threads                                     34 / 34               31 / 37               31 / 37               31 / 37          threads
[110.173s][info][gc,stats    ] =========================================================================================================================================================
[111.058s][info][gc,start    ] GC(68) Garbage Collection (System.gc())
[111.058s][info][gc,task     ] GC(68) Using 12 workers
[111.058s][info][gc,phases   ] GC(68) Pause Mark Start 0.017ms
[111.076s][info][gc,phases   ] GC(68) Concurrent Mark 17.071ms
[111.076s][info][gc,phases   ] GC(68) Pause Mark End 0.020ms
[111.076s][info][gc,phases   ] GC(68) Concurrent Mark Free 0.001ms
[111.077s][info][gc,phases   ] GC(68) Concurrent Process Non-Strong References 0.889ms
[111.077s][info][gc,phases   ] GC(68) Concurrent Reset Relocation Set 0.006ms
[111.081s][info][gc,phases   ] GC(68) Concurrent Select Relocation Set 3.774ms
[111.081s][info][gc,phases   ] GC(68) Pause Relocate Start 0.010ms
[111.084s][info][gc,phases   ] GC(68) Concurrent Relocate 2.907ms
[111.084s][info][gc,load     ] GC(68) Load: 0.00/0.00/0.00
[111.084s][info][gc,mmu      ] GC(68) MMU: 2ms/98.4%, 5ms/99.4%, 10ms/99.6%, 20ms/99.7%, 50ms/99.8%, 100ms/99.9%
[111.084s][info][gc,marking  ] GC(68) Mark: 8 stripe(s), 1 proactive flush(es), 1 terminate flush(es), 0 completion(s), 0 continuation(s) 
[111.084s][info][gc,marking  ] GC(68) Mark Stack Usage: 32M
[111.084s][info][gc,nmethod  ] GC(68) NMethods: 1941 registered, 371 unregistered
[111.084s][info][gc,metaspace] GC(68) Metaspace: 9M used, 9M committed, 1088M reserved
[111.084s][info][gc,ref      ] GC(68) Soft: 214 encountered, 0 discovered, 0 enqueued
[111.084s][info][gc,ref      ] GC(68) Weak: 805 encountered, 22 discovered, 0 enqueued
[111.084s][info][gc,ref      ] GC(68) Final: 0 encountered, 0 discovered, 0 enqueued
[111.084s][info][gc,ref      ] GC(68) Phantom: 27 encountered, 22 discovered, 0 enqueued
[111.084s][info][gc,reloc    ] GC(68) Small Pages: 179 / 358M, Empty: 342M, Relocated: 3M, In-Place: 0
[111.084s][info][gc,reloc    ] GC(68) Medium Pages: 0 / 0M, Empty: 0M, Relocated: 0M, In-Place: 0
[111.084s][info][gc,reloc    ] GC(68) Large Pages: 0 / 0M, Empty: 0M, Relocated: 0M, In-Place: 0
[111.084s][info][gc,reloc    ] GC(68) Forwarding Usage: 1M
[111.084s][info][gc,heap     ] GC(68) Min Capacity: 8M(0%)
[111.084s][info][gc,heap     ] GC(68) Max Capacity: 2048M(100%)
[111.084s][info][gc,heap     ] GC(68) Soft Max Capacity: 2048M(100%)
[111.084s][info][gc,heap     ] GC(68)                Mark Start          Mark End        Relocate Start      Relocate End           High               Low         
[111.084s][info][gc,heap     ] GC(68)  Capacity:     2048M (100%)       2048M (100%)       2048M (100%)       2048M (100%)       2048M (100%)       2048M (100%)   
[111.084s][info][gc,heap     ] GC(68)      Free:     1690M (83%)        1690M (83%)        2032M (99%)        2032M (99%)        2032M (99%)        1690M (83%)    
[111.084s][info][gc,heap     ] GC(68)      Used:      358M (17%)         358M (17%)          16M (1%)           16M (1%)          358M (17%)          16M (1%)     
[111.084s][info][gc,heap     ] GC(68)      Live:         -                 4M (0%)            4M (0%)            4M (0%)             -                  -          
[111.084s][info][gc,heap     ] GC(68) Allocated:         -                 0M (0%)            0M (0%)            0M (0%)             -                  -          
[111.085s][info][gc,heap     ] GC(68)   Garbage:         -               353M (17%)          11M (1%)           11M (1%)             -                  -          
[111.085s][info][gc,heap     ] GC(68) Reclaimed:         -                  -               342M (17%)         342M (17%)            -                  -          
[111.085s][info][gc          ] GC(68) Garbage Collection (System.gc()) 358M(17%)->16M(1%)
[112.768s][info][gc,start    ] GC(69) Garbage Collection (Proactive)
[112.768s][info][gc,task     ] GC(69) Using 12 workers
[112.768s][info][gc,phases   ] GC(69) Pause Mark Start 0.018ms
[112.783s][info][gc,phases   ] GC(69) Concurrent Mark 15.143ms
[112.783s][info][gc,phases   ] GC(69) Pause Mark End 0.021ms
[112.784s][info][gc,phases   ] GC(69) Concurrent Mark Free 0.001ms
[112.785s][info][gc,phases   ] GC(69) Concurrent Process Non-Strong References 0.957ms
[112.785s][info][gc,phases   ] GC(69) Concurrent Reset Relocation Set 0.002ms
[112.791s][info][gc,phases   ] GC(69) Concurrent Select Relocation Set 6.605ms
[112.791s][info][gc,phases   ] GC(69) Pause Relocate Start 0.009ms
[112.795s][info][gc,phases   ] GC(69) Concurrent Relocate 3.278ms
[112.795s][info][gc,load     ] GC(69) Load: 0.00/0.00/0.00
[112.795s][info][gc,mmu      ] GC(69) MMU: 2ms/98.4%, 5ms/99.4%, 10ms/99.6%, 20ms/99.7%, 50ms/99.8%, 100ms/99.9%
[112.795s][info][gc,marking  ] GC(69) Mark: 8 stripe(s), 2 proactive flush(es), 1 terminate flush(es), 0 completion(s), 0 continuation(s) 
[112.795s][info][gc,marking  ] GC(69) Mark Stack Usage: 32M
[112.795s][info][gc,nmethod  ] GC(69) NMethods: 1941 registered, 371 unregistered
[112.795s][info][gc,metaspace] GC(69) Metaspace: 9M used, 9M committed, 1088M reserved
[112.795s][info][gc,ref      ] GC(69) Soft: 214 encountered, 0 discovered, 0 enqueued
[112.795s][info][gc,ref      ] GC(69) Weak: 805 encountered, 34 discovered, 0 enqueued
[112.795s][info][gc,ref      ] GC(69) Final: 0 encountered, 0 discovered, 0 enqueued
[112.795s][info][gc,ref      ] GC(69) Phantom: 27 encountered, 21 discovered, 0 enqueued
[112.795s][info][gc,reloc    ] GC(69) Small Pages: 282 / 564M, Empty: 400M, Relocated: 4M, In-Place: 0
[112.795s][info][gc,reloc    ] GC(69) Medium Pages: 0 / 0M, Empty: 0M, Relocated: 0M, In-Place: 0
[112.795s][info][gc,reloc    ] GC(69) Large Pages: 0 / 0M, Empty: 0M, Relocated: 0M, In-Place: 0
[112.795s][info][gc,reloc    ] GC(69) Forwarding Usage: 2M
[112.795s][info][gc,heap     ] GC(69) Min Capacity: 8M(0%)
[112.795s][info][gc,heap     ] GC(69) Max Capacity: 2048M(100%)
[112.795s][info][gc,heap     ] GC(69) Soft Max Capacity: 2048M(100%)
[112.795s][info][gc,heap     ] GC(69)                Mark Start          Mark End        Relocate Start      Relocate End           High               Low         
[112.795s][info][gc,heap     ] GC(69)  Capacity:     2048M (100%)       2048M (100%)       2048M (100%)       2048M (100%)       2048M (100%)       2048M (100%)   
[112.795s][info][gc,heap     ] GC(69)      Free:     1484M (72%)        1478M (72%)        1874M (92%)        2012M (98%)        2012M (98%)        1478M (72%)    
[112.795s][info][gc,heap     ] GC(69)      Used:      564M (28%)         570M (28%)         174M (8%)           36M (2%)          570M (28%)          36M (2%)     
[112.796s][info][gc,heap     ] GC(69)      Live:         -                 6M (0%)            6M (0%)            6M (0%)             -                  -          
[112.796s][info][gc,heap     ] GC(69) Allocated:         -                 6M (0%)           10M (0%)            9M (0%)             -                  -          
[112.796s][info][gc,heap     ] GC(69)   Garbage:         -               557M (27%)         157M (8%)           19M (1%)             -                  -          
[112.796s][info][gc,heap     ] GC(69) Reclaimed:         -                  -               400M (20%)         537M (26%)            -                  -          
[112.796s][info][gc          ] GC(69) Garbage Collection (Proactive) 564M(28%)->36M(2%)
[114.375s][info][gc,start    ] GC(70) Garbage Collection (Proactive)
[114.375s][info][gc,task     ] GC(70) Using 12 workers
[114.375s][info][gc,phases   ] GC(70) Pause Mark Start 0.018ms
[114.390s][info][gc,phases   ] GC(70) Concurrent Mark 15.208ms
[114.391s][info][gc,phases   ] GC(70) Pause Mark End 0.025ms
[114.391s][info][gc,phases   ] GC(70) Concurrent Mark Free 0.001ms
[114.392s][info][gc,phases   ] GC(70) Concurrent Process Non-Strong References 1.009ms
[114.392s][info][gc,phases   ] GC(70) Concurrent Reset Relocation Set 0.012ms
[114.396s][info][gc,phases   ] GC(70) Concurrent Select Relocation Set 3.737ms
[114.396s][info][gc,phases   ] GC(70) Pause Relocate Start 0.009ms
[114.400s][info][gc,phases   ] GC(70) Concurrent Relocate 3.863ms
[114.400s][info][gc,load     ] GC(70) Load: 0.00/0.00/0.00
[114.400s][info][gc,mmu      ] GC(70) MMU: 2ms/98.4%, 5ms/99.4%, 10ms/99.6%, 20ms/99.7%, 50ms/99.8%, 100ms/99.9%
[114.400s][info][gc,marking  ] GC(70) Mark: 8 stripe(s), 2 proactive flush(es), 1 terminate flush(es), 0 completion(s), 0 continuation(s) 
[114.400s][info][gc,marking  ] GC(70) Mark Stack Usage: 32M
[114.400s][info][gc,nmethod  ] GC(70) NMethods: 1941 registered, 371 unregistered
[114.400s][info][gc,metaspace] GC(70) Metaspace: 9M used, 9M committed, 1088M reserved
[114.400s][info][gc,ref      ] GC(70) Soft: 214 encountered, 0 discovered, 0 enqueued
[114.400s][info][gc,ref      ] GC(70) Weak: 805 encountered, 179 discovered, 0 enqueued
[114.400s][info][gc,ref      ] GC(70) Final: 0 encountered, 0 discovered, 0 enqueued
[114.400s][info][gc,ref      ] GC(70) Phantom: 27 encountered, 23 discovered, 0 enqueued
[114.400s][info][gc,reloc    ] GC(70) Small Pages: 279 / 558M, Empty: 434M, Relocated: 4M, In-Place: 0
[114.400s][info][gc,reloc    ] GC(70) Medium Pages: 0 / 0M, Empty: 0M, Relocated: 0M, In-Place: 0
[114.400s][info][gc,reloc    ] GC(70) Large Pages: 0 / 0M, Empty: 0M, Relocated: 0M, In-Place: 0
[114.400s][info][gc,reloc    ] GC(70) Forwarding Usage: 2M
[114.400s][info][gc,heap     ] GC(70) Min Capacity: 8M(0%)
[114.400s][info][gc,heap     ] GC(70) Max Capacity: 2048M(100%)
[114.400s][info][gc,heap     ] GC(70) Soft Max Capacity: 2048M(100%)
[114.400s][info][gc,heap     ] GC(70)                Mark Start          Mark End        Relocate Start      Relocate End           High               Low         
[114.400s][info][gc,heap     ] GC(70)  Capacity:     2048M (100%)       2048M (100%)       2048M (100%)       2048M (100%)       2048M (100%)       2048M (100%)   
[114.400s][info][gc,heap     ] GC(70)      Free:     1490M (73%)        1484M (72%)        1916M (94%)        2014M (98%)        2014M (98%)        1484M (72%)    
[114.400s][info][gc,heap     ] GC(70)      Used:      558M (27%)         564M (28%)         132M (6%)           34M (2%)          564M (28%)          34M (2%)     
[114.400s][info][gc,heap     ] GC(70)      Live:         -                 6M (0%)            6M (0%)            6M (0%)             -                  -          
[114.400s][info][gc,heap     ] GC(70) Allocated:         -                 6M (0%)            8M (0%)            7M (0%)             -                  -          
[114.401s][info][gc,heap     ] GC(70)   Garbage:         -               551M (27%)         117M (6%)           19M (1%)             -                  -          
[114.401s][info][gc,heap     ] GC(70) Reclaimed:         -                  -               434M (21%)         531M (26%)            -                  -          
[114.401s][info][gc          ] GC(70) Garbage Collection (Proactive) 558M(27%)->34M(2%)
[115.864s][info][gc,start    ] GC(71) Garbage Collection (Proactive)
[115.864s][info][gc,task     ] GC(71) Using 12 workers
[115.864s][info][gc,phases   ] GC(71) Pause Mark Start 0.018ms
[115.880s][info][gc,phases   ] GC(71) Concurrent Mark 15.148ms
[115.880s][info][gc,phases   ] GC(71) Pause Mark End 0.021ms
[115.880s][info][gc,phases   ] GC(71) Concurrent Mark Free 0.001ms
[115.881s][info][gc,phases   ] GC(71) Concurrent Process Non-Strong References 0.929ms
[115.881s][info][gc,phases   ] GC(71) Concurrent Reset Relocation Set 0.010ms
[115.885s][info][gc,phases   ] GC(71) Concurrent Select Relocation Set 3.758ms
[115.885s][info][gc,phases   ] GC(71) Pause Relocate Start 0.009ms
[115.889s][info][gc,phases   ] GC(71) Concurrent Relocate 4.452ms
[115.889s][info][gc,load     ] GC(71) Load: 0.00/0.00/0.00
[115.889s][info][gc,mmu      ] GC(71) MMU: 2ms/98.4%, 5ms/99.4%, 10ms/99.6%, 20ms/99.7%, 50ms/99.8%, 100ms/99.9%
[115.889s][info][gc,marking  ] GC(71) Mark: 8 stripe(s), 2 proactive flush(es), 1 terminate flush(es), 0 completion(s), 0 continuation(s) 
[115.889s][info][gc,marking  ] GC(71) Mark Stack Usage: 32M
[115.890s][info][gc,nmethod  ] GC(71) NMethods: 1941 registered, 371 unregistered
[115.890s][info][gc,metaspace] GC(71) Metaspace: 9M used, 9M committed, 1088M reserved
[115.890s][info][gc,ref      ] GC(71) Soft: 214 encountered, 0 discovered, 0 enqueued
[115.890s][info][gc,ref      ] GC(71) Weak: 805 encountered, 102 discovered, 0 enqueued
[115.890s][info][gc,ref      ] GC(71) Final: 0 encountered, 0 discovered, 0 enqueued
[115.890s][info][gc,ref      ] GC(71) Phantom: 27 encountered, 13 discovered, 0 enqueued
[115.890s][info][gc,reloc    ] GC(71) Small Pages: 248 / 496M, Empty: 372M, Relocated: 4M, In-Place: 0
[115.890s][info][gc,reloc    ] GC(71) Medium Pages: 0 / 0M, Empty: 0M, Relocated: 0M, In-Place: 0
[115.890s][info][gc,reloc    ] GC(71) Large Pages: 0 / 0M, Empty: 0M, Relocated: 0M, In-Place: 0
[115.890s][info][gc,reloc    ] GC(71) Forwarding Usage: 2M
[115.890s][info][gc,heap     ] GC(71) Min Capacity: 8M(0%)
[115.890s][info][gc,heap     ] GC(71) Max Capacity: 2048M(100%)
[115.890s][info][gc,heap     ] GC(71) Soft Max Capacity: 2048M(100%)
[115.890s][info][gc,heap     ] GC(71)                Mark Start          Mark End        Relocate Start      Relocate End           High               Low         
[115.890s][info][gc,heap     ] GC(71)  Capacity:     2048M (100%)       2048M (100%)       2048M (100%)       2048M (100%)       2048M (100%)       2048M (100%)   
[115.890s][info][gc,heap     ] GC(71)      Free:     1552M (76%)        1546M (75%)        1916M (94%)        2014M (98%)        2014M (98%)        1546M (75%)    
[115.890s][info][gc,heap     ] GC(71)      Used:      496M (24%)         502M (25%)         132M (6%)           34M (2%)          502M (25%)          34M (2%)     
[115.890s][info][gc,heap     ] GC(71)      Live:         -                 6M (0%)            6M (0%)            6M (0%)             -                  -          
[115.890s][info][gc,heap     ] GC(71) Allocated:         -                 6M (0%)            8M (0%)            7M (0%)             -                  -          
[115.890s][info][gc,heap     ] GC(71)   Garbage:         -               489M (24%)         117M (6%)           19M (1%)             -                  -          
[115.890s][info][gc,heap     ] GC(71) Reclaimed:         -                  -               372M (18%)         469M (23%)            -                  -          
[115.890s][info][gc          ] GC(71) Garbage Collection (Proactive) 496M(24%)->34M(2%)
[117.377s][info][gc,start    ] GC(72) Garbage Collection (Proactive)
[117.377s][info][gc,task     ] GC(72) Using 12 workers
[117.378s][info][gc,phases   ] GC(72) Pause Mark Start 0.018ms
[117.393s][info][gc,phases   ] GC(72) Concurrent Mark 15.175ms
[117.393s][info][gc,phases   ] GC(72) Pause Mark End 0.021ms
[117.393s][info][gc,phases   ] GC(72) Concurrent Mark Free 0.001ms
[117.394s][info][gc,phases   ] GC(72) Concurrent Process Non-Strong References 1.023ms
[117.394s][info][gc,phases   ] GC(72) Concurrent Reset Relocation Set 0.010ms
[117.402s][info][gc,phases   ] GC(72) Concurrent Select Relocation Set 7.360ms
[117.402s][info][gc,phases   ] GC(72) Pause Relocate Start 0.010ms
[117.406s][info][gc,phases   ] GC(72) Concurrent Relocate 3.680ms
[117.406s][info][gc,load     ] GC(72) Load: 0.00/0.00/0.00
[117.406s][info][gc,mmu      ] GC(72) MMU: 2ms/98.4%, 5ms/99.4%, 10ms/99.6%, 20ms/99.7%, 50ms/99.8%, 100ms/99.9%
[117.406s][info][gc,marking  ] GC(72) Mark: 8 stripe(s), 3 proactive flush(es), 1 terminate flush(es), 0 completion(s), 0 continuation(s) 
[117.406s][info][gc,marking  ] GC(72) Mark Stack Usage: 32M
[117.406s][info][gc,nmethod  ] GC(72) NMethods: 1941 registered, 371 unregistered
[117.406s][info][gc,metaspace] GC(72) Metaspace: 9M used, 9M committed, 1088M reserved
[117.406s][info][gc,ref      ] GC(72) Soft: 214 encountered, 0 discovered, 0 enqueued
[117.406s][info][gc,ref      ] GC(72) Weak: 805 encountered, 83 discovered, 0 enqueued
[117.406s][info][gc,ref      ] GC(72) Final: 0 encountered, 0 discovered, 0 enqueued
[117.406s][info][gc,ref      ] GC(72) Phantom: 27 encountered, 21 discovered, 0 enqueued
[117.406s][info][gc,reloc    ] GC(72) Small Pages: 264 / 528M, Empty: 422M, Relocated: 4M, In-Place: 0
[117.406s][info][gc,reloc    ] GC(72) Medium Pages: 0 / 0M, Empty: 0M, Relocated: 0M, In-Place: 0
[117.406s][info][gc,reloc    ] GC(72) Large Pages: 0 / 0M, Empty: 0M, Relocated: 0M, In-Place: 0
[117.406s][info][gc,reloc    ] GC(72) Forwarding Usage: 2M
[117.406s][info][gc,heap     ] GC(72) Min Capacity: 8M(0%)
[117.406s][info][gc,heap     ] GC(72) Max Capacity: 2048M(100%)
[117.406s][info][gc,heap     ] GC(72) Soft Max Capacity: 2048M(100%)
[117.406s][info][gc,heap     ] GC(72)                Mark Start          Mark End        Relocate Start      Relocate End           High               Low         
[117.406s][info][gc,heap     ] GC(72)  Capacity:     2048M (100%)       2048M (100%)       2048M (100%)       2048M (100%)       2048M (100%)       2048M (100%)   
[117.406s][info][gc,heap     ] GC(72)      Free:     1520M (74%)        1514M (74%)        1934M (94%)        2012M (98%)        2012M (98%)        1514M (74%)    
[117.406s][info][gc,heap     ] GC(72)      Used:      528M (26%)         534M (26%)         114M (6%)           36M (2%)          534M (26%)          36M (2%)     
[117.406s][info][gc,heap     ] GC(72)      Live:         -                 6M (0%)            6M (0%)            6M (0%)             -                  -          
[117.406s][info][gc,heap     ] GC(72) Allocated:         -                 6M (0%)            8M (0%)            9M (0%)             -                  -          
[117.406s][info][gc,heap     ] GC(72)   Garbage:         -               521M (25%)          99M (5%)           19M (1%)             -                  -          
[117.406s][info][gc,heap     ] GC(72) Reclaimed:         -                  -               422M (21%)         501M (25%)            -                  -          
[117.406s][info][gc          ] GC(72) Garbage Collection (Proactive) 528M(26%)->36M(2%)
[117.803s][info][gc,start    ] GC(73) Garbage Collection (System.gc())
[117.803s][info][gc,task     ] GC(73) Using 12 workers
[117.803s][info][gc,phases   ] GC(73) Pause Mark Start 0.017ms
[117.821s][info][gc,phases   ] GC(73) Concurrent Mark 18.347ms
[117.822s][info][gc,phases   ] GC(73) Pause Mark End 0.021ms
[117.822s][info][gc,phases   ] GC(73) Concurrent Mark Free 0.001ms
[117.823s][info][gc,phases   ] GC(73) Concurrent Process Non-Strong References 0.891ms
[117.823s][info][gc,phases   ] GC(73) Concurrent Reset Relocation Set 0.009ms
[117.827s][info][gc,phases   ] GC(73) Concurrent Select Relocation Set 3.857ms
[117.827s][info][gc,phases   ] GC(73) Pause Relocate Start 0.006ms
[117.830s][info][gc,phases   ] GC(73) Concurrent Relocate 2.897ms
[117.830s][info][gc,load     ] GC(73) Load: 0.00/0.00/0.00
[117.830s][info][gc,mmu      ] GC(73) MMU: 2ms/98.4%, 5ms/99.4%, 10ms/99.6%, 20ms/99.7%, 50ms/99.8%, 100ms/99.9%
[117.830s][info][gc,marking  ] GC(73) Mark: 8 stripe(s), 1 proactive flush(es), 1 terminate flush(es), 0 completion(s), 0 continuation(s) 
[117.830s][info][gc,marking  ] GC(73) Mark Stack Usage: 32M
[117.830s][info][gc,nmethod  ] GC(73) NMethods: 1941 registered, 371 unregistered
[117.830s][info][gc,metaspace] GC(73) Metaspace: 9M used, 9M committed, 1088M reserved
[117.830s][info][gc,ref      ] GC(73) Soft: 214 encountered, 0 discovered, 0 enqueued
[117.830s][info][gc,ref      ] GC(73) Weak: 805 encountered, 20 discovered, 0 enqueued
[117.830s][info][gc,ref      ] GC(73) Final: 0 encountered, 0 discovered, 0 enqueued
[117.830s][info][gc,ref      ] GC(73) Phantom: 27 encountered, 19 discovered, 0 enqueued
[117.830s][info][gc,reloc    ] GC(73) Small Pages: 81 / 162M, Empty: 142M, Relocated: 3M, In-Place: 0
[117.830s][info][gc,reloc    ] GC(73) Medium Pages: 0 / 0M, Empty: 0M, Relocated: 0M, In-Place: 0
[117.830s][info][gc,reloc    ] GC(73) Large Pages: 0 / 0M, Empty: 0M, Relocated: 0M, In-Place: 0
[117.830s][info][gc,reloc    ] GC(73) Forwarding Usage: 1M
[117.830s][info][gc,heap     ] GC(73) Min Capacity: 8M(0%)
[117.830s][info][gc,heap     ] GC(73) Max Capacity: 2048M(100%)
[117.830s][info][gc,heap     ] GC(73) Soft Max Capacity: 2048M(100%)
[117.830s][info][gc,heap     ] GC(73)                Mark Start          Mark End        Relocate Start      Relocate End           High               Low         
[117.830s][info][gc,heap     ] GC(73)  Capacity:     2048M (100%)       2048M (100%)       2048M (100%)       2048M (100%)       2048M (100%)       2048M (100%)   
[117.830s][info][gc,heap     ] GC(73)      Free:     1886M (92%)        1886M (92%)        2028M (99%)        2028M (99%)        2028M (99%)        1886M (92%)    
[117.830s][info][gc,heap     ] GC(73)      Used:      162M (8%)          162M (8%)           20M (1%)           20M (1%)          162M (8%)           20M (1%)     
[117.830s][info][gc,heap     ] GC(73)      Live:         -                 4M (0%)            4M (0%)            4M (0%)             -                  -          
[117.830s][info][gc,heap     ] GC(73) Allocated:         -                 0M (0%)            0M (0%)            0M (0%)             -                  -          
[117.830s][info][gc,heap     ] GC(73)   Garbage:         -               157M (8%)           15M (1%)           15M (1%)             -                  -          
[117.830s][info][gc,heap     ] GC(73) Reclaimed:         -                  -               142M (7%)          142M (7%)             -                  -          
[117.830s][info][gc          ] GC(73) Garbage Collection (System.gc()) 162M(8%)->20M(1%)
[119.576s][info][gc,start    ] GC(74) Garbage Collection (Proactive)
[119.576s][info][gc,task     ] GC(74) Using 12 workers
[119.576s][info][gc,phases   ] GC(74) Pause Mark Start 0.019ms
[119.592s][info][gc,phases   ] GC(74) Concurrent Mark 15.193ms
[119.592s][info][gc,phases   ] GC(74) Pause Mark End 0.024ms
[119.592s][info][gc,phases   ] GC(74) Concurrent Mark Free 0.001ms
[119.593s][info][gc,phases   ] GC(74) Concurrent Process Non-Strong References 0.987ms
[119.593s][info][gc,phases   ] GC(74) Concurrent Reset Relocation Set 0.001ms
[119.600s][info][gc,phases   ] GC(74) Concurrent Select Relocation Set 6.754ms
[119.600s][info][gc,phases   ] GC(74) Pause Relocate Start 0.009ms
[119.604s][info][gc,phases   ] GC(74) Concurrent Relocate 3.934ms
[119.604s][info][gc,load     ] GC(74) Load: 0.00/0.00/0.00
[119.604s][info][gc,mmu      ] GC(74) MMU: 2ms/98.4%, 5ms/99.4%, 10ms/99.6%, 20ms/99.7%, 50ms/99.8%, 100ms/99.9%
[119.604s][info][gc,marking  ] GC(74) Mark: 8 stripe(s), 2 proactive flush(es), 1 terminate flush(es), 0 completion(s), 0 continuation(s) 
[119.604s][info][gc,marking  ] GC(74) Mark Stack Usage: 32M
[119.604s][info][gc,nmethod  ] GC(74) NMethods: 1941 registered, 372 unregistered
[119.604s][info][gc,metaspace] GC(74) Metaspace: 9M used, 9M committed, 1088M reserved
[119.604s][info][gc,ref      ] GC(74) Soft: 214 encountered, 0 discovered, 0 enqueued
[119.604s][info][gc,ref      ] GC(74) Weak: 805 encountered, 93 discovered, 0 enqueued
[119.604s][info][gc,ref      ] GC(74) Final: 0 encountered, 0 discovered, 0 enqueued
[119.605s][info][gc,ref      ] GC(74) Phantom: 27 encountered, 23 discovered, 0 enqueued
[119.605s][info][gc,reloc    ] GC(74) Small Pages: 292 / 584M, Empty: 450M, Relocated: 4M, In-Place: 0
[119.605s][info][gc,reloc    ] GC(74) Medium Pages: 0 / 0M, Empty: 0M, Relocated: 0M, In-Place: 0
[119.605s][info][gc,reloc    ] GC(74) Large Pages: 0 / 0M, Empty: 0M, Relocated: 0M, In-Place: 0
[119.605s][info][gc,reloc    ] GC(74) Forwarding Usage: 1M
[119.605s][info][gc,heap     ] GC(74) Min Capacity: 8M(0%)
[119.605s][info][gc,heap     ] GC(74) Max Capacity: 2048M(100%)
[119.605s][info][gc,heap     ] GC(74) Soft Max Capacity: 2048M(100%)
[119.605s][info][gc,heap     ] GC(74)                Mark Start          Mark End        Relocate Start      Relocate End           High               Low         
[119.605s][info][gc,heap     ] GC(74)  Capacity:     2048M (100%)       2048M (100%)       2048M (100%)       2048M (100%)       2048M (100%)       2048M (100%)   
[119.605s][info][gc,heap     ] GC(74)      Free:     1464M (71%)        1458M (71%)        1906M (93%)        2012M (98%)        2012M (98%)        1458M (71%)    
[119.605s][info][gc,heap     ] GC(74)      Used:      584M (29%)         590M (29%)         142M (7%)           36M (2%)          590M (29%)          36M (2%)     
[119.605s][info][gc,heap     ] GC(74)      Live:         -                 6M (0%)            6M (0%)            6M (0%)             -                  -          
[119.605s][info][gc,heap     ] GC(74) Allocated:         -                 6M (0%)            8M (0%)            9M (0%)             -                  -          
[119.605s][info][gc,heap     ] GC(74)   Garbage:         -               577M (28%)         127M (6%)           19M (1%)             -                  -          
[119.605s][info][gc,heap     ] GC(74) Reclaimed:         -                  -               450M (22%)         557M (27%)            -                  -          
[119.605s][info][gc          ] GC(74) Garbage Collection (Proactive) 584M(29%)->36M(2%)
[120.177s][info][gc,stats    ] === Garbage Collection Statistics =======================================================================================================================
[120.177s][info][gc,stats    ]                                                              Last 10s              Last 10m              Last 10h                Total
[120.177s][info][gc,stats    ]                                                              Avg / Max             Avg / Max             Avg / Max             Avg / Max
[120.177s][info][gc,stats    ]   Collector: Garbage Collection Cycle                     26.694 / 28.520       26.154 / 42.739       26.154 / 42.739       26.154 / 42.739      ms
[120.177s][info][gc,stats    ]  Contention: Mark Segment Reset Contention                     1 / 4                 1 / 10                1 / 10                1 / 10          ops/s
[120.177s][info][gc,stats    ]  Contention: Mark SeqNum Reset Contention                      0 / 1                 0 / 2                 0 / 2                 0 / 2           ops/s
[120.177s][info][gc,stats    ]    Critical: Allocation Stall                                  0 / 0                 0 / 0                 0 / 0                 0 / 0           ops/s
[120.177s][info][gc,stats    ]    Critical: Allocation Stall                              0.000 / 0.000         0.000 / 0.000         0.000 / 0.000         0.000 / 0.000       ms
[120.177s][info][gc,stats    ]    Critical: GC Locker Stall                                   0 / 0                 0 / 0                 0 / 0                 0 / 0           ops/s
[120.177s][info][gc,stats    ]    Critical: GC Locker Stall                               0.000 / 0.000         0.000 / 0.000         0.000 / 0.000         0.000 / 0.000       ms
[120.177s][info][gc,stats    ]    Critical: Relocation Stall                                  0 / 0                 0 / 0                 0 / 0                 0 / 0           ops/s
[120.177s][info][gc,stats    ]    Critical: Relocation Stall                              0.000 / 0.000         0.000 / 0.000         0.000 / 0.000         0.000 / 0.000       ms
[120.177s][info][gc,stats    ]      Memory: Allocation Rate                                 322 / 334             318 / 342             318 / 342             318 / 342         MB/s
[120.177s][info][gc,stats    ]      Memory: Defragment                                        0 / 0                 0 / 0                 0 / 0                 0 / 0           ops/s
[120.177s][info][gc,stats    ]      Memory: Out Of Memory                                     0 / 0                 0 / 0                 0 / 0                 0 / 0           ops/s
[120.177s][info][gc,stats    ]      Memory: Page Cache Flush                                  0 / 0                 0 / 0                 0 / 0                 0 / 0           MB/s
[120.177s][info][gc,stats    ]      Memory: Page Cache Hit L1                               168 / 177             161 / 182             161 / 182             161 / 182         ops/s
[120.177s][info][gc,stats    ]      Memory: Page Cache Hit L2                                 0 / 0                 0 / 0                 0 / 0                 0 / 0           ops/s
[120.177s][info][gc,stats    ]      Memory: Page Cache Hit L3                                 0 / 0                 4 / 145               4 / 145               4 / 145         ops/s
[120.177s][info][gc,stats    ]      Memory: Page Cache Miss                                   0 / 0                 0 / 1                 0 / 1                 0 / 1           ops/s
[120.177s][info][gc,stats    ]      Memory: Uncommit                                          0 / 0                 0 / 0                 0 / 0                 0 / 0           MB/s
[120.177s][info][gc,stats    ]      Memory: Undo Object Allocation Failed                     0 / 2                 0 / 5                 0 / 5                 0 / 5           ops/s
[120.177s][info][gc,stats    ]      Memory: Undo Object Allocation Succeeded                  0 / 4                 0 / 4                 0 / 4                 0 / 4           ops/s
[120.177s][info][gc,stats    ]      Memory: Undo Page Allocation                              0 / 2                 1 / 6                 1 / 6                 1 / 6           ops/s
[120.177s][info][gc,stats    ]       Phase: Concurrent Mark                              15.898 / 18.347       14.949 / 30.725       14.949 / 30.725       14.949 / 30.725      ms
[120.177s][info][gc,stats    ]       Phase: Concurrent Mark Continue                      0.000 / 0.000         0.000 / 0.000         0.000 / 0.000         0.000 / 0.000       ms
[120.178s][info][gc,stats    ]       Phase: Concurrent Mark Free                          0.001 / 0.001         0.001 / 0.002         0.001 / 0.002         0.001 / 0.002       ms
[120.178s][info][gc,stats    ]       Phase: Concurrent Process Non-Strong References      0.955 / 1.023         1.019 / 5.203         1.019 / 5.203         1.019 / 5.203       ms
[120.178s][info][gc,stats    ]       Phase: Concurrent Relocate                           3.573 / 4.452         3.238 / 4.452         3.238 / 4.452         3.238 / 4.452       ms
[120.178s][info][gc,stats    ]       Phase: Concurrent Reset Relocation Set               0.007 / 0.012         0.008 / 0.016         0.008 / 0.016         0.008 / 0.016       ms
[120.178s][info][gc,stats    ]       Phase: Concurrent Select Relocation Set              5.121 / 7.360         5.531 / 15.037        5.531 / 15.037        5.531 / 15.037      ms
[120.178s][info][gc,stats    ]       Phase: Pause Mark End                                0.022 / 0.025         0.023 / 0.032         0.023 / 0.032         0.023 / 0.032       ms
[120.178s][info][gc,stats    ]       Phase: Pause Mark Start                              0.018 / 0.019         0.018 / 0.030         0.018 / 0.030         0.018 / 0.030       ms
[120.178s][info][gc,stats    ]       Phase: Pause Relocate Start                          0.009 / 0.010         0.008 / 0.010         0.008 / 0.010         0.008 / 0.010       ms
[120.178s][info][gc,stats    ]    Subphase: Concurrent Classes Purge                      0.007 / 0.018         0.037 / 0.832         0.037 / 0.832         0.037 / 0.832       ms
[120.178s][info][gc,stats    ]    Subphase: Concurrent Classes Unlink                     0.654 / 0.698         0.681 / 4.025         0.681 / 4.025         0.681 / 4.025       ms
[120.178s][info][gc,stats    ]    Subphase: Concurrent Mark                              14.050 / 17.293       13.104 / 23.255       13.104 / 23.255       13.104 / 23.255      ms
[120.178s][info][gc,stats    ]    Subphase: Concurrent Mark Try Flush                     0.072 / 0.099         0.070 / 0.200         0.070 / 0.200         0.070 / 0.200       ms
[120.178s][info][gc,stats    ]    Subphase: Concurrent Mark Try Terminate                 9.292 / 14.773        8.091 / 16.368        8.091 / 16.368        8.091 / 16.368      ms
[120.178s][info][gc,stats    ]    Subphase: Concurrent References Enqueue                 0.000 / 0.001         0.001 / 0.004         0.001 / 0.004         0.001 / 0.004       ms
[120.178s][info][gc,stats    ]    Subphase: Concurrent References Process                 0.042 / 0.053         0.047 / 0.075         0.047 / 0.075         0.047 / 0.075       ms
[120.178s][info][gc,stats    ]    Subphase: Concurrent Roots ClassLoaderDataGraph         0.085 / 0.666         0.087 / 0.967         0.087 / 0.967         0.087 / 0.967       ms
[120.178s][info][gc,stats    ]    Subphase: Concurrent Roots CodeCache                    0.000 / 0.000         0.000 / 0.000         0.000 / 0.000         0.000 / 0.000       ms
[120.178s][info][gc,stats    ]    Subphase: Concurrent Roots JavaThreads                  0.481 / 1.021         0.558 / 7.350         0.558 / 7.350         0.558 / 7.350       ms
[120.178s][info][gc,stats    ]    Subphase: Concurrent Roots OopStorageSet                0.016 / 0.050         0.018 / 0.273         0.018 / 0.273         0.018 / 0.273       ms
[120.178s][info][gc,stats    ]    Subphase: Concurrent Weak Roots OopStorageSet           0.133 / 0.165         0.133 / 0.165         0.133 / 0.165         0.133 / 0.165       ms
[120.178s][info][gc,stats    ]    Subphase: Pause Mark Try Complete                       0.000 / 0.000         0.000 / 0.000         0.000 / 0.000         0.000 / 0.000       ms
[120.178s][info][gc,stats    ]      System: Java Threads                                     34 / 34               31 / 37               31 / 37               31 / 37          threads
[120.178s][info][gc,stats    ] =========================================================================================================================================================
[121.268s][info][gc,start    ] GC(75) Garbage Collection (Proactive)
[121.268s][info][gc,task     ] GC(75) Using 12 workers
[121.269s][info][gc,phases   ] GC(75) Pause Mark Start 0.017ms
[121.284s][info][gc,phases   ] GC(75) Concurrent Mark 15.207ms
[121.284s][info][gc,phases   ] GC(75) Pause Mark End 0.023ms
[121.284s][info][gc,phases   ] GC(75) Concurrent Mark Free 0.002ms
[121.285s][info][gc,phases   ] GC(75) Concurrent Process Non-Strong References 1.021ms
[121.285s][info][gc,phases   ] GC(75) Concurrent Reset Relocation Set 0.011ms
[121.293s][info][gc,phases   ] GC(75) Concurrent Select Relocation Set 7.253ms
[121.293s][info][gc,phases   ] GC(75) Pause Relocate Start 0.008ms
[121.297s][info][gc,phases   ] GC(75) Concurrent Relocate 3.764ms
[121.297s][info][gc,load     ] GC(75) Load: 0.00/0.00/0.00
[121.297s][info][gc,mmu      ] GC(75) MMU: 2ms/98.4%, 5ms/99.4%, 10ms/99.6%, 20ms/99.7%, 50ms/99.8%, 100ms/99.9%
[121.297s][info][gc,marking  ] GC(75) Mark: 8 stripe(s), 2 proactive flush(es), 1 terminate flush(es), 0 completion(s), 0 continuation(s) 
[121.297s][info][gc,marking  ] GC(75) Mark Stack Usage: 32M
[121.297s][info][gc,nmethod  ] GC(75) NMethods: 1941 registered, 372 unregistered
[121.297s][info][gc,metaspace] GC(75) Metaspace: 9M used, 9M committed, 1088M reserved
[121.297s][info][gc,ref      ] GC(75) Soft: 214 encountered, 0 discovered, 0 enqueued
[121.297s][info][gc,ref      ] GC(75) Weak: 805 encountered, 23 discovered, 0 enqueued
[121.297s][info][gc,ref      ] GC(75) Final: 0 encountered, 0 discovered, 0 enqueued
[121.297s][info][gc,ref      ] GC(75) Phantom: 27 encountered, 24 discovered, 0 enqueued
[121.297s][info][gc,reloc    ] GC(75) Small Pages: 282 / 564M, Empty: 466M, Relocated: 4M, In-Place: 0
[121.297s][info][gc,reloc    ] GC(75) Medium Pages: 0 / 0M, Empty: 0M, Relocated: 0M, In-Place: 0
[121.297s][info][gc,reloc    ] GC(75) Large Pages: 0 / 0M, Empty: 0M, Relocated: 0M, In-Place: 0
[121.297s][info][gc,reloc    ] GC(75) Forwarding Usage: 2M
[121.297s][info][gc,heap     ] GC(75) Min Capacity: 8M(0%)
[121.297s][info][gc,heap     ] GC(75) Max Capacity: 2048M(100%)
[121.297s][info][gc,heap     ] GC(75) Soft Max Capacity: 2048M(100%)
[121.297s][info][gc,heap     ] GC(75)                Mark Start          Mark End        Relocate Start      Relocate End           High               Low         
[121.297s][info][gc,heap     ] GC(75)  Capacity:     2048M (100%)       2048M (100%)       2048M (100%)       2048M (100%)       2048M (100%)       2048M (100%)   
[121.297s][info][gc,heap     ] GC(75)      Free:     1484M (72%)        1478M (72%)        1940M (95%)        2012M (98%)        2012M (98%)        1476M (72%)    
[121.297s][info][gc,heap     ] GC(75)      Used:      564M (28%)         570M (28%)         108M (5%)           36M (2%)          572M (28%)          36M (2%)     
[121.297s][info][gc,heap     ] GC(75)      Live:         -                 6M (0%)            6M (0%)            6M (0%)             -                  -          
[121.297s][info][gc,heap     ] GC(75) Allocated:         -                 6M (0%)           10M (0%)            9M (0%)             -                  -          
[121.298s][info][gc,heap     ] GC(75)   Garbage:         -               557M (27%)          91M (4%)           19M (1%)             -                  -          
[121.298s][info][gc,heap     ] GC(75) Reclaimed:         -                  -               466M (23%)         537M (26%)            -                  -          
[121.298s][info][gc          ] GC(75) Garbage Collection (Proactive) 564M(28%)->36M(2%)
[122.976s][info][gc,start    ] GC(76) Garbage Collection (Proactive)
[122.976s][info][gc,task     ] GC(76) Using 12 workers
[122.976s][info][gc,phases   ] GC(76) Pause Mark Start 0.017ms
[122.992s][info][gc,phases   ] GC(76) Concurrent Mark 15.155ms
[122.992s][info][gc,phases   ] GC(76) Pause Mark End 0.023ms
[122.992s][info][gc,phases   ] GC(76) Concurrent Mark Free 0.002ms
[122.993s][info][gc,phases   ] GC(76) Concurrent Process Non-Strong References 1.026ms
[122.993s][info][gc,phases   ] GC(76) Concurrent Reset Relocation Set 0.008ms
[123.000s][info][gc,phases   ] GC(76) Concurrent Select Relocation Set 7.257ms
[123.001s][info][gc,phases   ] GC(76) Pause Relocate Start 0.009ms
[123.004s][info][gc,phases   ] GC(76) Concurrent Relocate 3.268ms
[123.004s][info][gc,load     ] GC(76) Load: 0.00/0.00/0.00
[123.004s][info][gc,mmu      ] GC(76) MMU: 2ms/98.4%, 5ms/99.4%, 10ms/99.6%, 20ms/99.7%, 50ms/99.8%, 100ms/99.9%
[123.004s][info][gc,marking  ] GC(76) Mark: 8 stripe(s), 2 proactive flush(es), 1 terminate flush(es), 0 completion(s), 0 continuation(s) 
[123.004s][info][gc,marking  ] GC(76) Mark Stack Usage: 32M
[123.004s][info][gc,nmethod  ] GC(76) NMethods: 1941 registered, 372 unregistered
[123.004s][info][gc,metaspace] GC(76) Metaspace: 9M used, 9M committed, 1088M reserved
[123.004s][info][gc,ref      ] GC(76) Soft: 214 encountered, 0 discovered, 0 enqueued
[123.004s][info][gc,ref      ] GC(76) Weak: 805 encountered, 125 discovered, 0 enqueued
[123.004s][info][gc,ref      ] GC(76) Final: 0 encountered, 0 discovered, 0 enqueued
[123.004s][info][gc,ref      ] GC(76) Phantom: 27 encountered, 13 discovered, 0 enqueued
[123.004s][info][gc,reloc    ] GC(76) Small Pages: 290 / 580M, Empty: 432M, Relocated: 4M, In-Place: 0
[123.004s][info][gc,reloc    ] GC(76) Medium Pages: 0 / 0M, Empty: 0M, Relocated: 0M, In-Place: 0
[123.004s][info][gc,reloc    ] GC(76) Large Pages: 0 / 0M, Empty: 0M, Relocated: 0M, In-Place: 0
[123.004s][info][gc,reloc    ] GC(76) Forwarding Usage: 2M
[123.004s][info][gc,heap     ] GC(76) Min Capacity: 8M(0%)
[123.005s][info][gc,heap     ] GC(76) Max Capacity: 2048M(100%)
[123.005s][info][gc,heap     ] GC(76) Soft Max Capacity: 2048M(100%)
[123.005s][info][gc,heap     ] GC(76)                Mark Start          Mark End        Relocate Start      Relocate End           High               Low         
[123.005s][info][gc,heap     ] GC(76)  Capacity:     2048M (100%)       2048M (100%)       2048M (100%)       2048M (100%)       2048M (100%)       2048M (100%)   
[123.005s][info][gc,heap     ] GC(76)      Free:     1468M (72%)        1460M (71%)        1890M (92%)        2012M (98%)        2012M (98%)        1460M (71%)    
[123.005s][info][gc,heap     ] GC(76)      Used:      580M (28%)         588M (29%)         158M (8%)           36M (2%)          588M (29%)          36M (2%)     
[123.005s][info][gc,heap     ] GC(76)      Live:         -                 6M (0%)            6M (0%)            6M (0%)             -                  -          
[123.005s][info][gc,heap     ] GC(76) Allocated:         -                 8M (0%)           10M (0%)            9M (0%)             -                  -          
[123.005s][info][gc,heap     ] GC(76)   Garbage:         -               573M (28%)         141M (7%)           19M (1%)             -                  -          
[123.005s][info][gc,heap     ] GC(76) Reclaimed:         -                  -               432M (21%)         553M (27%)            -                  -          
[123.005s][info][gc          ] GC(76) Garbage Collection (Proactive) 580M(28%)->36M(2%)
[124.568s][info][gc,start    ] GC(77) Garbage Collection (Proactive)
[124.568s][info][gc,task     ] GC(77) Using 12 workers
[124.568s][info][gc,phases   ] GC(77) Pause Mark Start 0.018ms
[124.583s][info][gc,phases   ] GC(77) Concurrent Mark 15.204ms
[124.583s][info][gc,phases   ] GC(77) Pause Mark End 0.022ms
[124.583s][info][gc,phases   ] GC(77) Concurrent Mark Free 0.001ms
[124.584s][info][gc,phases   ] GC(77) Concurrent Process Non-Strong References 0.959ms
[124.585s][info][gc,phases   ] GC(77) Concurrent Reset Relocation Set 0.011ms
[124.589s][info][gc,phases   ] GC(77) Concurrent Select Relocation Set 4.020ms
[124.589s][info][gc,phases   ] GC(77) Pause Relocate Start 0.009ms
[124.591s][info][gc,phases   ] GC(77) Concurrent Relocate 2.645ms
[124.592s][info][gc,load     ] GC(77) Load: 0.00/0.00/0.00
[124.592s][info][gc,mmu      ] GC(77) MMU: 2ms/98.4%, 5ms/99.4%, 10ms/99.6%, 20ms/99.7%, 50ms/99.8%, 100ms/99.9%
[124.592s][info][gc,marking  ] GC(77) Mark: 8 stripe(s), 3 proactive flush(es), 1 terminate flush(es), 0 completion(s), 0 continuation(s) 
[124.592s][info][gc,marking  ] GC(77) Mark Stack Usage: 32M
[124.592s][info][gc,nmethod  ] GC(77) NMethods: 1941 registered, 372 unregistered
[124.592s][info][gc,metaspace] GC(77) Metaspace: 9M used, 9M committed, 1088M reserved
[124.592s][info][gc,ref      ] GC(77) Soft: 214 encountered, 0 discovered, 0 enqueued
[124.592s][info][gc,ref      ] GC(77) Weak: 805 encountered, 181 discovered, 0 enqueued
[124.592s][info][gc,ref      ] GC(77) Final: 0 encountered, 0 discovered, 0 enqueued
[124.592s][info][gc,ref      ] GC(77) Phantom: 27 encountered, 20 discovered, 0 enqueued
[124.592s][info][gc,reloc    ] GC(77) Small Pages: 267 / 534M, Empty: 482M, Relocated: 3M, In-Place: 0
[124.592s][info][gc,reloc    ] GC(77) Medium Pages: 0 / 0M, Empty: 0M, Relocated: 0M, In-Place: 0
[124.592s][info][gc,reloc    ] GC(77) Large Pages: 0 / 0M, Empty: 0M, Relocated: 0M, In-Place: 0
[124.592s][info][gc,reloc    ] GC(77) Forwarding Usage: 1M
[124.592s][info][gc,heap     ] GC(77) Min Capacity: 8M(0%)
[124.592s][info][gc,heap     ] GC(77) Max Capacity: 2048M(100%)
[124.592s][info][gc,heap     ] GC(77) Soft Max Capacity: 2048M(100%)
[124.592s][info][gc,heap     ] GC(77)                Mark Start          Mark End        Relocate Start      Relocate End           High               Low         
[124.592s][info][gc,heap     ] GC(77)  Capacity:     2048M (100%)       2048M (100%)       2048M (100%)       2048M (100%)       2048M (100%)       2048M (100%)   
[124.592s][info][gc,heap     ] GC(77)      Free:     1514M (74%)        1510M (74%)        1990M (97%)        2014M (98%)        2014M (98%)        1510M (74%)    
[124.592s][info][gc,heap     ] GC(77)      Used:      534M (26%)         538M (26%)          58M (3%)           34M (2%)          538M (26%)          34M (2%)     
[124.592s][info][gc,heap     ] GC(77)      Live:         -                 5M (0%)            5M (0%)            5M (0%)             -                  -          
[124.592s][info][gc,heap     ] GC(77) Allocated:         -                 4M (0%)            6M (0%)            5M (0%)             -                  -          
[124.592s][info][gc,heap     ] GC(77)   Garbage:         -               528M (26%)          46M (2%)           22M (1%)             -                  -          
[124.592s][info][gc,heap     ] GC(77) Reclaimed:         -                  -               482M (24%)         505M (25%)            -                  -          
[124.592s][info][gc          ] GC(77) Garbage Collection (Proactive) 534M(26%)->34M(2%)
[124.602s][info][gc,start    ] GC(78) Garbage Collection (System.gc())
[124.602s][info][gc,task     ] GC(78) Using 12 workers
[124.602s][info][gc,phases   ] GC(78) Pause Mark Start 0.015ms
[124.614s][info][gc,phases   ] GC(78) Concurrent Mark 12.007ms
[124.615s][info][gc,phases   ] GC(78) Pause Mark End 0.019ms
[124.615s][info][gc,phases   ] GC(78) Concurrent Mark Free 0.001ms
[124.616s][info][gc,phases   ] GC(78) Concurrent Process Non-Strong References 0.864ms
[124.616s][info][gc,phases   ] GC(78) Concurrent Reset Relocation Set 0.003ms
[124.622s][info][gc,phases   ] GC(78) Concurrent Select Relocation Set 5.985ms
[124.622s][info][gc,phases   ] GC(78) Pause Relocate Start 0.009ms
[124.625s][info][gc,phases   ] GC(78) Concurrent Relocate 2.931ms
[124.625s][info][gc,load     ] GC(78) Load: 0.00/0.00/0.00
[124.625s][info][gc,mmu      ] GC(78) MMU: 2ms/98.4%, 5ms/99.4%, 10ms/99.6%, 20ms/99.7%, 50ms/99.8%, 100ms/99.9%
[124.625s][info][gc,marking  ] GC(78) Mark: 8 stripe(s), 1 proactive flush(es), 1 terminate flush(es), 0 completion(s), 0 continuation(s) 
[124.625s][info][gc,marking  ] GC(78) Mark Stack Usage: 32M
[124.625s][info][gc,nmethod  ] GC(78) NMethods: 1942 registered, 372 unregistered
[124.625s][info][gc,metaspace] GC(78) Metaspace: 9M used, 9M committed, 1088M reserved
[124.625s][info][gc,ref      ] GC(78) Soft: 214 encountered, 0 discovered, 0 enqueued
[124.625s][info][gc,ref      ] GC(78) Weak: 805 encountered, 31 discovered, 0 enqueued
[124.625s][info][gc,ref      ] GC(78) Final: 0 encountered, 0 discovered, 0 enqueued
[124.625s][info][gc,ref      ] GC(78) Phantom: 27 encountered, 22 discovered, 0 enqueued
[124.625s][info][gc,reloc    ] GC(78) Small Pages: 18 / 36M, Empty: 20M, Relocated: 3M, In-Place: 0
[124.625s][info][gc,reloc    ] GC(78) Medium Pages: 0 / 0M, Empty: 0M, Relocated: 0M, In-Place: 0
[124.625s][info][gc,reloc    ] GC(78) Large Pages: 0 / 0M, Empty: 0M, Relocated: 0M, In-Place: 0
[124.625s][info][gc,reloc    ] GC(78) Forwarding Usage: 1M
[124.625s][info][gc,heap     ] GC(78) Min Capacity: 8M(0%)
[124.625s][info][gc,heap     ] GC(78) Max Capacity: 2048M(100%)
[124.625s][info][gc,heap     ] GC(78) Soft Max Capacity: 2048M(100%)
[124.625s][info][gc,heap     ] GC(78)                Mark Start          Mark End        Relocate Start      Relocate End           High               Low         
[124.625s][info][gc,heap     ] GC(78)  Capacity:     2048M (100%)       2048M (100%)       2048M (100%)       2048M (100%)       2048M (100%)       2048M (100%)   
[124.625s][info][gc,heap     ] GC(78)      Free:     2012M (98%)        2012M (98%)        2032M (99%)        2032M (99%)        2032M (99%)        2012M (98%)    
[124.625s][info][gc,heap     ] GC(78)      Used:       36M (2%)           36M (2%)           16M (1%)           16M (1%)           36M (2%)           16M (1%)     
[124.625s][info][gc,heap     ] GC(78)      Live:         -                 4M (0%)            4M (0%)            4M (0%)             -                  -          
[124.626s][info][gc,heap     ] GC(78) Allocated:         -                 0M (0%)            0M (0%)            0M (0%)             -                  -          
[124.626s][info][gc,heap     ] GC(78)   Garbage:         -                31M (2%)           11M (1%)           11M (1%)             -                  -          
[124.626s][info][gc,heap     ] GC(78) Reclaimed:         -                  -                20M (1%)           20M (1%)             -                  -          
[124.626s][info][gc          ] GC(78) Garbage Collection (System.gc()) 36M(2%)->16M(1%)
[126.166s][info][gc,start    ] GC(79) Garbage Collection (Proactive)
[126.166s][info][gc,task     ] GC(79) Using 12 workers
[126.166s][info][gc,phases   ] GC(79) Pause Mark Start 0.018ms
[126.182s][info][gc,phases   ] GC(79) Concurrent Mark 15.146ms
[126.182s][info][gc,phases   ] GC(79) Pause Mark End 0.023ms
[126.182s][info][gc,phases   ] GC(79) Concurrent Mark Free 0.001ms
[126.183s][info][gc,phases   ] GC(79) Concurrent Process Non-Strong References 0.993ms
[126.183s][info][gc,phases   ] GC(79) Concurrent Reset Relocation Set 0.001ms
[126.190s][info][gc,phases   ] GC(79) Concurrent Select Relocation Set 6.737ms
[126.190s][info][gc,phases   ] GC(79) Pause Relocate Start 0.008ms
[126.193s][info][gc,phases   ] GC(79) Concurrent Relocate 3.400ms
[126.194s][info][gc,load     ] GC(79) Load: 0.00/0.00/0.00
[126.194s][info][gc,mmu      ] GC(79) MMU: 2ms/98.4%, 5ms/99.4%, 10ms/99.6%, 20ms/99.7%, 50ms/99.8%, 100ms/99.9%
[126.194s][info][gc,marking  ] GC(79) Mark: 8 stripe(s), 2 proactive flush(es), 1 terminate flush(es), 0 completion(s), 0 continuation(s) 
[126.194s][info][gc,marking  ] GC(79) Mark Stack Usage: 32M
[126.194s][info][gc,nmethod  ] GC(79) NMethods: 1943 registered, 374 unregistered
[126.194s][info][gc,metaspace] GC(79) Metaspace: 9M used, 9M committed, 1088M reserved
[126.194s][info][gc,ref      ] GC(79) Soft: 214 encountered, 0 discovered, 0 enqueued
[126.194s][info][gc,ref      ] GC(79) Weak: 805 encountered, 158 discovered, 0 enqueued
[126.194s][info][gc,ref      ] GC(79) Final: 0 encountered, 0 discovered, 0 enqueued
[126.194s][info][gc,ref      ] GC(79) Phantom: 27 encountered, 23 discovered, 0 enqueued
[126.194s][info][gc,reloc    ] GC(79) Small Pages: 261 / 522M, Empty: 346M, Relocated: 4M, In-Place: 0
[126.194s][info][gc,reloc    ] GC(79) Medium Pages: 0 / 0M, Empty: 0M, Relocated: 0M, In-Place: 0
[126.194s][info][gc,reloc    ] GC(79) Large Pages: 0 / 0M, Empty: 0M, Relocated: 0M, In-Place: 0
[126.194s][info][gc,reloc    ] GC(79) Forwarding Usage: 2M
[126.194s][info][gc,heap     ] GC(79) Min Capacity: 8M(0%)
[126.194s][info][gc,heap     ] GC(79) Max Capacity: 2048M(100%)
[126.194s][info][gc,heap     ] GC(79) Soft Max Capacity: 2048M(100%)
[126.194s][info][gc,heap     ] GC(79)                Mark Start          Mark End        Relocate Start      Relocate End           High               Low         
[126.194s][info][gc,heap     ] GC(79)  Capacity:     2048M (100%)       2048M (100%)       2048M (100%)       2048M (100%)       2048M (100%)       2048M (100%)   
[126.194s][info][gc,heap     ] GC(79)      Free:     1526M (75%)        1518M (74%)        1862M (91%)        2012M (98%)        2012M (98%)        1518M (74%)    
[126.194s][info][gc,heap     ] GC(79)      Used:      522M (25%)         530M (26%)         186M (9%)           36M (2%)          530M (26%)          36M (2%)     
[126.194s][info][gc,heap     ] GC(79)      Live:         -                 6M (0%)            6M (0%)            6M (0%)             -                  -          
[126.194s][info][gc,heap     ] GC(79) Allocated:         -                 8M (0%)           10M (0%)            9M (0%)             -                  -          
[126.194s][info][gc,heap     ] GC(79)   Garbage:         -               515M (25%)         169M (8%)           19M (1%)             -                  -          
[126.194s][info][gc,heap     ] GC(79) Reclaimed:         -                  -               346M (17%)         495M (24%)            -                  -          
[126.194s][info][gc          ] GC(79) Garbage Collection (Proactive) 522M(25%)->36M(2%)
[127.876s][info][gc,start    ] GC(80) Garbage Collection (Proactive)
[127.876s][info][gc,task     ] GC(80) Using 12 workers
[127.876s][info][gc,phases   ] GC(80) Pause Mark Start 0.018ms
[127.891s][info][gc,phases   ] GC(80) Concurrent Mark 15.231ms
[127.892s][info][gc,phases   ] GC(80) Pause Mark End 0.023ms
[127.892s][info][gc,phases   ] GC(80) Concurrent Mark Free 0.002ms
[127.893s][info][gc,phases   ] GC(80) Concurrent Process Non-Strong References 0.991ms
[127.893s][info][gc,phases   ] GC(80) Concurrent Reset Relocation Set 0.013ms
[127.897s][info][gc,phases   ] GC(80) Concurrent Select Relocation Set 3.851ms
[127.897s][info][gc,phases   ] GC(80) Pause Relocate Start 0.007ms
[127.901s][info][gc,phases   ] GC(80) Concurrent Relocate 4.337ms
[127.901s][info][gc,load     ] GC(80) Load: 0.00/0.00/0.00
[127.901s][info][gc,mmu      ] GC(80) MMU: 2ms/98.4%, 5ms/99.4%, 10ms/99.6%, 20ms/99.7%, 50ms/99.8%, 100ms/99.9%
[127.901s][info][gc,marking  ] GC(80) Mark: 8 stripe(s), 4 proactive flush(es), 1 terminate flush(es), 0 completion(s), 0 continuation(s) 
[127.901s][info][gc,marking  ] GC(80) Mark Stack Usage: 32M
[127.901s][info][gc,nmethod  ] GC(80) NMethods: 1943 registered, 374 unregistered
[127.901s][info][gc,metaspace] GC(80) Metaspace: 9M used, 9M committed, 1088M reserved
[127.901s][info][gc,ref      ] GC(80) Soft: 214 encountered, 0 discovered, 0 enqueued
[127.901s][info][gc,ref      ] GC(80) Weak: 805 encountered, 18 discovered, 0 enqueued
[127.901s][info][gc,ref      ] GC(80) Final: 0 encountered, 0 discovered, 0 enqueued
[127.902s][info][gc,ref      ] GC(80) Phantom: 27 encountered, 23 discovered, 0 enqueued
[127.902s][info][gc,reloc    ] GC(80) Small Pages: 291 / 582M, Empty: 480M, Relocated: 4M, In-Place: 0
[127.902s][info][gc,reloc    ] GC(80) Medium Pages: 0 / 0M, Empty: 0M, Relocated: 0M, In-Place: 0
[127.902s][info][gc,reloc    ] GC(80) Large Pages: 0 / 0M, Empty: 0M, Relocated: 0M, In-Place: 0
[127.902s][info][gc,reloc    ] GC(80) Forwarding Usage: 2M
[127.902s][info][gc,heap     ] GC(80) Min Capacity: 8M(0%)
[127.902s][info][gc,heap     ] GC(80) Max Capacity: 2048M(100%)
[127.902s][info][gc,heap     ] GC(80) Soft Max Capacity: 2048M(100%)
[127.902s][info][gc,heap     ] GC(80)                Mark Start          Mark End        Relocate Start      Relocate End           High               Low         
[127.902s][info][gc,heap     ] GC(80)  Capacity:     2048M (100%)       2048M (100%)       2048M (100%)       2048M (100%)       2048M (100%)       2048M (100%)   
[127.902s][info][gc,heap     ] GC(80)      Free:     1466M (72%)        1458M (71%)        1938M (95%)        2012M (98%)        2012M (98%)        1458M (71%)    
[127.902s][info][gc,heap     ] GC(80)      Used:      582M (28%)         590M (29%)         110M (5%)           36M (2%)          590M (29%)          36M (2%)     
[127.902s][info][gc,heap     ] GC(80)      Live:         -                 6M (0%)            6M (0%)            6M (0%)             -                  -          
[127.902s][info][gc,heap     ] GC(80) Allocated:         -                 8M (0%)            8M (0%)            9M (0%)             -                  -          
[127.902s][info][gc,heap     ] GC(80)   Garbage:         -               575M (28%)          95M (5%)           19M (1%)             -                  -          
[127.902s][info][gc,heap     ] GC(80) Reclaimed:         -                  -               480M (23%)         555M (27%)            -                  -          
[127.902s][info][gc          ] GC(80) Garbage Collection (Proactive) 582M(28%)->36M(2%)
[129.578s][info][gc,start    ] GC(81) Garbage Collection (Proactive)
[129.578s][info][gc,task     ] GC(81) Using 12 workers
[129.579s][info][gc,phases   ] GC(81) Pause Mark Start 0.019ms
[129.594s][info][gc,phases   ] GC(81) Concurrent Mark 15.175ms
[129.594s][info][gc,phases   ] GC(81) Pause Mark End 0.025ms
[129.594s][info][gc,phases   ] GC(81) Concurrent Mark Free 0.002ms
[129.595s][info][gc,phases   ] GC(81) Concurrent Process Non-Strong References 1.016ms
[129.595s][info][gc,phases   ] GC(81) Concurrent Reset Relocation Set 0.008ms
[129.599s][info][gc,phases   ] GC(81) Concurrent Select Relocation Set 3.816ms
[129.599s][info][gc,phases   ] GC(81) Pause Relocate Start 0.009ms
[129.603s][info][gc,phases   ] GC(81) Concurrent Relocate 3.257ms
[129.603s][info][gc,load     ] GC(81) Load: 0.00/0.00/0.00
[129.603s][info][gc,mmu      ] GC(81) MMU: 2ms/98.4%, 5ms/99.4%, 10ms/99.6%, 20ms/99.7%, 50ms/99.8%, 100ms/99.9%
[129.603s][info][gc,marking  ] GC(81) Mark: 8 stripe(s), 2 proactive flush(es), 1 terminate flush(es), 0 completion(s), 0 continuation(s) 
[129.603s][info][gc,marking  ] GC(81) Mark Stack Usage: 32M
[129.603s][info][gc,nmethod  ] GC(81) NMethods: 1943 registered, 374 unregistered
[129.603s][info][gc,metaspace] GC(81) Metaspace: 9M used, 9M committed, 1088M reserved
[129.603s][info][gc,ref      ] GC(81) Soft: 214 encountered, 0 discovered, 0 enqueued
[129.603s][info][gc,ref      ] GC(81) Weak: 805 encountered, 45 discovered, 0 enqueued
[129.603s][info][gc,ref      ] GC(81) Final: 0 encountered, 0 discovered, 0 enqueued
[129.603s][info][gc,ref      ] GC(81) Phantom: 27 encountered, 23 discovered, 0 enqueued
[129.603s][info][gc,reloc    ] GC(81) Small Pages: 293 / 586M, Empty: 494M, Relocated: 4M, In-Place: 0
[129.603s][info][gc,reloc    ] GC(81) Medium Pages: 0 / 0M, Empty: 0M, Relocated: 0M, In-Place: 0
[129.603s][info][gc,reloc    ] GC(81) Large Pages: 0 / 0M, Empty: 0M, Relocated: 0M, In-Place: 0
[129.603s][info][gc,reloc    ] GC(81) Forwarding Usage: 2M
[129.603s][info][gc,heap     ] GC(81) Min Capacity: 8M(0%)
[129.603s][info][gc,heap     ] GC(81) Max Capacity: 2048M(100%)
[129.603s][info][gc,heap     ] GC(81) Soft Max Capacity: 2048M(100%)
[129.603s][info][gc,heap     ] GC(81)                Mark Start          Mark End        Relocate Start      Relocate End           High               Low         
[129.603s][info][gc,heap     ] GC(81)  Capacity:     2048M (100%)       2048M (100%)       2048M (100%)       2048M (100%)       2048M (100%)       2048M (100%)   
[129.603s][info][gc,heap     ] GC(81)      Free:     1462M (71%)        1456M (71%)        1948M (95%)        2012M (98%)        2012M (98%)        1454M (71%)    
[129.603s][info][gc,heap     ] GC(81)      Used:      586M (29%)         592M (29%)         100M (5%)           36M (2%)          594M (29%)          36M (2%)     
[129.603s][info][gc,heap     ] GC(81)      Live:         -                 6M (0%)            6M (0%)            6M (0%)             -                  -          
[129.603s][info][gc,heap     ] GC(81) Allocated:         -                 6M (0%)            8M (0%)            9M (0%)             -                  -          
[129.604s][info][gc,heap     ] GC(81)   Garbage:         -               579M (28%)          85M (4%)           19M (1%)             -                  -          
[129.604s][info][gc,heap     ] GC(81) Reclaimed:         -                  -               494M (24%)         559M (27%)            -                  -          
[129.604s][info][gc          ] GC(81) Garbage Collection (Proactive) 586M(29%)->36M(2%)
[130.172s][info][gc,stats    ] === Garbage Collection Statistics =======================================================================================================================
[130.172s][info][gc,stats    ]                                                              Last 10s              Last 10m              Last 10h                Total
[130.172s][info][gc,stats    ]                                                              Avg / Max             Avg / Max             Avg / Max             Avg / Max
[130.172s][info][gc,stats    ]   Collector: Garbage Collection Cycle                     25.819 / 28.482       26.125 / 42.739       26.125 / 42.739       26.125 / 42.739      ms
[130.172s][info][gc,stats    ]  Contention: Mark Segment Reset Contention                     2 / 6                 1 / 10                1 / 10                1 / 10          ops/s
[130.172s][info][gc,stats    ]  Contention: Mark SeqNum Reset Contention                      0 / 1                 0 / 2                 0 / 2                 0 / 2           ops/s
[130.172s][info][gc,stats    ]    Critical: Allocation Stall                                  0 / 0                 0 / 0                 0 / 0                 0 / 0           ops/s
[130.172s][info][gc,stats    ]    Critical: Allocation Stall                              0.000 / 0.000         0.000 / 0.000         0.000 / 0.000         0.000 / 0.000       ms
[130.172s][info][gc,stats    ]    Critical: GC Locker Stall                                   0 / 0                 0 / 0                 0 / 0                 0 / 0           ops/s
[130.172s][info][gc,stats    ]    Critical: GC Locker Stall                               0.000 / 0.000         0.000 / 0.000         0.000 / 0.000         0.000 / 0.000       ms
[130.172s][info][gc,stats    ]    Critical: Relocation Stall                                  0 / 0                 0 / 0                 0 / 0                 0 / 0           ops/s
[130.172s][info][gc,stats    ]    Critical: Relocation Stall                              0.000 / 0.000         0.000 / 0.000         0.000 / 0.000         0.000 / 0.000       ms
[130.172s][info][gc,stats    ]      Memory: Allocation Rate                                 326 / 334             319 / 342             319 / 342             319 / 342         MB/s
[130.172s][info][gc,stats    ]      Memory: Defragment                                        0 / 0                 0 / 0                 0 / 0                 0 / 0           ops/s
[130.173s][info][gc,stats    ]      Memory: Out Of Memory                                     0 / 0                 0 / 0                 0 / 0                 0 / 0           ops/s
[130.173s][info][gc,stats    ]      Memory: Page Cache Flush                                  0 / 0                 0 / 0                 0 / 0                 0 / 0           MB/s
[130.173s][info][gc,stats    ]      Memory: Page Cache Hit L1                               170 / 179             162 / 182             162 / 182             162 / 182         ops/s
[130.173s][info][gc,stats    ]      Memory: Page Cache Hit L2                                 0 / 0                 0 / 0                 0 / 0                 0 / 0           ops/s
[130.173s][info][gc,stats    ]      Memory: Page Cache Hit L3                                 0 / 0                 4 / 145               4 / 145               4 / 145         ops/s
[130.173s][info][gc,stats    ]      Memory: Page Cache Miss                                   0 / 0                 0 / 1                 0 / 1                 0 / 1           ops/s
[130.173s][info][gc,stats    ]      Memory: Uncommit                                          0 / 0                 0 / 0                 0 / 0                 0 / 0           MB/s
[130.173s][info][gc,stats    ]      Memory: Undo Object Allocation Failed                     0 / 1                 0 / 5                 0 / 5                 0 / 5           ops/s
[130.173s][info][gc,stats    ]      Memory: Undo Object Allocation Succeeded                  0 / 3                 0 / 4                 0 / 4                 0 / 4           ops/s
[130.173s][info][gc,stats    ]      Memory: Undo Page Allocation                              1 / 3                 1 / 6                 1 / 6                 1 / 6           ops/s
[130.173s][info][gc,stats    ]       Phase: Concurrent Mark                              14.732 / 15.231       14.931 / 30.725       14.931 / 30.725       14.931 / 30.725      ms
[130.173s][info][gc,stats    ]       Phase: Concurrent Mark Continue                      0.000 / 0.000         0.000 / 0.000         0.000 / 0.000         0.000 / 0.000       ms
[130.173s][info][gc,stats    ]       Phase: Concurrent Mark Free                          0.001 / 0.002         0.001 / 0.002         0.001 / 0.002         0.001 / 0.002       ms
[130.173s][info][gc,stats    ]       Phase: Concurrent Process Non-Strong References      0.982 / 1.026         1.016 / 5.203         1.016 / 5.203         1.016 / 5.203       ms
[130.173s][info][gc,stats    ]       Phase: Concurrent Relocate                           3.372 / 4.337         3.249 / 4.452         3.249 / 4.452         3.249 / 4.452       ms
[130.173s][info][gc,stats    ]       Phase: Concurrent Reset Relocation Set               0.008 / 0.013         0.008 / 0.016         0.008 / 0.016         0.008 / 0.016       ms
[130.173s][info][gc,stats    ]       Phase: Concurrent Select Relocation Set              5.560 / 7.257         5.534 / 15.037        5.534 / 15.037        5.534 / 15.037      ms
[130.173s][info][gc,stats    ]       Phase: Pause Mark End                                0.023 / 0.025         0.023 / 0.032         0.023 / 0.032         0.023 / 0.032       ms
[130.173s][info][gc,stats    ]       Phase: Pause Mark Start                              0.017 / 0.019         0.018 / 0.030         0.018 / 0.030         0.018 / 0.030       ms
[130.173s][info][gc,stats    ]       Phase: Pause Relocate Start                          0.008 / 0.009         0.008 / 0.010         0.008 / 0.010         0.008 / 0.010       ms
[130.173s][info][gc,stats    ]    Subphase: Concurrent Classes Purge                      0.008 / 0.025         0.035 / 0.832         0.035 / 0.832         0.035 / 0.832       ms
[130.173s][info][gc,stats    ]    Subphase: Concurrent Classes Unlink                     0.668 / 0.704         0.680 / 4.025         0.680 / 4.025         0.680 / 4.025       ms
[130.173s][info][gc,stats    ]    Subphase: Concurrent Mark                              13.015 / 14.170       13.096 / 23.255       13.096 / 23.255       13.096 / 23.255      ms
[130.173s][info][gc,stats    ]    Subphase: Concurrent Mark Try Flush                     0.072 / 0.108         0.070 / 0.200         0.070 / 0.200         0.070 / 0.200       ms
[130.173s][info][gc,stats    ]    Subphase: Concurrent Mark Try Terminate                 8.416 / 11.493        8.118 / 16.368        8.118 / 16.368        8.118 / 16.368      ms
[130.173s][info][gc,stats    ]    Subphase: Concurrent References Enqueue                 0.000 / 0.000         0.001 / 0.004         0.001 / 0.004         0.001 / 0.004       ms
[130.173s][info][gc,stats    ]    Subphase: Concurrent References Process                 0.044 / 0.052         0.047 / 0.075         0.047 / 0.075         0.047 / 0.075       ms
[130.173s][info][gc,stats    ]    Subphase: Concurrent Roots ClassLoaderDataGraph         0.085 / 0.660         0.086 / 0.967         0.086 / 0.967         0.086 / 0.967       ms
[130.174s][info][gc,stats    ]    Subphase: Concurrent Roots CodeCache                    0.000 / 0.000         0.000 / 0.000         0.000 / 0.000         0.000 / 0.000       ms
[130.174s][info][gc,stats    ]    Subphase: Concurrent Roots JavaThreads                  0.469 / 0.971         0.551 / 7.350         0.551 / 7.350         0.551 / 7.350       ms
[130.174s][info][gc,stats    ]    Subphase: Concurrent Roots OopStorageSet                0.017 / 0.059         0.018 / 0.273         0.018 / 0.273         0.018 / 0.273       ms
[130.174s][info][gc,stats    ]    Subphase: Concurrent Weak Roots OopStorageSet           0.132 / 0.150         0.133 / 0.165         0.133 / 0.165         0.133 / 0.165       ms
[130.174s][info][gc,stats    ]    Subphase: Pause Mark Try Complete                       0.000 / 0.000         0.000 / 0.000         0.000 / 0.000         0.000 / 0.000       ms
[130.174s][info][gc,stats    ]      System: Java Threads                                     34 / 34               32 / 37               32 / 37               32 / 37          threads
[130.174s][info][gc,stats    ] =========================================================================================================================================================
[131.078s][info][gc,start    ] GC(82) Garbage Collection (Proactive)
[131.078s][info][gc,task     ] GC(82) Using 12 workers
[131.078s][info][gc,phases   ] GC(82) Pause Mark Start 0.018ms
[131.094s][info][gc,phases   ] GC(82) Concurrent Mark 15.206ms
[131.094s][info][gc,phases   ] GC(82) Pause Mark End 0.022ms
[131.094s][info][gc,phases   ] GC(82) Concurrent Mark Free 0.001ms
[131.095s][info][gc,phases   ] GC(82) Concurrent Process Non-Strong References 0.978ms
[131.095s][info][gc,phases   ] GC(82) Concurrent Reset Relocation Set 0.006ms
[131.099s][info][gc,phases   ] GC(82) Concurrent Select Relocation Set 3.819ms
[131.099s][info][gc,phases   ] GC(82) Pause Relocate Start 0.011ms
[131.103s][info][gc,phases   ] GC(82) Concurrent Relocate 3.635ms
[131.103s][info][gc,load     ] GC(82) Load: 0.00/0.00/0.00
[131.103s][info][gc,mmu      ] GC(82) MMU: 2ms/98.4%, 5ms/99.4%, 10ms/99.6%, 20ms/99.7%, 50ms/99.8%, 100ms/99.9%
[131.103s][info][gc,marking  ] GC(82) Mark: 8 stripe(s), 3 proactive flush(es), 1 terminate flush(es), 0 completion(s), 0 continuation(s) 
[131.103s][info][gc,marking  ] GC(82) Mark Stack Usage: 32M
[131.103s][info][gc,nmethod  ] GC(82) NMethods: 1943 registered, 374 unregistered
[131.103s][info][gc,metaspace] GC(82) Metaspace: 9M used, 9M committed, 1088M reserved
[131.103s][info][gc,ref      ] GC(82) Soft: 214 encountered, 0 discovered, 0 enqueued
[131.103s][info][gc,ref      ] GC(82) Weak: 805 encountered, 124 discovered, 0 enqueued
[131.103s][info][gc,ref      ] GC(82) Final: 0 encountered, 0 discovered, 0 enqueued
[131.103s][info][gc,ref      ] GC(82) Phantom: 27 encountered, 23 discovered, 0 enqueued
[131.103s][info][gc,reloc    ] GC(82) Small Pages: 250 / 500M, Empty: 428M, Relocated: 4M, In-Place: 0
[131.103s][info][gc,reloc    ] GC(82) Medium Pages: 0 / 0M, Empty: 0M, Relocated: 0M, In-Place: 0
[131.103s][info][gc,reloc    ] GC(82) Large Pages: 0 / 0M, Empty: 0M, Relocated: 0M, In-Place: 0
[131.103s][info][gc,reloc    ] GC(82) Forwarding Usage: 1M
[131.103s][info][gc,heap     ] GC(82) Min Capacity: 8M(0%)
[131.103s][info][gc,heap     ] GC(82) Max Capacity: 2048M(100%)
[131.103s][info][gc,heap     ] GC(82) Soft Max Capacity: 2048M(100%)
[131.103s][info][gc,heap     ] GC(82)                Mark Start          Mark End        Relocate Start      Relocate End           High               Low         
[131.103s][info][gc,heap     ] GC(82)  Capacity:     2048M (100%)       2048M (100%)       2048M (100%)       2048M (100%)       2048M (100%)       2048M (100%)   
[131.103s][info][gc,heap     ] GC(82)      Free:     1548M (76%)        1542M (75%)        1968M (96%)        2014M (98%)        2014M (98%)        1542M (75%)    
[131.103s][info][gc,heap     ] GC(82)      Used:      500M (24%)         506M (25%)          80M (4%)           34M (2%)          506M (25%)          34M (2%)     
[131.104s][info][gc,heap     ] GC(82)      Live:         -                 6M (0%)            6M (0%)            6M (0%)             -                  -          
[131.104s][info][gc,heap     ] GC(82) Allocated:         -                 6M (0%)            8M (0%)            7M (0%)             -                  -          
[131.104s][info][gc,heap     ] GC(82)   Garbage:         -               493M (24%)          65M (3%)           19M (1%)             -                  -          
[131.104s][info][gc,heap     ] GC(82) Reclaimed:         -                  -               428M (21%)         473M (23%)            -                  -          
[131.104s][info][gc          ] GC(82) Garbage Collection (Proactive) 500M(24%)->34M(2%)
[131.367s][info][gc,start    ] GC(83) Garbage Collection (System.gc())
[131.367s][info][gc,task     ] GC(83) Using 12 workers
[131.367s][info][gc,phases   ] GC(83) Pause Mark Start 0.018ms
[131.375s][info][gc,phases   ] GC(83) Concurrent Mark 7.898ms
[131.375s][info][gc,phases   ] GC(83) Pause Mark End 0.022ms
[131.375s][info][gc,phases   ] GC(83) Concurrent Mark Free 0.001ms
[131.376s][info][gc,phases   ] GC(83) Concurrent Process Non-Strong References 0.921ms
[131.376s][info][gc,phases   ] GC(83) Concurrent Reset Relocation Set 0.007ms
[131.380s][info][gc,phases   ] GC(83) Concurrent Select Relocation Set 3.817ms
[131.380s][info][gc,phases   ] GC(83) Pause Relocate Start 0.006ms
[131.383s][info][gc,phases   ] GC(83) Concurrent Relocate 2.948ms
[131.383s][info][gc,load     ] GC(83) Load: 0.00/0.00/0.00
[131.383s][info][gc,mmu      ] GC(83) MMU: 2ms/98.4%, 5ms/99.4%, 10ms/99.6%, 20ms/99.7%, 50ms/99.8%, 100ms/99.9%
[131.383s][info][gc,marking  ] GC(83) Mark: 8 stripe(s), 2 proactive flush(es), 1 terminate flush(es), 0 completion(s), 0 continuation(s) 
[131.383s][info][gc,marking  ] GC(83) Mark Stack Usage: 32M
[131.383s][info][gc,nmethod  ] GC(83) NMethods: 1943 registered, 374 unregistered
[131.383s][info][gc,metaspace] GC(83) Metaspace: 9M used, 9M committed, 1088M reserved
[131.383s][info][gc,ref      ] GC(83) Soft: 214 encountered, 0 discovered, 0 enqueued
[131.383s][info][gc,ref      ] GC(83) Weak: 805 encountered, 21 discovered, 0 enqueued
[131.383s][info][gc,ref      ] GC(83) Final: 0 encountered, 0 discovered, 0 enqueued
[131.383s][info][gc,ref      ] GC(83) Phantom: 27 encountered, 23 discovered, 0 enqueued
[131.383s][info][gc,reloc    ] GC(83) Small Pages: 59 / 118M, Empty: 100M, Relocated: 3M, In-Place: 0
[131.383s][info][gc,reloc    ] GC(83) Medium Pages: 0 / 0M, Empty: 0M, Relocated: 0M, In-Place: 0
[131.383s][info][gc,reloc    ] GC(83) Large Pages: 0 / 0M, Empty: 0M, Relocated: 0M, In-Place: 0
[131.383s][info][gc,reloc    ] GC(83) Forwarding Usage: 1M
[131.383s][info][gc,heap     ] GC(83) Min Capacity: 8M(0%)
[131.383s][info][gc,heap     ] GC(83) Max Capacity: 2048M(100%)
[131.383s][info][gc,heap     ] GC(83) Soft Max Capacity: 2048M(100%)
[131.384s][info][gc,heap     ] GC(83)                Mark Start          Mark End        Relocate Start      Relocate End           High               Low         
[131.384s][info][gc,heap     ] GC(83)  Capacity:     2048M (100%)       2048M (100%)       2048M (100%)       2048M (100%)       2048M (100%)       2048M (100%)   
[131.384s][info][gc,heap     ] GC(83)      Free:     1930M (94%)        1930M (94%)        2030M (99%)        2030M (99%)        2030M (99%)        1930M (94%)    
[131.384s][info][gc,heap     ] GC(83)      Used:      118M (6%)          118M (6%)           18M (1%)           18M (1%)          118M (6%)           18M (1%)     
[131.384s][info][gc,heap     ] GC(83)      Live:         -                 4M (0%)            4M (0%)            4M (0%)             -                  -          
[131.384s][info][gc,heap     ] GC(83) Allocated:         -                 0M (0%)            0M (0%)            0M (0%)             -                  -          
[131.384s][info][gc,heap     ] GC(83)   Garbage:         -               113M (6%)           13M (1%)           13M (1%)             -                  -          
[131.384s][info][gc,heap     ] GC(83) Reclaimed:         -                  -               100M (5%)          100M (5%)             -                  -          
[131.384s][info][gc          ] GC(83) Garbage Collection (System.gc()) 118M(6%)->18M(1%)
[132.968s][info][gc,start    ] GC(84) Garbage Collection (Proactive)
[132.968s][info][gc,task     ] GC(84) Using 12 workers
[132.968s][info][gc,phases   ] GC(84) Pause Mark Start 0.018ms
[132.984s][info][gc,phases   ] GC(84) Concurrent Mark 15.323ms
[133.014s][info][gc,phases   ] GC(84) Pause Mark End 0.026ms
[133.014s][info][gc,phases   ] GC(84) Concurrent Mark Free 0.002ms
[133.015s][info][gc,phases   ] GC(84) Concurrent Process Non-Strong References 0.999ms
[133.015s][info][gc,phases   ] GC(84) Concurrent Reset Relocation Set 0.002ms
[133.022s][info][gc,phases   ] GC(84) Concurrent Select Relocation Set 6.900ms
[133.022s][info][gc,phases   ] GC(84) Pause Relocate Start 0.010ms
[133.025s][info][gc,phases   ] GC(84) Concurrent Relocate 3.390ms
[133.026s][info][gc,load     ] GC(84) Load: 0.00/0.00/0.00
[133.026s][info][gc,mmu      ] GC(84) MMU: 2ms/98.4%, 5ms/99.4%, 10ms/99.6%, 20ms/99.7%, 50ms/99.8%, 100ms/99.9%
[133.026s][info][gc,marking  ] GC(84) Mark: 8 stripe(s), 2 proactive flush(es), 1 terminate flush(es), 0 completion(s), 0 continuation(s) 
[133.026s][info][gc,marking  ] GC(84) Mark Stack Usage: 32M
[133.026s][info][gc,nmethod  ] GC(84) NMethods: 1944 registered, 374 unregistered
[133.026s][info][gc,metaspace] GC(84) Metaspace: 9M used, 9M committed, 1088M reserved
[133.026s][info][gc,ref      ] GC(84) Soft: 214 encountered, 0 discovered, 0 enqueued
[133.026s][info][gc,ref      ] GC(84) Weak: 805 encountered, 51 discovered, 0 enqueued
[133.026s][info][gc,ref      ] GC(84) Final: 0 encountered, 0 discovered, 0 enqueued
[133.026s][info][gc,ref      ] GC(84) Phantom: 27 encountered, 22 discovered, 0 enqueued
[133.026s][info][gc,reloc    ] GC(84) Small Pages: 262 / 524M, Empty: 366M, Relocated: 4M, In-Place: 0
[133.026s][info][gc,reloc    ] GC(84) Medium Pages: 0 / 0M, Empty: 0M, Relocated: 0M, In-Place: 0
[133.026s][info][gc,reloc    ] GC(84) Large Pages: 0 / 0M, Empty: 0M, Relocated: 0M, In-Place: 0
[133.026s][info][gc,reloc    ] GC(84) Forwarding Usage: 2M
[133.026s][info][gc,heap     ] GC(84) Min Capacity: 8M(0%)
[133.026s][info][gc,heap     ] GC(84) Max Capacity: 2048M(100%)
[133.026s][info][gc,heap     ] GC(84) Soft Max Capacity: 2048M(100%)
[133.026s][info][gc,heap     ] GC(84)                Mark Start          Mark End        Relocate Start      Relocate End           High               Low         
[133.026s][info][gc,heap     ] GC(84)  Capacity:     2048M (100%)       2048M (100%)       2048M (100%)       2048M (100%)       2048M (100%)       2048M (100%)   
[133.026s][info][gc,heap     ] GC(84)      Free:     1524M (74%)        1508M (74%)        1872M (91%)        2002M (98%)        2002M (98%)        1508M (74%)    
[133.026s][info][gc,heap     ] GC(84)      Used:      524M (26%)         540M (26%)         176M (9%)           46M (2%)          540M (26%)          46M (2%)     
[133.026s][info][gc,heap     ] GC(84)      Live:         -                 6M (0%)            6M (0%)            6M (0%)             -                  -          
[133.026s][info][gc,heap     ] GC(84) Allocated:         -                16M (1%)           18M (1%)           19M (1%)             -                  -          
[133.026s][info][gc,heap     ] GC(84)   Garbage:         -               517M (25%)         151M (7%)           19M (1%)             -                  -          
[133.026s][info][gc,heap     ] GC(84) Reclaimed:         -                  -               366M (18%)         497M (24%)            -                  -          
[133.026s][info][gc          ] GC(84) Garbage Collection (Proactive) 524M(26%)->46M(2%)
[138.276s][info][gc,start    ] GC(85) Garbage Collection (Proactive)
[138.276s][info][gc,task     ] GC(85) Using 12 workers
[138.277s][info][gc,phases   ] GC(85) Pause Mark Start 0.019ms
[138.292s][info][gc,phases   ] GC(85) Concurrent Mark 15.142ms
[138.292s][info][gc,phases   ] GC(85) Pause Mark End 0.026ms
[138.292s][info][gc,phases   ] GC(85) Concurrent Mark Free 0.001ms
[138.293s][info][gc,phases   ] GC(85) Concurrent Process Non-Strong References 0.976ms
[138.293s][info][gc,phases   ] GC(85) Concurrent Reset Relocation Set 0.010ms
[138.301s][info][gc,phases   ] GC(85) Concurrent Select Relocation Set 7.188ms
[138.301s][info][gc,phases   ] GC(85) Pause Relocate Start 0.011ms
[138.304s][info][gc,phases   ] GC(85) Concurrent Relocate 3.362ms
[138.304s][info][gc,load     ] GC(85) Load: 0.00/0.00/0.00
[138.304s][info][gc,mmu      ] GC(85) MMU: 2ms/98.4%, 5ms/99.4%, 10ms/99.6%, 20ms/99.7%, 50ms/99.8%, 100ms/99.9%
[138.304s][info][gc,marking  ] GC(85) Mark: 8 stripe(s), 2 proactive flush(es), 1 terminate flush(es), 0 completion(s), 0 continuation(s) 
[138.304s][info][gc,marking  ] GC(85) Mark Stack Usage: 32M
[138.304s][info][gc,nmethod  ] GC(85) NMethods: 1944 registered, 374 unregistered
[138.304s][info][gc,metaspace] GC(85) Metaspace: 9M used, 9M committed, 1088M reserved
[138.304s][info][gc,ref      ] GC(85) Soft: 214 encountered, 0 discovered, 0 enqueued
[138.304s][info][gc,ref      ] GC(85) Weak: 805 encountered, 27 discovered, 0 enqueued
[138.304s][info][gc,ref      ] GC(85) Final: 0 encountered, 0 discovered, 0 enqueued
[138.304s][info][gc,ref      ] GC(85) Phantom: 27 encountered, 22 discovered, 0 enqueued
[138.305s][info][gc,reloc    ] GC(85) Small Pages: 833 / 1666M, Empty: 1524M, Relocated: 4M, In-Place: 0
[138.305s][info][gc,reloc    ] GC(85) Medium Pages: 0 / 0M, Empty: 0M, Relocated: 0M, In-Place: 0
[138.305s][info][gc,reloc    ] GC(85) Large Pages: 0 / 0M, Empty: 0M, Relocated: 0M, In-Place: 0
[138.305s][info][gc,reloc    ] GC(85) Forwarding Usage: 2M
[138.305s][info][gc,heap     ] GC(85) Min Capacity: 8M(0%)
[138.305s][info][gc,heap     ] GC(85) Max Capacity: 2048M(100%)
[138.305s][info][gc,heap     ] GC(85) Soft Max Capacity: 2048M(100%)
[138.305s][info][gc,heap     ] GC(85)                Mark Start          Mark End        Relocate Start      Relocate End           High               Low         
[138.305s][info][gc,heap     ] GC(85)  Capacity:     2048M (100%)       2048M (100%)       2048M (100%)       2048M (100%)       2048M (100%)       2048M (100%)   
[138.305s][info][gc,heap     ] GC(85)      Free:      382M (19%)         376M (18%)        1898M (93%)        2012M (98%)        2012M (98%)         376M (18%)    
[138.305s][info][gc,heap     ] GC(85)      Used:     1666M (81%)        1672M (82%)         150M (7%)           36M (2%)         1672M (82%)          36M (2%)     
[138.305s][info][gc,heap     ] GC(85)      Live:         -                 6M (0%)            6M (0%)            6M (0%)             -                  -          
[138.305s][info][gc,heap     ] GC(85) Allocated:         -                 6M (0%)            8M (0%)            9M (0%)             -                  -          
[138.305s][info][gc,heap     ] GC(85)   Garbage:         -              1659M (81%)         135M (7%)           19M (1%)             -                  -          
[138.305s][info][gc,heap     ] GC(85) Reclaimed:         -                  -              1524M (74%)        1639M (80%)            -                  -          
[138.305s][info][gc          ] GC(85) Garbage Collection (Proactive) 1666M(81%)->36M(2%)
[138.395s][info][gc,start    ] GC(86) Garbage Collection (System.gc())
[138.395s][info][gc,task     ] GC(86) Using 12 workers
[138.395s][info][gc,phases   ] GC(86) Pause Mark Start 0.016ms
[138.417s][info][gc,phases   ] GC(86) Concurrent Mark 21.487ms
[138.417s][info][gc,phases   ] GC(86) Pause Mark End 0.020ms
[138.417s][info][gc,phases   ] GC(86) Concurrent Mark Free 0.001ms
[138.418s][info][gc,phases   ] GC(86) Concurrent Process Non-Strong References 0.902ms
[138.418s][info][gc,phases   ] GC(86) Concurrent Reset Relocation Set 0.010ms
[138.422s][info][gc,phases   ] GC(86) Concurrent Select Relocation Set 3.820ms
[138.422s][info][gc,phases   ] GC(86) Pause Relocate Start 0.006ms
[138.425s][info][gc,phases   ] GC(86) Concurrent Relocate 2.919ms
[138.425s][info][gc,load     ] GC(86) Load: 0.00/0.00/0.00
[138.425s][info][gc,mmu      ] GC(86) MMU: 2ms/98.4%, 5ms/99.4%, 10ms/99.6%, 20ms/99.7%, 50ms/99.8%, 100ms/99.9%
[138.425s][info][gc,marking  ] GC(86) Mark: 8 stripe(s), 1 proactive flush(es), 1 terminate flush(es), 0 completion(s), 0 continuation(s) 
[138.425s][info][gc,marking  ] GC(86) Mark Stack Usage: 32M
[138.425s][info][gc,nmethod  ] GC(86) NMethods: 1945 registered, 374 unregistered
[138.425s][info][gc,metaspace] GC(86) Metaspace: 9M used, 9M committed, 1088M reserved
[138.425s][info][gc,ref      ] GC(86) Soft: 214 encountered, 0 discovered, 0 enqueued
[138.425s][info][gc,ref      ] GC(86) Weak: 805 encountered, 34 discovered, 0 enqueued
[138.425s][info][gc,ref      ] GC(86) Final: 0 encountered, 0 discovered, 0 enqueued
[138.425s][info][gc,ref      ] GC(86) Phantom: 27 encountered, 15 discovered, 0 enqueued
[138.425s][info][gc,reloc    ] GC(86) Small Pages: 29 / 58M, Empty: 38M, Relocated: 3M, In-Place: 0
[138.425s][info][gc,reloc    ] GC(86) Medium Pages: 0 / 0M, Empty: 0M, Relocated: 0M, In-Place: 0
[138.425s][info][gc,reloc    ] GC(86) Large Pages: 0 / 0M, Empty: 0M, Relocated: 0M, In-Place: 0
[138.425s][info][gc,reloc    ] GC(86) Forwarding Usage: 1M
[138.425s][info][gc,heap     ] GC(86) Min Capacity: 8M(0%)
[138.425s][info][gc,heap     ] GC(86) Max Capacity: 2048M(100%)
[138.426s][info][gc,heap     ] GC(86) Soft Max Capacity: 2048M(100%)
[138.426s][info][gc,heap     ] GC(86)                Mark Start          Mark End        Relocate Start      Relocate End           High               Low         
[138.426s][info][gc,heap     ] GC(86)  Capacity:     2048M (100%)       2048M (100%)       2048M (100%)       2048M (100%)       2048M (100%)       2048M (100%)   
[138.426s][info][gc,heap     ] GC(86)      Free:     1990M (97%)        1990M (97%)        2028M (99%)        2028M (99%)        2028M (99%)        1990M (97%)    
[138.426s][info][gc,heap     ] GC(86)      Used:       58M (3%)           58M (3%)           20M (1%)           20M (1%)           58M (3%)           20M (1%)     
[138.426s][info][gc,heap     ] GC(86)      Live:         -                 4M (0%)            4M (0%)            4M (0%)             -                  -          
[138.426s][info][gc,heap     ] GC(86) Allocated:         -                 0M (0%)            0M (0%)            0M (0%)             -                  -          
[138.426s][info][gc,heap     ] GC(86)   Garbage:         -                53M (3%)           15M (1%)           15M (1%)             -                  -          
[138.426s][info][gc,heap     ] GC(86) Reclaimed:         -                  -                38M (2%)           38M (2%)             -                  -          
[138.426s][info][gc          ] GC(86) Garbage Collection (System.gc()) 58M(3%)->20M(1%)
[140.174s][info][gc,stats    ] === Garbage Collection Statistics =======================================================================================================================
[140.174s][info][gc,stats    ]                                                              Last 10s              Last 10m              Last 10h                Total
[140.174s][info][gc,stats    ]                                                              Avg / Max             Avg / Max             Avg / Max             Avg / Max
[140.174s][info][gc,stats    ]   Collector: Garbage Collection Cycle                     31.365 / 57.424       26.426 / 57.424       26.426 / 57.424       26.426 / 57.424      ms
[140.174s][info][gc,stats    ]  Contention: Mark Segment Reset Contention                     1 / 8                 1 / 10                1 / 10                1 / 10          ops/s
[140.174s][info][gc,stats    ]  Contention: Mark SeqNum Reset Contention                      0 / 1                 0 / 2                 0 / 2                 0 / 2           ops/s
[140.174s][info][gc,stats    ]    Critical: Allocation Stall                                  0 / 0                 0 / 0                 0 / 0                 0 / 0           ops/s
[140.174s][info][gc,stats    ]    Critical: Allocation Stall                              0.000 / 0.000         0.000 / 0.000         0.000 / 0.000         0.000 / 0.000       ms
[140.174s][info][gc,stats    ]    Critical: GC Locker Stall                                   0 / 0                 0 / 0                 0 / 0                 0 / 0           ops/s
[140.174s][info][gc,stats    ]    Critical: GC Locker Stall                               0.000 / 0.000         0.000 / 0.000         0.000 / 0.000         0.000 / 0.000       ms
[140.174s][info][gc,stats    ]    Critical: Relocation Stall                                  0 / 0                 0 / 0                 0 / 0                 0 / 0           ops/s
[140.174s][info][gc,stats    ]    Critical: Relocation Stall                              0.000 / 0.000         0.000 / 0.000         0.000 / 0.000         0.000 / 0.000       ms
[140.174s][info][gc,stats    ]      Memory: Allocation Rate                                 315 / 326             319 / 342             319 / 342             319 / 342         MB/s
[140.174s][info][gc,stats    ]      Memory: Defragment                                        0 / 0                 0 / 0                 0 / 0                 0 / 0           ops/s
[140.174s][info][gc,stats    ]      Memory: Out Of Memory                                     0 / 0                 0 / 0                 0 / 0                 0 / 0           ops/s
[140.174s][info][gc,stats    ]      Memory: Page Cache Flush                                  0 / 0                 0 / 0                 0 / 0                 0 / 0           MB/s
[140.174s][info][gc,stats    ]      Memory: Page Cache Hit L1                               139 / 175             160 / 182             160 / 182             160 / 182         ops/s
[140.174s][info][gc,stats    ]      Memory: Page Cache Hit L2                                 0 / 0                 0 / 0                 0 / 0                 0 / 0           ops/s
[140.174s][info][gc,stats    ]      Memory: Page Cache Hit L3                                23 / 143               5 / 145               5 / 145               5 / 145         ops/s
[140.174s][info][gc,stats    ]      Memory: Page Cache Miss                                   0 / 0                 0 / 1                 0 / 1                 0 / 1           ops/s
[140.174s][info][gc,stats    ]      Memory: Uncommit                                          0 / 0                 0 / 0                 0 / 0                 0 / 0           MB/s
[140.174s][info][gc,stats    ]      Memory: Undo Object Allocation Failed                     0 / 0                 0 / 5                 0 / 5                 0 / 5           ops/s
[140.174s][info][gc,stats    ]      Memory: Undo Object Allocation Succeeded                  0 / 1                 0 / 4                 0 / 4                 0 / 4           ops/s
[140.174s][info][gc,stats    ]      Memory: Undo Page Allocation                              2 / 5                 1 / 6                 1 / 6                 1 / 6           ops/s
[140.174s][info][gc,stats    ]       Phase: Concurrent Mark                              15.011 / 21.487       14.935 / 30.725       14.935 / 30.725       14.935 / 30.725      ms
[140.174s][info][gc,stats    ]       Phase: Concurrent Mark Continue                      0.000 / 0.000         0.000 / 0.000         0.000 / 0.000         0.000 / 0.000       ms
[140.175s][info][gc,stats    ]       Phase: Concurrent Mark Free                          0.001 / 0.002         0.001 / 0.002         0.001 / 0.002         0.001 / 0.002       ms
[140.175s][info][gc,stats    ]       Phase: Concurrent Process Non-Strong References      0.955 / 0.999         1.013 / 5.203         1.013 / 5.203         1.013 / 5.203       ms
[140.175s][info][gc,stats    ]       Phase: Concurrent Relocate                           3.251 / 3.635         3.249 / 4.452         3.249 / 4.452         3.249 / 4.452       ms
[140.175s][info][gc,stats    ]       Phase: Concurrent Reset Relocation Set               0.007 / 0.010         0.008 / 0.016         0.008 / 0.016         0.008 / 0.016       ms
[140.175s][info][gc,stats    ]       Phase: Concurrent Select Relocation Set              5.109 / 7.188         5.509 / 15.037        5.509 / 15.037        5.509 / 15.037      ms
[140.175s][info][gc,stats    ]       Phase: Pause Mark End                                0.023 / 0.026         0.023 / 0.032         0.023 / 0.032         0.023 / 0.032       ms
[140.175s][info][gc,stats    ]       Phase: Pause Mark Start                              0.018 / 0.019         0.018 / 0.030         0.018 / 0.030         0.018 / 0.030       ms
[140.175s][info][gc,stats    ]       Phase: Pause Relocate Start                          0.009 / 0.011         0.008 / 0.011         0.008 / 0.011         0.008 / 0.011       ms
[140.175s][info][gc,stats    ]    Subphase: Concurrent Classes Purge                      0.005 / 0.005         0.033 / 0.832         0.033 / 0.832         0.033 / 0.832       ms
[140.175s][info][gc,stats    ]    Subphase: Concurrent Classes Unlink                     0.651 / 0.678         0.678 / 4.025         0.678 / 4.025         0.678 / 4.025       ms
[140.175s][info][gc,stats    ]    Subphase: Concurrent Mark                              11.105 / 20.405       12.982 / 23.255       12.982 / 23.255       12.982 / 23.255      ms
[140.175s][info][gc,stats    ]    Subphase: Concurrent Mark Try Flush                     0.066 / 0.100         0.070 / 0.200         0.070 / 0.200         0.070 / 0.200       ms
[140.175s][info][gc,stats    ]    Subphase: Concurrent Mark Try Terminate                 6.726 / 16.635        8.039 / 16.635        8.039 / 16.635        8.039 / 16.635      ms
[140.175s][info][gc,stats    ]    Subphase: Concurrent References Enqueue                 0.000 / 0.001         0.001 / 0.004         0.001 / 0.004         0.001 / 0.004       ms
[140.175s][info][gc,stats    ]    Subphase: Concurrent References Process                 0.039 / 0.045         0.046 / 0.075         0.046 / 0.075         0.046 / 0.075       ms
[140.175s][info][gc,stats    ]    Subphase: Concurrent Roots ClassLoaderDataGraph         0.091 / 0.650         0.087 / 0.967         0.087 / 0.967         0.087 / 0.967       ms
[140.175s][info][gc,stats    ]    Subphase: Concurrent Roots CodeCache                    0.000 / 0.000         0.000 / 0.000         0.000 / 0.000         0.000 / 0.000       ms
[140.175s][info][gc,stats    ]    Subphase: Concurrent Roots JavaThreads                  0.494 / 1.015         0.547 / 7.350         0.547 / 7.350         0.547 / 7.350       ms
[140.175s][info][gc,stats    ]    Subphase: Concurrent Roots OopStorageSet                0.019 / 0.065         0.018 / 0.273         0.018 / 0.273         0.018 / 0.273       ms
[140.175s][info][gc,stats    ]    Subphase: Concurrent Weak Roots OopStorageSet           0.135 / 0.155         0.133 / 0.165         0.133 / 0.165         0.133 / 0.165       ms
[140.175s][info][gc,stats    ]    Subphase: Pause Mark Try Complete                       0.000 / 0.000         0.000 / 0.000         0.000 / 0.000         0.000 / 0.000       ms
[140.175s][info][gc,stats    ]      System: Java Threads                                     34 / 34               32 / 37               32 / 37               32 / 37          threads
[140.175s][info][gc,stats    ] =========================================================================================================================================================
[141.775s][info][gc,start    ] GC(87) Garbage Collection (Proactive)
[141.775s][info][gc,task     ] GC(87) Using 12 workers
[141.775s][info][gc,phases   ] GC(87) Pause Mark Start 0.018ms
[141.791s][info][gc,phases   ] GC(87) Concurrent Mark 15.178ms
[141.791s][info][gc,phases   ] GC(87) Pause Mark End 0.026ms
[141.791s][info][gc,phases   ] GC(87) Concurrent Mark Free 0.001ms
[141.792s][info][gc,phases   ] GC(87) Concurrent Process Non-Strong References 1.051ms
[141.792s][info][gc,phases   ] GC(87) Concurrent Reset Relocation Set 0.002ms
[141.799s][info][gc,phases   ] GC(87) Concurrent Select Relocation Set 6.453ms
[141.799s][info][gc,phases   ] GC(87) Pause Relocate Start 0.009ms
[141.802s][info][gc,phases   ] GC(87) Concurrent Relocate 3.400ms
[141.802s][info][gc,load     ] GC(87) Load: 0.00/0.00/0.00
[141.802s][info][gc,mmu      ] GC(87) MMU: 2ms/98.4%, 5ms/99.4%, 10ms/99.6%, 20ms/99.7%, 50ms/99.8%, 100ms/99.9%
[141.803s][info][gc,marking  ] GC(87) Mark: 8 stripe(s), 2 proactive flush(es), 1 terminate flush(es), 0 completion(s), 0 continuation(s) 
[141.803s][info][gc,marking  ] GC(87) Mark Stack Usage: 32M
[141.803s][info][gc,nmethod  ] GC(87) NMethods: 1971 registered, 376 unregistered
[141.803s][info][gc,metaspace] GC(87) Metaspace: 9M used, 9M committed, 1088M reserved
[141.803s][info][gc,ref      ] GC(87) Soft: 214 encountered, 0 discovered, 0 enqueued
[141.803s][info][gc,ref      ] GC(87) Weak: 806 encountered, 216 discovered, 0 enqueued
[141.803s][info][gc,ref      ] GC(87) Final: 0 encountered, 0 discovered, 0 enqueued
[141.803s][info][gc,ref      ] GC(87) Phantom: 27 encountered, 16 discovered, 0 enqueued
[141.803s][info][gc,reloc    ] GC(87) Small Pages: 542 / 1084M, Empty: 896M, Relocated: 4M, In-Place: 0
[141.803s][info][gc,reloc    ] GC(87) Medium Pages: 0 / 0M, Empty: 0M, Relocated: 0M, In-Place: 0
[141.803s][info][gc,reloc    ] GC(87) Large Pages: 0 / 0M, Empty: 0M, Relocated: 0M, In-Place: 0
[141.803s][info][gc,reloc    ] GC(87) Forwarding Usage: 2M
[141.803s][info][gc,heap     ] GC(87) Min Capacity: 8M(0%)
[141.803s][info][gc,heap     ] GC(87) Max Capacity: 2048M(100%)
[141.803s][info][gc,heap     ] GC(87) Soft Max Capacity: 2048M(100%)
[141.803s][info][gc,heap     ] GC(87)                Mark Start          Mark End        Relocate Start      Relocate End           High               Low         
[141.803s][info][gc,heap     ] GC(87)  Capacity:     2048M (100%)       2048M (100%)       2048M (100%)       2048M (100%)       2048M (100%)       2048M (100%)   
[141.803s][info][gc,heap     ] GC(87)      Free:      964M (47%)         958M (47%)        1850M (90%)        2012M (98%)        2012M (98%)         956M (47%)    
[141.803s][info][gc,heap     ] GC(87)      Used:     1084M (53%)        1090M (53%)         198M (10%)          36M (2%)         1092M (53%)          36M (2%)     
[141.803s][info][gc,heap     ] GC(87)      Live:         -                 6M (0%)            6M (0%)            6M (0%)             -                  -          
[141.803s][info][gc,heap     ] GC(87) Allocated:         -                 6M (0%)           10M (0%)            9M (0%)             -                  -          
[141.803s][info][gc,heap     ] GC(87)   Garbage:         -              1077M (53%)         181M (9%)           19M (1%)             -                  -          
[141.803s][info][gc,heap     ] GC(87) Reclaimed:         -                  -               896M (44%)        1057M (52%)            -                  -          
[141.803s][info][gc          ] GC(87) Garbage Collection (Proactive) 1084M(53%)->36M(2%)
[144.273s][info][gc,start    ] GC(88) Garbage Collection (Proactive)
[144.273s][info][gc,task     ] GC(88) Using 12 workers
[144.274s][info][gc,phases   ] GC(88) Pause Mark Start 0.017ms
[144.289s][info][gc,phases   ] GC(88) Concurrent Mark 15.146ms
[144.289s][info][gc,phases   ] GC(88) Pause Mark End 0.023ms
[144.289s][info][gc,phases   ] GC(88) Concurrent Mark Free 0.001ms
[144.290s][info][gc,phases   ] GC(88) Concurrent Process Non-Strong References 0.940ms
[144.290s][info][gc,phases   ] GC(88) Concurrent Reset Relocation Set 0.015ms
[144.298s][info][gc,phases   ] GC(88) Concurrent Select Relocation Set 7.780ms
[144.298s][info][gc,phases   ] GC(88) Pause Relocate Start 0.009ms
[144.301s][info][gc,phases   ] GC(88) Concurrent Relocate 3.147ms
[144.302s][info][gc,load     ] GC(88) Load: 0.00/0.00/0.00
[144.302s][info][gc,mmu      ] GC(88) MMU: 2ms/98.4%, 5ms/99.4%, 10ms/99.6%, 20ms/99.7%, 50ms/99.8%, 100ms/99.9%
[144.302s][info][gc,marking  ] GC(88) Mark: 8 stripe(s), 2 proactive flush(es), 1 terminate flush(es), 0 completion(s), 0 continuation(s) 
[144.302s][info][gc,marking  ] GC(88) Mark Stack Usage: 32M
[144.302s][info][gc,nmethod  ] GC(88) NMethods: 1971 registered, 376 unregistered
[144.302s][info][gc,metaspace] GC(88) Metaspace: 9M used, 9M committed, 1088M reserved
[144.302s][info][gc,ref      ] GC(88) Soft: 214 encountered, 0 discovered, 0 enqueued
[144.302s][info][gc,ref      ] GC(88) Weak: 806 encountered, 76 discovered, 0 enqueued
[144.302s][info][gc,ref      ] GC(88) Final: 0 encountered, 0 discovered, 0 enqueued
[144.302s][info][gc,ref      ] GC(88) Phantom: 27 encountered, 23 discovered, 0 enqueued
[144.302s][info][gc,reloc    ] GC(88) Small Pages: 414 / 828M, Empty: 670M, Relocated: 4M, In-Place: 0
[144.302s][info][gc,reloc    ] GC(88) Medium Pages: 0 / 0M, Empty: 0M, Relocated: 0M, In-Place: 0
[144.302s][info][gc,reloc    ] GC(88) Large Pages: 0 / 0M, Empty: 0M, Relocated: 0M, In-Place: 0
[144.302s][info][gc,reloc    ] GC(88) Forwarding Usage: 2M
[144.302s][info][gc,heap     ] GC(88) Min Capacity: 8M(0%)
[144.302s][info][gc,heap     ] GC(88) Max Capacity: 2048M(100%)
[144.302s][info][gc,heap     ] GC(88) Soft Max Capacity: 2048M(100%)
[144.302s][info][gc,heap     ] GC(88)                Mark Start          Mark End        Relocate Start      Relocate End           High               Low         
[144.302s][info][gc,heap     ] GC(88)  Capacity:     2048M (100%)       2048M (100%)       2048M (100%)       2048M (100%)       2048M (100%)       2048M (100%)   
[144.302s][info][gc,heap     ] GC(88)      Free:     1220M (60%)        1214M (59%)        1882M (92%)        2012M (98%)        2012M (98%)        1214M (59%)    
[144.302s][info][gc,heap     ] GC(88)      Used:      828M (40%)         834M (41%)         166M (8%)           36M (2%)          834M (41%)          36M (2%)     
[144.302s][info][gc,heap     ] GC(88)      Live:         -                 6M (0%)            6M (0%)            6M (0%)             -                  -          
[144.302s][info][gc,heap     ] GC(88) Allocated:         -                 6M (0%)            8M (0%)            9M (0%)             -                  -          
[144.302s][info][gc,heap     ] GC(88)   Garbage:         -               821M (40%)         151M (7%)           19M (1%)             -                  -          
[144.302s][info][gc,heap     ] GC(88) Reclaimed:         -                  -               670M (33%)         801M (39%)            -                  -          
[144.302s][info][gc          ] GC(88) Garbage Collection (Proactive) 828M(40%)->36M(2%)
[145.247s][info][gc,start    ] GC(89) Garbage Collection (System.gc())
[145.247s][info][gc,task     ] GC(89) Using 12 workers
[145.247s][info][gc,phases   ] GC(89) Pause Mark Start 0.017ms
[145.255s][info][gc,phases   ] GC(89) Concurrent Mark 8.075ms
[145.256s][info][gc,phases   ] GC(89) Pause Mark End 0.021ms
[145.256s][info][gc,phases   ] GC(89) Concurrent Mark Free 0.001ms
[145.257s][info][gc,phases   ] GC(89) Concurrent Process Non-Strong References 0.900ms
[145.257s][info][gc,phases   ] GC(89) Concurrent Reset Relocation Set 0.012ms
[145.261s][info][gc,phases   ] GC(89) Concurrent Select Relocation Set 3.812ms
[145.261s][info][gc,phases   ] GC(89) Pause Relocate Start 0.010ms
[145.264s][info][gc,phases   ] GC(89) Concurrent Relocate 2.956ms
[145.264s][info][gc,load     ] GC(89) Load: 0.00/0.00/0.00
[145.264s][info][gc,mmu      ] GC(89) MMU: 2ms/98.4%, 5ms/99.4%, 10ms/99.6%, 20ms/99.7%, 50ms/99.8%, 100ms/99.9%
[145.264s][info][gc,marking  ] GC(89) Mark: 8 stripe(s), 2 proactive flush(es), 1 terminate flush(es), 0 completion(s), 0 continuation(s) 
[145.264s][info][gc,marking  ] GC(89) Mark Stack Usage: 32M
[145.264s][info][gc,nmethod  ] GC(89) NMethods: 1971 registered, 376 unregistered
[145.264s][info][gc,metaspace] GC(89) Metaspace: 9M used, 9M committed, 1088M reserved
[145.264s][info][gc,ref      ] GC(89) Soft: 214 encountered, 0 discovered, 0 enqueued
[145.264s][info][gc,ref      ] GC(89) Weak: 806 encountered, 79 discovered, 0 enqueued
[145.264s][info][gc,ref      ] GC(89) Final: 0 encountered, 0 discovered, 0 enqueued
[145.264s][info][gc,ref      ] GC(89) Phantom: 27 encountered, 21 discovered, 0 enqueued
[145.264s][info][gc,reloc    ] GC(89) Small Pages: 172 / 344M, Empty: 322M, Relocated: 3M, In-Place: 0
[145.264s][info][gc,reloc    ] GC(89) Medium Pages: 0 / 0M, Empty: 0M, Relocated: 0M, In-Place: 0
[145.264s][info][gc,reloc    ] GC(89) Large Pages: 0 / 0M, Empty: 0M, Relocated: 0M, In-Place: 0
[145.264s][info][gc,reloc    ] GC(89) Forwarding Usage: 1M
[145.264s][info][gc,heap     ] GC(89) Min Capacity: 8M(0%)
[145.264s][info][gc,heap     ] GC(89) Max Capacity: 2048M(100%)
[145.264s][info][gc,heap     ] GC(89) Soft Max Capacity: 2048M(100%)
[145.264s][info][gc,heap     ] GC(89)                Mark Start          Mark End        Relocate Start      Relocate End           High               Low         
[145.264s][info][gc,heap     ] GC(89)  Capacity:     2048M (100%)       2048M (100%)       2048M (100%)       2048M (100%)       2048M (100%)       2048M (100%)   
[145.264s][info][gc,heap     ] GC(89)      Free:     1704M (83%)        1704M (83%)        2026M (99%)        2026M (99%)        2026M (99%)        1704M (83%)    
[145.264s][info][gc,heap     ] GC(89)      Used:      344M (17%)         344M (17%)          22M (1%)           22M (1%)          344M (17%)          22M (1%)     
[145.264s][info][gc,heap     ] GC(89)      Live:         -                 4M (0%)            4M (0%)            4M (0%)             -                  -          
[145.264s][info][gc,heap     ] GC(89) Allocated:         -                 0M (0%)            0M (0%)            0M (0%)             -                  -          
[145.264s][info][gc,heap     ] GC(89)   Garbage:         -               339M (17%)          17M (1%)           17M (1%)             -                  -          
[145.264s][info][gc,heap     ] GC(89) Reclaimed:         -                  -               322M (16%)         322M (16%)            -                  -          
[145.264s][info][gc          ] GC(89) Garbage Collection (System.gc()) 344M(17%)->22M(1%)
[147.276s][info][gc,start    ] GC(90) Garbage Collection (Proactive)
[147.276s][info][gc,task     ] GC(90) Using 12 workers
[147.276s][info][gc,phases   ] GC(90) Pause Mark Start 0.018ms
[147.292s][info][gc,phases   ] GC(90) Concurrent Mark 15.233ms
[147.292s][info][gc,phases   ] GC(90) Pause Mark End 0.024ms
[147.292s][info][gc,phases   ] GC(90) Concurrent Mark Free 0.001ms
[147.293s][info][gc,phases   ] GC(90) Concurrent Process Non-Strong References 0.955ms
[147.293s][info][gc,phases   ] GC(90) Concurrent Reset Relocation Set 0.001ms
[147.299s][info][gc,phases   ] GC(90) Concurrent Select Relocation Set 5.807ms
[147.299s][info][gc,phases   ] GC(90) Pause Relocate Start 0.009ms
[147.302s][info][gc,phases   ] GC(90) Concurrent Relocate 3.541ms
[147.303s][info][gc,load     ] GC(90) Load: 0.00/0.00/0.00
[147.303s][info][gc,mmu      ] GC(90) MMU: 2ms/98.4%, 5ms/99.4%, 10ms/99.6%, 20ms/99.7%, 50ms/99.8%, 100ms/99.9%
[147.303s][info][gc,marking  ] GC(90) Mark: 8 stripe(s), 2 proactive flush(es), 1 terminate flush(es), 0 completion(s), 0 continuation(s) 
[147.303s][info][gc,marking  ] GC(90) Mark Stack Usage: 32M
[147.303s][info][gc,nmethod  ] GC(90) NMethods: 1972 registered, 376 unregistered
[147.303s][info][gc,metaspace] GC(90) Metaspace: 9M used, 9M committed, 1088M reserved
[147.303s][info][gc,ref      ] GC(90) Soft: 214 encountered, 0 discovered, 0 enqueued
[147.303s][info][gc,ref      ] GC(90) Weak: 806 encountered, 67 discovered, 0 enqueued
[147.303s][info][gc,ref      ] GC(90) Final: 0 encountered, 0 discovered, 0 enqueued
[147.303s][info][gc,ref      ] GC(90) Phantom: 27 encountered, 22 discovered, 0 enqueued
[147.303s][info][gc,reloc    ] GC(90) Small Pages: 332 / 664M, Empty: 472M, Relocated: 4M, In-Place: 0
[147.303s][info][gc,reloc    ] GC(90) Medium Pages: 0 / 0M, Empty: 0M, Relocated: 0M, In-Place: 0
[147.303s][info][gc,reloc    ] GC(90) Large Pages: 0 / 0M, Empty: 0M, Relocated: 0M, In-Place: 0
[147.303s][info][gc,reloc    ] GC(90) Forwarding Usage: 2M
[147.303s][info][gc,heap     ] GC(90) Min Capacity: 8M(0%)
[147.303s][info][gc,heap     ] GC(90) Max Capacity: 2048M(100%)
[147.303s][info][gc,heap     ] GC(90) Soft Max Capacity: 2048M(100%)
[147.303s][info][gc,heap     ] GC(90)                Mark Start          Mark End        Relocate Start      Relocate End           High               Low         
[147.303s][info][gc,heap     ] GC(90)  Capacity:     2048M (100%)       2048M (100%)       2048M (100%)       2048M (100%)       2048M (100%)       2048M (100%)   
[147.303s][info][gc,heap     ] GC(90)      Free:     1384M (68%)        1378M (67%)        1848M (90%)        2012M (98%)        2012M (98%)        1378M (67%)    
[147.303s][info][gc,heap     ] GC(90)      Used:      664M (32%)         670M (33%)         200M (10%)          36M (2%)          670M (33%)          36M (2%)     
[147.303s][info][gc,heap     ] GC(90)      Live:         -                 6M (0%)            6M (0%)            6M (0%)             -                  -          
[147.303s][info][gc,heap     ] GC(90) Allocated:         -                 6M (0%)            8M (0%)            9M (0%)             -                  -          
[147.303s][info][gc,heap     ] GC(90)   Garbage:         -               657M (32%)         185M (9%)           19M (1%)             -                  -          
[147.303s][info][gc,heap     ] GC(90) Reclaimed:         -                  -               472M (23%)         637M (31%)            -                  -          
[147.303s][info][gc          ] GC(90) Garbage Collection (Proactive) 664M(32%)->36M(2%)
[149.265s][info][gc,start    ] GC(91) Garbage Collection (Proactive)
[149.265s][info][gc,task     ] GC(91) Using 12 workers
[149.265s][info][gc,phases   ] GC(91) Pause Mark Start 0.018ms
[149.280s][info][gc,phases   ] GC(91) Concurrent Mark 15.176ms
[149.281s][info][gc,phases   ] GC(91) Pause Mark End 0.024ms
[149.281s][info][gc,phases   ] GC(91) Concurrent Mark Free 0.002ms
[149.282s][info][gc,phases   ] GC(91) Concurrent Process Non-Strong References 0.949ms
[149.282s][info][gc,phases   ] GC(91) Concurrent Reset Relocation Set 0.013ms
[149.286s][info][gc,phases   ] GC(91) Concurrent Select Relocation Set 3.824ms
[149.286s][info][gc,phases   ] GC(91) Pause Relocate Start 0.009ms
[149.289s][info][gc,phases   ] GC(91) Concurrent Relocate 3.481ms
[149.289s][info][gc,load     ] GC(91) Load: 0.00/0.00/0.00
[149.290s][info][gc,mmu      ] GC(91) MMU: 2ms/98.4%, 5ms/99.4%, 10ms/99.6%, 20ms/99.7%, 50ms/99.8%, 100ms/99.9%
[149.290s][info][gc,marking  ] GC(91) Mark: 8 stripe(s), 2 proactive flush(es), 1 terminate flush(es), 0 completion(s), 0 continuation(s) 
[149.290s][info][gc,marking  ] GC(91) Mark Stack Usage: 32M
[149.290s][info][gc,nmethod  ] GC(91) NMethods: 1972 registered, 376 unregistered
[149.290s][info][gc,metaspace] GC(91) Metaspace: 9M used, 9M committed, 1088M reserved
[149.290s][info][gc,ref      ] GC(91) Soft: 214 encountered, 0 discovered, 0 enqueued
[149.290s][info][gc,ref      ] GC(91) Weak: 806 encountered, 76 discovered, 0 enqueued
[149.290s][info][gc,ref      ] GC(91) Final: 0 encountered, 0 discovered, 0 enqueued
[149.290s][info][gc,ref      ] GC(91) Phantom: 27 encountered, 23 discovered, 0 enqueued
[149.290s][info][gc,reloc    ] GC(91) Small Pages: 322 / 644M, Empty: 540M, Relocated: 4M, In-Place: 0
[149.290s][info][gc,reloc    ] GC(91) Medium Pages: 0 / 0M, Empty: 0M, Relocated: 0M, In-Place: 0
[149.290s][info][gc,reloc    ] GC(91) Large Pages: 0 / 0M, Empty: 0M, Relocated: 0M, In-Place: 0
[149.290s][info][gc,reloc    ] GC(91) Forwarding Usage: 2M
[149.290s][info][gc,heap     ] GC(91) Min Capacity: 8M(0%)
[149.290s][info][gc,heap     ] GC(91) Max Capacity: 2048M(100%)
[149.290s][info][gc,heap     ] GC(91) Soft Max Capacity: 2048M(100%)
[149.290s][info][gc,heap     ] GC(91)                Mark Start          Mark End        Relocate Start      Relocate End           High               Low         
[149.290s][info][gc,heap     ] GC(91)  Capacity:     2048M (100%)       2048M (100%)       2048M (100%)       2048M (100%)       2048M (100%)       2048M (100%)   
[149.290s][info][gc,heap     ] GC(91)      Free:     1404M (69%)        1398M (68%)        1936M (95%)        2014M (98%)        2014M (98%)        1398M (68%)    
[149.290s][info][gc,heap     ] GC(91)      Used:      644M (31%)         650M (32%)         112M (5%)           34M (2%)          650M (32%)          34M (2%)     
[149.290s][info][gc,heap     ] GC(91)      Live:         -                 6M (0%)            6M (0%)            6M (0%)             -                  -          
[149.290s][info][gc,heap     ] GC(91) Allocated:         -                 6M (0%)            8M (0%)            7M (0%)             -                  -          
[149.290s][info][gc,heap     ] GC(91)   Garbage:         -               637M (31%)          97M (5%)           19M (1%)             -                  -          
[149.290s][info][gc,heap     ] GC(91) Reclaimed:         -                  -               540M (26%)         617M (30%)            -                  -          
[149.290s][info][gc          ] GC(91) Garbage Collection (Proactive) 644M(31%)->34M(2%)
[150.169s][info][gc,stats    ] === Garbage Collection Statistics =======================================================================================================================
[150.169s][info][gc,stats    ]                                                              Last 10s              Last 10m              Last 10h                Total
[150.169s][info][gc,stats    ]                                                              Avg / Max             Avg / Max             Avg / Max             Avg / Max
[150.169s][info][gc,stats    ]   Collector: Garbage Collection Cycle                     24.734 / 28.292       26.334 / 57.424       26.334 / 57.424       26.334 / 57.424      ms
[150.169s][info][gc,stats    ]  Contention: Mark Segment Reset Contention                     2 / 9                 1 / 10                1 / 10                1 / 10          ops/s
[150.169s][info][gc,stats    ]  Contention: Mark SeqNum Reset Contention                      0 / 0                 0 / 2                 0 / 2                 0 / 2           ops/s
[150.169s][info][gc,stats    ]    Critical: Allocation Stall                                  0 / 0                 0 / 0                 0 / 0                 0 / 0           ops/s
[150.169s][info][gc,stats    ]    Critical: Allocation Stall                              0.000 / 0.000         0.000 / 0.000         0.000 / 0.000         0.000 / 0.000       ms
[150.169s][info][gc,stats    ]    Critical: GC Locker Stall                                   0 / 0                 0 / 0                 0 / 0                 0 / 0           ops/s
[150.169s][info][gc,stats    ]    Critical: GC Locker Stall                               0.000 / 0.000         0.000 / 0.000         0.000 / 0.000         0.000 / 0.000       ms
[150.169s][info][gc,stats    ]    Critical: Relocation Stall                                  0 / 0                 0 / 0                 0 / 0                 0 / 0           ops/s
[150.169s][info][gc,stats    ]    Critical: Relocation Stall                              0.000 / 0.000         0.000 / 0.000         0.000 / 0.000         0.000 / 0.000       ms
[150.169s][info][gc,stats    ]      Memory: Allocation Rate                                 321 / 330             319 / 342             319 / 342             319 / 342         MB/s
[150.169s][info][gc,stats    ]      Memory: Defragment                                        0 / 0                 0 / 0                 0 / 0                 0 / 0           ops/s
[150.169s][info][gc,stats    ]      Memory: Out Of Memory                                     0 / 0                 0 / 0                 0 / 0                 0 / 0           ops/s
[150.170s][info][gc,stats    ]      Memory: Page Cache Flush                                  0 / 0                 0 / 0                 0 / 0                 0 / 0           MB/s
[150.170s][info][gc,stats    ]      Memory: Page Cache Hit L1                               166 / 176             161 / 182             161 / 182             161 / 182         ops/s
[150.170s][info][gc,stats    ]      Memory: Page Cache Hit L2                                 0 / 0                 0 / 0                 0 / 0                 0 / 0           ops/s
[150.170s][info][gc,stats    ]      Memory: Page Cache Hit L3                                 0 / 0                 5 / 145               5 / 145               5 / 145         ops/s
[150.170s][info][gc,stats    ]      Memory: Page Cache Miss                                   0 / 0                 0 / 1                 0 / 1                 0 / 1           ops/s
[150.170s][info][gc,stats    ]      Memory: Uncommit                                          0 / 0                 0 / 0                 0 / 0                 0 / 0           MB/s
[150.170s][info][gc,stats    ]      Memory: Undo Object Allocation Failed                     0 / 2                 0 / 5                 0 / 5                 0 / 5           ops/s
[150.170s][info][gc,stats    ]      Memory: Undo Object Allocation Succeeded                  0 / 3                 0 / 4                 0 / 4                 0 / 4           ops/s
[150.170s][info][gc,stats    ]      Memory: Undo Page Allocation                              1 / 5                 1 / 6                 1 / 6                 1 / 6           ops/s
[150.170s][info][gc,stats    ]       Phase: Concurrent Mark                              13.761 / 15.233       14.871 / 30.725       14.871 / 30.725       14.871 / 30.725      ms
[150.170s][info][gc,stats    ]       Phase: Concurrent Mark Continue                      0.000 / 0.000         0.000 / 0.000         0.000 / 0.000         0.000 / 0.000       ms
[150.170s][info][gc,stats    ]       Phase: Concurrent Mark Free                          0.001 / 0.002         0.001 / 0.002         0.001 / 0.002         0.001 / 0.002       ms
[150.170s][info][gc,stats    ]       Phase: Concurrent Process Non-Strong References      0.959 / 1.051         1.010 / 5.203         1.010 / 5.203         1.010 / 5.203       ms
[150.170s][info][gc,stats    ]       Phase: Concurrent Relocate                           3.305 / 3.541         3.252 / 4.452         3.252 / 4.452         3.252 / 4.452       ms
[150.170s][info][gc,stats    ]       Phase: Concurrent Reset Relocation Set               0.009 / 0.015         0.008 / 0.016         0.008 / 0.016         0.008 / 0.016       ms
[150.170s][info][gc,stats    ]       Phase: Concurrent Select Relocation Set              5.535 / 7.780         5.511 / 15.037        5.511 / 15.037        5.511 / 15.037      ms
[150.170s][info][gc,stats    ]       Phase: Pause Mark End                                0.024 / 0.026         0.023 / 0.032         0.023 / 0.032         0.023 / 0.032       ms
[150.170s][info][gc,stats    ]       Phase: Pause Mark Start                              0.017 / 0.018         0.018 / 0.030         0.018 / 0.030         0.018 / 0.030       ms
[150.170s][info][gc,stats    ]       Phase: Pause Relocate Start                          0.009 / 0.010         0.009 / 0.011         0.009 / 0.011         0.009 / 0.011       ms
[150.170s][info][gc,stats    ]    Subphase: Concurrent Classes Purge                      0.010 / 0.031         0.032 / 0.832         0.032 / 0.832         0.032 / 0.832       ms
[150.170s][info][gc,stats    ]    Subphase: Concurrent Classes Unlink                     0.646 / 0.679         0.677 / 4.025         0.677 / 4.025         0.677 / 4.025       ms
[150.170s][info][gc,stats    ]    Subphase: Concurrent Mark                              12.164 / 14.336       12.938 / 23.255       12.938 / 23.255       12.938 / 23.255      ms
[150.170s][info][gc,stats    ]    Subphase: Concurrent Mark Try Flush                     0.076 / 0.100         0.070 / 0.200         0.070 / 0.200         0.070 / 0.200       ms
[150.170s][info][gc,stats    ]    Subphase: Concurrent Mark Try Terminate                 7.022 / 10.657        7.985 / 16.635        7.985 / 16.635        7.985 / 16.635      ms
[150.171s][info][gc,stats    ]    Subphase: Concurrent References Enqueue                 0.000 / 0.000         0.001 / 0.004         0.001 / 0.004         0.001 / 0.004       ms
[150.171s][info][gc,stats    ]    Subphase: Concurrent References Process                 0.047 / 0.056         0.046 / 0.075         0.046 / 0.075         0.046 / 0.075       ms
[150.171s][info][gc,stats    ]    Subphase: Concurrent Roots ClassLoaderDataGraph         0.110 / 0.646         0.088 / 0.967         0.088 / 0.967         0.088 / 0.967       ms
[150.171s][info][gc,stats    ]    Subphase: Concurrent Roots CodeCache                    0.000 / 0.000         0.000 / 0.000         0.000 / 0.000         0.000 / 0.000       ms
[150.171s][info][gc,stats    ]    Subphase: Concurrent Roots JavaThreads                  0.502 / 1.018         0.545 / 7.350         0.545 / 7.350         0.545 / 7.350       ms
[150.171s][info][gc,stats    ]    Subphase: Concurrent Roots OopStorageSet                0.025 / 0.089         0.019 / 0.273         0.019 / 0.273         0.019 / 0.273       ms
[150.171s][info][gc,stats    ]    Subphase: Concurrent Weak Roots OopStorageSet           0.130 / 0.152         0.133 / 0.165         0.133 / 0.165         0.133 / 0.165       ms
[150.171s][info][gc,stats    ]    Subphase: Pause Mark Try Complete                       0.000 / 0.000         0.000 / 0.000         0.000 / 0.000         0.000 / 0.000       ms
[150.171s][info][gc,stats    ]      System: Java Threads                                     36 / 37               32 / 37               32 / 37               32 / 37          threads
[150.171s][info][gc,stats    ] =========================================================================================================================================================
[150.973s][info][gc,start    ] GC(92) Garbage Collection (Proactive)
[150.973s][info][gc,task     ] GC(92) Using 12 workers
[150.973s][info][gc,phases   ] GC(92) Pause Mark Start 0.018ms
[150.988s][info][gc,phases   ] GC(92) Concurrent Mark 15.194ms
[150.988s][info][gc,phases   ] GC(92) Pause Mark End 0.023ms
[150.989s][info][gc,phases   ] GC(92) Concurrent Mark Free 0.001ms
[150.990s][info][gc,phases   ] GC(92) Concurrent Process Non-Strong References 0.984ms
[150.990s][info][gc,phases   ] GC(92) Concurrent Reset Relocation Set 0.007ms
[150.994s][info][gc,phases   ] GC(92) Concurrent Select Relocation Set 3.883ms
[150.994s][info][gc,phases   ] GC(92) Pause Relocate Start 0.008ms
[150.997s][info][gc,phases   ] GC(92) Concurrent Relocate 3.265ms
[150.997s][info][gc,load     ] GC(92) Load: 0.00/0.00/0.00
[150.997s][info][gc,mmu      ] GC(92) MMU: 2ms/98.4%, 5ms/99.4%, 10ms/99.6%, 20ms/99.7%, 50ms/99.8%, 100ms/99.9%
[150.997s][info][gc,marking  ] GC(92) Mark: 8 stripe(s), 3 proactive flush(es), 1 terminate flush(es), 0 completion(s), 0 continuation(s) 
[150.997s][info][gc,marking  ] GC(92) Mark Stack Usage: 32M
[150.997s][info][gc,nmethod  ] GC(92) NMethods: 1972 registered, 376 unregistered
[150.997s][info][gc,metaspace] GC(92) Metaspace: 9M used, 9M committed, 1088M reserved
[150.997s][info][gc,ref      ] GC(92) Soft: 214 encountered, 0 discovered, 0 enqueued
[150.997s][info][gc,ref      ] GC(92) Weak: 806 encountered, 10 discovered, 0 enqueued
[150.997s][info][gc,ref      ] GC(92) Final: 0 encountered, 0 discovered, 0 enqueued
[150.997s][info][gc,ref      ] GC(92) Phantom: 27 encountered, 23 discovered, 0 enqueued
[150.997s][info][gc,reloc    ] GC(92) Small Pages: 285 / 570M, Empty: 474M, Relocated: 4M, In-Place: 0
[150.997s][info][gc,reloc    ] GC(92) Medium Pages: 0 / 0M, Empty: 0M, Relocated: 0M, In-Place: 0
[150.997s][info][gc,reloc    ] GC(92) Large Pages: 0 / 0M, Empty: 0M, Relocated: 0M, In-Place: 0
[150.997s][info][gc,reloc    ] GC(92) Forwarding Usage: 1M
[150.997s][info][gc,heap     ] GC(92) Min Capacity: 8M(0%)
[150.998s][info][gc,heap     ] GC(92) Max Capacity: 2048M(100%)
[150.998s][info][gc,heap     ] GC(92) Soft Max Capacity: 2048M(100%)
[150.998s][info][gc,heap     ] GC(92)                Mark Start          Mark End        Relocate Start      Relocate End           High               Low         
[150.998s][info][gc,heap     ] GC(92)  Capacity:     2048M (100%)       2048M (100%)       2048M (100%)       2048M (100%)       2048M (100%)       2048M (100%)   
[150.998s][info][gc,heap     ] GC(92)      Free:     1478M (72%)        1472M (72%)        1944M (95%)        2014M (98%)        2014M (98%)        1472M (72%)    
[150.998s][info][gc,heap     ] GC(92)      Used:      570M (28%)         576M (28%)         104M (5%)           34M (2%)          576M (28%)          34M (2%)     
[150.998s][info][gc,heap     ] GC(92)      Live:         -                 6M (0%)            6M (0%)            6M (0%)             -                  -          
[150.998s][info][gc,heap     ] GC(92) Allocated:         -                 6M (0%)            8M (0%)            7M (0%)             -                  -          
[150.998s][info][gc,heap     ] GC(92)   Garbage:         -               563M (28%)          89M (4%)           19M (1%)             -                  -          
[150.998s][info][gc,heap     ] GC(92) Reclaimed:         -                  -               474M (23%)         543M (27%)            -                  -          
[150.998s][info][gc          ] GC(92) Garbage Collection (Proactive) 570M(28%)->34M(2%)
[152.147s][info][gc,start    ] GC(93) Garbage Collection (System.gc())
[152.147s][info][gc,task     ] GC(93) Using 12 workers
[152.148s][info][gc,phases   ] GC(93) Pause Mark Start 0.017ms
[152.158s][info][gc,phases   ] GC(93) Concurrent Mark 10.216ms
[152.158s][info][gc,phases   ] GC(93) Pause Mark End 0.024ms
[152.158s][info][gc,phases   ] GC(93) Concurrent Mark Free 0.001ms
[152.159s][info][gc,phases   ] GC(93) Concurrent Process Non-Strong References 0.932ms
[152.159s][info][gc,phases   ] GC(93) Concurrent Reset Relocation Set 0.008ms
[152.163s][info][gc,phases   ] GC(93) Concurrent Select Relocation Set 3.839ms
[152.163s][info][gc,phases   ] GC(93) Pause Relocate Start 0.010ms
[152.166s][info][gc,phases   ] GC(93) Concurrent Relocate 2.923ms
[152.166s][info][gc,load     ] GC(93) Load: 0.00/0.00/0.00
[152.166s][info][gc,mmu      ] GC(93) MMU: 2ms/98.4%, 5ms/99.4%, 10ms/99.6%, 20ms/99.7%, 50ms/99.8%, 100ms/99.9%
[152.166s][info][gc,marking  ] GC(93) Mark: 8 stripe(s), 2 proactive flush(es), 1 terminate flush(es), 0 completion(s), 0 continuation(s) 
[152.166s][info][gc,marking  ] GC(93) Mark Stack Usage: 32M
[152.166s][info][gc,nmethod  ] GC(93) NMethods: 1973 registered, 376 unregistered
[152.166s][info][gc,metaspace] GC(93) Metaspace: 9M used, 9M committed, 1088M reserved
[152.166s][info][gc,ref      ] GC(93) Soft: 214 encountered, 0 discovered, 0 enqueued
[152.166s][info][gc,ref      ] GC(93) Weak: 806 encountered, 16 discovered, 0 enqueued
[152.166s][info][gc,ref      ] GC(93) Final: 0 encountered, 0 discovered, 0 enqueued
[152.166s][info][gc,ref      ] GC(93) Phantom: 27 encountered, 19 discovered, 0 enqueued
[152.166s][info][gc,reloc    ] GC(93) Small Pages: 202 / 404M, Empty: 384M, Relocated: 3M, In-Place: 0
[152.167s][info][gc,reloc    ] GC(93) Medium Pages: 0 / 0M, Empty: 0M, Relocated: 0M, In-Place: 0
[152.167s][info][gc,reloc    ] GC(93) Large Pages: 0 / 0M, Empty: 0M, Relocated: 0M, In-Place: 0
[152.167s][info][gc,reloc    ] GC(93) Forwarding Usage: 1M
[152.167s][info][gc,heap     ] GC(93) Min Capacity: 8M(0%)
[152.167s][info][gc,heap     ] GC(93) Max Capacity: 2048M(100%)
[152.167s][info][gc,heap     ] GC(93) Soft Max Capacity: 2048M(100%)
[152.167s][info][gc,heap     ] GC(93)                Mark Start          Mark End        Relocate Start      Relocate End           High               Low         
[152.167s][info][gc,heap     ] GC(93)  Capacity:     2048M (100%)       2048M (100%)       2048M (100%)       2048M (100%)       2048M (100%)       2048M (100%)   
[152.167s][info][gc,heap     ] GC(93)      Free:     1644M (80%)        1644M (80%)        2028M (99%)        2028M (99%)        2028M (99%)        1644M (80%)    
[152.167s][info][gc,heap     ] GC(93)      Used:      404M (20%)         404M (20%)          20M (1%)           20M (1%)          404M (20%)          20M (1%)     
[152.167s][info][gc,heap     ] GC(93)      Live:         -                 4M (0%)            4M (0%)            4M (0%)             -                  -          
[152.167s][info][gc,heap     ] GC(93) Allocated:         -                 0M (0%)            0M (0%)            0M (0%)             -                  -          
[152.167s][info][gc,heap     ] GC(93)   Garbage:         -               399M (19%)          15M (1%)           15M (1%)             -                  -          
[152.167s][info][gc,heap     ] GC(93) Reclaimed:         -                  -               384M (19%)         384M (19%)            -                  -          
[152.167s][info][gc          ] GC(93) Garbage Collection (System.gc()) 404M(20%)->20M(1%)
[153.678s][info][gc,start    ] GC(94) Garbage Collection (Proactive)
[153.678s][info][gc,task     ] GC(94) Using 12 workers
[153.679s][info][gc,phases   ] GC(94) Pause Mark Start 0.018ms
[153.694s][info][gc,phases   ] GC(94) Concurrent Mark 15.185ms
[153.694s][info][gc,phases   ] GC(94) Pause Mark End 0.025ms
[153.694s][info][gc,phases   ] GC(94) Concurrent Mark Free 0.001ms
[153.695s][info][gc,phases   ] GC(94) Concurrent Process Non-Strong References 0.999ms
[153.695s][info][gc,phases   ] GC(94) Concurrent Reset Relocation Set 0.002ms
[153.702s][info][gc,phases   ] GC(94) Concurrent Select Relocation Set 6.725ms
[153.702s][info][gc,phases   ] GC(94) Pause Relocate Start 0.009ms
[153.707s][info][gc,phases   ] GC(94) Concurrent Relocate 4.431ms
[153.707s][info][gc,load     ] GC(94) Load: 0.00/0.00/0.00
[153.707s][info][gc,mmu      ] GC(94) MMU: 2ms/98.4%, 5ms/99.4%, 10ms/99.6%, 20ms/99.7%, 50ms/99.8%, 100ms/99.9%
[153.707s][info][gc,marking  ] GC(94) Mark: 8 stripe(s), 2 proactive flush(es), 1 terminate flush(es), 0 completion(s), 0 continuation(s) 
[153.707s][info][gc,marking  ] GC(94) Mark Stack Usage: 32M
[153.707s][info][gc,nmethod  ] GC(94) NMethods: 1974 registered, 376 unregistered
[153.707s][info][gc,metaspace] GC(94) Metaspace: 9M used, 9M committed, 1088M reserved
[153.707s][info][gc,ref      ] GC(94) Soft: 214 encountered, 0 discovered, 0 enqueued
[153.707s][info][gc,ref      ] GC(94) Weak: 806 encountered, 106 discovered, 0 enqueued
[153.707s][info][gc,ref      ] GC(94) Final: 0 encountered, 0 discovered, 0 enqueued
[153.707s][info][gc,ref      ] GC(94) Phantom: 27 encountered, 22 discovered, 0 enqueued
[153.707s][info][gc,reloc    ] GC(94) Small Pages: 256 / 512M, Empty: 338M, Relocated: 4M, In-Place: 0
[153.707s][info][gc,reloc    ] GC(94) Medium Pages: 0 / 0M, Empty: 0M, Relocated: 0M, In-Place: 0
[153.707s][info][gc,reloc    ] GC(94) Large Pages: 0 / 0M, Empty: 0M, Relocated: 0M, In-Place: 0
[153.707s][info][gc,reloc    ] GC(94) Forwarding Usage: 2M
[153.707s][info][gc,heap     ] GC(94) Min Capacity: 8M(0%)
[153.707s][info][gc,heap     ] GC(94) Max Capacity: 2048M(100%)
[153.707s][info][gc,heap     ] GC(94) Soft Max Capacity: 2048M(100%)
[153.707s][info][gc,heap     ] GC(94)                Mark Start          Mark End        Relocate Start      Relocate End           High               Low         
[153.707s][info][gc,heap     ] GC(94)  Capacity:     2048M (100%)       2048M (100%)       2048M (100%)       2048M (100%)       2048M (100%)       2048M (100%)   
[153.707s][info][gc,heap     ] GC(94)      Free:     1536M (75%)        1530M (75%)        1866M (91%)        2012M (98%)        2012M (98%)        1530M (75%)    
[153.707s][info][gc,heap     ] GC(94)      Used:      512M (25%)         518M (25%)         182M (9%)           36M (2%)          518M (25%)          36M (2%)     
[153.707s][info][gc,heap     ] GC(94)      Live:         -                 6M (0%)            6M (0%)            6M (0%)             -                  -          
[153.708s][info][gc,heap     ] GC(94) Allocated:         -                 6M (0%)            8M (0%)            9M (0%)             -                  -          
[153.708s][info][gc,heap     ] GC(94)   Garbage:         -               505M (25%)         167M (8%)           19M (1%)             -                  -          
[153.708s][info][gc,heap     ] GC(94) Reclaimed:         -                  -               338M (17%)         485M (24%)            -                  -          
[153.708s][info][gc          ] GC(94) Garbage Collection (Proactive) 512M(25%)->36M(2%)
[155.667s][info][gc,start    ] GC(95) Garbage Collection (Proactive)
[155.667s][info][gc,task     ] GC(95) Using 12 workers
[155.667s][info][gc,phases   ] GC(95) Pause Mark Start 0.017ms
[155.683s][info][gc,phases   ] GC(95) Concurrent Mark 15.147ms
[155.683s][info][gc,phases   ] GC(95) Pause Mark End 0.025ms
[155.683s][info][gc,phases   ] GC(95) Concurrent Mark Free 0.001ms
[155.684s][info][gc,phases   ] GC(95) Concurrent Process Non-Strong References 0.993ms
[155.684s][info][gc,phases   ] GC(95) Concurrent Reset Relocation Set 0.012ms
[155.692s][info][gc,phases   ] GC(95) Concurrent Select Relocation Set 7.566ms
[155.692s][info][gc,phases   ] GC(95) Pause Relocate Start 0.008ms
[155.695s][info][gc,phases   ] GC(95) Concurrent Relocate 3.524ms
[155.696s][info][gc,load     ] GC(95) Load: 0.00/0.00/0.00
[155.696s][info][gc,mmu      ] GC(95) MMU: 2ms/98.4%, 5ms/99.4%, 10ms/99.6%, 20ms/99.7%, 50ms/99.8%, 100ms/99.9%
[155.696s][info][gc,marking  ] GC(95) Mark: 8 stripe(s), 3 proactive flush(es), 2 terminate flush(es), 0 completion(s), 0 continuation(s) 
[155.696s][info][gc,marking  ] GC(95) Mark Stack Usage: 32M
[155.696s][info][gc,nmethod  ] GC(95) NMethods: 1974 registered, 376 unregistered
[155.696s][info][gc,metaspace] GC(95) Metaspace: 9M used, 9M committed, 1088M reserved
[155.696s][info][gc,ref      ] GC(95) Soft: 214 encountered, 0 discovered, 0 enqueued
[155.696s][info][gc,ref      ] GC(95) Weak: 806 encountered, 30 discovered, 0 enqueued
[155.696s][info][gc,ref      ] GC(95) Final: 0 encountered, 0 discovered, 0 enqueued
[155.696s][info][gc,ref      ] GC(95) Phantom: 27 encountered, 22 discovered, 0 enqueued
[155.696s][info][gc,reloc    ] GC(95) Small Pages: 327 / 654M, Empty: 524M, Relocated: 4M, In-Place: 0
[155.696s][info][gc,reloc    ] GC(95) Medium Pages: 0 / 0M, Empty: 0M, Relocated: 0M, In-Place: 0
[155.696s][info][gc,reloc    ] GC(95) Large Pages: 0 / 0M, Empty: 0M, Relocated: 0M, In-Place: 0
[155.696s][info][gc,reloc    ] GC(95) Forwarding Usage: 2M
[155.696s][info][gc,heap     ] GC(95) Min Capacity: 8M(0%)
[155.696s][info][gc,heap     ] GC(95) Max Capacity: 2048M(100%)
[155.696s][info][gc,heap     ] GC(95) Soft Max Capacity: 2048M(100%)
[155.696s][info][gc,heap     ] GC(95)                Mark Start          Mark End        Relocate Start      Relocate End           High               Low         
[155.696s][info][gc,heap     ] GC(95)  Capacity:     2048M (100%)       2048M (100%)       2048M (100%)       2048M (100%)       2048M (100%)       2048M (100%)   
[155.696s][info][gc,heap     ] GC(95)      Free:     1394M (68%)        1388M (68%)        1910M (93%)        2012M (98%)        2012M (98%)        1388M (68%)    
[155.696s][info][gc,heap     ] GC(95)      Used:      654M (32%)         660M (32%)         138M (7%)           36M (2%)          660M (32%)          36M (2%)     
[155.696s][info][gc,heap     ] GC(95)      Live:         -                 6M (0%)            6M (0%)            6M (0%)             -                  -          
[155.696s][info][gc,heap     ] GC(95) Allocated:         -                 6M (0%)            8M (0%)            9M (0%)             -                  -          
[155.696s][info][gc,heap     ] GC(95)   Garbage:         -               647M (32%)         123M (6%)           19M (1%)             -                  -          
[155.696s][info][gc,heap     ] GC(95) Reclaimed:         -                  -               524M (26%)         627M (31%)            -                  -          
[155.696s][info][gc          ] GC(95) Garbage Collection (Proactive) 654M(32%)->36M(2%)
[157.578s][info][gc,start    ] GC(96) Garbage Collection (Proactive)
[157.578s][info][gc,task     ] GC(96) Using 12 workers
[157.578s][info][gc,phases   ] GC(96) Pause Mark Start 0.018ms
[157.594s][info][gc,phases   ] GC(96) Concurrent Mark 15.190ms
[157.594s][info][gc,phases   ] GC(96) Pause Mark End 0.024ms
[157.594s][info][gc,phases   ] GC(96) Concurrent Mark Free 0.001ms
[157.595s][info][gc,phases   ] GC(96) Concurrent Process Non-Strong References 1.015ms
[157.595s][info][gc,phases   ] GC(96) Concurrent Reset Relocation Set 0.009ms
[157.599s][info][gc,phases   ] GC(96) Concurrent Select Relocation Set 3.886ms
[157.599s][info][gc,phases   ] GC(96) Pause Relocate Start 0.009ms
[157.603s][info][gc,phases   ] GC(96) Concurrent Relocate 3.443ms
[157.603s][info][gc,load     ] GC(96) Load: 0.00/0.00/0.00
[157.603s][info][gc,mmu      ] GC(96) MMU: 2ms/98.4%, 5ms/99.4%, 10ms/99.6%, 20ms/99.7%, 50ms/99.8%, 100ms/99.9%
[157.603s][info][gc,marking  ] GC(96) Mark: 8 stripe(s), 2 proactive flush(es), 1 terminate flush(es), 0 completion(s), 0 continuation(s) 
[157.603s][info][gc,marking  ] GC(96) Mark Stack Usage: 32M
[157.603s][info][gc,nmethod  ] GC(96) NMethods: 1974 registered, 376 unregistered
[157.603s][info][gc,metaspace] GC(96) Metaspace: 9M used, 9M committed, 1088M reserved
[157.603s][info][gc,ref      ] GC(96) Soft: 214 encountered, 0 discovered, 0 enqueued
[157.603s][info][gc,ref      ] GC(96) Weak: 806 encountered, 47 discovered, 0 enqueued
[157.603s][info][gc,ref      ] GC(96) Final: 0 encountered, 0 discovered, 0 enqueued
[157.603s][info][gc,ref      ] GC(96) Phantom: 27 encountered, 23 discovered, 0 enqueued
[157.603s][info][gc,reloc    ] GC(96) Small Pages: 311 / 622M, Empty: 512M, Relocated: 4M, In-Place: 0
[157.603s][info][gc,reloc    ] GC(96) Medium Pages: 0 / 0M, Empty: 0M, Relocated: 0M, In-Place: 0
[157.603s][info][gc,reloc    ] GC(96) Large Pages: 0 / 0M, Empty: 0M, Relocated: 0M, In-Place: 0
[157.603s][info][gc,reloc    ] GC(96) Forwarding Usage: 1M
[157.603s][info][gc,heap     ] GC(96) Min Capacity: 8M(0%)
[157.603s][info][gc,heap     ] GC(96) Max Capacity: 2048M(100%)
[157.603s][info][gc,heap     ] GC(96) Soft Max Capacity: 2048M(100%)
[157.603s][info][gc,heap     ] GC(96)                Mark Start          Mark End        Relocate Start      Relocate End           High               Low         
[157.603s][info][gc,heap     ] GC(96)  Capacity:     2048M (100%)       2048M (100%)       2048M (100%)       2048M (100%)       2048M (100%)       2048M (100%)   
[157.603s][info][gc,heap     ] GC(96)      Free:     1426M (70%)        1420M (69%)        1930M (94%)        2014M (98%)        2014M (98%)        1420M (69%)    
[157.603s][info][gc,heap     ] GC(96)      Used:      622M (30%)         628M (31%)         118M (6%)           34M (2%)          628M (31%)          34M (2%)     
[157.603s][info][gc,heap     ] GC(96)      Live:         -                 6M (0%)            6M (0%)            6M (0%)             -                  -          
[157.604s][info][gc,heap     ] GC(96) Allocated:         -                 6M (0%)            8M (0%)            7M (0%)             -                  -          
[157.604s][info][gc,heap     ] GC(96)   Garbage:         -               615M (30%)         103M (5%)           19M (1%)             -                  -          
[157.604s][info][gc,heap     ] GC(96) Reclaimed:         -                  -               512M (25%)         595M (29%)            -                  -          
[157.604s][info][gc          ] GC(96) Garbage Collection (Proactive) 622M(30%)->34M(2%)
[158.955s][info][gc,start    ] GC(97) Garbage Collection (System.gc())
[158.955s][info][gc,task     ] GC(97) Using 12 workers
[158.955s][info][gc,phases   ] GC(97) Pause Mark Start 0.017ms
[158.967s][info][gc,phases   ] GC(97) Concurrent Mark 11.271ms
[158.967s][info][gc,phases   ] GC(97) Pause Mark End 0.021ms
[158.967s][info][gc,phases   ] GC(97) Concurrent Mark Free 0.001ms
[158.968s][info][gc,phases   ] GC(97) Concurrent Process Non-Strong References 0.906ms
[158.968s][info][gc,phases   ] GC(97) Concurrent Reset Relocation Set 0.009ms
[158.972s][info][gc,phases   ] GC(97) Concurrent Select Relocation Set 3.904ms
[158.972s][info][gc,phases   ] GC(97) Pause Relocate Start 0.010ms
[158.975s][info][gc,phases   ] GC(97) Concurrent Relocate 2.896ms
[158.975s][info][gc,load     ] GC(97) Load: 0.00/0.00/0.00
[158.975s][info][gc,mmu      ] GC(97) MMU: 2ms/98.4%, 5ms/99.4%, 10ms/99.6%, 20ms/99.7%, 50ms/99.8%, 100ms/99.9%
[158.975s][info][gc,marking  ] GC(97) Mark: 8 stripe(s), 1 proactive flush(es), 1 terminate flush(es), 0 completion(s), 0 continuation(s) 
[158.975s][info][gc,marking  ] GC(97) Mark Stack Usage: 32M
[158.975s][info][gc,nmethod  ] GC(97) NMethods: 1974 registered, 376 unregistered
[158.975s][info][gc,metaspace] GC(97) Metaspace: 9M used, 9M committed, 1088M reserved
[158.975s][info][gc,ref      ] GC(97) Soft: 214 encountered, 0 discovered, 0 enqueued
[158.975s][info][gc,ref      ] GC(97) Weak: 806 encountered, 54 discovered, 0 enqueued
[158.975s][info][gc,ref      ] GC(97) Final: 0 encountered, 0 discovered, 0 enqueued
[158.975s][info][gc,ref      ] GC(97) Phantom: 27 encountered, 22 discovered, 0 enqueued
[158.975s][info][gc,reloc    ] GC(97) Small Pages: 243 / 486M, Empty: 466M, Relocated: 3M, In-Place: 0
[158.975s][info][gc,reloc    ] GC(97) Medium Pages: 0 / 0M, Empty: 0M, Relocated: 0M, In-Place: 0
[158.975s][info][gc,reloc    ] GC(97) Large Pages: 0 / 0M, Empty: 0M, Relocated: 0M, In-Place: 0
[158.975s][info][gc,reloc    ] GC(97) Forwarding Usage: 1M
[158.975s][info][gc,heap     ] GC(97) Min Capacity: 8M(0%)
[158.975s][info][gc,heap     ] GC(97) Max Capacity: 2048M(100%)
[158.975s][info][gc,heap     ] GC(97) Soft Max Capacity: 2048M(100%)
[158.975s][info][gc,heap     ] GC(97)                Mark Start          Mark End        Relocate Start      Relocate End           High               Low         
[158.975s][info][gc,heap     ] GC(97)  Capacity:     2048M (100%)       2048M (100%)       2048M (100%)       2048M (100%)       2048M (100%)       2048M (100%)   
[158.975s][info][gc,heap     ] GC(97)      Free:     1562M (76%)        1562M (76%)        2028M (99%)        2028M (99%)        2028M (99%)        1562M (76%)    
[158.975s][info][gc,heap     ] GC(97)      Used:      486M (24%)         486M (24%)          20M (1%)           20M (1%)          486M (24%)          20M (1%)     
[158.976s][info][gc,heap     ] GC(97)      Live:         -                 4M (0%)            4M (0%)            4M (0%)             -                  -          
[158.976s][info][gc,heap     ] GC(97) Allocated:         -                 0M (0%)            0M (0%)            0M (0%)             -                  -          
[158.976s][info][gc,heap     ] GC(97)   Garbage:         -               481M (23%)          15M (1%)           15M (1%)             -                  -          
[158.976s][info][gc,heap     ] GC(97) Reclaimed:         -                  -               466M (23%)         466M (23%)            -                  -          
[158.976s][info][gc          ] GC(97) Garbage Collection (System.gc()) 486M(24%)->20M(1%)
[160.168s][info][gc,stats    ] === Garbage Collection Statistics =======================================================================================================================
[160.168s][info][gc,stats    ]                                                              Last 10s              Last 10m              Last 10h                Total
[160.168s][info][gc,stats    ]                                                              Avg / Max             Avg / Max             Avg / Max             Avg / Max
[160.168s][info][gc,stats    ]   Collector: Garbage Collection Cycle                     24.216 / 28.604       26.205 / 57.424       26.205 / 57.424       26.205 / 57.424      ms
[160.168s][info][gc,stats    ]  Contention: Mark Segment Reset Contention                     1 / 5                 1 / 10                1 / 10                1 / 10          ops/s
[160.168s][info][gc,stats    ]  Contention: Mark SeqNum Reset Contention                      0 / 1                 0 / 2                 0 / 2                 0 / 2           ops/s
[160.168s][info][gc,stats    ]    Critical: Allocation Stall                                  0 / 0                 0 / 0                 0 / 0                 0 / 0           ops/s
[160.168s][info][gc,stats    ]    Critical: Allocation Stall                              0.000 / 0.000         0.000 / 0.000         0.000 / 0.000         0.000 / 0.000       ms
[160.168s][info][gc,stats    ]    Critical: GC Locker Stall                                   0 / 0                 0 / 0                 0 / 0                 0 / 0           ops/s
[160.168s][info][gc,stats    ]    Critical: GC Locker Stall                               0.000 / 0.000         0.000 / 0.000         0.000 / 0.000         0.000 / 0.000       ms
[160.168s][info][gc,stats    ]    Critical: Relocation Stall                                  0 / 0                 0 / 0                 0 / 0                 0 / 0           ops/s
[160.168s][info][gc,stats    ]    Critical: Relocation Stall                              0.000 / 0.000         0.000 / 0.000         0.000 / 0.000         0.000 / 0.000       ms
[160.168s][info][gc,stats    ]      Memory: Allocation Rate                                 322 / 332             319 / 342             319 / 342             319 / 342         MB/s
[160.168s][info][gc,stats    ]      Memory: Defragment                                        0 / 0                 0 / 0                 0 / 0                 0 / 0           ops/s
[160.168s][info][gc,stats    ]      Memory: Out Of Memory                                     0 / 0                 0 / 0                 0 / 0                 0 / 0           ops/s
[160.168s][info][gc,stats    ]      Memory: Page Cache Flush                                  0 / 0                 0 / 0                 0 / 0                 0 / 0           MB/s
[160.168s][info][gc,stats    ]      Memory: Page Cache Hit L1                               167 / 178             161 / 182             161 / 182             161 / 182         ops/s
[160.168s][info][gc,stats    ]      Memory: Page Cache Hit L2                                 0 / 0                 0 / 0                 0 / 0                 0 / 0           ops/s
[160.168s][info][gc,stats    ]      Memory: Page Cache Hit L3                                 0 / 0                 5 / 145               5 / 145               5 / 145         ops/s
[160.168s][info][gc,stats    ]      Memory: Page Cache Miss                                   0 / 0                 0 / 1                 0 / 1                 0 / 1           ops/s
[160.168s][info][gc,stats    ]      Memory: Uncommit                                          0 / 0                 0 / 0                 0 / 0                 0 / 0           MB/s
[160.168s][info][gc,stats    ]      Memory: Undo Object Allocation Failed                     0 / 0                 0 / 5                 0 / 5                 0 / 5           ops/s
[160.168s][info][gc,stats    ]      Memory: Undo Object Allocation Succeeded                  0 / 1                 0 / 4                 0 / 4                 0 / 4           ops/s
[160.168s][info][gc,stats    ]      Memory: Undo Page Allocation                              1 / 4                 1 / 6                 1 / 6                 1 / 6           ops/s
[160.168s][info][gc,stats    ]       Phase: Concurrent Mark                              13.700 / 15.194       14.800 / 30.725       14.800 / 30.725       14.800 / 30.725      ms
[160.169s][info][gc,stats    ]       Phase: Concurrent Mark Continue                      0.000 / 0.000         0.000 / 0.000         0.000 / 0.000         0.000 / 0.000       ms
[160.169s][info][gc,stats    ]       Phase: Concurrent Mark Free                          0.001 / 0.001         0.001 / 0.002         0.001 / 0.002         0.001 / 0.002       ms
[160.169s][info][gc,stats    ]       Phase: Concurrent Process Non-Strong References      0.972 / 1.015         1.007 / 5.203         1.007 / 5.203         1.007 / 5.203       ms
[160.169s][info][gc,stats    ]       Phase: Concurrent Relocate                           3.413 / 4.431         3.262 / 4.452         3.262 / 4.452         3.262 / 4.452       ms
[160.169s][info][gc,stats    ]       Phase: Concurrent Reset Relocation Set               0.008 / 0.012         0.008 / 0.016         0.008 / 0.016         0.008 / 0.016       ms
[160.169s][info][gc,stats    ]       Phase: Concurrent Select Relocation Set              4.967 / 7.566         5.477 / 15.037        5.477 / 15.037        5.477 / 15.037      ms
[160.169s][info][gc,stats    ]       Phase: Pause Mark End                                0.024 / 0.025         0.023 / 0.032         0.023 / 0.032         0.023 / 0.032       ms
[160.169s][info][gc,stats    ]       Phase: Pause Mark Start                              0.018 / 0.018         0.018 / 0.030         0.018 / 0.030         0.018 / 0.030       ms
[160.169s][info][gc,stats    ]       Phase: Pause Relocate Start                          0.009 / 0.010         0.009 / 0.011         0.009 / 0.011         0.009 / 0.011       ms
[160.169s][info][gc,stats    ]    Subphase: Concurrent Classes Purge                      0.005 / 0.006         0.030 / 0.832         0.030 / 0.832         0.030 / 0.832       ms
[160.169s][info][gc,stats    ]    Subphase: Concurrent Classes Unlink                     0.669 / 0.705         0.676 / 4.025         0.676 / 4.025         0.676 / 4.025       ms
[160.169s][info][gc,stats    ]    Subphase: Concurrent Mark                              12.053 / 14.143       12.883 / 23.255       12.883 / 23.255       12.883 / 23.255      ms
[160.169s][info][gc,stats    ]    Subphase: Concurrent Mark Try Flush                     0.071 / 0.104         0.070 / 0.200         0.070 / 0.200         0.070 / 0.200       ms
[160.169s][info][gc,stats    ]    Subphase: Concurrent Mark Try Terminate                 7.210 / 11.125        7.937 / 16.635        7.937 / 16.635        7.937 / 16.635      ms
[160.169s][info][gc,stats    ]    Subphase: Concurrent References Enqueue                 0.000 / 0.000         0.001 / 0.004         0.001 / 0.004         0.001 / 0.004       ms
[160.169s][info][gc,stats    ]    Subphase: Concurrent References Process                 0.040 / 0.042         0.046 / 0.075         0.046 / 0.075         0.046 / 0.075       ms
[160.169s][info][gc,stats    ]    Subphase: Concurrent Roots ClassLoaderDataGraph         0.091 / 0.649         0.088 / 0.967         0.088 / 0.967         0.088 / 0.967       ms
[160.169s][info][gc,stats    ]    Subphase: Concurrent Roots CodeCache                    0.000 / 0.000         0.000 / 0.000         0.000 / 0.000         0.000 / 0.000       ms
[160.169s][info][gc,stats    ]    Subphase: Concurrent Roots JavaThreads                  0.514 / 1.028         0.543 / 7.350         0.543 / 7.350         0.543 / 7.350       ms
[160.169s][info][gc,stats    ]    Subphase: Concurrent Roots OopStorageSet                0.019 / 0.072         0.019 / 0.273         0.019 / 0.273         0.019 / 0.273       ms
[160.169s][info][gc,stats    ]    Subphase: Concurrent Weak Roots OopStorageSet           0.136 / 0.163         0.133 / 0.165         0.133 / 0.165         0.133 / 0.165       ms
[160.169s][info][gc,stats    ]    Subphase: Pause Mark Try Complete                       0.000 / 0.000         0.000 / 0.000         0.000 / 0.000         0.000 / 0.000       ms
[160.169s][info][gc,stats    ]      System: Java Threads                                     35 / 35               32 / 37               32 / 37               32 / 37          threads
[160.169s][info][gc,stats    ] =========================================================================================================================================================
[160.565s][info][gc,start    ] GC(98) Garbage Collection (Proactive)
[160.565s][info][gc,task     ] GC(98) Using 12 workers
[160.565s][info][gc,phases   ] GC(98) Pause Mark Start 0.018ms
[160.581s][info][gc,phases   ] GC(98) Concurrent Mark 15.183ms
[160.581s][info][gc,phases   ] GC(98) Pause Mark End 0.024ms
[160.581s][info][gc,phases   ] GC(98) Concurrent Mark Free 0.001ms
[160.582s][info][gc,phases   ] GC(98) Concurrent Process Non-Strong References 1.023ms
[160.582s][info][gc,phases   ] GC(98) Concurrent Reset Relocation Set 0.002ms
[160.589s][info][gc,phases   ] GC(98) Concurrent Select Relocation Set 6.998ms
[160.589s][info][gc,phases   ] GC(98) Pause Relocate Start 0.009ms
[160.593s][info][gc,phases   ] GC(98) Concurrent Relocate 3.316ms
[160.593s][info][gc,load     ] GC(98) Load: 0.00/0.00/0.00
[160.593s][info][gc,mmu      ] GC(98) MMU: 2ms/98.4%, 5ms/99.4%, 10ms/99.6%, 20ms/99.7%, 50ms/99.8%, 100ms/99.9%
[160.593s][info][gc,marking  ] GC(98) Mark: 8 stripe(s), 3 proactive flush(es), 1 terminate flush(es), 0 completion(s), 0 continuation(s) 
[160.593s][info][gc,marking  ] GC(98) Mark Stack Usage: 32M
[160.593s][info][gc,nmethod  ] GC(98) NMethods: 1975 registered, 376 unregistered
[160.593s][info][gc,metaspace] GC(98) Metaspace: 9M used, 9M committed, 1088M reserved
[160.593s][info][gc,ref      ] GC(98) Soft: 214 encountered, 0 discovered, 0 enqueued
[160.593s][info][gc,ref      ] GC(98) Weak: 806 encountered, 125 discovered, 0 enqueued
[160.593s][info][gc,ref      ] GC(98) Final: 0 encountered, 0 discovered, 0 enqueued
[160.593s][info][gc,ref      ] GC(98) Phantom: 27 encountered, 23 discovered, 0 enqueued
[160.593s][info][gc,reloc    ] GC(98) Small Pages: 265 / 530M, Empty: 342M, Relocated: 4M, In-Place: 0
[160.593s][info][gc,reloc    ] GC(98) Medium Pages: 0 / 0M, Empty: 0M, Relocated: 0M, In-Place: 0
[160.593s][info][gc,reloc    ] GC(98) Large Pages: 0 / 0M, Empty: 0M, Relocated: 0M, In-Place: 0
[160.593s][info][gc,reloc    ] GC(98) Forwarding Usage: 2M
[160.593s][info][gc,heap     ] GC(98) Min Capacity: 8M(0%)
[160.593s][info][gc,heap     ] GC(98) Max Capacity: 2048M(100%)
[160.593s][info][gc,heap     ] GC(98) Soft Max Capacity: 2048M(100%)
[160.593s][info][gc,heap     ] GC(98)                Mark Start          Mark End        Relocate Start      Relocate End           High               Low         
[160.593s][info][gc,heap     ] GC(98)  Capacity:     2048M (100%)       2048M (100%)       2048M (100%)       2048M (100%)       2048M (100%)       2048M (100%)   
[160.593s][info][gc,heap     ] GC(98)      Free:     1518M (74%)        1512M (74%)        1852M (90%)        2012M (98%)        2012M (98%)        1510M (74%)    
[160.593s][info][gc,heap     ] GC(98)      Used:      530M (26%)         536M (26%)         196M (10%)          36M (2%)          538M (26%)          36M (2%)     
[160.593s][info][gc,heap     ] GC(98)      Live:         -                 6M (0%)            6M (0%)            6M (0%)             -                  -          
[160.593s][info][gc,heap     ] GC(98) Allocated:         -                 6M (0%)            8M (0%)            9M (0%)             -                  -          
[160.593s][info][gc,heap     ] GC(98)   Garbage:         -               523M (26%)         181M (9%)           19M (1%)             -                  -          
[160.593s][info][gc,heap     ] GC(98) Reclaimed:         -                  -               342M (17%)         503M (25%)            -                  -          
[160.594s][info][gc          ] GC(98) Garbage Collection (Proactive) 530M(26%)->36M(2%)
[162.476s][info][gc,start    ] GC(99) Garbage Collection (Proactive)
[162.476s][info][gc,task     ] GC(99) Using 12 workers
[162.476s][info][gc,phases   ] GC(99) Pause Mark Start 0.019ms
[162.491s][info][gc,phases   ] GC(99) Concurrent Mark 15.201ms
[162.492s][info][gc,phases   ] GC(99) Pause Mark End 0.025ms
[162.492s][info][gc,phases   ] GC(99) Concurrent Mark Free 0.001ms
[162.493s][info][gc,phases   ] GC(99) Concurrent Process Non-Strong References 1.043ms
[162.493s][info][gc,phases   ] GC(99) Concurrent Reset Relocation Set 0.012ms
[162.497s][info][gc,phases   ] GC(99) Concurrent Select Relocation Set 3.781ms
[162.497s][info][gc,phases   ] GC(99) Pause Relocate Start 0.009ms
[162.500s][info][gc,phases   ] GC(99) Concurrent Relocate 3.475ms
[162.501s][info][gc,load     ] GC(99) Load: 0.00/0.00/0.00
[162.501s][info][gc,mmu      ] GC(99) MMU: 2ms/98.4%, 5ms/99.4%, 10ms/99.6%, 20ms/99.7%, 50ms/99.8%, 100ms/99.9%
[162.501s][info][gc,marking  ] GC(99) Mark: 8 stripe(s), 5 proactive flush(es), 1 terminate flush(es), 0 completion(s), 0 continuation(s) 
[162.501s][info][gc,marking  ] GC(99) Mark Stack Usage: 32M
[162.501s][info][gc,nmethod  ] GC(99) NMethods: 1975 registered, 376 unregistered
[162.501s][info][gc,metaspace] GC(99) Metaspace: 9M used, 9M committed, 1088M reserved
[162.501s][info][gc,ref      ] GC(99) Soft: 214 encountered, 0 discovered, 0 enqueued
[162.501s][info][gc,ref      ] GC(99) Weak: 806 encountered, 80 discovered, 0 enqueued
[162.501s][info][gc,ref      ] GC(99) Final: 0 encountered, 0 discovered, 0 enqueued
[162.501s][info][gc,ref      ] GC(99) Phantom: 27 encountered, 23 discovered, 0 enqueued
[162.501s][info][gc,reloc    ] GC(99) Small Pages: 323 / 646M, Empty: 508M, Relocated: 4M, In-Place: 0
[162.501s][info][gc,reloc    ] GC(99) Medium Pages: 0 / 0M, Empty: 0M, Relocated: 0M, In-Place: 0
[162.501s][info][gc,reloc    ] GC(99) Large Pages: 0 / 0M, Empty: 0M, Relocated: 0M, In-Place: 0
[162.501s][info][gc,reloc    ] GC(99) Forwarding Usage: 2M
[162.501s][info][gc,heap     ] GC(99) Min Capacity: 8M(0%)
[162.501s][info][gc,heap     ] GC(99) Max Capacity: 2048M(100%)
[162.501s][info][gc,heap     ] GC(99) Soft Max Capacity: 2048M(100%)
[162.501s][info][gc,heap     ] GC(99)                Mark Start          Mark End        Relocate Start      Relocate End           High               Low         
[162.501s][info][gc,heap     ] GC(99)  Capacity:     2048M (100%)       2048M (100%)       2048M (100%)       2048M (100%)       2048M (100%)       2048M (100%)   
[162.501s][info][gc,heap     ] GC(99)      Free:     1402M (68%)        1396M (68%)        1902M (93%)        2014M (98%)        2014M (98%)        1396M (68%)    
[162.501s][info][gc,heap     ] GC(99)      Used:      646M (32%)         652M (32%)         146M (7%)           34M (2%)          652M (32%)          34M (2%)     
[162.501s][info][gc,heap     ] GC(99)      Live:         -                 6M (0%)            6M (0%)            6M (0%)             -                  -          
[162.501s][info][gc,heap     ] GC(99) Allocated:         -                 6M (0%)            8M (0%)            7M (0%)             -                  -          
[162.501s][info][gc,heap     ] GC(99)   Garbage:         -               639M (31%)         131M (6%)           19M (1%)             -                  -          
[162.501s][info][gc,heap     ] GC(99) Reclaimed:         -                  -               508M (25%)         619M (30%)            -                  -          
[162.501s][info][gc          ] GC(99) Garbage Collection (Proactive) 646M(32%)->34M(2%)
[164.179s][info][gc,start    ] GC(100) Garbage Collection (Proactive)
[164.179s][info][gc,task     ] GC(100) Using 12 workers
[164.179s][info][gc,phases   ] GC(100) Pause Mark Start 0.018ms
[164.194s][info][gc,phases   ] GC(100) Concurrent Mark 15.178ms
[164.194s][info][gc,phases   ] GC(100) Pause Mark End 0.023ms
[164.195s][info][gc,phases   ] GC(100) Concurrent Mark Free 0.001ms
[164.196s][info][gc,phases   ] GC(100) Concurrent Process Non-Strong References 0.962ms
[164.196s][info][gc,phases   ] GC(100) Concurrent Reset Relocation Set 0.010ms
[164.199s][info][gc,phases   ] GC(100) Concurrent Select Relocation Set 3.591ms
[164.199s][info][gc,phases   ] GC(100) Pause Relocate Start 0.008ms
[164.203s][info][gc,phases   ] GC(100) Concurrent Relocate 3.551ms
[164.203s][info][gc,load     ] GC(100) Load: 0.00/0.00/0.00
[164.203s][info][gc,mmu      ] GC(100) MMU: 2ms/98.4%, 5ms/99.4%, 10ms/99.6%, 20ms/99.7%, 50ms/99.8%, 100ms/99.9%
[164.203s][info][gc,marking  ] GC(100) Mark: 8 stripe(s), 2 proactive flush(es), 1 terminate flush(es), 0 completion(s), 0 continuation(s) 
[164.203s][info][gc,marking  ] GC(100) Mark Stack Usage: 32M
[164.203s][info][gc,nmethod  ] GC(100) NMethods: 1975 registered, 376 unregistered
[164.203s][info][gc,metaspace] GC(100) Metaspace: 9M used, 9M committed, 1088M reserved
[164.203s][info][gc,ref      ] GC(100) Soft: 214 encountered, 0 discovered, 0 enqueued
[164.203s][info][gc,ref      ] GC(100) Weak: 806 encountered, 27 discovered, 0 enqueued
[164.203s][info][gc,ref      ] GC(100) Final: 0 encountered, 0 discovered, 0 enqueued
[164.203s][info][gc,ref      ] GC(100) Phantom: 27 encountered, 23 discovered, 0 enqueued
[164.203s][info][gc,reloc    ] GC(100) Small Pages: 279 / 558M, Empty: 436M, Relocated: 4M, In-Place: 0
[164.203s][info][gc,reloc    ] GC(100) Medium Pages: 0 / 0M, Empty: 0M, Relocated: 0M, In-Place: 0
[164.203s][info][gc,reloc    ] GC(100) Large Pages: 0 / 0M, Empty: 0M, Relocated: 0M, In-Place: 0
[164.203s][info][gc,reloc    ] GC(100) Forwarding Usage: 1M
[164.203s][info][gc,heap     ] GC(100) Min Capacity: 8M(0%)
[164.204s][info][gc,heap     ] GC(100) Max Capacity: 2048M(100%)
[164.204s][info][gc,heap     ] GC(100) Soft Max Capacity: 2048M(100%)
[164.204s][info][gc,heap     ] GC(100)                Mark Start          Mark End        Relocate Start      Relocate End           High               Low         
[164.204s][info][gc,heap     ] GC(100)  Capacity:     2048M (100%)       2048M (100%)       2048M (100%)       2048M (100%)       2048M (100%)       2048M (100%)   
[164.204s][info][gc,heap     ] GC(100)      Free:     1490M (73%)        1484M (72%)        1918M (94%)        2012M (98%)        2012M (98%)        1482M (72%)    
[164.204s][info][gc,heap     ] GC(100)      Used:      558M (27%)         564M (28%)         130M (6%)           36M (2%)          566M (28%)          36M (2%)     
[164.204s][info][gc,heap     ] GC(100)      Live:         -                 6M (0%)            6M (0%)            6M (0%)             -                  -          
[164.204s][info][gc,heap     ] GC(100) Allocated:         -                 6M (0%)            8M (0%)            9M (0%)             -                  -          
[164.204s][info][gc,heap     ] GC(100)   Garbage:         -               551M (27%)         115M (6%)           19M (1%)             -                  -          
[164.204s][info][gc,heap     ] GC(100) Reclaimed:         -                  -               436M (21%)         531M (26%)            -                  -          
[164.204s][info][gc          ] GC(100) Garbage Collection (Proactive) 558M(27%)->36M(2%)
[165.678s][info][gc,start    ] GC(101) Garbage Collection (Proactive)
[165.678s][info][gc,task     ] GC(101) Using 12 workers
[165.678s][info][gc,phases   ] GC(101) Pause Mark Start 0.018ms
[165.694s][info][gc,phases   ] GC(101) Concurrent Mark 15.232ms
[165.694s][info][gc,phases   ] GC(101) Pause Mark End 0.023ms
[165.694s][info][gc,phases   ] GC(101) Concurrent Mark Free 0.001ms
[165.695s][info][gc,phases   ] GC(101) Concurrent Process Non-Strong References 0.990ms
[165.695s][info][gc,phases   ] GC(101) Concurrent Reset Relocation Set 0.009ms
[165.702s][info][gc,phases   ] GC(101) Concurrent Select Relocation Set 7.230ms
[165.703s][info][gc,phases   ] GC(101) Pause Relocate Start 0.008ms
[165.706s][info][gc,phases   ] GC(101) Concurrent Relocate 3.360ms
[165.706s][info][gc,load     ] GC(101) Load: 0.00/0.00/0.00
[165.706s][info][gc,mmu      ] GC(101) MMU: 2ms/98.4%, 5ms/99.4%, 10ms/99.6%, 20ms/99.7%, 50ms/99.8%, 100ms/99.9%
[165.706s][info][gc,marking  ] GC(101) Mark: 8 stripe(s), 4 proactive flush(es), 1 terminate flush(es), 0 completion(s), 0 continuation(s) 
[165.706s][info][gc,marking  ] GC(101) Mark Stack Usage: 32M
[165.706s][info][gc,nmethod  ] GC(101) NMethods: 1975 registered, 376 unregistered
[165.706s][info][gc,metaspace] GC(101) Metaspace: 9M used, 9M committed, 1088M reserved
[165.706s][info][gc,ref      ] GC(101) Soft: 214 encountered, 0 discovered, 0 enqueued
[165.706s][info][gc,ref      ] GC(101) Weak: 806 encountered, 24 discovered, 0 enqueued
[165.706s][info][gc,ref      ] GC(101) Final: 0 encountered, 0 discovered, 0 enqueued
[165.706s][info][gc,ref      ] GC(101) Phantom: 27 encountered, 22 discovered, 0 enqueued
[165.706s][info][gc,reloc    ] GC(101) Small Pages: 256 / 512M, Empty: 414M, Relocated: 4M, In-Place: 0
[165.707s][info][gc,reloc    ] GC(101) Medium Pages: 0 / 0M, Empty: 0M, Relocated: 0M, In-Place: 0
[165.707s][info][gc,reloc    ] GC(101) Large Pages: 0 / 0M, Empty: 0M, Relocated: 0M, In-Place: 0
[165.707s][info][gc,reloc    ] GC(101) Forwarding Usage: 2M
[165.707s][info][gc,heap     ] GC(101) Min Capacity: 8M(0%)
[165.707s][info][gc,heap     ] GC(101) Max Capacity: 2048M(100%)
[165.707s][info][gc,heap     ] GC(101) Soft Max Capacity: 2048M(100%)
[165.707s][info][gc,heap     ] GC(101)                Mark Start          Mark End        Relocate Start      Relocate End           High               Low         
[165.707s][info][gc,heap     ] GC(101)  Capacity:     2048M (100%)       2048M (100%)       2048M (100%)       2048M (100%)       2048M (100%)       2048M (100%)   
[165.707s][info][gc,heap     ] GC(101)      Free:     1536M (75%)        1530M (75%)        1942M (95%)        2012M (98%)        2012M (98%)        1530M (75%)    
[165.707s][info][gc,heap     ] GC(101)      Used:      512M (25%)         518M (25%)         106M (5%)           36M (2%)          518M (25%)          36M (2%)     
[165.707s][info][gc,heap     ] GC(101)      Live:         -                 6M (0%)            6M (0%)            6M (0%)             -                  -          
[165.707s][info][gc,heap     ] GC(101) Allocated:         -                 6M (0%)            8M (0%)            9M (0%)             -                  -          
[165.707s][info][gc,heap     ] GC(101)   Garbage:         -               505M (25%)          91M (4%)           19M (1%)             -                  -          
[165.707s][info][gc,heap     ] GC(101) Reclaimed:         -                  -               414M (20%)         485M (24%)            -                  -          
[165.707s][info][gc          ] GC(101) Garbage Collection (Proactive) 512M(25%)->36M(2%)
[165.786s][info][gc,start    ] GC(102) Garbage Collection (System.gc())
[165.786s][info][gc,task     ] GC(102) Using 12 workers
[165.787s][info][gc,phases   ] GC(102) Pause Mark Start 0.015ms
[165.803s][info][gc,phases   ] GC(102) Concurrent Mark 16.482ms
[165.803s][info][gc,phases   ] GC(102) Pause Mark End 0.018ms
[165.803s][info][gc,phases   ] GC(102) Concurrent Mark Free 0.001ms
[165.804s][info][gc,phases   ] GC(102) Concurrent Process Non-Strong References 0.896ms
[165.804s][info][gc,phases   ] GC(102) Concurrent Reset Relocation Set 0.008ms
[165.808s][info][gc,phases   ] GC(102) Concurrent Select Relocation Set 3.908ms
[165.808s][info][gc,phases   ] GC(102) Pause Relocate Start 0.006ms
[165.811s][info][gc,phases   ] GC(102) Concurrent Relocate 2.923ms
[165.811s][info][gc,load     ] GC(102) Load: 0.00/0.00/0.00
[165.812s][info][gc,mmu      ] GC(102) MMU: 2ms/98.4%, 5ms/99.4%, 10ms/99.6%, 20ms/99.7%, 50ms/99.8%, 100ms/99.9%
[165.812s][info][gc,marking  ] GC(102) Mark: 8 stripe(s), 1 proactive flush(es), 1 terminate flush(es), 0 completion(s), 0 continuation(s) 
[165.812s][info][gc,marking  ] GC(102) Mark Stack Usage: 32M
[165.812s][info][gc,nmethod  ] GC(102) NMethods: 1978 registered, 376 unregistered
[165.812s][info][gc,metaspace] GC(102) Metaspace: 9M used, 9M committed, 1088M reserved
[165.812s][info][gc,ref      ] GC(102) Soft: 214 encountered, 0 discovered, 0 enqueued
[165.812s][info][gc,ref      ] GC(102) Weak: 806 encountered, 90 discovered, 0 enqueued
[165.812s][info][gc,ref      ] GC(102) Final: 0 encountered, 0 discovered, 0 enqueued
[165.812s][info][gc,ref      ] GC(102) Phantom: 27 encountered, 18 discovered, 0 enqueued
[165.812s][info][gc,reloc    ] GC(102) Small Pages: 29 / 58M, Empty: 36M, Relocated: 3M, In-Place: 0
[165.812s][info][gc,reloc    ] GC(102) Medium Pages: 0 / 0M, Empty: 0M, Relocated: 0M, In-Place: 0
[165.812s][info][gc,reloc    ] GC(102) Large Pages: 0 / 0M, Empty: 0M, Relocated: 0M, In-Place: 0
[165.812s][info][gc,reloc    ] GC(102) Forwarding Usage: 1M
[165.812s][info][gc,heap     ] GC(102) Min Capacity: 8M(0%)
[165.812s][info][gc,heap     ] GC(102) Max Capacity: 2048M(100%)
[165.812s][info][gc,heap     ] GC(102) Soft Max Capacity: 2048M(100%)
[165.812s][info][gc,heap     ] GC(102)                Mark Start          Mark End        Relocate Start      Relocate End           High               Low         
[165.812s][info][gc,heap     ] GC(102)  Capacity:     2048M (100%)       2048M (100%)       2048M (100%)       2048M (100%)       2048M (100%)       2048M (100%)   
[165.812s][info][gc,heap     ] GC(102)      Free:     1990M (97%)        1990M (97%)        2026M (99%)        2026M (99%)        2026M (99%)        1990M (97%)    
[165.812s][info][gc,heap     ] GC(102)      Used:       58M (3%)           58M (3%)           22M (1%)           22M (1%)           58M (3%)           22M (1%)     
[165.812s][info][gc,heap     ] GC(102)      Live:         -                 4M (0%)            4M (0%)            4M (0%)             -                  -          
[165.812s][info][gc,heap     ] GC(102) Allocated:         -                 0M (0%)            0M (0%)            0M (0%)             -                  -          
[165.812s][info][gc,heap     ] GC(102)   Garbage:         -                53M (3%)           17M (1%)           17M (1%)             -                  -          
[165.812s][info][gc,heap     ] GC(102) Reclaimed:         -                  -                36M (2%)           36M (2%)             -                  -          
[165.812s][info][gc          ] GC(102) Garbage Collection (System.gc()) 58M(3%)->22M(1%)
[167.365s][info][gc,start    ] GC(103) Garbage Collection (Proactive)
[167.365s][info][gc,task     ] GC(103) Using 12 workers
[167.366s][info][gc,phases   ] GC(103) Pause Mark Start 0.018ms
[167.381s][info][gc,phases   ] GC(103) Concurrent Mark 15.174ms
[167.381s][info][gc,phases   ] GC(103) Pause Mark End 0.024ms
[167.381s][info][gc,phases   ] GC(103) Concurrent Mark Free 0.001ms
[167.382s][info][gc,phases   ] GC(103) Concurrent Process Non-Strong References 0.985ms
[167.382s][info][gc,phases   ] GC(103) Concurrent Reset Relocation Set 0.003ms
[167.389s][info][gc,phases   ] GC(103) Concurrent Select Relocation Set 6.806ms
[167.389s][info][gc,phases   ] GC(103) Pause Relocate Start 0.008ms
[167.393s][info][gc,phases   ] GC(103) Concurrent Relocate 3.339ms
[167.393s][info][gc,load     ] GC(103) Load: 0.00/0.00/0.00
[167.393s][info][gc,mmu      ] GC(103) MMU: 2ms/98.4%, 5ms/99.4%, 10ms/99.6%, 20ms/99.7%, 50ms/99.8%, 100ms/99.9%
[167.393s][info][gc,marking  ] GC(103) Mark: 8 stripe(s), 2 proactive flush(es), 1 terminate flush(es), 0 completion(s), 0 continuation(s) 
[167.393s][info][gc,marking  ] GC(103) Mark Stack Usage: 32M
[167.393s][info][gc,nmethod  ] GC(103) NMethods: 1978 registered, 376 unregistered
[167.393s][info][gc,metaspace] GC(103) Metaspace: 9M used, 9M committed, 1088M reserved
[167.393s][info][gc,ref      ] GC(103) Soft: 214 encountered, 0 discovered, 0 enqueued
[167.393s][info][gc,ref      ] GC(103) Weak: 806 encountered, 182 discovered, 0 enqueued
[167.393s][info][gc,ref      ] GC(103) Final: 0 encountered, 0 discovered, 0 enqueued
[167.393s][info][gc,ref      ] GC(103) Phantom: 27 encountered, 23 discovered, 0 enqueued
[167.393s][info][gc,reloc    ] GC(103) Small Pages: 249 / 498M, Empty: 342M, Relocated: 4M, In-Place: 0
[167.393s][info][gc,reloc    ] GC(103) Medium Pages: 0 / 0M, Empty: 0M, Relocated: 0M, In-Place: 0
[167.393s][info][gc,reloc    ] GC(103) Large Pages: 0 / 0M, Empty: 0M, Relocated: 0M, In-Place: 0
[167.393s][info][gc,reloc    ] GC(103) Forwarding Usage: 2M
[167.393s][info][gc,heap     ] GC(103) Min Capacity: 8M(0%)
[167.393s][info][gc,heap     ] GC(103) Max Capacity: 2048M(100%)
[167.393s][info][gc,heap     ] GC(103) Soft Max Capacity: 2048M(100%)
[167.393s][info][gc,heap     ] GC(103)                Mark Start          Mark End        Relocate Start      Relocate End           High               Low         
[167.393s][info][gc,heap     ] GC(103)  Capacity:     2048M (100%)       2048M (100%)       2048M (100%)       2048M (100%)       2048M (100%)       2048M (100%)   
[167.393s][info][gc,heap     ] GC(103)      Free:     1550M (76%)        1544M (75%)        1882M (92%)        2012M (98%)        2012M (98%)        1542M (75%)    
[167.393s][info][gc,heap     ] GC(103)      Used:      498M (24%)         504M (25%)         166M (8%)           36M (2%)          506M (25%)          36M (2%)     
[167.393s][info][gc,heap     ] GC(103)      Live:         -                 6M (0%)            6M (0%)            6M (0%)             -                  -          
[167.393s][info][gc,heap     ] GC(103) Allocated:         -                 6M (0%)           10M (0%)            9M (0%)             -                  -          
[167.394s][info][gc,heap     ] GC(103)   Garbage:         -               491M (24%)         149M (7%)           19M (1%)             -                  -          
[167.394s][info][gc,heap     ] GC(103) Reclaimed:         -                  -               342M (17%)         471M (23%)            -                  -          
[167.394s][info][gc          ] GC(103) Garbage Collection (Proactive) 498M(24%)->36M(2%)
[168.974s][info][gc,start    ] GC(104) Garbage Collection (Proactive)
[168.974s][info][gc,task     ] GC(104) Using 12 workers
[168.975s][info][gc,phases   ] GC(104) Pause Mark Start 0.018ms
[168.990s][info][gc,phases   ] GC(104) Concurrent Mark 15.226ms
[168.990s][info][gc,phases   ] GC(104) Pause Mark End 0.024ms
[168.990s][info][gc,phases   ] GC(104) Concurrent Mark Free 0.001ms
[168.991s][info][gc,phases   ] GC(104) Concurrent Process Non-Strong References 1.044ms
[168.991s][info][gc,phases   ] GC(104) Concurrent Reset Relocation Set 0.010ms
[168.995s][info][gc,phases   ] GC(104) Concurrent Select Relocation Set 3.848ms
[168.995s][info][gc,phases   ] GC(104) Pause Relocate Start 0.010ms
[168.999s][info][gc,phases   ] GC(104) Concurrent Relocate 3.417ms
[168.999s][info][gc,load     ] GC(104) Load: 0.00/0.00/0.00
[168.999s][info][gc,mmu      ] GC(104) MMU: 2ms/98.4%, 5ms/99.4%, 10ms/99.6%, 20ms/99.7%, 50ms/99.8%, 100ms/99.9%
[168.999s][info][gc,marking  ] GC(104) Mark: 8 stripe(s), 2 proactive flush(es), 1 terminate flush(es), 0 completion(s), 0 continuation(s) 
[168.999s][info][gc,marking  ] GC(104) Mark Stack Usage: 32M
[168.999s][info][gc,nmethod  ] GC(104) NMethods: 1978 registered, 376 unregistered
[168.999s][info][gc,metaspace] GC(104) Metaspace: 9M used, 9M committed, 1088M reserved
[168.999s][info][gc,ref      ] GC(104) Soft: 214 encountered, 0 discovered, 0 enqueued
[168.999s][info][gc,ref      ] GC(104) Weak: 806 encountered, 14 discovered, 0 enqueued
[168.999s][info][gc,ref      ] GC(104) Final: 0 encountered, 0 discovered, 0 enqueued
[168.999s][info][gc,ref      ] GC(104) Phantom: 27 encountered, 22 discovered, 0 enqueued
[168.999s][info][gc,reloc    ] GC(104) Small Pages: 272 / 544M, Empty: 476M, Relocated: 4M, In-Place: 0
[168.999s][info][gc,reloc    ] GC(104) Medium Pages: 0 / 0M, Empty: 0M, Relocated: 0M, In-Place: 0
[168.999s][info][gc,reloc    ] GC(104) Large Pages: 0 / 0M, Empty: 0M, Relocated: 0M, In-Place: 0
[168.999s][info][gc,reloc    ] GC(104) Forwarding Usage: 2M
[168.999s][info][gc,heap     ] GC(104) Min Capacity: 8M(0%)
[168.999s][info][gc,heap     ] GC(104) Max Capacity: 2048M(100%)
[168.999s][info][gc,heap     ] GC(104) Soft Max Capacity: 2048M(100%)
[168.999s][info][gc,heap     ] GC(104)                Mark Start          Mark End        Relocate Start      Relocate End           High               Low         
[168.999s][info][gc,heap     ] GC(104)  Capacity:     2048M (100%)       2048M (100%)       2048M (100%)       2048M (100%)       2048M (100%)       2048M (100%)   
[169.000s][info][gc,heap     ] GC(104)      Free:     1504M (73%)        1498M (73%)        1972M (96%)        2014M (98%)        2014M (98%)        1498M (73%)    
[169.000s][info][gc,heap     ] GC(104)      Used:      544M (27%)         550M (27%)          76M (4%)           34M (2%)          550M (27%)          34M (2%)     
[169.000s][info][gc,heap     ] GC(104)      Live:         -                 6M (0%)            6M (0%)            6M (0%)             -                  -          
[169.000s][info][gc,heap     ] GC(104) Allocated:         -                 6M (0%)            8M (0%)            7M (0%)             -                  -          
[169.000s][info][gc,heap     ] GC(104)   Garbage:         -               537M (26%)          61M (3%)           19M (1%)             -                  -          
[169.000s][info][gc,heap     ] GC(104) Reclaimed:         -                  -               476M (23%)         517M (25%)            -                  -          
[169.000s][info][gc          ] GC(104) Garbage Collection (Proactive) 544M(27%)->34M(2%)
[170.177s][info][gc,stats    ] === Garbage Collection Statistics =======================================================================================================================
[170.177s][info][gc,stats    ]                                                              Last 10s              Last 10m              Last 10h                Total
[170.177s][info][gc,stats    ]                                                              Avg / Max             Avg / Max             Avg / Max             Avg / Max
[170.177s][info][gc,stats    ]   Collector: Garbage Collection Cycle                     26.045 / 27.991       26.194 / 57.424       26.194 / 57.424       26.194 / 57.424      ms
[170.177s][info][gc,stats    ]  Contention: Mark Segment Reset Contention                     2 / 13                1 / 13                1 / 13                1 / 13          ops/s
[170.177s][info][gc,stats    ]  Contention: Mark SeqNum Reset Contention                      0 / 1                 0 / 2                 0 / 2                 0 / 2           ops/s
[170.177s][info][gc,stats    ]    Critical: Allocation Stall                                  0 / 0                 0 / 0                 0 / 0                 0 / 0           ops/s
[170.177s][info][gc,stats    ]    Critical: Allocation Stall                              0.000 / 0.000         0.000 / 0.000         0.000 / 0.000         0.000 / 0.000       ms
[170.177s][info][gc,stats    ]    Critical: GC Locker Stall                                   0 / 0                 0 / 0                 0 / 0                 0 / 0           ops/s
[170.177s][info][gc,stats    ]    Critical: GC Locker Stall                               0.000 / 0.000         0.000 / 0.000         0.000 / 0.000         0.000 / 0.000       ms
[170.178s][info][gc,stats    ]    Critical: Relocation Stall                                  0 / 0                 0 / 0                 0 / 0                 0 / 0           ops/s
[170.178s][info][gc,stats    ]    Critical: Relocation Stall                              0.000 / 0.000         0.000 / 0.000         0.000 / 0.000         0.000 / 0.000       ms
[170.178s][info][gc,stats    ]      Memory: Allocation Rate                                 320 / 332             319 / 342             319 / 342             319 / 342         MB/s
[170.178s][info][gc,stats    ]      Memory: Defragment                                        0 / 0                 0 / 0                 0 / 0                 0 / 0           ops/s
[170.178s][info][gc,stats    ]      Memory: Out Of Memory                                     0 / 0                 0 / 0                 0 / 0                 0 / 0           ops/s
[170.178s][info][gc,stats    ]      Memory: Page Cache Flush                                  0 / 0                 0 / 0                 0 / 0                 0 / 0           MB/s
[170.178s][info][gc,stats    ]      Memory: Page Cache Hit L1                               168 / 178             161 / 182             161 / 182             161 / 182         ops/s
[170.178s][info][gc,stats    ]      Memory: Page Cache Hit L2                                 0 / 0                 0 / 0                 0 / 0                 0 / 0           ops/s
[170.178s][info][gc,stats    ]      Memory: Page Cache Hit L3                                 0 / 0                 4 / 145               4 / 145               4 / 145         ops/s
[170.178s][info][gc,stats    ]      Memory: Page Cache Miss                                   0 / 0                 0 / 1                 0 / 1                 0 / 1           ops/s
[170.178s][info][gc,stats    ]      Memory: Uncommit                                          0 / 0                 0 / 0                 0 / 0                 0 / 0           MB/s
[170.178s][info][gc,stats    ]      Memory: Undo Object Allocation Failed                     0 / 2                 0 / 5                 0 / 5                 0 / 5           ops/s
[170.178s][info][gc,stats    ]      Memory: Undo Object Allocation Succeeded                  0 / 3                 0 / 4                 0 / 4                 0 / 4           ops/s
[170.178s][info][gc,stats    ]      Memory: Undo Page Allocation                              1 / 4                 1 / 6                 1 / 6                 1 / 6           ops/s
[170.178s][info][gc,stats    ]       Phase: Concurrent Mark                              15.382 / 16.482       14.838 / 30.725       14.838 / 30.725       14.838 / 30.725      ms
[170.178s][info][gc,stats    ]       Phase: Concurrent Mark Continue                      0.000 / 0.000         0.000 / 0.000         0.000 / 0.000         0.000 / 0.000       ms
[170.178s][info][gc,stats    ]       Phase: Concurrent Mark Free                          0.001 / 0.001         0.001 / 0.002         0.001 / 0.002         0.001 / 0.002       ms
[170.178s][info][gc,stats    ]       Phase: Concurrent Process Non-Strong References      0.992 / 1.044         1.006 / 5.203         1.006 / 5.203         1.006 / 5.203       ms
[170.178s][info][gc,stats    ]       Phase: Concurrent Relocate                           3.340 / 3.551         3.267 / 4.452         3.267 / 4.452         3.267 / 4.452       ms
[170.178s][info][gc,stats    ]       Phase: Concurrent Reset Relocation Set               0.008 / 0.012         0.008 / 0.016         0.008 / 0.016         0.008 / 0.016       ms
[170.178s][info][gc,stats    ]       Phase: Concurrent Select Relocation Set              5.166 / 7.230         5.457 / 15.037        5.457 / 15.037        5.457 / 15.037      ms
[170.178s][info][gc,stats    ]       Phase: Pause Mark End                                0.023 / 0.025         0.023 / 0.032         0.023 / 0.032         0.023 / 0.032       ms
[170.178s][info][gc,stats    ]       Phase: Pause Mark Start                              0.018 / 0.019         0.018 / 0.030         0.018 / 0.030         0.018 / 0.030       ms
[170.179s][info][gc,stats    ]       Phase: Pause Relocate Start                          0.008 / 0.010         0.009 / 0.011         0.009 / 0.011         0.009 / 0.011       ms
[170.179s][info][gc,stats    ]    Subphase: Concurrent Classes Purge                      0.005 / 0.005         0.029 / 0.832         0.029 / 0.832         0.029 / 0.832       ms
[170.179s][info][gc,stats    ]    Subphase: Concurrent Classes Unlink                     0.680 / 0.723         0.676 / 4.025         0.676 / 4.025         0.676 / 4.025       ms
[170.179s][info][gc,stats    ]    Subphase: Concurrent Mark                              13.631 / 15.439       12.933 / 23.255       12.933 / 23.255       12.933 / 23.255      ms
[170.179s][info][gc,stats    ]    Subphase: Concurrent Mark Try Flush                     0.067 / 0.108         0.070 / 0.200         0.070 / 0.200         0.070 / 0.200       ms
[170.179s][info][gc,stats    ]    Subphase: Concurrent Mark Try Terminate                 8.567 / 13.327        7.979 / 16.635        7.979 / 16.635        7.979 / 16.635      ms
[170.179s][info][gc,stats    ]    Subphase: Concurrent References Enqueue                 0.000 / 0.000         0.001 / 0.004         0.001 / 0.004         0.001 / 0.004       ms
[170.179s][info][gc,stats    ]    Subphase: Concurrent References Process                 0.046 / 0.062         0.046 / 0.075         0.046 / 0.075         0.046 / 0.075       ms
[170.179s][info][gc,stats    ]    Subphase: Concurrent Roots ClassLoaderDataGraph         0.089 / 0.658         0.088 / 0.967         0.088 / 0.967         0.088 / 0.967       ms
[170.179s][info][gc,stats    ]    Subphase: Concurrent Roots CodeCache                    0.000 / 0.000         0.000 / 0.000         0.000 / 0.000         0.000 / 0.000       ms
[170.179s][info][gc,stats    ]    Subphase: Concurrent Roots JavaThreads                  0.514 / 1.037         0.541 / 7.350         0.541 / 7.350         0.541 / 7.350       ms
[170.179s][info][gc,stats    ]    Subphase: Concurrent Roots OopStorageSet                0.018 / 0.061         0.019 / 0.273         0.019 / 0.273         0.019 / 0.273       ms
[170.179s][info][gc,stats    ]    Subphase: Concurrent Weak Roots OopStorageSet           0.138 / 0.164         0.134 / 0.165         0.134 / 0.165         0.134 / 0.165       ms
[170.179s][info][gc,stats    ]    Subphase: Pause Mark Try Complete                       0.000 / 0.000         0.000 / 0.000         0.000 / 0.000         0.000 / 0.000       ms
[170.179s][info][gc,stats    ]      System: Java Threads                                     35 / 35               32 / 37               32 / 37               32 / 37          threads
[170.179s][info][gc,stats    ] =========================================================================================================================================================
[170.474s][info][gc,start    ] GC(105) Garbage Collection (Proactive)
[170.474s][info][gc,task     ] GC(105) Using 12 workers
[170.474s][info][gc,phases   ] GC(105) Pause Mark Start 0.018ms
[170.490s][info][gc,phases   ] GC(105) Concurrent Mark 15.195ms
[170.490s][info][gc,phases   ] GC(105) Pause Mark End 0.024ms
[170.490s][info][gc,phases   ] GC(105) Concurrent Mark Free 0.001ms
[170.491s][info][gc,phases   ] GC(105) Concurrent Process Non-Strong References 1.039ms
[170.491s][info][gc,phases   ] GC(105) Concurrent Reset Relocation Set 0.006ms
[170.495s][info][gc,phases   ] GC(105) Concurrent Select Relocation Set 3.874ms
[170.495s][info][gc,phases   ] GC(105) Pause Relocate Start 0.010ms
[170.499s][info][gc,phases   ] GC(105) Concurrent Relocate 3.444ms
[170.499s][info][gc,load     ] GC(105) Load: 0.00/0.00/0.00
[170.499s][info][gc,mmu      ] GC(105) MMU: 2ms/98.4%, 5ms/99.4%, 10ms/99.6%, 20ms/99.7%, 50ms/99.8%, 100ms/99.9%
[170.499s][info][gc,marking  ] GC(105) Mark: 8 stripe(s), 2 proactive flush(es), 1 terminate flush(es), 0 completion(s), 0 continuation(s) 
[170.499s][info][gc,marking  ] GC(105) Mark Stack Usage: 32M
[170.499s][info][gc,nmethod  ] GC(105) NMethods: 1978 registered, 376 unregistered
[170.499s][info][gc,metaspace] GC(105) Metaspace: 9M used, 9M committed, 1088M reserved
[170.499s][info][gc,ref      ] GC(105) Soft: 214 encountered, 0 discovered, 0 enqueued
[170.499s][info][gc,ref      ] GC(105) Weak: 806 encountered, 150 discovered, 0 enqueued
[170.499s][info][gc,ref      ] GC(105) Final: 0 encountered, 0 discovered, 0 enqueued
[170.499s][info][gc,ref      ] GC(105) Phantom: 27 encountered, 23 discovered, 0 enqueued
[170.499s][info][gc,reloc    ] GC(105) Small Pages: 254 / 508M, Empty: 384M, Relocated: 4M, In-Place: 0
[170.499s][info][gc,reloc    ] GC(105) Medium Pages: 0 / 0M, Empty: 0M, Relocated: 0M, In-Place: 0
[170.499s][info][gc,reloc    ] GC(105) Large Pages: 0 / 0M, Empty: 0M, Relocated: 0M, In-Place: 0
[170.499s][info][gc,reloc    ] GC(105) Forwarding Usage: 2M
[170.499s][info][gc,heap     ] GC(105) Min Capacity: 8M(0%)
[170.499s][info][gc,heap     ] GC(105) Max Capacity: 2048M(100%)
[170.499s][info][gc,heap     ] GC(105) Soft Max Capacity: 2048M(100%)
[170.499s][info][gc,heap     ] GC(105)                Mark Start          Mark End        Relocate Start      Relocate End           High               Low         
[170.499s][info][gc,heap     ] GC(105)  Capacity:     2048M (100%)       2048M (100%)       2048M (100%)       2048M (100%)       2048M (100%)       2048M (100%)   
[170.499s][info][gc,heap     ] GC(105)      Free:     1540M (75%)        1534M (75%)        1916M (94%)        2014M (98%)        2014M (98%)        1534M (75%)    
[170.499s][info][gc,heap     ] GC(105)      Used:      508M (25%)         514M (25%)         132M (6%)           34M (2%)          514M (25%)          34M (2%)     
[170.499s][info][gc,heap     ] GC(105)      Live:         -                 6M (0%)            6M (0%)            6M (0%)             -                  -          
[170.499s][info][gc,heap     ] GC(105) Allocated:         -                 6M (0%)            8M (0%)            7M (0%)             -                  -          
[170.499s][info][gc,heap     ] GC(105)   Garbage:         -               501M (24%)         117M (6%)           19M (1%)             -                  -          
[170.499s][info][gc,heap     ] GC(105) Reclaimed:         -                  -               384M (19%)         481M (24%)            -                  -          
[170.499s][info][gc          ] GC(105) Garbage Collection (Proactive) 508M(25%)->34M(2%)
[171.864s][info][gc,start    ] GC(106) Garbage Collection (Proactive)
[171.864s][info][gc,task     ] GC(106) Using 12 workers
[171.864s][info][gc,phases   ] GC(106) Pause Mark Start 0.018ms
[171.880s][info][gc,phases   ] GC(106) Concurrent Mark 15.149ms
[171.880s][info][gc,phases   ] GC(106) Pause Mark End 0.025ms
[171.880s][info][gc,phases   ] GC(106) Concurrent Mark Free 0.001ms
[171.881s][info][gc,phases   ] GC(106) Concurrent Process Non-Strong References 0.995ms
[171.881s][info][gc,phases   ] GC(106) Concurrent Reset Relocation Set 0.009ms
[171.885s][info][gc,phases   ] GC(106) Concurrent Select Relocation Set 3.759ms
[171.885s][info][gc,phases   ] GC(106) Pause Relocate Start 0.010ms
[171.888s][info][gc,phases   ] GC(106) Concurrent Relocate 3.348ms
[171.888s][info][gc,load     ] GC(106) Load: 0.00/0.00/0.00
[171.889s][info][gc,mmu      ] GC(106) MMU: 2ms/98.4%, 5ms/99.4%, 10ms/99.6%, 20ms/99.7%, 50ms/99.8%, 100ms/99.9%
[171.889s][info][gc,marking  ] GC(106) Mark: 8 stripe(s), 2 proactive flush(es), 1 terminate flush(es), 0 completion(s), 0 continuation(s) 
[171.889s][info][gc,marking  ] GC(106) Mark Stack Usage: 32M
[171.889s][info][gc,nmethod  ] GC(106) NMethods: 1978 registered, 376 unregistered
[171.889s][info][gc,metaspace] GC(106) Metaspace: 9M used, 9M committed, 1088M reserved
[171.889s][info][gc,ref      ] GC(106) Soft: 214 encountered, 0 discovered, 0 enqueued
[171.889s][info][gc,ref      ] GC(106) Weak: 806 encountered, 62 discovered, 0 enqueued
[171.889s][info][gc,ref      ] GC(106) Final: 0 encountered, 0 discovered, 0 enqueued
[171.889s][info][gc,ref      ] GC(106) Phantom: 27 encountered, 24 discovered, 0 enqueued
[171.889s][info][gc,reloc    ] GC(106) Small Pages: 241 / 482M, Empty: 416M, Relocated: 4M, In-Place: 0
[171.889s][info][gc,reloc    ] GC(106) Medium Pages: 0 / 0M, Empty: 0M, Relocated: 0M, In-Place: 0
[171.889s][info][gc,reloc    ] GC(106) Large Pages: 0 / 0M, Empty: 0M, Relocated: 0M, In-Place: 0
[171.889s][info][gc,reloc    ] GC(106) Forwarding Usage: 1M
[171.889s][info][gc,heap     ] GC(106) Min Capacity: 8M(0%)
[171.889s][info][gc,heap     ] GC(106) Max Capacity: 2048M(100%)
[171.889s][info][gc,heap     ] GC(106) Soft Max Capacity: 2048M(100%)
[171.889s][info][gc,heap     ] GC(106)                Mark Start          Mark End        Relocate Start      Relocate End           High               Low         
[171.889s][info][gc,heap     ] GC(106)  Capacity:     2048M (100%)       2048M (100%)       2048M (100%)       2048M (100%)       2048M (100%)       2048M (100%)   
[171.889s][info][gc,heap     ] GC(106)      Free:     1566M (76%)        1560M (76%)        1974M (96%)        2014M (98%)        2014M (98%)        1560M (76%)    
[171.889s][info][gc,heap     ] GC(106)      Used:      482M (24%)         488M (24%)          74M (4%)           34M (2%)          488M (24%)          34M (2%)     
[171.889s][info][gc,heap     ] GC(106)      Live:         -                 6M (0%)            6M (0%)            6M (0%)             -                  -          
[171.889s][info][gc,heap     ] GC(106) Allocated:         -                 6M (0%)            8M (0%)            7M (0%)             -                  -          
[171.889s][info][gc,heap     ] GC(106)   Garbage:         -               475M (23%)          59M (3%)           19M (1%)             -                  -          
[171.889s][info][gc,heap     ] GC(106) Reclaimed:         -                  -               416M (20%)         455M (22%)            -                  -          
[171.889s][info][gc          ] GC(106) Garbage Collection (Proactive) 482M(24%)->34M(2%)
[172.643s][info][gc,start    ] GC(107) Garbage Collection (System.gc())
[172.643s][info][gc,task     ] GC(107) Using 12 workers
[172.643s][info][gc,phases   ] GC(107) Pause Mark Start 0.014ms
[172.652s][info][gc,phases   ] GC(107) Concurrent Mark 8.147ms
[172.652s][info][gc,phases   ] GC(107) Pause Mark End 0.021ms
[172.652s][info][gc,phases   ] GC(107) Concurrent Mark Free 0.001ms
[172.653s][info][gc,phases   ] GC(107) Concurrent Process Non-Strong References 0.907ms
[172.653s][info][gc,phases   ] GC(107) Concurrent Reset Relocation Set 0.006ms
[172.657s][info][gc,phases   ] GC(107) Concurrent Select Relocation Set 3.861ms
[172.657s][info][gc,phases   ] GC(107) Pause Relocate Start 0.006ms
[172.660s][info][gc,phases   ] GC(107) Concurrent Relocate 2.902ms
[172.660s][info][gc,load     ] GC(107) Load: 0.00/0.00/0.00
[172.660s][info][gc,mmu      ] GC(107) MMU: 2ms/98.4%, 5ms/99.4%, 10ms/99.6%, 20ms/99.7%, 50ms/99.8%, 100ms/99.9%
[172.660s][info][gc,marking  ] GC(107) Mark: 8 stripe(s), 1 proactive flush(es), 1 terminate flush(es), 0 completion(s), 0 continuation(s) 
[172.660s][info][gc,marking  ] GC(107) Mark Stack Usage: 32M
[172.660s][info][gc,nmethod  ] GC(107) NMethods: 1978 registered, 376 unregistered
[172.660s][info][gc,metaspace] GC(107) Metaspace: 9M used, 9M committed, 1088M reserved
[172.660s][info][gc,ref      ] GC(107) Soft: 214 encountered, 0 discovered, 0 enqueued
[172.660s][info][gc,ref      ] GC(107) Weak: 806 encountered, 35 discovered, 0 enqueued
[172.660s][info][gc,ref      ] GC(107) Final: 0 encountered, 0 discovered, 0 enqueued
[172.660s][info][gc,ref      ] GC(107) Phantom: 27 encountered, 23 discovered, 0 enqueued
[172.660s][info][gc,reloc    ] GC(107) Small Pages: 135 / 270M, Empty: 250M, Relocated: 3M, In-Place: 0
[172.660s][info][gc,reloc    ] GC(107) Medium Pages: 0 / 0M, Empty: 0M, Relocated: 0M, In-Place: 0
[172.660s][info][gc,reloc    ] GC(107) Large Pages: 0 / 0M, Empty: 0M, Relocated: 0M, In-Place: 0
[172.660s][info][gc,reloc    ] GC(107) Forwarding Usage: 1M
[172.660s][info][gc,heap     ] GC(107) Min Capacity: 8M(0%)
[172.660s][info][gc,heap     ] GC(107) Max Capacity: 2048M(100%)
[172.660s][info][gc,heap     ] GC(107) Soft Max Capacity: 2048M(100%)
[172.660s][info][gc,heap     ] GC(107)                Mark Start          Mark End        Relocate Start      Relocate End           High               Low         
[172.660s][info][gc,heap     ] GC(107)  Capacity:     2048M (100%)       2048M (100%)       2048M (100%)       2048M (100%)       2048M (100%)       2048M (100%)   
[172.660s][info][gc,heap     ] GC(107)      Free:     1778M (87%)        1778M (87%)        2028M (99%)        2028M (99%)        2028M (99%)        1778M (87%)    
[172.660s][info][gc,heap     ] GC(107)      Used:      270M (13%)         270M (13%)          20M (1%)           20M (1%)          270M (13%)          20M (1%)     
[172.661s][info][gc,heap     ] GC(107)      Live:         -                 4M (0%)            4M (0%)            4M (0%)             -                  -          
[172.661s][info][gc,heap     ] GC(107) Allocated:         -                 0M (0%)            0M (0%)            0M (0%)             -                  -          
[172.661s][info][gc,heap     ] GC(107)   Garbage:         -               265M (13%)          15M (1%)           15M (1%)             -                  -          
[172.661s][info][gc,heap     ] GC(107) Reclaimed:         -                  -               250M (12%)         250M (12%)            -                  -          
[172.661s][info][gc          ] GC(107) Garbage Collection (System.gc()) 270M(13%)->20M(1%)
[174.276s][info][gc,start    ] GC(108) Garbage Collection (Proactive)
[174.276s][info][gc,task     ] GC(108) Using 12 workers
[174.276s][info][gc,phases   ] GC(108) Pause Mark Start 0.017ms
[174.291s][info][gc,phases   ] GC(108) Concurrent Mark 15.245ms
[174.292s][info][gc,phases   ] GC(108) Pause Mark End 0.023ms
[174.292s][info][gc,phases   ] GC(108) Concurrent Mark Free 0.002ms
[174.293s][info][gc,phases   ] GC(108) Concurrent Process Non-Strong References 0.966ms
[174.293s][info][gc,phases   ] GC(108) Concurrent Reset Relocation Set 0.002ms
[174.299s][info][gc,phases   ] GC(108) Concurrent Select Relocation Set 6.532ms
[174.299s][info][gc,phases   ] GC(108) Pause Relocate Start 0.009ms
[174.303s][info][gc,phases   ] GC(108) Concurrent Relocate 3.419ms
[174.303s][info][gc,load     ] GC(108) Load: 0.00/0.00/0.00
[174.303s][info][gc,mmu      ] GC(108) MMU: 2ms/98.4%, 5ms/99.4%, 10ms/99.6%, 20ms/99.7%, 50ms/99.8%, 100ms/99.9%
[174.303s][info][gc,marking  ] GC(108) Mark: 8 stripe(s), 2 proactive flush(es), 1 terminate flush(es), 0 completion(s), 0 continuation(s) 
[174.303s][info][gc,marking  ] GC(108) Mark Stack Usage: 32M
[174.303s][info][gc,nmethod  ] GC(108) NMethods: 1981 registered, 376 unregistered
[174.303s][info][gc,metaspace] GC(108) Metaspace: 9M used, 9M committed, 1088M reserved
[174.303s][info][gc,ref      ] GC(108) Soft: 214 encountered, 0 discovered, 0 enqueued
[174.303s][info][gc,ref      ] GC(108) Weak: 806 encountered, 50 discovered, 0 enqueued
[174.303s][info][gc,ref      ] GC(108) Final: 0 encountered, 0 discovered, 0 enqueued
[174.303s][info][gc,ref      ] GC(108) Phantom: 27 encountered, 20 discovered, 0 enqueued
[174.303s][info][gc,reloc    ] GC(108) Small Pages: 271 / 542M, Empty: 354M, Relocated: 4M, In-Place: 0
[174.303s][info][gc,reloc    ] GC(108) Medium Pages: 0 / 0M, Empty: 0M, Relocated: 0M, In-Place: 0
[174.303s][info][gc,reloc    ] GC(108) Large Pages: 0 / 0M, Empty: 0M, Relocated: 0M, In-Place: 0
[174.303s][info][gc,reloc    ] GC(108) Forwarding Usage: 2M
[174.303s][info][gc,heap     ] GC(108) Min Capacity: 8M(0%)
[174.304s][info][gc,heap     ] GC(108) Max Capacity: 2048M(100%)
[174.304s][info][gc,heap     ] GC(108) Soft Max Capacity: 2048M(100%)
[174.304s][info][gc,heap     ] GC(108)                Mark Start          Mark End        Relocate Start      Relocate End           High               Low         
[174.304s][info][gc,heap     ] GC(108)  Capacity:     2048M (100%)       2048M (100%)       2048M (100%)       2048M (100%)       2048M (100%)       2048M (100%)   
[174.304s][info][gc,heap     ] GC(108)      Free:     1506M (74%)        1500M (73%)        1852M (90%)        2012M (98%)        2012M (98%)        1498M (73%)    
[174.304s][info][gc,heap     ] GC(108)      Used:      542M (26%)         548M (27%)         196M (10%)          36M (2%)          550M (27%)          36M (2%)     
[174.304s][info][gc,heap     ] GC(108)      Live:         -                 6M (0%)            6M (0%)            6M (0%)             -                  -          
[174.304s][info][gc,heap     ] GC(108) Allocated:         -                 6M (0%)            8M (0%)            9M (0%)             -                  -          
[174.304s][info][gc,heap     ] GC(108)   Garbage:         -               535M (26%)         181M (9%)           19M (1%)             -                  -          
[174.304s][info][gc,heap     ] GC(108) Reclaimed:         -                  -               354M (17%)         515M (25%)            -                  -          
[174.304s][info][gc          ] GC(108) Garbage Collection (Proactive) 542M(26%)->36M(2%)
[176.267s][info][gc,start    ] GC(109) Garbage Collection (Proactive)
[176.267s][info][gc,task     ] GC(109) Using 12 workers
[176.267s][info][gc,phases   ] GC(109) Pause Mark Start 0.019ms
[176.282s][info][gc,phases   ] GC(109) Concurrent Mark 15.167ms
[176.283s][info][gc,phases   ] GC(109) Pause Mark End 0.020ms
[176.283s][info][gc,phases   ] GC(109) Concurrent Mark Free 0.001ms
[176.284s][info][gc,phases   ] GC(109) Concurrent Process Non-Strong References 0.969ms
[176.284s][info][gc,phases   ] GC(109) Concurrent Reset Relocation Set 0.012ms
[176.291s][info][gc,phases   ] GC(109) Concurrent Select Relocation Set 6.943ms
[176.291s][info][gc,phases   ] GC(109) Pause Relocate Start 0.010ms
[176.294s][info][gc,phases   ] GC(109) Concurrent Relocate 3.403ms
[176.295s][info][gc,load     ] GC(109) Load: 0.00/0.00/0.00
[176.295s][info][gc,mmu      ] GC(109) MMU: 2ms/98.4%, 5ms/99.4%, 10ms/99.6%, 20ms/99.7%, 50ms/99.8%, 100ms/99.9%
[176.295s][info][gc,marking  ] GC(109) Mark: 8 stripe(s), 2 proactive flush(es), 1 terminate flush(es), 0 completion(s), 0 continuation(s) 
[176.295s][info][gc,marking  ] GC(109) Mark Stack Usage: 32M
[176.295s][info][gc,nmethod  ] GC(109) NMethods: 1981 registered, 376 unregistered
[176.295s][info][gc,metaspace] GC(109) Metaspace: 9M used, 9M committed, 1088M reserved
[176.295s][info][gc,ref      ] GC(109) Soft: 214 encountered, 0 discovered, 0 enqueued
[176.295s][info][gc,ref      ] GC(109) Weak: 806 encountered, 116 discovered, 0 enqueued
[176.295s][info][gc,ref      ] GC(109) Final: 0 encountered, 0 discovered, 0 enqueued
[176.295s][info][gc,ref      ] GC(109) Phantom: 27 encountered, 22 discovered, 0 enqueued
[176.295s][info][gc,reloc    ] GC(109) Small Pages: 332 / 664M, Empty: 540M, Relocated: 4M, In-Place: 0
[176.295s][info][gc,reloc    ] GC(109) Medium Pages: 0 / 0M, Empty: 0M, Relocated: 0M, In-Place: 0
[176.295s][info][gc,reloc    ] GC(109) Large Pages: 0 / 0M, Empty: 0M, Relocated: 0M, In-Place: 0
[176.295s][info][gc,reloc    ] GC(109) Forwarding Usage: 2M
[176.295s][info][gc,heap     ] GC(109) Min Capacity: 8M(0%)
[176.295s][info][gc,heap     ] GC(109) Max Capacity: 2048M(100%)
[176.295s][info][gc,heap     ] GC(109) Soft Max Capacity: 2048M(100%)
[176.295s][info][gc,heap     ] GC(109)                Mark Start          Mark End        Relocate Start      Relocate End           High               Low         
[176.295s][info][gc,heap     ] GC(109)  Capacity:     2048M (100%)       2048M (100%)       2048M (100%)       2048M (100%)       2048M (100%)       2048M (100%)   
[176.295s][info][gc,heap     ] GC(109)      Free:     1384M (68%)        1378M (67%)        1916M (94%)        2012M (98%)        2012M (98%)        1378M (67%)    
[176.295s][info][gc,heap     ] GC(109)      Used:      664M (32%)         670M (33%)         132M (6%)           36M (2%)          670M (33%)          36M (2%)     
[176.295s][info][gc,heap     ] GC(109)      Live:         -                 6M (0%)            6M (0%)            6M (0%)             -                  -          
[176.295s][info][gc,heap     ] GC(109) Allocated:         -                 6M (0%)            8M (0%)            9M (0%)             -                  -          
[176.295s][info][gc,heap     ] GC(109)   Garbage:         -               657M (32%)         117M (6%)           19M (1%)             -                  -          
[176.295s][info][gc,heap     ] GC(109) Reclaimed:         -                  -               540M (26%)         637M (31%)            -                  -          
[176.295s][info][gc          ] GC(109) Garbage Collection (Proactive) 664M(32%)->36M(2%)
[178.070s][info][gc,start    ] GC(110) Garbage Collection (Proactive)
[178.071s][info][gc,task     ] GC(110) Using 12 workers
[178.071s][info][gc,phases   ] GC(110) Pause Mark Start 0.017ms
[178.086s][info][gc,phases   ] GC(110) Concurrent Mark 15.165ms
[178.086s][info][gc,phases   ] GC(110) Pause Mark End 0.023ms
[178.086s][info][gc,phases   ] GC(110) Concurrent Mark Free 0.001ms
[178.087s][info][gc,phases   ] GC(110) Concurrent Process Non-Strong References 1.005ms
[178.087s][info][gc,phases   ] GC(110) Concurrent Reset Relocation Set 0.008ms
[178.091s][info][gc,phases   ] GC(110) Concurrent Select Relocation Set 3.891ms
[178.091s][info][gc,phases   ] GC(110) Pause Relocate Start 0.008ms
[178.095s][info][gc,phases   ] GC(110) Concurrent Relocate 3.837ms
[178.095s][info][gc,load     ] GC(110) Load: 0.00/0.00/0.00
[178.096s][info][gc,mmu      ] GC(110) MMU: 2ms/98.4%, 5ms/99.4%, 10ms/99.6%, 20ms/99.7%, 50ms/99.8%, 100ms/99.9%
[178.096s][info][gc,marking  ] GC(110) Mark: 8 stripe(s), 2 proactive flush(es), 1 terminate flush(es), 0 completion(s), 0 continuation(s) 
[178.096s][info][gc,marking  ] GC(110) Mark Stack Usage: 32M
[178.096s][info][gc,nmethod  ] GC(110) NMethods: 1981 registered, 376 unregistered
[178.096s][info][gc,metaspace] GC(110) Metaspace: 9M used, 9M committed, 1088M reserved
[178.096s][info][gc,ref      ] GC(110) Soft: 214 encountered, 0 discovered, 0 enqueued
[178.096s][info][gc,ref      ] GC(110) Weak: 806 encountered, 95 discovered, 0 enqueued
[178.096s][info][gc,ref      ] GC(110) Final: 0 encountered, 0 discovered, 0 enqueued
[178.096s][info][gc,ref      ] GC(110) Phantom: 27 encountered, 20 discovered, 0 enqueued
[178.096s][info][gc,reloc    ] GC(110) Small Pages: 299 / 598M, Empty: 532M, Relocated: 4M, In-Place: 0
[178.096s][info][gc,reloc    ] GC(110) Medium Pages: 0 / 0M, Empty: 0M, Relocated: 0M, In-Place: 0
[178.096s][info][gc,reloc    ] GC(110) Large Pages: 0 / 0M, Empty: 0M, Relocated: 0M, In-Place: 0
[178.096s][info][gc,reloc    ] GC(110) Forwarding Usage: 1M
[178.096s][info][gc,heap     ] GC(110) Min Capacity: 8M(0%)
[178.096s][info][gc,heap     ] GC(110) Max Capacity: 2048M(100%)
[178.096s][info][gc,heap     ] GC(110) Soft Max Capacity: 2048M(100%)
[178.096s][info][gc,heap     ] GC(110)                Mark Start          Mark End        Relocate Start      Relocate End           High               Low         
[178.096s][info][gc,heap     ] GC(110)  Capacity:     2048M (100%)       2048M (100%)       2048M (100%)       2048M (100%)       2048M (100%)       2048M (100%)   
[178.096s][info][gc,heap     ] GC(110)      Free:     1450M (71%)        1444M (71%)        1974M (96%)        2014M (98%)        2014M (98%)        1444M (71%)    
[178.096s][info][gc,heap     ] GC(110)      Used:      598M (29%)         604M (29%)          74M (4%)           34M (2%)          604M (29%)          34M (2%)     
[178.096s][info][gc,heap     ] GC(110)      Live:         -                 6M (0%)            6M (0%)            6M (0%)             -                  -          
[178.096s][info][gc,heap     ] GC(110) Allocated:         -                 6M (0%)            8M (0%)            7M (0%)             -                  -          
[178.096s][info][gc,heap     ] GC(110)   Garbage:         -               591M (29%)          59M (3%)           19M (1%)             -                  -          
[178.096s][info][gc,heap     ] GC(110) Reclaimed:         -                  -               532M (26%)         571M (28%)            -                  -          
[178.096s][info][gc          ] GC(110) Garbage Collection (Proactive) 598M(29%)->34M(2%)
[179.522s][info][gc,start    ] GC(111) Garbage Collection (System.gc())
[179.522s][info][gc,task     ] GC(111) Using 12 workers
[179.522s][info][gc,phases   ] GC(111) Pause Mark Start 0.018ms
[179.538s][info][gc,phases   ] GC(111) Concurrent Mark 15.966ms
[179.538s][info][gc,phases   ] GC(111) Pause Mark End 0.021ms
[179.538s][info][gc,phases   ] GC(111) Concurrent Mark Free 0.001ms
[179.539s][info][gc,phases   ] GC(111) Concurrent Process Non-Strong References 0.924ms
[179.539s][info][gc,phases   ] GC(111) Concurrent Reset Relocation Set 0.007ms
[179.543s][info][gc,phases   ] GC(111) Concurrent Select Relocation Set 3.901ms
[179.543s][info][gc,phases   ] GC(111) Pause Relocate Start 0.007ms
[179.546s][info][gc,phases   ] GC(111) Concurrent Relocate 2.906ms
[179.546s][info][gc,load     ] GC(111) Load: 0.00/0.00/0.00
[179.546s][info][gc,mmu      ] GC(111) MMU: 2ms/98.4%, 5ms/99.4%, 10ms/99.6%, 20ms/99.7%, 50ms/99.8%, 100ms/99.9%
[179.546s][info][gc,marking  ] GC(111) Mark: 8 stripe(s), 2 proactive flush(es), 1 terminate flush(es), 0 completion(s), 0 continuation(s) 
[179.546s][info][gc,marking  ] GC(111) Mark Stack Usage: 32M
[179.546s][info][gc,nmethod  ] GC(111) NMethods: 1981 registered, 377 unregistered
[179.546s][info][gc,metaspace] GC(111) Metaspace: 9M used, 9M committed, 1088M reserved
[179.546s][info][gc,ref      ] GC(111) Soft: 214 encountered, 0 discovered, 0 enqueued
[179.546s][info][gc,ref      ] GC(111) Weak: 806 encountered, 13 discovered, 0 enqueued
[179.547s][info][gc,ref      ] GC(111) Final: 0 encountered, 0 discovered, 0 enqueued
[179.547s][info][gc,ref      ] GC(111) Phantom: 27 encountered, 21 discovered, 0 enqueued
[179.547s][info][gc,reloc    ] GC(111) Small Pages: 244 / 488M, Empty: 470M, Relocated: 3M, In-Place: 0
[179.547s][info][gc,reloc    ] GC(111) Medium Pages: 0 / 0M, Empty: 0M, Relocated: 0M, In-Place: 0
[179.547s][info][gc,reloc    ] GC(111) Large Pages: 0 / 0M, Empty: 0M, Relocated: 0M, In-Place: 0
[179.547s][info][gc,reloc    ] GC(111) Forwarding Usage: 1M
[179.547s][info][gc,heap     ] GC(111) Min Capacity: 8M(0%)
[179.547s][info][gc,heap     ] GC(111) Max Capacity: 2048M(100%)
[179.547s][info][gc,heap     ] GC(111) Soft Max Capacity: 2048M(100%)
[179.547s][info][gc,heap     ] GC(111)                Mark Start          Mark End        Relocate Start      Relocate End           High               Low         
[179.547s][info][gc,heap     ] GC(111)  Capacity:     2048M (100%)       2048M (100%)       2048M (100%)       2048M (100%)       2048M (100%)       2048M (100%)   
[179.547s][info][gc,heap     ] GC(111)      Free:     1560M (76%)        1560M (76%)        2030M (99%)        2030M (99%)        2030M (99%)        1560M (76%)    
[179.547s][info][gc,heap     ] GC(111)      Used:      488M (24%)         488M (24%)          18M (1%)           18M (1%)          488M (24%)          18M (1%)     
[179.547s][info][gc,heap     ] GC(111)      Live:         -                 4M (0%)            4M (0%)            4M (0%)             -                  -          
[179.547s][info][gc,heap     ] GC(111) Allocated:         -                 0M (0%)            0M (0%)            0M (0%)             -                  -          
[179.547s][info][gc,heap     ] GC(111)   Garbage:         -               483M (24%)          13M (1%)           13M (1%)             -                  -          
[179.547s][info][gc,heap     ] GC(111) Reclaimed:         -                  -               470M (23%)         470M (23%)            -                  -          
[179.547s][info][gc          ] GC(111) Garbage Collection (System.gc()) 488M(24%)->18M(1%)
[180.170s][info][gc,stats    ] === Garbage Collection Statistics =======================================================================================================================
[180.171s][info][gc,stats    ]                                                              Last 10s              Last 10m              Last 10h                Total
[180.171s][info][gc,stats    ]                                                              Avg / Max             Avg / Max             Avg / Max             Avg / Max
[180.171s][info][gc,stats    ]   Collector: Garbage Collection Cycle                     24.423 / 27.716       26.083 / 57.424       26.083 / 57.424       26.083 / 57.424      ms
[180.171s][info][gc,stats    ]  Contention: Mark Segment Reset Contention                     2 / 6                 2 / 13                2 / 13                2 / 13          ops/s
[180.171s][info][gc,stats    ]  Contention: Mark SeqNum Reset Contention                      0 / 0                 0 / 2                 0 / 2                 0 / 2           ops/s
[180.171s][info][gc,stats    ]    Critical: Allocation Stall                                  0 / 0                 0 / 0                 0 / 0                 0 / 0           ops/s
[180.171s][info][gc,stats    ]    Critical: Allocation Stall                              0.000 / 0.000         0.000 / 0.000         0.000 / 0.000         0.000 / 0.000       ms
[180.171s][info][gc,stats    ]    Critical: GC Locker Stall                                   0 / 0                 0 / 0                 0 / 0                 0 / 0           ops/s
[180.171s][info][gc,stats    ]    Critical: GC Locker Stall                               0.000 / 0.000         0.000 / 0.000         0.000 / 0.000         0.000 / 0.000       ms
[180.171s][info][gc,stats    ]    Critical: Relocation Stall                                  0 / 0                 0 / 0                 0 / 0                 0 / 0           ops/s
[180.171s][info][gc,stats    ]    Critical: Relocation Stall                              0.000 / 0.000         0.000 / 0.000         0.000 / 0.000         0.000 / 0.000       ms
[180.171s][info][gc,stats    ]      Memory: Allocation Rate                                 321 / 336             319 / 342             319 / 342             319 / 342         MB/s
[180.171s][info][gc,stats    ]      Memory: Defragment                                        0 / 0                 0 / 0                 0 / 0                 0 / 0           ops/s
[180.171s][info][gc,stats    ]      Memory: Out Of Memory                                     0 / 0                 0 / 0                 0 / 0                 0 / 0           ops/s
[180.171s][info][gc,stats    ]      Memory: Page Cache Flush                                  0 / 0                 0 / 0                 0 / 0                 0 / 0           MB/s
[180.171s][info][gc,stats    ]      Memory: Page Cache Hit L1                               168 / 180             162 / 182             162 / 182             162 / 182         ops/s
[180.171s][info][gc,stats    ]      Memory: Page Cache Hit L2                                 0 / 0                 0 / 0                 0 / 0                 0 / 0           ops/s
[180.171s][info][gc,stats    ]      Memory: Page Cache Hit L3                                 0 / 0                 4 / 145               4 / 145               4 / 145         ops/s
[180.171s][info][gc,stats    ]      Memory: Page Cache Miss                                   0 / 0                 0 / 1                 0 / 1                 0 / 1           ops/s
[180.171s][info][gc,stats    ]      Memory: Uncommit                                          0 / 0                 0 / 0                 0 / 0                 0 / 0           MB/s
[180.171s][info][gc,stats    ]      Memory: Undo Object Allocation Failed                     0 / 1                 0 / 5                 0 / 5                 0 / 5           ops/s
[180.171s][info][gc,stats    ]      Memory: Undo Object Allocation Succeeded                  0 / 3                 0 / 4                 0 / 4                 0 / 4           ops/s
[180.171s][info][gc,stats    ]      Memory: Undo Page Allocation                              1 / 4                 1 / 6                 1 / 6                 1 / 6           ops/s
[180.171s][info][gc,stats    ]       Phase: Concurrent Mark                              14.290 / 15.966       14.804 / 30.725       14.804 / 30.725       14.804 / 30.725      ms
[180.171s][info][gc,stats    ]       Phase: Concurrent Mark Continue                      0.000 / 0.000         0.000 / 0.000         0.000 / 0.000         0.000 / 0.000       ms
[180.171s][info][gc,stats    ]       Phase: Concurrent Mark Free                          0.001 / 0.002         0.001 / 0.002         0.001 / 0.002         0.001 / 0.002       ms
[180.171s][info][gc,stats    ]       Phase: Concurrent Process Non-Strong References      0.972 / 1.039         1.004 / 5.203         1.004 / 5.203         1.004 / 5.203       ms
[180.171s][info][gc,stats    ]       Phase: Concurrent Relocate                           3.322 / 3.837         3.271 / 4.452         3.271 / 4.452         3.271 / 4.452       ms
[180.171s][info][gc,stats    ]       Phase: Concurrent Reset Relocation Set               0.007 / 0.012         0.008 / 0.016         0.008 / 0.016         0.008 / 0.016       ms
[180.171s][info][gc,stats    ]       Phase: Concurrent Select Relocation Set              4.680 / 6.943         5.408 / 15.037        5.408 / 15.037        5.408 / 15.037      ms
[180.171s][info][gc,stats    ]       Phase: Pause Mark End                                0.022 / 0.025         0.023 / 0.032         0.023 / 0.032         0.023 / 0.032       ms
[180.171s][info][gc,stats    ]       Phase: Pause Mark Start                              0.017 / 0.019         0.018 / 0.030         0.018 / 0.030         0.018 / 0.030       ms
[180.172s][info][gc,stats    ]       Phase: Pause Relocate Start                          0.009 / 0.010         0.009 / 0.011         0.009 / 0.011         0.009 / 0.011       ms
[180.172s][info][gc,stats    ]    Subphase: Concurrent Classes Purge                      0.007 / 0.019         0.027 / 0.832         0.027 / 0.832         0.027 / 0.832       ms
[180.172s][info][gc,stats    ]    Subphase: Concurrent Classes Unlink                     0.666 / 0.718         0.676 / 4.025         0.676 / 4.025         0.676 / 4.025       ms
[180.172s][info][gc,stats    ]    Subphase: Concurrent Mark                              12.488 / 14.827       12.905 / 23.255       12.905 / 23.255       12.905 / 23.255      ms
[180.172s][info][gc,stats    ]    Subphase: Concurrent Mark Try Flush                     0.081 / 0.106         0.071 / 0.200         0.071 / 0.200         0.071 / 0.200       ms
[180.172s][info][gc,stats    ]    Subphase: Concurrent Mark Try Terminate                 7.812 / 12.385        7.968 / 16.635        7.968 / 16.635        7.968 / 16.635      ms
[180.172s][info][gc,stats    ]    Subphase: Concurrent References Enqueue                 0.000 / 0.000         0.001 / 0.004         0.001 / 0.004         0.001 / 0.004       ms
[180.172s][info][gc,stats    ]    Subphase: Concurrent References Process                 0.042 / 0.049         0.046 / 0.075         0.046 / 0.075         0.046 / 0.075       ms
[180.172s][info][gc,stats    ]    Subphase: Concurrent Roots ClassLoaderDataGraph         0.098 / 0.679         0.088 / 0.967         0.088 / 0.967         0.088 / 0.967       ms
[180.172s][info][gc,stats    ]    Subphase: Concurrent Roots CodeCache                    0.000 / 0.000         0.000 / 0.000         0.000 / 0.000         0.000 / 0.000       ms
[180.172s][info][gc,stats    ]    Subphase: Concurrent Roots JavaThreads                  0.515 / 1.033         0.540 / 7.350         0.540 / 7.350         0.540 / 7.350       ms
[180.172s][info][gc,stats    ]    Subphase: Concurrent Roots OopStorageSet                0.017 / 0.058         0.019 / 0.273         0.019 / 0.273         0.019 / 0.273       ms
[180.172s][info][gc,stats    ]    Subphase: Concurrent Weak Roots OopStorageSet           0.134 / 0.173         0.134 / 0.173         0.134 / 0.173         0.134 / 0.173       ms
[180.172s][info][gc,stats    ]    Subphase: Pause Mark Try Complete                       0.000 / 0.000         0.000 / 0.000         0.000 / 0.000         0.000 / 0.000       ms
[180.172s][info][gc,stats    ]      System: Java Threads                                     35 / 35               32 / 37               32 / 37               32 / 37          threads
[180.172s][info][gc,stats    ] =========================================================================================================================================================
[181.075s][info][gc,start    ] GC(112) Garbage Collection (Proactive)
[181.075s][info][gc,task     ] GC(112) Using 12 workers
[181.075s][info][gc,phases   ] GC(112) Pause Mark Start 0.018ms
[181.091s][info][gc,phases   ] GC(112) Concurrent Mark 15.154ms
[181.091s][info][gc,phases   ] GC(112) Pause Mark End 0.023ms
[181.091s][info][gc,phases   ] GC(112) Concurrent Mark Free 0.001ms
[181.092s][info][gc,phases   ] GC(112) Concurrent Process Non-Strong References 1.006ms
[181.092s][info][gc,phases   ] GC(112) Concurrent Reset Relocation Set 0.002ms
[181.099s][info][gc,phases   ] GC(112) Concurrent Select Relocation Set 6.587ms
[181.099s][info][gc,phases   ] GC(112) Pause Relocate Start 0.009ms
[181.102s][info][gc,phases   ] GC(112) Concurrent Relocate 3.314ms
[181.103s][info][gc,load     ] GC(112) Load: 0.00/0.00/0.00
[181.103s][info][gc,mmu      ] GC(112) MMU: 2ms/98.4%, 5ms/99.4%, 10ms/99.6%, 20ms/99.7%, 50ms/99.8%, 100ms/99.9%
[181.103s][info][gc,marking  ] GC(112) Mark: 8 stripe(s), 2 proactive flush(es), 1 terminate flush(es), 0 completion(s), 0 continuation(s) 
[181.103s][info][gc,marking  ] GC(112) Mark Stack Usage: 32M
[181.103s][info][gc,nmethod  ] GC(112) NMethods: 1981 registered, 377 unregistered
[181.103s][info][gc,metaspace] GC(112) Metaspace: 9M used, 9M committed, 1088M reserved
[181.103s][info][gc,ref      ] GC(112) Soft: 214 encountered, 0 discovered, 0 enqueued
[181.103s][info][gc,ref      ] GC(112) Weak: 806 encountered, 225 discovered, 0 enqueued
[181.103s][info][gc,ref      ] GC(112) Final: 0 encountered, 0 discovered, 0 enqueued
[181.103s][info][gc,ref      ] GC(112) Phantom: 27 encountered, 23 discovered, 0 enqueued
[181.103s][info][gc,reloc    ] GC(112) Small Pages: 254 / 508M, Empty: 322M, Relocated: 4M, In-Place: 0
[181.103s][info][gc,reloc    ] GC(112) Medium Pages: 0 / 0M, Empty: 0M, Relocated: 0M, In-Place: 0
[181.103s][info][gc,reloc    ] GC(112) Large Pages: 0 / 0M, Empty: 0M, Relocated: 0M, In-Place: 0
[181.103s][info][gc,reloc    ] GC(112) Forwarding Usage: 2M
[181.103s][info][gc,heap     ] GC(112) Min Capacity: 8M(0%)
[181.103s][info][gc,heap     ] GC(112) Max Capacity: 2048M(100%)
[181.103s][info][gc,heap     ] GC(112) Soft Max Capacity: 2048M(100%)
[181.103s][info][gc,heap     ] GC(112)                Mark Start          Mark End        Relocate Start      Relocate End           High               Low         
[181.103s][info][gc,heap     ] GC(112)  Capacity:     2048M (100%)       2048M (100%)       2048M (100%)       2048M (100%)       2048M (100%)       2048M (100%)   
[181.103s][info][gc,heap     ] GC(112)      Free:     1540M (75%)        1532M (75%)        1852M (90%)        2012M (98%)        2012M (98%)        1532M (75%)    
[181.103s][info][gc,heap     ] GC(112)      Used:      508M (25%)         516M (25%)         196M (10%)          36M (2%)          516M (25%)          36M (2%)     
[181.103s][info][gc,heap     ] GC(112)      Live:         -                 6M (0%)            6M (0%)            6M (0%)             -                  -          
[181.103s][info][gc,heap     ] GC(112) Allocated:         -                 8M (0%)           10M (0%)            9M (0%)             -                  -          
[181.103s][info][gc,heap     ] GC(112)   Garbage:         -               501M (24%)         179M (9%)           19M (1%)             -                  -          
[181.103s][info][gc,heap     ] GC(112) Reclaimed:         -                  -               322M (16%)         481M (24%)            -                  -          
[181.103s][info][gc          ] GC(112) Garbage Collection (Proactive) 508M(25%)->36M(2%)
[182.674s][info][gc,start    ] GC(113) Garbage Collection (Proactive)
[182.674s][info][gc,task     ] GC(113) Using 12 workers
[182.674s][info][gc,phases   ] GC(113) Pause Mark Start 0.018ms
[182.689s][info][gc,phases   ] GC(113) Concurrent Mark 15.166ms
[182.689s][info][gc,phases   ] GC(113) Pause Mark End 0.026ms
[182.690s][info][gc,phases   ] GC(113) Concurrent Mark Free 0.001ms
[182.691s][info][gc,phases   ] GC(113) Concurrent Process Non-Strong References 1.015ms
[182.691s][info][gc,phases   ] GC(113) Concurrent Reset Relocation Set 0.013ms
[182.695s][info][gc,phases   ] GC(113) Concurrent Select Relocation Set 3.873ms
[182.695s][info][gc,phases   ] GC(113) Pause Relocate Start 0.011ms
[182.698s][info][gc,phases   ] GC(113) Concurrent Relocate 3.228ms
[182.698s][info][gc,load     ] GC(113) Load: 0.00/0.00/0.00
[182.698s][info][gc,mmu      ] GC(113) MMU: 2ms/98.4%, 5ms/99.4%, 10ms/99.6%, 20ms/99.7%, 50ms/99.8%, 100ms/99.9%
[182.698s][info][gc,marking  ] GC(113) Mark: 8 stripe(s), 3 proactive flush(es), 1 terminate flush(es), 0 completion(s), 0 continuation(s) 
[182.698s][info][gc,marking  ] GC(113) Mark Stack Usage: 32M
[182.698s][info][gc,nmethod  ] GC(113) NMethods: 1982 registered, 378 unregistered
[182.698s][info][gc,metaspace] GC(113) Metaspace: 9M used, 9M committed, 1088M reserved
[182.698s][info][gc,ref      ] GC(113) Soft: 214 encountered, 0 discovered, 0 enqueued
[182.698s][info][gc,ref      ] GC(113) Weak: 806 encountered, 91 discovered, 0 enqueued
[182.698s][info][gc,ref      ] GC(113) Final: 0 encountered, 0 discovered, 0 enqueued
[182.698s][info][gc,ref      ] GC(113) Phantom: 27 encountered, 19 discovered, 0 enqueued
[182.698s][info][gc,reloc    ] GC(113) Small Pages: 269 / 538M, Empty: 428M, Relocated: 4M, In-Place: 0
[182.698s][info][gc,reloc    ] GC(113) Medium Pages: 0 / 0M, Empty: 0M, Relocated: 0M, In-Place: 0
[182.699s][info][gc,reloc    ] GC(113) Large Pages: 0 / 0M, Empty: 0M, Relocated: 0M, In-Place: 0
[182.699s][info][gc,reloc    ] GC(113) Forwarding Usage: 1M
[182.699s][info][gc,heap     ] GC(113) Min Capacity: 8M(0%)
[182.699s][info][gc,heap     ] GC(113) Max Capacity: 2048M(100%)
[182.699s][info][gc,heap     ] GC(113) Soft Max Capacity: 2048M(100%)
[182.699s][info][gc,heap     ] GC(113)                Mark Start          Mark End        Relocate Start      Relocate End           High               Low         
[182.699s][info][gc,heap     ] GC(113)  Capacity:     2048M (100%)       2048M (100%)       2048M (100%)       2048M (100%)       2048M (100%)       2048M (100%)   
[182.699s][info][gc,heap     ] GC(113)      Free:     1510M (74%)        1504M (73%)        1930M (94%)        2012M (98%)        2012M (98%)        1502M (73%)    
[182.699s][info][gc,heap     ] GC(113)      Used:      538M (26%)         544M (27%)         118M (6%)           36M (2%)          546M (27%)          36M (2%)     
[182.699s][info][gc,heap     ] GC(113)      Live:         -                 6M (0%)            6M (0%)            6M (0%)             -                  -          
[182.699s][info][gc,heap     ] GC(113) Allocated:         -                 6M (0%)            8M (0%)            9M (0%)             -                  -          
[182.699s][info][gc,heap     ] GC(113)   Garbage:         -               531M (26%)         103M (5%)           19M (1%)             -                  -          
[182.699s][info][gc,heap     ] GC(113) Reclaimed:         -                  -               428M (21%)         511M (25%)            -                  -          
[182.699s][info][gc          ] GC(113) Garbage Collection (Proactive) 538M(26%)->36M(2%)
[184.171s][info][gc,start    ] GC(114) Garbage Collection (Proactive)
[184.172s][info][gc,task     ] GC(114) Using 12 workers
[184.172s][info][gc,phases   ] GC(114) Pause Mark Start 0.019ms
[184.187s][info][gc,phases   ] GC(114) Concurrent Mark 15.194ms
[184.187s][info][gc,phases   ] GC(114) Pause Mark End 0.022ms
[184.187s][info][gc,phases   ] GC(114) Concurrent Mark Free 0.001ms
[184.188s][info][gc,phases   ] GC(114) Concurrent Process Non-Strong References 1.049ms
[184.189s][info][gc,phases   ] GC(114) Concurrent Reset Relocation Set 0.009ms
[184.195s][info][gc,phases   ] GC(114) Concurrent Select Relocation Set 6.946ms
[184.196s][info][gc,phases   ] GC(114) Pause Relocate Start 0.009ms
[184.199s][info][gc,phases   ] GC(114) Concurrent Relocate 3.511ms
[184.199s][info][gc,load     ] GC(114) Load: 0.00/0.00/0.00
[184.199s][info][gc,mmu      ] GC(114) MMU: 2ms/98.4%, 5ms/99.4%, 10ms/99.6%, 20ms/99.7%, 50ms/99.8%, 100ms/99.9%
[184.199s][info][gc,marking  ] GC(114) Mark: 8 stripe(s), 2 proactive flush(es), 1 terminate flush(es), 0 completion(s), 0 continuation(s) 
[184.199s][info][gc,marking  ] GC(114) Mark Stack Usage: 32M
[184.199s][info][gc,nmethod  ] GC(114) NMethods: 1982 registered, 378 unregistered
[184.200s][info][gc,metaspace] GC(114) Metaspace: 9M used, 9M committed, 1088M reserved
[184.200s][info][gc,ref      ] GC(114) Soft: 214 encountered, 0 discovered, 0 enqueued
[184.200s][info][gc,ref      ] GC(114) Weak: 806 encountered, 40 discovered, 0 enqueued
[184.200s][info][gc,ref      ] GC(114) Final: 0 encountered, 0 discovered, 0 enqueued
[184.200s][info][gc,ref      ] GC(114) Phantom: 27 encountered, 22 discovered, 0 enqueued
[184.200s][info][gc,reloc    ] GC(114) Small Pages: 252 / 504M, Empty: 344M, Relocated: 4M, In-Place: 0
[184.200s][info][gc,reloc    ] GC(114) Medium Pages: 0 / 0M, Empty: 0M, Relocated: 0M, In-Place: 0
[184.200s][info][gc,reloc    ] GC(114) Large Pages: 0 / 0M, Empty: 0M, Relocated: 0M, In-Place: 0
[184.200s][info][gc,reloc    ] GC(114) Forwarding Usage: 2M
[184.200s][info][gc,heap     ] GC(114) Min Capacity: 8M(0%)
[184.200s][info][gc,heap     ] GC(114) Max Capacity: 2048M(100%)
[184.200s][info][gc,heap     ] GC(114) Soft Max Capacity: 2048M(100%)
[184.200s][info][gc,heap     ] GC(114)                Mark Start          Mark End        Relocate Start      Relocate End           High               Low         
[184.200s][info][gc,heap     ] GC(114)  Capacity:     2048M (100%)       2048M (100%)       2048M (100%)       2048M (100%)       2048M (100%)       2048M (100%)   
[184.200s][info][gc,heap     ] GC(114)      Free:     1544M (75%)        1536M (75%)        1878M (92%)        2012M (98%)        2012M (98%)        1536M (75%)    
[184.200s][info][gc,heap     ] GC(114)      Used:      504M (25%)         512M (25%)         170M (8%)           36M (2%)          512M (25%)          36M (2%)     
[184.200s][info][gc,heap     ] GC(114)      Live:         -                 6M (0%)            6M (0%)            6M (0%)             -                  -          
[184.200s][info][gc,heap     ] GC(114) Allocated:         -                 8M (0%)           10M (0%)            9M (0%)             -                  -          
[184.200s][info][gc,heap     ] GC(114)   Garbage:         -               497M (24%)         153M (8%)           19M (1%)             -                  -          
[184.200s][info][gc,heap     ] GC(114) Reclaimed:         -                  -               344M (17%)         477M (23%)            -                  -          
[184.200s][info][gc          ] GC(114) Garbage Collection (Proactive) 504M(25%)->36M(2%)
[185.770s][info][gc,start    ] GC(115) Garbage Collection (Proactive)
[185.770s][info][gc,task     ] GC(115) Using 12 workers
[185.770s][info][gc,phases   ] GC(115) Pause Mark Start 0.017ms
[185.786s][info][gc,phases   ] GC(115) Concurrent Mark 15.169ms
[185.786s][info][gc,phases   ] GC(115) Pause Mark End 0.024ms
[185.786s][info][gc,phases   ] GC(115) Concurrent Mark Free 0.001ms
[185.787s][info][gc,phases   ] GC(115) Concurrent Process Non-Strong References 1.028ms
[185.787s][info][gc,phases   ] GC(115) Concurrent Reset Relocation Set 0.012ms
[185.791s][info][gc,phases   ] GC(115) Concurrent Select Relocation Set 3.833ms
[185.791s][info][gc,phases   ] GC(115) Pause Relocate Start 0.008ms
[185.794s][info][gc,phases   ] GC(115) Concurrent Relocate 3.416ms
[185.795s][info][gc,load     ] GC(115) Load: 0.00/0.00/0.00
[185.795s][info][gc,mmu      ] GC(115) MMU: 2ms/98.4%, 5ms/99.4%, 10ms/99.6%, 20ms/99.7%, 50ms/99.8%, 100ms/99.9%
[185.795s][info][gc,marking  ] GC(115) Mark: 8 stripe(s), 2 proactive flush(es), 2 terminate flush(es), 0 completion(s), 0 continuation(s) 
[185.795s][info][gc,marking  ] GC(115) Mark Stack Usage: 32M
[185.795s][info][gc,nmethod  ] GC(115) NMethods: 1982 registered, 378 unregistered
[185.795s][info][gc,metaspace] GC(115) Metaspace: 9M used, 9M committed, 1088M reserved
[185.795s][info][gc,ref      ] GC(115) Soft: 214 encountered, 0 discovered, 0 enqueued
[185.795s][info][gc,ref      ] GC(115) Weak: 806 encountered, 117 discovered, 0 enqueued
[185.795s][info][gc,ref      ] GC(115) Final: 0 encountered, 0 discovered, 0 enqueued
[185.795s][info][gc,ref      ] GC(115) Phantom: 27 encountered, 23 discovered, 0 enqueued
[185.795s][info][gc,reloc    ] GC(115) Small Pages: 276 / 552M, Empty: 446M, Relocated: 4M, In-Place: 0
[185.795s][info][gc,reloc    ] GC(115) Medium Pages: 0 / 0M, Empty: 0M, Relocated: 0M, In-Place: 0
[185.795s][info][gc,reloc    ] GC(115) Large Pages: 0 / 0M, Empty: 0M, Relocated: 0M, In-Place: 0
[185.795s][info][gc,reloc    ] GC(115) Forwarding Usage: 1M
[185.795s][info][gc,heap     ] GC(115) Min Capacity: 8M(0%)
[185.795s][info][gc,heap     ] GC(115) Max Capacity: 2048M(100%)
[185.795s][info][gc,heap     ] GC(115) Soft Max Capacity: 2048M(100%)
[185.795s][info][gc,heap     ] GC(115)                Mark Start          Mark End        Relocate Start      Relocate End           High               Low         
[185.795s][info][gc,heap     ] GC(115)  Capacity:     2048M (100%)       2048M (100%)       2048M (100%)       2048M (100%)       2048M (100%)       2048M (100%)   
[185.795s][info][gc,heap     ] GC(115)      Free:     1496M (73%)        1490M (73%)        1934M (94%)        2014M (98%)        2014M (98%)        1490M (73%)    
[185.795s][info][gc,heap     ] GC(115)      Used:      552M (27%)         558M (27%)         114M (6%)           34M (2%)          558M (27%)          34M (2%)     
[185.795s][info][gc,heap     ] GC(115)      Live:         -                 6M (0%)            6M (0%)            6M (0%)             -                  -          
[185.795s][info][gc,heap     ] GC(115) Allocated:         -                 6M (0%)            8M (0%)            7M (0%)             -                  -          
[185.795s][info][gc,heap     ] GC(115)   Garbage:         -               545M (27%)          99M (5%)           19M (1%)             -                  -          
[185.795s][info][gc,heap     ] GC(115) Reclaimed:         -                  -               446M (22%)         525M (26%)            -                  -          
[185.795s][info][gc          ] GC(115) Garbage Collection (Proactive) 552M(27%)->34M(2%)
[186.308s][info][gc,start    ] GC(116) Garbage Collection (System.gc())
[186.309s][info][gc,task     ] GC(116) Using 12 workers
[186.309s][info][gc,phases   ] GC(116) Pause Mark Start 0.017ms
[186.323s][info][gc,phases   ] GC(116) Concurrent Mark 14.651ms
[186.324s][info][gc,phases   ] GC(116) Pause Mark End 0.020ms
[186.324s][info][gc,phases   ] GC(116) Concurrent Mark Free 0.001ms
[186.325s][info][gc,phases   ] GC(116) Concurrent Process Non-Strong References 0.959ms
[186.325s][info][gc,phases   ] GC(116) Concurrent Reset Relocation Set 0.008ms
[186.329s][info][gc,phases   ] GC(116) Concurrent Select Relocation Set 3.885ms
[186.329s][info][gc,phases   ] GC(116) Pause Relocate Start 0.007ms
[186.332s][info][gc,phases   ] GC(116) Concurrent Relocate 2.960ms
[186.332s][info][gc,load     ] GC(116) Load: 0.00/0.00/0.00
[186.332s][info][gc,mmu      ] GC(116) MMU: 2ms/98.4%, 5ms/99.4%, 10ms/99.6%, 20ms/99.7%, 50ms/99.8%, 100ms/99.9%
[186.332s][info][gc,marking  ] GC(116) Mark: 8 stripe(s), 2 proactive flush(es), 1 terminate flush(es), 0 completion(s), 0 continuation(s) 
[186.332s][info][gc,marking  ] GC(116) Mark Stack Usage: 32M
[186.332s][info][gc,nmethod  ] GC(116) NMethods: 1984 registered, 379 unregistered
[186.332s][info][gc,metaspace] GC(116) Metaspace: 9M used, 9M committed, 1088M reserved
[186.332s][info][gc,ref      ] GC(116) Soft: 214 encountered, 0 discovered, 0 enqueued
[186.332s][info][gc,ref      ] GC(116) Weak: 806 encountered, 57 discovered, 0 enqueued
[186.332s][info][gc,ref      ] GC(116) Final: 0 encountered, 0 discovered, 0 enqueued
[186.332s][info][gc,ref      ] GC(116) Phantom: 27 encountered, 22 discovered, 0 enqueued
[186.332s][info][gc,reloc    ] GC(116) Small Pages: 100 / 200M, Empty: 182M, Relocated: 3M, In-Place: 0
[186.332s][info][gc,reloc    ] GC(116) Medium Pages: 0 / 0M, Empty: 0M, Relocated: 0M, In-Place: 0
[186.332s][info][gc,reloc    ] GC(116) Large Pages: 0 / 0M, Empty: 0M, Relocated: 0M, In-Place: 0
[186.332s][info][gc,reloc    ] GC(116) Forwarding Usage: 1M
[186.332s][info][gc,heap     ] GC(116) Min Capacity: 8M(0%)
[186.332s][info][gc,heap     ] GC(116) Max Capacity: 2048M(100%)
[186.332s][info][gc,heap     ] GC(116) Soft Max Capacity: 2048M(100%)
[186.332s][info][gc,heap     ] GC(116)                Mark Start          Mark End        Relocate Start      Relocate End           High               Low         
[186.332s][info][gc,heap     ] GC(116)  Capacity:     2048M (100%)       2048M (100%)       2048M (100%)       2048M (100%)       2048M (100%)       2048M (100%)   
[186.333s][info][gc,heap     ] GC(116)      Free:     1848M (90%)        1848M (90%)        2030M (99%)        2030M (99%)        2030M (99%)        1848M (90%)    
[186.333s][info][gc,heap     ] GC(116)      Used:      200M (10%)         200M (10%)          18M (1%)           18M (1%)          200M (10%)          18M (1%)     
[186.333s][info][gc,heap     ] GC(116)      Live:         -                 4M (0%)            4M (0%)            4M (0%)             -                  -          
[186.333s][info][gc,heap     ] GC(116) Allocated:         -                 0M (0%)            0M (0%)            0M (0%)             -                  -          
[186.333s][info][gc,heap     ] GC(116)   Garbage:         -               195M (10%)          13M (1%)           13M (1%)             -                  -          
[186.333s][info][gc,heap     ] GC(116) Reclaimed:         -                  -               182M (9%)          182M (9%)             -                  -          
[186.333s][info][gc          ] GC(116) Garbage Collection (System.gc()) 200M(10%)->18M(1%)
[187.774s][info][gc,start    ] GC(117) Garbage Collection (Proactive)
[187.774s][info][gc,task     ] GC(117) Using 12 workers
[187.775s][info][gc,phases   ] GC(117) Pause Mark Start 0.019ms
[187.790s][info][gc,phases   ] GC(117) Concurrent Mark 15.224ms
[187.790s][info][gc,phases   ] GC(117) Pause Mark End 0.025ms
[187.790s][info][gc,phases   ] GC(117) Concurrent Mark Free 0.001ms
[187.791s][info][gc,phases   ] GC(117) Concurrent Process Non-Strong References 0.985ms
[187.791s][info][gc,phases   ] GC(117) Concurrent Reset Relocation Set 0.002ms
[187.798s][info][gc,phases   ] GC(117) Concurrent Select Relocation Set 6.575ms
[187.798s][info][gc,phases   ] GC(117) Pause Relocate Start 0.008ms
[187.802s][info][gc,phases   ] GC(117) Concurrent Relocate 3.586ms
[187.802s][info][gc,load     ] GC(117) Load: 0.00/0.00/0.00
[187.802s][info][gc,mmu      ] GC(117) MMU: 2ms/98.4%, 5ms/99.4%, 10ms/99.6%, 20ms/99.7%, 50ms/99.8%, 100ms/99.9%
[187.802s][info][gc,marking  ] GC(117) Mark: 8 stripe(s), 3 proactive flush(es), 1 terminate flush(es), 0 completion(s), 0 continuation(s) 
[187.802s][info][gc,marking  ] GC(117) Mark Stack Usage: 32M
[187.802s][info][gc,nmethod  ] GC(117) NMethods: 1985 registered, 379 unregistered
[187.802s][info][gc,metaspace] GC(117) Metaspace: 9M used, 9M committed, 1088M reserved
[187.802s][info][gc,ref      ] GC(117) Soft: 214 encountered, 0 discovered, 0 enqueued
[187.802s][info][gc,ref      ] GC(117) Weak: 806 encountered, 173 discovered, 0 enqueued
[187.802s][info][gc,ref      ] GC(117) Final: 0 encountered, 0 discovered, 0 enqueued
[187.802s][info][gc,ref      ] GC(117) Phantom: 27 encountered, 24 discovered, 0 enqueued
[187.802s][info][gc,reloc    ] GC(117) Small Pages: 239 / 478M, Empty: 312M, Relocated: 4M, In-Place: 0
[187.802s][info][gc,reloc    ] GC(117) Medium Pages: 0 / 0M, Empty: 0M, Relocated: 0M, In-Place: 0
[187.802s][info][gc,reloc    ] GC(117) Large Pages: 0 / 0M, Empty: 0M, Relocated: 0M, In-Place: 0
[187.802s][info][gc,reloc    ] GC(117) Forwarding Usage: 2M
[187.802s][info][gc,heap     ] GC(117) Min Capacity: 8M(0%)
[187.802s][info][gc,heap     ] GC(117) Max Capacity: 2048M(100%)
[187.802s][info][gc,heap     ] GC(117) Soft Max Capacity: 2048M(100%)
[187.802s][info][gc,heap     ] GC(117)                Mark Start          Mark End        Relocate Start      Relocate End           High               Low         
[187.802s][info][gc,heap     ] GC(117)  Capacity:     2048M (100%)       2048M (100%)       2048M (100%)       2048M (100%)       2048M (100%)       2048M (100%)   
[187.802s][info][gc,heap     ] GC(117)      Free:     1570M (77%)        1564M (76%)        1874M (92%)        2012M (98%)        2012M (98%)        1564M (76%)    
[187.802s][info][gc,heap     ] GC(117)      Used:      478M (23%)         484M (24%)         174M (8%)           36M (2%)          484M (24%)          36M (2%)     
[187.802s][info][gc,heap     ] GC(117)      Live:         -                 6M (0%)            6M (0%)            6M (0%)             -                  -          
[187.803s][info][gc,heap     ] GC(117) Allocated:         -                 6M (0%)            8M (0%)            9M (0%)             -                  -          
[187.803s][info][gc,heap     ] GC(117)   Garbage:         -               471M (23%)         159M (8%)           19M (1%)             -                  -          
[187.803s][info][gc,heap     ] GC(117) Reclaimed:         -                  -               312M (15%)         451M (22%)            -                  -          
[187.803s][info][gc          ] GC(117) Garbage Collection (Proactive) 478M(23%)->36M(2%)
[189.466s][info][gc,start    ] GC(118) Garbage Collection (Proactive)
[189.467s][info][gc,task     ] GC(118) Using 12 workers
[189.467s][info][gc,phases   ] GC(118) Pause Mark Start 0.018ms
[189.482s][info][gc,phases   ] GC(118) Concurrent Mark 15.228ms
[189.482s][info][gc,phases   ] GC(118) Pause Mark End 0.023ms
[189.482s][info][gc,phases   ] GC(118) Concurrent Mark Free 0.001ms
[189.483s][info][gc,phases   ] GC(118) Concurrent Process Non-Strong References 0.973ms
[189.484s][info][gc,phases   ] GC(118) Concurrent Reset Relocation Set 0.013ms
[189.491s][info][gc,phases   ] GC(118) Concurrent Select Relocation Set 7.105ms
[189.491s][info][gc,phases   ] GC(118) Pause Relocate Start 0.008ms
[189.496s][info][gc,phases   ] GC(118) Concurrent Relocate 4.992ms
[189.496s][info][gc,load     ] GC(118) Load: 0.00/0.00/0.00
[189.496s][info][gc,mmu      ] GC(118) MMU: 2ms/98.4%, 5ms/99.4%, 10ms/99.6%, 20ms/99.7%, 50ms/99.8%, 100ms/99.9%
[189.496s][info][gc,marking  ] GC(118) Mark: 8 stripe(s), 2 proactive flush(es), 1 terminate flush(es), 0 completion(s), 0 continuation(s) 
[189.496s][info][gc,marking  ] GC(118) Mark Stack Usage: 32M
[189.496s][info][gc,nmethod  ] GC(118) NMethods: 1985 registered, 379 unregistered
[189.496s][info][gc,metaspace] GC(118) Metaspace: 9M used, 9M committed, 1088M reserved
[189.496s][info][gc,ref      ] GC(118) Soft: 214 encountered, 0 discovered, 0 enqueued
[189.496s][info][gc,ref      ] GC(118) Weak: 806 encountered, 69 discovered, 0 enqueued
[189.496s][info][gc,ref      ] GC(118) Final: 0 encountered, 0 discovered, 0 enqueued
[189.496s][info][gc,ref      ] GC(118) Phantom: 27 encountered, 21 discovered, 0 enqueued
[189.496s][info][gc,reloc    ] GC(118) Small Pages: 288 / 576M, Empty: 472M, Relocated: 5M, In-Place: 0
[189.496s][info][gc,reloc    ] GC(118) Medium Pages: 0 / 0M, Empty: 0M, Relocated: 0M, In-Place: 0
[189.496s][info][gc,reloc    ] GC(118) Large Pages: 0 / 0M, Empty: 0M, Relocated: 0M, In-Place: 0
[189.496s][info][gc,reloc    ] GC(118) Forwarding Usage: 2M
[189.496s][info][gc,heap     ] GC(118) Min Capacity: 8M(0%)
[189.496s][info][gc,heap     ] GC(118) Max Capacity: 2048M(100%)
[189.496s][info][gc,heap     ] GC(118) Soft Max Capacity: 2048M(100%)
[189.496s][info][gc,heap     ] GC(118)                Mark Start          Mark End        Relocate Start      Relocate End           High               Low         
[189.496s][info][gc,heap     ] GC(118)  Capacity:     2048M (100%)       2048M (100%)       2048M (100%)       2048M (100%)       2048M (100%)       2048M (100%)   
[189.497s][info][gc,heap     ] GC(118)      Free:     1472M (72%)        1466M (72%)        1934M (94%)        2012M (98%)        2012M (98%)        1466M (72%)    
[189.497s][info][gc,heap     ] GC(118)      Used:      576M (28%)         582M (28%)         114M (6%)           36M (2%)          582M (28%)          36M (2%)     
[189.497s][info][gc,heap     ] GC(118)      Live:         -                 6M (0%)            6M (0%)            6M (0%)             -                  -          
[189.497s][info][gc,heap     ] GC(118) Allocated:         -                 6M (0%)           10M (0%)            9M (0%)             -                  -          
[189.497s][info][gc,heap     ] GC(118)   Garbage:         -               569M (28%)          97M (5%)           19M (1%)             -                  -          
[189.497s][info][gc,heap     ] GC(118) Reclaimed:         -                  -               472M (23%)         549M (27%)            -                  -          
[189.497s][info][gc          ] GC(118) Garbage Collection (Proactive) 576M(28%)->36M(2%)
[190.176s][info][gc,stats    ] === Garbage Collection Statistics =======================================================================================================================
[190.176s][info][gc,stats    ]                                                              Last 10s              Last 10m              Last 10h                Total
[190.176s][info][gc,stats    ]                                                              Avg / Max             Avg / Max             Avg / Max             Avg / Max
[190.176s][info][gc,stats    ]   Collector: Garbage Collection Cycle                     26.444 / 29.522       26.104 / 57.424       26.104 / 57.424       26.104 / 57.424      ms
[190.176s][info][gc,stats    ]  Contention: Mark Segment Reset Contention                     1 / 4                 2 / 13                2 / 13                2 / 13          ops/s
[190.177s][info][gc,stats    ]  Contention: Mark SeqNum Reset Contention                      0 / 2                 0 / 2                 0 / 2                 0 / 2           ops/s
[190.177s][info][gc,stats    ]    Critical: Allocation Stall                                  0 / 0                 0 / 0                 0 / 0                 0 / 0           ops/s
[190.177s][info][gc,stats    ]    Critical: Allocation Stall                              0.000 / 0.000         0.000 / 0.000         0.000 / 0.000         0.000 / 0.000       ms
[190.177s][info][gc,stats    ]    Critical: GC Locker Stall                                   0 / 0                 0 / 0                 0 / 0                 0 / 0           ops/s
[190.177s][info][gc,stats    ]    Critical: GC Locker Stall                               0.000 / 0.000         0.000 / 0.000         0.000 / 0.000         0.000 / 0.000       ms
[190.177s][info][gc,stats    ]    Critical: Relocation Stall                                  0 / 0                 0 / 0                 0 / 0                 0 / 0           ops/s
[190.177s][info][gc,stats    ]    Critical: Relocation Stall                              0.000 / 0.000         0.000 / 0.000         0.000 / 0.000         0.000 / 0.000       ms
[190.177s][info][gc,stats    ]      Memory: Allocation Rate                                 324 / 336             319 / 342             319 / 342             319 / 342         MB/s
[190.177s][info][gc,stats    ]      Memory: Defragment                                        0 / 0                 0 / 0                 0 / 0                 0 / 0           ops/s
[190.177s][info][gc,stats    ]      Memory: Out Of Memory                                     0 / 0                 0 / 0                 0 / 0                 0 / 0           ops/s
[190.177s][info][gc,stats    ]      Memory: Page Cache Flush                                  0 / 0                 0 / 0                 0 / 0                 0 / 0           MB/s
[190.177s][info][gc,stats    ]      Memory: Page Cache Hit L1                               170 / 180             162 / 182             162 / 182             162 / 182         ops/s
[190.177s][info][gc,stats    ]      Memory: Page Cache Hit L2                                 0 / 0                 0 / 0                 0 / 0                 0 / 0           ops/s
[190.177s][info][gc,stats    ]      Memory: Page Cache Hit L3                                 0 / 0                 4 / 145               4 / 145               4 / 145         ops/s
[190.177s][info][gc,stats    ]      Memory: Page Cache Miss                                   0 / 0                 0 / 1                 0 / 1                 0 / 1           ops/s
[190.177s][info][gc,stats    ]      Memory: Uncommit                                          0 / 0                 0 / 0                 0 / 0                 0 / 0           MB/s
[190.177s][info][gc,stats    ]      Memory: Undo Object Allocation Failed                     0 / 1                 0 / 5                 0 / 5                 0 / 5           ops/s
[190.177s][info][gc,stats    ]      Memory: Undo Object Allocation Succeeded                  0 / 2                 0 / 4                 0 / 4                 0 / 4           ops/s
[190.177s][info][gc,stats    ]      Memory: Undo Page Allocation                              1 / 3                 1 / 6                 1 / 6                 1 / 6           ops/s
[190.177s][info][gc,stats    ]       Phase: Concurrent Mark                              15.112 / 15.228       14.822 / 30.725       14.822 / 30.725       14.822 / 30.725      ms
[190.177s][info][gc,stats    ]       Phase: Concurrent Mark Continue                      0.000 / 0.000         0.000 / 0.000         0.000 / 0.000         0.000 / 0.000       ms
[190.177s][info][gc,stats    ]       Phase: Concurrent Mark Free                          0.001 / 0.001         0.001 / 0.002         0.001 / 0.002         0.001 / 0.002       ms
[190.177s][info][gc,stats    ]       Phase: Concurrent Process Non-Strong References      1.002 / 1.049         1.004 / 5.203         1.004 / 5.203         1.004 / 5.203       ms
[190.177s][info][gc,stats    ]       Phase: Concurrent Relocate                           3.572 / 4.992         3.288 / 4.992         3.288 / 4.992         3.288 / 4.992       ms
[190.177s][info][gc,stats    ]       Phase: Concurrent Reset Relocation Set               0.008 / 0.013         0.008 / 0.016         0.008 / 0.016         0.008 / 0.016       ms
[190.177s][info][gc,stats    ]       Phase: Concurrent Select Relocation Set              5.543 / 7.105         5.416 / 15.037        5.416 / 15.037        5.416 / 15.037      ms
[190.177s][info][gc,stats    ]       Phase: Pause Mark End                                0.023 / 0.026         0.023 / 0.032         0.023 / 0.032         0.023 / 0.032       ms
[190.177s][info][gc,stats    ]       Phase: Pause Mark Start                              0.018 / 0.019         0.018 / 0.030         0.018 / 0.030         0.018 / 0.030       ms
[190.177s][info][gc,stats    ]       Phase: Pause Relocate Start                          0.009 / 0.011         0.009 / 0.011         0.009 / 0.011         0.009 / 0.011       ms
[190.178s][info][gc,stats    ]    Subphase: Concurrent Classes Purge                      0.009 / 0.021         0.026 / 0.832         0.026 / 0.832         0.026 / 0.832       ms
[190.178s][info][gc,stats    ]    Subphase: Concurrent Classes Unlink                     0.692 / 0.735         0.677 / 4.025         0.677 / 4.025         0.677 / 4.025       ms
[190.178s][info][gc,stats    ]    Subphase: Concurrent Mark                              13.252 / 14.145       12.926 / 23.255       12.926 / 23.255       12.926 / 23.255      ms
[190.178s][info][gc,stats    ]    Subphase: Concurrent Mark Try Flush                     0.062 / 0.107         0.070 / 0.200         0.070 / 0.200         0.070 / 0.200       ms
[190.178s][info][gc,stats    ]    Subphase: Concurrent Mark Try Terminate                 8.376 / 11.137        7.992 / 16.635        7.992 / 16.635        7.992 / 16.635      ms
[190.178s][info][gc,stats    ]    Subphase: Concurrent References Enqueue                 0.000 / 0.001         0.001 / 0.004         0.001 / 0.004         0.001 / 0.004       ms
[190.178s][info][gc,stats    ]    Subphase: Concurrent References Process                 0.045 / 0.051         0.046 / 0.075         0.046 / 0.075         0.046 / 0.075       ms
[190.178s][info][gc,stats    ]    Subphase: Concurrent Roots ClassLoaderDataGraph         0.098 / 0.670         0.089 / 0.967         0.089 / 0.967         0.089 / 0.967       ms
[190.178s][info][gc,stats    ]    Subphase: Concurrent Roots CodeCache                    0.000 / 0.000         0.000 / 0.000         0.000 / 0.000         0.000 / 0.000       ms
[190.178s][info][gc,stats    ]    Subphase: Concurrent Roots JavaThreads                  0.522 / 1.032         0.538 / 7.350         0.538 / 7.350         0.538 / 7.350       ms
[190.178s][info][gc,stats    ]    Subphase: Concurrent Roots OopStorageSet                0.018 / 0.069         0.019 / 0.273         0.019 / 0.273         0.019 / 0.273       ms
[190.178s][info][gc,stats    ]    Subphase: Concurrent Weak Roots OopStorageSet           0.139 / 0.169         0.134 / 0.173         0.134 / 0.173         0.134 / 0.173       ms
[190.178s][info][gc,stats    ]    Subphase: Pause Mark Try Complete                       0.000 / 0.000         0.000 / 0.000         0.000 / 0.000         0.000 / 0.000       ms
[190.178s][info][gc,stats    ]      System: Java Threads                                     35 / 36               33 / 37               33 / 37               33 / 37          threads
[190.178s][info][gc,stats    ] =========================================================================================================================================================
[191.174s][info][gc,start    ] GC(119) Garbage Collection (Proactive)
[191.174s][info][gc,task     ] GC(119) Using 12 workers
[191.175s][info][gc,phases   ] GC(119) Pause Mark Start 0.017ms
[191.190s][info][gc,phases   ] GC(119) Concurrent Mark 15.172ms
[191.190s][info][gc,phases   ] GC(119) Pause Mark End 0.023ms
[191.190s][info][gc,phases   ] GC(119) Concurrent Mark Free 0.001ms
[191.191s][info][gc,phases   ] GC(119) Concurrent Process Non-Strong References 1.019ms
[191.191s][info][gc,phases   ] GC(119) Concurrent Reset Relocation Set 0.006ms
[191.195s][info][gc,phases   ] GC(119) Concurrent Select Relocation Set 3.846ms
[191.195s][info][gc,phases   ] GC(119) Pause Relocate Start 0.010ms
[191.199s][info][gc,phases   ] GC(119) Concurrent Relocate 3.188ms
[191.199s][info][gc,load     ] GC(119) Load: 0.00/0.00/0.00
[191.199s][info][gc,mmu      ] GC(119) MMU: 2ms/98.4%, 5ms/99.4%, 10ms/99.6%, 20ms/99.7%, 50ms/99.8%, 100ms/99.9%
[191.199s][info][gc,marking  ] GC(119) Mark: 8 stripe(s), 2 proactive flush(es), 1 terminate flush(es), 0 completion(s), 0 continuation(s) 
[191.199s][info][gc,marking  ] GC(119) Mark Stack Usage: 32M
[191.199s][info][gc,nmethod  ] GC(119) NMethods: 1985 registered, 379 unregistered
[191.199s][info][gc,metaspace] GC(119) Metaspace: 9M used, 9M committed, 1088M reserved
[191.199s][info][gc,ref      ] GC(119) Soft: 214 encountered, 0 discovered, 0 enqueued
[191.199s][info][gc,ref      ] GC(119) Weak: 806 encountered, 338 discovered, 0 enqueued
[191.199s][info][gc,ref      ] GC(119) Final: 0 encountered, 0 discovered, 0 enqueued
[191.199s][info][gc,ref      ] GC(119) Phantom: 27 encountered, 23 discovered, 0 enqueued
[191.199s][info][gc,reloc    ] GC(119) Small Pages: 285 / 570M, Empty: 506M, Relocated: 4M, In-Place: 0
[191.199s][info][gc,reloc    ] GC(119) Medium Pages: 0 / 0M, Empty: 0M, Relocated: 0M, In-Place: 0
[191.199s][info][gc,reloc    ] GC(119) Large Pages: 0 / 0M, Empty: 0M, Relocated: 0M, In-Place: 0
[191.199s][info][gc,reloc    ] GC(119) Forwarding Usage: 1M
[191.199s][info][gc,heap     ] GC(119) Min Capacity: 8M(0%)
[191.199s][info][gc,heap     ] GC(119) Max Capacity: 2048M(100%)
[191.199s][info][gc,heap     ] GC(119) Soft Max Capacity: 2048M(100%)
[191.199s][info][gc,heap     ] GC(119)                Mark Start          Mark End        Relocate Start      Relocate End           High               Low         
[191.199s][info][gc,heap     ] GC(119)  Capacity:     2048M (100%)       2048M (100%)       2048M (100%)       2048M (100%)       2048M (100%)       2048M (100%)   
[191.199s][info][gc,heap     ] GC(119)      Free:     1478M (72%)        1472M (72%)        1976M (96%)        2014M (98%)        2014M (98%)        1472M (72%)    
[191.199s][info][gc,heap     ] GC(119)      Used:      570M (28%)         576M (28%)          72M (4%)           34M (2%)          576M (28%)          34M (2%)     
[191.199s][info][gc,heap     ] GC(119)      Live:         -                 6M (0%)            6M (0%)            6M (0%)             -                  -          
[191.200s][info][gc,heap     ] GC(119) Allocated:         -                 6M (0%)            8M (0%)            7M (0%)             -                  -          
[191.200s][info][gc,heap     ] GC(119)   Garbage:         -               563M (28%)          57M (3%)           19M (1%)             -                  -          
[191.200s][info][gc,heap     ] GC(119) Reclaimed:         -                  -               506M (25%)         543M (27%)            -                  -          
[191.200s][info][gc          ] GC(119) Garbage Collection (Proactive) 570M(28%)->34M(2%)
[192.866s][info][gc,start    ] GC(120) Garbage Collection (Proactive)
[192.867s][info][gc,task     ] GC(120) Using 12 workers
[192.867s][info][gc,phases   ] GC(120) Pause Mark Start 0.017ms
[192.882s][info][gc,phases   ] GC(120) Concurrent Mark 15.207ms
[192.882s][info][gc,phases   ] GC(120) Pause Mark End 0.024ms
[192.882s][info][gc,phases   ] GC(120) Concurrent Mark Free 0.001ms
[192.883s][info][gc,phases   ] GC(120) Concurrent Process Non-Strong References 1.017ms
[192.884s][info][gc,phases   ] GC(120) Concurrent Reset Relocation Set 0.005ms
[192.890s][info][gc,phases   ] GC(120) Concurrent Select Relocation Set 6.869ms
[192.891s][info][gc,phases   ] GC(120) Pause Relocate Start 0.009ms
[192.894s][info][gc,phases   ] GC(120) Concurrent Relocate 3.517ms
[192.894s][info][gc,load     ] GC(120) Load: 0.00/0.00/0.00
[192.894s][info][gc,mmu      ] GC(120) MMU: 2ms/98.4%, 5ms/99.4%, 10ms/99.6%, 20ms/99.7%, 50ms/99.8%, 100ms/99.9%
[192.894s][info][gc,marking  ] GC(120) Mark: 8 stripe(s), 2 proactive flush(es), 1 terminate flush(es), 0 completion(s), 0 continuation(s) 
[192.894s][info][gc,marking  ] GC(120) Mark Stack Usage: 32M
[192.894s][info][gc,nmethod  ] GC(120) NMethods: 1985 registered, 379 unregistered
[192.894s][info][gc,metaspace] GC(120) Metaspace: 9M used, 9M committed, 1088M reserved
[192.894s][info][gc,ref      ] GC(120) Soft: 214 encountered, 0 discovered, 0 enqueued
[192.895s][info][gc,ref      ] GC(120) Weak: 806 encountered, 143 discovered, 0 enqueued
[192.895s][info][gc,ref      ] GC(120) Final: 0 encountered, 0 discovered, 0 enqueued
[192.895s][info][gc,ref      ] GC(120) Phantom: 27 encountered, 22 discovered, 0 enqueued
[192.895s][info][gc,reloc    ] GC(120) Small Pages: 279 / 558M, Empty: 448M, Relocated: 4M, In-Place: 0
[192.895s][info][gc,reloc    ] GC(120) Medium Pages: 0 / 0M, Empty: 0M, Relocated: 0M, In-Place: 0
[192.895s][info][gc,reloc    ] GC(120) Large Pages: 0 / 0M, Empty: 0M, Relocated: 0M, In-Place: 0
[192.895s][info][gc,reloc    ] GC(120) Forwarding Usage: 2M
[192.895s][info][gc,heap     ] GC(120) Min Capacity: 8M(0%)
[192.895s][info][gc,heap     ] GC(120) Max Capacity: 2048M(100%)
[192.895s][info][gc,heap     ] GC(120) Soft Max Capacity: 2048M(100%)
[192.895s][info][gc,heap     ] GC(120)                Mark Start          Mark End        Relocate Start      Relocate End           High               Low         
[192.895s][info][gc,heap     ] GC(120)  Capacity:     2048M (100%)       2048M (100%)       2048M (100%)       2048M (100%)       2048M (100%)       2048M (100%)   
[192.895s][info][gc,heap     ] GC(120)      Free:     1490M (73%)        1484M (72%)        1930M (94%)        2012M (98%)        2012M (98%)        1484M (72%)    
[192.895s][info][gc,heap     ] GC(120)      Used:      558M (27%)         564M (28%)         118M (6%)           36M (2%)          564M (28%)          36M (2%)     
[192.895s][info][gc,heap     ] GC(120)      Live:         -                 6M (0%)            6M (0%)            6M (0%)             -                  -          
[192.895s][info][gc,heap     ] GC(120) Allocated:         -                 6M (0%)            8M (0%)            9M (0%)             -                  -          
[192.895s][info][gc,heap     ] GC(120)   Garbage:         -               551M (27%)         103M (5%)           19M (1%)             -                  -          
[192.895s][info][gc,heap     ] GC(120) Reclaimed:         -                  -               448M (22%)         531M (26%)            -                  -          
[192.895s][info][gc          ] GC(120) Garbage Collection (Proactive) 558M(27%)->36M(2%)
[193.212s][info][gc,start    ] GC(121) Garbage Collection (System.gc())
[193.212s][info][gc,task     ] GC(121) Using 12 workers
[193.213s][info][gc,phases   ] GC(121) Pause Mark Start 0.019ms
[193.226s][info][gc,phases   ] GC(121) Concurrent Mark 13.096ms
[193.226s][info][gc,phases   ] GC(121) Pause Mark End 0.020ms
[193.226s][info][gc,phases   ] GC(121) Concurrent Mark Free 0.001ms
[193.227s][info][gc,phases   ] GC(121) Concurrent Process Non-Strong References 0.956ms
[193.227s][info][gc,phases   ] GC(121) Concurrent Reset Relocation Set 0.010ms
[193.231s][info][gc,phases   ] GC(121) Concurrent Select Relocation Set 3.890ms
[193.231s][info][gc,phases   ] GC(121) Pause Relocate Start 0.007ms
[193.234s][info][gc,phases   ] GC(121) Concurrent Relocate 2.920ms
[193.234s][info][gc,load     ] GC(121) Load: 0.00/0.00/0.00
[193.234s][info][gc,mmu      ] GC(121) MMU: 2ms/98.4%, 5ms/99.4%, 10ms/99.6%, 20ms/99.7%, 50ms/99.8%, 100ms/99.9%
[193.234s][info][gc,marking  ] GC(121) Mark: 8 stripe(s), 2 proactive flush(es), 1 terminate flush(es), 0 completion(s), 0 continuation(s) 
[193.234s][info][gc,marking  ] GC(121) Mark Stack Usage: 32M
[193.234s][info][gc,nmethod  ] GC(121) NMethods: 1985 registered, 381 unregistered
[193.234s][info][gc,metaspace] GC(121) Metaspace: 9M used, 9M committed, 1088M reserved
[193.234s][info][gc,ref      ] GC(121) Soft: 214 encountered, 0 discovered, 0 enqueued
[193.234s][info][gc,ref      ] GC(121) Weak: 806 encountered, 178 discovered, 0 enqueued
[193.234s][info][gc,ref      ] GC(121) Final: 0 encountered, 0 discovered, 0 enqueued
[193.234s][info][gc,ref      ] GC(121) Phantom: 27 encountered, 21 discovered, 0 enqueued
[193.234s][info][gc,reloc    ] GC(121) Small Pages: 67 / 134M, Empty: 118M, Relocated: 3M, In-Place: 0
[193.234s][info][gc,reloc    ] GC(121) Medium Pages: 0 / 0M, Empty: 0M, Relocated: 0M, In-Place: 0
[193.235s][info][gc,reloc    ] GC(121) Large Pages: 0 / 0M, Empty: 0M, Relocated: 0M, In-Place: 0
[193.235s][info][gc,reloc    ] GC(121) Forwarding Usage: 1M
[193.235s][info][gc,heap     ] GC(121) Min Capacity: 8M(0%)
[193.235s][info][gc,heap     ] GC(121) Max Capacity: 2048M(100%)
[193.235s][info][gc,heap     ] GC(121) Soft Max Capacity: 2048M(100%)
[193.235s][info][gc,heap     ] GC(121)                Mark Start          Mark End        Relocate Start      Relocate End           High               Low         
[193.235s][info][gc,heap     ] GC(121)  Capacity:     2048M (100%)       2048M (100%)       2048M (100%)       2048M (100%)       2048M (100%)       2048M (100%)   
[193.235s][info][gc,heap     ] GC(121)      Free:     1914M (93%)        1914M (93%)        2032M (99%)        2032M (99%)        2032M (99%)        1914M (93%)    
[193.235s][info][gc,heap     ] GC(121)      Used:      134M (7%)          134M (7%)           16M (1%)           16M (1%)          134M (7%)           16M (1%)     
[193.235s][info][gc,heap     ] GC(121)      Live:         -                 4M (0%)            4M (0%)            4M (0%)             -                  -          
[193.235s][info][gc,heap     ] GC(121) Allocated:         -                 0M (0%)            0M (0%)            0M (0%)             -                  -          
[193.235s][info][gc,heap     ] GC(121)   Garbage:         -               129M (6%)           11M (1%)           11M (1%)             -                  -          
[193.235s][info][gc,heap     ] GC(121) Reclaimed:         -                  -               118M (6%)          118M (6%)             -                  -          
[193.235s][info][gc          ] GC(121) Garbage Collection (System.gc()) 134M(7%)->16M(1%)
[194.871s][info][gc,start    ] GC(122) Garbage Collection (Proactive)
[194.871s][info][gc,task     ] GC(122) Using 12 workers
[194.871s][info][gc,phases   ] GC(122) Pause Mark Start 0.019ms
[194.887s][info][gc,phases   ] GC(122) Concurrent Mark 15.197ms
[194.887s][info][gc,phases   ] GC(122) Pause Mark End 0.021ms
[194.887s][info][gc,phases   ] GC(122) Concurrent Mark Free 0.002ms
[194.888s][info][gc,phases   ] GC(122) Concurrent Process Non-Strong References 1.011ms
[194.888s][info][gc,phases   ] GC(122) Concurrent Reset Relocation Set 0.001ms
[194.895s][info][gc,phases   ] GC(122) Concurrent Select Relocation Set 6.581ms
[194.895s][info][gc,phases   ] GC(122) Pause Relocate Start 0.009ms
[194.898s][info][gc,phases   ] GC(122) Concurrent Relocate 3.312ms
[194.898s][info][gc,load     ] GC(122) Load: 0.00/0.00/0.00
[194.898s][info][gc,mmu      ] GC(122) MMU: 2ms/98.4%, 5ms/99.4%, 10ms/99.6%, 20ms/99.7%, 50ms/99.8%, 100ms/99.9%
[194.898s][info][gc,marking  ] GC(122) Mark: 8 stripe(s), 2 proactive flush(es), 1 terminate flush(es), 0 completion(s), 0 continuation(s) 
[194.898s][info][gc,marking  ] GC(122) Mark Stack Usage: 32M
[194.898s][info][gc,nmethod  ] GC(122) NMethods: 1985 registered, 381 unregistered
[194.898s][info][gc,metaspace] GC(122) Metaspace: 9M used, 9M committed, 1088M reserved
[194.898s][info][gc,ref      ] GC(122) Soft: 214 encountered, 0 discovered, 0 enqueued
[194.899s][info][gc,ref      ] GC(122) Weak: 806 encountered, 29 discovered, 0 enqueued
[194.899s][info][gc,ref      ] GC(122) Final: 0 encountered, 0 discovered, 0 enqueued
[194.899s][info][gc,ref      ] GC(122) Phantom: 27 encountered, 20 discovered, 0 enqueued
[194.899s][info][gc,reloc    ] GC(122) Small Pages: 272 / 544M, Empty: 384M, Relocated: 4M, In-Place: 0
[194.899s][info][gc,reloc    ] GC(122) Medium Pages: 0 / 0M, Empty: 0M, Relocated: 0M, In-Place: 0
[194.899s][info][gc,reloc    ] GC(122) Large Pages: 0 / 0M, Empty: 0M, Relocated: 0M, In-Place: 0
[194.899s][info][gc,reloc    ] GC(122) Forwarding Usage: 2M
[194.899s][info][gc,heap     ] GC(122) Min Capacity: 8M(0%)
[194.899s][info][gc,heap     ] GC(122) Max Capacity: 2048M(100%)
[194.899s][info][gc,heap     ] GC(122) Soft Max Capacity: 2048M(100%)
[194.899s][info][gc,heap     ] GC(122)                Mark Start          Mark End        Relocate Start      Relocate End           High               Low         
[194.899s][info][gc,heap     ] GC(122)  Capacity:     2048M (100%)       2048M (100%)       2048M (100%)       2048M (100%)       2048M (100%)       2048M (100%)   
[194.899s][info][gc,heap     ] GC(122)      Free:     1504M (73%)        1498M (73%)        1880M (92%)        2014M (98%)        2014M (98%)        1498M (73%)    
[194.899s][info][gc,heap     ] GC(122)      Used:      544M (27%)         550M (27%)         168M (8%)           34M (2%)          550M (27%)          34M (2%)     
[194.899s][info][gc,heap     ] GC(122)      Live:         -                 6M (0%)            6M (0%)            6M (0%)             -                  -          
[194.899s][info][gc,heap     ] GC(122) Allocated:         -                 6M (0%)            8M (0%)            7M (0%)             -                  -          
[194.899s][info][gc,heap     ] GC(122)   Garbage:         -               537M (26%)         153M (8%)           19M (1%)             -                  -          
[194.899s][info][gc,heap     ] GC(122) Reclaimed:         -                  -               384M (19%)         517M (25%)            -                  -          
[194.899s][info][gc          ] GC(122) Garbage Collection (Proactive) 544M(27%)->34M(2%)
[196.579s][info][gc,start    ] GC(123) Garbage Collection (Proactive)
[196.579s][info][gc,task     ] GC(123) Using 12 workers
[196.579s][info][gc,phases   ] GC(123) Pause Mark Start 0.020ms
[196.595s][info][gc,phases   ] GC(123) Concurrent Mark 15.176ms
[196.595s][info][gc,phases   ] GC(123) Pause Mark End 0.023ms
[196.595s][info][gc,phases   ] GC(123) Concurrent Mark Free 0.001ms
[196.596s][info][gc,phases   ] GC(123) Concurrent Process Non-Strong References 1.030ms
[196.596s][info][gc,phases   ] GC(123) Concurrent Reset Relocation Set 0.013ms
[196.600s][info][gc,phases   ] GC(123) Concurrent Select Relocation Set 3.786ms
[196.600s][info][gc,phases   ] GC(123) Pause Relocate Start 0.012ms
[196.604s][info][gc,phases   ] GC(123) Concurrent Relocate 3.391ms
[196.604s][info][gc,load     ] GC(123) Load: 0.00/0.00/0.00
[196.604s][info][gc,mmu      ] GC(123) MMU: 2ms/98.4%, 5ms/99.4%, 10ms/99.6%, 20ms/99.7%, 50ms/99.8%, 100ms/99.9%
[196.604s][info][gc,marking  ] GC(123) Mark: 8 stripe(s), 2 proactive flush(es), 1 terminate flush(es), 0 completion(s), 0 continuation(s) 
[196.604s][info][gc,marking  ] GC(123) Mark Stack Usage: 32M
[196.604s][info][gc,nmethod  ] GC(123) NMethods: 1985 registered, 381 unregistered
[196.604s][info][gc,metaspace] GC(123) Metaspace: 9M used, 9M committed, 1088M reserved
[196.604s][info][gc,ref      ] GC(123) Soft: 214 encountered, 0 discovered, 0 enqueued
[196.604s][info][gc,ref      ] GC(123) Weak: 806 encountered, 211 discovered, 0 enqueued
[196.604s][info][gc,ref      ] GC(123) Final: 0 encountered, 0 discovered, 0 enqueued
[196.604s][info][gc,ref      ] GC(123) Phantom: 27 encountered, 21 discovered, 0 enqueued
[196.604s][info][gc,reloc    ] GC(123) Small Pages: 291 / 582M, Empty: 514M, Relocated: 4M, In-Place: 0
[196.604s][info][gc,reloc    ] GC(123) Medium Pages: 0 / 0M, Empty: 0M, Relocated: 0M, In-Place: 0
[196.604s][info][gc,reloc    ] GC(123) Large Pages: 0 / 0M, Empty: 0M, Relocated: 0M, In-Place: 0
[196.604s][info][gc,reloc    ] GC(123) Forwarding Usage: 1M
[196.604s][info][gc,heap     ] GC(123) Min Capacity: 8M(0%)
[196.604s][info][gc,heap     ] GC(123) Max Capacity: 2048M(100%)
[196.604s][info][gc,heap     ] GC(123) Soft Max Capacity: 2048M(100%)
[196.604s][info][gc,heap     ] GC(123)                Mark Start          Mark End        Relocate Start      Relocate End           High               Low         
[196.604s][info][gc,heap     ] GC(123)  Capacity:     2048M (100%)       2048M (100%)       2048M (100%)       2048M (100%)       2048M (100%)       2048M (100%)   
[196.604s][info][gc,heap     ] GC(123)      Free:     1466M (72%)        1460M (71%)        1972M (96%)        2012M (98%)        2012M (98%)        1460M (71%)    
[196.604s][info][gc,heap     ] GC(123)      Used:      582M (28%)         588M (29%)          76M (4%)           36M (2%)          588M (29%)          36M (2%)     
[196.604s][info][gc,heap     ] GC(123)      Live:         -                 6M (0%)            6M (0%)            6M (0%)             -                  -          
[196.604s][info][gc,heap     ] GC(123) Allocated:         -                 6M (0%)            8M (0%)            9M (0%)             -                  -          
[196.604s][info][gc,heap     ] GC(123)   Garbage:         -               575M (28%)          61M (3%)           19M (1%)             -                  -          
[196.604s][info][gc,heap     ] GC(123) Reclaimed:         -                  -               514M (25%)         555M (27%)            -                  -          
[196.604s][info][gc          ] GC(123) Garbage Collection (Proactive) 582M(28%)->36M(2%)
[198.172s][info][gc,start    ] GC(124) Garbage Collection (Proactive)
[198.173s][info][gc,task     ] GC(124) Using 12 workers
[198.173s][info][gc,phases   ] GC(124) Pause Mark Start 0.017ms
[198.188s][info][gc,phases   ] GC(124) Concurrent Mark 15.188ms
[198.188s][info][gc,phases   ] GC(124) Pause Mark End 0.024ms
[198.188s][info][gc,phases   ] GC(124) Concurrent Mark Free 0.002ms
[198.189s][info][gc,phases   ] GC(124) Concurrent Process Non-Strong References 1.067ms
[198.189s][info][gc,phases   ] GC(124) Concurrent Reset Relocation Set 0.006ms
[198.193s][info][gc,phases   ] GC(124) Concurrent Select Relocation Set 3.915ms
[198.194s][info][gc,phases   ] GC(124) Pause Relocate Start 0.009ms
[198.197s][info][gc,phases   ] GC(124) Concurrent Relocate 3.186ms
[198.197s][info][gc,load     ] GC(124) Load: 0.00/0.00/0.00
[198.197s][info][gc,mmu      ] GC(124) MMU: 2ms/98.4%, 5ms/99.4%, 10ms/99.6%, 20ms/99.7%, 50ms/99.8%, 100ms/99.9%
[198.197s][info][gc,marking  ] GC(124) Mark: 8 stripe(s), 2 proactive flush(es), 1 terminate flush(es), 0 completion(s), 0 continuation(s) 
[198.197s][info][gc,marking  ] GC(124) Mark Stack Usage: 32M
[198.197s][info][gc,nmethod  ] GC(124) NMethods: 1985 registered, 381 unregistered
[198.197s][info][gc,metaspace] GC(124) Metaspace: 9M used, 9M committed, 1088M reserved
[198.197s][info][gc,ref      ] GC(124) Soft: 214 encountered, 0 discovered, 0 enqueued
[198.197s][info][gc,ref      ] GC(124) Weak: 806 encountered, 124 discovered, 0 enqueued
[198.197s][info][gc,ref      ] GC(124) Final: 0 encountered, 0 discovered, 0 enqueued
[198.197s][info][gc,ref      ] GC(124) Phantom: 27 encountered, 20 discovered, 0 enqueued
[198.197s][info][gc,reloc    ] GC(124) Small Pages: 267 / 534M, Empty: 470M, Relocated: 4M, In-Place: 0
[198.197s][info][gc,reloc    ] GC(124) Medium Pages: 0 / 0M, Empty: 0M, Relocated: 0M, In-Place: 0
[198.197s][info][gc,reloc    ] GC(124) Large Pages: 0 / 0M, Empty: 0M, Relocated: 0M, In-Place: 0
[198.197s][info][gc,reloc    ] GC(124) Forwarding Usage: 1M
[198.197s][info][gc,heap     ] GC(124) Min Capacity: 8M(0%)
[198.197s][info][gc,heap     ] GC(124) Max Capacity: 2048M(100%)
[198.197s][info][gc,heap     ] GC(124) Soft Max Capacity: 2048M(100%)
[198.197s][info][gc,heap     ] GC(124)                Mark Start          Mark End        Relocate Start      Relocate End           High               Low         
[198.197s][info][gc,heap     ] GC(124)  Capacity:     2048M (100%)       2048M (100%)       2048M (100%)       2048M (100%)       2048M (100%)       2048M (100%)   
[198.197s][info][gc,heap     ] GC(124)      Free:     1514M (74%)        1508M (74%)        1976M (96%)        2012M (98%)        2012M (98%)        1506M (74%)    
[198.198s][info][gc,heap     ] GC(124)      Used:      534M (26%)         540M (26%)          72M (4%)           36M (2%)          542M (26%)          36M (2%)     
[198.198s][info][gc,heap     ] GC(124)      Live:         -                 6M (0%)            6M (0%)            6M (0%)             -                  -          
[198.198s][info][gc,heap     ] GC(124) Allocated:         -                 6M (0%)            8M (0%)            9M (0%)             -                  -          
[198.198s][info][gc,heap     ] GC(124)   Garbage:         -               527M (26%)          57M (3%)           19M (1%)             -                  -          
[198.198s][info][gc,heap     ] GC(124) Reclaimed:         -                  -               470M (23%)         507M (25%)            -                  -          
[198.198s][info][gc          ] GC(124) Garbage Collection (Proactive) 534M(26%)->36M(2%)
[199.578s][info][gc,start    ] GC(125) Garbage Collection (Proactive)
[199.578s][info][gc,task     ] GC(125) Using 12 workers
[199.579s][info][gc,phases   ] GC(125) Pause Mark Start 0.017ms
[199.594s][info][gc,phases   ] GC(125) Concurrent Mark 15.211ms
[199.594s][info][gc,phases   ] GC(125) Pause Mark End 0.026ms
[199.594s][info][gc,phases   ] GC(125) Concurrent Mark Free 0.001ms
[199.595s][info][gc,phases   ] GC(125) Concurrent Process Non-Strong References 1.049ms
[199.595s][info][gc,phases   ] GC(125) Concurrent Reset Relocation Set 0.006ms
[199.602s][info][gc,phases   ] GC(125) Concurrent Select Relocation Set 6.617ms
[199.602s][info][gc,phases   ] GC(125) Pause Relocate Start 0.009ms
[199.606s][info][gc,phases   ] GC(125) Concurrent Relocate 3.621ms
[199.606s][info][gc,load     ] GC(125) Load: 0.00/0.00/0.00
[199.606s][info][gc,mmu      ] GC(125) MMU: 2ms/98.4%, 5ms/99.4%, 10ms/99.6%, 20ms/99.7%, 50ms/99.8%, 100ms/99.9%
[199.606s][info][gc,marking  ] GC(125) Mark: 8 stripe(s), 2 proactive flush(es), 1 terminate flush(es), 0 completion(s), 0 continuation(s) 
[199.606s][info][gc,marking  ] GC(125) Mark Stack Usage: 32M
[199.606s][info][gc,nmethod  ] GC(125) NMethods: 1985 registered, 381 unregistered
[199.606s][info][gc,metaspace] GC(125) Metaspace: 9M used, 9M committed, 1088M reserved
[199.606s][info][gc,ref      ] GC(125) Soft: 214 encountered, 0 discovered, 0 enqueued
[199.606s][info][gc,ref      ] GC(125) Weak: 806 encountered, 187 discovered, 0 enqueued
[199.606s][info][gc,ref      ] GC(125) Final: 0 encountered, 0 discovered, 0 enqueued
[199.606s][info][gc,ref      ] GC(125) Phantom: 27 encountered, 21 discovered, 0 enqueued
[199.606s][info][gc,reloc    ] GC(125) Small Pages: 246 / 492M, Empty: 388M, Relocated: 4M, In-Place: 0
[199.606s][info][gc,reloc    ] GC(125) Medium Pages: 0 / 0M, Empty: 0M, Relocated: 0M, In-Place: 0
[199.606s][info][gc,reloc    ] GC(125) Large Pages: 0 / 0M, Empty: 0M, Relocated: 0M, In-Place: 0
[199.606s][info][gc,reloc    ] GC(125) Forwarding Usage: 1M
[199.606s][info][gc,heap     ] GC(125) Min Capacity: 8M(0%)
[199.606s][info][gc,heap     ] GC(125) Max Capacity: 2048M(100%)
[199.607s][info][gc,heap     ] GC(125) Soft Max Capacity: 2048M(100%)
[199.607s][info][gc,heap     ] GC(125)                Mark Start          Mark End        Relocate Start      Relocate End           High               Low         
[199.607s][info][gc,heap     ] GC(125)  Capacity:     2048M (100%)       2048M (100%)       2048M (100%)       2048M (100%)       2048M (100%)       2048M (100%)   
[199.607s][info][gc,heap     ] GC(125)      Free:     1556M (76%)        1550M (76%)        1936M (95%)        2012M (98%)        2012M (98%)        1550M (76%)    
[199.607s][info][gc,heap     ] GC(125)      Used:      492M (24%)         498M (24%)         112M (5%)           36M (2%)          498M (24%)          36M (2%)     
[199.607s][info][gc,heap     ] GC(125)      Live:         -                 6M (0%)            6M (0%)            6M (0%)             -                  -          
[199.607s][info][gc,heap     ] GC(125) Allocated:         -                 6M (0%)            8M (0%)            9M (0%)             -                  -          
[199.607s][info][gc,heap     ] GC(125)   Garbage:         -               485M (24%)          97M (5%)           19M (1%)             -                  -          
[199.607s][info][gc,heap     ] GC(125) Reclaimed:         -                  -               388M (19%)         465M (23%)            -                  -          
[199.607s][info][gc          ] GC(125) Garbage Collection (Proactive) 492M(24%)->36M(2%)
[199.976s][info][gc,start    ] GC(126) Garbage Collection (System.gc())
[199.976s][info][gc,task     ] GC(126) Using 12 workers
[199.976s][info][gc,phases   ] GC(126) Pause Mark Start 0.017ms
[199.984s][info][gc,phases   ] GC(126) Concurrent Mark 8.002ms
[199.985s][info][gc,phases   ] GC(126) Pause Mark End 0.021ms
[199.985s][info][gc,phases   ] GC(126) Concurrent Mark Free 0.001ms
[199.986s][info][gc,phases   ] GC(126) Concurrent Process Non-Strong References 0.906ms
[199.986s][info][gc,phases   ] GC(126) Concurrent Reset Relocation Set 0.008ms
[199.990s][info][gc,phases   ] GC(126) Concurrent Select Relocation Set 3.844ms
[199.990s][info][gc,phases   ] GC(126) Pause Relocate Start 0.010ms
[199.993s][info][gc,phases   ] GC(126) Concurrent Relocate 2.894ms
[199.993s][info][gc,load     ] GC(126) Load: 0.00/0.00/0.00
[199.993s][info][gc,mmu      ] GC(126) MMU: 2ms/98.4%, 5ms/99.4%, 10ms/99.6%, 20ms/99.7%, 50ms/99.8%, 100ms/99.9%
[199.993s][info][gc,marking  ] GC(126) Mark: 8 stripe(s), 1 proactive flush(es), 1 terminate flush(es), 0 completion(s), 0 continuation(s) 
[199.993s][info][gc,marking  ] GC(126) Mark Stack Usage: 32M
[199.993s][info][gc,nmethod  ] GC(126) NMethods: 1986 registered, 381 unregistered
[199.993s][info][gc,metaspace] GC(126) Metaspace: 9M used, 9M committed, 1088M reserved
[199.993s][info][gc,ref      ] GC(126) Soft: 214 encountered, 0 discovered, 0 enqueued
[199.993s][info][gc,ref      ] GC(126) Weak: 806 encountered, 45 discovered, 0 enqueued
[199.993s][info][gc,ref      ] GC(126) Final: 0 encountered, 0 discovered, 0 enqueued
[199.993s][info][gc,ref      ] GC(126) Phantom: 27 encountered, 16 discovered, 0 enqueued
[199.993s][info][gc,reloc    ] GC(126) Small Pages: 76 / 152M, Empty: 132M, Relocated: 3M, In-Place: 0
[199.993s][info][gc,reloc    ] GC(126) Medium Pages: 0 / 0M, Empty: 0M, Relocated: 0M, In-Place: 0
[199.993s][info][gc,reloc    ] GC(126) Large Pages: 0 / 0M, Empty: 0M, Relocated: 0M, In-Place: 0
[199.993s][info][gc,reloc    ] GC(126) Forwarding Usage: 1M
[199.993s][info][gc,heap     ] GC(126) Min Capacity: 8M(0%)
[199.993s][info][gc,heap     ] GC(126) Max Capacity: 2048M(100%)
[199.993s][info][gc,heap     ] GC(126) Soft Max Capacity: 2048M(100%)
[199.993s][info][gc,heap     ] GC(126)                Mark Start          Mark End        Relocate Start      Relocate End           High               Low         
[199.993s][info][gc,heap     ] GC(126)  Capacity:     2048M (100%)       2048M (100%)       2048M (100%)       2048M (100%)       2048M (100%)       2048M (100%)   
[199.993s][info][gc,heap     ] GC(126)      Free:     1896M (93%)        1896M (93%)        2028M (99%)        2028M (99%)        2028M (99%)        1896M (93%)    
[199.993s][info][gc,heap     ] GC(126)      Used:      152M (7%)          152M (7%)           20M (1%)           20M (1%)          152M (7%)           20M (1%)     
[199.993s][info][gc,heap     ] GC(126)      Live:         -                 4M (0%)            4M (0%)            4M (0%)             -                  -          
[199.993s][info][gc,heap     ] GC(126) Allocated:         -                 0M (0%)            0M (0%)            0M (0%)             -                  -          
[199.993s][info][gc,heap     ] GC(126)   Garbage:         -               147M (7%)           15M (1%)           15M (1%)             -                  -          
[199.993s][info][gc,heap     ] GC(126) Reclaimed:         -                  -               132M (6%)          132M (6%)             -                  -          
[199.993s][info][gc          ] GC(126) Garbage Collection (System.gc()) 152M(7%)->20M(1%)
[200.172s][info][gc,stats    ] === Garbage Collection Statistics =======================================================================================================================
[200.172s][info][gc,stats    ]                                                              Last 10s              Last 10m              Last 10h                Total
[200.172s][info][gc,stats    ]                                                              Avg / Max             Avg / Max             Avg / Max             Avg / Max
[200.172s][info][gc,stats    ]   Collector: Garbage Collection Cycle                     24.380 / 27.836       25.996 / 57.424       25.996 / 57.424       25.996 / 57.424      ms
[200.172s][info][gc,stats    ]  Contention: Mark Segment Reset Contention                     1 / 4                 1 / 13                1 / 13                1 / 13          ops/s
[200.172s][info][gc,stats    ]  Contention: Mark SeqNum Reset Contention                      0 / 2                 0 / 2                 0 / 2                 0 / 2           ops/s
[200.172s][info][gc,stats    ]    Critical: Allocation Stall                                  0 / 0                 0 / 0                 0 / 0                 0 / 0           ops/s
[200.172s][info][gc,stats    ]    Critical: Allocation Stall                              0.000 / 0.000         0.000 / 0.000         0.000 / 0.000         0.000 / 0.000       ms
[200.172s][info][gc,stats    ]    Critical: GC Locker Stall                                   0 / 0                 0 / 0                 0 / 0                 0 / 0           ops/s
[200.172s][info][gc,stats    ]    Critical: GC Locker Stall                               0.000 / 0.000         0.000 / 0.000         0.000 / 0.000         0.000 / 0.000       ms
[200.172s][info][gc,stats    ]    Critical: Relocation Stall                                  0 / 0                 0 / 0                 0 / 0                 0 / 0           ops/s
[200.172s][info][gc,stats    ]    Critical: Relocation Stall                              0.000 / 0.000         0.000 / 0.000         0.000 / 0.000         0.000 / 0.000       ms
[200.172s][info][gc,stats    ]      Memory: Allocation Rate                                 325 / 338             320 / 342             320 / 342             320 / 342         MB/s
[200.172s][info][gc,stats    ]      Memory: Defragment                                        0 / 0                 0 / 0                 0 / 0                 0 / 0           ops/s
[200.172s][info][gc,stats    ]      Memory: Out Of Memory                                     0 / 0                 0 / 0                 0 / 0                 0 / 0           ops/s
[200.173s][info][gc,stats    ]      Memory: Page Cache Flush                                  0 / 0                 0 / 0                 0 / 0                 0 / 0           MB/s
[200.173s][info][gc,stats    ]      Memory: Page Cache Hit L1                               171 / 184             163 / 184             163 / 184             163 / 184         ops/s
[200.173s][info][gc,stats    ]      Memory: Page Cache Hit L2                                 0 / 0                 0 / 0                 0 / 0                 0 / 0           ops/s
[200.173s][info][gc,stats    ]      Memory: Page Cache Hit L3                                 0 / 0                 4 / 145               4 / 145               4 / 145         ops/s
[200.173s][info][gc,stats    ]      Memory: Page Cache Miss                                   0 / 0                 0 / 1                 0 / 1                 0 / 1           ops/s
[200.173s][info][gc,stats    ]      Memory: Uncommit                                          0 / 0                 0 / 0                 0 / 0                 0 / 0           MB/s
[200.173s][info][gc,stats    ]      Memory: Undo Object Allocation Failed                     0 / 2                 0 / 5                 0 / 5                 0 / 5           ops/s
[200.173s][info][gc,stats    ]      Memory: Undo Object Allocation Succeeded                  0 / 2                 0 / 4                 0 / 4                 0 / 4           ops/s
[200.173s][info][gc,stats    ]      Memory: Undo Page Allocation                              2 / 4                 1 / 6                 1 / 6                 1 / 6           ops/s
[200.173s][info][gc,stats    ]       Phase: Concurrent Mark                              14.031 / 15.211       14.773 / 30.725       14.773 / 30.725       14.773 / 30.725      ms
[200.173s][info][gc,stats    ]       Phase: Concurrent Mark Continue                      0.000 / 0.000         0.000 / 0.000         0.000 / 0.000         0.000 / 0.000       ms
[200.173s][info][gc,stats    ]       Phase: Concurrent Mark Free                          0.001 / 0.002         0.001 / 0.002         0.001 / 0.002         0.001 / 0.002       ms
[200.173s][info][gc,stats    ]       Phase: Concurrent Process Non-Strong References      1.007 / 1.067         1.004 / 5.203         1.004 / 5.203         1.004 / 5.203       ms
[200.173s][info][gc,stats    ]       Phase: Concurrent Relocate                           3.253 / 3.621         3.286 / 4.992         3.286 / 4.992         3.286 / 4.992       ms
[200.173s][info][gc,stats    ]       Phase: Concurrent Reset Relocation Set               0.007 / 0.013         0.008 / 0.016         0.008 / 0.016         0.008 / 0.016       ms
[200.173s][info][gc,stats    ]       Phase: Concurrent Select Relocation Set              4.918 / 6.869         5.385 / 15.037        5.385 / 15.037        5.385 / 15.037      ms
[200.173s][info][gc,stats    ]       Phase: Pause Mark End                                0.023 / 0.026         0.023 / 0.032         0.023 / 0.032         0.023 / 0.032       ms
[200.173s][info][gc,stats    ]       Phase: Pause Mark Start                              0.018 / 0.020         0.018 / 0.030         0.018 / 0.030         0.018 / 0.030       ms
[200.173s][info][gc,stats    ]       Phase: Pause Relocate Start                          0.009 / 0.012         0.009 / 0.012         0.009 / 0.012         0.009 / 0.012       ms
[200.173s][info][gc,stats    ]    Subphase: Concurrent Classes Purge                      0.008 / 0.026         0.025 / 0.832         0.025 / 0.832         0.025 / 0.832       ms
[200.173s][info][gc,stats    ]    Subphase: Concurrent Classes Unlink                     0.686 / 0.723         0.677 / 4.025         0.677 / 4.025         0.677 / 4.025       ms
[200.173s][info][gc,stats    ]    Subphase: Concurrent Mark                              12.241 / 14.129       12.883 / 23.255       12.883 / 23.255       12.883 / 23.255      ms
[200.173s][info][gc,stats    ]    Subphase: Concurrent Mark Try Flush                     0.076 / 0.110         0.071 / 0.200         0.071 / 0.200         0.071 / 0.200       ms
[200.173s][info][gc,stats    ]    Subphase: Concurrent Mark Try Terminate                 7.755 / 11.440        7.978 / 16.635        7.978 / 16.635        7.978 / 16.635      ms
[200.173s][info][gc,stats    ]    Subphase: Concurrent References Enqueue                 0.000 / 0.001         0.000 / 0.004         0.000 / 0.004         0.000 / 0.004       ms
[200.173s][info][gc,stats    ]    Subphase: Concurrent References Process                 0.050 / 0.063         0.046 / 0.075         0.046 / 0.075         0.046 / 0.075       ms
[200.173s][info][gc,stats    ]    Subphase: Concurrent Roots ClassLoaderDataGraph         0.086 / 0.619         0.089 / 0.967         0.089 / 0.967         0.089 / 0.967       ms
[200.173s][info][gc,stats    ]    Subphase: Concurrent Roots CodeCache                    0.000 / 0.000         0.000 / 0.000         0.000 / 0.000         0.000 / 0.000       ms
[200.174s][info][gc,stats    ]    Subphase: Concurrent Roots JavaThreads                  0.550 / 1.086         0.539 / 7.350         0.539 / 7.350         0.539 / 7.350       ms
[200.174s][info][gc,stats    ]    Subphase: Concurrent Roots OopStorageSet                0.016 / 0.053         0.018 / 0.273         0.018 / 0.273         0.018 / 0.273       ms
[200.174s][info][gc,stats    ]    Subphase: Concurrent Weak Roots OopStorageSet           0.138 / 0.151         0.134 / 0.173         0.134 / 0.173         0.134 / 0.173       ms
[200.174s][info][gc,stats    ]    Subphase: Pause Mark Try Complete                       0.000 / 0.000         0.000 / 0.000         0.000 / 0.000         0.000 / 0.000       ms
[200.174s][info][gc,stats    ]      System: Java Threads                                     36 / 36               33 / 37               33 / 37               33 / 37          threads
[200.174s][info][gc,stats    ] =========================================================================================================================================================
[201.765s][info][gc,start    ] GC(127) Garbage Collection (Proactive)
[201.765s][info][gc,task     ] GC(127) Using 12 workers
[201.766s][info][gc,phases   ] GC(127) Pause Mark Start 0.017ms
[201.781s][info][gc,phases   ] GC(127) Concurrent Mark 15.201ms
[201.781s][info][gc,phases   ] GC(127) Pause Mark End 0.024ms
[201.781s][info][gc,phases   ] GC(127) Concurrent Mark Free 0.001ms
[201.782s][info][gc,phases   ] GC(127) Concurrent Process Non-Strong References 1.013ms
[201.782s][info][gc,phases   ] GC(127) Concurrent Reset Relocation Set 0.002ms
[201.789s][info][gc,phases   ] GC(127) Concurrent Select Relocation Set 6.607ms
[201.789s][info][gc,phases   ] GC(127) Pause Relocate Start 0.009ms
[201.793s][info][gc,phases   ] GC(127) Concurrent Relocate 4.139ms
[201.793s][info][gc,load     ] GC(127) Load: 0.00/0.00/0.00
[201.793s][info][gc,mmu      ] GC(127) MMU: 2ms/98.4%, 5ms/99.4%, 10ms/99.6%, 20ms/99.7%, 50ms/99.8%, 100ms/99.9%
[201.793s][info][gc,marking  ] GC(127) Mark: 8 stripe(s), 2 proactive flush(es), 1 terminate flush(es), 0 completion(s), 0 continuation(s) 
[201.793s][info][gc,marking  ] GC(127) Mark Stack Usage: 32M
[201.793s][info][gc,nmethod  ] GC(127) NMethods: 1990 registered, 381 unregistered
[201.794s][info][gc,metaspace] GC(127) Metaspace: 9M used, 9M committed, 1088M reserved
[201.794s][info][gc,ref      ] GC(127) Soft: 214 encountered, 0 discovered, 0 enqueued
[201.794s][info][gc,ref      ] GC(127) Weak: 806 encountered, 338 discovered, 0 enqueued
[201.794s][info][gc,ref      ] GC(127) Final: 0 encountered, 0 discovered, 0 enqueued
[201.794s][info][gc,ref      ] GC(127) Phantom: 27 encountered, 20 discovered, 0 enqueued
[201.794s][info][gc,reloc    ] GC(127) Small Pages: 298 / 596M, Empty: 398M, Relocated: 4M, In-Place: 0
[201.794s][info][gc,reloc    ] GC(127) Medium Pages: 0 / 0M, Empty: 0M, Relocated: 0M, In-Place: 0
[201.794s][info][gc,reloc    ] GC(127) Large Pages: 0 / 0M, Empty: 0M, Relocated: 0M, In-Place: 0
[201.794s][info][gc,reloc    ] GC(127) Forwarding Usage: 2M
[201.794s][info][gc,heap     ] GC(127) Min Capacity: 8M(0%)
[201.794s][info][gc,heap     ] GC(127) Max Capacity: 2048M(100%)
[201.794s][info][gc,heap     ] GC(127) Soft Max Capacity: 2048M(100%)
[201.794s][info][gc,heap     ] GC(127)                Mark Start          Mark End        Relocate Start      Relocate End           High               Low         
[201.794s][info][gc,heap     ] GC(127)  Capacity:     2048M (100%)       2048M (100%)       2048M (100%)       2048M (100%)       2048M (100%)       2048M (100%)   
[201.794s][info][gc,heap     ] GC(127)      Free:     1452M (71%)        1446M (71%)        1842M (90%)        2012M (98%)        2012M (98%)        1446M (71%)    
[201.794s][info][gc,heap     ] GC(127)      Used:      596M (29%)         602M (29%)         206M (10%)          36M (2%)          602M (29%)          36M (2%)     
[201.794s][info][gc,heap     ] GC(127)      Live:         -                 6M (0%)            6M (0%)            6M (0%)             -                  -          
[201.794s][info][gc,heap     ] GC(127) Allocated:         -                 6M (0%)            8M (0%)            9M (0%)             -                  -          
[201.794s][info][gc,heap     ] GC(127)   Garbage:         -               589M (29%)         191M (9%)           19M (1%)             -                  -          
[201.794s][info][gc,heap     ] GC(127) Reclaimed:         -                  -               398M (19%)         569M (28%)            -                  -          
[201.794s][info][gc          ] GC(127) Garbage Collection (Proactive) 596M(29%)->36M(2%)
[203.874s][info][gc,start    ] GC(128) Garbage Collection (Proactive)
[203.874s][info][gc,task     ] GC(128) Using 12 workers
[203.874s][info][gc,phases   ] GC(128) Pause Mark Start 0.016ms
[203.890s][info][gc,phases   ] GC(128) Concurrent Mark 15.150ms
[203.890s][info][gc,phases   ] GC(128) Pause Mark End 0.026ms
[203.890s][info][gc,phases   ] GC(128) Concurrent Mark Free 0.001ms
[203.891s][info][gc,phases   ] GC(128) Concurrent Process Non-Strong References 1.060ms
[203.891s][info][gc,phases   ] GC(128) Concurrent Reset Relocation Set 0.014ms
[203.898s][info][gc,phases   ] GC(128) Concurrent Select Relocation Set 7.069ms
[203.898s][info][gc,phases   ] GC(128) Pause Relocate Start 0.010ms
[203.902s][info][gc,phases   ] GC(128) Concurrent Relocate 3.505ms
[203.902s][info][gc,load     ] GC(128) Load: 0.00/0.00/0.00
[203.902s][info][gc,mmu      ] GC(128) MMU: 2ms/98.4%, 5ms/99.4%, 10ms/99.6%, 20ms/99.7%, 50ms/99.8%, 100ms/99.9%
[203.902s][info][gc,marking  ] GC(128) Mark: 8 stripe(s), 2 proactive flush(es), 2 terminate flush(es), 0 completion(s), 0 continuation(s) 
[203.902s][info][gc,marking  ] GC(128) Mark Stack Usage: 32M
[203.902s][info][gc,nmethod  ] GC(128) NMethods: 1990 registered, 381 unregistered
[203.902s][info][gc,metaspace] GC(128) Metaspace: 9M used, 9M committed, 1088M reserved
[203.902s][info][gc,ref      ] GC(128) Soft: 214 encountered, 0 discovered, 0 enqueued
[203.902s][info][gc,ref      ] GC(128) Weak: 806 encountered, 247 discovered, 0 enqueued
[203.902s][info][gc,ref      ] GC(128) Final: 0 encountered, 0 discovered, 0 enqueued
[203.902s][info][gc,ref      ] GC(128) Phantom: 27 encountered, 22 discovered, 0 enqueued
[203.902s][info][gc,reloc    ] GC(128) Small Pages: 347 / 694M, Empty: 528M, Relocated: 4M, In-Place: 0
[203.902s][info][gc,reloc    ] GC(128) Medium Pages: 0 / 0M, Empty: 0M, Relocated: 0M, In-Place: 0
[203.902s][info][gc,reloc    ] GC(128) Large Pages: 0 / 0M, Empty: 0M, Relocated: 0M, In-Place: 0
[203.902s][info][gc,reloc    ] GC(128) Forwarding Usage: 2M
[203.902s][info][gc,heap     ] GC(128) Min Capacity: 8M(0%)
[203.902s][info][gc,heap     ] GC(128) Max Capacity: 2048M(100%)
[203.902s][info][gc,heap     ] GC(128) Soft Max Capacity: 2048M(100%)
[203.903s][info][gc,heap     ] GC(128)                Mark Start          Mark End        Relocate Start      Relocate End           High               Low         
[203.903s][info][gc,heap     ] GC(128)  Capacity:     2048M (100%)       2048M (100%)       2048M (100%)       2048M (100%)       2048M (100%)       2048M (100%)   
[203.903s][info][gc,heap     ] GC(128)      Free:     1354M (66%)        1348M (66%)        1874M (92%)        2014M (98%)        2014M (98%)        1348M (66%)    
[203.903s][info][gc,heap     ] GC(128)      Used:      694M (34%)         700M (34%)         174M (8%)           34M (2%)          700M (34%)          34M (2%)     
[203.903s][info][gc,heap     ] GC(128)      Live:         -                 6M (0%)            6M (0%)            6M (0%)             -                  -          
[203.903s][info][gc,heap     ] GC(128) Allocated:         -                 6M (0%)            8M (0%)            7M (0%)             -                  -          
[203.903s][info][gc,heap     ] GC(128)   Garbage:         -               687M (34%)         159M (8%)           19M (1%)             -                  -          
[203.903s][info][gc,heap     ] GC(128) Reclaimed:         -                  -               528M (26%)         667M (33%)            -                  -          
[203.903s][info][gc          ] GC(128) Garbage Collection (Proactive) 694M(34%)->34M(2%)
[205.773s][info][gc,start    ] GC(129) Garbage Collection (Proactive)
[205.773s][info][gc,task     ] GC(129) Using 12 workers
[205.774s][info][gc,phases   ] GC(129) Pause Mark Start 0.018ms
[205.789s][info][gc,phases   ] GC(129) Concurrent Mark 15.154ms
[205.789s][info][gc,phases   ] GC(129) Pause Mark End 0.024ms
[205.789s][info][gc,phases   ] GC(129) Concurrent Mark Free 0.001ms
[205.790s][info][gc,phases   ] GC(129) Concurrent Process Non-Strong References 1.008ms
[205.790s][info][gc,phases   ] GC(129) Concurrent Reset Relocation Set 0.011ms
[205.794s][info][gc,phases   ] GC(129) Concurrent Select Relocation Set 3.884ms
[205.794s][info][gc,phases   ] GC(129) Pause Relocate Start 0.008ms
[205.798s][info][gc,phases   ] GC(129) Concurrent Relocate 3.452ms
[205.798s][info][gc,load     ] GC(129) Load: 0.00/0.00/0.00
[205.798s][info][gc,mmu      ] GC(129) MMU: 2ms/98.4%, 5ms/99.4%, 10ms/99.6%, 20ms/99.7%, 50ms/99.8%, 100ms/99.9%
[205.798s][info][gc,marking  ] GC(129) Mark: 8 stripe(s), 2 proactive flush(es), 1 terminate flush(es), 0 completion(s), 0 continuation(s) 
[205.798s][info][gc,marking  ] GC(129) Mark Stack Usage: 32M
[205.798s][info][gc,nmethod  ] GC(129) NMethods: 1990 registered, 381 unregistered
[205.798s][info][gc,metaspace] GC(129) Metaspace: 9M used, 9M committed, 1088M reserved
[205.798s][info][gc,ref      ] GC(129) Soft: 214 encountered, 0 discovered, 0 enqueued
[205.798s][info][gc,ref      ] GC(129) Weak: 806 encountered, 224 discovered, 0 enqueued
[205.798s][info][gc,ref      ] GC(129) Final: 0 encountered, 0 discovered, 0 enqueued
[205.798s][info][gc,ref      ] GC(129) Phantom: 27 encountered, 22 discovered, 0 enqueued
[205.798s][info][gc,reloc    ] GC(129) Small Pages: 323 / 646M, Empty: 550M, Relocated: 5M, In-Place: 0
[205.798s][info][gc,reloc    ] GC(129) Medium Pages: 0 / 0M, Empty: 0M, Relocated: 0M, In-Place: 0
[205.798s][info][gc,reloc    ] GC(129) Large Pages: 0 / 0M, Empty: 0M, Relocated: 0M, In-Place: 0
[205.798s][info][gc,reloc    ] GC(129) Forwarding Usage: 2M
[205.798s][info][gc,heap     ] GC(129) Min Capacity: 8M(0%)
[205.798s][info][gc,heap     ] GC(129) Max Capacity: 2048M(100%)
[205.798s][info][gc,heap     ] GC(129) Soft Max Capacity: 2048M(100%)
[205.798s][info][gc,heap     ] GC(129)                Mark Start          Mark End        Relocate Start      Relocate End           High               Low         
[205.798s][info][gc,heap     ] GC(129)  Capacity:     2048M (100%)       2048M (100%)       2048M (100%)       2048M (100%)       2048M (100%)       2048M (100%)   
[205.798s][info][gc,heap     ] GC(129)      Free:     1402M (68%)        1396M (68%)        1944M (95%)        2014M (98%)        2014M (98%)        1396M (68%)    
[205.799s][info][gc,heap     ] GC(129)      Used:      646M (32%)         652M (32%)         104M (5%)           34M (2%)          652M (32%)          34M (2%)     
[205.799s][info][gc,heap     ] GC(129)      Live:         -                 6M (0%)            6M (0%)            6M (0%)             -                  -          
[205.799s][info][gc,heap     ] GC(129) Allocated:         -                 6M (0%)            8M (0%)            7M (0%)             -                  -          
[205.799s][info][gc,heap     ] GC(129)   Garbage:         -               639M (31%)          89M (4%)           19M (1%)             -                  -          
[205.799s][info][gc,heap     ] GC(129) Reclaimed:         -                  -               550M (27%)         619M (30%)            -                  -          
[205.799s][info][gc          ] GC(129) Garbage Collection (Proactive) 646M(32%)->34M(2%)
[206.789s][info][gc,start    ] GC(130) Garbage Collection (System.gc())
[206.789s][info][gc,task     ] GC(130) Using 12 workers
[206.789s][info][gc,phases   ] GC(130) Pause Mark Start 0.017ms
[206.796s][info][gc,phases   ] GC(130) Concurrent Mark 7.371ms
[206.796s][info][gc,phases   ] GC(130) Pause Mark End 0.021ms
[206.797s][info][gc,phases   ] GC(130) Concurrent Mark Free 0.001ms
[206.797s][info][gc,phases   ] GC(130) Concurrent Process Non-Strong References 0.933ms
[206.798s][info][gc,phases   ] GC(130) Concurrent Reset Relocation Set 0.007ms
[206.802s][info][gc,phases   ] GC(130) Concurrent Select Relocation Set 3.976ms
[206.802s][info][gc,phases   ] GC(130) Pause Relocate Start 0.006ms
[206.805s][info][gc,phases   ] GC(130) Concurrent Relocate 2.882ms
[206.805s][info][gc,load     ] GC(130) Load: 0.00/0.00/0.00
[206.805s][info][gc,mmu      ] GC(130) MMU: 2ms/98.4%, 5ms/99.4%, 10ms/99.6%, 20ms/99.7%, 50ms/99.8%, 100ms/99.9%
[206.805s][info][gc,marking  ] GC(130) Mark: 8 stripe(s), 3 proactive flush(es), 1 terminate flush(es), 0 completion(s), 0 continuation(s) 
[206.805s][info][gc,marking  ] GC(130) Mark Stack Usage: 32M
[206.805s][info][gc,nmethod  ] GC(130) NMethods: 1992 registered, 381 unregistered
[206.805s][info][gc,metaspace] GC(130) Metaspace: 9M used, 9M committed, 1088M reserved
[206.805s][info][gc,ref      ] GC(130) Soft: 214 encountered, 0 discovered, 0 enqueued
[206.805s][info][gc,ref      ] GC(130) Weak: 806 encountered, 338 discovered, 0 enqueued
[206.805s][info][gc,ref      ] GC(130) Final: 0 encountered, 0 discovered, 0 enqueued
[206.805s][info][gc,ref      ] GC(130) Phantom: 27 encountered, 23 discovered, 0 enqueued
[206.805s][info][gc,reloc    ] GC(130) Small Pages: 169 / 338M, Empty: 320M, Relocated: 3M, In-Place: 0
[206.805s][info][gc,reloc    ] GC(130) Medium Pages: 0 / 0M, Empty: 0M, Relocated: 0M, In-Place: 0
[206.805s][info][gc,reloc    ] GC(130) Large Pages: 0 / 0M, Empty: 0M, Relocated: 0M, In-Place: 0
[206.805s][info][gc,reloc    ] GC(130) Forwarding Usage: 1M
[206.805s][info][gc,heap     ] GC(130) Min Capacity: 8M(0%)
[206.805s][info][gc,heap     ] GC(130) Max Capacity: 2048M(100%)
[206.805s][info][gc,heap     ] GC(130) Soft Max Capacity: 2048M(100%)
[206.805s][info][gc,heap     ] GC(130)                Mark Start          Mark End        Relocate Start      Relocate End           High               Low         
[206.805s][info][gc,heap     ] GC(130)  Capacity:     2048M (100%)       2048M (100%)       2048M (100%)       2048M (100%)       2048M (100%)       2048M (100%)   
[206.805s][info][gc,heap     ] GC(130)      Free:     1710M (83%)        1710M (83%)        2030M (99%)        2030M (99%)        2030M (99%)        1710M (83%)    
[206.805s][info][gc,heap     ] GC(130)      Used:      338M (17%)         338M (17%)          18M (1%)           18M (1%)          338M (17%)          18M (1%)     
[206.805s][info][gc,heap     ] GC(130)      Live:         -                 4M (0%)            4M (0%)            4M (0%)             -                  -          
[206.805s][info][gc,heap     ] GC(130) Allocated:         -                 0M (0%)            0M (0%)            0M (0%)             -                  -          
[206.805s][info][gc,heap     ] GC(130)   Garbage:         -               333M (16%)          13M (1%)           13M (1%)             -                  -          
[206.805s][info][gc,heap     ] GC(130) Reclaimed:         -                  -               320M (16%)         320M (16%)            -                  -          
[206.805s][info][gc          ] GC(130) Garbage Collection (System.gc()) 338M(17%)->18M(1%)
[208.573s][info][gc,start    ] GC(131) Garbage Collection (Proactive)
[208.573s][info][gc,task     ] GC(131) Using 12 workers
[208.573s][info][gc,phases   ] GC(131) Pause Mark Start 0.019ms
[208.589s][info][gc,phases   ] GC(131) Concurrent Mark 15.210ms
[208.589s][info][gc,phases   ] GC(131) Pause Mark End 0.025ms
[208.601s][info][gc,phases   ] GC(131) Concurrent Mark Free 0.002ms
[208.603s][info][gc,phases   ] GC(131) Concurrent Process Non-Strong References 1.066ms
[208.603s][info][gc,phases   ] GC(131) Concurrent Reset Relocation Set 0.001ms
[208.609s][info][gc,phases   ] GC(131) Concurrent Select Relocation Set 6.792ms
[208.610s][info][gc,phases   ] GC(131) Pause Relocate Start 0.010ms
[208.613s][info][gc,phases   ] GC(131) Concurrent Relocate 3.348ms
[208.613s][info][gc,load     ] GC(131) Load: 0.00/0.00/0.00
[208.613s][info][gc,mmu      ] GC(131) MMU: 2ms/98.4%, 5ms/99.4%, 10ms/99.6%, 20ms/99.7%, 50ms/99.8%, 100ms/99.9%
[208.613s][info][gc,marking  ] GC(131) Mark: 8 stripe(s), 2 proactive flush(es), 1 terminate flush(es), 0 completion(s), 0 continuation(s) 
[208.613s][info][gc,marking  ] GC(131) Mark Stack Usage: 32M
[208.613s][info][gc,nmethod  ] GC(131) NMethods: 1994 registered, 382 unregistered
[208.613s][info][gc,metaspace] GC(131) Metaspace: 9M used, 10M committed, 1088M reserved
[208.613s][info][gc,ref      ] GC(131) Soft: 214 encountered, 0 discovered, 0 enqueued
[208.613s][info][gc,ref      ] GC(131) Weak: 818 encountered, 166 discovered, 4 enqueued
[208.613s][info][gc,ref      ] GC(131) Final: 0 encountered, 0 discovered, 0 enqueued
[208.613s][info][gc,ref      ] GC(131) Phantom: 27 encountered, 19 discovered, 0 enqueued
[208.613s][info][gc,reloc    ] GC(131) Small Pages: 291 / 582M, Empty: 410M, Relocated: 4M, In-Place: 0
[208.614s][info][gc,reloc    ] GC(131) Medium Pages: 0 / 0M, Empty: 0M, Relocated: 0M, In-Place: 0
[208.614s][info][gc,reloc    ] GC(131) Large Pages: 0 / 0M, Empty: 0M, Relocated: 0M, In-Place: 0
[208.614s][info][gc,reloc    ] GC(131) Forwarding Usage: 2M
[208.614s][info][gc,heap     ] GC(131) Min Capacity: 8M(0%)
[208.614s][info][gc,heap     ] GC(131) Max Capacity: 2048M(100%)
[208.614s][info][gc,heap     ] GC(131) Soft Max Capacity: 2048M(100%)
[208.614s][info][gc,heap     ] GC(131)                Mark Start          Mark End        Relocate Start      Relocate End           High               Low         
[208.614s][info][gc,heap     ] GC(131)  Capacity:     2048M (100%)       2048M (100%)       2048M (100%)       2048M (100%)       2048M (100%)       2048M (100%)   
[208.614s][info][gc,heap     ] GC(131)      Free:     1466M (72%)        1460M (71%)        1866M (91%)        2012M (98%)        2012M (98%)        1458M (71%)    
[208.614s][info][gc,heap     ] GC(131)      Used:      582M (28%)         588M (29%)         182M (9%)           36M (2%)          590M (29%)          36M (2%)     
[208.614s][info][gc,heap     ] GC(131)      Live:         -                 6M (0%)            6M (0%)            6M (0%)             -                  -          
[208.614s][info][gc,heap     ] GC(131) Allocated:         -                 6M (0%)           10M (0%)            9M (0%)             -                  -          
[208.614s][info][gc,heap     ] GC(131)   Garbage:         -               575M (28%)         165M (8%)           19M (1%)             -                  -          
[208.614s][info][gc,heap     ] GC(131) Reclaimed:         -                  -               410M (20%)         555M (27%)            -                  -          
[208.614s][info][gc          ] GC(131) Garbage Collection (Proactive) 582M(28%)->36M(2%)
[210.174s][info][gc,stats    ] === Garbage Collection Statistics =======================================================================================================================
[210.174s][info][gc,stats    ]                                                              Last 10s              Last 10m              Last 10h                Total
[210.188s][info][gc,stats    ]                                                              Avg / Max             Avg / Max             Avg / Max             Avg / Max
[210.189s][info][gc,stats    ]   Collector: Garbage Collection Cycle                     27.399 / 40.063       26.049 / 57.424       26.049 / 57.424       26.049 / 57.424      ms
[210.189s][info][gc,stats    ]  Contention: Mark Segment Reset Contention                     1 / 4                 1 / 13                1 / 13                1 / 13          ops/s
[210.189s][info][gc,stats    ]  Contention: Mark SeqNum Reset Contention                      0 / 2                 0 / 2                 0 / 2                 0 / 2           ops/s
[210.189s][info][gc,stats    ]    Critical: Allocation Stall                                  0 / 0                 0 / 0                 0 / 0                 0 / 0           ops/s
[210.189s][info][gc,stats    ]    Critical: Allocation Stall                              0.000 / 0.000         0.000 / 0.000         0.000 / 0.000         0.000 / 0.000       ms
[210.189s][info][gc,stats    ]    Critical: GC Locker Stall                                   0 / 0                 0 / 0                 0 / 0                 0 / 0           ops/s
[210.189s][info][gc,stats    ]    Critical: GC Locker Stall                               0.000 / 0.000         0.000 / 0.000         0.000 / 0.000         0.000 / 0.000       ms
[210.189s][info][gc,stats    ]    Critical: Relocation Stall                                  0 / 0                 0 / 0                 0 / 0                 0 / 0           ops/s
[210.189s][info][gc,stats    ]    Critical: Relocation Stall                              0.000 / 0.000         0.000 / 0.000         0.000 / 0.000         0.000 / 0.000       ms
[210.189s][info][gc,stats    ]      Memory: Allocation Rate                                 326 / 338             320 / 342             320 / 342             320 / 342         MB/s
[210.189s][info][gc,stats    ]      Memory: Defragment                                        0 / 0                 0 / 0                 0 / 0                 0 / 0           ops/s
[210.189s][info][gc,stats    ]      Memory: Out Of Memory                                     0 / 0                 0 / 0                 0 / 0                 0 / 0           ops/s
[210.189s][info][gc,stats    ]      Memory: Page Cache Flush                                  0 / 0                 0 / 0                 0 / 0                 0 / 0           MB/s
[210.189s][info][gc,stats    ]      Memory: Page Cache Hit L1                               168 / 181             163 / 184             163 / 184             163 / 184         ops/s
[210.189s][info][gc,stats    ]      Memory: Page Cache Hit L2                                 0 / 0                 0 / 0                 0 / 0                 0 / 0           ops/s
[210.189s][info][gc,stats    ]      Memory: Page Cache Hit L3                                 0 / 0                 3 / 145               3 / 145               3 / 145         ops/s
[210.189s][info][gc,stats    ]      Memory: Page Cache Miss                                   0 / 0                 0 / 1                 0 / 1                 0 / 1           ops/s
[210.189s][info][gc,stats    ]      Memory: Uncommit                                          0 / 0                 0 / 0                 0 / 0                 0 / 0           MB/s
[210.189s][info][gc,stats    ]      Memory: Undo Object Allocation Failed                     0 / 1                 0 / 5                 0 / 5                 0 / 5           ops/s
[210.189s][info][gc,stats    ]      Memory: Undo Object Allocation Succeeded                  0 / 3                 0 / 4                 0 / 4                 0 / 4           ops/s
[210.189s][info][gc,stats    ]      Memory: Undo Page Allocation                              2 / 5                 1 / 6                 1 / 6                 1 / 6           ops/s
[210.189s][info][gc,stats    ]       Phase: Concurrent Mark                              13.617 / 15.210       14.729 / 30.725       14.729 / 30.725       14.729 / 30.725      ms
[210.189s][info][gc,stats    ]       Phase: Concurrent Mark Continue                      0.000 / 0.000         0.000 / 0.000         0.000 / 0.000         0.000 / 0.000       ms
[210.189s][info][gc,stats    ]       Phase: Concurrent Mark Free                          0.001 / 0.002         0.001 / 0.002         0.001 / 0.002         0.001 / 0.002       ms
[210.189s][info][gc,stats    ]       Phase: Concurrent Process Non-Strong References      1.016 / 1.066         1.005 / 5.203         1.005 / 5.203         1.005 / 5.203       ms
[210.189s][info][gc,stats    ]       Phase: Concurrent Relocate                           3.465 / 4.139         3.293 / 4.992         3.293 / 4.992         3.293 / 4.992       ms
[210.189s][info][gc,stats    ]       Phase: Concurrent Reset Relocation Set               0.007 / 0.014         0.008 / 0.016         0.008 / 0.016         0.008 / 0.016       ms
[210.189s][info][gc,stats    ]       Phase: Concurrent Select Relocation Set              5.666 / 7.069         5.395 / 15.037        5.395 / 15.037        5.395 / 15.037      ms
[210.189s][info][gc,stats    ]       Phase: Pause Mark End                                0.024 / 0.026         0.023 / 0.032         0.023 / 0.032         0.023 / 0.032       ms
[210.190s][info][gc,stats    ]       Phase: Pause Mark Start                              0.017 / 0.019         0.018 / 0.030         0.018 / 0.030         0.018 / 0.030       ms
[210.190s][info][gc,stats    ]       Phase: Pause Relocate Start                          0.009 / 0.010         0.009 / 0.012         0.009 / 0.012         0.009 / 0.012       ms
[210.190s][info][gc,stats    ]    Subphase: Concurrent Classes Purge                      0.007 / 0.018         0.024 / 0.832         0.024 / 0.832         0.024 / 0.832       ms
[210.190s][info][gc,stats    ]    Subphase: Concurrent Classes Unlink                     0.689 / 0.713         0.678 / 4.025         0.678 / 4.025         0.678 / 4.025       ms
[210.190s][info][gc,stats    ]    Subphase: Concurrent Mark                              11.895 / 14.067       12.845 / 23.255       12.845 / 23.255       12.845 / 23.255      ms
[210.190s][info][gc,stats    ]    Subphase: Concurrent Mark Try Flush                     0.075 / 0.124         0.071 / 0.200         0.071 / 0.200         0.071 / 0.200       ms
[210.190s][info][gc,stats    ]    Subphase: Concurrent Mark Try Terminate                 6.318 / 11.254        7.906 / 16.635        7.906 / 16.635        7.906 / 16.635      ms
[210.190s][info][gc,stats    ]    Subphase: Concurrent References Enqueue                 0.001 / 0.004         0.001 / 0.004         0.001 / 0.004         0.001 / 0.004       ms
[210.190s][info][gc,stats    ]    Subphase: Concurrent References Process                 0.057 / 0.064         0.046 / 0.075         0.046 / 0.075         0.046 / 0.075       ms
[210.190s][info][gc,stats    ]    Subphase: Concurrent Roots ClassLoaderDataGraph         0.091 / 0.638         0.089 / 0.967         0.089 / 0.967         0.089 / 0.967       ms
[210.190s][info][gc,stats    ]    Subphase: Concurrent Roots CodeCache                    0.000 / 0.000         0.000 / 0.000         0.000 / 0.000         0.000 / 0.000       ms
[210.190s][info][gc,stats    ]    Subphase: Concurrent Roots JavaThreads                  0.575 / 1.079         0.540 / 7.350         0.540 / 7.350         0.540 / 7.350       ms
[210.190s][info][gc,stats    ]    Subphase: Concurrent Roots OopStorageSet                0.016 / 0.050         0.018 / 0.273         0.018 / 0.273         0.018 / 0.273       ms
[210.190s][info][gc,stats    ]    Subphase: Concurrent Weak Roots OopStorageSet           0.138 / 0.170         0.134 / 0.173         0.134 / 0.173         0.134 / 0.173       ms
[210.190s][info][gc,stats    ]    Subphase: Pause Mark Try Complete                       0.000 / 0.000         0.000 / 0.000         0.000 / 0.000         0.000 / 0.000       ms
[210.190s][info][gc,stats    ]      System: Java Threads                                     36 / 39               33 / 39               33 / 39               33 / 39          threads
[210.190s][info][gc,stats    ] =========================================================================================================================================================
[211.978s][info][gc,start    ] GC(132) Garbage Collection (Proactive)
[211.978s][info][gc,task     ] GC(132) Using 12 workers
[211.978s][info][gc,phases   ] GC(132) Pause Mark Start 0.018ms
[211.994s][info][gc,phases   ] GC(132) Concurrent Mark 15.199ms
[211.994s][info][gc,phases   ] GC(132) Pause Mark End 0.023ms
[211.994s][info][gc,phases   ] GC(132) Concurrent Mark Free 0.001ms
[211.995s][info][gc,phases   ] GC(132) Concurrent Process Non-Strong References 1.009ms
[211.995s][info][gc,phases   ] GC(132) Concurrent Reset Relocation Set 0.014ms
[211.999s][info][gc,phases   ] GC(132) Concurrent Select Relocation Set 3.882ms
[211.999s][info][gc,phases   ] GC(132) Pause Relocate Start 0.008ms
[212.003s][info][gc,phases   ] GC(132) Concurrent Relocate 3.809ms
[212.003s][info][gc,load     ] GC(132) Load: 0.00/0.00/0.00
[212.003s][info][gc,mmu      ] GC(132) MMU: 2ms/98.4%, 5ms/99.4%, 10ms/99.6%, 20ms/99.7%, 50ms/99.8%, 100ms/99.9%
[212.003s][info][gc,marking  ] GC(132) Mark: 8 stripe(s), 2 proactive flush(es), 1 terminate flush(es), 0 completion(s), 0 continuation(s) 
[212.003s][info][gc,marking  ] GC(132) Mark Stack Usage: 32M
[212.003s][info][gc,nmethod  ] GC(132) NMethods: 1994 registered, 382 unregistered
[212.003s][info][gc,metaspace] GC(132) Metaspace: 9M used, 10M committed, 1088M reserved
[212.003s][info][gc,ref      ] GC(132) Soft: 214 encountered, 0 discovered, 0 enqueued
[212.003s][info][gc,ref      ] GC(132) Weak: 814 encountered, 27 discovered, 0 enqueued
[212.003s][info][gc,ref      ] GC(132) Final: 0 encountered, 0 discovered, 0 enqueued
[212.003s][info][gc,ref      ] GC(132) Phantom: 27 encountered, 20 discovered, 0 enqueued
[212.003s][info][gc,reloc    ] GC(132) Small Pages: 573 / 1146M, Empty: 1002M, Relocated: 4M, In-Place: 0
[212.003s][info][gc,reloc    ] GC(132) Medium Pages: 0 / 0M, Empty: 0M, Relocated: 0M, In-Place: 0
[212.003s][info][gc,reloc    ] GC(132) Large Pages: 0 / 0M, Empty: 0M, Relocated: 0M, In-Place: 0
[212.003s][info][gc,reloc    ] GC(132) Forwarding Usage: 2M
[212.004s][info][gc,heap     ] GC(132) Min Capacity: 8M(0%)
[212.004s][info][gc,heap     ] GC(132) Max Capacity: 2048M(100%)
[212.004s][info][gc,heap     ] GC(132) Soft Max Capacity: 2048M(100%)
[212.004s][info][gc,heap     ] GC(132)                Mark Start          Mark End        Relocate Start      Relocate End           High               Low         
[212.004s][info][gc,heap     ] GC(132)  Capacity:     2048M (100%)       2048M (100%)       2048M (100%)       2048M (100%)       2048M (100%)       2048M (100%)   
[212.004s][info][gc,heap     ] GC(132)      Free:      902M (44%)         894M (44%)        1896M (93%)        2012M (98%)        2012M (98%)         894M (44%)    
[212.004s][info][gc,heap     ] GC(132)      Used:     1146M (56%)        1154M (56%)         152M (7%)           36M (2%)         1154M (56%)          36M (2%)     
[212.004s][info][gc,heap     ] GC(132)      Live:         -                 6M (0%)            6M (0%)            6M (0%)             -                  -          
[212.004s][info][gc,heap     ] GC(132) Allocated:         -                 8M (0%)            8M (0%)            9M (0%)             -                  -          
[212.004s][info][gc,heap     ] GC(132)   Garbage:         -              1139M (56%)         137M (7%)           19M (1%)             -                  -          
[212.004s][info][gc,heap     ] GC(132) Reclaimed:         -                  -              1002M (49%)        1119M (55%)            -                  -          
[212.004s][info][gc          ] GC(132) Garbage Collection (Proactive) 1146M(56%)->36M(2%)
[213.489s][info][gc,start    ] GC(133) Garbage Collection (System.gc())
[213.489s][info][gc,task     ] GC(133) Using 12 workers
[213.489s][info][gc,phases   ] GC(133) Pause Mark Start 0.018ms
[213.500s][info][gc,phases   ] GC(133) Concurrent Mark 10.682ms
[213.500s][info][gc,phases   ] GC(133) Pause Mark End 0.020ms
[213.500s][info][gc,phases   ] GC(133) Concurrent Mark Free 0.001ms
[213.501s][info][gc,phases   ] GC(133) Concurrent Process Non-Strong References 0.940ms
[213.501s][info][gc,phases   ] GC(133) Concurrent Reset Relocation Set 0.013ms
[213.505s][info][gc,phases   ] GC(133) Concurrent Select Relocation Set 3.879ms
[213.506s][info][gc,phases   ] GC(133) Pause Relocate Start 0.007ms
[213.508s][info][gc,phases   ] GC(133) Concurrent Relocate 2.913ms
[213.509s][info][gc,load     ] GC(133) Load: 0.00/0.00/0.00
[213.509s][info][gc,mmu      ] GC(133) MMU: 2ms/98.4%, 5ms/99.4%, 10ms/99.6%, 20ms/99.7%, 50ms/99.8%, 100ms/99.9%
[213.509s][info][gc,marking  ] GC(133) Mark: 8 stripe(s), 1 proactive flush(es), 1 terminate flush(es), 0 completion(s), 0 continuation(s) 
[213.509s][info][gc,marking  ] GC(133) Mark Stack Usage: 32M
[213.509s][info][gc,nmethod  ] GC(133) NMethods: 1995 registered, 382 unregistered
[213.509s][info][gc,metaspace] GC(133) Metaspace: 9M used, 10M committed, 1088M reserved
[213.509s][info][gc,ref      ] GC(133) Soft: 214 encountered, 0 discovered, 0 enqueued
[213.509s][info][gc,ref      ] GC(133) Weak: 814 encountered, 72 discovered, 0 enqueued
[213.509s][info][gc,ref      ] GC(133) Final: 0 encountered, 0 discovered, 0 enqueued
[213.509s][info][gc,ref      ] GC(133) Phantom: 27 encountered, 23 discovered, 0 enqueued
[213.509s][info][gc,reloc    ] GC(133) Small Pages: 259 / 518M, Empty: 500M, Relocated: 3M, In-Place: 0
[213.509s][info][gc,reloc    ] GC(133) Medium Pages: 0 / 0M, Empty: 0M, Relocated: 0M, In-Place: 0
[213.509s][info][gc,reloc    ] GC(133) Large Pages: 0 / 0M, Empty: 0M, Relocated: 0M, In-Place: 0
[213.509s][info][gc,reloc    ] GC(133) Forwarding Usage: 1M
[213.509s][info][gc,heap     ] GC(133) Min Capacity: 8M(0%)
[213.509s][info][gc,heap     ] GC(133) Max Capacity: 2048M(100%)
[213.509s][info][gc,heap     ] GC(133) Soft Max Capacity: 2048M(100%)
[213.509s][info][gc,heap     ] GC(133)                Mark Start          Mark End        Relocate Start      Relocate End           High               Low         
[213.509s][info][gc,heap     ] GC(133)  Capacity:     2048M (100%)       2048M (100%)       2048M (100%)       2048M (100%)       2048M (100%)       2048M (100%)   
[213.509s][info][gc,heap     ] GC(133)      Free:     1530M (75%)        1530M (75%)        2030M (99%)        2030M (99%)        2030M (99%)        1530M (75%)    
[213.509s][info][gc,heap     ] GC(133)      Used:      518M (25%)         518M (25%)          18M (1%)           18M (1%)          518M (25%)          18M (1%)     
[213.509s][info][gc,heap     ] GC(133)      Live:         -                 4M (0%)            4M (0%)            4M (0%)             -                  -          
[213.509s][info][gc,heap     ] GC(133) Allocated:         -                 0M (0%)            0M (0%)            0M (0%)             -                  -          
[213.509s][info][gc,heap     ] GC(133)   Garbage:         -               513M (25%)          13M (1%)           13M (1%)             -                  -          
[213.509s][info][gc,heap     ] GC(133) Reclaimed:         -                  -               500M (24%)         500M (24%)            -                  -          
[213.509s][info][gc          ] GC(133) Garbage Collection (System.gc()) 518M(25%)->18M(1%)
[215.677s][info][gc,start    ] GC(134) Garbage Collection (Proactive)
[215.677s][info][gc,task     ] GC(134) Using 12 workers
[215.678s][info][gc,phases   ] GC(134) Pause Mark Start 0.017ms
[215.693s][info][gc,phases   ] GC(134) Concurrent Mark 15.212ms
[215.693s][info][gc,phases   ] GC(134) Pause Mark End 0.025ms
[215.693s][info][gc,phases   ] GC(134) Concurrent Mark Free 0.001ms
[215.694s][info][gc,phases   ] GC(134) Concurrent Process Non-Strong References 1.017ms
[215.694s][info][gc,phases   ] GC(134) Concurrent Reset Relocation Set 0.002ms
[215.701s][info][gc,phases   ] GC(134) Concurrent Select Relocation Set 6.947ms
[215.702s][info][gc,phases   ] GC(134) Pause Relocate Start 0.008ms
[215.705s][info][gc,phases   ] GC(134) Concurrent Relocate 3.355ms
[215.705s][info][gc,load     ] GC(134) Load: 0.00/0.00/0.00
[215.705s][info][gc,mmu      ] GC(134) MMU: 2ms/98.4%, 5ms/99.4%, 10ms/99.6%, 20ms/99.7%, 50ms/99.8%, 100ms/99.9%
[215.705s][info][gc,marking  ] GC(134) Mark: 8 stripe(s), 3 proactive flush(es), 1 terminate flush(es), 0 completion(s), 0 continuation(s) 
[215.705s][info][gc,marking  ] GC(134) Mark Stack Usage: 32M
[215.705s][info][gc,nmethod  ] GC(134) NMethods: 1996 registered, 382 unregistered
[215.705s][info][gc,metaspace] GC(134) Metaspace: 9M used, 10M committed, 1088M reserved
[215.705s][info][gc,ref      ] GC(134) Soft: 214 encountered, 0 discovered, 0 enqueued
[215.705s][info][gc,ref      ] GC(134) Weak: 815 encountered, 315 discovered, 0 enqueued
[215.705s][info][gc,ref      ] GC(134) Final: 0 encountered, 0 discovered, 0 enqueued
[215.705s][info][gc,ref      ] GC(134) Phantom: 27 encountered, 22 discovered, 0 enqueued
[215.705s][info][gc,reloc    ] GC(134) Small Pages: 359 / 718M, Empty: 562M, Relocated: 4M, In-Place: 0
[215.705s][info][gc,reloc    ] GC(134) Medium Pages: 0 / 0M, Empty: 0M, Relocated: 0M, In-Place: 0
[215.705s][info][gc,reloc    ] GC(134) Large Pages: 0 / 0M, Empty: 0M, Relocated: 0M, In-Place: 0
[215.705s][info][gc,reloc    ] GC(134) Forwarding Usage: 2M
[215.706s][info][gc,heap     ] GC(134) Min Capacity: 8M(0%)
[215.706s][info][gc,heap     ] GC(134) Max Capacity: 2048M(100%)
[215.706s][info][gc,heap     ] GC(134) Soft Max Capacity: 2048M(100%)
[215.706s][info][gc,heap     ] GC(134)                Mark Start          Mark End        Relocate Start      Relocate End           High               Low         
[215.706s][info][gc,heap     ] GC(134)  Capacity:     2048M (100%)       2048M (100%)       2048M (100%)       2048M (100%)       2048M (100%)       2048M (100%)   
[215.706s][info][gc,heap     ] GC(134)      Free:     1330M (65%)        1324M (65%)        1884M (92%)        2012M (98%)        2012M (98%)        1324M (65%)    
[215.706s][info][gc,heap     ] GC(134)      Used:      718M (35%)         724M (35%)         164M (8%)           36M (2%)          724M (35%)          36M (2%)     
[215.706s][info][gc,heap     ] GC(134)      Live:         -                 6M (0%)            6M (0%)            6M (0%)             -                  -          
[215.706s][info][gc,heap     ] GC(134) Allocated:         -                 6M (0%)            8M (0%)            9M (0%)             -                  -          
[215.706s][info][gc,heap     ] GC(134)   Garbage:         -               711M (35%)         149M (7%)           19M (1%)             -                  -          
[215.706s][info][gc,heap     ] GC(134) Reclaimed:         -                  -               562M (27%)         691M (34%)            -                  -          
[215.706s][info][gc          ] GC(134) Garbage Collection (Proactive) 718M(35%)->36M(2%)
[217.767s][info][gc,start    ] GC(135) Garbage Collection (Proactive)
[217.767s][info][gc,task     ] GC(135) Using 12 workers
[217.767s][info][gc,phases   ] GC(135) Pause Mark Start 0.017ms
[217.783s][info][gc,phases   ] GC(135) Concurrent Mark 15.183ms
[217.783s][info][gc,phases   ] GC(135) Pause Mark End 0.023ms
[217.783s][info][gc,phases   ] GC(135) Concurrent Mark Free 0.001ms
[217.784s][info][gc,phases   ] GC(135) Concurrent Process Non-Strong References 1.027ms
[217.784s][info][gc,phases   ] GC(135) Concurrent Reset Relocation Set 0.011ms
[217.788s][info][gc,phases   ] GC(135) Concurrent Select Relocation Set 3.821ms
[217.788s][info][gc,phases   ] GC(135) Pause Relocate Start 0.009ms
[217.792s][info][gc,phases   ] GC(135) Concurrent Relocate 3.575ms
[217.792s][info][gc,load     ] GC(135) Load: 0.00/0.00/0.00
[217.792s][info][gc,mmu      ] GC(135) MMU: 2ms/98.4%, 5ms/99.4%, 10ms/99.6%, 20ms/99.7%, 50ms/99.8%, 100ms/99.9%
[217.792s][info][gc,marking  ] GC(135) Mark: 8 stripe(s), 2 proactive flush(es), 1 terminate flush(es), 0 completion(s), 0 continuation(s) 
[217.792s][info][gc,marking  ] GC(135) Mark Stack Usage: 32M
[217.792s][info][gc,nmethod  ] GC(135) NMethods: 1996 registered, 382 unregistered
[217.792s][info][gc,metaspace] GC(135) Metaspace: 9M used, 10M committed, 1088M reserved
[217.792s][info][gc,ref      ] GC(135) Soft: 214 encountered, 0 discovered, 0 enqueued
[217.792s][info][gc,ref      ] GC(135) Weak: 815 encountered, 20 discovered, 0 enqueued
[217.792s][info][gc,ref      ] GC(135) Final: 0 encountered, 0 discovered, 0 enqueued
[217.792s][info][gc,ref      ] GC(135) Phantom: 27 encountered, 24 discovered, 0 enqueued
[217.792s][info][gc,reloc    ] GC(135) Small Pages: 350 / 700M, Empty: 544M, Relocated: 4M, In-Place: 0
[217.792s][info][gc,reloc    ] GC(135) Medium Pages: 0 / 0M, Empty: 0M, Relocated: 0M, In-Place: 0
[217.792s][info][gc,reloc    ] GC(135) Large Pages: 0 / 0M, Empty: 0M, Relocated: 0M, In-Place: 0
[217.792s][info][gc,reloc    ] GC(135) Forwarding Usage: 2M
[217.792s][info][gc,heap     ] GC(135) Min Capacity: 8M(0%)
[217.792s][info][gc,heap     ] GC(135) Max Capacity: 2048M(100%)
[217.792s][info][gc,heap     ] GC(135) Soft Max Capacity: 2048M(100%)
[217.792s][info][gc,heap     ] GC(135)                Mark Start          Mark End        Relocate Start      Relocate End           High               Low         
[217.792s][info][gc,heap     ] GC(135)  Capacity:     2048M (100%)       2048M (100%)       2048M (100%)       2048M (100%)       2048M (100%)       2048M (100%)   
[217.792s][info][gc,heap     ] GC(135)      Free:     1348M (66%)        1340M (65%)        1884M (92%)        2014M (98%)        2014M (98%)        1340M (65%)    
[217.792s][info][gc,heap     ] GC(135)      Used:      700M (34%)         708M (35%)         164M (8%)           34M (2%)          708M (35%)          34M (2%)     
[217.792s][info][gc,heap     ] GC(135)      Live:         -                 6M (0%)            6M (0%)            6M (0%)             -                  -          
[217.792s][info][gc,heap     ] GC(135) Allocated:         -                 8M (0%)            8M (0%)            7M (0%)             -                  -          
[217.792s][info][gc,heap     ] GC(135)   Garbage:         -               693M (34%)         149M (7%)           19M (1%)             -                  -          
[217.792s][info][gc,heap     ] GC(135) Reclaimed:         -                  -               544M (27%)         673M (33%)            -                  -          
[217.793s][info][gc          ] GC(135) Garbage Collection (Proactive) 700M(34%)->34M(2%)
[219.568s][info][gc,start    ] GC(136) Garbage Collection (Proactive)
[219.569s][info][gc,task     ] GC(136) Using 12 workers
[219.569s][info][gc,phases   ] GC(136) Pause Mark Start 0.018ms
[219.584s][info][gc,phases   ] GC(136) Concurrent Mark 15.179ms
[219.584s][info][gc,phases   ] GC(136) Pause Mark End 0.024ms
[219.584s][info][gc,phases   ] GC(136) Concurrent Mark Free 0.001ms
[219.585s][info][gc,phases   ] GC(136) Concurrent Process Non-Strong References 1.019ms
[219.585s][info][gc,phases   ] GC(136) Concurrent Reset Relocation Set 0.011ms
[219.589s][info][gc,phases   ] GC(136) Concurrent Select Relocation Set 3.809ms
[219.589s][info][gc,phases   ] GC(136) Pause Relocate Start 0.011ms
[219.593s][info][gc,phases   ] GC(136) Concurrent Relocate 3.133ms
[219.593s][info][gc,load     ] GC(136) Load: 0.00/0.00/0.00
[219.593s][info][gc,mmu      ] GC(136) MMU: 2ms/98.4%, 5ms/99.4%, 10ms/99.6%, 20ms/99.7%, 50ms/99.8%, 100ms/99.9%
[219.593s][info][gc,marking  ] GC(136) Mark: 8 stripe(s), 2 proactive flush(es), 1 terminate flush(es), 0 completion(s), 0 continuation(s) 
[219.593s][info][gc,marking  ] GC(136) Mark Stack Usage: 32M
[219.593s][info][gc,nmethod  ] GC(136) NMethods: 1996 registered, 382 unregistered
[219.593s][info][gc,metaspace] GC(136) Metaspace: 9M used, 10M committed, 1088M reserved
[219.593s][info][gc,ref      ] GC(136) Soft: 214 encountered, 0 discovered, 0 enqueued
[219.593s][info][gc,ref      ] GC(136) Weak: 815 encountered, 153 discovered, 0 enqueued
[219.593s][info][gc,ref      ] GC(136) Final: 0 encountered, 0 discovered, 0 enqueued
[219.593s][info][gc,ref      ] GC(136) Phantom: 27 encountered, 16 discovered, 0 enqueued
[219.593s][info][gc,reloc    ] GC(136) Small Pages: 307 / 614M, Empty: 526M, Relocated: 4M, In-Place: 0
[219.593s][info][gc,reloc    ] GC(136) Medium Pages: 0 / 0M, Empty: 0M, Relocated: 0M, In-Place: 0
[219.593s][info][gc,reloc    ] GC(136) Large Pages: 0 / 0M, Empty: 0M, Relocated: 0M, In-Place: 0
[219.593s][info][gc,reloc    ] GC(136) Forwarding Usage: 1M
[219.593s][info][gc,heap     ] GC(136) Min Capacity: 8M(0%)
[219.593s][info][gc,heap     ] GC(136) Max Capacity: 2048M(100%)
[219.593s][info][gc,heap     ] GC(136) Soft Max Capacity: 2048M(100%)
[219.593s][info][gc,heap     ] GC(136)                Mark Start          Mark End        Relocate Start      Relocate End           High               Low         
[219.593s][info][gc,heap     ] GC(136)  Capacity:     2048M (100%)       2048M (100%)       2048M (100%)       2048M (100%)       2048M (100%)       2048M (100%)   
[219.593s][info][gc,heap     ] GC(136)      Free:     1434M (70%)        1428M (70%)        1952M (95%)        2014M (98%)        2014M (98%)        1428M (70%)    
[219.593s][info][gc,heap     ] GC(136)      Used:      614M (30%)         620M (30%)          96M (5%)           34M (2%)          620M (30%)          34M (2%)     
[219.593s][info][gc,heap     ] GC(136)      Live:         -                 6M (0%)            6M (0%)            6M (0%)             -                  -          
[219.593s][info][gc,heap     ] GC(136) Allocated:         -                 6M (0%)            8M (0%)            7M (0%)             -                  -          
[219.593s][info][gc,heap     ] GC(136)   Garbage:         -               607M (30%)          81M (4%)           19M (1%)             -                  -          
[219.594s][info][gc,heap     ] GC(136) Reclaimed:         -                  -               526M (26%)         587M (29%)            -                  -          
[219.594s][info][gc          ] GC(136) Garbage Collection (Proactive) 614M(30%)->34M(2%)
[220.169s][info][gc,stats    ] === Garbage Collection Statistics =======================================================================================================================
[220.169s][info][gc,stats    ]                                                              Last 10s              Last 10m              Last 10h                Total
[220.169s][info][gc,stats    ]                                                              Avg / Max             Avg / Max             Avg / Max             Avg / Max
[220.169s][info][gc,stats    ]   Collector: Garbage Collection Cycle                     24.281 / 27.753       25.985 / 57.424       25.985 / 57.424       25.985 / 57.424      ms
[220.169s][info][gc,stats    ]  Contention: Mark Segment Reset Contention                     1 / 3                 1 / 13                1 / 13                1 / 13          ops/s
[220.169s][info][gc,stats    ]  Contention: Mark SeqNum Reset Contention                      0 / 1                 0 / 2                 0 / 2                 0 / 2           ops/s
[220.169s][info][gc,stats    ]    Critical: Allocation Stall                                  0 / 0                 0 / 0                 0 / 0                 0 / 0           ops/s
[220.169s][info][gc,stats    ]    Critical: Allocation Stall                              0.000 / 0.000         0.000 / 0.000         0.000 / 0.000         0.000 / 0.000       ms
[220.169s][info][gc,stats    ]    Critical: GC Locker Stall                                   0 / 0                 0 / 0                 0 / 0                 0 / 0           ops/s
[220.169s][info][gc,stats    ]    Critical: GC Locker Stall                               0.000 / 0.000         0.000 / 0.000         0.000 / 0.000         0.000 / 0.000       ms
[220.169s][info][gc,stats    ]    Critical: Relocation Stall                                  0 / 0                 0 / 0                 0 / 0                 0 / 0           ops/s
[220.169s][info][gc,stats    ]    Critical: Relocation Stall                              0.000 / 0.000         0.000 / 0.000         0.000 / 0.000         0.000 / 0.000       ms
[220.169s][info][gc,stats    ]      Memory: Allocation Rate                                 329 / 340             320 / 342             320 / 342             320 / 342         MB/s
[220.170s][info][gc,stats    ]      Memory: Defragment                                        0 / 0                 0 / 0                 0 / 0                 0 / 0           ops/s
[220.170s][info][gc,stats    ]      Memory: Out Of Memory                                     0 / 0                 0 / 0                 0 / 0                 0 / 0           ops/s
[220.170s][info][gc,stats    ]      Memory: Page Cache Flush                                  0 / 0                 0 / 0                 0 / 0                 0 / 0           MB/s
[220.170s][info][gc,stats    ]      Memory: Page Cache Hit L1                               170 / 179             163 / 184             163 / 184             163 / 184         ops/s
[220.170s][info][gc,stats    ]      Memory: Page Cache Hit L2                                 0 / 0                 0 / 0                 0 / 0                 0 / 0           ops/s
[220.170s][info][gc,stats    ]      Memory: Page Cache Hit L3                                 0 / 0                 3 / 145               3 / 145               3 / 145         ops/s
[220.170s][info][gc,stats    ]      Memory: Page Cache Miss                                   0 / 0                 0 / 1                 0 / 1                 0 / 1           ops/s
[220.170s][info][gc,stats    ]      Memory: Uncommit                                          0 / 0                 0 / 0                 0 / 0                 0 / 0           MB/s
[220.170s][info][gc,stats    ]      Memory: Undo Object Allocation Failed                     0 / 1                 0 / 5                 0 / 5                 0 / 5           ops/s
[220.170s][info][gc,stats    ]      Memory: Undo Object Allocation Succeeded                  0 / 2                 0 / 4                 0 / 4                 0 / 4           ops/s
[220.170s][info][gc,stats    ]      Memory: Undo Page Allocation                              2 / 5                 1 / 6                 1 / 6                 1 / 6           ops/s
[220.170s][info][gc,stats    ]       Phase: Concurrent Mark                              14.291 / 15.212       14.713 / 30.725       14.713 / 30.725       14.713 / 30.725      ms
[220.170s][info][gc,stats    ]       Phase: Concurrent Mark Continue                      0.000 / 0.000         0.000 / 0.000         0.000 / 0.000         0.000 / 0.000       ms
[220.170s][info][gc,stats    ]       Phase: Concurrent Mark Free                          0.001 / 0.001         0.001 / 0.002         0.001 / 0.002         0.001 / 0.002       ms
[220.170s][info][gc,stats    ]       Phase: Concurrent Process Non-Strong References      1.002 / 1.027         1.005 / 5.203         1.005 / 5.203         1.005 / 5.203       ms
[220.170s][info][gc,stats    ]       Phase: Concurrent Relocate                           3.357 / 3.809         3.295 / 4.992         3.295 / 4.992         3.295 / 4.992       ms
[220.170s][info][gc,stats    ]       Phase: Concurrent Reset Relocation Set               0.010 / 0.014         0.008 / 0.016         0.008 / 0.016         0.008 / 0.016       ms
[220.170s][info][gc,stats    ]       Phase: Concurrent Select Relocation Set              4.468 / 6.947         5.362 / 15.037        5.362 / 15.037        5.362 / 15.037      ms
[220.170s][info][gc,stats    ]       Phase: Pause Mark End                                0.023 / 0.025         0.023 / 0.032         0.023 / 0.032         0.023 / 0.032       ms
[220.170s][info][gc,stats    ]       Phase: Pause Mark Start                              0.018 / 0.018         0.018 / 0.030         0.018 / 0.030         0.018 / 0.030       ms
[220.170s][info][gc,stats    ]       Phase: Pause Relocate Start                          0.009 / 0.011         0.009 / 0.012         0.009 / 0.012         0.009 / 0.012       ms
[220.170s][info][gc,stats    ]    Subphase: Concurrent Classes Purge                      0.005 / 0.005         0.024 / 0.832         0.024 / 0.832         0.024 / 0.832       ms
[220.170s][info][gc,stats    ]    Subphase: Concurrent Classes Unlink                     0.696 / 0.713         0.678 / 4.025         0.678 / 4.025         0.678 / 4.025       ms
[220.170s][info][gc,stats    ]    Subphase: Concurrent Mark                              12.523 / 14.088       12.833 / 23.255       12.833 / 23.255       12.833 / 23.255      ms
[220.170s][info][gc,stats    ]    Subphase: Concurrent Mark Try Flush                     0.077 / 0.108         0.071 / 0.200         0.071 / 0.200         0.071 / 0.200       ms
[220.170s][info][gc,stats    ]    Subphase: Concurrent Mark Try Terminate                 7.903 / 11.510        7.906 / 16.635        7.906 / 16.635        7.906 / 16.635      ms
[220.170s][info][gc,stats    ]    Subphase: Concurrent References Enqueue                 0.000 / 0.001         0.001 / 0.004         0.001 / 0.004         0.001 / 0.004       ms
[220.170s][info][gc,stats    ]    Subphase: Concurrent References Process                 0.045 / 0.055         0.046 / 0.075         0.046 / 0.075         0.046 / 0.075       ms
[220.171s][info][gc,stats    ]    Subphase: Concurrent Roots ClassLoaderDataGraph         0.084 / 0.659         0.089 / 0.967         0.089 / 0.967         0.089 / 0.967       ms
[220.171s][info][gc,stats    ]    Subphase: Concurrent Roots CodeCache                    0.000 / 0.000         0.000 / 0.000         0.000 / 0.000         0.000 / 0.000       ms
[220.171s][info][gc,stats    ]    Subphase: Concurrent Roots JavaThreads                  0.587 / 1.070         0.542 / 7.350         0.542 / 7.350         0.542 / 7.350       ms
[220.171s][info][gc,stats    ]    Subphase: Concurrent Roots OopStorageSet                0.016 / 0.052         0.018 / 0.273         0.018 / 0.273         0.018 / 0.273       ms
[220.171s][info][gc,stats    ]    Subphase: Concurrent Weak Roots OopStorageSet           0.137 / 0.150         0.134 / 0.173         0.134 / 0.173         0.134 / 0.173       ms
[220.171s][info][gc,stats    ]    Subphase: Pause Mark Try Complete                       0.000 / 0.000         0.000 / 0.000         0.000 / 0.000         0.000 / 0.000       ms
[220.171s][info][gc,stats    ]      System: Java Threads                                     39 / 40               33 / 40               33 / 40               33 / 40          threads
[220.171s][info][gc,stats    ] =========================================================================================================================================================
[220.238s][info][gc,start    ] GC(137) Garbage Collection (System.gc())
[220.238s][info][gc,task     ] GC(137) Using 12 workers
[220.238s][info][gc,phases   ] GC(137) Pause Mark Start 0.018ms
[220.247s][info][gc,phases   ] GC(137) Concurrent Mark 8.848ms
[220.247s][info][gc,phases   ] GC(137) Pause Mark End 0.023ms
[220.247s][info][gc,phases   ] GC(137) Concurrent Mark Free 0.001ms
[220.248s][info][gc,phases   ] GC(137) Concurrent Process Non-Strong References 0.920ms
[220.248s][info][gc,phases   ] GC(137) Concurrent Reset Relocation Set 0.008ms
[220.252s][info][gc,phases   ] GC(137) Concurrent Select Relocation Set 3.758ms
[220.252s][info][gc,phases   ] GC(137) Pause Relocate Start 0.006ms
[220.255s][info][gc,phases   ] GC(137) Concurrent Relocate 2.916ms
[220.255s][info][gc,load     ] GC(137) Load: 0.00/0.00/0.00
[220.255s][info][gc,mmu      ] GC(137) MMU: 2ms/98.4%, 5ms/99.4%, 10ms/99.6%, 20ms/99.7%, 50ms/99.8%, 100ms/99.9%
[220.255s][info][gc,marking  ] GC(137) Mark: 8 stripe(s), 1 proactive flush(es), 1 terminate flush(es), 0 completion(s), 0 continuation(s) 
[220.255s][info][gc,marking  ] GC(137) Mark Stack Usage: 32M
[220.255s][info][gc,nmethod  ] GC(137) NMethods: 2001 registered, 382 unregistered
[220.255s][info][gc,metaspace] GC(137) Metaspace: 9M used, 10M committed, 1088M reserved
[220.255s][info][gc,ref      ] GC(137) Soft: 214 encountered, 0 discovered, 0 enqueued
[220.255s][info][gc,ref      ] GC(137) Weak: 815 encountered, 21 discovered, 0 enqueued
[220.255s][info][gc,ref      ] GC(137) Final: 0 encountered, 0 discovered, 0 enqueued
[220.255s][info][gc,ref      ] GC(137) Phantom: 27 encountered, 22 discovered, 0 enqueued
[220.256s][info][gc,reloc    ] GC(137) Small Pages: 121 / 242M, Empty: 222M, Relocated: 3M, In-Place: 0
[220.256s][info][gc,reloc    ] GC(137) Medium Pages: 0 / 0M, Empty: 0M, Relocated: 0M, In-Place: 0
[220.256s][info][gc,reloc    ] GC(137) Large Pages: 0 / 0M, Empty: 0M, Relocated: 0M, In-Place: 0
[220.256s][info][gc,reloc    ] GC(137) Forwarding Usage: 1M
[220.256s][info][gc,heap     ] GC(137) Min Capacity: 8M(0%)
[220.256s][info][gc,heap     ] GC(137) Max Capacity: 2048M(100%)
[220.256s][info][gc,heap     ] GC(137) Soft Max Capacity: 2048M(100%)
[220.256s][info][gc,heap     ] GC(137)                Mark Start          Mark End        Relocate Start      Relocate End           High               Low         
[220.256s][info][gc,heap     ] GC(137)  Capacity:     2048M (100%)       2048M (100%)       2048M (100%)       2048M (100%)       2048M (100%)       2048M (100%)   
[220.256s][info][gc,heap     ] GC(137)      Free:     1806M (88%)        1806M (88%)        2028M (99%)        2028M (99%)        2028M (99%)        1806M (88%)    
[220.256s][info][gc,heap     ] GC(137)      Used:      242M (12%)         242M (12%)          20M (1%)           20M (1%)          242M (12%)          20M (1%)     
[220.256s][info][gc,heap     ] GC(137)      Live:         -                 4M (0%)            4M (0%)            4M (0%)             -                  -          
[220.256s][info][gc,heap     ] GC(137) Allocated:         -                 0M (0%)            0M (0%)            0M (0%)             -                  -          
[220.256s][info][gc,heap     ] GC(137)   Garbage:         -               237M (12%)          15M (1%)           15M (1%)             -                  -          
[220.256s][info][gc,heap     ] GC(137) Reclaimed:         -                  -               222M (11%)         222M (11%)            -                  -          
[220.256s][info][gc          ] GC(137) Garbage Collection (System.gc()) 242M(12%)->20M(1%)
[221.877s][info][gc,start    ] GC(138) Garbage Collection (Proactive)
[221.877s][info][gc,task     ] GC(138) Using 12 workers
[221.877s][info][gc,phases   ] GC(138) Pause Mark Start 0.017ms
[221.892s][info][gc,phases   ] GC(138) Concurrent Mark 15.141ms
[221.893s][info][gc,phases   ] GC(138) Pause Mark End 0.025ms
[221.893s][info][gc,phases   ] GC(138) Concurrent Mark Free 0.001ms
[221.894s][info][gc,phases   ] GC(138) Concurrent Process Non-Strong References 1.036ms
[221.894s][info][gc,phases   ] GC(138) Concurrent Reset Relocation Set 0.002ms
[221.900s][info][gc,phases   ] GC(138) Concurrent Select Relocation Set 6.452ms
[221.900s][info][gc,phases   ] GC(138) Pause Relocate Start 0.010ms
[221.904s][info][gc,phases   ] GC(138) Concurrent Relocate 3.414ms
[221.904s][info][gc,load     ] GC(138) Load: 0.00/0.00/0.00
[221.904s][info][gc,mmu      ] GC(138) MMU: 2ms/98.4%, 5ms/99.4%, 10ms/99.6%, 20ms/99.7%, 50ms/99.8%, 100ms/99.9%
[221.904s][info][gc,marking  ] GC(138) Mark: 8 stripe(s), 2 proactive flush(es), 1 terminate flush(es), 0 completion(s), 0 continuation(s) 
[221.904s][info][gc,marking  ] GC(138) Mark Stack Usage: 32M
[221.904s][info][gc,nmethod  ] GC(138) NMethods: 2002 registered, 382 unregistered
[221.904s][info][gc,metaspace] GC(138) Metaspace: 9M used, 10M committed, 1088M reserved
[221.904s][info][gc,ref      ] GC(138) Soft: 214 encountered, 0 discovered, 0 enqueued
[221.904s][info][gc,ref      ] GC(138) Weak: 815 encountered, 105 discovered, 0 enqueued
[221.904s][info][gc,ref      ] GC(138) Final: 0 encountered, 0 discovered, 0 enqueued
[221.904s][info][gc,ref      ] GC(138) Phantom: 27 encountered, 21 discovered, 0 enqueued
[221.904s][info][gc,reloc    ] GC(138) Small Pages: 270 / 540M, Empty: 368M, Relocated: 4M, In-Place: 0
[221.904s][info][gc,reloc    ] GC(138) Medium Pages: 0 / 0M, Empty: 0M, Relocated: 0M, In-Place: 0
[221.904s][info][gc,reloc    ] GC(138) Large Pages: 0 / 0M, Empty: 0M, Relocated: 0M, In-Place: 0
[221.904s][info][gc,reloc    ] GC(138) Forwarding Usage: 2M
[221.904s][info][gc,heap     ] GC(138) Min Capacity: 8M(0%)
[221.904s][info][gc,heap     ] GC(138) Max Capacity: 2048M(100%)
[221.904s][info][gc,heap     ] GC(138) Soft Max Capacity: 2048M(100%)
[221.904s][info][gc,heap     ] GC(138)                Mark Start          Mark End        Relocate Start      Relocate End           High               Low         
[221.905s][info][gc,heap     ] GC(138)  Capacity:     2048M (100%)       2048M (100%)       2048M (100%)       2048M (100%)       2048M (100%)       2048M (100%)   
[221.905s][info][gc,heap     ] GC(138)      Free:     1508M (74%)        1502M (73%)        1866M (91%)        2012M (98%)        2012M (98%)        1500M (73%)    
[221.905s][info][gc,heap     ] GC(138)      Used:      540M (26%)         546M (27%)         182M (9%)           36M (2%)          548M (27%)          36M (2%)     
[221.905s][info][gc,heap     ] GC(138)      Live:         -                 6M (0%)            6M (0%)            6M (0%)             -                  -          
[221.905s][info][gc,heap     ] GC(138) Allocated:         -                 6M (0%)           10M (0%)            9M (0%)             -                  -          
[221.905s][info][gc,heap     ] GC(138)   Garbage:         -               533M (26%)         165M (8%)           19M (1%)             -                  -          
[221.905s][info][gc,heap     ] GC(138) Reclaimed:         -                  -               368M (18%)         513M (25%)            -                  -          
[221.905s][info][gc          ] GC(138) Garbage Collection (Proactive) 540M(26%)->36M(2%)
[223.866s][info][gc,start    ] GC(139) Garbage Collection (Proactive)
[223.866s][info][gc,task     ] GC(139) Using 12 workers
[223.866s][info][gc,phases   ] GC(139) Pause Mark Start 0.017ms
[223.881s][info][gc,phases   ] GC(139) Concurrent Mark 15.143ms
[223.882s][info][gc,phases   ] GC(139) Pause Mark End 0.023ms
[223.882s][info][gc,phases   ] GC(139) Concurrent Mark Free 0.001ms
[223.883s][info][gc,phases   ] GC(139) Concurrent Process Non-Strong References 1.009ms
[223.883s][info][gc,phases   ] GC(139) Concurrent Reset Relocation Set 0.013ms
[223.890s][info][gc,phases   ] GC(139) Concurrent Select Relocation Set 6.873ms
[223.890s][info][gc,phases   ] GC(139) Pause Relocate Start 0.009ms
[223.894s][info][gc,phases   ] GC(139) Concurrent Relocate 3.798ms
[223.894s][info][gc,load     ] GC(139) Load: 0.00/0.00/0.00
[223.894s][info][gc,mmu      ] GC(139) MMU: 2ms/98.4%, 5ms/99.4%, 10ms/99.6%, 20ms/99.7%, 50ms/99.8%, 100ms/99.9%
[223.894s][info][gc,marking  ] GC(139) Mark: 8 stripe(s), 3 proactive flush(es), 1 terminate flush(es), 0 completion(s), 0 continuation(s) 
[223.894s][info][gc,marking  ] GC(139) Mark Stack Usage: 32M
[223.894s][info][gc,nmethod  ] GC(139) NMethods: 2002 registered, 382 unregistered
[223.894s][info][gc,metaspace] GC(139) Metaspace: 9M used, 10M committed, 1088M reserved
[223.894s][info][gc,ref      ] GC(139) Soft: 214 encountered, 0 discovered, 0 enqueued
[223.894s][info][gc,ref      ] GC(139) Weak: 815 encountered, 136 discovered, 0 enqueued
[223.894s][info][gc,ref      ] GC(139) Final: 0 encountered, 0 discovered, 0 enqueued
[223.894s][info][gc,ref      ] GC(139) Phantom: 27 encountered, 19 discovered, 0 enqueued
[223.894s][info][gc,reloc    ] GC(139) Small Pages: 336 / 672M, Empty: 518M, Relocated: 4M, In-Place: 0
[223.894s][info][gc,reloc    ] GC(139) Medium Pages: 0 / 0M, Empty: 0M, Relocated: 0M, In-Place: 0
[223.894s][info][gc,reloc    ] GC(139) Large Pages: 0 / 0M, Empty: 0M, Relocated: 0M, In-Place: 0
[223.894s][info][gc,reloc    ] GC(139) Forwarding Usage: 2M
[223.894s][info][gc,heap     ] GC(139) Min Capacity: 8M(0%)
[223.894s][info][gc,heap     ] GC(139) Max Capacity: 2048M(100%)
[223.894s][info][gc,heap     ] GC(139) Soft Max Capacity: 2048M(100%)
[223.894s][info][gc,heap     ] GC(139)                Mark Start          Mark End        Relocate Start      Relocate End           High               Low         
[223.894s][info][gc,heap     ] GC(139)  Capacity:     2048M (100%)       2048M (100%)       2048M (100%)       2048M (100%)       2048M (100%)       2048M (100%)   
[223.895s][info][gc,heap     ] GC(139)      Free:     1376M (67%)        1370M (67%)        1886M (92%)        2012M (98%)        2012M (98%)        1370M (67%)    
[223.895s][info][gc,heap     ] GC(139)      Used:      672M (33%)         678M (33%)         162M (8%)           36M (2%)          678M (33%)          36M (2%)     
[223.895s][info][gc,heap     ] GC(139)      Live:         -                 6M (0%)            6M (0%)            6M (0%)             -                  -          
[223.895s][info][gc,heap     ] GC(139) Allocated:         -                 6M (0%)            8M (0%)            9M (0%)             -                  -          
[223.895s][info][gc,heap     ] GC(139)   Garbage:         -               665M (32%)         147M (7%)           19M (1%)             -                  -          
[223.895s][info][gc,heap     ] GC(139) Reclaimed:         -                  -               518M (25%)         645M (32%)            -                  -          
[223.895s][info][gc          ] GC(139) Garbage Collection (Proactive) 672M(33%)->36M(2%)
[225.667s][info][gc,start    ] GC(140) Garbage Collection (Proactive)
[225.667s][info][gc,task     ] GC(140) Using 12 workers
[225.668s][info][gc,phases   ] GC(140) Pause Mark Start 0.018ms
[225.683s][info][gc,phases   ] GC(140) Concurrent Mark 15.232ms
[225.683s][info][gc,phases   ] GC(140) Pause Mark End 0.025ms
[225.683s][info][gc,phases   ] GC(140) Concurrent Mark Free 0.001ms
[225.684s][info][gc,phases   ] GC(140) Concurrent Process Non-Strong References 1.080ms
[225.684s][info][gc,phases   ] GC(140) Concurrent Reset Relocation Set 0.012ms
[225.688s][info][gc,phases   ] GC(140) Concurrent Select Relocation Set 3.781ms
[225.688s][info][gc,phases   ] GC(140) Pause Relocate Start 0.008ms
[225.692s][info][gc,phases   ] GC(140) Concurrent Relocate 3.184ms
[225.692s][info][gc,load     ] GC(140) Load: 0.00/0.00/0.00
[225.692s][info][gc,mmu      ] GC(140) MMU: 2ms/98.4%, 5ms/99.4%, 10ms/99.6%, 20ms/99.7%, 50ms/99.8%, 100ms/99.9%
[225.692s][info][gc,marking  ] GC(140) Mark: 8 stripe(s), 3 proactive flush(es), 1 terminate flush(es), 0 completion(s), 0 continuation(s) 
[225.692s][info][gc,marking  ] GC(140) Mark Stack Usage: 32M
[225.692s][info][gc,nmethod  ] GC(140) NMethods: 2002 registered, 382 unregistered
[225.692s][info][gc,metaspace] GC(140) Metaspace: 9M used, 10M committed, 1088M reserved
[225.692s][info][gc,ref      ] GC(140) Soft: 214 encountered, 0 discovered, 0 enqueued
[225.692s][info][gc,ref      ] GC(140) Weak: 815 encountered, 103 discovered, 0 enqueued
[225.692s][info][gc,ref      ] GC(140) Final: 0 encountered, 0 discovered, 0 enqueued
[225.692s][info][gc,ref      ] GC(140) Phantom: 27 encountered, 23 discovered, 0 enqueued
[225.692s][info][gc,reloc    ] GC(140) Small Pages: 311 / 622M, Empty: 520M, Relocated: 4M, In-Place: 0
[225.692s][info][gc,reloc    ] GC(140) Medium Pages: 0 / 0M, Empty: 0M, Relocated: 0M, In-Place: 0
[225.692s][info][gc,reloc    ] GC(140) Large Pages: 0 / 0M, Empty: 0M, Relocated: 0M, In-Place: 0
[225.692s][info][gc,reloc    ] GC(140) Forwarding Usage: 2M
[225.692s][info][gc,heap     ] GC(140) Min Capacity: 8M(0%)
[225.692s][info][gc,heap     ] GC(140) Max Capacity: 2048M(100%)
[225.692s][info][gc,heap     ] GC(140) Soft Max Capacity: 2048M(100%)
[225.692s][info][gc,heap     ] GC(140)                Mark Start          Mark End        Relocate Start      Relocate End           High               Low         
[225.692s][info][gc,heap     ] GC(140)  Capacity:     2048M (100%)       2048M (100%)       2048M (100%)       2048M (100%)       2048M (100%)       2048M (100%)   
[225.692s][info][gc,heap     ] GC(140)      Free:     1426M (70%)        1418M (69%)        1938M (95%)        2012M (98%)        2012M (98%)        1418M (69%)    
[225.692s][info][gc,heap     ] GC(140)      Used:      622M (30%)         630M (31%)         110M (5%)           36M (2%)          630M (31%)          36M (2%)     
[225.692s][info][gc,heap     ] GC(140)      Live:         -                 6M (0%)            6M (0%)            6M (0%)             -                  -          
[225.692s][info][gc,heap     ] GC(140) Allocated:         -                 8M (0%)            8M (0%)            9M (0%)             -                  -          
[225.693s][info][gc,heap     ] GC(140)   Garbage:         -               615M (30%)          95M (5%)           19M (1%)             -                  -          
[225.693s][info][gc,heap     ] GC(140) Reclaimed:         -                  -               520M (25%)         595M (29%)            -                  -          
[225.693s][info][gc          ] GC(140) Garbage Collection (Proactive) 622M(30%)->36M(2%)
[226.964s][info][gc,start    ] GC(141) Garbage Collection (System.gc())
[226.965s][info][gc,task     ] GC(141) Using 12 workers
[226.965s][info][gc,phases   ] GC(141) Pause Mark Start 0.018ms
[226.978s][info][gc,phases   ] GC(141) Concurrent Mark 12.877ms
[226.978s][info][gc,phases   ] GC(141) Pause Mark End 0.022ms
[226.978s][info][gc,phases   ] GC(141) Concurrent Mark Free 0.001ms
[226.979s][info][gc,phases   ] GC(141) Concurrent Process Non-Strong References 0.985ms
[226.979s][info][gc,phases   ] GC(141) Concurrent Reset Relocation Set 0.008ms
[226.983s][info][gc,phases   ] GC(141) Concurrent Select Relocation Set 3.880ms
[226.983s][info][gc,phases   ] GC(141) Pause Relocate Start 0.008ms
[226.986s][info][gc,phases   ] GC(141) Concurrent Relocate 2.939ms
[226.986s][info][gc,load     ] GC(141) Load: 0.00/0.00/0.00
[226.986s][info][gc,mmu      ] GC(141) MMU: 2ms/98.4%, 5ms/99.4%, 10ms/99.6%, 20ms/99.7%, 50ms/99.8%, 100ms/99.9%
[226.986s][info][gc,marking  ] GC(141) Mark: 8 stripe(s), 3 proactive flush(es), 1 terminate flush(es), 0 completion(s), 0 continuation(s) 
[226.986s][info][gc,marking  ] GC(141) Mark Stack Usage: 32M
[226.986s][info][gc,nmethod  ] GC(141) NMethods: 2002 registered, 389 unregistered
[226.986s][info][gc,metaspace] GC(141) Metaspace: 9M used, 10M committed, 1088M reserved
[226.986s][info][gc,ref      ] GC(141) Soft: 214 encountered, 0 discovered, 0 enqueued
[226.986s][info][gc,ref      ] GC(141) Weak: 815 encountered, 21 discovered, 0 enqueued
[226.986s][info][gc,ref      ] GC(141) Final: 0 encountered, 0 discovered, 0 enqueued
[226.986s][info][gc,ref      ] GC(141) Phantom: 27 encountered, 23 discovered, 0 enqueued
[226.986s][info][gc,reloc    ] GC(141) Small Pages: 225 / 450M, Empty: 430M, Relocated: 3M, In-Place: 0
[226.986s][info][gc,reloc    ] GC(141) Medium Pages: 0 / 0M, Empty: 0M, Relocated: 0M, In-Place: 0
[226.986s][info][gc,reloc    ] GC(141) Large Pages: 0 / 0M, Empty: 0M, Relocated: 0M, In-Place: 0
[226.986s][info][gc,reloc    ] GC(141) Forwarding Usage: 1M
[226.986s][info][gc,heap     ] GC(141) Min Capacity: 8M(0%)
[226.987s][info][gc,heap     ] GC(141) Max Capacity: 2048M(100%)
[226.987s][info][gc,heap     ] GC(141) Soft Max Capacity: 2048M(100%)
[226.987s][info][gc,heap     ] GC(141)                Mark Start          Mark End        Relocate Start      Relocate End           High               Low         
[226.987s][info][gc,heap     ] GC(141)  Capacity:     2048M (100%)       2048M (100%)       2048M (100%)       2048M (100%)       2048M (100%)       2048M (100%)   
[226.987s][info][gc,heap     ] GC(141)      Free:     1598M (78%)        1598M (78%)        2028M (99%)        2028M (99%)        2028M (99%)        1598M (78%)    
[226.987s][info][gc,heap     ] GC(141)      Used:      450M (22%)         450M (22%)          20M (1%)           20M (1%)          450M (22%)          20M (1%)     
[226.987s][info][gc,heap     ] GC(141)      Live:         -                 4M (0%)            4M (0%)            4M (0%)             -                  -          
[226.987s][info][gc,heap     ] GC(141) Allocated:         -                 0M (0%)            0M (0%)            0M (0%)             -                  -          
[226.987s][info][gc,heap     ] GC(141)   Garbage:         -               445M (22%)          15M (1%)           15M (1%)             -                  -          
[226.987s][info][gc,heap     ] GC(141) Reclaimed:         -                  -               430M (21%)         430M (21%)            -                  -          
[226.987s][info][gc          ] GC(141) Garbage Collection (System.gc()) 450M(22%)->20M(1%)
[228.467s][info][gc,start    ] GC(142) Garbage Collection (Proactive)
[228.467s][info][gc,task     ] GC(142) Using 12 workers
[228.467s][info][gc,phases   ] GC(142) Pause Mark Start 0.018ms
[228.482s][info][gc,phases   ] GC(142) Concurrent Mark 15.092ms
[228.483s][info][gc,phases   ] GC(142) Pause Mark End 0.023ms
[228.483s][info][gc,phases   ] GC(142) Concurrent Mark Free 0.002ms
[228.484s][info][gc,phases   ] GC(142) Concurrent Process Non-Strong References 1.016ms
[228.484s][info][gc,phases   ] GC(142) Concurrent Reset Relocation Set 0.002ms
[228.490s][info][gc,phases   ] GC(142) Concurrent Select Relocation Set 6.653ms
[228.491s][info][gc,phases   ] GC(142) Pause Relocate Start 0.009ms
[228.494s][info][gc,phases   ] GC(142) Concurrent Relocate 3.353ms
[228.494s][info][gc,load     ] GC(142) Load: 0.00/0.00/0.00
[228.494s][info][gc,mmu      ] GC(142) MMU: 2ms/98.4%, 5ms/99.4%, 10ms/99.6%, 20ms/99.7%, 50ms/99.8%, 100ms/99.9%
[228.494s][info][gc,marking  ] GC(142) Mark: 8 stripe(s), 2 proactive flush(es), 1 terminate flush(es), 0 completion(s), 0 continuation(s) 
[228.494s][info][gc,marking  ] GC(142) Mark Stack Usage: 32M
[228.494s][info][gc,nmethod  ] GC(142) NMethods: 2003 registered, 389 unregistered
[228.494s][info][gc,metaspace] GC(142) Metaspace: 9M used, 10M committed, 1088M reserved
[228.494s][info][gc,ref      ] GC(142) Soft: 214 encountered, 0 discovered, 0 enqueued
[228.494s][info][gc,ref      ] GC(142) Weak: 815 encountered, 5 discovered, 0 enqueued
[228.494s][info][gc,ref      ] GC(142) Final: 0 encountered, 0 discovered, 0 enqueued
[228.494s][info][gc,ref      ] GC(142) Phantom: 27 encountered, 22 discovered, 0 enqueued
[228.494s][info][gc,reloc    ] GC(142) Small Pages: 251 / 502M, Empty: 312M, Relocated: 4M, In-Place: 0
[228.494s][info][gc,reloc    ] GC(142) Medium Pages: 0 / 0M, Empty: 0M, Relocated: 0M, In-Place: 0
[228.495s][info][gc,reloc    ] GC(142) Large Pages: 0 / 0M, Empty: 0M, Relocated: 0M, In-Place: 0
[228.495s][info][gc,reloc    ] GC(142) Forwarding Usage: 2M
[228.495s][info][gc,heap     ] GC(142) Min Capacity: 8M(0%)
[228.495s][info][gc,heap     ] GC(142) Max Capacity: 2048M(100%)
[228.495s][info][gc,heap     ] GC(142) Soft Max Capacity: 2048M(100%)
[228.495s][info][gc,heap     ] GC(142)                Mark Start          Mark End        Relocate Start      Relocate End           High               Low         
[228.495s][info][gc,heap     ] GC(142)  Capacity:     2048M (100%)       2048M (100%)       2048M (100%)       2048M (100%)       2048M (100%)       2048M (100%)   
[228.495s][info][gc,heap     ] GC(142)      Free:     1546M (75%)        1540M (75%)        1850M (90%)        2012M (98%)        2012M (98%)        1540M (75%)    
[228.495s][info][gc,heap     ] GC(142)      Used:      502M (25%)         508M (25%)         198M (10%)          36M (2%)          508M (25%)          36M (2%)     
[228.495s][info][gc,heap     ] GC(142)      Live:         -                 6M (0%)            6M (0%)            6M (0%)             -                  -          
[228.495s][info][gc,heap     ] GC(142) Allocated:         -                 6M (0%)            8M (0%)            9M (0%)             -                  -          
[228.495s][info][gc,heap     ] GC(142)   Garbage:         -               495M (24%)         183M (9%)           19M (1%)             -                  -          
[228.495s][info][gc,heap     ] GC(142) Reclaimed:         -                  -               312M (15%)         475M (23%)            -                  -          
[228.495s][info][gc          ] GC(142) Garbage Collection (Proactive) 502M(25%)->36M(2%)
[230.168s][info][gc,start    ] GC(143) Garbage Collection (Proactive)
[230.168s][info][gc,stats    ] === Garbage Collection Statistics =======================================================================================================================
[230.168s][info][gc,task     ] GC(143) Using 12 workers
[230.168s][info][gc,stats    ]                                                              Last 10s              Last 10m              Last 10h                Total
[230.168s][info][gc,stats    ]                                                              Avg / Max             Avg / Max             Avg / Max             Avg / Max
[230.168s][info][gc,stats    ]   Collector: Garbage Collection Cycle                     24.420 / 28.178       25.919 / 57.424       25.919 / 57.424       25.919 / 57.424      ms
[230.168s][info][gc,stats    ]  Contention: Mark Segment Reset Contention                     1 / 4                 1 / 13                1 / 13                1 / 13          ops/s
[230.168s][info][gc,phases   ] GC(143) Pause Mark Start 0.018ms
[230.168s][info][gc,stats    ]  Contention: Mark SeqNum Reset Contention                      0 / 1                 0 / 2                 0 / 2                 0 / 2           ops/s
[230.168s][info][gc,stats    ]    Critical: Allocation Stall                                  0 / 0                 0 / 0                 0 / 0                 0 / 0           ops/s
[230.168s][info][gc,stats    ]    Critical: Allocation Stall                              0.000 / 0.000         0.000 / 0.000         0.000 / 0.000         0.000 / 0.000       ms
[230.168s][info][gc,stats    ]    Critical: GC Locker Stall                                   0 / 0                 0 / 0                 0 / 0                 0 / 0           ops/s
[230.168s][info][gc,stats    ]    Critical: GC Locker Stall                               0.000 / 0.000         0.000 / 0.000         0.000 / 0.000         0.000 / 0.000       ms
[230.168s][info][gc,stats    ]    Critical: Relocation Stall                                  0 / 0                 0 / 0                 0 / 0                 0 / 0           ops/s
[230.168s][info][gc,stats    ]    Critical: Relocation Stall                              0.000 / 0.000         0.000 / 0.000         0.000 / 0.000         0.000 / 0.000       ms
[230.168s][info][gc,stats    ]      Memory: Allocation Rate                                 324 / 334             321 / 342             321 / 342             321 / 342         MB/s
[230.168s][info][gc,stats    ]      Memory: Defragment                                        0 / 0                 0 / 0                 0 / 0                 0 / 0           ops/s
[230.168s][info][gc,stats    ]      Memory: Out Of Memory                                     0 / 0                 0 / 0                 0 / 0                 0 / 0           ops/s
[230.168s][info][gc,stats    ]      Memory: Page Cache Flush                                  0 / 0                 0 / 0                 0 / 0                 0 / 0           MB/s
[230.168s][info][gc,stats    ]      Memory: Page Cache Hit L1                               168 / 179             163 / 184             163 / 184             163 / 184         ops/s
[230.168s][info][gc,stats    ]      Memory: Page Cache Hit L2                                 0 / 0                 0 / 0                 0 / 0                 0 / 0           ops/s
[230.169s][info][gc,stats    ]      Memory: Page Cache Hit L3                                 0 / 0                 3 / 145               3 / 145               3 / 145         ops/s
[230.169s][info][gc,stats    ]      Memory: Page Cache Miss                                   0 / 0                 0 / 1                 0 / 1                 0 / 1           ops/s
[230.169s][info][gc,stats    ]      Memory: Uncommit                                          0 / 0                 0 / 0                 0 / 0                 0 / 0           MB/s
[230.169s][info][gc,stats    ]      Memory: Undo Object Allocation Failed                     0 / 0                 0 / 5                 0 / 5                 0 / 5           ops/s
[230.169s][info][gc,stats    ]      Memory: Undo Object Allocation Succeeded                  0 / 1                 0 / 4                 0 / 4                 0 / 4           ops/s
[230.169s][info][gc,stats    ]      Memory: Undo Page Allocation                              1 / 4                 1 / 6                 1 / 6                 1 / 6           ops/s
[230.169s][info][gc,stats    ]       Phase: Concurrent Mark                              13.722 / 15.232       14.671 / 30.725       14.671 / 30.725       14.671 / 30.725      ms
[230.169s][info][gc,stats    ]       Phase: Concurrent Mark Continue                      0.000 / 0.000         0.000 / 0.000         0.000 / 0.000         0.000 / 0.000       ms
[230.169s][info][gc,stats    ]       Phase: Concurrent Mark Free                          0.001 / 0.002         0.001 / 0.002         0.001 / 0.002         0.001 / 0.002       ms
[230.169s][info][gc,stats    ]       Phase: Concurrent Process Non-Strong References      1.008 / 1.080         1.005 / 5.203         1.005 / 5.203         1.005 / 5.203       ms
[230.169s][info][gc,stats    ]       Phase: Concurrent Relocate                           3.267 / 3.798         3.294 / 4.992         3.294 / 4.992         3.294 / 4.992       ms
[230.169s][info][gc,stats    ]       Phase: Concurrent Reset Relocation Set               0.007 / 0.013         0.008 / 0.016         0.008 / 0.016         0.008 / 0.016       ms
[230.169s][info][gc,stats    ]       Phase: Concurrent Select Relocation Set              5.233 / 6.873         5.356 / 15.037        5.356 / 15.037        5.356 / 15.037      ms
[230.169s][info][gc,stats    ]       Phase: Pause Mark End                                0.024 / 0.025         0.023 / 0.032         0.023 / 0.032         0.023 / 0.032       ms
[230.169s][info][gc,stats    ]       Phase: Pause Mark Start                              0.018 / 0.018         0.018 / 0.030         0.018 / 0.030         0.018 / 0.030       ms
[230.169s][info][gc,stats    ]       Phase: Pause Relocate Start                          0.008 / 0.010         0.009 / 0.012         0.009 / 0.012         0.009 / 0.012       ms
[230.169s][info][gc,stats    ]    Subphase: Concurrent Classes Purge                      0.011 / 0.043         0.023 / 0.832         0.023 / 0.832         0.023 / 0.832       ms
[230.169s][info][gc,stats    ]    Subphase: Concurrent Classes Unlink                     0.696 / 0.749         0.679 / 4.025         0.679 / 4.025         0.679 / 4.025       ms
[230.169s][info][gc,stats    ]    Subphase: Concurrent Mark                              11.943 / 14.113       12.796 / 23.255       12.796 / 23.255       12.796 / 23.255      ms
[230.169s][info][gc,stats    ]    Subphase: Concurrent Mark Try Flush                     0.069 / 0.102         0.071 / 0.200         0.071 / 0.200         0.071 / 0.200       ms
[230.169s][info][gc,stats    ]    Subphase: Concurrent Mark Try Terminate                 7.469 / 11.059        7.888 / 16.635        7.888 / 16.635        7.888 / 16.635      ms
[230.169s][info][gc,stats    ]    Subphase: Concurrent References Enqueue                 0.000 / 0.001         0.001 / 0.004         0.001 / 0.004         0.001 / 0.004       ms
[230.170s][info][gc,stats    ]    Subphase: Concurrent References Process                 0.043 / 0.050         0.046 / 0.075         0.046 / 0.075         0.046 / 0.075       ms
[230.170s][info][gc,stats    ]    Subphase: Concurrent Roots ClassLoaderDataGraph         0.094 / 0.642         0.089 / 0.967         0.089 / 0.967         0.089 / 0.967       ms
[230.170s][info][gc,stats    ]    Subphase: Concurrent Roots CodeCache                    0.000 / 0.000         0.000 / 0.000         0.000 / 0.000         0.000 / 0.000       ms
[230.170s][info][gc,stats    ]    Subphase: Concurrent Roots JavaThreads                  0.604 / 1.104         0.545 / 7.350         0.545 / 7.350         0.545 / 7.350       ms
[230.170s][info][gc,stats    ]    Subphase: Concurrent Roots OopStorageSet                0.017 / 0.054         0.018 / 0.273         0.018 / 0.273         0.018 / 0.273       ms
[230.170s][info][gc,stats    ]    Subphase: Concurrent Weak Roots OopStorageSet           0.136 / 0.157         0.134 / 0.173         0.134 / 0.173         0.134 / 0.173       ms
[230.170s][info][gc,stats    ]    Subphase: Pause Mark Try Complete                       0.000 / 0.000         0.000 / 0.000         0.000 / 0.000         0.000 / 0.000       ms
[230.170s][info][gc,stats    ]      System: Java Threads                                     40 / 42               33 / 42               33 / 42               33 / 42          threads
[230.170s][info][gc,stats    ] =========================================================================================================================================================
[230.183s][info][gc,phases   ] GC(143) Concurrent Mark 15.144ms
[230.183s][info][gc,phases   ] GC(143) Pause Mark End 0.023ms
[230.184s][info][gc,phases   ] GC(143) Concurrent Mark Free 0.001ms
[230.185s][info][gc,phases   ] GC(143) Concurrent Process Non-Strong References 1.003ms
[230.185s][info][gc,phases   ] GC(143) Concurrent Reset Relocation Set 0.013ms
[230.189s][info][gc,phases   ] GC(143) Concurrent Select Relocation Set 3.890ms
[230.189s][info][gc,phases   ] GC(143) Pause Relocate Start 0.008ms
[230.192s][info][gc,phases   ] GC(143) Concurrent Relocate 3.266ms
[230.192s][info][gc,load     ] GC(143) Load: 0.00/0.00/0.00
[230.192s][info][gc,mmu      ] GC(143) MMU: 2ms/98.4%, 5ms/99.4%, 10ms/99.6%, 20ms/99.7%, 50ms/99.8%, 100ms/99.9%
[230.192s][info][gc,marking  ] GC(143) Mark: 8 stripe(s), 2 proactive flush(es), 1 terminate flush(es), 0 completion(s), 0 continuation(s) 
[230.192s][info][gc,marking  ] GC(143) Mark Stack Usage: 32M
[230.192s][info][gc,nmethod  ] GC(143) NMethods: 2003 registered, 389 unregistered
[230.192s][info][gc,metaspace] GC(143) Metaspace: 9M used, 10M committed, 1088M reserved
[230.192s][info][gc,ref      ] GC(143) Soft: 214 encountered, 0 discovered, 0 enqueued
[230.192s][info][gc,ref      ] GC(143) Weak: 815 encountered, 47 discovered, 0 enqueued
[230.192s][info][gc,ref      ] GC(143) Final: 0 encountered, 0 discovered, 0 enqueued
[230.192s][info][gc,ref      ] GC(143) Phantom: 27 encountered, 18 discovered, 0 enqueued
[230.192s][info][gc,reloc    ] GC(143) Small Pages: 278 / 556M, Empty: 450M, Relocated: 4M, In-Place: 0
[230.193s][info][gc,reloc    ] GC(143) Medium Pages: 0 / 0M, Empty: 0M, Relocated: 0M, In-Place: 0
[230.193s][info][gc,reloc    ] GC(143) Large Pages: 0 / 0M, Empty: 0M, Relocated: 0M, In-Place: 0
[230.193s][info][gc,reloc    ] GC(143) Forwarding Usage: 2M
[230.193s][info][gc,heap     ] GC(143) Min Capacity: 8M(0%)
[230.193s][info][gc,heap     ] GC(143) Max Capacity: 2048M(100%)
[230.193s][info][gc,heap     ] GC(143) Soft Max Capacity: 2048M(100%)
[230.193s][info][gc,heap     ] GC(143)                Mark Start          Mark End        Relocate Start      Relocate End           High               Low         
[230.193s][info][gc,heap     ] GC(143)  Capacity:     2048M (100%)       2048M (100%)       2048M (100%)       2048M (100%)       2048M (100%)       2048M (100%)   
[230.193s][info][gc,heap     ] GC(143)      Free:     1492M (73%)        1486M (73%)        1934M (94%)        2012M (98%)        2012M (98%)        1486M (73%)    
[230.193s][info][gc,heap     ] GC(143)      Used:      556M (27%)         562M (27%)         114M (6%)           36M (2%)          562M (27%)          36M (2%)     
[230.193s][info][gc,heap     ] GC(143)      Live:         -                 6M (0%)            6M (0%)            6M (0%)             -                  -          
[230.193s][info][gc,heap     ] GC(143) Allocated:         -                 6M (0%)            8M (0%)            9M (0%)             -                  -          
[230.193s][info][gc,heap     ] GC(143)   Garbage:         -               549M (27%)          99M (5%)           19M (1%)             -                  -          
[230.193s][info][gc,heap     ] GC(143) Reclaimed:         -                  -               450M (22%)         529M (26%)            -                  -          
[230.193s][info][gc          ] GC(143) Garbage Collection (Proactive) 556M(27%)->36M(2%)
[231.766s][info][gc,start    ] GC(144) Garbage Collection (Proactive)
[231.766s][info][gc,task     ] GC(144) Using 12 workers
[231.767s][info][gc,phases   ] GC(144) Pause Mark Start 0.019ms
[231.782s][info][gc,phases   ] GC(144) Concurrent Mark 15.199ms
[231.782s][info][gc,phases   ] GC(144) Pause Mark End 0.023ms
[231.782s][info][gc,phases   ] GC(144) Concurrent Mark Free 0.001ms
[231.783s][info][gc,phases   ] GC(144) Concurrent Process Non-Strong References 0.985ms
[231.783s][info][gc,phases   ] GC(144) Concurrent Reset Relocation Set 0.008ms
[231.787s][info][gc,phases   ] GC(144) Concurrent Select Relocation Set 3.831ms
[231.787s][info][gc,phases   ] GC(144) Pause Relocate Start 0.008ms
[231.791s][info][gc,phases   ] GC(144) Concurrent Relocate 3.930ms
[231.791s][info][gc,load     ] GC(144) Load: 0.00/0.00/0.00
[231.791s][info][gc,mmu      ] GC(144) MMU: 2ms/98.4%, 5ms/99.4%, 10ms/99.6%, 20ms/99.7%, 50ms/99.8%, 100ms/99.9%
[231.791s][info][gc,marking  ] GC(144) Mark: 8 stripe(s), 2 proactive flush(es), 1 terminate flush(es), 0 completion(s), 0 continuation(s) 
[231.791s][info][gc,marking  ] GC(144) Mark Stack Usage: 32M
[231.791s][info][gc,nmethod  ] GC(144) NMethods: 2003 registered, 389 unregistered
[231.791s][info][gc,metaspace] GC(144) Metaspace: 9M used, 10M committed, 1088M reserved
[231.792s][info][gc,ref      ] GC(144) Soft: 214 encountered, 0 discovered, 0 enqueued
[231.792s][info][gc,ref      ] GC(144) Weak: 815 encountered, 48 discovered, 0 enqueued
[231.792s][info][gc,ref      ] GC(144) Final: 0 encountered, 0 discovered, 0 enqueued
[231.792s][info][gc,ref      ] GC(144) Phantom: 27 encountered, 23 discovered, 0 enqueued
[231.792s][info][gc,reloc    ] GC(144) Small Pages: 277 / 554M, Empty: 468M, Relocated: 4M, In-Place: 0
[231.792s][info][gc,reloc    ] GC(144) Medium Pages: 0 / 0M, Empty: 0M, Relocated: 0M, In-Place: 0
[231.792s][info][gc,reloc    ] GC(144) Large Pages: 0 / 0M, Empty: 0M, Relocated: 0M, In-Place: 0
[231.792s][info][gc,reloc    ] GC(144) Forwarding Usage: 1M
[231.792s][info][gc,heap     ] GC(144) Min Capacity: 8M(0%)
[231.792s][info][gc,heap     ] GC(144) Max Capacity: 2048M(100%)
[231.792s][info][gc,heap     ] GC(144) Soft Max Capacity: 2048M(100%)
[231.792s][info][gc,heap     ] GC(144)                Mark Start          Mark End        Relocate Start      Relocate End           High               Low         
[231.792s][info][gc,heap     ] GC(144)  Capacity:     2048M (100%)       2048M (100%)       2048M (100%)       2048M (100%)       2048M (100%)       2048M (100%)   
[231.792s][info][gc,heap     ] GC(144)      Free:     1494M (73%)        1488M (73%)        1954M (95%)        2012M (98%)        2012M (98%)        1488M (73%)    
[231.792s][info][gc,heap     ] GC(144)      Used:      554M (27%)         560M (27%)          94M (5%)           36M (2%)          560M (27%)          36M (2%)     
[231.792s][info][gc,heap     ] GC(144)      Live:         -                 6M (0%)            6M (0%)            6M (0%)             -                  -          
[231.792s][info][gc,heap     ] GC(144) Allocated:         -                 6M (0%)            8M (0%)            9M (0%)             -                  -          
[231.792s][info][gc,heap     ] GC(144)   Garbage:         -               547M (27%)          79M (4%)           19M (1%)             -                  -          
[231.792s][info][gc,heap     ] GC(144) Reclaimed:         -                  -               468M (23%)         527M (26%)            -                  -          
[231.792s][info][gc          ] GC(144) Garbage Collection (Proactive) 554M(27%)->36M(2%)
[233.273s][info][gc,start    ] GC(145) Garbage Collection (Proactive)
[233.273s][info][gc,task     ] GC(145) Using 12 workers
[233.273s][info][gc,phases   ] GC(145) Pause Mark Start 0.018ms
[233.289s][info][gc,phases   ] GC(145) Concurrent Mark 15.145ms
[233.289s][info][gc,phases   ] GC(145) Pause Mark End 0.022ms
[233.289s][info][gc,phases   ] GC(145) Concurrent Mark Free 0.001ms
[233.290s][info][gc,phases   ] GC(145) Concurrent Process Non-Strong References 1.037ms
[233.290s][info][gc,phases   ] GC(145) Concurrent Reset Relocation Set 0.006ms
[233.297s][info][gc,phases   ] GC(145) Concurrent Select Relocation Set 6.715ms
[233.297s][info][gc,phases   ] GC(145) Pause Relocate Start 0.009ms
[233.300s][info][gc,phases   ] GC(145) Concurrent Relocate 3.482ms
[233.301s][info][gc,load     ] GC(145) Load: 0.00/0.00/0.00
[233.301s][info][gc,mmu      ] GC(145) MMU: 2ms/98.4%, 5ms/99.4%, 10ms/99.6%, 20ms/99.7%, 50ms/99.8%, 100ms/99.9%
[233.301s][info][gc,marking  ] GC(145) Mark: 8 stripe(s), 2 proactive flush(es), 1 terminate flush(es), 0 completion(s), 0 continuation(s) 
[233.301s][info][gc,marking  ] GC(145) Mark Stack Usage: 32M
[233.301s][info][gc,nmethod  ] GC(145) NMethods: 2003 registered, 389 unregistered
[233.301s][info][gc,metaspace] GC(145) Metaspace: 9M used, 10M committed, 1088M reserved
[233.301s][info][gc,ref      ] GC(145) Soft: 214 encountered, 0 discovered, 0 enqueued
[233.301s][info][gc,ref      ] GC(145) Weak: 815 encountered, 138 discovered, 0 enqueued
[233.301s][info][gc,ref      ] GC(145) Final: 0 encountered, 0 discovered, 0 enqueued
[233.301s][info][gc,ref      ] GC(145) Phantom: 27 encountered, 22 discovered, 0 enqueued
[233.301s][info][gc,reloc    ] GC(145) Small Pages: 255 / 510M, Empty: 436M, Relocated: 5M, In-Place: 0
[233.301s][info][gc,reloc    ] GC(145) Medium Pages: 0 / 0M, Empty: 0M, Relocated: 0M, In-Place: 0
[233.301s][info][gc,reloc    ] GC(145) Large Pages: 0 / 0M, Empty: 0M, Relocated: 0M, In-Place: 0
[233.301s][info][gc,reloc    ] GC(145) Forwarding Usage: 1M
[233.301s][info][gc,heap     ] GC(145) Min Capacity: 8M(0%)
[233.301s][info][gc,heap     ] GC(145) Max Capacity: 2048M(100%)
[233.301s][info][gc,heap     ] GC(145) Soft Max Capacity: 2048M(100%)
[233.301s][info][gc,heap     ] GC(145)                Mark Start          Mark End        Relocate Start      Relocate End           High               Low         
[233.301s][info][gc,heap     ] GC(145)  Capacity:     2048M (100%)       2048M (100%)       2048M (100%)       2048M (100%)       2048M (100%)       2048M (100%)   
[233.301s][info][gc,heap     ] GC(145)      Free:     1538M (75%)        1532M (75%)        1966M (96%)        2014M (98%)        2014M (98%)        1532M (75%)    
[233.301s][info][gc,heap     ] GC(145)      Used:      510M (25%)         516M (25%)          82M (4%)           34M (2%)          516M (25%)          34M (2%)     
[233.301s][info][gc,heap     ] GC(145)      Live:         -                 6M (0%)            6M (0%)            6M (0%)             -                  -          
[233.301s][info][gc,heap     ] GC(145) Allocated:         -                 6M (0%)            8M (0%)            7M (0%)             -                  -          
[233.301s][info][gc,heap     ] GC(145)   Garbage:         -               503M (25%)          67M (3%)           19M (1%)             -                  -          
[233.301s][info][gc,heap     ] GC(145) Reclaimed:         -                  -               436M (21%)         483M (24%)            -                  -          
[233.301s][info][gc          ] GC(145) Garbage Collection (Proactive) 510M(25%)->34M(2%)
[233.795s][info][gc,start    ] GC(146) Garbage Collection (System.gc())
[233.795s][info][gc,task     ] GC(146) Using 12 workers
[233.795s][info][gc,phases   ] GC(146) Pause Mark Start 0.018ms
[233.804s][info][gc,phases   ] GC(146) Concurrent Mark 8.539ms
[233.804s][info][gc,phases   ] GC(146) Pause Mark End 0.019ms
[233.804s][info][gc,phases   ] GC(146) Concurrent Mark Free 0.001ms
[233.805s][info][gc,phases   ] GC(146) Concurrent Process Non-Strong References 0.924ms
[233.805s][info][gc,phases   ] GC(146) Concurrent Reset Relocation Set 0.006ms
[233.809s][info][gc,phases   ] GC(146) Concurrent Select Relocation Set 3.813ms
[233.809s][info][gc,phases   ] GC(146) Pause Relocate Start 0.006ms
[233.812s][info][gc,phases   ] GC(146) Concurrent Relocate 2.939ms
[233.812s][info][gc,load     ] GC(146) Load: 0.00/0.00/0.00
[233.812s][info][gc,mmu      ] GC(146) MMU: 2ms/98.4%, 5ms/99.4%, 10ms/99.6%, 20ms/99.7%, 50ms/99.8%, 100ms/99.9%
[233.812s][info][gc,marking  ] GC(146) Mark: 8 stripe(s), 2 proactive flush(es), 1 terminate flush(es), 0 completion(s), 0 continuation(s) 
[233.812s][info][gc,marking  ] GC(146) Mark Stack Usage: 32M
[233.812s][info][gc,nmethod  ] GC(146) NMethods: 2003 registered, 389 unregistered
[233.812s][info][gc,metaspace] GC(146) Metaspace: 9M used, 10M committed, 1088M reserved
[233.812s][info][gc,ref      ] GC(146) Soft: 214 encountered, 0 discovered, 0 enqueued
[233.812s][info][gc,ref      ] GC(146) Weak: 815 encountered, 226 discovered, 0 enqueued
[233.813s][info][gc,ref      ] GC(146) Final: 0 encountered, 0 discovered, 0 enqueued
[233.813s][info][gc,ref      ] GC(146) Phantom: 27 encountered, 18 discovered, 0 enqueued
[233.813s][info][gc,reloc    ] GC(146) Small Pages: 95 / 190M, Empty: 172M, Relocated: 3M, In-Place: 0
[233.813s][info][gc,reloc    ] GC(146) Medium Pages: 0 / 0M, Empty: 0M, Relocated: 0M, In-Place: 0
[233.813s][info][gc,reloc    ] GC(146) Large Pages: 0 / 0M, Empty: 0M, Relocated: 0M, In-Place: 0
[233.813s][info][gc,reloc    ] GC(146) Forwarding Usage: 1M
[233.813s][info][gc,heap     ] GC(146) Min Capacity: 8M(0%)
[233.813s][info][gc,heap     ] GC(146) Max Capacity: 2048M(100%)
[233.813s][info][gc,heap     ] GC(146) Soft Max Capacity: 2048M(100%)
[233.813s][info][gc,heap     ] GC(146)                Mark Start          Mark End        Relocate Start      Relocate End           High               Low         
[233.813s][info][gc,heap     ] GC(146)  Capacity:     2048M (100%)       2048M (100%)       2048M (100%)       2048M (100%)       2048M (100%)       2048M (100%)   
[233.813s][info][gc,heap     ] GC(146)      Free:     1858M (91%)        1858M (91%)        2030M (99%)        2030M (99%)        2030M (99%)        1858M (91%)    
[233.813s][info][gc,heap     ] GC(146)      Used:      190M (9%)          190M (9%)           18M (1%)           18M (1%)          190M (9%)           18M (1%)     
[233.813s][info][gc,heap     ] GC(146)      Live:         -                 4M (0%)            4M (0%)            4M (0%)             -                  -          
[233.813s][info][gc,heap     ] GC(146) Allocated:         -                 0M (0%)            0M (0%)            0M (0%)             -                  -          
[233.813s][info][gc,heap     ] GC(146)   Garbage:         -               185M (9%)           13M (1%)           13M (1%)             -                  -          
[233.813s][info][gc,heap     ] GC(146) Reclaimed:         -                  -               172M (8%)          172M (8%)             -                  -          
[233.813s][info][gc          ] GC(146) Garbage Collection (System.gc()) 190M(9%)->18M(1%)
[235.569s][info][gc,start    ] GC(147) Garbage Collection (Proactive)
[235.569s][info][gc,task     ] GC(147) Using 12 workers
[235.570s][info][gc,phases   ] GC(147) Pause Mark Start 0.017ms
[235.585s][info][gc,phases   ] GC(147) Concurrent Mark 15.159ms
[235.585s][info][gc,phases   ] GC(147) Pause Mark End 0.023ms
[235.585s][info][gc,phases   ] GC(147) Concurrent Mark Free 0.001ms
[235.586s][info][gc,phases   ] GC(147) Concurrent Process Non-Strong References 1.007ms
[235.586s][info][gc,phases   ] GC(147) Concurrent Reset Relocation Set 0.002ms
[235.593s][info][gc,phases   ] GC(147) Concurrent Select Relocation Set 6.896ms
[235.593s][info][gc,phases   ] GC(147) Pause Relocate Start 0.009ms
[235.597s][info][gc,phases   ] GC(147) Concurrent Relocate 3.484ms
[235.597s][info][gc,load     ] GC(147) Load: 0.00/0.00/0.00
[235.597s][info][gc,mmu      ] GC(147) MMU: 2ms/98.4%, 5ms/99.4%, 10ms/99.6%, 20ms/99.7%, 50ms/99.8%, 100ms/99.9%
[235.597s][info][gc,marking  ] GC(147) Mark: 8 stripe(s), 2 proactive flush(es), 1 terminate flush(es), 0 completion(s), 0 continuation(s) 
[235.597s][info][gc,marking  ] GC(147) Mark Stack Usage: 32M
[235.597s][info][gc,nmethod  ] GC(147) NMethods: 2003 registered, 389 unregistered
[235.597s][info][gc,metaspace] GC(147) Metaspace: 9M used, 10M committed, 1088M reserved
[235.597s][info][gc,ref      ] GC(147) Soft: 214 encountered, 0 discovered, 0 enqueued
[235.597s][info][gc,ref      ] GC(147) Weak: 815 encountered, 107 discovered, 0 enqueued
[235.597s][info][gc,ref      ] GC(147) Final: 0 encountered, 0 discovered, 0 enqueued
[235.597s][info][gc,ref      ] GC(147) Phantom: 27 encountered, 23 discovered, 0 enqueued
[235.597s][info][gc,reloc    ] GC(147) Small Pages: 295 / 590M, Empty: 396M, Relocated: 4M, In-Place: 0
[235.597s][info][gc,reloc    ] GC(147) Medium Pages: 0 / 0M, Empty: 0M, Relocated: 0M, In-Place: 0
[235.597s][info][gc,reloc    ] GC(147) Large Pages: 0 / 0M, Empty: 0M, Relocated: 0M, In-Place: 0
[235.597s][info][gc,reloc    ] GC(147) Forwarding Usage: 2M
[235.597s][info][gc,heap     ] GC(147) Min Capacity: 8M(0%)
[235.597s][info][gc,heap     ] GC(147) Max Capacity: 2048M(100%)
[235.598s][info][gc,heap     ] GC(147) Soft Max Capacity: 2048M(100%)
[235.598s][info][gc,heap     ] GC(147)                Mark Start          Mark End        Relocate Start      Relocate End           High               Low         
[235.598s][info][gc,heap     ] GC(147)  Capacity:     2048M (100%)       2048M (100%)       2048M (100%)       2048M (100%)       2048M (100%)       2048M (100%)   
[235.598s][info][gc,heap     ] GC(147)      Free:     1458M (71%)        1452M (71%)        1846M (90%)        2012M (98%)        2012M (98%)        1450M (71%)    
[235.598s][info][gc,heap     ] GC(147)      Used:      590M (29%)         596M (29%)         202M (10%)          36M (2%)          598M (29%)          36M (2%)     
[235.598s][info][gc,heap     ] GC(147)      Live:         -                 6M (0%)            6M (0%)            6M (0%)             -                  -          
[235.598s][info][gc,heap     ] GC(147) Allocated:         -                 6M (0%)            8M (0%)            9M (0%)             -                  -          
[235.598s][info][gc,heap     ] GC(147)   Garbage:         -               583M (28%)         187M (9%)           19M (1%)             -                  -          
[235.598s][info][gc,heap     ] GC(147) Reclaimed:         -                  -               396M (19%)         563M (28%)            -                  -          
[235.598s][info][gc          ] GC(147) Garbage Collection (Proactive) 590M(29%)->36M(2%)
[237.569s][info][gc,start    ] GC(148) Garbage Collection (Proactive)
[237.569s][info][gc,task     ] GC(148) Using 12 workers
[237.569s][info][gc,phases   ] GC(148) Pause Mark Start 0.016ms
[237.584s][info][gc,phases   ] GC(148) Concurrent Mark 15.143ms
[237.585s][info][gc,phases   ] GC(148) Pause Mark End 0.026ms
[237.585s][info][gc,phases   ] GC(148) Concurrent Mark Free 0.001ms
[237.586s][info][gc,phases   ] GC(148) Concurrent Process Non-Strong References 1.051ms
[237.586s][info][gc,phases   ] GC(148) Concurrent Reset Relocation Set 0.013ms
[237.593s][info][gc,phases   ] GC(148) Concurrent Select Relocation Set 7.085ms
[237.593s][info][gc,phases   ] GC(148) Pause Relocate Start 0.010ms
[237.597s][info][gc,phases   ] GC(148) Concurrent Relocate 3.623ms
[237.597s][info][gc,load     ] GC(148) Load: 0.00/0.00/0.00
[237.597s][info][gc,mmu      ] GC(148) MMU: 2ms/98.4%, 5ms/99.4%, 10ms/99.6%, 20ms/99.7%, 50ms/99.8%, 100ms/99.9%
[237.597s][info][gc,marking  ] GC(148) Mark: 8 stripe(s), 2 proactive flush(es), 1 terminate flush(es), 0 completion(s), 0 continuation(s) 
[237.597s][info][gc,marking  ] GC(148) Mark Stack Usage: 32M
[237.597s][info][gc,nmethod  ] GC(148) NMethods: 2003 registered, 389 unregistered
[237.597s][info][gc,metaspace] GC(148) Metaspace: 9M used, 10M committed, 1088M reserved
[237.597s][info][gc,ref      ] GC(148) Soft: 214 encountered, 0 discovered, 0 enqueued
[237.597s][info][gc,ref      ] GC(148) Weak: 815 encountered, 19 discovered, 0 enqueued
[237.597s][info][gc,ref      ] GC(148) Final: 0 encountered, 0 discovered, 0 enqueued
[237.597s][info][gc,ref      ] GC(148) Phantom: 27 encountered, 22 discovered, 0 enqueued
[237.597s][info][gc,reloc    ] GC(148) Small Pages: 329 / 658M, Empty: 498M, Relocated: 4M, In-Place: 0
[237.597s][info][gc,reloc    ] GC(148) Medium Pages: 0 / 0M, Empty: 0M, Relocated: 0M, In-Place: 0
[237.597s][info][gc,reloc    ] GC(148) Large Pages: 0 / 0M, Empty: 0M, Relocated: 0M, In-Place: 0
[237.597s][info][gc,reloc    ] GC(148) Forwarding Usage: 2M
[237.597s][info][gc,heap     ] GC(148) Min Capacity: 8M(0%)
[237.597s][info][gc,heap     ] GC(148) Max Capacity: 2048M(100%)
[237.597s][info][gc,heap     ] GC(148) Soft Max Capacity: 2048M(100%)
[237.597s][info][gc,heap     ] GC(148)                Mark Start          Mark End        Relocate Start      Relocate End           High               Low         
[237.597s][info][gc,heap     ] GC(148)  Capacity:     2048M (100%)       2048M (100%)       2048M (100%)       2048M (100%)       2048M (100%)       2048M (100%)   
[237.597s][info][gc,heap     ] GC(148)      Free:     1390M (68%)        1384M (68%)        1878M (92%)        2012M (98%)        2012M (98%)        1384M (68%)    
[237.598s][info][gc,heap     ] GC(148)      Used:      658M (32%)         664M (32%)         170M (8%)           36M (2%)          664M (32%)          36M (2%)     
[237.598s][info][gc,heap     ] GC(148)      Live:         -                 6M (0%)            6M (0%)            6M (0%)             -                  -          
[237.598s][info][gc,heap     ] GC(148) Allocated:         -                 6M (0%)           10M (0%)            9M (0%)             -                  -          
[237.598s][info][gc,heap     ] GC(148)   Garbage:         -               651M (32%)         153M (7%)           19M (1%)             -                  -          
[237.598s][info][gc,heap     ] GC(148) Reclaimed:         -                  -               498M (24%)         631M (31%)            -                  -          
[237.598s][info][gc          ] GC(148) Garbage Collection (Proactive) 658M(32%)->36M(2%)
[239.475s][info][gc,start    ] GC(149) Garbage Collection (Proactive)
[239.475s][info][gc,task     ] GC(149) Using 12 workers
[239.475s][info][gc,phases   ] GC(149) Pause Mark Start 0.019ms
[239.490s][info][gc,phases   ] GC(149) Concurrent Mark 15.214ms
[239.490s][info][gc,phases   ] GC(149) Pause Mark End 0.025ms
[239.490s][info][gc,phases   ] GC(149) Concurrent Mark Free 0.001ms
[239.492s][info][gc,phases   ] GC(149) Concurrent Process Non-Strong References 1.016ms
[239.492s][info][gc,phases   ] GC(149) Concurrent Reset Relocation Set 0.013ms
[239.495s][info][gc,phases   ] GC(149) Concurrent Select Relocation Set 3.794ms
[239.496s][info][gc,phases   ] GC(149) Pause Relocate Start 0.009ms
[239.499s][info][gc,phases   ] GC(149) Concurrent Relocate 3.407ms
[239.499s][info][gc,load     ] GC(149) Load: 0.00/0.00/0.00
[239.499s][info][gc,mmu      ] GC(149) MMU: 2ms/98.4%, 5ms/99.4%, 10ms/99.6%, 20ms/99.7%, 50ms/99.8%, 100ms/99.9%
[239.499s][info][gc,marking  ] GC(149) Mark: 8 stripe(s), 2 proactive flush(es), 1 terminate flush(es), 0 completion(s), 0 continuation(s) 
[239.499s][info][gc,marking  ] GC(149) Mark Stack Usage: 32M
[239.499s][info][gc,nmethod  ] GC(149) NMethods: 2003 registered, 389 unregistered
[239.499s][info][gc,metaspace] GC(149) Metaspace: 9M used, 10M committed, 1088M reserved
[239.499s][info][gc,ref      ] GC(149) Soft: 214 encountered, 0 discovered, 0 enqueued
[239.499s][info][gc,ref      ] GC(149) Weak: 815 encountered, 193 discovered, 0 enqueued
[239.499s][info][gc,ref      ] GC(149) Final: 0 encountered, 0 discovered, 0 enqueued
[239.499s][info][gc,ref      ] GC(149) Phantom: 27 encountered, 20 discovered, 0 enqueued
[239.500s][info][gc,reloc    ] GC(149) Small Pages: 324 / 648M, Empty: 488M, Relocated: 4M, In-Place: 0
[239.500s][info][gc,reloc    ] GC(149) Medium Pages: 0 / 0M, Empty: 0M, Relocated: 0M, In-Place: 0
[239.500s][info][gc,reloc    ] GC(149) Large Pages: 0 / 0M, Empty: 0M, Relocated: 0M, In-Place: 0
[239.500s][info][gc,reloc    ] GC(149) Forwarding Usage: 2M
[239.500s][info][gc,heap     ] GC(149) Min Capacity: 8M(0%)
[239.500s][info][gc,heap     ] GC(149) Max Capacity: 2048M(100%)
[239.500s][info][gc,heap     ] GC(149) Soft Max Capacity: 2048M(100%)
[239.500s][info][gc,heap     ] GC(149)                Mark Start          Mark End        Relocate Start      Relocate End           High               Low         
[239.500s][info][gc,heap     ] GC(149)  Capacity:     2048M (100%)       2048M (100%)       2048M (100%)       2048M (100%)       2048M (100%)       2048M (100%)   
[239.500s][info][gc,heap     ] GC(149)      Free:     1400M (68%)        1394M (68%)        1880M (92%)        2014M (98%)        2014M (98%)        1394M (68%)    
[239.500s][info][gc,heap     ] GC(149)      Used:      648M (32%)         654M (32%)         168M (8%)           34M (2%)          654M (32%)          34M (2%)     
[239.500s][info][gc,heap     ] GC(149)      Live:         -                 6M (0%)            6M (0%)            6M (0%)             -                  -          
[239.500s][info][gc,heap     ] GC(149) Allocated:         -                 6M (0%)            8M (0%)            7M (0%)             -                  -          
[239.500s][info][gc,heap     ] GC(149)   Garbage:         -               641M (31%)         153M (8%)           19M (1%)             -                  -          
[239.500s][info][gc,heap     ] GC(149) Reclaimed:         -                  -               488M (24%)         621M (30%)            -                  -          
[239.500s][info][gc          ] GC(149) Garbage Collection (Proactive) 648M(32%)->34M(2%)
[240.177s][info][gc,stats    ] === Garbage Collection Statistics =======================================================================================================================
[240.178s][info][gc,stats    ]                                                              Last 10s              Last 10m              Last 10h                Total
[240.178s][info][gc,stats    ]                                                              Avg / Max             Avg / Max             Avg / Max             Avg / Max
[240.178s][info][gc,stats    ]   Collector: Garbage Collection Cycle                     25.040 / 28.210       25.878 / 57.424       25.878 / 57.424       25.878 / 57.424      ms
[240.178s][info][gc,stats    ]  Contention: Mark Segment Reset Contention                     1 / 5                 1 / 13                1 / 13                1 / 13          ops/s
[240.178s][info][gc,stats    ]  Contention: Mark SeqNum Reset Contention                      0 / 1                 0 / 2                 0 / 2                 0 / 2           ops/s
[240.178s][info][gc,stats    ]    Critical: Allocation Stall                                  0 / 0                 0 / 0                 0 / 0                 0 / 0           ops/s
[240.178s][info][gc,stats    ]    Critical: Allocation Stall                              0.000 / 0.000         0.000 / 0.000         0.000 / 0.000         0.000 / 0.000       ms
[240.178s][info][gc,stats    ]    Critical: GC Locker Stall                                   0 / 0                 0 / 0                 0 / 0                 0 / 0           ops/s
[240.178s][info][gc,stats    ]    Critical: GC Locker Stall                               0.000 / 0.000         0.000 / 0.000         0.000 / 0.000         0.000 / 0.000       ms
[240.178s][info][gc,stats    ]    Critical: Relocation Stall                                  0 / 0                 0 / 0                 0 / 0                 0 / 0           ops/s
[240.178s][info][gc,stats    ]    Critical: Relocation Stall                              0.000 / 0.000         0.000 / 0.000         0.000 / 0.000         0.000 / 0.000       ms
[240.178s][info][gc,stats    ]      Memory: Allocation Rate                                 325 / 334             321 / 342             321 / 342             321 / 342         MB/s
[240.178s][info][gc,stats    ]      Memory: Defragment                                        0 / 0                 0 / 0                 0 / 0                 0 / 0           ops/s
[240.178s][info][gc,stats    ]      Memory: Out Of Memory                                     0 / 0                 0 / 0                 0 / 0                 0 / 0           ops/s
[240.178s][info][gc,stats    ]      Memory: Page Cache Flush                                  0 / 0                 0 / 0                 0 / 0                 0 / 0           MB/s
[240.178s][info][gc,stats    ]      Memory: Page Cache Hit L1                               170 / 182             164 / 184             164 / 184             164 / 184         ops/s
[240.178s][info][gc,stats    ]      Memory: Page Cache Hit L2                                 0 / 0                 0 / 0                 0 / 0                 0 / 0           ops/s
[240.178s][info][gc,stats    ]      Memory: Page Cache Hit L3                                 0 / 0                 3 / 145               3 / 145               3 / 145         ops/s
[240.178s][info][gc,stats    ]      Memory: Page Cache Miss                                   0 / 0                 0 / 1                 0 / 1                 0 / 1           ops/s
[240.178s][info][gc,stats    ]      Memory: Uncommit                                          0 / 0                 0 / 0                 0 / 0                 0 / 0           MB/s
[240.178s][info][gc,stats    ]      Memory: Undo Object Allocation Failed                     0 / 2                 0 / 5                 0 / 5                 0 / 5           ops/s
[240.178s][info][gc,stats    ]      Memory: Undo Object Allocation Succeeded                  0 / 3                 0 / 4                 0 / 4                 0 / 4           ops/s
[240.178s][info][gc,stats    ]      Memory: Undo Page Allocation                              1 / 4                 1 / 6                 1 / 6                 1 / 6           ops/s
[240.178s][info][gc,stats    ]       Phase: Concurrent Mark                              14.221 / 15.214       14.650 / 30.725       14.650 / 30.725       14.650 / 30.725      ms
[240.178s][info][gc,stats    ]       Phase: Concurrent Mark Continue                      0.000 / 0.000         0.000 / 0.000         0.000 / 0.000         0.000 / 0.000       ms
[240.178s][info][gc,stats    ]       Phase: Concurrent Mark Free                          0.001 / 0.001         0.001 / 0.002         0.001 / 0.002         0.001 / 0.002       ms
[240.178s][info][gc,stats    ]       Phase: Concurrent Process Non-Strong References      1.003 / 1.051         1.005 / 5.203         1.005 / 5.203         1.005 / 5.203       ms
[240.179s][info][gc,stats    ]       Phase: Concurrent Relocate                           3.447 / 3.930         3.301 / 4.992         3.301 / 4.992         3.301 / 4.992       ms
[240.179s][info][gc,stats    ]       Phase: Concurrent Reset Relocation Set               0.009 / 0.013         0.008 / 0.016         0.008 / 0.016         0.008 / 0.016       ms
[240.179s][info][gc,stats    ]       Phase: Concurrent Select Relocation Set              5.146 / 7.085         5.346 / 15.037        5.346 / 15.037        5.346 / 15.037      ms
[240.179s][info][gc,stats    ]       Phase: Pause Mark End                                0.023 / 0.026         0.023 / 0.032         0.023 / 0.032         0.023 / 0.032       ms
[240.179s][info][gc,stats    ]       Phase: Pause Mark Start                              0.018 / 0.019         0.018 / 0.030         0.018 / 0.030         0.018 / 0.030       ms
[240.179s][info][gc,stats    ]       Phase: Pause Relocate Start                          0.008 / 0.010         0.009 / 0.012         0.009 / 0.012         0.009 / 0.012       ms
[240.179s][info][gc,stats    ]    Subphase: Concurrent Classes Purge                      0.005 / 0.005         0.022 / 0.832         0.022 / 0.832         0.022 / 0.832       ms
[240.179s][info][gc,stats    ]    Subphase: Concurrent Classes Unlink                     0.693 / 0.726         0.680 / 4.025         0.680 / 4.025         0.680 / 4.025       ms
[240.179s][info][gc,stats    ]    Subphase: Concurrent Mark                              12.376 / 14.094       12.776 / 23.255       12.776 / 23.255       12.776 / 23.255      ms
[240.179s][info][gc,stats    ]    Subphase: Concurrent Mark Try Flush                     0.073 / 0.112         0.071 / 0.200         0.071 / 0.200         0.071 / 0.200       ms
[240.179s][info][gc,stats    ]    Subphase: Concurrent Mark Try Terminate                 7.697 / 11.056        7.879 / 16.635        7.879 / 16.635        7.879 / 16.635      ms
[240.179s][info][gc,stats    ]    Subphase: Concurrent References Enqueue                 0.000 / 0.000         0.001 / 0.004         0.001 / 0.004         0.001 / 0.004       ms
[240.179s][info][gc,stats    ]    Subphase: Concurrent References Process                 0.046 / 0.056         0.046 / 0.075         0.046 / 0.075         0.046 / 0.075       ms
[240.179s][info][gc,stats    ]    Subphase: Concurrent Roots ClassLoaderDataGraph         0.091 / 0.664         0.089 / 0.967         0.089 / 0.967         0.089 / 0.967       ms
[240.179s][info][gc,stats    ]    Subphase: Concurrent Roots CodeCache                    0.000 / 0.000         0.000 / 0.000         0.000 / 0.000         0.000 / 0.000       ms
[240.179s][info][gc,stats    ]    Subphase: Concurrent Roots JavaThreads                  0.605 / 1.064         0.548 / 7.350         0.548 / 7.350         0.548 / 7.350       ms
[240.179s][info][gc,stats    ]    Subphase: Concurrent Roots OopStorageSet                0.017 / 0.058         0.018 / 0.273         0.018 / 0.273         0.018 / 0.273       ms
[240.179s][info][gc,stats    ]    Subphase: Concurrent Weak Roots OopStorageSet           0.136 / 0.151         0.135 / 0.173         0.135 / 0.173         0.135 / 0.173       ms
[240.179s][info][gc,stats    ]    Subphase: Pause Mark Try Complete                       0.000 / 0.000         0.000 / 0.000         0.000 / 0.000         0.000 / 0.000       ms
[240.179s][info][gc,stats    ]      System: Java Threads                                     40 / 42               34 / 42               34 / 42               34 / 42          threads
[240.179s][info][gc,stats    ] =========================================================================================================================================================
[240.606s][info][gc,start    ] GC(150) Garbage Collection (System.gc())
[240.606s][info][gc,task     ] GC(150) Using 12 workers
[240.607s][info][gc,phases   ] GC(150) Pause Mark Start 0.018ms
[240.615s][info][gc,phases   ] GC(150) Concurrent Mark 8.194ms
[240.615s][info][gc,phases   ] GC(150) Pause Mark End 0.022ms
[240.615s][info][gc,phases   ] GC(150) Concurrent Mark Free 0.001ms
[240.616s][info][gc,phases   ] GC(150) Concurrent Process Non-Strong References 0.925ms
[240.616s][info][gc,phases   ] GC(150) Concurrent Reset Relocation Set 0.011ms
[240.620s][info][gc,phases   ] GC(150) Concurrent Select Relocation Set 3.873ms
[240.620s][info][gc,phases   ] GC(150) Pause Relocate Start 0.006ms
[240.623s][info][gc,phases   ] GC(150) Concurrent Relocate 2.977ms
[240.623s][info][gc,load     ] GC(150) Load: 0.00/0.00/0.00
[240.623s][info][gc,mmu      ] GC(150) MMU: 2ms/98.4%, 5ms/99.4%, 10ms/99.6%, 20ms/99.7%, 50ms/99.8%, 100ms/99.9%
[240.623s][info][gc,marking  ] GC(150) Mark: 8 stripe(s), 1 proactive flush(es), 1 terminate flush(es), 0 completion(s), 0 continuation(s) 
[240.623s][info][gc,marking  ] GC(150) Mark Stack Usage: 32M
[240.623s][info][gc,nmethod  ] GC(150) NMethods: 2003 registered, 390 unregistered
[240.623s][info][gc,metaspace] GC(150) Metaspace: 9M used, 10M committed, 1088M reserved
[240.623s][info][gc,ref      ] GC(150) Soft: 214 encountered, 0 discovered, 0 enqueued
[240.623s][info][gc,ref      ] GC(150) Weak: 815 encountered, 96 discovered, 0 enqueued
[240.623s][info][gc,ref      ] GC(150) Final: 0 encountered, 0 discovered, 0 enqueued
[240.623s][info][gc,ref      ] GC(150) Phantom: 27 encountered, 19 discovered, 0 enqueued
[240.624s][info][gc,reloc    ] GC(150) Small Pages: 194 / 388M, Empty: 368M, Relocated: 3M, In-Place: 0
[240.624s][info][gc,reloc    ] GC(150) Medium Pages: 0 / 0M, Empty: 0M, Relocated: 0M, In-Place: 0
[240.624s][info][gc,reloc    ] GC(150) Large Pages: 0 / 0M, Empty: 0M, Relocated: 0M, In-Place: 0
[240.624s][info][gc,reloc    ] GC(150) Forwarding Usage: 1M
[240.624s][info][gc,heap     ] GC(150) Min Capacity: 8M(0%)
[240.624s][info][gc,heap     ] GC(150) Max Capacity: 2048M(100%)
[240.624s][info][gc,heap     ] GC(150) Soft Max Capacity: 2048M(100%)
[240.624s][info][gc,heap     ] GC(150)                Mark Start          Mark End        Relocate Start      Relocate End           High               Low         
[240.624s][info][gc,heap     ] GC(150)  Capacity:     2048M (100%)       2048M (100%)       2048M (100%)       2048M (100%)       2048M (100%)       2048M (100%)   
[240.624s][info][gc,heap     ] GC(150)      Free:     1660M (81%)        1660M (81%)        2028M (99%)        2028M (99%)        2028M (99%)        1660M (81%)    
[240.624s][info][gc,heap     ] GC(150)      Used:      388M (19%)         388M (19%)          20M (1%)           20M (1%)          388M (19%)          20M (1%)     
[240.624s][info][gc,heap     ] GC(150)      Live:         -                 4M (0%)            4M (0%)            4M (0%)             -                  -          
[240.624s][info][gc,heap     ] GC(150) Allocated:         -                 0M (0%)            0M (0%)            0M (0%)             -                  -          
[240.624s][info][gc,heap     ] GC(150)   Garbage:         -               383M (19%)          15M (1%)           15M (1%)             -                  -          
[240.624s][info][gc,heap     ] GC(150) Reclaimed:         -                  -               368M (18%)         368M (18%)            -                  -          
[240.624s][info][gc          ] GC(150) Garbage Collection (System.gc()) 388M(19%)->20M(1%)
[242.379s][info][gc,start    ] GC(151) Garbage Collection (Proactive)
[242.379s][info][gc,task     ] GC(151) Using 12 workers
[242.380s][info][gc,phases   ] GC(151) Pause Mark Start 0.018ms
[242.395s][info][gc,phases   ] GC(151) Concurrent Mark 15.196ms
[242.395s][info][gc,phases   ] GC(151) Pause Mark End 0.021ms
[242.395s][info][gc,phases   ] GC(151) Concurrent Mark Free 0.001ms
[242.396s][info][gc,phases   ] GC(151) Concurrent Process Non-Strong References 1.036ms
[242.396s][info][gc,phases   ] GC(151) Concurrent Reset Relocation Set 0.002ms
[242.403s][info][gc,phases   ] GC(151) Concurrent Select Relocation Set 6.811ms
[242.403s][info][gc,phases   ] GC(151) Pause Relocate Start 0.009ms
[242.407s][info][gc,phases   ] GC(151) Concurrent Relocate 3.354ms
[242.407s][info][gc,load     ] GC(151) Load: 0.00/0.00/0.00
[242.407s][info][gc,mmu      ] GC(151) MMU: 2ms/98.4%, 5ms/99.4%, 10ms/99.6%, 20ms/99.7%, 50ms/99.8%, 100ms/99.9%
[242.407s][info][gc,marking  ] GC(151) Mark: 8 stripe(s), 4 proactive flush(es), 1 terminate flush(es), 0 completion(s), 0 continuation(s) 
[242.407s][info][gc,marking  ] GC(151) Mark Stack Usage: 32M
[242.407s][info][gc,nmethod  ] GC(151) NMethods: 2003 registered, 390 unregistered
[242.407s][info][gc,metaspace] GC(151) Metaspace: 9M used, 10M committed, 1088M reserved
[242.407s][info][gc,ref      ] GC(151) Soft: 214 encountered, 0 discovered, 0 enqueued
[242.407s][info][gc,ref      ] GC(151) Weak: 815 encountered, 144 discovered, 0 enqueued
[242.407s][info][gc,ref      ] GC(151) Final: 0 encountered, 0 discovered, 0 enqueued
[242.407s][info][gc,ref      ] GC(151) Phantom: 27 encountered, 22 discovered, 0 enqueued
[242.407s][info][gc,reloc    ] GC(151) Small Pages: 287 / 574M, Empty: 406M, Relocated: 4M, In-Place: 0
[242.407s][info][gc,reloc    ] GC(151) Medium Pages: 0 / 0M, Empty: 0M, Relocated: 0M, In-Place: 0
[242.407s][info][gc,reloc    ] GC(151) Large Pages: 0 / 0M, Empty: 0M, Relocated: 0M, In-Place: 0
[242.407s][info][gc,reloc    ] GC(151) Forwarding Usage: 2M
[242.407s][info][gc,heap     ] GC(151) Min Capacity: 8M(0%)
[242.407s][info][gc,heap     ] GC(151) Max Capacity: 2048M(100%)
[242.407s][info][gc,heap     ] GC(151) Soft Max Capacity: 2048M(100%)
[242.407s][info][gc,heap     ] GC(151)                Mark Start          Mark End        Relocate Start      Relocate End           High               Low         
[242.407s][info][gc,heap     ] GC(151)  Capacity:     2048M (100%)       2048M (100%)       2048M (100%)       2048M (100%)       2048M (100%)       2048M (100%)   
[242.407s][info][gc,heap     ] GC(151)      Free:     1474M (72%)        1468M (72%)        1872M (91%)        2012M (98%)        2012M (98%)        1468M (72%)    
[242.407s][info][gc,heap     ] GC(151)      Used:      574M (28%)         580M (28%)         176M (9%)           36M (2%)          580M (28%)          36M (2%)     
[242.408s][info][gc,heap     ] GC(151)      Live:         -                 6M (0%)            6M (0%)            6M (0%)             -                  -          
[242.408s][info][gc,heap     ] GC(151) Allocated:         -                 6M (0%)            8M (0%)            9M (0%)             -                  -          
[242.408s][info][gc,heap     ] GC(151)   Garbage:         -               567M (28%)         161M (8%)           19M (1%)             -                  -          
[242.408s][info][gc,heap     ] GC(151) Reclaimed:         -                  -               406M (20%)         547M (27%)            -                  -          
[242.408s][info][gc          ] GC(151) Garbage Collection (Proactive) 574M(28%)->36M(2%)
[244.370s][info][gc,start    ] GC(152) Garbage Collection (Proactive)
[244.370s][info][gc,task     ] GC(152) Using 12 workers
[244.370s][info][gc,phases   ] GC(152) Pause Mark Start 0.019ms
[244.386s][info][gc,phases   ] GC(152) Concurrent Mark 15.185ms
[244.386s][info][gc,phases   ] GC(152) Pause Mark End 0.024ms
[244.386s][info][gc,phases   ] GC(152) Concurrent Mark Free 0.001ms
[244.387s][info][gc,phases   ] GC(152) Concurrent Process Non-Strong References 0.985ms
[244.387s][info][gc,phases   ] GC(152) Concurrent Reset Relocation Set 0.013ms
[244.391s][info][gc,phases   ] GC(152) Concurrent Select Relocation Set 3.800ms
[244.391s][info][gc,phases   ] GC(152) Pause Relocate Start 0.008ms
[244.394s][info][gc,phases   ] GC(152) Concurrent Relocate 3.287ms
[244.395s][info][gc,load     ] GC(152) Load: 0.00/0.00/0.00
[244.395s][info][gc,mmu      ] GC(152) MMU: 2ms/98.4%, 5ms/99.4%, 10ms/99.6%, 20ms/99.7%, 50ms/99.8%, 100ms/99.9%
[244.395s][info][gc,marking  ] GC(152) Mark: 8 stripe(s), 3 proactive flush(es), 1 terminate flush(es), 0 completion(s), 0 continuation(s) 
[244.395s][info][gc,marking  ] GC(152) Mark Stack Usage: 32M
[244.395s][info][gc,nmethod  ] GC(152) NMethods: 2003 registered, 390 unregistered
[244.395s][info][gc,metaspace] GC(152) Metaspace: 9M used, 10M committed, 1088M reserved
[244.395s][info][gc,ref      ] GC(152) Soft: 214 encountered, 0 discovered, 0 enqueued
[244.395s][info][gc,ref      ] GC(152) Weak: 815 encountered, 30 discovered, 0 enqueued
[244.395s][info][gc,ref      ] GC(152) Final: 0 encountered, 0 discovered, 0 enqueued
[244.395s][info][gc,ref      ] GC(152) Phantom: 27 encountered, 21 discovered, 0 enqueued
[244.395s][info][gc,reloc    ] GC(152) Small Pages: 324 / 648M, Empty: 490M, Relocated: 4M, In-Place: 0
[244.395s][info][gc,reloc    ] GC(152) Medium Pages: 0 / 0M, Empty: 0M, Relocated: 0M, In-Place: 0
[244.395s][info][gc,reloc    ] GC(152) Large Pages: 0 / 0M, Empty: 0M, Relocated: 0M, In-Place: 0
[244.395s][info][gc,reloc    ] GC(152) Forwarding Usage: 2M
[244.395s][info][gc,heap     ] GC(152) Min Capacity: 8M(0%)
[244.395s][info][gc,heap     ] GC(152) Max Capacity: 2048M(100%)
[244.395s][info][gc,heap     ] GC(152) Soft Max Capacity: 2048M(100%)
[244.395s][info][gc,heap     ] GC(152)                Mark Start          Mark End        Relocate Start      Relocate End           High               Low         
[244.395s][info][gc,heap     ] GC(152)  Capacity:     2048M (100%)       2048M (100%)       2048M (100%)       2048M (100%)       2048M (100%)       2048M (100%)   
[244.395s][info][gc,heap     ] GC(152)      Free:     1400M (68%)        1394M (68%)        1882M (92%)        2014M (98%)        2014M (98%)        1394M (68%)    
[244.395s][info][gc,heap     ] GC(152)      Used:      648M (32%)         654M (32%)         166M (8%)           34M (2%)          654M (32%)          34M (2%)     
[244.395s][info][gc,heap     ] GC(152)      Live:         -                 6M (0%)            6M (0%)            6M (0%)             -                  -          
[244.395s][info][gc,heap     ] GC(152) Allocated:         -                 6M (0%)            8M (0%)            7M (0%)             -                  -          
[244.395s][info][gc,heap     ] GC(152)   Garbage:         -               641M (31%)         151M (7%)           19M (1%)             -                  -          
[244.395s][info][gc,heap     ] GC(152) Reclaimed:         -                  -               490M (24%)         621M (30%)            -                  -          
[244.395s][info][gc          ] GC(152) Garbage Collection (Proactive) 648M(32%)->34M(2%)
[246.174s][info][gc,start    ] GC(153) Garbage Collection (Proactive)
[246.174s][info][gc,task     ] GC(153) Using 12 workers
[246.174s][info][gc,phases   ] GC(153) Pause Mark Start 0.018ms
[246.189s][info][gc,phases   ] GC(153) Concurrent Mark 15.164ms
[246.189s][info][gc,phases   ] GC(153) Pause Mark End 0.022ms
[246.189s][info][gc,phases   ] GC(153) Concurrent Mark Free 0.001ms
[246.191s][info][gc,phases   ] GC(153) Concurrent Process Non-Strong References 1.012ms
[246.191s][info][gc,phases   ] GC(153) Concurrent Reset Relocation Set 0.011ms
[246.194s][info][gc,phases   ] GC(153) Concurrent Select Relocation Set 3.905ms
[246.195s][info][gc,phases   ] GC(153) Pause Relocate Start 0.009ms
[246.198s][info][gc,phases   ] GC(153) Concurrent Relocate 3.238ms
[246.198s][info][gc,load     ] GC(153) Load: 0.00/0.00/0.00
[246.198s][info][gc,mmu      ] GC(153) MMU: 2ms/98.4%, 5ms/99.4%, 10ms/99.6%, 20ms/99.7%, 50ms/99.8%, 100ms/99.9%
[246.198s][info][gc,marking  ] GC(153) Mark: 8 stripe(s), 2 proactive flush(es), 1 terminate flush(es), 0 completion(s), 0 continuation(s) 
[246.198s][info][gc,marking  ] GC(153) Mark Stack Usage: 32M
[246.198s][info][gc,nmethod  ] GC(153) NMethods: 2003 registered, 390 unregistered
[246.198s][info][gc,metaspace] GC(153) Metaspace: 9M used, 10M committed, 1088M reserved
[246.198s][info][gc,ref      ] GC(153) Soft: 214 encountered, 0 discovered, 0 enqueued
[246.198s][info][gc,ref      ] GC(153) Weak: 815 encountered, 20 discovered, 0 enqueued
[246.198s][info][gc,ref      ] GC(153) Final: 0 encountered, 0 discovered, 0 enqueued
[246.198s][info][gc,ref      ] GC(153) Phantom: 27 encountered, 18 discovered, 0 enqueued
[246.198s][info][gc,reloc    ] GC(153) Small Pages: 303 / 606M, Empty: 474M, Relocated: 4M, In-Place: 0
[246.198s][info][gc,reloc    ] GC(153) Medium Pages: 0 / 0M, Empty: 0M, Relocated: 0M, In-Place: 0
[246.198s][info][gc,reloc    ] GC(153) Large Pages: 0 / 0M, Empty: 0M, Relocated: 0M, In-Place: 0
[246.198s][info][gc,reloc    ] GC(153) Forwarding Usage: 2M
[246.198s][info][gc,heap     ] GC(153) Min Capacity: 8M(0%)
[246.198s][info][gc,heap     ] GC(153) Max Capacity: 2048M(100%)
[246.199s][info][gc,heap     ] GC(153) Soft Max Capacity: 2048M(100%)
[246.199s][info][gc,heap     ] GC(153)                Mark Start          Mark End        Relocate Start      Relocate End           High               Low         
[246.199s][info][gc,heap     ] GC(153)  Capacity:     2048M (100%)       2048M (100%)       2048M (100%)       2048M (100%)       2048M (100%)       2048M (100%)   
[246.199s][info][gc,heap     ] GC(153)      Free:     1442M (70%)        1436M (70%)        1908M (93%)        2014M (98%)        2014M (98%)        1434M (70%)    
[246.199s][info][gc,heap     ] GC(153)      Used:      606M (30%)         612M (30%)         140M (7%)           34M (2%)          614M (30%)          34M (2%)     
[246.199s][info][gc,heap     ] GC(153)      Live:         -                 6M (0%)            6M (0%)            6M (0%)             -                  -          
[246.199s][info][gc,heap     ] GC(153) Allocated:         -                 6M (0%)            8M (0%)            7M (0%)             -                  -          
[246.199s][info][gc,heap     ] GC(153)   Garbage:         -               599M (29%)         125M (6%)           19M (1%)             -                  -          
[246.199s][info][gc,heap     ] GC(153) Reclaimed:         -                  -               474M (23%)         579M (28%)            -                  -          
[246.199s][info][gc          ] GC(153) Garbage Collection (Proactive) 606M(30%)->34M(2%)
[247.524s][info][gc,start    ] GC(154) Garbage Collection (System.gc())
[247.524s][info][gc,task     ] GC(154) Using 12 workers
[247.524s][info][gc,phases   ] GC(154) Pause Mark Start 0.018ms
[247.548s][info][gc,phases   ] GC(154) Concurrent Mark 23.149ms
[247.548s][info][gc,phases   ] GC(154) Pause Mark End 0.023ms
[247.548s][info][gc,phases   ] GC(154) Concurrent Mark Free 0.001ms
[247.549s][info][gc,phases   ] GC(154) Concurrent Process Non-Strong References 0.946ms
[247.549s][info][gc,phases   ] GC(154) Concurrent Reset Relocation Set 0.010ms
[247.553s][info][gc,phases   ] GC(154) Concurrent Select Relocation Set 3.867ms
[247.553s][info][gc,phases   ] GC(154) Pause Relocate Start 0.008ms
[247.556s][info][gc,phases   ] GC(154) Concurrent Relocate 2.916ms
[247.556s][info][gc,load     ] GC(154) Load: 0.00/0.00/0.00
[247.556s][info][gc,mmu      ] GC(154) MMU: 2ms/98.4%, 5ms/99.4%, 10ms/99.6%, 20ms/99.7%, 50ms/99.8%, 100ms/99.9%
[247.556s][info][gc,marking  ] GC(154) Mark: 8 stripe(s), 2 proactive flush(es), 1 terminate flush(es), 0 completion(s), 0 continuation(s) 
[247.556s][info][gc,marking  ] GC(154) Mark Stack Usage: 32M
[247.556s][info][gc,nmethod  ] GC(154) NMethods: 2003 registered, 390 unregistered
[247.556s][info][gc,metaspace] GC(154) Metaspace: 9M used, 10M committed, 1088M reserved
[247.556s][info][gc,ref      ] GC(154) Soft: 214 encountered, 0 discovered, 0 enqueued
[247.556s][info][gc,ref      ] GC(154) Weak: 815 encountered, 29 discovered, 0 enqueued
[247.556s][info][gc,ref      ] GC(154) Final: 0 encountered, 0 discovered, 0 enqueued
[247.556s][info][gc,ref      ] GC(154) Phantom: 27 encountered, 24 discovered, 0 enqueued
[247.556s][info][gc,reloc    ] GC(154) Small Pages: 227 / 454M, Empty: 434M, Relocated: 3M, In-Place: 0
[247.556s][info][gc,reloc    ] GC(154) Medium Pages: 0 / 0M, Empty: 0M, Relocated: 0M, In-Place: 0
[247.556s][info][gc,reloc    ] GC(154) Large Pages: 0 / 0M, Empty: 0M, Relocated: 0M, In-Place: 0
[247.556s][info][gc,reloc    ] GC(154) Forwarding Usage: 1M
[247.556s][info][gc,heap     ] GC(154) Min Capacity: 8M(0%)
[247.556s][info][gc,heap     ] GC(154) Max Capacity: 2048M(100%)
[247.557s][info][gc,heap     ] GC(154) Soft Max Capacity: 2048M(100%)
[247.557s][info][gc,heap     ] GC(154)                Mark Start          Mark End        Relocate Start      Relocate End           High               Low         
[247.557s][info][gc,heap     ] GC(154)  Capacity:     2048M (100%)       2048M (100%)       2048M (100%)       2048M (100%)       2048M (100%)       2048M (100%)   
[247.557s][info][gc,heap     ] GC(154)      Free:     1594M (78%)        1594M (78%)        2028M (99%)        2028M (99%)        2028M (99%)        1594M (78%)    
[247.557s][info][gc,heap     ] GC(154)      Used:      454M (22%)         454M (22%)          20M (1%)           20M (1%)          454M (22%)          20M (1%)     
[247.557s][info][gc,heap     ] GC(154)      Live:         -                 4M (0%)            4M (0%)            4M (0%)             -                  -          
[247.557s][info][gc,heap     ] GC(154) Allocated:         -                 0M (0%)            0M (0%)            0M (0%)             -                  -          
[247.557s][info][gc,heap     ] GC(154)   Garbage:         -               449M (22%)          15M (1%)           15M (1%)             -                  -          
[247.557s][info][gc,heap     ] GC(154) Reclaimed:         -                  -               434M (21%)         434M (21%)            -                  -          
[247.557s][info][gc          ] GC(154) Garbage Collection (System.gc()) 454M(22%)->20M(1%)
[249.670s][info][gc,start    ] GC(155) Garbage Collection (Proactive)
[249.670s][info][gc,task     ] GC(155) Using 12 workers
[249.671s][info][gc,phases   ] GC(155) Pause Mark Start 0.019ms
[249.686s][info][gc,phases   ] GC(155) Concurrent Mark 15.218ms
[249.686s][info][gc,phases   ] GC(155) Pause Mark End 0.025ms
[249.686s][info][gc,phases   ] GC(155) Concurrent Mark Free 0.001ms
[249.687s][info][gc,phases   ] GC(155) Concurrent Process Non-Strong References 1.031ms
[249.687s][info][gc,phases   ] GC(155) Concurrent Reset Relocation Set 0.002ms
[249.694s][info][gc,phases   ] GC(155) Concurrent Select Relocation Set 6.570ms
[249.694s][info][gc,phases   ] GC(155) Pause Relocate Start 0.009ms
[249.698s][info][gc,phases   ] GC(155) Concurrent Relocate 3.397ms
[249.698s][info][gc,load     ] GC(155) Load: 0.00/0.00/0.00
[249.698s][info][gc,mmu      ] GC(155) MMU: 2ms/98.4%, 5ms/99.4%, 10ms/99.6%, 20ms/99.7%, 50ms/99.8%, 100ms/99.9%
[249.698s][info][gc,marking  ] GC(155) Mark: 8 stripe(s), 3 proactive flush(es), 1 terminate flush(es), 0 completion(s), 0 continuation(s) 
[249.698s][info][gc,marking  ] GC(155) Mark Stack Usage: 32M
[249.698s][info][gc,nmethod  ] GC(155) NMethods: 2005 registered, 392 unregistered
[249.698s][info][gc,metaspace] GC(155) Metaspace: 9M used, 10M committed, 1088M reserved
[249.698s][info][gc,ref      ] GC(155) Soft: 214 encountered, 0 discovered, 0 enqueued
[249.698s][info][gc,ref      ] GC(155) Weak: 815 encountered, 200 discovered, 0 enqueued
[249.698s][info][gc,ref      ] GC(155) Final: 0 encountered, 0 discovered, 0 enqueued
[249.698s][info][gc,ref      ] GC(155) Phantom: 27 encountered, 21 discovered, 0 enqueued
[249.698s][info][gc,reloc    ] GC(155) Small Pages: 349 / 698M, Empty: 528M, Relocated: 4M, In-Place: 0
[249.698s][info][gc,reloc    ] GC(155) Medium Pages: 0 / 0M, Empty: 0M, Relocated: 0M, In-Place: 0
[249.698s][info][gc,reloc    ] GC(155) Large Pages: 0 / 0M, Empty: 0M, Relocated: 0M, In-Place: 0
[249.698s][info][gc,reloc    ] GC(155) Forwarding Usage: 2M
[249.698s][info][gc,heap     ] GC(155) Min Capacity: 8M(0%)
[249.698s][info][gc,heap     ] GC(155) Max Capacity: 2048M(100%)
[249.698s][info][gc,heap     ] GC(155) Soft Max Capacity: 2048M(100%)
[249.698s][info][gc,heap     ] GC(155)                Mark Start          Mark End        Relocate Start      Relocate End           High               Low         
[249.698s][info][gc,heap     ] GC(155)  Capacity:     2048M (100%)       2048M (100%)       2048M (100%)       2048M (100%)       2048M (100%)       2048M (100%)   
[249.698s][info][gc,heap     ] GC(155)      Free:     1350M (66%)        1344M (66%)        1870M (91%)        2012M (98%)        2012M (98%)        1344M (66%)    
[249.698s][info][gc,heap     ] GC(155)      Used:      698M (34%)         704M (34%)         178M (9%)           36M (2%)          704M (34%)          36M (2%)     
[249.698s][info][gc,heap     ] GC(155)      Live:         -                 6M (0%)            6M (0%)            6M (0%)             -                  -          
[249.698s][info][gc,heap     ] GC(155) Allocated:         -                 6M (0%)            8M (0%)            9M (0%)             -                  -          
[249.698s][info][gc,heap     ] GC(155)   Garbage:         -               691M (34%)         163M (8%)           19M (1%)             -                  -          
[249.699s][info][gc,heap     ] GC(155) Reclaimed:         -                  -               528M (26%)         671M (33%)            -                  -          
[249.699s][info][gc          ] GC(155) Garbage Collection (Proactive) 698M(34%)->36M(2%)
[250.170s][info][gc,stats    ] === Garbage Collection Statistics =======================================================================================================================
[250.170s][info][gc,stats    ]                                                              Last 10s              Last 10m              Last 10h                Total
[250.170s][info][gc,stats    ]                                                              Avg / Max             Avg / Max             Avg / Max             Avg / Max
[250.170s][info][gc,stats    ]   Collector: Garbage Collection Cycle                     25.472 / 31.901       25.862 / 57.424       25.862 / 57.424       25.862 / 57.424      ms
[250.170s][info][gc,stats    ]  Contention: Mark Segment Reset Contention                     1 / 4                 1 / 13                1 / 13                1 / 13          ops/s
[250.171s][info][gc,stats    ]  Contention: Mark SeqNum Reset Contention                      0 / 2                 0 / 2                 0 / 2                 0 / 2           ops/s
[250.171s][info][gc,stats    ]    Critical: Allocation Stall                                  0 / 0                 0 / 0                 0 / 0                 0 / 0           ops/s
[250.171s][info][gc,stats    ]    Critical: Allocation Stall                              0.000 / 0.000         0.000 / 0.000         0.000 / 0.000         0.000 / 0.000       ms
[250.171s][info][gc,stats    ]    Critical: GC Locker Stall                                   0 / 0                 0 / 0                 0 / 0                 0 / 0           ops/s
[250.171s][info][gc,stats    ]    Critical: GC Locker Stall                               0.000 / 0.000         0.000 / 0.000         0.000 / 0.000         0.000 / 0.000       ms
[250.171s][info][gc,stats    ]    Critical: Relocation Stall                                  0 / 0                 0 / 0                 0 / 0                 0 / 0           ops/s
[250.171s][info][gc,stats    ]    Critical: Relocation Stall                              0.000 / 0.000         0.000 / 0.000         0.000 / 0.000         0.000 / 0.000       ms
[250.171s][info][gc,stats    ]      Memory: Allocation Rate                                 318 / 326             321 / 342             321 / 342             321 / 342         MB/s
[250.171s][info][gc,stats    ]      Memory: Defragment                                        0 / 0                 0 / 0                 0 / 0                 0 / 0           ops/s
[250.171s][info][gc,stats    ]      Memory: Out Of Memory                                     0 / 0                 0 / 0                 0 / 0                 0 / 0           ops/s
[250.171s][info][gc,stats    ]      Memory: Page Cache Flush                                  0 / 0                 0 / 0                 0 / 0                 0 / 0           MB/s
[250.171s][info][gc,stats    ]      Memory: Page Cache Hit L1                               166 / 174             164 / 184             164 / 184             164 / 184         ops/s
[250.171s][info][gc,stats    ]      Memory: Page Cache Hit L2                                 0 / 0                 0 / 0                 0 / 0                 0 / 0           ops/s
[250.171s][info][gc,stats    ]      Memory: Page Cache Hit L3                                 0 / 0                 3 / 145               3 / 145               3 / 145         ops/s
[250.171s][info][gc,stats    ]      Memory: Page Cache Miss                                   0 / 0                 0 / 1                 0 / 1                 0 / 1           ops/s
[250.171s][info][gc,stats    ]      Memory: Uncommit                                          0 / 0                 0 / 0                 0 / 0                 0 / 0           MB/s
[250.171s][info][gc,stats    ]      Memory: Undo Object Allocation Failed                     0 / 1                 0 / 5                 0 / 5                 0 / 5           ops/s
[250.171s][info][gc,stats    ]      Memory: Undo Object Allocation Succeeded                  0 / 3                 0 / 4                 0 / 4                 0 / 4           ops/s
[250.171s][info][gc,stats    ]      Memory: Undo Page Allocation                              1 / 4                 1 / 6                 1 / 6                 1 / 6           ops/s
[250.171s][info][gc,stats    ]       Phase: Concurrent Mark                              15.351 / 23.149       14.677 / 30.725       14.677 / 30.725       14.677 / 30.725      ms
[250.171s][info][gc,stats    ]       Phase: Concurrent Mark Continue                      0.000 / 0.000         0.000 / 0.000         0.000 / 0.000         0.000 / 0.000       ms
[250.171s][info][gc,stats    ]       Phase: Concurrent Mark Free                          0.001 / 0.001         0.001 / 0.002         0.001 / 0.002         0.001 / 0.002       ms
[250.171s][info][gc,stats    ]       Phase: Concurrent Process Non-Strong References      0.989 / 1.036         1.004 / 5.203         1.004 / 5.203         1.004 / 5.203       ms
[250.171s][info][gc,stats    ]       Phase: Concurrent Relocate                           3.195 / 3.397         3.297 / 4.992         3.297 / 4.992         3.297 / 4.992       ms
[250.171s][info][gc,stats    ]       Phase: Concurrent Reset Relocation Set               0.008 / 0.013         0.008 / 0.016         0.008 / 0.016         0.008 / 0.016       ms
[250.171s][info][gc,stats    ]       Phase: Concurrent Select Relocation Set              4.804 / 6.811         5.326 / 15.037        5.326 / 15.037        5.326 / 15.037      ms
[250.171s][info][gc,stats    ]       Phase: Pause Mark End                                0.023 / 0.025         0.023 / 0.032         0.023 / 0.032         0.023 / 0.032       ms
[250.171s][info][gc,stats    ]       Phase: Pause Mark Start                              0.018 / 0.019         0.018 / 0.030         0.018 / 0.030         0.018 / 0.030       ms
[250.171s][info][gc,stats    ]       Phase: Pause Relocate Start                          0.008 / 0.009         0.009 / 0.012         0.009 / 0.012         0.009 / 0.012       ms
[250.172s][info][gc,stats    ]    Subphase: Concurrent Classes Purge                      0.010 / 0.027         0.022 / 0.832         0.022 / 0.832         0.022 / 0.832       ms
[250.172s][info][gc,stats    ]    Subphase: Concurrent Classes Unlink                     0.679 / 0.717         0.680 / 4.025         0.680 / 4.025         0.680 / 4.025       ms
[250.172s][info][gc,stats    ]    Subphase: Concurrent Mark                              13.558 / 22.061       12.806 / 23.255       12.806 / 23.255       12.806 / 23.255      ms
[250.172s][info][gc,stats    ]    Subphase: Concurrent Mark Try Flush                     0.073 / 0.114         0.071 / 0.200         0.071 / 0.200         0.071 / 0.200       ms
[250.172s][info][gc,stats    ]    Subphase: Concurrent Mark Try Terminate                 7.971 / 15.633        7.883 / 16.635        7.883 / 16.635        7.883 / 16.635      ms
[250.172s][info][gc,stats    ]    Subphase: Concurrent References Enqueue                 0.000 / 0.000         0.001 / 0.004         0.001 / 0.004         0.001 / 0.004       ms
[250.172s][info][gc,stats    ]    Subphase: Concurrent References Process                 0.041 / 0.045         0.046 / 0.075         0.046 / 0.075         0.046 / 0.075       ms
[250.172s][info][gc,stats    ]    Subphase: Concurrent Roots ClassLoaderDataGraph         0.098 / 0.650         0.089 / 0.967         0.089 / 0.967         0.089 / 0.967       ms
[250.172s][info][gc,stats    ]    Subphase: Concurrent Roots CodeCache                    0.000 / 0.000         0.000 / 0.000         0.000 / 0.000         0.000 / 0.000       ms
[250.172s][info][gc,stats    ]    Subphase: Concurrent Roots JavaThreads                  0.609 / 1.118         0.550 / 7.350         0.550 / 7.350         0.550 / 7.350       ms
[250.172s][info][gc,stats    ]    Subphase: Concurrent Roots OopStorageSet                0.016 / 0.048         0.018 / 0.273         0.018 / 0.273         0.018 / 0.273       ms
[250.172s][info][gc,stats    ]    Subphase: Concurrent Weak Roots OopStorageSet           0.136 / 0.155         0.135 / 0.173         0.135 / 0.173         0.135 / 0.173       ms
[250.172s][info][gc,stats    ]    Subphase: Pause Mark Try Complete                       0.000 / 0.000         0.000 / 0.000         0.000 / 0.000         0.000 / 0.000       ms
[250.172s][info][gc,stats    ]      System: Java Threads                                     40 / 40               34 / 42               34 / 42               34 / 42          threads
[250.172s][info][gc,stats    ] =========================================================================================================================================================
[251.769s][info][gc,start    ] GC(156) Garbage Collection (Proactive)
[251.769s][info][gc,task     ] GC(156) Using 12 workers
[251.769s][info][gc,phases   ] GC(156) Pause Mark Start 0.018ms
[251.784s][info][gc,phases   ] GC(156) Concurrent Mark 15.177ms
[251.784s][info][gc,phases   ] GC(156) Pause Mark End 0.023ms
[251.784s][info][gc,phases   ] GC(156) Concurrent Mark Free 0.001ms
[251.786s][info][gc,phases   ] GC(156) Concurrent Process Non-Strong References 1.007ms
[251.786s][info][gc,phases   ] GC(156) Concurrent Reset Relocation Set 0.013ms
[251.790s][info][gc,phases   ] GC(156) Concurrent Select Relocation Set 3.883ms
[251.790s][info][gc,phases   ] GC(156) Pause Relocate Start 0.009ms
[251.793s][info][gc,phases   ] GC(156) Concurrent Relocate 3.346ms
[251.793s][info][gc,load     ] GC(156) Load: 0.00/0.00/0.00
[251.793s][info][gc,mmu      ] GC(156) MMU: 2ms/98.4%, 5ms/99.4%, 10ms/99.6%, 20ms/99.7%, 50ms/99.8%, 100ms/99.9%
[251.793s][info][gc,marking  ] GC(156) Mark: 8 stripe(s), 2 proactive flush(es), 1 terminate flush(es), 0 completion(s), 0 continuation(s) 
[251.793s][info][gc,marking  ] GC(156) Mark Stack Usage: 32M
[251.793s][info][gc,nmethod  ] GC(156) NMethods: 2005 registered, 392 unregistered
[251.793s][info][gc,metaspace] GC(156) Metaspace: 9M used, 10M committed, 1088M reserved
[251.793s][info][gc,ref      ] GC(156) Soft: 214 encountered, 0 discovered, 0 enqueued
[251.793s][info][gc,ref      ] GC(156) Weak: 815 encountered, 140 discovered, 0 enqueued
[251.793s][info][gc,ref      ] GC(156) Final: 0 encountered, 0 discovered, 0 enqueued
[251.793s][info][gc,ref      ] GC(156) Phantom: 27 encountered, 22 discovered, 0 enqueued
[251.793s][info][gc,reloc    ] GC(156) Small Pages: 348 / 696M, Empty: 574M, Relocated: 4M, In-Place: 0
[251.794s][info][gc,reloc    ] GC(156) Medium Pages: 0 / 0M, Empty: 0M, Relocated: 0M, In-Place: 0
[251.794s][info][gc,reloc    ] GC(156) Large Pages: 0 / 0M, Empty: 0M, Relocated: 0M, In-Place: 0
[251.794s][info][gc,reloc    ] GC(156) Forwarding Usage: 2M
[251.794s][info][gc,heap     ] GC(156) Min Capacity: 8M(0%)
[251.794s][info][gc,heap     ] GC(156) Max Capacity: 2048M(100%)
[251.794s][info][gc,heap     ] GC(156) Soft Max Capacity: 2048M(100%)
[251.794s][info][gc,heap     ] GC(156)                Mark Start          Mark End        Relocate Start      Relocate End           High               Low         
[251.794s][info][gc,heap     ] GC(156)  Capacity:     2048M (100%)       2048M (100%)       2048M (100%)       2048M (100%)       2048M (100%)       2048M (100%)   
[251.794s][info][gc,heap     ] GC(156)      Free:     1352M (66%)        1346M (66%)        1918M (94%)        2014M (98%)        2014M (98%)        1346M (66%)    
[251.794s][info][gc,heap     ] GC(156)      Used:      696M (34%)         702M (34%)         130M (6%)           34M (2%)          702M (34%)          34M (2%)     
[251.794s][info][gc,heap     ] GC(156)      Live:         -                 6M (0%)            6M (0%)            6M (0%)             -                  -          
[251.794s][info][gc,heap     ] GC(156) Allocated:         -                 6M (0%)            8M (0%)            7M (0%)             -                  -          
[251.794s][info][gc,heap     ] GC(156)   Garbage:         -               689M (34%)         115M (6%)           19M (1%)             -                  -          
[251.794s][info][gc,heap     ] GC(156) Reclaimed:         -                  -               574M (28%)         669M (33%)            -                  -          
[251.794s][info][gc          ] GC(156) Garbage Collection (Proactive) 696M(34%)->34M(2%)
[253.476s][info][gc,start    ] GC(157) Garbage Collection (Proactive)
[253.476s][info][gc,task     ] GC(157) Using 12 workers
[253.477s][info][gc,phases   ] GC(157) Pause Mark Start 0.018ms
[253.492s][info][gc,phases   ] GC(157) Concurrent Mark 15.196ms
[253.492s][info][gc,phases   ] GC(157) Pause Mark End 0.022ms
[253.492s][info][gc,phases   ] GC(157) Concurrent Mark Free 0.001ms
[253.493s][info][gc,phases   ] GC(157) Concurrent Process Non-Strong References 1.064ms
[253.493s][info][gc,phases   ] GC(157) Concurrent Reset Relocation Set 0.009ms
[253.497s][info][gc,phases   ] GC(157) Concurrent Select Relocation Set 3.780ms
[253.497s][info][gc,phases   ] GC(157) Pause Relocate Start 0.008ms
[253.503s][info][gc,phases   ] GC(157) Concurrent Relocate 5.123ms
[253.503s][info][gc,load     ] GC(157) Load: 0.00/0.00/0.00
[253.503s][info][gc,mmu      ] GC(157) MMU: 2ms/98.4%, 5ms/99.4%, 10ms/99.6%, 20ms/99.7%, 50ms/99.8%, 100ms/99.9%
[253.503s][info][gc,marking  ] GC(157) Mark: 8 stripe(s), 2 proactive flush(es), 1 terminate flush(es), 0 completion(s), 0 continuation(s) 
[253.503s][info][gc,marking  ] GC(157) Mark Stack Usage: 32M
[253.503s][info][gc,nmethod  ] GC(157) NMethods: 2005 registered, 392 unregistered
[253.503s][info][gc,metaspace] GC(157) Metaspace: 9M used, 10M committed, 1088M reserved
[253.503s][info][gc,ref      ] GC(157) Soft: 214 encountered, 0 discovered, 0 enqueued
[253.503s][info][gc,ref      ] GC(157) Weak: 815 encountered, 206 discovered, 0 enqueued
[253.503s][info][gc,ref      ] GC(157) Final: 0 encountered, 0 discovered, 0 enqueued
[253.503s][info][gc,ref      ] GC(157) Phantom: 27 encountered, 21 discovered, 0 enqueued
[253.503s][info][gc,reloc    ] GC(157) Small Pages: 284 / 568M, Empty: 470M, Relocated: 4M, In-Place: 0
[253.503s][info][gc,reloc    ] GC(157) Medium Pages: 0 / 0M, Empty: 0M, Relocated: 0M, In-Place: 0
[253.503s][info][gc,reloc    ] GC(157) Large Pages: 0 / 0M, Empty: 0M, Relocated: 0M, In-Place: 0
[253.503s][info][gc,reloc    ] GC(157) Forwarding Usage: 1M
[253.503s][info][gc,heap     ] GC(157) Min Capacity: 8M(0%)
[253.503s][info][gc,heap     ] GC(157) Max Capacity: 2048M(100%)
[253.503s][info][gc,heap     ] GC(157) Soft Max Capacity: 2048M(100%)
[253.503s][info][gc,heap     ] GC(157)                Mark Start          Mark End        Relocate Start      Relocate End           High               Low         
[253.503s][info][gc,heap     ] GC(157)  Capacity:     2048M (100%)       2048M (100%)       2048M (100%)       2048M (100%)       2048M (100%)       2048M (100%)   
[253.503s][info][gc,heap     ] GC(157)      Free:     1480M (72%)        1472M (72%)        1942M (95%)        2012M (98%)        2012M (98%)        1472M (72%)    
[253.503s][info][gc,heap     ] GC(157)      Used:      568M (28%)         576M (28%)         106M (5%)           36M (2%)          576M (28%)          36M (2%)     
[253.503s][info][gc,heap     ] GC(157)      Live:         -                 6M (0%)            6M (0%)            6M (0%)             -                  -          
[253.503s][info][gc,heap     ] GC(157) Allocated:         -                 8M (0%)            8M (0%)            9M (0%)             -                  -          
[253.503s][info][gc,heap     ] GC(157)   Garbage:         -               561M (27%)          91M (4%)           19M (1%)             -                  -          
[253.503s][info][gc,heap     ] GC(157) Reclaimed:         -                  -               470M (23%)         541M (26%)            -                  -          
[253.503s][info][gc          ] GC(157) Garbage Collection (Proactive) 568M(28%)->36M(2%)
[254.387s][info][gc,start    ] GC(158) Garbage Collection (System.gc())
[254.387s][info][gc,task     ] GC(158) Using 12 workers
[254.387s][info][gc,phases   ] GC(158) Pause Mark Start 0.020ms
[254.405s][info][gc,phases   ] GC(158) Concurrent Mark 17.756ms
[254.405s][info][gc,phases   ] GC(158) Pause Mark End 0.024ms
[254.405s][info][gc,phases   ] GC(158) Concurrent Mark Free 0.001ms
[254.406s][info][gc,phases   ] GC(158) Concurrent Process Non-Strong References 0.964ms
[254.406s][info][gc,phases   ] GC(158) Concurrent Reset Relocation Set 0.008ms
[254.410s][info][gc,phases   ] GC(158) Concurrent Select Relocation Set 3.872ms
[254.410s][info][gc,phases   ] GC(158) Pause Relocate Start 0.007ms
[254.413s][info][gc,phases   ] GC(158) Concurrent Relocate 2.968ms
[254.413s][info][gc,load     ] GC(158) Load: 0.00/0.00/0.00
[254.413s][info][gc,mmu      ] GC(158) MMU: 2ms/98.4%, 5ms/99.4%, 10ms/99.6%, 20ms/99.7%, 50ms/99.8%, 100ms/99.9%
[254.413s][info][gc,marking  ] GC(158) Mark: 8 stripe(s), 1 proactive flush(es), 1 terminate flush(es), 0 completion(s), 0 continuation(s) 
[254.413s][info][gc,marking  ] GC(158) Mark Stack Usage: 32M
[254.413s][info][gc,nmethod  ] GC(158) NMethods: 2005 registered, 393 unregistered
[254.413s][info][gc,metaspace] GC(158) Metaspace: 9M used, 10M committed, 1088M reserved
[254.413s][info][gc,ref      ] GC(158) Soft: 214 encountered, 0 discovered, 0 enqueued
[254.413s][info][gc,ref      ] GC(158) Weak: 815 encountered, 73 discovered, 0 enqueued
[254.413s][info][gc,ref      ] GC(158) Final: 0 encountered, 0 discovered, 0 enqueued
[254.413s][info][gc,ref      ] GC(158) Phantom: 27 encountered, 21 discovered, 0 enqueued
[254.414s][info][gc,reloc    ] GC(158) Small Pages: 158 / 316M, Empty: 296M, Relocated: 3M, In-Place: 0
[254.414s][info][gc,reloc    ] GC(158) Medium Pages: 0 / 0M, Empty: 0M, Relocated: 0M, In-Place: 0
[254.414s][info][gc,reloc    ] GC(158) Large Pages: 0 / 0M, Empty: 0M, Relocated: 0M, In-Place: 0
[254.414s][info][gc,reloc    ] GC(158) Forwarding Usage: 1M
[254.414s][info][gc,heap     ] GC(158) Min Capacity: 8M(0%)
[254.414s][info][gc,heap     ] GC(158) Max Capacity: 2048M(100%)
[254.414s][info][gc,heap     ] GC(158) Soft Max Capacity: 2048M(100%)
[254.414s][info][gc,heap     ] GC(158)                Mark Start          Mark End        Relocate Start      Relocate End           High               Low         
[254.414s][info][gc,heap     ] GC(158)  Capacity:     2048M (100%)       2048M (100%)       2048M (100%)       2048M (100%)       2048M (100%)       2048M (100%)   
[254.414s][info][gc,heap     ] GC(158)      Free:     1732M (85%)        1732M (85%)        2028M (99%)        2028M (99%)        2028M (99%)        1732M (85%)    
[254.414s][info][gc,heap     ] GC(158)      Used:      316M (15%)         316M (15%)          20M (1%)           20M (1%)          316M (15%)          20M (1%)     
[254.414s][info][gc,heap     ] GC(158)      Live:         -                 4M (0%)            4M (0%)            4M (0%)             -                  -          
[254.414s][info][gc,heap     ] GC(158) Allocated:         -                 0M (0%)            0M (0%)            0M (0%)             -                  -          
[254.414s][info][gc,heap     ] GC(158)   Garbage:         -               311M (15%)          15M (1%)           15M (1%)             -                  -          
[254.414s][info][gc,heap     ] GC(158) Reclaimed:         -                  -               296M (14%)         296M (14%)            -                  -          
[254.414s][info][gc          ] GC(158) Garbage Collection (System.gc()) 316M(15%)->20M(1%)
[255.879s][info][gc,start    ] GC(159) Garbage Collection (Proactive)
[255.879s][info][gc,task     ] GC(159) Using 12 workers
[255.879s][info][gc,phases   ] GC(159) Pause Mark Start 0.020ms
[255.894s][info][gc,phases   ] GC(159) Concurrent Mark 15.190ms
[255.894s][info][gc,phases   ] GC(159) Pause Mark End 0.022ms
[255.894s][info][gc,phases   ] GC(159) Concurrent Mark Free 0.001ms
[255.896s][info][gc,phases   ] GC(159) Concurrent Process Non-Strong References 1.038ms
[255.896s][info][gc,phases   ] GC(159) Concurrent Reset Relocation Set 0.002ms
[255.902s][info][gc,phases   ] GC(159) Concurrent Select Relocation Set 6.850ms
[255.903s][info][gc,phases   ] GC(159) Pause Relocate Start 0.008ms
[255.907s][info][gc,phases   ] GC(159) Concurrent Relocate 3.856ms
[255.907s][info][gc,load     ] GC(159) Load: 0.00/0.00/0.00
[255.907s][info][gc,mmu      ] GC(159) MMU: 2ms/98.4%, 5ms/99.4%, 10ms/99.6%, 20ms/99.7%, 50ms/99.8%, 100ms/99.9%
[255.907s][info][gc,marking  ] GC(159) Mark: 8 stripe(s), 3 proactive flush(es), 1 terminate flush(es), 0 completion(s), 0 continuation(s) 
[255.907s][info][gc,marking  ] GC(159) Mark Stack Usage: 32M
[255.907s][info][gc,nmethod  ] GC(159) NMethods: 2005 registered, 393 unregistered
[255.907s][info][gc,metaspace] GC(159) Metaspace: 9M used, 10M committed, 1088M reserved
[255.907s][info][gc,ref      ] GC(159) Soft: 214 encountered, 0 discovered, 0 enqueued
[255.907s][info][gc,ref      ] GC(159) Weak: 815 encountered, 212 discovered, 0 enqueued
[255.907s][info][gc,ref      ] GC(159) Final: 0 encountered, 0 discovered, 0 enqueued
[255.907s][info][gc,ref      ] GC(159) Phantom: 27 encountered, 19 discovered, 0 enqueued
[255.907s][info][gc,reloc    ] GC(159) Small Pages: 240 / 480M, Empty: 320M, Relocated: 4M, In-Place: 0
[255.907s][info][gc,reloc    ] GC(159) Medium Pages: 0 / 0M, Empty: 0M, Relocated: 0M, In-Place: 0
[255.907s][info][gc,reloc    ] GC(159) Large Pages: 0 / 0M, Empty: 0M, Relocated: 0M, In-Place: 0
[255.907s][info][gc,reloc    ] GC(159) Forwarding Usage: 2M
[255.907s][info][gc,heap     ] GC(159) Min Capacity: 8M(0%)
[255.907s][info][gc,heap     ] GC(159) Max Capacity: 2048M(100%)
[255.907s][info][gc,heap     ] GC(159) Soft Max Capacity: 2048M(100%)
[255.907s][info][gc,heap     ] GC(159)                Mark Start          Mark End        Relocate Start      Relocate End           High               Low         
[255.907s][info][gc,heap     ] GC(159)  Capacity:     2048M (100%)       2048M (100%)       2048M (100%)       2048M (100%)       2048M (100%)       2048M (100%)   
[255.907s][info][gc,heap     ] GC(159)      Free:     1568M (77%)        1562M (76%)        1880M (92%)        2012M (98%)        2012M (98%)        1562M (76%)    
[255.907s][info][gc,heap     ] GC(159)      Used:      480M (23%)         486M (24%)         168M (8%)           36M (2%)          486M (24%)          36M (2%)     
[255.907s][info][gc,heap     ] GC(159)      Live:         -                 6M (0%)            6M (0%)            6M (0%)             -                  -          
[255.907s][info][gc,heap     ] GC(159) Allocated:         -                 6M (0%)            8M (0%)            9M (0%)             -                  -          
[255.907s][info][gc,heap     ] GC(159)   Garbage:         -               473M (23%)         153M (8%)           19M (1%)             -                  -          
[255.907s][info][gc,heap     ] GC(159) Reclaimed:         -                  -               320M (16%)         453M (22%)            -                  -          
[255.907s][info][gc          ] GC(159) Garbage Collection (Proactive) 480M(23%)->36M(2%)
[257.571s][info][gc,start    ] GC(160) Garbage Collection (Proactive)
[257.571s][info][gc,task     ] GC(160) Using 12 workers
[257.571s][info][gc,phases   ] GC(160) Pause Mark Start 0.019ms
[257.586s][info][gc,phases   ] GC(160) Concurrent Mark 15.189ms
[257.587s][info][gc,phases   ] GC(160) Pause Mark End 0.023ms
[257.587s][info][gc,phases   ] GC(160) Concurrent Mark Free 0.001ms
[257.588s][info][gc,phases   ] GC(160) Concurrent Process Non-Strong References 1.016ms
[257.588s][info][gc,phases   ] GC(160) Concurrent Reset Relocation Set 0.013ms
[257.592s][info][gc,phases   ] GC(160) Concurrent Select Relocation Set 3.885ms
[257.592s][info][gc,phases   ] GC(160) Pause Relocate Start 0.009ms
[257.596s][info][gc,phases   ] GC(160) Concurrent Relocate 3.531ms
[257.596s][info][gc,load     ] GC(160) Load: 0.00/0.00/0.00
[257.596s][info][gc,mmu      ] GC(160) MMU: 2ms/98.4%, 5ms/99.4%, 10ms/99.6%, 20ms/99.7%, 50ms/99.8%, 100ms/99.9%
[257.596s][info][gc,marking  ] GC(160) Mark: 8 stripe(s), 2 proactive flush(es), 1 terminate flush(es), 0 completion(s), 0 continuation(s) 
[257.596s][info][gc,marking  ] GC(160) Mark Stack Usage: 32M
[257.596s][info][gc,nmethod  ] GC(160) NMethods: 2005 registered, 393 unregistered
[257.596s][info][gc,metaspace] GC(160) Metaspace: 9M used, 10M committed, 1088M reserved
[257.596s][info][gc,ref      ] GC(160) Soft: 214 encountered, 0 discovered, 0 enqueued
[257.596s][info][gc,ref      ] GC(160) Weak: 815 encountered, 121 discovered, 0 enqueued
[257.596s][info][gc,ref      ] GC(160) Final: 0 encountered, 0 discovered, 0 enqueued
[257.596s][info][gc,ref      ] GC(160) Phantom: 27 encountered, 21 discovered, 0 enqueued
[257.596s][info][gc,reloc    ] GC(160) Small Pages: 286 / 572M, Empty: 470M, Relocated: 4M, In-Place: 0
[257.596s][info][gc,reloc    ] GC(160) Medium Pages: 0 / 0M, Empty: 0M, Relocated: 0M, In-Place: 0
[257.596s][info][gc,reloc    ] GC(160) Large Pages: 0 / 0M, Empty: 0M, Relocated: 0M, In-Place: 0
[257.596s][info][gc,reloc    ] GC(160) Forwarding Usage: 2M
[257.596s][info][gc,heap     ] GC(160) Min Capacity: 8M(0%)
[257.596s][info][gc,heap     ] GC(160) Max Capacity: 2048M(100%)
[257.596s][info][gc,heap     ] GC(160) Soft Max Capacity: 2048M(100%)
[257.596s][info][gc,heap     ] GC(160)                Mark Start          Mark End        Relocate Start      Relocate End           High               Low         
[257.596s][info][gc,heap     ] GC(160)  Capacity:     2048M (100%)       2048M (100%)       2048M (100%)       2048M (100%)       2048M (100%)       2048M (100%)   
[257.596s][info][gc,heap     ] GC(160)      Free:     1476M (72%)        1470M (72%)        1938M (95%)        2012M (98%)        2012M (98%)        1468M (72%)    
[257.596s][info][gc,heap     ] GC(160)      Used:      572M (28%)         578M (28%)         110M (5%)           36M (2%)          580M (28%)          36M (2%)     
[257.596s][info][gc,heap     ] GC(160)      Live:         -                 6M (0%)            6M (0%)            6M (0%)             -                  -          
[257.596s][info][gc,heap     ] GC(160) Allocated:         -                 6M (0%)            8M (0%)            9M (0%)             -                  -          
[257.596s][info][gc,heap     ] GC(160)   Garbage:         -               565M (28%)          95M (5%)           19M (1%)             -                  -          
[257.596s][info][gc,heap     ] GC(160) Reclaimed:         -                  -               470M (23%)         545M (27%)            -                  -          
[257.596s][info][gc          ] GC(160) Garbage Collection (Proactive) 572M(28%)->36M(2%)
[259.178s][info][gc,start    ] GC(161) Garbage Collection (Proactive)
[259.178s][info][gc,task     ] GC(161) Using 12 workers
[259.178s][info][gc,phases   ] GC(161) Pause Mark Start 0.018ms
[259.193s][info][gc,phases   ] GC(161) Concurrent Mark 15.217ms
[259.194s][info][gc,phases   ] GC(161) Pause Mark End 0.024ms
[259.194s][info][gc,phases   ] GC(161) Concurrent Mark Free 0.002ms
[259.195s][info][gc,phases   ] GC(161) Concurrent Process Non-Strong References 1.022ms
[259.195s][info][gc,phases   ] GC(161) Concurrent Reset Relocation Set 0.007ms
[259.199s][info][gc,phases   ] GC(161) Concurrent Select Relocation Set 3.821ms
[259.199s][info][gc,phases   ] GC(161) Pause Relocate Start 0.010ms
[259.202s][info][gc,phases   ] GC(161) Concurrent Relocate 3.287ms
[259.202s][info][gc,load     ] GC(161) Load: 0.00/0.00/0.00
[259.203s][info][gc,mmu      ] GC(161) MMU: 2ms/98.4%, 5ms/99.4%, 10ms/99.6%, 20ms/99.7%, 50ms/99.8%, 100ms/99.9%
[259.203s][info][gc,marking  ] GC(161) Mark: 8 stripe(s), 3 proactive flush(es), 2 terminate flush(es), 0 completion(s), 0 continuation(s) 
[259.203s][info][gc,marking  ] GC(161) Mark Stack Usage: 32M
[259.203s][info][gc,nmethod  ] GC(161) NMethods: 2005 registered, 393 unregistered
[259.203s][info][gc,metaspace] GC(161) Metaspace: 9M used, 10M committed, 1088M reserved
[259.203s][info][gc,ref      ] GC(161) Soft: 214 encountered, 0 discovered, 0 enqueued
[259.203s][info][gc,ref      ] GC(161) Weak: 815 encountered, 11 discovered, 0 enqueued
[259.203s][info][gc,ref      ] GC(161) Final: 0 encountered, 0 discovered, 0 enqueued
[259.203s][info][gc,ref      ] GC(161) Phantom: 27 encountered, 17 discovered, 0 enqueued
[259.203s][info][gc,reloc    ] GC(161) Small Pages: 269 / 538M, Empty: 472M, Relocated: 4M, In-Place: 0
[259.203s][info][gc,reloc    ] GC(161) Medium Pages: 0 / 0M, Empty: 0M, Relocated: 0M, In-Place: 0
[259.203s][info][gc,reloc    ] GC(161) Large Pages: 0 / 0M, Empty: 0M, Relocated: 0M, In-Place: 0
[259.203s][info][gc,reloc    ] GC(161) Forwarding Usage: 2M
[259.203s][info][gc,heap     ] GC(161) Min Capacity: 8M(0%)
[259.203s][info][gc,heap     ] GC(161) Max Capacity: 2048M(100%)
[259.203s][info][gc,heap     ] GC(161) Soft Max Capacity: 2048M(100%)
[259.203s][info][gc,heap     ] GC(161)                Mark Start          Mark End        Relocate Start      Relocate End           High               Low         
[259.203s][info][gc,heap     ] GC(161)  Capacity:     2048M (100%)       2048M (100%)       2048M (100%)       2048M (100%)       2048M (100%)       2048M (100%)   
[259.203s][info][gc,heap     ] GC(161)      Free:     1510M (74%)        1504M (73%)        1974M (96%)        2014M (98%)        2014M (98%)        1502M (73%)    
[259.203s][info][gc,heap     ] GC(161)      Used:      538M (26%)         544M (27%)          74M (4%)           34M (2%)          546M (27%)          34M (2%)     
[259.203s][info][gc,heap     ] GC(161)      Live:         -                 6M (0%)            6M (0%)            6M (0%)             -                  -          
[259.203s][info][gc,heap     ] GC(161) Allocated:         -                 6M (0%)            8M (0%)            7M (0%)             -                  -          
[259.203s][info][gc,heap     ] GC(161)   Garbage:         -               531M (26%)          59M (3%)           19M (1%)             -                  -          
[259.203s][info][gc,heap     ] GC(161) Reclaimed:         -                  -               472M (23%)         511M (25%)            -                  -          
[259.203s][info][gc          ] GC(161) Garbage Collection (Proactive) 538M(26%)->34M(2%)
[260.176s][info][gc,stats    ] === Garbage Collection Statistics =======================================================================================================================
[260.176s][info][gc,stats    ]                                                              Last 10s              Last 10m              Last 10h                Total
[260.176s][info][gc,stats    ]                                                              Avg / Max             Avg / Max             Avg / Max             Avg / Max
[260.176s][info][gc,stats    ]   Collector: Garbage Collection Cycle                     25.869 / 28.101       25.863 / 57.424       25.863 / 57.424       25.863 / 57.424      ms
[260.176s][info][gc,stats    ]  Contention: Mark Segment Reset Contention                     1 / 6                 1 / 13                1 / 13                1 / 13          ops/s
[260.176s][info][gc,stats    ]  Contention: Mark SeqNum Reset Contention                      0 / 1                 0 / 2                 0 / 2                 0 / 2           ops/s
[260.176s][info][gc,stats    ]    Critical: Allocation Stall                                  0 / 0                 0 / 0                 0 / 0                 0 / 0           ops/s
[260.176s][info][gc,stats    ]    Critical: Allocation Stall                              0.000 / 0.000         0.000 / 0.000         0.000 / 0.000         0.000 / 0.000       ms
[260.176s][info][gc,stats    ]    Critical: GC Locker Stall                                   0 / 0                 0 / 0                 0 / 0                 0 / 0           ops/s
[260.176s][info][gc,stats    ]    Critical: GC Locker Stall                               0.000 / 0.000         0.000 / 0.000         0.000 / 0.000         0.000 / 0.000       ms
[260.176s][info][gc,stats    ]    Critical: Relocation Stall                                  0 / 0                 0 / 0                 0 / 0                 0 / 0           ops/s
[260.176s][info][gc,stats    ]    Critical: Relocation Stall                              0.000 / 0.000         0.000 / 0.000         0.000 / 0.000         0.000 / 0.000       ms
[260.176s][info][gc,stats    ]      Memory: Allocation Rate                                 319 / 324             321 / 342             321 / 342             321 / 342         MB/s
[260.176s][info][gc,stats    ]      Memory: Defragment                                        0 / 0                 0 / 0                 0 / 0                 0 / 0           ops/s
[260.176s][info][gc,stats    ]      Memory: Out Of Memory                                     0 / 0                 0 / 0                 0 / 0                 0 / 0           ops/s
[260.176s][info][gc,stats    ]      Memory: Page Cache Flush                                  0 / 0                 0 / 0                 0 / 0                 0 / 0           MB/s
[260.176s][info][gc,stats    ]      Memory: Page Cache Hit L1                               166 / 174             164 / 184             164 / 184             164 / 184         ops/s
[260.176s][info][gc,stats    ]      Memory: Page Cache Hit L2                                 0 / 0                 0 / 0                 0 / 0                 0 / 0           ops/s
[260.176s][info][gc,stats    ]      Memory: Page Cache Hit L3                                 0 / 0                 3 / 145               3 / 145               3 / 145         ops/s
[260.176s][info][gc,stats    ]      Memory: Page Cache Miss                                   0 / 0                 0 / 1                 0 / 1                 0 / 1           ops/s
[260.176s][info][gc,stats    ]      Memory: Uncommit                                          0 / 0                 0 / 0                 0 / 0                 0 / 0           MB/s
[260.176s][info][gc,stats    ]      Memory: Undo Object Allocation Failed                     0 / 1                 0 / 5                 0 / 5                 0 / 5           ops/s
[260.177s][info][gc,stats    ]      Memory: Undo Object Allocation Succeeded                  0 / 1                 0 / 4                 0 / 4                 0 / 4           ops/s
[260.177s][info][gc,stats    ]      Memory: Undo Page Allocation                              1 / 3                 1 / 6                 1 / 6                 1 / 6           ops/s
[260.177s][info][gc,stats    ]       Phase: Concurrent Mark                              15.621 / 17.756       14.712 / 30.725       14.712 / 30.725       14.712 / 30.725      ms
[260.177s][info][gc,stats    ]       Phase: Concurrent Mark Continue                      0.000 / 0.000         0.000 / 0.000         0.000 / 0.000         0.000 / 0.000       ms
[260.177s][info][gc,stats    ]       Phase: Concurrent Mark Free                          0.001 / 0.002         0.001 / 0.002         0.001 / 0.002         0.001 / 0.002       ms
[260.177s][info][gc,stats    ]       Phase: Concurrent Process Non-Strong References      1.019 / 1.064         1.005 / 5.203         1.005 / 5.203         1.005 / 5.203       ms
[260.177s][info][gc,stats    ]       Phase: Concurrent Relocate                           3.685 / 5.123         3.312 / 5.123         3.312 / 5.123         3.312 / 5.123       ms
[260.177s][info][gc,stats    ]       Phase: Concurrent Reset Relocation Set               0.009 / 0.013         0.008 / 0.016         0.008 / 0.016         0.008 / 0.016       ms
[260.177s][info][gc,stats    ]       Phase: Concurrent Select Relocation Set              4.348 / 6.850         5.289 / 15.037        5.289 / 15.037        5.289 / 15.037      ms
[260.177s][info][gc,stats    ]       Phase: Pause Mark End                                0.023 / 0.024         0.023 / 0.032         0.023 / 0.032         0.023 / 0.032       ms
[260.177s][info][gc,stats    ]       Phase: Pause Mark Start                              0.019 / 0.020         0.018 / 0.030         0.018 / 0.030         0.018 / 0.030       ms
[260.177s][info][gc,stats    ]       Phase: Pause Relocate Start                          0.009 / 0.010         0.009 / 0.012         0.009 / 0.012         0.009 / 0.012       ms
[260.177s][info][gc,stats    ]    Subphase: Concurrent Classes Purge                      0.006 / 0.015         0.021 / 0.832         0.021 / 0.832         0.021 / 0.832       ms
[260.177s][info][gc,stats    ]    Subphase: Concurrent Classes Unlink                     0.687 / 0.712         0.680 / 4.025         0.680 / 4.025         0.680 / 4.025       ms
[260.177s][info][gc,stats    ]    Subphase: Concurrent Mark                              13.666 / 16.680       12.838 / 23.255       12.838 / 23.255       12.838 / 23.255      ms
[260.177s][info][gc,stats    ]    Subphase: Concurrent Mark Try Flush                     0.074 / 0.110         0.071 / 0.200         0.071 / 0.200         0.071 / 0.200       ms
[260.177s][info][gc,stats    ]    Subphase: Concurrent Mark Try Terminate                 8.824 / 13.962        7.918 / 16.635        7.918 / 16.635        7.918 / 16.635      ms
[260.177s][info][gc,stats    ]    Subphase: Concurrent References Enqueue                 0.000 / 0.000         0.000 / 0.004         0.000 / 0.004         0.000 / 0.004       ms
[260.177s][info][gc,stats    ]    Subphase: Concurrent References Process                 0.051 / 0.069         0.046 / 0.075         0.046 / 0.075         0.046 / 0.075       ms
[260.177s][info][gc,stats    ]    Subphase: Concurrent Roots ClassLoaderDataGraph         0.093 / 0.667         0.089 / 0.967         0.089 / 0.967         0.089 / 0.967       ms
[260.177s][info][gc,stats    ]    Subphase: Concurrent Roots CodeCache                    0.000 / 0.000         0.000 / 0.000         0.000 / 0.000         0.000 / 0.000       ms
[260.177s][info][gc,stats    ]    Subphase: Concurrent Roots JavaThreads                  0.618 / 1.071         0.552 / 7.350         0.552 / 7.350         0.552 / 7.350       ms
[260.177s][info][gc,stats    ]    Subphase: Concurrent Roots OopStorageSet                0.016 / 0.054         0.018 / 0.273         0.018 / 0.273         0.018 / 0.273       ms
[260.177s][info][gc,stats    ]    Subphase: Concurrent Weak Roots OopStorageSet           0.139 / 0.163         0.135 / 0.173         0.135 / 0.173         0.135 / 0.173       ms
[260.177s][info][gc,stats    ]    Subphase: Pause Mark Try Complete                       0.000 / 0.000         0.000 / 0.000         0.000 / 0.000         0.000 / 0.000       ms
[260.177s][info][gc,stats    ]      System: Java Threads                                     40 / 40               34 / 42               34 / 42               34 / 42          threads
[260.177s][info][gc,stats    ] =========================================================================================================================================================
[260.667s][info][gc,start    ] GC(162) Garbage Collection (Proactive)
[260.667s][info][gc,task     ] GC(162) Using 12 workers
[260.667s][info][gc,phases   ] GC(162) Pause Mark Start 0.017ms
[260.683s][info][gc,phases   ] GC(162) Concurrent Mark 15.180ms
[260.683s][info][gc,phases   ] GC(162) Pause Mark End 0.025ms
[260.683s][info][gc,phases   ] GC(162) Concurrent Mark Free 0.001ms
[260.684s][info][gc,phases   ] GC(162) Concurrent Process Non-Strong References 1.021ms
[260.684s][info][gc,phases   ] GC(162) Concurrent Reset Relocation Set 0.006ms
[260.688s][info][gc,phases   ] GC(162) Concurrent Select Relocation Set 3.822ms
[260.688s][info][gc,phases   ] GC(162) Pause Relocate Start 0.010ms
[260.691s][info][gc,phases   ] GC(162) Concurrent Relocate 3.237ms
[260.691s][info][gc,load     ] GC(162) Load: 0.00/0.00/0.00
[260.691s][info][gc,mmu      ] GC(162) MMU: 2ms/98.4%, 5ms/99.4%, 10ms/99.6%, 20ms/99.7%, 50ms/99.8%, 100ms/99.9%
[260.691s][info][gc,marking  ] GC(162) Mark: 8 stripe(s), 2 proactive flush(es), 1 terminate flush(es), 0 completion(s), 0 continuation(s) 
[260.691s][info][gc,marking  ] GC(162) Mark Stack Usage: 32M
[260.691s][info][gc,nmethod  ] GC(162) NMethods: 2005 registered, 393 unregistered
[260.692s][info][gc,metaspace] GC(162) Metaspace: 9M used, 10M committed, 1088M reserved
[260.692s][info][gc,ref      ] GC(162) Soft: 214 encountered, 0 discovered, 0 enqueued
[260.692s][info][gc,ref      ] GC(162) Weak: 815 encountered, 149 discovered, 0 enqueued
[260.692s][info][gc,ref      ] GC(162) Final: 0 encountered, 0 discovered, 0 enqueued
[260.692s][info][gc,ref      ] GC(162) Phantom: 27 encountered, 21 discovered, 0 enqueued
[260.692s][info][gc,reloc    ] GC(162) Small Pages: 247 / 494M, Empty: 408M, Relocated: 4M, In-Place: 0
[260.692s][info][gc,reloc    ] GC(162) Medium Pages: 0 / 0M, Empty: 0M, Relocated: 0M, In-Place: 0
[260.692s][info][gc,reloc    ] GC(162) Large Pages: 0 / 0M, Empty: 0M, Relocated: 0M, In-Place: 0
[260.692s][info][gc,reloc    ] GC(162) Forwarding Usage: 2M
[260.692s][info][gc,heap     ] GC(162) Min Capacity: 8M(0%)
[260.692s][info][gc,heap     ] GC(162) Max Capacity: 2048M(100%)
[260.692s][info][gc,heap     ] GC(162) Soft Max Capacity: 2048M(100%)
[260.692s][info][gc,heap     ] GC(162)                Mark Start          Mark End        Relocate Start      Relocate End           High               Low         
[260.692s][info][gc,heap     ] GC(162)  Capacity:     2048M (100%)       2048M (100%)       2048M (100%)       2048M (100%)       2048M (100%)       2048M (100%)   
[260.692s][info][gc,heap     ] GC(162)      Free:     1554M (76%)        1548M (76%)        1954M (95%)        2012M (98%)        2012M (98%)        1548M (76%)    
[260.692s][info][gc,heap     ] GC(162)      Used:      494M (24%)         500M (24%)          94M (5%)           36M (2%)          500M (24%)          36M (2%)     
[260.692s][info][gc,heap     ] GC(162)      Live:         -                 6M (0%)            6M (0%)            6M (0%)             -                  -          
[260.692s][info][gc,heap     ] GC(162) Allocated:         -                 6M (0%)            8M (0%)            9M (0%)             -                  -          
[260.692s][info][gc,heap     ] GC(162)   Garbage:         -               487M (24%)          79M (4%)           19M (1%)             -                  -          
[260.692s][info][gc,heap     ] GC(162) Reclaimed:         -                  -               408M (20%)         467M (23%)            -                  -          
[260.692s][info][gc          ] GC(162) Garbage Collection (Proactive) 494M(24%)->36M(2%)
[261.268s][info][gc,start    ] GC(163) Garbage Collection (System.gc())
[261.268s][info][gc,task     ] GC(163) Using 12 workers
[261.268s][info][gc,phases   ] GC(163) Pause Mark Start 0.016ms
[261.283s][info][gc,phases   ] GC(163) Concurrent Mark 14.639ms
[261.283s][info][gc,phases   ] GC(163) Pause Mark End 0.021ms
[261.283s][info][gc,phases   ] GC(163) Concurrent Mark Free 0.001ms
[261.284s][info][gc,phases   ] GC(163) Concurrent Process Non-Strong References 0.880ms
[261.284s][info][gc,phases   ] GC(163) Concurrent Reset Relocation Set 0.007ms
[261.288s][info][gc,phases   ] GC(163) Concurrent Select Relocation Set 3.921ms
[261.288s][info][gc,phases   ] GC(163) Pause Relocate Start 0.006ms
[261.291s][info][gc,phases   ] GC(163) Concurrent Relocate 2.917ms
[261.291s][info][gc,load     ] GC(163) Load: 0.00/0.00/0.00
[261.291s][info][gc,mmu      ] GC(163) MMU: 2ms/98.4%, 5ms/99.4%, 10ms/99.6%, 20ms/99.7%, 50ms/99.8%, 100ms/99.9%
[261.292s][info][gc,marking  ] GC(163) Mark: 8 stripe(s), 1 proactive flush(es), 1 terminate flush(es), 0 completion(s), 0 continuation(s) 
[261.292s][info][gc,marking  ] GC(163) Mark Stack Usage: 32M
[261.292s][info][gc,nmethod  ] GC(163) NMethods: 2005 registered, 393 unregistered
[261.292s][info][gc,metaspace] GC(163) Metaspace: 9M used, 10M committed, 1088M reserved
[261.292s][info][gc,ref      ] GC(163) Soft: 214 encountered, 0 discovered, 0 enqueued
[261.292s][info][gc,ref      ] GC(163) Weak: 815 encountered, 52 discovered, 0 enqueued
[261.292s][info][gc,ref      ] GC(163) Final: 0 encountered, 0 discovered, 0 enqueued
[261.292s][info][gc,ref      ] GC(163) Phantom: 27 encountered, 20 discovered, 0 enqueued
[261.292s][info][gc,reloc    ] GC(163) Small Pages: 109 / 218M, Empty: 200M, Relocated: 3M, In-Place: 0
[261.292s][info][gc,reloc    ] GC(163) Medium Pages: 0 / 0M, Empty: 0M, Relocated: 0M, In-Place: 0
[261.292s][info][gc,reloc    ] GC(163) Large Pages: 0 / 0M, Empty: 0M, Relocated: 0M, In-Place: 0
[261.292s][info][gc,reloc    ] GC(163) Forwarding Usage: 1M
[261.292s][info][gc,heap     ] GC(163) Min Capacity: 8M(0%)
[261.292s][info][gc,heap     ] GC(163) Max Capacity: 2048M(100%)
[261.292s][info][gc,heap     ] GC(163) Soft Max Capacity: 2048M(100%)
[261.292s][info][gc,heap     ] GC(163)                Mark Start          Mark End        Relocate Start      Relocate End           High               Low         
[261.292s][info][gc,heap     ] GC(163)  Capacity:     2048M (100%)       2048M (100%)       2048M (100%)       2048M (100%)       2048M (100%)       2048M (100%)   
[261.292s][info][gc,heap     ] GC(163)      Free:     1830M (89%)        1830M (89%)        2030M (99%)        2030M (99%)        2030M (99%)        1830M (89%)    
[261.292s][info][gc,heap     ] GC(163)      Used:      218M (11%)         218M (11%)          18M (1%)           18M (1%)          218M (11%)          18M (1%)     
[261.292s][info][gc,heap     ] GC(163)      Live:         -                 4M (0%)            4M (0%)            4M (0%)             -                  -          
[261.292s][info][gc,heap     ] GC(163) Allocated:         -                 0M (0%)            0M (0%)            0M (0%)             -                  -          
[261.292s][info][gc,heap     ] GC(163)   Garbage:         -               213M (10%)          13M (1%)           13M (1%)             -                  -          
[261.292s][info][gc,heap     ] GC(163) Reclaimed:         -                  -               200M (10%)         200M (10%)            -                  -          
[261.292s][info][gc          ] GC(163) Garbage Collection (System.gc()) 218M(11%)->18M(1%)
[262.578s][info][gc,start    ] GC(164) Garbage Collection (Proactive)
[262.578s][info][gc,task     ] GC(164) Using 12 workers
[262.578s][info][gc,phases   ] GC(164) Pause Mark Start 0.019ms
[262.593s][info][gc,phases   ] GC(164) Concurrent Mark 15.206ms
[262.594s][info][gc,phases   ] GC(164) Pause Mark End 0.023ms
[262.594s][info][gc,phases   ] GC(164) Concurrent Mark Free 0.001ms
[262.595s][info][gc,phases   ] GC(164) Concurrent Process Non-Strong References 1.020ms
[262.595s][info][gc,phases   ] GC(164) Concurrent Reset Relocation Set 0.002ms
[262.601s][info][gc,phases   ] GC(164) Concurrent Select Relocation Set 6.685ms
[262.602s][info][gc,phases   ] GC(164) Pause Relocate Start 0.008ms
[262.605s][info][gc,phases   ] GC(164) Concurrent Relocate 3.482ms
[262.605s][info][gc,load     ] GC(164) Load: 0.00/0.00/0.00
[262.605s][info][gc,mmu      ] GC(164) MMU: 2ms/98.4%, 5ms/99.4%, 10ms/99.6%, 20ms/99.7%, 50ms/99.8%, 100ms/99.9%
[262.605s][info][gc,marking  ] GC(164) Mark: 8 stripe(s), 2 proactive flush(es), 1 terminate flush(es), 0 completion(s), 0 continuation(s) 
[262.605s][info][gc,marking  ] GC(164) Mark Stack Usage: 32M
[262.605s][info][gc,nmethod  ] GC(164) NMethods: 2005 registered, 393 unregistered
[262.605s][info][gc,metaspace] GC(164) Metaspace: 9M used, 10M committed, 1088M reserved
[262.605s][info][gc,ref      ] GC(164) Soft: 214 encountered, 0 discovered, 0 enqueued
[262.605s][info][gc,ref      ] GC(164) Weak: 815 encountered, 135 discovered, 0 enqueued
[262.605s][info][gc,ref      ] GC(164) Final: 0 encountered, 0 discovered, 0 enqueued
[262.606s][info][gc,ref      ] GC(164) Phantom: 27 encountered, 21 discovered, 0 enqueued
[262.606s][info][gc,reloc    ] GC(164) Small Pages: 215 / 430M, Empty: 268M, Relocated: 4M, In-Place: 0
[262.606s][info][gc,reloc    ] GC(164) Medium Pages: 0 / 0M, Empty: 0M, Relocated: 0M, In-Place: 0
[262.606s][info][gc,reloc    ] GC(164) Large Pages: 0 / 0M, Empty: 0M, Relocated: 0M, In-Place: 0
[262.606s][info][gc,reloc    ] GC(164) Forwarding Usage: 2M
[262.606s][info][gc,heap     ] GC(164) Min Capacity: 8M(0%)
[262.606s][info][gc,heap     ] GC(164) Max Capacity: 2048M(100%)
[262.606s][info][gc,heap     ] GC(164) Soft Max Capacity: 2048M(100%)
[262.606s][info][gc,heap     ] GC(164)                Mark Start          Mark End        Relocate Start      Relocate End           High               Low         
[262.606s][info][gc,heap     ] GC(164)  Capacity:     2048M (100%)       2048M (100%)       2048M (100%)       2048M (100%)       2048M (100%)       2048M (100%)   
[262.606s][info][gc,heap     ] GC(164)      Free:     1618M (79%)        1612M (79%)        1876M (92%)        2012M (98%)        2012M (98%)        1610M (79%)    
[262.606s][info][gc,heap     ] GC(164)      Used:      430M (21%)         436M (21%)         172M (8%)           36M (2%)          438M (21%)          36M (2%)     
[262.606s][info][gc,heap     ] GC(164)      Live:         -                 6M (0%)            6M (0%)            6M (0%)             -                  -          
[262.606s][info][gc,heap     ] GC(164) Allocated:         -                 6M (0%)           10M (0%)            9M (0%)             -                  -          
[262.606s][info][gc,heap     ] GC(164)   Garbage:         -               423M (21%)         155M (8%)           19M (1%)             -                  -          
[262.606s][info][gc,heap     ] GC(164) Reclaimed:         -                  -               268M (13%)         403M (20%)            -                  -          
[262.606s][info][gc          ] GC(164) Garbage Collection (Proactive) 430M(21%)->36M(2%)
[264.270s][info][gc,start    ] GC(165) Garbage Collection (Proactive)
[264.270s][info][gc,task     ] GC(165) Using 12 workers
[264.270s][info][gc,phases   ] GC(165) Pause Mark Start 0.018ms
[264.285s][info][gc,phases   ] GC(165) Concurrent Mark 15.169ms
[264.286s][info][gc,phases   ] GC(165) Pause Mark End 0.023ms
[264.286s][info][gc,phases   ] GC(165) Concurrent Mark Free 0.001ms
[264.287s][info][gc,phases   ] GC(165) Concurrent Process Non-Strong References 1.049ms
[264.287s][info][gc,phases   ] GC(165) Concurrent Reset Relocation Set 0.011ms
[264.294s][info][gc,phases   ] GC(165) Concurrent Select Relocation Set 6.993ms
[264.294s][info][gc,phases   ] GC(165) Pause Relocate Start 0.010ms
[264.297s][info][gc,phases   ] GC(165) Concurrent Relocate 3.326ms
[264.298s][info][gc,load     ] GC(165) Load: 0.00/0.00/0.00
[264.298s][info][gc,mmu      ] GC(165) MMU: 2ms/98.4%, 5ms/99.4%, 10ms/99.6%, 20ms/99.7%, 50ms/99.8%, 100ms/99.9%
[264.298s][info][gc,marking  ] GC(165) Mark: 8 stripe(s), 2 proactive flush(es), 1 terminate flush(es), 0 completion(s), 0 continuation(s) 
[264.298s][info][gc,marking  ] GC(165) Mark Stack Usage: 32M
[264.298s][info][gc,nmethod  ] GC(165) NMethods: 2005 registered, 393 unregistered
[264.298s][info][gc,metaspace] GC(165) Metaspace: 9M used, 10M committed, 1088M reserved
[264.298s][info][gc,ref      ] GC(165) Soft: 214 encountered, 0 discovered, 0 enqueued
[264.298s][info][gc,ref      ] GC(165) Weak: 815 encountered, 206 discovered, 0 enqueued
[264.298s][info][gc,ref      ] GC(165) Final: 0 encountered, 0 discovered, 0 enqueued
[264.298s][info][gc,ref      ] GC(165) Phantom: 27 encountered, 23 discovered, 0 enqueued
[264.298s][info][gc,reloc    ] GC(165) Small Pages: 283 / 566M, Empty: 440M, Relocated: 4M, In-Place: 0
[264.298s][info][gc,reloc    ] GC(165) Medium Pages: 0 / 0M, Empty: 0M, Relocated: 0M, In-Place: 0
[264.298s][info][gc,reloc    ] GC(165) Large Pages: 0 / 0M, Empty: 0M, Relocated: 0M, In-Place: 0
[264.298s][info][gc,reloc    ] GC(165) Forwarding Usage: 2M
[264.298s][info][gc,heap     ] GC(165) Min Capacity: 8M(0%)
[264.298s][info][gc,heap     ] GC(165) Max Capacity: 2048M(100%)
[264.298s][info][gc,heap     ] GC(165) Soft Max Capacity: 2048M(100%)
[264.298s][info][gc,heap     ] GC(165)                Mark Start          Mark End        Relocate Start      Relocate End           High               Low         
[264.298s][info][gc,heap     ] GC(165)  Capacity:     2048M (100%)       2048M (100%)       2048M (100%)       2048M (100%)       2048M (100%)       2048M (100%)   
[264.298s][info][gc,heap     ] GC(165)      Free:     1482M (72%)        1476M (72%)        1912M (93%)        2012M (98%)        2012M (98%)        1474M (72%)    
[264.298s][info][gc,heap     ] GC(165)      Used:      566M (28%)         572M (28%)         136M (7%)           36M (2%)          574M (28%)          36M (2%)     
[264.298s][info][gc,heap     ] GC(165)      Live:         -                 6M (0%)            6M (0%)            6M (0%)             -                  -          
[264.298s][info][gc,heap     ] GC(165) Allocated:         -                 6M (0%)           10M (0%)            9M (0%)             -                  -          
[264.298s][info][gc,heap     ] GC(165)   Garbage:         -               559M (27%)         119M (6%)           19M (1%)             -                  -          
[264.298s][info][gc,heap     ] GC(165) Reclaimed:         -                  -               440M (21%)         539M (26%)            -                  -          
[264.298s][info][gc          ] GC(165) Garbage Collection (Proactive) 566M(28%)->36M(2%)
[265.868s][info][gc,start    ] GC(166) Garbage Collection (Proactive)
[265.868s][info][gc,task     ] GC(166) Using 12 workers
[265.868s][info][gc,phases   ] GC(166) Pause Mark Start 0.017ms
[265.884s][info][gc,phases   ] GC(166) Concurrent Mark 15.178ms
[265.884s][info][gc,phases   ] GC(166) Pause Mark End 0.025ms
[265.884s][info][gc,phases   ] GC(166) Concurrent Mark Free 0.001ms
[265.885s][info][gc,phases   ] GC(166) Concurrent Process Non-Strong References 1.017ms
[265.885s][info][gc,phases   ] GC(166) Concurrent Reset Relocation Set 0.011ms
[265.889s][info][gc,phases   ] GC(166) Concurrent Select Relocation Set 3.909ms
[265.889s][info][gc,phases   ] GC(166) Pause Relocate Start 0.010ms
[265.892s][info][gc,phases   ] GC(166) Concurrent Relocate 3.170ms
[265.893s][info][gc,load     ] GC(166) Load: 0.00/0.00/0.00
[265.893s][info][gc,mmu      ] GC(166) MMU: 2ms/98.4%, 5ms/99.4%, 10ms/99.6%, 20ms/99.7%, 50ms/99.8%, 100ms/99.9%
[265.893s][info][gc,marking  ] GC(166) Mark: 8 stripe(s), 2 proactive flush(es), 1 terminate flush(es), 0 completion(s), 0 continuation(s) 
[265.893s][info][gc,marking  ] GC(166) Mark Stack Usage: 32M
[265.893s][info][gc,nmethod  ] GC(166) NMethods: 2005 registered, 393 unregistered
[265.893s][info][gc,metaspace] GC(166) Metaspace: 9M used, 10M committed, 1088M reserved
[265.893s][info][gc,ref      ] GC(166) Soft: 214 encountered, 0 discovered, 0 enqueued
[265.893s][info][gc,ref      ] GC(166) Weak: 815 encountered, 187 discovered, 0 enqueued
[265.893s][info][gc,ref      ] GC(166) Final: 0 encountered, 0 discovered, 0 enqueued
[265.893s][info][gc,ref      ] GC(166) Phantom: 27 encountered, 22 discovered, 0 enqueued
[265.893s][info][gc,reloc    ] GC(166) Small Pages: 268 / 536M, Empty: 410M, Relocated: 4M, In-Place: 0
[265.893s][info][gc,reloc    ] GC(166) Medium Pages: 0 / 0M, Empty: 0M, Relocated: 0M, In-Place: 0
[265.893s][info][gc,reloc    ] GC(166) Large Pages: 0 / 0M, Empty: 0M, Relocated: 0M, In-Place: 0
[265.893s][info][gc,reloc    ] GC(166) Forwarding Usage: 2M
[265.893s][info][gc,heap     ] GC(166) Min Capacity: 8M(0%)
[265.893s][info][gc,heap     ] GC(166) Max Capacity: 2048M(100%)
[265.893s][info][gc,heap     ] GC(166) Soft Max Capacity: 2048M(100%)
[265.893s][info][gc,heap     ] GC(166)                Mark Start          Mark End        Relocate Start      Relocate End           High               Low         
[265.893s][info][gc,heap     ] GC(166)  Capacity:     2048M (100%)       2048M (100%)       2048M (100%)       2048M (100%)       2048M (100%)       2048M (100%)   
[265.893s][info][gc,heap     ] GC(166)      Free:     1512M (74%)        1506M (74%)        1914M (93%)        2012M (98%)        2012M (98%)        1506M (74%)    
[265.893s][info][gc,heap     ] GC(166)      Used:      536M (26%)         542M (26%)         134M (7%)           36M (2%)          542M (26%)          36M (2%)     
[265.893s][info][gc,heap     ] GC(166)      Live:         -                 6M (0%)            6M (0%)            6M (0%)             -                  -          
[265.893s][info][gc,heap     ] GC(166) Allocated:         -                 6M (0%)            8M (0%)            9M (0%)             -                  -          
[265.893s][info][gc,heap     ] GC(166)   Garbage:         -               529M (26%)         119M (6%)           19M (1%)             -                  -          
[265.893s][info][gc,heap     ] GC(166) Reclaimed:         -                  -               410M (20%)         509M (25%)            -                  -          
[265.893s][info][gc          ] GC(166) Garbage Collection (Proactive) 536M(26%)->36M(2%)
[267.475s][info][gc,start    ] GC(167) Garbage Collection (Proactive)
[267.475s][info][gc,task     ] GC(167) Using 12 workers
[267.475s][info][gc,phases   ] GC(167) Pause Mark Start 0.017ms
[267.491s][info][gc,phases   ] GC(167) Concurrent Mark 15.158ms
[267.491s][info][gc,phases   ] GC(167) Pause Mark End 0.023ms
[267.491s][info][gc,phases   ] GC(167) Concurrent Mark Free 0.002ms
[267.492s][info][gc,phases   ] GC(167) Concurrent Process Non-Strong References 0.986ms
[267.492s][info][gc,phases   ] GC(167) Concurrent Reset Relocation Set 0.010ms
[267.499s][info][gc,phases   ] GC(167) Concurrent Select Relocation Set 7.047ms
[267.499s][info][gc,phases   ] GC(167) Pause Relocate Start 0.010ms
[267.503s][info][gc,phases   ] GC(167) Concurrent Relocate 3.320ms
[267.503s][info][gc,load     ] GC(167) Load: 0.00/0.00/0.00
[267.503s][info][gc,mmu      ] GC(167) MMU: 2ms/98.4%, 5ms/99.4%, 10ms/99.6%, 20ms/99.7%, 50ms/99.8%, 100ms/99.9%
[267.503s][info][gc,marking  ] GC(167) Mark: 8 stripe(s), 3 proactive flush(es), 1 terminate flush(es), 0 completion(s), 0 continuation(s) 
[267.503s][info][gc,marking  ] GC(167) Mark Stack Usage: 32M
[267.503s][info][gc,nmethod  ] GC(167) NMethods: 2005 registered, 393 unregistered
[267.503s][info][gc,metaspace] GC(167) Metaspace: 9M used, 10M committed, 1088M reserved
[267.503s][info][gc,ref      ] GC(167) Soft: 214 encountered, 0 discovered, 0 enqueued
[267.503s][info][gc,ref      ] GC(167) Weak: 815 encountered, 172 discovered, 0 enqueued
[267.503s][info][gc,ref      ] GC(167) Final: 0 encountered, 0 discovered, 0 enqueued
[267.503s][info][gc,ref      ] GC(167) Phantom: 27 encountered, 21 discovered, 0 enqueued
[267.503s][info][gc,reloc    ] GC(167) Small Pages: 271 / 542M, Empty: 412M, Relocated: 4M, In-Place: 0
[267.503s][info][gc,reloc    ] GC(167) Medium Pages: 0 / 0M, Empty: 0M, Relocated: 0M, In-Place: 0
[267.503s][info][gc,reloc    ] GC(167) Large Pages: 0 / 0M, Empty: 0M, Relocated: 0M, In-Place: 0
[267.503s][info][gc,reloc    ] GC(167) Forwarding Usage: 2M
[267.503s][info][gc,heap     ] GC(167) Min Capacity: 8M(0%)
[267.503s][info][gc,heap     ] GC(167) Max Capacity: 2048M(100%)
[267.503s][info][gc,heap     ] GC(167) Soft Max Capacity: 2048M(100%)
[267.503s][info][gc,heap     ] GC(167)                Mark Start          Mark End        Relocate Start      Relocate End           High               Low         
[267.503s][info][gc,heap     ] GC(167)  Capacity:     2048M (100%)       2048M (100%)       2048M (100%)       2048M (100%)       2048M (100%)       2048M (100%)   
[267.503s][info][gc,heap     ] GC(167)      Free:     1506M (74%)        1500M (73%)        1910M (93%)        2012M (98%)        2012M (98%)        1500M (73%)    
[267.504s][info][gc,heap     ] GC(167)      Used:      542M (26%)         548M (27%)         138M (7%)           36M (2%)          548M (27%)          36M (2%)     
[267.504s][info][gc,heap     ] GC(167)      Live:         -                 6M (0%)            6M (0%)            6M (0%)             -                  -          
[267.504s][info][gc,heap     ] GC(167) Allocated:         -                 6M (0%)            8M (0%)            9M (0%)             -                  -          
[267.504s][info][gc,heap     ] GC(167)   Garbage:         -               535M (26%)         123M (6%)           19M (1%)             -                  -          
[267.504s][info][gc,heap     ] GC(167) Reclaimed:         -                  -               412M (20%)         515M (25%)            -                  -          
[267.504s][info][gc          ] GC(167) Garbage Collection (Proactive) 542M(26%)->36M(2%)
[268.101s][info][gc,start    ] GC(168) Garbage Collection (System.gc())
[268.101s][info][gc,task     ] GC(168) Using 12 workers
[268.101s][info][gc,phases   ] GC(168) Pause Mark Start 0.017ms
[268.122s][info][gc,phases   ] GC(168) Concurrent Mark 21.078ms
[268.123s][info][gc,phases   ] GC(168) Pause Mark End 0.022ms
[268.123s][info][gc,phases   ] GC(168) Concurrent Mark Free 0.001ms
[268.124s][info][gc,phases   ] GC(168) Concurrent Process Non-Strong References 0.976ms
[268.124s][info][gc,phases   ] GC(168) Concurrent Reset Relocation Set 0.009ms
[268.128s][info][gc,phases   ] GC(168) Concurrent Select Relocation Set 3.843ms
[268.128s][info][gc,phases   ] GC(168) Pause Relocate Start 0.006ms
[268.131s][info][gc,phases   ] GC(168) Concurrent Relocate 2.920ms
[268.131s][info][gc,load     ] GC(168) Load: 0.00/0.00/0.00
[268.131s][info][gc,mmu      ] GC(168) MMU: 2ms/98.4%, 5ms/99.4%, 10ms/99.6%, 20ms/99.7%, 50ms/99.8%, 100ms/99.9%
[268.131s][info][gc,marking  ] GC(168) Mark: 8 stripe(s), 1 proactive flush(es), 1 terminate flush(es), 0 completion(s), 0 continuation(s) 
[268.131s][info][gc,marking  ] GC(168) Mark Stack Usage: 32M
[268.131s][info][gc,nmethod  ] GC(168) NMethods: 2005 registered, 394 unregistered
[268.131s][info][gc,metaspace] GC(168) Metaspace: 9M used, 10M committed, 1088M reserved
[268.131s][info][gc,ref      ] GC(168) Soft: 214 encountered, 0 discovered, 0 enqueued
[268.131s][info][gc,ref      ] GC(168) Weak: 815 encountered, 303 discovered, 0 enqueued
[268.131s][info][gc,ref      ] GC(168) Final: 0 encountered, 0 discovered, 0 enqueued
[268.131s][info][gc,ref      ] GC(168) Phantom: 27 encountered, 15 discovered, 0 enqueued
[268.131s][info][gc,reloc    ] GC(168) Small Pages: 114 / 228M, Empty: 210M, Relocated: 3M, In-Place: 0
[268.131s][info][gc,reloc    ] GC(168) Medium Pages: 0 / 0M, Empty: 0M, Relocated: 0M, In-Place: 0
[268.131s][info][gc,reloc    ] GC(168) Large Pages: 0 / 0M, Empty: 0M, Relocated: 0M, In-Place: 0
[268.131s][info][gc,reloc    ] GC(168) Forwarding Usage: 1M
[268.131s][info][gc,heap     ] GC(168) Min Capacity: 8M(0%)
[268.131s][info][gc,heap     ] GC(168) Max Capacity: 2048M(100%)
[268.131s][info][gc,heap     ] GC(168) Soft Max Capacity: 2048M(100%)
[268.131s][info][gc,heap     ] GC(168)                Mark Start          Mark End        Relocate Start      Relocate End           High               Low         
[268.131s][info][gc,heap     ] GC(168)  Capacity:     2048M (100%)       2048M (100%)       2048M (100%)       2048M (100%)       2048M (100%)       2048M (100%)   
[268.131s][info][gc,heap     ] GC(168)      Free:     1820M (89%)        1820M (89%)        2030M (99%)        2030M (99%)        2030M (99%)        1820M (89%)    
[268.131s][info][gc,heap     ] GC(168)      Used:      228M (11%)         228M (11%)          18M (1%)           18M (1%)          228M (11%)          18M (1%)     
[268.131s][info][gc,heap     ] GC(168)      Live:         -                 4M (0%)            4M (0%)            4M (0%)             -                  -          
[268.131s][info][gc,heap     ] GC(168) Allocated:         -                 0M (0%)            0M (0%)            0M (0%)             -                  -          
[268.131s][info][gc,heap     ] GC(168)   Garbage:         -               223M (11%)          13M (1%)           13M (1%)             -                  -          
[268.131s][info][gc,heap     ] GC(168) Reclaimed:         -                  -               210M (10%)         210M (10%)            -                  -          
[268.132s][info][gc          ] GC(168) Garbage Collection (System.gc()) 228M(11%)->18M(1%)
[270.176s][info][gc,stats    ] === Garbage Collection Statistics =======================================================================================================================
[270.176s][info][gc,stats    ]                                                              Last 10s              Last 10m              Last 10h                Total
[270.176s][info][gc,stats    ]                                                              Avg / Max             Avg / Max             Avg / Max             Avg / Max
[270.176s][info][gc,stats    ]   Collector: Garbage Collection Cycle                     26.461 / 29.800       25.887 / 57.424       25.887 / 57.424       25.887 / 57.424      ms
[270.176s][info][gc,stats    ]  Contention: Mark Segment Reset Contention                     2 / 10                1 / 13                1 / 13                1 / 13          ops/s
[270.176s][info][gc,stats    ]  Contention: Mark SeqNum Reset Contention                      0 / 1                 0 / 2                 0 / 2                 0 / 2           ops/s
[270.176s][info][gc,stats    ]    Critical: Allocation Stall                                  0 / 0                 0 / 0                 0 / 0                 0 / 0           ops/s
[270.176s][info][gc,stats    ]    Critical: Allocation Stall                              0.000 / 0.000         0.000 / 0.000         0.000 / 0.000         0.000 / 0.000       ms
[270.176s][info][gc,stats    ]    Critical: GC Locker Stall                                   0 / 0                 0 / 0                 0 / 0                 0 / 0           ops/s
[270.176s][info][gc,stats    ]    Critical: GC Locker Stall                               0.000 / 0.000         0.000 / 0.000         0.000 / 0.000         0.000 / 0.000       ms
[270.176s][info][gc,stats    ]    Critical: Relocation Stall                                  0 / 0                 0 / 0                 0 / 0                 0 / 0           ops/s
[270.176s][info][gc,stats    ]    Critical: Relocation Stall                              0.000 / 0.000         0.000 / 0.000         0.000 / 0.000         0.000 / 0.000       ms
[270.176s][info][gc,stats    ]      Memory: Allocation Rate                                 322 / 334             321 / 342             321 / 342             321 / 342         MB/s
[270.176s][info][gc,stats    ]      Memory: Defragment                                        0 / 0                 0 / 0                 0 / 0                 0 / 0           ops/s
[270.176s][info][gc,stats    ]      Memory: Out Of Memory                                     0 / 0                 0 / 0                 0 / 0                 0 / 0           ops/s
[270.176s][info][gc,stats    ]      Memory: Page Cache Flush                                  0 / 0                 0 / 0                 0 / 0                 0 / 0           MB/s
[270.176s][info][gc,stats    ]      Memory: Page Cache Hit L1                               168 / 176             164 / 184             164 / 184             164 / 184         ops/s
[270.176s][info][gc,stats    ]      Memory: Page Cache Hit L2                                 0 / 0                 0 / 0                 0 / 0                 0 / 0           ops/s
[270.176s][info][gc,stats    ]      Memory: Page Cache Hit L3                                 0 / 0                 3 / 145               3 / 145               3 / 145         ops/s
[270.176s][info][gc,stats    ]      Memory: Page Cache Miss                                   0 / 0                 0 / 1                 0 / 1                 0 / 1           ops/s
[270.176s][info][gc,stats    ]      Memory: Uncommit                                          0 / 0                 0 / 0                 0 / 0                 0 / 0           MB/s
[270.177s][info][gc,stats    ]      Memory: Undo Object Allocation Failed                     0 / 1                 0 / 5                 0 / 5                 0 / 5           ops/s
[270.177s][info][gc,stats    ]      Memory: Undo Object Allocation Succeeded                  0 / 3                 0 / 4                 0 / 4                 0 / 4           ops/s
[270.177s][info][gc,stats    ]      Memory: Undo Page Allocation                              2 / 6                 1 / 6                 1 / 6                 1 / 6           ops/s
[270.177s][info][gc,stats    ]       Phase: Concurrent Mark                              15.944 / 21.078       14.763 / 30.725       14.763 / 30.725       14.763 / 30.725      ms
[270.177s][info][gc,stats    ]       Phase: Concurrent Mark Continue                      0.000 / 0.000         0.000 / 0.000         0.000 / 0.000         0.000 / 0.000       ms
[270.177s][info][gc,stats    ]       Phase: Concurrent Mark Free                          0.001 / 0.002         0.001 / 0.002         0.001 / 0.002         0.001 / 0.002       ms
[270.177s][info][gc,stats    ]       Phase: Concurrent Process Non-Strong References      0.993 / 1.049         1.004 / 5.203         1.004 / 5.203         1.004 / 5.203       ms
[270.177s][info][gc,stats    ]       Phase: Concurrent Relocate                           3.196 / 3.482         3.307 / 5.123         3.307 / 5.123         3.307 / 5.123       ms
[270.177s][info][gc,stats    ]       Phase: Concurrent Reset Relocation Set               0.008 / 0.011         0.008 / 0.016         0.008 / 0.016         0.008 / 0.016       ms
[270.177s][info][gc,stats    ]       Phase: Concurrent Select Relocation Set              5.174 / 7.047         5.285 / 15.037        5.285 / 15.037        5.285 / 15.037      ms
[270.177s][info][gc,stats    ]       Phase: Pause Mark End                                0.023 / 0.025         0.023 / 0.032         0.023 / 0.032         0.023 / 0.032       ms
[270.177s][info][gc,stats    ]       Phase: Pause Mark Start                              0.017 / 0.019         0.018 / 0.030         0.018 / 0.030         0.018 / 0.030       ms
[270.177s][info][gc,stats    ]       Phase: Pause Relocate Start                          0.009 / 0.010         0.009 / 0.012         0.009 / 0.012         0.009 / 0.012       ms
[270.177s][info][gc,stats    ]    Subphase: Concurrent Classes Purge                      0.007 / 0.019         0.021 / 0.832         0.021 / 0.832         0.021 / 0.832       ms
[270.177s][info][gc,stats    ]    Subphase: Concurrent Classes Unlink                     0.672 / 0.694         0.680 / 4.025         0.680 / 4.025         0.680 / 4.025       ms
[270.177s][info][gc,stats    ]    Subphase: Concurrent Mark                              12.293 / 20.002       12.816 / 23.255       12.816 / 23.255       12.816 / 23.255      ms
[270.177s][info][gc,stats    ]    Subphase: Concurrent Mark Try Flush                     0.078 / 0.109         0.071 / 0.200         0.071 / 0.200         0.071 / 0.200       ms
[270.177s][info][gc,stats    ]    Subphase: Concurrent Mark Try Terminate                 7.838 / 16.524        7.915 / 16.635        7.915 / 16.635        7.915 / 16.635      ms
[270.177s][info][gc,stats    ]    Subphase: Concurrent References Enqueue                 0.000 / 0.001         0.000 / 0.004         0.000 / 0.004         0.000 / 0.004       ms
[270.177s][info][gc,stats    ]    Subphase: Concurrent References Process                 0.051 / 0.068         0.046 / 0.075         0.046 / 0.075         0.046 / 0.075       ms
[270.177s][info][gc,stats    ]    Subphase: Concurrent Roots ClassLoaderDataGraph         0.101 / 0.656         0.090 / 0.967         0.090 / 0.967         0.090 / 0.967       ms
[270.177s][info][gc,stats    ]    Subphase: Concurrent Roots CodeCache                    0.000 / 0.000         0.000 / 0.000         0.000 / 0.000         0.000 / 0.000       ms
[270.177s][info][gc,stats    ]    Subphase: Concurrent Roots JavaThreads                  0.593 / 1.059         0.554 / 7.350         0.554 / 7.350         0.554 / 7.350       ms
[270.177s][info][gc,stats    ]    Subphase: Concurrent Roots OopStorageSet                0.018 / 0.050         0.018 / 0.273         0.018 / 0.273         0.018 / 0.273       ms
[270.177s][info][gc,stats    ]    Subphase: Concurrent Weak Roots OopStorageSet           0.135 / 0.169         0.135 / 0.173         0.135 / 0.173         0.135 / 0.173       ms
[270.177s][info][gc,stats    ]    Subphase: Pause Mark Try Complete                       0.000 / 0.000         0.000 / 0.000         0.000 / 0.000         0.000 / 0.000       ms
[270.177s][info][gc,stats    ]      System: Java Threads                                     40 / 40               34 / 42               34 / 42               34 / 42          threads
[270.177s][info][gc,stats    ] =========================================================================================================================================================
[270.269s][info][gc,start    ] GC(169) Garbage Collection (Proactive)
[270.270s][info][gc,task     ] GC(169) Using 12 workers
[270.270s][info][gc,phases   ] GC(169) Pause Mark Start 0.018ms
[270.285s][info][gc,phases   ] GC(169) Concurrent Mark 15.149ms
[270.285s][info][gc,phases   ] GC(169) Pause Mark End 0.022ms
[270.285s][info][gc,phases   ] GC(169) Concurrent Mark Free 0.002ms
[270.286s][info][gc,phases   ] GC(169) Concurrent Process Non-Strong References 0.994ms
[270.286s][info][gc,phases   ] GC(169) Concurrent Reset Relocation Set 0.002ms
[270.293s][info][gc,phases   ] GC(169) Concurrent Select Relocation Set 6.469ms
[270.293s][info][gc,phases   ] GC(169) Pause Relocate Start 0.009ms
[270.298s][info][gc,phases   ] GC(169) Concurrent Relocate 4.973ms
[270.298s][info][gc,load     ] GC(169) Load: 0.00/0.00/0.00
[270.298s][info][gc,mmu      ] GC(169) MMU: 2ms/98.4%, 5ms/99.4%, 10ms/99.6%, 20ms/99.7%, 50ms/99.8%, 100ms/99.9%
[270.298s][info][gc,marking  ] GC(169) Mark: 8 stripe(s), 2 proactive flush(es), 1 terminate flush(es), 0 completion(s), 0 continuation(s) 
[270.298s][info][gc,marking  ] GC(169) Mark Stack Usage: 32M
[270.298s][info][gc,nmethod  ] GC(169) NMethods: 2005 registered, 394 unregistered
[270.298s][info][gc,metaspace] GC(169) Metaspace: 9M used, 10M committed, 1088M reserved
[270.298s][info][gc,ref      ] GC(169) Soft: 214 encountered, 0 discovered, 0 enqueued
[270.298s][info][gc,ref      ] GC(169) Weak: 815 encountered, 103 discovered, 0 enqueued
[270.298s][info][gc,ref      ] GC(169) Final: 0 encountered, 0 discovered, 0 enqueued
[270.298s][info][gc,ref      ] GC(169) Phantom: 27 encountered, 22 discovered, 0 enqueued
[270.299s][info][gc,reloc    ] GC(169) Small Pages: 345 / 690M, Empty: 546M, Relocated: 5M, In-Place: 0
[270.299s][info][gc,reloc    ] GC(169) Medium Pages: 0 / 0M, Empty: 0M, Relocated: 0M, In-Place: 0
[270.299s][info][gc,reloc    ] GC(169) Large Pages: 0 / 0M, Empty: 0M, Relocated: 0M, In-Place: 0
[270.299s][info][gc,reloc    ] GC(169) Forwarding Usage: 2M
[270.299s][info][gc,heap     ] GC(169) Min Capacity: 8M(0%)
[270.299s][info][gc,heap     ] GC(169) Max Capacity: 2048M(100%)
[270.299s][info][gc,heap     ] GC(169) Soft Max Capacity: 2048M(100%)
[270.299s][info][gc,heap     ] GC(169)                Mark Start          Mark End        Relocate Start      Relocate End           High               Low         
[270.299s][info][gc,heap     ] GC(169)  Capacity:     2048M (100%)       2048M (100%)       2048M (100%)       2048M (100%)       2048M (100%)       2048M (100%)   
[270.299s][info][gc,heap     ] GC(169)      Free:     1358M (66%)        1352M (66%)        1894M (92%)        2012M (98%)        2012M (98%)        1350M (66%)    
[270.299s][info][gc,heap     ] GC(169)      Used:      690M (34%)         696M (34%)         154M (8%)           36M (2%)          698M (34%)          36M (2%)     
[270.299s][info][gc,heap     ] GC(169)      Live:         -                 6M (0%)            6M (0%)            6M (0%)             -                  -          
[270.299s][info][gc,heap     ] GC(169) Allocated:         -                 6M (0%)           10M (0%)            9M (0%)             -                  -          
[270.299s][info][gc,heap     ] GC(169)   Garbage:         -               683M (33%)         137M (7%)           19M (1%)             -                  -          
[270.299s][info][gc,heap     ] GC(169) Reclaimed:         -                  -               546M (27%)         663M (32%)            -                  -          
[270.299s][info][gc          ] GC(169) Garbage Collection (Proactive) 690M(34%)->36M(2%)
[272.175s][info][gc,start    ] GC(170) Garbage Collection (Proactive)
[272.175s][info][gc,task     ] GC(170) Using 12 workers
[272.175s][info][gc,phases   ] GC(170) Pause Mark Start 0.019ms
[272.191s][info][gc,phases   ] GC(170) Concurrent Mark 15.248ms
[272.191s][info][gc,phases   ] GC(170) Pause Mark End 0.025ms
[272.191s][info][gc,phases   ] GC(170) Concurrent Mark Free 0.001ms
[272.192s][info][gc,phases   ] GC(170) Concurrent Process Non-Strong References 0.953ms
[272.192s][info][gc,phases   ] GC(170) Concurrent Reset Relocation Set 0.011ms
[272.196s][info][gc,phases   ] GC(170) Concurrent Select Relocation Set 3.846ms
[272.196s][info][gc,phases   ] GC(170) Pause Relocate Start 0.009ms
[272.200s][info][gc,phases   ] GC(170) Concurrent Relocate 3.218ms
[272.200s][info][gc,load     ] GC(170) Load: 0.00/0.00/0.00
[272.200s][info][gc,mmu      ] GC(170) MMU: 2ms/98.4%, 5ms/99.4%, 10ms/99.6%, 20ms/99.7%, 50ms/99.8%, 100ms/99.9%
[272.200s][info][gc,marking  ] GC(170) Mark: 8 stripe(s), 3 proactive flush(es), 1 terminate flush(es), 0 completion(s), 0 continuation(s) 
[272.200s][info][gc,marking  ] GC(170) Mark Stack Usage: 32M
[272.200s][info][gc,nmethod  ] GC(170) NMethods: 2005 registered, 394 unregistered
[272.200s][info][gc,metaspace] GC(170) Metaspace: 9M used, 10M committed, 1088M reserved
[272.200s][info][gc,ref      ] GC(170) Soft: 214 encountered, 0 discovered, 0 enqueued
[272.200s][info][gc,ref      ] GC(170) Weak: 815 encountered, 22 discovered, 0 enqueued
[272.200s][info][gc,ref      ] GC(170) Final: 0 encountered, 0 discovered, 0 enqueued
[272.200s][info][gc,ref      ] GC(170) Phantom: 27 encountered, 24 discovered, 0 enqueued
[272.200s][info][gc,reloc    ] GC(170) Small Pages: 316 / 632M, Empty: 530M, Relocated: 4M, In-Place: 0
[272.200s][info][gc,reloc    ] GC(170) Medium Pages: 0 / 0M, Empty: 0M, Relocated: 0M, In-Place: 0
[272.200s][info][gc,reloc    ] GC(170) Large Pages: 0 / 0M, Empty: 0M, Relocated: 0M, In-Place: 0
[272.200s][info][gc,reloc    ] GC(170) Forwarding Usage: 2M
[272.200s][info][gc,heap     ] GC(170) Min Capacity: 8M(0%)
[272.200s][info][gc,heap     ] GC(170) Max Capacity: 2048M(100%)
[272.200s][info][gc,heap     ] GC(170) Soft Max Capacity: 2048M(100%)
[272.200s][info][gc,heap     ] GC(170)                Mark Start          Mark End        Relocate Start      Relocate End           High               Low         
[272.200s][info][gc,heap     ] GC(170)  Capacity:     2048M (100%)       2048M (100%)       2048M (100%)       2048M (100%)       2048M (100%)       2048M (100%)   
[272.200s][info][gc,heap     ] GC(170)      Free:     1416M (69%)        1410M (69%)        1938M (95%)        2014M (98%)        2014M (98%)        1408M (69%)    
[272.200s][info][gc,heap     ] GC(170)      Used:      632M (31%)         638M (31%)         110M (5%)           34M (2%)          640M (31%)          34M (2%)     
[272.200s][info][gc,heap     ] GC(170)      Live:         -                 6M (0%)            6M (0%)            6M (0%)             -                  -          
[272.200s][info][gc,heap     ] GC(170) Allocated:         -                 6M (0%)            8M (0%)            7M (0%)             -                  -          
[272.200s][info][gc,heap     ] GC(170)   Garbage:         -               625M (31%)          95M (5%)           19M (1%)             -                  -          
[272.200s][info][gc,heap     ] GC(170) Reclaimed:         -                  -               530M (26%)         605M (30%)            -                  -          
[272.200s][info][gc          ] GC(170) Garbage Collection (Proactive) 632M(31%)->34M(2%)
[273.878s][info][gc,start    ] GC(171) Garbage Collection (Proactive)
[273.878s][info][gc,task     ] GC(171) Using 12 workers
[273.878s][info][gc,phases   ] GC(171) Pause Mark Start 0.018ms
[273.894s][info][gc,phases   ] GC(171) Concurrent Mark 15.190ms
[273.894s][info][gc,phases   ] GC(171) Pause Mark End 0.023ms
[273.894s][info][gc,phases   ] GC(171) Concurrent Mark Free 0.001ms
[273.895s][info][gc,phases   ] GC(171) Concurrent Process Non-Strong References 1.005ms
[273.895s][info][gc,phases   ] GC(171) Concurrent Reset Relocation Set 0.007ms
[273.899s][info][gc,phases   ] GC(171) Concurrent Select Relocation Set 3.841ms
[273.899s][info][gc,phases   ] GC(171) Pause Relocate Start 0.008ms
[273.904s][info][gc,phases   ] GC(171) Concurrent Relocate 5.126ms
[273.904s][info][gc,load     ] GC(171) Load: 0.00/0.00/0.00
[273.904s][info][gc,mmu      ] GC(171) MMU: 2ms/98.4%, 5ms/99.4%, 10ms/99.6%, 20ms/99.7%, 50ms/99.8%, 100ms/99.9%
[273.904s][info][gc,marking  ] GC(171) Mark: 8 stripe(s), 2 proactive flush(es), 1 terminate flush(es), 0 completion(s), 0 continuation(s) 
[273.904s][info][gc,marking  ] GC(171) Mark Stack Usage: 32M
[273.904s][info][gc,nmethod  ] GC(171) NMethods: 2005 registered, 394 unregistered
[273.904s][info][gc,metaspace] GC(171) Metaspace: 9M used, 10M committed, 1088M reserved
[273.904s][info][gc,ref      ] GC(171) Soft: 214 encountered, 0 discovered, 0 enqueued
[273.904s][info][gc,ref      ] GC(171) Weak: 815 encountered, 47 discovered, 0 enqueued
[273.905s][info][gc,ref      ] GC(171) Final: 0 encountered, 0 discovered, 0 enqueued
[273.905s][info][gc,ref      ] GC(171) Phantom: 27 encountered, 23 discovered, 0 enqueued
[273.905s][info][gc,reloc    ] GC(171) Small Pages: 277 / 554M, Empty: 486M, Relocated: 5M, In-Place: 0
[273.905s][info][gc,reloc    ] GC(171) Medium Pages: 0 / 0M, Empty: 0M, Relocated: 0M, In-Place: 0
[273.905s][info][gc,reloc    ] GC(171) Large Pages: 0 / 0M, Empty: 0M, Relocated: 0M, In-Place: 0
[273.905s][info][gc,reloc    ] GC(171) Forwarding Usage: 2M
[273.905s][info][gc,heap     ] GC(171) Min Capacity: 8M(0%)
[273.905s][info][gc,heap     ] GC(171) Max Capacity: 2048M(100%)
[273.905s][info][gc,heap     ] GC(171) Soft Max Capacity: 2048M(100%)
[273.905s][info][gc,heap     ] GC(171)                Mark Start          Mark End        Relocate Start      Relocate End           High               Low         
[273.905s][info][gc,heap     ] GC(171)  Capacity:     2048M (100%)       2048M (100%)       2048M (100%)       2048M (100%)       2048M (100%)       2048M (100%)   
[273.905s][info][gc,heap     ] GC(171)      Free:     1494M (73%)        1486M (73%)        1972M (96%)        2012M (98%)        2012M (98%)        1486M (73%)    
[273.905s][info][gc,heap     ] GC(171)      Used:      554M (27%)         562M (27%)          76M (4%)           36M (2%)          562M (27%)          36M (2%)     
[273.905s][info][gc,heap     ] GC(171)      Live:         -                 6M (0%)            6M (0%)            6M (0%)             -                  -          
[273.905s][info][gc,heap     ] GC(171) Allocated:         -                 8M (0%)            8M (0%)            9M (0%)             -                  -          
[273.905s][info][gc,heap     ] GC(171)   Garbage:         -               547M (27%)          61M (3%)           19M (1%)             -                  -          
[273.905s][info][gc,heap     ] GC(171) Reclaimed:         -                  -               486M (24%)         527M (26%)            -                  -          
[273.905s][info][gc          ] GC(171) Garbage Collection (Proactive) 554M(27%)->36M(2%)
[275.025s][info][gc,start    ] GC(172) Garbage Collection (System.gc())
[275.026s][info][gc,task     ] GC(172) Using 12 workers
[275.026s][info][gc,phases   ] GC(172) Pause Mark Start 0.017ms
[275.034s][info][gc,phases   ] GC(172) Concurrent Mark 8.114ms
[275.034s][info][gc,phases   ] GC(172) Pause Mark End 0.020ms
[275.034s][info][gc,phases   ] GC(172) Concurrent Mark Free 0.001ms
[275.035s][info][gc,phases   ] GC(172) Concurrent Process Non-Strong References 0.945ms
[275.035s][info][gc,phases   ] GC(172) Concurrent Reset Relocation Set 0.006ms
[275.039s][info][gc,phases   ] GC(172) Concurrent Select Relocation Set 3.871ms
[275.039s][info][gc,phases   ] GC(172) Pause Relocate Start 0.006ms
[275.042s][info][gc,phases   ] GC(172) Concurrent Relocate 2.943ms
[275.042s][info][gc,load     ] GC(172) Load: 0.00/0.00/0.00
[275.042s][info][gc,mmu      ] GC(172) MMU: 2ms/98.4%, 5ms/99.4%, 10ms/99.6%, 20ms/99.7%, 50ms/99.8%, 100ms/99.9%
[275.042s][info][gc,marking  ] GC(172) Mark: 8 stripe(s), 2 proactive flush(es), 1 terminate flush(es), 0 completion(s), 0 continuation(s) 
[275.042s][info][gc,marking  ] GC(172) Mark Stack Usage: 32M
[275.042s][info][gc,nmethod  ] GC(172) NMethods: 2005 registered, 394 unregistered
[275.042s][info][gc,metaspace] GC(172) Metaspace: 9M used, 10M committed, 1088M reserved
[275.043s][info][gc,ref      ] GC(172) Soft: 214 encountered, 0 discovered, 0 enqueued
[275.043s][info][gc,ref      ] GC(172) Weak: 815 encountered, 75 discovered, 0 enqueued
[275.043s][info][gc,ref      ] GC(172) Final: 0 encountered, 0 discovered, 0 enqueued
[275.043s][info][gc,ref      ] GC(172) Phantom: 27 encountered, 19 discovered, 0 enqueued
[275.043s][info][gc,reloc    ] GC(172) Small Pages: 198 / 396M, Empty: 376M, Relocated: 3M, In-Place: 0
[275.043s][info][gc,reloc    ] GC(172) Medium Pages: 0 / 0M, Empty: 0M, Relocated: 0M, In-Place: 0
[275.043s][info][gc,reloc    ] GC(172) Large Pages: 0 / 0M, Empty: 0M, Relocated: 0M, In-Place: 0
[275.043s][info][gc,reloc    ] GC(172) Forwarding Usage: 1M
[275.043s][info][gc,heap     ] GC(172) Min Capacity: 8M(0%)
[275.043s][info][gc,heap     ] GC(172) Max Capacity: 2048M(100%)
[275.043s][info][gc,heap     ] GC(172) Soft Max Capacity: 2048M(100%)
[275.043s][info][gc,heap     ] GC(172)                Mark Start          Mark End        Relocate Start      Relocate End           High               Low         
[275.043s][info][gc,heap     ] GC(172)  Capacity:     2048M (100%)       2048M (100%)       2048M (100%)       2048M (100%)       2048M (100%)       2048M (100%)   
[275.043s][info][gc,heap     ] GC(172)      Free:     1652M (81%)        1652M (81%)        2028M (99%)        2028M (99%)        2028M (99%)        1652M (81%)    
[275.043s][info][gc,heap     ] GC(172)      Used:      396M (19%)         396M (19%)          20M (1%)           20M (1%)          396M (19%)          20M (1%)     
[275.043s][info][gc,heap     ] GC(172)      Live:         -                 4M (0%)            4M (0%)            4M (0%)             -                  -          
[275.043s][info][gc,heap     ] GC(172) Allocated:         -                 0M (0%)            0M (0%)            0M (0%)             -                  -          
[275.043s][info][gc,heap     ] GC(172)   Garbage:         -               391M (19%)          15M (1%)           15M (1%)             -                  -          
[275.043s][info][gc,heap     ] GC(172) Reclaimed:         -                  -               376M (18%)         376M (18%)            -                  -          
[275.043s][info][gc          ] GC(172) Garbage Collection (System.gc()) 396M(19%)->20M(1%)
[276.768s][info][gc,start    ] GC(173) Garbage Collection (Proactive)
[276.768s][info][gc,task     ] GC(173) Using 12 workers
[276.768s][info][gc,phases   ] GC(173) Pause Mark Start 0.018ms
[276.783s][info][gc,phases   ] GC(173) Concurrent Mark 15.178ms
[276.784s][info][gc,phases   ] GC(173) Pause Mark End 0.023ms
[276.784s][info][gc,phases   ] GC(173) Concurrent Mark Free 0.001ms
[276.785s][info][gc,phases   ] GC(173) Concurrent Process Non-Strong References 0.969ms
[276.785s][info][gc,phases   ] GC(173) Concurrent Reset Relocation Set 0.002ms
[276.791s][info][gc,phases   ] GC(173) Concurrent Select Relocation Set 6.541ms
[276.792s][info][gc,phases   ] GC(173) Pause Relocate Start 0.010ms
[276.795s][info][gc,phases   ] GC(173) Concurrent Relocate 3.110ms
[276.795s][info][gc,load     ] GC(173) Load: 0.00/0.00/0.00
[276.795s][info][gc,mmu      ] GC(173) MMU: 2ms/98.4%, 5ms/99.4%, 10ms/99.6%, 20ms/99.7%, 50ms/99.8%, 100ms/99.9%
[276.795s][info][gc,marking  ] GC(173) Mark: 8 stripe(s), 3 proactive flush(es), 1 terminate flush(es), 0 completion(s), 0 continuation(s) 
[276.795s][info][gc,marking  ] GC(173) Mark Stack Usage: 32M
[276.795s][info][gc,nmethod  ] GC(173) NMethods: 2005 registered, 394 unregistered
[276.795s][info][gc,metaspace] GC(173) Metaspace: 9M used, 10M committed, 1088M reserved
[276.795s][info][gc,ref      ] GC(173) Soft: 214 encountered, 0 discovered, 0 enqueued
[276.795s][info][gc,ref      ] GC(173) Weak: 815 encountered, 101 discovered, 0 enqueued
[276.795s][info][gc,ref      ] GC(173) Final: 0 encountered, 0 discovered, 0 enqueued
[276.795s][info][gc,ref      ] GC(173) Phantom: 27 encountered, 22 discovered, 0 enqueued
[276.795s][info][gc,reloc    ] GC(173) Small Pages: 287 / 574M, Empty: 402M, Relocated: 4M, In-Place: 0
[276.795s][info][gc,reloc    ] GC(173) Medium Pages: 0 / 0M, Empty: 0M, Relocated: 0M, In-Place: 0
[276.795s][info][gc,reloc    ] GC(173) Large Pages: 0 / 0M, Empty: 0M, Relocated: 0M, In-Place: 0
[276.795s][info][gc,reloc    ] GC(173) Forwarding Usage: 2M
[276.795s][info][gc,heap     ] GC(173) Min Capacity: 8M(0%)
[276.795s][info][gc,heap     ] GC(173) Max Capacity: 2048M(100%)
[276.795s][info][gc,heap     ] GC(173) Soft Max Capacity: 2048M(100%)
[276.795s][info][gc,heap     ] GC(173)                Mark Start          Mark End        Relocate Start      Relocate End           High               Low         
[276.795s][info][gc,heap     ] GC(173)  Capacity:     2048M (100%)       2048M (100%)       2048M (100%)       2048M (100%)       2048M (100%)       2048M (100%)   
[276.795s][info][gc,heap     ] GC(173)      Free:     1474M (72%)        1468M (72%)        1868M (91%)        2012M (98%)        2012M (98%)        1468M (72%)    
[276.795s][info][gc,heap     ] GC(173)      Used:      574M (28%)         580M (28%)         180M (9%)           36M (2%)          580M (28%)          36M (2%)     
[276.795s][info][gc,heap     ] GC(173)      Live:         -                 6M (0%)            6M (0%)            6M (0%)             -                  -          
[276.795s][info][gc,heap     ] GC(173) Allocated:         -                 6M (0%)            8M (0%)            9M (0%)             -                  -          
[276.795s][info][gc,heap     ] GC(173)   Garbage:         -               567M (28%)         165M (8%)           19M (1%)             -                  -          
[276.795s][info][gc,heap     ] GC(173) Reclaimed:         -                  -               402M (20%)         547M (27%)            -                  -          
[276.795s][info][gc          ] GC(173) Garbage Collection (Proactive) 574M(28%)->36M(2%)
[278.773s][info][gc,start    ] GC(174) Garbage Collection (Proactive)
[278.773s][info][gc,task     ] GC(174) Using 12 workers
[278.773s][info][gc,phases   ] GC(174) Pause Mark Start 0.017ms
[278.789s][info][gc,phases   ] GC(174) Concurrent Mark 15.242ms
[278.789s][info][gc,phases   ] GC(174) Pause Mark End 0.024ms
[278.789s][info][gc,phases   ] GC(174) Concurrent Mark Free 0.001ms
[278.790s][info][gc,phases   ] GC(174) Concurrent Process Non-Strong References 0.999ms
[278.790s][info][gc,phases   ] GC(174) Concurrent Reset Relocation Set 0.013ms
[278.798s][info][gc,phases   ] GC(174) Concurrent Select Relocation Set 7.401ms
[278.798s][info][gc,phases   ] GC(174) Pause Relocate Start 0.009ms
[278.801s][info][gc,phases   ] GC(174) Concurrent Relocate 3.258ms
[278.801s][info][gc,load     ] GC(174) Load: 0.00/0.00/0.00
[278.801s][info][gc,mmu      ] GC(174) MMU: 2ms/98.4%, 5ms/99.4%, 10ms/99.6%, 20ms/99.7%, 50ms/99.8%, 100ms/99.9%
[278.801s][info][gc,marking  ] GC(174) Mark: 8 stripe(s), 4 proactive flush(es), 1 terminate flush(es), 0 completion(s), 0 continuation(s) 
[278.801s][info][gc,marking  ] GC(174) Mark Stack Usage: 32M
[278.801s][info][gc,nmethod  ] GC(174) NMethods: 2005 registered, 394 unregistered
[278.801s][info][gc,metaspace] GC(174) Metaspace: 9M used, 10M committed, 1088M reserved
[278.801s][info][gc,ref      ] GC(174) Soft: 214 encountered, 0 discovered, 0 enqueued
[278.801s][info][gc,ref      ] GC(174) Weak: 815 encountered, 34 discovered, 0 enqueued
[278.801s][info][gc,ref      ] GC(174) Final: 0 encountered, 0 discovered, 0 enqueued
[278.801s][info][gc,ref      ] GC(174) Phantom: 27 encountered, 23 discovered, 0 enqueued
[278.801s][info][gc,reloc    ] GC(174) Small Pages: 324 / 648M, Empty: 520M, Relocated: 4M, In-Place: 0
[278.801s][info][gc,reloc    ] GC(174) Medium Pages: 0 / 0M, Empty: 0M, Relocated: 0M, In-Place: 0
[278.802s][info][gc,reloc    ] GC(174) Large Pages: 0 / 0M, Empty: 0M, Relocated: 0M, In-Place: 0
[278.802s][info][gc,reloc    ] GC(174) Forwarding Usage: 2M
[278.802s][info][gc,heap     ] GC(174) Min Capacity: 8M(0%)
[278.802s][info][gc,heap     ] GC(174) Max Capacity: 2048M(100%)
[278.802s][info][gc,heap     ] GC(174) Soft Max Capacity: 2048M(100%)
[278.802s][info][gc,heap     ] GC(174)                Mark Start          Mark End        Relocate Start      Relocate End           High               Low         
[278.802s][info][gc,heap     ] GC(174)  Capacity:     2048M (100%)       2048M (100%)       2048M (100%)       2048M (100%)       2048M (100%)       2048M (100%)   
[278.802s][info][gc,heap     ] GC(174)      Free:     1400M (68%)        1394M (68%)        1912M (93%)        2012M (98%)        2012M (98%)        1392M (68%)    
[278.802s][info][gc,heap     ] GC(174)      Used:      648M (32%)         654M (32%)         136M (7%)           36M (2%)          656M (32%)          36M (2%)     
[278.802s][info][gc,heap     ] GC(174)      Live:         -                 6M (0%)            6M (0%)            6M (0%)             -                  -          
[278.802s][info][gc,heap     ] GC(174) Allocated:         -                 6M (0%)            8M (0%)            9M (0%)             -                  -          
[278.802s][info][gc,heap     ] GC(174)   Garbage:         -               641M (31%)         121M (6%)           19M (1%)             -                  -          
[278.802s][info][gc,heap     ] GC(174) Reclaimed:         -                  -               520M (25%)         621M (30%)            -                  -          
[278.802s][info][gc          ] GC(174) Garbage Collection (Proactive) 648M(32%)->36M(2%)
[280.171s][info][gc,stats    ] === Garbage Collection Statistics =======================================================================================================================
[280.171s][info][gc,stats    ]                                                              Last 10s              Last 10m              Last 10h                Total
[280.171s][info][gc,stats    ]                                                              Avg / Max             Avg / Max             Avg / Max             Avg / Max
[280.171s][info][gc,stats    ]   Collector: Garbage Collection Cycle                     25.268 / 28.794       25.866 / 57.424       25.866 / 57.424       25.866 / 57.424      ms
[280.171s][info][gc,stats    ]  Contention: Mark Segment Reset Contention                     1 / 6                 1 / 13                1 / 13                1 / 13          ops/s
[280.171s][info][gc,stats    ]  Contention: Mark SeqNum Reset Contention                      0 / 1                 0 / 2                 0 / 2                 0 / 2           ops/s
[280.171s][info][gc,stats    ]    Critical: Allocation Stall                                  0 / 0                 0 / 0                 0 / 0                 0 / 0           ops/s
[280.171s][info][gc,stats    ]    Critical: Allocation Stall                              0.000 / 0.000         0.000 / 0.000         0.000 / 0.000         0.000 / 0.000       ms
[280.171s][info][gc,stats    ]    Critical: GC Locker Stall                                   0 / 0                 0 / 0                 0 / 0                 0 / 0           ops/s
[280.171s][info][gc,stats    ]    Critical: GC Locker Stall                               0.000 / 0.000         0.000 / 0.000         0.000 / 0.000         0.000 / 0.000       ms
[280.171s][info][gc,stats    ]    Critical: Relocation Stall                                  0 / 0                 0 / 0                 0 / 0                 0 / 0           ops/s
[280.171s][info][gc,stats    ]    Critical: Relocation Stall                              0.000 / 0.000         0.000 / 0.000         0.000 / 0.000         0.000 / 0.000       ms
[280.171s][info][gc,stats    ]      Memory: Allocation Rate                                 319 / 328             321 / 342             321 / 342             321 / 342         MB/s
[280.171s][info][gc,stats    ]      Memory: Defragment                                        0 / 0                 0 / 0                 0 / 0                 0 / 0           ops/s
[280.171s][info][gc,stats    ]      Memory: Out Of Memory                                     0 / 0                 0 / 0                 0 / 0                 0 / 0           ops/s
[280.172s][info][gc,stats    ]      Memory: Page Cache Flush                                  0 / 0                 0 / 0                 0 / 0                 0 / 0           MB/s
[280.172s][info][gc,stats    ]      Memory: Page Cache Hit L1                               166 / 176             164 / 184             164 / 184             164 / 184         ops/s
[280.172s][info][gc,stats    ]      Memory: Page Cache Hit L2                                 0 / 0                 0 / 0                 0 / 0                 0 / 0           ops/s
[280.172s][info][gc,stats    ]      Memory: Page Cache Hit L3                                 0 / 0                 2 / 145               2 / 145               2 / 145         ops/s
[280.172s][info][gc,stats    ]      Memory: Page Cache Miss                                   0 / 0                 0 / 1                 0 / 1                 0 / 1           ops/s
[280.172s][info][gc,stats    ]      Memory: Uncommit                                          0 / 0                 0 / 0                 0 / 0                 0 / 0           MB/s
[280.172s][info][gc,stats    ]      Memory: Undo Object Allocation Failed                     0 / 0                 0 / 5                 0 / 5                 0 / 5           ops/s
[280.172s][info][gc,stats    ]      Memory: Undo Object Allocation Succeeded                  0 / 3                 0 / 4                 0 / 4                 0 / 4           ops/s
[280.172s][info][gc,stats    ]      Memory: Undo Page Allocation                              2 / 4                 1 / 6                 1 / 6                 1 / 6           ops/s
[280.172s][info][gc,stats    ]       Phase: Concurrent Mark                              14.020 / 15.248       14.738 / 30.725       14.738 / 30.725       14.738 / 30.725      ms
[280.172s][info][gc,stats    ]       Phase: Concurrent Mark Continue                      0.000 / 0.000         0.000 / 0.000         0.000 / 0.000         0.000 / 0.000       ms
[280.172s][info][gc,stats    ]       Phase: Concurrent Mark Free                          0.001 / 0.002         0.001 / 0.002         0.001 / 0.002         0.001 / 0.002       ms
[280.172s][info][gc,stats    ]       Phase: Concurrent Process Non-Strong References      0.978 / 1.005         1.003 / 5.203         1.003 / 5.203         1.003 / 5.203       ms
[280.172s][info][gc,stats    ]       Phase: Concurrent Relocate                           3.771 / 5.126         3.323 / 5.126         3.323 / 5.126         3.323 / 5.126       ms
[280.172s][info][gc,stats    ]       Phase: Concurrent Reset Relocation Set               0.007 / 0.013         0.008 / 0.016         0.008 / 0.016         0.008 / 0.016       ms
[280.172s][info][gc,stats    ]       Phase: Concurrent Select Relocation Set              5.328 / 7.401         5.286 / 15.037        5.286 / 15.037        5.286 / 15.037      ms
[280.172s][info][gc,stats    ]       Phase: Pause Mark End                                0.023 / 0.025         0.023 / 0.032         0.023 / 0.032         0.023 / 0.032       ms
[280.172s][info][gc,stats    ]       Phase: Pause Mark Start                              0.018 / 0.019         0.018 / 0.030         0.018 / 0.030         0.018 / 0.030       ms
[280.172s][info][gc,stats    ]       Phase: Pause Relocate Start                          0.008 / 0.010         0.009 / 0.012         0.009 / 0.012         0.009 / 0.012       ms
[280.172s][info][gc,stats    ]    Subphase: Concurrent Classes Purge                      0.005 / 0.005         0.020 / 0.832         0.020 / 0.832         0.020 / 0.832       ms
[280.172s][info][gc,stats    ]    Subphase: Concurrent Classes Unlink                     0.679 / 0.695         0.680 / 4.025         0.680 / 4.025         0.680 / 4.025       ms
[280.172s][info][gc,stats    ]    Subphase: Concurrent Mark                              12.230 / 14.091       12.796 / 23.255       12.796 / 23.255       12.796 / 23.255      ms
[280.172s][info][gc,stats    ]    Subphase: Concurrent Mark Try Flush                     0.072 / 0.107         0.071 / 0.200         0.071 / 0.200         0.071 / 0.200       ms
[280.172s][info][gc,stats    ]    Subphase: Concurrent Mark Try Terminate                 7.770 / 11.600        7.910 / 16.635        7.910 / 16.635        7.910 / 16.635      ms
[280.172s][info][gc,stats    ]    Subphase: Concurrent References Enqueue                 0.000 / 0.000         0.000 / 0.004         0.000 / 0.004         0.000 / 0.004       ms
[280.172s][info][gc,stats    ]    Subphase: Concurrent References Process                 0.041 / 0.043         0.046 / 0.075         0.046 / 0.075         0.046 / 0.075       ms
[280.172s][info][gc,stats    ]    Subphase: Concurrent Roots ClassLoaderDataGraph         0.091 / 0.649         0.090 / 0.967         0.090 / 0.967         0.090 / 0.967       ms
[280.172s][info][gc,stats    ]    Subphase: Concurrent Roots CodeCache                    0.000 / 0.000         0.000 / 0.000         0.000 / 0.000         0.000 / 0.000       ms
[280.173s][info][gc,stats    ]    Subphase: Concurrent Roots JavaThreads                  0.584 / 1.068         0.555 / 7.350         0.555 / 7.350         0.555 / 7.350       ms
[280.173s][info][gc,stats    ]    Subphase: Concurrent Roots OopStorageSet                0.016 / 0.049         0.018 / 0.273         0.018 / 0.273         0.018 / 0.273       ms
[280.173s][info][gc,stats    ]    Subphase: Concurrent Weak Roots OopStorageSet           0.136 / 0.158         0.135 / 0.173         0.135 / 0.173         0.135 / 0.173       ms
[280.173s][info][gc,stats    ]    Subphase: Pause Mark Try Complete                       0.000 / 0.000         0.000 / 0.000         0.000 / 0.000         0.000 / 0.000       ms
[280.173s][info][gc,stats    ]      System: Java Threads                                     40 / 40               35 / 42               35 / 42               35 / 42          threads
[280.173s][info][gc,stats    ] =========================================================================================================================================================
[280.678s][info][gc,start    ] GC(175) Garbage Collection (Proactive)
[280.679s][info][gc,task     ] GC(175) Using 12 workers
[280.679s][info][gc,phases   ] GC(175) Pause Mark Start 0.018ms
[280.694s][info][gc,phases   ] GC(175) Concurrent Mark 15.152ms
[280.694s][info][gc,phases   ] GC(175) Pause Mark End 0.023ms
[280.694s][info][gc,phases   ] GC(175) Concurrent Mark Free 0.001ms
[280.695s][info][gc,phases   ] GC(175) Concurrent Process Non-Strong References 1.032ms
[280.696s][info][gc,phases   ] GC(175) Concurrent Reset Relocation Set 0.009ms
[280.699s][info][gc,phases   ] GC(175) Concurrent Select Relocation Set 3.800ms
[280.699s][info][gc,phases   ] GC(175) Pause Relocate Start 0.008ms
[280.704s][info][gc,phases   ] GC(175) Concurrent Relocate 4.224ms
[280.704s][info][gc,load     ] GC(175) Load: 0.00/0.00/0.00
[280.704s][info][gc,mmu      ] GC(175) MMU: 2ms/98.4%, 5ms/99.4%, 10ms/99.6%, 20ms/99.7%, 50ms/99.8%, 100ms/99.9%
[280.704s][info][gc,marking  ] GC(175) Mark: 8 stripe(s), 2 proactive flush(es), 1 terminate flush(es), 0 completion(s), 0 continuation(s) 
[280.704s][info][gc,marking  ] GC(175) Mark Stack Usage: 32M
[280.704s][info][gc,nmethod  ] GC(175) NMethods: 2005 registered, 394 unregistered
[280.704s][info][gc,metaspace] GC(175) Metaspace: 9M used, 10M committed, 1088M reserved
[280.704s][info][gc,ref      ] GC(175) Soft: 214 encountered, 0 discovered, 0 enqueued
[280.704s][info][gc,ref      ] GC(175) Weak: 815 encountered, 166 discovered, 0 enqueued
[280.704s][info][gc,ref      ] GC(175) Final: 0 encountered, 0 discovered, 0 enqueued
[280.704s][info][gc,ref      ] GC(175) Phantom: 27 encountered, 21 discovered, 0 enqueued
[280.704s][info][gc,reloc    ] GC(175) Small Pages: 313 / 626M, Empty: 556M, Relocated: 4M, In-Place: 0
[280.704s][info][gc,reloc    ] GC(175) Medium Pages: 0 / 0M, Empty: 0M, Relocated: 0M, In-Place: 0
[280.704s][info][gc,reloc    ] GC(175) Large Pages: 0 / 0M, Empty: 0M, Relocated: 0M, In-Place: 0
[280.704s][info][gc,reloc    ] GC(175) Forwarding Usage: 2M
[280.704s][info][gc,heap     ] GC(175) Min Capacity: 8M(0%)
[280.704s][info][gc,heap     ] GC(175) Max Capacity: 2048M(100%)
[280.704s][info][gc,heap     ] GC(175) Soft Max Capacity: 2048M(100%)
[280.704s][info][gc,heap     ] GC(175)                Mark Start          Mark End        Relocate Start      Relocate End           High               Low         
[280.704s][info][gc,heap     ] GC(175)  Capacity:     2048M (100%)       2048M (100%)       2048M (100%)       2048M (100%)       2048M (100%)       2048M (100%)   
[280.704s][info][gc,heap     ] GC(175)      Free:     1422M (69%)        1414M (69%)        1970M (96%)        2012M (98%)        2012M (98%)        1414M (69%)    
[280.704s][info][gc,heap     ] GC(175)      Used:      626M (31%)         634M (31%)          78M (4%)           36M (2%)          634M (31%)          36M (2%)     
[280.705s][info][gc,heap     ] GC(175)      Live:         -                 6M (0%)            6M (0%)            6M (0%)             -                  -          
[280.705s][info][gc,heap     ] GC(175) Allocated:         -                 8M (0%)            8M (0%)            9M (0%)             -                  -          
[280.705s][info][gc,heap     ] GC(175)   Garbage:         -               619M (30%)          63M (3%)           19M (1%)             -                  -          
[280.705s][info][gc,heap     ] GC(175) Reclaimed:         -                  -               556M (27%)         599M (29%)            -                  -          
[280.705s][info][gc          ] GC(175) Garbage Collection (Proactive) 626M(31%)->36M(2%)
[281.940s][info][gc,start    ] GC(176) Garbage Collection (System.gc())
[281.940s][info][gc,task     ] GC(176) Using 12 workers
[281.941s][info][gc,phases   ] GC(176) Pause Mark Start 0.018ms
[281.959s][info][gc,phases   ] GC(176) Concurrent Mark 18.378ms
[281.959s][info][gc,phases   ] GC(176) Pause Mark End 0.021ms
[281.959s][info][gc,phases   ] GC(176) Concurrent Mark Free 0.001ms
[281.960s][info][gc,phases   ] GC(176) Concurrent Process Non-Strong References 0.929ms
[281.960s][info][gc,phases   ] GC(176) Concurrent Reset Relocation Set 0.005ms
[281.964s][info][gc,phases   ] GC(176) Concurrent Select Relocation Set 3.852ms
[281.964s][info][gc,phases   ] GC(176) Pause Relocate Start 0.007ms
[281.967s][info][gc,phases   ] GC(176) Concurrent Relocate 2.920ms
[281.967s][info][gc,load     ] GC(176) Load: 0.00/0.00/0.00
[281.967s][info][gc,mmu      ] GC(176) MMU: 2ms/98.4%, 5ms/99.4%, 10ms/99.6%, 20ms/99.7%, 50ms/99.8%, 100ms/99.9%
[281.967s][info][gc,marking  ] GC(176) Mark: 8 stripe(s), 1 proactive flush(es), 1 terminate flush(es), 0 completion(s), 0 continuation(s) 
[281.967s][info][gc,marking  ] GC(176) Mark Stack Usage: 32M
[281.967s][info][gc,nmethod  ] GC(176) NMethods: 2008 registered, 394 unregistered
[281.967s][info][gc,metaspace] GC(176) Metaspace: 9M used, 10M committed, 1088M reserved
[281.967s][info][gc,ref      ] GC(176) Soft: 214 encountered, 0 discovered, 0 enqueued
[281.968s][info][gc,ref      ] GC(176) Weak: 815 encountered, 154 discovered, 0 enqueued
[281.968s][info][gc,ref      ] GC(176) Final: 0 encountered, 0 discovered, 0 enqueued
[281.968s][info][gc,ref      ] GC(176) Phantom: 27 encountered, 22 discovered, 0 enqueued
[281.968s][info][gc,reloc    ] GC(176) Small Pages: 215 / 430M, Empty: 410M, Relocated: 3M, In-Place: 0
[281.968s][info][gc,reloc    ] GC(176) Medium Pages: 0 / 0M, Empty: 0M, Relocated: 0M, In-Place: 0
[281.968s][info][gc,reloc    ] GC(176) Large Pages: 0 / 0M, Empty: 0M, Relocated: 0M, In-Place: 0
[281.968s][info][gc,reloc    ] GC(176) Forwarding Usage: 1M
[281.968s][info][gc,heap     ] GC(176) Min Capacity: 8M(0%)
[281.968s][info][gc,heap     ] GC(176) Max Capacity: 2048M(100%)
[281.968s][info][gc,heap     ] GC(176) Soft Max Capacity: 2048M(100%)
[281.968s][info][gc,heap     ] GC(176)                Mark Start          Mark End        Relocate Start      Relocate End           High               Low         
[281.968s][info][gc,heap     ] GC(176)  Capacity:     2048M (100%)       2048M (100%)       2048M (100%)       2048M (100%)       2048M (100%)       2048M (100%)   
[281.968s][info][gc,heap     ] GC(176)      Free:     1618M (79%)        1618M (79%)        2028M (99%)        2028M (99%)        2028M (99%)        1618M (79%)    
[281.968s][info][gc,heap     ] GC(176)      Used:      430M (21%)         430M (21%)          20M (1%)           20M (1%)          430M (21%)          20M (1%)     
[281.968s][info][gc,heap     ] GC(176)      Live:         -                 4M (0%)            4M (0%)            4M (0%)             -                  -          
[281.968s][info][gc,heap     ] GC(176) Allocated:         -                 0M (0%)            0M (0%)            0M (0%)             -                  -          
[281.968s][info][gc,heap     ] GC(176)   Garbage:         -               425M (21%)          15M (1%)           15M (1%)             -                  -          
[281.968s][info][gc,heap     ] GC(176) Reclaimed:         -                  -               410M (20%)         410M (20%)            -                  -          
[281.968s][info][gc          ] GC(176) Garbage Collection (System.gc()) 430M(21%)->20M(1%)
[283.669s][info][gc,start    ] GC(177) Garbage Collection (Proactive)
[283.669s][info][gc,task     ] GC(177) Using 12 workers
[283.669s][info][gc,phases   ] GC(177) Pause Mark Start 0.017ms
[283.684s][info][gc,phases   ] GC(177) Concurrent Mark 15.203ms
[283.685s][info][gc,phases   ] GC(177) Pause Mark End 0.024ms
[283.685s][info][gc,phases   ] GC(177) Concurrent Mark Free 0.001ms
[283.686s][info][gc,phases   ] GC(177) Concurrent Process Non-Strong References 1.048ms
[283.686s][info][gc,phases   ] GC(177) Concurrent Reset Relocation Set 0.002ms
[283.693s][info][gc,phases   ] GC(177) Concurrent Select Relocation Set 6.879ms
[283.693s][info][gc,phases   ] GC(177) Pause Relocate Start 0.010ms
[283.696s][info][gc,phases   ] GC(177) Concurrent Relocate 3.309ms
[283.696s][info][gc,load     ] GC(177) Load: 0.00/0.00/0.00
[283.696s][info][gc,mmu      ] GC(177) MMU: 2ms/98.4%, 5ms/99.4%, 10ms/99.6%, 20ms/99.7%, 50ms/99.8%, 100ms/99.9%
[283.696s][info][gc,marking  ] GC(177) Mark: 8 stripe(s), 2 proactive flush(es), 1 terminate flush(es), 0 completion(s), 0 continuation(s) 
[283.696s][info][gc,marking  ] GC(177) Mark Stack Usage: 32M
[283.696s][info][gc,nmethod  ] GC(177) NMethods: 2010 registered, 394 unregistered
[283.697s][info][gc,metaspace] GC(177) Metaspace: 9M used, 10M committed, 1088M reserved
[283.697s][info][gc,ref      ] GC(177) Soft: 214 encountered, 0 discovered, 0 enqueued
[283.697s][info][gc,ref      ] GC(177) Weak: 815 encountered, 95 discovered, 0 enqueued
[283.697s][info][gc,ref      ] GC(177) Final: 0 encountered, 0 discovered, 0 enqueued
[283.697s][info][gc,ref      ] GC(177) Phantom: 27 encountered, 22 discovered, 0 enqueued
[283.697s][info][gc,reloc    ] GC(177) Small Pages: 278 / 556M, Empty: 390M, Relocated: 4M, In-Place: 0
[283.697s][info][gc,reloc    ] GC(177) Medium Pages: 0 / 0M, Empty: 0M, Relocated: 0M, In-Place: 0
[283.697s][info][gc,reloc    ] GC(177) Large Pages: 0 / 0M, Empty: 0M, Relocated: 0M, In-Place: 0
[283.697s][info][gc,reloc    ] GC(177) Forwarding Usage: 2M
[283.697s][info][gc,heap     ] GC(177) Min Capacity: 8M(0%)
[283.697s][info][gc,heap     ] GC(177) Max Capacity: 2048M(100%)
[283.697s][info][gc,heap     ] GC(177) Soft Max Capacity: 2048M(100%)
[283.697s][info][gc,heap     ] GC(177)                Mark Start          Mark End        Relocate Start      Relocate End           High               Low         
[283.697s][info][gc,heap     ] GC(177)  Capacity:     2048M (100%)       2048M (100%)       2048M (100%)       2048M (100%)       2048M (100%)       2048M (100%)   
[283.697s][info][gc,heap     ] GC(177)      Free:     1492M (73%)        1486M (73%)        1872M (91%)        2012M (98%)        2012M (98%)        1484M (72%)    
[283.697s][info][gc,heap     ] GC(177)      Used:      556M (27%)         562M (27%)         176M (9%)           36M (2%)          564M (28%)          36M (2%)     
[283.697s][info][gc,heap     ] GC(177)      Live:         -                 6M (0%)            6M (0%)            6M (0%)             -                  -          
[283.697s][info][gc,heap     ] GC(177) Allocated:         -                 6M (0%)           10M (0%)            9M (0%)             -                  -          
[283.697s][info][gc,heap     ] GC(177)   Garbage:         -               549M (27%)         159M (8%)           19M (1%)             -                  -          
[283.697s][info][gc,heap     ] GC(177) Reclaimed:         -                  -               390M (19%)         529M (26%)            -                  -          
[283.697s][info][gc          ] GC(177) Garbage Collection (Proactive) 556M(27%)->36M(2%)
[285.378s][info][gc,start    ] GC(178) Garbage Collection (Proactive)
[285.378s][info][gc,task     ] GC(178) Using 12 workers
[285.379s][info][gc,phases   ] GC(178) Pause Mark Start 0.019ms
[285.394s][info][gc,phases   ] GC(178) Concurrent Mark 15.160ms
[285.394s][info][gc,phases   ] GC(178) Pause Mark End 0.027ms
[285.394s][info][gc,phases   ] GC(178) Concurrent Mark Free 0.001ms
[285.395s][info][gc,phases   ] GC(178) Concurrent Process Non-Strong References 0.978ms
[285.395s][info][gc,phases   ] GC(178) Concurrent Reset Relocation Set 0.013ms
[285.403s][info][gc,phases   ] GC(178) Concurrent Select Relocation Set 7.419ms
[285.403s][info][gc,phases   ] GC(178) Pause Relocate Start 0.009ms
[285.406s][info][gc,phases   ] GC(178) Concurrent Relocate 3.031ms
[285.406s][info][gc,load     ] GC(178) Load: 0.00/0.00/0.00
[285.406s][info][gc,mmu      ] GC(178) MMU: 2ms/98.4%, 5ms/99.4%, 10ms/99.6%, 20ms/99.7%, 50ms/99.8%, 100ms/99.9%
[285.406s][info][gc,marking  ] GC(178) Mark: 8 stripe(s), 2 proactive flush(es), 1 terminate flush(es), 0 completion(s), 0 continuation(s) 
[285.406s][info][gc,marking  ] GC(178) Mark Stack Usage: 32M
[285.406s][info][gc,nmethod  ] GC(178) NMethods: 2010 registered, 394 unregistered
[285.406s][info][gc,metaspace] GC(178) Metaspace: 9M used, 10M committed, 1088M reserved
[285.406s][info][gc,ref      ] GC(178) Soft: 214 encountered, 0 discovered, 0 enqueued
[285.406s][info][gc,ref      ] GC(178) Weak: 815 encountered, 34 discovered, 0 enqueued
[285.406s][info][gc,ref      ] GC(178) Final: 0 encountered, 0 discovered, 0 enqueued
[285.406s][info][gc,ref      ] GC(178) Phantom: 27 encountered, 18 discovered, 0 enqueued
[285.406s][info][gc,reloc    ] GC(178) Small Pages: 295 / 590M, Empty: 426M, Relocated: 4M, In-Place: 0
[285.406s][info][gc,reloc    ] GC(178) Medium Pages: 0 / 0M, Empty: 0M, Relocated: 0M, In-Place: 0
[285.406s][info][gc,reloc    ] GC(178) Large Pages: 0 / 0M, Empty: 0M, Relocated: 0M, In-Place: 0
[285.406s][info][gc,reloc    ] GC(178) Forwarding Usage: 2M
[285.407s][info][gc,heap     ] GC(178) Min Capacity: 8M(0%)
[285.407s][info][gc,heap     ] GC(178) Max Capacity: 2048M(100%)
[285.407s][info][gc,heap     ] GC(178) Soft Max Capacity: 2048M(100%)
[285.407s][info][gc,heap     ] GC(178)                Mark Start          Mark End        Relocate Start      Relocate End           High               Low         
[285.407s][info][gc,heap     ] GC(178)  Capacity:     2048M (100%)       2048M (100%)       2048M (100%)       2048M (100%)       2048M (100%)       2048M (100%)   
[285.407s][info][gc,heap     ] GC(178)      Free:     1458M (71%)        1450M (71%)        1874M (92%)        2012M (98%)        2012M (98%)        1450M (71%)    
[285.407s][info][gc,heap     ] GC(178)      Used:      590M (29%)         598M (29%)         174M (8%)           36M (2%)          598M (29%)          36M (2%)     
[285.407s][info][gc,heap     ] GC(178)      Live:         -                 6M (0%)            6M (0%)            6M (0%)             -                  -          
[285.407s][info][gc,heap     ] GC(178) Allocated:         -                 8M (0%)           10M (0%)            9M (0%)             -                  -          
[285.407s][info][gc,heap     ] GC(178)   Garbage:         -               583M (28%)         157M (8%)           19M (1%)             -                  -          
[285.407s][info][gc,heap     ] GC(178) Reclaimed:         -                  -               426M (21%)         563M (28%)            -                  -          
[285.407s][info][gc          ] GC(178) Garbage Collection (Proactive) 590M(29%)->36M(2%)
[287.071s][info][gc,start    ] GC(179) Garbage Collection (Proactive)
[287.071s][info][gc,task     ] GC(179) Using 12 workers
[287.071s][info][gc,phases   ] GC(179) Pause Mark Start 0.019ms
[287.087s][info][gc,phases   ] GC(179) Concurrent Mark 15.197ms
[287.087s][info][gc,phases   ] GC(179) Pause Mark End 0.025ms
[287.087s][info][gc,phases   ] GC(179) Concurrent Mark Free 0.001ms
[287.088s][info][gc,phases   ] GC(179) Concurrent Process Non-Strong References 1.073ms
[287.088s][info][gc,phases   ] GC(179) Concurrent Reset Relocation Set 0.012ms
[287.092s][info][gc,phases   ] GC(179) Concurrent Select Relocation Set 3.845ms
[287.092s][info][gc,phases   ] GC(179) Pause Relocate Start 0.008ms
[287.097s][info][gc,phases   ] GC(179) Concurrent Relocate 4.743ms
[287.097s][info][gc,load     ] GC(179) Load: 0.00/0.00/0.00
[287.097s][info][gc,mmu      ] GC(179) MMU: 2ms/98.4%, 5ms/99.4%, 10ms/99.6%, 20ms/99.7%, 50ms/99.8%, 100ms/99.9%
[287.097s][info][gc,marking  ] GC(179) Mark: 8 stripe(s), 4 proactive flush(es), 1 terminate flush(es), 0 completion(s), 0 continuation(s) 
[287.097s][info][gc,marking  ] GC(179) Mark Stack Usage: 32M
[287.097s][info][gc,nmethod  ] GC(179) NMethods: 2010 registered, 394 unregistered
[287.097s][info][gc,metaspace] GC(179) Metaspace: 9M used, 10M committed, 1088M reserved
[287.097s][info][gc,ref      ] GC(179) Soft: 214 encountered, 0 discovered, 0 enqueued
[287.097s][info][gc,ref      ] GC(179) Weak: 815 encountered, 259 discovered, 0 enqueued
[287.097s][info][gc,ref      ] GC(179) Final: 0 encountered, 0 discovered, 0 enqueued
[287.097s][info][gc,ref      ] GC(179) Phantom: 27 encountered, 21 discovered, 0 enqueued
[287.098s][info][gc,reloc    ] GC(179) Small Pages: 284 / 568M, Empty: 500M, Relocated: 5M, In-Place: 0
[287.098s][info][gc,reloc    ] GC(179) Medium Pages: 0 / 0M, Empty: 0M, Relocated: 0M, In-Place: 0
[287.098s][info][gc,reloc    ] GC(179) Large Pages: 0 / 0M, Empty: 0M, Relocated: 0M, In-Place: 0
[287.098s][info][gc,reloc    ] GC(179) Forwarding Usage: 2M
[287.098s][info][gc,heap     ] GC(179) Min Capacity: 8M(0%)
[287.098s][info][gc,heap     ] GC(179) Max Capacity: 2048M(100%)
[287.098s][info][gc,heap     ] GC(179) Soft Max Capacity: 2048M(100%)
[287.098s][info][gc,heap     ] GC(179)                Mark Start          Mark End        Relocate Start      Relocate End           High               Low         
[287.098s][info][gc,heap     ] GC(179)  Capacity:     2048M (100%)       2048M (100%)       2048M (100%)       2048M (100%)       2048M (100%)       2048M (100%)   
[287.098s][info][gc,heap     ] GC(179)      Free:     1480M (72%)        1474M (72%)        1972M (96%)        2012M (98%)        2012M (98%)        1474M (72%)    
[287.098s][info][gc,heap     ] GC(179)      Used:      568M (28%)         574M (28%)          76M (4%)           36M (2%)          574M (28%)          36M (2%)     
[287.098s][info][gc,heap     ] GC(179)      Live:         -                 6M (0%)            6M (0%)            6M (0%)             -                  -          
[287.098s][info][gc,heap     ] GC(179) Allocated:         -                 6M (0%)            8M (0%)            9M (0%)             -                  -          
[287.098s][info][gc,heap     ] GC(179)   Garbage:         -               561M (27%)          61M (3%)           19M (1%)             -                  -          
[287.098s][info][gc,heap     ] GC(179) Reclaimed:         -                  -               500M (24%)         541M (26%)            -                  -          
[287.098s][info][gc          ] GC(179) Garbage Collection (Proactive) 568M(28%)->36M(2%)
[288.724s][info][gc,start    ] GC(180) Garbage Collection (System.gc())
[288.724s][info][gc,task     ] GC(180) Using 12 workers
[288.725s][info][gc,phases   ] GC(180) Pause Mark Start 0.018ms
[288.741s][info][gc,phases   ] GC(180) Concurrent Mark 15.988ms
[288.741s][info][gc,phases   ] GC(180) Pause Mark End 0.021ms
[288.741s][info][gc,phases   ] GC(180) Concurrent Mark Free 0.001ms
[288.742s][info][gc,phases   ] GC(180) Concurrent Process Non-Strong References 0.941ms
[288.742s][info][gc,phases   ] GC(180) Concurrent Reset Relocation Set 0.005ms
[288.746s][info][gc,phases   ] GC(180) Concurrent Select Relocation Set 4.009ms
[288.746s][info][gc,phases   ] GC(180) Pause Relocate Start 0.007ms
[288.749s][info][gc,phases   ] GC(180) Concurrent Relocate 2.984ms
[288.749s][info][gc,load     ] GC(180) Load: 0.00/0.00/0.00
[288.749s][info][gc,mmu      ] GC(180) MMU: 2ms/98.4%, 5ms/99.4%, 10ms/99.6%, 20ms/99.7%, 50ms/99.8%, 100ms/99.9%
[288.749s][info][gc,marking  ] GC(180) Mark: 8 stripe(s), 1 proactive flush(es), 1 terminate flush(es), 0 completion(s), 0 continuation(s) 
[288.749s][info][gc,marking  ] GC(180) Mark Stack Usage: 32M
[288.749s][info][gc,nmethod  ] GC(180) NMethods: 2010 registered, 394 unregistered
[288.749s][info][gc,metaspace] GC(180) Metaspace: 9M used, 10M committed, 1088M reserved
[288.749s][info][gc,ref      ] GC(180) Soft: 214 encountered, 0 discovered, 0 enqueued
[288.749s][info][gc,ref      ] GC(180) Weak: 815 encountered, 58 discovered, 0 enqueued
[288.749s][info][gc,ref      ] GC(180) Final: 0 encountered, 0 discovered, 0 enqueued
[288.749s][info][gc,ref      ] GC(180) Phantom: 27 encountered, 23 discovered, 0 enqueued
[288.749s][info][gc,reloc    ] GC(180) Small Pages: 284 / 568M, Empty: 548M, Relocated: 3M, In-Place: 0
[288.750s][info][gc,reloc    ] GC(180) Medium Pages: 0 / 0M, Empty: 0M, Relocated: 0M, In-Place: 0
[288.750s][info][gc,reloc    ] GC(180) Large Pages: 0 / 0M, Empty: 0M, Relocated: 0M, In-Place: 0
[288.750s][info][gc,reloc    ] GC(180) Forwarding Usage: 1M
[288.750s][info][gc,heap     ] GC(180) Min Capacity: 8M(0%)
[288.750s][info][gc,heap     ] GC(180) Max Capacity: 2048M(100%)
[288.750s][info][gc,heap     ] GC(180) Soft Max Capacity: 2048M(100%)
[288.750s][info][gc,heap     ] GC(180)                Mark Start          Mark End        Relocate Start      Relocate End           High               Low         
[288.750s][info][gc,heap     ] GC(180)  Capacity:     2048M (100%)       2048M (100%)       2048M (100%)       2048M (100%)       2048M (100%)       2048M (100%)   
[288.750s][info][gc,heap     ] GC(180)      Free:     1480M (72%)        1480M (72%)        2028M (99%)        2028M (99%)        2028M (99%)        1480M (72%)    
[288.750s][info][gc,heap     ] GC(180)      Used:      568M (28%)         568M (28%)          20M (1%)           20M (1%)          568M (28%)          20M (1%)     
[288.750s][info][gc,heap     ] GC(180)      Live:         -                 4M (0%)            4M (0%)            4M (0%)             -                  -          
[288.750s][info][gc,heap     ] GC(180) Allocated:         -                 0M (0%)            0M (0%)            0M (0%)             -                  -          
[288.750s][info][gc,heap     ] GC(180)   Garbage:         -               563M (27%)          15M (1%)           15M (1%)             -                  -          
[288.750s][info][gc,heap     ] GC(180) Reclaimed:         -                  -               548M (27%)         548M (27%)            -                  -          
[288.750s][info][gc          ] GC(180) Garbage Collection (System.gc()) 568M(28%)->20M(1%)
[290.167s][info][gc,stats    ] === Garbage Collection Statistics =======================================================================================================================
[290.167s][info][gc,stats    ]                                                              Last 10s              Last 10m              Last 10h                Total
[290.167s][info][gc,stats    ]                                                              Avg / Max             Avg / Max             Avg / Max             Avg / Max
[290.167s][info][gc,stats    ]   Collector: Garbage Collection Cycle                     26.474 / 27.806       25.886 / 57.424       25.886 / 57.424       25.886 / 57.424      ms
[290.168s][info][gc,stats    ]  Contention: Mark Segment Reset Contention                     1 / 4                 1 / 13                1 / 13                1 / 13          ops/s
[290.168s][info][gc,stats    ]  Contention: Mark SeqNum Reset Contention                      0 / 1                 0 / 2                 0 / 2                 0 / 2           ops/s
[290.168s][info][gc,stats    ]    Critical: Allocation Stall                                  0 / 0                 0 / 0                 0 / 0                 0 / 0           ops/s
[290.168s][info][gc,stats    ]    Critical: Allocation Stall                              0.000 / 0.000         0.000 / 0.000         0.000 / 0.000         0.000 / 0.000       ms
[290.168s][info][gc,stats    ]    Critical: GC Locker Stall                                   0 / 0                 0 / 0                 0 / 0                 0 / 0           ops/s
[290.168s][info][gc,stats    ]    Critical: GC Locker Stall                               0.000 / 0.000         0.000 / 0.000         0.000 / 0.000         0.000 / 0.000       ms
[290.168s][info][gc,stats    ]    Critical: Relocation Stall                                  0 / 0                 0 / 0                 0 / 0                 0 / 0           ops/s
[290.168s][info][gc,stats    ]    Critical: Relocation Stall                              0.000 / 0.000         0.000 / 0.000         0.000 / 0.000         0.000 / 0.000       ms
[290.168s][info][gc,stats    ]      Memory: Allocation Rate                                 325 / 338             321 / 342             321 / 342             321 / 342         MB/s
[290.168s][info][gc,stats    ]      Memory: Defragment                                        0 / 0                 0 / 0                 0 / 0                 0 / 0           ops/s
[290.168s][info][gc,stats    ]      Memory: Out Of Memory                                     0 / 0                 0 / 0                 0 / 0                 0 / 0           ops/s
[290.168s][info][gc,stats    ]      Memory: Page Cache Flush                                  0 / 0                 0 / 0                 0 / 0                 0 / 0           MB/s
[290.168s][info][gc,stats    ]      Memory: Page Cache Hit L1                               169 / 178             164 / 184             164 / 184             164 / 184         ops/s
[290.168s][info][gc,stats    ]      Memory: Page Cache Hit L2                                 0 / 0                 0 / 0                 0 / 0                 0 / 0           ops/s
[290.168s][info][gc,stats    ]      Memory: Page Cache Hit L3                                 0 / 0                 2 / 145               2 / 145               2 / 145         ops/s
[290.168s][info][gc,stats    ]      Memory: Page Cache Miss                                   0 / 0                 0 / 1                 0 / 1                 0 / 1           ops/s
[290.168s][info][gc,stats    ]      Memory: Uncommit                                          0 / 0                 0 / 0                 0 / 0                 0 / 0           MB/s
[290.168s][info][gc,stats    ]      Memory: Undo Object Allocation Failed                     0 / 1                 0 / 5                 0 / 5                 0 / 5           ops/s
[290.168s][info][gc,stats    ]      Memory: Undo Object Allocation Succeeded                  0 / 1                 0 / 4                 0 / 4                 0 / 4           ops/s
[290.168s][info][gc,stats    ]      Memory: Undo Page Allocation                              1 / 4                 1 / 6                 1 / 6                 1 / 6           ops/s
[290.168s][info][gc,stats    ]       Phase: Concurrent Mark                              15.846 / 18.378       14.774 / 30.725       14.774 / 30.725       14.774 / 30.725      ms
[290.168s][info][gc,stats    ]       Phase: Concurrent Mark Continue                      0.000 / 0.000         0.000 / 0.000         0.000 / 0.000         0.000 / 0.000       ms
[290.168s][info][gc,stats    ]       Phase: Concurrent Mark Free                          0.001 / 0.001         0.001 / 0.002         0.001 / 0.002         0.001 / 0.002       ms
[290.168s][info][gc,stats    ]       Phase: Concurrent Process Non-Strong References      1.000 / 1.073         1.003 / 5.203         1.003 / 5.203         1.003 / 5.203       ms
[290.168s][info][gc,stats    ]       Phase: Concurrent Relocate                           3.535 / 4.743         3.330 / 5.126         3.330 / 5.126         3.330 / 5.126       ms
[290.168s][info][gc,stats    ]       Phase: Concurrent Reset Relocation Set               0.008 / 0.013         0.008 / 0.016         0.008 / 0.016         0.008 / 0.016       ms
[290.168s][info][gc,stats    ]       Phase: Concurrent Select Relocation Set              4.967 / 7.419         5.275 / 15.037        5.275 / 15.037        5.275 / 15.037      ms
[290.168s][info][gc,stats    ]       Phase: Pause Mark End                                0.024 / 0.027         0.023 / 0.032         0.023 / 0.032         0.023 / 0.032       ms
[290.168s][info][gc,stats    ]       Phase: Pause Mark Start                              0.018 / 0.019         0.018 / 0.030         0.018 / 0.030         0.018 / 0.030       ms
[290.169s][info][gc,stats    ]       Phase: Pause Relocate Start                          0.008 / 0.010         0.009 / 0.012         0.009 / 0.012         0.009 / 0.012       ms
[290.169s][info][gc,stats    ]    Subphase: Concurrent Classes Purge                      0.005 / 0.005         0.019 / 0.832         0.019 / 0.832         0.019 / 0.832       ms
[290.169s][info][gc,stats    ]    Subphase: Concurrent Classes Unlink                     0.686 / 0.730         0.680 / 4.025         0.680 / 4.025         0.680 / 4.025       ms
[290.169s][info][gc,stats    ]    Subphase: Concurrent Mark                              13.847 / 17.309       12.831 / 23.255       12.831 / 23.255       12.831 / 23.255      ms
[290.169s][info][gc,stats    ]    Subphase: Concurrent Mark Try Flush                     0.072 / 0.117         0.071 / 0.200         0.071 / 0.200         0.071 / 0.200       ms
[290.169s][info][gc,stats    ]    Subphase: Concurrent Mark Try Terminate                 9.476 / 14.786        7.961 / 16.635        7.961 / 16.635        7.961 / 16.635      ms
[290.169s][info][gc,stats    ]    Subphase: Concurrent References Enqueue                 0.000 / 0.001         0.000 / 0.004         0.000 / 0.004         0.000 / 0.004       ms
[290.169s][info][gc,stats    ]    Subphase: Concurrent References Process                 0.049 / 0.067         0.046 / 0.075         0.046 / 0.075         0.046 / 0.075       ms
[290.169s][info][gc,stats    ]    Subphase: Concurrent Roots ClassLoaderDataGraph         0.089 / 0.649         0.090 / 0.967         0.090 / 0.967         0.090 / 0.967       ms
[290.169s][info][gc,stats    ]    Subphase: Concurrent Roots CodeCache                    0.000 / 0.000         0.000 / 0.000         0.000 / 0.000         0.000 / 0.000       ms
[290.169s][info][gc,stats    ]    Subphase: Concurrent Roots JavaThreads                  0.580 / 1.090         0.556 / 7.350         0.556 / 7.350         0.556 / 7.350       ms
[290.169s][info][gc,stats    ]    Subphase: Concurrent Roots OopStorageSet                0.017 / 0.049         0.018 / 0.273         0.018 / 0.273         0.018 / 0.273       ms
[290.169s][info][gc,stats    ]    Subphase: Concurrent Weak Roots OopStorageSet           0.133 / 0.164         0.135 / 0.173         0.135 / 0.173         0.135 / 0.173       ms
[290.169s][info][gc,stats    ]    Subphase: Pause Mark Try Complete                       0.000 / 0.000         0.000 / 0.000         0.000 / 0.000         0.000 / 0.000       ms
[290.169s][info][gc,stats    ]      System: Java Threads                                     40 / 40               35 / 42               35 / 42               35 / 42          threads
[290.169s][info][gc,stats    ] =========================================================================================================================================================
[290.277s][info][gc,start    ] GC(181) Garbage Collection (Proactive)
[290.277s][info][gc,task     ] GC(181) Using 12 workers
[290.277s][info][gc,phases   ] GC(181) Pause Mark Start 0.020ms
[290.292s][info][gc,phases   ] GC(181) Concurrent Mark 15.142ms
[290.292s][info][gc,phases   ] GC(181) Pause Mark End 0.025ms
[290.292s][info][gc,phases   ] GC(181) Concurrent Mark Free 0.001ms
[290.294s][info][gc,phases   ] GC(181) Concurrent Process Non-Strong References 1.001ms
[290.294s][info][gc,phases   ] GC(181) Concurrent Reset Relocation Set 0.002ms
[290.301s][info][gc,phases   ] GC(181) Concurrent Select Relocation Set 7.156ms
[290.301s][info][gc,phases   ] GC(181) Pause Relocate Start 0.010ms
[290.304s][info][gc,phases   ] GC(181) Concurrent Relocate 3.340ms
[290.304s][info][gc,load     ] GC(181) Load: 0.00/0.00/0.00
[290.304s][info][gc,mmu      ] GC(181) MMU: 2ms/98.4%, 5ms/99.4%, 10ms/99.6%, 20ms/99.7%, 50ms/99.8%, 100ms/99.9%
[290.305s][info][gc,marking  ] GC(181) Mark: 8 stripe(s), 2 proactive flush(es), 1 terminate flush(es), 0 completion(s), 0 continuation(s) 
[290.305s][info][gc,marking  ] GC(181) Mark Stack Usage: 32M
[290.305s][info][gc,nmethod  ] GC(181) NMethods: 2013 registered, 394 unregistered
[290.305s][info][gc,metaspace] GC(181) Metaspace: 9M used, 10M committed, 1088M reserved
[290.305s][info][gc,ref      ] GC(181) Soft: 214 encountered, 0 discovered, 0 enqueued
[290.305s][info][gc,ref      ] GC(181) Weak: 815 encountered, 103 discovered, 0 enqueued
[290.305s][info][gc,ref      ] GC(181) Final: 0 encountered, 0 discovered, 0 enqueued
[290.305s][info][gc,ref      ] GC(181) Phantom: 27 encountered, 24 discovered, 0 enqueued
[290.305s][info][gc,reloc    ] GC(181) Small Pages: 269 / 538M, Empty: 364M, Relocated: 4M, In-Place: 0
[290.305s][info][gc,reloc    ] GC(181) Medium Pages: 0 / 0M, Empty: 0M, Relocated: 0M, In-Place: 0
[290.305s][info][gc,reloc    ] GC(181) Large Pages: 0 / 0M, Empty: 0M, Relocated: 0M, In-Place: 0
[290.305s][info][gc,reloc    ] GC(181) Forwarding Usage: 2M
[290.305s][info][gc,heap     ] GC(181) Min Capacity: 8M(0%)
[290.305s][info][gc,heap     ] GC(181) Max Capacity: 2048M(100%)
[290.305s][info][gc,heap     ] GC(181) Soft Max Capacity: 2048M(100%)
[290.305s][info][gc,heap     ] GC(181)                Mark Start          Mark End        Relocate Start      Relocate End           High               Low         
[290.305s][info][gc,heap     ] GC(181)  Capacity:     2048M (100%)       2048M (100%)       2048M (100%)       2048M (100%)       2048M (100%)       2048M (100%)   
[290.305s][info][gc,heap     ] GC(181)      Free:     1510M (74%)        1502M (73%)        1864M (91%)        2010M (98%)        2010M (98%)        1502M (73%)    
[290.305s][info][gc,heap     ] GC(181)      Used:      538M (26%)         546M (27%)         184M (9%)           38M (2%)          546M (27%)          38M (2%)     
[290.305s][info][gc,heap     ] GC(181)      Live:         -                 6M (0%)            6M (0%)            6M (0%)             -                  -          
[290.305s][info][gc,heap     ] GC(181) Allocated:         -                 8M (0%)           10M (0%)           11M (1%)             -                  -          
[290.305s][info][gc,heap     ] GC(181)   Garbage:         -               531M (26%)         167M (8%)           19M (1%)             -                  -          
[290.305s][info][gc,heap     ] GC(181) Reclaimed:         -                  -               364M (18%)         511M (25%)            -                  -          
[290.305s][info][gc          ] GC(181) Garbage Collection (Proactive) 538M(26%)->38M(2%)
[291.875s][info][gc,start    ] GC(182) Garbage Collection (Proactive)
[291.875s][info][gc,task     ] GC(182) Using 12 workers
[291.875s][info][gc,phases   ] GC(182) Pause Mark Start 0.018ms
[291.891s][info][gc,phases   ] GC(182) Concurrent Mark 15.188ms
[291.891s][info][gc,phases   ] GC(182) Pause Mark End 0.026ms
[291.891s][info][gc,phases   ] GC(182) Concurrent Mark Free 0.001ms
[291.892s][info][gc,phases   ] GC(182) Concurrent Process Non-Strong References 0.985ms
[291.892s][info][gc,phases   ] GC(182) Concurrent Reset Relocation Set 0.013ms
[291.899s][info][gc,phases   ] GC(182) Concurrent Select Relocation Set 7.324ms
[291.900s][info][gc,phases   ] GC(182) Pause Relocate Start 0.010ms
[291.903s][info][gc,phases   ] GC(182) Concurrent Relocate 3.402ms
[291.903s][info][gc,load     ] GC(182) Load: 0.00/0.00/0.00
[291.903s][info][gc,mmu      ] GC(182) MMU: 2ms/98.4%, 5ms/99.4%, 10ms/99.6%, 20ms/99.7%, 50ms/99.8%, 100ms/99.9%
[291.903s][info][gc,marking  ] GC(182) Mark: 8 stripe(s), 2 proactive flush(es), 1 terminate flush(es), 0 completion(s), 0 continuation(s) 
[291.903s][info][gc,marking  ] GC(182) Mark Stack Usage: 32M
[291.903s][info][gc,nmethod  ] GC(182) NMethods: 2013 registered, 394 unregistered
[291.903s][info][gc,metaspace] GC(182) Metaspace: 9M used, 10M committed, 1088M reserved
[291.903s][info][gc,ref      ] GC(182) Soft: 214 encountered, 0 discovered, 0 enqueued
[291.903s][info][gc,ref      ] GC(182) Weak: 815 encountered, 6 discovered, 0 enqueued
[291.903s][info][gc,ref      ] GC(182) Final: 0 encountered, 0 discovered, 0 enqueued
[291.903s][info][gc,ref      ] GC(182) Phantom: 27 encountered, 23 discovered, 0 enqueued
[291.904s][info][gc,reloc    ] GC(182) Small Pages: 263 / 526M, Empty: 380M, Relocated: 4M, In-Place: 0
[291.904s][info][gc,reloc    ] GC(182) Medium Pages: 0 / 0M, Empty: 0M, Relocated: 0M, In-Place: 0
[291.904s][info][gc,reloc    ] GC(182) Large Pages: 0 / 0M, Empty: 0M, Relocated: 0M, In-Place: 0
[291.904s][info][gc,reloc    ] GC(182) Forwarding Usage: 2M
[291.904s][info][gc,heap     ] GC(182) Min Capacity: 8M(0%)
[291.904s][info][gc,heap     ] GC(182) Max Capacity: 2048M(100%)
[291.904s][info][gc,heap     ] GC(182) Soft Max Capacity: 2048M(100%)
[291.904s][info][gc,heap     ] GC(182)                Mark Start          Mark End        Relocate Start      Relocate End           High               Low         
[291.904s][info][gc,heap     ] GC(182)  Capacity:     2048M (100%)       2048M (100%)       2048M (100%)       2048M (100%)       2048M (100%)       2048M (100%)   
[291.904s][info][gc,heap     ] GC(182)      Free:     1522M (74%)        1516M (74%)        1894M (92%)        2012M (98%)        2012M (98%)        1516M (74%)    
[291.904s][info][gc,heap     ] GC(182)      Used:      526M (26%)         532M (26%)         154M (8%)           36M (2%)          532M (26%)          36M (2%)     
[291.904s][info][gc,heap     ] GC(182)      Live:         -                 6M (0%)            6M (0%)            6M (0%)             -                  -          
[291.904s][info][gc,heap     ] GC(182) Allocated:         -                 6M (0%)            8M (0%)            9M (0%)             -                  -          
[291.904s][info][gc,heap     ] GC(182)   Garbage:         -               519M (25%)         139M (7%)           19M (1%)             -                  -          
[291.904s][info][gc,heap     ] GC(182) Reclaimed:         -                  -               380M (19%)         499M (24%)            -                  -          
[291.904s][info][gc          ] GC(182) Garbage Collection (Proactive) 526M(26%)->36M(2%)
[293.467s][info][gc,start    ] GC(183) Garbage Collection (Proactive)
[293.467s][info][gc,task     ] GC(183) Using 12 workers
[293.467s][info][gc,phases   ] GC(183) Pause Mark Start 0.018ms
[293.482s][info][gc,phases   ] GC(183) Concurrent Mark 15.150ms
[293.482s][info][gc,phases   ] GC(183) Pause Mark End 0.024ms
[293.483s][info][gc,phases   ] GC(183) Concurrent Mark Free 0.001ms
[293.484s][info][gc,phases   ] GC(183) Concurrent Process Non-Strong References 1.071ms
[293.484s][info][gc,phases   ] GC(183) Concurrent Reset Relocation Set 0.011ms
[293.488s][info][gc,phases   ] GC(183) Concurrent Select Relocation Set 3.803ms
[293.488s][info][gc,phases   ] GC(183) Pause Relocate Start 0.009ms
[293.493s][info][gc,phases   ] GC(183) Concurrent Relocate 5.248ms
[293.493s][info][gc,load     ] GC(183) Load: 0.00/0.00/0.00
[293.493s][info][gc,mmu      ] GC(183) MMU: 2ms/98.4%, 5ms/99.4%, 10ms/99.6%, 20ms/99.7%, 50ms/99.8%, 100ms/99.9%
[293.493s][info][gc,marking  ] GC(183) Mark: 8 stripe(s), 2 proactive flush(es), 1 terminate flush(es), 0 completion(s), 0 continuation(s) 
[293.493s][info][gc,marking  ] GC(183) Mark Stack Usage: 32M
[293.493s][info][gc,nmethod  ] GC(183) NMethods: 2013 registered, 394 unregistered
[293.493s][info][gc,metaspace] GC(183) Metaspace: 9M used, 10M committed, 1088M reserved
[293.493s][info][gc,ref      ] GC(183) Soft: 214 encountered, 0 discovered, 0 enqueued
[293.493s][info][gc,ref      ] GC(183) Weak: 815 encountered, 261 discovered, 0 enqueued
[293.493s][info][gc,ref      ] GC(183) Final: 0 encountered, 0 discovered, 0 enqueued
[293.493s][info][gc,ref      ] GC(183) Phantom: 27 encountered, 22 discovered, 0 enqueued
[293.493s][info][gc,reloc    ] GC(183) Small Pages: 257 / 514M, Empty: 446M, Relocated: 4M, In-Place: 0
[293.493s][info][gc,reloc    ] GC(183) Medium Pages: 0 / 0M, Empty: 0M, Relocated: 0M, In-Place: 0
[293.494s][info][gc,reloc    ] GC(183) Large Pages: 0 / 0M, Empty: 0M, Relocated: 0M, In-Place: 0
[293.494s][info][gc,reloc    ] GC(183) Forwarding Usage: 1M
[293.494s][info][gc,heap     ] GC(183) Min Capacity: 8M(0%)
[293.494s][info][gc,heap     ] GC(183) Max Capacity: 2048M(100%)
[293.494s][info][gc,heap     ] GC(183) Soft Max Capacity: 2048M(100%)
[293.494s][info][gc,heap     ] GC(183)                Mark Start          Mark End        Relocate Start      Relocate End           High               Low         
[293.494s][info][gc,heap     ] GC(183)  Capacity:     2048M (100%)       2048M (100%)       2048M (100%)       2048M (100%)       2048M (100%)       2048M (100%)   
[293.494s][info][gc,heap     ] GC(183)      Free:     1534M (75%)        1528M (75%)        1972M (96%)        2012M (98%)        2012M (98%)        1528M (75%)    
[293.494s][info][gc,heap     ] GC(183)      Used:      514M (25%)         520M (25%)          76M (4%)           36M (2%)          520M (25%)          36M (2%)     
[293.494s][info][gc,heap     ] GC(183)      Live:         -                 6M (0%)            6M (0%)            6M (0%)             -                  -          
[293.494s][info][gc,heap     ] GC(183) Allocated:         -                 6M (0%)            8M (0%)            9M (0%)             -                  -          
[293.494s][info][gc,heap     ] GC(183)   Garbage:         -               507M (25%)          61M (3%)           19M (1%)             -                  -          
[293.494s][info][gc,heap     ] GC(183) Reclaimed:         -                  -               446M (22%)         487M (24%)            -                  -          
[293.494s][info][gc          ] GC(183) Garbage Collection (Proactive) 514M(25%)->36M(2%)
[295.174s][info][gc,start    ] GC(184) Garbage Collection (Proactive)
[295.175s][info][gc,task     ] GC(184) Using 12 workers
[295.175s][info][gc,phases   ] GC(184) Pause Mark Start 0.018ms
[295.190s][info][gc,phases   ] GC(184) Concurrent Mark 15.178ms
[295.190s][info][gc,phases   ] GC(184) Pause Mark End 0.023ms
[295.190s][info][gc,phases   ] GC(184) Concurrent Mark Free 0.001ms
[295.191s][info][gc,phases   ] GC(184) Concurrent Process Non-Strong References 1.056ms
[295.191s][info][gc,phases   ] GC(184) Concurrent Reset Relocation Set 0.006ms
[295.195s][info][gc,phases   ] GC(184) Concurrent Select Relocation Set 3.935ms
[295.196s][info][gc,phases   ] GC(184) Pause Relocate Start 0.011ms
[295.199s][info][gc,phases   ] GC(184) Concurrent Relocate 3.316ms
[295.199s][info][gc,load     ] GC(184) Load: 0.00/0.00/0.00
[295.199s][info][gc,mmu      ] GC(184) MMU: 2ms/98.4%, 5ms/99.4%, 10ms/99.6%, 20ms/99.7%, 50ms/99.8%, 100ms/99.9%
[295.199s][info][gc,marking  ] GC(184) Mark: 8 stripe(s), 2 proactive flush(es), 1 terminate flush(es), 0 completion(s), 0 continuation(s) 
[295.199s][info][gc,marking  ] GC(184) Mark Stack Usage: 32M
[295.199s][info][gc,nmethod  ] GC(184) NMethods: 2013 registered, 394 unregistered
[295.199s][info][gc,metaspace] GC(184) Metaspace: 9M used, 10M committed, 1088M reserved
[295.199s][info][gc,ref      ] GC(184) Soft: 214 encountered, 0 discovered, 0 enqueued
[295.199s][info][gc,ref      ] GC(184) Weak: 815 encountered, 257 discovered, 0 enqueued
[295.199s][info][gc,ref      ] GC(184) Final: 0 encountered, 0 discovered, 0 enqueued
[295.199s][info][gc,ref      ] GC(184) Phantom: 27 encountered, 23 discovered, 0 enqueued
[295.199s][info][gc,reloc    ] GC(184) Small Pages: 299 / 598M, Empty: 472M, Relocated: 4M, In-Place: 0
[295.199s][info][gc,reloc    ] GC(184) Medium Pages: 0 / 0M, Empty: 0M, Relocated: 0M, In-Place: 0
[295.199s][info][gc,reloc    ] GC(184) Large Pages: 0 / 0M, Empty: 0M, Relocated: 0M, In-Place: 0
[295.200s][info][gc,reloc    ] GC(184) Forwarding Usage: 1M
[295.200s][info][gc,heap     ] GC(184) Min Capacity: 8M(0%)
[295.200s][info][gc,heap     ] GC(184) Max Capacity: 2048M(100%)
[295.200s][info][gc,heap     ] GC(184) Soft Max Capacity: 2048M(100%)
[295.200s][info][gc,heap     ] GC(184)                Mark Start          Mark End        Relocate Start      Relocate End           High               Low         
[295.200s][info][gc,heap     ] GC(184)  Capacity:     2048M (100%)       2048M (100%)       2048M (100%)       2048M (100%)       2048M (100%)       2048M (100%)   
[295.200s][info][gc,heap     ] GC(184)      Free:     1450M (71%)        1444M (71%)        1914M (93%)        2014M (98%)        2014M (98%)        1444M (71%)    
[295.200s][info][gc,heap     ] GC(184)      Used:      598M (29%)         604M (29%)         134M (7%)           34M (2%)          604M (29%)          34M (2%)     
[295.200s][info][gc,heap     ] GC(184)      Live:         -                 6M (0%)            6M (0%)            6M (0%)             -                  -          
[295.200s][info][gc,heap     ] GC(184) Allocated:         -                 6M (0%)            8M (0%)            7M (0%)             -                  -          
[295.200s][info][gc,heap     ] GC(184)   Garbage:         -               591M (29%)         119M (6%)           19M (1%)             -                  -          
[295.200s][info][gc,heap     ] GC(184) Reclaimed:         -                  -               472M (23%)         571M (28%)            -                  -          
[295.200s][info][gc          ] GC(184) Garbage Collection (Proactive) 598M(29%)->34M(2%)
[295.527s][info][gc,start    ] GC(185) Garbage Collection (System.gc())
[295.527s][info][gc,task     ] GC(185) Using 12 workers
[295.527s][info][gc,phases   ] GC(185) Pause Mark Start 0.017ms
[295.541s][info][gc,phases   ] GC(185) Concurrent Mark 13.566ms
[295.541s][info][gc,phases   ] GC(185) Pause Mark End 0.021ms
[295.541s][info][gc,phases   ] GC(185) Concurrent Mark Free 0.001ms
[295.542s][info][gc,phases   ] GC(185) Concurrent Process Non-Strong References 0.915ms
[295.542s][info][gc,phases   ] GC(185) Concurrent Reset Relocation Set 0.009ms
[295.546s][info][gc,phases   ] GC(185) Concurrent Select Relocation Set 3.800ms
[295.546s][info][gc,phases   ] GC(185) Pause Relocate Start 0.007ms
[295.549s][info][gc,phases   ] GC(185) Concurrent Relocate 2.937ms
[295.549s][info][gc,load     ] GC(185) Load: 0.00/0.00/0.00
[295.549s][info][gc,mmu      ] GC(185) MMU: 2ms/98.4%, 5ms/99.4%, 10ms/99.6%, 20ms/99.7%, 50ms/99.8%, 100ms/99.9%
[295.549s][info][gc,marking  ] GC(185) Mark: 8 stripe(s), 1 proactive flush(es), 1 terminate flush(es), 0 completion(s), 0 continuation(s) 
[295.549s][info][gc,marking  ] GC(185) Mark Stack Usage: 32M
[295.549s][info][gc,nmethod  ] GC(185) NMethods: 2014 registered, 395 unregistered
[295.549s][info][gc,metaspace] GC(185) Metaspace: 9M used, 10M committed, 1088M reserved
[295.549s][info][gc,ref      ] GC(185) Soft: 214 encountered, 0 discovered, 0 enqueued
[295.549s][info][gc,ref      ] GC(185) Weak: 815 encountered, 32 discovered, 0 enqueued
[295.549s][info][gc,ref      ] GC(185) Final: 0 encountered, 0 discovered, 0 enqueued
[295.549s][info][gc,ref      ] GC(185) Phantom: 27 encountered, 22 discovered, 0 enqueued
[295.549s][info][gc,reloc    ] GC(185) Small Pages: 69 / 138M, Empty: 120M, Relocated: 3M, In-Place: 0
[295.549s][info][gc,reloc    ] GC(185) Medium Pages: 0 / 0M, Empty: 0M, Relocated: 0M, In-Place: 0
[295.549s][info][gc,reloc    ] GC(185) Large Pages: 0 / 0M, Empty: 0M, Relocated: 0M, In-Place: 0
[295.549s][info][gc,reloc    ] GC(185) Forwarding Usage: 1M
[295.549s][info][gc,heap     ] GC(185) Min Capacity: 8M(0%)
[295.549s][info][gc,heap     ] GC(185) Max Capacity: 2048M(100%)
[295.549s][info][gc,heap     ] GC(185) Soft Max Capacity: 2048M(100%)
[295.549s][info][gc,heap     ] GC(185)                Mark Start          Mark End        Relocate Start      Relocate End           High               Low         
[295.549s][info][gc,heap     ] GC(185)  Capacity:     2048M (100%)       2048M (100%)       2048M (100%)       2048M (100%)       2048M (100%)       2048M (100%)   
[295.549s][info][gc,heap     ] GC(185)      Free:     1910M (93%)        1910M (93%)        2030M (99%)        2030M (99%)        2030M (99%)        1910M (93%)    
[295.549s][info][gc,heap     ] GC(185)      Used:      138M (7%)          138M (7%)           18M (1%)           18M (1%)          138M (7%)           18M (1%)     
[295.549s][info][gc,heap     ] GC(185)      Live:         -                 4M (0%)            4M (0%)            4M (0%)             -                  -          
[295.549s][info][gc,heap     ] GC(185) Allocated:         -                 0M (0%)            0M (0%)            0M (0%)             -                  -          
[295.549s][info][gc,heap     ] GC(185)   Garbage:         -               133M (6%)           13M (1%)           13M (1%)             -                  -          
[295.549s][info][gc,heap     ] GC(185) Reclaimed:         -                  -               120M (6%)          120M (6%)             -                  -          
[295.550s][info][gc          ] GC(185) Garbage Collection (System.gc()) 138M(7%)->18M(1%)
[296.976s][info][gc,start    ] GC(186) Garbage Collection (Proactive)
[296.976s][info][gc,task     ] GC(186) Using 12 workers
[296.977s][info][gc,phases   ] GC(186) Pause Mark Start 0.018ms
[296.992s][info][gc,phases   ] GC(186) Concurrent Mark 15.204ms
[296.992s][info][gc,phases   ] GC(186) Pause Mark End 0.023ms
[296.992s][info][gc,phases   ] GC(186) Concurrent Mark Free 0.001ms
[296.993s][info][gc,phases   ] GC(186) Concurrent Process Non-Strong References 1.065ms
[296.993s][info][gc,phases   ] GC(186) Concurrent Reset Relocation Set 0.002ms
[297.001s][info][gc,phases   ] GC(186) Concurrent Select Relocation Set 7.065ms
[297.001s][info][gc,phases   ] GC(186) Pause Relocate Start 0.009ms
[297.004s][info][gc,phases   ] GC(186) Concurrent Relocate 3.079ms
[297.004s][info][gc,load     ] GC(186) Load: 0.00/0.00/0.00
[297.004s][info][gc,mmu      ] GC(186) MMU: 2ms/98.4%, 5ms/99.4%, 10ms/99.6%, 20ms/99.7%, 50ms/99.8%, 100ms/99.9%
[297.004s][info][gc,marking  ] GC(186) Mark: 8 stripe(s), 3 proactive flush(es), 1 terminate flush(es), 0 completion(s), 0 continuation(s) 
[297.004s][info][gc,marking  ] GC(186) Mark Stack Usage: 32M
[297.004s][info][gc,nmethod  ] GC(186) NMethods: 2014 registered, 395 unregistered
[297.004s][info][gc,metaspace] GC(186) Metaspace: 9M used, 10M committed, 1088M reserved
[297.004s][info][gc,ref      ] GC(186) Soft: 214 encountered, 0 discovered, 0 enqueued
[297.004s][info][gc,ref      ] GC(186) Weak: 815 encountered, 31 discovered, 0 enqueued
[297.004s][info][gc,ref      ] GC(186) Final: 0 encountered, 0 discovered, 0 enqueued
[297.004s][info][gc,ref      ] GC(186) Phantom: 27 encountered, 21 discovered, 0 enqueued
[297.004s][info][gc,reloc    ] GC(186) Small Pages: 240 / 480M, Empty: 322M, Relocated: 4M, In-Place: 0
[297.004s][info][gc,reloc    ] GC(186) Medium Pages: 0 / 0M, Empty: 0M, Relocated: 0M, In-Place: 0
[297.004s][info][gc,reloc    ] GC(186) Large Pages: 0 / 0M, Empty: 0M, Relocated: 0M, In-Place: 0
[297.004s][info][gc,reloc    ] GC(186) Forwarding Usage: 2M
[297.004s][info][gc,heap     ] GC(186) Min Capacity: 8M(0%)
[297.004s][info][gc,heap     ] GC(186) Max Capacity: 2048M(100%)
[297.004s][info][gc,heap     ] GC(186) Soft Max Capacity: 2048M(100%)
[297.004s][info][gc,heap     ] GC(186)                Mark Start          Mark End        Relocate Start      Relocate End           High               Low         
[297.004s][info][gc,heap     ] GC(186)  Capacity:     2048M (100%)       2048M (100%)       2048M (100%)       2048M (100%)       2048M (100%)       2048M (100%)   
[297.004s][info][gc,heap     ] GC(186)      Free:     1568M (77%)        1562M (76%)        1880M (92%)        2012M (98%)        2012M (98%)        1562M (76%)    
[297.005s][info][gc,heap     ] GC(186)      Used:      480M (23%)         486M (24%)         168M (8%)           36M (2%)          486M (24%)          36M (2%)     
[297.005s][info][gc,heap     ] GC(186)      Live:         -                 6M (0%)            6M (0%)            6M (0%)             -                  -          
[297.005s][info][gc,heap     ] GC(186) Allocated:         -                 6M (0%)           10M (0%)            9M (0%)             -                  -          
[297.005s][info][gc,heap     ] GC(186)   Garbage:         -               473M (23%)         151M (7%)           19M (1%)             -                  -          
[297.005s][info][gc,heap     ] GC(186) Reclaimed:         -                  -               322M (16%)         453M (22%)            -                  -          
[297.005s][info][gc          ] GC(186) Garbage Collection (Proactive) 480M(23%)->36M(2%)
[298.669s][info][gc,start    ] GC(187) Garbage Collection (Proactive)
[298.669s][info][gc,task     ] GC(187) Using 12 workers
[298.669s][info][gc,phases   ] GC(187) Pause Mark Start 0.019ms
[298.684s][info][gc,phases   ] GC(187) Concurrent Mark 15.198ms
[298.685s][info][gc,phases   ] GC(187) Pause Mark End 0.024ms
[298.685s][info][gc,phases   ] GC(187) Concurrent Mark Free 0.001ms
[298.686s][info][gc,phases   ] GC(187) Concurrent Process Non-Strong References 1.000ms
[298.686s][info][gc,phases   ] GC(187) Concurrent Reset Relocation Set 0.012ms
[298.690s][info][gc,phases   ] GC(187) Concurrent Select Relocation Set 4.020ms
[298.690s][info][gc,phases   ] GC(187) Pause Relocate Start 0.010ms
[298.694s][info][gc,phases   ] GC(187) Concurrent Relocate 3.518ms
[298.694s][info][gc,load     ] GC(187) Load: 0.00/0.00/0.00
[298.694s][info][gc,mmu      ] GC(187) MMU: 2ms/98.4%, 5ms/99.4%, 10ms/99.6%, 20ms/99.7%, 50ms/99.8%, 100ms/99.9%
[298.694s][info][gc,marking  ] GC(187) Mark: 8 stripe(s), 2 proactive flush(es), 1 terminate flush(es), 0 completion(s), 0 continuation(s) 
[298.694s][info][gc,marking  ] GC(187) Mark Stack Usage: 32M
[298.694s][info][gc,nmethod  ] GC(187) NMethods: 2014 registered, 395 unregistered
[298.694s][info][gc,metaspace] GC(187) Metaspace: 9M used, 10M committed, 1088M reserved
[298.694s][info][gc,ref      ] GC(187) Soft: 214 encountered, 0 discovered, 0 enqueued
[298.694s][info][gc,ref      ] GC(187) Weak: 815 encountered, 24 discovered, 0 enqueued
[298.694s][info][gc,ref      ] GC(187) Final: 0 encountered, 0 discovered, 0 enqueued
[298.694s][info][gc,ref      ] GC(187) Phantom: 27 encountered, 24 discovered, 0 enqueued
[298.694s][info][gc,reloc    ] GC(187) Small Pages: 284 / 568M, Empty: 418M, Relocated: 4M, In-Place: 0
[298.694s][info][gc,reloc    ] GC(187) Medium Pages: 0 / 0M, Empty: 0M, Relocated: 0M, In-Place: 0
[298.694s][info][gc,reloc    ] GC(187) Large Pages: 0 / 0M, Empty: 0M, Relocated: 0M, In-Place: 0
[298.694s][info][gc,reloc    ] GC(187) Forwarding Usage: 1M
[298.694s][info][gc,heap     ] GC(187) Min Capacity: 8M(0%)
[298.694s][info][gc,heap     ] GC(187) Max Capacity: 2048M(100%)
[298.694s][info][gc,heap     ] GC(187) Soft Max Capacity: 2048M(100%)
[298.694s][info][gc,heap     ] GC(187)                Mark Start          Mark End        Relocate Start      Relocate End           High               Low         
[298.694s][info][gc,heap     ] GC(187)  Capacity:     2048M (100%)       2048M (100%)       2048M (100%)       2048M (100%)       2048M (100%)       2048M (100%)   
[298.694s][info][gc,heap     ] GC(187)      Free:     1480M (72%)        1474M (72%)        1890M (92%)        2012M (98%)        2012M (98%)        1472M (72%)    
[298.694s][info][gc,heap     ] GC(187)      Used:      568M (28%)         574M (28%)         158M (8%)           36M (2%)          576M (28%)          36M (2%)     
[298.694s][info][gc,heap     ] GC(187)      Live:         -                 6M (0%)            6M (0%)            6M (0%)             -                  -          
[298.694s][info][gc,heap     ] GC(187) Allocated:         -                 6M (0%)            8M (0%)            9M (0%)             -                  -          
[298.694s][info][gc,heap     ] GC(187)   Garbage:         -               561M (27%)         143M (7%)           19M (1%)             -                  -          
[298.694s][info][gc,heap     ] GC(187) Reclaimed:         -                  -               418M (20%)         541M (26%)            -                  -          
[298.695s][info][gc          ] GC(187) Garbage Collection (Proactive) 568M(28%)->36M(2%)
[300.167s][info][gc,stats    ] === Garbage Collection Statistics =======================================================================================================================
[300.167s][info][gc,stats    ]                                                              Last 10s              Last 10m              Last 10h                Total
[300.167s][info][gc,stats    ]                                                              Avg / Max             Avg / Max             Avg / Max             Avg / Max
[300.167s][info][gc,stats    ]   Collector: Garbage Collection Cycle                     25.990 / 28.204       25.890 / 57.424       25.890 / 57.424       25.890 / 57.424      ms
[300.167s][info][gc,stats    ]  Contention: Mark Segment Reset Contention                     1 / 5                 1 / 13                1 / 13                1 / 13          ops/s
[300.167s][info][gc,stats    ]  Contention: Mark SeqNum Reset Contention                      0 / 1                 0 / 2                 0 / 2                 0 / 2           ops/s
[300.167s][info][gc,stats    ]    Critical: Allocation Stall                                  0 / 0                 0 / 0                 0 / 0                 0 / 0           ops/s
[300.167s][info][gc,stats    ]    Critical: Allocation Stall                              0.000 / 0.000         0.000 / 0.000         0.000 / 0.000         0.000 / 0.000       ms
[300.167s][info][gc,stats    ]    Critical: GC Locker Stall                                   0 / 0                 0 / 0                 0 / 0                 0 / 0           ops/s
[300.167s][info][gc,stats    ]    Critical: GC Locker Stall                               0.000 / 0.000         0.000 / 0.000         0.000 / 0.000         0.000 / 0.000       ms
[300.167s][info][gc,stats    ]    Critical: Relocation Stall                                  0 / 0                 0 / 0                 0 / 0                 0 / 0           ops/s
[300.167s][info][gc,stats    ]    Critical: Relocation Stall                              0.000 / 0.000         0.000 / 0.000         0.000 / 0.000         0.000 / 0.000       ms
[300.167s][info][gc,stats    ]      Memory: Allocation Rate                                 325 / 344             321 / 344             321 / 344             321 / 344         MB/s
[300.167s][info][gc,stats    ]      Memory: Defragment                                        0 / 0                 0 / 0                 0 / 0                 0 / 0           ops/s
[300.167s][info][gc,stats    ]      Memory: Out Of Memory                                     0 / 0                 0 / 0                 0 / 0                 0 / 0           ops/s
[300.167s][info][gc,stats    ]      Memory: Page Cache Flush                                  0 / 0                 0 / 0                 0 / 0                 0 / 0           MB/s
[300.167s][info][gc,stats    ]      Memory: Page Cache Hit L1                               170 / 178             164 / 184             164 / 184             164 / 184         ops/s
[300.167s][info][gc,stats    ]      Memory: Page Cache Hit L2                                 0 / 0                 0 / 0                 0 / 0                 0 / 0           ops/s
[300.167s][info][gc,stats    ]      Memory: Page Cache Hit L3                                 0 / 0                 2 / 145               2 / 145               2 / 145         ops/s
[300.167s][info][gc,stats    ]      Memory: Page Cache Miss                                   0 / 0                 0 / 1                 0 / 1                 0 / 1           ops/s
[300.167s][info][gc,stats    ]      Memory: Uncommit                                          0 / 0                 0 / 0                 0 / 0                 0 / 0           MB/s
[300.167s][info][gc,stats    ]      Memory: Undo Object Allocation Failed                     0 / 1                 0 / 5                 0 / 5                 0 / 5           ops/s
[300.167s][info][gc,stats    ]      Memory: Undo Object Allocation Succeeded                  0 / 4                 0 / 4                 0 / 4                 0 / 4           ops/s
[300.167s][info][gc,stats    ]      Memory: Undo Page Allocation                              2 / 5                 1 / 6                 1 / 6                 1 / 6           ops/s
[300.168s][info][gc,stats    ]       Phase: Concurrent Mark                              14.946 / 15.204       14.781 / 30.725       14.781 / 30.725       14.781 / 30.725      ms
[300.168s][info][gc,stats    ]       Phase: Concurrent Mark Continue                      0.000 / 0.000         0.000 / 0.000         0.000 / 0.000         0.000 / 0.000       ms
[300.168s][info][gc,stats    ]       Phase: Concurrent Mark Free                          0.001 / 0.001         0.001 / 0.002         0.001 / 0.002         0.001 / 0.002       ms
[300.168s][info][gc,stats    ]       Phase: Concurrent Process Non-Strong References      1.013 / 1.071         1.004 / 5.203         1.004 / 5.203         1.004 / 5.203       ms
[300.168s][info][gc,stats    ]       Phase: Concurrent Relocate                           3.549 / 5.248         3.338 / 5.248         3.338 / 5.248         3.338 / 5.248       ms
[300.168s][info][gc,stats    ]       Phase: Concurrent Reset Relocation Set               0.008 / 0.013         0.008 / 0.016         0.008 / 0.016         0.008 / 0.016       ms
[300.168s][info][gc,stats    ]       Phase: Concurrent Select Relocation Set              5.300 / 7.324         5.276 / 15.037        5.276 / 15.037        5.276 / 15.037      ms
[300.168s][info][gc,stats    ]       Phase: Pause Mark End                                0.024 / 0.026         0.023 / 0.032         0.023 / 0.032         0.023 / 0.032       ms
[300.168s][info][gc,stats    ]       Phase: Pause Mark Start                              0.018 / 0.020         0.018 / 0.030         0.018 / 0.030         0.018 / 0.030       ms
[300.168s][info][gc,stats    ]       Phase: Pause Relocate Start                          0.009 / 0.011         0.009 / 0.012         0.009 / 0.012         0.009 / 0.012       ms
[300.168s][info][gc,stats    ]    Subphase: Concurrent Classes Purge                      0.007 / 0.019         0.019 / 0.832         0.019 / 0.832         0.019 / 0.832       ms
[300.168s][info][gc,stats    ]    Subphase: Concurrent Classes Unlink                     0.688 / 0.732         0.680 / 4.025         0.680 / 4.025         0.680 / 4.025       ms
[300.168s][info][gc,stats    ]    Subphase: Concurrent Mark                              13.095 / 14.201       12.840 / 23.255       12.840 / 23.255       12.840 / 23.255      ms
[300.168s][info][gc,stats    ]    Subphase: Concurrent Mark Try Flush                     0.077 / 0.107         0.072 / 0.200         0.072 / 0.200         0.072 / 0.200       ms
[300.168s][info][gc,stats    ]    Subphase: Concurrent Mark Try Terminate                 8.321 / 10.859        7.974 / 16.635        7.974 / 16.635        7.974 / 16.635      ms
[300.168s][info][gc,stats    ]    Subphase: Concurrent References Enqueue                 0.000 / 0.000         0.000 / 0.004         0.000 / 0.004         0.000 / 0.004       ms
[300.168s][info][gc,stats    ]    Subphase: Concurrent References Process                 0.045 / 0.073         0.046 / 0.075         0.046 / 0.075         0.046 / 0.075       ms
[300.168s][info][gc,stats    ]    Subphase: Concurrent Roots ClassLoaderDataGraph         0.081 / 0.644         0.089 / 0.967         0.089 / 0.967         0.089 / 0.967       ms
[300.168s][info][gc,stats    ]    Subphase: Concurrent Roots CodeCache                    0.000 / 0.000         0.000 / 0.000         0.000 / 0.000         0.000 / 0.000       ms
[300.168s][info][gc,stats    ]    Subphase: Concurrent Roots JavaThreads                  0.611 / 1.065         0.558 / 7.350         0.558 / 7.350         0.558 / 7.350       ms
[300.168s][info][gc,stats    ]    Subphase: Concurrent Roots OopStorageSet                0.016 / 0.053         0.018 / 0.273         0.018 / 0.273         0.018 / 0.273       ms
[300.168s][info][gc,stats    ]    Subphase: Concurrent Weak Roots OopStorageSet           0.137 / 0.168         0.135 / 0.173         0.135 / 0.173         0.135 / 0.173       ms
[300.168s][info][gc,stats    ]    Subphase: Pause Mark Try Complete                       0.000 / 0.000         0.000 / 0.000         0.000 / 0.000         0.000 / 0.000       ms
[300.168s][info][gc,stats    ]      System: Java Threads                                     40 / 40               35 / 42               35 / 42               35 / 42          threads
[300.168s][info][gc,stats    ] =========================================================================================================================================================
[300.267s][info][gc,start    ] GC(188) Garbage Collection (Proactive)
[300.267s][info][gc,task     ] GC(188) Using 12 workers
[300.268s][info][gc,phases   ] GC(188) Pause Mark Start 0.020ms
[300.283s][info][gc,phases   ] GC(188) Concurrent Mark 15.162ms
[300.283s][info][gc,phases   ] GC(188) Pause Mark End 0.023ms
[300.283s][info][gc,phases   ] GC(188) Concurrent Mark Free 0.001ms
[300.284s][info][gc,phases   ] GC(188) Concurrent Process Non-Strong References 0.981ms
[300.284s][info][gc,phases   ] GC(188) Concurrent Reset Relocation Set 0.012ms
[300.288s][info][gc,phases   ] GC(188) Concurrent Select Relocation Set 3.766ms
[300.288s][info][gc,phases   ] GC(188) Pause Relocate Start 0.009ms
[300.292s][info][gc,phases   ] GC(188) Concurrent Relocate 3.605ms
[300.292s][info][gc,load     ] GC(188) Load: 0.00/0.00/0.00
[300.292s][info][gc,mmu      ] GC(188) MMU: 2ms/98.4%, 5ms/99.4%, 10ms/99.6%, 20ms/99.7%, 50ms/99.8%, 100ms/99.9%
[300.292s][info][gc,marking  ] GC(188) Mark: 8 stripe(s), 2 proactive flush(es), 1 terminate flush(es), 0 completion(s), 0 continuation(s) 
[300.292s][info][gc,marking  ] GC(188) Mark Stack Usage: 32M
[300.292s][info][gc,nmethod  ] GC(188) NMethods: 2014 registered, 395 unregistered
[300.292s][info][gc,metaspace] GC(188) Metaspace: 9M used, 10M committed, 1088M reserved
[300.292s][info][gc,ref      ] GC(188) Soft: 214 encountered, 0 discovered, 0 enqueued
[300.292s][info][gc,ref      ] GC(188) Weak: 815 encountered, 98 discovered, 0 enqueued
[300.292s][info][gc,ref      ] GC(188) Final: 0 encountered, 0 discovered, 0 enqueued
[300.292s][info][gc,ref      ] GC(188) Phantom: 27 encountered, 24 discovered, 0 enqueued
[300.292s][info][gc,reloc    ] GC(188) Small Pages: 280 / 560M, Empty: 426M, Relocated: 4M, In-Place: 0
[300.292s][info][gc,reloc    ] GC(188) Medium Pages: 0 / 0M, Empty: 0M, Relocated: 0M, In-Place: 0
[300.292s][info][gc,reloc    ] GC(188) Large Pages: 0 / 0M, Empty: 0M, Relocated: 0M, In-Place: 0
[300.292s][info][gc,reloc    ] GC(188) Forwarding Usage: 1M
[300.292s][info][gc,heap     ] GC(188) Min Capacity: 8M(0%)
[300.293s][info][gc,heap     ] GC(188) Max Capacity: 2048M(100%)
[300.293s][info][gc,heap     ] GC(188) Soft Max Capacity: 2048M(100%)
[300.293s][info][gc,heap     ] GC(188)                Mark Start          Mark End        Relocate Start      Relocate End           High               Low         
[300.293s][info][gc,heap     ] GC(188)  Capacity:     2048M (100%)       2048M (100%)       2048M (100%)       2048M (100%)       2048M (100%)       2048M (100%)   
[300.293s][info][gc,heap     ] GC(188)      Free:     1488M (73%)        1482M (72%)        1906M (93%)        2012M (98%)        2012M (98%)        1482M (72%)    
[300.293s][info][gc,heap     ] GC(188)      Used:      560M (27%)         566M (28%)         142M (7%)           36M (2%)          566M (28%)          36M (2%)     
[300.293s][info][gc,heap     ] GC(188)      Live:         -                 6M (0%)            6M (0%)            6M (0%)             -                  -          
[300.293s][info][gc,heap     ] GC(188) Allocated:         -                 6M (0%)            8M (0%)            9M (0%)             -                  -          
[300.293s][info][gc,heap     ] GC(188)   Garbage:         -               553M (27%)         127M (6%)           19M (1%)             -                  -          
[300.293s][info][gc,heap     ] GC(188) Reclaimed:         -                  -               426M (21%)         533M (26%)            -                  -          
[300.293s][info][gc          ] GC(188) Garbage Collection (Proactive) 560M(27%)->36M(2%)
[301.157s][info][gc,heap     ] Uncommitted: 376M(18%)
[301.671s][info][gc,start    ] GC(189) Garbage Collection (Proactive)
[301.671s][info][gc,task     ] GC(189) Using 12 workers
[301.672s][info][gc,phases   ] GC(189) Pause Mark Start 0.018ms
[301.687s][info][gc,phases   ] GC(189) Concurrent Mark 15.180ms
[301.687s][info][gc,phases   ] GC(189) Pause Mark End 0.025ms
[301.687s][info][gc,phases   ] GC(189) Concurrent Mark Free 0.002ms
[301.688s][info][gc,phases   ] GC(189) Concurrent Process Non-Strong References 1.019ms
[301.688s][info][gc,phases   ] GC(189) Concurrent Reset Relocation Set 0.009ms
[301.692s][info][gc,phases   ] GC(189) Concurrent Select Relocation Set 3.875ms
[301.692s][info][gc,phases   ] GC(189) Pause Relocate Start 0.009ms
[301.696s][info][gc,phases   ] GC(189) Concurrent Relocate 3.816ms
[301.696s][info][gc,load     ] GC(189) Load: 0.00/0.00/0.00
[301.696s][info][gc,mmu      ] GC(189) MMU: 2ms/98.4%, 5ms/99.4%, 10ms/99.6%, 20ms/99.7%, 50ms/99.8%, 100ms/99.9%
[301.696s][info][gc,marking  ] GC(189) Mark: 8 stripe(s), 2 proactive flush(es), 1 terminate flush(es), 0 completion(s), 0 continuation(s) 
[301.696s][info][gc,marking  ] GC(189) Mark Stack Usage: 32M
[301.696s][info][gc,nmethod  ] GC(189) NMethods: 2014 registered, 395 unregistered
[301.697s][info][gc,metaspace] GC(189) Metaspace: 9M used, 10M committed, 1088M reserved
[301.697s][info][gc,ref      ] GC(189) Soft: 214 encountered, 0 discovered, 0 enqueued
[301.697s][info][gc,ref      ] GC(189) Weak: 815 encountered, 51 discovered, 0 enqueued
[301.697s][info][gc,ref      ] GC(189) Final: 0 encountered, 0 discovered, 0 enqueued
[301.697s][info][gc,ref      ] GC(189) Phantom: 27 encountered, 23 discovered, 0 enqueued
[301.697s][info][gc,reloc    ] GC(189) Small Pages: 237 / 474M, Empty: 384M, Relocated: 4M, In-Place: 0
[301.697s][info][gc,reloc    ] GC(189) Medium Pages: 0 / 0M, Empty: 0M, Relocated: 0M, In-Place: 0
[301.697s][info][gc,reloc    ] GC(189) Large Pages: 0 / 0M, Empty: 0M, Relocated: 0M, In-Place: 0
[301.697s][info][gc,reloc    ] GC(189) Forwarding Usage: 1M
[301.697s][info][gc,heap     ] GC(189) Min Capacity: 8M(0%)
[301.697s][info][gc,heap     ] GC(189) Max Capacity: 2048M(100%)
[301.697s][info][gc,heap     ] GC(189) Soft Max Capacity: 2048M(100%)
[301.697s][info][gc,heap     ] GC(189)                Mark Start          Mark End        Relocate Start      Relocate End           High               Low         
[301.697s][info][gc,heap     ] GC(189)  Capacity:     1672M (82%)        1672M (82%)        1672M (82%)        1672M (82%)        1672M (82%)        1672M (82%)    
[301.697s][info][gc,heap     ] GC(189)      Free:     1574M (77%)        1568M (77%)        1950M (95%)        2014M (98%)        2014M (98%)        1568M (77%)    
[301.697s][info][gc,heap     ] GC(189)      Used:      474M (23%)         480M (23%)          98M (5%)           34M (2%)          480M (23%)          34M (2%)     
[301.697s][info][gc,heap     ] GC(189)      Live:         -                 6M (0%)            6M (0%)            6M (0%)             -                  -          
[301.697s][info][gc,heap     ] GC(189) Allocated:         -                 6M (0%)            8M (0%)            7M (0%)             -                  -          
[301.697s][info][gc,heap     ] GC(189)   Garbage:         -               467M (23%)          83M (4%)           19M (1%)             -                  -          
[301.697s][info][gc,heap     ] GC(189) Reclaimed:         -                  -               384M (19%)         447M (22%)            -                  -          
[301.697s][info][gc          ] GC(189) Garbage Collection (Proactive) 474M(23%)->34M(2%)
[302.301s][info][gc,start    ] GC(190) Garbage Collection (System.gc())
[302.302s][info][gc,task     ] GC(190) Using 12 workers
[302.302s][info][gc,phases   ] GC(190) Pause Mark Start 0.018ms
[302.319s][info][gc,phases   ] GC(190) Concurrent Mark 16.818ms
[302.319s][info][gc,phases   ] GC(190) Pause Mark End 0.021ms
[302.319s][info][gc,phases   ] GC(190) Concurrent Mark Free 0.001ms
[302.320s][info][gc,phases   ] GC(190) Concurrent Process Non-Strong References 0.976ms
[302.320s][info][gc,phases   ] GC(190) Concurrent Reset Relocation Set 0.007ms
[302.324s][info][gc,phases   ] GC(190) Concurrent Select Relocation Set 3.826ms
[302.324s][info][gc,phases   ] GC(190) Pause Relocate Start 0.007ms
[302.327s][info][gc,phases   ] GC(190) Concurrent Relocate 2.926ms
[302.327s][info][gc,load     ] GC(190) Load: 0.00/0.00/0.00
[302.327s][info][gc,mmu      ] GC(190) MMU: 2ms/98.4%, 5ms/99.4%, 10ms/99.6%, 20ms/99.7%, 50ms/99.8%, 100ms/99.9%
[302.327s][info][gc,marking  ] GC(190) Mark: 8 stripe(s), 1 proactive flush(es), 1 terminate flush(es), 0 completion(s), 0 continuation(s) 
[302.327s][info][gc,marking  ] GC(190) Mark Stack Usage: 32M
[302.327s][info][gc,nmethod  ] GC(190) NMethods: 2014 registered, 395 unregistered
[302.327s][info][gc,metaspace] GC(190) Metaspace: 9M used, 10M committed, 1088M reserved
[302.327s][info][gc,ref      ] GC(190) Soft: 214 encountered, 0 discovered, 0 enqueued
[302.327s][info][gc,ref      ] GC(190) Weak: 815 encountered, 24 discovered, 0 enqueued
[302.327s][info][gc,ref      ] GC(190) Final: 0 encountered, 0 discovered, 0 enqueued
[302.327s][info][gc,ref      ] GC(190) Phantom: 27 encountered, 18 discovered, 0 enqueued
[302.327s][info][gc,reloc    ] GC(190) Small Pages: 111 / 222M, Empty: 202M, Relocated: 3M, In-Place: 0
[302.327s][info][gc,reloc    ] GC(190) Medium Pages: 0 / 0M, Empty: 0M, Relocated: 0M, In-Place: 0
[302.327s][info][gc,reloc    ] GC(190) Large Pages: 0 / 0M, Empty: 0M, Relocated: 0M, In-Place: 0
[302.327s][info][gc,reloc    ] GC(190) Forwarding Usage: 1M
[302.327s][info][gc,heap     ] GC(190) Min Capacity: 8M(0%)
[302.327s][info][gc,heap     ] GC(190) Max Capacity: 2048M(100%)
[302.327s][info][gc,heap     ] GC(190) Soft Max Capacity: 2048M(100%)
[302.327s][info][gc,heap     ] GC(190)                Mark Start          Mark End        Relocate Start      Relocate End           High               Low         
[302.327s][info][gc,heap     ] GC(190)  Capacity:     1672M (82%)        1672M (82%)        1672M (82%)        1672M (82%)        1672M (82%)        1672M (82%)    
[302.328s][info][gc,heap     ] GC(190)      Free:     1826M (89%)        1826M (89%)        2028M (99%)        2028M (99%)        2028M (99%)        1826M (89%)    
[302.328s][info][gc,heap     ] GC(190)      Used:      222M (11%)         222M (11%)          20M (1%)           20M (1%)          222M (11%)          20M (1%)     
[302.328s][info][gc,heap     ] GC(190)      Live:         -                 4M (0%)            4M (0%)            4M (0%)             -                  -          
[302.328s][info][gc,heap     ] GC(190) Allocated:         -                 0M (0%)            0M (0%)            0M (0%)             -                  -          
[302.328s][info][gc,heap     ] GC(190)   Garbage:         -               217M (11%)          15M (1%)           15M (1%)             -                  -          
[302.328s][info][gc,heap     ] GC(190) Reclaimed:         -                  -               202M (10%)         202M (10%)            -                  -          
[302.328s][info][gc          ] GC(190) Garbage Collection (System.gc()) 222M(11%)->20M(1%)
[303.676s][info][gc,start    ] GC(191) Garbage Collection (Proactive)
[303.676s][info][gc,task     ] GC(191) Using 12 workers
[303.676s][info][gc,phases   ] GC(191) Pause Mark Start 0.018ms
[303.692s][info][gc,phases   ] GC(191) Concurrent Mark 15.183ms
[303.692s][info][gc,phases   ] GC(191) Pause Mark End 0.024ms
[303.692s][info][gc,phases   ] GC(191) Concurrent Mark Free 0.001ms
[303.693s][info][gc,phases   ] GC(191) Concurrent Process Non-Strong References 1.039ms
[303.693s][info][gc,phases   ] GC(191) Concurrent Reset Relocation Set 0.001ms
[303.699s][info][gc,phases   ] GC(191) Concurrent Select Relocation Set 6.343ms
[303.700s][info][gc,phases   ] GC(191) Pause Relocate Start 0.009ms
[303.705s][info][gc,phases   ] GC(191) Concurrent Relocate 5.084ms
[303.705s][info][gc,load     ] GC(191) Load: 0.00/0.00/0.00
[303.705s][info][gc,mmu      ] GC(191) MMU: 2ms/98.4%, 5ms/99.4%, 10ms/99.6%, 20ms/99.7%, 50ms/99.8%, 100ms/99.9%
[303.705s][info][gc,marking  ] GC(191) Mark: 8 stripe(s), 3 proactive flush(es), 1 terminate flush(es), 0 completion(s), 0 continuation(s) 
[303.705s][info][gc,marking  ] GC(191) Mark Stack Usage: 32M
[303.705s][info][gc,nmethod  ] GC(191) NMethods: 2014 registered, 396 unregistered
[303.705s][info][gc,metaspace] GC(191) Metaspace: 9M used, 10M committed, 1088M reserved
[303.705s][info][gc,ref      ] GC(191) Soft: 214 encountered, 0 discovered, 0 enqueued
[303.705s][info][gc,ref      ] GC(191) Weak: 815 encountered, 178 discovered, 0 enqueued
[303.705s][info][gc,ref      ] GC(191) Final: 0 encountered, 0 discovered, 0 enqueued
[303.705s][info][gc,ref      ] GC(191) Phantom: 27 encountered, 14 discovered, 0 enqueued
[303.705s][info][gc,reloc    ] GC(191) Small Pages: 221 / 442M, Empty: 268M, Relocated: 4M, In-Place: 0
[303.705s][info][gc,reloc    ] GC(191) Medium Pages: 0 / 0M, Empty: 0M, Relocated: 0M, In-Place: 0
[303.705s][info][gc,reloc    ] GC(191) Large Pages: 0 / 0M, Empty: 0M, Relocated: 0M, In-Place: 0
[303.705s][info][gc,reloc    ] GC(191) Forwarding Usage: 2M
[303.705s][info][gc,heap     ] GC(191) Min Capacity: 8M(0%)
[303.705s][info][gc,heap     ] GC(191) Max Capacity: 2048M(100%)
[303.705s][info][gc,heap     ] GC(191) Soft Max Capacity: 2048M(100%)
[303.705s][info][gc,heap     ] GC(191)                Mark Start          Mark End        Relocate Start      Relocate End           High               Low         
[303.705s][info][gc,heap     ] GC(191)  Capacity:     1672M (82%)        1672M (82%)        1672M (82%)        1672M (82%)        1672M (82%)        1672M (82%)    
[303.705s][info][gc,heap     ] GC(191)      Free:     1606M (78%)        1600M (78%)        1866M (91%)        2012M (98%)        2012M (98%)        1598M (78%)    
[303.705s][info][gc,heap     ] GC(191)      Used:      442M (22%)         448M (22%)         182M (9%)           36M (2%)          450M (22%)          36M (2%)     
[303.705s][info][gc,heap     ] GC(191)      Live:         -                 6M (0%)            6M (0%)            6M (0%)             -                  -          
[303.705s][info][gc,heap     ] GC(191) Allocated:         -                 6M (0%)            8M (0%)            9M (0%)             -                  -          
[303.705s][info][gc,heap     ] GC(191)   Garbage:         -               435M (21%)         167M (8%)           19M (1%)             -                  -          
[303.706s][info][gc,heap     ] GC(191) Reclaimed:         -                  -               268M (13%)         415M (20%)            -                  -          
[303.706s][info][gc          ] GC(191) Garbage Collection (Proactive) 442M(22%)->36M(2%)
[305.379s][info][gc,start    ] GC(192) Garbage Collection (Proactive)
[305.379s][info][gc,task     ] GC(192) Using 12 workers
[305.379s][info][gc,phases   ] GC(192) Pause Mark Start 0.020ms
[305.394s][info][gc,phases   ] GC(192) Concurrent Mark 15.204ms
[305.394s][info][gc,phases   ] GC(192) Pause Mark End 0.025ms
[305.394s][info][gc,phases   ] GC(192) Concurrent Mark Free 0.001ms
[305.396s][info][gc,phases   ] GC(192) Concurrent Process Non-Strong References 1.004ms
[305.396s][info][gc,phases   ] GC(192) Concurrent Reset Relocation Set 0.012ms
[305.400s][info][gc,phases   ] GC(192) Concurrent Select Relocation Set 3.901ms
[305.400s][info][gc,phases   ] GC(192) Pause Relocate Start 0.009ms
[305.404s][info][gc,phases   ] GC(192) Concurrent Relocate 4.474ms
[305.404s][info][gc,load     ] GC(192) Load: 0.00/0.00/0.00
[305.404s][info][gc,mmu      ] GC(192) MMU: 2ms/98.4%, 5ms/99.4%, 10ms/99.6%, 20ms/99.7%, 50ms/99.8%, 100ms/99.9%
[305.404s][info][gc,marking  ] GC(192) Mark: 8 stripe(s), 2 proactive flush(es), 1 terminate flush(es), 0 completion(s), 0 continuation(s) 
[305.404s][info][gc,marking  ] GC(192) Mark Stack Usage: 32M
[305.404s][info][gc,nmethod  ] GC(192) NMethods: 2014 registered, 396 unregistered
[305.404s][info][gc,metaspace] GC(192) Metaspace: 9M used, 10M committed, 1088M reserved
[305.405s][info][gc,ref      ] GC(192) Soft: 214 encountered, 0 discovered, 0 enqueued
[305.405s][info][gc,ref      ] GC(192) Weak: 815 encountered, 40 discovered, 0 enqueued
[305.405s][info][gc,ref      ] GC(192) Final: 0 encountered, 0 discovered, 0 enqueued
[305.405s][info][gc,ref      ] GC(192) Phantom: 27 encountered, 22 discovered, 0 enqueued
[305.405s][info][gc,reloc    ] GC(192) Small Pages: 278 / 556M, Empty: 392M, Relocated: 4M, In-Place: 0
[305.405s][info][gc,reloc    ] GC(192) Medium Pages: 0 / 0M, Empty: 0M, Relocated: 0M, In-Place: 0
[305.405s][info][gc,reloc    ] GC(192) Large Pages: 0 / 0M, Empty: 0M, Relocated: 0M, In-Place: 0
[305.405s][info][gc,reloc    ] GC(192) Forwarding Usage: 2M
[305.405s][info][gc,heap     ] GC(192) Min Capacity: 8M(0%)
[305.405s][info][gc,heap     ] GC(192) Max Capacity: 2048M(100%)
[305.405s][info][gc,heap     ] GC(192) Soft Max Capacity: 2048M(100%)
[305.405s][info][gc,heap     ] GC(192)                Mark Start          Mark End        Relocate Start      Relocate End           High               Low         
[305.405s][info][gc,heap     ] GC(192)  Capacity:     1672M (82%)        1672M (82%)        1672M (82%)        1672M (82%)        1672M (82%)        1672M (82%)    
[305.405s][info][gc,heap     ] GC(192)      Free:     1492M (73%)        1486M (73%)        1876M (92%)        2012M (98%)        2012M (98%)        1486M (73%)    
[305.405s][info][gc,heap     ] GC(192)      Used:      556M (27%)         562M (27%)         172M (8%)           36M (2%)          562M (27%)          36M (2%)     
[305.405s][info][gc,heap     ] GC(192)      Live:         -                 6M (0%)            6M (0%)            6M (0%)             -                  -          
[305.405s][info][gc,heap     ] GC(192) Allocated:         -                 6M (0%)            8M (0%)            9M (0%)             -                  -          
[305.405s][info][gc,heap     ] GC(192)   Garbage:         -               549M (27%)         157M (8%)           19M (1%)             -                  -          
[305.405s][info][gc,heap     ] GC(192) Reclaimed:         -                  -               392M (19%)         529M (26%)            -                  -          
[305.405s][info][gc          ] GC(192) Garbage Collection (Proactive) 556M(27%)->36M(2%)
[306.972s][info][gc,start    ] GC(193) Garbage Collection (Proactive)
[306.972s][info][gc,task     ] GC(193) Using 12 workers
[306.972s][info][gc,phases   ] GC(193) Pause Mark Start 0.017ms
[306.988s][info][gc,phases   ] GC(193) Concurrent Mark 15.205ms
[306.988s][info][gc,phases   ] GC(193) Pause Mark End 0.024ms
[306.988s][info][gc,phases   ] GC(193) Concurrent Mark Free 0.001ms
[306.989s][info][gc,phases   ] GC(193) Concurrent Process Non-Strong References 1.027ms
[306.989s][info][gc,phases   ] GC(193) Concurrent Reset Relocation Set 0.012ms
[306.996s][info][gc,phases   ] GC(193) Concurrent Select Relocation Set 7.426ms
[306.997s][info][gc,phases   ] GC(193) Pause Relocate Start 0.008ms
[307.000s][info][gc,phases   ] GC(193) Concurrent Relocate 3.364ms
[307.000s][info][gc,load     ] GC(193) Load: 0.00/0.00/0.00
[307.000s][info][gc,mmu      ] GC(193) MMU: 2ms/98.4%, 5ms/99.4%, 10ms/99.6%, 20ms/99.7%, 50ms/99.8%, 100ms/99.9%
[307.000s][info][gc,marking  ] GC(193) Mark: 8 stripe(s), 2 proactive flush(es), 1 terminate flush(es), 0 completion(s), 0 continuation(s) 
[307.000s][info][gc,marking  ] GC(193) Mark Stack Usage: 32M
[307.000s][info][gc,nmethod  ] GC(193) NMethods: 2014 registered, 396 unregistered
[307.000s][info][gc,metaspace] GC(193) Metaspace: 9M used, 10M committed, 1088M reserved
[307.000s][info][gc,ref      ] GC(193) Soft: 214 encountered, 0 discovered, 0 enqueued
[307.000s][info][gc,ref      ] GC(193) Weak: 815 encountered, 134 discovered, 0 enqueued
[307.000s][info][gc,ref      ] GC(193) Final: 0 encountered, 0 discovered, 0 enqueued
[307.000s][info][gc,ref      ] GC(193) Phantom: 27 encountered, 24 discovered, 0 enqueued
[307.000s][info][gc,reloc    ] GC(193) Small Pages: 259 / 518M, Empty: 416M, Relocated: 5M, In-Place: 0
[307.000s][info][gc,reloc    ] GC(193) Medium Pages: 0 / 0M, Empty: 0M, Relocated: 0M, In-Place: 0
[307.000s][info][gc,reloc    ] GC(193) Large Pages: 0 / 0M, Empty: 0M, Relocated: 0M, In-Place: 0
[307.000s][info][gc,reloc    ] GC(193) Forwarding Usage: 2M
[307.000s][info][gc,heap     ] GC(193) Min Capacity: 8M(0%)
[307.000s][info][gc,heap     ] GC(193) Max Capacity: 2048M(100%)
[307.000s][info][gc,heap     ] GC(193) Soft Max Capacity: 2048M(100%)
[307.000s][info][gc,heap     ] GC(193)                Mark Start          Mark End        Relocate Start      Relocate End           High               Low         
[307.000s][info][gc,heap     ] GC(193)  Capacity:     1672M (82%)        1672M (82%)        1672M (82%)        1672M (82%)        1672M (82%)        1672M (82%)    
[307.000s][info][gc,heap     ] GC(193)      Free:     1530M (75%)        1524M (74%)        1938M (95%)        2012M (98%)        2012M (98%)        1524M (74%)    
[307.001s][info][gc,heap     ] GC(193)      Used:      518M (25%)         524M (26%)         110M (5%)           36M (2%)          524M (26%)          36M (2%)     
[307.001s][info][gc,heap     ] GC(193)      Live:         -                 6M (0%)            6M (0%)            6M (0%)             -                  -          
[307.001s][info][gc,heap     ] GC(193) Allocated:         -                 6M (0%)            8M (0%)            9M (0%)             -                  -          
[307.001s][info][gc,heap     ] GC(193)   Garbage:         -               511M (25%)          95M (5%)           19M (1%)             -                  -          
[307.001s][info][gc,heap     ] GC(193) Reclaimed:         -                  -               416M (20%)         491M (24%)            -                  -          
[307.001s][info][gc          ] GC(193) Garbage Collection (Proactive) 518M(25%)->36M(2%)
[308.776s][info][gc,start    ] GC(194) Garbage Collection (Proactive)
[308.776s][info][gc,task     ] GC(194) Using 12 workers
[308.776s][info][gc,phases   ] GC(194) Pause Mark Start 0.018ms
[308.791s][info][gc,phases   ] GC(194) Concurrent Mark 15.180ms
[308.792s][info][gc,phases   ] GC(194) Pause Mark End 0.026ms
[308.792s][info][gc,phases   ] GC(194) Concurrent Mark Free 0.001ms
[308.793s][info][gc,phases   ] GC(194) Concurrent Process Non-Strong References 1.008ms
[308.793s][info][gc,phases   ] GC(194) Concurrent Reset Relocation Set 0.007ms
[308.801s][info][gc,phases   ] GC(194) Concurrent Select Relocation Set 7.594ms
[308.801s][info][gc,phases   ] GC(194) Pause Relocate Start 0.010ms
[308.804s][info][gc,phases   ] GC(194) Concurrent Relocate 3.594ms
[308.804s][info][gc,load     ] GC(194) Load: 0.00/0.00/0.00
[308.805s][info][gc,mmu      ] GC(194) MMU: 2ms/98.4%, 5ms/99.4%, 10ms/99.6%, 20ms/99.7%, 50ms/99.8%, 100ms/99.9%
[308.805s][info][gc,marking  ] GC(194) Mark: 8 stripe(s), 2 proactive flush(es), 1 terminate flush(es), 0 completion(s), 0 continuation(s) 
[308.805s][info][gc,marking  ] GC(194) Mark Stack Usage: 32M
[308.805s][info][gc,nmethod  ] GC(194) NMethods: 2014 registered, 396 unregistered
[308.805s][info][gc,metaspace] GC(194) Metaspace: 9M used, 10M committed, 1088M reserved
[308.805s][info][gc,ref      ] GC(194) Soft: 214 encountered, 0 discovered, 0 enqueued
[308.805s][info][gc,ref      ] GC(194) Weak: 815 encountered, 58 discovered, 0 enqueued
[308.805s][info][gc,ref      ] GC(194) Final: 0 encountered, 0 discovered, 0 enqueued
[308.805s][info][gc,ref      ] GC(194) Phantom: 27 encountered, 19 discovered, 0 enqueued
[308.805s][info][gc,reloc    ] GC(194) Small Pages: 296 / 592M, Empty: 494M, Relocated: 5M, In-Place: 0
[308.805s][info][gc,reloc    ] GC(194) Medium Pages: 0 / 0M, Empty: 0M, Relocated: 0M, In-Place: 0
[308.805s][info][gc,reloc    ] GC(194) Large Pages: 0 / 0M, Empty: 0M, Relocated: 0M, In-Place: 0
[308.805s][info][gc,reloc    ] GC(194) Forwarding Usage: 2M
[308.805s][info][gc,heap     ] GC(194) Min Capacity: 8M(0%)
[308.805s][info][gc,heap     ] GC(194) Max Capacity: 2048M(100%)
[308.805s][info][gc,heap     ] GC(194) Soft Max Capacity: 2048M(100%)
[308.805s][info][gc,heap     ] GC(194)                Mark Start          Mark End        Relocate Start      Relocate End           High               Low         
[308.805s][info][gc,heap     ] GC(194)  Capacity:     1672M (82%)        1672M (82%)        1672M (82%)        1672M (82%)        1672M (82%)        1672M (82%)    
[308.805s][info][gc,heap     ] GC(194)      Free:     1456M (71%)        1450M (71%)        1942M (95%)        2012M (98%)        2012M (98%)        1450M (71%)    
[308.805s][info][gc,heap     ] GC(194)      Used:      592M (29%)         598M (29%)         106M (5%)           36M (2%)          598M (29%)          36M (2%)     
[308.805s][info][gc,heap     ] GC(194)      Live:         -                 6M (0%)            6M (0%)            6M (0%)             -                  -          
[308.805s][info][gc,heap     ] GC(194) Allocated:         -                 6M (0%)            8M (0%)            9M (0%)             -                  -          
[308.805s][info][gc,heap     ] GC(194)   Garbage:         -               585M (29%)          91M (4%)           19M (1%)             -                  -          
[308.805s][info][gc,heap     ] GC(194) Reclaimed:         -                  -               494M (24%)         565M (28%)            -                  -          
[308.805s][info][gc          ] GC(194) Garbage Collection (Proactive) 592M(29%)->36M(2%)
[309.321s][info][gc,start    ] GC(195) Garbage Collection (System.gc())
[309.321s][info][gc,task     ] GC(195) Using 12 workers
[309.321s][info][gc,phases   ] GC(195) Pause Mark Start 0.017ms
[309.338s][info][gc,phases   ] GC(195) Concurrent Mark 17.136ms
[309.338s][info][gc,phases   ] GC(195) Pause Mark End 0.019ms
[309.338s][info][gc,phases   ] GC(195) Concurrent Mark Free 0.001ms
[309.339s][info][gc,phases   ] GC(195) Concurrent Process Non-Strong References 0.904ms
[309.339s][info][gc,phases   ] GC(195) Concurrent Reset Relocation Set 0.007ms
[309.343s][info][gc,phases   ] GC(195) Concurrent Select Relocation Set 3.905ms
[309.343s][info][gc,phases   ] GC(195) Pause Relocate Start 0.006ms
[309.348s][info][gc,phases   ] GC(195) Concurrent Relocate 4.542ms
[309.348s][info][gc,load     ] GC(195) Load: 0.00/0.00/0.00
[309.348s][info][gc,mmu      ] GC(195) MMU: 2ms/98.4%, 5ms/99.4%, 10ms/99.6%, 20ms/99.7%, 50ms/99.8%, 100ms/99.9%
[309.348s][info][gc,marking  ] GC(195) Mark: 8 stripe(s), 2 proactive flush(es), 1 terminate flush(es), 0 completion(s), 0 continuation(s) 
[309.348s][info][gc,marking  ] GC(195) Mark Stack Usage: 32M
[309.348s][info][gc,nmethod  ] GC(195) NMethods: 2014 registered, 396 unregistered
[309.348s][info][gc,metaspace] GC(195) Metaspace: 9M used, 10M committed, 1088M reserved
[309.348s][info][gc,ref      ] GC(195) Soft: 214 encountered, 0 discovered, 0 enqueued
[309.348s][info][gc,ref      ] GC(195) Weak: 815 encountered, 137 discovered, 0 enqueued
[309.348s][info][gc,ref      ] GC(195) Final: 0 encountered, 0 discovered, 0 enqueued
[309.348s][info][gc,ref      ] GC(195) Phantom: 27 encountered, 16 discovered, 0 enqueued
[309.348s][info][gc,reloc    ] GC(195) Small Pages: 99 / 198M, Empty: 174M, Relocated: 3M, In-Place: 0
[309.348s][info][gc,reloc    ] GC(195) Medium Pages: 0 / 0M, Empty: 0M, Relocated: 0M, In-Place: 0
[309.348s][info][gc,reloc    ] GC(195) Large Pages: 0 / 0M, Empty: 0M, Relocated: 0M, In-Place: 0
[309.349s][info][gc,reloc    ] GC(195) Forwarding Usage: 1M
[309.349s][info][gc,heap     ] GC(195) Min Capacity: 8M(0%)
[309.349s][info][gc,heap     ] GC(195) Max Capacity: 2048M(100%)
[309.349s][info][gc,heap     ] GC(195) Soft Max Capacity: 2048M(100%)
[309.349s][info][gc,heap     ] GC(195)                Mark Start          Mark End        Relocate Start      Relocate End           High               Low         
[309.349s][info][gc,heap     ] GC(195)  Capacity:     1672M (82%)        1672M (82%)        1672M (82%)        1672M (82%)        1672M (82%)        1672M (82%)    
[309.349s][info][gc,heap     ] GC(195)      Free:     1850M (90%)        1850M (90%)        2024M (99%)        2024M (99%)        2024M (99%)        1850M (90%)    
[309.349s][info][gc,heap     ] GC(195)      Used:      198M (10%)         198M (10%)          24M (1%)           24M (1%)          198M (10%)          24M (1%)     
[309.349s][info][gc,heap     ] GC(195)      Live:         -                 4M (0%)            4M (0%)            4M (0%)             -                  -          
[309.349s][info][gc,heap     ] GC(195) Allocated:         -                 0M (0%)            0M (0%)            0M (0%)             -                  -          
[309.349s][info][gc,heap     ] GC(195)   Garbage:         -               193M (9%)           19M (1%)           19M (1%)             -                  -          
[309.349s][info][gc,heap     ] GC(195) Reclaimed:         -                  -               174M (8%)          174M (8%)             -                  -          
[309.349s][info][gc          ] GC(195) Garbage Collection (System.gc()) 198M(10%)->24M(1%)
[310.166s][info][gc,stats    ] === Garbage Collection Statistics =======================================================================================================================
[310.166s][info][gc,stats    ]                                                              Last 10s              Last 10m              Last 10h                Total
[310.166s][info][gc,stats    ]                                                              Avg / Max             Avg / Max             Avg / Max             Avg / Max
[310.166s][info][gc,stats    ]   Collector: Garbage Collection Cycle                     26.784 / 28.869       25.927 / 57.424       25.927 / 57.424       25.927 / 57.424      ms
[310.166s][info][gc,stats    ]  Contention: Mark Segment Reset Contention                     1 / 4                 1 / 13                1 / 13                1 / 13          ops/s
[310.166s][info][gc,stats    ]  Contention: Mark SeqNum Reset Contention                      0 / 1                 0 / 2                 0 / 2                 0 / 2           ops/s
[310.166s][info][gc,stats    ]    Critical: Allocation Stall                                  0 / 0                 0 / 0                 0 / 0                 0 / 0           ops/s
[310.167s][info][gc,stats    ]    Critical: Allocation Stall                              0.000 / 0.000         0.000 / 0.000         0.000 / 0.000         0.000 / 0.000       ms
[310.167s][info][gc,stats    ]    Critical: GC Locker Stall                                   0 / 0                 0 / 0                 0 / 0                 0 / 0           ops/s
[310.167s][info][gc,stats    ]    Critical: GC Locker Stall                               0.000 / 0.000         0.000 / 0.000         0.000 / 0.000         0.000 / 0.000       ms
[310.167s][info][gc,stats    ]    Critical: Relocation Stall                                  0 / 0                 0 / 0                 0 / 0                 0 / 0           ops/s
[310.167s][info][gc,stats    ]    Critical: Relocation Stall                              0.000 / 0.000         0.000 / 0.000         0.000 / 0.000         0.000 / 0.000       ms
[310.167s][info][gc,stats    ]      Memory: Allocation Rate                                 315 / 324             321 / 344             321 / 344             321 / 344         MB/s
[310.167s][info][gc,stats    ]      Memory: Defragment                                        0 / 0                 0 / 0                 0 / 0                 0 / 0           ops/s
[310.167s][info][gc,stats    ]      Memory: Out Of Memory                                     0 / 0                 0 / 0                 0 / 0                 0 / 0           ops/s
[310.167s][info][gc,stats    ]      Memory: Page Cache Flush                                  0 / 0                 0 / 0                 0 / 0                 0 / 0           MB/s
[310.167s][info][gc,stats    ]      Memory: Page Cache Hit L1                               166 / 174             165 / 184             165 / 184             165 / 184         ops/s
[310.167s][info][gc,stats    ]      Memory: Page Cache Hit L2                                 0 / 0                 0 / 0                 0 / 0                 0 / 0           ops/s
[310.167s][info][gc,stats    ]      Memory: Page Cache Hit L3                                 0 / 0                 2 / 145               2 / 145               2 / 145         ops/s
[310.167s][info][gc,stats    ]      Memory: Page Cache Miss                                   0 / 0                 0 / 1                 0 / 1                 0 / 1           ops/s
[310.167s][info][gc,stats    ]      Memory: Uncommit                                         37 / 376               1 / 376               1 / 376               1 / 376         MB/s
[310.167s][info][gc,stats    ]      Memory: Undo Object Allocation Failed                     0 / 0                 0 / 5                 0 / 5                 0 / 5           ops/s
[310.167s][info][gc,stats    ]      Memory: Undo Object Allocation Succeeded                  0 / 2                 0 / 4                 0 / 4                 0 / 4           ops/s
[310.167s][info][gc,stats    ]      Memory: Undo Page Allocation                              1 / 4                 1 / 6                 1 / 6                 1 / 6           ops/s
[310.167s][info][gc,stats    ]       Phase: Concurrent Mark                              15.634 / 17.136       14.816 / 30.725       14.816 / 30.725       14.816 / 30.725      ms
[310.167s][info][gc,stats    ]       Phase: Concurrent Mark Continue                      0.000 / 0.000         0.000 / 0.000         0.000 / 0.000         0.000 / 0.000       ms
[310.167s][info][gc,stats    ]       Phase: Concurrent Mark Free                          0.001 / 0.002         0.001 / 0.002         0.001 / 0.002         0.001 / 0.002       ms
[310.167s][info][gc,stats    ]       Phase: Concurrent Process Non-Strong References      0.995 / 1.039         1.003 / 5.203         1.003 / 5.203         1.003 / 5.203       ms
[310.167s][info][gc,stats    ]       Phase: Concurrent Relocate                           3.925 / 5.084         3.362 / 5.248         3.362 / 5.248         3.362 / 5.248       ms
[310.167s][info][gc,stats    ]       Phase: Concurrent Reset Relocation Set               0.009 / 0.012         0.008 / 0.016         0.008 / 0.016         0.008 / 0.016       ms
[310.167s][info][gc,stats    ]       Phase: Concurrent Select Relocation Set              5.079 / 7.594         5.268 / 15.037        5.268 / 15.037        5.268 / 15.037      ms
[310.167s][info][gc,stats    ]       Phase: Pause Mark End                                0.023 / 0.026         0.023 / 0.032         0.023 / 0.032         0.023 / 0.032       ms
[310.167s][info][gc,stats    ]       Phase: Pause Mark Start                              0.018 / 0.020         0.018 / 0.030         0.018 / 0.030         0.018 / 0.030       ms
[310.168s][info][gc,stats    ]       Phase: Pause Relocate Start                          0.009 / 0.010         0.009 / 0.012         0.009 / 0.012         0.009 / 0.012       ms
[310.168s][info][gc,stats    ]    Subphase: Concurrent Classes Purge                      0.006 / 0.017         0.018 / 0.832         0.018 / 0.832         0.018 / 0.832       ms
[310.168s][info][gc,stats    ]    Subphase: Concurrent Classes Unlink                     0.683 / 0.724         0.680 / 4.025         0.680 / 4.025         0.680 / 4.025       ms
[310.168s][info][gc,stats    ]    Subphase: Concurrent Mark                              13.713 / 16.060       12.876 / 23.255       12.876 / 23.255       12.876 / 23.255      ms
[310.168s][info][gc,stats    ]    Subphase: Concurrent Mark Try Flush                     0.080 / 0.118         0.072 / 0.200         0.072 / 0.200         0.072 / 0.200       ms
[310.168s][info][gc,stats    ]    Subphase: Concurrent Mark Try Terminate                 9.141 / 13.884        8.021 / 16.635        8.021 / 16.635        8.021 / 16.635      ms
[310.168s][info][gc,stats    ]    Subphase: Concurrent References Enqueue                 0.000 / 0.000         0.000 / 0.004         0.000 / 0.004         0.000 / 0.004       ms
[310.168s][info][gc,stats    ]    Subphase: Concurrent References Process                 0.045 / 0.057         0.046 / 0.075         0.046 / 0.075         0.046 / 0.075       ms
[310.168s][info][gc,stats    ]    Subphase: Concurrent Roots ClassLoaderDataGraph         0.083 / 0.668         0.089 / 0.967         0.089 / 0.967         0.089 / 0.967       ms
[310.168s][info][gc,stats    ]    Subphase: Concurrent Roots CodeCache                    0.000 / 0.000         0.000 / 0.000         0.000 / 0.000         0.000 / 0.000       ms
[310.168s][info][gc,stats    ]    Subphase: Concurrent Roots JavaThreads                  0.587 / 1.131         0.559 / 7.350         0.559 / 7.350         0.559 / 7.350       ms
[310.168s][info][gc,stats    ]    Subphase: Concurrent Roots OopStorageSet                0.016 / 0.050         0.018 / 0.273         0.018 / 0.273         0.018 / 0.273       ms
[310.168s][info][gc,stats    ]    Subphase: Concurrent Weak Roots OopStorageSet           0.135 / 0.164         0.135 / 0.173         0.135 / 0.173         0.135 / 0.173       ms
[310.168s][info][gc,stats    ]    Subphase: Pause Mark Try Complete                       0.000 / 0.000         0.000 / 0.000         0.000 / 0.000         0.000 / 0.000       ms
[310.168s][info][gc,stats    ]      System: Java Threads                                     40 / 40               35 / 42               35 / 42               35 / 42          threads
[310.168s][info][gc,stats    ] =========================================================================================================================================================
[311.275s][info][gc,start    ] GC(196) Garbage Collection (Proactive)
[311.275s][info][gc,task     ] GC(196) Using 12 workers
[311.276s][info][gc,phases   ] GC(196) Pause Mark Start 0.019ms
[311.291s][info][gc,phases   ] GC(196) Concurrent Mark 15.150ms
[311.291s][info][gc,phases   ] GC(196) Pause Mark End 0.023ms
[311.291s][info][gc,phases   ] GC(196) Concurrent Mark Free 0.001ms
[311.292s][info][gc,phases   ] GC(196) Concurrent Process Non-Strong References 1.044ms
[311.292s][info][gc,phases   ] GC(196) Concurrent Reset Relocation Set 0.002ms
[311.299s][info][gc,phases   ] GC(196) Concurrent Select Relocation Set 6.952ms
[311.299s][info][gc,phases   ] GC(196) Pause Relocate Start 0.009ms
[311.303s][info][gc,phases   ] GC(196) Concurrent Relocate 3.887ms
[311.304s][info][gc,load     ] GC(196) Load: 0.00/0.00/0.00
[311.304s][info][gc,mmu      ] GC(196) MMU: 2ms/98.4%, 5ms/99.4%, 10ms/99.6%, 20ms/99.7%, 50ms/99.8%, 100ms/99.9%
[311.304s][info][gc,marking  ] GC(196) Mark: 8 stripe(s), 4 proactive flush(es), 1 terminate flush(es), 0 completion(s), 0 continuation(s) 
[311.304s][info][gc,marking  ] GC(196) Mark Stack Usage: 32M
[311.304s][info][gc,nmethod  ] GC(196) NMethods: 2014 registered, 396 unregistered
[311.304s][info][gc,metaspace] GC(196) Metaspace: 9M used, 10M committed, 1088M reserved
[311.304s][info][gc,ref      ] GC(196) Soft: 214 encountered, 0 discovered, 0 enqueued
[311.304s][info][gc,ref      ] GC(196) Weak: 815 encountered, 234 discovered, 0 enqueued
[311.304s][info][gc,ref      ] GC(196) Final: 0 encountered, 0 discovered, 0 enqueued
[311.304s][info][gc,ref      ] GC(196) Phantom: 27 encountered, 23 discovered, 0 enqueued
[311.304s][info][gc,reloc    ] GC(196) Small Pages: 329 / 658M, Empty: 476M, Relocated: 4M, In-Place: 0
[311.304s][info][gc,reloc    ] GC(196) Medium Pages: 0 / 0M, Empty: 0M, Relocated: 0M, In-Place: 0
[311.304s][info][gc,reloc    ] GC(196) Large Pages: 0 / 0M, Empty: 0M, Relocated: 0M, In-Place: 0
[311.304s][info][gc,reloc    ] GC(196) Forwarding Usage: 2M
[311.304s][info][gc,heap     ] GC(196) Min Capacity: 8M(0%)
[311.304s][info][gc,heap     ] GC(196) Max Capacity: 2048M(100%)
[311.304s][info][gc,heap     ] GC(196) Soft Max Capacity: 2048M(100%)
[311.304s][info][gc,heap     ] GC(196)                Mark Start          Mark End        Relocate Start      Relocate End           High               Low         
[311.304s][info][gc,heap     ] GC(196)  Capacity:     1672M (82%)        1672M (82%)        1672M (82%)        1672M (82%)        1672M (82%)        1672M (82%)    
[311.304s][info][gc,heap     ] GC(196)      Free:     1390M (68%)        1384M (68%)        1856M (91%)        2012M (98%)        2012M (98%)        1384M (68%)    
[311.304s][info][gc,heap     ] GC(196)      Used:      658M (32%)         664M (32%)         192M (9%)           36M (2%)          664M (32%)          36M (2%)     
[311.304s][info][gc,heap     ] GC(196)      Live:         -                 6M (0%)            6M (0%)            6M (0%)             -                  -          
[311.304s][info][gc,heap     ] GC(196) Allocated:         -                 6M (0%)           10M (0%)            9M (0%)             -                  -          
[311.304s][info][gc,heap     ] GC(196)   Garbage:         -               651M (32%)         175M (9%)           19M (1%)             -                  -          
[311.304s][info][gc,heap     ] GC(196) Reclaimed:         -                  -               476M (23%)         631M (31%)            -                  -          
[311.304s][info][gc          ] GC(196) Garbage Collection (Proactive) 658M(32%)->36M(2%)
[313.064s][info][gc,start    ] GC(197) Garbage Collection (Proactive)
[313.064s][info][gc,task     ] GC(197) Using 12 workers
[313.065s][info][gc,phases   ] GC(197) Pause Mark Start 0.018ms
[313.080s][info][gc,phases   ] GC(197) Concurrent Mark 15.277ms
[313.080s][info][gc,phases   ] GC(197) Pause Mark End 0.024ms
[313.080s][info][gc,phases   ] GC(197) Concurrent Mark Free 0.001ms
[313.081s][info][gc,phases   ] GC(197) Concurrent Process Non-Strong References 1.032ms
[313.082s][info][gc,phases   ] GC(197) Concurrent Reset Relocation Set 0.013ms
[313.085s][info][gc,phases   ] GC(197) Concurrent Select Relocation Set 3.853ms
[313.086s][info][gc,phases   ] GC(197) Pause Relocate Start 0.009ms
[313.089s][info][gc,phases   ] GC(197) Concurrent Relocate 3.435ms
[313.089s][info][gc,load     ] GC(197) Load: 0.00/0.00/0.00
[313.089s][info][gc,mmu      ] GC(197) MMU: 2ms/98.4%, 5ms/99.4%, 10ms/99.6%, 20ms/99.7%, 50ms/99.8%, 100ms/99.9%
[313.089s][info][gc,marking  ] GC(197) Mark: 8 stripe(s), 3 proactive flush(es), 1 terminate flush(es), 0 completion(s), 0 continuation(s) 
[313.089s][info][gc,marking  ] GC(197) Mark Stack Usage: 32M
[313.089s][info][gc,nmethod  ] GC(197) NMethods: 2014 registered, 396 unregistered
[313.089s][info][gc,metaspace] GC(197) Metaspace: 9M used, 10M committed, 1088M reserved
[313.089s][info][gc,ref      ] GC(197) Soft: 214 encountered, 0 discovered, 0 enqueued
[313.089s][info][gc,ref      ] GC(197) Weak: 815 encountered, 182 discovered, 0 enqueued
[313.089s][info][gc,ref      ] GC(197) Final: 0 encountered, 0 discovered, 0 enqueued
[313.089s][info][gc,ref      ] GC(197) Phantom: 27 encountered, 22 discovered, 0 enqueued
[313.089s][info][gc,reloc    ] GC(197) Small Pages: 297 / 594M, Empty: 496M, Relocated: 4M, In-Place: 0
[313.089s][info][gc,reloc    ] GC(197) Medium Pages: 0 / 0M, Empty: 0M, Relocated: 0M, In-Place: 0
[313.090s][info][gc,reloc    ] GC(197) Large Pages: 0 / 0M, Empty: 0M, Relocated: 0M, In-Place: 0
[313.090s][info][gc,reloc    ] GC(197) Forwarding Usage: 2M
[313.090s][info][gc,heap     ] GC(197) Min Capacity: 8M(0%)
[313.090s][info][gc,heap     ] GC(197) Max Capacity: 2048M(100%)
[313.090s][info][gc,heap     ] GC(197) Soft Max Capacity: 2048M(100%)
[313.090s][info][gc,heap     ] GC(197)                Mark Start          Mark End        Relocate Start      Relocate End           High               Low         
[313.090s][info][gc,heap     ] GC(197)  Capacity:     1672M (82%)        1672M (82%)        1672M (82%)        1672M (82%)        1672M (82%)        1672M (82%)    
[313.090s][info][gc,heap     ] GC(197)      Free:     1454M (71%)        1448M (71%)        1942M (95%)        2012M (98%)        2012M (98%)        1446M (71%)    
[313.090s][info][gc,heap     ] GC(197)      Used:      594M (29%)         600M (29%)         106M (5%)           36M (2%)          602M (29%)          36M (2%)     
[313.090s][info][gc,heap     ] GC(197)      Live:         -                 6M (0%)            6M (0%)            6M (0%)             -                  -          
[313.090s][info][gc,heap     ] GC(197) Allocated:         -                 6M (0%)            8M (0%)            9M (0%)             -                  -          
[313.090s][info][gc,heap     ] GC(197)   Garbage:         -               587M (29%)          91M (4%)           19M (1%)             -                  -          
[313.090s][info][gc,heap     ] GC(197) Reclaimed:         -                  -               496M (24%)         567M (28%)            -                  -          
[313.090s][info][gc          ] GC(197) Garbage Collection (Proactive) 594M(29%)->36M(2%)
[314.670s][info][gc,start    ] GC(198) Garbage Collection (Proactive)
[314.670s][info][gc,task     ] GC(198) Using 12 workers
[314.671s][info][gc,phases   ] GC(198) Pause Mark Start 0.017ms
[314.686s][info][gc,phases   ] GC(198) Concurrent Mark 15.157ms
[314.686s][info][gc,phases   ] GC(198) Pause Mark End 0.023ms
[314.686s][info][gc,phases   ] GC(198) Concurrent Mark Free 0.001ms
[314.687s][info][gc,phases   ] GC(198) Concurrent Process Non-Strong References 1.069ms
[314.687s][info][gc,phases   ] GC(198) Concurrent Reset Relocation Set 0.009ms
[314.691s][info][gc,phases   ] GC(198) Concurrent Select Relocation Set 3.781ms
[314.691s][info][gc,phases   ] GC(198) Pause Relocate Start 0.010ms
[314.695s][info][gc,phases   ] GC(198) Concurrent Relocate 3.986ms
[314.695s][info][gc,load     ] GC(198) Load: 0.00/0.00/0.00
[314.696s][info][gc,mmu      ] GC(198) MMU: 2ms/98.4%, 5ms/99.4%, 10ms/99.6%, 20ms/99.7%, 50ms/99.8%, 100ms/99.9%
[314.696s][info][gc,marking  ] GC(198) Mark: 8 stripe(s), 2 proactive flush(es), 1 terminate flush(es), 0 completion(s), 0 continuation(s) 
[314.696s][info][gc,marking  ] GC(198) Mark Stack Usage: 32M
[314.696s][info][gc,nmethod  ] GC(198) NMethods: 2014 registered, 396 unregistered
[314.696s][info][gc,metaspace] GC(198) Metaspace: 9M used, 10M committed, 1088M reserved
[314.696s][info][gc,ref      ] GC(198) Soft: 214 encountered, 0 discovered, 0 enqueued
[314.696s][info][gc,ref      ] GC(198) Weak: 815 encountered, 356 discovered, 0 enqueued
[314.696s][info][gc,ref      ] GC(198) Final: 0 encountered, 0 discovered, 0 enqueued
[314.696s][info][gc,ref      ] GC(198) Phantom: 27 encountered, 21 discovered, 0 enqueued
[314.696s][info][gc,reloc    ] GC(198) Small Pages: 262 / 524M, Empty: 392M, Relocated: 4M, In-Place: 0
[314.696s][info][gc,reloc    ] GC(198) Medium Pages: 0 / 0M, Empty: 0M, Relocated: 0M, In-Place: 0
[314.696s][info][gc,reloc    ] GC(198) Large Pages: 0 / 0M, Empty: 0M, Relocated: 0M, In-Place: 0
[314.696s][info][gc,reloc    ] GC(198) Forwarding Usage: 2M
[314.696s][info][gc,heap     ] GC(198) Min Capacity: 8M(0%)
[314.696s][info][gc,heap     ] GC(198) Max Capacity: 2048M(100%)
[314.696s][info][gc,heap     ] GC(198) Soft Max Capacity: 2048M(100%)
[314.696s][info][gc,heap     ] GC(198)                Mark Start          Mark End        Relocate Start      Relocate End           High               Low         
[314.696s][info][gc,heap     ] GC(198)  Capacity:     1672M (82%)        1672M (82%)        1672M (82%)        1672M (82%)        1672M (82%)        1672M (82%)    
[314.696s][info][gc,heap     ] GC(198)      Free:     1524M (74%)        1516M (74%)        1908M (93%)        2012M (98%)        2012M (98%)        1516M (74%)    
[314.696s][info][gc,heap     ] GC(198)      Used:      524M (26%)         532M (26%)         140M (7%)           36M (2%)          532M (26%)          36M (2%)     
[314.696s][info][gc,heap     ] GC(198)      Live:         -                 6M (0%)            6M (0%)            6M (0%)             -                  -          
[314.696s][info][gc,heap     ] GC(198) Allocated:         -                 8M (0%)            8M (0%)            9M (0%)             -                  -          
[314.696s][info][gc,heap     ] GC(198)   Garbage:         -               517M (25%)         125M (6%)           19M (1%)             -                  -          
[314.696s][info][gc,heap     ] GC(198) Reclaimed:         -                  -               392M (19%)         497M (24%)            -                  -          
[314.696s][info][gc          ] GC(198) Garbage Collection (Proactive) 524M(26%)->36M(2%)
[316.104s][info][gc,start    ] GC(199) Garbage Collection (System.gc())
[316.104s][info][gc,task     ] GC(199) Using 12 workers
[316.105s][info][gc,phases   ] GC(199) Pause Mark Start 0.018ms
[316.123s][info][gc,phases   ] GC(199) Concurrent Mark 18.071ms
[316.123s][info][gc,phases   ] GC(199) Pause Mark End 0.022ms
[316.123s][info][gc,phases   ] GC(199) Concurrent Mark Free 0.001ms
[316.124s][info][gc,phases   ] GC(199) Concurrent Process Non-Strong References 0.968ms
[316.124s][info][gc,phases   ] GC(199) Concurrent Reset Relocation Set 0.011ms
[316.128s][info][gc,phases   ] GC(199) Concurrent Select Relocation Set 3.791ms
[316.128s][info][gc,phases   ] GC(199) Pause Relocate Start 0.007ms
[316.131s][info][gc,phases   ] GC(199) Concurrent Relocate 2.929ms
[316.131s][info][gc,load     ] GC(199) Load: 0.00/0.00/0.00
[316.131s][info][gc,mmu      ] GC(199) MMU: 2ms/98.4%, 5ms/99.4%, 10ms/99.6%, 20ms/99.7%, 50ms/99.8%, 100ms/99.9%
[316.131s][info][gc,marking  ] GC(199) Mark: 8 stripe(s), 2 proactive flush(es), 1 terminate flush(es), 0 completion(s), 0 continuation(s) 
[316.131s][info][gc,marking  ] GC(199) Mark Stack Usage: 32M
[316.131s][info][gc,nmethod  ] GC(199) NMethods: 2014 registered, 397 unregistered
[316.131s][info][gc,metaspace] GC(199) Metaspace: 9M used, 10M committed, 1088M reserved
[316.131s][info][gc,ref      ] GC(199) Soft: 214 encountered, 0 discovered, 0 enqueued
[316.131s][info][gc,ref      ] GC(199) Weak: 815 encountered, 357 discovered, 0 enqueued
[316.131s][info][gc,ref      ] GC(199) Final: 0 encountered, 0 discovered, 0 enqueued
[316.131s][info][gc,ref      ] GC(199) Phantom: 27 encountered, 21 discovered, 0 enqueued
[316.131s][info][gc,reloc    ] GC(199) Small Pages: 249 / 498M, Empty: 480M, Relocated: 3M, In-Place: 0
[316.131s][info][gc,reloc    ] GC(199) Medium Pages: 0 / 0M, Empty: 0M, Relocated: 0M, In-Place: 0
[316.131s][info][gc,reloc    ] GC(199) Large Pages: 0 / 0M, Empty: 0M, Relocated: 0M, In-Place: 0
[316.131s][info][gc,reloc    ] GC(199) Forwarding Usage: 1M
[316.131s][info][gc,heap     ] GC(199) Min Capacity: 8M(0%)
[316.131s][info][gc,heap     ] GC(199) Max Capacity: 2048M(100%)
[316.132s][info][gc,heap     ] GC(199) Soft Max Capacity: 2048M(100%)
[316.132s][info][gc,heap     ] GC(199)                Mark Start          Mark End        Relocate Start      Relocate End           High               Low         
[316.132s][info][gc,heap     ] GC(199)  Capacity:     1672M (82%)        1672M (82%)        1672M (82%)        1672M (82%)        1672M (82%)        1672M (82%)    
[316.132s][info][gc,heap     ] GC(199)      Free:     1550M (76%)        1550M (76%)        2030M (99%)        2030M (99%)        2030M (99%)        1550M (76%)    
[316.132s][info][gc,heap     ] GC(199)      Used:      498M (24%)         498M (24%)          18M (1%)           18M (1%)          498M (24%)          18M (1%)     
[316.132s][info][gc,heap     ] GC(199)      Live:         -                 4M (0%)            4M (0%)            4M (0%)             -                  -          
[316.132s][info][gc,heap     ] GC(199) Allocated:         -                 0M (0%)            0M (0%)            0M (0%)             -                  -          
[316.132s][info][gc,heap     ] GC(199)   Garbage:         -               493M (24%)          13M (1%)           13M (1%)             -                  -          
[316.132s][info][gc,heap     ] GC(199) Reclaimed:         -                  -               480M (23%)         480M (23%)            -                  -          
[316.132s][info][gc          ] GC(199) Garbage Collection (System.gc()) 498M(24%)->18M(1%)
[317.669s][info][gc,start    ] GC(200) Garbage Collection (Proactive)
[317.669s][info][gc,task     ] GC(200) Using 12 workers
[317.669s][info][gc,phases   ] GC(200) Pause Mark Start 0.018ms
[317.684s][info][gc,phases   ] GC(200) Concurrent Mark 15.158ms
[317.685s][info][gc,phases   ] GC(200) Pause Mark End 0.025ms
[317.685s][info][gc,phases   ] GC(200) Concurrent Mark Free 0.001ms
[317.686s][info][gc,phases   ] GC(200) Concurrent Process Non-Strong References 1.101ms
[317.686s][info][gc,phases   ] GC(200) Concurrent Reset Relocation Set 0.002ms
[317.693s][info][gc,phases   ] GC(200) Concurrent Select Relocation Set 7.188ms
[317.693s][info][gc,phases   ] GC(200) Pause Relocate Start 0.009ms
[317.696s][info][gc,phases   ] GC(200) Concurrent Relocate 3.130ms
[317.697s][info][gc,load     ] GC(200) Load: 0.00/0.00/0.00
[317.697s][info][gc,mmu      ] GC(200) MMU: 2ms/98.4%, 5ms/99.4%, 10ms/99.6%, 20ms/99.7%, 50ms/99.8%, 100ms/99.9%
[317.697s][info][gc,marking  ] GC(200) Mark: 8 stripe(s), 2 proactive flush(es), 1 terminate flush(es), 0 completion(s), 0 continuation(s) 
[317.697s][info][gc,marking  ] GC(200) Mark Stack Usage: 32M
[317.697s][info][gc,nmethod  ] GC(200) NMethods: 2014 registered, 397 unregistered
[317.697s][info][gc,metaspace] GC(200) Metaspace: 9M used, 10M committed, 1088M reserved
[317.697s][info][gc,ref      ] GC(200) Soft: 214 encountered, 0 discovered, 0 enqueued
[317.697s][info][gc,ref      ] GC(200) Weak: 815 encountered, 343 discovered, 0 enqueued
[317.697s][info][gc,ref      ] GC(200) Final: 0 encountered, 0 discovered, 0 enqueued
[317.697s][info][gc,ref      ] GC(200) Phantom: 27 encountered, 23 discovered, 0 enqueued
[317.697s][info][gc,reloc    ] GC(200) Small Pages: 245 / 490M, Empty: 310M, Relocated: 4M, In-Place: 0
[317.697s][info][gc,reloc    ] GC(200) Medium Pages: 0 / 0M, Empty: 0M, Relocated: 0M, In-Place: 0
[317.697s][info][gc,reloc    ] GC(200) Large Pages: 0 / 0M, Empty: 0M, Relocated: 0M, In-Place: 0
[317.697s][info][gc,reloc    ] GC(200) Forwarding Usage: 2M
[317.697s][info][gc,heap     ] GC(200) Min Capacity: 8M(0%)
[317.697s][info][gc,heap     ] GC(200) Max Capacity: 2048M(100%)
[317.697s][info][gc,heap     ] GC(200) Soft Max Capacity: 2048M(100%)
[317.697s][info][gc,heap     ] GC(200)                Mark Start          Mark End        Relocate Start      Relocate End           High               Low         
[317.697s][info][gc,heap     ] GC(200)  Capacity:     1672M (82%)        1672M (82%)        1672M (82%)        1672M (82%)        1672M (82%)        1672M (82%)    
[317.697s][info][gc,heap     ] GC(200)      Free:     1558M (76%)        1550M (76%)        1858M (91%)        2012M (98%)        2012M (98%)        1550M (76%)    
[317.697s][info][gc,heap     ] GC(200)      Used:      490M (24%)         498M (24%)         190M (9%)           36M (2%)          498M (24%)          36M (2%)     
[317.697s][info][gc,heap     ] GC(200)      Live:         -                 6M (0%)            6M (0%)            6M (0%)             -                  -          
[317.697s][info][gc,heap     ] GC(200) Allocated:         -                 8M (0%)           10M (0%)            9M (0%)             -                  -          
[317.697s][info][gc,heap     ] GC(200)   Garbage:         -               483M (24%)         173M (8%)           19M (1%)             -                  -          
[317.697s][info][gc,heap     ] GC(200) Reclaimed:         -                  -               310M (15%)         463M (23%)            -                  -          
[317.697s][info][gc          ] GC(200) Garbage Collection (Proactive) 490M(24%)->36M(2%)
[319.378s][info][gc,start    ] GC(201) Garbage Collection (Proactive)
[319.379s][info][gc,task     ] GC(201) Using 12 workers
[319.379s][info][gc,phases   ] GC(201) Pause Mark Start 0.017ms
[319.394s][info][gc,phases   ] GC(201) Concurrent Mark 15.222ms
[319.394s][info][gc,phases   ] GC(201) Pause Mark End 0.023ms
[319.394s][info][gc,phases   ] GC(201) Concurrent Mark Free 0.001ms
[319.395s][info][gc,phases   ] GC(201) Concurrent Process Non-Strong References 1.008ms
[319.396s][info][gc,phases   ] GC(201) Concurrent Reset Relocation Set 0.013ms
[319.399s][info][gc,phases   ] GC(201) Concurrent Select Relocation Set 3.830ms
[319.400s][info][gc,phases   ] GC(201) Pause Relocate Start 0.008ms
[319.403s][info][gc,phases   ] GC(201) Concurrent Relocate 3.566ms
[319.403s][info][gc,load     ] GC(201) Load: 0.00/0.00/0.00
[319.403s][info][gc,mmu      ] GC(201) MMU: 2ms/98.4%, 5ms/99.4%, 10ms/99.6%, 20ms/99.7%, 50ms/99.8%, 100ms/99.9%
[319.403s][info][gc,marking  ] GC(201) Mark: 8 stripe(s), 2 proactive flush(es), 1 terminate flush(es), 0 completion(s), 0 continuation(s) 
[319.403s][info][gc,marking  ] GC(201) Mark Stack Usage: 32M
[319.403s][info][gc,nmethod  ] GC(201) NMethods: 2014 registered, 397 unregistered
[319.403s][info][gc,metaspace] GC(201) Metaspace: 9M used, 10M committed, 1088M reserved
[319.403s][info][gc,ref      ] GC(201) Soft: 214 encountered, 0 discovered, 0 enqueued
[319.403s][info][gc,ref      ] GC(201) Weak: 815 encountered, 82 discovered, 0 enqueued
[319.403s][info][gc,ref      ] GC(201) Final: 0 encountered, 0 discovered, 0 enqueued
[319.404s][info][gc,ref      ] GC(201) Phantom: 27 encountered, 20 discovered, 0 enqueued
[319.404s][info][gc,reloc    ] GC(201) Small Pages: 290 / 580M, Empty: 454M, Relocated: 4M, In-Place: 0
[319.404s][info][gc,reloc    ] GC(201) Medium Pages: 0 / 0M, Empty: 0M, Relocated: 0M, In-Place: 0
[319.404s][info][gc,reloc    ] GC(201) Large Pages: 0 / 0M, Empty: 0M, Relocated: 0M, In-Place: 0
[319.404s][info][gc,reloc    ] GC(201) Forwarding Usage: 1M
[319.404s][info][gc,heap     ] GC(201) Min Capacity: 8M(0%)
[319.404s][info][gc,heap     ] GC(201) Max Capacity: 2048M(100%)
[319.404s][info][gc,heap     ] GC(201) Soft Max Capacity: 2048M(100%)
[319.404s][info][gc,heap     ] GC(201)                Mark Start          Mark End        Relocate Start      Relocate End           High               Low         
[319.404s][info][gc,heap     ] GC(201)  Capacity:     1672M (82%)        1672M (82%)        1672M (82%)        1672M (82%)        1672M (82%)        1672M (82%)    
[319.404s][info][gc,heap     ] GC(201)      Free:     1468M (72%)        1460M (71%)        1914M (93%)        2012M (98%)        2012M (98%)        1460M (71%)    
[319.404s][info][gc,heap     ] GC(201)      Used:      580M (28%)         588M (29%)         134M (7%)           36M (2%)          588M (29%)          36M (2%)     
[319.404s][info][gc,heap     ] GC(201)      Live:         -                 6M (0%)            6M (0%)            6M (0%)             -                  -          
[319.404s][info][gc,heap     ] GC(201) Allocated:         -                 8M (0%)            8M (0%)            9M (0%)             -                  -          
[319.404s][info][gc,heap     ] GC(201)   Garbage:         -               573M (28%)         119M (6%)           19M (1%)             -                  -          
[319.404s][info][gc,heap     ] GC(201) Reclaimed:         -                  -               454M (22%)         553M (27%)            -                  -          
[319.404s][info][gc          ] GC(201) Garbage Collection (Proactive) 580M(28%)->36M(2%)
[320.167s][info][gc,stats    ] === Garbage Collection Statistics =======================================================================================================================
[320.167s][info][gc,stats    ]                                                              Last 10s              Last 10m              Last 10h                Total
[320.167s][info][gc,stats    ]                                                              Avg / Max             Avg / Max             Avg / Max             Avg / Max
[320.167s][info][gc,stats    ]   Collector: Garbage Collection Cycle                     26.312 / 28.289       25.938 / 57.424       25.938 / 57.424       25.938 / 57.424      ms
[320.167s][info][gc,stats    ]  Contention: Mark Segment Reset Contention                     1 / 6                 1 / 13                1 / 13                1 / 13          ops/s
[320.167s][info][gc,stats    ]  Contention: Mark SeqNum Reset Contention                      0 / 1                 0 / 2                 0 / 2                 0 / 2           ops/s
[320.167s][info][gc,stats    ]    Critical: Allocation Stall                                  0 / 0                 0 / 0                 0 / 0                 0 / 0           ops/s
[320.167s][info][gc,stats    ]    Critical: Allocation Stall                              0.000 / 0.000         0.000 / 0.000         0.000 / 0.000         0.000 / 0.000       ms
[320.167s][info][gc,stats    ]    Critical: GC Locker Stall                                   0 / 0                 0 / 0                 0 / 0                 0 / 0           ops/s
[320.167s][info][gc,stats    ]    Critical: GC Locker Stall                               0.000 / 0.000         0.000 / 0.000         0.000 / 0.000         0.000 / 0.000       ms
[320.167s][info][gc,stats    ]    Critical: Relocation Stall                                  0 / 0                 0 / 0                 0 / 0                 0 / 0           ops/s
[320.168s][info][gc,stats    ]    Critical: Relocation Stall                              0.000 / 0.000         0.000 / 0.000         0.000 / 0.000         0.000 / 0.000       ms
[320.168s][info][gc,stats    ]      Memory: Allocation Rate                                 321 / 330             321 / 344             321 / 344             321 / 344         MB/s
[320.168s][info][gc,stats    ]      Memory: Defragment                                        0 / 0                 0 / 0                 0 / 0                 0 / 0           ops/s
[320.168s][info][gc,stats    ]      Memory: Out Of Memory                                     0 / 0                 0 / 0                 0 / 0                 0 / 0           ops/s
[320.168s][info][gc,stats    ]      Memory: Page Cache Flush                                  0 / 0                 0 / 0                 0 / 0                 0 / 0           MB/s
[320.168s][info][gc,stats    ]      Memory: Page Cache Hit L1                               167 / 176             165 / 184             165 / 184             165 / 184         ops/s
[320.168s][info][gc,stats    ]      Memory: Page Cache Hit L2                                 0 / 0                 0 / 0                 0 / 0                 0 / 0           ops/s
[320.168s][info][gc,stats    ]      Memory: Page Cache Hit L3                                 0 / 0                 2 / 145               2 / 145               2 / 145         ops/s
[320.168s][info][gc,stats    ]      Memory: Page Cache Miss                                   0 / 0                 0 / 1                 0 / 1                 0 / 1           ops/s
[320.168s][info][gc,stats    ]      Memory: Uncommit                                          0 / 0                 1 / 376               1 / 376               1 / 376         MB/s
[320.168s][info][gc,stats    ]      Memory: Undo Object Allocation Failed                     0 / 1                 0 / 5                 0 / 5                 0 / 5           ops/s
[320.168s][info][gc,stats    ]      Memory: Undo Object Allocation Succeeded                  0 / 2                 0 / 4                 0 / 4                 0 / 4           ops/s
[320.168s][info][gc,stats    ]      Memory: Undo Page Allocation                              1 / 3                 1 / 6                 1 / 6                 1 / 6           ops/s
[320.168s][info][gc,stats    ]       Phase: Concurrent Mark                              15.672 / 18.071       14.841 / 30.725       14.841 / 30.725       14.841 / 30.725      ms
[320.168s][info][gc,stats    ]       Phase: Concurrent Mark Continue                      0.000 / 0.000         0.000 / 0.000         0.000 / 0.000         0.000 / 0.000       ms
[320.168s][info][gc,stats    ]       Phase: Concurrent Mark Free                          0.001 / 0.001         0.001 / 0.002         0.001 / 0.002         0.001 / 0.002       ms
[320.168s][info][gc,stats    ]       Phase: Concurrent Process Non-Strong References      1.037 / 1.101         1.004 / 5.203         1.004 / 5.203         1.004 / 5.203       ms
[320.168s][info][gc,stats    ]       Phase: Concurrent Relocate                           3.489 / 3.986         3.366 / 5.248         3.366 / 5.248         3.366 / 5.248       ms
[320.168s][info][gc,stats    ]       Phase: Concurrent Reset Relocation Set               0.008 / 0.013         0.008 / 0.016         0.008 / 0.016         0.008 / 0.016       ms
[320.168s][info][gc,stats    ]       Phase: Concurrent Select Relocation Set              4.899 / 7.188         5.257 / 15.037        5.257 / 15.037        5.257 / 15.037      ms
[320.168s][info][gc,stats    ]       Phase: Pause Mark End                                0.023 / 0.025         0.023 / 0.032         0.023 / 0.032         0.023 / 0.032       ms
[320.168s][info][gc,stats    ]       Phase: Pause Mark Start                              0.018 / 0.019         0.018 / 0.030         0.018 / 0.030         0.018 / 0.030       ms
[320.168s][info][gc,stats    ]       Phase: Pause Relocate Start                          0.009 / 0.010         0.009 / 0.012         0.009 / 0.012         0.009 / 0.012       ms
[320.168s][info][gc,stats    ]    Subphase: Concurrent Classes Purge                      0.006 / 0.013         0.018 / 0.832         0.018 / 0.832         0.018 / 0.832       ms
[320.168s][info][gc,stats    ]    Subphase: Concurrent Classes Unlink                     0.699 / 0.741         0.681 / 4.025         0.681 / 4.025         0.681 / 4.025       ms
[320.168s][info][gc,stats    ]    Subphase: Concurrent Mark                              13.715 / 16.867       12.901 / 23.255       12.901 / 23.255       12.901 / 23.255      ms
[320.168s][info][gc,stats    ]    Subphase: Concurrent Mark Try Flush                     0.072 / 0.107         0.072 / 0.200         0.072 / 0.200         0.072 / 0.200       ms
[320.168s][info][gc,stats    ]    Subphase: Concurrent Mark Try Terminate                 9.074 / 14.461        8.052 / 16.635        8.052 / 16.635        8.052 / 16.635      ms
[320.169s][info][gc,stats    ]    Subphase: Concurrent References Enqueue                 0.000 / 0.000         0.000 / 0.004         0.000 / 0.004         0.000 / 0.004       ms
[320.169s][info][gc,stats    ]    Subphase: Concurrent References Process                 0.065 / 0.091         0.047 / 0.091         0.047 / 0.091         0.047 / 0.091       ms
[320.169s][info][gc,stats    ]    Subphase: Concurrent Roots ClassLoaderDataGraph         0.088 / 0.666         0.089 / 0.967         0.089 / 0.967         0.089 / 0.967       ms
[320.169s][info][gc,stats    ]    Subphase: Concurrent Roots CodeCache                    0.000 / 0.000         0.000 / 0.000         0.000 / 0.000         0.000 / 0.000       ms
[320.169s][info][gc,stats    ]    Subphase: Concurrent Roots JavaThreads                  0.621 / 1.098         0.561 / 7.350         0.561 / 7.350         0.561 / 7.350       ms
[320.169s][info][gc,stats    ]    Subphase: Concurrent Roots OopStorageSet                0.017 / 0.050         0.018 / 0.273         0.018 / 0.273         0.018 / 0.273       ms
[320.169s][info][gc,stats    ]    Subphase: Concurrent Weak Roots OopStorageSet           0.140 / 0.164         0.135 / 0.173         0.135 / 0.173         0.135 / 0.173       ms
[320.169s][info][gc,stats    ]    Subphase: Pause Mark Try Complete                       0.000 / 0.000         0.000 / 0.000         0.000 / 0.000         0.000 / 0.000       ms
[320.169s][info][gc,stats    ]      System: Java Threads                                     40 / 40               35 / 42               35 / 42               35 / 42          threads
[320.169s][info][gc,stats    ] =========================================================================================================================================================
[320.979s][info][gc,start    ] GC(202) Garbage Collection (Proactive)
[320.979s][info][gc,task     ] GC(202) Using 12 workers
[320.979s][info][gc,phases   ] GC(202) Pause Mark Start 0.018ms
[320.994s][info][gc,phases   ] GC(202) Concurrent Mark 15.138ms
[320.995s][info][gc,phases   ] GC(202) Pause Mark End 0.022ms
[320.995s][info][gc,phases   ] GC(202) Concurrent Mark Free 0.001ms
[320.996s][info][gc,phases   ] GC(202) Concurrent Process Non-Strong References 1.038ms
[320.996s][info][gc,phases   ] GC(202) Concurrent Reset Relocation Set 0.011ms
[321.003s][info][gc,phases   ] GC(202) Concurrent Select Relocation Set 7.073ms
[321.003s][info][gc,phases   ] GC(202) Pause Relocate Start 0.009ms
[321.007s][info][gc,phases   ] GC(202) Concurrent Relocate 3.585ms
[321.007s][info][gc,load     ] GC(202) Load: 0.00/0.00/0.00
[321.007s][info][gc,mmu      ] GC(202) MMU: 2ms/98.4%, 5ms/99.4%, 10ms/99.6%, 20ms/99.7%, 50ms/99.8%, 100ms/99.9%
[321.007s][info][gc,marking  ] GC(202) Mark: 8 stripe(s), 3 proactive flush(es), 1 terminate flush(es), 0 completion(s), 0 continuation(s) 
[321.007s][info][gc,marking  ] GC(202) Mark Stack Usage: 32M
[321.007s][info][gc,nmethod  ] GC(202) NMethods: 2014 registered, 397 unregistered
[321.007s][info][gc,metaspace] GC(202) Metaspace: 9M used, 10M committed, 1088M reserved
[321.007s][info][gc,ref      ] GC(202) Soft: 214 encountered, 0 discovered, 0 enqueued
[321.007s][info][gc,ref      ] GC(202) Weak: 815 encountered, 105 discovered, 0 enqueued
[321.007s][info][gc,ref      ] GC(202) Final: 0 encountered, 0 discovered, 0 enqueued
[321.007s][info][gc,ref      ] GC(202) Phantom: 27 encountered, 16 discovered, 0 enqueued
[321.007s][info][gc,reloc    ] GC(202) Small Pages: 269 / 538M, Empty: 414M, Relocated: 4M, In-Place: 0
[321.007s][info][gc,reloc    ] GC(202) Medium Pages: 0 / 0M, Empty: 0M, Relocated: 0M, In-Place: 0
[321.007s][info][gc,reloc    ] GC(202) Large Pages: 0 / 0M, Empty: 0M, Relocated: 0M, In-Place: 0
[321.007s][info][gc,reloc    ] GC(202) Forwarding Usage: 2M
[321.007s][info][gc,heap     ] GC(202) Min Capacity: 8M(0%)
[321.007s][info][gc,heap     ] GC(202) Max Capacity: 2048M(100%)
[321.007s][info][gc,heap     ] GC(202) Soft Max Capacity: 2048M(100%)
[321.007s][info][gc,heap     ] GC(202)                Mark Start          Mark End        Relocate Start      Relocate End           High               Low         
[321.007s][info][gc,heap     ] GC(202)  Capacity:     1672M (82%)        1672M (82%)        1672M (82%)        1672M (82%)        1672M (82%)        1672M (82%)    
[321.007s][info][gc,heap     ] GC(202)      Free:     1510M (74%)        1504M (73%)        1916M (94%)        2012M (98%)        2012M (98%)        1502M (73%)    
[321.008s][info][gc,heap     ] GC(202)      Used:      538M (26%)         544M (27%)         132M (6%)           36M (2%)          546M (27%)          36M (2%)     
[321.008s][info][gc,heap     ] GC(202)      Live:         -                 6M (0%)            6M (0%)            6M (0%)             -                  -          
[321.008s][info][gc,heap     ] GC(202) Allocated:         -                 6M (0%)            8M (0%)            9M (0%)             -                  -          
[321.008s][info][gc,heap     ] GC(202)   Garbage:         -               531M (26%)         117M (6%)           19M (1%)             -                  -          
[321.008s][info][gc,heap     ] GC(202) Reclaimed:         -                  -               414M (20%)         511M (25%)            -                  -          
[321.008s][info][gc          ] GC(202) Garbage Collection (Proactive) 538M(26%)->36M(2%)
[322.672s][info][gc,start    ] GC(203) Garbage Collection (Proactive)
[322.672s][info][gc,task     ] GC(203) Using 12 workers
[322.672s][info][gc,phases   ] GC(203) Pause Mark Start 0.017ms
[322.687s][info][gc,phases   ] GC(203) Concurrent Mark 15.234ms
[322.687s][info][gc,phases   ] GC(203) Pause Mark End 0.025ms
[322.688s][info][gc,phases   ] GC(203) Concurrent Mark Free 0.002ms
[322.689s][info][gc,phases   ] GC(203) Concurrent Process Non-Strong References 1.024ms
[322.689s][info][gc,phases   ] GC(203) Concurrent Reset Relocation Set 0.010ms
[322.693s][info][gc,phases   ] GC(203) Concurrent Select Relocation Set 3.897ms
[322.693s][info][gc,phases   ] GC(203) Pause Relocate Start 0.008ms
[322.696s][info][gc,phases   ] GC(203) Concurrent Relocate 3.507ms
[322.697s][info][gc,load     ] GC(203) Load: 0.00/0.00/0.00
[322.697s][info][gc,mmu      ] GC(203) MMU: 2ms/98.4%, 5ms/99.4%, 10ms/99.6%, 20ms/99.7%, 50ms/99.8%, 100ms/99.9%
[322.697s][info][gc,marking  ] GC(203) Mark: 8 stripe(s), 2 proactive flush(es), 1 terminate flush(es), 0 completion(s), 0 continuation(s) 
[322.697s][info][gc,marking  ] GC(203) Mark Stack Usage: 32M
[322.697s][info][gc,nmethod  ] GC(203) NMethods: 2014 registered, 397 unregistered
[322.697s][info][gc,metaspace] GC(203) Metaspace: 9M used, 10M committed, 1088M reserved
[322.697s][info][gc,ref      ] GC(203) Soft: 214 encountered, 0 discovered, 0 enqueued
[322.697s][info][gc,ref      ] GC(203) Weak: 815 encountered, 18 discovered, 0 enqueued
[322.697s][info][gc,ref      ] GC(203) Final: 0 encountered, 0 discovered, 0 enqueued
[322.697s][info][gc,ref      ] GC(203) Phantom: 27 encountered, 13 discovered, 0 enqueued
[322.697s][info][gc,reloc    ] GC(203) Small Pages: 294 / 588M, Empty: 462M, Relocated: 4M, In-Place: 0
[322.697s][info][gc,reloc    ] GC(203) Medium Pages: 0 / 0M, Empty: 0M, Relocated: 0M, In-Place: 0
[322.697s][info][gc,reloc    ] GC(203) Large Pages: 0 / 0M, Empty: 0M, Relocated: 0M, In-Place: 0
[322.697s][info][gc,reloc    ] GC(203) Forwarding Usage: 1M
[322.697s][info][gc,heap     ] GC(203) Min Capacity: 8M(0%)
[322.697s][info][gc,heap     ] GC(203) Max Capacity: 2048M(100%)
[322.697s][info][gc,heap     ] GC(203) Soft Max Capacity: 2048M(100%)
[322.697s][info][gc,heap     ] GC(203)                Mark Start          Mark End        Relocate Start      Relocate End           High               Low         
[322.697s][info][gc,heap     ] GC(203)  Capacity:     1672M (82%)        1672M (82%)        1672M (82%)        1672M (82%)        1672M (82%)        1672M (82%)    
[322.697s][info][gc,heap     ] GC(203)      Free:     1460M (71%)        1454M (71%)        1914M (93%)        2012M (98%)        2012M (98%)        1452M (71%)    
[322.697s][info][gc,heap     ] GC(203)      Used:      588M (29%)         594M (29%)         134M (7%)           36M (2%)          596M (29%)          36M (2%)     
[322.697s][info][gc,heap     ] GC(203)      Live:         -                 6M (0%)            6M (0%)            6M (0%)             -                  -          
[322.697s][info][gc,heap     ] GC(203) Allocated:         -                 6M (0%)            8M (0%)            9M (0%)             -                  -          
[322.697s][info][gc,heap     ] GC(203)   Garbage:         -               581M (28%)         119M (6%)           19M (1%)             -                  -          
[322.697s][info][gc,heap     ] GC(203) Reclaimed:         -                  -               462M (23%)         561M (27%)            -                  -          
[322.697s][info][gc          ] GC(203) Garbage Collection (Proactive) 588M(29%)->36M(2%)
[322.944s][info][gc,start    ] GC(204) Garbage Collection (System.gc())
[322.944s][info][gc,task     ] GC(204) Using 12 workers
[322.944s][info][gc,phases   ] GC(204) Pause Mark Start 0.016ms
[322.953s][info][gc,phases   ] GC(204) Concurrent Mark 8.405ms
[322.953s][info][gc,phases   ] GC(204) Pause Mark End 0.021ms
[322.953s][info][gc,phases   ] GC(204) Concurrent Mark Free 0.001ms
[322.954s][info][gc,phases   ] GC(204) Concurrent Process Non-Strong References 0.955ms
[322.954s][info][gc,phases   ] GC(204) Concurrent Reset Relocation Set 0.008ms
[322.958s][info][gc,phases   ] GC(204) Concurrent Select Relocation Set 3.726ms
[322.958s][info][gc,phases   ] GC(204) Pause Relocate Start 0.007ms
[322.961s][info][gc,phases   ] GC(204) Concurrent Relocate 2.939ms
[322.961s][info][gc,load     ] GC(204) Load: 0.00/0.00/0.00
[322.961s][info][gc,mmu      ] GC(204) MMU: 2ms/98.4%, 5ms/99.4%, 10ms/99.6%, 20ms/99.7%, 50ms/99.8%, 100ms/99.9%
[322.961s][info][gc,marking  ] GC(204) Mark: 8 stripe(s), 2 proactive flush(es), 1 terminate flush(es), 0 completion(s), 0 continuation(s) 
[322.961s][info][gc,marking  ] GC(204) Mark Stack Usage: 32M
[322.961s][info][gc,nmethod  ] GC(204) NMethods: 2015 registered, 397 unregistered
[322.961s][info][gc,metaspace] GC(204) Metaspace: 9M used, 10M committed, 1088M reserved
[322.961s][info][gc,ref      ] GC(204) Soft: 214 encountered, 0 discovered, 0 enqueued
[322.961s][info][gc,ref      ] GC(204) Weak: 815 encountered, 213 discovered, 0 enqueued
[322.961s][info][gc,ref      ] GC(204) Final: 0 encountered, 0 discovered, 0 enqueued
[322.961s][info][gc,ref      ] GC(204) Phantom: 27 encountered, 22 discovered, 0 enqueued
[322.961s][info][gc,reloc    ] GC(204) Small Pages: 56 / 112M, Empty: 92M, Relocated: 3M, In-Place: 0
[322.961s][info][gc,reloc    ] GC(204) Medium Pages: 0 / 0M, Empty: 0M, Relocated: 0M, In-Place: 0
[322.961s][info][gc,reloc    ] GC(204) Large Pages: 0 / 0M, Empty: 0M, Relocated: 0M, In-Place: 0
[322.961s][info][gc,reloc    ] GC(204) Forwarding Usage: 1M
[322.961s][info][gc,heap     ] GC(204) Min Capacity: 8M(0%)
[322.961s][info][gc,heap     ] GC(204) Max Capacity: 2048M(100%)
[322.962s][info][gc,heap     ] GC(204) Soft Max Capacity: 2048M(100%)
[322.962s][info][gc,heap     ] GC(204)                Mark Start          Mark End        Relocate Start      Relocate End           High               Low         
[322.962s][info][gc,heap     ] GC(204)  Capacity:     1672M (82%)        1672M (82%)        1672M (82%)        1672M (82%)        1672M (82%)        1672M (82%)    
[322.962s][info][gc,heap     ] GC(204)      Free:     1936M (95%)        1936M (95%)        2028M (99%)        2028M (99%)        2028M (99%)        1936M (95%)    
[322.962s][info][gc,heap     ] GC(204)      Used:      112M (5%)          112M (5%)           20M (1%)           20M (1%)          112M (5%)           20M (1%)     
[322.962s][info][gc,heap     ] GC(204)      Live:         -                 4M (0%)            4M (0%)            4M (0%)             -                  -          
[322.962s][info][gc,heap     ] GC(204) Allocated:         -                 0M (0%)            0M (0%)            0M (0%)             -                  -          
[322.962s][info][gc,heap     ] GC(204)   Garbage:         -               107M (5%)           15M (1%)           15M (1%)             -                  -          
[322.962s][info][gc,heap     ] GC(204) Reclaimed:         -                  -                92M (4%)           92M (4%)             -                  -          
[322.962s][info][gc          ] GC(204) Garbage Collection (System.gc()) 112M(5%)->20M(1%)
[324.676s][info][gc,start    ] GC(205) Garbage Collection (Proactive)
[324.676s][info][gc,task     ] GC(205) Using 12 workers
[324.676s][info][gc,phases   ] GC(205) Pause Mark Start 0.016ms
[324.692s][info][gc,phases   ] GC(205) Concurrent Mark 15.203ms
[324.692s][info][gc,phases   ] GC(205) Pause Mark End 0.026ms
[324.692s][info][gc,phases   ] GC(205) Concurrent Mark Free 0.002ms
[324.693s][info][gc,phases   ] GC(205) Concurrent Process Non-Strong References 1.010ms
[324.693s][info][gc,phases   ] GC(205) Concurrent Reset Relocation Set 0.001ms
[324.700s][info][gc,phases   ] GC(205) Concurrent Select Relocation Set 6.408ms
[324.700s][info][gc,phases   ] GC(205) Pause Relocate Start 0.009ms
[324.703s][info][gc,phases   ] GC(205) Concurrent Relocate 3.512ms
[324.703s][info][gc,load     ] GC(205) Load: 0.00/0.00/0.00
[324.704s][info][gc,mmu      ] GC(205) MMU: 2ms/98.4%, 5ms/99.4%, 10ms/99.6%, 20ms/99.7%, 50ms/99.8%, 100ms/99.9%
[324.704s][info][gc,marking  ] GC(205) Mark: 8 stripe(s), 4 proactive flush(es), 1 terminate flush(es), 0 completion(s), 0 continuation(s) 
[324.704s][info][gc,marking  ] GC(205) Mark Stack Usage: 32M
[324.704s][info][gc,nmethod  ] GC(205) NMethods: 2015 registered, 398 unregistered
[324.704s][info][gc,metaspace] GC(205) Metaspace: 9M used, 10M committed, 1088M reserved
[324.704s][info][gc,ref      ] GC(205) Soft: 214 encountered, 0 discovered, 0 enqueued
[324.704s][info][gc,ref      ] GC(205) Weak: 816 encountered, 123 discovered, 0 enqueued
[324.704s][info][gc,ref      ] GC(205) Final: 0 encountered, 0 discovered, 0 enqueued
[324.704s][info][gc,ref      ] GC(205) Phantom: 27 encountered, 24 discovered, 0 enqueued
[324.704s][info][gc,reloc    ] GC(205) Small Pages: 286 / 572M, Empty: 390M, Relocated: 5M, In-Place: 0
[324.704s][info][gc,reloc    ] GC(205) Medium Pages: 0 / 0M, Empty: 0M, Relocated: 0M, In-Place: 0
[324.704s][info][gc,reloc    ] GC(205) Large Pages: 0 / 0M, Empty: 0M, Relocated: 0M, In-Place: 0
[324.704s][info][gc,reloc    ] GC(205) Forwarding Usage: 2M
[324.704s][info][gc,heap     ] GC(205) Min Capacity: 8M(0%)
[324.704s][info][gc,heap     ] GC(205) Max Capacity: 2048M(100%)
[324.704s][info][gc,heap     ] GC(205) Soft Max Capacity: 2048M(100%)
[324.704s][info][gc,heap     ] GC(205)                Mark Start          Mark End        Relocate Start      Relocate End           High               Low         
[324.704s][info][gc,heap     ] GC(205)  Capacity:     1672M (82%)        1672M (82%)        1672M (82%)        1672M (82%)        1672M (82%)        1672M (82%)    
[324.704s][info][gc,heap     ] GC(205)      Free:     1476M (72%)        1470M (72%)        1856M (91%)        2012M (98%)        2012M (98%)        1470M (72%)    
[324.704s][info][gc,heap     ] GC(205)      Used:      572M (28%)         578M (28%)         192M (9%)           36M (2%)          578M (28%)          36M (2%)     
[324.704s][info][gc,heap     ] GC(205)      Live:         -                 6M (0%)            6M (0%)            6M (0%)             -                  -          
[324.704s][info][gc,heap     ] GC(205) Allocated:         -                 6M (0%)           10M (0%)            9M (0%)             -                  -          
[324.704s][info][gc,heap     ] GC(205)   Garbage:         -               565M (28%)         175M (9%)           19M (1%)             -                  -          
[324.704s][info][gc,heap     ] GC(205) Reclaimed:         -                  -               390M (19%)         545M (27%)            -                  -          
[324.704s][info][gc          ] GC(205) Garbage Collection (Proactive) 572M(28%)->36M(2%)
[326.665s][info][gc,start    ] GC(206) Garbage Collection (Proactive)
[326.665s][info][gc,task     ] GC(206) Using 12 workers
[326.666s][info][gc,phases   ] GC(206) Pause Mark Start 0.018ms
[326.681s][info][gc,phases   ] GC(206) Concurrent Mark 15.127ms
[326.681s][info][gc,phases   ] GC(206) Pause Mark End 0.023ms
[326.681s][info][gc,phases   ] GC(206) Concurrent Mark Free 0.001ms
[326.682s][info][gc,phases   ] GC(206) Concurrent Process Non-Strong References 1.015ms
[326.682s][info][gc,phases   ] GC(206) Concurrent Reset Relocation Set 0.014ms
[326.686s][info][gc,phases   ] GC(206) Concurrent Select Relocation Set 3.858ms
[326.686s][info][gc,phases   ] GC(206) Pause Relocate Start 0.008ms
[326.690s][info][gc,phases   ] GC(206) Concurrent Relocate 3.325ms
[326.690s][info][gc,load     ] GC(206) Load: 0.00/0.00/0.00
[326.690s][info][gc,mmu      ] GC(206) MMU: 2ms/98.4%, 5ms/99.4%, 10ms/99.6%, 20ms/99.7%, 50ms/99.8%, 100ms/99.9%
[326.690s][info][gc,marking  ] GC(206) Mark: 8 stripe(s), 2 proactive flush(es), 1 terminate flush(es), 0 completion(s), 0 continuation(s) 
[326.690s][info][gc,marking  ] GC(206) Mark Stack Usage: 32M
[326.690s][info][gc,nmethod  ] GC(206) NMethods: 2015 registered, 398 unregistered
[326.690s][info][gc,metaspace] GC(206) Metaspace: 9M used, 10M committed, 1088M reserved
[326.690s][info][gc,ref      ] GC(206) Soft: 214 encountered, 0 discovered, 0 enqueued
[326.690s][info][gc,ref      ] GC(206) Weak: 816 encountered, 176 discovered, 0 enqueued
[326.690s][info][gc,ref      ] GC(206) Final: 0 encountered, 0 discovered, 0 enqueued
[326.690s][info][gc,ref      ] GC(206) Phantom: 27 encountered, 17 discovered, 0 enqueued
[326.690s][info][gc,reloc    ] GC(206) Small Pages: 330 / 660M, Empty: 496M, Relocated: 4M, In-Place: 0
[326.690s][info][gc,reloc    ] GC(206) Medium Pages: 0 / 0M, Empty: 0M, Relocated: 0M, In-Place: 0
[326.690s][info][gc,reloc    ] GC(206) Large Pages: 0 / 0M, Empty: 0M, Relocated: 0M, In-Place: 0
[326.690s][info][gc,reloc    ] GC(206) Forwarding Usage: 2M
[326.690s][info][gc,heap     ] GC(206) Min Capacity: 8M(0%)
[326.690s][info][gc,heap     ] GC(206) Max Capacity: 2048M(100%)
[326.690s][info][gc,heap     ] GC(206) Soft Max Capacity: 2048M(100%)
[326.690s][info][gc,heap     ] GC(206)                Mark Start          Mark End        Relocate Start      Relocate End           High               Low         
[326.690s][info][gc,heap     ] GC(206)  Capacity:     1672M (82%)        1672M (82%)        1672M (82%)        1672M (82%)        1672M (82%)        1672M (82%)    
[326.690s][info][gc,heap     ] GC(206)      Free:     1388M (68%)        1382M (67%)        1876M (92%)        2014M (98%)        2014M (98%)        1382M (67%)    
[326.690s][info][gc,heap     ] GC(206)      Used:      660M (32%)         666M (33%)         172M (8%)           34M (2%)          666M (33%)          34M (2%)     
[326.690s][info][gc,heap     ] GC(206)      Live:         -                 6M (0%)            6M (0%)            6M (0%)             -                  -          
[326.690s][info][gc,heap     ] GC(206) Allocated:         -                 6M (0%)            8M (0%)            7M (0%)             -                  -          
[326.691s][info][gc,heap     ] GC(206)   Garbage:         -               653M (32%)         157M (8%)           19M (1%)             -                  -          
[326.691s][info][gc,heap     ] GC(206) Reclaimed:         -                  -               496M (24%)         633M (31%)            -                  -          
[326.691s][info][gc          ] GC(206) Garbage Collection (Proactive) 660M(32%)->34M(2%)
[328.373s][info][gc,start    ] GC(207) Garbage Collection (Proactive)
[328.373s][info][gc,task     ] GC(207) Using 12 workers
[328.373s][info][gc,phases   ] GC(207) Pause Mark Start 0.014ms
[328.388s][info][gc,phases   ] GC(207) Concurrent Mark 15.194ms
[328.389s][info][gc,phases   ] GC(207) Pause Mark End 0.023ms
[328.389s][info][gc,phases   ] GC(207) Concurrent Mark Free 0.001ms
[328.390s][info][gc,phases   ] GC(207) Concurrent Process Non-Strong References 1.030ms
[328.390s][info][gc,phases   ] GC(207) Concurrent Reset Relocation Set 0.014ms
[328.394s][info][gc,phases   ] GC(207) Concurrent Select Relocation Set 3.840ms
[328.394s][info][gc,phases   ] GC(207) Pause Relocate Start 0.009ms
[328.398s][info][gc,phases   ] GC(207) Concurrent Relocate 3.880ms
[328.398s][info][gc,load     ] GC(207) Load: 0.00/0.00/0.00
[328.398s][info][gc,mmu      ] GC(207) MMU: 2ms/98.4%, 5ms/99.4%, 10ms/99.6%, 20ms/99.7%, 50ms/99.8%, 100ms/99.9%
[328.398s][info][gc,marking  ] GC(207) Mark: 8 stripe(s), 2 proactive flush(es), 1 terminate flush(es), 0 completion(s), 0 continuation(s) 
[328.398s][info][gc,marking  ] GC(207) Mark Stack Usage: 32M
[328.398s][info][gc,nmethod  ] GC(207) NMethods: 2015 registered, 398 unregistered
[328.398s][info][gc,metaspace] GC(207) Metaspace: 9M used, 10M committed, 1088M reserved
[328.398s][info][gc,ref      ] GC(207) Soft: 214 encountered, 0 discovered, 0 enqueued
[328.398s][info][gc,ref      ] GC(207) Weak: 816 encountered, 181 discovered, 0 enqueued
[328.398s][info][gc,ref      ] GC(207) Final: 0 encountered, 0 discovered, 0 enqueued
[328.398s][info][gc,ref      ] GC(207) Phantom: 27 encountered, 16 discovered, 0 enqueued
[328.398s][info][gc,reloc    ] GC(207) Small Pages: 286 / 572M, Empty: 442M, Relocated: 4M, In-Place: 0
[328.398s][info][gc,reloc    ] GC(207) Medium Pages: 0 / 0M, Empty: 0M, Relocated: 0M, In-Place: 0
[328.398s][info][gc,reloc    ] GC(207) Large Pages: 0 / 0M, Empty: 0M, Relocated: 0M, In-Place: 0
[328.398s][info][gc,reloc    ] GC(207) Forwarding Usage: 2M
[328.398s][info][gc,heap     ] GC(207) Min Capacity: 8M(0%)
[328.399s][info][gc,heap     ] GC(207) Max Capacity: 2048M(100%)
[328.399s][info][gc,heap     ] GC(207) Soft Max Capacity: 2048M(100%)
[328.399s][info][gc,heap     ] GC(207)                Mark Start          Mark End        Relocate Start      Relocate End           High               Low         
[328.399s][info][gc,heap     ] GC(207)  Capacity:     1672M (82%)        1672M (82%)        1672M (82%)        1672M (82%)        1672M (82%)        1672M (82%)    
[328.399s][info][gc,heap     ] GC(207)      Free:     1476M (72%)        1470M (72%)        1910M (93%)        2012M (98%)        2012M (98%)        1468M (72%)    
[328.399s][info][gc,heap     ] GC(207)      Used:      572M (28%)         578M (28%)         138M (7%)           36M (2%)          580M (28%)          36M (2%)     
[328.399s][info][gc,heap     ] GC(207)      Live:         -                 6M (0%)            6M (0%)            6M (0%)             -                  -          
[328.399s][info][gc,heap     ] GC(207) Allocated:         -                 6M (0%)            8M (0%)            9M (0%)             -                  -          
[328.399s][info][gc,heap     ] GC(207)   Garbage:         -               565M (28%)         123M (6%)           19M (1%)             -                  -          
[328.399s][info][gc,heap     ] GC(207) Reclaimed:         -                  -               442M (22%)         545M (27%)            -                  -          
[328.399s][info][gc          ] GC(207) Garbage Collection (Proactive) 572M(28%)->36M(2%)
[329.808s][info][gc,start    ] GC(208) Garbage Collection (System.gc())
[329.808s][info][gc,task     ] GC(208) Using 12 workers
[329.808s][info][gc,phases   ] GC(208) Pause Mark Start 0.018ms
[329.814s][info][gc,phases   ] GC(208) Concurrent Mark 5.738ms
[329.814s][info][gc,phases   ] GC(208) Pause Mark End 0.021ms
[329.815s][info][gc,phases   ] GC(208) Concurrent Mark Free 0.001ms
[329.816s][info][gc,phases   ] GC(208) Concurrent Process Non-Strong References 0.941ms
[329.816s][info][gc,phases   ] GC(208) Concurrent Reset Relocation Set 0.010ms
[329.819s][info][gc,phases   ] GC(208) Concurrent Select Relocation Set 3.885ms
[329.820s][info][gc,phases   ] GC(208) Pause Relocate Start 0.010ms
[329.824s][info][gc,phases   ] GC(208) Concurrent Relocate 4.172ms
[329.824s][info][gc,load     ] GC(208) Load: 0.00/0.00/0.00
[329.824s][info][gc,mmu      ] GC(208) MMU: 2ms/98.4%, 5ms/99.4%, 10ms/99.6%, 20ms/99.7%, 50ms/99.8%, 100ms/99.9%
[329.824s][info][gc,marking  ] GC(208) Mark: 8 stripe(s), 1 proactive flush(es), 1 terminate flush(es), 0 completion(s), 0 continuation(s) 
[329.824s][info][gc,marking  ] GC(208) Mark Stack Usage: 32M
[329.824s][info][gc,nmethod  ] GC(208) NMethods: 2015 registered, 398 unregistered
[329.824s][info][gc,metaspace] GC(208) Metaspace: 9M used, 10M committed, 1088M reserved
[329.824s][info][gc,ref      ] GC(208) Soft: 214 encountered, 0 discovered, 0 enqueued
[329.824s][info][gc,ref      ] GC(208) Weak: 816 encountered, 107 discovered, 0 enqueued
[329.824s][info][gc,ref      ] GC(208) Final: 0 encountered, 0 discovered, 0 enqueued
[329.824s][info][gc,ref      ] GC(208) Phantom: 27 encountered, 14 discovered, 0 enqueued
[329.824s][info][gc,reloc    ] GC(208) Small Pages: 241 / 482M, Empty: 462M, Relocated: 4M, In-Place: 0
[329.824s][info][gc,reloc    ] GC(208) Medium Pages: 0 / 0M, Empty: 0M, Relocated: 0M, In-Place: 0
[329.824s][info][gc,reloc    ] GC(208) Large Pages: 0 / 0M, Empty: 0M, Relocated: 0M, In-Place: 0
[329.824s][info][gc,reloc    ] GC(208) Forwarding Usage: 1M
[329.824s][info][gc,heap     ] GC(208) Min Capacity: 8M(0%)
[329.824s][info][gc,heap     ] GC(208) Max Capacity: 2048M(100%)
[329.824s][info][gc,heap     ] GC(208) Soft Max Capacity: 2048M(100%)
[329.824s][info][gc,heap     ] GC(208)                Mark Start          Mark End        Relocate Start      Relocate End           High               Low         
[329.824s][info][gc,heap     ] GC(208)  Capacity:     1672M (82%)        1672M (82%)        1672M (82%)        1672M (82%)        1672M (82%)        1672M (82%)    
[329.824s][info][gc,heap     ] GC(208)      Free:     1566M (76%)        1566M (76%)        2028M (99%)        2028M (99%)        2028M (99%)        1566M (76%)    
[329.825s][info][gc,heap     ] GC(208)      Used:      482M (24%)         482M (24%)          20M (1%)           20M (1%)          482M (24%)          20M (1%)     
[329.825s][info][gc,heap     ] GC(208)      Live:         -                 4M (0%)            4M (0%)            4M (0%)             -                  -          
[329.825s][info][gc,heap     ] GC(208) Allocated:         -                 0M (0%)            0M (0%)            0M (0%)             -                  -          
[329.825s][info][gc,heap     ] GC(208)   Garbage:         -               477M (23%)          15M (1%)           15M (1%)             -                  -          
[329.825s][info][gc,heap     ] GC(208) Reclaimed:         -                  -               462M (23%)         462M (23%)            -                  -          
[329.825s][info][gc          ] GC(208) Garbage Collection (System.gc()) 482M(24%)->20M(1%)
[330.174s][info][gc,stats    ] === Garbage Collection Statistics =======================================================================================================================
[330.174s][info][gc,stats    ]                                                              Last 10s              Last 10m              Last 10h                Total
[330.175s][info][gc,stats    ]                                                              Avg / Max             Avg / Max             Avg / Max             Avg / Max
[330.175s][info][gc,stats    ]   Collector: Garbage Collection Cycle                     23.253 / 28.111       25.848 / 57.424       25.848 / 57.424       25.848 / 57.424      ms
[330.175s][info][gc,stats    ]  Contention: Mark Segment Reset Contention                     1 / 5                 1 / 13                1 / 13                1 / 13          ops/s
[330.175s][info][gc,stats    ]  Contention: Mark SeqNum Reset Contention                      0 / 2                 0 / 2                 0 / 2                 0 / 2           ops/s
[330.175s][info][gc,stats    ]    Critical: Allocation Stall                                  0 / 0                 0 / 0                 0 / 0                 0 / 0           ops/s
[330.175s][info][gc,stats    ]    Critical: Allocation Stall                              0.000 / 0.000         0.000 / 0.000         0.000 / 0.000         0.000 / 0.000       ms
[330.175s][info][gc,stats    ]    Critical: GC Locker Stall                                   0 / 0                 0 / 0                 0 / 0                 0 / 0           ops/s
[330.175s][info][gc,stats    ]    Critical: GC Locker Stall                               0.000 / 0.000         0.000 / 0.000         0.000 / 0.000         0.000 / 0.000       ms
[330.175s][info][gc,stats    ]    Critical: Relocation Stall                                  0 / 0                 0 / 0                 0 / 0                 0 / 0           ops/s
[330.175s][info][gc,stats    ]    Critical: Relocation Stall                              0.000 / 0.000         0.000 / 0.000         0.000 / 0.000         0.000 / 0.000       ms
[330.175s][info][gc,stats    ]      Memory: Allocation Rate                                 323 / 336             321 / 344             321 / 344             321 / 344         MB/s
[330.175s][info][gc,stats    ]      Memory: Defragment                                        0 / 0                 0 / 0                 0 / 0                 0 / 0           ops/s
[330.175s][info][gc,stats    ]      Memory: Out Of Memory                                     0 / 0                 0 / 0                 0 / 0                 0 / 0           ops/s
[330.175s][info][gc,stats    ]      Memory: Page Cache Flush                                  0 / 0                 0 / 0                 0 / 0                 0 / 0           MB/s
[330.175s][info][gc,stats    ]      Memory: Page Cache Hit L1                               169 / 184             165 / 184             165 / 184             165 / 184         ops/s
[330.175s][info][gc,stats    ]      Memory: Page Cache Hit L2                                 0 / 0                 0 / 0                 0 / 0                 0 / 0           ops/s
[330.175s][info][gc,stats    ]      Memory: Page Cache Hit L3                                 0 / 0                 2 / 145               2 / 145               2 / 145         ops/s
[330.175s][info][gc,stats    ]      Memory: Page Cache Miss                                   0 / 0                 0 / 1                 0 / 1                 0 / 1           ops/s
[330.175s][info][gc,stats    ]      Memory: Uncommit                                          0 / 0                 1 / 376               1 / 376               1 / 376         MB/s
[330.175s][info][gc,stats    ]      Memory: Undo Object Allocation Failed                     0 / 1                 0 / 5                 0 / 5                 0 / 5           ops/s
[330.175s][info][gc,stats    ]      Memory: Undo Object Allocation Succeeded                  0 / 1                 0 / 4                 0 / 4                 0 / 4           ops/s
[330.175s][info][gc,stats    ]      Memory: Undo Page Allocation                              1 / 3                 1 / 6                 1 / 6                 1 / 6           ops/s
[330.176s][info][gc,stats    ]       Phase: Concurrent Mark                              12.863 / 15.234       14.775 / 30.725       14.775 / 30.725       14.775 / 30.725      ms
[330.176s][info][gc,stats    ]       Phase: Concurrent Mark Continue                      0.000 / 0.000         0.000 / 0.000         0.000 / 0.000         0.000 / 0.000       ms
[330.176s][info][gc,stats    ]       Phase: Concurrent Mark Free                          0.001 / 0.002         0.001 / 0.002         0.001 / 0.002         0.001 / 0.002       ms
[330.176s][info][gc,stats    ]       Phase: Concurrent Process Non-Strong References      1.002 / 1.038         1.004 / 5.203         1.004 / 5.203         1.004 / 5.203       ms
[330.176s][info][gc,stats    ]       Phase: Concurrent Relocate                           3.560 / 4.172         3.372 / 5.248         3.372 / 5.248         3.372 / 5.248       ms
[330.176s][info][gc,stats    ]       Phase: Concurrent Reset Relocation Set               0.010 / 0.014         0.008 / 0.016         0.008 / 0.016         0.008 / 0.016       ms
[330.176s][info][gc,stats    ]       Phase: Concurrent Select Relocation Set              4.670 / 7.073         5.238 / 15.037        5.238 / 15.037        5.238 / 15.037      ms
[330.176s][info][gc,stats    ]       Phase: Pause Mark End                                0.023 / 0.026         0.023 / 0.032         0.023 / 0.032         0.023 / 0.032       ms
[330.176s][info][gc,stats    ]       Phase: Pause Mark Start                              0.017 / 0.018         0.018 / 0.030         0.018 / 0.030         0.018 / 0.030       ms
[330.176s][info][gc,stats    ]       Phase: Pause Relocate Start                          0.009 / 0.010         0.009 / 0.012         0.009 / 0.012         0.009 / 0.012       ms
[330.176s][info][gc,stats    ]    Subphase: Concurrent Classes Purge                      0.006 / 0.018         0.018 / 0.832         0.018 / 0.832         0.018 / 0.832       ms
[330.176s][info][gc,stats    ]    Subphase: Concurrent Classes Unlink                     0.692 / 0.717         0.681 / 4.025         0.681 / 4.025         0.681 / 4.025       ms
[330.176s][info][gc,stats    ]    Subphase: Concurrent Mark                              11.173 / 14.188       12.843 / 23.255       12.843 / 23.255       12.843 / 23.255      ms
[330.176s][info][gc,stats    ]    Subphase: Concurrent Mark Try Flush                     0.071 / 0.105         0.072 / 0.200         0.072 / 0.200         0.072 / 0.200       ms
[330.176s][info][gc,stats    ]    Subphase: Concurrent Mark Try Terminate                 6.813 / 11.312        8.011 / 16.635        8.011 / 16.635        8.011 / 16.635      ms
[330.176s][info][gc,stats    ]    Subphase: Concurrent References Enqueue                 0.000 / 0.001         0.000 / 0.004         0.000 / 0.004         0.000 / 0.004       ms
[330.176s][info][gc,stats    ]    Subphase: Concurrent References Process                 0.045 / 0.051         0.047 / 0.091         0.047 / 0.091         0.047 / 0.091       ms
[330.176s][info][gc,stats    ]    Subphase: Concurrent Roots ClassLoaderDataGraph         0.086 / 0.639         0.089 / 0.967         0.089 / 0.967         0.089 / 0.967       ms
[330.176s][info][gc,stats    ]    Subphase: Concurrent Roots CodeCache                    0.000 / 0.000         0.000 / 0.000         0.000 / 0.000         0.000 / 0.000       ms
[330.176s][info][gc,stats    ]    Subphase: Concurrent Roots JavaThreads                  0.593 / 1.135         0.562 / 7.350         0.562 / 7.350         0.562 / 7.350       ms
[330.176s][info][gc,stats    ]    Subphase: Concurrent Roots OopStorageSet                0.015 / 0.047         0.018 / 0.273         0.018 / 0.273         0.018 / 0.273       ms
[330.176s][info][gc,stats    ]    Subphase: Concurrent Weak Roots OopStorageSet           0.137 / 0.149         0.135 / 0.173         0.135 / 0.173         0.135 / 0.173       ms
[330.176s][info][gc,stats    ]    Subphase: Pause Mark Try Complete                       0.000 / 0.000         0.000 / 0.000         0.000 / 0.000         0.000 / 0.000       ms
[330.177s][info][gc,stats    ]      System: Java Threads                                     40 / 41               35 / 42               35 / 42               35 / 42          threads
[330.177s][info][gc,stats    ] =========================================================================================================================================================
[331.469s][info][gc,start    ] GC(209) Garbage Collection (Proactive)
[331.469s][info][gc,task     ] GC(209) Using 12 workers
[331.470s][info][gc,phases   ] GC(209) Pause Mark Start 0.019ms
[331.485s][info][gc,phases   ] GC(209) Concurrent Mark 15.122ms
[331.485s][info][gc,phases   ] GC(209) Pause Mark End 0.023ms
[331.485s][info][gc,phases   ] GC(209) Concurrent Mark Free 0.001ms
[331.486s][info][gc,phases   ] GC(209) Concurrent Process Non-Strong References 1.016ms
[331.486s][info][gc,phases   ] GC(209) Concurrent Reset Relocation Set 0.002ms
[331.494s][info][gc,phases   ] GC(209) Concurrent Select Relocation Set 7.297ms
[331.494s][info][gc,phases   ] GC(209) Pause Relocate Start 0.008ms
[331.497s][info][gc,phases   ] GC(209) Concurrent Relocate 3.370ms
[331.497s][info][gc,load     ] GC(209) Load: 0.00/0.00/0.00
[331.497s][info][gc,mmu      ] GC(209) MMU: 2ms/98.4%, 5ms/99.4%, 10ms/99.6%, 20ms/99.7%, 50ms/99.8%, 100ms/99.9%
[331.497s][info][gc,marking  ] GC(209) Mark: 8 stripe(s), 3 proactive flush(es), 1 terminate flush(es), 0 completion(s), 0 continuation(s) 
[331.497s][info][gc,marking  ] GC(209) Mark Stack Usage: 32M
[331.497s][info][gc,nmethod  ] GC(209) NMethods: 2015 registered, 398 unregistered
[331.498s][info][gc,metaspace] GC(209) Metaspace: 9M used, 10M committed, 1088M reserved
[331.498s][info][gc,ref      ] GC(209) Soft: 214 encountered, 0 discovered, 0 enqueued
[331.498s][info][gc,ref      ] GC(209) Weak: 816 encountered, 39 discovered, 0 enqueued
[331.498s][info][gc,ref      ] GC(209) Final: 0 encountered, 0 discovered, 0 enqueued
[331.498s][info][gc,ref      ] GC(209) Phantom: 27 encountered, 23 discovered, 0 enqueued
[331.498s][info][gc,reloc    ] GC(209) Small Pages: 268 / 536M, Empty: 362M, Relocated: 4M, In-Place: 0
[331.498s][info][gc,reloc    ] GC(209) Medium Pages: 0 / 0M, Empty: 0M, Relocated: 0M, In-Place: 0
[331.498s][info][gc,reloc    ] GC(209) Large Pages: 0 / 0M, Empty: 0M, Relocated: 0M, In-Place: 0
[331.498s][info][gc,reloc    ] GC(209) Forwarding Usage: 2M
[331.498s][info][gc,heap     ] GC(209) Min Capacity: 8M(0%)
[331.498s][info][gc,heap     ] GC(209) Max Capacity: 2048M(100%)
[331.498s][info][gc,heap     ] GC(209) Soft Max Capacity: 2048M(100%)
[331.498s][info][gc,heap     ] GC(209)                Mark Start          Mark End        Relocate Start      Relocate End           High               Low         
[331.498s][info][gc,heap     ] GC(209)  Capacity:     1672M (82%)        1672M (82%)        1672M (82%)        1672M (82%)        1672M (82%)        1672M (82%)    
[331.498s][info][gc,heap     ] GC(209)      Free:     1512M (74%)        1504M (73%)        1866M (91%)        2012M (98%)        2012M (98%)        1504M (73%)    
[331.498s][info][gc,heap     ] GC(209)      Used:      536M (26%)         544M (27%)         182M (9%)           36M (2%)          544M (27%)          36M (2%)     
[331.498s][info][gc,heap     ] GC(209)      Live:         -                 6M (0%)            6M (0%)            6M (0%)             -                  -          
[331.498s][info][gc,heap     ] GC(209) Allocated:         -                 8M (0%)            8M (0%)            9M (0%)             -                  -          
[331.498s][info][gc,heap     ] GC(209)   Garbage:         -               529M (26%)         167M (8%)           19M (1%)             -                  -          
[331.498s][info][gc,heap     ] GC(209) Reclaimed:         -                  -               362M (18%)         509M (25%)            -                  -          
[331.498s][info][gc          ] GC(209) Garbage Collection (Proactive) 536M(26%)->36M(2%)
[333.574s][info][gc,start    ] GC(210) Garbage Collection (Proactive)
[333.575s][info][gc,task     ] GC(210) Using 12 workers
[333.575s][info][gc,phases   ] GC(210) Pause Mark Start 0.018ms
[333.590s][info][gc,phases   ] GC(210) Concurrent Mark 15.147ms
[333.590s][info][gc,phases   ] GC(210) Pause Mark End 0.025ms
[333.590s][info][gc,phases   ] GC(210) Concurrent Mark Free 0.001ms
[333.591s][info][gc,phases   ] GC(210) Concurrent Process Non-Strong References 1.044ms
[333.591s][info][gc,phases   ] GC(210) Concurrent Reset Relocation Set 0.012ms
[333.595s][info][gc,phases   ] GC(210) Concurrent Select Relocation Set 3.901ms
[333.596s][info][gc,phases   ] GC(210) Pause Relocate Start 0.010ms
[333.599s][info][gc,phases   ] GC(210) Concurrent Relocate 3.421ms
[333.599s][info][gc,load     ] GC(210) Load: 0.00/0.00/0.00
[333.599s][info][gc,mmu      ] GC(210) MMU: 2ms/98.4%, 5ms/99.4%, 10ms/99.6%, 20ms/99.7%, 50ms/99.8%, 100ms/99.9%
[333.599s][info][gc,marking  ] GC(210) Mark: 8 stripe(s), 2 proactive flush(es), 1 terminate flush(es), 0 completion(s), 0 continuation(s) 
[333.599s][info][gc,marking  ] GC(210) Mark Stack Usage: 32M
[333.599s][info][gc,nmethod  ] GC(210) NMethods: 2015 registered, 398 unregistered
[333.599s][info][gc,metaspace] GC(210) Metaspace: 9M used, 10M committed, 1088M reserved
[333.599s][info][gc,ref      ] GC(210) Soft: 214 encountered, 0 discovered, 0 enqueued
[333.599s][info][gc,ref      ] GC(210) Weak: 816 encountered, 8 discovered, 0 enqueued
[333.599s][info][gc,ref      ] GC(210) Final: 0 encountered, 0 discovered, 0 enqueued
[333.600s][info][gc,ref      ] GC(210) Phantom: 27 encountered, 22 discovered, 0 enqueued
[333.600s][info][gc,reloc    ] GC(210) Small Pages: 344 / 688M, Empty: 522M, Relocated: 4M, In-Place: 0
[333.600s][info][gc,reloc    ] GC(210) Medium Pages: 0 / 0M, Empty: 0M, Relocated: 0M, In-Place: 0
[333.600s][info][gc,reloc    ] GC(210) Large Pages: 0 / 0M, Empty: 0M, Relocated: 0M, In-Place: 0
[333.600s][info][gc,reloc    ] GC(210) Forwarding Usage: 2M
[333.600s][info][gc,heap     ] GC(210) Min Capacity: 8M(0%)
[333.600s][info][gc,heap     ] GC(210) Max Capacity: 2048M(100%)
[333.600s][info][gc,heap     ] GC(210) Soft Max Capacity: 2048M(100%)
[333.600s][info][gc,heap     ] GC(210)                Mark Start          Mark End        Relocate Start      Relocate End           High               Low         
[333.600s][info][gc,heap     ] GC(210)  Capacity:     1672M (82%)        1672M (82%)        1672M (82%)        1672M (82%)        1672M (82%)        1672M (82%)    
[333.600s][info][gc,heap     ] GC(210)      Free:     1360M (66%)        1354M (66%)        1874M (92%)        2014M (98%)        2014M (98%)        1354M (66%)    
[333.600s][info][gc,heap     ] GC(210)      Used:      688M (34%)         694M (34%)         174M (8%)           34M (2%)          694M (34%)          34M (2%)     
[333.600s][info][gc,heap     ] GC(210)      Live:         -                 6M (0%)            6M (0%)            6M (0%)             -                  -          
[333.600s][info][gc,heap     ] GC(210) Allocated:         -                 6M (0%)            8M (0%)            7M (0%)             -                  -          
[333.600s][info][gc,heap     ] GC(210)   Garbage:         -               681M (33%)         159M (8%)           19M (1%)             -                  -          
[333.600s][info][gc,heap     ] GC(210) Reclaimed:         -                  -               522M (25%)         661M (32%)            -                  -          
[333.600s][info][gc          ] GC(210) Garbage Collection (Proactive) 688M(34%)->34M(2%)
[335.376s][info][gc,start    ] GC(211) Garbage Collection (Proactive)
[335.376s][info][gc,task     ] GC(211) Using 12 workers
[335.376s][info][gc,phases   ] GC(211) Pause Mark Start 0.018ms
[335.392s][info][gc,phases   ] GC(211) Concurrent Mark 15.162ms
[335.392s][info][gc,phases   ] GC(211) Pause Mark End 0.023ms
[335.392s][info][gc,phases   ] GC(211) Concurrent Mark Free 0.001ms
[335.393s][info][gc,phases   ] GC(211) Concurrent Process Non-Strong References 1.044ms
[335.393s][info][gc,phases   ] GC(211) Concurrent Reset Relocation Set 0.012ms
[335.397s][info][gc,phases   ] GC(211) Concurrent Select Relocation Set 3.847ms
[335.397s][info][gc,phases   ] GC(211) Pause Relocate Start 0.008ms
[335.402s][info][gc,phases   ] GC(211) Concurrent Relocate 5.091ms
[335.402s][info][gc,load     ] GC(211) Load: 0.00/0.00/0.00
[335.403s][info][gc,mmu      ] GC(211) MMU: 2ms/98.4%, 5ms/99.4%, 10ms/99.6%, 20ms/99.7%, 50ms/99.8%, 100ms/99.9%
[335.403s][info][gc,marking  ] GC(211) Mark: 8 stripe(s), 3 proactive flush(es), 1 terminate flush(es), 0 completion(s), 0 continuation(s) 
[335.403s][info][gc,marking  ] GC(211) Mark Stack Usage: 32M
[335.403s][info][gc,nmethod  ] GC(211) NMethods: 2015 registered, 398 unregistered
[335.403s][info][gc,metaspace] GC(211) Metaspace: 9M used, 10M committed, 1088M reserved
[335.403s][info][gc,ref      ] GC(211) Soft: 214 encountered, 0 discovered, 0 enqueued
[335.403s][info][gc,ref      ] GC(211) Weak: 816 encountered, 212 discovered, 0 enqueued
[335.403s][info][gc,ref      ] GC(211) Final: 0 encountered, 0 discovered, 0 enqueued
[335.403s][info][gc,ref      ] GC(211) Phantom: 27 encountered, 17 discovered, 0 enqueued
[335.403s][info][gc,reloc    ] GC(211) Small Pages: 297 / 594M, Empty: 496M, Relocated: 4M, In-Place: 0
[335.403s][info][gc,reloc    ] GC(211) Medium Pages: 0 / 0M, Empty: 0M, Relocated: 0M, In-Place: 0
[335.403s][info][gc,reloc    ] GC(211) Large Pages: 0 / 0M, Empty: 0M, Relocated: 0M, In-Place: 0
[335.403s][info][gc,reloc    ] GC(211) Forwarding Usage: 1M
[335.403s][info][gc,heap     ] GC(211) Min Capacity: 8M(0%)
[335.403s][info][gc,heap     ] GC(211) Max Capacity: 2048M(100%)
[335.403s][info][gc,heap     ] GC(211) Soft Max Capacity: 2048M(100%)
[335.403s][info][gc,heap     ] GC(211)                Mark Start          Mark End        Relocate Start      Relocate End           High               Low         
[335.403s][info][gc,heap     ] GC(211)  Capacity:     1672M (82%)        1672M (82%)        1672M (82%)        1672M (82%)        1672M (82%)        1672M (82%)    
[335.403s][info][gc,heap     ] GC(211)      Free:     1454M (71%)        1448M (71%)        1942M (95%)        2012M (98%)        2012M (98%)        1446M (71%)    
[335.403s][info][gc,heap     ] GC(211)      Used:      594M (29%)         600M (29%)         106M (5%)           36M (2%)          602M (29%)          36M (2%)     
[335.403s][info][gc,heap     ] GC(211)      Live:         -                 6M (0%)            6M (0%)            6M (0%)             -                  -          
[335.403s][info][gc,heap     ] GC(211) Allocated:         -                 6M (0%)            8M (0%)            9M (0%)             -                  -          
[335.403s][info][gc,heap     ] GC(211)   Garbage:         -               587M (29%)          91M (4%)           19M (1%)             -                  -          
[335.403s][info][gc,heap     ] GC(211) Reclaimed:         -                  -               496M (24%)         567M (28%)            -                  -          
[335.403s][info][gc          ] GC(211) Garbage Collection (Proactive) 594M(29%)->36M(2%)
[336.739s][info][gc,start    ] GC(212) Garbage Collection (System.gc())
[336.739s][info][gc,task     ] GC(212) Using 12 workers
[336.739s][info][gc,phases   ] GC(212) Pause Mark Start 0.018ms
[336.749s][info][gc,phases   ] GC(212) Concurrent Mark 9.648ms
[336.749s][info][gc,phases   ] GC(212) Pause Mark End 0.020ms
[336.749s][info][gc,phases   ] GC(212) Concurrent Mark Free 0.001ms
[336.750s][info][gc,phases   ] GC(212) Concurrent Process Non-Strong References 0.927ms
[336.750s][info][gc,phases   ] GC(212) Concurrent Reset Relocation Set 0.008ms
[336.754s][info][gc,phases   ] GC(212) Concurrent Select Relocation Set 3.724ms
[336.754s][info][gc,phases   ] GC(212) Pause Relocate Start 0.006ms
[336.757s][info][gc,phases   ] GC(212) Concurrent Relocate 3.116ms
[336.757s][info][gc,load     ] GC(212) Load: 0.00/0.00/0.00
[336.757s][info][gc,mmu      ] GC(212) MMU: 2ms/98.4%, 5ms/99.4%, 10ms/99.6%, 20ms/99.7%, 50ms/99.8%, 100ms/99.9%
[336.757s][info][gc,marking  ] GC(212) Mark: 8 stripe(s), 1 proactive flush(es), 1 terminate flush(es), 0 completion(s), 0 continuation(s) 
[336.758s][info][gc,marking  ] GC(212) Mark Stack Usage: 32M
[336.758s][info][gc,nmethod  ] GC(212) NMethods: 2015 registered, 398 unregistered
[336.758s][info][gc,metaspace] GC(212) Metaspace: 9M used, 10M committed, 1088M reserved
[336.758s][info][gc,ref      ] GC(212) Soft: 214 encountered, 0 discovered, 0 enqueued
[336.758s][info][gc,ref      ] GC(212) Weak: 816 encountered, 164 discovered, 0 enqueued
[336.758s][info][gc,ref      ] GC(212) Final: 0 encountered, 0 discovered, 0 enqueued
[336.758s][info][gc,ref      ] GC(212) Phantom: 27 encountered, 20 discovered, 0 enqueued
[336.758s][info][gc,reloc    ] GC(212) Small Pages: 234 / 468M, Empty: 450M, Relocated: 4M, In-Place: 0
[336.758s][info][gc,reloc    ] GC(212) Medium Pages: 0 / 0M, Empty: 0M, Relocated: 0M, In-Place: 0
[336.758s][info][gc,reloc    ] GC(212) Large Pages: 0 / 0M, Empty: 0M, Relocated: 0M, In-Place: 0
[336.758s][info][gc,reloc    ] GC(212) Forwarding Usage: 1M
[336.758s][info][gc,heap     ] GC(212) Min Capacity: 8M(0%)
[336.758s][info][gc,heap     ] GC(212) Max Capacity: 2048M(100%)
[336.758s][info][gc,heap     ] GC(212) Soft Max Capacity: 2048M(100%)
[336.758s][info][gc,heap     ] GC(212)                Mark Start          Mark End        Relocate Start      Relocate End           High               Low         
[336.758s][info][gc,heap     ] GC(212)  Capacity:     1672M (82%)        1672M (82%)        1672M (82%)        1672M (82%)        1672M (82%)        1672M (82%)    
[336.758s][info][gc,heap     ] GC(212)      Free:     1580M (77%)        1580M (77%)        2030M (99%)        2030M (99%)        2030M (99%)        1580M (77%)    
[336.758s][info][gc,heap     ] GC(212)      Used:      468M (23%)         468M (23%)          18M (1%)           18M (1%)          468M (23%)          18M (1%)     
[336.758s][info][gc,heap     ] GC(212)      Live:         -                 4M (0%)            4M (0%)            4M (0%)             -                  -          
[336.758s][info][gc,heap     ] GC(212) Allocated:         -                 0M (0%)            0M (0%)            0M (0%)             -                  -          
[336.758s][info][gc,heap     ] GC(212)   Garbage:         -               463M (23%)          13M (1%)           13M (1%)             -                  -          
[336.758s][info][gc,heap     ] GC(212) Reclaimed:         -                  -               450M (22%)         450M (22%)            -                  -          
[336.758s][info][gc          ] GC(212) Garbage Collection (System.gc()) 468M(23%)->18M(1%)
[338.379s][info][gc,start    ] GC(213) Garbage Collection (Proactive)
[338.379s][info][gc,task     ] GC(213) Using 12 workers
[338.379s][info][gc,phases   ] GC(213) Pause Mark Start 0.019ms
[338.395s][info][gc,phases   ] GC(213) Concurrent Mark 15.194ms
[338.395s][info][gc,phases   ] GC(213) Pause Mark End 0.024ms
[338.395s][info][gc,phases   ] GC(213) Concurrent Mark Free 0.001ms
[338.396s][info][gc,phases   ] GC(213) Concurrent Process Non-Strong References 1.106ms
[338.396s][info][gc,phases   ] GC(213) Concurrent Reset Relocation Set 0.002ms
[338.403s][info][gc,phases   ] GC(213) Concurrent Select Relocation Set 7.154ms
[338.403s][info][gc,phases   ] GC(213) Pause Relocate Start 0.011ms
[338.407s][info][gc,phases   ] GC(213) Concurrent Relocate 3.446ms
[338.407s][info][gc,load     ] GC(213) Load: 0.00/0.00/0.00
[338.407s][info][gc,mmu      ] GC(213) MMU: 2ms/98.4%, 5ms/99.4%, 10ms/99.6%, 20ms/99.7%, 50ms/99.8%, 100ms/99.9%
[338.407s][info][gc,marking  ] GC(213) Mark: 8 stripe(s), 2 proactive flush(es), 1 terminate flush(es), 0 completion(s), 0 continuation(s) 
[338.407s][info][gc,marking  ] GC(213) Mark Stack Usage: 32M
[338.407s][info][gc,nmethod  ] GC(213) NMethods: 2015 registered, 398 unregistered
[338.407s][info][gc,metaspace] GC(213) Metaspace: 9M used, 10M committed, 1088M reserved
[338.407s][info][gc,ref      ] GC(213) Soft: 214 encountered, 0 discovered, 0 enqueued
[338.407s][info][gc,ref      ] GC(213) Weak: 816 encountered, 209 discovered, 0 enqueued
[338.407s][info][gc,ref      ] GC(213) Final: 0 encountered, 0 discovered, 0 enqueued
[338.407s][info][gc,ref      ] GC(213) Phantom: 27 encountered, 23 discovered, 0 enqueued
[338.407s][info][gc,reloc    ] GC(213) Small Pages: 268 / 536M, Empty: 360M, Relocated: 4M, In-Place: 0
[338.407s][info][gc,reloc    ] GC(213) Medium Pages: 0 / 0M, Empty: 0M, Relocated: 0M, In-Place: 0
[338.407s][info][gc,reloc    ] GC(213) Large Pages: 0 / 0M, Empty: 0M, Relocated: 0M, In-Place: 0
[338.407s][info][gc,reloc    ] GC(213) Forwarding Usage: 2M
[338.407s][info][gc,heap     ] GC(213) Min Capacity: 8M(0%)
[338.408s][info][gc,heap     ] GC(213) Max Capacity: 2048M(100%)
[338.408s][info][gc,heap     ] GC(213) Soft Max Capacity: 2048M(100%)
[338.408s][info][gc,heap     ] GC(213)                Mark Start          Mark End        Relocate Start      Relocate End           High               Low         
[338.408s][info][gc,heap     ] GC(213)  Capacity:     1672M (82%)        1672M (82%)        1672M (82%)        1672M (82%)        1672M (82%)        1672M (82%)    
[338.408s][info][gc,heap     ] GC(213)      Free:     1512M (74%)        1506M (74%)        1862M (91%)        2012M (98%)        2012M (98%)        1502M (73%)    
[338.408s][info][gc,heap     ] GC(213)      Used:      536M (26%)         542M (26%)         186M (9%)           36M (2%)          546M (27%)          36M (2%)     
[338.408s][info][gc,heap     ] GC(213)      Live:         -                 6M (0%)            6M (0%)            6M (0%)             -                  -          
[338.408s][info][gc,heap     ] GC(213) Allocated:         -                 6M (0%)           10M (0%)            9M (0%)             -                  -          
[338.408s][info][gc,heap     ] GC(213)   Garbage:         -               529M (26%)         169M (8%)           19M (1%)             -                  -          
[338.408s][info][gc,heap     ] GC(213) Reclaimed:         -                  -               360M (18%)         509M (25%)            -                  -          
[338.408s][info][gc          ] GC(213) Garbage Collection (Proactive) 536M(26%)->36M(2%)
[340.167s][info][gc,stats    ] === Garbage Collection Statistics =======================================================================================================================
[340.167s][info][gc,stats    ]                                                              Last 10s              Last 10m              Last 10h                Total
[340.167s][info][gc,stats    ]                                                              Avg / Max             Avg / Max             Avg / Max             Avg / Max
[340.167s][info][gc,stats    ]   Collector: Garbage Collection Cycle                     25.165 / 28.134       25.832 / 57.424       25.832 / 57.424       25.832 / 57.424      ms
[340.167s][info][gc,stats    ]  Contention: Mark Segment Reset Contention                     1 / 5                 1 / 13                1 / 13                1 / 13          ops/s
[340.167s][info][gc,stats    ]  Contention: Mark SeqNum Reset Contention                      0 / 1                 0 / 2                 0 / 2                 0 / 2           ops/s
[340.167s][info][gc,stats    ]    Critical: Allocation Stall                                  0 / 0                 0 / 0                 0 / 0                 0 / 0           ops/s
[340.167s][info][gc,stats    ]    Critical: Allocation Stall                              0.000 / 0.000         0.000 / 0.000         0.000 / 0.000         0.000 / 0.000       ms
[340.167s][info][gc,stats    ]    Critical: GC Locker Stall                                   0 / 0                 0 / 0                 0 / 0                 0 / 0           ops/s
[340.167s][info][gc,stats    ]    Critical: GC Locker Stall                               0.000 / 0.000         0.000 / 0.000         0.000 / 0.000         0.000 / 0.000       ms
[340.167s][info][gc,stats    ]    Critical: Relocation Stall                                  0 / 0                 0 / 0                 0 / 0                 0 / 0           ops/s
[340.167s][info][gc,stats    ]    Critical: Relocation Stall                              0.000 / 0.000         0.000 / 0.000         0.000 / 0.000         0.000 / 0.000       ms
[340.167s][info][gc,stats    ]      Memory: Allocation Rate                                 320 / 328             321 / 344             321 / 344             321 / 344         MB/s
[340.167s][info][gc,stats    ]      Memory: Defragment                                        0 / 0                 0 / 0                 0 / 0                 0 / 0           ops/s
[340.167s][info][gc,stats    ]      Memory: Out Of Memory                                     0 / 0                 0 / 0                 0 / 0                 0 / 0           ops/s
[340.167s][info][gc,stats    ]      Memory: Page Cache Flush                                  0 / 0                 0 / 0                 0 / 0                 0 / 0           MB/s
[340.167s][info][gc,stats    ]      Memory: Page Cache Hit L1                               165 / 176             165 / 184             165 / 184             165 / 184         ops/s
[340.167s][info][gc,stats    ]      Memory: Page Cache Hit L2                                 0 / 0                 0 / 0                 0 / 0                 0 / 0           ops/s
[340.167s][info][gc,stats    ]      Memory: Page Cache Hit L3                                 0 / 0                 2 / 145               2 / 145               2 / 145         ops/s
[340.167s][info][gc,stats    ]      Memory: Page Cache Miss                                   0 / 0                 0 / 1                 0 / 1                 0 / 1           ops/s
[340.167s][info][gc,stats    ]      Memory: Uncommit                                          0 / 0                 1 / 376               1 / 376               1 / 376         MB/s
[340.167s][info][gc,stats    ]      Memory: Undo Object Allocation Failed                     0 / 0                 0 / 5                 0 / 5                 0 / 5           ops/s
[340.167s][info][gc,stats    ]      Memory: Undo Object Allocation Succeeded                  0 / 1                 0 / 4                 0 / 4                 0 / 4           ops/s
[340.168s][info][gc,stats    ]      Memory: Undo Page Allocation                              1 / 3                 1 / 6                 1 / 6                 1 / 6           ops/s
[340.168s][info][gc,stats    ]       Phase: Concurrent Mark                              14.054 / 15.194       14.758 / 30.725       14.758 / 30.725       14.758 / 30.725      ms
[340.168s][info][gc,stats    ]       Phase: Concurrent Mark Continue                      0.000 / 0.000         0.000 / 0.000         0.000 / 0.000         0.000 / 0.000       ms
[340.168s][info][gc,stats    ]       Phase: Concurrent Mark Free                          0.001 / 0.001         0.001 / 0.002         0.001 / 0.002         0.001 / 0.002       ms
[340.168s][info][gc,stats    ]       Phase: Concurrent Process Non-Strong References      1.027 / 1.106         1.005 / 5.203         1.005 / 5.203         1.005 / 5.203       ms
[340.168s][info][gc,stats    ]       Phase: Concurrent Relocate                           3.688 / 5.091         3.380 / 5.248         3.380 / 5.248         3.380 / 5.248       ms
[340.168s][info][gc,stats    ]       Phase: Concurrent Reset Relocation Set               0.007 / 0.012         0.008 / 0.016         0.008 / 0.016         0.008 / 0.016       ms
[340.168s][info][gc,stats    ]       Phase: Concurrent Select Relocation Set              5.185 / 7.297         5.236 / 15.037        5.236 / 15.037        5.236 / 15.037      ms
[340.168s][info][gc,stats    ]       Phase: Pause Mark End                                0.023 / 0.025         0.023 / 0.032         0.023 / 0.032         0.023 / 0.032       ms
[340.168s][info][gc,stats    ]       Phase: Pause Mark Start                              0.019 / 0.019         0.018 / 0.030         0.018 / 0.030         0.018 / 0.030       ms
[340.168s][info][gc,stats    ]       Phase: Pause Relocate Start                          0.009 / 0.011         0.009 / 0.012         0.009 / 0.012         0.009 / 0.012       ms
[340.168s][info][gc,stats    ]    Subphase: Concurrent Classes Purge                      0.005 / 0.006         0.017 / 0.832         0.017 / 0.832         0.017 / 0.832       ms
[340.168s][info][gc,stats    ]    Subphase: Concurrent Classes Unlink                     0.701 / 0.728         0.682 / 4.025         0.682 / 4.025         0.682 / 4.025       ms
[340.168s][info][gc,stats    ]    Subphase: Concurrent Mark                              12.249 / 14.034       12.829 / 23.255       12.829 / 23.255       12.829 / 23.255      ms
[340.168s][info][gc,stats    ]    Subphase: Concurrent Mark Try Flush                     0.082 / 0.110         0.072 / 0.200         0.072 / 0.200         0.072 / 0.200       ms
[340.168s][info][gc,stats    ]    Subphase: Concurrent Mark Try Terminate                 7.620 / 10.880        8.002 / 16.635        8.002 / 16.635        8.002 / 16.635      ms
[340.168s][info][gc,stats    ]    Subphase: Concurrent References Enqueue                 0.000 / 0.000         0.000 / 0.004         0.000 / 0.004         0.000 / 0.004       ms
[340.168s][info][gc,stats    ]    Subphase: Concurrent References Process                 0.049 / 0.064         0.047 / 0.091         0.047 / 0.091         0.047 / 0.091       ms
[340.168s][info][gc,stats    ]    Subphase: Concurrent Roots ClassLoaderDataGraph         0.096 / 0.713         0.089 / 0.967         0.089 / 0.967         0.089 / 0.967       ms
[340.168s][info][gc,stats    ]    Subphase: Concurrent Roots CodeCache                    0.000 / 0.000         0.000 / 0.000         0.000 / 0.000         0.000 / 0.000       ms
[340.168s][info][gc,stats    ]    Subphase: Concurrent Roots JavaThreads                  0.592 / 1.059         0.563 / 7.350         0.563 / 7.350         0.563 / 7.350       ms
[340.168s][info][gc,stats    ]    Subphase: Concurrent Roots OopStorageSet                0.017 / 0.054         0.018 / 0.273         0.018 / 0.273         0.018 / 0.273       ms
[340.168s][info][gc,stats    ]    Subphase: Concurrent Weak Roots OopStorageSet           0.149 / 0.186         0.135 / 0.186         0.135 / 0.186         0.135 / 0.186       ms
[340.168s][info][gc,stats    ]    Subphase: Pause Mark Try Complete                       0.000 / 0.000         0.000 / 0.000         0.000 / 0.000         0.000 / 0.000       ms
[340.168s][info][gc,stats    ]      System: Java Threads                                     41 / 41               35 / 42               35 / 42               35 / 42          threads
[340.168s][info][gc,stats    ] =========================================================================================================================================================
[340.370s][info][gc,start    ] GC(214) Garbage Collection (Proactive)
[340.370s][info][gc,task     ] GC(214) Using 12 workers
[340.370s][info][gc,phases   ] GC(214) Pause Mark Start 0.018ms
[340.385s][info][gc,phases   ] GC(214) Concurrent Mark 15.180ms
[340.386s][info][gc,phases   ] GC(214) Pause Mark End 0.022ms
[340.386s][info][gc,phases   ] GC(214) Concurrent Mark Free 0.001ms
[340.387s][info][gc,phases   ] GC(214) Concurrent Process Non-Strong References 1.011ms
[340.387s][info][gc,phases   ] GC(214) Concurrent Reset Relocation Set 0.015ms
[340.394s][info][gc,phases   ] GC(214) Concurrent Select Relocation Set 6.912ms
[340.394s][info][gc,phases   ] GC(214) Pause Relocate Start 0.007ms
[340.398s][info][gc,phases   ] GC(214) Concurrent Relocate 4.458ms
[340.399s][info][gc,load     ] GC(214) Load: 0.00/0.00/0.00
[340.399s][info][gc,mmu      ] GC(214) MMU: 2ms/98.4%, 5ms/99.4%, 10ms/99.6%, 20ms/99.7%, 50ms/99.8%, 100ms/99.9%
[340.399s][info][gc,marking  ] GC(214) Mark: 8 stripe(s), 2 proactive flush(es), 1 terminate flush(es), 0 completion(s), 0 continuation(s) 
[340.399s][info][gc,marking  ] GC(214) Mark Stack Usage: 32M
[340.399s][info][gc,nmethod  ] GC(214) NMethods: 2015 registered, 398 unregistered
[340.399s][info][gc,metaspace] GC(214) Metaspace: 9M used, 10M committed, 1088M reserved
[340.399s][info][gc,ref      ] GC(214) Soft: 214 encountered, 0 discovered, 0 enqueued
[340.399s][info][gc,ref      ] GC(214) Weak: 816 encountered, 84 discovered, 0 enqueued
[340.399s][info][gc,ref      ] GC(214) Final: 0 encountered, 0 discovered, 0 enqueued
[340.399s][info][gc,ref      ] GC(214) Phantom: 27 encountered, 22 discovered, 0 enqueued
[340.399s][info][gc,reloc    ] GC(214) Small Pages: 336 / 672M, Empty: 524M, Relocated: 4M, In-Place: 0
[340.399s][info][gc,reloc    ] GC(214) Medium Pages: 0 / 0M, Empty: 0M, Relocated: 0M, In-Place: 0
[340.399s][info][gc,reloc    ] GC(214) Large Pages: 0 / 0M, Empty: 0M, Relocated: 0M, In-Place: 0
[340.399s][info][gc,reloc    ] GC(214) Forwarding Usage: 2M
[340.399s][info][gc,heap     ] GC(214) Min Capacity: 8M(0%)
[340.399s][info][gc,heap     ] GC(214) Max Capacity: 2048M(100%)
[340.399s][info][gc,heap     ] GC(214) Soft Max Capacity: 2048M(100%)
[340.399s][info][gc,heap     ] GC(214)                Mark Start          Mark End        Relocate Start      Relocate End           High               Low         
[340.399s][info][gc,heap     ] GC(214)  Capacity:     1672M (82%)        1672M (82%)        1672M (82%)        1672M (82%)        1672M (82%)        1672M (82%)    
[340.399s][info][gc,heap     ] GC(214)      Free:     1376M (67%)        1370M (67%)        1890M (92%)        2012M (98%)        2012M (98%)        1368M (67%)    
[340.399s][info][gc,heap     ] GC(214)      Used:      672M (33%)         678M (33%)         158M (8%)           36M (2%)          680M (33%)          36M (2%)     
[340.399s][info][gc,heap     ] GC(214)      Live:         -                 6M (0%)            6M (0%)            6M (0%)             -                  -          
[340.399s][info][gc,heap     ] GC(214) Allocated:         -                 6M (0%)           10M (0%)            9M (0%)             -                  -          
[340.399s][info][gc,heap     ] GC(214)   Garbage:         -               665M (33%)         141M (7%)           19M (1%)             -                  -          
[340.399s][info][gc,heap     ] GC(214) Reclaimed:         -                  -               524M (26%)         645M (32%)            -                  -          
[340.399s][info][gc          ] GC(214) Garbage Collection (Proactive) 672M(33%)->36M(2%)
[342.276s][info][gc,start    ] GC(215) Garbage Collection (Proactive)
[342.276s][info][gc,task     ] GC(215) Using 12 workers
[342.276s][info][gc,phases   ] GC(215) Pause Mark Start 0.018ms
[342.291s][info][gc,phases   ] GC(215) Concurrent Mark 15.184ms
[342.291s][info][gc,phases   ] GC(215) Pause Mark End 0.021ms
[342.291s][info][gc,phases   ] GC(215) Concurrent Mark Free 0.001ms
[342.292s][info][gc,phases   ] GC(215) Concurrent Process Non-Strong References 0.947ms
[342.292s][info][gc,phases   ] GC(215) Concurrent Reset Relocation Set 0.011ms
[342.296s][info][gc,phases   ] GC(215) Concurrent Select Relocation Set 3.873ms
[342.297s][info][gc,phases   ] GC(215) Pause Relocate Start 0.008ms
[342.300s][info][gc,phases   ] GC(215) Concurrent Relocate 3.495ms
[342.300s][info][gc,load     ] GC(215) Load: 0.00/0.00/0.00
[342.300s][info][gc,mmu      ] GC(215) MMU: 2ms/98.4%, 5ms/99.4%, 10ms/99.6%, 20ms/99.7%, 50ms/99.8%, 100ms/99.9%
[342.300s][info][gc,marking  ] GC(215) Mark: 8 stripe(s), 3 proactive flush(es), 1 terminate flush(es), 0 completion(s), 0 continuation(s) 
[342.300s][info][gc,marking  ] GC(215) Mark Stack Usage: 32M
[342.300s][info][gc,nmethod  ] GC(215) NMethods: 2015 registered, 398 unregistered
[342.300s][info][gc,metaspace] GC(215) Metaspace: 9M used, 10M committed, 1088M reserved
[342.300s][info][gc,ref      ] GC(215) Soft: 214 encountered, 0 discovered, 0 enqueued
[342.300s][info][gc,ref      ] GC(215) Weak: 816 encountered, 161 discovered, 0 enqueued
[342.300s][info][gc,ref      ] GC(215) Final: 0 encountered, 0 discovered, 0 enqueued
[342.300s][info][gc,ref      ] GC(215) Phantom: 27 encountered, 15 discovered, 0 enqueued
[342.300s][info][gc,reloc    ] GC(215) Small Pages: 311 / 622M, Empty: 438M, Relocated: 4M, In-Place: 0
[342.301s][info][gc,reloc    ] GC(215) Medium Pages: 0 / 0M, Empty: 0M, Relocated: 0M, In-Place: 0
[342.301s][info][gc,reloc    ] GC(215) Large Pages: 0 / 0M, Empty: 0M, Relocated: 0M, In-Place: 0
[342.301s][info][gc,reloc    ] GC(215) Forwarding Usage: 2M
[342.301s][info][gc,heap     ] GC(215) Min Capacity: 8M(0%)
[342.301s][info][gc,heap     ] GC(215) Max Capacity: 2048M(100%)
[342.301s][info][gc,heap     ] GC(215) Soft Max Capacity: 2048M(100%)
[342.301s][info][gc,heap     ] GC(215)                Mark Start          Mark End        Relocate Start      Relocate End           High               Low         
[342.301s][info][gc,heap     ] GC(215)  Capacity:     1672M (82%)        1672M (82%)        1672M (82%)        1672M (82%)        1672M (82%)        1672M (82%)    
[342.301s][info][gc,heap     ] GC(215)      Free:     1426M (70%)        1420M (69%)        1856M (91%)        2012M (98%)        2012M (98%)        1420M (69%)    
[342.301s][info][gc,heap     ] GC(215)      Used:      622M (30%)         628M (31%)         192M (9%)           36M (2%)          628M (31%)          36M (2%)     
[342.301s][info][gc,heap     ] GC(215)      Live:         -                 6M (0%)            6M (0%)            6M (0%)             -                  -          
[342.301s][info][gc,heap     ] GC(215) Allocated:         -                 6M (0%)            8M (0%)            9M (0%)             -                  -          
[342.301s][info][gc,heap     ] GC(215)   Garbage:         -               615M (30%)         177M (9%)           19M (1%)             -                  -          
[342.301s][info][gc,heap     ] GC(215) Reclaimed:         -                  -               438M (21%)         595M (29%)            -                  -          
[342.301s][info][gc          ] GC(215) Garbage Collection (Proactive) 622M(30%)->36M(2%)
[343.591s][info][gc,heap,exit] Heap
[343.591s][info][gc,heap,exit]  ZHeap           used 446M, capacity 1672M, max capacity 2048M
[343.592s][info][gc,heap,exit]  Metaspace       used 10011K, committed 10240K, reserved 1114112K
[343.592s][info][gc,heap,exit]   class space    used 1312K, committed 1408K, reserved 1048576K
