[0.017s][info][gc] Using Epsilon
[0.022s][info][gc,init] Version: 20+36-2344 (release)
[0.022s][info][gc,init] CPUs: 48 total, 48 available
[0.023s][info][gc,init] Memory: 382G
[0.023s][info][gc,init] Large Page Support: Disabled
[0.023s][info][gc,init] NUMA Support: Disabled
[0.023s][info][gc,init] Compressed Oops: Enabled (32-bit)
[0.023s][info][gc,init] Heap Min Capacity: 6656K
[0.023s][info][gc,init] Heap Initial Capacity: 2G
[0.023s][info][gc,init] Heap Max Capacity: 2G
[0.023s][info][gc,init] Pre-touch: Disabled
[0.023s][warning][gc,init] Consider enabling -XX:+AlwaysPreTouch to avoid memory commit hiccups
[0.032s][info   ][gc,init] TLAB Size Max: 4M
[0.032s][info   ][gc,init] TLAB Size Elasticity: 1.10x
[0.032s][info   ][gc,init] TLAB Size Decay Time: 1000ms
[0.033s][info   ][gc,metaspace] CDS archive(s) mapped at: [0x0000000800000000-0x0000000800c60000-0x0000000800c60000), size 12976128, SharedBaseAddress: 0x0000000800000000, ArchiveRelocationMode: 0.
[0.033s][info   ][gc,metaspace] Compressed class space mapped at: 0x0000000801000000-0x0000000841000000, reserved size: 1073741824
[0.033s][info   ][gc,metaspace] Narrow klass base: 0x0000000800000000, Narrow klass shift: 0, Narrow klass range: 0x100000000
[1.521s][info   ][gc          ] GC request for "System.gc()" is ignored
[3.428s][info   ][gc          ] Heap: 2048M reserved, 2048M (100.00%) committed, 104M (5.09%) used
[3.428s][info   ][gc,metaspace] Metaspace: 1088M reserved, 16320K (1.46%) committed, 16068K (1.44%) used
[4.020s][info   ][gc          ] Heap: 2048M reserved, 2048M (100.00%) committed, 206M (10.10%) used
[4.020s][info   ][gc,metaspace] Metaspace: 1088M reserved, 16320K (1.46%) committed, 16112K (1.45%) used
[4.084s][info   ][gc          ] Heap: 2048M reserved, 2048M (100.00%) committed, 309M (15.10%) used
[4.084s][info   ][gc,metaspace] Metaspace: 1088M reserved, 16320K (1.46%) committed, 16113K (1.45%) used
[4.135s][info   ][gc          ] Heap: 2048M reserved, 2048M (100.00%) committed, 411M (20.11%) used
[4.135s][info   ][gc,metaspace] Metaspace: 1088M reserved, 16320K (1.46%) committed, 16113K (1.45%) used
[4.192s][info   ][gc          ] Heap: 2048M reserved, 2048M (100.00%) committed, 514M (25.14%) used
[4.192s][info   ][gc,metaspace] Metaspace: 1088M reserved, 16320K (1.46%) committed, 16113K (1.45%) used
[4.248s][info   ][gc          ] Heap: 2048M reserved, 2048M (100.00%) committed, 617M (30.15%) used
[4.248s][info   ][gc,metaspace] Metaspace: 1088M reserved, 16320K (1.46%) committed, 16113K (1.45%) used
[4.309s][info   ][gc          ] Heap: 2048M reserved, 2048M (100.00%) committed, 720M (35.18%) used
[4.309s][info   ][gc,metaspace] Metaspace: 1088M reserved, 16320K (1.46%) committed, 16113K (1.45%) used
[4.373s][info   ][gc          ] Heap: 2048M reserved, 2048M (100.00%) committed, 823M (40.23%) used
[4.373s][info   ][gc,metaspace] Metaspace: 1088M reserved, 16320K (1.46%) committed, 16113K (1.45%) used
[4.440s][info   ][gc          ] Heap: 2048M reserved, 2048M (100.00%) committed, 926M (45.25%) used
[4.440s][info   ][gc,metaspace] Metaspace: 1088M reserved, 16320K (1.46%) committed, 16113K (1.45%) used
[4.504s][info   ][gc          ] Heap: 2048M reserved, 2048M (100.00%) committed, 1030M (50.30%) used
[4.504s][info   ][gc,metaspace] Metaspace: 1088M reserved, 16320K (1.46%) committed, 16113K (1.45%) used
[4.571s][info   ][gc          ] Heap: 2048M reserved, 2048M (100.00%) committed, 1134M (55.38%) used
[4.571s][info   ][gc,metaspace] Metaspace: 1088M reserved, 16320K (1.46%) committed, 16113K (1.45%) used
[4.645s][info   ][gc          ] Heap: 2048M reserved, 2048M (100.00%) committed, 1236M (60.40%) used
[4.645s][info   ][gc,metaspace] Metaspace: 1088M reserved, 16320K (1.46%) committed, 16113K (1.45%) used
[4.716s][info   ][gc          ] Heap: 2048M reserved, 2048M (100.00%) committed, 1340M (65.46%) used
[4.716s][info   ][gc,metaspace] Metaspace: 1088M reserved, 16320K (1.46%) committed, 16113K (1.45%) used
[4.782s][info   ][gc          ] Heap: 2048M reserved, 2048M (100.00%) committed, 1445M (70.58%) used
[4.782s][info   ][gc,metaspace] Metaspace: 1088M reserved, 16320K (1.46%) committed, 16113K (1.45%) used
[4.856s][info   ][gc          ] Heap: 2048M reserved, 2048M (100.00%) committed, 1549M (75.68%) used
[4.856s][info   ][gc,metaspace] Metaspace: 1088M reserved, 16320K (1.46%) committed, 16113K (1.45%) used
[4.927s][info   ][gc          ] Heap: 2048M reserved, 2048M (100.00%) committed, 1654M (80.79%) used
[4.928s][info   ][gc,metaspace] Metaspace: 1088M reserved, 16320K (1.46%) committed, 16113K (1.45%) used
[4.990s][info   ][gc          ] Heap: 2048M reserved, 2048M (100.00%) committed, 1759M (85.89%) used
[4.990s][info   ][gc,metaspace] Metaspace: 1088M reserved, 16320K (1.46%) committed, 16113K (1.45%) used
[5.073s][info   ][gc          ] Heap: 2048M reserved, 2048M (100.00%) committed, 1864M (91.06%) used
[5.073s][info   ][gc,metaspace] Metaspace: 1088M reserved, 16320K (1.46%) committed, 16113K (1.45%) used
[5.126s][info   ][gc          ] Heap: 2048M reserved, 2048M (100.00%) committed, 1970M (96.19%) used
[5.126s][info   ][gc,metaspace] Metaspace: 1088M reserved, 16320K (1.46%) committed, 16113K (1.45%) used
