[0.012s][info][gc] Using Epsilon
[0.014s][info][gc,init] Version: 20+36-2344 (release)
[0.014s][info][gc,init] CPUs: 48 total, 48 available
[0.014s][info][gc,init] Memory: 382G
[0.015s][info][gc,init] Large Page Support: Disabled
[0.015s][info][gc,init] NUMA Support: Disabled
[0.015s][info][gc,init] Compressed Oops: Enabled (32-bit)
[0.015s][info][gc,init] Heap Min Capacity: 6656K
[0.015s][info][gc,init] Heap Initial Capacity: 1G
[0.015s][info][gc,init] Heap Max Capacity: 1G
[0.015s][info][gc,init] Pre-touch: Disabled
[0.015s][warning][gc,init] Consider enabling -XX:+AlwaysPreTouch to avoid memory commit hiccups
[0.025s][info   ][gc,init] TLAB Size Max: 4M
[0.025s][info   ][gc,init] TLAB Size Elasticity: 1.10x
[0.025s][info   ][gc,init] TLAB Size Decay Time: 1000ms
[0.026s][info   ][gc,metaspace] CDS archive(s) mapped at: [0x0000000800000000-0x0000000800c60000-0x0000000800c60000), size 12976128, SharedBaseAddress: 0x0000000800000000, ArchiveRelocationMode: 0.
[0.026s][info   ][gc,metaspace] Compressed class space mapped at: 0x0000000801000000-0x0000000841000000, reserved size: 1073741824
[0.026s][info   ][gc,metaspace] Narrow klass base: 0x0000000800000000, Narrow klass shift: 0, Narrow klass range: 0x100000000
[1.336s][info   ][gc          ] GC request for "System.gc()" is ignored
[2.479s][info   ][gc          ] Heap: 1024M reserved, 1024M (100.00%) committed, 52434K (5.00%) used
[2.479s][info   ][gc,metaspace] Metaspace: 1088M reserved, 16256K (1.46%) committed, 15999K (1.44%) used
[3.187s][info   ][gc          ] Heap: 1024M reserved, 1024M (100.00%) committed, 103M (10.15%) used
[3.187s][info   ][gc,metaspace] Metaspace: 1088M reserved, 16320K (1.46%) committed, 16070K (1.44%) used
[3.760s][info   ][gc          ] Heap: 1024M reserved, 1024M (100.00%) committed, 155M (15.16%) used
[3.760s][info   ][gc,metaspace] Metaspace: 1088M reserved, 16384K (1.47%) committed, 16111K (1.45%) used
[3.819s][info   ][gc          ] Heap: 1024M reserved, 1024M (100.00%) committed, 206M (20.17%) used
[3.820s][info   ][gc,metaspace] Metaspace: 1088M reserved, 16384K (1.47%) committed, 16113K (1.45%) used
[3.859s][info   ][gc          ] Heap: 1024M reserved, 1024M (100.00%) committed, 257M (25.18%) used
[3.860s][info   ][gc,metaspace] Metaspace: 1088M reserved, 16384K (1.47%) committed, 16113K (1.45%) used
[3.887s][info   ][gc          ] Heap: 1024M reserved, 1024M (100.00%) committed, 309M (30.20%) used
[3.887s][info   ][gc,metaspace] Metaspace: 1088M reserved, 16384K (1.47%) committed, 16113K (1.45%) used
[3.909s][info   ][gc          ] Heap: 1024M reserved, 1024M (100.00%) committed, 360M (35.22%) used
[3.909s][info   ][gc,metaspace] Metaspace: 1088M reserved, 16384K (1.47%) committed, 16113K (1.45%) used
[3.933s][info   ][gc          ] Heap: 1024M reserved, 1024M (100.00%) committed, 412M (40.28%) used
[3.934s][info   ][gc,metaspace] Metaspace: 1088M reserved, 16384K (1.47%) committed, 16113K (1.45%) used
[3.960s][info   ][gc          ] Heap: 1024M reserved, 1024M (100.00%) committed, 463M (45.30%) used
[3.960s][info   ][gc,metaspace] Metaspace: 1088M reserved, 16384K (1.47%) committed, 16113K (1.45%) used
[3.988s][info   ][gc          ] Heap: 1024M reserved, 1024M (100.00%) committed, 515M (50.33%) used
[3.988s][info   ][gc,metaspace] Metaspace: 1088M reserved, 16384K (1.47%) committed, 16113K (1.45%) used
[4.017s][info   ][gc          ] Heap: 1024M reserved, 1024M (100.00%) committed, 567M (55.39%) used
[4.017s][info   ][gc,metaspace] Metaspace: 1088M reserved, 16384K (1.47%) committed, 16113K (1.45%) used
[4.048s][info   ][gc          ] Heap: 1024M reserved, 1024M (100.00%) committed, 619M (60.45%) used
[4.048s][info   ][gc,metaspace] Metaspace: 1088M reserved, 16384K (1.47%) committed, 16113K (1.45%) used
[4.081s][info   ][gc          ] Heap: 1024M reserved, 1024M (100.00%) committed, 670M (65.52%) used
[4.081s][info   ][gc,metaspace] Metaspace: 1088M reserved, 16384K (1.47%) committed, 16113K (1.45%) used
[4.109s][info   ][gc          ] Heap: 1024M reserved, 1024M (100.00%) committed, 723M (70.62%) used
[4.109s][info   ][gc,metaspace] Metaspace: 1088M reserved, 16384K (1.47%) committed, 16113K (1.45%) used
[4.140s][info   ][gc          ] Heap: 1024M reserved, 1024M (100.00%) committed, 775M (75.75%) used
[4.140s][info   ][gc,metaspace] Metaspace: 1088M reserved, 16384K (1.47%) committed, 16113K (1.45%) used
[4.174s][info   ][gc          ] Heap: 1024M reserved, 1024M (100.00%) committed, 828M (80.88%) used
[4.174s][info   ][gc,metaspace] Metaspace: 1088M reserved, 16384K (1.47%) committed, 16113K (1.45%) used
[4.208s][info   ][gc          ] Heap: 1024M reserved, 1024M (100.00%) committed, 879M (85.90%) used
[4.208s][info   ][gc,metaspace] Metaspace: 1088M reserved, 16384K (1.47%) committed, 16113K (1.45%) used
[4.243s][info   ][gc          ] Heap: 1024M reserved, 1024M (100.00%) committed, 931M (90.99%) used
[4.243s][info   ][gc,metaspace] Metaspace: 1088M reserved, 16384K (1.47%) committed, 16113K (1.45%) used
[4.274s][info   ][gc          ] Heap: 1024M reserved, 1024M (100.00%) committed, 983M (96.03%) used
[4.274s][info   ][gc,metaspace] Metaspace: 1088M reserved, 16384K (1.47%) committed, 16113K (1.45%) used
