[0.015s][info][gc] Using Epsilon
[0.021s][info][gc,init] Version: 20+36-2344 (release)
[0.022s][info][gc,init] CPUs: 48 total, 48 available
[0.022s][info][gc,init] Memory: 382G
[0.022s][info][gc,init] Large Page Support: Disabled
[0.022s][info][gc,init] NUMA Support: Disabled
[0.022s][info][gc,init] Compressed Oops: Enabled (Zero based)
[0.022s][info][gc,init] Heap Min Capacity: 6656K
[0.022s][info][gc,init] Heap Initial Capacity: 2G
[0.022s][info][gc,init] Heap Max Capacity: 4G
[0.022s][info][gc,init] Pre-touch: Disabled
[0.022s][warning][gc,init] Consider setting -Xms equal to -Xmx to avoid resizing hiccups
[0.039s][warning][gc,init] Consider enabling -XX:+AlwaysPreTouch to avoid memory commit hiccups
[0.039s][info   ][gc,init] TLAB Size Max: 4M
[0.039s][info   ][gc,init] TLAB Size Elasticity: 1.10x
[0.039s][info   ][gc,init] TLAB Size Decay Time: 1000ms
[0.040s][info   ][gc,metaspace] CDS archive(s) mapped at: [0x0000000800000000-0x0000000800c60000-0x0000000800c60000), size 12976128, SharedBaseAddress: 0x0000000800000000, ArchiveRelocationMode: 0.
[0.040s][info   ][gc,metaspace] Compressed class space mapped at: 0x0000000801000000-0x0000000841000000, reserved size: 1073741824
[0.040s][info   ][gc,metaspace] Narrow klass base: 0x0000000800000000, Narrow klass shift: 0, Narrow klass range: 0x100000000
[1.452s][info   ][gc          ] GC request for "System.gc()" is ignored
[4.056s][info   ][gc          ] Heap: 4096M reserved, 2048M (50.00%) committed, 205M (5.01%) used
[4.056s][info   ][gc,metaspace] Metaspace: 1088M reserved, 16320K (1.46%) committed, 16090K (1.44%) used
[4.164s][info   ][gc          ] Heap: 4096M reserved, 2048M (50.00%) committed, 410M (10.01%) used
[4.165s][info   ][gc,metaspace] Metaspace: 1088M reserved, 16320K (1.46%) committed, 16090K (1.44%) used
[4.276s][info   ][gc          ] Heap: 4096M reserved, 2048M (50.00%) committed, 615M (15.02%) used
[4.276s][info   ][gc,metaspace] Metaspace: 1088M reserved, 16320K (1.46%) committed, 16090K (1.44%) used
[4.404s][info   ][gc          ] Heap: 4096M reserved, 2048M (50.00%) committed, 820M (20.04%) used
[4.404s][info   ][gc,metaspace] Metaspace: 1088M reserved, 16320K (1.46%) committed, 16090K (1.44%) used
[4.538s][info   ][gc          ] Heap: 4096M reserved, 2048M (50.00%) committed, 1025M (25.04%) used
[4.538s][info   ][gc,metaspace] Metaspace: 1088M reserved, 16320K (1.46%) committed, 16090K (1.44%) used
[4.677s][info   ][gc          ] Heap: 4096M reserved, 2048M (50.00%) committed, 1231M (30.07%) used
[4.677s][info   ][gc,metaspace] Metaspace: 1088M reserved, 16320K (1.46%) committed, 16090K (1.44%) used
[4.820s][info   ][gc          ] Heap: 4096M reserved, 2048M (50.00%) committed, 1437M (35.10%) used
[4.820s][info   ][gc,metaspace] Metaspace: 1088M reserved, 16320K (1.46%) committed, 16090K (1.44%) used
[4.958s][info   ][gc          ] Heap: 4096M reserved, 2048M (50.00%) committed, 1642M (40.11%) used
[4.959s][info   ][gc,metaspace] Metaspace: 1088M reserved, 16320K (1.46%) committed, 16090K (1.44%) used
[5.095s][info   ][gc          ] Heap: 4096M reserved, 2048M (50.00%) committed, 1851M (45.19%) used
[5.095s][info   ][gc,metaspace] Metaspace: 1088M reserved, 16320K (1.46%) committed, 16090K (1.44%) used
[5.254s][info   ][gc          ] Heap: 4096M reserved, 2176M (53.13%) committed, 2058M (50.25%) used
[5.254s][info   ][gc,metaspace] Metaspace: 1088M reserved, 16320K (1.46%) committed, 16090K (1.44%) used
[5.409s][info   ][gc          ] Heap: 4096M reserved, 2304M (56.25%) committed, 2266M (55.34%) used
[5.409s][info   ][gc,metaspace] Metaspace: 1088M reserved, 16320K (1.46%) committed, 16090K (1.44%) used
[5.567s][info   ][gc          ] Heap: 4096M reserved, 2560M (62.50%) committed, 2474M (60.40%) used
[5.567s][info   ][gc,metaspace] Metaspace: 1088M reserved, 16320K (1.46%) committed, 16090K (1.44%) used
[5.714s][info   ][gc          ] Heap: 4096M reserved, 2688M (65.63%) committed, 2682M (65.48%) used
[5.714s][info   ][gc,metaspace] Metaspace: 1088M reserved, 16320K (1.46%) committed, 16090K (1.44%) used
[5.872s][info   ][gc          ] Heap: 4096M reserved, 2944M (71.88%) committed, 2890M (70.56%) used
[5.872s][info   ][gc,metaspace] Metaspace: 1088M reserved, 16320K (1.46%) committed, 16090K (1.44%) used
[6.032s][info   ][gc          ] Heap: 4096M reserved, 3200M (78.13%) committed, 3098M (75.64%) used
[6.032s][info   ][gc,metaspace] Metaspace: 1088M reserved, 16320K (1.46%) committed, 16090K (1.44%) used
[6.314s][info   ][gc          ] Heap: 4096M reserved, 3328M (81.25%) committed, 3305M (80.70%) used
[6.314s][info   ][gc,metaspace] Metaspace: 1088M reserved, 16576K (1.49%) committed, 16284K (1.46%) used
[6.655s][info   ][gc          ] Heap: 4096M reserved, 3584M (87.50%) committed, 3513M (85.77%) used
[6.655s][info   ][gc,metaspace] Metaspace: 1088M reserved, 16576K (1.49%) committed, 16285K (1.46%) used
[7.014s][info   ][gc          ] Heap: 4096M reserved, 3840M (93.75%) committed, 3721M (90.85%) used
[7.014s][info   ][gc,metaspace] Metaspace: 1088M reserved, 16576K (1.49%) committed, 16285K (1.46%) used
[13.028s][info   ][gc          ] Heap: 4096M reserved, 3968M (96.88%) committed, 3928M (95.92%) used
[13.028s][info   ][gc,metaspace] Metaspace: 1088M reserved, 17088K (1.53%) committed, 16698K (1.50%) used
