[0.016s][info][gc] Using Epsilon
[0.018s][info][gc,init] Version: 20+36-2344 (release)
[0.018s][info][gc,init] CPUs: 48 total, 48 available
[0.018s][info][gc,init] Memory: 382G
[0.018s][info][gc,init] Large Page Support: Disabled
[0.018s][info][gc,init] NUMA Support: Disabled
[0.018s][info][gc,init] Compressed Oops: Enabled (32-bit)
[0.018s][info][gc,init] Heap Min Capacity: 6656K
[0.018s][info][gc,init] Heap Initial Capacity: 512M
[0.018s][info][gc,init] Heap Max Capacity: 512M
[0.018s][info][gc,init] Pre-touch: Disabled
[0.018s][warning][gc,init] Consider enabling -XX:+AlwaysPreTouch to avoid memory commit hiccups
[0.025s][info   ][gc,init] TLAB Size Max: 4M
[0.025s][info   ][gc,init] TLAB Size Elasticity: 1.10x
[0.025s][info   ][gc,init] TLAB Size Decay Time: 1000ms
[0.026s][info   ][gc,metaspace] CDS archive(s) mapped at: [0x0000000800000000-0x0000000800c60000-0x0000000800c60000), size 12976128, SharedBaseAddress: 0x0000000800000000, ArchiveRelocationMode: 0.
[0.026s][info   ][gc,metaspace] Compressed class space mapped at: 0x0000000801000000-0x0000000841000000, reserved size: 1073741824
[0.026s][info   ][gc,metaspace] Narrow klass base: 0x0000000800000000, Narrow klass shift: 0, Narrow klass range: 0x100000000
[1.102s][info   ][gc          ] Heap: 512M reserved, 512M (100.00%) committed, 27447K (5.24%) used
[1.102s][info   ][gc,metaspace] Metaspace: 1088M reserved, 9280K (0.83%) committed, 9082K (0.82%) used
[1.369s][info   ][gc          ] GC request for "System.gc()" is ignored
[2.483s][info   ][gc          ] Heap: 512M reserved, 512M (100.00%) committed, 53710K (10.24%) used
[2.483s][info   ][gc,metaspace] Metaspace: 1088M reserved, 16256K (1.46%) committed, 16009K (1.44%) used
[2.885s][info   ][gc          ] Heap: 512M reserved, 512M (100.00%) committed, 79935K (15.25%) used
[2.885s][info   ][gc,metaspace] Metaspace: 1088M reserved, 16320K (1.46%) committed, 16051K (1.44%) used
[4.201s][info   ][gc          ] Heap: 512M reserved, 512M (100.00%) committed, 104M (20.42%) used
[4.201s][info   ][gc,metaspace] Metaspace: 1088M reserved, 16320K (1.46%) committed, 16082K (1.44%) used
[4.970s][info   ][gc          ] Heap: 512M reserved, 512M (100.00%) committed, 130M (25.42%) used
[4.970s][info   ][gc,metaspace] Metaspace: 1088M reserved, 16320K (1.46%) committed, 16123K (1.45%) used
[5.004s][info   ][gc          ] Heap: 512M reserved, 512M (100.00%) committed, 155M (30.43%) used
[5.004s][info   ][gc,metaspace] Metaspace: 1088M reserved, 16320K (1.46%) committed, 16123K (1.45%) used
[5.034s][info   ][gc          ] Heap: 512M reserved, 512M (100.00%) committed, 181M (35.44%) used
[5.034s][info   ][gc,metaspace] Metaspace: 1088M reserved, 16320K (1.46%) committed, 16123K (1.45%) used
[5.061s][info   ][gc          ] Heap: 512M reserved, 512M (100.00%) committed, 207M (40.48%) used
[5.061s][info   ][gc,metaspace] Metaspace: 1088M reserved, 16320K (1.46%) committed, 16123K (1.45%) used
[5.077s][info   ][gc          ] Heap: 512M reserved, 512M (100.00%) committed, 233M (45.52%) used
[5.077s][info   ][gc,metaspace] Metaspace: 1088M reserved, 16320K (1.46%) committed, 16123K (1.45%) used
[5.094s][info   ][gc          ] Heap: 512M reserved, 512M (100.00%) committed, 258M (50.54%) used
[5.094s][info   ][gc,metaspace] Metaspace: 1088M reserved, 16320K (1.46%) committed, 16123K (1.45%) used
[5.108s][info   ][gc          ] Heap: 512M reserved, 512M (100.00%) committed, 284M (55.58%) used
[5.108s][info   ][gc,metaspace] Metaspace: 1088M reserved, 16320K (1.46%) committed, 16123K (1.45%) used
[5.120s][info   ][gc          ] Heap: 512M reserved, 512M (100.00%) committed, 310M (60.58%) used
[5.120s][info   ][gc,metaspace] Metaspace: 1088M reserved, 16320K (1.46%) committed, 16123K (1.45%) used
[5.132s][info   ][gc          ] Heap: 512M reserved, 512M (100.00%) committed, 336M (65.66%) used
[5.132s][info   ][gc,metaspace] Metaspace: 1088M reserved, 16320K (1.46%) committed, 16123K (1.45%) used
[5.145s][info   ][gc          ] Heap: 512M reserved, 512M (100.00%) committed, 362M (70.71%) used
[5.145s][info   ][gc,metaspace] Metaspace: 1088M reserved, 16320K (1.46%) committed, 16123K (1.45%) used
[5.175s][info   ][gc          ] Heap: 512M reserved, 512M (100.00%) committed, 388M (75.83%) used
[5.175s][info   ][gc,metaspace] Metaspace: 1088M reserved, 16320K (1.46%) committed, 16123K (1.45%) used
[5.186s][info   ][gc          ] Heap: 512M reserved, 512M (100.00%) committed, 413M (80.85%) used
[5.186s][info   ][gc,metaspace] Metaspace: 1088M reserved, 16320K (1.46%) committed, 16123K (1.45%) used
[5.197s][info   ][gc          ] Heap: 512M reserved, 512M (100.00%) committed, 439M (85.91%) used
[5.197s][info   ][gc,metaspace] Metaspace: 1088M reserved, 16320K (1.46%) committed, 16123K (1.45%) used
[5.207s][info   ][gc          ] Heap: 512M reserved, 512M (100.00%) committed, 465M (90.95%) used
[5.207s][info   ][gc,metaspace] Metaspace: 1088M reserved, 16320K (1.46%) committed, 16123K (1.45%) used
[5.220s][info   ][gc          ] Heap: 512M reserved, 512M (100.00%) committed, 491M (96.05%) used
[5.220s][info   ][gc,metaspace] Metaspace: 1088M reserved, 16320K (1.46%) committed, 16123K (1.45%) used
