[0.016s][info][gc,init] CardTable entry size: 512
[0.017s][info][gc     ] Using G1
[0.041s][info][gc,init] Version: 20+36-2344 (release)
[0.041s][info][gc,init] CPUs: 48 total, 48 available
[0.041s][info][gc,init] Memory: 382G
[0.041s][info][gc,init] Large Page Support: Disabled
[0.041s][info][gc,init] NUMA Support: Disabled
[0.041s][info][gc,init] Compressed Oops: Enabled (32-bit)
[0.041s][info][gc,init] Heap Region Size: 1M
[0.041s][info][gc,init] Heap Min Capacity: 8M
[0.041s][info][gc,init] Heap Initial Capacity: 2G
[0.041s][info][gc,init] Heap Max Capacity: 2G
[0.041s][info][gc,init] Pre-touch: Disabled
[0.050s][info][gc,init] Parallel Workers: 33
[0.050s][info][gc,init] Concurrent Workers: 8
[0.050s][info][gc,init] Concurrent Refinement Workers: 33
[0.050s][info][gc,init] Periodic GC: Disabled
[0.051s][info][gc,metaspace] CDS archive(s) mapped at: [0x0000000800000000-0x0000000800c60000-0x0000000800c60000), size 12976128, SharedBaseAddress: 0x0000000800000000, ArchiveRelocationMode: 0.
[0.051s][info][gc,metaspace] Compressed class space mapped at: 0x0000000801000000-0x0000000841000000, reserved size: 1073741824
[0.051s][info][gc,metaspace] Narrow klass base: 0x0000000800000000, Narrow klass shift: 0, Narrow klass range: 0x100000000
[1.555s][info][gc,start    ] GC(0) Pause Full (System.gc())
[1.557s][info][gc,task     ] GC(0) Using 33 workers of 33 for full compaction
[1.559s][info][gc,phases,start] GC(0) Phase 1: Mark live objects
[1.565s][info][gc,phases      ] GC(0) Phase 1: Mark live objects 5.935ms
[1.565s][info][gc,phases,start] GC(0) Phase 2: Prepare compaction
[1.573s][info][gc,phases      ] GC(0) Phase 2: Prepare compaction 7.734ms
[1.573s][info][gc,phases,start] GC(0) Phase 3: Adjust pointers
[1.576s][info][gc,phases      ] GC(0) Phase 3: Adjust pointers 2.702ms
[1.576s][info][gc,phases,start] GC(0) Phase 4: Compact heap
[1.579s][info][gc,phases      ] GC(0) Phase 4: Compact heap 3.146ms
[1.603s][info][gc,heap        ] GC(0) Eden regions: 39->0(23)
[1.603s][info][gc,heap        ] GC(0) Survivor regions: 0->0(0)
[1.603s][info][gc,heap        ] GC(0) Old regions: 0->33
[1.603s][info][gc,heap        ] GC(0) Archive regions: 0->0
[1.603s][info][gc,heap        ] GC(0) Humongous regions: 0->0
[1.603s][info][gc,metaspace   ] GC(0) Metaspace: 14220K(14464K)->14220K(14464K) NonClass: 12163K(12288K)->12163K(12288K) Class: 2057K(2176K)->2057K(2176K)
[1.603s][info][gc             ] GC(0) Pause Full (System.gc()) 38M->4M(110M) 47.515ms
[1.603s][info][gc,cpu         ] GC(0) User=0.02s Sys=1.02s Real=0.05s
[2.940s][info][gc,start       ] GC(1) Pause Young (Normal) (G1 Evacuation Pause)
[2.940s][info][gc,task        ] GC(1) Using 17 workers of 33 for evacuation
[2.942s][info][gc,phases      ] GC(1)   Pre Evacuate Collection Set: 0.1ms
[2.942s][info][gc,phases      ] GC(1)   Merge Heap Roots: 0.1ms
[2.942s][info][gc,phases      ] GC(1)   Evacuate Collection Set: 1.7ms
[2.942s][info][gc,phases      ] GC(1)   Post Evacuate Collection Set: 0.4ms
[2.942s][info][gc,phases      ] GC(1)   Other: 0.1ms
[2.942s][info][gc,heap        ] GC(1) Eden regions: 23->0(46)
[2.942s][info][gc,heap        ] GC(1) Survivor regions: 0->3(3)
[2.942s][info][gc,heap        ] GC(1) Old regions: 33->35
[2.942s][info][gc,heap        ] GC(1) Archive regions: 0->0
[2.942s][info][gc,heap        ] GC(1) Humongous regions: 0->0
[2.942s][info][gc,metaspace   ] GC(1) Metaspace: 15705K(16000K)->15705K(16000K) NonClass: 13453K(13632K)->13453K(13632K) Class: 2251K(2368K)->2251K(2368K)
[2.942s][info][gc             ] GC(1) Pause Young (Normal) (G1 Evacuation Pause) 27M->8M(110M) 2.542ms
[2.942s][info][gc,cpu         ] GC(1) User=0.00s Sys=0.00s Real=0.00s
[3.539s][info][gc,start       ] GC(2) Pause Young (Normal) (G1 Evacuation Pause)
[3.540s][info][gc,task        ] GC(2) Using 9 workers of 33 for evacuation
[3.612s][info][gc,phases      ] GC(2)   Pre Evacuate Collection Set: 0.1ms
[3.612s][info][gc,phases      ] GC(2)   Merge Heap Roots: 0.1ms
[3.612s][info][gc,phases      ] GC(2)   Evacuate Collection Set: 71.0ms
[3.613s][info][gc,phases      ] GC(2)   Post Evacuate Collection Set: 1.3ms
[3.613s][info][gc,phases      ] GC(2)   Other: 0.2ms
[3.613s][info][gc,heap        ] GC(2) Eden regions: 46->0(18)
[3.613s][info][gc,heap        ] GC(2) Survivor regions: 3->7(7)
[3.613s][info][gc,heap        ] GC(2) Old regions: 35->55
[3.613s][info][gc,heap        ] GC(2) Archive regions: 0->0
[3.613s][info][gc,heap        ] GC(2) Humongous regions: 0->0
[3.613s][info][gc,metaspace   ] GC(2) Metaspace: 15777K(16064K)->15777K(16064K) NonClass: 13518K(13696K)->13518K(13696K) Class: 2259K(2368K)->2259K(2368K)
[3.613s][info][gc             ] GC(2) Pause Young (Normal) (G1 Evacuation Pause) 54M->32M(111M) 73.431ms
[3.613s][info][gc,cpu         ] GC(2) User=0.56s Sys=0.00s Real=0.06s
[4.183s][info][gc,start       ] GC(3) Pause Young (Concurrent Start) (G1 Evacuation Pause)
[4.183s][info][gc,task        ] GC(3) Using 5 workers of 33 for evacuation
[4.203s][info][gc,phases      ] GC(3)   Pre Evacuate Collection Set: 0.2ms
[4.203s][info][gc,phases      ] GC(3)   Merge Heap Roots: 1.5ms
[4.203s][info][gc,phases      ] GC(3)   Evacuate Collection Set: 17.7ms
[4.203s][info][gc,phases      ] GC(3)   Post Evacuate Collection Set: 0.4ms
[4.203s][info][gc,phases      ] GC(3)   Other: 0.1ms
[4.203s][info][gc,heap        ] GC(3) Eden regions: 18->0(1)
[4.203s][info][gc,heap        ] GC(3) Survivor regions: 7->4(4)
[4.203s][info][gc,heap        ] GC(3) Old regions: 55->70
[4.203s][info][gc,heap        ] GC(3) Archive regions: 0->0
[4.203s][info][gc,heap        ] GC(3) Humongous regions: 0->0
[4.203s][info][gc,metaspace   ] GC(3) Metaspace: 15812K(16064K)->15812K(16064K) NonClass: 13546K(13696K)->13546K(13696K) Class: 2266K(2368K)->2266K(2368K)
[4.203s][info][gc             ] GC(3) Pause Young (Concurrent Start) (G1 Evacuation Pause) 50M->45M(111M) 20.259ms
[4.204s][info][gc             ] GC(4) Concurrent Mark Cycle
[4.204s][info][gc,cpu         ] GC(3) User=0.08s Sys=0.00s Real=0.02s
[4.204s][info][gc,marking     ] GC(4) Concurrent Scan Root Regions
[4.209s][info][gc,marking     ] GC(4) Concurrent Scan Root Regions 4.978ms
[4.209s][info][gc,marking     ] GC(4) Concurrent Mark
[4.209s][info][gc,marking     ] GC(4) Concurrent Mark From Roots
[4.209s][info][gc,task        ] GC(4) Using 8 workers of 8 for marking
[4.227s][info][gc,marking     ] GC(4) Concurrent Mark From Roots 17.816ms
[4.227s][info][gc,marking     ] GC(4) Concurrent Preclean
[4.227s][info][gc,marking     ] GC(4) Concurrent Preclean 0.097ms
[4.227s][info][gc,start       ] GC(4) Pause Remark
[4.229s][info][gc             ] GC(4) Pause Remark 53M->53M(139M) 2.207ms
[4.229s][info][gc,cpu         ] GC(4) User=0.00s Sys=0.00s Real=0.00s
[4.231s][info][gc,marking     ] GC(4) Concurrent Mark 22.087ms
[4.231s][info][gc,marking     ] GC(4) Concurrent Rebuild Remembered Sets and Scrub Regions
[4.236s][info][gc,marking     ] GC(4) Concurrent Rebuild Remembered Sets and Scrub Regions 5.550ms
[4.237s][info][gc,start       ] GC(4) Pause Cleanup
[4.237s][info][gc             ] GC(4) Pause Cleanup 56M->56M(139M) 0.142ms
[4.237s][info][gc,cpu         ] GC(4) User=0.00s Sys=0.00s Real=0.00s
[4.239s][info][gc,marking     ] GC(4) Concurrent Clear Claimed Marks
[4.239s][info][gc,marking     ] GC(4) Concurrent Clear Claimed Marks 0.086ms
[4.239s][info][gc,marking     ] GC(4) Concurrent Cleanup for Next Mark
[4.239s][info][gc,marking     ] GC(4) Concurrent Cleanup for Next Mark 0.478ms
[4.239s][info][gc             ] GC(4) Concurrent Mark Cycle 35.962ms
[4.241s][info][gc,start       ] GC(5) Pause Young (Prepare Mixed) (G1 Evacuation Pause)
[4.241s][info][gc,task        ] GC(5) Using 4 workers of 33 for evacuation
[4.244s][info][gc,phases      ] GC(5)   Pre Evacuate Collection Set: 0.1ms
[4.244s][info][gc,phases      ] GC(5)   Merge Heap Roots: 0.1ms
[4.244s][info][gc,phases      ] GC(5)   Evacuate Collection Set: 2.4ms
[4.244s][info][gc,phases      ] GC(5)   Post Evacuate Collection Set: 0.2ms
[4.244s][info][gc,phases      ] GC(5)   Other: 0.1ms
[4.244s][info][gc,heap        ] GC(5) Eden regions: 13->0(5)
[4.244s][info][gc,heap        ] GC(5) Survivor regions: 4->1(3)
[4.244s][info][gc,heap        ] GC(5) Old regions: 70->74
[4.244s][info][gc,heap        ] GC(5) Archive regions: 0->0
[4.244s][info][gc,heap        ] GC(5) Humongous regions: 0->0
[4.244s][info][gc,metaspace   ] GC(5) Metaspace: 15817K(16064K)->15817K(16064K) NonClass: 13550K(13696K)->13550K(13696K) Class: 2266K(2368K)->2266K(2368K)
[4.244s][info][gc             ] GC(5) Pause Young (Prepare Mixed) (G1 Evacuation Pause) 58M->46M(139M) 3.053ms
[4.244s][info][gc,cpu         ] GC(5) User=0.00s Sys=0.00s Real=0.00s
[4.289s][info][gc,start       ] GC(6) Pause Young (Mixed) (G1 Evacuation Pause)
[4.289s][info][gc,task        ] GC(6) Using 3 workers of 33 for evacuation
[4.297s][info][gc,phases      ] GC(6)   Pre Evacuate Collection Set: 0.1ms
[4.297s][info][gc,phases      ] GC(6)   Merge Heap Roots: 0.1ms
[4.297s][info][gc,phases      ] GC(6)   Evacuate Collection Set: 1.9ms
[4.297s][info][gc,phases      ] GC(6)   Post Evacuate Collection Set: 5.1ms
[4.297s][info][gc,phases      ] GC(6)   Other: 0.1ms
[4.297s][info][gc,heap        ] GC(6) Eden regions: 29->0(53)
[4.297s][info][gc,heap        ] GC(6) Survivor regions: 1->1(4)
[4.297s][info][gc,heap        ] GC(6) Old regions: 74->61
[4.297s][info][gc,heap        ] GC(6) Archive regions: 0->0
[4.297s][info][gc,heap        ] GC(6) Humongous regions: 0->0
[4.297s][info][gc,metaspace   ] GC(6) Metaspace: 15820K(16064K)->15820K(16064K) NonClass: 13553K(13696K)->13553K(13696K) Class: 2266K(2368K)->2266K(2368K)
[4.297s][info][gc             ] GC(6) Pause Young (Mixed) (G1 Evacuation Pause) 75M->47M(1094M) 7.493ms
[4.297s][info][gc,cpu         ] GC(6) User=0.00s Sys=0.02s Real=0.02s
[4.405s][info][gc,start       ] GC(7) Pause Young (Mixed) (G1 Evacuation Pause)
[4.406s][info][gc,task        ] GC(7) Using 26 workers of 33 for evacuation
[4.407s][info][gc,phases      ] GC(7)   Pre Evacuate Collection Set: 0.2ms
[4.407s][info][gc,phases      ] GC(7)   Merge Heap Roots: 0.1ms
[4.407s][info][gc,phases      ] GC(7)   Evacuate Collection Set: 1.0ms
[4.407s][info][gc,phases      ] GC(7)   Post Evacuate Collection Set: 0.3ms
[4.407s][info][gc,phases      ] GC(7)   Other: 0.1ms
[4.407s][info][gc,heap        ] GC(7) Eden regions: 97->0(52)
[4.407s][info][gc,heap        ] GC(7) Survivor regions: 1->2(13)
[4.407s][info][gc,heap        ] GC(7) Old regions: 61->52
[4.407s][info][gc,heap        ] GC(7) Archive regions: 0->0
[4.407s][info][gc,heap        ] GC(7) Humongous regions: 0->0
[4.407s][info][gc,metaspace   ] GC(7) Metaspace: 15824K(16064K)->15824K(16064K) NonClass: 13558K(13696K)->13558K(13696K) Class: 2266K(2368K)->2266K(2368K)
[4.407s][info][gc             ] GC(7) Pause Young (Mixed) (G1 Evacuation Pause) 144M->47M(1094M) 2.004ms
[4.408s][info][gc,cpu         ] GC(7) User=0.16s Sys=0.02s Real=0.02s
[4.770s][info][gc,start       ] GC(8) Pause Young (Normal) (G1 Evacuation Pause)
[4.770s][info][gc,task        ] GC(8) Using 26 workers of 33 for evacuation
[4.773s][info][gc,phases      ] GC(8)   Pre Evacuate Collection Set: 0.2ms
[4.773s][info][gc,phases      ] GC(8)   Merge Heap Roots: 0.2ms
[4.773s][info][gc,phases      ] GC(8)   Evacuate Collection Set: 1.1ms
[4.773s][info][gc,phases      ] GC(8)   Post Evacuate Collection Set: 0.6ms
[4.773s][info][gc,phases      ] GC(8)   Other: 0.2ms
[4.773s][info][gc,heap        ] GC(8) Eden regions: 654->0(52)
[4.773s][info][gc,heap        ] GC(8) Survivor regions: 2->2(82)
[4.773s][info][gc,heap        ] GC(8) Old regions: 52->52
[4.773s][info][gc,heap        ] GC(8) Archive regions: 0->0
[4.773s][info][gc,heap        ] GC(8) Humongous regions: 0->0
[4.773s][info][gc,metaspace   ] GC(8) Metaspace: 15827K(16064K)->15827K(16064K) NonClass: 13561K(13696K)->13561K(13696K) Class: 2266K(2368K)->2266K(2368K)
[4.773s][info][gc             ] GC(8) Pause Young (Normal) (G1 Evacuation Pause) 701M->47M(1094M) 2.645ms
[4.773s][info][gc,cpu         ] GC(8) User=0.00s Sys=0.00s Real=0.00s
[4.845s][info][gc,start       ] GC(9) Pause Young (Normal) (G1 Evacuation Pause)
[4.845s][info][gc,task        ] GC(9) Using 26 workers of 33 for evacuation
[4.847s][info][gc,phases      ] GC(9)   Pre Evacuate Collection Set: 0.2ms
[4.847s][info][gc,phases      ] GC(9)   Merge Heap Roots: 0.2ms
[4.847s][info][gc,phases      ] GC(9)   Evacuate Collection Set: 0.6ms
[4.847s][info][gc,phases      ] GC(9)   Post Evacuate Collection Set: 0.6ms
[4.847s][info][gc,phases      ] GC(9)   Other: 0.1ms
[4.847s][info][gc,heap        ] GC(9) Eden regions: 654->0(278)
[4.847s][info][gc,heap        ] GC(9) Survivor regions: 2->2(82)
[4.847s][info][gc,heap        ] GC(9) Old regions: 52->52
[4.847s][info][gc,heap        ] GC(9) Archive regions: 0->0
[4.847s][info][gc,heap        ] GC(9) Humongous regions: 0->0
[4.847s][info][gc,metaspace   ] GC(9) Metaspace: 15827K(16064K)->15827K(16064K) NonClass: 13561K(13696K)->13561K(13696K) Class: 2266K(2368K)->2266K(2368K)
[4.847s][info][gc             ] GC(9) Pause Young (Normal) (G1 Evacuation Pause) 701M->48M(1094M) 1.991ms
[4.847s][info][gc,cpu         ] GC(9) User=0.00s Sys=0.00s Real=0.00s
[4.920s][info][gc,start       ] GC(10) Pause Young (Normal) (G1 Evacuation Pause)
[4.920s][info][gc,task        ] GC(10) Using 26 workers of 33 for evacuation
[4.922s][info][gc,phases      ] GC(10)   Pre Evacuate Collection Set: 0.2ms
[4.922s][info][gc,phases      ] GC(10)   Merge Heap Roots: 0.2ms
[4.922s][info][gc,phases      ] GC(10)   Evacuate Collection Set: 0.6ms
[4.922s][info][gc,phases      ] GC(10)   Post Evacuate Collection Set: 0.6ms
[4.922s][info][gc,phases      ] GC(10)   Other: 0.1ms
[4.922s][info][gc,heap        ] GC(10) Eden regions: 654->0(654)
[4.922s][info][gc,heap        ] GC(10) Survivor regions: 2->2(82)
[4.922s][info][gc,heap        ] GC(10) Old regions: 52->52
[4.922s][info][gc,heap        ] GC(10) Archive regions: 0->0
[4.922s][info][gc,heap        ] GC(10) Humongous regions: 0->0
[4.922s][info][gc,metaspace   ] GC(10) Metaspace: 15827K(16064K)->15827K(16064K) NonClass: 13561K(13696K)->13561K(13696K) Class: 2266K(2368K)->2266K(2368K)
[4.922s][info][gc             ] GC(10) Pause Young (Normal) (G1 Evacuation Pause) 702M->47M(1094M) 2.008ms
[4.922s][info][gc,cpu         ] GC(10) User=0.00s Sys=0.00s Real=0.00s
[4.996s][info][gc,start       ] GC(11) Pause Young (Normal) (G1 Evacuation Pause)
[4.996s][info][gc,task        ] GC(11) Using 26 workers of 33 for evacuation
[4.998s][info][gc,phases      ] GC(11)   Pre Evacuate Collection Set: 0.2ms
[4.998s][info][gc,phases      ] GC(11)   Merge Heap Roots: 0.2ms
[4.998s][info][gc,phases      ] GC(11)   Evacuate Collection Set: 0.5ms
[4.998s][info][gc,phases      ] GC(11)   Post Evacuate Collection Set: 0.6ms
[4.998s][info][gc,phases      ] GC(11)   Other: 0.1ms
[4.998s][info][gc,heap        ] GC(11) Eden regions: 654->0(654)
[4.998s][info][gc,heap        ] GC(11) Survivor regions: 2->2(82)
[4.998s][info][gc,heap        ] GC(11) Old regions: 52->52
[4.998s][info][gc,heap        ] GC(11) Archive regions: 0->0
[4.998s][info][gc,heap        ] GC(11) Humongous regions: 0->0
[4.998s][info][gc,metaspace   ] GC(11) Metaspace: 15827K(16064K)->15827K(16064K) NonClass: 13561K(13696K)->13561K(13696K) Class: 2266K(2368K)->2266K(2368K)
[4.998s][info][gc             ] GC(11) Pause Young (Normal) (G1 Evacuation Pause) 701M->47M(1094M) 1.789ms
[4.998s][info][gc,cpu         ] GC(11) User=0.00s Sys=0.00s Real=0.00s
[5.387s][info][gc,start       ] GC(12) Pause Young (Normal) (G1 Evacuation Pause)
[5.387s][info][gc,task        ] GC(12) Using 26 workers of 33 for evacuation
[5.447s][info][gc,phases      ] GC(12)   Pre Evacuate Collection Set: 0.2ms
[5.447s][info][gc,phases      ] GC(12)   Merge Heap Roots: 0.3ms
[5.447s][info][gc,phases      ] GC(12)   Evacuate Collection Set: 58.3ms
[5.447s][info][gc,phases      ] GC(12)   Post Evacuate Collection Set: 0.9ms
[5.447s][info][gc,phases      ] GC(12)   Other: 0.2ms
[5.447s][info][gc,heap        ] GC(12) Eden regions: 654->0(215)
[5.447s][info][gc,heap        ] GC(12) Survivor regions: 2->82(82)
[5.447s][info][gc,heap        ] GC(12) Old regions: 52->134
[5.447s][info][gc,heap        ] GC(12) Archive regions: 0->0
[5.447s][info][gc,heap        ] GC(12) Humongous regions: 1->1
[5.447s][info][gc,metaspace   ] GC(12) Metaspace: 16042K(16384K)->16042K(16384K) NonClass: 13717K(13888K)->13717K(13888K) Class: 2325K(2496K)->2325K(2496K)
[5.447s][info][gc             ] GC(12) Pause Young (Normal) (G1 Evacuation Pause) 702M->211M(1094M) 60.259ms
[5.447s][info][gc,cpu         ] GC(12) User=0.50s Sys=0.72s Real=0.05s
[5.451s][info][gc,start       ] GC(13) Pause Young (Normal) (G1 Evacuation Pause)
[5.451s][info][gc,task        ] GC(13) Using 26 workers of 33 for evacuation
[5.478s][info][gc,phases      ] GC(13)   Pre Evacuate Collection Set: 0.1ms
[5.478s][info][gc,phases      ] GC(13)   Merge Heap Roots: 0.3ms
[5.478s][info][gc,phases      ] GC(13)   Evacuate Collection Set: 25.6ms
[5.478s][info][gc,phases      ] GC(13)   Post Evacuate Collection Set: 0.7ms
[5.478s][info][gc,phases      ] GC(13)   Other: 0.1ms
[5.478s][info][gc,heap        ] GC(13) Eden regions: 5->0(97)
[5.478s][info][gc,heap        ] GC(13) Survivor regions: 82->11(11)
[5.478s][info][gc,heap        ] GC(13) Old regions: 134->223
[5.478s][info][gc,heap        ] GC(13) Archive regions: 0->0
[5.478s][info][gc,heap        ] GC(13) Humongous regions: 1->1
[5.478s][info][gc,metaspace   ] GC(13) Metaspace: 16047K(16384K)->16047K(16384K) NonClass: 13721K(13888K)->13721K(13888K) Class: 2325K(2496K)->2325K(2496K)
[5.478s][info][gc             ] GC(13) Pause Young (Normal) (G1 Evacuation Pause) 216M->229M(1094M) 26.951ms
[5.478s][info][gc,cpu         ] GC(13) User=0.23s Sys=0.17s Real=0.02s
[5.522s][info][gc,start       ] GC(14) Pause Young (Normal) (G1 Evacuation Pause)
[5.522s][info][gc,task        ] GC(14) Using 26 workers of 33 for evacuation
[5.547s][info][gc,phases      ] GC(14)   Pre Evacuate Collection Set: 0.2ms
[5.547s][info][gc,phases      ] GC(14)   Merge Heap Roots: 0.7ms
[5.547s][info][gc,phases      ] GC(14)   Evacuate Collection Set: 23.4ms
[5.547s][info][gc,phases      ] GC(14)   Post Evacuate Collection Set: 0.9ms
[5.547s][info][gc,phases      ] GC(14)   Other: 0.1ms
[5.547s][info][gc,heap        ] GC(14) Eden regions: 43->0(47)
[5.547s][info][gc,heap        ] GC(14) Survivor regions: 11->7(7)
[5.547s][info][gc,heap        ] GC(14) Old regions: 223->253
[5.547s][info][gc,heap        ] GC(14) Archive regions: 0->0
[5.547s][info][gc,heap        ] GC(14) Humongous regions: 1->1
[5.547s][info][gc,metaspace   ] GC(14) Metaspace: 16047K(16384K)->16047K(16384K) NonClass: 13721K(13888K)->13721K(13888K) Class: 2325K(2496K)->2325K(2496K)
[5.547s][info][gc             ] GC(14) Pause Young (Normal) (G1 Evacuation Pause) 272M->255M(1094M) 25.816ms
[5.547s][info][gc,cpu         ] GC(14) User=0.81s Sys=0.00s Real=0.03s
[5.596s][info][gc,start       ] GC(15) Pause Young (Normal) (G1 Evacuation Pause)
[5.596s][info][gc,task        ] GC(15) Using 26 workers of 33 for evacuation
[5.625s][info][gc,phases      ] GC(15)   Pre Evacuate Collection Set: 0.2ms
[5.625s][info][gc,phases      ] GC(15)   Merge Heap Roots: 0.8ms
[5.625s][info][gc,phases      ] GC(15)   Evacuate Collection Set: 24.5ms
[5.625s][info][gc,phases      ] GC(15)   Post Evacuate Collection Set: 3.4ms
[5.625s][info][gc,phases      ] GC(15)   Other: 0.1ms
[5.625s][info][gc,heap        ] GC(15) Eden regions: 47->0(66)
[5.625s][info][gc,heap        ] GC(15) Survivor regions: 7->7(7)
[5.625s][info][gc,heap        ] GC(15) Old regions: 253->288
[5.625s][info][gc,heap        ] GC(15) Archive regions: 0->0
[5.625s][info][gc,heap        ] GC(15) Humongous regions: 1->1
[5.625s][info][gc,metaspace   ] GC(15) Metaspace: 16047K(16384K)->16047K(16384K) NonClass: 13721K(13888K)->13721K(13888K) Class: 2325K(2496K)->2325K(2496K)
[5.626s][info][gc             ] GC(15) Pause Young (Normal) (G1 Evacuation Pause) 302M->289M(1476M) 29.416ms
[5.626s][info][gc,cpu         ] GC(15) User=0.63s Sys=0.19s Real=0.03s
[5.717s][info][gc,start       ] GC(16) Pause Young (Normal) (G1 Evacuation Pause)
[5.717s][info][gc,task        ] GC(16) Using 33 workers of 33 for evacuation
[5.748s][info][gc,phases      ] GC(16)   Pre Evacuate Collection Set: 0.2ms
[5.748s][info][gc,phases      ] GC(16)   Merge Heap Roots: 1.0ms
[5.748s][info][gc,phases      ] GC(16)   Evacuate Collection Set: 28.2ms
[5.748s][info][gc,phases      ] GC(16)   Post Evacuate Collection Set: 0.9ms
[5.748s][info][gc,phases      ] GC(16)   Other: 0.1ms
[5.748s][info][gc,heap        ] GC(16) Eden regions: 66->0(63)
[5.748s][info][gc,heap        ] GC(16) Survivor regions: 7->10(10)
[5.748s][info][gc,heap        ] GC(16) Old regions: 288->332
[5.748s][info][gc,heap        ] GC(16) Archive regions: 0->0
[5.748s][info][gc,heap        ] GC(16) Humongous regions: 1->1
[5.748s][info][gc,metaspace   ] GC(16) Metaspace: 16047K(16384K)->16047K(16384K) NonClass: 13721K(13888K)->13721K(13888K) Class: 2325K(2496K)->2325K(2496K)
[5.748s][info][gc             ] GC(16) Pause Young (Normal) (G1 Evacuation Pause) 355M->337M(1476M) 30.870ms
[5.748s][info][gc,cpu         ] GC(16) User=0.64s Sys=0.39s Real=0.03s
[5.815s][info][gc,start       ] GC(17) Pause Young (Normal) (G1 Evacuation Pause)
[5.815s][info][gc,task        ] GC(17) Using 33 workers of 33 for evacuation
[5.845s][info][gc,phases      ] GC(17)   Pre Evacuate Collection Set: 0.2ms
[5.845s][info][gc,phases      ] GC(17)   Merge Heap Roots: 1.1ms
[5.845s][info][gc,phases      ] GC(17)   Evacuate Collection Set: 27.0ms
[5.845s][info][gc,phases      ] GC(17)   Post Evacuate Collection Set: 1.0ms
[5.845s][info][gc,phases      ] GC(17)   Other: 0.1ms
[5.845s][info][gc,heap        ] GC(17) Eden regions: 63->0(63)
[5.845s][info][gc,heap        ] GC(17) Survivor regions: 10->10(10)
[5.845s][info][gc,heap        ] GC(17) Old regions: 332->379
[5.845s][info][gc,heap        ] GC(17) Archive regions: 0->0
[5.845s][info][gc,heap        ] GC(17) Humongous regions: 1->1
[5.845s][info][gc,metaspace   ] GC(17) Metaspace: 16047K(16384K)->16047K(16384K) NonClass: 13721K(13888K)->13721K(13888K) Class: 2325K(2496K)->2325K(2496K)
[5.845s][info][gc             ] GC(17) Pause Young (Normal) (G1 Evacuation Pause) 400M->384M(1476M) 29.820ms
[5.845s][info][gc,cpu         ] GC(17) User=1.00s Sys=0.06s Real=0.03s
[5.913s][info][gc,start       ] GC(18) Pause Young (Normal) (G1 Evacuation Pause)
[5.914s][info][gc,task        ] GC(18) Using 33 workers of 33 for evacuation
[5.943s][info][gc,phases      ] GC(18)   Pre Evacuate Collection Set: 0.2ms
[5.943s][info][gc,phases      ] GC(18)   Merge Heap Roots: 1.3ms
[5.943s][info][gc,phases      ] GC(18)   Evacuate Collection Set: 26.5ms
[5.943s][info][gc,phases      ] GC(18)   Post Evacuate Collection Set: 1.1ms
[5.943s][info][gc,phases      ] GC(18)   Other: 0.1ms
[5.943s][info][gc,heap        ] GC(18) Eden regions: 63->0(63)
[5.943s][info][gc,heap        ] GC(18) Survivor regions: 10->10(10)
[5.943s][info][gc,heap        ] GC(18) Old regions: 379->425
[5.943s][info][gc,heap        ] GC(18) Archive regions: 0->0
[5.943s][info][gc,heap        ] GC(18) Humongous regions: 1->1
[5.943s][info][gc,metaspace   ] GC(18) Metaspace: 16047K(16384K)->16047K(16384K) NonClass: 13721K(13888K)->13721K(13888K) Class: 2325K(2496K)->2325K(2496K)
[5.943s][info][gc             ] GC(18) Pause Young (Normal) (G1 Evacuation Pause) 447M->430M(1476M) 29.559ms
[5.943s][info][gc,cpu         ] GC(18) User=1.03s Sys=0.00s Real=0.03s
[6.011s][info][gc,start       ] GC(19) Pause Young (Normal) (G1 Evacuation Pause)
[6.011s][info][gc,task        ] GC(19) Using 33 workers of 33 for evacuation
[6.044s][info][gc,phases      ] GC(19)   Pre Evacuate Collection Set: 0.2ms
[6.044s][info][gc,phases      ] GC(19)   Merge Heap Roots: 1.4ms
[6.044s][info][gc,phases      ] GC(19)   Evacuate Collection Set: 28.0ms
[6.044s][info][gc,phases      ] GC(19)   Post Evacuate Collection Set: 2.6ms
[6.044s][info][gc,phases      ] GC(19)   Other: 0.1ms
[6.044s][info][gc,heap        ] GC(19) Eden regions: 63->0(73)
[6.044s][info][gc,heap        ] GC(19) Survivor regions: 10->10(10)
[6.044s][info][gc,heap        ] GC(19) Old regions: 425->471
[6.044s][info][gc,heap        ] GC(19) Archive regions: 0->0
[6.044s][info][gc,heap        ] GC(19) Humongous regions: 1->1
[6.044s][info][gc,metaspace   ] GC(19) Metaspace: 16047K(16384K)->16047K(16384K) NonClass: 13721K(13888K)->13721K(13888K) Class: 2325K(2496K)->2325K(2496K)
[6.044s][info][gc             ] GC(19) Pause Young (Normal) (G1 Evacuation Pause) 493M->476M(1675M) 32.739ms
[6.044s][info][gc,cpu         ] GC(19) User=0.52s Sys=0.02s Real=0.03s
[6.224s][info][gc,start       ] GC(20) Pause Young (Normal) (G1 Evacuation Pause)
[6.225s][info][gc,task        ] GC(20) Using 33 workers of 33 for evacuation
[6.257s][info][gc,phases      ] GC(20)   Pre Evacuate Collection Set: 0.3ms
[6.257s][info][gc,phases      ] GC(20)   Merge Heap Roots: 1.5ms
[6.257s][info][gc,phases      ] GC(20)   Evacuate Collection Set: 29.6ms
[6.257s][info][gc,phases      ] GC(20)   Post Evacuate Collection Set: 1.3ms
[6.257s][info][gc,phases      ] GC(20)   Other: 0.1ms
[6.258s][info][gc,heap        ] GC(20) Eden regions: 73->0(72)
[6.258s][info][gc,heap        ] GC(20) Survivor regions: 10->11(11)
[6.258s][info][gc,heap        ] GC(20) Old regions: 471->517
[6.258s][info][gc,heap        ] GC(20) Archive regions: 0->0
[6.258s][info][gc,heap        ] GC(20) Humongous regions: 2->2
[6.258s][info][gc,metaspace   ] GC(20) Metaspace: 16062K(16384K)->16062K(16384K) NonClass: 13737K(13888K)->13737K(13888K) Class: 2325K(2496K)->2325K(2496K)
[6.258s][info][gc             ] GC(20) Pause Young (Normal) (G1 Evacuation Pause) 550M->524M(1675M) 33.144ms
[6.258s][info][gc,cpu         ] GC(20) User=1.03s Sys=0.00s Real=0.03s
[6.686s][info][gc,start       ] GC(21) Pause Young (Normal) (G1 Evacuation Pause)
[6.686s][info][gc,task        ] GC(21) Using 33 workers of 33 for evacuation
[6.715s][info][gc,phases      ] GC(21)   Pre Evacuate Collection Set: 0.3ms
[6.715s][info][gc,phases      ] GC(21)   Merge Heap Roots: 2.5ms
[6.715s][info][gc,phases      ] GC(21)   Evacuate Collection Set: 24.8ms
[6.715s][info][gc,phases      ] GC(21)   Post Evacuate Collection Set: 1.4ms
[6.715s][info][gc,phases      ] GC(21)   Other: 0.1ms
[6.715s][info][gc,heap        ] GC(21) Eden regions: 72->0(124)
[6.715s][info][gc,heap        ] GC(21) Survivor regions: 11->7(11)
[6.715s][info][gc,heap        ] GC(21) Old regions: 517->532
[6.715s][info][gc,heap        ] GC(21) Archive regions: 0->0
[6.715s][info][gc,heap        ] GC(21) Humongous regions: 2->2
[6.715s][info][gc,metaspace   ] GC(21) Metaspace: 16117K(16448K)->16117K(16448K) NonClass: 13785K(13952K)->13785K(13952K) Class: 2332K(2496K)->2332K(2496K)
[6.715s][info][gc             ] GC(21) Pause Young (Normal) (G1 Evacuation Pause) 596M->534M(1675M) 29.378ms
[6.715s][info][gc,cpu         ] GC(21) User=0.52s Sys=0.00s Real=0.01s
[13.697s][info][gc,start       ] GC(22) Pause Young (Normal) (G1 Evacuation Pause)
[13.697s][info][gc,task        ] GC(22) Using 33 workers of 33 for evacuation
[13.733s][info][gc,phases      ] GC(22)   Pre Evacuate Collection Set: 0.3ms
[13.733s][info][gc,phases      ] GC(22)   Merge Heap Roots: 1.5ms
[13.733s][info][gc,phases      ] GC(22)   Evacuate Collection Set: 32.8ms
[13.733s][info][gc,phases      ] GC(22)   Post Evacuate Collection Set: 1.4ms
[13.733s][info][gc,phases      ] GC(22)   Other: 0.2ms
[13.733s][info][gc,heap        ] GC(22) Eden regions: 180->0(232)
[13.733s][info][gc,heap        ] GC(22) Survivor regions: 7->24(24)
[13.733s][info][gc,heap        ] GC(22) Old regions: 532->575
[13.733s][info][gc,heap        ] GC(22) Archive regions: 0->0
[13.733s][info][gc,heap        ] GC(22) Humongous regions: 2->2
[13.733s][info][gc,metaspace   ] GC(22) Metaspace: 16706K(17216K)->16706K(17216K) NonClass: 14236K(14528K)->14236K(14528K) Class: 2470K(2688K)->2470K(2688K)
[13.733s][info][gc             ] GC(22) Pause Young (Normal) (G1 Evacuation Pause) 714M->595M(1675M) 36.503ms
[13.733s][info][gc,cpu         ] GC(22) User=0.64s Sys=0.39s Real=0.03s
[13.924s][info][gc,start       ] GC(23) Pause Young (Normal) (G1 Evacuation Pause)
[13.924s][info][gc,task        ] GC(23) Using 33 workers of 33 for evacuation
[13.969s][info][gc,phases      ] GC(23)   Pre Evacuate Collection Set: 0.2ms
[13.969s][info][gc,phases      ] GC(23)   Merge Heap Roots: 1.3ms
[13.969s][info][gc,phases      ] GC(23)   Evacuate Collection Set: 42.2ms
[13.969s][info][gc,phases      ] GC(23)   Post Evacuate Collection Set: 1.0ms
[13.969s][info][gc,phases      ] GC(23)   Other: 0.2ms
[13.969s][info][gc,heap        ] GC(23) Eden regions: 227->0(351)
[13.969s][info][gc,heap        ] GC(23) Survivor regions: 24->32(32)
[13.969s][info][gc,heap        ] GC(23) Old regions: 575->668
[13.969s][info][gc,heap        ] GC(23) Archive regions: 0->0
[13.969s][info][gc,heap        ] GC(23) Humongous regions: 2->2
[13.969s][info][gc,metaspace   ] GC(23) Metaspace: 16706K(17216K)->16706K(17216K) NonClass: 14236K(14528K)->14236K(14528K) Class: 2470K(2688K)->2470K(2688K)
[13.969s][info][gc             ] GC(23) Pause Young (Normal) (G1 Evacuation Pause) 822M->696M(1675M) 45.301ms
[13.969s][info][gc,cpu         ] GC(23) User=1.03s Sys=0.00s Real=0.03s
[14.420s][info][gc,start       ] GC(24) Pause Young (Normal) (G1 Evacuation Pause)
[14.420s][info][gc,task        ] GC(24) Using 33 workers of 33 for evacuation
[14.494s][info][gc,phases      ] GC(24)   Pre Evacuate Collection Set: 0.2ms
[14.494s][info][gc,phases      ] GC(24)   Merge Heap Roots: 1.1ms
[14.494s][info][gc,phases      ] GC(24)   Evacuate Collection Set: 71.0ms
[14.494s][info][gc,phases      ] GC(24)   Post Evacuate Collection Set: 1.1ms
[14.494s][info][gc,phases      ] GC(24)   Other: 0.2ms
[14.494s][info][gc,heap        ] GC(24) Eden regions: 451->0(368)
[14.494s][info][gc,heap        ] GC(24) Survivor regions: 32->61(61)
[14.494s][info][gc,heap        ] GC(24) Old regions: 668->833
[14.494s][info][gc,heap        ] GC(24) Archive regions: 0->0
[14.494s][info][gc,heap        ] GC(24) Humongous regions: 2->2
[14.494s][info][gc,metaspace   ] GC(24) Metaspace: 16706K(17216K)->16706K(17216K) NonClass: 14236K(14528K)->14236K(14528K) Class: 2470K(2688K)->2470K(2688K)
[14.494s][info][gc             ] GC(24) Pause Young (Normal) (G1 Evacuation Pause) 1147M->890M(1675M) 73.895ms
[14.494s][info][gc,cpu         ] GC(24) User=2.25s Sys=0.33s Real=0.08s
[14.659s][info][gc,start       ] GC(25) Pause Young (Concurrent Start) (G1 Humongous Allocation)
[14.718s][info][gc,task        ] GC(25) Using 33 workers of 33 for evacuation
[14.767s][info][gc,phases      ] GC(25)   Pre Evacuate Collection Set: 0.5ms
[14.767s][info][gc,phases      ] GC(25)   Merge Heap Roots: 1.1ms
[14.767s][info][gc,phases      ] GC(25)   Evacuate Collection Set: 45.2ms
[14.767s][info][gc,phases      ] GC(25)   Post Evacuate Collection Set: 1.6ms
[14.767s][info][gc,phases      ] GC(25)   Other: 0.1ms
[14.767s][info][gc,heap        ] GC(25) Eden regions: 189->0(370)
[14.767s][info][gc,heap        ] GC(25) Survivor regions: 61->54(54)
[14.767s][info][gc,heap        ] GC(25) Old regions: 833->927
[14.767s][info][gc,heap        ] GC(25) Archive regions: 0->0
[14.767s][info][gc,heap        ] GC(25) Humongous regions: 2->2
[14.767s][info][gc,metaspace   ] GC(25) Metaspace: 16706K(17216K)->16706K(17216K) NonClass: 14236K(14528K)->14236K(14528K) Class: 2470K(2688K)->2470K(2688K)
[14.767s][info][gc             ] GC(25) Pause Young (Concurrent Start) (G1 Humongous Allocation) 1079M->977M(1754M) 107.826ms
[14.767s][info][gc             ] GC(26) Concurrent Mark Cycle
[14.767s][info][gc,cpu         ] GC(25) User=1.55s Sys=0.00s Real=0.11s
[14.767s][info][gc,marking     ] GC(26) Concurrent Scan Root Regions
[14.782s][info][gc,marking     ] GC(26) Concurrent Scan Root Regions 14.741ms
[14.782s][info][gc,marking     ] GC(26) Concurrent Mark
[14.782s][info][gc,marking     ] GC(26) Concurrent Mark From Roots
[14.782s][info][gc,task        ] GC(26) Using 8 workers of 8 for marking
[14.861s][info][gc,marking     ] GC(26) Concurrent Mark From Roots 78.657ms
[14.861s][info][gc,marking     ] GC(26) Concurrent Preclean
[14.861s][info][gc,marking     ] GC(26) Concurrent Preclean 0.141ms
[14.861s][info][gc,start       ] GC(26) Pause Remark
[14.868s][info][gc             ] GC(26) Pause Remark 987M->498M(1680M) 6.820ms
[14.868s][info][gc,cpu         ] GC(26) User=0.00s Sys=0.00s Real=0.00s
[14.868s][info][gc,marking     ] GC(26) Concurrent Mark 85.892ms
[14.868s][info][gc,marking     ] GC(26) Concurrent Rebuild Remembered Sets and Scrub Regions
[15.103s][info][gc,marking     ] GC(26) Concurrent Rebuild Remembered Sets and Scrub Regions 234.981ms
[15.103s][info][gc,start       ] GC(26) Pause Cleanup
[15.104s][info][gc             ] GC(26) Pause Cleanup 539M->539M(1680M) 0.447ms
[15.104s][info][gc,cpu         ] GC(26) User=0.00s Sys=0.00s Real=0.00s
[15.104s][info][gc,marking     ] GC(26) Concurrent Clear Claimed Marks
[15.104s][info][gc,marking     ] GC(26) Concurrent Clear Claimed Marks 0.038ms
[15.104s][info][gc,marking     ] GC(26) Concurrent Cleanup for Next Mark
[15.107s][info][gc,marking     ] GC(26) Concurrent Cleanup for Next Mark 2.966ms
[15.107s][info][gc             ] GC(26) Concurrent Mark Cycle 339.441ms
[15.842s][info][gc,start       ] GC(27) Pause Young (Prepare Mixed) (G1 Evacuation Pause)
[15.842s][info][gc,task        ] GC(27) Using 33 workers of 33 for evacuation
[15.884s][info][gc,phases      ] GC(27)   Pre Evacuate Collection Set: 0.3ms
[15.884s][info][gc,phases      ] GC(27)   Merge Heap Roots: 3.3ms
[15.884s][info][gc,phases      ] GC(27)   Evacuate Collection Set: 37.1ms
[15.884s][info][gc,phases      ] GC(27)   Post Evacuate Collection Set: 1.2ms
[15.884s][info][gc,phases      ] GC(27)   Other: 0.2ms
[15.884s][info][gc,heap        ] GC(27) Eden regions: 370->0(599)
[15.884s][info][gc,heap        ] GC(27) Survivor regions: 54->26(53)
[15.884s][info][gc,heap        ] GC(27) Old regions: 440->502
[15.884s][info][gc,heap        ] GC(27) Archive regions: 0->0
[15.884s][info][gc,heap        ] GC(27) Humongous regions: 6->6
[15.884s][info][gc,metaspace   ] GC(27) Metaspace: 16387K(17280K)->16387K(17280K) NonClass: 14016K(14592K)->14016K(14592K) Class: 2370K(2688K)->2370K(2688K)
[15.884s][info][gc             ] GC(27) Pause Young (Prepare Mixed) (G1 Evacuation Pause) 864M->527M(1680M) 42.335ms
[15.884s][info][gc,cpu         ] GC(27) User=1.03s Sys=0.00s Real=0.03s
[17.775s][info][gc,start       ] GC(28) Pause Full (System.gc())
[17.775s][info][gc,task        ] GC(28) Using 33 workers of 33 for full compaction
[17.777s][info][gc,phases,start] GC(28) Phase 1: Mark live objects
[17.792s][info][gc,phases      ] GC(28) Phase 1: Mark live objects 14.904ms
[17.792s][info][gc,phases,start] GC(28) Phase 2: Prepare compaction
[17.794s][info][gc,phases      ] GC(28) Phase 2: Prepare compaction 2.548ms
[17.794s][info][gc,phases,start] GC(28) Phase 3: Adjust pointers
[17.800s][info][gc,phases      ] GC(28) Phase 3: Adjust pointers 5.185ms
[17.800s][info][gc,phases,start] GC(28) Phase 4: Compact heap
[17.801s][info][gc,phases      ] GC(28) Phase 4: Compact heap 1.004ms
[17.808s][info][gc,heap        ] GC(28) Eden regions: 285->0(38)
[17.808s][info][gc,heap        ] GC(28) Survivor regions: 26->0(53)
[17.808s][info][gc,heap        ] GC(28) Old regions: 502->33
[17.808s][info][gc,heap        ] GC(28) Archive regions: 0->0
[17.808s][info][gc,heap        ] GC(28) Humongous regions: 6->0
[17.808s][info][gc,metaspace   ] GC(28) Metaspace: 16855K(17344K)->16615K(17344K) NonClass: 14356K(14656K)->14188K(14656K) Class: 2499K(2688K)->2426K(2688K)
[17.808s][info][gc             ] GC(28) Pause Full (System.gc()) 812M->6M(110M) 33.477ms
[17.808s][info][gc,cpu         ] GC(28) User=0.44s Sys=0.00s Real=0.03s
[18.780s][info][gc,start       ] GC(29) Pause Young (Normal) (G1 Evacuation Pause)
[18.780s][info][gc,task        ] GC(29) Using 17 workers of 33 for evacuation
[18.795s][info][gc,phases      ] GC(29)   Pre Evacuate Collection Set: 0.1ms
[18.795s][info][gc,phases      ] GC(29)   Merge Heap Roots: 0.1ms
[18.796s][info][gc,phases      ] GC(29)   Evacuate Collection Set: 14.6ms
[18.796s][info][gc,phases      ] GC(29)   Post Evacuate Collection Set: 0.4ms
[18.796s][info][gc,phases      ] GC(29)   Other: 0.1ms
[18.796s][info][gc,heap        ] GC(29) Eden regions: 38->0(38)
[18.796s][info][gc,heap        ] GC(29) Survivor regions: 0->5(5)
[18.796s][info][gc,heap        ] GC(29) Old regions: 33->34
[18.796s][info][gc,heap        ] GC(29) Archive regions: 0->0
[18.796s][info][gc,heap        ] GC(29) Humongous regions: 0->0
[18.796s][info][gc,metaspace   ] GC(29) Metaspace: 16616K(17344K)->16616K(17344K) NonClass: 14189K(14656K)->14189K(14656K) Class: 2426K(2688K)->2426K(2688K)
[18.796s][info][gc             ] GC(29) Pause Young (Normal) (G1 Evacuation Pause) 44M->12M(110M) 15.487ms
[18.796s][info][gc,cpu         ] GC(29) User=0.27s Sys=0.00s Real=0.01s
[19.555s][info][gc,start       ] GC(30) Pause Young (Normal) (G1 Evacuation Pause)
[19.555s][info][gc,task        ] GC(30) Using 9 workers of 33 for evacuation
[19.588s][info][gc,phases      ] GC(30)   Pre Evacuate Collection Set: 0.1ms
[19.588s][info][gc,phases      ] GC(30)   Merge Heap Roots: 0.2ms
[19.588s][info][gc,phases      ] GC(30)   Evacuate Collection Set: 31.9ms
[19.588s][info][gc,phases      ] GC(30)   Post Evacuate Collection Set: 0.5ms
[19.588s][info][gc,phases      ] GC(30)   Other: 0.1ms
[19.588s][info][gc,heap        ] GC(30) Eden regions: 38->0(18)
[19.588s][info][gc,heap        ] GC(30) Survivor regions: 5->6(6)
[19.588s][info][gc,heap        ] GC(30) Old regions: 34->64
[19.588s][info][gc,heap        ] GC(30) Archive regions: 0->0
[19.588s][info][gc,heap        ] GC(30) Humongous regions: 0->0
[19.588s][info][gc,metaspace   ] GC(30) Metaspace: 16616K(17344K)->16616K(17344K) NonClass: 14189K(14656K)->14189K(14656K) Class: 2426K(2688K)->2426K(2688K)
[19.588s][info][gc             ] GC(30) Pause Young (Normal) (G1 Evacuation Pause) 50M->43M(113M) 33.177ms
[19.588s][info][gc,cpu         ] GC(30) User=0.42s Sys=0.00s Real=0.05s
[19.591s][info][gc,start       ] GC(31) Pause Young (Concurrent Start) (G1 Evacuation Pause)
[19.591s][info][gc,task        ] GC(31) Using 5 workers of 33 for evacuation
[19.594s][info][gc,phases      ] GC(31)   Pre Evacuate Collection Set: 0.2ms
[19.594s][info][gc,phases      ] GC(31)   Merge Heap Roots: 0.0ms
[19.594s][info][gc,phases      ] GC(31)   Evacuate Collection Set: 2.2ms
[19.594s][info][gc,phases      ] GC(31)   Post Evacuate Collection Set: 0.3ms
[19.594s][info][gc,phases      ] GC(31)   Other: 0.1ms
[19.594s][info][gc,heap        ] GC(31) Eden regions: 18->0(19)
[19.594s][info][gc,heap        ] GC(31) Survivor regions: 6->2(3)
[19.594s][info][gc,heap        ] GC(31) Old regions: 64->71
[19.594s][info][gc,heap        ] GC(31) Archive regions: 0->0
[19.594s][info][gc,heap        ] GC(31) Humongous regions: 0->0
[19.594s][info][gc,metaspace   ] GC(31) Metaspace: 16616K(17344K)->16616K(17344K) NonClass: 14189K(14656K)->14189K(14656K) Class: 2426K(2688K)->2426K(2688K)
[19.594s][info][gc             ] GC(31) Pause Young (Concurrent Start) (G1 Evacuation Pause) 61M->46M(113M) 2.965ms
[19.594s][info][gc,cpu         ] GC(31) User=0.00s Sys=0.00s Real=0.00s
[19.594s][info][gc             ] GC(32) Concurrent Mark Cycle
[19.594s][info][gc,marking     ] GC(32) Concurrent Scan Root Regions
[19.596s][info][gc,marking     ] GC(32) Concurrent Scan Root Regions 1.118ms
[19.596s][info][gc,marking     ] GC(32) Concurrent Mark
[19.596s][info][gc,marking     ] GC(32) Concurrent Mark From Roots
[19.596s][info][gc,task        ] GC(32) Using 8 workers of 8 for marking
[19.598s][info][gc,start       ] GC(33) Pause Young (Normal) (G1 Evacuation Pause)
[19.598s][info][gc,task        ] GC(33) Using 3 workers of 33 for evacuation
[19.604s][info][gc,phases      ] GC(33)   Pre Evacuate Collection Set: 0.1ms
[19.605s][info][gc,phases      ] GC(33)   Merge Heap Roots: 0.1ms
[19.605s][info][gc,phases      ] GC(33)   Evacuate Collection Set: 1.4ms
[19.605s][info][gc,phases      ] GC(33)   Post Evacuate Collection Set: 5.3ms
[19.605s][info][gc,phases      ] GC(33)   Other: 0.1ms
[19.605s][info][gc,heap        ] GC(33) Eden regions: 19->0(190)
[19.605s][info][gc,heap        ] GC(33) Survivor regions: 2->1(3)
[19.605s][info][gc,heap        ] GC(33) Old regions: 71->71
[19.605s][info][gc,heap        ] GC(33) Archive regions: 0->0
[19.605s][info][gc,heap        ] GC(33) Humongous regions: 0->0
[19.605s][info][gc,metaspace   ] GC(33) Metaspace: 16616K(17344K)->16616K(17344K) NonClass: 14189K(14656K)->14189K(14656K) Class: 2426K(2688K)->2426K(2688K)
[19.605s][info][gc             ] GC(33) Pause Young (Normal) (G1 Evacuation Pause) 65M->45M(1081M) 7.106ms
[19.605s][info][gc,cpu         ] GC(33) User=0.00s Sys=0.00s Real=0.00s
[19.620s][info][gc,marking     ] GC(32) Concurrent Mark From Roots 24.396ms
[19.620s][info][gc,marking     ] GC(32) Concurrent Preclean
[19.620s][info][gc,marking     ] GC(32) Concurrent Preclean 0.073ms
[19.620s][info][gc,start       ] GC(32) Pause Remark
[19.623s][info][gc             ] GC(32) Pause Remark 58M->58M(287M) 2.570ms
[19.623s][info][gc,cpu         ] GC(32) User=0.00s Sys=0.00s Real=0.00s
[19.623s][info][gc,marking     ] GC(32) Concurrent Mark 27.476ms
[19.623s][info][gc,marking     ] GC(32) Concurrent Rebuild Remembered Sets and Scrub Regions
[19.629s][info][gc,marking     ] GC(32) Concurrent Rebuild Remembered Sets and Scrub Regions 5.664ms
[19.629s][info][gc,start       ] GC(32) Pause Cleanup
[19.629s][info][gc             ] GC(32) Pause Cleanup 65M->65M(287M) 0.171ms
[19.629s][info][gc,cpu         ] GC(32) User=0.00s Sys=0.00s Real=0.00s
[19.629s][info][gc,marking     ] GC(32) Concurrent Clear Claimed Marks
[19.630s][info][gc,marking     ] GC(32) Concurrent Clear Claimed Marks 0.075ms
[19.630s][info][gc,marking     ] GC(32) Concurrent Cleanup for Next Mark
[19.631s][info][gc,marking     ] GC(32) Concurrent Cleanup for Next Mark 1.515ms
[19.631s][info][gc             ] GC(32) Concurrent Mark Cycle 36.831ms
[19.751s][info][gc,start       ] GC(34) Pause Young (Prepare Mixed) (G1 Evacuation Pause)
[19.751s][info][gc,task        ] GC(34) Using 6 workers of 33 for evacuation
[19.753s][info][gc,phases      ] GC(34)   Pre Evacuate Collection Set: 0.1ms
[19.753s][info][gc,phases      ] GC(34)   Merge Heap Roots: 0.1ms
[19.753s][info][gc,phases      ] GC(34)   Evacuate Collection Set: 0.9ms
[19.753s][info][gc,phases      ] GC(34)   Post Evacuate Collection Set: 0.2ms
[19.753s][info][gc,phases      ] GC(34)   Other: 0.1ms
[19.753s][info][gc,heap        ] GC(34) Eden regions: 171->0(116)
[19.753s][info][gc,heap        ] GC(34) Survivor regions: 1->2(22)
[19.753s][info][gc,heap        ] GC(34) Old regions: 71->71
[19.753s][info][gc,heap        ] GC(34) Archive regions: 0->0
[19.753s][info][gc,heap        ] GC(34) Humongous regions: 0->0
[19.753s][info][gc,metaspace   ] GC(34) Metaspace: 16616K(17344K)->16616K(17344K) NonClass: 14189K(14656K)->14189K(14656K) Class: 2426K(2688K)->2426K(2688K)
[19.753s][info][gc             ] GC(34) Pause Young (Prepare Mixed) (G1 Evacuation Pause) 216M->46M(287M) 1.570ms
[19.753s][info][gc,cpu         ] GC(34) User=0.00s Sys=0.00s Real=0.00s
[19.765s][info][gc,start       ] GC(35) Pause Young (Mixed) (G1 Evacuation Pause)
[19.765s][info][gc,task        ] GC(35) Using 6 workers of 33 for evacuation
[19.767s][info][gc,phases      ] GC(35)   Pre Evacuate Collection Set: 0.1ms
[19.767s][info][gc,phases      ] GC(35)   Merge Heap Roots: 0.1ms
[19.767s][info][gc,phases      ] GC(35)   Evacuate Collection Set: 0.9ms
[19.767s][info][gc,phases      ] GC(35)   Post Evacuate Collection Set: 0.3ms
[19.767s][info][gc,phases      ] GC(35)   Other: 0.1ms
[19.767s][info][gc,heap        ] GC(35) Eden regions: 116->0(134)
[19.767s][info][gc,heap        ] GC(35) Survivor regions: 2->2(15)
[19.767s][info][gc,heap        ] GC(35) Old regions: 71->57
[19.767s][info][gc,heap        ] GC(35) Archive regions: 0->0
[19.767s][info][gc,heap        ] GC(35) Humongous regions: 0->0
[19.767s][info][gc,metaspace   ] GC(35) Metaspace: 16616K(17344K)->16616K(17344K) NonClass: 14189K(14656K)->14189K(14656K) Class: 2426K(2688K)->2426K(2688K)
[19.767s][info][gc             ] GC(35) Pause Young (Mixed) (G1 Evacuation Pause) 162M->46M(287M) 1.665ms
[19.767s][info][gc,cpu         ] GC(35) User=0.19s Sys=0.03s Real=0.01s
[19.782s][info][gc,start       ] GC(36) Pause Young (Normal) (G1 Evacuation Pause)
[19.782s][info][gc,task        ] GC(36) Using 6 workers of 33 for evacuation
[19.783s][info][gc,phases      ] GC(36)   Pre Evacuate Collection Set: 0.1ms
[19.783s][info][gc,phases      ] GC(36)   Merge Heap Roots: 0.1ms
[19.783s][info][gc,phases      ] GC(36)   Evacuate Collection Set: 0.8ms
[19.783s][info][gc,phases      ] GC(36)   Post Evacuate Collection Set: 0.3ms
[19.783s][info][gc,phases      ] GC(36)   Other: 0.1ms
[19.783s][info][gc,heap        ] GC(36) Eden regions: 134->0(146)
[19.783s][info][gc,heap        ] GC(36) Survivor regions: 2->2(17)
[19.783s][info][gc,heap        ] GC(36) Old regions: 57->57
[19.783s][info][gc,heap        ] GC(36) Archive regions: 0->0
[19.783s][info][gc,heap        ] GC(36) Humongous regions: 0->0
[19.783s][info][gc,metaspace   ] GC(36) Metaspace: 16620K(17344K)->16620K(17344K) NonClass: 14193K(14656K)->14193K(14656K) Class: 2426K(2688K)->2426K(2688K)
[19.783s][info][gc             ] GC(36) Pause Young (Normal) (G1 Evacuation Pause) 180M->46M(287M) 1.584ms
[19.783s][info][gc,cpu         ] GC(36) User=0.02s Sys=0.00s Real=0.02s
[19.799s][info][gc,start       ] GC(37) Pause Young (Normal) (G1 Evacuation Pause)
[19.799s][info][gc,task        ] GC(37) Using 6 workers of 33 for evacuation
[19.800s][info][gc,phases      ] GC(37)   Pre Evacuate Collection Set: 0.1ms
[19.800s][info][gc,phases      ] GC(37)   Merge Heap Roots: 0.1ms
[19.800s][info][gc,phases      ] GC(37)   Evacuate Collection Set: 0.9ms
[19.800s][info][gc,phases      ] GC(37)   Post Evacuate Collection Set: 0.3ms
[19.800s][info][gc,phases      ] GC(37)   Other: 0.1ms
[19.800s][info][gc,heap        ] GC(37) Eden regions: 146->0(157)
[19.800s][info][gc,heap        ] GC(37) Survivor regions: 2->2(19)
[19.800s][info][gc,heap        ] GC(37) Old regions: 57->57
[19.800s][info][gc,heap        ] GC(37) Archive regions: 0->0
[19.800s][info][gc,heap        ] GC(37) Humongous regions: 0->0
[19.800s][info][gc,metaspace   ] GC(37) Metaspace: 16620K(17344K)->16620K(17344K) NonClass: 14193K(14656K)->14193K(14656K) Class: 2426K(2688K)->2426K(2688K)
[19.800s][info][gc             ] GC(37) Pause Young (Normal) (G1 Evacuation Pause) 192M->46M(287M) 1.635ms
[19.800s][info][gc,cpu         ] GC(37) User=0.09s Sys=0.00s Real=0.02s
[19.818s][info][gc,start       ] GC(38) Pause Young (Normal) (G1 Evacuation Pause)
[19.818s][info][gc,task        ] GC(38) Using 6 workers of 33 for evacuation
[19.819s][info][gc,phases      ] GC(38)   Pre Evacuate Collection Set: 0.1ms
[19.819s][info][gc,phases      ] GC(38)   Merge Heap Roots: 0.1ms
[19.819s][info][gc,phases      ] GC(38)   Evacuate Collection Set: 0.8ms
[19.819s][info][gc,phases      ] GC(38)   Post Evacuate Collection Set: 0.3ms
[19.819s][info][gc,phases      ] GC(38)   Other: 0.1ms
[19.819s][info][gc,heap        ] GC(38) Eden regions: 157->0(167)
[19.819s][info][gc,heap        ] GC(38) Survivor regions: 2->2(20)
[19.819s][info][gc,heap        ] GC(38) Old regions: 57->57
[19.819s][info][gc,heap        ] GC(38) Archive regions: 0->0
[19.819s][info][gc,heap        ] GC(38) Humongous regions: 0->0
[19.819s][info][gc,metaspace   ] GC(38) Metaspace: 16620K(17344K)->16620K(17344K) NonClass: 14193K(14656K)->14193K(14656K) Class: 2426K(2688K)->2426K(2688K)
[19.819s][info][gc             ] GC(38) Pause Young (Normal) (G1 Evacuation Pause) 203M->46M(287M) 1.596ms
[19.819s][info][gc,cpu         ] GC(38) User=0.00s Sys=0.00s Real=0.00s
[19.837s][info][gc,start       ] GC(39) Pause Young (Normal) (G1 Evacuation Pause)
[19.837s][info][gc,task        ] GC(39) Using 6 workers of 33 for evacuation
[19.843s][info][gc,phases      ] GC(39)   Pre Evacuate Collection Set: 0.1ms
[19.843s][info][gc,phases      ] GC(39)   Merge Heap Roots: 0.1ms
[19.843s][info][gc,phases      ] GC(39)   Evacuate Collection Set: 0.9ms
[19.843s][info][gc,phases      ] GC(39)   Post Evacuate Collection Set: 4.7ms
[19.843s][info][gc,phases      ] GC(39)   Other: 0.1ms
[19.843s][info][gc,heap        ] GC(39) Eden regions: 167->0(698)
[19.843s][info][gc,heap        ] GC(39) Survivor regions: 2->2(22)
[19.843s][info][gc,heap        ] GC(39) Old regions: 57->57
[19.843s][info][gc,heap        ] GC(39) Archive regions: 0->0
[19.843s][info][gc,heap        ] GC(39) Humongous regions: 0->0
[19.843s][info][gc,metaspace   ] GC(39) Metaspace: 16620K(17344K)->16620K(17344K) NonClass: 14193K(14656K)->14193K(14656K) Class: 2426K(2688K)->2426K(2688K)
[19.843s][info][gc             ] GC(39) Pause Young (Normal) (G1 Evacuation Pause) 213M->46M(1168M) 6.055ms
[19.843s][info][gc,cpu         ] GC(39) User=0.00s Sys=0.00s Real=0.00s
[20.190s][info][gc,start       ] GC(40) Pause Young (Normal) (G1 Evacuation Pause)
[20.190s][info][gc,task        ] GC(40) Using 28 workers of 33 for evacuation
[20.192s][info][gc,phases      ] GC(40)   Pre Evacuate Collection Set: 0.2ms
[20.192s][info][gc,phases      ] GC(40)   Merge Heap Roots: 0.2ms
[20.192s][info][gc,phases      ] GC(40)   Evacuate Collection Set: 0.9ms
[20.192s][info][gc,phases      ] GC(40)   Post Evacuate Collection Set: 0.6ms
[20.192s][info][gc,phases      ] GC(40)   Other: 0.1ms
[20.192s][info][gc,heap        ] GC(40) Eden regions: 698->0(698)
[20.192s][info][gc,heap        ] GC(40) Survivor regions: 2->2(88)
[20.192s][info][gc,heap        ] GC(40) Old regions: 57->57
[20.192s][info][gc,heap        ] GC(40) Archive regions: 0->0
[20.192s][info][gc,heap        ] GC(40) Humongous regions: 0->0
[20.192s][info][gc,metaspace   ] GC(40) Metaspace: 16621K(17344K)->16621K(17344K) NonClass: 14194K(14656K)->14194K(14656K) Class: 2426K(2688K)->2426K(2688K)
[20.192s][info][gc             ] GC(40) Pause Young (Normal) (G1 Evacuation Pause) 744M->46M(1168M) 2.318ms
[20.192s][info][gc,cpu         ] GC(40) User=0.00s Sys=0.00s Real=0.00s
[20.265s][info][gc,start       ] GC(41) Pause Young (Normal) (G1 Evacuation Pause)
[20.265s][info][gc,task        ] GC(41) Using 28 workers of 33 for evacuation
[20.267s][info][gc,phases      ] GC(41)   Pre Evacuate Collection Set: 0.2ms
[20.267s][info][gc,phases      ] GC(41)   Merge Heap Roots: 0.2ms
[20.267s][info][gc,phases      ] GC(41)   Evacuate Collection Set: 0.9ms
[20.267s][info][gc,phases      ] GC(41)   Post Evacuate Collection Set: 0.6ms
[20.267s][info][gc,phases      ] GC(41)   Other: 0.1ms
[20.267s][info][gc,heap        ] GC(41) Eden regions: 698->0(698)
[20.267s][info][gc,heap        ] GC(41) Survivor regions: 2->2(88)
[20.267s][info][gc,heap        ] GC(41) Old regions: 57->57
[20.267s][info][gc,heap        ] GC(41) Archive regions: 0->0
[20.267s][info][gc,heap        ] GC(41) Humongous regions: 0->0
[20.267s][info][gc,metaspace   ] GC(41) Metaspace: 16621K(17344K)->16621K(17344K) NonClass: 14194K(14656K)->14194K(14656K) Class: 2426K(2688K)->2426K(2688K)
[20.267s][info][gc             ] GC(41) Pause Young (Normal) (G1 Evacuation Pause) 744M->46M(1168M) 2.244ms
[20.268s][info][gc,cpu         ] GC(41) User=0.00s Sys=0.00s Real=0.00s
[20.344s][info][gc,start       ] GC(42) Pause Young (Normal) (G1 Evacuation Pause)
[20.344s][info][gc,task        ] GC(42) Using 28 workers of 33 for evacuation
[20.346s][info][gc,phases      ] GC(42)   Pre Evacuate Collection Set: 0.2ms
[20.346s][info][gc,phases      ] GC(42)   Merge Heap Roots: 0.2ms
[20.346s][info][gc,phases      ] GC(42)   Evacuate Collection Set: 0.6ms
[20.346s][info][gc,phases      ] GC(42)   Post Evacuate Collection Set: 0.6ms
[20.346s][info][gc,phases      ] GC(42)   Other: 0.1ms
[20.346s][info][gc,heap        ] GC(42) Eden regions: 698->0(698)
[20.346s][info][gc,heap        ] GC(42) Survivor regions: 2->2(88)
[20.346s][info][gc,heap        ] GC(42) Old regions: 57->57
[20.346s][info][gc,heap        ] GC(42) Archive regions: 0->0
[20.346s][info][gc,heap        ] GC(42) Humongous regions: 0->0
[20.346s][info][gc,metaspace   ] GC(42) Metaspace: 16621K(17344K)->16621K(17344K) NonClass: 14194K(14656K)->14194K(14656K) Class: 2426K(2688K)->2426K(2688K)
[20.346s][info][gc             ] GC(42) Pause Young (Normal) (G1 Evacuation Pause) 744M->46M(1168M) 1.989ms
[20.346s][info][gc,cpu         ] GC(42) User=0.00s Sys=0.00s Real=0.00s
[20.953s][info][gc,start       ] GC(43) Pause Young (Normal) (G1 Evacuation Pause)
[20.953s][info][gc,task        ] GC(43) Using 28 workers of 33 for evacuation
[21.055s][info][gc,phases      ] GC(43)   Pre Evacuate Collection Set: 0.2ms
[21.055s][info][gc,phases      ] GC(43)   Merge Heap Roots: 0.4ms
[21.055s][info][gc,phases      ] GC(43)   Evacuate Collection Set: 99.8ms
[21.055s][info][gc,phases      ] GC(43)   Post Evacuate Collection Set: 1.2ms
[21.055s][info][gc,phases      ] GC(43)   Other: 0.2ms
[21.055s][info][gc,heap        ] GC(43) Eden regions: 698->0(415)
[21.055s][info][gc,heap        ] GC(43) Survivor regions: 2->88(88)
[21.055s][info][gc,heap        ] GC(43) Old regions: 57->334
[21.055s][info][gc,heap        ] GC(43) Archive regions: 0->0
[21.055s][info][gc,heap        ] GC(43) Humongous regions: 1->1
[21.055s][info][gc,metaspace   ] GC(43) Metaspace: 16621K(17344K)->16621K(17344K) NonClass: 14194K(14656K)->14194K(14656K) Class: 2426K(2688K)->2426K(2688K)
[21.055s][info][gc             ] GC(43) Pause Young (Normal) (G1 Evacuation Pause) 745M->411M(1168M) 102.120ms
[21.055s][info][gc,cpu         ] GC(43) User=1.70s Sys=0.92s Real=0.09s
[28.377s][info][gc,start       ] GC(44) Pause Young (Normal) (G1 Evacuation Pause)
[28.378s][info][gc,task        ] GC(44) Using 28 workers of 33 for evacuation
[28.447s][info][gc,phases      ] GC(44)   Pre Evacuate Collection Set: 0.3ms
[28.447s][info][gc,phases      ] GC(44)   Merge Heap Roots: 1.6ms
[28.447s][info][gc,phases      ] GC(44)   Evacuate Collection Set: 66.2ms
[28.448s][info][gc,phases      ] GC(44)   Post Evacuate Collection Set: 1.6ms
[28.448s][info][gc,phases      ] GC(44)   Other: 0.2ms
[28.448s][info][gc,heap        ] GC(44) Eden regions: 415->0(326)
[28.448s][info][gc,heap        ] GC(44) Survivor regions: 88->63(63)
[28.448s][info][gc,heap        ] GC(44) Old regions: 334->508
[28.448s][info][gc,heap        ] GC(44) Archive regions: 0->0
[28.448s][info][gc,heap        ] GC(44) Humongous regions: 2->2
[28.448s][info][gc,metaspace   ] GC(44) Metaspace: 16630K(17344K)->16630K(17344K) NonClass: 14203K(14656K)->14203K(14656K) Class: 2426K(2688K)->2426K(2688K)
[28.448s][info][gc             ] GC(44) Pause Young (Normal) (G1 Evacuation Pause) 827M->561M(1168M) 70.181ms
[28.448s][info][gc,cpu         ] GC(44) User=1.70s Sys=0.05s Real=0.07s
[28.727s][info][gc,start       ] GC(45) Pause Young (Normal) (G1 Evacuation Pause)
[28.727s][info][gc,task        ] GC(45) Using 28 workers of 33 for evacuation
[28.792s][info][gc,phases      ] GC(45)   Pre Evacuate Collection Set: 0.2ms
[28.792s][info][gc,phases      ] GC(45)   Merge Heap Roots: 1.9ms
[28.792s][info][gc,phases      ] GC(45)   Evacuate Collection Set: 61.2ms
[28.792s][info][gc,phases      ] GC(45)   Post Evacuate Collection Set: 1.1ms
[28.792s][info][gc,phases      ] GC(45)   Other: 0.2ms
[28.792s][info][gc,heap        ] GC(45) Eden regions: 326->0(233)
[28.792s][info][gc,heap        ] GC(45) Survivor regions: 63->49(49)
[28.792s][info][gc,heap        ] GC(45) Old regions: 508->663
[28.792s][info][gc,heap        ] GC(45) Archive regions: 0->0
[28.792s][info][gc,heap        ] GC(45) Humongous regions: 2->2
[28.792s][info][gc,metaspace   ] GC(45) Metaspace: 16630K(17344K)->16630K(17344K) NonClass: 14203K(14656K)->14203K(14656K) Class: 2426K(2688K)->2426K(2688K)
[28.792s][info][gc             ] GC(45) Pause Young (Normal) (G1 Evacuation Pause) 887M->702M(1168M) 65.029ms
[28.792s][info][gc,cpu         ] GC(45) User=2.19s Sys=0.00s Real=0.08s
[28.997s][info][gc,start       ] GC(46) Pause Young (Concurrent Start) (G1 Evacuation Pause)
[28.997s][info][gc,task        ] GC(46) Using 28 workers of 33 for evacuation
[29.051s][info][gc,phases      ] GC(46)   Pre Evacuate Collection Set: 0.4ms
[29.051s][info][gc,phases      ] GC(46)   Merge Heap Roots: 1.5ms
[29.051s][info][gc,phases      ] GC(46)   Evacuate Collection Set: 50.2ms
[29.051s][info][gc,phases      ] GC(46)   Post Evacuate Collection Set: 1.0ms
[29.051s][info][gc,phases      ] GC(46)   Other: 0.1ms
[29.051s][info][gc,heap        ] GC(46) Eden regions: 233->0(174)
[29.051s][info][gc,heap        ] GC(46) Survivor regions: 49->36(36)
[29.051s][info][gc,heap        ] GC(46) Old regions: 663->780
[29.051s][info][gc,heap        ] GC(46) Archive regions: 0->0
[29.051s][info][gc,heap        ] GC(46) Humongous regions: 2->2
[29.051s][info][gc,metaspace   ] GC(46) Metaspace: 16630K(17344K)->16630K(17344K) NonClass: 14203K(14656K)->14203K(14656K) Class: 2426K(2688K)->2426K(2688K)
[29.051s][info][gc             ] GC(46) Pause Young (Concurrent Start) (G1 Evacuation Pause) 935M->806M(1168M) 53.616ms
[29.051s][info][gc             ] GC(47) Concurrent Mark Cycle
[29.051s][info][gc,cpu         ] GC(46) User=1.31s Sys=0.00s Real=0.04s
[29.051s][info][gc,marking     ] GC(47) Concurrent Scan Root Regions
[29.066s][info][gc,marking     ] GC(47) Concurrent Scan Root Regions 14.673ms
[29.066s][info][gc,marking     ] GC(47) Concurrent Mark
[29.066s][info][gc,marking     ] GC(47) Concurrent Mark From Roots
[29.066s][info][gc,task        ] GC(47) Using 8 workers of 8 for marking
[29.115s][info][gc,marking     ] GC(47) Concurrent Mark From Roots 48.937ms
[29.115s][info][gc,marking     ] GC(47) Concurrent Preclean
[29.115s][info][gc,marking     ] GC(47) Concurrent Preclean 0.091ms
[29.115s][info][gc,start       ] GC(47) Pause Remark
[29.117s][info][gc             ] GC(47) Pause Remark 865M->459M(1168M) 2.028ms
[29.117s][info][gc,cpu         ] GC(47) User=0.09s Sys=0.34s Real=0.02s
[29.117s][info][gc,marking     ] GC(47) Concurrent Mark 51.320ms
[29.117s][info][gc,marking     ] GC(47) Concurrent Rebuild Remembered Sets and Scrub Regions
[29.222s][info][gc,start       ] GC(48) Pause Young (Normal) (G1 Evacuation Pause)
[29.223s][info][gc,task        ] GC(48) Using 28 workers of 33 for evacuation
[29.248s][info][gc,phases      ] GC(48)   Pre Evacuate Collection Set: 0.1ms
[29.248s][info][gc,phases      ] GC(48)   Merge Heap Roots: 0.8ms
[29.248s][info][gc,phases      ] GC(48)   Evacuate Collection Set: 23.9ms
[29.248s][info][gc,phases      ] GC(48)   Post Evacuate Collection Set: 0.8ms
[29.248s][info][gc,phases      ] GC(48)   Other: 0.1ms
[29.248s][info][gc,heap        ] GC(48) Eden regions: 174->0(343)
[29.248s][info][gc,heap        ] GC(48) Survivor regions: 36->27(27)
[29.248s][info][gc,heap        ] GC(48) Old regions: 376->465
[29.248s][info][gc,heap        ] GC(48) Archive regions: 0->0
[29.248s][info][gc,heap        ] GC(48) Humongous regions: 0->0
[29.248s][info][gc,metaspace   ] GC(48) Metaspace: 16630K(17344K)->16630K(17344K) NonClass: 14203K(14656K)->14203K(14656K) Class: 2426K(2688K)->2426K(2688K)
[29.248s][info][gc             ] GC(48) Pause Young (Normal) (G1 Evacuation Pause) 574M->480M(1168M) 25.995ms
[29.249s][info][gc,cpu         ] GC(48) User=0.88s Sys=0.00s Real=0.03s
[29.299s][info][gc,marking     ] GC(47) Concurrent Rebuild Remembered Sets and Scrub Regions 181.988ms
[29.299s][info][gc,start       ] GC(47) Pause Cleanup
[29.300s][info][gc             ] GC(47) Pause Cleanup 536M->536M(1168M) 0.459ms
[29.300s][info][gc,cpu         ] GC(47) User=0.00s Sys=0.00s Real=0.00s
[29.300s][info][gc,marking     ] GC(47) Concurrent Clear Claimed Marks
[29.300s][info][gc,marking     ] GC(47) Concurrent Clear Claimed Marks 0.023ms
[29.300s][info][gc,marking     ] GC(47) Concurrent Cleanup for Next Mark
[29.302s][info][gc,marking     ] GC(47) Concurrent Cleanup for Next Mark 2.188ms
[29.302s][info][gc             ] GC(47) Concurrent Mark Cycle 250.997ms
[30.207s][info][gc,start       ] GC(49) Pause Young (Prepare Mixed) (G1 Evacuation Pause)
[30.207s][info][gc,task        ] GC(49) Using 28 workers of 33 for evacuation
[30.254s][info][gc,phases      ] GC(49)   Pre Evacuate Collection Set: 0.2ms
[30.254s][info][gc,phases      ] GC(49)   Merge Heap Roots: 3.8ms
[30.254s][info][gc,phases      ] GC(49)   Evacuate Collection Set: 41.5ms
[30.254s][info][gc,phases      ] GC(49)   Post Evacuate Collection Set: 1.2ms
[30.254s][info][gc,phases      ] GC(49)   Other: 0.2ms
[30.254s][info][gc,heap        ] GC(49) Eden regions: 343->0(322)
[30.254s][info][gc,heap        ] GC(49) Survivor regions: 27->47(47)
[30.254s][info][gc,heap        ] GC(49) Old regions: 465->509
[30.254s][info][gc,heap        ] GC(49) Archive regions: 0->0
[30.254s][info][gc,heap        ] GC(49) Humongous regions: 6->6
[30.254s][info][gc,metaspace   ] GC(49) Metaspace: 16630K(17344K)->16630K(17344K) NonClass: 14203K(14656K)->14203K(14656K) Class: 2426K(2688K)->2426K(2688K)
[30.255s][info][gc             ] GC(49) Pause Young (Prepare Mixed) (G1 Evacuation Pause) 829M->550M(1168M) 47.227ms
[30.255s][info][gc,cpu         ] GC(49) User=1.31s Sys=0.00s Real=0.04s
[30.662s][info][gc,start       ] GC(50) Pause Young (Mixed) (G1 Evacuation Pause)
[30.662s][info][gc,task        ] GC(50) Using 28 workers of 33 for evacuation
[30.690s][info][gc,phases      ] GC(50)   Pre Evacuate Collection Set: 0.2ms
[30.690s][info][gc,phases      ] GC(50)   Merge Heap Roots: 1.6ms
[30.690s][info][gc,phases      ] GC(50)   Evacuate Collection Set: 25.4ms
[30.690s][info][gc,phases      ] GC(50)   Post Evacuate Collection Set: 0.5ms
[30.690s][info][gc,phases      ] GC(50)   Other: 0.2ms
[30.690s][info][gc,heap        ] GC(50) Eden regions: 238->0(347)
[30.690s][info][gc,heap        ] GC(50) Survivor regions: 47->7(36)
[30.690s][info][gc,heap        ] GC(50) Old regions: 509->540
[30.690s][info][gc,heap        ] GC(50) Archive regions: 0->0
[30.690s][info][gc,heap        ] GC(50) Humongous regions: 6->6
[30.690s][info][gc,metaspace   ] GC(50) Metaspace: 16630K(17344K)->16630K(17344K) NonClass: 14203K(14656K)->14203K(14656K) Class: 2426K(2688K)->2426K(2688K)
[30.691s][info][gc             ] GC(50) Pause Young (Mixed) (G1 Evacuation Pause) 788M->541M(1168M) 28.233ms
[30.691s][info][gc,cpu         ] GC(50) User=0.44s Sys=0.00s Real=0.02s
[32.334s][info][gc,start       ] GC(51) Pause Full (System.gc())
[32.334s][info][gc,task        ] GC(51) Using 28 workers of 33 for full compaction
[32.335s][info][gc,phases,start] GC(51) Phase 1: Mark live objects
[32.344s][info][gc,phases      ] GC(51) Phase 1: Mark live objects 8.503ms
[32.344s][info][gc,phases,start] GC(51) Phase 2: Prepare compaction
[32.347s][info][gc,phases      ] GC(51) Phase 2: Prepare compaction 2.652ms
[32.347s][info][gc,phases,start] GC(51) Phase 3: Adjust pointers
[32.352s][info][gc,phases      ] GC(51) Phase 3: Adjust pointers 4.970ms
[32.352s][info][gc,phases,start] GC(51) Phase 4: Compact heap
[32.353s][info][gc,phases      ] GC(51) Phase 4: Compact heap 1.640ms
[32.361s][info][gc,heap        ] GC(51) Eden regions: 148->0(39)
[32.361s][info][gc,heap        ] GC(51) Survivor regions: 7->0(36)
[32.361s][info][gc,heap        ] GC(51) Old regions: 540->29
[32.361s][info][gc,heap        ] GC(51) Archive regions: 0->0
[32.361s][info][gc,heap        ] GC(51) Humongous regions: 6->0
[32.361s][info][gc,metaspace   ] GC(51) Metaspace: 16630K(17344K)->16630K(17344K) NonClass: 14203K(14656K)->14203K(14656K) Class: 2426K(2688K)->2426K(2688K)
[32.361s][info][gc             ] GC(51) Pause Full (System.gc()) 688M->8M(97M) 27.485ms
[32.361s][info][gc,cpu         ] GC(51) User=0.45s Sys=0.00s Real=0.03s
[33.340s][info][gc,start       ] GC(52) Pause Young (Concurrent Start) (G1 Evacuation Pause)
[33.340s][info][gc,task        ] GC(52) Using 15 workers of 33 for evacuation
[33.373s][info][gc,phases      ] GC(52)   Pre Evacuate Collection Set: 0.3ms
[33.373s][info][gc,phases      ] GC(52)   Merge Heap Roots: 0.1ms
[33.373s][info][gc,phases      ] GC(52)   Evacuate Collection Set: 18.3ms
[33.373s][info][gc,phases      ] GC(52)   Post Evacuate Collection Set: 14.8ms
[33.374s][info][gc,phases      ] GC(52)   Other: 0.1ms
[33.374s][info][gc,heap        ] GC(52) Eden regions: 39->0(237)
[33.374s][info][gc,heap        ] GC(52) Survivor regions: 0->5(5)
[33.374s][info][gc,heap        ] GC(52) Old regions: 29->30
[33.374s][info][gc,heap        ] GC(52) Archive regions: 0->0
[33.374s][info][gc,heap        ] GC(52) Humongous regions: 0->0
[33.374s][info][gc,metaspace   ] GC(52) Metaspace: 16630K(17344K)->16630K(17344K) NonClass: 14203K(14656K)->14203K(14656K) Class: 2426K(2688K)->2426K(2688K)
[33.374s][info][gc             ] GC(52) Pause Young (Concurrent Start) (G1 Evacuation Pause) 47M->13M(1073M) 34.268ms
[33.374s][info][gc             ] GC(53) Concurrent Mark Cycle
[33.374s][info][gc,cpu         ] GC(52) User=0.47s Sys=0.02s Real=0.05s
[33.374s][info][gc,marking     ] GC(53) Concurrent Scan Root Regions
[33.377s][info][gc,marking     ] GC(53) Concurrent Scan Root Regions 3.007ms
[33.377s][info][gc,marking     ] GC(53) Concurrent Mark
[33.377s][info][gc,marking     ] GC(53) Concurrent Mark From Roots
[33.377s][info][gc,task        ] GC(53) Using 8 workers of 8 for marking
[33.384s][info][gc,marking     ] GC(53) Concurrent Mark From Roots 6.496ms
[33.384s][info][gc,marking     ] GC(53) Concurrent Preclean
[33.384s][info][gc,marking     ] GC(53) Concurrent Preclean 0.075ms
[33.384s][info][gc,start       ] GC(53) Pause Remark
[33.386s][info][gc             ] GC(53) Pause Remark 14M->14M(120M) 1.765ms
[33.386s][info][gc,cpu         ] GC(53) User=0.00s Sys=0.00s Real=0.00s
[33.386s][info][gc,marking     ] GC(53) Concurrent Mark 8.621ms
[33.386s][info][gc,marking     ] GC(53) Concurrent Rebuild Remembered Sets and Scrub Regions
[33.390s][info][gc,marking     ] GC(53) Concurrent Rebuild Remembered Sets and Scrub Regions 3.771ms
[33.390s][info][gc,start       ] GC(53) Pause Cleanup
[33.390s][info][gc             ] GC(53) Pause Cleanup 14M->14M(120M) 0.244ms
[33.390s][info][gc,cpu         ] GC(53) User=0.00s Sys=0.00s Real=0.00s
[33.390s][info][gc,marking     ] GC(53) Concurrent Clear Claimed Marks
[33.390s][info][gc,marking     ] GC(53) Concurrent Clear Claimed Marks 0.037ms
[33.390s][info][gc,marking     ] GC(53) Concurrent Cleanup for Next Mark
[33.390s][info][gc,marking     ] GC(53) Concurrent Cleanup for Next Mark 0.408ms
[33.391s][info][gc             ] GC(53) Concurrent Mark Cycle 16.522ms
[34.292s][info][gc,start       ] GC(54) Pause Young (Prepare Mixed) (G1 Evacuation Pause)
[34.293s][info][gc,task        ] GC(54) Using 8 workers of 33 for evacuation
[34.338s][info][gc,phases      ] GC(54)   Pre Evacuate Collection Set: 0.2ms
[34.338s][info][gc,phases      ] GC(54)   Merge Heap Roots: 0.1ms
[34.338s][info][gc,phases      ] GC(54)   Evacuate Collection Set: 44.8ms
[34.338s][info][gc,phases      ] GC(54)   Post Evacuate Collection Set: 0.4ms
[34.338s][info][gc,phases      ] GC(54)   Other: 0.1ms
[34.338s][info][gc,heap        ] GC(54) Eden regions: 67->0(43)
[34.338s][info][gc,heap        ] GC(54) Survivor regions: 5->9(9)
[34.338s][info][gc,heap        ] GC(54) Old regions: 30->56
[34.338s][info][gc,heap        ] GC(54) Archive regions: 0->0
[34.338s][info][gc,heap        ] GC(54) Humongous regions: 0->0
[34.338s][info][gc,metaspace   ] GC(54) Metaspace: 16630K(17344K)->16630K(17344K) NonClass: 14203K(14656K)->14203K(14656K) Class: 2426K(2688K)->2426K(2688K)
[34.338s][info][gc             ] GC(54) Pause Young (Prepare Mixed) (G1 Evacuation Pause) 80M->43M(137M) 45.952ms
[34.338s][info][gc,cpu         ] GC(54) User=0.31s Sys=0.02s Real=0.05s
[34.344s][info][gc,start       ] GC(55) Pause Young (Mixed) (G1 Evacuation Pause)
[34.344s][info][gc,task        ] GC(55) Using 5 workers of 33 for evacuation
[34.353s][info][gc,phases      ] GC(55)   Pre Evacuate Collection Set: 0.1ms
[34.353s][info][gc,phases      ] GC(55)   Merge Heap Roots: 0.1ms
[34.353s][info][gc,phases      ] GC(55)   Evacuate Collection Set: 8.0ms
[34.353s][info][gc,phases      ] GC(55)   Post Evacuate Collection Set: 0.3ms
[34.353s][info][gc,phases      ] GC(55)   Other: 0.1ms
[34.353s][info][gc,heap        ] GC(55) Eden regions: 43->0(50)
[34.353s][info][gc,heap        ] GC(55) Survivor regions: 9->2(7)
[34.353s][info][gc,heap        ] GC(55) Old regions: 56->52
[34.353s][info][gc,heap        ] GC(55) Archive regions: 0->0
[34.353s][info][gc,heap        ] GC(55) Humongous regions: 0->0
[34.353s][info][gc,metaspace   ] GC(55) Metaspace: 16630K(17344K)->16630K(17344K) NonClass: 14203K(14656K)->14203K(14656K) Class: 2426K(2688K)->2426K(2688K)
[34.353s][info][gc             ] GC(55) Pause Young (Mixed) (G1 Evacuation Pause) 86M->45M(137M) 8.973ms
[34.353s][info][gc,cpu         ] GC(55) User=0.00s Sys=0.00s Real=0.00s
[34.360s][info][gc,start       ] GC(56) Pause Young (Mixed) (G1 Evacuation Pause)
[34.360s][info][gc,task        ] GC(56) Using 4 workers of 33 for evacuation
[34.363s][info][gc,phases      ] GC(56)   Pre Evacuate Collection Set: 0.1ms
[34.363s][info][gc,phases      ] GC(56)   Merge Heap Roots: 0.1ms
[34.363s][info][gc,phases      ] GC(56)   Evacuate Collection Set: 2.6ms
[34.363s][info][gc,phases      ] GC(56)   Post Evacuate Collection Set: 0.3ms
[34.363s][info][gc,phases      ] GC(56)   Other: 0.1ms
[34.363s][info][gc,heap        ] GC(56) Eden regions: 50->0(53)
[34.363s][info][gc,heap        ] GC(56) Survivor regions: 2->2(7)
[34.363s][info][gc,heap        ] GC(56) Old regions: 52->51
[34.363s][info][gc,heap        ] GC(56) Archive regions: 0->0
[34.363s][info][gc,heap        ] GC(56) Humongous regions: 0->0
[34.363s][info][gc,metaspace   ] GC(56) Metaspace: 16630K(17344K)->16630K(17344K) NonClass: 14203K(14656K)->14203K(14656K) Class: 2426K(2688K)->2426K(2688K)
[34.363s][info][gc             ] GC(56) Pause Young (Mixed) (G1 Evacuation Pause) 95M->46M(137M) 3.374ms
[34.363s][info][gc,cpu         ] GC(56) User=0.00s Sys=0.00s Real=0.00s
[34.370s][info][gc,start       ] GC(57) Pause Young (Concurrent Start) (G1 Evacuation Pause)
[34.370s][info][gc,task        ] GC(57) Using 3 workers of 33 for evacuation
[34.380s][info][gc,phases      ] GC(57)   Pre Evacuate Collection Set: 0.2ms
[34.380s][info][gc,phases      ] GC(57)   Merge Heap Roots: 0.0ms
[34.380s][info][gc,phases      ] GC(57)   Evacuate Collection Set: 2.3ms
[34.380s][info][gc,phases      ] GC(57)   Post Evacuate Collection Set: 7.2ms
[34.380s][info][gc,phases      ] GC(57)   Other: 0.1ms
[34.380s][info][gc,heap        ] GC(57) Eden regions: 53->0(195)
[34.380s][info][gc,heap        ] GC(57) Survivor regions: 2->2(7)
[34.380s][info][gc,heap        ] GC(57) Old regions: 51->51
[34.380s][info][gc,heap        ] GC(57) Archive regions: 0->0
[34.380s][info][gc,heap        ] GC(57) Humongous regions: 0->0
[34.380s][info][gc,metaspace   ] GC(57) Metaspace: 16630K(17344K)->16630K(17344K) NonClass: 14203K(14656K)->14203K(14656K) Class: 2426K(2688K)->2426K(2688K)
[34.380s][info][gc             ] GC(57) Pause Young (Concurrent Start) (G1 Evacuation Pause) 99M->46M(1093M) 10.000ms
[34.380s][info][gc             ] GC(58) Concurrent Mark Cycle
[34.380s][info][gc,cpu         ] GC(57) User=0.00s Sys=0.02s Real=0.02s
[34.380s][info][gc,marking     ] GC(58) Concurrent Scan Root Regions
[34.383s][info][gc,marking     ] GC(58) Concurrent Scan Root Regions 2.719ms
[34.383s][info][gc,marking     ] GC(58) Concurrent Mark
[34.383s][info][gc,marking     ] GC(58) Concurrent Mark From Roots
[34.383s][info][gc,task        ] GC(58) Using 8 workers of 8 for marking
[34.389s][info][gc,marking     ] GC(58) Concurrent Mark From Roots 6.006ms
[34.389s][info][gc,marking     ] GC(58) Concurrent Preclean
[34.389s][info][gc,marking     ] GC(58) Concurrent Preclean 0.077ms
[34.390s][info][gc,start       ] GC(58) Pause Remark
[34.392s][info][gc             ] GC(58) Pause Remark 56M->23M(100M) 2.323ms
[34.392s][info][gc,cpu         ] GC(58) User=0.00s Sys=0.00s Real=0.00s
[34.392s][info][gc,marking     ] GC(58) Concurrent Mark 8.932ms
[34.392s][info][gc,marking     ] GC(58) Concurrent Rebuild Remembered Sets and Scrub Regions
[34.395s][info][gc,marking     ] GC(58) Concurrent Rebuild Remembered Sets and Scrub Regions 3.258ms
[34.396s][info][gc,start       ] GC(58) Pause Cleanup
[34.396s][info][gc             ] GC(58) Pause Cleanup 47M->47M(100M) 0.093ms
[34.396s][info][gc,cpu         ] GC(58) User=0.00s Sys=0.00s Real=0.00s
[34.396s][info][gc,marking     ] GC(58) Concurrent Clear Claimed Marks
[34.396s][info][gc,marking     ] GC(58) Concurrent Clear Claimed Marks 0.135ms
[34.396s][info][gc,marking     ] GC(58) Concurrent Cleanup for Next Mark
[34.396s][info][gc,marking     ] GC(58) Concurrent Cleanup for Next Mark 0.356ms
[34.396s][info][gc             ] GC(58) Concurrent Mark Cycle 15.955ms
[34.401s][info][gc,start       ] GC(59) Pause Young (Prepare Mixed) (G1 Evacuation Pause)
[34.401s][info][gc,task        ] GC(59) Using 2 workers of 33 for evacuation
[34.405s][info][gc,phases      ] GC(59)   Pre Evacuate Collection Set: 0.1ms
[34.405s][info][gc,phases      ] GC(59)   Merge Heap Roots: 0.1ms
[34.405s][info][gc,phases      ] GC(59)   Evacuate Collection Set: 2.6ms
[34.405s][info][gc,phases      ] GC(59)   Post Evacuate Collection Set: 0.3ms
[34.405s][info][gc,phases      ] GC(59)   Other: 0.1ms
[34.405s][info][gc,heap        ] GC(59) Eden regions: 80->0(58)
[34.405s][info][gc,heap        ] GC(59) Survivor regions: 2->2(29)
[34.405s][info][gc,heap        ] GC(59) Old regions: 18->18
[34.405s][info][gc,heap        ] GC(59) Archive regions: 0->0
[34.405s][info][gc,heap        ] GC(59) Humongous regions: 0->0
[34.405s][info][gc,metaspace   ] GC(59) Metaspace: 16630K(17344K)->16630K(17344K) NonClass: 14203K(14656K)->14203K(14656K) Class: 2426K(2688K)->2426K(2688K)
[34.405s][info][gc             ] GC(59) Pause Young (Prepare Mixed) (G1 Evacuation Pause) 93M->13M(102M) 3.352ms
[34.405s][info][gc,cpu         ] GC(59) User=0.00s Sys=0.00s Real=0.00s
[34.411s][info][gc,start       ] GC(60) Pause Young (Mixed) (G1 Evacuation Pause)
[34.411s][info][gc,task        ] GC(60) Using 2 workers of 33 for evacuation
[34.417s][info][gc,phases      ] GC(60)   Pre Evacuate Collection Set: 0.1ms
[34.417s][info][gc,phases      ] GC(60)   Merge Heap Roots: 0.1ms
[34.417s][info][gc,phases      ] GC(60)   Evacuate Collection Set: 5.1ms
[34.417s][info][gc,phases      ] GC(60)   Post Evacuate Collection Set: 0.4ms
[34.417s][info][gc,phases      ] GC(60)   Other: 0.1ms
[34.417s][info][gc,heap        ] GC(60) Eden regions: 58->0(59)
[34.417s][info][gc,heap        ] GC(60) Survivor regions: 2->2(8)
[34.417s][info][gc,heap        ] GC(60) Old regions: 18->14
[34.417s][info][gc,heap        ] GC(60) Archive regions: 0->0
[34.417s][info][gc,heap        ] GC(60) Humongous regions: 0->0
[34.417s][info][gc,metaspace   ] GC(60) Metaspace: 16630K(17344K)->16630K(17344K) NonClass: 14203K(14656K)->14203K(14656K) Class: 2426K(2688K)->2426K(2688K)
[34.417s][info][gc             ] GC(60) Pause Young (Mixed) (G1 Evacuation Pause) 71M->11M(102M) 5.837ms
[34.417s][info][gc,cpu         ] GC(60) User=0.00s Sys=0.00s Real=0.00s
[34.425s][info][gc,start       ] GC(61) Pause Young (Concurrent Start) (G1 Evacuation Pause)
[34.425s][info][gc,task        ] GC(61) Using 2 workers of 33 for evacuation
[34.428s][info][gc,phases      ] GC(61)   Pre Evacuate Collection Set: 0.2ms
[34.428s][info][gc,phases      ] GC(61)   Merge Heap Roots: 0.1ms
[34.428s][info][gc,phases      ] GC(61)   Evacuate Collection Set: 2.9ms
[34.428s][info][gc,phases      ] GC(61)   Post Evacuate Collection Set: 0.3ms
[34.428s][info][gc,phases      ] GC(61)   Other: 0.1ms
[34.428s][info][gc,heap        ] GC(61) Eden regions: 59->0(59)
[34.429s][info][gc,heap        ] GC(61) Survivor regions: 2->2(8)
[34.429s][info][gc,heap        ] GC(61) Old regions: 14->14
[34.429s][info][gc,heap        ] GC(61) Archive regions: 0->0
[34.429s][info][gc,heap        ] GC(61) Humongous regions: 0->0
[34.429s][info][gc,metaspace   ] GC(61) Metaspace: 16630K(17344K)->16630K(17344K) NonClass: 14203K(14656K)->14203K(14656K) Class: 2426K(2688K)->2426K(2688K)
[34.429s][info][gc             ] GC(61) Pause Young (Concurrent Start) (G1 Evacuation Pause) 70M->11M(102M) 3.813ms
[34.429s][info][gc,cpu         ] GC(61) User=0.00s Sys=0.00s Real=0.00s
[34.429s][info][gc             ] GC(62) Concurrent Mark Cycle
[34.429s][info][gc,marking     ] GC(62) Concurrent Scan Root Regions
[34.432s][info][gc,marking     ] GC(62) Concurrent Scan Root Regions 3.154ms
[34.432s][info][gc,marking     ] GC(62) Concurrent Mark
[34.432s][info][gc,marking     ] GC(62) Concurrent Mark From Roots
[34.432s][info][gc,task        ] GC(62) Using 8 workers of 8 for marking
[34.438s][info][gc,start       ] GC(63) Pause Young (Normal) (G1 Evacuation Pause)
[34.438s][info][gc,task        ] GC(63) Using 2 workers of 33 for evacuation
[34.450s][info][gc,phases      ] GC(63)   Pre Evacuate Collection Set: 0.1ms
[34.450s][info][gc,phases      ] GC(63)   Merge Heap Roots: 0.1ms
[34.450s][info][gc,phases      ] GC(63)   Evacuate Collection Set: 2.3ms
[34.450s][info][gc,phases      ] GC(63)   Post Evacuate Collection Set: 9.4ms
[34.450s][info][gc,phases      ] GC(63)   Other: 0.1ms
[34.450s][info][gc,heap        ] GC(63) Eden regions: 59->0(327)
[34.450s][info][gc,heap        ] GC(63) Survivor regions: 2->2(8)
[34.450s][info][gc,heap        ] GC(63) Old regions: 14->14
[34.450s][info][gc,heap        ] GC(63) Archive regions: 0->0
[34.450s][info][gc,heap        ] GC(63) Humongous regions: 0->0
[34.450s][info][gc,metaspace   ] GC(63) Metaspace: 16630K(17344K)->16630K(17344K) NonClass: 14203K(14656K)->14203K(14656K) Class: 2426K(2688K)->2426K(2688K)
[34.450s][info][gc             ] GC(63) Pause Young (Normal) (G1 Evacuation Pause) 70M->11M(1075M) 12.179ms
[34.450s][info][gc,cpu         ] GC(63) User=0.00s Sys=0.00s Real=0.00s
[34.451s][info][gc,marking     ] GC(62) Concurrent Mark From Roots 18.694ms
[34.451s][info][gc,marking     ] GC(62) Concurrent Preclean
[34.451s][info][gc,marking     ] GC(62) Concurrent Preclean 0.094ms
[34.451s][info][gc,start       ] GC(62) Pause Remark
[34.455s][info][gc             ] GC(62) Pause Remark 16M->16M(70M) 3.785ms
[34.455s][info][gc,cpu         ] GC(62) User=0.03s Sys=0.00s Real=0.02s
[34.455s][info][gc,marking     ] GC(62) Concurrent Mark 22.881ms
[34.455s][info][gc,marking     ] GC(62) Concurrent Rebuild Remembered Sets and Scrub Regions
[34.459s][info][gc,marking     ] GC(62) Concurrent Rebuild Remembered Sets and Scrub Regions 4.605ms
[34.460s][info][gc,start       ] GC(62) Pause Cleanup
[34.460s][info][gc             ] GC(62) Pause Cleanup 47M->47M(70M) 0.098ms
[34.460s][info][gc,cpu         ] GC(62) User=0.00s Sys=0.00s Real=0.00s
[34.460s][info][gc,marking     ] GC(62) Concurrent Clear Claimed Marks
[34.460s][info][gc,marking     ] GC(62) Concurrent Clear Claimed Marks 0.043ms
[34.460s][info][gc,marking     ] GC(62) Concurrent Cleanup for Next Mark
[34.460s][info][gc,marking     ] GC(62) Concurrent Cleanup for Next Mark 0.183ms
[34.460s][info][gc             ] GC(62) Concurrent Mark Cycle 31.614ms
[34.463s][info][gc,start       ] GC(64) Pause Young (Prepare Mixed) (G1 Evacuation Pause)
[34.463s][info][gc,task        ] GC(64) Using 2 workers of 33 for evacuation
[34.467s][info][gc,phases      ] GC(64)   Pre Evacuate Collection Set: 0.1ms
[34.467s][info][gc,phases      ] GC(64)   Merge Heap Roots: 0.1ms
[34.467s][info][gc,phases      ] GC(64)   Evacuate Collection Set: 3.3ms
[34.467s][info][gc,phases      ] GC(64)   Post Evacuate Collection Set: 0.3ms
[34.467s][info][gc,phases      ] GC(64)   Other: 0.1ms
[34.467s][info][gc,heap        ] GC(64) Eden regions: 54->0(41)
[34.467s][info][gc,heap        ] GC(64) Survivor regions: 2->2(44)
[34.467s][info][gc,heap        ] GC(64) Old regions: 14->14
[34.467s][info][gc,heap        ] GC(64) Archive regions: 0->0
[34.467s][info][gc,heap        ] GC(64) Humongous regions: 0->0
[34.467s][info][gc,metaspace   ] GC(64) Metaspace: 16630K(17344K)->16630K(17344K) NonClass: 14203K(14656K)->14203K(14656K) Class: 2426K(2688K)->2426K(2688K)
[34.467s][info][gc             ] GC(64) Pause Young (Prepare Mixed) (G1 Evacuation Pause) 65M->11M(72M) 3.970ms
[34.467s][info][gc,cpu         ] GC(64) User=0.00s Sys=0.00s Real=0.00s
[34.472s][info][gc,start       ] GC(65) Pause Young (Mixed) (G1 Evacuation Pause)
[34.472s][info][gc,task        ] GC(65) Using 2 workers of 33 for evacuation
[34.478s][info][gc,phases      ] GC(65)   Pre Evacuate Collection Set: 0.1ms
[34.478s][info][gc,phases      ] GC(65)   Merge Heap Roots: 0.1ms
[34.478s][info][gc,phases      ] GC(65)   Evacuate Collection Set: 5.4ms
[34.478s][info][gc,phases      ] GC(65)   Post Evacuate Collection Set: 0.3ms
[34.478s][info][gc,phases      ] GC(65)   Other: 0.1ms
[34.478s][info][gc,heap        ] GC(65) Eden regions: 41->0(41)
[34.478s][info][gc,heap        ] GC(65) Survivor regions: 2->2(6)
[34.478s][info][gc,heap        ] GC(65) Old regions: 14->12
[34.478s][info][gc,heap        ] GC(65) Archive regions: 0->0
[34.478s][info][gc,heap        ] GC(65) Humongous regions: 0->0
[34.478s][info][gc,metaspace   ] GC(65) Metaspace: 16630K(17344K)->16630K(17344K) NonClass: 14203K(14656K)->14203K(14656K) Class: 2426K(2688K)->2426K(2688K)
[34.478s][info][gc             ] GC(65) Pause Young (Mixed) (G1 Evacuation Pause) 52M->10M(72M) 6.048ms
[34.478s][info][gc,cpu         ] GC(65) User=0.00s Sys=0.00s Real=0.00s
[34.484s][info][gc,start       ] GC(66) Pause Young (Concurrent Start) (G1 Evacuation Pause)
[34.484s][info][gc,task        ] GC(66) Using 2 workers of 33 for evacuation
[34.488s][info][gc,phases      ] GC(66)   Pre Evacuate Collection Set: 0.2ms
[34.488s][info][gc,phases      ] GC(66)   Merge Heap Roots: 0.0ms
[34.488s][info][gc,phases      ] GC(66)   Evacuate Collection Set: 3.1ms
[34.488s][info][gc,phases      ] GC(66)   Post Evacuate Collection Set: 0.3ms
[34.488s][info][gc,phases      ] GC(66)   Other: 0.1ms
[34.488s][info][gc,heap        ] GC(66) Eden regions: 41->0(41)
[34.488s][info][gc,heap        ] GC(66) Survivor regions: 2->2(6)
[34.488s][info][gc,heap        ] GC(66) Old regions: 12->12
[34.488s][info][gc,heap        ] GC(66) Archive regions: 0->0
[34.488s][info][gc,heap        ] GC(66) Humongous regions: 0->0
[34.488s][info][gc,metaspace   ] GC(66) Metaspace: 16630K(17344K)->16630K(17344K) NonClass: 14203K(14656K)->14203K(14656K) Class: 2426K(2688K)->2426K(2688K)
[34.488s][info][gc             ] GC(66) Pause Young (Concurrent Start) (G1 Evacuation Pause) 51M->10M(72M) 3.943ms
[34.488s][info][gc             ] GC(67) Concurrent Mark Cycle
[34.488s][info][gc,cpu         ] GC(66) User=0.00s Sys=0.00s Real=0.00s
[34.488s][info][gc,marking     ] GC(67) Concurrent Scan Root Regions
[34.490s][info][gc,marking     ] GC(67) Concurrent Scan Root Regions 1.458ms
[34.490s][info][gc,marking     ] GC(67) Concurrent Mark
[34.490s][info][gc,marking     ] GC(67) Concurrent Mark From Roots
[34.490s][info][gc,task        ] GC(67) Using 8 workers of 8 for marking
[34.496s][info][gc,marking     ] GC(67) Concurrent Mark From Roots 6.140ms
[34.496s][info][gc,marking     ] GC(67) Concurrent Preclean
[34.496s][info][gc,marking     ] GC(67) Concurrent Preclean 0.071ms
[34.496s][info][gc,start       ] GC(68) Pause Young (Normal) (G1 Evacuation Pause)
[34.496s][info][gc,task        ] GC(68) Using 2 workers of 33 for evacuation
[34.503s][info][gc,phases      ] GC(68)   Pre Evacuate Collection Set: 0.1ms
[34.503s][info][gc,phases      ] GC(68)   Merge Heap Roots: 0.1ms
[34.503s][info][gc,phases      ] GC(68)   Evacuate Collection Set: 2.7ms
[34.503s][info][gc,phases      ] GC(68)   Post Evacuate Collection Set: 3.9ms
[34.503s][info][gc,phases      ] GC(68)   Other: 0.1ms
[34.503s][info][gc,heap        ] GC(68) Eden regions: 41->0(504)
[34.503s][info][gc,heap        ] GC(68) Survivor regions: 2->2(6)
[34.503s][info][gc,heap        ] GC(68) Old regions: 12->12
[34.503s][info][gc,heap        ] GC(68) Archive regions: 0->0
[34.503s][info][gc,heap        ] GC(68) Humongous regions: 0->0
[34.503s][info][gc,metaspace   ] GC(68) Metaspace: 16630K(17344K)->16630K(17344K) NonClass: 14203K(14656K)->14203K(14656K) Class: 2426K(2688K)->2426K(2688K)
[34.503s][info][gc             ] GC(68) Pause Young (Normal) (G1 Evacuation Pause) 51M->10M(1060M) 6.979ms
[34.503s][info][gc,cpu         ] GC(68) User=0.00s Sys=0.00s Real=0.00s
[34.508s][info][gc,start       ] GC(67) Pause Remark
[34.513s][info][gc             ] GC(67) Pause Remark 11M->11M(50M) 4.752ms
[34.513s][info][gc,cpu         ] GC(67) User=0.00s Sys=0.00s Real=0.00s
[34.513s][info][gc,marking     ] GC(67) Concurrent Mark 23.244ms
[34.513s][info][gc,marking     ] GC(67) Concurrent Rebuild Remembered Sets and Scrub Regions
[34.518s][info][gc,marking     ] GC(67) Concurrent Rebuild Remembered Sets and Scrub Regions 4.687ms
[34.518s][info][gc,start       ] GC(67) Pause Cleanup
[34.518s][info][gc             ] GC(67) Pause Cleanup 39M->39M(50M) 0.099ms
[34.518s][info][gc,cpu         ] GC(67) User=0.00s Sys=0.00s Real=0.00s
[34.518s][info][gc,marking     ] GC(67) Concurrent Clear Claimed Marks
[34.518s][info][gc,marking     ] GC(67) Concurrent Clear Claimed Marks 0.040ms
[34.518s][info][gc,marking     ] GC(67) Concurrent Cleanup for Next Mark
[34.518s][info][gc,marking     ] GC(67) Concurrent Cleanup for Next Mark 0.275ms
[34.519s][info][gc             ] GC(67) Concurrent Mark Cycle 30.279ms
[34.519s][info][gc,start       ] GC(69) Pause Young (Prepare Mixed) (G1 Evacuation Pause)
[34.520s][info][gc,task        ] GC(69) Using 2 workers of 33 for evacuation
[34.523s][info][gc,phases      ] GC(69)   Pre Evacuate Collection Set: 0.1ms
[34.524s][info][gc,phases      ] GC(69)   Merge Heap Roots: 0.1ms
[34.524s][info][gc,phases      ] GC(69)   Evacuate Collection Set: 3.4ms
[34.524s][info][gc,phases      ] GC(69)   Post Evacuate Collection Set: 0.3ms
[34.524s][info][gc,phases      ] GC(69)   Other: 0.1ms
[34.524s][info][gc,heap        ] GC(69) Eden regions: 36->0(29)
[34.524s][info][gc,heap        ] GC(69) Survivor regions: 2->2(66)
[34.524s][info][gc,heap        ] GC(69) Old regions: 12->12
[34.524s][info][gc,heap        ] GC(69) Archive regions: 0->0
[34.524s][info][gc,heap        ] GC(69) Humongous regions: 0->0
[34.524s][info][gc,metaspace   ] GC(69) Metaspace: 16630K(17344K)->16630K(17344K) NonClass: 14203K(14656K)->14203K(14656K) Class: 2426K(2688K)->2426K(2688K)
[34.524s][info][gc             ] GC(69) Pause Young (Prepare Mixed) (G1 Evacuation Pause) 46M->10M(52M) 4.169ms
[34.524s][info][gc,cpu         ] GC(69) User=0.00s Sys=0.00s Real=0.00s
[34.528s][info][gc,start       ] GC(70) Pause Young (Mixed) (G1 Evacuation Pause)
[34.528s][info][gc,task        ] GC(70) Using 2 workers of 33 for evacuation
[34.534s][info][gc,phases      ] GC(70)   Pre Evacuate Collection Set: 0.1ms
[34.534s][info][gc,phases      ] GC(70)   Merge Heap Roots: 0.1ms
[34.534s][info][gc,phases      ] GC(70)   Evacuate Collection Set: 5.9ms
[34.534s][info][gc,phases      ] GC(70)   Post Evacuate Collection Set: 0.3ms
[34.534s][info][gc,phases      ] GC(70)   Other: 0.1ms
[34.534s][info][gc,heap        ] GC(70) Eden regions: 29->0(29)
[34.534s][info][gc,heap        ] GC(70) Survivor regions: 2->2(4)
[34.534s][info][gc,heap        ] GC(70) Old regions: 12->11
[34.534s][info][gc,heap        ] GC(70) Archive regions: 0->0
[34.534s][info][gc,heap        ] GC(70) Humongous regions: 0->0
[34.534s][info][gc,metaspace   ] GC(70) Metaspace: 16630K(17344K)->16630K(17344K) NonClass: 14203K(14656K)->14203K(14656K) Class: 2426K(2688K)->2426K(2688K)
[34.534s][info][gc             ] GC(70) Pause Young (Mixed) (G1 Evacuation Pause) 39M->10M(52M) 6.835ms
[34.534s][info][gc,cpu         ] GC(70) User=0.00s Sys=0.00s Real=0.00s
[34.539s][info][gc,start       ] GC(71) Pause Young (Concurrent Start) (G1 Evacuation Pause)
[34.539s][info][gc,task        ] GC(71) Using 2 workers of 33 for evacuation
[34.543s][info][gc,phases      ] GC(71)   Pre Evacuate Collection Set: 0.2ms
[34.543s][info][gc,phases      ] GC(71)   Merge Heap Roots: 0.0ms
[34.543s][info][gc,phases      ] GC(71)   Evacuate Collection Set: 3.4ms
[34.543s][info][gc,phases      ] GC(71)   Post Evacuate Collection Set: 0.3ms
[34.543s][info][gc,phases      ] GC(71)   Other: 0.1ms
[34.543s][info][gc,heap        ] GC(71) Eden regions: 29->0(29)
[34.543s][info][gc,heap        ] GC(71) Survivor regions: 2->2(4)
[34.543s][info][gc,heap        ] GC(71) Old regions: 11->11
[34.543s][info][gc,heap        ] GC(71) Archive regions: 0->0
[34.543s][info][gc,heap        ] GC(71) Humongous regions: 0->0
[34.543s][info][gc,metaspace   ] GC(71) Metaspace: 16630K(17344K)->16630K(17344K) NonClass: 14203K(14656K)->14203K(14656K) Class: 2426K(2688K)->2426K(2688K)
[34.543s][info][gc             ] GC(71) Pause Young (Concurrent Start) (G1 Evacuation Pause) 39M->10M(52M) 4.343ms
[34.544s][info][gc,cpu         ] GC(71) User=0.00s Sys=0.00s Real=0.00s
[34.544s][info][gc             ] GC(72) Concurrent Mark Cycle
[34.544s][info][gc,marking     ] GC(72) Concurrent Scan Root Regions
[34.545s][info][gc,marking     ] GC(72) Concurrent Scan Root Regions 1.579ms
[34.545s][info][gc,marking     ] GC(72) Concurrent Mark
[34.545s][info][gc,marking     ] GC(72) Concurrent Mark From Roots
[34.545s][info][gc,task        ] GC(72) Using 8 workers of 8 for marking
[34.549s][info][gc,start       ] GC(73) Pause Young (Normal) (G1 Evacuation Pause)
[34.549s][info][gc,task        ] GC(73) Using 2 workers of 33 for evacuation
[34.557s][info][gc,phases      ] GC(73)   Pre Evacuate Collection Set: 0.1ms
[34.557s][info][gc,phases      ] GC(73)   Merge Heap Roots: 0.1ms
[34.557s][info][gc,phases      ] GC(73)   Evacuate Collection Set: 3.0ms
[34.557s][info][gc,phases      ] GC(73)   Post Evacuate Collection Set: 4.1ms
[34.557s][info][gc,phases      ] GC(73)   Other: 0.1ms
[34.557s][info][gc,heap        ] GC(73) Eden regions: 29->0(628)
[34.557s][info][gc,heap        ] GC(73) Survivor regions: 2->2(4)
[34.557s][info][gc,heap        ] GC(73) Old regions: 11->11
[34.557s][info][gc,heap        ] GC(73) Archive regions: 0->0
[34.557s][info][gc,heap        ] GC(73) Humongous regions: 0->0
[34.557s][info][gc,metaspace   ] GC(73) Metaspace: 16630K(17344K)->16630K(17344K) NonClass: 14203K(14656K)->14203K(14656K) Class: 2426K(2688K)->2426K(2688K)
[34.557s][info][gc             ] GC(73) Pause Young (Normal) (G1 Evacuation Pause) 39M->10M(1050M) 7.602ms
[34.557s][info][gc,cpu         ] GC(73) User=0.00s Sys=0.00s Real=0.00s
[34.560s][info][gc,marking     ] GC(72) Concurrent Mark From Roots 14.684ms
[34.560s][info][gc,marking     ] GC(72) Concurrent Preclean
[34.560s][info][gc,marking     ] GC(72) Concurrent Preclean 0.131ms
[34.561s][info][gc,start       ] GC(72) Pause Remark
[34.565s][info][gc             ] GC(72) Pause Remark 14M->14M(57M) 4.845ms
[34.565s][info][gc,cpu         ] GC(72) User=0.00s Sys=0.00s Real=0.00s
[34.566s][info][gc,marking     ] GC(72) Concurrent Mark 20.632ms
[34.566s][info][gc,marking     ] GC(72) Concurrent Rebuild Remembered Sets and Scrub Regions
[34.570s][info][gc,marking     ] GC(72) Concurrent Rebuild Remembered Sets and Scrub Regions 4.136ms
[34.570s][info][gc,start       ] GC(72) Pause Cleanup
[34.570s][info][gc             ] GC(72) Pause Cleanup 38M->38M(57M) 0.121ms
[34.570s][info][gc,cpu         ] GC(72) User=0.00s Sys=0.00s Real=0.00s
[34.571s][info][gc,marking     ] GC(72) Concurrent Clear Claimed Marks
[34.571s][info][gc,marking     ] GC(72) Concurrent Clear Claimed Marks 0.049ms
[34.571s][info][gc,marking     ] GC(72) Concurrent Cleanup for Next Mark
[34.571s][info][gc,marking     ] GC(72) Concurrent Cleanup for Next Mark 0.327ms
[34.571s][info][gc             ] GC(72) Concurrent Mark Cycle 27.474ms
[34.573s][info][gc,start       ] GC(74) Pause Young (Prepare Mixed) (G1 Evacuation Pause)
[34.573s][info][gc,task        ] GC(74) Using 2 workers of 33 for evacuation
[34.578s][info][gc,phases      ] GC(74)   Pre Evacuate Collection Set: 0.1ms
[34.578s][info][gc,phases      ] GC(74)   Merge Heap Roots: 0.1ms
[34.578s][info][gc,phases      ] GC(74)   Evacuate Collection Set: 3.9ms
[34.578s][info][gc,phases      ] GC(74)   Post Evacuate Collection Set: 0.4ms
[34.578s][info][gc,phases      ] GC(74)   Other: 0.1ms
[34.578s][info][gc,heap        ] GC(74) Eden regions: 44->0(34)
[34.578s][info][gc,heap        ] GC(74) Survivor regions: 2->2(79)
[34.578s][info][gc,heap        ] GC(74) Old regions: 11->12
[34.578s][info][gc,heap        ] GC(74) Archive regions: 0->0
[34.578s][info][gc,heap        ] GC(74) Humongous regions: 0->0
[34.578s][info][gc,metaspace   ] GC(74) Metaspace: 16630K(17344K)->16630K(17344K) NonClass: 14203K(14656K)->14203K(14656K) Class: 2426K(2688K)->2426K(2688K)
[34.578s][info][gc             ] GC(74) Pause Young (Prepare Mixed) (G1 Evacuation Pause) 54M->10M(60M) 4.835ms
[34.578s][info][gc,cpu         ] GC(74) User=0.03s Sys=0.00s Real=0.01s
[34.582s][info][gc,start       ] GC(75) Pause Young (Mixed) (G1 Evacuation Pause)
[34.583s][info][gc,task        ] GC(75) Using 2 workers of 33 for evacuation
[34.587s][info][gc,phases      ] GC(75)   Pre Evacuate Collection Set: 0.1ms
[34.587s][info][gc,phases      ] GC(75)   Merge Heap Roots: 0.1ms
[34.587s][info][gc,phases      ] GC(75)   Evacuate Collection Set: 4.2ms
[34.587s][info][gc,phases      ] GC(75)   Post Evacuate Collection Set: 0.3ms
[34.587s][info][gc,phases      ] GC(75)   Other: 0.1ms
[34.587s][info][gc,heap        ] GC(75) Eden regions: 34->0(34)
[34.587s][info][gc,heap        ] GC(75) Survivor regions: 2->2(5)
[34.587s][info][gc,heap        ] GC(75) Old regions: 12->11
[34.587s][info][gc,heap        ] GC(75) Archive regions: 0->0
[34.587s][info][gc,heap        ] GC(75) Humongous regions: 0->0
[34.587s][info][gc,metaspace   ] GC(75) Metaspace: 16630K(17344K)->16630K(17344K) NonClass: 14203K(14656K)->14203K(14656K) Class: 2426K(2688K)->2426K(2688K)
[34.587s][info][gc             ] GC(75) Pause Young (Mixed) (G1 Evacuation Pause) 44M->10M(60M) 4.960ms
[34.587s][info][gc,cpu         ] GC(75) User=0.00s Sys=0.00s Real=0.00s
[34.593s][info][gc,start       ] GC(76) Pause Young (Concurrent Start) (G1 Evacuation Pause)
[34.593s][info][gc,task        ] GC(76) Using 2 workers of 33 for evacuation
[34.599s][info][gc,phases      ] GC(76)   Pre Evacuate Collection Set: 0.3ms
[34.599s][info][gc,phases      ] GC(76)   Merge Heap Roots: 0.0ms
[34.599s][info][gc,phases      ] GC(76)   Evacuate Collection Set: 5.5ms
[34.599s][info][gc,phases      ] GC(76)   Post Evacuate Collection Set: 0.4ms
[34.599s][info][gc,phases      ] GC(76)   Other: 0.1ms
[34.599s][info][gc,heap        ] GC(76) Eden regions: 34->0(34)
[34.599s][info][gc,heap        ] GC(76) Survivor regions: 2->2(5)
[34.599s][info][gc,heap        ] GC(76) Old regions: 11->11
[34.599s][info][gc,heap        ] GC(76) Archive regions: 0->0
[34.599s][info][gc,heap        ] GC(76) Humongous regions: 0->0
[34.599s][info][gc,metaspace   ] GC(76) Metaspace: 16630K(17344K)->16630K(17344K) NonClass: 14203K(14656K)->14203K(14656K) Class: 2426K(2688K)->2426K(2688K)
[34.599s][info][gc             ] GC(76) Pause Young (Concurrent Start) (G1 Evacuation Pause) 44M->10M(60M) 6.602ms
[34.599s][info][gc,cpu         ] GC(76) User=0.00s Sys=0.00s Real=0.00s
[34.599s][info][gc             ] GC(77) Concurrent Mark Cycle
[34.599s][info][gc,marking     ] GC(77) Concurrent Scan Root Regions
[34.603s][info][gc,marking     ] GC(77) Concurrent Scan Root Regions 3.247ms
[34.603s][info][gc,marking     ] GC(77) Concurrent Mark
[34.603s][info][gc,marking     ] GC(77) Concurrent Mark From Roots
[34.603s][info][gc,task        ] GC(77) Using 8 workers of 8 for marking
[34.608s][info][gc,start       ] GC(78) Pause Young (Normal) (G1 Evacuation Pause)
[34.608s][info][gc,task        ] GC(78) Using 2 workers of 33 for evacuation
[34.617s][info][gc,phases      ] GC(78)   Pre Evacuate Collection Set: 0.1ms
[34.617s][info][gc,phases      ] GC(78)   Merge Heap Roots: 0.1ms
[34.617s][info][gc,phases      ] GC(78)   Evacuate Collection Set: 4.3ms
[34.617s][info][gc,phases      ] GC(78)   Post Evacuate Collection Set: 4.7ms
[34.617s][info][gc,phases      ] GC(78)   Other: 0.1ms
[34.617s][info][gc,heap        ] GC(78) Eden regions: 34->0(630)
[34.617s][info][gc,heap        ] GC(78) Survivor regions: 2->2(5)
[34.617s][info][gc,heap        ] GC(78) Old regions: 11->11
[34.617s][info][gc,heap        ] GC(78) Archive regions: 0->0
[34.617s][info][gc,heap        ] GC(78) Humongous regions: 0->0
[34.617s][info][gc,metaspace   ] GC(78) Metaspace: 16630K(17344K)->16630K(17344K) NonClass: 14203K(14656K)->14203K(14656K) Class: 2426K(2688K)->2426K(2688K)
[34.617s][info][gc             ] GC(78) Pause Young (Normal) (G1 Evacuation Pause) 44M->10M(1054M) 9.732ms
[34.617s][info][gc,cpu         ] GC(78) User=0.02s Sys=0.00s Real=0.02s
[34.622s][info][gc,marking     ] GC(77) Concurrent Mark From Roots 18.899ms
[34.622s][info][gc,marking     ] GC(77) Concurrent Preclean
[34.622s][info][gc,marking     ] GC(77) Concurrent Preclean 0.145ms
[34.622s][info][gc,start       ] GC(77) Pause Remark
[34.627s][info][gc             ] GC(77) Pause Remark 17M->17M(67M) 4.980ms
[34.627s][info][gc,cpu         ] GC(77) User=0.00s Sys=0.00s Real=0.00s
[34.627s][info][gc,marking     ] GC(77) Concurrent Mark 24.502ms
[34.627s][info][gc,marking     ] GC(77) Concurrent Rebuild Remembered Sets and Scrub Regions
[34.632s][info][gc,marking     ] GC(77) Concurrent Rebuild Remembered Sets and Scrub Regions 4.249ms
[34.632s][info][gc,start       ] GC(77) Pause Cleanup
[34.632s][info][gc             ] GC(77) Pause Cleanup 42M->42M(67M) 0.131ms
[34.632s][info][gc,cpu         ] GC(77) User=0.00s Sys=0.00s Real=0.00s
[34.632s][info][gc,marking     ] GC(77) Concurrent Clear Claimed Marks
[34.632s][info][gc,marking     ] GC(77) Concurrent Clear Claimed Marks 0.068ms
[34.632s][info][gc,marking     ] GC(77) Concurrent Cleanup for Next Mark
[34.633s][info][gc,marking     ] GC(77) Concurrent Cleanup for Next Mark 0.194ms
[34.633s][info][gc             ] GC(77) Concurrent Mark Cycle 33.344ms
[34.636s][info][gc,start       ] GC(79) Pause Young (Prepare Mixed) (G1 Evacuation Pause)
[34.636s][info][gc,task        ] GC(79) Using 2 workers of 33 for evacuation
[34.642s][info][gc,phases      ] GC(79)   Pre Evacuate Collection Set: 0.1ms
[34.642s][info][gc,phases      ] GC(79)   Merge Heap Roots: 0.1ms
[34.642s][info][gc,phases      ] GC(79)   Evacuate Collection Set: 4.9ms
[34.642s][info][gc,phases      ] GC(79)   Post Evacuate Collection Set: 0.4ms
[34.642s][info][gc,phases      ] GC(79)   Other: 0.1ms
[34.642s][info][gc,heap        ] GC(79) Eden regions: 54->0(40)
[34.642s][info][gc,heap        ] GC(79) Survivor regions: 2->2(79)
[34.642s][info][gc,heap        ] GC(79) Old regions: 11->12
[34.642s][info][gc,heap        ] GC(79) Archive regions: 0->0
[34.642s][info][gc,heap        ] GC(79) Humongous regions: 0->0
[34.642s][info][gc,metaspace   ] GC(79) Metaspace: 16630K(17344K)->16630K(17344K) NonClass: 14203K(14656K)->14203K(14656K) Class: 2426K(2688K)->2426K(2688K)
[34.642s][info][gc             ] GC(79) Pause Young (Prepare Mixed) (G1 Evacuation Pause) 64M->10M(70M) 5.971ms
[34.642s][info][gc,cpu         ] GC(79) User=0.00s Sys=0.00s Real=0.00s
[34.648s][info][gc,start       ] GC(80) Pause Young (Mixed) (G1 Evacuation Pause)
[34.648s][info][gc,task        ] GC(80) Using 2 workers of 33 for evacuation
[34.657s][info][gc,phases      ] GC(80)   Pre Evacuate Collection Set: 0.1ms
[34.657s][info][gc,phases      ] GC(80)   Merge Heap Roots: 0.1ms
[34.657s][info][gc,phases      ] GC(80)   Evacuate Collection Set: 8.2ms
[34.657s][info][gc,phases      ] GC(80)   Post Evacuate Collection Set: 0.5ms
[34.657s][info][gc,phases      ] GC(80)   Other: 0.1ms
[34.657s][info][gc,heap        ] GC(80) Eden regions: 40->0(40)
[34.657s][info][gc,heap        ] GC(80) Survivor regions: 2->2(6)
[34.657s][info][gc,heap        ] GC(80) Old regions: 12->11
[34.657s][info][gc,heap        ] GC(80) Archive regions: 0->0
[34.657s][info][gc,heap        ] GC(80) Humongous regions: 0->0
[34.657s][info][gc,metaspace   ] GC(80) Metaspace: 16630K(17344K)->16630K(17344K) NonClass: 14203K(14656K)->14203K(14656K) Class: 2426K(2688K)->2426K(2688K)
[34.657s][info][gc             ] GC(80) Pause Young (Mixed) (G1 Evacuation Pause) 50M->10M(70M) 9.482ms
[34.657s][info][gc,cpu         ] GC(80) User=0.00s Sys=0.00s Real=0.00s
[34.665s][info][gc,start       ] GC(81) Pause Young (Concurrent Start) (G1 Evacuation Pause)
[34.665s][info][gc,task        ] GC(81) Using 2 workers of 33 for evacuation
[34.671s][info][gc,phases      ] GC(81)   Pre Evacuate Collection Set: 0.3ms
[34.671s][info][gc,phases      ] GC(81)   Merge Heap Roots: 0.1ms
[34.671s][info][gc,phases      ] GC(81)   Evacuate Collection Set: 5.4ms
[34.671s][info][gc,phases      ] GC(81)   Post Evacuate Collection Set: 0.5ms
[34.671s][info][gc,phases      ] GC(81)   Other: 0.1ms
[34.671s][info][gc,heap        ] GC(81) Eden regions: 40->0(40)
[34.671s][info][gc,heap        ] GC(81) Survivor regions: 2->2(6)
[34.671s][info][gc,heap        ] GC(81) Old regions: 11->11
[34.671s][info][gc,heap        ] GC(81) Archive regions: 0->0
[34.671s][info][gc,heap        ] GC(81) Humongous regions: 0->0
[34.671s][info][gc,metaspace   ] GC(81) Metaspace: 16632K(17344K)->16632K(17344K) NonClass: 14205K(14656K)->14205K(14656K) Class: 2426K(2688K)->2426K(2688K)
[34.672s][info][gc             ] GC(81) Pause Young (Concurrent Start) (G1 Evacuation Pause) 50M->10M(70M) 6.867ms
[34.672s][info][gc             ] GC(82) Concurrent Mark Cycle
[34.672s][info][gc,cpu         ] GC(81) User=0.00s Sys=0.00s Real=0.00s
[34.672s][info][gc,marking     ] GC(82) Concurrent Scan Root Regions
[34.675s][info][gc,marking     ] GC(82) Concurrent Scan Root Regions 3.376ms
[34.675s][info][gc,marking     ] GC(82) Concurrent Mark
[34.675s][info][gc,marking     ] GC(82) Concurrent Mark From Roots
[34.675s][info][gc,task        ] GC(82) Using 8 workers of 8 for marking
[34.680s][info][gc,start       ] GC(83) Pause Young (Normal) (G1 Evacuation Pause)
[34.681s][info][gc,task        ] GC(83) Using 2 workers of 33 for evacuation
[34.689s][info][gc,phases      ] GC(83)   Pre Evacuate Collection Set: 0.1ms
[34.689s][info][gc,phases      ] GC(83)   Merge Heap Roots: 0.1ms
[34.689s][info][gc,phases      ] GC(83)   Evacuate Collection Set: 3.6ms
[34.689s][info][gc,phases      ] GC(83)   Post Evacuate Collection Set: 4.6ms
[34.689s][info][gc,phases      ] GC(83)   Other: 0.1ms
[34.689s][info][gc,heap        ] GC(83) Eden regions: 40->0(633)
[34.689s][info][gc,heap        ] GC(83) Survivor regions: 2->2(6)
[34.689s][info][gc,heap        ] GC(83) Old regions: 11->11
[34.689s][info][gc,heap        ] GC(83) Archive regions: 0->0
[34.689s][info][gc,heap        ] GC(83) Humongous regions: 0->0
[34.689s][info][gc,metaspace   ] GC(83) Metaspace: 16632K(17344K)->16632K(17344K) NonClass: 14205K(14656K)->14205K(14656K) Class: 2426K(2688K)->2426K(2688K)
[34.689s][info][gc             ] GC(83) Pause Young (Normal) (G1 Evacuation Pause) 50M->10M(1059M) 8.934ms
[34.689s][info][gc,cpu         ] GC(83) User=0.02s Sys=0.00s Real=0.02s
[34.694s][info][gc,marking     ] GC(82) Concurrent Mark From Roots 19.151ms
[34.694s][info][gc,marking     ] GC(82) Concurrent Preclean
[34.694s][info][gc,marking     ] GC(82) Concurrent Preclean 0.076ms
[34.695s][info][gc,start       ] GC(82) Pause Remark
[34.699s][info][gc             ] GC(82) Pause Remark 17M->17M(70M) 4.808ms
[34.699s][info][gc,cpu         ] GC(82) User=0.00s Sys=0.00s Real=0.00s
[34.700s][info][gc,marking     ] GC(82) Concurrent Mark 24.489ms
[34.700s][info][gc,marking     ] GC(82) Concurrent Rebuild Remembered Sets and Scrub Regions
[34.704s][info][gc,marking     ] GC(82) Concurrent Rebuild Remembered Sets and Scrub Regions 4.685ms
[34.705s][info][gc,start       ] GC(82) Pause Cleanup
[34.705s][info][gc             ] GC(82) Pause Cleanup 47M->47M(70M) 0.146ms
[34.705s][info][gc,cpu         ] GC(82) User=0.00s Sys=0.00s Real=0.00s
[34.705s][info][gc,marking     ] GC(82) Concurrent Clear Claimed Marks
[34.705s][info][gc,marking     ] GC(82) Concurrent Clear Claimed Marks 0.077ms
[34.705s][info][gc,marking     ] GC(82) Concurrent Cleanup for Next Mark
[34.705s][info][gc,marking     ] GC(82) Concurrent Cleanup for Next Mark 0.223ms
[34.705s][info][gc             ] GC(82) Concurrent Mark Cycle 33.885ms
[34.708s][info][gc,start       ] GC(84) Pause Young (Prepare Mixed) (G1 Evacuation Pause)
[34.709s][info][gc,task        ] GC(84) Using 2 workers of 33 for evacuation
[34.713s][info][gc,phases      ] GC(84)   Pre Evacuate Collection Set: 0.1ms
[34.713s][info][gc,phases      ] GC(84)   Merge Heap Roots: 0.1ms
[34.713s][info][gc,phases      ] GC(84)   Evacuate Collection Set: 4.2ms
[34.713s][info][gc,phases      ] GC(84)   Post Evacuate Collection Set: 0.4ms
[34.714s][info][gc,phases      ] GC(84)   Other: 0.1ms
[34.714s][info][gc,heap        ] GC(84) Eden regions: 57->0(41)
[34.714s][info][gc,heap        ] GC(84) Survivor regions: 2->2(80)
[34.714s][info][gc,heap        ] GC(84) Old regions: 11->12
[34.714s][info][gc,heap        ] GC(84) Archive regions: 0->0
[34.714s][info][gc,heap        ] GC(84) Humongous regions: 0->0
[34.714s][info][gc,metaspace   ] GC(84) Metaspace: 16632K(17344K)->16632K(17344K) NonClass: 14205K(14656K)->14205K(14656K) Class: 2426K(2688K)->2426K(2688K)
[34.714s][info][gc             ] GC(84) Pause Young (Prepare Mixed) (G1 Evacuation Pause) 67M->10M(73M) 5.272ms
[34.714s][info][gc,cpu         ] GC(84) User=0.00s Sys=0.00s Real=0.00s
[34.719s][info][gc,start       ] GC(85) Pause Young (Mixed) (G1 Evacuation Pause)
[34.719s][info][gc,task        ] GC(85) Using 2 workers of 33 for evacuation
[34.724s][info][gc,phases      ] GC(85)   Pre Evacuate Collection Set: 0.1ms
[34.724s][info][gc,phases      ] GC(85)   Merge Heap Roots: 0.1ms
[34.724s][info][gc,phases      ] GC(85)   Evacuate Collection Set: 4.0ms
[34.724s][info][gc,phases      ] GC(85)   Post Evacuate Collection Set: 0.4ms
[34.724s][info][gc,phases      ] GC(85)   Other: 0.1ms
[34.724s][info][gc,heap        ] GC(85) Eden regions: 41->0(41)
[34.724s][info][gc,heap        ] GC(85) Survivor regions: 2->2(6)
[34.724s][info][gc,heap        ] GC(85) Old regions: 12->11
[34.724s][info][gc,heap        ] GC(85) Archive regions: 0->0
[34.724s][info][gc,heap        ] GC(85) Humongous regions: 0->0
[34.724s][info][gc,metaspace   ] GC(85) Metaspace: 16632K(17344K)->16632K(17344K) NonClass: 14205K(14656K)->14205K(14656K) Class: 2426K(2688K)->2426K(2688K)
[34.724s][info][gc             ] GC(85) Pause Young (Mixed) (G1 Evacuation Pause) 51M->10M(73M) 4.934ms
[34.724s][info][gc,cpu         ] GC(85) User=0.00s Sys=0.00s Real=0.00s
[34.730s][info][gc,start       ] GC(86) Pause Young (Concurrent Start) (G1 Evacuation Pause)
[34.730s][info][gc,task        ] GC(86) Using 2 workers of 33 for evacuation
[34.736s][info][gc,phases      ] GC(86)   Pre Evacuate Collection Set: 0.3ms
[34.736s][info][gc,phases      ] GC(86)   Merge Heap Roots: 0.0ms
[34.736s][info][gc,phases      ] GC(86)   Evacuate Collection Set: 5.0ms
[34.736s][info][gc,phases      ] GC(86)   Post Evacuate Collection Set: 0.4ms
[34.736s][info][gc,phases      ] GC(86)   Other: 0.1ms
[34.736s][info][gc,heap        ] GC(86) Eden regions: 41->0(41)
[34.736s][info][gc,heap        ] GC(86) Survivor regions: 2->2(6)
[34.736s][info][gc,heap        ] GC(86) Old regions: 11->11
[34.736s][info][gc,heap        ] GC(86) Archive regions: 0->0
[34.736s][info][gc,heap        ] GC(86) Humongous regions: 0->0
[34.736s][info][gc,metaspace   ] GC(86) Metaspace: 16632K(17344K)->16632K(17344K) NonClass: 14205K(14656K)->14205K(14656K) Class: 2426K(2688K)->2426K(2688K)
[34.736s][info][gc             ] GC(86) Pause Young (Concurrent Start) (G1 Evacuation Pause) 51M->10M(73M) 6.052ms
[34.736s][info][gc,cpu         ] GC(86) User=0.00s Sys=0.00s Real=0.00s
[34.736s][info][gc             ] GC(87) Concurrent Mark Cycle
[34.736s][info][gc,marking     ] GC(87) Concurrent Scan Root Regions
[34.739s][info][gc,marking     ] GC(87) Concurrent Scan Root Regions 2.818ms
[34.739s][info][gc,marking     ] GC(87) Concurrent Mark
[34.739s][info][gc,marking     ] GC(87) Concurrent Mark From Roots
[34.739s][info][gc,task        ] GC(87) Using 8 workers of 8 for marking
[34.754s][info][gc,start       ] GC(88) Pause Young (Normal) (G1 Evacuation Pause)
[34.754s][info][gc,task        ] GC(88) Using 2 workers of 33 for evacuation
[34.764s][info][gc,phases      ] GC(88)   Pre Evacuate Collection Set: 0.1ms
[34.764s][info][gc,phases      ] GC(88)   Merge Heap Roots: 0.1ms
[34.764s][info][gc,phases      ] GC(88)   Evacuate Collection Set: 3.6ms
[34.764s][info][gc,phases      ] GC(88)   Post Evacuate Collection Set: 5.6ms
[34.764s][info][gc,phases      ] GC(88)   Other: 0.1ms
[34.764s][info][gc,heap        ] GC(88) Eden regions: 41->0(634)
[34.764s][info][gc,heap        ] GC(88) Survivor regions: 2->2(6)
[34.764s][info][gc,heap        ] GC(88) Old regions: 11->11
[34.764s][info][gc,heap        ] GC(88) Archive regions: 0->0
[34.764s][info][gc,heap        ] GC(88) Humongous regions: 0->0
[34.764s][info][gc,metaspace   ] GC(88) Metaspace: 16632K(17344K)->16632K(17344K) NonClass: 14205K(14656K)->14205K(14656K) Class: 2426K(2688K)->2426K(2688K)
[34.764s][info][gc             ] GC(88) Pause Young (Normal) (G1 Evacuation Pause) 51M->10M(1061M) 9.940ms
[34.764s][info][gc,cpu         ] GC(88) User=0.00s Sys=0.00s Real=0.00s
[34.776s][info][gc,marking     ] GC(87) Concurrent Mark From Roots 36.461ms
[34.776s][info][gc,marking     ] GC(87) Concurrent Preclean
[34.776s][info][gc,marking     ] GC(87) Concurrent Preclean 0.048ms
[34.776s][info][gc,start       ] GC(87) Pause Remark
[34.780s][info][gc             ] GC(87) Pause Remark 30M->30M(114M) 3.466ms
[34.780s][info][gc,cpu         ] GC(87) User=0.00s Sys=0.00s Real=0.00s
[34.780s][info][gc,marking     ] GC(87) Concurrent Mark 40.490ms
[34.780s][info][gc,marking     ] GC(87) Concurrent Rebuild Remembered Sets and Scrub Regions
[34.784s][info][gc,marking     ] GC(87) Concurrent Rebuild Remembered Sets and Scrub Regions 3.944ms
[34.784s][info][gc,start       ] GC(87) Pause Cleanup
[34.784s][info][gc             ] GC(87) Pause Cleanup 35M->35M(114M) 0.133ms
[34.784s][info][gc,cpu         ] GC(87) User=0.00s Sys=0.00s Real=0.00s
[34.785s][info][gc,marking     ] GC(87) Concurrent Clear Claimed Marks
[34.785s][info][gc,marking     ] GC(87) Concurrent Clear Claimed Marks 0.051ms
[34.785s][info][gc,marking     ] GC(87) Concurrent Cleanup for Next Mark
[34.786s][info][gc,marking     ] GC(87) Concurrent Cleanup for Next Mark 1.099ms
[34.786s][info][gc             ] GC(87) Concurrent Mark Cycle 49.892ms
[34.812s][info][gc,start       ] GC(89) Pause Young (Prepare Mixed) (G1 Evacuation Pause)
[34.812s][info][gc,task        ] GC(89) Using 2 workers of 33 for evacuation
[34.815s][info][gc,phases      ] GC(89)   Pre Evacuate Collection Set: 0.1ms
[34.815s][info][gc,phases      ] GC(89)   Merge Heap Roots: 0.1ms
[34.815s][info][gc,phases      ] GC(89)   Evacuate Collection Set: 2.6ms
[34.815s][info][gc,phases      ] GC(89)   Post Evacuate Collection Set: 0.3ms
[34.815s][info][gc,phases      ] GC(89)   Other: 0.1ms
[34.815s][info][gc,heap        ] GC(89) Eden regions: 101->0(68)
[34.815s][info][gc,heap        ] GC(89) Survivor regions: 2->2(80)
[34.815s][info][gc,heap        ] GC(89) Old regions: 11->12
[34.815s][info][gc,heap        ] GC(89) Archive regions: 0->0
[34.815s][info][gc,heap        ] GC(89) Humongous regions: 0->0
[34.816s][info][gc,metaspace   ] GC(89) Metaspace: 16632K(17344K)->16632K(17344K) NonClass: 14205K(14656K)->14205K(14656K) Class: 2426K(2688K)->2426K(2688K)
[34.816s][info][gc             ] GC(89) Pause Young (Prepare Mixed) (G1 Evacuation Pause) 111M->10M(117M) 3.319ms
[34.816s][info][gc,cpu         ] GC(89) User=0.03s Sys=0.00s Real=0.02s
[34.822s][info][gc,start       ] GC(90) Pause Young (Mixed) (G1 Evacuation Pause)
[34.822s][info][gc,task        ] GC(90) Using 2 workers of 33 for evacuation
[34.826s][info][gc,phases      ] GC(90)   Pre Evacuate Collection Set: 0.1ms
[34.826s][info][gc,phases      ] GC(90)   Merge Heap Roots: 0.0ms
[34.826s][info][gc,phases      ] GC(90)   Evacuate Collection Set: 3.1ms
[34.826s][info][gc,phases      ] GC(90)   Post Evacuate Collection Set: 0.2ms
[34.826s][info][gc,phases      ] GC(90)   Other: 0.1ms
[34.826s][info][gc,heap        ] GC(90) Eden regions: 68->0(68)
[34.826s][info][gc,heap        ] GC(90) Survivor regions: 2->2(9)
[34.826s][info][gc,heap        ] GC(90) Old regions: 12->11
[34.826s][info][gc,heap        ] GC(90) Archive regions: 0->0
[34.826s][info][gc,heap        ] GC(90) Humongous regions: 0->0
[34.826s][info][gc,metaspace   ] GC(90) Metaspace: 16632K(17344K)->16632K(17344K) NonClass: 14205K(14656K)->14205K(14656K) Class: 2426K(2688K)->2426K(2688K)
[34.826s][info][gc             ] GC(90) Pause Young (Mixed) (G1 Evacuation Pause) 78M->10M(117M) 3.685ms
[34.826s][info][gc,cpu         ] GC(90) User=0.00s Sys=0.00s Real=0.00s
[34.834s][info][gc,start       ] GC(91) Pause Young (Concurrent Start) (G1 Evacuation Pause)
[34.834s][info][gc,task        ] GC(91) Using 2 workers of 33 for evacuation
[34.837s][info][gc,phases      ] GC(91)   Pre Evacuate Collection Set: 0.2ms
[34.837s][info][gc,phases      ] GC(91)   Merge Heap Roots: 0.0ms
[34.837s][info][gc,phases      ] GC(91)   Evacuate Collection Set: 2.5ms
[34.837s][info][gc,phases      ] GC(91)   Post Evacuate Collection Set: 0.3ms
[34.837s][info][gc,phases      ] GC(91)   Other: 0.1ms
[34.837s][info][gc,heap        ] GC(91) Eden regions: 68->0(68)
[34.837s][info][gc,heap        ] GC(91) Survivor regions: 2->2(9)
[34.837s][info][gc,heap        ] GC(91) Old regions: 11->11
[34.837s][info][gc,heap        ] GC(91) Archive regions: 0->0
[34.837s][info][gc,heap        ] GC(91) Humongous regions: 0->0
[34.837s][info][gc,metaspace   ] GC(91) Metaspace: 16632K(17344K)->16632K(17344K) NonClass: 14205K(14656K)->14205K(14656K) Class: 2426K(2688K)->2426K(2688K)
[34.837s][info][gc             ] GC(91) Pause Young (Concurrent Start) (G1 Evacuation Pause) 78M->10M(117M) 3.234ms
[34.837s][info][gc,cpu         ] GC(91) User=0.00s Sys=0.00s Real=0.00s
[34.837s][info][gc             ] GC(92) Concurrent Mark Cycle
[34.837s][info][gc,marking     ] GC(92) Concurrent Scan Root Regions
[34.838s][info][gc,marking     ] GC(92) Concurrent Scan Root Regions 1.429ms
[34.838s][info][gc,marking     ] GC(92) Concurrent Mark
[34.838s][info][gc,marking     ] GC(92) Concurrent Mark From Roots
[34.838s][info][gc,task        ] GC(92) Using 8 workers of 8 for marking
[34.843s][info][gc,marking     ] GC(92) Concurrent Mark From Roots 4.886ms
[34.843s][info][gc,marking     ] GC(92) Concurrent Preclean
[34.843s][info][gc,marking     ] GC(92) Concurrent Preclean 0.037ms
[34.844s][info][gc,start       ] GC(92) Pause Remark
[34.846s][info][gc             ] GC(92) Pause Remark 66M->66M(117M) 2.163ms
[34.846s][info][gc,cpu         ] GC(92) User=0.00s Sys=0.00s Real=0.00s
[34.846s][info][gc,marking     ] GC(92) Concurrent Mark 7.459ms
[34.846s][info][gc,marking     ] GC(92) Concurrent Rebuild Remembered Sets and Scrub Regions
[34.848s][info][gc,start       ] GC(93) Pause Young (Normal) (G1 Evacuation Pause)
[34.848s][info][gc,task        ] GC(93) Using 2 workers of 33 for evacuation
[34.854s][info][gc,phases      ] GC(93)   Pre Evacuate Collection Set: 0.1ms
[34.854s][info][gc,phases      ] GC(93)   Merge Heap Roots: 0.1ms
[34.854s][info][gc,phases      ] GC(93)   Evacuate Collection Set: 2.3ms
[34.854s][info][gc,phases      ] GC(93)   Post Evacuate Collection Set: 4.2ms
[34.854s][info][gc,phases      ] GC(93)   Other: 0.1ms
[34.854s][info][gc,heap        ] GC(93) Eden regions: 68->0(647)
[34.854s][info][gc,heap        ] GC(93) Survivor regions: 2->2(9)
[34.854s][info][gc,heap        ] GC(93) Old regions: 11->11
[34.854s][info][gc,heap        ] GC(93) Archive regions: 0->0
[34.854s][info][gc,heap        ] GC(93) Humongous regions: 0->0
[34.854s][info][gc,metaspace   ] GC(93) Metaspace: 16632K(17344K)->16632K(17344K) NonClass: 14205K(14656K)->14205K(14656K) Class: 2426K(2688K)->2426K(2688K)
[34.855s][info][gc             ] GC(93) Pause Young (Normal) (G1 Evacuation Pause) 78M->10M(1083M) 6.904ms
[34.855s][info][gc,cpu         ] GC(93) User=0.02s Sys=0.00s Real=0.02s
[34.855s][info][gc,marking     ] GC(92) Concurrent Rebuild Remembered Sets and Scrub Regions 9.459ms
[34.856s][info][gc,start       ] GC(92) Pause Cleanup
[34.856s][info][gc             ] GC(92) Pause Cleanup 14M->14M(1083M) 0.268ms
[34.856s][info][gc,cpu         ] GC(92) User=0.00s Sys=0.00s Real=0.00s
[34.856s][info][gc,marking     ] GC(92) Concurrent Clear Claimed Marks
[34.856s][info][gc,marking     ] GC(92) Concurrent Clear Claimed Marks 0.036ms
[34.856s][info][gc,marking     ] GC(92) Concurrent Cleanup for Next Mark
[34.857s][info][gc,marking     ] GC(92) Concurrent Cleanup for Next Mark 0.764ms
[34.857s][info][gc             ] GC(92) Concurrent Mark Cycle 20.122ms
[35.248s][info][gc,start       ] GC(94) Pause Young (Prepare Mixed) (G1 Evacuation Pause)
[35.248s][info][gc,task        ] GC(94) Using 26 workers of 33 for evacuation
[35.250s][info][gc,phases      ] GC(94)   Pre Evacuate Collection Set: 0.2ms
[35.250s][info][gc,phases      ] GC(94)   Merge Heap Roots: 0.2ms
[35.250s][info][gc,phases      ] GC(94)   Evacuate Collection Set: 0.9ms
[35.251s][info][gc,phases      ] GC(94)   Post Evacuate Collection Set: 0.6ms
[35.251s][info][gc,phases      ] GC(94)   Other: 0.1ms
[35.251s][info][gc,heap        ] GC(94) Eden regions: 647->0(647)
[35.251s][info][gc,heap        ] GC(94) Survivor regions: 2->2(82)
[35.251s][info][gc,heap        ] GC(94) Old regions: 11->11
[35.251s][info][gc,heap        ] GC(94) Archive regions: 0->0
[35.251s][info][gc,heap        ] GC(94) Humongous regions: 0->0
[35.251s][info][gc,metaspace   ] GC(94) Metaspace: 16632K(17344K)->16632K(17344K) NonClass: 14205K(14656K)->14205K(14656K) Class: 2426K(2688K)->2426K(2688K)
[35.251s][info][gc             ] GC(94) Pause Young (Prepare Mixed) (G1 Evacuation Pause) 657M->10M(1083M) 2.218ms
[35.251s][info][gc,cpu         ] GC(94) User=0.00s Sys=0.00s Real=0.00s
[35.324s][info][gc,start       ] GC(95) Pause Young (Mixed) (G1 Evacuation Pause)
[35.324s][info][gc,task        ] GC(95) Using 26 workers of 33 for evacuation
[35.327s][info][gc,phases      ] GC(95)   Pre Evacuate Collection Set: 0.2ms
[35.327s][info][gc,phases      ] GC(95)   Merge Heap Roots: 0.2ms
[35.327s][info][gc,phases      ] GC(95)   Evacuate Collection Set: 1.9ms
[35.327s][info][gc,phases      ] GC(95)   Post Evacuate Collection Set: 0.7ms
[35.327s][info][gc,phases      ] GC(95)   Other: 0.1ms
[35.327s][info][gc,heap        ] GC(95) Eden regions: 647->0(647)
[35.327s][info][gc,heap        ] GC(95) Survivor regions: 2->2(82)
[35.327s][info][gc,heap        ] GC(95) Old regions: 11->11
[35.327s][info][gc,heap        ] GC(95) Archive regions: 0->0
[35.327s][info][gc,heap        ] GC(95) Humongous regions: 0->0
[35.327s][info][gc,metaspace   ] GC(95) Metaspace: 16632K(17344K)->16632K(17344K) NonClass: 14205K(14656K)->14205K(14656K) Class: 2426K(2688K)->2426K(2688K)
[35.327s][info][gc             ] GC(95) Pause Young (Mixed) (G1 Evacuation Pause) 657M->10M(1083M) 3.264ms
[35.327s][info][gc,cpu         ] GC(95) User=0.00s Sys=0.00s Real=0.00s
[35.640s][info][gc,start       ] GC(96) Pause Young (Normal) (G1 Evacuation Pause)
[35.640s][info][gc,task        ] GC(96) Using 26 workers of 33 for evacuation
[35.696s][info][gc,phases      ] GC(96)   Pre Evacuate Collection Set: 0.2ms
[35.696s][info][gc,phases      ] GC(96)   Merge Heap Roots: 0.3ms
[35.696s][info][gc,phases      ] GC(96)   Evacuate Collection Set: 54.1ms
[35.696s][info][gc,phases      ] GC(96)   Post Evacuate Collection Set: 0.8ms
[35.696s][info][gc,phases      ] GC(96)   Other: 0.2ms
[35.696s][info][gc,heap        ] GC(96) Eden regions: 647->0(567)
[35.696s][info][gc,heap        ] GC(96) Survivor regions: 2->82(82)
[35.696s][info][gc,heap        ] GC(96) Old regions: 11->106
[35.696s][info][gc,heap        ] GC(96) Archive regions: 0->0
[35.696s][info][gc,heap        ] GC(96) Humongous regions: 1->1
[35.696s][info][gc,metaspace   ] GC(96) Metaspace: 16632K(17344K)->16632K(17344K) NonClass: 14205K(14656K)->14205K(14656K) Class: 2426K(2688K)->2426K(2688K)
[35.696s][info][gc             ] GC(96) Pause Young (Normal) (G1 Evacuation Pause) 658M->188M(1083M) 56.026ms
[35.696s][info][gc,cpu         ] GC(96) User=1.19s Sys=0.44s Real=0.05s
[42.674s][info][gc,start       ] GC(97) Pause Young (Normal) (G1 Evacuation Pause)
[42.674s][info][gc,task        ] GC(97) Using 26 workers of 33 for evacuation
[42.788s][info][gc,phases      ] GC(97)   Pre Evacuate Collection Set: 0.3ms
[42.788s][info][gc,phases      ] GC(97)   Merge Heap Roots: 0.8ms
[42.788s][info][gc,phases      ] GC(97)   Evacuate Collection Set: 111.2ms
[42.788s][info][gc,phases      ] GC(97)   Post Evacuate Collection Set: 1.2ms
[42.788s][info][gc,phases      ] GC(97)   Other: 0.2ms
[42.788s][info][gc,heap        ] GC(97) Eden regions: 567->0(165)
[42.788s][info][gc,heap        ] GC(97) Survivor regions: 82->82(82)
[42.788s][info][gc,heap        ] GC(97) Old regions: 106->378
[42.788s][info][gc,heap        ] GC(97) Archive regions: 0->0
[42.788s][info][gc,heap        ] GC(97) Humongous regions: 2->2
[42.788s][info][gc,metaspace   ] GC(97) Metaspace: 16634K(17344K)->16634K(17344K) NonClass: 14207K(14656K)->14207K(14656K) Class: 2426K(2688K)->2426K(2688K)
[42.788s][info][gc             ] GC(97) Pause Young (Normal) (G1 Evacuation Pause) 756M->460M(1111M) 113.892ms
[42.788s][info][gc,cpu         ] GC(97) User=2.03s Sys=0.80s Real=0.11s
[42.833s][info][gc,start       ] GC(98) Pause Young (Concurrent Start) (G1 Evacuation Pause)
[42.834s][info][gc,task        ] GC(98) Using 26 workers of 33 for evacuation
[42.874s][info][gc,phases      ] GC(98)   Pre Evacuate Collection Set: 0.4ms
[42.874s][info][gc,phases      ] GC(98)   Merge Heap Roots: 1.5ms
[42.874s][info][gc,phases      ] GC(98)   Evacuate Collection Set: 37.8ms
[42.874s][info][gc,phases      ] GC(98)   Post Evacuate Collection Set: 0.8ms
[42.874s][info][gc,phases      ] GC(98)   Other: 0.1ms
[42.874s][info][gc,heap        ] GC(98) Eden regions: 56->0(322)
[42.874s][info][gc,heap        ] GC(98) Survivor regions: 82->18(18)
[42.874s][info][gc,heap        ] GC(98) Old regions: 378->473
[42.874s][info][gc,heap        ] GC(98) Archive regions: 0->0
[42.874s][info][gc,heap        ] GC(98) Humongous regions: 2->2
[42.874s][info][gc,metaspace   ] GC(98) Metaspace: 16634K(17344K)->16634K(17344K) NonClass: 14207K(14656K)->14207K(14656K) Class: 2426K(2688K)->2426K(2688K)
[42.874s][info][gc             ] GC(98) Pause Young (Concurrent Start) (G1 Evacuation Pause) 516M->491M(1111M) 40.950ms
[42.874s][info][gc             ] GC(99) Concurrent Mark Cycle
[42.874s][info][gc,cpu         ] GC(98) User=0.81s Sys=0.00s Real=0.03s
[42.874s][info][gc,marking     ] GC(99) Concurrent Scan Root Regions
[42.884s][info][gc,marking     ] GC(99) Concurrent Scan Root Regions 9.235ms
[42.884s][info][gc,marking     ] GC(99) Concurrent Mark
[42.884s][info][gc,marking     ] GC(99) Concurrent Mark From Roots
[42.884s][info][gc,task        ] GC(99) Using 8 workers of 8 for marking
[42.900s][info][gc,marking     ] GC(99) Concurrent Mark From Roots 16.147ms
[42.900s][info][gc,marking     ] GC(99) Concurrent Preclean
[42.900s][info][gc,marking     ] GC(99) Concurrent Preclean 0.027ms
[42.900s][info][gc,start       ] GC(99) Pause Remark
[42.901s][info][gc             ] GC(99) Pause Remark 519M->386M(1111M) 1.213ms
[42.901s][info][gc,cpu         ] GC(99) User=0.00s Sys=0.00s Real=0.00s
[42.901s][info][gc,marking     ] GC(99) Concurrent Mark 17.585ms
[42.901s][info][gc,marking     ] GC(99) Concurrent Rebuild Remembered Sets and Scrub Regions
[42.962s][info][gc,marking     ] GC(99) Concurrent Rebuild Remembered Sets and Scrub Regions 60.763ms
[42.962s][info][gc,start       ] GC(99) Pause Cleanup
[42.963s][info][gc             ] GC(99) Pause Cleanup 456M->456M(1111M) 0.418ms
[42.963s][info][gc,cpu         ] GC(99) User=0.00s Sys=0.00s Real=0.00s
[42.963s][info][gc,marking     ] GC(99) Concurrent Clear Claimed Marks
[42.963s][info][gc,marking     ] GC(99) Concurrent Clear Claimed Marks 0.044ms
[42.963s][info][gc,marking     ] GC(99) Concurrent Cleanup for Next Mark
[42.964s][info][gc,marking     ] GC(99) Concurrent Cleanup for Next Mark 0.761ms
[42.964s][info][gc             ] GC(99) Concurrent Mark Cycle 89.222ms
[43.131s][info][gc,start       ] GC(100) Pause Young (Prepare Mixed) (G1 Evacuation Pause)
[43.131s][info][gc,task        ] GC(100) Using 26 workers of 33 for evacuation
[43.173s][info][gc,phases      ] GC(100)   Pre Evacuate Collection Set: 0.2ms
[43.173s][info][gc,phases      ] GC(100)   Merge Heap Roots: 0.9ms
[43.173s][info][gc,phases      ] GC(100)   Evacuate Collection Set: 39.9ms
[43.173s][info][gc,phases      ] GC(100)   Post Evacuate Collection Set: 0.5ms
[43.173s][info][gc,phases      ] GC(100)   Other: 0.1ms
[43.173s][info][gc,heap        ] GC(100) Eden regions: 294->0(186)
[43.173s][info][gc,heap        ] GC(100) Survivor regions: 18->39(39)
[43.173s][info][gc,heap        ] GC(100) Old regions: 341->446
[43.173s][info][gc,heap        ] GC(100) Archive regions: 0->0
[43.173s][info][gc,heap        ] GC(100) Humongous regions: 1->1
[43.173s][info][gc,metaspace   ] GC(100) Metaspace: 16634K(17344K)->16634K(17344K) NonClass: 14207K(14656K)->14207K(14656K) Class: 2426K(2688K)->2426K(2688K)
[43.173s][info][gc             ] GC(100) Pause Young (Prepare Mixed) (G1 Evacuation Pause) 652M->485M(1111M) 42.004ms
[43.173s][info][gc,cpu         ] GC(100) User=0.81s Sys=0.00s Real=0.03s
[43.331s][info][gc,start       ] GC(101) Pause Young (Mixed) (G1 Evacuation Pause)
[43.343s][info][gc,task        ] GC(101) Using 26 workers of 33 for evacuation
[43.378s][info][gc,phases      ] GC(101)   Pre Evacuate Collection Set: 0.2ms
[43.378s][info][gc,phases      ] GC(101)   Merge Heap Roots: 0.4ms
[43.378s][info][gc,phases      ] GC(101)   Evacuate Collection Set: 34.5ms
[43.378s][info][gc,phases      ] GC(101)   Post Evacuate Collection Set: 0.4ms
[43.378s][info][gc,phases      ] GC(101)   Other: 0.2ms
[43.378s][info][gc,heap        ] GC(101) Eden regions: 181->0(252)
[43.379s][info][gc,heap        ] GC(101) Survivor regions: 39->28(28)
[43.379s][info][gc,heap        ] GC(101) Old regions: 446->522
[43.379s][info][gc,heap        ] GC(101) Archive regions: 0->0
[43.379s][info][gc,heap        ] GC(101) Humongous regions: 1->1
[43.379s][info][gc,metaspace   ] GC(101) Metaspace: 16634K(17344K)->16634K(17344K) NonClass: 14207K(14656K)->14207K(14656K) Class: 2426K(2688K)->2426K(2688K)
[43.379s][info][gc             ] GC(101) Pause Young (Mixed) (G1 Evacuation Pause) 666M->550M(1111M) 47.888ms
[43.379s][info][gc,cpu         ] GC(101) User=0.81s Sys=0.00s Real=0.05s
[43.603s][info][gc,start       ] GC(102) Pause Young (Mixed) (G1 Evacuation Pause)
[43.603s][info][gc,task        ] GC(102) Using 26 workers of 33 for evacuation
[43.643s][info][gc,phases      ] GC(102)   Pre Evacuate Collection Set: 0.2ms
[43.643s][info][gc,phases      ] GC(102)   Merge Heap Roots: 0.3ms
[43.643s][info][gc,phases      ] GC(102)   Evacuate Collection Set: 37.2ms
[43.643s][info][gc,phases      ] GC(102)   Post Evacuate Collection Set: 1.5ms
[43.643s][info][gc,phases      ] GC(102)   Other: 0.2ms
[43.643s][info][gc,heap        ] GC(102) Eden regions: 256->0(302)
[43.643s][info][gc,heap        ] GC(102) Survivor regions: 28->36(36)
[43.643s][info][gc,heap        ] GC(102) Old regions: 522->608
[43.643s][info][gc,heap        ] GC(102) Archive regions: 0->0
[43.643s][info][gc,heap        ] GC(102) Humongous regions: 1->1
[43.643s][info][gc,metaspace   ] GC(102) Metaspace: 16634K(17344K)->16634K(17344K) NonClass: 14207K(14656K)->14207K(14656K) Class: 2426K(2688K)->2426K(2688K)
[43.643s][info][gc             ] GC(102) Pause Young (Mixed) (G1 Evacuation Pause) 806M->644M(1299M) 39.750ms
[43.643s][info][gc,cpu         ] GC(102) User=0.81s Sys=0.00s Real=0.03s
[44.020s][info][gc,start       ] GC(103) Pause Young (Mixed) (G1 Evacuation Pause)
[44.020s][info][gc,task        ] GC(103) Using 31 workers of 33 for evacuation
[44.064s][info][gc,phases      ] GC(103)   Pre Evacuate Collection Set: 0.3ms
[44.065s][info][gc,phases      ] GC(103)   Merge Heap Roots: 2.6ms
[44.065s][info][gc,phases      ] GC(103)   Evacuate Collection Set: 40.0ms
[44.065s][info][gc,phases      ] GC(103)   Post Evacuate Collection Set: 1.0ms
[44.065s][info][gc,phases      ] GC(103)   Other: 0.2ms
[44.065s][info][gc,heap        ] GC(103) Eden regions: 155->0(329)
[44.065s][info][gc,heap        ] GC(103) Survivor regions: 36->24(24)
[44.065s][info][gc,heap        ] GC(103) Old regions: 608->604
[44.065s][info][gc,heap        ] GC(103) Archive regions: 0->0
[44.065s][info][gc,heap        ] GC(103) Humongous regions: 4->4
[44.065s][info][gc,metaspace   ] GC(103) Metaspace: 16634K(17344K)->16634K(17344K) NonClass: 14207K(14656K)->14207K(14656K) Class: 2426K(2688K)->2426K(2688K)
[44.065s][info][gc             ] GC(103) Pause Young (Mixed) (G1 Evacuation Pause) 802M->631M(1299M) 44.377ms
[44.065s][info][gc,cpu         ] GC(103) User=0.94s Sys=0.03s Real=0.03s
[44.931s][info][gc,start       ] GC(104) Pause Young (Normal) (G1 Evacuation Pause)
[44.931s][info][gc,task        ] GC(104) Using 31 workers of 33 for evacuation
[44.967s][info][gc,phases      ] GC(104)   Pre Evacuate Collection Set: 0.2ms
[44.967s][info][gc,phases      ] GC(104)   Merge Heap Roots: 2.6ms
[44.967s][info][gc,phases      ] GC(104)   Evacuate Collection Set: 31.4ms
[44.967s][info][gc,phases      ] GC(104)   Post Evacuate Collection Set: 1.1ms
[44.967s][info][gc,phases      ] GC(104)   Other: 0.2ms
[44.967s][info][gc,heap        ] GC(104) Eden regions: 263->0(313)
[44.967s][info][gc,heap        ] GC(104) Survivor regions: 24->30(36)
[44.967s][info][gc,heap        ] GC(104) Old regions: 604->626
[44.967s][info][gc,heap        ] GC(104) Archive regions: 0->0
[44.967s][info][gc,heap        ] GC(104) Humongous regions: 7->7
[44.967s][info][gc,metaspace   ] GC(104) Metaspace: 16634K(17344K)->16634K(17344K) NonClass: 14207K(14656K)->14207K(14656K) Class: 2426K(2688K)->2426K(2688K)
[44.967s][info][gc             ] GC(104) Pause Young (Normal) (G1 Evacuation Pause) 897M->661M(1299M) 35.855ms
[44.967s][info][gc,cpu         ] GC(104) User=0.97s Sys=0.00s Real=0.03s
[45.974s][info][gc,start       ] GC(105) Pause Young (Normal) (G1 Evacuation Pause)
[45.974s][info][gc,task        ] GC(105) Using 31 workers of 33 for evacuation
[45.995s][info][gc,phases      ] GC(105)   Pre Evacuate Collection Set: 0.2ms
[45.995s][info][gc,phases      ] GC(105)   Merge Heap Roots: 1.6ms
[45.995s][info][gc,phases      ] GC(105)   Evacuate Collection Set: 18.1ms
[45.995s][info][gc,phases      ] GC(105)   Post Evacuate Collection Set: 0.7ms
[45.995s][info][gc,phases      ] GC(105)   Other: 0.2ms
[45.995s][info][gc,heap        ] GC(105) Eden regions: 313->0(351)
[45.995s][info][gc,heap        ] GC(105) Survivor regions: 30->6(43)
[45.995s][info][gc,heap        ] GC(105) Old regions: 626->633
[45.995s][info][gc,heap        ] GC(105) Archive regions: 0->0
[45.995s][info][gc,heap        ] GC(105) Humongous regions: 7->7
[45.995s][info][gc,metaspace   ] GC(105) Metaspace: 16634K(17344K)->16634K(17344K) NonClass: 14207K(14656K)->14207K(14656K) Class: 2426K(2688K)->2426K(2688K)
[45.995s][info][gc             ] GC(105) Pause Young (Normal) (G1 Evacuation Pause) 974M->643M(1299M) 21.258ms
[45.995s][info][gc,cpu         ] GC(105) User=0.48s Sys=0.00s Real=0.02s
[47.052s][info][gc,start       ] GC(106) Pause Full (System.gc())
[47.052s][info][gc,task        ] GC(106) Using 31 workers of 33 for full compaction
[47.053s][info][gc,phases,start] GC(106) Phase 1: Mark live objects
[47.062s][info][gc,phases      ] GC(106) Phase 1: Mark live objects 9.003ms
[47.062s][info][gc,phases,start] GC(106) Phase 2: Prepare compaction
[47.065s][info][gc,phases      ] GC(106) Phase 2: Prepare compaction 2.146ms
[47.065s][info][gc,phases,start] GC(106) Phase 3: Adjust pointers
[47.070s][info][gc,phases      ] GC(106) Phase 3: Adjust pointers 4.880ms
[47.070s][info][gc,phases,start] GC(106) Phase 4: Compact heap
[47.071s][info][gc,phases      ] GC(106) Phase 4: Compact heap 0.991ms
[47.079s][info][gc,heap        ] GC(106) Eden regions: 65->0(22)
[47.079s][info][gc,heap        ] GC(106) Survivor regions: 6->0(43)
[47.079s][info][gc,heap        ] GC(106) Old regions: 633->20
[47.079s][info][gc,heap        ] GC(106) Archive regions: 0->0
[47.079s][info][gc,heap        ] GC(106) Humongous regions: 7->0
[47.079s][info][gc,metaspace   ] GC(106) Metaspace: 16634K(17344K)->16634K(17344K) NonClass: 14207K(14656K)->14207K(14656K) Class: 2426K(2688K)->2426K(2688K)
[47.079s][info][gc             ] GC(106) Pause Full (System.gc()) 708M->9M(67M) 27.063ms
[47.079s][info][gc,cpu         ] GC(106) User=0.50s Sys=0.00s Real=0.03s
[47.762s][info][gc,start       ] GC(107) Pause Young (Concurrent Start) (G1 Evacuation Pause)
[47.762s][info][gc,task        ] GC(107) Using 16 workers of 33 for evacuation
[47.764s][info][gc,phases      ] GC(107)   Pre Evacuate Collection Set: 0.2ms
[47.764s][info][gc,phases      ] GC(107)   Merge Heap Roots: 0.1ms
[47.764s][info][gc,phases      ] GC(107)   Evacuate Collection Set: 1.3ms
[47.764s][info][gc,phases      ] GC(107)   Post Evacuate Collection Set: 0.3ms
[47.764s][info][gc,phases      ] GC(107)   Other: 0.1ms
[47.764s][info][gc,heap        ] GC(107) Eden regions: 22->0(20)
[47.764s][info][gc,heap        ] GC(107) Survivor regions: 0->3(3)
[47.764s][info][gc,heap        ] GC(107) Old regions: 20->23
[47.764s][info][gc,heap        ] GC(107) Archive regions: 0->0
[47.764s][info][gc,heap        ] GC(107) Humongous regions: 0->0
[47.764s][info][gc,metaspace   ] GC(107) Metaspace: 16634K(17344K)->16634K(17344K) NonClass: 14207K(14656K)->14207K(14656K) Class: 2426K(2688K)->2426K(2688K)
[47.764s][info][gc             ] GC(107) Pause Young (Concurrent Start) (G1 Evacuation Pause) 31M->14M(67M) 2.072ms
[47.764s][info][gc             ] GC(108) Concurrent Mark Cycle
[47.764s][info][gc,cpu         ] GC(107) User=0.00s Sys=0.00s Real=0.00s
[47.764s][info][gc,marking     ] GC(108) Concurrent Scan Root Regions
[47.765s][info][gc,marking     ] GC(108) Concurrent Scan Root Regions 1.168ms
[47.765s][info][gc,marking     ] GC(108) Concurrent Mark
[47.765s][info][gc,marking     ] GC(108) Concurrent Mark From Roots
[47.765s][info][gc,task        ] GC(108) Using 8 workers of 8 for marking
[47.779s][info][gc,marking     ] GC(108) Concurrent Mark From Roots 13.553ms
[47.779s][info][gc,marking     ] GC(108) Concurrent Preclean
[47.779s][info][gc,marking     ] GC(108) Concurrent Preclean 0.042ms
[47.779s][info][gc,start       ] GC(108) Pause Remark
[47.780s][info][gc             ] GC(108) Pause Remark 15M->15M(67M) 0.870ms
[47.780s][info][gc,cpu         ] GC(108) User=0.00s Sys=0.00s Real=0.00s
[47.792s][info][gc,marking     ] GC(108) Concurrent Mark 27.086ms
[47.792s][info][gc,marking     ] GC(108) Concurrent Rebuild Remembered Sets and Scrub Regions
[47.795s][info][gc,marking     ] GC(108) Concurrent Rebuild Remembered Sets and Scrub Regions 2.664ms
[47.795s][info][gc,start       ] GC(108) Pause Cleanup
[47.795s][info][gc             ] GC(108) Pause Cleanup 16M->16M(67M) 0.105ms
[47.795s][info][gc,cpu         ] GC(108) User=0.00s Sys=0.00s Real=0.00s
[47.803s][info][gc,marking     ] GC(108) Concurrent Clear Claimed Marks
[47.803s][info][gc,marking     ] GC(108) Concurrent Clear Claimed Marks 0.037ms
[47.803s][info][gc,marking     ] GC(108) Concurrent Cleanup for Next Mark
[47.803s][info][gc,marking     ] GC(108) Concurrent Cleanup for Next Mark 0.137ms
[47.803s][info][gc             ] GC(108) Concurrent Mark Cycle 39.570ms
[48.049s][info][gc,start       ] GC(109) Pause Young (Prepare Mixed) (G1 Evacuation Pause)
[48.049s][info][gc,task        ] GC(109) Using 9 workers of 33 for evacuation
[48.061s][info][gc,phases      ] GC(109)   Pre Evacuate Collection Set: 0.1ms
[48.061s][info][gc,phases      ] GC(109)   Merge Heap Roots: 0.1ms
[48.061s][info][gc,phases      ] GC(109)   Evacuate Collection Set: 11.2ms
[48.061s][info][gc,phases      ] GC(109)   Post Evacuate Collection Set: 0.4ms
[48.061s][info][gc,phases      ] GC(109)   Other: 0.1ms
[48.061s][info][gc,heap        ] GC(109) Eden regions: 20->0(21)
[48.061s][info][gc,heap        ] GC(109) Survivor regions: 3->3(3)
[48.061s][info][gc,heap        ] GC(109) Old regions: 20->23
[48.061s][info][gc,heap        ] GC(109) Archive regions: 0->0
[48.061s][info][gc,heap        ] GC(109) Humongous regions: 0->0
[48.061s][info][gc,metaspace   ] GC(109) Metaspace: 16634K(17344K)->16634K(17344K) NonClass: 14208K(14656K)->14208K(14656K) Class: 2426K(2688K)->2426K(2688K)
[48.061s][info][gc             ] GC(109) Pause Young (Prepare Mixed) (G1 Evacuation Pause) 34M->17M(67M) 12.255ms
[48.062s][info][gc,cpu         ] GC(109) User=0.14s Sys=0.00s Real=0.02s
[48.292s][info][gc,start       ] GC(110) Pause Young (Mixed) (G1 Evacuation Pause)
[48.292s][info][gc,task        ] GC(110) Using 5 workers of 33 for evacuation
[48.371s][info][gc,phases      ] GC(110)   Pre Evacuate Collection Set: 0.1ms
[48.371s][info][gc,phases      ] GC(110)   Merge Heap Roots: 0.0ms
[48.371s][info][gc,phases      ] GC(110)   Evacuate Collection Set: 63.4ms
[48.371s][info][gc,phases      ] GC(110)   Post Evacuate Collection Set: 14.7ms
[48.371s][info][gc,phases      ] GC(110)   Other: 0.1ms
[48.371s][info][gc,heap        ] GC(110) Eden regions: 21->0(339)
[48.371s][info][gc,heap        ] GC(110) Survivor regions: 3->3(3)
[48.371s][info][gc,heap        ] GC(110) Old regions: 23->39
[48.371s][info][gc,heap        ] GC(110) Archive regions: 0->0
[48.371s][info][gc,heap        ] GC(110) Humongous regions: 0->0
[48.371s][info][gc,metaspace   ] GC(110) Metaspace: 16634K(17344K)->16634K(17344K) NonClass: 14208K(14656K)->14208K(14656K) Class: 2426K(2688K)->2426K(2688K)
[48.371s][info][gc             ] GC(110) Pause Young (Mixed) (G1 Evacuation Pause) 38M->38M(1060M) 78.890ms
[48.371s][info][gc,cpu         ] GC(110) User=0.31s Sys=0.02s Real=0.08s
[49.230s][info][gc,start       ] GC(111) Pause Young (Normal) (G1 Evacuation Pause)
[49.230s][info][gc,task        ] GC(111) Using 25 workers of 33 for evacuation
[49.239s][info][gc,phases      ] GC(111)   Pre Evacuate Collection Set: 0.2ms
[49.239s][info][gc,phases      ] GC(111)   Merge Heap Roots: 0.1ms
[49.240s][info][gc,phases      ] GC(111)   Evacuate Collection Set: 8.5ms
[49.240s][info][gc,phases      ] GC(111)   Post Evacuate Collection Set: 0.5ms
[49.240s][info][gc,phases      ] GC(111)   Other: 0.1ms
[49.240s][info][gc,heap        ] GC(111) Eden regions: 384->0(429)
[49.240s][info][gc,heap        ] GC(111) Survivor regions: 3->15(49)
[49.240s][info][gc,heap        ] GC(111) Old regions: 39->39
[49.240s][info][gc,heap        ] GC(111) Archive regions: 0->0
[49.240s][info][gc,heap        ] GC(111) Humongous regions: 0->0
[49.240s][info][gc,metaspace   ] GC(111) Metaspace: 16634K(17344K)->16634K(17344K) NonClass: 14208K(14656K)->14208K(14656K) Class: 2426K(2688K)->2426K(2688K)
[49.240s][info][gc             ] GC(111) Pause Young (Normal) (G1 Evacuation Pause) 422M->50M(1060M) 9.522ms
[49.240s][info][gc,cpu         ] GC(111) User=0.00s Sys=0.00s Real=0.00s
[49.312s][info][gc,start       ] GC(112) Pause Young (Normal) (G1 Evacuation Pause)
[49.312s][info][gc,task        ] GC(112) Using 25 workers of 33 for evacuation
[49.321s][info][gc,phases      ] GC(112)   Pre Evacuate Collection Set: 0.2ms
[49.321s][info][gc,phases      ] GC(112)   Merge Heap Roots: 0.1ms
[49.321s][info][gc,phases      ] GC(112)   Evacuate Collection Set: 7.8ms
[49.321s][info][gc,phases      ] GC(112)   Post Evacuate Collection Set: 0.5ms
[49.321s][info][gc,phases      ] GC(112)   Other: 0.1ms
[49.321s][info][gc,heap        ] GC(112) Eden regions: 458->0(521)
[49.321s][info][gc,heap        ] GC(112) Survivor regions: 15->16(60)
[49.321s][info][gc,heap        ] GC(112) Old regions: 39->39
[49.321s][info][gc,heap        ] GC(112) Archive regions: 0->0
[49.321s][info][gc,heap        ] GC(112) Humongous regions: 0->0
[49.321s][info][gc,metaspace   ] GC(112) Metaspace: 16634K(17344K)->16634K(17344K) NonClass: 14208K(14656K)->14208K(14656K) Class: 2426K(2688K)->2426K(2688K)
[49.321s][info][gc             ] GC(112) Pause Young (Normal) (G1 Evacuation Pause) 508M->51M(1060M) 8.953ms
[49.321s][info][gc,cpu         ] GC(112) User=0.23s Sys=0.02s Real=0.02s
[49.409s][info][gc,start       ] GC(113) Pause Young (Normal) (G1 Evacuation Pause)
[49.409s][info][gc,task        ] GC(113) Using 25 workers of 33 for evacuation
[49.417s][info][gc,phases      ] GC(113)   Pre Evacuate Collection Set: 0.2ms
[49.417s][info][gc,phases      ] GC(113)   Merge Heap Roots: 0.2ms
[49.417s][info][gc,phases      ] GC(113)   Evacuate Collection Set: 7.3ms
[49.417s][info][gc,phases      ] GC(113)   Post Evacuate Collection Set: 0.6ms
[49.417s][info][gc,phases      ] GC(113)   Other: 0.1ms
[49.417s][info][gc,heap        ] GC(113) Eden regions: 558->0(620)
[49.417s][info][gc,heap        ] GC(113) Survivor regions: 16->16(72)
[49.417s][info][gc,heap        ] GC(113) Old regions: 39->39
[49.417s][info][gc,heap        ] GC(113) Archive regions: 0->0
[49.417s][info][gc,heap        ] GC(113) Humongous regions: 0->0
[49.417s][info][gc,metaspace   ] GC(113) Metaspace: 16634K(17344K)->16634K(17344K) NonClass: 14208K(14656K)->14208K(14656K) Class: 2426K(2688K)->2426K(2688K)
[49.417s][info][gc             ] GC(113) Pause Young (Normal) (G1 Evacuation Pause) 609M->51M(1060M) 8.570ms
[49.417s][info][gc,cpu         ] GC(113) User=0.11s Sys=0.28s Real=0.02s
[49.497s][info][gc,start       ] GC(114) Pause Young (Normal) (G1 Evacuation Pause)
[49.497s][info][gc,task        ] GC(114) Using 25 workers of 33 for evacuation
[49.506s][info][gc,phases      ] GC(114)   Pre Evacuate Collection Set: 0.2ms
[49.506s][info][gc,phases      ] GC(114)   Merge Heap Roots: 0.2ms
[49.506s][info][gc,phases      ] GC(114)   Evacuate Collection Set: 8.5ms
[49.506s][info][gc,phases      ] GC(114)   Post Evacuate Collection Set: 0.6ms
[49.506s][info][gc,phases      ] GC(114)   Other: 0.1ms
[49.506s][info][gc,heap        ] GC(114) Eden regions: 620->0(620)
[49.507s][info][gc,heap        ] GC(114) Survivor regions: 16->16(80)
[49.507s][info][gc,heap        ] GC(114) Old regions: 39->39
[49.507s][info][gc,heap        ] GC(114) Archive regions: 0->0
[49.507s][info][gc,heap        ] GC(114) Humongous regions: 0->0
[49.507s][info][gc,metaspace   ] GC(114) Metaspace: 16634K(17344K)->16634K(17344K) NonClass: 14208K(14656K)->14208K(14656K) Class: 2426K(2688K)->2426K(2688K)
[49.507s][info][gc             ] GC(114) Pause Young (Normal) (G1 Evacuation Pause) 671M->51M(1060M) 9.727ms
[49.507s][info][gc,cpu         ] GC(114) User=0.00s Sys=0.00s Real=0.00s
[49.574s][info][gc,start       ] GC(115) Pause Young (Normal) (G1 Evacuation Pause)
[49.575s][info][gc,task        ] GC(115) Using 25 workers of 33 for evacuation
[49.581s][info][gc,phases      ] GC(115)   Pre Evacuate Collection Set: 0.2ms
[49.581s][info][gc,phases      ] GC(115)   Merge Heap Roots: 0.2ms
[49.581s][info][gc,phases      ] GC(115)   Evacuate Collection Set: 4.1ms
[49.581s][info][gc,phases      ] GC(115)   Post Evacuate Collection Set: 1.4ms
[49.581s][info][gc,phases      ] GC(115)   Other: 0.1ms
[49.581s][info][gc,heap        ] GC(115) Eden regions: 620->0(714)
[49.581s][info][gc,heap        ] GC(115) Survivor regions: 16->16(80)
[49.581s][info][gc,heap        ] GC(115) Old regions: 39->39
[49.581s][info][gc,heap        ] GC(115) Archive regions: 0->0
[49.581s][info][gc,heap        ] GC(115) Humongous regions: 0->0
[49.581s][info][gc,metaspace   ] GC(115) Metaspace: 16634K(17344K)->16634K(17344K) NonClass: 14208K(14656K)->14208K(14656K) Class: 2426K(2688K)->2426K(2688K)
[49.581s][info][gc             ] GC(115) Pause Young (Normal) (G1 Evacuation Pause) 671M->51M(1217M) 6.256ms
[49.581s][info][gc,cpu         ] GC(115) User=0.00s Sys=0.00s Real=0.00s
[49.856s][info][gc,start       ] GC(116) Pause Young (Normal) (G1 Evacuation Pause)
[49.857s][info][gc,task        ] GC(116) Using 29 workers of 33 for evacuation
[49.890s][info][gc,phases      ] GC(116)   Pre Evacuate Collection Set: 0.2ms
[49.890s][info][gc,phases      ] GC(116)   Merge Heap Roots: 0.3ms
[49.890s][info][gc,phases      ] GC(116)   Evacuate Collection Set: 31.6ms
[49.890s][info][gc,phases      ] GC(116)   Post Evacuate Collection Set: 0.8ms
[49.890s][info][gc,phases      ] GC(116)   Other: 0.2ms
[49.890s][info][gc,heap        ] GC(116) Eden regions: 714->0(638)
[49.890s][info][gc,heap        ] GC(116) Survivor regions: 16->92(92)
[49.890s][info][gc,heap        ] GC(116) Old regions: 39->69
[49.890s][info][gc,heap        ] GC(116) Archive regions: 0->0
[49.890s][info][gc,heap        ] GC(116) Humongous regions: 1->1
[49.890s][info][gc,metaspace   ] GC(116) Metaspace: 16634K(17344K)->16634K(17344K) NonClass: 14208K(14656K)->14208K(14656K) Class: 2426K(2688K)->2426K(2688K)
[49.890s][info][gc             ] GC(116) Pause Young (Normal) (G1 Evacuation Pause) 766M->158M(1217M) 33.416ms
[49.890s][info][gc,cpu         ] GC(116) User=0.73s Sys=0.17s Real=0.03s
[58.044s][info][gc,start       ] GC(117) Pause Young (Normal) (G1 Evacuation Pause)
[58.044s][info][gc,task        ] GC(117) Using 29 workers of 33 for evacuation
[58.183s][info][gc,phases      ] GC(117)   Pre Evacuate Collection Set: 0.3ms
[58.183s][info][gc,phases      ] GC(117)   Merge Heap Roots: 0.5ms
[58.183s][info][gc,phases      ] GC(117)   Evacuate Collection Set: 137.2ms
[58.183s][info][gc,phases      ] GC(117)   Post Evacuate Collection Set: 1.1ms
[58.183s][info][gc,phases      ] GC(117)   Other: 0.2ms
[58.183s][info][gc,heap        ] GC(117) Eden regions: 638->0(429)
[58.183s][info][gc,heap        ] GC(117) Survivor regions: 92->92(92)
[58.183s][info][gc,heap        ] GC(117) Old regions: 69->370
[58.183s][info][gc,heap        ] GC(117) Archive regions: 0->0
[58.183s][info][gc,heap        ] GC(117) Humongous regions: 2->2
[58.183s][info][gc,metaspace   ] GC(117) Metaspace: 16637K(17344K)->16637K(17344K) NonClass: 14210K(14656K)->14210K(14656K) Class: 2426K(2688K)->2426K(2688K)
[58.183s][info][gc             ] GC(117) Pause Young (Normal) (G1 Evacuation Pause) 797M->460M(1217M) 139.533ms
[58.183s][info][gc,cpu         ] GC(117) User=2.19s Sys=1.89s Real=0.14s
[58.536s][info][gc,start       ] GC(118) Pause Young (Concurrent Start) (G1 Evacuation Pause)
[58.536s][info][gc,task        ] GC(118) Using 29 workers of 33 for evacuation
[58.604s][info][gc,phases      ] GC(118)   Pre Evacuate Collection Set: 0.4ms
[58.604s][info][gc,phases      ] GC(118)   Merge Heap Roots: 1.1ms
[58.604s][info][gc,phases      ] GC(118)   Evacuate Collection Set: 64.8ms
[58.604s][info][gc,phases      ] GC(118)   Post Evacuate Collection Set: 1.0ms
[58.604s][info][gc,phases      ] GC(118)   Other: 0.1ms
[58.604s][info][gc,heap        ] GC(118) Eden regions: 429->0(307)
[58.604s][info][gc,heap        ] GC(118) Survivor regions: 92->66(66)
[58.604s][info][gc,heap        ] GC(118) Old regions: 370->581
[58.604s][info][gc,heap        ] GC(118) Archive regions: 0->0
[58.604s][info][gc,heap        ] GC(118) Humongous regions: 2->2
[58.604s][info][gc,metaspace   ] GC(118) Metaspace: 16637K(17344K)->16637K(17344K) NonClass: 14210K(14656K)->14210K(14656K) Class: 2426K(2688K)->2426K(2688K)
[58.604s][info][gc             ] GC(118) Pause Young (Concurrent Start) (G1 Evacuation Pause) 889M->645M(1217M) 67.661ms
[58.604s][info][gc             ] GC(119) Concurrent Mark Cycle
[58.604s][info][gc,cpu         ] GC(118) User=2.25s Sys=0.02s Real=0.08s
[58.604s][info][gc,marking     ] GC(119) Concurrent Scan Root Regions
[58.624s][info][gc,marking     ] GC(119) Concurrent Scan Root Regions 20.194ms
[58.624s][info][gc,marking     ] GC(119) Concurrent Mark
[58.624s][info][gc,marking     ] GC(119) Concurrent Mark From Roots
[58.624s][info][gc,task        ] GC(119) Using 8 workers of 8 for marking
[58.632s][info][gc,marking     ] GC(119) Concurrent Mark From Roots 8.262ms
[58.632s][info][gc,marking     ] GC(119) Concurrent Preclean
[58.632s][info][gc,marking     ] GC(119) Concurrent Preclean 0.022ms
[58.633s][info][gc,start       ] GC(119) Pause Remark
[58.634s][info][gc             ] GC(119) Pause Remark 674M->449M(1217M) 1.539ms
[58.634s][info][gc,cpu         ] GC(119) User=0.00s Sys=0.00s Real=0.00s
[58.634s][info][gc,marking     ] GC(119) Concurrent Mark 10.045ms
[58.634s][info][gc,marking     ] GC(119) Concurrent Rebuild Remembered Sets and Scrub Regions
[58.729s][info][gc,marking     ] GC(119) Concurrent Rebuild Remembered Sets and Scrub Regions 94.448ms
[58.729s][info][gc,start       ] GC(119) Pause Cleanup
[58.729s][info][gc             ] GC(119) Pause Cleanup 552M->552M(1217M) 0.432ms
[58.729s][info][gc,cpu         ] GC(119) User=0.00s Sys=0.00s Real=0.00s
[58.729s][info][gc,marking     ] GC(119) Concurrent Clear Claimed Marks
[58.729s][info][gc,marking     ] GC(119) Concurrent Clear Claimed Marks 0.041ms
[58.729s][info][gc,marking     ] GC(119) Concurrent Cleanup for Next Mark
[58.732s][info][gc,marking     ] GC(119) Concurrent Cleanup for Next Mark 2.827ms
[58.732s][info][gc             ] GC(119) Concurrent Mark Cycle 128.397ms
[58.883s][info][gc,start       ] GC(120) Pause Young (Prepare Mixed) (G1 Evacuation Pause)
[58.883s][info][gc,task        ] GC(120) Using 29 workers of 33 for evacuation
[58.932s][info][gc,phases      ] GC(120)   Pre Evacuate Collection Set: 0.2ms
[58.932s][info][gc,phases      ] GC(120)   Merge Heap Roots: 1.1ms
[58.932s][info][gc,phases      ] GC(120)   Evacuate Collection Set: 46.9ms
[58.932s][info][gc,phases      ] GC(120)   Post Evacuate Collection Set: 0.6ms
[58.932s][info][gc,phases      ] GC(120)   Other: 0.2ms
[58.932s][info][gc,heap        ] GC(120) Eden regions: 307->0(108)
[58.932s][info][gc,heap        ] GC(120) Survivor regions: 66->47(47)
[58.932s][info][gc,heap        ] GC(120) Old regions: 357->508
[58.932s][info][gc,heap        ] GC(120) Archive regions: 0->0
[58.932s][info][gc,heap        ] GC(120) Humongous regions: 1->1
[58.932s][info][gc,metaspace   ] GC(120) Metaspace: 16637K(17344K)->16637K(17344K) NonClass: 14210K(14656K)->14210K(14656K) Class: 2426K(2688K)->2426K(2688K)
[58.932s][info][gc             ] GC(120) Pause Young (Prepare Mixed) (G1 Evacuation Pause) 727M->552M(1217M) 49.293ms
[58.932s][info][gc,cpu         ] GC(120) User=1.36s Sys=0.00s Real=0.05s
[59.059s][info][gc,start       ] GC(121) Pause Young (Mixed) (G1 Evacuation Pause)
[59.059s][info][gc,task        ] GC(121) Using 29 workers of 33 for evacuation
[59.092s][info][gc,phases      ] GC(121)   Pre Evacuate Collection Set: 0.2ms
[59.092s][info][gc,phases      ] GC(121)   Merge Heap Roots: 0.3ms
[59.092s][info][gc,phases      ] GC(121)   Evacuate Collection Set: 32.4ms
[59.092s][info][gc,phases      ] GC(121)   Post Evacuate Collection Set: 0.4ms
[59.092s][info][gc,phases      ] GC(121)   Other: 0.2ms
[59.092s][info][gc,heap        ] GC(121) Eden regions: 145->0(221)
[59.092s][info][gc,heap        ] GC(121) Survivor regions: 47->24(24)
[59.092s][info][gc,heap        ] GC(121) Old regions: 508->590
[59.092s][info][gc,heap        ] GC(121) Archive regions: 0->0
[59.092s][info][gc,heap        ] GC(121) Humongous regions: 1->1
[59.092s][info][gc,metaspace   ] GC(121) Metaspace: 16637K(17344K)->16637K(17344K) NonClass: 14210K(14656K)->14210K(14656K) Class: 2426K(2688K)->2426K(2688K)
[59.092s][info][gc             ] GC(121) Pause Young (Mixed) (G1 Evacuation Pause) 697M->611M(1217M) 33.763ms
[59.092s][info][gc,cpu         ] GC(121) User=0.91s Sys=0.00s Real=0.03s
[59.387s][info][gc,start       ] GC(122) Pause Young (Mixed) (G1 Evacuation Pause)
[59.387s][info][gc,task        ] GC(122) Using 29 workers of 33 for evacuation
[59.430s][info][gc,phases      ] GC(122)   Pre Evacuate Collection Set: 0.2ms
[59.430s][info][gc,phases      ] GC(122)   Merge Heap Roots: 2.5ms
[59.430s][info][gc,phases      ] GC(122)   Evacuate Collection Set: 37.5ms
[59.430s][info][gc,phases      ] GC(122)   Post Evacuate Collection Set: 2.0ms
[59.430s][info][gc,phases      ] GC(122)   Other: 0.1ms
[59.430s][info][gc,heap        ] GC(122) Eden regions: 152->0(377)
[59.430s][info][gc,heap        ] GC(122) Survivor regions: 24->22(22)
[59.430s][info][gc,heap        ] GC(122) Old regions: 590->615
[59.430s][info][gc,heap        ] GC(122) Archive regions: 0->0
[59.430s][info][gc,heap        ] GC(122) Humongous regions: 4->4
[59.430s][info][gc,metaspace   ] GC(122) Metaspace: 16637K(17344K)->16637K(17344K) NonClass: 14210K(14656K)->14210K(14656K) Class: 2426K(2688K)->2426K(2688K)
[59.430s][info][gc             ] GC(122) Pause Young (Mixed) (G1 Evacuation Pause) 766M->637M(1384M) 42.564ms
[59.430s][info][gc,cpu         ] GC(122) User=0.91s Sys=0.00s Real=0.04s
[60.472s][info][gc,start       ] GC(123) Pause Young (Normal) (G1 Evacuation Pause)
[60.472s][info][gc,task        ] GC(123) Using 33 workers of 33 for evacuation
[60.504s][info][gc,phases      ] GC(123)   Pre Evacuate Collection Set: 0.2ms
[60.504s][info][gc,phases      ] GC(123)   Merge Heap Roots: 2.5ms
[60.504s][info][gc,phases      ] GC(123)   Evacuate Collection Set: 27.4ms
[60.504s][info][gc,phases      ] GC(123)   Post Evacuate Collection Set: 1.1ms
[60.504s][info][gc,phases      ] GC(123)   Other: 0.2ms
[60.504s][info][gc,heap        ] GC(123) Eden regions: 377->0(404)
[60.504s][info][gc,heap        ] GC(123) Survivor regions: 22->31(50)
[60.504s][info][gc,heap        ] GC(123) Old regions: 615->615
[60.504s][info][gc,heap        ] GC(123) Archive regions: 0->0
[60.504s][info][gc,heap        ] GC(123) Humongous regions: 7->7
[60.504s][info][gc,metaspace   ] GC(123) Metaspace: 16637K(17344K)->16637K(17344K) NonClass: 14210K(14656K)->14210K(14656K) Class: 2426K(2688K)->2426K(2688K)
[60.504s][info][gc             ] GC(123) Pause Young (Normal) (G1 Evacuation Pause) 1017M->649M(1384M) 31.812ms
[60.504s][info][gc,cpu         ] GC(123) User=1.03s Sys=0.00s Real=0.03s
[62.399s][info][gc,start       ] GC(124) Pause Full (System.gc())
[62.399s][info][gc,task        ] GC(124) Using 33 workers of 33 for full compaction
[62.401s][info][gc,phases,start] GC(124) Phase 1: Mark live objects
[62.409s][info][gc,phases      ] GC(124) Phase 1: Mark live objects 8.743ms
[62.409s][info][gc,phases,start] GC(124) Phase 2: Prepare compaction
[62.412s][info][gc,phases      ] GC(124) Phase 2: Prepare compaction 2.708ms
[62.412s][info][gc,phases,start] GC(124) Phase 3: Adjust pointers
[62.417s][info][gc,phases      ] GC(124) Phase 3: Adjust pointers 4.711ms
[62.417s][info][gc,phases,start] GC(124) Phase 4: Compact heap
[62.418s][info][gc,phases      ] GC(124) Phase 4: Compact heap 1.251ms
[62.427s][info][gc,heap        ] GC(124) Eden regions: 281->0(23)
[62.427s][info][gc,heap        ] GC(124) Survivor regions: 31->0(50)
[62.427s][info][gc,heap        ] GC(124) Old regions: 615->21
[62.427s][info][gc,heap        ] GC(124) Archive regions: 0->0
[62.427s][info][gc,heap        ] GC(124) Humongous regions: 7->0
[62.427s][info][gc,metaspace   ] GC(124) Metaspace: 16637K(17344K)->16637K(17344K) NonClass: 14211K(14656K)->14211K(14656K) Class: 2426K(2688K)->2426K(2688K)
[62.427s][info][gc             ] GC(124) Pause Full (System.gc()) 929M->10M(70M) 28.108ms
[62.427s][info][gc,cpu         ] GC(124) User=0.02s Sys=0.02s Real=0.03s
[63.102s][info][gc,start       ] GC(125) Pause Young (Concurrent Start) (G1 Evacuation Pause)
[63.102s][info][gc,task        ] GC(125) Using 17 workers of 33 for evacuation
[63.104s][info][gc,phases      ] GC(125)   Pre Evacuate Collection Set: 0.2ms
[63.104s][info][gc,phases      ] GC(125)   Merge Heap Roots: 0.1ms
[63.104s][info][gc,phases      ] GC(125)   Evacuate Collection Set: 1.2ms
[63.104s][info][gc,phases      ] GC(125)   Post Evacuate Collection Set: 0.3ms
[63.104s][info][gc,phases      ] GC(125)   Other: 0.1ms
[63.104s][info][gc,heap        ] GC(125) Eden regions: 23->0(21)
[63.104s][info][gc,heap        ] GC(125) Survivor regions: 0->3(3)
[63.104s][info][gc,heap        ] GC(125) Old regions: 21->24
[63.104s][info][gc,heap        ] GC(125) Archive regions: 0->0
[63.104s][info][gc,heap        ] GC(125) Humongous regions: 0->0
[63.104s][info][gc,metaspace   ] GC(125) Metaspace: 16639K(17344K)->16639K(17344K) NonClass: 14212K(14656K)->14212K(14656K) Class: 2426K(2688K)->2426K(2688K)
[63.104s][info][gc             ] GC(125) Pause Young (Concurrent Start) (G1 Evacuation Pause) 33M->15M(70M) 2.066ms
[63.104s][info][gc             ] GC(126) Concurrent Mark Cycle
[63.104s][info][gc,cpu         ] GC(125) User=0.00s Sys=0.00s Real=0.00s
[63.104s][info][gc,marking     ] GC(126) Concurrent Scan Root Regions
[63.105s][info][gc,marking     ] GC(126) Concurrent Scan Root Regions 1.059ms
[63.105s][info][gc,marking     ] GC(126) Concurrent Mark
[63.105s][info][gc,marking     ] GC(126) Concurrent Mark From Roots
[63.105s][info][gc,task        ] GC(126) Using 8 workers of 8 for marking
[63.119s][info][gc,marking     ] GC(126) Concurrent Mark From Roots 13.721ms
[63.119s][info][gc,marking     ] GC(126) Concurrent Preclean
[63.119s][info][gc,marking     ] GC(126) Concurrent Preclean 0.032ms
[63.119s][info][gc,start       ] GC(126) Pause Remark
[63.120s][info][gc             ] GC(126) Pause Remark 17M->17M(70M) 0.897ms
[63.120s][info][gc,cpu         ] GC(126) User=0.00s Sys=0.00s Real=0.00s
[63.133s][info][gc,marking     ] GC(126) Concurrent Mark 28.333ms
[63.133s][info][gc,marking     ] GC(126) Concurrent Rebuild Remembered Sets and Scrub Regions
[63.136s][info][gc,marking     ] GC(126) Concurrent Rebuild Remembered Sets and Scrub Regions 2.980ms
[63.136s][info][gc,start       ] GC(126) Pause Cleanup
[63.136s][info][gc             ] GC(126) Pause Cleanup 17M->17M(70M) 0.107ms
[63.136s][info][gc,cpu         ] GC(126) User=0.00s Sys=0.00s Real=0.00s
[63.150s][info][gc,marking     ] GC(126) Concurrent Clear Claimed Marks
[63.150s][info][gc,marking     ] GC(126) Concurrent Clear Claimed Marks 0.033ms
[63.150s][info][gc,marking     ] GC(126) Concurrent Cleanup for Next Mark
[63.151s][info][gc,marking     ] GC(126) Concurrent Cleanup for Next Mark 0.139ms
[63.151s][info][gc             ] GC(126) Concurrent Mark Cycle 46.780ms
[63.478s][info][gc,start       ] GC(127) Pause Young (Prepare Mixed) (G1 Evacuation Pause)
[63.478s][info][gc,task        ] GC(127) Using 9 workers of 33 for evacuation
[63.492s][info][gc,phases      ] GC(127)   Pre Evacuate Collection Set: 0.1ms
[63.492s][info][gc,phases      ] GC(127)   Merge Heap Roots: 0.1ms
[63.492s][info][gc,phases      ] GC(127)   Evacuate Collection Set: 13.6ms
[63.492s][info][gc,phases      ] GC(127)   Post Evacuate Collection Set: 0.4ms
[63.492s][info][gc,phases      ] GC(127)   Other: 0.1ms
[63.492s][info][gc,heap        ] GC(127) Eden regions: 21->0(19)
[63.492s][info][gc,heap        ] GC(127) Survivor regions: 3->3(3)
[63.492s][info][gc,heap        ] GC(127) Old regions: 24->28
[63.492s][info][gc,heap        ] GC(127) Archive regions: 0->0
[63.492s][info][gc,heap        ] GC(127) Humongous regions: 0->0
[63.492s][info][gc,metaspace   ] GC(127) Metaspace: 16639K(17344K)->16639K(17344K) NonClass: 14212K(14656K)->14212K(14656K) Class: 2426K(2688K)->2426K(2688K)
[63.492s][info][gc             ] GC(127) Pause Young (Prepare Mixed) (G1 Evacuation Pause) 36M->20M(70M) 14.379ms
[63.492s][info][gc,cpu         ] GC(127) User=0.00s Sys=0.00s Real=0.00s
[63.856s][info][gc,start       ] GC(128) Pause Young (Mixed) (G1 Evacuation Pause)
[63.856s][info][gc,task        ] GC(128) Using 5 workers of 33 for evacuation
[63.915s][info][gc,phases      ] GC(128)   Pre Evacuate Collection Set: 0.1ms
[63.916s][info][gc,phases      ] GC(128)   Merge Heap Roots: 0.2ms
[63.916s][info][gc,phases      ] GC(128)   Evacuate Collection Set: 58.9ms
[63.916s][info][gc,phases      ] GC(128)   Post Evacuate Collection Set: 0.3ms
[63.916s][info][gc,phases      ] GC(128)   Other: 0.1ms
[63.916s][info][gc,heap        ] GC(128) Eden regions: 19->0(10)
[63.916s][info][gc,heap        ] GC(128) Survivor regions: 3->3(3)
[63.916s][info][gc,heap        ] GC(128) Old regions: 28->41
[63.916s][info][gc,heap        ] GC(128) Archive regions: 0->0
[63.916s][info][gc,heap        ] GC(128) Humongous regions: 0->0
[63.916s][info][gc,metaspace   ] GC(128) Metaspace: 16639K(17344K)->16639K(17344K) NonClass: 14212K(14656K)->14212K(14656K) Class: 2426K(2688K)->2426K(2688K)
[63.916s][info][gc             ] GC(128) Pause Young (Mixed) (G1 Evacuation Pause) 39M->39M(73M) 59.947ms
[63.916s][info][gc,cpu         ] GC(128) User=0.23s Sys=0.00s Real=0.05s
[64.469s][info][gc,start       ] GC(129) Pause Young (Mixed) (G1 Evacuation Pause)
[64.469s][info][gc,task        ] GC(129) Using 3 workers of 33 for evacuation
[64.496s][info][gc,phases      ] GC(129)   Pre Evacuate Collection Set: 0.1ms
[64.496s][info][gc,phases      ] GC(129)   Merge Heap Roots: 0.1ms
[64.496s][info][gc,phases      ] GC(129)   Evacuate Collection Set: 13.6ms
[64.496s][info][gc,phases      ] GC(129)   Post Evacuate Collection Set: 12.8ms
[64.496s][info][gc,phases      ] GC(129)   Other: 0.1ms
[64.496s][info][gc,heap        ] GC(129) Eden regions: 10->0(400)
[64.496s][info][gc,heap        ] GC(129) Survivor regions: 3->2(2)
[64.496s][info][gc,heap        ] GC(129) Old regions: 41->52
[64.496s][info][gc,heap        ] GC(129) Archive regions: 0->0
[64.496s][info][gc,heap        ] GC(129) Humongous regions: 0->0
[64.496s][info][gc,metaspace   ] GC(129) Metaspace: 16639K(17344K)->16639K(17344K) NonClass: 14212K(14656K)->14212K(14656K) Class: 2426K(2688K)->2426K(2688K)
[64.496s][info][gc             ] GC(129) Pause Young (Mixed) (G1 Evacuation Pause) 49M->50M(1061M) 27.057ms
[64.496s][info][gc,cpu         ] GC(129) User=0.06s Sys=0.00s Real=0.03s
[64.983s][info][gc,start       ] GC(130) Pause Young (Normal) (G1 Evacuation Pause)
[64.983s][info][gc,task        ] GC(130) Using 25 workers of 33 for evacuation
[64.986s][info][gc,phases      ] GC(130)   Pre Evacuate Collection Set: 0.1ms
[64.986s][info][gc,phases      ] GC(130)   Merge Heap Roots: 0.1ms
[64.986s][info][gc,phases      ] GC(130)   Evacuate Collection Set: 1.5ms
[64.986s][info][gc,phases      ] GC(130)   Post Evacuate Collection Set: 0.5ms
[64.986s][info][gc,phases      ] GC(130)   Other: 0.1ms
[64.986s][info][gc,heap        ] GC(130) Eden regions: 458->0(615)
[64.986s][info][gc,heap        ] GC(130) Survivor regions: 2->4(58)
[64.986s][info][gc,heap        ] GC(130) Old regions: 52->52
[64.986s][info][gc,heap        ] GC(130) Archive regions: 0->0
[64.986s][info][gc,heap        ] GC(130) Humongous regions: 0->0
[64.986s][info][gc,metaspace   ] GC(130) Metaspace: 16639K(17344K)->16639K(17344K) NonClass: 14212K(14656K)->14212K(14656K) Class: 2426K(2688K)->2426K(2688K)
[64.986s][info][gc             ] GC(130) Pause Young (Normal) (G1 Evacuation Pause) 508M->51M(1061M) 2.640ms
[64.986s][info][gc,cpu         ] GC(130) User=0.00s Sys=0.00s Real=0.00s
[65.102s][info][gc,start       ] GC(131) Pause Young (Normal) (G1 Evacuation Pause)
[65.102s][info][gc,task        ] GC(131) Using 25 workers of 33 for evacuation
[65.105s][info][gc,phases      ] GC(131)   Pre Evacuate Collection Set: 0.2ms
[65.105s][info][gc,phases      ] GC(131)   Merge Heap Roots: 0.2ms
[65.105s][info][gc,phases      ] GC(131)   Evacuate Collection Set: 2.0ms
[65.105s][info][gc,phases      ] GC(131)   Post Evacuate Collection Set: 0.6ms
[65.105s][info][gc,phases      ] GC(131)   Other: 0.1ms
[65.105s][info][gc,heap        ] GC(131) Eden regions: 619->0(632)
[65.105s][info][gc,heap        ] GC(131) Survivor regions: 4->4(78)
[65.105s][info][gc,heap        ] GC(131) Old regions: 52->52
[65.105s][info][gc,heap        ] GC(131) Archive regions: 0->0
[65.105s][info][gc,heap        ] GC(131) Humongous regions: 0->0
[65.105s][info][gc,metaspace   ] GC(131) Metaspace: 16639K(17344K)->16639K(17344K) NonClass: 14212K(14656K)->14212K(14656K) Class: 2426K(2688K)->2426K(2688K)
[65.105s][info][gc             ] GC(131) Pause Young (Normal) (G1 Evacuation Pause) 670M->51M(1061M) 3.223ms
[65.105s][info][gc,cpu         ] GC(131) User=0.00s Sys=0.00s Real=0.00s
[65.174s][info][gc,start       ] GC(132) Pause Young (Normal) (G1 Evacuation Pause)
[65.175s][info][gc,task        ] GC(132) Using 25 workers of 33 for evacuation
[65.177s][info][gc,phases      ] GC(132)   Pre Evacuate Collection Set: 0.2ms
[65.177s][info][gc,phases      ] GC(132)   Merge Heap Roots: 0.2ms
[65.177s][info][gc,phases      ] GC(132)   Evacuate Collection Set: 1.6ms
[65.177s][info][gc,phases      ] GC(132)   Post Evacuate Collection Set: 0.6ms
[65.177s][info][gc,phases      ] GC(132)   Other: 0.1ms
[65.177s][info][gc,heap        ] GC(132) Eden regions: 632->0(632)
[65.177s][info][gc,heap        ] GC(132) Survivor regions: 4->4(80)
[65.177s][info][gc,heap        ] GC(132) Old regions: 52->52
[65.177s][info][gc,heap        ] GC(132) Archive regions: 0->0
[65.177s][info][gc,heap        ] GC(132) Humongous regions: 0->0
[65.177s][info][gc,metaspace   ] GC(132) Metaspace: 16639K(17344K)->16639K(17344K) NonClass: 14212K(14656K)->14212K(14656K) Class: 2426K(2688K)->2426K(2688K)
[65.177s][info][gc             ] GC(132) Pause Young (Normal) (G1 Evacuation Pause) 683M->51M(1061M) 2.919ms
[65.177s][info][gc,cpu         ] GC(132) User=0.25s Sys=0.02s Real=0.02s
[65.245s][info][gc,start       ] GC(133) Pause Young (Normal) (G1 Evacuation Pause)
[65.245s][info][gc,task        ] GC(133) Using 25 workers of 33 for evacuation
[65.247s][info][gc,phases      ] GC(133)   Pre Evacuate Collection Set: 0.2ms
[65.247s][info][gc,phases      ] GC(133)   Merge Heap Roots: 0.2ms
[65.247s][info][gc,phases      ] GC(133)   Evacuate Collection Set: 1.0ms
[65.247s][info][gc,phases      ] GC(133)   Post Evacuate Collection Set: 0.6ms
[65.247s][info][gc,phases      ] GC(133)   Other: 0.1ms
[65.247s][info][gc,heap        ] GC(133) Eden regions: 632->0(633)
[65.247s][info][gc,heap        ] GC(133) Survivor regions: 4->3(80)
[65.247s][info][gc,heap        ] GC(133) Old regions: 52->52
[65.247s][info][gc,heap        ] GC(133) Archive regions: 0->0
[65.247s][info][gc,heap        ] GC(133) Humongous regions: 0->0
[65.247s][info][gc,metaspace   ] GC(133) Metaspace: 16639K(17344K)->16639K(17344K) NonClass: 14212K(14656K)->14212K(14656K) Class: 2426K(2688K)->2426K(2688K)
[65.247s][info][gc             ] GC(133) Pause Young (Normal) (G1 Evacuation Pause) 683M->50M(1061M) 2.292ms
[65.247s][info][gc,cpu         ] GC(133) User=0.00s Sys=0.00s Real=0.00s
[65.315s][info][gc,start       ] GC(134) Pause Young (Normal) (G1 Evacuation Pause)
[65.315s][info][gc,task        ] GC(134) Using 25 workers of 33 for evacuation
[65.317s][info][gc,phases      ] GC(134)   Pre Evacuate Collection Set: 0.2ms
[65.317s][info][gc,phases      ] GC(134)   Merge Heap Roots: 0.2ms
[65.317s][info][gc,phases      ] GC(134)   Evacuate Collection Set: 0.6ms
[65.317s][info][gc,phases      ] GC(134)   Post Evacuate Collection Set: 0.6ms
[65.317s][info][gc,phases      ] GC(134)   Other: 0.1ms
[65.317s][info][gc,heap        ] GC(134) Eden regions: 633->0(633)
[65.317s][info][gc,heap        ] GC(134) Survivor regions: 3->3(80)
[65.317s][info][gc,heap        ] GC(134) Old regions: 52->52
[65.317s][info][gc,heap        ] GC(134) Archive regions: 0->0
[65.317s][info][gc,heap        ] GC(134) Humongous regions: 0->0
[65.317s][info][gc,metaspace   ] GC(134) Metaspace: 16639K(17344K)->16639K(17344K) NonClass: 14212K(14656K)->14212K(14656K) Class: 2426K(2688K)->2426K(2688K)
[65.317s][info][gc             ] GC(134) Pause Young (Normal) (G1 Evacuation Pause) 683M->50M(1061M) 1.820ms
[65.317s][info][gc,cpu         ] GC(134) User=0.00s Sys=0.00s Real=0.00s
[65.719s][info][gc,start       ] GC(135) Pause Young (Normal) (G1 Evacuation Pause)
[65.719s][info][gc,task        ] GC(135) Using 25 workers of 33 for evacuation
[65.801s][info][gc,phases      ] GC(135)   Pre Evacuate Collection Set: 0.2ms
[65.801s][info][gc,phases      ] GC(135)   Merge Heap Roots: 0.3ms
[65.801s][info][gc,phases      ] GC(135)   Evacuate Collection Set: 80.4ms
[65.801s][info][gc,phases      ] GC(135)   Post Evacuate Collection Set: 0.9ms
[65.801s][info][gc,phases      ] GC(135)   Other: 0.2ms
[65.801s][info][gc,heap        ] GC(135) Eden regions: 633->0(455)
[65.801s][info][gc,heap        ] GC(135) Survivor regions: 3->80(80)
[65.801s][info][gc,heap        ] GC(135) Old regions: 52->211
[65.801s][info][gc,heap        ] GC(135) Archive regions: 0->0
[65.801s][info][gc,heap        ] GC(135) Humongous regions: 1->1
[65.801s][info][gc,metaspace   ] GC(135) Metaspace: 16639K(17344K)->16639K(17344K) NonClass: 14212K(14656K)->14212K(14656K) Class: 2426K(2688K)->2426K(2688K)
[65.801s][info][gc             ] GC(135) Pause Young (Normal) (G1 Evacuation Pause) 684M->288M(1061M) 82.429ms
[65.801s][info][gc,cpu         ] GC(135) User=1.08s Sys=0.88s Real=0.08s
[73.131s][info][gc,start       ] GC(136) Pause Young (Concurrent Start) (G1 Evacuation Pause)
[73.131s][info][gc,task        ] GC(136) Using 25 workers of 33 for evacuation
[73.212s][info][gc,phases      ] GC(136)   Pre Evacuate Collection Set: 0.5ms
[73.212s][info][gc,phases      ] GC(136)   Merge Heap Roots: 1.1ms
[73.212s][info][gc,phases      ] GC(136)   Evacuate Collection Set: 78.6ms
[73.212s][info][gc,phases      ] GC(136)   Post Evacuate Collection Set: 1.1ms
[73.212s][info][gc,phases      ] GC(136)   Other: 0.1ms
[73.212s][info][gc,heap        ] GC(136) Eden regions: 455->0(300)
[73.212s][info][gc,heap        ] GC(136) Survivor regions: 80->67(67)
[73.212s][info][gc,heap        ] GC(136) Old regions: 211->422
[73.212s][info][gc,heap        ] GC(136) Archive regions: 0->0
[73.212s][info][gc,heap        ] GC(136) Humongous regions: 2->2
[73.212s][info][gc,metaspace   ] GC(136) Metaspace: 16640K(17344K)->16640K(17344K) NonClass: 14213K(14656K)->14213K(14656K) Class: 2426K(2688K)->2426K(2688K)
[73.212s][info][gc             ] GC(136) Pause Young (Concurrent Start) (G1 Evacuation Pause) 744M->487M(1061M) 81.815ms
[73.212s][info][gc             ] GC(137) Concurrent Mark Cycle
[73.212s][info][gc,cpu         ] GC(136) User=1.70s Sys=0.25s Real=0.08s
[73.212s][info][gc,marking     ] GC(137) Concurrent Scan Root Regions
[73.235s][info][gc,marking     ] GC(137) Concurrent Scan Root Regions 22.850ms
[73.235s][info][gc,marking     ] GC(137) Concurrent Mark
[73.235s][info][gc,marking     ] GC(137) Concurrent Mark From Roots
[73.235s][info][gc,task        ] GC(137) Using 8 workers of 8 for marking
[73.254s][info][gc,marking     ] GC(137) Concurrent Mark From Roots 18.811ms
[73.254s][info][gc,marking     ] GC(137) Concurrent Preclean
[73.254s][info][gc,marking     ] GC(137) Concurrent Preclean 0.054ms
[73.254s][info][gc,start       ] GC(137) Pause Remark
[73.256s][info][gc             ] GC(137) Pause Remark 527M->526M(1061M) 1.279ms
[73.256s][info][gc,cpu         ] GC(137) User=0.00s Sys=0.00s Real=0.00s
[73.256s][info][gc,marking     ] GC(137) Concurrent Mark 20.422ms
[73.256s][info][gc,marking     ] GC(137) Concurrent Rebuild Remembered Sets and Scrub Regions
[73.355s][info][gc,marking     ] GC(137) Concurrent Rebuild Remembered Sets and Scrub Regions 99.054ms
[73.355s][info][gc,start       ] GC(137) Pause Cleanup
[73.355s][info][gc             ] GC(137) Pause Cleanup 646M->646M(1061M) 0.406ms
[73.355s][info][gc,cpu         ] GC(137) User=0.00s Sys=0.00s Real=0.00s
[73.356s][info][gc,marking     ] GC(137) Concurrent Clear Claimed Marks
[73.356s][info][gc,marking     ] GC(137) Concurrent Clear Claimed Marks 0.042ms
[73.356s][info][gc,marking     ] GC(137) Concurrent Cleanup for Next Mark
[73.359s][info][gc,marking     ] GC(137) Concurrent Cleanup for Next Mark 2.941ms
[73.359s][info][gc             ] GC(137) Concurrent Mark Cycle 146.121ms
[73.473s][info][gc,start       ] GC(138) Pause Young (Prepare Mixed) (G1 Evacuation Pause)
[73.473s][info][gc,task        ] GC(138) Using 25 workers of 33 for evacuation
[73.519s][info][gc,phases      ] GC(138)   Pre Evacuate Collection Set: 0.2ms
[73.519s][info][gc,phases      ] GC(138)   Merge Heap Roots: 1.3ms
[73.519s][info][gc,phases      ] GC(138)   Evacuate Collection Set: 44.2ms
[73.519s][info][gc,phases      ] GC(138)   Post Evacuate Collection Set: 0.5ms
[73.519s][info][gc,phases      ] GC(138)   Other: 0.2ms
[73.519s][info][gc,heap        ] GC(138) Eden regions: 300->0(108)
[73.519s][info][gc,heap        ] GC(138) Survivor regions: 67->46(46)
[73.519s][info][gc,heap        ] GC(138) Old regions: 422->511
[73.519s][info][gc,heap        ] GC(138) Archive regions: 0->0
[73.519s][info][gc,heap        ] GC(138) Humongous regions: 1->1
[73.519s][info][gc,metaspace   ] GC(138) Metaspace: 16640K(17344K)->16640K(17344K) NonClass: 14213K(14656K)->14213K(14656K) Class: 2426K(2688K)->2426K(2688K)
[73.519s][info][gc             ] GC(138) Pause Young (Prepare Mixed) (G1 Evacuation Pause) 786M->554M(1061M) 46.761ms
[73.519s][info][gc,cpu         ] GC(138) User=1.17s Sys=0.00s Real=0.05s
[73.661s][info][gc,start       ] GC(139) Pause Young (Mixed) (G1 Evacuation Pause)
[73.661s][info][gc,task        ] GC(139) Using 25 workers of 33 for evacuation
[73.697s][info][gc,phases      ] GC(139)   Pre Evacuate Collection Set: 0.2ms
[73.697s][info][gc,phases      ] GC(139)   Merge Heap Roots: 0.3ms
[73.697s][info][gc,phases      ] GC(139)   Evacuate Collection Set: 34.3ms
[73.697s][info][gc,phases      ] GC(139)   Post Evacuate Collection Set: 0.4ms
[73.697s][info][gc,phases      ] GC(139)   Other: 0.1ms
[73.697s][info][gc,heap        ] GC(139) Eden regions: 169->0(213)
[73.697s][info][gc,heap        ] GC(139) Survivor regions: 46->27(27)
[73.697s][info][gc,heap        ] GC(139) Old regions: 511->590
[73.697s][info][gc,heap        ] GC(139) Archive regions: 0->0
[73.697s][info][gc,heap        ] GC(139) Humongous regions: 1->1
[73.697s][info][gc,metaspace   ] GC(139) Metaspace: 16640K(17344K)->16640K(17344K) NonClass: 14213K(14656K)->14213K(14656K) Class: 2426K(2688K)->2426K(2688K)
[73.697s][info][gc             ] GC(139) Pause Young (Mixed) (G1 Evacuation Pause) 723M->614M(1061M) 35.593ms
[73.697s][info][gc,cpu         ] GC(139) User=0.78s Sys=0.00s Real=0.03s
[73.887s][info][gc,start       ] GC(140) Pause Young (Mixed) (G1 Evacuation Pause)
[73.887s][info][gc,task        ] GC(140) Using 25 workers of 33 for evacuation
[73.924s][info][gc,phases      ] GC(140)   Pre Evacuate Collection Set: 0.2ms
[73.949s][info][gc,phases      ] GC(140)   Merge Heap Roots: 0.3ms
[73.949s][info][gc,phases      ] GC(140)   Evacuate Collection Set: 35.7ms
[73.949s][info][gc,phases      ] GC(140)   Post Evacuate Collection Set: 0.5ms
[73.949s][info][gc,phases      ] GC(140)   Other: 0.2ms
[73.949s][info][gc,heap        ] GC(140) Eden regions: 224->0(223)
[73.949s][info][gc,heap        ] GC(140) Survivor regions: 27->32(32)
[73.949s][info][gc,heap        ] GC(140) Old regions: 590->583
[73.949s][info][gc,heap        ] GC(140) Archive regions: 0->0
[73.949s][info][gc,heap        ] GC(140) Humongous regions: 1->1
[73.949s][info][gc,metaspace   ] GC(140) Metaspace: 16640K(17344K)->16640K(17344K) NonClass: 14213K(14656K)->14213K(14656K) Class: 2426K(2688K)->2426K(2688K)
[73.949s][info][gc             ] GC(140) Pause Young (Mixed) (G1 Evacuation Pause) 838M->612M(1061M) 62.041ms
[73.949s][info][gc,cpu         ] GC(140) User=0.78s Sys=0.00s Real=0.05s
[74.151s][info][gc,start       ] GC(141) Pause Young (Normal) (G1 Evacuation Pause)
[74.151s][info][gc,task        ] GC(141) Using 25 workers of 33 for evacuation
[74.189s][info][gc,phases      ] GC(141)   Pre Evacuate Collection Set: 0.2ms
[74.189s][info][gc,phases      ] GC(141)   Merge Heap Roots: 0.3ms
[74.189s][info][gc,phases      ] GC(141)   Evacuate Collection Set: 35.7ms
[74.189s][info][gc,phases      ] GC(141)   Post Evacuate Collection Set: 1.5ms
[74.189s][info][gc,phases      ] GC(141)   Other: 0.1ms
[74.189s][info][gc,heap        ] GC(141) Eden regions: 223->0(278)
[74.189s][info][gc,heap        ] GC(141) Survivor regions: 32->32(32)
[74.189s][info][gc,heap        ] GC(141) Old regions: 583->682
[74.189s][info][gc,heap        ] GC(141) Archive regions: 0->0
[74.189s][info][gc,heap        ] GC(141) Humongous regions: 1->1
[74.189s][info][gc,metaspace   ] GC(141) Metaspace: 16640K(17344K)->16640K(17344K) NonClass: 14213K(14656K)->14213K(14656K) Class: 2426K(2688K)->2426K(2688K)
[74.189s][info][gc             ] GC(141) Pause Young (Normal) (G1 Evacuation Pause) 835M->711M(1273M) 38.172ms
[74.189s][info][gc,cpu         ] GC(141) User=0.78s Sys=0.00s Real=0.03s
[75.051s][info][gc,start       ] GC(142) Pause Young (Normal) (G1 Evacuation Pause)
[75.051s][info][gc,task        ] GC(142) Using 30 workers of 33 for evacuation
[75.099s][info][gc,phases      ] GC(142)   Pre Evacuate Collection Set: 0.2ms
[75.099s][info][gc,phases      ] GC(142)   Merge Heap Roots: 2.4ms
[75.099s][info][gc,phases      ] GC(142)   Evacuate Collection Set: 43.8ms
[75.099s][info][gc,phases      ] GC(142)   Post Evacuate Collection Set: 1.4ms
[75.099s][info][gc,phases      ] GC(142)   Other: 0.2ms
[75.099s][info][gc,heap        ] GC(142) Eden regions: 278->0(252)
[75.099s][info][gc,heap        ] GC(142) Survivor regions: 32->39(39)
[75.099s][info][gc,heap        ] GC(142) Old regions: 682->742
[75.099s][info][gc,heap        ] GC(142) Archive regions: 0->0
[75.099s][info][gc,heap        ] GC(142) Humongous regions: 7->7
[75.099s][info][gc,metaspace   ] GC(142) Metaspace: 16640K(17344K)->16640K(17344K) NonClass: 14213K(14656K)->14213K(14656K) Class: 2426K(2688K)->2426K(2688K)
[75.099s][info][gc             ] GC(142) Pause Young (Normal) (G1 Evacuation Pause) 995M->784M(1273M) 48.228ms
[75.099s][info][gc,cpu         ] GC(142) User=1.41s Sys=0.00s Real=0.05s
[75.538s][info][gc,start       ] GC(143) Pause Young (Concurrent Start) (G1 Evacuation Pause)
[75.538s][info][gc,task        ] GC(143) Using 30 workers of 33 for evacuation
[75.565s][info][gc,phases      ] GC(143)   Pre Evacuate Collection Set: 0.4ms
[75.565s][info][gc,phases      ] GC(143)   Merge Heap Roots: 1.6ms
[75.565s][info][gc,phases      ] GC(143)   Evacuate Collection Set: 24.5ms
[75.565s][info][gc,phases      ] GC(143)   Post Evacuate Collection Set: 0.6ms
[75.565s][info][gc,phases      ] GC(143)   Other: 0.1ms
[75.565s][info][gc,heap        ] GC(143) Eden regions: 252->0(279)
[75.565s][info][gc,heap        ] GC(143) Survivor regions: 39->8(37)
[75.565s][info][gc,heap        ] GC(143) Old regions: 742->769
[75.565s][info][gc,heap        ] GC(143) Archive regions: 0->0
[75.565s][info][gc,heap        ] GC(143) Humongous regions: 7->7
[75.565s][info][gc,metaspace   ] GC(143) Metaspace: 16640K(17344K)->16640K(17344K) NonClass: 14213K(14656K)->14213K(14656K) Class: 2426K(2688K)->2426K(2688K)
[75.566s][info][gc             ] GC(143) Pause Young (Concurrent Start) (G1 Evacuation Pause) 1036M->779M(1273M) 27.665ms
[75.566s][info][gc             ] GC(144) Concurrent Mark Cycle
[75.566s][info][gc,cpu         ] GC(143) User=0.47s Sys=0.00s Real=0.02s
[75.566s][info][gc,marking     ] GC(144) Concurrent Scan Root Regions
[75.570s][info][gc,marking     ] GC(144) Concurrent Scan Root Regions 4.686ms
[75.570s][info][gc,marking     ] GC(144) Concurrent Mark
[75.570s][info][gc,marking     ] GC(144) Concurrent Mark From Roots
[75.570s][info][gc,task        ] GC(144) Using 8 workers of 8 for marking
[75.697s][info][gc,marking     ] GC(144) Concurrent Mark From Roots 126.380ms
[75.697s][info][gc,marking     ] GC(144) Concurrent Preclean
[75.697s][info][gc,marking     ] GC(144) Concurrent Preclean 0.056ms
[75.697s][info][gc,start       ] GC(144) Pause Remark
[75.699s][info][gc             ] GC(144) Pause Remark 845M->592M(1273M) 2.016ms
[75.699s][info][gc,cpu         ] GC(144) User=0.00s Sys=0.00s Real=0.00s
[75.699s][info][gc,marking     ] GC(144) Concurrent Mark 128.739ms
[75.699s][info][gc,marking     ] GC(144) Concurrent Rebuild Remembered Sets and Scrub Regions
[75.923s][info][gc,marking     ] GC(144) Concurrent Rebuild Remembered Sets and Scrub Regions 223.679ms
[75.923s][info][gc,start       ] GC(144) Pause Cleanup
[75.924s][info][gc             ] GC(144) Pause Cleanup 666M->666M(1273M) 0.527ms
[75.924s][info][gc,cpu         ] GC(144) User=0.00s Sys=0.00s Real=0.00s
[75.924s][info][gc,marking     ] GC(144) Concurrent Clear Claimed Marks
[75.924s][info][gc,marking     ] GC(144) Concurrent Clear Claimed Marks 0.047ms
[75.924s][info][gc,marking     ] GC(144) Concurrent Cleanup for Next Mark
[75.925s][info][gc,marking     ] GC(144) Concurrent Cleanup for Next Mark 1.677ms
[75.925s][info][gc             ] GC(144) Concurrent Mark Cycle 359.823ms
[77.365s][info][gc,start       ] GC(145) Pause Full (System.gc())
[77.365s][info][gc,task        ] GC(145) Using 30 workers of 33 for full compaction
[77.366s][info][gc,phases,start] GC(145) Phase 1: Mark live objects
[77.378s][info][gc,phases      ] GC(145) Phase 1: Mark live objects 12.226ms
[77.378s][info][gc,phases,start] GC(145) Phase 2: Prepare compaction
[77.381s][info][gc,phases      ] GC(145) Phase 2: Prepare compaction 2.527ms
[77.381s][info][gc,phases,start] GC(145) Phase 3: Adjust pointers
[77.384s][info][gc,phases      ] GC(145) Phase 3: Adjust pointers 3.456ms
[77.385s][info][gc,phases,start] GC(145) Phase 4: Compact heap
[77.386s][info][gc,phases      ] GC(145) Phase 4: Compact heap 1.003ms
[77.391s][info][gc,heap        ] GC(145) Eden regions: 217->0(31)
[77.391s][info][gc,heap        ] GC(145) Survivor regions: 8->0(37)
[77.391s][info][gc,heap        ] GC(145) Old regions: 520->24
[77.391s][info][gc,heap        ] GC(145) Archive regions: 0->0
[77.391s][info][gc,heap        ] GC(145) Humongous regions: 3->0
[77.391s][info][gc,metaspace   ] GC(145) Metaspace: 16642K(17344K)->16642K(17344K) NonClass: 14215K(14656K)->14215K(14656K) Class: 2426K(2688K)->2426K(2688K)
[77.391s][info][gc             ] GC(145) Pause Full (System.gc()) 743M->11M(80M) 26.498ms
[77.391s][info][gc,cpu         ] GC(145) User=0.44s Sys=0.02s Real=0.03s
[78.235s][info][gc,start       ] GC(146) Pause Young (Concurrent Start) (G1 Evacuation Pause)
[78.235s][info][gc,task        ] GC(146) Using 16 workers of 33 for evacuation
[78.237s][info][gc,phases      ] GC(146)   Pre Evacuate Collection Set: 0.2ms
[78.237s][info][gc,phases      ] GC(146)   Merge Heap Roots: 0.1ms
[78.237s][info][gc,phases      ] GC(146)   Evacuate Collection Set: 1.2ms
[78.237s][info][gc,phases      ] GC(146)   Post Evacuate Collection Set: 0.3ms
[78.237s][info][gc,phases      ] GC(146)   Other: 0.1ms
[78.237s][info][gc,heap        ] GC(146) Eden regions: 31->0(28)
[78.237s][info][gc,heap        ] GC(146) Survivor regions: 0->4(4)
[78.237s][info][gc,heap        ] GC(146) Old regions: 24->27
[78.237s][info][gc,heap        ] GC(146) Archive regions: 0->0
[78.237s][info][gc,heap        ] GC(146) Humongous regions: 0->0
[78.237s][info][gc,metaspace   ] GC(146) Metaspace: 16642K(17344K)->16642K(17344K) NonClass: 14215K(14656K)->14215K(14656K) Class: 2426K(2688K)->2426K(2688K)
[78.237s][info][gc             ] GC(146) Pause Young (Concurrent Start) (G1 Evacuation Pause) 42M->18M(80M) 2.093ms
[78.237s][info][gc             ] GC(147) Concurrent Mark Cycle
[78.237s][info][gc,cpu         ] GC(146) User=0.00s Sys=0.00s Real=0.00s
[78.237s][info][gc,marking     ] GC(147) Concurrent Scan Root Regions
[78.238s][info][gc,marking     ] GC(147) Concurrent Scan Root Regions 1.148ms
[78.238s][info][gc,marking     ] GC(147) Concurrent Mark
[78.238s][info][gc,marking     ] GC(147) Concurrent Mark From Roots
[78.238s][info][gc,task        ] GC(147) Using 8 workers of 8 for marking
[78.242s][info][gc,marking     ] GC(147) Concurrent Mark From Roots 4.346ms
[78.242s][info][gc,marking     ] GC(147) Concurrent Preclean
[78.242s][info][gc,marking     ] GC(147) Concurrent Preclean 0.034ms
[78.243s][info][gc,start       ] GC(147) Pause Remark
[78.243s][info][gc             ] GC(147) Pause Remark 19M->19M(80M) 0.828ms
[78.243s][info][gc,cpu         ] GC(147) User=0.00s Sys=0.00s Real=0.00s
[78.246s][info][gc,marking     ] GC(147) Concurrent Mark 7.841ms
[78.246s][info][gc,marking     ] GC(147) Concurrent Rebuild Remembered Sets and Scrub Regions
[78.248s][info][gc,marking     ] GC(147) Concurrent Rebuild Remembered Sets and Scrub Regions 2.633ms
[78.249s][info][gc,start       ] GC(147) Pause Cleanup
[78.249s][info][gc             ] GC(147) Pause Cleanup 19M->19M(80M) 0.100ms
[78.249s][info][gc,cpu         ] GC(147) User=0.00s Sys=0.00s Real=0.00s
[78.249s][info][gc,marking     ] GC(147) Concurrent Clear Claimed Marks
[78.249s][info][gc,marking     ] GC(147) Concurrent Clear Claimed Marks 0.023ms
[78.249s][info][gc,marking     ] GC(147) Concurrent Cleanup for Next Mark
[78.249s][info][gc,marking     ] GC(147) Concurrent Cleanup for Next Mark 0.181ms
[78.249s][info][gc             ] GC(147) Concurrent Mark Cycle 12.267ms
[78.710s][info][gc,start       ] GC(148) Pause Young (Prepare Mixed) (G1 Evacuation Pause)
[78.710s][info][gc,task        ] GC(148) Using 9 workers of 33 for evacuation
[78.767s][info][gc,phases      ] GC(148)   Pre Evacuate Collection Set: 0.1ms
[78.767s][info][gc,phases      ] GC(148)   Merge Heap Roots: 0.1ms
[78.767s][info][gc,phases      ] GC(148)   Evacuate Collection Set: 55.2ms
[78.767s][info][gc,phases      ] GC(148)   Post Evacuate Collection Set: 1.1ms
[78.767s][info][gc,phases      ] GC(148)   Other: 0.1ms
[78.767s][info][gc,heap        ] GC(148) Eden regions: 28->0(13)
[78.767s][info][gc,heap        ] GC(148) Survivor regions: 4->4(4)
[78.767s][info][gc,heap        ] GC(148) Old regions: 27->48
[78.767s][info][gc,heap        ] GC(148) Archive regions: 0->0
[78.767s][info][gc,heap        ] GC(148) Humongous regions: 0->0
[78.767s][info][gc,metaspace   ] GC(148) Metaspace: 16642K(17344K)->16642K(17344K) NonClass: 14215K(14656K)->14215K(14656K) Class: 2426K(2688K)->2426K(2688K)
[78.767s][info][gc             ] GC(148) Pause Young (Prepare Mixed) (G1 Evacuation Pause) 46M->39M(84M) 57.001ms
[78.767s][info][gc,cpu         ] GC(148) User=0.42s Sys=0.00s Real=0.05s
[79.363s][info][gc,start       ] GC(149) Pause Young (Mixed) (G1 Evacuation Pause)
[79.364s][info][gc,task        ] GC(149) Using 5 workers of 33 for evacuation
[79.409s][info][gc,phases      ] GC(149)   Pre Evacuate Collection Set: 0.1ms
[79.409s][info][gc,phases      ] GC(149)   Merge Heap Roots: 3.0ms
[79.409s][info][gc,phases      ] GC(149)   Evacuate Collection Set: 29.6ms
[79.409s][info][gc,phases      ] GC(149)   Post Evacuate Collection Set: 12.9ms
[79.409s][info][gc,phases      ] GC(149)   Other: 0.1ms
[79.409s][info][gc,heap        ] GC(149) Eden regions: 13->0(365)
[79.409s][info][gc,heap        ] GC(149) Survivor regions: 4->3(3)
[79.409s][info][gc,heap        ] GC(149) Old regions: 48->55
[79.409s][info][gc,heap        ] GC(149) Archive regions: 0->0
[79.410s][info][gc,heap        ] GC(149) Humongous regions: 0->0
[79.410s][info][gc,metaspace   ] GC(149) Metaspace: 16643K(17344K)->16643K(17344K) NonClass: 14216K(14656K)->14216K(14656K) Class: 2426K(2688K)->2426K(2688K)
[79.410s][info][gc             ] GC(149) Pause Young (Mixed) (G1 Evacuation Pause) 52M->53M(1066M) 46.204ms
[79.410s][info][gc,cpu         ] GC(149) User=0.16s Sys=0.02s Real=0.05s
[79.866s][info][gc,start       ] GC(150) Pause Young (Normal) (G1 Evacuation Pause)
[79.866s][info][gc,task        ] GC(150) Using 25 workers of 33 for evacuation
[79.870s][info][gc,phases      ] GC(150)   Pre Evacuate Collection Set: 0.2ms
[79.870s][info][gc,phases      ] GC(150)   Merge Heap Roots: 0.1ms
[79.870s][info][gc,phases      ] GC(150)   Evacuate Collection Set: 2.3ms
[79.870s][info][gc,phases      ] GC(150)   Post Evacuate Collection Set: 0.5ms
[79.870s][info][gc,phases      ] GC(150)   Other: 0.1ms
[79.870s][info][gc,heap        ] GC(150) Eden regions: 430->0(575)
[79.870s][info][gc,heap        ] GC(150) Survivor regions: 3->5(55)
[79.870s][info][gc,heap        ] GC(150) Old regions: 55->55
[79.870s][info][gc,heap        ] GC(150) Archive regions: 0->0
[79.870s][info][gc,heap        ] GC(150) Humongous regions: 0->0
[79.870s][info][gc,metaspace   ] GC(150) Metaspace: 16643K(17344K)->16643K(17344K) NonClass: 14216K(14656K)->14216K(14656K) Class: 2426K(2688K)->2426K(2688K)
[79.870s][info][gc             ] GC(150) Pause Young (Normal) (G1 Evacuation Pause) 483M->54M(1066M) 3.498ms
[79.870s][info][gc,cpu         ] GC(150) User=0.00s Sys=0.00s Real=0.00s
[80.005s][info][gc,start       ] GC(151) Pause Young (Normal) (G1 Evacuation Pause)
[80.005s][info][gc,task        ] GC(151) Using 25 workers of 33 for evacuation
[80.008s][info][gc,phases      ] GC(151)   Pre Evacuate Collection Set: 0.2ms
[80.008s][info][gc,phases      ] GC(151)   Merge Heap Roots: 0.2ms
[80.008s][info][gc,phases      ] GC(151)   Evacuate Collection Set: 2.2ms
[80.008s][info][gc,phases      ] GC(151)   Post Evacuate Collection Set: 0.6ms
[80.008s][info][gc,phases      ] GC(151)   Other: 0.1ms
[80.008s][info][gc,heap        ] GC(151) Eden regions: 634->0(634)
[80.008s][info][gc,heap        ] GC(151) Survivor regions: 5->5(80)
[80.008s][info][gc,heap        ] GC(151) Old regions: 55->55
[80.008s][info][gc,heap        ] GC(151) Archive regions: 0->0
[80.008s][info][gc,heap        ] GC(151) Humongous regions: 0->0
[80.008s][info][gc,metaspace   ] GC(151) Metaspace: 16643K(17344K)->16643K(17344K) NonClass: 14216K(14656K)->14216K(14656K) Class: 2426K(2688K)->2426K(2688K)
[80.009s][info][gc             ] GC(151) Pause Young (Normal) (G1 Evacuation Pause) 688M->54M(1066M) 3.524ms
[80.009s][info][gc,cpu         ] GC(151) User=0.16s Sys=0.23s Real=0.01s
[80.077s][info][gc,start       ] GC(152) Pause Young (Normal) (G1 Evacuation Pause)
[80.078s][info][gc,task        ] GC(152) Using 25 workers of 33 for evacuation
[80.079s][info][gc,phases      ] GC(152)   Pre Evacuate Collection Set: 0.2ms
[80.080s][info][gc,phases      ] GC(152)   Merge Heap Roots: 0.2ms
[80.080s][info][gc,phases      ] GC(152)   Evacuate Collection Set: 0.9ms
[80.080s][info][gc,phases      ] GC(152)   Post Evacuate Collection Set: 0.6ms
[80.080s][info][gc,phases      ] GC(152)   Other: 0.1ms
[80.080s][info][gc,heap        ] GC(152) Eden regions: 634->0(634)
[80.080s][info][gc,heap        ] GC(152) Survivor regions: 5->5(80)
[80.080s][info][gc,heap        ] GC(152) Old regions: 55->55
[80.080s][info][gc,heap        ] GC(152) Archive regions: 0->0
[80.080s][info][gc,heap        ] GC(152) Humongous regions: 0->0
[80.080s][info][gc,metaspace   ] GC(152) Metaspace: 16643K(17344K)->16643K(17344K) NonClass: 14216K(14656K)->14216K(14656K) Class: 2426K(2688K)->2426K(2688K)
[80.080s][info][gc             ] GC(152) Pause Young (Normal) (G1 Evacuation Pause) 688M->54M(1066M) 2.243ms
[80.080s][info][gc,cpu         ] GC(152) User=0.00s Sys=0.00s Real=0.00s
[80.149s][info][gc,start       ] GC(153) Pause Young (Normal) (G1 Evacuation Pause)
[80.149s][info][gc,task        ] GC(153) Using 25 workers of 33 for evacuation
[80.151s][info][gc,phases      ] GC(153)   Pre Evacuate Collection Set: 0.2ms
[80.151s][info][gc,phases      ] GC(153)   Merge Heap Roots: 0.2ms
[80.151s][info][gc,phases      ] GC(153)   Evacuate Collection Set: 0.8ms
[80.151s][info][gc,phases      ] GC(153)   Post Evacuate Collection Set: 0.6ms
[80.151s][info][gc,phases      ] GC(153)   Other: 0.1ms
[80.151s][info][gc,heap        ] GC(153) Eden regions: 634->0(634)
[80.151s][info][gc,heap        ] GC(153) Survivor regions: 5->5(80)
[80.151s][info][gc,heap        ] GC(153) Old regions: 55->55
[80.151s][info][gc,heap        ] GC(153) Archive regions: 0->0
[80.151s][info][gc,heap        ] GC(153) Humongous regions: 0->0
[80.151s][info][gc,metaspace   ] GC(153) Metaspace: 16643K(17344K)->16643K(17344K) NonClass: 14216K(14656K)->14216K(14656K) Class: 2426K(2688K)->2426K(2688K)
[80.151s][info][gc             ] GC(153) Pause Young (Normal) (G1 Evacuation Pause) 688M->54M(1066M) 2.098ms
[80.151s][info][gc,cpu         ] GC(153) User=0.00s Sys=0.00s Real=0.00s
[80.221s][info][gc,start       ] GC(154) Pause Young (Normal) (G1 Evacuation Pause)
[80.221s][info][gc,task        ] GC(154) Using 25 workers of 33 for evacuation
[80.223s][info][gc,phases      ] GC(154)   Pre Evacuate Collection Set: 0.2ms
[80.223s][info][gc,phases      ] GC(154)   Merge Heap Roots: 0.2ms
[80.223s][info][gc,phases      ] GC(154)   Evacuate Collection Set: 0.7ms
[80.223s][info][gc,phases      ] GC(154)   Post Evacuate Collection Set: 0.6ms
[80.223s][info][gc,phases      ] GC(154)   Other: 0.1ms
[80.223s][info][gc,heap        ] GC(154) Eden regions: 634->0(634)
[80.223s][info][gc,heap        ] GC(154) Survivor regions: 5->5(80)
[80.223s][info][gc,heap        ] GC(154) Old regions: 55->55
[80.223s][info][gc,heap        ] GC(154) Archive regions: 0->0
[80.223s][info][gc,heap        ] GC(154) Humongous regions: 0->0
[80.223s][info][gc,metaspace   ] GC(154) Metaspace: 16643K(17344K)->16643K(17344K) NonClass: 14216K(14656K)->14216K(14656K) Class: 2426K(2688K)->2426K(2688K)
[80.223s][info][gc             ] GC(154) Pause Young (Normal) (G1 Evacuation Pause) 688M->54M(1066M) 2.050ms
[80.223s][info][gc,cpu         ] GC(154) User=0.00s Sys=0.00s Real=0.00s
[80.613s][info][gc,start       ] GC(155) Pause Young (Normal) (G1 Evacuation Pause)
[80.613s][info][gc,task        ] GC(155) Using 25 workers of 33 for evacuation
[80.686s][info][gc,phases      ] GC(155)   Pre Evacuate Collection Set: 0.2ms
[80.686s][info][gc,phases      ] GC(155)   Merge Heap Roots: 0.3ms
[80.686s][info][gc,phases      ] GC(155)   Evacuate Collection Set: 70.9ms
[80.686s][info][gc,phases      ] GC(155)   Post Evacuate Collection Set: 1.0ms
[80.686s][info][gc,phases      ] GC(155)   Other: 0.2ms
[80.686s][info][gc,heap        ] GC(155) Eden regions: 634->0(462)
[80.686s][info][gc,heap        ] GC(155) Survivor regions: 5->80(80)
[80.686s][info][gc,heap        ] GC(155) Old regions: 55->215
[80.686s][info][gc,heap        ] GC(155) Archive regions: 0->0
[80.686s][info][gc,heap        ] GC(155) Humongous regions: 1->1
[80.686s][info][gc,metaspace   ] GC(155) Metaspace: 16643K(17344K)->16643K(17344K) NonClass: 14216K(14656K)->14216K(14656K) Class: 2426K(2688K)->2426K(2688K)
[80.686s][info][gc             ] GC(155) Pause Young (Normal) (G1 Evacuation Pause) 689M->291M(1066M) 72.967ms
[80.686s][info][gc,cpu         ] GC(155) User=1.42s Sys=0.53s Real=0.08s
[84.035s][info][gc,start       ] GC(156) Pause Young (Concurrent Start) (G1 Evacuation Pause)
[84.035s][info][gc,task        ] GC(156) Using 25 workers of 33 for evacuation
[84.108s][info][gc,phases      ] GC(156)   Pre Evacuate Collection Set: 0.3ms
[84.108s][info][gc,phases      ] GC(156)   Merge Heap Roots: 0.8ms
[84.108s][info][gc,phases      ] GC(156)   Evacuate Collection Set: 71.1ms
[84.108s][info][gc,phases      ] GC(156)   Post Evacuate Collection Set: 1.1ms
[84.108s][info][gc,phases      ] GC(156)   Other: 0.1ms
[84.108s][info][gc,heap        ] GC(156) Eden regions: 462->0(317)
[84.108s][info][gc,heap        ] GC(156) Survivor regions: 80->68(68)
[84.108s][info][gc,heap        ] GC(156) Old regions: 215->409
[84.108s][info][gc,heap        ] GC(156) Archive regions: 0->0
[84.108s][info][gc,heap        ] GC(156) Humongous regions: 2->2
[84.109s][info][gc,metaspace   ] GC(156) Metaspace: 16643K(17344K)->16643K(17344K) NonClass: 14216K(14656K)->14216K(14656K) Class: 2426K(2688K)->2426K(2688K)
[84.109s][info][gc             ] GC(156) Pause Young (Concurrent Start) (G1 Evacuation Pause) 754M->474M(1066M) 73.712ms
[84.109s][info][gc             ] GC(157) Concurrent Mark Cycle
[84.109s][info][gc,cpu         ] GC(156) User=1.78s Sys=0.17s Real=0.08s
[84.109s][info][gc,marking     ] GC(157) Concurrent Scan Root Regions
[84.132s][info][gc,marking     ] GC(157) Concurrent Scan Root Regions 23.510ms
[84.132s][info][gc,marking     ] GC(157) Concurrent Mark
[84.132s][info][gc,marking     ] GC(157) Concurrent Mark From Roots
[84.132s][info][gc,task        ] GC(157) Using 8 workers of 8 for marking
[84.152s][info][gc,marking     ] GC(157) Concurrent Mark From Roots 20.161ms
[84.152s][info][gc,marking     ] GC(157) Concurrent Preclean
[84.152s][info][gc,marking     ] GC(157) Concurrent Preclean 0.033ms
[84.153s][info][gc,start       ] GC(157) Pause Remark
[84.154s][info][gc             ] GC(157) Pause Remark 476M->472M(1066M) 1.217ms
[84.154s][info][gc,cpu         ] GC(157) User=0.00s Sys=0.00s Real=0.00s
[84.154s][info][gc,marking     ] GC(157) Concurrent Mark 21.654ms
[84.154s][info][gc,marking     ] GC(157) Concurrent Rebuild Remembered Sets and Scrub Regions
[84.247s][info][gc,marking     ] GC(157) Concurrent Rebuild Remembered Sets and Scrub Regions 93.054ms
[84.250s][info][gc,start       ] GC(157) Pause Cleanup
[84.251s][info][gc             ] GC(157) Pause Cleanup 473M->473M(1066M) 0.386ms
[84.251s][info][gc,cpu         ] GC(157) User=0.00s Sys=0.00s Real=0.00s
[84.251s][info][gc,marking     ] GC(157) Concurrent Clear Claimed Marks
[84.251s][info][gc,marking     ] GC(157) Concurrent Clear Claimed Marks 0.046ms
[84.251s][info][gc,marking     ] GC(157) Concurrent Cleanup for Next Mark
[84.254s][info][gc,marking     ] GC(157) Concurrent Cleanup for Next Mark 2.888ms
[84.254s][info][gc             ] GC(157) Concurrent Mark Cycle 145.019ms
[89.925s][info][gc,start       ] GC(158) Pause Young (Prepare Mixed) (G1 Evacuation Pause)
[89.926s][info][gc,task        ] GC(158) Using 25 workers of 33 for evacuation
[89.974s][info][gc,phases      ] GC(158)   Pre Evacuate Collection Set: 0.2ms
[89.974s][info][gc,phases      ] GC(158)   Merge Heap Roots: 1.5ms
[89.974s][info][gc,phases      ] GC(158)   Evacuate Collection Set: 45.5ms
[89.974s][info][gc,phases      ] GC(158)   Post Evacuate Collection Set: 0.9ms
[89.974s][info][gc,phases      ] GC(158)   Other: 0.2ms
[89.974s][info][gc,heap        ] GC(158) Eden regions: 317->0(207)
[89.974s][info][gc,heap        ] GC(158) Survivor regions: 68->49(49)
[89.974s][info][gc,heap        ] GC(158) Old regions: 406->502
[89.974s][info][gc,heap        ] GC(158) Archive regions: 0->0
[89.974s][info][gc,heap        ] GC(158) Humongous regions: 1->1
[89.974s][info][gc,metaspace   ] GC(158) Metaspace: 16651K(17344K)->16651K(17344K) NonClass: 14224K(14656K)->14224K(14656K) Class: 2426K(2688K)->2426K(2688K)
[89.974s][info][gc             ] GC(158) Pause Young (Prepare Mixed) (G1 Evacuation Pause) 787M->547M(1066M) 48.549ms
[89.974s][info][gc,cpu         ] GC(158) User=1.17s Sys=0.00s Real=0.05s
[90.120s][info][gc,start       ] GC(159) Pause Young (Mixed) (G1 Evacuation Pause)
[90.120s][info][gc,task        ] GC(159) Using 25 workers of 33 for evacuation
[90.161s][info][gc,phases      ] GC(159)   Pre Evacuate Collection Set: 0.2ms
[90.161s][info][gc,phases      ] GC(159)   Merge Heap Roots: 1.2ms
[90.161s][info][gc,phases      ] GC(159)   Evacuate Collection Set: 39.4ms
[90.161s][info][gc,phases      ] GC(159)   Post Evacuate Collection Set: 0.4ms
[90.161s][info][gc,phases      ] GC(159)   Other: 0.1ms
[90.161s][info][gc,heap        ] GC(159) Eden regions: 166->0(231)
[90.161s][info][gc,heap        ] GC(159) Survivor regions: 49->27(27)
[90.161s][info][gc,heap        ] GC(159) Old regions: 502->585
[90.161s][info][gc,heap        ] GC(159) Archive regions: 0->0
[90.161s][info][gc,heap        ] GC(159) Humongous regions: 1->1
[90.161s][info][gc,metaspace   ] GC(159) Metaspace: 16651K(17344K)->16651K(17344K) NonClass: 14224K(14656K)->14224K(14656K) Class: 2426K(2688K)->2426K(2688K)
[90.161s][info][gc             ] GC(159) Pause Young (Mixed) (G1 Evacuation Pause) 713M->608M(1066M) 41.693ms
[90.161s][info][gc,cpu         ] GC(159) User=0.78s Sys=0.00s Real=0.03s
[90.366s][info][gc,start       ] GC(160) Pause Young (Mixed) (G1 Evacuation Pause)
[90.366s][info][gc,task        ] GC(160) Using 25 workers of 33 for evacuation
[90.404s][info][gc,phases      ] GC(160)   Pre Evacuate Collection Set: 0.2ms
[90.404s][info][gc,phases      ] GC(160)   Merge Heap Roots: 0.3ms
[90.404s][info][gc,phases      ] GC(160)   Evacuate Collection Set: 36.8ms
[90.404s][info][gc,phases      ] GC(160)   Post Evacuate Collection Set: 0.5ms
[90.404s][info][gc,phases      ] GC(160)   Other: 0.2ms
[90.404s][info][gc,heap        ] GC(160) Eden regions: 231->0(224)
[90.405s][info][gc,heap        ] GC(160) Survivor regions: 27->33(33)
[90.405s][info][gc,heap        ] GC(160) Old regions: 585->585
[90.405s][info][gc,heap        ] GC(160) Archive regions: 0->0
[90.405s][info][gc,heap        ] GC(160) Humongous regions: 1->1
[90.405s][info][gc,metaspace   ] GC(160) Metaspace: 16651K(17344K)->16651K(17344K) NonClass: 14224K(14656K)->14224K(14656K) Class: 2426K(2688K)->2426K(2688K)
[90.405s][info][gc             ] GC(160) Pause Young (Mixed) (G1 Evacuation Pause) 839M->614M(1066M) 38.273ms
[90.405s][info][gc,cpu         ] GC(160) User=1.17s Sys=0.00s Real=0.05s
[90.604s][info][gc,start       ] GC(161) Pause Young (Concurrent Start) (G1 Evacuation Pause)
[90.604s][info][gc,task        ] GC(161) Using 25 workers of 33 for evacuation
[90.642s][info][gc,phases      ] GC(161)   Pre Evacuate Collection Set: 0.4ms
[90.642s][info][gc,phases      ] GC(161)   Merge Heap Roots: 0.3ms
[90.642s][info][gc,phases      ] GC(161)   Evacuate Collection Set: 36.6ms
[90.642s][info][gc,phases      ] GC(161)   Post Evacuate Collection Set: 0.5ms
[90.642s][info][gc,phases      ] GC(161)   Other: 0.1ms
[90.642s][info][gc,heap        ] GC(161) Eden regions: 224->0(173)
[90.642s][info][gc,heap        ] GC(161) Survivor regions: 33->33(33)
[90.642s][info][gc,heap        ] GC(161) Old regions: 585->685
[90.642s][info][gc,heap        ] GC(161) Archive regions: 0->0
[90.642s][info][gc,heap        ] GC(161) Humongous regions: 1->1
[90.642s][info][gc,metaspace   ] GC(161) Metaspace: 16651K(17344K)->16651K(17344K) NonClass: 14224K(14656K)->14224K(14656K) Class: 2426K(2688K)->2426K(2688K)
[90.642s][info][gc             ] GC(161) Pause Young (Concurrent Start) (G1 Evacuation Pause) 838M->714M(1066M) 38.243ms
[90.642s][info][gc             ] GC(162) Concurrent Mark Cycle
[90.642s][info][gc,cpu         ] GC(161) User=1.17s Sys=0.00s Real=0.05s
[90.642s][info][gc,marking     ] GC(162) Concurrent Scan Root Regions
[90.657s][info][gc,marking     ] GC(162) Concurrent Scan Root Regions 14.646ms
[90.657s][info][gc,marking     ] GC(162) Concurrent Mark
[90.657s][info][gc,marking     ] GC(162) Concurrent Mark From Roots
[90.657s][info][gc,task        ] GC(162) Using 8 workers of 8 for marking
[90.738s][info][gc,marking     ] GC(162) Concurrent Mark From Roots 81.001ms
[90.738s][info][gc,marking     ] GC(162) Concurrent Preclean
[90.738s][info][gc,marking     ] GC(162) Concurrent Preclean 0.069ms
[90.738s][info][gc,start       ] GC(162) Pause Remark
[90.740s][info][gc             ] GC(162) Pause Remark 777M->509M(1066M) 1.730ms
[90.740s][info][gc,cpu         ] GC(162) User=0.00s Sys=0.00s Real=0.00s
[90.740s][info][gc,marking     ] GC(162) Concurrent Mark 83.091ms
[90.740s][info][gc,marking     ] GC(162) Concurrent Rebuild Remembered Sets and Scrub Regions
[90.888s][info][gc,marking     ] GC(162) Concurrent Rebuild Remembered Sets and Scrub Regions 147.742ms
[90.888s][info][gc,start       ] GC(162) Pause Cleanup
[90.888s][info][gc             ] GC(162) Pause Cleanup 532M->532M(1066M) 0.339ms
[90.888s][info][gc,cpu         ] GC(162) User=0.00s Sys=0.00s Real=0.00s
[90.888s][info][gc,marking     ] GC(162) Concurrent Clear Claimed Marks
[90.888s][info][gc,marking     ] GC(162) Concurrent Clear Claimed Marks 0.043ms
[90.888s][info][gc,marking     ] GC(162) Concurrent Cleanup for Next Mark
[90.889s][info][gc,marking     ] GC(162) Concurrent Cleanup for Next Mark 0.700ms
[90.889s][info][gc             ] GC(162) Concurrent Mark Cycle 246.986ms
[91.606s][info][gc,start       ] GC(163) Pause Young (Prepare Mixed) (G1 Evacuation Pause)
[91.606s][info][gc,task        ] GC(163) Using 25 workers of 33 for evacuation
[91.661s][info][gc,phases      ] GC(163)   Pre Evacuate Collection Set: 0.2ms
[91.661s][info][gc,phases      ] GC(163)   Merge Heap Roots: 2.2ms
[91.661s][info][gc,phases      ] GC(163)   Evacuate Collection Set: 51.5ms
[91.661s][info][gc,phases      ] GC(163)   Post Evacuate Collection Set: 1.1ms
[91.661s][info][gc,phases      ] GC(163)   Other: 0.1ms
[91.661s][info][gc,heap        ] GC(163) Eden regions: 173->0(265)
[91.661s][info][gc,heap        ] GC(163) Survivor regions: 33->26(26)
[91.661s][info][gc,heap        ] GC(163) Old regions: 418->496
[91.661s][info][gc,heap        ] GC(163) Archive regions: 0->0
[91.661s][info][gc,heap        ] GC(163) Humongous regions: 6->6
[91.661s][info][gc,metaspace   ] GC(163) Metaspace: 16651K(17344K)->16651K(17344K) NonClass: 14224K(14656K)->14224K(14656K) Class: 2426K(2688K)->2426K(2688K)
[91.661s][info][gc             ] GC(163) Pause Young (Prepare Mixed) (G1 Evacuation Pause) 625M->523M(1066M) 55.572ms
[91.661s][info][gc,cpu         ] GC(163) User=1.17s Sys=0.00s Real=0.05s
[92.114s][info][gc,start       ] GC(164) Pause Young (Mixed) (G1 Evacuation Pause)
[92.114s][info][gc,task        ] GC(164) Using 25 workers of 33 for evacuation
[92.144s][info][gc,phases      ] GC(164)   Pre Evacuate Collection Set: 0.2ms
[92.144s][info][gc,phases      ] GC(164)   Merge Heap Roots: 1.6ms
[92.144s][info][gc,phases      ] GC(164)   Evacuate Collection Set: 27.0ms
[92.144s][info][gc,phases      ] GC(164)   Post Evacuate Collection Set: 0.6ms
[92.144s][info][gc,phases      ] GC(164)   Other: 0.2ms
[92.144s][info][gc,heap        ] GC(164) Eden regions: 254->0(293)
[92.144s][info][gc,heap        ] GC(164) Survivor regions: 26->6(35)
[92.144s][info][gc,heap        ] GC(164) Old regions: 496->507
[92.144s][info][gc,heap        ] GC(164) Archive regions: 0->0
[92.144s][info][gc,heap        ] GC(164) Humongous regions: 6->6
[92.144s][info][gc,metaspace   ] GC(164) Metaspace: 16651K(17344K)->16651K(17344K) NonClass: 14224K(14656K)->14224K(14656K) Class: 2426K(2688K)->2426K(2688K)
[92.144s][info][gc             ] GC(164) Pause Young (Mixed) (G1 Evacuation Pause) 777M->514M(1066M) 29.874ms
[92.144s][info][gc,cpu         ] GC(164) User=0.78s Sys=0.00s Real=0.03s
[94.052s][info][gc,start       ] GC(165) Pause Full (System.gc())
[94.052s][info][gc,task        ] GC(165) Using 25 workers of 33 for full compaction
[94.054s][info][gc,phases,start] GC(165) Phase 1: Mark live objects
[94.065s][info][gc,phases      ] GC(165) Phase 1: Mark live objects 11.106ms
[94.065s][info][gc,phases,start] GC(165) Phase 2: Prepare compaction
[94.067s][info][gc,phases      ] GC(165) Phase 2: Prepare compaction 1.914ms
[94.067s][info][gc,phases,start] GC(165) Phase 3: Adjust pointers
[94.070s][info][gc,phases      ] GC(165) Phase 3: Adjust pointers 3.546ms
[94.070s][info][gc,phases,start] GC(165) Phase 4: Compact heap
[94.071s][info][gc,phases      ] GC(165) Phase 4: Compact heap 1.085ms
[94.077s][info][gc,heap        ] GC(165) Eden regions: 293->0(36)
[94.077s][info][gc,heap        ] GC(165) Survivor regions: 6->0(35)
[94.078s][info][gc,heap        ] GC(165) Old regions: 507->27
[94.078s][info][gc,heap        ] GC(165) Archive regions: 0->0
[94.078s][info][gc,heap        ] GC(165) Humongous regions: 6->0
[94.078s][info][gc,metaspace   ] GC(165) Metaspace: 16651K(17344K)->16651K(17344K) NonClass: 14224K(14656K)->14224K(14656K) Class: 2426K(2688K)->2426K(2688K)
[94.078s][info][gc             ] GC(165) Pause Full (System.gc()) 806M->13M(90M) 25.423ms
[94.078s][info][gc,cpu         ] GC(165) User=0.09s Sys=0.02s Real=0.03s
[94.976s][info][gc,start       ] GC(166) Pause Young (Concurrent Start) (G1 Evacuation Pause)
[94.976s][info][gc,task        ] GC(166) Using 13 workers of 33 for evacuation
[94.983s][info][gc,phases      ] GC(166)   Pre Evacuate Collection Set: 0.2ms
[94.983s][info][gc,phases      ] GC(166)   Merge Heap Roots: 0.1ms
[94.983s][info][gc,phases      ] GC(166)   Evacuate Collection Set: 1.4ms
[94.983s][info][gc,phases      ] GC(166)   Post Evacuate Collection Set: 5.4ms
[94.983s][info][gc,phases      ] GC(166)   Other: 0.1ms
[94.983s][info][gc,heap        ] GC(166) Eden regions: 36->0(549)
[94.983s][info][gc,heap        ] GC(166) Survivor regions: 0->5(5)
[94.983s][info][gc,heap        ] GC(166) Old regions: 27->27
[94.983s][info][gc,heap        ] GC(166) Archive regions: 0->0
[94.983s][info][gc,heap        ] GC(166) Humongous regions: 0->0
[94.983s][info][gc,metaspace   ] GC(166) Metaspace: 16654K(17344K)->16654K(17344K) NonClass: 14228K(14656K)->14228K(14656K) Class: 2426K(2688K)->2426K(2688K)
[94.983s][info][gc             ] GC(166) Pause Young (Concurrent Start) (G1 Evacuation Pause) 49M->18M(1069M) 7.395ms
[94.983s][info][gc             ] GC(167) Concurrent Mark Cycle
[94.983s][info][gc,cpu         ] GC(166) User=0.02s Sys=0.00s Real=0.01s
[94.983s][info][gc,marking     ] GC(167) Concurrent Scan Root Regions
[94.984s][info][gc,marking     ] GC(167) Concurrent Scan Root Regions 1.138ms
[94.984s][info][gc,marking     ] GC(167) Concurrent Mark
[94.984s][info][gc,marking     ] GC(167) Concurrent Mark From Roots
[94.984s][info][gc,task        ] GC(167) Using 8 workers of 8 for marking
[94.989s][info][gc,marking     ] GC(167) Concurrent Mark From Roots 5.071ms
[94.989s][info][gc,marking     ] GC(167) Concurrent Preclean
[94.989s][info][gc,marking     ] GC(167) Concurrent Preclean 0.030ms
[94.989s][info][gc,start       ] GC(167) Pause Remark
[94.990s][info][gc             ] GC(167) Pause Remark 19M->19M(110M) 1.040ms
[94.991s][info][gc,cpu         ] GC(167) User=0.00s Sys=0.00s Real=0.00s
[94.994s][info][gc,marking     ] GC(167) Concurrent Mark 10.315ms
[94.995s][info][gc,marking     ] GC(167) Concurrent Rebuild Remembered Sets and Scrub Regions
[94.997s][info][gc,marking     ] GC(167) Concurrent Rebuild Remembered Sets and Scrub Regions 2.763ms
[94.997s][info][gc,start       ] GC(167) Pause Cleanup
[94.998s][info][gc             ] GC(167) Pause Cleanup 19M->19M(110M) 0.125ms
[94.998s][info][gc,cpu         ] GC(167) User=0.00s Sys=0.00s Real=0.00s
[94.998s][info][gc,marking     ] GC(167) Concurrent Clear Claimed Marks
[94.998s][info][gc,marking     ] GC(167) Concurrent Clear Claimed Marks 0.025ms
[94.998s][info][gc,marking     ] GC(167) Concurrent Cleanup for Next Mark
[94.998s][info][gc,marking     ] GC(167) Concurrent Cleanup for Next Mark 0.287ms
[94.998s][info][gc             ] GC(167) Concurrent Mark Cycle 15.028ms
[95.900s][info][gc,start       ] GC(168) Pause Young (Prepare Mixed) (G1 Evacuation Pause)
[95.900s][info][gc,task        ] GC(168) Using 7 workers of 33 for evacuation
[95.903s][info][gc,phases      ] GC(168)   Pre Evacuate Collection Set: 0.2ms
[95.903s][info][gc,phases      ] GC(168)   Merge Heap Roots: 0.1ms
[95.903s][info][gc,phases      ] GC(168)   Evacuate Collection Set: 1.6ms
[95.903s][info][gc,phases      ] GC(168)   Post Evacuate Collection Set: 0.5ms
[95.903s][info][gc,phases      ] GC(168)   Other: 0.1ms
[95.903s][info][gc,heap        ] GC(168) Eden regions: 61->0(51)
[95.903s][info][gc,heap        ] GC(168) Survivor regions: 5->3(9)
[95.903s][info][gc,heap        ] GC(168) Old regions: 27->27
[95.903s][info][gc,heap        ] GC(168) Archive regions: 0->0
[95.903s][info][gc,heap        ] GC(168) Humongous regions: 0->0
[95.903s][info][gc,metaspace   ] GC(168) Metaspace: 16654K(17344K)->16654K(17344K) NonClass: 14228K(14656K)->14228K(14656K) Class: 2426K(2688K)->2426K(2688K)
[95.903s][info][gc             ] GC(168) Pause Young (Prepare Mixed) (G1 Evacuation Pause) 79M->15M(110M) 3.078ms
[95.903s][info][gc,cpu         ] GC(168) User=0.00s Sys=0.00s Real=0.00s
[95.912s][info][gc,start       ] GC(169) Pause Young (Mixed) (G1 Evacuation Pause)
[95.912s][info][gc,task        ] GC(169) Using 4 workers of 33 for evacuation
[95.916s][info][gc,phases      ] GC(169)   Pre Evacuate Collection Set: 0.1ms
[95.916s][info][gc,phases      ] GC(169)   Merge Heap Roots: 0.1ms
[95.916s][info][gc,phases      ] GC(169)   Evacuate Collection Set: 3.0ms
[95.916s][info][gc,phases      ] GC(169)   Post Evacuate Collection Set: 0.4ms
[95.916s][info][gc,phases      ] GC(169)   Other: 0.1ms
[95.916s][info][gc,heap        ] GC(169) Eden regions: 51->0(59)
[95.916s][info][gc,heap        ] GC(169) Survivor regions: 3->2(7)
[95.916s][info][gc,heap        ] GC(169) Old regions: 27->20
[95.916s][info][gc,heap        ] GC(169) Archive regions: 0->0
[95.916s][info][gc,heap        ] GC(169) Humongous regions: 0->0
[95.916s][info][gc,metaspace   ] GC(169) Metaspace: 16654K(17344K)->16654K(17344K) NonClass: 14228K(14656K)->14228K(14656K) Class: 2426K(2688K)->2426K(2688K)
[95.916s][info][gc             ] GC(169) Pause Young (Mixed) (G1 Evacuation Pause) 66M->15M(110M) 4.122ms
[95.916s][info][gc,cpu         ] GC(169) User=0.00s Sys=0.00s Real=0.00s
[95.924s][info][gc,start       ] GC(170) Pause Young (Concurrent Start) (G1 Evacuation Pause)
[95.924s][info][gc,task        ] GC(170) Using 3 workers of 33 for evacuation
[95.927s][info][gc,phases      ] GC(170)   Pre Evacuate Collection Set: 0.2ms
[95.928s][info][gc,phases      ] GC(170)   Merge Heap Roots: 0.1ms
[95.928s][info][gc,phases      ] GC(170)   Evacuate Collection Set: 2.7ms
[95.928s][info][gc,phases      ] GC(170)   Post Evacuate Collection Set: 0.4ms
[95.928s][info][gc,phases      ] GC(170)   Other: 0.1ms
[95.928s][info][gc,heap        ] GC(170) Eden regions: 59->0(62)
[95.928s][info][gc,heap        ] GC(170) Survivor regions: 2->2(8)
[95.928s][info][gc,heap        ] GC(170) Old regions: 20->20
[95.928s][info][gc,heap        ] GC(170) Archive regions: 0->0
[95.928s][info][gc,heap        ] GC(170) Humongous regions: 0->0
[95.928s][info][gc,metaspace   ] GC(170) Metaspace: 16654K(17344K)->16654K(17344K) NonClass: 14228K(14656K)->14228K(14656K) Class: 2426K(2688K)->2426K(2688K)
[95.928s][info][gc             ] GC(170) Pause Young (Concurrent Start) (G1 Evacuation Pause) 74M->15M(110M) 3.724ms
[95.928s][info][gc             ] GC(171) Concurrent Mark Cycle
[95.928s][info][gc,cpu         ] GC(170) User=0.00s Sys=0.00s Real=0.00s
[95.928s][info][gc,marking     ] GC(171) Concurrent Scan Root Regions
[95.930s][info][gc,marking     ] GC(171) Concurrent Scan Root Regions 2.090ms
[95.936s][info][gc,start       ] GC(172) Pause Young (Normal) (G1 Evacuation Pause)
[95.937s][info][gc,marking     ] GC(171) Concurrent Mark
[95.937s][info][gc,marking     ] GC(171) Concurrent Mark From Roots
[95.937s][info][gc,task        ] GC(172) Using 2 workers of 33 for evacuation
[95.937s][info][gc,task        ] GC(171) Using 8 workers of 8 for marking
[95.942s][info][gc,phases      ] GC(172)   Pre Evacuate Collection Set: 0.1ms
[95.942s][info][gc,phases      ] GC(172)   Merge Heap Roots: 0.1ms
[95.942s][info][gc,phases      ] GC(172)   Evacuate Collection Set: 3.6ms
[95.942s][info][gc,phases      ] GC(172)   Post Evacuate Collection Set: 0.3ms
[95.942s][info][gc,phases      ] GC(172)   Other: 0.1ms
[95.942s][info][gc,heap        ] GC(172) Eden regions: 62->0(64)
[95.942s][info][gc,heap        ] GC(172) Survivor regions: 2->2(8)
[95.942s][info][gc,heap        ] GC(172) Old regions: 20->20
[95.942s][info][gc,heap        ] GC(172) Archive regions: 0->0
[95.942s][info][gc,heap        ] GC(172) Humongous regions: 0->0
[95.942s][info][gc,metaspace   ] GC(172) Metaspace: 16654K(17344K)->16654K(17344K) NonClass: 14228K(14656K)->14228K(14656K) Class: 2426K(2688K)->2426K(2688K)
[95.942s][info][gc             ] GC(172) Pause Young (Normal) (G1 Evacuation Pause) 77M->15M(110M) 5.690ms
[95.942s][info][gc,cpu         ] GC(172) User=0.00s Sys=0.00s Real=0.00s
[95.952s][info][gc,start       ] GC(173) Pause Young (Normal) (G1 Evacuation Pause)
[95.952s][info][gc,task        ] GC(173) Using 2 workers of 33 for evacuation
[95.965s][info][gc,phases      ] GC(173)   Pre Evacuate Collection Set: 0.1ms
[95.965s][info][gc,phases      ] GC(173)   Merge Heap Roots: 0.1ms
[95.965s][info][gc,phases      ] GC(173)   Evacuate Collection Set: 3.5ms
[95.965s][info][gc,phases      ] GC(173)   Post Evacuate Collection Set: 8.4ms
[95.965s][info][gc,phases      ] GC(173)   Other: 0.1ms
[95.965s][info][gc,heap        ] GC(173) Eden regions: 64->0(408)
[95.965s][info][gc,heap        ] GC(173) Survivor regions: 2->2(9)
[95.965s][info][gc,heap        ] GC(173) Old regions: 20->20
[95.965s][info][gc,heap        ] GC(173) Archive regions: 0->0
[95.965s][info][gc,heap        ] GC(173) Humongous regions: 0->0
[95.965s][info][gc,metaspace   ] GC(173) Metaspace: 16654K(17344K)->16654K(17344K) NonClass: 14228K(14656K)->14228K(14656K) Class: 2426K(2688K)->2426K(2688K)
[95.965s][info][gc             ] GC(173) Pause Young (Normal) (G1 Evacuation Pause) 79M->15M(1079M) 12.548ms
[95.965s][info][gc,cpu         ] GC(173) User=0.00s Sys=0.00s Real=0.00s
[95.965s][info][gc,marking     ] GC(171) Concurrent Mark From Roots 27.813ms
[95.965s][info][gc,marking     ] GC(171) Concurrent Preclean
[95.965s][info][gc,marking     ] GC(171) Concurrent Preclean 0.052ms
[95.966s][info][gc,start       ] GC(171) Pause Remark
[95.969s][info][gc             ] GC(171) Pause Remark 17M->17M(80M) 3.384ms
[95.969s][info][gc,cpu         ] GC(171) User=0.03s Sys=0.00s Real=0.02s
[95.969s][info][gc,marking     ] GC(171) Concurrent Mark 31.798ms
[95.969s][info][gc,marking     ] GC(171) Concurrent Rebuild Remembered Sets and Scrub Regions
[95.974s][info][gc,marking     ] GC(171) Concurrent Rebuild Remembered Sets and Scrub Regions 4.509ms
[95.974s][info][gc,start       ] GC(171) Pause Cleanup
[95.974s][info][gc             ] GC(171) Pause Cleanup 44M->44M(80M) 0.126ms
[95.974s][info][gc,cpu         ] GC(171) User=0.00s Sys=0.00s Real=0.00s
[95.974s][info][gc,marking     ] GC(171) Concurrent Clear Claimed Marks
[95.974s][info][gc,marking     ] GC(171) Concurrent Clear Claimed Marks 0.067ms
[95.974s][info][gc,marking     ] GC(171) Concurrent Cleanup for Next Mark
[95.975s][info][gc,marking     ] GC(171) Concurrent Cleanup for Next Mark 0.240ms
[95.975s][info][gc             ] GC(171) Concurrent Mark Cycle 46.760ms
[95.978s][info][gc,start       ] GC(174) Pause Young (Prepare Mixed) (G1 Evacuation Pause)
[95.979s][info][gc,task        ] GC(174) Using 2 workers of 33 for evacuation
[95.983s][info][gc,phases      ] GC(174)   Pre Evacuate Collection Set: 0.1ms
[95.983s][info][gc,phases      ] GC(174)   Merge Heap Roots: 0.1ms
[95.983s][info][gc,phases      ] GC(174)   Evacuate Collection Set: 3.8ms
[95.983s][info][gc,phases      ] GC(174)   Post Evacuate Collection Set: 0.4ms
[95.983s][info][gc,phases      ] GC(174)   Other: 0.1ms
[95.983s][info][gc,heap        ] GC(174) Eden regions: 58->0(47)
[95.983s][info][gc,heap        ] GC(174) Survivor regions: 2->2(54)
[95.983s][info][gc,heap        ] GC(174) Old regions: 20->20
[95.983s][info][gc,heap        ] GC(174) Archive regions: 0->0
[95.983s][info][gc,heap        ] GC(174) Humongous regions: 0->0
[95.983s][info][gc,metaspace   ] GC(174) Metaspace: 16654K(17344K)->16654K(17344K) NonClass: 14228K(14656K)->14228K(14656K) Class: 2426K(2688K)->2426K(2688K)
[95.983s][info][gc             ] GC(174) Pause Young (Prepare Mixed) (G1 Evacuation Pause) 73M->15M(82M) 4.674ms
[95.983s][info][gc,cpu         ] GC(174) User=0.00s Sys=0.00s Real=0.00s
[95.990s][info][gc,start       ] GC(175) Pause Young (Mixed) (G1 Evacuation Pause)
[95.990s][info][gc,task        ] GC(175) Using 2 workers of 33 for evacuation
[95.996s][info][gc,phases      ] GC(175)   Pre Evacuate Collection Set: 0.1ms
[95.996s][info][gc,phases      ] GC(175)   Merge Heap Roots: 0.1ms
[95.996s][info][gc,phases      ] GC(175)   Evacuate Collection Set: 5.7ms
[95.996s][info][gc,phases      ] GC(175)   Post Evacuate Collection Set: 0.3ms
[95.996s][info][gc,phases      ] GC(175)   Other: 0.1ms
[95.996s][info][gc,heap        ] GC(175) Eden regions: 47->0(47)
[95.996s][info][gc,heap        ] GC(175) Survivor regions: 2->2(7)
[95.996s][info][gc,heap        ] GC(175) Old regions: 20->18
[95.996s][info][gc,heap        ] GC(175) Archive regions: 0->0
[95.996s][info][gc,heap        ] GC(175) Humongous regions: 0->0
[95.996s][info][gc,metaspace   ] GC(175) Metaspace: 16654K(17344K)->16654K(17344K) NonClass: 14228K(14656K)->14228K(14656K) Class: 2426K(2688K)->2426K(2688K)
[95.996s][info][gc             ] GC(175) Pause Young (Mixed) (G1 Evacuation Pause) 62M->15M(82M) 6.543ms
[95.996s][info][gc,cpu         ] GC(175) User=0.00s Sys=0.00s Real=0.00s
[96.003s][info][gc,start       ] GC(176) Pause Young (Concurrent Start) (G1 Evacuation Pause)
[96.004s][info][gc,task        ] GC(176) Using 2 workers of 33 for evacuation
[96.009s][info][gc,phases      ] GC(176)   Pre Evacuate Collection Set: 0.2ms
[96.009s][info][gc,phases      ] GC(176)   Merge Heap Roots: 0.1ms
[96.009s][info][gc,phases      ] GC(176)   Evacuate Collection Set: 4.4ms
[96.009s][info][gc,phases      ] GC(176)   Post Evacuate Collection Set: 0.3ms
[96.009s][info][gc,phases      ] GC(176)   Other: 0.1ms
[96.009s][info][gc,heap        ] GC(176) Eden regions: 47->0(47)
[96.009s][info][gc,heap        ] GC(176) Survivor regions: 2->2(7)
[96.009s][info][gc,heap        ] GC(176) Old regions: 18->18
[96.009s][info][gc,heap        ] GC(176) Archive regions: 0->0
[96.009s][info][gc,heap        ] GC(176) Humongous regions: 0->0
[96.009s][info][gc,metaspace   ] GC(176) Metaspace: 16654K(17344K)->16654K(17344K) NonClass: 14228K(14656K)->14228K(14656K) Class: 2426K(2688K)->2426K(2688K)
[96.009s][info][gc             ] GC(176) Pause Young (Concurrent Start) (G1 Evacuation Pause) 62M->15M(82M) 5.326ms
[96.009s][info][gc,cpu         ] GC(176) User=0.00s Sys=0.00s Real=0.00s
[96.009s][info][gc             ] GC(177) Concurrent Mark Cycle
[96.009s][info][gc,marking     ] GC(177) Concurrent Scan Root Regions
[96.013s][info][gc,marking     ] GC(177) Concurrent Scan Root Regions 3.593ms
[96.013s][info][gc,marking     ] GC(177) Concurrent Mark
[96.013s][info][gc,marking     ] GC(177) Concurrent Mark From Roots
[96.013s][info][gc,task        ] GC(177) Using 8 workers of 8 for marking
[96.016s][info][gc,start       ] GC(178) Pause Young (Normal) (G1 Evacuation Pause)
[96.016s][info][gc,task        ] GC(178) Using 2 workers of 33 for evacuation
[96.030s][info][gc,phases      ] GC(178)   Pre Evacuate Collection Set: 0.1ms
[96.030s][info][gc,phases      ] GC(178)   Merge Heap Roots: 0.1ms
[96.030s][info][gc,phases      ] GC(178)   Evacuate Collection Set: 3.0ms
[96.030s][info][gc,phases      ] GC(178)   Post Evacuate Collection Set: 10.5ms
[96.030s][info][gc,phases      ] GC(178)   Other: 0.1ms
[96.030s][info][gc,heap        ] GC(178) Eden regions: 47->0(565)
[96.030s][info][gc,heap        ] GC(178) Survivor regions: 2->2(7)
[96.030s][info][gc,heap        ] GC(178) Old regions: 18->18
[96.030s][info][gc,heap        ] GC(178) Archive regions: 0->0
[96.030s][info][gc,heap        ] GC(178) Humongous regions: 0->0
[96.030s][info][gc,metaspace   ] GC(178) Metaspace: 16654K(17344K)->16654K(17344K) NonClass: 14228K(14656K)->14228K(14656K) Class: 2426K(2688K)->2426K(2688K)
[96.030s][info][gc             ] GC(178) Pause Young (Normal) (G1 Evacuation Pause) 62M->15M(1065M) 14.025ms
[96.030s][info][gc,cpu         ] GC(178) User=0.02s Sys=0.00s Real=0.02s
[96.041s][info][gc,marking     ] GC(177) Concurrent Mark From Roots 28.544ms
[96.041s][info][gc,marking     ] GC(177) Concurrent Preclean
[96.041s][info][gc,marking     ] GC(177) Concurrent Preclean 0.063ms
[96.042s][info][gc,start       ] GC(177) Pause Remark
[96.046s][info][gc             ] GC(177) Pause Remark 27M->27M(107M) 4.021ms
[96.046s][info][gc,cpu         ] GC(177) User=0.00s Sys=0.00s Real=0.00s
[96.046s][info][gc,marking     ] GC(177) Concurrent Mark 33.298ms
[96.046s][info][gc,marking     ] GC(177) Concurrent Rebuild Remembered Sets and Scrub Regions
[96.051s][info][gc,marking     ] GC(177) Concurrent Rebuild Remembered Sets and Scrub Regions 4.719ms
[96.051s][info][gc,start       ] GC(177) Pause Cleanup
[96.051s][info][gc             ] GC(177) Pause Cleanup 57M->57M(107M) 0.115ms
[96.051s][info][gc,cpu         ] GC(177) User=0.00s Sys=0.00s Real=0.00s
[96.051s][info][gc,marking     ] GC(177) Concurrent Clear Claimed Marks
[96.051s][info][gc,marking     ] GC(177) Concurrent Clear Claimed Marks 0.046ms
[96.051s][info][gc,marking     ] GC(177) Concurrent Cleanup for Next Mark
[96.052s][info][gc,marking     ] GC(177) Concurrent Cleanup for Next Mark 0.305ms
[96.052s][info][gc             ] GC(177) Concurrent Mark Cycle 42.760ms
[96.057s][info][gc,start       ] GC(179) Pause Young (Prepare Mixed) (G1 Evacuation Pause)
[96.057s][info][gc,task        ] GC(179) Using 2 workers of 33 for evacuation
[96.062s][info][gc,phases      ] GC(179)   Pre Evacuate Collection Set: 0.1ms
[96.062s][info][gc,phases      ] GC(179)   Merge Heap Roots: 0.1ms
[96.062s][info][gc,phases      ] GC(179)   Evacuate Collection Set: 4.3ms
[96.062s][info][gc,phases      ] GC(179)   Post Evacuate Collection Set: 0.4ms
[96.062s][info][gc,phases      ] GC(179)   Other: 0.1ms
[96.062s][info][gc,heap        ] GC(179) Eden regions: 87->0(63)
[96.062s][info][gc,heap        ] GC(179) Survivor regions: 2->2(73)
[96.062s][info][gc,heap        ] GC(179) Old regions: 18->18
[96.062s][info][gc,heap        ] GC(179) Archive regions: 0->0
[96.062s][info][gc,heap        ] GC(179) Humongous regions: 0->0
[96.062s][info][gc,metaspace   ] GC(179) Metaspace: 16654K(17344K)->16654K(17344K) NonClass: 14228K(14656K)->14228K(14656K) Class: 2426K(2688K)->2426K(2688K)
[96.062s][info][gc             ] GC(179) Pause Young (Prepare Mixed) (G1 Evacuation Pause) 102M->15M(109M) 5.155ms
[96.062s][info][gc,cpu         ] GC(179) User=0.03s Sys=0.00s Real=0.02s
[96.070s][info][gc,start       ] GC(180) Pause Young (Mixed) (G1 Evacuation Pause)
[96.070s][info][gc,task        ] GC(180) Using 2 workers of 33 for evacuation
[96.075s][info][gc,phases      ] GC(180)   Pre Evacuate Collection Set: 0.1ms
[96.075s][info][gc,phases      ] GC(180)   Merge Heap Roots: 0.1ms
[96.075s][info][gc,phases      ] GC(180)   Evacuate Collection Set: 5.1ms
[96.075s][info][gc,phases      ] GC(180)   Post Evacuate Collection Set: 0.3ms
[96.075s][info][gc,phases      ] GC(180)   Other: 0.1ms
[96.075s][info][gc,heap        ] GC(180) Eden regions: 63->0(63)
[96.076s][info][gc,heap        ] GC(180) Survivor regions: 2->2(9)
[96.076s][info][gc,heap        ] GC(180) Old regions: 18->17
[96.076s][info][gc,heap        ] GC(180) Archive regions: 0->0
[96.076s][info][gc,heap        ] GC(180) Humongous regions: 0->0
[96.076s][info][gc,metaspace   ] GC(180) Metaspace: 16654K(17344K)->16654K(17344K) NonClass: 14228K(14656K)->14228K(14656K) Class: 2426K(2688K)->2426K(2688K)
[96.076s][info][gc             ] GC(180) Pause Young (Mixed) (G1 Evacuation Pause) 78M->15M(109M) 5.799ms
[96.076s][info][gc,cpu         ] GC(180) User=0.00s Sys=0.00s Real=0.00s
[96.085s][info][gc,start       ] GC(181) Pause Young (Concurrent Start) (G1 Evacuation Pause)
[96.085s][info][gc,task        ] GC(181) Using 2 workers of 33 for evacuation
[96.089s][info][gc,phases      ] GC(181)   Pre Evacuate Collection Set: 0.2ms
[96.089s][info][gc,phases      ] GC(181)   Merge Heap Roots: 0.0ms
[96.089s][info][gc,phases      ] GC(181)   Evacuate Collection Set: 3.3ms
[96.089s][info][gc,phases      ] GC(181)   Post Evacuate Collection Set: 0.3ms
[96.089s][info][gc,phases      ] GC(181)   Other: 0.1ms
[96.089s][info][gc,heap        ] GC(181) Eden regions: 63->0(63)
[96.089s][info][gc,heap        ] GC(181) Survivor regions: 2->2(9)
[96.089s][info][gc,heap        ] GC(181) Old regions: 17->17
[96.089s][info][gc,heap        ] GC(181) Archive regions: 0->0
[96.089s][info][gc,heap        ] GC(181) Humongous regions: 0->0
[96.089s][info][gc,metaspace   ] GC(181) Metaspace: 16654K(17344K)->16654K(17344K) NonClass: 14228K(14656K)->14228K(14656K) Class: 2426K(2688K)->2426K(2688K)
[96.089s][info][gc             ] GC(181) Pause Young (Concurrent Start) (G1 Evacuation Pause) 78M->15M(109M) 4.118ms
[96.089s][info][gc,cpu         ] GC(181) User=0.00s Sys=0.00s Real=0.00s
[96.089s][info][gc             ] GC(182) Concurrent Mark Cycle
[96.089s][info][gc,marking     ] GC(182) Concurrent Scan Root Regions
[96.092s][info][gc,marking     ] GC(182) Concurrent Scan Root Regions 2.612ms
[96.092s][info][gc,marking     ] GC(182) Concurrent Mark
[96.092s][info][gc,marking     ] GC(182) Concurrent Mark From Roots
[96.092s][info][gc,task        ] GC(182) Using 8 workers of 8 for marking
[96.098s][info][gc,marking     ] GC(182) Concurrent Mark From Roots 6.728ms
[96.098s][info][gc,marking     ] GC(182) Concurrent Preclean
[96.098s][info][gc,marking     ] GC(182) Concurrent Preclean 0.036ms
[96.099s][info][gc,start       ] GC(182) Pause Remark
[96.101s][info][gc             ] GC(182) Pause Remark 77M->77M(135M) 2.508ms
[96.102s][info][gc,cpu         ] GC(182) User=0.00s Sys=0.00s Real=0.00s
[96.102s][info][gc,marking     ] GC(182) Concurrent Mark 9.905ms
[96.102s][info][gc,marking     ] GC(182) Concurrent Rebuild Remembered Sets and Scrub Regions
[96.103s][info][gc,start       ] GC(183) Pause Young (Normal) (G1 Evacuation Pause)
[96.103s][info][gc,task        ] GC(183) Using 3 workers of 33 for evacuation
[96.110s][info][gc,phases      ] GC(183)   Pre Evacuate Collection Set: 0.1ms
[96.110s][info][gc,phases      ] GC(183)   Merge Heap Roots: 0.0ms
[96.110s][info][gc,phases      ] GC(183)   Evacuate Collection Set: 2.4ms
[96.110s][info][gc,phases      ] GC(183)   Post Evacuate Collection Set: 4.6ms
[96.110s][info][gc,phases      ] GC(183)   Other: 0.1ms
[96.110s][info][gc,heap        ] GC(183) Eden regions: 63->0(653)
[96.110s][info][gc,heap        ] GC(183) Survivor regions: 2->2(9)
[96.110s][info][gc,heap        ] GC(183) Old regions: 17->17
[96.110s][info][gc,heap        ] GC(183) Archive regions: 0->0
[96.110s][info][gc,heap        ] GC(183) Humongous regions: 0->0
[96.110s][info][gc,metaspace   ] GC(183) Metaspace: 16654K(17344K)->16654K(17344K) NonClass: 14228K(14656K)->14228K(14656K) Class: 2426K(2688K)->2426K(2688K)
[96.110s][info][gc             ] GC(183) Pause Young (Normal) (G1 Evacuation Pause) 78M->15M(1092M) 7.346ms
[96.110s][info][gc,cpu         ] GC(183) User=0.00s Sys=0.00s Real=0.00s
[96.113s][info][gc,marking     ] GC(182) Concurrent Rebuild Remembered Sets and Scrub Regions 11.154ms
[96.113s][info][gc,start       ] GC(182) Pause Cleanup
[96.113s][info][gc             ] GC(182) Pause Cleanup 19M->19M(1092M) 0.233ms
[96.113s][info][gc,cpu         ] GC(182) User=0.00s Sys=0.00s Real=0.00s
[96.114s][info][gc,marking     ] GC(182) Concurrent Clear Claimed Marks
[96.114s][info][gc,marking     ] GC(182) Concurrent Clear Claimed Marks 0.035ms
[96.114s][info][gc,marking     ] GC(182) Concurrent Cleanup for Next Mark
[96.116s][info][gc,marking     ] GC(182) Concurrent Cleanup for Next Mark 2.248ms
[96.116s][info][gc             ] GC(182) Concurrent Mark Cycle 27.229ms
[96.521s][info][gc,start       ] GC(184) Pause Young (Prepare Mixed) (G1 Evacuation Pause)
[96.521s][info][gc,task        ] GC(184) Using 26 workers of 33 for evacuation
[96.523s][info][gc,phases      ] GC(184)   Pre Evacuate Collection Set: 0.2ms
[96.523s][info][gc,phases      ] GC(184)   Merge Heap Roots: 0.2ms
[96.523s][info][gc,phases      ] GC(184)   Evacuate Collection Set: 0.9ms
[96.523s][info][gc,phases      ] GC(184)   Post Evacuate Collection Set: 0.6ms
[96.523s][info][gc,phases      ] GC(184)   Other: 0.1ms
[96.523s][info][gc,heap        ] GC(184) Eden regions: 653->0(653)
[96.523s][info][gc,heap        ] GC(184) Survivor regions: 2->2(82)
[96.523s][info][gc,heap        ] GC(184) Old regions: 17->17
[96.523s][info][gc,heap        ] GC(184) Archive regions: 0->0
[96.523s][info][gc,heap        ] GC(184) Humongous regions: 0->0
[96.523s][info][gc,metaspace   ] GC(184) Metaspace: 16654K(17344K)->16654K(17344K) NonClass: 14228K(14656K)->14228K(14656K) Class: 2426K(2688K)->2426K(2688K)
[96.523s][info][gc             ] GC(184) Pause Young (Prepare Mixed) (G1 Evacuation Pause) 668M->15M(1092M) 2.229ms
[96.523s][info][gc,cpu         ] GC(184) User=0.00s Sys=0.00s Real=0.00s
[96.595s][info][gc,start       ] GC(185) Pause Young (Mixed) (G1 Evacuation Pause)
[96.595s][info][gc,task        ] GC(185) Using 26 workers of 33 for evacuation
[96.597s][info][gc,phases      ] GC(185)   Pre Evacuate Collection Set: 0.2ms
[96.597s][info][gc,phases      ] GC(185)   Merge Heap Roots: 0.2ms
[96.597s][info][gc,phases      ] GC(185)   Evacuate Collection Set: 0.9ms
[96.597s][info][gc,phases      ] GC(185)   Post Evacuate Collection Set: 0.6ms
[96.597s][info][gc,phases      ] GC(185)   Other: 0.1ms
[96.597s][info][gc,heap        ] GC(185) Eden regions: 653->0(653)
[96.597s][info][gc,heap        ] GC(185) Survivor regions: 2->2(82)
[96.597s][info][gc,heap        ] GC(185) Old regions: 17->17
[96.597s][info][gc,heap        ] GC(185) Archive regions: 0->0
[96.597s][info][gc,heap        ] GC(185) Humongous regions: 0->0
[96.597s][info][gc,metaspace   ] GC(185) Metaspace: 16654K(17344K)->16654K(17344K) NonClass: 14228K(14656K)->14228K(14656K) Class: 2426K(2688K)->2426K(2688K)
[96.597s][info][gc             ] GC(185) Pause Young (Mixed) (G1 Evacuation Pause) 668M->15M(1092M) 2.242ms
[96.597s][info][gc,cpu         ] GC(185) User=0.00s Sys=0.00s Real=0.00s
[96.669s][info][gc,start       ] GC(186) Pause Young (Normal) (G1 Evacuation Pause)
[96.669s][info][gc,task        ] GC(186) Using 26 workers of 33 for evacuation
[96.670s][info][gc,phases      ] GC(186)   Pre Evacuate Collection Set: 0.2ms
[96.670s][info][gc,phases      ] GC(186)   Merge Heap Roots: 0.2ms
[96.670s][info][gc,phases      ] GC(186)   Evacuate Collection Set: 0.5ms
[96.670s][info][gc,phases      ] GC(186)   Post Evacuate Collection Set: 0.6ms
[96.670s][info][gc,phases      ] GC(186)   Other: 0.1ms
[96.670s][info][gc,heap        ] GC(186) Eden regions: 653->0(653)
[96.670s][info][gc,heap        ] GC(186) Survivor regions: 2->2(82)
[96.670s][info][gc,heap        ] GC(186) Old regions: 17->17
[96.670s][info][gc,heap        ] GC(186) Archive regions: 0->0
[96.670s][info][gc,heap        ] GC(186) Humongous regions: 0->0
[96.670s][info][gc,metaspace   ] GC(186) Metaspace: 16654K(17344K)->16654K(17344K) NonClass: 14228K(14656K)->14228K(14656K) Class: 2426K(2688K)->2426K(2688K)
[96.670s][info][gc             ] GC(186) Pause Young (Normal) (G1 Evacuation Pause) 668M->15M(1092M) 1.798ms
[96.671s][info][gc,cpu         ] GC(186) User=0.00s Sys=0.00s Real=0.00s
[96.877s][info][gc,start       ] GC(187) Pause Young (Normal) (G1 Evacuation Pause)
[96.877s][info][gc,task        ] GC(187) Using 26 workers of 33 for evacuation
[96.917s][info][gc,phases      ] GC(187)   Pre Evacuate Collection Set: 0.2ms
[96.917s][info][gc,phases      ] GC(187)   Merge Heap Roots: 0.3ms
[96.917s][info][gc,phases      ] GC(187)   Evacuate Collection Set: 38.2ms
[96.917s][info][gc,phases      ] GC(187)   Post Evacuate Collection Set: 0.7ms
[96.917s][info][gc,phases      ] GC(187)   Other: 0.2ms
[96.917s][info][gc,heap        ] GC(187) Eden regions: 653->0(573)
[96.917s][info][gc,heap        ] GC(187) Survivor regions: 2->82(82)
[96.917s][info][gc,heap        ] GC(187) Old regions: 17->35
[96.917s][info][gc,heap        ] GC(187) Archive regions: 0->0
[96.917s][info][gc,heap        ] GC(187) Humongous regions: 1->1
[96.917s][info][gc,metaspace   ] GC(187) Metaspace: 16654K(17344K)->16654K(17344K) NonClass: 14228K(14656K)->14228K(14656K) Class: 2426K(2688K)->2426K(2688K)
[96.917s][info][gc             ] GC(187) Pause Young (Normal) (G1 Evacuation Pause) 669M->115M(1092M) 40.057ms
[96.917s][info][gc,cpu         ] GC(187) User=0.52s Sys=0.30s Real=0.03s
[97.687s][info][gc,start       ] GC(188) Pause Young (Normal) (G1 Evacuation Pause)
[97.687s][info][gc,task        ] GC(188) Using 26 workers of 33 for evacuation
[97.801s][info][gc,phases      ] GC(188)   Pre Evacuate Collection Set: 0.2ms
[97.801s][info][gc,phases      ] GC(188)   Merge Heap Roots: 0.4ms
[97.801s][info][gc,phases      ] GC(188)   Evacuate Collection Set: 111.4ms
[97.801s][info][gc,phases      ] GC(188)   Post Evacuate Collection Set: 1.0ms
[97.801s][info][gc,phases      ] GC(188)   Other: 0.2ms
[97.801s][info][gc,heap        ] GC(188) Eden regions: 573->0(293)
[97.801s][info][gc,heap        ] GC(188) Survivor regions: 82->82(82)
[97.801s][info][gc,heap        ] GC(188) Old regions: 35->339
[97.801s][info][gc,heap        ] GC(188) Archive regions: 0->0
[97.801s][info][gc,heap        ] GC(188) Humongous regions: 2->2
[97.801s][info][gc,metaspace   ] GC(188) Metaspace: 16654K(17344K)->16654K(17344K) NonClass: 14228K(14656K)->14228K(14656K) Class: 2426K(2688K)->2426K(2688K)
[97.801s][info][gc             ] GC(188) Pause Young (Normal) (G1 Evacuation Pause) 689M->420M(1092M) 113.691ms
[97.801s][info][gc,cpu         ] GC(188) User=1.66s Sys=1.19s Real=0.11s
[107.376s][info][gc,start       ] GC(189) Pause Young (Concurrent Start) (G1 Evacuation Pause)
[107.376s][info][gc,task        ] GC(189) Using 26 workers of 33 for evacuation
[107.415s][info][gc,phases      ] GC(189)   Pre Evacuate Collection Set: 0.5ms
[107.415s][info][gc,phases      ] GC(189)   Merge Heap Roots: 1.2ms
[107.415s][info][gc,phases      ] GC(189)   Evacuate Collection Set: 36.4ms
[107.415s][info][gc,phases      ] GC(189)   Post Evacuate Collection Set: 1.0ms
[107.415s][info][gc,phases      ] GC(189)   Other: 0.1ms
[107.415s][info][gc,heap        ] GC(189) Eden regions: 179->0(390)
[107.415s][info][gc,heap        ] GC(189) Survivor regions: 82->24(33)
[107.415s][info][gc,heap        ] GC(189) Old regions: 339->425
[107.415s][info][gc,heap        ] GC(189) Archive regions: 0->0
[107.415s][info][gc,heap        ] GC(189) Humongous regions: 2->2
[107.415s][info][gc,metaspace   ] GC(189) Metaspace: 16654K(17344K)->16654K(17344K) NonClass: 14228K(14656K)->14228K(14656K) Class: 2426K(2688K)->2426K(2688K)
[107.415s][info][gc             ] GC(189) Pause Young (Concurrent Start) (G1 Evacuation Pause) 599M->447M(1092M) 39.542ms
[107.415s][info][gc             ] GC(190) Concurrent Mark Cycle
[107.415s][info][gc,cpu         ] GC(189) User=0.80s Sys=0.02s Real=0.04s
[107.416s][info][gc,marking     ] GC(190) Concurrent Scan Root Regions
[107.425s][info][gc,marking     ] GC(190) Concurrent Scan Root Regions 8.978ms
[107.425s][info][gc,marking     ] GC(190) Concurrent Mark
[107.425s][info][gc,marking     ] GC(190) Concurrent Mark From Roots
[107.425s][info][gc,task        ] GC(190) Using 8 workers of 8 for marking
[107.435s][info][gc,marking     ] GC(190) Concurrent Mark From Roots 10.791ms
[107.435s][info][gc,marking     ] GC(190) Concurrent Preclean
[107.435s][info][gc,marking     ] GC(190) Concurrent Preclean 0.031ms
[107.436s][info][gc,start       ] GC(190) Pause Remark
[107.437s][info][gc             ] GC(190) Pause Remark 471M->326M(1092M) 1.271ms
[107.437s][info][gc,cpu         ] GC(190) User=0.00s Sys=0.00s Real=0.00s
[107.437s][info][gc,marking     ] GC(190) Concurrent Mark 12.314ms
[107.437s][info][gc,marking     ] GC(190) Concurrent Rebuild Remembered Sets and Scrub Regions
[107.491s][info][gc,marking     ] GC(190) Concurrent Rebuild Remembered Sets and Scrub Regions 53.632ms
[107.491s][info][gc,start       ] GC(190) Pause Cleanup
[107.491s][info][gc             ] GC(190) Pause Cleanup 377M->377M(1092M) 0.400ms
[107.491s][info][gc,cpu         ] GC(190) User=0.00s Sys=0.00s Real=0.00s
[107.491s][info][gc,marking     ] GC(190) Concurrent Clear Claimed Marks
[107.491s][info][gc,marking     ] GC(190) Concurrent Clear Claimed Marks 0.041ms
[107.491s][info][gc,marking     ] GC(190) Concurrent Cleanup for Next Mark
[107.492s][info][gc,marking     ] GC(190) Concurrent Cleanup for Next Mark 0.741ms
[107.492s][info][gc             ] GC(190) Concurrent Mark Cycle 76.547ms
[107.763s][info][gc,start       ] GC(191) Pause Young (Prepare Mixed) (G1 Evacuation Pause)
[107.763s][info][gc,task        ] GC(191) Using 26 workers of 33 for evacuation
[107.813s][info][gc,phases      ] GC(191)   Pre Evacuate Collection Set: 0.2ms
[107.813s][info][gc,phases      ] GC(191)   Merge Heap Roots: 1.1ms
[107.813s][info][gc,phases      ] GC(191)   Evacuate Collection Set: 47.2ms
[107.813s][info][gc,phases      ] GC(191)   Post Evacuate Collection Set: 1.1ms
[107.813s][info][gc,phases      ] GC(191)   Other: 0.2ms
[107.813s][info][gc,heap        ] GC(191) Eden regions: 390->0(182)
[107.813s][info][gc,heap        ] GC(191) Survivor regions: 24->52(52)
[107.813s][info][gc,heap        ] GC(191) Old regions: 281->409
[107.813s][info][gc,heap        ] GC(191) Archive regions: 0->0
[107.813s][info][gc,heap        ] GC(191) Humongous regions: 1->1
[107.813s][info][gc,metaspace   ] GC(191) Metaspace: 16654K(17344K)->16654K(17344K) NonClass: 14228K(14656K)->14228K(14656K) Class: 2426K(2688K)->2426K(2688K)
[107.813s][info][gc             ] GC(191) Pause Young (Prepare Mixed) (G1 Evacuation Pause) 692M->459M(1092M) 50.058ms
[107.813s][info][gc,cpu         ] GC(191) User=1.22s Sys=0.00s Real=0.05s
[107.913s][info][gc,start       ] GC(192) Pause Young (Mixed) (G1 Evacuation Pause)
[107.913s][info][gc,task        ] GC(192) Using 26 workers of 33 for evacuation
[107.950s][info][gc,phases      ] GC(192)   Pre Evacuate Collection Set: 0.2ms
[107.950s][info][gc,phases      ] GC(192)   Merge Heap Roots: 1.5ms
[107.950s][info][gc,phases      ] GC(192)   Evacuate Collection Set: 34.6ms
[107.950s][info][gc,phases      ] GC(192)   Post Evacuate Collection Set: 0.4ms
[107.950s][info][gc,phases      ] GC(192)   Other: 0.1ms
[107.950s][info][gc,heap        ] GC(192) Eden regions: 118->0(307)
[107.950s][info][gc,heap        ] GC(192) Survivor regions: 52->22(22)
[107.950s][info][gc,heap        ] GC(192) Old regions: 409->480
[107.950s][info][gc,heap        ] GC(192) Archive regions: 0->0
[107.950s][info][gc,heap        ] GC(192) Humongous regions: 1->1
[107.950s][info][gc,metaspace   ] GC(192) Metaspace: 16654K(17344K)->16654K(17344K) NonClass: 14228K(14656K)->14228K(14656K) Class: 2426K(2688K)->2426K(2688K)
[107.950s][info][gc             ] GC(192) Pause Young (Mixed) (G1 Evacuation Pause) 577M->500M(1092M) 37.158ms
[107.950s][info][gc,cpu         ] GC(192) User=1.09s Sys=0.06s Real=0.05s
[108.226s][info][gc,start       ] GC(193) Pause Young (Mixed) (G1 Evacuation Pause)
[108.226s][info][gc,task        ] GC(193) Using 26 workers of 33 for evacuation
[108.270s][info][gc,phases      ] GC(193)   Pre Evacuate Collection Set: 0.2ms
[108.270s][info][gc,phases      ] GC(193)   Merge Heap Roots: 0.3ms
[108.270s][info][gc,phases      ] GC(193)   Evacuate Collection Set: 41.8ms
[108.270s][info][gc,phases      ] GC(193)   Post Evacuate Collection Set: 1.6ms
[108.270s][info][gc,phases      ] GC(193)   Other: 0.2ms
[108.270s][info][gc,heap        ] GC(193) Eden regions: 322->0(397)
[108.270s][info][gc,heap        ] GC(193) Survivor regions: 22->43(43)
[108.270s][info][gc,heap        ] GC(193) Old regions: 480->499
[108.270s][info][gc,heap        ] GC(193) Archive regions: 0->0
[108.270s][info][gc,heap        ] GC(193) Humongous regions: 1->1
[108.270s][info][gc,metaspace   ] GC(193) Metaspace: 16654K(17344K)->16654K(17344K) NonClass: 14228K(14656K)->14228K(14656K) Class: 2426K(2688K)->2426K(2688K)
[108.270s][info][gc             ] GC(193) Pause Young (Mixed) (G1 Evacuation Pause) 822M->540M(1284M) 44.365ms
[108.270s][info][gc,cpu         ] GC(193) User=0.81s Sys=0.00s Real=0.03s
[109.255s][info][gc,start       ] GC(194) Pause Young (Normal) (G1 Evacuation Pause)
[109.255s][info][gc,task        ] GC(194) Using 30 workers of 33 for evacuation
[109.310s][info][gc,phases      ] GC(194)   Pre Evacuate Collection Set: 0.2ms
[109.310s][info][gc,phases      ] GC(194)   Merge Heap Roots: 2.7ms
[109.310s][info][gc,phases      ] GC(194)   Evacuate Collection Set: 50.4ms
[109.310s][info][gc,phases      ] GC(194)   Post Evacuate Collection Set: 1.4ms
[109.310s][info][gc,phases      ] GC(194)   Other: 0.2ms
[109.310s][info][gc,heap        ] GC(194) Eden regions: 395->0(343)
[109.310s][info][gc,heap        ] GC(194) Survivor regions: 43->55(55)
[109.310s][info][gc,heap        ] GC(194) Old regions: 499->589
[109.310s][info][gc,heap        ] GC(194) Archive regions: 0->0
[109.310s][info][gc,heap        ] GC(194) Humongous regions: 7->7
[109.310s][info][gc,metaspace   ] GC(194) Metaspace: 16654K(17344K)->16654K(17344K) NonClass: 14228K(14656K)->14228K(14656K) Class: 2426K(2688K)->2426K(2688K)
[109.310s][info][gc             ] GC(194) Pause Young (Normal) (G1 Evacuation Pause) 941M->648M(1284M) 55.325ms
[109.310s][info][gc,cpu         ] GC(194) User=1.41s Sys=0.00s Real=0.05s
[109.877s][info][gc,start       ] GC(195) Pause Young (Normal) (G1 Evacuation Pause)
[109.877s][info][gc,task        ] GC(195) Using 30 workers of 33 for evacuation
[109.907s][info][gc,phases      ] GC(195)   Pre Evacuate Collection Set: 0.2ms
[109.907s][info][gc,phases      ] GC(195)   Merge Heap Roots: 1.8ms
[109.907s][info][gc,phases      ] GC(195)   Evacuate Collection Set: 27.6ms
[109.907s][info][gc,phases      ] GC(195)   Post Evacuate Collection Set: 0.6ms
[109.907s][info][gc,phases      ] GC(195)   Other: 0.2ms
[109.907s][info][gc,heap        ] GC(195) Eden regions: 343->0(383)
[109.907s][info][gc,heap        ] GC(195) Survivor regions: 55->10(50)
[109.907s][info][gc,heap        ] GC(195) Old regions: 589->628
[109.907s][info][gc,heap        ] GC(195) Archive regions: 0->0
[109.907s][info][gc,heap        ] GC(195) Humongous regions: 7->7
[109.908s][info][gc,metaspace   ] GC(195) Metaspace: 16654K(17344K)->16654K(17344K) NonClass: 14228K(14656K)->14228K(14656K) Class: 2426K(2688K)->2426K(2688K)
[109.908s][info][gc             ] GC(195) Pause Young (Normal) (G1 Evacuation Pause) 991M->642M(1284M) 30.792ms
[109.908s][info][gc,cpu         ] GC(195) User=0.94s Sys=0.00s Real=0.03s
[111.587s][info][gc,start       ] GC(196) Pause Full (System.gc())
[111.587s][info][gc,task        ] GC(196) Using 30 workers of 33 for full compaction
[111.588s][info][gc,phases,start] GC(196) Phase 1: Mark live objects
[111.597s][info][gc,phases      ] GC(196) Phase 1: Mark live objects 8.720ms
[111.597s][info][gc,phases,start] GC(196) Phase 2: Prepare compaction
[111.600s][info][gc,phases      ] GC(196) Phase 2: Prepare compaction 2.844ms
[111.600s][info][gc,phases,start] GC(196) Phase 3: Adjust pointers
[111.604s][info][gc,phases      ] GC(196) Phase 3: Adjust pointers 4.304ms
[111.604s][info][gc,phases,start] GC(196) Phase 4: Compact heap
[111.605s][info][gc,phases      ] GC(196) Phase 4: Compact heap 1.270ms
[111.612s][info][gc,heap        ] GC(196) Eden regions: 112->0(34)
[111.612s][info][gc,heap        ] GC(196) Survivor regions: 10->0(50)
[111.612s][info][gc,heap        ] GC(196) Old regions: 628->25
[111.612s][info][gc,heap        ] GC(196) Archive regions: 0->0
[111.613s][info][gc,heap        ] GC(196) Humongous regions: 7->0
[111.613s][info][gc,metaspace   ] GC(196) Metaspace: 16657K(17344K)->16657K(17344K) NonClass: 14230K(14656K)->14230K(14656K) Class: 2426K(2688K)->2426K(2688K)
[111.613s][info][gc             ] GC(196) Pause Full (System.gc()) 754M->14M(84M) 26.006ms
[111.613s][info][gc,cpu         ] GC(196) User=0.47s Sys=0.02s Real=0.03s
[112.460s][info][gc,start       ] GC(197) Pause Young (Concurrent Start) (G1 Evacuation Pause)
[112.460s][info][gc,task        ] GC(197) Using 16 workers of 33 for evacuation
[112.462s][info][gc,phases      ] GC(197)   Pre Evacuate Collection Set: 0.2ms
[112.462s][info][gc,phases      ] GC(197)   Merge Heap Roots: 0.1ms
[112.462s][info][gc,phases      ] GC(197)   Evacuate Collection Set: 1.2ms
[112.462s][info][gc,phases      ] GC(197)   Post Evacuate Collection Set: 0.3ms
[112.462s][info][gc,phases      ] GC(197)   Other: 0.1ms
[112.462s][info][gc,heap        ] GC(197) Eden regions: 34->0(32)
[112.462s][info][gc,heap        ] GC(197) Survivor regions: 0->5(5)
[112.462s][info][gc,heap        ] GC(197) Old regions: 25->26
[112.462s][info][gc,heap        ] GC(197) Archive regions: 0->0
[112.462s][info][gc,heap        ] GC(197) Humongous regions: 0->0
[112.462s][info][gc,metaspace   ] GC(197) Metaspace: 16668K(17408K)->16668K(17408K) NonClass: 14241K(14720K)->14241K(14720K) Class: 2426K(2688K)->2426K(2688K)
[112.462s][info][gc             ] GC(197) Pause Young (Concurrent Start) (G1 Evacuation Pause) 48M->20M(84M) 2.119ms
[112.462s][info][gc             ] GC(198) Concurrent Mark Cycle
[112.462s][info][gc,cpu         ] GC(197) User=0.00s Sys=0.00s Real=0.00s
[112.462s][info][gc,marking     ] GC(198) Concurrent Scan Root Regions
[112.463s][info][gc,marking     ] GC(198) Concurrent Scan Root Regions 1.140ms
[112.463s][info][gc,marking     ] GC(198) Concurrent Mark
[112.463s][info][gc,marking     ] GC(198) Concurrent Mark From Roots
[112.463s][info][gc,task        ] GC(198) Using 8 workers of 8 for marking
[112.468s][info][gc,marking     ] GC(198) Concurrent Mark From Roots 4.691ms
[112.468s][info][gc,marking     ] GC(198) Concurrent Preclean
[112.468s][info][gc,marking     ] GC(198) Concurrent Preclean 0.044ms
[112.470s][info][gc,start       ] GC(198) Pause Remark
[112.470s][info][gc             ] GC(198) Pause Remark 21M->21M(84M) 0.854ms
[112.470s][info][gc,cpu         ] GC(198) User=0.00s Sys=0.00s Real=0.00s
[112.471s][info][gc,marking     ] GC(198) Concurrent Mark 7.324ms
[112.471s][info][gc,marking     ] GC(198) Concurrent Rebuild Remembered Sets and Scrub Regions
[112.473s][info][gc,marking     ] GC(198) Concurrent Rebuild Remembered Sets and Scrub Regions 2.761ms
[112.473s][info][gc,start       ] GC(198) Pause Cleanup
[112.474s][info][gc             ] GC(198) Pause Cleanup 21M->21M(84M) 0.099ms
[112.474s][info][gc,cpu         ] GC(198) User=0.00s Sys=0.00s Real=0.00s
[112.493s][info][gc,marking     ] GC(198) Concurrent Clear Claimed Marks
[112.493s][info][gc,marking     ] GC(198) Concurrent Clear Claimed Marks 0.034ms
[112.493s][info][gc,marking     ] GC(198) Concurrent Cleanup for Next Mark
[112.493s][info][gc,marking     ] GC(198) Concurrent Cleanup for Next Mark 0.154ms
[112.493s][info][gc             ] GC(198) Concurrent Mark Cycle 31.461ms
[112.898s][info][gc,start       ] GC(199) Pause Young (Prepare Mixed) (G1 Evacuation Pause)
[112.898s][info][gc,task        ] GC(199) Using 9 workers of 33 for evacuation
[112.970s][info][gc,phases      ] GC(199)   Pre Evacuate Collection Set: 0.1ms
[112.970s][info][gc,phases      ] GC(199)   Merge Heap Roots: 0.1ms
[112.970s][info][gc,phases      ] GC(199)   Evacuate Collection Set: 70.8ms
[112.970s][info][gc,phases      ] GC(199)   Post Evacuate Collection Set: 1.3ms
[112.970s][info][gc,phases      ] GC(199)   Other: 0.1ms
[112.971s][info][gc,heap        ] GC(199) Eden regions: 32->0(15)
[112.971s][info][gc,heap        ] GC(199) Survivor regions: 5->5(5)
[112.971s][info][gc,heap        ] GC(199) Old regions: 24->51
[112.971s][info][gc,heap        ] GC(199) Archive regions: 0->0
[112.971s][info][gc,heap        ] GC(199) Humongous regions: 0->0
[112.971s][info][gc,metaspace   ] GC(199) Metaspace: 16668K(17408K)->16668K(17408K) NonClass: 14241K(14720K)->14241K(14720K) Class: 2426K(2688K)->2426K(2688K)
[112.971s][info][gc             ] GC(199) Pause Young (Prepare Mixed) (G1 Evacuation Pause) 52M->46M(93M) 72.790ms
[112.971s][info][gc,cpu         ] GC(199) User=0.56s Sys=0.00s Real=0.06s
[113.526s][info][gc,start       ] GC(200) Pause Young (Mixed) (G1 Evacuation Pause)
[113.526s][info][gc,task        ] GC(200) Using 5 workers of 33 for evacuation
[113.568s][info][gc,phases      ] GC(200)   Pre Evacuate Collection Set: 0.2ms
[113.568s][info][gc,phases      ] GC(200)   Merge Heap Roots: 4.5ms
[113.568s][info][gc,phases      ] GC(200)   Evacuate Collection Set: 26.1ms
[113.568s][info][gc,phases      ] GC(200)   Post Evacuate Collection Set: 10.3ms
[113.568s][info][gc,phases      ] GC(200)   Other: 0.2ms
[113.568s][info][gc,heap        ] GC(200) Eden regions: 15->0(353)
[113.568s][info][gc,heap        ] GC(200) Survivor regions: 5->3(3)
[113.568s][info][gc,heap        ] GC(200) Old regions: 51->58
[113.568s][info][gc,heap        ] GC(200) Archive regions: 0->0
[113.568s][info][gc,heap        ] GC(200) Humongous regions: 0->0
[113.568s][info][gc,metaspace   ] GC(200) Metaspace: 16668K(17408K)->16668K(17408K) NonClass: 14241K(14720K)->14241K(14720K) Class: 2426K(2688K)->2426K(2688K)
[113.568s][info][gc             ] GC(200) Pause Young (Mixed) (G1 Evacuation Pause) 61M->56M(1071M) 41.654ms
[113.568s][info][gc,cpu         ] GC(200) User=0.31s Sys=0.02s Real=0.05s
[113.957s][info][gc,start       ] GC(201) Pause Young (Normal) (G1 Evacuation Pause)
[113.957s][info][gc,task        ] GC(201) Using 25 workers of 33 for evacuation
[113.960s][info][gc,phases      ] GC(201)   Pre Evacuate Collection Set: 0.2ms
[113.960s][info][gc,phases      ] GC(201)   Merge Heap Roots: 0.1ms
[113.960s][info][gc,phases      ] GC(201)   Evacuate Collection Set: 1.6ms
[113.960s][info][gc,phases      ] GC(201)   Post Evacuate Collection Set: 0.5ms
[113.960s][info][gc,phases      ] GC(201)   Other: 0.1ms
[113.960s][info][gc,heap        ] GC(201) Eden regions: 410->0(570)
[113.960s][info][gc,heap        ] GC(201) Survivor regions: 3->4(52)
[113.960s][info][gc,heap        ] GC(201) Old regions: 58->58
[113.960s][info][gc,heap        ] GC(201) Archive regions: 0->0
[113.960s][info][gc,heap        ] GC(201) Humongous regions: 0->0
[113.960s][info][gc,metaspace   ] GC(201) Metaspace: 16668K(17408K)->16668K(17408K) NonClass: 14241K(14720K)->14241K(14720K) Class: 2426K(2688K)->2426K(2688K)
[113.960s][info][gc             ] GC(201) Pause Young (Normal) (G1 Evacuation Pause) 466M->57M(1071M) 2.672ms
[113.960s][info][gc,cpu         ] GC(201) User=0.05s Sys=0.34s Real=0.02s
[114.103s][info][gc,start       ] GC(202) Pause Young (Normal) (G1 Evacuation Pause)
[114.103s][info][gc,task        ] GC(202) Using 25 workers of 33 for evacuation
[114.106s][info][gc,phases      ] GC(202)   Pre Evacuate Collection Set: 0.2ms
[114.106s][info][gc,phases      ] GC(202)   Merge Heap Roots: 0.2ms
[114.106s][info][gc,phases      ] GC(202)   Evacuate Collection Set: 1.6ms
[114.106s][info][gc,phases      ] GC(202)   Post Evacuate Collection Set: 0.6ms
[114.106s][info][gc,phases      ] GC(202)   Other: 0.1ms
[114.106s][info][gc,heap        ] GC(202) Eden regions: 638->0(638)
[114.106s][info][gc,heap        ] GC(202) Survivor regions: 4->4(81)
[114.106s][info][gc,heap        ] GC(202) Old regions: 58->58
[114.106s][info][gc,heap        ] GC(202) Archive regions: 0->0
[114.106s][info][gc,heap        ] GC(202) Humongous regions: 0->0
[114.106s][info][gc,metaspace   ] GC(202) Metaspace: 16668K(17408K)->16668K(17408K) NonClass: 14241K(14720K)->14241K(14720K) Class: 2426K(2688K)->2426K(2688K)
[114.106s][info][gc             ] GC(202) Pause Young (Normal) (G1 Evacuation Pause) 695M->57M(1071M) 2.907ms
[114.106s][info][gc,cpu         ] GC(202) User=0.00s Sys=0.00s Real=0.00s
[114.174s][info][gc,start       ] GC(203) Pause Young (Normal) (G1 Evacuation Pause)
[114.181s][info][gc,task        ] GC(203) Using 25 workers of 33 for evacuation
[114.184s][info][gc,phases      ] GC(203)   Pre Evacuate Collection Set: 0.2ms
[114.184s][info][gc,phases      ] GC(203)   Merge Heap Roots: 0.2ms
[114.184s][info][gc,phases      ] GC(203)   Evacuate Collection Set: 1.1ms
[114.184s][info][gc,phases      ] GC(203)   Post Evacuate Collection Set: 0.6ms
[114.184s][info][gc,phases      ] GC(203)   Other: 0.1ms
[114.184s][info][gc,heap        ] GC(203) Eden regions: 638->0(638)
[114.184s][info][gc,heap        ] GC(203) Survivor regions: 4->4(81)
[114.184s][info][gc,heap        ] GC(203) Old regions: 58->58
[114.184s][info][gc,heap        ] GC(203) Archive regions: 0->0
[114.184s][info][gc,heap        ] GC(203) Humongous regions: 0->0
[114.184s][info][gc,metaspace   ] GC(203) Metaspace: 16668K(17408K)->16668K(17408K) NonClass: 14241K(14720K)->14241K(14720K) Class: 2426K(2688K)->2426K(2688K)
[114.184s][info][gc             ] GC(203) Pause Young (Normal) (G1 Evacuation Pause) 695M->57M(1071M) 9.287ms
[114.184s][info][gc,cpu         ] GC(203) User=0.00s Sys=0.00s Real=0.02s
[114.254s][info][gc,start       ] GC(204) Pause Young (Normal) (G1 Evacuation Pause)
[114.254s][info][gc,task        ] GC(204) Using 25 workers of 33 for evacuation
[114.256s][info][gc,phases      ] GC(204)   Pre Evacuate Collection Set: 0.2ms
[114.256s][info][gc,phases      ] GC(204)   Merge Heap Roots: 0.2ms
[114.256s][info][gc,phases      ] GC(204)   Evacuate Collection Set: 0.6ms
[114.256s][info][gc,phases      ] GC(204)   Post Evacuate Collection Set: 0.6ms
[114.256s][info][gc,phases      ] GC(204)   Other: 0.1ms
[114.256s][info][gc,heap        ] GC(204) Eden regions: 638->0(638)
[114.256s][info][gc,heap        ] GC(204) Survivor regions: 4->4(81)
[114.256s][info][gc,heap        ] GC(204) Old regions: 58->58
[114.256s][info][gc,heap        ] GC(204) Archive regions: 0->0
[114.256s][info][gc,heap        ] GC(204) Humongous regions: 0->0
[114.256s][info][gc,metaspace   ] GC(204) Metaspace: 16668K(17408K)->16668K(17408K) NonClass: 14241K(14720K)->14241K(14720K) Class: 2426K(2688K)->2426K(2688K)
[114.256s][info][gc             ] GC(204) Pause Young (Normal) (G1 Evacuation Pause) 695M->56M(1071M) 1.971ms
[114.256s][info][gc,cpu         ] GC(204) User=0.02s Sys=0.00s Real=0.02s
[114.326s][info][gc,start       ] GC(205) Pause Young (Normal) (G1 Evacuation Pause)
[114.327s][info][gc,task        ] GC(205) Using 25 workers of 33 for evacuation
[114.328s][info][gc,phases      ] GC(205)   Pre Evacuate Collection Set: 0.2ms
[114.328s][info][gc,phases      ] GC(205)   Merge Heap Roots: 0.2ms
[114.328s][info][gc,phases      ] GC(205)   Evacuate Collection Set: 0.6ms
[114.328s][info][gc,phases      ] GC(205)   Post Evacuate Collection Set: 0.6ms
[114.328s][info][gc,phases      ] GC(205)   Other: 0.1ms
[114.328s][info][gc,heap        ] GC(205) Eden regions: 638->0(639)
[114.328s][info][gc,heap        ] GC(205) Survivor regions: 4->3(81)
[114.328s][info][gc,heap        ] GC(205) Old regions: 58->58
[114.328s][info][gc,heap        ] GC(205) Archive regions: 0->0
[114.328s][info][gc,heap        ] GC(205) Humongous regions: 0->0
[114.328s][info][gc,metaspace   ] GC(205) Metaspace: 16668K(17408K)->16668K(17408K) NonClass: 14241K(14720K)->14241K(14720K) Class: 2426K(2688K)->2426K(2688K)
[114.328s][info][gc             ] GC(205) Pause Young (Normal) (G1 Evacuation Pause) 694M->56M(1071M) 1.905ms
[114.328s][info][gc,cpu         ] GC(205) User=0.00s Sys=0.00s Real=0.00s
[114.760s][info][gc,start       ] GC(206) Pause Young (Normal) (G1 Evacuation Pause)
[114.761s][info][gc,task        ] GC(206) Using 25 workers of 33 for evacuation
[114.839s][info][gc,phases      ] GC(206)   Pre Evacuate Collection Set: 0.2ms
[114.839s][info][gc,phases      ] GC(206)   Merge Heap Roots: 0.3ms
[114.839s][info][gc,phases      ] GC(206)   Evacuate Collection Set: 77.2ms
[114.839s][info][gc,phases      ] GC(206)   Post Evacuate Collection Set: 1.0ms
[114.839s][info][gc,phases      ] GC(206)   Other: 0.1ms
[114.839s][info][gc,heap        ] GC(206) Eden regions: 639->0(433)
[114.839s][info][gc,heap        ] GC(206) Survivor regions: 3->81(81)
[114.839s][info][gc,heap        ] GC(206) Old regions: 58->234
[114.839s][info][gc,heap        ] GC(206) Archive regions: 0->0
[114.840s][info][gc,heap        ] GC(206) Humongous regions: 1->1
[114.840s][info][gc,metaspace   ] GC(206) Metaspace: 16668K(17408K)->16668K(17408K) NonClass: 14241K(14720K)->14241K(14720K) Class: 2426K(2688K)->2426K(2688K)
[114.840s][info][gc             ] GC(206) Pause Young (Normal) (G1 Evacuation Pause) 696M->312M(1071M) 79.223ms
[114.840s][info][gc,cpu         ] GC(206) User=1.45s Sys=0.50s Real=0.08s
[122.587s][info][gc,start       ] GC(207) Pause Young (Concurrent Start) (G1 Evacuation Pause)
[122.587s][info][gc,task        ] GC(207) Using 25 workers of 33 for evacuation
[122.664s][info][gc,phases      ] GC(207)   Pre Evacuate Collection Set: 0.5ms
[122.664s][info][gc,phases      ] GC(207)   Merge Heap Roots: 1.2ms
[122.664s][info][gc,phases      ] GC(207)   Evacuate Collection Set: 73.6ms
[122.664s][info][gc,phases      ] GC(207)   Post Evacuate Collection Set: 1.1ms
[122.664s][info][gc,phases      ] GC(207)   Other: 0.1ms
[122.664s][info][gc,heap        ] GC(207) Eden regions: 433->0(305)
[122.664s][info][gc,heap        ] GC(207) Survivor regions: 81->65(65)
[122.664s][info][gc,heap        ] GC(207) Old regions: 234->429
[122.664s][info][gc,heap        ] GC(207) Archive regions: 0->0
[122.664s][info][gc,heap        ] GC(207) Humongous regions: 2->2
[122.664s][info][gc,metaspace   ] GC(207) Metaspace: 16668K(17408K)->16668K(17408K) NonClass: 14241K(14720K)->14241K(14720K) Class: 2426K(2688K)->2426K(2688K)
[122.664s][info][gc             ] GC(207) Pause Young (Concurrent Start) (G1 Evacuation Pause) 746M->491M(1071M) 76.888ms
[122.664s][info][gc             ] GC(208) Concurrent Mark Cycle
[122.664s][info][gc,cpu         ] GC(207) User=1.64s Sys=0.31s Real=0.08s
[122.664s][info][gc,marking     ] GC(208) Concurrent Scan Root Regions
[122.685s][info][gc,marking     ] GC(208) Concurrent Scan Root Regions 21.272ms
[122.685s][info][gc,marking     ] GC(208) Concurrent Mark
[122.685s][info][gc,marking     ] GC(208) Concurrent Mark From Roots
[122.685s][info][gc,task        ] GC(208) Using 8 workers of 8 for marking
[122.711s][info][gc,marking     ] GC(208) Concurrent Mark From Roots 25.933ms
[122.711s][info][gc,marking     ] GC(208) Concurrent Preclean
[122.711s][info][gc,marking     ] GC(208) Concurrent Preclean 0.041ms
[122.712s][info][gc,start       ] GC(208) Pause Remark
[122.713s][info][gc             ] GC(208) Pause Remark 536M->534M(1071M) 1.146ms
[122.713s][info][gc,cpu         ] GC(208) User=0.00s Sys=0.00s Real=0.00s
[122.713s][info][gc,marking     ] GC(208) Concurrent Mark 27.347ms
[122.713s][info][gc,marking     ] GC(208) Concurrent Rebuild Remembered Sets and Scrub Regions
[122.797s][info][gc,marking     ] GC(208) Concurrent Rebuild Remembered Sets and Scrub Regions 84.653ms
[122.798s][info][gc,start       ] GC(208) Pause Cleanup
[122.798s][info][gc             ] GC(208) Pause Cleanup 633M->633M(1071M) 0.413ms
[122.798s][info][gc,cpu         ] GC(208) User=0.00s Sys=0.00s Real=0.00s
[122.798s][info][gc,marking     ] GC(208) Concurrent Clear Claimed Marks
[122.798s][info][gc,marking     ] GC(208) Concurrent Clear Claimed Marks 0.041ms
[122.798s][info][gc,marking     ] GC(208) Concurrent Cleanup for Next Mark
[122.801s][info][gc,marking     ] GC(208) Concurrent Cleanup for Next Mark 2.831ms
[122.801s][info][gc             ] GC(208) Concurrent Mark Cycle 136.955ms
[122.938s][info][gc,start       ] GC(209) Pause Young (Prepare Mixed) (G1 Evacuation Pause)
[122.938s][info][gc,task        ] GC(209) Using 25 workers of 33 for evacuation
[122.982s][info][gc,phases      ] GC(209)   Pre Evacuate Collection Set: 0.2ms
[122.983s][info][gc,phases      ] GC(209)   Merge Heap Roots: 1.3ms
[122.983s][info][gc,phases      ] GC(209)   Evacuate Collection Set: 42.2ms
[122.983s][info][gc,phases      ] GC(209)   Post Evacuate Collection Set: 0.5ms
[122.983s][info][gc,phases      ] GC(209)   Other: 0.2ms
[122.983s][info][gc,heap        ] GC(209) Eden regions: 305->0(216)
[122.983s][info][gc,heap        ] GC(209) Survivor regions: 65->47(47)
[122.983s][info][gc,heap        ] GC(209) Old regions: 428->521
[122.983s][info][gc,heap        ] GC(209) Archive regions: 0->0
[122.983s][info][gc,heap        ] GC(209) Humongous regions: 1->1
[122.983s][info][gc,metaspace   ] GC(209) Metaspace: 16668K(17408K)->16668K(17408K) NonClass: 14241K(14720K)->14241K(14720K) Class: 2426K(2688K)->2426K(2688K)
[122.983s][info][gc             ] GC(209) Pause Young (Prepare Mixed) (G1 Evacuation Pause) 794M->564M(1071M) 44.744ms
[122.983s][info][gc,cpu         ] GC(209) User=1.16s Sys=0.02s Real=0.05s
[123.210s][info][gc,start       ] GC(210) Pause Young (Mixed) (G1 Evacuation Pause)
[123.210s][info][gc,task        ] GC(210) Using 25 workers of 33 for evacuation
[123.254s][info][gc,phases      ] GC(210)   Pre Evacuate Collection Set: 0.2ms
[123.254s][info][gc,phases      ] GC(210)   Merge Heap Roots: 0.4ms
[123.254s][info][gc,phases      ] GC(210)   Evacuate Collection Set: 42.7ms
[123.254s][info][gc,phases      ] GC(210)   Merge Optional Heap Roots: 0.0ms
[123.254s][info][gc,phases      ] GC(210)   Evacuate Optional Collection Set: 0.1ms
[123.254s][info][gc,phases      ] GC(210)   Post Evacuate Collection Set: 0.6ms
[123.254s][info][gc,phases      ] GC(210)   Other: 0.2ms
[123.254s][info][gc,heap        ] GC(210) Eden regions: 259->0(232)
[123.254s][info][gc,heap        ] GC(210) Survivor regions: 47->39(39)
[123.254s][info][gc,heap        ] GC(210) Old regions: 521->573
[123.254s][info][gc,heap        ] GC(210) Archive regions: 0->0
[123.254s][info][gc,heap        ] GC(210) Humongous regions: 1->1
[123.254s][info][gc,metaspace   ] GC(210) Metaspace: 16668K(17408K)->16668K(17408K) NonClass: 14241K(14720K)->14241K(14720K) Class: 2426K(2688K)->2426K(2688K)
[123.254s][info][gc             ] GC(210) Pause Young (Mixed) (G1 Evacuation Pause) 823M->609M(1071M) 44.664ms
[123.254s][info][gc,cpu         ] GC(210) User=1.17s Sys=0.00s Real=0.06s
[123.473s][info][gc,start       ] GC(211) Pause Young (Mixed) (G1 Evacuation Pause)
[123.473s][info][gc,task        ] GC(211) Using 25 workers of 33 for evacuation
[123.515s][info][gc,phases      ] GC(211)   Pre Evacuate Collection Set: 0.2ms
[123.515s][info][gc,phases      ] GC(211)   Merge Heap Roots: 0.3ms
[123.515s][info][gc,phases      ] GC(211)   Evacuate Collection Set: 40.6ms
[123.515s][info][gc,phases      ] GC(211)   Post Evacuate Collection Set: 0.5ms
[123.515s][info][gc,phases      ] GC(211)   Other: 0.2ms
[123.515s][info][gc,heap        ] GC(211) Eden regions: 232->0(207)
[123.515s][info][gc,heap        ] GC(211) Survivor regions: 39->34(34)
[123.515s][info][gc,heap        ] GC(211) Old regions: 573->622
[123.515s][info][gc,heap        ] GC(211) Archive regions: 0->0
[123.515s][info][gc,heap        ] GC(211) Humongous regions: 1->1
[123.515s][info][gc,metaspace   ] GC(211) Metaspace: 16668K(17408K)->16668K(17408K) NonClass: 14241K(14720K)->14241K(14720K) Class: 2426K(2688K)->2426K(2688K)
[123.515s][info][gc             ] GC(211) Pause Young (Mixed) (G1 Evacuation Pause) 841M->653M(1071M) 42.077ms
[123.515s][info][gc,cpu         ] GC(211) User=1.17s Sys=0.00s Real=0.05s
[123.671s][info][gc,start       ] GC(212) Pause Young (Concurrent Start) (G1 Humongous Allocation)
[123.671s][info][gc,task        ] GC(212) Using 25 workers of 33 for evacuation
[123.705s][info][gc,phases      ] GC(212)   Pre Evacuate Collection Set: 0.4ms
[123.705s][info][gc,phases      ] GC(212)   Merge Heap Roots: 0.3ms
[123.705s][info][gc,phases      ] GC(212)   Evacuate Collection Set: 32.0ms
[123.705s][info][gc,phases      ] GC(212)   Post Evacuate Collection Set: 1.4ms
[123.705s][info][gc,phases      ] GC(212)   Other: 0.1ms
[123.705s][info][gc,heap        ] GC(212) Eden regions: 174->0(263)
[123.705s][info][gc,heap        ] GC(212) Survivor regions: 34->31(31)
[123.705s][info][gc,heap        ] GC(212) Old regions: 622->704
[123.705s][info][gc,heap        ] GC(212) Archive regions: 0->0
[123.705s][info][gc,heap        ] GC(212) Humongous regions: 1->1
[123.705s][info][gc,metaspace   ] GC(212) Metaspace: 16668K(17408K)->16668K(17408K) NonClass: 14241K(14720K)->14241K(14720K) Class: 2426K(2688K)->2426K(2688K)
[123.705s][info][gc             ] GC(212) Pause Young (Concurrent Start) (G1 Humongous Allocation) 827M->731M(1267M) 34.611ms
[123.705s][info][gc             ] GC(213) Concurrent Mark Cycle
[123.705s][info][gc,cpu         ] GC(212) User=0.80s Sys=0.00s Real=0.05s
[123.705s][info][gc,marking     ] GC(213) Concurrent Scan Root Regions
[123.719s][info][gc,marking     ] GC(213) Concurrent Scan Root Regions 13.342ms
[123.719s][info][gc,marking     ] GC(213) Concurrent Mark
[123.719s][info][gc,marking     ] GC(213) Concurrent Mark From Roots
[123.719s][info][gc,task        ] GC(213) Using 8 workers of 8 for marking
[123.809s][info][gc,marking     ] GC(213) Concurrent Mark From Roots 90.242ms
[123.809s][info][gc,marking     ] GC(213) Concurrent Preclean
[123.809s][info][gc,marking     ] GC(213) Concurrent Preclean 0.027ms
[123.809s][info][gc,start       ] GC(213) Pause Remark
[123.811s][info][gc             ] GC(213) Pause Remark 757M->516M(1267M) 1.579ms
[123.811s][info][gc,cpu         ] GC(213) User=0.00s Sys=0.00s Real=0.00s
[123.811s][info][gc,marking     ] GC(213) Concurrent Mark 92.097ms
[123.811s][info][gc,marking     ] GC(213) Concurrent Rebuild Remembered Sets and Scrub Regions
[123.977s][info][gc,marking     ] GC(213) Concurrent Rebuild Remembered Sets and Scrub Regions 165.564ms
[123.978s][info][gc,start       ] GC(213) Pause Cleanup
[123.979s][info][gc             ] GC(213) Pause Cleanup 554M->554M(1267M) 0.373ms
[123.979s][info][gc,cpu         ] GC(213) User=0.00s Sys=0.00s Real=0.00s
[123.979s][info][gc,marking     ] GC(213) Concurrent Clear Claimed Marks
[123.979s][info][gc,marking     ] GC(213) Concurrent Clear Claimed Marks 0.041ms
[123.979s][info][gc,marking     ] GC(213) Concurrent Cleanup for Next Mark
[123.980s][info][gc,marking     ] GC(213) Concurrent Cleanup for Next Mark 1.343ms
[123.980s][info][gc             ] GC(213) Concurrent Mark Cycle 274.760ms
[124.614s][info][gc,start       ] GC(214) Pause Young (Prepare Mixed) (G1 Evacuation Pause)
[124.614s][info][gc,task        ] GC(214) Using 30 workers of 33 for evacuation
[124.656s][info][gc,phases      ] GC(214)   Pre Evacuate Collection Set: 0.2ms
[124.656s][info][gc,phases      ] GC(214)   Merge Heap Roots: 2.2ms
[124.656s][info][gc,phases      ] GC(214)   Evacuate Collection Set: 37.7ms
[124.656s][info][gc,phases      ] GC(214)   Post Evacuate Collection Set: 1.4ms
[124.656s][info][gc,phases      ] GC(214)   Other: 0.2ms
[124.656s][info][gc,heap        ] GC(214) Eden regions: 263->0(384)
[124.656s][info][gc,heap        ] GC(214) Survivor regions: 31->36(37)
[124.656s][info][gc,heap        ] GC(214) Old regions: 464->503
[124.656s][info][gc,heap        ] GC(214) Archive regions: 0->0
[124.656s][info][gc,heap        ] GC(214) Humongous regions: 6->6
[124.656s][info][gc,metaspace   ] GC(214) Metaspace: 16668K(17408K)->16668K(17408K) NonClass: 14241K(14720K)->14241K(14720K) Class: 2426K(2688K)->2426K(2688K)
[124.656s][info][gc             ] GC(214) Pause Young (Prepare Mixed) (G1 Evacuation Pause) 759M->540M(1267M) 41.947ms
[124.656s][info][gc,cpu         ] GC(214) User=1.36s Sys=0.03s Real=0.05s
[125.250s][info][gc,start       ] GC(215) Pause Young (Mixed) (G1 Evacuation Pause)
[125.250s][info][gc,task        ] GC(215) Using 30 workers of 33 for evacuation
[125.273s][info][gc,phases      ] GC(215)   Pre Evacuate Collection Set: 0.2ms
[125.273s][info][gc,phases      ] GC(215)   Merge Heap Roots: 1.6ms
[125.273s][info][gc,phases      ] GC(215)   Evacuate Collection Set: 20.4ms
[125.273s][info][gc,phases      ] GC(215)   Post Evacuate Collection Set: 0.5ms
[125.273s][info][gc,phases      ] GC(215)   Other: 0.2ms
[125.273s][info][gc,heap        ] GC(215) Eden regions: 321->0(440)
[125.273s][info][gc,heap        ] GC(215) Survivor regions: 36->1(45)
[125.273s][info][gc,heap        ] GC(215) Old regions: 503->499
[125.273s][info][gc,heap        ] GC(215) Archive regions: 0->0
[125.273s][info][gc,heap        ] GC(215) Humongous regions: 6->6
[125.273s][info][gc,metaspace   ] GC(215) Metaspace: 16668K(17408K)->16668K(17408K) NonClass: 14241K(14720K)->14241K(14720K) Class: 2426K(2688K)->2426K(2688K)
[125.273s][info][gc             ] GC(215) Pause Young (Mixed) (G1 Evacuation Pause) 861M->501M(1267M) 23.223ms
[125.273s][info][gc,cpu         ] GC(215) User=0.73s Sys=0.02s Real=0.03s
[126.843s][info][gc,start       ] GC(216) Pause Full (System.gc())
[126.844s][info][gc,task        ] GC(216) Using 30 workers of 33 for full compaction
[126.845s][info][gc,phases,start] GC(216) Phase 1: Mark live objects
[126.855s][info][gc,phases      ] GC(216) Phase 1: Mark live objects 9.954ms
[126.855s][info][gc,phases,start] GC(216) Phase 2: Prepare compaction
[126.858s][info][gc,phases      ] GC(216) Phase 2: Prepare compaction 2.825ms
[126.858s][info][gc,phases,start] GC(216) Phase 3: Adjust pointers
[126.862s][info][gc,phases      ] GC(216) Phase 3: Adjust pointers 4.263ms
[126.862s][info][gc,phases,start] GC(216) Phase 4: Compact heap
[126.863s][info][gc,phases      ] GC(216) Phase 4: Compact heap 1.065ms
[126.870s][info][gc,heap        ] GC(216) Eden regions: 83->0(42)
[126.870s][info][gc,heap        ] GC(216) Survivor regions: 1->0(45)
[126.870s][info][gc,heap        ] GC(216) Old regions: 499->31
[126.870s][info][gc,heap        ] GC(216) Archive regions: 0->0
[126.870s][info][gc,heap        ] GC(216) Humongous regions: 6->0
[126.870s][info][gc,metaspace   ] GC(216) Metaspace: 16669K(17408K)->16669K(17408K) NonClass: 14243K(14720K)->14243K(14720K) Class: 2426K(2688K)->2426K(2688K)
[126.870s][info][gc             ] GC(216) Pause Full (System.gc()) 583M->16M(104M) 27.102ms
[126.871s][info][gc,cpu         ] GC(216) User=0.17s Sys=0.30s Real=0.02s
[127.854s][info][gc,start       ] GC(217) Pause Young (Concurrent Start) (G1 Evacuation Pause)
[127.854s][info][gc,task        ] GC(217) Using 16 workers of 33 for evacuation
[127.876s][info][gc,phases      ] GC(217)   Pre Evacuate Collection Set: 0.3ms
[127.877s][info][gc,phases      ] GC(217)   Merge Heap Roots: 0.1ms
[127.877s][info][gc,phases      ] GC(217)   Evacuate Collection Set: 21.3ms
[127.877s][info][gc,phases      ] GC(217)   Post Evacuate Collection Set: 0.6ms
[127.877s][info][gc,phases      ] GC(217)   Other: 0.1ms
[127.877s][info][gc,heap        ] GC(217) Eden regions: 42->0(40)
[127.877s][info][gc,heap        ] GC(217) Survivor regions: 0->6(6)
[127.877s][info][gc,heap        ] GC(217) Old regions: 31->31
[127.877s][info][gc,heap        ] GC(217) Archive regions: 0->0
[127.877s][info][gc,heap        ] GC(217) Humongous regions: 0->0
[127.877s][info][gc,metaspace   ] GC(217) Metaspace: 16670K(17408K)->16670K(17408K) NonClass: 14243K(14720K)->14243K(14720K) Class: 2426K(2688K)->2426K(2688K)
[127.877s][info][gc             ] GC(217) Pause Young (Concurrent Start) (G1 Evacuation Pause) 58M->21M(104M) 22.839ms
[127.877s][info][gc             ] GC(218) Concurrent Mark Cycle
[127.877s][info][gc,cpu         ] GC(217) User=0.23s Sys=0.02s Real=0.02s
[127.877s][info][gc,marking     ] GC(218) Concurrent Scan Root Regions
[127.879s][info][gc,marking     ] GC(218) Concurrent Scan Root Regions 1.694ms
[127.879s][info][gc,marking     ] GC(218) Concurrent Mark
[127.879s][info][gc,marking     ] GC(218) Concurrent Mark From Roots
[127.879s][info][gc,task        ] GC(218) Using 8 workers of 8 for marking
[127.884s][info][gc,marking     ] GC(218) Concurrent Mark From Roots 5.706ms
[127.884s][info][gc,marking     ] GC(218) Concurrent Preclean
[127.884s][info][gc,marking     ] GC(218) Concurrent Preclean 0.043ms
[127.885s][info][gc,start       ] GC(218) Pause Remark
[127.886s][info][gc             ] GC(218) Pause Remark 22M->22M(104M) 1.214ms
[127.886s][info][gc,cpu         ] GC(218) User=0.00s Sys=0.00s Real=0.00s
[127.886s][info][gc,marking     ] GC(218) Concurrent Mark 7.247ms
[127.886s][info][gc,marking     ] GC(218) Concurrent Rebuild Remembered Sets and Scrub Regions
[127.889s][info][gc,marking     ] GC(218) Concurrent Rebuild Remembered Sets and Scrub Regions 3.368ms
[127.889s][info][gc,start       ] GC(218) Pause Cleanup
[127.890s][info][gc             ] GC(218) Pause Cleanup 23M->23M(104M) 0.178ms
[127.890s][info][gc,cpu         ] GC(218) User=0.00s Sys=0.00s Real=0.00s
[127.890s][info][gc,marking     ] GC(218) Concurrent Clear Claimed Marks
[127.890s][info][gc,marking     ] GC(218) Concurrent Clear Claimed Marks 0.026ms
[127.890s][info][gc,marking     ] GC(218) Concurrent Cleanup for Next Mark
[127.890s][info][gc,marking     ] GC(218) Concurrent Cleanup for Next Mark 0.163ms
[127.890s][info][gc             ] GC(218) Concurrent Mark Cycle 12.997ms
[128.774s][info][gc,start       ] GC(219) Pause Young (Prepare Mixed) (G1 Evacuation Pause)
[128.774s][info][gc,task        ] GC(219) Using 9 workers of 33 for evacuation
[128.777s][info][gc,phases      ] GC(219)   Pre Evacuate Collection Set: 0.1ms
[128.777s][info][gc,phases      ] GC(219)   Merge Heap Roots: 0.1ms
[128.777s][info][gc,phases      ] GC(219)   Evacuate Collection Set: 1.4ms
[128.777s][info][gc,phases      ] GC(219)   Post Evacuate Collection Set: 0.5ms
[128.777s][info][gc,phases      ] GC(219)   Other: 0.1ms
[128.777s][info][gc,heap        ] GC(219) Eden regions: 40->0(45)
[128.777s][info][gc,heap        ] GC(219) Survivor regions: 6->3(6)
[128.777s][info][gc,heap        ] GC(219) Old regions: 31->32
[128.777s][info][gc,heap        ] GC(219) Archive regions: 0->0
[128.777s][info][gc,heap        ] GC(219) Humongous regions: 0->0
[128.777s][info][gc,metaspace   ] GC(219) Metaspace: 16670K(17408K)->16670K(17408K) NonClass: 14243K(14720K)->14243K(14720K) Class: 2426K(2688K)->2426K(2688K)
[128.777s][info][gc             ] GC(219) Pause Young (Prepare Mixed) (G1 Evacuation Pause) 61M->19M(104M) 2.781ms
[128.777s][info][gc,cpu         ] GC(219) User=0.00s Sys=0.00s Real=0.00s
[128.784s][info][gc,start       ] GC(220) Pause Young (Mixed) (G1 Evacuation Pause)
[128.785s][info][gc,task        ] GC(220) Using 5 workers of 33 for evacuation
[128.788s][info][gc,phases      ] GC(220)   Pre Evacuate Collection Set: 0.1ms
[128.788s][info][gc,phases      ] GC(220)   Merge Heap Roots: 0.1ms
[128.788s][info][gc,phases      ] GC(220)   Evacuate Collection Set: 2.2ms
[128.788s][info][gc,phases      ] GC(220)   Post Evacuate Collection Set: 0.5ms
[128.788s][info][gc,phases      ] GC(220)   Other: 0.1ms
[128.788s][info][gc,heap        ] GC(220) Eden regions: 45->0(55)
[128.788s][info][gc,heap        ] GC(220) Survivor regions: 3->2(6)
[128.788s][info][gc,heap        ] GC(220) Old regions: 32->23
[128.788s][info][gc,heap        ] GC(220) Archive regions: 0->0
[128.788s][info][gc,heap        ] GC(220) Humongous regions: 0->0
[128.788s][info][gc,metaspace   ] GC(220) Metaspace: 16670K(17408K)->16670K(17408K) NonClass: 14243K(14720K)->14243K(14720K) Class: 2426K(2688K)->2426K(2688K)
[128.788s][info][gc             ] GC(220) Pause Young (Mixed) (G1 Evacuation Pause) 64M->18M(104M) 3.546ms
[128.788s][info][gc,cpu         ] GC(220) User=0.00s Sys=0.00s Real=0.00s
[128.796s][info][gc,start       ] GC(221) Pause Young (Concurrent Start) (G1 Evacuation Pause)
[128.796s][info][gc,task        ] GC(221) Using 3 workers of 33 for evacuation
[128.800s][info][gc,phases      ] GC(221)   Pre Evacuate Collection Set: 0.2ms
[128.800s][info][gc,phases      ] GC(221)   Merge Heap Roots: 0.1ms
[128.800s][info][gc,phases      ] GC(221)   Evacuate Collection Set: 3.3ms
[128.800s][info][gc,phases      ] GC(221)   Post Evacuate Collection Set: 0.4ms
[128.800s][info][gc,phases      ] GC(221)   Other: 0.1ms
[128.800s][info][gc,heap        ] GC(221) Eden regions: 55->0(59)
[128.800s][info][gc,heap        ] GC(221) Survivor regions: 2->2(8)
[128.800s][info][gc,heap        ] GC(221) Old regions: 23->23
[128.800s][info][gc,heap        ] GC(221) Archive regions: 0->0
[128.800s][info][gc,heap        ] GC(221) Humongous regions: 0->0
[128.800s][info][gc,metaspace   ] GC(221) Metaspace: 16670K(17408K)->16670K(17408K) NonClass: 14243K(14720K)->14243K(14720K) Class: 2426K(2688K)->2426K(2688K)
[128.801s][info][gc             ] GC(221) Pause Young (Concurrent Start) (G1 Evacuation Pause) 73M->18M(104M) 4.471ms
[128.801s][info][gc,cpu         ] GC(221) User=0.00s Sys=0.00s Real=0.00s
[128.801s][info][gc             ] GC(222) Concurrent Mark Cycle
[128.801s][info][gc,marking     ] GC(222) Concurrent Scan Root Regions
[128.803s][info][gc,marking     ] GC(222) Concurrent Scan Root Regions 2.805ms
[128.804s][info][gc,marking     ] GC(222) Concurrent Mark
[128.804s][info][gc,marking     ] GC(222) Concurrent Mark From Roots
[128.804s][info][gc,task        ] GC(222) Using 8 workers of 8 for marking
[128.810s][info][gc,start       ] GC(223) Pause Young (Normal) (G1 Evacuation Pause)
[128.810s][info][gc,task        ] GC(223) Using 2 workers of 33 for evacuation
[128.822s][info][gc,phases      ] GC(223)   Pre Evacuate Collection Set: 0.1ms
[128.822s][info][gc,phases      ] GC(223)   Merge Heap Roots: 0.1ms
[128.822s][info][gc,phases      ] GC(223)   Evacuate Collection Set: 4.0ms
[128.822s][info][gc,phases      ] GC(223)   Post Evacuate Collection Set: 7.5ms
[128.822s][info][gc,phases      ] GC(223)   Other: 0.1ms
[128.822s][info][gc,heap        ] GC(223) Eden regions: 59->0(506)
[128.822s][info][gc,heap        ] GC(223) Survivor regions: 2->2(8)
[128.822s][info][gc,heap        ] GC(223) Old regions: 23->23
[128.822s][info][gc,heap        ] GC(223) Archive regions: 0->0
[128.822s][info][gc,heap        ] GC(223) Humongous regions: 0->0
[128.822s][info][gc,metaspace   ] GC(223) Metaspace: 16670K(17408K)->16670K(17408K) NonClass: 14243K(14720K)->14243K(14720K) Class: 2426K(2688K)->2426K(2688K)
[128.822s][info][gc             ] GC(223) Pause Young (Normal) (G1 Evacuation Pause) 77M->18M(1076M) 12.026ms
[128.822s][info][gc,cpu         ] GC(223) User=0.00s Sys=0.02s Real=0.02s
[128.827s][info][gc,marking     ] GC(222) Concurrent Mark From Roots 23.454ms
[128.827s][info][gc,marking     ] GC(222) Concurrent Preclean
[128.827s][info][gc,marking     ] GC(222) Concurrent Preclean 0.057ms
[128.828s][info][gc,start       ] GC(222) Pause Remark
[128.832s][info][gc             ] GC(222) Pause Remark 24M->24M(104M) 4.047ms
[128.832s][info][gc,cpu         ] GC(222) User=0.00s Sys=0.00s Real=0.00s
[128.832s][info][gc,marking     ] GC(222) Concurrent Mark 28.716ms
[128.832s][info][gc,marking     ] GC(222) Concurrent Rebuild Remembered Sets and Scrub Regions
[128.838s][info][gc,marking     ] GC(222) Concurrent Rebuild Remembered Sets and Scrub Regions 5.312ms
[128.838s][info][gc,start       ] GC(222) Pause Cleanup
[128.838s][info][gc             ] GC(222) Pause Cleanup 56M->56M(104M) 0.120ms
[128.838s][info][gc,cpu         ] GC(222) User=0.00s Sys=0.00s Real=0.00s
[128.838s][info][gc,marking     ] GC(222) Concurrent Clear Claimed Marks
[128.838s][info][gc,marking     ] GC(222) Concurrent Clear Claimed Marks 0.080ms
[128.838s][info][gc,marking     ] GC(222) Concurrent Cleanup for Next Mark
[128.839s][info][gc,marking     ] GC(222) Concurrent Cleanup for Next Mark 0.278ms
[128.839s][info][gc             ] GC(222) Concurrent Mark Cycle 38.096ms
[128.844s][info][gc,start       ] GC(224) Pause Young (Prepare Mixed) (G1 Evacuation Pause)
[128.844s][info][gc,task        ] GC(224) Using 2 workers of 33 for evacuation
[128.849s][info][gc,phases      ] GC(224)   Pre Evacuate Collection Set: 0.1ms
[128.850s][info][gc,phases      ] GC(224)   Merge Heap Roots: 0.1ms
[128.850s][info][gc,phases      ] GC(224)   Evacuate Collection Set: 4.6ms
[128.850s][info][gc,phases      ] GC(224)   Post Evacuate Collection Set: 0.4ms
[128.850s][info][gc,phases      ] GC(224)   Other: 0.1ms
[128.850s][info][gc,heap        ] GC(224) Eden regions: 79->0(61)
[128.850s][info][gc,heap        ] GC(224) Survivor regions: 2->2(69)
[128.850s][info][gc,heap        ] GC(224) Old regions: 23->23
[128.850s][info][gc,heap        ] GC(224) Archive regions: 0->0
[128.850s][info][gc,heap        ] GC(224) Humongous regions: 0->0
[128.850s][info][gc,metaspace   ] GC(224) Metaspace: 16670K(17408K)->16670K(17408K) NonClass: 14243K(14720K)->14243K(14720K) Class: 2426K(2688K)->2426K(2688K)
[128.850s][info][gc             ] GC(224) Pause Young (Prepare Mixed) (G1 Evacuation Pause) 97M->18M(106M) 5.509ms
[128.850s][info][gc,cpu         ] GC(224) User=0.00s Sys=0.00s Real=0.00s
[128.857s][info][gc,start       ] GC(225) Pause Young (Mixed) (G1 Evacuation Pause)
[128.857s][info][gc,task        ] GC(225) Using 2 workers of 33 for evacuation
[128.863s][info][gc,phases      ] GC(225)   Pre Evacuate Collection Set: 0.1ms
[128.863s][info][gc,phases      ] GC(225)   Merge Heap Roots: 0.1ms
[128.863s][info][gc,phases      ] GC(225)   Evacuate Collection Set: 4.8ms
[128.863s][info][gc,phases      ] GC(225)   Post Evacuate Collection Set: 0.3ms
[128.863s][info][gc,phases      ] GC(225)   Other: 0.1ms
[128.863s][info][gc,heap        ] GC(225) Eden regions: 61->0(61)
[128.863s][info][gc,heap        ] GC(225) Survivor regions: 2->2(8)
[128.863s][info][gc,heap        ] GC(225) Old regions: 23->22
[128.863s][info][gc,heap        ] GC(225) Archive regions: 0->0
[128.863s][info][gc,heap        ] GC(225) Humongous regions: 0->0
[128.863s][info][gc,metaspace   ] GC(225) Metaspace: 16670K(17408K)->16670K(17408K) NonClass: 14243K(14720K)->14243K(14720K) Class: 2426K(2688K)->2426K(2688K)
[128.863s][info][gc             ] GC(225) Pause Young (Mixed) (G1 Evacuation Pause) 79M->18M(106M) 5.477ms
[128.863s][info][gc,cpu         ] GC(225) User=0.00s Sys=0.00s Real=0.00s
[128.871s][info][gc,start       ] GC(226) Pause Young (Concurrent Start) (G1 Evacuation Pause)
[128.871s][info][gc,task        ] GC(226) Using 2 workers of 33 for evacuation
[128.875s][info][gc,phases      ] GC(226)   Pre Evacuate Collection Set: 0.2ms
[128.875s][info][gc,phases      ] GC(226)   Merge Heap Roots: 0.1ms
[128.875s][info][gc,phases      ] GC(226)   Evacuate Collection Set: 3.6ms
[128.876s][info][gc,phases      ] GC(226)   Post Evacuate Collection Set: 0.4ms
[128.876s][info][gc,phases      ] GC(226)   Other: 0.1ms
[128.876s][info][gc,heap        ] GC(226) Eden regions: 61->0(61)
[128.876s][info][gc,heap        ] GC(226) Survivor regions: 2->2(8)
[128.876s][info][gc,heap        ] GC(226) Old regions: 22->22
[128.876s][info][gc,heap        ] GC(226) Archive regions: 0->0
[128.876s][info][gc,heap        ] GC(226) Humongous regions: 0->0
[128.876s][info][gc,metaspace   ] GC(226) Metaspace: 16670K(17408K)->16670K(17408K) NonClass: 14243K(14720K)->14243K(14720K) Class: 2426K(2688K)->2426K(2688K)
[128.876s][info][gc             ] GC(226) Pause Young (Concurrent Start) (G1 Evacuation Pause) 79M->18M(106M) 4.488ms
[128.876s][info][gc,cpu         ] GC(226) User=0.00s Sys=0.00s Real=0.00s
[128.876s][info][gc             ] GC(227) Concurrent Mark Cycle
[128.876s][info][gc,marking     ] GC(227) Concurrent Scan Root Regions
[128.878s][info][gc,marking     ] GC(227) Concurrent Scan Root Regions 2.508ms
[128.878s][info][gc,marking     ] GC(227) Concurrent Mark
[128.878s][info][gc,marking     ] GC(227) Concurrent Mark From Roots
[128.878s][info][gc,task        ] GC(227) Using 8 workers of 8 for marking
[128.886s][info][gc,start       ] GC(228) Pause Young (Normal) (G1 Evacuation Pause)
[128.887s][info][gc,task        ] GC(228) Using 2 workers of 33 for evacuation
[128.899s][info][gc,phases      ] GC(228)   Pre Evacuate Collection Set: 0.1ms
[128.899s][info][gc,phases      ] GC(228)   Merge Heap Roots: 0.1ms
[128.899s][info][gc,phases      ] GC(228)   Evacuate Collection Set: 3.2ms
[128.899s][info][gc,phases      ] GC(228)   Post Evacuate Collection Set: 9.4ms
[128.899s][info][gc,phases      ] GC(228)   Other: 0.1ms
[128.899s][info][gc,heap        ] GC(228) Eden regions: 61->0(644)
[128.899s][info][gc,heap        ] GC(228) Survivor regions: 2->2(8)
[128.899s][info][gc,heap        ] GC(228) Old regions: 22->22
[128.899s][info][gc,heap        ] GC(228) Archive regions: 0->0
[128.899s][info][gc,heap        ] GC(228) Humongous regions: 0->0
[128.899s][info][gc,metaspace   ] GC(228) Metaspace: 16670K(17408K)->16670K(17408K) NonClass: 14243K(14720K)->14243K(14720K) Class: 2426K(2688K)->2426K(2688K)
[128.900s][info][gc             ] GC(228) Pause Young (Normal) (G1 Evacuation Pause) 79M->18M(1077M) 13.052ms
[128.900s][info][gc,cpu         ] GC(228) User=0.02s Sys=0.00s Real=0.02s
[128.902s][info][gc,marking     ] GC(227) Concurrent Mark From Roots 23.596ms
[128.902s][info][gc,marking     ] GC(227) Concurrent Preclean
[128.902s][info][gc,marking     ] GC(227) Concurrent Preclean 0.065ms
[128.902s][info][gc,start       ] GC(227) Pause Remark
[128.905s][info][gc             ] GC(227) Pause Remark 27M->27M(110M) 3.058ms
[128.905s][info][gc,cpu         ] GC(227) User=0.00s Sys=0.00s Real=0.00s
[128.906s][info][gc,marking     ] GC(227) Concurrent Mark 27.904ms
[128.906s][info][gc,marking     ] GC(227) Concurrent Rebuild Remembered Sets and Scrub Regions
[128.912s][info][gc,marking     ] GC(227) Concurrent Rebuild Remembered Sets and Scrub Regions 5.309ms
[128.912s][info][gc,start       ] GC(227) Pause Cleanup
[128.912s][info][gc             ] GC(227) Pause Cleanup 60M->60M(110M) 0.120ms
[128.912s][info][gc,cpu         ] GC(227) User=0.00s Sys=0.00s Real=0.00s
[128.912s][info][gc,marking     ] GC(227) Concurrent Clear Claimed Marks
[128.912s][info][gc,marking     ] GC(227) Concurrent Clear Claimed Marks 0.063ms
[128.912s][info][gc,marking     ] GC(227) Concurrent Cleanup for Next Mark
[128.912s][info][gc,marking     ] GC(227) Concurrent Cleanup for Next Mark 0.303ms
[128.913s][info][gc             ] GC(227) Concurrent Mark Cycle 36.858ms
[128.918s][info][gc,start       ] GC(229) Pause Young (Prepare Mixed) (G1 Evacuation Pause)
[128.918s][info][gc,task        ] GC(229) Using 2 workers of 33 for evacuation
[128.922s][info][gc,phases      ] GC(229)   Pre Evacuate Collection Set: 0.1ms
[128.922s][info][gc,phases      ] GC(229)   Merge Heap Roots: 0.1ms
[128.922s][info][gc,phases      ] GC(229)   Evacuate Collection Set: 3.2ms
[128.922s][info][gc,phases      ] GC(229)   Post Evacuate Collection Set: 0.4ms
[128.922s][info][gc,phases      ] GC(229)   Other: 0.1ms
[128.922s][info][gc,heap        ] GC(229) Eden regions: 86->0(65)
[128.922s][info][gc,heap        ] GC(229) Survivor regions: 2->2(81)
[128.922s][info][gc,heap        ] GC(229) Old regions: 22->22
[128.922s][info][gc,heap        ] GC(229) Archive regions: 0->0
[128.922s][info][gc,heap        ] GC(229) Humongous regions: 0->0
[128.922s][info][gc,metaspace   ] GC(229) Metaspace: 16670K(17408K)->16670K(17408K) NonClass: 14243K(14720K)->14243K(14720K) Class: 2426K(2688K)->2426K(2688K)
[128.922s][info][gc             ] GC(229) Pause Young (Prepare Mixed) (G1 Evacuation Pause) 104M->18M(112M) 3.974ms
[128.922s][info][gc,cpu         ] GC(229) User=0.00s Sys=0.00s Real=0.00s
[128.930s][info][gc,start       ] GC(230) Pause Young (Mixed) (G1 Evacuation Pause)
[128.930s][info][gc,task        ] GC(230) Using 2 workers of 33 for evacuation
[128.934s][info][gc,phases      ] GC(230)   Pre Evacuate Collection Set: 0.1ms
[128.934s][info][gc,phases      ] GC(230)   Merge Heap Roots: 0.1ms
[128.934s][info][gc,phases      ] GC(230)   Evacuate Collection Set: 3.4ms
[128.934s][info][gc,phases      ] GC(230)   Post Evacuate Collection Set: 0.3ms
[128.934s][info][gc,phases      ] GC(230)   Other: 0.1ms
[128.934s][info][gc,heap        ] GC(230) Eden regions: 65->0(65)
[128.934s][info][gc,heap        ] GC(230) Survivor regions: 2->2(9)
[128.934s][info][gc,heap        ] GC(230) Old regions: 22->21
[128.934s][info][gc,heap        ] GC(230) Archive regions: 0->0
[128.934s][info][gc,heap        ] GC(230) Humongous regions: 0->0
[128.934s][info][gc,metaspace   ] GC(230) Metaspace: 16670K(17408K)->16670K(17408K) NonClass: 14243K(14720K)->14243K(14720K) Class: 2426K(2688K)->2426K(2688K)
[128.934s][info][gc             ] GC(230) Pause Young (Mixed) (G1 Evacuation Pause) 83M->18M(112M) 4.124ms
[128.934s][info][gc,cpu         ] GC(230) User=0.00s Sys=0.00s Real=0.00s
[128.942s][info][gc,start       ] GC(231) Pause Young (Concurrent Start) (G1 Evacuation Pause)
[128.942s][info][gc,task        ] GC(231) Using 2 workers of 33 for evacuation
[128.947s][info][gc,phases      ] GC(231)   Pre Evacuate Collection Set: 0.2ms
[128.947s][info][gc,phases      ] GC(231)   Merge Heap Roots: 0.1ms
[128.947s][info][gc,phases      ] GC(231)   Evacuate Collection Set: 4.5ms
[128.947s][info][gc,phases      ] GC(231)   Post Evacuate Collection Set: 0.3ms
[128.947s][info][gc,phases      ] GC(231)   Other: 0.1ms
[128.947s][info][gc,heap        ] GC(231) Eden regions: 65->0(65)
[128.947s][info][gc,heap        ] GC(231) Survivor regions: 2->2(9)
[128.947s][info][gc,heap        ] GC(231) Old regions: 21->21
[128.947s][info][gc,heap        ] GC(231) Archive regions: 0->0
[128.947s][info][gc,heap        ] GC(231) Humongous regions: 0->0
[128.947s][info][gc,metaspace   ] GC(231) Metaspace: 16670K(17408K)->16670K(17408K) NonClass: 14243K(14720K)->14243K(14720K) Class: 2426K(2688K)->2426K(2688K)
[128.947s][info][gc             ] GC(231) Pause Young (Concurrent Start) (G1 Evacuation Pause) 83M->18M(112M) 5.284ms
[128.947s][info][gc,cpu         ] GC(231) User=0.00s Sys=0.00s Real=0.00s
[128.947s][info][gc             ] GC(232) Concurrent Mark Cycle
[128.947s][info][gc,marking     ] GC(232) Concurrent Scan Root Regions
[128.949s][info][gc,marking     ] GC(232) Concurrent Scan Root Regions 1.402ms
[128.949s][info][gc,marking     ] GC(232) Concurrent Mark
[128.949s][info][gc,marking     ] GC(232) Concurrent Mark From Roots
[128.949s][info][gc,task        ] GC(232) Using 8 workers of 8 for marking
[128.957s][info][gc,start       ] GC(233) Pause Young (Normal) (G1 Evacuation Pause)
[128.957s][info][gc,task        ] GC(233) Using 2 workers of 33 for evacuation
[128.965s][info][gc,phases      ] GC(233)   Pre Evacuate Collection Set: 0.1ms
[128.965s][info][gc,phases      ] GC(233)   Merge Heap Roots: 0.1ms
[128.965s][info][gc,phases      ] GC(233)   Evacuate Collection Set: 3.0ms
[128.965s][info][gc,phases      ] GC(233)   Post Evacuate Collection Set: 4.4ms
[128.965s][info][gc,phases      ] GC(233)   Other: 0.1ms
[128.965s][info][gc,heap        ] GC(233) Eden regions: 65->0(646)
[128.965s][info][gc,heap        ] GC(233) Survivor regions: 2->2(9)
[128.965s][info][gc,heap        ] GC(233) Old regions: 21->21
[128.965s][info][gc,heap        ] GC(233) Archive regions: 0->0
[128.965s][info][gc,heap        ] GC(233) Humongous regions: 0->0
[128.965s][info][gc,metaspace   ] GC(233) Metaspace: 16670K(17408K)->16670K(17408K) NonClass: 14243K(14720K)->14243K(14720K) Class: 2426K(2688K)->2426K(2688K)
[128.965s][info][gc             ] GC(233) Pause Young (Normal) (G1 Evacuation Pause) 83M->18M(1080M) 7.792ms
[128.965s][info][gc,cpu         ] GC(233) User=0.00s Sys=0.02s Real=0.02s
[128.967s][info][gc,marking     ] GC(232) Concurrent Mark From Roots 18.503ms
[128.967s][info][gc,marking     ] GC(232) Concurrent Preclean
[128.967s][info][gc,marking     ] GC(232) Concurrent Preclean 0.032ms
[128.967s][info][gc,start       ] GC(232) Pause Remark
[128.970s][info][gc             ] GC(232) Pause Remark 22M->22M(90M) 2.668ms
[128.970s][info][gc,cpu         ] GC(232) User=0.00s Sys=0.00s Real=0.00s
[128.970s][info][gc,marking     ] GC(232) Concurrent Mark 21.738ms
[128.970s][info][gc,marking     ] GC(232) Concurrent Rebuild Remembered Sets and Scrub Regions
[128.975s][info][gc,marking     ] GC(232) Concurrent Rebuild Remembered Sets and Scrub Regions 4.424ms
[128.975s][info][gc,start       ] GC(232) Pause Cleanup
[128.975s][info][gc             ] GC(232) Pause Cleanup 52M->52M(90M) 0.106ms
[128.975s][info][gc,cpu         ] GC(232) User=0.00s Sys=0.00s Real=0.00s
[128.975s][info][gc,marking     ] GC(232) Concurrent Clear Claimed Marks
[128.975s][info][gc,marking     ] GC(232) Concurrent Clear Claimed Marks 0.063ms
[128.975s][info][gc,marking     ] GC(232) Concurrent Cleanup for Next Mark
[128.976s][info][gc,marking     ] GC(232) Concurrent Cleanup for Next Mark 0.248ms
[128.976s][info][gc             ] GC(232) Concurrent Mark Cycle 28.577ms
[128.980s][info][gc,start       ] GC(234) Pause Young (Prepare Mixed) (G1 Evacuation Pause)
[128.980s][info][gc,task        ] GC(234) Using 2 workers of 33 for evacuation
[128.983s][info][gc,phases      ] GC(234)   Pre Evacuate Collection Set: 0.1ms
[128.983s][info][gc,phases      ] GC(234)   Merge Heap Roots: 0.1ms
[128.983s][info][gc,phases      ] GC(234)   Evacuate Collection Set: 3.2ms
[128.983s][info][gc,phases      ] GC(234)   Post Evacuate Collection Set: 0.4ms
[128.983s][info][gc,phases      ] GC(234)   Other: 0.1ms
[128.983s][info][gc,heap        ] GC(234) Eden regions: 67->0(53)
[128.983s][info][gc,heap        ] GC(234) Survivor regions: 2->2(81)
[128.983s][info][gc,heap        ] GC(234) Old regions: 21->21
[128.983s][info][gc,heap        ] GC(234) Archive regions: 0->0
[128.984s][info][gc,heap        ] GC(234) Humongous regions: 0->0
[128.984s][info][gc,metaspace   ] GC(234) Metaspace: 16670K(17408K)->16670K(17408K) NonClass: 14243K(14720K)->14243K(14720K) Class: 2426K(2688K)->2426K(2688K)
[128.984s][info][gc             ] GC(234) Pause Young (Prepare Mixed) (G1 Evacuation Pause) 85M->18M(92M) 3.978ms
[128.984s][info][gc,cpu         ] GC(234) User=0.00s Sys=0.00s Real=0.00s
[128.990s][info][gc,start       ] GC(235) Pause Young (Mixed) (G1 Evacuation Pause)
[128.990s][info][gc,task        ] GC(235) Using 2 workers of 33 for evacuation
[128.994s][info][gc,phases      ] GC(235)   Pre Evacuate Collection Set: 0.1ms
[128.994s][info][gc,phases      ] GC(235)   Merge Heap Roots: 0.0ms
[128.994s][info][gc,phases      ] GC(235)   Evacuate Collection Set: 3.5ms
[128.994s][info][gc,phases      ] GC(235)   Post Evacuate Collection Set: 0.3ms
[128.994s][info][gc,phases      ] GC(235)   Other: 0.1ms
[128.994s][info][gc,heap        ] GC(235) Eden regions: 53->0(53)
[128.994s][info][gc,heap        ] GC(235) Survivor regions: 2->2(7)
[128.994s][info][gc,heap        ] GC(235) Old regions: 21->20
[128.994s][info][gc,heap        ] GC(235) Archive regions: 0->0
[128.994s][info][gc,heap        ] GC(235) Humongous regions: 0->0
[128.994s][info][gc,metaspace   ] GC(235) Metaspace: 16670K(17408K)->16670K(17408K) NonClass: 14243K(14720K)->14243K(14720K) Class: 2426K(2688K)->2426K(2688K)
[128.994s][info][gc             ] GC(235) Pause Young (Mixed) (G1 Evacuation Pause) 71M->18M(92M) 4.194ms
[128.994s][info][gc,cpu         ] GC(235) User=0.00s Sys=0.00s Real=0.00s
[129.000s][info][gc,start       ] GC(236) Pause Young (Concurrent Start) (G1 Evacuation Pause)
[129.000s][info][gc,task        ] GC(236) Using 2 workers of 33 for evacuation
[129.005s][info][gc,phases      ] GC(236)   Pre Evacuate Collection Set: 0.2ms
[129.005s][info][gc,phases      ] GC(236)   Merge Heap Roots: 0.1ms
[129.005s][info][gc,phases      ] GC(236)   Evacuate Collection Set: 3.6ms
[129.005s][info][gc,phases      ] GC(236)   Post Evacuate Collection Set: 0.3ms
[129.005s][info][gc,phases      ] GC(236)   Other: 0.1ms
[129.005s][info][gc,heap        ] GC(236) Eden regions: 53->0(53)
[129.005s][info][gc,heap        ] GC(236) Survivor regions: 2->2(7)
[129.005s][info][gc,heap        ] GC(236) Old regions: 20->20
[129.005s][info][gc,heap        ] GC(236) Archive regions: 0->0
[129.005s][info][gc,heap        ] GC(236) Humongous regions: 0->0
[129.005s][info][gc,metaspace   ] GC(236) Metaspace: 16670K(17408K)->16670K(17408K) NonClass: 14243K(14720K)->14243K(14720K) Class: 2426K(2688K)->2426K(2688K)
[129.005s][info][gc             ] GC(236) Pause Young (Concurrent Start) (G1 Evacuation Pause) 71M->18M(92M) 4.366ms
[129.005s][info][gc             ] GC(237) Concurrent Mark Cycle
[129.005s][info][gc,cpu         ] GC(236) User=0.00s Sys=0.00s Real=0.00s
[129.005s][info][gc,marking     ] GC(237) Concurrent Scan Root Regions
[129.007s][info][gc,marking     ] GC(237) Concurrent Scan Root Regions 1.897ms
[129.007s][info][gc,marking     ] GC(237) Concurrent Mark
[129.007s][info][gc,marking     ] GC(237) Concurrent Mark From Roots
[129.007s][info][gc,task        ] GC(237) Using 8 workers of 8 for marking
[129.013s][info][gc,start       ] GC(238) Pause Young (Normal) (G1 Evacuation Pause)
[129.013s][info][gc,task        ] GC(238) Using 2 workers of 33 for evacuation
[129.022s][info][gc,phases      ] GC(238)   Pre Evacuate Collection Set: 0.1ms
[129.022s][info][gc,phases      ] GC(238)   Merge Heap Roots: 0.1ms
[129.022s][info][gc,phases      ] GC(238)   Evacuate Collection Set: 3.9ms
[129.022s][info][gc,phases      ] GC(238)   Post Evacuate Collection Set: 5.1ms
[129.022s][info][gc,phases      ] GC(238)   Other: 0.1ms
[129.022s][info][gc,heap        ] GC(238) Eden regions: 53->0(640)
[129.022s][info][gc,heap        ] GC(238) Survivor regions: 2->2(7)
[129.022s][info][gc,heap        ] GC(238) Old regions: 20->21
[129.022s][info][gc,heap        ] GC(238) Archive regions: 0->0
[129.022s][info][gc,heap        ] GC(238) Humongous regions: 0->0
[129.022s][info][gc,metaspace   ] GC(238) Metaspace: 16670K(17408K)->16670K(17408K) NonClass: 14243K(14720K)->14243K(14720K) Class: 2426K(2688K)->2426K(2688K)
[129.022s][info][gc             ] GC(238) Pause Young (Normal) (G1 Evacuation Pause) 71M->18M(1070M) 9.485ms
[129.022s][info][gc,cpu         ] GC(238) User=0.00s Sys=0.00s Real=0.00s
[129.025s][info][gc,marking     ] GC(237) Concurrent Mark From Roots 18.345ms
[129.025s][info][gc,marking     ] GC(237) Concurrent Preclean
[129.025s][info][gc,marking     ] GC(237) Concurrent Preclean 0.050ms
[129.025s][info][gc,start       ] GC(237) Pause Remark
[129.029s][info][gc             ] GC(237) Pause Remark 25M->25M(100M) 3.375ms
[129.029s][info][gc,cpu         ] GC(237) User=0.00s Sys=0.00s Real=0.00s
[129.029s][info][gc,marking     ] GC(237) Concurrent Mark 22.214ms
[129.029s][info][gc,marking     ] GC(237) Concurrent Rebuild Remembered Sets and Scrub Regions
[129.034s][info][gc,marking     ] GC(237) Concurrent Rebuild Remembered Sets and Scrub Regions 4.976ms
[129.034s][info][gc,start       ] GC(237) Pause Cleanup
[129.034s][info][gc             ] GC(237) Pause Cleanup 54M->54M(100M) 0.140ms
[129.034s][info][gc,cpu         ] GC(237) User=0.00s Sys=0.00s Real=0.00s
[129.034s][info][gc,marking     ] GC(237) Concurrent Clear Claimed Marks
[129.034s][info][gc,marking     ] GC(237) Concurrent Clear Claimed Marks 0.040ms
[129.034s][info][gc,marking     ] GC(237) Concurrent Cleanup for Next Mark
[129.035s][info][gc,marking     ] GC(237) Concurrent Cleanup for Next Mark 0.271ms
[129.035s][info][gc             ] GC(237) Concurrent Mark Cycle 30.053ms
[129.040s][info][gc,start       ] GC(239) Pause Young (Prepare Mixed) (G1 Evacuation Pause)
[129.040s][info][gc,task        ] GC(239) Using 2 workers of 33 for evacuation
[129.044s][info][gc,phases      ] GC(239)   Pre Evacuate Collection Set: 0.1ms
[129.044s][info][gc,phases      ] GC(239)   Merge Heap Roots: 0.1ms
[129.044s][info][gc,phases      ] GC(239)   Evacuate Collection Set: 2.9ms
[129.044s][info][gc,phases      ] GC(239)   Post Evacuate Collection Set: 0.4ms
[129.044s][info][gc,phases      ] GC(239)   Other: 0.1ms
[129.044s][info][gc,heap        ] GC(239) Eden regions: 77->0(59)
[129.044s][info][gc,heap        ] GC(239) Survivor regions: 2->2(81)
[129.044s][info][gc,heap        ] GC(239) Old regions: 21->21
[129.044s][info][gc,heap        ] GC(239) Archive regions: 0->0
[129.044s][info][gc,heap        ] GC(239) Humongous regions: 0->0
[129.044s][info][gc,metaspace   ] GC(239) Metaspace: 16670K(17408K)->16670K(17408K) NonClass: 14243K(14720K)->14243K(14720K) Class: 2426K(2688K)->2426K(2688K)
[129.044s][info][gc             ] GC(239) Pause Young (Prepare Mixed) (G1 Evacuation Pause) 95M->18M(102M) 3.686ms
[129.044s][info][gc,cpu         ] GC(239) User=0.00s Sys=0.00s Real=0.00s
[129.051s][info][gc,start       ] GC(240) Pause Young (Mixed) (G1 Evacuation Pause)
[129.051s][info][gc,task        ] GC(240) Using 2 workers of 33 for evacuation
[129.055s][info][gc,phases      ] GC(240)   Pre Evacuate Collection Set: 0.1ms
[129.055s][info][gc,phases      ] GC(240)   Merge Heap Roots: 0.1ms
[129.055s][info][gc,phases      ] GC(240)   Evacuate Collection Set: 3.5ms
[129.055s][info][gc,phases      ] GC(240)   Post Evacuate Collection Set: 0.3ms
[129.055s][info][gc,phases      ] GC(240)   Other: 0.1ms
[129.055s][info][gc,heap        ] GC(240) Eden regions: 59->0(59)
[129.055s][info][gc,heap        ] GC(240) Survivor regions: 2->2(8)
[129.055s][info][gc,heap        ] GC(240) Old regions: 21->20
[129.055s][info][gc,heap        ] GC(240) Archive regions: 0->0
[129.055s][info][gc,heap        ] GC(240) Humongous regions: 0->0
[129.056s][info][gc,metaspace   ] GC(240) Metaspace: 16670K(17408K)->16670K(17408K) NonClass: 14243K(14720K)->14243K(14720K) Class: 2426K(2688K)->2426K(2688K)
[129.056s][info][gc             ] GC(240) Pause Young (Mixed) (G1 Evacuation Pause) 77M->18M(102M) 4.204ms
[129.056s][info][gc,cpu         ] GC(240) User=0.00s Sys=0.00s Real=0.00s
[129.064s][info][gc,start       ] GC(241) Pause Young (Concurrent Start) (G1 Evacuation Pause)
[129.064s][info][gc,task        ] GC(241) Using 2 workers of 33 for evacuation
[129.068s][info][gc,phases      ] GC(241)   Pre Evacuate Collection Set: 0.2ms
[129.068s][info][gc,phases      ] GC(241)   Merge Heap Roots: 0.1ms
[129.068s][info][gc,phases      ] GC(241)   Evacuate Collection Set: 3.7ms
[129.068s][info][gc,phases      ] GC(241)   Post Evacuate Collection Set: 0.3ms
[129.068s][info][gc,phases      ] GC(241)   Other: 0.1ms
[129.068s][info][gc,heap        ] GC(241) Eden regions: 59->0(59)
[129.068s][info][gc,heap        ] GC(241) Survivor regions: 2->2(8)
[129.068s][info][gc,heap        ] GC(241) Old regions: 20->20
[129.068s][info][gc,heap        ] GC(241) Archive regions: 0->0
[129.068s][info][gc,heap        ] GC(241) Humongous regions: 0->0
[129.068s][info][gc,metaspace   ] GC(241) Metaspace: 16670K(17408K)->16670K(17408K) NonClass: 14243K(14720K)->14243K(14720K) Class: 2426K(2688K)->2426K(2688K)
[129.068s][info][gc             ] GC(241) Pause Young (Concurrent Start) (G1 Evacuation Pause) 77M->18M(102M) 4.557ms
[129.068s][info][gc             ] GC(242) Concurrent Mark Cycle
[129.068s][info][gc,cpu         ] GC(241) User=0.00s Sys=0.00s Real=0.00s
[129.068s][info][gc,marking     ] GC(242) Concurrent Scan Root Regions
[129.070s][info][gc,marking     ] GC(242) Concurrent Scan Root Regions 1.743ms
[129.070s][info][gc,marking     ] GC(242) Concurrent Mark
[129.070s][info][gc,marking     ] GC(242) Concurrent Mark From Roots
[129.070s][info][gc,task        ] GC(242) Using 8 workers of 8 for marking
[129.078s][info][gc,start       ] GC(243) Pause Young (Normal) (G1 Evacuation Pause)
[129.078s][info][gc,task        ] GC(243) Using 2 workers of 33 for evacuation
[129.085s][info][gc,phases      ] GC(243)   Pre Evacuate Collection Set: 0.1ms
[129.085s][info][gc,phases      ] GC(243)   Merge Heap Roots: 0.1ms
[129.085s][info][gc,phases      ] GC(243)   Evacuate Collection Set: 2.6ms
[129.085s][info][gc,phases      ] GC(243)   Post Evacuate Collection Set: 3.7ms
[129.085s][info][gc,phases      ] GC(243)   Other: 0.1ms
[129.085s][info][gc,heap        ] GC(243) Eden regions: 59->0(643)
[129.085s][info][gc,heap        ] GC(243) Survivor regions: 2->2(8)
[129.085s][info][gc,heap        ] GC(243) Old regions: 20->20
[129.085s][info][gc,heap        ] GC(243) Archive regions: 0->0
[129.085s][info][gc,heap        ] GC(243) Humongous regions: 0->0
[129.085s][info][gc,metaspace   ] GC(243) Metaspace: 16670K(17408K)->16670K(17408K) NonClass: 14243K(14720K)->14243K(14720K) Class: 2426K(2688K)->2426K(2688K)
[129.085s][info][gc             ] GC(243) Pause Young (Normal) (G1 Evacuation Pause) 77M->18M(1075M) 6.721ms
[129.085s][info][gc,cpu         ] GC(243) User=0.02s Sys=0.00s Real=0.02s
[129.086s][info][gc,marking     ] GC(242) Concurrent Mark From Roots 15.865ms
[129.086s][info][gc,marking     ] GC(242) Concurrent Preclean
[129.086s][info][gc,marking     ] GC(242) Concurrent Preclean 0.032ms
[129.087s][info][gc,start       ] GC(242) Pause Remark
[129.089s][info][gc             ] GC(242) Pause Remark 26M->26M(100M) 2.550ms
[129.089s][info][gc,cpu         ] GC(242) User=0.00s Sys=0.00s Real=0.00s
[129.090s][info][gc,marking     ] GC(242) Concurrent Mark 19.207ms
[129.090s][info][gc,marking     ] GC(242) Concurrent Rebuild Remembered Sets and Scrub Regions
[129.094s][info][gc,marking     ] GC(242) Concurrent Rebuild Remembered Sets and Scrub Regions 4.255ms
[129.094s][info][gc,start       ] GC(242) Pause Cleanup
[129.094s][info][gc             ] GC(242) Pause Cleanup 53M->53M(100M) 0.103ms
[129.094s][info][gc,cpu         ] GC(242) User=0.00s Sys=0.00s Real=0.00s
[129.094s][info][gc,marking     ] GC(242) Concurrent Clear Claimed Marks
[129.094s][info][gc,marking     ] GC(242) Concurrent Clear Claimed Marks 0.064ms
[129.094s][info][gc,marking     ] GC(242) Concurrent Cleanup for Next Mark
[129.095s][info][gc,marking     ] GC(242) Concurrent Cleanup for Next Mark 0.246ms
[129.095s][info][gc             ] GC(242) Concurrent Mark Cycle 26.269ms
[129.100s][info][gc,start       ] GC(244) Pause Young (Prepare Mixed) (G1 Evacuation Pause)
[129.100s][info][gc,task        ] GC(244) Using 2 workers of 33 for evacuation
[129.103s][info][gc,phases      ] GC(244)   Pre Evacuate Collection Set: 0.1ms
[129.103s][info][gc,phases      ] GC(244)   Merge Heap Roots: 0.1ms
[129.103s][info][gc,phases      ] GC(244)   Evacuate Collection Set: 2.4ms
[129.103s][info][gc,phases      ] GC(244)   Post Evacuate Collection Set: 0.4ms
[129.103s][info][gc,phases      ] GC(244)   Other: 0.1ms
[129.103s][info][gc,heap        ] GC(244) Eden regions: 78->0(59)
[129.103s][info][gc,heap        ] GC(244) Survivor regions: 2->2(81)
[129.103s][info][gc,heap        ] GC(244) Old regions: 20->21
[129.103s][info][gc,heap        ] GC(244) Archive regions: 0->0
[129.103s][info][gc,heap        ] GC(244) Humongous regions: 0->0
[129.103s][info][gc,metaspace   ] GC(244) Metaspace: 16670K(17408K)->16670K(17408K) NonClass: 14243K(14720K)->14243K(14720K) Class: 2426K(2688K)->2426K(2688K)
[129.104s][info][gc             ] GC(244) Pause Young (Prepare Mixed) (G1 Evacuation Pause) 96M->18M(103M) 3.119ms
[129.104s][info][gc,cpu         ] GC(244) User=0.03s Sys=0.00s Real=0.02s
[129.111s][info][gc,start       ] GC(245) Pause Young (Mixed) (G1 Evacuation Pause)
[129.111s][info][gc,task        ] GC(245) Using 2 workers of 33 for evacuation
[129.114s][info][gc,phases      ] GC(245)   Pre Evacuate Collection Set: 0.1ms
[129.114s][info][gc,phases      ] GC(245)   Merge Heap Roots: 0.1ms
[129.114s][info][gc,phases      ] GC(245)   Evacuate Collection Set: 3.1ms
[129.114s][info][gc,phases      ] GC(245)   Post Evacuate Collection Set: 0.3ms
[129.114s][info][gc,phases      ] GC(245)   Other: 0.1ms
[129.114s][info][gc,heap        ] GC(245) Eden regions: 59->0(59)
[129.114s][info][gc,heap        ] GC(245) Survivor regions: 2->2(8)
[129.114s][info][gc,heap        ] GC(245) Old regions: 21->20
[129.114s][info][gc,heap        ] GC(245) Archive regions: 0->0
[129.114s][info][gc,heap        ] GC(245) Humongous regions: 0->0
[129.114s][info][gc,metaspace   ] GC(245) Metaspace: 16670K(17408K)->16670K(17408K) NonClass: 14243K(14720K)->14243K(14720K) Class: 2426K(2688K)->2426K(2688K)
[129.114s][info][gc             ] GC(245) Pause Young (Mixed) (G1 Evacuation Pause) 77M->18M(103M) 3.711ms
[129.114s][info][gc,cpu         ] GC(245) User=0.00s Sys=0.00s Real=0.00s
[129.122s][info][gc,start       ] GC(246) Pause Young (Concurrent Start) (G1 Evacuation Pause)
[129.122s][info][gc,task        ] GC(246) Using 2 workers of 33 for evacuation
[129.125s][info][gc,phases      ] GC(246)   Pre Evacuate Collection Set: 0.2ms
[129.125s][info][gc,phases      ] GC(246)   Merge Heap Roots: 0.0ms
[129.125s][info][gc,phases      ] GC(246)   Evacuate Collection Set: 2.7ms
[129.125s][info][gc,phases      ] GC(246)   Post Evacuate Collection Set: 0.3ms
[129.126s][info][gc,phases      ] GC(246)   Other: 0.1ms
[129.126s][info][gc,heap        ] GC(246) Eden regions: 59->0(59)
[129.126s][info][gc,heap        ] GC(246) Survivor regions: 2->2(8)
[129.126s][info][gc,heap        ] GC(246) Old regions: 20->20
[129.126s][info][gc,heap        ] GC(246) Archive regions: 0->0
[129.126s][info][gc,heap        ] GC(246) Humongous regions: 0->0
[129.126s][info][gc,metaspace   ] GC(246) Metaspace: 16670K(17408K)->16670K(17408K) NonClass: 14243K(14720K)->14243K(14720K) Class: 2426K(2688K)->2426K(2688K)
[129.126s][info][gc             ] GC(246) Pause Young (Concurrent Start) (G1 Evacuation Pause) 77M->18M(103M) 3.454ms
[129.126s][info][gc             ] GC(247) Concurrent Mark Cycle
[129.126s][info][gc,cpu         ] GC(246) User=0.00s Sys=0.00s Real=0.00s
[129.126s][info][gc,marking     ] GC(247) Concurrent Scan Root Regions
[129.127s][info][gc,marking     ] GC(247) Concurrent Scan Root Regions 1.366ms
[129.127s][info][gc,marking     ] GC(247) Concurrent Mark
[129.127s][info][gc,marking     ] GC(247) Concurrent Mark From Roots
[129.127s][info][gc,task        ] GC(247) Using 8 workers of 8 for marking
[129.134s][info][gc,marking     ] GC(247) Concurrent Mark From Roots 6.938ms
[129.134s][info][gc,marking     ] GC(247) Concurrent Preclean
[129.134s][info][gc,marking     ] GC(247) Concurrent Preclean 0.034ms
[129.134s][info][gc,start       ] GC(247) Pause Remark
[129.137s][info][gc             ] GC(247) Pause Remark 74M->74M(130M) 2.427ms
[129.137s][info][gc,cpu         ] GC(247) User=0.00s Sys=0.00s Real=0.00s
[129.137s][info][gc,marking     ] GC(247) Concurrent Mark 9.711ms
[129.137s][info][gc,marking     ] GC(247) Concurrent Rebuild Remembered Sets and Scrub Regions
[129.139s][info][gc,start       ] GC(248) Pause Young (Normal) (G1 Evacuation Pause)
[129.139s][info][gc,task        ] GC(248) Using 3 workers of 33 for evacuation
[129.145s][info][gc,phases      ] GC(248)   Pre Evacuate Collection Set: 0.1ms
[129.145s][info][gc,phases      ] GC(248)   Merge Heap Roots: 0.1ms
[129.145s][info][gc,phases      ] GC(248)   Evacuate Collection Set: 1.8ms
[129.145s][info][gc,phases      ] GC(248)   Post Evacuate Collection Set: 3.6ms
[129.145s][info][gc,phases      ] GC(248)   Other: 0.1ms
[129.145s][info][gc,heap        ] GC(248) Eden regions: 59->0(651)
[129.145s][info][gc,heap        ] GC(248) Survivor regions: 2->2(8)
[129.145s][info][gc,heap        ] GC(248) Old regions: 20->20
[129.145s][info][gc,heap        ] GC(248) Archive regions: 0->0
[129.145s][info][gc,heap        ] GC(248) Humongous regions: 0->0
[129.145s][info][gc,metaspace   ] GC(248) Metaspace: 16670K(17408K)->16670K(17408K) NonClass: 14243K(14720K)->14243K(14720K) Class: 2426K(2688K)->2426K(2688K)
[129.145s][info][gc             ] GC(248) Pause Young (Normal) (G1 Evacuation Pause) 77M->18M(1089M) 5.821ms
[129.145s][info][gc,cpu         ] GC(248) User=0.02s Sys=0.00s Real=0.02s
[129.146s][info][gc,marking     ] GC(247) Concurrent Rebuild Remembered Sets and Scrub Regions 9.601ms
[129.147s][info][gc,start       ] GC(247) Pause Cleanup
[129.147s][info][gc             ] GC(247) Pause Cleanup 21M->21M(1089M) 0.208ms
[129.147s][info][gc,cpu         ] GC(247) User=0.00s Sys=0.00s Real=0.00s
[129.147s][info][gc,marking     ] GC(247) Concurrent Clear Claimed Marks
[129.147s][info][gc,marking     ] GC(247) Concurrent Clear Claimed Marks 0.030ms
[129.147s][info][gc,marking     ] GC(247) Concurrent Cleanup for Next Mark
[129.148s][info][gc,marking     ] GC(247) Concurrent Cleanup for Next Mark 0.845ms
[129.148s][info][gc             ] GC(247) Concurrent Mark Cycle 22.315ms
[129.554s][info][gc,start       ] GC(249) Pause Young (Prepare Mixed) (G1 Evacuation Pause)
[129.554s][info][gc,task        ] GC(249) Using 26 workers of 33 for evacuation
[129.556s][info][gc,phases      ] GC(249)   Pre Evacuate Collection Set: 0.2ms
[129.556s][info][gc,phases      ] GC(249)   Merge Heap Roots: 0.2ms
[129.556s][info][gc,phases      ] GC(249)   Evacuate Collection Set: 1.1ms
[129.556s][info][gc,phases      ] GC(249)   Post Evacuate Collection Set: 0.6ms
[129.556s][info][gc,phases      ] GC(249)   Other: 0.1ms
[129.557s][info][gc,heap        ] GC(249) Eden regions: 651->0(651)
[129.557s][info][gc,heap        ] GC(249) Survivor regions: 2->2(82)
[129.557s][info][gc,heap        ] GC(249) Old regions: 20->20
[129.557s][info][gc,heap        ] GC(249) Archive regions: 0->0
[129.557s][info][gc,heap        ] GC(249) Humongous regions: 0->0
[129.557s][info][gc,metaspace   ] GC(249) Metaspace: 16670K(17408K)->16670K(17408K) NonClass: 14243K(14720K)->14243K(14720K) Class: 2426K(2688K)->2426K(2688K)
[129.557s][info][gc             ] GC(249) Pause Young (Prepare Mixed) (G1 Evacuation Pause) 669M->18M(1089M) 2.429ms
[129.557s][info][gc,cpu         ] GC(249) User=0.00s Sys=0.00s Real=0.00s
[129.639s][info][gc,start       ] GC(250) Pause Young (Mixed) (G1 Evacuation Pause)
[129.639s][info][gc,task        ] GC(250) Using 26 workers of 33 for evacuation
[129.641s][info][gc,phases      ] GC(250)   Pre Evacuate Collection Set: 0.2ms
[129.641s][info][gc,phases      ] GC(250)   Merge Heap Roots: 0.2ms
[129.641s][info][gc,phases      ] GC(250)   Evacuate Collection Set: 1.0ms
[129.641s][info][gc,phases      ] GC(250)   Post Evacuate Collection Set: 0.6ms
[129.641s][info][gc,phases      ] GC(250)   Other: 0.1ms
[129.641s][info][gc,heap        ] GC(250) Eden regions: 651->0(651)
[129.641s][info][gc,heap        ] GC(250) Survivor regions: 2->2(82)
[129.641s][info][gc,heap        ] GC(250) Old regions: 20->20
[129.641s][info][gc,heap        ] GC(250) Archive regions: 0->0
[129.641s][info][gc,heap        ] GC(250) Humongous regions: 0->0
[129.641s][info][gc,metaspace   ] GC(250) Metaspace: 16670K(17408K)->16670K(17408K) NonClass: 14243K(14720K)->14243K(14720K) Class: 2426K(2688K)->2426K(2688K)
[129.641s][info][gc             ] GC(250) Pause Young (Mixed) (G1 Evacuation Pause) 669M->18M(1089M) 2.342ms
[129.641s][info][gc,cpu         ] GC(250) User=0.00s Sys=0.00s Real=0.00s
[129.885s][info][gc,start       ] GC(251) Pause Young (Normal) (G1 Evacuation Pause)
[129.885s][info][gc,task        ] GC(251) Using 26 workers of 33 for evacuation
[129.931s][info][gc,phases      ] GC(251)   Pre Evacuate Collection Set: 0.2ms
[129.931s][info][gc,phases      ] GC(251)   Merge Heap Roots: 0.3ms
[129.931s][info][gc,phases      ] GC(251)   Evacuate Collection Set: 44.2ms
[129.931s][info][gc,phases      ] GC(251)   Post Evacuate Collection Set: 0.8ms
[129.931s][info][gc,phases      ] GC(251)   Other: 0.2ms
[129.931s][info][gc,heap        ] GC(251) Eden regions: 651->0(571)
[129.931s][info][gc,heap        ] GC(251) Survivor regions: 2->82(82)
[129.931s][info][gc,heap        ] GC(251) Old regions: 20->62
[129.931s][info][gc,heap        ] GC(251) Archive regions: 0->0
[129.931s][info][gc,heap        ] GC(251) Humongous regions: 1->1
[129.931s][info][gc,metaspace   ] GC(251) Metaspace: 16670K(17408K)->16670K(17408K) NonClass: 14243K(14720K)->14243K(14720K) Class: 2426K(2688K)->2426K(2688K)
[129.931s][info][gc             ] GC(251) Pause Young (Normal) (G1 Evacuation Pause) 670M->142M(1089M) 46.071ms
[129.931s][info][gc,cpu         ] GC(251) User=0.86s Sys=0.36s Real=0.05s
[131.464s][info][gc,start       ] GC(252) Pause Young (Normal) (G1 Evacuation Pause)
[131.464s][info][gc,task        ] GC(252) Using 26 workers of 33 for evacuation
[131.572s][info][gc,phases      ] GC(252)   Pre Evacuate Collection Set: 0.2ms
[131.572s][info][gc,phases      ] GC(252)   Merge Heap Roots: 0.5ms
[131.572s][info][gc,phases      ] GC(252)   Evacuate Collection Set: 106.1ms
[131.572s][info][gc,phases      ] GC(252)   Post Evacuate Collection Set: 1.1ms
[131.572s][info][gc,phases      ] GC(252)   Other: 0.1ms
[131.572s][info][gc,heap        ] GC(252) Eden regions: 571->0(260)
[131.572s][info][gc,heap        ] GC(252) Survivor regions: 82->82(82)
[131.572s][info][gc,heap        ] GC(252) Old regions: 62->339
[131.572s][info][gc,heap        ] GC(252) Archive regions: 0->0
[131.572s][info][gc,heap        ] GC(252) Humongous regions: 2->2
[131.572s][info][gc,metaspace   ] GC(252) Metaspace: 16670K(17408K)->16670K(17408K) NonClass: 14243K(14720K)->14243K(14720K) Class: 2426K(2688K)->2426K(2688K)
[131.572s][info][gc             ] GC(252) Pause Young (Normal) (G1 Evacuation Pause) 714M->421M(1089M) 108.238ms
[131.572s][info][gc,cpu         ] GC(252) User=2.02s Sys=0.83s Real=0.11s
[139.577s][info][gc,start       ] GC(253) Pause Young (Concurrent Start) (G1 Evacuation Pause)
[139.577s][info][gc,task        ] GC(253) Using 26 workers of 33 for evacuation
[139.621s][info][gc,phases      ] GC(253)   Pre Evacuate Collection Set: 0.4ms
[139.621s][info][gc,phases      ] GC(253)   Merge Heap Roots: 1.1ms
[139.621s][info][gc,phases      ] GC(253)   Evacuate Collection Set: 41.4ms
[139.621s][info][gc,phases      ] GC(253)   Post Evacuate Collection Set: 0.9ms
[139.621s][info][gc,phases      ] GC(253)   Other: 0.1ms
[139.621s][info][gc,heap        ] GC(253) Eden regions: 177->0(371)
[139.621s][info][gc,heap        ] GC(253) Survivor regions: 82->33(33)
[139.621s][info][gc,heap        ] GC(253) Old regions: 339->436
[139.621s][info][gc,heap        ] GC(253) Archive regions: 0->0
[139.621s][info][gc,heap        ] GC(253) Humongous regions: 2->2
[139.621s][info][gc,metaspace   ] GC(253) Metaspace: 16670K(17408K)->16670K(17408K) NonClass: 14243K(14720K)->14243K(14720K) Class: 2426K(2688K)->2426K(2688K)
[139.621s][info][gc             ] GC(253) Pause Young (Concurrent Start) (G1 Evacuation Pause) 598M->469M(1089M) 44.341ms
[139.621s][info][gc             ] GC(254) Concurrent Mark Cycle
[139.621s][info][gc,cpu         ] GC(253) User=1.22s Sys=0.00s Real=0.05s
[139.621s][info][gc,marking     ] GC(254) Concurrent Scan Root Regions
[139.631s][info][gc,marking     ] GC(254) Concurrent Scan Root Regions 10.082ms
[139.631s][info][gc,marking     ] GC(254) Concurrent Mark
[139.631s][info][gc,marking     ] GC(254) Concurrent Mark From Roots
[139.631s][info][gc,task        ] GC(254) Using 8 workers of 8 for marking
[139.638s][info][gc,marking     ] GC(254) Concurrent Mark From Roots 6.612ms
[139.638s][info][gc,marking     ] GC(254) Concurrent Preclean
[139.638s][info][gc,marking     ] GC(254) Concurrent Preclean 0.022ms
[139.638s][info][gc,start       ] GC(254) Pause Remark
[139.639s][info][gc             ] GC(254) Pause Remark 484M->299M(1004M) 1.379ms
[139.639s][info][gc,cpu         ] GC(254) User=0.00s Sys=0.00s Real=0.00s
[139.639s][info][gc,marking     ] GC(254) Concurrent Mark 8.207ms
[139.639s][info][gc,marking     ] GC(254) Concurrent Rebuild Remembered Sets and Scrub Regions
[139.685s][info][gc,marking     ] GC(254) Concurrent Rebuild Remembered Sets and Scrub Regions 45.617ms
[139.685s][info][gc,start       ] GC(254) Pause Cleanup
[139.686s][info][gc             ] GC(254) Pause Cleanup 352M->352M(1004M) 0.350ms
[139.686s][info][gc,cpu         ] GC(254) User=0.00s Sys=0.00s Real=0.00s
[139.686s][info][gc,marking     ] GC(254) Concurrent Clear Claimed Marks
[139.686s][info][gc,marking     ] GC(254) Concurrent Clear Claimed Marks 0.042ms
[139.686s][info][gc,marking     ] GC(254) Concurrent Cleanup for Next Mark
[139.686s][info][gc,marking     ] GC(254) Concurrent Cleanup for Next Mark 0.694ms
[139.686s][info][gc             ] GC(254) Concurrent Mark Cycle 65.378ms
[139.943s][info][gc,start       ] GC(255) Pause Young (Prepare Mixed) (G1 Evacuation Pause)
[139.943s][info][gc,task        ] GC(255) Using 25 workers of 33 for evacuation
[139.994s][info][gc,phases      ] GC(255)   Pre Evacuate Collection Set: 0.2ms
[139.994s][info][gc,phases      ] GC(255)   Merge Heap Roots: 1.0ms
[139.994s][info][gc,phases      ] GC(255)   Evacuate Collection Set: 49.2ms
[139.994s][info][gc,phases      ] GC(255)   Post Evacuate Collection Set: 0.6ms
[139.994s][info][gc,phases      ] GC(255)   Other: 0.2ms
[139.994s][info][gc,heap        ] GC(255) Eden regions: 371->0(257)
[139.994s][info][gc,heap        ] GC(255) Survivor regions: 33->51(51)
[139.995s][info][gc,heap        ] GC(255) Old regions: 252->389
[139.995s][info][gc,heap        ] GC(255) Archive regions: 0->0
[139.995s][info][gc,heap        ] GC(255) Humongous regions: 1->1
[139.995s][info][gc,metaspace   ] GC(255) Metaspace: 16670K(17408K)->16670K(17408K) NonClass: 14243K(14720K)->14243K(14720K) Class: 2426K(2688K)->2426K(2688K)
[139.995s][info][gc             ] GC(255) Pause Young (Prepare Mixed) (G1 Evacuation Pause) 655M->439M(1004M) 51.509ms
[139.995s][info][gc,cpu         ] GC(255) User=1.56s Sys=0.00s Real=0.06s
[140.214s][info][gc,start       ] GC(256) Pause Young (Mixed) (G1 Evacuation Pause)
[140.214s][info][gc,task        ] GC(256) Using 24 workers of 33 for evacuation
[140.260s][info][gc,phases      ] GC(256)   Pre Evacuate Collection Set: 0.2ms
[140.260s][info][gc,phases      ] GC(256)   Merge Heap Roots: 0.3ms
[140.260s][info][gc,phases      ] GC(256)   Evacuate Collection Set: 45.0ms
[140.260s][info][gc,phases      ] GC(256)   Post Evacuate Collection Set: 0.5ms
[140.260s][info][gc,phases      ] GC(256)   Other: 0.2ms
[140.260s][info][gc,heap        ] GC(256) Eden regions: 260->0(242)
[140.260s][info][gc,heap        ] GC(256) Survivor regions: 51->39(39)
[140.260s][info][gc,heap        ] GC(256) Old regions: 389->502
[140.260s][info][gc,heap        ] GC(256) Archive regions: 0->0
[140.260s][info][gc,heap        ] GC(256) Humongous regions: 1->1
[140.260s][info][gc,metaspace   ] GC(256) Metaspace: 16670K(17408K)->16670K(17408K) NonClass: 14243K(14720K)->14243K(14720K) Class: 2426K(2688K)->2426K(2688K)
[140.260s][info][gc             ] GC(256) Pause Young (Mixed) (G1 Evacuation Pause) 699M->539M(1004M) 46.458ms
[140.260s][info][gc,cpu         ] GC(256) User=0.75s Sys=0.00s Real=0.04s
[140.480s][info][gc,start       ] GC(257) Pause Young (Mixed) (G1 Evacuation Pause)
[140.481s][info][gc,task        ] GC(257) Using 24 workers of 33 for evacuation
[140.523s][info][gc,phases      ] GC(257)   Pre Evacuate Collection Set: 0.2ms
[140.523s][info][gc,phases      ] GC(257)   Merge Heap Roots: 0.3ms
[140.523s][info][gc,phases      ] GC(257)   Evacuate Collection Set: 40.3ms
[140.523s][info][gc,phases      ] GC(257)   Post Evacuate Collection Set: 1.5ms
[140.523s][info][gc,phases      ] GC(257)   Other: 0.2ms
[140.523s][info][gc,heap        ] GC(257) Eden regions: 242->0(327)
[140.523s][info][gc,heap        ] GC(257) Survivor regions: 39->36(36)
[140.523s][info][gc,heap        ] GC(257) Old regions: 502->536
[140.523s][info][gc,heap        ] GC(257) Archive regions: 0->0
[140.523s][info][gc,heap        ] GC(257) Humongous regions: 1->1
[140.523s][info][gc,metaspace   ] GC(257) Metaspace: 16670K(17408K)->16670K(17408K) NonClass: 14243K(14720K)->14243K(14720K) Class: 2426K(2688K)->2426K(2688K)
[140.523s][info][gc             ] GC(257) Pause Young (Mixed) (G1 Evacuation Pause) 781M->571M(1192M) 42.867ms
[140.523s][info][gc,cpu         ] GC(257) User=1.13s Sys=0.00s Real=0.05s
[141.464s][info][gc,start       ] GC(258) Pause Young (Normal) (G1 Evacuation Pause)
[141.464s][info][gc,task        ] GC(258) Using 28 workers of 33 for evacuation
[141.511s][info][gc,phases      ] GC(258)   Pre Evacuate Collection Set: 0.2ms
[141.511s][info][gc,phases      ] GC(258)   Merge Heap Roots: 2.5ms
[141.511s][info][gc,phases      ] GC(258)   Evacuate Collection Set: 42.4ms
[141.511s][info][gc,phases      ] GC(258)   Post Evacuate Collection Set: 1.3ms
[141.511s][info][gc,phases      ] GC(258)   Other: 0.2ms
[141.511s][info][gc,heap        ] GC(258) Eden regions: 327->0(299)
[141.511s][info][gc,heap        ] GC(258) Survivor regions: 36->46(46)
[141.511s][info][gc,heap        ] GC(258) Old regions: 536->591
[141.511s][info][gc,heap        ] GC(258) Archive regions: 0->0
[141.511s][info][gc,heap        ] GC(258) Humongous regions: 7->7
[141.511s][info][gc,metaspace   ] GC(258) Metaspace: 16670K(17408K)->16670K(17408K) NonClass: 14243K(14720K)->14243K(14720K) Class: 2426K(2688K)->2426K(2688K)
[141.511s][info][gc             ] GC(258) Pause Young (Normal) (G1 Evacuation Pause) 904M->641M(1192M) 46.968ms
[141.511s][info][gc,cpu         ] GC(258) User=1.31s Sys=0.00s Real=0.05s
[142.000s][info][gc,start       ] GC(259) Pause Young (Normal) (G1 Evacuation Pause)
[142.000s][info][gc,task        ] GC(259) Using 28 workers of 33 for evacuation
[142.031s][info][gc,phases      ] GC(259)   Pre Evacuate Collection Set: 0.2ms
[142.031s][info][gc,phases      ] GC(259)   Merge Heap Roots: 1.7ms
[142.031s][info][gc,phases      ] GC(259)   Evacuate Collection Set: 27.7ms
[142.031s][info][gc,phases      ] GC(259)   Post Evacuate Collection Set: 0.6ms
[142.031s][info][gc,phases      ] GC(259)   Other: 0.1ms
[142.031s][info][gc,heap        ] GC(259) Eden regions: 299->0(336)
[142.031s][info][gc,heap        ] GC(259) Survivor regions: 46->8(44)
[142.031s][info][gc,heap        ] GC(259) Old regions: 591->621
[142.031s][info][gc,heap        ] GC(259) Archive regions: 0->0
[142.031s][info][gc,heap        ] GC(259) Humongous regions: 7->7
[142.031s][info][gc,metaspace   ] GC(259) Metaspace: 16670K(17408K)->16670K(17408K) NonClass: 14243K(14720K)->14243K(14720K) Class: 2426K(2688K)->2426K(2688K)
[142.031s][info][gc             ] GC(259) Pause Young (Normal) (G1 Evacuation Pause) 940M->633M(1192M) 30.518ms
[142.031s][info][gc,cpu         ] GC(259) User=0.88s Sys=0.00s Real=0.02s
[143.675s][info][gc,start       ] GC(260) Pause Full (System.gc())
[143.676s][info][gc,task        ] GC(260) Using 28 workers of 33 for full compaction
[143.677s][info][gc,phases,start] GC(260) Phase 1: Mark live objects
[143.687s][info][gc,phases      ] GC(260) Phase 1: Mark live objects 10.591ms
[143.687s][info][gc,phases,start] GC(260) Phase 2: Prepare compaction
[143.690s][info][gc,phases      ] GC(260) Phase 2: Prepare compaction 2.251ms
[143.690s][info][gc,phases,start] GC(260) Phase 3: Adjust pointers
[143.694s][info][gc,phases      ] GC(260) Phase 3: Adjust pointers 4.534ms
[143.694s][info][gc,phases,start] GC(260) Phase 4: Compact heap
[143.695s][info][gc,phases      ] GC(260) Phase 4: Compact heap 1.135ms
[143.702s][info][gc,heap        ] GC(260) Eden regions: 139->0(43)
[143.702s][info][gc,heap        ] GC(260) Survivor regions: 8->0(44)
[143.703s][info][gc,heap        ] GC(260) Old regions: 621->31
[143.703s][info][gc,heap        ] GC(260) Archive regions: 0->0
[143.703s][info][gc,heap        ] GC(260) Humongous regions: 7->0
[143.703s][info][gc,metaspace   ] GC(260) Metaspace: 16671K(17408K)->16671K(17408K) NonClass: 14244K(14720K)->14244K(14720K) Class: 2426K(2688K)->2426K(2688K)
[143.703s][info][gc             ] GC(260) Pause Full (System.gc()) 772M->17M(104M) 27.184ms
[143.703s][info][gc,cpu         ] GC(260) User=0.42s Sys=0.02s Real=0.03s
[144.670s][info][gc,start       ] GC(261) Pause Young (Concurrent Start) (G1 Evacuation Pause)
[144.670s][info][gc,task        ] GC(261) Using 15 workers of 33 for evacuation
[144.694s][info][gc,phases      ] GC(261)   Pre Evacuate Collection Set: 0.3ms
[144.694s][info][gc,phases      ] GC(261)   Merge Heap Roots: 0.1ms
[144.694s][info][gc,phases      ] GC(261)   Evacuate Collection Set: 23.0ms
[144.694s][info][gc,phases      ] GC(261)   Post Evacuate Collection Set: 0.4ms
[144.694s][info][gc,phases      ] GC(261)   Other: 0.1ms
[144.694s][info][gc,heap        ] GC(261) Eden regions: 43->0(38)
[144.694s][info][gc,heap        ] GC(261) Survivor regions: 0->6(6)
[144.694s][info][gc,heap        ] GC(261) Old regions: 31->34
[144.694s][info][gc,heap        ] GC(261) Archive regions: 0->0
[144.694s][info][gc,heap        ] GC(261) Humongous regions: 0->0
[144.694s][info][gc,metaspace   ] GC(261) Metaspace: 16677K(17408K)->16677K(17408K) NonClass: 14250K(14720K)->14250K(14720K) Class: 2426K(2688K)->2426K(2688K)
[144.694s][info][gc             ] GC(261) Pause Young (Concurrent Start) (G1 Evacuation Pause) 60M->26M(104M) 24.357ms
[144.694s][info][gc             ] GC(262) Concurrent Mark Cycle
[144.694s][info][gc,cpu         ] GC(261) User=0.23s Sys=0.00s Real=0.01s
[144.694s][info][gc,marking     ] GC(262) Concurrent Scan Root Regions
[144.696s][info][gc,marking     ] GC(262) Concurrent Scan Root Regions 1.629ms
[144.696s][info][gc,marking     ] GC(262) Concurrent Mark
[144.696s][info][gc,marking     ] GC(262) Concurrent Mark From Roots
[144.696s][info][gc,task        ] GC(262) Using 8 workers of 8 for marking
[144.700s][info][gc,marking     ] GC(262) Concurrent Mark From Roots 4.328ms
[144.700s][info][gc,marking     ] GC(262) Concurrent Preclean
[144.701s][info][gc,marking     ] GC(262) Concurrent Preclean 0.023ms
[144.701s][info][gc,start       ] GC(262) Pause Remark
[144.702s][info][gc             ] GC(262) Pause Remark 27M->27M(104M) 0.934ms
[144.702s][info][gc,cpu         ] GC(262) User=0.00s Sys=0.00s Real=0.00s
[144.702s][info][gc,marking     ] GC(262) Concurrent Mark 5.458ms
[144.702s][info][gc,marking     ] GC(262) Concurrent Rebuild Remembered Sets and Scrub Regions
[144.705s][info][gc,marking     ] GC(262) Concurrent Rebuild Remembered Sets and Scrub Regions 2.989ms
[144.705s][info][gc,start       ] GC(262) Pause Cleanup
[144.705s][info][gc             ] GC(262) Pause Cleanup 27M->27M(104M) 0.141ms
[144.705s][info][gc,cpu         ] GC(262) User=0.00s Sys=0.00s Real=0.00s
[144.705s][info][gc,marking     ] GC(262) Concurrent Clear Claimed Marks
[144.705s][info][gc,marking     ] GC(262) Concurrent Clear Claimed Marks 0.021ms
[144.705s][info][gc,marking     ] GC(262) Concurrent Cleanup for Next Mark
[144.705s][info][gc,marking     ] GC(262) Concurrent Cleanup for Next Mark 0.145ms
[144.705s][info][gc             ] GC(262) Concurrent Mark Cycle 10.623ms
[145.414s][info][gc,start       ] GC(263) Pause Young (Prepare Mixed) (G1 Evacuation Pause)
[145.415s][info][gc,task        ] GC(263) Using 8 workers of 33 for evacuation
[145.466s][info][gc,phases      ] GC(263)   Pre Evacuate Collection Set: 0.2ms
[145.466s][info][gc,phases      ] GC(263)   Merge Heap Roots: 0.1ms
[145.466s][info][gc,phases      ] GC(263)   Evacuate Collection Set: 50.5ms
[145.466s][info][gc,phases      ] GC(263)   Post Evacuate Collection Set: 0.5ms
[145.466s][info][gc,phases      ] GC(263)   Other: 0.2ms
[145.466s][info][gc,heap        ] GC(263) Eden regions: 38->0(20)
[145.466s][info][gc,heap        ] GC(263) Survivor regions: 6->6(6)
[145.466s][info][gc,heap        ] GC(263) Old regions: 34->64
[145.466s][info][gc,heap        ] GC(263) Archive regions: 0->0
[145.466s][info][gc,heap        ] GC(263) Humongous regions: 0->0
[145.466s][info][gc,metaspace   ] GC(263) Metaspace: 16677K(17408K)->16677K(17408K) NonClass: 14250K(14720K)->14250K(14720K) Class: 2426K(2688K)->2426K(2688K)
[145.466s][info][gc             ] GC(263) Pause Young (Prepare Mixed) (G1 Evacuation Pause) 64M->55M(114M) 52.039ms
[145.466s][info][gc,cpu         ] GC(263) User=0.39s Sys=0.00s Real=0.06s
[145.469s][info][gc,start       ] GC(264) Pause Young (Mixed) (G1 Evacuation Pause)
[145.470s][info][gc,task        ] GC(264) Using 5 workers of 33 for evacuation
[145.487s][info][gc,phases      ] GC(264)   Pre Evacuate Collection Set: 0.1ms
[145.487s][info][gc,phases      ] GC(264)   Merge Heap Roots: 0.1ms
[145.487s][info][gc,phases      ] GC(264)   Evacuate Collection Set: 5.4ms
[145.487s][info][gc,phases      ] GC(264)   Post Evacuate Collection Set: 12.1ms
[145.487s][info][gc,phases      ] GC(264)   Other: 0.1ms
[145.487s][info][gc,heap        ] GC(264) Eden regions: 20->0(135)
[145.487s][info][gc,heap        ] GC(264) Survivor regions: 6->2(4)
[145.487s][info][gc,heap        ] GC(264) Old regions: 64->61
[145.487s][info][gc,heap        ] GC(264) Archive regions: 0->0
[145.487s][info][gc,heap        ] GC(264) Humongous regions: 0->0
[145.487s][info][gc,metaspace   ] GC(264) Metaspace: 16677K(17408K)->16677K(17408K) NonClass: 14250K(14720K)->14250K(14720K) Class: 2426K(2688K)->2426K(2688K)
[145.487s][info][gc             ] GC(264) Pause Young (Mixed) (G1 Evacuation Pause) 75M->57M(1081M) 18.012ms
[145.488s][info][gc,cpu         ] GC(264) User=0.02s Sys=0.00s Real=0.02s
[145.609s][info][gc,start       ] GC(265) Pause Young (Normal) (G1 Evacuation Pause)
[145.610s][info][gc,task        ] GC(265) Using 25 workers of 33 for evacuation
[145.611s][info][gc,phases      ] GC(265)   Pre Evacuate Collection Set: 0.1ms
[145.611s][info][gc,phases      ] GC(265)   Merge Heap Roots: 0.1ms
[145.611s][info][gc,phases      ] GC(265)   Evacuate Collection Set: 0.6ms
[145.611s][info][gc,phases      ] GC(265)   Post Evacuate Collection Set: 0.4ms
[145.611s][info][gc,phases      ] GC(265)   Other: 0.1ms
[145.611s][info][gc,heap        ] GC(265) Eden regions: 155->0(216)
[145.611s][info][gc,heap        ] GC(265) Survivor regions: 2->2(20)
[145.611s][info][gc,heap        ] GC(265) Old regions: 61->61
[145.611s][info][gc,heap        ] GC(265) Archive regions: 0->0
[145.611s][info][gc,heap        ] GC(265) Humongous regions: 0->0
[145.611s][info][gc,metaspace   ] GC(265) Metaspace: 16677K(17408K)->16677K(17408K) NonClass: 14250K(14720K)->14250K(14720K) Class: 2426K(2688K)->2426K(2688K)
[145.611s][info][gc             ] GC(265) Pause Young (Normal) (G1 Evacuation Pause) 212M->57M(1081M) 1.531ms
[145.611s][info][gc,cpu         ] GC(265) User=0.00s Sys=0.00s Real=0.00s
[145.668s][info][gc,start       ] GC(266) Pause Young (Normal) (G1 Evacuation Pause)
[145.668s][info][gc,task        ] GC(266) Using 25 workers of 33 for evacuation
[145.670s][info][gc,phases      ] GC(266)   Pre Evacuate Collection Set: 0.2ms
[145.670s][info][gc,phases      ] GC(266)   Merge Heap Roots: 0.1ms
[145.670s][info][gc,phases      ] GC(266)   Evacuate Collection Set: 0.7ms
[145.670s][info][gc,phases      ] GC(266)   Post Evacuate Collection Set: 0.5ms
[145.670s][info][gc,phases      ] GC(266)   Other: 0.1ms
[145.670s][info][gc,heap        ] GC(266) Eden regions: 237->0(338)
[145.670s][info][gc,heap        ] GC(266) Survivor regions: 2->2(30)
[145.670s][info][gc,heap        ] GC(266) Old regions: 61->61
[145.670s][info][gc,heap        ] GC(266) Archive regions: 0->0
[145.670s][info][gc,heap        ] GC(266) Humongous regions: 0->0
[145.670s][info][gc,metaspace   ] GC(266) Metaspace: 16677K(17408K)->16677K(17408K) NonClass: 14250K(14720K)->14250K(14720K) Class: 2426K(2688K)->2426K(2688K)
[145.670s][info][gc             ] GC(266) Pause Young (Normal) (G1 Evacuation Pause) 294M->57M(1081M) 1.753ms
[145.670s][info][gc,cpu         ] GC(266) User=0.00s Sys=0.00s Real=0.00s
[145.755s][info][gc,start       ] GC(267) Pause Young (Normal) (G1 Evacuation Pause)
[145.755s][info][gc,task        ] GC(267) Using 25 workers of 33 for evacuation
[145.757s][info][gc,phases      ] GC(267)   Pre Evacuate Collection Set: 0.2ms
[145.757s][info][gc,phases      ] GC(267)   Merge Heap Roots: 0.1ms
[145.757s][info][gc,phases      ] GC(267)   Evacuate Collection Set: 0.8ms
[145.757s][info][gc,phases      ] GC(267)   Post Evacuate Collection Set: 0.5ms
[145.757s][info][gc,phases      ] GC(267)   Other: 0.1ms
[145.757s][info][gc,heap        ] GC(267) Eden regions: 365->0(520)
[145.757s][info][gc,heap        ] GC(267) Survivor regions: 2->2(46)
[145.757s][info][gc,heap        ] GC(267) Old regions: 61->61
[145.757s][info][gc,heap        ] GC(267) Archive regions: 0->0
[145.757s][info][gc,heap        ] GC(267) Humongous regions: 0->0
[145.757s][info][gc,metaspace   ] GC(267) Metaspace: 16677K(17408K)->16677K(17408K) NonClass: 14250K(14720K)->14250K(14720K) Class: 2426K(2688K)->2426K(2688K)
[145.757s][info][gc             ] GC(267) Pause Young (Normal) (G1 Evacuation Pause) 422M->57M(1081M) 1.854ms
[145.757s][info][gc,cpu         ] GC(267) User=0.00s Sys=0.00s Real=0.00s
[145.877s][info][gc,start       ] GC(268) Pause Young (Normal) (G1 Evacuation Pause)
[145.877s][info][gc,task        ] GC(268) Using 25 workers of 33 for evacuation
[145.879s][info][gc,phases      ] GC(268)   Pre Evacuate Collection Set: 0.2ms
[145.879s][info][gc,phases      ] GC(268)   Merge Heap Roots: 0.2ms
[145.879s][info][gc,phases      ] GC(268)   Evacuate Collection Set: 1.0ms
[145.879s][info][gc,phases      ] GC(268)   Post Evacuate Collection Set: 0.6ms
[145.879s][info][gc,phases      ] GC(268)   Other: 0.1ms
[145.879s][info][gc,heap        ] GC(268) Eden regions: 551->0(646)
[145.879s][info][gc,heap        ] GC(268) Survivor regions: 2->2(70)
[145.879s][info][gc,heap        ] GC(268) Old regions: 61->61
[145.879s][info][gc,heap        ] GC(268) Archive regions: 0->0
[145.879s][info][gc,heap        ] GC(268) Humongous regions: 0->0
[145.879s][info][gc,metaspace   ] GC(268) Metaspace: 16677K(17408K)->16677K(17408K) NonClass: 14250K(14720K)->14250K(14720K) Class: 2426K(2688K)->2426K(2688K)
[145.879s][info][gc             ] GC(268) Pause Young (Normal) (G1 Evacuation Pause) 608M->57M(1081M) 2.242ms
[145.879s][info][gc,cpu         ] GC(268) User=0.00s Sys=0.00s Real=0.00s
[145.978s][info][gc,start       ] GC(269) Pause Young (Normal) (G1 Evacuation Pause)
[145.979s][info][gc,task        ] GC(269) Using 25 workers of 33 for evacuation
[145.981s][info][gc,phases      ] GC(269)   Pre Evacuate Collection Set: 0.2ms
[145.981s][info][gc,phases      ] GC(269)   Merge Heap Roots: 0.2ms
[145.981s][info][gc,phases      ] GC(269)   Evacuate Collection Set: 0.9ms
[145.981s][info][gc,phases      ] GC(269)   Post Evacuate Collection Set: 0.6ms
[145.981s][info][gc,phases      ] GC(269)   Other: 0.1ms
[145.981s][info][gc,heap        ] GC(269) Eden regions: 646->0(646)
[145.981s][info][gc,heap        ] GC(269) Survivor regions: 2->2(81)
[145.981s][info][gc,heap        ] GC(269) Old regions: 61->61
[145.981s][info][gc,heap        ] GC(269) Archive regions: 0->0
[145.981s][info][gc,heap        ] GC(269) Humongous regions: 0->0
[145.981s][info][gc,metaspace   ] GC(269) Metaspace: 16677K(17408K)->16677K(17408K) NonClass: 14250K(14720K)->14250K(14720K) Class: 2426K(2688K)->2426K(2688K)
[145.981s][info][gc             ] GC(269) Pause Young (Normal) (G1 Evacuation Pause) 703M->57M(1081M) 2.253ms
[145.981s][info][gc,cpu         ] GC(269) User=0.00s Sys=0.00s Real=0.00s
[146.052s][info][gc,start       ] GC(270) Pause Young (Normal) (G1 Evacuation Pause)
[146.052s][info][gc,task        ] GC(270) Using 25 workers of 33 for evacuation
[146.054s][info][gc,phases      ] GC(270)   Pre Evacuate Collection Set: 0.2ms
[146.054s][info][gc,phases      ] GC(270)   Merge Heap Roots: 0.2ms
[146.054s][info][gc,phases      ] GC(270)   Evacuate Collection Set: 0.7ms
[146.054s][info][gc,phases      ] GC(270)   Post Evacuate Collection Set: 0.6ms
[146.054s][info][gc,phases      ] GC(270)   Other: 0.1ms
[146.054s][info][gc,heap        ] GC(270) Eden regions: 646->0(646)
[146.054s][info][gc,heap        ] GC(270) Survivor regions: 2->2(81)
[146.054s][info][gc,heap        ] GC(270) Old regions: 61->61
[146.054s][info][gc,heap        ] GC(270) Archive regions: 0->0
[146.054s][info][gc,heap        ] GC(270) Humongous regions: 0->0
[146.054s][info][gc,metaspace   ] GC(270) Metaspace: 16677K(17408K)->16677K(17408K) NonClass: 14250K(14720K)->14250K(14720K) Class: 2426K(2688K)->2426K(2688K)
[146.054s][info][gc             ] GC(270) Pause Young (Normal) (G1 Evacuation Pause) 703M->57M(1081M) 2.013ms
[146.054s][info][gc,cpu         ] GC(270) User=0.00s Sys=0.00s Real=0.00s
[146.210s][info][gc,start       ] GC(271) Pause Young (Normal) (G1 Evacuation Pause)
[146.211s][info][gc,task        ] GC(271) Using 25 workers of 33 for evacuation
[146.241s][info][gc,phases      ] GC(271)   Pre Evacuate Collection Set: 0.2ms
[146.241s][info][gc,phases      ] GC(271)   Merge Heap Roots: 0.3ms
[146.241s][info][gc,phases      ] GC(271)   Evacuate Collection Set: 29.3ms
[146.241s][info][gc,phases      ] GC(271)   Post Evacuate Collection Set: 0.7ms
[146.241s][info][gc,phases      ] GC(271)   Other: 0.2ms
[146.241s][info][gc,heap        ] GC(271) Eden regions: 646->0(581)
[146.241s][info][gc,heap        ] GC(271) Survivor regions: 2->67(81)
[146.241s][info][gc,heap        ] GC(271) Old regions: 61->61
[146.241s][info][gc,heap        ] GC(271) Archive regions: 0->0
[146.241s][info][gc,heap        ] GC(271) Humongous regions: 1->1
[146.241s][info][gc,metaspace   ] GC(271) Metaspace: 16677K(17408K)->16677K(17408K) NonClass: 14250K(14720K)->14250K(14720K) Class: 2426K(2688K)->2426K(2688K)
[146.241s][info][gc             ] GC(271) Pause Young (Normal) (G1 Evacuation Pause) 704M->124M(1081M) 31.088ms
[146.242s][info][gc,cpu         ] GC(271) User=0.45s Sys=0.33s Real=0.03s
[146.921s][info][gc,start       ] GC(272) Pause Young (Normal) (G1 Evacuation Pause)
[146.921s][info][gc,task        ] GC(272) Using 25 workers of 33 for evacuation
[147.035s][info][gc,phases      ] GC(272)   Pre Evacuate Collection Set: 0.2ms
[147.035s][info][gc,phases      ] GC(272)   Merge Heap Roots: 0.3ms
[147.035s][info][gc,phases      ] GC(272)   Evacuate Collection Set: 112.5ms
[147.035s][info][gc,phases      ] GC(272)   Post Evacuate Collection Set: 1.1ms
[147.035s][info][gc,phases      ] GC(272)   Other: 0.2ms
[147.035s][info][gc,heap        ] GC(272) Eden regions: 581->0(344)
[147.035s][info][gc,heap        ] GC(272) Survivor regions: 67->81(81)
[147.035s][info][gc,heap        ] GC(272) Old regions: 61->400
[147.035s][info][gc,heap        ] GC(272) Archive regions: 0->0
[147.035s][info][gc,heap        ] GC(272) Humongous regions: 2->2
[147.035s][info][gc,metaspace   ] GC(272) Metaspace: 16677K(17408K)->16677K(17408K) NonClass: 14250K(14720K)->14250K(14720K) Class: 2426K(2688K)->2426K(2688K)
[147.035s][info][gc             ] GC(272) Pause Young (Normal) (G1 Evacuation Pause) 706M->478M(1131M) 114.632ms
[147.035s][info][gc,cpu         ] GC(272) User=2.06s Sys=0.67s Real=0.11s
[154.046s][info][gc,start       ] GC(273) Pause Young (Concurrent Start) (G1 Evacuation Pause)
[154.046s][info][gc,task        ] GC(273) Using 27 workers of 33 for evacuation
[154.103s][info][gc,phases      ] GC(273)   Pre Evacuate Collection Set: 0.4ms
[154.103s][info][gc,phases      ] GC(273)   Merge Heap Roots: 1.6ms
[154.103s][info][gc,phases      ] GC(273)   Evacuate Collection Set: 52.6ms
[154.103s][info][gc,phases      ] GC(273)   Post Evacuate Collection Set: 1.5ms
[154.103s][info][gc,phases      ] GC(273)   Other: 0.1ms
[154.103s][info][gc,heap        ] GC(273) Eden regions: 316->0(292)
[154.103s][info][gc,heap        ] GC(273) Survivor regions: 81->50(50)
[154.103s][info][gc,heap        ] GC(273) Old regions: 400->527
[154.103s][info][gc,heap        ] GC(273) Archive regions: 0->0
[154.103s][info][gc,heap        ] GC(273) Humongous regions: 2->2
[154.103s][info][gc,metaspace   ] GC(273) Metaspace: 16677K(17408K)->16677K(17408K) NonClass: 14250K(14720K)->14250K(14720K) Class: 2426K(2688K)->2426K(2688K)
[154.103s][info][gc             ] GC(273) Pause Young (Concurrent Start) (G1 Evacuation Pause) 794M->573M(1131M) 56.714ms
[154.103s][info][gc             ] GC(274) Concurrent Mark Cycle
[154.103s][info][gc,cpu         ] GC(273) User=1.28s Sys=0.00s Real=0.06s
[154.103s][info][gc,marking     ] GC(274) Concurrent Scan Root Regions
[154.118s][info][gc,marking     ] GC(274) Concurrent Scan Root Regions 15.224ms
[154.118s][info][gc,marking     ] GC(274) Concurrent Mark
[154.118s][info][gc,marking     ] GC(274) Concurrent Mark From Roots
[154.118s][info][gc,task        ] GC(274) Using 8 workers of 8 for marking
[154.148s][info][gc,marking     ] GC(274) Concurrent Mark From Roots 29.866ms
[154.148s][info][gc,marking     ] GC(274) Concurrent Preclean
[154.148s][info][gc,marking     ] GC(274) Concurrent Preclean 0.030ms
[154.148s][info][gc,start       ] GC(274) Pause Remark
[154.150s][info][gc             ] GC(274) Pause Remark 617M->542M(1131M) 1.236ms
[154.150s][info][gc,cpu         ] GC(274) User=0.00s Sys=0.00s Real=0.00s
[154.150s][info][gc,marking     ] GC(274) Concurrent Mark 31.398ms
[154.150s][info][gc,marking     ] GC(274) Concurrent Rebuild Remembered Sets and Scrub Regions
[154.229s][info][gc,marking     ] GC(274) Concurrent Rebuild Remembered Sets and Scrub Regions 78.827ms
[154.229s][info][gc,start       ] GC(274) Pause Cleanup
[154.229s][info][gc             ] GC(274) Pause Cleanup 634M->634M(1131M) 0.508ms
[154.229s][info][gc,cpu         ] GC(274) User=0.00s Sys=0.00s Real=0.00s
[154.229s][info][gc,marking     ] GC(274) Concurrent Clear Claimed Marks
[154.229s][info][gc,marking     ] GC(274) Concurrent Clear Claimed Marks 0.056ms
[154.229s][info][gc,marking     ] GC(274) Concurrent Cleanup for Next Mark
[154.232s][info][gc,marking     ] GC(274) Concurrent Cleanup for Next Mark 2.890ms
[154.232s][info][gc             ] GC(274) Concurrent Mark Cycle 129.395ms
[154.362s][info][gc,start       ] GC(275) Pause Young (Prepare Mixed) (G1 Evacuation Pause)
[154.362s][info][gc,task        ] GC(275) Using 27 workers of 33 for evacuation
[154.413s][info][gc,phases      ] GC(275)   Pre Evacuate Collection Set: 0.2ms
[154.413s][info][gc,phases      ] GC(275)   Merge Heap Roots: 1.5ms
[154.413s][info][gc,phases      ] GC(275)   Evacuate Collection Set: 48.2ms
[154.413s][info][gc,phases      ] GC(275)   Post Evacuate Collection Set: 0.6ms
[154.413s][info][gc,phases      ] GC(275)   Other: 0.2ms
[154.413s][info][gc,heap        ] GC(275) Eden regions: 292->0(258)
[154.413s][info][gc,heap        ] GC(275) Survivor regions: 50->43(43)
[154.413s][info][gc,heap        ] GC(275) Old regions: 453->581
[154.413s][info][gc,heap        ] GC(275) Archive regions: 0->0
[154.413s][info][gc,heap        ] GC(275) Humongous regions: 1->1
[154.413s][info][gc,metaspace   ] GC(275) Metaspace: 16677K(17408K)->16677K(17408K) NonClass: 14250K(14720K)->14250K(14720K) Class: 2426K(2688K)->2426K(2688K)
[154.413s][info][gc             ] GC(275) Pause Young (Prepare Mixed) (G1 Evacuation Pause) 790M->620M(1131M) 51.097ms
[154.413s][info][gc,cpu         ] GC(275) User=1.28s Sys=0.00s Real=0.06s
[154.647s][info][gc,start       ] GC(276) Pause Young (Mixed) (G1 Evacuation Pause)
[154.648s][info][gc,task        ] GC(276) Using 27 workers of 33 for evacuation
[154.688s][info][gc,phases      ] GC(276)   Pre Evacuate Collection Set: 0.2ms
[154.688s][info][gc,phases      ] GC(276)   Merge Heap Roots: 0.3ms
[154.688s][info][gc,phases      ] GC(276)   Evacuate Collection Set: 39.2ms
[154.688s][info][gc,phases      ] GC(276)   Post Evacuate Collection Set: 0.8ms
[154.688s][info][gc,phases      ] GC(276)   Other: 0.2ms
[154.688s][info][gc,heap        ] GC(276) Eden regions: 258->0(277)
[154.688s][info][gc,heap        ] GC(276) Survivor regions: 43->38(38)
[154.688s][info][gc,heap        ] GC(276) Old regions: 581->583
[154.689s][info][gc,heap        ] GC(276) Archive regions: 0->0
[154.689s][info][gc,heap        ] GC(276) Humongous regions: 1->1
[154.689s][info][gc,metaspace   ] GC(276) Metaspace: 16677K(17408K)->16677K(17408K) NonClass: 14250K(14720K)->14250K(14720K) Class: 2426K(2688K)->2426K(2688K)
[154.689s][info][gc             ] GC(276) Pause Young (Mixed) (G1 Evacuation Pause) 878M->618M(1168M) 41.070ms
[154.689s][info][gc,cpu         ] GC(276) User=0.84s Sys=0.00s Real=0.03s
[154.954s][info][gc,start       ] GC(277) Pause Young (Mixed) (G1 Evacuation Pause)
[154.954s][info][gc,task        ] GC(277) Using 28 workers of 33 for evacuation
[154.994s][info][gc,phases      ] GC(277)   Pre Evacuate Collection Set: 0.2ms
[154.994s][info][gc,phases      ] GC(277)   Merge Heap Roots: 0.3ms
[154.994s][info][gc,phases      ] GC(277)   Evacuate Collection Set: 38.5ms
[154.994s][info][gc,phases      ] GC(277)   Post Evacuate Collection Set: 0.6ms
[154.994s][info][gc,phases      ] GC(277)   Other: 0.1ms
[154.994s][info][gc,heap        ] GC(277) Eden regions: 277->0(257)
[154.994s][info][gc,heap        ] GC(277) Survivor regions: 38->40(40)
[154.994s][info][gc,heap        ] GC(277) Old regions: 583->616
[154.994s][info][gc,heap        ] GC(277) Archive regions: 0->0
[154.994s][info][gc,heap        ] GC(277) Humongous regions: 1->1
[154.994s][info][gc,metaspace   ] GC(277) Metaspace: 16677K(17408K)->16677K(17408K) NonClass: 14250K(14720K)->14250K(14720K) Class: 2426K(2688K)->2426K(2688K)
[154.994s][info][gc             ] GC(277) Pause Young (Mixed) (G1 Evacuation Pause) 895M->654M(1168M) 40.017ms
[154.994s][info][gc,cpu         ] GC(277) User=0.88s Sys=0.00s Real=0.03s
[155.808s][info][gc,start       ] GC(278) Pause Young (Normal) (G1 Evacuation Pause)
[155.808s][info][gc,task        ] GC(278) Using 28 workers of 33 for evacuation
[155.852s][info][gc,phases      ] GC(278)   Pre Evacuate Collection Set: 0.2ms
[155.852s][info][gc,phases      ] GC(278)   Merge Heap Roots: 2.6ms
[155.852s][info][gc,phases      ] GC(278)   Evacuate Collection Set: 40.0ms
[155.852s][info][gc,phases      ] GC(278)   Post Evacuate Collection Set: 1.3ms
[155.852s][info][gc,phases      ] GC(278)   Other: 0.1ms
[155.852s][info][gc,heap        ] GC(278) Eden regions: 257->0(244)
[155.852s][info][gc,heap        ] GC(278) Survivor regions: 40->38(38)
[155.852s][info][gc,heap        ] GC(278) Old regions: 616->662
[155.852s][info][gc,heap        ] GC(278) Archive regions: 0->0
[155.852s][info][gc,heap        ] GC(278) Humongous regions: 7->7
[155.852s][info][gc,metaspace   ] GC(278) Metaspace: 16677K(17408K)->16677K(17408K) NonClass: 14250K(14720K)->14250K(14720K) Class: 2426K(2688K)->2426K(2688K)
[155.852s][info][gc             ] GC(278) Pause Young (Normal) (G1 Evacuation Pause) 917M->703M(1168M) 44.630ms
[155.853s][info][gc,cpu         ] GC(278) User=1.31s Sys=0.00s Real=0.05s
[156.261s][info][gc,start       ] GC(279) Pause Young (Concurrent Start) (G1 Evacuation Pause)
[156.261s][info][gc,task        ] GC(279) Using 28 workers of 33 for evacuation
[156.288s][info][gc,phases      ] GC(279)   Pre Evacuate Collection Set: 0.5ms
[156.288s][info][gc,phases      ] GC(279)   Merge Heap Roots: 1.7ms
[156.288s][info][gc,phases      ] GC(279)   Evacuate Collection Set: 24.2ms
[156.288s][info][gc,phases      ] GC(279)   Post Evacuate Collection Set: 0.6ms
[156.288s][info][gc,phases      ] GC(279)   Other: 0.1ms
[156.288s][info][gc,heap        ] GC(279) Eden regions: 244->0(277)
[156.288s][info][gc,heap        ] GC(279) Survivor regions: 38->7(36)
[156.288s][info][gc,heap        ] GC(279) Old regions: 662->680
[156.288s][info][gc,heap        ] GC(279) Archive regions: 0->0
[156.288s][info][gc,heap        ] GC(279) Humongous regions: 7->7
[156.288s][info][gc,metaspace   ] GC(279) Metaspace: 16677K(17408K)->16677K(17408K) NonClass: 14250K(14720K)->14250K(14720K) Class: 2426K(2688K)->2426K(2688K)
[156.288s][info][gc             ] GC(279) Pause Young (Concurrent Start) (G1 Evacuation Pause) 947M->690M(1168M) 27.444ms
[156.289s][info][gc             ] GC(280) Concurrent Mark Cycle
[156.289s][info][gc,cpu         ] GC(279) User=0.88s Sys=0.00s Real=0.03s
[156.289s][info][gc,marking     ] GC(280) Concurrent Scan Root Regions
[156.293s][info][gc,marking     ] GC(280) Concurrent Scan Root Regions 4.065ms
[156.293s][info][gc,marking     ] GC(280) Concurrent Mark
[156.293s][info][gc,marking     ] GC(280) Concurrent Mark From Roots
[156.293s][info][gc,task        ] GC(280) Using 8 workers of 8 for marking
[156.406s][info][gc,marking     ] GC(280) Concurrent Mark From Roots 113.039ms
[156.406s][info][gc,marking     ] GC(280) Concurrent Preclean
[156.406s][info][gc,marking     ] GC(280) Concurrent Preclean 0.045ms
[156.406s][info][gc,start       ] GC(280) Pause Remark
[156.407s][info][gc             ] GC(280) Pause Remark 756M->584M(1168M) 1.429ms
[156.407s][info][gc,cpu         ] GC(280) User=0.00s Sys=0.00s Real=0.00s
[156.407s][info][gc,marking     ] GC(280) Concurrent Mark 114.775ms
[156.407s][info][gc,marking     ] GC(280) Concurrent Rebuild Remembered Sets and Scrub Regions
[156.620s][info][gc,marking     ] GC(280) Concurrent Rebuild Remembered Sets and Scrub Regions 212.699ms
[156.620s][info][gc,start       ] GC(280) Pause Cleanup
[156.622s][info][gc             ] GC(280) Pause Cleanup 654M->654M(1168M) 1.188ms
[156.622s][info][gc,cpu         ] GC(280) User=0.00s Sys=0.00s Real=0.00s
[156.622s][info][gc,marking     ] GC(280) Concurrent Clear Claimed Marks
[156.622s][info][gc,marking     ] GC(280) Concurrent Clear Claimed Marks 0.050ms
[156.622s][info][gc,marking     ] GC(280) Concurrent Cleanup for Next Mark
[156.623s][info][gc,marking     ] GC(280) Concurrent Cleanup for Next Mark 0.832ms
[156.623s][info][gc             ] GC(280) Concurrent Mark Cycle 334.160ms
[158.080s][info][gc,heap,exit   ] Heap
[158.080s][info][gc,heap,exit   ]  garbage-first heap   total 1196032K, used 750463K [0x0000000080000000, 0x0000000100000000)
[158.080s][info][gc,heap,exit   ]   region size 1024K, 222 young (227328K), 7 survivors (7168K)
[158.080s][info][gc,heap,exit   ]  Metaspace       used 16773K, committed 17472K, reserved 1114112K
[158.080s][info][gc,heap,exit   ]   class space    used 2442K, committed 2688K, reserved 1048576K
