[0.015s][info][gc,init] CardTable entry size: 512
[0.015s][info][gc     ] Using G1
[0.030s][info][gc,init] Version: 20+36-2344 (release)
[0.030s][info][gc,init] CPUs: 48 total, 48 available
[0.030s][info][gc,init] Memory: 382G
[0.030s][info][gc,init] Large Page Support: Disabled
[0.030s][info][gc,init] NUMA Support: Disabled
[0.030s][info][gc,init] Compressed Oops: Enabled (Zero based)
[0.030s][info][gc,init] Heap Region Size: 2M
[0.030s][info][gc,init] Heap Min Capacity: 8M
[0.030s][info][gc,init] Heap Initial Capacity: 2G
[0.030s][info][gc,init] Heap Max Capacity: 4G
[0.048s][info][gc,init] Pre-touch: Disabled
[0.048s][info][gc,init] Parallel Workers: 33
[0.048s][info][gc,init] Concurrent Workers: 8
[0.048s][info][gc,init] Concurrent Refinement Workers: 33
[0.048s][info][gc,init] Periodic GC: Disabled
[0.049s][info][gc,metaspace] CDS archive(s) mapped at: [0x0000000800000000-0x0000000800c60000-0x0000000800c60000), size 12976128, SharedBaseAddress: 0x0000000800000000, ArchiveRelocationMode: 0.
[0.049s][info][gc,metaspace] Compressed class space mapped at: 0x0000000801000000-0x0000000841000000, reserved size: 1073741824
[0.049s][info][gc,metaspace] Narrow klass base: 0x0000000800000000, Narrow klass shift: 0, Narrow klass range: 0x100000000
[1.317s][info][gc,start    ] GC(0) Pause Full (System.gc())
[1.319s][info][gc,task     ] GC(0) Using 21 workers of 33 for full compaction
[1.320s][info][gc,phases,start] GC(0) Phase 1: Mark live objects
[1.325s][info][gc,phases      ] GC(0) Phase 1: Mark live objects 5.261ms
[1.325s][info][gc,phases,start] GC(0) Phase 2: Prepare compaction
[1.328s][info][gc,phases      ] GC(0) Phase 2: Prepare compaction 2.931ms
[1.328s][info][gc,phases,start] GC(0) Phase 3: Adjust pointers
[1.331s][info][gc,phases      ] GC(0) Phase 3: Adjust pointers 3.141ms
[1.331s][info][gc,phases,start] GC(0) Phase 4: Compact heap
[1.334s][info][gc,phases      ] GC(0) Phase 4: Compact heap 2.761ms
[1.352s][info][gc,heap        ] GC(0) Eden regions: 21->0(11)
[1.352s][info][gc,heap        ] GC(0) Survivor regions: 0->0(0)
[1.352s][info][gc,heap        ] GC(0) Old regions: 0->21
[1.352s][info][gc,heap        ] GC(0) Archive regions: 0->0
[1.352s][info][gc,heap        ] GC(0) Humongous regions: 0->0
[1.352s][info][gc,metaspace   ] GC(0) Metaspace: 14219K(14464K)->14219K(14464K) NonClass: 12164K(12288K)->12164K(12288K) Class: 2055K(2176K)->2055K(2176K)
[1.353s][info][gc             ] GC(0) Pause Full (System.gc()) 42M->4M(140M) 35.372ms
[1.353s][info][gc,cpu         ] GC(0) User=0.06s Sys=0.30s Real=0.03s
[2.618s][info][gc,start       ] GC(1) Pause Young (Normal) (G1 Evacuation Pause)
[2.618s][info][gc,task        ] GC(1) Using 12 workers of 33 for evacuation
[2.621s][info][gc,phases      ] GC(1)   Pre Evacuate Collection Set: 0.1ms
[2.621s][info][gc,phases      ] GC(1)   Merge Heap Roots: 0.1ms
[2.621s][info][gc,phases      ] GC(1)   Evacuate Collection Set: 2.0ms
[2.621s][info][gc,phases      ] GC(1)   Post Evacuate Collection Set: 0.3ms
[2.621s][info][gc,phases      ] GC(1)   Other: 0.1ms
[2.621s][info][gc,heap        ] GC(1) Eden regions: 11->0(31)
[2.621s][info][gc,heap        ] GC(1) Survivor regions: 0->2(2)
[2.621s][info][gc,heap        ] GC(1) Old regions: 21->22
[2.621s][info][gc,heap        ] GC(1) Archive regions: 0->0
[2.621s][info][gc,heap        ] GC(1) Humongous regions: 0->0
[2.621s][info][gc,metaspace   ] GC(1) Metaspace: 15686K(16000K)->15686K(16000K) NonClass: 13439K(13632K)->13439K(13632K) Class: 2246K(2368K)->2246K(2368K)
[2.621s][info][gc             ] GC(1) Pause Young (Normal) (G1 Evacuation Pause) 26M->8M(140M) 2.856ms
[2.621s][info][gc,cpu         ] GC(1) User=0.02s Sys=0.02s Real=0.02s
[3.767s][info][gc,start       ] GC(2) Pause Young (Normal) (G1 Evacuation Pause)
[3.767s][info][gc,task        ] GC(2) Using 7 workers of 33 for evacuation
[3.773s][info][gc,phases      ] GC(2)   Pre Evacuate Collection Set: 0.1ms
[3.773s][info][gc,phases      ] GC(2)   Merge Heap Roots: 0.1ms
[3.773s][info][gc,phases      ] GC(2)   Evacuate Collection Set: 5.2ms
[3.773s][info][gc,phases      ] GC(2)   Post Evacuate Collection Set: 0.5ms
[3.774s][info][gc,phases      ] GC(2)   Other: 0.1ms
[3.774s][info][gc,heap        ] GC(2) Eden regions: 31->0(36)
[3.774s][info][gc,heap        ] GC(2) Survivor regions: 2->3(5)
[3.774s][info][gc,heap        ] GC(2) Old regions: 22->22
[3.774s][info][gc,heap        ] GC(2) Archive regions: 0->0
[3.774s][info][gc,heap        ] GC(2) Humongous regions: 0->0
[3.774s][info][gc,metaspace   ] GC(2) Metaspace: 15819K(16064K)->15819K(16064K) NonClass: 13559K(13696K)->13559K(13696K) Class: 2260K(2368K)->2260K(2368K)
[3.774s][info][gc             ] GC(2) Pause Young (Normal) (G1 Evacuation Pause) 70M->9M(140M) 6.605ms
[3.774s][info][gc,cpu         ] GC(2) User=0.00s Sys=0.00s Real=0.00s
[3.896s][info][gc,start       ] GC(3) Pause Young (Normal) (G1 Evacuation Pause)
[3.896s][info][gc,task        ] GC(3) Using 5 workers of 33 for evacuation
[3.899s][info][gc,phases      ] GC(3)   Pre Evacuate Collection Set: 0.1ms
[3.900s][info][gc,phases      ] GC(3)   Merge Heap Roots: 0.1ms
[3.900s][info][gc,phases      ] GC(3)   Evacuate Collection Set: 3.1ms
[3.900s][info][gc,phases      ] GC(3)   Post Evacuate Collection Set: 0.3ms
[3.900s][info][gc,phases      ] GC(3)   Other: 0.1ms
[3.900s][info][gc,heap        ] GC(3) Eden regions: 36->0(38)
[3.900s][info][gc,heap        ] GC(3) Survivor regions: 3->3(5)
[3.900s][info][gc,heap        ] GC(3) Old regions: 22->22
[3.900s][info][gc,heap        ] GC(3) Archive regions: 0->0
[3.900s][info][gc,heap        ] GC(3) Humongous regions: 0->0
[3.900s][info][gc,metaspace   ] GC(3) Metaspace: 15828K(16064K)->15828K(16064K) NonClass: 13567K(13696K)->13567K(13696K) Class: 2261K(2368K)->2261K(2368K)
[3.900s][info][gc             ] GC(3) Pause Young (Normal) (G1 Evacuation Pause) 81M->10M(140M) 3.813ms
[3.900s][info][gc,cpu         ] GC(3) User=0.00s Sys=0.00s Real=0.00s
[3.971s][info][gc,start       ] GC(4) Pause Young (Normal) (G1 Evacuation Pause)
[3.972s][info][gc,task        ] GC(4) Using 4 workers of 33 for evacuation
[3.976s][info][gc,phases      ] GC(4)   Pre Evacuate Collection Set: 0.1ms
[3.976s][info][gc,phases      ] GC(4)   Merge Heap Roots: 0.1ms
[3.976s][info][gc,phases      ] GC(4)   Evacuate Collection Set: 3.6ms
[3.976s][info][gc,phases      ] GC(4)   Post Evacuate Collection Set: 0.3ms
[3.976s][info][gc,phases      ] GC(4)   Other: 0.1ms
[3.976s][info][gc,heap        ] GC(4) Eden regions: 38->0(38)
[3.976s][info][gc,heap        ] GC(4) Survivor regions: 3->3(6)
[3.976s][info][gc,heap        ] GC(4) Old regions: 22->22
[3.976s][info][gc,heap        ] GC(4) Archive regions: 0->0
[3.976s][info][gc,heap        ] GC(4) Humongous regions: 0->0
[3.976s][info][gc,metaspace   ] GC(4) Metaspace: 15832K(16064K)->15832K(16064K) NonClass: 13571K(13696K)->13571K(13696K) Class: 2261K(2368K)->2261K(2368K)
[3.976s][info][gc             ] GC(4) Pause Young (Normal) (G1 Evacuation Pause) 86M->10M(140M) 4.370ms
[3.976s][info][gc,cpu         ] GC(4) User=0.00s Sys=0.00s Real=0.00s
[4.010s][info][gc,start       ] GC(5) Pause Young (Normal) (G1 Evacuation Pause)
[4.010s][info][gc,task        ] GC(5) Using 3 workers of 33 for evacuation
[4.015s][info][gc,phases      ] GC(5)   Pre Evacuate Collection Set: 0.1ms
[4.015s][info][gc,phases      ] GC(5)   Merge Heap Roots: 0.1ms
[4.015s][info][gc,phases      ] GC(5)   Evacuate Collection Set: 4.3ms
[4.015s][info][gc,phases      ] GC(5)   Post Evacuate Collection Set: 0.3ms
[4.015s][info][gc,phases      ] GC(5)   Other: 0.1ms
[4.015s][info][gc,heap        ] GC(5) Eden regions: 38->0(38)
[4.015s][info][gc,heap        ] GC(5) Survivor regions: 3->3(6)
[4.015s][info][gc,heap        ] GC(5) Old regions: 22->22
[4.015s][info][gc,heap        ] GC(5) Archive regions: 0->0
[4.015s][info][gc,heap        ] GC(5) Humongous regions: 0->0
[4.015s][info][gc,metaspace   ] GC(5) Metaspace: 15839K(16064K)->15839K(16064K) NonClass: 13577K(13696K)->13577K(13696K) Class: 2261K(2368K)->2261K(2368K)
[4.015s][info][gc             ] GC(5) Pause Young (Normal) (G1 Evacuation Pause) 86M->10M(140M) 5.055ms
[4.015s][info][gc,cpu         ] GC(5) User=0.00s Sys=0.00s Real=0.00s
[4.044s][info][gc,start       ] GC(6) Pause Young (Normal) (G1 Evacuation Pause)
[4.044s][info][gc,task        ] GC(6) Using 3 workers of 33 for evacuation
[4.052s][info][gc,phases      ] GC(6)   Pre Evacuate Collection Set: 0.1ms
[4.052s][info][gc,phases      ] GC(6)   Merge Heap Roots: 0.1ms
[4.052s][info][gc,phases      ] GC(6)   Evacuate Collection Set: 4.2ms
[4.052s][info][gc,phases      ] GC(6)   Post Evacuate Collection Set: 3.3ms
[4.052s][info][gc,phases      ] GC(6)   Other: 0.1ms
[4.052s][info][gc,heap        ] GC(6) Eden regions: 38->0(325)
[4.052s][info][gc,heap        ] GC(6) Survivor regions: 3->3(6)
[4.052s][info][gc,heap        ] GC(6) Old regions: 22->22
[4.052s][info][gc,heap        ] GC(6) Archive regions: 0->0
[4.052s][info][gc,heap        ] GC(6) Humongous regions: 0->0
[4.052s][info][gc,metaspace   ] GC(6) Metaspace: 15839K(16064K)->15839K(16064K) NonClass: 13577K(13696K)->13577K(13696K) Class: 2261K(2368K)->2261K(2368K)
[4.052s][info][gc             ] GC(6) Pause Young (Normal) (G1 Evacuation Pause) 86M->10M(1094M) 7.933ms
[4.052s][info][gc,cpu         ] GC(6) User=0.00s Sys=0.02s Real=0.02s
[4.412s][info][gc,start       ] GC(7) Pause Young (Normal) (G1 Evacuation Pause)
[4.412s][info][gc,task        ] GC(7) Using 26 workers of 33 for evacuation
[4.416s][info][gc,phases      ] GC(7)   Pre Evacuate Collection Set: 0.1ms
[4.416s][info][gc,phases      ] GC(7)   Merge Heap Roots: 0.1ms
[4.416s][info][gc,phases      ] GC(7)   Evacuate Collection Set: 2.5ms
[4.416s][info][gc,phases      ] GC(7)   Post Evacuate Collection Set: 0.6ms
[4.416s][info][gc,phases      ] GC(7)   Other: 0.4ms
[4.416s][info][gc,heap        ] GC(7) Eden regions: 325->0(325)
[4.416s][info][gc,heap        ] GC(7) Survivor regions: 3->3(41)
[4.416s][info][gc,heap        ] GC(7) Old regions: 22->22
[4.416s][info][gc,heap        ] GC(7) Archive regions: 0->0
[4.416s][info][gc,heap        ] GC(7) Humongous regions: 0->0
[4.416s][info][gc,metaspace   ] GC(7) Metaspace: 15839K(16064K)->15839K(16064K) NonClass: 13577K(13696K)->13577K(13696K) Class: 2261K(2368K)->2261K(2368K)
[4.416s][info][gc             ] GC(7) Pause Young (Normal) (G1 Evacuation Pause) 660M->10M(1094M) 3.967ms
[4.416s][info][gc,cpu         ] GC(7) User=0.00s Sys=0.00s Real=0.00s
[4.486s][info][gc,start       ] GC(8) Pause Young (Normal) (G1 Evacuation Pause)
[4.486s][info][gc,task        ] GC(8) Using 26 workers of 33 for evacuation
[4.490s][info][gc,phases      ] GC(8)   Pre Evacuate Collection Set: 0.1ms
[4.490s][info][gc,phases      ] GC(8)   Merge Heap Roots: 0.1ms
[4.490s][info][gc,phases      ] GC(8)   Evacuate Collection Set: 2.9ms
[4.490s][info][gc,phases      ] GC(8)   Post Evacuate Collection Set: 0.6ms
[4.490s][info][gc,phases      ] GC(8)   Other: 0.1ms
[4.490s][info][gc,heap        ] GC(8) Eden regions: 325->0(325)
[4.490s][info][gc,heap        ] GC(8) Survivor regions: 3->3(41)
[4.490s][info][gc,heap        ] GC(8) Old regions: 22->22
[4.490s][info][gc,heap        ] GC(8) Archive regions: 0->0
[4.490s][info][gc,heap        ] GC(8) Humongous regions: 0->0
[4.490s][info][gc,metaspace   ] GC(8) Metaspace: 15839K(16064K)->15839K(16064K) NonClass: 13577K(13696K)->13577K(13696K) Class: 2261K(2368K)->2261K(2368K)
[4.490s][info][gc             ] GC(8) Pause Young (Normal) (G1 Evacuation Pause) 660M->10M(1094M) 4.122ms
[4.490s][info][gc,cpu         ] GC(8) User=0.00s Sys=0.00s Real=0.00s
[4.563s][info][gc,start       ] GC(9) Pause Young (Normal) (G1 Evacuation Pause)
[4.563s][info][gc,task        ] GC(9) Using 26 workers of 33 for evacuation
[4.565s][info][gc,phases      ] GC(9)   Pre Evacuate Collection Set: 0.1ms
[4.565s][info][gc,phases      ] GC(9)   Merge Heap Roots: 0.1ms
[4.565s][info][gc,phases      ] GC(9)   Evacuate Collection Set: 1.4ms
[4.565s][info][gc,phases      ] GC(9)   Post Evacuate Collection Set: 0.6ms
[4.565s][info][gc,phases      ] GC(9)   Other: 0.1ms
[4.565s][info][gc,heap        ] GC(9) Eden regions: 325->0(325)
[4.565s][info][gc,heap        ] GC(9) Survivor regions: 3->3(41)
[4.565s][info][gc,heap        ] GC(9) Old regions: 22->22
[4.565s][info][gc,heap        ] GC(9) Archive regions: 0->0
[4.565s][info][gc,heap        ] GC(9) Humongous regions: 0->0
[4.565s][info][gc,metaspace   ] GC(9) Metaspace: 15839K(16064K)->15839K(16064K) NonClass: 13577K(13696K)->13577K(13696K) Class: 2261K(2368K)->2261K(2368K)
[4.565s][info][gc             ] GC(9) Pause Young (Normal) (G1 Evacuation Pause) 660M->10M(1094M) 2.613ms
[4.566s][info][gc,cpu         ] GC(9) User=0.00s Sys=0.00s Real=0.00s
[4.640s][info][gc,start       ] GC(10) Pause Young (Normal) (G1 Evacuation Pause)
[4.641s][info][gc,task        ] GC(10) Using 26 workers of 33 for evacuation
[4.643s][info][gc,phases      ] GC(10)   Pre Evacuate Collection Set: 0.1ms
[4.643s][info][gc,phases      ] GC(10)   Merge Heap Roots: 0.1ms
[4.643s][info][gc,phases      ] GC(10)   Evacuate Collection Set: 1.2ms
[4.643s][info][gc,phases      ] GC(10)   Post Evacuate Collection Set: 0.6ms
[4.643s][info][gc,phases      ] GC(10)   Other: 0.1ms
[4.643s][info][gc,heap        ] GC(10) Eden regions: 325->0(325)
[4.643s][info][gc,heap        ] GC(10) Survivor regions: 3->3(41)
[4.643s][info][gc,heap        ] GC(10) Old regions: 22->22
[4.643s][info][gc,heap        ] GC(10) Archive regions: 0->0
[4.643s][info][gc,heap        ] GC(10) Humongous regions: 0->0
[4.643s][info][gc,metaspace   ] GC(10) Metaspace: 15839K(16064K)->15839K(16064K) NonClass: 13577K(13696K)->13577K(13696K) Class: 2261K(2368K)->2261K(2368K)
[4.643s][info][gc             ] GC(10) Pause Young (Normal) (G1 Evacuation Pause) 660M->10M(1094M) 2.384ms
[4.643s][info][gc,cpu         ] GC(10) User=0.00s Sys=0.00s Real=0.00s
[5.232s][info][gc,start       ] GC(11) Pause Young (Normal) (G1 Evacuation Pause)
[5.232s][info][gc,task        ] GC(11) Using 26 workers of 33 for evacuation
[5.314s][info][gc,phases      ] GC(11)   Pre Evacuate Collection Set: 0.2ms
[5.314s][info][gc,phases      ] GC(11)   Merge Heap Roots: 0.2ms
[5.314s][info][gc,phases      ] GC(11)   Evacuate Collection Set: 79.6ms
[5.314s][info][gc,phases      ] GC(11)   Post Evacuate Collection Set: 1.4ms
[5.314s][info][gc,phases      ] GC(11)   Other: 0.2ms
[5.314s][info][gc,heap        ] GC(11) Eden regions: 325->0(240)
[5.314s][info][gc,heap        ] GC(11) Survivor regions: 3->41(41)
[5.314s][info][gc,heap        ] GC(11) Old regions: 22->117
[5.314s][info][gc,heap        ] GC(11) Archive regions: 0->0
[5.314s][info][gc,heap        ] GC(11) Humongous regions: 0->0
[5.314s][info][gc,metaspace   ] GC(11) Metaspace: 16029K(16320K)->16029K(16320K) NonClass: 13725K(13888K)->13725K(13888K) Class: 2303K(2432K)->2303K(2432K)
[5.314s][info][gc             ] GC(11) Pause Young (Normal) (G1 Evacuation Pause) 660M->277M(1094M) 81.854ms
[5.314s][info][gc,cpu         ] GC(11) User=1.25s Sys=0.78s Real=0.08s
[13.094s][info][gc,start       ] GC(12) Pause Young (Normal) (G1 Evacuation Pause)
[13.094s][info][gc,task        ] GC(12) Using 26 workers of 33 for evacuation
[13.150s][info][gc,phases      ] GC(12)   Pre Evacuate Collection Set: 0.2ms
[13.150s][info][gc,phases      ] GC(12)   Merge Heap Roots: 1.2ms
[13.150s][info][gc,phases      ] GC(12)   Evacuate Collection Set: 53.8ms
[13.150s][info][gc,phases      ] GC(12)   Post Evacuate Collection Set: 0.8ms
[13.150s][info][gc,phases      ] GC(12)   Other: 0.1ms
[13.150s][info][gc,heap        ] GC(12) Eden regions: 240->0(3)
[13.150s][info][gc,heap        ] GC(12) Survivor regions: 41->36(36)
[13.150s][info][gc,heap        ] GC(12) Old regions: 117->164
[13.150s][info][gc,heap        ] GC(12) Archive regions: 0->0
[13.150s][info][gc,heap        ] GC(12) Humongous regions: 0->0
[13.150s][info][gc,metaspace   ] GC(12) Metaspace: 16475K(16832K)->16475K(16832K) NonClass: 14084K(14272K)->14084K(14272K) Class: 2391K(2560K)->2391K(2560K)
[13.150s][info][gc             ] GC(12) Pause Young (Normal) (G1 Evacuation Pause) 757M->361M(1094M) 56.310ms
[13.150s][info][gc,cpu         ] GC(12) User=1.16s Sys=0.47s Real=0.06s
[13.153s][info][gc,start       ] GC(13) Pause Young (Normal) (G1 Evacuation Pause)
[13.153s][info][gc,task        ] GC(13) Using 26 workers of 33 for evacuation
[13.169s][info][gc,phases      ] GC(13)   Pre Evacuate Collection Set: 0.1ms
[13.169s][info][gc,phases      ] GC(13)   Merge Heap Roots: 0.2ms
[13.169s][info][gc,phases      ] GC(13)   Evacuate Collection Set: 15.4ms
[13.169s][info][gc,phases      ] GC(13)   Post Evacuate Collection Set: 0.3ms
[13.169s][info][gc,phases      ] GC(13)   Other: 0.1ms
[13.169s][info][gc,heap        ] GC(13) Eden regions: 2->0(22)
[13.169s][info][gc,heap        ] GC(13) Survivor regions: 36->5(5)
[13.169s][info][gc,heap        ] GC(13) Old regions: 164->205
[13.169s][info][gc,heap        ] GC(13) Archive regions: 0->0
[13.169s][info][gc,heap        ] GC(13) Humongous regions: 0->0
[13.169s][info][gc,metaspace   ] GC(13) Metaspace: 16475K(16832K)->16475K(16832K) NonClass: 14084K(14272K)->14084K(14272K) Class: 2391K(2560K)->2391K(2560K)
[13.169s][info][gc             ] GC(13) Pause Young (Normal) (G1 Evacuation Pause) 365M->382M(1094M) 16.279ms
[13.169s][info][gc,cpu         ] GC(13) User=0.41s Sys=0.00s Real=0.02s
[13.501s][info][gc,start       ] GC(14) Pause Young (Normal) (G1 Evacuation Pause)
[13.502s][info][gc,task        ] GC(14) Using 26 workers of 33 for evacuation
[13.551s][info][gc,phases      ] GC(14)   Pre Evacuate Collection Set: 0.2ms
[13.551s][info][gc,phases      ] GC(14)   Merge Heap Roots: 0.2ms
[13.551s][info][gc,phases      ] GC(14)   Evacuate Collection Set: 44.6ms
[13.551s][info][gc,phases      ] GC(14)   Post Evacuate Collection Set: 4.3ms
[13.551s][info][gc,phases      ] GC(14)   Other: 0.1ms
[13.551s][info][gc,heap        ] GC(14) Eden regions: 195->0(31)
[13.551s][info][gc,heap        ] GC(14) Survivor regions: 5->25(25)
[13.551s][info][gc,heap        ] GC(14) Old regions: 205->267
[13.551s][info][gc,heap        ] GC(14) Archive regions: 0->0
[13.551s][info][gc,heap        ] GC(14) Humongous regions: 0->0
[13.551s][info][gc,metaspace   ] GC(14) Metaspace: 16475K(16832K)->16475K(16832K) NonClass: 14084K(14272K)->14084K(14272K) Class: 2391K(2560K)->2391K(2560K)
[13.551s][info][gc             ] GC(14) Pause Young (Normal) (G1 Evacuation Pause) 772M->546M(2272M) 49.721ms
[13.551s][info][gc,cpu         ] GC(14) User=1.22s Sys=0.00s Real=0.05s
[13.794s][info][gc,start       ] GC(15) Pause Young (Normal) (G1 Evacuation Pause)
[13.795s][info][gc,task        ] GC(15) Using 33 workers of 33 for evacuation
[13.834s][info][gc,phases      ] GC(15)   Pre Evacuate Collection Set: 0.3ms
[13.834s][info][gc,phases      ] GC(15)   Merge Heap Roots: 0.3ms
[13.834s][info][gc,phases      ] GC(15)   Evacuate Collection Set: 38.2ms
[13.834s][info][gc,phases      ] GC(15)   Post Evacuate Collection Set: 0.5ms
[13.834s][info][gc,phases      ] GC(15)   Other: 0.7ms
[13.834s][info][gc,heap        ] GC(15) Eden regions: 100->0(40)
[13.834s][info][gc,heap        ] GC(15) Survivor regions: 25->16(16)
[13.834s][info][gc,heap        ] GC(15) Old regions: 267->323
[13.834s][info][gc,heap        ] GC(15) Archive regions: 0->0
[13.834s][info][gc,heap        ] GC(15) Humongous regions: 0->0
[13.834s][info][gc,metaspace   ] GC(15) Metaspace: 16475K(16832K)->16475K(16832K) NonClass: 14084K(14272K)->14084K(14272K) Class: 2391K(2560K)->2391K(2560K)
[13.834s][info][gc             ] GC(15) Pause Young (Normal) (G1 Evacuation Pause) 746M->640M(2272M) 40.228ms
[13.834s][info][gc,cpu         ] GC(15) User=1.39s Sys=0.16s Real=0.05s
[14.224s][info][gc,start       ] GC(16) Pause Young (Normal) (G1 Evacuation Pause)
[14.224s][info][gc,task        ] GC(16) Using 33 workers of 33 for evacuation
[14.278s][info][gc,phases      ] GC(16)   Pre Evacuate Collection Set: 0.2ms
[14.278s][info][gc,phases      ] GC(16)   Merge Heap Roots: 0.5ms
[14.278s][info][gc,phases      ] GC(16)   Evacuate Collection Set: 51.7ms
[14.278s][info][gc,phases      ] GC(16)   Post Evacuate Collection Set: 0.6ms
[14.278s][info][gc,phases      ] GC(16)   Other: 0.1ms
[14.278s][info][gc,heap        ] GC(16) Eden regions: 163->0(33)
[14.278s][info][gc,heap        ] GC(16) Survivor regions: 16->23(23)
[14.278s][info][gc,heap        ] GC(16) Old regions: 323->389
[14.278s][info][gc,heap        ] GC(16) Archive regions: 0->0
[14.278s][info][gc,heap        ] GC(16) Humongous regions: 2->2
[14.278s][info][gc,metaspace   ] GC(16) Metaspace: 16487K(16832K)->16487K(16832K) NonClass: 14093K(14272K)->14093K(14272K) Class: 2393K(2560K)->2393K(2560K)
[14.278s][info][gc             ] GC(16) Pause Young (Normal) (G1 Evacuation Pause) 970M->790M(2272M) 53.508ms
[14.278s][info][gc,cpu         ] GC(16) User=1.69s Sys=0.38s Real=0.05s
[15.030s][info][gc,start       ] GC(17) Pause Young (Normal) (G1 Evacuation Pause)
[15.031s][info][gc,task        ] GC(17) Using 33 workers of 33 for evacuation
[15.072s][info][gc,phases      ] GC(17)   Pre Evacuate Collection Set: 0.2ms
[15.072s][info][gc,phases      ] GC(17)   Merge Heap Roots: 2.8ms
[15.072s][info][gc,phases      ] GC(17)   Evacuate Collection Set: 36.8ms
[15.072s][info][gc,phases      ] GC(17)   Post Evacuate Collection Set: 1.1ms
[15.072s][info][gc,phases      ] GC(17)   Other: 0.1ms
[15.072s][info][gc,heap        ] GC(17) Eden regions: 33->0(49)
[15.072s][info][gc,heap        ] GC(17) Survivor regions: 23->7(7)
[15.072s][info][gc,heap        ] GC(17) Old regions: 389->432
[15.072s][info][gc,heap        ] GC(17) Archive regions: 0->0
[15.072s][info][gc,heap        ] GC(17) Humongous regions: 4->4
[15.072s][info][gc,metaspace   ] GC(17) Metaspace: 16509K(16832K)->16509K(16832K) NonClass: 14113K(14272K)->14113K(14272K) Class: 2396K(2560K)->2396K(2560K)
[15.072s][info][gc             ] GC(17) Pause Young (Normal) (G1 Evacuation Pause) 860M->848M(2272M) 41.424ms
[15.072s][info][gc,cpu         ] GC(17) User=1.03s Sys=0.02s Real=0.03s
[15.259s][info][gc,start       ] GC(18) Pause Young (Normal) (G1 Evacuation Pause)
[15.259s][info][gc,task        ] GC(18) Using 33 workers of 33 for evacuation
[15.283s][info][gc,phases      ] GC(18)   Pre Evacuate Collection Set: 0.2ms
[15.283s][info][gc,phases      ] GC(18)   Merge Heap Roots: 1.6ms
[15.283s][info][gc,phases      ] GC(18)   Evacuate Collection Set: 18.7ms
[15.283s][info][gc,phases      ] GC(18)   Post Evacuate Collection Set: 3.2ms
[15.283s][info][gc,phases      ] GC(18)   Other: 0.1ms
[15.283s][info][gc,heap        ] GC(18) Eden regions: 49->0(53)
[15.283s][info][gc,heap        ] GC(18) Survivor regions: 7->3(7)
[15.283s][info][gc,heap        ] GC(18) Old regions: 432->443
[15.283s][info][gc,heap        ] GC(18) Archive regions: 0->0
[15.283s][info][gc,heap        ] GC(18) Humongous regions: 4->4
[15.283s][info][gc,metaspace   ] GC(18) Metaspace: 16509K(16832K)->16509K(16832K) NonClass: 14113K(14272K)->14113K(14272K) Class: 2396K(2560K)->2396K(2560K)
[15.283s][info][gc             ] GC(18) Pause Young (Normal) (G1 Evacuation Pause) 946M->861M(2272M) 24.294ms
[15.283s][info][gc,cpu         ] GC(18) User=1.03s Sys=0.00s Real=0.03s
[15.475s][info][gc,start       ] GC(19) Pause Young (Normal) (G1 Evacuation Pause)
[15.476s][info][gc,task        ] GC(19) Using 33 workers of 33 for evacuation
[15.489s][info][gc,phases      ] GC(19)   Pre Evacuate Collection Set: 0.2ms
[15.489s][info][gc,phases      ] GC(19)   Merge Heap Roots: 0.8ms
[15.489s][info][gc,phases      ] GC(19)   Evacuate Collection Set: 8.9ms
[15.489s][info][gc,phases      ] GC(19)   Post Evacuate Collection Set: 3.4ms
[15.489s][info][gc,phases      ] GC(19)   Other: 0.2ms
[15.489s][info][gc,heap        ] GC(19) Eden regions: 53->0(59)
[15.489s][info][gc,heap        ] GC(19) Survivor regions: 3->3(7)
[15.489s][info][gc,heap        ] GC(19) Old regions: 443->443
[15.489s][info][gc,heap        ] GC(19) Archive regions: 0->0
[15.489s][info][gc,heap        ] GC(19) Humongous regions: 4->4
[15.489s][info][gc,metaspace   ] GC(19) Metaspace: 16509K(16832K)->16509K(16832K) NonClass: 14113K(14272K)->14113K(14272K) Class: 2396K(2560K)->2396K(2560K)
[15.489s][info][gc             ] GC(19) Pause Young (Normal) (G1 Evacuation Pause) 967M->859M(2502M) 13.924ms
[15.489s][info][gc,cpu         ] GC(19) User=0.00s Sys=0.02s Real=0.01s
[15.829s][info][gc,start       ] GC(20) Pause Young (Normal) (G1 Evacuation Pause)
[15.829s][info][gc,task        ] GC(20) Using 33 workers of 33 for evacuation
[15.841s][info][gc,phases      ] GC(20)   Pre Evacuate Collection Set: 0.2ms
[15.841s][info][gc,phases      ] GC(20)   Merge Heap Roots: 0.7ms
[15.842s][info][gc,phases      ] GC(20)   Evacuate Collection Set: 10.4ms
[15.842s][info][gc,phases      ] GC(20)   Post Evacuate Collection Set: 0.8ms
[15.842s][info][gc,phases      ] GC(20)   Other: 0.1ms
[15.842s][info][gc,heap        ] GC(20) Eden regions: 79->0(60)
[15.842s][info][gc,heap        ] GC(20) Survivor regions: 3->2(11)
[15.842s][info][gc,heap        ] GC(20) Old regions: 443->443
[15.842s][info][gc,heap        ] GC(20) Archive regions: 0->0
[15.842s][info][gc,heap        ] GC(20) Humongous regions: 4->4
[15.842s][info][gc,metaspace   ] GC(20) Metaspace: 16509K(16832K)->16509K(16832K) NonClass: 14113K(14272K)->14113K(14272K) Class: 2396K(2560K)->2396K(2560K)
[15.842s][info][gc             ] GC(20) Pause Young (Normal) (G1 Evacuation Pause) 1017M->858M(2502M) 12.665ms
[15.842s][info][gc,cpu         ] GC(20) User=0.52s Sys=0.00s Real=0.02s
[17.930s][info][gc,start       ] GC(21) Pause Full (System.gc())
[17.930s][info][gc,task        ] GC(21) Using 33 workers of 33 for full compaction
[17.932s][info][gc,phases,start] GC(21) Phase 1: Mark live objects
[17.946s][info][gc,phases      ] GC(21) Phase 1: Mark live objects 13.935ms
[17.946s][info][gc,phases,start] GC(21) Phase 2: Prepare compaction
[17.956s][info][gc,phases      ] GC(21) Phase 2: Prepare compaction 10.019ms
[17.956s][info][gc,phases,start] GC(21) Phase 3: Adjust pointers
[17.961s][info][gc,phases      ] GC(21) Phase 3: Adjust pointers 5.386ms
[17.961s][info][gc,phases,start] GC(21) Phase 4: Compact heap
[17.962s][info][gc,phases      ] GC(21) Phase 4: Compact heap 1.427ms
[17.980s][info][gc,heap        ] GC(21) Eden regions: 113->0(5)
[17.981s][info][gc,heap        ] GC(21) Survivor regions: 2->0(11)
[17.981s][info][gc,heap        ] GC(21) Old regions: 443->32
[17.981s][info][gc,heap        ] GC(21) Archive regions: 0->0
[17.981s][info][gc,heap        ] GC(21) Humongous regions: 4->0
[17.981s][info][gc,metaspace   ] GC(21) Metaspace: 16816K(17280K)->16615K(17280K) NonClass: 14333K(14592K)->14193K(14592K) Class: 2482K(2688K)->2421K(2688K)
[17.981s][info][gc             ] GC(21) Pause Full (System.gc()) 1083M->6M(214M) 50.707ms
[17.981s][info][gc,cpu         ] GC(21) User=0.16s Sys=0.52s Real=0.05s
[19.738s][info][gc,start       ] GC(22) Pause Young (Normal) (G1 Evacuation Pause)
[19.738s][info][gc,task        ] GC(22) Using 19 workers of 33 for evacuation
[19.740s][info][gc,phases      ] GC(22)   Pre Evacuate Collection Set: 0.2ms
[19.740s][info][gc,phases      ] GC(22)   Merge Heap Roots: 0.1ms
[19.740s][info][gc,phases      ] GC(22)   Evacuate Collection Set: 1.1ms
[19.740s][info][gc,phases      ] GC(22)   Post Evacuate Collection Set: 0.6ms
[19.740s][info][gc,phases      ] GC(22)   Other: 0.2ms
[19.740s][info][gc,heap        ] GC(22) Eden regions: 44->0(17)
[19.740s][info][gc,heap        ] GC(22) Survivor regions: 0->1(6)
[19.740s][info][gc,heap        ] GC(22) Old regions: 32->32
[19.740s][info][gc,heap        ] GC(22) Archive regions: 0->0
[19.740s][info][gc,heap        ] GC(22) Humongous regions: 0->0
[19.740s][info][gc,metaspace   ] GC(22) Metaspace: 16616K(17280K)->16616K(17280K) NonClass: 14194K(14592K)->14194K(14592K) Class: 2421K(2688K)->2421K(2688K)
[19.740s][info][gc             ] GC(22) Pause Young (Normal) (G1 Evacuation Pause) 94M->8M(214M) 2.611ms
[19.740s][info][gc,cpu         ] GC(22) User=0.00s Sys=0.00s Real=0.00s
[19.756s][info][gc,start       ] GC(23) Pause Young (Normal) (G1 Evacuation Pause)
[19.756s][info][gc,task        ] GC(23) Using 12 workers of 33 for evacuation
[19.758s][info][gc,phases      ] GC(23)   Pre Evacuate Collection Set: 0.1ms
[19.758s][info][gc,phases      ] GC(23)   Merge Heap Roots: 0.1ms
[19.758s][info][gc,phases      ] GC(23)   Evacuate Collection Set: 0.9ms
[19.758s][info][gc,phases      ] GC(23)   Post Evacuate Collection Set: 0.4ms
[19.758s][info][gc,phases      ] GC(23)   Other: 0.1ms
[19.758s][info][gc,heap        ] GC(23) Eden regions: 48->0(52)
[19.758s][info][gc,heap        ] GC(23) Survivor regions: 1->1(7)
[19.758s][info][gc,heap        ] GC(23) Old regions: 32->32
[19.758s][info][gc,heap        ] GC(23) Archive regions: 0->0
[19.758s][info][gc,heap        ] GC(23) Humongous regions: 0->0
[19.758s][info][gc,metaspace   ] GC(23) Metaspace: 16616K(17280K)->16616K(17280K) NonClass: 14194K(14592K)->14194K(14592K) Class: 2421K(2688K)->2421K(2688K)
[19.758s][info][gc             ] GC(23) Pause Young (Normal) (G1 Evacuation Pause) 104M->8M(214M) 1.993ms
[19.758s][info][gc,cpu         ] GC(23) User=0.02s Sys=0.00s Real=0.02s
[19.772s][info][gc,start       ] GC(24) Pause Young (Normal) (G1 Evacuation Pause)
[19.772s][info][gc,task        ] GC(24) Using 8 workers of 33 for evacuation
[19.773s][info][gc,phases      ] GC(24)   Pre Evacuate Collection Set: 0.1ms
[19.773s][info][gc,phases      ] GC(24)   Merge Heap Roots: 0.1ms
[19.773s][info][gc,phases      ] GC(24)   Evacuate Collection Set: 0.7ms
[19.773s][info][gc,phases      ] GC(24)   Post Evacuate Collection Set: 0.3ms
[19.773s][info][gc,phases      ] GC(24)   Other: 0.1ms
[19.773s][info][gc,heap        ] GC(24) Eden regions: 52->0(55)
[19.773s][info][gc,heap        ] GC(24) Survivor regions: 1->1(7)
[19.773s][info][gc,heap        ] GC(24) Old regions: 32->32
[19.773s][info][gc,heap        ] GC(24) Archive regions: 0->0
[19.773s][info][gc,heap        ] GC(24) Humongous regions: 0->0
[19.773s][info][gc,metaspace   ] GC(24) Metaspace: 16616K(17280K)->16616K(17280K) NonClass: 14194K(14592K)->14194K(14592K) Class: 2421K(2688K)->2421K(2688K)
[19.773s][info][gc             ] GC(24) Pause Young (Normal) (G1 Evacuation Pause) 112M->8M(214M) 1.382ms
[19.773s][info][gc,cpu         ] GC(24) User=0.00s Sys=0.00s Real=0.00s
[19.785s][info][gc,start       ] GC(25) Pause Young (Normal) (G1 Evacuation Pause)
[19.786s][info][gc,task        ] GC(25) Using 6 workers of 33 for evacuation
[19.787s][info][gc,phases      ] GC(25)   Pre Evacuate Collection Set: 0.1ms
[19.787s][info][gc,phases      ] GC(25)   Merge Heap Roots: 0.1ms
[19.787s][info][gc,phases      ] GC(25)   Evacuate Collection Set: 0.9ms
[19.787s][info][gc,phases      ] GC(25)   Post Evacuate Collection Set: 0.2ms
[19.787s][info][gc,phases      ] GC(25)   Other: 0.1ms
[19.787s][info][gc,heap        ] GC(25) Eden regions: 55->0(58)
[19.787s][info][gc,heap        ] GC(25) Survivor regions: 1->1(7)
[19.787s][info][gc,heap        ] GC(25) Old regions: 32->32
[19.787s][info][gc,heap        ] GC(25) Archive regions: 0->0
[19.787s][info][gc,heap        ] GC(25) Humongous regions: 0->0
[19.787s][info][gc,metaspace   ] GC(25) Metaspace: 16616K(17280K)->16616K(17280K) NonClass: 14194K(14592K)->14194K(14592K) Class: 2421K(2688K)->2421K(2688K)
[19.787s][info][gc             ] GC(25) Pause Young (Normal) (G1 Evacuation Pause) 118M->8M(214M) 1.564ms
[19.787s][info][gc,cpu         ] GC(25) User=0.00s Sys=0.00s Real=0.00s
[19.799s][info][gc,start       ] GC(26) Pause Young (Normal) (G1 Evacuation Pause)
[19.799s][info][gc,task        ] GC(26) Using 5 workers of 33 for evacuation
[19.803s][info][gc,phases      ] GC(26)   Pre Evacuate Collection Set: 0.1ms
[19.804s][info][gc,phases      ] GC(26)   Merge Heap Roots: 0.1ms
[19.804s][info][gc,phases      ] GC(26)   Evacuate Collection Set: 1.1ms
[19.804s][info][gc,phases      ] GC(26)   Post Evacuate Collection Set: 3.1ms
[19.804s][info][gc,phases      ] GC(26)   Other: 0.1ms
[19.804s][info][gc,heap        ] GC(26) Eden regions: 58->0(338)
[19.804s][info][gc,heap        ] GC(26) Survivor regions: 1->1(8)
[19.804s][info][gc,heap        ] GC(26) Old regions: 32->32
[19.804s][info][gc,heap        ] GC(26) Archive regions: 0->0
[19.804s][info][gc,heap        ] GC(26) Humongous regions: 0->0
[19.804s][info][gc,metaspace   ] GC(26) Metaspace: 16616K(17280K)->16616K(17280K) NonClass: 14194K(14592K)->14194K(14592K) Class: 2421K(2688K)->2421K(2688K)
[19.804s][info][gc             ] GC(26) Pause Young (Normal) (G1 Evacuation Pause) 124M->8M(1132M) 4.702ms
[19.804s][info][gc,cpu         ] GC(26) User=0.00s Sys=0.00s Real=0.00s
[20.157s][info][gc,start       ] GC(27) Pause Young (Normal) (G1 Evacuation Pause)
[20.157s][info][gc,task        ] GC(27) Using 27 workers of 33 for evacuation
[20.159s][info][gc,phases      ] GC(27)   Pre Evacuate Collection Set: 0.1ms
[20.159s][info][gc,phases      ] GC(27)   Merge Heap Roots: 0.1ms
[20.159s][info][gc,phases      ] GC(27)   Evacuate Collection Set: 1.7ms
[20.159s][info][gc,phases      ] GC(27)   Post Evacuate Collection Set: 0.5ms
[20.159s][info][gc,phases      ] GC(27)   Other: 0.1ms
[20.159s][info][gc,heap        ] GC(27) Eden regions: 338->0(338)
[20.159s][info][gc,heap        ] GC(27) Survivor regions: 1->1(43)
[20.159s][info][gc,heap        ] GC(27) Old regions: 32->32
[20.159s][info][gc,heap        ] GC(27) Archive regions: 0->0
[20.159s][info][gc,heap        ] GC(27) Humongous regions: 0->0
[20.159s][info][gc,metaspace   ] GC(27) Metaspace: 16616K(17280K)->16616K(17280K) NonClass: 14194K(14592K)->14194K(14592K) Class: 2421K(2688K)->2421K(2688K)
[20.159s][info][gc             ] GC(27) Pause Young (Normal) (G1 Evacuation Pause) 684M->8M(1132M) 2.825ms
[20.159s][info][gc,cpu         ] GC(27) User=0.19s Sys=0.23s Real=0.02s
[20.231s][info][gc,start       ] GC(28) Pause Young (Normal) (G1 Evacuation Pause)
[20.231s][info][gc,task        ] GC(28) Using 27 workers of 33 for evacuation
[20.233s][info][gc,phases      ] GC(28)   Pre Evacuate Collection Set: 0.1ms
[20.233s][info][gc,phases      ] GC(28)   Merge Heap Roots: 0.1ms
[20.233s][info][gc,phases      ] GC(28)   Evacuate Collection Set: 1.1ms
[20.233s][info][gc,phases      ] GC(28)   Post Evacuate Collection Set: 0.5ms
[20.233s][info][gc,phases      ] GC(28)   Other: 0.1ms
[20.233s][info][gc,heap        ] GC(28) Eden regions: 338->0(338)
[20.233s][info][gc,heap        ] GC(28) Survivor regions: 1->1(43)
[20.233s][info][gc,heap        ] GC(28) Old regions: 32->32
[20.233s][info][gc,heap        ] GC(28) Archive regions: 0->0
[20.233s][info][gc,heap        ] GC(28) Humongous regions: 0->0
[20.233s][info][gc,metaspace   ] GC(28) Metaspace: 16616K(17280K)->16616K(17280K) NonClass: 14194K(14592K)->14194K(14592K) Class: 2421K(2688K)->2421K(2688K)
[20.233s][info][gc             ] GC(28) Pause Young (Normal) (G1 Evacuation Pause) 684M->8M(1132M) 2.203ms
[20.233s][info][gc,cpu         ] GC(28) User=0.00s Sys=0.00s Real=0.00s
[20.307s][info][gc,start       ] GC(29) Pause Young (Normal) (G1 Evacuation Pause)
[20.308s][info][gc,task        ] GC(29) Using 27 workers of 33 for evacuation
[20.309s][info][gc,phases      ] GC(29)   Pre Evacuate Collection Set: 0.1ms
[20.309s][info][gc,phases      ] GC(29)   Merge Heap Roots: 0.2ms
[20.309s][info][gc,phases      ] GC(29)   Evacuate Collection Set: 0.5ms
[20.309s][info][gc,phases      ] GC(29)   Post Evacuate Collection Set: 0.5ms
[20.309s][info][gc,phases      ] GC(29)   Other: 0.1ms
[20.309s][info][gc,heap        ] GC(29) Eden regions: 338->0(338)
[20.309s][info][gc,heap        ] GC(29) Survivor regions: 1->1(43)
[20.309s][info][gc,heap        ] GC(29) Old regions: 32->32
[20.309s][info][gc,heap        ] GC(29) Archive regions: 0->0
[20.309s][info][gc,heap        ] GC(29) Humongous regions: 0->0
[20.309s][info][gc,metaspace   ] GC(29) Metaspace: 16617K(17280K)->16617K(17280K) NonClass: 14195K(14592K)->14195K(14592K) Class: 2421K(2688K)->2421K(2688K)
[20.309s][info][gc             ] GC(29) Pause Young (Normal) (G1 Evacuation Pause) 684M->8M(1132M) 1.620ms
[20.309s][info][gc,cpu         ] GC(29) User=0.00s Sys=0.00s Real=0.00s
[20.384s][info][gc,start       ] GC(30) Pause Young (Normal) (G1 Evacuation Pause)
[20.384s][info][gc,task        ] GC(30) Using 27 workers of 33 for evacuation
[20.385s][info][gc,phases      ] GC(30)   Pre Evacuate Collection Set: 0.2ms
[20.385s][info][gc,phases      ] GC(30)   Merge Heap Roots: 0.1ms
[20.385s][info][gc,phases      ] GC(30)   Evacuate Collection Set: 0.4ms
[20.385s][info][gc,phases      ] GC(30)   Post Evacuate Collection Set: 0.5ms
[20.385s][info][gc,phases      ] GC(30)   Other: 0.1ms
[20.385s][info][gc,heap        ] GC(30) Eden regions: 338->0(338)
[20.385s][info][gc,heap        ] GC(30) Survivor regions: 1->1(43)
[20.385s][info][gc,heap        ] GC(30) Old regions: 32->32
[20.385s][info][gc,heap        ] GC(30) Archive regions: 0->0
[20.385s][info][gc,heap        ] GC(30) Humongous regions: 0->0
[20.385s][info][gc,metaspace   ] GC(30) Metaspace: 16617K(17280K)->16617K(17280K) NonClass: 14195K(14592K)->14195K(14592K) Class: 2421K(2688K)->2421K(2688K)
[20.385s][info][gc             ] GC(30) Pause Young (Normal) (G1 Evacuation Pause) 684M->7M(1132M) 1.683ms
[20.385s][info][gc,cpu         ] GC(30) User=0.00s Sys=0.00s Real=0.00s
[21.130s][info][gc,start       ] GC(31) Pause Young (Normal) (G1 Evacuation Pause)
[21.130s][info][gc,task        ] GC(31) Using 27 workers of 33 for evacuation
[21.275s][info][gc,phases      ] GC(31)   Pre Evacuate Collection Set: 0.2ms
[21.275s][info][gc,phases      ] GC(31)   Merge Heap Roots: 0.2ms
[21.275s][info][gc,phases      ] GC(31)   Evacuate Collection Set: 142.9ms
[21.275s][info][gc,phases      ] GC(31)   Post Evacuate Collection Set: 1.2ms
[21.275s][info][gc,phases      ] GC(31)   Other: 0.1ms
[21.275s][info][gc,heap        ] GC(31) Eden regions: 338->0(191)
[21.275s][info][gc,heap        ] GC(31) Survivor regions: 1->43(43)
[21.275s][info][gc,heap        ] GC(31) Old regions: 32->216
[21.275s][info][gc,heap        ] GC(31) Archive regions: 0->0
[21.275s][info][gc,heap        ] GC(31) Humongous regions: 0->0
[21.275s][info][gc,metaspace   ] GC(31) Metaspace: 16617K(17280K)->16617K(17280K) NonClass: 14195K(14592K)->14195K(14592K) Class: 2421K(2688K)->2421K(2688K)
[21.275s][info][gc             ] GC(31) Pause Young (Normal) (G1 Evacuation Pause) 683M->459M(1196M) 144.954ms
[21.275s][info][gc,cpu         ] GC(31) User=1.61s Sys=2.19s Real=0.14s
[21.277s][info][gc,start       ] GC(32) Pause Young (Normal) (G1 Evacuation Pause)
[21.277s][info][gc,task        ] GC(32) Using 28 workers of 33 for evacuation
[21.302s][info][gc,phases      ] GC(32)   Pre Evacuate Collection Set: 0.1ms
[21.302s][info][gc,phases      ] GC(32)   Merge Heap Roots: 0.7ms
[21.302s][info][gc,phases      ] GC(32)   Evacuate Collection Set: 23.6ms
[21.302s][info][gc,phases      ] GC(32)   Post Evacuate Collection Set: 0.3ms
[21.302s][info][gc,phases      ] GC(32)   Other: 0.1ms
[21.302s][info][gc,heap        ] GC(32) Eden regions: 3->0(94)
[21.302s][info][gc,heap        ] GC(32) Survivor regions: 43->5(6)
[21.302s][info][gc,heap        ] GC(32) Old regions: 216->272
[21.302s][info][gc,heap        ] GC(32) Archive regions: 0->0
[21.302s][info][gc,heap        ] GC(32) Humongous regions: 0->0
[21.302s][info][gc,metaspace   ] GC(32) Metaspace: 16617K(17280K)->16617K(17280K) NonClass: 14195K(14592K)->14195K(14592K) Class: 2421K(2688K)->2421K(2688K)
[21.302s][info][gc             ] GC(32) Pause Young (Normal) (G1 Evacuation Pause) 465M->495M(1196M) 25.143ms
[21.303s][info][gc,cpu         ] GC(32) User=0.42s Sys=0.00s Real=0.02s
[21.457s][info][gc,start       ] GC(33) Pause Young (Concurrent Start) (G1 Evacuation Pause)
[21.457s][info][gc,task        ] GC(33) Using 28 workers of 33 for evacuation
[21.477s][info][gc,phases      ] GC(33)   Pre Evacuate Collection Set: 0.3ms
[21.477s][info][gc,phases      ] GC(33)   Merge Heap Roots: 2.1ms
[21.477s][info][gc,phases      ] GC(33)   Evacuate Collection Set: 17.2ms
[21.477s][info][gc,phases      ] GC(33)   Post Evacuate Collection Set: 0.4ms
[21.477s][info][gc,phases      ] GC(33)   Other: 0.1ms
[21.477s][info][gc,heap        ] GC(33) Eden regions: 24->0(70)
[21.477s][info][gc,heap        ] GC(33) Survivor regions: 5->4(4)
[21.477s][info][gc,heap        ] GC(33) Old regions: 272->272
[21.477s][info][gc,heap        ] GC(33) Archive regions: 0->0
[21.477s][info][gc,heap        ] GC(33) Humongous regions: 0->0
[21.477s][info][gc,metaspace   ] GC(33) Metaspace: 16617K(17280K)->16617K(17280K) NonClass: 14195K(14592K)->14195K(14592K) Class: 2421K(2688K)->2421K(2688K)
[21.477s][info][gc             ] GC(33) Pause Young (Concurrent Start) (G1 Evacuation Pause) 543M->493M(1196M) 20.656ms
[21.477s][info][gc             ] GC(34) Concurrent Mark Cycle
[21.477s][info][gc,cpu         ] GC(33) User=0.44s Sys=0.00s Real=0.02s
[21.477s][info][gc,marking     ] GC(34) Concurrent Scan Root Regions
[21.489s][info][gc,marking     ] GC(34) Concurrent Scan Root Regions 11.376ms
[21.489s][info][gc,marking     ] GC(34) Concurrent Mark
[21.489s][info][gc,marking     ] GC(34) Concurrent Mark From Roots
[21.489s][info][gc,task        ] GC(34) Using 8 workers of 8 for marking
[21.617s][info][gc,marking     ] GC(34) Concurrent Mark From Roots 128.498ms
[21.617s][info][gc,marking     ] GC(34) Concurrent Preclean
[21.617s][info][gc,marking     ] GC(34) Concurrent Preclean 0.030ms
[21.618s][info][gc,start       ] GC(34) Pause Remark
[21.621s][info][gc             ] GC(34) Pause Remark 526M->504M(1196M) 3.148ms
[21.621s][info][gc,cpu         ] GC(34) User=0.02s Sys=0.00s Real=0.02s
[21.621s][info][gc,marking     ] GC(34) Concurrent Mark 131.937ms
[21.621s][info][gc,marking     ] GC(34) Concurrent Rebuild Remembered Sets and Scrub Regions
[21.838s][info][gc,marking     ] GC(34) Concurrent Rebuild Remembered Sets and Scrub Regions 217.504ms
[21.838s][info][gc,start       ] GC(34) Pause Cleanup
[21.839s][info][gc             ] GC(34) Pause Cleanup 512M->512M(1196M) 0.291ms
[21.839s][info][gc,cpu         ] GC(34) User=0.00s Sys=0.00s Real=0.00s
[21.839s][info][gc,marking     ] GC(34) Concurrent Clear Claimed Marks
[21.839s][info][gc,marking     ] GC(34) Concurrent Clear Claimed Marks 0.031ms
[21.839s][info][gc,marking     ] GC(34) Concurrent Cleanup for Next Mark
[21.842s][info][gc,marking     ] GC(34) Concurrent Cleanup for Next Mark 2.722ms
[21.842s][info][gc             ] GC(34) Concurrent Mark Cycle 364.281ms
[29.855s][info][gc,start       ] GC(35) Pause Young (Prepare Mixed) (G1 Evacuation Pause)
[29.855s][info][gc,task        ] GC(35) Using 28 workers of 33 for evacuation
[29.901s][info][gc,phases      ] GC(35)   Pre Evacuate Collection Set: 0.2ms
[29.901s][info][gc,phases      ] GC(35)   Merge Heap Roots: 1.5ms
[29.901s][info][gc,phases      ] GC(35)   Evacuate Collection Set: 43.0ms
[29.901s][info][gc,phases      ] GC(35)   Post Evacuate Collection Set: 1.0ms
[29.901s][info][gc,phases      ] GC(35)   Other: 0.2ms
[29.901s][info][gc,heap        ] GC(35) Eden regions: 211->0(118)
[29.901s][info][gc,heap        ] GC(35) Survivor regions: 4->27(27)
[29.901s][info][gc,heap        ] GC(35) Old regions: 261->304
[29.901s][info][gc,heap        ] GC(35) Archive regions: 0->0
[29.901s][info][gc,heap        ] GC(35) Humongous regions: 0->0
[29.901s][info][gc,metaspace   ] GC(35) Metaspace: 16619K(17280K)->16619K(17280K) NonClass: 14198K(14592K)->14198K(14592K) Class: 2421K(2688K)->2421K(2688K)
[29.901s][info][gc             ] GC(35) Pause Young (Prepare Mixed) (G1 Evacuation Pause) 893M->603M(1196M) 46.125ms
[29.901s][info][gc,cpu         ] GC(35) User=1.31s Sys=0.00s Real=0.05s
[30.137s][info][gc,start       ] GC(36) Pause Young (Mixed) (G1 Evacuation Pause)
[30.137s][info][gc,task        ] GC(36) Using 28 workers of 33 for evacuation
[30.186s][info][gc,phases      ] GC(36)   Pre Evacuate Collection Set: 0.2ms
[30.186s][info][gc,phases      ] GC(36)   Merge Heap Roots: 1.0ms
[30.186s][info][gc,phases      ] GC(36)   Evacuate Collection Set: 46.6ms
[30.186s][info][gc,phases      ] GC(36)   Post Evacuate Collection Set: 0.4ms
[30.186s][info][gc,phases      ] GC(36)   Other: 0.1ms
[30.186s][info][gc,heap        ] GC(36) Eden regions: 131->0(113)
[30.186s][info][gc,heap        ] GC(36) Survivor regions: 27->20(20)
[30.186s][info][gc,heap        ] GC(36) Old regions: 304->369
[30.186s][info][gc,heap        ] GC(36) Archive regions: 0->0
[30.186s][info][gc,heap        ] GC(36) Humongous regions: 0->0
[30.186s][info][gc,metaspace   ] GC(36) Metaspace: 16619K(17280K)->16619K(17280K) NonClass: 14198K(14592K)->14198K(14592K) Class: 2421K(2688K)->2421K(2688K)
[30.186s][info][gc             ] GC(36) Pause Young (Mixed) (G1 Evacuation Pause) 865M->726M(1196M) 48.733ms
[30.186s][info][gc,cpu         ] GC(36) User=1.33s Sys=0.00s Real=0.06s
[30.397s][info][gc,start       ] GC(37) Pause Young (Mixed) (G1 Evacuation Pause)
[30.397s][info][gc,task        ] GC(37) Using 28 workers of 33 for evacuation
[30.438s][info][gc,phases      ] GC(37)   Pre Evacuate Collection Set: 0.2ms
[30.438s][info][gc,phases      ] GC(37)   Merge Heap Roots: 0.2ms
[30.438s][info][gc,phases      ] GC(37)   Evacuate Collection Set: 36.5ms
[30.438s][info][gc,phases      ] GC(37)   Post Evacuate Collection Set: 4.1ms
[30.438s][info][gc,phases      ] GC(37)   Other: 0.1ms
[30.438s][info][gc,heap        ] GC(37) Eden regions: 113->0(110)
[30.438s][info][gc,heap        ] GC(37) Survivor regions: 20->17(17)
[30.438s][info][gc,heap        ] GC(37) Old regions: 369->409
[30.438s][info][gc,heap        ] GC(37) Archive regions: 0->0
[30.438s][info][gc,heap        ] GC(37) Humongous regions: 0->0
[30.438s][info][gc,metaspace   ] GC(37) Metaspace: 16619K(17280K)->16619K(17280K) NonClass: 14198K(14592K)->14198K(14592K) Class: 2421K(2688K)->2421K(2688K)
[30.438s][info][gc             ] GC(37) Pause Young (Mixed) (G1 Evacuation Pause) 952M->821M(2356M) 41.331ms
[30.438s][info][gc,cpu         ] GC(37) User=0.88s Sys=0.02s Real=0.05s
[30.837s][info][gc,start       ] GC(38) Pause Young (Normal) (G1 Evacuation Pause)
[30.838s][info][gc,task        ] GC(38) Using 33 workers of 33 for evacuation
[30.889s][info][gc,phases      ] GC(38)   Pre Evacuate Collection Set: 0.2ms
[30.889s][info][gc,phases      ] GC(38)   Merge Heap Roots: 3.0ms
[30.889s][info][gc,phases      ] GC(38)   Evacuate Collection Set: 47.4ms
[30.889s][info][gc,phases      ] GC(38)   Post Evacuate Collection Set: 1.0ms
[30.889s][info][gc,phases      ] GC(38)   Other: 0.1ms
[30.890s][info][gc,heap        ] GC(38) Eden regions: 115->0(129)
[30.890s][info][gc,heap        ] GC(38) Survivor regions: 17->17(17)
[30.890s][info][gc,heap        ] GC(38) Old regions: 409->467
[30.890s][info][gc,heap        ] GC(38) Archive regions: 0->0
[30.890s][info][gc,heap        ] GC(38) Humongous regions: 2->2
[30.890s][info][gc,metaspace   ] GC(38) Metaspace: 16619K(17280K)->16619K(17280K) NonClass: 14198K(14592K)->14198K(14592K) Class: 2421K(2688K)->2421K(2688K)
[30.890s][info][gc             ] GC(38) Pause Young (Normal) (G1 Evacuation Pause) 1055M->942M(2356M) 52.111ms
[30.890s][info][gc,cpu         ] GC(38) User=1.48s Sys=0.06s Real=0.05s
[31.465s][info][gc,start       ] GC(39) Pause Young (Normal) (G1 Evacuation Pause)
[31.465s][info][gc,task        ] GC(39) Using 33 workers of 33 for evacuation
[31.502s][info][gc,phases      ] GC(39)   Pre Evacuate Collection Set: 0.2ms
[31.502s][info][gc,phases      ] GC(39)   Merge Heap Roots: 3.0ms
[31.502s][info][gc,phases      ] GC(39)   Evacuate Collection Set: 33.3ms
[31.502s][info][gc,phases      ] GC(39)   Post Evacuate Collection Set: 0.9ms
[31.503s][info][gc,phases      ] GC(39)   Other: 0.1ms
[31.503s][info][gc,heap        ] GC(39) Eden regions: 41->0(61)
[31.503s][info][gc,heap        ] GC(39) Survivor regions: 17->8(8)
[31.503s][info][gc,heap        ] GC(39) Old regions: 467->493
[31.503s][info][gc,heap        ] GC(39) Archive regions: 0->0
[31.503s][info][gc,heap        ] GC(39) Humongous regions: 4->4
[31.503s][info][gc,metaspace   ] GC(39) Metaspace: 16619K(17280K)->16619K(17280K) NonClass: 14198K(14592K)->14198K(14592K) Class: 2421K(2688K)->2421K(2688K)
[31.503s][info][gc             ] GC(39) Pause Young (Normal) (G1 Evacuation Pause) 1028M->979M(2356M) 37.966ms
[31.503s][info][gc,cpu         ] GC(39) User=1.03s Sys=0.00s Real=0.03s
[32.416s][info][gc,start       ] GC(40) Pause Young (Normal) (G1 Evacuation Pause)
[32.416s][info][gc,task        ] GC(40) Using 33 workers of 33 for evacuation
[32.434s][info][gc,phases      ] GC(40)   Pre Evacuate Collection Set: 0.2ms
[32.434s][info][gc,phases      ] GC(40)   Merge Heap Roots: 1.9ms
[32.434s][info][gc,phases      ] GC(40)   Evacuate Collection Set: 14.5ms
[32.434s][info][gc,phases      ] GC(40)   Post Evacuate Collection Set: 0.8ms
[32.434s][info][gc,phases      ] GC(40)   Other: 0.2ms
[32.434s][info][gc,heap        ] GC(40) Eden regions: 222->0(197)
[32.434s][info][gc,heap        ] GC(40) Survivor regions: 8->3(29)
[32.434s][info][gc,heap        ] GC(40) Old regions: 493->493
[32.434s][info][gc,heap        ] GC(40) Archive regions: 0->0
[32.434s][info][gc,heap        ] GC(40) Humongous regions: 4->4
[32.434s][info][gc,metaspace   ] GC(40) Metaspace: 16619K(17280K)->16619K(17280K) NonClass: 14198K(14592K)->14198K(14592K) Class: 2421K(2688K)->2421K(2688K)
[32.434s][info][gc             ] GC(40) Pause Young (Normal) (G1 Evacuation Pause) 1423M->968M(2356M) 17.982ms
[32.434s][info][gc,cpu         ] GC(40) User=0.52s Sys=0.00s Real=0.01s
[34.273s][info][gc,start       ] GC(41) Pause Full (System.gc())
[34.273s][info][gc,task        ] GC(41) Using 33 workers of 33 for full compaction
[34.275s][info][gc,phases,start] GC(41) Phase 1: Mark live objects
[34.284s][info][gc,phases      ] GC(41) Phase 1: Mark live objects 9.190ms
[34.284s][info][gc,phases,start] GC(41) Phase 2: Prepare compaction
[34.289s][info][gc,phases      ] GC(41) Phase 2: Prepare compaction 5.513ms
[34.289s][info][gc,phases,start] GC(41) Phase 3: Adjust pointers
[34.294s][info][gc,phases      ] GC(41) Phase 3: Adjust pointers 4.679ms
[34.294s][info][gc,phases,start] GC(41) Phase 4: Compact heap
[34.295s][info][gc,phases      ] GC(41) Phase 4: Compact heap 1.266ms
[34.310s][info][gc,heap        ] GC(41) Eden regions: 55->0(37)
[34.310s][info][gc,heap        ] GC(41) Survivor regions: 3->0(29)
[34.310s][info][gc,heap        ] GC(41) Old regions: 493->30
[34.310s][info][gc,heap        ] GC(41) Archive regions: 0->0
[34.310s][info][gc,heap        ] GC(41) Humongous regions: 4->0
[34.310s][info][gc,metaspace   ] GC(41) Metaspace: 16619K(17280K)->16619K(17280K) NonClass: 14198K(14592K)->14198K(14592K) Class: 2421K(2688K)->2421K(2688K)
[34.310s][info][gc             ] GC(41) Pause Full (System.gc()) 1076M->7M(200M) 36.923ms
[34.310s][info][gc,cpu         ] GC(41) User=0.05s Sys=0.98s Real=0.03s
[36.140s][info][gc,start       ] GC(42) Pause Young (Normal) (G1 Evacuation Pause)
[36.140s][info][gc,task        ] GC(42) Using 18 workers of 33 for evacuation
[36.143s][info][gc,phases      ] GC(42)   Pre Evacuate Collection Set: 0.2ms
[36.143s][info][gc,phases      ] GC(42)   Merge Heap Roots: 0.1ms
[36.143s][info][gc,phases      ] GC(42)   Evacuate Collection Set: 1.2ms
[36.143s][info][gc,phases      ] GC(42)   Post Evacuate Collection Set: 0.6ms
[36.143s][info][gc,phases      ] GC(42)   Other: 0.1ms
[36.143s][info][gc,heap        ] GC(42) Eden regions: 37->0(40)
[36.143s][info][gc,heap        ] GC(42) Survivor regions: 0->1(5)
[36.143s][info][gc,heap        ] GC(42) Old regions: 30->30
[36.143s][info][gc,heap        ] GC(42) Archive regions: 0->0
[36.143s][info][gc,heap        ] GC(42) Humongous regions: 0->0
[36.143s][info][gc,metaspace   ] GC(42) Metaspace: 16620K(17280K)->16620K(17280K) NonClass: 14198K(14592K)->14198K(14592K) Class: 2421K(2688K)->2421K(2688K)
[36.143s][info][gc             ] GC(42) Pause Young (Normal) (G1 Evacuation Pause) 81M->9M(200M) 2.691ms
[36.143s][info][gc,cpu         ] GC(42) User=0.00s Sys=0.00s Real=0.00s
[36.158s][info][gc,start       ] GC(43) Pause Young (Normal) (G1 Evacuation Pause)
[36.158s][info][gc,task        ] GC(43) Using 11 workers of 33 for evacuation
[36.159s][info][gc,phases      ] GC(43)   Pre Evacuate Collection Set: 0.1ms
[36.159s][info][gc,phases      ] GC(43)   Merge Heap Roots: 0.1ms
[36.159s][info][gc,phases      ] GC(43)   Evacuate Collection Set: 0.9ms
[36.159s][info][gc,phases      ] GC(43)   Post Evacuate Collection Set: 0.4ms
[36.159s][info][gc,phases      ] GC(43)   Other: 0.1ms
[36.159s][info][gc,heap        ] GC(43) Eden regions: 40->0(44)
[36.159s][info][gc,heap        ] GC(43) Survivor regions: 1->1(6)
[36.159s][info][gc,heap        ] GC(43) Old regions: 30->30
[36.160s][info][gc,heap        ] GC(43) Archive regions: 0->0
[36.160s][info][gc,heap        ] GC(43) Humongous regions: 0->0
[36.160s][info][gc,metaspace   ] GC(43) Metaspace: 16620K(17280K)->16620K(17280K) NonClass: 14198K(14592K)->14198K(14592K) Class: 2421K(2688K)->2421K(2688K)
[36.160s][info][gc             ] GC(43) Pause Young (Normal) (G1 Evacuation Pause) 89M->9M(200M) 1.948ms
[36.160s][info][gc,cpu         ] GC(43) User=0.03s Sys=0.00s Real=0.02s
[36.171s][info][gc,start       ] GC(44) Pause Young (Normal) (G1 Evacuation Pause)
[36.171s][info][gc,task        ] GC(44) Using 7 workers of 33 for evacuation
[36.176s][info][gc,phases      ] GC(44)   Pre Evacuate Collection Set: 0.1ms
[36.176s][info][gc,phases      ] GC(44)   Merge Heap Roots: 0.1ms
[36.176s][info][gc,phases      ] GC(44)   Evacuate Collection Set: 0.9ms
[36.176s][info][gc,phases      ] GC(44)   Post Evacuate Collection Set: 3.1ms
[36.176s][info][gc,phases      ] GC(44)   Other: 0.1ms
[36.176s][info][gc,heap        ] GC(44) Eden regions: 44->0(336)
[36.176s][info][gc,heap        ] GC(44) Survivor regions: 1->1(6)
[36.176s][info][gc,heap        ] GC(44) Old regions: 30->30
[36.176s][info][gc,heap        ] GC(44) Archive regions: 0->0
[36.176s][info][gc,heap        ] GC(44) Humongous regions: 0->0
[36.176s][info][gc,metaspace   ] GC(44) Metaspace: 16620K(17280K)->16620K(17280K) NonClass: 14198K(14592K)->14198K(14592K) Class: 2421K(2688K)->2421K(2688K)
[36.176s][info][gc             ] GC(44) Pause Young (Normal) (G1 Evacuation Pause) 97M->9M(1124M) 4.374ms
[36.176s][info][gc,cpu         ] GC(44) User=0.00s Sys=0.00s Real=0.00s
[36.537s][info][gc,start       ] GC(45) Pause Young (Normal) (G1 Evacuation Pause)
[36.537s][info][gc,task        ] GC(45) Using 27 workers of 33 for evacuation
[36.539s][info][gc,phases      ] GC(45)   Pre Evacuate Collection Set: 0.1ms
[36.539s][info][gc,phases      ] GC(45)   Merge Heap Roots: 0.1ms
[36.539s][info][gc,phases      ] GC(45)   Evacuate Collection Set: 1.1ms
[36.539s][info][gc,phases      ] GC(45)   Post Evacuate Collection Set: 0.5ms
[36.539s][info][gc,phases      ] GC(45)   Other: 0.1ms
[36.539s][info][gc,heap        ] GC(45) Eden regions: 336->0(336)
[36.539s][info][gc,heap        ] GC(45) Survivor regions: 1->1(43)
[36.539s][info][gc,heap        ] GC(45) Old regions: 30->30
[36.539s][info][gc,heap        ] GC(45) Archive regions: 0->0
[36.539s][info][gc,heap        ] GC(45) Humongous regions: 0->0
[36.539s][info][gc,metaspace   ] GC(45) Metaspace: 16620K(17280K)->16620K(17280K) NonClass: 14198K(14592K)->14198K(14592K) Class: 2421K(2688K)->2421K(2688K)
[36.539s][info][gc             ] GC(45) Pause Young (Normal) (G1 Evacuation Pause) 681M->9M(1124M) 2.206ms
[36.539s][info][gc,cpu         ] GC(45) User=0.00s Sys=0.00s Real=0.00s
[36.607s][info][gc,start       ] GC(46) Pause Young (Normal) (G1 Evacuation Pause)
[36.607s][info][gc,task        ] GC(46) Using 27 workers of 33 for evacuation
[36.609s][info][gc,phases      ] GC(46)   Pre Evacuate Collection Set: 0.1ms
[36.609s][info][gc,phases      ] GC(46)   Merge Heap Roots: 0.1ms
[36.609s][info][gc,phases      ] GC(46)   Evacuate Collection Set: 1.1ms
[36.609s][info][gc,phases      ] GC(46)   Post Evacuate Collection Set: 0.5ms
[36.609s][info][gc,phases      ] GC(46)   Other: 0.1ms
[36.609s][info][gc,heap        ] GC(46) Eden regions: 336->0(336)
[36.609s][info][gc,heap        ] GC(46) Survivor regions: 1->1(43)
[36.609s][info][gc,heap        ] GC(46) Old regions: 30->30
[36.609s][info][gc,heap        ] GC(46) Archive regions: 0->0
[36.609s][info][gc,heap        ] GC(46) Humongous regions: 0->0
[36.609s][info][gc,metaspace   ] GC(46) Metaspace: 16620K(17280K)->16620K(17280K) NonClass: 14198K(14592K)->14198K(14592K) Class: 2421K(2688K)->2421K(2688K)
[36.609s][info][gc             ] GC(46) Pause Young (Normal) (G1 Evacuation Pause) 681M->9M(1124M) 2.201ms
[36.609s][info][gc,cpu         ] GC(46) User=0.00s Sys=0.00s Real=0.00s
[36.678s][info][gc,start       ] GC(47) Pause Young (Normal) (G1 Evacuation Pause)
[36.689s][info][gc,task        ] GC(47) Using 27 workers of 33 for evacuation
[36.691s][info][gc,phases      ] GC(47)   Pre Evacuate Collection Set: 0.2ms
[36.691s][info][gc,phases      ] GC(47)   Merge Heap Roots: 0.1ms
[36.691s][info][gc,phases      ] GC(47)   Evacuate Collection Set: 0.6ms
[36.691s][info][gc,phases      ] GC(47)   Post Evacuate Collection Set: 0.6ms
[36.691s][info][gc,phases      ] GC(47)   Other: 0.1ms
[36.691s][info][gc,heap        ] GC(47) Eden regions: 336->0(336)
[36.691s][info][gc,heap        ] GC(47) Survivor regions: 1->1(43)
[36.691s][info][gc,heap        ] GC(47) Old regions: 30->30
[36.691s][info][gc,heap        ] GC(47) Archive regions: 0->0
[36.691s][info][gc,heap        ] GC(47) Humongous regions: 0->0
[36.691s][info][gc,metaspace   ] GC(47) Metaspace: 16620K(17280K)->16620K(17280K) NonClass: 14198K(14592K)->14198K(14592K) Class: 2421K(2688K)->2421K(2688K)
[36.691s][info][gc             ] GC(47) Pause Young (Normal) (G1 Evacuation Pause) 681M->8M(1124M) 13.213ms
[36.691s][info][gc,cpu         ] GC(47) User=0.00s Sys=0.00s Real=0.02s
[36.762s][info][gc,start       ] GC(48) Pause Young (Normal) (G1 Evacuation Pause)
[36.762s][info][gc,task        ] GC(48) Using 27 workers of 33 for evacuation
[36.763s][info][gc,phases      ] GC(48)   Pre Evacuate Collection Set: 0.1ms
[36.763s][info][gc,phases      ] GC(48)   Merge Heap Roots: 0.1ms
[36.763s][info][gc,phases      ] GC(48)   Evacuate Collection Set: 0.5ms
[36.763s][info][gc,phases      ] GC(48)   Post Evacuate Collection Set: 0.5ms
[36.763s][info][gc,phases      ] GC(48)   Other: 0.1ms
[36.763s][info][gc,heap        ] GC(48) Eden regions: 336->0(336)
[36.763s][info][gc,heap        ] GC(48) Survivor regions: 1->1(43)
[36.763s][info][gc,heap        ] GC(48) Old regions: 30->30
[36.763s][info][gc,heap        ] GC(48) Archive regions: 0->0
[36.763s][info][gc,heap        ] GC(48) Humongous regions: 0->0
[36.763s][info][gc,metaspace   ] GC(48) Metaspace: 16620K(17280K)->16620K(17280K) NonClass: 14198K(14592K)->14198K(14592K) Class: 2421K(2688K)->2421K(2688K)
[36.764s][info][gc             ] GC(48) Pause Young (Normal) (G1 Evacuation Pause) 680M->8M(1124M) 1.586ms
[36.764s][info][gc,cpu         ] GC(48) User=0.00s Sys=0.00s Real=0.00s
[37.183s][info][gc,start       ] GC(49) Pause Young (Normal) (G1 Evacuation Pause)
[37.184s][info][gc,task        ] GC(49) Using 27 workers of 33 for evacuation
[37.263s][info][gc,phases      ] GC(49)   Pre Evacuate Collection Set: 0.2ms
[37.263s][info][gc,phases      ] GC(49)   Merge Heap Roots: 0.2ms
[37.263s][info][gc,phases      ] GC(49)   Evacuate Collection Set: 77.8ms
[37.263s][info][gc,phases      ] GC(49)   Post Evacuate Collection Set: 0.9ms
[37.263s][info][gc,phases      ] GC(49)   Other: 0.2ms
[37.263s][info][gc,heap        ] GC(49) Eden regions: 336->0(240)
[37.263s][info][gc,heap        ] GC(49) Survivor regions: 1->43(43)
[37.263s][info][gc,heap        ] GC(49) Old regions: 30->123
[37.263s][info][gc,heap        ] GC(49) Archive regions: 0->0
[37.263s][info][gc,heap        ] GC(49) Humongous regions: 0->0
[37.263s][info][gc,metaspace   ] GC(49) Metaspace: 16620K(17280K)->16620K(17280K) NonClass: 14198K(14592K)->14198K(14592K) Class: 2421K(2688K)->2421K(2688K)
[37.263s][info][gc             ] GC(49) Pause Young (Normal) (G1 Evacuation Pause) 680M->279M(1124M) 79.675ms
[37.263s][info][gc,cpu         ] GC(49) User=1.05s Sys=1.06s Real=0.08s
[45.142s][info][gc,start       ] GC(50) Pause Young (Normal) (G1 Evacuation Pause)
[45.142s][info][gc,task        ] GC(50) Using 27 workers of 33 for evacuation
[45.197s][info][gc,phases      ] GC(50)   Pre Evacuate Collection Set: 0.2ms
[45.197s][info][gc,phases      ] GC(50)   Merge Heap Roots: 1.3ms
[45.197s][info][gc,phases      ] GC(50)   Evacuate Collection Set: 52.7ms
[45.197s][info][gc,phases      ] GC(50)   Post Evacuate Collection Set: 0.6ms
[45.197s][info][gc,phases      ] GC(50)   Other: 0.2ms
[45.197s][info][gc,heap        ] GC(50) Eden regions: 240->0(210)
[45.197s][info][gc,heap        ] GC(50) Survivor regions: 43->36(36)
[45.197s][info][gc,heap        ] GC(50) Old regions: 123->173
[45.197s][info][gc,heap        ] GC(50) Archive regions: 0->0
[45.197s][info][gc,heap        ] GC(50) Humongous regions: 0->0
[45.197s][info][gc,metaspace   ] GC(50) Metaspace: 16621K(17280K)->16621K(17280K) NonClass: 14199K(14592K)->14199K(14592K) Class: 2421K(2688K)->2421K(2688K)
[45.197s][info][gc             ] GC(50) Pause Young (Normal) (G1 Evacuation Pause) 759M->365M(1124M) 55.307ms
[45.197s][info][gc,cpu         ] GC(50) User=0.81s Sys=0.45s Real=0.05s
[45.559s][info][gc,start       ] GC(51) Pause Young (Normal) (G1 Evacuation Pause)
[45.559s][info][gc,task        ] GC(51) Using 27 workers of 33 for evacuation
[45.620s][info][gc,phases      ] GC(51)   Pre Evacuate Collection Set: 0.2ms
[45.620s][info][gc,phases      ] GC(51)   Merge Heap Roots: 0.4ms
[45.621s][info][gc,phases      ] GC(51)   Evacuate Collection Set: 60.4ms
[45.621s][info][gc,phases      ] GC(51)   Post Evacuate Collection Set: 0.5ms
[45.621s][info][gc,phases      ] GC(51)   Other: 0.1ms
[45.621s][info][gc,heap        ] GC(51) Eden regions: 210->0(138)
[45.621s][info][gc,heap        ] GC(51) Survivor regions: 36->31(31)
[45.621s][info][gc,heap        ] GC(51) Old regions: 173->271
[45.621s][info][gc,heap        ] GC(51) Archive regions: 0->0
[45.621s][info][gc,heap        ] GC(51) Humongous regions: 0->0
[45.621s][info][gc,metaspace   ] GC(51) Metaspace: 16621K(17280K)->16621K(17280K) NonClass: 14199K(14592K)->14199K(14592K) Class: 2421K(2688K)->2421K(2688K)
[45.621s][info][gc             ] GC(51) Pause Young (Normal) (G1 Evacuation Pause) 785M->550M(1124M) 61.865ms
[45.621s][info][gc,cpu         ] GC(51) User=1.67s Sys=0.02s Real=0.06s
[45.867s][info][gc,start       ] GC(52) Pause Young (Concurrent Start) (G1 Evacuation Pause)
[45.867s][info][gc,task        ] GC(52) Using 27 workers of 33 for evacuation
[45.911s][info][gc,phases      ] GC(52)   Pre Evacuate Collection Set: 0.4ms
[45.911s][info][gc,phases      ] GC(52)   Merge Heap Roots: 0.2ms
[45.911s][info][gc,phases      ] GC(52)   Evacuate Collection Set: 42.6ms
[45.911s][info][gc,phases      ] GC(52)   Post Evacuate Collection Set: 0.4ms
[45.911s][info][gc,phases      ] GC(52)   Other: 0.1ms
[45.911s][info][gc,heap        ] GC(52) Eden regions: 138->0(101)
[45.911s][info][gc,heap        ] GC(52) Survivor regions: 31->22(22)
[45.911s][info][gc,heap        ] GC(52) Old regions: 271->343
[45.911s][info][gc,heap        ] GC(52) Archive regions: 0->0
[45.911s][info][gc,heap        ] GC(52) Humongous regions: 0->0
[45.911s][info][gc,metaspace   ] GC(52) Metaspace: 16621K(17280K)->16621K(17280K) NonClass: 14199K(14592K)->14199K(14592K) Class: 2421K(2688K)->2421K(2688K)
[45.911s][info][gc             ] GC(52) Pause Young (Concurrent Start) (G1 Evacuation Pause) 826M->676M(1124M) 44.144ms
[45.911s][info][gc             ] GC(53) Concurrent Mark Cycle
[45.911s][info][gc,cpu         ] GC(52) User=1.27s Sys=0.00s Real=0.05s
[45.911s][info][gc,marking     ] GC(53) Concurrent Scan Root Regions
[45.927s][info][gc,marking     ] GC(53) Concurrent Scan Root Regions 15.443ms
[45.927s][info][gc,marking     ] GC(53) Concurrent Mark
[45.927s][info][gc,marking     ] GC(53) Concurrent Mark From Roots
[45.927s][info][gc,task        ] GC(53) Using 8 workers of 8 for marking
[45.969s][info][gc,marking     ] GC(53) Concurrent Mark From Roots 42.520ms
[45.969s][info][gc,marking     ] GC(53) Concurrent Preclean
[45.969s][info][gc,marking     ] GC(53) Concurrent Preclean 0.029ms
[45.969s][info][gc,start       ] GC(53) Pause Remark
[45.971s][info][gc             ] GC(53) Pause Remark 734M->486M(1124M) 1.442ms
[45.971s][info][gc,cpu         ] GC(53) User=0.02s Sys=0.00s Real=0.02s
[45.971s][info][gc,marking     ] GC(53) Concurrent Mark 44.238ms
[45.971s][info][gc,marking     ] GC(53) Concurrent Rebuild Remembered Sets and Scrub Regions
[46.117s][info][gc,marking     ] GC(53) Concurrent Rebuild Remembered Sets and Scrub Regions 145.536ms
[46.117s][info][gc,start       ] GC(53) Pause Cleanup
[46.117s][info][gc             ] GC(53) Pause Cleanup 630M->630M(1124M) 0.295ms
[46.117s][info][gc,cpu         ] GC(53) User=0.00s Sys=0.00s Real=0.00s
[46.117s][info][gc,marking     ] GC(53) Concurrent Clear Claimed Marks
[46.117s][info][gc,marking     ] GC(53) Concurrent Clear Claimed Marks 0.045ms
[46.117s][info][gc,marking     ] GC(53) Concurrent Cleanup for Next Mark
[46.117s][info][gc,start       ] GC(54) Pause Young (Prepare Mixed) (G1 Evacuation Pause)
[46.118s][info][gc,task        ] GC(54) Using 27 workers of 33 for evacuation
[46.146s][info][gc,phases      ] GC(54)   Pre Evacuate Collection Set: 0.1ms
[46.146s][info][gc,phases      ] GC(54)   Merge Heap Roots: 0.3ms
[46.146s][info][gc,phases      ] GC(54)   Evacuate Collection Set: 28.0ms
[46.146s][info][gc,phases      ] GC(54)   Post Evacuate Collection Set: 0.4ms
[46.146s][info][gc,phases      ] GC(54)   Other: 0.1ms
[46.147s][info][gc,heap        ] GC(54) Eden regions: 101->0(138)
[46.147s][info][gc,heap        ] GC(54) Survivor regions: 22->16(16)
[46.147s][info][gc,heap        ] GC(54) Old regions: 219->273
[46.147s][info][gc,heap        ] GC(54) Archive regions: 0->0
[46.147s][info][gc,heap        ] GC(54) Humongous regions: 0->0
[46.147s][info][gc,metaspace   ] GC(54) Metaspace: 16621K(17280K)->16621K(17280K) NonClass: 14199K(14592K)->14199K(14592K) Class: 2421K(2688K)->2421K(2688K)
[46.147s][info][gc             ] GC(54) Pause Young (Prepare Mixed) (G1 Evacuation Pause) 630M->524M(1124M) 29.097ms
[46.147s][info][gc,cpu         ] GC(54) User=0.84s Sys=0.00s Real=0.03s
[46.149s][info][gc,marking     ] GC(53) Concurrent Cleanup for Next Mark 32.299ms
[46.150s][info][gc             ] GC(53) Concurrent Mark Cycle 238.314ms
[46.962s][info][gc,start       ] GC(55) Pause Young (Mixed) (G1 Evacuation Pause)
[46.962s][info][gc,task        ] GC(55) Using 27 workers of 33 for evacuation
[47.015s][info][gc,phases      ] GC(55)   Pre Evacuate Collection Set: 0.2ms
[47.015s][info][gc,phases      ] GC(55)   Merge Heap Roots: 3.8ms
[47.015s][info][gc,phases      ] GC(55)   Evacuate Collection Set: 43.7ms
[47.015s][info][gc,phases      ] GC(55)   Post Evacuate Collection Set: 5.0ms
[47.015s][info][gc,phases      ] GC(55)   Other: 0.1ms
[47.015s][info][gc,heap        ] GC(55) Eden regions: 138->0(477)
[47.015s][info][gc,heap        ] GC(55) Survivor regions: 16->20(20)
[47.015s][info][gc,heap        ] GC(55) Old regions: 273->254
[47.015s][info][gc,heap        ] GC(55) Archive regions: 0->0
[47.015s][info][gc,heap        ] GC(55) Humongous regions: 4->4
[47.015s][info][gc,metaspace   ] GC(55) Metaspace: 16621K(17280K)->16621K(17280K) NonClass: 14199K(14592K)->14199K(14592K) Class: 2421K(2688K)->2421K(2688K)
[47.015s][info][gc             ] GC(55) Pause Young (Mixed) (G1 Evacuation Pause) 808M->545M(2314M) 53.179ms
[47.015s][info][gc,cpu         ] GC(55) User=1.27s Sys=0.00s Real=0.05s
[49.583s][info][gc,start       ] GC(56) Pause Full (System.gc())
[49.583s][info][gc,task        ] GC(56) Using 33 workers of 33 for full compaction
[49.584s][info][gc,phases,start] GC(56) Phase 1: Mark live objects
[49.595s][info][gc,phases      ] GC(56) Phase 1: Mark live objects 10.703ms
[49.595s][info][gc,phases,start] GC(56) Phase 2: Prepare compaction
[49.601s][info][gc,phases      ] GC(56) Phase 2: Prepare compaction 5.813ms
[49.601s][info][gc,phases,start] GC(56) Phase 3: Adjust pointers
[49.605s][info][gc,phases      ] GC(56) Phase 3: Adjust pointers 4.114ms
[49.605s][info][gc,phases,start] GC(56) Phase 4: Compact heap
[49.606s][info][gc,phases      ] GC(56) Phase 4: Compact heap 1.163ms
[49.618s][info][gc,heap        ] GC(56) Eden regions: 226->0(31)
[49.618s][info][gc,heap        ] GC(56) Survivor regions: 20->0(20)
[49.618s][info][gc,heap        ] GC(56) Old regions: 254->25
[49.618s][info][gc,heap        ] GC(56) Archive regions: 0->0
[49.618s][info][gc,heap        ] GC(56) Humongous regions: 4->0
[49.618s][info][gc,metaspace   ] GC(56) Metaspace: 16621K(17280K)->16621K(17280K) NonClass: 14199K(14592K)->14199K(14592K) Class: 2421K(2688K)->2421K(2688K)
[49.618s][info][gc             ] GC(56) Pause Full (System.gc()) 996M->8M(168M) 35.343ms
[49.618s][info][gc,cpu         ] GC(56) User=0.58s Sys=0.00s Real=0.03s
[50.834s][info][gc,start       ] GC(57) Pause Young (Normal) (G1 Evacuation Pause)
[50.835s][info][gc,task        ] GC(57) Using 18 workers of 33 for evacuation
[50.890s][info][gc,phases      ] GC(57)   Pre Evacuate Collection Set: 0.1ms
[50.890s][info][gc,phases      ] GC(57)   Merge Heap Roots: 0.1ms
[50.890s][info][gc,phases      ] GC(57)   Evacuate Collection Set: 54.5ms
[50.890s][info][gc,phases      ] GC(57)   Post Evacuate Collection Set: 0.8ms
[50.890s][info][gc,phases      ] GC(57)   Other: 0.1ms
[50.890s][info][gc,heap        ] GC(57) Eden regions: 31->0(21)
[50.890s][info][gc,heap        ] GC(57) Survivor regions: 0->4(4)
[50.890s][info][gc,heap        ] GC(57) Old regions: 25->35
[50.890s][info][gc,heap        ] GC(57) Archive regions: 0->0
[50.890s][info][gc,heap        ] GC(57) Humongous regions: 0->0
[50.890s][info][gc,metaspace   ] GC(57) Metaspace: 16621K(17280K)->16621K(17280K) NonClass: 14200K(14592K)->14200K(14592K) Class: 2421K(2688K)->2421K(2688K)
[50.890s][info][gc             ] GC(57) Pause Young (Normal) (G1 Evacuation Pause) 70M->36M(168M) 55.850ms
[50.890s][info][gc,cpu         ] GC(57) User=0.84s Sys=0.00s Real=0.06s
[51.493s][info][gc,start       ] GC(58) Pause Young (Normal) (G1 Evacuation Pause)
[51.493s][info][gc,task        ] GC(58) Using 11 workers of 33 for evacuation
[51.524s][info][gc,phases      ] GC(58)   Pre Evacuate Collection Set: 0.1ms
[51.524s][info][gc,phases      ] GC(58)   Merge Heap Roots: 3.5ms
[51.524s][info][gc,phases      ] GC(58)   Evacuate Collection Set: 27.0ms
[51.524s][info][gc,phases      ] GC(58)   Post Evacuate Collection Set: 0.4ms
[51.524s][info][gc,phases      ] GC(58)   Other: 0.1ms
[51.524s][info][gc,heap        ] GC(58) Eden regions: 21->0(17)
[51.524s][info][gc,heap        ] GC(58) Survivor regions: 4->4(4)
[51.524s][info][gc,heap        ] GC(58) Old regions: 35->43
[51.524s][info][gc,heap        ] GC(58) Archive regions: 0->0
[51.524s][info][gc,heap        ] GC(58) Humongous regions: 0->0
[51.524s][info][gc,metaspace   ] GC(58) Metaspace: 16621K(17280K)->16621K(17280K) NonClass: 14200K(14592K)->14200K(14592K) Class: 2421K(2688K)->2421K(2688K)
[51.524s][info][gc             ] GC(58) Pause Young (Normal) (G1 Evacuation Pause) 78M->52M(168M) 31.666ms
[51.524s][info][gc,cpu         ] GC(58) User=0.31s Sys=0.00s Real=0.03s
[51.529s][info][gc,start       ] GC(59) Pause Young (Concurrent Start) (G1 Evacuation Pause)
[51.529s][info][gc,task        ] GC(59) Using 7 workers of 33 for evacuation
[51.532s][info][gc,phases      ] GC(59)   Pre Evacuate Collection Set: 0.2ms
[51.532s][info][gc,phases      ] GC(59)   Merge Heap Roots: 0.1ms
[51.532s][info][gc,phases      ] GC(59)   Evacuate Collection Set: 2.5ms
[51.532s][info][gc,phases      ] GC(59)   Post Evacuate Collection Set: 0.3ms
[51.532s][info][gc,phases      ] GC(59)   Other: 0.1ms
[51.532s][info][gc,heap        ] GC(59) Eden regions: 17->0(18)
[51.532s][info][gc,heap        ] GC(59) Survivor regions: 4->1(3)
[51.532s][info][gc,heap        ] GC(59) Old regions: 43->47
[51.532s][info][gc,heap        ] GC(59) Archive regions: 0->0
[51.532s][info][gc,heap        ] GC(59) Humongous regions: 0->0
[51.532s][info][gc,metaspace   ] GC(59) Metaspace: 16621K(17280K)->16621K(17280K) NonClass: 14200K(14592K)->14200K(14592K) Class: 2421K(2688K)->2421K(2688K)
[51.532s][info][gc             ] GC(59) Pause Young (Concurrent Start) (G1 Evacuation Pause) 86M->54M(168M) 3.439ms
[51.533s][info][gc             ] GC(60) Concurrent Mark Cycle
[51.533s][info][gc,cpu         ] GC(59) User=0.00s Sys=0.00s Real=0.00s
[51.533s][info][gc,marking     ] GC(60) Concurrent Scan Root Regions
[51.535s][info][gc,marking     ] GC(60) Concurrent Scan Root Regions 2.467ms
[51.535s][info][gc,marking     ] GC(60) Concurrent Mark
[51.535s][info][gc,marking     ] GC(60) Concurrent Mark From Roots
[51.535s][info][gc,task        ] GC(60) Using 8 workers of 8 for marking
[51.539s][info][gc,start       ] GC(61) Pause Young (Normal) (G1 Evacuation Pause)
[51.539s][info][gc,task        ] GC(61) Using 5 workers of 33 for evacuation
[51.544s][info][gc,phases      ] GC(61)   Pre Evacuate Collection Set: 0.1ms
[51.544s][info][gc,phases      ] GC(61)   Merge Heap Roots: 0.1ms
[51.544s][info][gc,phases      ] GC(61)   Evacuate Collection Set: 0.9ms
[51.544s][info][gc,phases      ] GC(61)   Post Evacuate Collection Set: 4.2ms
[51.544s][info][gc,phases      ] GC(61)   Other: 0.1ms
[51.544s][info][gc,heap        ] GC(61) Eden regions: 18->0(165)
[51.544s][info][gc,heap        ] GC(61) Survivor regions: 1->1(3)
[51.544s][info][gc,heap        ] GC(61) Old regions: 47->47
[51.544s][info][gc,heap        ] GC(61) Archive regions: 0->0
[51.544s][info][gc,heap        ] GC(61) Humongous regions: 0->0
[51.544s][info][gc,metaspace   ] GC(61) Metaspace: 16621K(17280K)->16621K(17280K) NonClass: 14200K(14592K)->14200K(14592K) Class: 2421K(2688K)->2421K(2688K)
[51.544s][info][gc             ] GC(61) Pause Young (Normal) (G1 Evacuation Pause) 90M->53M(1108M) 5.572ms
[51.544s][info][gc,cpu         ] GC(61) User=0.00s Sys=0.00s Real=0.00s
[51.559s][info][gc,marking     ] GC(60) Concurrent Mark From Roots 24.052ms
[51.559s][info][gc,marking     ] GC(60) Concurrent Preclean
[51.559s][info][gc,marking     ] GC(60) Concurrent Preclean 0.045ms
[51.560s][info][gc,start       ] GC(60) Pause Remark
[51.561s][info][gc             ] GC(60) Pause Remark 70M->70M(374M) 1.440ms
[51.561s][info][gc,cpu         ] GC(60) User=0.08s Sys=0.00s Real=0.02s
[51.562s][info][gc,marking     ] GC(60) Concurrent Mark 26.902ms
[51.562s][info][gc,marking     ] GC(60) Concurrent Rebuild Remembered Sets and Scrub Regions
[51.567s][info][gc,marking     ] GC(60) Concurrent Rebuild Remembered Sets and Scrub Regions 4.592ms
[51.567s][info][gc,start       ] GC(60) Pause Cleanup
[51.567s][info][gc             ] GC(60) Pause Cleanup 78M->78M(374M) 0.130ms
[51.567s][info][gc,cpu         ] GC(60) User=0.00s Sys=0.00s Real=0.00s
[51.568s][info][gc,marking     ] GC(60) Concurrent Clear Claimed Marks
[51.568s][info][gc,marking     ] GC(60) Concurrent Clear Claimed Marks 0.047ms
[51.568s][info][gc,marking     ] GC(60) Concurrent Cleanup for Next Mark
[51.570s][info][gc,marking     ] GC(60) Concurrent Cleanup for Next Mark 1.724ms
[51.570s][info][gc             ] GC(60) Concurrent Mark Cycle 37.062ms
[51.688s][info][gc,start       ] GC(62) Pause Young (Prepare Mixed) (G1 Evacuation Pause)
[51.688s][info][gc,task        ] GC(62) Using 8 workers of 33 for evacuation
[51.689s][info][gc,phases      ] GC(62)   Pre Evacuate Collection Set: 0.1ms
[51.689s][info][gc,phases      ] GC(62)   Merge Heap Roots: 0.1ms
[51.689s][info][gc,phases      ] GC(62)   Evacuate Collection Set: 0.7ms
[51.689s][info][gc,phases      ] GC(62)   Post Evacuate Collection Set: 0.3ms
[51.689s][info][gc,phases      ] GC(62)   Other: 0.1ms
[51.689s][info][gc,heap        ] GC(62) Eden regions: 111->0(78)
[51.689s][info][gc,heap        ] GC(62) Survivor regions: 1->1(14)
[51.689s][info][gc,heap        ] GC(62) Old regions: 46->46
[51.689s][info][gc,heap        ] GC(62) Archive regions: 0->0
[51.689s][info][gc,heap        ] GC(62) Humongous regions: 0->0
[51.689s][info][gc,metaspace   ] GC(62) Metaspace: 16621K(17280K)->16621K(17280K) NonClass: 14200K(14592K)->14200K(14592K) Class: 2421K(2688K)->2421K(2688K)
[51.689s][info][gc             ] GC(62) Pause Young (Prepare Mixed) (G1 Evacuation Pause) 275M->53M(374M) 1.439ms
[51.689s][info][gc,cpu         ] GC(62) User=0.00s Sys=0.00s Real=0.00s
[51.707s][info][gc,start       ] GC(63) Pause Young (Mixed) (G1 Evacuation Pause)
[51.708s][info][gc,task        ] GC(63) Using 8 workers of 33 for evacuation
[51.710s][info][gc,phases      ] GC(63)   Pre Evacuate Collection Set: 0.1ms
[51.710s][info][gc,phases      ] GC(63)   Merge Heap Roots: 0.1ms
[51.710s][info][gc,phases      ] GC(63)   Evacuate Collection Set: 1.7ms
[51.710s][info][gc,phases      ] GC(63)   Post Evacuate Collection Set: 0.3ms
[51.710s][info][gc,phases      ] GC(63)   Other: 0.1ms
[51.710s][info][gc,heap        ] GC(63) Eden regions: 78->0(92)
[51.710s][info][gc,heap        ] GC(63) Survivor regions: 1->1(10)
[51.710s][info][gc,heap        ] GC(63) Old regions: 46->31
[51.710s][info][gc,heap        ] GC(63) Archive regions: 0->0
[51.710s][info][gc,heap        ] GC(63) Humongous regions: 0->0
[51.710s][info][gc,metaspace   ] GC(63) Metaspace: 16621K(17280K)->16621K(17280K) NonClass: 14200K(14592K)->14200K(14592K) Class: 2421K(2688K)->2421K(2688K)
[51.710s][info][gc             ] GC(63) Pause Young (Mixed) (G1 Evacuation Pause) 209M->48M(374M) 2.469ms
[51.710s][info][gc,cpu         ] GC(63) User=0.00s Sys=0.00s Real=0.00s
[51.731s][info][gc,start       ] GC(64) Pause Young (Normal) (G1 Evacuation Pause)
[51.731s][info][gc,task        ] GC(64) Using 8 workers of 33 for evacuation
[51.732s][info][gc,phases      ] GC(64)   Pre Evacuate Collection Set: 0.1ms
[51.732s][info][gc,phases      ] GC(64)   Merge Heap Roots: 0.1ms
[51.732s][info][gc,phases      ] GC(64)   Evacuate Collection Set: 0.7ms
[51.732s][info][gc,phases      ] GC(64)   Post Evacuate Collection Set: 0.3ms
[51.732s][info][gc,phases      ] GC(64)   Other: 0.1ms
[51.732s][info][gc,heap        ] GC(64) Eden regions: 92->0(100)
[51.732s][info][gc,heap        ] GC(64) Survivor regions: 1->1(12)
[51.732s][info][gc,heap        ] GC(64) Old regions: 31->31
[51.732s][info][gc,heap        ] GC(64) Archive regions: 0->0
[51.732s][info][gc,heap        ] GC(64) Humongous regions: 0->0
[51.732s][info][gc,metaspace   ] GC(64) Metaspace: 16621K(17280K)->16621K(17280K) NonClass: 14200K(14592K)->14200K(14592K) Class: 2421K(2688K)->2421K(2688K)
[51.732s][info][gc             ] GC(64) Pause Young (Normal) (G1 Evacuation Pause) 232M->48M(374M) 1.460ms
[51.732s][info][gc,cpu         ] GC(64) User=0.00s Sys=0.00s Real=0.00s
[51.754s][info][gc,start       ] GC(65) Pause Young (Concurrent Start) (G1 Evacuation Pause)
[51.754s][info][gc,task        ] GC(65) Using 8 workers of 33 for evacuation
[51.756s][info][gc,phases      ] GC(65)   Pre Evacuate Collection Set: 0.2ms
[51.756s][info][gc,phases      ] GC(65)   Merge Heap Roots: 0.1ms
[51.756s][info][gc,phases      ] GC(65)   Evacuate Collection Set: 0.8ms
[51.756s][info][gc,phases      ] GC(65)   Post Evacuate Collection Set: 0.3ms
[51.756s][info][gc,phases      ] GC(65)   Other: 0.1ms
[51.756s][info][gc,heap        ] GC(65) Eden regions: 100->0(107)
[51.756s][info][gc,heap        ] GC(65) Survivor regions: 1->1(13)
[51.756s][info][gc,heap        ] GC(65) Old regions: 31->31
[51.756s][info][gc,heap        ] GC(65) Archive regions: 0->0
[51.756s][info][gc,heap        ] GC(65) Humongous regions: 0->0
[51.756s][info][gc,metaspace   ] GC(65) Metaspace: 16621K(17280K)->16621K(17280K) NonClass: 14200K(14592K)->14200K(14592K) Class: 2421K(2688K)->2421K(2688K)
[51.756s][info][gc             ] GC(65) Pause Young (Concurrent Start) (G1 Evacuation Pause) 248M->48M(374M) 1.650ms
[51.756s][info][gc             ] GC(66) Concurrent Mark Cycle
[51.756s][info][gc,cpu         ] GC(65) User=0.00s Sys=0.00s Real=0.00s
[51.756s][info][gc,marking     ] GC(66) Concurrent Scan Root Regions
[51.758s][info][gc,marking     ] GC(66) Concurrent Scan Root Regions 2.327ms
[51.758s][info][gc,marking     ] GC(66) Concurrent Mark
[51.758s][info][gc,marking     ] GC(66) Concurrent Mark From Roots
[51.758s][info][gc,task        ] GC(66) Using 8 workers of 8 for marking
[51.764s][info][gc,marking     ] GC(66) Concurrent Mark From Roots 5.082ms
[51.764s][info][gc,marking     ] GC(66) Concurrent Preclean
[51.764s][info][gc,marking     ] GC(66) Concurrent Preclean 0.046ms
[51.764s][info][gc,start       ] GC(66) Pause Remark
[51.765s][info][gc             ] GC(66) Pause Remark 108M->84M(334M) 1.034ms
[51.765s][info][gc,cpu         ] GC(66) User=0.00s Sys=0.00s Real=0.00s
[51.765s][info][gc,marking     ] GC(66) Concurrent Mark 6.520ms
[51.765s][info][gc,marking     ] GC(66) Concurrent Rebuild Remembered Sets and Scrub Regions
[51.768s][info][gc,marking     ] GC(66) Concurrent Rebuild Remembered Sets and Scrub Regions 3.139ms
[51.768s][info][gc,start       ] GC(66) Pause Cleanup
[51.768s][info][gc             ] GC(66) Pause Cleanup 114M->114M(334M) 0.123ms
[51.769s][info][gc,cpu         ] GC(66) User=0.00s Sys=0.00s Real=0.00s
[51.769s][info][gc,marking     ] GC(66) Concurrent Clear Claimed Marks
[51.769s][info][gc,marking     ] GC(66) Concurrent Clear Claimed Marks 0.077ms
[51.769s][info][gc,marking     ] GC(66) Concurrent Cleanup for Next Mark
[51.769s][info][gc,marking     ] GC(66) Concurrent Cleanup for Next Mark 0.590ms
[51.769s][info][gc             ] GC(66) Concurrent Mark Cycle 13.384ms
[51.783s][info][gc,start       ] GC(67) Pause Young (Prepare Mixed) (G1 Evacuation Pause)
[51.783s][info][gc,task        ] GC(67) Using 8 workers of 33 for evacuation
[51.787s][info][gc,phases      ] GC(67)   Pre Evacuate Collection Set: 0.1ms
[51.787s][info][gc,phases      ] GC(67)   Merge Heap Roots: 0.1ms
[51.787s][info][gc,phases      ] GC(67)   Evacuate Collection Set: 0.7ms
[51.787s][info][gc,phases      ] GC(67)   Post Evacuate Collection Set: 3.1ms
[51.787s][info][gc,phases      ] GC(67)   Other: 0.1ms
[51.787s][info][gc,heap        ] GC(67) Eden regions: 107->0(356)
[51.787s][info][gc,heap        ] GC(67) Survivor regions: 1->1(14)
[51.787s][info][gc,heap        ] GC(67) Old regions: 19->19
[51.787s][info][gc,heap        ] GC(67) Archive regions: 0->0
[51.787s][info][gc,heap        ] GC(67) Humongous regions: 0->0
[51.787s][info][gc,metaspace   ] GC(67) Metaspace: 16623K(17280K)->16623K(17280K) NonClass: 14202K(14592K)->14202K(14592K) Class: 2421K(2688K)->2421K(2688K)
[51.787s][info][gc             ] GC(67) Pause Young (Prepare Mixed) (G1 Evacuation Pause) 238M->24M(1192M) 4.264ms
[51.787s][info][gc,cpu         ] GC(67) User=0.00s Sys=0.00s Real=0.00s
[52.111s][info][gc,start       ] GC(68) Pause Young (Mixed) (G1 Evacuation Pause)
[52.111s][info][gc,task        ] GC(68) Using 28 workers of 33 for evacuation
[52.113s][info][gc,phases      ] GC(68)   Pre Evacuate Collection Set: 0.2ms
[52.113s][info][gc,phases      ] GC(68)   Merge Heap Roots: 0.2ms
[52.114s][info][gc,phases      ] GC(68)   Evacuate Collection Set: 1.0ms
[52.114s][info][gc,phases      ] GC(68)   Post Evacuate Collection Set: 0.5ms
[52.114s][info][gc,phases      ] GC(68)   Other: 0.1ms
[52.114s][info][gc,heap        ] GC(68) Eden regions: 356->0(356)
[52.114s][info][gc,heap        ] GC(68) Survivor regions: 1->1(45)
[52.114s][info][gc,heap        ] GC(68) Old regions: 19->13
[52.114s][info][gc,heap        ] GC(68) Archive regions: 0->0
[52.114s][info][gc,heap        ] GC(68) Humongous regions: 0->0
[52.114s][info][gc,metaspace   ] GC(68) Metaspace: 16623K(17280K)->16623K(17280K) NonClass: 14202K(14592K)->14202K(14592K) Class: 2421K(2688K)->2421K(2688K)
[52.114s][info][gc             ] GC(68) Pause Young (Mixed) (G1 Evacuation Pause) 736M->10M(1192M) 2.217ms
[52.114s][info][gc,cpu         ] GC(68) User=0.00s Sys=0.00s Real=0.00s
[52.189s][info][gc,start       ] GC(69) Pause Young (Concurrent Start) (G1 Evacuation Pause)
[52.189s][info][gc,task        ] GC(69) Using 28 workers of 33 for evacuation
[52.191s][info][gc,phases      ] GC(69)   Pre Evacuate Collection Set: 0.3ms
[52.191s][info][gc,phases      ] GC(69)   Merge Heap Roots: 0.2ms
[52.191s][info][gc,phases      ] GC(69)   Evacuate Collection Set: 1.0ms
[52.191s][info][gc,phases      ] GC(69)   Post Evacuate Collection Set: 0.5ms
[52.191s][info][gc,phases      ] GC(69)   Other: 0.0ms
[52.191s][info][gc,heap        ] GC(69) Eden regions: 356->0(356)
[52.191s][info][gc,heap        ] GC(69) Survivor regions: 1->1(45)
[52.191s][info][gc,heap        ] GC(69) Old regions: 13->13
[52.191s][info][gc,heap        ] GC(69) Archive regions: 0->0
[52.191s][info][gc,heap        ] GC(69) Humongous regions: 0->0
[52.191s][info][gc,metaspace   ] GC(69) Metaspace: 16623K(17280K)->16623K(17280K) NonClass: 14202K(14592K)->14202K(14592K) Class: 2421K(2688K)->2421K(2688K)
[52.191s][info][gc             ] GC(69) Pause Young (Concurrent Start) (G1 Evacuation Pause) 722M->10M(1192M) 2.311ms
[52.191s][info][gc             ] GC(70) Concurrent Mark Cycle
[52.191s][info][gc,cpu         ] GC(69) User=0.00s Sys=0.00s Real=0.00s
[52.191s][info][gc,marking     ] GC(70) Concurrent Scan Root Regions
[52.193s][info][gc,marking     ] GC(70) Concurrent Scan Root Regions 1.917ms
[52.193s][info][gc,marking     ] GC(70) Concurrent Mark
[52.193s][info][gc,marking     ] GC(70) Concurrent Mark From Roots
[52.193s][info][gc,task        ] GC(70) Using 8 workers of 8 for marking
[52.198s][info][gc,marking     ] GC(70) Concurrent Mark From Roots 4.639ms
[52.198s][info][gc,marking     ] GC(70) Concurrent Preclean
[52.198s][info][gc,marking     ] GC(70) Concurrent Preclean 0.041ms
[52.198s][info][gc,start       ] GC(70) Pause Remark
[52.199s][info][gc             ] GC(70) Pause Remark 74M->74M(308M) 1.153ms
[52.199s][info][gc,cpu         ] GC(70) User=0.00s Sys=0.00s Real=0.00s
[52.199s][info][gc,marking     ] GC(70) Concurrent Mark 6.236ms
[52.199s][info][gc,marking     ] GC(70) Concurrent Rebuild Remembered Sets and Scrub Regions
[52.202s][info][gc,marking     ] GC(70) Concurrent Rebuild Remembered Sets and Scrub Regions 2.417ms
[52.202s][info][gc,start       ] GC(70) Pause Cleanup
[52.202s][info][gc             ] GC(70) Pause Cleanup 98M->98M(308M) 0.104ms
[52.202s][info][gc,cpu         ] GC(70) User=0.00s Sys=0.00s Real=0.00s
[52.202s][info][gc,marking     ] GC(70) Concurrent Clear Claimed Marks
[52.202s][info][gc,marking     ] GC(70) Concurrent Clear Claimed Marks 0.098ms
[52.202s][info][gc,marking     ] GC(70) Concurrent Cleanup for Next Mark
[52.203s][info][gc,marking     ] GC(70) Concurrent Cleanup for Next Mark 0.956ms
[52.203s][info][gc             ] GC(70) Concurrent Mark Cycle 12.270ms
[52.223s][info][gc,start       ] GC(71) Pause Young (Prepare Mixed) (G1 Evacuation Pause)
[52.223s][info][gc,task        ] GC(71) Using 17 workers of 33 for evacuation
[52.224s][info][gc,phases      ] GC(71)   Pre Evacuate Collection Set: 0.1ms
[52.224s][info][gc,phases      ] GC(71)   Merge Heap Roots: 0.1ms
[52.224s][info][gc,phases      ] GC(71)   Evacuate Collection Set: 0.5ms
[52.224s][info][gc,phases      ] GC(71)   Post Evacuate Collection Set: 0.4ms
[52.224s][info][gc,phases      ] GC(71)   Other: 0.1ms
[52.224s][info][gc,heap        ] GC(71) Eden regions: 140->0(92)
[52.224s][info][gc,heap        ] GC(71) Survivor regions: 1->1(45)
[52.224s][info][gc,heap        ] GC(71) Old regions: 13->13
[52.224s][info][gc,heap        ] GC(71) Archive regions: 0->0
[52.224s][info][gc,heap        ] GC(71) Humongous regions: 0->0
[52.224s][info][gc,metaspace   ] GC(71) Metaspace: 16623K(17280K)->16623K(17280K) NonClass: 14202K(14592K)->14202K(14592K) Class: 2421K(2688K)->2421K(2688K)
[52.224s][info][gc             ] GC(71) Pause Young (Prepare Mixed) (G1 Evacuation Pause) 290M->10M(310M) 1.280ms
[52.224s][info][gc,cpu         ] GC(71) User=0.00s Sys=0.00s Real=0.00s
[52.244s][info][gc,start       ] GC(72) Pause Young (Mixed) (G1 Evacuation Pause)
[52.244s][info][gc,task        ] GC(72) Using 12 workers of 33 for evacuation
[52.245s][info][gc,phases      ] GC(72)   Pre Evacuate Collection Set: 0.1ms
[52.245s][info][gc,phases      ] GC(72)   Merge Heap Roots: 0.1ms
[52.245s][info][gc,phases      ] GC(72)   Evacuate Collection Set: 0.7ms
[52.245s][info][gc,phases      ] GC(72)   Post Evacuate Collection Set: 0.3ms
[52.245s][info][gc,phases      ] GC(72)   Other: 0.1ms
[52.245s][info][gc,heap        ] GC(72) Eden regions: 92->0(92)
[52.245s][info][gc,heap        ] GC(72) Survivor regions: 1->1(12)
[52.245s][info][gc,heap        ] GC(72) Old regions: 13->12
[52.245s][info][gc,heap        ] GC(72) Archive regions: 0->0
[52.245s][info][gc,heap        ] GC(72) Humongous regions: 0->0
[52.245s][info][gc,metaspace   ] GC(72) Metaspace: 16623K(17280K)->16623K(17280K) NonClass: 14202K(14592K)->14202K(14592K) Class: 2421K(2688K)->2421K(2688K)
[52.245s][info][gc             ] GC(72) Pause Young (Mixed) (G1 Evacuation Pause) 194M->10M(310M) 1.422ms
[52.245s][info][gc,cpu         ] GC(72) User=0.00s Sys=0.00s Real=0.00s
[52.269s][info][gc,start       ] GC(73) Pause Young (Concurrent Start) (G1 Evacuation Pause)
[52.269s][info][gc,task        ] GC(73) Using 9 workers of 33 for evacuation
[52.278s][info][gc,phases      ] GC(73)   Pre Evacuate Collection Set: 0.2ms
[52.278s][info][gc,phases      ] GC(73)   Merge Heap Roots: 0.1ms
[52.278s][info][gc,phases      ] GC(73)   Evacuate Collection Set: 0.4ms
[52.278s][info][gc,phases      ] GC(73)   Post Evacuate Collection Set: 7.8ms
[52.278s][info][gc,phases      ] GC(73)   Other: 0.1ms
[52.278s][info][gc,heap        ] GC(73) Eden regions: 92->0(353)
[52.278s][info][gc,heap        ] GC(73) Survivor regions: 1->1(12)
[52.278s][info][gc,heap        ] GC(73) Old regions: 12->12
[52.278s][info][gc,heap        ] GC(73) Archive regions: 0->0
[52.278s][info][gc,heap        ] GC(73) Humongous regions: 0->0
[52.278s][info][gc,metaspace   ] GC(73) Metaspace: 16623K(17280K)->16623K(17280K) NonClass: 14202K(14592K)->14202K(14592K) Class: 2421K(2688K)->2421K(2688K)
[52.278s][info][gc             ] GC(73) Pause Young (Concurrent Start) (G1 Evacuation Pause) 194M->9M(1180M) 8.787ms
[52.278s][info][gc             ] GC(74) Concurrent Mark Cycle
[52.278s][info][gc,cpu         ] GC(73) User=0.02s Sys=0.00s Real=0.02s
[52.278s][info][gc,marking     ] GC(74) Concurrent Scan Root Regions
[52.278s][info][gc,marking     ] GC(74) Concurrent Scan Root Regions 0.628ms
[52.278s][info][gc,marking     ] GC(74) Concurrent Mark
[52.278s][info][gc,marking     ] GC(74) Concurrent Mark From Roots
[52.278s][info][gc,task        ] GC(74) Using 8 workers of 8 for marking
[52.281s][info][gc,marking     ] GC(74) Concurrent Mark From Roots 2.489ms
[52.281s][info][gc,marking     ] GC(74) Concurrent Preclean
[52.281s][info][gc,marking     ] GC(74) Concurrent Preclean 0.029ms
[52.281s][info][gc,start       ] GC(74) Pause Remark
[52.282s][info][gc             ] GC(74) Pause Remark 16M->16M(114M) 1.082ms
[52.282s][info][gc,cpu         ] GC(74) User=0.00s Sys=0.00s Real=0.00s
[52.282s][info][gc,marking     ] GC(74) Concurrent Mark 3.789ms
[52.282s][info][gc,marking     ] GC(74) Concurrent Rebuild Remembered Sets and Scrub Regions
[52.284s][info][gc,marking     ] GC(74) Concurrent Rebuild Remembered Sets and Scrub Regions 2.064ms
[52.284s][info][gc,start       ] GC(74) Pause Cleanup
[52.284s][info][gc             ] GC(74) Pause Cleanup 17M->17M(114M) 0.075ms
[52.284s][info][gc,cpu         ] GC(74) User=0.00s Sys=0.00s Real=0.00s
[52.284s][info][gc,marking     ] GC(74) Concurrent Clear Claimed Marks
[52.284s][info][gc,marking     ] GC(74) Concurrent Clear Claimed Marks 0.018ms
[52.284s][info][gc,marking     ] GC(74) Concurrent Cleanup for Next Mark
[52.285s][info][gc,marking     ] GC(74) Concurrent Cleanup for Next Mark 0.177ms
[52.285s][info][gc             ] GC(74) Concurrent Mark Cycle 6.983ms
[52.346s][info][gc,start       ] GC(75) Pause Young (Prepare Mixed) (G1 Evacuation Pause)
[52.346s][info][gc,task        ] GC(75) Using 5 workers of 33 for evacuation
[52.388s][info][gc,phases      ] GC(75)   Pre Evacuate Collection Set: 0.1ms
[52.388s][info][gc,phases      ] GC(75)   Merge Heap Roots: 0.1ms
[52.388s][info][gc,phases      ] GC(75)   Evacuate Collection Set: 41.6ms
[52.388s][info][gc,phases      ] GC(75)   Post Evacuate Collection Set: 0.6ms
[52.388s][info][gc,phases      ] GC(75)   Other: 0.1ms
[52.388s][info][gc,heap        ] GC(75) Eden regions: 33->0(18)
[52.388s][info][gc,heap        ] GC(75) Survivor regions: 1->5(5)
[52.388s][info][gc,heap        ] GC(75) Old regions: 12->32
[52.389s][info][gc,heap        ] GC(75) Archive regions: 0->0
[52.389s][info][gc,heap        ] GC(75) Humongous regions: 0->0
[52.389s][info][gc,metaspace   ] GC(75) Metaspace: 16623K(17280K)->16623K(17280K) NonClass: 14202K(14592K)->14202K(14592K) Class: 2421K(2688K)->2421K(2688K)
[52.389s][info][gc             ] GC(75) Pause Young (Prepare Mixed) (G1 Evacuation Pause) 75M->58M(142M) 43.123ms
[52.389s][info][gc,cpu         ] GC(75) User=0.23s Sys=0.00s Real=0.05s
[52.467s][info][gc,start       ] GC(76) Pause Young (Mixed) (G1 Evacuation Pause)
[52.467s][info][gc,task        ] GC(76) Using 4 workers of 33 for evacuation
[52.510s][info][gc,phases      ] GC(76)   Pre Evacuate Collection Set: 0.1ms
[52.510s][info][gc,phases      ] GC(76)   Merge Heap Roots: 1.0ms
[52.510s][info][gc,phases      ] GC(76)   Evacuate Collection Set: 41.3ms
[52.510s][info][gc,phases      ] GC(76)   Post Evacuate Collection Set: 0.5ms
[52.510s][info][gc,phases      ] GC(76)   Other: 0.1ms
[52.510s][info][gc,heap        ] GC(76) Eden regions: 18->0(13)
[52.510s][info][gc,heap        ] GC(76) Survivor regions: 5->3(3)
[52.510s][info][gc,heap        ] GC(76) Old regions: 32->39
[52.510s][info][gc,heap        ] GC(76) Archive regions: 0->0
[52.510s][info][gc,heap        ] GC(76) Humongous regions: 0->0
[52.510s][info][gc,metaspace   ] GC(76) Metaspace: 16623K(17280K)->16623K(17280K) NonClass: 14202K(14592K)->14202K(14592K) Class: 2421K(2688K)->2421K(2688K)
[52.510s][info][gc             ] GC(76) Pause Young (Mixed) (G1 Evacuation Pause) 94M->77M(144M) 43.514ms
[52.510s][info][gc,cpu         ] GC(76) User=0.13s Sys=0.00s Real=0.03s
[52.549s][info][gc,start       ] GC(77) Pause Young (Concurrent Start) (G1 Evacuation Pause)
[52.549s][info][gc,task        ] GC(77) Using 3 workers of 33 for evacuation
[52.578s][info][gc,phases      ] GC(77)   Pre Evacuate Collection Set: 0.2ms
[52.579s][info][gc,phases      ] GC(77)   Merge Heap Roots: 0.1ms
[52.579s][info][gc,phases      ] GC(77)   Evacuate Collection Set: 28.9ms
[52.579s][info][gc,phases      ] GC(77)   Post Evacuate Collection Set: 0.3ms
[52.579s][info][gc,phases      ] GC(77)   Other: 0.1ms
[52.579s][info][gc,heap        ] GC(77) Eden regions: 13->0(8)
[52.579s][info][gc,heap        ] GC(77) Survivor regions: 3->2(2)
[52.579s][info][gc,heap        ] GC(77) Old regions: 39->49
[52.579s][info][gc,heap        ] GC(77) Archive regions: 0->0
[52.579s][info][gc,heap        ] GC(77) Humongous regions: 0->0
[52.579s][info][gc,metaspace   ] GC(77) Metaspace: 16623K(17280K)->16623K(17280K) NonClass: 14202K(14592K)->14202K(14592K) Class: 2421K(2688K)->2421K(2688K)
[52.579s][info][gc             ] GC(77) Pause Young (Concurrent Start) (G1 Evacuation Pause) 103M->95M(144M) 29.776ms
[52.579s][info][gc,cpu         ] GC(77) User=0.09s Sys=0.00s Real=0.03s
[52.579s][info][gc             ] GC(78) Concurrent Mark Cycle
[52.579s][info][gc,marking     ] GC(78) Concurrent Scan Root Regions
[52.586s][info][gc,marking     ] GC(78) Concurrent Scan Root Regions 6.853ms
[52.586s][info][gc,marking     ] GC(78) Concurrent Mark
[52.586s][info][gc,marking     ] GC(78) Concurrent Mark From Roots
[52.586s][info][gc,task        ] GC(78) Using 8 workers of 8 for marking
[52.611s][info][gc,start       ] GC(79) Pause Young (Normal) (G1 Evacuation Pause)
[52.611s][info][gc,task        ] GC(79) Using 3 workers of 33 for evacuation
[52.639s][info][gc,phases      ] GC(79)   Pre Evacuate Collection Set: 0.1ms
[52.639s][info][gc,phases      ] GC(79)   Merge Heap Roots: 0.1ms
[52.639s][info][gc,phases      ] GC(79)   Evacuate Collection Set: 21.4ms
[52.639s][info][gc,phases      ] GC(79)   Post Evacuate Collection Set: 6.2ms
[52.639s][info][gc,phases      ] GC(79)   Other: 0.1ms
[52.639s][info][gc,heap        ] GC(79) Eden regions: 8->0(206)
[52.639s][info][gc,heap        ] GC(79) Survivor regions: 2->2(2)
[52.639s][info][gc,heap        ] GC(79) Old regions: 49->55
[52.639s][info][gc,heap        ] GC(79) Archive regions: 0->0
[52.639s][info][gc,heap        ] GC(79) Humongous regions: 0->0
[52.639s][info][gc,metaspace   ] GC(79) Metaspace: 16623K(17280K)->16623K(17280K) NonClass: 14202K(14592K)->14202K(14592K) Class: 2421K(2688K)->2421K(2688K)
[52.639s][info][gc             ] GC(79) Pause Young (Normal) (G1 Evacuation Pause) 111M->107M(1096M) 28.355ms
[52.639s][info][gc,cpu         ] GC(79) User=0.05s Sys=0.02s Real=0.03s
[52.662s][info][gc,marking     ] GC(78) Concurrent Mark From Roots 76.452ms
[52.662s][info][gc,marking     ] GC(78) Concurrent Preclean
[52.662s][info][gc,marking     ] GC(78) Concurrent Preclean 0.028ms
[52.662s][info][gc,start       ] GC(78) Pause Remark
[52.664s][info][gc             ] GC(78) Pause Remark 119M->119M(428M) 2.105ms
[52.664s][info][gc,cpu         ] GC(78) User=0.00s Sys=0.00s Real=0.00s
[52.664s][info][gc,marking     ] GC(78) Concurrent Mark 78.797ms
[52.664s][info][gc,marking     ] GC(78) Concurrent Rebuild Remembered Sets and Scrub Regions
[52.710s][info][gc,marking     ] GC(78) Concurrent Rebuild Remembered Sets and Scrub Regions 45.331ms
[52.710s][info][gc,start       ] GC(78) Pause Cleanup
[52.710s][info][gc             ] GC(78) Pause Cleanup 152M->152M(428M) 0.153ms
[52.710s][info][gc,cpu         ] GC(78) User=0.00s Sys=0.00s Real=0.00s
[52.710s][info][gc,marking     ] GC(78) Concurrent Clear Claimed Marks
[52.710s][info][gc,marking     ] GC(78) Concurrent Clear Claimed Marks 0.045ms
[52.710s][info][gc,marking     ] GC(78) Concurrent Cleanup for Next Mark
[52.712s][info][gc,marking     ] GC(78) Concurrent Cleanup for Next Mark 1.835ms
[52.712s][info][gc             ] GC(78) Concurrent Mark Cycle 133.458ms
[52.999s][info][gc,start       ] GC(80) Pause Young (Prepare Mixed) (G1 Evacuation Pause)
[52.999s][info][gc,task        ] GC(80) Using 10 workers of 33 for evacuation
[53.068s][info][gc,phases      ] GC(80)   Pre Evacuate Collection Set: 0.2ms
[53.068s][info][gc,phases      ] GC(80)   Merge Heap Roots: 0.3ms
[53.068s][info][gc,phases      ] GC(80)   Evacuate Collection Set: 68.2ms
[53.068s][info][gc,phases      ] GC(80)   Post Evacuate Collection Set: 0.3ms
[53.068s][info][gc,phases      ] GC(80)   Other: 0.1ms
[53.068s][info][gc,heap        ] GC(80) Eden regions: 126->0(57)
[53.068s][info][gc,heap        ] GC(80) Survivor regions: 2->16(16)
[53.068s][info][gc,heap        ] GC(80) Old regions: 55->124
[53.068s][info][gc,heap        ] GC(80) Archive regions: 0->0
[53.068s][info][gc,heap        ] GC(80) Humongous regions: 0->0
[53.068s][info][gc,metaspace   ] GC(80) Metaspace: 16623K(17280K)->16623K(17280K) NonClass: 14202K(14592K)->14202K(14592K) Class: 2421K(2688K)->2421K(2688K)
[53.068s][info][gc             ] GC(80) Pause Young (Prepare Mixed) (G1 Evacuation Pause) 359M->272M(536M) 69.511ms
[53.068s][info][gc,cpu         ] GC(80) User=0.58s Sys=0.05s Real=0.06s
[53.188s][info][gc,start       ] GC(81) Pause Young (Mixed) (G1 Evacuation Pause)
[53.188s][info][gc,task        ] GC(81) Using 12 workers of 33 for evacuation
[53.229s][info][gc,phases      ] GC(81)   Pre Evacuate Collection Set: 0.2ms
[53.229s][info][gc,phases      ] GC(81)   Merge Heap Roots: 0.3ms
[53.229s][info][gc,phases      ] GC(81)   Evacuate Collection Set: 40.2ms
[53.229s][info][gc,phases      ] GC(81)   Post Evacuate Collection Set: 0.4ms
[53.229s][info][gc,phases      ] GC(81)   Other: 0.1ms
[53.229s][info][gc,heap        ] GC(81) Eden regions: 57->0(36)
[53.229s][info][gc,heap        ] GC(81) Survivor regions: 16->10(10)
[53.229s][info][gc,heap        ] GC(81) Old regions: 124->168
[53.229s][info][gc,heap        ] GC(81) Archive regions: 0->0
[53.229s][info][gc,heap        ] GC(81) Humongous regions: 0->0
[53.229s][info][gc,metaspace   ] GC(81) Metaspace: 16623K(17280K)->16623K(17280K) NonClass: 14202K(14592K)->14202K(14592K) Class: 2421K(2688K)->2421K(2688K)
[53.229s][info][gc             ] GC(81) Pause Young (Mixed) (G1 Evacuation Pause) 386M->350M(536M) 41.520ms
[53.229s][info][gc,cpu         ] GC(81) User=0.38s Sys=0.00s Real=0.03s
[53.307s][info][gc,start       ] GC(82) Pause Young (Concurrent Start) (G1 Evacuation Pause)
[53.307s][info][gc,task        ] GC(82) Using 12 workers of 33 for evacuation
[53.339s][info][gc,phases      ] GC(82)   Pre Evacuate Collection Set: 0.4ms
[53.339s][info][gc,phases      ] GC(82)   Merge Heap Roots: 0.3ms
[53.339s][info][gc,phases      ] GC(82)   Evacuate Collection Set: 30.6ms
[53.339s][info][gc,phases      ] GC(82)   Post Evacuate Collection Set: 0.3ms
[53.339s][info][gc,phases      ] GC(82)   Other: 0.1ms
[53.339s][info][gc,heap        ] GC(82) Eden regions: 36->0(24)
[53.339s][info][gc,heap        ] GC(82) Survivor regions: 10->6(6)
[53.339s][info][gc,heap        ] GC(82) Old regions: 168->199
[53.339s][info][gc,heap        ] GC(82) Archive regions: 0->0
[53.339s][info][gc,heap        ] GC(82) Humongous regions: 0->0
[53.339s][info][gc,metaspace   ] GC(82) Metaspace: 16623K(17280K)->16623K(17280K) NonClass: 14202K(14592K)->14202K(14592K) Class: 2421K(2688K)->2421K(2688K)
[53.339s][info][gc             ] GC(82) Pause Young (Concurrent Start) (G1 Evacuation Pause) 422M->403M(536M) 32.210ms
[53.339s][info][gc             ] GC(83) Concurrent Mark Cycle
[53.339s][info][gc,cpu         ] GC(82) User=0.38s Sys=0.00s Real=0.03s
[53.339s][info][gc,marking     ] GC(83) Concurrent Scan Root Regions
[53.348s][info][gc,marking     ] GC(83) Concurrent Scan Root Regions 8.960ms
[53.348s][info][gc,marking     ] GC(83) Concurrent Mark
[53.348s][info][gc,marking     ] GC(83) Concurrent Mark From Roots
[53.348s][info][gc,task        ] GC(83) Using 8 workers of 8 for marking
[53.402s][info][gc,start       ] GC(84) Pause Young (Normal) (G1 Evacuation Pause)
[53.402s][info][gc,task        ] GC(84) Using 12 workers of 33 for evacuation
[53.416s][info][gc,phases      ] GC(84)   Pre Evacuate Collection Set: 0.1ms
[53.416s][info][gc,phases      ] GC(84)   Merge Heap Roots: 0.1ms
[53.416s][info][gc,phases      ] GC(84)   Evacuate Collection Set: 13.2ms
[53.416s][info][gc,phases      ] GC(84)   Post Evacuate Collection Set: 0.2ms
[53.416s][info][gc,phases      ] GC(84)   Other: 0.1ms
[53.416s][info][gc,heap        ] GC(84) Eden regions: 24->0(17)
[53.416s][info][gc,heap        ] GC(84) Survivor regions: 6->4(4)
[53.416s][info][gc,heap        ] GC(84) Old regions: 199->219
[53.416s][info][gc,heap        ] GC(84) Archive regions: 0->0
[53.416s][info][gc,heap        ] GC(84) Humongous regions: 0->0
[53.416s][info][gc,metaspace   ] GC(84) Metaspace: 16623K(17280K)->16623K(17280K) NonClass: 14202K(14592K)->14202K(14592K) Class: 2421K(2688K)->2421K(2688K)
[53.416s][info][gc             ] GC(84) Pause Young (Normal) (G1 Evacuation Pause) 451M->440M(536M) 13.995ms
[53.416s][info][gc,cpu         ] GC(84) User=0.19s Sys=0.00s Real=0.01s
[53.457s][info][gc,start       ] GC(85) Pause Young (Normal) (G1 Evacuation Pause)
[53.457s][info][gc,task        ] GC(85) Using 12 workers of 33 for evacuation
[53.473s][info][gc,phases      ] GC(85)   Pre Evacuate Collection Set: 0.1ms
[53.473s][info][gc,phases      ] GC(85)   Merge Heap Roots: 0.1ms
[53.473s][info][gc,phases      ] GC(85)   Evacuate Collection Set: 10.0ms
[53.473s][info][gc,phases      ] GC(85)   Post Evacuate Collection Set: 6.0ms
[53.473s][info][gc,phases      ] GC(85)   Other: 0.1ms
[53.473s][info][gc,heap        ] GC(85) Eden regions: 17->0(198)
[53.473s][info][gc,heap        ] GC(85) Survivor regions: 4->3(3)
[53.473s][info][gc,heap        ] GC(85) Old regions: 219->233
[53.473s][info][gc,heap        ] GC(85) Archive regions: 0->0
[53.473s][info][gc,heap        ] GC(85) Humongous regions: 0->0
[53.473s][info][gc,metaspace   ] GC(85) Metaspace: 16623K(17280K)->16623K(17280K) NonClass: 14202K(14592K)->14202K(14592K) Class: 2421K(2688K)->2421K(2688K)
[53.473s][info][gc             ] GC(85) Pause Young (Normal) (G1 Evacuation Pause) 474M->466M(1396M) 16.852ms
[53.474s][info][gc,cpu         ] GC(85) User=0.19s Sys=0.00s Real=0.02s
[53.481s][info][gc,marking     ] GC(83) Concurrent Mark From Roots 132.962ms
[53.481s][info][gc,marking     ] GC(83) Concurrent Preclean
[53.481s][info][gc,marking     ] GC(83) Concurrent Preclean 0.038ms
[53.481s][info][gc,start       ] GC(83) Pause Remark
[53.483s][info][gc             ] GC(83) Pause Remark 469M->469M(1396M) 1.202ms
[53.483s][info][gc,cpu         ] GC(83) User=0.00s Sys=0.00s Real=0.00s
[53.483s][info][gc,marking     ] GC(83) Concurrent Mark 134.455ms
[53.483s][info][gc,marking     ] GC(83) Concurrent Rebuild Remembered Sets and Scrub Regions
[53.678s][info][gc,marking     ] GC(83) Concurrent Rebuild Remembered Sets and Scrub Regions 195.444ms
[53.678s][info][gc,start       ] GC(83) Pause Cleanup
[53.679s][info][gc             ] GC(83) Pause Cleanup 522M->522M(1396M) 0.219ms
[53.679s][info][gc,cpu         ] GC(83) User=0.00s Sys=0.00s Real=0.00s
[53.679s][info][gc,marking     ] GC(83) Concurrent Clear Claimed Marks
[53.679s][info][gc,marking     ] GC(83) Concurrent Clear Claimed Marks 0.038ms
[53.679s][info][gc,marking     ] GC(83) Concurrent Cleanup for Next Mark
[53.682s][info][gc,marking     ] GC(83) Concurrent Cleanup for Next Mark 3.565ms
[53.682s][info][gc             ] GC(83) Concurrent Mark Cycle 343.133ms
[62.053s][info][gc,start       ] GC(86) Pause Young (Prepare Mixed) (G1 Evacuation Pause)
[62.053s][info][gc,task        ] GC(86) Using 33 workers of 33 for evacuation
[62.099s][info][gc,phases      ] GC(86)   Pre Evacuate Collection Set: 0.2ms
[62.099s][info][gc,phases      ] GC(86)   Merge Heap Roots: 2.4ms
[62.099s][info][gc,phases      ] GC(86)   Evacuate Collection Set: 42.4ms
[62.099s][info][gc,phases      ] GC(86)   Post Evacuate Collection Set: 0.9ms
[62.099s][info][gc,phases      ] GC(86)   Other: 0.1ms
[62.099s][info][gc,heap        ] GC(86) Eden regions: 184->0(189)
[62.099s][info][gc,heap        ] GC(86) Survivor regions: 3->24(24)
[62.099s][info][gc,heap        ] GC(86) Old regions: 233->260
[62.099s][info][gc,heap        ] GC(86) Archive regions: 0->0
[62.099s][info][gc,heap        ] GC(86) Humongous regions: 0->0
[62.099s][info][gc,metaspace   ] GC(86) Metaspace: 16626K(17280K)->16626K(17280K) NonClass: 14204K(14592K)->14204K(14592K) Class: 2421K(2688K)->2421K(2688K)
[62.099s][info][gc             ] GC(86) Pause Young (Prepare Mixed) (G1 Evacuation Pause) 834M->561M(1396M) 46.276ms
[62.099s][info][gc,cpu         ] GC(86) User=1.13s Sys=0.42s Real=0.05s
[62.432s][info][gc,start       ] GC(87) Pause Young (Mixed) (G1 Evacuation Pause)
[62.432s][info][gc,task        ] GC(87) Using 33 workers of 33 for evacuation
[62.524s][info][gc,phases      ] GC(87)   Pre Evacuate Collection Set: 0.2ms
[62.524s][info][gc,phases      ] GC(87)   Merge Heap Roots: 0.7ms
[62.525s][info][gc,phases      ] GC(87)   Evacuate Collection Set: 89.8ms
[62.525s][info][gc,phases      ] GC(87)   Post Evacuate Collection Set: 0.5ms
[62.525s][info][gc,phases      ] GC(87)   Other: 0.1ms
[62.525s][info][gc,heap        ] GC(87) Eden regions: 189->0(156)
[62.525s][info][gc,heap        ] GC(87) Survivor regions: 24->27(27)
[62.525s][info][gc,heap        ] GC(87) Old regions: 260->335
[62.525s][info][gc,heap        ] GC(87) Archive regions: 0->0
[62.525s][info][gc,heap        ] GC(87) Humongous regions: 0->0
[62.525s][info][gc,metaspace   ] GC(87) Metaspace: 16626K(17280K)->16626K(17280K) NonClass: 14204K(14592K)->14204K(14592K) Class: 2421K(2688K)->2421K(2688K)
[62.525s][info][gc             ] GC(87) Pause Young (Mixed) (G1 Evacuation Pause) 939M->719M(1396M) 92.427ms
[62.525s][info][gc,cpu         ] GC(87) User=1.58s Sys=1.52s Real=0.09s
[62.807s][info][gc,start       ] GC(88) Pause Young (Concurrent Start) (G1 Evacuation Pause)
[62.807s][info][gc,task        ] GC(88) Using 33 workers of 33 for evacuation
[62.883s][info][gc,phases      ] GC(88)   Pre Evacuate Collection Set: 0.4ms
[62.883s][info][gc,phases      ] GC(88)   Merge Heap Roots: 0.2ms
[62.883s][info][gc,phases      ] GC(88)   Evacuate Collection Set: 74.7ms
[62.883s][info][gc,phases      ] GC(88)   Post Evacuate Collection Set: 0.5ms
[62.883s][info][gc,phases      ] GC(88)   Other: 0.1ms
[62.883s][info][gc,heap        ] GC(88) Eden regions: 156->0(124)
[62.883s][info][gc,heap        ] GC(88) Survivor regions: 27->23(23)
[62.883s][info][gc,heap        ] GC(88) Old regions: 335->409
[62.883s][info][gc,heap        ] GC(88) Archive regions: 0->0
[62.883s][info][gc,heap        ] GC(88) Humongous regions: 0->0
[62.883s][info][gc,metaspace   ] GC(88) Metaspace: 16626K(17280K)->16626K(17280K) NonClass: 14204K(14592K)->14204K(14592K) Class: 2421K(2688K)->2421K(2688K)
[62.883s][info][gc             ] GC(88) Pause Young (Concurrent Start) (G1 Evacuation Pause) 1031M->859M(1396M) 76.314ms
[62.883s][info][gc             ] GC(89) Concurrent Mark Cycle
[62.883s][info][gc,cpu         ] GC(88) User=1.16s Sys=1.42s Real=0.08s
[62.883s][info][gc,marking     ] GC(89) Concurrent Scan Root Regions
[62.901s][info][gc,marking     ] GC(89) Concurrent Scan Root Regions 17.384ms
[62.901s][info][gc,marking     ] GC(89) Concurrent Mark
[62.901s][info][gc,marking     ] GC(89) Concurrent Mark From Roots
[62.901s][info][gc,task        ] GC(89) Using 8 workers of 8 for marking
[62.952s][info][gc,marking     ] GC(89) Concurrent Mark From Roots 51.359ms
[62.952s][info][gc,marking     ] GC(89) Concurrent Preclean
[62.952s][info][gc,marking     ] GC(89) Concurrent Preclean 0.070ms
[62.952s][info][gc,start       ] GC(89) Pause Remark
[62.954s][info][gc             ] GC(89) Pause Remark 926M->514M(1396M) 1.828ms
[62.954s][info][gc,cpu         ] GC(89) User=0.52s Sys=0.00s Real=0.01s
[62.954s][info][gc,marking     ] GC(89) Concurrent Mark 53.604ms
[62.954s][info][gc,marking     ] GC(89) Concurrent Rebuild Remembered Sets and Scrub Regions
[63.130s][info][gc,marking     ] GC(89) Concurrent Rebuild Remembered Sets and Scrub Regions 175.808ms
[63.130s][info][gc,start       ] GC(89) Pause Cleanup
[63.131s][info][gc             ] GC(89) Pause Cleanup 613M->613M(1396M) 0.289ms
[63.131s][info][gc,cpu         ] GC(89) User=0.00s Sys=0.00s Real=0.00s
[63.131s][info][gc,marking     ] GC(89) Concurrent Clear Claimed Marks
[63.131s][info][gc,marking     ] GC(89) Concurrent Clear Claimed Marks 0.046ms
[63.131s][info][gc,marking     ] GC(89) Concurrent Cleanup for Next Mark
[63.132s][info][gc,marking     ] GC(89) Concurrent Cleanup for Next Mark 0.957ms
[63.132s][info][gc             ] GC(89) Concurrent Mark Cycle 248.560ms
[63.745s][info][gc,start       ] GC(90) Pause Young (Prepare Mixed) (G1 Evacuation Pause)
[63.745s][info][gc,task        ] GC(90) Using 33 workers of 33 for evacuation
[63.801s][info][gc,phases      ] GC(90)   Pre Evacuate Collection Set: 0.2ms
[63.801s][info][gc,phases      ] GC(90)   Merge Heap Roots: 3.7ms
[63.801s][info][gc,phases      ] GC(90)   Evacuate Collection Set: 50.7ms
[63.801s][info][gc,phases      ] GC(90)   Post Evacuate Collection Set: 1.5ms
[63.801s][info][gc,phases      ] GC(90)   Other: 0.1ms
[63.801s][info][gc,heap        ] GC(90) Eden regions: 124->0(197)
[63.801s][info][gc,heap        ] GC(90) Survivor regions: 23->19(19)
[63.801s][info][gc,heap        ] GC(90) Old regions: 203->261
[63.801s][info][gc,heap        ] GC(90) Archive regions: 0->0
[63.801s][info][gc,heap        ] GC(90) Humongous regions: 4->4
[63.801s][info][gc,metaspace   ] GC(90) Metaspace: 16626K(17280K)->16626K(17280K) NonClass: 14204K(14592K)->14204K(14592K) Class: 2421K(2688K)->2421K(2688K)
[63.801s][info][gc             ] GC(90) Pause Young (Prepare Mixed) (G1 Evacuation Pause) 703M->563M(1396M) 56.615ms
[63.801s][info][gc,cpu         ] GC(90) User=1.55s Sys=0.00s Real=0.05s
[64.529s][info][gc,start       ] GC(91) Pause Young (Mixed) (G1 Evacuation Pause)
[64.530s][info][gc,task        ] GC(91) Using 33 workers of 33 for evacuation
[64.555s][info][gc,phases      ] GC(91)   Pre Evacuate Collection Set: 0.2ms
[64.555s][info][gc,phases      ] GC(91)   Merge Heap Roots: 2.5ms
[64.555s][info][gc,phases      ] GC(91)   Evacuate Collection Set: 22.3ms
[64.555s][info][gc,phases      ] GC(91)   Post Evacuate Collection Set: 0.7ms
[64.556s][info][gc,phases      ] GC(91)   Other: 0.1ms
[64.556s][info][gc,heap        ] GC(91) Eden regions: 197->0(219)
[64.556s][info][gc,heap        ] GC(91) Survivor regions: 19->4(27)
[64.556s][info][gc,heap        ] GC(91) Old regions: 261->268
[64.556s][info][gc,heap        ] GC(91) Archive regions: 0->0
[64.556s][info][gc,heap        ] GC(91) Humongous regions: 4->4
[64.556s][info][gc,metaspace   ] GC(91) Metaspace: 16626K(17280K)->16626K(17280K) NonClass: 14204K(14592K)->14204K(14592K) Class: 2421K(2688K)->2421K(2688K)
[64.556s][info][gc             ] GC(91) Pause Young (Mixed) (G1 Evacuation Pause) 957M->546M(1396M) 26.229ms
[64.556s][info][gc,cpu         ] GC(91) User=1.03s Sys=0.00s Real=0.03s
[66.409s][info][gc,start       ] GC(92) Pause Full (System.gc())
[66.409s][info][gc,task        ] GC(92) Using 33 workers of 33 for full compaction
[66.410s][info][gc,phases,start] GC(92) Phase 1: Mark live objects
[66.420s][info][gc,phases      ] GC(92) Phase 1: Mark live objects 10.535ms
[66.420s][info][gc,phases,start] GC(92) Phase 2: Prepare compaction
[66.422s][info][gc,phases      ] GC(92) Phase 2: Prepare compaction 1.925ms
[66.422s][info][gc,phases,start] GC(92) Phase 3: Adjust pointers
[66.426s][info][gc,phases      ] GC(92) Phase 3: Adjust pointers 3.641ms
[66.426s][info][gc,phases,start] GC(92) Phase 4: Compact heap
[66.427s][info][gc,phases      ] GC(92) Phase 4: Compact heap 1.407ms
[66.435s][info][gc,heap        ] GC(92) Eden regions: 89->0(25)
[66.435s][info][gc,heap        ] GC(92) Survivor regions: 4->0(27)
[66.435s][info][gc,heap        ] GC(92) Old regions: 268->21
[66.435s][info][gc,heap        ] GC(92) Archive regions: 0->0
[66.435s][info][gc,heap        ] GC(92) Humongous regions: 4->0
[66.435s][info][gc,metaspace   ] GC(92) Metaspace: 16626K(17280K)->16626K(17280K) NonClass: 14204K(14592K)->14204K(14592K) Class: 2421K(2688K)->2421K(2688K)
[66.435s][info][gc             ] GC(92) Pause Full (System.gc()) 724M->10M(140M) 25.669ms
[66.435s][info][gc,cpu         ] GC(92) User=0.34s Sys=0.00s Real=0.01s
[67.543s][info][gc,start       ] GC(93) Pause Young (Concurrent Start) (G1 Evacuation Pause)
[67.543s][info][gc,task        ] GC(93) Using 18 workers of 33 for evacuation
[67.588s][info][gc,phases      ] GC(93)   Pre Evacuate Collection Set: 0.3ms
[67.588s][info][gc,phases      ] GC(93)   Merge Heap Roots: 0.1ms
[67.588s][info][gc,phases      ] GC(93)   Evacuate Collection Set: 43.7ms
[67.588s][info][gc,phases      ] GC(93)   Post Evacuate Collection Set: 0.5ms
[67.588s][info][gc,phases      ] GC(93)   Other: 0.1ms
[67.588s][info][gc,heap        ] GC(93) Eden regions: 25->0(21)
[67.588s][info][gc,heap        ] GC(93) Survivor regions: 0->4(4)
[67.588s][info][gc,heap        ] GC(93) Old regions: 21->25
[67.588s][info][gc,heap        ] GC(93) Archive regions: 0->0
[67.588s][info][gc,heap        ] GC(93) Humongous regions: 0->0
[67.588s][info][gc,metaspace   ] GC(93) Metaspace: 16627K(17280K)->16627K(17280K) NonClass: 14206K(14592K)->14206K(14592K) Class: 2421K(2688K)->2421K(2688K)
[67.588s][info][gc             ] GC(93) Pause Young (Concurrent Start) (G1 Evacuation Pause) 60M->25M(140M) 45.026ms
[67.588s][info][gc             ] GC(94) Concurrent Mark Cycle
[67.588s][info][gc,cpu         ] GC(93) User=0.56s Sys=0.02s Real=0.05s
[67.588s][info][gc,marking     ] GC(94) Concurrent Scan Root Regions
[67.590s][info][gc,marking     ] GC(94) Concurrent Scan Root Regions 2.515ms
[67.590s][info][gc,marking     ] GC(94) Concurrent Mark
[67.590s][info][gc,marking     ] GC(94) Concurrent Mark From Roots
[67.590s][info][gc,task        ] GC(94) Using 8 workers of 8 for marking
[67.594s][info][gc,marking     ] GC(94) Concurrent Mark From Roots 3.511ms
[67.594s][info][gc,marking     ] GC(94) Concurrent Preclean
[67.594s][info][gc,marking     ] GC(94) Concurrent Preclean 0.024ms
[67.594s][info][gc,start       ] GC(94) Pause Remark
[67.595s][info][gc             ] GC(94) Pause Remark 26M->26M(140M) 0.852ms
[67.595s][info][gc,cpu         ] GC(94) User=0.00s Sys=0.00s Real=0.00s
[67.595s][info][gc,marking     ] GC(94) Concurrent Mark 4.553ms
[67.595s][info][gc,marking     ] GC(94) Concurrent Rebuild Remembered Sets and Scrub Regions
[67.600s][info][gc,marking     ] GC(94) Concurrent Rebuild Remembered Sets and Scrub Regions 5.077ms
[67.600s][info][gc,start       ] GC(94) Pause Cleanup
[67.600s][info][gc             ] GC(94) Pause Cleanup 26M->26M(140M) 0.111ms
[67.600s][info][gc,cpu         ] GC(94) User=0.00s Sys=0.00s Real=0.00s
[67.600s][info][gc,marking     ] GC(94) Concurrent Clear Claimed Marks
[67.600s][info][gc,marking     ] GC(94) Concurrent Clear Claimed Marks 0.017ms
[67.600s][info][gc,marking     ] GC(94) Concurrent Cleanup for Next Mark
[67.601s][info][gc,marking     ] GC(94) Concurrent Cleanup for Next Mark 0.141ms
[67.601s][info][gc             ] GC(94) Concurrent Mark Cycle 12.662ms
[68.262s][info][gc,start       ] GC(95) Pause Young (Prepare Mixed) (G1 Evacuation Pause)
[68.262s][info][gc,task        ] GC(95) Using 10 workers of 33 for evacuation
[68.305s][info][gc,phases      ] GC(95)   Pre Evacuate Collection Set: 0.1ms
[68.305s][info][gc,phases      ] GC(95)   Merge Heap Roots: 1.9ms
[68.305s][info][gc,phases      ] GC(95)   Evacuate Collection Set: 37.6ms
[68.305s][info][gc,phases      ] GC(95)   Post Evacuate Collection Set: 3.3ms
[68.305s][info][gc,phases      ] GC(95)   Other: 0.1ms
[68.305s][info][gc,heap        ] GC(95) Eden regions: 21->0(210)
[68.305s][info][gc,heap        ] GC(95) Survivor regions: 4->4(4)
[68.305s][info][gc,heap        ] GC(95) Old regions: 25->37
[68.305s][info][gc,heap        ] GC(95) Archive regions: 0->0
[68.305s][info][gc,heap        ] GC(95) Humongous regions: 0->0
[68.305s][info][gc,metaspace   ] GC(95) Metaspace: 16627K(17280K)->16627K(17280K) NonClass: 14206K(14592K)->14206K(14592K) Class: 2421K(2688K)->2421K(2688K)
[68.305s][info][gc             ] GC(95) Pause Young (Prepare Mixed) (G1 Evacuation Pause) 67M->49M(1094M) 43.271ms
[68.305s][info][gc,cpu         ] GC(95) User=0.38s Sys=0.00s Real=0.05s
[68.581s][info][gc,start       ] GC(96) Pause Young (Mixed) (G1 Evacuation Pause)
[68.581s][info][gc,task        ] GC(96) Using 26 workers of 33 for evacuation
[68.589s][info][gc,phases      ] GC(96)   Pre Evacuate Collection Set: 0.1ms
[68.589s][info][gc,phases      ] GC(96)   Merge Heap Roots: 0.1ms
[68.589s][info][gc,phases      ] GC(96)   Evacuate Collection Set: 7.7ms
[68.589s][info][gc,phases      ] GC(96)   Post Evacuate Collection Set: 0.5ms
[68.589s][info][gc,phases      ] GC(96)   Other: 0.1ms
[68.589s][info][gc,heap        ] GC(96) Eden regions: 210->0(87)
[68.589s][info][gc,heap        ] GC(96) Survivor regions: 4->5(27)
[68.589s][info][gc,heap        ] GC(96) Old regions: 37->26
[68.589s][info][gc,heap        ] GC(96) Archive regions: 0->0
[68.589s][info][gc,heap        ] GC(96) Humongous regions: 0->0
[68.589s][info][gc,metaspace   ] GC(96) Metaspace: 16627K(17280K)->16627K(17280K) NonClass: 14206K(14592K)->14206K(14592K) Class: 2421K(2688K)->2421K(2688K)
[68.589s][info][gc             ] GC(96) Pause Young (Mixed) (G1 Evacuation Pause) 469M->53M(1094M) 8.771ms
[68.589s][info][gc,cpu         ] GC(96) User=0.22s Sys=0.00s Real=0.02s
[68.614s][info][gc,start       ] GC(97) Pause Young (Concurrent Start) (G1 Evacuation Pause)
[68.614s][info][gc,task        ] GC(97) Using 26 workers of 33 for evacuation
[68.622s][info][gc,phases      ] GC(97)   Pre Evacuate Collection Set: 0.3ms
[68.635s][info][gc,phases      ] GC(97)   Merge Heap Roots: 0.1ms
[68.635s][info][gc,phases      ] GC(97)   Evacuate Collection Set: 6.8ms
[68.635s][info][gc,phases      ] GC(97)   Post Evacuate Collection Set: 0.4ms
[68.635s][info][gc,phases      ] GC(97)   Other: 0.0ms
[68.635s][info][gc,heap        ] GC(97) Eden regions: 101->0(140)
[68.635s][info][gc,heap        ] GC(97) Survivor regions: 5->5(14)
[68.635s][info][gc,heap        ] GC(97) Old regions: 26->26
[68.635s][info][gc,heap        ] GC(97) Archive regions: 0->0
[68.636s][info][gc,heap        ] GC(97) Humongous regions: 0->0
[68.636s][info][gc,metaspace   ] GC(97) Metaspace: 16627K(17280K)->16627K(17280K) NonClass: 14206K(14592K)->14206K(14592K) Class: 2421K(2688K)->2421K(2688K)
[68.636s][info][gc             ] GC(97) Pause Young (Concurrent Start) (G1 Evacuation Pause) 255M->53M(1094M) 21.592ms
[68.636s][info][gc             ] GC(98) Concurrent Mark Cycle
[68.636s][info][gc,cpu         ] GC(97) User=0.19s Sys=0.00s Real=0.03s
[68.636s][info][gc,marking     ] GC(98) Concurrent Scan Root Regions
[68.638s][info][gc,marking     ] GC(98) Concurrent Scan Root Regions 2.778ms
[68.638s][info][gc,marking     ] GC(98) Concurrent Mark
[68.638s][info][gc,marking     ] GC(98) Concurrent Mark From Roots
[68.639s][info][gc,task        ] GC(98) Using 8 workers of 8 for marking
[68.659s][info][gc,marking     ] GC(98) Concurrent Mark From Roots 20.731ms
[68.659s][info][gc,marking     ] GC(98) Concurrent Preclean
[68.659s][info][gc,marking     ] GC(98) Concurrent Preclean 0.081ms
[68.660s][info][gc,start       ] GC(98) Pause Remark
[68.661s][info][gc             ] GC(98) Pause Remark 219M->219M(760M) 1.228ms
[68.661s][info][gc,cpu         ] GC(98) User=0.00s Sys=0.00s Real=0.00s
[68.661s][info][gc,marking     ] GC(98) Concurrent Mark 22.608ms
[68.661s][info][gc,marking     ] GC(98) Concurrent Rebuild Remembered Sets and Scrub Regions
[68.666s][info][gc,marking     ] GC(98) Concurrent Rebuild Remembered Sets and Scrub Regions 5.034ms
[68.666s][info][gc,start       ] GC(98) Pause Cleanup
[68.666s][info][gc             ] GC(98) Pause Cleanup 232M->232M(760M) 0.127ms
[68.666s][info][gc,cpu         ] GC(98) User=0.00s Sys=0.00s Real=0.00s
[68.667s][info][gc,marking     ] GC(98) Concurrent Clear Claimed Marks
[68.667s][info][gc,marking     ] GC(98) Concurrent Clear Claimed Marks 0.079ms
[68.667s][info][gc,marking     ] GC(98) Concurrent Cleanup for Next Mark
[68.674s][info][gc,marking     ] GC(98) Concurrent Cleanup for Next Mark 7.396ms
[68.675s][info][gc             ] GC(98) Concurrent Mark Cycle 38.937ms
[68.732s][info][gc,start       ] GC(99) Pause Young (Prepare Mixed) (G1 Evacuation Pause)
[68.732s][info][gc,task        ] GC(99) Using 22 workers of 33 for evacuation
[68.740s][info][gc,phases      ] GC(99)   Pre Evacuate Collection Set: 0.1ms
[68.740s][info][gc,phases      ] GC(99)   Merge Heap Roots: 0.1ms
[68.740s][info][gc,phases      ] GC(99)   Evacuate Collection Set: 7.3ms
[68.740s][info][gc,phases      ] GC(99)   Post Evacuate Collection Set: 0.4ms
[68.740s][info][gc,phases      ] GC(99)   Other: 0.1ms
[68.740s][info][gc,heap        ] GC(99) Eden regions: 157->0(207)
[68.740s][info][gc,heap        ] GC(99) Survivor regions: 5->5(21)
[68.740s][info][gc,heap        ] GC(99) Old regions: 26->26
[68.740s][info][gc,heap        ] GC(99) Archive regions: 0->0
[68.740s][info][gc,heap        ] GC(99) Humongous regions: 0->0
[68.740s][info][gc,metaspace   ] GC(99) Metaspace: 16627K(17280K)->16627K(17280K) NonClass: 14206K(14592K)->14206K(14592K) Class: 2421K(2688K)->2421K(2688K)
[68.741s][info][gc             ] GC(99) Pause Young (Prepare Mixed) (G1 Evacuation Pause) 367M->53M(760M) 8.208ms
[68.741s][info][gc,cpu         ] GC(99) User=0.00s Sys=0.00s Real=0.00s
[68.838s][info][gc,start       ] GC(100) Pause Young (Mixed) (G1 Evacuation Pause)
[68.838s][info][gc,task        ] GC(100) Using 20 workers of 33 for evacuation
[68.848s][info][gc,phases      ] GC(100)   Pre Evacuate Collection Set: 0.1ms
[68.848s][info][gc,phases      ] GC(100)   Merge Heap Roots: 0.1ms
[68.848s][info][gc,phases      ] GC(100)   Evacuate Collection Set: 9.3ms
[68.848s][info][gc,phases      ] GC(100)   Post Evacuate Collection Set: 0.6ms
[68.848s][info][gc,phases      ] GC(100)   Other: 0.1ms
[68.848s][info][gc,heap        ] GC(100) Eden regions: 207->0(223)
[68.848s][info][gc,heap        ] GC(100) Survivor regions: 5->5(27)
[68.848s][info][gc,heap        ] GC(100) Old regions: 26->25
[68.848s][info][gc,heap        ] GC(100) Archive regions: 0->0
[68.848s][info][gc,heap        ] GC(100) Humongous regions: 0->0
[68.848s][info][gc,metaspace   ] GC(100) Metaspace: 16627K(17280K)->16627K(17280K) NonClass: 14206K(14592K)->14206K(14592K) Class: 2421K(2688K)->2421K(2688K)
[68.848s][info][gc             ] GC(100) Pause Young (Mixed) (G1 Evacuation Pause) 467M->50M(760M) 10.589ms
[68.848s][info][gc,cpu         ] GC(100) User=0.00s Sys=0.00s Real=0.00s
[68.916s][info][gc,start       ] GC(101) Pause Young (Concurrent Start) (G1 Evacuation Pause)
[68.916s][info][gc,task        ] GC(101) Using 19 workers of 33 for evacuation
[68.924s][info][gc,phases      ] GC(101)   Pre Evacuate Collection Set: 0.2ms
[68.924s][info][gc,phases      ] GC(101)   Merge Heap Roots: 0.1ms
[68.924s][info][gc,phases      ] GC(101)   Evacuate Collection Set: 7.2ms
[68.924s][info][gc,phases      ] GC(101)   Post Evacuate Collection Set: 0.5ms
[68.924s][info][gc,phases      ] GC(101)   Other: 0.1ms
[68.924s][info][gc,heap        ] GC(101) Eden regions: 223->0(223)
[68.924s][info][gc,heap        ] GC(101) Survivor regions: 5->5(29)
[68.924s][info][gc,heap        ] GC(101) Old regions: 25->25
[68.924s][info][gc,heap        ] GC(101) Archive regions: 0->0
[68.924s][info][gc,heap        ] GC(101) Humongous regions: 0->0
[68.924s][info][gc,metaspace   ] GC(101) Metaspace: 16627K(17280K)->16627K(17280K) NonClass: 14206K(14592K)->14206K(14592K) Class: 2421K(2688K)->2421K(2688K)
[68.924s][info][gc             ] GC(101) Pause Young (Concurrent Start) (G1 Evacuation Pause) 496M->50M(760M) 8.323ms
[68.924s][info][gc             ] GC(102) Concurrent Mark Cycle
[68.924s][info][gc,cpu         ] GC(101) User=0.00s Sys=0.00s Real=0.00s
[68.924s][info][gc,marking     ] GC(102) Concurrent Scan Root Regions
[68.927s][info][gc,marking     ] GC(102) Concurrent Scan Root Regions 2.737ms
[68.927s][info][gc,marking     ] GC(102) Concurrent Mark
[68.927s][info][gc,marking     ] GC(102) Concurrent Mark From Roots
[68.927s][info][gc,task        ] GC(102) Using 8 workers of 8 for marking
[68.945s][info][gc,marking     ] GC(102) Concurrent Mark From Roots 17.759ms
[68.945s][info][gc,marking     ] GC(102) Concurrent Preclean
[68.945s][info][gc,marking     ] GC(102) Concurrent Preclean 0.112ms
[68.945s][info][gc,start       ] GC(102) Pause Remark
[68.946s][info][gc             ] GC(102) Pause Remark 199M->199M(700M) 0.922ms
[68.946s][info][gc,cpu         ] GC(102) User=0.00s Sys=0.00s Real=0.00s
[68.946s][info][gc,marking     ] GC(102) Concurrent Mark 19.489ms
[68.946s][info][gc,marking     ] GC(102) Concurrent Rebuild Remembered Sets and Scrub Regions
[68.952s][info][gc,marking     ] GC(102) Concurrent Rebuild Remembered Sets and Scrub Regions 5.632ms
[68.952s][info][gc,start       ] GC(102) Pause Cleanup
[68.952s][info][gc             ] GC(102) Pause Cleanup 241M->241M(700M) 0.131ms
[68.952s][info][gc,cpu         ] GC(102) User=0.00s Sys=0.00s Real=0.00s
[68.953s][info][gc,marking     ] GC(102) Concurrent Clear Claimed Marks
[68.953s][info][gc,marking     ] GC(102) Concurrent Clear Claimed Marks 0.040ms
[68.953s][info][gc,marking     ] GC(102) Concurrent Cleanup for Next Mark
[68.954s][info][gc,marking     ] GC(102) Concurrent Cleanup for Next Mark 1.013ms
[68.954s][info][gc             ] GC(102) Concurrent Mark Cycle 29.657ms
[68.991s][info][gc,start       ] GC(103) Pause Young (Prepare Mixed) (G1 Evacuation Pause)
[68.991s][info][gc,task        ] GC(103) Using 17 workers of 33 for evacuation
[68.999s][info][gc,phases      ] GC(103)   Pre Evacuate Collection Set: 0.1ms
[68.999s][info][gc,phases      ] GC(103)   Merge Heap Roots: 0.1ms
[68.999s][info][gc,phases      ] GC(103)   Evacuate Collection Set: 7.4ms
[68.999s][info][gc,phases      ] GC(103)   Post Evacuate Collection Set: 0.5ms
[68.999s][info][gc,phases      ] GC(103)   Other: 0.1ms
[68.999s][info][gc,heap        ] GC(103) Eden regions: 212->0(205)
[68.999s][info][gc,heap        ] GC(103) Survivor regions: 5->5(28)
[68.999s][info][gc,heap        ] GC(103) Old regions: 25->25
[68.999s][info][gc,heap        ] GC(103) Archive regions: 0->0
[68.999s][info][gc,heap        ] GC(103) Humongous regions: 0->0
[68.999s][info][gc,metaspace   ] GC(103) Metaspace: 16627K(17280K)->16627K(17280K) NonClass: 14206K(14592K)->14206K(14592K) Class: 2421K(2688K)->2421K(2688K)
[68.999s][info][gc             ] GC(103) Pause Young (Prepare Mixed) (G1 Evacuation Pause) 474M->50M(700M) 8.373ms
[68.999s][info][gc,cpu         ] GC(103) User=0.00s Sys=0.00s Real=0.00s
[69.058s][info][gc,start       ] GC(104) Pause Young (Mixed) (G1 Evacuation Pause)
[69.058s][info][gc,task        ] GC(104) Using 16 workers of 33 for evacuation
[69.068s][info][gc,phases      ] GC(104)   Pre Evacuate Collection Set: 0.1ms
[69.068s][info][gc,phases      ] GC(104)   Merge Heap Roots: 0.1ms
[69.068s][info][gc,phases      ] GC(104)   Evacuate Collection Set: 6.8ms
[69.068s][info][gc,phases      ] GC(104)   Post Evacuate Collection Set: 3.1ms
[69.068s][info][gc,phases      ] GC(104)   Other: 0.1ms
[69.068s][info][gc,heap        ] GC(104) Eden regions: 205->0(409)
[69.068s][info][gc,heap        ] GC(104) Survivor regions: 5->5(27)
[69.069s][info][gc,heap        ] GC(104) Old regions: 25->24
[69.069s][info][gc,heap        ] GC(104) Archive regions: 0->0
[69.069s][info][gc,heap        ] GC(104) Humongous regions: 0->0
[69.069s][info][gc,metaspace   ] GC(104) Metaspace: 16627K(17280K)->16627K(17280K) NonClass: 14206K(14592K)->14206K(14592K) Class: 2421K(2688K)->2421K(2688K)
[69.069s][info][gc             ] GC(104) Pause Young (Mixed) (G1 Evacuation Pause) 460M->49M(1380M) 10.547ms
[69.069s][info][gc,cpu         ] GC(104) User=0.25s Sys=0.00s Real=0.02s
[69.679s][info][gc,start       ] GC(105) Pause Young (Concurrent Start) (G1 Evacuation Pause)
[69.679s][info][gc,task        ] GC(105) Using 33 workers of 33 for evacuation
[69.735s][info][gc,phases      ] GC(105)   Pre Evacuate Collection Set: 0.5ms
[69.735s][info][gc,phases      ] GC(105)   Merge Heap Roots: 0.2ms
[69.735s][info][gc,phases      ] GC(105)   Evacuate Collection Set: 54.4ms
[69.735s][info][gc,phases      ] GC(105)   Post Evacuate Collection Set: 1.0ms
[69.735s][info][gc,phases      ] GC(105)   Other: 0.1ms
[69.735s][info][gc,heap        ] GC(105) Eden regions: 409->0(336)
[69.735s][info][gc,heap        ] GC(105) Survivor regions: 5->52(52)
[69.735s][info][gc,heap        ] GC(105) Old regions: 24->95
[69.735s][info][gc,heap        ] GC(105) Archive regions: 0->0
[69.735s][info][gc,heap        ] GC(105) Humongous regions: 0->0
[69.735s][info][gc,metaspace   ] GC(105) Metaspace: 16627K(17280K)->16627K(17280K) NonClass: 14206K(14592K)->14206K(14592K) Class: 2421K(2688K)->2421K(2688K)
[69.735s][info][gc             ] GC(105) Pause Young (Concurrent Start) (G1 Evacuation Pause) 867M->287M(1380M) 56.540ms
[69.735s][info][gc             ] GC(106) Concurrent Mark Cycle
[69.735s][info][gc,cpu         ] GC(105) User=1.19s Sys=0.36s Real=0.05s
[69.735s][info][gc,marking     ] GC(106) Concurrent Scan Root Regions
[69.753s][info][gc,marking     ] GC(106) Concurrent Scan Root Regions 18.150ms
[69.753s][info][gc,marking     ] GC(106) Concurrent Mark
[69.753s][info][gc,marking     ] GC(106) Concurrent Mark From Roots
[69.753s][info][gc,task        ] GC(106) Using 8 workers of 8 for marking
[69.768s][info][gc,marking     ] GC(106) Concurrent Mark From Roots 15.050ms
[69.768s][info][gc,marking     ] GC(106) Concurrent Preclean
[69.768s][info][gc,marking     ] GC(106) Concurrent Preclean 0.058ms
[69.769s][info][gc,start       ] GC(106) Pause Remark
[69.770s][info][gc             ] GC(106) Pause Remark 317M->317M(1080M) 1.265ms
[69.770s][info][gc,cpu         ] GC(106) User=0.00s Sys=0.00s Real=0.00s
[69.770s][info][gc,marking     ] GC(106) Concurrent Mark 16.637ms
[69.770s][info][gc,marking     ] GC(106) Concurrent Rebuild Remembered Sets and Scrub Regions
[69.832s][info][gc,marking     ] GC(106) Concurrent Rebuild Remembered Sets and Scrub Regions 62.443ms
[69.833s][info][gc,start       ] GC(106) Pause Cleanup
[69.833s][info][gc             ] GC(106) Pause Cleanup 375M->375M(1080M) 0.208ms
[69.833s][info][gc,cpu         ] GC(106) User=0.00s Sys=0.00s Real=0.00s
[69.833s][info][gc,marking     ] GC(106) Concurrent Clear Claimed Marks
[69.833s][info][gc,marking     ] GC(106) Concurrent Clear Claimed Marks 0.033ms
[69.833s][info][gc,marking     ] GC(106) Concurrent Cleanup for Next Mark
[69.835s][info][gc,marking     ] GC(106) Concurrent Cleanup for Next Mark 2.345ms
[69.835s][info][gc             ] GC(106) Concurrent Mark Cycle 100.229ms
[77.167s][info][gc,start       ] GC(107) Pause Young (Prepare Mixed) (G1 Evacuation Pause)
[77.168s][info][gc,task        ] GC(107) Using 29 workers of 33 for evacuation
[77.227s][info][gc,phases      ] GC(107)   Pre Evacuate Collection Set: 0.2ms
[77.227s][info][gc,phases      ] GC(107)   Merge Heap Roots: 1.5ms
[77.227s][info][gc,phases      ] GC(107)   Evacuate Collection Set: 56.8ms
[77.227s][info][gc,phases      ] GC(107)   Post Evacuate Collection Set: 0.7ms
[77.227s][info][gc,phases      ] GC(107)   Other: 0.2ms
[77.227s][info][gc,heap        ] GC(107) Eden regions: 272->0(203)
[77.227s][info][gc,heap        ] GC(107) Survivor regions: 52->41(41)
[77.227s][info][gc,heap        ] GC(107) Old regions: 95->154
[77.227s][info][gc,heap        ] GC(107) Archive regions: 0->0
[77.227s][info][gc,heap        ] GC(107) Humongous regions: 0->0
[77.227s][info][gc,metaspace   ] GC(107) Metaspace: 16629K(17280K)->16629K(17280K) NonClass: 14207K(14592K)->14207K(14592K) Class: 2421K(2688K)->2421K(2688K)
[77.227s][info][gc             ] GC(107) Pause Young (Prepare Mixed) (G1 Evacuation Pause) 831M->382M(1080M) 59.963ms
[77.227s][info][gc,cpu         ] GC(107) User=1.08s Sys=0.73s Real=0.06s
[77.605s][info][gc,start       ] GC(108) Pause Young (Mixed) (G1 Evacuation Pause)
[77.605s][info][gc,task        ] GC(108) Using 27 workers of 33 for evacuation
[77.664s][info][gc,phases      ] GC(108)   Pre Evacuate Collection Set: 0.2ms
[77.664s][info][gc,phases      ] GC(108)   Merge Heap Roots: 0.4ms
[77.664s][info][gc,phases      ] GC(108)   Evacuate Collection Set: 57.7ms
[77.664s][info][gc,phases      ] GC(108)   Post Evacuate Collection Set: 0.5ms
[77.664s][info][gc,phases      ] GC(108)   Other: 0.2ms
[77.664s][info][gc,heap        ] GC(108) Eden regions: 203->0(134)
[77.664s][info][gc,heap        ] GC(108) Survivor regions: 41->31(31)
[77.664s][info][gc,heap        ] GC(108) Old regions: 154->253
[77.664s][info][gc,heap        ] GC(108) Archive regions: 0->0
[77.664s][info][gc,heap        ] GC(108) Humongous regions: 0->0
[77.664s][info][gc,metaspace   ] GC(108) Metaspace: 16629K(17280K)->16629K(17280K) NonClass: 14207K(14592K)->14207K(14592K) Class: 2421K(2688K)->2421K(2688K)
[77.664s][info][gc             ] GC(108) Pause Young (Mixed) (G1 Evacuation Pause) 788M->563M(1080M) 59.255ms
[77.664s][info][gc,cpu         ] GC(108) User=1.69s Sys=0.00s Real=0.06s
[77.910s][info][gc,start       ] GC(109) Pause Young (Concurrent Start) (G1 Evacuation Pause)
[77.910s][info][gc,task        ] GC(109) Using 26 workers of 33 for evacuation
[77.958s][info][gc,phases      ] GC(109)   Pre Evacuate Collection Set: 0.4ms
[77.958s][info][gc,phases      ] GC(109)   Merge Heap Roots: 0.2ms
[77.958s][info][gc,phases      ] GC(109)   Evacuate Collection Set: 46.2ms
[77.958s][info][gc,phases      ] GC(109)   Post Evacuate Collection Set: 0.4ms
[77.958s][info][gc,phases      ] GC(109)   Other: 0.1ms
[77.958s][info][gc,heap        ] GC(109) Eden regions: 134->0(97)
[77.958s][info][gc,heap        ] GC(109) Survivor regions: 31->21(21)
[77.958s][info][gc,heap        ] GC(109) Old regions: 253->326
[77.958s][info][gc,heap        ] GC(109) Archive regions: 0->0
[77.958s][info][gc,heap        ] GC(109) Humongous regions: 0->0
[77.958s][info][gc,metaspace   ] GC(109) Metaspace: 16629K(17280K)->16629K(17280K) NonClass: 14207K(14592K)->14207K(14592K) Class: 2421K(2688K)->2421K(2688K)
[77.958s][info][gc             ] GC(109) Pause Young (Concurrent Start) (G1 Evacuation Pause) 831M->689M(1080M) 47.620ms
[77.958s][info][gc             ] GC(110) Concurrent Mark Cycle
[77.958s][info][gc,cpu         ] GC(109) User=1.22s Sys=0.00s Real=0.05s
[77.958s][info][gc,marking     ] GC(110) Concurrent Scan Root Regions
[77.975s][info][gc,marking     ] GC(110) Concurrent Scan Root Regions 16.708ms
[77.975s][info][gc,marking     ] GC(110) Concurrent Mark
[77.975s][info][gc,marking     ] GC(110) Concurrent Mark From Roots
[77.975s][info][gc,task        ] GC(110) Using 8 workers of 8 for marking
[78.017s][info][gc,marking     ] GC(110) Concurrent Mark From Roots 42.171ms
[78.017s][info][gc,marking     ] GC(110) Concurrent Preclean
[78.017s][info][gc,marking     ] GC(110) Concurrent Preclean 0.066ms
[78.017s][info][gc,start       ] GC(110) Pause Remark
[78.018s][info][gc             ] GC(110) Pause Remark 742M->498M(1080M) 1.462ms
[78.019s][info][gc,cpu         ] GC(110) User=0.00s Sys=0.00s Real=0.00s
[78.019s][info][gc,marking     ] GC(110) Concurrent Mark 43.973ms
[78.019s][info][gc,marking     ] GC(110) Concurrent Rebuild Remembered Sets and Scrub Regions
[78.153s][info][gc,marking     ] GC(110) Concurrent Rebuild Remembered Sets and Scrub Regions 134.239ms
[78.153s][info][gc,start       ] GC(110) Pause Cleanup
[78.153s][info][gc             ] GC(110) Pause Cleanup 624M->624M(1080M) 0.314ms
[78.153s][info][gc,cpu         ] GC(110) User=0.00s Sys=0.00s Real=0.00s
[78.153s][info][gc,marking     ] GC(110) Concurrent Clear Claimed Marks
[78.153s][info][gc,marking     ] GC(110) Concurrent Clear Claimed Marks 0.048ms
[78.153s][info][gc,marking     ] GC(110) Concurrent Cleanup for Next Mark
[78.154s][info][gc,marking     ] GC(110) Concurrent Cleanup for Next Mark 0.743ms
[78.154s][info][gc             ] GC(110) Concurrent Mark Cycle 196.456ms
[78.168s][info][gc,start       ] GC(111) Pause Young (Prepare Mixed) (G1 Evacuation Pause)
[78.168s][info][gc,task        ] GC(111) Using 25 workers of 33 for evacuation
[78.200s][info][gc,phases      ] GC(111)   Pre Evacuate Collection Set: 0.1ms
[78.200s][info][gc,phases      ] GC(111)   Merge Heap Roots: 0.2ms
[78.200s][info][gc,phases      ] GC(111)   Evacuate Collection Set: 30.6ms
[78.200s][info][gc,phases      ] GC(111)   Post Evacuate Collection Set: 0.4ms
[78.200s][info][gc,phases      ] GC(111)   Other: 0.1ms
[78.200s][info][gc,heap        ] GC(111) Eden regions: 97->0(134)
[78.200s][info][gc,heap        ] GC(111) Survivor regions: 21->15(15)
[78.200s][info][gc,heap        ] GC(111) Old regions: 204->257
[78.200s][info][gc,heap        ] GC(111) Archive regions: 0->0
[78.200s][info][gc,heap        ] GC(111) Humongous regions: 0->0
[78.200s][info][gc,metaspace   ] GC(111) Metaspace: 16629K(17280K)->16629K(17280K) NonClass: 14207K(14592K)->14207K(14592K) Class: 2421K(2688K)->2421K(2688K)
[78.200s][info][gc             ] GC(111) Pause Young (Prepare Mixed) (G1 Evacuation Pause) 639M->539M(1080M) 31.699ms
[78.200s][info][gc,cpu         ] GC(111) User=0.78s Sys=0.00s Real=0.03s
[79.034s][info][gc,start       ] GC(112) Pause Young (Mixed) (G1 Evacuation Pause)
[79.034s][info][gc,task        ] GC(112) Using 25 workers of 33 for evacuation
[79.084s][info][gc,phases      ] GC(112)   Pre Evacuate Collection Set: 0.2ms
[79.084s][info][gc,phases      ] GC(112)   Merge Heap Roots: 3.4ms
[79.084s][info][gc,phases      ] GC(112)   Evacuate Collection Set: 45.0ms
[79.084s][info][gc,phases      ] GC(112)   Post Evacuate Collection Set: 1.0ms
[79.084s][info][gc,phases      ] GC(112)   Other: 0.1ms
[79.084s][info][gc,heap        ] GC(112) Eden regions: 134->0(138)
[79.084s][info][gc,heap        ] GC(112) Survivor regions: 15->19(19)
[79.084s][info][gc,heap        ] GC(112) Old regions: 257->255
[79.084s][info][gc,heap        ] GC(112) Archive regions: 0->0
[79.084s][info][gc,heap        ] GC(112) Humongous regions: 4->4
[79.084s][info][gc,metaspace   ] GC(112) Metaspace: 16629K(17280K)->16629K(17280K) NonClass: 14207K(14592K)->14207K(14592K) Class: 2421K(2688K)->2421K(2688K)
[79.084s][info][gc             ] GC(112) Pause Young (Mixed) (G1 Evacuation Pause) 815M->551M(1080M) 50.105ms
[79.084s][info][gc,cpu         ] GC(112) User=1.17s Sys=0.00s Real=0.05s
[79.592s][info][gc,start       ] GC(113) Pause Young (Concurrent Start) (G1 Evacuation Pause)
[79.593s][info][gc,task        ] GC(113) Using 25 workers of 33 for evacuation
[79.624s][info][gc,phases      ] GC(113)   Pre Evacuate Collection Set: 0.4ms
[79.624s][info][gc,phases      ] GC(113)   Merge Heap Roots: 1.8ms
[79.624s][info][gc,phases      ] GC(113)   Evacuate Collection Set: 25.0ms
[79.624s][info][gc,phases      ] GC(113)   Post Evacuate Collection Set: 4.1ms
[79.624s][info][gc,phases      ] GC(113)   Other: 0.1ms
[79.624s][info][gc,heap        ] GC(113) Eden regions: 138->0(465)
[79.624s][info][gc,heap        ] GC(113) Survivor regions: 19->4(20)
[79.624s][info][gc,heap        ] GC(113) Old regions: 255->264
[79.624s][info][gc,heap        ] GC(113) Archive regions: 0->0
[79.624s][info][gc,heap        ] GC(113) Humongous regions: 4->4
[79.624s][info][gc,metaspace   ] GC(113) Metaspace: 16629K(17280K)->16629K(17280K) NonClass: 14207K(14592K)->14207K(14592K) Class: 2421K(2688K)->2421K(2688K)
[79.624s][info][gc             ] GC(113) Pause Young (Concurrent Start) (G1 Evacuation Pause) 827M->537M(2066M) 31.757ms
[79.624s][info][gc             ] GC(114) Concurrent Mark Cycle
[79.624s][info][gc,cpu         ] GC(113) User=0.39s Sys=0.02s Real=0.03s
[79.624s][info][gc,marking     ] GC(114) Concurrent Scan Root Regions
[79.628s][info][gc,marking     ] GC(114) Concurrent Scan Root Regions 3.462ms
[79.628s][info][gc,marking     ] GC(114) Concurrent Mark
[79.628s][info][gc,marking     ] GC(114) Concurrent Mark From Roots
[79.628s][info][gc,task        ] GC(114) Using 8 workers of 8 for marking
[79.734s][info][gc,marking     ] GC(114) Concurrent Mark From Roots 105.853ms
[79.734s][info][gc,marking     ] GC(114) Concurrent Preclean
[79.734s][info][gc,marking     ] GC(114) Concurrent Preclean 0.114ms
[79.734s][info][gc,start       ] GC(114) Pause Remark
[79.735s][info][gc             ] GC(114) Pause Remark 581M->577M(1948M) 1.186ms
[79.735s][info][gc,cpu         ] GC(114) User=0.00s Sys=0.00s Real=0.00s
[79.735s][info][gc,marking     ] GC(114) Concurrent Mark 107.469ms
[79.735s][info][gc,marking     ] GC(114) Concurrent Rebuild Remembered Sets and Scrub Regions
[79.919s][info][gc,marking     ] GC(114) Concurrent Rebuild Remembered Sets and Scrub Regions 183.708ms
[79.919s][info][gc,start       ] GC(114) Pause Cleanup
[79.920s][info][gc             ] GC(114) Pause Cleanup 589M->589M(1948M) 0.475ms
[79.920s][info][gc,cpu         ] GC(114) User=0.00s Sys=0.00s Real=0.00s
[79.920s][info][gc,marking     ] GC(114) Concurrent Clear Claimed Marks
[79.920s][info][gc,marking     ] GC(114) Concurrent Clear Claimed Marks 0.049ms
[79.920s][info][gc,marking     ] GC(114) Concurrent Cleanup for Next Mark
[79.924s][info][gc,marking     ] GC(114) Concurrent Cleanup for Next Mark 3.703ms
[79.924s][info][gc             ] GC(114) Concurrent Mark Cycle 299.318ms
[81.450s][info][gc,start       ] GC(115) Pause Full (System.gc())
[81.450s][info][gc,task        ] GC(115) Using 33 workers of 33 for full compaction
[81.452s][info][gc,phases,start] GC(115) Phase 1: Mark live objects
[81.460s][info][gc,phases      ] GC(115) Phase 1: Mark live objects 8.449ms
[81.460s][info][gc,phases,start] GC(115) Phase 2: Prepare compaction
[81.464s][info][gc,phases      ] GC(115) Phase 2: Prepare compaction 3.735ms
[81.464s][info][gc,phases,start] GC(115) Phase 3: Adjust pointers
[81.469s][info][gc,phases      ] GC(115) Phase 3: Adjust pointers 4.569ms
[81.469s][info][gc,phases,start] GC(115) Phase 4: Compact heap
[81.470s][info][gc,phases      ] GC(115) Phase 4: Compact heap 1.127ms
[81.478s][info][gc,heap        ] GC(115) Eden regions: 67->0(34)
[81.478s][info][gc,heap        ] GC(115) Survivor regions: 4->0(20)
[81.478s][info][gc,heap        ] GC(115) Old regions: 264->25
[81.478s][info][gc,heap        ] GC(115) Archive regions: 0->0
[81.479s][info][gc,heap        ] GC(115) Humongous regions: 2->0
[81.479s][info][gc,metaspace   ] GC(115) Metaspace: 16634K(17280K)->16634K(17280K) NonClass: 14212K(14592K)->14212K(14592K) Class: 2421K(2688K)->2421K(2688K)
[81.479s][info][gc             ] GC(115) Pause Full (System.gc()) 665M->11M(168M) 28.490ms
[81.479s][info][gc,cpu         ] GC(115) User=0.20s Sys=0.00s Real=0.02s
[82.873s][info][gc,start       ] GC(116) Pause Young (Concurrent Start) (G1 Evacuation Pause)
[82.873s][info][gc,task        ] GC(116) Using 18 workers of 33 for evacuation
[82.942s][info][gc,phases      ] GC(116)   Pre Evacuate Collection Set: 0.2ms
[82.942s][info][gc,phases      ] GC(116)   Merge Heap Roots: 0.1ms
[82.942s][info][gc,phases      ] GC(116)   Evacuate Collection Set: 68.1ms
[82.942s][info][gc,phases      ] GC(116)   Post Evacuate Collection Set: 1.0ms
[82.942s][info][gc,phases      ] GC(116)   Other: 0.1ms
[82.942s][info][gc,heap        ] GC(116) Eden regions: 34->0(20)
[82.943s][info][gc,heap        ] GC(116) Survivor regions: 0->5(5)
[82.943s][info][gc,heap        ] GC(116) Old regions: 25->35
[82.943s][info][gc,heap        ] GC(116) Archive regions: 0->0
[82.943s][info][gc,heap        ] GC(116) Humongous regions: 0->0
[82.943s][info][gc,metaspace   ] GC(116) Metaspace: 16635K(17280K)->16635K(17280K) NonClass: 14213K(14592K)->14213K(14592K) Class: 2421K(2688K)->2421K(2688K)
[82.943s][info][gc             ] GC(116) Pause Young (Concurrent Start) (G1 Evacuation Pause) 79M->39M(168M) 69.717ms
[82.943s][info][gc             ] GC(117) Concurrent Mark Cycle
[82.943s][info][gc,cpu         ] GC(116) User=1.13s Sys=0.00s Real=0.06s
[82.943s][info][gc,marking     ] GC(117) Concurrent Scan Root Regions
[82.948s][info][gc,marking     ] GC(117) Concurrent Scan Root Regions 5.840ms
[82.949s][info][gc,marking     ] GC(117) Concurrent Mark
[82.949s][info][gc,marking     ] GC(117) Concurrent Mark From Roots
[82.949s][info][gc,task        ] GC(117) Using 8 workers of 8 for marking
[82.953s][info][gc,marking     ] GC(117) Concurrent Mark From Roots 4.609ms
[82.953s][info][gc,marking     ] GC(117) Concurrent Preclean
[82.953s][info][gc,marking     ] GC(117) Concurrent Preclean 0.029ms
[82.953s][info][gc,start       ] GC(117) Pause Remark
[82.954s][info][gc             ] GC(117) Pause Remark 40M->40M(168M) 0.884ms
[82.954s][info][gc,cpu         ] GC(117) User=0.00s Sys=0.00s Real=0.00s
[82.954s][info][gc,marking     ] GC(117) Concurrent Mark 5.729ms
[82.954s][info][gc,marking     ] GC(117) Concurrent Rebuild Remembered Sets and Scrub Regions
[82.969s][info][gc,marking     ] GC(117) Concurrent Rebuild Remembered Sets and Scrub Regions 15.121ms
[82.969s][info][gc,start       ] GC(117) Pause Cleanup
[82.970s][info][gc             ] GC(117) Pause Cleanup 41M->41M(168M) 0.111ms
[82.970s][info][gc,cpu         ] GC(117) User=0.00s Sys=0.00s Real=0.00s
[82.970s][info][gc,marking     ] GC(117) Concurrent Clear Claimed Marks
[82.970s][info][gc,marking     ] GC(117) Concurrent Clear Claimed Marks 0.022ms
[82.970s][info][gc,marking     ] GC(117) Concurrent Cleanup for Next Mark
[82.970s][info][gc,marking     ] GC(117) Concurrent Cleanup for Next Mark 0.220ms
[82.970s][info][gc             ] GC(117) Concurrent Mark Cycle 27.307ms
[83.447s][info][gc,start       ] GC(118) Pause Young (Prepare Mixed) (G1 Evacuation Pause)
[83.447s][info][gc,task        ] GC(118) Using 11 workers of 33 for evacuation
[83.475s][info][gc,phases      ] GC(118)   Pre Evacuate Collection Set: 0.1ms
[83.475s][info][gc,phases      ] GC(118)   Merge Heap Roots: 4.8ms
[83.475s][info][gc,phases      ] GC(118)   Evacuate Collection Set: 22.5ms
[83.475s][info][gc,phases      ] GC(118)   Post Evacuate Collection Set: 0.4ms
[83.475s][info][gc,phases      ] GC(118)   Other: 0.1ms
[83.475s][info][gc,heap        ] GC(118) Eden regions: 20->0(18)
[83.475s][info][gc,heap        ] GC(118) Survivor regions: 5->4(4)
[83.475s][info][gc,heap        ] GC(118) Old regions: 35->40
[83.475s][info][gc,heap        ] GC(118) Archive regions: 0->0
[83.475s][info][gc,heap        ] GC(118) Humongous regions: 0->0
[83.475s][info][gc,metaspace   ] GC(118) Metaspace: 16635K(17280K)->16635K(17280K) NonClass: 14213K(14592K)->14213K(14592K) Class: 2421K(2688K)->2421K(2688K)
[83.475s][info][gc             ] GC(118) Pause Young (Prepare Mixed) (G1 Evacuation Pause) 79M->49M(168M) 28.340ms
[83.475s][info][gc,cpu         ] GC(118) User=0.34s Sys=0.00s Real=0.03s
[83.480s][info][gc,start       ] GC(119) Pause Young (Mixed) (G1 Evacuation Pause)
[83.481s][info][gc,task        ] GC(119) Using 7 workers of 33 for evacuation
[83.483s][info][gc,phases      ] GC(119)   Pre Evacuate Collection Set: 0.1ms
[83.483s][info][gc,phases      ] GC(119)   Merge Heap Roots: 0.1ms
[83.483s][info][gc,phases      ] GC(119)   Evacuate Collection Set: 1.8ms
[83.483s][info][gc,phases      ] GC(119)   Post Evacuate Collection Set: 0.3ms
[83.483s][info][gc,phases      ] GC(119)   Other: 0.1ms
[83.483s][info][gc,heap        ] GC(119) Eden regions: 18->0(24)
[83.483s][info][gc,heap        ] GC(119) Survivor regions: 4->1(3)
[83.483s][info][gc,heap        ] GC(119) Old regions: 40->35
[83.483s][info][gc,heap        ] GC(119) Archive regions: 0->0
[83.483s][info][gc,heap        ] GC(119) Humongous regions: 0->0
[83.483s][info][gc,metaspace   ] GC(119) Metaspace: 16635K(17280K)->16635K(17280K) NonClass: 14213K(14592K)->14213K(14592K) Class: 2421K(2688K)->2421K(2688K)
[83.483s][info][gc             ] GC(119) Pause Young (Mixed) (G1 Evacuation Pause) 85M->50M(168M) 2.722ms
[83.483s][info][gc,cpu         ] GC(119) User=0.00s Sys=0.00s Real=0.00s
[83.490s][info][gc,start       ] GC(120) Pause Young (Mixed) (G1 Evacuation Pause)
[83.491s][info][gc,task        ] GC(120) Using 5 workers of 33 for evacuation
[83.493s][info][gc,phases      ] GC(120)   Pre Evacuate Collection Set: 0.1ms
[83.493s][info][gc,phases      ] GC(120)   Merge Heap Roots: 0.1ms
[83.493s][info][gc,phases      ] GC(120)   Evacuate Collection Set: 1.6ms
[83.493s][info][gc,phases      ] GC(120)   Post Evacuate Collection Set: 0.3ms
[83.493s][info][gc,phases      ] GC(120)   Other: 0.1ms
[83.493s][info][gc,heap        ] GC(120) Eden regions: 24->0(28)
[83.493s][info][gc,heap        ] GC(120) Survivor regions: 1->1(4)
[83.493s][info][gc,heap        ] GC(120) Old regions: 35->29
[83.493s][info][gc,heap        ] GC(120) Archive regions: 0->0
[83.493s][info][gc,heap        ] GC(120) Humongous regions: 0->0
[83.493s][info][gc,metaspace   ] GC(120) Metaspace: 16635K(17280K)->16635K(17280K) NonClass: 14213K(14592K)->14213K(14592K) Class: 2421K(2688K)->2421K(2688K)
[83.493s][info][gc             ] GC(120) Pause Young (Mixed) (G1 Evacuation Pause) 98M->51M(168M) 2.398ms
[83.493s][info][gc,cpu         ] GC(120) User=0.00s Sys=0.00s Real=0.00s
[83.501s][info][gc,start       ] GC(121) Pause Young (Concurrent Start) (G1 Evacuation Pause)
[83.501s][info][gc,task        ] GC(121) Using 4 workers of 33 for evacuation
[83.506s][info][gc,phases      ] GC(121)   Pre Evacuate Collection Set: 0.2ms
[83.506s][info][gc,phases      ] GC(121)   Merge Heap Roots: 0.1ms
[83.506s][info][gc,phases      ] GC(121)   Evacuate Collection Set: 1.1ms
[83.506s][info][gc,phases      ] GC(121)   Post Evacuate Collection Set: 4.0ms
[83.506s][info][gc,phases      ] GC(121)   Other: 0.1ms
[83.506s][info][gc,heap        ] GC(121) Eden regions: 28->0(146)
[83.506s][info][gc,heap        ] GC(121) Survivor regions: 1->1(4)
[83.506s][info][gc,heap        ] GC(121) Old regions: 29->29
[83.506s][info][gc,heap        ] GC(121) Archive regions: 0->0
[83.506s][info][gc,heap        ] GC(121) Humongous regions: 0->0
[83.506s][info][gc,metaspace   ] GC(121) Metaspace: 16635K(17280K)->16635K(17280K) NonClass: 14213K(14592K)->14213K(14592K) Class: 2421K(2688K)->2421K(2688K)
[83.506s][info][gc             ] GC(121) Pause Young (Concurrent Start) (G1 Evacuation Pause) 107M->50M(1108M) 5.692ms
[83.506s][info][gc             ] GC(122) Concurrent Mark Cycle
[83.506s][info][gc,cpu         ] GC(121) User=0.00s Sys=0.00s Real=0.00s
[83.506s][info][gc,marking     ] GC(122) Concurrent Scan Root Regions
[83.508s][info][gc,marking     ] GC(122) Concurrent Scan Root Regions 2.025ms
[83.509s][info][gc,marking     ] GC(122) Concurrent Mark
[83.509s][info][gc,marking     ] GC(122) Concurrent Mark From Roots
[83.509s][info][gc,task        ] GC(122) Using 8 workers of 8 for marking
[83.516s][info][gc,marking     ] GC(122) Concurrent Mark From Roots 7.907ms
[83.517s][info][gc,marking     ] GC(122) Concurrent Preclean
[83.517s][info][gc,marking     ] GC(122) Concurrent Preclean 0.059ms
[83.517s][info][gc,start       ] GC(122) Pause Remark
[83.519s][info][gc             ] GC(122) Pause Remark 62M->36M(154M) 1.633ms
[83.519s][info][gc,cpu         ] GC(122) User=0.00s Sys=0.00s Real=0.00s
[83.519s][info][gc,marking     ] GC(122) Concurrent Mark 10.500ms
[83.519s][info][gc,marking     ] GC(122) Concurrent Rebuild Remembered Sets and Scrub Regions
[83.523s][info][gc,marking     ] GC(122) Concurrent Rebuild Remembered Sets and Scrub Regions 4.048ms
[83.523s][info][gc,start       ] GC(122) Pause Cleanup
[83.523s][info][gc             ] GC(122) Pause Cleanup 64M->64M(154M) 0.095ms
[83.523s][info][gc,cpu         ] GC(122) User=0.00s Sys=0.00s Real=0.00s
[83.524s][info][gc,marking     ] GC(122) Concurrent Clear Claimed Marks
[83.524s][info][gc,marking     ] GC(122) Concurrent Clear Claimed Marks 0.048ms
[83.524s][info][gc,marking     ] GC(122) Concurrent Cleanup for Next Mark
[83.524s][info][gc,marking     ] GC(122) Concurrent Cleanup for Next Mark 0.378ms
[83.524s][info][gc             ] GC(122) Concurrent Mark Cycle 17.667ms
[83.535s][info][gc,start       ] GC(123) Pause Young (Prepare Mixed) (G1 Evacuation Pause)
[83.535s][info][gc,task        ] GC(123) Using 3 workers of 33 for evacuation
[83.537s][info][gc,phases      ] GC(123)   Pre Evacuate Collection Set: 0.1ms
[83.537s][info][gc,phases      ] GC(123)   Merge Heap Roots: 0.1ms
[83.537s][info][gc,phases      ] GC(123)   Evacuate Collection Set: 1.6ms
[83.537s][info][gc,phases      ] GC(123)   Post Evacuate Collection Set: 0.3ms
[83.537s][info][gc,phases      ] GC(123)   Other: 0.1ms
[83.537s][info][gc,heap        ] GC(123) Eden regions: 60->0(37)
[83.537s][info][gc,heap        ] GC(123) Survivor regions: 1->1(21)
[83.537s][info][gc,heap        ] GC(123) Old regions: 16->16
[83.537s][info][gc,heap        ] GC(123) Archive regions: 0->0
[83.537s][info][gc,heap        ] GC(123) Humongous regions: 0->0
[83.537s][info][gc,metaspace   ] GC(123) Metaspace: 16635K(17280K)->16635K(17280K) NonClass: 14213K(14592K)->14213K(14592K) Class: 2421K(2688K)->2421K(2688K)
[83.537s][info][gc             ] GC(123) Pause Young (Prepare Mixed) (G1 Evacuation Pause) 144M->25M(156M) 2.278ms
[83.537s][info][gc,cpu         ] GC(123) User=0.00s Sys=0.00s Real=0.00s
[83.548s][info][gc,start       ] GC(124) Pause Young (Mixed) (G1 Evacuation Pause)
[83.548s][info][gc,task        ] GC(124) Using 3 workers of 33 for evacuation
[83.550s][info][gc,phases      ] GC(124)   Pre Evacuate Collection Set: 0.1ms
[83.550s][info][gc,phases      ] GC(124)   Merge Heap Roots: 0.1ms
[83.550s][info][gc,phases      ] GC(124)   Evacuate Collection Set: 2.3ms
[83.550s][info][gc,phases      ] GC(124)   Post Evacuate Collection Set: 0.3ms
[83.550s][info][gc,phases      ] GC(124)   Other: 0.1ms
[83.550s][info][gc,heap        ] GC(124) Eden regions: 37->0(43)
[83.550s][info][gc,heap        ] GC(124) Survivor regions: 1->1(5)
[83.550s][info][gc,heap        ] GC(124) Old regions: 16->10
[83.550s][info][gc,heap        ] GC(124) Archive regions: 0->0
[83.550s][info][gc,heap        ] GC(124) Humongous regions: 0->0
[83.550s][info][gc,metaspace   ] GC(124) Metaspace: 16635K(17280K)->16635K(17280K) NonClass: 14213K(14592K)->14213K(14592K) Class: 2421K(2688K)->2421K(2688K)
[83.551s][info][gc             ] GC(124) Pause Young (Mixed) (G1 Evacuation Pause) 99M->13M(156M) 2.927ms
[83.551s][info][gc,cpu         ] GC(124) User=0.00s Sys=0.00s Real=0.00s
[83.563s][info][gc,start       ] GC(125) Pause Young (Concurrent Start) (G1 Evacuation Pause)
[83.563s][info][gc,task        ] GC(125) Using 3 workers of 33 for evacuation
[83.565s][info][gc,phases      ] GC(125)   Pre Evacuate Collection Set: 0.2ms
[83.565s][info][gc,phases      ] GC(125)   Merge Heap Roots: 0.0ms
[83.565s][info][gc,phases      ] GC(125)   Evacuate Collection Set: 1.6ms
[83.565s][info][gc,phases      ] GC(125)   Post Evacuate Collection Set: 0.3ms
[83.565s][info][gc,phases      ] GC(125)   Other: 0.1ms
[83.565s][info][gc,heap        ] GC(125) Eden regions: 43->0(45)
[83.565s][info][gc,heap        ] GC(125) Survivor regions: 1->1(6)
[83.565s][info][gc,heap        ] GC(125) Old regions: 10->10
[83.565s][info][gc,heap        ] GC(125) Archive regions: 0->0
[83.565s][info][gc,heap        ] GC(125) Humongous regions: 0->0
[83.565s][info][gc,metaspace   ] GC(125) Metaspace: 16635K(17280K)->16635K(17280K) NonClass: 14213K(14592K)->14213K(14592K) Class: 2421K(2688K)->2421K(2688K)
[83.565s][info][gc             ] GC(125) Pause Young (Concurrent Start) (G1 Evacuation Pause) 99M->13M(156M) 2.391ms
[83.565s][info][gc             ] GC(126) Concurrent Mark Cycle
[83.565s][info][gc,cpu         ] GC(125) User=0.00s Sys=0.00s Real=0.00s
[83.565s][info][gc,marking     ] GC(126) Concurrent Scan Root Regions
[83.567s][info][gc,marking     ] GC(126) Concurrent Scan Root Regions 2.023ms
[83.567s][info][gc,marking     ] GC(126) Concurrent Mark
[83.567s][info][gc,marking     ] GC(126) Concurrent Mark From Roots
[83.567s][info][gc,task        ] GC(126) Using 8 workers of 8 for marking
[83.572s][info][gc,marking     ] GC(126) Concurrent Mark From Roots 5.358ms
[83.573s][info][gc,marking     ] GC(126) Concurrent Preclean
[83.573s][info][gc,marking     ] GC(126) Concurrent Preclean 0.049ms
[83.573s][info][gc,start       ] GC(126) Pause Remark
[83.574s][info][gc             ] GC(126) Pause Remark 64M->64M(156M) 1.664ms
[83.574s][info][gc,cpu         ] GC(126) User=0.00s Sys=0.00s Real=0.00s
[83.575s][info][gc,marking     ] GC(126) Concurrent Mark 7.644ms
[83.575s][info][gc,marking     ] GC(126) Concurrent Rebuild Remembered Sets and Scrub Regions
[83.579s][info][gc,marking     ] GC(126) Concurrent Rebuild Remembered Sets and Scrub Regions 3.811ms
[83.579s][info][gc,start       ] GC(126) Pause Cleanup
[83.579s][info][gc             ] GC(126) Pause Cleanup 95M->95M(156M) 0.085ms
[83.579s][info][gc,cpu         ] GC(126) User=0.00s Sys=0.00s Real=0.00s
[83.579s][info][gc,marking     ] GC(126) Concurrent Clear Claimed Marks
[83.579s][info][gc,marking     ] GC(126) Concurrent Clear Claimed Marks 0.077ms
[83.579s][info][gc,marking     ] GC(126) Concurrent Cleanup for Next Mark
[83.580s][info][gc,marking     ] GC(126) Concurrent Cleanup for Next Mark 0.399ms
[83.580s][info][gc             ] GC(126) Concurrent Mark Cycle 14.630ms
[83.580s][info][gc,start       ] GC(127) Pause Young (Prepare Mixed) (G1 Evacuation Pause)
[83.580s][info][gc,task        ] GC(127) Using 3 workers of 33 for evacuation
[83.591s][info][gc,phases      ] GC(127)   Pre Evacuate Collection Set: 0.1ms
[83.591s][info][gc,phases      ] GC(127)   Merge Heap Roots: 0.1ms
[83.591s][info][gc,phases      ] GC(127)   Evacuate Collection Set: 1.6ms
[83.591s][info][gc,phases      ] GC(127)   Post Evacuate Collection Set: 8.8ms
[83.591s][info][gc,phases      ] GC(127)   Other: 0.1ms
[83.591s][info][gc,heap        ] GC(127) Eden regions: 45->0(329)
[83.591s][info][gc,heap        ] GC(127) Survivor regions: 1->1(6)
[83.591s][info][gc,heap        ] GC(127) Old regions: 10->10
[83.591s][info][gc,heap        ] GC(127) Archive regions: 0->0
[83.591s][info][gc,heap        ] GC(127) Humongous regions: 0->0
[83.591s][info][gc,metaspace   ] GC(127) Metaspace: 16635K(17280K)->16635K(17280K) NonClass: 14213K(14592K)->14213K(14592K) Class: 2421K(2688K)->2421K(2688K)
[83.591s][info][gc             ] GC(127) Pause Young (Prepare Mixed) (G1 Evacuation Pause) 103M->13M(1102M) 10.748ms
[83.591s][info][gc,cpu         ] GC(127) User=0.06s Sys=0.00s Real=0.02s
[83.955s][info][gc,start       ] GC(128) Pause Young (Mixed) (G1 Evacuation Pause)
[83.955s][info][gc,task        ] GC(128) Using 26 workers of 33 for evacuation
[83.957s][info][gc,phases      ] GC(128)   Pre Evacuate Collection Set: 0.2ms
[83.957s][info][gc,phases      ] GC(128)   Merge Heap Roots: 0.1ms
[83.957s][info][gc,phases      ] GC(128)   Evacuate Collection Set: 1.1ms
[83.957s][info][gc,phases      ] GC(128)   Post Evacuate Collection Set: 0.5ms
[83.957s][info][gc,phases      ] GC(128)   Other: 0.1ms
[83.957s][info][gc,heap        ] GC(128) Eden regions: 329->0(329)
[83.957s][info][gc,heap        ] GC(128) Survivor regions: 1->1(42)
[83.957s][info][gc,heap        ] GC(128) Old regions: 10->9
[83.957s][info][gc,heap        ] GC(128) Archive regions: 0->0
[83.957s][info][gc,heap        ] GC(128) Humongous regions: 0->0
[83.957s][info][gc,metaspace   ] GC(128) Metaspace: 16635K(17280K)->16635K(17280K) NonClass: 14213K(14592K)->14213K(14592K) Class: 2421K(2688K)->2421K(2688K)
[83.957s][info][gc             ] GC(128) Pause Young (Mixed) (G1 Evacuation Pause) 671M->13M(1102M) 2.192ms
[83.957s][info][gc,cpu         ] GC(128) User=0.00s Sys=0.00s Real=0.00s
[84.050s][info][gc,start       ] GC(129) Pause Young (Concurrent Start) (G1 Evacuation Pause)
[84.050s][info][gc,task        ] GC(129) Using 26 workers of 33 for evacuation
[84.052s][info][gc,phases      ] GC(129)   Pre Evacuate Collection Set: 0.3ms
[84.052s][info][gc,phases      ] GC(129)   Merge Heap Roots: 0.1ms
[84.052s][info][gc,phases      ] GC(129)   Evacuate Collection Set: 0.9ms
[84.052s][info][gc,phases      ] GC(129)   Post Evacuate Collection Set: 0.5ms
[84.052s][info][gc,phases      ] GC(129)   Other: 0.0ms
[84.052s][info][gc,heap        ] GC(129) Eden regions: 329->0(329)
[84.052s][info][gc,heap        ] GC(129) Survivor regions: 1->1(42)
[84.052s][info][gc,heap        ] GC(129) Old regions: 9->9
[84.052s][info][gc,heap        ] GC(129) Archive regions: 0->0
[84.052s][info][gc,heap        ] GC(129) Humongous regions: 0->0
[84.052s][info][gc,metaspace   ] GC(129) Metaspace: 16635K(17280K)->16635K(17280K) NonClass: 14213K(14592K)->14213K(14592K) Class: 2421K(2688K)->2421K(2688K)
[84.052s][info][gc             ] GC(129) Pause Young (Concurrent Start) (G1 Evacuation Pause) 671M->13M(1102M) 2.148ms
[84.052s][info][gc             ] GC(130) Concurrent Mark Cycle
[84.052s][info][gc,cpu         ] GC(129) User=0.11s Sys=0.30s Real=0.02s
[84.052s][info][gc,marking     ] GC(130) Concurrent Scan Root Regions
[84.054s][info][gc,marking     ] GC(130) Concurrent Scan Root Regions 2.082ms
[84.054s][info][gc,marking     ] GC(130) Concurrent Mark
[84.054s][info][gc,marking     ] GC(130) Concurrent Mark From Roots
[84.054s][info][gc,task        ] GC(130) Using 8 workers of 8 for marking
[84.060s][info][gc,marking     ] GC(130) Concurrent Mark From Roots 5.608ms
[84.060s][info][gc,marking     ] GC(130) Concurrent Preclean
[84.060s][info][gc,marking     ] GC(130) Concurrent Preclean 0.046ms
[84.060s][info][gc,start       ] GC(130) Pause Remark
[84.061s][info][gc             ] GC(130) Pause Remark 71M->71M(260M) 1.071ms
[84.061s][info][gc,cpu         ] GC(130) User=0.00s Sys=0.00s Real=0.00s
[84.061s][info][gc,marking     ] GC(130) Concurrent Mark 7.256ms
[84.061s][info][gc,marking     ] GC(130) Concurrent Rebuild Remembered Sets and Scrub Regions
[84.065s][info][gc,marking     ] GC(130) Concurrent Rebuild Remembered Sets and Scrub Regions 3.210ms
[84.065s][info][gc,start       ] GC(130) Pause Cleanup
[84.065s][info][gc             ] GC(130) Pause Cleanup 85M->85M(260M) 0.094ms
[84.065s][info][gc,cpu         ] GC(130) User=0.00s Sys=0.00s Real=0.00s
[84.065s][info][gc,marking     ] GC(130) Concurrent Clear Claimed Marks
[84.065s][info][gc,marking     ] GC(130) Concurrent Clear Claimed Marks 0.025ms
[84.065s][info][gc,marking     ] GC(130) Concurrent Cleanup for Next Mark
[84.065s][info][gc,marking     ] GC(130) Concurrent Cleanup for Next Mark 0.359ms
[84.065s][info][gc             ] GC(130) Concurrent Mark Cycle 13.551ms
[84.095s][info][gc,start       ] GC(131) Pause Young (Prepare Mixed) (G1 Evacuation Pause)
[84.095s][info][gc,task        ] GC(131) Using 16 workers of 33 for evacuation
[84.096s][info][gc,phases      ] GC(131)   Pre Evacuate Collection Set: 0.1ms
[84.096s][info][gc,phases      ] GC(131)   Merge Heap Roots: 0.1ms
[84.096s][info][gc,phases      ] GC(131)   Evacuate Collection Set: 0.6ms
[84.096s][info][gc,phases      ] GC(131)   Post Evacuate Collection Set: 0.3ms
[84.096s][info][gc,phases      ] GC(131)   Other: 0.1ms
[84.096s][info][gc,heap        ] GC(131) Eden regions: 120->0(77)
[84.096s][info][gc,heap        ] GC(131) Survivor regions: 1->1(42)
[84.096s][info][gc,heap        ] GC(131) Old regions: 9->9
[84.096s][info][gc,heap        ] GC(131) Archive regions: 0->0
[84.096s][info][gc,heap        ] GC(131) Humongous regions: 0->0
[84.096s][info][gc,metaspace   ] GC(131) Metaspace: 16635K(17280K)->16635K(17280K) NonClass: 14213K(14592K)->14213K(14592K) Class: 2421K(2688K)->2421K(2688K)
[84.096s][info][gc             ] GC(131) Pause Young (Prepare Mixed) (G1 Evacuation Pause) 253M->13M(262M) 1.414ms
[84.096s][info][gc,cpu         ] GC(131) User=0.00s Sys=0.00s Real=0.00s
[84.118s][info][gc,start       ] GC(132) Pause Young (Mixed) (G1 Evacuation Pause)
[84.118s][info][gc,task        ] GC(132) Using 11 workers of 33 for evacuation
[84.119s][info][gc,phases      ] GC(132)   Pre Evacuate Collection Set: 0.1ms
[84.119s][info][gc,phases      ] GC(132)   Merge Heap Roots: 0.1ms
[84.119s][info][gc,phases      ] GC(132)   Evacuate Collection Set: 1.2ms
[84.119s][info][gc,phases      ] GC(132)   Post Evacuate Collection Set: 0.3ms
[84.119s][info][gc,phases      ] GC(132)   Other: 0.1ms
[84.119s][info][gc,heap        ] GC(132) Eden regions: 77->0(77)
[84.119s][info][gc,heap        ] GC(132) Survivor regions: 1->1(10)
[84.119s][info][gc,heap        ] GC(132) Old regions: 9->9
[84.119s][info][gc,heap        ] GC(132) Archive regions: 0->0
[84.119s][info][gc,heap        ] GC(132) Humongous regions: 0->0
[84.119s][info][gc,metaspace   ] GC(132) Metaspace: 16635K(17280K)->16635K(17280K) NonClass: 14213K(14592K)->14213K(14592K) Class: 2421K(2688K)->2421K(2688K)
[84.119s][info][gc             ] GC(132) Pause Young (Mixed) (G1 Evacuation Pause) 167M->13M(262M) 1.943ms
[84.119s][info][gc,cpu         ] GC(132) User=0.00s Sys=0.00s Real=0.00s
[84.144s][info][gc,start       ] GC(133) Pause Young (Concurrent Start) (G1 Evacuation Pause)
[84.145s][info][gc,task        ] GC(133) Using 8 workers of 33 for evacuation
[84.149s][info][gc,phases      ] GC(133)   Pre Evacuate Collection Set: 0.2ms
[84.149s][info][gc,phases      ] GC(133)   Merge Heap Roots: 0.1ms
[84.149s][info][gc,phases      ] GC(133)   Evacuate Collection Set: 0.7ms
[84.149s][info][gc,phases      ] GC(133)   Post Evacuate Collection Set: 3.1ms
[84.149s][info][gc,phases      ] GC(133)   Other: 0.1ms
[84.149s][info][gc,heap        ] GC(133) Eden regions: 77->0(345)
[84.149s][info][gc,heap        ] GC(133) Survivor regions: 1->1(10)
[84.149s][info][gc,heap        ] GC(133) Old regions: 9->9
[84.149s][info][gc,heap        ] GC(133) Archive regions: 0->0
[84.149s][info][gc,heap        ] GC(133) Humongous regions: 0->0
[84.149s][info][gc,metaspace   ] GC(133) Metaspace: 16635K(17280K)->16635K(17280K) NonClass: 14213K(14592K)->14213K(14592K) Class: 2421K(2688K)->2421K(2688K)
[84.149s][info][gc             ] GC(133) Pause Young (Concurrent Start) (G1 Evacuation Pause) 167M->13M(1156M) 4.344ms
[84.149s][info][gc             ] GC(134) Concurrent Mark Cycle
[84.149s][info][gc,cpu         ] GC(133) User=0.00s Sys=0.00s Real=0.00s
[84.149s][info][gc,marking     ] GC(134) Concurrent Scan Root Regions
[84.150s][info][gc,marking     ] GC(134) Concurrent Scan Root Regions 1.621ms
[84.151s][info][gc,marking     ] GC(134) Concurrent Mark
[84.151s][info][gc,marking     ] GC(134) Concurrent Mark From Roots
[84.151s][info][gc,task        ] GC(134) Using 8 workers of 8 for marking
[84.156s][info][gc,marking     ] GC(134) Concurrent Mark From Roots 5.117ms
[84.156s][info][gc,marking     ] GC(134) Concurrent Preclean
[84.156s][info][gc,marking     ] GC(134) Concurrent Preclean 0.031ms
[84.156s][info][gc,start       ] GC(134) Pause Remark
[84.157s][info][gc             ] GC(134) Pause Remark 28M->28M(120M) 1.112ms
[84.157s][info][gc,cpu         ] GC(134) User=0.00s Sys=0.00s Real=0.00s
[84.158s][info][gc,marking     ] GC(134) Concurrent Mark 7.308ms
[84.158s][info][gc,marking     ] GC(134) Concurrent Rebuild Remembered Sets and Scrub Regions
[84.161s][info][gc,marking     ] GC(134) Concurrent Rebuild Remembered Sets and Scrub Regions 3.434ms
[84.161s][info][gc,start       ] GC(134) Pause Cleanup
[84.162s][info][gc             ] GC(134) Pause Cleanup 49M->49M(120M) 0.087ms
[84.162s][info][gc,cpu         ] GC(134) User=0.00s Sys=0.00s Real=0.00s
[84.162s][info][gc,marking     ] GC(134) Concurrent Clear Claimed Marks
[84.162s][info][gc,marking     ] GC(134) Concurrent Clear Claimed Marks 0.051ms
[84.162s][info][gc,marking     ] GC(134) Concurrent Cleanup for Next Mark
[84.162s][info][gc,marking     ] GC(134) Concurrent Cleanup for Next Mark 0.464ms
[84.162s][info][gc             ] GC(134) Concurrent Mark Cycle 13.397ms
[84.181s][info][gc,start       ] GC(135) Pause Young (Prepare Mixed) (G1 Evacuation Pause)
[84.181s][info][gc,task        ] GC(135) Using 5 workers of 33 for evacuation
[84.183s][info][gc,phases      ] GC(135)   Pre Evacuate Collection Set: 0.1ms
[84.183s][info][gc,phases      ] GC(135)   Merge Heap Roots: 0.1ms
[84.183s][info][gc,phases      ] GC(135)   Evacuate Collection Set: 1.4ms
[84.183s][info][gc,phases      ] GC(135)   Post Evacuate Collection Set: 0.3ms
[84.183s][info][gc,phases      ] GC(135)   Other: 0.1ms
[84.183s][info][gc,heap        ] GC(135) Eden regions: 50->0(35)
[84.183s][info][gc,heap        ] GC(135) Survivor regions: 1->1(44)
[84.183s][info][gc,heap        ] GC(135) Old regions: 9->9
[84.183s][info][gc,heap        ] GC(135) Archive regions: 0->0
[84.183s][info][gc,heap        ] GC(135) Humongous regions: 0->0
[84.183s][info][gc,metaspace   ] GC(135) Metaspace: 16635K(17280K)->16635K(17280K) NonClass: 14213K(14592K)->14213K(14592K) Class: 2421K(2688K)->2421K(2688K)
[84.183s][info][gc             ] GC(135) Pause Young (Prepare Mixed) (G1 Evacuation Pause) 113M->13M(122M) 2.166ms
[84.183s][info][gc,cpu         ] GC(135) User=0.00s Sys=0.02s Real=0.02s
[84.194s][info][gc,start       ] GC(136) Pause Young (Mixed) (G1 Evacuation Pause)
[84.194s][info][gc,task        ] GC(136) Using 3 workers of 33 for evacuation
[84.198s][info][gc,phases      ] GC(136)   Pre Evacuate Collection Set: 0.1ms
[84.198s][info][gc,phases      ] GC(136)   Merge Heap Roots: 0.1ms
[84.198s][info][gc,phases      ] GC(136)   Evacuate Collection Set: 2.9ms
[84.198s][info][gc,phases      ] GC(136)   Post Evacuate Collection Set: 0.3ms
[84.198s][info][gc,phases      ] GC(136)   Other: 0.1ms
[84.198s][info][gc,heap        ] GC(136) Eden regions: 35->0(35)
[84.198s][info][gc,heap        ] GC(136) Survivor regions: 1->1(5)
[84.198s][info][gc,heap        ] GC(136) Old regions: 9->9
[84.198s][info][gc,heap        ] GC(136) Archive regions: 0->0
[84.198s][info][gc,heap        ] GC(136) Humongous regions: 0->0
[84.198s][info][gc,metaspace   ] GC(136) Metaspace: 16635K(17280K)->16635K(17280K) NonClass: 14213K(14592K)->14213K(14592K) Class: 2421K(2688K)->2421K(2688K)
[84.198s][info][gc             ] GC(136) Pause Young (Mixed) (G1 Evacuation Pause) 83M->13M(122M) 3.719ms
[84.198s][info][gc,cpu         ] GC(136) User=0.00s Sys=0.00s Real=0.00s
[84.211s][info][gc,start       ] GC(137) Pause Young (Concurrent Start) (G1 Evacuation Pause)
[84.211s][info][gc,task        ] GC(137) Using 2 workers of 33 for evacuation
[84.214s][info][gc,phases      ] GC(137)   Pre Evacuate Collection Set: 0.2ms
[84.214s][info][gc,phases      ] GC(137)   Merge Heap Roots: 0.0ms
[84.214s][info][gc,phases      ] GC(137)   Evacuate Collection Set: 2.4ms
[84.214s][info][gc,phases      ] GC(137)   Post Evacuate Collection Set: 0.3ms
[84.214s][info][gc,phases      ] GC(137)   Other: 0.1ms
[84.214s][info][gc,heap        ] GC(137) Eden regions: 35->0(35)
[84.214s][info][gc,heap        ] GC(137) Survivor regions: 1->1(5)
[84.214s][info][gc,heap        ] GC(137) Old regions: 9->9
[84.214s][info][gc,heap        ] GC(137) Archive regions: 0->0
[84.214s][info][gc,heap        ] GC(137) Humongous regions: 0->0
[84.214s][info][gc,metaspace   ] GC(137) Metaspace: 16635K(17280K)->16635K(17280K) NonClass: 14213K(14592K)->14213K(14592K) Class: 2421K(2688K)->2421K(2688K)
[84.214s][info][gc             ] GC(137) Pause Young (Concurrent Start) (G1 Evacuation Pause) 83M->13M(122M) 3.165ms
[84.214s][info][gc,cpu         ] GC(137) User=0.00s Sys=0.00s Real=0.00s
[84.214s][info][gc             ] GC(138) Concurrent Mark Cycle
[84.214s][info][gc,marking     ] GC(138) Concurrent Scan Root Regions
[84.216s][info][gc,marking     ] GC(138) Concurrent Scan Root Regions 1.948ms
[84.226s][info][gc,start       ] GC(139) Pause Young (Normal) (G1 Evacuation Pause)
[84.238s][info][gc,marking     ] GC(138) Concurrent Mark
[84.238s][info][gc,marking     ] GC(138) Concurrent Mark From Roots
[84.238s][info][gc,task        ] GC(139) Using 2 workers of 33 for evacuation
[84.238s][info][gc,task        ] GC(138) Using 8 workers of 8 for marking
[84.245s][info][gc,phases      ] GC(139)   Pre Evacuate Collection Set: 0.1ms
[84.245s][info][gc,phases      ] GC(139)   Merge Heap Roots: 0.1ms
[84.245s][info][gc,phases      ] GC(139)   Evacuate Collection Set: 2.3ms
[84.245s][info][gc,phases      ] GC(139)   Post Evacuate Collection Set: 4.1ms
[84.245s][info][gc,phases      ] GC(139)   Other: 0.1ms
[84.245s][info][gc,heap        ] GC(139) Eden regions: 35->0(324)
[84.245s][info][gc,heap        ] GC(139) Survivor regions: 1->1(5)
[84.245s][info][gc,heap        ] GC(139) Old regions: 9->9
[84.245s][info][gc,heap        ] GC(139) Archive regions: 0->0
[84.245s][info][gc,heap        ] GC(139) Humongous regions: 0->0
[84.245s][info][gc,metaspace   ] GC(139) Metaspace: 16635K(17280K)->16635K(17280K) NonClass: 14213K(14592K)->14213K(14592K) Class: 2421K(2688K)->2421K(2688K)
[84.245s][info][gc             ] GC(139) Pause Young (Normal) (G1 Evacuation Pause) 83M->13M(1086M) 18.716ms
[84.245s][info][gc,cpu         ] GC(139) User=0.00s Sys=0.00s Real=0.02s
[84.252s][info][gc,marking     ] GC(138) Concurrent Mark From Roots 14.543ms
[84.253s][info][gc,marking     ] GC(138) Concurrent Preclean
[84.253s][info][gc,marking     ] GC(138) Concurrent Preclean 0.038ms
[84.253s][info][gc,start       ] GC(138) Pause Remark
[84.256s][info][gc             ] GC(138) Pause Remark 36M->36M(148M) 2.829ms
[84.256s][info][gc,cpu         ] GC(138) User=0.00s Sys=0.00s Real=0.00s
[84.257s][info][gc,marking     ] GC(138) Concurrent Mark 18.838ms
[84.257s][info][gc,marking     ] GC(138) Concurrent Rebuild Remembered Sets and Scrub Regions
[84.261s][info][gc,marking     ] GC(138) Concurrent Rebuild Remembered Sets and Scrub Regions 4.296ms
[84.261s][info][gc,start       ] GC(138) Pause Cleanup
[84.261s][info][gc             ] GC(138) Pause Cleanup 43M->43M(148M) 0.086ms
[84.261s][info][gc,cpu         ] GC(138) User=0.00s Sys=0.00s Real=0.00s
[84.263s][info][gc,marking     ] GC(138) Concurrent Clear Claimed Marks
[84.263s][info][gc,marking     ] GC(138) Concurrent Clear Claimed Marks 0.026ms
[84.263s][info][gc,marking     ] GC(138) Concurrent Cleanup for Next Mark
[84.264s][info][gc,marking     ] GC(138) Concurrent Cleanup for Next Mark 0.736ms
[84.264s][info][gc             ] GC(138) Concurrent Mark Cycle 50.039ms
[84.285s][info][gc,start       ] GC(140) Pause Young (Prepare Mixed) (G1 Evacuation Pause)
[84.285s][info][gc,task        ] GC(140) Using 3 workers of 33 for evacuation
[84.287s][info][gc,phases      ] GC(140)   Pre Evacuate Collection Set: 0.1ms
[84.287s][info][gc,phases      ] GC(140)   Merge Heap Roots: 0.1ms
[84.287s][info][gc,phases      ] GC(140)   Evacuate Collection Set: 1.6ms
[84.287s][info][gc,phases      ] GC(140)   Post Evacuate Collection Set: 0.3ms
[84.287s][info][gc,phases      ] GC(140)   Other: 0.1ms
[84.287s][info][gc,heap        ] GC(140) Eden regions: 64->0(44)
[84.287s][info][gc,heap        ] GC(140) Survivor regions: 1->1(41)
[84.287s][info][gc,heap        ] GC(140) Old regions: 9->10
[84.287s][info][gc,heap        ] GC(140) Archive regions: 0->0
[84.287s][info][gc,heap        ] GC(140) Humongous regions: 0->0
[84.287s][info][gc,metaspace   ] GC(140) Metaspace: 16635K(17280K)->16635K(17280K) NonClass: 14213K(14592K)->14213K(14592K) Class: 2421K(2688K)->2421K(2688K)
[84.287s][info][gc             ] GC(140) Pause Young (Prepare Mixed) (G1 Evacuation Pause) 141M->13M(152M) 2.322ms
[84.287s][info][gc,cpu         ] GC(140) User=0.00s Sys=0.00s Real=0.00s
[84.301s][info][gc,start       ] GC(141) Pause Young (Mixed) (G1 Evacuation Pause)
[84.301s][info][gc,task        ] GC(141) Using 3 workers of 33 for evacuation
[84.305s][info][gc,phases      ] GC(141)   Pre Evacuate Collection Set: 0.1ms
[84.305s][info][gc,phases      ] GC(141)   Merge Heap Roots: 0.1ms
[84.305s][info][gc,phases      ] GC(141)   Evacuate Collection Set: 3.2ms
[84.305s][info][gc,phases      ] GC(141)   Post Evacuate Collection Set: 0.3ms
[84.305s][info][gc,phases      ] GC(141)   Other: 0.1ms
[84.305s][info][gc,heap        ] GC(141) Eden regions: 44->0(44)
[84.305s][info][gc,heap        ] GC(141) Survivor regions: 1->1(6)
[84.305s][info][gc,heap        ] GC(141) Old regions: 10->9
[84.305s][info][gc,heap        ] GC(141) Archive regions: 0->0
[84.305s][info][gc,heap        ] GC(141) Humongous regions: 0->0
[84.305s][info][gc,metaspace   ] GC(141) Metaspace: 16635K(17280K)->16635K(17280K) NonClass: 14213K(14592K)->14213K(14592K) Class: 2421K(2688K)->2421K(2688K)
[84.305s][info][gc             ] GC(141) Pause Young (Mixed) (G1 Evacuation Pause) 101M->13M(152M) 3.884ms
[84.305s][info][gc,cpu         ] GC(141) User=0.05s Sys=0.00s Real=0.02s
[84.318s][info][gc,start       ] GC(142) Pause Young (Concurrent Start) (G1 Evacuation Pause)
[84.319s][info][gc,task        ] GC(142) Using 3 workers of 33 for evacuation
[84.321s][info][gc,phases      ] GC(142)   Pre Evacuate Collection Set: 0.2ms
[84.321s][info][gc,phases      ] GC(142)   Merge Heap Roots: 0.0ms
[84.321s][info][gc,phases      ] GC(142)   Evacuate Collection Set: 1.5ms
[84.321s][info][gc,phases      ] GC(142)   Post Evacuate Collection Set: 0.3ms
[84.321s][info][gc,phases      ] GC(142)   Other: 0.1ms
[84.321s][info][gc,heap        ] GC(142) Eden regions: 44->0(44)
[84.321s][info][gc,heap        ] GC(142) Survivor regions: 1->1(6)
[84.321s][info][gc,heap        ] GC(142) Old regions: 9->9
[84.321s][info][gc,heap        ] GC(142) Archive regions: 0->0
[84.321s][info][gc,heap        ] GC(142) Humongous regions: 0->0
[84.321s][info][gc,metaspace   ] GC(142) Metaspace: 16635K(17280K)->16635K(17280K) NonClass: 14213K(14592K)->14213K(14592K) Class: 2421K(2688K)->2421K(2688K)
[84.321s][info][gc             ] GC(142) Pause Young (Concurrent Start) (G1 Evacuation Pause) 101M->13M(152M) 2.329ms
[84.321s][info][gc             ] GC(143) Concurrent Mark Cycle
[84.321s][info][gc,cpu         ] GC(142) User=0.02s Sys=0.00s Real=0.02s
[84.321s][info][gc,marking     ] GC(143) Concurrent Scan Root Regions
[84.323s][info][gc,marking     ] GC(143) Concurrent Scan Root Regions 1.631ms
[84.323s][info][gc,marking     ] GC(143) Concurrent Mark
[84.323s][info][gc,marking     ] GC(143) Concurrent Mark From Roots
[84.323s][info][gc,task        ] GC(143) Using 8 workers of 8 for marking
[84.328s][info][gc,marking     ] GC(143) Concurrent Mark From Roots 5.311ms
[84.328s][info][gc,marking     ] GC(143) Concurrent Preclean
[84.328s][info][gc,marking     ] GC(143) Concurrent Preclean 0.045ms
[84.328s][info][gc,start       ] GC(143) Pause Remark
[84.330s][info][gc             ] GC(143) Pause Remark 56M->56M(152M) 1.659ms
[84.330s][info][gc,cpu         ] GC(143) User=0.00s Sys=0.00s Real=0.00s
[84.330s][info][gc,marking     ] GC(143) Concurrent Mark 7.499ms
[84.330s][info][gc,marking     ] GC(143) Concurrent Rebuild Remembered Sets and Scrub Regions
[84.334s][info][gc,marking     ] GC(143) Concurrent Rebuild Remembered Sets and Scrub Regions 3.650ms
[84.334s][info][gc,start       ] GC(143) Pause Cleanup
[84.334s][info][gc             ] GC(143) Pause Cleanup 81M->81M(152M) 0.080ms
[84.334s][info][gc,cpu         ] GC(143) User=0.00s Sys=0.00s Real=0.00s
[84.334s][info][gc,marking     ] GC(143) Concurrent Clear Claimed Marks
[84.334s][info][gc,marking     ] GC(143) Concurrent Clear Claimed Marks 0.035ms
[84.334s][info][gc,marking     ] GC(143) Concurrent Cleanup for Next Mark
[84.335s][info][gc,marking     ] GC(143) Concurrent Cleanup for Next Mark 0.345ms
[84.335s][info][gc             ] GC(143) Concurrent Mark Cycle 13.951ms
[84.337s][info][gc,start       ] GC(144) Pause Young (Prepare Mixed) (G1 Evacuation Pause)
[84.337s][info][gc,task        ] GC(144) Using 3 workers of 33 for evacuation
[84.339s][info][gc,phases      ] GC(144)   Pre Evacuate Collection Set: 0.1ms
[84.339s][info][gc,phases      ] GC(144)   Merge Heap Roots: 0.1ms
[84.339s][info][gc,phases      ] GC(144)   Evacuate Collection Set: 1.3ms
[84.339s][info][gc,phases      ] GC(144)   Post Evacuate Collection Set: 0.3ms
[84.339s][info][gc,phases      ] GC(144)   Other: 0.1ms
[84.339s][info][gc,heap        ] GC(144) Eden regions: 44->0(44)
[84.339s][info][gc,heap        ] GC(144) Survivor regions: 1->1(6)
[84.339s][info][gc,heap        ] GC(144) Old regions: 9->9
[84.339s][info][gc,heap        ] GC(144) Archive regions: 0->0
[84.339s][info][gc,heap        ] GC(144) Humongous regions: 0->0
[84.339s][info][gc,metaspace   ] GC(144) Metaspace: 16635K(17280K)->16635K(17280K) NonClass: 14213K(14592K)->14213K(14592K) Class: 2421K(2688K)->2421K(2688K)
[84.339s][info][gc             ] GC(144) Pause Young (Prepare Mixed) (G1 Evacuation Pause) 101M->13M(152M) 1.993ms
[84.339s][info][gc,cpu         ] GC(144) User=0.00s Sys=0.00s Real=0.00s
[84.381s][info][gc,start       ] GC(145) Pause Young (Mixed) (G1 Evacuation Pause)
[84.381s][info][gc,task        ] GC(145) Using 3 workers of 33 for evacuation
[84.422s][info][gc,phases      ] GC(145)   Pre Evacuate Collection Set: 0.1ms
[84.422s][info][gc,phases      ] GC(145)   Merge Heap Roots: 0.1ms
[84.422s][info][gc,phases      ] GC(145)   Evacuate Collection Set: 33.3ms
[84.422s][info][gc,phases      ] GC(145)   Post Evacuate Collection Set: 7.7ms
[84.422s][info][gc,phases      ] GC(145)   Other: 0.1ms
[84.423s][info][gc,heap        ] GC(145) Eden regions: 44->0(324)
[84.423s][info][gc,heap        ] GC(145) Survivor regions: 1->6(6)
[84.423s][info][gc,heap        ] GC(145) Old regions: 9->15
[84.423s][info][gc,heap        ] GC(145) Archive regions: 0->0
[84.423s][info][gc,heap        ] GC(145) Humongous regions: 0->0
[84.423s][info][gc,metaspace   ] GC(145) Metaspace: 16635K(17280K)->16635K(17280K) NonClass: 14213K(14592K)->14213K(14592K) Class: 2421K(2688K)->2421K(2688K)
[84.423s][info][gc             ] GC(145) Pause Young (Mixed) (G1 Evacuation Pause) 101M->36M(1100M) 41.877ms
[84.423s][info][gc,cpu         ] GC(145) User=0.09s Sys=0.02s Real=0.05s
[85.245s][info][gc,start       ] GC(146) Pause Young (Concurrent Start) (G1 Evacuation Pause)
[85.245s][info][gc,task        ] GC(146) Using 26 workers of 33 for evacuation
[85.376s][info][gc,phases      ] GC(146)   Pre Evacuate Collection Set: 0.5ms
[85.376s][info][gc,phases      ] GC(146)   Merge Heap Roots: 0.3ms
[85.376s][info][gc,phases      ] GC(146)   Evacuate Collection Set: 129.0ms
[85.376s][info][gc,phases      ] GC(146)   Post Evacuate Collection Set: 1.0ms
[85.376s][info][gc,phases      ] GC(146)   Other: 0.1ms
[85.376s][info][gc,heap        ] GC(146) Eden regions: 324->0(186)
[85.376s][info][gc,heap        ] GC(146) Survivor regions: 6->42(42)
[85.376s][info][gc,heap        ] GC(146) Old regions: 15->191
[85.376s][info][gc,heap        ] GC(146) Archive regions: 0->0
[85.376s][info][gc,heap        ] GC(146) Humongous regions: 0->0
[85.376s][info][gc,metaspace   ] GC(146) Metaspace: 16635K(17280K)->16635K(17280K) NonClass: 14213K(14592K)->14213K(14592K) Class: 2421K(2688K)->2421K(2688K)
[85.376s][info][gc             ] GC(146) Pause Young (Concurrent Start) (G1 Evacuation Pause) 684M->462M(1126M) 131.162ms
[85.377s][info][gc             ] GC(147) Concurrent Mark Cycle
[85.377s][info][gc,cpu         ] GC(146) User=1.95s Sys=1.36s Real=0.14s
[85.377s][info][gc,marking     ] GC(147) Concurrent Scan Root Regions
[85.414s][info][gc,marking     ] GC(147) Concurrent Scan Root Regions 37.869ms
[85.414s][info][gc,marking     ] GC(147) Concurrent Mark
[85.414s][info][gc,marking     ] GC(147) Concurrent Mark From Roots
[85.415s][info][gc,task        ] GC(147) Using 8 workers of 8 for marking
[85.423s][info][gc,marking     ] GC(147) Concurrent Mark From Roots 8.281ms
[85.423s][info][gc,marking     ] GC(147) Concurrent Preclean
[85.423s][info][gc,marking     ] GC(147) Concurrent Preclean 0.056ms
[85.423s][info][gc,start       ] GC(147) Pause Remark
[85.424s][info][gc             ] GC(147) Pause Remark 476M->476M(1126M) 1.043ms
[85.424s][info][gc,cpu         ] GC(147) User=0.00s Sys=0.00s Real=0.00s
[85.424s][info][gc,marking     ] GC(147) Concurrent Mark 9.629ms
[85.424s][info][gc,marking     ] GC(147) Concurrent Rebuild Remembered Sets and Scrub Regions
[85.567s][info][gc,marking     ] GC(147) Concurrent Rebuild Remembered Sets and Scrub Regions 142.990ms
[85.567s][info][gc,start       ] GC(147) Pause Cleanup
[85.568s][info][gc             ] GC(147) Pause Cleanup 514M->514M(1126M) 0.204ms
[85.568s][info][gc,cpu         ] GC(147) User=0.00s Sys=0.00s Real=0.00s
[85.568s][info][gc,marking     ] GC(147) Concurrent Clear Claimed Marks
[85.568s][info][gc,marking     ] GC(147) Concurrent Clear Claimed Marks 0.025ms
[85.568s][info][gc,marking     ] GC(147) Concurrent Cleanup for Next Mark
[85.569s][info][gc,marking     ] GC(147) Concurrent Cleanup for Next Mark 1.053ms
[85.569s][info][gc             ] GC(147) Concurrent Mark Cycle 192.170ms
[92.107s][info][gc,start       ] GC(148) Pause Young (Prepare Mixed) (G1 Evacuation Pause)
[92.107s][info][gc,task        ] GC(148) Using 27 workers of 33 for evacuation
[92.160s][info][gc,phases      ] GC(148)   Pre Evacuate Collection Set: 0.2ms
[92.160s][info][gc,phases      ] GC(148)   Merge Heap Roots: 2.1ms
[92.160s][info][gc,phases      ] GC(148)   Evacuate Collection Set: 49.8ms
[92.160s][info][gc,phases      ] GC(148)   Post Evacuate Collection Set: 0.9ms
[92.160s][info][gc,phases      ] GC(148)   Other: 0.2ms
[92.160s][info][gc,heap        ] GC(148) Eden regions: 177->0(161)
[92.160s][info][gc,heap        ] GC(148) Survivor regions: 42->28(28)
[92.160s][info][gc,heap        ] GC(148) Old regions: 191->235
[92.160s][info][gc,heap        ] GC(148) Archive regions: 0->0
[92.160s][info][gc,heap        ] GC(148) Humongous regions: 0->0
[92.160s][info][gc,metaspace   ] GC(148) Metaspace: 16635K(17280K)->16635K(17280K) NonClass: 14213K(14592K)->14213K(14592K) Class: 2421K(2688K)->2421K(2688K)
[92.160s][info][gc             ] GC(148) Pause Young (Prepare Mixed) (G1 Evacuation Pause) 816M->521M(1126M) 53.480ms
[92.160s][info][gc,cpu         ] GC(148) User=1.27s Sys=0.00s Real=0.05s
[92.449s][info][gc,start       ] GC(149) Pause Young (Mixed) (G1 Evacuation Pause)
[92.449s][info][gc,task        ] GC(149) Using 27 workers of 33 for evacuation
[92.502s][info][gc,phases      ] GC(149)   Pre Evacuate Collection Set: 0.2ms
[92.502s][info][gc,phases      ] GC(149)   Merge Heap Roots: 1.3ms
[92.502s][info][gc,phases      ] GC(149)   Evacuate Collection Set: 50.9ms
[92.502s][info][gc,phases      ] GC(149)   Post Evacuate Collection Set: 0.5ms
[92.502s][info][gc,phases      ] GC(149)   Other: 0.1ms
[92.502s][info][gc,heap        ] GC(149) Eden regions: 161->0(116)
[92.502s][info][gc,heap        ] GC(149) Survivor regions: 28->24(24)
[92.502s][info][gc,heap        ] GC(149) Old regions: 235->311
[92.502s][info][gc,heap        ] GC(149) Archive regions: 0->0
[92.502s][info][gc,heap        ] GC(149) Humongous regions: 0->0
[92.502s][info][gc,metaspace   ] GC(149) Metaspace: 16635K(17280K)->16635K(17280K) NonClass: 14213K(14592K)->14213K(14592K) Class: 2421K(2688K)->2421K(2688K)
[92.502s][info][gc             ] GC(149) Pause Young (Mixed) (G1 Evacuation Pause) 843M->667M(1126M) 53.287ms
[92.503s][info][gc,cpu         ] GC(149) User=1.27s Sys=0.00s Real=0.05s
[92.718s][info][gc,start       ] GC(150) Pause Young (Concurrent Start) (G1 Evacuation Pause)
[92.718s][info][gc,task        ] GC(150) Using 27 workers of 33 for evacuation
[92.758s][info][gc,phases      ] GC(150)   Pre Evacuate Collection Set: 0.4ms
[92.758s][info][gc,phases      ] GC(150)   Merge Heap Roots: 0.3ms
[92.758s][info][gc,phases      ] GC(150)   Evacuate Collection Set: 39.0ms
[92.758s][info][gc,phases      ] GC(150)   Post Evacuate Collection Set: 0.4ms
[92.758s][info][gc,phases      ] GC(150)   Other: 0.1ms
[92.758s][info][gc,heap        ] GC(150) Eden regions: 116->0(85)
[92.758s][info][gc,heap        ] GC(150) Survivor regions: 24->18(18)
[92.758s][info][gc,heap        ] GC(150) Old regions: 311->373
[92.758s][info][gc,heap        ] GC(150) Archive regions: 0->0
[92.758s][info][gc,heap        ] GC(150) Humongous regions: 0->0
[92.758s][info][gc,metaspace   ] GC(150) Metaspace: 16635K(17280K)->16635K(17280K) NonClass: 14213K(14592K)->14213K(14592K) Class: 2421K(2688K)->2421K(2688K)
[92.758s][info][gc             ] GC(150) Pause Young (Concurrent Start) (G1 Evacuation Pause) 899M->778M(1126M) 40.552ms
[92.758s][info][gc             ] GC(151) Concurrent Mark Cycle
[92.758s][info][gc,cpu         ] GC(150) User=1.27s Sys=0.00s Real=0.05s
[92.758s][info][gc,marking     ] GC(151) Concurrent Scan Root Regions
[92.772s][info][gc,marking     ] GC(151) Concurrent Scan Root Regions 14.006ms
[92.772s][info][gc,marking     ] GC(151) Concurrent Mark
[92.772s][info][gc,marking     ] GC(151) Concurrent Mark From Roots
[92.772s][info][gc,task        ] GC(151) Using 8 workers of 8 for marking
[92.835s][info][gc,marking     ] GC(151) Concurrent Mark From Roots 62.556ms
[92.835s][info][gc,marking     ] GC(151) Concurrent Preclean
[92.835s][info][gc,marking     ] GC(151) Concurrent Preclean 0.102ms
[92.835s][info][gc,start       ] GC(151) Pause Remark
[92.837s][info][gc             ] GC(151) Pause Remark 852M->492M(1126M) 1.813ms
[92.837s][info][gc,cpu         ] GC(151) User=0.00s Sys=0.00s Real=0.00s
[92.837s][info][gc,marking     ] GC(151) Concurrent Mark 64.853ms
[92.837s][info][gc,marking     ] GC(151) Concurrent Rebuild Remembered Sets and Scrub Regions
[92.996s][info][gc,start       ] GC(152) Pause Young (Normal) (G1 Evacuation Pause)
[92.996s][info][gc,task        ] GC(152) Using 27 workers of 33 for evacuation
[93.030s][info][gc,phases      ] GC(152)   Pre Evacuate Collection Set: 0.1ms
[93.030s][info][gc,phases      ] GC(152)   Merge Heap Roots: 1.4ms
[93.030s][info][gc,phases      ] GC(152)   Evacuate Collection Set: 31.4ms
[93.030s][info][gc,phases      ] GC(152)   Post Evacuate Collection Set: 1.2ms
[93.030s][info][gc,phases      ] GC(152)   Other: 0.1ms
[93.030s][info][gc,heap        ] GC(152) Eden regions: 85->0(153)
[93.030s][info][gc,heap        ] GC(152) Survivor regions: 18->13(13)
[93.030s][info][gc,heap        ] GC(152) Old regions: 193->241
[93.030s][info][gc,heap        ] GC(152) Archive regions: 0->0
[93.030s][info][gc,heap        ] GC(152) Humongous regions: 2->2
[93.030s][info][gc,metaspace   ] GC(152) Metaspace: 16635K(17280K)->16635K(17280K) NonClass: 14213K(14592K)->14213K(14592K) Class: 2421K(2688K)->2421K(2688K)
[93.030s][info][gc             ] GC(152) Pause Young (Normal) (G1 Evacuation Pause) 592M->509M(1126M) 34.498ms
[93.030s][info][gc,cpu         ] GC(152) User=0.84s Sys=0.00s Real=0.03s
[93.032s][info][gc,marking     ] GC(151) Concurrent Rebuild Remembered Sets and Scrub Regions 194.598ms
[93.032s][info][gc,start       ] GC(151) Pause Cleanup
[93.032s][info][gc             ] GC(151) Pause Cleanup 510M->510M(1126M) 0.243ms
[93.032s][info][gc,cpu         ] GC(151) User=0.00s Sys=0.00s Real=0.00s
[93.032s][info][gc,marking     ] GC(151) Concurrent Clear Claimed Marks
[93.032s][info][gc,marking     ] GC(151) Concurrent Clear Claimed Marks 0.041ms
[93.032s][info][gc,marking     ] GC(151) Concurrent Cleanup for Next Mark
[93.033s][info][gc,marking     ] GC(151) Concurrent Cleanup for Next Mark 0.766ms
[93.033s][info][gc             ] GC(151) Concurrent Mark Cycle 274.823ms
[93.932s][info][gc,start       ] GC(153) Pause Young (Prepare Mixed) (G1 Evacuation Pause)
[93.933s][info][gc,task        ] GC(153) Using 27 workers of 33 for evacuation
[93.973s][info][gc,phases      ] GC(153)   Pre Evacuate Collection Set: 0.2ms
[93.973s][info][gc,phases      ] GC(153)   Merge Heap Roots: 3.6ms
[93.973s][info][gc,phases      ] GC(153)   Evacuate Collection Set: 35.6ms
[93.973s][info][gc,phases      ] GC(153)   Post Evacuate Collection Set: 1.0ms
[93.973s][info][gc,phases      ] GC(153)   Other: 0.1ms
[93.973s][info][gc,heap        ] GC(153) Eden regions: 153->0(156)
[93.973s][info][gc,heap        ] GC(153) Survivor regions: 13->16(21)
[93.973s][info][gc,heap        ] GC(153) Old regions: 241->253
[93.973s][info][gc,heap        ] GC(153) Archive regions: 0->0
[93.973s][info][gc,heap        ] GC(153) Humongous regions: 4->4
[93.973s][info][gc,metaspace   ] GC(153) Metaspace: 16635K(17280K)->16635K(17280K) NonClass: 14213K(14592K)->14213K(14592K) Class: 2421K(2688K)->2421K(2688K)
[93.973s][info][gc             ] GC(153) Pause Young (Prepare Mixed) (G1 Evacuation Pause) 819M->541M(1126M) 40.911ms
[93.973s][info][gc,cpu         ] GC(153) User=1.27s Sys=0.00s Real=0.05s
[95.590s][info][gc,start       ] GC(154) Pause Young (Mixed) (G1 Evacuation Pause)
[95.590s][info][gc,task        ] GC(154) Using 27 workers of 33 for evacuation
[95.618s][info][gc,phases      ] GC(154)   Pre Evacuate Collection Set: 0.2ms
[95.618s][info][gc,phases      ] GC(154)   Merge Heap Roots: 1.8ms
[95.618s][info][gc,phases      ] GC(154)   Evacuate Collection Set: 20.5ms
[95.618s][info][gc,phases      ] GC(154)   Post Evacuate Collection Set: 4.5ms
[95.618s][info][gc,phases      ] GC(154)   Other: 0.2ms
[95.618s][info][gc,heap        ] GC(154) Eden regions: 156->0(421)
[95.618s][info][gc,heap        ] GC(154) Survivor regions: 16->3(22)
[95.618s][info][gc,heap        ] GC(154) Old regions: 253->251
[95.618s][info][gc,heap        ] GC(154) Archive regions: 0->0
[95.618s][info][gc,heap        ] GC(154) Humongous regions: 4->4
[95.618s][info][gc,metaspace   ] GC(154) Metaspace: 16635K(17280K)->16635K(17280K) NonClass: 14213K(14592K)->14213K(14592K) Class: 2421K(2688K)->2421K(2688K)
[95.618s][info][gc             ] GC(154) Pause Young (Mixed) (G1 Evacuation Pause) 853M->511M(1882M) 27.483ms
[95.618s][info][gc,cpu         ] GC(154) User=0.42s Sys=0.02s Real=0.03s
[96.166s][info][gc,start       ] GC(155) Pause Full (System.gc())
[96.166s][info][gc,task        ] GC(155) Using 33 workers of 33 for full compaction
[96.167s][info][gc,phases,start] GC(155) Phase 1: Mark live objects
[96.181s][info][gc,phases      ] GC(155) Phase 1: Mark live objects 13.833ms
[96.181s][info][gc,phases,start] GC(155) Phase 2: Prepare compaction
[96.183s][info][gc,phases      ] GC(155) Phase 2: Prepare compaction 2.172ms
[96.183s][info][gc,phases,start] GC(155) Phase 3: Adjust pointers
[96.186s][info][gc,phases      ] GC(155) Phase 3: Adjust pointers 2.360ms
[96.186s][info][gc,phases,start] GC(155) Phase 4: Compact heap
[96.188s][info][gc,phases      ] GC(155) Phase 4: Compact heap 2.052ms
[96.199s][info][gc,heap        ] GC(155) Eden regions: 15->0(30)
[96.199s][info][gc,heap        ] GC(155) Survivor regions: 3->0(22)
[96.199s][info][gc,heap        ] GC(155) Old regions: 251->23
[96.199s][info][gc,heap        ] GC(155) Archive regions: 0->0
[96.199s][info][gc,heap        ] GC(155) Humongous regions: 4->0
[96.199s][info][gc,metaspace   ] GC(155) Metaspace: 16635K(17280K)->16635K(17280K) NonClass: 14213K(14592K)->14213K(14592K) Class: 2421K(2688K)->2421K(2688K)
[96.199s][info][gc             ] GC(155) Pause Full (System.gc()) 541M->12M(154M) 33.743ms
[96.200s][info][gc,cpu         ] GC(155) User=0.59s Sys=0.00s Real=0.03s
[97.358s][info][gc,start       ] GC(156) Pause Young (Concurrent Start) (G1 Evacuation Pause)
[97.358s][info][gc,task        ] GC(156) Using 18 workers of 33 for evacuation
[97.428s][info][gc,phases      ] GC(156)   Pre Evacuate Collection Set: 0.2ms
[97.428s][info][gc,phases      ] GC(156)   Merge Heap Roots: 0.1ms
[97.429s][info][gc,phases      ] GC(156)   Evacuate Collection Set: 68.9ms
[97.429s][info][gc,phases      ] GC(156)   Post Evacuate Collection Set: 0.9ms
[97.429s][info][gc,phases      ] GC(156)   Other: 0.1ms
[97.429s][info][gc,heap        ] GC(156) Eden regions: 30->0(20)
[97.429s][info][gc,heap        ] GC(156) Survivor regions: 0->4(4)
[97.429s][info][gc,heap        ] GC(156) Old regions: 23->31
[97.429s][info][gc,heap        ] GC(156) Archive regions: 0->0
[97.429s][info][gc,heap        ] GC(156) Humongous regions: 0->0
[97.429s][info][gc,metaspace   ] GC(156) Metaspace: 16638K(17280K)->16638K(17280K) NonClass: 14216K(14592K)->14216K(14592K) Class: 2421K(2688K)->2421K(2688K)
[97.429s][info][gc             ] GC(156) Pause Young (Concurrent Start) (G1 Evacuation Pause) 72M->35M(154M) 70.590ms
[97.429s][info][gc             ] GC(157) Concurrent Mark Cycle
[97.429s][info][gc,cpu         ] GC(156) User=1.13s Sys=0.00s Real=0.06s
[97.429s][info][gc,marking     ] GC(157) Concurrent Scan Root Regions
[97.434s][info][gc,marking     ] GC(157) Concurrent Scan Root Regions 5.471ms
[97.434s][info][gc,marking     ] GC(157) Concurrent Mark
[97.434s][info][gc,marking     ] GC(157) Concurrent Mark From Roots
[97.434s][info][gc,task        ] GC(157) Using 8 workers of 8 for marking
[97.439s][info][gc,marking     ] GC(157) Concurrent Mark From Roots 4.522ms
[97.439s][info][gc,marking     ] GC(157) Concurrent Preclean
[97.439s][info][gc,marking     ] GC(157) Concurrent Preclean 0.035ms
[97.439s][info][gc,start       ] GC(157) Pause Remark
[97.440s][info][gc             ] GC(157) Pause Remark 35M->35M(154M) 0.873ms
[97.440s][info][gc,cpu         ] GC(157) User=0.00s Sys=0.00s Real=0.00s
[97.440s][info][gc,marking     ] GC(157) Concurrent Mark 5.597ms
[97.440s][info][gc,marking     ] GC(157) Concurrent Rebuild Remembered Sets and Scrub Regions
[97.452s][info][gc,marking     ] GC(157) Concurrent Rebuild Remembered Sets and Scrub Regions 11.846ms
[97.452s][info][gc,start       ] GC(157) Pause Cleanup
[97.452s][info][gc             ] GC(157) Pause Cleanup 36M->36M(154M) 0.100ms
[97.452s][info][gc,cpu         ] GC(157) User=0.00s Sys=0.00s Real=0.00s
[97.452s][info][gc,marking     ] GC(157) Concurrent Clear Claimed Marks
[97.452s][info][gc,marking     ] GC(157) Concurrent Clear Claimed Marks 0.020ms
[97.452s][info][gc,marking     ] GC(157) Concurrent Cleanup for Next Mark
[97.452s][info][gc,marking     ] GC(157) Concurrent Cleanup for Next Mark 0.172ms
[97.452s][info][gc             ] GC(157) Concurrent Mark Cycle 23.459ms
[98.046s][info][gc,start       ] GC(158) Pause Young (Prepare Mixed) (G1 Evacuation Pause)
[98.047s][info][gc,task        ] GC(158) Using 10 workers of 33 for evacuation
[98.079s][info][gc,phases      ] GC(158)   Pre Evacuate Collection Set: 0.2ms
[98.079s][info][gc,phases      ] GC(158)   Merge Heap Roots: 3.8ms
[98.079s][info][gc,phases      ] GC(158)   Evacuate Collection Set: 27.7ms
[98.079s][info][gc,phases      ] GC(158)   Post Evacuate Collection Set: 0.4ms
[98.079s][info][gc,phases      ] GC(158)   Other: 0.1ms
[98.079s][info][gc,heap        ] GC(158) Eden regions: 20->0(16)
[98.079s][info][gc,heap        ] GC(158) Survivor regions: 4->3(3)
[98.079s][info][gc,heap        ] GC(158) Old regions: 31->39
[98.079s][info][gc,heap        ] GC(158) Archive regions: 0->0
[98.079s][info][gc,heap        ] GC(158) Humongous regions: 0->0
[98.079s][info][gc,metaspace   ] GC(158) Metaspace: 16638K(17280K)->16638K(17280K) NonClass: 14216K(14592K)->14216K(14592K) Class: 2421K(2688K)->2421K(2688K)
[98.079s][info][gc             ] GC(158) Pause Young (Prepare Mixed) (G1 Evacuation Pause) 75M->49M(154M) 32.623ms
[98.079s][info][gc,cpu         ] GC(158) User=0.31s Sys=0.00s Real=0.03s
[98.085s][info][gc,start       ] GC(159) Pause Young (Mixed) (G1 Evacuation Pause)
[98.085s][info][gc,task        ] GC(159) Using 6 workers of 33 for evacuation
[98.087s][info][gc,phases      ] GC(159)   Pre Evacuate Collection Set: 0.1ms
[98.087s][info][gc,phases      ] GC(159)   Merge Heap Roots: 0.1ms
[98.087s][info][gc,phases      ] GC(159)   Evacuate Collection Set: 2.0ms
[98.087s][info][gc,phases      ] GC(159)   Post Evacuate Collection Set: 0.4ms
[98.087s][info][gc,phases      ] GC(159)   Other: 0.1ms
[98.087s][info][gc,heap        ] GC(159) Eden regions: 16->0(20)
[98.087s][info][gc,heap        ] GC(159) Survivor regions: 3->1(3)
[98.087s][info][gc,heap        ] GC(159) Old regions: 39->34
[98.087s][info][gc,heap        ] GC(159) Archive regions: 0->0
[98.088s][info][gc,heap        ] GC(159) Humongous regions: 0->0
[98.088s][info][gc,metaspace   ] GC(159) Metaspace: 16638K(17280K)->16638K(17280K) NonClass: 14216K(14592K)->14216K(14592K) Class: 2421K(2688K)->2421K(2688K)
[98.088s][info][gc             ] GC(159) Pause Young (Mixed) (G1 Evacuation Pause) 81M->51M(154M) 3.023ms
[98.088s][info][gc,cpu         ] GC(159) User=0.00s Sys=0.00s Real=0.00s
[98.095s][info][gc,start       ] GC(160) Pause Young (Mixed) (G1 Evacuation Pause)
[98.095s][info][gc,task        ] GC(160) Using 4 workers of 33 for evacuation
[98.097s][info][gc,phases      ] GC(160)   Pre Evacuate Collection Set: 0.1ms
[98.097s][info][gc,phases      ] GC(160)   Merge Heap Roots: 0.1ms
[98.097s][info][gc,phases      ] GC(160)   Evacuate Collection Set: 1.5ms
[98.097s][info][gc,phases      ] GC(160)   Post Evacuate Collection Set: 0.3ms
[98.097s][info][gc,phases      ] GC(160)   Other: 0.1ms
[98.097s][info][gc,heap        ] GC(160) Eden regions: 20->0(24)
[98.097s][info][gc,heap        ] GC(160) Survivor regions: 1->1(3)
[98.097s][info][gc,heap        ] GC(160) Old regions: 34->29
[98.097s][info][gc,heap        ] GC(160) Archive regions: 0->0
[98.097s][info][gc,heap        ] GC(160) Humongous regions: 0->0
[98.097s][info][gc,metaspace   ] GC(160) Metaspace: 16638K(17280K)->16638K(17280K) NonClass: 14216K(14592K)->14216K(14592K) Class: 2421K(2688K)->2421K(2688K)
[98.097s][info][gc             ] GC(160) Pause Young (Mixed) (G1 Evacuation Pause) 91M->51M(154M) 2.296ms
[98.097s][info][gc,cpu         ] GC(160) User=0.02s Sys=0.00s Real=0.02s
[98.105s][info][gc,start       ] GC(161) Pause Young (Concurrent Start) (G1 Evacuation Pause)
[98.105s][info][gc,task        ] GC(161) Using 3 workers of 33 for evacuation
[98.111s][info][gc,phases      ] GC(161)   Pre Evacuate Collection Set: 0.2ms
[98.111s][info][gc,phases      ] GC(161)   Merge Heap Roots: 0.1ms
[98.111s][info][gc,phases      ] GC(161)   Evacuate Collection Set: 1.5ms
[98.111s][info][gc,phases      ] GC(161)   Post Evacuate Collection Set: 3.9ms
[98.111s][info][gc,phases      ] GC(161)   Other: 0.1ms
[98.111s][info][gc,heap        ] GC(161) Eden regions: 24->0(122)
[98.111s][info][gc,heap        ] GC(161) Survivor regions: 1->1(4)
[98.111s][info][gc,heap        ] GC(161) Old regions: 29->29
[98.111s][info][gc,heap        ] GC(161) Archive regions: 0->0
[98.111s][info][gc,heap        ] GC(161) Humongous regions: 0->0
[98.111s][info][gc,metaspace   ] GC(161) Metaspace: 16638K(17280K)->16638K(17280K) NonClass: 14216K(14592K)->14216K(14592K) Class: 2421K(2688K)->2421K(2688K)
[98.111s][info][gc             ] GC(161) Pause Young (Concurrent Start) (G1 Evacuation Pause) 99M->51M(1102M) 5.983ms
[98.111s][info][gc             ] GC(162) Concurrent Mark Cycle
[98.111s][info][gc,cpu         ] GC(161) User=0.02s Sys=0.00s Real=0.02s
[98.111s][info][gc,marking     ] GC(162) Concurrent Scan Root Regions
[98.112s][info][gc,marking     ] GC(162) Concurrent Scan Root Regions 1.325ms
[98.112s][info][gc,marking     ] GC(162) Concurrent Mark
[98.112s][info][gc,marking     ] GC(162) Concurrent Mark From Roots
[98.112s][info][gc,task        ] GC(162) Using 8 workers of 8 for marking
[98.119s][info][gc,marking     ] GC(162) Concurrent Mark From Roots 7.003ms
[98.119s][info][gc,marking     ] GC(162) Concurrent Preclean
[98.119s][info][gc,marking     ] GC(162) Concurrent Preclean 0.049ms
[98.120s][info][gc,start       ] GC(162) Pause Remark
[98.121s][info][gc             ] GC(162) Pause Remark 62M->36M(154M) 1.874ms
[98.122s][info][gc,cpu         ] GC(162) User=0.00s Sys=0.00s Real=0.00s
[98.123s][info][gc,marking     ] GC(162) Concurrent Mark 10.477ms
[98.123s][info][gc,marking     ] GC(162) Concurrent Rebuild Remembered Sets and Scrub Regions
[98.125s][info][gc,marking     ] GC(162) Concurrent Rebuild Remembered Sets and Scrub Regions 2.405ms
[98.125s][info][gc,start       ] GC(162) Pause Cleanup
[98.125s][info][gc             ] GC(162) Pause Cleanup 51M->51M(154M) 0.083ms
[98.125s][info][gc,cpu         ] GC(162) User=0.00s Sys=0.00s Real=0.00s
[98.126s][info][gc,marking     ] GC(162) Concurrent Clear Claimed Marks
[98.126s][info][gc,marking     ] GC(162) Concurrent Clear Claimed Marks 0.047ms
[98.126s][info][gc,marking     ] GC(162) Concurrent Cleanup for Next Mark
[98.126s][info][gc,marking     ] GC(162) Concurrent Cleanup for Next Mark 0.313ms
[98.126s][info][gc             ] GC(162) Concurrent Mark Cycle 15.061ms
[98.141s][info][gc,start       ] GC(163) Pause Young (Prepare Mixed) (G1 Evacuation Pause)
[98.141s][info][gc,task        ] GC(163) Using 3 workers of 33 for evacuation
[98.144s][info][gc,phases      ] GC(163)   Pre Evacuate Collection Set: 0.1ms
[98.144s][info][gc,phases      ] GC(163)   Merge Heap Roots: 0.1ms
[98.144s][info][gc,phases      ] GC(163)   Evacuate Collection Set: 1.6ms
[98.144s][info][gc,phases      ] GC(163)   Post Evacuate Collection Set: 0.3ms
[98.144s][info][gc,phases      ] GC(163)   Other: 0.1ms
[98.144s][info][gc,heap        ] GC(163) Eden regions: 60->0(36)
[98.144s][info][gc,heap        ] GC(163) Survivor regions: 1->1(17)
[98.144s][info][gc,heap        ] GC(163) Old regions: 16->16
[98.144s][info][gc,heap        ] GC(163) Archive regions: 0->0
[98.144s][info][gc,heap        ] GC(163) Humongous regions: 0->0
[98.144s][info][gc,metaspace   ] GC(163) Metaspace: 16638K(17280K)->16638K(17280K) NonClass: 14216K(14592K)->14216K(14592K) Class: 2421K(2688K)->2421K(2688K)
[98.144s][info][gc             ] GC(163) Pause Young (Prepare Mixed) (G1 Evacuation Pause) 145M->25M(156M) 2.311ms
[98.144s][info][gc,cpu         ] GC(163) User=0.05s Sys=0.00s Real=0.02s
[98.155s][info][gc,start       ] GC(164) Pause Young (Mixed) (G1 Evacuation Pause)
[98.155s][info][gc,task        ] GC(164) Using 3 workers of 33 for evacuation
[98.158s][info][gc,phases      ] GC(164)   Pre Evacuate Collection Set: 0.1ms
[98.158s][info][gc,phases      ] GC(164)   Merge Heap Roots: 0.1ms
[98.158s][info][gc,phases      ] GC(164)   Evacuate Collection Set: 2.4ms
[98.158s][info][gc,phases      ] GC(164)   Post Evacuate Collection Set: 0.3ms
[98.158s][info][gc,phases      ] GC(164)   Other: 0.1ms
[98.158s][info][gc,heap        ] GC(164) Eden regions: 36->0(42)
[98.158s][info][gc,heap        ] GC(164) Survivor regions: 1->1(5)
[98.158s][info][gc,heap        ] GC(164) Old regions: 16->10
[98.158s][info][gc,heap        ] GC(164) Archive regions: 0->0
[98.158s][info][gc,heap        ] GC(164) Humongous regions: 0->0
[98.158s][info][gc,metaspace   ] GC(164) Metaspace: 16638K(17280K)->16638K(17280K) NonClass: 14216K(14592K)->14216K(14592K) Class: 2421K(2688K)->2421K(2688K)
[98.158s][info][gc             ] GC(164) Pause Young (Mixed) (G1 Evacuation Pause) 97M->15M(156M) 3.014ms
[98.158s][info][gc,cpu         ] GC(164) User=0.00s Sys=0.00s Real=0.00s
[98.172s][info][gc,start       ] GC(165) Pause Young (Concurrent Start) (G1 Evacuation Pause)
[98.172s][info][gc,task        ] GC(165) Using 3 workers of 33 for evacuation
[98.174s][info][gc,phases      ] GC(165)   Pre Evacuate Collection Set: 0.2ms
[98.174s][info][gc,phases      ] GC(165)   Merge Heap Roots: 0.0ms
[98.174s][info][gc,phases      ] GC(165)   Evacuate Collection Set: 1.6ms
[98.174s][info][gc,phases      ] GC(165)   Post Evacuate Collection Set: 0.3ms
[98.174s][info][gc,phases      ] GC(165)   Other: 0.1ms
[98.174s][info][gc,heap        ] GC(165) Eden regions: 42->0(45)
[98.174s][info][gc,heap        ] GC(165) Survivor regions: 1->1(6)
[98.174s][info][gc,heap        ] GC(165) Old regions: 10->10
[98.174s][info][gc,heap        ] GC(165) Archive regions: 0->0
[98.174s][info][gc,heap        ] GC(165) Humongous regions: 0->0
[98.174s][info][gc,metaspace   ] GC(165) Metaspace: 16638K(17280K)->16638K(17280K) NonClass: 14216K(14592K)->14216K(14592K) Class: 2421K(2688K)->2421K(2688K)
[98.174s][info][gc             ] GC(165) Pause Young (Concurrent Start) (G1 Evacuation Pause) 99M->15M(156M) 2.426ms
[98.174s][info][gc             ] GC(166) Concurrent Mark Cycle
[98.174s][info][gc,cpu         ] GC(165) User=0.02s Sys=0.00s Real=0.02s
[98.174s][info][gc,marking     ] GC(166) Concurrent Scan Root Regions
[98.176s][info][gc,marking     ] GC(166) Concurrent Scan Root Regions 1.701ms
[98.176s][info][gc,marking     ] GC(166) Concurrent Mark
[98.176s][info][gc,marking     ] GC(166) Concurrent Mark From Roots
[98.176s][info][gc,task        ] GC(166) Using 8 workers of 8 for marking
[98.182s][info][gc,marking     ] GC(166) Concurrent Mark From Roots 5.872ms
[98.182s][info][gc,marking     ] GC(166) Concurrent Preclean
[98.182s][info][gc,marking     ] GC(166) Concurrent Preclean 0.045ms
[98.182s][info][gc,start       ] GC(166) Pause Remark
[98.184s][info][gc             ] GC(166) Pause Remark 63M->63M(156M) 1.759ms
[98.184s][info][gc,cpu         ] GC(166) User=0.00s Sys=0.00s Real=0.00s
[98.184s][info][gc,marking     ] GC(166) Concurrent Mark 8.035ms
[98.184s][info][gc,marking     ] GC(166) Concurrent Rebuild Remembered Sets and Scrub Regions
[98.187s][info][gc,marking     ] GC(166) Concurrent Rebuild Remembered Sets and Scrub Regions 2.331ms
[98.187s][info][gc,start       ] GC(166) Pause Cleanup
[98.187s][info][gc             ] GC(166) Pause Cleanup 78M->78M(156M) 0.083ms
[98.187s][info][gc,cpu         ] GC(166) User=0.00s Sys=0.00s Real=0.00s
[98.187s][info][gc,marking     ] GC(166) Concurrent Clear Claimed Marks
[98.187s][info][gc,marking     ] GC(166) Concurrent Clear Claimed Marks 0.027ms
[98.187s][info][gc,marking     ] GC(166) Concurrent Cleanup for Next Mark
[98.187s][info][gc,marking     ] GC(166) Concurrent Cleanup for Next Mark 0.332ms
[98.187s][info][gc             ] GC(166) Concurrent Mark Cycle 12.870ms
[98.191s][info][gc,start       ] GC(167) Pause Young (Prepare Mixed) (G1 Evacuation Pause)
[98.191s][info][gc,task        ] GC(167) Using 3 workers of 33 for evacuation
[98.202s][info][gc,phases      ] GC(167)   Pre Evacuate Collection Set: 0.1ms
[98.202s][info][gc,phases      ] GC(167)   Merge Heap Roots: 0.1ms
[98.202s][info][gc,phases      ] GC(167)   Evacuate Collection Set: 1.6ms
[98.202s][info][gc,phases      ] GC(167)   Post Evacuate Collection Set: 8.7ms
[98.202s][info][gc,phases      ] GC(167)   Other: 0.1ms
[98.202s][info][gc,heap        ] GC(167) Eden regions: 45->0(329)
[98.202s][info][gc,heap        ] GC(167) Survivor regions: 1->1(6)
[98.202s][info][gc,heap        ] GC(167) Old regions: 10->10
[98.202s][info][gc,heap        ] GC(167) Archive regions: 0->0
[98.202s][info][gc,heap        ] GC(167) Humongous regions: 0->0
[98.202s][info][gc,metaspace   ] GC(167) Metaspace: 16638K(17280K)->16638K(17280K) NonClass: 14216K(14592K)->14216K(14592K) Class: 2421K(2688K)->2421K(2688K)
[98.202s][info][gc             ] GC(167) Pause Young (Prepare Mixed) (G1 Evacuation Pause) 105M->15M(1102M) 10.631ms
[98.202s][info][gc,cpu         ] GC(167) User=0.00s Sys=0.00s Real=0.00s
[98.564s][info][gc,start       ] GC(168) Pause Young (Mixed) (G1 Evacuation Pause)
[98.564s][info][gc,task        ] GC(168) Using 26 workers of 33 for evacuation
[98.566s][info][gc,phases      ] GC(168)   Pre Evacuate Collection Set: 0.2ms
[98.566s][info][gc,phases      ] GC(168)   Merge Heap Roots: 0.1ms
[98.566s][info][gc,phases      ] GC(168)   Evacuate Collection Set: 0.9ms
[98.566s][info][gc,phases      ] GC(168)   Post Evacuate Collection Set: 0.5ms
[98.566s][info][gc,phases      ] GC(168)   Other: 0.1ms
[98.566s][info][gc,heap        ] GC(168) Eden regions: 329->0(329)
[98.566s][info][gc,heap        ] GC(168) Survivor regions: 1->1(42)
[98.566s][info][gc,heap        ] GC(168) Old regions: 10->9
[98.566s][info][gc,heap        ] GC(168) Archive regions: 0->0
[98.566s][info][gc,heap        ] GC(168) Humongous regions: 0->0
[98.566s][info][gc,metaspace   ] GC(168) Metaspace: 16638K(17280K)->16638K(17280K) NonClass: 14216K(14592K)->14216K(14592K) Class: 2421K(2688K)->2421K(2688K)
[98.566s][info][gc             ] GC(168) Pause Young (Mixed) (G1 Evacuation Pause) 673M->14M(1102M) 2.062ms
[98.566s][info][gc,cpu         ] GC(168) User=0.00s Sys=0.00s Real=0.00s
[98.675s][info][gc,start       ] GC(169) Pause Young (Concurrent Start) (G1 Evacuation Pause)
[98.675s][info][gc,task        ] GC(169) Using 26 workers of 33 for evacuation
[98.677s][info][gc,phases      ] GC(169)   Pre Evacuate Collection Set: 0.3ms
[98.677s][info][gc,phases      ] GC(169)   Merge Heap Roots: 0.2ms
[98.677s][info][gc,phases      ] GC(169)   Evacuate Collection Set: 1.0ms
[98.677s][info][gc,phases      ] GC(169)   Post Evacuate Collection Set: 0.6ms
[98.677s][info][gc,phases      ] GC(169)   Other: 0.1ms
[98.677s][info][gc,heap        ] GC(169) Eden regions: 329->0(329)
[98.677s][info][gc,heap        ] GC(169) Survivor regions: 1->1(42)
[98.678s][info][gc,heap        ] GC(169) Old regions: 9->9
[98.678s][info][gc,heap        ] GC(169) Archive regions: 0->0
[98.678s][info][gc,heap        ] GC(169) Humongous regions: 0->0
[98.678s][info][gc,metaspace   ] GC(169) Metaspace: 16638K(17280K)->16638K(17280K) NonClass: 14216K(14592K)->14216K(14592K) Class: 2421K(2688K)->2421K(2688K)
[98.678s][info][gc             ] GC(169) Pause Young (Concurrent Start) (G1 Evacuation Pause) 672M->14M(1102M) 2.336ms
[98.678s][info][gc             ] GC(170) Concurrent Mark Cycle
[98.678s][info][gc,cpu         ] GC(169) User=0.41s Sys=0.00s Real=0.02s
[98.678s][info][gc,marking     ] GC(170) Concurrent Scan Root Regions
[98.680s][info][gc,marking     ] GC(170) Concurrent Scan Root Regions 2.288ms
[98.680s][info][gc,marking     ] GC(170) Concurrent Mark
[98.680s][info][gc,marking     ] GC(170) Concurrent Mark From Roots
[98.680s][info][gc,task        ] GC(170) Using 8 workers of 8 for marking
[98.686s][info][gc,marking     ] GC(170) Concurrent Mark From Roots 6.445ms
[98.686s][info][gc,marking     ] GC(170) Concurrent Preclean
[98.687s][info][gc,marking     ] GC(170) Concurrent Preclean 0.053ms
[98.687s][info][gc,start       ] GC(170) Pause Remark
[98.688s][info][gc             ] GC(170) Pause Remark 77M->77M(280M) 1.043ms
[98.688s][info][gc,cpu         ] GC(170) User=0.00s Sys=0.00s Real=0.00s
[98.688s][info][gc,marking     ] GC(170) Concurrent Mark 8.178ms
[98.688s][info][gc,marking     ] GC(170) Concurrent Rebuild Remembered Sets and Scrub Regions
[98.690s][info][gc,marking     ] GC(170) Concurrent Rebuild Remembered Sets and Scrub Regions 1.912ms
[98.690s][info][gc,start       ] GC(170) Pause Cleanup
[98.690s][info][gc             ] GC(170) Pause Cleanup 89M->89M(280M) 0.095ms
[98.690s][info][gc,cpu         ] GC(170) User=0.00s Sys=0.00s Real=0.00s
[98.691s][info][gc,marking     ] GC(170) Concurrent Clear Claimed Marks
[98.691s][info][gc,marking     ] GC(170) Concurrent Clear Claimed Marks 0.028ms
[98.691s][info][gc,marking     ] GC(170) Concurrent Cleanup for Next Mark
[98.691s][info][gc,marking     ] GC(170) Concurrent Cleanup for Next Mark 0.319ms
[98.691s][info][gc             ] GC(170) Concurrent Mark Cycle 13.494ms
[98.735s][info][gc,start       ] GC(171) Pause Young (Prepare Mixed) (G1 Evacuation Pause)
[98.735s][info][gc,task        ] GC(171) Using 16 workers of 33 for evacuation
[98.736s][info][gc,phases      ] GC(171)   Pre Evacuate Collection Set: 0.1ms
[98.736s][info][gc,phases      ] GC(171)   Merge Heap Roots: 0.1ms
[98.737s][info][gc,phases      ] GC(171)   Evacuate Collection Set: 0.6ms
[98.737s][info][gc,phases      ] GC(171)   Post Evacuate Collection Set: 0.4ms
[98.737s][info][gc,phases      ] GC(171)   Other: 0.1ms
[98.737s][info][gc,heap        ] GC(171) Eden regions: 130->0(83)
[98.737s][info][gc,heap        ] GC(171) Survivor regions: 1->1(42)
[98.737s][info][gc,heap        ] GC(171) Old regions: 9->9
[98.737s][info][gc,heap        ] GC(171) Archive regions: 0->0
[98.737s][info][gc,heap        ] GC(171) Humongous regions: 0->0
[98.737s][info][gc,metaspace   ] GC(171) Metaspace: 16638K(17280K)->16638K(17280K) NonClass: 14216K(14592K)->14216K(14592K) Class: 2421K(2688K)->2421K(2688K)
[98.737s][info][gc             ] GC(171) Pause Young (Prepare Mixed) (G1 Evacuation Pause) 274M->14M(282M) 1.471ms
[98.737s][info][gc,cpu         ] GC(171) User=0.00s Sys=0.00s Real=0.00s
[98.762s][info][gc,start       ] GC(172) Pause Young (Mixed) (G1 Evacuation Pause)
[98.762s][info][gc,task        ] GC(172) Using 11 workers of 33 for evacuation
[98.763s][info][gc,phases      ] GC(172)   Pre Evacuate Collection Set: 0.1ms
[98.763s][info][gc,phases      ] GC(172)   Merge Heap Roots: 0.1ms
[98.763s][info][gc,phases      ] GC(172)   Evacuate Collection Set: 0.7ms
[98.763s][info][gc,phases      ] GC(172)   Post Evacuate Collection Set: 0.3ms
[98.763s][info][gc,phases      ] GC(172)   Other: 0.1ms
[98.763s][info][gc,heap        ] GC(172) Eden regions: 83->0(83)
[98.763s][info][gc,heap        ] GC(172) Survivor regions: 1->1(11)
[98.763s][info][gc,heap        ] GC(172) Old regions: 9->9
[98.763s][info][gc,heap        ] GC(172) Archive regions: 0->0
[98.763s][info][gc,heap        ] GC(172) Humongous regions: 0->0
[98.764s][info][gc,metaspace   ] GC(172) Metaspace: 16638K(17280K)->16638K(17280K) NonClass: 14216K(14592K)->14216K(14592K) Class: 2421K(2688K)->2421K(2688K)
[98.764s][info][gc             ] GC(172) Pause Young (Mixed) (G1 Evacuation Pause) 180M->14M(282M) 1.424ms
[98.764s][info][gc,cpu         ] GC(172) User=0.00s Sys=0.00s Real=0.00s
[98.790s][info][gc,start       ] GC(173) Pause Young (Concurrent Start) (G1 Evacuation Pause)
[98.806s][info][gc,task        ] GC(173) Using 8 workers of 33 for evacuation
[98.810s][info][gc,phases      ] GC(173)   Pre Evacuate Collection Set: 0.2ms
[98.810s][info][gc,phases      ] GC(173)   Merge Heap Roots: 0.1ms
[98.810s][info][gc,phases      ] GC(173)   Evacuate Collection Set: 0.9ms
[98.810s][info][gc,phases      ] GC(173)   Post Evacuate Collection Set: 3.3ms
[98.810s][info][gc,phases      ] GC(173)   Other: 0.1ms
[98.810s][info][gc,heap        ] GC(173) Eden regions: 83->0(348)
[98.810s][info][gc,heap        ] GC(173) Survivor regions: 1->1(11)
[98.810s][info][gc,heap        ] GC(173) Old regions: 9->9
[98.810s][info][gc,heap        ] GC(173) Archive regions: 0->0
[98.810s][info][gc,heap        ] GC(173) Humongous regions: 0->0
[98.810s][info][gc,metaspace   ] GC(173) Metaspace: 16638K(17280K)->16638K(17280K) NonClass: 14216K(14592K)->14216K(14592K) Class: 2421K(2688K)->2421K(2688K)
[98.810s][info][gc             ] GC(173) Pause Young (Concurrent Start) (G1 Evacuation Pause) 180M->14M(1166M) 20.370ms
[98.810s][info][gc             ] GC(174) Concurrent Mark Cycle
[98.810s][info][gc,cpu         ] GC(173) User=0.00s Sys=0.00s Real=0.02s
[98.810s][info][gc,marking     ] GC(174) Concurrent Scan Root Regions
[98.813s][info][gc,marking     ] GC(174) Concurrent Scan Root Regions 2.361ms
[98.813s][info][gc,marking     ] GC(174) Concurrent Mark
[98.813s][info][gc,marking     ] GC(174) Concurrent Mark From Roots
[98.813s][info][gc,task        ] GC(174) Using 8 workers of 8 for marking
[98.822s][info][gc,marking     ] GC(174) Concurrent Mark From Roots 9.239ms
[98.822s][info][gc,marking     ] GC(174) Concurrent Preclean
[98.822s][info][gc,marking     ] GC(174) Concurrent Preclean 0.073ms
[98.822s][info][gc,start       ] GC(174) Pause Remark
[98.824s][info][gc             ] GC(174) Pause Remark 34M->34M(140M) 1.135ms
[98.824s][info][gc,cpu         ] GC(174) User=0.00s Sys=0.00s Real=0.00s
[98.825s][info][gc,marking     ] GC(174) Concurrent Mark 11.831ms
[98.825s][info][gc,marking     ] GC(174) Concurrent Rebuild Remembered Sets and Scrub Regions
[98.827s][info][gc,marking     ] GC(174) Concurrent Rebuild Remembered Sets and Scrub Regions 2.420ms
[98.827s][info][gc,start       ] GC(174) Pause Cleanup
[98.827s][info][gc             ] GC(174) Pause Cleanup 49M->49M(140M) 0.091ms
[98.827s][info][gc,cpu         ] GC(174) User=0.00s Sys=0.00s Real=0.00s
[98.827s][info][gc,marking     ] GC(174) Concurrent Clear Claimed Marks
[98.827s][info][gc,marking     ] GC(174) Concurrent Clear Claimed Marks 0.029ms
[98.827s][info][gc,marking     ] GC(174) Concurrent Cleanup for Next Mark
[98.828s][info][gc,marking     ] GC(174) Concurrent Cleanup for Next Mark 0.428ms
[98.828s][info][gc             ] GC(174) Concurrent Mark Cycle 17.580ms
[98.841s][info][gc,start       ] GC(175) Pause Young (Prepare Mixed) (G1 Evacuation Pause)
[98.841s][info][gc,task        ] GC(175) Using 5 workers of 33 for evacuation
[98.843s][info][gc,phases      ] GC(175)   Pre Evacuate Collection Set: 0.1ms
[98.843s][info][gc,phases      ] GC(175)   Merge Heap Roots: 0.1ms
[98.843s][info][gc,phases      ] GC(175)   Evacuate Collection Set: 1.0ms
[98.843s][info][gc,phases      ] GC(175)   Post Evacuate Collection Set: 0.3ms
[98.843s][info][gc,phases      ] GC(175)   Other: 0.1ms
[98.843s][info][gc,heap        ] GC(175) Eden regions: 60->0(41)
[98.843s][info][gc,heap        ] GC(175) Survivor regions: 1->1(44)
[98.843s][info][gc,heap        ] GC(175) Old regions: 9->9
[98.843s][info][gc,heap        ] GC(175) Archive regions: 0->0
[98.843s][info][gc,heap        ] GC(175) Humongous regions: 0->0
[98.843s][info][gc,metaspace   ] GC(175) Metaspace: 16638K(17280K)->16638K(17280K) NonClass: 14216K(14592K)->14216K(14592K) Class: 2421K(2688K)->2421K(2688K)
[98.843s][info][gc             ] GC(175) Pause Young (Prepare Mixed) (G1 Evacuation Pause) 134M->14M(142M) 1.731ms
[98.843s][info][gc,cpu         ] GC(175) User=0.08s Sys=0.00s Real=0.02s
[98.855s][info][gc,start       ] GC(176) Pause Young (Mixed) (G1 Evacuation Pause)
[98.855s][info][gc,task        ] GC(176) Using 4 workers of 33 for evacuation
[98.857s][info][gc,phases      ] GC(176)   Pre Evacuate Collection Set: 0.1ms
[98.857s][info][gc,phases      ] GC(176)   Merge Heap Roots: 0.1ms
[98.857s][info][gc,phases      ] GC(176)   Evacuate Collection Set: 1.5ms
[98.857s][info][gc,phases      ] GC(176)   Post Evacuate Collection Set: 0.3ms
[98.857s][info][gc,phases      ] GC(176)   Other: 0.1ms
[98.857s][info][gc,heap        ] GC(176) Eden regions: 41->0(41)
[98.857s][info][gc,heap        ] GC(176) Survivor regions: 1->1(6)
[98.857s][info][gc,heap        ] GC(176) Old regions: 9->9
[98.857s][info][gc,heap        ] GC(176) Archive regions: 0->0
[98.857s][info][gc,heap        ] GC(176) Humongous regions: 0->0
[98.857s][info][gc,metaspace   ] GC(176) Metaspace: 16638K(17280K)->16638K(17280K) NonClass: 14216K(14592K)->14216K(14592K) Class: 2421K(2688K)->2421K(2688K)
[98.857s][info][gc             ] GC(176) Pause Young (Mixed) (G1 Evacuation Pause) 96M->14M(142M) 2.147ms
[98.857s][info][gc,cpu         ] GC(176) User=0.00s Sys=0.00s Real=0.00s
[98.870s][info][gc,start       ] GC(177) Pause Young (Concurrent Start) (G1 Evacuation Pause)
[98.870s][info][gc,task        ] GC(177) Using 3 workers of 33 for evacuation
[98.872s][info][gc,phases      ] GC(177)   Pre Evacuate Collection Set: 0.2ms
[98.872s][info][gc,phases      ] GC(177)   Merge Heap Roots: 0.0ms
[98.872s][info][gc,phases      ] GC(177)   Evacuate Collection Set: 1.7ms
[98.872s][info][gc,phases      ] GC(177)   Post Evacuate Collection Set: 0.3ms
[98.872s][info][gc,phases      ] GC(177)   Other: 0.1ms
[98.872s][info][gc,heap        ] GC(177) Eden regions: 41->0(41)
[98.872s][info][gc,heap        ] GC(177) Survivor regions: 1->1(6)
[98.872s][info][gc,heap        ] GC(177) Old regions: 9->9
[98.872s][info][gc,heap        ] GC(177) Archive regions: 0->0
[98.872s][info][gc,heap        ] GC(177) Humongous regions: 0->0
[98.872s][info][gc,metaspace   ] GC(177) Metaspace: 16638K(17280K)->16638K(17280K) NonClass: 14216K(14592K)->14216K(14592K) Class: 2421K(2688K)->2421K(2688K)
[98.872s][info][gc             ] GC(177) Pause Young (Concurrent Start) (G1 Evacuation Pause) 96M->14M(142M) 2.478ms
[98.872s][info][gc             ] GC(178) Concurrent Mark Cycle
[98.872s][info][gc,cpu         ] GC(177) User=0.00s Sys=0.00s Real=0.00s
[98.872s][info][gc,marking     ] GC(178) Concurrent Scan Root Regions
[98.874s][info][gc,marking     ] GC(178) Concurrent Scan Root Regions 1.867ms
[98.874s][info][gc,marking     ] GC(178) Concurrent Mark
[98.874s][info][gc,marking     ] GC(178) Concurrent Mark From Roots
[98.874s][info][gc,task        ] GC(178) Using 8 workers of 8 for marking
[98.880s][info][gc,marking     ] GC(178) Concurrent Mark From Roots 5.475ms
[98.880s][info][gc,marking     ] GC(178) Concurrent Preclean
[98.880s][info][gc,marking     ] GC(178) Concurrent Preclean 0.058ms
[98.880s][info][gc,start       ] GC(178) Pause Remark
[98.882s][info][gc             ] GC(178) Pause Remark 59M->59M(142M) 1.646ms
[98.882s][info][gc,cpu         ] GC(178) User=0.00s Sys=0.00s Real=0.00s
[98.882s][info][gc,marking     ] GC(178) Concurrent Mark 7.639ms
[98.882s][info][gc,marking     ] GC(178) Concurrent Rebuild Remembered Sets and Scrub Regions
[98.884s][info][gc,marking     ] GC(178) Concurrent Rebuild Remembered Sets and Scrub Regions 2.228ms
[98.884s][info][gc,start       ] GC(178) Pause Cleanup
[98.884s][info][gc             ] GC(178) Pause Cleanup 75M->75M(142M) 0.088ms
[98.884s][info][gc,cpu         ] GC(178) User=0.00s Sys=0.00s Real=0.00s
[98.884s][info][gc,marking     ] GC(178) Concurrent Clear Claimed Marks
[98.885s][info][gc,marking     ] GC(178) Concurrent Clear Claimed Marks 0.045ms
[98.885s][info][gc,marking     ] GC(178) Concurrent Cleanup for Next Mark
[98.885s][info][gc,marking     ] GC(178) Concurrent Cleanup for Next Mark 0.308ms
[98.885s][info][gc             ] GC(178) Concurrent Mark Cycle 12.655ms
[98.888s][info][gc,start       ] GC(179) Pause Young (Prepare Mixed) (G1 Evacuation Pause)
[98.888s][info][gc,task        ] GC(179) Using 3 workers of 33 for evacuation
[98.893s][info][gc,phases      ] GC(179)   Pre Evacuate Collection Set: 0.1ms
[98.893s][info][gc,phases      ] GC(179)   Merge Heap Roots: 0.1ms
[98.893s][info][gc,phases      ] GC(179)   Evacuate Collection Set: 1.5ms
[98.893s][info][gc,phases      ] GC(179)   Post Evacuate Collection Set: 3.2ms
[98.893s][info][gc,phases      ] GC(179)   Other: 0.1ms
[98.893s][info][gc,heap        ] GC(179) Eden regions: 41->0(327)
[98.893s][info][gc,heap        ] GC(179) Survivor regions: 1->1(6)
[98.893s][info][gc,heap        ] GC(179) Old regions: 9->9
[98.893s][info][gc,heap        ] GC(179) Archive regions: 0->0
[98.893s][info][gc,heap        ] GC(179) Humongous regions: 0->0
[98.893s][info][gc,metaspace   ] GC(179) Metaspace: 16638K(17280K)->16638K(17280K) NonClass: 14216K(14592K)->14216K(14592K) Class: 2421K(2688K)->2421K(2688K)
[98.893s][info][gc             ] GC(179) Pause Young (Prepare Mixed) (G1 Evacuation Pause) 96M->14M(1096M) 5.143ms
[98.893s][info][gc,cpu         ] GC(179) User=0.05s Sys=0.00s Real=0.02s
[99.237s][info][gc,start       ] GC(180) Pause Young (Mixed) (G1 Evacuation Pause)
[99.237s][info][gc,task        ] GC(180) Using 26 workers of 33 for evacuation
[99.296s][info][gc,phases      ] GC(180)   Pre Evacuate Collection Set: 0.2ms
[99.296s][info][gc,phases      ] GC(180)   Merge Heap Roots: 0.2ms
[99.296s][info][gc,phases      ] GC(180)   Evacuate Collection Set: 57.9ms
[99.296s][info][gc,phases      ] GC(180)   Post Evacuate Collection Set: 0.9ms
[99.296s][info][gc,phases      ] GC(180)   Other: 0.2ms
[99.296s][info][gc,heap        ] GC(180) Eden regions: 327->0(287)
[99.296s][info][gc,heap        ] GC(180) Survivor regions: 1->41(41)
[99.296s][info][gc,heap        ] GC(180) Old regions: 9->66
[99.296s][info][gc,heap        ] GC(180) Archive regions: 0->0
[99.296s][info][gc,heap        ] GC(180) Humongous regions: 0->0
[99.296s][info][gc,metaspace   ] GC(180) Metaspace: 16638K(17280K)->16638K(17280K) NonClass: 14216K(14592K)->14216K(14592K) Class: 2421K(2688K)->2421K(2688K)
[99.296s][info][gc             ] GC(180) Pause Young (Mixed) (G1 Evacuation Pause) 668M->210M(1096M) 59.578ms
[99.296s][info][gc,cpu         ] GC(180) User=1.11s Sys=0.52s Real=0.06s
[107.416s][info][gc,start       ] GC(181) Pause Young (Concurrent Start) (G1 Evacuation Pause)
[107.417s][info][gc,task        ] GC(181) Using 26 workers of 33 for evacuation
[107.460s][info][gc,phases      ] GC(181)   Pre Evacuate Collection Set: 0.5ms
[107.460s][info][gc,phases      ] GC(181)   Merge Heap Roots: 0.9ms
[107.460s][info][gc,phases      ] GC(181)   Evacuate Collection Set: 41.2ms
[107.460s][info][gc,phases      ] GC(181)   Post Evacuate Collection Set: 0.6ms
[107.460s][info][gc,phases      ] GC(181)   Other: 0.1ms
[107.460s][info][gc,heap        ] GC(181) Eden regions: 287->0(285)
[107.460s][info][gc,heap        ] GC(181) Survivor regions: 41->34(41)
[107.460s][info][gc,heap        ] GC(181) Old regions: 66->114
[107.460s][info][gc,heap        ] GC(181) Archive regions: 0->0
[107.460s][info][gc,heap        ] GC(181) Humongous regions: 0->0
[107.460s][info][gc,metaspace   ] GC(181) Metaspace: 16638K(17280K)->16638K(17280K) NonClass: 14216K(14592K)->14216K(14592K) Class: 2421K(2688K)->2421K(2688K)
[107.460s][info][gc             ] GC(181) Pause Young (Concurrent Start) (G1 Evacuation Pause) 784M->290M(1096M) 43.606ms
[107.460s][info][gc             ] GC(182) Concurrent Mark Cycle
[107.460s][info][gc,cpu         ] GC(181) User=1.22s Sys=0.00s Real=0.05s
[107.460s][info][gc,marking     ] GC(182) Concurrent Scan Root Regions
[107.471s][info][gc,marking     ] GC(182) Concurrent Scan Root Regions 11.123ms
[107.471s][info][gc,marking     ] GC(182) Concurrent Mark
[107.471s][info][gc,marking     ] GC(182) Concurrent Mark From Roots
[107.471s][info][gc,task        ] GC(182) Using 8 workers of 8 for marking
[107.476s][info][gc,marking     ] GC(182) Concurrent Mark From Roots 4.570ms
[107.476s][info][gc,marking     ] GC(182) Concurrent Preclean
[107.476s][info][gc,marking     ] GC(182) Concurrent Preclean 0.028ms
[107.476s][info][gc,start       ] GC(182) Pause Remark
[107.477s][info][gc             ] GC(182) Pause Remark 304M->304M(1034M) 1.167ms
[107.477s][info][gc,cpu         ] GC(182) User=0.00s Sys=0.00s Real=0.00s
[107.477s][info][gc,marking     ] GC(182) Concurrent Mark 5.981ms
[107.477s][info][gc,marking     ] GC(182) Concurrent Rebuild Remembered Sets and Scrub Regions
[107.492s][info][gc,marking     ] GC(182) Concurrent Rebuild Remembered Sets and Scrub Regions 14.818ms
[107.492s][info][gc,start       ] GC(182) Pause Cleanup
[107.492s][info][gc             ] GC(182) Pause Cleanup 322M->322M(1034M) 0.253ms
[107.492s][info][gc,cpu         ] GC(182) User=0.00s Sys=0.00s Real=0.00s
[107.492s][info][gc,marking     ] GC(182) Concurrent Clear Claimed Marks
[107.492s][info][gc,marking     ] GC(182) Concurrent Clear Claimed Marks 0.020ms
[107.492s][info][gc,marking     ] GC(182) Concurrent Cleanup for Next Mark
[107.493s][info][gc,marking     ] GC(182) Concurrent Cleanup for Next Mark 0.674ms
[107.493s][info][gc             ] GC(182) Concurrent Mark Cycle 33.161ms
[107.940s][info][gc,start       ] GC(183) Pause Young (Prepare Mixed) (G1 Evacuation Pause)
[107.940s][info][gc,task        ] GC(183) Using 25 workers of 33 for evacuation
[108.017s][info][gc,phases      ] GC(183)   Pre Evacuate Collection Set: 0.2ms
[108.017s][info][gc,phases      ] GC(183)   Merge Heap Roots: 0.3ms
[108.017s][info][gc,phases      ] GC(183)   Evacuate Collection Set: 75.6ms
[108.017s][info][gc,phases      ] GC(183)   Post Evacuate Collection Set: 0.5ms
[108.017s][info][gc,phases      ] GC(183)   Other: 0.2ms
[108.017s][info][gc,heap        ] GC(183) Eden regions: 276->0(175)
[108.017s][info][gc,heap        ] GC(183) Survivor regions: 34->39(39)
[108.017s][info][gc,heap        ] GC(183) Old regions: 114->207
[108.017s][info][gc,heap        ] GC(183) Archive regions: 0->0
[108.017s][info][gc,heap        ] GC(183) Humongous regions: 0->0
[108.017s][info][gc,metaspace   ] GC(183) Metaspace: 16638K(17280K)->16638K(17280K) NonClass: 14216K(14592K)->14216K(14592K) Class: 2421K(2688K)->2421K(2688K)
[108.017s][info][gc             ] GC(183) Pause Young (Prepare Mixed) (G1 Evacuation Pause) 842M->488M(1112M) 77.043ms
[108.017s][info][gc,cpu         ] GC(183) User=1.45s Sys=0.50s Real=0.08s
[108.329s][info][gc,start       ] GC(184) Pause Young (Mixed) (G1 Evacuation Pause)
[108.329s][info][gc,task        ] GC(184) Using 26 workers of 33 for evacuation
[108.384s][info][gc,phases      ] GC(184)   Pre Evacuate Collection Set: 0.2ms
[108.384s][info][gc,phases      ] GC(184)   Merge Heap Roots: 0.3ms
[108.384s][info][gc,phases      ] GC(184)   Evacuate Collection Set: 54.1ms
[108.384s][info][gc,phases      ] GC(184)   Post Evacuate Collection Set: 0.5ms
[108.384s][info][gc,phases      ] GC(184)   Other: 0.1ms
[108.384s][info][gc,heap        ] GC(184) Eden regions: 175->0(140)
[108.384s][info][gc,heap        ] GC(184) Survivor regions: 39->27(27)
[108.384s][info][gc,heap        ] GC(184) Old regions: 207->262
[108.384s][info][gc,heap        ] GC(184) Archive regions: 0->0
[108.384s][info][gc,heap        ] GC(184) Humongous regions: 0->0
[108.384s][info][gc,metaspace   ] GC(184) Metaspace: 16638K(17280K)->16638K(17280K) NonClass: 14216K(14592K)->14216K(14592K) Class: 2421K(2688K)->2421K(2688K)
[108.384s][info][gc             ] GC(184) Pause Young (Mixed) (G1 Evacuation Pause) 838M->573M(1112M) 55.571ms
[108.384s][info][gc,cpu         ] GC(184) User=1.22s Sys=0.00s Real=0.05s
[108.445s][info][gc,start       ] GC(185) Pause Young (Concurrent Start) (G1 Humongous Allocation)
[108.445s][info][gc,task        ] GC(185) Using 26 workers of 33 for evacuation
[108.476s][info][gc,phases      ] GC(185)   Pre Evacuate Collection Set: 0.5ms
[108.481s][info][gc,phases      ] GC(185)   Merge Heap Roots: 0.3ms
[108.481s][info][gc,phases      ] GC(185)   Evacuate Collection Set: 26.5ms
[108.481s][info][gc,phases      ] GC(185)   Post Evacuate Collection Set: 4.1ms
[108.482s][info][gc,phases      ] GC(185)   Other: 0.1ms
[108.482s][info][gc,heap        ] GC(185) Eden regions: 34->0(366)
[108.482s][info][gc,heap        ] GC(185) Survivor regions: 27->17(21)
[108.482s][info][gc,heap        ] GC(185) Old regions: 262->294
[108.482s][info][gc,heap        ] GC(185) Archive regions: 0->0
[108.482s][info][gc,heap        ] GC(185) Humongous regions: 0->0
[108.482s][info][gc,metaspace   ] GC(185) Metaspace: 16638K(17280K)->16638K(17280K) NonClass: 14216K(14592K)->14216K(14592K) Class: 2421K(2688K)->2421K(2688K)
[108.482s][info][gc             ] GC(185) Pause Young (Concurrent Start) (G1 Humongous Allocation) 640M->618M(2098M) 36.907ms
[108.482s][info][gc             ] GC(186) Concurrent Mark Cycle
[108.482s][info][gc,cpu         ] GC(185) User=0.81s Sys=0.00s Real=0.05s
[108.482s][info][gc,marking     ] GC(186) Concurrent Scan Root Regions
[108.496s][info][gc,marking     ] GC(186) Concurrent Scan Root Regions 14.437ms
[108.496s][info][gc,marking     ] GC(186) Concurrent Mark
[108.496s][info][gc,marking     ] GC(186) Concurrent Mark From Roots
[108.496s][info][gc,task        ] GC(186) Using 8 workers of 8 for marking
[108.601s][info][gc,marking     ] GC(186) Concurrent Mark From Roots 104.235ms
[108.601s][info][gc,marking     ] GC(186) Concurrent Preclean
[108.601s][info][gc,marking     ] GC(186) Concurrent Preclean 0.059ms
[108.601s][info][gc,start       ] GC(186) Pause Remark
[108.602s][info][gc             ] GC(186) Pause Remark 650M->515M(1728M) 1.268ms
[108.602s][info][gc,cpu         ] GC(186) User=0.00s Sys=0.00s Real=0.00s
[108.602s][info][gc,marking     ] GC(186) Concurrent Mark 105.825ms
[108.602s][info][gc,marking     ] GC(186) Concurrent Rebuild Remembered Sets and Scrub Regions
[108.782s][info][gc,marking     ] GC(186) Concurrent Rebuild Remembered Sets and Scrub Regions 179.378ms
[108.782s][info][gc,start       ] GC(186) Pause Cleanup
[108.782s][info][gc             ] GC(186) Pause Cleanup 550M->550M(1728M) 0.289ms
[108.782s][info][gc,cpu         ] GC(186) User=0.00s Sys=0.00s Real=0.00s
[108.782s][info][gc,marking     ] GC(186) Concurrent Clear Claimed Marks
[108.782s][info][gc,marking     ] GC(186) Concurrent Clear Claimed Marks 0.046ms
[108.782s][info][gc,marking     ] GC(186) Concurrent Cleanup for Next Mark
[108.785s][info][gc,marking     ] GC(186) Concurrent Cleanup for Next Mark 2.847ms
[108.785s][info][gc             ] GC(186) Concurrent Mark Cycle 303.333ms
[110.107s][info][gc,start       ] GC(187) Pause Young (Prepare Mixed) (G1 Evacuation Pause)
[110.107s][info][gc,task        ] GC(187) Using 33 workers of 33 for evacuation
[110.140s][info][gc,phases      ] GC(187)   Pre Evacuate Collection Set: 0.2ms
[110.140s][info][gc,phases      ] GC(187)   Merge Heap Roots: 3.3ms
[110.140s][info][gc,phases      ] GC(187)   Evacuate Collection Set: 28.8ms
[110.140s][info][gc,phases      ] GC(187)   Post Evacuate Collection Set: 0.5ms
[110.140s][info][gc,phases      ] GC(187)   Other: 0.2ms
[110.140s][info][gc,heap        ] GC(187) Eden regions: 303->0(379)
[110.140s][info][gc,heap        ] GC(187) Survivor regions: 17->14(40)
[110.140s][info][gc,heap        ] GC(187) Old regions: 226->226
[110.140s][info][gc,heap        ] GC(187) Archive regions: 0->0
[110.140s][info][gc,heap        ] GC(187) Humongous regions: 4->4
[110.140s][info][gc,metaspace   ] GC(187) Metaspace: 16638K(17280K)->16638K(17280K) NonClass: 14216K(14592K)->14216K(14592K) Class: 2421K(2688K)->2421K(2688K)
[110.140s][info][gc             ] GC(187) Pause Young (Prepare Mixed) (G1 Evacuation Pause) 1097M->484M(1728M) 33.348ms
[110.140s][info][gc,cpu         ] GC(187) User=1.27s Sys=0.06s Real=0.05s
[111.885s][info][gc,start       ] GC(188) Pause Full (System.gc())
[111.886s][info][gc,task        ] GC(188) Using 33 workers of 33 for full compaction
[111.887s][info][gc,phases,start] GC(188) Phase 1: Mark live objects
[111.898s][info][gc,phases      ] GC(188) Phase 1: Mark live objects 10.583ms
[111.898s][info][gc,phases,start] GC(188) Phase 2: Prepare compaction
[111.900s][info][gc,phases      ] GC(188) Phase 2: Prepare compaction 1.995ms
[111.900s][info][gc,phases,start] GC(188) Phase 3: Adjust pointers
[111.904s][info][gc,phases      ] GC(188) Phase 3: Adjust pointers 4.019ms
[111.904s][info][gc,phases,start] GC(188) Phase 4: Compact heap
[111.905s][info][gc,phases      ] GC(188) Phase 4: Compact heap 1.483ms
[111.913s][info][gc,heap        ] GC(188) Eden regions: 43->0(27)
[111.913s][info][gc,heap        ] GC(188) Survivor regions: 14->0(40)
[111.913s][info][gc,heap        ] GC(188) Old regions: 226->22
[111.913s][info][gc,heap        ] GC(188) Archive regions: 0->0
[111.913s][info][gc,heap        ] GC(188) Humongous regions: 4->0
[111.913s][info][gc,metaspace   ] GC(188) Metaspace: 16641K(17280K)->16641K(17280K) NonClass: 14219K(14592K)->14219K(14592K) Class: 2421K(2688K)->2421K(2688K)
[111.913s][info][gc             ] GC(188) Pause Full (System.gc()) 569M->14M(148M) 27.630ms
[111.913s][info][gc,cpu         ] GC(188) User=0.53s Sys=0.00s Real=0.03s
[113.021s][info][gc,start       ] GC(189) Pause Young (Concurrent Start) (G1 Evacuation Pause)
[113.021s][info][gc,task        ] GC(189) Using 18 workers of 33 for evacuation
[113.071s][info][gc,phases      ] GC(189)   Pre Evacuate Collection Set: 0.3ms
[113.071s][info][gc,phases      ] GC(189)   Merge Heap Roots: 0.1ms
[113.071s][info][gc,phases      ] GC(189)   Evacuate Collection Set: 48.2ms
[113.071s][info][gc,phases      ] GC(189)   Post Evacuate Collection Set: 0.7ms
[113.071s][info][gc,phases      ] GC(189)   Other: 0.1ms
[113.071s][info][gc,heap        ] GC(189) Eden regions: 27->0(21)
[113.071s][info][gc,heap        ] GC(189) Survivor regions: 0->4(4)
[113.071s][info][gc,heap        ] GC(189) Old regions: 22->27
[113.071s][info][gc,heap        ] GC(189) Archive regions: 0->0
[113.071s][info][gc,heap        ] GC(189) Humongous regions: 0->0
[113.071s][info][gc,metaspace   ] GC(189) Metaspace: 16642K(17280K)->16642K(17280K) NonClass: 14220K(14592K)->14220K(14592K) Class: 2421K(2688K)->2421K(2688K)
[113.071s][info][gc             ] GC(189) Pause Young (Concurrent Start) (G1 Evacuation Pause) 68M->31M(148M) 49.752ms
[113.071s][info][gc             ] GC(190) Concurrent Mark Cycle
[113.071s][info][gc,cpu         ] GC(189) User=0.84s Sys=0.00s Real=0.05s
[113.071s][info][gc,marking     ] GC(190) Concurrent Scan Root Regions
[113.080s][info][gc,marking     ] GC(190) Concurrent Scan Root Regions 9.419ms
[113.080s][info][gc,marking     ] GC(190) Concurrent Mark
[113.080s][info][gc,marking     ] GC(190) Concurrent Mark From Roots
[113.080s][info][gc,task        ] GC(190) Using 8 workers of 8 for marking
[113.086s][info][gc,marking     ] GC(190) Concurrent Mark From Roots 5.811ms
[113.086s][info][gc,marking     ] GC(190) Concurrent Preclean
[113.086s][info][gc,marking     ] GC(190) Concurrent Preclean 0.052ms
[113.086s][info][gc,start       ] GC(190) Pause Remark
[113.087s][info][gc             ] GC(190) Pause Remark 32M->32M(148M) 0.876ms
[113.087s][info][gc,cpu         ] GC(190) User=0.00s Sys=0.00s Real=0.00s
[113.087s][info][gc,marking     ] GC(190) Concurrent Mark 7.003ms
[113.087s][info][gc,marking     ] GC(190) Concurrent Rebuild Remembered Sets and Scrub Regions
[113.095s][info][gc,marking     ] GC(190) Concurrent Rebuild Remembered Sets and Scrub Regions 7.825ms
[113.095s][info][gc,start       ] GC(190) Pause Cleanup
[113.095s][info][gc             ] GC(190) Pause Cleanup 33M->33M(148M) 0.102ms
[113.095s][info][gc,cpu         ] GC(190) User=0.00s Sys=0.00s Real=0.00s
[113.095s][info][gc,marking     ] GC(190) Concurrent Clear Claimed Marks
[113.095s][info][gc,marking     ] GC(190) Concurrent Clear Claimed Marks 0.018ms
[113.095s][info][gc,marking     ] GC(190) Concurrent Cleanup for Next Mark
[113.096s][info][gc,marking     ] GC(190) Concurrent Cleanup for Next Mark 0.177ms
[113.096s][info][gc             ] GC(190) Concurrent Mark Cycle 24.803ms
[113.760s][info][gc,start       ] GC(191) Pause Young (Prepare Mixed) (G1 Evacuation Pause)
[113.760s][info][gc,task        ] GC(191) Using 10 workers of 33 for evacuation
[113.796s][info][gc,phases      ] GC(191)   Pre Evacuate Collection Set: 0.1ms
[113.796s][info][gc,phases      ] GC(191)   Merge Heap Roots: 2.1ms
[113.796s][info][gc,phases      ] GC(191)   Evacuate Collection Set: 32.6ms
[113.796s][info][gc,phases      ] GC(191)   Post Evacuate Collection Set: 0.5ms
[113.796s][info][gc,phases      ] GC(191)   Other: 0.1ms
[113.796s][info][gc,heap        ] GC(191) Eden regions: 21->0(16)
[113.796s][info][gc,heap        ] GC(191) Survivor regions: 4->4(4)
[113.796s][info][gc,heap        ] GC(191) Old regions: 25->35
[113.796s][info][gc,heap        ] GC(191) Archive regions: 0->0
[113.796s][info][gc,heap        ] GC(191) Humongous regions: 0->0
[113.796s][info][gc,metaspace   ] GC(191) Metaspace: 16642K(17280K)->16642K(17280K) NonClass: 14220K(14592K)->14220K(14592K) Class: 2421K(2688K)->2421K(2688K)
[113.796s][info][gc             ] GC(191) Pause Young (Prepare Mixed) (G1 Evacuation Pause) 73M->52M(148M) 35.843ms
[113.796s][info][gc,cpu         ] GC(191) User=0.31s Sys=0.00s Real=0.03s
[113.801s][info][gc,start       ] GC(192) Pause Young (Mixed) (G1 Evacuation Pause)
[113.801s][info][gc,task        ] GC(192) Using 6 workers of 33 for evacuation
[113.805s][info][gc,phases      ] GC(192)   Pre Evacuate Collection Set: 0.1ms
[113.805s][info][gc,phases      ] GC(192)   Merge Heap Roots: 0.1ms
[113.805s][info][gc,phases      ] GC(192)   Evacuate Collection Set: 2.7ms
[113.805s][info][gc,phases      ] GC(192)   Post Evacuate Collection Set: 0.3ms
[113.805s][info][gc,phases      ] GC(192)   Other: 0.1ms
[113.805s][info][gc,heap        ] GC(192) Eden regions: 16->0(20)
[113.805s][info][gc,heap        ] GC(192) Survivor regions: 4->1(3)
[113.805s][info][gc,heap        ] GC(192) Old regions: 35->32
[113.805s][info][gc,heap        ] GC(192) Archive regions: 0->0
[113.805s][info][gc,heap        ] GC(192) Humongous regions: 0->0
[113.805s][info][gc,metaspace   ] GC(192) Metaspace: 16642K(17280K)->16642K(17280K) NonClass: 14220K(14592K)->14220K(14592K) Class: 2421K(2688K)->2421K(2688K)
[113.805s][info][gc             ] GC(192) Pause Young (Mixed) (G1 Evacuation Pause) 84M->54M(148M) 3.432ms
[113.805s][info][gc,cpu         ] GC(192) User=0.00s Sys=0.00s Real=0.00s
[113.811s][info][gc,start       ] GC(193) Pause Young (Mixed) (G1 Evacuation Pause)
[113.811s][info][gc,task        ] GC(193) Using 4 workers of 33 for evacuation
[113.813s][info][gc,phases      ] GC(193)   Pre Evacuate Collection Set: 0.1ms
[113.813s][info][gc,phases      ] GC(193)   Merge Heap Roots: 0.1ms
[113.813s][info][gc,phases      ] GC(193)   Evacuate Collection Set: 1.4ms
[113.813s][info][gc,phases      ] GC(193)   Post Evacuate Collection Set: 0.3ms
[113.813s][info][gc,phases      ] GC(193)   Other: 0.1ms
[113.813s][info][gc,heap        ] GC(193) Eden regions: 20->0(22)
[113.813s][info][gc,heap        ] GC(193) Survivor regions: 1->1(3)
[113.813s][info][gc,heap        ] GC(193) Old regions: 32->31
[113.813s][info][gc,heap        ] GC(193) Archive regions: 0->0
[113.813s][info][gc,heap        ] GC(193) Humongous regions: 0->0
[113.813s][info][gc,metaspace   ] GC(193) Metaspace: 16642K(17280K)->16642K(17280K) NonClass: 14220K(14592K)->14220K(14592K) Class: 2421K(2688K)->2421K(2688K)
[113.813s][info][gc             ] GC(193) Pause Young (Mixed) (G1 Evacuation Pause) 94M->55M(148M) 2.070ms
[113.813s][info][gc,cpu         ] GC(193) User=0.00s Sys=0.00s Real=0.00s
[113.821s][info][gc,start       ] GC(194) Pause Young (Concurrent Start) (G1 Evacuation Pause)
[113.821s][info][gc,task        ] GC(194) Using 3 workers of 33 for evacuation
[113.826s][info][gc,phases      ] GC(194)   Pre Evacuate Collection Set: 0.2ms
[113.826s][info][gc,phases      ] GC(194)   Merge Heap Roots: 0.0ms
[113.826s][info][gc,phases      ] GC(194)   Evacuate Collection Set: 1.6ms
[113.826s][info][gc,phases      ] GC(194)   Post Evacuate Collection Set: 3.3ms
[113.826s][info][gc,phases      ] GC(194)   Other: 0.1ms
[113.826s][info][gc,heap        ] GC(194) Eden regions: 22->0(121)
[113.826s][info][gc,heap        ] GC(194) Survivor regions: 1->1(3)
[113.826s][info][gc,heap        ] GC(194) Old regions: 31->31
[113.826s][info][gc,heap        ] GC(194) Archive regions: 0->0
[113.826s][info][gc,heap        ] GC(194) Humongous regions: 0->0
[113.826s][info][gc,metaspace   ] GC(194) Metaspace: 16642K(17280K)->16642K(17280K) NonClass: 14220K(14592K)->14220K(14592K) Class: 2421K(2688K)->2421K(2688K)
[113.826s][info][gc             ] GC(194) Pause Young (Concurrent Start) (G1 Evacuation Pause) 99M->55M(1098M) 5.372ms
[113.826s][info][gc,cpu         ] GC(194) User=0.00s Sys=0.00s Real=0.00s
[113.826s][info][gc             ] GC(195) Concurrent Mark Cycle
[113.826s][info][gc,marking     ] GC(195) Concurrent Scan Root Regions
[113.828s][info][gc,marking     ] GC(195) Concurrent Scan Root Regions 1.630ms
[113.828s][info][gc,marking     ] GC(195) Concurrent Mark
[113.828s][info][gc,marking     ] GC(195) Concurrent Mark From Roots
[113.828s][info][gc,task        ] GC(195) Using 8 workers of 8 for marking
[113.837s][info][gc,marking     ] GC(195) Concurrent Mark From Roots 8.699ms
[113.837s][info][gc,marking     ] GC(195) Concurrent Preclean
[113.837s][info][gc,marking     ] GC(195) Concurrent Preclean 0.056ms
[113.837s][info][gc,start       ] GC(195) Pause Remark
[113.839s][info][gc             ] GC(195) Pause Remark 68M->42M(174M) 1.932ms
[113.839s][info][gc,cpu         ] GC(195) User=0.00s Sys=0.00s Real=0.00s
[113.840s][info][gc,marking     ] GC(195) Concurrent Mark 12.178ms
[113.840s][info][gc,marking     ] GC(195) Concurrent Rebuild Remembered Sets and Scrub Regions
[113.843s][info][gc,marking     ] GC(195) Concurrent Rebuild Remembered Sets and Scrub Regions 2.334ms
[113.843s][info][gc,start       ] GC(195) Pause Cleanup
[113.843s][info][gc             ] GC(195) Pause Cleanup 45M->45M(174M) 0.082ms
[113.843s][info][gc,cpu         ] GC(195) User=0.00s Sys=0.00s Real=0.00s
[113.844s][info][gc,marking     ] GC(195) Concurrent Clear Claimed Marks
[113.844s][info][gc,marking     ] GC(195) Concurrent Clear Claimed Marks 0.035ms
[113.844s][info][gc,marking     ] GC(195) Concurrent Cleanup for Next Mark
[113.845s][info][gc,marking     ] GC(195) Concurrent Cleanup for Next Mark 0.826ms
[113.845s][info][gc             ] GC(195) Concurrent Mark Cycle 18.741ms
[113.868s][info][gc,start       ] GC(196) Pause Young (Prepare Mixed) (G1 Evacuation Pause)
[113.868s][info][gc,task        ] GC(196) Using 4 workers of 33 for evacuation
[113.870s][info][gc,phases      ] GC(196)   Pre Evacuate Collection Set: 0.1ms
[113.870s][info][gc,phases      ] GC(196)   Merge Heap Roots: 0.1ms
[113.870s][info][gc,phases      ] GC(196)   Evacuate Collection Set: 1.3ms
[113.870s][info][gc,phases      ] GC(196)   Post Evacuate Collection Set: 0.3ms
[113.870s][info][gc,phases      ] GC(196)   Other: 0.1ms
[113.870s][info][gc,heap        ] GC(196) Eden regions: 68->0(40)
[113.870s][info][gc,heap        ] GC(196) Survivor regions: 1->1(17)
[113.870s][info][gc,heap        ] GC(196) Old regions: 18->18
[113.870s][info][gc,heap        ] GC(196) Archive regions: 0->0
[113.870s][info][gc,heap        ] GC(196) Humongous regions: 0->0
[113.870s][info][gc,metaspace   ] GC(196) Metaspace: 16642K(17280K)->16642K(17280K) NonClass: 14220K(14592K)->14220K(14592K) Class: 2421K(2688K)->2421K(2688K)
[113.870s][info][gc             ] GC(196) Pause Young (Prepare Mixed) (G1 Evacuation Pause) 165M->29M(176M) 2.066ms
[113.870s][info][gc,cpu         ] GC(196) User=0.00s Sys=0.00s Real=0.00s
[113.882s][info][gc,start       ] GC(197) Pause Young (Mixed) (G1 Evacuation Pause)
[113.882s][info][gc,task        ] GC(197) Using 4 workers of 33 for evacuation
[113.884s][info][gc,phases      ] GC(197)   Pre Evacuate Collection Set: 0.1ms
[113.884s][info][gc,phases      ] GC(197)   Merge Heap Roots: 0.1ms
[113.884s][info][gc,phases      ] GC(197)   Evacuate Collection Set: 1.5ms
[113.884s][info][gc,phases      ] GC(197)   Post Evacuate Collection Set: 0.3ms
[113.884s][info][gc,phases      ] GC(197)   Other: 0.1ms
[113.884s][info][gc,heap        ] GC(197) Eden regions: 40->0(47)
[113.884s][info][gc,heap        ] GC(197) Survivor regions: 1->1(6)
[113.884s][info][gc,heap        ] GC(197) Old regions: 18->12
[113.884s][info][gc,heap        ] GC(197) Archive regions: 0->0
[113.884s][info][gc,heap        ] GC(197) Humongous regions: 0->0
[113.884s][info][gc,metaspace   ] GC(197) Metaspace: 16642K(17280K)->16642K(17280K) NonClass: 14220K(14592K)->14220K(14592K) Class: 2421K(2688K)->2421K(2688K)
[113.884s][info][gc             ] GC(197) Pause Young (Mixed) (G1 Evacuation Pause) 109M->17M(176M) 2.204ms
[113.884s][info][gc,cpu         ] GC(197) User=0.00s Sys=0.00s Real=0.00s
[113.900s][info][gc,start       ] GC(198) Pause Young (Concurrent Start) (G1 Evacuation Pause)
[113.900s][info][gc,task        ] GC(198) Using 4 workers of 33 for evacuation
[113.902s][info][gc,phases      ] GC(198)   Pre Evacuate Collection Set: 0.2ms
[113.902s][info][gc,phases      ] GC(198)   Merge Heap Roots: 0.0ms
[113.902s][info][gc,phases      ] GC(198)   Evacuate Collection Set: 1.3ms
[113.902s][info][gc,phases      ] GC(198)   Post Evacuate Collection Set: 0.3ms
[113.902s][info][gc,phases      ] GC(198)   Other: 0.1ms
[113.902s][info][gc,heap        ] GC(198) Eden regions: 47->0(50)
[113.902s][info][gc,heap        ] GC(198) Survivor regions: 1->1(6)
[113.902s][info][gc,heap        ] GC(198) Old regions: 12->12
[113.902s][info][gc,heap        ] GC(198) Archive regions: 0->0
[113.902s][info][gc,heap        ] GC(198) Humongous regions: 0->0
[113.902s][info][gc,metaspace   ] GC(198) Metaspace: 16642K(17280K)->16642K(17280K) NonClass: 14220K(14592K)->14220K(14592K) Class: 2421K(2688K)->2421K(2688K)
[113.902s][info][gc             ] GC(198) Pause Young (Concurrent Start) (G1 Evacuation Pause) 111M->17M(176M) 2.067ms
[113.902s][info][gc             ] GC(199) Concurrent Mark Cycle
[113.902s][info][gc,cpu         ] GC(198) User=0.47s Sys=0.00s Real=0.02s
[113.902s][info][gc,marking     ] GC(199) Concurrent Scan Root Regions
[113.904s][info][gc,marking     ] GC(199) Concurrent Scan Root Regions 1.877ms
[113.904s][info][gc,marking     ] GC(199) Concurrent Mark
[113.904s][info][gc,marking     ] GC(199) Concurrent Mark From Roots
[113.904s][info][gc,task        ] GC(199) Using 8 workers of 8 for marking
[113.910s][info][gc,marking     ] GC(199) Concurrent Mark From Roots 5.994ms
[113.910s][info][gc,marking     ] GC(199) Concurrent Preclean
[113.910s][info][gc,marking     ] GC(199) Concurrent Preclean 0.072ms
[113.910s][info][gc,start       ] GC(199) Pause Remark
[113.911s][info][gc             ] GC(199) Pause Remark 67M->67M(176M) 1.386ms
[113.911s][info][gc,cpu         ] GC(199) User=0.00s Sys=0.00s Real=0.00s
[113.911s][info][gc,marking     ] GC(199) Concurrent Mark 7.789ms
[113.911s][info][gc,marking     ] GC(199) Concurrent Rebuild Remembered Sets and Scrub Regions
[113.914s][info][gc,marking     ] GC(199) Concurrent Rebuild Remembered Sets and Scrub Regions 2.844ms
[113.915s][info][gc,start       ] GC(199) Pause Cleanup
[113.915s][info][gc             ] GC(199) Pause Cleanup 88M->88M(176M) 0.091ms
[113.915s][info][gc,cpu         ] GC(199) User=0.00s Sys=0.00s Real=0.00s
[113.915s][info][gc,marking     ] GC(199) Concurrent Clear Claimed Marks
[113.915s][info][gc,marking     ] GC(199) Concurrent Clear Claimed Marks 0.046ms
[113.915s][info][gc,marking     ] GC(199) Concurrent Cleanup for Next Mark
[113.915s][info][gc,marking     ] GC(199) Concurrent Cleanup for Next Mark 0.450ms
[113.916s][info][gc             ] GC(199) Concurrent Mark Cycle 13.837ms
[113.920s][info][gc,start       ] GC(200) Pause Young (Prepare Mixed) (G1 Evacuation Pause)
[113.920s][info][gc,task        ] GC(200) Using 4 workers of 33 for evacuation
[113.930s][info][gc,phases      ] GC(200)   Pre Evacuate Collection Set: 0.1ms
[113.930s][info][gc,phases      ] GC(200)   Merge Heap Roots: 0.1ms
[113.930s][info][gc,phases      ] GC(200)   Evacuate Collection Set: 1.3ms
[113.930s][info][gc,phases      ] GC(200)   Post Evacuate Collection Set: 8.6ms
[113.930s][info][gc,phases      ] GC(200)   Other: 0.1ms
[113.930s][info][gc,heap        ] GC(200) Eden regions: 50->0(332)
[113.930s][info][gc,heap        ] GC(200) Survivor regions: 1->1(7)
[113.930s][info][gc,heap        ] GC(200) Old regions: 12->12
[113.930s][info][gc,heap        ] GC(200) Archive regions: 0->0
[113.930s][info][gc,heap        ] GC(200) Humongous regions: 0->0
[113.930s][info][gc,metaspace   ] GC(200) Metaspace: 16642K(17280K)->16642K(17280K) NonClass: 14220K(14592K)->14220K(14592K) Class: 2421K(2688K)->2421K(2688K)
[113.930s][info][gc             ] GC(200) Pause Young (Prepare Mixed) (G1 Evacuation Pause) 117M->17M(1112M) 10.243ms
[113.930s][info][gc,cpu         ] GC(200) User=0.00s Sys=0.00s Real=0.00s
[114.292s][info][gc,start       ] GC(201) Pause Young (Mixed) (G1 Evacuation Pause)
[114.292s][info][gc,task        ] GC(201) Using 26 workers of 33 for evacuation
[114.294s][info][gc,phases      ] GC(201)   Pre Evacuate Collection Set: 0.2ms
[114.294s][info][gc,phases      ] GC(201)   Merge Heap Roots: 0.1ms
[114.294s][info][gc,phases      ] GC(201)   Evacuate Collection Set: 1.4ms
[114.294s][info][gc,phases      ] GC(201)   Post Evacuate Collection Set: 0.6ms
[114.294s][info][gc,phases      ] GC(201)   Other: 0.1ms
[114.294s][info][gc,heap        ] GC(201) Eden regions: 332->0(332)
[114.294s][info][gc,heap        ] GC(201) Survivor regions: 1->1(42)
[114.294s][info][gc,heap        ] GC(201) Old regions: 12->10
[114.294s][info][gc,heap        ] GC(201) Archive regions: 0->0
[114.294s][info][gc,heap        ] GC(201) Humongous regions: 0->0
[114.294s][info][gc,metaspace   ] GC(201) Metaspace: 16642K(17280K)->16642K(17280K) NonClass: 14220K(14592K)->14220K(14592K) Class: 2421K(2688K)->2421K(2688K)
[114.294s][info][gc             ] GC(201) Pause Young (Mixed) (G1 Evacuation Pause) 681M->16M(1112M) 2.587ms
[114.294s][info][gc,cpu         ] GC(201) User=0.00s Sys=0.00s Real=0.00s
[114.403s][info][gc,start       ] GC(202) Pause Young (Concurrent Start) (G1 Evacuation Pause)
[114.403s][info][gc,task        ] GC(202) Using 26 workers of 33 for evacuation
[114.405s][info][gc,phases      ] GC(202)   Pre Evacuate Collection Set: 0.3ms
[114.405s][info][gc,phases      ] GC(202)   Merge Heap Roots: 0.1ms
[114.405s][info][gc,phases      ] GC(202)   Evacuate Collection Set: 0.9ms
[114.405s][info][gc,phases      ] GC(202)   Post Evacuate Collection Set: 0.6ms
[114.405s][info][gc,phases      ] GC(202)   Other: 0.1ms
[114.405s][info][gc,heap        ] GC(202) Eden regions: 332->0(332)
[114.405s][info][gc,heap        ] GC(202) Survivor regions: 1->1(42)
[114.405s][info][gc,heap        ] GC(202) Old regions: 10->10
[114.405s][info][gc,heap        ] GC(202) Archive regions: 0->0
[114.405s][info][gc,heap        ] GC(202) Humongous regions: 0->0
[114.405s][info][gc,metaspace   ] GC(202) Metaspace: 16642K(17280K)->16642K(17280K) NonClass: 14220K(14592K)->14220K(14592K) Class: 2421K(2688K)->2421K(2688K)
[114.405s][info][gc             ] GC(202) Pause Young (Concurrent Start) (G1 Evacuation Pause) 680M->16M(1112M) 2.326ms
[114.406s][info][gc             ] GC(203) Concurrent Mark Cycle
[114.406s][info][gc,cpu         ] GC(202) User=0.28s Sys=0.13s Real=0.02s
[114.406s][info][gc,marking     ] GC(203) Concurrent Scan Root Regions
[114.408s][info][gc,marking     ] GC(203) Concurrent Scan Root Regions 2.048ms
[114.408s][info][gc,marking     ] GC(203) Concurrent Mark
[114.408s][info][gc,marking     ] GC(203) Concurrent Mark From Roots
[114.408s][info][gc,task        ] GC(203) Using 8 workers of 8 for marking
[114.414s][info][gc,marking     ] GC(203) Concurrent Mark From Roots 6.302ms
[114.414s][info][gc,marking     ] GC(203) Concurrent Preclean
[114.414s][info][gc,marking     ] GC(203) Concurrent Preclean 0.058ms
[114.414s][info][gc,start       ] GC(203) Pause Remark
[114.415s][info][gc             ] GC(203) Pause Remark 71M->71M(260M) 1.003ms
[114.415s][info][gc,cpu         ] GC(203) User=0.00s Sys=0.00s Real=0.00s
[114.415s][info][gc,marking     ] GC(203) Concurrent Mark 7.838ms
[114.416s][info][gc,marking     ] GC(203) Concurrent Rebuild Remembered Sets and Scrub Regions
[114.418s][info][gc,marking     ] GC(203) Concurrent Rebuild Remembered Sets and Scrub Regions 2.504ms
[114.418s][info][gc,start       ] GC(203) Pause Cleanup
[114.418s][info][gc             ] GC(203) Pause Cleanup 84M->84M(260M) 0.096ms
[114.418s][info][gc,cpu         ] GC(203) User=0.00s Sys=0.00s Real=0.00s
[114.418s][info][gc,marking     ] GC(203) Concurrent Clear Claimed Marks
[114.418s][info][gc,marking     ] GC(203) Concurrent Clear Claimed Marks 0.029ms
[114.418s][info][gc,marking     ] GC(203) Concurrent Cleanup for Next Mark
[114.419s][info][gc,marking     ] GC(203) Concurrent Cleanup for Next Mark 0.999ms
[114.419s][info][gc             ] GC(203) Concurrent Mark Cycle 13.940ms
[114.455s][info][gc,start       ] GC(204) Pause Young (Prepare Mixed) (G1 Evacuation Pause)
[114.455s][info][gc,task        ] GC(204) Using 16 workers of 33 for evacuation
[114.456s][info][gc,phases      ] GC(204)   Pre Evacuate Collection Set: 0.1ms
[114.456s][info][gc,phases      ] GC(204)   Merge Heap Roots: 0.1ms
[114.456s][info][gc,phases      ] GC(204)   Evacuate Collection Set: 0.6ms
[114.456s][info][gc,phases      ] GC(204)   Post Evacuate Collection Set: 0.4ms
[114.456s][info][gc,phases      ] GC(204)   Other: 0.1ms
[114.456s][info][gc,heap        ] GC(204) Eden regions: 119->0(77)
[114.456s][info][gc,heap        ] GC(204) Survivor regions: 1->1(42)
[114.456s][info][gc,heap        ] GC(204) Old regions: 10->10
[114.456s][info][gc,heap        ] GC(204) Archive regions: 0->0
[114.456s][info][gc,heap        ] GC(204) Humongous regions: 0->0
[114.456s][info][gc,metaspace   ] GC(204) Metaspace: 16642K(17280K)->16642K(17280K) NonClass: 14220K(14592K)->14220K(14592K) Class: 2421K(2688K)->2421K(2688K)
[114.456s][info][gc             ] GC(204) Pause Young (Prepare Mixed) (G1 Evacuation Pause) 254M->15M(262M) 1.430ms
[114.456s][info][gc,cpu         ] GC(204) User=0.00s Sys=0.00s Real=0.00s
[114.481s][info][gc,start       ] GC(205) Pause Young (Mixed) (G1 Evacuation Pause)
[114.481s][info][gc,task        ] GC(205) Using 11 workers of 33 for evacuation
[114.482s][info][gc,phases      ] GC(205)   Pre Evacuate Collection Set: 0.1ms
[114.482s][info][gc,phases      ] GC(205)   Merge Heap Roots: 0.1ms
[114.482s][info][gc,phases      ] GC(205)   Evacuate Collection Set: 0.7ms
[114.482s][info][gc,phases      ] GC(205)   Post Evacuate Collection Set: 0.3ms
[114.482s][info][gc,phases      ] GC(205)   Other: 0.1ms
[114.482s][info][gc,heap        ] GC(205) Eden regions: 77->0(77)
[114.482s][info][gc,heap        ] GC(205) Survivor regions: 1->1(10)
[114.482s][info][gc,heap        ] GC(205) Old regions: 10->10
[114.482s][info][gc,heap        ] GC(205) Archive regions: 0->0
[114.482s][info][gc,heap        ] GC(205) Humongous regions: 0->0
[114.482s][info][gc,metaspace   ] GC(205) Metaspace: 16642K(17280K)->16642K(17280K) NonClass: 14220K(14592K)->14220K(14592K) Class: 2421K(2688K)->2421K(2688K)
[114.482s][info][gc             ] GC(205) Pause Young (Mixed) (G1 Evacuation Pause) 169M->16M(262M) 1.500ms
[114.482s][info][gc,cpu         ] GC(205) User=0.00s Sys=0.00s Real=0.00s
[114.506s][info][gc,start       ] GC(206) Pause Young (Concurrent Start) (G1 Evacuation Pause)
[114.507s][info][gc,task        ] GC(206) Using 8 workers of 33 for evacuation
[114.511s][info][gc,phases      ] GC(206)   Pre Evacuate Collection Set: 0.2ms
[114.511s][info][gc,phases      ] GC(206)   Merge Heap Roots: 0.1ms
[114.511s][info][gc,phases      ] GC(206)   Evacuate Collection Set: 0.7ms
[114.511s][info][gc,phases      ] GC(206)   Post Evacuate Collection Set: 3.1ms
[114.511s][info][gc,phases      ] GC(206)   Other: 0.1ms
[114.511s][info][gc,heap        ] GC(206) Eden regions: 77->0(345)
[114.511s][info][gc,heap        ] GC(206) Survivor regions: 1->1(10)
[114.511s][info][gc,heap        ] GC(206) Old regions: 10->10
[114.511s][info][gc,heap        ] GC(206) Archive regions: 0->0
[114.511s][info][gc,heap        ] GC(206) Humongous regions: 0->0
[114.511s][info][gc,metaspace   ] GC(206) Metaspace: 16642K(17280K)->16642K(17280K) NonClass: 14220K(14592K)->14220K(14592K) Class: 2421K(2688K)->2421K(2688K)
[114.511s][info][gc             ] GC(206) Pause Young (Concurrent Start) (G1 Evacuation Pause) 170M->16M(1156M) 4.373ms
[114.511s][info][gc             ] GC(207) Concurrent Mark Cycle
[114.511s][info][gc,cpu         ] GC(206) User=0.00s Sys=0.00s Real=0.00s
[114.511s][info][gc,marking     ] GC(207) Concurrent Scan Root Regions
[114.513s][info][gc,marking     ] GC(207) Concurrent Scan Root Regions 1.674ms
[114.513s][info][gc,marking     ] GC(207) Concurrent Mark
[114.513s][info][gc,marking     ] GC(207) Concurrent Mark From Roots
[114.513s][info][gc,task        ] GC(207) Using 8 workers of 8 for marking
[114.518s][info][gc,marking     ] GC(207) Concurrent Mark From Roots 5.270ms
[114.518s][info][gc,marking     ] GC(207) Concurrent Preclean
[114.518s][info][gc,marking     ] GC(207) Concurrent Preclean 0.035ms
[114.518s][info][gc,start       ] GC(207) Pause Remark
[114.519s][info][gc             ] GC(207) Pause Remark 31M->31M(128M) 1.031ms
[114.519s][info][gc,cpu         ] GC(207) User=0.00s Sys=0.00s Real=0.00s
[114.520s][info][gc,marking     ] GC(207) Concurrent Mark 7.373ms
[114.520s][info][gc,marking     ] GC(207) Concurrent Rebuild Remembered Sets and Scrub Regions
[114.523s][info][gc,marking     ] GC(207) Concurrent Rebuild Remembered Sets and Scrub Regions 2.711ms
[114.523s][info][gc,start       ] GC(207) Pause Cleanup
[114.523s][info][gc             ] GC(207) Pause Cleanup 49M->49M(128M) 0.089ms
[114.523s][info][gc,cpu         ] GC(207) User=0.00s Sys=0.00s Real=0.00s
[114.523s][info][gc,marking     ] GC(207) Concurrent Clear Claimed Marks
[114.523s][info][gc,marking     ] GC(207) Concurrent Clear Claimed Marks 0.028ms
[114.523s][info][gc,marking     ] GC(207) Concurrent Cleanup for Next Mark
[114.524s][info][gc,marking     ] GC(207) Concurrent Cleanup for Next Mark 0.453ms
[114.524s][info][gc             ] GC(207) Concurrent Mark Cycle 12.970ms
[114.542s][info][gc,start       ] GC(208) Pause Young (Prepare Mixed) (G1 Evacuation Pause)
[114.542s][info][gc,task        ] GC(208) Using 5 workers of 33 for evacuation
[114.544s][info][gc,phases      ] GC(208)   Pre Evacuate Collection Set: 0.1ms
[114.544s][info][gc,phases      ] GC(208)   Merge Heap Roots: 0.1ms
[114.544s][info][gc,phases      ] GC(208)   Evacuate Collection Set: 1.2ms
[114.544s][info][gc,phases      ] GC(208)   Post Evacuate Collection Set: 0.3ms
[114.544s][info][gc,phases      ] GC(208)   Other: 0.1ms
[114.544s][info][gc,heap        ] GC(208) Eden regions: 53->0(38)
[114.544s][info][gc,heap        ] GC(208) Survivor regions: 1->1(44)
[114.544s][info][gc,heap        ] GC(208) Old regions: 10->10
[114.544s][info][gc,heap        ] GC(208) Archive regions: 0->0
[114.544s][info][gc,heap        ] GC(208) Humongous regions: 0->0
[114.544s][info][gc,metaspace   ] GC(208) Metaspace: 16642K(17280K)->16642K(17280K) NonClass: 14220K(14592K)->14220K(14592K) Class: 2421K(2688K)->2421K(2688K)
[114.544s][info][gc             ] GC(208) Pause Young (Prepare Mixed) (G1 Evacuation Pause) 122M->16M(130M) 1.951ms
[114.544s][info][gc,cpu         ] GC(208) User=0.08s Sys=0.00s Real=0.02s
[114.556s][info][gc,start       ] GC(209) Pause Young (Mixed) (G1 Evacuation Pause)
[114.556s][info][gc,task        ] GC(209) Using 4 workers of 33 for evacuation
[114.558s][info][gc,phases      ] GC(209)   Pre Evacuate Collection Set: 0.1ms
[114.558s][info][gc,phases      ] GC(209)   Merge Heap Roots: 0.0ms
[114.558s][info][gc,phases      ] GC(209)   Evacuate Collection Set: 1.8ms
[114.558s][info][gc,phases      ] GC(209)   Post Evacuate Collection Set: 0.3ms
[114.558s][info][gc,phases      ] GC(209)   Other: 0.1ms
[114.558s][info][gc,heap        ] GC(209) Eden regions: 38->0(38)
[114.558s][info][gc,heap        ] GC(209) Survivor regions: 1->1(5)
[114.558s][info][gc,heap        ] GC(209) Old regions: 10->10
[114.558s][info][gc,heap        ] GC(209) Archive regions: 0->0
[114.558s][info][gc,heap        ] GC(209) Humongous regions: 0->0
[114.558s][info][gc,metaspace   ] GC(209) Metaspace: 16642K(17280K)->16642K(17280K) NonClass: 14220K(14592K)->14220K(14592K) Class: 2421K(2688K)->2421K(2688K)
[114.558s][info][gc             ] GC(209) Pause Young (Mixed) (G1 Evacuation Pause) 92M->16M(130M) 2.528ms
[114.558s][info][gc,cpu         ] GC(209) User=0.00s Sys=0.00s Real=0.00s
[114.570s][info][gc,start       ] GC(210) Pause Young (Concurrent Start) (G1 Evacuation Pause)
[114.570s][info][gc,task        ] GC(210) Using 3 workers of 33 for evacuation
[114.573s][info][gc,phases      ] GC(210)   Pre Evacuate Collection Set: 0.2ms
[114.573s][info][gc,phases      ] GC(210)   Merge Heap Roots: 0.1ms
[114.573s][info][gc,phases      ] GC(210)   Evacuate Collection Set: 1.7ms
[114.573s][info][gc,phases      ] GC(210)   Post Evacuate Collection Set: 0.3ms
[114.573s][info][gc,phases      ] GC(210)   Other: 0.1ms
[114.573s][info][gc,heap        ] GC(210) Eden regions: 38->0(38)
[114.573s][info][gc,heap        ] GC(210) Survivor regions: 1->1(5)
[114.573s][info][gc,heap        ] GC(210) Old regions: 10->10
[114.573s][info][gc,heap        ] GC(210) Archive regions: 0->0
[114.573s][info][gc,heap        ] GC(210) Humongous regions: 0->0
[114.573s][info][gc,metaspace   ] GC(210) Metaspace: 16642K(17280K)->16642K(17280K) NonClass: 14220K(14592K)->14220K(14592K) Class: 2421K(2688K)->2421K(2688K)
[114.573s][info][gc             ] GC(210) Pause Young (Concurrent Start) (G1 Evacuation Pause) 92M->16M(130M) 2.414ms
[114.573s][info][gc             ] GC(211) Concurrent Mark Cycle
[114.573s][info][gc,cpu         ] GC(210) User=0.00s Sys=0.00s Real=0.00s
[114.573s][info][gc,marking     ] GC(211) Concurrent Scan Root Regions
[114.575s][info][gc,marking     ] GC(211) Concurrent Scan Root Regions 1.851ms
[114.575s][info][gc,marking     ] GC(211) Concurrent Mark
[114.575s][info][gc,marking     ] GC(211) Concurrent Mark From Roots
[114.575s][info][gc,task        ] GC(211) Using 8 workers of 8 for marking
[114.580s][info][gc,marking     ] GC(211) Concurrent Mark From Roots 5.836ms
[114.581s][info][gc,marking     ] GC(211) Concurrent Preclean
[114.581s][info][gc,marking     ] GC(211) Concurrent Preclean 0.055ms
[114.585s][info][gc,start       ] GC(211) Pause Remark
[114.587s][info][gc             ] GC(211) Pause Remark 64M->64M(130M) 1.645ms
[114.587s][info][gc,cpu         ] GC(211) User=0.00s Sys=0.00s Real=0.00s
[114.587s][info][gc,marking     ] GC(211) Concurrent Mark 12.327ms
[114.587s][info][gc,marking     ] GC(211) Concurrent Rebuild Remembered Sets and Scrub Regions
[114.590s][info][gc,marking     ] GC(211) Concurrent Rebuild Remembered Sets and Scrub Regions 2.875ms
[114.590s][info][gc,start       ] GC(211) Pause Cleanup
[114.590s][info][gc             ] GC(211) Pause Cleanup 82M->82M(130M) 0.083ms
[114.590s][info][gc,cpu         ] GC(211) User=0.00s Sys=0.00s Real=0.00s
[114.590s][info][gc,marking     ] GC(211) Concurrent Clear Claimed Marks
[114.590s][info][gc,marking     ] GC(211) Concurrent Clear Claimed Marks 0.049ms
[114.590s][info][gc,marking     ] GC(211) Concurrent Cleanup for Next Mark
[114.591s][info][gc,marking     ] GC(211) Concurrent Cleanup for Next Mark 0.301ms
[114.591s][info][gc             ] GC(211) Concurrent Mark Cycle 17.921ms
[114.592s][info][gc,start       ] GC(212) Pause Young (Prepare Mixed) (G1 Evacuation Pause)
[114.592s][info][gc,task        ] GC(212) Using 3 workers of 33 for evacuation
[114.598s][info][gc,phases      ] GC(212)   Pre Evacuate Collection Set: 0.1ms
[114.598s][info][gc,phases      ] GC(212)   Merge Heap Roots: 0.1ms
[114.598s][info][gc,phases      ] GC(212)   Evacuate Collection Set: 2.0ms
[114.598s][info][gc,phases      ] GC(212)   Post Evacuate Collection Set: 3.9ms
[114.598s][info][gc,phases      ] GC(212)   Other: 0.1ms
[114.598s][info][gc,heap        ] GC(212) Eden regions: 38->0(326)
[114.598s][info][gc,heap        ] GC(212) Survivor regions: 1->1(5)
[114.598s][info][gc,heap        ] GC(212) Old regions: 10->10
[114.598s][info][gc,heap        ] GC(212) Archive regions: 0->0
[114.598s][info][gc,heap        ] GC(212) Humongous regions: 0->0
[114.598s][info][gc,metaspace   ] GC(212) Metaspace: 16642K(17280K)->16642K(17280K) NonClass: 14220K(14592K)->14220K(14592K) Class: 2421K(2688K)->2421K(2688K)
[114.598s][info][gc             ] GC(212) Pause Young (Prepare Mixed) (G1 Evacuation Pause) 92M->16M(1090M) 6.340ms
[114.598s][info][gc,cpu         ] GC(212) User=0.00s Sys=0.00s Real=0.00s
[114.928s][info][gc,start       ] GC(213) Pause Young (Mixed) (G1 Evacuation Pause)
[114.928s][info][gc,task        ] GC(213) Using 26 workers of 33 for evacuation
[114.982s][info][gc,phases      ] GC(213)   Pre Evacuate Collection Set: 0.2ms
[114.982s][info][gc,phases      ] GC(213)   Merge Heap Roots: 0.2ms
[114.982s][info][gc,phases      ] GC(213)   Evacuate Collection Set: 52.6ms
[114.982s][info][gc,phases      ] GC(213)   Post Evacuate Collection Set: 0.8ms
[114.982s][info][gc,phases      ] GC(213)   Other: 0.2ms
[114.982s][info][gc,heap        ] GC(213) Eden regions: 326->0(286)
[114.982s][info][gc,heap        ] GC(213) Survivor regions: 1->41(41)
[114.982s][info][gc,heap        ] GC(213) Old regions: 10->62
[114.982s][info][gc,heap        ] GC(213) Archive regions: 0->0
[114.982s][info][gc,heap        ] GC(213) Humongous regions: 0->0
[114.982s][info][gc,metaspace   ] GC(213) Metaspace: 16642K(17280K)->16642K(17280K) NonClass: 14220K(14592K)->14220K(14592K) Class: 2421K(2688K)->2421K(2688K)
[114.982s][info][gc             ] GC(213) Pause Young (Mixed) (G1 Evacuation Pause) 668M->202M(1090M) 54.360ms
[114.982s][info][gc,cpu         ] GC(213) User=0.70s Sys=0.52s Real=0.05s
[122.558s][info][gc,start       ] GC(214) Pause Young (Concurrent Start) (G1 Evacuation Pause)
[122.558s][info][gc,task        ] GC(214) Using 26 workers of 33 for evacuation
[122.604s][info][gc,phases      ] GC(214)   Pre Evacuate Collection Set: 0.4ms
[122.605s][info][gc,phases      ] GC(214)   Merge Heap Roots: 0.7ms
[122.605s][info][gc,phases      ] GC(214)   Evacuate Collection Set: 45.0ms
[122.605s][info][gc,phases      ] GC(214)   Post Evacuate Collection Set: 0.6ms
[122.605s][info][gc,phases      ] GC(214)   Other: 0.0ms
[122.605s][info][gc,heap        ] GC(214) Eden regions: 286->0(290)
[122.605s][info][gc,heap        ] GC(214) Survivor regions: 41->37(41)
[122.605s][info][gc,heap        ] GC(214) Old regions: 62->104
[122.605s][info][gc,heap        ] GC(214) Archive regions: 0->0
[122.605s][info][gc,heap        ] GC(214) Humongous regions: 0->0
[122.605s][info][gc,metaspace   ] GC(214) Metaspace: 16643K(17280K)->16643K(17280K) NonClass: 14221K(14592K)->14221K(14592K) Class: 2421K(2688K)->2421K(2688K)
[122.605s][info][gc             ] GC(214) Pause Young (Concurrent Start) (G1 Evacuation Pause) 774M->276M(1090M) 47.096ms
[122.605s][info][gc             ] GC(215) Concurrent Mark Cycle
[122.605s][info][gc,cpu         ] GC(214) User=0.88s Sys=0.34s Real=0.05s
[122.605s][info][gc,marking     ] GC(215) Concurrent Scan Root Regions
[122.615s][info][gc,marking     ] GC(215) Concurrent Scan Root Regions 9.893ms
[122.615s][info][gc,marking     ] GC(215) Concurrent Mark
[122.615s][info][gc,marking     ] GC(215) Concurrent Mark From Roots
[122.615s][info][gc,task        ] GC(215) Using 8 workers of 8 for marking
[122.619s][info][gc,marking     ] GC(215) Concurrent Mark From Roots 4.162ms
[122.619s][info][gc,marking     ] GC(215) Concurrent Preclean
[122.619s][info][gc,marking     ] GC(215) Concurrent Preclean 0.028ms
[122.619s][info][gc,start       ] GC(215) Pause Remark
[122.620s][info][gc             ] GC(215) Pause Remark 293M->293M(1000M) 1.116ms
[122.620s][info][gc,cpu         ] GC(215) User=0.00s Sys=0.00s Real=0.00s
[122.620s][info][gc,marking     ] GC(215) Concurrent Mark 5.524ms
[122.620s][info][gc,marking     ] GC(215) Concurrent Rebuild Remembered Sets and Scrub Regions
[122.631s][info][gc,marking     ] GC(215) Concurrent Rebuild Remembered Sets and Scrub Regions 10.602ms
[122.631s][info][gc,start       ] GC(215) Pause Cleanup
[122.631s][info][gc             ] GC(215) Pause Cleanup 301M->301M(1000M) 0.204ms
[122.631s][info][gc,cpu         ] GC(215) User=0.00s Sys=0.00s Real=0.00s
[122.631s][info][gc,marking     ] GC(215) Concurrent Clear Claimed Marks
[122.631s][info][gc,marking     ] GC(215) Concurrent Clear Claimed Marks 0.026ms
[122.631s][info][gc,marking     ] GC(215) Concurrent Cleanup for Next Mark
[122.633s][info][gc,marking     ] GC(215) Concurrent Cleanup for Next Mark 1.538ms
[122.633s][info][gc             ] GC(215) Concurrent Mark Cycle 28.075ms
[123.064s][info][gc,start       ] GC(216) Pause Young (Prepare Mixed) (G1 Evacuation Pause)
[123.065s][info][gc,task        ] GC(216) Using 25 workers of 33 for evacuation
[123.138s][info][gc,phases      ] GC(216)   Pre Evacuate Collection Set: 0.2ms
[123.138s][info][gc,phases      ] GC(216)   Merge Heap Roots: 0.3ms
[123.138s][info][gc,phases      ] GC(216)   Evacuate Collection Set: 72.6ms
[123.138s][info][gc,phases      ] GC(216)   Post Evacuate Collection Set: 0.5ms
[123.138s][info][gc,phases      ] GC(216)   Other: 0.2ms
[123.138s][info][gc,heap        ] GC(216) Eden regions: 263->0(170)
[123.138s][info][gc,heap        ] GC(216) Survivor regions: 37->38(38)
[123.139s][info][gc,heap        ] GC(216) Old regions: 104->192
[123.139s][info][gc,heap        ] GC(216) Archive regions: 0->0
[123.139s][info][gc,heap        ] GC(216) Humongous regions: 0->0
[123.139s][info][gc,metaspace   ] GC(216) Metaspace: 16643K(17280K)->16643K(17280K) NonClass: 14221K(14592K)->14221K(14592K) Class: 2421K(2688K)->2421K(2688K)
[123.139s][info][gc             ] GC(216) Pause Young (Prepare Mixed) (G1 Evacuation Pause) 802M->455M(1060M) 74.129ms
[123.139s][info][gc,cpu         ] GC(216) User=1.38s Sys=0.58s Real=0.08s
[123.439s][info][gc,start       ] GC(217) Pause Young (Mixed) (G1 Evacuation Pause)
[123.439s][info][gc,task        ] GC(217) Using 25 workers of 33 for evacuation
[123.496s][info][gc,phases      ] GC(217)   Pre Evacuate Collection Set: 0.2ms
[123.496s][info][gc,phases      ] GC(217)   Merge Heap Roots: 0.3ms
[123.496s][info][gc,phases      ] GC(217)   Evacuate Collection Set: 55.2ms
[123.496s][info][gc,phases      ] GC(217)   Post Evacuate Collection Set: 0.5ms
[123.496s][info][gc,phases      ] GC(217)   Other: 0.1ms
[123.496s][info][gc,heap        ] GC(217) Eden regions: 170->0(135)
[123.496s][info][gc,heap        ] GC(217) Survivor regions: 38->26(26)
[123.496s][info][gc,heap        ] GC(217) Old regions: 192->248
[123.496s][info][gc,heap        ] GC(217) Archive regions: 0->0
[123.496s][info][gc,heap        ] GC(217) Humongous regions: 0->0
[123.496s][info][gc,metaspace   ] GC(217) Metaspace: 16643K(17280K)->16643K(17280K) NonClass: 14221K(14592K)->14221K(14592K) Class: 2421K(2688K)->2421K(2688K)
[123.496s][info][gc             ] GC(217) Pause Young (Mixed) (G1 Evacuation Pause) 795M->542M(1060M) 56.617ms
[123.496s][info][gc,cpu         ] GC(217) User=1.19s Sys=0.00s Real=0.07s
[123.588s][info][gc,start       ] GC(218) Pause Young (Concurrent Start) (G1 Humongous Allocation)
[123.588s][info][gc,task        ] GC(218) Using 25 workers of 33 for evacuation
[123.625s][info][gc,phases      ] GC(218)   Pre Evacuate Collection Set: 0.4ms
[123.625s][info][gc,phases      ] GC(218)   Merge Heap Roots: 0.2ms
[123.625s][info][gc,phases      ] GC(218)   Evacuate Collection Set: 31.1ms
[123.625s][info][gc,phases      ] GC(218)   Post Evacuate Collection Set: 4.9ms
[123.625s][info][gc,phases      ] GC(218)   Other: 0.1ms
[123.625s][info][gc,heap        ] GC(218) Eden regions: 52->0(319)
[123.625s][info][gc,heap        ] GC(218) Survivor regions: 26->21(21)
[123.625s][info][gc,heap        ] GC(218) Old regions: 248->281
[123.625s][info][gc,heap        ] GC(218) Archive regions: 0->0
[123.625s][info][gc,heap        ] GC(218) Humongous regions: 0->0
[123.625s][info][gc,metaspace   ] GC(218) Metaspace: 16643K(17280K)->16643K(17280K) NonClass: 14221K(14592K)->14221K(14592K) Class: 2421K(2688K)->2421K(2688K)
[123.625s][info][gc             ] GC(218) Pause Young (Concurrent Start) (G1 Humongous Allocation) 645M->598M(2246M) 36.954ms
[123.625s][info][gc             ] GC(219) Concurrent Mark Cycle
[123.625s][info][gc,cpu         ] GC(218) User=0.78s Sys=0.02s Real=0.05s
[123.625s][info][gc,marking     ] GC(219) Concurrent Scan Root Regions
[123.641s][info][gc,marking     ] GC(219) Concurrent Scan Root Regions 16.436ms
[123.641s][info][gc,marking     ] GC(219) Concurrent Mark
[123.641s][info][gc,marking     ] GC(219) Concurrent Mark From Roots
[123.641s][info][gc,task        ] GC(219) Using 8 workers of 8 for marking
[123.737s][info][gc,marking     ] GC(219) Concurrent Mark From Roots 95.274ms
[123.737s][info][gc,marking     ] GC(219) Concurrent Preclean
[123.737s][info][gc,marking     ] GC(219) Concurrent Preclean 0.069ms
[123.737s][info][gc,start       ] GC(219) Pause Remark
[123.738s][info][gc             ] GC(219) Pause Remark 628M->509M(1714M) 1.538ms
[123.739s][info][gc,cpu         ] GC(219) User=0.00s Sys=0.00s Real=0.00s
[123.739s][info][gc,marking     ] GC(219) Concurrent Mark 97.264ms
[123.739s][info][gc,marking     ] GC(219) Concurrent Rebuild Remembered Sets and Scrub Regions
[123.892s][info][gc,marking     ] GC(219) Concurrent Rebuild Remembered Sets and Scrub Regions 153.540ms
[123.892s][info][gc,start       ] GC(219) Pause Cleanup
[123.893s][info][gc             ] GC(219) Pause Cleanup 545M->545M(1714M) 0.291ms
[123.893s][info][gc,cpu         ] GC(219) User=0.00s Sys=0.00s Real=0.00s
[123.893s][info][gc,marking     ] GC(219) Concurrent Clear Claimed Marks
[123.893s][info][gc,marking     ] GC(219) Concurrent Clear Claimed Marks 0.049ms
[123.893s][info][gc,marking     ] GC(219) Concurrent Cleanup for Next Mark
[123.896s][info][gc,marking     ] GC(219) Concurrent Cleanup for Next Mark 2.781ms
[123.896s][info][gc             ] GC(219) Concurrent Mark Cycle 270.828ms
[125.088s][info][gc,start       ] GC(220) Pause Young (Prepare Mixed) (G1 Evacuation Pause)
[125.088s][info][gc,task        ] GC(220) Using 33 workers of 33 for evacuation
[125.126s][info][gc,phases      ] GC(220)   Pre Evacuate Collection Set: 0.2ms
[125.126s][info][gc,phases      ] GC(220)   Merge Heap Roots: 3.4ms
[125.126s][info][gc,phases      ] GC(220)   Evacuate Collection Set: 32.9ms
[125.126s][info][gc,phases      ] GC(220)   Post Evacuate Collection Set: 0.8ms
[125.126s][info][gc,phases      ] GC(220)   Other: 0.2ms
[125.126s][info][gc,heap        ] GC(220) Eden regions: 261->0(367)
[125.126s][info][gc,heap        ] GC(220) Survivor regions: 21->8(36)
[125.126s][info][gc,heap        ] GC(220) Old regions: 221->244
[125.126s][info][gc,heap        ] GC(220) Archive regions: 0->0
[125.126s][info][gc,heap        ] GC(220) Humongous regions: 4->4
[125.126s][info][gc,metaspace   ] GC(220) Metaspace: 16643K(17280K)->16643K(17280K) NonClass: 14221K(14592K)->14221K(14592K) Class: 2421K(2688K)->2421K(2688K)
[125.126s][info][gc             ] GC(220) Pause Young (Prepare Mixed) (G1 Evacuation Pause) 1009M->506M(1714M) 37.748ms
[125.126s][info][gc,cpu         ] GC(220) User=1.48s Sys=0.00s Real=0.05s
[126.996s][info][gc,start       ] GC(221) Pause Full (System.gc())
[126.996s][info][gc,task        ] GC(221) Using 33 workers of 33 for full compaction
[126.998s][info][gc,phases,start] GC(221) Phase 1: Mark live objects
[127.013s][info][gc,phases      ] GC(221) Phase 1: Mark live objects 15.317ms
[127.013s][info][gc,phases,start] GC(221) Phase 2: Prepare compaction
[127.015s][info][gc,phases      ] GC(221) Phase 2: Prepare compaction 1.847ms
[127.015s][info][gc,phases,start] GC(221) Phase 3: Adjust pointers
[127.019s][info][gc,phases      ] GC(221) Phase 3: Adjust pointers 3.965ms
[127.019s][info][gc,phases,start] GC(221) Phase 4: Compact heap
[127.020s][info][gc,phases      ] GC(221) Phase 4: Compact heap 1.277ms
[127.028s][info][gc,heap        ] GC(221) Eden regions: 87->0(26)
[127.028s][info][gc,heap        ] GC(221) Survivor regions: 8->0(36)
[127.028s][info][gc,heap        ] GC(221) Old regions: 244->21
[127.028s][info][gc,heap        ] GC(221) Archive regions: 0->0
[127.028s][info][gc,heap        ] GC(221) Humongous regions: 4->0
[127.028s][info][gc,metaspace   ] GC(221) Metaspace: 16645K(17280K)->16645K(17280K) NonClass: 14223K(14592K)->14223K(14592K) Class: 2421K(2688K)->2421K(2688K)
[127.028s][info][gc             ] GC(221) Pause Full (System.gc()) 680M->16M(140M) 32.036ms
[127.028s][info][gc,cpu         ] GC(221) User=1.03s Sys=0.00s Real=0.03s
[128.143s][info][gc,start       ] GC(222) Pause Young (Concurrent Start) (G1 Evacuation Pause)
[128.143s][info][gc,task        ] GC(222) Using 18 workers of 33 for evacuation
[128.187s][info][gc,phases      ] GC(222)   Pre Evacuate Collection Set: 0.3ms
[128.187s][info][gc,phases      ] GC(222)   Merge Heap Roots: 0.1ms
[128.187s][info][gc,phases      ] GC(222)   Evacuate Collection Set: 43.1ms
[128.187s][info][gc,phases      ] GC(222)   Post Evacuate Collection Set: 0.5ms
[128.187s][info][gc,phases      ] GC(222)   Other: 0.1ms
[128.187s][info][gc,heap        ] GC(222) Eden regions: 26->0(20)
[128.187s][info][gc,heap        ] GC(222) Survivor regions: 0->4(4)
[128.187s][info][gc,heap        ] GC(222) Old regions: 21->26
[128.187s][info][gc,heap        ] GC(222) Archive regions: 0->0
[128.187s][info][gc,heap        ] GC(222) Humongous regions: 0->0
[128.187s][info][gc,metaspace   ] GC(222) Metaspace: 16646K(17280K)->16646K(17280K) NonClass: 14224K(14592K)->14224K(14592K) Class: 2421K(2688K)->2421K(2688K)
[128.187s][info][gc             ] GC(222) Pause Young (Concurrent Start) (G1 Evacuation Pause) 68M->33M(140M) 44.452ms
[128.187s][info][gc             ] GC(223) Concurrent Mark Cycle
[128.187s][info][gc,cpu         ] GC(222) User=0.56s Sys=0.00s Real=0.03s
[128.187s][info][gc,marking     ] GC(223) Concurrent Scan Root Regions
[128.191s][info][gc,marking     ] GC(223) Concurrent Scan Root Regions 3.266ms
[128.191s][info][gc,marking     ] GC(223) Concurrent Mark
[128.191s][info][gc,marking     ] GC(223) Concurrent Mark From Roots
[128.191s][info][gc,task        ] GC(223) Using 8 workers of 8 for marking
[128.197s][info][gc,marking     ] GC(223) Concurrent Mark From Roots 5.862ms
[128.197s][info][gc,marking     ] GC(223) Concurrent Preclean
[128.197s][info][gc,marking     ] GC(223) Concurrent Preclean 0.047ms
[128.197s][info][gc,start       ] GC(223) Pause Remark
[128.198s][info][gc             ] GC(223) Pause Remark 33M->33M(140M) 0.877ms
[128.198s][info][gc,cpu         ] GC(223) User=0.00s Sys=0.00s Real=0.00s
[128.198s][info][gc,marking     ] GC(223) Concurrent Mark 7.025ms
[128.198s][info][gc,marking     ] GC(223) Concurrent Rebuild Remembered Sets and Scrub Regions
[128.203s][info][gc,marking     ] GC(223) Concurrent Rebuild Remembered Sets and Scrub Regions 5.011ms
[128.203s][info][gc,start       ] GC(223) Pause Cleanup
[128.203s][info][gc             ] GC(223) Pause Cleanup 34M->34M(140M) 0.097ms
[128.203s][info][gc,cpu         ] GC(223) User=0.00s Sys=0.00s Real=0.00s
[128.203s][info][gc,marking     ] GC(223) Concurrent Clear Claimed Marks
[128.203s][info][gc,marking     ] GC(223) Concurrent Clear Claimed Marks 0.018ms
[128.203s][info][gc,marking     ] GC(223) Concurrent Cleanup for Next Mark
[128.203s][info][gc,marking     ] GC(223) Concurrent Cleanup for Next Mark 0.164ms
[128.203s][info][gc             ] GC(223) Concurrent Mark Cycle 15.824ms
[128.961s][info][gc,start       ] GC(224) Pause Young (Prepare Mixed) (G1 Evacuation Pause)
[128.961s][info][gc,task        ] GC(224) Using 10 workers of 33 for evacuation
[129.001s][info][gc,phases      ] GC(224)   Pre Evacuate Collection Set: 0.1ms
[129.001s][info][gc,phases      ] GC(224)   Merge Heap Roots: 1.5ms
[129.001s][info][gc,phases      ] GC(224)   Evacuate Collection Set: 37.4ms
[129.001s][info][gc,phases      ] GC(224)   Post Evacuate Collection Set: 0.4ms
[129.001s][info][gc,phases      ] GC(224)   Other: 0.1ms
[129.001s][info][gc,heap        ] GC(224) Eden regions: 20->0(13)
[129.001s][info][gc,heap        ] GC(224) Survivor regions: 4->3(3)
[129.001s][info][gc,heap        ] GC(224) Old regions: 25->38
[129.001s][info][gc,heap        ] GC(224) Archive regions: 0->0
[129.001s][info][gc,heap        ] GC(224) Humongous regions: 0->0
[129.001s][info][gc,metaspace   ] GC(224) Metaspace: 16646K(17280K)->16646K(17280K) NonClass: 14224K(14592K)->14224K(14592K) Class: 2421K(2688K)->2421K(2688K)
[129.001s][info][gc             ] GC(224) Pause Young (Prepare Mixed) (G1 Evacuation Pause) 73M->57M(140M) 40.027ms
[129.001s][info][gc,cpu         ] GC(224) User=0.47s Sys=0.00s Real=0.05s
[129.006s][info][gc,start       ] GC(225) Pause Young (Mixed) (G1 Evacuation Pause)
[129.006s][info][gc,task        ] GC(225) Using 6 workers of 33 for evacuation
[129.009s][info][gc,phases      ] GC(225)   Pre Evacuate Collection Set: 0.1ms
[129.009s][info][gc,phases      ] GC(225)   Merge Heap Roots: 0.1ms
[129.009s][info][gc,phases      ] GC(225)   Evacuate Collection Set: 2.3ms
[129.009s][info][gc,phases      ] GC(225)   Post Evacuate Collection Set: 0.3ms
[129.009s][info][gc,phases      ] GC(225)   Other: 0.1ms
[129.009s][info][gc,heap        ] GC(225) Eden regions: 13->0(16)
[129.009s][info][gc,heap        ] GC(225) Survivor regions: 3->1(2)
[129.009s][info][gc,heap        ] GC(225) Old regions: 38->34
[129.009s][info][gc,heap        ] GC(225) Archive regions: 0->0
[129.009s][info][gc,heap        ] GC(225) Humongous regions: 0->0
[129.009s][info][gc,metaspace   ] GC(225) Metaspace: 16646K(17280K)->16646K(17280K) NonClass: 14224K(14592K)->14224K(14592K) Class: 2421K(2688K)->2421K(2688K)
[129.009s][info][gc             ] GC(225) Pause Young (Mixed) (G1 Evacuation Pause) 83M->59M(140M) 3.045ms
[129.009s][info][gc,cpu         ] GC(225) User=0.00s Sys=0.00s Real=0.00s
[129.014s][info][gc,start       ] GC(226) Pause Young (Mixed) (G1 Evacuation Pause)
[129.014s][info][gc,task        ] GC(226) Using 4 workers of 33 for evacuation
[129.019s][info][gc,phases      ] GC(226)   Pre Evacuate Collection Set: 0.1ms
[129.019s][info][gc,phases      ] GC(226)   Merge Heap Roots: 0.0ms
[129.019s][info][gc,phases      ] GC(226)   Evacuate Collection Set: 1.3ms
[129.019s][info][gc,phases      ] GC(226)   Post Evacuate Collection Set: 3.6ms
[129.019s][info][gc,phases      ] GC(226)   Other: 0.1ms
[129.019s][info][gc,heap        ] GC(226) Eden regions: 16->0(83)
[129.019s][info][gc,heap        ] GC(226) Survivor regions: 1->1(3)
[129.019s][info][gc,heap        ] GC(226) Old regions: 34->33
[129.019s][info][gc,heap        ] GC(226) Archive regions: 0->0
[129.019s][info][gc,heap        ] GC(226) Humongous regions: 0->0
[129.019s][info][gc,metaspace   ] GC(226) Metaspace: 16646K(17280K)->16646K(17280K) NonClass: 14224K(14592K)->14224K(14592K) Class: 2421K(2688K)->2421K(2688K)
[129.019s][info][gc             ] GC(226) Pause Young (Mixed) (G1 Evacuation Pause) 91M->60M(1094M) 5.307ms
[129.019s][info][gc,cpu         ] GC(226) User=0.00s Sys=0.02s Real=0.02s
[129.147s][info][gc,start       ] GC(227) Pause Young (Concurrent Start) (G1 Evacuation Pause)
[129.147s][info][gc,task        ] GC(227) Using 26 workers of 33 for evacuation
[129.149s][info][gc,phases      ] GC(227)   Pre Evacuate Collection Set: 0.3ms
[129.149s][info][gc,phases      ] GC(227)   Merge Heap Roots: 0.1ms
[129.149s][info][gc,phases      ] GC(227)   Evacuate Collection Set: 0.9ms
[129.149s][info][gc,phases      ] GC(227)   Post Evacuate Collection Set: 0.4ms
[129.149s][info][gc,phases      ] GC(227)   Other: 0.0ms
[129.149s][info][gc,heap        ] GC(227) Eden regions: 90->0(124)
[129.149s][info][gc,heap        ] GC(227) Survivor regions: 1->1(12)
[129.149s][info][gc,heap        ] GC(227) Old regions: 33->33
[129.149s][info][gc,heap        ] GC(227) Archive regions: 0->0
[129.149s][info][gc,heap        ] GC(227) Humongous regions: 0->0
[129.149s][info][gc,metaspace   ] GC(227) Metaspace: 16646K(17280K)->16646K(17280K) NonClass: 14224K(14592K)->14224K(14592K) Class: 2421K(2688K)->2421K(2688K)
[129.149s][info][gc             ] GC(227) Pause Young (Concurrent Start) (G1 Evacuation Pause) 240M->60M(1094M) 1.876ms
[129.149s][info][gc             ] GC(228) Concurrent Mark Cycle
[129.149s][info][gc,cpu         ] GC(227) User=0.00s Sys=0.00s Real=0.00s
[129.149s][info][gc,marking     ] GC(228) Concurrent Scan Root Regions
[129.151s][info][gc,marking     ] GC(228) Concurrent Scan Root Regions 1.867ms
[129.151s][info][gc,marking     ] GC(228) Concurrent Mark
[129.151s][info][gc,marking     ] GC(228) Concurrent Mark From Roots
[129.151s][info][gc,task        ] GC(228) Using 8 workers of 8 for marking
[129.160s][info][gc,marking     ] GC(228) Concurrent Mark From Roots 9.034ms
[129.160s][info][gc,marking     ] GC(228) Concurrent Preclean
[129.160s][info][gc,marking     ] GC(228) Concurrent Preclean 0.072ms
[129.160s][info][gc,start       ] GC(228) Pause Remark
[129.162s][info][gc             ] GC(228) Pause Remark 126M->96M(348M) 1.151ms
[129.162s][info][gc,cpu         ] GC(228) User=0.00s Sys=0.00s Real=0.00s
[129.162s][info][gc,marking     ] GC(228) Concurrent Mark 10.670ms
[129.162s][info][gc,marking     ] GC(228) Concurrent Rebuild Remembered Sets and Scrub Regions
[129.164s][info][gc,marking     ] GC(228) Concurrent Rebuild Remembered Sets and Scrub Regions 2.246ms
[129.164s][info][gc,start       ] GC(228) Pause Cleanup
[129.164s][info][gc             ] GC(228) Pause Cleanup 102M->102M(348M) 0.111ms
[129.164s][info][gc,cpu         ] GC(228) User=0.00s Sys=0.00s Real=0.00s
[129.166s][info][gc,marking     ] GC(228) Concurrent Clear Claimed Marks
[129.166s][info][gc,marking     ] GC(228) Concurrent Clear Claimed Marks 0.034ms
[129.166s][info][gc,marking     ] GC(228) Concurrent Cleanup for Next Mark
[129.168s][info][gc,marking     ] GC(228) Concurrent Cleanup for Next Mark 2.457ms
[129.168s][info][gc             ] GC(228) Concurrent Mark Cycle 18.956ms
[129.230s][info][gc,start       ] GC(229) Pause Young (Prepare Mixed) (G1 Evacuation Pause)
[129.230s][info][gc,task        ] GC(229) Using 17 workers of 33 for evacuation
[129.231s][info][gc,phases      ] GC(229)   Pre Evacuate Collection Set: 0.1ms
[129.232s][info][gc,phases      ] GC(229)   Merge Heap Roots: 0.1ms
[129.232s][info][gc,phases      ] GC(229)   Evacuate Collection Set: 0.5ms
[129.232s][info][gc,phases      ] GC(229)   Post Evacuate Collection Set: 0.3ms
[129.232s][info][gc,phases      ] GC(229)   Other: 0.1ms
[129.232s][info][gc,heap        ] GC(229) Eden regions: 103->0(87)
[129.232s][info][gc,heap        ] GC(229) Survivor regions: 1->1(13)
[129.232s][info][gc,heap        ] GC(229) Old regions: 18->18
[129.232s][info][gc,heap        ] GC(229) Archive regions: 0->0
[129.232s][info][gc,heap        ] GC(229) Humongous regions: 0->0
[129.232s][info][gc,metaspace   ] GC(229) Metaspace: 16646K(17280K)->16646K(17280K) NonClass: 14224K(14592K)->14224K(14592K) Class: 2421K(2688K)->2421K(2688K)
[129.232s][info][gc             ] GC(229) Pause Young (Prepare Mixed) (G1 Evacuation Pause) 236M->30M(348M) 1.280ms
[129.232s][info][gc,cpu         ] GC(229) User=0.00s Sys=0.00s Real=0.00s
[129.259s][info][gc,start       ] GC(230) Pause Young (Mixed) (G1 Evacuation Pause)
[129.259s][info][gc,task        ] GC(230) Using 12 workers of 33 for evacuation
[129.260s][info][gc,phases      ] GC(230)   Pre Evacuate Collection Set: 0.1ms
[129.260s][info][gc,phases      ] GC(230)   Merge Heap Roots: 0.1ms
[129.260s][info][gc,phases      ] GC(230)   Evacuate Collection Set: 0.5ms
[129.260s][info][gc,phases      ] GC(230)   Post Evacuate Collection Set: 0.3ms
[129.260s][info][gc,phases      ] GC(230)   Other: 0.1ms
[129.260s][info][gc,heap        ] GC(230) Eden regions: 87->0(95)
[129.260s][info][gc,heap        ] GC(230) Survivor regions: 1->1(11)
[129.260s][info][gc,heap        ] GC(230) Old regions: 18->17
[129.260s][info][gc,heap        ] GC(230) Archive regions: 0->0
[129.260s][info][gc,heap        ] GC(230) Humongous regions: 0->0
[129.260s][info][gc,metaspace   ] GC(230) Metaspace: 16646K(17280K)->16646K(17280K) NonClass: 14224K(14592K)->14224K(14592K) Class: 2421K(2688K)->2421K(2688K)
[129.260s][info][gc             ] GC(230) Pause Young (Mixed) (G1 Evacuation Pause) 204M->26M(348M) 1.333ms
[129.260s][info][gc,cpu         ] GC(230) User=0.00s Sys=0.00s Real=0.00s
[129.292s][info][gc,start       ] GC(231) Pause Young (Concurrent Start) (G1 Evacuation Pause)
[129.292s][info][gc,task        ] GC(231) Using 10 workers of 33 for evacuation
[129.300s][info][gc,phases      ] GC(231)   Pre Evacuate Collection Set: 0.2ms
[129.300s][info][gc,phases      ] GC(231)   Merge Heap Roots: 0.1ms
[129.300s][info][gc,phases      ] GC(231)   Evacuate Collection Set: 0.6ms
[129.300s][info][gc,phases      ] GC(231)   Post Evacuate Collection Set: 6.7ms
[129.300s][info][gc,phases      ] GC(231)   Other: 0.1ms
[129.300s][info][gc,heap        ] GC(231) Eden regions: 95->0(314)
[129.300s][info][gc,heap        ] GC(231) Survivor regions: 1->1(12)
[129.300s][info][gc,heap        ] GC(231) Old regions: 17->17
[129.300s][info][gc,heap        ] GC(231) Archive regions: 0->0
[129.300s][info][gc,heap        ] GC(231) Humongous regions: 0->0
[129.300s][info][gc,metaspace   ] GC(231) Metaspace: 16646K(17280K)->16646K(17280K) NonClass: 14224K(14592K)->14224K(14592K) Class: 2421K(2688K)->2421K(2688K)
[129.300s][info][gc             ] GC(231) Pause Young (Concurrent Start) (G1 Evacuation Pause) 216M->26M(1198M) 7.890ms
[129.300s][info][gc             ] GC(232) Concurrent Mark Cycle
[129.300s][info][gc,cpu         ] GC(231) User=0.00s Sys=0.00s Real=0.00s
[129.300s][info][gc,marking     ] GC(232) Concurrent Scan Root Regions
[129.302s][info][gc,marking     ] GC(232) Concurrent Scan Root Regions 1.681ms
[129.302s][info][gc,marking     ] GC(232) Concurrent Mark
[129.302s][info][gc,marking     ] GC(232) Concurrent Mark From Roots
[129.302s][info][gc,task        ] GC(232) Using 8 workers of 8 for marking
[129.310s][info][gc,marking     ] GC(232) Concurrent Mark From Roots 8.086ms
[129.310s][info][gc,marking     ] GC(232) Concurrent Preclean
[129.310s][info][gc,marking     ] GC(232) Concurrent Preclean 0.042ms
[129.310s][info][gc,start       ] GC(232) Pause Remark
[129.311s][info][gc             ] GC(232) Pause Remark 48M->48M(194M) 1.155ms
[129.311s][info][gc,cpu         ] GC(232) User=0.00s Sys=0.00s Real=0.00s
[129.312s][info][gc,marking     ] GC(232) Concurrent Mark 9.905ms
[129.312s][info][gc,marking     ] GC(232) Concurrent Rebuild Remembered Sets and Scrub Regions
[129.315s][info][gc,marking     ] GC(232) Concurrent Rebuild Remembered Sets and Scrub Regions 2.955ms
[129.315s][info][gc,start       ] GC(232) Pause Cleanup
[129.315s][info][gc             ] GC(232) Pause Cleanup 63M->63M(194M) 0.123ms
[129.315s][info][gc,cpu         ] GC(232) User=0.00s Sys=0.00s Real=0.00s
[129.315s][info][gc,marking     ] GC(232) Concurrent Clear Claimed Marks
[129.315s][info][gc,marking     ] GC(232) Concurrent Clear Claimed Marks 0.048ms
[129.315s][info][gc,marking     ] GC(232) Concurrent Cleanup for Next Mark
[129.316s][info][gc,marking     ] GC(232) Concurrent Cleanup for Next Mark 0.392ms
[129.316s][info][gc             ] GC(232) Concurrent Mark Cycle 15.776ms
[129.335s][info][gc,start       ] GC(233) Pause Young (Prepare Mixed) (G1 Evacuation Pause)
[129.335s][info][gc,task        ] GC(233) Using 7 workers of 33 for evacuation
[129.337s][info][gc,phases      ] GC(233)   Pre Evacuate Collection Set: 0.1ms
[129.337s][info][gc,phases      ] GC(233)   Merge Heap Roots: 0.1ms
[129.337s][info][gc,phases      ] GC(233)   Evacuate Collection Set: 0.8ms
[129.337s][info][gc,phases      ] GC(233)   Post Evacuate Collection Set: 0.3ms
[129.337s][info][gc,phases      ] GC(233)   Other: 0.1ms
[129.337s][info][gc,heap        ] GC(233) Eden regions: 79->0(57)
[129.337s][info][gc,heap        ] GC(233) Survivor regions: 1->1(42)
[129.337s][info][gc,heap        ] GC(233) Old regions: 17->17
[129.337s][info][gc,heap        ] GC(233) Archive regions: 0->0
[129.337s][info][gc,heap        ] GC(233) Humongous regions: 0->0
[129.337s][info][gc,metaspace   ] GC(233) Metaspace: 16646K(17280K)->16646K(17280K) NonClass: 14224K(14592K)->14224K(14592K) Class: 2421K(2688K)->2421K(2688K)
[129.337s][info][gc             ] GC(233) Pause Young (Prepare Mixed) (G1 Evacuation Pause) 184M->26M(196M) 1.536ms
[129.337s][info][gc,cpu         ] GC(233) User=0.00s Sys=0.00s Real=0.00s
[129.355s][info][gc,start       ] GC(234) Pause Young (Mixed) (G1 Evacuation Pause)
[129.355s][info][gc,task        ] GC(234) Using 5 workers of 33 for evacuation
[129.357s][info][gc,phases      ] GC(234)   Pre Evacuate Collection Set: 0.1ms
[129.357s][info][gc,phases      ] GC(234)   Merge Heap Roots: 0.1ms
[129.357s][info][gc,phases      ] GC(234)   Evacuate Collection Set: 1.2ms
[129.357s][info][gc,phases      ] GC(234)   Post Evacuate Collection Set: 0.3ms
[129.357s][info][gc,phases      ] GC(234)   Other: 0.1ms
[129.357s][info][gc,heap        ] GC(234) Eden regions: 57->0(57)
[129.357s][info][gc,heap        ] GC(234) Survivor regions: 1->1(8)
[129.357s][info][gc,heap        ] GC(234) Old regions: 17->14
[129.357s][info][gc,heap        ] GC(234) Archive regions: 0->0
[129.357s][info][gc,heap        ] GC(234) Humongous regions: 0->0
[129.357s][info][gc,metaspace   ] GC(234) Metaspace: 16646K(17280K)->16646K(17280K) NonClass: 14224K(14592K)->14224K(14592K) Class: 2421K(2688K)->2421K(2688K)
[129.357s][info][gc             ] GC(234) Pause Young (Mixed) (G1 Evacuation Pause) 140M->21M(196M) 1.876ms
[129.357s][info][gc,cpu         ] GC(234) User=0.00s Sys=0.00s Real=0.00s
[129.376s][info][gc,start       ] GC(235) Pause Young (Concurrent Start) (G1 Evacuation Pause)
[129.376s][info][gc,task        ] GC(235) Using 4 workers of 33 for evacuation
[129.378s][info][gc,phases      ] GC(235)   Pre Evacuate Collection Set: 0.2ms
[129.378s][info][gc,phases      ] GC(235)   Merge Heap Roots: 0.1ms
[129.378s][info][gc,phases      ] GC(235)   Evacuate Collection Set: 1.3ms
[129.378s][info][gc,phases      ] GC(235)   Post Evacuate Collection Set: 0.3ms
[129.378s][info][gc,phases      ] GC(235)   Other: 0.1ms
[129.378s][info][gc,heap        ] GC(235) Eden regions: 57->0(57)
[129.378s][info][gc,heap        ] GC(235) Survivor regions: 1->1(8)
[129.378s][info][gc,heap        ] GC(235) Old regions: 14->14
[129.378s][info][gc,heap        ] GC(235) Archive regions: 0->0
[129.378s][info][gc,heap        ] GC(235) Humongous regions: 0->0
[129.378s][info][gc,metaspace   ] GC(235) Metaspace: 16646K(17280K)->16646K(17280K) NonClass: 14224K(14592K)->14224K(14592K) Class: 2421K(2688K)->2421K(2688K)
[129.378s][info][gc             ] GC(235) Pause Young (Concurrent Start) (G1 Evacuation Pause) 135M->21M(196M) 2.138ms
[129.378s][info][gc             ] GC(236) Concurrent Mark Cycle
[129.378s][info][gc,cpu         ] GC(235) User=0.00s Sys=0.00s Real=0.00s
[129.378s][info][gc,marking     ] GC(236) Concurrent Scan Root Regions
[129.380s][info][gc,marking     ] GC(236) Concurrent Scan Root Regions 1.860ms
[129.380s][info][gc,marking     ] GC(236) Concurrent Mark
[129.380s][info][gc,marking     ] GC(236) Concurrent Mark From Roots
[129.380s][info][gc,task        ] GC(236) Using 8 workers of 8 for marking
[129.388s][info][gc,marking     ] GC(236) Concurrent Mark From Roots 8.335ms
[129.388s][info][gc,marking     ] GC(236) Concurrent Preclean
[129.388s][info][gc,marking     ] GC(236) Concurrent Preclean 0.061ms
[129.388s][info][gc,start       ] GC(236) Pause Remark
[129.390s][info][gc             ] GC(236) Pause Remark 82M->82M(196M) 1.482ms
[129.390s][info][gc,cpu         ] GC(236) User=0.00s Sys=0.00s Real=0.00s
[129.390s][info][gc,marking     ] GC(236) Concurrent Mark 10.379ms
[129.390s][info][gc,marking     ] GC(236) Concurrent Rebuild Remembered Sets and Scrub Regions
[129.393s][info][gc,marking     ] GC(236) Concurrent Rebuild Remembered Sets and Scrub Regions 2.813ms
[129.393s][info][gc,start       ] GC(236) Pause Cleanup
[129.393s][info][gc             ] GC(236) Pause Cleanup 100M->100M(196M) 0.089ms
[129.393s][info][gc,cpu         ] GC(236) User=0.00s Sys=0.00s Real=0.00s
[129.393s][info][gc,marking     ] GC(236) Concurrent Clear Claimed Marks
[129.393s][info][gc,marking     ] GC(236) Concurrent Clear Claimed Marks 0.045ms
[129.393s][info][gc,marking     ] GC(236) Concurrent Cleanup for Next Mark
[129.394s][info][gc,marking     ] GC(236) Concurrent Cleanup for Next Mark 0.401ms
[129.394s][info][gc             ] GC(236) Concurrent Mark Cycle 16.073ms
[129.399s][info][gc,start       ] GC(237) Pause Young (Prepare Mixed) (G1 Evacuation Pause)
[129.399s][info][gc,task        ] GC(237) Using 4 workers of 33 for evacuation
[129.404s][info][gc,phases      ] GC(237)   Pre Evacuate Collection Set: 0.1ms
[129.404s][info][gc,phases      ] GC(237)   Merge Heap Roots: 0.1ms
[129.404s][info][gc,phases      ] GC(237)   Evacuate Collection Set: 1.3ms
[129.405s][info][gc,phases      ] GC(237)   Post Evacuate Collection Set: 4.0ms
[129.405s][info][gc,phases      ] GC(237)   Other: 0.1ms
[129.405s][info][gc,heap        ] GC(237) Eden regions: 57->0(335)
[129.405s][info][gc,heap        ] GC(237) Survivor regions: 1->1(8)
[129.405s][info][gc,heap        ] GC(237) Old regions: 14->14
[129.405s][info][gc,heap        ] GC(237) Archive regions: 0->0
[129.405s][info][gc,heap        ] GC(237) Humongous regions: 0->0
[129.405s][info][gc,metaspace   ] GC(237) Metaspace: 16646K(17280K)->16646K(17280K) NonClass: 14224K(14592K)->14224K(14592K) Class: 2421K(2688K)->2421K(2688K)
[129.405s][info][gc             ] GC(237) Pause Young (Prepare Mixed) (G1 Evacuation Pause) 135M->21M(1122M) 5.717ms
[129.405s][info][gc,cpu         ] GC(237) User=0.00s Sys=0.00s Real=0.00s
[129.694s][info][gc,start       ] GC(238) Pause Young (Mixed) (G1 Evacuation Pause)
[129.694s][info][gc,task        ] GC(238) Using 26 workers of 33 for evacuation
[129.696s][info][gc,phases      ] GC(238)   Pre Evacuate Collection Set: 0.2ms
[129.696s][info][gc,phases      ] GC(238)   Merge Heap Roots: 0.1ms
[129.696s][info][gc,phases      ] GC(238)   Evacuate Collection Set: 0.9ms
[129.696s][info][gc,phases      ] GC(238)   Post Evacuate Collection Set: 0.6ms
[129.696s][info][gc,phases      ] GC(238)   Other: 0.1ms
[129.696s][info][gc,heap        ] GC(238) Eden regions: 335->0(335)
[129.696s][info][gc,heap        ] GC(238) Survivor regions: 1->1(42)
[129.696s][info][gc,heap        ] GC(238) Old regions: 14->12
[129.696s][info][gc,heap        ] GC(238) Archive regions: 0->0
[129.696s][info][gc,heap        ] GC(238) Humongous regions: 0->0
[129.696s][info][gc,metaspace   ] GC(238) Metaspace: 16646K(17280K)->16646K(17280K) NonClass: 14224K(14592K)->14224K(14592K) Class: 2421K(2688K)->2421K(2688K)
[129.696s][info][gc             ] GC(238) Pause Young (Mixed) (G1 Evacuation Pause) 691M->19M(1122M) 2.090ms
[129.696s][info][gc,cpu         ] GC(238) User=0.00s Sys=0.00s Real=0.00s
[129.806s][info][gc,start       ] GC(239) Pause Young (Concurrent Start) (G1 Evacuation Pause)
[129.806s][info][gc,task        ] GC(239) Using 26 workers of 33 for evacuation
[129.808s][info][gc,phases      ] GC(239)   Pre Evacuate Collection Set: 0.3ms
[129.808s][info][gc,phases      ] GC(239)   Merge Heap Roots: 0.2ms
[129.808s][info][gc,phases      ] GC(239)   Evacuate Collection Set: 1.2ms
[129.808s][info][gc,phases      ] GC(239)   Post Evacuate Collection Set: 0.6ms
[129.808s][info][gc,phases      ] GC(239)   Other: 0.1ms
[129.808s][info][gc,heap        ] GC(239) Eden regions: 335->0(335)
[129.808s][info][gc,heap        ] GC(239) Survivor regions: 1->1(42)
[129.808s][info][gc,heap        ] GC(239) Old regions: 12->12
[129.808s][info][gc,heap        ] GC(239) Archive regions: 0->0
[129.808s][info][gc,heap        ] GC(239) Humongous regions: 0->0
[129.808s][info][gc,metaspace   ] GC(239) Metaspace: 16646K(17280K)->16646K(17280K) NonClass: 14224K(14592K)->14224K(14592K) Class: 2421K(2688K)->2421K(2688K)
[129.808s][info][gc             ] GC(239) Pause Young (Concurrent Start) (G1 Evacuation Pause) 689M->19M(1122M) 2.542ms
[129.808s][info][gc             ] GC(240) Concurrent Mark Cycle
[129.808s][info][gc,cpu         ] GC(239) User=0.00s Sys=0.00s Real=0.00s
[129.808s][info][gc,marking     ] GC(240) Concurrent Scan Root Regions
[129.810s][info][gc,marking     ] GC(240) Concurrent Scan Root Regions 2.049ms
[129.810s][info][gc,marking     ] GC(240) Concurrent Mark
[129.811s][info][gc,marking     ] GC(240) Concurrent Mark From Roots
[129.811s][info][gc,task        ] GC(240) Using 8 workers of 8 for marking
[129.819s][info][gc,marking     ] GC(240) Concurrent Mark From Roots 8.345ms
[129.819s][info][gc,marking     ] GC(240) Concurrent Preclean
[129.819s][info][gc,marking     ] GC(240) Concurrent Preclean 0.044ms
[129.819s][info][gc,start       ] GC(240) Pause Remark
[129.820s][info][gc             ] GC(240) Pause Remark 88M->88M(320M) 1.031ms
[129.820s][info][gc,cpu         ] GC(240) User=0.00s Sys=0.00s Real=0.00s
[129.820s][info][gc,marking     ] GC(240) Concurrent Mark 9.988ms
[129.821s][info][gc,marking     ] GC(240) Concurrent Rebuild Remembered Sets and Scrub Regions
[129.823s][info][gc,marking     ] GC(240) Concurrent Rebuild Remembered Sets and Scrub Regions 2.810ms
[129.823s][info][gc,start       ] GC(240) Pause Cleanup
[129.824s][info][gc             ] GC(240) Pause Cleanup 109M->109M(320M) 0.108ms
[129.824s][info][gc,cpu         ] GC(240) User=0.00s Sys=0.00s Real=0.00s
[129.824s][info][gc,marking     ] GC(240) Concurrent Clear Claimed Marks
[129.824s][info][gc,marking     ] GC(240) Concurrent Clear Claimed Marks 0.032ms
[129.824s][info][gc,marking     ] GC(240) Concurrent Cleanup for Next Mark
[129.824s][info][gc,marking     ] GC(240) Concurrent Cleanup for Next Mark 0.564ms
[129.824s][info][gc             ] GC(240) Concurrent Mark Cycle 15.992ms
[129.858s][info][gc,start       ] GC(241) Pause Young (Prepare Mixed) (G1 Evacuation Pause)
[129.858s][info][gc,task        ] GC(241) Using 16 workers of 33 for evacuation
[129.859s][info][gc,phases      ] GC(241)   Pre Evacuate Collection Set: 0.1ms
[129.859s][info][gc,phases      ] GC(241)   Merge Heap Roots: 0.1ms
[129.859s][info][gc,phases      ] GC(241)   Evacuate Collection Set: 0.5ms
[129.859s][info][gc,phases      ] GC(241)   Post Evacuate Collection Set: 0.4ms
[129.859s][info][gc,phases      ] GC(241)   Other: 0.1ms
[129.859s][info][gc,heap        ] GC(241) Eden regions: 147->0(95)
[129.859s][info][gc,heap        ] GC(241) Survivor regions: 1->1(42)
[129.859s][info][gc,heap        ] GC(241) Old regions: 12->12
[129.859s][info][gc,heap        ] GC(241) Archive regions: 0->0
[129.859s][info][gc,heap        ] GC(241) Humongous regions: 0->0
[129.859s][info][gc,metaspace   ] GC(241) Metaspace: 16646K(17280K)->16646K(17280K) NonClass: 14224K(14592K)->14224K(14592K) Class: 2421K(2688K)->2421K(2688K)
[129.859s][info][gc             ] GC(241) Pause Young (Prepare Mixed) (G1 Evacuation Pause) 313M->19M(322M) 1.348ms
[129.859s][info][gc,cpu         ] GC(241) User=0.00s Sys=0.00s Real=0.00s
[129.891s][info][gc,start       ] GC(242) Pause Young (Mixed) (G1 Evacuation Pause)
[129.891s][info][gc,task        ] GC(242) Using 11 workers of 33 for evacuation
[129.892s][info][gc,phases      ] GC(242)   Pre Evacuate Collection Set: 0.1ms
[129.892s][info][gc,phases      ] GC(242)   Merge Heap Roots: 0.1ms
[129.892s][info][gc,phases      ] GC(242)   Evacuate Collection Set: 0.5ms
[129.892s][info][gc,phases      ] GC(242)   Post Evacuate Collection Set: 0.3ms
[129.892s][info][gc,phases      ] GC(242)   Other: 0.1ms
[129.892s][info][gc,heap        ] GC(242) Eden regions: 95->0(95)
[129.892s][info][gc,heap        ] GC(242) Survivor regions: 1->1(12)
[129.892s][info][gc,heap        ] GC(242) Old regions: 12->12
[129.892s][info][gc,heap        ] GC(242) Archive regions: 0->0
[129.892s][info][gc,heap        ] GC(242) Humongous regions: 0->0
[129.892s][info][gc,metaspace   ] GC(242) Metaspace: 16646K(17280K)->16646K(17280K) NonClass: 14224K(14592K)->14224K(14592K) Class: 2421K(2688K)->2421K(2688K)
[129.892s][info][gc             ] GC(242) Pause Young (Mixed) (G1 Evacuation Pause) 209M->18M(322M) 1.299ms
[129.892s][info][gc,cpu         ] GC(242) User=0.00s Sys=0.00s Real=0.00s
[130.082s][info][gc,start       ] GC(243) Pause Young (Concurrent Start) (G1 Evacuation Pause)
[130.082s][info][gc,task        ] GC(243) Using 9 workers of 33 for evacuation
[130.138s][info][gc,phases      ] GC(243)   Pre Evacuate Collection Set: 0.3ms
[130.138s][info][gc,phases      ] GC(243)   Merge Heap Roots: 0.1ms
[130.138s][info][gc,phases      ] GC(243)   Evacuate Collection Set: 52.1ms
[130.138s][info][gc,phases      ] GC(243)   Post Evacuate Collection Set: 3.3ms
[130.138s][info][gc,phases      ] GC(243)   Other: 0.2ms
[130.138s][info][gc,heap        ] GC(243) Eden regions: 95->0(347)
[130.138s][info][gc,heap        ] GC(243) Survivor regions: 1->12(12)
[130.138s][info][gc,heap        ] GC(243) Old regions: 12->65
[130.138s][info][gc,heap        ] GC(243) Archive regions: 0->0
[130.138s][info][gc,heap        ] GC(243) Humongous regions: 0->0
[130.138s][info][gc,metaspace   ] GC(243) Metaspace: 16646K(17280K)->16646K(17280K) NonClass: 14224K(14592K)->14224K(14592K) Class: 2421K(2688K)->2421K(2688K)
[130.138s][info][gc             ] GC(243) Pause Young (Concurrent Start) (G1 Evacuation Pause) 208M->149M(1198M) 56.182ms
[130.138s][info][gc             ] GC(244) Concurrent Mark Cycle
[130.138s][info][gc,cpu         ] GC(243) User=0.38s Sys=0.05s Real=0.05s
[130.138s][info][gc,marking     ] GC(244) Concurrent Scan Root Regions
[130.150s][info][gc,marking     ] GC(244) Concurrent Scan Root Regions 11.841ms
[130.150s][info][gc,marking     ] GC(244) Concurrent Mark
[130.150s][info][gc,marking     ] GC(244) Concurrent Mark From Roots
[130.150s][info][gc,task        ] GC(244) Using 8 workers of 8 for marking
[130.155s][info][gc,marking     ] GC(244) Concurrent Mark From Roots 4.771ms
[130.155s][info][gc,marking     ] GC(244) Concurrent Preclean
[130.155s][info][gc,marking     ] GC(244) Concurrent Preclean 0.032ms
[130.155s][info][gc,start       ] GC(244) Pause Remark
[130.156s][info][gc             ] GC(244) Pause Remark 161M->161M(560M) 1.214ms
[130.156s][info][gc,cpu         ] GC(244) User=0.00s Sys=0.00s Real=0.00s
[130.156s][info][gc,marking     ] GC(244) Concurrent Mark 6.291ms
[130.156s][info][gc,marking     ] GC(244) Concurrent Rebuild Remembered Sets and Scrub Regions
[130.187s][info][gc,marking     ] GC(244) Concurrent Rebuild Remembered Sets and Scrub Regions 30.164ms
[130.187s][info][gc,start       ] GC(244) Pause Cleanup
[130.187s][info][gc             ] GC(244) Pause Cleanup 184M->184M(560M) 0.235ms
[130.187s][info][gc,cpu         ] GC(244) User=0.00s Sys=0.00s Real=0.00s
[130.187s][info][gc,marking     ] GC(244) Concurrent Clear Claimed Marks
[130.187s][info][gc,marking     ] GC(244) Concurrent Clear Claimed Marks 0.021ms
[130.187s][info][gc,marking     ] GC(244) Concurrent Cleanup for Next Mark
[130.189s][info][gc,marking     ] GC(244) Concurrent Cleanup for Next Mark 1.588ms
[130.189s][info][gc             ] GC(244) Concurrent Mark Cycle 50.520ms
[130.570s][info][gc,start       ] GC(245) Pause Young (Prepare Mixed) (G1 Evacuation Pause)
[130.571s][info][gc,task        ] GC(245) Using 13 workers of 33 for evacuation
[130.655s][info][gc,phases      ] GC(245)   Pre Evacuate Collection Set: 0.2ms
[130.655s][info][gc,phases      ] GC(245)   Merge Heap Roots: 0.9ms
[130.655s][info][gc,phases      ] GC(245)   Evacuate Collection Set: 82.8ms
[130.656s][info][gc,phases      ] GC(245)   Post Evacuate Collection Set: 0.8ms
[130.656s][info][gc,phases      ] GC(245)   Other: 0.2ms
[130.656s][info][gc,heap        ] GC(245) Eden regions: 156->0(79)
[130.656s][info][gc,heap        ] GC(245) Survivor regions: 12->21(21)
[130.656s][info][gc,heap        ] GC(245) Old regions: 65->159
[130.656s][info][gc,heap        ] GC(245) Archive regions: 0->0
[130.656s][info][gc,heap        ] GC(245) Humongous regions: 0->0
[130.656s][info][gc,metaspace   ] GC(245) Metaspace: 16646K(17280K)->16646K(17280K) NonClass: 14224K(14592K)->14224K(14592K) Class: 2421K(2688K)->2421K(2688K)
[130.656s][info][gc             ] GC(245) Pause Young (Prepare Mixed) (G1 Evacuation Pause) 461M->355M(696M) 85.455ms
[130.656s][info][gc,cpu         ] GC(245) User=1.17s Sys=0.05s Real=0.09s
[130.829s][info][gc,start       ] GC(246) Pause Young (Mixed) (G1 Evacuation Pause)
[130.829s][info][gc,task        ] GC(246) Using 16 workers of 33 for evacuation
[130.888s][info][gc,phases      ] GC(246)   Pre Evacuate Collection Set: 0.2ms
[130.888s][info][gc,phases      ] GC(246)   Merge Heap Roots: 1.8ms
[130.888s][info][gc,phases      ] GC(246)   Evacuate Collection Set: 56.0ms
[130.888s][info][gc,phases      ] GC(246)   Post Evacuate Collection Set: 0.3ms
[130.888s][info][gc,phases      ] GC(246)   Other: 0.1ms
[130.888s][info][gc,heap        ] GC(246) Eden regions: 79->0(48)
[130.888s][info][gc,heap        ] GC(246) Survivor regions: 21->13(13)
[130.888s][info][gc,heap        ] GC(246) Old regions: 159->222
[130.888s][info][gc,heap        ] GC(246) Archive regions: 0->0
[130.888s][info][gc,heap        ] GC(246) Humongous regions: 0->0
[130.888s][info][gc,metaspace   ] GC(246) Metaspace: 16646K(17280K)->16646K(17280K) NonClass: 14224K(14592K)->14224K(14592K) Class: 2421K(2688K)->2421K(2688K)
[130.888s][info][gc             ] GC(246) Pause Young (Mixed) (G1 Evacuation Pause) 513M->464M(696M) 58.630ms
[130.888s][info][gc,cpu         ] GC(246) User=0.98s Sys=0.02s Real=0.05s
[131.414s][info][gc,start       ] GC(247) Pause Young (Concurrent Start) (G1 Evacuation Pause)
[131.414s][info][gc,task        ] GC(247) Using 16 workers of 33 for evacuation
[131.454s][info][gc,phases      ] GC(247)   Pre Evacuate Collection Set: 0.3ms
[131.454s][info][gc,phases      ] GC(247)   Merge Heap Roots: 3.4ms
[131.454s][info][gc,phases      ] GC(247)   Evacuate Collection Set: 35.6ms
[131.454s][info][gc,phases      ] GC(247)   Post Evacuate Collection Set: 0.6ms
[131.454s][info][gc,phases      ] GC(247)   Other: 0.1ms
[131.454s][info][gc,heap        ] GC(247) Eden regions: 48->0(49)
[131.454s][info][gc,heap        ] GC(247) Survivor regions: 13->6(8)
[131.454s][info][gc,heap        ] GC(247) Old regions: 222->238
[131.454s][info][gc,heap        ] GC(247) Archive regions: 0->0
[131.454s][info][gc,heap        ] GC(247) Humongous regions: 0->0
[131.454s][info][gc,metaspace   ] GC(247) Metaspace: 16646K(17280K)->16646K(17280K) NonClass: 14224K(14592K)->14224K(14592K) Class: 2421K(2688K)->2421K(2688K)
[131.454s][info][gc             ] GC(247) Pause Young (Concurrent Start) (G1 Evacuation Pause) 560M->483M(696M) 40.270ms
[131.454s][info][gc             ] GC(248) Concurrent Mark Cycle
[131.454s][info][gc,cpu         ] GC(247) User=0.75s Sys=0.00s Real=0.04s
[131.454s][info][gc,marking     ] GC(248) Concurrent Scan Root Regions
[131.460s][info][gc,marking     ] GC(248) Concurrent Scan Root Regions 5.491ms
[131.460s][info][gc,marking     ] GC(248) Concurrent Mark
[131.460s][info][gc,marking     ] GC(248) Concurrent Mark From Roots
[131.460s][info][gc,task        ] GC(248) Using 8 workers of 8 for marking
[131.491s][info][gc,marking     ] GC(248) Concurrent Mark From Roots 31.010ms
[131.491s][info][gc,marking     ] GC(248) Concurrent Preclean
[131.491s][info][gc,marking     ] GC(248) Concurrent Preclean 0.036ms
[131.491s][info][gc,start       ] GC(248) Pause Remark
[131.492s][info][gc             ] GC(248) Pause Remark 484M->482M(814M) 1.505ms
[131.493s][info][gc,cpu         ] GC(248) User=0.00s Sys=0.02s Real=0.01s
[131.493s][info][gc,marking     ] GC(248) Concurrent Mark 32.780ms
[131.493s][info][gc,marking     ] GC(248) Concurrent Rebuild Remembered Sets and Scrub Regions
[131.517s][info][gc,marking     ] GC(248) Concurrent Rebuild Remembered Sets and Scrub Regions 24.232ms
[131.517s][info][gc,start       ] GC(248) Pause Cleanup
[131.517s][info][gc             ] GC(248) Pause Cleanup 483M->483M(814M) 0.254ms
[131.517s][info][gc,cpu         ] GC(248) User=0.00s Sys=0.00s Real=0.00s
[131.517s][info][gc,marking     ] GC(248) Concurrent Clear Claimed Marks
[131.517s][info][gc,marking     ] GC(248) Concurrent Clear Claimed Marks 0.035ms
[131.517s][info][gc,marking     ] GC(248) Concurrent Cleanup for Next Mark
[131.518s][info][gc,marking     ] GC(248) Concurrent Cleanup for Next Mark 0.805ms
[131.518s][info][gc             ] GC(248) Concurrent Mark Cycle 63.898ms
[134.730s][info][gc,start       ] GC(249) Pause Young (Prepare Mixed) (G1 Evacuation Pause)
[134.730s][info][gc,task        ] GC(249) Using 19 workers of 33 for evacuation
[134.736s][info][gc,phases      ] GC(249)   Pre Evacuate Collection Set: 0.2ms
[134.736s][info][gc,phases      ] GC(249)   Merge Heap Roots: 0.3ms
[134.736s][info][gc,phases      ] GC(249)   Evacuate Collection Set: 4.9ms
[134.736s][info][gc,phases      ] GC(249)   Post Evacuate Collection Set: 0.4ms
[134.736s][info][gc,phases      ] GC(249)   Other: 0.1ms
[134.736s][info][gc,heap        ] GC(249) Eden regions: 49->0(83)
[134.736s][info][gc,heap        ] GC(249) Survivor regions: 6->2(7)
[134.736s][info][gc,heap        ] GC(249) Old regions: 237->243
[134.736s][info][gc,heap        ] GC(249) Archive regions: 0->0
[134.736s][info][gc,heap        ] GC(249) Humongous regions: 0->0
[134.736s][info][gc,metaspace   ] GC(249) Metaspace: 16646K(17280K)->16646K(17280K) NonClass: 14224K(14592K)->14224K(14592K) Class: 2421K(2688K)->2421K(2688K)
[134.737s][info][gc             ] GC(249) Pause Young (Prepare Mixed) (G1 Evacuation Pause) 579M->483M(814M) 6.219ms
[134.737s][info][gc,cpu         ] GC(249) User=0.00s Sys=0.00s Real=0.00s
[140.297s][info][gc,start       ] GC(250) Pause Young (Mixed) (G1 Evacuation Pause)
[140.297s][info][gc,task        ] GC(250) Using 19 workers of 33 for evacuation
[140.324s][info][gc,phases      ] GC(250)   Pre Evacuate Collection Set: 0.2ms
[140.324s][info][gc,phases      ] GC(250)   Merge Heap Roots: 0.1ms
[140.324s][info][gc,phases      ] GC(250)   Evacuate Collection Set: 25.9ms
[140.324s][info][gc,phases      ] GC(250)   Post Evacuate Collection Set: 0.6ms
[140.324s][info][gc,phases      ] GC(250)   Other: 0.1ms
[140.324s][info][gc,heap        ] GC(250) Eden regions: 83->0(84)
[140.324s][info][gc,heap        ] GC(250) Survivor regions: 2->11(11)
[140.324s][info][gc,heap        ] GC(250) Old regions: 243->227
[140.324s][info][gc,heap        ] GC(250) Archive regions: 0->0
[140.324s][info][gc,heap        ] GC(250) Humongous regions: 0->0
[140.324s][info][gc,metaspace   ] GC(250) Metaspace: 16646K(17280K)->16646K(17280K) NonClass: 14224K(14592K)->14224K(14592K) Class: 2421K(2688K)->2421K(2688K)
[140.324s][info][gc             ] GC(250) Pause Young (Mixed) (G1 Evacuation Pause) 649M->470M(814M) 27.353ms
[140.324s][info][gc,cpu         ] GC(250) User=0.59s Sys=0.00s Real=0.03s
[140.470s][info][gc,start       ] GC(251) Pause Young (Mixed) (G1 Evacuation Pause)
[140.470s][info][gc,task        ] GC(251) Using 19 workers of 33 for evacuation
[140.507s][info][gc,phases      ] GC(251)   Pre Evacuate Collection Set: 0.2ms
[140.507s][info][gc,phases      ] GC(251)   Merge Heap Roots: 0.5ms
[140.507s][info][gc,phases      ] GC(251)   Evacuate Collection Set: 35.1ms
[140.507s][info][gc,phases      ] GC(251)   Post Evacuate Collection Set: 0.4ms
[140.507s][info][gc,phases      ] GC(251)   Other: 0.1ms
[140.507s][info][gc,heap        ] GC(251) Eden regions: 84->0(85)
[140.507s][info][gc,heap        ] GC(251) Survivor regions: 11->12(12)
[140.507s][info][gc,heap        ] GC(251) Old regions: 227->223
[140.507s][info][gc,heap        ] GC(251) Archive regions: 0->0
[140.507s][info][gc,heap        ] GC(251) Humongous regions: 0->0
[140.507s][info][gc,metaspace   ] GC(251) Metaspace: 16646K(17280K)->16646K(17280K) NonClass: 14224K(14592K)->14224K(14592K) Class: 2421K(2688K)->2421K(2688K)
[140.507s][info][gc             ] GC(251) Pause Young (Mixed) (G1 Evacuation Pause) 638M->464M(814M) 36.680ms
[140.507s][info][gc,cpu         ] GC(251) User=0.30s Sys=0.00s Real=0.03s
[140.655s][info][gc,start       ] GC(252) Pause Young (Mixed) (G1 Evacuation Pause)
[140.655s][info][gc,task        ] GC(252) Using 19 workers of 33 for evacuation
[140.690s][info][gc,phases      ] GC(252)   Pre Evacuate Collection Set: 0.2ms
[140.691s][info][gc,phases      ] GC(252)   Merge Heap Roots: 0.2ms
[140.691s][info][gc,phases      ] GC(252)   Evacuate Collection Set: 34.2ms
[140.691s][info][gc,phases      ] GC(252)   Post Evacuate Collection Set: 0.4ms
[140.691s][info][gc,phases      ] GC(252)   Other: 0.1ms
[140.691s][info][gc,heap        ] GC(252) Eden regions: 85->0(86)
[140.691s][info][gc,heap        ] GC(252) Survivor regions: 12->13(13)
[140.691s][info][gc,heap        ] GC(252) Old regions: 223->219
[140.691s][info][gc,heap        ] GC(252) Archive regions: 0->0
[140.691s][info][gc,heap        ] GC(252) Humongous regions: 0->0
[140.691s][info][gc,metaspace   ] GC(252) Metaspace: 16646K(17280K)->16646K(17280K) NonClass: 14224K(14592K)->14224K(14592K) Class: 2421K(2688K)->2421K(2688K)
[140.691s][info][gc             ] GC(252) Pause Young (Mixed) (G1 Evacuation Pause) 634M->458M(814M) 35.359ms
[140.691s][info][gc,cpu         ] GC(252) User=0.59s Sys=0.00s Real=0.03s
[140.841s][info][gc,start       ] GC(253) Pause Young (Mixed) (G1 Evacuation Pause)
[140.841s][info][gc,task        ] GC(253) Using 19 workers of 33 for evacuation
[140.885s][info][gc,phases      ] GC(253)   Pre Evacuate Collection Set: 0.2ms
[140.885s][info][gc,phases      ] GC(253)   Merge Heap Roots: 0.2ms
[140.885s][info][gc,phases      ] GC(253)   Evacuate Collection Set: 35.5ms
[140.885s][info][gc,phases      ] GC(253)   Post Evacuate Collection Set: 7.6ms
[140.885s][info][gc,phases      ] GC(253)   Other: 0.2ms
[140.885s][info][gc,heap        ] GC(253) Eden regions: 86->0(339)
[140.885s][info][gc,heap        ] GC(253) Survivor regions: 13->13(13)
[140.885s][info][gc,heap        ] GC(253) Old regions: 219->219
[140.885s][info][gc,heap        ] GC(253) Archive regions: 0->0
[140.885s][info][gc,heap        ] GC(253) Humongous regions: 0->0
[140.885s][info][gc,metaspace   ] GC(253) Metaspace: 16646K(17280K)->16646K(17280K) NonClass: 14224K(14592K)->14224K(14592K) Class: 2421K(2688K)->2421K(2688K)
[140.885s][info][gc             ] GC(253) Pause Young (Mixed) (G1 Evacuation Pause) 630M->459M(1724M) 44.177ms
[140.885s][info][gc,cpu         ] GC(253) User=0.59s Sys=0.00s Real=0.03s
[142.332s][info][gc,start       ] GC(254) Pause Young (Mixed) (G1 Evacuation Pause)
[142.332s][info][gc,task        ] GC(254) Using 33 workers of 33 for evacuation
[142.407s][info][gc,phases      ] GC(254)   Pre Evacuate Collection Set: 0.2ms
[142.407s][info][gc,phases      ] GC(254)   Merge Heap Roots: 2.4ms
[142.407s][info][gc,phases      ] GC(254)   Evacuate Collection Set: 70.5ms
[142.407s][info][gc,phases      ] GC(254)   Post Evacuate Collection Set: 1.2ms
[142.407s][info][gc,phases      ] GC(254)   Other: 0.2ms
[142.407s][info][gc,heap        ] GC(254) Eden regions: 339->0(299)
[142.407s][info][gc,heap        ] GC(254) Survivor regions: 13->44(44)
[142.407s][info][gc,heap        ] GC(254) Old regions: 219->265
[142.407s][info][gc,heap        ] GC(254) Archive regions: 0->0
[142.407s][info][gc,heap        ] GC(254) Humongous regions: 4->4
[142.407s][info][gc,metaspace   ] GC(254) Metaspace: 16646K(17280K)->16646K(17280K) NonClass: 14224K(14592K)->14224K(14592K) Class: 2421K(2688K)->2421K(2688K)
[142.407s][info][gc             ] GC(254) Pause Young (Mixed) (G1 Evacuation Pause) 1145M->621M(1724M) 74.915ms
[142.407s][info][gc,cpu         ] GC(254) User=1.36s Sys=0.72s Real=0.06s
[144.623s][info][gc,start       ] GC(255) Pause Full (System.gc())
[144.623s][info][gc,task        ] GC(255) Using 33 workers of 33 for full compaction
[144.625s][info][gc,phases,start] GC(255) Phase 1: Mark live objects
[144.640s][info][gc,phases      ] GC(255) Phase 1: Mark live objects 14.698ms
[144.640s][info][gc,phases,start] GC(255) Phase 2: Prepare compaction
[144.644s][info][gc,phases      ] GC(255) Phase 2: Prepare compaction 4.257ms
[144.644s][info][gc,phases,start] GC(255) Phase 3: Adjust pointers
[144.648s][info][gc,phases      ] GC(255) Phase 3: Adjust pointers 4.033ms
[144.648s][info][gc,phases,start] GC(255) Phase 4: Compact heap
[144.649s][info][gc,phases      ] GC(255) Phase 4: Compact heap 1.327ms
[144.660s][info][gc,heap        ] GC(255) Eden regions: 194->0(35)
[144.660s][info][gc,heap        ] GC(255) Survivor regions: 44->0(44)
[144.660s][info][gc,heap        ] GC(255) Old regions: 265->28
[144.660s][info][gc,heap        ] GC(255) Archive regions: 0->0
[144.660s][info][gc,heap        ] GC(255) Humongous regions: 4->0
[144.660s][info][gc,metaspace   ] GC(255) Metaspace: 16646K(17280K)->16646K(17280K) NonClass: 14224K(14592K)->14224K(14592K) Class: 2421K(2688K)->2421K(2688K)
[144.660s][info][gc             ] GC(255) Pause Full (System.gc()) 1008M->17M(188M) 37.074ms
[144.660s][info][gc,cpu         ] GC(255) User=0.58s Sys=0.00s Real=0.03s
[145.990s][info][gc,start       ] GC(256) Pause Young (Concurrent Start) (G1 Evacuation Pause)
[145.990s][info][gc,task        ] GC(256) Using 18 workers of 33 for evacuation
[146.074s][info][gc,phases      ] GC(256)   Pre Evacuate Collection Set: 0.2ms
[146.075s][info][gc,phases      ] GC(256)   Merge Heap Roots: 0.1ms
[146.075s][info][gc,phases      ] GC(256)   Evacuate Collection Set: 82.5ms
[146.075s][info][gc,phases      ] GC(256)   Post Evacuate Collection Set: 1.1ms
[146.075s][info][gc,phases      ] GC(256)   Other: 0.1ms
[146.075s][info][gc,heap        ] GC(256) Eden regions: 35->0(19)
[146.075s][info][gc,heap        ] GC(256) Survivor regions: 0->5(5)
[146.075s][info][gc,heap        ] GC(256) Old regions: 28->43
[146.075s][info][gc,heap        ] GC(256) Archive regions: 0->0
[146.075s][info][gc,heap        ] GC(256) Humongous regions: 0->0
[146.075s][info][gc,metaspace   ] GC(256) Metaspace: 16652K(17280K)->16652K(17280K) NonClass: 14231K(14592K)->14231K(14592K) Class: 2421K(2688K)->2421K(2688K)
[146.075s][info][gc             ] GC(256) Pause Young (Concurrent Start) (G1 Evacuation Pause) 87M->56M(188M) 84.248ms
[146.075s][info][gc             ] GC(257) Concurrent Mark Cycle
[146.075s][info][gc,cpu         ] GC(256) User=1.34s Sys=0.00s Real=0.08s
[146.075s][info][gc,marking     ] GC(257) Concurrent Scan Root Regions
[146.082s][info][gc,marking     ] GC(257) Concurrent Scan Root Regions 6.872ms
[146.082s][info][gc,marking     ] GC(257) Concurrent Mark
[146.082s][info][gc,marking     ] GC(257) Concurrent Mark From Roots
[146.082s][info][gc,task        ] GC(257) Using 8 workers of 8 for marking
[146.088s][info][gc,marking     ] GC(257) Concurrent Mark From Roots 5.955ms
[146.088s][info][gc,marking     ] GC(257) Concurrent Preclean
[146.088s][info][gc,marking     ] GC(257) Concurrent Preclean 0.035ms
[146.088s][info][gc,start       ] GC(257) Pause Remark
[146.089s][info][gc             ] GC(257) Pause Remark 57M->57M(188M) 0.830ms
[146.089s][info][gc,cpu         ] GC(257) User=0.00s Sys=0.00s Real=0.00s
[146.089s][info][gc,marking     ] GC(257) Concurrent Mark 7.020ms
[146.089s][info][gc,marking     ] GC(257) Concurrent Rebuild Remembered Sets and Scrub Regions
[146.106s][info][gc,marking     ] GC(257) Concurrent Rebuild Remembered Sets and Scrub Regions 17.029ms
[146.106s][info][gc,start       ] GC(257) Pause Cleanup
[146.106s][info][gc             ] GC(257) Pause Cleanup 57M->57M(188M) 0.112ms
[146.106s][info][gc,cpu         ] GC(257) User=0.00s Sys=0.00s Real=0.00s
[146.106s][info][gc,marking     ] GC(257) Concurrent Clear Claimed Marks
[146.106s][info][gc,marking     ] GC(257) Concurrent Clear Claimed Marks 0.020ms
[146.106s][info][gc,marking     ] GC(257) Concurrent Cleanup for Next Mark
[146.106s][info][gc,marking     ] GC(257) Concurrent Cleanup for Next Mark 0.187ms
[146.106s][info][gc             ] GC(257) Concurrent Mark Cycle 31.538ms
[146.528s][info][gc,start       ] GC(258) Pause Young (Prepare Mixed) (G1 Evacuation Pause)
[146.528s][info][gc,task        ] GC(258) Using 11 workers of 33 for evacuation
[146.539s][info][gc,phases      ] GC(258)   Pre Evacuate Collection Set: 0.2ms
[146.539s][info][gc,phases      ] GC(258)   Merge Heap Roots: 4.8ms
[146.539s][info][gc,phases      ] GC(258)   Evacuate Collection Set: 5.7ms
[146.539s][info][gc,phases      ] GC(258)   Post Evacuate Collection Set: 0.5ms
[146.539s][info][gc,phases      ] GC(258)   Other: 0.1ms
[146.539s][info][gc,heap        ] GC(258) Eden regions: 19->0(18)
[146.539s][info][gc,heap        ] GC(258) Survivor regions: 5->3(3)
[146.539s][info][gc,heap        ] GC(258) Old regions: 43->50
[146.540s][info][gc,heap        ] GC(258) Archive regions: 0->0
[146.540s][info][gc,heap        ] GC(258) Humongous regions: 0->0
[146.540s][info][gc,metaspace   ] GC(258) Metaspace: 16652K(17280K)->16652K(17280K) NonClass: 14231K(14592K)->14231K(14592K) Class: 2421K(2688K)->2421K(2688K)
[146.540s][info][gc             ] GC(258) Pause Young (Prepare Mixed) (G1 Evacuation Pause) 94M->66M(188M) 11.792ms
[146.540s][info][gc,cpu         ] GC(258) User=0.17s Sys=0.00s Real=0.01s
[146.546s][info][gc,start       ] GC(259) Pause Young (Mixed) (G1 Evacuation Pause)
[146.546s][info][gc,task        ] GC(259) Using 7 workers of 33 for evacuation
[146.548s][info][gc,phases      ] GC(259)   Pre Evacuate Collection Set: 0.1ms
[146.548s][info][gc,phases      ] GC(259)   Merge Heap Roots: 0.1ms
[146.549s][info][gc,phases      ] GC(259)   Evacuate Collection Set: 1.5ms
[146.549s][info][gc,phases      ] GC(259)   Post Evacuate Collection Set: 0.4ms
[146.549s][info][gc,phases      ] GC(259)   Other: 0.1ms
[146.549s][info][gc,heap        ] GC(259) Eden regions: 18->0(25)
[146.549s][info][gc,heap        ] GC(259) Survivor regions: 3->2(3)
[146.549s][info][gc,heap        ] GC(259) Old regions: 50->41
[146.549s][info][gc,heap        ] GC(259) Archive regions: 0->0
[146.549s][info][gc,heap        ] GC(259) Humongous regions: 0->0
[146.549s][info][gc,metaspace   ] GC(259) Metaspace: 16652K(17280K)->16652K(17280K) NonClass: 14231K(14592K)->14231K(14592K) Class: 2421K(2688K)->2421K(2688K)
[146.549s][info][gc             ] GC(259) Pause Young (Mixed) (G1 Evacuation Pause) 102M->67M(188M) 2.731ms
[146.549s][info][gc,cpu         ] GC(259) User=0.00s Sys=0.00s Real=0.00s
[146.557s][info][gc,start       ] GC(260) Pause Young (Mixed) (G1 Evacuation Pause)
[146.558s][info][gc,task        ] GC(260) Using 5 workers of 33 for evacuation
[146.565s][info][gc,phases      ] GC(260)   Pre Evacuate Collection Set: 0.1ms
[146.565s][info][gc,phases      ] GC(260)   Merge Heap Roots: 0.1ms
[146.565s][info][gc,phases      ] GC(260)   Evacuate Collection Set: 1.9ms
[146.565s][info][gc,phases      ] GC(260)   Post Evacuate Collection Set: 5.1ms
[146.565s][info][gc,phases      ] GC(260)   Other: 0.1ms
[146.565s][info][gc,heap        ] GC(260) Eden regions: 25->0(134)
[146.565s][info][gc,heap        ] GC(260) Survivor regions: 2->2(4)
[146.565s][info][gc,heap        ] GC(260) Old regions: 41->36
[146.565s][info][gc,heap        ] GC(260) Archive regions: 0->0
[146.565s][info][gc,heap        ] GC(260) Humongous regions: 0->0
[146.565s][info][gc,metaspace   ] GC(260) Metaspace: 16652K(17280K)->16652K(17280K) NonClass: 14231K(14592K)->14231K(14592K) Class: 2421K(2688K)->2421K(2688K)
[146.565s][info][gc             ] GC(260) Pause Young (Mixed) (G1 Evacuation Pause) 117M->66M(1118M) 7.561ms
[146.565s][info][gc,cpu         ] GC(260) User=0.00s Sys=0.00s Real=0.00s
[146.756s][info][gc,start       ] GC(261) Pause Young (Concurrent Start) (G1 Evacuation Pause)
[146.756s][info][gc,task        ] GC(261) Using 26 workers of 33 for evacuation
[146.758s][info][gc,phases      ] GC(261)   Pre Evacuate Collection Set: 0.3ms
[146.758s][info][gc,phases      ] GC(261)   Merge Heap Roots: 0.1ms
[146.758s][info][gc,phases      ] GC(261)   Evacuate Collection Set: 1.8ms
[146.758s][info][gc,phases      ] GC(261)   Post Evacuate Collection Set: 0.4ms
[146.758s][info][gc,phases      ] GC(261)   Other: 0.1ms
[146.759s][info][gc,heap        ] GC(261) Eden regions: 149->0(196)
[146.759s][info][gc,heap        ] GC(261) Survivor regions: 2->2(19)
[146.759s][info][gc,heap        ] GC(261) Old regions: 36->36
[146.759s][info][gc,heap        ] GC(261) Archive regions: 0->0
[146.759s][info][gc,heap        ] GC(261) Humongous regions: 0->0
[146.759s][info][gc,metaspace   ] GC(261) Metaspace: 16652K(17280K)->16652K(17280K) NonClass: 14231K(14592K)->14231K(14592K) Class: 2421K(2688K)->2421K(2688K)
[146.759s][info][gc             ] GC(261) Pause Young (Concurrent Start) (G1 Evacuation Pause) 364M->66M(1118M) 2.835ms
[146.759s][info][gc             ] GC(262) Concurrent Mark Cycle
[146.759s][info][gc,cpu         ] GC(261) User=0.00s Sys=0.00s Real=0.00s
[146.759s][info][gc,marking     ] GC(262) Concurrent Scan Root Regions
[146.761s][info][gc,marking     ] GC(262) Concurrent Scan Root Regions 2.473ms
[146.761s][info][gc,marking     ] GC(262) Concurrent Mark
[146.761s][info][gc,marking     ] GC(262) Concurrent Mark From Roots
[146.761s][info][gc,task        ] GC(262) Using 8 workers of 8 for marking
[146.785s][info][gc,marking     ] GC(262) Concurrent Mark From Roots 23.668ms
[146.785s][info][gc,marking     ] GC(262) Concurrent Preclean
[146.785s][info][gc,marking     ] GC(262) Concurrent Preclean 0.071ms
[146.785s][info][gc,start       ] GC(262) Pause Remark
[146.786s][info][gc             ] GC(262) Pause Remark 224M->224M(780M) 1.146ms
[146.786s][info][gc,cpu         ] GC(262) User=0.00s Sys=0.00s Real=0.00s
[146.787s][info][gc,marking     ] GC(262) Concurrent Mark 25.492ms
[146.787s][info][gc,marking     ] GC(262) Concurrent Rebuild Remembered Sets and Scrub Regions
[146.792s][info][gc,marking     ] GC(262) Concurrent Rebuild Remembered Sets and Scrub Regions 4.887ms
[146.792s][info][gc,start       ] GC(262) Pause Cleanup
[146.792s][info][gc             ] GC(262) Pause Cleanup 239M->239M(780M) 0.150ms
[146.792s][info][gc,cpu         ] GC(262) User=0.00s Sys=0.00s Real=0.00s
[146.792s][info][gc,marking     ] GC(262) Concurrent Clear Claimed Marks
[146.793s][info][gc,marking     ] GC(262) Concurrent Clear Claimed Marks 0.041ms
[146.793s][info][gc,marking     ] GC(262) Concurrent Cleanup for Next Mark
[146.801s][info][gc,marking     ] GC(262) Concurrent Cleanup for Next Mark 8.208ms
[146.801s][info][gc             ] GC(262) Concurrent Mark Cycle 42.205ms
[146.906s][info][gc,start       ] GC(263) Pause Young (Prepare Mixed) (G1 Evacuation Pause)
[146.906s][info][gc,task        ] GC(263) Using 22 workers of 33 for evacuation
[146.907s][info][gc,phases      ] GC(263)   Pre Evacuate Collection Set: 0.1ms
[146.907s][info][gc,phases      ] GC(263)   Merge Heap Roots: 0.1ms
[146.907s][info][gc,phases      ] GC(263)   Evacuate Collection Set: 1.0ms
[146.907s][info][gc,phases      ] GC(263)   Post Evacuate Collection Set: 0.5ms
[146.908s][info][gc,phases      ] GC(263)   Other: 0.1ms
[146.908s][info][gc,heap        ] GC(263) Eden regions: 214->0(206)
[146.908s][info][gc,heap        ] GC(263) Survivor regions: 2->2(27)
[146.908s][info][gc,heap        ] GC(263) Old regions: 36->36
[146.908s][info][gc,heap        ] GC(263) Archive regions: 0->0
[146.908s][info][gc,heap        ] GC(263) Humongous regions: 0->0
[146.908s][info][gc,metaspace   ] GC(263) Metaspace: 16652K(17280K)->16652K(17280K) NonClass: 14231K(14592K)->14231K(14592K) Class: 2421K(2688K)->2421K(2688K)
[146.908s][info][gc             ] GC(263) Pause Young (Prepare Mixed) (G1 Evacuation Pause) 494M->66M(780M) 1.982ms
[146.908s][info][gc,cpu         ] GC(263) User=0.00s Sys=0.00s Real=0.00s
[146.974s][info][gc,start       ] GC(264) Pause Young (Mixed) (G1 Evacuation Pause)
[146.974s][info][gc,task        ] GC(264) Using 20 workers of 33 for evacuation
[146.976s][info][gc,phases      ] GC(264)   Pre Evacuate Collection Set: 0.1ms
[146.976s][info][gc,phases      ] GC(264)   Merge Heap Roots: 0.1ms
[146.976s][info][gc,phases      ] GC(264)   Evacuate Collection Set: 0.8ms
[146.976s][info][gc,phases      ] GC(264)   Post Evacuate Collection Set: 0.5ms
[146.976s][info][gc,phases      ] GC(264)   Other: 0.1ms
[146.976s][info][gc,heap        ] GC(264) Eden regions: 206->0(225)
[146.976s][info][gc,heap        ] GC(264) Survivor regions: 2->2(26)
[146.976s][info][gc,heap        ] GC(264) Old regions: 36->34
[146.976s][info][gc,heap        ] GC(264) Archive regions: 0->0
[146.976s][info][gc,heap        ] GC(264) Humongous regions: 0->0
[146.976s][info][gc,metaspace   ] GC(264) Metaspace: 16652K(17280K)->16652K(17280K) NonClass: 14231K(14592K)->14231K(14592K) Class: 2421K(2688K)->2421K(2688K)
[146.976s][info][gc             ] GC(264) Pause Young (Mixed) (G1 Evacuation Pause) 478M->61M(780M) 1.761ms
[146.976s][info][gc,cpu         ] GC(264) User=0.00s Sys=0.00s Real=0.00s
[147.054s][info][gc,start       ] GC(265) Pause Young (Concurrent Start) (G1 Evacuation Pause)
[147.054s][info][gc,task        ] GC(265) Using 19 workers of 33 for evacuation
[147.056s][info][gc,phases      ] GC(265)   Pre Evacuate Collection Set: 0.2ms
[147.056s][info][gc,phases      ] GC(265)   Merge Heap Roots: 0.1ms
[147.056s][info][gc,phases      ] GC(265)   Evacuate Collection Set: 1.0ms
[147.056s][info][gc,phases      ] GC(265)   Post Evacuate Collection Set: 0.5ms
[147.056s][info][gc,phases      ] GC(265)   Other: 0.1ms
[147.056s][info][gc,heap        ] GC(265) Eden regions: 225->0(232)
[147.056s][info][gc,heap        ] GC(265) Survivor regions: 2->2(29)
[147.056s][info][gc,heap        ] GC(265) Old regions: 34->34
[147.056s][info][gc,heap        ] GC(265) Archive regions: 0->0
[147.056s][info][gc,heap        ] GC(265) Humongous regions: 0->0
[147.056s][info][gc,metaspace   ] GC(265) Metaspace: 16652K(17280K)->16652K(17280K) NonClass: 14231K(14592K)->14231K(14592K) Class: 2421K(2688K)->2421K(2688K)
[147.056s][info][gc             ] GC(265) Pause Young (Concurrent Start) (G1 Evacuation Pause) 511M->61M(780M) 2.088ms
[147.056s][info][gc             ] GC(266) Concurrent Mark Cycle
[147.056s][info][gc,cpu         ] GC(265) User=0.00s Sys=0.00s Real=0.00s
[147.056s][info][gc,marking     ] GC(266) Concurrent Scan Root Regions
[147.059s][info][gc,marking     ] GC(266) Concurrent Scan Root Regions 2.273ms
[147.059s][info][gc,marking     ] GC(266) Concurrent Mark
[147.059s][info][gc,marking     ] GC(266) Concurrent Mark From Roots
[147.059s][info][gc,task        ] GC(266) Using 8 workers of 8 for marking
[147.085s][info][gc,marking     ] GC(266) Concurrent Mark From Roots 26.204ms
[147.085s][info][gc,marking     ] GC(266) Concurrent Preclean
[147.085s][info][gc,marking     ] GC(266) Concurrent Preclean 0.086ms
[147.085s][info][gc,start       ] GC(266) Pause Remark
[147.086s][info][gc             ] GC(266) Pause Remark 236M->236M(780M) 0.934ms
[147.086s][info][gc,cpu         ] GC(266) User=0.00s Sys=0.00s Real=0.00s
[147.087s][info][gc,marking     ] GC(266) Concurrent Mark 27.976ms
[147.087s][info][gc,marking     ] GC(266) Concurrent Rebuild Remembered Sets and Scrub Regions
[147.092s][info][gc,marking     ] GC(266) Concurrent Rebuild Remembered Sets and Scrub Regions 5.447ms
[147.092s][info][gc,start       ] GC(266) Pause Cleanup
[147.093s][info][gc             ] GC(266) Pause Cleanup 268M->268M(780M) 0.146ms
[147.093s][info][gc,cpu         ] GC(266) User=0.00s Sys=0.00s Real=0.00s
[147.093s][info][gc,marking     ] GC(266) Concurrent Clear Claimed Marks
[147.093s][info][gc,marking     ] GC(266) Concurrent Clear Claimed Marks 0.045ms
[147.093s][info][gc,marking     ] GC(266) Concurrent Cleanup for Next Mark
[147.094s][info][gc,marking     ] GC(266) Concurrent Cleanup for Next Mark 1.148ms
[147.094s][info][gc             ] GC(266) Concurrent Mark Cycle 37.845ms
[147.136s][info][gc,start       ] GC(267) Pause Young (Prepare Mixed) (G1 Evacuation Pause)
[147.136s][info][gc,task        ] GC(267) Using 18 workers of 33 for evacuation
[147.138s][info][gc,phases      ] GC(267)   Pre Evacuate Collection Set: 0.1ms
[147.138s][info][gc,phases      ] GC(267)   Merge Heap Roots: 0.1ms
[147.138s][info][gc,phases      ] GC(267)   Evacuate Collection Set: 0.9ms
[147.138s][info][gc,phases      ] GC(267)   Post Evacuate Collection Set: 0.5ms
[147.138s][info][gc,phases      ] GC(267)   Other: 0.1ms
[147.138s][info][gc,heap        ] GC(267) Eden regions: 232->0(232)
[147.138s][info][gc,heap        ] GC(267) Survivor regions: 2->2(30)
[147.138s][info][gc,heap        ] GC(267) Old regions: 34->34
[147.138s][info][gc,heap        ] GC(267) Archive regions: 0->0
[147.138s][info][gc,heap        ] GC(267) Humongous regions: 0->0
[147.138s][info][gc,metaspace   ] GC(267) Metaspace: 16652K(17280K)->16652K(17280K) NonClass: 14231K(14592K)->14231K(14592K) Class: 2421K(2688K)->2421K(2688K)
[147.138s][info][gc             ] GC(267) Pause Young (Prepare Mixed) (G1 Evacuation Pause) 525M->61M(780M) 1.878ms
[147.138s][info][gc,cpu         ] GC(267) User=0.00s Sys=0.00s Real=0.00s
[147.212s][info][gc,start       ] GC(268) Pause Young (Mixed) (G1 Evacuation Pause)
[147.212s][info][gc,task        ] GC(268) Using 18 workers of 33 for evacuation
[147.214s][info][gc,phases      ] GC(268)   Pre Evacuate Collection Set: 0.1ms
[147.214s][info][gc,phases      ] GC(268)   Merge Heap Roots: 0.1ms
[147.214s][info][gc,phases      ] GC(268)   Evacuate Collection Set: 1.0ms
[147.214s][info][gc,phases      ] GC(268)   Post Evacuate Collection Set: 0.5ms
[147.214s][info][gc,phases      ] GC(268)   Other: 0.1ms
[147.214s][info][gc,heap        ] GC(268) Eden regions: 232->0(232)
[147.214s][info][gc,heap        ] GC(268) Survivor regions: 2->2(30)
[147.214s][info][gc,heap        ] GC(268) Old regions: 34->31
[147.214s][info][gc,heap        ] GC(268) Archive regions: 0->0
[147.214s][info][gc,heap        ] GC(268) Humongous regions: 0->0
[147.214s][info][gc,metaspace   ] GC(268) Metaspace: 16652K(17280K)->16652K(17280K) NonClass: 14231K(14592K)->14231K(14592K) Class: 2421K(2688K)->2421K(2688K)
[147.214s][info][gc             ] GC(268) Pause Young (Mixed) (G1 Evacuation Pause) 525M->57M(780M) 1.992ms
[147.214s][info][gc,cpu         ] GC(268) User=0.00s Sys=0.00s Real=0.00s
[147.291s][info][gc,start       ] GC(269) Pause Young (Concurrent Start) (G1 Evacuation Pause)
[147.291s][info][gc,task        ] GC(269) Using 18 workers of 33 for evacuation
[147.293s][info][gc,phases      ] GC(269)   Pre Evacuate Collection Set: 0.2ms
[147.293s][info][gc,phases      ] GC(269)   Merge Heap Roots: 0.1ms
[147.293s][info][gc,phases      ] GC(269)   Evacuate Collection Set: 0.5ms
[147.293s][info][gc,phases      ] GC(269)   Post Evacuate Collection Set: 0.5ms
[147.293s][info][gc,phases      ] GC(269)   Other: 0.1ms
[147.293s][info][gc,heap        ] GC(269) Eden regions: 232->0(232)
[147.293s][info][gc,heap        ] GC(269) Survivor regions: 2->2(30)
[147.293s][info][gc,heap        ] GC(269) Old regions: 31->31
[147.293s][info][gc,heap        ] GC(269) Archive regions: 0->0
[147.293s][info][gc,heap        ] GC(269) Humongous regions: 0->0
[147.293s][info][gc,metaspace   ] GC(269) Metaspace: 16652K(17280K)->16652K(17280K) NonClass: 14231K(14592K)->14231K(14592K) Class: 2421K(2688K)->2421K(2688K)
[147.293s][info][gc             ] GC(269) Pause Young (Concurrent Start) (G1 Evacuation Pause) 521M->57M(780M) 1.639ms
[147.293s][info][gc             ] GC(270) Concurrent Mark Cycle
[147.293s][info][gc,cpu         ] GC(269) User=0.02s Sys=0.00s Real=0.02s
[147.293s][info][gc,marking     ] GC(270) Concurrent Scan Root Regions
[147.295s][info][gc,marking     ] GC(270) Concurrent Scan Root Regions 1.862ms
[147.295s][info][gc,marking     ] GC(270) Concurrent Mark
[147.295s][info][gc,marking     ] GC(270) Concurrent Mark From Roots
[147.295s][info][gc,task        ] GC(270) Using 8 workers of 8 for marking
[147.317s][info][gc,marking     ] GC(270) Concurrent Mark From Roots 21.667ms
[147.317s][info][gc,marking     ] GC(270) Concurrent Preclean
[147.317s][info][gc,marking     ] GC(270) Concurrent Preclean 0.050ms
[147.317s][info][gc,start       ] GC(270) Pause Remark
[147.318s][info][gc             ] GC(270) Pause Remark 114M->114M(414M) 0.959ms
[147.318s][info][gc,cpu         ] GC(270) User=0.00s Sys=0.00s Real=0.00s
[147.318s][info][gc,marking     ] GC(270) Concurrent Mark 22.940ms
[147.318s][info][gc,marking     ] GC(270) Concurrent Rebuild Remembered Sets and Scrub Regions
[147.322s][info][gc,marking     ] GC(270) Concurrent Rebuild Remembered Sets and Scrub Regions 3.667ms
[147.322s][info][gc,start       ] GC(270) Pause Cleanup
[147.322s][info][gc             ] GC(270) Pause Cleanup 118M->118M(414M) 0.131ms
[147.322s][info][gc,cpu         ] GC(270) User=0.00s Sys=0.00s Real=0.00s
[147.322s][info][gc,marking     ] GC(270) Concurrent Clear Claimed Marks
[147.322s][info][gc,marking     ] GC(270) Concurrent Clear Claimed Marks 0.019ms
[147.322s][info][gc,marking     ] GC(270) Concurrent Cleanup for Next Mark
[147.322s][info][gc,marking     ] GC(270) Concurrent Cleanup for Next Mark 0.249ms
[147.322s][info][gc             ] GC(270) Concurrent Mark Cycle 29.125ms
[147.556s][info][gc,start       ] GC(271) Pause Young (Prepare Mixed) (G1 Evacuation Pause)
[147.556s][info][gc,task        ] GC(271) Using 13 workers of 33 for evacuation
[147.606s][info][gc,phases      ] GC(271)   Pre Evacuate Collection Set: 0.2ms
[147.606s][info][gc,phases      ] GC(271)   Merge Heap Roots: 0.1ms
[147.606s][info][gc,phases      ] GC(271)   Evacuate Collection Set: 48.3ms
[147.606s][info][gc,phases      ] GC(271)   Post Evacuate Collection Set: 0.7ms
[147.606s][info][gc,phases      ] GC(271)   Other: 0.2ms
[147.606s][info][gc,heap        ] GC(271) Eden regions: 122->0(68)
[147.606s][info][gc,heap        ] GC(271) Survivor regions: 2->16(16)
[147.606s][info][gc,heap        ] GC(271) Old regions: 31->88
[147.606s][info][gc,heap        ] GC(271) Archive regions: 0->0
[147.606s][info][gc,heap        ] GC(271) Humongous regions: 0->0
[147.606s][info][gc,metaspace   ] GC(271) Metaspace: 16652K(17280K)->16652K(17280K) NonClass: 14231K(14592K)->14231K(14592K) Class: 2421K(2688K)->2421K(2688K)
[147.606s][info][gc             ] GC(271) Pause Young (Prepare Mixed) (G1 Evacuation Pause) 301M->200M(456M) 50.084ms
[147.606s][info][gc,cpu         ] GC(271) User=0.63s Sys=0.00s Real=0.06s
[147.747s][info][gc,start       ] GC(272) Pause Young (Mixed) (G1 Evacuation Pause)
[147.748s][info][gc,task        ] GC(272) Using 11 workers of 33 for evacuation
[147.804s][info][gc,phases      ] GC(272)   Pre Evacuate Collection Set: 0.2ms
[147.804s][info][gc,phases      ] GC(272)   Merge Heap Roots: 0.6ms
[147.804s][info][gc,phases      ] GC(272)   Evacuate Collection Set: 48.5ms
[147.804s][info][gc,phases      ] GC(272)   Post Evacuate Collection Set: 6.7ms
[147.804s][info][gc,phases      ] GC(272)   Other: 0.2ms
[147.804s][info][gc,heap        ] GC(272) Eden regions: 68->0(325)
[147.804s][info][gc,heap        ] GC(272) Survivor regions: 16->11(11)
[147.804s][info][gc,heap        ] GC(272) Old regions: 88->139
[147.804s][info][gc,heap        ] GC(272) Archive regions: 0->0
[147.804s][info][gc,heap        ] GC(272) Humongous regions: 0->0
[147.804s][info][gc,metaspace   ] GC(272) Metaspace: 16652K(17280K)->16652K(17280K) NonClass: 14231K(14592K)->14231K(14592K) Class: 2421K(2688K)->2421K(2688K)
[147.804s][info][gc             ] GC(272) Pause Young (Mixed) (G1 Evacuation Pause) 336M->295M(1260M) 56.719ms
[147.804s][info][gc,cpu         ] GC(272) User=0.52s Sys=0.00s Real=0.05s
[155.158s][info][gc,start       ] GC(273) Pause Young (Concurrent Start) (G1 Evacuation Pause)
[155.158s][info][gc,task        ] GC(273) Using 30 workers of 33 for evacuation
[155.268s][info][gc,phases      ] GC(273)   Pre Evacuate Collection Set: 0.4ms
[155.268s][info][gc,phases      ] GC(273)   Merge Heap Roots: 2.3ms
[155.268s][info][gc,phases      ] GC(273)   Evacuate Collection Set: 105.9ms
[155.268s][info][gc,phases      ] GC(273)   Post Evacuate Collection Set: 1.1ms
[155.268s][info][gc,phases      ] GC(273)   Other: 0.1ms
[155.268s][info][gc,heap        ] GC(273) Eden regions: 325->0(194)
[155.268s][info][gc,heap        ] GC(273) Survivor regions: 11->42(42)
[155.268s][info][gc,heap        ] GC(273) Old regions: 139->256
[155.268s][info][gc,heap        ] GC(273) Archive regions: 0->0
[155.268s][info][gc,heap        ] GC(273) Humongous regions: 0->0
[155.268s][info][gc,metaspace   ] GC(273) Metaspace: 16652K(17280K)->16652K(17280K) NonClass: 14231K(14592K)->14231K(14592K) Class: 2421K(2688K)->2421K(2688K)
[155.268s][info][gc             ] GC(273) Pause Young (Concurrent Start) (G1 Evacuation Pause) 945M->591M(1268M) 110.202ms
[155.268s][info][gc             ] GC(274) Concurrent Mark Cycle
[155.268s][info][gc,cpu         ] GC(273) User=2.25s Sys=1.03s Real=0.11s
[155.268s][info][gc,marking     ] GC(274) Concurrent Scan Root Regions
[155.291s][info][gc,marking     ] GC(274) Concurrent Scan Root Regions 23.481ms
[155.291s][info][gc,marking     ] GC(274) Concurrent Mark
[155.291s][info][gc,marking     ] GC(274) Concurrent Mark From Roots
[155.291s][info][gc,task        ] GC(274) Using 8 workers of 8 for marking
[155.301s][info][gc,marking     ] GC(274) Concurrent Mark From Roots 9.237ms
[155.301s][info][gc,marking     ] GC(274) Concurrent Preclean
[155.301s][info][gc,marking     ] GC(274) Concurrent Preclean 0.032ms
[155.301s][info][gc,start       ] GC(274) Pause Remark
[155.302s][info][gc             ] GC(274) Pause Remark 626M->590M(1268M) 1.318ms
[155.302s][info][gc,cpu         ] GC(274) User=0.00s Sys=0.00s Real=0.00s
[155.302s][info][gc,marking     ] GC(274) Concurrent Mark 10.817ms
[155.302s][info][gc,marking     ] GC(274) Concurrent Rebuild Remembered Sets and Scrub Regions
[155.358s][info][gc,marking     ] GC(274) Concurrent Rebuild Remembered Sets and Scrub Regions 55.526ms
[155.358s][info][gc,start       ] GC(274) Pause Cleanup
[155.358s][info][gc             ] GC(274) Pause Cleanup 654M->654M(1268M) 0.303ms
[155.358s][info][gc,cpu         ] GC(274) User=0.00s Sys=0.00s Real=0.00s
[155.358s][info][gc,marking     ] GC(274) Concurrent Clear Claimed Marks
[155.358s][info][gc,marking     ] GC(274) Concurrent Clear Claimed Marks 0.042ms
[155.358s][info][gc,marking     ] GC(274) Concurrent Cleanup for Next Mark
[155.362s][info][gc,marking     ] GC(274) Concurrent Cleanup for Next Mark 3.353ms
[155.362s][info][gc             ] GC(274) Concurrent Mark Cycle 93.937ms
[155.607s][info][gc,start       ] GC(275) Pause Young (Prepare Mixed) (G1 Evacuation Pause)
[155.607s][info][gc,task        ] GC(275) Using 30 workers of 33 for evacuation
[155.659s][info][gc,phases      ] GC(275)   Pre Evacuate Collection Set: 0.2ms
[155.659s][info][gc,phases      ] GC(275)   Merge Heap Roots: 1.2ms
[155.659s][info][gc,phases      ] GC(275)   Evacuate Collection Set: 50.3ms
[155.659s][info][gc,phases      ] GC(275)   Post Evacuate Collection Set: 0.6ms
[155.659s][info][gc,phases      ] GC(275)   Other: 0.1ms
[155.659s][info][gc,heap        ] GC(275) Eden regions: 194->0(151)
[155.659s][info][gc,heap        ] GC(275) Survivor regions: 42->30(30)
[155.659s][info][gc,heap        ] GC(275) Old regions: 238->319
[155.659s][info][gc,heap        ] GC(275) Archive regions: 0->0
[155.659s][info][gc,heap        ] GC(275) Humongous regions: 0->0
[155.659s][info][gc,metaspace   ] GC(275) Metaspace: 16652K(17280K)->16652K(17280K) NonClass: 14231K(14592K)->14231K(14592K) Class: 2421K(2688K)->2421K(2688K)
[155.660s][info][gc             ] GC(275) Pause Young (Prepare Mixed) (G1 Evacuation Pause) 943M->692M(1268M) 52.741ms
[155.660s][info][gc,cpu         ] GC(275) User=1.88s Sys=0.00s Real=0.06s
[155.922s][info][gc,start       ] GC(276) Pause Young (Mixed) (G1 Evacuation Pause)
[155.922s][info][gc,task        ] GC(276) Using 30 workers of 33 for evacuation
[155.967s][info][gc,phases      ] GC(276)   Pre Evacuate Collection Set: 0.2ms
[155.967s][info][gc,phases      ] GC(276)   Merge Heap Roots: 0.3ms
[155.967s][info][gc,phases      ] GC(276)   Evacuate Collection Set: 43.0ms
[155.967s][info][gc,phases      ] GC(276)   Post Evacuate Collection Set: 0.5ms
[155.967s][info][gc,phases      ] GC(276)   Other: 0.2ms
[155.967s][info][gc,heap        ] GC(276) Eden regions: 151->0(146)
[155.967s][info][gc,heap        ] GC(276) Survivor regions: 30->23(23)
[155.967s][info][gc,heap        ] GC(276) Old regions: 319->328
[155.967s][info][gc,heap        ] GC(276) Archive regions: 0->0
[155.967s][info][gc,heap        ] GC(276) Humongous regions: 0->0
[155.967s][info][gc,metaspace   ] GC(276) Metaspace: 16652K(17280K)->16652K(17280K) NonClass: 14231K(14592K)->14231K(14592K) Class: 2421K(2688K)->2421K(2688K)
[155.967s][info][gc             ] GC(276) Pause Young (Mixed) (G1 Evacuation Pause) 994M->697M(1268M) 44.620ms
[155.967s][info][gc,cpu         ] GC(276) User=1.41s Sys=0.00s Real=0.05s
[156.831s][info][gc,start       ] GC(277) Pause Young (Mixed) (G1 Evacuation Pause)
[156.831s][info][gc,task        ] GC(277) Using 30 workers of 33 for evacuation
[156.887s][info][gc,phases      ] GC(277)   Pre Evacuate Collection Set: 0.2ms
[156.887s][info][gc,phases      ] GC(277)   Merge Heap Roots: 4.2ms
[156.887s][info][gc,phases      ] GC(277)   Evacuate Collection Set: 50.2ms
[156.887s][info][gc,phases      ] GC(277)   Post Evacuate Collection Set: 1.5ms
[156.887s][info][gc,phases      ] GC(277)   Other: 0.1ms
[156.887s][info][gc,heap        ] GC(277) Eden regions: 146->0(122)
[156.887s][info][gc,heap        ] GC(277) Survivor regions: 23->22(22)
[156.887s][info][gc,heap        ] GC(277) Old regions: 328->367
[156.887s][info][gc,heap        ] GC(277) Archive regions: 0->0
[156.887s][info][gc,heap        ] GC(277) Humongous regions: 4->4
[156.887s][info][gc,metaspace   ] GC(277) Metaspace: 16652K(17280K)->16652K(17280K) NonClass: 14231K(14592K)->14231K(14592K) Class: 2421K(2688K)->2421K(2688K)
[156.887s][info][gc             ] GC(277) Pause Young (Mixed) (G1 Evacuation Pause) 997M->781M(1268M) 56.586ms
[156.887s][info][gc,cpu         ] GC(277) User=1.88s Sys=0.00s Real=0.06s
[157.313s][info][gc,start       ] GC(278) Pause Young (Concurrent Start) (G1 Evacuation Pause)
[157.313s][info][gc,task        ] GC(278) Using 30 workers of 33 for evacuation
[157.348s][info][gc,phases      ] GC(278)   Pre Evacuate Collection Set: 0.5ms
[157.348s][info][gc,phases      ] GC(278)   Merge Heap Roots: 2.4ms
[157.348s][info][gc,phases      ] GC(278)   Evacuate Collection Set: 28.5ms
[157.348s][info][gc,phases      ] GC(278)   Post Evacuate Collection Set: 2.8ms
[157.348s][info][gc,phases      ] GC(278)   Other: 0.1ms
[157.348s][info][gc,heap        ] GC(278) Eden regions: 122->0(310)
[157.348s][info][gc,heap        ] GC(278) Survivor regions: 22->5(18)
[157.348s][info][gc,heap        ] GC(278) Old regions: 367->387
[157.348s][info][gc,heap        ] GC(278) Archive regions: 0->0
[157.348s][info][gc,heap        ] GC(278) Humongous regions: 4->4
[157.348s][info][gc,metaspace   ] GC(278) Metaspace: 16652K(17280K)->16652K(17280K) NonClass: 14231K(14592K)->14231K(14592K) Class: 2421K(2688K)->2421K(2688K)
[157.348s][info][gc             ] GC(278) Pause Young (Concurrent Start) (G1 Evacuation Pause) 1025M->785M(1844M) 34.508ms
[157.348s][info][gc             ] GC(279) Concurrent Mark Cycle
[157.348s][info][gc,cpu         ] GC(278) User=0.95s Sys=0.00s Real=0.05s
[157.348s][info][gc,marking     ] GC(279) Concurrent Scan Root Regions
[157.355s][info][gc,marking     ] GC(279) Concurrent Scan Root Regions 7.373ms
[157.355s][info][gc,marking     ] GC(279) Concurrent Mark
[157.355s][info][gc,marking     ] GC(279) Concurrent Mark From Roots
[157.355s][info][gc,task        ] GC(279) Using 8 workers of 8 for marking
[157.467s][info][gc,marking     ] GC(279) Concurrent Mark From Roots 112.008ms
[157.467s][info][gc,marking     ] GC(279) Concurrent Preclean
[157.468s][info][gc,marking     ] GC(279) Concurrent Preclean 0.076ms
[157.468s][info][gc,start       ] GC(279) Pause Remark
[157.470s][info][gc             ] GC(279) Pause Remark 841M->675M(1844M) 1.907ms
[157.470s][info][gc,cpu         ] GC(279) User=0.00s Sys=0.00s Real=0.00s
[157.470s][info][gc,marking     ] GC(279) Concurrent Mark 114.340ms
[157.470s][info][gc,marking     ] GC(279) Concurrent Rebuild Remembered Sets and Scrub Regions
[157.676s][info][gc,marking     ] GC(279) Concurrent Rebuild Remembered Sets and Scrub Regions 206.134ms
[157.676s][info][gc,start       ] GC(279) Pause Cleanup
[157.677s][info][gc             ] GC(279) Pause Cleanup 772M->772M(1844M) 0.478ms
[157.677s][info][gc,cpu         ] GC(279) User=0.00s Sys=0.00s Real=0.00s
[157.677s][info][gc,marking     ] GC(279) Concurrent Clear Claimed Marks
[157.677s][info][gc,marking     ] GC(279) Concurrent Clear Claimed Marks 0.048ms
[157.677s][info][gc,marking     ] GC(279) Concurrent Cleanup for Next Mark
[157.679s][info][gc,marking     ] GC(279) Concurrent Cleanup for Next Mark 2.755ms
[157.679s][info][gc             ] GC(279) Concurrent Mark Cycle 331.578ms
[159.554s][info][gc,heap,exit   ] Heap
[159.554s][info][gc,heap,exit   ]  garbage-first heap   total 1888256K, used 946047K [0x0000000700000000, 0x0000000800000000)
[159.554s][info][gc,heap,exit   ]   region size 2048K, 158 young (323584K), 5 survivors (10240K)
[159.554s][info][gc,heap,exit   ]  Metaspace       used 16743K, committed 17344K, reserved 1114112K
[159.554s][info][gc,heap,exit   ]   class space    used 2437K, committed 2688K, reserved 1048576K
