[0.018s][info][gc,init] CardTable entry size: 512
[0.018s][info][gc     ] Using G1
[0.027s][info][gc,init] Version: 20+36-2344 (release)
[0.027s][info][gc,init] CPUs: 48 total, 48 available
[0.027s][info][gc,init] Memory: 382G
[0.027s][info][gc,init] Large Page Support: Disabled
[0.027s][info][gc,init] NUMA Support: Disabled
[0.027s][info][gc,init] Compressed Oops: Enabled (32-bit)
[0.027s][info][gc,init] Heap Region Size: 1M
[0.027s][info][gc,init] Heap Min Capacity: 8M
[0.027s][info][gc,init] Heap Initial Capacity: 512M
[0.027s][info][gc,init] Heap Max Capacity: 512M
[0.038s][info][gc,init] Pre-touch: Disabled
[0.038s][info][gc,init] Parallel Workers: 33
[0.038s][info][gc,init] Concurrent Workers: 8
[0.038s][info][gc,init] Concurrent Refinement Workers: 33
[0.038s][info][gc,init] Periodic GC: Disabled
[0.039s][info][gc,metaspace] CDS archive(s) mapped at: [0x0000000800000000-0x0000000800c60000-0x0000000800c60000), size 12976128, SharedBaseAddress: 0x0000000800000000, ArchiveRelocationMode: 0.
[0.039s][info][gc,metaspace] Compressed class space mapped at: 0x0000000801000000-0x0000000841000000, reserved size: 1073741824
[0.039s][info][gc,metaspace] Narrow klass base: 0x0000000800000000, Narrow klass shift: 0, Narrow klass range: 0x100000000
[1.144s][info][gc,start    ] GC(0) Pause Young (Normal) (G1 Evacuation Pause)
[1.145s][info][gc,task     ] GC(0) Using 12 workers of 33 for evacuation
[1.150s][info][gc,phases   ] GC(0)   Pre Evacuate Collection Set: 0.2ms
[1.150s][info][gc,phases   ] GC(0)   Merge Heap Roots: 0.1ms
[1.150s][info][gc,phases   ] GC(0)   Evacuate Collection Set: 4.2ms
[1.150s][info][gc,phases   ] GC(0)   Post Evacuate Collection Set: 0.8ms
[1.151s][info][gc,phases   ] GC(0)   Other: 0.9ms
[1.151s][info][gc,heap     ] GC(0) Eden regions: 25->0(31)
[1.151s][info][gc,heap     ] GC(0) Survivor regions: 0->4(4)
[1.151s][info][gc,heap     ] GC(0) Old regions: 0->1
[1.151s][info][gc,heap     ] GC(0) Archive regions: 0->0
[1.151s][info][gc,heap     ] GC(0) Humongous regions: 0->0
[1.151s][info][gc,metaspace] GC(0) Metaspace: 8669K(8832K)->8669K(8832K) NonClass: 7508K(7616K)->7508K(7616K) Class: 1160K(1216K)->1160K(1216K)
[1.151s][info][gc          ] GC(0) Pause Young (Normal) (G1 Evacuation Pause) 25M->4M(512M) 6.948ms
[1.151s][info][gc,cpu      ] GC(0) User=0.00s Sys=0.00s Real=0.00s
[1.432s][info][gc,start    ] GC(1) Pause Full (System.gc())
[1.433s][info][gc,task     ] GC(1) Using 12 workers of 33 for full compaction
[1.433s][info][gc,phases,start] GC(1) Phase 1: Mark live objects
[1.437s][info][gc,phases      ] GC(1) Phase 1: Mark live objects 3.269ms
[1.437s][info][gc,phases,start] GC(1) Phase 2: Prepare compaction
[1.438s][info][gc,phases      ] GC(1) Phase 2: Prepare compaction 1.619ms
[1.438s][info][gc,phases,start] GC(1) Phase 3: Adjust pointers
[1.441s][info][gc,phases      ] GC(1) Phase 3: Adjust pointers 2.478ms
[1.441s][info][gc,phases,start] GC(1) Phase 4: Compact heap
[1.443s][info][gc,phases      ] GC(1) Phase 4: Compact heap 1.811ms
[1.450s][info][gc,heap        ] GC(1) Eden regions: 14->0(20)
[1.450s][info][gc,heap        ] GC(1) Survivor regions: 4->0(4)
[1.450s][info][gc,heap        ] GC(1) Old regions: 1->15
[1.450s][info][gc,heap        ] GC(1) Archive regions: 0->0
[1.450s][info][gc,heap        ] GC(1) Humongous regions: 0->0
[1.450s][info][gc,metaspace   ] GC(1) Metaspace: 14222K(14464K)->14222K(14464K) NonClass: 12166K(12288K)->12166K(12288K) Class: 2055K(2176K)->2055K(2176K)
[1.450s][info][gc             ] GC(1) Pause Full (System.gc()) 18M->4M(50M) 17.877ms
[1.450s][info][gc,cpu         ] GC(1) User=0.02s Sys=0.00s Real=0.02s
[2.715s][info][gc,start       ] GC(2) Pause Young (Normal) (G1 Evacuation Pause)
[2.715s][info][gc,task        ] GC(2) Using 7 workers of 33 for evacuation
[2.718s][info][gc,phases      ] GC(2)   Pre Evacuate Collection Set: 0.1ms
[2.718s][info][gc,phases      ] GC(2)   Merge Heap Roots: 0.0ms
[2.718s][info][gc,phases      ] GC(2)   Evacuate Collection Set: 2.8ms
[2.718s][info][gc,phases      ] GC(2)   Post Evacuate Collection Set: 0.3ms
[2.718s][info][gc,phases      ] GC(2)   Other: 0.1ms
[2.718s][info][gc,heap        ] GC(2) Eden regions: 20->0(18)
[2.718s][info][gc,heap        ] GC(2) Survivor regions: 0->3(3)
[2.718s][info][gc,heap        ] GC(2) Old regions: 15->17
[2.718s][info][gc,heap        ] GC(2) Archive regions: 0->0
[2.718s][info][gc,heap        ] GC(2) Humongous regions: 0->0
[2.718s][info][gc,metaspace   ] GC(2) Metaspace: 15680K(16000K)->15680K(16000K) NonClass: 13435K(13632K)->13435K(13632K) Class: 2245K(2368K)->2245K(2368K)
[2.718s][info][gc             ] GC(2) Pause Young (Normal) (G1 Evacuation Pause) 24M->8M(50M) 3.586ms
[2.718s][info][gc,cpu         ] GC(2) User=0.00s Sys=0.00s Real=0.00s
[3.000s][info][gc,start       ] GC(3) Pause Young (Normal) (G1 Evacuation Pause)
[3.000s][info][gc,task        ] GC(3) Using 4 workers of 33 for evacuation
[3.003s][info][gc,phases      ] GC(3)   Pre Evacuate Collection Set: 0.1ms
[3.003s][info][gc,phases      ] GC(3)   Merge Heap Roots: 0.0ms
[3.003s][info][gc,phases      ] GC(3)   Evacuate Collection Set: 3.2ms
[3.003s][info][gc,phases      ] GC(3)   Post Evacuate Collection Set: 0.2ms
[3.003s][info][gc,phases      ] GC(3)   Other: 0.1ms
[3.004s][info][gc,heap        ] GC(3) Eden regions: 18->0(20)
[3.004s][info][gc,heap        ] GC(3) Survivor regions: 3->1(3)
[3.004s][info][gc,heap        ] GC(3) Old regions: 17->20
[3.004s][info][gc,heap        ] GC(3) Archive regions: 0->0
[3.004s][info][gc,heap        ] GC(3) Humongous regions: 0->0
[3.004s][info][gc,metaspace   ] GC(3) Metaspace: 15680K(16000K)->15680K(16000K) NonClass: 13435K(13632K)->13435K(13632K) Class: 2245K(2368K)->2245K(2368K)
[3.004s][info][gc             ] GC(3) Pause Young (Normal) (G1 Evacuation Pause) 26M->9M(50M) 3.779ms
[3.004s][info][gc,cpu         ] GC(3) User=0.02s Sys=0.00s Real=0.02s
[3.682s][info][gc,start       ] GC(4) Pause Young (Normal) (G1 Evacuation Pause)
[3.682s][info][gc,task        ] GC(4) Using 3 workers of 33 for evacuation
[3.736s][info][gc,phases      ] GC(4)   Pre Evacuate Collection Set: 0.1ms
[3.736s][info][gc,phases      ] GC(4)   Merge Heap Roots: 0.2ms
[3.737s][info][gc,phases      ] GC(4)   Evacuate Collection Set: 53.2ms
[3.737s][info][gc,phases      ] GC(4)   Post Evacuate Collection Set: 1.0ms
[3.737s][info][gc,phases      ] GC(4)   Other: 0.1ms
[3.737s][info][gc,heap        ] GC(4) Eden regions: 20->0(8)
[3.737s][info][gc,heap        ] GC(4) Survivor regions: 1->3(3)
[3.737s][info][gc,heap        ] GC(4) Old regions: 20->30
[3.737s][info][gc,heap        ] GC(4) Archive regions: 0->0
[3.737s][info][gc,heap        ] GC(4) Humongous regions: 0->0
[3.737s][info][gc,metaspace   ] GC(4) Metaspace: 15752K(16000K)->15752K(16000K) NonClass: 13499K(13632K)->13499K(13632K) Class: 2252K(2368K)->2252K(2368K)
[3.737s][info][gc             ] GC(4) Pause Young (Normal) (G1 Evacuation Pause) 29M->22M(54M) 55.185ms
[3.737s][info][gc,cpu         ] GC(4) User=0.14s Sys=0.00s Real=0.06s
[4.532s][info][gc,start       ] GC(5) Pause Young (Concurrent Start) (G1 Evacuation Pause)
[4.532s][info][gc,task        ] GC(5) Using 2 workers of 33 for evacuation
[4.602s][info][gc,phases      ] GC(5)   Pre Evacuate Collection Set: 0.2ms
[4.602s][info][gc,phases      ] GC(5)   Merge Heap Roots: 1.2ms
[4.602s][info][gc,phases      ] GC(5)   Evacuate Collection Set: 68.5ms
[4.602s][info][gc,phases      ] GC(5)   Post Evacuate Collection Set: 0.2ms
[4.602s][info][gc,phases      ] GC(5)   Other: 0.2ms
[4.602s][info][gc,heap        ] GC(5) Eden regions: 8->0(3)
[4.603s][info][gc,heap        ] GC(5) Survivor regions: 3->2(2)
[4.603s][info][gc,heap        ] GC(5) Old regions: 30->40
[4.603s][info][gc,heap        ] GC(5) Archive regions: 0->0
[4.603s][info][gc,heap        ] GC(5) Humongous regions: 0->0
[4.603s][info][gc,metaspace   ] GC(5) Metaspace: 15752K(16000K)->15752K(16000K) NonClass: 13499K(13632K)->13499K(13632K) Class: 2252K(2368K)->2252K(2368K)
[4.603s][info][gc             ] GC(5) Pause Young (Concurrent Start) (G1 Evacuation Pause) 30M->31M(54M) 70.757ms
[4.603s][info][gc             ] GC(6) Concurrent Mark Cycle
[4.603s][info][gc,cpu         ] GC(5) User=0.16s Sys=0.00s Real=0.07s
[4.603s][info][gc,marking     ] GC(6) Concurrent Scan Root Regions
[4.607s][info][gc,marking     ] GC(6) Concurrent Scan Root Regions 4.202ms
[4.607s][info][gc,marking     ] GC(6) Concurrent Mark
[4.607s][info][gc,marking     ] GC(6) Concurrent Mark From Roots
[4.607s][info][gc,task        ] GC(6) Using 8 workers of 8 for marking
[4.619s][info][gc,marking     ] GC(6) Concurrent Mark From Roots 11.864ms
[4.619s][info][gc,marking     ] GC(6) Concurrent Preclean
[4.619s][info][gc,marking     ] GC(6) Concurrent Preclean 0.042ms
[4.619s][info][gc,start       ] GC(6) Pause Remark
[4.625s][info][gc             ] GC(6) Pause Remark 31M->31M(72M) 5.627ms
[4.625s][info][gc,cpu         ] GC(6) User=0.00s Sys=0.00s Real=0.00s
[4.625s][info][gc,marking     ] GC(6) Concurrent Mark 17.807ms
[4.625s][info][gc,marking     ] GC(6) Concurrent Rebuild Remembered Sets and Scrub Regions
[4.644s][info][gc,marking     ] GC(6) Concurrent Rebuild Remembered Sets and Scrub Regions 18.711ms
[4.644s][info][gc,start       ] GC(6) Pause Cleanup
[4.644s][info][gc             ] GC(6) Pause Cleanup 31M->31M(72M) 0.102ms
[4.644s][info][gc,cpu         ] GC(6) User=0.00s Sys=0.00s Real=0.00s
[4.644s][info][gc,marking     ] GC(6) Concurrent Clear Claimed Marks
[4.644s][info][gc,marking     ] GC(6) Concurrent Clear Claimed Marks 0.039ms
[4.644s][info][gc,marking     ] GC(6) Concurrent Cleanup for Next Mark
[4.644s][info][gc,marking     ] GC(6) Concurrent Cleanup for Next Mark 0.226ms
[4.644s][info][gc             ] GC(6) Concurrent Mark Cycle 41.511ms
[4.860s][info][gc,start       ] GC(7) Pause Young (Prepare Mixed) (G1 Evacuation Pause)
[4.860s][info][gc,task        ] GC(7) Using 2 workers of 33 for evacuation
[4.877s][info][gc,phases      ] GC(7)   Pre Evacuate Collection Set: 0.1ms
[4.877s][info][gc,phases      ] GC(7)   Merge Heap Roots: 0.1ms
[4.877s][info][gc,phases      ] GC(7)   Evacuate Collection Set: 17.1ms
[4.878s][info][gc,phases      ] GC(7)   Post Evacuate Collection Set: 0.2ms
[4.878s][info][gc,phases      ] GC(7)   Other: 0.1ms
[4.878s][info][gc,heap        ] GC(7) Eden regions: 3->0(8)
[4.878s][info][gc,heap        ] GC(7) Survivor regions: 2->1(1)
[4.878s][info][gc,heap        ] GC(7) Old regions: 40->44
[4.878s][info][gc,heap        ] GC(7) Archive regions: 0->0
[4.878s][info][gc,heap        ] GC(7) Humongous regions: 0->0
[4.878s][info][gc,metaspace   ] GC(7) Metaspace: 15747K(16000K)->15747K(16000K) NonClass: 13496K(13632K)->13496K(13632K) Class: 2251K(2368K)->2251K(2368K)
[4.878s][info][gc             ] GC(7) Pause Young (Prepare Mixed) (G1 Evacuation Pause) 34M->34M(72M) 18.096ms
[4.878s][info][gc,cpu         ] GC(7) User=0.03s Sys=0.00s Real=0.02s
[5.672s][info][gc,start       ] GC(8) Pause Young (Mixed) (G1 Evacuation Pause)
[5.672s][info][gc,task        ] GC(8) Using 2 workers of 33 for evacuation
[5.685s][info][gc,phases      ] GC(8)   Pre Evacuate Collection Set: 0.1ms
[5.685s][info][gc,phases      ] GC(8)   Merge Heap Roots: 0.1ms
[5.685s][info][gc,phases      ] GC(8)   Evacuate Collection Set: 12.0ms
[5.685s][info][gc,phases      ] GC(8)   Post Evacuate Collection Set: 0.6ms
[5.685s][info][gc,phases      ] GC(8)   Other: 0.1ms
[5.685s][info][gc,heap        ] GC(8) Eden regions: 8->0(8)
[5.685s][info][gc,heap        ] GC(8) Survivor regions: 1->2(2)
[5.685s][info][gc,heap        ] GC(8) Old regions: 44->43
[5.685s][info][gc,heap        ] GC(8) Archive regions: 0->0
[5.685s][info][gc,heap        ] GC(8) Humongous regions: 0->0
[5.685s][info][gc,metaspace   ] GC(8) Metaspace: 15769K(16064K)->15769K(16064K) NonClass: 13511K(13696K)->13511K(13696K) Class: 2258K(2368K)->2258K(2368K)
[5.685s][info][gc             ] GC(8) Pause Young (Mixed) (G1 Evacuation Pause) 42M->41M(72M) 13.427ms
[5.685s][info][gc,cpu         ] GC(8) User=0.02s Sys=0.02s Real=0.02s
[5.711s][info][gc,start       ] GC(9) Pause Young (Mixed) (G1 Evacuation Pause)
[5.711s][info][gc,task        ] GC(9) Using 2 workers of 33 for evacuation
[5.716s][info][gc,phases      ] GC(9)   Pre Evacuate Collection Set: 0.1ms
[5.716s][info][gc,phases      ] GC(9)   Merge Heap Roots: 0.1ms
[5.716s][info][gc,phases      ] GC(9)   Evacuate Collection Set: 4.6ms
[5.716s][info][gc,phases      ] GC(9)   Post Evacuate Collection Set: 0.2ms
[5.716s][info][gc,phases      ] GC(9)   Other: 0.1ms
[5.716s][info][gc,heap        ] GC(9) Eden regions: 8->0(9)
[5.716s][info][gc,heap        ] GC(9) Survivor regions: 2->1(2)
[5.716s][info][gc,heap        ] GC(9) Old regions: 43->44
[5.716s][info][gc,heap        ] GC(9) Archive regions: 0->0
[5.716s][info][gc,heap        ] GC(9) Humongous regions: 0->0
[5.716s][info][gc,metaspace   ] GC(9) Metaspace: 15774K(16064K)->15774K(16064K) NonClass: 13515K(13696K)->13515K(13696K) Class: 2258K(2368K)->2258K(2368K)
[5.716s][info][gc             ] GC(9) Pause Young (Mixed) (G1 Evacuation Pause) 49M->43M(72M) 5.180ms
[5.716s][info][gc,cpu         ] GC(9) User=0.00s Sys=0.00s Real=0.00s
[5.734s][info][gc,start       ] GC(10) Pause Young (Concurrent Start) (G1 Evacuation Pause)
[5.734s][info][gc,task        ] GC(10) Using 2 workers of 33 for evacuation
[5.738s][info][gc,phases      ] GC(10)   Pre Evacuate Collection Set: 0.1ms
[5.738s][info][gc,phases      ] GC(10)   Merge Heap Roots: 0.0ms
[5.738s][info][gc,phases      ] GC(10)   Evacuate Collection Set: 1.8ms
[5.738s][info][gc,phases      ] GC(10)   Post Evacuate Collection Set: 1.4ms
[5.738s][info][gc,phases      ] GC(10)   Other: 0.1ms
[5.738s][info][gc,heap        ] GC(10) Eden regions: 9->0(51)
[5.738s][info][gc,heap        ] GC(10) Survivor regions: 1->1(2)
[5.738s][info][gc,heap        ] GC(10) Old regions: 44->44
[5.738s][info][gc,heap        ] GC(10) Archive regions: 0->0
[5.738s][info][gc,heap        ] GC(10) Humongous regions: 0->0
[5.738s][info][gc,metaspace   ] GC(10) Metaspace: 15777K(16064K)->15777K(16064K) NonClass: 13518K(13696K)->13518K(13696K) Class: 2258K(2368K)->2258K(2368K)
[5.738s][info][gc             ] GC(10) Pause Young (Concurrent Start) (G1 Evacuation Pause) 52M->43M(292M) 3.698ms
[5.738s][info][gc             ] GC(11) Concurrent Mark Cycle
[5.738s][info][gc,cpu         ] GC(10) User=0.00s Sys=0.00s Real=0.00s
[5.738s][info][gc,marking     ] GC(11) Concurrent Scan Root Regions
[5.739s][info][gc,marking     ] GC(11) Concurrent Scan Root Regions 1.280ms
[5.739s][info][gc,marking     ] GC(11) Concurrent Mark
[5.739s][info][gc,marking     ] GC(11) Concurrent Mark From Roots
[5.739s][info][gc,task        ] GC(11) Using 8 workers of 8 for marking
[5.745s][info][gc,marking     ] GC(11) Concurrent Mark From Roots 5.757ms
[5.745s][info][gc,marking     ] GC(11) Concurrent Preclean
[5.745s][info][gc,marking     ] GC(11) Concurrent Preclean 0.032ms
[5.745s][info][gc,start       ] GC(11) Pause Remark
[5.749s][info][gc             ] GC(11) Pause Remark 47M->23M(87M) 3.244ms
[5.749s][info][gc,cpu         ] GC(11) User=0.00s Sys=0.00s Real=0.00s
[5.750s][info][gc,marking     ] GC(11) Concurrent Mark 10.188ms
[5.750s][info][gc,marking     ] GC(11) Concurrent Rebuild Remembered Sets and Scrub Regions
[5.752s][info][gc,marking     ] GC(11) Concurrent Rebuild Remembered Sets and Scrub Regions 2.046ms
[5.752s][info][gc,start       ] GC(11) Pause Cleanup
[5.752s][info][gc             ] GC(11) Pause Cleanup 25M->25M(87M) 0.078ms
[5.752s][info][gc,cpu         ] GC(11) User=0.00s Sys=0.00s Real=0.00s
[5.753s][info][gc,marking     ] GC(11) Concurrent Clear Claimed Marks
[5.753s][info][gc,marking     ] GC(11) Concurrent Clear Claimed Marks 0.040ms
[5.753s][info][gc,marking     ] GC(11) Concurrent Cleanup for Next Mark
[5.753s][info][gc,marking     ] GC(11) Concurrent Cleanup for Next Mark 0.565ms
[5.754s][info][gc             ] GC(11) Concurrent Mark Cycle 15.566ms
[5.806s][info][gc,start       ] GC(12) Pause Young (Prepare Mixed) (G1 Evacuation Pause)
[5.806s][info][gc,task        ] GC(12) Using 2 workers of 33 for evacuation
[5.809s][info][gc,phases      ] GC(12)   Pre Evacuate Collection Set: 0.1ms
[5.809s][info][gc,phases      ] GC(12)   Merge Heap Roots: 0.1ms
[5.809s][info][gc,phases      ] GC(12)   Evacuate Collection Set: 2.1ms
[5.809s][info][gc,phases      ] GC(12)   Post Evacuate Collection Set: 0.2ms
[5.809s][info][gc,phases      ] GC(12)   Other: 0.1ms
[5.809s][info][gc,heap        ] GC(12) Eden regions: 51->0(38)
[5.809s][info][gc,heap        ] GC(12) Survivor regions: 1->1(7)
[5.809s][info][gc,heap        ] GC(12) Old regions: 20->20
[5.809s][info][gc,heap        ] GC(12) Archive regions: 0->0
[5.809s][info][gc,heap        ] GC(12) Humongous regions: 0->0
[5.809s][info][gc,metaspace   ] GC(12) Metaspace: 15777K(16064K)->15777K(16064K) NonClass: 13518K(13696K)->13518K(13696K) Class: 2258K(2368K)->2258K(2368K)
[5.809s][info][gc             ] GC(12) Pause Young (Prepare Mixed) (G1 Evacuation Pause) 70M->19M(87M) 2.889ms
[5.809s][info][gc,cpu         ] GC(12) User=0.00s Sys=0.00s Real=0.00s
[5.856s][info][gc,start       ] GC(13) Pause Young (Mixed) (G1 Evacuation Pause)
[5.856s][info][gc,task        ] GC(13) Using 2 workers of 33 for evacuation
[5.859s][info][gc,phases      ] GC(13)   Pre Evacuate Collection Set: 0.1ms
[5.859s][info][gc,phases      ] GC(13)   Merge Heap Roots: 0.1ms
[5.859s][info][gc,phases      ] GC(13)   Evacuate Collection Set: 2.6ms
[5.859s][info][gc,phases      ] GC(13)   Post Evacuate Collection Set: 0.3ms
[5.859s][info][gc,phases      ] GC(13)   Other: 0.1ms
[5.859s][info][gc,heap        ] GC(13) Eden regions: 38->0(51)
[5.859s][info][gc,heap        ] GC(13) Survivor regions: 1->1(5)
[5.859s][info][gc,heap        ] GC(13) Old regions: 20->12
[5.859s][info][gc,heap        ] GC(13) Archive regions: 0->0
[5.859s][info][gc,heap        ] GC(13) Humongous regions: 0->0
[5.859s][info][gc,metaspace   ] GC(13) Metaspace: 15784K(16064K)->15784K(16064K) NonClass: 13525K(13696K)->13525K(13696K) Class: 2258K(2368K)->2258K(2368K)
[5.859s][info][gc             ] GC(13) Pause Young (Mixed) (G1 Evacuation Pause) 57M->10M(87M) 3.269ms
[5.859s][info][gc,cpu         ] GC(13) User=0.14s Sys=0.00s Real=0.02s
[5.906s][info][gc,start       ] GC(14) Pause Young (Mixed) (G1 Evacuation Pause)
[5.906s][info][gc,task        ] GC(14) Using 2 workers of 33 for evacuation
[5.909s][info][gc,phases      ] GC(14)   Pre Evacuate Collection Set: 0.1ms
[5.909s][info][gc,phases      ] GC(14)   Merge Heap Roots: 0.0ms
[5.909s][info][gc,phases      ] GC(14)   Evacuate Collection Set: 2.8ms
[5.909s][info][gc,phases      ] GC(14)   Post Evacuate Collection Set: 0.2ms
[5.909s][info][gc,phases      ] GC(14)   Other: 0.1ms
[5.909s][info][gc,heap        ] GC(14) Eden regions: 51->0(51)
[5.909s][info][gc,heap        ] GC(14) Survivor regions: 1->1(7)
[5.909s][info][gc,heap        ] GC(14) Old regions: 12->11
[5.909s][info][gc,heap        ] GC(14) Archive regions: 0->0
[5.909s][info][gc,heap        ] GC(14) Humongous regions: 0->0
[5.909s][info][gc,metaspace   ] GC(14) Metaspace: 15784K(16064K)->15784K(16064K) NonClass: 13525K(13696K)->13525K(13696K) Class: 2258K(2368K)->2258K(2368K)
[5.909s][info][gc             ] GC(14) Pause Young (Mixed) (G1 Evacuation Pause) 61M->9M(87M) 3.428ms
[5.909s][info][gc,cpu         ] GC(14) User=0.05s Sys=0.00s Real=0.02s
[5.943s][info][gc,start       ] GC(15) Pause Young (Normal) (G1 Evacuation Pause)
[5.943s][info][gc,task        ] GC(15) Using 2 workers of 33 for evacuation
[5.946s][info][gc,phases      ] GC(15)   Pre Evacuate Collection Set: 0.1ms
[5.946s][info][gc,phases      ] GC(15)   Merge Heap Roots: 0.0ms
[5.946s][info][gc,phases      ] GC(15)   Evacuate Collection Set: 2.2ms
[5.946s][info][gc,phases      ] GC(15)   Post Evacuate Collection Set: 0.2ms
[5.946s][info][gc,phases      ] GC(15)   Other: 0.1ms
[5.946s][info][gc,heap        ] GC(15) Eden regions: 51->0(50)
[5.946s][info][gc,heap        ] GC(15) Survivor regions: 1->2(7)
[5.946s][info][gc,heap        ] GC(15) Old regions: 11->11
[5.946s][info][gc,heap        ] GC(15) Archive regions: 0->0
[5.946s][info][gc,heap        ] GC(15) Humongous regions: 0->0
[5.946s][info][gc,metaspace   ] GC(15) Metaspace: 15784K(16064K)->15784K(16064K) NonClass: 13525K(13696K)->13525K(13696K) Class: 2258K(2368K)->2258K(2368K)
[5.946s][info][gc             ] GC(15) Pause Young (Normal) (G1 Evacuation Pause) 60M->9M(87M) 2.777ms
[5.946s][info][gc,cpu         ] GC(15) User=0.00s Sys=0.00s Real=0.00s
[5.970s][info][gc,start       ] GC(16) Pause Young (Normal) (G1 Evacuation Pause)
[5.970s][info][gc,task        ] GC(16) Using 2 workers of 33 for evacuation
[5.973s][info][gc,phases      ] GC(16)   Pre Evacuate Collection Set: 0.1ms
[5.974s][info][gc,phases      ] GC(16)   Merge Heap Roots: 0.0ms
[5.974s][info][gc,phases      ] GC(16)   Evacuate Collection Set: 2.3ms
[5.974s][info][gc,phases      ] GC(16)   Post Evacuate Collection Set: 1.3ms
[5.974s][info][gc,phases      ] GC(16)   Other: 0.1ms
[5.974s][info][gc,heap        ] GC(16) Eden regions: 50->0(178)
[5.974s][info][gc,heap        ] GC(16) Survivor regions: 2->2(7)
[5.974s][info][gc,heap        ] GC(16) Old regions: 11->11
[5.974s][info][gc,heap        ] GC(16) Archive regions: 0->0
[5.974s][info][gc,heap        ] GC(16) Humongous regions: 0->0
[5.974s][info][gc,metaspace   ] GC(16) Metaspace: 15784K(16064K)->15784K(16064K) NonClass: 13525K(13696K)->13525K(13696K) Class: 2258K(2368K)->2258K(2368K)
[5.974s][info][gc             ] GC(16) Pause Young (Normal) (G1 Evacuation Pause) 59M->9M(300M) 4.060ms
[5.974s][info][gc,cpu         ] GC(16) User=0.00s Sys=0.00s Real=0.00s
[6.088s][info][gc,start       ] GC(17) Pause Young (Normal) (G1 Evacuation Pause)
[6.088s][info][gc,task        ] GC(17) Using 7 workers of 33 for evacuation
[6.089s][info][gc,phases      ] GC(17)   Pre Evacuate Collection Set: 0.1ms
[6.089s][info][gc,phases      ] GC(17)   Merge Heap Roots: 0.1ms
[6.089s][info][gc,phases      ] GC(17)   Evacuate Collection Set: 1.0ms
[6.089s][info][gc,phases      ] GC(17)   Post Evacuate Collection Set: 0.3ms
[6.089s][info][gc,phases      ] GC(17)   Other: 0.1ms
[6.089s][info][gc,heap        ] GC(17) Eden regions: 178->0(178)
[6.089s][info][gc,heap        ] GC(17) Survivor regions: 2->2(23)
[6.089s][info][gc,heap        ] GC(17) Old regions: 11->11
[6.089s][info][gc,heap        ] GC(17) Archive regions: 0->0
[6.089s][info][gc,heap        ] GC(17) Humongous regions: 0->0
[6.089s][info][gc,metaspace   ] GC(17) Metaspace: 15784K(16064K)->15784K(16064K) NonClass: 13525K(13696K)->13525K(13696K) Class: 2258K(2368K)->2258K(2368K)
[6.089s][info][gc             ] GC(17) Pause Young (Normal) (G1 Evacuation Pause) 187M->10M(300M) 1.744ms
[6.089s][info][gc,cpu         ] GC(17) User=0.00s Sys=0.00s Real=0.00s
[6.154s][info][gc,start       ] GC(18) Pause Young (Normal) (G1 Evacuation Pause)
[6.154s][info][gc,task        ] GC(18) Using 7 workers of 33 for evacuation
[6.155s][info][gc,phases      ] GC(18)   Pre Evacuate Collection Set: 0.1ms
[6.155s][info][gc,phases      ] GC(18)   Merge Heap Roots: 0.1ms
[6.155s][info][gc,phases      ] GC(18)   Evacuate Collection Set: 0.9ms
[6.155s][info][gc,phases      ] GC(18)   Post Evacuate Collection Set: 0.3ms
[6.155s][info][gc,phases      ] GC(18)   Other: 0.1ms
[6.155s][info][gc,heap        ] GC(18) Eden regions: 178->0(178)
[6.155s][info][gc,heap        ] GC(18) Survivor regions: 2->2(23)
[6.155s][info][gc,heap        ] GC(18) Old regions: 11->11
[6.155s][info][gc,heap        ] GC(18) Archive regions: 0->0
[6.155s][info][gc,heap        ] GC(18) Humongous regions: 0->0
[6.155s][info][gc,metaspace   ] GC(18) Metaspace: 15784K(16064K)->15784K(16064K) NonClass: 13525K(13696K)->13525K(13696K) Class: 2258K(2368K)->2258K(2368K)
[6.155s][info][gc             ] GC(18) Pause Young (Normal) (G1 Evacuation Pause) 188M->10M(300M) 1.663ms
[6.155s][info][gc,cpu         ] GC(18) User=0.00s Sys=0.00s Real=0.00s
[6.212s][info][gc,start       ] GC(19) Pause Young (Normal) (G1 Evacuation Pause)
[6.212s][info][gc,task        ] GC(19) Using 7 workers of 33 for evacuation
[6.213s][info][gc,phases      ] GC(19)   Pre Evacuate Collection Set: 0.1ms
[6.213s][info][gc,phases      ] GC(19)   Merge Heap Roots: 0.1ms
[6.213s][info][gc,phases      ] GC(19)   Evacuate Collection Set: 0.9ms
[6.213s][info][gc,phases      ] GC(19)   Post Evacuate Collection Set: 0.3ms
[6.213s][info][gc,phases      ] GC(19)   Other: 0.1ms
[6.213s][info][gc,heap        ] GC(19) Eden regions: 178->0(178)
[6.213s][info][gc,heap        ] GC(19) Survivor regions: 2->2(23)
[6.213s][info][gc,heap        ] GC(19) Old regions: 11->11
[6.213s][info][gc,heap        ] GC(19) Archive regions: 0->0
[6.213s][info][gc,heap        ] GC(19) Humongous regions: 0->0
[6.213s][info][gc,metaspace   ] GC(19) Metaspace: 15784K(16064K)->15784K(16064K) NonClass: 13525K(13696K)->13525K(13696K) Class: 2258K(2368K)->2258K(2368K)
[6.213s][info][gc             ] GC(19) Pause Young (Normal) (G1 Evacuation Pause) 188M->10M(300M) 1.608ms
[6.213s][info][gc,cpu         ] GC(19) User=0.00s Sys=0.00s Real=0.00s
[6.232s][info][gc,start       ] GC(20) Pause Young (Normal) (G1 Evacuation Pause)
[6.232s][info][gc,task        ] GC(20) Using 7 workers of 33 for evacuation
[6.233s][info][gc,phases      ] GC(20)   Pre Evacuate Collection Set: 0.1ms
[6.233s][info][gc,phases      ] GC(20)   Merge Heap Roots: 0.1ms
[6.233s][info][gc,phases      ] GC(20)   Evacuate Collection Set: 0.9ms
[6.233s][info][gc,phases      ] GC(20)   Post Evacuate Collection Set: 0.3ms
[6.233s][info][gc,phases      ] GC(20)   Other: 0.1ms
[6.233s][info][gc,heap        ] GC(20) Eden regions: 178->0(178)
[6.233s][info][gc,heap        ] GC(20) Survivor regions: 2->2(23)
[6.233s][info][gc,heap        ] GC(20) Old regions: 11->11
[6.233s][info][gc,heap        ] GC(20) Archive regions: 0->0
[6.233s][info][gc,heap        ] GC(20) Humongous regions: 0->0
[6.233s][info][gc,metaspace   ] GC(20) Metaspace: 15784K(16064K)->15784K(16064K) NonClass: 13525K(13696K)->13525K(13696K) Class: 2258K(2368K)->2258K(2368K)
[6.233s][info][gc             ] GC(20) Pause Young (Normal) (G1 Evacuation Pause) 188M->10M(300M) 1.557ms
[6.233s][info][gc,cpu         ] GC(20) User=0.00s Sys=0.00s Real=0.00s
[6.252s][info][gc,start       ] GC(21) Pause Young (Normal) (G1 Evacuation Pause)
[6.252s][info][gc,task        ] GC(21) Using 7 workers of 33 for evacuation
[6.253s][info][gc,phases      ] GC(21)   Pre Evacuate Collection Set: 0.1ms
[6.253s][info][gc,phases      ] GC(21)   Merge Heap Roots: 0.1ms
[6.253s][info][gc,phases      ] GC(21)   Evacuate Collection Set: 0.9ms
[6.253s][info][gc,phases      ] GC(21)   Post Evacuate Collection Set: 0.3ms
[6.253s][info][gc,phases      ] GC(21)   Other: 0.1ms
[6.253s][info][gc,heap        ] GC(21) Eden regions: 178->0(178)
[6.253s][info][gc,heap        ] GC(21) Survivor regions: 2->2(23)
[6.253s][info][gc,heap        ] GC(21) Old regions: 11->11
[6.253s][info][gc,heap        ] GC(21) Archive regions: 0->0
[6.253s][info][gc,heap        ] GC(21) Humongous regions: 0->0
[6.253s][info][gc,metaspace   ] GC(21) Metaspace: 15785K(16064K)->15785K(16064K) NonClass: 13526K(13696K)->13526K(13696K) Class: 2258K(2368K)->2258K(2368K)
[6.253s][info][gc             ] GC(21) Pause Young (Normal) (G1 Evacuation Pause) 188M->10M(300M) 1.557ms
[6.253s][info][gc,cpu         ] GC(21) User=0.00s Sys=0.00s Real=0.00s
[6.272s][info][gc,start       ] GC(22) Pause Young (Normal) (G1 Evacuation Pause)
[6.272s][info][gc,task        ] GC(22) Using 7 workers of 33 for evacuation
[6.273s][info][gc,phases      ] GC(22)   Pre Evacuate Collection Set: 0.1ms
[6.273s][info][gc,phases      ] GC(22)   Merge Heap Roots: 0.1ms
[6.273s][info][gc,phases      ] GC(22)   Evacuate Collection Set: 0.9ms
[6.273s][info][gc,phases      ] GC(22)   Post Evacuate Collection Set: 0.3ms
[6.274s][info][gc,phases      ] GC(22)   Other: 0.1ms
[6.274s][info][gc,heap        ] GC(22) Eden regions: 178->0(178)
[6.274s][info][gc,heap        ] GC(22) Survivor regions: 2->2(23)
[6.274s][info][gc,heap        ] GC(22) Old regions: 11->11
[6.274s][info][gc,heap        ] GC(22) Archive regions: 0->0
[6.274s][info][gc,heap        ] GC(22) Humongous regions: 0->0
[6.274s][info][gc,metaspace   ] GC(22) Metaspace: 15785K(16064K)->15785K(16064K) NonClass: 13526K(13696K)->13526K(13696K) Class: 2258K(2368K)->2258K(2368K)
[6.274s][info][gc             ] GC(22) Pause Young (Normal) (G1 Evacuation Pause) 188M->10M(300M) 1.574ms
[6.274s][info][gc,cpu         ] GC(22) User=0.00s Sys=0.00s Real=0.00s
[6.292s][info][gc,start       ] GC(23) Pause Young (Normal) (G1 Evacuation Pause)
[6.292s][info][gc,task        ] GC(23) Using 7 workers of 33 for evacuation
[6.294s][info][gc,phases      ] GC(23)   Pre Evacuate Collection Set: 0.1ms
[6.294s][info][gc,phases      ] GC(23)   Merge Heap Roots: 0.1ms
[6.294s][info][gc,phases      ] GC(23)   Evacuate Collection Set: 0.9ms
[6.294s][info][gc,phases      ] GC(23)   Post Evacuate Collection Set: 0.3ms
[6.294s][info][gc,phases      ] GC(23)   Other: 0.1ms
[6.294s][info][gc,heap        ] GC(23) Eden regions: 178->0(178)
[6.294s][info][gc,heap        ] GC(23) Survivor regions: 2->2(23)
[6.294s][info][gc,heap        ] GC(23) Old regions: 11->11
[6.294s][info][gc,heap        ] GC(23) Archive regions: 0->0
[6.294s][info][gc,heap        ] GC(23) Humongous regions: 0->0
[6.294s][info][gc,metaspace   ] GC(23) Metaspace: 15785K(16064K)->15785K(16064K) NonClass: 13526K(13696K)->13526K(13696K) Class: 2258K(2368K)->2258K(2368K)
[6.294s][info][gc             ] GC(23) Pause Young (Normal) (G1 Evacuation Pause) 188M->10M(300M) 1.536ms
[6.294s][info][gc,cpu         ] GC(23) User=0.00s Sys=0.00s Real=0.00s
[6.313s][info][gc,start       ] GC(24) Pause Young (Normal) (G1 Evacuation Pause)
[6.313s][info][gc,task        ] GC(24) Using 7 workers of 33 for evacuation
[6.314s][info][gc,phases      ] GC(24)   Pre Evacuate Collection Set: 0.1ms
[6.314s][info][gc,phases      ] GC(24)   Merge Heap Roots: 0.1ms
[6.314s][info][gc,phases      ] GC(24)   Evacuate Collection Set: 0.8ms
[6.314s][info][gc,phases      ] GC(24)   Post Evacuate Collection Set: 0.3ms
[6.314s][info][gc,phases      ] GC(24)   Other: 0.1ms
[6.314s][info][gc,heap        ] GC(24) Eden regions: 178->0(178)
[6.314s][info][gc,heap        ] GC(24) Survivor regions: 2->2(23)
[6.314s][info][gc,heap        ] GC(24) Old regions: 11->11
[6.314s][info][gc,heap        ] GC(24) Archive regions: 0->0
[6.314s][info][gc,heap        ] GC(24) Humongous regions: 0->0
[6.314s][info][gc,metaspace   ] GC(24) Metaspace: 15785K(16064K)->15785K(16064K) NonClass: 13526K(13696K)->13526K(13696K) Class: 2258K(2368K)->2258K(2368K)
[6.314s][info][gc             ] GC(24) Pause Young (Normal) (G1 Evacuation Pause) 188M->10M(300M) 1.508ms
[6.314s][info][gc,cpu         ] GC(24) User=0.00s Sys=0.00s Real=0.00s
[6.333s][info][gc,start       ] GC(25) Pause Young (Normal) (G1 Evacuation Pause)
[6.333s][info][gc,task        ] GC(25) Using 7 workers of 33 for evacuation
[6.334s][info][gc,phases      ] GC(25)   Pre Evacuate Collection Set: 0.1ms
[6.334s][info][gc,phases      ] GC(25)   Merge Heap Roots: 0.1ms
[6.334s][info][gc,phases      ] GC(25)   Evacuate Collection Set: 0.8ms
[6.334s][info][gc,phases      ] GC(25)   Post Evacuate Collection Set: 0.3ms
[6.334s][info][gc,phases      ] GC(25)   Other: 0.1ms
[6.334s][info][gc,heap        ] GC(25) Eden regions: 178->0(178)
[6.334s][info][gc,heap        ] GC(25) Survivor regions: 2->2(23)
[6.334s][info][gc,heap        ] GC(25) Old regions: 11->11
[6.334s][info][gc,heap        ] GC(25) Archive regions: 0->0
[6.334s][info][gc,heap        ] GC(25) Humongous regions: 0->0
[6.334s][info][gc,metaspace   ] GC(25) Metaspace: 15785K(16064K)->15785K(16064K) NonClass: 13526K(13696K)->13526K(13696K) Class: 2258K(2368K)->2258K(2368K)
[6.334s][info][gc             ] GC(25) Pause Young (Normal) (G1 Evacuation Pause) 188M->10M(300M) 1.532ms
[6.334s][info][gc,cpu         ] GC(25) User=0.00s Sys=0.00s Real=0.00s
[6.353s][info][gc,start       ] GC(26) Pause Young (Normal) (G1 Evacuation Pause)
[6.353s][info][gc,task        ] GC(26) Using 7 workers of 33 for evacuation
[6.354s][info][gc,phases      ] GC(26)   Pre Evacuate Collection Set: 0.1ms
[6.354s][info][gc,phases      ] GC(26)   Merge Heap Roots: 0.1ms
[6.354s][info][gc,phases      ] GC(26)   Evacuate Collection Set: 0.8ms
[6.354s][info][gc,phases      ] GC(26)   Post Evacuate Collection Set: 0.3ms
[6.354s][info][gc,phases      ] GC(26)   Other: 0.1ms
[6.354s][info][gc,heap        ] GC(26) Eden regions: 178->0(178)
[6.354s][info][gc,heap        ] GC(26) Survivor regions: 2->2(23)
[6.354s][info][gc,heap        ] GC(26) Old regions: 11->11
[6.354s][info][gc,heap        ] GC(26) Archive regions: 0->0
[6.354s][info][gc,heap        ] GC(26) Humongous regions: 0->0
[6.354s][info][gc,metaspace   ] GC(26) Metaspace: 15785K(16064K)->15785K(16064K) NonClass: 13526K(13696K)->13526K(13696K) Class: 2258K(2368K)->2258K(2368K)
[6.355s][info][gc             ] GC(26) Pause Young (Normal) (G1 Evacuation Pause) 188M->10M(300M) 1.599ms
[6.355s][info][gc,cpu         ] GC(26) User=0.00s Sys=0.00s Real=0.00s
[6.373s][info][gc,start       ] GC(27) Pause Young (Normal) (G1 Evacuation Pause)
[6.373s][info][gc,task        ] GC(27) Using 7 workers of 33 for evacuation
[6.375s][info][gc,phases      ] GC(27)   Pre Evacuate Collection Set: 0.1ms
[6.375s][info][gc,phases      ] GC(27)   Merge Heap Roots: 0.1ms
[6.375s][info][gc,phases      ] GC(27)   Evacuate Collection Set: 0.8ms
[6.375s][info][gc,phases      ] GC(27)   Post Evacuate Collection Set: 0.3ms
[6.375s][info][gc,phases      ] GC(27)   Other: 0.1ms
[6.375s][info][gc,heap        ] GC(27) Eden regions: 178->0(178)
[6.375s][info][gc,heap        ] GC(27) Survivor regions: 2->2(23)
[6.375s][info][gc,heap        ] GC(27) Old regions: 11->11
[6.375s][info][gc,heap        ] GC(27) Archive regions: 0->0
[6.375s][info][gc,heap        ] GC(27) Humongous regions: 0->0
[6.375s][info][gc,metaspace   ] GC(27) Metaspace: 15785K(16064K)->15785K(16064K) NonClass: 13526K(13696K)->13526K(13696K) Class: 2258K(2368K)->2258K(2368K)
[6.375s][info][gc             ] GC(27) Pause Young (Normal) (G1 Evacuation Pause) 188M->10M(300M) 1.504ms
[6.375s][info][gc,cpu         ] GC(27) User=0.00s Sys=0.00s Real=0.00s
[6.393s][info][gc,start       ] GC(28) Pause Young (Normal) (G1 Evacuation Pause)
[6.393s][info][gc,task        ] GC(28) Using 7 workers of 33 for evacuation
[6.395s][info][gc,phases      ] GC(28)   Pre Evacuate Collection Set: 0.1ms
[6.395s][info][gc,phases      ] GC(28)   Merge Heap Roots: 0.1ms
[6.395s][info][gc,phases      ] GC(28)   Evacuate Collection Set: 0.8ms
[6.395s][info][gc,phases      ] GC(28)   Post Evacuate Collection Set: 0.3ms
[6.395s][info][gc,phases      ] GC(28)   Other: 0.1ms
[6.395s][info][gc,heap        ] GC(28) Eden regions: 178->0(178)
[6.395s][info][gc,heap        ] GC(28) Survivor regions: 2->2(23)
[6.395s][info][gc,heap        ] GC(28) Old regions: 11->11
[6.395s][info][gc,heap        ] GC(28) Archive regions: 0->0
[6.395s][info][gc,heap        ] GC(28) Humongous regions: 0->0
[6.395s][info][gc,metaspace   ] GC(28) Metaspace: 15785K(16064K)->15785K(16064K) NonClass: 13526K(13696K)->13526K(13696K) Class: 2258K(2368K)->2258K(2368K)
[6.395s][info][gc             ] GC(28) Pause Young (Normal) (G1 Evacuation Pause) 188M->10M(300M) 1.507ms
[6.395s][info][gc,cpu         ] GC(28) User=0.00s Sys=0.00s Real=0.00s
[6.413s][info][gc,start       ] GC(29) Pause Young (Normal) (G1 Evacuation Pause)
[6.413s][info][gc,task        ] GC(29) Using 7 workers of 33 for evacuation
[6.415s][info][gc,phases      ] GC(29)   Pre Evacuate Collection Set: 0.1ms
[6.415s][info][gc,phases      ] GC(29)   Merge Heap Roots: 0.1ms
[6.415s][info][gc,phases      ] GC(29)   Evacuate Collection Set: 0.8ms
[6.415s][info][gc,phases      ] GC(29)   Post Evacuate Collection Set: 0.3ms
[6.415s][info][gc,phases      ] GC(29)   Other: 0.1ms
[6.415s][info][gc,heap        ] GC(29) Eden regions: 178->0(178)
[6.415s][info][gc,heap        ] GC(29) Survivor regions: 2->2(23)
[6.415s][info][gc,heap        ] GC(29) Old regions: 11->11
[6.415s][info][gc,heap        ] GC(29) Archive regions: 0->0
[6.415s][info][gc,heap        ] GC(29) Humongous regions: 0->0
[6.415s][info][gc,metaspace   ] GC(29) Metaspace: 15785K(16064K)->15785K(16064K) NonClass: 13526K(13696K)->13526K(13696K) Class: 2258K(2368K)->2258K(2368K)
[6.415s][info][gc             ] GC(29) Pause Young (Normal) (G1 Evacuation Pause) 188M->10M(300M) 1.546ms
[6.415s][info][gc,cpu         ] GC(29) User=0.00s Sys=0.00s Real=0.00s
[6.434s][info][gc,start       ] GC(30) Pause Young (Normal) (G1 Evacuation Pause)
[6.434s][info][gc,task        ] GC(30) Using 7 workers of 33 for evacuation
[6.435s][info][gc,phases      ] GC(30)   Pre Evacuate Collection Set: 0.1ms
[6.435s][info][gc,phases      ] GC(30)   Merge Heap Roots: 0.1ms
[6.435s][info][gc,phases      ] GC(30)   Evacuate Collection Set: 0.8ms
[6.435s][info][gc,phases      ] GC(30)   Post Evacuate Collection Set: 0.3ms
[6.435s][info][gc,phases      ] GC(30)   Other: 0.1ms
[6.435s][info][gc,heap        ] GC(30) Eden regions: 178->0(178)
[6.435s][info][gc,heap        ] GC(30) Survivor regions: 2->2(23)
[6.435s][info][gc,heap        ] GC(30) Old regions: 11->11
[6.435s][info][gc,heap        ] GC(30) Archive regions: 0->0
[6.435s][info][gc,heap        ] GC(30) Humongous regions: 0->0
[6.435s][info][gc,metaspace   ] GC(30) Metaspace: 15785K(16064K)->15785K(16064K) NonClass: 13526K(13696K)->13526K(13696K) Class: 2258K(2368K)->2258K(2368K)
[6.435s][info][gc             ] GC(30) Pause Young (Normal) (G1 Evacuation Pause) 188M->10M(300M) 1.496ms
[6.435s][info][gc,cpu         ] GC(30) User=0.00s Sys=0.00s Real=0.00s
[6.454s][info][gc,start       ] GC(31) Pause Young (Normal) (G1 Evacuation Pause)
[6.454s][info][gc,task        ] GC(31) Using 7 workers of 33 for evacuation
[6.455s][info][gc,phases      ] GC(31)   Pre Evacuate Collection Set: 0.1ms
[6.455s][info][gc,phases      ] GC(31)   Merge Heap Roots: 0.1ms
[6.455s][info][gc,phases      ] GC(31)   Evacuate Collection Set: 0.7ms
[6.455s][info][gc,phases      ] GC(31)   Post Evacuate Collection Set: 0.3ms
[6.455s][info][gc,phases      ] GC(31)   Other: 0.1ms
[6.455s][info][gc,heap        ] GC(31) Eden regions: 178->0(178)
[6.455s][info][gc,heap        ] GC(31) Survivor regions: 2->2(23)
[6.455s][info][gc,heap        ] GC(31) Old regions: 11->11
[6.455s][info][gc,heap        ] GC(31) Archive regions: 0->0
[6.455s][info][gc,heap        ] GC(31) Humongous regions: 0->0
[6.455s][info][gc,metaspace   ] GC(31) Metaspace: 15785K(16064K)->15785K(16064K) NonClass: 13526K(13696K)->13526K(13696K) Class: 2258K(2368K)->2258K(2368K)
[6.455s][info][gc             ] GC(31) Pause Young (Normal) (G1 Evacuation Pause) 188M->10M(300M) 1.359ms
[6.455s][info][gc,cpu         ] GC(31) User=0.00s Sys=0.00s Real=0.00s
[6.474s][info][gc,start       ] GC(32) Pause Young (Normal) (G1 Evacuation Pause)
[6.474s][info][gc,task        ] GC(32) Using 7 workers of 33 for evacuation
[6.475s][info][gc,phases      ] GC(32)   Pre Evacuate Collection Set: 0.1ms
[6.475s][info][gc,phases      ] GC(32)   Merge Heap Roots: 0.1ms
[6.475s][info][gc,phases      ] GC(32)   Evacuate Collection Set: 0.6ms
[6.475s][info][gc,phases      ] GC(32)   Post Evacuate Collection Set: 0.3ms
[6.475s][info][gc,phases      ] GC(32)   Other: 0.1ms
[6.475s][info][gc,heap        ] GC(32) Eden regions: 178->0(178)
[6.475s][info][gc,heap        ] GC(32) Survivor regions: 2->2(23)
[6.475s][info][gc,heap        ] GC(32) Old regions: 11->11
[6.475s][info][gc,heap        ] GC(32) Archive regions: 0->0
[6.475s][info][gc,heap        ] GC(32) Humongous regions: 0->0
[6.476s][info][gc,metaspace   ] GC(32) Metaspace: 15785K(16064K)->15785K(16064K) NonClass: 13526K(13696K)->13526K(13696K) Class: 2258K(2368K)->2258K(2368K)
[6.476s][info][gc             ] GC(32) Pause Young (Normal) (G1 Evacuation Pause) 188M->9M(300M) 1.365ms
[6.476s][info][gc,cpu         ] GC(32) User=0.00s Sys=0.00s Real=0.00s
[6.630s][info][gc,start       ] GC(33) Pause Young (Normal) (G1 Evacuation Pause)
[6.630s][info][gc,task        ] GC(33) Using 7 workers of 33 for evacuation
[6.670s][info][gc,phases      ] GC(33)   Pre Evacuate Collection Set: 0.1ms
[6.670s][info][gc,phases      ] GC(33)   Merge Heap Roots: 0.1ms
[6.670s][info][gc,phases      ] GC(33)   Evacuate Collection Set: 39.1ms
[6.670s][info][gc,phases      ] GC(33)   Post Evacuate Collection Set: 0.7ms
[6.670s][info][gc,phases      ] GC(33)   Other: 0.2ms
[6.670s][info][gc,heap        ] GC(33) Eden regions: 178->0(157)
[6.670s][info][gc,heap        ] GC(33) Survivor regions: 2->23(23)
[6.670s][info][gc,heap        ] GC(33) Old regions: 11->45
[6.670s][info][gc,heap        ] GC(33) Archive regions: 0->0
[6.670s][info][gc,heap        ] GC(33) Humongous regions: 1->1
[6.671s][info][gc,metaspace   ] GC(33) Metaspace: 16017K(16256K)->16017K(16256K) NonClass: 13706K(13824K)->13706K(13824K) Class: 2310K(2432K)->2310K(2432K)
[6.671s][info][gc             ] GC(33) Pause Young (Normal) (G1 Evacuation Pause) 188M->67M(300M) 40.815ms
[6.671s][info][gc,cpu         ] GC(33) User=0.30s Sys=0.03s Real=0.05s
[6.843s][info][gc,start       ] GC(34) Pause Young (Normal) (G1 Evacuation Pause)
[6.844s][info][gc,task        ] GC(34) Using 7 workers of 33 for evacuation
[6.915s][info][gc,phases      ] GC(34)   Pre Evacuate Collection Set: 0.1ms
[6.915s][info][gc,phases      ] GC(34)   Merge Heap Roots: 0.3ms
[6.916s][info][gc,phases      ] GC(34)   Evacuate Collection Set: 70.5ms
[6.916s][info][gc,phases      ] GC(34)   Post Evacuate Collection Set: 0.7ms
[6.916s][info][gc,phases      ] GC(34)   Other: 0.2ms
[6.916s][info][gc,heap        ] GC(34) Eden regions: 157->0(85)
[6.916s][info][gc,heap        ] GC(34) Survivor regions: 23->23(23)
[6.916s][info][gc,heap        ] GC(34) Old regions: 45->146
[6.916s][info][gc,heap        ] GC(34) Archive regions: 0->0
[6.916s][info][gc,heap        ] GC(34) Humongous regions: 1->1
[6.916s][info][gc,metaspace   ] GC(34) Metaspace: 16023K(16256K)->16023K(16256K) NonClass: 13712K(13824K)->13712K(13824K) Class: 2310K(2432K)->2310K(2432K)
[6.916s][info][gc             ] GC(34) Pause Young (Normal) (G1 Evacuation Pause) 224M->167M(350M) 72.333ms
[6.916s][info][gc,cpu         ] GC(34) User=0.53s Sys=0.02s Real=0.08s
[6.918s][info][gc,start       ] GC(35) Pause Young (Normal) (G1 Evacuation Pause)
[6.918s][info][gc,task        ] GC(35) Using 8 workers of 33 for evacuation
[6.939s][info][gc,phases      ] GC(35)   Pre Evacuate Collection Set: 0.1ms
[6.939s][info][gc,phases      ] GC(35)   Merge Heap Roots: 0.3ms
[6.939s][info][gc,phases      ] GC(35)   Evacuate Collection Set: 20.0ms
[6.939s][info][gc,phases      ] GC(35)   Post Evacuate Collection Set: 0.6ms
[6.939s][info][gc,phases      ] GC(35)   Other: 0.1ms
[6.939s][info][gc,heap        ] GC(35) Eden regions: 1->0(82)
[6.939s][info][gc,heap        ] GC(35) Survivor regions: 23->3(3)
[6.939s][info][gc,heap        ] GC(35) Old regions: 146->172
[6.939s][info][gc,heap        ] GC(35) Archive regions: 0->0
[6.939s][info][gc,heap        ] GC(35) Humongous regions: 1->1
[6.939s][info][gc,metaspace   ] GC(35) Metaspace: 16023K(16256K)->16023K(16256K) NonClass: 13712K(13824K)->13712K(13824K) Class: 2310K(2432K)->2310K(2432K)
[6.940s][info][gc             ] GC(35) Pause Young (Normal) (G1 Evacuation Pause) 168M->173M(350M) 21.599ms
[6.940s][info][gc,cpu         ] GC(35) User=0.13s Sys=0.00s Real=0.02s
[6.956s][info][gc,start       ] GC(36) Pause Young (Concurrent Start) (G1 Evacuation Pause)
[6.956s][info][gc,task        ] GC(36) Using 8 workers of 33 for evacuation
[6.980s][info][gc,phases      ] GC(36)   Pre Evacuate Collection Set: 0.2ms
[6.980s][info][gc,phases      ] GC(36)   Merge Heap Roots: 0.5ms
[6.980s][info][gc,phases      ] GC(36)   Evacuate Collection Set: 22.1ms
[6.980s][info][gc,phases      ] GC(36)   Post Evacuate Collection Set: 0.4ms
[6.980s][info][gc,phases      ] GC(36)   Other: 0.1ms
[6.980s][info][gc,heap        ] GC(36) Eden regions: 14->0(72)
[6.980s][info][gc,heap        ] GC(36) Survivor regions: 3->3(3)
[6.980s][info][gc,heap        ] GC(36) Old regions: 172->180
[6.980s][info][gc,heap        ] GC(36) Archive regions: 0->0
[6.980s][info][gc,heap        ] GC(36) Humongous regions: 1->1
[6.980s][info][gc,metaspace   ] GC(36) Metaspace: 16023K(16256K)->16023K(16256K) NonClass: 13712K(13824K)->13712K(13824K) Class: 2310K(2432K)->2310K(2432K)
[6.980s][info][gc             ] GC(36) Pause Young (Concurrent Start) (G1 Evacuation Pause) 187M->181M(350M) 23.818ms
[6.980s][info][gc             ] GC(37) Concurrent Mark Cycle
[6.980s][info][gc,cpu         ] GC(36) User=0.25s Sys=0.00s Real=0.03s
[6.980s][info][gc,marking     ] GC(37) Concurrent Scan Root Regions
[6.984s][info][gc,marking     ] GC(37) Concurrent Scan Root Regions 3.314ms
[6.984s][info][gc,marking     ] GC(37) Concurrent Mark
[6.984s][info][gc,marking     ] GC(37) Concurrent Mark From Roots
[6.984s][info][gc,task        ] GC(37) Using 8 workers of 8 for marking
[7.004s][info][gc,start       ] GC(38) Pause Young (Normal) (G1 Evacuation Pause)
[7.005s][info][gc,task        ] GC(38) Using 8 workers of 33 for evacuation
[7.022s][info][gc,phases      ] GC(38)   Pre Evacuate Collection Set: 0.1ms
[7.022s][info][gc,phases      ] GC(38)   Merge Heap Roots: 0.4ms
[7.022s][info][gc,phases      ] GC(38)   Evacuate Collection Set: 16.1ms
[7.022s][info][gc,phases      ] GC(38)   Post Evacuate Collection Set: 1.0ms
[7.022s][info][gc,phases      ] GC(38)   Other: 0.1ms
[7.022s][info][gc,heap        ] GC(38) Eden regions: 14->0(96)
[7.022s][info][gc,heap        ] GC(38) Survivor regions: 3->3(3)
[7.022s][info][gc,heap        ] GC(38) Old regions: 180->190
[7.022s][info][gc,heap        ] GC(38) Archive regions: 0->0
[7.022s][info][gc,heap        ] GC(38) Humongous regions: 1->1
[7.022s][info][gc,metaspace   ] GC(38) Metaspace: 16023K(16256K)->16023K(16256K) NonClass: 13712K(13824K)->13712K(13824K) Class: 2310K(2432K)->2310K(2432K)
[7.023s][info][gc             ] GC(38) Pause Young (Normal) (G1 Evacuation Pause) 195M->191M(415M) 18.131ms
[7.023s][info][gc,cpu         ] GC(38) User=0.13s Sys=0.00s Real=0.02s
[7.060s][info][gc,marking     ] GC(37) Concurrent Mark From Roots 76.556ms
[7.060s][info][gc,marking     ] GC(37) Concurrent Preclean
[7.060s][info][gc,marking     ] GC(37) Concurrent Preclean 0.043ms
[7.060s][info][gc,start       ] GC(37) Pause Remark
[7.063s][info][gc             ] GC(37) Pause Remark 213M->213M(415M) 2.436ms
[7.063s][info][gc,cpu         ] GC(37) User=0.00s Sys=0.00s Real=0.00s
[7.063s][info][gc,marking     ] GC(37) Concurrent Mark 79.306ms
[7.063s][info][gc,marking     ] GC(37) Concurrent Rebuild Remembered Sets and Scrub Regions
[7.117s][info][gc,start       ] GC(39) Pause Young (Normal) (G1 Evacuation Pause)
[7.117s][info][gc,task        ] GC(39) Using 9 workers of 33 for evacuation
[7.147s][info][gc,phases      ] GC(39)   Pre Evacuate Collection Set: 0.1ms
[7.147s][info][gc,phases      ] GC(39)   Merge Heap Roots: 0.5ms
[7.147s][info][gc,phases      ] GC(39)   Evacuate Collection Set: 28.3ms
[7.147s][info][gc,phases      ] GC(39)   Post Evacuate Collection Set: 0.6ms
[7.147s][info][gc,phases      ] GC(39)   Other: 0.1ms
[7.147s][info][gc,heap        ] GC(39) Eden regions: 60->0(75)
[7.147s][info][gc,heap        ] GC(39) Survivor regions: 3->8(8)
[7.147s][info][gc,heap        ] GC(39) Old regions: 190->225
[7.147s][info][gc,heap        ] GC(39) Archive regions: 0->0
[7.147s][info][gc,heap        ] GC(39) Humongous regions: 1->1
[7.147s][info][gc,metaspace   ] GC(39) Metaspace: 15984K(16256K)->15984K(16256K) NonClass: 13685K(13824K)->13685K(13824K) Class: 2299K(2432K)->2299K(2432K)
[7.147s][info][gc             ] GC(39) Pause Young (Normal) (G1 Evacuation Pause) 251M->232M(415M) 29.860ms
[7.147s][info][gc,cpu         ] GC(39) User=0.14s Sys=0.00s Real=0.02s
[7.171s][info][gc,start       ] GC(40) Pause Young (Normal) (G1 Evacuation Pause)
[7.171s][info][gc,task        ] GC(40) Using 9 workers of 33 for evacuation
[7.193s][info][gc,phases      ] GC(40)   Pre Evacuate Collection Set: 0.1ms
[7.193s][info][gc,phases      ] GC(40)   Merge Heap Roots: 0.6ms
[7.193s][info][gc,phases      ] GC(40)   Evacuate Collection Set: 21.2ms
[7.193s][info][gc,phases      ] GC(40)   Post Evacuate Collection Set: 0.5ms
[7.194s][info][gc,phases      ] GC(40)   Other: 0.1ms
[7.194s][info][gc,heap        ] GC(40) Eden regions: 12->0(70)
[7.194s][info][gc,heap        ] GC(40) Survivor regions: 8->3(3)
[7.194s][info][gc,heap        ] GC(40) Old regions: 225->241
[7.194s][info][gc,heap        ] GC(40) Archive regions: 0->0
[7.194s][info][gc,heap        ] GC(40) Humongous regions: 1->1
[7.194s][info][gc,metaspace   ] GC(40) Metaspace: 15984K(16256K)->15984K(16256K) NonClass: 13685K(13824K)->13685K(13824K) Class: 2299K(2432K)->2299K(2432K)
[7.194s][info][gc             ] GC(40) Pause Young (Normal) (G1 Evacuation Pause) 244M->242M(415M) 22.969ms
[7.194s][info][gc,cpu         ] GC(40) User=0.14s Sys=0.00s Real=0.02s
[7.216s][info][gc,marking     ] GC(37) Concurrent Rebuild Remembered Sets and Scrub Regions 153.380ms
[7.216s][info][gc,start       ] GC(37) Pause Cleanup
[7.217s][info][gc             ] GC(37) Pause Cleanup 255M->255M(415M) 0.265ms
[7.217s][info][gc,cpu         ] GC(37) User=0.00s Sys=0.00s Real=0.00s
[7.217s][info][gc,marking     ] GC(37) Concurrent Clear Claimed Marks
[7.217s][info][gc,marking     ] GC(37) Concurrent Clear Claimed Marks 0.021ms
[7.217s][info][gc,marking     ] GC(37) Concurrent Cleanup for Next Mark
[7.218s][info][gc,marking     ] GC(37) Concurrent Cleanup for Next Mark 0.921ms
[7.218s][info][gc             ] GC(37) Concurrent Mark Cycle 237.581ms
[7.244s][info][gc,start       ] GC(41) Pause Young (Prepare Mixed) (G1 Evacuation Pause)
[7.245s][info][gc,task        ] GC(41) Using 9 workers of 33 for evacuation
[7.280s][info][gc,phases      ] GC(41)   Pre Evacuate Collection Set: 0.1ms
[7.280s][info][gc,phases      ] GC(41)   Merge Heap Roots: 1.4ms
[7.280s][info][gc,phases      ] GC(41)   Evacuate Collection Set: 33.9ms
[7.280s][info][gc,phases      ] GC(41)   Post Evacuate Collection Set: 0.2ms
[7.280s][info][gc,phases      ] GC(41)   Other: 0.1ms
[7.280s][info][gc,heap        ] GC(41) Eden regions: 38->0(59)
[7.281s][info][gc,heap        ] GC(41) Survivor regions: 3->6(6)
[7.281s][info][gc,heap        ] GC(41) Old regions: 241->264
[7.281s][info][gc,heap        ] GC(41) Archive regions: 0->0
[7.281s][info][gc,heap        ] GC(41) Humongous regions: 1->1
[7.281s][info][gc,metaspace   ] GC(41) Metaspace: 15984K(16256K)->15984K(16256K) NonClass: 13685K(13824K)->13685K(13824K) Class: 2299K(2432K)->2299K(2432K)
[7.281s][info][gc             ] GC(41) Pause Young (Prepare Mixed) (G1 Evacuation Pause) 280M->269M(415M) 36.298ms
[7.281s][info][gc,cpu         ] GC(41) User=0.28s Sys=0.00s Real=0.03s
[7.342s][info][gc,start       ] GC(42) Pause Young (Mixed) (G1 Evacuation Pause)
[7.342s][info][gc,task        ] GC(42) Using 9 workers of 33 for evacuation
[7.368s][info][gc,phases      ] GC(42)   Pre Evacuate Collection Set: 0.1ms
[7.368s][info][gc,phases      ] GC(42)   Merge Heap Roots: 0.2ms
[7.368s][info][gc,phases      ] GC(42)   Evacuate Collection Set: 25.4ms
[7.368s][info][gc,phases      ] GC(42)   Post Evacuate Collection Set: 0.2ms
[7.368s][info][gc,phases      ] GC(42)   Other: 0.1ms
[7.368s][info][gc,heap        ] GC(42) Eden regions: 59->0(42)
[7.368s][info][gc,heap        ] GC(42) Survivor regions: 6->9(9)
[7.368s][info][gc,heap        ] GC(42) Old regions: 264->299
[7.368s][info][gc,heap        ] GC(42) Archive regions: 0->0
[7.368s][info][gc,heap        ] GC(42) Humongous regions: 1->1
[7.368s][info][gc,metaspace   ] GC(42) Metaspace: 15984K(16256K)->15984K(16256K) NonClass: 13685K(13824K)->13685K(13824K) Class: 2299K(2432K)->2299K(2432K)
[7.368s][info][gc             ] GC(42) Pause Young (Mixed) (G1 Evacuation Pause) 328M->307M(415M) 26.699ms
[7.368s][info][gc,cpu         ] GC(42) User=0.28s Sys=0.00s Real=0.03s
[7.413s][info][gc,start       ] GC(43) Pause Young (Concurrent Start) (G1 Evacuation Pause)
[7.414s][info][gc,task        ] GC(43) Using 9 workers of 33 for evacuation
[7.436s][info][gc,phases      ] GC(43)   Pre Evacuate Collection Set: 0.2ms
[7.436s][info][gc,phases      ] GC(43)   Merge Heap Roots: 0.2ms
[7.436s][info][gc,phases      ] GC(43)   Evacuate Collection Set: 21.2ms
[7.436s][info][gc,phases      ] GC(43)   Post Evacuate Collection Set: 0.2ms
[7.436s][info][gc,phases      ] GC(43)   Other: 0.2ms
[7.436s][info][gc,heap        ] GC(43) Eden regions: 42->0(29)
[7.436s][info][gc,heap        ] GC(43) Survivor regions: 9->7(7)
[7.436s][info][gc,heap        ] GC(43) Old regions: 299->331
[7.436s][info][gc,heap        ] GC(43) Archive regions: 0->0
[7.436s][info][gc,heap        ] GC(43) Humongous regions: 1->1
[7.436s][info][gc,metaspace   ] GC(43) Metaspace: 15984K(16256K)->15984K(16256K) NonClass: 13685K(13824K)->13685K(13824K) Class: 2299K(2432K)->2299K(2432K)
[7.436s][info][gc             ] GC(43) Pause Young (Concurrent Start) (G1 Evacuation Pause) 349M->336M(415M) 22.634ms
[7.436s][info][gc             ] GC(44) Concurrent Mark Cycle
[7.436s][info][gc,cpu         ] GC(43) User=0.14s Sys=0.00s Real=0.02s
[7.436s][info][gc,marking     ] GC(44) Concurrent Scan Root Regions
[7.443s][info][gc,marking     ] GC(44) Concurrent Scan Root Regions 6.584ms
[7.443s][info][gc,marking     ] GC(44) Concurrent Mark
[7.443s][info][gc,marking     ] GC(44) Concurrent Mark From Roots
[7.443s][info][gc,task        ] GC(44) Using 8 workers of 8 for marking
[7.472s][info][gc,start       ] GC(45) Pause Young (Normal) (G1 Evacuation Pause)
[7.472s][info][gc,task        ] GC(45) Using 9 workers of 33 for evacuation
[7.484s][info][gc,phases      ] GC(45)   Pre Evacuate Collection Set: 0.1ms
[7.484s][info][gc,phases      ] GC(45)   Merge Heap Roots: 0.1ms
[7.484s][info][gc,phases      ] GC(45)   Evacuate Collection Set: 10.7ms
[7.484s][info][gc,phases      ] GC(45)   Post Evacuate Collection Set: 0.4ms
[7.484s][info][gc,phases      ] GC(45)   Other: 0.1ms
[7.484s][info][gc,heap        ] GC(45) Eden regions: 29->0(37)
[7.484s][info][gc,heap        ] GC(45) Survivor regions: 7->5(5)
[7.484s][info][gc,heap        ] GC(45) Old regions: 331->353
[7.484s][info][gc,heap        ] GC(45) Archive regions: 0->0
[7.484s][info][gc,heap        ] GC(45) Humongous regions: 1->1
[7.484s][info][gc,metaspace   ] GC(45) Metaspace: 15984K(16256K)->15984K(16256K) NonClass: 13685K(13824K)->13685K(13824K) Class: 2299K(2432K)->2299K(2432K)
[7.484s][info][gc             ] GC(45) Pause Young (Normal) (G1 Evacuation Pause) 365M->357M(454M) 11.588ms
[7.484s][info][gc,cpu         ] GC(45) User=0.14s Sys=0.00s Real=0.02s
[7.540s][info][gc,start       ] GC(46) Pause Young (Normal) (G1 Evacuation Pause)
[7.541s][info][gc,task        ] GC(46) Using 10 workers of 33 for evacuation
[7.552s][info][gc,phases      ] GC(46)   Pre Evacuate Collection Set: 0.1ms
[7.552s][info][gc,phases      ] GC(46)   Merge Heap Roots: 0.1ms
[7.552s][info][gc,phases      ] GC(46)   Evacuate Collection Set: 10.6ms
[7.552s][info][gc,phases      ] GC(46)   Post Evacuate Collection Set: 0.2ms
[7.552s][info][gc,phases      ] GC(46)   Other: 0.1ms
[7.552s][info][gc,heap        ] GC(46) Eden regions: 37->0(26)
[7.552s][info][gc,heap        ] GC(46) Survivor regions: 5->6(6)
[7.552s][info][gc,heap        ] GC(46) Old regions: 353->379
[7.552s][info][gc,heap        ] GC(46) Archive regions: 0->0
[7.552s][info][gc,heap        ] GC(46) Humongous regions: 1->1
[7.552s][info][gc,metaspace   ] GC(46) Metaspace: 15984K(16256K)->15984K(16256K) NonClass: 13685K(13824K)->13685K(13824K) Class: 2299K(2432K)->2299K(2432K)
[7.552s][info][gc             ] GC(46) Pause Young (Normal) (G1 Evacuation Pause) 394M->383M(454M) 11.281ms
[7.552s][info][gc,cpu         ] GC(46) User=0.00s Sys=0.00s Real=0.00s
[7.557s][info][gc,marking     ] GC(44) Concurrent Mark From Roots 114.617ms
[7.557s][info][gc,marking     ] GC(44) Concurrent Preclean
[7.557s][info][gc,marking     ] GC(44) Concurrent Preclean 0.025ms
[7.558s][info][gc,start       ] GC(44) Pause Remark
[7.560s][info][gc             ] GC(44) Pause Remark 388M->388M(512M) 2.371ms
[7.560s][info][gc,cpu         ] GC(44) User=0.00s Sys=0.00s Real=0.00s
[7.560s][info][gc,marking     ] GC(44) Concurrent Mark 117.241ms
[7.560s][info][gc,marking     ] GC(44) Concurrent Rebuild Remembered Sets and Scrub Regions
[7.592s][info][gc,start       ] GC(47) Pause Young (Normal) (G1 Evacuation Pause)
[7.592s][info][gc,task        ] GC(47) Using 12 workers of 33 for evacuation
[7.600s][info][gc,phases      ] GC(47)   Pre Evacuate Collection Set: 0.1ms
[7.600s][info][gc,phases      ] GC(47)   Merge Heap Roots: 0.1ms
[7.600s][info][gc,phases      ] GC(47)   Evacuate Collection Set: 7.1ms
[7.600s][info][gc,phases      ] GC(47)   Post Evacuate Collection Set: 0.2ms
[7.600s][info][gc,phases      ] GC(47)   Other: 0.1ms
[7.600s][info][gc,heap        ] GC(47) Eden regions: 26->0(42)
[7.600s][info][gc,heap        ] GC(47) Survivor regions: 6->4(4)
[7.600s][info][gc,heap        ] GC(47) Old regions: 379->400
[7.600s][info][gc,heap        ] GC(47) Archive regions: 0->0
[7.600s][info][gc,heap        ] GC(47) Humongous regions: 1->1
[7.600s][info][gc,metaspace   ] GC(47) Metaspace: 15984K(16256K)->15984K(16256K) NonClass: 13685K(13824K)->13685K(13824K) Class: 2299K(2432K)->2299K(2432K)
[7.600s][info][gc             ] GC(47) Pause Young (Normal) (G1 Evacuation Pause) 409M->403M(512M) 7.842ms
[7.600s][info][gc,cpu         ] GC(47) User=0.00s Sys=0.00s Real=0.00s
[7.652s][info][gc,start       ] GC(48) Pause Young (Normal) (G1 Evacuation Pause)
[7.652s][info][gc,task        ] GC(48) Using 12 workers of 33 for evacuation
[7.666s][info][gc,phases      ] GC(48)   Pre Evacuate Collection Set: 0.1ms
[7.666s][info][gc,phases      ] GC(48)   Merge Heap Roots: 0.2ms
[7.666s][info][gc,phases      ] GC(48)   Evacuate Collection Set: 13.1ms
[7.666s][info][gc,phases      ] GC(48)   Post Evacuate Collection Set: 0.3ms
[7.666s][info][gc,phases      ] GC(48)   Other: 0.1ms
[7.666s][info][gc,heap        ] GC(48) Eden regions: 42->0(30)
[7.666s][info][gc,heap        ] GC(48) Survivor regions: 4->6(6)
[7.666s][info][gc,heap        ] GC(48) Old regions: 400->428
[7.666s][info][gc,heap        ] GC(48) Archive regions: 0->0
[7.666s][info][gc,heap        ] GC(48) Humongous regions: 1->1
[7.666s][info][gc,metaspace   ] GC(48) Metaspace: 15984K(16256K)->15984K(16256K) NonClass: 13685K(13824K)->13685K(13824K) Class: 2299K(2432K)->2299K(2432K)
[7.666s][info][gc             ] GC(48) Pause Young (Normal) (G1 Evacuation Pause) 445M->433M(512M) 14.309ms
[7.666s][info][gc,cpu         ] GC(48) User=0.19s Sys=0.00s Real=0.02s
[7.702s][info][gc,start       ] GC(49) Pause Young (Normal) (G1 Evacuation Pause)
[7.702s][info][gc,task        ] GC(49) Using 12 workers of 33 for evacuation
[7.715s][info][gc,phases      ] GC(49)   Pre Evacuate Collection Set: 0.1ms
[7.715s][info][gc,phases      ] GC(49)   Merge Heap Roots: 0.3ms
[7.715s][info][gc,phases      ] GC(49)   Evacuate Collection Set: 12.5ms
[7.715s][info][gc,phases      ] GC(49)   Post Evacuate Collection Set: 0.4ms
[7.715s][info][gc,phases      ] GC(49)   Other: 0.1ms
[7.715s][info][gc,heap        ] GC(49) Eden regions: 30->0(21)
[7.715s][info][gc,heap        ] GC(49) Survivor regions: 6->5(5)
[7.715s][info][gc,heap        ] GC(49) Old regions: 428->451
[7.715s][info][gc,heap        ] GC(49) Archive regions: 0->0
[7.715s][info][gc,heap        ] GC(49) Humongous regions: 1->1
[7.715s][info][gc,metaspace   ] GC(49) Metaspace: 15984K(16256K)->15984K(16256K) NonClass: 13685K(13824K)->13685K(13824K) Class: 2299K(2432K)->2299K(2432K)
[7.715s][info][gc             ] GC(49) Pause Young (Normal) (G1 Evacuation Pause) 463M->454M(512M) 13.646ms
[7.715s][info][gc,cpu         ] GC(49) User=0.19s Sys=0.00s Real=0.02s
[7.774s][info][gc,start       ] GC(50) Pause Young (Normal) (G1 Evacuation Pause)
[7.774s][info][gc,task        ] GC(50) Using 12 workers of 33 for evacuation
[7.787s][info][gc,phases      ] GC(50)   Pre Evacuate Collection Set: 0.1ms
[7.788s][info][gc,phases      ] GC(50)   Merge Heap Roots: 0.4ms
[7.788s][info][gc,phases      ] GC(50)   Evacuate Collection Set: 12.8ms
[7.788s][info][gc,phases      ] GC(50)   Post Evacuate Collection Set: 0.4ms
[7.788s][info][gc,phases      ] GC(50)   Other: 0.1ms
[7.788s][info][gc,heap        ] GC(50) Eden regions: 21->0(21)
[7.788s][info][gc,heap        ] GC(50) Survivor regions: 5->4(4)
[7.788s][info][gc,heap        ] GC(50) Old regions: 451->467
[7.788s][info][gc,heap        ] GC(50) Archive regions: 0->0
[7.788s][info][gc,heap        ] GC(50) Humongous regions: 2->2
[7.788s][info][gc,metaspace   ] GC(50) Metaspace: 16000K(16256K)->16000K(16256K) NonClass: 13700K(13824K)->13700K(13824K) Class: 2299K(2432K)->2299K(2432K)
[7.788s][info][gc             ] GC(50) Pause Young (Normal) (G1 Evacuation Pause) 476M->470M(512M) 14.030ms
[7.788s][info][gc,cpu         ] GC(50) User=0.00s Sys=0.00s Real=0.00s
[7.792s][info][gc,marking     ] GC(44) Concurrent Rebuild Remembered Sets and Scrub Regions 231.657ms
[7.792s][info][gc,start       ] GC(44) Pause Cleanup
[7.792s][info][gc             ] GC(44) Pause Cleanup 472M->472M(512M) 0.194ms
[7.792s][info][gc,cpu         ] GC(44) User=0.00s Sys=0.00s Real=0.00s
[7.792s][info][gc,marking     ] GC(44) Concurrent Clear Claimed Marks
[7.792s][info][gc,marking     ] GC(44) Concurrent Clear Claimed Marks 0.029ms
[7.792s][info][gc,marking     ] GC(44) Concurrent Cleanup for Next Mark
[7.793s][info][gc,marking     ] GC(44) Concurrent Cleanup for Next Mark 0.567ms
[7.793s][info][gc             ] GC(44) Concurrent Mark Cycle 356.620ms
[7.849s][info][gc,start       ] GC(51) Pause Young (Prepare Mixed) (G1 Evacuation Pause)
[7.849s][info][gc,task        ] GC(51) Using 12 workers of 33 for evacuation
[7.875s][info][gc,phases      ] GC(51)   Pre Evacuate Collection Set: 0.1ms
[7.875s][info][gc,phases      ] GC(51)   Merge Heap Roots: 1.5ms
[7.875s][info][gc,phases      ] GC(51)   Evacuate Collection Set: 24.0ms
[7.875s][info][gc,phases      ] GC(51)   Post Evacuate Collection Set: 0.3ms
[7.875s][info][gc,phases      ] GC(51)   Other: 0.1ms
[7.875s][info][gc,heap        ] GC(51) Eden regions: 21->0(21)
[7.875s][info][gc,heap        ] GC(51) Survivor regions: 4->4(4)
[7.875s][info][gc,heap        ] GC(51) Old regions: 467->472
[7.875s][info][gc,heap        ] GC(51) Archive regions: 0->0
[7.875s][info][gc,heap        ] GC(51) Humongous regions: 2->2
[7.875s][info][gc,metaspace   ] GC(51) Metaspace: 16000K(16256K)->16000K(16256K) NonClass: 13700K(13824K)->13700K(13824K) Class: 2299K(2432K)->2299K(2432K)
[7.875s][info][gc             ] GC(51) Pause Young (Prepare Mixed) (G1 Evacuation Pause) 491M->476M(512M) 26.641ms
[7.875s][info][gc,cpu         ] GC(51) User=0.38s Sys=0.00s Real=0.03s
[7.936s][info][gc,start       ] GC(52) Pause Young (Mixed) (G1 Evacuation Pause)
[7.936s][info][gc,task        ] GC(52) Using 12 workers of 33 for evacuation
[7.955s][info][gc,phases      ] GC(52)   Pre Evacuate Collection Set: 0.1ms
[7.955s][info][gc,phases      ] GC(52)   Merge Heap Roots: 1.2ms
[7.955s][info][gc,phases      ] GC(52)   Evacuate Collection Set: 16.4ms
[7.955s][info][gc,phases      ] GC(52)   Post Evacuate Collection Set: 0.3ms
[7.955s][info][gc,phases      ] GC(52)   Other: 0.1ms
[7.955s][info][gc,heap        ] GC(52) Eden regions: 21->0(21)
[7.955s][info][gc,heap        ] GC(52) Survivor regions: 4->4(4)
[7.955s][info][gc,heap        ] GC(52) Old regions: 472->471
[7.955s][info][gc,heap        ] GC(52) Archive regions: 0->0
[7.955s][info][gc,heap        ] GC(52) Humongous regions: 2->2
[7.955s][info][gc,metaspace   ] GC(52) Metaspace: 16007K(16256K)->16007K(16256K) NonClass: 13708K(13824K)->13708K(13824K) Class: 2299K(2432K)->2299K(2432K)
[7.955s][info][gc             ] GC(52) Pause Young (Mixed) (G1 Evacuation Pause) 497M->474M(512M) 18.525ms
[7.955s][info][gc,cpu         ] GC(52) User=0.19s Sys=0.00s Real=0.01s
[8.012s][info][gc,start       ] GC(53) Pause Young (Concurrent Start) (G1 Evacuation Pause)
[8.012s][info][gc,task        ] GC(53) Using 12 workers of 33 for evacuation
[8.029s][info][gc,phases      ] GC(53)   Pre Evacuate Collection Set: 0.2ms
[8.029s][info][gc,phases      ] GC(53)   Merge Heap Roots: 1.3ms
[8.029s][info][gc,phases      ] GC(53)   Evacuate Collection Set: 15.0ms
[8.029s][info][gc,phases      ] GC(53)   Post Evacuate Collection Set: 0.3ms
[8.029s][info][gc,phases      ] GC(53)   Other: 0.1ms
[8.029s][info][gc,heap        ] GC(53) Eden regions: 21->0(21)
[8.029s][info][gc,heap        ] GC(53) Survivor regions: 4->4(4)
[8.029s][info][gc,heap        ] GC(53) Old regions: 471->473
[8.029s][info][gc,heap        ] GC(53) Archive regions: 0->0
[8.029s][info][gc,heap        ] GC(53) Humongous regions: 2->2
[8.029s][info][gc,metaspace   ] GC(53) Metaspace: 16007K(16256K)->16007K(16256K) NonClass: 13708K(13824K)->13708K(13824K) Class: 2299K(2432K)->2299K(2432K)
[8.029s][info][gc             ] GC(53) Pause Young (Concurrent Start) (G1 Evacuation Pause) 495M->476M(512M) 17.310ms
[8.029s][info][gc             ] GC(54) Concurrent Mark Cycle
[8.029s][info][gc,cpu         ] GC(53) User=0.19s Sys=0.00s Real=0.02s
[8.029s][info][gc,marking     ] GC(54) Concurrent Scan Root Regions
[8.035s][info][gc,marking     ] GC(54) Concurrent Scan Root Regions 5.376ms
[8.035s][info][gc,marking     ] GC(54) Concurrent Mark
[8.035s][info][gc,marking     ] GC(54) Concurrent Mark From Roots
[8.035s][info][gc,task        ] GC(54) Using 8 workers of 8 for marking
[8.089s][info][gc,start       ] GC(55) Pause Young (Normal) (G1 Evacuation Pause)
[8.089s][info][gc,task        ] GC(55) Using 12 workers of 33 for evacuation
[8.098s][info][gc,phases      ] GC(55)   Pre Evacuate Collection Set: 0.1ms
[8.098s][info][gc,phases      ] GC(55)   Merge Heap Roots: 0.9ms
[8.098s][info][gc,phases      ] GC(55)   Evacuate Collection Set: 8.3ms
[8.098s][info][gc,phases      ] GC(55)   Post Evacuate Collection Set: 0.2ms
[8.098s][info][gc,phases      ] GC(55)   Other: 0.1ms
[8.098s][info][gc,heap        ] GC(55) Eden regions: 21->0(22)
[8.098s][info][gc,heap        ] GC(55) Survivor regions: 4->3(4)
[8.098s][info][gc,heap        ] GC(55) Old regions: 473->475
[8.098s][info][gc,heap        ] GC(55) Archive regions: 0->0
[8.098s][info][gc,heap        ] GC(55) Humongous regions: 2->2
[8.098s][info][gc,metaspace   ] GC(55) Metaspace: 16007K(16256K)->16007K(16256K) NonClass: 13708K(13824K)->13708K(13824K) Class: 2299K(2432K)->2299K(2432K)
[8.099s][info][gc             ] GC(55) Pause Young (Normal) (G1 Evacuation Pause) 497M->476M(512M) 9.796ms
[8.099s][info][gc,cpu         ] GC(55) User=0.00s Sys=0.00s Real=0.00s
[8.184s][info][gc,marking     ] GC(54) Concurrent Mark From Roots 148.973ms
[8.184s][info][gc,marking     ] GC(54) Concurrent Preclean
[8.184s][info][gc,marking     ] GC(54) Concurrent Preclean 0.028ms
[8.184s][info][gc,start       ] GC(54) Pause Remark
[8.185s][info][gc             ] GC(54) Pause Remark 488M->488M(512M) 1.118ms
[8.185s][info][gc,cpu         ] GC(54) User=0.00s Sys=0.00s Real=0.00s
[8.185s][info][gc,marking     ] GC(54) Concurrent Mark 150.360ms
[8.185s][info][gc,marking     ] GC(54) Concurrent Rebuild Remembered Sets and Scrub Regions
[8.406s][info][gc,marking     ] GC(54) Concurrent Rebuild Remembered Sets and Scrub Regions 220.428ms
[8.406s][info][gc,start       ] GC(54) Pause Cleanup
[8.406s][info][gc             ] GC(54) Pause Cleanup 496M->496M(512M) 0.320ms
[8.406s][info][gc,cpu         ] GC(54) User=0.00s Sys=0.00s Real=0.00s
[8.406s][info][gc,marking     ] GC(54) Concurrent Clear Claimed Marks
[8.406s][info][gc,marking     ] GC(54) Concurrent Clear Claimed Marks 0.054ms
[8.406s][info][gc,marking     ] GC(54) Concurrent Cleanup for Next Mark
[8.407s][info][gc,marking     ] GC(54) Concurrent Cleanup for Next Mark 0.317ms
[8.407s][info][gc             ] GC(54) Concurrent Mark Cycle 377.309ms
[14.942s][info][gc,start       ] GC(56) Pause Young (Prepare Mixed) (G1 Evacuation Pause)
[14.942s][info][gc,task        ] GC(56) Using 12 workers of 33 for evacuation
[14.954s][info][gc,phases      ] GC(56)   Pre Evacuate Collection Set: 0.1ms
[14.954s][info][gc,phases      ] GC(56)   Merge Heap Roots: 0.7ms
[14.954s][info][gc,phases      ] GC(56)   Evacuate Collection Set: 9.7ms
[14.954s][info][gc,phases      ] GC(56)   Post Evacuate Collection Set: 0.8ms
[14.954s][info][gc,phases      ] GC(56)   Other: 0.1ms
[14.954s][info][gc,heap        ] GC(56) Eden regions: 22->0(21)
[14.954s][info][gc,heap        ] GC(56) Survivor regions: 3->4(4)
[14.954s][info][gc,heap        ] GC(56) Old regions: 475->479
[14.954s][info][gc,heap        ] GC(56) Archive regions: 0->0
[14.954s][info][gc,heap        ] GC(56) Humongous regions: 2->2
[14.954s][info][gc,metaspace   ] GC(56) Metaspace: 16456K(16832K)->16456K(16832K) NonClass: 14052K(14272K)->14052K(14272K) Class: 2403K(2560K)->2403K(2560K)
[14.954s][info][gc             ] GC(56) Pause Young (Prepare Mixed) (G1 Evacuation Pause) 498M->482M(512M) 11.897ms
[14.954s][info][gc,cpu         ] GC(56) User=0.19s Sys=0.00s Real=0.02s
[15.276s][info][gc,start       ] GC(57) Pause Young (Mixed) (G1 Evacuation Pause)
[15.276s][info][gc,task        ] GC(57) Using 12 workers of 33 for evacuation
[15.295s][info][gc,phases      ] GC(57)   Pre Evacuate Collection Set: 0.1ms
[15.295s][info][gc,phases      ] GC(57)   Merge Heap Roots: 0.3ms
[15.295s][info][gc,phases      ] GC(57)   Evacuate Collection Set: 15.7ms
[15.295s][info][gc,phases      ] GC(57)   Post Evacuate Collection Set: 2.3ms
[15.295s][info][gc,phases      ] GC(57)   Other: 0.1ms
[15.295s][info][gc,heap        ] GC(57) Eden regions: 21->0(0)
[15.295s][info][gc,heap        ] GC(57) Survivor regions: 4->1(4)
[15.295s][info][gc,heap        ] GC(57) Old regions: 479->509
[15.295s][info][gc,heap        ] GC(57) Archive regions: 0->0
[15.295s][info][gc,heap        ] GC(57) Humongous regions: 2->2
[15.295s][info][gc,metaspace   ] GC(57) Metaspace: 16495K(16896K)->16495K(16896K) NonClass: 14086K(14336K)->14086K(14336K) Class: 2409K(2560K)->2409K(2560K)
[15.295s][info][gc             ] GC(57) Pause Young (Mixed) (G1 Evacuation Pause) (Evacuation Failure) 503M->510M(512M) 18.918ms
[15.295s][info][gc,cpu         ] GC(57) User=0.19s Sys=0.00s Real=0.02s
[15.295s][info][gc,ergo        ] Attempting full compaction
[15.295s][info][gc,start       ] GC(58) Pause Full (G1 Compaction Pause)
[15.295s][info][gc,task        ] GC(58) Using 12 workers of 33 for full compaction
[15.296s][info][gc,phases,start] GC(58) Phase 1: Mark live objects
[15.307s][info][gc,phases      ] GC(58) Phase 1: Mark live objects 11.050ms
[15.307s][info][gc,phases,start] GC(58) Phase 2: Prepare compaction
[15.309s][info][gc,phases      ] GC(58) Phase 2: Prepare compaction 2.671ms
[15.309s][info][gc,phases,start] GC(58) Phase 3: Adjust pointers
[15.312s][info][gc,phases      ] GC(58) Phase 3: Adjust pointers 2.580ms
[15.312s][info][gc,phases,start] GC(58) Phase 4: Compact heap
[15.314s][info][gc,phases      ] GC(58) Phase 4: Compact heap 1.672ms
[15.319s][info][gc,heap        ] GC(58) Eden regions: 0->0(32)
[15.319s][info][gc,heap        ] GC(58) Survivor regions: 1->0(4)
[15.319s][info][gc,heap        ] GC(58) Old regions: 509->25
[15.319s][info][gc,heap        ] GC(58) Archive regions: 0->0
[15.319s][info][gc,heap        ] GC(58) Humongous regions: 2->0
[15.320s][info][gc,metaspace   ] GC(58) Metaspace: 16495K(16896K)->16332K(16896K) NonClass: 14086K(14336K)->13973K(14336K) Class: 2409K(2560K)->2359K(2560K)
[15.320s][info][gc             ] GC(58) Pause Full (G1 Compaction Pause) 510M->19M(84M) 24.468ms
[15.320s][info][gc,cpu         ] GC(58) User=0.02s Sys=0.00s Real=0.02s
[15.365s][info][gc,start       ] GC(59) Pause Young (Concurrent Start) (G1 Evacuation Pause)
[15.365s][info][gc,task        ] GC(59) Using 7 workers of 33 for evacuation
[15.376s][info][gc,phases      ] GC(59)   Pre Evacuate Collection Set: 0.2ms
[15.376s][info][gc,phases      ] GC(59)   Merge Heap Roots: 0.0ms
[15.376s][info][gc,phases      ] GC(59)   Evacuate Collection Set: 10.1ms
[15.376s][info][gc,phases      ] GC(59)   Post Evacuate Collection Set: 0.3ms
[15.376s][info][gc,phases      ] GC(59)   Other: 0.2ms
[15.376s][info][gc,heap        ] GC(59) Eden regions: 32->0(23)
[15.376s][info][gc,heap        ] GC(59) Survivor regions: 0->4(4)
[15.376s][info][gc,heap        ] GC(59) Old regions: 25->36
[15.376s][info][gc,heap        ] GC(59) Archive regions: 0->0
[15.376s][info][gc,heap        ] GC(59) Humongous regions: 0->0
[15.376s][info][gc,metaspace   ] GC(59) Metaspace: 16332K(16896K)->16332K(16896K) NonClass: 13973K(14336K)->13973K(14336K) Class: 2359K(2560K)->2359K(2560K)
[15.377s][info][gc             ] GC(59) Pause Young (Concurrent Start) (G1 Evacuation Pause) 51M->33M(84M) 11.212ms
[15.377s][info][gc             ] GC(60) Concurrent Mark Cycle
[15.377s][info][gc,cpu         ] GC(59) User=0.16s Sys=0.00s Real=0.02s
[15.377s][info][gc,marking     ] GC(60) Concurrent Scan Root Regions
[15.381s][info][gc,marking     ] GC(60) Concurrent Scan Root Regions 4.400ms
[15.381s][info][gc,marking     ] GC(60) Concurrent Mark
[15.381s][info][gc,marking     ] GC(60) Concurrent Mark From Roots
[15.381s][info][gc,task        ] GC(60) Using 8 workers of 8 for marking
[15.393s][info][gc,marking     ] GC(60) Concurrent Mark From Roots 11.364ms
[15.393s][info][gc,marking     ] GC(60) Concurrent Preclean
[15.393s][info][gc,marking     ] GC(60) Concurrent Preclean 0.030ms
[15.393s][info][gc,start       ] GC(60) Pause Remark
[15.395s][info][gc             ] GC(60) Pause Remark 49M->49M(95M) 1.756ms
[15.395s][info][gc,cpu         ] GC(60) User=0.00s Sys=0.00s Real=0.00s
[15.395s][info][gc,marking     ] GC(60) Concurrent Mark 13.438ms
[15.395s][info][gc,marking     ] GC(60) Concurrent Rebuild Remembered Sets and Scrub Regions
[15.401s][info][gc,marking     ] GC(60) Concurrent Rebuild Remembered Sets and Scrub Regions 5.987ms
[15.401s][info][gc,start       ] GC(60) Pause Cleanup
[15.401s][info][gc             ] GC(60) Pause Cleanup 54M->54M(95M) 0.157ms
[15.401s][info][gc,cpu         ] GC(60) User=0.00s Sys=0.00s Real=0.00s
[15.401s][info][gc,marking     ] GC(60) Concurrent Clear Claimed Marks
[15.401s][info][gc,marking     ] GC(60) Concurrent Clear Claimed Marks 0.020ms
[15.401s][info][gc,marking     ] GC(60) Concurrent Cleanup for Next Mark
[15.401s][info][gc,marking     ] GC(60) Concurrent Cleanup for Next Mark 0.140ms
[15.401s][info][gc             ] GC(60) Concurrent Mark Cycle 24.554ms
[15.403s][info][gc,start       ] GC(61) Pause Young (Prepare Mixed) (G1 Evacuation Pause)
[15.403s][info][gc,task        ] GC(61) Using 4 workers of 33 for evacuation
[15.419s][info][gc,phases      ] GC(61)   Pre Evacuate Collection Set: 0.1ms
[15.419s][info][gc,phases      ] GC(61)   Merge Heap Roots: 0.1ms
[15.419s][info][gc,phases      ] GC(61)   Evacuate Collection Set: 15.6ms
[15.419s][info][gc,phases      ] GC(61)   Post Evacuate Collection Set: 0.2ms
[15.419s][info][gc,phases      ] GC(61)   Other: 0.1ms
[15.419s][info][gc,heap        ] GC(61) Eden regions: 23->0(22)
[15.419s][info][gc,heap        ] GC(61) Survivor regions: 4->4(4)
[15.419s][info][gc,heap        ] GC(61) Old regions: 36->47
[15.419s][info][gc,heap        ] GC(61) Archive regions: 0->0
[15.419s][info][gc,heap        ] GC(61) Humongous regions: 0->0
[15.419s][info][gc,metaspace   ] GC(61) Metaspace: 16332K(16896K)->16332K(16896K) NonClass: 13973K(14336K)->13973K(14336K) Class: 2359K(2560K)->2359K(2560K)
[15.419s][info][gc             ] GC(61) Pause Young (Prepare Mixed) (G1 Evacuation Pause) 56M->44M(95M) 16.516ms
[15.419s][info][gc,cpu         ] GC(61) User=0.06s Sys=0.00s Real=0.02s
[15.444s][info][gc,start       ] GC(62) Pause Young (Mixed) (G1 Evacuation Pause)
[15.444s][info][gc,task        ] GC(62) Using 3 workers of 33 for evacuation
[15.466s][info][gc,phases      ] GC(62)   Pre Evacuate Collection Set: 0.1ms
[15.466s][info][gc,phases      ] GC(62)   Merge Heap Roots: 0.1ms
[15.466s][info][gc,phases      ] GC(62)   Evacuate Collection Set: 21.5ms
[15.466s][info][gc,phases      ] GC(62)   Post Evacuate Collection Set: 0.2ms
[15.466s][info][gc,phases      ] GC(62)   Other: 0.1ms
[15.466s][info][gc,heap        ] GC(62) Eden regions: 22->0(16)
[15.466s][info][gc,heap        ] GC(62) Survivor regions: 4->4(4)
[15.466s][info][gc,heap        ] GC(62) Old regions: 47->56
[15.466s][info][gc,heap        ] GC(62) Archive regions: 0->0
[15.466s][info][gc,heap        ] GC(62) Humongous regions: 0->0
[15.466s][info][gc,metaspace   ] GC(62) Metaspace: 16332K(16896K)->16332K(16896K) NonClass: 13973K(14336K)->13973K(14336K) Class: 2359K(2560K)->2359K(2560K)
[15.466s][info][gc             ] GC(62) Pause Young (Mixed) (G1 Evacuation Pause) 66M->55M(95M) 22.437ms
[15.466s][info][gc,cpu         ] GC(62) User=0.09s Sys=0.00s Real=0.03s
[15.490s][info][gc,start       ] GC(63) Pause Young (Concurrent Start) (G1 Evacuation Pause)
[15.490s][info][gc,task        ] GC(63) Using 2 workers of 33 for evacuation
[15.513s][info][gc,phases      ] GC(63)   Pre Evacuate Collection Set: 0.2ms
[15.513s][info][gc,phases      ] GC(63)   Merge Heap Roots: 0.1ms
[15.513s][info][gc,phases      ] GC(63)   Evacuate Collection Set: 22.9ms
[15.513s][info][gc,phases      ] GC(63)   Post Evacuate Collection Set: 0.2ms
[15.514s][info][gc,phases      ] GC(63)   Other: 0.1ms
[15.514s][info][gc,heap        ] GC(63) Eden regions: 16->0(13)
[15.514s][info][gc,heap        ] GC(63) Survivor regions: 4->3(3)
[15.514s][info][gc,heap        ] GC(63) Old regions: 56->64
[15.514s][info][gc,heap        ] GC(63) Archive regions: 0->0
[15.514s][info][gc,heap        ] GC(63) Humongous regions: 0->0
[15.514s][info][gc,metaspace   ] GC(63) Metaspace: 16332K(16896K)->16332K(16896K) NonClass: 13973K(14336K)->13973K(14336K) Class: 2359K(2560K)->2359K(2560K)
[15.514s][info][gc             ] GC(63) Pause Young (Concurrent Start) (G1 Evacuation Pause) 71M->62M(95M) 23.968ms
[15.514s][info][gc             ] GC(64) Concurrent Mark Cycle
[15.514s][info][gc,cpu         ] GC(63) User=0.06s Sys=0.00s Real=0.03s
[15.514s][info][gc,marking     ] GC(64) Concurrent Scan Root Regions
[15.519s][info][gc,marking     ] GC(64) Concurrent Scan Root Regions 5.284ms
[15.519s][info][gc,marking     ] GC(64) Concurrent Mark
[15.519s][info][gc,marking     ] GC(64) Concurrent Mark From Roots
[15.519s][info][gc,task        ] GC(64) Using 8 workers of 8 for marking
[15.535s][info][gc,start       ] GC(65) Pause Young (Normal) (G1 Evacuation Pause)
[15.536s][info][gc,task        ] GC(65) Using 2 workers of 33 for evacuation
[15.558s][info][gc,phases      ] GC(65)   Pre Evacuate Collection Set: 0.1ms
[15.558s][info][gc,phases      ] GC(65)   Merge Heap Roots: 0.1ms
[15.558s][info][gc,phases      ] GC(65)   Evacuate Collection Set: 19.3ms
[15.558s][info][gc,phases      ] GC(65)   Post Evacuate Collection Set: 2.9ms
[15.558s][info][gc,phases      ] GC(65)   Other: 0.1ms
[15.558s][info][gc,heap        ] GC(65) Eden regions: 13->0(114)
[15.558s][info][gc,heap        ] GC(65) Survivor regions: 3->2(2)
[15.558s][info][gc,heap        ] GC(65) Old regions: 64->72
[15.558s][info][gc,heap        ] GC(65) Archive regions: 0->0
[15.558s][info][gc,heap        ] GC(65) Humongous regions: 0->0
[15.558s][info][gc,metaspace   ] GC(65) Metaspace: 16332K(16896K)->16332K(16896K) NonClass: 13973K(14336K)->13973K(14336K) Class: 2359K(2560K)->2359K(2560K)
[15.558s][info][gc             ] GC(65) Pause Young (Normal) (G1 Evacuation Pause) 75M->69M(304M) 22.919ms
[15.558s][info][gc,cpu         ] GC(65) User=0.06s Sys=0.00s Real=0.04s
[15.579s][info][gc,marking     ] GC(64) Concurrent Mark From Roots 59.887ms
[15.579s][info][gc,marking     ] GC(64) Concurrent Preclean
[15.579s][info][gc,marking     ] GC(64) Concurrent Preclean 0.041ms
[15.579s][info][gc,start       ] GC(64) Pause Remark
[15.582s][info][gc             ] GC(64) Pause Remark 79M->79M(284M) 2.668ms
[15.582s][info][gc,cpu         ] GC(64) User=0.00s Sys=0.00s Real=0.00s
[15.582s][info][gc,marking     ] GC(64) Concurrent Mark 62.869ms
[15.582s][info][gc,marking     ] GC(64) Concurrent Rebuild Remembered Sets and Scrub Regions
[15.593s][info][gc,marking     ] GC(64) Concurrent Rebuild Remembered Sets and Scrub Regions 10.513ms
[15.593s][info][gc,start       ] GC(64) Pause Cleanup
[15.593s][info][gc             ] GC(64) Pause Cleanup 88M->88M(284M) 0.248ms
[15.593s][info][gc,cpu         ] GC(64) User=0.00s Sys=0.00s Real=0.00s
[15.593s][info][gc,marking     ] GC(64) Concurrent Clear Claimed Marks
[15.593s][info][gc,marking     ] GC(64) Concurrent Clear Claimed Marks 0.030ms
[15.593s][info][gc,marking     ] GC(64) Concurrent Cleanup for Next Mark
[15.594s][info][gc,marking     ] GC(64) Concurrent Cleanup for Next Mark 0.945ms
[15.594s][info][gc             ] GC(64) Concurrent Mark Cycle 80.288ms
[15.706s][info][gc,start       ] GC(66) Pause Young (Prepare Mixed) (G1 Evacuation Pause)
[15.706s][info][gc,task        ] GC(66) Using 6 workers of 33 for evacuation
[15.748s][info][gc,phases      ] GC(66)   Pre Evacuate Collection Set: 0.1ms
[15.748s][info][gc,phases      ] GC(66)   Merge Heap Roots: 0.1ms
[15.748s][info][gc,phases      ] GC(66)   Evacuate Collection Set: 41.4ms
[15.748s][info][gc,phases      ] GC(66)   Post Evacuate Collection Set: 0.3ms
[15.748s][info][gc,phases      ] GC(66)   Other: 0.1ms
[15.748s][info][gc,heap        ] GC(66) Eden regions: 114->0(78)
[15.749s][info][gc,heap        ] GC(66) Survivor regions: 2->15(15)
[15.749s][info][gc,heap        ] GC(66) Old regions: 72->109
[15.749s][info][gc,heap        ] GC(66) Archive regions: 0->0
[15.749s][info][gc,heap        ] GC(66) Humongous regions: 0->0
[15.749s][info][gc,metaspace   ] GC(66) Metaspace: 16332K(16896K)->16332K(16896K) NonClass: 13973K(14336K)->13973K(14336K) Class: 2359K(2560K)->2359K(2560K)
[15.749s][info][gc             ] GC(66) Pause Young (Prepare Mixed) (G1 Evacuation Pause) 183M->119M(284M) 42.520ms
[15.749s][info][gc,cpu         ] GC(66) User=0.19s Sys=0.00s Real=0.03s
[15.811s][info][gc,start       ] GC(67) Pause Young (Mixed) (G1 Evacuation Pause)
[15.812s][info][gc,task        ] GC(67) Using 6 workers of 33 for evacuation
[15.852s][info][gc,phases      ] GC(67)   Pre Evacuate Collection Set: 0.1ms
[15.852s][info][gc,phases      ] GC(67)   Merge Heap Roots: 0.1ms
[15.852s][info][gc,phases      ] GC(67)   Evacuate Collection Set: 39.8ms
[15.852s][info][gc,phases      ] GC(67)   Post Evacuate Collection Set: 0.3ms
[15.852s][info][gc,phases      ] GC(67)   Other: 0.1ms
[15.852s][info][gc,heap        ] GC(67) Eden regions: 78->0(61)
[15.852s][info][gc,heap        ] GC(67) Survivor regions: 15->12(12)
[15.852s][info][gc,heap        ] GC(67) Old regions: 109->145
[15.852s][info][gc,heap        ] GC(67) Archive regions: 0->0
[15.852s][info][gc,heap        ] GC(67) Humongous regions: 0->0
[15.852s][info][gc,metaspace   ] GC(67) Metaspace: 16332K(16896K)->16332K(16896K) NonClass: 13973K(14336K)->13973K(14336K) Class: 2359K(2560K)->2359K(2560K)
[15.852s][info][gc             ] GC(67) Pause Young (Mixed) (G1 Evacuation Pause) 197M->153M(284M) 40.914ms
[15.852s][info][gc,cpu         ] GC(67) User=0.30s Sys=0.00s Real=0.05s
[15.901s][info][gc,start       ] GC(68) Pause Young (Concurrent Start) (G1 Evacuation Pause)
[15.901s][info][gc,task        ] GC(68) Using 6 workers of 33 for evacuation
[15.934s][info][gc,phases      ] GC(68)   Pre Evacuate Collection Set: 0.2ms
[15.934s][info][gc,phases      ] GC(68)   Merge Heap Roots: 0.1ms
[15.934s][info][gc,phases      ] GC(68)   Evacuate Collection Set: 31.6ms
[15.934s][info][gc,phases      ] GC(68)   Post Evacuate Collection Set: 0.3ms
[15.934s][info][gc,phases      ] GC(68)   Other: 0.1ms
[15.934s][info][gc,heap        ] GC(68) Eden regions: 61->0(47)
[15.934s][info][gc,heap        ] GC(68) Survivor regions: 12->10(10)
[15.934s][info][gc,heap        ] GC(68) Old regions: 145->175
[15.934s][info][gc,heap        ] GC(68) Archive regions: 0->0
[15.934s][info][gc,heap        ] GC(68) Humongous regions: 0->0
[15.934s][info][gc,metaspace   ] GC(68) Metaspace: 16332K(16896K)->16332K(16896K) NonClass: 13973K(14336K)->13973K(14336K) Class: 2359K(2560K)->2359K(2560K)
[15.934s][info][gc             ] GC(68) Pause Young (Concurrent Start) (G1 Evacuation Pause) 214M->182M(284M) 32.811ms
[15.934s][info][gc             ] GC(69) Concurrent Mark Cycle
[15.934s][info][gc,cpu         ] GC(68) User=0.17s Sys=0.02s Real=0.03s
[15.934s][info][gc,marking     ] GC(69) Concurrent Scan Root Regions
[15.941s][info][gc,marking     ] GC(69) Concurrent Scan Root Regions 7.128ms
[15.941s][info][gc,marking     ] GC(69) Concurrent Mark
[15.941s][info][gc,marking     ] GC(69) Concurrent Mark From Roots
[15.941s][info][gc,task        ] GC(69) Using 8 workers of 8 for marking
[15.988s][info][gc,start       ] GC(70) Pause Young (Normal) (G1 Evacuation Pause)
[15.988s][info][gc,task        ] GC(70) Using 6 workers of 33 for evacuation
[16.007s][info][gc,phases      ] GC(70)   Pre Evacuate Collection Set: 0.1ms
[16.007s][info][gc,phases      ] GC(70)   Merge Heap Roots: 0.1ms
[16.007s][info][gc,phases      ] GC(70)   Evacuate Collection Set: 18.8ms
[16.007s][info][gc,phases      ] GC(70)   Post Evacuate Collection Set: 0.2ms
[16.007s][info][gc,phases      ] GC(70)   Other: 0.1ms
[16.007s][info][gc,heap        ] GC(70) Eden regions: 47->0(37)
[16.007s][info][gc,heap        ] GC(70) Survivor regions: 10->8(8)
[16.007s][info][gc,heap        ] GC(70) Old regions: 175->199
[16.008s][info][gc,heap        ] GC(70) Archive regions: 0->0
[16.008s][info][gc,heap        ] GC(70) Humongous regions: 0->0
[16.008s][info][gc,metaspace   ] GC(70) Metaspace: 16332K(16896K)->16332K(16896K) NonClass: 13973K(14336K)->13973K(14336K) Class: 2359K(2560K)->2359K(2560K)
[16.008s][info][gc             ] GC(70) Pause Young (Normal) (G1 Evacuation Pause) 229M->204M(284M) 19.824ms
[16.008s][info][gc,cpu         ] GC(70) User=0.09s Sys=0.00s Real=0.01s
[16.008s][info][gc,marking     ] GC(69) Concurrent Mark From Roots 67.007ms
[16.008s][info][gc,marking     ] GC(69) Concurrent Preclean
[16.008s][info][gc,marking     ] GC(69) Concurrent Preclean 0.035ms
[16.008s][info][gc,start       ] GC(69) Pause Remark
[16.011s][info][gc             ] GC(69) Pause Remark 204M->204M(347M) 2.176ms
[16.011s][info][gc,cpu         ] GC(69) User=0.00s Sys=0.00s Real=0.00s
[16.011s][info][gc,marking     ] GC(69) Concurrent Mark 69.461ms
[16.011s][info][gc,marking     ] GC(69) Concurrent Rebuild Remembered Sets and Scrub Regions
[16.036s][info][gc,marking     ] GC(69) Concurrent Rebuild Remembered Sets and Scrub Regions 25.646ms
[16.036s][info][gc,start       ] GC(69) Pause Cleanup
[16.037s][info][gc             ] GC(69) Pause Cleanup 222M->222M(347M) 0.285ms
[16.037s][info][gc,cpu         ] GC(69) User=0.00s Sys=0.00s Real=0.00s
[16.037s][info][gc,marking     ] GC(69) Concurrent Clear Claimed Marks
[16.037s][info][gc,marking     ] GC(69) Concurrent Clear Claimed Marks 0.027ms
[16.037s][info][gc,marking     ] GC(69) Concurrent Cleanup for Next Mark
[16.037s][info][gc,marking     ] GC(69) Concurrent Cleanup for Next Mark 0.434ms
[16.037s][info][gc             ] GC(69) Concurrent Mark Cycle 103.361ms
[16.058s][info][gc,start       ] GC(71) Pause Young (Prepare Mixed) (G1 Evacuation Pause)
[16.058s][info][gc,task        ] GC(71) Using 8 workers of 33 for evacuation
[16.077s][info][gc,phases      ] GC(71)   Pre Evacuate Collection Set: 0.1ms
[16.077s][info][gc,phases      ] GC(71)   Merge Heap Roots: 0.1ms
[16.077s][info][gc,phases      ] GC(71)   Evacuate Collection Set: 17.7ms
[16.077s][info][gc,phases      ] GC(71)   Post Evacuate Collection Set: 0.3ms
[16.077s][info][gc,phases      ] GC(71)   Other: 0.1ms
[16.077s][info][gc,heap        ] GC(71) Eden regions: 37->0(59)
[16.077s][info][gc,heap        ] GC(71) Survivor regions: 8->6(6)
[16.077s][info][gc,heap        ] GC(71) Old regions: 199->220
[16.077s][info][gc,heap        ] GC(71) Archive regions: 0->0
[16.077s][info][gc,heap        ] GC(71) Humongous regions: 0->0
[16.077s][info][gc,metaspace   ] GC(71) Metaspace: 16332K(16896K)->16332K(16896K) NonClass: 13973K(14336K)->13973K(14336K) Class: 2359K(2560K)->2359K(2560K)
[16.077s][info][gc             ] GC(71) Pause Young (Prepare Mixed) (G1 Evacuation Pause) 241M->223M(347M) 18.653ms
[16.077s][info][gc,cpu         ] GC(71) User=0.13s Sys=0.00s Real=0.02s
[16.138s][info][gc,start       ] GC(72) Pause Young (Mixed) (G1 Evacuation Pause)
[16.139s][info][gc,task        ] GC(72) Using 8 workers of 33 for evacuation
[16.165s][info][gc,phases      ] GC(72)   Pre Evacuate Collection Set: 0.1ms
[16.165s][info][gc,phases      ] GC(72)   Merge Heap Roots: 0.1ms
[16.165s][info][gc,phases      ] GC(72)   Evacuate Collection Set: 24.8ms
[16.165s][info][gc,phases      ] GC(72)   Post Evacuate Collection Set: 1.2ms
[16.165s][info][gc,phases      ] GC(72)   Other: 0.1ms
[16.165s][info][gc,heap        ] GC(72) Eden regions: 59->0(79)
[16.165s][info][gc,heap        ] GC(72) Survivor regions: 6->9(9)
[16.165s][info][gc,heap        ] GC(72) Old regions: 220->242
[16.165s][info][gc,heap        ] GC(72) Archive regions: 0->0
[16.165s][info][gc,heap        ] GC(72) Humongous regions: 0->0
[16.165s][info][gc,metaspace   ] GC(72) Metaspace: 16332K(16896K)->16332K(16896K) NonClass: 13973K(14336K)->13973K(14336K) Class: 2359K(2560K)->2359K(2560K)
[16.165s][info][gc             ] GC(72) Pause Young (Mixed) (G1 Evacuation Pause) 282M->249M(413M) 26.904ms
[16.165s][info][gc,cpu         ] GC(72) User=0.25s Sys=0.00s Real=0.04s
[16.253s][info][gc,start       ] GC(73) Pause Young (Concurrent Start) (G1 Evacuation Pause)
[16.253s][info][gc,task        ] GC(73) Using 9 workers of 33 for evacuation
[16.280s][info][gc,phases      ] GC(73)   Pre Evacuate Collection Set: 0.2ms
[16.280s][info][gc,phases      ] GC(73)   Merge Heap Roots: 0.1ms
[16.280s][info][gc,phases      ] GC(73)   Evacuate Collection Set: 26.2ms
[16.280s][info][gc,phases      ] GC(73)   Post Evacuate Collection Set: 0.3ms
[16.280s][info][gc,phases      ] GC(73)   Other: 0.2ms
[16.280s][info][gc,heap        ] GC(73) Eden regions: 79->0(61)
[16.280s][info][gc,heap        ] GC(73) Survivor regions: 9->11(11)
[16.280s][info][gc,heap        ] GC(73) Old regions: 242->277
[16.280s][info][gc,heap        ] GC(73) Archive regions: 0->0
[16.280s][info][gc,heap        ] GC(73) Humongous regions: 0->0
[16.281s][info][gc,metaspace   ] GC(73) Metaspace: 16332K(16896K)->16332K(16896K) NonClass: 13973K(14336K)->13973K(14336K) Class: 2359K(2560K)->2359K(2560K)
[16.281s][info][gc             ] GC(73) Pause Young (Concurrent Start) (G1 Evacuation Pause) 328M->286M(413M) 27.435ms
[16.281s][info][gc             ] GC(74) Concurrent Mark Cycle
[16.281s][info][gc,cpu         ] GC(73) User=0.16s Sys=0.00s Real=0.03s
[16.281s][info][gc,marking     ] GC(74) Concurrent Scan Root Regions
[16.289s][info][gc,marking     ] GC(74) Concurrent Scan Root Regions 8.506ms
[16.289s][info][gc,marking     ] GC(74) Concurrent Mark
[16.289s][info][gc,marking     ] GC(74) Concurrent Mark From Roots
[16.289s][info][gc,task        ] GC(74) Using 8 workers of 8 for marking
[16.341s][info][gc,start       ] GC(75) Pause Young (Normal) (G1 Evacuation Pause)
[16.342s][info][gc,task        ] GC(75) Using 9 workers of 33 for evacuation
[16.357s][info][gc,phases      ] GC(75)   Pre Evacuate Collection Set: 0.1ms
[16.357s][info][gc,phases      ] GC(75)   Merge Heap Roots: 0.1ms
[16.357s][info][gc,phases      ] GC(75)   Evacuate Collection Set: 14.6ms
[16.357s][info][gc,phases      ] GC(75)   Post Evacuate Collection Set: 0.2ms
[16.357s][info][gc,phases      ] GC(75)   Other: 0.1ms
[16.357s][info][gc,heap        ] GC(75) Eden regions: 61->0(46)
[16.357s][info][gc,heap        ] GC(75) Survivor regions: 11->9(9)
[16.357s][info][gc,heap        ] GC(75) Old regions: 277->308
[16.357s][info][gc,heap        ] GC(75) Archive regions: 0->0
[16.357s][info][gc,heap        ] GC(75) Humongous regions: 0->0
[16.357s][info][gc,metaspace   ] GC(75) Metaspace: 16332K(16896K)->16332K(16896K) NonClass: 13973K(14336K)->13973K(14336K) Class: 2359K(2560K)->2359K(2560K)
[16.357s][info][gc             ] GC(75) Pause Young (Normal) (G1 Evacuation Pause) 347M->315M(413M) 15.658ms
[16.357s][info][gc,cpu         ] GC(75) User=0.14s Sys=0.00s Real=0.02s
[16.377s][info][gc,marking     ] GC(74) Concurrent Mark From Roots 88.064ms
[16.377s][info][gc,marking     ] GC(74) Concurrent Preclean
[16.377s][info][gc,marking     ] GC(74) Concurrent Preclean 0.027ms
[16.377s][info][gc,start       ] GC(74) Pause Remark
[16.380s][info][gc             ] GC(74) Pause Remark 336M->336M(512M) 2.034ms
[16.380s][info][gc,cpu         ] GC(74) User=0.03s Sys=0.00s Real=0.02s
[16.380s][info][gc,marking     ] GC(74) Concurrent Mark 90.368ms
[16.380s][info][gc,marking     ] GC(74) Concurrent Rebuild Remembered Sets and Scrub Regions
[16.411s][info][gc,start       ] GC(76) Pause Young (Normal) (G1 Evacuation Pause)
[16.411s][info][gc,task        ] GC(76) Using 12 workers of 33 for evacuation
[16.422s][info][gc,phases      ] GC(76)   Pre Evacuate Collection Set: 0.1ms
[16.422s][info][gc,phases      ] GC(76)   Merge Heap Roots: 0.1ms
[16.422s][info][gc,phases      ] GC(76)   Evacuate Collection Set: 10.5ms
[16.422s][info][gc,phases      ] GC(76)   Post Evacuate Collection Set: 0.2ms
[16.422s][info][gc,phases      ] GC(76)   Other: 0.1ms
[16.422s][info][gc,heap        ] GC(76) Eden regions: 46->0(84)
[16.422s][info][gc,heap        ] GC(76) Survivor regions: 9->7(7)
[16.422s][info][gc,heap        ] GC(76) Old regions: 308->334
[16.422s][info][gc,heap        ] GC(76) Archive regions: 0->0
[16.422s][info][gc,heap        ] GC(76) Humongous regions: 0->0
[16.422s][info][gc,metaspace   ] GC(76) Metaspace: 16332K(16896K)->16332K(16896K) NonClass: 13973K(14336K)->13973K(14336K) Class: 2359K(2560K)->2359K(2560K)
[16.422s][info][gc             ] GC(76) Pause Young (Normal) (G1 Evacuation Pause) 361M->338M(512M) 11.162ms
[16.422s][info][gc,cpu         ] GC(76) User=0.00s Sys=0.00s Real=0.00s
[16.425s][info][gc,marking     ] GC(74) Concurrent Rebuild Remembered Sets and Scrub Regions 45.846ms
[16.426s][info][gc,start       ] GC(74) Pause Cleanup
[16.426s][info][gc             ] GC(74) Pause Cleanup 341M->341M(512M) 0.235ms
[16.426s][info][gc,cpu         ] GC(74) User=0.00s Sys=0.00s Real=0.00s
[16.426s][info][gc,marking     ] GC(74) Concurrent Clear Claimed Marks
[16.426s][info][gc,marking     ] GC(74) Concurrent Clear Claimed Marks 0.060ms
[16.426s][info][gc,marking     ] GC(74) Concurrent Cleanup for Next Mark
[16.427s][info][gc,marking     ] GC(74) Concurrent Cleanup for Next Mark 0.890ms
[16.427s][info][gc             ] GC(74) Concurrent Mark Cycle 146.241ms
[16.511s][info][gc,start       ] GC(77) Pause Young (Prepare Mixed) (G1 Evacuation Pause)
[16.511s][info][gc,task        ] GC(77) Using 12 workers of 33 for evacuation
[16.535s][info][gc,phases      ] GC(77)   Pre Evacuate Collection Set: 0.1ms
[16.536s][info][gc,phases      ] GC(77)   Merge Heap Roots: 0.1ms
[16.536s][info][gc,phases      ] GC(77)   Evacuate Collection Set: 24.2ms
[16.536s][info][gc,phases      ] GC(77)   Post Evacuate Collection Set: 0.3ms
[16.536s][info][gc,phases      ] GC(77)   Other: 0.1ms
[16.536s][info][gc,heap        ] GC(77) Eden regions: 84->0(65)
[16.536s][info][gc,heap        ] GC(77) Survivor regions: 7->12(12)
[16.536s][info][gc,heap        ] GC(77) Old regions: 334->368
[16.536s][info][gc,heap        ] GC(77) Archive regions: 0->0
[16.536s][info][gc,heap        ] GC(77) Humongous regions: 0->0
[16.536s][info][gc,metaspace   ] GC(77) Metaspace: 16332K(16896K)->16332K(16896K) NonClass: 13973K(14336K)->13973K(14336K) Class: 2359K(2560K)->2359K(2560K)
[16.536s][info][gc             ] GC(77) Pause Young (Prepare Mixed) (G1 Evacuation Pause) 422M->377M(512M) 25.352ms
[16.536s][info][gc,cpu         ] GC(77) User=0.36s Sys=0.02s Real=0.03s
[16.590s][info][gc,start       ] GC(78) Pause Young (Mixed) (G1 Evacuation Pause)
[16.590s][info][gc,task        ] GC(78) Using 12 workers of 33 for evacuation
[16.612s][info][gc,phases      ] GC(78)   Pre Evacuate Collection Set: 0.1ms
[16.612s][info][gc,phases      ] GC(78)   Merge Heap Roots: 0.1ms
[16.612s][info][gc,phases      ] GC(78)   Evacuate Collection Set: 21.4ms
[16.612s][info][gc,phases      ] GC(78)   Post Evacuate Collection Set: 0.2ms
[16.612s][info][gc,phases      ] GC(78)   Other: 0.1ms
[16.612s][info][gc,heap        ] GC(78) Eden regions: 65->0(52)
[16.612s][info][gc,heap        ] GC(78) Survivor regions: 12->10(10)
[16.612s][info][gc,heap        ] GC(78) Old regions: 368->396
[16.612s][info][gc,heap        ] GC(78) Archive regions: 0->0
[16.612s][info][gc,heap        ] GC(78) Humongous regions: 0->0
[16.612s][info][gc,metaspace   ] GC(78) Metaspace: 16332K(16896K)->16332K(16896K) NonClass: 13973K(14336K)->13973K(14336K) Class: 2359K(2560K)->2359K(2560K)
[16.612s][info][gc             ] GC(78) Pause Young (Mixed) (G1 Evacuation Pause) 442M->403M(512M) 22.326ms
[16.612s][info][gc,cpu         ] GC(78) User=0.19s Sys=0.00s Real=0.02s
[16.655s][info][gc,start       ] GC(79) Pause Young (Concurrent Start) (G1 Evacuation Pause)
[16.656s][info][gc,task        ] GC(79) Using 12 workers of 33 for evacuation
[16.674s][info][gc,phases      ] GC(79)   Pre Evacuate Collection Set: 0.2ms
[16.674s][info][gc,phases      ] GC(79)   Merge Heap Roots: 0.1ms
[16.674s][info][gc,phases      ] GC(79)   Evacuate Collection Set: 17.7ms
[16.674s][info][gc,phases      ] GC(79)   Post Evacuate Collection Set: 0.2ms
[16.674s][info][gc,phases      ] GC(79)   Other: 0.1ms
[16.674s][info][gc,heap        ] GC(79) Eden regions: 52->0(39)
[16.674s][info][gc,heap        ] GC(79) Survivor regions: 10->8(8)
[16.674s][info][gc,heap        ] GC(79) Old regions: 396->424
[16.674s][info][gc,heap        ] GC(79) Archive regions: 0->0
[16.674s][info][gc,heap        ] GC(79) Humongous regions: 0->0
[16.674s][info][gc,metaspace   ] GC(79) Metaspace: 16332K(16896K)->16332K(16896K) NonClass: 13973K(14336K)->13973K(14336K) Class: 2359K(2560K)->2359K(2560K)
[16.674s][info][gc             ] GC(79) Pause Young (Concurrent Start) (G1 Evacuation Pause) 455M->429M(512M) 18.858ms
[16.674s][info][gc             ] GC(80) Concurrent Mark Cycle
[16.674s][info][gc,cpu         ] GC(79) User=0.19s Sys=0.00s Real=0.02s
[16.674s][info][gc,marking     ] GC(80) Concurrent Scan Root Regions
[16.684s][info][gc,marking     ] GC(80) Concurrent Scan Root Regions 9.255ms
[16.684s][info][gc,marking     ] GC(80) Concurrent Mark
[16.684s][info][gc,marking     ] GC(80) Concurrent Mark From Roots
[16.684s][info][gc,task        ] GC(80) Using 8 workers of 8 for marking
[16.713s][info][gc,start       ] GC(81) Pause Young (Normal) (G1 Evacuation Pause)
[16.714s][info][gc,task        ] GC(81) Using 12 workers of 33 for evacuation
[16.722s][info][gc,phases      ] GC(81)   Pre Evacuate Collection Set: 0.1ms
[16.722s][info][gc,phases      ] GC(81)   Merge Heap Roots: 0.1ms
[16.722s][info][gc,phases      ] GC(81)   Evacuate Collection Set: 8.1ms
[16.722s][info][gc,phases      ] GC(81)   Post Evacuate Collection Set: 0.2ms
[16.722s][info][gc,phases      ] GC(81)   Other: 0.1ms
[16.722s][info][gc,heap        ] GC(81) Eden regions: 39->0(27)
[16.722s][info][gc,heap        ] GC(81) Survivor regions: 8->6(6)
[16.722s][info][gc,heap        ] GC(81) Old regions: 424->446
[16.722s][info][gc,heap        ] GC(81) Archive regions: 0->0
[16.722s][info][gc,heap        ] GC(81) Humongous regions: 0->0
[16.723s][info][gc,metaspace   ] GC(81) Metaspace: 16332K(16896K)->16332K(16896K) NonClass: 13973K(14336K)->13973K(14336K) Class: 2359K(2560K)->2359K(2560K)
[16.723s][info][gc             ] GC(81) Pause Young (Normal) (G1 Evacuation Pause) 468M->449M(512M) 9.108ms
[16.723s][info][gc,cpu         ] GC(81) User=0.03s Sys=0.00s Real=0.02s
[16.750s][info][gc,start       ] GC(82) Pause Young (Normal) (G1 Evacuation Pause)
[16.750s][info][gc,task        ] GC(82) Using 12 workers of 33 for evacuation
[16.756s][info][gc,phases      ] GC(82)   Pre Evacuate Collection Set: 0.1ms
[16.756s][info][gc,phases      ] GC(82)   Merge Heap Roots: 0.1ms
[16.756s][info][gc,phases      ] GC(82)   Evacuate Collection Set: 5.8ms
[16.756s][info][gc,phases      ] GC(82)   Post Evacuate Collection Set: 0.2ms
[16.756s][info][gc,phases      ] GC(82)   Other: 0.1ms
[16.756s][info][gc,heap        ] GC(82) Eden regions: 27->0(20)
[16.756s][info][gc,heap        ] GC(82) Survivor regions: 6->5(5)
[16.756s][info][gc,heap        ] GC(82) Old regions: 446->461
[16.756s][info][gc,heap        ] GC(82) Archive regions: 0->0
[16.756s][info][gc,heap        ] GC(82) Humongous regions: 0->0
[16.756s][info][gc,metaspace   ] GC(82) Metaspace: 16332K(16896K)->16332K(16896K) NonClass: 13973K(14336K)->13973K(14336K) Class: 2359K(2560K)->2359K(2560K)
[16.757s][info][gc             ] GC(82) Pause Young (Normal) (G1 Evacuation Pause) 476M->464M(512M) 6.523ms
[16.757s][info][gc,cpu         ] GC(82) User=0.19s Sys=0.00s Real=0.01s
[16.776s][info][gc,start       ] GC(83) Pause Young (Normal) (G1 Evacuation Pause)
[16.776s][info][gc,task        ] GC(83) Using 12 workers of 33 for evacuation
[16.781s][info][gc,phases      ] GC(83)   Pre Evacuate Collection Set: 0.1ms
[16.781s][info][gc,phases      ] GC(83)   Merge Heap Roots: 0.0ms
[16.781s][info][gc,phases      ] GC(83)   Evacuate Collection Set: 4.4ms
[16.781s][info][gc,phases      ] GC(83)   Post Evacuate Collection Set: 0.2ms
[16.781s][info][gc,phases      ] GC(83)   Other: 0.1ms
[16.781s][info][gc,heap        ] GC(83) Eden regions: 20->0(21)
[16.781s][info][gc,heap        ] GC(83) Survivor regions: 5->4(4)
[16.781s][info][gc,heap        ] GC(83) Old regions: 461->473
[16.781s][info][gc,heap        ] GC(83) Archive regions: 0->0
[16.781s][info][gc,heap        ] GC(83) Humongous regions: 0->0
[16.781s][info][gc,metaspace   ] GC(83) Metaspace: 16332K(16896K)->16332K(16896K) NonClass: 13973K(14336K)->13973K(14336K) Class: 2359K(2560K)->2359K(2560K)
[16.781s][info][gc             ] GC(83) Pause Young (Normal) (G1 Evacuation Pause) 484M->474M(512M) 5.073ms
[16.781s][info][gc,cpu         ] GC(83) User=0.00s Sys=0.00s Real=0.00s
[16.825s][info][gc,marking     ] GC(80) Concurrent Mark From Roots 141.600ms
[16.825s][info][gc,marking     ] GC(80) Concurrent Preclean
[16.825s][info][gc,marking     ] GC(80) Concurrent Preclean 0.032ms
[16.825s][info][gc,start       ] GC(80) Pause Remark
[16.827s][info][gc             ] GC(80) Pause Remark 482M->482M(512M) 1.099ms
[16.827s][info][gc,cpu         ] GC(80) User=0.00s Sys=0.00s Real=0.00s
[16.827s][info][gc,marking     ] GC(80) Concurrent Mark 143.030ms
[16.827s][info][gc,marking     ] GC(80) Concurrent Rebuild Remembered Sets and Scrub Regions
[16.882s][info][gc,marking     ] GC(80) Concurrent Rebuild Remembered Sets and Scrub Regions 55.044ms
[16.882s][info][gc,start       ] GC(80) Pause Cleanup
[16.882s][info][gc             ] GC(80) Pause Cleanup 490M->490M(512M) 0.521ms
[16.883s][info][gc,cpu         ] GC(80) User=0.00s Sys=0.00s Real=0.00s
[16.883s][info][gc,marking     ] GC(80) Concurrent Clear Claimed Marks
[16.883s][info][gc,marking     ] GC(80) Concurrent Clear Claimed Marks 0.046ms
[16.883s][info][gc,marking     ] GC(80) Concurrent Cleanup for Next Mark
[16.883s][info][gc,marking     ] GC(80) Concurrent Cleanup for Next Mark 0.303ms
[16.883s][info][gc             ] GC(80) Concurrent Mark Cycle 208.703ms
[17.018s][info][gc,start       ] GC(84) Pause Young (Prepare Mixed) (G1 Evacuation Pause)
[17.018s][info][gc,task        ] GC(84) Using 12 workers of 33 for evacuation
[17.050s][info][gc,phases      ] GC(84)   Pre Evacuate Collection Set: 0.1ms
[17.050s][info][gc,phases      ] GC(84)   Merge Heap Roots: 1.8ms
[17.050s][info][gc,phases      ] GC(84)   Evacuate Collection Set: 28.3ms
[17.050s][info][gc,phases      ] GC(84)   Post Evacuate Collection Set: 1.9ms
[17.051s][info][gc,phases      ] GC(84)   Other: 0.1ms
[17.051s][info][gc,heap        ] GC(84) Eden regions: 21->0(0)
[17.051s][info][gc,heap        ] GC(84) Survivor regions: 4->4(4)
[17.051s][info][gc,heap        ] GC(84) Old regions: 473->505
[17.051s][info][gc,heap        ] GC(84) Archive regions: 0->0
[17.051s][info][gc,heap        ] GC(84) Humongous regions: 3->3
[17.051s][info][gc,metaspace   ] GC(84) Metaspace: 16355K(16896K)->16355K(16896K) NonClass: 13993K(14336K)->13993K(14336K) Class: 2361K(2560K)->2361K(2560K)
[17.051s][info][gc             ] GC(84) Pause Young (Prepare Mixed) (G1 Evacuation Pause) (Evacuation Failure) 498M->510M(512M) 32.755ms
[17.051s][info][gc,cpu         ] GC(84) User=0.38s Sys=0.00s Real=0.03s
[17.051s][info][gc,ergo        ] Attempting full compaction
[17.051s][info][gc,start       ] GC(85) Pause Full (G1 Compaction Pause)
[17.051s][info][gc,task        ] GC(85) Using 12 workers of 33 for full compaction
[17.051s][info][gc,phases,start] GC(85) Phase 1: Mark live objects
[17.156s][info][gc,phases      ] GC(85) Phase 1: Mark live objects 104.712ms
[17.156s][info][gc,phases,start] GC(85) Phase 2: Prepare compaction
[17.180s][info][gc,phases      ] GC(85) Phase 2: Prepare compaction 24.047ms
[17.180s][info][gc,phases,start] GC(85) Phase 3: Adjust pointers
[17.209s][info][gc,phases      ] GC(85) Phase 3: Adjust pointers 29.063ms
[17.210s][info][gc,phases,start] GC(85) Phase 4: Compact heap
[17.229s][info][gc,phases      ] GC(85) Phase 4: Compact heap 19.199ms
[17.233s][info][gc,heap        ] GC(85) Eden regions: 0->0(32)
[17.233s][info][gc,heap        ] GC(85) Survivor regions: 4->0(4)
[17.233s][info][gc,heap        ] GC(85) Old regions: 505->442
[17.233s][info][gc,heap        ] GC(85) Archive regions: 0->0
[17.233s][info][gc,heap        ] GC(85) Humongous regions: 3->3
[17.233s][info][gc,metaspace   ] GC(85) Metaspace: 16355K(16896K)->16355K(16896K) NonClass: 13993K(14336K)->13993K(14336K) Class: 2361K(2560K)->2361K(2560K)
[17.233s][info][gc             ] GC(85) Pause Full (G1 Compaction Pause) 510M->438M(512M) 181.973ms
[17.233s][info][gc,cpu         ] GC(85) User=2.06s Sys=0.00s Real=0.17s
[17.490s][info][gc,start       ] GC(86) Pause Young (Concurrent Start) (G1 Humongous Allocation)
[17.490s][info][gc,task        ] GC(86) Using 12 workers of 33 for evacuation
[17.527s][info][gc,phases      ] GC(86)   Pre Evacuate Collection Set: 0.2ms
[17.528s][info][gc,phases      ] GC(86)   Merge Heap Roots: 2.5ms
[17.528s][info][gc,phases      ] GC(86)   Evacuate Collection Set: 34.5ms
[17.528s][info][gc,phases      ] GC(86)   Post Evacuate Collection Set: 0.3ms
[17.528s][info][gc,phases      ] GC(86)   Other: 0.1ms
[17.528s][info][gc,heap        ] GC(86) Eden regions: 25->0(21)
[17.528s][info][gc,heap        ] GC(86) Survivor regions: 0->4(4)
[17.528s][info][gc,heap        ] GC(86) Old regions: 442->465
[17.528s][info][gc,heap        ] GC(86) Archive regions: 0->0
[17.528s][info][gc,heap        ] GC(86) Humongous regions: 3->3
[17.528s][info][gc,metaspace   ] GC(86) Metaspace: 16361K(16896K)->16361K(16896K) NonClass: 13998K(14336K)->13998K(14336K) Class: 2363K(2560K)->2363K(2560K)
[17.528s][info][gc             ] GC(86) Pause Young (Concurrent Start) (G1 Humongous Allocation) 463M->465M(512M) 38.275ms
[17.528s][info][gc             ] GC(87) Concurrent Mark Cycle
[17.528s][info][gc,cpu         ] GC(86) User=0.38s Sys=0.00s Real=0.03s
[17.528s][info][gc,marking     ] GC(87) Concurrent Scan Root Regions
[17.532s][info][gc,marking     ] GC(87) Concurrent Scan Root Regions 3.748ms
[17.532s][info][gc,marking     ] GC(87) Concurrent Mark
[17.532s][info][gc,marking     ] GC(87) Concurrent Mark From Roots
[17.532s][info][gc,task        ] GC(87) Using 8 workers of 8 for marking
[17.665s][info][gc,marking     ] GC(87) Concurrent Mark From Roots 132.789ms
[17.665s][info][gc,marking     ] GC(87) Concurrent Preclean
[17.665s][info][gc,marking     ] GC(87) Concurrent Preclean 0.063ms
[17.665s][info][gc,start       ] GC(87) Pause Remark
[17.667s][info][gc             ] GC(87) Pause Remark 472M->472M(512M) 2.103ms
[17.667s][info][gc,cpu         ] GC(87) User=0.00s Sys=0.00s Real=0.00s
[17.667s][info][gc,marking     ] GC(87) Concurrent Mark 135.272ms
[17.667s][info][gc,marking     ] GC(87) Concurrent Rebuild Remembered Sets and Scrub Regions
[17.709s][info][gc,marking     ] GC(87) Concurrent Rebuild Remembered Sets and Scrub Regions 42.109ms
[17.709s][info][gc,start       ] GC(87) Pause Cleanup
[17.710s][info][gc             ] GC(87) Pause Cleanup 473M->473M(512M) 0.155ms
[17.710s][info][gc,cpu         ] GC(87) User=0.00s Sys=0.00s Real=0.00s
[17.710s][info][gc,marking     ] GC(87) Concurrent Clear Claimed Marks
[17.710s][info][gc,marking     ] GC(87) Concurrent Clear Claimed Marks 0.020ms
[17.710s][info][gc,marking     ] GC(87) Concurrent Cleanup for Next Mark
[17.710s][info][gc,marking     ] GC(87) Concurrent Cleanup for Next Mark 0.281ms
[17.710s][info][gc             ] GC(87) Concurrent Mark Cycle 181.937ms
[18.047s][info][gc,start       ] GC(88) Pause Young (Prepare Mixed) (G1 Evacuation Pause)
[18.047s][info][gc,task        ] GC(88) Using 12 workers of 33 for evacuation
[18.058s][info][gc,phases      ] GC(88)   Pre Evacuate Collection Set: 0.1ms
[18.058s][info][gc,phases      ] GC(88)   Merge Heap Roots: 0.5ms
[18.058s][info][gc,phases      ] GC(88)   Evacuate Collection Set: 9.7ms
[18.058s][info][gc,phases      ] GC(88)   Post Evacuate Collection Set: 0.5ms
[18.058s][info][gc,phases      ] GC(88)   Other: 0.1ms
[18.058s][info][gc,heap        ] GC(88) Eden regions: 21->0(23)
[18.058s][info][gc,heap        ] GC(88) Survivor regions: 4->2(4)
[18.058s][info][gc,heap        ] GC(88) Old regions: 465->471
[18.058s][info][gc,heap        ] GC(88) Archive regions: 0->0
[18.058s][info][gc,heap        ] GC(88) Humongous regions: 6->6
[18.058s][info][gc,metaspace   ] GC(88) Metaspace: 16397K(16960K)->16397K(16960K) NonClass: 14034K(14400K)->14034K(14400K) Class: 2363K(2560K)->2363K(2560K)
[18.058s][info][gc             ] GC(88) Pause Young (Prepare Mixed) (G1 Evacuation Pause) 489M->471M(512M) 11.323ms
[18.058s][info][gc,cpu         ] GC(88) User=0.19s Sys=0.00s Real=0.01s
[18.114s][info][gc,start       ] GC(89) Pause Young (Mixed) (G1 Evacuation Pause)
[18.114s][info][gc,task        ] GC(89) Using 12 workers of 33 for evacuation
[18.116s][info][gc,phases      ] GC(89)   Pre Evacuate Collection Set: 0.1ms
[18.116s][info][gc,phases      ] GC(89)   Merge Heap Roots: 0.1ms
[18.116s][info][gc,phases      ] GC(89)   Evacuate Collection Set: 1.9ms
[18.116s][info][gc,phases      ] GC(89)   Post Evacuate Collection Set: 0.3ms
[18.116s][info][gc,phases      ] GC(89)   Other: 0.1ms
[18.116s][info][gc,heap        ] GC(89) Eden regions: 23->0(21)
[18.116s][info][gc,heap        ] GC(89) Survivor regions: 2->4(4)
[18.116s][info][gc,heap        ] GC(89) Old regions: 471->470
[18.116s][info][gc,heap        ] GC(89) Archive regions: 0->0
[18.116s][info][gc,heap        ] GC(89) Humongous regions: 6->6
[18.116s][info][gc,metaspace   ] GC(89) Metaspace: 16397K(16960K)->16397K(16960K) NonClass: 14034K(14400K)->14034K(14400K) Class: 2363K(2560K)->2363K(2560K)
[18.116s][info][gc             ] GC(89) Pause Young (Mixed) (G1 Evacuation Pause) 494M->474M(512M) 2.629ms
[18.116s][info][gc,cpu         ] GC(89) User=0.00s Sys=0.00s Real=0.00s
[18.153s][info][gc,start       ] GC(90) Pause Young (Concurrent Start) (G1 Evacuation Pause)
[18.154s][info][gc,task        ] GC(90) Using 12 workers of 33 for evacuation
[18.156s][info][gc,phases      ] GC(90)   Pre Evacuate Collection Set: 0.2ms
[18.156s][info][gc,phases      ] GC(90)   Merge Heap Roots: 0.0ms
[18.157s][info][gc,phases      ] GC(90)   Evacuate Collection Set: 2.2ms
[18.157s][info][gc,phases      ] GC(90)   Post Evacuate Collection Set: 0.3ms
[18.157s][info][gc,phases      ] GC(90)   Other: 0.1ms
[18.157s][info][gc,heap        ] GC(90) Eden regions: 21->0(22)
[18.157s][info][gc,heap        ] GC(90) Survivor regions: 4->3(4)
[18.157s][info][gc,heap        ] GC(90) Old regions: 470->472
[18.157s][info][gc,heap        ] GC(90) Archive regions: 0->0
[18.157s][info][gc,heap        ] GC(90) Humongous regions: 6->6
[18.157s][info][gc,metaspace   ] GC(90) Metaspace: 16397K(16960K)->16397K(16960K) NonClass: 14034K(14400K)->14034K(14400K) Class: 2363K(2560K)->2363K(2560K)
[18.157s][info][gc             ] GC(90) Pause Young (Concurrent Start) (G1 Evacuation Pause) 495M->475M(512M) 3.341ms
[18.157s][info][gc             ] GC(91) Concurrent Mark Cycle
[18.157s][info][gc,cpu         ] GC(90) User=0.00s Sys=0.00s Real=0.00s
[18.157s][info][gc,marking     ] GC(91) Concurrent Scan Root Regions
[18.171s][info][gc,marking     ] GC(91) Concurrent Scan Root Regions 14.415ms
[18.171s][info][gc,marking     ] GC(91) Concurrent Mark
[18.171s][info][gc,marking     ] GC(91) Concurrent Mark From Roots
[18.171s][info][gc,task        ] GC(91) Using 8 workers of 8 for marking
[18.201s][info][gc,start       ] GC(92) Pause Young (Normal) (G1 Evacuation Pause)
[18.202s][info][gc,task        ] GC(92) Using 12 workers of 33 for evacuation
[18.203s][info][gc,phases      ] GC(92)   Pre Evacuate Collection Set: 0.1ms
[18.204s][info][gc,phases      ] GC(92)   Merge Heap Roots: 0.0ms
[18.204s][info][gc,phases      ] GC(92)   Evacuate Collection Set: 1.4ms
[18.204s][info][gc,phases      ] GC(92)   Post Evacuate Collection Set: 0.2ms
[18.204s][info][gc,phases      ] GC(92)   Other: 0.1ms
[18.204s][info][gc,heap        ] GC(92) Eden regions: 22->0(22)
[18.204s][info][gc,heap        ] GC(92) Survivor regions: 3->3(4)
[18.204s][info][gc,heap        ] GC(92) Old regions: 472->473
[18.204s][info][gc,heap        ] GC(92) Archive regions: 0->0
[18.204s][info][gc,heap        ] GC(92) Humongous regions: 6->6
[18.204s][info][gc,metaspace   ] GC(92) Metaspace: 16397K(16960K)->16397K(16960K) NonClass: 14034K(14400K)->14034K(14400K) Class: 2363K(2560K)->2363K(2560K)
[18.204s][info][gc             ] GC(92) Pause Young (Normal) (G1 Evacuation Pause) 497M->476M(512M) 2.431ms
[18.204s][info][gc,cpu         ] GC(92) User=0.00s Sys=0.00s Real=0.00s
[18.253s][info][gc,start       ] GC(93) Pause Young (Normal) (G1 Evacuation Pause)
[18.253s][info][gc,task        ] GC(93) Using 12 workers of 33 for evacuation
[18.254s][info][gc,phases      ] GC(93)   Pre Evacuate Collection Set: 0.1ms
[18.255s][info][gc,phases      ] GC(93)   Merge Heap Roots: 0.0ms
[18.255s][info][gc,phases      ] GC(93)   Evacuate Collection Set: 1.4ms
[18.255s][info][gc,phases      ] GC(93)   Post Evacuate Collection Set: 0.2ms
[18.255s][info][gc,phases      ] GC(93)   Other: 0.1ms
[18.255s][info][gc,heap        ] GC(93) Eden regions: 22->0(22)
[18.255s][info][gc,heap        ] GC(93) Survivor regions: 3->3(4)
[18.255s][info][gc,heap        ] GC(93) Old regions: 473->474
[18.255s][info][gc,heap        ] GC(93) Archive regions: 0->0
[18.255s][info][gc,heap        ] GC(93) Humongous regions: 6->6
[18.255s][info][gc,metaspace   ] GC(93) Metaspace: 16397K(16960K)->16397K(16960K) NonClass: 14034K(14400K)->14034K(14400K) Class: 2363K(2560K)->2363K(2560K)
[18.255s][info][gc             ] GC(93) Pause Young (Normal) (G1 Evacuation Pause) 498M->477M(512M) 2.339ms
[18.255s][info][gc,cpu         ] GC(93) User=0.00s Sys=0.00s Real=0.00s
[18.302s][info][gc,start       ] GC(94) Pause Young (Normal) (G1 Evacuation Pause)
[18.302s][info][gc,task        ] GC(94) Using 12 workers of 33 for evacuation
[18.304s][info][gc,phases      ] GC(94)   Pre Evacuate Collection Set: 0.1ms
[18.304s][info][gc,phases      ] GC(94)   Merge Heap Roots: 0.0ms
[18.304s][info][gc,phases      ] GC(94)   Evacuate Collection Set: 1.3ms
[18.304s][info][gc,phases      ] GC(94)   Post Evacuate Collection Set: 0.2ms
[18.304s][info][gc,phases      ] GC(94)   Other: 0.1ms
[18.304s][info][gc,heap        ] GC(94) Eden regions: 22->0(22)
[18.304s][info][gc,heap        ] GC(94) Survivor regions: 3->3(4)
[18.304s][info][gc,heap        ] GC(94) Old regions: 474->475
[18.304s][info][gc,heap        ] GC(94) Archive regions: 0->0
[18.304s][info][gc,heap        ] GC(94) Humongous regions: 6->6
[18.304s][info][gc,metaspace   ] GC(94) Metaspace: 16397K(16960K)->16397K(16960K) NonClass: 14034K(14400K)->14034K(14400K) Class: 2363K(2560K)->2363K(2560K)
[18.304s][info][gc             ] GC(94) Pause Young (Normal) (G1 Evacuation Pause) 499M->478M(512M) 2.025ms
[18.304s][info][gc,cpu         ] GC(94) User=0.00s Sys=0.00s Real=0.00s
[18.339s][info][gc,marking     ] GC(91) Concurrent Mark From Roots 167.430ms
[18.339s][info][gc,marking     ] GC(91) Concurrent Preclean
[18.339s][info][gc,marking     ] GC(91) Concurrent Preclean 0.032ms
[18.339s][info][gc,start       ] GC(91) Pause Remark
[18.340s][info][gc             ] GC(91) Pause Remark 495M->492M(512M) 1.078ms
[18.340s][info][gc,cpu         ] GC(91) User=0.00s Sys=0.00s Real=0.00s
[18.340s][info][gc,marking     ] GC(91) Concurrent Mark 168.767ms
[18.340s][info][gc,marking     ] GC(91) Concurrent Rebuild Remembered Sets and Scrub Regions
[18.350s][info][gc,start       ] GC(95) Pause Young (Normal) (G1 Evacuation Pause)
[18.350s][info][gc,task        ] GC(95) Using 12 workers of 33 for evacuation
[18.351s][info][gc,phases      ] GC(95)   Pre Evacuate Collection Set: 0.1ms
[18.351s][info][gc,phases      ] GC(95)   Merge Heap Roots: 0.0ms
[18.351s][info][gc,phases      ] GC(95)   Evacuate Collection Set: 1.3ms
[18.351s][info][gc,phases      ] GC(95)   Post Evacuate Collection Set: 0.2ms
[18.351s][info][gc,phases      ] GC(95)   Other: 0.1ms
[18.351s][info][gc,heap        ] GC(95) Eden regions: 22->0(22)
[18.351s][info][gc,heap        ] GC(95) Survivor regions: 3->3(4)
[18.351s][info][gc,heap        ] GC(95) Old regions: 474->475
[18.351s][info][gc,heap        ] GC(95) Archive regions: 0->0
[18.351s][info][gc,heap        ] GC(95) Humongous regions: 3->3
[18.352s][info][gc,metaspace   ] GC(95) Metaspace: 16397K(16960K)->16397K(16960K) NonClass: 14034K(14400K)->14034K(14400K) Class: 2363K(2560K)->2363K(2560K)
[18.352s][info][gc             ] GC(95) Pause Young (Normal) (G1 Evacuation Pause) 497M->476M(512M) 1.804ms
[18.352s][info][gc,cpu         ] GC(95) User=0.00s Sys=0.00s Real=0.00s
[18.391s][info][gc,marking     ] GC(91) Concurrent Rebuild Remembered Sets and Scrub Regions 50.743ms
[18.391s][info][gc,start       ] GC(91) Pause Cleanup
[18.391s][info][gc             ] GC(91) Pause Cleanup 497M->497M(512M) 0.305ms
[18.391s][info][gc,cpu         ] GC(91) User=0.00s Sys=0.00s Real=0.00s
[18.391s][info][gc,marking     ] GC(91) Concurrent Clear Claimed Marks
[18.391s][info][gc,marking     ] GC(91) Concurrent Clear Claimed Marks 0.021ms
[18.392s][info][gc,marking     ] GC(91) Concurrent Cleanup for Next Mark
[18.392s][info][gc,marking     ] GC(91) Concurrent Cleanup for Next Mark 0.271ms
[18.392s][info][gc             ] GC(91) Concurrent Mark Cycle 234.936ms
[18.392s][info][gc,start       ] GC(96) Pause Young (Prepare Mixed) (G1 Evacuation Pause)
[18.393s][info][gc,task        ] GC(96) Using 12 workers of 33 for evacuation
[18.394s][info][gc,phases      ] GC(96)   Pre Evacuate Collection Set: 0.1ms
[18.394s][info][gc,phases      ] GC(96)   Merge Heap Roots: 0.0ms
[18.394s][info][gc,phases      ] GC(96)   Evacuate Collection Set: 1.4ms
[18.394s][info][gc,phases      ] GC(96)   Post Evacuate Collection Set: 0.2ms
[18.394s][info][gc,phases      ] GC(96)   Other: 0.1ms
[18.394s][info][gc,heap        ] GC(96) Eden regions: 22->0(22)
[18.394s][info][gc,heap        ] GC(96) Survivor regions: 3->3(4)
[18.394s][info][gc,heap        ] GC(96) Old regions: 475->476
[18.394s][info][gc,heap        ] GC(96) Archive regions: 0->0
[18.394s][info][gc,heap        ] GC(96) Humongous regions: 3->3
[18.394s][info][gc,metaspace   ] GC(96) Metaspace: 16397K(16960K)->16397K(16960K) NonClass: 14034K(14400K)->14034K(14400K) Class: 2363K(2560K)->2363K(2560K)
[18.394s][info][gc             ] GC(96) Pause Young (Prepare Mixed) (G1 Evacuation Pause) 498M->477M(512M) 2.031ms
[18.394s][info][gc,cpu         ] GC(96) User=0.00s Sys=0.00s Real=0.00s
[18.431s][info][gc,start       ] GC(97) Pause Young (Mixed) (G1 Evacuation Pause)
[18.432s][info][gc,task        ] GC(97) Using 12 workers of 33 for evacuation
[18.435s][info][gc,phases      ] GC(97)   Pre Evacuate Collection Set: 0.1ms
[18.435s][info][gc,phases      ] GC(97)   Merge Heap Roots: 0.1ms
[18.435s][info][gc,phases      ] GC(97)   Evacuate Collection Set: 2.7ms
[18.435s][info][gc,phases      ] GC(97)   Post Evacuate Collection Set: 0.3ms
[18.435s][info][gc,phases      ] GC(97)   Other: 0.1ms
[18.435s][info][gc,heap        ] GC(97) Eden regions: 22->0(22)
[18.435s][info][gc,heap        ] GC(97) Survivor regions: 3->3(4)
[18.435s][info][gc,heap        ] GC(97) Old regions: 476->473
[18.435s][info][gc,heap        ] GC(97) Archive regions: 0->0
[18.435s][info][gc,heap        ] GC(97) Humongous regions: 3->3
[18.435s][info][gc,metaspace   ] GC(97) Metaspace: 16397K(16960K)->16397K(16960K) NonClass: 14034K(14400K)->14034K(14400K) Class: 2363K(2560K)->2363K(2560K)
[18.435s][info][gc             ] GC(97) Pause Young (Mixed) (G1 Evacuation Pause) 499M->476M(512M) 3.724ms
[18.435s][info][gc,cpu         ] GC(97) User=0.00s Sys=0.00s Real=0.00s
[18.469s][info][gc,start       ] GC(98) Pause Young (Concurrent Start) (G1 Evacuation Pause)
[18.470s][info][gc,task        ] GC(98) Using 12 workers of 33 for evacuation
[18.472s][info][gc,phases      ] GC(98)   Pre Evacuate Collection Set: 0.2ms
[18.472s][info][gc,phases      ] GC(98)   Merge Heap Roots: 0.0ms
[18.472s][info][gc,phases      ] GC(98)   Evacuate Collection Set: 1.9ms
[18.472s][info][gc,phases      ] GC(98)   Post Evacuate Collection Set: 0.3ms
[18.472s][info][gc,phases      ] GC(98)   Other: 0.1ms
[18.472s][info][gc,heap        ] GC(98) Eden regions: 22->0(22)
[18.472s][info][gc,heap        ] GC(98) Survivor regions: 3->3(4)
[18.472s][info][gc,heap        ] GC(98) Old regions: 473->474
[18.472s][info][gc,heap        ] GC(98) Archive regions: 0->0
[18.472s][info][gc,heap        ] GC(98) Humongous regions: 3->3
[18.472s][info][gc,metaspace   ] GC(98) Metaspace: 16397K(16960K)->16397K(16960K) NonClass: 14034K(14400K)->14034K(14400K) Class: 2363K(2560K)->2363K(2560K)
[18.473s][info][gc             ] GC(98) Pause Young (Concurrent Start) (G1 Evacuation Pause) 498M->477M(512M) 3.014ms
[18.473s][info][gc             ] GC(99) Concurrent Mark Cycle
[18.473s][info][gc,cpu         ] GC(98) User=0.00s Sys=0.00s Real=0.00s
[18.473s][info][gc,marking     ] GC(99) Concurrent Scan Root Regions
[18.486s][info][gc,marking     ] GC(99) Concurrent Scan Root Regions 13.209ms
[18.486s][info][gc,marking     ] GC(99) Concurrent Mark
[18.486s][info][gc,marking     ] GC(99) Concurrent Mark From Roots
[18.486s][info][gc,task        ] GC(99) Using 8 workers of 8 for marking
[18.517s][info][gc,start       ] GC(100) Pause Young (Normal) (G1 Evacuation Pause)
[18.517s][info][gc,task        ] GC(100) Using 12 workers of 33 for evacuation
[18.519s][info][gc,phases      ] GC(100)   Pre Evacuate Collection Set: 0.1ms
[18.519s][info][gc,phases      ] GC(100)   Merge Heap Roots: 0.0ms
[18.519s][info][gc,phases      ] GC(100)   Evacuate Collection Set: 1.2ms
[18.519s][info][gc,phases      ] GC(100)   Post Evacuate Collection Set: 0.2ms
[18.519s][info][gc,phases      ] GC(100)   Other: 0.1ms
[18.519s][info][gc,heap        ] GC(100) Eden regions: 22->0(22)
[18.519s][info][gc,heap        ] GC(100) Survivor regions: 3->3(4)
[18.519s][info][gc,heap        ] GC(100) Old regions: 474->474
[18.519s][info][gc,heap        ] GC(100) Archive regions: 0->0
[18.519s][info][gc,heap        ] GC(100) Humongous regions: 3->3
[18.519s][info][gc,metaspace   ] GC(100) Metaspace: 16397K(16960K)->16397K(16960K) NonClass: 14034K(14400K)->14034K(14400K) Class: 2363K(2560K)->2363K(2560K)
[18.519s][info][gc             ] GC(100) Pause Young (Normal) (G1 Evacuation Pause) 499M->477M(512M) 2.134ms
[18.519s][info][gc,cpu         ] GC(100) User=0.00s Sys=0.00s Real=0.00s
[18.575s][info][gc,start       ] GC(101) Pause Young (Normal) (G1 Evacuation Pause)
[18.575s][info][gc,task        ] GC(101) Using 12 workers of 33 for evacuation
[18.577s][info][gc,phases      ] GC(101)   Pre Evacuate Collection Set: 0.1ms
[18.577s][info][gc,phases      ] GC(101)   Merge Heap Roots: 0.0ms
[18.577s][info][gc,phases      ] GC(101)   Evacuate Collection Set: 1.2ms
[18.577s][info][gc,phases      ] GC(101)   Post Evacuate Collection Set: 0.2ms
[18.577s][info][gc,phases      ] GC(101)   Other: 0.1ms
[18.577s][info][gc,heap        ] GC(101) Eden regions: 22->0(22)
[18.577s][info][gc,heap        ] GC(101) Survivor regions: 3->3(4)
[18.577s][info][gc,heap        ] GC(101) Old regions: 474->474
[18.577s][info][gc,heap        ] GC(101) Archive regions: 0->0
[18.577s][info][gc,heap        ] GC(101) Humongous regions: 3->3
[18.577s][info][gc,metaspace   ] GC(101) Metaspace: 16397K(16960K)->16397K(16960K) NonClass: 14034K(14400K)->14034K(14400K) Class: 2363K(2560K)->2363K(2560K)
[18.577s][info][gc             ] GC(101) Pause Young (Normal) (G1 Evacuation Pause) 499M->477M(512M) 2.108ms
[18.577s][info][gc,cpu         ] GC(101) User=0.00s Sys=0.00s Real=0.00s
[18.622s][info][gc,start       ] GC(102) Pause Young (Normal) (G1 Evacuation Pause)
[18.622s][info][gc,task        ] GC(102) Using 12 workers of 33 for evacuation
[18.624s][info][gc,phases      ] GC(102)   Pre Evacuate Collection Set: 0.1ms
[18.624s][info][gc,phases      ] GC(102)   Merge Heap Roots: 0.0ms
[18.624s][info][gc,phases      ] GC(102)   Evacuate Collection Set: 1.2ms
[18.624s][info][gc,phases      ] GC(102)   Post Evacuate Collection Set: 0.2ms
[18.624s][info][gc,phases      ] GC(102)   Other: 0.1ms
[18.624s][info][gc,heap        ] GC(102) Eden regions: 22->0(22)
[18.624s][info][gc,heap        ] GC(102) Survivor regions: 3->3(4)
[18.624s][info][gc,heap        ] GC(102) Old regions: 474->475
[18.624s][info][gc,heap        ] GC(102) Archive regions: 0->0
[18.624s][info][gc,heap        ] GC(102) Humongous regions: 3->3
[18.624s][info][gc,metaspace   ] GC(102) Metaspace: 16397K(16960K)->16397K(16960K) NonClass: 14034K(14400K)->14034K(14400K) Class: 2363K(2560K)->2363K(2560K)
[18.625s][info][gc             ] GC(102) Pause Young (Normal) (G1 Evacuation Pause) 499M->478M(512M) 2.202ms
[18.625s][info][gc,cpu         ] GC(102) User=0.00s Sys=0.00s Real=0.00s
[18.638s][info][gc,marking     ] GC(99) Concurrent Mark From Roots 151.741ms
[18.638s][info][gc,marking     ] GC(99) Concurrent Preclean
[18.638s][info][gc,marking     ] GC(99) Concurrent Preclean 0.036ms
[18.638s][info][gc,start       ] GC(99) Pause Remark
[18.639s][info][gc             ] GC(99) Pause Remark 484M->484M(512M) 1.502ms
[18.639s][info][gc,cpu         ] GC(99) User=0.00s Sys=0.00s Real=0.00s
[18.639s][info][gc,marking     ] GC(99) Concurrent Mark 153.573ms
[18.639s][info][gc,marking     ] GC(99) Concurrent Rebuild Remembered Sets and Scrub Regions
[18.669s][info][gc,start       ] GC(103) Pause Young (Normal) (G1 Evacuation Pause)
[18.670s][info][gc,task        ] GC(103) Using 12 workers of 33 for evacuation
[18.671s][info][gc,phases      ] GC(103)   Pre Evacuate Collection Set: 0.1ms
[18.671s][info][gc,phases      ] GC(103)   Merge Heap Roots: 0.0ms
[18.671s][info][gc,phases      ] GC(103)   Evacuate Collection Set: 1.2ms
[18.671s][info][gc,phases      ] GC(103)   Post Evacuate Collection Set: 0.2ms
[18.671s][info][gc,phases      ] GC(103)   Other: 0.1ms
[18.671s][info][gc,heap        ] GC(103) Eden regions: 22->0(22)
[18.671s][info][gc,heap        ] GC(103) Survivor regions: 3->3(4)
[18.671s][info][gc,heap        ] GC(103) Old regions: 474->474
[18.671s][info][gc,heap        ] GC(103) Archive regions: 0->0
[18.671s][info][gc,heap        ] GC(103) Humongous regions: 3->3
[18.672s][info][gc,metaspace   ] GC(103) Metaspace: 16397K(16960K)->16397K(16960K) NonClass: 14034K(14400K)->14034K(14400K) Class: 2363K(2560K)->2363K(2560K)
[18.672s][info][gc             ] GC(103) Pause Young (Normal) (G1 Evacuation Pause) 500M->478M(512M) 2.087ms
[18.672s][info][gc,cpu         ] GC(103) User=0.00s Sys=0.00s Real=0.00s
[18.689s][info][gc,marking     ] GC(99) Concurrent Rebuild Remembered Sets and Scrub Regions 49.476ms
[18.689s][info][gc,start       ] GC(99) Pause Cleanup
[18.690s][info][gc             ] GC(99) Pause Cleanup 484M->484M(512M) 0.456ms
[18.690s][info][gc,cpu         ] GC(99) User=0.00s Sys=0.00s Real=0.00s
[18.690s][info][gc,marking     ] GC(99) Concurrent Clear Claimed Marks
[18.690s][info][gc,marking     ] GC(99) Concurrent Clear Claimed Marks 0.054ms
[18.690s][info][gc,marking     ] GC(99) Concurrent Cleanup for Next Mark
[18.690s][info][gc,marking     ] GC(99) Concurrent Cleanup for Next Mark 0.296ms
[18.690s][info][gc             ] GC(99) Concurrent Mark Cycle 217.431ms
[18.715s][info][gc,start       ] GC(104) Pause Young (Prepare Mixed) (G1 Evacuation Pause)
[18.715s][info][gc,task        ] GC(104) Using 12 workers of 33 for evacuation
[18.717s][info][gc,phases      ] GC(104)   Pre Evacuate Collection Set: 0.1ms
[18.717s][info][gc,phases      ] GC(104)   Merge Heap Roots: 0.0ms
[18.717s][info][gc,phases      ] GC(104)   Evacuate Collection Set: 1.6ms
[18.717s][info][gc,phases      ] GC(104)   Post Evacuate Collection Set: 0.3ms
[18.717s][info][gc,phases      ] GC(104)   Other: 0.1ms
[18.717s][info][gc,heap        ] GC(104) Eden regions: 22->0(22)
[18.717s][info][gc,heap        ] GC(104) Survivor regions: 3->3(4)
[18.717s][info][gc,heap        ] GC(104) Old regions: 474->474
[18.717s][info][gc,heap        ] GC(104) Archive regions: 0->0
[18.717s][info][gc,heap        ] GC(104) Humongous regions: 3->3
[18.717s][info][gc,metaspace   ] GC(104) Metaspace: 16397K(16960K)->16397K(16960K) NonClass: 14034K(14400K)->14034K(14400K) Class: 2363K(2560K)->2363K(2560K)
[18.718s][info][gc             ] GC(104) Pause Young (Prepare Mixed) (G1 Evacuation Pause) 500M->478M(512M) 2.494ms
[18.718s][info][gc,cpu         ] GC(104) User=0.00s Sys=0.00s Real=0.00s
[18.752s][info][gc,start       ] GC(105) Pause Young (Mixed) (G1 Evacuation Pause)
[18.752s][info][gc,task        ] GC(105) Using 12 workers of 33 for evacuation
[18.756s][info][gc,phases      ] GC(105)   Pre Evacuate Collection Set: 0.1ms
[18.756s][info][gc,phases      ] GC(105)   Merge Heap Roots: 0.1ms
[18.756s][info][gc,phases      ] GC(105)   Evacuate Collection Set: 3.3ms
[18.756s][info][gc,phases      ] GC(105)   Post Evacuate Collection Set: 0.3ms
[18.756s][info][gc,phases      ] GC(105)   Other: 0.1ms
[18.756s][info][gc,heap        ] GC(105) Eden regions: 22->0(22)
[18.756s][info][gc,heap        ] GC(105) Survivor regions: 3->3(4)
[18.756s][info][gc,heap        ] GC(105) Old regions: 474->462
[18.756s][info][gc,heap        ] GC(105) Archive regions: 0->0
[18.756s][info][gc,heap        ] GC(105) Humongous regions: 3->3
[18.756s][info][gc,metaspace   ] GC(105) Metaspace: 16397K(16960K)->16397K(16960K) NonClass: 14034K(14400K)->14034K(14400K) Class: 2363K(2560K)->2363K(2560K)
[18.756s][info][gc             ] GC(105) Pause Young (Mixed) (G1 Evacuation Pause) 500M->467M(512M) 4.417ms
[18.756s][info][gc,cpu         ] GC(105) User=0.00s Sys=0.00s Real=0.00s
[18.790s][info][gc,start       ] GC(106) Pause Young (Concurrent Start) (G1 Evacuation Pause)
[18.791s][info][gc,task        ] GC(106) Using 12 workers of 33 for evacuation
[18.793s][info][gc,phases      ] GC(106)   Pre Evacuate Collection Set: 0.2ms
[18.793s][info][gc,phases      ] GC(106)   Merge Heap Roots: 0.0ms
[18.793s][info][gc,phases      ] GC(106)   Evacuate Collection Set: 1.5ms
[18.793s][info][gc,phases      ] GC(106)   Post Evacuate Collection Set: 0.3ms
[18.793s][info][gc,phases      ] GC(106)   Other: 0.1ms
[18.793s][info][gc,heap        ] GC(106) Eden regions: 22->0(22)
[18.793s][info][gc,heap        ] GC(106) Survivor regions: 3->3(4)
[18.793s][info][gc,heap        ] GC(106) Old regions: 462->463
[18.793s][info][gc,heap        ] GC(106) Archive regions: 0->0
[18.793s][info][gc,heap        ] GC(106) Humongous regions: 3->3
[18.793s][info][gc,metaspace   ] GC(106) Metaspace: 16397K(16960K)->16397K(16960K) NonClass: 14034K(14400K)->14034K(14400K) Class: 2363K(2560K)->2363K(2560K)
[18.793s][info][gc             ] GC(106) Pause Young (Concurrent Start) (G1 Evacuation Pause) 489M->467M(512M) 2.720ms
[18.793s][info][gc             ] GC(107) Concurrent Mark Cycle
[18.793s][info][gc,cpu         ] GC(106) User=0.00s Sys=0.00s Real=0.00s
[18.793s][info][gc,marking     ] GC(107) Concurrent Scan Root Regions
[18.803s][info][gc,marking     ] GC(107) Concurrent Scan Root Regions 9.977ms
[18.803s][info][gc,marking     ] GC(107) Concurrent Mark
[18.803s][info][gc,marking     ] GC(107) Concurrent Mark From Roots
[18.803s][info][gc,task        ] GC(107) Using 8 workers of 8 for marking
[18.835s][info][gc,start       ] GC(108) Pause Young (Normal) (G1 Evacuation Pause)
[18.835s][info][gc,task        ] GC(108) Using 12 workers of 33 for evacuation
[18.837s][info][gc,phases      ] GC(108)   Pre Evacuate Collection Set: 0.1ms
[18.837s][info][gc,phases      ] GC(108)   Merge Heap Roots: 0.0ms
[18.837s][info][gc,phases      ] GC(108)   Evacuate Collection Set: 1.1ms
[18.837s][info][gc,phases      ] GC(108)   Post Evacuate Collection Set: 0.2ms
[18.837s][info][gc,phases      ] GC(108)   Other: 0.1ms
[18.837s][info][gc,heap        ] GC(108) Eden regions: 22->0(22)
[18.837s][info][gc,heap        ] GC(108) Survivor regions: 3->3(4)
[18.837s][info][gc,heap        ] GC(108) Old regions: 463->463
[18.837s][info][gc,heap        ] GC(108) Archive regions: 0->0
[18.837s][info][gc,heap        ] GC(108) Humongous regions: 3->3
[18.837s][info][gc,metaspace   ] GC(108) Metaspace: 16397K(16960K)->16397K(16960K) NonClass: 14034K(14400K)->14034K(14400K) Class: 2363K(2560K)->2363K(2560K)
[18.837s][info][gc             ] GC(108) Pause Young (Normal) (G1 Evacuation Pause) 489M->467M(512M) 1.876ms
[18.837s][info][gc,cpu         ] GC(108) User=0.00s Sys=0.00s Real=0.00s
[18.890s][info][gc,start       ] GC(109) Pause Young (Normal) (G1 Evacuation Pause)
[18.890s][info][gc,task        ] GC(109) Using 12 workers of 33 for evacuation
[18.891s][info][gc,phases      ] GC(109)   Pre Evacuate Collection Set: 0.1ms
[18.891s][info][gc,phases      ] GC(109)   Merge Heap Roots: 0.0ms
[18.891s][info][gc,phases      ] GC(109)   Evacuate Collection Set: 0.9ms
[18.891s][info][gc,phases      ] GC(109)   Post Evacuate Collection Set: 0.2ms
[18.891s][info][gc,phases      ] GC(109)   Other: 0.1ms
[18.891s][info][gc,heap        ] GC(109) Eden regions: 22->0(22)
[18.891s][info][gc,heap        ] GC(109) Survivor regions: 3->3(4)
[18.891s][info][gc,heap        ] GC(109) Old regions: 463->463
[18.891s][info][gc,heap        ] GC(109) Archive regions: 0->0
[18.891s][info][gc,heap        ] GC(109) Humongous regions: 3->3
[18.891s][info][gc,metaspace   ] GC(109) Metaspace: 16397K(16960K)->16397K(16960K) NonClass: 14034K(14400K)->14034K(14400K) Class: 2363K(2560K)->2363K(2560K)
[18.891s][info][gc             ] GC(109) Pause Young (Normal) (G1 Evacuation Pause) 489M->467M(512M) 1.463ms
[18.891s][info][gc,cpu         ] GC(109) User=0.00s Sys=0.00s Real=0.00s
[18.935s][info][gc,marking     ] GC(107) Concurrent Mark From Roots 131.921ms
[18.935s][info][gc,marking     ] GC(107) Concurrent Preclean
[18.935s][info][gc,marking     ] GC(107) Concurrent Preclean 0.033ms
[18.935s][info][gc,start       ] GC(107) Pause Remark
[18.937s][info][gc             ] GC(107) Pause Remark 489M->489M(512M) 1.072ms
[18.937s][info][gc,cpu         ] GC(107) User=0.00s Sys=0.00s Real=0.00s
[18.937s][info][gc,marking     ] GC(107) Concurrent Mark 133.324ms
[18.937s][info][gc,marking     ] GC(107) Concurrent Rebuild Remembered Sets and Scrub Regions
[18.938s][info][gc,start       ] GC(110) Pause Young (Normal) (G1 Evacuation Pause)
[18.938s][info][gc,task        ] GC(110) Using 12 workers of 33 for evacuation
[18.939s][info][gc,phases      ] GC(110)   Pre Evacuate Collection Set: 0.1ms
[18.939s][info][gc,phases      ] GC(110)   Merge Heap Roots: 0.0ms
[18.939s][info][gc,phases      ] GC(110)   Evacuate Collection Set: 0.9ms
[18.939s][info][gc,phases      ] GC(110)   Post Evacuate Collection Set: 0.2ms
[18.939s][info][gc,phases      ] GC(110)   Other: 0.1ms
[18.939s][info][gc,heap        ] GC(110) Eden regions: 22->0(22)
[18.939s][info][gc,heap        ] GC(110) Survivor regions: 3->3(4)
[18.939s][info][gc,heap        ] GC(110) Old regions: 463->463
[18.939s][info][gc,heap        ] GC(110) Archive regions: 0->0
[18.939s][info][gc,heap        ] GC(110) Humongous regions: 3->3
[18.939s][info][gc,metaspace   ] GC(110) Metaspace: 16397K(16960K)->16397K(16960K) NonClass: 14034K(14400K)->14034K(14400K) Class: 2363K(2560K)->2363K(2560K)
[18.939s][info][gc             ] GC(110) Pause Young (Normal) (G1 Evacuation Pause) 489M->467M(512M) 1.493ms
[18.939s][info][gc,cpu         ] GC(110) User=0.00s Sys=0.00s Real=0.00s
[18.976s][info][gc,marking     ] GC(107) Concurrent Rebuild Remembered Sets and Scrub Regions 39.452ms
[18.976s][info][gc,start       ] GC(107) Pause Cleanup
[18.977s][info][gc             ] GC(107) Pause Cleanup 488M->488M(512M) 0.336ms
[18.977s][info][gc,cpu         ] GC(107) User=0.00s Sys=0.00s Real=0.00s
[18.977s][info][gc,marking     ] GC(107) Concurrent Clear Claimed Marks
[18.977s][info][gc,marking     ] GC(107) Concurrent Clear Claimed Marks 0.020ms
[18.977s][info][gc,marking     ] GC(107) Concurrent Cleanup for Next Mark
[18.977s][info][gc,marking     ] GC(107) Concurrent Cleanup for Next Mark 0.281ms
[18.977s][info][gc             ] GC(107) Concurrent Mark Cycle 183.709ms
[18.979s][info][gc,start       ] GC(111) Pause Young (Prepare Mixed) (G1 Evacuation Pause)
[19.040s][info][gc,task        ] GC(111) Using 12 workers of 33 for evacuation
[19.042s][info][gc,phases      ] GC(111)   Pre Evacuate Collection Set: 0.1ms
[19.042s][info][gc,phases      ] GC(111)   Merge Heap Roots: 0.1ms
[19.042s][info][gc,phases      ] GC(111)   Evacuate Collection Set: 1.5ms
[19.042s][info][gc,phases      ] GC(111)   Post Evacuate Collection Set: 0.3ms
[19.042s][info][gc,phases      ] GC(111)   Other: 0.1ms
[19.042s][info][gc,heap        ] GC(111) Eden regions: 22->0(23)
[19.043s][info][gc,heap        ] GC(111) Survivor regions: 3->2(4)
[19.043s][info][gc,heap        ] GC(111) Old regions: 463->463
[19.043s][info][gc,heap        ] GC(111) Archive regions: 0->0
[19.043s][info][gc,heap        ] GC(111) Humongous regions: 3->3
[19.043s][info][gc,metaspace   ] GC(111) Metaspace: 16397K(16960K)->16397K(16960K) NonClass: 14034K(14400K)->14034K(14400K) Class: 2363K(2560K)->2363K(2560K)
[19.043s][info][gc             ] GC(111) Pause Young (Prepare Mixed) (G1 Evacuation Pause) 489M->466M(512M) 63.820ms
[19.043s][info][gc,cpu         ] GC(111) User=0.02s Sys=0.00s Real=0.06s
[19.091s][info][gc,start       ] GC(112) Pause Young (Mixed) (G1 Evacuation Pause)
[19.091s][info][gc,task        ] GC(112) Using 12 workers of 33 for evacuation
[19.103s][info][gc,phases      ] GC(112)   Pre Evacuate Collection Set: 0.1ms
[19.103s][info][gc,phases      ] GC(112)   Merge Heap Roots: 0.2ms
[19.103s][info][gc,phases      ] GC(112)   Evacuate Collection Set: 11.7ms
[19.103s][info][gc,phases      ] GC(112)   Post Evacuate Collection Set: 0.3ms
[19.103s][info][gc,phases      ] GC(112)   Other: 0.1ms
[19.103s][info][gc,heap        ] GC(112) Eden regions: 23->0(44)
[19.103s][info][gc,heap        ] GC(112) Survivor regions: 2->2(4)
[19.103s][info][gc,heap        ] GC(112) Old regions: 463->434
[19.103s][info][gc,heap        ] GC(112) Archive regions: 0->0
[19.103s][info][gc,heap        ] GC(112) Humongous regions: 3->3
[19.103s][info][gc,metaspace   ] GC(112) Metaspace: 16397K(16960K)->16397K(16960K) NonClass: 14034K(14400K)->14034K(14400K) Class: 2363K(2560K)->2363K(2560K)
[19.103s][info][gc             ] GC(112) Pause Young (Mixed) (G1 Evacuation Pause) 489M->437M(512M) 12.794ms
[19.103s][info][gc,cpu         ] GC(112) User=0.19s Sys=0.00s Real=0.02s
[19.181s][info][gc,start       ] GC(113) Pause Young (Concurrent Start) (G1 Evacuation Pause)
[19.181s][info][gc,task        ] GC(113) Using 12 workers of 33 for evacuation
[19.184s][info][gc,phases      ] GC(113)   Pre Evacuate Collection Set: 0.2ms
[19.184s][info][gc,phases      ] GC(113)   Merge Heap Roots: 0.1ms
[19.184s][info][gc,phases      ] GC(113)   Evacuate Collection Set: 1.1ms
[19.184s][info][gc,phases      ] GC(113)   Post Evacuate Collection Set: 0.6ms
[19.184s][info][gc,phases      ] GC(113)   Other: 0.1ms
[19.184s][info][gc,heap        ] GC(113) Eden regions: 44->0(46)
[19.184s][info][gc,heap        ] GC(113) Survivor regions: 2->1(6)
[19.184s][info][gc,heap        ] GC(113) Old regions: 434->434
[19.184s][info][gc,heap        ] GC(113) Archive regions: 0->0
[19.184s][info][gc,heap        ] GC(113) Humongous regions: 3->3
[19.184s][info][gc,metaspace   ] GC(113) Metaspace: 16476K(16960K)->16476K(16960K) NonClass: 14095K(14400K)->14095K(14400K) Class: 2381K(2560K)->2381K(2560K)
[19.184s][info][gc             ] GC(113) Pause Young (Concurrent Start) (G1 Evacuation Pause) 481M->437M(512M) 2.634ms
[19.184s][info][gc             ] GC(114) Concurrent Mark Cycle
[19.184s][info][gc,cpu         ] GC(113) User=0.00s Sys=0.00s Real=0.00s
[19.184s][info][gc,marking     ] GC(114) Concurrent Scan Root Regions
[19.186s][info][gc,marking     ] GC(114) Concurrent Scan Root Regions 1.915ms
[19.186s][info][gc,marking     ] GC(114) Concurrent Mark
[19.186s][info][gc,marking     ] GC(114) Concurrent Mark From Roots
[19.186s][info][gc,task        ] GC(114) Using 8 workers of 8 for marking
[19.193s][info][gc,marking     ] GC(114) Concurrent Mark From Roots 6.962ms
[19.193s][info][gc,marking     ] GC(114) Concurrent Preclean
[19.193s][info][gc,marking     ] GC(114) Concurrent Preclean 0.074ms
[19.211s][info][gc,start       ] GC(114) Pause Remark
[19.213s][info][gc             ] GC(114) Pause Remark 440M->43M(147M) 1.742ms
[19.213s][info][gc,cpu         ] GC(114) User=0.00s Sys=0.00s Real=0.00s
[19.213s][info][gc,marking     ] GC(114) Concurrent Mark 26.914ms
[19.213s][info][gc,marking     ] GC(114) Concurrent Rebuild Remembered Sets and Scrub Regions
[19.218s][info][gc,marking     ] GC(114) Concurrent Rebuild Remembered Sets and Scrub Regions 4.548ms
[19.219s][info][gc,start       ] GC(114) Pause Cleanup
[19.219s][info][gc             ] GC(114) Pause Cleanup 44M->44M(147M) 0.244ms
[19.219s][info][gc,cpu         ] GC(114) User=0.00s Sys=0.00s Real=0.00s
[19.219s][info][gc,marking     ] GC(114) Concurrent Clear Claimed Marks
[19.219s][info][gc,marking     ] GC(114) Concurrent Clear Claimed Marks 0.111ms
[19.219s][info][gc,marking     ] GC(114) Concurrent Cleanup for Next Mark
[19.220s][info][gc,marking     ] GC(114) Concurrent Cleanup for Next Mark 0.254ms
[19.220s][info][gc             ] GC(114) Concurrent Mark Cycle 35.538ms
[20.503s][info][gc,start       ] GC(115) Pause Young (Prepare Mixed) (G1 Evacuation Pause)
[20.503s][info][gc,task        ] GC(115) Using 7 workers of 33 for evacuation
[20.506s][info][gc,phases      ] GC(115)   Pre Evacuate Collection Set: 0.1ms
[20.506s][info][gc,phases      ] GC(115)   Merge Heap Roots: 0.1ms
[20.506s][info][gc,phases      ] GC(115)   Evacuate Collection Set: 1.7ms
[20.506s][info][gc,phases      ] GC(115)   Post Evacuate Collection Set: 0.6ms
[20.506s][info][gc,phases      ] GC(115)   Other: 0.1ms
[20.506s][info][gc,heap        ] GC(115) Eden regions: 59->0(85)
[20.506s][info][gc,heap        ] GC(115) Survivor regions: 1->3(8)
[20.506s][info][gc,heap        ] GC(115) Old regions: 39->39
[20.506s][info][gc,heap        ] GC(115) Archive regions: 0->0
[20.506s][info][gc,heap        ] GC(115) Humongous regions: 0->0
[20.506s][info][gc,metaspace   ] GC(115) Metaspace: 16849K(17344K)->16849K(17344K) NonClass: 14362K(14656K)->14362K(14656K) Class: 2486K(2688K)->2486K(2688K)
[20.506s][info][gc             ] GC(115) Pause Young (Prepare Mixed) (G1 Evacuation Pause) 98M->41M(147M) 3.122ms
[20.506s][info][gc,cpu         ] GC(115) User=0.00s Sys=0.00s Real=0.00s
[21.039s][info][gc,start       ] GC(116) Pause Full (System.gc())
[21.039s][info][gc,task        ] GC(116) Using 5 workers of 33 for full compaction
[21.039s][info][gc,phases,start] GC(116) Phase 1: Mark live objects
[21.056s][info][gc,phases      ] GC(116) Phase 1: Mark live objects 17.026ms
[21.056s][info][gc,phases,start] GC(116) Phase 2: Prepare compaction
[21.058s][info][gc,phases      ] GC(116) Phase 2: Prepare compaction 1.434ms
[21.058s][info][gc,phases,start] GC(116) Phase 3: Adjust pointers
[21.063s][info][gc,phases      ] GC(116) Phase 3: Adjust pointers 4.687ms
[21.063s][info][gc,phases,start] GC(116) Phase 4: Compact heap
[21.064s][info][gc,phases      ] GC(116) Phase 4: Compact heap 0.972ms
[21.068s][info][gc,heap        ] GC(116) Eden regions: 28->0(26)
[21.068s][info][gc,heap        ] GC(116) Survivor regions: 3->0(8)
[21.068s][info][gc,heap        ] GC(116) Old regions: 39->13
[21.068s][info][gc,heap        ] GC(116) Archive regions: 0->0
[21.068s][info][gc,heap        ] GC(116) Humongous regions: 0->0
[21.068s][info][gc,metaspace   ] GC(116) Metaspace: 16857K(17344K)->16627K(17344K) NonClass: 14367K(14656K)->14207K(14656K) Class: 2489K(2688K)->2420K(2688K)
[21.069s][info][gc             ] GC(116) Pause Full (System.gc()) 68M->10M(44M) 29.584ms
[21.069s][info][gc,cpu         ] GC(116) User=0.03s Sys=0.00s Real=0.01s
[21.891s][info][gc,start       ] GC(117) Pause Young (Concurrent Start) (G1 Evacuation Pause)
[21.891s][info][gc,task        ] GC(117) Using 3 workers of 33 for evacuation
[21.897s][info][gc,phases      ] GC(117)   Pre Evacuate Collection Set: 0.1ms
[21.897s][info][gc,phases      ] GC(117)   Merge Heap Roots: 0.0ms
[21.897s][info][gc,phases      ] GC(117)   Evacuate Collection Set: 4.7ms
[21.897s][info][gc,phases      ] GC(117)   Post Evacuate Collection Set: 0.3ms
[21.897s][info][gc,phases      ] GC(117)   Other: 0.1ms
[21.897s][info][gc,heap        ] GC(117) Eden regions: 26->0(19)
[21.897s][info][gc,heap        ] GC(117) Survivor regions: 0->4(4)
[21.897s][info][gc,heap        ] GC(117) Old regions: 13->14
[21.897s][info][gc,heap        ] GC(117) Archive regions: 0->0
[21.897s][info][gc,heap        ] GC(117) Humongous regions: 0->0
[21.897s][info][gc,metaspace   ] GC(117) Metaspace: 16628K(17344K)->16628K(17344K) NonClass: 14208K(14656K)->14208K(14656K) Class: 2420K(2688K)->2420K(2688K)
[21.897s][info][gc             ] GC(117) Pause Young (Concurrent Start) (G1 Evacuation Pause) 36M->14M(44M) 5.470ms
[21.897s][info][gc             ] GC(118) Concurrent Mark Cycle
[21.897s][info][gc,cpu         ] GC(117) User=0.00s Sys=0.00s Real=0.00s
[21.897s][info][gc,marking     ] GC(118) Concurrent Scan Root Regions
[21.898s][info][gc,marking     ] GC(118) Concurrent Scan Root Regions 1.105ms
[21.898s][info][gc,marking     ] GC(118) Concurrent Mark
[21.898s][info][gc,marking     ] GC(118) Concurrent Mark From Roots
[21.898s][info][gc,task        ] GC(118) Using 8 workers of 8 for marking
[21.902s][info][gc,marking     ] GC(118) Concurrent Mark From Roots 4.275ms
[21.902s][info][gc,marking     ] GC(118) Concurrent Preclean
[21.902s][info][gc,marking     ] GC(118) Concurrent Preclean 0.030ms
[21.902s][info][gc,start       ] GC(118) Pause Remark
[21.904s][info][gc             ] GC(118) Pause Remark 15M->15M(44M) 1.635ms
[21.904s][info][gc,cpu         ] GC(118) User=0.00s Sys=0.00s Real=0.00s
[21.909s][info][gc,marking     ] GC(118) Concurrent Mark 10.656ms
[21.909s][info][gc,marking     ] GC(118) Concurrent Rebuild Remembered Sets and Scrub Regions
[21.910s][info][gc,marking     ] GC(118) Concurrent Rebuild Remembered Sets and Scrub Regions 1.567ms
[21.910s][info][gc,start       ] GC(118) Pause Cleanup
[21.910s][info][gc             ] GC(118) Pause Cleanup 15M->15M(44M) 0.059ms
[21.910s][info][gc,cpu         ] GC(118) User=0.00s Sys=0.00s Real=0.00s
[21.925s][info][gc,marking     ] GC(118) Concurrent Clear Claimed Marks
[21.925s][info][gc,marking     ] GC(118) Concurrent Clear Claimed Marks 0.028ms
[21.925s][info][gc,marking     ] GC(118) Concurrent Cleanup for Next Mark
[21.925s][info][gc,marking     ] GC(118) Concurrent Cleanup for Next Mark 0.138ms
[21.925s][info][gc             ] GC(118) Concurrent Mark Cycle 28.724ms
[22.542s][info][gc,start       ] GC(119) Pause Young (Prepare Mixed) (G1 Evacuation Pause)
[22.542s][info][gc,task        ] GC(119) Using 2 workers of 33 for evacuation
[22.568s][info][gc,phases      ] GC(119)   Pre Evacuate Collection Set: 0.1ms
[22.568s][info][gc,phases      ] GC(119)   Merge Heap Roots: 0.1ms
[22.568s][info][gc,phases      ] GC(119)   Evacuate Collection Set: 25.6ms
[22.568s][info][gc,phases      ] GC(119)   Post Evacuate Collection Set: 0.5ms
[22.568s][info][gc,phases      ] GC(119)   Other: 0.1ms
[22.568s][info][gc,heap        ] GC(119) Eden regions: 19->0(16)
[22.568s][info][gc,heap        ] GC(119) Survivor regions: 4->3(3)
[22.568s][info][gc,heap        ] GC(119) Old regions: 14->19
[22.568s][info][gc,heap        ] GC(119) Archive regions: 0->0
[22.568s][info][gc,heap        ] GC(119) Humongous regions: 0->0
[22.569s][info][gc,metaspace   ] GC(119) Metaspace: 16628K(17344K)->16628K(17344K) NonClass: 14208K(14656K)->14208K(14656K) Class: 2420K(2688K)->2420K(2688K)
[22.569s][info][gc             ] GC(119) Pause Young (Prepare Mixed) (G1 Evacuation Pause) 33M->19M(45M) 26.887ms
[22.569s][info][gc,cpu         ] GC(119) User=0.05s Sys=0.00s Real=0.03s
[23.768s][info][gc,start       ] GC(120) Pause Young (Mixed) (G1 Evacuation Pause)
[23.768s][info][gc,task        ] GC(120) Using 2 workers of 33 for evacuation
[23.845s][info][gc,phases      ] GC(120)   Pre Evacuate Collection Set: 0.1ms
[23.845s][info][gc,phases      ] GC(120)   Merge Heap Roots: 0.3ms
[23.845s][info][gc,phases      ] GC(120)   Evacuate Collection Set: 76.3ms
[23.845s][info][gc,phases      ] GC(120)   Post Evacuate Collection Set: 0.3ms
[23.845s][info][gc,phases      ] GC(120)   Other: 0.1ms
[23.845s][info][gc,heap        ] GC(120) Eden regions: 16->0(7)
[23.845s][info][gc,heap        ] GC(120) Survivor regions: 3->3(3)
[23.845s][info][gc,heap        ] GC(120) Old regions: 19->34
[23.845s][info][gc,heap        ] GC(120) Archive regions: 0->0
[23.845s][info][gc,heap        ] GC(120) Humongous regions: 0->0
[23.846s][info][gc,metaspace   ] GC(120) Metaspace: 16628K(17344K)->16628K(17344K) NonClass: 14208K(14656K)->14208K(14656K) Class: 2420K(2688K)->2420K(2688K)
[23.846s][info][gc             ] GC(120) Pause Young (Mixed) (G1 Evacuation Pause) 35M->35M(57M) 77.600ms
[23.846s][info][gc,cpu         ] GC(120) User=0.13s Sys=0.00s Real=0.06s
[24.553s][info][gc,start       ] GC(121) Pause Young (Concurrent Start) (G1 Evacuation Pause)
[24.553s][info][gc,task        ] GC(121) Using 2 workers of 33 for evacuation
[24.571s][info][gc,phases      ] GC(121)   Pre Evacuate Collection Set: 0.2ms
[24.617s][info][gc,phases      ] GC(121)   Merge Heap Roots: 0.1ms
[24.617s][info][gc,phases      ] GC(121)   Evacuate Collection Set: 16.4ms
[24.617s][info][gc,phases      ] GC(121)   Post Evacuate Collection Set: 0.4ms
[24.617s][info][gc,phases      ] GC(121)   Other: 0.2ms
[24.617s][info][gc,heap        ] GC(121) Eden regions: 7->0(4)
[24.617s][info][gc,heap        ] GC(121) Survivor regions: 3->2(2)
[24.617s][info][gc,heap        ] GC(121) Old regions: 34->41
[24.618s][info][gc,heap        ] GC(121) Archive regions: 0->0
[24.618s][info][gc,heap        ] GC(121) Humongous regions: 0->0
[24.618s][info][gc,metaspace   ] GC(121) Metaspace: 16630K(17344K)->16630K(17344K) NonClass: 14209K(14656K)->14209K(14656K) Class: 2420K(2688K)->2420K(2688K)
[24.618s][info][gc             ] GC(121) Pause Young (Concurrent Start) (G1 Evacuation Pause) 42M->41M(57M) 64.520ms
[24.618s][info][gc             ] GC(122) Concurrent Mark Cycle
[24.618s][info][gc,cpu         ] GC(121) User=0.06s Sys=0.00s Real=0.07s
[24.618s][info][gc,marking     ] GC(122) Concurrent Scan Root Regions
[24.621s][info][gc,start       ] GC(123) Pause Young (Normal) (G1 Evacuation Pause)
[24.621s][info][gc,marking     ] GC(122) Concurrent Scan Root Regions 2.881ms
[24.621s][info][gc,task        ] GC(123) Using 2 workers of 33 for evacuation
[24.621s][info][gc,marking     ] GC(122) Concurrent Mark
[24.621s][info][gc,marking     ] GC(122) Concurrent Mark From Roots
[24.621s][info][gc,task        ] GC(122) Using 8 workers of 8 for marking
[24.632s][info][gc,phases      ] GC(123)   Pre Evacuate Collection Set: 0.1ms
[24.632s][info][gc,phases      ] GC(123)   Merge Heap Roots: 0.1ms
[24.632s][info][gc,phases      ] GC(123)   Evacuate Collection Set: 7.4ms
[24.632s][info][gc,phases      ] GC(123)   Post Evacuate Collection Set: 3.9ms
[24.632s][info][gc,phases      ] GC(123)   Other: 0.2ms
[24.632s][info][gc,heap        ] GC(123) Eden regions: 4->0(104)
[24.633s][info][gc,heap        ] GC(123) Survivor regions: 2->1(1)
[24.633s][info][gc,heap        ] GC(123) Old regions: 41->44
[24.633s][info][gc,heap        ] GC(123) Archive regions: 0->0
[24.633s][info][gc,heap        ] GC(123) Humongous regions: 0->0
[24.633s][info][gc,metaspace   ] GC(123) Metaspace: 16630K(17344K)->16630K(17344K) NonClass: 14209K(14656K)->14209K(14656K) Class: 2420K(2688K)->2420K(2688K)
[24.633s][info][gc             ] GC(123) Pause Young (Normal) (G1 Evacuation Pause) 45M->42M(285M) 12.155ms
[24.633s][info][gc,cpu         ] GC(123) User=0.00s Sys=0.00s Real=0.00s
[24.655s][info][gc,marking     ] GC(122) Concurrent Mark From Roots 33.784ms
[24.655s][info][gc,marking     ] GC(122) Concurrent Preclean
[24.655s][info][gc,marking     ] GC(122) Concurrent Preclean 0.046ms
[24.655s][info][gc,start       ] GC(122) Pause Remark
[24.658s][info][gc             ] GC(122) Pause Remark 55M->53M(187M) 3.395ms
[24.658s][info][gc,cpu         ] GC(122) User=0.00s Sys=0.00s Real=0.00s
[24.659s][info][gc,marking     ] GC(122) Concurrent Mark 37.850ms
[24.659s][info][gc,marking     ] GC(122) Concurrent Rebuild Remembered Sets and Scrub Regions
[24.663s][info][gc,marking     ] GC(122) Concurrent Rebuild Remembered Sets and Scrub Regions 4.562ms
[24.663s][info][gc,start       ] GC(122) Pause Cleanup
[24.664s][info][gc             ] GC(122) Pause Cleanup 56M->56M(187M) 0.133ms
[24.664s][info][gc,cpu         ] GC(122) User=0.00s Sys=0.00s Real=0.00s
[24.664s][info][gc,marking     ] GC(122) Concurrent Clear Claimed Marks
[24.664s][info][gc,marking     ] GC(122) Concurrent Clear Claimed Marks 0.062ms
[24.664s][info][gc,marking     ] GC(122) Concurrent Cleanup for Next Mark
[24.666s][info][gc,marking     ] GC(122) Concurrent Cleanup for Next Mark 1.328ms
[24.666s][info][gc             ] GC(122) Concurrent Mark Cycle 48.171ms
[24.761s][info][gc,start       ] GC(124) Pause Young (Prepare Mixed) (G1 Evacuation Pause)
[24.761s][info][gc,task        ] GC(124) Using 4 workers of 33 for evacuation
[24.763s][info][gc,phases      ] GC(124)   Pre Evacuate Collection Set: 0.1ms
[24.763s][info][gc,phases      ] GC(124)   Merge Heap Roots: 0.1ms
[24.763s][info][gc,phases      ] GC(124)   Evacuate Collection Set: 1.3ms
[24.763s][info][gc,phases      ] GC(124)   Post Evacuate Collection Set: 0.2ms
[24.763s][info][gc,phases      ] GC(124)   Other: 0.1ms
[24.763s][info][gc,heap        ] GC(124) Eden regions: 104->0(70)
[24.763s][info][gc,heap        ] GC(124) Survivor regions: 1->1(14)
[24.763s][info][gc,heap        ] GC(124) Old regions: 42->42
[24.763s][info][gc,heap        ] GC(124) Archive regions: 0->0
[24.763s][info][gc,heap        ] GC(124) Humongous regions: 0->0
[24.763s][info][gc,metaspace   ] GC(124) Metaspace: 16630K(17344K)->16630K(17344K) NonClass: 14209K(14656K)->14209K(14656K) Class: 2420K(2688K)->2420K(2688K)
[24.763s][info][gc             ] GC(124) Pause Young (Prepare Mixed) (G1 Evacuation Pause) 144M->40M(187M) 1.816ms
[24.763s][info][gc,cpu         ] GC(124) User=0.00s Sys=0.00s Real=0.00s
[24.770s][info][gc,start       ] GC(125) Pause Young (Mixed) (G1 Evacuation Pause)
[24.770s][info][gc,task        ] GC(125) Using 4 workers of 33 for evacuation
[24.772s][info][gc,phases      ] GC(125)   Pre Evacuate Collection Set: 0.1ms
[24.772s][info][gc,phases      ] GC(125)   Merge Heap Roots: 0.0ms
[24.772s][info][gc,phases      ] GC(125)   Evacuate Collection Set: 1.2ms
[24.772s][info][gc,phases      ] GC(125)   Post Evacuate Collection Set: 0.2ms
[24.772s][info][gc,phases      ] GC(125)   Other: 0.1ms
[24.772s][info][gc,heap        ] GC(125) Eden regions: 70->0(78)
[24.772s][info][gc,heap        ] GC(125) Survivor regions: 1->2(9)
[24.772s][info][gc,heap        ] GC(125) Old regions: 42->41
[24.772s][info][gc,heap        ] GC(125) Archive regions: 0->0
[24.772s][info][gc,heap        ] GC(125) Humongous regions: 0->0
[24.772s][info][gc,metaspace   ] GC(125) Metaspace: 16630K(17344K)->16630K(17344K) NonClass: 14209K(14656K)->14209K(14656K) Class: 2420K(2688K)->2420K(2688K)
[24.772s][info][gc             ] GC(125) Pause Young (Mixed) (G1 Evacuation Pause) 110M->39M(187M) 1.715ms
[24.772s][info][gc,cpu         ] GC(125) User=0.00s Sys=0.00s Real=0.00s
[24.780s][info][gc,start       ] GC(126) Pause Young (Concurrent Start) (G1 Evacuation Pause)
[24.780s][info][gc,task        ] GC(126) Using 4 workers of 33 for evacuation
[24.782s][info][gc,phases      ] GC(126)   Pre Evacuate Collection Set: 0.1ms
[24.782s][info][gc,phases      ] GC(126)   Merge Heap Roots: 0.0ms
[24.782s][info][gc,phases      ] GC(126)   Evacuate Collection Set: 1.2ms
[24.782s][info][gc,phases      ] GC(126)   Post Evacuate Collection Set: 0.2ms
[24.782s][info][gc,phases      ] GC(126)   Other: 0.1ms
[24.782s][info][gc,heap        ] GC(126) Eden regions: 78->0(86)
[24.782s][info][gc,heap        ] GC(126) Survivor regions: 2->2(10)
[24.782s][info][gc,heap        ] GC(126) Old regions: 41->41
[24.782s][info][gc,heap        ] GC(126) Archive regions: 0->0
[24.782s][info][gc,heap        ] GC(126) Humongous regions: 0->0
[24.782s][info][gc,metaspace   ] GC(126) Metaspace: 16630K(17344K)->16630K(17344K) NonClass: 14209K(14656K)->14209K(14656K) Class: 2420K(2688K)->2420K(2688K)
[24.782s][info][gc             ] GC(126) Pause Young (Concurrent Start) (G1 Evacuation Pause) 117M->39M(187M) 1.895ms
[24.782s][info][gc             ] GC(127) Concurrent Mark Cycle
[24.782s][info][gc,cpu         ] GC(126) User=0.00s Sys=0.00s Real=0.00s
[24.782s][info][gc,marking     ] GC(127) Concurrent Scan Root Regions
[24.784s][info][gc,marking     ] GC(127) Concurrent Scan Root Regions 2.138ms
[24.784s][info][gc,marking     ] GC(127) Concurrent Mark
[24.784s][info][gc,marking     ] GC(127) Concurrent Mark From Roots
[24.784s][info][gc,task        ] GC(127) Using 8 workers of 8 for marking
[24.790s][info][gc,marking     ] GC(127) Concurrent Mark From Roots 5.309ms
[24.790s][info][gc,marking     ] GC(127) Concurrent Preclean
[24.790s][info][gc,marking     ] GC(127) Concurrent Preclean 0.041ms
[24.790s][info][gc,start       ] GC(127) Pause Remark
[24.791s][info][gc             ] GC(127) Pause Remark 110M->90M(187M) 1.355ms
[24.791s][info][gc,cpu         ] GC(127) User=0.00s Sys=0.00s Real=0.00s
[24.791s][info][gc,marking     ] GC(127) Concurrent Mark 7.020ms
[24.791s][info][gc,marking     ] GC(127) Concurrent Rebuild Remembered Sets and Scrub Regions
[24.793s][info][gc,start       ] GC(128) Pause Young (Normal) (G1 Evacuation Pause)
[24.793s][info][gc,task        ] GC(128) Using 4 workers of 33 for evacuation
[24.795s][info][gc,phases      ] GC(128)   Pre Evacuate Collection Set: 0.1ms
[24.795s][info][gc,phases      ] GC(128)   Merge Heap Roots: 0.0ms
[24.795s][info][gc,phases      ] GC(128)   Evacuate Collection Set: 1.2ms
[24.795s][info][gc,phases      ] GC(128)   Post Evacuate Collection Set: 0.2ms
[24.795s][info][gc,phases      ] GC(128)   Other: 0.1ms
[24.795s][info][gc,heap        ] GC(128) Eden regions: 86->0(104)
[24.795s][info][gc,heap        ] GC(128) Survivor regions: 2->2(11)
[24.795s][info][gc,heap        ] GC(128) Old regions: 21->21
[24.795s][info][gc,heap        ] GC(128) Archive regions: 0->0
[24.795s][info][gc,heap        ] GC(128) Humongous regions: 0->0
[24.795s][info][gc,metaspace   ] GC(128) Metaspace: 16630K(17344K)->16630K(17344K) NonClass: 14209K(14656K)->14209K(14656K) Class: 2420K(2688K)->2420K(2688K)
[24.795s][info][gc             ] GC(128) Pause Young (Normal) (G1 Evacuation Pause) 105M->19M(187M) 1.771ms
[24.795s][info][gc,cpu         ] GC(128) User=0.00s Sys=0.00s Real=0.00s
[24.796s][info][gc,marking     ] GC(127) Concurrent Rebuild Remembered Sets and Scrub Regions 4.375ms
[24.796s][info][gc,start       ] GC(127) Pause Cleanup
[24.796s][info][gc             ] GC(127) Pause Cleanup 28M->28M(187M) 0.110ms
[24.796s][info][gc,cpu         ] GC(127) User=0.00s Sys=0.00s Real=0.00s
[24.796s][info][gc,marking     ] GC(127) Concurrent Clear Claimed Marks
[24.796s][info][gc,marking     ] GC(127) Concurrent Clear Claimed Marks 0.044ms
[24.796s][info][gc,marking     ] GC(127) Concurrent Cleanup for Next Mark
[24.796s][info][gc,marking     ] GC(127) Concurrent Cleanup for Next Mark 0.454ms
[24.796s][info][gc             ] GC(127) Concurrent Mark Cycle 14.493ms
[24.806s][info][gc,start       ] GC(129) Pause Young (Prepare Mixed) (G1 Evacuation Pause)
[24.806s][info][gc,task        ] GC(129) Using 4 workers of 33 for evacuation
[24.808s][info][gc,phases      ] GC(129)   Pre Evacuate Collection Set: 0.1ms
[24.808s][info][gc,phases      ] GC(129)   Merge Heap Roots: 0.0ms
[24.808s][info][gc,phases      ] GC(129)   Evacuate Collection Set: 1.2ms
[24.808s][info][gc,phases      ] GC(129)   Post Evacuate Collection Set: 0.3ms
[24.808s][info][gc,phases      ] GC(129)   Other: 0.1ms
[24.808s][info][gc,heap        ] GC(129) Eden regions: 104->0(110)
[24.808s][info][gc,heap        ] GC(129) Survivor regions: 2->2(14)
[24.808s][info][gc,heap        ] GC(129) Old regions: 21->21
[24.808s][info][gc,heap        ] GC(129) Archive regions: 0->0
[24.808s][info][gc,heap        ] GC(129) Humongous regions: 0->0
[24.808s][info][gc,metaspace   ] GC(129) Metaspace: 16630K(17344K)->16630K(17344K) NonClass: 14209K(14656K)->14209K(14656K) Class: 2420K(2688K)->2420K(2688K)
[24.808s][info][gc             ] GC(129) Pause Young (Prepare Mixed) (G1 Evacuation Pause) 123M->19M(187M) 1.796ms
[24.808s][info][gc,cpu         ] GC(129) User=0.00s Sys=0.00s Real=0.00s
[24.820s][info][gc,start       ] GC(130) Pause Young (Mixed) (G1 Evacuation Pause)
[24.820s][info][gc,task        ] GC(130) Using 4 workers of 33 for evacuation
[24.822s][info][gc,phases      ] GC(130)   Pre Evacuate Collection Set: 0.1ms
[24.822s][info][gc,phases      ] GC(130)   Merge Heap Roots: 0.0ms
[24.822s][info][gc,phases      ] GC(130)   Evacuate Collection Set: 1.3ms
[24.822s][info][gc,phases      ] GC(130)   Post Evacuate Collection Set: 0.6ms
[24.822s][info][gc,phases      ] GC(130)   Other: 0.1ms
[24.822s][info][gc,heap        ] GC(130) Eden regions: 110->0(145)
[24.822s][info][gc,heap        ] GC(130) Survivor regions: 2->2(14)
[24.822s][info][gc,heap        ] GC(130) Old regions: 21->19
[24.822s][info][gc,heap        ] GC(130) Archive regions: 0->0
[24.822s][info][gc,heap        ] GC(130) Humongous regions: 0->0
[24.822s][info][gc,metaspace   ] GC(130) Metaspace: 16632K(17344K)->16632K(17344K) NonClass: 14212K(14656K)->14212K(14656K) Class: 2420K(2688K)->2420K(2688K)
[24.822s][info][gc             ] GC(130) Pause Young (Mixed) (G1 Evacuation Pause) 129M->17M(246M) 2.235ms
[24.822s][info][gc,cpu         ] GC(130) User=0.00s Sys=0.00s Real=0.00s
[24.863s][info][gc,start       ] GC(131) Pause Young (Concurrent Start) (G1 Evacuation Pause)
[24.863s][info][gc,task        ] GC(131) Using 5 workers of 33 for evacuation
[24.865s][info][gc,phases      ] GC(131)   Pre Evacuate Collection Set: 0.2ms
[24.865s][info][gc,phases      ] GC(131)   Merge Heap Roots: 0.0ms
[24.865s][info][gc,phases      ] GC(131)   Evacuate Collection Set: 1.1ms
[24.865s][info][gc,phases      ] GC(131)   Post Evacuate Collection Set: 0.3ms
[24.865s][info][gc,phases      ] GC(131)   Other: 0.1ms
[24.865s][info][gc,heap        ] GC(131) Eden regions: 145->0(145)
[24.865s][info][gc,heap        ] GC(131) Survivor regions: 2->2(19)
[24.865s][info][gc,heap        ] GC(131) Old regions: 19->19
[24.865s][info][gc,heap        ] GC(131) Archive regions: 0->0
[24.865s][info][gc,heap        ] GC(131) Humongous regions: 0->0
[24.865s][info][gc,metaspace   ] GC(131) Metaspace: 16632K(17344K)->16632K(17344K) NonClass: 14212K(14656K)->14212K(14656K) Class: 2420K(2688K)->2420K(2688K)
[24.865s][info][gc             ] GC(131) Pause Young (Concurrent Start) (G1 Evacuation Pause) 162M->17M(246M) 1.808ms
[24.865s][info][gc,cpu         ] GC(131) User=0.00s Sys=0.00s Real=0.00s
[24.865s][info][gc             ] GC(132) Concurrent Mark Cycle
[24.865s][info][gc,marking     ] GC(132) Concurrent Scan Root Regions
[24.866s][info][gc,marking     ] GC(132) Concurrent Scan Root Regions 1.185ms
[24.866s][info][gc,marking     ] GC(132) Concurrent Mark
[24.866s][info][gc,marking     ] GC(132) Concurrent Mark From Roots
[24.866s][info][gc,task        ] GC(132) Using 8 workers of 8 for marking
[24.871s][info][gc,marking     ] GC(132) Concurrent Mark From Roots 4.443ms
[24.871s][info][gc,marking     ] GC(132) Concurrent Preclean
[24.871s][info][gc,marking     ] GC(132) Concurrent Preclean 0.043ms
[24.871s][info][gc,start       ] GC(132) Pause Remark
[24.872s][info][gc             ] GC(132) Pause Remark 64M->64M(227M) 1.263ms
[24.872s][info][gc,cpu         ] GC(132) User=0.00s Sys=0.00s Real=0.00s
[24.872s][info][gc,marking     ] GC(132) Concurrent Mark 6.198ms
[24.873s][info][gc,marking     ] GC(132) Concurrent Rebuild Remembered Sets and Scrub Regions
[24.875s][info][gc,marking     ] GC(132) Concurrent Rebuild Remembered Sets and Scrub Regions 2.895ms
[24.876s][info][gc,start       ] GC(132) Pause Cleanup
[24.876s][info][gc             ] GC(132) Pause Cleanup 92M->92M(227M) 0.108ms
[24.876s][info][gc,cpu         ] GC(132) User=0.00s Sys=0.00s Real=0.00s
[24.876s][info][gc,marking     ] GC(132) Concurrent Clear Claimed Marks
[24.876s][info][gc,marking     ] GC(132) Concurrent Clear Claimed Marks 0.053ms
[24.876s][info][gc,marking     ] GC(132) Concurrent Cleanup for Next Mark
[24.877s][info][gc,marking     ] GC(132) Concurrent Cleanup for Next Mark 0.662ms
[24.877s][info][gc             ] GC(132) Concurrent Mark Cycle 11.606ms
[24.884s][info][gc,start       ] GC(133) Pause Young (Prepare Mixed) (G1 Evacuation Pause)
[24.884s][info][gc,task        ] GC(133) Using 5 workers of 33 for evacuation
[24.885s][info][gc,phases      ] GC(133)   Pre Evacuate Collection Set: 0.1ms
[24.885s][info][gc,phases      ] GC(133)   Merge Heap Roots: 0.1ms
[24.885s][info][gc,phases      ] GC(133)   Evacuate Collection Set: 1.1ms
[24.885s][info][gc,phases      ] GC(133)   Post Evacuate Collection Set: 0.3ms
[24.885s][info][gc,phases      ] GC(133)   Other: 0.1ms
[24.885s][info][gc,heap        ] GC(133) Eden regions: 145->0(134)
[24.885s][info][gc,heap        ] GC(133) Survivor regions: 2->2(19)
[24.885s][info][gc,heap        ] GC(133) Old regions: 19->19
[24.885s][info][gc,heap        ] GC(133) Archive regions: 0->0
[24.885s][info][gc,heap        ] GC(133) Humongous regions: 0->0
[24.885s][info][gc,metaspace   ] GC(133) Metaspace: 16632K(17344K)->16632K(17344K) NonClass: 14212K(14656K)->14212K(14656K) Class: 2420K(2688K)->2420K(2688K)
[24.885s][info][gc             ] GC(133) Pause Young (Prepare Mixed) (G1 Evacuation Pause) 162M->17M(227M) 1.750ms
[24.885s][info][gc,cpu         ] GC(133) User=0.00s Sys=0.00s Real=0.00s
[24.900s][info][gc,start       ] GC(134) Pause Young (Mixed) (G1 Evacuation Pause)
[24.900s][info][gc,task        ] GC(134) Using 5 workers of 33 for evacuation
[24.901s][info][gc,phases      ] GC(134)   Pre Evacuate Collection Set: 0.1ms
[24.901s][info][gc,phases      ] GC(134)   Merge Heap Roots: 0.0ms
[24.901s][info][gc,phases      ] GC(134)   Evacuate Collection Set: 1.1ms
[24.901s][info][gc,phases      ] GC(134)   Post Evacuate Collection Set: 0.3ms
[24.901s][info][gc,phases      ] GC(134)   Other: 0.1ms
[24.901s][info][gc,heap        ] GC(134) Eden regions: 134->0(134)
[24.901s][info][gc,heap        ] GC(134) Survivor regions: 2->2(17)
[24.901s][info][gc,heap        ] GC(134) Old regions: 19->18
[24.901s][info][gc,heap        ] GC(134) Archive regions: 0->0
[24.901s][info][gc,heap        ] GC(134) Humongous regions: 0->0
[24.901s][info][gc,metaspace   ] GC(134) Metaspace: 16632K(17344K)->16632K(17344K) NonClass: 14212K(14656K)->14212K(14656K) Class: 2420K(2688K)->2420K(2688K)
[24.901s][info][gc             ] GC(134) Pause Young (Mixed) (G1 Evacuation Pause) 151M->16M(227M) 1.694ms
[24.901s][info][gc,cpu         ] GC(134) User=0.00s Sys=0.00s Real=0.00s
[24.916s][info][gc,start       ] GC(135) Pause Young (Concurrent Start) (G1 Evacuation Pause)
[24.916s][info][gc,task        ] GC(135) Using 5 workers of 33 for evacuation
[24.918s][info][gc,phases      ] GC(135)   Pre Evacuate Collection Set: 0.2ms
[24.918s][info][gc,phases      ] GC(135)   Merge Heap Roots: 0.0ms
[24.918s][info][gc,phases      ] GC(135)   Evacuate Collection Set: 1.1ms
[24.918s][info][gc,phases      ] GC(135)   Post Evacuate Collection Set: 0.3ms
[24.918s][info][gc,phases      ] GC(135)   Other: 0.1ms
[24.918s][info][gc,heap        ] GC(135) Eden regions: 134->0(134)
[24.918s][info][gc,heap        ] GC(135) Survivor regions: 2->2(17)
[24.918s][info][gc,heap        ] GC(135) Old regions: 18->18
[24.918s][info][gc,heap        ] GC(135) Archive regions: 0->0
[24.918s][info][gc,heap        ] GC(135) Humongous regions: 0->0
[24.918s][info][gc,metaspace   ] GC(135) Metaspace: 16632K(17344K)->16632K(17344K) NonClass: 14212K(14656K)->14212K(14656K) Class: 2420K(2688K)->2420K(2688K)
[24.918s][info][gc             ] GC(135) Pause Young (Concurrent Start) (G1 Evacuation Pause) 150M->16M(227M) 1.855ms
[24.918s][info][gc             ] GC(136) Concurrent Mark Cycle
[24.918s][info][gc,cpu         ] GC(135) User=0.02s Sys=0.00s Real=0.02s
[24.918s][info][gc,marking     ] GC(136) Concurrent Scan Root Regions
[24.919s][info][gc,marking     ] GC(136) Concurrent Scan Root Regions 0.935ms
[24.919s][info][gc,marking     ] GC(136) Concurrent Mark
[24.919s][info][gc,marking     ] GC(136) Concurrent Mark From Roots
[24.919s][info][gc,task        ] GC(136) Using 8 workers of 8 for marking
[24.924s][info][gc,marking     ] GC(136) Concurrent Mark From Roots 5.239ms
[24.924s][info][gc,marking     ] GC(136) Concurrent Preclean
[24.924s][info][gc,marking     ] GC(136) Concurrent Preclean 0.049ms
[24.924s][info][gc,start       ] GC(136) Pause Remark
[24.926s][info][gc             ] GC(136) Pause Remark 67M->67M(227M) 1.212ms
[24.926s][info][gc,cpu         ] GC(136) User=0.00s Sys=0.00s Real=0.00s
[24.926s][info][gc,marking     ] GC(136) Concurrent Mark 6.839ms
[24.926s][info][gc,marking     ] GC(136) Concurrent Rebuild Remembered Sets and Scrub Regions
[24.929s][info][gc,marking     ] GC(136) Concurrent Rebuild Remembered Sets and Scrub Regions 2.943ms
[24.929s][info][gc,start       ] GC(136) Pause Cleanup
[24.929s][info][gc             ] GC(136) Pause Cleanup 94M->94M(227M) 0.096ms
[24.929s][info][gc,cpu         ] GC(136) User=0.00s Sys=0.00s Real=0.00s
[24.929s][info][gc,marking     ] GC(136) Concurrent Clear Claimed Marks
[24.929s][info][gc,marking     ] GC(136) Concurrent Clear Claimed Marks 0.072ms
[24.929s][info][gc,marking     ] GC(136) Concurrent Cleanup for Next Mark
[24.930s][info][gc,marking     ] GC(136) Concurrent Cleanup for Next Mark 0.485ms
[24.930s][info][gc             ] GC(136) Concurrent Mark Cycle 11.990ms
[24.935s][info][gc,start       ] GC(137) Pause Young (Prepare Mixed) (G1 Evacuation Pause)
[24.935s][info][gc,task        ] GC(137) Using 5 workers of 33 for evacuation
[24.937s][info][gc,phases      ] GC(137)   Pre Evacuate Collection Set: 0.1ms
[24.937s][info][gc,phases      ] GC(137)   Merge Heap Roots: 0.0ms
[24.937s][info][gc,phases      ] GC(137)   Evacuate Collection Set: 1.0ms
[24.937s][info][gc,phases      ] GC(137)   Post Evacuate Collection Set: 0.3ms
[24.937s][info][gc,phases      ] GC(137)   Other: 0.1ms
[24.937s][info][gc,heap        ] GC(137) Eden regions: 134->0(134)
[24.937s][info][gc,heap        ] GC(137) Survivor regions: 2->2(17)
[24.937s][info][gc,heap        ] GC(137) Old regions: 18->18
[24.937s][info][gc,heap        ] GC(137) Archive regions: 0->0
[24.937s][info][gc,heap        ] GC(137) Humongous regions: 0->0
[24.937s][info][gc,metaspace   ] GC(137) Metaspace: 16632K(17344K)->16632K(17344K) NonClass: 14212K(14656K)->14212K(14656K) Class: 2420K(2688K)->2420K(2688K)
[24.937s][info][gc             ] GC(137) Pause Young (Prepare Mixed) (G1 Evacuation Pause) 150M->16M(227M) 1.657ms
[24.937s][info][gc,cpu         ] GC(137) User=0.00s Sys=0.00s Real=0.00s
[24.951s][info][gc,start       ] GC(138) Pause Young (Mixed) (G1 Evacuation Pause)
[24.951s][info][gc,task        ] GC(138) Using 5 workers of 33 for evacuation
[24.953s][info][gc,phases      ] GC(138)   Pre Evacuate Collection Set: 0.1ms
[24.953s][info][gc,phases      ] GC(138)   Merge Heap Roots: 0.0ms
[24.953s][info][gc,phases      ] GC(138)   Evacuate Collection Set: 1.1ms
[24.953s][info][gc,phases      ] GC(138)   Post Evacuate Collection Set: 0.7ms
[24.953s][info][gc,phases      ] GC(138)   Other: 0.1ms
[24.953s][info][gc,heap        ] GC(138) Eden regions: 134->0(168)
[24.953s][info][gc,heap        ] GC(138) Survivor regions: 2->2(17)
[24.953s][info][gc,heap        ] GC(138) Old regions: 18->16
[24.953s][info][gc,heap        ] GC(138) Archive regions: 0->0
[24.953s][info][gc,heap        ] GC(138) Humongous regions: 0->0
[24.953s][info][gc,metaspace   ] GC(138) Metaspace: 16632K(17344K)->16632K(17344K) NonClass: 14212K(14656K)->14212K(14656K) Class: 2420K(2688K)->2420K(2688K)
[24.953s][info][gc             ] GC(138) Pause Young (Mixed) (G1 Evacuation Pause) 150M->14M(284M) 2.188ms
[24.953s][info][gc,cpu         ] GC(138) User=0.00s Sys=0.00s Real=0.00s
[24.988s][info][gc,start       ] GC(139) Pause Young (Concurrent Start) (G1 Evacuation Pause)
[24.989s][info][gc,task        ] GC(139) Using 6 workers of 33 for evacuation
[24.990s][info][gc,phases      ] GC(139)   Pre Evacuate Collection Set: 0.2ms
[24.990s][info][gc,phases      ] GC(139)   Merge Heap Roots: 0.0ms
[24.990s][info][gc,phases      ] GC(139)   Evacuate Collection Set: 0.9ms
[24.990s][info][gc,phases      ] GC(139)   Post Evacuate Collection Set: 0.3ms
[24.990s][info][gc,phases      ] GC(139)   Other: 0.1ms
[24.990s][info][gc,heap        ] GC(139) Eden regions: 168->0(168)
[24.990s][info][gc,heap        ] GC(139) Survivor regions: 2->2(22)
[24.990s][info][gc,heap        ] GC(139) Old regions: 16->16
[24.990s][info][gc,heap        ] GC(139) Archive regions: 0->0
[24.990s][info][gc,heap        ] GC(139) Humongous regions: 0->0
[24.990s][info][gc,metaspace   ] GC(139) Metaspace: 16632K(17344K)->16632K(17344K) NonClass: 14212K(14656K)->14212K(14656K) Class: 2420K(2688K)->2420K(2688K)
[24.990s][info][gc             ] GC(139) Pause Young (Concurrent Start) (G1 Evacuation Pause) 182M->14M(284M) 1.730ms
[24.990s][info][gc,cpu         ] GC(139) User=0.00s Sys=0.00s Real=0.00s
[24.990s][info][gc             ] GC(140) Concurrent Mark Cycle
[24.990s][info][gc,marking     ] GC(140) Concurrent Scan Root Regions
[24.992s][info][gc,marking     ] GC(140) Concurrent Scan Root Regions 1.809ms
[24.992s][info][gc,marking     ] GC(140) Concurrent Mark
[24.992s][info][gc,marking     ] GC(140) Concurrent Mark From Roots
[24.992s][info][gc,task        ] GC(140) Using 8 workers of 8 for marking
[24.997s][info][gc,marking     ] GC(140) Concurrent Mark From Roots 4.482ms
[24.997s][info][gc,marking     ] GC(140) Concurrent Preclean
[24.997s][info][gc,marking     ] GC(140) Concurrent Preclean 0.044ms
[24.997s][info][gc,start       ] GC(140) Pause Remark
[24.998s][info][gc             ] GC(140) Pause Remark 70M->70M(247M) 1.175ms
[24.998s][info][gc,cpu         ] GC(140) User=0.00s Sys=0.00s Real=0.00s
[24.998s][info][gc,marking     ] GC(140) Concurrent Mark 6.044ms
[24.998s][info][gc,marking     ] GC(140) Concurrent Rebuild Remembered Sets and Scrub Regions
[25.001s][info][gc,marking     ] GC(140) Concurrent Rebuild Remembered Sets and Scrub Regions 2.742ms
[25.001s][info][gc,start       ] GC(140) Pause Cleanup
[25.001s][info][gc             ] GC(140) Pause Cleanup 96M->96M(247M) 0.099ms
[25.001s][info][gc,cpu         ] GC(140) User=0.00s Sys=0.00s Real=0.00s
[25.001s][info][gc,marking     ] GC(140) Concurrent Clear Claimed Marks
[25.001s][info][gc,marking     ] GC(140) Concurrent Clear Claimed Marks 0.049ms
[25.001s][info][gc,marking     ] GC(140) Concurrent Cleanup for Next Mark
[25.002s][info][gc,marking     ] GC(140) Concurrent Cleanup for Next Mark 0.750ms
[25.002s][info][gc             ] GC(140) Concurrent Mark Cycle 12.038ms
[25.011s][info][gc,start       ] GC(141) Pause Young (Prepare Mixed) (G1 Evacuation Pause)
[25.011s][info][gc,task        ] GC(141) Using 5 workers of 33 for evacuation
[25.013s][info][gc,phases      ] GC(141)   Pre Evacuate Collection Set: 0.1ms
[25.013s][info][gc,phases      ] GC(141)   Merge Heap Roots: 0.1ms
[25.013s][info][gc,phases      ] GC(141)   Evacuate Collection Set: 1.1ms
[25.013s][info][gc,phases      ] GC(141)   Post Evacuate Collection Set: 0.3ms
[25.013s][info][gc,phases      ] GC(141)   Other: 0.1ms
[25.013s][info][gc,heap        ] GC(141) Eden regions: 168->0(146)
[25.013s][info][gc,heap        ] GC(141) Survivor regions: 2->2(22)
[25.013s][info][gc,heap        ] GC(141) Old regions: 16->16
[25.013s][info][gc,heap        ] GC(141) Archive regions: 0->0
[25.013s][info][gc,heap        ] GC(141) Humongous regions: 0->0
[25.013s][info][gc,metaspace   ] GC(141) Metaspace: 16632K(17344K)->16632K(17344K) NonClass: 14212K(14656K)->14212K(14656K) Class: 2420K(2688K)->2420K(2688K)
[25.013s][info][gc             ] GC(141) Pause Young (Prepare Mixed) (G1 Evacuation Pause) 182M->14M(247M) 1.731ms
[25.013s][info][gc,cpu         ] GC(141) User=0.02s Sys=0.00s Real=0.02s
[25.029s][info][gc,start       ] GC(142) Pause Young (Mixed) (G1 Evacuation Pause)
[25.029s][info][gc,task        ] GC(142) Using 5 workers of 33 for evacuation
[25.031s][info][gc,phases      ] GC(142)   Pre Evacuate Collection Set: 0.1ms
[25.031s][info][gc,phases      ] GC(142)   Merge Heap Roots: 0.0ms
[25.031s][info][gc,phases      ] GC(142)   Evacuate Collection Set: 1.2ms
[25.031s][info][gc,phases      ] GC(142)   Post Evacuate Collection Set: 0.3ms
[25.031s][info][gc,phases      ] GC(142)   Other: 0.1ms
[25.031s][info][gc,heap        ] GC(142) Eden regions: 146->0(146)
[25.031s][info][gc,heap        ] GC(142) Survivor regions: 2->2(19)
[25.031s][info][gc,heap        ] GC(142) Old regions: 16->16
[25.031s][info][gc,heap        ] GC(142) Archive regions: 0->0
[25.031s][info][gc,heap        ] GC(142) Humongous regions: 0->0
[25.031s][info][gc,metaspace   ] GC(142) Metaspace: 16632K(17344K)->16632K(17344K) NonClass: 14212K(14656K)->14212K(14656K) Class: 2420K(2688K)->2420K(2688K)
[25.031s][info][gc             ] GC(142) Pause Young (Mixed) (G1 Evacuation Pause) 160M->13M(247M) 1.865ms
[25.031s][info][gc,cpu         ] GC(142) User=0.00s Sys=0.00s Real=0.00s
[25.047s][info][gc,start       ] GC(143) Pause Young (Concurrent Start) (G1 Evacuation Pause)
[25.047s][info][gc,task        ] GC(143) Using 5 workers of 33 for evacuation
[25.049s][info][gc,phases      ] GC(143)   Pre Evacuate Collection Set: 0.2ms
[25.049s][info][gc,phases      ] GC(143)   Merge Heap Roots: 0.0ms
[25.049s][info][gc,phases      ] GC(143)   Evacuate Collection Set: 1.1ms
[25.049s][info][gc,phases      ] GC(143)   Post Evacuate Collection Set: 0.3ms
[25.049s][info][gc,phases      ] GC(143)   Other: 0.1ms
[25.049s][info][gc,heap        ] GC(143) Eden regions: 146->0(146)
[25.049s][info][gc,heap        ] GC(143) Survivor regions: 2->2(19)
[25.049s][info][gc,heap        ] GC(143) Old regions: 16->16
[25.049s][info][gc,heap        ] GC(143) Archive regions: 0->0
[25.049s][info][gc,heap        ] GC(143) Humongous regions: 0->0
[25.049s][info][gc,metaspace   ] GC(143) Metaspace: 16632K(17344K)->16632K(17344K) NonClass: 14212K(14656K)->14212K(14656K) Class: 2420K(2688K)->2420K(2688K)
[25.049s][info][gc             ] GC(143) Pause Young (Concurrent Start) (G1 Evacuation Pause) 159M->13M(247M) 1.853ms
[25.049s][info][gc             ] GC(144) Concurrent Mark Cycle
[25.049s][info][gc,cpu         ] GC(143) User=0.00s Sys=0.00s Real=0.00s
[25.049s][info][gc,marking     ] GC(144) Concurrent Scan Root Regions
[25.051s][info][gc,marking     ] GC(144) Concurrent Scan Root Regions 1.868ms
[25.051s][info][gc,marking     ] GC(144) Concurrent Mark
[25.051s][info][gc,marking     ] GC(144) Concurrent Mark From Roots
[25.051s][info][gc,task        ] GC(144) Using 8 workers of 8 for marking
[25.056s][info][gc,marking     ] GC(144) Concurrent Mark From Roots 5.117ms
[25.056s][info][gc,marking     ] GC(144) Concurrent Preclean
[25.056s][info][gc,marking     ] GC(144) Concurrent Preclean 0.040ms
[25.056s][info][gc,start       ] GC(144) Pause Remark
[25.057s][info][gc             ] GC(144) Pause Remark 75M->75M(247M) 1.227ms
[25.057s][info][gc,cpu         ] GC(144) User=0.00s Sys=0.00s Real=0.00s
[25.057s][info][gc,marking     ] GC(144) Concurrent Mark 6.692ms
[25.058s][info][gc,marking     ] GC(144) Concurrent Rebuild Remembered Sets and Scrub Regions
[25.060s][info][gc,marking     ] GC(144) Concurrent Rebuild Remembered Sets and Scrub Regions 2.403ms
[25.060s][info][gc,start       ] GC(144) Pause Cleanup
[25.060s][info][gc             ] GC(144) Pause Cleanup 97M->97M(247M) 0.094ms
[25.060s][info][gc,cpu         ] GC(144) User=0.00s Sys=0.00s Real=0.00s
[25.060s][info][gc,marking     ] GC(144) Concurrent Clear Claimed Marks
[25.060s][info][gc,marking     ] GC(144) Concurrent Clear Claimed Marks 0.033ms
[25.060s][info][gc,marking     ] GC(144) Concurrent Cleanup for Next Mark
[25.061s][info][gc,marking     ] GC(144) Concurrent Cleanup for Next Mark 0.529ms
[25.061s][info][gc             ] GC(144) Concurrent Mark Cycle 12.055ms
[25.067s][info][gc,start       ] GC(145) Pause Young (Prepare Mixed) (G1 Evacuation Pause)
[25.067s][info][gc,task        ] GC(145) Using 5 workers of 33 for evacuation
[25.069s][info][gc,phases      ] GC(145)   Pre Evacuate Collection Set: 0.1ms
[25.069s][info][gc,phases      ] GC(145)   Merge Heap Roots: 0.1ms
[25.069s][info][gc,phases      ] GC(145)   Evacuate Collection Set: 1.1ms
[25.069s][info][gc,phases      ] GC(145)   Post Evacuate Collection Set: 0.3ms
[25.069s][info][gc,phases      ] GC(145)   Other: 0.1ms
[25.069s][info][gc,heap        ] GC(145) Eden regions: 146->0(146)
[25.069s][info][gc,heap        ] GC(145) Survivor regions: 2->2(19)
[25.069s][info][gc,heap        ] GC(145) Old regions: 16->16
[25.069s][info][gc,heap        ] GC(145) Archive regions: 0->0
[25.069s][info][gc,heap        ] GC(145) Humongous regions: 0->0
[25.069s][info][gc,metaspace   ] GC(145) Metaspace: 16632K(17344K)->16632K(17344K) NonClass: 14212K(14656K)->14212K(14656K) Class: 2420K(2688K)->2420K(2688K)
[25.069s][info][gc             ] GC(145) Pause Young (Prepare Mixed) (G1 Evacuation Pause) 159M->13M(247M) 1.708ms
[25.069s][info][gc,cpu         ] GC(145) User=0.00s Sys=0.00s Real=0.00s
[25.085s][info][gc,start       ] GC(146) Pause Young (Mixed) (G1 Evacuation Pause)
[25.085s][info][gc,task        ] GC(146) Using 5 workers of 33 for evacuation
[25.087s][info][gc,phases      ] GC(146)   Pre Evacuate Collection Set: 0.1ms
[25.087s][info][gc,phases      ] GC(146)   Merge Heap Roots: 0.0ms
[25.087s][info][gc,phases      ] GC(146)   Evacuate Collection Set: 1.1ms
[25.087s][info][gc,phases      ] GC(146)   Post Evacuate Collection Set: 0.5ms
[25.087s][info][gc,phases      ] GC(146)   Other: 0.1ms
[25.087s][info][gc,heap        ] GC(146) Eden regions: 146->0(169)
[25.087s][info][gc,heap        ] GC(146) Survivor regions: 2->2(19)
[25.087s][info][gc,heap        ] GC(146) Old regions: 16->15
[25.087s][info][gc,heap        ] GC(146) Archive regions: 0->0
[25.087s][info][gc,heap        ] GC(146) Humongous regions: 0->0
[25.087s][info][gc,metaspace   ] GC(146) Metaspace: 16632K(17344K)->16632K(17344K) NonClass: 14212K(14656K)->14212K(14656K) Class: 2420K(2688K)->2420K(2688K)
[25.087s][info][gc             ] GC(146) Pause Young (Mixed) (G1 Evacuation Pause) 159M->13M(285M) 2.014ms
[25.087s][info][gc,cpu         ] GC(146) User=0.00s Sys=0.00s Real=0.00s
[25.106s][info][gc,start       ] GC(147) Pause Young (Concurrent Start) (G1 Evacuation Pause)
[25.106s][info][gc,task        ] GC(147) Using 6 workers of 33 for evacuation
[25.107s][info][gc,phases      ] GC(147)   Pre Evacuate Collection Set: 0.2ms
[25.107s][info][gc,phases      ] GC(147)   Merge Heap Roots: 0.0ms
[25.107s][info][gc,phases      ] GC(147)   Evacuate Collection Set: 0.9ms
[25.107s][info][gc,phases      ] GC(147)   Post Evacuate Collection Set: 0.3ms
[25.107s][info][gc,phases      ] GC(147)   Other: 0.1ms
[25.107s][info][gc,heap        ] GC(147) Eden regions: 169->0(169)
[25.107s][info][gc,heap        ] GC(147) Survivor regions: 2->2(22)
[25.107s][info][gc,heap        ] GC(147) Old regions: 15->15
[25.107s][info][gc,heap        ] GC(147) Archive regions: 0->0
[25.107s][info][gc,heap        ] GC(147) Humongous regions: 0->0
[25.107s][info][gc,metaspace   ] GC(147) Metaspace: 16632K(17344K)->16632K(17344K) NonClass: 14212K(14656K)->14212K(14656K) Class: 2420K(2688K)->2420K(2688K)
[25.108s][info][gc             ] GC(147) Pause Young (Concurrent Start) (G1 Evacuation Pause) 182M->13M(285M) 1.714ms
[25.108s][info][gc             ] GC(148) Concurrent Mark Cycle
[25.108s][info][gc,cpu         ] GC(147) User=0.09s Sys=0.00s Real=0.01s
[25.108s][info][gc,marking     ] GC(148) Concurrent Scan Root Regions
[25.108s][info][gc,marking     ] GC(148) Concurrent Scan Root Regions 0.853ms
[25.108s][info][gc,marking     ] GC(148) Concurrent Mark
[25.108s][info][gc,marking     ] GC(148) Concurrent Mark From Roots
[25.108s][info][gc,task        ] GC(148) Using 8 workers of 8 for marking
[25.113s][info][gc,marking     ] GC(148) Concurrent Mark From Roots 4.187ms
[25.113s][info][gc,marking     ] GC(148) Concurrent Preclean
[25.113s][info][gc,marking     ] GC(148) Concurrent Preclean 0.053ms
[25.113s][info][gc,start       ] GC(148) Pause Remark
[25.114s][info][gc             ] GC(148) Pause Remark 53M->53M(194M) 1.111ms
[25.114s][info][gc,cpu         ] GC(148) User=0.00s Sys=0.00s Real=0.00s
[25.114s][info][gc,marking     ] GC(148) Concurrent Mark 5.838ms
[25.114s][info][gc,marking     ] GC(148) Concurrent Rebuild Remembered Sets and Scrub Regions
[25.116s][info][gc,marking     ] GC(148) Concurrent Rebuild Remembered Sets and Scrub Regions 1.620ms
[25.116s][info][gc,start       ] GC(148) Pause Cleanup
[25.116s][info][gc             ] GC(148) Pause Cleanup 71M->71M(194M) 0.096ms
[25.116s][info][gc,cpu         ] GC(148) User=0.00s Sys=0.00s Real=0.00s
[25.116s][info][gc,marking     ] GC(148) Concurrent Clear Claimed Marks
[25.116s][info][gc,marking     ] GC(148) Concurrent Clear Claimed Marks 0.052ms
[25.116s][info][gc,marking     ] GC(148) Concurrent Cleanup for Next Mark
[25.117s][info][gc,marking     ] GC(148) Concurrent Cleanup for Next Mark 0.448ms
[25.117s][info][gc             ] GC(148) Concurrent Mark Cycle 9.467ms
[25.138s][info][gc,start       ] GC(149) Pause Young (Prepare Mixed) (G1 Evacuation Pause)
[25.138s][info][gc,task        ] GC(149) Using 5 workers of 33 for evacuation
[25.139s][info][gc,phases      ] GC(149)   Pre Evacuate Collection Set: 0.1ms
[25.139s][info][gc,phases      ] GC(149)   Merge Heap Roots: 0.1ms
[25.139s][info][gc,phases      ] GC(149)   Evacuate Collection Set: 1.0ms
[25.139s][info][gc,phases      ] GC(149)   Post Evacuate Collection Set: 0.3ms
[25.139s][info][gc,phases      ] GC(149)   Other: 0.1ms
[25.139s][info][gc,heap        ] GC(149) Eden regions: 169->0(114)
[25.139s][info][gc,heap        ] GC(149) Survivor regions: 2->2(22)
[25.139s][info][gc,heap        ] GC(149) Old regions: 15->16
[25.139s][info][gc,heap        ] GC(149) Archive regions: 0->0
[25.139s][info][gc,heap        ] GC(149) Humongous regions: 0->0
[25.139s][info][gc,metaspace   ] GC(149) Metaspace: 16632K(17344K)->16632K(17344K) NonClass: 14212K(14656K)->14212K(14656K) Class: 2420K(2688K)->2420K(2688K)
[25.139s][info][gc             ] GC(149) Pause Young (Prepare Mixed) (G1 Evacuation Pause) 182M->13M(194M) 1.672ms
[25.139s][info][gc,cpu         ] GC(149) User=0.00s Sys=0.00s Real=0.00s
[25.153s][info][gc,start       ] GC(150) Pause Young (Mixed) (G1 Evacuation Pause)
[25.153s][info][gc,task        ] GC(150) Using 4 workers of 33 for evacuation
[25.154s][info][gc,phases      ] GC(150)   Pre Evacuate Collection Set: 0.1ms
[25.154s][info][gc,phases      ] GC(150)   Merge Heap Roots: 0.0ms
[25.154s][info][gc,phases      ] GC(150)   Evacuate Collection Set: 1.2ms
[25.154s][info][gc,phases      ] GC(150)   Post Evacuate Collection Set: 0.2ms
[25.154s][info][gc,phases      ] GC(150)   Other: 0.1ms
[25.154s][info][gc,heap        ] GC(150) Eden regions: 114->0(114)
[25.154s][info][gc,heap        ] GC(150) Survivor regions: 2->2(15)
[25.154s][info][gc,heap        ] GC(150) Old regions: 16->15
[25.154s][info][gc,heap        ] GC(150) Archive regions: 0->0
[25.154s][info][gc,heap        ] GC(150) Humongous regions: 0->0
[25.154s][info][gc,metaspace   ] GC(150) Metaspace: 16632K(17344K)->16632K(17344K) NonClass: 14212K(14656K)->14212K(14656K) Class: 2420K(2688K)->2420K(2688K)
[25.154s][info][gc             ] GC(150) Pause Young (Mixed) (G1 Evacuation Pause) 127M->12M(194M) 1.837ms
[25.154s][info][gc,cpu         ] GC(150) User=0.00s Sys=0.00s Real=0.00s
[25.167s][info][gc,start       ] GC(151) Pause Young (Concurrent Start) (G1 Evacuation Pause)
[25.167s][info][gc,task        ] GC(151) Using 4 workers of 33 for evacuation
[25.169s][info][gc,phases      ] GC(151)   Pre Evacuate Collection Set: 0.2ms
[25.169s][info][gc,phases      ] GC(151)   Merge Heap Roots: 0.0ms
[25.169s][info][gc,phases      ] GC(151)   Evacuate Collection Set: 1.2ms
[25.169s][info][gc,phases      ] GC(151)   Post Evacuate Collection Set: 0.2ms
[25.169s][info][gc,phases      ] GC(151)   Other: 0.1ms
[25.169s][info][gc,heap        ] GC(151) Eden regions: 114->0(114)
[25.169s][info][gc,heap        ] GC(151) Survivor regions: 2->2(15)
[25.169s][info][gc,heap        ] GC(151) Old regions: 15->15
[25.169s][info][gc,heap        ] GC(151) Archive regions: 0->0
[25.169s][info][gc,heap        ] GC(151) Humongous regions: 0->0
[25.169s][info][gc,metaspace   ] GC(151) Metaspace: 16632K(17344K)->16632K(17344K) NonClass: 14212K(14656K)->14212K(14656K) Class: 2420K(2688K)->2420K(2688K)
[25.169s][info][gc             ] GC(151) Pause Young (Concurrent Start) (G1 Evacuation Pause) 126M->12M(194M) 1.937ms
[25.169s][info][gc             ] GC(152) Concurrent Mark Cycle
[25.169s][info][gc,cpu         ] GC(151) User=0.02s Sys=0.00s Real=0.01s
[25.169s][info][gc,marking     ] GC(152) Concurrent Scan Root Regions
[25.171s][info][gc,marking     ] GC(152) Concurrent Scan Root Regions 1.780ms
[25.171s][info][gc,marking     ] GC(152) Concurrent Mark
[25.171s][info][gc,marking     ] GC(152) Concurrent Mark From Roots
[25.171s][info][gc,task        ] GC(152) Using 8 workers of 8 for marking
[25.175s][info][gc,marking     ] GC(152) Concurrent Mark From Roots 4.220ms
[25.175s][info][gc,marking     ] GC(152) Concurrent Preclean
[25.175s][info][gc,marking     ] GC(152) Concurrent Preclean 0.046ms
[25.175s][info][gc,start       ] GC(152) Pause Remark
[25.177s][info][gc             ] GC(152) Pause Remark 65M->65M(194M) 1.406ms
[25.177s][info][gc,cpu         ] GC(152) User=0.00s Sys=0.00s Real=0.00s
[25.177s][info][gc,marking     ] GC(152) Concurrent Mark 5.972ms
[25.177s][info][gc,marking     ] GC(152) Concurrent Rebuild Remembered Sets and Scrub Regions
[25.178s][info][gc,marking     ] GC(152) Concurrent Rebuild Remembered Sets and Scrub Regions 1.624ms
[25.179s][info][gc,start       ] GC(152) Pause Cleanup
[25.179s][info][gc             ] GC(152) Pause Cleanup 80M->80M(194M) 0.097ms
[25.179s][info][gc,cpu         ] GC(152) User=0.00s Sys=0.00s Real=0.00s
[25.179s][info][gc,marking     ] GC(152) Concurrent Clear Claimed Marks
[25.179s][info][gc,marking     ] GC(152) Concurrent Clear Claimed Marks 0.026ms
[25.179s][info][gc,marking     ] GC(152) Concurrent Cleanup for Next Mark
[25.179s][info][gc,marking     ] GC(152) Concurrent Cleanup for Next Mark 0.390ms
[25.179s][info][gc             ] GC(152) Concurrent Mark Cycle 10.362ms
[25.184s][info][gc,start       ] GC(153) Pause Young (Prepare Mixed) (G1 Evacuation Pause)
[25.184s][info][gc,task        ] GC(153) Using 4 workers of 33 for evacuation
[25.186s][info][gc,phases      ] GC(153)   Pre Evacuate Collection Set: 0.1ms
[25.186s][info][gc,phases      ] GC(153)   Merge Heap Roots: 0.0ms
[25.186s][info][gc,phases      ] GC(153)   Evacuate Collection Set: 1.1ms
[25.186s][info][gc,phases      ] GC(153)   Post Evacuate Collection Set: 0.3ms
[25.186s][info][gc,phases      ] GC(153)   Other: 0.1ms
[25.186s][info][gc,heap        ] GC(153) Eden regions: 114->0(114)
[25.186s][info][gc,heap        ] GC(153) Survivor regions: 2->2(15)
[25.186s][info][gc,heap        ] GC(153) Old regions: 15->15
[25.186s][info][gc,heap        ] GC(153) Archive regions: 0->0
[25.186s][info][gc,heap        ] GC(153) Humongous regions: 0->0
[25.186s][info][gc,metaspace   ] GC(153) Metaspace: 16632K(17344K)->16632K(17344K) NonClass: 14212K(14656K)->14212K(14656K) Class: 2420K(2688K)->2420K(2688K)
[25.186s][info][gc             ] GC(153) Pause Young (Prepare Mixed) (G1 Evacuation Pause) 126M->12M(194M) 1.772ms
[25.186s][info][gc,cpu         ] GC(153) User=0.00s Sys=0.00s Real=0.00s
[25.198s][info][gc,start       ] GC(154) Pause Young (Mixed) (G1 Evacuation Pause)
[25.198s][info][gc,task        ] GC(154) Using 4 workers of 33 for evacuation
[25.200s][info][gc,phases      ] GC(154)   Pre Evacuate Collection Set: 0.1ms
[25.200s][info][gc,phases      ] GC(154)   Merge Heap Roots: 0.0ms
[25.200s][info][gc,phases      ] GC(154)   Evacuate Collection Set: 1.1ms
[25.200s][info][gc,phases      ] GC(154)   Post Evacuate Collection Set: 0.5ms
[25.200s][info][gc,phases      ] GC(154)   Other: 0.1ms
[25.200s][info][gc,heap        ] GC(154) Eden regions: 114->0(146)
[25.200s][info][gc,heap        ] GC(154) Survivor regions: 2->2(15)
[25.200s][info][gc,heap        ] GC(154) Old regions: 15->14
[25.200s][info][gc,heap        ] GC(154) Archive regions: 0->0
[25.200s][info][gc,heap        ] GC(154) Humongous regions: 0->0
[25.200s][info][gc,metaspace   ] GC(154) Metaspace: 16632K(17344K)->16632K(17344K) NonClass: 14212K(14656K)->14212K(14656K) Class: 2420K(2688K)->2420K(2688K)
[25.200s][info][gc             ] GC(154) Pause Young (Mixed) (G1 Evacuation Pause) 126M->11M(247M) 1.908ms
[25.200s][info][gc,cpu         ] GC(154) User=0.02s Sys=0.00s Real=0.02s
[25.208s][info][gc,start       ] GC(155) Pause Young (Concurrent Start) (G1 Humongous Allocation)
[25.209s][info][gc,task        ] GC(155) Using 5 workers of 33 for evacuation
[25.209s][info][gc,phases      ] GC(155)   Pre Evacuate Collection Set: 0.2ms
[25.209s][info][gc,phases      ] GC(155)   Merge Heap Roots: 0.0ms
[25.209s][info][gc,phases      ] GC(155)   Evacuate Collection Set: 0.3ms
[25.209s][info][gc,phases      ] GC(155)   Post Evacuate Collection Set: 0.2ms
[25.209s][info][gc,phases      ] GC(155)   Other: 0.1ms
[25.209s][info][gc,heap        ] GC(155) Eden regions: 68->0(147)
[25.209s][info][gc,heap        ] GC(155) Survivor regions: 2->1(19)
[25.209s][info][gc,heap        ] GC(155) Old regions: 14->14
[25.209s][info][gc,heap        ] GC(155) Archive regions: 0->0
[25.209s][info][gc,heap        ] GC(155) Humongous regions: 0->0
[25.209s][info][gc,metaspace   ] GC(155) Metaspace: 16632K(17344K)->16632K(17344K) NonClass: 14212K(14656K)->14212K(14656K) Class: 2420K(2688K)->2420K(2688K)
[25.209s][info][gc             ] GC(155) Pause Young (Concurrent Start) (G1 Humongous Allocation) 79M->10M(247M) 0.897ms
[25.209s][info][gc             ] GC(156) Concurrent Mark Cycle
[25.209s][info][gc,cpu         ] GC(155) User=0.00s Sys=0.00s Real=0.00s
[25.209s][info][gc,marking     ] GC(156) Concurrent Scan Root Regions
[25.210s][info][gc,marking     ] GC(156) Concurrent Scan Root Regions 0.205ms
[25.210s][info][gc,marking     ] GC(156) Concurrent Mark
[25.210s][info][gc,marking     ] GC(156) Concurrent Mark From Roots
[25.210s][info][gc,task        ] GC(156) Using 8 workers of 8 for marking
[25.212s][info][gc,marking     ] GC(156) Concurrent Mark From Roots 2.096ms
[25.212s][info][gc,marking     ] GC(156) Concurrent Preclean
[25.212s][info][gc,marking     ] GC(156) Concurrent Preclean 0.016ms
[25.212s][info][gc,start       ] GC(156) Pause Remark
[25.213s][info][gc             ] GC(156) Pause Remark 13M->13M(60M) 1.061ms
[25.213s][info][gc,cpu         ] GC(156) User=0.00s Sys=0.00s Real=0.00s
[25.213s][info][gc,marking     ] GC(156) Concurrent Mark 3.309ms
[25.213s][info][gc,marking     ] GC(156) Concurrent Rebuild Remembered Sets and Scrub Regions
[25.215s][info][gc,marking     ] GC(156) Concurrent Rebuild Remembered Sets and Scrub Regions 1.881ms
[25.215s][info][gc,start       ] GC(156) Pause Cleanup
[25.215s][info][gc             ] GC(156) Pause Cleanup 14M->14M(60M) 0.062ms
[25.215s][info][gc,cpu         ] GC(156) User=0.00s Sys=0.00s Real=0.00s
[25.215s][info][gc,marking     ] GC(156) Concurrent Clear Claimed Marks
[25.215s][info][gc,marking     ] GC(156) Concurrent Clear Claimed Marks 0.014ms
[25.215s][info][gc,marking     ] GC(156) Concurrent Cleanup for Next Mark
[25.215s][info][gc,marking     ] GC(156) Concurrent Cleanup for Next Mark 0.150ms
[25.215s][info][gc             ] GC(156) Concurrent Mark Cycle 5.785ms
[25.254s][info][gc,start       ] GC(157) Pause Young (Prepare Mixed) (G1 Evacuation Pause)
[25.254s][info][gc,task        ] GC(157) Using 3 workers of 33 for evacuation
[25.299s][info][gc,phases      ] GC(157)   Pre Evacuate Collection Set: 0.1ms
[25.299s][info][gc,phases      ] GC(157)   Merge Heap Roots: 0.1ms
[25.299s][info][gc,phases      ] GC(157)   Evacuate Collection Set: 44.7ms
[25.299s][info][gc,phases      ] GC(157)   Post Evacuate Collection Set: 0.5ms
[25.300s][info][gc,phases      ] GC(157)   Other: 0.1ms
[25.300s][info][gc,heap        ] GC(157) Eden regions: 44->0(21)
[25.300s][info][gc,heap        ] GC(157) Survivor regions: 1->19(19)
[25.300s][info][gc,heap        ] GC(157) Old regions: 14->25
[25.300s][info][gc,heap        ] GC(157) Archive regions: 0->0
[25.300s][info][gc,heap        ] GC(157) Humongous regions: 1->1
[25.300s][info][gc,metaspace   ] GC(157) Metaspace: 16632K(17344K)->16632K(17344K) NonClass: 14212K(14656K)->14212K(14656K) Class: 2420K(2688K)->2420K(2688K)
[25.300s][info][gc             ] GC(157) Pause Young (Prepare Mixed) (G1 Evacuation Pause) 55M->40M(90M) 46.025ms
[25.300s][info][gc,cpu         ] GC(157) User=0.13s Sys=0.02s Real=0.05s
[25.333s][info][gc,start       ] GC(158) Pause Young (Mixed) (G1 Evacuation Pause)
[25.333s][info][gc,task        ] GC(158) Using 2 workers of 33 for evacuation
[25.388s][info][gc,phases      ] GC(158)   Pre Evacuate Collection Set: 0.1ms
[25.388s][info][gc,phases      ] GC(158)   Merge Heap Roots: 0.3ms
[25.388s][info][gc,phases      ] GC(158)   Evacuate Collection Set: 53.7ms
[25.388s][info][gc,phases      ] GC(158)   Post Evacuate Collection Set: 0.5ms
[25.388s][info][gc,phases      ] GC(158)   Other: 0.1ms
[25.388s][info][gc,heap        ] GC(158) Eden regions: 21->0(19)
[25.388s][info][gc,heap        ] GC(158) Survivor regions: 19->5(5)
[25.388s][info][gc,heap        ] GC(158) Old regions: 25->52
[25.388s][info][gc,heap        ] GC(158) Archive regions: 0->0
[25.388s][info][gc,heap        ] GC(158) Humongous regions: 1->1
[25.388s][info][gc,metaspace   ] GC(158) Metaspace: 16632K(17344K)->16632K(17344K) NonClass: 14212K(14656K)->14212K(14656K) Class: 2420K(2688K)->2420K(2688K)
[25.388s][info][gc             ] GC(158) Pause Young (Mixed) (G1 Evacuation Pause) 61M->54M(99M) 55.194ms
[25.388s][info][gc,cpu         ] GC(158) User=0.13s Sys=0.00s Real=0.06s
[25.420s][info][gc,start       ] GC(159) Pause Young (Concurrent Start) (G1 Evacuation Pause)
[25.420s][info][gc,task        ] GC(159) Using 2 workers of 33 for evacuation
[25.465s][info][gc,phases      ] GC(159)   Pre Evacuate Collection Set: 0.2ms
[25.465s][info][gc,phases      ] GC(159)   Merge Heap Roots: 0.3ms
[25.465s][info][gc,phases      ] GC(159)   Evacuate Collection Set: 44.0ms
[25.465s][info][gc,phases      ] GC(159)   Post Evacuate Collection Set: 0.5ms
[25.465s][info][gc,phases      ] GC(159)   Other: 0.1ms
[25.465s][info][gc,heap        ] GC(159) Eden regions: 19->0(12)
[25.466s][info][gc,heap        ] GC(159) Survivor regions: 5->3(3)
[25.466s][info][gc,heap        ] GC(159) Old regions: 52->66
[25.466s][info][gc,heap        ] GC(159) Archive regions: 0->0
[25.466s][info][gc,heap        ] GC(159) Humongous regions: 1->1
[25.466s][info][gc,metaspace   ] GC(159) Metaspace: 16632K(17344K)->16632K(17344K) NonClass: 14212K(14656K)->14212K(14656K) Class: 2420K(2688K)->2420K(2688K)
[25.466s][info][gc             ] GC(159) Pause Young (Concurrent Start) (G1 Evacuation Pause) 73M->67M(99M) 45.690ms
[25.466s][info][gc,cpu         ] GC(159) User=0.08s Sys=0.00s Real=0.05s
[25.466s][info][gc             ] GC(160) Concurrent Mark Cycle
[25.466s][info][gc,marking     ] GC(160) Concurrent Scan Root Regions
[25.471s][info][gc,marking     ] GC(160) Concurrent Scan Root Regions 4.674ms
[25.471s][info][gc,marking     ] GC(160) Concurrent Mark
[25.471s][info][gc,marking     ] GC(160) Concurrent Mark From Roots
[25.471s][info][gc,task        ] GC(160) Using 8 workers of 8 for marking
[25.494s][info][gc,start       ] GC(161) Pause Young (Normal) (G1 Evacuation Pause)
[25.494s][info][gc,task        ] GC(161) Using 2 workers of 33 for evacuation
[25.526s][info][gc,phases      ] GC(161)   Pre Evacuate Collection Set: 0.1ms
[25.526s][info][gc,phases      ] GC(161)   Merge Heap Roots: 0.5ms
[25.526s][info][gc,phases      ] GC(161)   Evacuate Collection Set: 27.8ms
[25.526s][info][gc,phases      ] GC(161)   Post Evacuate Collection Set: 3.6ms
[25.526s][info][gc,phases      ] GC(161)   Other: 0.1ms
[25.526s][info][gc,heap        ] GC(161) Eden regions: 12->0(99)
[25.526s][info][gc,heap        ] GC(161) Survivor regions: 3->2(2)
[25.526s][info][gc,heap        ] GC(161) Old regions: 66->76
[25.526s][info][gc,heap        ] GC(161) Archive regions: 0->0
[25.526s][info][gc,heap        ] GC(161) Humongous regions: 1->1
[25.526s][info][gc,metaspace   ] GC(161) Metaspace: 16632K(17344K)->16632K(17344K) NonClass: 14212K(14656K)->14212K(14656K) Class: 2420K(2688K)->2420K(2688K)
[25.526s][info][gc             ] GC(161) Pause Young (Normal) (G1 Evacuation Pause) 79M->75M(306M) 32.484ms
[25.526s][info][gc,cpu         ] GC(161) User=0.06s Sys=0.00s Real=0.03s
[25.535s][info][gc,marking     ] GC(160) Concurrent Mark From Roots 64.294ms
[25.535s][info][gc,marking     ] GC(160) Concurrent Preclean
[25.535s][info][gc,marking     ] GC(160) Concurrent Preclean 0.055ms
[25.535s][info][gc,start       ] GC(160) Pause Remark
[25.539s][info][gc             ] GC(160) Pause Remark 79M->79M(277M) 3.388ms
[25.539s][info][gc,cpu         ] GC(160) User=0.00s Sys=0.00s Real=0.00s
[25.539s][info][gc,marking     ] GC(160) Concurrent Mark 68.032ms
[25.539s][info][gc,marking     ] GC(160) Concurrent Rebuild Remembered Sets and Scrub Regions
[25.568s][info][gc,marking     ] GC(160) Concurrent Rebuild Remembered Sets and Scrub Regions 29.719ms
[25.569s][info][gc,start       ] GC(160) Pause Cleanup
[25.569s][info][gc             ] GC(160) Pause Cleanup 91M->91M(277M) 0.146ms
[25.569s][info][gc,cpu         ] GC(160) User=0.00s Sys=0.00s Real=0.00s
[25.569s][info][gc,marking     ] GC(160) Concurrent Clear Claimed Marks
[25.569s][info][gc,marking     ] GC(160) Concurrent Clear Claimed Marks 0.042ms
[25.569s][info][gc,marking     ] GC(160) Concurrent Cleanup for Next Mark
[25.570s][info][gc,marking     ] GC(160) Concurrent Cleanup for Next Mark 0.796ms
[25.570s][info][gc             ] GC(160) Concurrent Mark Cycle 103.872ms
[25.693s][info][gc,start       ] GC(162) Pause Young (Prepare Mixed) (G1 Evacuation Pause)
[25.693s][info][gc,task        ] GC(162) Using 6 workers of 33 for evacuation
[25.744s][info][gc,phases      ] GC(162)   Pre Evacuate Collection Set: 0.1ms
[25.744s][info][gc,phases      ] GC(162)   Merge Heap Roots: 0.9ms
[25.744s][info][gc,phases      ] GC(162)   Evacuate Collection Set: 49.4ms
[25.744s][info][gc,phases      ] GC(162)   Post Evacuate Collection Set: 0.3ms
[25.744s][info][gc,phases      ] GC(162)   Other: 0.1ms
[25.744s][info][gc,heap        ] GC(162) Eden regions: 99->0(56)
[25.744s][info][gc,heap        ] GC(162) Survivor regions: 2->13(13)
[25.744s][info][gc,heap        ] GC(162) Old regions: 76->129
[25.744s][info][gc,heap        ] GC(162) Archive regions: 0->0
[25.744s][info][gc,heap        ] GC(162) Humongous regions: 1->1
[25.744s][info][gc,metaspace   ] GC(162) Metaspace: 16632K(17344K)->16632K(17344K) NonClass: 14212K(14656K)->14212K(14656K) Class: 2420K(2688K)->2420K(2688K)
[25.744s][info][gc             ] GC(162) Pause Young (Prepare Mixed) (G1 Evacuation Pause) 174M->139M(277M) 51.340ms
[25.744s][info][gc,cpu         ] GC(162) User=0.27s Sys=0.02s Real=0.05s
[25.802s][info][gc,start       ] GC(163) Pause Young (Mixed) (G1 Evacuation Pause)
[25.802s][info][gc,task        ] GC(163) Using 6 workers of 33 for evacuation
[25.839s][info][gc,phases      ] GC(163)   Pre Evacuate Collection Set: 0.1ms
[25.839s][info][gc,phases      ] GC(163)   Merge Heap Roots: 0.2ms
[25.839s][info][gc,phases      ] GC(163)   Evacuate Collection Set: 36.3ms
[25.839s][info][gc,phases      ] GC(163)   Post Evacuate Collection Set: 0.2ms
[25.839s][info][gc,phases      ] GC(163)   Other: 0.1ms
[25.839s][info][gc,heap        ] GC(163) Eden regions: 56->0(39)
[25.840s][info][gc,heap        ] GC(163) Survivor regions: 13->9(9)
[25.840s][info][gc,heap        ] GC(163) Old regions: 129->170
[25.840s][info][gc,heap        ] GC(163) Archive regions: 0->0
[25.840s][info][gc,heap        ] GC(163) Humongous regions: 1->1
[25.840s][info][gc,metaspace   ] GC(163) Metaspace: 16632K(17344K)->16632K(17344K) NonClass: 14212K(14656K)->14212K(14656K) Class: 2420K(2688K)->2420K(2688K)
[25.840s][info][gc             ] GC(163) Pause Young (Mixed) (G1 Evacuation Pause) 195M->177M(277M) 37.615ms
[25.840s][info][gc,cpu         ] GC(163) User=0.19s Sys=0.00s Real=0.03s
[25.880s][info][gc,start       ] GC(164) Pause Young (Concurrent Start) (G1 Evacuation Pause)
[25.880s][info][gc,task        ] GC(164) Using 6 workers of 33 for evacuation
[25.908s][info][gc,phases      ] GC(164)   Pre Evacuate Collection Set: 0.2ms
[25.908s][info][gc,phases      ] GC(164)   Merge Heap Roots: 0.2ms
[25.908s][info][gc,phases      ] GC(164)   Evacuate Collection Set: 27.6ms
[25.908s][info][gc,phases      ] GC(164)   Post Evacuate Collection Set: 0.2ms
[25.908s][info][gc,phases      ] GC(164)   Other: 0.1ms
[25.908s][info][gc,heap        ] GC(164) Eden regions: 39->0(27)
[25.908s][info][gc,heap        ] GC(164) Survivor regions: 9->6(6)
[25.908s][info][gc,heap        ] GC(164) Old regions: 170->200
[25.909s][info][gc,heap        ] GC(164) Archive regions: 0->0
[25.909s][info][gc,heap        ] GC(164) Humongous regions: 1->1
[25.909s][info][gc,metaspace   ] GC(164) Metaspace: 16632K(17344K)->16632K(17344K) NonClass: 14212K(14656K)->14212K(14656K) Class: 2420K(2688K)->2420K(2688K)
[25.909s][info][gc             ] GC(164) Pause Young (Concurrent Start) (G1 Evacuation Pause) 216M->204M(277M) 28.904ms
[25.909s][info][gc             ] GC(165) Concurrent Mark Cycle
[25.909s][info][gc,cpu         ] GC(164) User=0.09s Sys=0.00s Real=0.02s
[25.909s][info][gc,marking     ] GC(165) Concurrent Scan Root Regions
[25.917s][info][gc,marking     ] GC(165) Concurrent Scan Root Regions 8.347ms
[25.917s][info][gc,marking     ] GC(165) Concurrent Mark
[25.917s][info][gc,marking     ] GC(165) Concurrent Mark From Roots
[25.917s][info][gc,task        ] GC(165) Using 8 workers of 8 for marking
[25.941s][info][gc,start       ] GC(166) Pause Young (Normal) (G1 Evacuation Pause)
[25.941s][info][gc,task        ] GC(166) Using 6 workers of 33 for evacuation
[25.954s][info][gc,phases      ] GC(166)   Pre Evacuate Collection Set: 0.1ms
[25.954s][info][gc,phases      ] GC(166)   Merge Heap Roots: 0.1ms
[25.954s][info][gc,phases      ] GC(166)   Evacuate Collection Set: 12.1ms
[25.954s][info][gc,phases      ] GC(166)   Post Evacuate Collection Set: 0.2ms
[25.954s][info][gc,phases      ] GC(166)   Other: 0.1ms
[25.954s][info][gc,heap        ] GC(166) Eden regions: 27->0(19)
[25.954s][info][gc,heap        ] GC(166) Survivor regions: 6->5(5)
[25.954s][info][gc,heap        ] GC(166) Old regions: 200->220
[25.954s][info][gc,heap        ] GC(166) Archive regions: 0->0
[25.954s][info][gc,heap        ] GC(166) Humongous regions: 1->1
[25.954s][info][gc,metaspace   ] GC(166) Metaspace: 16632K(17344K)->16632K(17344K) NonClass: 14212K(14656K)->14212K(14656K) Class: 2420K(2688K)->2420K(2688K)
[25.954s][info][gc             ] GC(166) Pause Young (Normal) (G1 Evacuation Pause) 231M->223M(277M) 13.136ms
[25.955s][info][gc,cpu         ] GC(166) User=0.09s Sys=0.00s Real=0.01s
[25.979s][info][gc,start       ] GC(167) Pause Young (Normal) (G1 Evacuation Pause)
[25.983s][info][gc,task        ] GC(167) Using 6 workers of 33 for evacuation
[25.995s][info][gc,phases      ] GC(167)   Pre Evacuate Collection Set: 0.1ms
[25.995s][info][gc,phases      ] GC(167)   Merge Heap Roots: 0.1ms
[25.995s][info][gc,phases      ] GC(167)   Evacuate Collection Set: 11.4ms
[25.995s][info][gc,phases      ] GC(167)   Post Evacuate Collection Set: 0.9ms
[25.995s][info][gc,phases      ] GC(167)   Other: 0.1ms
[25.995s][info][gc,heap        ] GC(167) Eden regions: 19->0(51)
[25.995s][info][gc,heap        ] GC(167) Survivor regions: 5->3(3)
[25.995s][info][gc,heap        ] GC(167) Old regions: 220->236
[25.995s][info][gc,heap        ] GC(167) Archive regions: 0->0
[25.995s][info][gc,heap        ] GC(167) Humongous regions: 1->1
[25.995s][info][gc,metaspace   ] GC(167) Metaspace: 16632K(17344K)->16632K(17344K) NonClass: 14212K(14656K)->14212K(14656K) Class: 2420K(2688K)->2420K(2688K)
[25.996s][info][gc             ] GC(167) Pause Young (Normal) (G1 Evacuation Pause) 242M->237M(370M) 16.660ms
[25.996s][info][gc,cpu         ] GC(167) User=0.09s Sys=0.00s Real=0.01s
[26.016s][info][gc,marking     ] GC(165) Concurrent Mark From Roots 98.639ms
[26.016s][info][gc,marking     ] GC(165) Concurrent Preclean
[26.016s][info][gc,marking     ] GC(165) Concurrent Preclean 0.029ms
[26.016s][info][gc,start       ] GC(165) Pause Remark
[26.017s][info][gc             ] GC(165) Pause Remark 247M->247M(417M) 1.347ms
[26.017s][info][gc,cpu         ] GC(165) User=0.00s Sys=0.00s Real=0.00s
[26.017s][info][gc,marking     ] GC(165) Concurrent Mark 100.231ms
[26.018s][info][gc,marking     ] GC(165) Concurrent Rebuild Remembered Sets and Scrub Regions
[26.091s][info][gc,marking     ] GC(165) Concurrent Rebuild Remembered Sets and Scrub Regions 73.305ms
[26.091s][info][gc,start       ] GC(165) Pause Cleanup
[26.091s][info][gc             ] GC(165) Pause Cleanup 285M->285M(417M) 0.304ms
[26.091s][info][gc,cpu         ] GC(165) User=0.00s Sys=0.00s Real=0.00s
[26.091s][info][gc,marking     ] GC(165) Concurrent Clear Claimed Marks
[26.091s][info][gc,marking     ] GC(165) Concurrent Clear Claimed Marks 0.038ms
[26.091s][info][gc,marking     ] GC(165) Concurrent Cleanup for Next Mark
[26.092s][info][gc,marking     ] GC(165) Concurrent Cleanup for Next Mark 0.949ms
[26.092s][info][gc             ] GC(165) Concurrent Mark Cycle 183.701ms
[26.096s][info][gc,start       ] GC(168) Pause Young (Prepare Mixed) (G1 Evacuation Pause)
[26.097s][info][gc,task        ] GC(168) Using 10 workers of 33 for evacuation
[26.113s][info][gc,phases      ] GC(168)   Pre Evacuate Collection Set: 0.1ms
[26.114s][info][gc,phases      ] GC(168)   Merge Heap Roots: 0.2ms
[26.114s][info][gc,phases      ] GC(168)   Evacuate Collection Set: 16.3ms
[26.114s][info][gc,phases      ] GC(168)   Post Evacuate Collection Set: 0.3ms
[26.114s][info][gc,phases      ] GC(168)   Other: 0.1ms
[26.114s][info][gc,heap        ] GC(168) Eden regions: 51->0(55)
[26.114s][info][gc,heap        ] GC(168) Survivor regions: 3->7(7)
[26.114s][info][gc,heap        ] GC(168) Old regions: 236->267
[26.114s][info][gc,heap        ] GC(168) Archive regions: 0->0
[26.114s][info][gc,heap        ] GC(168) Humongous regions: 1->1
[26.114s][info][gc,metaspace   ] GC(168) Metaspace: 16632K(17344K)->16632K(17344K) NonClass: 14212K(14656K)->14212K(14656K) Class: 2420K(2688K)->2420K(2688K)
[26.114s][info][gc             ] GC(168) Pause Young (Prepare Mixed) (G1 Evacuation Pause) 288M->273M(417M) 17.423ms
[26.114s][info][gc,cpu         ] GC(168) User=0.16s Sys=0.00s Real=0.02s
[26.187s][info][gc,start       ] GC(169) Pause Young (Mixed) (G1 Evacuation Pause)
[26.187s][info][gc,task        ] GC(169) Using 10 workers of 33 for evacuation
[26.215s][info][gc,phases      ] GC(169)   Pre Evacuate Collection Set: 0.1ms
[26.215s][info][gc,phases      ] GC(169)   Merge Heap Roots: 0.2ms
[26.215s][info][gc,phases      ] GC(169)   Evacuate Collection Set: 27.3ms
[26.215s][info][gc,phases      ] GC(169)   Post Evacuate Collection Set: 0.2ms
[26.215s][info][gc,phases      ] GC(169)   Other: 0.1ms
[26.215s][info][gc,heap        ] GC(169) Eden regions: 55->0(40)
[26.215s][info][gc,heap        ] GC(169) Survivor regions: 7->8(8)
[26.215s][info][gc,heap        ] GC(169) Old regions: 267->303
[26.215s][info][gc,heap        ] GC(169) Archive regions: 0->0
[26.216s][info][gc,heap        ] GC(169) Humongous regions: 1->1
[26.216s][info][gc,metaspace   ] GC(169) Metaspace: 16632K(17344K)->16632K(17344K) NonClass: 14212K(14656K)->14212K(14656K) Class: 2420K(2688K)->2420K(2688K)
[26.216s][info][gc             ] GC(169) Pause Young (Mixed) (G1 Evacuation Pause) 328M->310M(417M) 28.317ms
[26.216s][info][gc,cpu         ] GC(169) User=0.28s Sys=0.03s Real=0.03s
[26.270s][info][gc,start       ] GC(170) Pause Young (Concurrent Start) (G1 Evacuation Pause)
[26.270s][info][gc,task        ] GC(170) Using 10 workers of 33 for evacuation
[26.292s][info][gc,phases      ] GC(170)   Pre Evacuate Collection Set: 0.2ms
[26.292s][info][gc,phases      ] GC(170)   Merge Heap Roots: 0.2ms
[26.292s][info][gc,phases      ] GC(170)   Evacuate Collection Set: 21.6ms
[26.292s][info][gc,phases      ] GC(170)   Post Evacuate Collection Set: 0.3ms
[26.292s][info][gc,phases      ] GC(170)   Other: 0.2ms
[26.292s][info][gc,heap        ] GC(170) Eden regions: 40->0(29)
[26.292s][info][gc,heap        ] GC(170) Survivor regions: 8->6(6)
[26.293s][info][gc,heap        ] GC(170) Old regions: 303->334
[26.293s][info][gc,heap        ] GC(170) Archive regions: 0->0
[26.293s][info][gc,heap        ] GC(170) Humongous regions: 1->1
[26.293s][info][gc,metaspace   ] GC(170) Metaspace: 16632K(17344K)->16632K(17344K) NonClass: 14212K(14656K)->14212K(14656K) Class: 2420K(2688K)->2420K(2688K)
[26.293s][info][gc             ] GC(170) Pause Young (Concurrent Start) (G1 Evacuation Pause) 350M->338M(417M) 22.997ms
[26.293s][info][gc             ] GC(171) Concurrent Mark Cycle
[26.293s][info][gc,cpu         ] GC(170) User=0.14s Sys=0.02s Real=0.02s
[26.293s][info][gc,marking     ] GC(171) Concurrent Scan Root Regions
[26.300s][info][gc,marking     ] GC(171) Concurrent Scan Root Regions 7.371ms
[26.300s][info][gc,marking     ] GC(171) Concurrent Mark
[26.300s][info][gc,marking     ] GC(171) Concurrent Mark From Roots
[26.300s][info][gc,task        ] GC(171) Using 8 workers of 8 for marking
[26.329s][info][gc,start       ] GC(172) Pause Young (Normal) (G1 Evacuation Pause)
[26.329s][info][gc,task        ] GC(172) Using 10 workers of 33 for evacuation
[26.339s][info][gc,phases      ] GC(172)   Pre Evacuate Collection Set: 0.1ms
[26.339s][info][gc,phases      ] GC(172)   Merge Heap Roots: 0.1ms
[26.339s][info][gc,phases      ] GC(172)   Evacuate Collection Set: 9.8ms
[26.339s][info][gc,phases      ] GC(172)   Post Evacuate Collection Set: 0.2ms
[26.339s][info][gc,phases      ] GC(172)   Other: 0.1ms
[26.339s][info][gc,heap        ] GC(172) Eden regions: 29->0(20)
[26.339s][info][gc,heap        ] GC(172) Survivor regions: 6->5(5)
[26.339s][info][gc,heap        ] GC(172) Old regions: 334->357
[26.339s][info][gc,heap        ] GC(172) Archive regions: 0->0
[26.339s][info][gc,heap        ] GC(172) Humongous regions: 1->1
[26.339s][info][gc,metaspace   ] GC(172) Metaspace: 16632K(17344K)->16632K(17344K) NonClass: 14212K(14656K)->14212K(14656K) Class: 2420K(2688K)->2420K(2688K)
[26.339s][info][gc             ] GC(172) Pause Young (Normal) (G1 Evacuation Pause) 367M->360M(417M) 10.545ms
[26.339s][info][gc,cpu         ] GC(172) User=0.00s Sys=0.00s Real=0.00s
[26.364s][info][gc,start       ] GC(173) Pause Young (Normal) (G1 Evacuation Pause)
[26.364s][info][gc,task        ] GC(173) Using 10 workers of 33 for evacuation
[26.371s][info][gc,phases      ] GC(173)   Pre Evacuate Collection Set: 0.1ms
[26.371s][info][gc,phases      ] GC(173)   Merge Heap Roots: 0.1ms
[26.371s][info][gc,phases      ] GC(173)   Evacuate Collection Set: 6.1ms
[26.371s][info][gc,phases      ] GC(173)   Post Evacuate Collection Set: 0.8ms
[26.371s][info][gc,phases      ] GC(173)   Other: 0.1ms
[26.371s][info][gc,heap        ] GC(173) Eden regions: 20->0(29)
[26.371s][info][gc,heap        ] GC(173) Survivor regions: 5->4(4)
[26.371s][info][gc,heap        ] GC(173) Old regions: 357->373
[26.371s][info][gc,heap        ] GC(173) Archive regions: 0->0
[26.371s][info][gc,heap        ] GC(173) Humongous regions: 1->1
[26.371s][info][gc,metaspace   ] GC(173) Metaspace: 16632K(17344K)->16632K(17344K) NonClass: 14212K(14656K)->14212K(14656K) Class: 2420K(2688K)->2420K(2688K)
[26.372s][info][gc             ] GC(173) Pause Young (Normal) (G1 Evacuation Pause) 380M->376M(455M) 7.625ms
[26.372s][info][gc,cpu         ] GC(173) User=0.16s Sys=0.00s Real=0.01s
[26.415s][info][gc,marking     ] GC(171) Concurrent Mark From Roots 114.719ms
[26.415s][info][gc,marking     ] GC(171) Concurrent Preclean
[26.415s][info][gc,marking     ] GC(171) Concurrent Preclean 0.030ms
[26.415s][info][gc,start       ] GC(171) Pause Remark
[26.417s][info][gc             ] GC(171) Pause Remark 404M->404M(512M) 1.945ms
[26.417s][info][gc,cpu         ] GC(171) User=0.00s Sys=0.00s Real=0.00s
[26.417s][info][gc,marking     ] GC(171) Concurrent Mark 117.050ms
[26.417s][info][gc,marking     ] GC(171) Concurrent Rebuild Remembered Sets and Scrub Regions
[26.418s][info][gc,start       ] GC(174) Pause Young (Normal) (G1 Evacuation Pause)
[26.418s][info][gc,task        ] GC(174) Using 12 workers of 33 for evacuation
[26.426s][info][gc,phases      ] GC(174)   Pre Evacuate Collection Set: 0.1ms
[26.426s][info][gc,phases      ] GC(174)   Merge Heap Roots: 0.1ms
[26.426s][info][gc,phases      ] GC(174)   Evacuate Collection Set: 7.3ms
[26.426s][info][gc,phases      ] GC(174)   Post Evacuate Collection Set: 0.3ms
[26.426s][info][gc,phases      ] GC(174)   Other: 0.1ms
[26.426s][info][gc,heap        ] GC(174) Eden regions: 29->0(44)
[26.426s][info][gc,heap        ] GC(174) Survivor regions: 4->5(5)
[26.426s][info][gc,heap        ] GC(174) Old regions: 373->393
[26.426s][info][gc,heap        ] GC(174) Archive regions: 0->0
[26.426s][info][gc,heap        ] GC(174) Humongous regions: 1->1
[26.427s][info][gc,metaspace   ] GC(174) Metaspace: 16632K(17344K)->16632K(17344K) NonClass: 14212K(14656K)->14212K(14656K) Class: 2420K(2688K)->2420K(2688K)
[26.427s][info][gc             ] GC(174) Pause Young (Normal) (G1 Evacuation Pause) 405M->396M(512M) 8.284ms
[26.427s][info][gc,cpu         ] GC(174) User=0.00s Sys=0.00s Real=0.00s
[26.502s][info][gc,start       ] GC(175) Pause Young (Normal) (G1 Evacuation Pause)
[26.502s][info][gc,task        ] GC(175) Using 12 workers of 33 for evacuation
[26.516s][info][gc,phases      ] GC(175)   Pre Evacuate Collection Set: 0.1ms
[26.516s][info][gc,phases      ] GC(175)   Merge Heap Roots: 0.2ms
[26.516s][info][gc,phases      ] GC(175)   Evacuate Collection Set: 13.1ms
[26.516s][info][gc,phases      ] GC(175)   Post Evacuate Collection Set: 0.3ms
[26.516s][info][gc,phases      ] GC(175)   Other: 0.1ms
[26.516s][info][gc,heap        ] GC(175) Eden regions: 44->0(31)
[26.516s][info][gc,heap        ] GC(175) Survivor regions: 5->7(7)
[26.516s][info][gc,heap        ] GC(175) Old regions: 393->422
[26.516s][info][gc,heap        ] GC(175) Archive regions: 0->0
[26.516s][info][gc,heap        ] GC(175) Humongous regions: 1->1
[26.516s][info][gc,metaspace   ] GC(175) Metaspace: 16632K(17344K)->16632K(17344K) NonClass: 14212K(14656K)->14212K(14656K) Class: 2420K(2688K)->2420K(2688K)
[26.516s][info][gc             ] GC(175) Pause Young (Normal) (G1 Evacuation Pause) 440M->427M(512M) 13.963ms
[26.516s][info][gc,cpu         ] GC(175) User=0.19s Sys=0.00s Real=0.02s
[26.552s][info][gc,start       ] GC(176) Pause Young (Normal) (G1 Evacuation Pause)
[26.552s][info][gc,task        ] GC(176) Using 12 workers of 33 for evacuation
[26.564s][info][gc,phases      ] GC(176)   Pre Evacuate Collection Set: 0.1ms
[26.564s][info][gc,phases      ] GC(176)   Merge Heap Roots: 0.3ms
[26.564s][info][gc,phases      ] GC(176)   Evacuate Collection Set: 11.9ms
[26.564s][info][gc,phases      ] GC(176)   Post Evacuate Collection Set: 0.3ms
[26.565s][info][gc,phases      ] GC(176)   Other: 0.1ms
[26.565s][info][gc,heap        ] GC(176) Eden regions: 31->0(22)
[26.565s][info][gc,heap        ] GC(176) Survivor regions: 7->5(5)
[26.565s][info][gc,heap        ] GC(176) Old regions: 422->447
[26.565s][info][gc,heap        ] GC(176) Archive regions: 0->0
[26.565s][info][gc,heap        ] GC(176) Humongous regions: 1->1
[26.565s][info][gc,metaspace   ] GC(176) Metaspace: 16632K(17344K)->16632K(17344K) NonClass: 14212K(14656K)->14212K(14656K) Class: 2420K(2688K)->2420K(2688K)
[26.565s][info][gc             ] GC(176) Pause Young (Normal) (G1 Evacuation Pause) 458M->450M(512M) 12.878ms
[26.565s][info][gc,cpu         ] GC(176) User=0.19s Sys=0.00s Real=0.02s
[26.585s][info][gc,marking     ] GC(171) Concurrent Rebuild Remembered Sets and Scrub Regions 168.079ms
[26.586s][info][gc,start       ] GC(171) Pause Cleanup
[26.586s][info][gc             ] GC(171) Pause Cleanup 469M->469M(512M) 0.197ms
[26.586s][info][gc,cpu         ] GC(171) User=0.00s Sys=0.00s Real=0.00s
[26.586s][info][gc,marking     ] GC(171) Concurrent Clear Claimed Marks
[26.586s][info][gc,marking     ] GC(171) Concurrent Clear Claimed Marks 0.037ms
[26.586s][info][gc,marking     ] GC(171) Concurrent Cleanup for Next Mark
[26.586s][info][gc,marking     ] GC(171) Concurrent Cleanup for Next Mark 0.530ms
[26.586s][info][gc             ] GC(171) Concurrent Mark Cycle 293.654ms
[26.589s][info][gc,start       ] GC(177) Pause Young (Prepare Mixed) (G1 Evacuation Pause)
[26.589s][info][gc,task        ] GC(177) Using 12 workers of 33 for evacuation
[26.600s][info][gc,phases      ] GC(177)   Pre Evacuate Collection Set: 0.1ms
[26.600s][info][gc,phases      ] GC(177)   Merge Heap Roots: 0.3ms
[26.600s][info][gc,phases      ] GC(177)   Evacuate Collection Set: 10.9ms
[26.600s][info][gc,phases      ] GC(177)   Post Evacuate Collection Set: 0.2ms
[26.600s][info][gc,phases      ] GC(177)   Other: 0.1ms
[26.600s][info][gc,heap        ] GC(177) Eden regions: 22->0(21)
[26.600s][info][gc,heap        ] GC(177) Survivor regions: 5->4(4)
[26.600s][info][gc,heap        ] GC(177) Old regions: 447->465
[26.600s][info][gc,heap        ] GC(177) Archive regions: 0->0
[26.600s][info][gc,heap        ] GC(177) Humongous regions: 1->1
[26.600s][info][gc,metaspace   ] GC(177) Metaspace: 16632K(17344K)->16632K(17344K) NonClass: 14212K(14656K)->14212K(14656K) Class: 2420K(2688K)->2420K(2688K)
[26.600s][info][gc             ] GC(177) Pause Young (Prepare Mixed) (G1 Evacuation Pause) 472M->467M(512M) 11.733ms
[26.600s][info][gc,cpu         ] GC(177) User=0.19s Sys=0.00s Real=0.01s
[26.678s][info][gc,start       ] GC(178) Pause Young (Mixed) (G1 Evacuation Pause)
[26.678s][info][gc,task        ] GC(178) Using 12 workers of 33 for evacuation
[26.697s][info][gc,phases      ] GC(178)   Pre Evacuate Collection Set: 0.1ms
[26.697s][info][gc,phases      ] GC(178)   Merge Heap Roots: 1.1ms
[26.697s][info][gc,phases      ] GC(178)   Evacuate Collection Set: 17.2ms
[26.697s][info][gc,phases      ] GC(178)   Post Evacuate Collection Set: 0.3ms
[26.697s][info][gc,phases      ] GC(178)   Other: 0.1ms
[26.697s][info][gc,heap        ] GC(178) Eden regions: 21->0(21)
[26.697s][info][gc,heap        ] GC(178) Survivor regions: 4->4(4)
[26.697s][info][gc,heap        ] GC(178) Old regions: 465->470
[26.697s][info][gc,heap        ] GC(178) Archive regions: 0->0
[26.697s][info][gc,heap        ] GC(178) Humongous regions: 2->2
[26.698s][info][gc,metaspace   ] GC(178) Metaspace: 16632K(17344K)->16632K(17344K) NonClass: 14212K(14656K)->14212K(14656K) Class: 2420K(2688K)->2420K(2688K)
[26.698s][info][gc             ] GC(178) Pause Young (Mixed) (G1 Evacuation Pause) 489M->473M(512M) 19.403ms
[26.698s][info][gc,cpu         ] GC(178) User=0.19s Sys=0.00s Real=0.02s
[26.758s][info][gc,start       ] GC(179) Pause Young (Concurrent Start) (G1 Evacuation Pause)
[26.758s][info][gc,task        ] GC(179) Using 12 workers of 33 for evacuation
[26.776s][info][gc,phases      ] GC(179)   Pre Evacuate Collection Set: 0.2ms
[26.776s][info][gc,phases      ] GC(179)   Merge Heap Roots: 1.3ms
[26.776s][info][gc,phases      ] GC(179)   Evacuate Collection Set: 16.0ms
[26.776s][info][gc,phases      ] GC(179)   Post Evacuate Collection Set: 0.3ms
[26.776s][info][gc,phases      ] GC(179)   Other: 0.2ms
[26.776s][info][gc,heap        ] GC(179) Eden regions: 21->0(21)
[26.776s][info][gc,heap        ] GC(179) Survivor regions: 4->4(4)
[26.776s][info][gc,heap        ] GC(179) Old regions: 470->474
[26.776s][info][gc,heap        ] GC(179) Archive regions: 0->0
[26.776s][info][gc,heap        ] GC(179) Humongous regions: 2->2
[26.776s][info][gc,metaspace   ] GC(179) Metaspace: 16632K(17344K)->16632K(17344K) NonClass: 14212K(14656K)->14212K(14656K) Class: 2420K(2688K)->2420K(2688K)
[26.776s][info][gc             ] GC(179) Pause Young (Concurrent Start) (G1 Evacuation Pause) 494M->477M(512M) 18.501ms
[26.776s][info][gc             ] GC(180) Concurrent Mark Cycle
[26.776s][info][gc,cpu         ] GC(179) User=0.19s Sys=0.00s Real=0.02s
[26.776s][info][gc,marking     ] GC(180) Concurrent Scan Root Regions
[26.783s][info][gc,marking     ] GC(180) Concurrent Scan Root Regions 6.718ms
[26.783s][info][gc,marking     ] GC(180) Concurrent Mark
[26.783s][info][gc,marking     ] GC(180) Concurrent Mark From Roots
[26.783s][info][gc,task        ] GC(180) Using 8 workers of 8 for marking
[26.848s][info][gc,start       ] GC(181) Pause Young (Normal) (G1 Evacuation Pause)
[26.848s][info][gc,task        ] GC(181) Using 12 workers of 33 for evacuation
[26.860s][info][gc,phases      ] GC(181)   Pre Evacuate Collection Set: 0.1ms
[26.861s][info][gc,phases      ] GC(181)   Merge Heap Roots: 1.0ms
[26.861s][info][gc,phases      ] GC(181)   Evacuate Collection Set: 11.1ms
[26.861s][info][gc,phases      ] GC(181)   Post Evacuate Collection Set: 0.2ms
[26.861s][info][gc,phases      ] GC(181)   Other: 0.1ms
[26.861s][info][gc,heap        ] GC(181) Eden regions: 21->0(21)
[26.861s][info][gc,heap        ] GC(181) Survivor regions: 4->4(4)
[26.861s][info][gc,heap        ] GC(181) Old regions: 474->476
[26.861s][info][gc,heap        ] GC(181) Archive regions: 0->0
[26.861s][info][gc,heap        ] GC(181) Humongous regions: 2->2
[26.861s][info][gc,metaspace   ] GC(181) Metaspace: 16632K(17344K)->16632K(17344K) NonClass: 14212K(14656K)->14212K(14656K) Class: 2420K(2688K)->2420K(2688K)
[26.861s][info][gc             ] GC(181) Pause Young (Normal) (G1 Evacuation Pause) 498M->479M(512M) 12.900ms
[26.861s][info][gc,cpu         ] GC(181) User=0.19s Sys=0.00s Real=0.02s
[26.931s][info][gc,start       ] GC(182) Pause Young (Normal) (G1 Evacuation Pause)
[26.931s][info][gc,task        ] GC(182) Using 12 workers of 33 for evacuation
[26.941s][info][gc,phases      ] GC(182)   Pre Evacuate Collection Set: 0.1ms
[26.941s][info][gc,phases      ] GC(182)   Merge Heap Roots: 0.8ms
[26.941s][info][gc,phases      ] GC(182)   Evacuate Collection Set: 8.6ms
[26.941s][info][gc,phases      ] GC(182)   Post Evacuate Collection Set: 0.2ms
[26.941s][info][gc,phases      ] GC(182)   Other: 0.1ms
[26.941s][info][gc,heap        ] GC(182) Eden regions: 21->0(22)
[26.941s][info][gc,heap        ] GC(182) Survivor regions: 4->3(4)
[26.941s][info][gc,heap        ] GC(182) Old regions: 476->478
[26.941s][info][gc,heap        ] GC(182) Archive regions: 0->0
[26.941s][info][gc,heap        ] GC(182) Humongous regions: 2->2
[26.941s][info][gc,metaspace   ] GC(182) Metaspace: 16632K(17344K)->16632K(17344K) NonClass: 14212K(14656K)->14212K(14656K) Class: 2420K(2688K)->2420K(2688K)
[26.941s][info][gc             ] GC(182) Pause Young (Normal) (G1 Evacuation Pause) 500M->479M(512M) 10.082ms
[26.941s][info][gc,cpu         ] GC(182) User=0.19s Sys=0.00s Real=0.02s
[26.946s][info][gc,marking     ] GC(180) Concurrent Mark From Roots 162.405ms
[26.946s][info][gc,marking     ] GC(180) Concurrent Preclean
[26.946s][info][gc,marking     ] GC(180) Concurrent Preclean 0.027ms
[26.946s][info][gc,start       ] GC(180) Pause Remark
[26.947s][info][gc             ] GC(180) Pause Remark 481M->481M(512M) 1.135ms
[26.947s][info][gc,cpu         ] GC(180) User=0.00s Sys=0.00s Real=0.00s
[26.947s][info][gc,marking     ] GC(180) Concurrent Mark 163.783ms
[26.947s][info][gc,marking     ] GC(180) Concurrent Rebuild Remembered Sets and Scrub Regions
[27.096s][info][gc,marking     ] GC(180) Concurrent Rebuild Remembered Sets and Scrub Regions 148.761ms
[27.096s][info][gc,start       ] GC(180) Pause Cleanup
[27.096s][info][gc             ] GC(180) Pause Cleanup 493M->493M(512M) 0.295ms
[27.096s][info][gc,cpu         ] GC(180) User=0.19s Sys=0.00s Real=0.01s
[27.096s][info][gc,marking     ] GC(180) Concurrent Clear Claimed Marks
[27.096s][info][gc,marking     ] GC(180) Concurrent Clear Claimed Marks 0.035ms
[27.096s][info][gc,marking     ] GC(180) Concurrent Cleanup for Next Mark
[27.097s][info][gc,marking     ] GC(180) Concurrent Cleanup for Next Mark 0.333ms
[27.097s][info][gc             ] GC(180) Concurrent Mark Cycle 320.340ms
[27.349s][info][gc,start       ] GC(183) Pause Young (Prepare Mixed) (G1 Evacuation Pause)
[27.349s][info][gc,task        ] GC(183) Using 12 workers of 33 for evacuation
[27.358s][info][gc,phases      ] GC(183)   Pre Evacuate Collection Set: 0.1ms
[27.358s][info][gc,phases      ] GC(183)   Merge Heap Roots: 0.7ms
[27.358s][info][gc,phases      ] GC(183)   Evacuate Collection Set: 7.5ms
[27.358s][info][gc,phases      ] GC(183)   Post Evacuate Collection Set: 0.4ms
[27.358s][info][gc,phases      ] GC(183)   Other: 0.1ms
[27.358s][info][gc,heap        ] GC(183) Eden regions: 22->0(23)
[27.358s][info][gc,heap        ] GC(183) Survivor regions: 3->2(4)
[27.358s][info][gc,heap        ] GC(183) Old regions: 478->479
[27.358s][info][gc,heap        ] GC(183) Archive regions: 0->0
[27.358s][info][gc,heap        ] GC(183) Humongous regions: 2->2
[27.358s][info][gc,metaspace   ] GC(183) Metaspace: 16636K(17344K)->16636K(17344K) NonClass: 14215K(14656K)->14215K(14656K) Class: 2420K(2688K)->2420K(2688K)
[27.358s][info][gc             ] GC(183) Pause Young (Prepare Mixed) (G1 Evacuation Pause) 501M->480M(512M) 9.158ms
[27.358s][info][gc,cpu         ] GC(183) User=0.00s Sys=0.00s Real=0.00s
[28.368s][info][gc,start       ] GC(184) Pause Young (Mixed) (G1 Evacuation Pause)
[28.368s][info][gc,task        ] GC(184) Using 12 workers of 33 for evacuation
[28.371s][info][gc,phases      ] GC(184)   Pre Evacuate Collection Set: 0.1ms
[28.371s][info][gc,phases      ] GC(184)   Merge Heap Roots: 0.1ms
[28.371s][info][gc,phases      ] GC(184)   Evacuate Collection Set: 2.6ms
[28.371s][info][gc,phases      ] GC(184)   Post Evacuate Collection Set: 0.3ms
[28.371s][info][gc,phases      ] GC(184)   Other: 0.1ms
[28.371s][info][gc,heap        ] GC(184) Eden regions: 23->0(23)
[28.371s][info][gc,heap        ] GC(184) Survivor regions: 2->2(4)
[28.371s][info][gc,heap        ] GC(184) Old regions: 479->471
[28.371s][info][gc,heap        ] GC(184) Archive regions: 0->0
[28.371s][info][gc,heap        ] GC(184) Humongous regions: 2->2
[28.371s][info][gc,metaspace   ] GC(184) Metaspace: 16636K(17344K)->16636K(17344K) NonClass: 14215K(14656K)->14215K(14656K) Class: 2420K(2688K)->2420K(2688K)
[28.371s][info][gc             ] GC(184) Pause Young (Mixed) (G1 Evacuation Pause) 503M->471M(512M) 3.389ms
[28.371s][info][gc,cpu         ] GC(184) User=0.00s Sys=0.00s Real=0.00s
[29.254s][info][gc,start       ] GC(185) Pause Young (Concurrent Start) (G1 Evacuation Pause)
[29.254s][info][gc,task        ] GC(185) Using 12 workers of 33 for evacuation
[29.256s][info][gc,phases      ] GC(185)   Pre Evacuate Collection Set: 0.2ms
[29.256s][info][gc,phases      ] GC(185)   Merge Heap Roots: 0.1ms
[29.256s][info][gc,phases      ] GC(185)   Evacuate Collection Set: 1.4ms
[29.256s][info][gc,phases      ] GC(185)   Post Evacuate Collection Set: 0.3ms
[29.256s][info][gc,phases      ] GC(185)   Other: 0.1ms
[29.256s][info][gc,heap        ] GC(185) Eden regions: 23->0(23)
[29.256s][info][gc,heap        ] GC(185) Survivor regions: 2->2(4)
[29.256s][info][gc,heap        ] GC(185) Old regions: 471->471
[29.256s][info][gc,heap        ] GC(185) Archive regions: 0->0
[29.256s][info][gc,heap        ] GC(185) Humongous regions: 2->2
[29.256s][info][gc,metaspace   ] GC(185) Metaspace: 16636K(17344K)->16636K(17344K) NonClass: 14215K(14656K)->14215K(14656K) Class: 2420K(2688K)->2420K(2688K)
[29.256s][info][gc             ] GC(185) Pause Young (Concurrent Start) (G1 Evacuation Pause) 494M->471M(512M) 2.483ms
[29.256s][info][gc,cpu         ] GC(185) User=0.00s Sys=0.00s Real=0.00s
[29.256s][info][gc             ] GC(186) Concurrent Mark Cycle
[29.256s][info][gc,marking     ] GC(186) Concurrent Scan Root Regions
[29.259s][info][gc,marking     ] GC(186) Concurrent Scan Root Regions 2.320ms
[29.259s][info][gc,marking     ] GC(186) Concurrent Mark
[29.259s][info][gc,marking     ] GC(186) Concurrent Mark From Roots
[29.259s][info][gc,task        ] GC(186) Using 8 workers of 8 for marking
[29.275s][info][gc,marking     ] GC(186) Concurrent Mark From Roots 15.748ms
[29.275s][info][gc,marking     ] GC(186) Concurrent Preclean
[29.275s][info][gc,marking     ] GC(186) Concurrent Preclean 0.038ms
[29.275s][info][gc,start       ] GC(186) Pause Remark
[29.276s][info][gc             ] GC(186) Pause Remark 472M->114M(394M) 1.184ms
[29.276s][info][gc,cpu         ] GC(186) User=0.00s Sys=0.00s Real=0.00s
[29.276s][info][gc,marking     ] GC(186) Concurrent Mark 17.238ms
[29.276s][info][gc,marking     ] GC(186) Concurrent Rebuild Remembered Sets and Scrub Regions
[29.285s][info][gc,marking     ] GC(186) Concurrent Rebuild Remembered Sets and Scrub Regions 8.562ms
[29.285s][info][gc,start       ] GC(186) Pause Cleanup
[29.285s][info][gc             ] GC(186) Pause Cleanup 114M->114M(394M) 0.209ms
[29.285s][info][gc,cpu         ] GC(186) User=0.00s Sys=0.00s Real=0.00s
[29.285s][info][gc,marking     ] GC(186) Concurrent Clear Claimed Marks
[29.285s][info][gc,marking     ] GC(186) Concurrent Clear Claimed Marks 0.036ms
[29.285s][info][gc,marking     ] GC(186) Concurrent Cleanup for Next Mark
[29.285s][info][gc,marking     ] GC(186) Concurrent Cleanup for Next Mark 0.234ms
[29.285s][info][gc             ] GC(186) Concurrent Mark Cycle 28.985ms
[36.223s][info][gc,start       ] GC(187) Pause Young (Prepare Mixed) (G1 Evacuation Pause)
[36.223s][info][gc,task        ] GC(187) Using 10 workers of 33 for evacuation
[36.229s][info][gc,phases      ] GC(187)   Pre Evacuate Collection Set: 0.1ms
[36.229s][info][gc,phases      ] GC(187)   Merge Heap Roots: 0.1ms
[36.229s][info][gc,phases      ] GC(187)   Evacuate Collection Set: 5.5ms
[36.229s][info][gc,phases      ] GC(187)   Post Evacuate Collection Set: 0.5ms
[36.230s][info][gc,phases      ] GC(187)   Other: 0.1ms
[36.230s][info][gc,heap        ] GC(187) Eden regions: 17->0(121)
[36.230s][info][gc,heap        ] GC(187) Survivor regions: 2->3(3)
[36.230s][info][gc,heap        ] GC(187) Old regions: 114->122
[36.230s][info][gc,heap        ] GC(187) Archive regions: 0->0
[36.230s][info][gc,heap        ] GC(187) Humongous regions: 1->1
[36.230s][info][gc,metaspace   ] GC(187) Metaspace: 16637K(17344K)->16637K(17344K) NonClass: 14216K(14656K)->14216K(14656K) Class: 2420K(2688K)->2420K(2688K)
[36.230s][info][gc             ] GC(187) Pause Young (Prepare Mixed) (G1 Evacuation Pause) 130M->122M(394M) 6.780ms
[36.230s][info][gc,cpu         ] GC(187) User=0.16s Sys=0.00s Real=0.02s
[36.327s][info][gc,start       ] GC(188) Pause Young (Mixed) (G1 Evacuation Pause)
[36.328s][info][gc,task        ] GC(188) Using 9 workers of 33 for evacuation
[36.359s][info][gc,phases      ] GC(188)   Pre Evacuate Collection Set: 0.1ms
[36.359s][info][gc,phases      ] GC(188)   Merge Heap Roots: 0.1ms
[36.359s][info][gc,phases      ] GC(188)   Evacuate Collection Set: 30.8ms
[36.359s][info][gc,phases      ] GC(188)   Post Evacuate Collection Set: 0.4ms
[36.359s][info][gc,phases      ] GC(188)   Other: 0.1ms
[36.359s][info][gc,heap        ] GC(188) Eden regions: 121->0(115)
[36.359s][info][gc,heap        ] GC(188) Survivor regions: 3->16(16)
[36.359s][info][gc,heap        ] GC(188) Old regions: 122->124
[36.359s][info][gc,heap        ] GC(188) Archive regions: 0->0
[36.359s][info][gc,heap        ] GC(188) Humongous regions: 1->1
[36.359s][info][gc,metaspace   ] GC(188) Metaspace: 16637K(17344K)->16637K(17344K) NonClass: 14216K(14656K)->14216K(14656K) Class: 2420K(2688K)->2420K(2688K)
[36.359s][info][gc             ] GC(188) Pause Young (Mixed) (G1 Evacuation Pause) 243M->138M(394M) 31.870ms
[36.359s][info][gc,cpu         ] GC(188) User=0.28s Sys=0.00s Real=0.03s
[36.458s][info][gc,start       ] GC(189) Pause Young (Mixed) (G1 Evacuation Pause)
[36.458s][info][gc,task        ] GC(189) Using 9 workers of 33 for evacuation
[36.496s][info][gc,phases      ] GC(189)   Pre Evacuate Collection Set: 0.1ms
[36.496s][info][gc,phases      ] GC(189)   Merge Heap Roots: 0.6ms
[36.496s][info][gc,phases      ] GC(189)   Evacuate Collection Set: 36.4ms
[36.496s][info][gc,phases      ] GC(189)   Post Evacuate Collection Set: 0.3ms
[36.496s][info][gc,phases      ] GC(189)   Other: 0.2ms
[36.496s][info][gc,heap        ] GC(189) Eden regions: 115->0(107)
[36.496s][info][gc,heap        ] GC(189) Survivor regions: 16->17(17)
[36.496s][info][gc,heap        ] GC(189) Old regions: 124->143
[36.496s][info][gc,heap        ] GC(189) Archive regions: 0->0
[36.496s][info][gc,heap        ] GC(189) Humongous regions: 1->1
[36.496s][info][gc,metaspace   ] GC(189) Metaspace: 16637K(17344K)->16637K(17344K) NonClass: 14216K(14656K)->14216K(14656K) Class: 2420K(2688K)->2420K(2688K)
[36.496s][info][gc             ] GC(189) Pause Young (Mixed) (G1 Evacuation Pause) 253M->159M(394M) 38.149ms
[36.496s][info][gc,cpu         ] GC(189) User=0.42s Sys=0.00s Real=0.05s
[36.603s][info][gc,start       ] GC(190) Pause Young (Concurrent Start) (G1 Evacuation Pause)
[36.603s][info][gc,task        ] GC(190) Using 9 workers of 33 for evacuation
[36.639s][info][gc,phases      ] GC(190)   Pre Evacuate Collection Set: 0.2ms
[36.639s][info][gc,phases      ] GC(190)   Merge Heap Roots: 0.1ms
[36.639s][info][gc,phases      ] GC(190)   Evacuate Collection Set: 35.2ms
[36.639s][info][gc,phases      ] GC(190)   Post Evacuate Collection Set: 0.3ms
[36.639s][info][gc,phases      ] GC(190)   Other: 0.1ms
[36.639s][info][gc,heap        ] GC(190) Eden regions: 107->0(85)
[36.639s][info][gc,heap        ] GC(190) Survivor regions: 17->16(16)
[36.639s][info][gc,heap        ] GC(190) Old regions: 143->193
[36.639s][info][gc,heap        ] GC(190) Archive regions: 0->0
[36.639s][info][gc,heap        ] GC(190) Humongous regions: 1->1
[36.639s][info][gc,metaspace   ] GC(190) Metaspace: 16637K(17344K)->16637K(17344K) NonClass: 14216K(14656K)->14216K(14656K) Class: 2420K(2688K)->2420K(2688K)
[36.639s][info][gc             ] GC(190) Pause Young (Concurrent Start) (G1 Evacuation Pause) 266M->207M(394M) 36.214ms
[36.639s][info][gc             ] GC(191) Concurrent Mark Cycle
[36.639s][info][gc,cpu         ] GC(190) User=0.28s Sys=0.00s Real=0.03s
[36.639s][info][gc,marking     ] GC(191) Concurrent Scan Root Regions
[36.649s][info][gc,marking     ] GC(191) Concurrent Scan Root Regions 10.253ms
[36.649s][info][gc,marking     ] GC(191) Concurrent Mark
[36.649s][info][gc,marking     ] GC(191) Concurrent Mark From Roots
[36.649s][info][gc,task        ] GC(191) Using 8 workers of 8 for marking
[36.680s][info][gc,marking     ] GC(191) Concurrent Mark From Roots 30.324ms
[36.680s][info][gc,marking     ] GC(191) Concurrent Preclean
[36.680s][info][gc,marking     ] GC(191) Concurrent Preclean 0.028ms
[36.680s][info][gc,start       ] GC(191) Pause Remark
[36.681s][info][gc             ] GC(191) Pause Remark 249M->218M(394M) 1.072ms
[36.681s][info][gc,cpu         ] GC(191) User=0.00s Sys=0.00s Real=0.00s
[36.681s][info][gc,marking     ] GC(191) Concurrent Mark 31.640ms
[36.681s][info][gc,marking     ] GC(191) Concurrent Rebuild Remembered Sets and Scrub Regions
[36.733s][info][gc,start       ] GC(192) Pause Young (Normal) (G1 Evacuation Pause)
[36.734s][info][gc,task        ] GC(192) Using 9 workers of 33 for evacuation
[36.756s][info][gc,phases      ] GC(192)   Pre Evacuate Collection Set: 0.1ms
[36.756s][info][gc,phases      ] GC(192)   Merge Heap Roots: 0.1ms
[36.756s][info][gc,phases      ] GC(192)   Evacuate Collection Set: 21.9ms
[36.756s][info][gc,phases      ] GC(192)   Post Evacuate Collection Set: 0.4ms
[36.756s][info][gc,phases      ] GC(192)   Other: 0.1ms
[36.756s][info][gc,heap        ] GC(192) Eden regions: 85->0(83)
[36.756s][info][gc,heap        ] GC(192) Survivor regions: 16->13(13)
[36.756s][info][gc,heap        ] GC(192) Old regions: 163->204
[36.756s][info][gc,heap        ] GC(192) Archive regions: 0->0
[36.756s][info][gc,heap        ] GC(192) Humongous regions: 0->0
[36.756s][info][gc,metaspace   ] GC(192) Metaspace: 16637K(17344K)->16637K(17344K) NonClass: 14216K(14656K)->14216K(14656K) Class: 2420K(2688K)->2420K(2688K)
[36.757s][info][gc             ] GC(192) Pause Young (Normal) (G1 Evacuation Pause) 261M->215M(394M) 23.095ms
[36.757s][info][gc,cpu         ] GC(192) User=0.14s Sys=0.00s Real=0.02s
[36.771s][info][gc,marking     ] GC(191) Concurrent Rebuild Remembered Sets and Scrub Regions 89.556ms
[36.771s][info][gc,start       ] GC(191) Pause Cleanup
[36.771s][info][gc             ] GC(191) Pause Cleanup 227M->227M(394M) 0.233ms
[36.771s][info][gc,cpu         ] GC(191) User=0.00s Sys=0.00s Real=0.00s
[36.771s][info][gc,marking     ] GC(191) Concurrent Clear Claimed Marks
[36.771s][info][gc,marking     ] GC(191) Concurrent Clear Claimed Marks 0.024ms
[36.771s][info][gc,marking     ] GC(191) Concurrent Cleanup for Next Mark
[36.771s][info][gc,marking     ] GC(191) Concurrent Cleanup for Next Mark 0.238ms
[36.771s][info][gc             ] GC(191) Concurrent Mark Cycle 132.300ms
[36.834s][info][gc,start       ] GC(193) Pause Young (Prepare Mixed) (G1 Evacuation Pause)
[36.834s][info][gc,task        ] GC(193) Using 9 workers of 33 for evacuation
[36.869s][info][gc,phases      ] GC(193)   Pre Evacuate Collection Set: 0.1ms
[36.869s][info][gc,phases      ] GC(193)   Merge Heap Roots: 1.0ms
[36.869s][info][gc,phases      ] GC(193)   Evacuate Collection Set: 33.4ms
[36.869s][info][gc,phases      ] GC(193)   Post Evacuate Collection Set: 0.3ms
[36.869s][info][gc,phases      ] GC(193)   Other: 0.1ms
[36.869s][info][gc,heap        ] GC(193) Eden regions: 83->0(65)
[36.869s][info][gc,heap        ] GC(193) Survivor regions: 13->12(12)
[36.870s][info][gc,heap        ] GC(193) Old regions: 204->244
[36.870s][info][gc,heap        ] GC(193) Archive regions: 0->0
[36.870s][info][gc,heap        ] GC(193) Humongous regions: 0->0
[36.870s][info][gc,metaspace   ] GC(193) Metaspace: 16637K(17344K)->16637K(17344K) NonClass: 14216K(14656K)->14216K(14656K) Class: 2420K(2688K)->2420K(2688K)
[36.870s][info][gc             ] GC(193) Pause Young (Prepare Mixed) (G1 Evacuation Pause) 298M->253M(394M) 35.439ms
[36.870s][info][gc,cpu         ] GC(193) User=0.28s Sys=0.00s Real=0.03s
[36.928s][info][gc,start       ] GC(194) Pause Young (Mixed) (G1 Evacuation Pause)
[36.928s][info][gc,task        ] GC(194) Using 9 workers of 33 for evacuation
[36.953s][info][gc,phases      ] GC(194)   Pre Evacuate Collection Set: 0.1ms
[36.953s][info][gc,phases      ] GC(194)   Merge Heap Roots: 0.1ms
[36.953s][info][gc,phases      ] GC(194)   Evacuate Collection Set: 24.9ms
[36.953s][info][gc,phases      ] GC(194)   Post Evacuate Collection Set: 0.3ms
[36.953s][info][gc,phases      ] GC(194)   Other: 0.1ms
[36.953s][info][gc,heap        ] GC(194) Eden regions: 65->0(52)
[36.953s][info][gc,heap        ] GC(194) Survivor regions: 12->10(10)
[36.953s][info][gc,heap        ] GC(194) Old regions: 244->274
[36.953s][info][gc,heap        ] GC(194) Archive regions: 0->0
[36.954s][info][gc,heap        ] GC(194) Humongous regions: 0->0
[36.954s][info][gc,metaspace   ] GC(194) Metaspace: 16637K(17344K)->16637K(17344K) NonClass: 14216K(14656K)->14216K(14656K) Class: 2420K(2688K)->2420K(2688K)
[36.954s][info][gc             ] GC(194) Pause Young (Mixed) (G1 Evacuation Pause) 318M->281M(394M) 25.985ms
[36.954s][info][gc,cpu         ] GC(194) User=0.28s Sys=0.00s Real=0.03s
[37.000s][info][gc,start       ] GC(195) Pause Young (Concurrent Start) (G1 Evacuation Pause)
[37.000s][info][gc,task        ] GC(195) Using 9 workers of 33 for evacuation
[37.022s][info][gc,phases      ] GC(195)   Pre Evacuate Collection Set: 0.2ms
[37.022s][info][gc,phases      ] GC(195)   Merge Heap Roots: 0.1ms
[37.022s][info][gc,phases      ] GC(195)   Evacuate Collection Set: 20.5ms
[37.022s][info][gc,phases      ] GC(195)   Post Evacuate Collection Set: 0.9ms
[37.022s][info][gc,phases      ] GC(195)   Other: 0.2ms
[37.022s][info][gc,heap        ] GC(195) Eden regions: 52->0(59)
[37.022s][info][gc,heap        ] GC(195) Survivor regions: 10->8(8)
[37.022s][info][gc,heap        ] GC(195) Old regions: 274->301
[37.022s][info][gc,heap        ] GC(195) Archive regions: 0->0
[37.022s][info][gc,heap        ] GC(195) Humongous regions: 0->0
[37.022s][info][gc,metaspace   ] GC(195) Metaspace: 16637K(17344K)->16637K(17344K) NonClass: 14216K(14656K)->14216K(14656K) Class: 2420K(2688K)->2420K(2688K)
[37.022s][info][gc             ] GC(195) Pause Young (Concurrent Start) (G1 Evacuation Pause) 333M->306M(434M) 22.394ms
[37.022s][info][gc             ] GC(196) Concurrent Mark Cycle
[37.022s][info][gc,cpu         ] GC(195) User=0.14s Sys=0.00s Real=0.02s
[37.022s][info][gc,marking     ] GC(196) Concurrent Scan Root Regions
[37.030s][info][gc,marking     ] GC(196) Concurrent Scan Root Regions 7.866ms
[37.030s][info][gc,marking     ] GC(196) Concurrent Mark
[37.030s][info][gc,marking     ] GC(196) Concurrent Mark From Roots
[37.030s][info][gc,task        ] GC(196) Using 8 workers of 8 for marking
[37.085s][info][gc,start       ] GC(197) Pause Young (Normal) (G1 Evacuation Pause)
[37.085s][info][gc,task        ] GC(197) Using 10 workers of 33 for evacuation
[37.099s][info][gc,phases      ] GC(197)   Pre Evacuate Collection Set: 0.1ms
[37.099s][info][gc,phases      ] GC(197)   Merge Heap Roots: 0.1ms
[37.099s][info][gc,phases      ] GC(197)   Evacuate Collection Set: 13.3ms
[37.099s][info][gc,phases      ] GC(197)   Post Evacuate Collection Set: 0.2ms
[37.099s][info][gc,phases      ] GC(197)   Other: 0.1ms
[37.099s][info][gc,heap        ] GC(197) Eden regions: 59->0(46)
[37.099s][info][gc,heap        ] GC(197) Survivor regions: 8->9(9)
[37.099s][info][gc,heap        ] GC(197) Old regions: 301->328
[37.099s][info][gc,heap        ] GC(197) Archive regions: 0->0
[37.099s][info][gc,heap        ] GC(197) Humongous regions: 0->0
[37.099s][info][gc,metaspace   ] GC(197) Metaspace: 16637K(17344K)->16637K(17344K) NonClass: 14216K(14656K)->14216K(14656K) Class: 2420K(2688K)->2420K(2688K)
[37.099s][info][gc             ] GC(197) Pause Young (Normal) (G1 Evacuation Pause) 365M->334M(434M) 14.296ms
[37.099s][info][gc,cpu         ] GC(197) User=0.16s Sys=0.00s Real=0.02s
[37.125s][info][gc,marking     ] GC(196) Concurrent Mark From Roots 95.259ms
[37.126s][info][gc,marking     ] GC(196) Concurrent Preclean
[37.126s][info][gc,marking     ] GC(196) Concurrent Preclean 0.041ms
[37.126s][info][gc,start       ] GC(196) Pause Remark
[37.128s][info][gc             ] GC(196) Pause Remark 360M->360M(512M) 2.285ms
[37.128s][info][gc,cpu         ] GC(196) User=0.00s Sys=0.00s Real=0.00s
[37.128s][info][gc,marking     ] GC(196) Concurrent Mark 97.882ms
[37.128s][info][gc,marking     ] GC(196) Concurrent Rebuild Remembered Sets and Scrub Regions
[37.156s][info][gc,start       ] GC(198) Pause Young (Normal) (G1 Evacuation Pause)
[37.156s][info][gc,task        ] GC(198) Using 12 workers of 33 for evacuation
[37.168s][info][gc,phases      ] GC(198)   Pre Evacuate Collection Set: 0.1ms
[37.168s][info][gc,phases      ] GC(198)   Merge Heap Roots: 0.1ms
[37.168s][info][gc,phases      ] GC(198)   Evacuate Collection Set: 11.6ms
[37.168s][info][gc,phases      ] GC(198)   Post Evacuate Collection Set: 0.3ms
[37.168s][info][gc,phases      ] GC(198)   Other: 0.1ms
[37.168s][info][gc,heap        ] GC(198) Eden regions: 46->0(73)
[37.168s][info][gc,heap        ] GC(198) Survivor regions: 9->7(7)
[37.168s][info][gc,heap        ] GC(198) Old regions: 328->353
[37.168s][info][gc,heap        ] GC(198) Archive regions: 0->0
[37.168s][info][gc,heap        ] GC(198) Humongous regions: 0->0
[37.168s][info][gc,metaspace   ] GC(198) Metaspace: 16637K(17344K)->16637K(17344K) NonClass: 14217K(14656K)->14217K(14656K) Class: 2420K(2688K)->2420K(2688K)
[37.169s][info][gc             ] GC(198) Pause Young (Normal) (G1 Evacuation Pause) 380M->357M(512M) 12.606ms
[37.169s][info][gc,cpu         ] GC(198) User=0.19s Sys=0.00s Real=0.02s
[37.241s][info][gc,start       ] GC(199) Pause Young (Normal) (G1 Evacuation Pause)
[37.241s][info][gc,task        ] GC(199) Using 12 workers of 33 for evacuation
[37.259s][info][gc,phases      ] GC(199)   Pre Evacuate Collection Set: 0.1ms
[37.259s][info][gc,phases      ] GC(199)   Merge Heap Roots: 0.2ms
[37.259s][info][gc,phases      ] GC(199)   Evacuate Collection Set: 16.6ms
[37.259s][info][gc,phases      ] GC(199)   Post Evacuate Collection Set: 0.3ms
[37.259s][info][gc,phases      ] GC(199)   Other: 0.1ms
[37.259s][info][gc,heap        ] GC(199) Eden regions: 73->0(56)
[37.259s][info][gc,heap        ] GC(199) Survivor regions: 7->10(10)
[37.259s][info][gc,heap        ] GC(199) Old regions: 353->385
[37.259s][info][gc,heap        ] GC(199) Archive regions: 0->0
[37.259s][info][gc,heap        ] GC(199) Humongous regions: 0->0
[37.259s][info][gc,metaspace   ] GC(199) Metaspace: 16637K(17344K)->16637K(17344K) NonClass: 14217K(14656K)->14217K(14656K) Class: 2420K(2688K)->2420K(2688K)
[37.259s][info][gc             ] GC(199) Pause Young (Normal) (G1 Evacuation Pause) 430M->392M(512M) 17.688ms
[37.259s][info][gc,cpu         ] GC(199) User=0.19s Sys=0.00s Real=0.02s
[37.294s][info][gc,marking     ] GC(196) Concurrent Rebuild Remembered Sets and Scrub Regions 165.917ms
[37.294s][info][gc,start       ] GC(196) Pause Cleanup
[37.294s][info][gc             ] GC(196) Pause Cleanup 431M->431M(512M) 0.214ms
[37.294s][info][gc,cpu         ] GC(196) User=0.00s Sys=0.00s Real=0.00s
[37.294s][info][gc,marking     ] GC(196) Concurrent Clear Claimed Marks
[37.294s][info][gc,marking     ] GC(196) Concurrent Clear Claimed Marks 0.038ms
[37.294s][info][gc,marking     ] GC(196) Concurrent Cleanup for Next Mark
[37.295s][info][gc,marking     ] GC(196) Concurrent Cleanup for Next Mark 0.597ms
[37.295s][info][gc             ] GC(196) Concurrent Mark Cycle 272.836ms
[37.324s][info][gc,start       ] GC(200) Pause Young (Prepare Mixed) (G1 Evacuation Pause)
[37.324s][info][gc,task        ] GC(200) Using 12 workers of 33 for evacuation
[37.346s][info][gc,phases      ] GC(200)   Pre Evacuate Collection Set: 0.1ms
[37.346s][info][gc,phases      ] GC(200)   Merge Heap Roots: 0.5ms
[37.346s][info][gc,phases      ] GC(200)   Evacuate Collection Set: 21.5ms
[37.346s][info][gc,phases      ] GC(200)   Post Evacuate Collection Set: 0.2ms
[37.347s][info][gc,phases      ] GC(200)   Other: 0.1ms
[37.347s][info][gc,heap        ] GC(200) Eden regions: 56->0(42)
[37.347s][info][gc,heap        ] GC(200) Survivor regions: 10->9(9)
[37.347s][info][gc,heap        ] GC(200) Old regions: 385->414
[37.347s][info][gc,heap        ] GC(200) Archive regions: 0->0
[37.347s][info][gc,heap        ] GC(200) Humongous regions: 0->0
[37.347s][info][gc,metaspace   ] GC(200) Metaspace: 16637K(17344K)->16637K(17344K) NonClass: 14217K(14656K)->14217K(14656K) Class: 2420K(2688K)->2420K(2688K)
[37.347s][info][gc             ] GC(200) Pause Young (Prepare Mixed) (G1 Evacuation Pause) 448M->420M(512M) 22.620ms
[37.347s][info][gc,cpu         ] GC(200) User=0.19s Sys=0.00s Real=0.02s
[37.386s][info][gc,start       ] GC(201) Pause Young (Mixed) (G1 Evacuation Pause)
[37.386s][info][gc,task        ] GC(201) Using 12 workers of 33 for evacuation
[37.404s][info][gc,phases      ] GC(201)   Pre Evacuate Collection Set: 0.1ms
[37.404s][info][gc,phases      ] GC(201)   Merge Heap Roots: 0.1ms
[37.404s][info][gc,phases      ] GC(201)   Evacuate Collection Set: 17.9ms
[37.404s][info][gc,phases      ] GC(201)   Post Evacuate Collection Set: 0.3ms
[37.404s][info][gc,phases      ] GC(201)   Other: 0.1ms
[37.404s][info][gc,heap        ] GC(201) Eden regions: 42->0(33)
[37.404s][info][gc,heap        ] GC(201) Survivor regions: 9->7(7)
[37.404s][info][gc,heap        ] GC(201) Old regions: 414->434
[37.405s][info][gc,heap        ] GC(201) Archive regions: 0->0
[37.405s][info][gc,heap        ] GC(201) Humongous regions: 0->0
[37.405s][info][gc,metaspace   ] GC(201) Metaspace: 16637K(17344K)->16637K(17344K) NonClass: 14217K(14656K)->14217K(14656K) Class: 2420K(2688K)->2420K(2688K)
[37.405s][info][gc             ] GC(201) Pause Young (Mixed) (G1 Evacuation Pause) 462M->438M(512M) 19.023ms
[37.405s][info][gc,cpu         ] GC(201) User=0.19s Sys=0.00s Real=0.01s
[37.440s][info][gc,start       ] GC(202) Pause Young (Concurrent Start) (G1 Evacuation Pause)
[37.440s][info][gc,task        ] GC(202) Using 12 workers of 33 for evacuation
[37.453s][info][gc,phases      ] GC(202)   Pre Evacuate Collection Set: 0.2ms
[37.453s][info][gc,phases      ] GC(202)   Merge Heap Roots: 0.1ms
[37.453s][info][gc,phases      ] GC(202)   Evacuate Collection Set: 12.4ms
[37.453s][info][gc,phases      ] GC(202)   Post Evacuate Collection Set: 0.3ms
[37.453s][info][gc,phases      ] GC(202)   Other: 0.1ms
[37.453s][info][gc,heap        ] GC(202) Eden regions: 33->0(22)
[37.453s][info][gc,heap        ] GC(202) Survivor regions: 7->5(5)
[37.453s][info][gc,heap        ] GC(202) Old regions: 434->453
[37.453s][info][gc,heap        ] GC(202) Archive regions: 0->0
[37.453s][info][gc,heap        ] GC(202) Humongous regions: 0->0
[37.453s][info][gc,metaspace   ] GC(202) Metaspace: 16637K(17344K)->16637K(17344K) NonClass: 14217K(14656K)->14217K(14656K) Class: 2420K(2688K)->2420K(2688K)
[37.453s][info][gc             ] GC(202) Pause Young (Concurrent Start) (G1 Evacuation Pause) 471M->455M(512M) 13.444ms
[37.453s][info][gc,cpu         ] GC(202) User=0.19s Sys=0.00s Real=0.02s
[37.453s][info][gc             ] GC(203) Concurrent Mark Cycle
[37.453s][info][gc,marking     ] GC(203) Concurrent Scan Root Regions
[37.462s][info][gc,marking     ] GC(203) Concurrent Scan Root Regions 8.245ms
[37.462s][info][gc,marking     ] GC(203) Concurrent Mark
[37.462s][info][gc,marking     ] GC(203) Concurrent Mark From Roots
[37.462s][info][gc,task        ] GC(203) Using 8 workers of 8 for marking
[37.483s][info][gc,start       ] GC(204) Pause Young (Normal) (G1 Evacuation Pause)
[37.483s][info][gc,task        ] GC(204) Using 12 workers of 33 for evacuation
[37.488s][info][gc,phases      ] GC(204)   Pre Evacuate Collection Set: 0.1ms
[37.488s][info][gc,phases      ] GC(204)   Merge Heap Roots: 0.0ms
[37.488s][info][gc,phases      ] GC(204)   Evacuate Collection Set: 4.7ms
[37.488s][info][gc,phases      ] GC(204)   Post Evacuate Collection Set: 0.2ms
[37.488s][info][gc,phases      ] GC(204)   Other: 0.1ms
[37.488s][info][gc,heap        ] GC(204) Eden regions: 22->0(21)
[37.489s][info][gc,heap        ] GC(204) Survivor regions: 5->4(4)
[37.489s][info][gc,heap        ] GC(204) Old regions: 453->466
[37.489s][info][gc,heap        ] GC(204) Archive regions: 0->0
[37.489s][info][gc,heap        ] GC(204) Humongous regions: 0->0
[37.489s][info][gc,metaspace   ] GC(204) Metaspace: 16637K(17344K)->16637K(17344K) NonClass: 14217K(14656K)->14217K(14656K) Class: 2420K(2688K)->2420K(2688K)
[37.489s][info][gc             ] GC(204) Pause Young (Normal) (G1 Evacuation Pause) 477M->467M(512M) 5.333ms
[37.489s][info][gc,cpu         ] GC(204) User=0.00s Sys=0.00s Real=0.00s
[37.556s][info][gc,start       ] GC(205) Pause Young (Normal) (G1 Evacuation Pause)
[37.556s][info][gc,task        ] GC(205) Using 12 workers of 33 for evacuation
[37.565s][info][gc,phases      ] GC(205)   Pre Evacuate Collection Set: 0.1ms
[37.565s][info][gc,phases      ] GC(205)   Merge Heap Roots: 0.4ms
[37.566s][info][gc,phases      ] GC(205)   Evacuate Collection Set: 8.2ms
[37.566s][info][gc,phases      ] GC(205)   Post Evacuate Collection Set: 0.3ms
[37.566s][info][gc,phases      ] GC(205)   Other: 0.1ms
[37.566s][info][gc,heap        ] GC(205) Eden regions: 21->0(21)
[37.566s][info][gc,heap        ] GC(205) Survivor regions: 4->4(4)
[37.566s][info][gc,heap        ] GC(205) Old regions: 466->479
[37.566s][info][gc,heap        ] GC(205) Archive regions: 0->0
[37.566s][info][gc,heap        ] GC(205) Humongous regions: 3->3
[37.566s][info][gc,metaspace   ] GC(205) Metaspace: 16637K(17344K)->16637K(17344K) NonClass: 14217K(14656K)->14217K(14656K) Class: 2420K(2688K)->2420K(2688K)
[37.566s][info][gc             ] GC(205) Pause Young (Normal) (G1 Evacuation Pause) 491M->483M(512M) 9.536ms
[37.566s][info][gc,cpu         ] GC(205) User=0.19s Sys=0.00s Real=0.02s
[37.604s][info][gc,marking     ] GC(203) Concurrent Mark From Roots 142.710ms
[37.604s][info][gc,marking     ] GC(203) Concurrent Preclean
[37.604s][info][gc,marking     ] GC(203) Concurrent Preclean 0.030ms
[37.620s][info][gc,start       ] GC(203) Pause Remark
[37.621s][info][gc             ] GC(203) Pause Remark 496M->496M(512M) 1.074ms
[37.621s][info][gc,cpu         ] GC(203) User=0.00s Sys=0.00s Real=0.00s
[37.621s][info][gc,marking     ] GC(203) Concurrent Mark 159.187ms
[37.621s][info][gc,marking     ] GC(203) Concurrent Rebuild Remembered Sets and Scrub Regions
[37.829s][info][gc,marking     ] GC(203) Concurrent Rebuild Remembered Sets and Scrub Regions 208.196ms
[37.830s][info][gc,start       ] GC(203) Pause Cleanup
[37.830s][info][gc             ] GC(203) Pause Cleanup 501M->501M(512M) 0.290ms
[37.830s][info][gc,cpu         ] GC(203) User=0.00s Sys=0.00s Real=0.00s
[37.830s][info][gc,marking     ] GC(203) Concurrent Clear Claimed Marks
[37.830s][info][gc,marking     ] GC(203) Concurrent Clear Claimed Marks 0.047ms
[37.830s][info][gc,marking     ] GC(203) Concurrent Cleanup for Next Mark
[37.831s][info][gc,marking     ] GC(203) Concurrent Cleanup for Next Mark 0.300ms
[37.831s][info][gc             ] GC(203) Concurrent Mark Cycle 377.424ms
[37.896s][info][gc,start       ] GC(206) Pause Young (Prepare Mixed) (G1 Evacuation Pause)
[37.896s][info][gc,task        ] GC(206) Using 12 workers of 33 for evacuation
[37.935s][info][gc,phases      ] GC(206)   Pre Evacuate Collection Set: 0.1ms
[37.935s][info][gc,phases      ] GC(206)   Merge Heap Roots: 3.5ms
[37.935s][info][gc,phases      ] GC(206)   Evacuate Collection Set: 33.4ms
[37.935s][info][gc,phases      ] GC(206)   Post Evacuate Collection Set: 1.5ms
[37.935s][info][gc,phases      ] GC(206)   Other: 0.1ms
[37.935s][info][gc,heap        ] GC(206) Eden regions: 21->0(0)
[37.935s][info][gc,heap        ] GC(206) Survivor regions: 4->4(4)
[37.935s][info][gc,heap        ] GC(206) Old regions: 479->505
[37.935s][info][gc,heap        ] GC(206) Archive regions: 0->0
[37.935s][info][gc,heap        ] GC(206) Humongous regions: 3->3
[37.935s][info][gc,metaspace   ] GC(206) Metaspace: 16637K(17344K)->16637K(17344K) NonClass: 14217K(14656K)->14217K(14656K) Class: 2420K(2688K)->2420K(2688K)
[37.935s][info][gc             ] GC(206) Pause Young (Prepare Mixed) (G1 Evacuation Pause) (Evacuation Failure) 504M->510M(512M) 38.938ms
[37.935s][info][gc,cpu         ] GC(206) User=0.56s Sys=0.00s Real=0.05s
[37.935s][info][gc,ergo        ] Attempting full compaction
[37.935s][info][gc,start       ] GC(207) Pause Full (G1 Compaction Pause)
[37.935s][info][gc,task        ] GC(207) Using 12 workers of 33 for full compaction
[37.936s][info][gc,phases,start] GC(207) Phase 1: Mark live objects
[38.063s][info][gc,phases      ] GC(207) Phase 1: Mark live objects 127.014ms
[38.063s][info][gc,phases,start] GC(207) Phase 2: Prepare compaction
[38.081s][info][gc,phases      ] GC(207) Phase 2: Prepare compaction 18.463ms
[38.081s][info][gc,phases,start] GC(207) Phase 3: Adjust pointers
[38.113s][info][gc,phases      ] GC(207) Phase 3: Adjust pointers 31.481ms
[38.113s][info][gc,phases,start] GC(207) Phase 4: Compact heap
[38.127s][info][gc,phases      ] GC(207) Phase 4: Compact heap 14.279ms
[38.130s][info][gc,heap        ] GC(207) Eden regions: 0->0(27)
[38.130s][info][gc,heap        ] GC(207) Survivor regions: 4->0(4)
[38.130s][info][gc,heap        ] GC(207) Old regions: 505->453
[38.130s][info][gc,heap        ] GC(207) Archive regions: 0->0
[38.130s][info][gc,heap        ] GC(207) Humongous regions: 3->3
[38.130s][info][gc,metaspace   ] GC(207) Metaspace: 16637K(17344K)->16637K(17344K) NonClass: 14217K(14656K)->14217K(14656K) Class: 2420K(2688K)->2420K(2688K)
[38.130s][info][gc             ] GC(207) Pause Full (G1 Compaction Pause) 510M->450M(512M) 194.502ms
[38.130s][info][gc,cpu         ] GC(207) User=2.25s Sys=0.00s Real=0.19s
[38.174s][info][gc,start       ] GC(208) Pause Young (Concurrent Start) (G1 Humongous Allocation)
[38.174s][info][gc,task        ] GC(208) Using 12 workers of 33 for evacuation
[38.205s][info][gc,phases      ] GC(208)   Pre Evacuate Collection Set: 0.2ms
[38.205s][info][gc,phases      ] GC(208)   Merge Heap Roots: 3.1ms
[38.205s][info][gc,phases      ] GC(208)   Evacuate Collection Set: 27.0ms
[38.205s][info][gc,phases      ] GC(208)   Post Evacuate Collection Set: 0.3ms
[38.205s][info][gc,phases      ] GC(208)   Other: 0.1ms
[38.205s][info][gc,heap        ] GC(208) Eden regions: 17->0(21)
[38.205s][info][gc,heap        ] GC(208) Survivor regions: 0->4(4)
[38.205s][info][gc,heap        ] GC(208) Old regions: 453->467
[38.205s][info][gc,heap        ] GC(208) Archive regions: 0->0
[38.205s][info][gc,heap        ] GC(208) Humongous regions: 3->3
[38.205s][info][gc,metaspace   ] GC(208) Metaspace: 16637K(17344K)->16637K(17344K) NonClass: 14217K(14656K)->14217K(14656K) Class: 2420K(2688K)->2420K(2688K)
[38.205s][info][gc             ] GC(208) Pause Young (Concurrent Start) (G1 Humongous Allocation) 467M->468M(512M) 31.314ms
[38.205s][info][gc             ] GC(209) Concurrent Mark Cycle
[38.205s][info][gc,cpu         ] GC(208) User=0.38s Sys=0.00s Real=0.03s
[38.205s][info][gc,marking     ] GC(209) Concurrent Scan Root Regions
[38.208s][info][gc,marking     ] GC(209) Concurrent Scan Root Regions 2.688ms
[38.208s][info][gc,marking     ] GC(209) Concurrent Mark
[38.208s][info][gc,marking     ] GC(209) Concurrent Mark From Roots
[38.208s][info][gc,task        ] GC(209) Using 8 workers of 8 for marking
[38.359s][info][gc,marking     ] GC(209) Concurrent Mark From Roots 151.025ms
[38.359s][info][gc,marking     ] GC(209) Concurrent Preclean
[38.359s][info][gc,marking     ] GC(209) Concurrent Preclean 0.032ms
[38.359s][info][gc,start       ] GC(209) Pause Remark
[38.361s][info][gc             ] GC(209) Pause Remark 476M->476M(512M) 2.248ms
[38.362s][info][gc,cpu         ] GC(209) User=0.00s Sys=0.00s Real=0.00s
[38.362s][info][gc,marking     ] GC(209) Concurrent Mark 153.633ms
[38.362s][info][gc,marking     ] GC(209) Concurrent Rebuild Remembered Sets and Scrub Regions
[38.403s][info][gc,marking     ] GC(209) Concurrent Rebuild Remembered Sets and Scrub Regions 41.322ms
[38.403s][info][gc,start       ] GC(209) Pause Cleanup
[38.403s][info][gc             ] GC(209) Pause Cleanup 477M->477M(512M) 0.152ms
[38.403s][info][gc,cpu         ] GC(209) User=0.00s Sys=0.00s Real=0.00s
[38.403s][info][gc,marking     ] GC(209) Concurrent Clear Claimed Marks
[38.403s][info][gc,marking     ] GC(209) Concurrent Clear Claimed Marks 0.039ms
[38.403s][info][gc,marking     ] GC(209) Concurrent Cleanup for Next Mark
[38.404s][info][gc,marking     ] GC(209) Concurrent Cleanup for Next Mark 0.290ms
[38.404s][info][gc             ] GC(209) Concurrent Mark Cycle 198.510ms
[38.668s][info][gc,start       ] GC(210) Pause Young (Prepare Mixed) (G1 Evacuation Pause)
[38.669s][info][gc,task        ] GC(210) Using 12 workers of 33 for evacuation
[38.680s][info][gc,phases      ] GC(210)   Pre Evacuate Collection Set: 0.1ms
[38.680s][info][gc,phases      ] GC(210)   Merge Heap Roots: 0.5ms
[38.680s][info][gc,phases      ] GC(210)   Evacuate Collection Set: 10.8ms
[38.681s][info][gc,phases      ] GC(210)   Post Evacuate Collection Set: 0.3ms
[38.681s][info][gc,phases      ] GC(210)   Other: 0.1ms
[38.681s][info][gc,heap        ] GC(210) Eden regions: 21->0(23)
[38.681s][info][gc,heap        ] GC(210) Survivor regions: 4->2(4)
[38.681s][info][gc,heap        ] GC(210) Old regions: 467->472
[38.681s][info][gc,heap        ] GC(210) Archive regions: 0->0
[38.681s][info][gc,heap        ] GC(210) Humongous regions: 6->6
[38.681s][info][gc,metaspace   ] GC(210) Metaspace: 16632K(17344K)->16632K(17344K) NonClass: 14213K(14656K)->14213K(14656K) Class: 2419K(2688K)->2419K(2688K)
[38.681s][info][gc             ] GC(210) Pause Young (Prepare Mixed) (G1 Evacuation Pause) 492M->474M(512M) 12.399ms
[38.681s][info][gc,cpu         ] GC(210) User=0.19s Sys=0.00s Real=0.01s
[38.725s][info][gc,start       ] GC(211) Pause Young (Mixed) (G1 Evacuation Pause)
[38.725s][info][gc,task        ] GC(211) Using 12 workers of 33 for evacuation
[38.728s][info][gc,phases      ] GC(211)   Pre Evacuate Collection Set: 0.1ms
[38.728s][info][gc,phases      ] GC(211)   Merge Heap Roots: 0.1ms
[38.728s][info][gc,phases      ] GC(211)   Evacuate Collection Set: 2.2ms
[38.728s][info][gc,phases      ] GC(211)   Post Evacuate Collection Set: 0.2ms
[38.728s][info][gc,phases      ] GC(211)   Other: 0.1ms
[38.728s][info][gc,heap        ] GC(211) Eden regions: 23->0(21)
[38.728s][info][gc,heap        ] GC(211) Survivor regions: 2->4(4)
[38.728s][info][gc,heap        ] GC(211) Old regions: 472->471
[38.728s][info][gc,heap        ] GC(211) Archive regions: 0->0
[38.728s][info][gc,heap        ] GC(211) Humongous regions: 6->6
[38.728s][info][gc,metaspace   ] GC(211) Metaspace: 16632K(17344K)->16632K(17344K) NonClass: 14213K(14656K)->14213K(14656K) Class: 2419K(2688K)->2419K(2688K)
[38.728s][info][gc             ] GC(211) Pause Young (Mixed) (G1 Evacuation Pause) 497M->477M(512M) 3.264ms
[38.728s][info][gc,cpu         ] GC(211) User=0.00s Sys=0.00s Real=0.00s
[38.772s][info][gc,start       ] GC(212) Pause Young (Concurrent Start) (G1 Evacuation Pause)
[38.772s][info][gc,task        ] GC(212) Using 12 workers of 33 for evacuation
[38.775s][info][gc,phases      ] GC(212)   Pre Evacuate Collection Set: 0.2ms
[38.775s][info][gc,phases      ] GC(212)   Merge Heap Roots: 0.0ms
[38.775s][info][gc,phases      ] GC(212)   Evacuate Collection Set: 2.4ms
[38.775s][info][gc,phases      ] GC(212)   Post Evacuate Collection Set: 0.3ms
[38.775s][info][gc,phases      ] GC(212)   Other: 0.1ms
[38.775s][info][gc,heap        ] GC(212) Eden regions: 21->0(22)
[38.775s][info][gc,heap        ] GC(212) Survivor regions: 4->3(4)
[38.775s][info][gc,heap        ] GC(212) Old regions: 471->473
[38.775s][info][gc,heap        ] GC(212) Archive regions: 0->0
[38.775s][info][gc,heap        ] GC(212) Humongous regions: 6->6
[38.775s][info][gc,metaspace   ] GC(212) Metaspace: 16632K(17344K)->16632K(17344K) NonClass: 14213K(14656K)->14213K(14656K) Class: 2419K(2688K)->2419K(2688K)
[38.775s][info][gc             ] GC(212) Pause Young (Concurrent Start) (G1 Evacuation Pause) 498M->478M(512M) 3.511ms
[38.775s][info][gc             ] GC(213) Concurrent Mark Cycle
[38.775s][info][gc,cpu         ] GC(212) User=0.00s Sys=0.00s Real=0.00s
[38.775s][info][gc,marking     ] GC(213) Concurrent Scan Root Regions
[38.790s][info][gc,marking     ] GC(213) Concurrent Scan Root Regions 14.261ms
[38.790s][info][gc,marking     ] GC(213) Concurrent Mark
[38.790s][info][gc,marking     ] GC(213) Concurrent Mark From Roots
[38.790s][info][gc,task        ] GC(213) Using 8 workers of 8 for marking
[38.824s][info][gc,start       ] GC(214) Pause Young (Normal) (G1 Evacuation Pause)
[38.824s][info][gc,task        ] GC(214) Using 12 workers of 33 for evacuation
[38.826s][info][gc,phases      ] GC(214)   Pre Evacuate Collection Set: 0.1ms
[38.826s][info][gc,phases      ] GC(214)   Merge Heap Roots: 0.0ms
[38.826s][info][gc,phases      ] GC(214)   Evacuate Collection Set: 1.4ms
[38.826s][info][gc,phases      ] GC(214)   Post Evacuate Collection Set: 0.2ms
[38.826s][info][gc,phases      ] GC(214)   Other: 0.1ms
[38.826s][info][gc,heap        ] GC(214) Eden regions: 22->0(22)
[38.826s][info][gc,heap        ] GC(214) Survivor regions: 3->3(4)
[38.826s][info][gc,heap        ] GC(214) Old regions: 473->474
[38.826s][info][gc,heap        ] GC(214) Archive regions: 0->0
[38.826s][info][gc,heap        ] GC(214) Humongous regions: 6->6
[38.826s][info][gc,metaspace   ] GC(214) Metaspace: 16632K(17344K)->16632K(17344K) NonClass: 14213K(14656K)->14213K(14656K) Class: 2419K(2688K)->2419K(2688K)
[38.827s][info][gc             ] GC(214) Pause Young (Normal) (G1 Evacuation Pause) 500M->478M(512M) 2.328ms
[38.827s][info][gc,cpu         ] GC(214) User=0.00s Sys=0.00s Real=0.00s
[38.876s][info][gc,start       ] GC(215) Pause Young (Normal) (G1 Evacuation Pause)
[38.876s][info][gc,task        ] GC(215) Using 12 workers of 33 for evacuation
[38.878s][info][gc,phases      ] GC(215)   Pre Evacuate Collection Set: 0.1ms
[38.878s][info][gc,phases      ] GC(215)   Merge Heap Roots: 0.0ms
[38.878s][info][gc,phases      ] GC(215)   Evacuate Collection Set: 1.3ms
[38.878s][info][gc,phases      ] GC(215)   Post Evacuate Collection Set: 0.2ms
[38.878s][info][gc,phases      ] GC(215)   Other: 0.1ms
[38.878s][info][gc,heap        ] GC(215) Eden regions: 22->0(22)
[38.878s][info][gc,heap        ] GC(215) Survivor regions: 3->3(4)
[38.878s][info][gc,heap        ] GC(215) Old regions: 474->475
[38.878s][info][gc,heap        ] GC(215) Archive regions: 0->0
[38.878s][info][gc,heap        ] GC(215) Humongous regions: 6->6
[38.878s][info][gc,metaspace   ] GC(215) Metaspace: 16632K(17344K)->16632K(17344K) NonClass: 14213K(14656K)->14213K(14656K) Class: 2419K(2688K)->2419K(2688K)
[38.878s][info][gc             ] GC(215) Pause Young (Normal) (G1 Evacuation Pause) 500M->479M(512M) 2.312ms
[38.878s][info][gc,cpu         ] GC(215) User=0.00s Sys=0.00s Real=0.00s
[38.926s][info][gc,start       ] GC(216) Pause Young (Normal) (G1 Evacuation Pause)
[38.926s][info][gc,task        ] GC(216) Using 12 workers of 33 for evacuation
[38.928s][info][gc,phases      ] GC(216)   Pre Evacuate Collection Set: 0.1ms
[38.928s][info][gc,phases      ] GC(216)   Merge Heap Roots: 0.0ms
[38.928s][info][gc,phases      ] GC(216)   Evacuate Collection Set: 1.3ms
[38.928s][info][gc,phases      ] GC(216)   Post Evacuate Collection Set: 0.2ms
[38.928s][info][gc,phases      ] GC(216)   Other: 0.1ms
[38.928s][info][gc,heap        ] GC(216) Eden regions: 22->0(22)
[38.928s][info][gc,heap        ] GC(216) Survivor regions: 3->3(4)
[38.928s][info][gc,heap        ] GC(216) Old regions: 475->476
[38.928s][info][gc,heap        ] GC(216) Archive regions: 0->0
[38.928s][info][gc,heap        ] GC(216) Humongous regions: 6->6
[38.929s][info][gc,metaspace   ] GC(216) Metaspace: 16632K(17344K)->16632K(17344K) NonClass: 14213K(14656K)->14213K(14656K) Class: 2419K(2688K)->2419K(2688K)
[38.929s][info][gc             ] GC(216) Pause Young (Normal) (G1 Evacuation Pause) 501M->480M(512M) 2.259ms
[38.929s][info][gc,cpu         ] GC(216) User=0.19s Sys=0.00s Real=0.01s
[38.957s][info][gc,marking     ] GC(213) Concurrent Mark From Roots 166.850ms
[38.957s][info][gc,marking     ] GC(213) Concurrent Preclean
[38.957s][info][gc,marking     ] GC(213) Concurrent Preclean 0.070ms
[38.957s][info][gc,start       ] GC(213) Pause Remark
[38.958s][info][gc             ] GC(213) Pause Remark 493M->490M(512M) 1.361ms
[38.958s][info][gc,cpu         ] GC(213) User=0.00s Sys=0.00s Real=0.00s
[38.958s][info][gc,marking     ] GC(213) Concurrent Mark 168.642ms
[38.958s][info][gc,marking     ] GC(213) Concurrent Rebuild Remembered Sets and Scrub Regions
[38.978s][info][gc,start       ] GC(217) Pause Young (Normal) (G1 Evacuation Pause)
[38.978s][info][gc,task        ] GC(217) Using 12 workers of 33 for evacuation
[38.980s][info][gc,phases      ] GC(217)   Pre Evacuate Collection Set: 0.1ms
[38.980s][info][gc,phases      ] GC(217)   Merge Heap Roots: 0.0ms
[38.980s][info][gc,phases      ] GC(217)   Evacuate Collection Set: 1.4ms
[38.980s][info][gc,phases      ] GC(217)   Post Evacuate Collection Set: 0.2ms
[38.980s][info][gc,phases      ] GC(217)   Other: 0.1ms
[38.980s][info][gc,heap        ] GC(217) Eden regions: 22->0(22)
[38.980s][info][gc,heap        ] GC(217) Survivor regions: 3->3(4)
[38.980s][info][gc,heap        ] GC(217) Old regions: 476->477
[38.980s][info][gc,heap        ] GC(217) Archive regions: 0->0
[38.980s][info][gc,heap        ] GC(217) Humongous regions: 3->3
[38.980s][info][gc,metaspace   ] GC(217) Metaspace: 16632K(17344K)->16632K(17344K) NonClass: 14213K(14656K)->14213K(14656K) Class: 2419K(2688K)->2419K(2688K)
[38.980s][info][gc             ] GC(217) Pause Young (Normal) (G1 Evacuation Pause) 499M->478M(512M) 2.314ms
[38.980s][info][gc,cpu         ] GC(217) User=0.00s Sys=0.00s Real=0.00s
[39.014s][info][gc,marking     ] GC(213) Concurrent Rebuild Remembered Sets and Scrub Regions 55.096ms
[39.014s][info][gc,start       ] GC(213) Pause Cleanup
[39.014s][info][gc             ] GC(213) Pause Cleanup 493M->493M(512M) 0.325ms
[39.014s][info][gc,cpu         ] GC(213) User=0.00s Sys=0.00s Real=0.00s
[39.014s][info][gc,marking     ] GC(213) Concurrent Clear Claimed Marks
[39.014s][info][gc,marking     ] GC(213) Concurrent Clear Claimed Marks 0.027ms
[39.014s][info][gc,marking     ] GC(213) Concurrent Cleanup for Next Mark
[39.014s][info][gc,marking     ] GC(213) Concurrent Cleanup for Next Mark 0.281ms
[39.014s][info][gc             ] GC(213) Concurrent Mark Cycle 239.041ms
[39.027s][info][gc,start       ] GC(218) Pause Young (Prepare Mixed) (G1 Evacuation Pause)
[39.028s][info][gc,task        ] GC(218) Using 12 workers of 33 for evacuation
[39.029s][info][gc,phases      ] GC(218)   Pre Evacuate Collection Set: 0.1ms
[39.030s][info][gc,phases      ] GC(218)   Merge Heap Roots: 0.0ms
[39.030s][info][gc,phases      ] GC(218)   Evacuate Collection Set: 1.5ms
[39.030s][info][gc,phases      ] GC(218)   Post Evacuate Collection Set: 0.2ms
[39.030s][info][gc,phases      ] GC(218)   Other: 0.1ms
[39.030s][info][gc,heap        ] GC(218) Eden regions: 22->0(22)
[39.030s][info][gc,heap        ] GC(218) Survivor regions: 3->3(4)
[39.030s][info][gc,heap        ] GC(218) Old regions: 477->478
[39.030s][info][gc,heap        ] GC(218) Archive regions: 0->0
[39.030s][info][gc,heap        ] GC(218) Humongous regions: 3->3
[39.030s][info][gc,metaspace   ] GC(218) Metaspace: 16632K(17344K)->16632K(17344K) NonClass: 14213K(14656K)->14213K(14656K) Class: 2419K(2688K)->2419K(2688K)
[39.030s][info][gc             ] GC(218) Pause Young (Prepare Mixed) (G1 Evacuation Pause) 500M->479M(512M) 2.414ms
[39.030s][info][gc,cpu         ] GC(218) User=0.00s Sys=0.00s Real=0.00s
[39.068s][info][gc,start       ] GC(219) Pause Young (Mixed) (G1 Evacuation Pause)
[39.068s][info][gc,task        ] GC(219) Using 12 workers of 33 for evacuation
[39.071s][info][gc,phases      ] GC(219)   Pre Evacuate Collection Set: 0.1ms
[39.071s][info][gc,phases      ] GC(219)   Merge Heap Roots: 0.1ms
[39.071s][info][gc,phases      ] GC(219)   Evacuate Collection Set: 2.8ms
[39.071s][info][gc,phases      ] GC(219)   Post Evacuate Collection Set: 0.3ms
[39.072s][info][gc,phases      ] GC(219)   Other: 0.1ms
[39.072s][info][gc,heap        ] GC(219) Eden regions: 22->0(22)
[39.072s][info][gc,heap        ] GC(219) Survivor regions: 3->3(4)
[39.072s][info][gc,heap        ] GC(219) Old regions: 478->475
[39.072s][info][gc,heap        ] GC(219) Archive regions: 0->0
[39.072s][info][gc,heap        ] GC(219) Humongous regions: 3->3
[39.072s][info][gc,metaspace   ] GC(219) Metaspace: 16632K(17344K)->16632K(17344K) NonClass: 14213K(14656K)->14213K(14656K) Class: 2419K(2688K)->2419K(2688K)
[39.072s][info][gc             ] GC(219) Pause Young (Mixed) (G1 Evacuation Pause) 501M->478M(512M) 3.914ms
[39.072s][info][gc,cpu         ] GC(219) User=0.19s Sys=0.00s Real=0.02s
[39.112s][info][gc,start       ] GC(220) Pause Young (Concurrent Start) (G1 Evacuation Pause)
[39.112s][info][gc,task        ] GC(220) Using 12 workers of 33 for evacuation
[39.114s][info][gc,phases      ] GC(220)   Pre Evacuate Collection Set: 0.2ms
[39.114s][info][gc,phases      ] GC(220)   Merge Heap Roots: 0.0ms
[39.114s][info][gc,phases      ] GC(220)   Evacuate Collection Set: 1.8ms
[39.114s][info][gc,phases      ] GC(220)   Post Evacuate Collection Set: 0.3ms
[39.114s][info][gc,phases      ] GC(220)   Other: 0.1ms
[39.114s][info][gc,heap        ] GC(220) Eden regions: 22->0(22)
[39.114s][info][gc,heap        ] GC(220) Survivor regions: 3->3(4)
[39.114s][info][gc,heap        ] GC(220) Old regions: 475->476
[39.114s][info][gc,heap        ] GC(220) Archive regions: 0->0
[39.114s][info][gc,heap        ] GC(220) Humongous regions: 3->3
[39.115s][info][gc,metaspace   ] GC(220) Metaspace: 16632K(17344K)->16632K(17344K) NonClass: 14213K(14656K)->14213K(14656K) Class: 2419K(2688K)->2419K(2688K)
[39.115s][info][gc             ] GC(220) Pause Young (Concurrent Start) (G1 Evacuation Pause) 500M->478M(512M) 3.049ms
[39.115s][info][gc             ] GC(221) Concurrent Mark Cycle
[39.115s][info][gc,cpu         ] GC(220) User=0.00s Sys=0.00s Real=0.00s
[39.115s][info][gc,marking     ] GC(221) Concurrent Scan Root Regions
[39.127s][info][gc,marking     ] GC(221) Concurrent Scan Root Regions 12.799ms
[39.128s][info][gc,marking     ] GC(221) Concurrent Mark
[39.128s][info][gc,marking     ] GC(221) Concurrent Mark From Roots
[39.128s][info][gc,task        ] GC(221) Using 8 workers of 8 for marking
[39.160s][info][gc,start       ] GC(222) Pause Young (Normal) (G1 Evacuation Pause)
[39.160s][info][gc,task        ] GC(222) Using 12 workers of 33 for evacuation
[39.162s][info][gc,phases      ] GC(222)   Pre Evacuate Collection Set: 0.1ms
[39.162s][info][gc,phases      ] GC(222)   Merge Heap Roots: 0.0ms
[39.162s][info][gc,phases      ] GC(222)   Evacuate Collection Set: 1.2ms
[39.162s][info][gc,phases      ] GC(222)   Post Evacuate Collection Set: 0.2ms
[39.162s][info][gc,phases      ] GC(222)   Other: 0.1ms
[39.162s][info][gc,heap        ] GC(222) Eden regions: 22->0(22)
[39.162s][info][gc,heap        ] GC(222) Survivor regions: 3->3(4)
[39.162s][info][gc,heap        ] GC(222) Old regions: 476->476
[39.162s][info][gc,heap        ] GC(222) Archive regions: 0->0
[39.162s][info][gc,heap        ] GC(222) Humongous regions: 3->3
[39.162s][info][gc,metaspace   ] GC(222) Metaspace: 16633K(17344K)->16633K(17344K) NonClass: 14213K(14656K)->14213K(14656K) Class: 2419K(2688K)->2419K(2688K)
[39.162s][info][gc             ] GC(222) Pause Young (Normal) (G1 Evacuation Pause) 500M->479M(512M) 1.793ms
[39.162s][info][gc,cpu         ] GC(222) User=0.00s Sys=0.00s Real=0.00s
[39.223s][info][gc,start       ] GC(223) Pause Young (Normal) (G1 Evacuation Pause)
[39.223s][info][gc,task        ] GC(223) Using 12 workers of 33 for evacuation
[39.225s][info][gc,phases      ] GC(223)   Pre Evacuate Collection Set: 0.1ms
[39.225s][info][gc,phases      ] GC(223)   Merge Heap Roots: 0.0ms
[39.225s][info][gc,phases      ] GC(223)   Evacuate Collection Set: 1.2ms
[39.225s][info][gc,phases      ] GC(223)   Post Evacuate Collection Set: 0.2ms
[39.225s][info][gc,phases      ] GC(223)   Other: 0.1ms
[39.225s][info][gc,heap        ] GC(223) Eden regions: 22->0(22)
[39.225s][info][gc,heap        ] GC(223) Survivor regions: 3->3(4)
[39.225s][info][gc,heap        ] GC(223) Old regions: 476->476
[39.225s][info][gc,heap        ] GC(223) Archive regions: 0->0
[39.225s][info][gc,heap        ] GC(223) Humongous regions: 3->3
[39.225s][info][gc,metaspace   ] GC(223) Metaspace: 16633K(17344K)->16633K(17344K) NonClass: 14213K(14656K)->14213K(14656K) Class: 2419K(2688K)->2419K(2688K)
[39.225s][info][gc             ] GC(223) Pause Young (Normal) (G1 Evacuation Pause) 501M->479M(512M) 1.856ms
[39.225s][info][gc,cpu         ] GC(223) User=0.02s Sys=0.00s Real=0.02s
[39.275s][info][gc,start       ] GC(224) Pause Young (Normal) (G1 Evacuation Pause)
[39.275s][info][gc,task        ] GC(224) Using 12 workers of 33 for evacuation
[39.276s][info][gc,phases      ] GC(224)   Pre Evacuate Collection Set: 0.1ms
[39.276s][info][gc,phases      ] GC(224)   Merge Heap Roots: 0.0ms
[39.276s][info][gc,phases      ] GC(224)   Evacuate Collection Set: 1.1ms
[39.276s][info][gc,phases      ] GC(224)   Post Evacuate Collection Set: 0.2ms
[39.276s][info][gc,phases      ] GC(224)   Other: 0.1ms
[39.276s][info][gc,heap        ] GC(224) Eden regions: 22->0(22)
[39.276s][info][gc,heap        ] GC(224) Survivor regions: 3->3(4)
[39.276s][info][gc,heap        ] GC(224) Old regions: 476->477
[39.276s][info][gc,heap        ] GC(224) Archive regions: 0->0
[39.276s][info][gc,heap        ] GC(224) Humongous regions: 3->3
[39.276s][info][gc,metaspace   ] GC(224) Metaspace: 16633K(17344K)->16633K(17344K) NonClass: 14213K(14656K)->14213K(14656K) Class: 2419K(2688K)->2419K(2688K)
[39.276s][info][gc             ] GC(224) Pause Young (Normal) (G1 Evacuation Pause) 501M->479M(512M) 1.700ms
[39.276s][info][gc,cpu         ] GC(224) User=0.00s Sys=0.00s Real=0.00s
[39.281s][info][gc,marking     ] GC(221) Concurrent Mark From Roots 153.484ms
[39.281s][info][gc,marking     ] GC(221) Concurrent Preclean
[39.281s][info][gc,marking     ] GC(221) Concurrent Preclean 0.046ms
[39.281s][info][gc,start       ] GC(221) Pause Remark
[39.282s][info][gc             ] GC(221) Pause Remark 482M->480M(512M) 1.022ms
[39.282s][info][gc,cpu         ] GC(221) User=0.00s Sys=0.00s Real=0.00s
[39.282s][info][gc,marking     ] GC(221) Concurrent Mark 154.731ms
[39.282s][info][gc,marking     ] GC(221) Concurrent Rebuild Remembered Sets and Scrub Regions
[39.321s][info][gc,start       ] GC(225) Pause Young (Normal) (G1 Evacuation Pause)
[39.322s][info][gc,task        ] GC(225) Using 12 workers of 33 for evacuation
[39.323s][info][gc,phases      ] GC(225)   Pre Evacuate Collection Set: 0.1ms
[39.323s][info][gc,phases      ] GC(225)   Merge Heap Roots: 0.0ms
[39.323s][info][gc,phases      ] GC(225)   Evacuate Collection Set: 1.1ms
[39.323s][info][gc,phases      ] GC(225)   Post Evacuate Collection Set: 0.3ms
[39.323s][info][gc,phases      ] GC(225)   Other: 0.1ms
[39.323s][info][gc,heap        ] GC(225) Eden regions: 22->0(22)
[39.323s][info][gc,heap        ] GC(225) Survivor regions: 3->3(4)
[39.323s][info][gc,heap        ] GC(225) Old regions: 474->474
[39.323s][info][gc,heap        ] GC(225) Archive regions: 0->0
[39.323s][info][gc,heap        ] GC(225) Humongous regions: 3->3
[39.323s][info][gc,metaspace   ] GC(225) Metaspace: 16633K(17344K)->16633K(17344K) NonClass: 14213K(14656K)->14213K(14656K) Class: 2419K(2688K)->2419K(2688K)
[39.323s][info][gc             ] GC(225) Pause Young (Normal) (G1 Evacuation Pause) 500M->478M(512M) 1.781ms
[39.323s][info][gc,cpu         ] GC(225) User=0.00s Sys=0.00s Real=0.00s
[39.333s][info][gc,marking     ] GC(221) Concurrent Rebuild Remembered Sets and Scrub Regions 50.430ms
[39.333s][info][gc,start       ] GC(221) Pause Cleanup
[39.333s][info][gc             ] GC(221) Pause Cleanup 483M->483M(512M) 0.498ms
[39.333s][info][gc,cpu         ] GC(221) User=0.00s Sys=0.00s Real=0.00s
[39.333s][info][gc,marking     ] GC(221) Concurrent Clear Claimed Marks
[39.333s][info][gc,marking     ] GC(221) Concurrent Clear Claimed Marks 0.067ms
[39.334s][info][gc,marking     ] GC(221) Concurrent Cleanup for Next Mark
[39.334s][info][gc,marking     ] GC(221) Concurrent Cleanup for Next Mark 0.313ms
[39.334s][info][gc             ] GC(221) Concurrent Mark Cycle 219.244ms
[39.362s][info][gc,start       ] GC(226) Pause Young (Prepare Mixed) (G1 Evacuation Pause)
[39.362s][info][gc,task        ] GC(226) Using 12 workers of 33 for evacuation
[39.364s][info][gc,phases      ] GC(226)   Pre Evacuate Collection Set: 0.1ms
[39.364s][info][gc,phases      ] GC(226)   Merge Heap Roots: 0.0ms
[39.364s][info][gc,phases      ] GC(226)   Evacuate Collection Set: 1.5ms
[39.364s][info][gc,phases      ] GC(226)   Post Evacuate Collection Set: 0.3ms
[39.364s][info][gc,phases      ] GC(226)   Other: 0.1ms
[39.364s][info][gc,heap        ] GC(226) Eden regions: 22->0(22)
[39.364s][info][gc,heap        ] GC(226) Survivor regions: 3->3(4)
[39.364s][info][gc,heap        ] GC(226) Old regions: 474->474
[39.364s][info][gc,heap        ] GC(226) Archive regions: 0->0
[39.364s][info][gc,heap        ] GC(226) Humongous regions: 3->3
[39.364s][info][gc,metaspace   ] GC(226) Metaspace: 16633K(17344K)->16633K(17344K) NonClass: 14213K(14656K)->14213K(14656K) Class: 2419K(2688K)->2419K(2688K)
[39.364s][info][gc             ] GC(226) Pause Young (Prepare Mixed) (G1 Evacuation Pause) 500M->478M(512M) 2.360ms
[39.364s][info][gc,cpu         ] GC(226) User=0.00s Sys=0.00s Real=0.00s
[39.404s][info][gc,start       ] GC(227) Pause Young (Mixed) (G1 Evacuation Pause)
[39.404s][info][gc,task        ] GC(227) Using 12 workers of 33 for evacuation
[39.408s][info][gc,phases      ] GC(227)   Pre Evacuate Collection Set: 0.1ms
[39.408s][info][gc,phases      ] GC(227)   Merge Heap Roots: 0.1ms
[39.408s][info][gc,phases      ] GC(227)   Evacuate Collection Set: 2.8ms
[39.408s][info][gc,phases      ] GC(227)   Post Evacuate Collection Set: 0.3ms
[39.408s][info][gc,phases      ] GC(227)   Other: 0.1ms
[39.408s][info][gc,heap        ] GC(227) Eden regions: 22->0(22)
[39.408s][info][gc,heap        ] GC(227) Survivor regions: 3->3(4)
[39.408s][info][gc,heap        ] GC(227) Old regions: 474->464
[39.408s][info][gc,heap        ] GC(227) Archive regions: 0->0
[39.408s][info][gc,heap        ] GC(227) Humongous regions: 3->3
[39.408s][info][gc,metaspace   ] GC(227) Metaspace: 16633K(17344K)->16633K(17344K) NonClass: 14213K(14656K)->14213K(14656K) Class: 2419K(2688K)->2419K(2688K)
[39.408s][info][gc             ] GC(227) Pause Young (Mixed) (G1 Evacuation Pause) 500M->468M(512M) 3.920ms
[39.408s][info][gc,cpu         ] GC(227) User=0.00s Sys=0.00s Real=0.00s
[39.446s][info][gc,start       ] GC(228) Pause Young (Concurrent Start) (G1 Evacuation Pause)
[39.447s][info][gc,task        ] GC(228) Using 12 workers of 33 for evacuation
[39.449s][info][gc,phases      ] GC(228)   Pre Evacuate Collection Set: 0.2ms
[39.449s][info][gc,phases      ] GC(228)   Merge Heap Roots: 0.0ms
[39.449s][info][gc,phases      ] GC(228)   Evacuate Collection Set: 1.5ms
[39.449s][info][gc,phases      ] GC(228)   Post Evacuate Collection Set: 0.3ms
[39.449s][info][gc,phases      ] GC(228)   Other: 0.1ms
[39.449s][info][gc,heap        ] GC(228) Eden regions: 22->0(22)
[39.449s][info][gc,heap        ] GC(228) Survivor regions: 3->3(4)
[39.449s][info][gc,heap        ] GC(228) Old regions: 464->465
[39.449s][info][gc,heap        ] GC(228) Archive regions: 0->0
[39.449s][info][gc,heap        ] GC(228) Humongous regions: 3->3
[39.449s][info][gc,metaspace   ] GC(228) Metaspace: 16633K(17344K)->16633K(17344K) NonClass: 14213K(14656K)->14213K(14656K) Class: 2419K(2688K)->2419K(2688K)
[39.449s][info][gc             ] GC(228) Pause Young (Concurrent Start) (G1 Evacuation Pause) 490M->469M(512M) 2.721ms
[39.449s][info][gc             ] GC(229) Concurrent Mark Cycle
[39.449s][info][gc,cpu         ] GC(228) User=0.00s Sys=0.00s Real=0.00s
[39.449s][info][gc,marking     ] GC(229) Concurrent Scan Root Regions
[39.459s][info][gc,marking     ] GC(229) Concurrent Scan Root Regions 10.057ms
[39.459s][info][gc,marking     ] GC(229) Concurrent Mark
[39.459s][info][gc,marking     ] GC(229) Concurrent Mark From Roots
[39.459s][info][gc,task        ] GC(229) Using 8 workers of 8 for marking
[39.497s][info][gc,start       ] GC(230) Pause Young (Normal) (G1 Evacuation Pause)
[39.497s][info][gc,task        ] GC(230) Using 12 workers of 33 for evacuation
[39.498s][info][gc,phases      ] GC(230)   Pre Evacuate Collection Set: 0.1ms
[39.498s][info][gc,phases      ] GC(230)   Merge Heap Roots: 0.0ms
[39.498s][info][gc,phases      ] GC(230)   Evacuate Collection Set: 1.0ms
[39.498s][info][gc,phases      ] GC(230)   Post Evacuate Collection Set: 0.2ms
[39.498s][info][gc,phases      ] GC(230)   Other: 0.1ms
[39.498s][info][gc,heap        ] GC(230) Eden regions: 22->0(22)
[39.498s][info][gc,heap        ] GC(230) Survivor regions: 3->3(4)
[39.498s][info][gc,heap        ] GC(230) Old regions: 465->465
[39.498s][info][gc,heap        ] GC(230) Archive regions: 0->0
[39.498s][info][gc,heap        ] GC(230) Humongous regions: 3->3
[39.498s][info][gc,metaspace   ] GC(230) Metaspace: 16633K(17344K)->16633K(17344K) NonClass: 14213K(14656K)->14213K(14656K) Class: 2419K(2688K)->2419K(2688K)
[39.499s][info][gc             ] GC(230) Pause Young (Normal) (G1 Evacuation Pause) 491M->469M(512M) 1.998ms
[39.499s][info][gc,cpu         ] GC(230) User=0.00s Sys=0.00s Real=0.00s
[39.548s][info][gc,start       ] GC(231) Pause Young (Normal) (G1 Evacuation Pause)
[39.548s][info][gc,task        ] GC(231) Using 12 workers of 33 for evacuation
[39.550s][info][gc,phases      ] GC(231)   Pre Evacuate Collection Set: 0.1ms
[39.550s][info][gc,phases      ] GC(231)   Merge Heap Roots: 0.0ms
[39.550s][info][gc,phases      ] GC(231)   Evacuate Collection Set: 0.9ms
[39.550s][info][gc,phases      ] GC(231)   Post Evacuate Collection Set: 0.2ms
[39.550s][info][gc,phases      ] GC(231)   Other: 0.1ms
[39.550s][info][gc,heap        ] GC(231) Eden regions: 22->0(22)
[39.550s][info][gc,heap        ] GC(231) Survivor regions: 3->3(4)
[39.550s][info][gc,heap        ] GC(231) Old regions: 465->465
[39.550s][info][gc,heap        ] GC(231) Archive regions: 0->0
[39.550s][info][gc,heap        ] GC(231) Humongous regions: 3->3
[39.550s][info][gc,metaspace   ] GC(231) Metaspace: 16633K(17344K)->16633K(17344K) NonClass: 14213K(14656K)->14213K(14656K) Class: 2419K(2688K)->2419K(2688K)
[39.550s][info][gc             ] GC(231) Pause Young (Normal) (G1 Evacuation Pause) 491M->469M(512M) 1.872ms
[39.550s][info][gc,cpu         ] GC(231) User=0.00s Sys=0.00s Real=0.00s
[39.595s][info][gc,marking     ] GC(229) Concurrent Mark From Roots 135.381ms
[39.595s][info][gc,marking     ] GC(229) Concurrent Preclean
[39.595s][info][gc,marking     ] GC(229) Concurrent Preclean 0.063ms
[39.595s][info][gc,start       ] GC(229) Pause Remark
[39.596s][info][gc             ] GC(229) Pause Remark 490M->482M(512M) 1.345ms
[39.596s][info][gc,cpu         ] GC(229) User=0.00s Sys=0.00s Real=0.00s
[39.596s][info][gc,marking     ] GC(229) Concurrent Mark 137.151ms
[39.597s][info][gc,marking     ] GC(229) Concurrent Rebuild Remembered Sets and Scrub Regions
[39.599s][info][gc,start       ] GC(232) Pause Young (Normal) (G1 Evacuation Pause)
[39.599s][info][gc,task        ] GC(232) Using 12 workers of 33 for evacuation
[39.600s][info][gc,phases      ] GC(232)   Pre Evacuate Collection Set: 0.1ms
[39.600s][info][gc,phases      ] GC(232)   Merge Heap Roots: 0.0ms
[39.600s][info][gc,phases      ] GC(232)   Evacuate Collection Set: 0.9ms
[39.600s][info][gc,phases      ] GC(232)   Post Evacuate Collection Set: 0.2ms
[39.601s][info][gc,phases      ] GC(232)   Other: 0.1ms
[39.601s][info][gc,heap        ] GC(232) Eden regions: 22->0(22)
[39.601s][info][gc,heap        ] GC(232) Survivor regions: 3->3(4)
[39.601s][info][gc,heap        ] GC(232) Old regions: 457->457
[39.601s][info][gc,heap        ] GC(232) Archive regions: 0->0
[39.601s][info][gc,heap        ] GC(232) Humongous regions: 3->3
[39.601s][info][gc,metaspace   ] GC(232) Metaspace: 16633K(17344K)->16633K(17344K) NonClass: 14213K(14656K)->14213K(14656K) Class: 2419K(2688K)->2419K(2688K)
[39.601s][info][gc             ] GC(232) Pause Young (Normal) (G1 Evacuation Pause) 483M->461M(512M) 1.718ms
[39.601s][info][gc,cpu         ] GC(232) User=0.19s Sys=0.00s Real=0.02s
[39.635s][info][gc,marking     ] GC(229) Concurrent Rebuild Remembered Sets and Scrub Regions 38.099ms
[39.635s][info][gc,start       ] GC(229) Pause Cleanup
[39.635s][info][gc             ] GC(229) Pause Cleanup 479M->479M(512M) 0.603ms
[39.635s][info][gc,cpu         ] GC(229) User=0.00s Sys=0.00s Real=0.00s
[39.635s][info][gc,marking     ] GC(229) Concurrent Clear Claimed Marks
[39.635s][info][gc,marking     ] GC(229) Concurrent Clear Claimed Marks 0.021ms
[39.635s][info][gc,marking     ] GC(229) Concurrent Cleanup for Next Mark
[39.636s][info][gc,marking     ] GC(229) Concurrent Cleanup for Next Mark 0.277ms
[39.636s][info][gc             ] GC(229) Concurrent Mark Cycle 186.618ms
[39.644s][info][gc,start       ] GC(233) Pause Young (Prepare Mixed) (G1 Evacuation Pause)
[39.644s][info][gc,task        ] GC(233) Using 12 workers of 33 for evacuation
[39.645s][info][gc,phases      ] GC(233)   Pre Evacuate Collection Set: 0.1ms
[39.645s][info][gc,phases      ] GC(233)   Merge Heap Roots: 0.0ms
[39.645s][info][gc,phases      ] GC(233)   Evacuate Collection Set: 0.8ms
[39.645s][info][gc,phases      ] GC(233)   Post Evacuate Collection Set: 0.2ms
[39.645s][info][gc,phases      ] GC(233)   Other: 0.1ms
[39.645s][info][gc,heap        ] GC(233) Eden regions: 22->0(23)
[39.645s][info][gc,heap        ] GC(233) Survivor regions: 3->2(4)
[39.645s][info][gc,heap        ] GC(233) Old regions: 457->457
[39.645s][info][gc,heap        ] GC(233) Archive regions: 0->0
[39.645s][info][gc,heap        ] GC(233) Humongous regions: 3->3
[39.645s][info][gc,metaspace   ] GC(233) Metaspace: 16633K(17344K)->16633K(17344K) NonClass: 14213K(14656K)->14213K(14656K) Class: 2419K(2688K)->2419K(2688K)
[39.645s][info][gc             ] GC(233) Pause Young (Prepare Mixed) (G1 Evacuation Pause) 483M->461M(512M) 1.335ms
[39.645s][info][gc,cpu         ] GC(233) User=0.00s Sys=0.00s Real=0.00s
[39.684s][info][gc,start       ] GC(234) Pause Young (Mixed) (G1 Evacuation Pause)
[39.685s][info][gc,task        ] GC(234) Using 12 workers of 33 for evacuation
[39.690s][info][gc,phases      ] GC(234)   Pre Evacuate Collection Set: 0.1ms
[39.690s][info][gc,phases      ] GC(234)   Merge Heap Roots: 0.1ms
[39.690s][info][gc,phases      ] GC(234)   Evacuate Collection Set: 5.0ms
[39.690s][info][gc,phases      ] GC(234)   Post Evacuate Collection Set: 0.3ms
[39.690s][info][gc,phases      ] GC(234)   Other: 0.1ms
[39.690s][info][gc,heap        ] GC(234) Eden regions: 23->0(39)
[39.690s][info][gc,heap        ] GC(234) Survivor regions: 2->2(4)
[39.690s][info][gc,heap        ] GC(234) Old regions: 457->439
[39.690s][info][gc,heap        ] GC(234) Archive regions: 0->0
[39.690s][info][gc,heap        ] GC(234) Humongous regions: 3->3
[39.690s][info][gc,metaspace   ] GC(234) Metaspace: 16633K(17344K)->16633K(17344K) NonClass: 14213K(14656K)->14213K(14656K) Class: 2419K(2688K)->2419K(2688K)
[39.691s][info][gc             ] GC(234) Pause Young (Mixed) (G1 Evacuation Pause) 484M->443M(512M) 6.144ms
[39.691s][info][gc,cpu         ] GC(234) User=0.00s Sys=0.00s Real=0.00s
[39.761s][info][gc,start       ] GC(235) Pause Young (Concurrent Start) (G1 Evacuation Pause)
[39.761s][info][gc,task        ] GC(235) Using 12 workers of 33 for evacuation
[39.763s][info][gc,phases      ] GC(235)   Pre Evacuate Collection Set: 0.3ms
[39.763s][info][gc,phases      ] GC(235)   Merge Heap Roots: 0.1ms
[39.763s][info][gc,phases      ] GC(235)   Evacuate Collection Set: 0.8ms
[39.763s][info][gc,phases      ] GC(235)   Post Evacuate Collection Set: 0.4ms
[39.763s][info][gc,phases      ] GC(235)   Other: 0.1ms
[39.763s][info][gc,heap        ] GC(235) Eden regions: 39->0(41)
[39.763s][info][gc,heap        ] GC(235) Survivor regions: 2->1(6)
[39.763s][info][gc,heap        ] GC(235) Old regions: 439->439
[39.763s][info][gc,heap        ] GC(235) Archive regions: 0->0
[39.763s][info][gc,heap        ] GC(235) Humongous regions: 3->3
[39.763s][info][gc,metaspace   ] GC(235) Metaspace: 16635K(17344K)->16635K(17344K) NonClass: 14216K(14656K)->14216K(14656K) Class: 2419K(2688K)->2419K(2688K)
[39.763s][info][gc             ] GC(235) Pause Young (Concurrent Start) (G1 Evacuation Pause) 482M->442M(512M) 2.214ms
[39.763s][info][gc             ] GC(236) Concurrent Mark Cycle
[39.763s][info][gc,cpu         ] GC(235) User=0.00s Sys=0.00s Real=0.00s
[39.764s][info][gc,marking     ] GC(236) Concurrent Scan Root Regions
[39.765s][info][gc,marking     ] GC(236) Concurrent Scan Root Regions 1.964ms
[39.766s][info][gc,marking     ] GC(236) Concurrent Mark
[39.766s][info][gc,marking     ] GC(236) Concurrent Mark From Roots
[39.766s][info][gc,task        ] GC(236) Using 8 workers of 8 for marking
[39.774s][info][gc,marking     ] GC(236) Concurrent Mark From Roots 8.023ms
[39.774s][info][gc,marking     ] GC(236) Concurrent Preclean
[39.774s][info][gc,marking     ] GC(236) Concurrent Preclean 0.049ms
[39.774s][info][gc,start       ] GC(236) Pause Remark
[39.776s][info][gc             ] GC(236) Pause Remark 446M->37M(127M) 1.706ms
[39.776s][info][gc,cpu         ] GC(236) User=0.00s Sys=0.00s Real=0.00s
[39.776s][info][gc,marking     ] GC(236) Concurrent Mark 10.158ms
[39.776s][info][gc,marking     ] GC(236) Concurrent Rebuild Remembered Sets and Scrub Regions
[39.778s][info][gc,marking     ] GC(236) Concurrent Rebuild Remembered Sets and Scrub Regions 2.718ms
[39.779s][info][gc,start       ] GC(236) Pause Cleanup
[39.779s][info][gc             ] GC(236) Pause Cleanup 37M->37M(127M) 0.155ms
[39.779s][info][gc,cpu         ] GC(236) User=0.00s Sys=0.00s Real=0.00s
[39.779s][info][gc,marking     ] GC(236) Concurrent Clear Claimed Marks
[39.779s][info][gc,marking     ] GC(236) Concurrent Clear Claimed Marks 0.040ms
[39.779s][info][gc,marking     ] GC(236) Concurrent Cleanup for Next Mark
[39.779s][info][gc,marking     ] GC(236) Concurrent Cleanup for Next Mark 0.201ms
[39.779s][info][gc             ] GC(236) Concurrent Mark Cycle 15.724ms
[40.845s][info][gc,start       ] GC(237) Pause Young (Prepare Mixed) (G1 Evacuation Pause)
[40.845s][info][gc,task        ] GC(237) Using 7 workers of 33 for evacuation
[40.848s][info][gc,phases      ] GC(237)   Pre Evacuate Collection Set: 0.1ms
[40.848s][info][gc,phases      ] GC(237)   Merge Heap Roots: 0.1ms
[40.848s][info][gc,phases      ] GC(237)   Evacuate Collection Set: 1.6ms
[40.848s][info][gc,phases      ] GC(237)   Post Evacuate Collection Set: 0.4ms
[40.848s][info][gc,phases      ] GC(237)   Other: 0.1ms
[40.848s][info][gc,heap        ] GC(237) Eden regions: 55->0(73)
[40.848s][info][gc,heap        ] GC(237) Survivor regions: 1->3(7)
[40.848s][info][gc,heap        ] GC(237) Old regions: 33->33
[40.848s][info][gc,heap        ] GC(237) Archive regions: 0->0
[40.848s][info][gc,heap        ] GC(237) Humongous regions: 0->0
[40.848s][info][gc,metaspace   ] GC(237) Metaspace: 16761K(17344K)->16761K(17344K) NonClass: 14318K(14656K)->14318K(14656K) Class: 2443K(2688K)->2443K(2688K)
[40.848s][info][gc             ] GC(237) Pause Young (Prepare Mixed) (G1 Evacuation Pause) 88M->34M(127M) 2.865ms
[40.848s][info][gc,cpu         ] GC(237) User=0.00s Sys=0.00s Real=0.00s
[41.529s][info][gc,start       ] GC(238) Pause Full (System.gc())
[41.529s][info][gc,task        ] GC(238) Using 5 workers of 33 for full compaction
[41.529s][info][gc,phases,start] GC(238) Phase 1: Mark live objects
[41.551s][info][gc,phases      ] GC(238) Phase 1: Mark live objects 21.975ms
[41.551s][info][gc,phases,start] GC(238) Phase 2: Prepare compaction
[41.553s][info][gc,phases      ] GC(238) Phase 2: Prepare compaction 1.444ms
[41.553s][info][gc,phases,start] GC(238) Phase 3: Adjust pointers
[41.556s][info][gc,phases      ] GC(238) Phase 3: Adjust pointers 2.915ms
[41.556s][info][gc,phases,start] GC(238) Phase 4: Compact heap
[41.557s][info][gc,phases      ] GC(238) Phase 4: Compact heap 0.876ms
[41.560s][info][gc,heap        ] GC(238) Eden regions: 36->0(34)
[41.560s][info][gc,heap        ] GC(238) Survivor regions: 3->0(7)
[41.560s][info][gc,heap        ] GC(238) Old regions: 33->17
[41.560s][info][gc,heap        ] GC(238) Archive regions: 0->0
[41.560s][info][gc,heap        ] GC(238) Humongous regions: 0->0
[41.560s][info][gc,metaspace   ] GC(238) Metaspace: 16761K(17344K)->16678K(17344K) NonClass: 14318K(14656K)->14258K(14656K) Class: 2443K(2688K)->2420K(2688K)
[41.561s][info][gc             ] GC(238) Pause Full (System.gc()) 70M->13M(57M) 31.608ms
[41.561s][info][gc,cpu         ] GC(238) User=0.16s Sys=0.00s Real=0.03s
[42.493s][info][gc,start       ] GC(239) Pause Young (Concurrent Start) (G1 Evacuation Pause)
[42.494s][info][gc,task        ] GC(239) Using 3 workers of 33 for evacuation
[42.499s][info][gc,phases      ] GC(239)   Pre Evacuate Collection Set: 0.1ms
[42.499s][info][gc,phases      ] GC(239)   Merge Heap Roots: 0.0ms
[42.499s][info][gc,phases      ] GC(239)   Evacuate Collection Set: 4.8ms
[42.499s][info][gc,phases      ] GC(239)   Post Evacuate Collection Set: 0.3ms
[42.499s][info][gc,phases      ] GC(239)   Other: 0.1ms
[42.499s][info][gc,heap        ] GC(239) Eden regions: 34->0(26)
[42.499s][info][gc,heap        ] GC(239) Survivor regions: 0->5(5)
[42.499s][info][gc,heap        ] GC(239) Old regions: 17->17
[42.499s][info][gc,heap        ] GC(239) Archive regions: 0->0
[42.499s][info][gc,heap        ] GC(239) Humongous regions: 0->0
[42.499s][info][gc,metaspace   ] GC(239) Metaspace: 16680K(17344K)->16680K(17344K) NonClass: 14260K(14656K)->14260K(14656K) Class: 2420K(2688K)->2420K(2688K)
[42.499s][info][gc             ] GC(239) Pause Young (Concurrent Start) (G1 Evacuation Pause) 47M->18M(57M) 5.562ms
[42.499s][info][gc             ] GC(240) Concurrent Mark Cycle
[42.499s][info][gc,cpu         ] GC(239) User=0.00s Sys=0.00s Real=0.00s
[42.499s][info][gc,marking     ] GC(240) Concurrent Scan Root Regions
[42.500s][info][gc,marking     ] GC(240) Concurrent Scan Root Regions 1.086ms
[42.500s][info][gc,marking     ] GC(240) Concurrent Mark
[42.500s][info][gc,marking     ] GC(240) Concurrent Mark From Roots
[42.500s][info][gc,task        ] GC(240) Using 8 workers of 8 for marking
[42.504s][info][gc,marking     ] GC(240) Concurrent Mark From Roots 4.227ms
[42.505s][info][gc,marking     ] GC(240) Concurrent Preclean
[42.505s][info][gc,marking     ] GC(240) Concurrent Preclean 0.037ms
[42.509s][info][gc,start       ] GC(240) Pause Remark
[42.510s][info][gc             ] GC(240) Pause Remark 19M->19M(57M) 1.352ms
[42.510s][info][gc,cpu         ] GC(240) User=0.00s Sys=0.00s Real=0.00s
[42.510s][info][gc,marking     ] GC(240) Concurrent Mark 9.982ms
[42.510s][info][gc,marking     ] GC(240) Concurrent Rebuild Remembered Sets and Scrub Regions
[42.512s][info][gc,marking     ] GC(240) Concurrent Rebuild Remembered Sets and Scrub Regions 1.563ms
[42.512s][info][gc,start       ] GC(240) Pause Cleanup
[42.512s][info][gc             ] GC(240) Pause Cleanup 19M->19M(57M) 0.064ms
[42.512s][info][gc,cpu         ] GC(240) User=0.00s Sys=0.00s Real=0.00s
[42.528s][info][gc,marking     ] GC(240) Concurrent Clear Claimed Marks
[42.528s][info][gc,marking     ] GC(240) Concurrent Clear Claimed Marks 0.033ms
[42.528s][info][gc,marking     ] GC(240) Concurrent Cleanup for Next Mark
[42.528s][info][gc,marking     ] GC(240) Concurrent Cleanup for Next Mark 0.155ms
[42.528s][info][gc             ] GC(240) Concurrent Mark Cycle 28.746ms
[42.966s][info][gc,start       ] GC(241) Pause Young (Prepare Mixed) (G1 Evacuation Pause)
[42.966s][info][gc,task        ] GC(241) Using 2 workers of 33 for evacuation
[43.054s][info][gc,phases      ] GC(241)   Pre Evacuate Collection Set: 0.1ms
[43.054s][info][gc,phases      ] GC(241)   Merge Heap Roots: 0.1ms
[43.054s][info][gc,phases      ] GC(241)   Evacuate Collection Set: 86.8ms
[43.054s][info][gc,phases      ] GC(241)   Post Evacuate Collection Set: 1.0ms
[43.054s][info][gc,phases      ] GC(241)   Other: 0.1ms
[43.054s][info][gc,heap        ] GC(241) Eden regions: 26->0(13)
[43.054s][info][gc,heap        ] GC(241) Survivor regions: 5->4(4)
[43.054s][info][gc,heap        ] GC(241) Old regions: 17->36
[43.054s][info][gc,heap        ] GC(241) Archive regions: 0->0
[43.054s][info][gc,heap        ] GC(241) Humongous regions: 0->0
[43.054s][info][gc,metaspace   ] GC(241) Metaspace: 16680K(17344K)->16680K(17344K) NonClass: 14260K(14656K)->14260K(14656K) Class: 2420K(2688K)->2420K(2688K)
[43.054s][info][gc             ] GC(241) Pause Young (Prepare Mixed) (G1 Evacuation Pause) 44M->36M(71M) 88.633ms
[43.054s][info][gc,cpu         ] GC(241) User=0.17s Sys=0.02s Real=0.09s
[43.978s][info][gc,start       ] GC(242) Pause Young (Mixed) (G1 Evacuation Pause)
[43.978s][info][gc,task        ] GC(242) Using 2 workers of 33 for evacuation
[44.015s][info][gc,phases      ] GC(242)   Pre Evacuate Collection Set: 0.1ms
[44.015s][info][gc,phases      ] GC(242)   Merge Heap Roots: 2.1ms
[44.015s][info][gc,phases      ] GC(242)   Evacuate Collection Set: 34.3ms
[44.015s][info][gc,phases      ] GC(242)   Post Evacuate Collection Set: 0.4ms
[44.016s][info][gc,phases      ] GC(242)   Other: 0.1ms
[44.016s][info][gc,heap        ] GC(242) Eden regions: 13->0(9)
[44.016s][info][gc,heap        ] GC(242) Survivor regions: 4->3(3)
[44.016s][info][gc,heap        ] GC(242) Old regions: 36->45
[44.016s][info][gc,heap        ] GC(242) Archive regions: 0->0
[44.016s][info][gc,heap        ] GC(242) Humongous regions: 0->0
[44.016s][info][gc,metaspace   ] GC(242) Metaspace: 16680K(17344K)->16680K(17344K) NonClass: 14260K(14656K)->14260K(14656K) Class: 2420K(2688K)->2420K(2688K)
[44.016s][info][gc             ] GC(242) Pause Young (Mixed) (G1 Evacuation Pause) 49M->45M(71M) 37.531ms
[44.016s][info][gc,cpu         ] GC(242) User=0.06s Sys=0.00s Real=0.03s
[44.019s][info][gc,start       ] GC(243) Pause Young (Concurrent Start) (G1 Evacuation Pause)
[44.019s][info][gc,task        ] GC(243) Using 2 workers of 33 for evacuation
[44.028s][info][gc,phases      ] GC(243)   Pre Evacuate Collection Set: 0.2ms
[44.028s][info][gc,phases      ] GC(243)   Merge Heap Roots: 0.1ms
[44.028s][info][gc,phases      ] GC(243)   Evacuate Collection Set: 8.4ms
[44.028s][info][gc,phases      ] GC(243)   Post Evacuate Collection Set: 0.4ms
[44.028s][info][gc,phases      ] GC(243)   Other: 0.1ms
[44.028s][info][gc,heap        ] GC(243) Eden regions: 9->0(9)
[44.028s][info][gc,heap        ] GC(243) Survivor regions: 3->1(2)
[44.028s][info][gc,heap        ] GC(243) Old regions: 45->48
[44.028s][info][gc,heap        ] GC(243) Archive regions: 0->0
[44.029s][info][gc,heap        ] GC(243) Humongous regions: 0->0
[44.029s][info][gc,metaspace   ] GC(243) Metaspace: 16680K(17344K)->16680K(17344K) NonClass: 14260K(14656K)->14260K(14656K) Class: 2420K(2688K)->2420K(2688K)
[44.029s][info][gc             ] GC(243) Pause Young (Concurrent Start) (G1 Evacuation Pause) 54M->46M(71M) 9.598ms
[44.029s][info][gc             ] GC(244) Concurrent Mark Cycle
[44.029s][info][gc,cpu         ] GC(243) User=0.00s Sys=0.00s Real=0.00s
[44.029s][info][gc,marking     ] GC(244) Concurrent Scan Root Regions
[44.031s][info][gc,marking     ] GC(244) Concurrent Scan Root Regions 1.901ms
[44.031s][info][gc,marking     ] GC(244) Concurrent Mark
[44.031s][info][gc,marking     ] GC(244) Concurrent Mark From Roots
[44.031s][info][gc,task        ] GC(244) Using 8 workers of 8 for marking
[44.032s][info][gc,start       ] GC(245) Pause Young (Normal) (G1 Evacuation Pause)
[44.032s][info][gc,task        ] GC(245) Using 2 workers of 33 for evacuation
[44.039s][info][gc,phases      ] GC(245)   Pre Evacuate Collection Set: 0.1ms
[44.039s][info][gc,phases      ] GC(245)   Merge Heap Roots: 0.1ms
[44.039s][info][gc,phases      ] GC(245)   Evacuate Collection Set: 2.6ms
[44.039s][info][gc,phases      ] GC(245)   Post Evacuate Collection Set: 3.6ms
[44.039s][info][gc,phases      ] GC(245)   Other: 0.1ms
[44.039s][info][gc,heap        ] GC(245) Eden regions: 9->0(163)
[44.039s][info][gc,heap        ] GC(245) Survivor regions: 1->1(2)
[44.039s][info][gc,heap        ] GC(245) Old regions: 48->48
[44.039s][info][gc,heap        ] GC(245) Archive regions: 0->0
[44.039s][info][gc,heap        ] GC(245) Humongous regions: 0->0
[44.039s][info][gc,metaspace   ] GC(245) Metaspace: 16680K(17344K)->16680K(17344K) NonClass: 14260K(14656K)->14260K(14656K) Class: 2420K(2688K)->2420K(2688K)
[44.039s][info][gc             ] GC(245) Pause Young (Normal) (G1 Evacuation Pause) 55M->46M(292M) 6.915ms
[44.039s][info][gc,cpu         ] GC(245) User=0.00s Sys=0.00s Real=0.00s
[44.064s][info][gc,marking     ] GC(244) Concurrent Mark From Roots 32.844ms
[44.064s][info][gc,marking     ] GC(244) Concurrent Preclean
[44.064s][info][gc,marking     ] GC(244) Concurrent Preclean 0.042ms
[44.064s][info][gc,start       ] GC(244) Pause Remark
[44.066s][info][gc             ] GC(244) Pause Remark 62M->62M(220M) 1.907ms
[44.066s][info][gc,cpu         ] GC(244) User=0.00s Sys=0.00s Real=0.00s
[44.066s][info][gc,marking     ] GC(244) Concurrent Mark 35.268ms
[44.066s][info][gc,marking     ] GC(244) Concurrent Rebuild Remembered Sets and Scrub Regions
[44.070s][info][gc,marking     ] GC(244) Concurrent Rebuild Remembered Sets and Scrub Regions 3.536ms
[44.070s][info][gc,start       ] GC(244) Pause Cleanup
[44.070s][info][gc             ] GC(244) Pause Cleanup 66M->66M(220M) 0.116ms
[44.070s][info][gc,cpu         ] GC(244) User=0.00s Sys=0.00s Real=0.00s
[44.070s][info][gc,marking     ] GC(244) Concurrent Clear Claimed Marks
[44.070s][info][gc,marking     ] GC(244) Concurrent Clear Claimed Marks 0.063ms
[44.070s][info][gc,marking     ] GC(244) Concurrent Cleanup for Next Mark
[44.071s][info][gc,marking     ] GC(244) Concurrent Cleanup for Next Mark 1.124ms
[44.071s][info][gc             ] GC(244) Concurrent Mark Cycle 42.660ms
[44.192s][info][gc,start       ] GC(246) Pause Young (Prepare Mixed) (G1 Evacuation Pause)
[44.192s][info][gc,task        ] GC(246) Using 5 workers of 33 for evacuation
[44.193s][info][gc,phases      ] GC(246)   Pre Evacuate Collection Set: 0.1ms
[44.193s][info][gc,phases      ] GC(246)   Merge Heap Roots: 0.1ms
[44.193s][info][gc,phases      ] GC(246)   Evacuate Collection Set: 1.1ms
[44.193s][info][gc,phases      ] GC(246)   Post Evacuate Collection Set: 0.3ms
[44.193s][info][gc,phases      ] GC(246)   Other: 0.1ms
[44.193s][info][gc,heap        ] GC(246) Eden regions: 131->0(121)
[44.193s][info][gc,heap        ] GC(246) Survivor regions: 1->1(17)
[44.193s][info][gc,heap        ] GC(246) Old regions: 48->48
[44.193s][info][gc,heap        ] GC(246) Archive regions: 0->0
[44.193s][info][gc,heap        ] GC(246) Humongous regions: 0->0
[44.193s][info][gc,metaspace   ] GC(246) Metaspace: 16680K(17344K)->16680K(17344K) NonClass: 14260K(14656K)->14260K(14656K) Class: 2420K(2688K)->2420K(2688K)
[44.193s][info][gc             ] GC(246) Pause Young (Prepare Mixed) (G1 Evacuation Pause) 177M->46M(220M) 1.785ms
[44.193s][info][gc,cpu         ] GC(246) User=0.00s Sys=0.00s Real=0.00s
[44.206s][info][gc,start       ] GC(247) Pause Young (Mixed) (G1 Evacuation Pause)
[44.206s][info][gc,task        ] GC(247) Using 5 workers of 33 for evacuation
[44.207s][info][gc,phases      ] GC(247)   Pre Evacuate Collection Set: 0.1ms
[44.207s][info][gc,phases      ] GC(247)   Merge Heap Roots: 0.0ms
[44.207s][info][gc,phases      ] GC(247)   Evacuate Collection Set: 1.0ms
[44.207s][info][gc,phases      ] GC(247)   Post Evacuate Collection Set: 0.2ms
[44.207s][info][gc,phases      ] GC(247)   Other: 0.1ms
[44.207s][info][gc,heap        ] GC(247) Eden regions: 121->0(128)
[44.207s][info][gc,heap        ] GC(247) Survivor regions: 1->2(16)
[44.207s][info][gc,heap        ] GC(247) Old regions: 48->48
[44.207s][info][gc,heap        ] GC(247) Archive regions: 0->0
[44.207s][info][gc,heap        ] GC(247) Humongous regions: 0->0
[44.207s][info][gc,metaspace   ] GC(247) Metaspace: 16680K(17344K)->16680K(17344K) NonClass: 14260K(14656K)->14260K(14656K) Class: 2420K(2688K)->2420K(2688K)
[44.208s][info][gc             ] GC(247) Pause Young (Mixed) (G1 Evacuation Pause) 167M->46M(220M) 1.614ms
[44.208s][info][gc,cpu         ] GC(247) User=0.00s Sys=0.00s Real=0.00s
[44.221s][info][gc,start       ] GC(248) Pause Young (Concurrent Start) (G1 Evacuation Pause)
[44.221s][info][gc,task        ] GC(248) Using 5 workers of 33 for evacuation
[44.223s][info][gc,phases      ] GC(248)   Pre Evacuate Collection Set: 0.2ms
[44.223s][info][gc,phases      ] GC(248)   Merge Heap Roots: 0.0ms
[44.223s][info][gc,phases      ] GC(248)   Evacuate Collection Set: 1.0ms
[44.223s][info][gc,phases      ] GC(248)   Post Evacuate Collection Set: 0.3ms
[44.223s][info][gc,phases      ] GC(248)   Other: 0.1ms
[44.223s][info][gc,heap        ] GC(248) Eden regions: 128->0(130)
[44.223s][info][gc,heap        ] GC(248) Survivor regions: 2->2(17)
[44.223s][info][gc,heap        ] GC(248) Old regions: 48->48
[44.223s][info][gc,heap        ] GC(248) Archive regions: 0->0
[44.223s][info][gc,heap        ] GC(248) Humongous regions: 0->0
[44.223s][info][gc,metaspace   ] GC(248) Metaspace: 16680K(17344K)->16680K(17344K) NonClass: 14260K(14656K)->14260K(14656K) Class: 2420K(2688K)->2420K(2688K)
[44.223s][info][gc             ] GC(248) Pause Young (Concurrent Start) (G1 Evacuation Pause) 174M->47M(220M) 1.786ms
[44.223s][info][gc             ] GC(249) Concurrent Mark Cycle
[44.223s][info][gc,cpu         ] GC(248) User=0.00s Sys=0.00s Real=0.00s
[44.223s][info][gc,marking     ] GC(249) Concurrent Scan Root Regions
[44.225s][info][gc,marking     ] GC(249) Concurrent Scan Root Regions 1.975ms
[44.225s][info][gc,marking     ] GC(249) Concurrent Mark
[44.225s][info][gc,marking     ] GC(249) Concurrent Mark From Roots
[44.225s][info][gc,task        ] GC(249) Using 8 workers of 8 for marking
[44.231s][info][gc,marking     ] GC(249) Concurrent Mark From Roots 5.274ms
[44.231s][info][gc,marking     ] GC(249) Concurrent Preclean
[44.231s][info][gc,marking     ] GC(249) Concurrent Preclean 0.043ms
[44.231s][info][gc,start       ] GC(249) Pause Remark
[44.232s][info][gc             ] GC(249) Pause Remark 115M->88M(220M) 0.969ms
[44.232s][info][gc,cpu         ] GC(249) User=0.00s Sys=0.00s Real=0.00s
[44.232s][info][gc,marking     ] GC(249) Concurrent Mark 6.609ms
[44.232s][info][gc,marking     ] GC(249) Concurrent Rebuild Remembered Sets and Scrub Regions
[44.234s][info][gc,marking     ] GC(249) Concurrent Rebuild Remembered Sets and Scrub Regions 2.513ms
[44.235s][info][gc,start       ] GC(249) Pause Cleanup
[44.235s][info][gc             ] GC(249) Pause Cleanup 112M->112M(220M) 0.108ms
[44.235s][info][gc,cpu         ] GC(249) User=0.00s Sys=0.00s Real=0.00s
[44.235s][info][gc,marking     ] GC(249) Concurrent Clear Claimed Marks
[44.235s][info][gc,marking     ] GC(249) Concurrent Clear Claimed Marks 0.056ms
[44.235s][info][gc,marking     ] GC(249) Concurrent Cleanup for Next Mark
[44.235s][info][gc,marking     ] GC(249) Concurrent Cleanup for Next Mark 0.487ms
[44.236s][info][gc             ] GC(249) Concurrent Mark Cycle 12.321ms
[44.239s][info][gc,start       ] GC(250) Pause Young (Prepare Mixed) (G1 Evacuation Pause)
[44.239s][info][gc,task        ] GC(250) Using 5 workers of 33 for evacuation
[44.240s][info][gc,phases      ] GC(250)   Pre Evacuate Collection Set: 0.1ms
[44.240s][info][gc,phases      ] GC(250)   Merge Heap Roots: 0.1ms
[44.240s][info][gc,phases      ] GC(250)   Evacuate Collection Set: 1.0ms
[44.240s][info][gc,phases      ] GC(250)   Post Evacuate Collection Set: 0.3ms
[44.240s][info][gc,phases      ] GC(250)   Other: 0.1ms
[44.240s][info][gc,heap        ] GC(250) Eden regions: 130->0(130)
[44.240s][info][gc,heap        ] GC(250) Survivor regions: 2->2(17)
[44.240s][info][gc,heap        ] GC(250) Old regions: 21->21
[44.240s][info][gc,heap        ] GC(250) Archive regions: 0->0
[44.240s][info][gc,heap        ] GC(250) Humongous regions: 0->0
[44.241s][info][gc,metaspace   ] GC(250) Metaspace: 16680K(17344K)->16680K(17344K) NonClass: 14260K(14656K)->14260K(14656K) Class: 2420K(2688K)->2420K(2688K)
[44.241s][info][gc             ] GC(250) Pause Young (Prepare Mixed) (G1 Evacuation Pause) 150M->20M(220M) 1.612ms
[44.241s][info][gc,cpu         ] GC(250) User=0.08s Sys=0.00s Real=0.02s
[44.255s][info][gc,start       ] GC(251) Pause Young (Mixed) (G1 Evacuation Pause)
[44.255s][info][gc,task        ] GC(251) Using 5 workers of 33 for evacuation
[44.256s][info][gc,phases      ] GC(251)   Pre Evacuate Collection Set: 0.1ms
[44.256s][info][gc,phases      ] GC(251)   Merge Heap Roots: 0.0ms
[44.256s][info][gc,phases      ] GC(251)   Evacuate Collection Set: 1.0ms
[44.256s][info][gc,phases      ] GC(251)   Post Evacuate Collection Set: 0.3ms
[44.256s][info][gc,phases      ] GC(251)   Other: 0.1ms
[44.256s][info][gc,heap        ] GC(251) Eden regions: 130->0(130)
[44.256s][info][gc,heap        ] GC(251) Survivor regions: 2->2(17)
[44.256s][info][gc,heap        ] GC(251) Old regions: 21->20
[44.256s][info][gc,heap        ] GC(251) Archive regions: 0->0
[44.256s][info][gc,heap        ] GC(251) Humongous regions: 0->0
[44.256s][info][gc,metaspace   ] GC(251) Metaspace: 16680K(17344K)->16680K(17344K) NonClass: 14260K(14656K)->14260K(14656K) Class: 2420K(2688K)->2420K(2688K)
[44.256s][info][gc             ] GC(251) Pause Young (Mixed) (G1 Evacuation Pause) 150M->19M(220M) 1.639ms
[44.257s][info][gc,cpu         ] GC(251) User=0.00s Sys=0.00s Real=0.00s
[44.271s][info][gc,start       ] GC(252) Pause Young (Concurrent Start) (G1 Evacuation Pause)
[44.271s][info][gc,task        ] GC(252) Using 5 workers of 33 for evacuation
[44.272s][info][gc,phases      ] GC(252)   Pre Evacuate Collection Set: 0.2ms
[44.272s][info][gc,phases      ] GC(252)   Merge Heap Roots: 0.0ms
[44.272s][info][gc,phases      ] GC(252)   Evacuate Collection Set: 1.1ms
[44.272s][info][gc,phases      ] GC(252)   Post Evacuate Collection Set: 0.3ms
[44.272s][info][gc,phases      ] GC(252)   Other: 0.1ms
[44.272s][info][gc,heap        ] GC(252) Eden regions: 130->0(130)
[44.272s][info][gc,heap        ] GC(252) Survivor regions: 2->2(17)
[44.272s][info][gc,heap        ] GC(252) Old regions: 20->20
[44.272s][info][gc,heap        ] GC(252) Archive regions: 0->0
[44.272s][info][gc,heap        ] GC(252) Humongous regions: 0->0
[44.272s][info][gc,metaspace   ] GC(252) Metaspace: 16680K(17344K)->16680K(17344K) NonClass: 14260K(14656K)->14260K(14656K) Class: 2420K(2688K)->2420K(2688K)
[44.272s][info][gc             ] GC(252) Pause Young (Concurrent Start) (G1 Evacuation Pause) 149M->19M(220M) 1.843ms
[44.272s][info][gc             ] GC(253) Concurrent Mark Cycle
[44.272s][info][gc,cpu         ] GC(252) User=0.00s Sys=0.00s Real=0.00s
[44.272s][info][gc,marking     ] GC(253) Concurrent Scan Root Regions
[44.274s][info][gc,marking     ] GC(253) Concurrent Scan Root Regions 1.418ms
[44.274s][info][gc,marking     ] GC(253) Concurrent Mark
[44.274s][info][gc,marking     ] GC(253) Concurrent Mark From Roots
[44.274s][info][gc,task        ] GC(253) Using 8 workers of 8 for marking
[44.279s][info][gc,marking     ] GC(253) Concurrent Mark From Roots 5.288ms
[44.279s][info][gc,marking     ] GC(253) Concurrent Preclean
[44.279s][info][gc,marking     ] GC(253) Concurrent Preclean 0.041ms
[44.279s][info][gc,start       ] GC(253) Pause Remark
[44.280s][info][gc             ] GC(253) Pause Remark 78M->78M(220M) 0.950ms
[44.280s][info][gc,cpu         ] GC(253) User=0.00s Sys=0.00s Real=0.00s
[44.281s][info][gc,marking     ] GC(253) Concurrent Mark 6.732ms
[44.281s][info][gc,marking     ] GC(253) Concurrent Rebuild Remembered Sets and Scrub Regions
[44.283s][info][gc,marking     ] GC(253) Concurrent Rebuild Remembered Sets and Scrub Regions 2.532ms
[44.283s][info][gc,start       ] GC(253) Pause Cleanup
[44.284s][info][gc             ] GC(253) Pause Cleanup 103M->103M(220M) 0.091ms
[44.284s][info][gc,cpu         ] GC(253) User=0.00s Sys=0.00s Real=0.00s
[44.284s][info][gc,marking     ] GC(253) Concurrent Clear Claimed Marks
[44.284s][info][gc,marking     ] GC(253) Concurrent Clear Claimed Marks 0.029ms
[44.284s][info][gc,marking     ] GC(253) Concurrent Cleanup for Next Mark
[44.284s][info][gc,marking     ] GC(253) Concurrent Cleanup for Next Mark 0.563ms
[44.284s][info][gc             ] GC(253) Concurrent Mark Cycle 11.864ms
[44.289s][info][gc,start       ] GC(254) Pause Young (Prepare Mixed) (G1 Evacuation Pause)
[44.289s][info][gc,task        ] GC(254) Using 5 workers of 33 for evacuation
[44.290s][info][gc,phases      ] GC(254)   Pre Evacuate Collection Set: 0.1ms
[44.290s][info][gc,phases      ] GC(254)   Merge Heap Roots: 0.1ms
[44.290s][info][gc,phases      ] GC(254)   Evacuate Collection Set: 1.0ms
[44.290s][info][gc,phases      ] GC(254)   Post Evacuate Collection Set: 0.3ms
[44.290s][info][gc,phases      ] GC(254)   Other: 0.1ms
[44.290s][info][gc,heap        ] GC(254) Eden regions: 130->0(130)
[44.290s][info][gc,heap        ] GC(254) Survivor regions: 2->2(17)
[44.290s][info][gc,heap        ] GC(254) Old regions: 20->20
[44.290s][info][gc,heap        ] GC(254) Archive regions: 0->0
[44.290s][info][gc,heap        ] GC(254) Humongous regions: 0->0
[44.290s][info][gc,metaspace   ] GC(254) Metaspace: 16680K(17344K)->16680K(17344K) NonClass: 14260K(14656K)->14260K(14656K) Class: 2420K(2688K)->2420K(2688K)
[44.290s][info][gc             ] GC(254) Pause Young (Prepare Mixed) (G1 Evacuation Pause) 149M->19M(220M) 1.625ms
[44.290s][info][gc,cpu         ] GC(254) User=0.08s Sys=0.00s Real=0.01s
[44.304s][info][gc,start       ] GC(255) Pause Young (Mixed) (G1 Evacuation Pause)
[44.304s][info][gc,task        ] GC(255) Using 5 workers of 33 for evacuation
[44.306s][info][gc,phases      ] GC(255)   Pre Evacuate Collection Set: 0.1ms
[44.306s][info][gc,phases      ] GC(255)   Merge Heap Roots: 0.0ms
[44.306s][info][gc,phases      ] GC(255)   Evacuate Collection Set: 1.0ms
[44.306s][info][gc,phases      ] GC(255)   Post Evacuate Collection Set: 0.6ms
[44.306s][info][gc,phases      ] GC(255)   Other: 0.1ms
[44.306s][info][gc,heap        ] GC(255) Eden regions: 130->0(165)
[44.306s][info][gc,heap        ] GC(255) Survivor regions: 2->2(17)
[44.306s][info][gc,heap        ] GC(255) Old regions: 20->19
[44.306s][info][gc,heap        ] GC(255) Archive regions: 0->0
[44.306s][info][gc,heap        ] GC(255) Humongous regions: 0->0
[44.306s][info][gc,metaspace   ] GC(255) Metaspace: 16680K(17344K)->16680K(17344K) NonClass: 14260K(14656K)->14260K(14656K) Class: 2420K(2688K)->2420K(2688K)
[44.306s][info][gc             ] GC(255) Pause Young (Mixed) (G1 Evacuation Pause) 149M->18M(279M) 2.103ms
[44.306s][info][gc,cpu         ] GC(255) User=0.00s Sys=0.00s Real=0.00s
[44.350s][info][gc,start       ] GC(256) Pause Young (Concurrent Start) (G1 Evacuation Pause)
[44.350s][info][gc,task        ] GC(256) Using 6 workers of 33 for evacuation
[44.351s][info][gc,phases      ] GC(256)   Pre Evacuate Collection Set: 0.2ms
[44.351s][info][gc,phases      ] GC(256)   Merge Heap Roots: 0.1ms
[44.351s][info][gc,phases      ] GC(256)   Evacuate Collection Set: 0.9ms
[44.352s][info][gc,phases      ] GC(256)   Post Evacuate Collection Set: 0.3ms
[44.352s][info][gc,phases      ] GC(256)   Other: 0.1ms
[44.352s][info][gc,heap        ] GC(256) Eden regions: 165->0(165)
[44.352s][info][gc,heap        ] GC(256) Survivor regions: 2->2(21)
[44.352s][info][gc,heap        ] GC(256) Old regions: 19->19
[44.352s][info][gc,heap        ] GC(256) Archive regions: 0->0
[44.352s][info][gc,heap        ] GC(256) Humongous regions: 0->0
[44.352s][info][gc,metaspace   ] GC(256) Metaspace: 16680K(17344K)->16680K(17344K) NonClass: 14260K(14656K)->14260K(14656K) Class: 2420K(2688K)->2420K(2688K)
[44.352s][info][gc             ] GC(256) Pause Young (Concurrent Start) (G1 Evacuation Pause) 183M->18M(279M) 1.647ms
[44.352s][info][gc             ] GC(257) Concurrent Mark Cycle
[44.352s][info][gc,cpu         ] GC(256) User=0.00s Sys=0.00s Real=0.00s
[44.352s][info][gc,marking     ] GC(257) Concurrent Scan Root Regions
[44.354s][info][gc,marking     ] GC(257) Concurrent Scan Root Regions 1.868ms
[44.354s][info][gc,marking     ] GC(257) Concurrent Mark
[44.354s][info][gc,marking     ] GC(257) Concurrent Mark From Roots
[44.354s][info][gc,task        ] GC(257) Using 8 workers of 8 for marking
[44.359s][info][gc,marking     ] GC(257) Concurrent Mark From Roots 5.085ms
[44.359s][info][gc,marking     ] GC(257) Concurrent Preclean
[44.359s][info][gc,marking     ] GC(257) Concurrent Preclean 0.043ms
[44.359s][info][gc,start       ] GC(257) Pause Remark
[44.360s][info][gc             ] GC(257) Pause Remark 81M->81M(279M) 0.833ms
[44.360s][info][gc,cpu         ] GC(257) User=0.00s Sys=0.00s Real=0.00s
[44.360s][info][gc,marking     ] GC(257) Concurrent Mark 6.330ms
[44.360s][info][gc,marking     ] GC(257) Concurrent Rebuild Remembered Sets and Scrub Regions
[44.362s][info][gc,marking     ] GC(257) Concurrent Rebuild Remembered Sets and Scrub Regions 2.457ms
[44.363s][info][gc,start       ] GC(257) Pause Cleanup
[44.363s][info][gc             ] GC(257) Pause Cleanup 104M->104M(279M) 0.095ms
[44.363s][info][gc,cpu         ] GC(257) User=0.00s Sys=0.00s Real=0.00s
[44.363s][info][gc,marking     ] GC(257) Concurrent Clear Claimed Marks
[44.363s][info][gc,marking     ] GC(257) Concurrent Clear Claimed Marks 0.030ms
[44.363s][info][gc,marking     ] GC(257) Concurrent Cleanup for Next Mark
[44.364s][info][gc,marking     ] GC(257) Concurrent Cleanup for Next Mark 0.799ms
[44.364s][info][gc             ] GC(257) Concurrent Mark Cycle 12.030ms
[44.371s][info][gc,start       ] GC(258) Pause Young (Prepare Mixed) (G1 Evacuation Pause)
[44.371s][info][gc,task        ] GC(258) Using 6 workers of 33 for evacuation
[44.373s][info][gc,phases      ] GC(258)   Pre Evacuate Collection Set: 0.1ms
[44.373s][info][gc,phases      ] GC(258)   Merge Heap Roots: 0.1ms
[44.373s][info][gc,phases      ] GC(258)   Evacuate Collection Set: 0.9ms
[44.373s][info][gc,phases      ] GC(258)   Post Evacuate Collection Set: 0.3ms
[44.373s][info][gc,phases      ] GC(258)   Other: 0.1ms
[44.373s][info][gc,heap        ] GC(258) Eden regions: 165->0(165)
[44.373s][info][gc,heap        ] GC(258) Survivor regions: 2->2(21)
[44.373s][info][gc,heap        ] GC(258) Old regions: 19->19
[44.373s][info][gc,heap        ] GC(258) Archive regions: 0->0
[44.373s][info][gc,heap        ] GC(258) Humongous regions: 0->0
[44.373s][info][gc,metaspace   ] GC(258) Metaspace: 16680K(17344K)->16680K(17344K) NonClass: 14260K(14656K)->14260K(14656K) Class: 2420K(2688K)->2420K(2688K)
[44.373s][info][gc             ] GC(258) Pause Young (Prepare Mixed) (G1 Evacuation Pause) 183M->18M(279M) 1.615ms
[44.373s][info][gc,cpu         ] GC(258) User=0.00s Sys=0.00s Real=0.00s
[44.391s][info][gc,start       ] GC(259) Pause Young (Mixed) (G1 Evacuation Pause)
[44.391s][info][gc,task        ] GC(259) Using 6 workers of 33 for evacuation
[44.392s][info][gc,phases      ] GC(259)   Pre Evacuate Collection Set: 0.1ms
[44.392s][info][gc,phases      ] GC(259)   Merge Heap Roots: 0.1ms
[44.392s][info][gc,phases      ] GC(259)   Evacuate Collection Set: 1.0ms
[44.392s][info][gc,phases      ] GC(259)   Post Evacuate Collection Set: 0.3ms
[44.392s][info][gc,phases      ] GC(259)   Other: 0.1ms
[44.392s][info][gc,heap        ] GC(259) Eden regions: 165->0(165)
[44.392s][info][gc,heap        ] GC(259) Survivor regions: 2->2(21)
[44.392s][info][gc,heap        ] GC(259) Old regions: 19->18
[44.392s][info][gc,heap        ] GC(259) Archive regions: 0->0
[44.392s][info][gc,heap        ] GC(259) Humongous regions: 0->0
[44.392s][info][gc,metaspace   ] GC(259) Metaspace: 16680K(17344K)->16680K(17344K) NonClass: 14260K(14656K)->14260K(14656K) Class: 2420K(2688K)->2420K(2688K)
[44.392s][info][gc             ] GC(259) Pause Young (Mixed) (G1 Evacuation Pause) 183M->17M(279M) 1.653ms
[44.392s][info][gc,cpu         ] GC(259) User=0.00s Sys=0.00s Real=0.00s
[44.410s][info][gc,start       ] GC(260) Pause Young (Concurrent Start) (G1 Evacuation Pause)
[44.410s][info][gc,task        ] GC(260) Using 6 workers of 33 for evacuation
[44.412s][info][gc,phases      ] GC(260)   Pre Evacuate Collection Set: 0.2ms
[44.412s][info][gc,phases      ] GC(260)   Merge Heap Roots: 0.1ms
[44.412s][info][gc,phases      ] GC(260)   Evacuate Collection Set: 1.0ms
[44.412s][info][gc,phases      ] GC(260)   Post Evacuate Collection Set: 0.3ms
[44.412s][info][gc,phases      ] GC(260)   Other: 0.1ms
[44.412s][info][gc,heap        ] GC(260) Eden regions: 165->0(165)
[44.412s][info][gc,heap        ] GC(260) Survivor regions: 2->2(21)
[44.412s][info][gc,heap        ] GC(260) Old regions: 18->18
[44.412s][info][gc,heap        ] GC(260) Archive regions: 0->0
[44.412s][info][gc,heap        ] GC(260) Humongous regions: 0->0
[44.412s][info][gc,metaspace   ] GC(260) Metaspace: 16680K(17344K)->16680K(17344K) NonClass: 14260K(14656K)->14260K(14656K) Class: 2420K(2688K)->2420K(2688K)
[44.412s][info][gc             ] GC(260) Pause Young (Concurrent Start) (G1 Evacuation Pause) 182M->17M(279M) 1.749ms
[44.412s][info][gc,cpu         ] GC(260) User=0.00s Sys=0.00s Real=0.00s
[44.412s][info][gc             ] GC(261) Concurrent Mark Cycle
[44.412s][info][gc,marking     ] GC(261) Concurrent Scan Root Regions
[44.413s][info][gc,marking     ] GC(261) Concurrent Scan Root Regions 1.418ms
[44.413s][info][gc,marking     ] GC(261) Concurrent Mark
[44.413s][info][gc,marking     ] GC(261) Concurrent Mark From Roots
[44.413s][info][gc,task        ] GC(261) Using 8 workers of 8 for marking
[44.419s][info][gc,marking     ] GC(261) Concurrent Mark From Roots 5.355ms
[44.419s][info][gc,marking     ] GC(261) Concurrent Preclean
[44.419s][info][gc,marking     ] GC(261) Concurrent Preclean 0.046ms
[44.419s][info][gc,start       ] GC(261) Pause Remark
[44.420s][info][gc             ] GC(261) Pause Remark 79M->79M(274M) 0.879ms
[44.420s][info][gc,cpu         ] GC(261) User=0.00s Sys=0.00s Real=0.00s
[44.420s][info][gc,marking     ] GC(261) Concurrent Mark 6.686ms
[44.420s][info][gc,marking     ] GC(261) Concurrent Rebuild Remembered Sets and Scrub Regions
[44.422s][info][gc,marking     ] GC(261) Concurrent Rebuild Remembered Sets and Scrub Regions 2.378ms
[44.423s][info][gc,start       ] GC(261) Pause Cleanup
[44.423s][info][gc             ] GC(261) Pause Cleanup 101M->101M(274M) 0.095ms
[44.423s][info][gc,cpu         ] GC(261) User=0.00s Sys=0.00s Real=0.00s
[44.423s][info][gc,marking     ] GC(261) Concurrent Clear Claimed Marks
[44.423s][info][gc,marking     ] GC(261) Concurrent Clear Claimed Marks 0.034ms
[44.423s][info][gc,marking     ] GC(261) Concurrent Cleanup for Next Mark
[44.423s][info][gc,marking     ] GC(261) Concurrent Cleanup for Next Mark 0.540ms
[44.423s][info][gc             ] GC(261) Concurrent Mark Cycle 11.606ms
[44.432s][info][gc,start       ] GC(262) Pause Young (Prepare Mixed) (G1 Evacuation Pause)
[44.432s][info][gc,task        ] GC(262) Using 6 workers of 33 for evacuation
[44.433s][info][gc,phases      ] GC(262)   Pre Evacuate Collection Set: 0.1ms
[44.433s][info][gc,phases      ] GC(262)   Merge Heap Roots: 0.1ms
[44.433s][info][gc,phases      ] GC(262)   Evacuate Collection Set: 1.0ms
[44.433s][info][gc,phases      ] GC(262)   Post Evacuate Collection Set: 0.3ms
[44.433s][info][gc,phases      ] GC(262)   Other: 0.1ms
[44.433s][info][gc,heap        ] GC(262) Eden regions: 165->0(162)
[44.433s][info][gc,heap        ] GC(262) Survivor regions: 2->2(21)
[44.433s][info][gc,heap        ] GC(262) Old regions: 18->18
[44.433s][info][gc,heap        ] GC(262) Archive regions: 0->0
[44.433s][info][gc,heap        ] GC(262) Humongous regions: 0->0
[44.433s][info][gc,metaspace   ] GC(262) Metaspace: 16680K(17344K)->16680K(17344K) NonClass: 14260K(14656K)->14260K(14656K) Class: 2420K(2688K)->2420K(2688K)
[44.433s][info][gc             ] GC(262) Pause Young (Prepare Mixed) (G1 Evacuation Pause) 182M->17M(274M) 1.670ms
[44.433s][info][gc,cpu         ] GC(262) User=0.00s Sys=0.00s Real=0.00s
[44.451s][info][gc,start       ] GC(263) Pause Young (Mixed) (G1 Evacuation Pause)
[44.451s][info][gc,task        ] GC(263) Using 6 workers of 33 for evacuation
[44.452s][info][gc,phases      ] GC(263)   Pre Evacuate Collection Set: 0.1ms
[44.452s][info][gc,phases      ] GC(263)   Merge Heap Roots: 0.1ms
[44.452s][info][gc,phases      ] GC(263)   Evacuate Collection Set: 0.9ms
[44.452s][info][gc,phases      ] GC(263)   Post Evacuate Collection Set: 0.3ms
[44.452s][info][gc,phases      ] GC(263)   Other: 0.1ms
[44.452s][info][gc,heap        ] GC(263) Eden regions: 162->0(162)
[44.452s][info][gc,heap        ] GC(263) Survivor regions: 2->2(21)
[44.452s][info][gc,heap        ] GC(263) Old regions: 18->18
[44.452s][info][gc,heap        ] GC(263) Archive regions: 0->0
[44.452s][info][gc,heap        ] GC(263) Humongous regions: 0->0
[44.452s][info][gc,metaspace   ] GC(263) Metaspace: 16680K(17344K)->16680K(17344K) NonClass: 14260K(14656K)->14260K(14656K) Class: 2420K(2688K)->2420K(2688K)
[44.452s][info][gc             ] GC(263) Pause Young (Mixed) (G1 Evacuation Pause) 179M->16M(274M) 1.607ms
[44.452s][info][gc,cpu         ] GC(263) User=0.00s Sys=0.00s Real=0.00s
[44.471s][info][gc,start       ] GC(264) Pause Young (Concurrent Start) (G1 Evacuation Pause)
[44.471s][info][gc,task        ] GC(264) Using 6 workers of 33 for evacuation
[44.473s][info][gc,phases      ] GC(264)   Pre Evacuate Collection Set: 0.2ms
[44.473s][info][gc,phases      ] GC(264)   Merge Heap Roots: 0.0ms
[44.473s][info][gc,phases      ] GC(264)   Evacuate Collection Set: 0.9ms
[44.473s][info][gc,phases      ] GC(264)   Post Evacuate Collection Set: 0.3ms
[44.473s][info][gc,phases      ] GC(264)   Other: 0.1ms
[44.473s][info][gc,heap        ] GC(264) Eden regions: 162->0(162)
[44.473s][info][gc,heap        ] GC(264) Survivor regions: 2->2(21)
[44.473s][info][gc,heap        ] GC(264) Old regions: 18->18
[44.473s][info][gc,heap        ] GC(264) Archive regions: 0->0
[44.473s][info][gc,heap        ] GC(264) Humongous regions: 0->0
[44.473s][info][gc,metaspace   ] GC(264) Metaspace: 16680K(17344K)->16680K(17344K) NonClass: 14260K(14656K)->14260K(14656K) Class: 2420K(2688K)->2420K(2688K)
[44.473s][info][gc             ] GC(264) Pause Young (Concurrent Start) (G1 Evacuation Pause) 178M->16M(274M) 1.706ms
[44.473s][info][gc,cpu         ] GC(264) User=0.00s Sys=0.00s Real=0.00s
[44.473s][info][gc             ] GC(265) Concurrent Mark Cycle
[44.473s][info][gc,marking     ] GC(265) Concurrent Scan Root Regions
[44.474s][info][gc,marking     ] GC(265) Concurrent Scan Root Regions 1.371ms
[44.474s][info][gc,marking     ] GC(265) Concurrent Mark
[44.474s][info][gc,marking     ] GC(265) Concurrent Mark From Roots
[44.474s][info][gc,task        ] GC(265) Using 8 workers of 8 for marking
[44.479s][info][gc,marking     ] GC(265) Concurrent Mark From Roots 4.899ms
[44.479s][info][gc,marking     ] GC(265) Concurrent Preclean
[44.479s][info][gc,marking     ] GC(265) Concurrent Preclean 0.045ms
[44.479s][info][gc,start       ] GC(265) Pause Remark
[44.480s][info][gc             ] GC(265) Pause Remark 71M->71M(254M) 0.884ms
[44.480s][info][gc,cpu         ] GC(265) User=0.00s Sys=0.00s Real=0.00s
[44.481s][info][gc,marking     ] GC(265) Concurrent Mark 6.325ms
[44.481s][info][gc,marking     ] GC(265) Concurrent Rebuild Remembered Sets and Scrub Regions
[44.483s][info][gc,marking     ] GC(265) Concurrent Rebuild Remembered Sets and Scrub Regions 2.096ms
[44.483s][info][gc,start       ] GC(265) Pause Cleanup
[44.483s][info][gc             ] GC(265) Pause Cleanup 91M->91M(254M) 0.100ms
[44.483s][info][gc,cpu         ] GC(265) User=0.00s Sys=0.00s Real=0.00s
[44.483s][info][gc,marking     ] GC(265) Concurrent Clear Claimed Marks
[44.483s][info][gc,marking     ] GC(265) Concurrent Clear Claimed Marks 0.033ms
[44.483s][info][gc,marking     ] GC(265) Concurrent Cleanup for Next Mark
[44.484s][info][gc,marking     ] GC(265) Concurrent Cleanup for Next Mark 0.546ms
[44.484s][info][gc             ] GC(265) Concurrent Mark Cycle 11.077ms
[44.493s][info][gc,start       ] GC(266) Pause Young (Prepare Mixed) (G1 Evacuation Pause)
[44.493s][info][gc,task        ] GC(266) Using 6 workers of 33 for evacuation
[44.494s][info][gc,phases      ] GC(266)   Pre Evacuate Collection Set: 0.1ms
[44.494s][info][gc,phases      ] GC(266)   Merge Heap Roots: 0.1ms
[44.494s][info][gc,phases      ] GC(266)   Evacuate Collection Set: 0.9ms
[44.495s][info][gc,phases      ] GC(266)   Post Evacuate Collection Set: 0.3ms
[44.495s][info][gc,phases      ] GC(266)   Other: 0.1ms
[44.495s][info][gc,heap        ] GC(266) Eden regions: 162->0(150)
[44.495s][info][gc,heap        ] GC(266) Survivor regions: 2->2(21)
[44.495s][info][gc,heap        ] GC(266) Old regions: 18->19
[44.495s][info][gc,heap        ] GC(266) Archive regions: 0->0
[44.495s][info][gc,heap        ] GC(266) Humongous regions: 0->0
[44.495s][info][gc,metaspace   ] GC(266) Metaspace: 16680K(17344K)->16680K(17344K) NonClass: 14260K(14656K)->14260K(14656K) Class: 2420K(2688K)->2420K(2688K)
[44.495s][info][gc             ] GC(266) Pause Young (Prepare Mixed) (G1 Evacuation Pause) 178M->16M(254M) 1.545ms
[44.495s][info][gc,cpu         ] GC(266) User=0.00s Sys=0.00s Real=0.00s
[44.512s][info][gc,start       ] GC(267) Pause Young (Mixed) (G1 Evacuation Pause)
[44.512s][info][gc,task        ] GC(267) Using 6 workers of 33 for evacuation
[44.514s][info][gc,phases      ] GC(267)   Pre Evacuate Collection Set: 0.1ms
[44.514s][info][gc,phases      ] GC(267)   Merge Heap Roots: 0.0ms
[44.514s][info][gc,phases      ] GC(267)   Evacuate Collection Set: 0.9ms
[44.514s][info][gc,phases      ] GC(267)   Post Evacuate Collection Set: 0.4ms
[44.514s][info][gc,phases      ] GC(267)   Other: 0.1ms
[44.514s][info][gc,heap        ] GC(267) Eden regions: 150->0(170)
[44.514s][info][gc,heap        ] GC(267) Survivor regions: 2->2(19)
[44.514s][info][gc,heap        ] GC(267) Old regions: 19->18
[44.514s][info][gc,heap        ] GC(267) Archive regions: 0->0
[44.514s][info][gc,heap        ] GC(267) Humongous regions: 0->0
[44.514s][info][gc,metaspace   ] GC(267) Metaspace: 16680K(17344K)->16680K(17344K) NonClass: 14260K(14656K)->14260K(14656K) Class: 2420K(2688K)->2420K(2688K)
[44.514s][info][gc             ] GC(267) Pause Young (Mixed) (G1 Evacuation Pause) 166M->16M(287M) 1.692ms
[44.514s][info][gc,cpu         ] GC(267) User=0.00s Sys=0.00s Real=0.00s
[44.537s][info][gc,start       ] GC(268) Pause Young (Concurrent Start) (G1 Evacuation Pause)
[44.537s][info][gc,task        ] GC(268) Using 6 workers of 33 for evacuation
[44.539s][info][gc,phases      ] GC(268)   Pre Evacuate Collection Set: 0.2ms
[44.539s][info][gc,phases      ] GC(268)   Merge Heap Roots: 0.1ms
[44.539s][info][gc,phases      ] GC(268)   Evacuate Collection Set: 0.9ms
[44.539s][info][gc,phases      ] GC(268)   Post Evacuate Collection Set: 0.3ms
[44.539s][info][gc,phases      ] GC(268)   Other: 0.1ms
[44.539s][info][gc,heap        ] GC(268) Eden regions: 170->0(170)
[44.539s][info][gc,heap        ] GC(268) Survivor regions: 2->2(22)
[44.539s][info][gc,heap        ] GC(268) Old regions: 18->18
[44.539s][info][gc,heap        ] GC(268) Archive regions: 0->0
[44.539s][info][gc,heap        ] GC(268) Humongous regions: 0->0
[44.539s][info][gc,metaspace   ] GC(268) Metaspace: 16680K(17344K)->16680K(17344K) NonClass: 14260K(14656K)->14260K(14656K) Class: 2420K(2688K)->2420K(2688K)
[44.539s][info][gc             ] GC(268) Pause Young (Concurrent Start) (G1 Evacuation Pause) 186M->16M(287M) 1.706ms
[44.539s][info][gc             ] GC(269) Concurrent Mark Cycle
[44.539s][info][gc,cpu         ] GC(268) User=0.02s Sys=0.00s Real=0.01s
[44.539s][info][gc,marking     ] GC(269) Concurrent Scan Root Regions
[44.540s][info][gc,marking     ] GC(269) Concurrent Scan Root Regions 1.603ms
[44.540s][info][gc,marking     ] GC(269) Concurrent Mark
[44.540s][info][gc,marking     ] GC(269) Concurrent Mark From Roots
[44.540s][info][gc,task        ] GC(269) Using 8 workers of 8 for marking
[44.545s][info][gc,marking     ] GC(269) Concurrent Mark From Roots 4.795ms
[44.545s][info][gc,marking     ] GC(269) Concurrent Preclean
[44.545s][info][gc,marking     ] GC(269) Concurrent Preclean 0.049ms
[44.546s][info][gc,start       ] GC(269) Pause Remark
[44.546s][info][gc             ] GC(269) Pause Remark 69M->69M(247M) 0.967ms
[44.547s][info][gc,cpu         ] GC(269) User=0.00s Sys=0.00s Real=0.00s
[44.547s][info][gc,marking     ] GC(269) Concurrent Mark 6.264ms
[44.547s][info][gc,marking     ] GC(269) Concurrent Rebuild Remembered Sets and Scrub Regions
[44.549s][info][gc,marking     ] GC(269) Concurrent Rebuild Remembered Sets and Scrub Regions 2.096ms
[44.549s][info][gc,start       ] GC(269) Pause Cleanup
[44.549s][info][gc             ] GC(269) Pause Cleanup 89M->89M(247M) 0.090ms
[44.549s][info][gc,cpu         ] GC(269) User=0.00s Sys=0.00s Real=0.00s
[44.549s][info][gc,marking     ] GC(269) Concurrent Clear Claimed Marks
[44.549s][info][gc,marking     ] GC(269) Concurrent Clear Claimed Marks 0.030ms
[44.549s][info][gc,marking     ] GC(269) Concurrent Cleanup for Next Mark
[44.550s][info][gc,marking     ] GC(269) Concurrent Cleanup for Next Mark 0.546ms
[44.550s][info][gc             ] GC(269) Concurrent Mark Cycle 11.111ms
[44.561s][info][gc,start       ] GC(270) Pause Young (Prepare Mixed) (G1 Evacuation Pause)
[44.561s][info][gc,task        ] GC(270) Using 5 workers of 33 for evacuation
[44.562s][info][gc,phases      ] GC(270)   Pre Evacuate Collection Set: 0.1ms
[44.562s][info][gc,phases      ] GC(270)   Merge Heap Roots: 0.1ms
[44.562s][info][gc,phases      ] GC(270)   Evacuate Collection Set: 1.0ms
[44.562s][info][gc,phases      ] GC(270)   Post Evacuate Collection Set: 0.3ms
[44.562s][info][gc,phases      ] GC(270)   Other: 0.1ms
[44.562s][info][gc,heap        ] GC(270) Eden regions: 170->0(146)
[44.562s][info][gc,heap        ] GC(270) Survivor regions: 2->2(22)
[44.562s][info][gc,heap        ] GC(270) Old regions: 18->19
[44.562s][info][gc,heap        ] GC(270) Archive regions: 0->0
[44.562s][info][gc,heap        ] GC(270) Humongous regions: 0->0
[44.562s][info][gc,metaspace   ] GC(270) Metaspace: 16680K(17344K)->16680K(17344K) NonClass: 14260K(14656K)->14260K(14656K) Class: 2420K(2688K)->2420K(2688K)
[44.562s][info][gc             ] GC(270) Pause Young (Prepare Mixed) (G1 Evacuation Pause) 186M->16M(247M) 1.647ms
[44.562s][info][gc,cpu         ] GC(270) User=0.00s Sys=0.00s Real=0.00s
[44.580s][info][gc,start       ] GC(271) Pause Young (Mixed) (G1 Evacuation Pause)
[44.580s][info][gc,task        ] GC(271) Using 5 workers of 33 for evacuation
[44.581s][info][gc,phases      ] GC(271)   Pre Evacuate Collection Set: 0.1ms
[44.581s][info][gc,phases      ] GC(271)   Merge Heap Roots: 0.0ms
[44.581s][info][gc,phases      ] GC(271)   Evacuate Collection Set: 0.9ms
[44.581s][info][gc,phases      ] GC(271)   Post Evacuate Collection Set: 0.3ms
[44.582s][info][gc,phases      ] GC(271)   Other: 0.1ms
[44.582s][info][gc,heap        ] GC(271) Eden regions: 146->0(146)
[44.582s][info][gc,heap        ] GC(271) Survivor regions: 2->2(19)
[44.582s][info][gc,heap        ] GC(271) Old regions: 19->18
[44.582s][info][gc,heap        ] GC(271) Archive regions: 0->0
[44.582s][info][gc,heap        ] GC(271) Humongous regions: 0->0
[44.582s][info][gc,metaspace   ] GC(271) Metaspace: 16680K(17344K)->16680K(17344K) NonClass: 14260K(14656K)->14260K(14656K) Class: 2420K(2688K)->2420K(2688K)
[44.582s][info][gc             ] GC(271) Pause Young (Mixed) (G1 Evacuation Pause) 162M->16M(247M) 1.609ms
[44.582s][info][gc,cpu         ] GC(271) User=0.00s Sys=0.00s Real=0.00s
[44.600s][info][gc,start       ] GC(272) Pause Young (Concurrent Start) (G1 Evacuation Pause)
[44.600s][info][gc,task        ] GC(272) Using 5 workers of 33 for evacuation
[44.602s][info][gc,phases      ] GC(272)   Pre Evacuate Collection Set: 0.2ms
[44.602s][info][gc,phases      ] GC(272)   Merge Heap Roots: 0.0ms
[44.602s][info][gc,phases      ] GC(272)   Evacuate Collection Set: 0.8ms
[44.602s][info][gc,phases      ] GC(272)   Post Evacuate Collection Set: 0.3ms
[44.602s][info][gc,phases      ] GC(272)   Other: 0.1ms
[44.602s][info][gc,heap        ] GC(272) Eden regions: 146->0(147)
[44.602s][info][gc,heap        ] GC(272) Survivor regions: 2->1(19)
[44.602s][info][gc,heap        ] GC(272) Old regions: 18->18
[44.602s][info][gc,heap        ] GC(272) Archive regions: 0->0
[44.602s][info][gc,heap        ] GC(272) Humongous regions: 0->0
[44.602s][info][gc,metaspace   ] GC(272) Metaspace: 16680K(17344K)->16680K(17344K) NonClass: 14260K(14656K)->14260K(14656K) Class: 2420K(2688K)->2420K(2688K)
[44.602s][info][gc             ] GC(272) Pause Young (Concurrent Start) (G1 Evacuation Pause) 162M->15M(247M) 1.614ms
[44.602s][info][gc             ] GC(273) Concurrent Mark Cycle
[44.602s][info][gc,cpu         ] GC(272) User=0.00s Sys=0.00s Real=0.00s
[44.602s][info][gc,marking     ] GC(273) Concurrent Scan Root Regions
[44.604s][info][gc,marking     ] GC(273) Concurrent Scan Root Regions 1.506ms
[44.604s][info][gc,marking     ] GC(273) Concurrent Mark
[44.604s][info][gc,marking     ] GC(273) Concurrent Mark From Roots
[44.604s][info][gc,task        ] GC(273) Using 8 workers of 8 for marking
[44.608s][info][gc,marking     ] GC(273) Concurrent Mark From Roots 4.821ms
[44.608s][info][gc,marking     ] GC(273) Concurrent Preclean
[44.609s][info][gc,marking     ] GC(273) Concurrent Preclean 0.042ms
[44.609s][info][gc,start       ] GC(273) Pause Remark
[44.610s][info][gc             ] GC(273) Pause Remark 64M->64M(227M) 1.026ms
[44.610s][info][gc,cpu         ] GC(273) User=0.00s Sys=0.00s Real=0.00s
[44.610s][info][gc,marking     ] GC(273) Concurrent Mark 6.317ms
[44.610s][info][gc,marking     ] GC(273) Concurrent Rebuild Remembered Sets and Scrub Regions
[44.612s][info][gc,marking     ] GC(273) Concurrent Rebuild Remembered Sets and Scrub Regions 1.672ms
[44.612s][info][gc,start       ] GC(273) Pause Cleanup
[44.612s][info][gc             ] GC(273) Pause Cleanup 74M->74M(227M) 0.084ms
[44.612s][info][gc,cpu         ] GC(273) User=0.00s Sys=0.00s Real=0.00s
[44.612s][info][gc,marking     ] GC(273) Concurrent Clear Claimed Marks
[44.612s][info][gc,marking     ] GC(273) Concurrent Clear Claimed Marks 0.016ms
[44.612s][info][gc,marking     ] GC(273) Concurrent Cleanup for Next Mark
[44.612s][info][gc,marking     ] GC(273) Concurrent Cleanup for Next Mark 0.202ms
[44.612s][info][gc             ] GC(273) Concurrent Mark Cycle 10.023ms
[44.685s][info][gc,start       ] GC(274) Pause Young (Prepare Mixed) (G1 Evacuation Pause)
[44.685s][info][gc,task        ] GC(274) Using 5 workers of 33 for evacuation
[44.730s][info][gc,phases      ] GC(274)   Pre Evacuate Collection Set: 0.1ms
[44.733s][info][gc,phases      ] GC(274)   Merge Heap Roots: 0.1ms
[44.733s][info][gc,phases      ] GC(274)   Evacuate Collection Set: 44.4ms
[44.733s][info][gc,phases      ] GC(274)   Post Evacuate Collection Set: 0.6ms
[44.733s][info][gc,phases      ] GC(274)   Other: 0.2ms
[44.733s][info][gc,heap        ] GC(274) Eden regions: 135->0(96)
[44.733s][info][gc,heap        ] GC(274) Survivor regions: 1->17(17)
[44.733s][info][gc,heap        ] GC(274) Old regions: 18->53
[44.733s][info][gc,heap        ] GC(274) Archive regions: 0->0
[44.733s][info][gc,heap        ] GC(274) Humongous regions: 1->1
[44.734s][info][gc,metaspace   ] GC(274) Metaspace: 16680K(17344K)->16680K(17344K) NonClass: 14260K(14656K)->14260K(14656K) Class: 2420K(2688K)->2420K(2688K)
[44.734s][info][gc             ] GC(274) Pause Young (Prepare Mixed) (G1 Evacuation Pause) 151M->67M(227M) 48.959ms
[44.734s][info][gc,cpu         ] GC(274) User=0.23s Sys=0.00s Real=0.05s
[44.827s][info][gc,start       ] GC(275) Pause Young (Mixed) (G1 Evacuation Pause)
[44.827s][info][gc,task        ] GC(275) Using 5 workers of 33 for evacuation
[44.893s][info][gc,phases      ] GC(275)   Pre Evacuate Collection Set: 0.1ms
[44.893s][info][gc,phases      ] GC(275)   Merge Heap Roots: 0.3ms
[44.893s][info][gc,phases      ] GC(275)   Evacuate Collection Set: 64.9ms
[44.893s][info][gc,phases      ] GC(275)   Post Evacuate Collection Set: 0.5ms
[44.893s][info][gc,phases      ] GC(275)   Other: 0.1ms
[44.893s][info][gc,heap        ] GC(275) Eden regions: 96->0(54)
[44.893s][info][gc,heap        ] GC(275) Survivor regions: 17->15(15)
[44.893s][info][gc,heap        ] GC(275) Old regions: 53->116
[44.893s][info][gc,heap        ] GC(275) Archive regions: 0->0
[44.893s][info][gc,heap        ] GC(275) Humongous regions: 1->1
[44.893s][info][gc,metaspace   ] GC(275) Metaspace: 16680K(17344K)->16680K(17344K) NonClass: 14260K(14656K)->14260K(14656K) Class: 2420K(2688K)->2420K(2688K)
[44.893s][info][gc             ] GC(275) Pause Young (Mixed) (G1 Evacuation Pause) 163M->129M(246M) 66.497ms
[44.893s][info][gc,cpu         ] GC(275) User=0.30s Sys=0.02s Real=0.06s
[44.961s][info][gc,start       ] GC(276) Pause Young (Concurrent Start) (G1 Evacuation Pause)
[44.961s][info][gc,task        ] GC(276) Using 5 workers of 33 for evacuation
[45.012s][info][gc,phases      ] GC(276)   Pre Evacuate Collection Set: 0.2ms
[45.012s][info][gc,phases      ] GC(276)   Merge Heap Roots: 1.3ms
[45.012s][info][gc,phases      ] GC(276)   Evacuate Collection Set: 49.0ms
[45.012s][info][gc,phases      ] GC(276)   Post Evacuate Collection Set: 0.6ms
[45.012s][info][gc,phases      ] GC(276)   Other: 0.2ms
[45.012s][info][gc,heap        ] GC(276) Eden regions: 54->0(34)
[45.012s][info][gc,heap        ] GC(276) Survivor regions: 15->9(9)
[45.013s][info][gc,heap        ] GC(276) Old regions: 116->157
[45.013s][info][gc,heap        ] GC(276) Archive regions: 0->0
[45.013s][info][gc,heap        ] GC(276) Humongous regions: 1->1
[45.013s][info][gc,metaspace   ] GC(276) Metaspace: 16680K(17344K)->16680K(17344K) NonClass: 14260K(14656K)->14260K(14656K) Class: 2420K(2688K)->2420K(2688K)
[45.013s][info][gc             ] GC(276) Pause Young (Concurrent Start) (G1 Evacuation Pause) 183M->164M(246M) 51.896ms
[45.013s][info][gc             ] GC(277) Concurrent Mark Cycle
[45.013s][info][gc,cpu         ] GC(276) User=0.31s Sys=0.00s Real=0.06s
[45.013s][info][gc,marking     ] GC(277) Concurrent Scan Root Regions
[45.024s][info][gc,marking     ] GC(277) Concurrent Scan Root Regions 11.385ms
[45.024s][info][gc,marking     ] GC(277) Concurrent Mark
[45.024s][info][gc,marking     ] GC(277) Concurrent Mark From Roots
[45.024s][info][gc,task        ] GC(277) Using 8 workers of 8 for marking
[45.057s][info][gc,start       ] GC(278) Pause Young (Normal) (G1 Evacuation Pause)
[45.058s][info][gc,task        ] GC(278) Using 5 workers of 33 for evacuation
[45.094s][info][gc,phases      ] GC(278)   Pre Evacuate Collection Set: 0.1ms
[45.094s][info][gc,phases      ] GC(278)   Merge Heap Roots: 0.6ms
[45.094s][info][gc,phases      ] GC(278)   Evacuate Collection Set: 33.6ms
[45.094s][info][gc,phases      ] GC(278)   Post Evacuate Collection Set: 2.0ms
[45.094s][info][gc,phases      ] GC(278)   Other: 0.1ms
[45.094s][info][gc,heap        ] GC(278) Eden regions: 34->0(67)
[45.094s][info][gc,heap        ] GC(278) Survivor regions: 9->6(6)
[45.094s][info][gc,heap        ] GC(278) Old regions: 157->184
[45.094s][info][gc,heap        ] GC(278) Archive regions: 0->0
[45.094s][info][gc,heap        ] GC(278) Humongous regions: 1->1
[45.094s][info][gc,metaspace   ] GC(278) Metaspace: 16680K(17344K)->16680K(17344K) NonClass: 14260K(14656K)->14260K(14656K) Class: 2420K(2688K)->2420K(2688K)
[45.094s][info][gc             ] GC(278) Pause Young (Normal) (G1 Evacuation Pause) 198M->188M(349M) 36.869ms
[45.094s][info][gc,cpu         ] GC(278) User=0.16s Sys=0.00s Real=0.03s
[45.101s][info][gc,marking     ] GC(277) Concurrent Mark From Roots 76.389ms
[45.101s][info][gc,marking     ] GC(277) Concurrent Preclean
[45.101s][info][gc,marking     ] GC(277) Concurrent Preclean 0.027ms
[45.101s][info][gc,start       ] GC(277) Pause Remark
[45.102s][info][gc             ] GC(277) Pause Remark 190M->190M(349M) 1.389ms
[45.102s][info][gc,cpu         ] GC(277) User=0.00s Sys=0.00s Real=0.00s
[45.102s][info][gc,marking     ] GC(277) Concurrent Mark 78.063ms
[45.102s][info][gc,marking     ] GC(277) Concurrent Rebuild Remembered Sets and Scrub Regions
[45.170s][info][gc,marking     ] GC(277) Concurrent Rebuild Remembered Sets and Scrub Regions 68.009ms
[45.171s][info][gc,start       ] GC(277) Pause Cleanup
[45.171s][info][gc             ] GC(277) Pause Cleanup 225M->225M(349M) 0.289ms
[45.171s][info][gc,cpu         ] GC(277) User=0.00s Sys=0.00s Real=0.00s
[45.171s][info][gc,marking     ] GC(277) Concurrent Clear Claimed Marks
[45.171s][info][gc,marking     ] GC(277) Concurrent Clear Claimed Marks 0.045ms
[45.171s][info][gc,marking     ] GC(277) Concurrent Cleanup for Next Mark
[45.172s][info][gc,marking     ] GC(277) Concurrent Cleanup for Next Mark 0.555ms
[45.172s][info][gc             ] GC(277) Concurrent Mark Cycle 158.844ms
[45.208s][info][gc,start       ] GC(279) Pause Young (Prepare Mixed) (G1 Evacuation Pause)
[45.208s][info][gc,task        ] GC(279) Using 8 workers of 33 for evacuation
[45.251s][info][gc,phases      ] GC(279)   Pre Evacuate Collection Set: 0.1ms
[45.251s][info][gc,phases      ] GC(279)   Merge Heap Roots: 1.3ms
[45.251s][info][gc,phases      ] GC(279)   Evacuate Collection Set: 41.0ms
[45.251s][info][gc,phases      ] GC(279)   Post Evacuate Collection Set: 0.3ms
[45.251s][info][gc,phases      ] GC(279)   Other: 0.1ms
[45.251s][info][gc,heap        ] GC(279) Eden regions: 67->0(45)
[45.251s][info][gc,heap        ] GC(279) Survivor regions: 6->10(10)
[45.251s][info][gc,heap        ] GC(279) Old regions: 184->225
[45.251s][info][gc,heap        ] GC(279) Archive regions: 0->0
[45.251s][info][gc,heap        ] GC(279) Humongous regions: 1->1
[45.251s][info][gc,metaspace   ] GC(279) Metaspace: 16680K(17344K)->16680K(17344K) NonClass: 14260K(14656K)->14260K(14656K) Class: 2420K(2688K)->2420K(2688K)
[45.252s][info][gc             ] GC(279) Pause Young (Prepare Mixed) (G1 Evacuation Pause) 255M->233M(349M) 43.316ms
[45.252s][info][gc,cpu         ] GC(279) User=0.25s Sys=0.00s Real=0.03s
[45.298s][info][gc,start       ] GC(280) Pause Young (Mixed) (G1 Evacuation Pause)
[45.298s][info][gc,task        ] GC(280) Using 8 workers of 33 for evacuation
[45.327s][info][gc,phases      ] GC(280)   Pre Evacuate Collection Set: 0.1ms
[45.327s][info][gc,phases      ] GC(280)   Merge Heap Roots: 0.2ms
[45.327s][info][gc,phases      ] GC(280)   Evacuate Collection Set: 28.7ms
[45.327s][info][gc,phases      ] GC(280)   Post Evacuate Collection Set: 0.2ms
[45.327s][info][gc,phases      ] GC(280)   Other: 0.1ms
[45.327s][info][gc,heap        ] GC(280) Eden regions: 45->0(32)
[45.327s][info][gc,heap        ] GC(280) Survivor regions: 10->7(7)
[45.327s][info][gc,heap        ] GC(280) Old regions: 225->259
[45.327s][info][gc,heap        ] GC(280) Archive regions: 0->0
[45.327s][info][gc,heap        ] GC(280) Humongous regions: 1->1
[45.327s][info][gc,metaspace   ] GC(280) Metaspace: 16680K(17344K)->16680K(17344K) NonClass: 14260K(14656K)->14260K(14656K) Class: 2420K(2688K)->2420K(2688K)
[45.327s][info][gc             ] GC(280) Pause Young (Mixed) (G1 Evacuation Pause) 278M->264M(349M) 29.925ms
[45.327s][info][gc,cpu         ] GC(280) User=0.23s Sys=0.02s Real=0.03s
[45.361s][info][gc,start       ] GC(281) Pause Young (Concurrent Start) (G1 Evacuation Pause)
[45.361s][info][gc,task        ] GC(281) Using 8 workers of 33 for evacuation
[45.382s][info][gc,phases      ] GC(281)   Pre Evacuate Collection Set: 0.2ms
[45.382s][info][gc,phases      ] GC(281)   Merge Heap Roots: 0.2ms
[45.382s][info][gc,phases      ] GC(281)   Evacuate Collection Set: 20.1ms
[45.382s][info][gc,phases      ] GC(281)   Post Evacuate Collection Set: 0.3ms
[45.382s][info][gc,phases      ] GC(281)   Other: 0.1ms
[45.382s][info][gc,heap        ] GC(281) Eden regions: 32->0(22)
[45.382s][info][gc,heap        ] GC(281) Survivor regions: 7->5(5)
[45.382s][info][gc,heap        ] GC(281) Old regions: 259->284
[45.382s][info][gc,heap        ] GC(281) Archive regions: 0->0
[45.382s][info][gc,heap        ] GC(281) Humongous regions: 1->1
[45.382s][info][gc,metaspace   ] GC(281) Metaspace: 16680K(17344K)->16680K(17344K) NonClass: 14260K(14656K)->14260K(14656K) Class: 2420K(2688K)->2420K(2688K)
[45.382s][info][gc             ] GC(281) Pause Young (Concurrent Start) (G1 Evacuation Pause) 296M->287M(349M) 21.338ms
[45.382s][info][gc             ] GC(282) Concurrent Mark Cycle
[45.382s][info][gc,cpu         ] GC(281) User=0.25s Sys=0.00s Real=0.03s
[45.382s][info][gc,marking     ] GC(282) Concurrent Scan Root Regions
[45.389s][info][gc,marking     ] GC(282) Concurrent Scan Root Regions 6.683ms
[45.389s][info][gc,marking     ] GC(282) Concurrent Mark
[45.389s][info][gc,marking     ] GC(282) Concurrent Mark From Roots
[45.389s][info][gc,task        ] GC(282) Using 8 workers of 8 for marking
[45.408s][info][gc,start       ] GC(283) Pause Young (Normal) (G1 Evacuation Pause)
[45.409s][info][gc,task        ] GC(283) Using 8 workers of 33 for evacuation
[45.417s][info][gc,phases      ] GC(283)   Pre Evacuate Collection Set: 0.1ms
[45.417s][info][gc,phases      ] GC(283)   Merge Heap Roots: 0.1ms
[45.417s][info][gc,phases      ] GC(283)   Evacuate Collection Set: 7.7ms
[45.417s][info][gc,phases      ] GC(283)   Post Evacuate Collection Set: 0.2ms
[45.417s][info][gc,phases      ] GC(283)   Other: 0.1ms
[45.417s][info][gc,heap        ] GC(283) Eden regions: 22->0(16)
[45.417s][info][gc,heap        ] GC(283) Survivor regions: 5->4(4)
[45.417s][info][gc,heap        ] GC(283) Old regions: 284->302
[45.417s][info][gc,heap        ] GC(283) Archive regions: 0->0
[45.417s][info][gc,heap        ] GC(283) Humongous regions: 1->1
[45.417s][info][gc,metaspace   ] GC(283) Metaspace: 16680K(17344K)->16680K(17344K) NonClass: 14260K(14656K)->14260K(14656K) Class: 2420K(2688K)->2420K(2688K)
[45.417s][info][gc             ] GC(283) Pause Young (Normal) (G1 Evacuation Pause) 309M->304M(349M) 8.625ms
[45.417s][info][gc,cpu         ] GC(283) User=0.13s Sys=0.00s Real=0.02s
[45.436s][info][gc,start       ] GC(284) Pause Young (Normal) (G1 Evacuation Pause)
[45.436s][info][gc,task        ] GC(284) Using 8 workers of 33 for evacuation
[45.444s][info][gc,phases      ] GC(284)   Pre Evacuate Collection Set: 0.1ms
[45.444s][info][gc,phases      ] GC(284)   Merge Heap Roots: 0.1ms
[45.444s][info][gc,phases      ] GC(284)   Evacuate Collection Set: 6.5ms
[45.444s][info][gc,phases      ] GC(284)   Post Evacuate Collection Set: 0.5ms
[45.444s][info][gc,phases      ] GC(284)   Other: 0.1ms
[45.444s][info][gc,heap        ] GC(284) Eden regions: 16->0(37)
[45.444s][info][gc,heap        ] GC(284) Survivor regions: 4->3(3)
[45.444s][info][gc,heap        ] GC(284) Old regions: 302->315
[45.444s][info][gc,heap        ] GC(284) Archive regions: 0->0
[45.444s][info][gc,heap        ] GC(284) Humongous regions: 1->1
[45.444s][info][gc,metaspace   ] GC(284) Metaspace: 16680K(17344K)->16680K(17344K) NonClass: 14260K(14656K)->14260K(14656K) Class: 2420K(2688K)->2420K(2688K)
[45.444s][info][gc             ] GC(284) Pause Young (Normal) (G1 Evacuation Pause) 320M->316M(415M) 7.513ms
[45.444s][info][gc,cpu         ] GC(284) User=0.13s Sys=0.00s Real=0.02s
[45.492s][info][gc,marking     ] GC(282) Concurrent Mark From Roots 103.558ms
[45.493s][info][gc,marking     ] GC(282) Concurrent Preclean
[45.493s][info][gc,marking     ] GC(282) Concurrent Preclean 0.028ms
[45.493s][info][gc,start       ] GC(282) Pause Remark
[45.494s][info][gc             ] GC(282) Pause Remark 350M->350M(512M) 1.401ms
[45.494s][info][gc,cpu         ] GC(282) User=0.00s Sys=0.00s Real=0.00s
[45.494s][info][gc,marking     ] GC(282) Concurrent Mark 105.238ms
[45.494s][info][gc,marking     ] GC(282) Concurrent Rebuild Remembered Sets and Scrub Regions
[45.500s][info][gc,start       ] GC(285) Pause Young (Normal) (G1 Evacuation Pause)
[45.500s][info][gc,task        ] GC(285) Using 12 workers of 33 for evacuation
[45.509s][info][gc,phases      ] GC(285)   Pre Evacuate Collection Set: 0.1ms
[45.509s][info][gc,phases      ] GC(285)   Merge Heap Roots: 0.1ms
[45.509s][info][gc,phases      ] GC(285)   Evacuate Collection Set: 9.0ms
[45.509s][info][gc,phases      ] GC(285)   Post Evacuate Collection Set: 0.2ms
[45.509s][info][gc,phases      ] GC(285)   Other: 0.1ms
[45.509s][info][gc,heap        ] GC(285) Eden regions: 37->0(66)
[45.509s][info][gc,heap        ] GC(285) Survivor regions: 3->5(5)
[45.509s][info][gc,heap        ] GC(285) Old regions: 315->339
[45.509s][info][gc,heap        ] GC(285) Archive regions: 0->0
[45.509s][info][gc,heap        ] GC(285) Humongous regions: 1->1
[45.509s][info][gc,metaspace   ] GC(285) Metaspace: 16680K(17344K)->16680K(17344K) NonClass: 14260K(14656K)->14260K(14656K) Class: 2420K(2688K)->2420K(2688K)
[45.509s][info][gc             ] GC(285) Pause Young (Normal) (G1 Evacuation Pause) 353M->342M(512M) 9.716ms
[45.509s][info][gc,cpu         ] GC(285) User=0.02s Sys=0.00s Real=0.01s
[45.610s][info][gc,marking     ] GC(282) Concurrent Rebuild Remembered Sets and Scrub Regions 116.239ms
[45.611s][info][gc,start       ] GC(282) Pause Cleanup
[45.611s][info][gc             ] GC(282) Pause Cleanup 396M->396M(512M) 0.328ms
[45.611s][info][gc,cpu         ] GC(282) User=0.00s Sys=0.00s Real=0.00s
[45.611s][info][gc,marking     ] GC(282) Concurrent Clear Claimed Marks
[45.611s][info][gc,marking     ] GC(282) Concurrent Clear Claimed Marks 0.022ms
[45.611s][info][gc,marking     ] GC(282) Concurrent Cleanup for Next Mark
[45.612s][info][gc,marking     ] GC(282) Concurrent Cleanup for Next Mark 0.888ms
[45.612s][info][gc             ] GC(282) Concurrent Mark Cycle 229.861ms
[45.629s][info][gc,start       ] GC(286) Pause Young (Prepare Mixed) (G1 Evacuation Pause)
[45.629s][info][gc,task        ] GC(286) Using 12 workers of 33 for evacuation
[45.653s][info][gc,phases      ] GC(286)   Pre Evacuate Collection Set: 0.1ms
[45.653s][info][gc,phases      ] GC(286)   Merge Heap Roots: 0.3ms
[45.653s][info][gc,phases      ] GC(286)   Evacuate Collection Set: 23.8ms
[45.653s][info][gc,phases      ] GC(286)   Post Evacuate Collection Set: 0.3ms
[45.653s][info][gc,phases      ] GC(286)   Other: 0.1ms
[45.653s][info][gc,heap        ] GC(286) Eden regions: 66->0(46)
[45.653s][info][gc,heap        ] GC(286) Survivor regions: 5->9(9)
[45.653s][info][gc,heap        ] GC(286) Old regions: 339->382
[45.653s][info][gc,heap        ] GC(286) Archive regions: 0->0
[45.653s][info][gc,heap        ] GC(286) Humongous regions: 1->1
[45.653s][info][gc,metaspace   ] GC(286) Metaspace: 16680K(17344K)->16680K(17344K) NonClass: 14260K(14656K)->14260K(14656K) Class: 2420K(2688K)->2420K(2688K)
[45.653s][info][gc             ] GC(286) Pause Young (Prepare Mixed) (G1 Evacuation Pause) 408M->389M(512M) 24.932ms
[45.653s][info][gc,cpu         ] GC(286) User=0.19s Sys=0.00s Real=0.02s
[45.701s][info][gc,start       ] GC(287) Pause Young (Mixed) (G1 Evacuation Pause)
[45.701s][info][gc,task        ] GC(287) Using 12 workers of 33 for evacuation
[45.724s][info][gc,phases      ] GC(287)   Pre Evacuate Collection Set: 0.1ms
[45.724s][info][gc,phases      ] GC(287)   Merge Heap Roots: 0.2ms
[45.724s][info][gc,phases      ] GC(287)   Evacuate Collection Set: 21.7ms
[45.724s][info][gc,phases      ] GC(287)   Post Evacuate Collection Set: 0.3ms
[45.724s][info][gc,phases      ] GC(287)   Other: 0.1ms
[45.724s][info][gc,heap        ] GC(287) Eden regions: 46->0(35)
[45.724s][info][gc,heap        ] GC(287) Survivor regions: 9->7(7)
[45.724s][info][gc,heap        ] GC(287) Old regions: 382->414
[45.724s][info][gc,heap        ] GC(287) Archive regions: 0->0
[45.724s][info][gc,heap        ] GC(287) Humongous regions: 1->1
[45.724s][info][gc,metaspace   ] GC(287) Metaspace: 16680K(17344K)->16680K(17344K) NonClass: 14260K(14656K)->14260K(14656K) Class: 2420K(2688K)->2420K(2688K)
[45.724s][info][gc             ] GC(287) Pause Young (Mixed) (G1 Evacuation Pause) 435M->421M(512M) 22.874ms
[45.724s][info][gc,cpu         ] GC(287) User=0.33s Sys=0.05s Real=0.03s
[45.763s][info][gc,start       ] GC(288) Pause Young (Concurrent Start) (G1 Evacuation Pause)
[45.763s][info][gc,task        ] GC(288) Using 12 workers of 33 for evacuation
[45.780s][info][gc,phases      ] GC(288)   Pre Evacuate Collection Set: 0.2ms
[45.780s][info][gc,phases      ] GC(288)   Merge Heap Roots: 0.2ms
[45.780s][info][gc,phases      ] GC(288)   Evacuate Collection Set: 16.1ms
[45.780s][info][gc,phases      ] GC(288)   Post Evacuate Collection Set: 0.2ms
[45.780s][info][gc,phases      ] GC(288)   Other: 0.1ms
[45.780s][info][gc,heap        ] GC(288) Eden regions: 35->0(24)
[45.780s][info][gc,heap        ] GC(288) Survivor regions: 7->6(6)
[45.780s][info][gc,heap        ] GC(288) Old regions: 414->441
[45.780s][info][gc,heap        ] GC(288) Archive regions: 0->0
[45.780s][info][gc,heap        ] GC(288) Humongous regions: 1->1
[45.780s][info][gc,metaspace   ] GC(288) Metaspace: 16680K(17344K)->16680K(17344K) NonClass: 14260K(14656K)->14260K(14656K) Class: 2420K(2688K)->2420K(2688K)
[45.780s][info][gc             ] GC(288) Pause Young (Concurrent Start) (G1 Evacuation Pause) 456M->446M(512M) 17.363ms
[45.780s][info][gc             ] GC(289) Concurrent Mark Cycle
[45.780s][info][gc,cpu         ] GC(288) User=0.19s Sys=0.00s Real=0.02s
[45.780s][info][gc,marking     ] GC(289) Concurrent Scan Root Regions
[45.789s][info][gc,marking     ] GC(289) Concurrent Scan Root Regions 8.098ms
[45.789s][info][gc,marking     ] GC(289) Concurrent Mark
[45.789s][info][gc,marking     ] GC(289) Concurrent Mark From Roots
[45.789s][info][gc,task        ] GC(289) Using 8 workers of 8 for marking
[45.810s][info][gc,start       ] GC(290) Pause Young (Normal) (G1 Evacuation Pause)
[45.810s][info][gc,task        ] GC(290) Using 12 workers of 33 for evacuation
[45.818s][info][gc,phases      ] GC(290)   Pre Evacuate Collection Set: 0.1ms
[45.818s][info][gc,phases      ] GC(290)   Merge Heap Roots: 0.1ms
[45.818s][info][gc,phases      ] GC(290)   Evacuate Collection Set: 7.1ms
[45.818s][info][gc,phases      ] GC(290)   Post Evacuate Collection Set: 0.2ms
[45.818s][info][gc,phases      ] GC(290)   Other: 0.1ms
[45.818s][info][gc,heap        ] GC(290) Eden regions: 24->0(21)
[45.818s][info][gc,heap        ] GC(290) Survivor regions: 6->4(4)
[45.818s][info][gc,heap        ] GC(290) Old regions: 441->460
[45.818s][info][gc,heap        ] GC(290) Archive regions: 0->0
[45.818s][info][gc,heap        ] GC(290) Humongous regions: 1->1
[45.818s][info][gc,metaspace   ] GC(290) Metaspace: 16680K(17344K)->16680K(17344K) NonClass: 14260K(14656K)->14260K(14656K) Class: 2420K(2688K)->2420K(2688K)
[45.818s][info][gc             ] GC(290) Pause Young (Normal) (G1 Evacuation Pause) 470M->464M(512M) 8.139ms
[45.818s][info][gc,cpu         ] GC(290) User=0.19s Sys=0.00s Real=0.02s
[45.874s][info][gc,start       ] GC(291) Pause Young (Normal) (G1 Evacuation Pause)
[45.874s][info][gc,task        ] GC(291) Using 12 workers of 33 for evacuation
[45.883s][info][gc,phases      ] GC(291)   Pre Evacuate Collection Set: 0.1ms
[45.883s][info][gc,phases      ] GC(291)   Merge Heap Roots: 0.3ms
[45.883s][info][gc,phases      ] GC(291)   Evacuate Collection Set: 8.3ms
[45.883s][info][gc,phases      ] GC(291)   Post Evacuate Collection Set: 0.2ms
[45.883s][info][gc,phases      ] GC(291)   Other: 0.1ms
[45.883s][info][gc,heap        ] GC(291) Eden regions: 21->0(21)
[45.883s][info][gc,heap        ] GC(291) Survivor regions: 4->4(4)
[45.883s][info][gc,heap        ] GC(291) Old regions: 460->473
[45.883s][info][gc,heap        ] GC(291) Archive regions: 0->0
[45.883s][info][gc,heap        ] GC(291) Humongous regions: 2->2
[45.883s][info][gc,metaspace   ] GC(291) Metaspace: 16680K(17344K)->16680K(17344K) NonClass: 14260K(14656K)->14260K(14656K) Class: 2420K(2688K)->2420K(2688K)
[45.883s][info][gc             ] GC(291) Pause Young (Normal) (G1 Evacuation Pause) 486M->478M(512M) 9.313ms
[45.883s][info][gc,cpu         ] GC(291) User=0.19s Sys=0.00s Real=0.02s
[45.945s][info][gc,marking     ] GC(289) Concurrent Mark From Roots 156.201ms
[45.945s][info][gc,marking     ] GC(289) Concurrent Preclean
[45.945s][info][gc,marking     ] GC(289) Concurrent Preclean 0.030ms
[45.945s][info][gc,start       ] GC(289) Pause Remark
[45.946s][info][gc             ] GC(289) Pause Remark 495M->495M(512M) 1.198ms
[45.946s][info][gc,cpu         ] GC(289) User=0.00s Sys=0.00s Real=0.00s
[45.946s][info][gc,marking     ] GC(289) Concurrent Mark 157.688ms
[45.946s][info][gc,marking     ] GC(289) Concurrent Rebuild Remembered Sets and Scrub Regions
[45.958s][info][gc,start       ] GC(292) Pause Young (Normal) (G1 Evacuation Pause)
[45.958s][info][gc,task        ] GC(292) Using 12 workers of 33 for evacuation
[45.971s][info][gc,phases      ] GC(292)   Pre Evacuate Collection Set: 0.1ms
[45.971s][info][gc,phases      ] GC(292)   Merge Heap Roots: 0.9ms
[45.971s][info][gc,phases      ] GC(292)   Evacuate Collection Set: 11.9ms
[45.971s][info][gc,phases      ] GC(292)   Post Evacuate Collection Set: 0.4ms
[45.971s][info][gc,phases      ] GC(292)   Other: 0.1ms
[45.971s][info][gc,heap        ] GC(292) Eden regions: 21->0(21)
[45.971s][info][gc,heap        ] GC(292) Survivor regions: 4->4(4)
[45.971s][info][gc,heap        ] GC(292) Old regions: 473->478
[45.971s][info][gc,heap        ] GC(292) Archive regions: 0->0
[45.971s][info][gc,heap        ] GC(292) Humongous regions: 2->2
[45.971s][info][gc,metaspace   ] GC(292) Metaspace: 16680K(17344K)->16680K(17344K) NonClass: 14260K(14656K)->14260K(14656K) Class: 2420K(2688K)->2420K(2688K)
[45.971s][info][gc             ] GC(292) Pause Young (Normal) (G1 Evacuation Pause) 499M->483M(512M) 13.524ms
[45.971s][info][gc,cpu         ] GC(292) User=0.19s Sys=0.00s Real=0.02s
[46.059s][info][gc,start       ] GC(293) Pause Young (Normal) (G1 Evacuation Pause)
[46.059s][info][gc,task        ] GC(293) Using 12 workers of 33 for evacuation
[46.079s][info][gc,phases      ] GC(293)   Pre Evacuate Collection Set: 0.1ms
[46.079s][info][gc,phases      ] GC(293)   Merge Heap Roots: 1.2ms
[46.079s][info][gc,phases      ] GC(293)   Evacuate Collection Set: 17.7ms
[46.079s][info][gc,phases      ] GC(293)   Post Evacuate Collection Set: 0.5ms
[46.079s][info][gc,phases      ] GC(293)   Other: 0.1ms
[46.079s][info][gc,heap        ] GC(293) Eden regions: 21->0(21)
[46.079s][info][gc,heap        ] GC(293) Survivor regions: 4->4(4)
[46.079s][info][gc,heap        ] GC(293) Old regions: 478->481
[46.079s][info][gc,heap        ] GC(293) Archive regions: 0->0
[46.079s][info][gc,heap        ] GC(293) Humongous regions: 2->2
[46.079s][info][gc,metaspace   ] GC(293) Metaspace: 16680K(17344K)->16680K(17344K) NonClass: 14260K(14656K)->14260K(14656K) Class: 2420K(2688K)->2420K(2688K)
[46.080s][info][gc             ] GC(293) Pause Young (Normal) (G1 Evacuation Pause) 504M->485M(512M) 20.212ms
[46.080s][info][gc,cpu         ] GC(293) User=0.38s Sys=0.00s Real=0.03s
[46.133s][info][gc,marking     ] GC(289) Concurrent Rebuild Remembered Sets and Scrub Regions 186.492ms
[46.146s][info][gc,start       ] GC(289) Pause Cleanup
[46.146s][info][gc             ] GC(289) Pause Cleanup 500M->500M(512M) 0.310ms
[46.146s][info][gc,cpu         ] GC(289) User=0.00s Sys=0.00s Real=0.00s
[46.146s][info][gc,marking     ] GC(289) Concurrent Clear Claimed Marks
[46.146s][info][gc,marking     ] GC(289) Concurrent Clear Claimed Marks 0.080ms
[46.147s][info][gc,marking     ] GC(289) Concurrent Cleanup for Next Mark
[46.147s][info][gc,marking     ] GC(289) Concurrent Cleanup for Next Mark 0.385ms
[46.147s][info][gc             ] GC(289) Concurrent Mark Cycle 366.555ms
[46.179s][info][gc,start       ] GC(294) Pause Young (Prepare Mixed) (G1 Evacuation Pause)
[46.179s][info][gc,task        ] GC(294) Using 12 workers of 33 for evacuation
[46.207s][info][gc,phases      ] GC(294)   Pre Evacuate Collection Set: 0.1ms
[46.207s][info][gc,phases      ] GC(294)   Merge Heap Roots: 2.1ms
[46.207s][info][gc,phases      ] GC(294)   Evacuate Collection Set: 25.8ms
[46.207s][info][gc,phases      ] GC(294)   Post Evacuate Collection Set: 0.3ms
[46.207s][info][gc,phases      ] GC(294)   Other: 0.1ms
[46.207s][info][gc,heap        ] GC(294) Eden regions: 21->0(23)
[46.207s][info][gc,heap        ] GC(294) Survivor regions: 4->2(4)
[46.207s][info][gc,heap        ] GC(294) Old regions: 481->483
[46.207s][info][gc,heap        ] GC(294) Archive regions: 0->0
[46.207s][info][gc,heap        ] GC(294) Humongous regions: 2->2
[46.207s][info][gc,metaspace   ] GC(294) Metaspace: 16680K(17344K)->16680K(17344K) NonClass: 14260K(14656K)->14260K(14656K) Class: 2420K(2688K)->2420K(2688K)
[46.207s][info][gc             ] GC(294) Pause Young (Prepare Mixed) (G1 Evacuation Pause) 506M->486M(512M) 28.829ms
[46.208s][info][gc,cpu         ] GC(294) User=0.38s Sys=0.00s Real=0.03s
[46.400s][info][gc,start       ] GC(295) Pause Young (Mixed) (G1 Evacuation Pause)
[46.400s][info][gc,task        ] GC(295) Using 12 workers of 33 for evacuation
[46.416s][info][gc,phases      ] GC(295)   Pre Evacuate Collection Set: 0.1ms
[46.416s][info][gc,phases      ] GC(295)   Merge Heap Roots: 1.2ms
[46.416s][info][gc,phases      ] GC(295)   Evacuate Collection Set: 13.3ms
[46.416s][info][gc,phases      ] GC(295)   Post Evacuate Collection Set: 0.9ms
[46.416s][info][gc,phases      ] GC(295)   Other: 0.1ms
[46.416s][info][gc,heap        ] GC(295) Eden regions: 23->0(3)
[46.416s][info][gc,heap        ] GC(295) Survivor regions: 2->1(2)
[46.416s][info][gc,heap        ] GC(295) Old regions: 483->505
[46.416s][info][gc,heap        ] GC(295) Archive regions: 0->0
[46.416s][info][gc,heap        ] GC(295) Humongous regions: 2->2
[46.416s][info][gc,metaspace   ] GC(295) Metaspace: 16680K(17344K)->16680K(17344K) NonClass: 14260K(14656K)->14260K(14656K) Class: 2420K(2688K)->2420K(2688K)
[46.416s][info][gc             ] GC(295) Pause Young (Mixed) (G1 Evacuation Pause) (Evacuation Failure) 509M->507M(512M) 16.040ms
[46.416s][info][gc,cpu         ] GC(295) User=0.19s Sys=0.00s Real=0.01s
[46.610s][info][gc,start       ] GC(296) Pause Young (Concurrent Start) (G1 Evacuation Pause)
[46.610s][info][gc,task        ] GC(296) Using 12 workers of 33 for evacuation
[46.615s][info][gc,phases      ] GC(296)   Pre Evacuate Collection Set: 0.2ms
[46.615s][info][gc,phases      ] GC(296)   Merge Heap Roots: 0.2ms
[46.615s][info][gc,phases      ] GC(296)   Evacuate Collection Set: 3.6ms
[46.615s][info][gc,phases      ] GC(296)   Post Evacuate Collection Set: 0.3ms
[46.615s][info][gc,phases      ] GC(296)   Other: 0.1ms
[46.615s][info][gc,heap        ] GC(296) Eden regions: 3->0(1)
[46.615s][info][gc,heap        ] GC(296) Survivor regions: 1->0(1)
[46.615s][info][gc,heap        ] GC(296) Old regions: 505->509
[46.615s][info][gc,heap        ] GC(296) Archive regions: 0->0
[46.615s][info][gc,heap        ] GC(296) Humongous regions: 2->2
[46.615s][info][gc,metaspace   ] GC(296) Metaspace: 16680K(17344K)->16680K(17344K) NonClass: 14260K(14656K)->14260K(14656K) Class: 2420K(2688K)->2420K(2688K)
[46.615s][info][gc             ] GC(296) Pause Young (Concurrent Start) (G1 Evacuation Pause) (Evacuation Failure) 510M->510M(512M) 4.975ms
[46.615s][info][gc,cpu         ] GC(296) User=0.00s Sys=0.00s Real=0.00s
[46.615s][info][gc             ] GC(297) Concurrent Mark Cycle
[46.615s][info][gc,marking     ] GC(297) Concurrent Scan Root Regions
[46.623s][info][gc,marking     ] GC(297) Concurrent Scan Root Regions 7.808ms
[46.623s][info][gc,marking     ] GC(297) Concurrent Mark
[46.623s][info][gc,marking     ] GC(297) Concurrent Mark From Roots
[46.623s][info][gc,task        ] GC(297) Using 8 workers of 8 for marking
[46.655s][info][gc,start       ] GC(298) Pause Young (Normal) (G1 Evacuation Pause)
[46.655s][info][gc,task        ] GC(298) Using 12 workers of 33 for evacuation
[46.655s][info][gc,phases      ] GC(298)   Pre Evacuate Collection Set: 0.1ms
[46.655s][info][gc,phases      ] GC(298)   Merge Heap Roots: 0.0ms
[46.655s][info][gc,phases      ] GC(298)   Evacuate Collection Set: 0.1ms
[46.655s][info][gc,phases      ] GC(298)   Post Evacuate Collection Set: 0.1ms
[46.655s][info][gc,phases      ] GC(298)   Other: 0.1ms
[46.655s][info][gc,heap        ] GC(298) Eden regions: 1->0(1)
[46.655s][info][gc,heap        ] GC(298) Survivor regions: 0->0(0)
[46.655s][info][gc,heap        ] GC(298) Old regions: 509->509
[46.655s][info][gc,heap        ] GC(298) Archive regions: 0->0
[46.655s][info][gc,heap        ] GC(298) Humongous regions: 2->2
[46.655s][info][gc,metaspace   ] GC(298) Metaspace: 16680K(17344K)->16680K(17344K) NonClass: 14260K(14656K)->14260K(14656K) Class: 2420K(2688K)->2420K(2688K)
[46.655s][info][gc             ] GC(298) Pause Young (Normal) (G1 Evacuation Pause) 511M->510M(512M) 0.673ms
[46.655s][info][gc,cpu         ] GC(298) User=0.00s Sys=0.00s Real=0.00s
[46.657s][info][gc,marking     ] GC(297) Concurrent Mark From Roots 33.866ms
[46.657s][info][gc,marking     ] GC(297) Concurrent Preclean
[46.657s][info][gc,marking     ] GC(297) Concurrent Preclean 0.031ms
[46.657s][info][gc,start       ] GC(297) Pause Remark
[46.658s][info][gc             ] GC(297) Pause Remark 510M->252M(512M) 0.873ms
[46.658s][info][gc,cpu         ] GC(297) User=0.00s Sys=0.00s Real=0.00s
[46.658s][info][gc,marking     ] GC(297) Concurrent Mark 34.975ms
[46.658s][info][gc,marking     ] GC(297) Concurrent Rebuild Remembered Sets and Scrub Regions
[46.675s][info][gc,marking     ] GC(297) Concurrent Rebuild Remembered Sets and Scrub Regions 16.730ms
[46.675s][info][gc,start       ] GC(297) Pause Cleanup
[46.675s][info][gc             ] GC(297) Pause Cleanup 252M->252M(512M) 0.242ms
[46.675s][info][gc,cpu         ] GC(297) User=0.00s Sys=0.00s Real=0.00s
[46.675s][info][gc,marking     ] GC(297) Concurrent Clear Claimed Marks
[46.675s][info][gc,marking     ] GC(297) Concurrent Clear Claimed Marks 0.021ms
[46.675s][info][gc,marking     ] GC(297) Concurrent Cleanup for Next Mark
[46.676s][info][gc,marking     ] GC(297) Concurrent Cleanup for Next Mark 0.281ms
[46.676s][info][gc             ] GC(297) Concurrent Mark Cycle 60.416ms
[46.686s][info][gc,start       ] GC(299) Pause Young (Prepare Mixed) (G1 Evacuation Pause)
[46.686s][info][gc,task        ] GC(299) Using 12 workers of 33 for evacuation
[46.686s][info][gc,phases      ] GC(299)   Pre Evacuate Collection Set: 0.1ms
[46.686s][info][gc,phases      ] GC(299)   Merge Heap Roots: 0.0ms
[46.686s][info][gc,phases      ] GC(299)   Evacuate Collection Set: 0.1ms
[46.686s][info][gc,phases      ] GC(299)   Post Evacuate Collection Set: 0.2ms
[46.686s][info][gc,phases      ] GC(299)   Other: 0.1ms
[46.686s][info][gc,heap        ] GC(299) Eden regions: 1->0(145)
[46.686s][info][gc,heap        ] GC(299) Survivor regions: 0->0(1)
[46.686s][info][gc,heap        ] GC(299) Old regions: 252->252
[46.686s][info][gc,heap        ] GC(299) Archive regions: 0->0
[46.686s][info][gc,heap        ] GC(299) Humongous regions: 1->1
[46.686s][info][gc,metaspace   ] GC(299) Metaspace: 16680K(17344K)->16680K(17344K) NonClass: 14260K(14656K)->14260K(14656K) Class: 2420K(2688K)->2420K(2688K)
[46.687s][info][gc             ] GC(299) Pause Young (Prepare Mixed) (G1 Evacuation Pause) 253M->252M(512M) 0.724ms
[46.687s][info][gc,cpu         ] GC(299) User=0.00s Sys=0.00s Real=0.00s
[53.411s][info][gc,start       ] GC(300) Pause Young (Mixed) (G1 Evacuation Pause)
[53.411s][info][gc,task        ] GC(300) Using 12 workers of 33 for evacuation
[53.437s][info][gc,phases      ] GC(300)   Pre Evacuate Collection Set: 0.2ms
[53.437s][info][gc,phases      ] GC(300)   Merge Heap Roots: 0.1ms
[53.437s][info][gc,phases      ] GC(300)   Evacuate Collection Set: 25.0ms
[53.437s][info][gc,phases      ] GC(300)   Post Evacuate Collection Set: 0.6ms
[53.437s][info][gc,phases      ] GC(300)   Other: 0.2ms
[53.437s][info][gc,heap        ] GC(300) Eden regions: 145->0(142)
[53.437s][info][gc,heap        ] GC(300) Survivor regions: 0->19(19)
[53.437s][info][gc,heap        ] GC(300) Old regions: 252->232
[53.437s][info][gc,heap        ] GC(300) Archive regions: 0->0
[53.437s][info][gc,heap        ] GC(300) Humongous regions: 1->1
[53.437s][info][gc,metaspace   ] GC(300) Metaspace: 16680K(17344K)->16680K(17344K) NonClass: 14260K(14656K)->14260K(14656K) Class: 2420K(2688K)->2420K(2688K)
[53.437s][info][gc             ] GC(300) Pause Young (Mixed) (G1 Evacuation Pause) 397M->251M(512M) 26.380ms
[53.437s][info][gc,cpu         ] GC(300) User=0.38s Sys=0.00s Real=0.03s
[53.555s][info][gc,start       ] GC(301) Pause Young (Mixed) (G1 Evacuation Pause)
[53.555s][info][gc,task        ] GC(301) Using 12 workers of 33 for evacuation
[53.591s][info][gc,phases      ] GC(301)   Pre Evacuate Collection Set: 0.1ms
[53.591s][info][gc,phases      ] GC(301)   Merge Heap Roots: 0.4ms
[53.591s][info][gc,phases      ] GC(301)   Evacuate Collection Set: 35.3ms
[53.591s][info][gc,phases      ] GC(301)   Post Evacuate Collection Set: 0.3ms
[53.591s][info][gc,phases      ] GC(301)   Other: 0.1ms
[53.591s][info][gc,heap        ] GC(301) Eden regions: 142->0(129)
[53.591s][info][gc,heap        ] GC(301) Survivor regions: 19->21(21)
[53.591s][info][gc,heap        ] GC(301) Old regions: 232->243
[53.592s][info][gc,heap        ] GC(301) Archive regions: 0->0
[53.592s][info][gc,heap        ] GC(301) Humongous regions: 1->1
[53.592s][info][gc,metaspace   ] GC(301) Metaspace: 16680K(17344K)->16680K(17344K) NonClass: 14260K(14656K)->14260K(14656K) Class: 2420K(2688K)->2420K(2688K)
[53.592s][info][gc             ] GC(301) Pause Young (Mixed) (G1 Evacuation Pause) 393M->263M(512M) 36.666ms
[53.592s][info][gc,cpu         ] GC(301) User=0.19s Sys=0.00s Real=0.02s
[53.701s][info][gc,start       ] GC(302) Pause Young (Mixed) (G1 Evacuation Pause)
[53.701s][info][gc,task        ] GC(302) Using 12 workers of 33 for evacuation
[53.738s][info][gc,phases      ] GC(302)   Pre Evacuate Collection Set: 0.1ms
[53.738s][info][gc,phases      ] GC(302)   Merge Heap Roots: 0.2ms
[53.738s][info][gc,phases      ] GC(302)   Evacuate Collection Set: 36.6ms
[53.738s][info][gc,phases      ] GC(302)   Post Evacuate Collection Set: 0.3ms
[53.738s][info][gc,phases      ] GC(302)   Other: 0.2ms
[53.738s][info][gc,heap        ] GC(302) Eden regions: 129->0(120)
[53.738s][info][gc,heap        ] GC(302) Survivor regions: 21->19(19)
[53.738s][info][gc,heap        ] GC(302) Old regions: 243->256
[53.738s][info][gc,heap        ] GC(302) Archive regions: 0->0
[53.738s][info][gc,heap        ] GC(302) Humongous regions: 1->1
[53.738s][info][gc,metaspace   ] GC(302) Metaspace: 16680K(17344K)->16680K(17344K) NonClass: 14260K(14656K)->14260K(14656K) Class: 2420K(2688K)->2420K(2688K)
[53.738s][info][gc             ] GC(302) Pause Young (Mixed) (G1 Evacuation Pause) 392M->274M(512M) 37.905ms
[53.739s][info][gc,cpu         ] GC(302) User=0.56s Sys=0.00s Real=0.05s
[53.841s][info][gc,start       ] GC(303) Pause Young (Mixed) (G1 Evacuation Pause)
[53.841s][info][gc,task        ] GC(303) Using 12 workers of 33 for evacuation
[53.876s][info][gc,phases      ] GC(303)   Pre Evacuate Collection Set: 0.1ms
[53.877s][info][gc,phases      ] GC(303)   Merge Heap Roots: 0.2ms
[53.877s][info][gc,phases      ] GC(303)   Evacuate Collection Set: 34.6ms
[53.877s][info][gc,phases      ] GC(303)   Post Evacuate Collection Set: 0.3ms
[53.877s][info][gc,phases      ] GC(303)   Other: 0.2ms
[53.877s][info][gc,heap        ] GC(303) Eden regions: 120->0(104)
[53.877s][info][gc,heap        ] GC(303) Survivor regions: 19->18(18)
[53.877s][info][gc,heap        ] GC(303) Old regions: 256->284
[53.877s][info][gc,heap        ] GC(303) Archive regions: 0->0
[53.877s][info][gc,heap        ] GC(303) Humongous regions: 1->1
[53.877s][info][gc,metaspace   ] GC(303) Metaspace: 16680K(17344K)->16680K(17344K) NonClass: 14260K(14656K)->14260K(14656K) Class: 2420K(2688K)->2420K(2688K)
[53.877s][info][gc             ] GC(303) Pause Young (Mixed) (G1 Evacuation Pause) 394M->301M(512M) 35.935ms
[53.877s][info][gc,cpu         ] GC(303) User=0.56s Sys=0.00s Real=0.05s
[53.966s][info][gc,start       ] GC(304) Pause Young (Concurrent Start) (G1 Evacuation Pause)
[53.966s][info][gc,task        ] GC(304) Using 12 workers of 33 for evacuation
[53.994s][info][gc,phases      ] GC(304)   Pre Evacuate Collection Set: 0.2ms
[53.994s][info][gc,phases      ] GC(304)   Merge Heap Roots: 0.1ms
[53.994s][info][gc,phases      ] GC(304)   Evacuate Collection Set: 27.0ms
[53.994s][info][gc,phases      ] GC(304)   Post Evacuate Collection Set: 0.2ms
[53.994s][info][gc,phases      ] GC(304)   Other: 0.1ms
[53.994s][info][gc,heap        ] GC(304) Eden regions: 104->0(80)
[53.994s][info][gc,heap        ] GC(304) Survivor regions: 18->16(16)
[53.994s][info][gc,heap        ] GC(304) Old regions: 284->333
[53.994s][info][gc,heap        ] GC(304) Archive regions: 0->0
[53.994s][info][gc,heap        ] GC(304) Humongous regions: 1->1
[53.994s][info][gc,metaspace   ] GC(304) Metaspace: 16680K(17344K)->16680K(17344K) NonClass: 14260K(14656K)->14260K(14656K) Class: 2420K(2688K)->2420K(2688K)
[53.994s][info][gc             ] GC(304) Pause Young (Concurrent Start) (G1 Evacuation Pause) 405M->349M(512M) 28.047ms
[53.994s][info][gc             ] GC(305) Concurrent Mark Cycle
[53.994s][info][gc,cpu         ] GC(304) User=0.38s Sys=0.00s Real=0.03s
[53.994s][info][gc,marking     ] GC(305) Concurrent Scan Root Regions
[54.003s][info][gc,marking     ] GC(305) Concurrent Scan Root Regions 8.677ms
[54.003s][info][gc,marking     ] GC(305) Concurrent Mark
[54.003s][info][gc,marking     ] GC(305) Concurrent Mark From Roots
[54.003s][info][gc,task        ] GC(305) Using 8 workers of 8 for marking
[54.063s][info][gc,marking     ] GC(305) Concurrent Mark From Roots 60.000ms
[54.063s][info][gc,marking     ] GC(305) Concurrent Preclean
[54.063s][info][gc,marking     ] GC(305) Concurrent Preclean 0.058ms
[54.063s][info][gc,start       ] GC(305) Pause Remark
[54.064s][info][gc             ] GC(305) Pause Remark 418M->370M(512M) 1.007ms
[54.064s][info][gc,cpu         ] GC(305) User=0.00s Sys=0.00s Real=0.00s
[54.064s][info][gc,marking     ] GC(305) Concurrent Mark 61.399ms
[54.064s][info][gc,marking     ] GC(305) Concurrent Rebuild Remembered Sets and Scrub Regions
[54.086s][info][gc,start       ] GC(306) Pause Young (Normal) (G1 Evacuation Pause)
[54.086s][info][gc,task        ] GC(306) Using 12 workers of 33 for evacuation
[54.103s][info][gc,phases      ] GC(306)   Pre Evacuate Collection Set: 0.1ms
[54.103s][info][gc,phases      ] GC(306)   Merge Heap Roots: 0.1ms
[54.103s][info][gc,phases      ] GC(306)   Evacuate Collection Set: 16.5ms
[54.103s][info][gc,phases      ] GC(306)   Post Evacuate Collection Set: 0.3ms
[54.103s][info][gc,phases      ] GC(306)   Other: 0.1ms
[54.103s][info][gc,heap        ] GC(306) Eden regions: 80->0(85)
[54.103s][info][gc,heap        ] GC(306) Survivor regions: 16->12(12)
[54.103s][info][gc,heap        ] GC(306) Old regions: 286->327
[54.103s][info][gc,heap        ] GC(306) Archive regions: 0->0
[54.103s][info][gc,heap        ] GC(306) Humongous regions: 0->0
[54.103s][info][gc,metaspace   ] GC(306) Metaspace: 16680K(17344K)->16680K(17344K) NonClass: 14260K(14656K)->14260K(14656K) Class: 2420K(2688K)->2420K(2688K)
[54.103s][info][gc             ] GC(306) Pause Young (Normal) (G1 Evacuation Pause) 381M->338M(512M) 17.320ms
[54.103s][info][gc,cpu         ] GC(306) User=0.19s Sys=0.00s Real=0.02s
[54.169s][info][gc,marking     ] GC(305) Concurrent Rebuild Remembered Sets and Scrub Regions 104.929ms
[54.170s][info][gc,start       ] GC(305) Pause Cleanup
[54.170s][info][gc             ] GC(305) Pause Cleanup 411M->411M(512M) 0.251ms
[54.170s][info][gc,cpu         ] GC(305) User=0.00s Sys=0.00s Real=0.00s
[54.170s][info][gc,marking     ] GC(305) Concurrent Clear Claimed Marks
[54.170s][info][gc,marking     ] GC(305) Concurrent Clear Claimed Marks 0.039ms
[54.170s][info][gc,marking     ] GC(305) Concurrent Cleanup for Next Mark
[54.170s][info][gc,marking     ] GC(305) Concurrent Cleanup for Next Mark 0.304ms
[54.170s][info][gc             ] GC(305) Concurrent Mark Cycle 175.937ms
[54.180s][info][gc,start       ] GC(307) Pause Young (Prepare Mixed) (G1 Evacuation Pause)
[54.180s][info][gc,task        ] GC(307) Using 12 workers of 33 for evacuation
[54.201s][info][gc,phases      ] GC(307)   Pre Evacuate Collection Set: 0.1ms
[54.201s][info][gc,phases      ] GC(307)   Merge Heap Roots: 0.3ms
[54.201s][info][gc,phases      ] GC(307)   Evacuate Collection Set: 19.6ms
[54.201s][info][gc,phases      ] GC(307)   Post Evacuate Collection Set: 0.2ms
[54.201s][info][gc,phases      ] GC(307)   Other: 0.1ms
[54.201s][info][gc,heap        ] GC(307) Eden regions: 85->0(65)
[54.201s][info][gc,heap        ] GC(307) Survivor regions: 12->13(13)
[54.201s][info][gc,heap        ] GC(307) Old regions: 327->365
[54.201s][info][gc,heap        ] GC(307) Archive regions: 0->0
[54.201s][info][gc,heap        ] GC(307) Humongous regions: 0->0
[54.201s][info][gc,metaspace   ] GC(307) Metaspace: 16680K(17344K)->16680K(17344K) NonClass: 14260K(14656K)->14260K(14656K) Class: 2420K(2688K)->2420K(2688K)
[54.201s][info][gc             ] GC(307) Pause Young (Prepare Mixed) (G1 Evacuation Pause) 423M->377M(512M) 20.541ms
[54.201s][info][gc,cpu         ] GC(307) User=0.19s Sys=0.00s Real=0.02s
[54.257s][info][gc,start       ] GC(308) Pause Young (Mixed) (G1 Evacuation Pause)
[54.257s][info][gc,task        ] GC(308) Using 12 workers of 33 for evacuation
[54.280s][info][gc,phases      ] GC(308)   Pre Evacuate Collection Set: 0.1ms
[54.281s][info][gc,phases      ] GC(308)   Merge Heap Roots: 0.1ms
[54.281s][info][gc,phases      ] GC(308)   Evacuate Collection Set: 22.8ms
[54.281s][info][gc,phases      ] GC(308)   Post Evacuate Collection Set: 0.3ms
[54.281s][info][gc,phases      ] GC(308)   Other: 0.1ms
[54.281s][info][gc,heap        ] GC(308) Eden regions: 65->0(53)
[54.281s][info][gc,heap        ] GC(308) Survivor regions: 13->10(10)
[54.281s][info][gc,heap        ] GC(308) Old regions: 365->392
[54.281s][info][gc,heap        ] GC(308) Archive regions: 0->0
[54.281s][info][gc,heap        ] GC(308) Humongous regions: 0->0
[54.281s][info][gc,metaspace   ] GC(308) Metaspace: 16680K(17344K)->16680K(17344K) NonClass: 14260K(14656K)->14260K(14656K) Class: 2420K(2688K)->2420K(2688K)
[54.281s][info][gc             ] GC(308) Pause Young (Mixed) (G1 Evacuation Pause) 442M->401M(512M) 23.911ms
[54.281s][info][gc,cpu         ] GC(308) User=0.20s Sys=0.00s Real=0.03s
[54.327s][info][gc,start       ] GC(309) Pause Young (Concurrent Start) (G1 Evacuation Pause)
[54.327s][info][gc,task        ] GC(309) Using 12 workers of 33 for evacuation
[54.345s][info][gc,phases      ] GC(309)   Pre Evacuate Collection Set: 0.2ms
[54.345s][info][gc,phases      ] GC(309)   Merge Heap Roots: 0.1ms
[54.345s][info][gc,phases      ] GC(309)   Evacuate Collection Set: 17.4ms
[54.345s][info][gc,phases      ] GC(309)   Post Evacuate Collection Set: 0.3ms
[54.345s][info][gc,phases      ] GC(309)   Other: 0.1ms
[54.345s][info][gc,heap        ] GC(309) Eden regions: 53->0(40)
[54.345s][info][gc,heap        ] GC(309) Survivor regions: 10->8(8)
[54.345s][info][gc,heap        ] GC(309) Old regions: 392->420
[54.345s][info][gc,heap        ] GC(309) Archive regions: 0->0
[54.345s][info][gc,heap        ] GC(309) Humongous regions: 0->0
[54.345s][info][gc,metaspace   ] GC(309) Metaspace: 16682K(17344K)->16682K(17344K) NonClass: 14261K(14656K)->14261K(14656K) Class: 2420K(2688K)->2420K(2688K)
[54.345s][info][gc             ] GC(309) Pause Young (Concurrent Start) (G1 Evacuation Pause) 454M->427M(512M) 18.456ms
[54.345s][info][gc             ] GC(310) Concurrent Mark Cycle
[54.345s][info][gc,cpu         ] GC(309) User=0.19s Sys=0.00s Real=0.02s
[54.345s][info][gc,marking     ] GC(310) Concurrent Scan Root Regions
[54.356s][info][gc,marking     ] GC(310) Concurrent Scan Root Regions 10.446ms
[54.356s][info][gc,marking     ] GC(310) Concurrent Mark
[54.356s][info][gc,marking     ] GC(310) Concurrent Mark From Roots
[54.356s][info][gc,task        ] GC(310) Using 8 workers of 8 for marking
[54.386s][info][gc,start       ] GC(311) Pause Young (Normal) (G1 Evacuation Pause)
[54.386s][info][gc,task        ] GC(311) Using 12 workers of 33 for evacuation
[54.395s][info][gc,phases      ] GC(311)   Pre Evacuate Collection Set: 0.1ms
[54.395s][info][gc,phases      ] GC(311)   Merge Heap Roots: 0.1ms
[54.395s][info][gc,phases      ] GC(311)   Evacuate Collection Set: 8.3ms
[54.395s][info][gc,phases      ] GC(311)   Post Evacuate Collection Set: 0.3ms
[54.395s][info][gc,phases      ] GC(311)   Other: 0.1ms
[54.395s][info][gc,heap        ] GC(311) Eden regions: 40->0(30)
[54.395s][info][gc,heap        ] GC(311) Survivor regions: 8->6(6)
[54.395s][info][gc,heap        ] GC(311) Old regions: 420->443
[54.395s][info][gc,heap        ] GC(311) Archive regions: 0->0
[54.395s][info][gc,heap        ] GC(311) Humongous regions: 0->0
[54.395s][info][gc,metaspace   ] GC(311) Metaspace: 16682K(17344K)->16682K(17344K) NonClass: 14261K(14656K)->14261K(14656K) Class: 2420K(2688K)->2420K(2688K)
[54.395s][info][gc             ] GC(311) Pause Young (Normal) (G1 Evacuation Pause) 467M->448M(512M) 9.273ms
[54.395s][info][gc,cpu         ] GC(311) User=0.00s Sys=0.00s Real=0.00s
[54.426s][info][gc,start       ] GC(312) Pause Young (Normal) (G1 Evacuation Pause)
[54.427s][info][gc,task        ] GC(312) Using 12 workers of 33 for evacuation
[54.433s][info][gc,phases      ] GC(312)   Pre Evacuate Collection Set: 0.1ms
[54.433s][info][gc,phases      ] GC(312)   Merge Heap Roots: 0.1ms
[54.433s][info][gc,phases      ] GC(312)   Evacuate Collection Set: 6.4ms
[54.434s][info][gc,phases      ] GC(312)   Post Evacuate Collection Set: 0.3ms
[54.434s][info][gc,phases      ] GC(312)   Other: 0.1ms
[54.434s][info][gc,heap        ] GC(312) Eden regions: 30->0(20)
[54.434s][info][gc,heap        ] GC(312) Survivor regions: 6->5(5)
[54.434s][info][gc,heap        ] GC(312) Old regions: 443->460
[54.434s][info][gc,heap        ] GC(312) Archive regions: 0->0
[54.434s][info][gc,heap        ] GC(312) Humongous regions: 0->0
[54.434s][info][gc,metaspace   ] GC(312) Metaspace: 16682K(17344K)->16682K(17344K) NonClass: 14261K(14656K)->14261K(14656K) Class: 2420K(2688K)->2420K(2688K)
[54.434s][info][gc             ] GC(312) Pause Young (Normal) (G1 Evacuation Pause) 478M->463M(512M) 7.355ms
[54.434s][info][gc,cpu         ] GC(312) User=0.19s Sys=0.00s Real=0.02s
[54.454s][info][gc,start       ] GC(313) Pause Young (Normal) (G1 Evacuation Pause)
[54.454s][info][gc,task        ] GC(313) Using 12 workers of 33 for evacuation
[54.459s][info][gc,phases      ] GC(313)   Pre Evacuate Collection Set: 0.1ms
[54.459s][info][gc,phases      ] GC(313)   Merge Heap Roots: 0.1ms
[54.459s][info][gc,phases      ] GC(313)   Evacuate Collection Set: 4.4ms
[54.459s][info][gc,phases      ] GC(313)   Post Evacuate Collection Set: 0.2ms
[54.459s][info][gc,phases      ] GC(313)   Other: 0.1ms
[54.459s][info][gc,heap        ] GC(313) Eden regions: 20->0(21)
[54.459s][info][gc,heap        ] GC(313) Survivor regions: 5->4(4)
[54.459s][info][gc,heap        ] GC(313) Old regions: 460->472
[54.460s][info][gc,heap        ] GC(313) Archive regions: 0->0
[54.460s][info][gc,heap        ] GC(313) Humongous regions: 0->0
[54.460s][info][gc,metaspace   ] GC(313) Metaspace: 16682K(17344K)->16682K(17344K) NonClass: 14261K(14656K)->14261K(14656K) Class: 2420K(2688K)->2420K(2688K)
[54.460s][info][gc             ] GC(313) Pause Young (Normal) (G1 Evacuation Pause) 483M->474M(512M) 5.272ms
[54.460s][info][gc,cpu         ] GC(313) User=0.00s Sys=0.00s Real=0.00s
[54.481s][info][gc,start       ] GC(314) Pause Young (Normal) (G1 Evacuation Pause)
[54.481s][info][gc,task        ] GC(314) Using 12 workers of 33 for evacuation
[54.486s][info][gc,phases      ] GC(314)   Pre Evacuate Collection Set: 0.1ms
[54.486s][info][gc,phases      ] GC(314)   Merge Heap Roots: 0.0ms
[54.486s][info][gc,phases      ] GC(314)   Evacuate Collection Set: 4.2ms
[54.486s][info][gc,phases      ] GC(314)   Post Evacuate Collection Set: 0.2ms
[54.486s][info][gc,phases      ] GC(314)   Other: 0.1ms
[54.486s][info][gc,heap        ] GC(314) Eden regions: 21->0(21)
[54.486s][info][gc,heap        ] GC(314) Survivor regions: 4->4(4)
[54.486s][info][gc,heap        ] GC(314) Old regions: 472->483
[54.486s][info][gc,heap        ] GC(314) Archive regions: 0->0
[54.486s][info][gc,heap        ] GC(314) Humongous regions: 0->0
[54.486s][info][gc,metaspace   ] GC(314) Metaspace: 16682K(17344K)->16682K(17344K) NonClass: 14261K(14656K)->14261K(14656K) Class: 2420K(2688K)->2420K(2688K)
[54.486s][info][gc             ] GC(314) Pause Young (Normal) (G1 Evacuation Pause) 495M->485M(512M) 4.823ms
[54.486s][info][gc,cpu         ] GC(314) User=0.00s Sys=0.00s Real=0.00s
[54.502s][info][gc,marking     ] GC(310) Concurrent Mark From Roots 146.311ms
[54.502s][info][gc,marking     ] GC(310) Concurrent Preclean
[54.502s][info][gc,marking     ] GC(310) Concurrent Preclean 0.030ms
[54.502s][info][gc,start       ] GC(310) Pause Remark
[54.503s][info][gc             ] GC(310) Pause Remark 497M->497M(512M) 0.923ms
[54.503s][info][gc,cpu         ] GC(310) User=0.00s Sys=0.00s Real=0.00s
[54.503s][info][gc,marking     ] GC(310) Concurrent Mark 147.491ms
[54.503s][info][gc,marking     ] GC(310) Concurrent Rebuild Remembered Sets and Scrub Regions
[54.654s][info][gc,marking     ] GC(310) Concurrent Rebuild Remembered Sets and Scrub Regions 150.676ms
[54.655s][info][gc,start       ] GC(310) Pause Cleanup
[54.655s][info][gc             ] GC(310) Pause Cleanup 509M->509M(512M) 0.303ms
[54.655s][info][gc,cpu         ] GC(310) User=0.00s Sys=0.00s Real=0.00s
[54.655s][info][gc,marking     ] GC(310) Concurrent Clear Claimed Marks
[54.656s][info][gc,marking     ] GC(310) Concurrent Clear Claimed Marks 0.046ms
[54.656s][info][gc,marking     ] GC(310) Concurrent Cleanup for Next Mark
[54.656s][info][gc,marking     ] GC(310) Concurrent Cleanup for Next Mark 0.303ms
[54.656s][info][gc             ] GC(310) Concurrent Mark Cycle 310.632ms
[54.658s][info][gc,start       ] GC(315) Pause Young (Prepare Mixed) (G1 Evacuation Pause)
[54.659s][info][gc,task        ] GC(315) Using 12 workers of 33 for evacuation
[54.682s][info][gc,phases      ] GC(315)   Pre Evacuate Collection Set: 0.1ms
[54.682s][info][gc,phases      ] GC(315)   Merge Heap Roots: 1.3ms
[54.682s][info][gc,phases      ] GC(315)   Evacuate Collection Set: 20.0ms
[54.682s][info][gc,phases      ] GC(315)   Post Evacuate Collection Set: 1.8ms
[54.682s][info][gc,phases      ] GC(315)   Other: 0.1ms
[54.682s][info][gc,heap        ] GC(315) Eden regions: 21->0(0)
[54.682s][info][gc,heap        ] GC(315) Survivor regions: 4->1(1)
[54.682s][info][gc,heap        ] GC(315) Old regions: 483->508
[54.682s][info][gc,heap        ] GC(315) Archive regions: 0->0
[54.682s][info][gc,heap        ] GC(315) Humongous regions: 3->3
[54.682s][info][gc,metaspace   ] GC(315) Metaspace: 16682K(17344K)->16682K(17344K) NonClass: 14261K(14656K)->14261K(14656K) Class: 2420K(2688K)->2420K(2688K)
[54.682s][info][gc             ] GC(315) Pause Young (Prepare Mixed) (G1 Evacuation Pause) (Evacuation Failure) 509M->511M(512M) 23.461ms
[54.682s][info][gc,cpu         ] GC(315) User=0.38s Sys=0.00s Real=0.03s
[54.682s][info][gc,ergo        ] Attempting full compaction
[54.682s][info][gc,start       ] GC(316) Pause Full (G1 Compaction Pause)
[54.682s][info][gc,task        ] GC(316) Using 12 workers of 33 for full compaction
[54.682s][info][gc,phases,start] GC(316) Phase 1: Mark live objects
[54.803s][info][gc,phases      ] GC(316) Phase 1: Mark live objects 121.049ms
[54.803s][info][gc,phases,start] GC(316) Phase 2: Prepare compaction
[54.822s][info][gc,phases      ] GC(316) Phase 2: Prepare compaction 18.191ms
[54.822s][info][gc,phases,start] GC(316) Phase 3: Adjust pointers
[54.850s][info][gc,phases      ] GC(316) Phase 3: Adjust pointers 28.158ms
[54.850s][info][gc,phases,start] GC(316) Phase 4: Compact heap
[54.864s][info][gc,phases      ] GC(316) Phase 4: Compact heap 14.318ms
[54.867s][info][gc,heap        ] GC(316) Eden regions: 0->0(32)
[54.867s][info][gc,heap        ] GC(316) Survivor regions: 1->0(1)
[54.867s][info][gc,heap        ] GC(316) Old regions: 508->446
[54.867s][info][gc,heap        ] GC(316) Archive regions: 0->0
[54.867s][info][gc,heap        ] GC(316) Humongous regions: 3->3
[54.867s][info][gc,metaspace   ] GC(316) Metaspace: 16682K(17344K)->16682K(17344K) NonClass: 14261K(14656K)->14261K(14656K) Class: 2420K(2688K)->2420K(2688K)
[54.867s][info][gc             ] GC(316) Pause Full (G1 Compaction Pause) 511M->442M(512M) 184.739ms
[54.867s][info][gc,cpu         ] GC(316) User=2.06s Sys=0.00s Real=0.18s
[55.084s][info][gc,start       ] GC(317) Pause Young (Concurrent Start) (G1 Humongous Allocation)
[55.084s][info][gc,task        ] GC(317) Using 12 workers of 33 for evacuation
[55.124s][info][gc,phases      ] GC(317)   Pre Evacuate Collection Set: 0.2ms
[55.124s][info][gc,phases      ] GC(317)   Merge Heap Roots: 3.0ms
[55.124s][info][gc,phases      ] GC(317)   Evacuate Collection Set: 35.8ms
[55.124s][info][gc,phases      ] GC(317)   Post Evacuate Collection Set: 0.3ms
[55.124s][info][gc,phases      ] GC(317)   Other: 0.1ms
[55.124s][info][gc,heap        ] GC(317) Eden regions: 29->0(21)
[55.124s][info][gc,heap        ] GC(317) Survivor regions: 0->4(4)
[55.124s][info][gc,heap        ] GC(317) Old regions: 446->471
[55.124s][info][gc,heap        ] GC(317) Archive regions: 0->0
[55.124s][info][gc,heap        ] GC(317) Humongous regions: 3->3
[55.124s][info][gc,metaspace   ] GC(317) Metaspace: 16682K(17344K)->16682K(17344K) NonClass: 14261K(14656K)->14261K(14656K) Class: 2420K(2688K)->2420K(2688K)
[55.124s][info][gc             ] GC(317) Pause Young (Concurrent Start) (G1 Humongous Allocation) 470M->470M(512M) 39.797ms
[55.124s][info][gc             ] GC(318) Concurrent Mark Cycle
[55.124s][info][gc,cpu         ] GC(317) User=0.38s Sys=0.00s Real=0.05s
[55.124s][info][gc,marking     ] GC(318) Concurrent Scan Root Regions
[55.128s][info][gc,marking     ] GC(318) Concurrent Scan Root Regions 3.984ms
[55.128s][info][gc,marking     ] GC(318) Concurrent Mark
[55.128s][info][gc,marking     ] GC(318) Concurrent Mark From Roots
[55.128s][info][gc,task        ] GC(318) Using 8 workers of 8 for marking
[55.257s][info][gc,marking     ] GC(318) Concurrent Mark From Roots 129.293ms
[55.257s][info][gc,marking     ] GC(318) Concurrent Preclean
[55.257s][info][gc,marking     ] GC(318) Concurrent Preclean 0.037ms
[55.258s][info][gc,start       ] GC(318) Pause Remark
[55.260s][info][gc             ] GC(318) Pause Remark 478M->478M(512M) 2.225ms
[55.260s][info][gc,cpu         ] GC(318) User=0.00s Sys=0.00s Real=0.00s
[55.260s][info][gc,marking     ] GC(318) Concurrent Mark 131.864ms
[55.260s][info][gc,marking     ] GC(318) Concurrent Rebuild Remembered Sets and Scrub Regions
[55.302s][info][gc,marking     ] GC(318) Concurrent Rebuild Remembered Sets and Scrub Regions 42.369ms
[55.303s][info][gc,start       ] GC(318) Pause Cleanup
[55.303s][info][gc             ] GC(318) Pause Cleanup 479M->479M(512M) 0.198ms
[55.303s][info][gc,cpu         ] GC(318) User=0.00s Sys=0.00s Real=0.00s
[55.303s][info][gc,marking     ] GC(318) Concurrent Clear Claimed Marks
[55.303s][info][gc,marking     ] GC(318) Concurrent Clear Claimed Marks 0.036ms
[55.303s][info][gc,marking     ] GC(318) Concurrent Cleanup for Next Mark
[55.303s][info][gc,marking     ] GC(318) Concurrent Cleanup for Next Mark 0.273ms
[55.303s][info][gc             ] GC(318) Concurrent Mark Cycle 179.134ms
[55.607s][info][gc,start       ] GC(319) Pause Young (Prepare Mixed) (G1 Evacuation Pause)
[55.607s][info][gc,task        ] GC(319) Using 12 workers of 33 for evacuation
[55.618s][info][gc,phases      ] GC(319)   Pre Evacuate Collection Set: 0.1ms
[55.618s][info][gc,phases      ] GC(319)   Merge Heap Roots: 0.5ms
[55.618s][info][gc,phases      ] GC(319)   Evacuate Collection Set: 9.9ms
[55.618s][info][gc,phases      ] GC(319)   Post Evacuate Collection Set: 0.3ms
[55.618s][info][gc,phases      ] GC(319)   Other: 0.1ms
[55.618s][info][gc,heap        ] GC(319) Eden regions: 21->0(23)
[55.618s][info][gc,heap        ] GC(319) Survivor regions: 4->2(4)
[55.618s][info][gc,heap        ] GC(319) Old regions: 471->477
[55.618s][info][gc,heap        ] GC(319) Archive regions: 0->0
[55.618s][info][gc,heap        ] GC(319) Humongous regions: 6->6
[55.618s][info][gc,metaspace   ] GC(319) Metaspace: 16677K(17344K)->16677K(17344K) NonClass: 14257K(14656K)->14257K(14656K) Class: 2419K(2688K)->2419K(2688K)
[55.618s][info][gc             ] GC(319) Pause Young (Prepare Mixed) (G1 Evacuation Pause) 494M->477M(512M) 11.382ms
[55.618s][info][gc,cpu         ] GC(319) User=0.02s Sys=0.00s Real=0.02s
[55.669s][info][gc,start       ] GC(320) Pause Young (Mixed) (G1 Evacuation Pause)
[55.669s][info][gc,task        ] GC(320) Using 12 workers of 33 for evacuation
[55.672s][info][gc,phases      ] GC(320)   Pre Evacuate Collection Set: 0.1ms
[55.672s][info][gc,phases      ] GC(320)   Merge Heap Roots: 0.0ms
[55.672s][info][gc,phases      ] GC(320)   Evacuate Collection Set: 2.7ms
[55.672s][info][gc,phases      ] GC(320)   Post Evacuate Collection Set: 0.2ms
[55.672s][info][gc,phases      ] GC(320)   Other: 0.1ms
[55.672s][info][gc,heap        ] GC(320) Eden regions: 23->0(22)
[55.672s][info][gc,heap        ] GC(320) Survivor regions: 2->3(4)
[55.672s][info][gc,heap        ] GC(320) Old regions: 477->476
[55.672s][info][gc,heap        ] GC(320) Archive regions: 0->0
[55.672s][info][gc,heap        ] GC(320) Humongous regions: 6->6
[55.672s][info][gc,metaspace   ] GC(320) Metaspace: 16677K(17344K)->16677K(17344K) NonClass: 14257K(14656K)->14257K(14656K) Class: 2419K(2688K)->2419K(2688K)
[55.672s][info][gc             ] GC(320) Pause Young (Mixed) (G1 Evacuation Pause) 500M->479M(512M) 3.322ms
[55.672s][info][gc,cpu         ] GC(320) User=0.00s Sys=0.00s Real=0.00s
[55.723s][info][gc,start       ] GC(321) Pause Young (Concurrent Start) (G1 Evacuation Pause)
[55.723s][info][gc,task        ] GC(321) Using 12 workers of 33 for evacuation
[55.726s][info][gc,phases      ] GC(321)   Pre Evacuate Collection Set: 0.2ms
[55.726s][info][gc,phases      ] GC(321)   Merge Heap Roots: 0.0ms
[55.726s][info][gc,phases      ] GC(321)   Evacuate Collection Set: 2.1ms
[55.726s][info][gc,phases      ] GC(321)   Post Evacuate Collection Set: 0.3ms
[55.726s][info][gc,phases      ] GC(321)   Other: 0.1ms
[55.726s][info][gc,heap        ] GC(321) Eden regions: 22->0(22)
[55.726s][info][gc,heap        ] GC(321) Survivor regions: 3->3(4)
[55.726s][info][gc,heap        ] GC(321) Old regions: 476->478
[55.726s][info][gc,heap        ] GC(321) Archive regions: 0->0
[55.726s][info][gc,heap        ] GC(321) Humongous regions: 6->6
[55.726s][info][gc,metaspace   ] GC(321) Metaspace: 16677K(17344K)->16677K(17344K) NonClass: 14257K(14656K)->14257K(14656K) Class: 2419K(2688K)->2419K(2688K)
[55.726s][info][gc             ] GC(321) Pause Young (Concurrent Start) (G1 Evacuation Pause) 501M->481M(512M) 2.969ms
[55.726s][info][gc,cpu         ] GC(321) User=0.00s Sys=0.00s Real=0.00s
[55.726s][info][gc             ] GC(322) Concurrent Mark Cycle
[55.726s][info][gc,marking     ] GC(322) Concurrent Scan Root Regions
[55.740s][info][gc,marking     ] GC(322) Concurrent Scan Root Regions 13.738ms
[55.740s][info][gc,marking     ] GC(322) Concurrent Mark
[55.740s][info][gc,marking     ] GC(322) Concurrent Mark From Roots
[55.740s][info][gc,task        ] GC(322) Using 8 workers of 8 for marking
[55.783s][info][gc,start       ] GC(323) Pause Young (Normal) (G1 Evacuation Pause)
[55.783s][info][gc,task        ] GC(323) Using 12 workers of 33 for evacuation
[55.785s][info][gc,phases      ] GC(323)   Pre Evacuate Collection Set: 0.1ms
[55.785s][info][gc,phases      ] GC(323)   Merge Heap Roots: 0.0ms
[55.785s][info][gc,phases      ] GC(323)   Evacuate Collection Set: 1.3ms
[55.785s][info][gc,phases      ] GC(323)   Post Evacuate Collection Set: 0.3ms
[55.785s][info][gc,phases      ] GC(323)   Other: 0.1ms
[55.785s][info][gc,heap        ] GC(323) Eden regions: 22->0(11)
[55.785s][info][gc,heap        ] GC(323) Survivor regions: 3->2(3)
[55.785s][info][gc,heap        ] GC(323) Old regions: 478->491
[55.785s][info][gc,heap        ] GC(323) Archive regions: 0->0
[55.785s][info][gc,heap        ] GC(323) Humongous regions: 6->6
[55.785s][info][gc,metaspace   ] GC(323) Metaspace: 16677K(17344K)->16677K(17344K) NonClass: 14257K(14656K)->14257K(14656K) Class: 2419K(2688K)->2419K(2688K)
[55.785s][info][gc             ] GC(323) Pause Young (Normal) (G1 Evacuation Pause) (Evacuation Failure) 503M->493M(512M) 1.933ms
[55.785s][info][gc,cpu         ] GC(323) User=0.00s Sys=0.00s Real=0.00s
[55.809s][info][gc,start       ] GC(324) Pause Young (Normal) (G1 Evacuation Pause)
[55.809s][info][gc,task        ] GC(324) Using 12 workers of 33 for evacuation
[55.811s][info][gc,phases      ] GC(324)   Pre Evacuate Collection Set: 0.1ms
[55.811s][info][gc,phases      ] GC(324)   Merge Heap Roots: 0.0ms
[55.811s][info][gc,phases      ] GC(324)   Evacuate Collection Set: 1.0ms
[55.811s][info][gc,phases      ] GC(324)   Post Evacuate Collection Set: 0.3ms
[55.811s][info][gc,phases      ] GC(324)   Other: 0.1ms
[55.811s][info][gc,heap        ] GC(324) Eden regions: 11->0(0)
[55.811s][info][gc,heap        ] GC(324) Survivor regions: 2->1(2)
[55.811s][info][gc,heap        ] GC(324) Old regions: 491->505
[55.811s][info][gc,heap        ] GC(324) Archive regions: 0->0
[55.811s][info][gc,heap        ] GC(324) Humongous regions: 6->6
[55.811s][info][gc,metaspace   ] GC(324) Metaspace: 16677K(17344K)->16677K(17344K) NonClass: 14257K(14656K)->14257K(14656K) Class: 2419K(2688K)->2419K(2688K)
[55.811s][info][gc             ] GC(324) Pause Young (Normal) (G1 Evacuation Pause) (Evacuation Failure) 504M->506M(512M) 1.716ms
[55.811s][info][gc,cpu         ] GC(324) User=0.00s Sys=0.00s Real=0.00s
[55.811s][info][gc,ergo        ] Attempting full compaction
[55.811s][info][gc,start       ] GC(325) Pause Full (G1 Compaction Pause)
[55.811s][info][gc,task        ] GC(325) Using 12 workers of 33 for full compaction
[55.811s][info][gc,phases,start] GC(325) Phase 1: Mark live objects
[55.999s][info][gc,phases      ] GC(325) Phase 1: Mark live objects 187.651ms
[55.999s][info][gc,phases,start] GC(325) Phase 2: Prepare compaction
[56.016s][info][gc,phases      ] GC(325) Phase 2: Prepare compaction 16.562ms
[56.016s][info][gc,phases,start] GC(325) Phase 3: Adjust pointers
[56.038s][info][gc,phases      ] GC(325) Phase 3: Adjust pointers 21.982ms
[56.038s][info][gc,phases,start] GC(325) Phase 4: Compact heap
[56.043s][info][gc,phases      ] GC(325) Phase 4: Compact heap 5.693ms
[56.046s][info][gc,heap        ] GC(325) Eden regions: 0->0(25)
[56.046s][info][gc,heap        ] GC(325) Survivor regions: 1->0(2)
[56.046s][info][gc,heap        ] GC(325) Old regions: 505->461
[56.046s][info][gc,heap        ] GC(325) Archive regions: 0->0
[56.046s][info][gc,heap        ] GC(325) Humongous regions: 6->3
[56.046s][info][gc,metaspace   ] GC(325) Metaspace: 16677K(17344K)->16677K(17344K) NonClass: 14257K(14656K)->14257K(14656K) Class: 2419K(2688K)->2419K(2688K)
[56.046s][info][gc             ] GC(325) Pause Full (G1 Compaction Pause) 506M->457M(512M) 235.244ms
[56.046s][info][gc,cpu         ] GC(325) User=2.64s Sys=0.00s Real=0.24s
[56.046s][info][gc,marking     ] GC(322) Concurrent Mark From Roots 306.168ms
[56.046s][info][gc,marking     ] GC(322) Concurrent Mark Abort
[56.046s][info][gc             ] GC(322) Concurrent Mark Cycle 320.103ms
[56.088s][info][gc,start       ] GC(326) Pause Young (Normal) (G1 Evacuation Pause)
[56.088s][info][gc,task        ] GC(326) Using 12 workers of 33 for evacuation
[56.090s][info][gc,phases      ] GC(326)   Pre Evacuate Collection Set: 0.1ms
[56.090s][info][gc,phases      ] GC(326)   Merge Heap Roots: 0.0ms
[56.090s][info][gc,phases      ] GC(326)   Evacuate Collection Set: 1.8ms
[56.090s][info][gc,phases      ] GC(326)   Post Evacuate Collection Set: 0.2ms
[56.090s][info][gc,phases      ] GC(326)   Other: 0.1ms
[56.090s][info][gc,heap        ] GC(326) Eden regions: 25->0(22)
[56.090s][info][gc,heap        ] GC(326) Survivor regions: 0->3(4)
[56.090s][info][gc,heap        ] GC(326) Old regions: 461->461
[56.090s][info][gc,heap        ] GC(326) Archive regions: 0->0
[56.090s][info][gc,heap        ] GC(326) Humongous regions: 3->3
[56.090s][info][gc,metaspace   ] GC(326) Metaspace: 16677K(17344K)->16677K(17344K) NonClass: 14257K(14656K)->14257K(14656K) Class: 2419K(2688K)->2419K(2688K)
[56.091s][info][gc             ] GC(326) Pause Young (Normal) (G1 Evacuation Pause) 482M->459M(512M) 2.439ms
[56.091s][info][gc,cpu         ] GC(326) User=0.00s Sys=0.00s Real=0.00s
[56.138s][info][gc,start       ] GC(327) Pause Young (Concurrent Start) (G1 Evacuation Pause)
[56.138s][info][gc,task        ] GC(327) Using 12 workers of 33 for evacuation
[56.140s][info][gc,phases      ] GC(327)   Pre Evacuate Collection Set: 0.2ms
[56.140s][info][gc,phases      ] GC(327)   Merge Heap Roots: 0.0ms
[56.140s][info][gc,phases      ] GC(327)   Evacuate Collection Set: 2.0ms
[56.140s][info][gc,phases      ] GC(327)   Post Evacuate Collection Set: 0.3ms
[56.140s][info][gc,phases      ] GC(327)   Other: 0.1ms
[56.140s][info][gc,heap        ] GC(327) Eden regions: 22->0(22)
[56.140s][info][gc,heap        ] GC(327) Survivor regions: 3->3(4)
[56.140s][info][gc,heap        ] GC(327) Old regions: 461->462
[56.140s][info][gc,heap        ] GC(327) Archive regions: 0->0
[56.140s][info][gc,heap        ] GC(327) Humongous regions: 3->3
[56.140s][info][gc,metaspace   ] GC(327) Metaspace: 16677K(17344K)->16677K(17344K) NonClass: 14257K(14656K)->14257K(14656K) Class: 2419K(2688K)->2419K(2688K)
[56.140s][info][gc             ] GC(327) Pause Young (Concurrent Start) (G1 Evacuation Pause) 481M->460M(512M) 2.888ms
[56.140s][info][gc,cpu         ] GC(327) User=0.19s Sys=0.00s Real=0.02s
[56.140s][info][gc             ] GC(328) Concurrent Mark Cycle
[56.141s][info][gc,marking     ] GC(328) Concurrent Scan Root Regions
[56.154s][info][gc,marking     ] GC(328) Concurrent Scan Root Regions 13.347ms
[56.154s][info][gc,marking     ] GC(328) Concurrent Mark
[56.154s][info][gc,marking     ] GC(328) Concurrent Mark From Roots
[56.154s][info][gc,task        ] GC(328) Using 8 workers of 8 for marking
[56.197s][info][gc,start       ] GC(329) Pause Young (Normal) (G1 Evacuation Pause)
[56.197s][info][gc,task        ] GC(329) Using 12 workers of 33 for evacuation
[56.198s][info][gc,phases      ] GC(329)   Pre Evacuate Collection Set: 0.1ms
[56.198s][info][gc,phases      ] GC(329)   Merge Heap Roots: 0.0ms
[56.198s][info][gc,phases      ] GC(329)   Evacuate Collection Set: 1.2ms
[56.198s][info][gc,phases      ] GC(329)   Post Evacuate Collection Set: 0.2ms
[56.198s][info][gc,phases      ] GC(329)   Other: 0.1ms
[56.198s][info][gc,heap        ] GC(329) Eden regions: 22->0(22)
[56.198s][info][gc,heap        ] GC(329) Survivor regions: 3->3(4)
[56.198s][info][gc,heap        ] GC(329) Old regions: 462->463
[56.198s][info][gc,heap        ] GC(329) Archive regions: 0->0
[56.198s][info][gc,heap        ] GC(329) Humongous regions: 3->3
[56.198s][info][gc,metaspace   ] GC(329) Metaspace: 16677K(17344K)->16677K(17344K) NonClass: 14257K(14656K)->14257K(14656K) Class: 2419K(2688K)->2419K(2688K)
[56.198s][info][gc             ] GC(329) Pause Young (Normal) (G1 Evacuation Pause) 482M->461M(512M) 1.816ms
[56.198s][info][gc,cpu         ] GC(329) User=0.00s Sys=0.00s Real=0.00s
[56.255s][info][gc,start       ] GC(330) Pause Young (Normal) (G1 Evacuation Pause)
[56.255s][info][gc,task        ] GC(330) Using 12 workers of 33 for evacuation
[56.256s][info][gc,phases      ] GC(330)   Pre Evacuate Collection Set: 0.1ms
[56.256s][info][gc,phases      ] GC(330)   Merge Heap Roots: 0.0ms
[56.256s][info][gc,phases      ] GC(330)   Evacuate Collection Set: 1.2ms
[56.257s][info][gc,phases      ] GC(330)   Post Evacuate Collection Set: 0.2ms
[56.257s][info][gc,phases      ] GC(330)   Other: 0.1ms
[56.257s][info][gc,heap        ] GC(330) Eden regions: 22->0(22)
[56.257s][info][gc,heap        ] GC(330) Survivor regions: 3->3(4)
[56.257s][info][gc,heap        ] GC(330) Old regions: 463->464
[56.257s][info][gc,heap        ] GC(330) Archive regions: 0->0
[56.257s][info][gc,heap        ] GC(330) Humongous regions: 3->3
[56.257s][info][gc,metaspace   ] GC(330) Metaspace: 16677K(17344K)->16677K(17344K) NonClass: 14257K(14656K)->14257K(14656K) Class: 2419K(2688K)->2419K(2688K)
[56.257s][info][gc             ] GC(330) Pause Young (Normal) (G1 Evacuation Pause) 483M->462M(512M) 2.058ms
[56.257s][info][gc,cpu         ] GC(330) User=0.00s Sys=0.00s Real=0.00s
[56.304s][info][gc,start       ] GC(331) Pause Young (Normal) (G1 Evacuation Pause)
[56.304s][info][gc,task        ] GC(331) Using 12 workers of 33 for evacuation
[56.306s][info][gc,phases      ] GC(331)   Pre Evacuate Collection Set: 0.1ms
[56.306s][info][gc,phases      ] GC(331)   Merge Heap Roots: 0.0ms
[56.306s][info][gc,phases      ] GC(331)   Evacuate Collection Set: 1.2ms
[56.306s][info][gc,phases      ] GC(331)   Post Evacuate Collection Set: 0.2ms
[56.306s][info][gc,phases      ] GC(331)   Other: 0.1ms
[56.306s][info][gc,heap        ] GC(331) Eden regions: 22->0(22)
[56.306s][info][gc,heap        ] GC(331) Survivor regions: 3->3(4)
[56.306s][info][gc,heap        ] GC(331) Old regions: 464->465
[56.306s][info][gc,heap        ] GC(331) Archive regions: 0->0
[56.306s][info][gc,heap        ] GC(331) Humongous regions: 3->3
[56.306s][info][gc,metaspace   ] GC(331) Metaspace: 16677K(17344K)->16677K(17344K) NonClass: 14257K(14656K)->14257K(14656K) Class: 2419K(2688K)->2419K(2688K)
[56.306s][info][gc             ] GC(331) Pause Young (Normal) (G1 Evacuation Pause) 484M->463M(512M) 2.188ms
[56.306s][info][gc,cpu         ] GC(331) User=0.00s Sys=0.00s Real=0.00s
[56.321s][info][gc,marking     ] GC(328) Concurrent Mark From Roots 166.940ms
[56.321s][info][gc,marking     ] GC(328) Concurrent Preclean
[56.321s][info][gc,marking     ] GC(328) Concurrent Preclean 0.044ms
[56.321s][info][gc,start       ] GC(328) Pause Remark
[56.322s][info][gc             ] GC(328) Pause Remark 470M->470M(512M) 1.050ms
[56.322s][info][gc,cpu         ] GC(328) User=0.00s Sys=0.00s Real=0.00s
[56.322s][info][gc,marking     ] GC(328) Concurrent Mark 168.340ms
[56.322s][info][gc,marking     ] GC(328) Concurrent Rebuild Remembered Sets and Scrub Regions
[56.359s][info][gc,marking     ] GC(328) Concurrent Rebuild Remembered Sets and Scrub Regions 36.463ms
[56.359s][info][gc,start       ] GC(328) Pause Cleanup
[56.359s][info][gc             ] GC(328) Pause Cleanup 483M->483M(512M) 0.250ms
[56.359s][info][gc,cpu         ] GC(328) User=0.00s Sys=0.00s Real=0.00s
[56.359s][info][gc,marking     ] GC(328) Concurrent Clear Claimed Marks
[56.359s][info][gc,marking     ] GC(328) Concurrent Clear Claimed Marks 0.032ms
[56.359s][info][gc,marking     ] GC(328) Concurrent Cleanup for Next Mark
[56.360s][info][gc,marking     ] GC(328) Concurrent Cleanup for Next Mark 0.264ms
[56.360s][info][gc             ] GC(328) Concurrent Mark Cycle 219.106ms
[56.364s][info][gc,start       ] GC(332) Pause Young (Prepare Mixed) (G1 Evacuation Pause)
[56.364s][info][gc,task        ] GC(332) Using 12 workers of 33 for evacuation
[56.365s][info][gc,phases      ] GC(332)   Pre Evacuate Collection Set: 0.1ms
[56.365s][info][gc,phases      ] GC(332)   Merge Heap Roots: 0.0ms
[56.365s][info][gc,phases      ] GC(332)   Evacuate Collection Set: 1.1ms
[56.365s][info][gc,phases      ] GC(332)   Post Evacuate Collection Set: 0.2ms
[56.365s][info][gc,phases      ] GC(332)   Other: 0.1ms
[56.365s][info][gc,heap        ] GC(332) Eden regions: 22->0(22)
[56.365s][info][gc,heap        ] GC(332) Survivor regions: 3->3(4)
[56.366s][info][gc,heap        ] GC(332) Old regions: 465->465
[56.366s][info][gc,heap        ] GC(332) Archive regions: 0->0
[56.366s][info][gc,heap        ] GC(332) Humongous regions: 3->3
[56.366s][info][gc,metaspace   ] GC(332) Metaspace: 16677K(17344K)->16677K(17344K) NonClass: 14257K(14656K)->14257K(14656K) Class: 2419K(2688K)->2419K(2688K)
[56.366s][info][gc             ] GC(332) Pause Young (Prepare Mixed) (G1 Evacuation Pause) 485M->463M(512M) 2.009ms
[56.366s][info][gc,cpu         ] GC(332) User=0.00s Sys=0.00s Real=0.00s
[56.406s][info][gc,start       ] GC(333) Pause Young (Mixed) (G1 Evacuation Pause)
[56.425s][info][gc,task        ] GC(333) Using 12 workers of 33 for evacuation
[56.428s][info][gc,phases      ] GC(333)   Pre Evacuate Collection Set: 0.1ms
[56.428s][info][gc,phases      ] GC(333)   Merge Heap Roots: 0.1ms
[56.428s][info][gc,phases      ] GC(333)   Evacuate Collection Set: 2.1ms
[56.428s][info][gc,phases      ] GC(333)   Post Evacuate Collection Set: 0.3ms
[56.428s][info][gc,phases      ] GC(333)   Other: 0.1ms
[56.428s][info][gc,heap        ] GC(333) Eden regions: 22->0(22)
[56.428s][info][gc,heap        ] GC(333) Survivor regions: 3->3(4)
[56.428s][info][gc,heap        ] GC(333) Old regions: 465->464
[56.428s][info][gc,heap        ] GC(333) Archive regions: 0->0
[56.428s][info][gc,heap        ] GC(333) Humongous regions: 3->3
[56.428s][info][gc,metaspace   ] GC(333) Metaspace: 16677K(17344K)->16677K(17344K) NonClass: 14257K(14656K)->14257K(14656K) Class: 2419K(2688K)->2419K(2688K)
[56.428s][info][gc             ] GC(333) Pause Young (Mixed) (G1 Evacuation Pause) 485M->463M(512M) 22.508ms
[56.428s][info][gc,cpu         ] GC(333) User=0.00s Sys=0.00s Real=0.02s
[56.476s][info][gc,start       ] GC(334) Pause Young (Concurrent Start) (G1 Evacuation Pause)
[56.476s][info][gc,task        ] GC(334) Using 12 workers of 33 for evacuation
[56.479s][info][gc,phases      ] GC(334)   Pre Evacuate Collection Set: 0.2ms
[56.479s][info][gc,phases      ] GC(334)   Merge Heap Roots: 0.0ms
[56.479s][info][gc,phases      ] GC(334)   Evacuate Collection Set: 1.8ms
[56.479s][info][gc,phases      ] GC(334)   Post Evacuate Collection Set: 0.2ms
[56.479s][info][gc,phases      ] GC(334)   Other: 0.1ms
[56.479s][info][gc,heap        ] GC(334) Eden regions: 22->0(22)
[56.479s][info][gc,heap        ] GC(334) Survivor regions: 3->3(4)
[56.479s][info][gc,heap        ] GC(334) Old regions: 464->464
[56.479s][info][gc,heap        ] GC(334) Archive regions: 0->0
[56.479s][info][gc,heap        ] GC(334) Humongous regions: 3->3
[56.479s][info][gc,metaspace   ] GC(334) Metaspace: 16677K(17344K)->16677K(17344K) NonClass: 14257K(14656K)->14257K(14656K) Class: 2419K(2688K)->2419K(2688K)
[56.479s][info][gc             ] GC(334) Pause Young (Concurrent Start) (G1 Evacuation Pause) 485M->463M(512M) 2.506ms
[56.479s][info][gc,cpu         ] GC(334) User=0.00s Sys=0.00s Real=0.00s
[56.479s][info][gc             ] GC(335) Concurrent Mark Cycle
[56.479s][info][gc,marking     ] GC(335) Concurrent Scan Root Regions
[56.491s][info][gc,marking     ] GC(335) Concurrent Scan Root Regions 11.851ms
[56.491s][info][gc,marking     ] GC(335) Concurrent Mark
[56.491s][info][gc,marking     ] GC(335) Concurrent Mark From Roots
[56.491s][info][gc,task        ] GC(335) Using 8 workers of 8 for marking
[56.537s][info][gc,start       ] GC(336) Pause Young (Normal) (G1 Evacuation Pause)
[56.537s][info][gc,task        ] GC(336) Using 12 workers of 33 for evacuation
[56.538s][info][gc,phases      ] GC(336)   Pre Evacuate Collection Set: 0.1ms
[56.538s][info][gc,phases      ] GC(336)   Merge Heap Roots: 0.0ms
[56.539s][info][gc,phases      ] GC(336)   Evacuate Collection Set: 1.1ms
[56.539s][info][gc,phases      ] GC(336)   Post Evacuate Collection Set: 0.2ms
[56.539s][info][gc,phases      ] GC(336)   Other: 0.1ms
[56.539s][info][gc,heap        ] GC(336) Eden regions: 22->0(22)
[56.539s][info][gc,heap        ] GC(336) Survivor regions: 3->3(4)
[56.539s][info][gc,heap        ] GC(336) Old regions: 464->464
[56.539s][info][gc,heap        ] GC(336) Archive regions: 0->0
[56.539s][info][gc,heap        ] GC(336) Humongous regions: 3->3
[56.539s][info][gc,metaspace   ] GC(336) Metaspace: 16677K(17344K)->16677K(17344K) NonClass: 14257K(14656K)->14257K(14656K) Class: 2419K(2688K)->2419K(2688K)
[56.539s][info][gc             ] GC(336) Pause Young (Normal) (G1 Evacuation Pause) 485M->463M(512M) 2.060ms
[56.539s][info][gc,cpu         ] GC(336) User=0.00s Sys=0.00s Real=0.00s
[56.597s][info][gc,start       ] GC(337) Pause Young (Normal) (G1 Evacuation Pause)
[56.598s][info][gc,task        ] GC(337) Using 12 workers of 33 for evacuation
[56.599s][info][gc,phases      ] GC(337)   Pre Evacuate Collection Set: 0.1ms
[56.599s][info][gc,phases      ] GC(337)   Merge Heap Roots: 0.0ms
[56.599s][info][gc,phases      ] GC(337)   Evacuate Collection Set: 1.1ms
[56.599s][info][gc,phases      ] GC(337)   Post Evacuate Collection Set: 0.2ms
[56.599s][info][gc,phases      ] GC(337)   Other: 0.1ms
[56.599s][info][gc,heap        ] GC(337) Eden regions: 22->0(22)
[56.599s][info][gc,heap        ] GC(337) Survivor regions: 3->3(4)
[56.599s][info][gc,heap        ] GC(337) Old regions: 464->465
[56.599s][info][gc,heap        ] GC(337) Archive regions: 0->0
[56.599s][info][gc,heap        ] GC(337) Humongous regions: 3->3
[56.599s][info][gc,metaspace   ] GC(337) Metaspace: 16677K(17344K)->16677K(17344K) NonClass: 14257K(14656K)->14257K(14656K) Class: 2419K(2688K)->2419K(2688K)
[56.599s][info][gc             ] GC(337) Pause Young (Normal) (G1 Evacuation Pause) 485M->464M(512M) 2.033ms
[56.600s][info][gc,cpu         ] GC(337) User=0.19s Sys=0.00s Real=0.02s
[56.627s][info][gc,marking     ] GC(335) Concurrent Mark From Roots 136.389ms
[56.627s][info][gc,marking     ] GC(335) Concurrent Preclean
[56.627s][info][gc,marking     ] GC(335) Concurrent Preclean 0.080ms
[56.628s][info][gc,start       ] GC(335) Pause Remark
[56.629s][info][gc             ] GC(335) Pause Remark 477M->476M(512M) 1.034ms
[56.629s][info][gc,cpu         ] GC(335) User=0.00s Sys=0.00s Real=0.00s
[56.629s][info][gc,marking     ] GC(335) Concurrent Mark 137.858ms
[56.629s][info][gc,marking     ] GC(335) Concurrent Rebuild Remembered Sets and Scrub Regions
[56.655s][info][gc,start       ] GC(338) Pause Young (Normal) (G1 Evacuation Pause)
[56.655s][info][gc,task        ] GC(338) Using 12 workers of 33 for evacuation
[56.657s][info][gc,phases      ] GC(338)   Pre Evacuate Collection Set: 0.1ms
[56.657s][info][gc,phases      ] GC(338)   Merge Heap Roots: 0.0ms
[56.657s][info][gc,phases      ] GC(338)   Evacuate Collection Set: 1.0ms
[56.657s][info][gc,phases      ] GC(338)   Post Evacuate Collection Set: 0.2ms
[56.657s][info][gc,phases      ] GC(338)   Other: 0.1ms
[56.657s][info][gc,heap        ] GC(338) Eden regions: 22->0(22)
[56.657s][info][gc,heap        ] GC(338) Survivor regions: 3->3(4)
[56.657s][info][gc,heap        ] GC(338) Old regions: 464->464
[56.657s][info][gc,heap        ] GC(338) Archive regions: 0->0
[56.657s][info][gc,heap        ] GC(338) Humongous regions: 3->3
[56.657s][info][gc,metaspace   ] GC(338) Metaspace: 16677K(17344K)->16677K(17344K) NonClass: 14257K(14656K)->14257K(14656K) Class: 2419K(2688K)->2419K(2688K)
[56.657s][info][gc             ] GC(338) Pause Young (Normal) (G1 Evacuation Pause) 485M->463M(512M) 1.956ms
[56.657s][info][gc,cpu         ] GC(338) User=0.00s Sys=0.00s Real=0.00s
[56.675s][info][gc,marking     ] GC(335) Concurrent Rebuild Remembered Sets and Scrub Regions 46.130ms
[56.675s][info][gc,start       ] GC(335) Pause Cleanup
[56.675s][info][gc             ] GC(335) Pause Cleanup 469M->469M(512M) 0.480ms
[56.675s][info][gc,cpu         ] GC(335) User=0.00s Sys=0.00s Real=0.00s
[56.676s][info][gc,marking     ] GC(335) Concurrent Clear Claimed Marks
[56.676s][info][gc,marking     ] GC(335) Concurrent Clear Claimed Marks 0.030ms
[56.676s][info][gc,marking     ] GC(335) Concurrent Cleanup for Next Mark
[56.676s][info][gc,marking     ] GC(335) Concurrent Cleanup for Next Mark 0.281ms
[56.676s][info][gc             ] GC(335) Concurrent Mark Cycle 197.042ms
[56.712s][info][gc,start       ] GC(339) Pause Young (Prepare Mixed) (G1 Evacuation Pause)
[56.712s][info][gc,task        ] GC(339) Using 12 workers of 33 for evacuation
[56.715s][info][gc,phases      ] GC(339)   Pre Evacuate Collection Set: 0.1ms
[56.715s][info][gc,phases      ] GC(339)   Merge Heap Roots: 0.0ms
[56.715s][info][gc,phases      ] GC(339)   Evacuate Collection Set: 1.6ms
[56.715s][info][gc,phases      ] GC(339)   Post Evacuate Collection Set: 0.3ms
[56.715s][info][gc,phases      ] GC(339)   Other: 0.1ms
[56.715s][info][gc,heap        ] GC(339) Eden regions: 22->0(22)
[56.715s][info][gc,heap        ] GC(339) Survivor regions: 3->3(4)
[56.715s][info][gc,heap        ] GC(339) Old regions: 464->464
[56.715s][info][gc,heap        ] GC(339) Archive regions: 0->0
[56.715s][info][gc,heap        ] GC(339) Humongous regions: 3->3
[56.715s][info][gc,metaspace   ] GC(339) Metaspace: 16677K(17344K)->16677K(17344K) NonClass: 14257K(14656K)->14257K(14656K) Class: 2419K(2688K)->2419K(2688K)
[56.715s][info][gc             ] GC(339) Pause Young (Prepare Mixed) (G1 Evacuation Pause) 485M->463M(512M) 2.580ms
[56.715s][info][gc,cpu         ] GC(339) User=0.00s Sys=0.00s Real=0.00s
[56.762s][info][gc,start       ] GC(340) Pause Young (Mixed) (G1 Evacuation Pause)
[56.762s][info][gc,task        ] GC(340) Using 12 workers of 33 for evacuation
[56.765s][info][gc,phases      ] GC(340)   Pre Evacuate Collection Set: 0.1ms
[56.765s][info][gc,phases      ] GC(340)   Merge Heap Roots: 0.1ms
[56.765s][info][gc,phases      ] GC(340)   Evacuate Collection Set: 2.4ms
[56.765s][info][gc,phases      ] GC(340)   Post Evacuate Collection Set: 0.2ms
[56.765s][info][gc,phases      ] GC(340)   Other: 0.1ms
[56.765s][info][gc,heap        ] GC(340) Eden regions: 22->0(22)
[56.766s][info][gc,heap        ] GC(340) Survivor regions: 3->3(4)
[56.766s][info][gc,heap        ] GC(340) Old regions: 464->454
[56.766s][info][gc,heap        ] GC(340) Archive regions: 0->0
[56.766s][info][gc,heap        ] GC(340) Humongous regions: 3->3
[56.766s][info][gc,metaspace   ] GC(340) Metaspace: 16677K(17344K)->16677K(17344K) NonClass: 14257K(14656K)->14257K(14656K) Class: 2419K(2688K)->2419K(2688K)
[56.766s][info][gc             ] GC(340) Pause Young (Mixed) (G1 Evacuation Pause) 485M->455M(512M) 3.372ms
[56.766s][info][gc,cpu         ] GC(340) User=0.00s Sys=0.00s Real=0.00s
[56.801s][info][gc,start       ] GC(341) Pause Young (Concurrent Start) (G1 Evacuation Pause)
[56.801s][info][gc,task        ] GC(341) Using 12 workers of 33 for evacuation
[56.803s][info][gc,phases      ] GC(341)   Pre Evacuate Collection Set: 0.3ms
[56.803s][info][gc,phases      ] GC(341)   Merge Heap Roots: 0.0ms
[56.803s][info][gc,phases      ] GC(341)   Evacuate Collection Set: 1.4ms
[56.803s][info][gc,phases      ] GC(341)   Post Evacuate Collection Set: 0.3ms
[56.803s][info][gc,phases      ] GC(341)   Other: 0.1ms
[56.803s][info][gc,heap        ] GC(341) Eden regions: 22->0(22)
[56.803s][info][gc,heap        ] GC(341) Survivor regions: 3->3(4)
[56.803s][info][gc,heap        ] GC(341) Old regions: 454->454
[56.803s][info][gc,heap        ] GC(341) Archive regions: 0->0
[56.803s][info][gc,heap        ] GC(341) Humongous regions: 3->3
[56.804s][info][gc,metaspace   ] GC(341) Metaspace: 16677K(17344K)->16677K(17344K) NonClass: 14257K(14656K)->14257K(14656K) Class: 2419K(2688K)->2419K(2688K)
[56.804s][info][gc             ] GC(341) Pause Young (Concurrent Start) (G1 Evacuation Pause) 477M->456M(512M) 2.637ms
[56.804s][info][gc             ] GC(342) Concurrent Mark Cycle
[56.804s][info][gc,cpu         ] GC(341) User=0.02s Sys=0.00s Real=0.02s
[56.804s][info][gc,marking     ] GC(342) Concurrent Scan Root Regions
[56.813s][info][gc,marking     ] GC(342) Concurrent Scan Root Regions 9.476ms
[56.813s][info][gc,marking     ] GC(342) Concurrent Mark
[56.813s][info][gc,marking     ] GC(342) Concurrent Mark From Roots
[56.813s][info][gc,task        ] GC(342) Using 8 workers of 8 for marking
[56.850s][info][gc,start       ] GC(343) Pause Young (Normal) (G1 Evacuation Pause)
[56.850s][info][gc,task        ] GC(343) Using 12 workers of 33 for evacuation
[56.852s][info][gc,phases      ] GC(343)   Pre Evacuate Collection Set: 0.1ms
[56.852s][info][gc,phases      ] GC(343)   Merge Heap Roots: 0.0ms
[56.852s][info][gc,phases      ] GC(343)   Evacuate Collection Set: 0.9ms
[56.852s][info][gc,phases      ] GC(343)   Post Evacuate Collection Set: 0.2ms
[56.852s][info][gc,phases      ] GC(343)   Other: 0.1ms
[56.852s][info][gc,heap        ] GC(343) Eden regions: 22->0(22)
[56.852s][info][gc,heap        ] GC(343) Survivor regions: 3->3(4)
[56.852s][info][gc,heap        ] GC(343) Old regions: 454->454
[56.852s][info][gc,heap        ] GC(343) Archive regions: 0->0
[56.852s][info][gc,heap        ] GC(343) Humongous regions: 3->3
[56.852s][info][gc,metaspace   ] GC(343) Metaspace: 16677K(17344K)->16677K(17344K) NonClass: 14257K(14656K)->14257K(14656K) Class: 2419K(2688K)->2419K(2688K)
[56.852s][info][gc             ] GC(343) Pause Young (Normal) (G1 Evacuation Pause) 478M->455M(512M) 1.826ms
[56.852s][info][gc,cpu         ] GC(343) User=0.00s Sys=0.00s Real=0.00s
[56.906s][info][gc,start       ] GC(344) Pause Young (Normal) (G1 Evacuation Pause)
[56.906s][info][gc,task        ] GC(344) Using 12 workers of 33 for evacuation
[56.908s][info][gc,phases      ] GC(344)   Pre Evacuate Collection Set: 0.1ms
[56.908s][info][gc,phases      ] GC(344)   Merge Heap Roots: 0.0ms
[56.908s][info][gc,phases      ] GC(344)   Evacuate Collection Set: 0.9ms
[56.908s][info][gc,phases      ] GC(344)   Post Evacuate Collection Set: 0.2ms
[56.908s][info][gc,phases      ] GC(344)   Other: 0.1ms
[56.908s][info][gc,heap        ] GC(344) Eden regions: 22->0(22)
[56.908s][info][gc,heap        ] GC(344) Survivor regions: 3->3(4)
[56.908s][info][gc,heap        ] GC(344) Old regions: 454->454
[56.908s][info][gc,heap        ] GC(344) Archive regions: 0->0
[56.908s][info][gc,heap        ] GC(344) Humongous regions: 3->3
[56.908s][info][gc,metaspace   ] GC(344) Metaspace: 16677K(17344K)->16677K(17344K) NonClass: 14257K(14656K)->14257K(14656K) Class: 2419K(2688K)->2419K(2688K)
[56.908s][info][gc             ] GC(344) Pause Young (Normal) (G1 Evacuation Pause) 477M->455M(512M) 1.806ms
[56.908s][info][gc,cpu         ] GC(344) User=0.00s Sys=0.00s Real=0.00s
[56.937s][info][gc,marking     ] GC(342) Concurrent Mark From Roots 123.779ms
[56.937s][info][gc,marking     ] GC(342) Concurrent Preclean
[56.937s][info][gc,marking     ] GC(342) Concurrent Preclean 0.078ms
[56.937s][info][gc,start       ] GC(342) Pause Remark
[56.938s][info][gc             ] GC(342) Pause Remark 470M->470M(512M) 1.003ms
[56.938s][info][gc,cpu         ] GC(342) User=0.00s Sys=0.00s Real=0.00s
[56.938s][info][gc,marking     ] GC(342) Concurrent Mark 125.177ms
[56.938s][info][gc,marking     ] GC(342) Concurrent Rebuild Remembered Sets and Scrub Regions
[56.964s][info][gc,start       ] GC(345) Pause Young (Normal) (G1 Evacuation Pause)
[56.964s][info][gc,task        ] GC(345) Using 12 workers of 33 for evacuation
[56.965s][info][gc,phases      ] GC(345)   Pre Evacuate Collection Set: 0.1ms
[56.965s][info][gc,phases      ] GC(345)   Merge Heap Roots: 0.0ms
[56.965s][info][gc,phases      ] GC(345)   Evacuate Collection Set: 0.8ms
[56.965s][info][gc,phases      ] GC(345)   Post Evacuate Collection Set: 0.2ms
[56.966s][info][gc,phases      ] GC(345)   Other: 0.1ms
[56.966s][info][gc,heap        ] GC(345) Eden regions: 22->0(24)
[56.966s][info][gc,heap        ] GC(345) Survivor regions: 3->2(4)
[56.966s][info][gc,heap        ] GC(345) Old regions: 454->454
[56.966s][info][gc,heap        ] GC(345) Archive regions: 0->0
[56.966s][info][gc,heap        ] GC(345) Humongous regions: 3->3
[56.966s][info][gc,metaspace   ] GC(345) Metaspace: 16677K(17344K)->16677K(17344K) NonClass: 14257K(14656K)->14257K(14656K) Class: 2419K(2688K)->2419K(2688K)
[56.966s][info][gc             ] GC(345) Pause Young (Normal) (G1 Evacuation Pause) 477M->455M(512M) 1.767ms
[56.966s][info][gc,cpu         ] GC(345) User=0.00s Sys=0.00s Real=0.00s
[56.978s][info][gc,marking     ] GC(342) Concurrent Rebuild Remembered Sets and Scrub Regions 39.236ms
[56.978s][info][gc,start       ] GC(342) Pause Cleanup
[56.978s][info][gc             ] GC(342) Pause Cleanup 459M->459M(512M) 0.566ms
[56.978s][info][gc,cpu         ] GC(342) User=0.00s Sys=0.00s Real=0.00s
[56.978s][info][gc,marking     ] GC(342) Concurrent Clear Claimed Marks
[56.978s][info][gc,marking     ] GC(342) Concurrent Clear Claimed Marks 0.023ms
[56.978s][info][gc,marking     ] GC(342) Concurrent Cleanup for Next Mark
[56.979s][info][gc,marking     ] GC(342) Concurrent Cleanup for Next Mark 0.271ms
[56.979s][info][gc             ] GC(342) Concurrent Mark Cycle 175.125ms
[57.019s][info][gc,start       ] GC(346) Pause Young (Prepare Mixed) (G1 Evacuation Pause)
[57.020s][info][gc,task        ] GC(346) Using 12 workers of 33 for evacuation
[57.021s][info][gc,phases      ] GC(346)   Pre Evacuate Collection Set: 0.1ms
[57.021s][info][gc,phases      ] GC(346)   Merge Heap Roots: 0.0ms
[57.021s][info][gc,phases      ] GC(346)   Evacuate Collection Set: 1.0ms
[57.021s][info][gc,phases      ] GC(346)   Post Evacuate Collection Set: 0.3ms
[57.021s][info][gc,phases      ] GC(346)   Other: 0.1ms
[57.021s][info][gc,heap        ] GC(346) Eden regions: 24->0(24)
[57.021s][info][gc,heap        ] GC(346) Survivor regions: 2->2(4)
[57.021s][info][gc,heap        ] GC(346) Old regions: 454->454
[57.021s][info][gc,heap        ] GC(346) Archive regions: 0->0
[57.021s][info][gc,heap        ] GC(346) Humongous regions: 3->3
[57.021s][info][gc,metaspace   ] GC(346) Metaspace: 16677K(17344K)->16677K(17344K) NonClass: 14257K(14656K)->14257K(14656K) Class: 2419K(2688K)->2419K(2688K)
[57.021s][info][gc             ] GC(346) Pause Young (Prepare Mixed) (G1 Evacuation Pause) 479M->455M(512M) 1.978ms
[57.021s][info][gc,cpu         ] GC(346) User=0.19s Sys=0.00s Real=0.01s
[57.074s][info][gc,start       ] GC(347) Pause Young (Mixed) (G1 Evacuation Pause)
[57.074s][info][gc,task        ] GC(347) Using 12 workers of 33 for evacuation
[57.082s][info][gc,phases      ] GC(347)   Pre Evacuate Collection Set: 0.1ms
[57.083s][info][gc,phases      ] GC(347)   Merge Heap Roots: 0.2ms
[57.083s][info][gc,phases      ] GC(347)   Evacuate Collection Set: 7.5ms
[57.083s][info][gc,phases      ] GC(347)   Post Evacuate Collection Set: 0.3ms
[57.083s][info][gc,phases      ] GC(347)   Other: 0.1ms
[57.083s][info][gc,heap        ] GC(347) Eden regions: 24->0(53)
[57.083s][info][gc,heap        ] GC(347) Survivor regions: 2->1(4)
[57.083s][info][gc,heap        ] GC(347) Old regions: 454->427
[57.083s][info][gc,heap        ] GC(347) Archive regions: 0->0
[57.083s][info][gc,heap        ] GC(347) Humongous regions: 3->3
[57.083s][info][gc,metaspace   ] GC(347) Metaspace: 16677K(17344K)->16677K(17344K) NonClass: 14257K(14656K)->14257K(14656K) Class: 2419K(2688K)->2419K(2688K)
[57.083s][info][gc             ] GC(347) Pause Young (Mixed) (G1 Evacuation Pause) 479M->429M(512M) 8.679ms
[57.083s][info][gc,cpu         ] GC(347) User=0.08s Sys=0.02s Real=0.02s
[57.892s][info][gc,start       ] GC(348) Pause Young (Concurrent Start) (G1 Evacuation Pause)
[57.892s][info][gc,task        ] GC(348) Using 12 workers of 33 for evacuation
[57.894s][info][gc,phases      ] GC(348)   Pre Evacuate Collection Set: 0.3ms
[57.894s][info][gc,phases      ] GC(348)   Merge Heap Roots: 0.1ms
[57.894s][info][gc,phases      ] GC(348)   Evacuate Collection Set: 1.2ms
[57.894s][info][gc,phases      ] GC(348)   Post Evacuate Collection Set: 0.5ms
[57.894s][info][gc,phases      ] GC(348)   Other: 0.1ms
[57.894s][info][gc,heap        ] GC(348) Eden regions: 53->0(49)
[57.894s][info][gc,heap        ] GC(348) Survivor regions: 1->3(7)
[57.894s][info][gc,heap        ] GC(348) Old regions: 427->427
[57.894s][info][gc,heap        ] GC(348) Archive regions: 0->0
[57.894s][info][gc,heap        ] GC(348) Humongous regions: 3->3
[57.894s][info][gc,metaspace   ] GC(348) Metaspace: 16792K(17408K)->16792K(17408K) NonClass: 14348K(14720K)->14348K(14720K) Class: 2443K(2688K)->2443K(2688K)
[57.894s][info][gc             ] GC(348) Pause Young (Concurrent Start) (G1 Evacuation Pause) 482M->431M(512M) 2.638ms
[57.894s][info][gc             ] GC(349) Concurrent Mark Cycle
[57.894s][info][gc,cpu         ] GC(348) User=0.19s Sys=0.00s Real=0.02s
[57.894s][info][gc,marking     ] GC(349) Concurrent Scan Root Regions
[57.896s][info][gc,marking     ] GC(349) Concurrent Scan Root Regions 1.883ms
[57.896s][info][gc,marking     ] GC(349) Concurrent Mark
[57.896s][info][gc,marking     ] GC(349) Concurrent Mark From Roots
[57.896s][info][gc,task        ] GC(349) Using 8 workers of 8 for marking
[57.903s][info][gc,marking     ] GC(349) Concurrent Mark From Roots 6.723ms
[57.903s][info][gc,marking     ] GC(349) Concurrent Preclean
[57.903s][info][gc,marking     ] GC(349) Concurrent Preclean 0.046ms
[57.903s][info][gc,start       ] GC(349) Pause Remark
[57.905s][info][gc             ] GC(349) Pause Remark 432M->68M(234M) 1.635ms
[57.905s][info][gc,cpu         ] GC(349) User=0.00s Sys=0.00s Real=0.00s
[57.905s][info][gc,marking     ] GC(349) Concurrent Mark 8.739ms
[57.905s][info][gc,marking     ] GC(349) Concurrent Rebuild Remembered Sets and Scrub Regions
[57.908s][info][gc,marking     ] GC(349) Concurrent Rebuild Remembered Sets and Scrub Regions 2.929ms
[57.908s][info][gc,start       ] GC(349) Pause Cleanup
[57.908s][info][gc             ] GC(349) Pause Cleanup 68M->68M(234M) 0.271ms
[57.908s][info][gc,cpu         ] GC(349) User=0.02s Sys=0.00s Real=0.02s
[57.909s][info][gc,marking     ] GC(349) Concurrent Clear Claimed Marks
[57.909s][info][gc,marking     ] GC(349) Concurrent Clear Claimed Marks 0.043ms
[57.909s][info][gc,marking     ] GC(349) Concurrent Cleanup for Next Mark
[57.909s][info][gc,marking     ] GC(349) Concurrent Cleanup for Next Mark 0.252ms
[57.909s][info][gc             ] GC(349) Concurrent Mark Cycle 14.543ms
[58.885s][info][gc,start       ] GC(350) Pause Full (System.gc())
[58.885s][info][gc,task        ] GC(350) Using 8 workers of 33 for full compaction
[58.885s][info][gc,phases,start] GC(350) Phase 1: Mark live objects
[58.900s][info][gc,phases      ] GC(350) Phase 1: Mark live objects 14.920ms
[58.900s][info][gc,phases,start] GC(350) Phase 2: Prepare compaction
[58.901s][info][gc,phases      ] GC(350) Phase 2: Prepare compaction 1.131ms
[58.901s][info][gc,phases,start] GC(350) Phase 3: Adjust pointers
[58.905s][info][gc,phases      ] GC(350) Phase 3: Adjust pointers 3.339ms
[58.905s][info][gc,phases,start] GC(350) Phase 4: Compact heap
[58.905s][info][gc,phases      ] GC(350) Phase 4: Compact heap 0.621ms
[58.909s][info][gc,heap        ] GC(350) Eden regions: 52->0(41)
[58.909s][info][gc,heap        ] GC(350) Survivor regions: 3->0(7)
[58.909s][info][gc,heap        ] GC(350) Old regions: 66->21
[58.909s][info][gc,heap        ] GC(350) Archive regions: 0->0
[58.909s][info][gc,heap        ] GC(350) Humongous regions: 0->0
[58.909s][info][gc,metaspace   ] GC(350) Metaspace: 16792K(17408K)->16707K(17408K) NonClass: 14348K(14720K)->14287K(14720K) Class: 2443K(2688K)->2419K(2688K)
[58.909s][info][gc             ] GC(350) Pause Full (System.gc()) 119M->15M(70M) 24.828ms
[58.909s][info][gc,cpu         ] GC(350) User=0.13s Sys=0.00s Real=0.02s
[59.936s][info][gc,start       ] GC(351) Pause Young (Concurrent Start) (G1 Evacuation Pause)
[59.937s][info][gc,task        ] GC(351) Using 5 workers of 33 for evacuation
[59.953s][info][gc,phases      ] GC(351)   Pre Evacuate Collection Set: 0.2ms
[59.953s][info][gc,phases      ] GC(351)   Merge Heap Roots: 0.1ms
[59.953s][info][gc,phases      ] GC(351)   Evacuate Collection Set: 15.1ms
[59.953s][info][gc,phases      ] GC(351)   Post Evacuate Collection Set: 0.6ms
[59.953s][info][gc,phases      ] GC(351)   Other: 0.1ms
[59.953s][info][gc,heap        ] GC(351) Eden regions: 41->0(36)
[59.953s][info][gc,heap        ] GC(351) Survivor regions: 0->4(6)
[59.953s][info][gc,heap        ] GC(351) Old regions: 21->21
[59.953s][info][gc,heap        ] GC(351) Archive regions: 0->0
[59.953s][info][gc,heap        ] GC(351) Humongous regions: 0->0
[59.953s][info][gc,metaspace   ] GC(351) Metaspace: 16711K(17408K)->16711K(17408K) NonClass: 14290K(14720K)->14290K(14720K) Class: 2420K(2688K)->2420K(2688K)
[59.953s][info][gc             ] GC(351) Pause Young (Concurrent Start) (G1 Evacuation Pause) 56M->18M(70M) 16.612ms
[59.953s][info][gc             ] GC(352) Concurrent Mark Cycle
[59.953s][info][gc,cpu         ] GC(351) User=0.08s Sys=0.00s Real=0.02s
[59.953s][info][gc,marking     ] GC(352) Concurrent Scan Root Regions
[59.957s][info][gc,marking     ] GC(352) Concurrent Scan Root Regions 3.895ms
[59.957s][info][gc,marking     ] GC(352) Concurrent Mark
[59.957s][info][gc,marking     ] GC(352) Concurrent Mark From Roots
[59.957s][info][gc,task        ] GC(352) Using 8 workers of 8 for marking
[59.963s][info][gc,marking     ] GC(352) Concurrent Mark From Roots 5.649ms
[59.963s][info][gc,marking     ] GC(352) Concurrent Preclean
[59.963s][info][gc,marking     ] GC(352) Concurrent Preclean 0.043ms
[59.963s][info][gc,start       ] GC(352) Pause Remark
[59.964s][info][gc             ] GC(352) Pause Remark 20M->20M(70M) 1.338ms
[59.964s][info][gc,cpu         ] GC(352) User=0.00s Sys=0.00s Real=0.00s
[59.964s][info][gc,marking     ] GC(352) Concurrent Mark 7.304ms
[59.964s][info][gc,marking     ] GC(352) Concurrent Rebuild Remembered Sets and Scrub Regions
[59.967s][info][gc,marking     ] GC(352) Concurrent Rebuild Remembered Sets and Scrub Regions 2.429ms
[59.967s][info][gc,start       ] GC(352) Pause Cleanup
[59.967s][info][gc             ] GC(352) Pause Cleanup 20M->20M(70M) 0.136ms
[59.967s][info][gc,cpu         ] GC(352) User=0.00s Sys=0.00s Real=0.00s
[59.967s][info][gc,marking     ] GC(352) Concurrent Clear Claimed Marks
[59.967s][info][gc,marking     ] GC(352) Concurrent Clear Claimed Marks 0.035ms
[59.967s][info][gc,marking     ] GC(352) Concurrent Cleanup for Next Mark
[59.967s][info][gc,marking     ] GC(352) Concurrent Cleanup for Next Mark 0.140ms
[59.967s][info][gc             ] GC(352) Concurrent Mark Cycle 14.326ms
[61.885s][info][gc,start       ] GC(353) Pause Young (Prepare Mixed) (G1 Evacuation Pause)
[61.885s][info][gc,task        ] GC(353) Using 3 workers of 33 for evacuation
[61.890s][info][gc,phases      ] GC(353)   Pre Evacuate Collection Set: 0.1ms
[61.890s][info][gc,phases      ] GC(353)   Merge Heap Roots: 0.1ms
[61.890s][info][gc,phases      ] GC(353)   Evacuate Collection Set: 4.2ms
[61.890s][info][gc,phases      ] GC(353)   Post Evacuate Collection Set: 0.5ms
[61.890s][info][gc,phases      ] GC(353)   Other: 0.1ms
[61.890s][info][gc,heap        ] GC(353) Eden regions: 36->0(37)
[61.890s][info][gc,heap        ] GC(353) Survivor regions: 4->2(5)
[61.890s][info][gc,heap        ] GC(353) Old regions: 21->22
[61.890s][info][gc,heap        ] GC(353) Archive regions: 0->0
[61.890s][info][gc,heap        ] GC(353) Humongous regions: 0->0
[61.890s][info][gc,metaspace   ] GC(353) Metaspace: 16711K(17408K)->16711K(17408K) NonClass: 14291K(14720K)->14291K(14720K) Class: 2420K(2688K)->2420K(2688K)
[61.891s][info][gc             ] GC(353) Pause Young (Prepare Mixed) (G1 Evacuation Pause) 54M->17M(70M) 5.437ms
[61.891s][info][gc,cpu         ] GC(353) User=0.02s Sys=0.00s Real=0.02s
[61.899s][info][gc,start       ] GC(354) Pause Young (Mixed) (G1 Evacuation Pause)
[61.899s][info][gc,task        ] GC(354) Using 2 workers of 33 for evacuation
[61.904s][info][gc,phases      ] GC(354)   Pre Evacuate Collection Set: 0.1ms
[61.904s][info][gc,phases      ] GC(354)   Merge Heap Roots: 0.1ms
[61.904s][info][gc,phases      ] GC(354)   Evacuate Collection Set: 4.6ms
[61.904s][info][gc,phases      ] GC(354)   Post Evacuate Collection Set: 0.4ms
[61.905s][info][gc,phases      ] GC(354)   Other: 0.1ms
[61.905s][info][gc,heap        ] GC(354) Eden regions: 37->0(40)
[61.905s][info][gc,heap        ] GC(354) Survivor regions: 2->2(5)
[61.905s][info][gc,heap        ] GC(354) Old regions: 22->19
[61.905s][info][gc,heap        ] GC(354) Archive regions: 0->0
[61.905s][info][gc,heap        ] GC(354) Humongous regions: 0->0
[61.905s][info][gc,metaspace   ] GC(354) Metaspace: 16711K(17408K)->16711K(17408K) NonClass: 14291K(14720K)->14291K(14720K) Class: 2420K(2688K)->2420K(2688K)
[61.905s][info][gc             ] GC(354) Pause Young (Mixed) (G1 Evacuation Pause) 54M->16M(70M) 5.660ms
[61.905s][info][gc,cpu         ] GC(354) User=0.00s Sys=0.00s Real=0.00s
[61.913s][info][gc,start       ] GC(355) Pause Young (Concurrent Start) (G1 Evacuation Pause)
[61.913s][info][gc,task        ] GC(355) Using 2 workers of 33 for evacuation
[61.918s][info][gc,phases      ] GC(355)   Pre Evacuate Collection Set: 0.2ms
[61.918s][info][gc,phases      ] GC(355)   Merge Heap Roots: 0.1ms
[61.918s][info][gc,phases      ] GC(355)   Evacuate Collection Set: 4.3ms
[61.918s][info][gc,phases      ] GC(355)   Post Evacuate Collection Set: 0.4ms
[61.918s][info][gc,phases      ] GC(355)   Other: 0.1ms
[61.918s][info][gc,heap        ] GC(355) Eden regions: 40->0(40)
[61.918s][info][gc,heap        ] GC(355) Survivor regions: 2->2(6)
[61.918s][info][gc,heap        ] GC(355) Old regions: 19->19
[61.918s][info][gc,heap        ] GC(355) Archive regions: 0->0
[61.918s][info][gc,heap        ] GC(355) Humongous regions: 0->0
[61.918s][info][gc,metaspace   ] GC(355) Metaspace: 16711K(17408K)->16711K(17408K) NonClass: 14291K(14720K)->14291K(14720K) Class: 2420K(2688K)->2420K(2688K)
[61.918s][info][gc             ] GC(355) Pause Young (Concurrent Start) (G1 Evacuation Pause) 56M->17M(70M) 5.460ms
[61.918s][info][gc,cpu         ] GC(355) User=0.00s Sys=0.00s Real=0.00s
[61.918s][info][gc             ] GC(356) Concurrent Mark Cycle
[61.918s][info][gc,marking     ] GC(356) Concurrent Scan Root Regions
[61.922s][info][gc,marking     ] GC(356) Concurrent Scan Root Regions 3.879ms
[61.922s][info][gc,marking     ] GC(356) Concurrent Mark
[61.922s][info][gc,marking     ] GC(356) Concurrent Mark From Roots
[61.922s][info][gc,task        ] GC(356) Using 8 workers of 8 for marking
[61.926s][info][gc,start       ] GC(357) Pause Young (Normal) (G1 Evacuation Pause)
[61.926s][info][gc,task        ] GC(357) Using 2 workers of 33 for evacuation
[61.935s][info][gc,phases      ] GC(357)   Pre Evacuate Collection Set: 0.1ms
[61.935s][info][gc,phases      ] GC(357)   Merge Heap Roots: 0.0ms
[61.935s][info][gc,phases      ] GC(357)   Evacuate Collection Set: 5.1ms
[61.935s][info][gc,phases      ] GC(357)   Post Evacuate Collection Set: 3.0ms
[61.935s][info][gc,phases      ] GC(357)   Other: 0.1ms
[61.935s][info][gc,heap        ] GC(357) Eden regions: 40->0(172)
[61.935s][info][gc,heap        ] GC(357) Survivor regions: 2->2(6)
[61.935s][info][gc,heap        ] GC(357) Old regions: 19->19
[61.935s][info][gc,heap        ] GC(357) Archive regions: 0->0
[61.935s][info][gc,heap        ] GC(357) Humongous regions: 0->0
[61.935s][info][gc,metaspace   ] GC(357) Metaspace: 16711K(17408K)->16711K(17408K) NonClass: 14291K(14720K)->14291K(14720K) Class: 2420K(2688K)->2420K(2688K)
[61.935s][info][gc             ] GC(357) Pause Young (Normal) (G1 Evacuation Pause) 57M->17M(291M) 8.827ms
[61.935s][info][gc,cpu         ] GC(357) User=0.02s Sys=0.00s Real=0.02s
[61.939s][info][gc,marking     ] GC(356) Concurrent Mark From Roots 16.857ms
[61.939s][info][gc,marking     ] GC(356) Concurrent Preclean
[61.939s][info][gc,marking     ] GC(356) Concurrent Preclean 0.191ms
[61.940s][info][gc,start       ] GC(356) Pause Remark
[61.943s][info][gc             ] GC(356) Pause Remark 22M->22M(90M) 2.800ms
[61.943s][info][gc,cpu         ] GC(356) User=0.00s Sys=0.00s Real=0.00s
[61.943s][info][gc,marking     ] GC(356) Concurrent Mark 20.445ms
[61.943s][info][gc,marking     ] GC(356) Concurrent Rebuild Remembered Sets and Scrub Regions
[61.946s][info][gc,marking     ] GC(356) Concurrent Rebuild Remembered Sets and Scrub Regions 3.627ms
[61.947s][info][gc,start       ] GC(356) Pause Cleanup
[61.948s][info][gc             ] GC(356) Pause Cleanup 27M->27M(90M) 0.121ms
[61.948s][info][gc,cpu         ] GC(356) User=0.00s Sys=0.00s Real=0.00s
[61.948s][info][gc,marking     ] GC(356) Concurrent Clear Claimed Marks
[61.948s][info][gc,marking     ] GC(356) Concurrent Clear Claimed Marks 0.127ms
[61.948s][info][gc,marking     ] GC(356) Concurrent Cleanup for Next Mark
[61.949s][info][gc,marking     ] GC(356) Concurrent Cleanup for Next Mark 0.927ms
[61.949s][info][gc             ] GC(356) Concurrent Mark Cycle 30.640ms
[61.965s][info][gc,start       ] GC(358) Pause Young (Prepare Mixed) (G1 Evacuation Pause)
[61.965s][info][gc,task        ] GC(358) Using 2 workers of 33 for evacuation
[61.970s][info][gc,phases      ] GC(358)   Pre Evacuate Collection Set: 0.1ms
[61.970s][info][gc,phases      ] GC(358)   Merge Heap Roots: 0.0ms
[61.970s][info][gc,phases      ] GC(358)   Evacuate Collection Set: 4.0ms
[61.970s][info][gc,phases      ] GC(358)   Post Evacuate Collection Set: 0.3ms
[61.970s][info][gc,phases      ] GC(358)   Other: 0.1ms
[61.970s][info][gc,heap        ] GC(358) Eden regions: 69->0(53)
[61.970s][info][gc,heap        ] GC(358) Survivor regions: 2->2(22)
[61.970s][info][gc,heap        ] GC(358) Old regions: 19->19
[61.970s][info][gc,heap        ] GC(358) Archive regions: 0->0
[61.970s][info][gc,heap        ] GC(358) Humongous regions: 0->0
[61.970s][info][gc,metaspace   ] GC(358) Metaspace: 16711K(17408K)->16711K(17408K) NonClass: 14291K(14720K)->14291K(14720K) Class: 2420K(2688K)->2420K(2688K)
[61.970s][info][gc             ] GC(358) Pause Young (Prepare Mixed) (G1 Evacuation Pause) 86M->17M(92M) 4.699ms
[61.970s][info][gc,cpu         ] GC(358) User=0.02s Sys=0.00s Real=0.02s
[61.976s][info][gc,start       ] GC(359) Pause Young (Mixed) (G1 Evacuation Pause)
[61.976s][info][gc,task        ] GC(359) Using 2 workers of 33 for evacuation
[61.980s][info][gc,phases      ] GC(359)   Pre Evacuate Collection Set: 0.1ms
[61.980s][info][gc,phases      ] GC(359)   Merge Heap Roots: 0.0ms
[61.980s][info][gc,phases      ] GC(359)   Evacuate Collection Set: 3.2ms
[61.980s][info][gc,phases      ] GC(359)   Post Evacuate Collection Set: 0.2ms
[61.980s][info][gc,phases      ] GC(359)   Other: 0.1ms
[61.980s][info][gc,heap        ] GC(359) Eden regions: 53->0(53)
[61.980s][info][gc,heap        ] GC(359) Survivor regions: 2->2(7)
[61.980s][info][gc,heap        ] GC(359) Old regions: 19->19
[61.980s][info][gc,heap        ] GC(359) Archive regions: 0->0
[61.980s][info][gc,heap        ] GC(359) Humongous regions: 0->0
[61.980s][info][gc,metaspace   ] GC(359) Metaspace: 16711K(17408K)->16711K(17408K) NonClass: 14291K(14720K)->14291K(14720K) Class: 2420K(2688K)->2420K(2688K)
[61.980s][info][gc             ] GC(359) Pause Young (Mixed) (G1 Evacuation Pause) 70M->16M(92M) 3.804ms
[61.980s][info][gc,cpu         ] GC(359) User=0.00s Sys=0.00s Real=0.00s
[61.986s][info][gc,start       ] GC(360) Pause Young (Concurrent Start) (G1 Evacuation Pause)
[61.986s][info][gc,task        ] GC(360) Using 2 workers of 33 for evacuation
[61.989s][info][gc,phases      ] GC(360)   Pre Evacuate Collection Set: 0.2ms
[61.989s][info][gc,phases      ] GC(360)   Merge Heap Roots: 0.0ms
[61.989s][info][gc,phases      ] GC(360)   Evacuate Collection Set: 2.7ms
[61.989s][info][gc,phases      ] GC(360)   Post Evacuate Collection Set: 0.3ms
[61.989s][info][gc,phases      ] GC(360)   Other: 0.1ms
[61.989s][info][gc,heap        ] GC(360) Eden regions: 53->0(53)
[61.989s][info][gc,heap        ] GC(360) Survivor regions: 2->2(7)
[61.989s][info][gc,heap        ] GC(360) Old regions: 19->19
[61.989s][info][gc,heap        ] GC(360) Archive regions: 0->0
[61.989s][info][gc,heap        ] GC(360) Humongous regions: 0->0
[61.989s][info][gc,metaspace   ] GC(360) Metaspace: 16711K(17408K)->16711K(17408K) NonClass: 14291K(14720K)->14291K(14720K) Class: 2420K(2688K)->2420K(2688K)
[61.989s][info][gc             ] GC(360) Pause Young (Concurrent Start) (G1 Evacuation Pause) 69M->17M(92M) 3.421ms
[61.989s][info][gc,cpu         ] GC(360) User=0.00s Sys=0.00s Real=0.00s
[61.989s][info][gc             ] GC(361) Concurrent Mark Cycle
[61.989s][info][gc,marking     ] GC(361) Concurrent Scan Root Regions
[61.991s][info][gc,marking     ] GC(361) Concurrent Scan Root Regions 1.868ms
[61.991s][info][gc,marking     ] GC(361) Concurrent Mark
[61.991s][info][gc,marking     ] GC(361) Concurrent Mark From Roots
[61.991s][info][gc,task        ] GC(361) Using 8 workers of 8 for marking
[61.997s][info][gc,start       ] GC(362) Pause Young (Normal) (G1 Evacuation Pause)
[61.997s][info][gc,task        ] GC(362) Using 2 workers of 33 for evacuation
[62.000s][info][gc,phases      ] GC(362)   Pre Evacuate Collection Set: 0.1ms
[62.000s][info][gc,phases      ] GC(362)   Merge Heap Roots: 0.0ms
[62.000s][info][gc,phases      ] GC(362)   Evacuate Collection Set: 3.3ms
[62.000s][info][gc,phases      ] GC(362)   Post Evacuate Collection Set: 0.2ms
[62.000s][info][gc,phases      ] GC(362)   Other: 0.1ms
[62.000s][info][gc,heap        ] GC(362) Eden regions: 53->0(53)
[62.000s][info][gc,heap        ] GC(362) Survivor regions: 2->2(7)
[62.000s][info][gc,heap        ] GC(362) Old regions: 19->19
[62.000s][info][gc,heap        ] GC(362) Archive regions: 0->0
[62.001s][info][gc,heap        ] GC(362) Humongous regions: 0->0
[62.001s][info][gc,metaspace   ] GC(362) Metaspace: 16711K(17408K)->16711K(17408K) NonClass: 14291K(14720K)->14291K(14720K) Class: 2420K(2688K)->2420K(2688K)
[62.001s][info][gc             ] GC(362) Pause Young (Normal) (G1 Evacuation Pause) 70M->17M(92M) 3.905ms
[62.001s][info][gc,cpu         ] GC(362) User=0.00s Sys=0.00s Real=0.00s
[62.002s][info][gc,marking     ] GC(361) Concurrent Mark From Roots 10.741ms
[62.002s][info][gc,marking     ] GC(361) Concurrent Preclean
[62.002s][info][gc,marking     ] GC(361) Concurrent Preclean 0.052ms
[62.002s][info][gc,start       ] GC(361) Pause Remark
[62.004s][info][gc             ] GC(361) Pause Remark 30M->30M(92M) 1.889ms
[62.004s][info][gc,cpu         ] GC(361) User=0.00s Sys=0.00s Real=0.00s
[62.004s][info][gc,marking     ] GC(361) Concurrent Mark 12.999ms
[62.004s][info][gc,marking     ] GC(361) Concurrent Rebuild Remembered Sets and Scrub Regions
[62.007s][info][gc,marking     ] GC(361) Concurrent Rebuild Remembered Sets and Scrub Regions 2.130ms
[62.007s][info][gc,start       ] GC(361) Pause Cleanup
[62.007s][info][gc             ] GC(361) Pause Cleanup 49M->49M(92M) 0.102ms
[62.007s][info][gc,cpu         ] GC(361) User=0.00s Sys=0.00s Real=0.00s
[62.007s][info][gc,marking     ] GC(361) Concurrent Clear Claimed Marks
[62.007s][info][gc,marking     ] GC(361) Concurrent Clear Claimed Marks 0.034ms
[62.007s][info][gc,marking     ] GC(361) Concurrent Cleanup for Next Mark
[62.007s][info][gc,marking     ] GC(361) Concurrent Cleanup for Next Mark 0.244ms
[62.007s][info][gc             ] GC(361) Concurrent Mark Cycle 17.973ms
[62.009s][info][gc,start       ] GC(363) Pause Young (Prepare Mixed) (G1 Evacuation Pause)
[62.009s][info][gc,task        ] GC(363) Using 2 workers of 33 for evacuation
[62.012s][info][gc,phases      ] GC(363)   Pre Evacuate Collection Set: 0.1ms
[62.012s][info][gc,phases      ] GC(363)   Merge Heap Roots: 0.0ms
[62.012s][info][gc,phases      ] GC(363)   Evacuate Collection Set: 2.6ms
[62.012s][info][gc,phases      ] GC(363)   Post Evacuate Collection Set: 0.3ms
[62.012s][info][gc,phases      ] GC(363)   Other: 0.1ms
[62.012s][info][gc,heap        ] GC(363) Eden regions: 53->0(53)
[62.012s][info][gc,heap        ] GC(363) Survivor regions: 2->2(7)
[62.012s][info][gc,heap        ] GC(363) Old regions: 19->19
[62.012s][info][gc,heap        ] GC(363) Archive regions: 0->0
[62.012s][info][gc,heap        ] GC(363) Humongous regions: 0->0
[62.012s][info][gc,metaspace   ] GC(363) Metaspace: 16711K(17408K)->16711K(17408K) NonClass: 14291K(14720K)->14291K(14720K) Class: 2420K(2688K)->2420K(2688K)
[62.012s][info][gc             ] GC(363) Pause Young (Prepare Mixed) (G1 Evacuation Pause) 70M->17M(92M) 3.185ms
[62.012s][info][gc,cpu         ] GC(363) User=0.00s Sys=0.00s Real=0.00s
[62.019s][info][gc,start       ] GC(364) Pause Young (Mixed) (G1 Evacuation Pause)
[62.019s][info][gc,task        ] GC(364) Using 2 workers of 33 for evacuation
[62.024s][info][gc,phases      ] GC(364)   Pre Evacuate Collection Set: 0.1ms
[62.106s][info][gc,phases      ] GC(364)   Merge Heap Roots: 0.0ms
[62.106s][info][gc,phases      ] GC(364)   Evacuate Collection Set: 3.1ms
[62.106s][info][gc,phases      ] GC(364)   Post Evacuate Collection Set: 2.2ms
[62.106s][info][gc,phases      ] GC(364)   Other: 0.1ms
[62.106s][info][gc,heap        ] GC(364) Eden regions: 53->0(179)
[62.106s][info][gc,heap        ] GC(364) Survivor regions: 2->2(7)
[62.106s][info][gc,heap        ] GC(364) Old regions: 19->18
[62.106s][info][gc,heap        ] GC(364) Archive regions: 0->0
[62.106s][info][gc,heap        ] GC(364) Humongous regions: 0->0
[62.107s][info][gc,metaspace   ] GC(364) Metaspace: 16711K(17408K)->16711K(17408K) NonClass: 14291K(14720K)->14291K(14720K) Class: 2420K(2688K)->2420K(2688K)
[62.107s][info][gc             ] GC(364) Pause Young (Mixed) (G1 Evacuation Pause) 70M->17M(302M) 88.025ms
[62.107s][info][gc,cpu         ] GC(364) User=0.02s Sys=0.00s Real=0.08s
[62.228s][info][gc,start       ] GC(365) Pause Young (Concurrent Start) (G1 Evacuation Pause)
[62.228s][info][gc,task        ] GC(365) Using 7 workers of 33 for evacuation
[62.230s][info][gc,phases      ] GC(365)   Pre Evacuate Collection Set: 0.2ms
[62.230s][info][gc,phases      ] GC(365)   Merge Heap Roots: 0.0ms
[62.230s][info][gc,phases      ] GC(365)   Evacuate Collection Set: 1.2ms
[62.230s][info][gc,phases      ] GC(365)   Post Evacuate Collection Set: 0.3ms
[62.230s][info][gc,phases      ] GC(365)   Other: 0.1ms
[62.230s][info][gc,heap        ] GC(365) Eden regions: 179->0(179)
[62.230s][info][gc,heap        ] GC(365) Survivor regions: 2->2(23)
[62.230s][info][gc,heap        ] GC(365) Old regions: 18->18
[62.230s][info][gc,heap        ] GC(365) Archive regions: 0->0
[62.230s][info][gc,heap        ] GC(365) Humongous regions: 0->0
[62.230s][info][gc,metaspace   ] GC(365) Metaspace: 16711K(17408K)->16711K(17408K) NonClass: 14291K(14720K)->14291K(14720K) Class: 2420K(2688K)->2420K(2688K)
[62.230s][info][gc             ] GC(365) Pause Young (Concurrent Start) (G1 Evacuation Pause) 196M->17M(302M) 1.968ms
[62.230s][info][gc             ] GC(366) Concurrent Mark Cycle
[62.230s][info][gc,cpu         ] GC(365) User=0.00s Sys=0.00s Real=0.00s
[62.230s][info][gc,marking     ] GC(366) Concurrent Scan Root Regions
[62.232s][info][gc,marking     ] GC(366) Concurrent Scan Root Regions 1.795ms
[62.232s][info][gc,marking     ] GC(366) Concurrent Mark
[62.232s][info][gc,marking     ] GC(366) Concurrent Mark From Roots
[62.232s][info][gc,task        ] GC(366) Using 8 workers of 8 for marking
[62.237s][info][gc,marking     ] GC(366) Concurrent Mark From Roots 5.214ms
[62.237s][info][gc,marking     ] GC(366) Concurrent Preclean
[62.237s][info][gc,marking     ] GC(366) Concurrent Preclean 0.047ms
[62.238s][info][gc,start       ] GC(366) Pause Remark
[62.238s][info][gc             ] GC(366) Pause Remark 83M->83M(290M) 0.807ms
[62.238s][info][gc,cpu         ] GC(366) User=0.00s Sys=0.00s Real=0.00s
[62.239s][info][gc,marking     ] GC(366) Concurrent Mark 6.399ms
[62.239s][info][gc,marking     ] GC(366) Concurrent Rebuild Remembered Sets and Scrub Regions
[62.241s][info][gc,marking     ] GC(366) Concurrent Rebuild Remembered Sets and Scrub Regions 2.210ms
[62.241s][info][gc,start       ] GC(366) Pause Cleanup
[62.241s][info][gc             ] GC(366) Pause Cleanup 105M->105M(290M) 0.103ms
[62.241s][info][gc,cpu         ] GC(366) User=0.00s Sys=0.00s Real=0.00s
[62.241s][info][gc,marking     ] GC(366) Concurrent Clear Claimed Marks
[62.241s][info][gc,marking     ] GC(366) Concurrent Clear Claimed Marks 0.097ms
[62.241s][info][gc,marking     ] GC(366) Concurrent Cleanup for Next Mark
[62.242s][info][gc,marking     ] GC(366) Concurrent Cleanup for Next Mark 0.660ms
[62.242s][info][gc             ] GC(366) Concurrent Mark Cycle 11.756ms
[62.255s][info][gc,start       ] GC(367) Pause Young (Prepare Mixed) (G1 Evacuation Pause)
[62.255s][info][gc,task        ] GC(367) Using 6 workers of 33 for evacuation
[62.257s][info][gc,phases      ] GC(367)   Pre Evacuate Collection Set: 0.1ms
[62.257s][info][gc,phases      ] GC(367)   Merge Heap Roots: 0.1ms
[62.257s][info][gc,phases      ] GC(367)   Evacuate Collection Set: 1.0ms
[62.257s][info][gc,phases      ] GC(367)   Post Evacuate Collection Set: 0.3ms
[62.257s][info][gc,phases      ] GC(367)   Other: 0.1ms
[62.257s][info][gc,heap        ] GC(367) Eden regions: 179->0(172)
[62.257s][info][gc,heap        ] GC(367) Survivor regions: 2->2(23)
[62.257s][info][gc,heap        ] GC(367) Old regions: 18->18
[62.257s][info][gc,heap        ] GC(367) Archive regions: 0->0
[62.257s][info][gc,heap        ] GC(367) Humongous regions: 0->0
[62.257s][info][gc,metaspace   ] GC(367) Metaspace: 16711K(17408K)->16711K(17408K) NonClass: 14291K(14720K)->14291K(14720K) Class: 2420K(2688K)->2420K(2688K)
[62.257s][info][gc             ] GC(367) Pause Young (Prepare Mixed) (G1 Evacuation Pause) 196M->16M(290M) 1.703ms
[62.257s][info][gc,cpu         ] GC(367) User=0.00s Sys=0.00s Real=0.00s
[62.276s][info][gc,start       ] GC(368) Pause Young (Mixed) (G1 Evacuation Pause)
[62.276s][info][gc,task        ] GC(368) Using 6 workers of 33 for evacuation
[62.277s][info][gc,phases      ] GC(368)   Pre Evacuate Collection Set: 0.1ms
[62.277s][info][gc,phases      ] GC(368)   Merge Heap Roots: 0.1ms
[62.277s][info][gc,phases      ] GC(368)   Evacuate Collection Set: 1.1ms
[62.277s][info][gc,phases      ] GC(368)   Post Evacuate Collection Set: 0.3ms
[62.277s][info][gc,phases      ] GC(368)   Other: 0.1ms
[62.277s][info][gc,heap        ] GC(368) Eden regions: 172->0(172)
[62.277s][info][gc,heap        ] GC(368) Survivor regions: 2->2(22)
[62.277s][info][gc,heap        ] GC(368) Old regions: 18->18
[62.277s][info][gc,heap        ] GC(368) Archive regions: 0->0
[62.277s][info][gc,heap        ] GC(368) Humongous regions: 0->0
[62.277s][info][gc,metaspace   ] GC(368) Metaspace: 16711K(17408K)->16711K(17408K) NonClass: 14291K(14720K)->14291K(14720K) Class: 2420K(2688K)->2420K(2688K)
[62.277s][info][gc             ] GC(368) Pause Young (Mixed) (G1 Evacuation Pause) 188M->17M(290M) 1.742ms
[62.277s][info][gc,cpu         ] GC(368) User=0.00s Sys=0.00s Real=0.00s
[62.296s][info][gc,start       ] GC(369) Pause Young (Concurrent Start) (G1 Evacuation Pause)
[62.296s][info][gc,task        ] GC(369) Using 6 workers of 33 for evacuation
[62.297s][info][gc,phases      ] GC(369)   Pre Evacuate Collection Set: 0.2ms
[62.297s][info][gc,phases      ] GC(369)   Merge Heap Roots: 0.1ms
[62.297s][info][gc,phases      ] GC(369)   Evacuate Collection Set: 1.0ms
[62.297s][info][gc,phases      ] GC(369)   Post Evacuate Collection Set: 0.3ms
[62.297s][info][gc,phases      ] GC(369)   Other: 0.1ms
[62.297s][info][gc,heap        ] GC(369) Eden regions: 172->0(172)
[62.297s][info][gc,heap        ] GC(369) Survivor regions: 2->2(22)
[62.297s][info][gc,heap        ] GC(369) Old regions: 18->18
[62.297s][info][gc,heap        ] GC(369) Archive regions: 0->0
[62.297s][info][gc,heap        ] GC(369) Humongous regions: 0->0
[62.297s][info][gc,metaspace   ] GC(369) Metaspace: 16711K(17408K)->16711K(17408K) NonClass: 14291K(14720K)->14291K(14720K) Class: 2420K(2688K)->2420K(2688K)
[62.297s][info][gc             ] GC(369) Pause Young (Concurrent Start) (G1 Evacuation Pause) 189M->16M(290M) 1.748ms
[62.298s][info][gc             ] GC(370) Concurrent Mark Cycle
[62.298s][info][gc,cpu         ] GC(369) User=0.00s Sys=0.00s Real=0.00s
[62.298s][info][gc,marking     ] GC(370) Concurrent Scan Root Regions
[62.299s][info][gc,marking     ] GC(370) Concurrent Scan Root Regions 1.675ms
[62.299s][info][gc,marking     ] GC(370) Concurrent Mark
[62.299s][info][gc,marking     ] GC(370) Concurrent Mark From Roots
[62.299s][info][gc,task        ] GC(370) Using 8 workers of 8 for marking
[62.304s][info][gc,marking     ] GC(370) Concurrent Mark From Roots 5.117ms
[62.304s][info][gc,marking     ] GC(370) Concurrent Preclean
[62.305s][info][gc,marking     ] GC(370) Concurrent Preclean 0.046ms
[62.305s][info][gc,start       ] GC(370) Pause Remark
[62.306s][info][gc             ] GC(370) Pause Remark 77M->77M(270M) 0.872ms
[62.306s][info][gc,cpu         ] GC(370) User=0.00s Sys=0.00s Real=0.00s
[62.306s][info][gc,marking     ] GC(370) Concurrent Mark 6.348ms
[62.306s][info][gc,marking     ] GC(370) Concurrent Rebuild Remembered Sets and Scrub Regions
[62.308s][info][gc,marking     ] GC(370) Concurrent Rebuild Remembered Sets and Scrub Regions 2.126ms
[62.308s][info][gc,start       ] GC(370) Pause Cleanup
[62.308s][info][gc             ] GC(370) Pause Cleanup 97M->97M(270M) 0.079ms
[62.308s][info][gc,cpu         ] GC(370) User=0.00s Sys=0.00s Real=0.00s
[62.308s][info][gc,marking     ] GC(370) Concurrent Clear Claimed Marks
[62.308s][info][gc,marking     ] GC(370) Concurrent Clear Claimed Marks 0.036ms
[62.308s][info][gc,marking     ] GC(370) Concurrent Cleanup for Next Mark
[62.309s][info][gc,marking     ] GC(370) Concurrent Cleanup for Next Mark 0.531ms
[62.309s][info][gc             ] GC(370) Concurrent Mark Cycle 11.326ms
[62.322s][info][gc,start       ] GC(371) Pause Young (Prepare Mixed) (G1 Evacuation Pause)
[62.323s][info][gc,task        ] GC(371) Using 6 workers of 33 for evacuation
[62.324s][info][gc,phases      ] GC(371)   Pre Evacuate Collection Set: 0.1ms
[62.324s][info][gc,phases      ] GC(371)   Merge Heap Roots: 0.1ms
[62.324s][info][gc,phases      ] GC(371)   Evacuate Collection Set: 1.1ms
[62.324s][info][gc,phases      ] GC(371)   Post Evacuate Collection Set: 0.3ms
[62.324s][info][gc,phases      ] GC(371)   Other: 0.1ms
[62.324s][info][gc,heap        ] GC(371) Eden regions: 172->0(160)
[62.324s][info][gc,heap        ] GC(371) Survivor regions: 2->2(22)
[62.324s][info][gc,heap        ] GC(371) Old regions: 18->18
[62.324s][info][gc,heap        ] GC(371) Archive regions: 0->0
[62.324s][info][gc,heap        ] GC(371) Humongous regions: 0->0
[62.324s][info][gc,metaspace   ] GC(371) Metaspace: 16711K(17408K)->16711K(17408K) NonClass: 14291K(14720K)->14291K(14720K) Class: 2420K(2688K)->2420K(2688K)
[62.324s][info][gc             ] GC(371) Pause Young (Prepare Mixed) (G1 Evacuation Pause) 188M->16M(270M) 1.705ms
[62.324s][info][gc,cpu         ] GC(371) User=0.00s Sys=0.00s Real=0.00s
[62.346s][info][gc,start       ] GC(372) Pause Young (Mixed) (G1 Evacuation Pause)
[62.346s][info][gc,task        ] GC(372) Using 6 workers of 33 for evacuation
[62.347s][info][gc,phases      ] GC(372)   Pre Evacuate Collection Set: 0.1ms
[62.347s][info][gc,phases      ] GC(372)   Merge Heap Roots: 0.0ms
[62.347s][info][gc,phases      ] GC(372)   Evacuate Collection Set: 1.0ms
[62.347s][info][gc,phases      ] GC(372)   Post Evacuate Collection Set: 0.3ms
[62.347s][info][gc,phases      ] GC(372)   Other: 0.1ms
[62.347s][info][gc,heap        ] GC(372) Eden regions: 160->0(160)
[62.347s][info][gc,heap        ] GC(372) Survivor regions: 2->2(21)
[62.347s][info][gc,heap        ] GC(372) Old regions: 18->18
[62.347s][info][gc,heap        ] GC(372) Archive regions: 0->0
[62.347s][info][gc,heap        ] GC(372) Humongous regions: 0->0
[62.347s][info][gc,metaspace   ] GC(372) Metaspace: 16711K(17408K)->16711K(17408K) NonClass: 14291K(14720K)->14291K(14720K) Class: 2420K(2688K)->2420K(2688K)
[62.347s][info][gc             ] GC(372) Pause Young (Mixed) (G1 Evacuation Pause) 176M->16M(270M) 1.671ms
[62.347s][info][gc,cpu         ] GC(372) User=0.00s Sys=0.00s Real=0.00s
[62.366s][info][gc,start       ] GC(373) Pause Young (Concurrent Start) (G1 Evacuation Pause)
[62.366s][info][gc,task        ] GC(373) Using 6 workers of 33 for evacuation
[62.368s][info][gc,phases      ] GC(373)   Pre Evacuate Collection Set: 0.2ms
[62.368s][info][gc,phases      ] GC(373)   Merge Heap Roots: 0.1ms
[62.368s][info][gc,phases      ] GC(373)   Evacuate Collection Set: 1.0ms
[62.368s][info][gc,phases      ] GC(373)   Post Evacuate Collection Set: 0.3ms
[62.368s][info][gc,phases      ] GC(373)   Other: 0.1ms
[62.368s][info][gc,heap        ] GC(373) Eden regions: 160->0(160)
[62.368s][info][gc,heap        ] GC(373) Survivor regions: 2->2(21)
[62.368s][info][gc,heap        ] GC(373) Old regions: 18->18
[62.368s][info][gc,heap        ] GC(373) Archive regions: 0->0
[62.368s][info][gc,heap        ] GC(373) Humongous regions: 0->0
[62.368s][info][gc,metaspace   ] GC(373) Metaspace: 16711K(17408K)->16711K(17408K) NonClass: 14291K(14720K)->14291K(14720K) Class: 2420K(2688K)->2420K(2688K)
[62.368s][info][gc             ] GC(373) Pause Young (Concurrent Start) (G1 Evacuation Pause) 176M->17M(270M) 1.722ms
[62.368s][info][gc             ] GC(374) Concurrent Mark Cycle
[62.368s][info][gc,cpu         ] GC(373) User=0.00s Sys=0.00s Real=0.00s
[62.368s][info][gc,marking     ] GC(374) Concurrent Scan Root Regions
[62.370s][info][gc,marking     ] GC(374) Concurrent Scan Root Regions 1.638ms
[62.370s][info][gc,marking     ] GC(374) Concurrent Mark
[62.370s][info][gc,marking     ] GC(374) Concurrent Mark From Roots
[62.370s][info][gc,task        ] GC(374) Using 8 workers of 8 for marking
[62.375s][info][gc,marking     ] GC(374) Concurrent Mark From Roots 5.426ms
[62.375s][info][gc,marking     ] GC(374) Concurrent Preclean
[62.375s][info][gc,marking     ] GC(374) Concurrent Preclean 0.046ms
[62.375s][info][gc,start       ] GC(374) Pause Remark
[62.376s][info][gc             ] GC(374) Pause Remark 78M->78M(270M) 0.876ms
[62.376s][info][gc,cpu         ] GC(374) User=0.00s Sys=0.00s Real=0.00s
[62.376s][info][gc,marking     ] GC(374) Concurrent Mark 6.682ms
[62.376s][info][gc,marking     ] GC(374) Concurrent Rebuild Remembered Sets and Scrub Regions
[62.379s][info][gc,marking     ] GC(374) Concurrent Rebuild Remembered Sets and Scrub Regions 2.239ms
[62.379s][info][gc,start       ] GC(374) Pause Cleanup
[62.379s][info][gc             ] GC(374) Pause Cleanup 98M->98M(270M) 0.100ms
[62.379s][info][gc,cpu         ] GC(374) User=0.00s Sys=0.00s Real=0.00s
[62.379s][info][gc,marking     ] GC(374) Concurrent Clear Claimed Marks
[62.379s][info][gc,marking     ] GC(374) Concurrent Clear Claimed Marks 0.027ms
[62.379s][info][gc,marking     ] GC(374) Concurrent Cleanup for Next Mark
[62.380s][info][gc,marking     ] GC(374) Concurrent Cleanup for Next Mark 0.547ms
[62.380s][info][gc             ] GC(374) Concurrent Mark Cycle 11.746ms
[62.388s][info][gc,start       ] GC(375) Pause Young (Prepare Mixed) (G1 Evacuation Pause)
[62.388s][info][gc,task        ] GC(375) Using 6 workers of 33 for evacuation
[62.389s][info][gc,phases      ] GC(375)   Pre Evacuate Collection Set: 0.1ms
[62.389s][info][gc,phases      ] GC(375)   Merge Heap Roots: 0.1ms
[62.389s][info][gc,phases      ] GC(375)   Evacuate Collection Set: 0.9ms
[62.389s][info][gc,phases      ] GC(375)   Post Evacuate Collection Set: 0.3ms
[62.389s][info][gc,phases      ] GC(375)   Other: 0.1ms
[62.389s][info][gc,heap        ] GC(375) Eden regions: 160->0(160)
[62.389s][info][gc,heap        ] GC(375) Survivor regions: 2->2(21)
[62.389s][info][gc,heap        ] GC(375) Old regions: 18->18
[62.390s][info][gc,heap        ] GC(375) Archive regions: 0->0
[62.390s][info][gc,heap        ] GC(375) Humongous regions: 0->0
[62.390s][info][gc,metaspace   ] GC(375) Metaspace: 16711K(17408K)->16711K(17408K) NonClass: 14291K(14720K)->14291K(14720K) Class: 2420K(2688K)->2420K(2688K)
[62.390s][info][gc             ] GC(375) Pause Young (Prepare Mixed) (G1 Evacuation Pause) 177M->17M(270M) 1.533ms
[62.390s][info][gc,cpu         ] GC(375) User=0.00s Sys=0.00s Real=0.00s
[62.408s][info][gc,start       ] GC(376) Pause Young (Mixed) (G1 Evacuation Pause)
[62.408s][info][gc,task        ] GC(376) Using 6 workers of 33 for evacuation
[62.410s][info][gc,phases      ] GC(376)   Pre Evacuate Collection Set: 0.1ms
[62.410s][info][gc,phases      ] GC(376)   Merge Heap Roots: 0.1ms
[62.410s][info][gc,phases      ] GC(376)   Evacuate Collection Set: 1.1ms
[62.410s][info][gc,phases      ] GC(376)   Post Evacuate Collection Set: 0.6ms
[62.410s][info][gc,phases      ] GC(376)   Other: 0.1ms
[62.410s][info][gc,heap        ] GC(376) Eden regions: 160->0(189)
[62.410s][info][gc,heap        ] GC(376) Survivor regions: 2->2(21)
[62.410s][info][gc,heap        ] GC(376) Old regions: 18->18
[62.410s][info][gc,heap        ] GC(376) Archive regions: 0->0
[62.410s][info][gc,heap        ] GC(376) Humongous regions: 0->0
[62.410s][info][gc,metaspace   ] GC(376) Metaspace: 16711K(17408K)->16711K(17408K) NonClass: 14291K(14720K)->14291K(14720K) Class: 2420K(2688K)->2420K(2688K)
[62.410s][info][gc             ] GC(376) Pause Young (Mixed) (G1 Evacuation Pause) 177M->17M(319M) 2.014ms
[62.410s][info][gc,cpu         ] GC(376) User=0.00s Sys=0.00s Real=0.00s
[62.451s][info][gc,start       ] GC(377) Pause Young (Concurrent Start) (G1 Evacuation Pause)
[62.451s][info][gc,task        ] GC(377) Using 7 workers of 33 for evacuation
[62.452s][info][gc,phases      ] GC(377)   Pre Evacuate Collection Set: 0.2ms
[62.452s][info][gc,phases      ] GC(377)   Merge Heap Roots: 0.1ms
[62.452s][info][gc,phases      ] GC(377)   Evacuate Collection Set: 0.8ms
[62.452s][info][gc,phases      ] GC(377)   Post Evacuate Collection Set: 0.3ms
[62.452s][info][gc,phases      ] GC(377)   Other: 0.1ms
[62.452s][info][gc,heap        ] GC(377) Eden regions: 189->0(189)
[62.452s][info][gc,heap        ] GC(377) Survivor regions: 2->2(24)
[62.452s][info][gc,heap        ] GC(377) Old regions: 18->18
[62.452s][info][gc,heap        ] GC(377) Archive regions: 0->0
[62.452s][info][gc,heap        ] GC(377) Humongous regions: 0->0
[62.452s][info][gc,metaspace   ] GC(377) Metaspace: 16711K(17408K)->16711K(17408K) NonClass: 14291K(14720K)->14291K(14720K) Class: 2420K(2688K)->2420K(2688K)
[62.452s][info][gc             ] GC(377) Pause Young (Concurrent Start) (G1 Evacuation Pause) 206M->17M(319M) 1.628ms
[62.452s][info][gc             ] GC(378) Concurrent Mark Cycle
[62.452s][info][gc,cpu         ] GC(377) User=0.00s Sys=0.00s Real=0.00s
[62.452s][info][gc,marking     ] GC(378) Concurrent Scan Root Regions
[62.454s][info][gc,marking     ] GC(378) Concurrent Scan Root Regions 1.455ms
[62.454s][info][gc,marking     ] GC(378) Concurrent Mark
[62.454s][info][gc,marking     ] GC(378) Concurrent Mark From Roots
[62.454s][info][gc,task        ] GC(378) Using 8 workers of 8 for marking
[62.459s][info][gc,marking     ] GC(378) Concurrent Mark From Roots 5.351ms
[62.459s][info][gc,marking     ] GC(378) Concurrent Preclean
[62.459s][info][gc,marking     ] GC(378) Concurrent Preclean 0.050ms
[62.459s][info][gc,start       ] GC(378) Pause Remark
[62.460s][info][gc             ] GC(378) Pause Remark 75M->75M(264M) 0.823ms
[62.460s][info][gc,cpu         ] GC(378) User=0.00s Sys=0.00s Real=0.00s
[62.461s][info][gc,marking     ] GC(378) Concurrent Mark 6.790ms
[62.461s][info][gc,marking     ] GC(378) Concurrent Rebuild Remembered Sets and Scrub Regions
[62.463s][info][gc,marking     ] GC(378) Concurrent Rebuild Remembered Sets and Scrub Regions 2.164ms
[62.463s][info][gc,start       ] GC(378) Pause Cleanup
[62.463s][info][gc             ] GC(378) Pause Cleanup 96M->96M(264M) 0.089ms
[62.463s][info][gc,cpu         ] GC(378) User=0.00s Sys=0.00s Real=0.00s
[62.463s][info][gc,marking     ] GC(378) Concurrent Clear Claimed Marks
[62.463s][info][gc,marking     ] GC(378) Concurrent Clear Claimed Marks 0.072ms
[62.463s][info][gc,marking     ] GC(378) Concurrent Cleanup for Next Mark
[62.464s][info][gc,marking     ] GC(378) Concurrent Cleanup for Next Mark 0.673ms
[62.464s][info][gc             ] GC(378) Concurrent Mark Cycle 11.832ms
[62.479s][info][gc,start       ] GC(379) Pause Young (Prepare Mixed) (G1 Evacuation Pause)
[62.479s][info][gc,task        ] GC(379) Using 6 workers of 33 for evacuation
[62.480s][info][gc,phases      ] GC(379)   Pre Evacuate Collection Set: 0.1ms
[62.480s][info][gc,phases      ] GC(379)   Merge Heap Roots: 0.1ms
[62.480s][info][gc,phases      ] GC(379)   Evacuate Collection Set: 0.9ms
[62.480s][info][gc,phases      ] GC(379)   Post Evacuate Collection Set: 0.3ms
[62.480s][info][gc,phases      ] GC(379)   Other: 0.1ms
[62.480s][info][gc,heap        ] GC(379) Eden regions: 189->0(156)
[62.480s][info][gc,heap        ] GC(379) Survivor regions: 2->2(24)
[62.480s][info][gc,heap        ] GC(379) Old regions: 18->18
[62.480s][info][gc,heap        ] GC(379) Archive regions: 0->0
[62.480s][info][gc,heap        ] GC(379) Humongous regions: 0->0
[62.480s][info][gc,metaspace   ] GC(379) Metaspace: 16711K(17408K)->16711K(17408K) NonClass: 14291K(14720K)->14291K(14720K) Class: 2420K(2688K)->2420K(2688K)
[62.480s][info][gc             ] GC(379) Pause Young (Prepare Mixed) (G1 Evacuation Pause) 206M->17M(264M) 1.584ms
[62.480s][info][gc,cpu         ] GC(379) User=0.00s Sys=0.00s Real=0.00s
[62.498s][info][gc,start       ] GC(380) Pause Young (Mixed) (G1 Evacuation Pause)
[62.498s][info][gc,task        ] GC(380) Using 6 workers of 33 for evacuation
[62.499s][info][gc,phases      ] GC(380)   Pre Evacuate Collection Set: 0.1ms
[62.499s][info][gc,phases      ] GC(380)   Merge Heap Roots: 0.0ms
[62.499s][info][gc,phases      ] GC(380)   Evacuate Collection Set: 1.0ms
[62.499s][info][gc,phases      ] GC(380)   Post Evacuate Collection Set: 0.3ms
[62.499s][info][gc,phases      ] GC(380)   Other: 0.1ms
[62.499s][info][gc,heap        ] GC(380) Eden regions: 156->0(156)
[62.499s][info][gc,heap        ] GC(380) Survivor regions: 2->2(20)
[62.499s][info][gc,heap        ] GC(380) Old regions: 18->18
[62.500s][info][gc,heap        ] GC(380) Archive regions: 0->0
[62.500s][info][gc,heap        ] GC(380) Humongous regions: 0->0
[62.500s][info][gc,metaspace   ] GC(380) Metaspace: 16711K(17408K)->16711K(17408K) NonClass: 14291K(14720K)->14291K(14720K) Class: 2420K(2688K)->2420K(2688K)
[62.500s][info][gc             ] GC(380) Pause Young (Mixed) (G1 Evacuation Pause) 173M->16M(264M) 1.677ms
[62.500s][info][gc,cpu         ] GC(380) User=0.00s Sys=0.00s Real=0.00s
[62.517s][info][gc,start       ] GC(381) Pause Young (Concurrent Start) (G1 Evacuation Pause)
[62.517s][info][gc,task        ] GC(381) Using 6 workers of 33 for evacuation
[62.519s][info][gc,phases      ] GC(381)   Pre Evacuate Collection Set: 0.2ms
[62.519s][info][gc,phases      ] GC(381)   Merge Heap Roots: 0.0ms
[62.519s][info][gc,phases      ] GC(381)   Evacuate Collection Set: 0.9ms
[62.519s][info][gc,phases      ] GC(381)   Post Evacuate Collection Set: 0.3ms
[62.519s][info][gc,phases      ] GC(381)   Other: 0.1ms
[62.519s][info][gc,heap        ] GC(381) Eden regions: 156->0(156)
[62.519s][info][gc,heap        ] GC(381) Survivor regions: 2->2(20)
[62.519s][info][gc,heap        ] GC(381) Old regions: 18->18
[62.519s][info][gc,heap        ] GC(381) Archive regions: 0->0
[62.519s][info][gc,heap        ] GC(381) Humongous regions: 0->0
[62.519s][info][gc,metaspace   ] GC(381) Metaspace: 16711K(17408K)->16711K(17408K) NonClass: 14291K(14720K)->14291K(14720K) Class: 2420K(2688K)->2420K(2688K)
[62.519s][info][gc             ] GC(381) Pause Young (Concurrent Start) (G1 Evacuation Pause) 172M->16M(264M) 1.639ms
[62.519s][info][gc             ] GC(382) Concurrent Mark Cycle
[62.519s][info][gc,cpu         ] GC(381) User=0.00s Sys=0.00s Real=0.00s
[62.519s][info][gc,marking     ] GC(382) Concurrent Scan Root Regions
[62.520s][info][gc,marking     ] GC(382) Concurrent Scan Root Regions 1.545ms
[62.520s][info][gc,marking     ] GC(382) Concurrent Mark
[62.520s][info][gc,marking     ] GC(382) Concurrent Mark From Roots
[62.520s][info][gc,task        ] GC(382) Using 8 workers of 8 for marking
[62.526s][info][gc,marking     ] GC(382) Concurrent Mark From Roots 5.353ms
[62.526s][info][gc,marking     ] GC(382) Concurrent Preclean
[62.526s][info][gc,marking     ] GC(382) Concurrent Preclean 0.042ms
[62.526s][info][gc,start       ] GC(382) Pause Remark
[62.527s][info][gc             ] GC(382) Pause Remark 75M->75M(264M) 0.892ms
[62.527s][info][gc,cpu         ] GC(382) User=0.00s Sys=0.00s Real=0.00s
[62.527s][info][gc,marking     ] GC(382) Concurrent Mark 6.627ms
[62.527s][info][gc,marking     ] GC(382) Concurrent Rebuild Remembered Sets and Scrub Regions
[62.529s][info][gc,marking     ] GC(382) Concurrent Rebuild Remembered Sets and Scrub Regions 2.176ms
[62.530s][info][gc,start       ] GC(382) Pause Cleanup
[62.530s][info][gc             ] GC(382) Pause Cleanup 96M->96M(264M) 0.087ms
[62.530s][info][gc,cpu         ] GC(382) User=0.00s Sys=0.00s Real=0.00s
[62.530s][info][gc,marking     ] GC(382) Concurrent Clear Claimed Marks
[62.530s][info][gc,marking     ] GC(382) Concurrent Clear Claimed Marks 0.050ms
[62.530s][info][gc,marking     ] GC(382) Concurrent Cleanup for Next Mark
[62.530s][info][gc,marking     ] GC(382) Concurrent Cleanup for Next Mark 0.519ms
[62.530s][info][gc             ] GC(382) Concurrent Mark Cycle 11.524ms
[62.538s][info][gc,start       ] GC(383) Pause Young (Prepare Mixed) (G1 Evacuation Pause)
[62.539s][info][gc,task        ] GC(383) Using 6 workers of 33 for evacuation
[62.540s][info][gc,phases      ] GC(383)   Pre Evacuate Collection Set: 0.1ms
[62.540s][info][gc,phases      ] GC(383)   Merge Heap Roots: 0.1ms
[62.540s][info][gc,phases      ] GC(383)   Evacuate Collection Set: 0.8ms
[62.540s][info][gc,phases      ] GC(383)   Post Evacuate Collection Set: 0.3ms
[62.540s][info][gc,phases      ] GC(383)   Other: 0.1ms
[62.540s][info][gc,heap        ] GC(383) Eden regions: 156->0(156)
[62.540s][info][gc,heap        ] GC(383) Survivor regions: 2->2(20)
[62.540s][info][gc,heap        ] GC(383) Old regions: 18->18
[62.540s][info][gc,heap        ] GC(383) Archive regions: 0->0
[62.540s][info][gc,heap        ] GC(383) Humongous regions: 0->0
[62.540s][info][gc,metaspace   ] GC(383) Metaspace: 16711K(17408K)->16711K(17408K) NonClass: 14291K(14720K)->14291K(14720K) Class: 2420K(2688K)->2420K(2688K)
[62.540s][info][gc             ] GC(383) Pause Young (Prepare Mixed) (G1 Evacuation Pause) 172M->17M(264M) 1.502ms
[62.540s][info][gc,cpu         ] GC(383) User=0.00s Sys=0.00s Real=0.00s
[62.558s][info][gc,start       ] GC(384) Pause Young (Mixed) (G1 Evacuation Pause)
[62.558s][info][gc,task        ] GC(384) Using 6 workers of 33 for evacuation
[62.559s][info][gc,phases      ] GC(384)   Pre Evacuate Collection Set: 0.1ms
[62.559s][info][gc,phases      ] GC(384)   Merge Heap Roots: 0.1ms
[62.559s][info][gc,phases      ] GC(384)   Evacuate Collection Set: 0.9ms
[62.559s][info][gc,phases      ] GC(384)   Post Evacuate Collection Set: 0.3ms
[62.559s][info][gc,phases      ] GC(384)   Other: 0.1ms
[62.559s][info][gc,heap        ] GC(384) Eden regions: 156->0(156)
[62.559s][info][gc,heap        ] GC(384) Survivor regions: 2->2(20)
[62.559s][info][gc,heap        ] GC(384) Old regions: 18->18
[62.559s][info][gc,heap        ] GC(384) Archive regions: 0->0
[62.559s][info][gc,heap        ] GC(384) Humongous regions: 0->0
[62.559s][info][gc,metaspace   ] GC(384) Metaspace: 16711K(17408K)->16711K(17408K) NonClass: 14291K(14720K)->14291K(14720K) Class: 2420K(2688K)->2420K(2688K)
[62.560s][info][gc             ] GC(384) Pause Young (Mixed) (G1 Evacuation Pause) 173M->16M(264M) 1.603ms
[62.560s][info][gc,cpu         ] GC(384) User=0.00s Sys=0.00s Real=0.00s
[62.578s][info][gc,start       ] GC(385) Pause Young (Concurrent Start) (G1 Evacuation Pause)
[62.578s][info][gc,task        ] GC(385) Using 6 workers of 33 for evacuation
[62.579s][info][gc,phases      ] GC(385)   Pre Evacuate Collection Set: 0.2ms
[62.579s][info][gc,phases      ] GC(385)   Merge Heap Roots: 0.1ms
[62.579s][info][gc,phases      ] GC(385)   Evacuate Collection Set: 0.7ms
[62.579s][info][gc,phases      ] GC(385)   Post Evacuate Collection Set: 0.3ms
[62.579s][info][gc,phases      ] GC(385)   Other: 0.1ms
[62.579s][info][gc,heap        ] GC(385) Eden regions: 156->0(157)
[62.579s][info][gc,heap        ] GC(385) Survivor regions: 2->1(20)
[62.579s][info][gc,heap        ] GC(385) Old regions: 18->18
[62.579s][info][gc,heap        ] GC(385) Archive regions: 0->0
[62.579s][info][gc,heap        ] GC(385) Humongous regions: 0->0
[62.579s][info][gc,metaspace   ] GC(385) Metaspace: 16711K(17408K)->16711K(17408K) NonClass: 14291K(14720K)->14291K(14720K) Class: 2420K(2688K)->2420K(2688K)
[62.579s][info][gc             ] GC(385) Pause Young (Concurrent Start) (G1 Evacuation Pause) 172M->16M(264M) 1.528ms
[62.579s][info][gc             ] GC(386) Concurrent Mark Cycle
[62.579s][info][gc,cpu         ] GC(385) User=0.00s Sys=0.00s Real=0.00s
[62.579s][info][gc,marking     ] GC(386) Concurrent Scan Root Regions
[62.580s][info][gc,marking     ] GC(386) Concurrent Scan Root Regions 0.999ms
[62.580s][info][gc,marking     ] GC(386) Concurrent Mark
[62.580s][info][gc,marking     ] GC(386) Concurrent Mark From Roots
[62.580s][info][gc,task        ] GC(386) Using 8 workers of 8 for marking
[62.586s][info][gc,marking     ] GC(386) Concurrent Mark From Roots 5.450ms
[62.586s][info][gc,marking     ] GC(386) Concurrent Preclean
[62.586s][info][gc,marking     ] GC(386) Concurrent Preclean 0.049ms
[62.586s][info][gc,start       ] GC(386) Pause Remark
[62.587s][info][gc             ] GC(386) Pause Remark 66M->66M(230M) 0.896ms
[62.587s][info][gc,cpu         ] GC(386) User=0.00s Sys=0.00s Real=0.00s
[62.587s][info][gc,marking     ] GC(386) Concurrent Mark 6.737ms
[62.587s][info][gc,marking     ] GC(386) Concurrent Rebuild Remembered Sets and Scrub Regions
[62.589s][info][gc,marking     ] GC(386) Concurrent Rebuild Remembered Sets and Scrub Regions 1.605ms
[62.589s][info][gc,start       ] GC(386) Pause Cleanup
[62.589s][info][gc             ] GC(386) Pause Cleanup 74M->74M(230M) 0.077ms
[62.589s][info][gc,cpu         ] GC(386) User=0.00s Sys=0.00s Real=0.00s
[62.589s][info][gc,marking     ] GC(386) Concurrent Clear Claimed Marks
[62.589s][info][gc,marking     ] GC(386) Concurrent Clear Claimed Marks 0.017ms
[62.589s][info][gc,marking     ] GC(386) Concurrent Cleanup for Next Mark
[62.589s][info][gc,marking     ] GC(386) Concurrent Cleanup for Next Mark 0.192ms
[62.589s][info][gc             ] GC(386) Concurrent Mark Cycle 9.860ms
[62.665s][info][gc,start       ] GC(387) Pause Young (Prepare Mixed) (G1 Evacuation Pause)
[62.666s][info][gc,task        ] GC(387) Using 5 workers of 33 for evacuation
[62.713s][info][gc,phases      ] GC(387)   Pre Evacuate Collection Set: 0.1ms
[62.713s][info][gc,phases      ] GC(387)   Merge Heap Roots: 0.1ms
[62.713s][info][gc,phases      ] GC(387)   Evacuate Collection Set: 46.4ms
[62.713s][info][gc,phases      ] GC(387)   Post Evacuate Collection Set: 0.6ms
[62.713s][info][gc,phases      ] GC(387)   Other: 0.1ms
[62.713s][info][gc,heap        ] GC(387) Eden regions: 137->0(94)
[62.713s][info][gc,heap        ] GC(387) Survivor regions: 1->18(18)
[62.713s][info][gc,heap        ] GC(387) Old regions: 18->54
[62.713s][info][gc,heap        ] GC(387) Archive regions: 0->0
[62.713s][info][gc,heap        ] GC(387) Humongous regions: 1->1
[62.713s][info][gc,metaspace   ] GC(387) Metaspace: 16711K(17408K)->16711K(17408K) NonClass: 14291K(14720K)->14291K(14720K) Class: 2420K(2688K)->2420K(2688K)
[62.713s][info][gc             ] GC(387) Pause Young (Prepare Mixed) (G1 Evacuation Pause) 154M->70M(230M) 47.949ms
[62.713s][info][gc,cpu         ] GC(387) User=0.23s Sys=0.00s Real=0.05s
[62.805s][info][gc,start       ] GC(388) Pause Young (Mixed) (G1 Evacuation Pause)
[62.805s][info][gc,task        ] GC(388) Using 5 workers of 33 for evacuation
[62.868s][info][gc,phases      ] GC(388)   Pre Evacuate Collection Set: 0.1ms
[62.868s][info][gc,phases      ] GC(388)   Merge Heap Roots: 0.5ms
[62.868s][info][gc,phases      ] GC(388)   Evacuate Collection Set: 60.9ms
[62.868s][info][gc,phases      ] GC(388)   Post Evacuate Collection Set: 1.5ms
[62.868s][info][gc,phases      ] GC(388)   Other: 0.1ms
[62.868s][info][gc,heap        ] GC(388) Eden regions: 94->0(79)
[62.868s][info][gc,heap        ] GC(388) Survivor regions: 18->14(14)
[62.868s][info][gc,heap        ] GC(388) Old regions: 54->118
[62.868s][info][gc,heap        ] GC(388) Archive regions: 0->0
[62.868s][info][gc,heap        ] GC(388) Humongous regions: 1->1
[62.868s][info][gc,metaspace   ] GC(388) Metaspace: 16711K(17408K)->16711K(17408K) NonClass: 14291K(14720K)->14291K(14720K) Class: 2420K(2688K)->2420K(2688K)
[62.868s][info][gc             ] GC(388) Pause Young (Mixed) (G1 Evacuation Pause) 164M->130M(300M) 63.740ms
[62.868s][info][gc,cpu         ] GC(388) User=0.31s Sys=0.00s Real=0.06s
[62.957s][info][gc,start       ] GC(389) Pause Young (Concurrent Start) (G1 Evacuation Pause)
[62.957s][info][gc,task        ] GC(389) Using 7 workers of 33 for evacuation
[63.008s][info][gc,phases      ] GC(389)   Pre Evacuate Collection Set: 0.2ms
[63.008s][info][gc,phases      ] GC(389)   Merge Heap Roots: 0.8ms
[63.008s][info][gc,phases      ] GC(389)   Evacuate Collection Set: 49.1ms
[63.008s][info][gc,phases      ] GC(389)   Post Evacuate Collection Set: 0.5ms
[63.008s][info][gc,phases      ] GC(389)   Other: 0.2ms
[63.008s][info][gc,heap        ] GC(389) Eden regions: 79->0(49)
[63.008s][info][gc,heap        ] GC(389) Survivor regions: 14->12(12)
[63.008s][info][gc,heap        ] GC(389) Old regions: 118->173
[63.008s][info][gc,heap        ] GC(389) Archive regions: 0->0
[63.008s][info][gc,heap        ] GC(389) Humongous regions: 1->1
[63.008s][info][gc,metaspace   ] GC(389) Metaspace: 16711K(17408K)->16711K(17408K) NonClass: 14291K(14720K)->14291K(14720K) Class: 2420K(2688K)->2420K(2688K)
[63.009s][info][gc             ] GC(389) Pause Young (Concurrent Start) (G1 Evacuation Pause) 209M->183M(300M) 51.247ms
[63.009s][info][gc             ] GC(390) Concurrent Mark Cycle
[63.009s][info][gc,cpu         ] GC(389) User=0.31s Sys=0.02s Real=0.05s
[63.009s][info][gc,marking     ] GC(390) Concurrent Scan Root Regions
[63.017s][info][gc,marking     ] GC(390) Concurrent Scan Root Regions 8.181ms
[63.017s][info][gc,marking     ] GC(390) Concurrent Mark
[63.017s][info][gc,marking     ] GC(390) Concurrent Mark From Roots
[63.017s][info][gc,task        ] GC(390) Using 8 workers of 8 for marking
[63.057s][info][gc,marking     ] GC(390) Concurrent Mark From Roots 40.378ms
[63.057s][info][gc,marking     ] GC(390) Concurrent Preclean
[63.057s][info][gc,marking     ] GC(390) Concurrent Preclean 0.054ms
[63.057s][info][gc,start       ] GC(390) Pause Remark
[63.059s][info][gc             ] GC(390) Pause Remark 212M->212M(359M) 1.325ms
[63.059s][info][gc,cpu         ] GC(390) User=0.00s Sys=0.00s Real=0.00s
[63.059s][info][gc,marking     ] GC(390) Concurrent Mark 42.024ms
[63.059s][info][gc,marking     ] GC(390) Concurrent Rebuild Remembered Sets and Scrub Regions
[63.100s][info][gc,start       ] GC(391) Pause Young (Normal) (G1 Evacuation Pause)
[63.100s][info][gc,task        ] GC(391) Using 8 workers of 33 for evacuation
[63.133s][info][gc,phases      ] GC(391)   Pre Evacuate Collection Set: 0.1ms
[63.133s][info][gc,phases      ] GC(391)   Merge Heap Roots: 0.6ms
[63.133s][info][gc,phases      ] GC(391)   Evacuate Collection Set: 31.2ms
[63.133s][info][gc,phases      ] GC(391)   Post Evacuate Collection Set: 0.5ms
[63.133s][info][gc,phases      ] GC(391)   Other: 0.1ms
[63.133s][info][gc,heap        ] GC(391) Eden regions: 49->0(58)
[63.133s][info][gc,heap        ] GC(391) Survivor regions: 12->8(8)
[63.133s][info][gc,heap        ] GC(391) Old regions: 173->211
[63.133s][info][gc,heap        ] GC(391) Archive regions: 0->0
[63.133s][info][gc,heap        ] GC(391) Humongous regions: 1->1
[63.133s][info][gc,metaspace   ] GC(391) Metaspace: 16711K(17408K)->16711K(17408K) NonClass: 14291K(14720K)->14291K(14720K) Class: 2420K(2688K)->2420K(2688K)
[63.133s][info][gc             ] GC(391) Pause Young (Normal) (G1 Evacuation Pause) 232M->217M(359M) 32.819ms
[63.133s][info][gc,cpu         ] GC(391) User=0.27s Sys=0.00s Real=0.05s
[63.138s][info][gc,marking     ] GC(390) Concurrent Rebuild Remembered Sets and Scrub Regions 78.823ms
[63.138s][info][gc,start       ] GC(390) Pause Cleanup
[63.138s][info][gc             ] GC(390) Pause Cleanup 222M->222M(359M) 0.146ms
[63.138s][info][gc,cpu         ] GC(390) User=0.00s Sys=0.00s Real=0.00s
[63.138s][info][gc,marking     ] GC(390) Concurrent Clear Claimed Marks
[63.138s][info][gc,marking     ] GC(390) Concurrent Clear Claimed Marks 0.021ms
[63.138s][info][gc,marking     ] GC(390) Concurrent Cleanup for Next Mark
[63.139s][info][gc,marking     ] GC(390) Concurrent Cleanup for Next Mark 0.557ms
[63.139s][info][gc             ] GC(390) Concurrent Mark Cycle 130.066ms
[63.193s][info][gc,start       ] GC(392) Pause Young (Prepare Mixed) (G1 Evacuation Pause)
[63.193s][info][gc,task        ] GC(392) Using 8 workers of 33 for evacuation
[63.234s][info][gc,phases      ] GC(392)   Pre Evacuate Collection Set: 0.1ms
[63.234s][info][gc,phases      ] GC(392)   Merge Heap Roots: 1.2ms
[63.234s][info][gc,phases      ] GC(392)   Evacuate Collection Set: 39.4ms
[63.234s][info][gc,phases      ] GC(392)   Post Evacuate Collection Set: 0.3ms
[63.234s][info][gc,phases      ] GC(392)   Other: 0.1ms
[63.234s][info][gc,heap        ] GC(392) Eden regions: 58->0(40)
[63.234s][info][gc,heap        ] GC(392) Survivor regions: 8->9(9)
[63.234s][info][gc,heap        ] GC(392) Old regions: 211->249
[63.234s][info][gc,heap        ] GC(392) Archive regions: 0->0
[63.235s][info][gc,heap        ] GC(392) Humongous regions: 1->1
[63.235s][info][gc,metaspace   ] GC(392) Metaspace: 16711K(17408K)->16711K(17408K) NonClass: 14291K(14720K)->14291K(14720K) Class: 2420K(2688K)->2420K(2688K)
[63.235s][info][gc             ] GC(392) Pause Young (Prepare Mixed) (G1 Evacuation Pause) 275M->257M(359M) 41.544ms
[63.235s][info][gc,cpu         ] GC(392) User=0.38s Sys=0.00s Real=0.05s
[63.276s][info][gc,start       ] GC(393) Pause Young (Mixed) (G1 Evacuation Pause)
[63.276s][info][gc,task        ] GC(393) Using 8 workers of 33 for evacuation
[63.302s][info][gc,phases      ] GC(393)   Pre Evacuate Collection Set: 0.1ms
[63.302s][info][gc,phases      ] GC(393)   Merge Heap Roots: 0.2ms
[63.303s][info][gc,phases      ] GC(393)   Evacuate Collection Set: 25.8ms
[63.303s][info][gc,phases      ] GC(393)   Post Evacuate Collection Set: 0.3ms
[63.303s][info][gc,phases      ] GC(393)   Other: 0.1ms
[63.303s][info][gc,heap        ] GC(393) Eden regions: 40->0(29)
[63.303s][info][gc,heap        ] GC(393) Survivor regions: 9->7(7)
[63.303s][info][gc,heap        ] GC(393) Old regions: 249->277
[63.303s][info][gc,heap        ] GC(393) Archive regions: 0->0
[63.303s][info][gc,heap        ] GC(393) Humongous regions: 1->1
[63.303s][info][gc,metaspace   ] GC(393) Metaspace: 16711K(17408K)->16711K(17408K) NonClass: 14291K(14720K)->14291K(14720K) Class: 2420K(2688K)->2420K(2688K)
[63.303s][info][gc             ] GC(393) Pause Young (Mixed) (G1 Evacuation Pause) 297M->283M(359M) 26.974ms
[63.303s][info][gc,cpu         ] GC(393) User=0.11s Sys=0.02s Real=0.02s
[63.333s][info][gc,start       ] GC(394) Pause Young (Concurrent Start) (G1 Evacuation Pause)
[63.333s][info][gc,task        ] GC(394) Using 8 workers of 33 for evacuation
[63.352s][info][gc,phases      ] GC(394)   Pre Evacuate Collection Set: 0.2ms
[63.352s][info][gc,phases      ] GC(394)   Merge Heap Roots: 0.2ms
[63.352s][info][gc,phases      ] GC(394)   Evacuate Collection Set: 18.5ms
[63.352s][info][gc,phases      ] GC(394)   Post Evacuate Collection Set: 0.3ms
[63.353s][info][gc,phases      ] GC(394)   Other: 0.1ms
[63.353s][info][gc,heap        ] GC(394) Eden regions: 29->0(20)
[63.353s][info][gc,heap        ] GC(394) Survivor regions: 7->5(5)
[63.353s][info][gc,heap        ] GC(394) Old regions: 277->300
[63.353s][info][gc,heap        ] GC(394) Archive regions: 0->0
[63.353s][info][gc,heap        ] GC(394) Humongous regions: 1->1
[63.353s][info][gc,metaspace   ] GC(394) Metaspace: 16711K(17408K)->16711K(17408K) NonClass: 14291K(14720K)->14291K(14720K) Class: 2420K(2688K)->2420K(2688K)
[63.353s][info][gc             ] GC(394) Pause Young (Concurrent Start) (G1 Evacuation Pause) 312M->304M(359M) 19.720ms
[63.353s][info][gc             ] GC(395) Concurrent Mark Cycle
[63.353s][info][gc,cpu         ] GC(394) User=0.25s Sys=0.00s Real=0.03s
[63.353s][info][gc,marking     ] GC(395) Concurrent Scan Root Regions
[63.359s][info][gc,marking     ] GC(395) Concurrent Scan Root Regions 5.997ms
[63.359s][info][gc,marking     ] GC(395) Concurrent Mark
[63.359s][info][gc,marking     ] GC(395) Concurrent Mark From Roots
[63.359s][info][gc,task        ] GC(395) Using 8 workers of 8 for marking
[63.377s][info][gc,start       ] GC(396) Pause Young (Normal) (G1 Evacuation Pause)
[63.377s][info][gc,task        ] GC(396) Using 8 workers of 33 for evacuation
[63.388s][info][gc,phases      ] GC(396)   Pre Evacuate Collection Set: 0.1ms
[63.397s][info][gc,phases      ] GC(396)   Merge Heap Roots: 0.1ms
[63.398s][info][gc,phases      ] GC(396)   Evacuate Collection Set: 9.4ms
[63.398s][info][gc,phases      ] GC(396)   Post Evacuate Collection Set: 0.9ms
[63.398s][info][gc,phases      ] GC(396)   Other: 0.1ms
[63.398s][info][gc,heap        ] GC(396) Eden regions: 20->0(39)
[63.398s][info][gc,heap        ] GC(396) Survivor regions: 5->4(4)
[63.398s][info][gc,heap        ] GC(396) Old regions: 300->316
[63.398s][info][gc,heap        ] GC(396) Archive regions: 0->0
[63.398s][info][gc,heap        ] GC(396) Humongous regions: 1->1
[63.398s][info][gc,metaspace   ] GC(396) Metaspace: 16711K(17408K)->16711K(17408K) NonClass: 14291K(14720K)->14291K(14720K) Class: 2420K(2688K)->2420K(2688K)
[63.398s][info][gc             ] GC(396) Pause Young (Normal) (G1 Evacuation Pause) 324M->319M(421M) 20.921ms
[63.398s][info][gc,cpu         ] GC(396) User=0.13s Sys=0.00s Real=0.02s
[63.464s][info][gc,start       ] GC(397) Pause Young (Normal) (G1 Evacuation Pause)
[63.464s][info][gc,task        ] GC(397) Using 10 workers of 33 for evacuation
[63.475s][info][gc,phases      ] GC(397)   Pre Evacuate Collection Set: 0.1ms
[63.475s][info][gc,phases      ] GC(397)   Merge Heap Roots: 0.1ms
[63.475s][info][gc,phases      ] GC(397)   Evacuate Collection Set: 10.7ms
[63.475s][info][gc,phases      ] GC(397)   Post Evacuate Collection Set: 0.2ms
[63.475s][info][gc,phases      ] GC(397)   Other: 0.1ms
[63.475s][info][gc,heap        ] GC(397) Eden regions: 39->0(28)
[63.475s][info][gc,heap        ] GC(397) Survivor regions: 4->6(6)
[63.475s][info][gc,heap        ] GC(397) Old regions: 316->340
[63.475s][info][gc,heap        ] GC(397) Archive regions: 0->0
[63.475s][info][gc,heap        ] GC(397) Humongous regions: 1->1
[63.475s][info][gc,metaspace   ] GC(397) Metaspace: 16711K(17408K)->16711K(17408K) NonClass: 14291K(14720K)->14291K(14720K) Class: 2420K(2688K)->2420K(2688K)
[63.475s][info][gc             ] GC(397) Pause Young (Normal) (G1 Evacuation Pause) 358M->345M(421M) 11.363ms
[63.476s][info][gc,cpu         ] GC(397) User=0.00s Sys=0.00s Real=0.00s
[63.488s][info][gc,marking     ] GC(395) Concurrent Mark From Roots 128.648ms
[63.488s][info][gc,marking     ] GC(395) Concurrent Preclean
[63.488s][info][gc,marking     ] GC(395) Concurrent Preclean 0.028ms
[63.488s][info][gc,start       ] GC(395) Pause Remark
[63.489s][info][gc             ] GC(395) Pause Remark 356M->356M(512M) 1.425ms
[63.489s][info][gc,cpu         ] GC(395) User=0.00s Sys=0.00s Real=0.00s
[63.489s][info][gc,marking     ] GC(395) Concurrent Mark 130.330ms
[63.489s][info][gc,marking     ] GC(395) Concurrent Rebuild Remembered Sets and Scrub Regions
[63.514s][info][gc,start       ] GC(398) Pause Young (Normal) (G1 Evacuation Pause)
[63.514s][info][gc,task        ] GC(398) Using 12 workers of 33 for evacuation
[63.522s][info][gc,phases      ] GC(398)   Pre Evacuate Collection Set: 0.1ms
[63.522s][info][gc,phases      ] GC(398)   Merge Heap Roots: 0.1ms
[63.522s][info][gc,phases      ] GC(398)   Evacuate Collection Set: 7.3ms
[63.522s][info][gc,phases      ] GC(398)   Post Evacuate Collection Set: 0.2ms
[63.522s][info][gc,phases      ] GC(398)   Other: 0.1ms
[63.522s][info][gc,heap        ] GC(398) Eden regions: 28->0(57)
[63.522s][info][gc,heap        ] GC(398) Survivor regions: 6->5(5)
[63.522s][info][gc,heap        ] GC(398) Old regions: 340->361
[63.522s][info][gc,heap        ] GC(398) Archive regions: 0->0
[63.522s][info][gc,heap        ] GC(398) Humongous regions: 1->1
[63.522s][info][gc,metaspace   ] GC(398) Metaspace: 16711K(17408K)->16711K(17408K) NonClass: 14291K(14720K)->14291K(14720K) Class: 2420K(2688K)->2420K(2688K)
[63.522s][info][gc             ] GC(398) Pause Young (Normal) (G1 Evacuation Pause) 373M->365M(512M) 8.015ms
[63.522s][info][gc,cpu         ] GC(398) User=0.00s Sys=0.00s Real=0.00s
[63.527s][info][gc,marking     ] GC(395) Concurrent Rebuild Remembered Sets and Scrub Regions 38.013ms
[63.527s][info][gc,start       ] GC(395) Pause Cleanup
[63.528s][info][gc             ] GC(395) Pause Cleanup 370M->370M(512M) 0.177ms
[63.528s][info][gc,cpu         ] GC(395) User=0.00s Sys=0.00s Real=0.00s
[63.528s][info][gc,marking     ] GC(395) Concurrent Clear Claimed Marks
[63.528s][info][gc,marking     ] GC(395) Concurrent Clear Claimed Marks 0.022ms
[63.528s][info][gc,marking     ] GC(395) Concurrent Cleanup for Next Mark
[63.528s][info][gc,marking     ] GC(395) Concurrent Cleanup for Next Mark 0.767ms
[63.528s][info][gc             ] GC(395) Concurrent Mark Cycle 175.631ms
[63.594s][info][gc,start       ] GC(399) Pause Young (Prepare Mixed) (G1 Evacuation Pause)
[63.594s][info][gc,task        ] GC(399) Using 12 workers of 33 for evacuation
[63.617s][info][gc,phases      ] GC(399)   Pre Evacuate Collection Set: 0.1ms
[63.617s][info][gc,phases      ] GC(399)   Merge Heap Roots: 0.2ms
[63.617s][info][gc,phases      ] GC(399)   Evacuate Collection Set: 22.1ms
[63.617s][info][gc,phases      ] GC(399)   Post Evacuate Collection Set: 0.3ms
[63.617s][info][gc,phases      ] GC(399)   Other: 0.1ms
[63.617s][info][gc,heap        ] GC(399) Eden regions: 57->0(40)
[63.617s][info][gc,heap        ] GC(399) Survivor regions: 5->8(8)
[63.617s][info][gc,heap        ] GC(399) Old regions: 361->399
[63.617s][info][gc,heap        ] GC(399) Archive regions: 0->0
[63.617s][info][gc,heap        ] GC(399) Humongous regions: 1->1
[63.617s][info][gc,metaspace   ] GC(399) Metaspace: 16711K(17408K)->16711K(17408K) NonClass: 14291K(14720K)->14291K(14720K) Class: 2420K(2688K)->2420K(2688K)
[63.617s][info][gc             ] GC(399) Pause Young (Prepare Mixed) (G1 Evacuation Pause) 422M->406M(512M) 23.211ms
[63.617s][info][gc,cpu         ] GC(399) User=0.20s Sys=0.02s Real=0.03s
[63.659s][info][gc,start       ] GC(400) Pause Young (Mixed) (G1 Evacuation Pause)
[63.660s][info][gc,task        ] GC(400) Using 12 workers of 33 for evacuation
[63.679s][info][gc,phases      ] GC(400)   Pre Evacuate Collection Set: 0.1ms
[63.679s][info][gc,phases      ] GC(400)   Merge Heap Roots: 0.2ms
[63.679s][info][gc,phases      ] GC(400)   Evacuate Collection Set: 19.0ms
[63.679s][info][gc,phases      ] GC(400)   Post Evacuate Collection Set: 0.2ms
[63.679s][info][gc,phases      ] GC(400)   Other: 0.1ms
[63.679s][info][gc,heap        ] GC(400) Eden regions: 40->0(30)
[63.679s][info][gc,heap        ] GC(400) Survivor regions: 8->6(6)
[63.679s][info][gc,heap        ] GC(400) Old regions: 399->427
[63.679s][info][gc,heap        ] GC(400) Archive regions: 0->0
[63.679s][info][gc,heap        ] GC(400) Humongous regions: 1->1
[63.679s][info][gc,metaspace   ] GC(400) Metaspace: 16711K(17408K)->16711K(17408K) NonClass: 14291K(14720K)->14291K(14720K) Class: 2420K(2688K)->2420K(2688K)
[63.680s][info][gc             ] GC(400) Pause Young (Mixed) (G1 Evacuation Pause) 446M->432M(512M) 20.072ms
[63.680s][info][gc,cpu         ] GC(400) User=0.20s Sys=0.00s Real=0.03s
[63.711s][info][gc,start       ] GC(401) Pause Young (Concurrent Start) (G1 Evacuation Pause)
[63.711s][info][gc,task        ] GC(401) Using 12 workers of 33 for evacuation
[63.728s][info][gc,phases      ] GC(401)   Pre Evacuate Collection Set: 0.3ms
[63.728s][info][gc,phases      ] GC(401)   Merge Heap Roots: 0.2ms
[63.728s][info][gc,phases      ] GC(401)   Evacuate Collection Set: 15.2ms
[63.728s][info][gc,phases      ] GC(401)   Post Evacuate Collection Set: 0.3ms
[63.728s][info][gc,phases      ] GC(401)   Other: 0.2ms
[63.728s][info][gc,heap        ] GC(401) Eden regions: 30->0(21)
[63.728s][info][gc,heap        ] GC(401) Survivor regions: 6->5(5)
[63.728s][info][gc,heap        ] GC(401) Old regions: 427->451
[63.728s][info][gc,heap        ] GC(401) Archive regions: 0->0
[63.728s][info][gc,heap        ] GC(401) Humongous regions: 1->1
[63.728s][info][gc,metaspace   ] GC(401) Metaspace: 16711K(17408K)->16711K(17408K) NonClass: 14291K(14720K)->14291K(14720K) Class: 2420K(2688K)->2420K(2688K)
[63.728s][info][gc             ] GC(401) Pause Young (Concurrent Start) (G1 Evacuation Pause) 462M->455M(512M) 16.745ms
[63.728s][info][gc             ] GC(402) Concurrent Mark Cycle
[63.728s][info][gc,cpu         ] GC(401) User=0.19s Sys=0.00s Real=0.02s
[63.728s][info][gc,marking     ] GC(402) Concurrent Scan Root Regions
[63.736s][info][gc,marking     ] GC(402) Concurrent Scan Root Regions 7.827ms
[63.736s][info][gc,marking     ] GC(402) Concurrent Mark
[63.736s][info][gc,marking     ] GC(402) Concurrent Mark From Roots
[63.736s][info][gc,task        ] GC(402) Using 8 workers of 8 for marking
[63.770s][info][gc,start       ] GC(403) Pause Young (Normal) (G1 Evacuation Pause)
[63.770s][info][gc,task        ] GC(403) Using 12 workers of 33 for evacuation
[63.777s][info][gc,phases      ] GC(403)   Pre Evacuate Collection Set: 0.1ms
[63.777s][info][gc,phases      ] GC(403)   Merge Heap Roots: 0.2ms
[63.777s][info][gc,phases      ] GC(403)   Evacuate Collection Set: 6.9ms
[63.777s][info][gc,phases      ] GC(403)   Post Evacuate Collection Set: 0.2ms
[63.777s][info][gc,phases      ] GC(403)   Other: 0.1ms
[63.777s][info][gc,heap        ] GC(403) Eden regions: 21->0(21)
[63.777s][info][gc,heap        ] GC(403) Survivor regions: 5->4(4)
[63.777s][info][gc,heap        ] GC(403) Old regions: 451->467
[63.777s][info][gc,heap        ] GC(403) Archive regions: 0->0
[63.777s][info][gc,heap        ] GC(403) Humongous regions: 2->2
[63.777s][info][gc,metaspace   ] GC(403) Metaspace: 16711K(17408K)->16711K(17408K) NonClass: 14291K(14720K)->14291K(14720K) Class: 2420K(2688K)->2420K(2688K)
[63.777s][info][gc             ] GC(403) Pause Young (Normal) (G1 Evacuation Pause) 477M->471M(512M) 7.628ms
[63.777s][info][gc,cpu         ] GC(403) User=0.19s Sys=0.00s Real=0.02s
[63.854s][info][gc,start       ] GC(404) Pause Young (Normal) (G1 Evacuation Pause)
[63.854s][info][gc,task        ] GC(404) Using 12 workers of 33 for evacuation
[63.867s][info][gc,phases      ] GC(404)   Pre Evacuate Collection Set: 0.1ms
[63.867s][info][gc,phases      ] GC(404)   Merge Heap Roots: 1.0ms
[63.867s][info][gc,phases      ] GC(404)   Evacuate Collection Set: 11.7ms
[63.867s][info][gc,phases      ] GC(404)   Post Evacuate Collection Set: 0.2ms
[63.867s][info][gc,phases      ] GC(404)   Other: 0.1ms
[63.867s][info][gc,heap        ] GC(404) Eden regions: 21->0(21)
[63.868s][info][gc,heap        ] GC(404) Survivor regions: 4->4(4)
[63.868s][info][gc,heap        ] GC(404) Old regions: 467->473
[63.868s][info][gc,heap        ] GC(404) Archive regions: 0->0
[63.868s][info][gc,heap        ] GC(404) Humongous regions: 2->2
[63.868s][info][gc,metaspace   ] GC(404) Metaspace: 16711K(17408K)->16711K(17408K) NonClass: 14291K(14720K)->14291K(14720K) Class: 2420K(2688K)->2420K(2688K)
[63.868s][info][gc             ] GC(404) Pause Young (Normal) (G1 Evacuation Pause) 492M->476M(512M) 13.384ms
[63.868s][info][gc,cpu         ] GC(404) User=0.19s Sys=0.00s Real=0.02s
[63.930s][info][gc,marking     ] GC(402) Concurrent Mark From Roots 193.754ms
[63.930s][info][gc,marking     ] GC(402) Concurrent Preclean
[63.930s][info][gc,marking     ] GC(402) Concurrent Preclean 0.046ms
[63.930s][info][gc,start       ] GC(402) Pause Remark
[63.931s][info][gc             ] GC(402) Pause Remark 495M->495M(512M) 1.097ms
[63.931s][info][gc,cpu         ] GC(402) User=0.00s Sys=0.00s Real=0.00s
[63.931s][info][gc,marking     ] GC(402) Concurrent Mark 195.143ms
[63.931s][info][gc,marking     ] GC(402) Concurrent Rebuild Remembered Sets and Scrub Regions
[63.939s][info][gc,start       ] GC(405) Pause Young (Normal) (G1 Evacuation Pause)
[63.939s][info][gc,task        ] GC(405) Using 12 workers of 33 for evacuation
[63.952s][info][gc,phases      ] GC(405)   Pre Evacuate Collection Set: 0.1ms
[63.952s][info][gc,phases      ] GC(405)   Merge Heap Roots: 1.0ms
[63.952s][info][gc,phases      ] GC(405)   Evacuate Collection Set: 11.5ms
[63.952s][info][gc,phases      ] GC(405)   Post Evacuate Collection Set: 0.2ms
[63.952s][info][gc,phases      ] GC(405)   Other: 0.1ms
[63.952s][info][gc,heap        ] GC(405) Eden regions: 21->0(21)
[63.952s][info][gc,heap        ] GC(405) Survivor regions: 4->4(4)
[63.952s][info][gc,heap        ] GC(405) Old regions: 473->475
[63.952s][info][gc,heap        ] GC(405) Archive regions: 0->0
[63.952s][info][gc,heap        ] GC(405) Humongous regions: 2->2
[63.952s][info][gc,metaspace   ] GC(405) Metaspace: 16711K(17408K)->16711K(17408K) NonClass: 14291K(14720K)->14291K(14720K) Class: 2420K(2688K)->2420K(2688K)
[63.952s][info][gc             ] GC(405) Pause Young (Normal) (G1 Evacuation Pause) 497M->478M(512M) 13.058ms
[63.952s][info][gc,cpu         ] GC(405) User=0.19s Sys=0.00s Real=0.02s
[63.992s][info][gc,marking     ] GC(402) Concurrent Rebuild Remembered Sets and Scrub Regions 60.664ms
[63.992s][info][gc,start       ] GC(402) Pause Cleanup
[63.992s][info][gc             ] GC(402) Pause Cleanup 491M->491M(512M) 0.209ms
[63.992s][info][gc,cpu         ] GC(402) User=0.00s Sys=0.00s Real=0.00s
[63.992s][info][gc,marking     ] GC(402) Concurrent Clear Claimed Marks
[63.992s][info][gc,marking     ] GC(402) Concurrent Clear Claimed Marks 0.044ms
[63.992s][info][gc,marking     ] GC(402) Concurrent Cleanup for Next Mark
[63.993s][info][gc,marking     ] GC(402) Concurrent Cleanup for Next Mark 0.313ms
[63.993s][info][gc             ] GC(402) Concurrent Mark Cycle 264.649ms
[64.014s][info][gc,start       ] GC(406) Pause Young (Prepare Mixed) (G1 Evacuation Pause)
[64.014s][info][gc,task        ] GC(406) Using 12 workers of 33 for evacuation
[64.030s][info][gc,phases      ] GC(406)   Pre Evacuate Collection Set: 0.1ms
[64.030s][info][gc,phases      ] GC(406)   Merge Heap Roots: 1.2ms
[64.030s][info][gc,phases      ] GC(406)   Evacuate Collection Set: 14.5ms
[64.030s][info][gc,phases      ] GC(406)   Post Evacuate Collection Set: 0.3ms
[64.030s][info][gc,phases      ] GC(406)   Other: 0.1ms
[64.030s][info][gc,heap        ] GC(406) Eden regions: 21->0(21)
[64.030s][info][gc,heap        ] GC(406) Survivor regions: 4->4(4)
[64.030s][info][gc,heap        ] GC(406) Old regions: 475->477
[64.030s][info][gc,heap        ] GC(406) Archive regions: 0->0
[64.030s][info][gc,heap        ] GC(406) Humongous regions: 2->2
[64.030s][info][gc,metaspace   ] GC(406) Metaspace: 16711K(17408K)->16711K(17408K) NonClass: 14291K(14720K)->14291K(14720K) Class: 2420K(2688K)->2420K(2688K)
[64.030s][info][gc             ] GC(406) Pause Young (Prepare Mixed) (G1 Evacuation Pause) 499M->480M(512M) 16.438ms
[64.030s][info][gc,cpu         ] GC(406) User=0.19s Sys=0.00s Real=0.02s
[64.078s][info][gc,start       ] GC(407) Pause Young (Mixed) (G1 Evacuation Pause)
[64.078s][info][gc,task        ] GC(407) Using 12 workers of 33 for evacuation
[64.093s][info][gc,phases      ] GC(407)   Pre Evacuate Collection Set: 0.1ms
[64.093s][info][gc,phases      ] GC(407)   Merge Heap Roots: 1.1ms
[64.093s][info][gc,phases      ] GC(407)   Evacuate Collection Set: 13.6ms
[64.093s][info][gc,phases      ] GC(407)   Post Evacuate Collection Set: 0.3ms
[64.093s][info][gc,phases      ] GC(407)   Other: 0.1ms
[64.093s][info][gc,heap        ] GC(407) Eden regions: 21->0(23)
[64.093s][info][gc,heap        ] GC(407) Survivor regions: 4->2(4)
[64.093s][info][gc,heap        ] GC(407) Old regions: 477->473
[64.093s][info][gc,heap        ] GC(407) Archive regions: 0->0
[64.093s][info][gc,heap        ] GC(407) Humongous regions: 2->2
[64.094s][info][gc,metaspace   ] GC(407) Metaspace: 16711K(17408K)->16711K(17408K) NonClass: 14291K(14720K)->14291K(14720K) Class: 2420K(2688K)->2420K(2688K)
[64.094s][info][gc             ] GC(407) Pause Young (Mixed) (G1 Evacuation Pause) 501M->475M(512M) 16.001ms
[64.094s][info][gc,cpu         ] GC(407) User=0.19s Sys=0.00s Real=0.01s
[64.626s][info][gc,start       ] GC(408) Pause Young (Concurrent Start) (G1 Evacuation Pause)
[64.626s][info][gc,task        ] GC(408) Using 12 workers of 33 for evacuation
[64.634s][info][gc,phases      ] GC(408)   Pre Evacuate Collection Set: 0.2ms
[64.634s][info][gc,phases      ] GC(408)   Merge Heap Roots: 0.5ms
[64.634s][info][gc,phases      ] GC(408)   Evacuate Collection Set: 6.0ms
[64.634s][info][gc,phases      ] GC(408)   Post Evacuate Collection Set: 0.3ms
[64.634s][info][gc,phases      ] GC(408)   Other: 0.2ms
[64.634s][info][gc,heap        ] GC(408) Eden regions: 23->0(22)
[64.634s][info][gc,heap        ] GC(408) Survivor regions: 2->3(4)
[64.634s][info][gc,heap        ] GC(408) Old regions: 473->473
[64.634s][info][gc,heap        ] GC(408) Archive regions: 0->0
[64.634s][info][gc,heap        ] GC(408) Humongous regions: 2->2
[64.634s][info][gc,metaspace   ] GC(408) Metaspace: 16711K(17408K)->16711K(17408K) NonClass: 14291K(14720K)->14291K(14720K) Class: 2420K(2688K)->2420K(2688K)
[64.634s][info][gc             ] GC(408) Pause Young (Concurrent Start) (G1 Evacuation Pause) 498M->475M(512M) 7.691ms
[64.634s][info][gc             ] GC(409) Concurrent Mark Cycle
[64.634s][info][gc,cpu         ] GC(408) User=0.00s Sys=0.00s Real=0.00s
[64.634s][info][gc,marking     ] GC(409) Concurrent Scan Root Regions
[64.640s][info][gc,marking     ] GC(409) Concurrent Scan Root Regions 5.689ms
[64.640s][info][gc,marking     ] GC(409) Concurrent Mark
[64.640s][info][gc,marking     ] GC(409) Concurrent Mark From Roots
[64.640s][info][gc,task        ] GC(409) Using 8 workers of 8 for marking
[64.665s][info][gc,marking     ] GC(409) Concurrent Mark From Roots 24.658ms
[64.665s][info][gc,marking     ] GC(409) Concurrent Preclean
[64.665s][info][gc,marking     ] GC(409) Concurrent Preclean 0.035ms
[64.665s][info][gc,start       ] GC(409) Pause Remark
[64.666s][info][gc             ] GC(409) Pause Remark 476M->171M(512M) 1.015ms
[64.666s][info][gc,cpu         ] GC(409) User=0.00s Sys=0.00s Real=0.00s
[64.666s][info][gc,marking     ] GC(409) Concurrent Mark 25.923ms
[64.666s][info][gc,marking     ] GC(409) Concurrent Rebuild Remembered Sets and Scrub Regions
[64.672s][info][gc,marking     ] GC(409) Concurrent Rebuild Remembered Sets and Scrub Regions 6.489ms
[64.672s][info][gc,start       ] GC(409) Pause Cleanup
[64.673s][info][gc             ] GC(409) Pause Cleanup 171M->171M(512M) 0.254ms
[64.673s][info][gc,cpu         ] GC(409) User=0.00s Sys=0.00s Real=0.00s
[64.673s][info][gc,marking     ] GC(409) Concurrent Clear Claimed Marks
[64.673s][info][gc,marking     ] GC(409) Concurrent Clear Claimed Marks 0.017ms
[64.673s][info][gc,marking     ] GC(409) Concurrent Cleanup for Next Mark
[64.673s][info][gc,marking     ] GC(409) Concurrent Cleanup for Next Mark 0.267ms
[64.673s][info][gc             ] GC(409) Concurrent Mark Cycle 38.951ms
[72.470s][info][gc,start       ] GC(410) Pause Young (Prepare Mixed) (G1 Evacuation Pause)
[72.470s][info][gc,task        ] GC(410) Using 12 workers of 33 for evacuation
[72.477s][info][gc,phases      ] GC(410)   Pre Evacuate Collection Set: 0.1ms
[72.477s][info][gc,phases      ] GC(410)   Merge Heap Roots: 0.1ms
[72.477s][info][gc,phases      ] GC(410)   Evacuate Collection Set: 5.4ms
[72.477s][info][gc,phases      ] GC(410)   Post Evacuate Collection Set: 0.6ms
[72.477s][info][gc,phases      ] GC(410)   Other: 0.1ms
[72.477s][info][gc,heap        ] GC(410) Eden regions: 22->0(176)
[72.477s][info][gc,heap        ] GC(410) Survivor regions: 3->4(4)
[72.477s][info][gc,heap        ] GC(410) Old regions: 169->175
[72.477s][info][gc,heap        ] GC(410) Archive regions: 0->0
[72.477s][info][gc,heap        ] GC(410) Humongous regions: 1->1
[72.477s][info][gc,metaspace   ] GC(410) Metaspace: 16712K(17408K)->16712K(17408K) NonClass: 14291K(14720K)->14291K(14720K) Class: 2420K(2688K)->2420K(2688K)
[72.477s][info][gc             ] GC(410) Pause Young (Prepare Mixed) (G1 Evacuation Pause) 192M->177M(512M) 7.009ms
[72.477s][info][gc,cpu         ] GC(410) User=0.19s Sys=0.00s Real=0.02s
[72.618s][info][gc,start       ] GC(411) Pause Young (Mixed) (G1 Evacuation Pause)
[72.618s][info][gc,task        ] GC(411) Using 12 workers of 33 for evacuation
[72.653s][info][gc,phases      ] GC(411)   Pre Evacuate Collection Set: 0.1ms
[72.653s][info][gc,phases      ] GC(411)   Merge Heap Roots: 0.2ms
[72.653s][info][gc,phases      ] GC(411)   Evacuate Collection Set: 33.8ms
[72.653s][info][gc,phases      ] GC(411)   Post Evacuate Collection Set: 0.5ms
[72.653s][info][gc,phases      ] GC(411)   Other: 0.2ms
[72.653s][info][gc,heap        ] GC(411) Eden regions: 176->0(158)
[72.653s][info][gc,heap        ] GC(411) Survivor regions: 4->23(23)
[72.653s][info][gc,heap        ] GC(411) Old regions: 175->180
[72.653s][info][gc,heap        ] GC(411) Archive regions: 0->0
[72.653s][info][gc,heap        ] GC(411) Humongous regions: 1->1
[72.653s][info][gc,metaspace   ] GC(411) Metaspace: 16712K(17408K)->16712K(17408K) NonClass: 14291K(14720K)->14291K(14720K) Class: 2420K(2688K)->2420K(2688K)
[72.653s][info][gc             ] GC(411) Pause Young (Mixed) (G1 Evacuation Pause) 353M->202M(512M) 35.283ms
[72.653s][info][gc,cpu         ] GC(411) User=0.38s Sys=0.00s Real=0.03s
[72.786s][info][gc,start       ] GC(412) Pause Young (Mixed) (G1 Evacuation Pause)
[72.786s][info][gc,task        ] GC(412) Using 12 workers of 33 for evacuation
[72.830s][info][gc,phases      ] GC(412)   Pre Evacuate Collection Set: 0.1ms
[72.830s][info][gc,phases      ] GC(412)   Merge Heap Roots: 0.7ms
[72.830s][info][gc,phases      ] GC(412)   Evacuate Collection Set: 42.1ms
[72.830s][info][gc,phases      ] GC(412)   Post Evacuate Collection Set: 0.3ms
[72.830s][info][gc,phases      ] GC(412)   Other: 0.2ms
[72.830s][info][gc,heap        ] GC(412) Eden regions: 158->0(146)
[72.830s][info][gc,heap        ] GC(412) Survivor regions: 23->23(23)
[72.830s][info][gc,heap        ] GC(412) Old regions: 180->198
[72.830s][info][gc,heap        ] GC(412) Archive regions: 0->0
[72.830s][info][gc,heap        ] GC(412) Humongous regions: 1->1
[72.830s][info][gc,metaspace   ] GC(412) Metaspace: 16712K(17408K)->16712K(17408K) NonClass: 14291K(14720K)->14291K(14720K) Class: 2420K(2688K)->2420K(2688K)
[72.830s][info][gc             ] GC(412) Pause Young (Mixed) (G1 Evacuation Pause) 360M->220M(512M) 43.988ms
[72.830s][info][gc,cpu         ] GC(412) User=0.38s Sys=0.00s Real=0.03s
[72.955s][info][gc,start       ] GC(413) Pause Young (Concurrent Start) (G1 Evacuation Pause)
[72.955s][info][gc,task        ] GC(413) Using 12 workers of 33 for evacuation
[72.992s][info][gc,phases      ] GC(413)   Pre Evacuate Collection Set: 0.2ms
[72.992s][info][gc,phases      ] GC(413)   Merge Heap Roots: 0.1ms
[72.992s][info][gc,phases      ] GC(413)   Evacuate Collection Set: 35.9ms
[72.992s][info][gc,phases      ] GC(413)   Post Evacuate Collection Set: 0.3ms
[72.992s][info][gc,phases      ] GC(413)   Other: 0.2ms
[72.992s][info][gc,heap        ] GC(413) Eden regions: 146->0(113)
[72.992s][info][gc,heap        ] GC(413) Survivor regions: 23->22(22)
[72.992s][info][gc,heap        ] GC(413) Old regions: 198->262
[72.992s][info][gc,heap        ] GC(413) Archive regions: 0->0
[72.992s][info][gc,heap        ] GC(413) Humongous regions: 1->1
[72.992s][info][gc,metaspace   ] GC(413) Metaspace: 16712K(17408K)->16712K(17408K) NonClass: 14291K(14720K)->14291K(14720K) Class: 2420K(2688K)->2420K(2688K)
[72.992s][info][gc             ] GC(413) Pause Young (Concurrent Start) (G1 Evacuation Pause) 366M->283M(512M) 36.995ms
[72.992s][info][gc             ] GC(414) Concurrent Mark Cycle
[72.992s][info][gc,cpu         ] GC(413) User=0.56s Sys=0.00s Real=0.04s
[72.992s][info][gc,marking     ] GC(414) Concurrent Scan Root Regions
[73.001s][info][gc,marking     ] GC(414) Concurrent Scan Root Regions 8.726ms
[73.001s][info][gc,marking     ] GC(414) Concurrent Mark
[73.001s][info][gc,marking     ] GC(414) Concurrent Mark From Roots
[73.001s][info][gc,task        ] GC(414) Using 8 workers of 8 for marking
[73.036s][info][gc,marking     ] GC(414) Concurrent Mark From Roots 35.394ms
[73.036s][info][gc,marking     ] GC(414) Concurrent Preclean
[73.036s][info][gc,marking     ] GC(414) Concurrent Preclean 0.030ms
[73.036s][info][gc,start       ] GC(414) Pause Remark
[73.037s][info][gc             ] GC(414) Pause Remark 328M->279M(512M) 0.900ms
[73.037s][info][gc,cpu         ] GC(414) User=0.00s Sys=0.00s Real=0.00s
[73.037s][info][gc,marking     ] GC(414) Concurrent Mark 36.568ms
[73.037s][info][gc,marking     ] GC(414) Concurrent Rebuild Remembered Sets and Scrub Regions
[73.098s][info][gc,start       ] GC(415) Pause Young (Normal) (G1 Evacuation Pause)
[73.098s][info][gc,task        ] GC(415) Using 12 workers of 33 for evacuation
[73.121s][info][gc,phases      ] GC(415)   Pre Evacuate Collection Set: 0.1ms
[73.121s][info][gc,phases      ] GC(415)   Merge Heap Roots: 0.1ms
[73.121s][info][gc,phases      ] GC(415)   Evacuate Collection Set: 21.8ms
[73.121s][info][gc,phases      ] GC(415)   Post Evacuate Collection Set: 0.4ms
[73.121s][info][gc,phases      ] GC(415)   Other: 0.1ms
[73.121s][info][gc,heap        ] GC(415) Eden regions: 113->0(112)
[73.121s][info][gc,heap        ] GC(415) Survivor regions: 22->17(17)
[73.121s][info][gc,heap        ] GC(415) Old regions: 214->269
[73.121s][info][gc,heap        ] GC(415) Archive regions: 0->0
[73.121s][info][gc,heap        ] GC(415) Humongous regions: 0->0
[73.121s][info][gc,metaspace   ] GC(415) Metaspace: 16712K(17408K)->16712K(17408K) NonClass: 14291K(14720K)->14291K(14720K) Class: 2420K(2688K)->2420K(2688K)
[73.121s][info][gc             ] GC(415) Pause Young (Normal) (G1 Evacuation Pause) 347M->284M(512M) 22.836ms
[73.121s][info][gc,cpu         ] GC(415) User=0.38s Sys=0.00s Real=0.03s
[73.123s][info][gc,marking     ] GC(414) Concurrent Rebuild Remembered Sets and Scrub Regions 85.744ms
[73.123s][info][gc,start       ] GC(414) Pause Cleanup
[73.123s][info][gc             ] GC(414) Pause Cleanup 286M->286M(512M) 0.163ms
[73.123s][info][gc,cpu         ] GC(414) User=0.00s Sys=0.00s Real=0.00s
[73.123s][info][gc,marking     ] GC(414) Concurrent Clear Claimed Marks
[73.123s][info][gc,marking     ] GC(414) Concurrent Clear Claimed Marks 0.027ms
[73.123s][info][gc,marking     ] GC(414) Concurrent Cleanup for Next Mark
[73.124s][info][gc,marking     ] GC(414) Concurrent Cleanup for Next Mark 0.304ms
[73.124s][info][gc             ] GC(414) Concurrent Mark Cycle 131.820ms
[73.219s][info][gc,start       ] GC(416) Pause Young (Prepare Mixed) (G1 Evacuation Pause)
[73.219s][info][gc,task        ] GC(416) Using 12 workers of 33 for evacuation
[73.254s][info][gc,phases      ] GC(416)   Pre Evacuate Collection Set: 0.1ms
[73.254s][info][gc,phases      ] GC(416)   Merge Heap Roots: 0.7ms
[73.254s][info][gc,phases      ] GC(416)   Evacuate Collection Set: 33.6ms
[73.254s][info][gc,phases      ] GC(416)   Post Evacuate Collection Set: 0.3ms
[73.254s][info][gc,phases      ] GC(416)   Other: 0.1ms
[73.254s][info][gc,heap        ] GC(416) Eden regions: 112->0(86)
[73.254s][info][gc,heap        ] GC(416) Survivor regions: 17->17(17)
[73.254s][info][gc,heap        ] GC(416) Old regions: 269->319
[73.254s][info][gc,heap        ] GC(416) Archive regions: 0->0
[73.254s][info][gc,heap        ] GC(416) Humongous regions: 0->0
[73.254s][info][gc,metaspace   ] GC(416) Metaspace: 16712K(17408K)->16712K(17408K) NonClass: 14291K(14720K)->14291K(14720K) Class: 2420K(2688K)->2420K(2688K)
[73.254s][info][gc             ] GC(416) Pause Young (Prepare Mixed) (G1 Evacuation Pause) 396M->334M(512M) 35.143ms
[73.254s][info][gc,cpu         ] GC(416) User=0.38s Sys=0.00s Real=0.03s
[73.329s][info][gc,start       ] GC(417) Pause Young (Mixed) (G1 Evacuation Pause)
[73.329s][info][gc,task        ] GC(417) Using 12 workers of 33 for evacuation
[73.355s][info][gc,phases      ] GC(417)   Pre Evacuate Collection Set: 0.1ms
[73.355s][info][gc,phases      ] GC(417)   Merge Heap Roots: 0.1ms
[73.355s][info][gc,phases      ] GC(417)   Evacuate Collection Set: 25.9ms
[73.355s][info][gc,phases      ] GC(417)   Post Evacuate Collection Set: 0.2ms
[73.355s][info][gc,phases      ] GC(417)   Other: 0.1ms
[73.355s][info][gc,heap        ] GC(417) Eden regions: 86->0(68)
[73.355s][info][gc,heap        ] GC(417) Survivor regions: 17->13(13)
[73.355s][info][gc,heap        ] GC(417) Old regions: 319->360
[73.355s][info][gc,heap        ] GC(417) Archive regions: 0->0
[73.355s][info][gc,heap        ] GC(417) Humongous regions: 0->0
[73.355s][info][gc,metaspace   ] GC(417) Metaspace: 16712K(17408K)->16712K(17408K) NonClass: 14291K(14720K)->14291K(14720K) Class: 2420K(2688K)->2420K(2688K)
[73.355s][info][gc             ] GC(417) Pause Young (Mixed) (G1 Evacuation Pause) 420M->371M(512M) 26.804ms
[73.355s][info][gc,cpu         ] GC(417) User=0.38s Sys=0.00s Real=0.03s
[73.414s][info][gc,start       ] GC(418) Pause Young (Concurrent Start) (G1 Evacuation Pause)
[73.414s][info][gc,task        ] GC(418) Using 12 workers of 33 for evacuation
[73.437s][info][gc,phases      ] GC(418)   Pre Evacuate Collection Set: 0.2ms
[73.437s][info][gc,phases      ] GC(418)   Merge Heap Roots: 0.1ms
[73.437s][info][gc,phases      ] GC(418)   Evacuate Collection Set: 21.3ms
[73.437s][info][gc,phases      ] GC(418)   Post Evacuate Collection Set: 0.3ms
[73.437s][info][gc,phases      ] GC(418)   Other: 0.1ms
[73.437s][info][gc,heap        ] GC(418) Eden regions: 68->0(52)
[73.437s][info][gc,heap        ] GC(418) Survivor regions: 13->11(11)
[73.437s][info][gc,heap        ] GC(418) Old regions: 360->394
[73.437s][info][gc,heap        ] GC(418) Archive regions: 0->0
[73.437s][info][gc,heap        ] GC(418) Humongous regions: 0->0
[73.437s][info][gc,metaspace   ] GC(418) Metaspace: 16712K(17408K)->16712K(17408K) NonClass: 14291K(14720K)->14291K(14720K) Class: 2420K(2688K)->2420K(2688K)
[73.437s][info][gc             ] GC(418) Pause Young (Concurrent Start) (G1 Evacuation Pause) 439M->403M(512M) 22.409ms
[73.437s][info][gc             ] GC(419) Concurrent Mark Cycle
[73.437s][info][gc,cpu         ] GC(418) User=0.38s Sys=0.00s Real=0.03s
[73.437s][info][gc,marking     ] GC(419) Concurrent Scan Root Regions
[73.446s][info][gc,marking     ] GC(419) Concurrent Scan Root Regions 8.986ms
[73.446s][info][gc,marking     ] GC(419) Concurrent Mark
[73.446s][info][gc,marking     ] GC(419) Concurrent Mark From Roots
[73.446s][info][gc,task        ] GC(419) Using 8 workers of 8 for marking
[73.490s][info][gc,start       ] GC(420) Pause Young (Normal) (G1 Evacuation Pause)
[73.490s][info][gc,task        ] GC(420) Using 12 workers of 33 for evacuation
[73.502s][info][gc,phases      ] GC(420)   Pre Evacuate Collection Set: 0.1ms
[73.502s][info][gc,phases      ] GC(420)   Merge Heap Roots: 0.1ms
[73.502s][info][gc,phases      ] GC(420)   Evacuate Collection Set: 10.9ms
[73.502s][info][gc,phases      ] GC(420)   Post Evacuate Collection Set: 0.3ms
[73.502s][info][gc,phases      ] GC(420)   Other: 0.1ms
[73.502s][info][gc,heap        ] GC(420) Eden regions: 52->0(39)
[73.502s][info][gc,heap        ] GC(420) Survivor regions: 11->8(8)
[73.502s][info][gc,heap        ] GC(420) Old regions: 394->422
[73.502s][info][gc,heap        ] GC(420) Archive regions: 0->0
[73.502s][info][gc,heap        ] GC(420) Humongous regions: 0->0
[73.502s][info][gc,metaspace   ] GC(420) Metaspace: 16712K(17408K)->16712K(17408K) NonClass: 14291K(14720K)->14291K(14720K) Class: 2420K(2688K)->2420K(2688K)
[73.502s][info][gc             ] GC(420) Pause Young (Normal) (G1 Evacuation Pause) 455M->428M(512M) 12.076ms
[73.502s][info][gc,cpu         ] GC(420) User=0.19s Sys=0.00s Real=0.02s
[73.554s][info][gc,start       ] GC(421) Pause Young (Normal) (G1 Evacuation Pause)
[73.555s][info][gc,task        ] GC(421) Using 12 workers of 33 for evacuation
[73.563s][info][gc,phases      ] GC(421)   Pre Evacuate Collection Set: 0.1ms
[73.563s][info][gc,phases      ] GC(421)   Merge Heap Roots: 0.1ms
[73.563s][info][gc,phases      ] GC(421)   Evacuate Collection Set: 8.2ms
[73.563s][info][gc,phases      ] GC(421)   Post Evacuate Collection Set: 0.3ms
[73.563s][info][gc,phases      ] GC(421)   Other: 0.1ms
[73.563s][info][gc,heap        ] GC(421) Eden regions: 39->0(29)
[73.563s][info][gc,heap        ] GC(421) Survivor regions: 8->6(6)
[73.564s][info][gc,heap        ] GC(421) Old regions: 422->444
[73.564s][info][gc,heap        ] GC(421) Archive regions: 0->0
[73.564s][info][gc,heap        ] GC(421) Humongous regions: 0->0
[73.564s][info][gc,metaspace   ] GC(421) Metaspace: 16712K(17408K)->16712K(17408K) NonClass: 14291K(14720K)->14291K(14720K) Class: 2420K(2688K)->2420K(2688K)
[73.564s][info][gc             ] GC(421) Pause Young (Normal) (G1 Evacuation Pause) 467M->448M(512M) 9.187ms
[73.564s][info][gc,cpu         ] GC(421) User=0.19s Sys=0.00s Real=0.02s
[73.570s][info][gc,marking     ] GC(419) Concurrent Mark From Roots 123.925ms
[73.570s][info][gc,marking     ] GC(419) Concurrent Preclean
[73.570s][info][gc,marking     ] GC(419) Concurrent Preclean 0.032ms
[73.570s][info][gc,start       ] GC(419) Pause Remark
[73.574s][info][gc             ] GC(419) Pause Remark 454M->454M(512M) 3.886ms
[73.574s][info][gc,cpu         ] GC(419) User=0.02s Sys=0.00s Real=0.02s
[73.574s][info][gc,marking     ] GC(419) Concurrent Mark 128.107ms
[73.574s][info][gc,marking     ] GC(419) Concurrent Rebuild Remembered Sets and Scrub Regions
[73.596s][info][gc,start       ] GC(422) Pause Young (Normal) (G1 Evacuation Pause)
[73.596s][info][gc,task        ] GC(422) Using 12 workers of 33 for evacuation
[73.602s][info][gc,phases      ] GC(422)   Pre Evacuate Collection Set: 0.1ms
[73.602s][info][gc,phases      ] GC(422)   Merge Heap Roots: 0.0ms
[73.603s][info][gc,phases      ] GC(422)   Evacuate Collection Set: 6.1ms
[73.603s][info][gc,phases      ] GC(422)   Post Evacuate Collection Set: 0.3ms
[73.603s][info][gc,phases      ] GC(422)   Other: 0.1ms
[73.603s][info][gc,heap        ] GC(422) Eden regions: 29->0(20)
[73.603s][info][gc,heap        ] GC(422) Survivor regions: 6->5(5)
[73.603s][info][gc,heap        ] GC(422) Old regions: 444->460
[73.603s][info][gc,heap        ] GC(422) Archive regions: 0->0
[73.603s][info][gc,heap        ] GC(422) Humongous regions: 0->0
[73.603s][info][gc,metaspace   ] GC(422) Metaspace: 16712K(17408K)->16712K(17408K) NonClass: 14291K(14720K)->14291K(14720K) Class: 2420K(2688K)->2420K(2688K)
[73.603s][info][gc             ] GC(422) Pause Young (Normal) (G1 Evacuation Pause) 477M->463M(512M) 6.937ms
[73.603s][info][gc,cpu         ] GC(422) User=0.00s Sys=0.00s Real=0.00s
[73.622s][info][gc,start       ] GC(423) Pause Young (Normal) (G1 Evacuation Pause)
[73.622s][info][gc,task        ] GC(423) Using 12 workers of 33 for evacuation
[73.628s][info][gc,phases      ] GC(423)   Pre Evacuate Collection Set: 0.1ms
[73.628s][info][gc,phases      ] GC(423)   Merge Heap Roots: 0.1ms
[73.628s][info][gc,phases      ] GC(423)   Evacuate Collection Set: 5.6ms
[73.628s][info][gc,phases      ] GC(423)   Post Evacuate Collection Set: 0.2ms
[73.628s][info][gc,phases      ] GC(423)   Other: 0.1ms
[73.628s][info][gc,heap        ] GC(423) Eden regions: 20->0(21)
[73.628s][info][gc,heap        ] GC(423) Survivor regions: 5->4(4)
[73.628s][info][gc,heap        ] GC(423) Old regions: 460->472
[73.628s][info][gc,heap        ] GC(423) Archive regions: 0->0
[73.628s][info][gc,heap        ] GC(423) Humongous regions: 0->0
[73.628s][info][gc,metaspace   ] GC(423) Metaspace: 16712K(17408K)->16712K(17408K) NonClass: 14291K(14720K)->14291K(14720K) Class: 2420K(2688K)->2420K(2688K)
[73.628s][info][gc             ] GC(423) Pause Young (Normal) (G1 Evacuation Pause) 483M->474M(512M) 6.353ms
[73.628s][info][gc,cpu         ] GC(423) User=0.19s Sys=0.00s Real=0.02s
[73.720s][info][gc,marking     ] GC(419) Concurrent Rebuild Remembered Sets and Scrub Regions 145.863ms
[73.720s][info][gc,start       ] GC(419) Pause Cleanup
[73.720s][info][gc             ] GC(419) Pause Cleanup 493M->493M(512M) 0.376ms
[73.720s][info][gc,cpu         ] GC(419) User=0.00s Sys=0.00s Real=0.00s
[73.720s][info][gc,marking     ] GC(419) Concurrent Clear Claimed Marks
[73.721s][info][gc,marking     ] GC(419) Concurrent Clear Claimed Marks 0.023ms
[73.721s][info][gc,marking     ] GC(419) Concurrent Cleanup for Next Mark
[73.721s][info][gc,marking     ] GC(419) Concurrent Cleanup for Next Mark 0.299ms
[73.721s][info][gc             ] GC(419) Concurrent Mark Cycle 284.049ms
[73.737s][info][gc,start       ] GC(424) Pause Young (Prepare Mixed) (G1 Evacuation Pause)
[73.737s][info][gc,task        ] GC(424) Using 12 workers of 33 for evacuation
[73.767s][info][gc,phases      ] GC(424)   Pre Evacuate Collection Set: 0.1ms
[73.767s][info][gc,phases      ] GC(424)   Merge Heap Roots: 2.4ms
[73.767s][info][gc,phases      ] GC(424)   Evacuate Collection Set: 25.6ms
[73.767s][info][gc,phases      ] GC(424)   Post Evacuate Collection Set: 1.6ms
[73.767s][info][gc,phases      ] GC(424)   Other: 0.1ms
[73.767s][info][gc,heap        ] GC(424) Eden regions: 21->0(1)
[73.767s][info][gc,heap        ] GC(424) Survivor regions: 4->4(4)
[73.767s][info][gc,heap        ] GC(424) Old regions: 472->500
[73.767s][info][gc,heap        ] GC(424) Archive regions: 0->0
[73.767s][info][gc,heap        ] GC(424) Humongous regions: 3->3
[73.767s][info][gc,metaspace   ] GC(424) Metaspace: 16712K(17408K)->16712K(17408K) NonClass: 14291K(14720K)->14291K(14720K) Class: 2420K(2688K)->2420K(2688K)
[73.767s][info][gc             ] GC(424) Pause Young (Prepare Mixed) (G1 Evacuation Pause) (Evacuation Failure) 498M->505M(512M) 30.080ms
[73.767s][info][gc,cpu         ] GC(424) User=0.47s Sys=0.05s Real=0.03s
[73.770s][info][gc,start       ] GC(425) Pause Young (Mixed) (G1 Evacuation Pause)
[73.771s][info][gc,task        ] GC(425) Using 12 workers of 33 for evacuation
[73.779s][info][gc,phases      ] GC(425)   Pre Evacuate Collection Set: 0.1ms
[73.779s][info][gc,phases      ] GC(425)   Merge Heap Roots: 1.0ms
[73.779s][info][gc,phases      ] GC(425)   Evacuate Collection Set: 7.1ms
[73.779s][info][gc,phases      ] GC(425)   Post Evacuate Collection Set: 0.4ms
[73.779s][info][gc,phases      ] GC(425)   Other: 0.1ms
[73.779s][info][gc,heap        ] GC(425) Eden regions: 1->0(2)
[73.779s][info][gc,heap        ] GC(425) Survivor regions: 4->1(1)
[73.779s][info][gc,heap        ] GC(425) Old regions: 500->505
[73.780s][info][gc,heap        ] GC(425) Archive regions: 0->0
[73.780s][info][gc,heap        ] GC(425) Humongous regions: 3->3
[73.780s][info][gc,metaspace   ] GC(425) Metaspace: 16712K(17408K)->16712K(17408K) NonClass: 14291K(14720K)->14291K(14720K) Class: 2420K(2688K)->2420K(2688K)
[73.780s][info][gc             ] GC(425) Pause Young (Mixed) (G1 Evacuation Pause) (Evacuation Failure) 506M->507M(512M) 9.190ms
[73.780s][info][gc,cpu         ] GC(425) User=0.00s Sys=0.00s Real=0.00s
[73.785s][info][gc,start       ] GC(426) Pause Young (Concurrent Start) (G1 Evacuation Pause)
[73.785s][info][gc,task        ] GC(426) Using 12 workers of 33 for evacuation
[73.791s][info][gc,phases      ] GC(426)   Pre Evacuate Collection Set: 0.2ms
[73.791s][info][gc,phases      ] GC(426)   Merge Heap Roots: 0.3ms
[73.791s][info][gc,phases      ] GC(426)   Evacuate Collection Set: 5.2ms
[73.791s][info][gc,phases      ] GC(426)   Post Evacuate Collection Set: 0.5ms
[73.791s][info][gc,phases      ] GC(426)   Other: 0.1ms
[73.791s][info][gc,heap        ] GC(426) Eden regions: 2->0(0)
[73.791s][info][gc,heap        ] GC(426) Survivor regions: 1->1(1)
[73.791s][info][gc,heap        ] GC(426) Old regions: 505->508
[73.791s][info][gc,heap        ] GC(426) Archive regions: 0->0
[73.791s][info][gc,heap        ] GC(426) Humongous regions: 3->3
[73.791s][info][gc,metaspace   ] GC(426) Metaspace: 16712K(17408K)->16712K(17408K) NonClass: 14291K(14720K)->14291K(14720K) Class: 2420K(2688K)->2420K(2688K)
[73.792s][info][gc             ] GC(426) Pause Young (Concurrent Start) (G1 Evacuation Pause) (Evacuation Failure) 509M->510M(512M) 6.730ms
[73.792s][info][gc             ] GC(427) Concurrent Mark Cycle
[73.792s][info][gc,cpu         ] GC(426) User=0.00s Sys=0.00s Real=0.00s
[73.792s][info][gc,marking     ] GC(427) Concurrent Scan Root Regions
[73.792s][info][gc,ergo        ] Attempting full compaction
[73.792s][info][gc,start       ] GC(428) Pause Full (G1 Compaction Pause)
[73.792s][info][gc,task        ] GC(428) Using 12 workers of 33 for full compaction
[73.793s][info][gc,marking     ] GC(427) Concurrent Scan Root Regions 1.162ms
[73.793s][info][gc,marking     ] GC(427) Concurrent Mark
[73.793s][info][gc,marking     ] GC(427) Concurrent Mark From Roots
[73.793s][info][gc,task        ] GC(427) Using 8 workers of 8 for marking
[73.793s][info][gc,phases,start] GC(428) Phase 1: Mark live objects
[73.915s][info][gc,phases      ] GC(428) Phase 1: Mark live objects 121.556ms
[73.915s][info][gc,phases,start] GC(428) Phase 2: Prepare compaction
[73.937s][info][gc,phases      ] GC(428) Phase 2: Prepare compaction 22.570ms
[73.937s][info][gc,phases,start] GC(428) Phase 3: Adjust pointers
[73.964s][info][gc,phases      ] GC(428) Phase 3: Adjust pointers 26.927ms
[73.964s][info][gc,phases,start] GC(428) Phase 4: Compact heap
[73.979s][info][gc,phases      ] GC(428) Phase 4: Compact heap 14.414ms
[73.982s][info][gc,heap        ] GC(428) Eden regions: 0->0(27)
[73.982s][info][gc,heap        ] GC(428) Survivor regions: 1->0(1)
[73.982s][info][gc,heap        ] GC(428) Old regions: 508->451
[73.982s][info][gc,heap        ] GC(428) Archive regions: 0->0
[73.982s][info][gc,heap        ] GC(428) Humongous regions: 3->3
[73.982s][info][gc,metaspace   ] GC(428) Metaspace: 16712K(17408K)->16712K(17408K) NonClass: 14291K(14720K)->14291K(14720K) Class: 2420K(2688K)->2420K(2688K)
[73.982s][info][gc             ] GC(428) Pause Full (G1 Compaction Pause) 510M->448M(512M) 190.141ms
[73.982s][info][gc,cpu         ] GC(428) User=2.08s Sys=0.00s Real=0.19s
[73.982s][info][gc,marking     ] GC(427) Concurrent Mark From Roots 189.157ms
[73.982s][info][gc,marking     ] GC(427) Concurrent Mark Abort
[73.982s][info][gc             ] GC(427) Concurrent Mark Cycle 190.446ms
[74.050s][info][gc,start       ] GC(429) Pause Young (Normal) (G1 Evacuation Pause)
[74.050s][info][gc,task        ] GC(429) Using 12 workers of 33 for evacuation
[74.086s][info][gc,phases      ] GC(429)   Pre Evacuate Collection Set: 0.1ms
[74.086s][info][gc,phases      ] GC(429)   Merge Heap Roots: 3.7ms
[74.086s][info][gc,phases      ] GC(429)   Evacuate Collection Set: 31.9ms
[74.086s][info][gc,phases      ] GC(429)   Post Evacuate Collection Set: 0.3ms
[74.086s][info][gc,phases      ] GC(429)   Other: 0.1ms
[74.086s][info][gc,heap        ] GC(429) Eden regions: 27->0(21)
[74.086s][info][gc,heap        ] GC(429) Survivor regions: 0->4(4)
[74.086s][info][gc,heap        ] GC(429) Old regions: 451->467
[74.086s][info][gc,heap        ] GC(429) Archive regions: 0->0
[74.086s][info][gc,heap        ] GC(429) Humongous regions: 3->3
[74.086s][info][gc,metaspace   ] GC(429) Metaspace: 16712K(17408K)->16712K(17408K) NonClass: 14291K(14720K)->14291K(14720K) Class: 2420K(2688K)->2420K(2688K)
[74.086s][info][gc             ] GC(429) Pause Young (Normal) (G1 Evacuation Pause) 475M->467M(512M) 36.514ms
[74.086s][info][gc,cpu         ] GC(429) User=0.38s Sys=0.00s Real=0.03s
[74.105s][info][gc,start       ] GC(430) Pause Young (Concurrent Start) (G1 Humongous Allocation)
[74.105s][info][gc,task        ] GC(430) Using 12 workers of 33 for evacuation
[74.119s][info][gc,phases      ] GC(430)   Pre Evacuate Collection Set: 0.2ms
[74.119s][info][gc,phases      ] GC(430)   Merge Heap Roots: 0.9ms
[74.119s][info][gc,phases      ] GC(430)   Evacuate Collection Set: 12.9ms
[74.119s][info][gc,phases      ] GC(430)   Post Evacuate Collection Set: 0.4ms
[74.119s][info][gc,phases      ] GC(430)   Other: 0.1ms
[74.119s][info][gc,heap        ] GC(430) Eden regions: 9->0(21)
[74.119s][info][gc,heap        ] GC(430) Survivor regions: 4->4(4)
[74.119s][info][gc,heap        ] GC(430) Old regions: 467->474
[74.119s][info][gc,heap        ] GC(430) Archive regions: 0->0
[74.119s][info][gc,heap        ] GC(430) Humongous regions: 3->3
[74.119s][info][gc,metaspace   ] GC(430) Metaspace: 16712K(17408K)->16712K(17408K) NonClass: 14291K(14720K)->14291K(14720K) Class: 2420K(2688K)->2420K(2688K)
[74.119s][info][gc             ] GC(430) Pause Young (Concurrent Start) (G1 Humongous Allocation) 476M->474M(512M) 14.847ms
[74.119s][info][gc             ] GC(431) Concurrent Mark Cycle
[74.119s][info][gc,cpu         ] GC(430) User=0.19s Sys=0.00s Real=0.02s
[74.119s][info][gc,marking     ] GC(431) Concurrent Scan Root Regions
[74.122s][info][gc,marking     ] GC(431) Concurrent Scan Root Regions 2.236ms
[74.122s][info][gc,marking     ] GC(431) Concurrent Mark
[74.122s][info][gc,marking     ] GC(431) Concurrent Mark From Roots
[74.122s][info][gc,task        ] GC(431) Using 8 workers of 8 for marking
[74.269s][info][gc,marking     ] GC(431) Concurrent Mark From Roots 147.196ms
[74.269s][info][gc,marking     ] GC(431) Concurrent Preclean
[74.269s][info][gc,marking     ] GC(431) Concurrent Preclean 0.073ms
[74.269s][info][gc,start       ] GC(431) Pause Remark
[74.272s][info][gc             ] GC(431) Pause Remark 481M->481M(512M) 2.307ms
[74.272s][info][gc,cpu         ] GC(431) User=0.00s Sys=0.00s Real=0.00s
[74.272s][info][gc,marking     ] GC(431) Concurrent Mark 149.969ms
[74.272s][info][gc,marking     ] GC(431) Concurrent Rebuild Remembered Sets and Scrub Regions
[74.314s][info][gc,marking     ] GC(431) Concurrent Rebuild Remembered Sets and Scrub Regions 42.193ms
[74.314s][info][gc,start       ] GC(431) Pause Cleanup
[74.314s][info][gc             ] GC(431) Pause Cleanup 484M->484M(512M) 0.164ms
[74.314s][info][gc,cpu         ] GC(431) User=0.00s Sys=0.00s Real=0.00s
[74.314s][info][gc,marking     ] GC(431) Concurrent Clear Claimed Marks
[74.314s][info][gc,marking     ] GC(431) Concurrent Clear Claimed Marks 0.038ms
[74.314s][info][gc,marking     ] GC(431) Concurrent Cleanup for Next Mark
[74.315s][info][gc,marking     ] GC(431) Concurrent Cleanup for Next Mark 0.279ms
[74.315s][info][gc             ] GC(431) Concurrent Mark Cycle 195.256ms
[74.535s][info][gc,start       ] GC(432) Pause Young (Prepare Mixed) (G1 Evacuation Pause)
[74.535s][info][gc,task        ] GC(432) Using 12 workers of 33 for evacuation
[74.548s][info][gc,phases      ] GC(432)   Pre Evacuate Collection Set: 0.1ms
[74.548s][info][gc,phases      ] GC(432)   Merge Heap Roots: 0.5ms
[74.548s][info][gc,phases      ] GC(432)   Evacuate Collection Set: 11.5ms
[74.548s][info][gc,phases      ] GC(432)   Post Evacuate Collection Set: 0.3ms
[74.548s][info][gc,phases      ] GC(432)   Other: 0.1ms
[74.548s][info][gc,heap        ] GC(432) Eden regions: 21->0(22)
[74.548s][info][gc,heap        ] GC(432) Survivor regions: 4->3(4)
[74.548s][info][gc,heap        ] GC(432) Old regions: 474->478
[74.548s][info][gc,heap        ] GC(432) Archive regions: 0->0
[74.548s][info][gc,heap        ] GC(432) Humongous regions: 6->6
[74.548s][info][gc,metaspace   ] GC(432) Metaspace: 16707K(17408K)->16707K(17408K) NonClass: 14287K(14720K)->14287K(14720K) Class: 2419K(2688K)->2419K(2688K)
[74.548s][info][gc             ] GC(432) Pause Young (Prepare Mixed) (G1 Evacuation Pause) 498M->481M(512M) 12.991ms
[74.548s][info][gc,cpu         ] GC(432) User=0.19s Sys=0.00s Real=0.02s
[74.588s][info][gc,start       ] GC(433) Pause Young (Mixed) (G1 Evacuation Pause)
[74.588s][info][gc,task        ] GC(433) Using 12 workers of 33 for evacuation
[74.594s][info][gc,phases      ] GC(433)   Pre Evacuate Collection Set: 0.1ms
[74.594s][info][gc,phases      ] GC(433)   Merge Heap Roots: 0.1ms
[74.594s][info][gc,phases      ] GC(433)   Evacuate Collection Set: 5.1ms
[74.594s][info][gc,phases      ] GC(433)   Post Evacuate Collection Set: 0.6ms
[74.595s][info][gc,phases      ] GC(433)   Other: 0.1ms
[74.595s][info][gc,heap        ] GC(433) Eden regions: 22->0(0)
[74.595s][info][gc,heap        ] GC(433) Survivor regions: 3->1(3)
[74.595s][info][gc,heap        ] GC(433) Old regions: 478->505
[74.595s][info][gc,heap        ] GC(433) Archive regions: 0->0
[74.595s][info][gc,heap        ] GC(433) Humongous regions: 6->6
[74.595s][info][gc,metaspace   ] GC(433) Metaspace: 16707K(17408K)->16707K(17408K) NonClass: 14287K(14720K)->14287K(14720K) Class: 2419K(2688K)->2419K(2688K)
[74.595s][info][gc             ] GC(433) Pause Young (Mixed) (G1 Evacuation Pause) (Evacuation Failure) 503M->506M(512M) 6.455ms
[74.595s][info][gc,cpu         ] GC(433) User=0.19s Sys=0.00s Real=0.02s
[74.595s][info][gc,ergo        ] Attempting full compaction
[74.595s][info][gc,start       ] GC(434) Pause Full (G1 Compaction Pause)
[74.595s][info][gc,task        ] GC(434) Using 12 workers of 33 for full compaction
[74.595s][info][gc,phases,start] GC(434) Phase 1: Mark live objects
[74.788s][info][gc,phases      ] GC(434) Phase 1: Mark live objects 192.341ms
[74.788s][info][gc,phases,start] GC(434) Phase 2: Prepare compaction
[74.807s][info][gc,phases      ] GC(434) Phase 2: Prepare compaction 19.347ms
[74.807s][info][gc,phases,start] GC(434) Phase 3: Adjust pointers
[74.833s][info][gc,phases      ] GC(434) Phase 3: Adjust pointers 25.399ms
[74.833s][info][gc,phases,start] GC(434) Phase 4: Compact heap
[74.840s][info][gc,phases      ] GC(434) Phase 4: Compact heap 6.899ms
[74.843s][info][gc,heap        ] GC(434) Eden regions: 0->0(25)
[74.843s][info][gc,heap        ] GC(434) Survivor regions: 1->0(3)
[74.843s][info][gc,heap        ] GC(434) Old regions: 505->473
[74.843s][info][gc,heap        ] GC(434) Archive regions: 0->0
[74.843s][info][gc,heap        ] GC(434) Humongous regions: 6->3
[74.843s][info][gc,metaspace   ] GC(434) Metaspace: 16707K(17408K)->16707K(17408K) NonClass: 14287K(14720K)->14287K(14720K) Class: 2419K(2688K)->2419K(2688K)
[74.843s][info][gc             ] GC(434) Pause Full (G1 Compaction Pause) 506M->469M(512M) 248.575ms
[74.844s][info][gc,cpu         ] GC(434) User=2.83s Sys=0.00s Real=0.25s
[74.889s][info][gc,start       ] GC(435) Pause Young (Concurrent Start) (G1 Evacuation Pause)
[74.889s][info][gc,task        ] GC(435) Using 12 workers of 33 for evacuation
[74.892s][info][gc,phases      ] GC(435)   Pre Evacuate Collection Set: 0.2ms
[74.892s][info][gc,phases      ] GC(435)   Merge Heap Roots: 0.0ms
[74.892s][info][gc,phases      ] GC(435)   Evacuate Collection Set: 1.8ms
[74.892s][info][gc,phases      ] GC(435)   Post Evacuate Collection Set: 0.3ms
[74.892s][info][gc,phases      ] GC(435)   Other: 0.1ms
[74.892s][info][gc,heap        ] GC(435) Eden regions: 25->0(22)
[74.892s][info][gc,heap        ] GC(435) Survivor regions: 0->3(4)
[74.892s][info][gc,heap        ] GC(435) Old regions: 473->473
[74.892s][info][gc,heap        ] GC(435) Archive regions: 0->0
[74.892s][info][gc,heap        ] GC(435) Humongous regions: 3->3
[74.892s][info][gc,metaspace   ] GC(435) Metaspace: 16707K(17408K)->16707K(17408K) NonClass: 14287K(14720K)->14287K(14720K) Class: 2419K(2688K)->2419K(2688K)
[74.892s][info][gc             ] GC(435) Pause Young (Concurrent Start) (G1 Evacuation Pause) 494M->472M(512M) 2.986ms
[74.892s][info][gc             ] GC(436) Concurrent Mark Cycle
[74.892s][info][gc,cpu         ] GC(435) User=0.00s Sys=0.02s Real=0.02s
[74.892s][info][gc,marking     ] GC(436) Concurrent Scan Root Regions
[74.906s][info][gc,marking     ] GC(436) Concurrent Scan Root Regions 14.173ms
[74.906s][info][gc,marking     ] GC(436) Concurrent Mark
[74.906s][info][gc,marking     ] GC(436) Concurrent Mark From Roots
[74.906s][info][gc,task        ] GC(436) Using 8 workers of 8 for marking
[74.941s][info][gc,start       ] GC(437) Pause Young (Normal) (G1 Evacuation Pause)
[74.941s][info][gc,task        ] GC(437) Using 12 workers of 33 for evacuation
[74.943s][info][gc,phases      ] GC(437)   Pre Evacuate Collection Set: 0.1ms
[74.943s][info][gc,phases      ] GC(437)   Merge Heap Roots: 0.0ms
[74.943s][info][gc,phases      ] GC(437)   Evacuate Collection Set: 1.4ms
[74.943s][info][gc,phases      ] GC(437)   Post Evacuate Collection Set: 0.2ms
[74.943s][info][gc,phases      ] GC(437)   Other: 0.1ms
[74.943s][info][gc,heap        ] GC(437) Eden regions: 22->0(22)
[74.943s][info][gc,heap        ] GC(437) Survivor regions: 3->3(4)
[74.943s][info][gc,heap        ] GC(437) Old regions: 473->475
[74.943s][info][gc,heap        ] GC(437) Archive regions: 0->0
[74.943s][info][gc,heap        ] GC(437) Humongous regions: 3->3
[74.943s][info][gc,metaspace   ] GC(437) Metaspace: 16707K(17408K)->16707K(17408K) NonClass: 14287K(14720K)->14287K(14720K) Class: 2419K(2688K)->2419K(2688K)
[74.943s][info][gc             ] GC(437) Pause Young (Normal) (G1 Evacuation Pause) 494M->473M(512M) 2.348ms
[74.943s][info][gc,cpu         ] GC(437) User=0.00s Sys=0.00s Real=0.00s
[74.991s][info][gc,start       ] GC(438) Pause Young (Normal) (G1 Evacuation Pause)
[74.991s][info][gc,task        ] GC(438) Using 12 workers of 33 for evacuation
[74.993s][info][gc,phases      ] GC(438)   Pre Evacuate Collection Set: 0.1ms
[74.993s][info][gc,phases      ] GC(438)   Merge Heap Roots: 0.0ms
[74.993s][info][gc,phases      ] GC(438)   Evacuate Collection Set: 1.2ms
[74.993s][info][gc,phases      ] GC(438)   Post Evacuate Collection Set: 0.2ms
[74.993s][info][gc,phases      ] GC(438)   Other: 0.1ms
[74.993s][info][gc,heap        ] GC(438) Eden regions: 22->0(22)
[74.993s][info][gc,heap        ] GC(438) Survivor regions: 3->3(4)
[74.993s][info][gc,heap        ] GC(438) Old regions: 475->476
[74.993s][info][gc,heap        ] GC(438) Archive regions: 0->0
[74.993s][info][gc,heap        ] GC(438) Humongous regions: 3->3
[74.993s][info][gc,metaspace   ] GC(438) Metaspace: 16707K(17408K)->16707K(17408K) NonClass: 14287K(14720K)->14287K(14720K) Class: 2419K(2688K)->2419K(2688K)
[74.993s][info][gc             ] GC(438) Pause Young (Normal) (G1 Evacuation Pause) 495M->474M(512M) 2.144ms
[74.993s][info][gc,cpu         ] GC(438) User=0.00s Sys=0.00s Real=0.00s
[75.040s][info][gc,start       ] GC(439) Pause Young (Normal) (G1 Evacuation Pause)
[75.040s][info][gc,task        ] GC(439) Using 12 workers of 33 for evacuation
[75.042s][info][gc,phases      ] GC(439)   Pre Evacuate Collection Set: 0.1ms
[75.042s][info][gc,phases      ] GC(439)   Merge Heap Roots: 0.0ms
[75.042s][info][gc,phases      ] GC(439)   Evacuate Collection Set: 1.2ms
[75.042s][info][gc,phases      ] GC(439)   Post Evacuate Collection Set: 0.2ms
[75.042s][info][gc,phases      ] GC(439)   Other: 0.1ms
[75.042s][info][gc,heap        ] GC(439) Eden regions: 22->0(22)
[75.042s][info][gc,heap        ] GC(439) Survivor regions: 3->3(4)
[75.042s][info][gc,heap        ] GC(439) Old regions: 476->477
[75.042s][info][gc,heap        ] GC(439) Archive regions: 0->0
[75.042s][info][gc,heap        ] GC(439) Humongous regions: 3->3
[75.042s][info][gc,metaspace   ] GC(439) Metaspace: 16707K(17408K)->16707K(17408K) NonClass: 14287K(14720K)->14287K(14720K) Class: 2419K(2688K)->2419K(2688K)
[75.042s][info][gc             ] GC(439) Pause Young (Normal) (G1 Evacuation Pause) 496M->475M(512M) 2.157ms
[75.042s][info][gc,cpu         ] GC(439) User=0.00s Sys=0.00s Real=0.00s
[75.088s][info][gc,marking     ] GC(436) Concurrent Mark From Roots 181.463ms
[75.088s][info][gc,marking     ] GC(436) Concurrent Preclean
[75.088s][info][gc,marking     ] GC(436) Concurrent Preclean 0.044ms
[75.088s][info][gc,start       ] GC(436) Pause Remark
[75.089s][info][gc             ] GC(436) Pause Remark 497M->497M(512M) 0.964ms
[75.089s][info][gc,cpu         ] GC(436) User=0.00s Sys=0.00s Real=0.00s
[75.089s][info][gc,marking     ] GC(436) Concurrent Mark 182.765ms
[75.089s][info][gc,marking     ] GC(436) Concurrent Rebuild Remembered Sets and Scrub Regions
[75.090s][info][gc,start       ] GC(440) Pause Young (Normal) (G1 Evacuation Pause)
[75.090s][info][gc,task        ] GC(440) Using 12 workers of 33 for evacuation
[75.092s][info][gc,phases      ] GC(440)   Pre Evacuate Collection Set: 0.1ms
[75.092s][info][gc,phases      ] GC(440)   Merge Heap Roots: 0.0ms
[75.092s][info][gc,phases      ] GC(440)   Evacuate Collection Set: 1.2ms
[75.092s][info][gc,phases      ] GC(440)   Post Evacuate Collection Set: 0.2ms
[75.092s][info][gc,phases      ] GC(440)   Other: 0.1ms
[75.092s][info][gc,heap        ] GC(440) Eden regions: 22->0(22)
[75.092s][info][gc,heap        ] GC(440) Survivor regions: 3->3(4)
[75.092s][info][gc,heap        ] GC(440) Old regions: 477->477
[75.092s][info][gc,heap        ] GC(440) Archive regions: 0->0
[75.092s][info][gc,heap        ] GC(440) Humongous regions: 3->3
[75.092s][info][gc,metaspace   ] GC(440) Metaspace: 16707K(17408K)->16707K(17408K) NonClass: 14287K(14720K)->14287K(14720K) Class: 2419K(2688K)->2419K(2688K)
[75.092s][info][gc             ] GC(440) Pause Young (Normal) (G1 Evacuation Pause) 497M->476M(512M) 1.787ms
[75.092s][info][gc,cpu         ] GC(440) User=0.00s Sys=0.00s Real=0.00s
[75.129s][info][gc,marking     ] GC(436) Concurrent Rebuild Remembered Sets and Scrub Regions 40.045ms
[75.129s][info][gc,start       ] GC(436) Pause Cleanup
[75.129s][info][gc             ] GC(436) Pause Cleanup 496M->496M(512M) 0.162ms
[75.129s][info][gc,cpu         ] GC(436) User=0.00s Sys=0.00s Real=0.00s
[75.129s][info][gc,marking     ] GC(436) Concurrent Clear Claimed Marks
[75.130s][info][gc,marking     ] GC(436) Concurrent Clear Claimed Marks 0.021ms
[75.130s][info][gc,marking     ] GC(436) Concurrent Cleanup for Next Mark
[75.130s][info][gc,marking     ] GC(436) Concurrent Cleanup for Next Mark 0.260ms
[75.130s][info][gc             ] GC(436) Concurrent Mark Cycle 237.740ms
[75.134s][info][gc,start       ] GC(441) Pause Young (Prepare Mixed) (G1 Evacuation Pause)
[75.134s][info][gc,task        ] GC(441) Using 12 workers of 33 for evacuation
[75.136s][info][gc,phases      ] GC(441)   Pre Evacuate Collection Set: 0.1ms
[75.136s][info][gc,phases      ] GC(441)   Merge Heap Roots: 0.0ms
[75.136s][info][gc,phases      ] GC(441)   Evacuate Collection Set: 1.2ms
[75.136s][info][gc,phases      ] GC(441)   Post Evacuate Collection Set: 0.2ms
[75.136s][info][gc,phases      ] GC(441)   Other: 0.1ms
[75.136s][info][gc,heap        ] GC(441) Eden regions: 22->0(22)
[75.136s][info][gc,heap        ] GC(441) Survivor regions: 3->3(4)
[75.136s][info][gc,heap        ] GC(441) Old regions: 477->478
[75.136s][info][gc,heap        ] GC(441) Archive regions: 0->0
[75.136s][info][gc,heap        ] GC(441) Humongous regions: 3->3
[75.136s][info][gc,metaspace   ] GC(441) Metaspace: 16707K(17408K)->16707K(17408K) NonClass: 14287K(14720K)->14287K(14720K) Class: 2419K(2688K)->2419K(2688K)
[75.136s][info][gc             ] GC(441) Pause Young (Prepare Mixed) (G1 Evacuation Pause) 498M->477M(512M) 1.732ms
[75.136s][info][gc,cpu         ] GC(441) User=0.00s Sys=0.00s Real=0.00s
[75.174s][info][gc,start       ] GC(442) Pause Young (Mixed) (G1 Evacuation Pause)
[75.174s][info][gc,task        ] GC(442) Using 12 workers of 33 for evacuation
[75.176s][info][gc,phases      ] GC(442)   Pre Evacuate Collection Set: 0.1ms
[75.177s][info][gc,phases      ] GC(442)   Merge Heap Roots: 0.0ms
[75.177s][info][gc,phases      ] GC(442)   Evacuate Collection Set: 2.1ms
[75.177s][info][gc,phases      ] GC(442)   Post Evacuate Collection Set: 0.3ms
[75.177s][info][gc,phases      ] GC(442)   Other: 0.1ms
[75.177s][info][gc,heap        ] GC(442) Eden regions: 22->0(22)
[75.177s][info][gc,heap        ] GC(442) Survivor regions: 3->3(4)
[75.177s][info][gc,heap        ] GC(442) Old regions: 478->477
[75.177s][info][gc,heap        ] GC(442) Archive regions: 0->0
[75.177s][info][gc,heap        ] GC(442) Humongous regions: 3->3
[75.177s][info][gc,metaspace   ] GC(442) Metaspace: 16707K(17408K)->16707K(17408K) NonClass: 14287K(14720K)->14287K(14720K) Class: 2419K(2688K)->2419K(2688K)
[75.177s][info][gc             ] GC(442) Pause Young (Mixed) (G1 Evacuation Pause) 499M->477M(512M) 3.093ms
[75.177s][info][gc,cpu         ] GC(442) User=0.00s Sys=0.00s Real=0.00s
[75.215s][info][gc,start       ] GC(443) Pause Young (Concurrent Start) (G1 Evacuation Pause)
[75.215s][info][gc,task        ] GC(443) Using 12 workers of 33 for evacuation
[75.217s][info][gc,phases      ] GC(443)   Pre Evacuate Collection Set: 0.2ms
[75.218s][info][gc,phases      ] GC(443)   Merge Heap Roots: 0.0ms
[75.218s][info][gc,phases      ] GC(443)   Evacuate Collection Set: 1.8ms
[75.218s][info][gc,phases      ] GC(443)   Post Evacuate Collection Set: 0.3ms
[75.218s][info][gc,phases      ] GC(443)   Other: 0.1ms
[75.218s][info][gc,heap        ] GC(443) Eden regions: 22->0(22)
[75.218s][info][gc,heap        ] GC(443) Survivor regions: 3->3(4)
[75.218s][info][gc,heap        ] GC(443) Old regions: 477->478
[75.218s][info][gc,heap        ] GC(443) Archive regions: 0->0
[75.218s][info][gc,heap        ] GC(443) Humongous regions: 3->3
[75.218s][info][gc,metaspace   ] GC(443) Metaspace: 16707K(17408K)->16707K(17408K) NonClass: 14287K(14720K)->14287K(14720K) Class: 2419K(2688K)->2419K(2688K)
[75.218s][info][gc             ] GC(443) Pause Young (Concurrent Start) (G1 Evacuation Pause) 499M->478M(512M) 3.017ms
[75.218s][info][gc             ] GC(444) Concurrent Mark Cycle
[75.218s][info][gc,cpu         ] GC(443) User=0.02s Sys=0.02s Real=0.02s
[75.218s][info][gc,marking     ] GC(444) Concurrent Scan Root Regions
[75.231s][info][gc,marking     ] GC(444) Concurrent Scan Root Regions 12.851ms
[75.231s][info][gc,marking     ] GC(444) Concurrent Mark
[75.231s][info][gc,marking     ] GC(444) Concurrent Mark From Roots
[75.231s][info][gc,task        ] GC(444) Using 8 workers of 8 for marking
[75.263s][info][gc,start       ] GC(445) Pause Young (Normal) (G1 Evacuation Pause)
[75.264s][info][gc,task        ] GC(445) Using 12 workers of 33 for evacuation
[75.265s][info][gc,phases      ] GC(445)   Pre Evacuate Collection Set: 0.1ms
[75.265s][info][gc,phases      ] GC(445)   Merge Heap Roots: 0.0ms
[75.265s][info][gc,phases      ] GC(445)   Evacuate Collection Set: 1.1ms
[75.265s][info][gc,phases      ] GC(445)   Post Evacuate Collection Set: 0.2ms
[75.265s][info][gc,phases      ] GC(445)   Other: 0.1ms
[75.265s][info][gc,heap        ] GC(445) Eden regions: 22->0(22)
[75.265s][info][gc,heap        ] GC(445) Survivor regions: 3->3(4)
[75.265s][info][gc,heap        ] GC(445) Old regions: 478->478
[75.265s][info][gc,heap        ] GC(445) Archive regions: 0->0
[75.265s][info][gc,heap        ] GC(445) Humongous regions: 3->3
[75.265s][info][gc,metaspace   ] GC(445) Metaspace: 16707K(17408K)->16707K(17408K) NonClass: 14287K(14720K)->14287K(14720K) Class: 2419K(2688K)->2419K(2688K)
[75.265s][info][gc             ] GC(445) Pause Young (Normal) (G1 Evacuation Pause) 500M->479M(512M) 1.654ms
[75.265s][info][gc,cpu         ] GC(445) User=0.19s Sys=0.00s Real=0.02s
[75.324s][info][gc,start       ] GC(446) Pause Young (Normal) (G1 Evacuation Pause)
[75.324s][info][gc,task        ] GC(446) Using 12 workers of 33 for evacuation
[75.325s][info][gc,phases      ] GC(446)   Pre Evacuate Collection Set: 0.1ms
[75.325s][info][gc,phases      ] GC(446)   Merge Heap Roots: 0.0ms
[75.325s][info][gc,phases      ] GC(446)   Evacuate Collection Set: 1.2ms
[75.325s][info][gc,phases      ] GC(446)   Post Evacuate Collection Set: 0.2ms
[75.325s][info][gc,phases      ] GC(446)   Other: 0.1ms
[75.326s][info][gc,heap        ] GC(446) Eden regions: 22->0(22)
[75.326s][info][gc,heap        ] GC(446) Survivor regions: 3->3(4)
[75.326s][info][gc,heap        ] GC(446) Old regions: 478->479
[75.326s][info][gc,heap        ] GC(446) Archive regions: 0->0
[75.326s][info][gc,heap        ] GC(446) Humongous regions: 3->3
[75.326s][info][gc,metaspace   ] GC(446) Metaspace: 16707K(17408K)->16707K(17408K) NonClass: 14287K(14720K)->14287K(14720K) Class: 2419K(2688K)->2419K(2688K)
[75.326s][info][gc             ] GC(446) Pause Young (Normal) (G1 Evacuation Pause) 501M->479M(512M) 2.119ms
[75.326s][info][gc,cpu         ] GC(446) User=0.00s Sys=0.00s Real=0.00s
[75.373s][info][gc,start       ] GC(447) Pause Young (Normal) (G1 Evacuation Pause)
[75.373s][info][gc,task        ] GC(447) Using 12 workers of 33 for evacuation
[75.375s][info][gc,phases      ] GC(447)   Pre Evacuate Collection Set: 0.1ms
[75.375s][info][gc,phases      ] GC(447)   Merge Heap Roots: 0.0ms
[75.375s][info][gc,phases      ] GC(447)   Evacuate Collection Set: 1.2ms
[75.375s][info][gc,phases      ] GC(447)   Post Evacuate Collection Set: 0.2ms
[75.375s][info][gc,phases      ] GC(447)   Other: 0.1ms
[75.375s][info][gc,heap        ] GC(447) Eden regions: 22->0(22)
[75.375s][info][gc,heap        ] GC(447) Survivor regions: 3->3(4)
[75.375s][info][gc,heap        ] GC(447) Old regions: 479->479
[75.375s][info][gc,heap        ] GC(447) Archive regions: 0->0
[75.375s][info][gc,heap        ] GC(447) Humongous regions: 3->3
[75.375s][info][gc,metaspace   ] GC(447) Metaspace: 16707K(17408K)->16707K(17408K) NonClass: 14287K(14720K)->14287K(14720K) Class: 2419K(2688K)->2419K(2688K)
[75.375s][info][gc             ] GC(447) Pause Young (Normal) (G1 Evacuation Pause) 501M->479M(512M) 2.123ms
[75.375s][info][gc,cpu         ] GC(447) User=0.19s Sys=0.00s Real=0.02s
[75.384s][info][gc,marking     ] GC(444) Concurrent Mark From Roots 153.321ms
[75.384s][info][gc,marking     ] GC(444) Concurrent Preclean
[75.384s][info][gc,marking     ] GC(444) Concurrent Preclean 0.046ms
[75.384s][info][gc,start       ] GC(444) Pause Remark
[75.385s][info][gc             ] GC(444) Pause Remark 484M->483M(512M) 0.999ms
[75.385s][info][gc,cpu         ] GC(444) User=0.00s Sys=0.00s Real=0.00s
[75.386s][info][gc,marking     ] GC(444) Concurrent Mark 154.630ms
[75.386s][info][gc,marking     ] GC(444) Concurrent Rebuild Remembered Sets and Scrub Regions
[75.419s][info][gc,start       ] GC(448) Pause Young (Normal) (G1 Evacuation Pause)
[75.419s][info][gc,task        ] GC(448) Using 12 workers of 33 for evacuation
[75.420s][info][gc,phases      ] GC(448)   Pre Evacuate Collection Set: 0.1ms
[75.420s][info][gc,phases      ] GC(448)   Merge Heap Roots: 0.0ms
[75.420s][info][gc,phases      ] GC(448)   Evacuate Collection Set: 1.1ms
[75.420s][info][gc,phases      ] GC(448)   Post Evacuate Collection Set: 0.2ms
[75.420s][info][gc,phases      ] GC(448)   Other: 0.1ms
[75.420s][info][gc,heap        ] GC(448) Eden regions: 22->0(22)
[75.421s][info][gc,heap        ] GC(448) Survivor regions: 3->3(4)
[75.421s][info][gc,heap        ] GC(448) Old regions: 478->478
[75.421s][info][gc,heap        ] GC(448) Archive regions: 0->0
[75.421s][info][gc,heap        ] GC(448) Humongous regions: 3->3
[75.421s][info][gc,metaspace   ] GC(448) Metaspace: 16707K(17408K)->16707K(17408K) NonClass: 14287K(14720K)->14287K(14720K) Class: 2419K(2688K)->2419K(2688K)
[75.421s][info][gc             ] GC(448) Pause Young (Normal) (G1 Evacuation Pause) 500M->479M(512M) 2.054ms
[75.421s][info][gc,cpu         ] GC(448) User=0.00s Sys=0.00s Real=0.00s
[75.435s][info][gc,marking     ] GC(444) Concurrent Rebuild Remembered Sets and Scrub Regions 49.671ms
[75.435s][info][gc,start       ] GC(444) Pause Cleanup
[75.436s][info][gc             ] GC(444) Pause Cleanup 483M->483M(512M) 0.414ms
[75.436s][info][gc,cpu         ] GC(444) User=0.00s Sys=0.00s Real=0.00s
[75.436s][info][gc,marking     ] GC(444) Concurrent Clear Claimed Marks
[75.436s][info][gc,marking     ] GC(444) Concurrent Clear Claimed Marks 0.044ms
[75.436s][info][gc,marking     ] GC(444) Concurrent Cleanup for Next Mark
[75.436s][info][gc,marking     ] GC(444) Concurrent Cleanup for Next Mark 0.278ms
[75.436s][info][gc             ] GC(444) Concurrent Mark Cycle 218.266ms
[75.465s][info][gc,start       ] GC(449) Pause Young (Prepare Mixed) (G1 Evacuation Pause)
[75.465s][info][gc,task        ] GC(449) Using 12 workers of 33 for evacuation
[75.467s][info][gc,phases      ] GC(449)   Pre Evacuate Collection Set: 0.1ms
[75.467s][info][gc,phases      ] GC(449)   Merge Heap Roots: 0.1ms
[75.467s][info][gc,phases      ] GC(449)   Evacuate Collection Set: 1.7ms
[75.467s][info][gc,phases      ] GC(449)   Post Evacuate Collection Set: 0.3ms
[75.467s][info][gc,phases      ] GC(449)   Other: 0.1ms
[75.467s][info][gc,heap        ] GC(449) Eden regions: 22->0(22)
[75.467s][info][gc,heap        ] GC(449) Survivor regions: 3->3(4)
[75.467s][info][gc,heap        ] GC(449) Old regions: 478->479
[75.468s][info][gc,heap        ] GC(449) Archive regions: 0->0
[75.468s][info][gc,heap        ] GC(449) Humongous regions: 3->3
[75.468s][info][gc,metaspace   ] GC(449) Metaspace: 16707K(17408K)->16707K(17408K) NonClass: 14287K(14720K)->14287K(14720K) Class: 2419K(2688K)->2419K(2688K)
[75.468s][info][gc             ] GC(449) Pause Young (Prepare Mixed) (G1 Evacuation Pause) 501M->479M(512M) 2.707ms
[75.468s][info][gc,cpu         ] GC(449) User=0.00s Sys=0.00s Real=0.00s
[75.504s][info][gc,start       ] GC(450) Pause Young (Mixed) (G1 Evacuation Pause)
[75.504s][info][gc,task        ] GC(450) Using 12 workers of 33 for evacuation
[75.507s][info][gc,phases      ] GC(450)   Pre Evacuate Collection Set: 0.1ms
[75.507s][info][gc,phases      ] GC(450)   Merge Heap Roots: 0.1ms
[75.507s][info][gc,phases      ] GC(450)   Evacuate Collection Set: 2.6ms
[75.507s][info][gc,phases      ] GC(450)   Post Evacuate Collection Set: 0.3ms
[75.507s][info][gc,phases      ] GC(450)   Other: 0.1ms
[75.508s][info][gc,heap        ] GC(450) Eden regions: 22->0(22)
[75.508s][info][gc,heap        ] GC(450) Survivor regions: 3->3(4)
[75.508s][info][gc,heap        ] GC(450) Old regions: 479->470
[75.508s][info][gc,heap        ] GC(450) Archive regions: 0->0
[75.508s][info][gc,heap        ] GC(450) Humongous regions: 3->3
[75.508s][info][gc,metaspace   ] GC(450) Metaspace: 16707K(17408K)->16707K(17408K) NonClass: 14287K(14720K)->14287K(14720K) Class: 2419K(2688K)->2419K(2688K)
[75.508s][info][gc             ] GC(450) Pause Young (Mixed) (G1 Evacuation Pause) 501M->472M(512M) 3.680ms
[75.508s][info][gc,cpu         ] GC(450) User=0.19s Sys=0.00s Real=0.02s
[75.545s][info][gc,start       ] GC(451) Pause Young (Concurrent Start) (G1 Evacuation Pause)
[75.545s][info][gc,task        ] GC(451) Using 12 workers of 33 for evacuation
[75.547s][info][gc,phases      ] GC(451)   Pre Evacuate Collection Set: 0.2ms
[75.547s][info][gc,phases      ] GC(451)   Merge Heap Roots: 0.0ms
[75.547s][info][gc,phases      ] GC(451)   Evacuate Collection Set: 1.6ms
[75.547s][info][gc,phases      ] GC(451)   Post Evacuate Collection Set: 0.3ms
[75.547s][info][gc,phases      ] GC(451)   Other: 0.1ms
[75.547s][info][gc,heap        ] GC(451) Eden regions: 22->0(22)
[75.548s][info][gc,heap        ] GC(451) Survivor regions: 3->3(4)
[75.548s][info][gc,heap        ] GC(451) Old regions: 470->470
[75.548s][info][gc,heap        ] GC(451) Archive regions: 0->0
[75.548s][info][gc,heap        ] GC(451) Humongous regions: 3->3
[75.548s][info][gc,metaspace   ] GC(451) Metaspace: 16707K(17408K)->16707K(17408K) NonClass: 14287K(14720K)->14287K(14720K) Class: 2419K(2688K)->2419K(2688K)
[75.548s][info][gc             ] GC(451) Pause Young (Concurrent Start) (G1 Evacuation Pause) 494M->472M(512M) 2.704ms
[75.548s][info][gc,cpu         ] GC(451) User=0.00s Sys=0.00s Real=0.00s
[75.548s][info][gc             ] GC(452) Concurrent Mark Cycle
[75.548s][info][gc,marking     ] GC(452) Concurrent Scan Root Regions
[75.558s][info][gc,marking     ] GC(452) Concurrent Scan Root Regions 10.233ms
[75.558s][info][gc,marking     ] GC(452) Concurrent Mark
[75.558s][info][gc,marking     ] GC(452) Concurrent Mark From Roots
[75.558s][info][gc,task        ] GC(452) Using 8 workers of 8 for marking
[75.593s][info][gc,start       ] GC(453) Pause Young (Normal) (G1 Evacuation Pause)
[75.593s][info][gc,task        ] GC(453) Using 12 workers of 33 for evacuation
[75.594s][info][gc,phases      ] GC(453)   Pre Evacuate Collection Set: 0.1ms
[75.594s][info][gc,phases      ] GC(453)   Merge Heap Roots: 0.0ms
[75.594s][info][gc,phases      ] GC(453)   Evacuate Collection Set: 1.1ms
[75.594s][info][gc,phases      ] GC(453)   Post Evacuate Collection Set: 0.2ms
[75.594s][info][gc,phases      ] GC(453)   Other: 0.1ms
[75.594s][info][gc,heap        ] GC(453) Eden regions: 22->0(22)
[75.594s][info][gc,heap        ] GC(453) Survivor regions: 3->3(4)
[75.594s][info][gc,heap        ] GC(453) Old regions: 470->470
[75.594s][info][gc,heap        ] GC(453) Archive regions: 0->0
[75.595s][info][gc,heap        ] GC(453) Humongous regions: 3->3
[75.595s][info][gc,metaspace   ] GC(453) Metaspace: 16707K(17408K)->16707K(17408K) NonClass: 14287K(14720K)->14287K(14720K) Class: 2419K(2688K)->2419K(2688K)
[75.595s][info][gc             ] GC(453) Pause Young (Normal) (G1 Evacuation Pause) 494M->472M(512M) 2.057ms
[75.595s][info][gc,cpu         ] GC(453) User=0.00s Sys=0.00s Real=0.00s
[75.652s][info][gc,start       ] GC(454) Pause Young (Normal) (G1 Evacuation Pause)
[75.652s][info][gc,task        ] GC(454) Using 12 workers of 33 for evacuation
[75.653s][info][gc,phases      ] GC(454)   Pre Evacuate Collection Set: 0.1ms
[75.653s][info][gc,phases      ] GC(454)   Merge Heap Roots: 0.0ms
[75.653s][info][gc,phases      ] GC(454)   Evacuate Collection Set: 1.0ms
[75.653s][info][gc,phases      ] GC(454)   Post Evacuate Collection Set: 0.2ms
[75.654s][info][gc,phases      ] GC(454)   Other: 0.1ms
[75.654s][info][gc,heap        ] GC(454) Eden regions: 22->0(22)
[75.654s][info][gc,heap        ] GC(454) Survivor regions: 3->3(4)
[75.654s][info][gc,heap        ] GC(454) Old regions: 470->470
[75.654s][info][gc,heap        ] GC(454) Archive regions: 0->0
[75.654s][info][gc,heap        ] GC(454) Humongous regions: 3->3
[75.654s][info][gc,metaspace   ] GC(454) Metaspace: 16707K(17408K)->16707K(17408K) NonClass: 14287K(14720K)->14287K(14720K) Class: 2419K(2688K)->2419K(2688K)
[75.654s][info][gc             ] GC(454) Pause Young (Normal) (G1 Evacuation Pause) 494M->472M(512M) 1.884ms
[75.654s][info][gc,cpu         ] GC(454) User=0.00s Sys=0.00s Real=0.00s
[75.692s][info][gc,marking     ] GC(452) Concurrent Mark From Roots 134.107ms
[75.692s][info][gc,marking     ] GC(452) Concurrent Preclean
[75.692s][info][gc,marking     ] GC(452) Concurrent Preclean 0.048ms
[75.692s][info][gc,start       ] GC(452) Pause Remark
[75.693s][info][gc             ] GC(452) Pause Remark 491M->490M(512M) 0.877ms
[75.693s][info][gc,cpu         ] GC(452) User=0.00s Sys=0.00s Real=0.00s
[75.693s][info][gc,marking     ] GC(452) Concurrent Mark 135.316ms
[75.693s][info][gc,marking     ] GC(452) Concurrent Rebuild Remembered Sets and Scrub Regions
[75.700s][info][gc,start       ] GC(455) Pause Young (Normal) (G1 Evacuation Pause)
[75.700s][info][gc,task        ] GC(455) Using 12 workers of 33 for evacuation
[75.702s][info][gc,phases      ] GC(455)   Pre Evacuate Collection Set: 0.1ms
[75.702s][info][gc,phases      ] GC(455)   Merge Heap Roots: 0.0ms
[75.702s][info][gc,phases      ] GC(455)   Evacuate Collection Set: 0.9ms
[75.702s][info][gc,phases      ] GC(455)   Post Evacuate Collection Set: 0.2ms
[75.702s][info][gc,phases      ] GC(455)   Other: 0.1ms
[75.702s][info][gc,heap        ] GC(455) Eden regions: 22->0(22)
[75.702s][info][gc,heap        ] GC(455) Survivor regions: 3->3(4)
[75.702s][info][gc,heap        ] GC(455) Old regions: 469->469
[75.702s][info][gc,heap        ] GC(455) Archive regions: 0->0
[75.702s][info][gc,heap        ] GC(455) Humongous regions: 3->3
[75.702s][info][gc,metaspace   ] GC(455) Metaspace: 16707K(17408K)->16707K(17408K) NonClass: 14287K(14720K)->14287K(14720K) Class: 2419K(2688K)->2419K(2688K)
[75.702s][info][gc             ] GC(455) Pause Young (Normal) (G1 Evacuation Pause) 493M->471M(512M) 1.751ms
[75.702s][info][gc,cpu         ] GC(455) User=0.00s Sys=0.00s Real=0.00s
[75.734s][info][gc,marking     ] GC(452) Concurrent Rebuild Remembered Sets and Scrub Regions 40.600ms
[75.734s][info][gc,start       ] GC(452) Pause Cleanup
[75.735s][info][gc             ] GC(452) Pause Cleanup 488M->488M(512M) 0.583ms
[75.735s][info][gc,cpu         ] GC(452) User=0.00s Sys=0.00s Real=0.00s
[75.735s][info][gc,marking     ] GC(452) Concurrent Clear Claimed Marks
[75.735s][info][gc,marking     ] GC(452) Concurrent Clear Claimed Marks 0.021ms
[75.735s][info][gc,marking     ] GC(452) Concurrent Cleanup for Next Mark
[75.735s][info][gc,marking     ] GC(452) Concurrent Cleanup for Next Mark 0.274ms
[75.735s][info][gc             ] GC(452) Concurrent Mark Cycle 187.492ms
[75.744s][info][gc,start       ] GC(456) Pause Young (Prepare Mixed) (G1 Evacuation Pause)
[75.744s][info][gc,task        ] GC(456) Using 12 workers of 33 for evacuation
[75.745s][info][gc,phases      ] GC(456)   Pre Evacuate Collection Set: 0.1ms
[75.745s][info][gc,phases      ] GC(456)   Merge Heap Roots: 0.0ms
[75.745s][info][gc,phases      ] GC(456)   Evacuate Collection Set: 0.9ms
[75.745s][info][gc,phases      ] GC(456)   Post Evacuate Collection Set: 0.2ms
[75.745s][info][gc,phases      ] GC(456)   Other: 0.1ms
[75.745s][info][gc,heap        ] GC(456) Eden regions: 22->0(23)
[75.745s][info][gc,heap        ] GC(456) Survivor regions: 3->2(4)
[75.745s][info][gc,heap        ] GC(456) Old regions: 469->469
[75.745s][info][gc,heap        ] GC(456) Archive regions: 0->0
[75.745s][info][gc,heap        ] GC(456) Humongous regions: 3->3
[75.746s][info][gc,metaspace   ] GC(456) Metaspace: 16707K(17408K)->16707K(17408K) NonClass: 14287K(14720K)->14287K(14720K) Class: 2419K(2688K)->2419K(2688K)
[75.746s][info][gc             ] GC(456) Pause Young (Prepare Mixed) (G1 Evacuation Pause) 493M->471M(512M) 1.742ms
[75.746s][info][gc,cpu         ] GC(456) User=0.00s Sys=0.00s Real=0.00s
[75.783s][info][gc,start       ] GC(457) Pause Young (Mixed) (G1 Evacuation Pause)
[75.784s][info][gc,task        ] GC(457) Using 12 workers of 33 for evacuation
[75.792s][info][gc,phases      ] GC(457)   Pre Evacuate Collection Set: 0.1ms
[75.792s][info][gc,phases      ] GC(457)   Merge Heap Roots: 0.2ms
[75.792s][info][gc,phases      ] GC(457)   Evacuate Collection Set: 7.5ms
[75.792s][info][gc,phases      ] GC(457)   Post Evacuate Collection Set: 0.3ms
[75.792s][info][gc,phases      ] GC(457)   Other: 0.1ms
[75.792s][info][gc,heap        ] GC(457) Eden regions: 23->0(35)
[75.792s][info][gc,heap        ] GC(457) Survivor regions: 2->2(4)
[75.792s][info][gc,heap        ] GC(457) Old regions: 469->443
[75.792s][info][gc,heap        ] GC(457) Archive regions: 0->0
[75.792s][info][gc,heap        ] GC(457) Humongous regions: 3->3
[75.792s][info][gc,metaspace   ] GC(457) Metaspace: 16707K(17408K)->16707K(17408K) NonClass: 14287K(14720K)->14287K(14720K) Class: 2419K(2688K)->2419K(2688K)
[75.792s][info][gc             ] GC(457) Pause Young (Mixed) (G1 Evacuation Pause) 494M->447M(512M) 8.678ms
[75.792s][info][gc,cpu         ] GC(457) User=0.19s Sys=0.00s Real=0.02s
[75.851s][info][gc,start       ] GC(458) Pause Young (Concurrent Start) (G1 Evacuation Pause)
[75.851s][info][gc,task        ] GC(458) Using 12 workers of 33 for evacuation
[75.852s][info][gc,phases      ] GC(458)   Pre Evacuate Collection Set: 0.2ms
[75.852s][info][gc,phases      ] GC(458)   Merge Heap Roots: 0.0ms
[75.852s][info][gc,phases      ] GC(458)   Evacuate Collection Set: 0.7ms
[75.852s][info][gc,phases      ] GC(458)   Post Evacuate Collection Set: 0.3ms
[75.852s][info][gc,phases      ] GC(458)   Other: 0.1ms
[75.852s][info][gc,heap        ] GC(458) Eden regions: 35->0(37)
[75.853s][info][gc,heap        ] GC(458) Survivor regions: 2->1(5)
[75.853s][info][gc,heap        ] GC(458) Old regions: 443->443
[75.853s][info][gc,heap        ] GC(458) Archive regions: 0->0
[75.853s][info][gc,heap        ] GC(458) Humongous regions: 3->3
[75.853s][info][gc,metaspace   ] GC(458) Metaspace: 16707K(17408K)->16707K(17408K) NonClass: 14287K(14720K)->14287K(14720K) Class: 2419K(2688K)->2419K(2688K)
[75.853s][info][gc             ] GC(458) Pause Young (Concurrent Start) (G1 Evacuation Pause) 482M->446M(512M) 1.840ms
[75.853s][info][gc             ] GC(459) Concurrent Mark Cycle
[75.853s][info][gc,cpu         ] GC(458) User=0.00s Sys=0.00s Real=0.00s
[75.853s][info][gc,marking     ] GC(459) Concurrent Scan Root Regions
[75.858s][info][gc,marking     ] GC(459) Concurrent Scan Root Regions 5.256ms
[75.858s][info][gc,marking     ] GC(459) Concurrent Mark
[75.858s][info][gc,marking     ] GC(459) Concurrent Mark From Roots
[75.858s][info][gc,task        ] GC(459) Using 8 workers of 8 for marking
[75.980s][info][gc,marking     ] GC(459) Concurrent Mark From Roots 121.947ms
[75.980s][info][gc,marking     ] GC(459) Concurrent Preclean
[75.980s][info][gc,marking     ] GC(459) Concurrent Preclean 0.080ms
[75.980s][info][gc,start       ] GC(459) Pause Remark
[75.981s][info][gc             ] GC(459) Pause Remark 474M->468M(512M) 0.899ms
[75.981s][info][gc,cpu         ] GC(459) User=0.00s Sys=0.00s Real=0.00s
[75.981s][info][gc,marking     ] GC(459) Concurrent Mark 123.252ms
[75.981s][info][gc,marking     ] GC(459) Concurrent Rebuild Remembered Sets and Scrub Regions
[76.010s][info][gc,marking     ] GC(459) Concurrent Rebuild Remembered Sets and Scrub Regions 29.068ms
[76.011s][info][gc,start       ] GC(459) Pause Cleanup
[76.011s][info][gc             ] GC(459) Pause Cleanup 468M->468M(512M) 0.383ms
[76.011s][info][gc,cpu         ] GC(459) User=0.00s Sys=0.00s Real=0.00s
[76.011s][info][gc,marking     ] GC(459) Concurrent Clear Claimed Marks
[76.011s][info][gc,marking     ] GC(459) Concurrent Clear Claimed Marks 0.047ms
[76.011s][info][gc,marking     ] GC(459) Concurrent Cleanup for Next Mark
[76.011s][info][gc,marking     ] GC(459) Concurrent Cleanup for Next Mark 0.302ms
[76.012s][info][gc             ] GC(459) Concurrent Mark Cycle 158.782ms
[76.384s][info][gc,start       ] GC(460) Pause Young (Prepare Mixed) (G1 Evacuation Pause)
[76.385s][info][gc,task        ] GC(460) Using 12 workers of 33 for evacuation
[76.386s][info][gc,phases      ] GC(460)   Pre Evacuate Collection Set: 0.1ms
[76.387s][info][gc,phases      ] GC(460)   Merge Heap Roots: 0.1ms
[76.387s][info][gc,phases      ] GC(460)   Evacuate Collection Set: 1.2ms
[76.387s][info][gc,phases      ] GC(460)   Post Evacuate Collection Set: 0.5ms
[76.387s][info][gc,phases      ] GC(460)   Other: 0.1ms
[76.387s][info][gc,heap        ] GC(460) Eden regions: 37->0(39)
[76.387s][info][gc,heap        ] GC(460) Survivor regions: 1->3(5)
[76.387s][info][gc,heap        ] GC(460) Old regions: 437->437
[76.387s][info][gc,heap        ] GC(460) Archive regions: 0->0
[76.387s][info][gc,heap        ] GC(460) Humongous regions: 3->3
[76.387s][info][gc,metaspace   ] GC(460) Metaspace: 16809K(17408K)->16809K(17408K) NonClass: 14366K(14720K)->14366K(14720K) Class: 2442K(2688K)->2442K(2688K)
[76.387s][info][gc             ] GC(460) Pause Young (Prepare Mixed) (G1 Evacuation Pause) 477M->442M(512M) 2.456ms
[76.387s][info][gc,cpu         ] GC(460) User=0.00s Sys=0.00s Real=0.00s
[77.162s][info][gc,start       ] GC(461) Pause Young (Mixed) (G1 Evacuation Pause)
[77.163s][info][gc,task        ] GC(461) Using 12 workers of 33 for evacuation
[77.171s][info][gc,phases      ] GC(461)   Pre Evacuate Collection Set: 0.1ms
[77.171s][info][gc,phases      ] GC(461)   Merge Heap Roots: 0.1ms
[77.171s][info][gc,phases      ] GC(461)   Evacuate Collection Set: 7.4ms
[77.171s][info][gc,phases      ] GC(461)   Post Evacuate Collection Set: 0.3ms
[77.171s][info][gc,phases      ] GC(461)   Other: 0.1ms
[77.171s][info][gc,heap        ] GC(461) Eden regions: 39->0(58)
[77.171s][info][gc,heap        ] GC(461) Survivor regions: 3->3(6)
[77.171s][info][gc,heap        ] GC(461) Old regions: 437->418
[77.171s][info][gc,heap        ] GC(461) Archive regions: 0->0
[77.171s][info][gc,heap        ] GC(461) Humongous regions: 3->3
[77.171s][info][gc,metaspace   ] GC(461) Metaspace: 16809K(17408K)->16809K(17408K) NonClass: 14366K(14720K)->14366K(14720K) Class: 2442K(2688K)->2442K(2688K)
[77.171s][info][gc             ] GC(461) Pause Young (Mixed) (G1 Evacuation Pause) 481M->423M(512M) 8.628ms
[77.171s][info][gc,cpu         ] GC(461) User=0.00s Sys=0.00s Real=0.01s
[77.752s][info][gc,start       ] GC(462) Pause Full (System.gc())
[77.752s][info][gc,task        ] GC(462) Using 12 workers of 33 for full compaction
[77.752s][info][gc,phases,start] GC(462) Phase 1: Mark live objects
[77.766s][info][gc,phases      ] GC(462) Phase 1: Mark live objects 14.002ms
[77.791s][info][gc,phases,start] GC(462) Phase 2: Prepare compaction
[77.792s][info][gc,phases      ] GC(462) Phase 2: Prepare compaction 1.368ms
[77.792s][info][gc,phases,start] GC(462) Phase 3: Adjust pointers
[77.794s][info][gc,phases      ] GC(462) Phase 3: Adjust pointers 2.204ms
[77.794s][info][gc,phases,start] GC(462) Phase 4: Compact heap
[77.795s][info][gc,phases      ] GC(462) Phase 4: Compact heap 0.805ms
[77.799s][info][gc,heap        ] GC(462) Eden regions: 30->0(51)
[77.799s][info][gc,heap        ] GC(462) Survivor regions: 3->0(6)
[77.799s][info][gc,heap        ] GC(462) Old regions: 418->26
[77.799s][info][gc,heap        ] GC(462) Archive regions: 0->0
[77.799s][info][gc,heap        ] GC(462) Humongous regions: 3->0
[77.799s][info][gc,metaspace   ] GC(462) Metaspace: 16809K(17408K)->16730K(17408K) NonClass: 14367K(14720K)->14310K(14720K) Class: 2442K(2688K)->2420K(2688K)
[77.799s][info][gc             ] GC(462) Pause Full (System.gc()) 453M->17M(87M) 47.581ms
[77.799s][info][gc,cpu         ] GC(462) User=0.19s Sys=0.02s Real=0.05s
[78.933s][info][gc,start       ] GC(463) Pause Young (Concurrent Start) (G1 Evacuation Pause)
[78.933s][info][gc,task        ] GC(463) Using 7 workers of 33 for evacuation
[78.987s][info][gc,phases      ] GC(463)   Pre Evacuate Collection Set: 0.2ms
[78.987s][info][gc,phases      ] GC(463)   Merge Heap Roots: 0.1ms
[78.987s][info][gc,phases      ] GC(463)   Evacuate Collection Set: 53.2ms
[78.987s][info][gc,phases      ] GC(463)   Post Evacuate Collection Set: 0.8ms
[78.987s][info][gc,phases      ] GC(463)   Other: 0.1ms
[78.987s][info][gc,heap        ] GC(463) Eden regions: 51->0(31)
[78.987s][info][gc,heap        ] GC(463) Survivor regions: 0->7(7)
[78.988s][info][gc,heap        ] GC(463) Old regions: 26->34
[78.988s][info][gc,heap        ] GC(463) Archive regions: 0->0
[78.988s][info][gc,heap        ] GC(463) Humongous regions: 0->0
[78.988s][info][gc,metaspace   ] GC(463) Metaspace: 16734K(17408K)->16734K(17408K) NonClass: 14313K(14720K)->14313K(14720K) Class: 2420K(2688K)->2420K(2688K)
[78.988s][info][gc             ] GC(463) Pause Young (Concurrent Start) (G1 Evacuation Pause) 68M->32M(92M) 54.922ms
[78.988s][info][gc             ] GC(464) Concurrent Mark Cycle
[78.988s][info][gc,cpu         ] GC(463) User=0.33s Sys=0.00s Real=0.06s
[78.988s][info][gc,marking     ] GC(464) Concurrent Scan Root Regions
[78.991s][info][gc,marking     ] GC(464) Concurrent Scan Root Regions 3.235ms
[78.991s][info][gc,marking     ] GC(464) Concurrent Mark
[78.991s][info][gc,marking     ] GC(464) Concurrent Mark From Roots
[78.991s][info][gc,task        ] GC(464) Using 8 workers of 8 for marking
[78.995s][info][gc,marking     ] GC(464) Concurrent Mark From Roots 4.201ms
[78.995s][info][gc,marking     ] GC(464) Concurrent Preclean
[78.995s][info][gc,marking     ] GC(464) Concurrent Preclean 0.023ms
[78.995s][info][gc,start       ] GC(464) Pause Remark
[78.996s][info][gc             ] GC(464) Pause Remark 32M->32M(92M) 1.029ms
[78.996s][info][gc,cpu         ] GC(464) User=0.00s Sys=0.00s Real=0.00s
[78.997s][info][gc,marking     ] GC(464) Concurrent Mark 5.497ms
[78.997s][info][gc,marking     ] GC(464) Concurrent Rebuild Remembered Sets and Scrub Regions
[79.004s][info][gc,marking     ] GC(464) Concurrent Rebuild Remembered Sets and Scrub Regions 7.045ms
[79.004s][info][gc,start       ] GC(464) Pause Cleanup
[79.004s][info][gc             ] GC(464) Pause Cleanup 33M->33M(92M) 0.143ms
[79.004s][info][gc,cpu         ] GC(464) User=0.00s Sys=0.00s Real=0.00s
[79.004s][info][gc,marking     ] GC(464) Concurrent Clear Claimed Marks
[79.004s][info][gc,marking     ] GC(464) Concurrent Clear Claimed Marks 0.021ms
[79.004s][info][gc,marking     ] GC(464) Concurrent Cleanup for Next Mark
[79.004s][info][gc,marking     ] GC(464) Concurrent Cleanup for Next Mark 0.147ms
[79.004s][info][gc             ] GC(464) Concurrent Mark Cycle 16.359ms
[80.378s][info][gc,start       ] GC(465) Pause Young (Prepare Mixed) (G1 Evacuation Pause)
[80.378s][info][gc,task        ] GC(465) Using 4 workers of 33 for evacuation
[80.414s][info][gc,phases      ] GC(465)   Pre Evacuate Collection Set: 0.1ms
[80.414s][info][gc,phases      ] GC(465)   Merge Heap Roots: 1.3ms
[80.414s][info][gc,phases      ] GC(465)   Evacuate Collection Set: 34.4ms
[80.414s][info][gc,phases      ] GC(465)   Post Evacuate Collection Set: 0.4ms
[80.414s][info][gc,phases      ] GC(465)   Other: 0.1ms
[80.414s][info][gc,heap        ] GC(465) Eden regions: 31->0(18)
[80.414s][info][gc,heap        ] GC(465) Survivor regions: 7->5(5)
[80.414s][info][gc,heap        ] GC(465) Old regions: 34->53
[80.415s][info][gc,heap        ] GC(465) Archive regions: 0->0
[80.415s][info][gc,heap        ] GC(465) Humongous regions: 0->0
[80.415s][info][gc,metaspace   ] GC(465) Metaspace: 16734K(17408K)->16734K(17408K) NonClass: 14313K(14720K)->14313K(14720K) Class: 2420K(2688K)->2420K(2688K)
[80.415s][info][gc             ] GC(465) Pause Young (Prepare Mixed) (G1 Evacuation Pause) 63M->49M(96M) 36.929ms
[80.415s][info][gc,cpu         ] GC(465) User=0.17s Sys=0.02s Real=0.05s
[80.419s][info][gc,start       ] GC(466) Pause Young (Mixed) (G1 Evacuation Pause)
[80.419s][info][gc,task        ] GC(466) Using 3 workers of 33 for evacuation
[80.426s][info][gc,phases      ] GC(466)   Pre Evacuate Collection Set: 0.1ms
[80.426s][info][gc,phases      ] GC(466)   Merge Heap Roots: 0.1ms
[80.426s][info][gc,phases      ] GC(466)   Evacuate Collection Set: 6.6ms
[80.426s][info][gc,phases      ] GC(466)   Post Evacuate Collection Set: 0.4ms
[80.426s][info][gc,phases      ] GC(466)   Other: 0.1ms
[80.426s][info][gc,heap        ] GC(466) Eden regions: 18->0(21)
[80.426s][info][gc,heap        ] GC(466) Survivor regions: 5->2(3)
[80.426s][info][gc,heap        ] GC(466) Old regions: 53->54
[80.426s][info][gc,heap        ] GC(466) Archive regions: 0->0
[80.426s][info][gc,heap        ] GC(466) Humongous regions: 0->0
[80.426s][info][gc,metaspace   ] GC(466) Metaspace: 16734K(17408K)->16734K(17408K) NonClass: 14313K(14720K)->14313K(14720K) Class: 2420K(2688K)->2420K(2688K)
[80.426s][info][gc             ] GC(466) Pause Young (Mixed) (G1 Evacuation Pause) 67M->50M(96M) 7.710ms
[80.426s][info][gc,cpu         ] GC(466) User=0.00s Sys=0.00s Real=0.00s
[80.431s][info][gc,start       ] GC(467) Pause Young (Concurrent Start) (G1 Evacuation Pause)
[80.431s][info][gc,task        ] GC(467) Using 2 workers of 33 for evacuation
[80.435s][info][gc,phases      ] GC(467)   Pre Evacuate Collection Set: 0.2ms
[80.435s][info][gc,phases      ] GC(467)   Merge Heap Roots: 0.1ms
[80.435s][info][gc,phases      ] GC(467)   Evacuate Collection Set: 3.8ms
[80.435s][info][gc,phases      ] GC(467)   Post Evacuate Collection Set: 0.4ms
[80.435s][info][gc,phases      ] GC(467)   Other: 0.1ms
[80.436s][info][gc,heap        ] GC(467) Eden regions: 21->0(23)
[80.436s][info][gc,heap        ] GC(467) Survivor regions: 2->1(3)
[80.436s][info][gc,heap        ] GC(467) Old regions: 54->54
[80.436s][info][gc,heap        ] GC(467) Archive regions: 0->0
[80.436s][info][gc,heap        ] GC(467) Humongous regions: 0->0
[80.436s][info][gc,metaspace   ] GC(467) Metaspace: 16734K(17408K)->16734K(17408K) NonClass: 14313K(14720K)->14313K(14720K) Class: 2420K(2688K)->2420K(2688K)
[80.436s][info][gc             ] GC(467) Pause Young (Concurrent Start) (G1 Evacuation Pause) 71M->50M(96M) 5.029ms
[80.436s][info][gc             ] GC(468) Concurrent Mark Cycle
[80.436s][info][gc,cpu         ] GC(467) User=0.00s Sys=0.00s Real=0.00s
[80.436s][info][gc,marking     ] GC(468) Concurrent Scan Root Regions
[80.438s][info][gc,marking     ] GC(468) Concurrent Scan Root Regions 2.586ms
[80.438s][info][gc,marking     ] GC(468) Concurrent Mark
[80.438s][info][gc,marking     ] GC(468) Concurrent Mark From Roots
[80.439s][info][gc,task        ] GC(468) Using 8 workers of 8 for marking
[80.440s][info][gc,start       ] GC(469) Pause Young (Normal) (G1 Evacuation Pause)
[80.440s][info][gc,task        ] GC(469) Using 2 workers of 33 for evacuation
[80.444s][info][gc,phases      ] GC(469)   Pre Evacuate Collection Set: 0.1ms
[80.444s][info][gc,phases      ] GC(469)   Merge Heap Roots: 0.1ms
[80.444s][info][gc,phases      ] GC(469)   Evacuate Collection Set: 3.4ms
[80.444s][info][gc,phases      ] GC(469)   Post Evacuate Collection Set: 0.4ms
[80.444s][info][gc,phases      ] GC(469)   Other: 0.1ms
[80.444s][info][gc,heap        ] GC(469) Eden regions: 23->0(25)
[80.444s][info][gc,heap        ] GC(469) Survivor regions: 1->1(3)
[80.445s][info][gc,heap        ] GC(469) Old regions: 54->54
[80.445s][info][gc,heap        ] GC(469) Archive regions: 0->0
[80.445s][info][gc,heap        ] GC(469) Humongous regions: 0->0
[80.445s][info][gc,metaspace   ] GC(469) Metaspace: 16734K(17408K)->16734K(17408K) NonClass: 14313K(14720K)->14313K(14720K) Class: 2420K(2688K)->2420K(2688K)
[80.445s][info][gc             ] GC(469) Pause Young (Normal) (G1 Evacuation Pause) 73M->50M(96M) 4.451ms
[80.445s][info][gc,cpu         ] GC(469) User=0.03s Sys=0.00s Real=0.02s
[80.450s][info][gc,start       ] GC(470) Pause Young (Normal) (G1 Evacuation Pause)
[80.450s][info][gc,task        ] GC(470) Using 2 workers of 33 for evacuation
[80.456s][info][gc,phases      ] GC(470)   Pre Evacuate Collection Set: 0.1ms
[80.456s][info][gc,phases      ] GC(470)   Merge Heap Roots: 0.1ms
[80.456s][info][gc,phases      ] GC(470)   Evacuate Collection Set: 2.7ms
[80.456s][info][gc,phases      ] GC(470)   Post Evacuate Collection Set: 3.3ms
[80.456s][info][gc,phases      ] GC(470)   Other: 0.1ms
[80.456s][info][gc,heap        ] GC(470) Eden regions: 25->0(134)
[80.456s][info][gc,heap        ] GC(470) Survivor regions: 1->1(4)
[80.456s][info][gc,heap        ] GC(470) Old regions: 54->54
[80.456s][info][gc,heap        ] GC(470) Archive regions: 0->0
[80.456s][info][gc,heap        ] GC(470) Humongous regions: 0->0
[80.456s][info][gc,metaspace   ] GC(470) Metaspace: 16734K(17408K)->16734K(17408K) NonClass: 14313K(14720K)->14313K(14720K) Class: 2420K(2688K)->2420K(2688K)
[80.456s][info][gc             ] GC(470) Pause Young (Normal) (G1 Evacuation Pause) 75M->50M(304M) 6.717ms
[80.456s][info][gc,cpu         ] GC(470) User=0.00s Sys=0.00s Real=0.00s
[80.461s][info][gc,marking     ] GC(468) Concurrent Mark From Roots 22.037ms
[80.461s][info][gc,marking     ] GC(468) Concurrent Preclean
[80.461s][info][gc,marking     ] GC(468) Concurrent Preclean 0.051ms
[80.461s][info][gc,start       ] GC(468) Pause Remark
[80.464s][info][gc             ] GC(468) Pause Remark 54M->28M(110M) 2.908ms
[80.464s][info][gc,cpu         ] GC(468) User=0.00s Sys=0.00s Real=0.00s
[80.465s][info][gc,marking     ] GC(468) Concurrent Mark 26.135ms
[80.465s][info][gc,marking     ] GC(468) Concurrent Rebuild Remembered Sets and Scrub Regions
[80.469s][info][gc,marking     ] GC(468) Concurrent Rebuild Remembered Sets and Scrub Regions 3.928ms
[80.469s][info][gc,start       ] GC(468) Pause Cleanup
[80.469s][info][gc             ] GC(468) Pause Cleanup 31M->31M(110M) 0.155ms
[80.469s][info][gc,cpu         ] GC(468) User=0.00s Sys=0.00s Real=0.00s
[80.469s][info][gc,marking     ] GC(468) Concurrent Clear Claimed Marks
[80.469s][info][gc,marking     ] GC(468) Concurrent Clear Claimed Marks 0.088ms
[80.469s][info][gc,marking     ] GC(468) Concurrent Cleanup for Next Mark
[80.470s][info][gc,marking     ] GC(468) Concurrent Cleanup for Next Mark 0.518ms
[80.470s][info][gc             ] GC(468) Concurrent Mark Cycle 34.250ms
[80.493s][info][gc,start       ] GC(471) Pause Young (Prepare Mixed) (G1 Evacuation Pause)
[80.493s][info][gc,task        ] GC(471) Using 2 workers of 33 for evacuation
[80.496s][info][gc,phases      ] GC(471)   Pre Evacuate Collection Set: 0.1ms
[80.496s][info][gc,phases      ] GC(471)   Merge Heap Roots: 0.0ms
[80.496s][info][gc,phases      ] GC(471)   Evacuate Collection Set: 2.7ms
[80.496s][info][gc,phases      ] GC(471)   Post Evacuate Collection Set: 0.3ms
[80.496s][info][gc,phases      ] GC(471)   Other: 0.1ms
[80.496s][info][gc,heap        ] GC(471) Eden regions: 81->0(51)
[80.496s][info][gc,heap        ] GC(471) Survivor regions: 1->2(17)
[80.496s][info][gc,heap        ] GC(471) Old regions: 28->28
[80.496s][info][gc,heap        ] GC(471) Archive regions: 0->0
[80.496s][info][gc,heap        ] GC(471) Humongous regions: 0->0
[80.496s][info][gc,metaspace   ] GC(471) Metaspace: 16734K(17408K)->16734K(17408K) NonClass: 14313K(14720K)->14313K(14720K) Class: 2420K(2688K)->2420K(2688K)
[80.496s][info][gc             ] GC(471) Pause Young (Prepare Mixed) (G1 Evacuation Pause) 106M->25M(112M) 3.331ms
[80.496s][info][gc,cpu         ] GC(471) User=0.00s Sys=0.00s Real=0.00s
[80.501s][info][gc,start       ] GC(472) Pause Young (Mixed) (G1 Evacuation Pause)
[80.501s][info][gc,task        ] GC(472) Using 2 workers of 33 for evacuation
[80.504s][info][gc,phases      ] GC(472)   Pre Evacuate Collection Set: 0.1ms
[80.504s][info][gc,phases      ] GC(472)   Merge Heap Roots: 0.0ms
[80.504s][info][gc,phases      ] GC(472)   Evacuate Collection Set: 2.1ms
[80.504s][info][gc,phases      ] GC(472)   Post Evacuate Collection Set: 0.2ms
[80.504s][info][gc,phases      ] GC(472)   Other: 0.0ms
[80.504s][info][gc,heap        ] GC(472) Eden regions: 51->0(58)
[80.504s][info][gc,heap        ] GC(472) Survivor regions: 2->1(7)
[80.504s][info][gc,heap        ] GC(472) Old regions: 28->24
[80.504s][info][gc,heap        ] GC(472) Archive regions: 0->0
[80.504s][info][gc,heap        ] GC(472) Humongous regions: 0->0
[80.504s][info][gc,metaspace   ] GC(472) Metaspace: 16734K(17408K)->16734K(17408K) NonClass: 14313K(14720K)->14313K(14720K) Class: 2420K(2688K)->2420K(2688K)
[80.504s][info][gc             ] GC(472) Pause Young (Mixed) (G1 Evacuation Pause) 76M->20M(112M) 2.635ms
[80.504s][info][gc,cpu         ] GC(472) User=0.00s Sys=0.00s Real=0.00s
[80.510s][info][gc,start       ] GC(473) Pause Young (Concurrent Start) (G1 Evacuation Pause)
[80.510s][info][gc,task        ] GC(473) Using 2 workers of 33 for evacuation
[80.513s][info][gc,phases      ] GC(473)   Pre Evacuate Collection Set: 0.1ms
[80.513s][info][gc,phases      ] GC(473)   Merge Heap Roots: 0.0ms
[80.513s][info][gc,phases      ] GC(473)   Evacuate Collection Set: 2.2ms
[80.513s][info][gc,phases      ] GC(473)   Post Evacuate Collection Set: 0.2ms
[80.513s][info][gc,phases      ] GC(473)   Other: 0.1ms
[80.513s][info][gc,heap        ] GC(473) Eden regions: 58->0(60)
[80.513s][info][gc,heap        ] GC(473) Survivor regions: 1->2(8)
[80.513s][info][gc,heap        ] GC(473) Old regions: 24->24
[80.513s][info][gc,heap        ] GC(473) Archive regions: 0->0
[80.513s][info][gc,heap        ] GC(473) Humongous regions: 0->0
[80.513s][info][gc,metaspace   ] GC(473) Metaspace: 16734K(17408K)->16734K(17408K) NonClass: 14313K(14720K)->14313K(14720K) Class: 2420K(2688K)->2420K(2688K)
[80.513s][info][gc             ] GC(473) Pause Young (Concurrent Start) (G1 Evacuation Pause) 78M->20M(112M) 2.882ms
[80.513s][info][gc,cpu         ] GC(473) User=0.00s Sys=0.00s Real=0.00s
[80.513s][info][gc             ] GC(474) Concurrent Mark Cycle
[80.513s][info][gc,marking     ] GC(474) Concurrent Scan Root Regions
[80.515s][info][gc,marking     ] GC(474) Concurrent Scan Root Regions 1.938ms
[80.515s][info][gc,marking     ] GC(474) Concurrent Mark
[80.515s][info][gc,marking     ] GC(474) Concurrent Mark From Roots
[80.515s][info][gc,task        ] GC(474) Using 8 workers of 8 for marking
[80.520s][info][gc,start       ] GC(475) Pause Young (Normal) (G1 Evacuation Pause)
[80.520s][info][gc,task        ] GC(475) Using 2 workers of 33 for evacuation
[80.523s][info][gc,phases      ] GC(475)   Pre Evacuate Collection Set: 0.1ms
[80.523s][info][gc,phases      ] GC(475)   Merge Heap Roots: 0.0ms
[80.523s][info][gc,phases      ] GC(475)   Evacuate Collection Set: 2.1ms
[80.523s][info][gc,phases      ] GC(475)   Post Evacuate Collection Set: 0.2ms
[80.523s][info][gc,phases      ] GC(475)   Other: 0.1ms
[80.523s][info][gc,heap        ] GC(475) Eden regions: 60->0(63)
[80.523s][info][gc,heap        ] GC(475) Survivor regions: 2->2(8)
[80.523s][info][gc,heap        ] GC(475) Old regions: 24->24
[80.523s][info][gc,heap        ] GC(475) Archive regions: 0->0
[80.523s][info][gc,heap        ] GC(475) Humongous regions: 0->0
[80.523s][info][gc,metaspace   ] GC(475) Metaspace: 16734K(17408K)->16734K(17408K) NonClass: 14313K(14720K)->14313K(14720K) Class: 2420K(2688K)->2420K(2688K)
[80.523s][info][gc             ] GC(475) Pause Young (Normal) (G1 Evacuation Pause) 80M->20M(112M) 2.738ms
[80.523s][info][gc,cpu         ] GC(475) User=0.00s Sys=0.00s Real=0.00s
[80.524s][info][gc,marking     ] GC(474) Concurrent Mark From Roots 8.625ms
[80.524s][info][gc,marking     ] GC(474) Concurrent Preclean
[80.524s][info][gc,marking     ] GC(474) Concurrent Preclean 0.036ms
[80.524s][info][gc,start       ] GC(474) Pause Remark
[80.525s][info][gc             ] GC(474) Pause Remark 29M->29M(112M) 1.246ms
[80.525s][info][gc,cpu         ] GC(474) User=0.00s Sys=0.00s Real=0.00s
[80.525s][info][gc,marking     ] GC(474) Concurrent Mark 10.249ms
[80.525s][info][gc,marking     ] GC(474) Concurrent Rebuild Remembered Sets and Scrub Regions
[80.528s][info][gc,marking     ] GC(474) Concurrent Rebuild Remembered Sets and Scrub Regions 2.765ms
[80.528s][info][gc,start       ] GC(474) Pause Cleanup
[80.528s][info][gc             ] GC(474) Pause Cleanup 53M->53M(112M) 0.091ms
[80.528s][info][gc,cpu         ] GC(474) User=0.00s Sys=0.00s Real=0.00s
[80.529s][info][gc,marking     ] GC(474) Concurrent Clear Claimed Marks
[80.529s][info][gc,marking     ] GC(474) Concurrent Clear Claimed Marks 0.091ms
[80.529s][info][gc,marking     ] GC(474) Concurrent Cleanup for Next Mark
[80.529s][info][gc,marking     ] GC(474) Concurrent Cleanup for Next Mark 0.347ms
[80.529s][info][gc             ] GC(474) Concurrent Mark Cycle 15.922ms
[80.532s][info][gc,start       ] GC(476) Pause Young (Prepare Mixed) (G1 Evacuation Pause)
[80.532s][info][gc,task        ] GC(476) Using 2 workers of 33 for evacuation
[80.534s][info][gc,phases      ] GC(476)   Pre Evacuate Collection Set: 0.1ms
[80.534s][info][gc,phases      ] GC(476)   Merge Heap Roots: 0.0ms
[80.534s][info][gc,phases      ] GC(476)   Evacuate Collection Set: 2.1ms
[80.534s][info][gc,phases      ] GC(476)   Post Evacuate Collection Set: 0.3ms
[80.534s][info][gc,phases      ] GC(476)   Other: 0.1ms
[80.534s][info][gc,heap        ] GC(476) Eden regions: 63->0(65)
[80.534s][info][gc,heap        ] GC(476) Survivor regions: 2->2(9)
[80.534s][info][gc,heap        ] GC(476) Old regions: 24->24
[80.534s][info][gc,heap        ] GC(476) Archive regions: 0->0
[80.534s][info][gc,heap        ] GC(476) Humongous regions: 0->0
[80.534s][info][gc,metaspace   ] GC(476) Metaspace: 16734K(17408K)->16734K(17408K) NonClass: 14313K(14720K)->14313K(14720K) Class: 2420K(2688K)->2420K(2688K)
[80.534s][info][gc             ] GC(476) Pause Young (Prepare Mixed) (G1 Evacuation Pause) 83M->20M(112M) 2.704ms
[80.534s][info][gc,cpu         ] GC(476) User=0.00s Sys=0.00s Real=0.00s
[80.541s][info][gc,start       ] GC(477) Pause Young (Mixed) (G1 Evacuation Pause)
[80.541s][info][gc,task        ] GC(477) Using 2 workers of 33 for evacuation
[80.546s][info][gc,phases      ] GC(477)   Pre Evacuate Collection Set: 0.1ms
[80.546s][info][gc,phases      ] GC(477)   Merge Heap Roots: 0.0ms
[80.546s][info][gc,phases      ] GC(477)   Evacuate Collection Set: 2.5ms
[80.546s][info][gc,phases      ] GC(477)   Post Evacuate Collection Set: 1.9ms
[80.546s][info][gc,phases      ] GC(477)   Other: 0.1ms
[80.546s][info][gc,heap        ] GC(477) Eden regions: 65->0(185)
[80.546s][info][gc,heap        ] GC(477) Survivor regions: 2->2(9)
[80.546s][info][gc,heap        ] GC(477) Old regions: 24->22
[80.546s][info][gc,heap        ] GC(477) Archive regions: 0->0
[80.546s][info][gc,heap        ] GC(477) Humongous regions: 0->0
[80.546s][info][gc,metaspace   ] GC(477) Metaspace: 16734K(17408K)->16734K(17408K) NonClass: 14313K(14720K)->14313K(14720K) Class: 2420K(2688K)->2420K(2688K)
[80.546s][info][gc             ] GC(477) Pause Young (Mixed) (G1 Evacuation Pause) 85M->20M(312M) 4.809ms
[80.546s][info][gc,cpu         ] GC(477) User=0.00s Sys=0.00s Real=0.00s
[80.656s][info][gc,start       ] GC(478) Pause Young (Concurrent Start) (G1 Evacuation Pause)
[80.656s][info][gc,task        ] GC(478) Using 7 workers of 33 for evacuation
[80.658s][info][gc,phases      ] GC(478)   Pre Evacuate Collection Set: 0.2ms
[80.658s][info][gc,phases      ] GC(478)   Merge Heap Roots: 0.1ms
[80.658s][info][gc,phases      ] GC(478)   Evacuate Collection Set: 0.9ms
[80.658s][info][gc,phases      ] GC(478)   Post Evacuate Collection Set: 0.3ms
[80.658s][info][gc,phases      ] GC(478)   Other: 0.1ms
[80.658s][info][gc,heap        ] GC(478) Eden regions: 185->0(185)
[80.658s][info][gc,heap        ] GC(478) Survivor regions: 2->2(24)
[80.658s][info][gc,heap        ] GC(478) Old regions: 22->22
[80.658s][info][gc,heap        ] GC(478) Archive regions: 0->0
[80.658s][info][gc,heap        ] GC(478) Humongous regions: 0->0
[80.658s][info][gc,metaspace   ] GC(478) Metaspace: 16734K(17408K)->16734K(17408K) NonClass: 14313K(14720K)->14313K(14720K) Class: 2420K(2688K)->2420K(2688K)
[80.658s][info][gc             ] GC(478) Pause Young (Concurrent Start) (G1 Evacuation Pause) 205M->20M(312M) 1.706ms
[80.658s][info][gc             ] GC(479) Concurrent Mark Cycle
[80.658s][info][gc,cpu         ] GC(478) User=0.00s Sys=0.00s Real=0.00s
[80.658s][info][gc,marking     ] GC(479) Concurrent Scan Root Regions
[80.660s][info][gc,marking     ] GC(479) Concurrent Scan Root Regions 1.936ms
[80.660s][info][gc,marking     ] GC(479) Concurrent Mark
[80.660s][info][gc,marking     ] GC(479) Concurrent Mark From Roots
[80.660s][info][gc,task        ] GC(479) Using 8 workers of 8 for marking
[80.666s][info][gc,marking     ] GC(479) Concurrent Mark From Roots 6.409ms
[80.666s][info][gc,marking     ] GC(479) Concurrent Preclean
[80.666s][info][gc,marking     ] GC(479) Concurrent Preclean 0.055ms
[80.667s][info][gc,start       ] GC(479) Pause Remark
[80.667s][info][gc             ] GC(479) Pause Remark 95M->95M(312M) 0.683ms
[80.667s][info][gc,cpu         ] GC(479) User=0.00s Sys=0.00s Real=0.00s
[80.667s][info][gc,marking     ] GC(479) Concurrent Mark 7.479ms
[80.667s][info][gc,marking     ] GC(479) Concurrent Rebuild Remembered Sets and Scrub Regions
[80.670s][info][gc,marking     ] GC(479) Concurrent Rebuild Remembered Sets and Scrub Regions 2.530ms
[80.670s][info][gc,start       ] GC(479) Pause Cleanup
[80.670s][info][gc             ] GC(479) Pause Cleanup 118M->118M(312M) 0.089ms
[80.670s][info][gc,cpu         ] GC(479) User=0.00s Sys=0.00s Real=0.00s
[80.670s][info][gc,marking     ] GC(479) Concurrent Clear Claimed Marks
[80.670s][info][gc,marking     ] GC(479) Concurrent Clear Claimed Marks 0.046ms
[80.670s][info][gc,marking     ] GC(479) Concurrent Cleanup for Next Mark
[80.671s][info][gc,marking     ] GC(479) Concurrent Cleanup for Next Mark 0.627ms
[80.671s][info][gc             ] GC(479) Concurrent Mark Cycle 13.254ms
[80.680s][info][gc,start       ] GC(480) Pause Young (Prepare Mixed) (G1 Evacuation Pause)
[80.680s][info][gc,task        ] GC(480) Using 7 workers of 33 for evacuation
[80.681s][info][gc,phases      ] GC(480)   Pre Evacuate Collection Set: 0.1ms
[80.681s][info][gc,phases      ] GC(480)   Merge Heap Roots: 0.1ms
[80.681s][info][gc,phases      ] GC(480)   Evacuate Collection Set: 0.9ms
[80.681s][info][gc,phases      ] GC(480)   Post Evacuate Collection Set: 0.3ms
[80.682s][info][gc,phases      ] GC(480)   Other: 0.1ms
[80.682s][info][gc,heap        ] GC(480) Eden regions: 185->0(185)
[80.682s][info][gc,heap        ] GC(480) Survivor regions: 2->2(24)
[80.682s][info][gc,heap        ] GC(480) Old regions: 22->22
[80.682s][info][gc,heap        ] GC(480) Archive regions: 0->0
[80.682s][info][gc,heap        ] GC(480) Humongous regions: 0->0
[80.682s][info][gc,metaspace   ] GC(480) Metaspace: 16734K(17408K)->16734K(17408K) NonClass: 14313K(14720K)->14313K(14720K) Class: 2420K(2688K)->2420K(2688K)
[80.682s][info][gc             ] GC(480) Pause Young (Prepare Mixed) (G1 Evacuation Pause) 205M->20M(312M) 1.650ms
[80.682s][info][gc,cpu         ] GC(480) User=0.00s Sys=0.00s Real=0.00s
[80.702s][info][gc,start       ] GC(481) Pause Young (Mixed) (G1 Evacuation Pause)
[80.702s][info][gc,task        ] GC(481) Using 7 workers of 33 for evacuation
[80.703s][info][gc,phases      ] GC(481)   Pre Evacuate Collection Set: 0.1ms
[80.703s][info][gc,phases      ] GC(481)   Merge Heap Roots: 0.1ms
[80.703s][info][gc,phases      ] GC(481)   Evacuate Collection Set: 0.9ms
[80.703s][info][gc,phases      ] GC(481)   Post Evacuate Collection Set: 0.3ms
[80.703s][info][gc,phases      ] GC(481)   Other: 0.1ms
[80.703s][info][gc,heap        ] GC(481) Eden regions: 185->0(185)
[80.703s][info][gc,heap        ] GC(481) Survivor regions: 2->2(24)
[80.703s][info][gc,heap        ] GC(481) Old regions: 22->21
[80.703s][info][gc,heap        ] GC(481) Archive regions: 0->0
[80.703s][info][gc,heap        ] GC(481) Humongous regions: 0->0
[80.703s][info][gc,metaspace   ] GC(481) Metaspace: 16734K(17408K)->16734K(17408K) NonClass: 14313K(14720K)->14313K(14720K) Class: 2420K(2688K)->2420K(2688K)
[80.703s][info][gc             ] GC(481) Pause Young (Mixed) (G1 Evacuation Pause) 205M->19M(312M) 1.615ms
[80.703s][info][gc,cpu         ] GC(481) User=0.00s Sys=0.00s Real=0.00s
[80.726s][info][gc,start       ] GC(482) Pause Young (Concurrent Start) (G1 Evacuation Pause)
[80.726s][info][gc,task        ] GC(482) Using 7 workers of 33 for evacuation
[80.727s][info][gc,phases      ] GC(482)   Pre Evacuate Collection Set: 0.2ms
[80.727s][info][gc,phases      ] GC(482)   Merge Heap Roots: 0.1ms
[80.727s][info][gc,phases      ] GC(482)   Evacuate Collection Set: 0.8ms
[80.727s][info][gc,phases      ] GC(482)   Post Evacuate Collection Set: 0.3ms
[80.727s][info][gc,phases      ] GC(482)   Other: 0.1ms
[80.727s][info][gc,heap        ] GC(482) Eden regions: 185->0(185)
[80.727s][info][gc,heap        ] GC(482) Survivor regions: 2->2(24)
[80.727s][info][gc,heap        ] GC(482) Old regions: 21->21
[80.727s][info][gc,heap        ] GC(482) Archive regions: 0->0
[80.727s][info][gc,heap        ] GC(482) Humongous regions: 0->0
[80.727s][info][gc,metaspace   ] GC(482) Metaspace: 16734K(17408K)->16734K(17408K) NonClass: 14313K(14720K)->14313K(14720K) Class: 2420K(2688K)->2420K(2688K)
[80.727s][info][gc             ] GC(482) Pause Young (Concurrent Start) (G1 Evacuation Pause) 204M->19M(312M) 1.622ms
[80.727s][info][gc             ] GC(483) Concurrent Mark Cycle
[80.727s][info][gc,cpu         ] GC(482) User=0.00s Sys=0.00s Real=0.00s
[80.727s][info][gc,marking     ] GC(483) Concurrent Scan Root Regions
[80.729s][info][gc,marking     ] GC(483) Concurrent Scan Root Regions 1.710ms
[80.729s][info][gc,marking     ] GC(483) Concurrent Mark
[80.729s][info][gc,marking     ] GC(483) Concurrent Mark From Roots
[80.729s][info][gc,task        ] GC(483) Using 8 workers of 8 for marking
[80.735s][info][gc,marking     ] GC(483) Concurrent Mark From Roots 5.657ms
[80.735s][info][gc,marking     ] GC(483) Concurrent Preclean
[80.735s][info][gc,marking     ] GC(483) Concurrent Preclean 0.054ms
[80.735s][info][gc,start       ] GC(483) Pause Remark
[80.736s][info][gc             ] GC(483) Pause Remark 81M->81M(287M) 0.771ms
[80.736s][info][gc,cpu         ] GC(483) User=0.00s Sys=0.00s Real=0.00s
[80.736s][info][gc,marking     ] GC(483) Concurrent Mark 6.960ms
[80.736s][info][gc,marking     ] GC(483) Concurrent Rebuild Remembered Sets and Scrub Regions
[80.739s][info][gc,marking     ] GC(483) Concurrent Rebuild Remembered Sets and Scrub Regions 2.595ms
[80.739s][info][gc,start       ] GC(483) Pause Cleanup
[80.739s][info][gc             ] GC(483) Pause Cleanup 104M->104M(287M) 0.095ms
[80.739s][info][gc,cpu         ] GC(483) User=0.00s Sys=0.00s Real=0.00s
[80.739s][info][gc,marking     ] GC(483) Concurrent Clear Claimed Marks
[80.739s][info][gc,marking     ] GC(483) Concurrent Clear Claimed Marks 0.047ms
[80.739s][info][gc,marking     ] GC(483) Concurrent Cleanup for Next Mark
[80.740s][info][gc,marking     ] GC(483) Concurrent Cleanup for Next Mark 0.558ms
[80.740s][info][gc             ] GC(483) Concurrent Mark Cycle 12.476ms
[80.757s][info][gc,start       ] GC(484) Pause Young (Prepare Mixed) (G1 Evacuation Pause)
[80.757s][info][gc,task        ] GC(484) Using 6 workers of 33 for evacuation
[80.759s][info][gc,phases      ] GC(484)   Pre Evacuate Collection Set: 0.1ms
[80.759s][info][gc,phases      ] GC(484)   Merge Heap Roots: 0.1ms
[80.759s][info][gc,phases      ] GC(484)   Evacuate Collection Set: 0.9ms
[80.759s][info][gc,phases      ] GC(484)   Post Evacuate Collection Set: 0.3ms
[80.759s][info][gc,phases      ] GC(484)   Other: 0.1ms
[80.759s][info][gc,heap        ] GC(484) Eden regions: 185->0(170)
[80.759s][info][gc,heap        ] GC(484) Survivor regions: 2->2(24)
[80.759s][info][gc,heap        ] GC(484) Old regions: 21->21
[80.759s][info][gc,heap        ] GC(484) Archive regions: 0->0
[80.759s][info][gc,heap        ] GC(484) Humongous regions: 0->0
[80.759s][info][gc,metaspace   ] GC(484) Metaspace: 16734K(17408K)->16734K(17408K) NonClass: 14313K(14720K)->14313K(14720K) Class: 2420K(2688K)->2420K(2688K)
[80.759s][info][gc             ] GC(484) Pause Young (Prepare Mixed) (G1 Evacuation Pause) 204M->19M(287M) 1.615ms
[80.759s][info][gc,cpu         ] GC(484) User=0.00s Sys=0.00s Real=0.00s
[80.779s][info][gc,start       ] GC(485) Pause Young (Mixed) (G1 Evacuation Pause)
[80.779s][info][gc,task        ] GC(485) Using 6 workers of 33 for evacuation
[80.781s][info][gc,phases      ] GC(485)   Pre Evacuate Collection Set: 0.1ms
[80.781s][info][gc,phases      ] GC(485)   Merge Heap Roots: 0.1ms
[80.781s][info][gc,phases      ] GC(485)   Evacuate Collection Set: 1.0ms
[80.781s][info][gc,phases      ] GC(485)   Post Evacuate Collection Set: 0.3ms
[80.781s][info][gc,phases      ] GC(485)   Other: 0.1ms
[80.781s][info][gc,heap        ] GC(485) Eden regions: 170->0(170)
[80.781s][info][gc,heap        ] GC(485) Survivor regions: 2->2(22)
[80.781s][info][gc,heap        ] GC(485) Old regions: 21->21
[80.781s][info][gc,heap        ] GC(485) Archive regions: 0->0
[80.781s][info][gc,heap        ] GC(485) Humongous regions: 0->0
[80.781s][info][gc,metaspace   ] GC(485) Metaspace: 16734K(17408K)->16734K(17408K) NonClass: 14313K(14720K)->14313K(14720K) Class: 2420K(2688K)->2420K(2688K)
[80.781s][info][gc             ] GC(485) Pause Young (Mixed) (G1 Evacuation Pause) 189M->19M(287M) 1.728ms
[80.781s][info][gc,cpu         ] GC(485) User=0.00s Sys=0.00s Real=0.00s
[80.801s][info][gc,start       ] GC(486) Pause Young (Concurrent Start) (G1 Evacuation Pause)
[80.801s][info][gc,task        ] GC(486) Using 6 workers of 33 for evacuation
[80.803s][info][gc,phases      ] GC(486)   Pre Evacuate Collection Set: 0.2ms
[80.803s][info][gc,phases      ] GC(486)   Merge Heap Roots: 0.0ms
[80.803s][info][gc,phases      ] GC(486)   Evacuate Collection Set: 0.9ms
[80.803s][info][gc,phases      ] GC(486)   Post Evacuate Collection Set: 0.3ms
[80.803s][info][gc,phases      ] GC(486)   Other: 0.1ms
[80.803s][info][gc,heap        ] GC(486) Eden regions: 170->0(170)
[80.803s][info][gc,heap        ] GC(486) Survivor regions: 2->2(22)
[80.803s][info][gc,heap        ] GC(486) Old regions: 21->21
[80.803s][info][gc,heap        ] GC(486) Archive regions: 0->0
[80.803s][info][gc,heap        ] GC(486) Humongous regions: 0->0
[80.803s][info][gc,metaspace   ] GC(486) Metaspace: 16734K(17408K)->16734K(17408K) NonClass: 14313K(14720K)->14313K(14720K) Class: 2420K(2688K)->2420K(2688K)
[80.803s][info][gc             ] GC(486) Pause Young (Concurrent Start) (G1 Evacuation Pause) 189M->19M(287M) 1.701ms
[80.803s][info][gc             ] GC(487) Concurrent Mark Cycle
[80.803s][info][gc,cpu         ] GC(486) User=0.00s Sys=0.00s Real=0.00s
[80.803s][info][gc,marking     ] GC(487) Concurrent Scan Root Regions
[80.805s][info][gc,marking     ] GC(487) Concurrent Scan Root Regions 1.803ms
[80.805s][info][gc,marking     ] GC(487) Concurrent Mark
[80.805s][info][gc,marking     ] GC(487) Concurrent Mark From Roots
[80.805s][info][gc,task        ] GC(487) Using 8 workers of 8 for marking
[80.811s][info][gc,marking     ] GC(487) Concurrent Mark From Roots 5.882ms
[80.811s][info][gc,marking     ] GC(487) Concurrent Preclean
[80.811s][info][gc,marking     ] GC(487) Concurrent Preclean 0.049ms
[80.811s][info][gc,start       ] GC(487) Pause Remark
[80.812s][info][gc             ] GC(487) Pause Remark 83M->83M(287M) 0.706ms
[80.812s][info][gc,cpu         ] GC(487) User=0.00s Sys=0.00s Real=0.00s
[80.812s][info][gc,marking     ] GC(487) Concurrent Mark 6.968ms
[80.812s][info][gc,marking     ] GC(487) Concurrent Rebuild Remembered Sets and Scrub Regions
[80.814s][info][gc,marking     ] GC(487) Concurrent Rebuild Remembered Sets and Scrub Regions 2.383ms
[80.814s][info][gc,start       ] GC(487) Pause Cleanup
[80.814s][info][gc             ] GC(487) Pause Cleanup 103M->103M(287M) 0.110ms
[80.814s][info][gc,cpu         ] GC(487) User=0.00s Sys=0.00s Real=0.00s
[80.815s][info][gc,marking     ] GC(487) Concurrent Clear Claimed Marks
[80.815s][info][gc,marking     ] GC(487) Concurrent Clear Claimed Marks 0.043ms
[80.815s][info][gc,marking     ] GC(487) Concurrent Cleanup for Next Mark
[80.815s][info][gc,marking     ] GC(487) Concurrent Cleanup for Next Mark 0.540ms
[80.815s][info][gc             ] GC(487) Concurrent Mark Cycle 12.285ms
[80.825s][info][gc,start       ] GC(488) Pause Young (Prepare Mixed) (G1 Evacuation Pause)
[80.825s][info][gc,task        ] GC(488) Using 6 workers of 33 for evacuation
[80.826s][info][gc,phases      ] GC(488)   Pre Evacuate Collection Set: 0.1ms
[80.826s][info][gc,phases      ] GC(488)   Merge Heap Roots: 0.1ms
[80.826s][info][gc,phases      ] GC(488)   Evacuate Collection Set: 0.9ms
[80.826s][info][gc,phases      ] GC(488)   Post Evacuate Collection Set: 0.3ms
[80.826s][info][gc,phases      ] GC(488)   Other: 0.1ms
[80.826s][info][gc,heap        ] GC(488) Eden regions: 170->0(170)
[80.826s][info][gc,heap        ] GC(488) Survivor regions: 2->2(22)
[80.826s][info][gc,heap        ] GC(488) Old regions: 21->21
[80.826s][info][gc,heap        ] GC(488) Archive regions: 0->0
[80.826s][info][gc,heap        ] GC(488) Humongous regions: 0->0
[80.826s][info][gc,metaspace   ] GC(488) Metaspace: 16734K(17408K)->16734K(17408K) NonClass: 14313K(14720K)->14313K(14720K) Class: 2420K(2688K)->2420K(2688K)
[80.827s][info][gc             ] GC(488) Pause Young (Prepare Mixed) (G1 Evacuation Pause) 189M->19M(287M) 1.655ms
[80.827s][info][gc,cpu         ] GC(488) User=0.00s Sys=0.00s Real=0.00s
[80.848s][info][gc,start       ] GC(489) Pause Young (Mixed) (G1 Evacuation Pause)
[80.848s][info][gc,task        ] GC(489) Using 6 workers of 33 for evacuation
[80.849s][info][gc,phases      ] GC(489)   Pre Evacuate Collection Set: 0.1ms
[80.849s][info][gc,phases      ] GC(489)   Merge Heap Roots: 0.1ms
[80.849s][info][gc,phases      ] GC(489)   Evacuate Collection Set: 1.0ms
[80.849s][info][gc,phases      ] GC(489)   Post Evacuate Collection Set: 0.3ms
[80.849s][info][gc,phases      ] GC(489)   Other: 0.1ms
[80.849s][info][gc,heap        ] GC(489) Eden regions: 170->0(170)
[80.849s][info][gc,heap        ] GC(489) Survivor regions: 2->2(22)
[80.849s][info][gc,heap        ] GC(489) Old regions: 21->20
[80.849s][info][gc,heap        ] GC(489) Archive regions: 0->0
[80.849s][info][gc,heap        ] GC(489) Humongous regions: 0->0
[80.849s][info][gc,metaspace   ] GC(489) Metaspace: 16734K(17408K)->16734K(17408K) NonClass: 14313K(14720K)->14313K(14720K) Class: 2420K(2688K)->2420K(2688K)
[80.849s][info][gc             ] GC(489) Pause Young (Mixed) (G1 Evacuation Pause) 189M->19M(287M) 1.728ms
[80.849s][info][gc,cpu         ] GC(489) User=0.00s Sys=0.00s Real=0.00s
[80.870s][info][gc,start       ] GC(490) Pause Young (Concurrent Start) (G1 Evacuation Pause)
[80.870s][info][gc,task        ] GC(490) Using 6 workers of 33 for evacuation
[80.872s][info][gc,phases      ] GC(490)   Pre Evacuate Collection Set: 0.2ms
[80.872s][info][gc,phases      ] GC(490)   Merge Heap Roots: 0.1ms
[80.872s][info][gc,phases      ] GC(490)   Evacuate Collection Set: 0.9ms
[80.872s][info][gc,phases      ] GC(490)   Post Evacuate Collection Set: 0.3ms
[80.872s][info][gc,phases      ] GC(490)   Other: 0.1ms
[80.872s][info][gc,heap        ] GC(490) Eden regions: 170->0(170)
[80.872s][info][gc,heap        ] GC(490) Survivor regions: 2->2(22)
[80.872s][info][gc,heap        ] GC(490) Old regions: 20->20
[80.872s][info][gc,heap        ] GC(490) Archive regions: 0->0
[80.872s][info][gc,heap        ] GC(490) Humongous regions: 0->0
[80.872s][info][gc,metaspace   ] GC(490) Metaspace: 16734K(17408K)->16734K(17408K) NonClass: 14313K(14720K)->14313K(14720K) Class: 2420K(2688K)->2420K(2688K)
[80.872s][info][gc             ] GC(490) Pause Young (Concurrent Start) (G1 Evacuation Pause) 189M->19M(287M) 1.722ms
[80.872s][info][gc             ] GC(491) Concurrent Mark Cycle
[80.872s][info][gc,cpu         ] GC(490) User=0.00s Sys=0.00s Real=0.00s
[80.872s][info][gc,marking     ] GC(491) Concurrent Scan Root Regions
[80.873s][info][gc,marking     ] GC(491) Concurrent Scan Root Regions 1.516ms
[80.873s][info][gc,marking     ] GC(491) Concurrent Mark
[80.874s][info][gc,marking     ] GC(491) Concurrent Mark From Roots
[80.874s][info][gc,task        ] GC(491) Using 8 workers of 8 for marking
[80.879s][info][gc,marking     ] GC(491) Concurrent Mark From Roots 5.423ms
[80.879s][info][gc,marking     ] GC(491) Concurrent Preclean
[80.879s][info][gc,marking     ] GC(491) Concurrent Preclean 0.050ms
[80.879s][info][gc,start       ] GC(491) Pause Remark
[80.880s][info][gc             ] GC(491) Pause Remark 75M->75M(260M) 0.719ms
[80.880s][info][gc,cpu         ] GC(491) User=0.00s Sys=0.00s Real=0.00s
[80.880s][info][gc,marking     ] GC(491) Concurrent Mark 6.546ms
[80.880s][info][gc,marking     ] GC(491) Concurrent Rebuild Remembered Sets and Scrub Regions
[80.882s][info][gc,marking     ] GC(491) Concurrent Rebuild Remembered Sets and Scrub Regions 2.134ms
[80.882s][info][gc,start       ] GC(491) Pause Cleanup
[80.882s][info][gc             ] GC(491) Pause Cleanup 93M->93M(260M) 0.104ms
[80.882s][info][gc,cpu         ] GC(491) User=0.00s Sys=0.00s Real=0.00s
[80.883s][info][gc,marking     ] GC(491) Concurrent Clear Claimed Marks
[80.883s][info][gc,marking     ] GC(491) Concurrent Clear Claimed Marks 0.050ms
[80.883s][info][gc,marking     ] GC(491) Concurrent Cleanup for Next Mark
[80.883s][info][gc,marking     ] GC(491) Concurrent Cleanup for Next Mark 0.476ms
[80.883s][info][gc             ] GC(491) Concurrent Mark Cycle 11.353ms
[80.894s][info][gc,start       ] GC(492) Pause Young (Prepare Mixed) (G1 Evacuation Pause)
[80.894s][info][gc,task        ] GC(492) Using 6 workers of 33 for evacuation
[80.896s][info][gc,phases      ] GC(492)   Pre Evacuate Collection Set: 0.1ms
[80.896s][info][gc,phases      ] GC(492)   Merge Heap Roots: 0.1ms
[80.896s][info][gc,phases      ] GC(492)   Evacuate Collection Set: 0.9ms
[80.896s][info][gc,phases      ] GC(492)   Post Evacuate Collection Set: 0.3ms
[80.896s][info][gc,phases      ] GC(492)   Other: 0.1ms
[80.896s][info][gc,heap        ] GC(492) Eden regions: 170->0(154)
[80.896s][info][gc,heap        ] GC(492) Survivor regions: 2->2(22)
[80.896s][info][gc,heap        ] GC(492) Old regions: 20->21
[80.896s][info][gc,heap        ] GC(492) Archive regions: 0->0
[80.896s][info][gc,heap        ] GC(492) Humongous regions: 0->0
[80.896s][info][gc,metaspace   ] GC(492) Metaspace: 16734K(17408K)->16734K(17408K) NonClass: 14313K(14720K)->14313K(14720K) Class: 2420K(2688K)->2420K(2688K)
[80.896s][info][gc             ] GC(492) Pause Young (Prepare Mixed) (G1 Evacuation Pause) 189M->19M(260M) 1.565ms
[80.896s][info][gc,cpu         ] GC(492) User=0.00s Sys=0.00s Real=0.00s
[80.915s][info][gc,start       ] GC(493) Pause Young (Mixed) (G1 Evacuation Pause)
[80.915s][info][gc,task        ] GC(493) Using 6 workers of 33 for evacuation
[80.917s][info][gc,phases      ] GC(493)   Pre Evacuate Collection Set: 0.1ms
[80.917s][info][gc,phases      ] GC(493)   Merge Heap Roots: 0.1ms
[80.917s][info][gc,phases      ] GC(493)   Evacuate Collection Set: 1.3ms
[80.917s][info][gc,phases      ] GC(493)   Post Evacuate Collection Set: 0.3ms
[80.917s][info][gc,phases      ] GC(493)   Other: 0.4ms
[80.917s][info][gc,heap        ] GC(493) Eden regions: 154->0(154)
[80.917s][info][gc,heap        ] GC(493) Survivor regions: 2->2(20)
[80.917s][info][gc,heap        ] GC(493) Old regions: 21->20
[80.917s][info][gc,heap        ] GC(493) Archive regions: 0->0
[80.917s][info][gc,heap        ] GC(493) Humongous regions: 0->0
[80.917s][info][gc,metaspace   ] GC(493) Metaspace: 16734K(17408K)->16734K(17408K) NonClass: 14313K(14720K)->14313K(14720K) Class: 2420K(2688K)->2420K(2688K)
[80.917s][info][gc             ] GC(493) Pause Young (Mixed) (G1 Evacuation Pause) 173M->18M(260M) 2.362ms
[80.917s][info][gc,cpu         ] GC(493) User=0.00s Sys=0.00s Real=0.00s
[80.936s][info][gc,start       ] GC(494) Pause Young (Concurrent Start) (G1 Evacuation Pause)
[80.936s][info][gc,task        ] GC(494) Using 6 workers of 33 for evacuation
[80.937s][info][gc,phases      ] GC(494)   Pre Evacuate Collection Set: 0.2ms
[80.937s][info][gc,phases      ] GC(494)   Merge Heap Roots: 0.1ms
[80.937s][info][gc,phases      ] GC(494)   Evacuate Collection Set: 0.8ms
[80.937s][info][gc,phases      ] GC(494)   Post Evacuate Collection Set: 0.3ms
[80.937s][info][gc,phases      ] GC(494)   Other: 0.1ms
[80.937s][info][gc,heap        ] GC(494) Eden regions: 154->0(154)
[80.937s][info][gc,heap        ] GC(494) Survivor regions: 2->2(20)
[80.937s][info][gc,heap        ] GC(494) Old regions: 20->20
[80.937s][info][gc,heap        ] GC(494) Archive regions: 0->0
[80.937s][info][gc,heap        ] GC(494) Humongous regions: 0->0
[80.937s][info][gc,metaspace   ] GC(494) Metaspace: 16734K(17408K)->16734K(17408K) NonClass: 14313K(14720K)->14313K(14720K) Class: 2420K(2688K)->2420K(2688K)
[80.937s][info][gc             ] GC(494) Pause Young (Concurrent Start) (G1 Evacuation Pause) 172M->18M(260M) 1.608ms
[80.937s][info][gc             ] GC(495) Concurrent Mark Cycle
[80.937s][info][gc,cpu         ] GC(494) User=0.00s Sys=0.00s Real=0.00s
[80.937s][info][gc,marking     ] GC(495) Concurrent Scan Root Regions
[80.939s][info][gc,marking     ] GC(495) Concurrent Scan Root Regions 1.673ms
[80.939s][info][gc,marking     ] GC(495) Concurrent Mark
[80.939s][info][gc,marking     ] GC(495) Concurrent Mark From Roots
[80.939s][info][gc,task        ] GC(495) Using 8 workers of 8 for marking
[80.945s][info][gc,marking     ] GC(495) Concurrent Mark From Roots 5.429ms
[80.945s][info][gc,marking     ] GC(495) Concurrent Preclean
[80.945s][info][gc,marking     ] GC(495) Concurrent Preclean 0.046ms
[80.945s][info][gc,start       ] GC(495) Pause Remark
[80.945s][info][gc             ] GC(495) Pause Remark 76M->76M(260M) 0.695ms
[80.945s][info][gc,cpu         ] GC(495) User=0.00s Sys=0.00s Real=0.00s
[80.946s][info][gc,marking     ] GC(495) Concurrent Mark 6.495ms
[80.946s][info][gc,marking     ] GC(495) Concurrent Rebuild Remembered Sets and Scrub Regions
[80.948s][info][gc,marking     ] GC(495) Concurrent Rebuild Remembered Sets and Scrub Regions 2.121ms
[80.948s][info][gc,start       ] GC(495) Pause Cleanup
[80.948s][info][gc             ] GC(495) Pause Cleanup 93M->93M(260M) 0.104ms
[80.948s][info][gc,cpu         ] GC(495) User=0.00s Sys=0.00s Real=0.00s
[80.948s][info][gc,marking     ] GC(495) Concurrent Clear Claimed Marks
[80.948s][info][gc,marking     ] GC(495) Concurrent Clear Claimed Marks 0.028ms
[80.948s][info][gc,marking     ] GC(495) Concurrent Cleanup for Next Mark
[80.949s][info][gc,marking     ] GC(495) Concurrent Cleanup for Next Mark 0.474ms
[80.949s][info][gc             ] GC(495) Concurrent Mark Cycle 11.290ms
[80.958s][info][gc,start       ] GC(496) Pause Young (Prepare Mixed) (G1 Evacuation Pause)
[80.958s][info][gc,task        ] GC(496) Using 6 workers of 33 for evacuation
[80.959s][info][gc,phases      ] GC(496)   Pre Evacuate Collection Set: 0.1ms
[80.959s][info][gc,phases      ] GC(496)   Merge Heap Roots: 0.1ms
[80.959s][info][gc,phases      ] GC(496)   Evacuate Collection Set: 0.9ms
[80.959s][info][gc,phases      ] GC(496)   Post Evacuate Collection Set: 0.3ms
[80.959s][info][gc,phases      ] GC(496)   Other: 0.1ms
[80.959s][info][gc,heap        ] GC(496) Eden regions: 154->0(154)
[80.959s][info][gc,heap        ] GC(496) Survivor regions: 2->2(20)
[80.959s][info][gc,heap        ] GC(496) Old regions: 20->20
[80.959s][info][gc,heap        ] GC(496) Archive regions: 0->0
[80.959s][info][gc,heap        ] GC(496) Humongous regions: 0->0
[80.959s][info][gc,metaspace   ] GC(496) Metaspace: 16734K(17408K)->16734K(17408K) NonClass: 14313K(14720K)->14313K(14720K) Class: 2420K(2688K)->2420K(2688K)
[80.959s][info][gc             ] GC(496) Pause Young (Prepare Mixed) (G1 Evacuation Pause) 172M->18M(260M) 1.540ms
[80.959s][info][gc,cpu         ] GC(496) User=0.00s Sys=0.00s Real=0.00s
[80.978s][info][gc,start       ] GC(497) Pause Young (Mixed) (G1 Evacuation Pause)
[80.978s][info][gc,task        ] GC(497) Using 6 workers of 33 for evacuation
[80.980s][info][gc,phases      ] GC(497)   Pre Evacuate Collection Set: 0.1ms
[80.980s][info][gc,phases      ] GC(497)   Merge Heap Roots: 0.0ms
[80.980s][info][gc,phases      ] GC(497)   Evacuate Collection Set: 1.0ms
[80.980s][info][gc,phases      ] GC(497)   Post Evacuate Collection Set: 0.3ms
[80.980s][info][gc,phases      ] GC(497)   Other: 0.1ms
[80.980s][info][gc,heap        ] GC(497) Eden regions: 154->0(154)
[80.980s][info][gc,heap        ] GC(497) Survivor regions: 2->2(20)
[80.980s][info][gc,heap        ] GC(497) Old regions: 20->19
[80.980s][info][gc,heap        ] GC(497) Archive regions: 0->0
[80.980s][info][gc,heap        ] GC(497) Humongous regions: 0->0
[80.980s][info][gc,metaspace   ] GC(497) Metaspace: 16734K(17408K)->16734K(17408K) NonClass: 14313K(14720K)->14313K(14720K) Class: 2420K(2688K)->2420K(2688K)
[80.980s][info][gc             ] GC(497) Pause Young (Mixed) (G1 Evacuation Pause) 172M->18M(260M) 1.663ms
[80.980s][info][gc,cpu         ] GC(497) User=0.00s Sys=0.00s Real=0.00s
[81.000s][info][gc,start       ] GC(498) Pause Young (Concurrent Start) (G1 Evacuation Pause)
[81.000s][info][gc,task        ] GC(498) Using 6 workers of 33 for evacuation
[81.001s][info][gc,phases      ] GC(498)   Pre Evacuate Collection Set: 0.2ms
[81.002s][info][gc,phases      ] GC(498)   Merge Heap Roots: 0.0ms
[81.002s][info][gc,phases      ] GC(498)   Evacuate Collection Set: 0.6ms
[81.002s][info][gc,phases      ] GC(498)   Post Evacuate Collection Set: 0.3ms
[81.002s][info][gc,phases      ] GC(498)   Other: 0.1ms
[81.002s][info][gc,heap        ] GC(498) Eden regions: 154->0(155)
[81.002s][info][gc,heap        ] GC(498) Survivor regions: 2->1(20)
[81.002s][info][gc,heap        ] GC(498) Old regions: 19->19
[81.002s][info][gc,heap        ] GC(498) Archive regions: 0->0
[81.002s][info][gc,heap        ] GC(498) Humongous regions: 0->0
[81.002s][info][gc,metaspace   ] GC(498) Metaspace: 16734K(17408K)->16734K(17408K) NonClass: 14313K(14720K)->14313K(14720K) Class: 2420K(2688K)->2420K(2688K)
[81.002s][info][gc             ] GC(498) Pause Young (Concurrent Start) (G1 Evacuation Pause) 172M->18M(260M) 1.393ms
[81.002s][info][gc             ] GC(499) Concurrent Mark Cycle
[81.002s][info][gc,cpu         ] GC(498) User=0.00s Sys=0.00s Real=0.00s
[81.002s][info][gc,marking     ] GC(499) Concurrent Scan Root Regions
[81.002s][info][gc,marking     ] GC(499) Concurrent Scan Root Regions 0.780ms
[81.003s][info][gc,marking     ] GC(499) Concurrent Mark
[81.003s][info][gc,marking     ] GC(499) Concurrent Mark From Roots
[81.003s][info][gc,task        ] GC(499) Using 8 workers of 8 for marking
[81.005s][info][gc,marking     ] GC(499) Concurrent Mark From Roots 2.762ms
[81.005s][info][gc,marking     ] GC(499) Concurrent Preclean
[81.005s][info][gc,marking     ] GC(499) Concurrent Preclean 0.023ms
[81.005s][info][gc,start       ] GC(499) Pause Remark
[81.006s][info][gc             ] GC(499) Pause Remark 26M->26M(97M) 0.686ms
[81.006s][info][gc,cpu         ] GC(499) User=0.00s Sys=0.00s Real=0.00s
[81.006s][info][gc,marking     ] GC(499) Concurrent Mark 3.643ms
[81.006s][info][gc,marking     ] GC(499) Concurrent Rebuild Remembered Sets and Scrub Regions
[81.008s][info][gc,marking     ] GC(499) Concurrent Rebuild Remembered Sets and Scrub Regions 1.794ms
[81.008s][info][gc,start       ] GC(499) Pause Cleanup
[81.008s][info][gc             ] GC(499) Pause Cleanup 28M->28M(97M) 0.071ms
[81.008s][info][gc,cpu         ] GC(499) User=0.00s Sys=0.00s Real=0.00s
[81.008s][info][gc,marking     ] GC(499) Concurrent Clear Claimed Marks
[81.008s][info][gc,marking     ] GC(499) Concurrent Clear Claimed Marks 0.014ms
[81.008s][info][gc,marking     ] GC(499) Concurrent Cleanup for Next Mark
[81.008s][info][gc,marking     ] GC(499) Concurrent Cleanup for Next Mark 0.133ms
[81.008s][info][gc             ] GC(499) Concurrent Mark Cycle 6.624ms
[81.054s][info][gc,start       ] GC(500) Pause Young (Prepare Mixed) (G1 Evacuation Pause)
[81.054s][info][gc,task        ] GC(500) Using 4 workers of 33 for evacuation
[81.097s][info][gc,phases      ] GC(500)   Pre Evacuate Collection Set: 0.1ms
[81.097s][info][gc,phases      ] GC(500)   Merge Heap Roots: 0.1ms
[81.097s][info][gc,phases      ] GC(500)   Evacuate Collection Set: 42.1ms
[81.097s][info][gc,phases      ] GC(500)   Post Evacuate Collection Set: 0.5ms
[81.097s][info][gc,phases      ] GC(500)   Other: 0.1ms
[81.097s][info][gc,heap        ] GC(500) Eden regions: 57->0(32)
[81.097s][info][gc,heap        ] GC(500) Survivor regions: 1->8(8)
[81.097s][info][gc,heap        ] GC(500) Old regions: 19->47
[81.097s][info][gc,heap        ] GC(500) Archive regions: 0->0
[81.097s][info][gc,heap        ] GC(500) Humongous regions: 1->1
[81.098s][info][gc,metaspace   ] GC(500) Metaspace: 16734K(17408K)->16734K(17408K) NonClass: 14313K(14720K)->14313K(14720K) Class: 2420K(2688K)->2420K(2688K)
[81.098s][info][gc             ] GC(500) Pause Young (Prepare Mixed) (G1 Evacuation Pause) 76M->54M(114M) 43.482ms
[81.098s][info][gc,cpu         ] GC(500) User=0.13s Sys=0.00s Real=0.03s
[81.142s][info][gc,start       ] GC(501) Pause Young (Mixed) (G1 Evacuation Pause)
[81.142s][info][gc,task        ] GC(501) Using 3 workers of 33 for evacuation
[81.185s][info][gc,phases      ] GC(501)   Pre Evacuate Collection Set: 0.1ms
[81.185s][info][gc,phases      ] GC(501)   Merge Heap Roots: 0.5ms
[81.185s][info][gc,phases      ] GC(501)   Evacuate Collection Set: 41.3ms
[81.186s][info][gc,phases      ] GC(501)   Post Evacuate Collection Set: 1.7ms
[81.186s][info][gc,phases      ] GC(501)   Other: 0.1ms
[81.186s][info][gc,heap        ] GC(501) Eden regions: 32->0(184)
[81.186s][info][gc,heap        ] GC(501) Survivor regions: 8->5(5)
[81.186s][info][gc,heap        ] GC(501) Old regions: 47->70
[81.186s][info][gc,heap        ] GC(501) Archive regions: 0->0
[81.186s][info][gc,heap        ] GC(501) Humongous regions: 1->1
[81.186s][info][gc,metaspace   ] GC(501) Metaspace: 16734K(17408K)->16734K(17408K) NonClass: 14313K(14720K)->14313K(14720K) Class: 2420K(2688K)->2420K(2688K)
[81.186s][info][gc             ] GC(501) Pause Young (Mixed) (G1 Evacuation Pause) 86M->74M(315M) 43.978ms
[81.186s][info][gc,cpu         ] GC(501) User=0.14s Sys=0.00s Real=0.05s
[81.431s][info][gc,start       ] GC(502) Pause Young (Concurrent Start) (G1 Evacuation Pause)
[81.431s][info][gc,task        ] GC(502) Using 7 workers of 33 for evacuation
[81.502s][info][gc,phases      ] GC(502)   Pre Evacuate Collection Set: 0.2ms
[81.502s][info][gc,phases      ] GC(502)   Merge Heap Roots: 0.6ms
[81.502s][info][gc,phases      ] GC(502)   Evacuate Collection Set: 69.5ms
[81.502s][info][gc,phases      ] GC(502)   Post Evacuate Collection Set: 0.6ms
[81.503s][info][gc,phases      ] GC(502)   Other: 0.2ms
[81.503s][info][gc,heap        ] GC(502) Eden regions: 184->0(93)
[81.503s][info][gc,heap        ] GC(502) Survivor regions: 5->24(24)
[81.503s][info][gc,heap        ] GC(502) Old regions: 70->170
[81.503s][info][gc,heap        ] GC(502) Archive regions: 0->0
[81.503s][info][gc,heap        ] GC(502) Humongous regions: 1->1
[81.503s][info][gc,metaspace   ] GC(502) Metaspace: 16734K(17408K)->16734K(17408K) NonClass: 14313K(14720K)->14313K(14720K) Class: 2420K(2688K)->2420K(2688K)
[81.503s][info][gc             ] GC(502) Pause Young (Concurrent Start) (G1 Evacuation Pause) 258M->193M(384M) 71.715ms
[81.503s][info][gc             ] GC(503) Concurrent Mark Cycle
[81.503s][info][gc,cpu         ] GC(502) User=0.30s Sys=0.03s Real=0.06s
[81.503s][info][gc,marking     ] GC(503) Concurrent Scan Root Regions
[81.517s][info][gc,marking     ] GC(503) Concurrent Scan Root Regions 14.185ms
[81.517s][info][gc,marking     ] GC(503) Concurrent Mark
[81.517s][info][gc,marking     ] GC(503) Concurrent Mark From Roots
[81.517s][info][gc,task        ] GC(503) Using 8 workers of 8 for marking
[81.541s][info][gc,marking     ] GC(503) Concurrent Mark From Roots 23.497ms
[81.541s][info][gc,marking     ] GC(503) Concurrent Preclean
[81.541s][info][gc,marking     ] GC(503) Concurrent Preclean 0.053ms
[81.541s][info][gc,start       ] GC(503) Pause Remark
[81.542s][info][gc             ] GC(503) Pause Remark 215M->215M(384M) 0.801ms
[81.542s][info][gc,cpu         ] GC(503) User=0.00s Sys=0.00s Real=0.00s
[81.542s][info][gc,marking     ] GC(503) Concurrent Mark 24.640ms
[81.542s][info][gc,marking     ] GC(503) Concurrent Rebuild Remembered Sets and Scrub Regions
[81.580s][info][gc,marking     ] GC(503) Concurrent Rebuild Remembered Sets and Scrub Regions 38.140ms
[81.580s][info][gc,start       ] GC(503) Pause Cleanup
[81.580s][info][gc             ] GC(503) Pause Cleanup 247M->247M(384M) 0.152ms
[81.580s][info][gc,cpu         ] GC(503) User=0.00s Sys=0.00s Real=0.00s
[81.580s][info][gc,marking     ] GC(503) Concurrent Clear Claimed Marks
[81.580s][info][gc,marking     ] GC(503) Concurrent Clear Claimed Marks 0.064ms
[81.580s][info][gc,marking     ] GC(503) Concurrent Cleanup for Next Mark
[81.581s][info][gc,marking     ] GC(503) Concurrent Cleanup for Next Mark 0.889ms
[81.581s][info][gc             ] GC(503) Concurrent Mark Cycle 78.474ms
[81.622s][info][gc,start       ] GC(504) Pause Young (Prepare Mixed) (G1 Evacuation Pause)
[81.622s][info][gc,task        ] GC(504) Using 9 workers of 33 for evacuation
[81.669s][info][gc,phases      ] GC(504)   Pre Evacuate Collection Set: 0.1ms
[81.669s][info][gc,phases      ] GC(504)   Merge Heap Roots: 1.0ms
[81.670s][info][gc,phases      ] GC(504)   Evacuate Collection Set: 46.2ms
[81.670s][info][gc,phases      ] GC(504)   Post Evacuate Collection Set: 0.3ms
[81.670s][info][gc,phases      ] GC(504)   Other: 0.1ms
[81.670s][info][gc,heap        ] GC(504) Eden regions: 93->0(52)
[81.670s][info][gc,heap        ] GC(504) Survivor regions: 24->15(15)
[81.670s][info][gc,heap        ] GC(504) Old regions: 170->242
[81.670s][info][gc,heap        ] GC(504) Archive regions: 0->0
[81.670s][info][gc,heap        ] GC(504) Humongous regions: 1->1
[81.670s][info][gc,metaspace   ] GC(504) Metaspace: 16734K(17408K)->16734K(17408K) NonClass: 14313K(14720K)->14313K(14720K) Class: 2420K(2688K)->2420K(2688K)
[81.670s][info][gc             ] GC(504) Pause Young (Prepare Mixed) (G1 Evacuation Pause) 286M->256M(384M) 48.253ms
[81.670s][info][gc,cpu         ] GC(504) User=0.42s Sys=0.00s Real=0.05s
[81.723s][info][gc,start       ] GC(505) Pause Young (Mixed) (G1 Evacuation Pause)
[81.724s][info][gc,task        ] GC(505) Using 9 workers of 33 for evacuation
[81.752s][info][gc,phases      ] GC(505)   Pre Evacuate Collection Set: 0.1ms
[81.752s][info][gc,phases      ] GC(505)   Merge Heap Roots: 0.3ms
[81.752s][info][gc,phases      ] GC(505)   Evacuate Collection Set: 27.6ms
[81.752s][info][gc,phases      ] GC(505)   Post Evacuate Collection Set: 0.3ms
[81.752s][info][gc,phases      ] GC(505)   Other: 0.1ms
[81.752s][info][gc,heap        ] GC(505) Eden regions: 52->0(36)
[81.752s][info][gc,heap        ] GC(505) Survivor regions: 15->9(9)
[81.752s][info][gc,heap        ] GC(505) Old regions: 242->283
[81.752s][info][gc,heap        ] GC(505) Archive regions: 0->0
[81.752s][info][gc,heap        ] GC(505) Humongous regions: 1->1
[81.752s][info][gc,metaspace   ] GC(505) Metaspace: 16734K(17408K)->16734K(17408K) NonClass: 14313K(14720K)->14313K(14720K) Class: 2420K(2688K)->2420K(2688K)
[81.752s][info][gc             ] GC(505) Pause Young (Mixed) (G1 Evacuation Pause) 308M->292M(384M) 28.919ms
[81.752s][info][gc,cpu         ] GC(505) User=0.28s Sys=0.00s Real=0.03s
[81.800s][info][gc,start       ] GC(506) Pause Young (Concurrent Start) (G1 Evacuation Pause)
[81.800s][info][gc,task        ] GC(506) Using 9 workers of 33 for evacuation
[81.822s][info][gc,phases      ] GC(506)   Pre Evacuate Collection Set: 0.2ms
[81.822s][info][gc,phases      ] GC(506)   Merge Heap Roots: 0.2ms
[81.822s][info][gc,phases      ] GC(506)   Evacuate Collection Set: 20.9ms
[81.822s][info][gc,phases      ] GC(506)   Post Evacuate Collection Set: 0.3ms
[81.822s][info][gc,phases      ] GC(506)   Other: 0.1ms
[81.822s][info][gc,heap        ] GC(506) Eden regions: 36->0(25)
[81.822s][info][gc,heap        ] GC(506) Survivor regions: 9->6(6)
[81.822s][info][gc,heap        ] GC(506) Old regions: 283->312
[81.822s][info][gc,heap        ] GC(506) Archive regions: 0->0
[81.822s][info][gc,heap        ] GC(506) Humongous regions: 1->1
[81.822s][info][gc,metaspace   ] GC(506) Metaspace: 16734K(17408K)->16734K(17408K) NonClass: 14313K(14720K)->14313K(14720K) Class: 2420K(2688K)->2420K(2688K)
[81.822s][info][gc             ] GC(506) Pause Young (Concurrent Start) (G1 Evacuation Pause) 328M->317M(384M) 22.233ms
[81.822s][info][gc             ] GC(507) Concurrent Mark Cycle
[81.822s][info][gc,cpu         ] GC(506) User=0.14s Sys=0.00s Real=0.02s
[81.822s][info][gc,marking     ] GC(507) Concurrent Scan Root Regions
[81.830s][info][gc,marking     ] GC(507) Concurrent Scan Root Regions 8.068ms
[81.830s][info][gc,marking     ] GC(507) Concurrent Mark
[81.830s][info][gc,marking     ] GC(507) Concurrent Mark From Roots
[81.830s][info][gc,task        ] GC(507) Using 8 workers of 8 for marking
[81.852s][info][gc,start       ] GC(508) Pause Young (Normal) (G1 Evacuation Pause)
[81.853s][info][gc,task        ] GC(508) Using 9 workers of 33 for evacuation
[81.862s][info][gc,phases      ] GC(508)   Pre Evacuate Collection Set: 0.1ms
[81.862s][info][gc,phases      ] GC(508)   Merge Heap Roots: 0.1ms
[81.862s][info][gc,phases      ] GC(508)   Evacuate Collection Set: 8.8ms
[81.862s][info][gc,phases      ] GC(508)   Post Evacuate Collection Set: 0.6ms
[81.862s][info][gc,phases      ] GC(508)   Other: 0.1ms
[81.862s][info][gc,heap        ] GC(508) Eden regions: 25->0(38)
[81.862s][info][gc,heap        ] GC(508) Survivor regions: 6->4(4)
[81.862s][info][gc,heap        ] GC(508) Old regions: 312->332
[81.862s][info][gc,heap        ] GC(508) Archive regions: 0->0
[81.862s][info][gc,heap        ] GC(508) Humongous regions: 1->1
[81.862s][info][gc,metaspace   ] GC(508) Metaspace: 16734K(17408K)->16734K(17408K) NonClass: 14313K(14720K)->14313K(14720K) Class: 2420K(2688K)->2420K(2688K)
[81.862s][info][gc             ] GC(508) Pause Young (Normal) (G1 Evacuation Pause) 342M->335M(436M) 10.091ms
[81.863s][info][gc,cpu         ] GC(508) User=0.14s Sys=0.00s Real=0.02s
[81.917s][info][gc,start       ] GC(509) Pause Young (Normal) (G1 Evacuation Pause)
[81.917s][info][gc,task        ] GC(509) Using 10 workers of 33 for evacuation
[81.929s][info][gc,phases      ] GC(509)   Pre Evacuate Collection Set: 0.1ms
[81.929s][info][gc,phases      ] GC(509)   Merge Heap Roots: 0.1ms
[81.929s][info][gc,phases      ] GC(509)   Evacuate Collection Set: 10.8ms
[81.929s][info][gc,phases      ] GC(509)   Post Evacuate Collection Set: 0.2ms
[81.929s][info][gc,phases      ] GC(509)   Other: 0.1ms
[81.929s][info][gc,heap        ] GC(509) Eden regions: 38->0(28)
[81.929s][info][gc,heap        ] GC(509) Survivor regions: 4->6(6)
[81.929s][info][gc,heap        ] GC(509) Old regions: 332->356
[81.929s][info][gc,heap        ] GC(509) Archive regions: 0->0
[81.929s][info][gc,heap        ] GC(509) Humongous regions: 1->1
[81.929s][info][gc,metaspace   ] GC(509) Metaspace: 16734K(17408K)->16734K(17408K) NonClass: 14313K(14720K)->14313K(14720K) Class: 2420K(2688K)->2420K(2688K)
[81.929s][info][gc             ] GC(509) Pause Young (Normal) (G1 Evacuation Pause) 373M->362M(436M) 12.118ms
[81.929s][info][gc,cpu         ] GC(509) User=0.16s Sys=0.00s Real=0.02s
[81.944s][info][gc,marking     ] GC(507) Concurrent Mark From Roots 113.605ms
[81.944s][info][gc,marking     ] GC(507) Concurrent Preclean
[81.944s][info][gc,marking     ] GC(507) Concurrent Preclean 0.031ms
[81.944s][info][gc,start       ] GC(507) Pause Remark
[81.946s][info][gc             ] GC(507) Pause Remark 371M->371M(512M) 1.901ms
[81.946s][info][gc,cpu         ] GC(507) User=0.00s Sys=0.00s Real=0.00s
[81.946s][info][gc,marking     ] GC(507) Concurrent Mark 115.792ms
[81.946s][info][gc,marking     ] GC(507) Concurrent Rebuild Remembered Sets and Scrub Regions
[81.973s][info][gc,start       ] GC(510) Pause Young (Normal) (G1 Evacuation Pause)
[81.973s][info][gc,task        ] GC(510) Using 12 workers of 33 for evacuation
[81.982s][info][gc,phases      ] GC(510)   Pre Evacuate Collection Set: 0.1ms
[81.982s][info][gc,phases      ] GC(510)   Merge Heap Roots: 0.2ms
[81.982s][info][gc,phases      ] GC(510)   Evacuate Collection Set: 8.0ms
[81.982s][info][gc,phases      ] GC(510)   Post Evacuate Collection Set: 0.2ms
[81.982s][info][gc,phases      ] GC(510)   Other: 0.1ms
[81.982s][info][gc,heap        ] GC(510) Eden regions: 28->0(50)
[81.982s][info][gc,heap        ] GC(510) Survivor regions: 6->5(5)
[81.982s][info][gc,heap        ] GC(510) Old regions: 356->377
[81.982s][info][gc,heap        ] GC(510) Archive regions: 0->0
[81.982s][info][gc,heap        ] GC(510) Humongous regions: 1->1
[81.982s][info][gc,metaspace   ] GC(510) Metaspace: 16734K(17408K)->16734K(17408K) NonClass: 14313K(14720K)->14313K(14720K) Class: 2420K(2688K)->2420K(2688K)
[81.982s][info][gc             ] GC(510) Pause Young (Normal) (G1 Evacuation Pause) 390M->382M(512M) 9.084ms
[81.982s][info][gc,cpu         ] GC(510) User=0.00s Sys=0.00s Real=0.00s
[81.986s][info][gc,marking     ] GC(507) Concurrent Rebuild Remembered Sets and Scrub Regions 39.596ms
[82.020s][info][gc,start       ] GC(507) Pause Cleanup
[82.021s][info][gc             ] GC(507) Pause Cleanup 415M->415M(512M) 0.315ms
[82.021s][info][gc,cpu         ] GC(507) User=0.00s Sys=0.00s Real=0.00s
[82.021s][info][gc,marking     ] GC(507) Concurrent Clear Claimed Marks
[82.021s][info][gc,marking     ] GC(507) Concurrent Clear Claimed Marks 0.072ms
[82.021s][info][gc,marking     ] GC(507) Concurrent Cleanup for Next Mark
[82.022s][info][gc,marking     ] GC(507) Concurrent Cleanup for Next Mark 0.997ms
[82.022s][info][gc             ] GC(507) Concurrent Mark Cycle 199.952ms
[82.058s][info][gc,start       ] GC(511) Pause Young (Prepare Mixed) (G1 Evacuation Pause)
[82.058s][info][gc,task        ] GC(511) Using 12 workers of 33 for evacuation
[82.079s][info][gc,phases      ] GC(511)   Pre Evacuate Collection Set: 0.1ms
[82.079s][info][gc,phases      ] GC(511)   Merge Heap Roots: 0.2ms
[82.079s][info][gc,phases      ] GC(511)   Evacuate Collection Set: 20.9ms
[82.080s][info][gc,phases      ] GC(511)   Post Evacuate Collection Set: 0.3ms
[82.080s][info][gc,phases      ] GC(511)   Other: 0.1ms
[82.080s][info][gc,heap        ] GC(511) Eden regions: 50->0(36)
[82.080s][info][gc,heap        ] GC(511) Survivor regions: 5->7(7)
[82.080s][info][gc,heap        ] GC(511) Old regions: 377->411
[82.080s][info][gc,heap        ] GC(511) Archive regions: 0->0
[82.080s][info][gc,heap        ] GC(511) Humongous regions: 1->1
[82.080s][info][gc,metaspace   ] GC(511) Metaspace: 16734K(17408K)->16734K(17408K) NonClass: 14313K(14720K)->14313K(14720K) Class: 2420K(2688K)->2420K(2688K)
[82.080s][info][gc             ] GC(511) Pause Young (Prepare Mixed) (G1 Evacuation Pause) 432M->417M(512M) 22.203ms
[82.080s][info][gc,cpu         ] GC(511) User=0.22s Sys=0.00s Real=0.03s
[82.118s][info][gc,start       ] GC(512) Pause Young (Mixed) (G1 Evacuation Pause)
[82.119s][info][gc,task        ] GC(512) Using 12 workers of 33 for evacuation
[82.138s][info][gc,phases      ] GC(512)   Pre Evacuate Collection Set: 0.1ms
[82.138s][info][gc,phases      ] GC(512)   Merge Heap Roots: 0.2ms
[82.138s][info][gc,phases      ] GC(512)   Evacuate Collection Set: 18.9ms
[82.138s][info][gc,phases      ] GC(512)   Post Evacuate Collection Set: 0.3ms
[82.138s][info][gc,phases      ] GC(512)   Other: 0.1ms
[82.138s][info][gc,heap        ] GC(512) Eden regions: 36->0(26)
[82.138s][info][gc,heap        ] GC(512) Survivor regions: 7->6(6)
[82.138s][info][gc,heap        ] GC(512) Old regions: 411->436
[82.138s][info][gc,heap        ] GC(512) Archive regions: 0->0
[82.138s][info][gc,heap        ] GC(512) Humongous regions: 1->1
[82.138s][info][gc,metaspace   ] GC(512) Metaspace: 16734K(17408K)->16734K(17408K) NonClass: 14313K(14720K)->14313K(14720K) Class: 2420K(2688K)->2420K(2688K)
[82.138s][info][gc             ] GC(512) Pause Young (Mixed) (G1 Evacuation Pause) 453M->441M(512M) 19.987ms
[82.138s][info][gc,cpu         ] GC(512) User=0.19s Sys=0.00s Real=0.02s
[82.166s][info][gc,start       ] GC(513) Pause Young (Concurrent Start) (G1 Evacuation Pause)
[82.167s][info][gc,task        ] GC(513) Using 12 workers of 33 for evacuation
[82.180s][info][gc,phases      ] GC(513)   Pre Evacuate Collection Set: 0.2ms
[82.180s][info][gc,phases      ] GC(513)   Merge Heap Roots: 0.2ms
[82.180s][info][gc,phases      ] GC(513)   Evacuate Collection Set: 12.6ms
[82.180s][info][gc,phases      ] GC(513)   Post Evacuate Collection Set: 0.3ms
[82.180s][info][gc,phases      ] GC(513)   Other: 0.1ms
[82.180s][info][gc,heap        ] GC(513) Eden regions: 26->0(21)
[82.180s][info][gc,heap        ] GC(513) Survivor regions: 6->4(4)
[82.180s][info][gc,heap        ] GC(513) Old regions: 436->458
[82.180s][info][gc,heap        ] GC(513) Archive regions: 0->0
[82.180s][info][gc,heap        ] GC(513) Humongous regions: 1->1
[82.180s][info][gc,metaspace   ] GC(513) Metaspace: 16734K(17408K)->16734K(17408K) NonClass: 14313K(14720K)->14313K(14720K) Class: 2420K(2688K)->2420K(2688K)
[82.180s][info][gc             ] GC(513) Pause Young (Concurrent Start) (G1 Evacuation Pause) 467M->461M(512M) 13.884ms
[82.180s][info][gc             ] GC(514) Concurrent Mark Cycle
[82.180s][info][gc,cpu         ] GC(513) User=0.14s Sys=0.05s Real=0.02s
[82.180s][info][gc,marking     ] GC(514) Concurrent Scan Root Regions
[82.186s][info][gc,marking     ] GC(514) Concurrent Scan Root Regions 5.899ms
[82.186s][info][gc,marking     ] GC(514) Concurrent Mark
[82.186s][info][gc,marking     ] GC(514) Concurrent Mark From Roots
[82.186s][info][gc,task        ] GC(514) Using 8 workers of 8 for marking
[82.238s][info][gc,start       ] GC(515) Pause Young (Normal) (G1 Evacuation Pause)
[82.238s][info][gc,task        ] GC(515) Using 12 workers of 33 for evacuation
[82.247s][info][gc,phases      ] GC(515)   Pre Evacuate Collection Set: 0.1ms
[82.247s][info][gc,phases      ] GC(515)   Merge Heap Roots: 0.4ms
[82.247s][info][gc,phases      ] GC(515)   Evacuate Collection Set: 7.9ms
[82.247s][info][gc,phases      ] GC(515)   Post Evacuate Collection Set: 0.2ms
[82.247s][info][gc,phases      ] GC(515)   Other: 0.1ms
[82.247s][info][gc,heap        ] GC(515) Eden regions: 21->0(21)
[82.247s][info][gc,heap        ] GC(515) Survivor regions: 4->4(4)
[82.247s][info][gc,heap        ] GC(515) Old regions: 458->469
[82.247s][info][gc,heap        ] GC(515) Archive regions: 0->0
[82.247s][info][gc,heap        ] GC(515) Humongous regions: 2->2
[82.247s][info][gc,metaspace   ] GC(515) Metaspace: 16734K(17408K)->16734K(17408K) NonClass: 14313K(14720K)->14313K(14720K) Class: 2420K(2688K)->2420K(2688K)
[82.247s][info][gc             ] GC(515) Pause Young (Normal) (G1 Evacuation Pause) 483M->474M(512M) 8.914ms
[82.247s][info][gc,cpu         ] GC(515) User=0.00s Sys=0.00s Real=0.00s
[82.308s][info][gc,start       ] GC(516) Pause Young (Normal) (G1 Evacuation Pause)
[82.308s][info][gc,task        ] GC(516) Using 12 workers of 33 for evacuation
[82.319s][info][gc,phases      ] GC(516)   Pre Evacuate Collection Set: 0.1ms
[82.319s][info][gc,phases      ] GC(516)   Merge Heap Roots: 0.6ms
[82.319s][info][gc,phases      ] GC(516)   Evacuate Collection Set: 10.4ms
[82.319s][info][gc,phases      ] GC(516)   Post Evacuate Collection Set: 0.2ms
[82.319s][info][gc,phases      ] GC(516)   Other: 0.1ms
[82.320s][info][gc,heap        ] GC(516) Eden regions: 21->0(21)
[82.320s][info][gc,heap        ] GC(516) Survivor regions: 4->4(4)
[82.320s][info][gc,heap        ] GC(516) Old regions: 469->474
[82.320s][info][gc,heap        ] GC(516) Archive regions: 0->0
[82.320s][info][gc,heap        ] GC(516) Humongous regions: 2->2
[82.320s][info][gc,metaspace   ] GC(516) Metaspace: 16734K(17408K)->16734K(17408K) NonClass: 14313K(14720K)->14313K(14720K) Class: 2420K(2688K)->2420K(2688K)
[82.320s][info][gc             ] GC(516) Pause Young (Normal) (G1 Evacuation Pause) 495M->479M(512M) 11.654ms
[82.320s][info][gc,cpu         ] GC(516) User=0.19s Sys=0.00s Real=0.02s
[82.363s][info][gc,marking     ] GC(514) Concurrent Mark From Roots 176.939ms
[82.363s][info][gc,marking     ] GC(514) Concurrent Preclean
[82.364s][info][gc,marking     ] GC(514) Concurrent Preclean 0.056ms
[82.364s][info][gc,start       ] GC(514) Pause Remark
[82.365s][info][gc             ] GC(514) Pause Remark 490M->490M(512M) 1.176ms
[82.365s][info][gc,cpu         ] GC(514) User=0.00s Sys=0.00s Real=0.00s
[82.365s][info][gc,marking     ] GC(514) Concurrent Mark 178.453ms
[82.365s][info][gc,marking     ] GC(514) Concurrent Rebuild Remembered Sets and Scrub Regions
[82.393s][info][gc,start       ] GC(517) Pause Young (Normal) (G1 Evacuation Pause)
[82.393s][info][gc,task        ] GC(517) Using 12 workers of 33 for evacuation
[82.407s][info][gc,phases      ] GC(517)   Pre Evacuate Collection Set: 0.1ms
[82.407s][info][gc,phases      ] GC(517)   Merge Heap Roots: 0.9ms
[82.407s][info][gc,phases      ] GC(517)   Evacuate Collection Set: 12.6ms
[82.407s][info][gc,phases      ] GC(517)   Post Evacuate Collection Set: 0.3ms
[82.407s][info][gc,phases      ] GC(517)   Other: 0.1ms
[82.407s][info][gc,heap        ] GC(517) Eden regions: 21->0(21)
[82.407s][info][gc,heap        ] GC(517) Survivor regions: 4->4(4)
[82.407s][info][gc,heap        ] GC(517) Old regions: 474->477
[82.407s][info][gc,heap        ] GC(517) Archive regions: 0->0
[82.407s][info][gc,heap        ] GC(517) Humongous regions: 2->2
[82.407s][info][gc,metaspace   ] GC(517) Metaspace: 16734K(17408K)->16734K(17408K) NonClass: 14313K(14720K)->14313K(14720K) Class: 2420K(2688K)->2420K(2688K)
[82.407s][info][gc             ] GC(517) Pause Young (Normal) (G1 Evacuation Pause) 500M->481M(512M) 14.316ms
[82.407s][info][gc,cpu         ] GC(517) User=0.00s Sys=0.00s Real=0.00s
[82.432s][info][gc,marking     ] GC(514) Concurrent Rebuild Remembered Sets and Scrub Regions 66.665ms
[82.432s][info][gc,start       ] GC(514) Pause Cleanup
[82.432s][info][gc             ] GC(514) Pause Cleanup 490M->490M(512M) 0.235ms
[82.432s][info][gc,cpu         ] GC(514) User=0.00s Sys=0.00s Real=0.00s
[82.432s][info][gc,marking     ] GC(514) Concurrent Clear Claimed Marks
[82.432s][info][gc,marking     ] GC(514) Concurrent Clear Claimed Marks 0.023ms
[82.432s][info][gc,marking     ] GC(514) Concurrent Cleanup for Next Mark
[82.432s][info][gc,marking     ] GC(514) Concurrent Cleanup for Next Mark 0.361ms
[82.432s][info][gc             ] GC(514) Concurrent Mark Cycle 252.034ms
[82.465s][info][gc,start       ] GC(518) Pause Young (Prepare Mixed) (G1 Evacuation Pause)
[82.465s][info][gc,task        ] GC(518) Using 12 workers of 33 for evacuation
[82.481s][info][gc,phases      ] GC(518)   Pre Evacuate Collection Set: 0.1ms
[82.481s][info][gc,phases      ] GC(518)   Merge Heap Roots: 1.1ms
[82.481s][info][gc,phases      ] GC(518)   Evacuate Collection Set: 14.1ms
[82.481s][info][gc,phases      ] GC(518)   Post Evacuate Collection Set: 0.3ms
[82.481s][info][gc,phases      ] GC(518)   Other: 0.1ms
[82.481s][info][gc,heap        ] GC(518) Eden regions: 21->0(22)
[82.481s][info][gc,heap        ] GC(518) Survivor regions: 4->3(4)
[82.481s][info][gc,heap        ] GC(518) Old regions: 477->479
[82.481s][info][gc,heap        ] GC(518) Archive regions: 0->0
[82.481s][info][gc,heap        ] GC(518) Humongous regions: 2->2
[82.481s][info][gc,metaspace   ] GC(518) Metaspace: 16734K(17408K)->16734K(17408K) NonClass: 14313K(14720K)->14313K(14720K) Class: 2420K(2688K)->2420K(2688K)
[82.481s][info][gc             ] GC(518) Pause Young (Prepare Mixed) (G1 Evacuation Pause) 502M->482M(512M) 16.190ms
[82.481s][info][gc,cpu         ] GC(518) User=0.19s Sys=0.00s Real=0.02s
[82.531s][info][gc,start       ] GC(519) Pause Young (Mixed) (G1 Evacuation Pause)
[82.531s][info][gc,task        ] GC(519) Using 12 workers of 33 for evacuation
[82.546s][info][gc,phases      ] GC(519)   Pre Evacuate Collection Set: 0.1ms
[82.546s][info][gc,phases      ] GC(519)   Merge Heap Roots: 1.1ms
[82.546s][info][gc,phases      ] GC(519)   Evacuate Collection Set: 13.5ms
[82.546s][info][gc,phases      ] GC(519)   Post Evacuate Collection Set: 0.3ms
[82.546s][info][gc,phases      ] GC(519)   Other: 0.1ms
[82.546s][info][gc,heap        ] GC(519) Eden regions: 22->0(23)
[82.546s][info][gc,heap        ] GC(519) Survivor regions: 3->2(4)
[82.546s][info][gc,heap        ] GC(519) Old regions: 479->476
[82.546s][info][gc,heap        ] GC(519) Archive regions: 0->0
[82.547s][info][gc,heap        ] GC(519) Humongous regions: 2->2
[82.547s][info][gc,metaspace   ] GC(519) Metaspace: 16734K(17408K)->16734K(17408K) NonClass: 14313K(14720K)->14313K(14720K) Class: 2420K(2688K)->2420K(2688K)
[82.547s][info][gc             ] GC(519) Pause Young (Mixed) (G1 Evacuation Pause) 504M->478M(512M) 15.685ms
[82.547s][info][gc,cpu         ] GC(519) User=0.19s Sys=0.00s Real=0.02s
[89.767s][info][gc,start       ] GC(520) Pause Young (Concurrent Start) (G1 Evacuation Pause)
[89.767s][info][gc,task        ] GC(520) Using 12 workers of 33 for evacuation
[89.776s][info][gc,phases      ] GC(520)   Pre Evacuate Collection Set: 0.3ms
[89.776s][info][gc,phases      ] GC(520)   Merge Heap Roots: 0.2ms
[89.776s][info][gc,phases      ] GC(520)   Evacuate Collection Set: 7.7ms
[89.776s][info][gc,phases      ] GC(520)   Post Evacuate Collection Set: 0.7ms
[89.776s][info][gc,phases      ] GC(520)   Other: 0.1ms
[89.776s][info][gc,heap        ] GC(520) Eden regions: 23->0(5)
[89.776s][info][gc,heap        ] GC(520) Survivor regions: 2->4(4)
[89.776s][info][gc,heap        ] GC(520) Old regions: 476->497
[89.776s][info][gc,heap        ] GC(520) Archive regions: 0->0
[89.776s][info][gc,heap        ] GC(520) Humongous regions: 2->2
[89.776s][info][gc,metaspace   ] GC(520) Metaspace: 16741K(17408K)->16741K(17408K) NonClass: 14321K(14720K)->14321K(14720K) Class: 2420K(2688K)->2420K(2688K)
[89.776s][info][gc             ] GC(520) Pause Young (Concurrent Start) (G1 Evacuation Pause) (Evacuation Failure) 501M->502M(512M) 9.566ms
[89.776s][info][gc             ] GC(521) Concurrent Mark Cycle
[89.776s][info][gc,cpu         ] GC(520) User=0.00s Sys=0.00s Real=0.00s
[89.777s][info][gc,marking     ] GC(521) Concurrent Scan Root Regions
[89.781s][info][gc,marking     ] GC(521) Concurrent Scan Root Regions 3.968ms
[89.781s][info][gc,marking     ] GC(521) Concurrent Mark
[89.781s][info][gc,marking     ] GC(521) Concurrent Mark From Roots
[89.781s][info][gc,task        ] GC(521) Using 8 workers of 8 for marking
[89.781s][info][gc,start       ] GC(522) Pause Young (Normal) (G1 Evacuation Pause)
[89.781s][info][gc,task        ] GC(522) Using 12 workers of 33 for evacuation
[89.788s][info][gc,phases      ] GC(522)   Pre Evacuate Collection Set: 0.1ms
[89.788s][info][gc,phases      ] GC(522)   Merge Heap Roots: 0.3ms
[89.788s][info][gc,phases      ] GC(522)   Evacuate Collection Set: 6.3ms
[89.788s][info][gc,phases      ] GC(522)   Post Evacuate Collection Set: 0.5ms
[89.788s][info][gc,phases      ] GC(522)   Other: 0.1ms
[89.788s][info][gc,heap        ] GC(522) Eden regions: 5->0(0)
[89.789s][info][gc,heap        ] GC(522) Survivor regions: 4->1(2)
[89.789s][info][gc,heap        ] GC(522) Old regions: 497->509
[89.789s][info][gc,heap        ] GC(522) Archive regions: 0->0
[89.789s][info][gc,heap        ] GC(522) Humongous regions: 2->2
[89.789s][info][gc,metaspace   ] GC(522) Metaspace: 16741K(17408K)->16741K(17408K) NonClass: 14321K(14720K)->14321K(14720K) Class: 2420K(2688K)->2420K(2688K)
[89.789s][info][gc             ] GC(522) Pause Young (Normal) (G1 Evacuation Pause) (Evacuation Failure) 507M->511M(512M) 7.834ms
[89.789s][info][gc,cpu         ] GC(522) User=0.19s Sys=0.00s Real=0.02s
[89.789s][info][gc,ergo        ] Attempting full compaction
[89.789s][info][gc,start       ] GC(523) Pause Full (G1 Compaction Pause)
[89.789s][info][gc,task        ] GC(523) Using 12 workers of 33 for full compaction
[89.790s][info][gc,phases,start] GC(523) Phase 1: Mark live objects
[89.803s][info][gc,phases      ] GC(523) Phase 1: Mark live objects 13.337ms
[89.803s][info][gc,phases,start] GC(523) Phase 2: Prepare compaction
[89.805s][info][gc,phases      ] GC(523) Phase 2: Prepare compaction 1.752ms
[89.805s][info][gc,phases,start] GC(523) Phase 3: Adjust pointers
[89.807s][info][gc,phases      ] GC(523) Phase 3: Adjust pointers 2.061ms
[89.807s][info][gc,phases,start] GC(523) Phase 4: Compact heap
[89.808s][info][gc,phases      ] GC(523) Phase 4: Compact heap 0.870ms
[89.810s][info][gc,heap        ] GC(523) Eden regions: 0->0(40)
[89.810s][info][gc,heap        ] GC(523) Survivor regions: 1->0(2)
[89.810s][info][gc,heap        ] GC(523) Old regions: 509->35
[89.810s][info][gc,heap        ] GC(523) Archive regions: 0->0
[89.810s][info][gc,heap        ] GC(523) Humongous regions: 2->0
[89.810s][info][gc,metaspace   ] GC(523) Metaspace: 16741K(17408K)->16741K(17408K) NonClass: 14321K(14720K)->14321K(14720K) Class: 2420K(2688K)->2420K(2688K)
[89.810s][info][gc             ] GC(523) Pause Full (G1 Compaction Pause) 511M->27M(117M) 21.267ms
[89.810s][info][gc,cpu         ] GC(523) User=0.19s Sys=0.00s Real=0.02s
[89.810s][info][gc,marking     ] GC(521) Concurrent Mark From Roots 29.603ms
[89.810s][info][gc,marking     ] GC(521) Concurrent Mark Abort
[89.810s][info][gc             ] GC(521) Concurrent Mark Cycle 33.798ms
[89.846s][info][gc,start       ] GC(524) Pause Young (Normal) (G1 Evacuation Pause)
[89.846s][info][gc,task        ] GC(524) Using 7 workers of 33 for evacuation
[89.860s][info][gc,phases      ] GC(524)   Pre Evacuate Collection Set: 0.1ms
[89.860s][info][gc,phases      ] GC(524)   Merge Heap Roots: 0.0ms
[89.860s][info][gc,phases      ] GC(524)   Evacuate Collection Set: 13.1ms
[89.860s][info][gc,phases      ] GC(524)   Post Evacuate Collection Set: 0.3ms
[89.860s][info][gc,phases      ] GC(524)   Other: 0.1ms
[89.860s][info][gc,heap        ] GC(524) Eden regions: 40->0(31)
[89.860s][info][gc,heap        ] GC(524) Survivor regions: 0->5(5)
[89.860s][info][gc,heap        ] GC(524) Old regions: 35->48
[89.860s][info][gc,heap        ] GC(524) Archive regions: 0->0
[89.860s][info][gc,heap        ] GC(524) Humongous regions: 0->0
[89.860s][info][gc,metaspace   ] GC(524) Metaspace: 16741K(17408K)->16741K(17408K) NonClass: 14321K(14720K)->14321K(14720K) Class: 2420K(2688K)->2420K(2688K)
[89.860s][info][gc             ] GC(524) Pause Young (Normal) (G1 Evacuation Pause) 67M->45M(117M) 14.198ms
[89.860s][info][gc,cpu         ] GC(524) User=0.11s Sys=0.00s Real=0.02s
[89.897s][info][gc,start       ] GC(525) Pause Young (Concurrent Start) (G1 Evacuation Pause)
[89.897s][info][gc,task        ] GC(525) Using 4 workers of 33 for evacuation
[89.920s][info][gc,phases      ] GC(525)   Pre Evacuate Collection Set: 0.2ms
[89.920s][info][gc,phases      ] GC(525)   Merge Heap Roots: 0.1ms
[89.920s][info][gc,phases      ] GC(525)   Evacuate Collection Set: 22.2ms
[89.920s][info][gc,phases      ] GC(525)   Post Evacuate Collection Set: 0.3ms
[89.920s][info][gc,phases      ] GC(525)   Other: 0.1ms
[89.920s][info][gc,heap        ] GC(525) Eden regions: 31->0(24)
[89.920s][info][gc,heap        ] GC(525) Survivor regions: 5->5(5)
[89.921s][info][gc,heap        ] GC(525) Old regions: 48->63
[89.921s][info][gc,heap        ] GC(525) Archive regions: 0->0
[89.921s][info][gc,heap        ] GC(525) Humongous regions: 0->0
[89.921s][info][gc,metaspace   ] GC(525) Metaspace: 16741K(17408K)->16741K(17408K) NonClass: 14321K(14720K)->14321K(14720K) Class: 2420K(2688K)->2420K(2688K)
[89.921s][info][gc             ] GC(525) Pause Young (Concurrent Start) (G1 Evacuation Pause) 76M->60M(117M) 23.471ms
[89.921s][info][gc             ] GC(526) Concurrent Mark Cycle
[89.921s][info][gc,cpu         ] GC(525) User=0.06s Sys=0.00s Real=0.02s
[89.921s][info][gc,marking     ] GC(526) Concurrent Scan Root Regions
[89.927s][info][gc,marking     ] GC(526) Concurrent Scan Root Regions 5.893ms
[89.927s][info][gc,marking     ] GC(526) Concurrent Mark
[89.927s][info][gc,marking     ] GC(526) Concurrent Mark From Roots
[89.927s][info][gc,task        ] GC(526) Using 8 workers of 8 for marking
[89.942s][info][gc,start       ] GC(527) Pause Young (Normal) (G1 Evacuation Pause)
[89.943s][info][gc,task        ] GC(527) Using 3 workers of 33 for evacuation
[89.961s][info][gc,phases      ] GC(527)   Pre Evacuate Collection Set: 0.1ms
[89.961s][info][gc,phases      ] GC(527)   Merge Heap Roots: 0.1ms
[89.961s][info][gc,phases      ] GC(527)   Evacuate Collection Set: 18.2ms
[89.961s][info][gc,phases      ] GC(527)   Post Evacuate Collection Set: 0.2ms
[89.961s][info][gc,phases      ] GC(527)   Other: 0.1ms
[89.962s][info][gc,heap        ] GC(527) Eden regions: 24->0(18)
[89.962s][info][gc,heap        ] GC(527) Survivor regions: 5->4(4)
[89.962s][info][gc,heap        ] GC(527) Old regions: 63->75
[89.962s][info][gc,heap        ] GC(527) Archive regions: 0->0
[89.962s][info][gc,heap        ] GC(527) Humongous regions: 0->0
[89.962s][info][gc,metaspace   ] GC(527) Metaspace: 16741K(17408K)->16741K(17408K) NonClass: 14321K(14720K)->14321K(14720K) Class: 2420K(2688K)->2420K(2688K)
[89.962s][info][gc             ] GC(527) Pause Young (Normal) (G1 Evacuation Pause) 84M->71M(117M) 19.224ms
[89.962s][info][gc,cpu         ] GC(527) User=0.05s Sys=0.00s Real=0.02s
[89.964s][info][gc,marking     ] GC(526) Concurrent Mark From Roots 37.225ms
[89.964s][info][gc,marking     ] GC(526) Concurrent Preclean
[89.964s][info][gc,marking     ] GC(526) Concurrent Preclean 0.059ms
[89.977s][info][gc,start       ] GC(526) Pause Remark
[89.979s][info][gc             ] GC(526) Pause Remark 72M->72M(134M) 1.458ms
[89.979s][info][gc,cpu         ] GC(526) User=0.00s Sys=0.00s Real=0.00s
[89.979s][info][gc,marking     ] GC(526) Concurrent Mark 52.068ms
[89.979s][info][gc,marking     ] GC(526) Concurrent Rebuild Remembered Sets and Scrub Regions
[90.005s][info][gc,marking     ] GC(526) Concurrent Rebuild Remembered Sets and Scrub Regions 26.189ms
[90.025s][info][gc,start       ] GC(526) Pause Cleanup
[90.025s][info][gc             ] GC(526) Pause Cleanup 88M->88M(134M) 0.199ms
[90.026s][info][gc,cpu         ] GC(526) User=0.00s Sys=0.00s Real=0.00s
[90.026s][info][gc,marking     ] GC(526) Concurrent Clear Claimed Marks
[90.026s][info][gc,marking     ] GC(526) Concurrent Clear Claimed Marks 0.046ms
[90.026s][info][gc,marking     ] GC(526) Concurrent Cleanup for Next Mark
[90.026s][info][gc,marking     ] GC(526) Concurrent Cleanup for Next Mark 0.185ms
[90.026s][info][gc             ] GC(526) Concurrent Mark Cycle 105.136ms
[90.027s][info][gc,start       ] GC(528) Pause Young (Prepare Mixed) (G1 Evacuation Pause)
[90.027s][info][gc,task        ] GC(528) Using 3 workers of 33 for evacuation
[90.050s][info][gc,phases      ] GC(528)   Pre Evacuate Collection Set: 0.1ms
[90.050s][info][gc,phases      ] GC(528)   Merge Heap Roots: 0.1ms
[90.050s][info][gc,phases      ] GC(528)   Evacuate Collection Set: 21.9ms
[90.050s][info][gc,phases      ] GC(528)   Post Evacuate Collection Set: 0.3ms
[90.050s][info][gc,phases      ] GC(528)   Other: 0.1ms
[90.050s][info][gc,heap        ] GC(528) Eden regions: 18->0(22)
[90.050s][info][gc,heap        ] GC(528) Survivor regions: 4->3(3)
[90.050s][info][gc,heap        ] GC(528) Old regions: 75->85
[90.050s][info][gc,heap        ] GC(528) Archive regions: 0->0
[90.050s][info][gc,heap        ] GC(528) Humongous regions: 0->0
[90.050s][info][gc,metaspace   ] GC(528) Metaspace: 16741K(17408K)->16741K(17408K) NonClass: 14321K(14720K)->14321K(14720K) Class: 2420K(2688K)->2420K(2688K)
[90.050s][info][gc             ] GC(528) Pause Young (Prepare Mixed) (G1 Evacuation Pause) 89M->80M(134M) 22.896ms
[90.050s][info][gc,cpu         ] GC(528) User=0.09s Sys=0.00s Real=0.03s
[90.074s][info][gc,start       ] GC(529) Pause Young (Mixed) (G1 Evacuation Pause)
[90.074s][info][gc,task        ] GC(529) Using 3 workers of 33 for evacuation
[90.093s][info][gc,phases      ] GC(529)   Pre Evacuate Collection Set: 0.1ms
[90.093s][info][gc,phases      ] GC(529)   Merge Heap Roots: 0.1ms
[90.093s][info][gc,phases      ] GC(529)   Evacuate Collection Set: 18.3ms
[90.093s][info][gc,phases      ] GC(529)   Post Evacuate Collection Set: 0.2ms
[90.093s][info][gc,phases      ] GC(529)   Other: 0.1ms
[90.093s][info][gc,heap        ] GC(529) Eden regions: 22->0(17)
[90.093s][info][gc,heap        ] GC(529) Survivor regions: 3->4(4)
[90.093s][info][gc,heap        ] GC(529) Old regions: 85->93
[90.093s][info][gc,heap        ] GC(529) Archive regions: 0->0
[90.093s][info][gc,heap        ] GC(529) Humongous regions: 0->0
[90.093s][info][gc,metaspace   ] GC(529) Metaspace: 16741K(17408K)->16741K(17408K) NonClass: 14321K(14720K)->14321K(14720K) Class: 2420K(2688K)->2420K(2688K)
[90.093s][info][gc             ] GC(529) Pause Young (Mixed) (G1 Evacuation Pause) 102M->91M(134M) 19.266ms
[90.093s][info][gc,cpu         ] GC(529) User=0.05s Sys=0.00s Real=0.02s
[90.107s][info][gc,start       ] GC(530) Pause Young (Concurrent Start) (G1 Evacuation Pause)
[90.107s][info][gc,task        ] GC(530) Using 3 workers of 33 for evacuation
[90.133s][info][gc,phases      ] GC(530)   Pre Evacuate Collection Set: 0.2ms
[90.133s][info][gc,phases      ] GC(530)   Merge Heap Roots: 0.1ms
[90.133s][info][gc,phases      ] GC(530)   Evacuate Collection Set: 23.0ms
[90.133s][info][gc,phases      ] GC(530)   Post Evacuate Collection Set: 2.4ms
[90.133s][info][gc,phases      ] GC(530)   Other: 0.1ms
[90.133s][info][gc,heap        ] GC(530) Eden regions: 17->0(87)
[90.133s][info][gc,heap        ] GC(530) Survivor regions: 4->3(3)
[90.133s][info][gc,heap        ] GC(530) Old regions: 93->102
[90.133s][info][gc,heap        ] GC(530) Archive regions: 0->0
[90.133s][info][gc,heap        ] GC(530) Humongous regions: 0->0
[90.133s][info][gc,metaspace   ] GC(530) Metaspace: 16741K(17408K)->16741K(17408K) NonClass: 14321K(14720K)->14321K(14720K) Class: 2420K(2688K)->2420K(2688K)
[90.133s][info][gc             ] GC(530) Pause Young (Concurrent Start) (G1 Evacuation Pause) 108M->99M(286M) 26.359ms
[90.133s][info][gc             ] GC(531) Concurrent Mark Cycle
[90.133s][info][gc,cpu         ] GC(530) User=0.09s Sys=0.00s Real=0.03s
[90.133s][info][gc,marking     ] GC(531) Concurrent Scan Root Regions
[90.140s][info][gc,marking     ] GC(531) Concurrent Scan Root Regions 6.657ms
[90.140s][info][gc,marking     ] GC(531) Concurrent Mark
[90.140s][info][gc,marking     ] GC(531) Concurrent Mark From Roots
[90.140s][info][gc,task        ] GC(531) Using 8 workers of 8 for marking
[90.174s][info][gc,marking     ] GC(531) Concurrent Mark From Roots 34.524ms
[90.174s][info][gc,marking     ] GC(531) Concurrent Preclean
[90.174s][info][gc,marking     ] GC(531) Concurrent Preclean 0.036ms
[90.175s][info][gc,start       ] GC(531) Pause Remark
[90.176s][info][gc             ] GC(531) Pause Remark 130M->130M(286M) 1.502ms
[90.176s][info][gc,cpu         ] GC(531) User=0.00s Sys=0.00s Real=0.00s
[90.176s][info][gc,marking     ] GC(531) Concurrent Mark 36.364ms
[90.176s][info][gc,marking     ] GC(531) Concurrent Rebuild Remembered Sets and Scrub Regions
[90.207s][info][gc,marking     ] GC(531) Concurrent Rebuild Remembered Sets and Scrub Regions 30.396ms
[90.207s][info][gc,start       ] GC(531) Pause Cleanup
[90.207s][info][gc             ] GC(531) Pause Cleanup 155M->155M(286M) 0.289ms
[90.207s][info][gc,cpu         ] GC(531) User=0.00s Sys=0.00s Real=0.00s
[90.207s][info][gc,marking     ] GC(531) Concurrent Clear Claimed Marks
[90.207s][info][gc,marking     ] GC(531) Concurrent Clear Claimed Marks 0.044ms
[90.207s][info][gc,marking     ] GC(531) Concurrent Cleanup for Next Mark
[90.208s][info][gc,marking     ] GC(531) Concurrent Cleanup for Next Mark 0.621ms
[90.208s][info][gc             ] GC(531) Concurrent Mark Cycle 74.842ms
[90.244s][info][gc,start       ] GC(532) Pause Young (Prepare Mixed) (G1 Evacuation Pause)
[90.244s][info][gc,task        ] GC(532) Using 6 workers of 33 for evacuation
[90.276s][info][gc,phases      ] GC(532)   Pre Evacuate Collection Set: 0.1ms
[90.276s][info][gc,phases      ] GC(532)   Merge Heap Roots: 0.1ms
[90.276s][info][gc,phases      ] GC(532)   Evacuate Collection Set: 31.4ms
[90.276s][info][gc,phases      ] GC(532)   Post Evacuate Collection Set: 0.3ms
[90.276s][info][gc,phases      ] GC(532)   Other: 0.1ms
[90.276s][info][gc,heap        ] GC(532) Eden regions: 87->0(69)
[90.276s][info][gc,heap        ] GC(532) Survivor regions: 3->12(12)
[90.276s][info][gc,heap        ] GC(532) Old regions: 102->131
[90.276s][info][gc,heap        ] GC(532) Archive regions: 0->0
[90.276s][info][gc,heap        ] GC(532) Humongous regions: 0->0
[90.276s][info][gc,metaspace   ] GC(532) Metaspace: 16741K(17408K)->16741K(17408K) NonClass: 14321K(14720K)->14321K(14720K) Class: 2420K(2688K)->2420K(2688K)
[90.277s][info][gc             ] GC(532) Pause Young (Prepare Mixed) (G1 Evacuation Pause) 186M->137M(286M) 32.564ms
[90.277s][info][gc,cpu         ] GC(532) User=0.16s Sys=0.03s Real=0.03s
[90.333s][info][gc,start       ] GC(533) Pause Young (Mixed) (G1 Evacuation Pause)
[90.333s][info][gc,task        ] GC(533) Using 6 workers of 33 for evacuation
[90.369s][info][gc,phases      ] GC(533)   Pre Evacuate Collection Set: 0.1ms
[90.369s][info][gc,phases      ] GC(533)   Merge Heap Roots: 0.1ms
[90.369s][info][gc,phases      ] GC(533)   Evacuate Collection Set: 34.8ms
[90.369s][info][gc,phases      ] GC(533)   Post Evacuate Collection Set: 0.3ms
[90.369s][info][gc,phases      ] GC(533)   Other: 0.1ms
[90.369s][info][gc,heap        ] GC(533) Eden regions: 69->0(55)
[90.369s][info][gc,heap        ] GC(533) Survivor regions: 12->11(11)
[90.369s][info][gc,heap        ] GC(533) Old regions: 131->161
[90.369s][info][gc,heap        ] GC(533) Archive regions: 0->0
[90.369s][info][gc,heap        ] GC(533) Humongous regions: 0->0
[90.369s][info][gc,metaspace   ] GC(533) Metaspace: 16741K(17408K)->16741K(17408K) NonClass: 14321K(14720K)->14321K(14720K) Class: 2420K(2688K)->2420K(2688K)
[90.369s][info][gc             ] GC(533) Pause Young (Mixed) (G1 Evacuation Pause) 206M->169M(286M) 35.932ms
[90.369s][info][gc,cpu         ] GC(533) User=0.19s Sys=0.00s Real=0.03s
[90.415s][info][gc,start       ] GC(534) Pause Young (Concurrent Start) (G1 Evacuation Pause)
[90.415s][info][gc,task        ] GC(534) Using 6 workers of 33 for evacuation
[90.445s][info][gc,phases      ] GC(534)   Pre Evacuate Collection Set: 0.2ms
[90.445s][info][gc,phases      ] GC(534)   Merge Heap Roots: 0.1ms
[90.445s][info][gc,phases      ] GC(534)   Evacuate Collection Set: 28.9ms
[90.445s][info][gc,phases      ] GC(534)   Post Evacuate Collection Set: 0.3ms
[90.445s][info][gc,phases      ] GC(534)   Other: 0.1ms
[90.445s][info][gc,heap        ] GC(534) Eden regions: 55->0(43)
[90.445s][info][gc,heap        ] GC(534) Survivor regions: 11->9(9)
[90.445s][info][gc,heap        ] GC(534) Old regions: 161->188
[90.445s][info][gc,heap        ] GC(534) Archive regions: 0->0
[90.445s][info][gc,heap        ] GC(534) Humongous regions: 0->0
[90.445s][info][gc,metaspace   ] GC(534) Metaspace: 16741K(17408K)->16741K(17408K) NonClass: 14321K(14720K)->14321K(14720K) Class: 2420K(2688K)->2420K(2688K)
[90.445s][info][gc             ] GC(534) Pause Young (Concurrent Start) (G1 Evacuation Pause) 224M->194M(286M) 30.141ms
[90.446s][info][gc             ] GC(535) Concurrent Mark Cycle
[90.446s][info][gc,cpu         ] GC(534) User=0.17s Sys=0.02s Real=0.03s
[90.446s][info][gc,marking     ] GC(535) Concurrent Scan Root Regions
[90.453s][info][gc,marking     ] GC(535) Concurrent Scan Root Regions 7.699ms
[90.453s][info][gc,marking     ] GC(535) Concurrent Mark
[90.453s][info][gc,marking     ] GC(535) Concurrent Mark From Roots
[90.453s][info][gc,task        ] GC(535) Using 8 workers of 8 for marking
[90.487s][info][gc,start       ] GC(536) Pause Young (Normal) (G1 Evacuation Pause)
[90.487s][info][gc,task        ] GC(536) Using 6 workers of 33 for evacuation
[90.504s][info][gc,phases      ] GC(536)   Pre Evacuate Collection Set: 0.1ms
[90.504s][info][gc,phases      ] GC(536)   Merge Heap Roots: 0.1ms
[90.504s][info][gc,phases      ] GC(536)   Evacuate Collection Set: 16.2ms
[90.504s][info][gc,phases      ] GC(536)   Post Evacuate Collection Set: 0.2ms
[90.504s][info][gc,phases      ] GC(536)   Other: 0.1ms
[90.504s][info][gc,heap        ] GC(536) Eden regions: 43->0(33)
[90.504s][info][gc,heap        ] GC(536) Survivor regions: 9->7(7)
[90.504s][info][gc,heap        ] GC(536) Old regions: 188->210
[90.504s][info][gc,heap        ] GC(536) Archive regions: 0->0
[90.504s][info][gc,heap        ] GC(536) Humongous regions: 0->0
[90.504s][info][gc,metaspace   ] GC(536) Metaspace: 16741K(17408K)->16741K(17408K) NonClass: 14321K(14720K)->14321K(14720K) Class: 2420K(2688K)->2420K(2688K)
[90.504s][info][gc             ] GC(536) Pause Young (Normal) (G1 Evacuation Pause) 237M->214M(286M) 17.227ms
[90.504s][info][gc,cpu         ] GC(536) User=0.09s Sys=0.00s Real=0.02s
[90.519s][info][gc,marking     ] GC(535) Concurrent Mark From Roots 65.758ms
[90.519s][info][gc,marking     ] GC(535) Concurrent Preclean
[90.519s][info][gc,marking     ] GC(535) Concurrent Preclean 0.044ms
[90.519s][info][gc,start       ] GC(535) Pause Remark
[90.522s][info][gc             ] GC(535) Pause Remark 230M->230M(389M) 2.342ms
[90.522s][info][gc,cpu         ] GC(535) User=0.00s Sys=0.00s Real=0.00s
[90.522s][info][gc,marking     ] GC(535) Concurrent Mark 68.430ms
[90.522s][info][gc,marking     ] GC(535) Concurrent Rebuild Remembered Sets and Scrub Regions
[90.544s][info][gc,start       ] GC(537) Pause Young (Normal) (G1 Evacuation Pause)
[90.544s][info][gc,task        ] GC(537) Using 9 workers of 33 for evacuation
[90.555s][info][gc,phases      ] GC(537)   Pre Evacuate Collection Set: 0.1ms
[90.555s][info][gc,phases      ] GC(537)   Merge Heap Roots: 0.1ms
[90.555s][info][gc,phases      ] GC(537)   Evacuate Collection Set: 9.7ms
[90.555s][info][gc,phases      ] GC(537)   Post Evacuate Collection Set: 0.7ms
[90.555s][info][gc,phases      ] GC(537)   Other: 0.1ms
[90.555s][info][gc,heap        ] GC(537) Eden regions: 33->0(101)
[90.555s][info][gc,heap        ] GC(537) Survivor regions: 7->5(5)
[90.555s][info][gc,heap        ] GC(537) Old regions: 210->228
[90.555s][info][gc,heap        ] GC(537) Archive regions: 0->0
[90.555s][info][gc,heap        ] GC(537) Humongous regions: 0->0
[90.555s][info][gc,metaspace   ] GC(537) Metaspace: 16741K(17408K)->16741K(17408K) NonClass: 14321K(14720K)->14321K(14720K) Class: 2420K(2688K)->2420K(2688K)
[90.555s][info][gc             ] GC(537) Pause Young (Normal) (G1 Evacuation Pause) 247M->230M(438M) 10.828ms
[90.555s][info][gc,cpu         ] GC(537) User=0.00s Sys=0.00s Real=0.00s
[90.608s][info][gc,marking     ] GC(535) Concurrent Rebuild Remembered Sets and Scrub Regions 86.364ms
[90.621s][info][gc,start       ] GC(535) Pause Cleanup
[90.621s][info][gc             ] GC(535) Pause Cleanup 279M->279M(438M) 0.351ms
[90.621s][info][gc,cpu         ] GC(535) User=0.00s Sys=0.00s Real=0.00s
[90.621s][info][gc,marking     ] GC(535) Concurrent Clear Claimed Marks
[90.622s][info][gc,marking     ] GC(535) Concurrent Clear Claimed Marks 0.034ms
[90.622s][info][gc,marking     ] GC(535) Concurrent Cleanup for Next Mark
[90.622s][info][gc,marking     ] GC(535) Concurrent Cleanup for Next Mark 0.816ms
[90.622s][info][gc             ] GC(535) Concurrent Mark Cycle 176.820ms
[90.688s][info][gc,start       ] GC(538) Pause Young (Prepare Mixed) (G1 Evacuation Pause)
[90.688s][info][gc,task        ] GC(538) Using 10 workers of 33 for evacuation
[90.716s][info][gc,phases      ] GC(538)   Pre Evacuate Collection Set: 0.1ms
[90.716s][info][gc,phases      ] GC(538)   Merge Heap Roots: 0.4ms
[90.716s][info][gc,phases      ] GC(538)   Evacuate Collection Set: 27.4ms
[90.716s][info][gc,phases      ] GC(538)   Post Evacuate Collection Set: 0.3ms
[90.716s][info][gc,phases      ] GC(538)   Other: 0.1ms
[90.717s][info][gc,heap        ] GC(538) Eden regions: 101->0(79)
[90.717s][info][gc,heap        ] GC(538) Survivor regions: 5->14(14)
[90.717s][info][gc,heap        ] GC(538) Old regions: 228->264
[90.717s][info][gc,heap        ] GC(538) Archive regions: 0->0
[90.717s][info][gc,heap        ] GC(538) Humongous regions: 0->0
[90.717s][info][gc,metaspace   ] GC(538) Metaspace: 16741K(17408K)->16741K(17408K) NonClass: 14321K(14720K)->14321K(14720K) Class: 2420K(2688K)->2420K(2688K)
[90.717s][info][gc             ] GC(538) Pause Young (Prepare Mixed) (G1 Evacuation Pause) 331M->275M(438M) 28.822ms
[90.717s][info][gc,cpu         ] GC(538) User=0.31s Sys=0.00s Real=0.03s
[90.784s][info][gc,start       ] GC(539) Pause Young (Mixed) (G1 Evacuation Pause)
[90.784s][info][gc,task        ] GC(539) Using 10 workers of 33 for evacuation
[90.815s][info][gc,phases      ] GC(539)   Pre Evacuate Collection Set: 0.1ms
[90.815s][info][gc,phases      ] GC(539)   Merge Heap Roots: 0.2ms
[90.815s][info][gc,phases      ] GC(539)   Evacuate Collection Set: 29.9ms
[90.815s][info][gc,phases      ] GC(539)   Post Evacuate Collection Set: 0.3ms
[90.815s][info][gc,phases      ] GC(539)   Other: 0.1ms
[90.815s][info][gc,heap        ] GC(539) Eden regions: 79->0(63)
[90.815s][info][gc,heap        ] GC(539) Survivor regions: 14->12(12)
[90.815s][info][gc,heap        ] GC(539) Old regions: 264->298
[90.815s][info][gc,heap        ] GC(539) Archive regions: 0->0
[90.815s][info][gc,heap        ] GC(539) Humongous regions: 0->0
[90.815s][info][gc,metaspace   ] GC(539) Metaspace: 16741K(17408K)->16741K(17408K) NonClass: 14321K(14720K)->14321K(14720K) Class: 2420K(2688K)->2420K(2688K)
[90.815s][info][gc             ] GC(539) Pause Young (Mixed) (G1 Evacuation Pause) 354M->307M(438M) 31.041ms
[90.815s][info][gc,cpu         ] GC(539) User=0.31s Sys=0.00s Real=0.03s
[90.869s][info][gc,start       ] GC(540) Pause Young (Concurrent Start) (G1 Evacuation Pause)
[90.869s][info][gc,task        ] GC(540) Using 10 workers of 33 for evacuation
[90.893s][info][gc,phases      ] GC(540)   Pre Evacuate Collection Set: 0.3ms
[90.893s][info][gc,phases      ] GC(540)   Merge Heap Roots: 0.1ms
[90.893s][info][gc,phases      ] GC(540)   Evacuate Collection Set: 22.8ms
[90.893s][info][gc,phases      ] GC(540)   Post Evacuate Collection Set: 0.3ms
[90.893s][info][gc,phases      ] GC(540)   Other: 0.2ms
[90.893s][info][gc,heap        ] GC(540) Eden regions: 63->0(49)
[90.893s][info][gc,heap        ] GC(540) Survivor regions: 12->10(10)
[90.893s][info][gc,heap        ] GC(540) Old regions: 298->329
[90.893s][info][gc,heap        ] GC(540) Archive regions: 0->0
[90.893s][info][gc,heap        ] GC(540) Humongous regions: 0->0
[90.893s][info][gc,metaspace   ] GC(540) Metaspace: 16741K(17408K)->16741K(17408K) NonClass: 14321K(14720K)->14321K(14720K) Class: 2420K(2688K)->2420K(2688K)
[90.893s][info][gc             ] GC(540) Pause Young (Concurrent Start) (G1 Evacuation Pause) 370M->336M(438M) 24.052ms
[90.893s][info][gc             ] GC(541) Concurrent Mark Cycle
[90.893s][info][gc,cpu         ] GC(540) User=0.14s Sys=0.03s Real=0.03s
[90.893s][info][gc,marking     ] GC(541) Concurrent Scan Root Regions
[90.904s][info][gc,marking     ] GC(541) Concurrent Scan Root Regions 11.217ms
[90.904s][info][gc,marking     ] GC(541) Concurrent Mark
[90.904s][info][gc,marking     ] GC(541) Concurrent Mark From Roots
[90.904s][info][gc,task        ] GC(541) Using 8 workers of 8 for marking
[90.944s][info][gc,start       ] GC(542) Pause Young (Normal) (G1 Evacuation Pause)
[90.945s][info][gc,task        ] GC(542) Using 10 workers of 33 for evacuation
[90.957s][info][gc,phases      ] GC(542)   Pre Evacuate Collection Set: 0.1ms
[90.957s][info][gc,phases      ] GC(542)   Merge Heap Roots: 0.1ms
[90.957s][info][gc,phases      ] GC(542)   Evacuate Collection Set: 11.8ms
[90.957s][info][gc,phases      ] GC(542)   Post Evacuate Collection Set: 0.2ms
[90.957s][info][gc,phases      ] GC(542)   Other: 0.1ms
[90.957s][info][gc,heap        ] GC(542) Eden regions: 49->0(36)
[90.957s][info][gc,heap        ] GC(542) Survivor regions: 10->8(8)
[90.957s][info][gc,heap        ] GC(542) Old regions: 329->356
[90.957s][info][gc,heap        ] GC(542) Archive regions: 0->0
[90.957s][info][gc,heap        ] GC(542) Humongous regions: 0->0
[90.957s][info][gc,metaspace   ] GC(542) Metaspace: 16741K(17408K)->16741K(17408K) NonClass: 14321K(14720K)->14321K(14720K) Class: 2420K(2688K)->2420K(2688K)
[90.957s][info][gc             ] GC(542) Pause Young (Normal) (G1 Evacuation Pause) 385M->361M(438M) 12.785ms
[90.957s][info][gc,cpu         ] GC(542) User=0.16s Sys=0.00s Real=0.01s
[90.994s][info][gc,start       ] GC(543) Pause Young (Normal) (G1 Evacuation Pause)
[90.994s][info][gc,task        ] GC(543) Using 10 workers of 33 for evacuation
[91.003s][info][gc,phases      ] GC(543)   Pre Evacuate Collection Set: 0.1ms
[91.003s][info][gc,phases      ] GC(543)   Merge Heap Roots: 0.1ms
[91.003s][info][gc,phases      ] GC(543)   Evacuate Collection Set: 8.7ms
[91.003s][info][gc,phases      ] GC(543)   Post Evacuate Collection Set: 0.4ms
[91.003s][info][gc,phases      ] GC(543)   Other: 0.1ms
[91.003s][info][gc,heap        ] GC(543) Eden regions: 36->0(39)
[91.003s][info][gc,heap        ] GC(543) Survivor regions: 8->6(6)
[91.003s][info][gc,heap        ] GC(543) Old regions: 356->376
[91.003s][info][gc,heap        ] GC(543) Archive regions: 0->0
[91.003s][info][gc,heap        ] GC(543) Humongous regions: 0->0
[91.003s][info][gc,metaspace   ] GC(543) Metaspace: 16741K(17408K)->16741K(17408K) NonClass: 14321K(14720K)->14321K(14720K) Class: 2420K(2688K)->2420K(2688K)
[91.003s][info][gc             ] GC(543) Pause Young (Normal) (G1 Evacuation Pause) 397M->379M(461M) 9.649ms
[91.003s][info][gc,cpu         ] GC(543) User=0.00s Sys=0.02s Real=0.02s
[91.015s][info][gc,marking     ] GC(541) Concurrent Mark From Roots 110.171ms
[91.015s][info][gc,marking     ] GC(541) Concurrent Preclean
[91.015s][info][gc,marking     ] GC(541) Concurrent Preclean 0.033ms
[91.015s][info][gc,start       ] GC(541) Pause Remark
[91.016s][info][gc             ] GC(541) Pause Remark 386M->386M(512M) 1.577ms
[91.016s][info][gc,cpu         ] GC(541) User=0.00s Sys=0.00s Real=0.00s
[91.016s][info][gc,marking     ] GC(541) Concurrent Mark 112.050ms
[91.016s][info][gc,marking     ] GC(541) Concurrent Rebuild Remembered Sets and Scrub Regions
[91.068s][info][gc,start       ] GC(544) Pause Young (Normal) (G1 Evacuation Pause)
[91.068s][info][gc,task        ] GC(544) Using 12 workers of 33 for evacuation
[91.076s][info][gc,phases      ] GC(544)   Pre Evacuate Collection Set: 0.1ms
[91.076s][info][gc,phases      ] GC(544)   Merge Heap Roots: 0.1ms
[91.076s][info][gc,phases      ] GC(544)   Evacuate Collection Set: 8.1ms
[91.076s][info][gc,phases      ] GC(544)   Post Evacuate Collection Set: 0.3ms
[91.076s][info][gc,phases      ] GC(544)   Other: 0.1ms
[91.076s][info][gc,heap        ] GC(544) Eden regions: 39->0(54)
[91.076s][info][gc,heap        ] GC(544) Survivor regions: 6->6(6)
[91.076s][info][gc,heap        ] GC(544) Old regions: 376->396
[91.076s][info][gc,heap        ] GC(544) Archive regions: 0->0
[91.076s][info][gc,heap        ] GC(544) Humongous regions: 0->0
[91.076s][info][gc,metaspace   ] GC(544) Metaspace: 16741K(17408K)->16741K(17408K) NonClass: 14321K(14720K)->14321K(14720K) Class: 2420K(2688K)->2420K(2688K)
[91.076s][info][gc             ] GC(544) Pause Young (Normal) (G1 Evacuation Pause) 418M->399M(512M) 8.872ms
[91.076s][info][gc,cpu         ] GC(544) User=0.19s Sys=0.00s Real=0.02s
[91.138s][info][gc,start       ] GC(545) Pause Young (Normal) (G1 Evacuation Pause)
[91.138s][info][gc,task        ] GC(545) Using 12 workers of 33 for evacuation
[91.150s][info][gc,phases      ] GC(545)   Pre Evacuate Collection Set: 0.1ms
[91.150s][info][gc,phases      ] GC(545)   Merge Heap Roots: 0.1ms
[91.150s][info][gc,phases      ] GC(545)   Evacuate Collection Set: 11.7ms
[91.150s][info][gc,phases      ] GC(545)   Post Evacuate Collection Set: 0.3ms
[91.150s][info][gc,phases      ] GC(545)   Other: 0.1ms
[91.150s][info][gc,heap        ] GC(545) Eden regions: 54->0(41)
[91.150s][info][gc,heap        ] GC(545) Survivor regions: 6->8(8)
[91.150s][info][gc,heap        ] GC(545) Old regions: 396->420
[91.150s][info][gc,heap        ] GC(545) Archive regions: 0->0
[91.150s][info][gc,heap        ] GC(545) Humongous regions: 0->0
[91.150s][info][gc,metaspace   ] GC(545) Metaspace: 16741K(17408K)->16741K(17408K) NonClass: 14321K(14720K)->14321K(14720K) Class: 2420K(2688K)->2420K(2688K)
[91.150s][info][gc             ] GC(545) Pause Young (Normal) (G1 Evacuation Pause) 453M->425M(512M) 12.505ms
[91.150s][info][gc,cpu         ] GC(545) User=0.19s Sys=0.00s Real=0.02s
[91.175s][info][gc,marking     ] GC(541) Concurrent Rebuild Remembered Sets and Scrub Regions 158.552ms
[91.175s][info][gc,start       ] GC(541) Pause Cleanup
[91.175s][info][gc             ] GC(541) Pause Cleanup 453M->453M(512M) 0.329ms
[91.175s][info][gc,cpu         ] GC(541) User=0.00s Sys=0.00s Real=0.00s
[91.175s][info][gc,marking     ] GC(541) Concurrent Clear Claimed Marks
[91.175s][info][gc,marking     ] GC(541) Concurrent Clear Claimed Marks 0.022ms
[91.176s][info][gc,marking     ] GC(541) Concurrent Cleanup for Next Mark
[91.176s][info][gc,marking     ] GC(541) Concurrent Cleanup for Next Mark 0.591ms
[91.176s][info][gc             ] GC(541) Concurrent Mark Cycle 283.108ms
[91.188s][info][gc,start       ] GC(546) Pause Young (Prepare Mixed) (G1 Evacuation Pause)
[91.188s][info][gc,task        ] GC(546) Using 12 workers of 33 for evacuation
[91.203s][info][gc,phases      ] GC(546)   Pre Evacuate Collection Set: 0.1ms
[91.203s][info][gc,phases      ] GC(546)   Merge Heap Roots: 0.2ms
[91.203s][info][gc,phases      ] GC(546)   Evacuate Collection Set: 14.1ms
[91.203s][info][gc,phases      ] GC(546)   Post Evacuate Collection Set: 0.3ms
[91.203s][info][gc,phases      ] GC(546)   Other: 0.1ms
[91.203s][info][gc,heap        ] GC(546) Eden regions: 41->0(29)
[91.203s][info][gc,heap        ] GC(546) Survivor regions: 8->7(7)
[91.203s][info][gc,heap        ] GC(546) Old regions: 420->442
[91.203s][info][gc,heap        ] GC(546) Archive regions: 0->0
[91.203s][info][gc,heap        ] GC(546) Humongous regions: 0->0
[91.203s][info][gc,metaspace   ] GC(546) Metaspace: 16741K(17408K)->16741K(17408K) NonClass: 14321K(14720K)->14321K(14720K) Class: 2420K(2688K)->2420K(2688K)
[91.203s][info][gc             ] GC(546) Pause Young (Prepare Mixed) (G1 Evacuation Pause) 466M->445M(512M) 15.090ms
[91.203s][info][gc,cpu         ] GC(546) User=0.19s Sys=0.00s Real=0.02s
[91.228s][info][gc,start       ] GC(547) Pause Young (Mixed) (G1 Evacuation Pause)
[91.228s][info][gc,task        ] GC(547) Using 12 workers of 33 for evacuation
[91.244s][info][gc,phases      ] GC(547)   Pre Evacuate Collection Set: 0.1ms
[91.244s][info][gc,phases      ] GC(547)   Merge Heap Roots: 0.1ms
[91.244s][info][gc,phases      ] GC(547)   Evacuate Collection Set: 14.8ms
[91.244s][info][gc,phases      ] GC(547)   Post Evacuate Collection Set: 0.3ms
[91.244s][info][gc,phases      ] GC(547)   Other: 0.1ms
[91.244s][info][gc,heap        ] GC(547) Eden regions: 29->0(22)
[91.244s][info][gc,heap        ] GC(547) Survivor regions: 7->5(5)
[91.244s][info][gc,heap        ] GC(547) Old regions: 442->453
[91.244s][info][gc,heap        ] GC(547) Archive regions: 0->0
[91.244s][info][gc,heap        ] GC(547) Humongous regions: 0->0
[91.244s][info][gc,metaspace   ] GC(547) Metaspace: 16741K(17408K)->16741K(17408K) NonClass: 14321K(14720K)->14321K(14720K) Class: 2420K(2688K)->2420K(2688K)
[91.244s][info][gc             ] GC(547) Pause Young (Mixed) (G1 Evacuation Pause) 474M->454M(512M) 15.974ms
[91.244s][info][gc,cpu         ] GC(547) User=0.19s Sys=0.00s Real=0.02s
[91.264s][info][gc,start       ] GC(548) Pause Young (Concurrent Start) (G1 Evacuation Pause)
[91.264s][info][gc,task        ] GC(548) Using 12 workers of 33 for evacuation
[91.273s][info][gc,phases      ] GC(548)   Pre Evacuate Collection Set: 0.2ms
[91.273s][info][gc,phases      ] GC(548)   Merge Heap Roots: 0.1ms
[91.273s][info][gc,phases      ] GC(548)   Evacuate Collection Set: 8.3ms
[91.273s][info][gc,phases      ] GC(548)   Post Evacuate Collection Set: 0.3ms
[91.273s][info][gc,phases      ] GC(548)   Other: 0.1ms
[91.273s][info][gc,heap        ] GC(548) Eden regions: 22->0(21)
[91.273s][info][gc,heap        ] GC(548) Survivor regions: 5->4(4)
[91.273s][info][gc,heap        ] GC(548) Old regions: 453->465
[91.273s][info][gc,heap        ] GC(548) Archive regions: 0->0
[91.273s][info][gc,heap        ] GC(548) Humongous regions: 0->0
[91.273s][info][gc,metaspace   ] GC(548) Metaspace: 16741K(17408K)->16741K(17408K) NonClass: 14321K(14720K)->14321K(14720K) Class: 2420K(2688K)->2420K(2688K)
[91.273s][info][gc             ] GC(548) Pause Young (Concurrent Start) (G1 Evacuation Pause) 476M->466M(512M) 9.498ms
[91.273s][info][gc             ] GC(549) Concurrent Mark Cycle
[91.273s][info][gc,cpu         ] GC(548) User=0.19s Sys=0.00s Real=0.02s
[91.273s][info][gc,marking     ] GC(549) Concurrent Scan Root Regions
[91.282s][info][gc,marking     ] GC(549) Concurrent Scan Root Regions 8.505ms
[91.282s][info][gc,marking     ] GC(549) Concurrent Mark
[91.282s][info][gc,marking     ] GC(549) Concurrent Mark From Roots
[91.282s][info][gc,task        ] GC(549) Using 8 workers of 8 for marking
[91.295s][info][gc,start       ] GC(550) Pause Young (Normal) (G1 Evacuation Pause)
[91.295s][info][gc,task        ] GC(550) Using 12 workers of 33 for evacuation
[91.302s][info][gc,phases      ] GC(550)   Pre Evacuate Collection Set: 0.1ms
[91.302s][info][gc,phases      ] GC(550)   Merge Heap Roots: 0.1ms
[91.302s][info][gc,phases      ] GC(550)   Evacuate Collection Set: 6.5ms
[91.302s][info][gc,phases      ] GC(550)   Post Evacuate Collection Set: 0.3ms
[91.302s][info][gc,phases      ] GC(550)   Other: 0.1ms
[91.302s][info][gc,heap        ] GC(550) Eden regions: 21->0(21)
[91.302s][info][gc,heap        ] GC(550) Survivor regions: 4->4(4)
[91.302s][info][gc,heap        ] GC(550) Old regions: 465->476
[91.302s][info][gc,heap        ] GC(550) Archive regions: 0->0
[91.302s][info][gc,heap        ] GC(550) Humongous regions: 0->0
[91.302s][info][gc,metaspace   ] GC(550) Metaspace: 16741K(17408K)->16741K(17408K) NonClass: 14321K(14720K)->14321K(14720K) Class: 2420K(2688K)->2420K(2688K)
[91.302s][info][gc             ] GC(550) Pause Young (Normal) (G1 Evacuation Pause) 487M->476M(512M) 7.562ms
[91.302s][info][gc,cpu         ] GC(550) User=0.19s Sys=0.00s Real=0.02s
[91.336s][info][gc,start       ] GC(551) Pause Young (Normal) (G1 Evacuation Pause)
[91.336s][info][gc,task        ] GC(551) Using 12 workers of 33 for evacuation
[91.341s][info][gc,phases      ] GC(551)   Pre Evacuate Collection Set: 0.1ms
[91.341s][info][gc,phases      ] GC(551)   Merge Heap Roots: 0.0ms
[91.341s][info][gc,phases      ] GC(551)   Evacuate Collection Set: 4.3ms
[91.341s][info][gc,phases      ] GC(551)   Post Evacuate Collection Set: 0.5ms
[91.341s][info][gc,phases      ] GC(551)   Other: 0.1ms
[91.341s][info][gc,heap        ] GC(551) Eden regions: 21->0(0)
[91.341s][info][gc,heap        ] GC(551) Survivor regions: 4->4(4)
[91.341s][info][gc,heap        ] GC(551) Old regions: 476->504
[91.341s][info][gc,heap        ] GC(551) Archive regions: 0->0
[91.341s][info][gc,heap        ] GC(551) Humongous regions: 0->0
[91.341s][info][gc,metaspace   ] GC(551) Metaspace: 16741K(17408K)->16741K(17408K) NonClass: 14321K(14720K)->14321K(14720K) Class: 2420K(2688K)->2420K(2688K)
[91.341s][info][gc             ] GC(551) Pause Young (Normal) (G1 Evacuation Pause) (Evacuation Failure) 497M->505M(512M) 5.221ms
[91.341s][info][gc,cpu         ] GC(551) User=0.00s Sys=0.00s Real=0.00s
[91.341s][info][gc,ergo        ] Attempting full compaction
[91.341s][info][gc,start       ] GC(552) Pause Full (G1 Compaction Pause)
[91.341s][info][gc,task        ] GC(552) Using 12 workers of 33 for full compaction
[91.342s][info][gc,phases,start] GC(552) Phase 1: Mark live objects
[91.445s][info][gc,phases      ] GC(552) Phase 1: Mark live objects 103.131ms
[91.445s][info][gc,phases,start] GC(552) Phase 2: Prepare compaction
[91.463s][info][gc,phases      ] GC(552) Phase 2: Prepare compaction 17.607ms
[91.463s][info][gc,phases,start] GC(552) Phase 3: Adjust pointers
[91.490s][info][gc,phases      ] GC(552) Phase 3: Adjust pointers 27.609ms
[91.490s][info][gc,phases,start] GC(552) Phase 4: Compact heap
[91.504s][info][gc,phases      ] GC(552) Phase 4: Compact heap 13.457ms
[91.506s][info][gc,heap        ] GC(552) Eden regions: 0->0(38)
[91.506s][info][gc,heap        ] GC(552) Survivor regions: 4->0(4)
[91.506s][info][gc,heap        ] GC(552) Old regions: 504->435
[91.506s][info][gc,heap        ] GC(552) Archive regions: 0->0
[91.506s][info][gc,heap        ] GC(552) Humongous regions: 0->0
[91.506s][info][gc,metaspace   ] GC(552) Metaspace: 16741K(17408K)->16741K(17408K) NonClass: 14321K(14720K)->14321K(14720K) Class: 2420K(2688K)->2420K(2688K)
[91.506s][info][gc             ] GC(552) Pause Full (G1 Compaction Pause) 505M->428M(512M) 164.590ms
[91.506s][info][gc,cpu         ] GC(552) User=2.06s Sys=0.00s Real=0.17s
[91.506s][info][gc,marking     ] GC(549) Concurrent Mark From Roots 224.023ms
[91.506s][info][gc,marking     ] GC(549) Concurrent Mark Abort
[91.506s][info][gc             ] GC(549) Concurrent Mark Cycle 232.747ms
[91.513s][info][gc,start       ] GC(553) Pause Young (Concurrent Start) (G1 Humongous Allocation)
[91.513s][info][gc,task        ] GC(553) Using 12 workers of 33 for evacuation
[91.515s][info][gc,phases      ] GC(553)   Pre Evacuate Collection Set: 0.1ms
[91.515s][info][gc,phases      ] GC(553)   Merge Heap Roots: 0.0ms
[91.515s][info][gc,phases      ] GC(553)   Evacuate Collection Set: 1.3ms
[91.515s][info][gc,phases      ] GC(553)   Post Evacuate Collection Set: 0.2ms
[91.515s][info][gc,phases      ] GC(553)   Other: 0.1ms
[91.515s][info][gc,heap        ] GC(553) Eden regions: 8->0(35)
[91.515s][info][gc,heap        ] GC(553) Survivor regions: 0->5(5)
[91.515s][info][gc,heap        ] GC(553) Old regions: 435->435
[91.515s][info][gc,heap        ] GC(553) Archive regions: 0->0
[91.515s][info][gc,heap        ] GC(553) Humongous regions: 0->0
[91.515s][info][gc,metaspace   ] GC(553) Metaspace: 16741K(17408K)->16741K(17408K) NonClass: 14321K(14720K)->14321K(14720K) Class: 2420K(2688K)->2420K(2688K)
[91.515s][info][gc             ] GC(553) Pause Young (Concurrent Start) (G1 Humongous Allocation) 435M->432M(512M) 1.901ms
[91.515s][info][gc,cpu         ] GC(553) User=0.00s Sys=0.00s Real=0.00s
[91.515s][info][gc             ] GC(554) Concurrent Mark Cycle
[91.515s][info][gc,marking     ] GC(554) Concurrent Scan Root Regions
[91.521s][info][gc,marking     ] GC(554) Concurrent Scan Root Regions 5.453ms
[91.521s][info][gc,marking     ] GC(554) Concurrent Mark
[91.521s][info][gc,marking     ] GC(554) Concurrent Mark From Roots
[91.521s][info][gc,task        ] GC(554) Using 8 workers of 8 for marking
[91.656s][info][gc,marking     ] GC(554) Concurrent Mark From Roots 135.319ms
[91.656s][info][gc,marking     ] GC(554) Concurrent Preclean
[91.656s][info][gc,marking     ] GC(554) Concurrent Preclean 0.070ms
[91.656s][info][gc,start       ] GC(554) Pause Remark
[91.657s][info][gc             ] GC(554) Pause Remark 459M->459M(512M) 0.906ms
[91.657s][info][gc,cpu         ] GC(554) User=0.00s Sys=0.02s Real=0.01s
[91.657s][info][gc,marking     ] GC(554) Concurrent Mark 136.675ms
[91.657s][info][gc,marking     ] GC(554) Concurrent Rebuild Remembered Sets and Scrub Regions
[91.699s][info][gc,marking     ] GC(554) Concurrent Rebuild Remembered Sets and Scrub Regions 41.340ms
[91.699s][info][gc,start       ] GC(554) Pause Cleanup
[91.699s][info][gc             ] GC(554) Pause Cleanup 463M->463M(512M) 0.239ms
[91.699s][info][gc,cpu         ] GC(554) User=0.00s Sys=0.00s Real=0.00s
[91.699s][info][gc,marking     ] GC(554) Concurrent Clear Claimed Marks
[91.699s][info][gc,marking     ] GC(554) Concurrent Clear Claimed Marks 0.044ms
[91.699s][info][gc,marking     ] GC(554) Concurrent Cleanup for Next Mark
[91.700s][info][gc,marking     ] GC(554) Concurrent Cleanup for Next Mark 0.278ms
[91.700s][info][gc             ] GC(554) Concurrent Mark Cycle 184.450ms
[91.777s][info][gc,start       ] GC(555) Pause Young (Prepare Mixed) (G1 Evacuation Pause)
[91.777s][info][gc,task        ] GC(555) Using 12 workers of 33 for evacuation
[91.818s][info][gc,phases      ] GC(555)   Pre Evacuate Collection Set: 0.1ms
[91.818s][info][gc,phases      ] GC(555)   Merge Heap Roots: 2.4ms
[91.818s][info][gc,phases      ] GC(555)   Evacuate Collection Set: 37.3ms
[91.818s][info][gc,phases      ] GC(555)   Post Evacuate Collection Set: 0.4ms
[91.818s][info][gc,phases      ] GC(555)   Other: 0.1ms
[91.818s][info][gc,heap        ] GC(555) Eden regions: 35->0(20)
[91.818s][info][gc,heap        ] GC(555) Survivor regions: 5->5(5)
[91.818s][info][gc,heap        ] GC(555) Old regions: 435->460
[91.818s][info][gc,heap        ] GC(555) Archive regions: 0->0
[91.818s][info][gc,heap        ] GC(555) Humongous regions: 3->3
[91.818s][info][gc,metaspace   ] GC(555) Metaspace: 16741K(17408K)->16741K(17408K) NonClass: 14321K(14720K)->14321K(14720K) Class: 2420K(2688K)->2420K(2688K)
[91.818s][info][gc             ] GC(555) Pause Young (Prepare Mixed) (G1 Evacuation Pause) 470M->460M(512M) 40.886ms
[91.818s][info][gc,cpu         ] GC(555) User=0.38s Sys=0.00s Real=0.03s
[91.931s][info][gc,start       ] GC(556) Pause Young (Mixed) (G1 Evacuation Pause)
[91.931s][info][gc,task        ] GC(556) Using 12 workers of 33 for evacuation
[91.967s][info][gc,phases      ] GC(556)   Pre Evacuate Collection Set: 0.1ms
[91.967s][info][gc,phases      ] GC(556)   Merge Heap Roots: 2.9ms
[91.967s][info][gc,phases      ] GC(556)   Evacuate Collection Set: 31.9ms
[91.967s][info][gc,phases      ] GC(556)   Post Evacuate Collection Set: 0.3ms
[91.967s][info][gc,phases      ] GC(556)   Other: 0.1ms
[91.967s][info][gc,heap        ] GC(556) Eden regions: 20->0(21)
[91.967s][info][gc,heap        ] GC(556) Survivor regions: 5->4(4)
[91.967s][info][gc,heap        ] GC(556) Old regions: 460->475
[91.967s][info][gc,heap        ] GC(556) Archive regions: 0->0
[91.967s][info][gc,heap        ] GC(556) Humongous regions: 3->3
[91.967s][info][gc,metaspace   ] GC(556) Metaspace: 16741K(17408K)->16741K(17408K) NonClass: 14321K(14720K)->14321K(14720K) Class: 2420K(2688K)->2420K(2688K)
[91.967s][info][gc             ] GC(556) Pause Young (Mixed) (G1 Evacuation Pause) 480M->476M(512M) 35.702ms
[91.967s][info][gc,cpu         ] GC(556) User=0.56s Sys=0.00s Real=0.05s
[91.971s][info][gc,start       ] GC(557) Pause Young (Concurrent Start) (G1 Humongous Allocation)
[91.971s][info][gc,task        ] GC(557) Using 12 workers of 33 for evacuation
[91.982s][info][gc,phases      ] GC(557)   Pre Evacuate Collection Set: 0.1ms
[91.982s][info][gc,phases      ] GC(557)   Merge Heap Roots: 0.4ms
[91.982s][info][gc,phases      ] GC(557)   Evacuate Collection Set: 9.2ms
[91.982s][info][gc,phases      ] GC(557)   Post Evacuate Collection Set: 0.3ms
[91.982s][info][gc,phases      ] GC(557)   Other: 0.1ms
[91.982s][info][gc,heap        ] GC(557) Eden regions: 3->0(22)
[91.982s][info][gc,heap        ] GC(557) Survivor regions: 4->3(4)
[91.982s][info][gc,heap        ] GC(557) Old regions: 475->480
[91.982s][info][gc,heap        ] GC(557) Archive regions: 0->0
[91.982s][info][gc,heap        ] GC(557) Humongous regions: 3->3
[91.982s][info][gc,metaspace   ] GC(557) Metaspace: 16741K(17408K)->16741K(17408K) NonClass: 14321K(14720K)->14321K(14720K) Class: 2420K(2688K)->2420K(2688K)
[91.982s][info][gc             ] GC(557) Pause Young (Concurrent Start) (G1 Humongous Allocation) 478M->479M(512M) 10.625ms
[91.982s][info][gc             ] GC(558) Concurrent Mark Cycle
[91.982s][info][gc,cpu         ] GC(557) User=0.19s Sys=0.00s Real=0.02s
[91.982s][info][gc,marking     ] GC(558) Concurrent Scan Root Regions
[91.984s][info][gc,marking     ] GC(558) Concurrent Scan Root Regions 1.373ms
[91.984s][info][gc,marking     ] GC(558) Concurrent Mark
[91.984s][info][gc,marking     ] GC(558) Concurrent Mark From Roots
[91.984s][info][gc,task        ] GC(558) Using 8 workers of 8 for marking
[92.130s][info][gc,marking     ] GC(558) Concurrent Mark From Roots 146.732ms
[92.130s][info][gc,marking     ] GC(558) Concurrent Preclean
[92.130s][info][gc,marking     ] GC(558) Concurrent Preclean 0.045ms
[92.131s][info][gc,start       ] GC(558) Pause Remark
[92.133s][info][gc             ] GC(558) Pause Remark 488M->488M(512M) 2.281ms
[92.133s][info][gc,cpu         ] GC(558) User=0.00s Sys=0.00s Real=0.00s
[92.133s][info][gc,marking     ] GC(558) Concurrent Mark 149.417ms
[92.133s][info][gc,marking     ] GC(558) Concurrent Rebuild Remembered Sets and Scrub Regions
[92.190s][info][gc,marking     ] GC(558) Concurrent Rebuild Remembered Sets and Scrub Regions 57.325ms
[92.191s][info][gc,start       ] GC(558) Pause Cleanup
[92.191s][info][gc             ] GC(558) Pause Cleanup 489M->489M(512M) 0.184ms
[92.191s][info][gc,cpu         ] GC(558) User=0.00s Sys=0.00s Real=0.00s
[92.191s][info][gc,marking     ] GC(558) Concurrent Clear Claimed Marks
[92.191s][info][gc,marking     ] GC(558) Concurrent Clear Claimed Marks 0.044ms
[92.191s][info][gc,marking     ] GC(558) Concurrent Cleanup for Next Mark
[92.191s][info][gc,marking     ] GC(558) Concurrent Cleanup for Next Mark 0.288ms
[92.191s][info][gc             ] GC(558) Concurrent Mark Cycle 209.079ms
[92.455s][info][gc,start       ] GC(559) Pause Young (Prepare Mixed) (G1 Evacuation Pause)
[92.456s][info][gc,task        ] GC(559) Using 12 workers of 33 for evacuation
[92.471s][info][gc,phases      ] GC(559)   Pre Evacuate Collection Set: 0.1ms
[92.471s][info][gc,phases      ] GC(559)   Merge Heap Roots: 0.7ms
[92.471s][info][gc,phases      ] GC(559)   Evacuate Collection Set: 13.6ms
[92.471s][info][gc,phases      ] GC(559)   Post Evacuate Collection Set: 0.5ms
[92.471s][info][gc,phases      ] GC(559)   Other: 0.1ms
[92.471s][info][gc,heap        ] GC(559) Eden regions: 22->0(7)
[92.471s][info][gc,heap        ] GC(559) Survivor regions: 3->1(1)
[92.471s][info][gc,heap        ] GC(559) Old regions: 480->497
[92.471s][info][gc,heap        ] GC(559) Archive regions: 0->0
[92.471s][info][gc,heap        ] GC(559) Humongous regions: 6->6
[92.471s][info][gc,metaspace   ] GC(559) Metaspace: 16736K(17408K)->16736K(17408K) NonClass: 14317K(14720K)->14317K(14720K) Class: 2419K(2688K)->2419K(2688K)
[92.471s][info][gc             ] GC(559) Pause Young (Prepare Mixed) (G1 Evacuation Pause) (Evacuation Failure) 504M->498M(512M) 15.374ms
[92.471s][info][gc,cpu         ] GC(559) User=0.19s Sys=0.00s Real=0.02s
[92.483s][info][gc,start       ] GC(560) Pause Young (Mixed) (G1 Evacuation Pause)
[92.483s][info][gc,task        ] GC(560) Using 12 workers of 33 for evacuation
[92.487s][info][gc,phases      ] GC(560)   Pre Evacuate Collection Set: 0.1ms
[92.487s][info][gc,phases      ] GC(560)   Merge Heap Roots: 0.1ms
[92.487s][info][gc,phases      ] GC(560)   Evacuate Collection Set: 3.5ms
[92.487s][info][gc,phases      ] GC(560)   Post Evacuate Collection Set: 0.5ms
[92.487s][info][gc,phases      ] GC(560)   Other: 0.1ms
[92.487s][info][gc,heap        ] GC(560) Eden regions: 7->0(0)
[92.487s][info][gc,heap        ] GC(560) Survivor regions: 1->1(1)
[92.487s][info][gc,heap        ] GC(560) Old regions: 497->505
[92.487s][info][gc,heap        ] GC(560) Archive regions: 0->0
[92.487s][info][gc,heap        ] GC(560) Humongous regions: 6->6
[92.488s][info][gc,metaspace   ] GC(560) Metaspace: 16736K(17408K)->16736K(17408K) NonClass: 14317K(14720K)->14317K(14720K) Class: 2419K(2688K)->2419K(2688K)
[92.488s][info][gc             ] GC(560) Pause Young (Mixed) (G1 Evacuation Pause) (Evacuation Failure) 505M->506M(512M) 4.893ms
[92.488s][info][gc,cpu         ] GC(560) User=0.19s Sys=0.00s Real=0.02s
[92.488s][info][gc,ergo        ] Attempting full compaction
[92.488s][info][gc,start       ] GC(561) Pause Full (G1 Compaction Pause)
[92.488s][info][gc,task        ] GC(561) Using 12 workers of 33 for full compaction
[92.488s][info][gc,phases,start] GC(561) Phase 1: Mark live objects
[92.633s][info][gc,phases      ] GC(561) Phase 1: Mark live objects 144.885ms
[92.633s][info][gc,phases,start] GC(561) Phase 2: Prepare compaction
[92.649s][info][gc,phases      ] GC(561) Phase 2: Prepare compaction 16.110ms
[92.649s][info][gc,phases,start] GC(561) Phase 3: Adjust pointers
[92.670s][info][gc,phases      ] GC(561) Phase 3: Adjust pointers 20.502ms
[92.670s][info][gc,phases,start] GC(561) Phase 4: Compact heap
[92.673s][info][gc,phases      ] GC(561) Phase 4: Compact heap 3.408ms
[92.675s][info][gc,heap        ] GC(561) Eden regions: 0->0(25)
[92.676s][info][gc,heap        ] GC(561) Survivor regions: 1->0(1)
[92.676s][info][gc,heap        ] GC(561) Old regions: 505->477
[92.676s][info][gc,heap        ] GC(561) Archive regions: 0->0
[92.676s][info][gc,heap        ] GC(561) Humongous regions: 6->3
[92.676s][info][gc,metaspace   ] GC(561) Metaspace: 16736K(17408K)->16736K(17408K) NonClass: 14317K(14720K)->14317K(14720K) Class: 2419K(2688K)->2419K(2688K)
[92.676s][info][gc             ] GC(561) Pause Full (G1 Compaction Pause) 506M->473M(512M) 187.909ms
[92.676s][info][gc,cpu         ] GC(561) User=2.25s Sys=0.00s Real=0.19s
[92.717s][info][gc,start       ] GC(562) Pause Young (Concurrent Start) (G1 Evacuation Pause)
[92.718s][info][gc,task        ] GC(562) Using 12 workers of 33 for evacuation
[92.720s][info][gc,phases      ] GC(562)   Pre Evacuate Collection Set: 0.2ms
[92.720s][info][gc,phases      ] GC(562)   Merge Heap Roots: 0.0ms
[92.720s][info][gc,phases      ] GC(562)   Evacuate Collection Set: 1.6ms
[92.720s][info][gc,phases      ] GC(562)   Post Evacuate Collection Set: 0.3ms
[92.720s][info][gc,phases      ] GC(562)   Other: 0.1ms
[92.720s][info][gc,heap        ] GC(562) Eden regions: 25->0(22)
[92.720s][info][gc,heap        ] GC(562) Survivor regions: 0->3(4)
[92.720s][info][gc,heap        ] GC(562) Old regions: 477->477
[92.720s][info][gc,heap        ] GC(562) Archive regions: 0->0
[92.720s][info][gc,heap        ] GC(562) Humongous regions: 3->3
[92.720s][info][gc,metaspace   ] GC(562) Metaspace: 16736K(17408K)->16736K(17408K) NonClass: 14317K(14720K)->14317K(14720K) Class: 2419K(2688K)->2419K(2688K)
[92.720s][info][gc             ] GC(562) Pause Young (Concurrent Start) (G1 Evacuation Pause) 498M->475M(512M) 2.754ms
[92.720s][info][gc             ] GC(563) Concurrent Mark Cycle
[92.720s][info][gc,cpu         ] GC(562) User=0.19s Sys=0.00s Real=0.02s
[92.720s][info][gc,marking     ] GC(563) Concurrent Scan Root Regions
[92.735s][info][gc,marking     ] GC(563) Concurrent Scan Root Regions 14.583ms
[92.735s][info][gc,marking     ] GC(563) Concurrent Mark
[92.735s][info][gc,marking     ] GC(563) Concurrent Mark From Roots
[92.735s][info][gc,task        ] GC(563) Using 8 workers of 8 for marking
[92.767s][info][gc,start       ] GC(564) Pause Young (Normal) (G1 Evacuation Pause)
[92.767s][info][gc,task        ] GC(564) Using 12 workers of 33 for evacuation
[92.769s][info][gc,phases      ] GC(564)   Pre Evacuate Collection Set: 0.1ms
[92.769s][info][gc,phases      ] GC(564)   Merge Heap Roots: 0.0ms
[92.769s][info][gc,phases      ] GC(564)   Evacuate Collection Set: 1.4ms
[92.769s][info][gc,phases      ] GC(564)   Post Evacuate Collection Set: 0.2ms
[92.769s][info][gc,phases      ] GC(564)   Other: 0.1ms
[92.769s][info][gc,heap        ] GC(564) Eden regions: 22->0(22)
[92.769s][info][gc,heap        ] GC(564) Survivor regions: 3->3(4)
[92.769s][info][gc,heap        ] GC(564) Old regions: 477->479
[92.769s][info][gc,heap        ] GC(564) Archive regions: 0->0
[92.770s][info][gc,heap        ] GC(564) Humongous regions: 3->3
[92.770s][info][gc,metaspace   ] GC(564) Metaspace: 16736K(17408K)->16736K(17408K) NonClass: 14317K(14720K)->14317K(14720K) Class: 2419K(2688K)->2419K(2688K)
[92.770s][info][gc             ] GC(564) Pause Young (Normal) (G1 Evacuation Pause) 497M->476M(512M) 2.388ms
[92.770s][info][gc,cpu         ] GC(564) User=0.00s Sys=0.00s Real=0.00s
[92.816s][info][gc,start       ] GC(565) Pause Young (Normal) (G1 Evacuation Pause)
[92.816s][info][gc,task        ] GC(565) Using 12 workers of 33 for evacuation
[92.818s][info][gc,phases      ] GC(565)   Pre Evacuate Collection Set: 0.1ms
[92.818s][info][gc,phases      ] GC(565)   Merge Heap Roots: 0.0ms
[92.818s][info][gc,phases      ] GC(565)   Evacuate Collection Set: 1.3ms
[92.818s][info][gc,phases      ] GC(565)   Post Evacuate Collection Set: 0.2ms
[92.818s][info][gc,phases      ] GC(565)   Other: 0.1ms
[92.818s][info][gc,heap        ] GC(565) Eden regions: 22->0(22)
[92.818s][info][gc,heap        ] GC(565) Survivor regions: 3->3(4)
[92.818s][info][gc,heap        ] GC(565) Old regions: 479->480
[92.818s][info][gc,heap        ] GC(565) Archive regions: 0->0
[92.818s][info][gc,heap        ] GC(565) Humongous regions: 3->3
[92.818s][info][gc,metaspace   ] GC(565) Metaspace: 16736K(17408K)->16736K(17408K) NonClass: 14317K(14720K)->14317K(14720K) Class: 2419K(2688K)->2419K(2688K)
[92.818s][info][gc             ] GC(565) Pause Young (Normal) (G1 Evacuation Pause) 498M->477M(512M) 2.270ms
[92.818s][info][gc,cpu         ] GC(565) User=0.00s Sys=0.00s Real=0.00s
[92.864s][info][gc,start       ] GC(566) Pause Young (Normal) (G1 Evacuation Pause)
[92.864s][info][gc,task        ] GC(566) Using 12 workers of 33 for evacuation
[92.866s][info][gc,phases      ] GC(566)   Pre Evacuate Collection Set: 0.1ms
[92.866s][info][gc,phases      ] GC(566)   Merge Heap Roots: 0.0ms
[92.866s][info][gc,phases      ] GC(566)   Evacuate Collection Set: 1.2ms
[92.866s][info][gc,phases      ] GC(566)   Post Evacuate Collection Set: 0.2ms
[92.866s][info][gc,phases      ] GC(566)   Other: 0.1ms
[92.866s][info][gc,heap        ] GC(566) Eden regions: 22->0(22)
[92.866s][info][gc,heap        ] GC(566) Survivor regions: 3->3(4)
[92.866s][info][gc,heap        ] GC(566) Old regions: 480->481
[92.866s][info][gc,heap        ] GC(566) Archive regions: 0->0
[92.866s][info][gc,heap        ] GC(566) Humongous regions: 3->3
[92.866s][info][gc,metaspace   ] GC(566) Metaspace: 16736K(17408K)->16736K(17408K) NonClass: 14317K(14720K)->14317K(14720K) Class: 2419K(2688K)->2419K(2688K)
[92.866s][info][gc             ] GC(566) Pause Young (Normal) (G1 Evacuation Pause) 499M->478M(512M) 2.142ms
[92.866s][info][gc,cpu         ] GC(566) User=0.00s Sys=0.00s Real=0.00s
[92.912s][info][gc,start       ] GC(567) Pause Young (Normal) (G1 Evacuation Pause)
[92.912s][info][gc,task        ] GC(567) Using 12 workers of 33 for evacuation
[92.914s][info][gc,phases      ] GC(567)   Pre Evacuate Collection Set: 0.1ms
[92.914s][info][gc,phases      ] GC(567)   Merge Heap Roots: 0.0ms
[92.914s][info][gc,phases      ] GC(567)   Evacuate Collection Set: 1.3ms
[92.914s][info][gc,phases      ] GC(567)   Post Evacuate Collection Set: 0.2ms
[92.914s][info][gc,phases      ] GC(567)   Other: 0.1ms
[92.914s][info][gc,heap        ] GC(567) Eden regions: 22->0(22)
[92.914s][info][gc,heap        ] GC(567) Survivor regions: 3->3(3)
[92.914s][info][gc,heap        ] GC(567) Old regions: 481->481
[92.914s][info][gc,heap        ] GC(567) Archive regions: 0->0
[92.914s][info][gc,heap        ] GC(567) Humongous regions: 3->3
[92.914s][info][gc,metaspace   ] GC(567) Metaspace: 16736K(17408K)->16736K(17408K) NonClass: 14317K(14720K)->14317K(14720K) Class: 2419K(2688K)->2419K(2688K)
[92.914s][info][gc             ] GC(567) Pause Young (Normal) (G1 Evacuation Pause) 500M->479M(512M) 2.192ms
[92.914s][info][gc,cpu         ] GC(567) User=0.00s Sys=0.00s Real=0.00s
[92.916s][info][gc,marking     ] GC(563) Concurrent Mark From Roots 181.343ms
[92.916s][info][gc,marking     ] GC(563) Concurrent Preclean
[92.916s][info][gc,marking     ] GC(563) Concurrent Preclean 0.045ms
[92.916s][info][gc,start       ] GC(563) Pause Remark
[92.917s][info][gc             ] GC(563) Pause Remark 480M->480M(512M) 0.905ms
[92.917s][info][gc,cpu         ] GC(563) User=0.00s Sys=0.00s Real=0.00s
[92.917s][info][gc,marking     ] GC(563) Concurrent Mark 182.537ms
[92.917s][info][gc,marking     ] GC(563) Concurrent Rebuild Remembered Sets and Scrub Regions
[92.956s][info][gc,start       ] GC(568) Pause Young (Normal) (G1 Evacuation Pause)
[92.956s][info][gc,task        ] GC(568) Using 12 workers of 33 for evacuation
[92.958s][info][gc,phases      ] GC(568)   Pre Evacuate Collection Set: 0.1ms
[92.958s][info][gc,phases      ] GC(568)   Merge Heap Roots: 0.0ms
[92.958s][info][gc,phases      ] GC(568)   Evacuate Collection Set: 1.2ms
[92.958s][info][gc,phases      ] GC(568)   Post Evacuate Collection Set: 0.4ms
[92.958s][info][gc,phases      ] GC(568)   Other: 0.1ms
[92.958s][info][gc,heap        ] GC(568) Eden regions: 22->0(2)
[92.958s][info][gc,heap        ] GC(568) Survivor regions: 3->2(3)
[92.958s][info][gc,heap        ] GC(568) Old regions: 481->503
[92.958s][info][gc,heap        ] GC(568) Archive regions: 0->0
[92.958s][info][gc,heap        ] GC(568) Humongous regions: 3->3
[92.958s][info][gc,metaspace   ] GC(568) Metaspace: 16736K(17408K)->16736K(17408K) NonClass: 14317K(14720K)->14317K(14720K) Class: 2419K(2688K)->2419K(2688K)
[92.958s][info][gc             ] GC(568) Pause Young (Normal) (G1 Evacuation Pause) (Evacuation Failure) 501M->500M(512M) 2.304ms
[92.958s][info][gc,cpu         ] GC(568) User=0.00s Sys=0.00s Real=0.00s
[92.959s][info][gc,marking     ] GC(563) Concurrent Rebuild Remembered Sets and Scrub Regions 41.725ms
[92.959s][info][gc,start       ] GC(563) Pause Cleanup
[92.960s][info][gc             ] GC(563) Pause Cleanup 501M->501M(512M) 0.246ms
[92.960s][info][gc,cpu         ] GC(563) User=0.00s Sys=0.00s Real=0.00s
[92.960s][info][gc,marking     ] GC(563) Concurrent Clear Claimed Marks
[92.960s][info][gc,marking     ] GC(563) Concurrent Clear Claimed Marks 0.058ms
[92.960s][info][gc,marking     ] GC(563) Concurrent Cleanup for Next Mark
[92.960s][info][gc,marking     ] GC(563) Concurrent Cleanup for Next Mark 0.293ms
[92.960s][info][gc             ] GC(563) Concurrent Mark Cycle 239.837ms
[92.963s][info][gc,start       ] GC(569) Pause Young (Prepare Mixed) (G1 Evacuation Pause)
[92.963s][info][gc,task        ] GC(569) Using 12 workers of 33 for evacuation
[92.964s][info][gc,phases      ] GC(569)   Pre Evacuate Collection Set: 0.1ms
[92.964s][info][gc,phases      ] GC(569)   Merge Heap Roots: 0.0ms
[92.964s][info][gc,phases      ] GC(569)   Evacuate Collection Set: 0.8ms
[92.964s][info][gc,phases      ] GC(569)   Post Evacuate Collection Set: 0.2ms
[92.964s][info][gc,phases      ] GC(569)   Other: 0.1ms
[92.964s][info][gc,heap        ] GC(569) Eden regions: 2->0(1)
[92.964s][info][gc,heap        ] GC(569) Survivor regions: 2->1(1)
[92.964s][info][gc,heap        ] GC(569) Old regions: 503->506
[92.964s][info][gc,heap        ] GC(569) Archive regions: 0->0
[92.964s][info][gc,heap        ] GC(569) Humongous regions: 3->3
[92.964s][info][gc,metaspace   ] GC(569) Metaspace: 16736K(17408K)->16736K(17408K) NonClass: 14317K(14720K)->14317K(14720K) Class: 2419K(2688K)->2419K(2688K)
[92.964s][info][gc             ] GC(569) Pause Young (Prepare Mixed) (G1 Evacuation Pause) (Evacuation Failure) 502M->502M(512M) 1.658ms
[92.964s][info][gc,cpu         ] GC(569) User=0.00s Sys=0.00s Real=0.00s
[92.966s][info][gc,start       ] GC(570) Pause Young (Mixed) (G1 Evacuation Pause)
[92.966s][info][gc,task        ] GC(570) Using 12 workers of 33 for evacuation
[92.967s][info][gc,phases      ] GC(570)   Pre Evacuate Collection Set: 0.1ms
[92.967s][info][gc,phases      ] GC(570)   Merge Heap Roots: 0.0ms
[92.967s][info][gc,phases      ] GC(570)   Evacuate Collection Set: 0.3ms
[92.967s][info][gc,phases      ] GC(570)   Post Evacuate Collection Set: 0.2ms
[92.967s][info][gc,phases      ] GC(570)   Other: 0.1ms
[92.967s][info][gc,heap        ] GC(570) Eden regions: 1->0(1)
[92.967s][info][gc,heap        ] GC(570) Survivor regions: 1->1(1)
[92.967s][info][gc,heap        ] GC(570) Old regions: 506->506
[92.967s][info][gc,heap        ] GC(570) Archive regions: 0->0
[92.967s][info][gc,heap        ] GC(570) Humongous regions: 3->3
[92.967s][info][gc,metaspace   ] GC(570) Metaspace: 16736K(17408K)->16736K(17408K) NonClass: 14317K(14720K)->14317K(14720K) Class: 2419K(2688K)->2419K(2688K)
[92.967s][info][gc             ] GC(570) Pause Young (Mixed) (G1 Evacuation Pause) (Evacuation Failure) 503M->502M(512M) 1.113ms
[92.967s][info][gc,cpu         ] GC(570) User=0.00s Sys=0.00s Real=0.00s
[92.969s][info][gc,start       ] GC(571) Pause Young (Concurrent Start) (G1 Evacuation Pause)
[92.969s][info][gc,task        ] GC(571) Using 12 workers of 33 for evacuation
[92.970s][info][gc,phases      ] GC(571)   Pre Evacuate Collection Set: 0.1ms
[92.970s][info][gc,phases      ] GC(571)   Merge Heap Roots: 0.0ms
[92.970s][info][gc,phases      ] GC(571)   Evacuate Collection Set: 0.3ms
[92.970s][info][gc,phases      ] GC(571)   Post Evacuate Collection Set: 0.2ms
[92.970s][info][gc,phases      ] GC(571)   Other: 0.1ms
[92.970s][info][gc,heap        ] GC(571) Eden regions: 1->0(0)
[92.970s][info][gc,heap        ] GC(571) Survivor regions: 1->1(1)
[92.970s][info][gc,heap        ] GC(571) Old regions: 506->507
[92.970s][info][gc,heap        ] GC(571) Archive regions: 0->0
[92.970s][info][gc,heap        ] GC(571) Humongous regions: 3->3
[92.970s][info][gc,metaspace   ] GC(571) Metaspace: 16736K(17408K)->16736K(17408K) NonClass: 14317K(14720K)->14317K(14720K) Class: 2419K(2688K)->2419K(2688K)
[92.970s][info][gc             ] GC(571) Pause Young (Concurrent Start) (G1 Evacuation Pause) (Evacuation Failure) 503M->502M(512M) 1.169ms
[92.970s][info][gc             ] GC(572) Concurrent Mark Cycle
[92.970s][info][gc,cpu         ] GC(571) User=0.00s Sys=0.00s Real=0.00s
[92.970s][info][gc,marking     ] GC(572) Concurrent Scan Root Regions
[92.970s][info][gc,ergo        ] Attempting full compaction
[92.970s][info][gc,start       ] GC(573) Pause Full (G1 Compaction Pause)
[92.970s][info][gc,task        ] GC(573) Using 12 workers of 33 for full compaction
[92.975s][info][gc,marking     ] GC(572) Concurrent Scan Root Regions 4.600ms
[92.975s][info][gc,marking     ] GC(572) Concurrent Mark
[92.975s][info][gc,marking     ] GC(572) Concurrent Mark From Roots
[92.975s][info][gc,task        ] GC(572) Using 8 workers of 8 for marking
[92.975s][info][gc,phases,start] GC(573) Phase 1: Mark live objects
[93.098s][info][gc,phases      ] GC(573) Phase 1: Mark live objects 123.525ms
[93.098s][info][gc,phases,start] GC(573) Phase 2: Prepare compaction
[93.115s][info][gc,phases      ] GC(573) Phase 2: Prepare compaction 16.349ms
[93.115s][info][gc,phases,start] GC(573) Phase 3: Adjust pointers
[93.136s][info][gc,phases      ] GC(573) Phase 3: Adjust pointers 21.585ms
[93.137s][info][gc,phases,start] GC(573) Phase 4: Compact heap
[93.144s][info][gc,phases      ] GC(573) Phase 4: Compact heap 7.880ms
[93.147s][info][gc,heap        ] GC(573) Eden regions: 0->0(28)
[93.147s][info][gc,heap        ] GC(573) Survivor regions: 1->0(1)
[93.147s][info][gc,heap        ] GC(573) Old regions: 507->454
[93.147s][info][gc,heap        ] GC(573) Archive regions: 0->0
[93.147s][info][gc,heap        ] GC(573) Humongous regions: 3->3
[93.147s][info][gc,metaspace   ] GC(573) Metaspace: 16736K(17408K)->16736K(17408K) NonClass: 14317K(14720K)->14317K(14720K) Class: 2419K(2688K)->2419K(2688K)
[93.147s][info][gc             ] GC(573) Pause Full (G1 Compaction Pause) 502M->450M(512M) 176.632ms
[93.147s][info][gc,cpu         ] GC(573) User=2.06s Sys=0.00s Real=0.17s
[93.147s][info][gc,marking     ] GC(572) Concurrent Mark From Roots 172.178ms
[93.147s][info][gc,marking     ] GC(572) Concurrent Mark Abort
[93.147s][info][gc             ] GC(572) Concurrent Mark Cycle 176.931ms
[93.194s][info][gc,start       ] GC(574) Pause Young (Normal) (G1 Evacuation Pause)
[93.194s][info][gc,task        ] GC(574) Using 12 workers of 33 for evacuation
[93.197s][info][gc,phases      ] GC(574)   Pre Evacuate Collection Set: 0.1ms
[93.197s][info][gc,phases      ] GC(574)   Merge Heap Roots: 0.0ms
[93.197s][info][gc,phases      ] GC(574)   Evacuate Collection Set: 1.8ms
[93.197s][info][gc,phases      ] GC(574)   Post Evacuate Collection Set: 0.3ms
[93.197s][info][gc,phases      ] GC(574)   Other: 0.1ms
[93.197s][info][gc,heap        ] GC(574) Eden regions: 28->0(22)
[93.197s][info][gc,heap        ] GC(574) Survivor regions: 0->3(4)
[93.197s][info][gc,heap        ] GC(574) Old regions: 454->454
[93.197s][info][gc,heap        ] GC(574) Archive regions: 0->0
[93.197s][info][gc,heap        ] GC(574) Humongous regions: 3->3
[93.197s][info][gc,metaspace   ] GC(574) Metaspace: 16736K(17408K)->16736K(17408K) NonClass: 14317K(14720K)->14317K(14720K) Class: 2419K(2688K)->2419K(2688K)
[93.197s][info][gc             ] GC(574) Pause Young (Normal) (G1 Evacuation Pause) 478M->453M(512M) 2.510ms
[93.197s][info][gc,cpu         ] GC(574) User=0.00s Sys=0.00s Real=0.00s
[93.245s][info][gc,start       ] GC(575) Pause Young (Concurrent Start) (G1 Evacuation Pause)
[93.245s][info][gc,task        ] GC(575) Using 12 workers of 33 for evacuation
[93.248s][info][gc,phases      ] GC(575)   Pre Evacuate Collection Set: 0.2ms
[93.248s][info][gc,phases      ] GC(575)   Merge Heap Roots: 0.0ms
[93.248s][info][gc,phases      ] GC(575)   Evacuate Collection Set: 2.0ms
[93.248s][info][gc,phases      ] GC(575)   Post Evacuate Collection Set: 0.3ms
[93.248s][info][gc,phases      ] GC(575)   Other: 0.1ms
[93.248s][info][gc,heap        ] GC(575) Eden regions: 22->0(22)
[93.248s][info][gc,heap        ] GC(575) Survivor regions: 3->3(4)
[93.248s][info][gc,heap        ] GC(575) Old regions: 454->455
[93.248s][info][gc,heap        ] GC(575) Archive regions: 0->0
[93.248s][info][gc,heap        ] GC(575) Humongous regions: 3->3
[93.248s][info][gc,metaspace   ] GC(575) Metaspace: 16736K(17408K)->16736K(17408K) NonClass: 14317K(14720K)->14317K(14720K) Class: 2419K(2688K)->2419K(2688K)
[93.248s][info][gc             ] GC(575) Pause Young (Concurrent Start) (G1 Evacuation Pause) 475M->453M(512M) 2.780ms
[93.248s][info][gc,cpu         ] GC(575) User=0.00s Sys=0.00s Real=0.00s
[93.248s][info][gc             ] GC(576) Concurrent Mark Cycle
[93.248s][info][gc,marking     ] GC(576) Concurrent Scan Root Regions
[93.262s][info][gc,marking     ] GC(576) Concurrent Scan Root Regions 13.345ms
[93.262s][info][gc,marking     ] GC(576) Concurrent Mark
[93.262s][info][gc,marking     ] GC(576) Concurrent Mark From Roots
[93.262s][info][gc,task        ] GC(576) Using 8 workers of 8 for marking
[93.305s][info][gc,start       ] GC(577) Pause Young (Normal) (G1 Evacuation Pause)
[93.305s][info][gc,task        ] GC(577) Using 12 workers of 33 for evacuation
[93.307s][info][gc,phases      ] GC(577)   Pre Evacuate Collection Set: 0.1ms
[93.307s][info][gc,phases      ] GC(577)   Merge Heap Roots: 0.0ms
[93.307s][info][gc,phases      ] GC(577)   Evacuate Collection Set: 1.1ms
[93.307s][info][gc,phases      ] GC(577)   Post Evacuate Collection Set: 0.2ms
[93.307s][info][gc,phases      ] GC(577)   Other: 0.1ms
[93.307s][info][gc,heap        ] GC(577) Eden regions: 22->0(22)
[93.307s][info][gc,heap        ] GC(577) Survivor regions: 3->3(4)
[93.307s][info][gc,heap        ] GC(577) Old regions: 455->455
[93.307s][info][gc,heap        ] GC(577) Archive regions: 0->0
[93.307s][info][gc,heap        ] GC(577) Humongous regions: 3->3
[93.307s][info][gc,metaspace   ] GC(577) Metaspace: 16736K(17408K)->16736K(17408K) NonClass: 14317K(14720K)->14317K(14720K) Class: 2419K(2688K)->2419K(2688K)
[93.307s][info][gc             ] GC(577) Pause Young (Normal) (G1 Evacuation Pause) 475M->454M(512M) 1.847ms
[93.307s][info][gc,cpu         ] GC(577) User=0.00s Sys=0.00s Real=0.00s
[93.365s][info][gc,start       ] GC(578) Pause Young (Normal) (G1 Evacuation Pause)
[93.370s][info][gc,task        ] GC(578) Using 12 workers of 33 for evacuation
[93.372s][info][gc,phases      ] GC(578)   Pre Evacuate Collection Set: 0.1ms
[93.372s][info][gc,phases      ] GC(578)   Merge Heap Roots: 0.0ms
[93.372s][info][gc,phases      ] GC(578)   Evacuate Collection Set: 1.3ms
[93.372s][info][gc,phases      ] GC(578)   Post Evacuate Collection Set: 0.2ms
[93.372s][info][gc,phases      ] GC(578)   Other: 0.1ms
[93.372s][info][gc,heap        ] GC(578) Eden regions: 22->0(22)
[93.372s][info][gc,heap        ] GC(578) Survivor regions: 3->3(4)
[93.372s][info][gc,heap        ] GC(578) Old regions: 455->456
[93.372s][info][gc,heap        ] GC(578) Archive regions: 0->0
[93.372s][info][gc,heap        ] GC(578) Humongous regions: 3->3
[93.372s][info][gc,metaspace   ] GC(578) Metaspace: 16736K(17408K)->16736K(17408K) NonClass: 14317K(14720K)->14317K(14720K) Class: 2419K(2688K)->2419K(2688K)
[93.372s][info][gc             ] GC(578) Pause Young (Normal) (G1 Evacuation Pause) 476M->454M(512M) 7.606ms
[93.372s][info][gc,cpu         ] GC(578) User=0.00s Sys=0.00s Real=0.00s
[93.413s][info][gc,marking     ] GC(576) Concurrent Mark From Roots 151.776ms
[93.413s][info][gc,marking     ] GC(576) Concurrent Preclean
[93.414s][info][gc,marking     ] GC(576) Concurrent Preclean 0.080ms
[93.414s][info][gc,start       ] GC(576) Pause Remark
[93.415s][info][gc             ] GC(576) Pause Remark 474M->474M(512M) 0.878ms
[93.415s][info][gc,cpu         ] GC(576) User=0.00s Sys=0.00s Real=0.00s
[93.415s][info][gc,marking     ] GC(576) Concurrent Mark 153.080ms
[93.415s][info][gc,marking     ] GC(576) Concurrent Rebuild Remembered Sets and Scrub Regions
[93.420s][info][gc,start       ] GC(579) Pause Young (Normal) (G1 Evacuation Pause)
[93.420s][info][gc,task        ] GC(579) Using 12 workers of 33 for evacuation
[93.422s][info][gc,phases      ] GC(579)   Pre Evacuate Collection Set: 0.1ms
[93.422s][info][gc,phases      ] GC(579)   Merge Heap Roots: 0.0ms
[93.422s][info][gc,phases      ] GC(579)   Evacuate Collection Set: 1.1ms
[93.422s][info][gc,phases      ] GC(579)   Post Evacuate Collection Set: 0.2ms
[93.422s][info][gc,phases      ] GC(579)   Other: 0.1ms
[93.422s][info][gc,heap        ] GC(579) Eden regions: 22->0(22)
[93.422s][info][gc,heap        ] GC(579) Survivor regions: 3->3(4)
[93.422s][info][gc,heap        ] GC(579) Old regions: 456->456
[93.422s][info][gc,heap        ] GC(579) Archive regions: 0->0
[93.422s][info][gc,heap        ] GC(579) Humongous regions: 3->3
[93.422s][info][gc,metaspace   ] GC(579) Metaspace: 16736K(17408K)->16736K(17408K) NonClass: 14317K(14720K)->14317K(14720K) Class: 2419K(2688K)->2419K(2688K)
[93.422s][info][gc             ] GC(579) Pause Young (Normal) (G1 Evacuation Pause) 476M->454M(512M) 1.955ms
[93.422s][info][gc,cpu         ] GC(579) User=0.00s Sys=0.00s Real=0.00s
[93.454s][info][gc,marking     ] GC(576) Concurrent Rebuild Remembered Sets and Scrub Regions 39.271ms
[93.454s][info][gc,start       ] GC(576) Pause Cleanup
[93.454s][info][gc             ] GC(576) Pause Cleanup 473M->473M(512M) 0.337ms
[93.454s][info][gc,cpu         ] GC(576) User=0.00s Sys=0.00s Real=0.00s
[93.455s][info][gc,marking     ] GC(576) Concurrent Clear Claimed Marks
[93.455s][info][gc,marking     ] GC(576) Concurrent Clear Claimed Marks 0.022ms
[93.455s][info][gc,marking     ] GC(576) Concurrent Cleanup for Next Mark
[93.455s][info][gc,marking     ] GC(576) Concurrent Cleanup for Next Mark 0.277ms
[93.455s][info][gc             ] GC(576) Concurrent Mark Cycle 206.722ms
[93.461s][info][gc,start       ] GC(580) Pause Young (Prepare Mixed) (G1 Evacuation Pause)
[93.461s][info][gc,task        ] GC(580) Using 12 workers of 33 for evacuation
[93.463s][info][gc,phases      ] GC(580)   Pre Evacuate Collection Set: 0.1ms
[93.463s][info][gc,phases      ] GC(580)   Merge Heap Roots: 0.0ms
[93.463s][info][gc,phases      ] GC(580)   Evacuate Collection Set: 1.2ms
[93.463s][info][gc,phases      ] GC(580)   Post Evacuate Collection Set: 0.3ms
[93.463s][info][gc,phases      ] GC(580)   Other: 0.1ms
[93.463s][info][gc,heap        ] GC(580) Eden regions: 22->0(22)
[93.463s][info][gc,heap        ] GC(580) Survivor regions: 3->3(4)
[93.463s][info][gc,heap        ] GC(580) Old regions: 456->456
[93.463s][info][gc,heap        ] GC(580) Archive regions: 0->0
[93.463s][info][gc,heap        ] GC(580) Humongous regions: 3->3
[93.463s][info][gc,metaspace   ] GC(580) Metaspace: 16736K(17408K)->16736K(17408K) NonClass: 14317K(14720K)->14317K(14720K) Class: 2419K(2688K)->2419K(2688K)
[93.463s][info][gc             ] GC(580) Pause Young (Prepare Mixed) (G1 Evacuation Pause) 476M->455M(512M) 2.133ms
[93.463s][info][gc,cpu         ] GC(580) User=0.00s Sys=0.00s Real=0.00s
[93.500s][info][gc,start       ] GC(581) Pause Young (Mixed) (G1 Evacuation Pause)
[93.500s][info][gc,task        ] GC(581) Using 12 workers of 33 for evacuation
[93.502s][info][gc,phases      ] GC(581)   Pre Evacuate Collection Set: 0.1ms
[93.502s][info][gc,phases      ] GC(581)   Merge Heap Roots: 0.1ms
[93.502s][info][gc,phases      ] GC(581)   Evacuate Collection Set: 2.1ms
[93.502s][info][gc,phases      ] GC(581)   Post Evacuate Collection Set: 0.3ms
[93.502s][info][gc,phases      ] GC(581)   Other: 0.1ms
[93.502s][info][gc,heap        ] GC(581) Eden regions: 22->0(24)
[93.502s][info][gc,heap        ] GC(581) Survivor regions: 3->3(4)
[93.502s][info][gc,heap        ] GC(581) Old regions: 456->452
[93.503s][info][gc,heap        ] GC(581) Archive regions: 0->0
[93.503s][info][gc,heap        ] GC(581) Humongous regions: 3->3
[93.503s][info][gc,metaspace   ] GC(581) Metaspace: 16736K(17408K)->16736K(17408K) NonClass: 14317K(14720K)->14317K(14720K) Class: 2419K(2688K)->2419K(2688K)
[93.503s][info][gc             ] GC(581) Pause Young (Mixed) (G1 Evacuation Pause) 477M->454M(512M) 3.116ms
[93.503s][info][gc,cpu         ] GC(581) User=0.00s Sys=0.00s Real=0.00s
[93.542s][info][gc,start       ] GC(582) Pause Young (Concurrent Start) (G1 Evacuation Pause)
[93.542s][info][gc,task        ] GC(582) Using 12 workers of 33 for evacuation
[93.545s][info][gc,phases      ] GC(582)   Pre Evacuate Collection Set: 0.2ms
[93.545s][info][gc,phases      ] GC(582)   Merge Heap Roots: 0.0ms
[93.545s][info][gc,phases      ] GC(582)   Evacuate Collection Set: 1.6ms
[93.545s][info][gc,phases      ] GC(582)   Post Evacuate Collection Set: 0.3ms
[93.545s][info][gc,phases      ] GC(582)   Other: 0.1ms
[93.545s][info][gc,heap        ] GC(582) Eden regions: 24->0(24)
[93.545s][info][gc,heap        ] GC(582) Survivor regions: 3->3(4)
[93.545s][info][gc,heap        ] GC(582) Old regions: 452->452
[93.545s][info][gc,heap        ] GC(582) Archive regions: 0->0
[93.545s][info][gc,heap        ] GC(582) Humongous regions: 3->3
[93.545s][info][gc,metaspace   ] GC(582) Metaspace: 16736K(17408K)->16736K(17408K) NonClass: 14317K(14720K)->14317K(14720K) Class: 2419K(2688K)->2419K(2688K)
[93.545s][info][gc             ] GC(582) Pause Young (Concurrent Start) (G1 Evacuation Pause) 478M->454M(512M) 2.805ms
[93.545s][info][gc,cpu         ] GC(582) User=0.00s Sys=0.00s Real=0.00s
[93.545s][info][gc             ] GC(583) Concurrent Mark Cycle
[93.545s][info][gc,marking     ] GC(583) Concurrent Scan Root Regions
[93.556s][info][gc,marking     ] GC(583) Concurrent Scan Root Regions 11.040ms
[93.556s][info][gc,marking     ] GC(583) Concurrent Mark
[93.556s][info][gc,marking     ] GC(583) Concurrent Mark From Roots
[93.556s][info][gc,task        ] GC(583) Using 8 workers of 8 for marking
[93.593s][info][gc,start       ] GC(584) Pause Young (Normal) (G1 Evacuation Pause)
[93.593s][info][gc,task        ] GC(584) Using 12 workers of 33 for evacuation
[93.595s][info][gc,phases      ] GC(584)   Pre Evacuate Collection Set: 0.1ms
[93.595s][info][gc,phases      ] GC(584)   Merge Heap Roots: 0.0ms
[93.595s][info][gc,phases      ] GC(584)   Evacuate Collection Set: 1.0ms
[93.595s][info][gc,phases      ] GC(584)   Post Evacuate Collection Set: 0.2ms
[93.595s][info][gc,phases      ] GC(584)   Other: 0.1ms
[93.595s][info][gc,heap        ] GC(584) Eden regions: 24->0(24)
[93.595s][info][gc,heap        ] GC(584) Survivor regions: 3->3(4)
[93.595s][info][gc,heap        ] GC(584) Old regions: 452->452
[93.595s][info][gc,heap        ] GC(584) Archive regions: 0->0
[93.595s][info][gc,heap        ] GC(584) Humongous regions: 3->3
[93.595s][info][gc,metaspace   ] GC(584) Metaspace: 16736K(17408K)->16736K(17408K) NonClass: 14317K(14720K)->14317K(14720K) Class: 2419K(2688K)->2419K(2688K)
[93.595s][info][gc             ] GC(584) Pause Young (Normal) (G1 Evacuation Pause) 478M->454M(512M) 1.998ms
[93.595s][info][gc,cpu         ] GC(584) User=0.00s Sys=0.00s Real=0.00s
[93.643s][info][gc,start       ] GC(585) Pause Young (Normal) (G1 Evacuation Pause)
[93.643s][info][gc,task        ] GC(585) Using 12 workers of 33 for evacuation
[93.645s][info][gc,phases      ] GC(585)   Pre Evacuate Collection Set: 0.1ms
[93.645s][info][gc,phases      ] GC(585)   Merge Heap Roots: 0.0ms
[93.645s][info][gc,phases      ] GC(585)   Evacuate Collection Set: 1.1ms
[93.645s][info][gc,phases      ] GC(585)   Post Evacuate Collection Set: 0.2ms
[93.645s][info][gc,phases      ] GC(585)   Other: 0.1ms
[93.645s][info][gc,heap        ] GC(585) Eden regions: 24->0(23)
[93.645s][info][gc,heap        ] GC(585) Survivor regions: 3->3(4)
[93.645s][info][gc,heap        ] GC(585) Old regions: 452->453
[93.645s][info][gc,heap        ] GC(585) Archive regions: 0->0
[93.645s][info][gc,heap        ] GC(585) Humongous regions: 3->3
[93.645s][info][gc,metaspace   ] GC(585) Metaspace: 16736K(17408K)->16736K(17408K) NonClass: 14317K(14720K)->14317K(14720K) Class: 2419K(2688K)->2419K(2688K)
[93.645s][info][gc             ] GC(585) Pause Young (Normal) (G1 Evacuation Pause) 478M->454M(512M) 1.972ms
[93.645s][info][gc,cpu         ] GC(585) User=0.00s Sys=0.00s Real=0.00s
[93.687s][info][gc,marking     ] GC(583) Concurrent Mark From Roots 130.314ms
[93.687s][info][gc,marking     ] GC(583) Concurrent Preclean
[93.687s][info][gc,marking     ] GC(583) Concurrent Preclean 0.047ms
[93.687s][info][gc,start       ] GC(583) Pause Remark
[93.688s][info][gc             ] GC(583) Pause Remark 474M->473M(512M) 0.921ms
[93.688s][info][gc,cpu         ] GC(583) User=0.00s Sys=0.00s Real=0.00s
[93.688s][info][gc,marking     ] GC(583) Concurrent Mark 131.581ms
[93.688s][info][gc,marking     ] GC(583) Concurrent Rebuild Remembered Sets and Scrub Regions
[93.695s][info][gc,start       ] GC(586) Pause Young (Normal) (G1 Evacuation Pause)
[93.695s][info][gc,task        ] GC(586) Using 12 workers of 33 for evacuation
[93.696s][info][gc,phases      ] GC(586)   Pre Evacuate Collection Set: 0.1ms
[93.696s][info][gc,phases      ] GC(586)   Merge Heap Roots: 0.0ms
[93.696s][info][gc,phases      ] GC(586)   Evacuate Collection Set: 1.0ms
[93.696s][info][gc,phases      ] GC(586)   Post Evacuate Collection Set: 0.2ms
[93.696s][info][gc,phases      ] GC(586)   Other: 0.1ms
[93.696s][info][gc,heap        ] GC(586) Eden regions: 23->0(24)
[93.696s][info][gc,heap        ] GC(586) Survivor regions: 3->3(4)
[93.697s][info][gc,heap        ] GC(586) Old regions: 452->452
[93.697s][info][gc,heap        ] GC(586) Archive regions: 0->0
[93.697s][info][gc,heap        ] GC(586) Humongous regions: 3->3
[93.697s][info][gc,metaspace   ] GC(586) Metaspace: 16736K(17408K)->16736K(17408K) NonClass: 14317K(14720K)->14317K(14720K) Class: 2419K(2688K)->2419K(2688K)
[93.697s][info][gc             ] GC(586) Pause Young (Normal) (G1 Evacuation Pause) 476M->453M(512M) 1.540ms
[93.697s][info][gc,cpu         ] GC(586) User=0.00s Sys=0.00s Real=0.00s
[93.728s][info][gc,marking     ] GC(583) Concurrent Rebuild Remembered Sets and Scrub Regions 39.934ms
[93.728s][info][gc,start       ] GC(583) Pause Cleanup
[93.728s][info][gc             ] GC(583) Pause Cleanup 471M->471M(512M) 0.313ms
[93.728s][info][gc,cpu         ] GC(583) User=0.00s Sys=0.00s Real=0.00s
[93.728s][info][gc,marking     ] GC(583) Concurrent Clear Claimed Marks
[93.728s][info][gc,marking     ] GC(583) Concurrent Clear Claimed Marks 0.032ms
[93.728s][info][gc,marking     ] GC(583) Concurrent Cleanup for Next Mark
[93.729s][info][gc,marking     ] GC(583) Concurrent Cleanup for Next Mark 0.283ms
[93.729s][info][gc             ] GC(583) Concurrent Mark Cycle 183.555ms
[93.740s][info][gc,start       ] GC(587) Pause Young (Prepare Mixed) (G1 Evacuation Pause)
[93.740s][info][gc,task        ] GC(587) Using 12 workers of 33 for evacuation
[93.741s][info][gc,phases      ] GC(587)   Pre Evacuate Collection Set: 0.1ms
[93.741s][info][gc,phases      ] GC(587)   Merge Heap Roots: 0.0ms
[93.741s][info][gc,phases      ] GC(587)   Evacuate Collection Set: 1.0ms
[93.741s][info][gc,phases      ] GC(587)   Post Evacuate Collection Set: 0.2ms
[93.741s][info][gc,phases      ] GC(587)   Other: 0.1ms
[93.742s][info][gc,heap        ] GC(587) Eden regions: 24->0(24)
[93.742s][info][gc,heap        ] GC(587) Survivor regions: 3->3(4)
[93.742s][info][gc,heap        ] GC(587) Old regions: 452->452
[93.742s][info][gc,heap        ] GC(587) Archive regions: 0->0
[93.742s][info][gc,heap        ] GC(587) Humongous regions: 3->3
[93.742s][info][gc,metaspace   ] GC(587) Metaspace: 16736K(17408K)->16736K(17408K) NonClass: 14317K(14720K)->14317K(14720K) Class: 2419K(2688K)->2419K(2688K)
[93.742s][info][gc             ] GC(587) Pause Young (Prepare Mixed) (G1 Evacuation Pause) 477M->453M(512M) 1.656ms
[93.742s][info][gc,cpu         ] GC(587) User=0.00s Sys=0.00s Real=0.00s
[93.781s][info][gc,start       ] GC(588) Pause Young (Mixed) (G1 Evacuation Pause)
[93.781s][info][gc,task        ] GC(588) Using 12 workers of 33 for evacuation
[93.784s][info][gc,phases      ] GC(588)   Pre Evacuate Collection Set: 0.1ms
[93.784s][info][gc,phases      ] GC(588)   Merge Heap Roots: 0.1ms
[93.784s][info][gc,phases      ] GC(588)   Evacuate Collection Set: 2.5ms
[93.784s][info][gc,phases      ] GC(588)   Post Evacuate Collection Set: 0.3ms
[93.784s][info][gc,phases      ] GC(588)   Other: 0.1ms
[93.784s][info][gc,heap        ] GC(588) Eden regions: 24->0(36)
[93.784s][info][gc,heap        ] GC(588) Survivor regions: 3->2(4)
[93.784s][info][gc,heap        ] GC(588) Old regions: 452->442
[93.784s][info][gc,heap        ] GC(588) Archive regions: 0->0
[93.784s][info][gc,heap        ] GC(588) Humongous regions: 3->3
[93.784s][info][gc,metaspace   ] GC(588) Metaspace: 16736K(17408K)->16736K(17408K) NonClass: 14317K(14720K)->14317K(14720K) Class: 2419K(2688K)->2419K(2688K)
[93.784s][info][gc             ] GC(588) Pause Young (Mixed) (G1 Evacuation Pause) 477M->445M(512M) 3.526ms
[93.784s][info][gc,cpu         ] GC(588) User=0.00s Sys=0.00s Real=0.00s
[93.845s][info][gc,start       ] GC(589) Pause Young (Concurrent Start) (G1 Evacuation Pause)
[93.845s][info][gc,task        ] GC(589) Using 12 workers of 33 for evacuation
[93.847s][info][gc,phases      ] GC(589)   Pre Evacuate Collection Set: 0.2ms
[93.847s][info][gc,phases      ] GC(589)   Merge Heap Roots: 0.0ms
[93.847s][info][gc,phases      ] GC(589)   Evacuate Collection Set: 1.0ms
[93.847s][info][gc,phases      ] GC(589)   Post Evacuate Collection Set: 0.3ms
[93.847s][info][gc,phases      ] GC(589)   Other: 0.2ms
[93.847s][info][gc,heap        ] GC(589) Eden regions: 36->0(36)
[93.847s][info][gc,heap        ] GC(589) Survivor regions: 2->2(5)
[93.847s][info][gc,heap        ] GC(589) Old regions: 442->442
[93.847s][info][gc,heap        ] GC(589) Archive regions: 0->0
[93.847s][info][gc,heap        ] GC(589) Humongous regions: 3->3
[93.847s][info][gc,metaspace   ] GC(589) Metaspace: 16736K(17408K)->16736K(17408K) NonClass: 14317K(14720K)->14317K(14720K) Class: 2419K(2688K)->2419K(2688K)
[93.847s][info][gc             ] GC(589) Pause Young (Concurrent Start) (G1 Evacuation Pause) 481M->444M(512M) 2.267ms
[93.847s][info][gc             ] GC(590) Concurrent Mark Cycle
[93.847s][info][gc,cpu         ] GC(589) User=0.00s Sys=0.00s Real=0.00s
[93.847s][info][gc,marking     ] GC(590) Concurrent Scan Root Regions
[93.855s][info][gc,marking     ] GC(590) Concurrent Scan Root Regions 7.330ms
[93.855s][info][gc,marking     ] GC(590) Concurrent Mark
[93.855s][info][gc,marking     ] GC(590) Concurrent Mark From Roots
[93.855s][info][gc,task        ] GC(590) Using 8 workers of 8 for marking
[93.918s][info][gc,start       ] GC(591) Pause Young (Normal) (G1 Evacuation Pause)
[93.919s][info][gc,task        ] GC(591) Using 12 workers of 33 for evacuation
[93.919s][info][gc,phases      ] GC(591)   Pre Evacuate Collection Set: 0.1ms
[93.919s][info][gc,phases      ] GC(591)   Merge Heap Roots: 0.0ms
[93.919s][info][gc,phases      ] GC(591)   Evacuate Collection Set: 0.2ms
[93.919s][info][gc,phases      ] GC(591)   Post Evacuate Collection Set: 0.2ms
[93.919s][info][gc,phases      ] GC(591)   Other: 0.1ms
[93.919s][info][gc,heap        ] GC(591) Eden regions: 36->0(38)
[93.919s][info][gc,heap        ] GC(591) Survivor regions: 2->1(5)
[93.919s][info][gc,heap        ] GC(591) Old regions: 442->442
[93.919s][info][gc,heap        ] GC(591) Archive regions: 0->0
[93.919s][info][gc,heap        ] GC(591) Humongous regions: 3->3
[93.919s][info][gc,metaspace   ] GC(591) Metaspace: 16736K(17408K)->16736K(17408K) NonClass: 14317K(14720K)->14317K(14720K) Class: 2419K(2688K)->2419K(2688K)
[93.920s][info][gc             ] GC(591) Pause Young (Normal) (G1 Evacuation Pause) 480M->443M(512M) 1.177ms
[93.920s][info][gc,cpu         ] GC(591) User=0.00s Sys=0.00s Real=0.00s
[93.974s][info][gc,marking     ] GC(590) Concurrent Mark From Roots 118.991ms
[93.974s][info][gc,marking     ] GC(590) Concurrent Preclean
[93.974s][info][gc,marking     ] GC(590) Concurrent Preclean 0.048ms
[93.974s][info][gc,start       ] GC(590) Pause Remark
[93.975s][info][gc             ] GC(590) Pause Remark 452M->450M(512M) 0.765ms
[93.975s][info][gc,cpu         ] GC(590) User=0.00s Sys=0.00s Real=0.00s
[93.975s][info][gc,marking     ] GC(590) Concurrent Mark 120.079ms
[93.975s][info][gc,marking     ] GC(590) Concurrent Rebuild Remembered Sets and Scrub Regions
[94.006s][info][gc,marking     ] GC(590) Concurrent Rebuild Remembered Sets and Scrub Regions 31.490ms
[94.006s][info][gc,start       ] GC(590) Pause Cleanup
[94.007s][info][gc             ] GC(590) Pause Cleanup 450M->450M(512M) 0.630ms
[94.007s][info][gc,cpu         ] GC(590) User=0.00s Sys=0.00s Real=0.00s
[94.007s][info][gc,marking     ] GC(590) Concurrent Clear Claimed Marks
[94.007s][info][gc,marking     ] GC(590) Concurrent Clear Claimed Marks 0.041ms
[94.007s][info][gc,marking     ] GC(590) Concurrent Cleanup for Next Mark
[94.007s][info][gc,marking     ] GC(590) Concurrent Cleanup for Next Mark 0.280ms
[94.007s][info][gc             ] GC(590) Concurrent Mark Cycle 160.319ms
[94.708s][info][gc,start       ] GC(592) Pause Young (Prepare Mixed) (G1 Evacuation Pause)
[94.708s][info][gc,task        ] GC(592) Using 12 workers of 33 for evacuation
[94.710s][info][gc,phases      ] GC(592)   Pre Evacuate Collection Set: 0.1ms
[94.710s][info][gc,phases      ] GC(592)   Merge Heap Roots: 0.1ms
[94.710s][info][gc,phases      ] GC(592)   Evacuate Collection Set: 1.2ms
[94.710s][info][gc,phases      ] GC(592)   Post Evacuate Collection Set: 0.3ms
[94.710s][info][gc,phases      ] GC(592)   Other: 0.1ms
[94.710s][info][gc,heap        ] GC(592) Eden regions: 38->0(36)
[94.710s][info][gc,heap        ] GC(592) Survivor regions: 1->3(5)
[94.710s][info][gc,heap        ] GC(592) Old regions: 440->440
[94.710s][info][gc,heap        ] GC(592) Archive regions: 0->0
[94.710s][info][gc,heap        ] GC(592) Humongous regions: 3->3
[94.710s][info][gc,metaspace   ] GC(592) Metaspace: 16829K(17408K)->16829K(17408K) NonClass: 14385K(14720K)->14385K(14720K) Class: 2443K(2688K)->2443K(2688K)
[94.710s][info][gc             ] GC(592) Pause Young (Prepare Mixed) (G1 Evacuation Pause) 479M->443M(512M) 2.129ms
[94.710s][info][gc,cpu         ] GC(592) User=0.00s Sys=0.00s Real=0.00s
[95.408s][info][gc,start       ] GC(593) Pause Young (Mixed) (G1 Evacuation Pause)
[95.408s][info][gc,task        ] GC(593) Using 12 workers of 33 for evacuation
[95.414s][info][gc,phases      ] GC(593)   Pre Evacuate Collection Set: 0.1ms
[95.414s][info][gc,phases      ] GC(593)   Merge Heap Roots: 0.1ms
[95.414s][info][gc,phases      ] GC(593)   Evacuate Collection Set: 5.5ms
[95.414s][info][gc,phases      ] GC(593)   Post Evacuate Collection Set: 0.5ms
[95.414s][info][gc,phases      ] GC(593)   Other: 0.1ms
[95.414s][info][gc,heap        ] GC(593) Eden regions: 36->0(59)
[95.414s][info][gc,heap        ] GC(593) Survivor regions: 3->3(5)
[95.414s][info][gc,heap        ] GC(593) Old regions: 440->417
[95.414s][info][gc,heap        ] GC(593) Archive regions: 0->0
[95.414s][info][gc,heap        ] GC(593) Humongous regions: 3->3
[95.414s][info][gc,metaspace   ] GC(593) Metaspace: 16829K(17408K)->16829K(17408K) NonClass: 14385K(14720K)->14385K(14720K) Class: 2443K(2688K)->2443K(2688K)
[95.414s][info][gc             ] GC(593) Pause Young (Mixed) (G1 Evacuation Pause) 479M->421M(512M) 6.874ms
[95.415s][info][gc,cpu         ] GC(593) User=0.00s Sys=0.00s Real=0.00s
[95.705s][info][gc,start       ] GC(594) Pause Full (System.gc())
[95.705s][info][gc,task        ] GC(594) Using 12 workers of 33 for full compaction
[95.705s][info][gc,phases,start] GC(594) Phase 1: Mark live objects
[95.721s][info][gc,phases      ] GC(594) Phase 1: Mark live objects 15.033ms
[95.721s][info][gc,phases,start] GC(594) Phase 2: Prepare compaction
[95.722s][info][gc,phases      ] GC(594) Phase 2: Prepare compaction 1.222ms
[95.722s][info][gc,phases,start] GC(594) Phase 3: Adjust pointers
[95.724s][info][gc,phases      ] GC(594) Phase 3: Adjust pointers 2.075ms
[95.724s][info][gc,phases,start] GC(594) Phase 4: Compact heap
[95.725s][info][gc,phases      ] GC(594) Phase 4: Compact heap 0.654ms
[95.727s][info][gc,heap        ] GC(594) Eden regions: 15->0(54)
[95.727s][info][gc,heap        ] GC(594) Survivor regions: 3->0(5)
[95.727s][info][gc,heap        ] GC(594) Old regions: 417->27
[95.727s][info][gc,heap        ] GC(594) Archive regions: 0->0
[95.727s][info][gc,heap        ] GC(594) Humongous regions: 3->0
[95.727s][info][gc,metaspace   ] GC(594) Metaspace: 16830K(17408K)->16744K(17408K) NonClass: 14386K(14720K)->14325K(14720K) Class: 2443K(2688K)->2419K(2688K)
[95.727s][info][gc             ] GC(594) Pause Full (System.gc()) 436M->18M(90M) 21.442ms
[95.727s][info][gc,cpu         ] GC(594) User=0.19s Sys=0.00s Real=0.02s
[96.860s][info][gc,start       ] GC(595) Pause Young (Concurrent Start) (G1 Evacuation Pause)
[96.860s][info][gc,task        ] GC(595) Using 7 workers of 33 for evacuation
[96.917s][info][gc,phases      ] GC(595)   Pre Evacuate Collection Set: 0.3ms
[96.918s][info][gc,phases      ] GC(595)   Merge Heap Roots: 0.1ms
[96.918s][info][gc,phases      ] GC(595)   Evacuate Collection Set: 55.7ms
[96.918s][info][gc,phases      ] GC(595)   Post Evacuate Collection Set: 0.9ms
[96.918s][info][gc,phases      ] GC(595)   Other: 0.2ms
[96.918s][info][gc,heap        ] GC(595) Eden regions: 54->0(33)
[96.918s][info][gc,heap        ] GC(595) Survivor regions: 0->7(7)
[96.918s][info][gc,heap        ] GC(595) Old regions: 27->37
[96.918s][info][gc,heap        ] GC(595) Archive regions: 0->0
[96.918s][info][gc,heap        ] GC(595) Humongous regions: 0->0
[96.918s][info][gc,metaspace   ] GC(595) Metaspace: 16748K(17408K)->16748K(17408K) NonClass: 14328K(14720K)->14328K(14720K) Class: 2420K(2688K)->2420K(2688K)
[96.918s][info][gc             ] GC(595) Pause Young (Concurrent Start) (G1 Evacuation Pause) 72M->35M(98M) 57.731ms
[96.918s][info][gc             ] GC(596) Concurrent Mark Cycle
[96.918s][info][gc,cpu         ] GC(595) User=0.36s Sys=0.00s Real=0.06s
[96.918s][info][gc,marking     ] GC(596) Concurrent Scan Root Regions
[96.921s][info][gc,marking     ] GC(596) Concurrent Scan Root Regions 3.245ms
[96.921s][info][gc,marking     ] GC(596) Concurrent Mark
[96.921s][info][gc,marking     ] GC(596) Concurrent Mark From Roots
[96.921s][info][gc,task        ] GC(596) Using 8 workers of 8 for marking
[96.926s][info][gc,marking     ] GC(596) Concurrent Mark From Roots 4.654ms
[96.926s][info][gc,marking     ] GC(596) Concurrent Preclean
[96.926s][info][gc,marking     ] GC(596) Concurrent Preclean 0.024ms
[96.926s][info][gc,start       ] GC(596) Pause Remark
[96.927s][info][gc             ] GC(596) Pause Remark 35M->35M(98M) 1.101ms
[96.927s][info][gc,cpu         ] GC(596) User=0.02s Sys=0.00s Real=0.00s
[96.927s][info][gc,marking     ] GC(596) Concurrent Mark 6.045ms
[96.927s][info][gc,marking     ] GC(596) Concurrent Rebuild Remembered Sets and Scrub Regions
[96.935s][info][gc,marking     ] GC(596) Concurrent Rebuild Remembered Sets and Scrub Regions 7.855ms
[96.935s][info][gc,start       ] GC(596) Pause Cleanup
[96.935s][info][gc             ] GC(596) Pause Cleanup 36M->36M(98M) 0.155ms
[96.935s][info][gc,cpu         ] GC(596) User=0.00s Sys=0.00s Real=0.00s
[96.936s][info][gc,marking     ] GC(596) Concurrent Clear Claimed Marks
[96.936s][info][gc,marking     ] GC(596) Concurrent Clear Claimed Marks 0.047ms
[96.936s][info][gc,marking     ] GC(596) Concurrent Cleanup for Next Mark
[96.936s][info][gc,marking     ] GC(596) Concurrent Cleanup for Next Mark 0.197ms
[96.936s][info][gc             ] GC(596) Concurrent Mark Cycle 17.958ms
[98.438s][info][gc,start       ] GC(597) Pause Young (Prepare Mixed) (G1 Evacuation Pause)
[98.439s][info][gc,task        ] GC(597) Using 4 workers of 33 for evacuation
[98.477s][info][gc,phases      ] GC(597)   Pre Evacuate Collection Set: 0.1ms
[98.477s][info][gc,phases      ] GC(597)   Merge Heap Roots: 1.6ms
[98.477s][info][gc,phases      ] GC(597)   Evacuate Collection Set: 36.1ms
[98.477s][info][gc,phases      ] GC(597)   Post Evacuate Collection Set: 0.5ms
[98.477s][info][gc,phases      ] GC(597)   Other: 0.1ms
[98.477s][info][gc,heap        ] GC(597) Eden regions: 33->0(20)
[98.477s][info][gc,heap        ] GC(597) Survivor regions: 7->5(5)
[98.477s][info][gc,heap        ] GC(597) Old regions: 37->57
[98.477s][info][gc,heap        ] GC(597) Archive regions: 0->0
[98.477s][info][gc,heap        ] GC(597) Humongous regions: 0->0
[98.477s][info][gc,metaspace   ] GC(597) Metaspace: 16748K(17408K)->16748K(17408K) NonClass: 14328K(14720K)->14328K(14720K) Class: 2420K(2688K)->2420K(2688K)
[98.477s][info][gc             ] GC(597) Pause Young (Prepare Mixed) (G1 Evacuation Pause) 68M->53M(102M) 38.868ms
[98.477s][info][gc,cpu         ] GC(597) User=0.17s Sys=0.02s Real=0.05s
[98.482s][info][gc,start       ] GC(598) Pause Young (Mixed) (G1 Evacuation Pause)
[98.482s][info][gc,task        ] GC(598) Using 3 workers of 33 for evacuation
[98.490s][info][gc,phases      ] GC(598)   Pre Evacuate Collection Set: 0.1ms
[98.490s][info][gc,phases      ] GC(598)   Merge Heap Roots: 0.1ms
[98.490s][info][gc,phases      ] GC(598)   Evacuate Collection Set: 7.5ms
[98.490s][info][gc,phases      ] GC(598)   Post Evacuate Collection Set: 0.4ms
[98.490s][info][gc,phases      ] GC(598)   Other: 0.1ms
[98.490s][info][gc,heap        ] GC(598) Eden regions: 20->0(22)
[98.490s][info][gc,heap        ] GC(598) Survivor regions: 5->1(4)
[98.490s][info][gc,heap        ] GC(598) Old regions: 57->59
[98.490s][info][gc,heap        ] GC(598) Archive regions: 0->0
[98.490s][info][gc,heap        ] GC(598) Humongous regions: 0->0
[98.490s][info][gc,metaspace   ] GC(598) Metaspace: 16748K(17408K)->16748K(17408K) NonClass: 14328K(14720K)->14328K(14720K) Class: 2420K(2688K)->2420K(2688K)
[98.490s][info][gc             ] GC(598) Pause Young (Mixed) (G1 Evacuation Pause) 73M->55M(102M) 8.627ms
[98.490s][info][gc,cpu         ] GC(598) User=0.00s Sys=0.00s Real=0.00s
[98.495s][info][gc,start       ] GC(599) Pause Young (Concurrent Start) (G1 Evacuation Pause)
[98.495s][info][gc,task        ] GC(599) Using 2 workers of 33 for evacuation
[98.499s][info][gc,phases      ] GC(599)   Pre Evacuate Collection Set: 0.2ms
[98.499s][info][gc,phases      ] GC(599)   Merge Heap Roots: 0.1ms
[98.500s][info][gc,phases      ] GC(599)   Evacuate Collection Set: 4.0ms
[98.500s][info][gc,phases      ] GC(599)   Post Evacuate Collection Set: 0.4ms
[98.500s][info][gc,phases      ] GC(599)   Other: 0.1ms
[98.500s][info][gc,heap        ] GC(599) Eden regions: 22->0(24)
[98.500s][info][gc,heap        ] GC(599) Survivor regions: 1->1(3)
[98.500s][info][gc,heap        ] GC(599) Old regions: 59->59
[98.500s][info][gc,heap        ] GC(599) Archive regions: 0->0
[98.500s][info][gc,heap        ] GC(599) Humongous regions: 0->0
[98.500s][info][gc,metaspace   ] GC(599) Metaspace: 16748K(17408K)->16748K(17408K) NonClass: 14328K(14720K)->14328K(14720K) Class: 2420K(2688K)->2420K(2688K)
[98.500s][info][gc             ] GC(599) Pause Young (Concurrent Start) (G1 Evacuation Pause) 77M->55M(102M) 5.160ms
[98.500s][info][gc             ] GC(600) Concurrent Mark Cycle
[98.500s][info][gc,cpu         ] GC(599) User=0.00s Sys=0.00s Real=0.00s
[98.500s][info][gc,marking     ] GC(600) Concurrent Scan Root Regions
[98.502s][info][gc,marking     ] GC(600) Concurrent Scan Root Regions 2.199ms
[98.502s][info][gc,marking     ] GC(600) Concurrent Mark
[98.502s][info][gc,marking     ] GC(600) Concurrent Mark From Roots
[98.502s][info][gc,task        ] GC(600) Using 8 workers of 8 for marking
[98.505s][info][gc,start       ] GC(601) Pause Young (Normal) (G1 Evacuation Pause)
[98.505s][info][gc,task        ] GC(601) Using 2 workers of 33 for evacuation
[98.508s][info][gc,phases      ] GC(601)   Pre Evacuate Collection Set: 0.1ms
[98.508s][info][gc,phases      ] GC(601)   Merge Heap Roots: 0.0ms
[98.508s][info][gc,phases      ] GC(601)   Evacuate Collection Set: 2.4ms
[98.508s][info][gc,phases      ] GC(601)   Post Evacuate Collection Set: 0.4ms
[98.508s][info][gc,phases      ] GC(601)   Other: 0.1ms
[98.508s][info][gc,heap        ] GC(601) Eden regions: 24->0(26)
[98.508s][info][gc,heap        ] GC(601) Survivor regions: 1->1(4)
[98.508s][info][gc,heap        ] GC(601) Old regions: 59->59
[98.508s][info][gc,heap        ] GC(601) Archive regions: 0->0
[98.508s][info][gc,heap        ] GC(601) Humongous regions: 0->0
[98.508s][info][gc,metaspace   ] GC(601) Metaspace: 16748K(17408K)->16748K(17408K) NonClass: 14328K(14720K)->14328K(14720K) Class: 2420K(2688K)->2420K(2688K)
[98.508s][info][gc             ] GC(601) Pause Young (Normal) (G1 Evacuation Pause) 79M->55M(102M) 3.429ms
[98.508s][info][gc,cpu         ] GC(601) User=0.00s Sys=0.00s Real=0.00s
[98.514s][info][gc,start       ] GC(602) Pause Young (Normal) (G1 Evacuation Pause)
[98.514s][info][gc,task        ] GC(602) Using 2 workers of 33 for evacuation
[98.520s][info][gc,phases      ] GC(602)   Pre Evacuate Collection Set: 0.1ms
[98.520s][info][gc,phases      ] GC(602)   Merge Heap Roots: 0.1ms
[98.520s][info][gc,phases      ] GC(602)   Evacuate Collection Set: 3.2ms
[98.520s][info][gc,phases      ] GC(602)   Post Evacuate Collection Set: 3.3ms
[98.521s][info][gc,phases      ] GC(602)   Other: 0.1ms
[98.521s][info][gc,heap        ] GC(602) Eden regions: 26->0(134)
[98.521s][info][gc,heap        ] GC(602) Survivor regions: 1->1(4)
[98.521s][info][gc,heap        ] GC(602) Old regions: 59->59
[98.521s][info][gc,heap        ] GC(602) Archive regions: 0->0
[98.521s][info][gc,heap        ] GC(602) Humongous regions: 0->0
[98.521s][info][gc,metaspace   ] GC(602) Metaspace: 16748K(17408K)->16748K(17408K) NonClass: 14328K(14720K)->14328K(14720K) Class: 2420K(2688K)->2420K(2688K)
[98.521s][info][gc             ] GC(602) Pause Young (Normal) (G1 Evacuation Pause) 81M->55M(307M) 7.263ms
[98.521s][info][gc,cpu         ] GC(602) User=0.00s Sys=0.00s Real=0.00s
[98.524s][info][gc,marking     ] GC(600) Concurrent Mark From Roots 22.065ms
[98.524s][info][gc,marking     ] GC(600) Concurrent Preclean
[98.524s][info][gc,marking     ] GC(600) Concurrent Preclean 0.072ms
[98.525s][info][gc,start       ] GC(600) Pause Remark
[98.527s][info][gc             ] GC(600) Pause Remark 58M->28M(114M) 2.454ms
[98.527s][info][gc,cpu         ] GC(600) User=0.00s Sys=0.00s Real=0.00s
[98.527s][info][gc,marking     ] GC(600) Concurrent Mark 25.270ms
[98.528s][info][gc,marking     ] GC(600) Concurrent Rebuild Remembered Sets and Scrub Regions
[98.533s][info][gc,marking     ] GC(600) Concurrent Rebuild Remembered Sets and Scrub Regions 5.416ms
[98.533s][info][gc,start       ] GC(600) Pause Cleanup
[98.534s][info][gc             ] GC(600) Pause Cleanup 33M->33M(114M) 0.166ms
[98.534s][info][gc,cpu         ] GC(600) User=0.00s Sys=0.00s Real=0.00s
[98.535s][info][gc,marking     ] GC(600) Concurrent Clear Claimed Marks
[98.535s][info][gc,marking     ] GC(600) Concurrent Clear Claimed Marks 0.066ms
[98.535s][info][gc,marking     ] GC(600) Concurrent Cleanup for Next Mark
[98.536s][info][gc,marking     ] GC(600) Concurrent Cleanup for Next Mark 0.627ms
[98.536s][info][gc             ] GC(600) Concurrent Mark Cycle 35.868ms
[98.558s][info][gc,start       ] GC(603) Pause Young (Prepare Mixed) (G1 Evacuation Pause)
[98.558s][info][gc,task        ] GC(603) Using 2 workers of 33 for evacuation
[98.560s][info][gc,phases      ] GC(603)   Pre Evacuate Collection Set: 0.1ms
[98.560s][info][gc,phases      ] GC(603)   Merge Heap Roots: 0.0ms
[98.560s][info][gc,phases      ] GC(603)   Evacuate Collection Set: 2.2ms
[98.560s][info][gc,phases      ] GC(603)   Post Evacuate Collection Set: 0.3ms
[98.561s][info][gc,phases      ] GC(603)   Other: 0.1ms
[98.561s][info][gc,heap        ] GC(603) Eden regions: 84->0(54)
[98.561s][info][gc,heap        ] GC(603) Survivor regions: 1->2(17)
[98.561s][info][gc,heap        ] GC(603) Old regions: 29->29
[98.561s][info][gc,heap        ] GC(603) Archive regions: 0->0
[98.561s][info][gc,heap        ] GC(603) Humongous regions: 0->0
[98.561s][info][gc,metaspace   ] GC(603) Metaspace: 16748K(17408K)->16748K(17408K) NonClass: 14328K(14720K)->14328K(14720K) Class: 2420K(2688K)->2420K(2688K)
[98.561s][info][gc             ] GC(603) Pause Young (Prepare Mixed) (G1 Evacuation Pause) 109M->26M(116M) 2.869ms
[98.561s][info][gc,cpu         ] GC(603) User=0.00s Sys=0.00s Real=0.00s
[98.566s][info][gc,start       ] GC(604) Pause Young (Mixed) (G1 Evacuation Pause)
[98.566s][info][gc,task        ] GC(604) Using 2 workers of 33 for evacuation
[98.569s][info][gc,phases      ] GC(604)   Pre Evacuate Collection Set: 0.1ms
[98.569s][info][gc,phases      ] GC(604)   Merge Heap Roots: 0.0ms
[98.569s][info][gc,phases      ] GC(604)   Evacuate Collection Set: 2.1ms
[98.569s][info][gc,phases      ] GC(604)   Post Evacuate Collection Set: 0.2ms
[98.569s][info][gc,phases      ] GC(604)   Other: 0.1ms
[98.569s][info][gc,heap        ] GC(604) Eden regions: 54->0(59)
[98.569s][info][gc,heap        ] GC(604) Survivor regions: 2->2(7)
[98.569s][info][gc,heap        ] GC(604) Old regions: 29->26
[98.569s][info][gc,heap        ] GC(604) Archive regions: 0->0
[98.569s][info][gc,heap        ] GC(604) Humongous regions: 0->0
[98.569s][info][gc,metaspace   ] GC(604) Metaspace: 16748K(17408K)->16748K(17408K) NonClass: 14328K(14720K)->14328K(14720K) Class: 2420K(2688K)->2420K(2688K)
[98.569s][info][gc             ] GC(604) Pause Young (Mixed) (G1 Evacuation Pause) 80M->22M(116M) 2.681ms
[98.569s][info][gc,cpu         ] GC(604) User=0.00s Sys=0.00s Real=0.00s
[98.575s][info][gc,start       ] GC(605) Pause Young (Concurrent Start) (G1 Evacuation Pause)
[98.575s][info][gc,task        ] GC(605) Using 2 workers of 33 for evacuation
[98.578s][info][gc,phases      ] GC(605)   Pre Evacuate Collection Set: 0.1ms
[98.578s][info][gc,phases      ] GC(605)   Merge Heap Roots: 0.0ms
[98.578s][info][gc,phases      ] GC(605)   Evacuate Collection Set: 2.2ms
[98.578s][info][gc,phases      ] GC(605)   Post Evacuate Collection Set: 0.2ms
[98.578s][info][gc,phases      ] GC(605)   Other: 0.1ms
[98.578s][info][gc,heap        ] GC(605) Eden regions: 59->0(62)
[98.578s][info][gc,heap        ] GC(605) Survivor regions: 2->2(8)
[98.578s][info][gc,heap        ] GC(605) Old regions: 26->26
[98.578s][info][gc,heap        ] GC(605) Archive regions: 0->0
[98.578s][info][gc,heap        ] GC(605) Humongous regions: 0->0
[98.578s][info][gc,metaspace   ] GC(605) Metaspace: 16748K(17408K)->16748K(17408K) NonClass: 14328K(14720K)->14328K(14720K) Class: 2420K(2688K)->2420K(2688K)
[98.578s][info][gc             ] GC(605) Pause Young (Concurrent Start) (G1 Evacuation Pause) 81M->22M(116M) 2.859ms
[98.578s][info][gc             ] GC(606) Concurrent Mark Cycle
[98.578s][info][gc,cpu         ] GC(605) User=0.00s Sys=0.00s Real=0.00s
[98.578s][info][gc,marking     ] GC(606) Concurrent Scan Root Regions
[98.580s][info][gc,marking     ] GC(606) Concurrent Scan Root Regions 1.839ms
[98.580s][info][gc,marking     ] GC(606) Concurrent Mark
[98.580s][info][gc,marking     ] GC(606) Concurrent Mark From Roots
[98.580s][info][gc,task        ] GC(606) Using 8 workers of 8 for marking
[98.585s][info][gc,start       ] GC(607) Pause Young (Normal) (G1 Evacuation Pause)
[98.585s][info][gc,task        ] GC(607) Using 2 workers of 33 for evacuation
[98.588s][info][gc,phases      ] GC(607)   Pre Evacuate Collection Set: 0.1ms
[98.588s][info][gc,phases      ] GC(607)   Merge Heap Roots: 0.0ms
[98.588s][info][gc,phases      ] GC(607)   Evacuate Collection Set: 2.3ms
[98.588s][info][gc,phases      ] GC(607)   Post Evacuate Collection Set: 0.3ms
[98.588s][info][gc,phases      ] GC(607)   Other: 0.1ms
[98.588s][info][gc,heap        ] GC(607) Eden regions: 62->0(65)
[98.588s][info][gc,heap        ] GC(607) Survivor regions: 2->2(8)
[98.588s][info][gc,heap        ] GC(607) Old regions: 26->26
[98.588s][info][gc,heap        ] GC(607) Archive regions: 0->0
[98.588s][info][gc,heap        ] GC(607) Humongous regions: 0->0
[98.588s][info][gc,metaspace   ] GC(607) Metaspace: 16748K(17408K)->16748K(17408K) NonClass: 14328K(14720K)->14328K(14720K) Class: 2420K(2688K)->2420K(2688K)
[98.588s][info][gc             ] GC(607) Pause Young (Normal) (G1 Evacuation Pause) 84M->22M(116M) 2.896ms
[98.588s][info][gc,cpu         ] GC(607) User=0.00s Sys=0.00s Real=0.00s
[98.589s][info][gc,marking     ] GC(606) Concurrent Mark From Roots 9.552ms
[98.589s][info][gc,marking     ] GC(606) Concurrent Preclean
[98.589s][info][gc,marking     ] GC(606) Concurrent Preclean 0.044ms
[98.590s][info][gc,start       ] GC(606) Pause Remark
[98.591s][info][gc             ] GC(606) Pause Remark 37M->37M(116M) 1.232ms
[98.591s][info][gc,cpu         ] GC(606) User=0.00s Sys=0.00s Real=0.00s
[98.591s][info][gc,marking     ] GC(606) Concurrent Mark 11.206ms
[98.591s][info][gc,marking     ] GC(606) Concurrent Rebuild Remembered Sets and Scrub Regions
[98.594s][info][gc,marking     ] GC(606) Concurrent Rebuild Remembered Sets and Scrub Regions 2.702ms
[98.594s][info][gc,start       ] GC(606) Pause Cleanup
[98.594s][info][gc             ] GC(606) Pause Cleanup 64M->64M(116M) 0.085ms
[98.594s][info][gc,cpu         ] GC(606) User=0.00s Sys=0.00s Real=0.00s
[98.594s][info][gc,marking     ] GC(606) Concurrent Clear Claimed Marks
[98.594s][info][gc,marking     ] GC(606) Concurrent Clear Claimed Marks 0.041ms
[98.594s][info][gc,marking     ] GC(606) Concurrent Cleanup for Next Mark
[98.595s][info][gc,marking     ] GC(606) Concurrent Cleanup for Next Mark 0.353ms
[98.595s][info][gc             ] GC(606) Concurrent Mark Cycle 16.666ms
[98.596s][info][gc,start       ] GC(608) Pause Young (Prepare Mixed) (G1 Evacuation Pause)
[98.596s][info][gc,task        ] GC(608) Using 2 workers of 33 for evacuation
[98.599s][info][gc,phases      ] GC(608)   Pre Evacuate Collection Set: 0.1ms
[98.599s][info][gc,phases      ] GC(608)   Merge Heap Roots: 0.0ms
[98.599s][info][gc,phases      ] GC(608)   Evacuate Collection Set: 2.1ms
[98.599s][info][gc,phases      ] GC(608)   Post Evacuate Collection Set: 0.3ms
[98.599s][info][gc,phases      ] GC(608)   Other: 0.1ms
[98.599s][info][gc,heap        ] GC(608) Eden regions: 65->0(67)
[98.599s][info][gc,heap        ] GC(608) Survivor regions: 2->2(9)
[98.599s][info][gc,heap        ] GC(608) Old regions: 26->26
[98.599s][info][gc,heap        ] GC(608) Archive regions: 0->0
[98.599s][info][gc,heap        ] GC(608) Humongous regions: 0->0
[98.599s][info][gc,metaspace   ] GC(608) Metaspace: 16748K(17408K)->16748K(17408K) NonClass: 14328K(14720K)->14328K(14720K) Class: 2420K(2688K)->2420K(2688K)
[98.599s][info][gc             ] GC(608) Pause Young (Prepare Mixed) (G1 Evacuation Pause) 87M->22M(116M) 2.757ms
[98.599s][info][gc,cpu         ] GC(608) User=0.00s Sys=0.00s Real=0.00s
[98.606s][info][gc,start       ] GC(609) Pause Young (Mixed) (G1 Evacuation Pause)
[98.606s][info][gc,task        ] GC(609) Using 2 workers of 33 for evacuation
[98.611s][info][gc,phases      ] GC(609)   Pre Evacuate Collection Set: 0.1ms
[98.611s][info][gc,phases      ] GC(609)   Merge Heap Roots: 0.0ms
[98.611s][info][gc,phases      ] GC(609)   Evacuate Collection Set: 2.6ms
[98.611s][info][gc,phases      ] GC(609)   Post Evacuate Collection Set: 1.9ms
[98.611s][info][gc,phases      ] GC(609)   Other: 0.1ms
[98.611s][info][gc,heap        ] GC(609) Eden regions: 67->0(186)
[98.611s][info][gc,heap        ] GC(609) Survivor regions: 2->2(9)
[98.611s][info][gc,heap        ] GC(609) Old regions: 26->24
[98.611s][info][gc,heap        ] GC(609) Archive regions: 0->0
[98.611s][info][gc,heap        ] GC(609) Humongous regions: 0->0
[98.611s][info][gc,metaspace   ] GC(609) Metaspace: 16748K(17408K)->16748K(17408K) NonClass: 14328K(14720K)->14328K(14720K) Class: 2420K(2688K)->2420K(2688K)
[98.611s][info][gc             ] GC(609) Pause Young (Mixed) (G1 Evacuation Pause) 89M->22M(314M) 4.894ms
[98.611s][info][gc,cpu         ] GC(609) User=0.00s Sys=0.00s Real=0.00s
[98.718s][info][gc,start       ] GC(610) Pause Young (Normal) (G1 Evacuation Pause)
[98.718s][info][gc,task        ] GC(610) Using 7 workers of 33 for evacuation
[98.720s][info][gc,phases      ] GC(610)   Pre Evacuate Collection Set: 0.1ms
[98.720s][info][gc,phases      ] GC(610)   Merge Heap Roots: 0.1ms
[98.720s][info][gc,phases      ] GC(610)   Evacuate Collection Set: 0.8ms
[98.720s][info][gc,phases      ] GC(610)   Post Evacuate Collection Set: 0.3ms
[98.720s][info][gc,phases      ] GC(610)   Other: 0.1ms
[98.720s][info][gc,heap        ] GC(610) Eden regions: 186->0(186)
[98.720s][info][gc,heap        ] GC(610) Survivor regions: 2->2(24)
[98.720s][info][gc,heap        ] GC(610) Old regions: 24->24
[98.720s][info][gc,heap        ] GC(610) Archive regions: 0->0
[98.720s][info][gc,heap        ] GC(610) Humongous regions: 0->0
[98.720s][info][gc,metaspace   ] GC(610) Metaspace: 16748K(17408K)->16748K(17408K) NonClass: 14328K(14720K)->14328K(14720K) Class: 2420K(2688K)->2420K(2688K)
[98.720s][info][gc             ] GC(610) Pause Young (Normal) (G1 Evacuation Pause) 208M->22M(314M) 1.545ms
[98.720s][info][gc,cpu         ] GC(610) User=0.00s Sys=0.00s Real=0.00s
[98.740s][info][gc,start       ] GC(611) Pause Young (Normal) (G1 Evacuation Pause)
[98.740s][info][gc,task        ] GC(611) Using 7 workers of 33 for evacuation
[98.741s][info][gc,phases      ] GC(611)   Pre Evacuate Collection Set: 0.1ms
[98.741s][info][gc,phases      ] GC(611)   Merge Heap Roots: 0.1ms
[98.741s][info][gc,phases      ] GC(611)   Evacuate Collection Set: 0.9ms
[98.741s][info][gc,phases      ] GC(611)   Post Evacuate Collection Set: 0.3ms
[98.741s][info][gc,phases      ] GC(611)   Other: 0.1ms
[98.741s][info][gc,heap        ] GC(611) Eden regions: 186->0(186)
[98.741s][info][gc,heap        ] GC(611) Survivor regions: 2->2(24)
[98.741s][info][gc,heap        ] GC(611) Old regions: 24->24
[98.741s][info][gc,heap        ] GC(611) Archive regions: 0->0
[98.741s][info][gc,heap        ] GC(611) Humongous regions: 0->0
[98.741s][info][gc,metaspace   ] GC(611) Metaspace: 16748K(17408K)->16748K(17408K) NonClass: 14328K(14720K)->14328K(14720K) Class: 2420K(2688K)->2420K(2688K)
[98.741s][info][gc             ] GC(611) Pause Young (Normal) (G1 Evacuation Pause) 208M->22M(314M) 1.601ms
[98.741s][info][gc,cpu         ] GC(611) User=0.00s Sys=0.00s Real=0.00s
[98.761s][info][gc,start       ] GC(612) Pause Young (Concurrent Start) (G1 Evacuation Pause)
[98.761s][info][gc,task        ] GC(612) Using 7 workers of 33 for evacuation
[98.763s][info][gc,phases      ] GC(612)   Pre Evacuate Collection Set: 0.2ms
[98.763s][info][gc,phases      ] GC(612)   Merge Heap Roots: 0.1ms
[98.763s][info][gc,phases      ] GC(612)   Evacuate Collection Set: 0.9ms
[98.763s][info][gc,phases      ] GC(612)   Post Evacuate Collection Set: 0.3ms
[98.763s][info][gc,phases      ] GC(612)   Other: 0.1ms
[98.763s][info][gc,heap        ] GC(612) Eden regions: 186->0(186)
[98.763s][info][gc,heap        ] GC(612) Survivor regions: 2->2(24)
[98.763s][info][gc,heap        ] GC(612) Old regions: 24->24
[98.763s][info][gc,heap        ] GC(612) Archive regions: 0->0
[98.763s][info][gc,heap        ] GC(612) Humongous regions: 0->0
[98.763s][info][gc,metaspace   ] GC(612) Metaspace: 16748K(17408K)->16748K(17408K) NonClass: 14328K(14720K)->14328K(14720K) Class: 2420K(2688K)->2420K(2688K)
[98.763s][info][gc             ] GC(612) Pause Young (Concurrent Start) (G1 Evacuation Pause) 208M->22M(314M) 1.792ms
[98.763s][info][gc             ] GC(613) Concurrent Mark Cycle
[98.763s][info][gc,cpu         ] GC(612) User=0.00s Sys=0.00s Real=0.00s
[98.763s][info][gc,marking     ] GC(613) Concurrent Scan Root Regions
[98.765s][info][gc,marking     ] GC(613) Concurrent Scan Root Regions 1.858ms
[98.765s][info][gc,marking     ] GC(613) Concurrent Mark
[98.765s][info][gc,marking     ] GC(613) Concurrent Mark From Roots
[98.765s][info][gc,task        ] GC(613) Using 8 workers of 8 for marking
[98.772s][info][gc,marking     ] GC(613) Concurrent Mark From Roots 6.757ms
[98.772s][info][gc,marking     ] GC(613) Concurrent Preclean
[98.772s][info][gc,marking     ] GC(613) Concurrent Preclean 0.048ms
[98.772s][info][gc,start       ] GC(613) Pause Remark
[98.773s][info][gc             ] GC(613) Pause Remark 100M->100M(314M) 0.703ms
[98.773s][info][gc,cpu         ] GC(613) User=0.00s Sys=0.00s Real=0.00s
[98.773s][info][gc,marking     ] GC(613) Concurrent Mark 7.963ms
[98.773s][info][gc,marking     ] GC(613) Concurrent Rebuild Remembered Sets and Scrub Regions
[98.776s][info][gc,marking     ] GC(613) Concurrent Rebuild Remembered Sets and Scrub Regions 2.934ms
[98.776s][info][gc,start       ] GC(613) Pause Cleanup
[98.776s][info][gc             ] GC(613) Pause Cleanup 128M->128M(314M) 0.103ms
[98.776s][info][gc,cpu         ] GC(613) User=0.00s Sys=0.00s Real=0.00s
[98.776s][info][gc,marking     ] GC(613) Concurrent Clear Claimed Marks
[98.776s][info][gc,marking     ] GC(613) Concurrent Clear Claimed Marks 0.080ms
[98.776s][info][gc,marking     ] GC(613) Concurrent Cleanup for Next Mark
[98.777s][info][gc,marking     ] GC(613) Concurrent Cleanup for Next Mark 0.785ms
[98.777s][info][gc             ] GC(613) Concurrent Mark Cycle 14.280ms
[98.785s][info][gc,start       ] GC(614) Pause Young (Prepare Mixed) (G1 Evacuation Pause)
[98.785s][info][gc,task        ] GC(614) Using 7 workers of 33 for evacuation
[98.786s][info][gc,phases      ] GC(614)   Pre Evacuate Collection Set: 0.1ms
[98.787s][info][gc,phases      ] GC(614)   Merge Heap Roots: 0.1ms
[98.787s][info][gc,phases      ] GC(614)   Evacuate Collection Set: 0.8ms
[98.787s][info][gc,phases      ] GC(614)   Post Evacuate Collection Set: 0.3ms
[98.787s][info][gc,phases      ] GC(614)   Other: 0.1ms
[98.787s][info][gc,heap        ] GC(614) Eden regions: 186->0(186)
[98.787s][info][gc,heap        ] GC(614) Survivor regions: 2->2(24)
[98.787s][info][gc,heap        ] GC(614) Old regions: 24->24
[98.787s][info][gc,heap        ] GC(614) Archive regions: 0->0
[98.787s][info][gc,heap        ] GC(614) Humongous regions: 0->0
[98.787s][info][gc,metaspace   ] GC(614) Metaspace: 16748K(17408K)->16748K(17408K) NonClass: 14328K(14720K)->14328K(14720K) Class: 2420K(2688K)->2420K(2688K)
[98.787s][info][gc             ] GC(614) Pause Young (Prepare Mixed) (G1 Evacuation Pause) 208M->22M(314M) 1.517ms
[98.787s][info][gc,cpu         ] GC(614) User=0.00s Sys=0.00s Real=0.00s
[98.806s][info][gc,start       ] GC(615) Pause Young (Mixed) (G1 Evacuation Pause)
[98.806s][info][gc,task        ] GC(615) Using 7 workers of 33 for evacuation
[98.808s][info][gc,phases      ] GC(615)   Pre Evacuate Collection Set: 0.1ms
[98.808s][info][gc,phases      ] GC(615)   Merge Heap Roots: 0.1ms
[98.808s][info][gc,phases      ] GC(615)   Evacuate Collection Set: 0.9ms
[98.808s][info][gc,phases      ] GC(615)   Post Evacuate Collection Set: 0.3ms
[98.808s][info][gc,phases      ] GC(615)   Other: 0.1ms
[98.808s][info][gc,heap        ] GC(615) Eden regions: 186->0(186)
[98.808s][info][gc,heap        ] GC(615) Survivor regions: 2->2(24)
[98.808s][info][gc,heap        ] GC(615) Old regions: 24->23
[98.808s][info][gc,heap        ] GC(615) Archive regions: 0->0
[98.808s][info][gc,heap        ] GC(615) Humongous regions: 0->0
[98.808s][info][gc,metaspace   ] GC(615) Metaspace: 16748K(17408K)->16748K(17408K) NonClass: 14328K(14720K)->14328K(14720K) Class: 2420K(2688K)->2420K(2688K)
[98.808s][info][gc             ] GC(615) Pause Young (Mixed) (G1 Evacuation Pause) 208M->22M(314M) 1.638ms
[98.808s][info][gc,cpu         ] GC(615) User=0.00s Sys=0.00s Real=0.00s
[98.828s][info][gc,start       ] GC(616) Pause Young (Concurrent Start) (G1 Evacuation Pause)
[98.828s][info][gc,task        ] GC(616) Using 7 workers of 33 for evacuation
[98.830s][info][gc,phases      ] GC(616)   Pre Evacuate Collection Set: 0.2ms
[98.830s][info][gc,phases      ] GC(616)   Merge Heap Roots: 0.1ms
[98.830s][info][gc,phases      ] GC(616)   Evacuate Collection Set: 0.8ms
[98.830s][info][gc,phases      ] GC(616)   Post Evacuate Collection Set: 0.3ms
[98.830s][info][gc,phases      ] GC(616)   Other: 0.1ms
[98.830s][info][gc,heap        ] GC(616) Eden regions: 186->0(186)
[98.830s][info][gc,heap        ] GC(616) Survivor regions: 2->2(24)
[98.830s][info][gc,heap        ] GC(616) Old regions: 23->23
[98.830s][info][gc,heap        ] GC(616) Archive regions: 0->0
[98.830s][info][gc,heap        ] GC(616) Humongous regions: 0->0
[98.830s][info][gc,metaspace   ] GC(616) Metaspace: 16748K(17408K)->16748K(17408K) NonClass: 14328K(14720K)->14328K(14720K) Class: 2420K(2688K)->2420K(2688K)
[98.830s][info][gc             ] GC(616) Pause Young (Concurrent Start) (G1 Evacuation Pause) 208M->22M(314M) 1.672ms
[98.830s][info][gc             ] GC(617) Concurrent Mark Cycle
[98.830s][info][gc,cpu         ] GC(616) User=0.00s Sys=0.00s Real=0.00s
[98.830s][info][gc,marking     ] GC(617) Concurrent Scan Root Regions
[98.832s][info][gc,marking     ] GC(617) Concurrent Scan Root Regions 1.862ms
[98.832s][info][gc,marking     ] GC(617) Concurrent Mark
[98.832s][info][gc,marking     ] GC(617) Concurrent Mark From Roots
[98.832s][info][gc,task        ] GC(617) Using 8 workers of 8 for marking
[98.838s][info][gc,marking     ] GC(617) Concurrent Mark From Roots 6.487ms
[98.838s][info][gc,marking     ] GC(617) Concurrent Preclean
[98.838s][info][gc,marking     ] GC(617) Concurrent Preclean 0.053ms
[98.839s][info][gc,start       ] GC(617) Pause Remark
[98.839s][info][gc             ] GC(617) Pause Remark 98M->98M(314M) 0.701ms
[98.839s][info][gc,cpu         ] GC(617) User=0.00s Sys=0.00s Real=0.00s
[98.839s][info][gc,marking     ] GC(617) Concurrent Mark 7.696ms
[98.840s][info][gc,marking     ] GC(617) Concurrent Rebuild Remembered Sets and Scrub Regions
[98.842s][info][gc,marking     ] GC(617) Concurrent Rebuild Remembered Sets and Scrub Regions 2.896ms
[98.843s][info][gc,start       ] GC(617) Pause Cleanup
[98.843s][info][gc             ] GC(617) Pause Cleanup 126M->126M(314M) 0.099ms
[98.843s][info][gc,cpu         ] GC(617) User=0.00s Sys=0.00s Real=0.00s
[98.843s][info][gc,marking     ] GC(617) Concurrent Clear Claimed Marks
[98.843s][info][gc,marking     ] GC(617) Concurrent Clear Claimed Marks 0.073ms
[98.843s][info][gc,marking     ] GC(617) Concurrent Cleanup for Next Mark
[98.844s][info][gc,marking     ] GC(617) Concurrent Cleanup for Next Mark 0.632ms
[98.844s][info][gc             ] GC(617) Concurrent Mark Cycle 13.812ms
[98.852s][info][gc,start       ] GC(618) Pause Young (Prepare Mixed) (G1 Evacuation Pause)
[98.852s][info][gc,task        ] GC(618) Using 7 workers of 33 for evacuation
[98.853s][info][gc,phases      ] GC(618)   Pre Evacuate Collection Set: 0.1ms
[98.853s][info][gc,phases      ] GC(618)   Merge Heap Roots: 0.1ms
[98.853s][info][gc,phases      ] GC(618)   Evacuate Collection Set: 0.8ms
[98.853s][info][gc,phases      ] GC(618)   Post Evacuate Collection Set: 0.3ms
[98.853s][info][gc,phases      ] GC(618)   Other: 0.1ms
[98.853s][info][gc,heap        ] GC(618) Eden regions: 186->0(186)
[98.853s][info][gc,heap        ] GC(618) Survivor regions: 2->2(24)
[98.853s][info][gc,heap        ] GC(618) Old regions: 23->23
[98.853s][info][gc,heap        ] GC(618) Archive regions: 0->0
[98.853s][info][gc,heap        ] GC(618) Humongous regions: 0->0
[98.853s][info][gc,metaspace   ] GC(618) Metaspace: 16748K(17408K)->16748K(17408K) NonClass: 14328K(14720K)->14328K(14720K) Class: 2420K(2688K)->2420K(2688K)
[98.853s][info][gc             ] GC(618) Pause Young (Prepare Mixed) (G1 Evacuation Pause) 208M->22M(314M) 1.603ms
[98.853s][info][gc,cpu         ] GC(618) User=0.00s Sys=0.00s Real=0.00s
[98.874s][info][gc,start       ] GC(619) Pause Young (Mixed) (G1 Evacuation Pause)
[98.874s][info][gc,task        ] GC(619) Using 7 workers of 33 for evacuation
[98.875s][info][gc,phases      ] GC(619)   Pre Evacuate Collection Set: 0.1ms
[98.875s][info][gc,phases      ] GC(619)   Merge Heap Roots: 0.1ms
[98.875s][info][gc,phases      ] GC(619)   Evacuate Collection Set: 0.9ms
[98.875s][info][gc,phases      ] GC(619)   Post Evacuate Collection Set: 0.3ms
[98.875s][info][gc,phases      ] GC(619)   Other: 0.1ms
[98.875s][info][gc,heap        ] GC(619) Eden regions: 186->0(186)
[98.875s][info][gc,heap        ] GC(619) Survivor regions: 2->2(24)
[98.875s][info][gc,heap        ] GC(619) Old regions: 23->23
[98.875s][info][gc,heap        ] GC(619) Archive regions: 0->0
[98.875s][info][gc,heap        ] GC(619) Humongous regions: 0->0
[98.875s][info][gc,metaspace   ] GC(619) Metaspace: 16748K(17408K)->16748K(17408K) NonClass: 14328K(14720K)->14328K(14720K) Class: 2420K(2688K)->2420K(2688K)
[98.875s][info][gc             ] GC(619) Pause Young (Mixed) (G1 Evacuation Pause) 208M->21M(314M) 1.682ms
[98.875s][info][gc,cpu         ] GC(619) User=0.00s Sys=0.00s Real=0.00s
[98.896s][info][gc,start       ] GC(620) Pause Young (Concurrent Start) (G1 Evacuation Pause)
[98.896s][info][gc,task        ] GC(620) Using 7 workers of 33 for evacuation
[98.897s][info][gc,phases      ] GC(620)   Pre Evacuate Collection Set: 0.2ms
[98.897s][info][gc,phases      ] GC(620)   Merge Heap Roots: 0.1ms
[98.897s][info][gc,phases      ] GC(620)   Evacuate Collection Set: 0.9ms
[98.897s][info][gc,phases      ] GC(620)   Post Evacuate Collection Set: 0.3ms
[98.897s][info][gc,phases      ] GC(620)   Other: 0.1ms
[98.897s][info][gc,heap        ] GC(620) Eden regions: 186->0(186)
[98.897s][info][gc,heap        ] GC(620) Survivor regions: 2->2(24)
[98.897s][info][gc,heap        ] GC(620) Old regions: 23->23
[98.897s][info][gc,heap        ] GC(620) Archive regions: 0->0
[98.897s][info][gc,heap        ] GC(620) Humongous regions: 0->0
[98.897s][info][gc,metaspace   ] GC(620) Metaspace: 16748K(17408K)->16748K(17408K) NonClass: 14328K(14720K)->14328K(14720K) Class: 2420K(2688K)->2420K(2688K)
[98.897s][info][gc             ] GC(620) Pause Young (Concurrent Start) (G1 Evacuation Pause) 207M->21M(314M) 1.688ms
[98.897s][info][gc             ] GC(621) Concurrent Mark Cycle
[98.897s][info][gc,cpu         ] GC(620) User=0.00s Sys=0.00s Real=0.00s
[98.897s][info][gc,marking     ] GC(621) Concurrent Scan Root Regions
[98.899s][info][gc,marking     ] GC(621) Concurrent Scan Root Regions 1.700ms
[98.899s][info][gc,marking     ] GC(621) Concurrent Mark
[98.899s][info][gc,marking     ] GC(621) Concurrent Mark From Roots
[98.899s][info][gc,task        ] GC(621) Using 8 workers of 8 for marking
[98.905s][info][gc,marking     ] GC(621) Concurrent Mark From Roots 6.247ms
[98.905s][info][gc,marking     ] GC(621) Concurrent Preclean
[98.905s][info][gc,marking     ] GC(621) Concurrent Preclean 0.064ms
[98.906s][info][gc,start       ] GC(621) Pause Remark
[98.906s][info][gc             ] GC(621) Pause Remark 95M->95M(314M) 0.696ms
[98.906s][info][gc,cpu         ] GC(621) User=0.00s Sys=0.00s Real=0.00s
[98.907s][info][gc,marking     ] GC(621) Concurrent Mark 7.452ms
[98.907s][info][gc,marking     ] GC(621) Concurrent Rebuild Remembered Sets and Scrub Regions
[98.909s][info][gc,marking     ] GC(621) Concurrent Rebuild Remembered Sets and Scrub Regions 2.650ms
[98.909s][info][gc,start       ] GC(621) Pause Cleanup
[98.909s][info][gc             ] GC(621) Pause Cleanup 119M->119M(314M) 0.103ms
[98.909s][info][gc,cpu         ] GC(621) User=0.00s Sys=0.00s Real=0.00s
[98.910s][info][gc,marking     ] GC(621) Concurrent Clear Claimed Marks
[98.910s][info][gc,marking     ] GC(621) Concurrent Clear Claimed Marks 0.108ms
[98.910s][info][gc,marking     ] GC(621) Concurrent Cleanup for Next Mark
[98.910s][info][gc,marking     ] GC(621) Concurrent Cleanup for Next Mark 0.658ms
[98.910s][info][gc             ] GC(621) Concurrent Mark Cycle 13.175ms
[98.919s][info][gc,start       ] GC(622) Pause Young (Prepare Mixed) (G1 Evacuation Pause)
[98.919s][info][gc,task        ] GC(622) Using 7 workers of 33 for evacuation
[98.921s][info][gc,phases      ] GC(622)   Pre Evacuate Collection Set: 0.1ms
[98.921s][info][gc,phases      ] GC(622)   Merge Heap Roots: 0.1ms
[98.921s][info][gc,phases      ] GC(622)   Evacuate Collection Set: 0.8ms
[98.921s][info][gc,phases      ] GC(622)   Post Evacuate Collection Set: 0.3ms
[98.921s][info][gc,phases      ] GC(622)   Other: 0.1ms
[98.921s][info][gc,heap        ] GC(622) Eden regions: 186->0(186)
[98.921s][info][gc,heap        ] GC(622) Survivor regions: 2->2(24)
[98.921s][info][gc,heap        ] GC(622) Old regions: 23->23
[98.921s][info][gc,heap        ] GC(622) Archive regions: 0->0
[98.921s][info][gc,heap        ] GC(622) Humongous regions: 0->0
[98.921s][info][gc,metaspace   ] GC(622) Metaspace: 16748K(17408K)->16748K(17408K) NonClass: 14328K(14720K)->14328K(14720K) Class: 2420K(2688K)->2420K(2688K)
[98.921s][info][gc             ] GC(622) Pause Young (Prepare Mixed) (G1 Evacuation Pause) 207M->21M(314M) 1.553ms
[98.921s][info][gc,cpu         ] GC(622) User=0.00s Sys=0.00s Real=0.00s
[98.941s][info][gc,start       ] GC(623) Pause Young (Mixed) (G1 Evacuation Pause)
[98.941s][info][gc,task        ] GC(623) Using 7 workers of 33 for evacuation
[98.943s][info][gc,phases      ] GC(623)   Pre Evacuate Collection Set: 0.1ms
[98.943s][info][gc,phases      ] GC(623)   Merge Heap Roots: 0.1ms
[98.943s][info][gc,phases      ] GC(623)   Evacuate Collection Set: 0.8ms
[98.943s][info][gc,phases      ] GC(623)   Post Evacuate Collection Set: 0.4ms
[98.943s][info][gc,phases      ] GC(623)   Other: 0.1ms
[98.943s][info][gc,heap        ] GC(623) Eden regions: 186->0(191)
[98.943s][info][gc,heap        ] GC(623) Survivor regions: 2->2(24)
[98.943s][info][gc,heap        ] GC(623) Old regions: 23->22
[98.943s][info][gc,heap        ] GC(623) Archive regions: 0->0
[98.943s][info][gc,heap        ] GC(623) Humongous regions: 0->0
[98.943s][info][gc,metaspace   ] GC(623) Metaspace: 16748K(17408K)->16748K(17408K) NonClass: 14328K(14720K)->14328K(14720K) Class: 2420K(2688K)->2420K(2688K)
[98.943s][info][gc             ] GC(623) Pause Young (Mixed) (G1 Evacuation Pause) 207M->21M(322M) 1.650ms
[98.943s][info][gc,cpu         ] GC(623) User=0.00s Sys=0.00s Real=0.00s
[98.968s][info][gc,start       ] GC(624) Pause Young (Concurrent Start) (G1 Evacuation Pause)
[98.968s][info][gc,task        ] GC(624) Using 7 workers of 33 for evacuation
[98.969s][info][gc,phases      ] GC(624)   Pre Evacuate Collection Set: 0.2ms
[98.969s][info][gc,phases      ] GC(624)   Merge Heap Roots: 0.1ms
[98.969s][info][gc,phases      ] GC(624)   Evacuate Collection Set: 0.7ms
[98.969s][info][gc,phases      ] GC(624)   Post Evacuate Collection Set: 0.3ms
[98.969s][info][gc,phases      ] GC(624)   Other: 0.1ms
[98.969s][info][gc,heap        ] GC(624) Eden regions: 191->0(191)
[98.969s][info][gc,heap        ] GC(624) Survivor regions: 2->2(25)
[98.969s][info][gc,heap        ] GC(624) Old regions: 22->22
[98.969s][info][gc,heap        ] GC(624) Archive regions: 0->0
[98.969s][info][gc,heap        ] GC(624) Humongous regions: 0->0
[98.969s][info][gc,metaspace   ] GC(624) Metaspace: 16748K(17408K)->16748K(17408K) NonClass: 14328K(14720K)->14328K(14720K) Class: 2420K(2688K)->2420K(2688K)
[98.969s][info][gc             ] GC(624) Pause Young (Concurrent Start) (G1 Evacuation Pause) 212M->20M(322M) 1.629ms
[98.969s][info][gc             ] GC(625) Concurrent Mark Cycle
[98.969s][info][gc,cpu         ] GC(624) User=0.00s Sys=0.00s Real=0.00s
[98.969s][info][gc,marking     ] GC(625) Concurrent Scan Root Regions
[98.971s][info][gc,marking     ] GC(625) Concurrent Scan Root Regions 1.726ms
[98.971s][info][gc,marking     ] GC(625) Concurrent Mark
[98.971s][info][gc,marking     ] GC(625) Concurrent Mark From Roots
[98.971s][info][gc,task        ] GC(625) Using 8 workers of 8 for marking
[98.977s][info][gc,marking     ] GC(625) Concurrent Mark From Roots 6.091ms
[98.977s][info][gc,marking     ] GC(625) Concurrent Preclean
[98.977s][info][gc,marking     ] GC(625) Concurrent Preclean 0.055ms
[98.977s][info][gc,start       ] GC(625) Pause Remark
[98.978s][info][gc             ] GC(625) Pause Remark 89M->89M(310M) 0.705ms
[98.978s][info][gc,cpu         ] GC(625) User=0.00s Sys=0.00s Real=0.00s
[98.978s][info][gc,marking     ] GC(625) Concurrent Mark 7.201ms
[98.978s][info][gc,marking     ] GC(625) Concurrent Rebuild Remembered Sets and Scrub Regions
[98.981s][info][gc,marking     ] GC(625) Concurrent Rebuild Remembered Sets and Scrub Regions 2.560ms
[98.981s][info][gc,start       ] GC(625) Pause Cleanup
[98.981s][info][gc             ] GC(625) Pause Cleanup 111M->111M(310M) 0.089ms
[98.981s][info][gc,cpu         ] GC(625) User=0.00s Sys=0.00s Real=0.00s
[98.981s][info][gc,marking     ] GC(625) Concurrent Clear Claimed Marks
[98.981s][info][gc,marking     ] GC(625) Concurrent Clear Claimed Marks 0.030ms
[98.981s][info][gc,marking     ] GC(625) Concurrent Cleanup for Next Mark
[98.982s][info][gc,marking     ] GC(625) Concurrent Cleanup for Next Mark 0.649ms
[98.982s][info][gc             ] GC(625) Concurrent Mark Cycle 12.728ms
[98.995s][info][gc,start       ] GC(626) Pause Young (Prepare Mixed) (G1 Evacuation Pause)
[98.995s][info][gc,task        ] GC(626) Using 7 workers of 33 for evacuation
[98.996s][info][gc,phases      ] GC(626)   Pre Evacuate Collection Set: 0.1ms
[98.996s][info][gc,phases      ] GC(626)   Merge Heap Roots: 0.1ms
[98.996s][info][gc,phases      ] GC(626)   Evacuate Collection Set: 0.8ms
[98.996s][info][gc,phases      ] GC(626)   Post Evacuate Collection Set: 0.3ms
[98.996s][info][gc,phases      ] GC(626)   Other: 0.1ms
[98.996s][info][gc,heap        ] GC(626) Eden regions: 191->0(184)
[98.996s][info][gc,heap        ] GC(626) Survivor regions: 2->2(25)
[98.996s][info][gc,heap        ] GC(626) Old regions: 22->22
[98.996s][info][gc,heap        ] GC(626) Archive regions: 0->0
[98.996s][info][gc,heap        ] GC(626) Humongous regions: 0->0
[98.996s][info][gc,metaspace   ] GC(626) Metaspace: 16748K(17408K)->16748K(17408K) NonClass: 14328K(14720K)->14328K(14720K) Class: 2420K(2688K)->2420K(2688K)
[98.996s][info][gc             ] GC(626) Pause Young (Prepare Mixed) (G1 Evacuation Pause) 211M->20M(310M) 1.510ms
[98.996s][info][gc,cpu         ] GC(626) User=0.00s Sys=0.00s Real=0.00s
[99.017s][info][gc,start       ] GC(627) Pause Young (Mixed) (G1 Evacuation Pause)
[99.017s][info][gc,task        ] GC(627) Using 7 workers of 33 for evacuation
[99.019s][info][gc,phases      ] GC(627)   Pre Evacuate Collection Set: 0.1ms
[99.019s][info][gc,phases      ] GC(627)   Merge Heap Roots: 0.1ms
[99.019s][info][gc,phases      ] GC(627)   Evacuate Collection Set: 0.6ms
[99.019s][info][gc,phases      ] GC(627)   Post Evacuate Collection Set: 0.3ms
[99.019s][info][gc,phases      ] GC(627)   Other: 0.1ms
[99.019s][info][gc,heap        ] GC(627) Eden regions: 184->0(185)
[99.019s][info][gc,heap        ] GC(627) Survivor regions: 2->1(24)
[99.019s][info][gc,heap        ] GC(627) Old regions: 22->22
[99.019s][info][gc,heap        ] GC(627) Archive regions: 0->0
[99.019s][info][gc,heap        ] GC(627) Humongous regions: 0->0
[99.019s][info][gc,metaspace   ] GC(627) Metaspace: 16748K(17408K)->16748K(17408K) NonClass: 14328K(14720K)->14328K(14720K) Class: 2420K(2688K)->2420K(2688K)
[99.019s][info][gc             ] GC(627) Pause Young (Mixed) (G1 Evacuation Pause) 204M->20M(310M) 1.363ms
[99.019s][info][gc,cpu         ] GC(627) User=0.00s Sys=0.00s Real=0.00s
[99.031s][info][gc,start       ] GC(628) Pause Young (Concurrent Start) (G1 Humongous Allocation)
[99.031s][info][gc,task        ] GC(628) Using 7 workers of 33 for evacuation
[99.031s][info][gc,phases      ] GC(628)   Pre Evacuate Collection Set: 0.2ms
[99.031s][info][gc,phases      ] GC(628)   Merge Heap Roots: 0.0ms
[99.031s][info][gc,phases      ] GC(628)   Evacuate Collection Set: 0.3ms
[99.031s][info][gc,phases      ] GC(628)   Post Evacuate Collection Set: 0.3ms
[99.031s][info][gc,phases      ] GC(628)   Other: 0.1ms
[99.031s][info][gc,heap        ] GC(628) Eden regions: 90->0(185)
[99.031s][info][gc,heap        ] GC(628) Survivor regions: 1->1(24)
[99.031s][info][gc,heap        ] GC(628) Old regions: 22->22
[99.031s][info][gc,heap        ] GC(628) Archive regions: 0->0
[99.031s][info][gc,heap        ] GC(628) Humongous regions: 0->0
[99.032s][info][gc,metaspace   ] GC(628) Metaspace: 16748K(17408K)->16748K(17408K) NonClass: 14328K(14720K)->14328K(14720K) Class: 2420K(2688K)->2420K(2688K)
[99.032s][info][gc             ] GC(628) Pause Young (Concurrent Start) (G1 Humongous Allocation) 109M->19M(310M) 0.986ms
[99.032s][info][gc             ] GC(629) Concurrent Mark Cycle
[99.032s][info][gc,cpu         ] GC(628) User=0.00s Sys=0.00s Real=0.00s
[99.032s][info][gc,marking     ] GC(629) Concurrent Scan Root Regions
[99.032s][info][gc,marking     ] GC(629) Concurrent Scan Root Regions 0.211ms
[99.032s][info][gc,marking     ] GC(629) Concurrent Mark
[99.032s][info][gc,marking     ] GC(629) Concurrent Mark From Roots
[99.032s][info][gc,task        ] GC(629) Using 8 workers of 8 for marking
[99.035s][info][gc,marking     ] GC(629) Concurrent Mark From Roots 2.975ms
[99.035s][info][gc,marking     ] GC(629) Concurrent Preclean
[99.035s][info][gc,marking     ] GC(629) Concurrent Preclean 0.021ms
[99.035s][info][gc,start       ] GC(629) Pause Remark
[99.036s][info][gc             ] GC(629) Pause Remark 22M->22M(90M) 0.660ms
[99.036s][info][gc,cpu         ] GC(629) User=0.00s Sys=0.00s Real=0.00s
[99.036s][info][gc,marking     ] GC(629) Concurrent Mark 3.809ms
[99.036s][info][gc,marking     ] GC(629) Concurrent Rebuild Remembered Sets and Scrub Regions
[99.038s][info][gc,marking     ] GC(629) Concurrent Rebuild Remembered Sets and Scrub Regions 2.199ms
[99.038s][info][gc,start       ] GC(629) Pause Cleanup
[99.038s][info][gc             ] GC(629) Pause Cleanup 24M->24M(90M) 0.070ms
[99.038s][info][gc,cpu         ] GC(629) User=0.00s Sys=0.00s Real=0.00s
[99.038s][info][gc,marking     ] GC(629) Concurrent Clear Claimed Marks
[99.038s][info][gc,marking     ] GC(629) Concurrent Clear Claimed Marks 0.015ms
[99.038s][info][gc,marking     ] GC(629) Concurrent Cleanup for Next Mark
[99.038s][info][gc,marking     ] GC(629) Concurrent Cleanup for Next Mark 0.121ms
[99.038s][info][gc             ] GC(629) Concurrent Mark Cycle 6.615ms
[99.103s][info][gc,start       ] GC(630) Pause Young (Prepare Mixed) (G1 Evacuation Pause)
[99.103s][info][gc,task        ] GC(630) Using 4 workers of 33 for evacuation
[99.143s][info][gc,phases      ] GC(630)   Pre Evacuate Collection Set: 0.1ms
[99.143s][info][gc,phases      ] GC(630)   Merge Heap Roots: 0.1ms
[99.143s][info][gc,phases      ] GC(630)   Evacuate Collection Set: 39.7ms
[99.143s][info][gc,phases      ] GC(630)   Post Evacuate Collection Set: 0.6ms
[99.143s][info][gc,phases      ] GC(630)   Other: 0.1ms
[99.143s][info][gc,heap        ] GC(630) Eden regions: 53->0(30)
[99.143s][info][gc,heap        ] GC(630) Survivor regions: 1->7(7)
[99.143s][info][gc,heap        ] GC(630) Old regions: 22->51
[99.143s][info][gc,heap        ] GC(630) Archive regions: 0->0
[99.143s][info][gc,heap        ] GC(630) Humongous regions: 1->1
[99.144s][info][gc,metaspace   ] GC(630) Metaspace: 16748K(17408K)->16748K(17408K) NonClass: 14328K(14720K)->14328K(14720K) Class: 2420K(2688K)->2420K(2688K)
[99.144s][info][gc             ] GC(630) Pause Young (Prepare Mixed) (G1 Evacuation Pause) 73M->55M(113M) 41.076ms
[99.144s][info][gc,cpu         ] GC(630) User=0.13s Sys=0.00s Real=0.03s
[99.187s][info][gc,start       ] GC(631) Pause Young (Mixed) (G1 Evacuation Pause)
[99.187s][info][gc,task        ] GC(631) Using 3 workers of 33 for evacuation
[99.227s][info][gc,phases      ] GC(631)   Pre Evacuate Collection Set: 0.1ms
[99.227s][info][gc,phases      ] GC(631)   Merge Heap Roots: 0.6ms
[99.227s][info][gc,phases      ] GC(631)   Evacuate Collection Set: 38.5ms
[99.227s][info][gc,phases      ] GC(631)   Post Evacuate Collection Set: 0.6ms
[99.227s][info][gc,phases      ] GC(631)   Other: 0.1ms
[99.227s][info][gc,heap        ] GC(631) Eden regions: 30->0(17)
[99.227s][info][gc,heap        ] GC(631) Survivor regions: 7->5(5)
[99.227s][info][gc,heap        ] GC(631) Old regions: 51->71
[99.227s][info][gc,heap        ] GC(631) Archive regions: 0->0
[99.227s][info][gc,heap        ] GC(631) Humongous regions: 1->1
[99.227s][info][gc,metaspace   ] GC(631) Metaspace: 16748K(17408K)->16748K(17408K) NonClass: 14328K(14720K)->14328K(14720K) Class: 2420K(2688K)->2420K(2688K)
[99.227s][info][gc             ] GC(631) Pause Young (Mixed) (G1 Evacuation Pause) 85M->75M(115M) 40.404ms
[99.227s][info][gc,cpu         ] GC(631) User=0.14s Sys=0.00s Real=0.05s
[99.256s][info][gc,start       ] GC(632) Pause Young (Concurrent Start) (G1 Evacuation Pause)
[99.256s][info][gc,task        ] GC(632) Using 2 workers of 33 for evacuation
[99.302s][info][gc,phases      ] GC(632)   Pre Evacuate Collection Set: 0.2ms
[99.303s][info][gc,phases      ] GC(632)   Merge Heap Roots: 0.7ms
[99.303s][info][gc,phases      ] GC(632)   Evacuate Collection Set: 44.7ms
[99.303s][info][gc,phases      ] GC(632)   Post Evacuate Collection Set: 0.9ms
[99.303s][info][gc,phases      ] GC(632)   Other: 0.1ms
[99.303s][info][gc,heap        ] GC(632) Eden regions: 17->0(11)
[99.303s][info][gc,heap        ] GC(632) Survivor regions: 5->3(3)
[99.303s][info][gc,heap        ] GC(632) Old regions: 71->85
[99.303s][info][gc,heap        ] GC(632) Archive regions: 0->0
[99.303s][info][gc,heap        ] GC(632) Humongous regions: 1->1
[99.303s][info][gc,metaspace   ] GC(632) Metaspace: 16748K(17408K)->16748K(17408K) NonClass: 14328K(14720K)->14328K(14720K) Class: 2420K(2688K)->2420K(2688K)
[99.303s][info][gc             ] GC(632) Pause Young (Concurrent Start) (G1 Evacuation Pause) 92M->86M(115M) 47.124ms
[99.303s][info][gc             ] GC(633) Concurrent Mark Cycle
[99.303s][info][gc,cpu         ] GC(632) User=0.09s Sys=0.00s Real=0.05s
[99.303s][info][gc,marking     ] GC(633) Concurrent Scan Root Regions
[99.308s][info][gc,marking     ] GC(633) Concurrent Scan Root Regions 5.283ms
[99.308s][info][gc,marking     ] GC(633) Concurrent Mark
[99.308s][info][gc,marking     ] GC(633) Concurrent Mark From Roots
[99.308s][info][gc,task        ] GC(633) Using 8 workers of 8 for marking
[99.328s][info][gc,start       ] GC(634) Pause Young (Normal) (G1 Evacuation Pause)
[99.328s][info][gc,task        ] GC(634) Using 2 workers of 33 for evacuation
[99.360s][info][gc,phases      ] GC(634)   Pre Evacuate Collection Set: 0.1ms
[99.360s][info][gc,phases      ] GC(634)   Merge Heap Roots: 0.5ms
[99.360s][info][gc,phases      ] GC(634)   Evacuate Collection Set: 27.6ms
[99.360s][info][gc,phases      ] GC(634)   Post Evacuate Collection Set: 3.5ms
[99.360s][info][gc,phases      ] GC(634)   Other: 0.1ms
[99.360s][info][gc,heap        ] GC(634) Eden regions: 11->0(96)
[99.360s][info][gc,heap        ] GC(634) Survivor regions: 3->2(2)
[99.360s][info][gc,heap        ] GC(634) Old regions: 85->93
[99.360s][info][gc,heap        ] GC(634) Archive regions: 0->0
[99.360s][info][gc,heap        ] GC(634) Humongous regions: 1->1
[99.360s][info][gc,metaspace   ] GC(634) Metaspace: 16748K(17408K)->16748K(17408K) NonClass: 14328K(14720K)->14328K(14720K) Class: 2420K(2688K)->2420K(2688K)
[99.360s][info][gc             ] GC(634) Pause Young (Normal) (G1 Evacuation Pause) 97M->93M(314M) 32.172ms
[99.360s][info][gc,cpu         ] GC(634) User=0.06s Sys=0.00s Real=0.03s
[99.381s][info][gc,marking     ] GC(633) Concurrent Mark From Roots 72.452ms
[99.381s][info][gc,marking     ] GC(633) Concurrent Preclean
[99.381s][info][gc,marking     ] GC(633) Concurrent Preclean 0.056ms
[99.381s][info][gc,start       ] GC(633) Pause Remark
[99.383s][info][gc             ] GC(633) Pause Remark 102M->102M(314M) 2.331ms
[99.383s][info][gc,cpu         ] GC(633) User=0.00s Sys=0.00s Real=0.00s
[99.383s][info][gc,marking     ] GC(633) Concurrent Mark 75.109ms
[99.383s][info][gc,marking     ] GC(633) Concurrent Rebuild Remembered Sets and Scrub Regions
[99.405s][info][gc,marking     ] GC(633) Concurrent Rebuild Remembered Sets and Scrub Regions 21.265ms
[99.405s][info][gc,start       ] GC(633) Pause Cleanup
[99.405s][info][gc             ] GC(633) Pause Cleanup 117M->117M(314M) 0.167ms
[99.405s][info][gc,cpu         ] GC(633) User=0.00s Sys=0.00s Real=0.00s
[99.405s][info][gc,marking     ] GC(633) Concurrent Clear Claimed Marks
[99.405s][info][gc,marking     ] GC(633) Concurrent Clear Claimed Marks 0.071ms
[99.405s][info][gc,marking     ] GC(633) Concurrent Cleanup for Next Mark
[99.406s][info][gc,marking     ] GC(633) Concurrent Cleanup for Next Mark 0.851ms
[99.406s][info][gc             ] GC(633) Concurrent Mark Cycle 103.210ms
[99.499s][info][gc,start       ] GC(635) Pause Young (Prepare Mixed) (G1 Evacuation Pause)
[99.499s][info][gc,task        ] GC(635) Using 7 workers of 33 for evacuation
[99.546s][info][gc,phases      ] GC(635)   Pre Evacuate Collection Set: 0.1ms
[99.546s][info][gc,phases      ] GC(635)   Merge Heap Roots: 0.6ms
[99.546s][info][gc,phases      ] GC(635)   Evacuate Collection Set: 45.9ms
[99.546s][info][gc,phases      ] GC(635)   Post Evacuate Collection Set: 0.3ms
[99.546s][info][gc,phases      ] GC(635)   Other: 0.1ms
[99.546s][info][gc,heap        ] GC(635) Eden regions: 96->0(66)
[99.546s][info][gc,heap        ] GC(635) Survivor regions: 2->13(13)
[99.546s][info][gc,heap        ] GC(635) Old regions: 93->143
[99.546s][info][gc,heap        ] GC(635) Archive regions: 0->0
[99.546s][info][gc,heap        ] GC(635) Humongous regions: 1->1
[99.546s][info][gc,metaspace   ] GC(635) Metaspace: 16748K(17408K)->16748K(17408K) NonClass: 14328K(14720K)->14328K(14720K) Class: 2420K(2688K)->2420K(2688K)
[99.546s][info][gc             ] GC(635) Pause Young (Prepare Mixed) (G1 Evacuation Pause) 189M->155M(314M) 47.572ms
[99.547s][info][gc,cpu         ] GC(635) User=0.33s Sys=0.00s Real=0.05s
[99.628s][info][gc,start       ] GC(636) Pause Young (Mixed) (G1 Evacuation Pause)
[99.628s][info][gc,task        ] GC(636) Using 7 workers of 33 for evacuation
[99.669s][info][gc,phases      ] GC(636)   Pre Evacuate Collection Set: 0.1ms
[99.669s][info][gc,phases      ] GC(636)   Merge Heap Roots: 0.2ms
[99.669s][info][gc,phases      ] GC(636)   Evacuate Collection Set: 40.7ms
[99.669s][info][gc,phases      ] GC(636)   Post Evacuate Collection Set: 0.3ms
[99.669s][info][gc,phases      ] GC(636)   Other: 0.1ms
[99.669s][info][gc,heap        ] GC(636) Eden regions: 66->0(45)
[99.669s][info][gc,heap        ] GC(636) Survivor regions: 13->10(10)
[99.669s][info][gc,heap        ] GC(636) Old regions: 143->191
[99.669s][info][gc,heap        ] GC(636) Archive regions: 0->0
[99.669s][info][gc,heap        ] GC(636) Humongous regions: 1->1
[99.670s][info][gc,metaspace   ] GC(636) Metaspace: 16748K(17408K)->16748K(17408K) NonClass: 14328K(14720K)->14328K(14720K) Class: 2420K(2688K)->2420K(2688K)
[99.670s][info][gc             ] GC(636) Pause Young (Mixed) (G1 Evacuation Pause) 221M->199M(314M) 41.941ms
[99.670s][info][gc,cpu         ] GC(636) User=0.33s Sys=0.00s Real=0.05s
[99.729s][info][gc,start       ] GC(637) Pause Young (Concurrent Start) (G1 Evacuation Pause)
[99.741s][info][gc,task        ] GC(637) Using 7 workers of 33 for evacuation
[99.770s][info][gc,phases      ] GC(637)   Pre Evacuate Collection Set: 0.2ms
[99.770s][info][gc,phases      ] GC(637)   Merge Heap Roots: 0.2ms
[99.770s][info][gc,phases      ] GC(637)   Evacuate Collection Set: 27.8ms
[99.770s][info][gc,phases      ] GC(637)   Post Evacuate Collection Set: 0.3ms
[99.770s][info][gc,phases      ] GC(637)   Other: 0.2ms
[99.770s][info][gc,heap        ] GC(637) Eden regions: 45->0(31)
[99.770s][info][gc,heap        ] GC(637) Survivor regions: 10->7(7)
[99.770s][info][gc,heap        ] GC(637) Old regions: 191->226
[99.770s][info][gc,heap        ] GC(637) Archive regions: 0->0
[99.770s][info][gc,heap        ] GC(637) Humongous regions: 1->1
[99.770s][info][gc,metaspace   ] GC(637) Metaspace: 16748K(17408K)->16748K(17408K) NonClass: 14328K(14720K)->14328K(14720K) Class: 2420K(2688K)->2420K(2688K)
[99.770s][info][gc             ] GC(637) Pause Young (Concurrent Start) (G1 Evacuation Pause) 244M->231M(314M) 41.199ms
[99.770s][info][gc             ] GC(638) Concurrent Mark Cycle
[99.770s][info][gc,cpu         ] GC(637) User=0.17s Sys=0.05s Real=0.05s
[99.770s][info][gc,marking     ] GC(638) Concurrent Scan Root Regions
[99.777s][info][gc,marking     ] GC(638) Concurrent Scan Root Regions 6.798ms
[99.777s][info][gc,marking     ] GC(638) Concurrent Mark
[99.777s][info][gc,marking     ] GC(638) Concurrent Mark From Roots
[99.777s][info][gc,task        ] GC(638) Using 8 workers of 8 for marking
[99.810s][info][gc,start       ] GC(639) Pause Young (Normal) (G1 Evacuation Pause)
[99.810s][info][gc,task        ] GC(639) Using 7 workers of 33 for evacuation
[99.822s][info][gc,phases      ] GC(639)   Pre Evacuate Collection Set: 0.1ms
[99.822s][info][gc,phases      ] GC(639)   Merge Heap Roots: 0.1ms
[99.822s][info][gc,phases      ] GC(639)   Evacuate Collection Set: 11.9ms
[99.822s][info][gc,phases      ] GC(639)   Post Evacuate Collection Set: 0.2ms
[99.822s][info][gc,phases      ] GC(639)   Other: 0.1ms
[99.822s][info][gc,heap        ] GC(639) Eden regions: 31->0(22)
[99.822s][info][gc,heap        ] GC(639) Survivor regions: 7->5(5)
[99.822s][info][gc,heap        ] GC(639) Old regions: 226->250
[99.822s][info][gc,heap        ] GC(639) Archive regions: 0->0
[99.822s][info][gc,heap        ] GC(639) Humongous regions: 1->1
[99.822s][info][gc,metaspace   ] GC(639) Metaspace: 16748K(17408K)->16748K(17408K) NonClass: 14328K(14720K)->14328K(14720K) Class: 2420K(2688K)->2420K(2688K)
[99.823s][info][gc             ] GC(639) Pause Young (Normal) (G1 Evacuation Pause) 262M->253M(314M) 12.992ms
[99.823s][info][gc,cpu         ] GC(639) User=0.11s Sys=0.00s Real=0.02s
[99.848s][info][gc,start       ] GC(640) Pause Young (Normal) (G1 Evacuation Pause)
[99.848s][info][gc,task        ] GC(640) Using 7 workers of 33 for evacuation
[99.858s][info][gc,phases      ] GC(640)   Pre Evacuate Collection Set: 0.1ms
[99.858s][info][gc,phases      ] GC(640)   Merge Heap Roots: 0.1ms
[99.858s][info][gc,phases      ] GC(640)   Evacuate Collection Set: 9.1ms
[99.858s][info][gc,phases      ] GC(640)   Post Evacuate Collection Set: 0.6ms
[99.858s][info][gc,phases      ] GC(640)   Other: 0.1ms
[99.858s][info][gc,heap        ] GC(640) Eden regions: 22->0(43)
[99.858s][info][gc,heap        ] GC(640) Survivor regions: 5->4(4)
[99.858s][info][gc,heap        ] GC(640) Old regions: 250->267
[99.858s][info][gc,heap        ] GC(640) Archive regions: 0->0
[99.858s][info][gc,heap        ] GC(640) Humongous regions: 1->1
[99.858s][info][gc,metaspace   ] GC(640) Metaspace: 16748K(17408K)->16748K(17408K) NonClass: 14328K(14720K)->14328K(14720K) Class: 2420K(2688K)->2420K(2688K)
[99.859s][info][gc             ] GC(640) Pause Young (Normal) (G1 Evacuation Pause) 275M->269M(381M) 10.204ms
[99.859s][info][gc,cpu         ] GC(640) User=0.00s Sys=0.00s Real=0.00s
[99.861s][info][gc,marking     ] GC(638) Concurrent Mark From Roots 83.380ms
[99.861s][info][gc,marking     ] GC(638) Concurrent Preclean
[99.861s][info][gc,marking     ] GC(638) Concurrent Preclean 0.055ms
[99.861s][info][gc,start       ] GC(638) Pause Remark
[99.862s][info][gc             ] GC(638) Pause Remark 271M->271M(457M) 1.419ms
[99.862s][info][gc,cpu         ] GC(638) User=0.00s Sys=0.02s Real=0.02s
[99.862s][info][gc,marking     ] GC(638) Concurrent Mark 85.072ms
[99.862s][info][gc,marking     ] GC(638) Concurrent Rebuild Remembered Sets and Scrub Regions
[99.890s][info][gc,marking     ] GC(638) Concurrent Rebuild Remembered Sets and Scrub Regions 27.852ms
[99.890s][info][gc,start       ] GC(638) Pause Cleanup
[99.891s][info][gc             ] GC(638) Pause Cleanup 292M->292M(457M) 0.185ms
[99.891s][info][gc,cpu         ] GC(638) User=0.00s Sys=0.00s Real=0.00s
[99.891s][info][gc,marking     ] GC(638) Concurrent Clear Claimed Marks
[99.891s][info][gc,marking     ] GC(638) Concurrent Clear Claimed Marks 0.025ms
[99.891s][info][gc,marking     ] GC(638) Concurrent Cleanup for Next Mark
[99.892s][info][gc,marking     ] GC(638) Concurrent Cleanup for Next Mark 0.828ms
[99.892s][info][gc             ] GC(638) Concurrent Mark Cycle 121.085ms
[99.919s][info][gc,start       ] GC(641) Pause Young (Prepare Mixed) (G1 Evacuation Pause)
[99.919s][info][gc,task        ] GC(641) Using 10 workers of 33 for evacuation
[99.938s][info][gc,phases      ] GC(641)   Pre Evacuate Collection Set: 0.1ms
[99.938s][info][gc,phases      ] GC(641)   Merge Heap Roots: 0.2ms
[99.938s][info][gc,phases      ] GC(641)   Evacuate Collection Set: 18.1ms
[99.938s][info][gc,phases      ] GC(641)   Post Evacuate Collection Set: 0.3ms
[99.938s][info][gc,phases      ] GC(641)   Other: 0.1ms
[99.938s][info][gc,heap        ] GC(641) Eden regions: 43->0(61)
[99.938s][info][gc,heap        ] GC(641) Survivor regions: 4->6(6)
[99.938s][info][gc,heap        ] GC(641) Old regions: 267->294
[99.938s][info][gc,heap        ] GC(641) Archive regions: 0->0
[99.938s][info][gc,heap        ] GC(641) Humongous regions: 1->1
[99.938s][info][gc,metaspace   ] GC(641) Metaspace: 16748K(17408K)->16748K(17408K) NonClass: 14328K(14720K)->14328K(14720K) Class: 2420K(2688K)->2420K(2688K)
[99.939s][info][gc             ] GC(641) Pause Young (Prepare Mixed) (G1 Evacuation Pause) 312M->299M(457M) 19.245ms
[99.939s][info][gc,cpu         ] GC(641) User=0.16s Sys=0.00s Real=0.02s
[100.008s][info][gc,start       ] GC(642) Pause Young (Mixed) (G1 Evacuation Pause)
[100.008s][info][gc,task        ] GC(642) Using 10 workers of 33 for evacuation
[100.037s][info][gc,phases      ] GC(642)   Pre Evacuate Collection Set: 0.1ms
[100.037s][info][gc,phases      ] GC(642)   Merge Heap Roots: 0.2ms
[100.037s][info][gc,phases      ] GC(642)   Evacuate Collection Set: 28.1ms
[100.037s][info][gc,phases      ] GC(642)   Post Evacuate Collection Set: 0.3ms
[100.037s][info][gc,phases      ] GC(642)   Other: 0.1ms
[100.037s][info][gc,heap        ] GC(642) Eden regions: 61->0(44)
[100.037s][info][gc,heap        ] GC(642) Survivor regions: 6->9(9)
[100.037s][info][gc,heap        ] GC(642) Old regions: 294->333
[100.037s][info][gc,heap        ] GC(642) Archive regions: 0->0
[100.037s][info][gc,heap        ] GC(642) Humongous regions: 1->1
[100.037s][info][gc,metaspace   ] GC(642) Metaspace: 16748K(17408K)->16748K(17408K) NonClass: 14328K(14720K)->14328K(14720K) Class: 2420K(2688K)->2420K(2688K)
[100.037s][info][gc             ] GC(642) Pause Young (Mixed) (G1 Evacuation Pause) 360M->340M(457M) 29.340ms
[100.037s][info][gc,cpu         ] GC(642) User=0.30s Sys=0.02s Real=0.03s
[100.083s][info][gc,start       ] GC(643) Pause Young (Concurrent Start) (G1 Evacuation Pause)
[100.083s][info][gc,task        ] GC(643) Using 10 workers of 33 for evacuation
[100.108s][info][gc,phases      ] GC(643)   Pre Evacuate Collection Set: 0.2ms
[100.108s][info][gc,phases      ] GC(643)   Merge Heap Roots: 0.2ms
[100.108s][info][gc,phases      ] GC(643)   Evacuate Collection Set: 24.2ms
[100.108s][info][gc,phases      ] GC(643)   Post Evacuate Collection Set: 0.3ms
[100.108s][info][gc,phases      ] GC(643)   Other: 0.2ms
[100.108s][info][gc,heap        ] GC(643) Eden regions: 44->0(32)
[100.108s][info][gc,heap        ] GC(643) Survivor regions: 9->7(7)
[100.108s][info][gc,heap        ] GC(643) Old regions: 333->366
[100.109s][info][gc,heap        ] GC(643) Archive regions: 0->0
[100.109s][info][gc,heap        ] GC(643) Humongous regions: 1->1
[100.109s][info][gc,metaspace   ] GC(643) Metaspace: 16748K(17408K)->16748K(17408K) NonClass: 14328K(14720K)->14328K(14720K) Class: 2420K(2688K)->2420K(2688K)
[100.109s][info][gc             ] GC(643) Pause Young (Concurrent Start) (G1 Evacuation Pause) 384M->371M(457M) 25.653ms
[100.109s][info][gc             ] GC(644) Concurrent Mark Cycle
[100.109s][info][gc,cpu         ] GC(643) User=0.14s Sys=0.02s Real=0.02s
[100.109s][info][gc,marking     ] GC(644) Concurrent Scan Root Regions
[100.115s][info][gc,marking     ] GC(644) Concurrent Scan Root Regions 6.055ms
[100.115s][info][gc,marking     ] GC(644) Concurrent Mark
[100.115s][info][gc,marking     ] GC(644) Concurrent Mark From Roots
[100.115s][info][gc,task        ] GC(644) Using 8 workers of 8 for marking
[100.158s][info][gc,start       ] GC(645) Pause Young (Normal) (G1 Evacuation Pause)
[100.158s][info][gc,task        ] GC(645) Using 10 workers of 33 for evacuation
[100.169s][info][gc,phases      ] GC(645)   Pre Evacuate Collection Set: 0.1ms
[100.169s][info][gc,phases      ] GC(645)   Merge Heap Roots: 0.2ms
[100.169s][info][gc,phases      ] GC(645)   Evacuate Collection Set: 11.0ms
[100.169s][info][gc,phases      ] GC(645)   Post Evacuate Collection Set: 0.2ms
[100.169s][info][gc,phases      ] GC(645)   Other: 0.1ms
[100.169s][info][gc,heap        ] GC(645) Eden regions: 32->0(23)
[100.169s][info][gc,heap        ] GC(645) Survivor regions: 7->5(5)
[100.170s][info][gc,heap        ] GC(645) Old regions: 366->391
[100.170s][info][gc,heap        ] GC(645) Archive regions: 0->0
[100.170s][info][gc,heap        ] GC(645) Humongous regions: 1->1
[100.170s][info][gc,metaspace   ] GC(645) Metaspace: 16748K(17408K)->16748K(17408K) NonClass: 14328K(14720K)->14328K(14720K) Class: 2420K(2688K)->2420K(2688K)
[100.170s][info][gc             ] GC(645) Pause Young (Normal) (G1 Evacuation Pause) 403M->395M(457M) 11.754ms
[100.170s][info][gc,cpu         ] GC(645) User=0.14s Sys=0.02s Real=0.02s
[100.197s][info][gc,start       ] GC(646) Pause Young (Normal) (G1 Evacuation Pause)
[100.197s][info][gc,task        ] GC(646) Using 10 workers of 33 for evacuation
[100.205s][info][gc,phases      ] GC(646)   Pre Evacuate Collection Set: 0.1ms
[100.205s][info][gc,phases      ] GC(646)   Merge Heap Roots: 0.1ms
[100.205s][info][gc,phases      ] GC(646)   Evacuate Collection Set: 6.5ms
[100.205s][info][gc,phases      ] GC(646)   Post Evacuate Collection Set: 0.6ms
[100.205s][info][gc,phases      ] GC(646)   Other: 0.1ms
[100.205s][info][gc,heap        ] GC(646) Eden regions: 23->0(24)
[100.205s][info][gc,heap        ] GC(646) Survivor regions: 5->4(4)
[100.205s][info][gc,heap        ] GC(646) Old regions: 391->409
[100.205s][info][gc,heap        ] GC(646) Archive regions: 0->0
[100.205s][info][gc,heap        ] GC(646) Humongous regions: 1->1
[100.205s][info][gc,metaspace   ] GC(646) Metaspace: 16748K(17408K)->16748K(17408K) NonClass: 14328K(14720K)->14328K(14720K) Class: 2420K(2688K)->2420K(2688K)
[100.205s][info][gc             ] GC(646) Pause Young (Normal) (G1 Evacuation Pause) 418M->412M(477M) 7.936ms
[100.205s][info][gc,cpu         ] GC(646) User=0.00s Sys=0.00s Real=0.00s
[100.241s][info][gc,start       ] GC(647) Pause Young (Normal) (G1 Evacuation Pause)
[100.241s][info][gc,task        ] GC(647) Using 11 workers of 33 for evacuation
[100.248s][info][gc,phases      ] GC(647)   Pre Evacuate Collection Set: 0.1ms
[100.248s][info][gc,phases      ] GC(647)   Merge Heap Roots: 0.1ms
[100.248s][info][gc,phases      ] GC(647)   Evacuate Collection Set: 7.1ms
[100.248s][info][gc,phases      ] GC(647)   Post Evacuate Collection Set: 0.2ms
[100.248s][info][gc,phases      ] GC(647)   Other: 0.1ms
[100.248s][info][gc,heap        ] GC(647) Eden regions: 24->0(19)
[100.248s][info][gc,heap        ] GC(647) Survivor regions: 4->4(4)
[100.249s][info][gc,heap        ] GC(647) Old regions: 409->427
[100.249s][info][gc,heap        ] GC(647) Archive regions: 0->0
[100.249s][info][gc,heap        ] GC(647) Humongous regions: 1->1
[100.249s][info][gc,metaspace   ] GC(647) Metaspace: 16748K(17408K)->16748K(17408K) NonClass: 14328K(14720K)->14328K(14720K) Class: 2420K(2688K)->2420K(2688K)
[100.249s][info][gc             ] GC(647) Pause Young (Normal) (G1 Evacuation Pause) 436M->430M(477M) 7.799ms
[100.249s][info][gc,cpu         ] GC(647) User=0.00s Sys=0.00s Real=0.00s
[100.254s][info][gc,marking     ] GC(644) Concurrent Mark From Roots 138.832ms
[100.254s][info][gc,marking     ] GC(644) Concurrent Preclean
[100.254s][info][gc,marking     ] GC(644) Concurrent Preclean 0.028ms
[100.254s][info][gc,start       ] GC(644) Pause Remark
[100.255s][info][gc             ] GC(644) Pause Remark 434M->434M(512M) 0.907ms
[100.255s][info][gc,cpu         ] GC(644) User=0.00s Sys=0.00s Real=0.00s
[100.255s][info][gc,marking     ] GC(644) Concurrent Mark 139.970ms
[100.255s][info][gc,marking     ] GC(644) Concurrent Rebuild Remembered Sets and Scrub Regions
[100.276s][info][gc,start       ] GC(648) Pause Young (Normal) (G1 Evacuation Pause)
[100.276s][info][gc,task        ] GC(648) Using 12 workers of 33 for evacuation
[100.281s][info][gc,phases      ] GC(648)   Pre Evacuate Collection Set: 0.1ms
[100.281s][info][gc,phases      ] GC(648)   Merge Heap Roots: 0.1ms
[100.282s][info][gc,phases      ] GC(648)   Evacuate Collection Set: 5.1ms
[100.282s][info][gc,phases      ] GC(648)   Post Evacuate Collection Set: 0.2ms
[100.282s][info][gc,phases      ] GC(648)   Other: 0.1ms
[100.282s][info][gc,heap        ] GC(648) Eden regions: 19->0(25)
[100.282s][info][gc,heap        ] GC(648) Survivor regions: 4->3(3)
[100.282s][info][gc,heap        ] GC(648) Old regions: 427->442
[100.282s][info][gc,heap        ] GC(648) Archive regions: 0->0
[100.282s][info][gc,heap        ] GC(648) Humongous regions: 1->1
[100.282s][info][gc,metaspace   ] GC(648) Metaspace: 16748K(17408K)->16748K(17408K) NonClass: 14328K(14720K)->14328K(14720K) Class: 2420K(2688K)->2420K(2688K)
[100.282s][info][gc             ] GC(648) Pause Young (Normal) (G1 Evacuation Pause) 449M->444M(512M) 5.782ms
[100.282s][info][gc,cpu         ] GC(648) User=0.00s Sys=0.00s Real=0.00s
[100.299s][info][gc,marking     ] GC(644) Concurrent Rebuild Remembered Sets and Scrub Regions 43.826ms
[100.299s][info][gc,start       ] GC(644) Pause Cleanup
[100.299s][info][gc             ] GC(644) Pause Cleanup 455M->455M(512M) 0.221ms
[100.299s][info][gc,cpu         ] GC(644) User=0.00s Sys=0.00s Real=0.00s
[100.299s][info][gc,marking     ] GC(644) Concurrent Clear Claimed Marks
[100.299s][info][gc,marking     ] GC(644) Concurrent Clear Claimed Marks 0.022ms
[100.299s][info][gc,marking     ] GC(644) Concurrent Cleanup for Next Mark
[100.300s][info][gc,marking     ] GC(644) Concurrent Cleanup for Next Mark 0.420ms
[100.300s][info][gc             ] GC(644) Concurrent Mark Cycle 190.870ms
[100.316s][info][gc,start       ] GC(649) Pause Young (Prepare Mixed) (G1 Evacuation Pause)
[100.317s][info][gc,task        ] GC(649) Using 12 workers of 33 for evacuation
[100.326s][info][gc,phases      ] GC(649)   Pre Evacuate Collection Set: 0.1ms
[100.326s][info][gc,phases      ] GC(649)   Merge Heap Roots: 0.2ms
[100.327s][info][gc,phases      ] GC(649)   Evacuate Collection Set: 9.3ms
[100.327s][info][gc,phases      ] GC(649)   Post Evacuate Collection Set: 0.3ms
[100.327s][info][gc,phases      ] GC(649)   Other: 0.1ms
[100.327s][info][gc,heap        ] GC(649) Eden regions: 25->0(21)
[100.327s][info][gc,heap        ] GC(649) Survivor regions: 3->4(4)
[100.327s][info][gc,heap        ] GC(649) Old regions: 442->460
[100.327s][info][gc,heap        ] GC(649) Archive regions: 0->0
[100.327s][info][gc,heap        ] GC(649) Humongous regions: 1->1
[100.327s][info][gc,metaspace   ] GC(649) Metaspace: 16748K(17408K)->16748K(17408K) NonClass: 14328K(14720K)->14328K(14720K) Class: 2420K(2688K)->2420K(2688K)
[100.327s][info][gc             ] GC(649) Pause Young (Prepare Mixed) (G1 Evacuation Pause) 469M->462M(512M) 10.336ms
[100.327s][info][gc,cpu         ] GC(649) User=0.00s Sys=0.00s Real=0.00s
[100.349s][info][gc,start       ] GC(650) Pause Young (Mixed) (G1 Evacuation Pause)
[100.349s][info][gc,task        ] GC(650) Using 12 workers of 33 for evacuation
[100.360s][info][gc,phases      ] GC(650)   Pre Evacuate Collection Set: 0.1ms
[100.360s][info][gc,phases      ] GC(650)   Merge Heap Roots: 0.2ms
[100.360s][info][gc,phases      ] GC(650)   Evacuate Collection Set: 10.4ms
[100.360s][info][gc,phases      ] GC(650)   Post Evacuate Collection Set: 0.3ms
[100.360s][info][gc,phases      ] GC(650)   Other: 0.1ms
[100.360s][info][gc,heap        ] GC(650) Eden regions: 21->0(21)
[100.360s][info][gc,heap        ] GC(650) Survivor regions: 4->4(4)
[100.360s][info][gc,heap        ] GC(650) Old regions: 460->470
[100.361s][info][gc,heap        ] GC(650) Archive regions: 0->0
[100.361s][info][gc,heap        ] GC(650) Humongous regions: 1->1
[100.361s][info][gc,metaspace   ] GC(650) Metaspace: 16748K(17408K)->16748K(17408K) NonClass: 14328K(14720K)->14328K(14720K) Class: 2420K(2688K)->2420K(2688K)
[100.361s][info][gc             ] GC(650) Pause Young (Mixed) (G1 Evacuation Pause) 483M->473M(512M) 11.669ms
[100.361s][info][gc,cpu         ] GC(650) User=0.00s Sys=0.00s Real=0.00s
[100.367s][info][gc,start       ] GC(651) Pause Young (Concurrent Start) (G1 Humongous Allocation)
[100.367s][info][gc,task        ] GC(651) Using 12 workers of 33 for evacuation
[100.372s][info][gc,phases      ] GC(651)   Pre Evacuate Collection Set: 0.2ms
[100.372s][info][gc,phases      ] GC(651)   Merge Heap Roots: 0.2ms
[100.372s][info][gc,phases      ] GC(651)   Evacuate Collection Set: 4.3ms
[100.372s][info][gc,phases      ] GC(651)   Post Evacuate Collection Set: 0.3ms
[100.372s][info][gc,phases      ] GC(651)   Other: 0.1ms
[100.372s][info][gc,heap        ] GC(651) Eden regions: 6->0(21)
[100.372s][info][gc,heap        ] GC(651) Survivor regions: 4->4(4)
[100.372s][info][gc,heap        ] GC(651) Old regions: 470->475
[100.372s][info][gc,heap        ] GC(651) Archive regions: 0->0
[100.372s][info][gc,heap        ] GC(651) Humongous regions: 1->1
[100.372s][info][gc,metaspace   ] GC(651) Metaspace: 16748K(17408K)->16748K(17408K) NonClass: 14328K(14720K)->14328K(14720K) Class: 2420K(2688K)->2420K(2688K)
[100.372s][info][gc             ] GC(651) Pause Young (Concurrent Start) (G1 Humongous Allocation) 478M->478M(512M) 5.607ms
[100.372s][info][gc             ] GC(652) Concurrent Mark Cycle
[100.372s][info][gc,cpu         ] GC(651) User=0.00s Sys=0.00s Real=0.00s
[100.372s][info][gc,marking     ] GC(652) Concurrent Scan Root Regions
[100.375s][info][gc,marking     ] GC(652) Concurrent Scan Root Regions 2.642ms
[100.375s][info][gc,marking     ] GC(652) Concurrent Mark
[100.375s][info][gc,marking     ] GC(652) Concurrent Mark From Roots
[100.375s][info][gc,task        ] GC(652) Using 8 workers of 8 for marking
[100.457s][info][gc,start       ] GC(653) Pause Young (Normal) (G1 Evacuation Pause)
[100.457s][info][gc,task        ] GC(653) Using 12 workers of 33 for evacuation
[100.468s][info][gc,phases      ] GC(653)   Pre Evacuate Collection Set: 0.1ms
[100.468s][info][gc,phases      ] GC(653)   Merge Heap Roots: 0.9ms
[100.468s][info][gc,phases      ] GC(653)   Evacuate Collection Set: 10.4ms
[100.468s][info][gc,phases      ] GC(653)   Post Evacuate Collection Set: 0.2ms
[100.468s][info][gc,phases      ] GC(653)   Other: 0.1ms
[100.468s][info][gc,heap        ] GC(653) Eden regions: 21->0(21)
[100.468s][info][gc,heap        ] GC(653) Survivor regions: 4->4(4)
[100.468s][info][gc,heap        ] GC(653) Old regions: 475->479
[100.469s][info][gc,heap        ] GC(653) Archive regions: 0->0
[100.469s][info][gc,heap        ] GC(653) Humongous regions: 2->2
[100.469s][info][gc,metaspace   ] GC(653) Metaspace: 16748K(17408K)->16748K(17408K) NonClass: 14328K(14720K)->14328K(14720K) Class: 2420K(2688K)->2420K(2688K)
[100.469s][info][gc             ] GC(653) Pause Young (Normal) (G1 Evacuation Pause) 500M->483M(512M) 11.977ms
[100.469s][info][gc,cpu         ] GC(653) User=0.00s Sys=0.00s Real=0.00s
[100.543s][info][gc,start       ] GC(654) Pause Young (Normal) (G1 Evacuation Pause)
[100.543s][info][gc,task        ] GC(654) Using 12 workers of 33 for evacuation
[100.557s][info][gc,phases      ] GC(654)   Pre Evacuate Collection Set: 0.1ms
[100.557s][info][gc,phases      ] GC(654)   Merge Heap Roots: 0.9ms
[100.557s][info][gc,phases      ] GC(654)   Evacuate Collection Set: 11.9ms
[100.557s][info][gc,phases      ] GC(654)   Post Evacuate Collection Set: 0.3ms
[100.557s][info][gc,phases      ] GC(654)   Other: 0.1ms
[100.557s][info][gc,heap        ] GC(654) Eden regions: 21->0(17)
[100.557s][info][gc,heap        ] GC(654) Survivor regions: 4->4(4)
[100.557s][info][gc,heap        ] GC(654) Old regions: 479->485
[100.557s][info][gc,heap        ] GC(654) Archive regions: 0->0
[100.557s][info][gc,heap        ] GC(654) Humongous regions: 2->2
[100.557s][info][gc,metaspace   ] GC(654) Metaspace: 16748K(17408K)->16748K(17408K) NonClass: 14328K(14720K)->14328K(14720K) Class: 2420K(2688K)->2420K(2688K)
[100.557s][info][gc             ] GC(654) Pause Young (Normal) (G1 Evacuation Pause) (Evacuation Failure) 504M->489M(512M) 13.579ms
[100.557s][info][gc,cpu         ] GC(654) User=0.19s Sys=0.00s Real=0.02s
[100.568s][info][gc,marking     ] GC(652) Concurrent Mark From Roots 193.319ms
[100.569s][info][gc,marking     ] GC(652) Concurrent Preclean
[100.569s][info][gc,marking     ] GC(652) Concurrent Preclean 0.040ms
[100.569s][info][gc,start       ] GC(652) Pause Remark
[100.570s][info][gc             ] GC(652) Pause Remark 493M->493M(512M) 1.210ms
[100.570s][info][gc,cpu         ] GC(652) User=0.00s Sys=0.00s Real=0.00s
[100.570s][info][gc,marking     ] GC(652) Concurrent Mark 194.817ms
[100.570s][info][gc,marking     ] GC(652) Concurrent Rebuild Remembered Sets and Scrub Regions
[100.609s][info][gc,start       ] GC(655) Pause Young (Normal) (G1 Evacuation Pause)
[100.609s][info][gc,task        ] GC(655) Using 12 workers of 33 for evacuation
[100.621s][info][gc,phases      ] GC(655)   Pre Evacuate Collection Set: 0.1ms
[100.621s][info][gc,phases      ] GC(655)   Merge Heap Roots: 0.9ms
[100.621s][info][gc,phases      ] GC(655)   Evacuate Collection Set: 10.7ms
[100.621s][info][gc,phases      ] GC(655)   Post Evacuate Collection Set: 0.5ms
[100.621s][info][gc,phases      ] GC(655)   Other: 0.1ms
[100.621s][info][gc,heap        ] GC(655) Eden regions: 17->0(0)
[100.621s][info][gc,heap        ] GC(655) Survivor regions: 4->2(3)
[100.621s][info][gc,heap        ] GC(655) Old regions: 485->508
[100.621s][info][gc,heap        ] GC(655) Archive regions: 0->0
[100.621s][info][gc,heap        ] GC(655) Humongous regions: 2->2
[100.621s][info][gc,metaspace   ] GC(655) Metaspace: 16748K(17408K)->16748K(17408K) NonClass: 14328K(14720K)->14328K(14720K) Class: 2420K(2688K)->2420K(2688K)
[100.621s][info][gc             ] GC(655) Pause Young (Normal) (G1 Evacuation Pause) (Evacuation Failure) 506M->510M(512M) 12.634ms
[100.622s][info][gc,cpu         ] GC(655) User=0.19s Sys=0.00s Real=0.02s
[100.622s][info][gc,ergo        ] Attempting full compaction
[100.622s][info][gc,start       ] GC(656) Pause Full (G1 Compaction Pause)
[100.622s][info][gc,task        ] GC(656) Using 12 workers of 33 for full compaction
[100.622s][info][gc,phases,start] GC(656) Phase 1: Mark live objects
[100.763s][info][gc,phases      ] GC(656) Phase 1: Mark live objects 140.565ms
[100.763s][info][gc,phases,start] GC(656) Phase 2: Prepare compaction
[100.790s][info][gc,phases      ] GC(656) Phase 2: Prepare compaction 26.978ms
[100.790s][info][gc,phases,start] GC(656) Phase 3: Adjust pointers
[100.818s][info][gc,phases      ] GC(656) Phase 3: Adjust pointers 27.687ms
[100.818s][info][gc,phases,start] GC(656) Phase 4: Compact heap
[100.840s][info][gc,phases      ] GC(656) Phase 4: Compact heap 22.579ms
[100.845s][info][gc,heap        ] GC(656) Eden regions: 0->0(36)
[100.845s][info][gc,heap        ] GC(656) Survivor regions: 2->0(3)
[100.845s][info][gc,heap        ] GC(656) Old regions: 508->427
[100.845s][info][gc,heap        ] GC(656) Archive regions: 0->0
[100.845s][info][gc,heap        ] GC(656) Humongous regions: 2->2
[100.845s][info][gc,metaspace   ] GC(656) Metaspace: 16748K(17408K)->16748K(17408K) NonClass: 14328K(14720K)->14328K(14720K) Class: 2420K(2688K)->2420K(2688K)
[100.845s][info][gc             ] GC(656) Pause Full (G1 Compaction Pause) 510M->422M(512M) 223.524ms
[100.845s][info][gc,cpu         ] GC(656) User=2.42s Sys=0.05s Real=0.22s
[100.845s][info][gc,marking     ] GC(652) Concurrent Rebuild Remembered Sets and Scrub Regions 275.202ms
[100.845s][info][gc,marking     ] GC(652) Concurrent Mark Abort
[100.845s][info][gc             ] GC(652) Concurrent Mark Cycle 472.892ms
[100.918s][info][gc,start       ] GC(657) Pause Young (Normal) (G1 Evacuation Pause)
[100.919s][info][gc,task        ] GC(657) Using 12 workers of 33 for evacuation
[100.935s][info][gc,phases      ] GC(657)   Pre Evacuate Collection Set: 0.1ms
[100.936s][info][gc,phases      ] GC(657)   Merge Heap Roots: 1.6ms
[100.936s][info][gc,phases      ] GC(657)   Evacuate Collection Set: 14.7ms
[100.936s][info][gc,phases      ] GC(657)   Post Evacuate Collection Set: 0.3ms
[100.936s][info][gc,phases      ] GC(657)   Other: 0.1ms
[100.936s][info][gc,heap        ] GC(657) Eden regions: 36->0(38)
[100.936s][info][gc,heap        ] GC(657) Survivor regions: 0->3(5)
[100.936s][info][gc,heap        ] GC(657) Old regions: 427->427
[100.936s][info][gc,heap        ] GC(657) Archive regions: 0->0
[100.936s][info][gc,heap        ] GC(657) Humongous regions: 2->2
[100.936s][info][gc,metaspace   ] GC(657) Metaspace: 16748K(17408K)->16748K(17408K) NonClass: 14328K(14720K)->14328K(14720K) Class: 2420K(2688K)->2420K(2688K)
[100.936s][info][gc             ] GC(657) Pause Young (Normal) (G1 Evacuation Pause) 458M->424M(512M) 17.442ms
[100.936s][info][gc,cpu         ] GC(657) User=0.19s Sys=0.00s Real=0.02s
[108.552s][info][gc,start       ] GC(658) Pause Young (Concurrent Start) (G1 Evacuation Pause)
[108.553s][info][gc,task        ] GC(658) Using 12 workers of 33 for evacuation
[108.565s][info][gc,phases      ] GC(658)   Pre Evacuate Collection Set: 0.2ms
[108.565s][info][gc,phases      ] GC(658)   Merge Heap Roots: 0.3ms
[108.565s][info][gc,phases      ] GC(658)   Evacuate Collection Set: 11.6ms
[108.565s][info][gc,phases      ] GC(658)   Post Evacuate Collection Set: 0.6ms
[108.565s][info][gc,phases      ] GC(658)   Other: 0.1ms
[108.565s][info][gc,heap        ] GC(658) Eden regions: 38->0(33)
[108.565s][info][gc,heap        ] GC(658) Survivor regions: 3->6(6)
[108.565s][info][gc,heap        ] GC(658) Old regions: 427->436
[108.565s][info][gc,heap        ] GC(658) Archive regions: 0->0
[108.565s][info][gc,heap        ] GC(658) Humongous regions: 2->2
[108.565s][info][gc,metaspace   ] GC(658) Metaspace: 16748K(17408K)->16748K(17408K) NonClass: 14328K(14720K)->14328K(14720K) Class: 2420K(2688K)->2420K(2688K)
[108.565s][info][gc             ] GC(658) Pause Young (Concurrent Start) (G1 Evacuation Pause) 462M->436M(512M) 13.008ms
[108.565s][info][gc             ] GC(659) Concurrent Mark Cycle
[108.565s][info][gc,cpu         ] GC(658) User=0.19s Sys=0.00s Real=0.02s
[108.566s][info][gc,marking     ] GC(659) Concurrent Scan Root Regions
[108.571s][info][gc,marking     ] GC(659) Concurrent Scan Root Regions 5.912ms
[108.571s][info][gc,marking     ] GC(659) Concurrent Mark
[108.571s][info][gc,marking     ] GC(659) Concurrent Mark From Roots
[108.572s][info][gc,task        ] GC(659) Using 8 workers of 8 for marking
[108.598s][info][gc,marking     ] GC(659) Concurrent Mark From Roots 26.632ms
[108.598s][info][gc,marking     ] GC(659) Concurrent Preclean
[108.598s][info][gc,marking     ] GC(659) Concurrent Preclean 0.032ms
[108.598s][info][gc,start       ] GC(659) Pause Remark
[108.599s][info][gc             ] GC(659) Pause Remark 469M->259M(512M) 0.932ms
[108.599s][info][gc,cpu         ] GC(659) User=0.00s Sys=0.00s Real=0.00s
[108.599s][info][gc,marking     ] GC(659) Concurrent Mark 27.884ms
[108.599s][info][gc,marking     ] GC(659) Concurrent Rebuild Remembered Sets and Scrub Regions
[108.601s][info][gc,start       ] GC(660) Pause Young (Normal) (G1 Evacuation Pause)
[108.601s][info][gc,task        ] GC(660) Using 12 workers of 33 for evacuation
[108.608s][info][gc,phases      ] GC(660)   Pre Evacuate Collection Set: 0.1ms
[108.609s][info][gc,phases      ] GC(660)   Merge Heap Roots: 0.2ms
[108.609s][info][gc,phases      ] GC(660)   Evacuate Collection Set: 7.1ms
[108.609s][info][gc,phases      ] GC(660)   Post Evacuate Collection Set: 0.3ms
[108.609s][info][gc,phases      ] GC(660)   Other: 0.1ms
[108.609s][info][gc,heap        ] GC(660) Eden regions: 33->0(128)
[108.609s][info][gc,heap        ] GC(660) Survivor regions: 6->5(5)
[108.609s][info][gc,heap        ] GC(660) Old regions: 222->238
[108.609s][info][gc,heap        ] GC(660) Archive regions: 0->0
[108.609s][info][gc,heap        ] GC(660) Humongous regions: 1->1
[108.609s][info][gc,metaspace   ] GC(660) Metaspace: 16748K(17408K)->16748K(17408K) NonClass: 14328K(14720K)->14328K(14720K) Class: 2420K(2688K)->2420K(2688K)
[108.609s][info][gc             ] GC(660) Pause Young (Normal) (G1 Evacuation Pause) 260M->242M(512M) 8.258ms
[108.609s][info][gc,cpu         ] GC(660) User=0.00s Sys=0.00s Real=0.00s
[108.619s][info][gc,marking     ] GC(659) Concurrent Rebuild Remembered Sets and Scrub Regions 19.816ms
[108.619s][info][gc,start       ] GC(659) Pause Cleanup
[108.620s][info][gc             ] GC(659) Pause Cleanup 254M->254M(512M) 0.448ms
[108.620s][info][gc,cpu         ] GC(659) User=0.00s Sys=0.00s Real=0.00s
[108.620s][info][gc,marking     ] GC(659) Concurrent Clear Claimed Marks
[108.620s][info][gc,marking     ] GC(659) Concurrent Clear Claimed Marks 0.068ms
[108.620s][info][gc,marking     ] GC(659) Concurrent Cleanup for Next Mark
[108.620s][info][gc,marking     ] GC(659) Concurrent Cleanup for Next Mark 0.313ms
[108.620s][info][gc             ] GC(659) Concurrent Mark Cycle 54.879ms
[108.713s][info][gc,start       ] GC(661) Pause Young (Prepare Mixed) (G1 Evacuation Pause)
[108.714s][info][gc,task        ] GC(661) Using 12 workers of 33 for evacuation
[108.742s][info][gc,phases      ] GC(661)   Pre Evacuate Collection Set: 0.1ms
[108.742s][info][gc,phases      ] GC(661)   Merge Heap Roots: 0.3ms
[108.742s][info][gc,phases      ] GC(661)   Evacuate Collection Set: 27.2ms
[108.742s][info][gc,phases      ] GC(661)   Post Evacuate Collection Set: 0.3ms
[108.742s][info][gc,phases      ] GC(661)   Other: 0.1ms
[108.742s][info][gc,heap        ] GC(661) Eden regions: 128->0(102)
[108.742s][info][gc,heap        ] GC(661) Survivor regions: 5->17(17)
[108.742s][info][gc,heap        ] GC(661) Old regions: 238->281
[108.742s][info][gc,heap        ] GC(661) Archive regions: 0->0
[108.742s][info][gc,heap        ] GC(661) Humongous regions: 1->1
[108.742s][info][gc,metaspace   ] GC(661) Metaspace: 16748K(17408K)->16748K(17408K) NonClass: 14328K(14720K)->14328K(14720K) Class: 2420K(2688K)->2420K(2688K)
[108.742s][info][gc             ] GC(661) Pause Young (Prepare Mixed) (G1 Evacuation Pause) 370M->297M(512M) 28.605ms
[108.742s][info][gc,cpu         ] GC(661) User=0.38s Sys=0.00s Real=0.03s
[108.827s][info][gc,start       ] GC(662) Pause Young (Mixed) (G1 Evacuation Pause)
[108.827s][info][gc,task        ] GC(662) Using 12 workers of 33 for evacuation
[108.857s][info][gc,phases      ] GC(662)   Pre Evacuate Collection Set: 0.1ms
[108.857s][info][gc,phases      ] GC(662)   Merge Heap Roots: 0.2ms
[108.857s][info][gc,phases      ] GC(662)   Evacuate Collection Set: 29.6ms
[108.857s][info][gc,phases      ] GC(662)   Post Evacuate Collection Set: 0.3ms
[108.857s][info][gc,phases      ] GC(662)   Other: 0.1ms
[108.857s][info][gc,heap        ] GC(662) Eden regions: 102->0(106)
[108.858s][info][gc,heap        ] GC(662) Survivor regions: 17->15(15)
[108.858s][info][gc,heap        ] GC(662) Old regions: 281->276
[108.858s][info][gc,heap        ] GC(662) Archive regions: 0->0
[108.858s][info][gc,heap        ] GC(662) Humongous regions: 1->1
[108.858s][info][gc,metaspace   ] GC(662) Metaspace: 16748K(17408K)->16748K(17408K) NonClass: 14328K(14720K)->14328K(14720K) Class: 2420K(2688K)->2420K(2688K)
[108.858s][info][gc             ] GC(662) Pause Young (Mixed) (G1 Evacuation Pause) 399M->291M(512M) 30.722ms
[108.858s][info][gc,cpu         ] GC(662) User=0.38s Sys=0.00s Real=0.03s
[108.946s][info][gc,start       ] GC(663) Pause Young (Mixed) (G1 Evacuation Pause)
[108.946s][info][gc,task        ] GC(663) Using 12 workers of 33 for evacuation
[108.976s][info][gc,phases      ] GC(663)   Pre Evacuate Collection Set: 0.1ms
[108.976s][info][gc,phases      ] GC(663)   Merge Heap Roots: 0.1ms
[108.976s][info][gc,phases      ] GC(663)   Evacuate Collection Set: 29.1ms
[108.976s][info][gc,phases      ] GC(663)   Post Evacuate Collection Set: 0.4ms
[108.976s][info][gc,phases      ] GC(663)   Other: 0.2ms
[108.976s][info][gc,heap        ] GC(663) Eden regions: 106->0(108)
[108.976s][info][gc,heap        ] GC(663) Survivor regions: 15->16(16)
[108.976s][info][gc,heap        ] GC(663) Old regions: 276->271
[108.976s][info][gc,heap        ] GC(663) Archive regions: 0->0
[108.976s][info][gc,heap        ] GC(663) Humongous regions: 1->1
[108.976s][info][gc,metaspace   ] GC(663) Metaspace: 16748K(17408K)->16748K(17408K) NonClass: 14328K(14720K)->14328K(14720K) Class: 2420K(2688K)->2420K(2688K)
[108.977s][info][gc             ] GC(663) Pause Young (Mixed) (G1 Evacuation Pause) 397M->287M(512M) 30.380ms
[108.977s][info][gc,cpu         ] GC(663) User=0.38s Sys=0.00s Real=0.03s
[109.069s][info][gc,start       ] GC(664) Pause Young (Mixed) (G1 Evacuation Pause)
[109.069s][info][gc,task        ] GC(664) Using 12 workers of 33 for evacuation
[109.101s][info][gc,phases      ] GC(664)   Pre Evacuate Collection Set: 0.1ms
[109.101s][info][gc,phases      ] GC(664)   Merge Heap Roots: 0.2ms
[109.101s][info][gc,phases      ] GC(664)   Evacuate Collection Set: 30.8ms
[109.101s][info][gc,phases      ] GC(664)   Post Evacuate Collection Set: 0.3ms
[109.101s][info][gc,phases      ] GC(664)   Other: 0.1ms
[109.101s][info][gc,heap        ] GC(664) Eden regions: 108->0(101)
[109.101s][info][gc,heap        ] GC(664) Survivor regions: 16->16(16)
[109.101s][info][gc,heap        ] GC(664) Old regions: 271->288
[109.101s][info][gc,heap        ] GC(664) Archive regions: 0->0
[109.101s][info][gc,heap        ] GC(664) Humongous regions: 1->1
[109.101s][info][gc,metaspace   ] GC(664) Metaspace: 16748K(17408K)->16748K(17408K) NonClass: 14328K(14720K)->14328K(14720K) Class: 2420K(2688K)->2420K(2688K)
[109.101s][info][gc             ] GC(664) Pause Young (Mixed) (G1 Evacuation Pause) 395M->304M(512M) 31.797ms
[109.101s][info][gc,cpu         ] GC(664) User=0.38s Sys=0.00s Real=0.03s
[109.187s][info][gc,start       ] GC(665) Pause Young (Concurrent Start) (G1 Evacuation Pause)
[109.187s][info][gc,task        ] GC(665) Using 12 workers of 33 for evacuation
[109.215s][info][gc,phases      ] GC(665)   Pre Evacuate Collection Set: 0.2ms
[109.215s][info][gc,phases      ] GC(665)   Merge Heap Roots: 0.1ms
[109.215s][info][gc,phases      ] GC(665)   Evacuate Collection Set: 27.1ms
[109.215s][info][gc,phases      ] GC(665)   Post Evacuate Collection Set: 0.3ms
[109.215s][info][gc,phases      ] GC(665)   Other: 0.2ms
[109.215s][info][gc,heap        ] GC(665) Eden regions: 101->0(79)
[109.215s][info][gc,heap        ] GC(665) Survivor regions: 16->15(15)
[109.215s][info][gc,heap        ] GC(665) Old regions: 288->334
[109.215s][info][gc,heap        ] GC(665) Archive regions: 0->0
[109.215s][info][gc,heap        ] GC(665) Humongous regions: 1->1
[109.215s][info][gc,metaspace   ] GC(665) Metaspace: 16748K(17408K)->16748K(17408K) NonClass: 14328K(14720K)->14328K(14720K) Class: 2420K(2688K)->2420K(2688K)
[109.215s][info][gc             ] GC(665) Pause Young (Concurrent Start) (G1 Evacuation Pause) 405M->349M(512M) 28.287ms
[109.215s][info][gc             ] GC(666) Concurrent Mark Cycle
[109.215s][info][gc,cpu         ] GC(665) User=0.38s Sys=0.00s Real=0.03s
[109.215s][info][gc,marking     ] GC(666) Concurrent Scan Root Regions
[109.223s][info][gc,marking     ] GC(666) Concurrent Scan Root Regions 7.978ms
[109.223s][info][gc,marking     ] GC(666) Concurrent Mark
[109.223s][info][gc,marking     ] GC(666) Concurrent Mark From Roots
[109.223s][info][gc,task        ] GC(666) Using 8 workers of 8 for marking
[109.285s][info][gc,marking     ] GC(666) Concurrent Mark From Roots 62.247ms
[109.285s][info][gc,marking     ] GC(666) Concurrent Preclean
[109.285s][info][gc,marking     ] GC(666) Concurrent Preclean 0.034ms
[109.285s][info][gc,start       ] GC(666) Pause Remark
[109.286s][info][gc             ] GC(666) Pause Remark 418M->362M(512M) 1.048ms
[109.286s][info][gc,cpu         ] GC(666) User=0.00s Sys=0.00s Real=0.00s
[109.287s][info][gc,marking     ] GC(666) Concurrent Mark 63.633ms
[109.287s][info][gc,marking     ] GC(666) Concurrent Rebuild Remembered Sets and Scrub Regions
[109.296s][info][gc,start       ] GC(667) Pause Young (Normal) (G1 Evacuation Pause)
[109.296s][info][gc,task        ] GC(667) Using 12 workers of 33 for evacuation
[109.312s][info][gc,phases      ] GC(667)   Pre Evacuate Collection Set: 0.1ms
[109.312s][info][gc,phases      ] GC(667)   Merge Heap Roots: 0.1ms
[109.312s][info][gc,phases      ] GC(667)   Evacuate Collection Set: 15.3ms
[109.312s][info][gc,phases      ] GC(667)   Post Evacuate Collection Set: 0.3ms
[109.312s][info][gc,phases      ] GC(667)   Other: 0.1ms
[109.312s][info][gc,heap        ] GC(667) Eden regions: 79->0(89)
[109.312s][info][gc,heap        ] GC(667) Survivor regions: 15->12(12)
[109.312s][info][gc,heap        ] GC(667) Old regions: 279->318
[109.312s][info][gc,heap        ] GC(667) Archive regions: 0->0
[109.312s][info][gc,heap        ] GC(667) Humongous regions: 0->0
[109.312s][info][gc,metaspace   ] GC(667) Metaspace: 16748K(17408K)->16748K(17408K) NonClass: 14328K(14720K)->14328K(14720K) Class: 2420K(2688K)->2420K(2688K)
[109.312s][info][gc             ] GC(667) Pause Young (Normal) (G1 Evacuation Pause) 372M->329M(512M) 16.207ms
[109.312s][info][gc,cpu         ] GC(667) User=0.19s Sys=0.00s Real=0.02s
[109.400s][info][gc,start       ] GC(668) Pause Young (Normal) (G1 Evacuation Pause)
[109.400s][info][gc,task        ] GC(668) Using 12 workers of 33 for evacuation
[109.420s][info][gc,phases      ] GC(668)   Pre Evacuate Collection Set: 0.1ms
[109.420s][info][gc,phases      ] GC(668)   Merge Heap Roots: 0.3ms
[109.420s][info][gc,phases      ] GC(668)   Evacuate Collection Set: 19.1ms
[109.420s][info][gc,phases      ] GC(668)   Post Evacuate Collection Set: 0.4ms
[109.420s][info][gc,phases      ] GC(668)   Other: 0.1ms
[109.420s][info][gc,heap        ] GC(668) Eden regions: 89->0(69)
[109.420s][info][gc,heap        ] GC(668) Survivor regions: 12->13(13)
[109.420s][info][gc,heap        ] GC(668) Old regions: 318->358
[109.420s][info][gc,heap        ] GC(668) Archive regions: 0->0
[109.420s][info][gc,heap        ] GC(668) Humongous regions: 0->0
[109.420s][info][gc,metaspace   ] GC(668) Metaspace: 16748K(17408K)->16748K(17408K) NonClass: 14328K(14720K)->14328K(14720K) Class: 2420K(2688K)->2420K(2688K)
[109.420s][info][gc             ] GC(668) Pause Young (Normal) (G1 Evacuation Pause) 418M->370M(512M) 20.295ms
[109.420s][info][gc,cpu         ] GC(668) User=0.19s Sys=0.00s Real=0.02s
[109.431s][info][gc,marking     ] GC(666) Concurrent Rebuild Remembered Sets and Scrub Regions 144.240ms
[109.431s][info][gc,start       ] GC(666) Pause Cleanup
[109.431s][info][gc             ] GC(666) Pause Cleanup 382M->382M(512M) 0.363ms
[109.431s][info][gc,cpu         ] GC(666) User=0.00s Sys=0.00s Real=0.00s
[109.431s][info][gc,marking     ] GC(666) Concurrent Clear Claimed Marks
[109.431s][info][gc,marking     ] GC(666) Concurrent Clear Claimed Marks 0.037ms
[109.431s][info][gc,marking     ] GC(666) Concurrent Cleanup for Next Mark
[109.432s][info][gc,marking     ] GC(666) Concurrent Cleanup for Next Mark 0.296ms
[109.432s][info][gc             ] GC(666) Concurrent Mark Cycle 216.920ms
[109.485s][info][gc,start       ] GC(669) Pause Young (Prepare Mixed) (G1 Evacuation Pause)
[109.485s][info][gc,task        ] GC(669) Using 12 workers of 33 for evacuation
[109.516s][info][gc,phases      ] GC(669)   Pre Evacuate Collection Set: 0.1ms
[109.550s][info][gc,phases      ] GC(669)   Merge Heap Roots: 0.8ms
[109.550s][info][gc,phases      ] GC(669)   Evacuate Collection Set: 29.0ms
[109.550s][info][gc,phases      ] GC(669)   Post Evacuate Collection Set: 0.3ms
[109.550s][info][gc,phases      ] GC(669)   Other: 0.1ms
[109.550s][info][gc,heap        ] GC(669) Eden regions: 69->0(53)
[109.550s][info][gc,heap        ] GC(669) Survivor regions: 13->11(11)
[109.550s][info][gc,heap        ] GC(669) Old regions: 358->393
[109.550s][info][gc,heap        ] GC(669) Archive regions: 0->0
[109.550s][info][gc,heap        ] GC(669) Humongous regions: 0->0
[109.550s][info][gc,metaspace   ] GC(669) Metaspace: 16748K(17408K)->16748K(17408K) NonClass: 14328K(14720K)->14328K(14720K) Class: 2420K(2688K)->2420K(2688K)
[109.550s][info][gc             ] GC(669) Pause Young (Prepare Mixed) (G1 Evacuation Pause) 439M->403M(512M) 64.828ms
[109.550s][info][gc,cpu         ] GC(669) User=0.19s Sys=0.02s Real=0.06s
[109.608s][info][gc,start       ] GC(670) Pause Young (Mixed) (G1 Evacuation Pause)
[109.608s][info][gc,task        ] GC(670) Using 12 workers of 33 for evacuation
[109.628s][info][gc,phases      ] GC(670)   Pre Evacuate Collection Set: 0.1ms
[109.628s][info][gc,phases      ] GC(670)   Merge Heap Roots: 0.1ms
[109.628s][info][gc,phases      ] GC(670)   Evacuate Collection Set: 19.0ms
[109.628s][info][gc,phases      ] GC(670)   Post Evacuate Collection Set: 0.3ms
[109.628s][info][gc,phases      ] GC(670)   Other: 0.1ms
[109.628s][info][gc,heap        ] GC(670) Eden regions: 53->0(42)
[109.628s][info][gc,heap        ] GC(670) Survivor regions: 11->8(8)
[109.628s][info][gc,heap        ] GC(670) Old regions: 393->417
[109.628s][info][gc,heap        ] GC(670) Archive regions: 0->0
[109.628s][info][gc,heap        ] GC(670) Humongous regions: 0->0
[109.628s][info][gc,metaspace   ] GC(670) Metaspace: 16748K(17408K)->16748K(17408K) NonClass: 14328K(14720K)->14328K(14720K) Class: 2420K(2688K)->2420K(2688K)
[109.628s][info][gc             ] GC(670) Pause Young (Mixed) (G1 Evacuation Pause) 456M->424M(512M) 20.119ms
[109.628s][info][gc,cpu         ] GC(670) User=0.38s Sys=0.00s Real=0.03s
[109.664s][info][gc,start       ] GC(671) Pause Young (Concurrent Start) (G1 Evacuation Pause)
[109.664s][info][gc,task        ] GC(671) Using 12 workers of 33 for evacuation
[109.680s][info][gc,phases      ] GC(671)   Pre Evacuate Collection Set: 0.2ms
[109.680s][info][gc,phases      ] GC(671)   Merge Heap Roots: 0.1ms
[109.680s][info][gc,phases      ] GC(671)   Evacuate Collection Set: 14.7ms
[109.680s][info][gc,phases      ] GC(671)   Post Evacuate Collection Set: 0.3ms
[109.680s][info][gc,phases      ] GC(671)   Other: 0.1ms
[109.680s][info][gc,heap        ] GC(671) Eden regions: 42->0(31)
[109.680s][info][gc,heap        ] GC(671) Survivor regions: 8->7(7)
[109.680s][info][gc,heap        ] GC(671) Old regions: 417->440
[109.680s][info][gc,heap        ] GC(671) Archive regions: 0->0
[109.680s][info][gc,heap        ] GC(671) Humongous regions: 0->0
[109.680s][info][gc,metaspace   ] GC(671) Metaspace: 16748K(17408K)->16748K(17408K) NonClass: 14328K(14720K)->14328K(14720K) Class: 2420K(2688K)->2420K(2688K)
[109.680s][info][gc             ] GC(671) Pause Young (Concurrent Start) (G1 Evacuation Pause) 466M->446M(512M) 15.834ms
[109.680s][info][gc             ] GC(672) Concurrent Mark Cycle
[109.680s][info][gc,cpu         ] GC(671) User=0.19s Sys=0.00s Real=0.02s
[109.680s][info][gc,marking     ] GC(672) Concurrent Scan Root Regions
[109.688s][info][gc,marking     ] GC(672) Concurrent Scan Root Regions 7.871ms
[109.688s][info][gc,marking     ] GC(672) Concurrent Mark
[109.688s][info][gc,marking     ] GC(672) Concurrent Mark From Roots
[109.688s][info][gc,task        ] GC(672) Using 8 workers of 8 for marking
[109.713s][info][gc,start       ] GC(673) Pause Young (Normal) (G1 Evacuation Pause)
[109.713s][info][gc,task        ] GC(673) Using 12 workers of 33 for evacuation
[109.720s][info][gc,phases      ] GC(673)   Pre Evacuate Collection Set: 0.1ms
[109.720s][info][gc,phases      ] GC(673)   Merge Heap Roots: 0.1ms
[109.720s][info][gc,phases      ] GC(673)   Evacuate Collection Set: 6.7ms
[109.720s][info][gc,phases      ] GC(673)   Post Evacuate Collection Set: 0.3ms
[109.720s][info][gc,phases      ] GC(673)   Other: 0.1ms
[109.720s][info][gc,heap        ] GC(673) Eden regions: 31->0(20)
[109.720s][info][gc,heap        ] GC(673) Survivor regions: 7->5(5)
[109.720s][info][gc,heap        ] GC(673) Old regions: 440->458
[109.720s][info][gc,heap        ] GC(673) Archive regions: 0->0
[109.720s][info][gc,heap        ] GC(673) Humongous regions: 0->0
[109.720s][info][gc,metaspace   ] GC(673) Metaspace: 16748K(17408K)->16748K(17408K) NonClass: 14328K(14720K)->14328K(14720K) Class: 2420K(2688K)->2420K(2688K)
[109.720s][info][gc             ] GC(673) Pause Young (Normal) (G1 Evacuation Pause) 477M->462M(512M) 7.705ms
[109.720s][info][gc,cpu         ] GC(673) User=0.19s Sys=0.00s Real=0.02s
[109.753s][info][gc,start       ] GC(674) Pause Young (Normal) (G1 Evacuation Pause)
[109.753s][info][gc,task        ] GC(674) Using 12 workers of 33 for evacuation
[109.758s][info][gc,phases      ] GC(674)   Pre Evacuate Collection Set: 0.1ms
[109.758s][info][gc,phases      ] GC(674)   Merge Heap Roots: 0.0ms
[109.758s][info][gc,phases      ] GC(674)   Evacuate Collection Set: 4.6ms
[109.758s][info][gc,phases      ] GC(674)   Post Evacuate Collection Set: 0.2ms
[109.758s][info][gc,phases      ] GC(674)   Other: 0.1ms
[109.758s][info][gc,heap        ] GC(674) Eden regions: 20->0(21)
[109.758s][info][gc,heap        ] GC(674) Survivor regions: 5->4(4)
[109.758s][info][gc,heap        ] GC(674) Old regions: 458->470
[109.758s][info][gc,heap        ] GC(674) Archive regions: 0->0
[109.758s][info][gc,heap        ] GC(674) Humongous regions: 0->0
[109.758s][info][gc,metaspace   ] GC(674) Metaspace: 16748K(17408K)->16748K(17408K) NonClass: 14328K(14720K)->14328K(14720K) Class: 2420K(2688K)->2420K(2688K)
[109.759s][info][gc             ] GC(674) Pause Young (Normal) (G1 Evacuation Pause) 482M->473M(512M) 5.357ms
[109.759s][info][gc,cpu         ] GC(674) User=0.00s Sys=0.00s Real=0.00s
[109.780s][info][gc,start       ] GC(675) Pause Young (Normal) (G1 Evacuation Pause)
[109.780s][info][gc,task        ] GC(675) Using 12 workers of 33 for evacuation
[109.784s][info][gc,phases      ] GC(675)   Pre Evacuate Collection Set: 0.1ms
[109.784s][info][gc,phases      ] GC(675)   Merge Heap Roots: 0.0ms
[109.784s][info][gc,phases      ] GC(675)   Evacuate Collection Set: 4.1ms
[109.784s][info][gc,phases      ] GC(675)   Post Evacuate Collection Set: 0.2ms
[109.784s][info][gc,phases      ] GC(675)   Other: 0.1ms
[109.784s][info][gc,heap        ] GC(675) Eden regions: 21->0(21)
[109.784s][info][gc,heap        ] GC(675) Survivor regions: 4->4(4)
[109.784s][info][gc,heap        ] GC(675) Old regions: 470->481
[109.784s][info][gc,heap        ] GC(675) Archive regions: 0->0
[109.784s][info][gc,heap        ] GC(675) Humongous regions: 0->0
[109.784s][info][gc,metaspace   ] GC(675) Metaspace: 16748K(17408K)->16748K(17408K) NonClass: 14328K(14720K)->14328K(14720K) Class: 2420K(2688K)->2420K(2688K)
[109.784s][info][gc             ] GC(675) Pause Young (Normal) (G1 Evacuation Pause) 494M->484M(512M) 4.752ms
[109.784s][info][gc,cpu         ] GC(675) User=0.19s Sys=0.00s Real=0.02s
[109.836s][info][gc,marking     ] GC(672) Concurrent Mark From Roots 147.759ms
[109.836s][info][gc,marking     ] GC(672) Concurrent Preclean
[109.836s][info][gc,marking     ] GC(672) Concurrent Preclean 0.043ms
[109.836s][info][gc,start       ] GC(672) Pause Remark
[109.837s][info][gc             ] GC(672) Pause Remark 506M->506M(512M) 0.810ms
[109.837s][info][gc,cpu         ] GC(672) User=0.00s Sys=0.00s Real=0.00s
[109.837s][info][gc,marking     ] GC(672) Concurrent Mark 148.899ms
[109.837s][info][gc,marking     ] GC(672) Concurrent Rebuild Remembered Sets and Scrub Regions
[109.846s][info][gc,start       ] GC(676) Pause Young (Normal) (G1 Evacuation Pause)
[109.846s][info][gc,task        ] GC(676) Using 12 workers of 33 for evacuation
[109.855s][info][gc,phases      ] GC(676)   Pre Evacuate Collection Set: 0.1ms
[109.855s][info][gc,phases      ] GC(676)   Merge Heap Roots: 0.2ms
[109.855s][info][gc,phases      ] GC(676)   Evacuate Collection Set: 7.1ms
[109.855s][info][gc,phases      ] GC(676)   Post Evacuate Collection Set: 1.2ms
[109.855s][info][gc,phases      ] GC(676)   Other: 0.1ms
[109.855s][info][gc,heap        ] GC(676) Eden regions: 21->0(0)
[109.855s][info][gc,heap        ] GC(676) Survivor regions: 4->1(3)
[109.855s][info][gc,heap        ] GC(676) Old regions: 481->508
[109.855s][info][gc,heap        ] GC(676) Archive regions: 0->0
[109.855s][info][gc,heap        ] GC(676) Humongous regions: 3->3
[109.855s][info][gc,metaspace   ] GC(676) Metaspace: 16748K(17408K)->16748K(17408K) NonClass: 14328K(14720K)->14328K(14720K) Class: 2420K(2688K)->2420K(2688K)
[109.855s][info][gc             ] GC(676) Pause Young (Normal) (G1 Evacuation Pause) (Evacuation Failure) 508M->511M(512M) 9.222ms
[109.855s][info][gc,cpu         ] GC(676) User=0.00s Sys=0.00s Real=0.00s
[109.855s][info][gc,ergo        ] Attempting full compaction
[109.855s][info][gc,start       ] GC(677) Pause Full (G1 Compaction Pause)
[109.855s][info][gc,task        ] GC(677) Using 12 workers of 33 for full compaction
[109.856s][info][gc,phases,start] GC(677) Phase 1: Mark live objects
[109.967s][info][gc,phases      ] GC(677) Phase 1: Mark live objects 110.292ms
[109.967s][info][gc,phases,start] GC(677) Phase 2: Prepare compaction
[109.984s][info][gc,phases      ] GC(677) Phase 2: Prepare compaction 17.835ms
[109.984s][info][gc,phases,start] GC(677) Phase 3: Adjust pointers
[110.012s][info][gc,phases      ] GC(677) Phase 3: Adjust pointers 27.129ms
[110.012s][info][gc,phases,start] GC(677) Phase 4: Compact heap
[110.025s][info][gc,phases      ] GC(677) Phase 4: Compact heap 13.000ms
[110.027s][info][gc,heap        ] GC(677) Eden regions: 0->0(35)
[110.027s][info][gc,heap        ] GC(677) Survivor regions: 1->0(3)
[110.027s][info][gc,heap        ] GC(677) Old regions: 508->439
[110.027s][info][gc,heap        ] GC(677) Archive regions: 0->0
[110.027s][info][gc,heap        ] GC(677) Humongous regions: 3->3
[110.027s][info][gc,metaspace   ] GC(677) Metaspace: 16748K(17408K)->16748K(17408K) NonClass: 14328K(14720K)->14328K(14720K) Class: 2420K(2688K)->2420K(2688K)
[110.027s][info][gc             ] GC(677) Pause Full (G1 Compaction Pause) 511M->435M(512M) 171.442ms
[110.027s][info][gc,cpu         ] GC(677) User=2.03s Sys=0.00s Real=0.17s
[110.027s][info][gc,marking     ] GC(672) Concurrent Rebuild Remembered Sets and Scrub Regions 189.717ms
[110.027s][info][gc,marking     ] GC(672) Concurrent Mark Abort
[110.027s][info][gc             ] GC(672) Concurrent Mark Cycle 346.686ms
[110.245s][info][gc,start       ] GC(678) Pause Young (Normal) (G1 Evacuation Pause)
[110.245s][info][gc,task        ] GC(678) Using 12 workers of 33 for evacuation
[110.286s][info][gc,phases      ] GC(678)   Pre Evacuate Collection Set: 0.1ms
[110.286s][info][gc,phases      ] GC(678)   Merge Heap Roots: 2.9ms
[110.286s][info][gc,phases      ] GC(678)   Evacuate Collection Set: 36.9ms
[110.286s][info][gc,phases      ] GC(678)   Post Evacuate Collection Set: 0.4ms
[110.286s][info][gc,phases      ] GC(678)   Other: 0.1ms
[110.286s][info][gc,heap        ] GC(678) Eden regions: 35->0(20)
[110.286s][info][gc,heap        ] GC(678) Survivor regions: 0->5(5)
[110.286s][info][gc,heap        ] GC(678) Old regions: 439->459
[110.286s][info][gc,heap        ] GC(678) Archive regions: 0->0
[110.286s][info][gc,heap        ] GC(678) Humongous regions: 3->3
[110.286s][info][gc,metaspace   ] GC(678) Metaspace: 16748K(17408K)->16748K(17408K) NonClass: 14328K(14720K)->14328K(14720K) Class: 2420K(2688K)->2420K(2688K)
[110.286s][info][gc             ] GC(678) Pause Young (Normal) (G1 Evacuation Pause) 470M->460M(512M) 40.849ms
[110.286s][info][gc,cpu         ] GC(678) User=0.38s Sys=0.00s Real=0.03s
[110.369s][info][gc,start       ] GC(679) Pause Young (Concurrent Start) (G1 Evacuation Pause)
[110.369s][info][gc,task        ] GC(679) Using 12 workers of 33 for evacuation
[110.400s][info][gc,phases      ] GC(679)   Pre Evacuate Collection Set: 0.2ms
[110.400s][info][gc,phases      ] GC(679)   Merge Heap Roots: 2.8ms
[110.400s][info][gc,phases      ] GC(679)   Evacuate Collection Set: 27.6ms
[110.400s][info][gc,phases      ] GC(679)   Post Evacuate Collection Set: 0.3ms
[110.400s][info][gc,phases      ] GC(679)   Other: 0.1ms
[110.400s][info][gc,heap        ] GC(679) Eden regions: 20->0(21)
[110.400s][info][gc,heap        ] GC(679) Survivor regions: 5->4(4)
[110.400s][info][gc,heap        ] GC(679) Old regions: 459->476
[110.400s][info][gc,heap        ] GC(679) Archive regions: 0->0
[110.400s][info][gc,heap        ] GC(679) Humongous regions: 3->3
[110.400s][info][gc,metaspace   ] GC(679) Metaspace: 16748K(17408K)->16748K(17408K) NonClass: 14328K(14720K)->14328K(14720K) Class: 2420K(2688K)->2420K(2688K)
[110.400s][info][gc             ] GC(679) Pause Young (Concurrent Start) (G1 Evacuation Pause) 480M->476M(512M) 31.322ms
[110.400s][info][gc             ] GC(680) Concurrent Mark Cycle
[110.400s][info][gc,cpu         ] GC(679) User=0.38s Sys=0.00s Real=0.03s
[110.400s][info][gc,marking     ] GC(680) Concurrent Scan Root Regions
[110.404s][info][gc,marking     ] GC(680) Concurrent Scan Root Regions 3.752ms
[110.404s][info][gc,marking     ] GC(680) Concurrent Mark
[110.404s][info][gc,marking     ] GC(680) Concurrent Mark From Roots
[110.404s][info][gc,task        ] GC(680) Using 8 workers of 8 for marking
[110.537s][info][gc,marking     ] GC(680) Concurrent Mark From Roots 132.869ms
[110.537s][info][gc,marking     ] GC(680) Concurrent Preclean
[110.537s][info][gc,marking     ] GC(680) Concurrent Preclean 0.076ms
[110.537s][info][gc,start       ] GC(680) Pause Remark
[110.538s][info][gc             ] GC(680) Pause Remark 485M->485M(512M) 0.781ms
[110.538s][info][gc,cpu         ] GC(680) User=0.00s Sys=0.00s Real=0.00s
[110.538s][info][gc,marking     ] GC(680) Concurrent Mark 134.108ms
[110.538s][info][gc,marking     ] GC(680) Concurrent Rebuild Remembered Sets and Scrub Regions
[110.576s][info][gc,marking     ] GC(680) Concurrent Rebuild Remembered Sets and Scrub Regions 38.444ms
[110.576s][info][gc,start       ] GC(680) Pause Cleanup
[110.577s][info][gc             ] GC(680) Pause Cleanup 487M->487M(512M) 0.241ms
[110.577s][info][gc,cpu         ] GC(680) User=0.00s Sys=0.00s Real=0.00s
[110.577s][info][gc,marking     ] GC(680) Concurrent Clear Claimed Marks
[110.577s][info][gc,marking     ] GC(680) Concurrent Clear Claimed Marks 0.042ms
[110.577s][info][gc,marking     ] GC(680) Concurrent Cleanup for Next Mark
[110.577s][info][gc,marking     ] GC(680) Concurrent Cleanup for Next Mark 0.258ms
[110.577s][info][gc             ] GC(680) Concurrent Mark Cycle 177.278ms
[110.784s][info][gc,start       ] GC(681) Pause Young (Prepare Mixed) (G1 Evacuation Pause)
[110.784s][info][gc,task        ] GC(681) Using 12 workers of 33 for evacuation
[110.799s][info][gc,phases      ] GC(681)   Pre Evacuate Collection Set: 0.1ms
[110.799s][info][gc,phases      ] GC(681)   Merge Heap Roots: 0.6ms
[110.799s][info][gc,phases      ] GC(681)   Evacuate Collection Set: 12.8ms
[110.799s][info][gc,phases      ] GC(681)   Post Evacuate Collection Set: 0.6ms
[110.799s][info][gc,phases      ] GC(681)   Other: 0.1ms
[110.799s][info][gc,heap        ] GC(681) Eden regions: 21->0(11)
[110.799s][info][gc,heap        ] GC(681) Survivor regions: 4->2(4)
[110.799s][info][gc,heap        ] GC(681) Old regions: 476->491
[110.799s][info][gc,heap        ] GC(681) Archive regions: 0->0
[110.799s][info][gc,heap        ] GC(681) Humongous regions: 6->6
[110.799s][info][gc,metaspace   ] GC(681) Metaspace: 16748K(17408K)->16748K(17408K) NonClass: 14328K(14720K)->14328K(14720K) Class: 2420K(2688K)->2420K(2688K)
[110.799s][info][gc             ] GC(681) Pause Young (Prepare Mixed) (G1 Evacuation Pause) (Evacuation Failure) 500M->492M(512M) 14.543ms
[110.799s][info][gc,cpu         ] GC(681) User=0.19s Sys=0.00s Real=0.02s
[110.821s][info][gc,start       ] GC(682) Pause Young (Mixed) (G1 Evacuation Pause)
[110.821s][info][gc,task        ] GC(682) Using 12 workers of 33 for evacuation
[110.826s][info][gc,phases      ] GC(682)   Pre Evacuate Collection Set: 0.1ms
[110.826s][info][gc,phases      ] GC(682)   Merge Heap Roots: 0.1ms
[110.827s][info][gc,phases      ] GC(682)   Evacuate Collection Set: 4.4ms
[110.827s][info][gc,phases      ] GC(682)   Post Evacuate Collection Set: 0.5ms
[110.827s][info][gc,phases      ] GC(682)   Other: 0.1ms
[110.827s][info][gc,heap        ] GC(682) Eden regions: 11->0(0)
[110.827s][info][gc,heap        ] GC(682) Survivor regions: 2->1(2)
[110.827s][info][gc,heap        ] GC(682) Old regions: 491->505
[110.827s][info][gc,heap        ] GC(682) Archive regions: 0->0
[110.827s][info][gc,heap        ] GC(682) Humongous regions: 6->6
[110.827s][info][gc,metaspace   ] GC(682) Metaspace: 16748K(17408K)->16748K(17408K) NonClass: 14328K(14720K)->14328K(14720K) Class: 2420K(2688K)->2420K(2688K)
[110.827s][info][gc             ] GC(682) Pause Young (Mixed) (G1 Evacuation Pause) (Evacuation Failure) 503M->505M(512M) 5.670ms
[110.827s][info][gc,cpu         ] GC(682) User=0.19s Sys=0.00s Real=0.01s
[110.827s][info][gc,ergo        ] Attempting full compaction
[110.827s][info][gc,start       ] GC(683) Pause Full (G1 Compaction Pause)
[110.827s][info][gc,task        ] GC(683) Using 12 workers of 33 for full compaction
[110.828s][info][gc,phases,start] GC(683) Phase 1: Mark live objects
[111.023s][info][gc,phases      ] GC(683) Phase 1: Mark live objects 195.606ms
[111.023s][info][gc,phases,start] GC(683) Phase 2: Prepare compaction
[111.039s][info][gc,phases      ] GC(683) Phase 2: Prepare compaction 15.395ms
[111.039s][info][gc,phases,start] GC(683) Phase 3: Adjust pointers
[111.060s][info][gc,phases      ] GC(683) Phase 3: Adjust pointers 21.675ms
[111.060s][info][gc,phases,start] GC(683) Phase 4: Compact heap
[111.062s][info][gc,phases      ] GC(683) Phase 4: Compact heap 2.069ms
[111.066s][info][gc,heap        ] GC(683) Eden regions: 0->0(25)
[111.066s][info][gc,heap        ] GC(683) Survivor regions: 1->0(2)
[111.066s][info][gc,heap        ] GC(683) Old regions: 505->478
[111.067s][info][gc,heap        ] GC(683) Archive regions: 0->0
[111.067s][info][gc,heap        ] GC(683) Humongous regions: 6->3
[111.067s][info][gc,metaspace   ] GC(683) Metaspace: 16748K(17408K)->16743K(17408K) NonClass: 14328K(14720K)->14323K(14720K) Class: 2420K(2688K)->2419K(2688K)
[111.067s][info][gc             ] GC(683) Pause Full (G1 Compaction Pause) 505M->474M(512M) 239.717ms
[111.067s][info][gc,cpu         ] GC(683) User=2.81s Sys=0.00s Real=0.24s
[111.109s][info][gc,start       ] GC(684) Pause Young (Concurrent Start) (G1 Evacuation Pause)
[111.110s][info][gc,task        ] GC(684) Using 12 workers of 33 for evacuation
[111.112s][info][gc,phases      ] GC(684)   Pre Evacuate Collection Set: 0.2ms
[111.112s][info][gc,phases      ] GC(684)   Merge Heap Roots: 0.1ms
[111.112s][info][gc,phases      ] GC(684)   Evacuate Collection Set: 1.8ms
[111.112s][info][gc,phases      ] GC(684)   Post Evacuate Collection Set: 0.3ms
[111.112s][info][gc,phases      ] GC(684)   Other: 0.1ms
[111.112s][info][gc,heap        ] GC(684) Eden regions: 25->0(22)
[111.112s][info][gc,heap        ] GC(684) Survivor regions: 0->3(4)
[111.112s][info][gc,heap        ] GC(684) Old regions: 478->478
[111.112s][info][gc,heap        ] GC(684) Archive regions: 0->0
[111.112s][info][gc,heap        ] GC(684) Humongous regions: 3->3
[111.112s][info][gc,metaspace   ] GC(684) Metaspace: 16743K(17408K)->16743K(17408K) NonClass: 14323K(14720K)->14323K(14720K) Class: 2419K(2688K)->2419K(2688K)
[111.112s][info][gc             ] GC(684) Pause Young (Concurrent Start) (G1 Evacuation Pause) 499M->477M(512M) 2.754ms
[111.112s][info][gc,cpu         ] GC(684) User=0.00s Sys=0.00s Real=0.00s
[111.112s][info][gc             ] GC(685) Concurrent Mark Cycle
[111.112s][info][gc,marking     ] GC(685) Concurrent Scan Root Regions
[111.127s][info][gc,marking     ] GC(685) Concurrent Scan Root Regions 14.580ms
[111.127s][info][gc,marking     ] GC(685) Concurrent Mark
[111.127s][info][gc,marking     ] GC(685) Concurrent Mark From Roots
[111.127s][info][gc,task        ] GC(685) Using 8 workers of 8 for marking
[111.169s][info][gc,start       ] GC(686) Pause Young (Normal) (G1 Evacuation Pause)
[111.169s][info][gc,task        ] GC(686) Using 12 workers of 33 for evacuation
[111.171s][info][gc,phases      ] GC(686)   Pre Evacuate Collection Set: 0.1ms
[111.171s][info][gc,phases      ] GC(686)   Merge Heap Roots: 0.0ms
[111.171s][info][gc,phases      ] GC(686)   Evacuate Collection Set: 1.4ms
[111.171s][info][gc,phases      ] GC(686)   Post Evacuate Collection Set: 0.2ms
[111.171s][info][gc,phases      ] GC(686)   Other: 0.1ms
[111.171s][info][gc,heap        ] GC(686) Eden regions: 22->0(22)
[111.171s][info][gc,heap        ] GC(686) Survivor regions: 3->3(4)
[111.171s][info][gc,heap        ] GC(686) Old regions: 478->480
[111.171s][info][gc,heap        ] GC(686) Archive regions: 0->0
[111.171s][info][gc,heap        ] GC(686) Humongous regions: 3->3
[111.171s][info][gc,metaspace   ] GC(686) Metaspace: 16743K(17408K)->16743K(17408K) NonClass: 14323K(14720K)->14323K(14720K) Class: 2419K(2688K)->2419K(2688K)
[111.171s][info][gc             ] GC(686) Pause Young (Normal) (G1 Evacuation Pause) 499M->478M(512M) 2.372ms
[111.171s][info][gc,cpu         ] GC(686) User=0.00s Sys=0.00s Real=0.00s
[111.218s][info][gc,start       ] GC(687) Pause Young (Normal) (G1 Evacuation Pause)
[111.218s][info][gc,task        ] GC(687) Using 12 workers of 33 for evacuation
[111.219s][info][gc,phases      ] GC(687)   Pre Evacuate Collection Set: 0.1ms
[111.219s][info][gc,phases      ] GC(687)   Merge Heap Roots: 0.0ms
[111.219s][info][gc,phases      ] GC(687)   Evacuate Collection Set: 1.3ms
[111.219s][info][gc,phases      ] GC(687)   Post Evacuate Collection Set: 0.2ms
[111.219s][info][gc,phases      ] GC(687)   Other: 0.1ms
[111.219s][info][gc,heap        ] GC(687) Eden regions: 22->0(22)
[111.219s][info][gc,heap        ] GC(687) Survivor regions: 3->3(4)
[111.220s][info][gc,heap        ] GC(687) Old regions: 480->481
[111.220s][info][gc,heap        ] GC(687) Archive regions: 0->0
[111.220s][info][gc,heap        ] GC(687) Humongous regions: 3->3
[111.220s][info][gc,metaspace   ] GC(687) Metaspace: 16743K(17408K)->16743K(17408K) NonClass: 14323K(14720K)->14323K(14720K) Class: 2419K(2688K)->2419K(2688K)
[111.220s][info][gc             ] GC(687) Pause Young (Normal) (G1 Evacuation Pause) 500M->479M(512M) 1.889ms
[111.220s][info][gc,cpu         ] GC(687) User=0.00s Sys=0.00s Real=0.00s
[111.266s][info][gc,start       ] GC(688) Pause Young (Normal) (G1 Evacuation Pause)
[111.266s][info][gc,task        ] GC(688) Using 12 workers of 33 for evacuation
[111.268s][info][gc,phases      ] GC(688)   Pre Evacuate Collection Set: 0.1ms
[111.268s][info][gc,phases      ] GC(688)   Merge Heap Roots: 0.0ms
[111.268s][info][gc,phases      ] GC(688)   Evacuate Collection Set: 1.2ms
[111.268s][info][gc,phases      ] GC(688)   Post Evacuate Collection Set: 0.3ms
[111.268s][info][gc,phases      ] GC(688)   Other: 0.1ms
[111.268s][info][gc,heap        ] GC(688) Eden regions: 22->0(20)
[111.268s][info][gc,heap        ] GC(688) Survivor regions: 3->3(3)
[111.268s][info][gc,heap        ] GC(688) Old regions: 481->483
[111.268s][info][gc,heap        ] GC(688) Archive regions: 0->0
[111.268s][info][gc,heap        ] GC(688) Humongous regions: 3->3
[111.268s][info][gc,metaspace   ] GC(688) Metaspace: 16743K(17408K)->16743K(17408K) NonClass: 14323K(14720K)->14323K(14720K) Class: 2419K(2688K)->2419K(2688K)
[111.268s][info][gc             ] GC(688) Pause Young (Normal) (G1 Evacuation Pause) (Evacuation Failure) 501M->481M(512M) 2.157ms
[111.268s][info][gc,cpu         ] GC(688) User=0.19s Sys=0.00s Real=0.02s
[111.314s][info][gc,marking     ] GC(685) Concurrent Mark From Roots 187.518ms
[111.315s][info][gc,marking     ] GC(685) Concurrent Preclean
[111.315s][info][gc,marking     ] GC(685) Concurrent Preclean 0.046ms
[111.315s][info][gc,start       ] GC(685) Pause Remark
[111.315s][info][gc             ] GC(685) Pause Remark 499M->499M(512M) 0.738ms
[111.315s][info][gc,cpu         ] GC(685) User=0.00s Sys=0.00s Real=0.00s
[111.315s][info][gc,marking     ] GC(685) Concurrent Mark 188.536ms
[111.315s][info][gc,marking     ] GC(685) Concurrent Rebuild Remembered Sets and Scrub Regions
[111.322s][info][gc,start       ] GC(689) Pause Young (Normal) (G1 Evacuation Pause)
[111.322s][info][gc,task        ] GC(689) Using 12 workers of 33 for evacuation
[111.323s][info][gc,phases      ] GC(689)   Pre Evacuate Collection Set: 0.1ms
[111.323s][info][gc,phases      ] GC(689)   Merge Heap Roots: 0.0ms
[111.323s][info][gc,phases      ] GC(689)   Evacuate Collection Set: 1.2ms
[111.323s][info][gc,phases      ] GC(689)   Post Evacuate Collection Set: 0.3ms
[111.324s][info][gc,phases      ] GC(689)   Other: 0.1ms
[111.324s][info][gc,heap        ] GC(689) Eden regions: 20->0(0)
[111.324s][info][gc,heap        ] GC(689) Survivor regions: 3->2(3)
[111.324s][info][gc,heap        ] GC(689) Old regions: 483->506
[111.324s][info][gc,heap        ] GC(689) Archive regions: 0->0
[111.324s][info][gc,heap        ] GC(689) Humongous regions: 3->3
[111.324s][info][gc,metaspace   ] GC(689) Metaspace: 16743K(17408K)->16743K(17408K) NonClass: 14323K(14720K)->14323K(14720K) Class: 2419K(2688K)->2419K(2688K)
[111.324s][info][gc             ] GC(689) Pause Young (Normal) (G1 Evacuation Pause) (Evacuation Failure) 501M->503M(512M) 1.853ms
[111.324s][info][gc,cpu         ] GC(689) User=0.00s Sys=0.00s Real=0.00s
[111.324s][info][gc,ergo        ] Attempting full compaction
[111.324s][info][gc,start       ] GC(690) Pause Full (G1 Compaction Pause)
[111.324s][info][gc,task        ] GC(690) Using 12 workers of 33 for full compaction
[111.324s][info][gc,phases,start] GC(690) Phase 1: Mark live objects
[111.472s][info][gc,phases      ] GC(690) Phase 1: Mark live objects 147.390ms
[111.472s][info][gc,phases,start] GC(690) Phase 2: Prepare compaction
[111.488s][info][gc,phases      ] GC(690) Phase 2: Prepare compaction 16.729ms
[111.488s][info][gc,phases,start] GC(690) Phase 3: Adjust pointers
[111.513s][info][gc,phases      ] GC(690) Phase 3: Adjust pointers 24.167ms
[111.513s][info][gc,phases,start] GC(690) Phase 4: Compact heap
[111.520s][info][gc,phases      ] GC(690) Phase 4: Compact heap 7.498ms
[111.522s][info][gc,heap        ] GC(690) Eden regions: 0->0(25)
[111.522s][info][gc,heap        ] GC(690) Survivor regions: 2->0(3)
[111.522s][info][gc,heap        ] GC(690) Old regions: 506->459
[111.522s][info][gc,heap        ] GC(690) Archive regions: 0->0
[111.522s][info][gc,heap        ] GC(690) Humongous regions: 3->3
[111.522s][info][gc,metaspace   ] GC(690) Metaspace: 16743K(17408K)->16743K(17408K) NonClass: 14323K(14720K)->14323K(14720K) Class: 2419K(2688K)->2419K(2688K)
[111.522s][info][gc             ] GC(690) Pause Full (G1 Compaction Pause) 503M->456M(512M) 198.652ms
[111.522s][info][gc,cpu         ] GC(690) User=2.44s Sys=0.00s Real=0.20s
[111.522s][info][gc,marking     ] GC(685) Concurrent Rebuild Remembered Sets and Scrub Regions 206.930ms
[111.522s][info][gc,marking     ] GC(685) Concurrent Mark Abort
[111.522s][info][gc             ] GC(685) Concurrent Mark Cycle 410.226ms
[111.565s][info][gc,start       ] GC(691) Pause Young (Normal) (G1 Evacuation Pause)
[111.565s][info][gc,task        ] GC(691) Using 12 workers of 33 for evacuation
[111.567s][info][gc,phases      ] GC(691)   Pre Evacuate Collection Set: 0.1ms
[111.567s][info][gc,phases      ] GC(691)   Merge Heap Roots: 0.0ms
[111.567s][info][gc,phases      ] GC(691)   Evacuate Collection Set: 1.8ms
[111.567s][info][gc,phases      ] GC(691)   Post Evacuate Collection Set: 0.3ms
[111.567s][info][gc,phases      ] GC(691)   Other: 0.1ms
[111.567s][info][gc,heap        ] GC(691) Eden regions: 25->0(22)
[111.567s][info][gc,heap        ] GC(691) Survivor regions: 0->3(4)
[111.567s][info][gc,heap        ] GC(691) Old regions: 459->459
[111.567s][info][gc,heap        ] GC(691) Archive regions: 0->0
[111.567s][info][gc,heap        ] GC(691) Humongous regions: 3->3
[111.567s][info][gc,metaspace   ] GC(691) Metaspace: 16743K(17408K)->16743K(17408K) NonClass: 14323K(14720K)->14323K(14720K) Class: 2419K(2688K)->2419K(2688K)
[111.567s][info][gc             ] GC(691) Pause Young (Normal) (G1 Evacuation Pause) 481M->459M(512M) 2.446ms
[111.568s][info][gc,cpu         ] GC(691) User=0.00s Sys=0.00s Real=0.00s
[111.614s][info][gc,start       ] GC(692) Pause Young (Concurrent Start) (G1 Evacuation Pause)
[111.614s][info][gc,task        ] GC(692) Using 12 workers of 33 for evacuation
[111.617s][info][gc,phases      ] GC(692)   Pre Evacuate Collection Set: 0.2ms
[111.617s][info][gc,phases      ] GC(692)   Merge Heap Roots: 0.0ms
[111.617s][info][gc,phases      ] GC(692)   Evacuate Collection Set: 1.9ms
[111.617s][info][gc,phases      ] GC(692)   Post Evacuate Collection Set: 0.3ms
[111.617s][info][gc,phases      ] GC(692)   Other: 0.1ms
[111.617s][info][gc,heap        ] GC(692) Eden regions: 22->0(22)
[111.617s][info][gc,heap        ] GC(692) Survivor regions: 3->3(4)
[111.617s][info][gc,heap        ] GC(692) Old regions: 459->460
[111.617s][info][gc,heap        ] GC(692) Archive regions: 0->0
[111.617s][info][gc,heap        ] GC(692) Humongous regions: 3->3
[111.617s][info][gc,metaspace   ] GC(692) Metaspace: 16743K(17408K)->16743K(17408K) NonClass: 14323K(14720K)->14323K(14720K) Class: 2419K(2688K)->2419K(2688K)
[111.617s][info][gc             ] GC(692) Pause Young (Concurrent Start) (G1 Evacuation Pause) 481M->459M(512M) 3.075ms
[111.617s][info][gc             ] GC(693) Concurrent Mark Cycle
[111.617s][info][gc,cpu         ] GC(692) User=0.00s Sys=0.00s Real=0.00s
[111.617s][info][gc,marking     ] GC(693) Concurrent Scan Root Regions
[111.631s][info][gc,marking     ] GC(693) Concurrent Scan Root Regions 13.441ms
[111.631s][info][gc,marking     ] GC(693) Concurrent Mark
[111.631s][info][gc,marking     ] GC(693) Concurrent Mark From Roots
[111.631s][info][gc,task        ] GC(693) Using 8 workers of 8 for marking
[111.663s][info][gc,start       ] GC(694) Pause Young (Normal) (G1 Evacuation Pause)
[111.664s][info][gc,task        ] GC(694) Using 12 workers of 33 for evacuation
[111.665s][info][gc,phases      ] GC(694)   Pre Evacuate Collection Set: 0.1ms
[111.665s][info][gc,phases      ] GC(694)   Merge Heap Roots: 0.0ms
[111.665s][info][gc,phases      ] GC(694)   Evacuate Collection Set: 1.2ms
[111.665s][info][gc,phases      ] GC(694)   Post Evacuate Collection Set: 0.2ms
[111.665s][info][gc,phases      ] GC(694)   Other: 0.1ms
[111.665s][info][gc,heap        ] GC(694) Eden regions: 22->0(22)
[111.665s][info][gc,heap        ] GC(694) Survivor regions: 3->3(4)
[111.665s][info][gc,heap        ] GC(694) Old regions: 460->461
[111.665s][info][gc,heap        ] GC(694) Archive regions: 0->0
[111.666s][info][gc,heap        ] GC(694) Humongous regions: 3->3
[111.666s][info][gc,metaspace   ] GC(694) Metaspace: 16743K(17408K)->16743K(17408K) NonClass: 14323K(14720K)->14323K(14720K) Class: 2419K(2688K)->2419K(2688K)
[111.666s][info][gc             ] GC(694) Pause Young (Normal) (G1 Evacuation Pause) 481M->460M(512M) 2.193ms
[111.666s][info][gc,cpu         ] GC(694) User=0.00s Sys=0.00s Real=0.00s
[111.723s][info][gc,start       ] GC(695) Pause Young (Normal) (G1 Evacuation Pause)
[111.723s][info][gc,task        ] GC(695) Using 12 workers of 33 for evacuation
[111.725s][info][gc,phases      ] GC(695)   Pre Evacuate Collection Set: 0.1ms
[111.725s][info][gc,phases      ] GC(695)   Merge Heap Roots: 0.0ms
[111.725s][info][gc,phases      ] GC(695)   Evacuate Collection Set: 1.1ms
[111.725s][info][gc,phases      ] GC(695)   Post Evacuate Collection Set: 0.2ms
[111.725s][info][gc,phases      ] GC(695)   Other: 0.1ms
[111.725s][info][gc,heap        ] GC(695) Eden regions: 22->0(22)
[111.725s][info][gc,heap        ] GC(695) Survivor regions: 3->3(4)
[111.725s][info][gc,heap        ] GC(695) Old regions: 461->461
[111.725s][info][gc,heap        ] GC(695) Archive regions: 0->0
[111.725s][info][gc,heap        ] GC(695) Humongous regions: 3->3
[111.725s][info][gc,metaspace   ] GC(695) Metaspace: 16743K(17408K)->16743K(17408K) NonClass: 14323K(14720K)->14323K(14720K) Class: 2419K(2688K)->2419K(2688K)
[111.725s][info][gc             ] GC(695) Pause Young (Normal) (G1 Evacuation Pause) 482M->461M(512M) 2.108ms
[111.725s][info][gc,cpu         ] GC(695) User=0.19s Sys=0.00s Real=0.00s
[111.783s][info][gc,start       ] GC(696) Pause Young (Normal) (G1 Evacuation Pause)
[111.783s][info][gc,task        ] GC(696) Using 12 workers of 33 for evacuation
[111.785s][info][gc,phases      ] GC(696)   Pre Evacuate Collection Set: 0.1ms
[111.785s][info][gc,phases      ] GC(696)   Merge Heap Roots: 0.0ms
[111.785s][info][gc,phases      ] GC(696)   Evacuate Collection Set: 1.2ms
[111.785s][info][gc,phases      ] GC(696)   Post Evacuate Collection Set: 0.2ms
[111.785s][info][gc,phases      ] GC(696)   Other: 0.1ms
[111.785s][info][gc,heap        ] GC(696) Eden regions: 22->0(22)
[111.785s][info][gc,heap        ] GC(696) Survivor regions: 3->3(4)
[111.785s][info][gc,heap        ] GC(696) Old regions: 461->462
[111.785s][info][gc,heap        ] GC(696) Archive regions: 0->0
[111.785s][info][gc,heap        ] GC(696) Humongous regions: 3->3
[111.785s][info][gc,metaspace   ] GC(696) Metaspace: 16743K(17408K)->16743K(17408K) NonClass: 14323K(14720K)->14323K(14720K) Class: 2419K(2688K)->2419K(2688K)
[111.785s][info][gc             ] GC(696) Pause Young (Normal) (G1 Evacuation Pause) 483M->461M(512M) 1.792ms
[111.785s][info][gc,cpu         ] GC(696) User=0.00s Sys=0.00s Real=0.00s
[111.789s][info][gc,marking     ] GC(693) Concurrent Mark From Roots 158.434ms
[111.789s][info][gc,marking     ] GC(693) Concurrent Preclean
[111.789s][info][gc,marking     ] GC(693) Concurrent Preclean 0.043ms
[111.789s][info][gc,start       ] GC(693) Pause Remark
[111.790s][info][gc             ] GC(693) Pause Remark 464M->464M(512M) 0.722ms
[111.790s][info][gc,cpu         ] GC(693) User=0.03s Sys=0.00s Real=0.02s
[111.790s][info][gc,marking     ] GC(693) Concurrent Mark 159.374ms
[111.790s][info][gc,marking     ] GC(693) Concurrent Rebuild Remembered Sets and Scrub Regions
[111.830s][info][gc,start       ] GC(697) Pause Young (Normal) (G1 Evacuation Pause)
[111.830s][info][gc,task        ] GC(697) Using 12 workers of 33 for evacuation
[111.831s][info][gc,phases      ] GC(697)   Pre Evacuate Collection Set: 0.1ms
[111.831s][info][gc,phases      ] GC(697)   Merge Heap Roots: 0.0ms
[111.831s][info][gc,phases      ] GC(697)   Evacuate Collection Set: 1.1ms
[111.831s][info][gc,phases      ] GC(697)   Post Evacuate Collection Set: 0.2ms
[111.831s][info][gc,phases      ] GC(697)   Other: 0.1ms
[111.831s][info][gc,heap        ] GC(697) Eden regions: 22->0(22)
[111.831s][info][gc,heap        ] GC(697) Survivor regions: 3->3(4)
[111.831s][info][gc,heap        ] GC(697) Old regions: 462->462
[111.831s][info][gc,heap        ] GC(697) Archive regions: 0->0
[111.831s][info][gc,heap        ] GC(697) Humongous regions: 3->3
[111.831s][info][gc,metaspace   ] GC(697) Metaspace: 16743K(17408K)->16743K(17408K) NonClass: 14323K(14720K)->14323K(14720K) Class: 2419K(2688K)->2419K(2688K)
[111.831s][info][gc             ] GC(697) Pause Young (Normal) (G1 Evacuation Pause) 483M->461M(512M) 1.709ms
[111.831s][info][gc,cpu         ] GC(697) User=0.00s Sys=0.00s Real=0.00s
[111.834s][info][gc,marking     ] GC(693) Concurrent Rebuild Remembered Sets and Scrub Regions 44.032ms
[111.834s][info][gc,start       ] GC(693) Pause Cleanup
[111.835s][info][gc             ] GC(693) Pause Cleanup 462M->462M(512M) 0.148ms
[111.835s][info][gc,cpu         ] GC(693) User=0.00s Sys=0.00s Real=0.00s
[111.835s][info][gc,marking     ] GC(693) Concurrent Clear Claimed Marks
[111.835s][info][gc,marking     ] GC(693) Concurrent Clear Claimed Marks 0.037ms
[111.835s][info][gc,marking     ] GC(693) Concurrent Cleanup for Next Mark
[111.835s][info][gc,marking     ] GC(693) Concurrent Cleanup for Next Mark 0.298ms
[111.835s][info][gc             ] GC(693) Concurrent Mark Cycle 217.691ms
[111.873s][info][gc,start       ] GC(698) Pause Young (Prepare Mixed) (G1 Evacuation Pause)
[111.873s][info][gc,task        ] GC(698) Using 12 workers of 33 for evacuation
[111.875s][info][gc,phases      ] GC(698)   Pre Evacuate Collection Set: 0.1ms
[111.875s][info][gc,phases      ] GC(698)   Merge Heap Roots: 0.1ms
[111.875s][info][gc,phases      ] GC(698)   Evacuate Collection Set: 1.8ms
[111.875s][info][gc,phases      ] GC(698)   Post Evacuate Collection Set: 0.3ms
[111.875s][info][gc,phases      ] GC(698)   Other: 0.1ms
[111.875s][info][gc,heap        ] GC(698) Eden regions: 22->0(22)
[111.875s][info][gc,heap        ] GC(698) Survivor regions: 3->3(4)
[111.875s][info][gc,heap        ] GC(698) Old regions: 462->462
[111.875s][info][gc,heap        ] GC(698) Archive regions: 0->0
[111.875s][info][gc,heap        ] GC(698) Humongous regions: 3->3
[111.875s][info][gc,metaspace   ] GC(698) Metaspace: 16743K(17408K)->16743K(17408K) NonClass: 14323K(14720K)->14323K(14720K) Class: 2419K(2688K)->2419K(2688K)
[111.875s][info][gc             ] GC(698) Pause Young (Prepare Mixed) (G1 Evacuation Pause) 483M->462M(512M) 2.804ms
[111.875s][info][gc,cpu         ] GC(698) User=0.00s Sys=0.00s Real=0.00s
[111.914s][info][gc,start       ] GC(699) Pause Young (Mixed) (G1 Evacuation Pause)
[111.914s][info][gc,task        ] GC(699) Using 12 workers of 33 for evacuation
[111.917s][info][gc,phases      ] GC(699)   Pre Evacuate Collection Set: 0.1ms
[111.917s][info][gc,phases      ] GC(699)   Merge Heap Roots: 0.1ms
[111.917s][info][gc,phases      ] GC(699)   Evacuate Collection Set: 2.2ms
[111.917s][info][gc,phases      ] GC(699)   Post Evacuate Collection Set: 0.3ms
[111.917s][info][gc,phases      ] GC(699)   Other: 0.1ms
[111.917s][info][gc,heap        ] GC(699) Eden regions: 22->0(22)
[111.917s][info][gc,heap        ] GC(699) Survivor regions: 3->3(4)
[111.917s][info][gc,heap        ] GC(699) Old regions: 462->460
[111.917s][info][gc,heap        ] GC(699) Archive regions: 0->0
[111.917s][info][gc,heap        ] GC(699) Humongous regions: 3->3
[111.917s][info][gc,metaspace   ] GC(699) Metaspace: 16743K(17408K)->16743K(17408K) NonClass: 14323K(14720K)->14323K(14720K) Class: 2419K(2688K)->2419K(2688K)
[111.917s][info][gc             ] GC(699) Pause Young (Mixed) (G1 Evacuation Pause) 484M->462M(512M) 3.287ms
[111.917s][info][gc,cpu         ] GC(699) User=0.19s Sys=0.00s Real=0.02s
[111.954s][info][gc,start       ] GC(700) Pause Young (Concurrent Start) (G1 Evacuation Pause)
[111.954s][info][gc,task        ] GC(700) Using 12 workers of 33 for evacuation
[111.957s][info][gc,phases      ] GC(700)   Pre Evacuate Collection Set: 0.2ms
[111.957s][info][gc,phases      ] GC(700)   Merge Heap Roots: 0.0ms
[111.957s][info][gc,phases      ] GC(700)   Evacuate Collection Set: 1.7ms
[111.957s][info][gc,phases      ] GC(700)   Post Evacuate Collection Set: 0.3ms
[111.957s][info][gc,phases      ] GC(700)   Other: 0.1ms
[111.957s][info][gc,heap        ] GC(700) Eden regions: 22->0(22)
[111.957s][info][gc,heap        ] GC(700) Survivor regions: 3->3(4)
[111.957s][info][gc,heap        ] GC(700) Old regions: 460->460
[111.957s][info][gc,heap        ] GC(700) Archive regions: 0->0
[111.957s][info][gc,heap        ] GC(700) Humongous regions: 3->3
[111.957s][info][gc,metaspace   ] GC(700) Metaspace: 16743K(17408K)->16743K(17408K) NonClass: 14323K(14720K)->14323K(14720K) Class: 2419K(2688K)->2419K(2688K)
[111.957s][info][gc             ] GC(700) Pause Young (Concurrent Start) (G1 Evacuation Pause) 484M->462M(512M) 2.835ms
[111.957s][info][gc             ] GC(701) Concurrent Mark Cycle
[111.957s][info][gc,cpu         ] GC(700) User=0.00s Sys=0.00s Real=0.00s
[111.957s][info][gc,marking     ] GC(701) Concurrent Scan Root Regions
[111.969s][info][gc,marking     ] GC(701) Concurrent Scan Root Regions 11.369ms
[111.969s][info][gc,marking     ] GC(701) Concurrent Mark
[111.969s][info][gc,marking     ] GC(701) Concurrent Mark From Roots
[111.969s][info][gc,task        ] GC(701) Using 8 workers of 8 for marking
[112.002s][info][gc,start       ] GC(702) Pause Young (Normal) (G1 Evacuation Pause)
[112.002s][info][gc,task        ] GC(702) Using 12 workers of 33 for evacuation
[112.003s][info][gc,phases      ] GC(702)   Pre Evacuate Collection Set: 0.1ms
[112.003s][info][gc,phases      ] GC(702)   Merge Heap Roots: 0.0ms
[112.003s][info][gc,phases      ] GC(702)   Evacuate Collection Set: 1.1ms
[112.003s][info][gc,phases      ] GC(702)   Post Evacuate Collection Set: 0.2ms
[112.003s][info][gc,phases      ] GC(702)   Other: 0.1ms
[112.004s][info][gc,heap        ] GC(702) Eden regions: 22->0(22)
[112.004s][info][gc,heap        ] GC(702) Survivor regions: 3->3(4)
[112.004s][info][gc,heap        ] GC(702) Old regions: 460->461
[112.004s][info][gc,heap        ] GC(702) Archive regions: 0->0
[112.004s][info][gc,heap        ] GC(702) Humongous regions: 3->3
[112.004s][info][gc,metaspace   ] GC(702) Metaspace: 16743K(17408K)->16743K(17408K) NonClass: 14323K(14720K)->14323K(14720K) Class: 2419K(2688K)->2419K(2688K)
[112.004s][info][gc             ] GC(702) Pause Young (Normal) (G1 Evacuation Pause) 484M->462M(512M) 2.018ms
[112.004s][info][gc,cpu         ] GC(702) User=0.00s Sys=0.00s Real=0.00s
[112.062s][info][gc,start       ] GC(703) Pause Young (Normal) (G1 Evacuation Pause)
[112.062s][info][gc,task        ] GC(703) Using 12 workers of 33 for evacuation
[112.063s][info][gc,phases      ] GC(703)   Pre Evacuate Collection Set: 0.1ms
[112.063s][info][gc,phases      ] GC(703)   Merge Heap Roots: 0.0ms
[112.063s][info][gc,phases      ] GC(703)   Evacuate Collection Set: 1.0ms
[112.063s][info][gc,phases      ] GC(703)   Post Evacuate Collection Set: 0.2ms
[112.063s][info][gc,phases      ] GC(703)   Other: 0.1ms
[112.063s][info][gc,heap        ] GC(703) Eden regions: 22->0(22)
[112.064s][info][gc,heap        ] GC(703) Survivor regions: 3->3(4)
[112.064s][info][gc,heap        ] GC(703) Old regions: 461->461
[112.064s][info][gc,heap        ] GC(703) Archive regions: 0->0
[112.064s][info][gc,heap        ] GC(703) Humongous regions: 3->3
[112.064s][info][gc,metaspace   ] GC(703) Metaspace: 16743K(17408K)->16743K(17408K) NonClass: 14323K(14720K)->14323K(14720K) Class: 2419K(2688K)->2419K(2688K)
[112.064s][info][gc             ] GC(703) Pause Young (Normal) (G1 Evacuation Pause) 484M->463M(512M) 1.908ms
[112.064s][info][gc,cpu         ] GC(703) User=0.00s Sys=0.00s Real=0.00s
[112.100s][info][gc,marking     ] GC(701) Concurrent Mark From Roots 131.715ms
[112.101s][info][gc,marking     ] GC(701) Concurrent Preclean
[112.101s][info][gc,marking     ] GC(701) Concurrent Preclean 0.048ms
[112.101s][info][gc,start       ] GC(701) Pause Remark
[112.102s][info][gc             ] GC(701) Pause Remark 481M->481M(512M) 0.982ms
[112.102s][info][gc,cpu         ] GC(701) User=0.00s Sys=0.00s Real=0.00s
[112.102s][info][gc,marking     ] GC(701) Concurrent Mark 133.062ms
[112.102s][info][gc,marking     ] GC(701) Concurrent Rebuild Remembered Sets and Scrub Regions
[112.111s][info][gc,start       ] GC(704) Pause Young (Normal) (G1 Evacuation Pause)
[112.111s][info][gc,task        ] GC(704) Using 12 workers of 33 for evacuation
[112.112s][info][gc,phases      ] GC(704)   Pre Evacuate Collection Set: 0.1ms
[112.112s][info][gc,phases      ] GC(704)   Merge Heap Roots: 0.0ms
[112.112s][info][gc,phases      ] GC(704)   Evacuate Collection Set: 1.0ms
[112.112s][info][gc,phases      ] GC(704)   Post Evacuate Collection Set: 0.2ms
[112.112s][info][gc,phases      ] GC(704)   Other: 0.1ms
[112.112s][info][gc,heap        ] GC(704) Eden regions: 22->0(22)
[112.112s][info][gc,heap        ] GC(704) Survivor regions: 3->3(4)
[112.112s][info][gc,heap        ] GC(704) Old regions: 461->461
[112.112s][info][gc,heap        ] GC(704) Archive regions: 0->0
[112.112s][info][gc,heap        ] GC(704) Humongous regions: 3->3
[112.112s][info][gc,metaspace   ] GC(704) Metaspace: 16743K(17408K)->16743K(17408K) NonClass: 14323K(14720K)->14323K(14720K) Class: 2419K(2688K)->2419K(2688K)
[112.112s][info][gc             ] GC(704) Pause Young (Normal) (G1 Evacuation Pause) 485M->463M(512M) 1.837ms
[112.112s][info][gc,cpu         ] GC(704) User=0.00s Sys=0.00s Real=0.00s
[112.153s][info][gc,start       ] GC(705) Pause Young (Normal) (G1 Evacuation Pause)
[112.153s][info][gc,task        ] GC(705) Using 12 workers of 33 for evacuation
[112.154s][info][gc,phases      ] GC(705)   Pre Evacuate Collection Set: 0.1ms
[112.154s][info][gc,phases      ] GC(705)   Merge Heap Roots: 0.0ms
[112.154s][info][gc,phases      ] GC(705)   Evacuate Collection Set: 0.9ms
[112.154s][info][gc,phases      ] GC(705)   Post Evacuate Collection Set: 0.2ms
[112.154s][info][gc,phases      ] GC(705)   Other: 0.1ms
[112.154s][info][gc,heap        ] GC(705) Eden regions: 22->0(22)
[112.154s][info][gc,heap        ] GC(705) Survivor regions: 3->3(4)
[112.154s][info][gc,heap        ] GC(705) Old regions: 461->461
[112.154s][info][gc,heap        ] GC(705) Archive regions: 0->0
[112.154s][info][gc,heap        ] GC(705) Humongous regions: 3->3
[112.154s][info][gc,metaspace   ] GC(705) Metaspace: 16743K(17408K)->16743K(17408K) NonClass: 14323K(14720K)->14323K(14720K) Class: 2419K(2688K)->2419K(2688K)
[112.154s][info][gc             ] GC(705) Pause Young (Normal) (G1 Evacuation Pause) 485M->463M(512M) 1.816ms
[112.154s][info][gc,cpu         ] GC(705) User=0.00s Sys=0.00s Real=0.00s
[112.191s][info][gc,start       ] GC(706) Pause Young (Normal) (G1 Evacuation Pause)
[112.191s][info][gc,task        ] GC(706) Using 12 workers of 33 for evacuation
[112.192s][info][gc,phases      ] GC(706)   Pre Evacuate Collection Set: 0.1ms
[112.192s][info][gc,phases      ] GC(706)   Merge Heap Roots: 0.0ms
[112.192s][info][gc,phases      ] GC(706)   Evacuate Collection Set: 0.9ms
[112.192s][info][gc,phases      ] GC(706)   Post Evacuate Collection Set: 0.2ms
[112.192s][info][gc,phases      ] GC(706)   Other: 0.1ms
[112.192s][info][gc,heap        ] GC(706) Eden regions: 22->0(22)
[112.192s][info][gc,heap        ] GC(706) Survivor regions: 3->3(4)
[112.192s][info][gc,heap        ] GC(706) Old regions: 461->461
[112.192s][info][gc,heap        ] GC(706) Archive regions: 0->0
[112.192s][info][gc,heap        ] GC(706) Humongous regions: 3->3
[112.192s][info][gc,metaspace   ] GC(706) Metaspace: 16743K(17408K)->16743K(17408K) NonClass: 14323K(14720K)->14323K(14720K) Class: 2419K(2688K)->2419K(2688K)
[112.192s][info][gc             ] GC(706) Pause Young (Normal) (G1 Evacuation Pause) 485M->463M(512M) 1.798ms
[112.192s][info][gc,cpu         ] GC(706) User=0.00s Sys=0.00s Real=0.00s
[112.231s][info][gc,start       ] GC(707) Pause Young (Normal) (G1 Evacuation Pause)
[112.231s][info][gc,task        ] GC(707) Using 12 workers of 33 for evacuation
[112.232s][info][gc,phases      ] GC(707)   Pre Evacuate Collection Set: 0.1ms
[112.232s][info][gc,phases      ] GC(707)   Merge Heap Roots: 0.0ms
[112.232s][info][gc,phases      ] GC(707)   Evacuate Collection Set: 0.8ms
[112.232s][info][gc,phases      ] GC(707)   Post Evacuate Collection Set: 0.2ms
[112.232s][info][gc,phases      ] GC(707)   Other: 0.1ms
[112.232s][info][gc,heap        ] GC(707) Eden regions: 22->0(23)
[112.232s][info][gc,heap        ] GC(707) Survivor regions: 3->2(4)
[112.232s][info][gc,heap        ] GC(707) Old regions: 461->461
[112.232s][info][gc,heap        ] GC(707) Archive regions: 0->0
[112.232s][info][gc,heap        ] GC(707) Humongous regions: 3->3
[112.232s][info][gc,metaspace   ] GC(707) Metaspace: 16743K(17408K)->16743K(17408K) NonClass: 14323K(14720K)->14323K(14720K) Class: 2419K(2688K)->2419K(2688K)
[112.232s][info][gc             ] GC(707) Pause Young (Normal) (G1 Evacuation Pause) 485M->463M(512M) 1.721ms
[112.232s][info][gc,cpu         ] GC(707) User=0.00s Sys=0.00s Real=0.00s
[112.270s][info][gc,start       ] GC(708) Pause Young (Normal) (G1 Evacuation Pause)
[112.270s][info][gc,task        ] GC(708) Using 12 workers of 33 for evacuation
[112.271s][info][gc,phases      ] GC(708)   Pre Evacuate Collection Set: 0.1ms
[112.271s][info][gc,phases      ] GC(708)   Merge Heap Roots: 0.0ms
[112.271s][info][gc,phases      ] GC(708)   Evacuate Collection Set: 0.7ms
[112.271s][info][gc,phases      ] GC(708)   Post Evacuate Collection Set: 0.2ms
[112.271s][info][gc,phases      ] GC(708)   Other: 0.1ms
[112.271s][info][gc,heap        ] GC(708) Eden regions: 23->0(23)
[112.271s][info][gc,heap        ] GC(708) Survivor regions: 2->2(4)
[112.271s][info][gc,heap        ] GC(708) Old regions: 461->461
[112.271s][info][gc,heap        ] GC(708) Archive regions: 0->0
[112.271s][info][gc,heap        ] GC(708) Humongous regions: 3->3
[112.271s][info][gc,metaspace   ] GC(708) Metaspace: 16743K(17408K)->16743K(17408K) NonClass: 14323K(14720K)->14323K(14720K) Class: 2419K(2688K)->2419K(2688K)
[112.271s][info][gc             ] GC(708) Pause Young (Normal) (G1 Evacuation Pause) 486M->462M(512M) 1.635ms
[112.271s][info][gc,cpu         ] GC(708) User=0.00s Sys=0.00s Real=0.00s
[112.280s][info][gc,marking     ] GC(701) Concurrent Rebuild Remembered Sets and Scrub Regions 178.272ms
[112.280s][info][gc,start       ] GC(701) Pause Cleanup
[112.281s][info][gc             ] GC(701) Pause Cleanup 468M->468M(512M) 0.493ms
[112.281s][info][gc,cpu         ] GC(701) User=0.00s Sys=0.00s Real=0.00s
[112.281s][info][gc,marking     ] GC(701) Concurrent Clear Claimed Marks
[112.281s][info][gc,marking     ] GC(701) Concurrent Clear Claimed Marks 0.019ms
[112.281s][info][gc,marking     ] GC(701) Concurrent Cleanup for Next Mark
[112.281s][info][gc,marking     ] GC(701) Concurrent Cleanup for Next Mark 0.295ms
[112.281s][info][gc             ] GC(701) Concurrent Mark Cycle 323.870ms
[112.310s][info][gc,start       ] GC(709) Pause Young (Prepare Mixed) (G1 Evacuation Pause)
[112.310s][info][gc,task        ] GC(709) Using 12 workers of 33 for evacuation
[112.311s][info][gc,phases      ] GC(709)   Pre Evacuate Collection Set: 0.1ms
[112.311s][info][gc,phases      ] GC(709)   Merge Heap Roots: 0.0ms
[112.311s][info][gc,phases      ] GC(709)   Evacuate Collection Set: 0.7ms
[112.311s][info][gc,phases      ] GC(709)   Post Evacuate Collection Set: 0.3ms
[112.311s][info][gc,phases      ] GC(709)   Other: 0.1ms
[112.311s][info][gc,heap        ] GC(709) Eden regions: 23->0(23)
[112.311s][info][gc,heap        ] GC(709) Survivor regions: 2->2(4)
[112.311s][info][gc,heap        ] GC(709) Old regions: 461->461
[112.311s][info][gc,heap        ] GC(709) Archive regions: 0->0
[112.311s][info][gc,heap        ] GC(709) Humongous regions: 3->3
[112.311s][info][gc,metaspace   ] GC(709) Metaspace: 16743K(17408K)->16743K(17408K) NonClass: 14323K(14720K)->14323K(14720K) Class: 2419K(2688K)->2419K(2688K)
[112.311s][info][gc             ] GC(709) Pause Young (Prepare Mixed) (G1 Evacuation Pause) 485M->462M(512M) 1.711ms
[112.311s][info][gc,cpu         ] GC(709) User=0.00s Sys=0.00s Real=0.00s
[112.349s][info][gc,start       ] GC(710) Pause Young (Mixed) (G1 Evacuation Pause)
[112.380s][info][gc,task        ] GC(710) Using 12 workers of 33 for evacuation
[112.381s][info][gc,phases      ] GC(710)   Pre Evacuate Collection Set: 0.1ms
[112.381s][info][gc,phases      ] GC(710)   Merge Heap Roots: 0.1ms
[112.381s][info][gc,phases      ] GC(710)   Evacuate Collection Set: 0.8ms
[112.381s][info][gc,phases      ] GC(710)   Post Evacuate Collection Set: 0.3ms
[112.381s][info][gc,phases      ] GC(710)   Other: 0.1ms
[112.381s][info][gc,heap        ] GC(710) Eden regions: 23->0(31)
[112.381s][info][gc,heap        ] GC(710) Survivor regions: 2->1(4)
[112.381s][info][gc,heap        ] GC(710) Old regions: 461->449
[112.382s][info][gc,heap        ] GC(710) Archive regions: 0->0
[112.382s][info][gc,heap        ] GC(710) Humongous regions: 3->3
[112.382s][info][gc,metaspace   ] GC(710) Metaspace: 16743K(17408K)->16743K(17408K) NonClass: 14323K(14720K)->14323K(14720K) Class: 2419K(2688K)->2419K(2688K)
[112.382s][info][gc             ] GC(710) Pause Young (Mixed) (G1 Evacuation Pause) 485M->449M(512M) 32.134ms
[112.382s][info][gc,cpu         ] GC(710) User=0.00s Sys=0.00s Real=0.04s
[113.005s][info][gc,start       ] GC(711) Pause Young (Concurrent Start) (G1 Evacuation Pause)
[113.005s][info][gc,task        ] GC(711) Using 12 workers of 33 for evacuation
[113.007s][info][gc,phases      ] GC(711)   Pre Evacuate Collection Set: 0.2ms
[113.007s][info][gc,phases      ] GC(711)   Merge Heap Roots: 0.1ms
[113.007s][info][gc,phases      ] GC(711)   Evacuate Collection Set: 1.2ms
[113.007s][info][gc,phases      ] GC(711)   Post Evacuate Collection Set: 0.5ms
[113.007s][info][gc,phases      ] GC(711)   Other: 0.1ms
[113.007s][info][gc,heap        ] GC(711) Eden regions: 31->0(27)
[113.007s][info][gc,heap        ] GC(711) Survivor regions: 1->3(4)
[113.007s][info][gc,heap        ] GC(711) Old regions: 449->449
[113.007s][info][gc,heap        ] GC(711) Archive regions: 0->0
[113.007s][info][gc,heap        ] GC(711) Humongous regions: 3->3
[113.007s][info][gc,metaspace   ] GC(711) Metaspace: 16835K(17408K)->16835K(17408K) NonClass: 14391K(14720K)->14391K(14720K) Class: 2444K(2688K)->2444K(2688K)
[113.007s][info][gc             ] GC(711) Pause Young (Concurrent Start) (G1 Evacuation Pause) 480M->451M(512M) 2.616ms
[113.007s][info][gc             ] GC(712) Concurrent Mark Cycle
[113.007s][info][gc,cpu         ] GC(711) User=0.00s Sys=0.00s Real=0.00s
[113.007s][info][gc,marking     ] GC(712) Concurrent Scan Root Regions
[113.009s][info][gc,marking     ] GC(712) Concurrent Scan Root Regions 1.909ms
[113.009s][info][gc,marking     ] GC(712) Concurrent Mark
[113.009s][info][gc,marking     ] GC(712) Concurrent Mark From Roots
[113.009s][info][gc,task        ] GC(712) Using 8 workers of 8 for marking
[113.020s][info][gc,marking     ] GC(712) Concurrent Mark From Roots 10.566ms
[113.020s][info][gc,marking     ] GC(712) Concurrent Preclean
[113.020s][info][gc,marking     ] GC(712) Concurrent Preclean 0.059ms
[113.020s][info][gc,start       ] GC(712) Pause Remark
[113.021s][info][gc             ] GC(712) Pause Remark 452M->45M(160M) 1.315ms
[113.021s][info][gc,cpu         ] GC(712) User=0.00s Sys=0.00s Real=0.00s
[113.021s][info][gc,marking     ] GC(712) Concurrent Mark 12.249ms
[113.021s][info][gc,marking     ] GC(712) Concurrent Rebuild Remembered Sets and Scrub Regions
[113.025s][info][gc,marking     ] GC(712) Concurrent Rebuild Remembered Sets and Scrub Regions 3.525ms
[113.025s][info][gc,start       ] GC(712) Pause Cleanup
[113.025s][info][gc             ] GC(712) Pause Cleanup 46M->46M(160M) 0.219ms
[113.025s][info][gc,cpu         ] GC(712) User=0.00s Sys=0.00s Real=0.00s
[113.025s][info][gc,marking     ] GC(712) Concurrent Clear Claimed Marks
[113.026s][info][gc,marking     ] GC(712) Concurrent Clear Claimed Marks 0.042ms
[113.026s][info][gc,marking     ] GC(712) Concurrent Cleanup for Next Mark
[113.026s][info][gc,marking     ] GC(712) Concurrent Cleanup for Next Mark 0.221ms
[113.026s][info][gc             ] GC(712) Concurrent Mark Cycle 18.634ms
[113.891s][info][gc,start       ] GC(713) Pause Young (Prepare Mixed) (G1 Evacuation Pause)
[113.891s][info][gc,task        ] GC(713) Using 7 workers of 33 for evacuation
[113.894s][info][gc,phases      ] GC(713)   Pre Evacuate Collection Set: 0.1ms
[113.894s][info][gc,phases      ] GC(713)   Merge Heap Roots: 0.1ms
[113.894s][info][gc,phases      ] GC(713)   Evacuate Collection Set: 1.6ms
[113.894s][info][gc,phases      ] GC(713)   Post Evacuate Collection Set: 0.3ms
[113.894s][info][gc,phases      ] GC(713)   Other: 0.1ms
[113.894s][info][gc,heap        ] GC(713) Eden regions: 45->0(93)
[113.894s][info][gc,heap        ] GC(713) Survivor regions: 3->3(6)
[113.894s][info][gc,heap        ] GC(713) Old regions: 44->44
[113.894s][info][gc,heap        ] GC(713) Archive regions: 0->0
[113.894s][info][gc,heap        ] GC(713) Humongous regions: 0->0
[113.894s][info][gc,metaspace   ] GC(713) Metaspace: 16835K(17408K)->16835K(17408K) NonClass: 14391K(14720K)->14391K(14720K) Class: 2444K(2688K)->2444K(2688K)
[113.894s][info][gc             ] GC(713) Pause Young (Prepare Mixed) (G1 Evacuation Pause) 90M->45M(160M) 2.784ms
[113.894s][info][gc,cpu         ] GC(713) User=0.00s Sys=0.00s Real=0.00s
[114.224s][info][gc,start       ] GC(714) Pause Full (System.gc())
[114.224s][info][gc,task        ] GC(714) Using 5 workers of 33 for full compaction
[114.225s][info][gc,phases,start] GC(714) Phase 1: Mark live objects
[114.241s][info][gc,phases      ] GC(714) Phase 1: Mark live objects 16.410ms
[114.241s][info][gc,phases,start] GC(714) Phase 2: Prepare compaction
[114.243s][info][gc,phases      ] GC(714) Phase 2: Prepare compaction 2.105ms
[114.243s][info][gc,phases,start] GC(714) Phase 3: Adjust pointers
[114.248s][info][gc,phases      ] GC(714) Phase 3: Adjust pointers 4.413ms
[114.248s][info][gc,phases,start] GC(714) Phase 4: Compact heap
[114.249s][info][gc,phases      ] GC(714) Phase 4: Compact heap 1.274ms
[114.252s][info][gc,heap        ] GC(714) Eden regions: 15->0(45)
[114.252s][info][gc,heap        ] GC(714) Survivor regions: 3->0(6)
[114.252s][info][gc,heap        ] GC(714) Old regions: 44->23
[114.252s][info][gc,heap        ] GC(714) Archive regions: 0->0
[114.252s][info][gc,heap        ] GC(714) Humongous regions: 0->0
[114.252s][info][gc,metaspace   ] GC(714) Metaspace: 16836K(17408K)->16751K(17408K) NonClass: 14392K(14720K)->14330K(14720K) Class: 2444K(2688K)->2420K(2688K)
[114.252s][info][gc             ] GC(714) Pause Full (System.gc()) 60M->20M(77M) 27.866ms
[114.252s][info][gc,cpu         ] GC(714) User=0.16s Sys=0.00s Real=0.03s
[115.309s][info][gc,start       ] GC(715) Pause Young (Concurrent Start) (G1 Evacuation Pause)
[115.309s][info][gc,task        ] GC(715) Using 3 workers of 33 for evacuation
[115.342s][info][gc,phases      ] GC(715)   Pre Evacuate Collection Set: 0.2ms
[115.342s][info][gc,phases      ] GC(715)   Merge Heap Roots: 0.1ms
[115.342s][info][gc,phases      ] GC(715)   Evacuate Collection Set: 32.4ms
[115.343s][info][gc,phases      ] GC(715)   Post Evacuate Collection Set: 0.8ms
[115.343s][info][gc,phases      ] GC(715)   Other: 0.2ms
[115.343s][info][gc,heap        ] GC(715) Eden regions: 45->0(32)
[115.343s][info][gc,heap        ] GC(715) Survivor regions: 0->6(6)
[115.343s][info][gc,heap        ] GC(715) Old regions: 23->25
[115.343s][info][gc,heap        ] GC(715) Archive regions: 0->0
[115.343s][info][gc,heap        ] GC(715) Humongous regions: 0->0
[115.343s][info][gc,metaspace   ] GC(715) Metaspace: 16756K(17408K)->16756K(17408K) NonClass: 14336K(14720K)->14336K(14720K) Class: 2420K(2688K)->2420K(2688K)
[115.343s][info][gc             ] GC(715) Pause Young (Concurrent Start) (G1 Evacuation Pause) 65M->28M(77M) 34.216ms
[115.343s][info][gc             ] GC(716) Concurrent Mark Cycle
[115.343s][info][gc,cpu         ] GC(715) User=0.09s Sys=0.00s Real=0.03s
[115.343s][info][gc,marking     ] GC(716) Concurrent Scan Root Regions
[115.346s][info][gc,marking     ] GC(716) Concurrent Scan Root Regions 3.227ms
[115.346s][info][gc,marking     ] GC(716) Concurrent Mark
[115.346s][info][gc,marking     ] GC(716) Concurrent Mark From Roots
[115.346s][info][gc,task        ] GC(716) Using 8 workers of 8 for marking
[115.353s][info][gc,marking     ] GC(716) Concurrent Mark From Roots 6.553ms
[115.358s][info][gc,marking     ] GC(716) Concurrent Preclean
[115.358s][info][gc,marking     ] GC(716) Concurrent Preclean 0.089ms
[115.358s][info][gc,start       ] GC(716) Pause Remark
[115.359s][info][gc             ] GC(716) Pause Remark 30M->30M(77M) 1.488ms
[115.359s][info][gc,cpu         ] GC(716) User=0.00s Sys=0.00s Real=0.00s
[115.359s][info][gc,marking     ] GC(716) Concurrent Mark 13.213ms
[115.359s][info][gc,marking     ] GC(716) Concurrent Rebuild Remembered Sets and Scrub Regions
[115.366s][info][gc,marking     ] GC(716) Concurrent Rebuild Remembered Sets and Scrub Regions 6.916ms
[115.366s][info][gc,start       ] GC(716) Pause Cleanup
[115.367s][info][gc             ] GC(716) Pause Cleanup 31M->31M(77M) 0.150ms
[115.367s][info][gc,cpu         ] GC(716) User=0.00s Sys=0.00s Real=0.00s
[115.367s][info][gc,marking     ] GC(716) Concurrent Clear Claimed Marks
[115.367s][info][gc,marking     ] GC(716) Concurrent Clear Claimed Marks 0.037ms
[115.367s][info][gc,marking     ] GC(716) Concurrent Cleanup for Next Mark
[115.367s][info][gc,marking     ] GC(716) Concurrent Cleanup for Next Mark 0.135ms
[115.367s][info][gc             ] GC(716) Concurrent Mark Cycle 24.095ms
[116.673s][info][gc,start       ] GC(717) Pause Young (Prepare Mixed) (G1 Evacuation Pause)
[116.673s][info][gc,task        ] GC(717) Using 2 workers of 33 for evacuation
[116.719s][info][gc,phases      ] GC(717)   Pre Evacuate Collection Set: 0.1ms
[116.719s][info][gc,phases      ] GC(717)   Merge Heap Roots: 0.3ms
[116.719s][info][gc,phases      ] GC(717)   Evacuate Collection Set: 45.1ms
[116.719s][info][gc,phases      ] GC(717)   Post Evacuate Collection Set: 0.5ms
[116.719s][info][gc,phases      ] GC(717)   Other: 0.1ms
[116.719s][info][gc,heap        ] GC(717) Eden regions: 32->0(18)
[116.719s][info][gc,heap        ] GC(717) Survivor regions: 6->5(5)
[116.719s][info][gc,heap        ] GC(717) Old regions: 25->50
[116.719s][info][gc,heap        ] GC(717) Archive regions: 0->0
[116.719s][info][gc,heap        ] GC(717) Humongous regions: 0->0
[116.719s][info][gc,metaspace   ] GC(717) Metaspace: 16756K(17408K)->16756K(17408K) NonClass: 14336K(14720K)->14336K(14720K) Class: 2420K(2688K)->2420K(2688K)
[116.720s][info][gc             ] GC(717) Pause Young (Prepare Mixed) (G1 Evacuation Pause) 60M->52M(93M) 46.707ms
[116.720s][info][gc,cpu         ] GC(717) User=0.09s Sys=0.00s Real=0.05s
[116.724s][info][gc,start       ] GC(718) Pause Young (Mixed) (G1 Evacuation Pause)
[116.724s][info][gc,task        ] GC(718) Using 2 workers of 33 for evacuation
[116.737s][info][gc,phases      ] GC(718)   Pre Evacuate Collection Set: 0.1ms
[116.744s][info][gc,phases      ] GC(718)   Merge Heap Roots: 0.1ms
[116.744s][info][gc,phases      ] GC(718)   Evacuate Collection Set: 12.6ms
[116.744s][info][gc,phases      ] GC(718)   Post Evacuate Collection Set: 0.5ms
[116.745s][info][gc,phases      ] GC(718)   Other: 0.1ms
[116.745s][info][gc,heap        ] GC(718) Eden regions: 18->0(19)
[116.745s][info][gc,heap        ] GC(718) Survivor regions: 5->1(3)
[116.745s][info][gc,heap        ] GC(718) Old regions: 50->54
[116.745s][info][gc,heap        ] GC(718) Archive regions: 0->0
[116.745s][info][gc,heap        ] GC(718) Humongous regions: 0->0
[116.745s][info][gc,metaspace   ] GC(718) Metaspace: 16756K(17408K)->16756K(17408K) NonClass: 14336K(14720K)->14336K(14720K) Class: 2420K(2688K)->2420K(2688K)
[116.745s][info][gc             ] GC(718) Pause Young (Mixed) (G1 Evacuation Pause) 70M->53M(93M) 21.020ms
[116.745s][info][gc,cpu         ] GC(718) User=0.03s Sys=0.00s Real=0.02s
[116.749s][info][gc,start       ] GC(719) Pause Young (Concurrent Start) (G1 Evacuation Pause)
[116.749s][info][gc,task        ] GC(719) Using 2 workers of 33 for evacuation
[116.754s][info][gc,phases      ] GC(719)   Pre Evacuate Collection Set: 0.2ms
[116.754s][info][gc,phases      ] GC(719)   Merge Heap Roots: 0.1ms
[116.754s][info][gc,phases      ] GC(719)   Evacuate Collection Set: 4.0ms
[116.754s][info][gc,phases      ] GC(719)   Post Evacuate Collection Set: 0.4ms
[116.754s][info][gc,phases      ] GC(719)   Other: 0.1ms
[116.754s][info][gc,heap        ] GC(719) Eden regions: 19->0(21)
[116.754s][info][gc,heap        ] GC(719) Survivor regions: 1->1(3)
[116.754s][info][gc,heap        ] GC(719) Old regions: 54->54
[116.754s][info][gc,heap        ] GC(719) Archive regions: 0->0
[116.754s][info][gc,heap        ] GC(719) Humongous regions: 0->0
[116.754s][info][gc,metaspace   ] GC(719) Metaspace: 16756K(17408K)->16756K(17408K) NonClass: 14336K(14720K)->14336K(14720K) Class: 2420K(2688K)->2420K(2688K)
[116.754s][info][gc             ] GC(719) Pause Young (Concurrent Start) (G1 Evacuation Pause) 72M->53M(93M) 5.285ms
[116.754s][info][gc             ] GC(720) Concurrent Mark Cycle
[116.754s][info][gc,cpu         ] GC(719) User=0.03s Sys=0.00s Real=0.02s
[116.754s][info][gc,marking     ] GC(720) Concurrent Scan Root Regions
[116.757s][info][gc,marking     ] GC(720) Concurrent Scan Root Regions 2.836ms
[116.757s][info][gc,marking     ] GC(720) Concurrent Mark
[116.757s][info][gc,marking     ] GC(720) Concurrent Mark From Roots
[116.757s][info][gc,task        ] GC(720) Using 8 workers of 8 for marking
[116.759s][info][gc,start       ] GC(721) Pause Young (Normal) (G1 Evacuation Pause)
[116.759s][info][gc,task        ] GC(721) Using 2 workers of 33 for evacuation
[116.767s][info][gc,phases      ] GC(721)   Pre Evacuate Collection Set: 0.1ms
[116.767s][info][gc,phases      ] GC(721)   Merge Heap Roots: 0.1ms
[116.767s][info][gc,phases      ] GC(721)   Evacuate Collection Set: 3.6ms
[116.767s][info][gc,phases      ] GC(721)   Post Evacuate Collection Set: 3.7ms
[116.767s][info][gc,phases      ] GC(721)   Other: 0.1ms
[116.767s][info][gc,heap        ] GC(721) Eden regions: 21->0(131)
[116.767s][info][gc,heap        ] GC(721) Survivor regions: 1->1(3)
[116.767s][info][gc,heap        ] GC(721) Old regions: 54->54
[116.767s][info][gc,heap        ] GC(721) Archive regions: 0->0
[116.767s][info][gc,heap        ] GC(721) Humongous regions: 0->0
[116.767s][info][gc,metaspace   ] GC(721) Metaspace: 16756K(17408K)->16756K(17408K) NonClass: 14336K(14720K)->14336K(14720K) Class: 2420K(2688K)->2420K(2688K)
[116.767s][info][gc             ] GC(721) Pause Young (Normal) (G1 Evacuation Pause) 74M->53M(303M) 8.097ms
[116.767s][info][gc,cpu         ] GC(721) User=0.00s Sys=0.00s Real=0.00s
[116.783s][info][gc,marking     ] GC(720) Concurrent Mark From Roots 25.602ms
[116.783s][info][gc,marking     ] GC(720) Concurrent Preclean
[116.783s][info][gc,marking     ] GC(720) Concurrent Preclean 0.078ms
[116.784s][info][gc,start       ] GC(720) Pause Remark
[116.786s][info][gc             ] GC(720) Pause Remark 64M->36M(130M) 1.972ms
[116.786s][info][gc,cpu         ] GC(720) User=0.00s Sys=0.00s Real=0.00s
[116.786s][info][gc,marking     ] GC(720) Concurrent Mark 28.597ms
[116.786s][info][gc,marking     ] GC(720) Concurrent Rebuild Remembered Sets and Scrub Regions
[116.789s][info][gc,marking     ] GC(720) Concurrent Rebuild Remembered Sets and Scrub Regions 3.386ms
[116.790s][info][gc,start       ] GC(720) Pause Cleanup
[116.790s][info][gc             ] GC(720) Pause Cleanup 41M->41M(130M) 0.137ms
[116.790s][info][gc,cpu         ] GC(720) User=0.00s Sys=0.00s Real=0.00s
[116.790s][info][gc,marking     ] GC(720) Concurrent Clear Claimed Marks
[116.790s][info][gc,marking     ] GC(720) Concurrent Clear Claimed Marks 0.050ms
[116.790s][info][gc,marking     ] GC(720) Concurrent Cleanup for Next Mark
[116.791s][info][gc,marking     ] GC(720) Concurrent Cleanup for Next Mark 1.046ms
[116.791s][info][gc             ] GC(720) Concurrent Mark Cycle 36.710ms
[116.823s][info][gc,start       ] GC(722) Pause Young (Prepare Mixed) (G1 Evacuation Pause)
[116.823s][info][gc,task        ] GC(722) Using 3 workers of 33 for evacuation
[116.825s][info][gc,phases      ] GC(722)   Pre Evacuate Collection Set: 0.1ms
[116.825s][info][gc,phases      ] GC(722)   Merge Heap Roots: 0.0ms
[116.825s][info][gc,phases      ] GC(722)   Evacuate Collection Set: 1.3ms
[116.825s][info][gc,phases      ] GC(722)   Post Evacuate Collection Set: 0.3ms
[116.825s][info][gc,phases      ] GC(722)   Other: 0.1ms
[116.825s][info][gc,heap        ] GC(722) Eden regions: 77->0(62)
[116.825s][info][gc,heap        ] GC(722) Survivor regions: 1->1(10)
[116.825s][info][gc,heap        ] GC(722) Old regions: 26->26
[116.825s][info][gc,heap        ] GC(722) Archive regions: 0->0
[116.825s][info][gc,heap        ] GC(722) Humongous regions: 0->0
[116.825s][info][gc,metaspace   ] GC(722) Metaspace: 16756K(17408K)->16756K(17408K) NonClass: 14336K(14720K)->14336K(14720K) Class: 2420K(2688K)->2420K(2688K)
[116.825s][info][gc             ] GC(722) Pause Young (Prepare Mixed) (G1 Evacuation Pause) 102M->25M(130M) 1.954ms
[116.825s][info][gc,cpu         ] GC(722) User=0.00s Sys=0.00s Real=0.00s
[116.831s][info][gc,start       ] GC(723) Pause Young (Mixed) (G1 Evacuation Pause)
[116.831s][info][gc,task        ] GC(723) Using 3 workers of 33 for evacuation
[116.833s][info][gc,phases      ] GC(723)   Pre Evacuate Collection Set: 0.1ms
[116.833s][info][gc,phases      ] GC(723)   Merge Heap Roots: 0.0ms
[116.833s][info][gc,phases      ] GC(723)   Evacuate Collection Set: 1.4ms
[116.833s][info][gc,phases      ] GC(723)   Post Evacuate Collection Set: 0.3ms
[116.833s][info][gc,phases      ] GC(723)   Other: 0.1ms
[116.833s][info][gc,heap        ] GC(723) Eden regions: 62->0(66)
[116.833s][info][gc,heap        ] GC(723) Survivor regions: 1->2(8)
[116.833s][info][gc,heap        ] GC(723) Old regions: 26->26
[116.833s][info][gc,heap        ] GC(723) Archive regions: 0->0
[116.833s][info][gc,heap        ] GC(723) Humongous regions: 0->0
[116.833s][info][gc,metaspace   ] GC(723) Metaspace: 16756K(17408K)->16756K(17408K) NonClass: 14336K(14720K)->14336K(14720K) Class: 2420K(2688K)->2420K(2688K)
[116.833s][info][gc             ] GC(723) Pause Young (Mixed) (G1 Evacuation Pause) 87M->24M(130M) 2.001ms
[116.833s][info][gc,cpu         ] GC(723) User=0.02s Sys=0.00s Real=0.02s
[116.840s][info][gc,start       ] GC(724) Pause Young (Concurrent Start) (G1 Evacuation Pause)
[116.840s][info][gc,task        ] GC(724) Using 3 workers of 33 for evacuation
[116.842s][info][gc,phases      ] GC(724)   Pre Evacuate Collection Set: 0.1ms
[116.842s][info][gc,phases      ] GC(724)   Merge Heap Roots: 0.0ms
[116.842s][info][gc,phases      ] GC(724)   Evacuate Collection Set: 1.6ms
[116.842s][info][gc,phases      ] GC(724)   Post Evacuate Collection Set: 0.2ms
[116.842s][info][gc,phases      ] GC(724)   Other: 0.1ms
[116.842s][info][gc,heap        ] GC(724) Eden regions: 66->0(70)
[116.842s][info][gc,heap        ] GC(724) Survivor regions: 2->2(9)
[116.842s][info][gc,heap        ] GC(724) Old regions: 26->26
[116.842s][info][gc,heap        ] GC(724) Archive regions: 0->0
[116.842s][info][gc,heap        ] GC(724) Humongous regions: 0->0
[116.842s][info][gc,metaspace   ] GC(724) Metaspace: 16756K(17408K)->16756K(17408K) NonClass: 14336K(14720K)->14336K(14720K) Class: 2420K(2688K)->2420K(2688K)
[116.842s][info][gc             ] GC(724) Pause Young (Concurrent Start) (G1 Evacuation Pause) 90M->24M(130M) 2.313ms
[116.842s][info][gc             ] GC(725) Concurrent Mark Cycle
[116.842s][info][gc,cpu         ] GC(724) User=0.00s Sys=0.00s Real=0.00s
[116.842s][info][gc,marking     ] GC(725) Concurrent Scan Root Regions
[116.844s][info][gc,marking     ] GC(725) Concurrent Scan Root Regions 1.758ms
[116.844s][info][gc,marking     ] GC(725) Concurrent Mark
[116.844s][info][gc,marking     ] GC(725) Concurrent Mark From Roots
[116.844s][info][gc,task        ] GC(725) Using 8 workers of 8 for marking
[116.850s][info][gc,start       ] GC(726) Pause Young (Normal) (G1 Evacuation Pause)
[116.850s][info][gc,task        ] GC(726) Using 3 workers of 33 for evacuation
[116.852s][info][gc,phases      ] GC(726)   Pre Evacuate Collection Set: 0.1ms
[116.852s][info][gc,phases      ] GC(726)   Merge Heap Roots: 0.0ms
[116.852s][info][gc,phases      ] GC(726)   Evacuate Collection Set: 1.5ms
[116.852s][info][gc,phases      ] GC(726)   Post Evacuate Collection Set: 0.2ms
[116.852s][info][gc,phases      ] GC(726)   Other: 0.1ms
[116.852s][info][gc,heap        ] GC(726) Eden regions: 70->0(74)
[116.852s][info][gc,heap        ] GC(726) Survivor regions: 2->2(9)
[116.852s][info][gc,heap        ] GC(726) Old regions: 26->26
[116.852s][info][gc,heap        ] GC(726) Archive regions: 0->0
[116.852s][info][gc,heap        ] GC(726) Humongous regions: 0->0
[116.852s][info][gc,metaspace   ] GC(726) Metaspace: 16756K(17408K)->16756K(17408K) NonClass: 14336K(14720K)->14336K(14720K) Class: 2420K(2688K)->2420K(2688K)
[116.852s][info][gc             ] GC(726) Pause Young (Normal) (G1 Evacuation Pause) 94M->24M(130M) 2.133ms
[116.852s][info][gc,cpu         ] GC(726) User=0.00s Sys=0.00s Real=0.00s
[116.855s][info][gc,marking     ] GC(725) Concurrent Mark From Roots 10.929ms
[116.855s][info][gc,marking     ] GC(725) Concurrent Preclean
[116.855s][info][gc,marking     ] GC(725) Concurrent Preclean 0.053ms
[116.855s][info][gc,start       ] GC(725) Pause Remark
[116.856s][info][gc             ] GC(725) Pause Remark 54M->54M(130M) 0.996ms
[116.856s][info][gc,cpu         ] GC(725) User=0.00s Sys=0.00s Real=0.00s
[116.856s][info][gc,marking     ] GC(725) Concurrent Mark 12.255ms
[116.857s][info][gc,marking     ] GC(725) Concurrent Rebuild Remembered Sets and Scrub Regions
[116.860s][info][gc,marking     ] GC(725) Concurrent Rebuild Remembered Sets and Scrub Regions 3.385ms
[116.860s][info][gc,start       ] GC(725) Pause Cleanup
[116.860s][info][gc             ] GC(725) Pause Cleanup 87M->87M(130M) 0.088ms
[116.860s][info][gc,cpu         ] GC(725) User=0.00s Sys=0.00s Real=0.00s
[116.860s][info][gc,marking     ] GC(725) Concurrent Clear Claimed Marks
[116.860s][info][gc,marking     ] GC(725) Concurrent Clear Claimed Marks 0.032ms
[116.860s][info][gc,marking     ] GC(725) Concurrent Cleanup for Next Mark
[116.861s][info][gc,marking     ] GC(725) Concurrent Cleanup for Next Mark 0.335ms
[116.861s][info][gc             ] GC(725) Concurrent Mark Cycle 18.402ms
[116.861s][info][gc,start       ] GC(727) Pause Young (Prepare Mixed) (G1 Evacuation Pause)
[116.861s][info][gc,task        ] GC(727) Using 3 workers of 33 for evacuation
[116.863s][info][gc,phases      ] GC(727)   Pre Evacuate Collection Set: 0.1ms
[116.863s][info][gc,phases      ] GC(727)   Merge Heap Roots: 0.0ms
[116.863s][info][gc,phases      ] GC(727)   Evacuate Collection Set: 1.5ms
[116.863s][info][gc,phases      ] GC(727)   Post Evacuate Collection Set: 0.3ms
[116.863s][info][gc,phases      ] GC(727)   Other: 0.1ms
[116.864s][info][gc,heap        ] GC(727) Eden regions: 74->0(76)
[116.864s][info][gc,heap        ] GC(727) Survivor regions: 2->2(10)
[116.864s][info][gc,heap        ] GC(727) Old regions: 26->26
[116.864s][info][gc,heap        ] GC(727) Archive regions: 0->0
[116.864s][info][gc,heap        ] GC(727) Humongous regions: 0->0
[116.864s][info][gc,metaspace   ] GC(727) Metaspace: 16756K(17408K)->16756K(17408K) NonClass: 14336K(14720K)->14336K(14720K) Class: 2420K(2688K)->2420K(2688K)
[116.864s][info][gc             ] GC(727) Pause Young (Prepare Mixed) (G1 Evacuation Pause) 98M->24M(130M) 2.132ms
[116.864s][info][gc,cpu         ] GC(727) User=0.00s Sys=0.00s Real=0.00s
[116.871s][info][gc,start       ] GC(728) Pause Young (Mixed) (G1 Evacuation Pause)
[116.871s][info][gc,task        ] GC(728) Using 3 workers of 33 for evacuation
[116.875s][info][gc,phases      ] GC(728)   Pre Evacuate Collection Set: 0.1ms
[116.875s][info][gc,phases      ] GC(728)   Merge Heap Roots: 0.0ms
[116.875s][info][gc,phases      ] GC(728)   Evacuate Collection Set: 1.6ms
[116.875s][info][gc,phases      ] GC(728)   Post Evacuate Collection Set: 1.4ms
[116.875s][info][gc,phases      ] GC(728)   Other: 0.1ms
[116.875s][info][gc,heap        ] GC(728) Eden regions: 76->0(157)
[116.875s][info][gc,heap        ] GC(728) Survivor regions: 2->2(10)
[116.875s][info][gc,heap        ] GC(728) Old regions: 26->25
[116.875s][info][gc,heap        ] GC(728) Archive regions: 0->0
[116.875s][info][gc,heap        ] GC(728) Humongous regions: 0->0
[116.875s][info][gc,metaspace   ] GC(728) Metaspace: 16756K(17408K)->16756K(17408K) NonClass: 14336K(14720K)->14336K(14720K) Class: 2420K(2688K)->2420K(2688K)
[116.875s][info][gc             ] GC(728) Pause Young (Mixed) (G1 Evacuation Pause) 100M->23M(265M) 3.369ms
[116.875s][info][gc,cpu         ] GC(728) User=0.00s Sys=0.00s Real=0.00s
[116.958s][info][gc,start       ] GC(729) Pause Young (Normal) (G1 Evacuation Pause)
[116.958s][info][gc,task        ] GC(729) Using 6 workers of 33 for evacuation
[116.959s][info][gc,phases      ] GC(729)   Pre Evacuate Collection Set: 0.1ms
[116.959s][info][gc,phases      ] GC(729)   Merge Heap Roots: 0.1ms
[116.959s][info][gc,phases      ] GC(729)   Evacuate Collection Set: 0.9ms
[116.959s][info][gc,phases      ] GC(729)   Post Evacuate Collection Set: 0.3ms
[116.960s][info][gc,phases      ] GC(729)   Other: 0.1ms
[116.960s][info][gc,heap        ] GC(729) Eden regions: 157->0(157)
[116.960s][info][gc,heap        ] GC(729) Survivor regions: 2->2(20)
[116.960s][info][gc,heap        ] GC(729) Old regions: 25->25
[116.960s][info][gc,heap        ] GC(729) Archive regions: 0->0
[116.960s][info][gc,heap        ] GC(729) Humongous regions: 0->0
[116.960s][info][gc,metaspace   ] GC(729) Metaspace: 16756K(17408K)->16756K(17408K) NonClass: 14336K(14720K)->14336K(14720K) Class: 2420K(2688K)->2420K(2688K)
[116.960s][info][gc             ] GC(729) Pause Young (Normal) (G1 Evacuation Pause) 180M->23M(265M) 1.614ms
[116.960s][info][gc,cpu         ] GC(729) User=0.00s Sys=0.00s Real=0.00s
[116.977s][info][gc,start       ] GC(730) Pause Young (Normal) (G1 Evacuation Pause)
[116.977s][info][gc,task        ] GC(730) Using 6 workers of 33 for evacuation
[116.978s][info][gc,phases      ] GC(730)   Pre Evacuate Collection Set: 0.1ms
[116.978s][info][gc,phases      ] GC(730)   Merge Heap Roots: 0.1ms
[116.978s][info][gc,phases      ] GC(730)   Evacuate Collection Set: 0.9ms
[116.978s][info][gc,phases      ] GC(730)   Post Evacuate Collection Set: 0.3ms
[116.978s][info][gc,phases      ] GC(730)   Other: 0.1ms
[116.978s][info][gc,heap        ] GC(730) Eden regions: 157->0(157)
[116.978s][info][gc,heap        ] GC(730) Survivor regions: 2->2(20)
[116.978s][info][gc,heap        ] GC(730) Old regions: 25->25
[116.978s][info][gc,heap        ] GC(730) Archive regions: 0->0
[116.978s][info][gc,heap        ] GC(730) Humongous regions: 0->0
[116.978s][info][gc,metaspace   ] GC(730) Metaspace: 16756K(17408K)->16756K(17408K) NonClass: 14336K(14720K)->14336K(14720K) Class: 2420K(2688K)->2420K(2688K)
[116.978s][info][gc             ] GC(730) Pause Young (Normal) (G1 Evacuation Pause) 180M->23M(265M) 1.630ms
[116.978s][info][gc,cpu         ] GC(730) User=0.00s Sys=0.00s Real=0.00s
[116.995s][info][gc,start       ] GC(731) Pause Young (Concurrent Start) (G1 Evacuation Pause)
[116.995s][info][gc,task        ] GC(731) Using 6 workers of 33 for evacuation
[116.997s][info][gc,phases      ] GC(731)   Pre Evacuate Collection Set: 0.2ms
[116.997s][info][gc,phases      ] GC(731)   Merge Heap Roots: 0.1ms
[116.997s][info][gc,phases      ] GC(731)   Evacuate Collection Set: 0.9ms
[116.997s][info][gc,phases      ] GC(731)   Post Evacuate Collection Set: 0.3ms
[116.997s][info][gc,phases      ] GC(731)   Other: 0.1ms
[116.997s][info][gc,heap        ] GC(731) Eden regions: 157->0(157)
[116.997s][info][gc,heap        ] GC(731) Survivor regions: 2->2(20)
[116.997s][info][gc,heap        ] GC(731) Old regions: 25->25
[116.997s][info][gc,heap        ] GC(731) Archive regions: 0->0
[116.997s][info][gc,heap        ] GC(731) Humongous regions: 0->0
[116.997s][info][gc,metaspace   ] GC(731) Metaspace: 16756K(17408K)->16756K(17408K) NonClass: 14336K(14720K)->14336K(14720K) Class: 2420K(2688K)->2420K(2688K)
[116.997s][info][gc             ] GC(731) Pause Young (Concurrent Start) (G1 Evacuation Pause) 180M->23M(265M) 1.740ms
[116.997s][info][gc             ] GC(732) Concurrent Mark Cycle
[116.997s][info][gc,cpu         ] GC(731) User=0.00s Sys=0.00s Real=0.00s
[116.997s][info][gc,marking     ] GC(732) Concurrent Scan Root Regions
[116.999s][info][gc,marking     ] GC(732) Concurrent Scan Root Regions 1.882ms
[116.999s][info][gc,marking     ] GC(732) Concurrent Mark
[116.999s][info][gc,marking     ] GC(732) Concurrent Mark From Roots
[116.999s][info][gc,task        ] GC(732) Using 8 workers of 8 for marking
[117.008s][info][gc,marking     ] GC(732) Concurrent Mark From Roots 8.971ms
[117.008s][info][gc,marking     ] GC(732) Concurrent Preclean
[117.008s][info][gc,marking     ] GC(732) Concurrent Preclean 0.062ms
[117.008s][info][gc,start       ] GC(732) Pause Remark
[117.009s][info][gc             ] GC(732) Pause Remark 121M->121M(265M) 0.755ms
[117.009s][info][gc,cpu         ] GC(732) User=0.00s Sys=0.00s Real=0.00s
[117.009s][info][gc,marking     ] GC(732) Concurrent Mark 10.230ms
[117.009s][info][gc,marking     ] GC(732) Concurrent Rebuild Remembered Sets and Scrub Regions
[117.013s][info][gc,marking     ] GC(732) Concurrent Rebuild Remembered Sets and Scrub Regions 3.389ms
[117.013s][info][gc,start       ] GC(732) Pause Cleanup
[117.013s][info][gc             ] GC(732) Pause Cleanup 152M->152M(265M) 0.089ms
[117.013s][info][gc,cpu         ] GC(732) User=0.00s Sys=0.00s Real=0.00s
[117.013s][info][gc,marking     ] GC(732) Concurrent Clear Claimed Marks
[117.013s][info][gc,marking     ] GC(732) Concurrent Clear Claimed Marks 0.038ms
[117.013s][info][gc,marking     ] GC(732) Concurrent Cleanup for Next Mark
[117.014s][info][gc,marking     ] GC(732) Concurrent Cleanup for Next Mark 0.500ms
[117.014s][info][gc             ] GC(732) Concurrent Mark Cycle 16.684ms
[117.016s][info][gc,start       ] GC(733) Pause Young (Prepare Mixed) (G1 Evacuation Pause)
[117.016s][info][gc,task        ] GC(733) Using 6 workers of 33 for evacuation
[117.018s][info][gc,phases      ] GC(733)   Pre Evacuate Collection Set: 0.1ms
[117.018s][info][gc,phases      ] GC(733)   Merge Heap Roots: 0.1ms
[117.018s][info][gc,phases      ] GC(733)   Evacuate Collection Set: 0.9ms
[117.018s][info][gc,phases      ] GC(733)   Post Evacuate Collection Set: 0.3ms
[117.018s][info][gc,phases      ] GC(733)   Other: 0.1ms
[117.018s][info][gc,heap        ] GC(733) Eden regions: 157->0(157)
[117.018s][info][gc,heap        ] GC(733) Survivor regions: 2->2(20)
[117.018s][info][gc,heap        ] GC(733) Old regions: 25->25
[117.018s][info][gc,heap        ] GC(733) Archive regions: 0->0
[117.018s][info][gc,heap        ] GC(733) Humongous regions: 0->0
[117.018s][info][gc,metaspace   ] GC(733) Metaspace: 16756K(17408K)->16756K(17408K) NonClass: 14336K(14720K)->14336K(14720K) Class: 2420K(2688K)->2420K(2688K)
[117.018s][info][gc             ] GC(733) Pause Young (Prepare Mixed) (G1 Evacuation Pause) 180M->23M(265M) 1.586ms
[117.018s][info][gc,cpu         ] GC(733) User=0.00s Sys=0.00s Real=0.00s
[117.035s][info][gc,start       ] GC(734) Pause Young (Mixed) (G1 Evacuation Pause)
[117.035s][info][gc,task        ] GC(734) Using 6 workers of 33 for evacuation
[117.036s][info][gc,phases      ] GC(734)   Pre Evacuate Collection Set: 0.1ms
[117.036s][info][gc,phases      ] GC(734)   Merge Heap Roots: 0.1ms
[117.037s][info][gc,phases      ] GC(734)   Evacuate Collection Set: 1.0ms
[117.037s][info][gc,phases      ] GC(734)   Post Evacuate Collection Set: 0.3ms
[117.037s][info][gc,phases      ] GC(734)   Other: 0.1ms
[117.037s][info][gc,heap        ] GC(734) Eden regions: 157->0(157)
[117.037s][info][gc,heap        ] GC(734) Survivor regions: 2->2(20)
[117.037s][info][gc,heap        ] GC(734) Old regions: 25->24
[117.037s][info][gc,heap        ] GC(734) Archive regions: 0->0
[117.037s][info][gc,heap        ] GC(734) Humongous regions: 0->0
[117.037s][info][gc,metaspace   ] GC(734) Metaspace: 16756K(17408K)->16756K(17408K) NonClass: 14336K(14720K)->14336K(14720K) Class: 2420K(2688K)->2420K(2688K)
[117.037s][info][gc             ] GC(734) Pause Young (Mixed) (G1 Evacuation Pause) 180M->22M(265M) 1.663ms
[117.037s][info][gc,cpu         ] GC(734) User=0.00s Sys=0.00s Real=0.00s
[117.053s][info][gc,start       ] GC(735) Pause Young (Concurrent Start) (G1 Evacuation Pause)
[117.053s][info][gc,task        ] GC(735) Using 6 workers of 33 for evacuation
[117.055s][info][gc,phases      ] GC(735)   Pre Evacuate Collection Set: 0.2ms
[117.055s][info][gc,phases      ] GC(735)   Merge Heap Roots: 0.1ms
[117.055s][info][gc,phases      ] GC(735)   Evacuate Collection Set: 1.0ms
[117.055s][info][gc,phases      ] GC(735)   Post Evacuate Collection Set: 0.3ms
[117.055s][info][gc,phases      ] GC(735)   Other: 0.1ms
[117.055s][info][gc,heap        ] GC(735) Eden regions: 157->0(157)
[117.055s][info][gc,heap        ] GC(735) Survivor regions: 2->2(20)
[117.055s][info][gc,heap        ] GC(735) Old regions: 24->24
[117.055s][info][gc,heap        ] GC(735) Archive regions: 0->0
[117.055s][info][gc,heap        ] GC(735) Humongous regions: 0->0
[117.055s][info][gc,metaspace   ] GC(735) Metaspace: 16756K(17408K)->16756K(17408K) NonClass: 14336K(14720K)->14336K(14720K) Class: 2420K(2688K)->2420K(2688K)
[117.055s][info][gc             ] GC(735) Pause Young (Concurrent Start) (G1 Evacuation Pause) 179M->22M(265M) 1.804ms
[117.055s][info][gc             ] GC(736) Concurrent Mark Cycle
[117.055s][info][gc,cpu         ] GC(735) User=0.00s Sys=0.00s Real=0.00s
[117.055s][info][gc,marking     ] GC(736) Concurrent Scan Root Regions
[117.057s][info][gc,marking     ] GC(736) Concurrent Scan Root Regions 1.739ms
[117.057s][info][gc,marking     ] GC(736) Concurrent Mark
[117.057s][info][gc,marking     ] GC(736) Concurrent Mark From Roots
[117.057s][info][gc,task        ] GC(736) Using 8 workers of 8 for marking
[117.065s][info][gc,marking     ] GC(736) Concurrent Mark From Roots 7.628ms
[117.065s][info][gc,marking     ] GC(736) Concurrent Preclean
[117.065s][info][gc,marking     ] GC(736) Concurrent Preclean 0.058ms
[117.065s][info][gc,start       ] GC(736) Pause Remark
[117.066s][info][gc             ] GC(736) Pause Remark 106M->106M(265M) 0.731ms
[117.066s][info][gc,cpu         ] GC(736) User=0.00s Sys=0.00s Real=0.00s
[117.066s][info][gc,marking     ] GC(736) Concurrent Mark 8.853ms
[117.066s][info][gc,marking     ] GC(736) Concurrent Rebuild Remembered Sets and Scrub Regions
[117.069s][info][gc,marking     ] GC(736) Concurrent Rebuild Remembered Sets and Scrub Regions 3.381ms
[117.069s][info][gc,start       ] GC(736) Pause Cleanup
[117.069s][info][gc             ] GC(736) Pause Cleanup 137M->137M(265M) 0.105ms
[117.070s][info][gc,cpu         ] GC(736) User=0.00s Sys=0.00s Real=0.00s
[117.070s][info][gc,marking     ] GC(736) Concurrent Clear Claimed Marks
[117.070s][info][gc,marking     ] GC(736) Concurrent Clear Claimed Marks 0.112ms
[117.070s][info][gc,marking     ] GC(736) Concurrent Cleanup for Next Mark
[117.070s][info][gc,marking     ] GC(736) Concurrent Cleanup for Next Mark 0.592ms
[117.071s][info][gc             ] GC(736) Concurrent Mark Cycle 15.418ms
[117.074s][info][gc,start       ] GC(737) Pause Young (Prepare Mixed) (G1 Evacuation Pause)
[117.074s][info][gc,task        ] GC(737) Using 6 workers of 33 for evacuation
[117.076s][info][gc,phases      ] GC(737)   Pre Evacuate Collection Set: 0.1ms
[117.076s][info][gc,phases      ] GC(737)   Merge Heap Roots: 0.1ms
[117.076s][info][gc,phases      ] GC(737)   Evacuate Collection Set: 0.9ms
[117.076s][info][gc,phases      ] GC(737)   Post Evacuate Collection Set: 0.3ms
[117.076s][info][gc,phases      ] GC(737)   Other: 0.1ms
[117.076s][info][gc,heap        ] GC(737) Eden regions: 157->0(157)
[117.076s][info][gc,heap        ] GC(737) Survivor regions: 2->2(20)
[117.076s][info][gc,heap        ] GC(737) Old regions: 24->24
[117.076s][info][gc,heap        ] GC(737) Archive regions: 0->0
[117.076s][info][gc,heap        ] GC(737) Humongous regions: 0->0
[117.076s][info][gc,metaspace   ] GC(737) Metaspace: 16756K(17408K)->16756K(17408K) NonClass: 14336K(14720K)->14336K(14720K) Class: 2420K(2688K)->2420K(2688K)
[117.076s][info][gc             ] GC(737) Pause Young (Prepare Mixed) (G1 Evacuation Pause) 179M->22M(265M) 1.621ms
[117.076s][info][gc,cpu         ] GC(737) User=0.00s Sys=0.00s Real=0.00s
[117.093s][info][gc,start       ] GC(738) Pause Young (Mixed) (G1 Evacuation Pause)
[117.093s][info][gc,task        ] GC(738) Using 6 workers of 33 for evacuation
[117.095s][info][gc,phases      ] GC(738)   Pre Evacuate Collection Set: 0.1ms
[117.095s][info][gc,phases      ] GC(738)   Merge Heap Roots: 0.0ms
[117.095s][info][gc,phases      ] GC(738)   Evacuate Collection Set: 1.0ms
[117.095s][info][gc,phases      ] GC(738)   Post Evacuate Collection Set: 0.3ms
[117.095s][info][gc,phases      ] GC(738)   Other: 0.1ms
[117.095s][info][gc,heap        ] GC(738) Eden regions: 157->0(157)
[117.095s][info][gc,heap        ] GC(738) Survivor regions: 2->2(20)
[117.095s][info][gc,heap        ] GC(738) Old regions: 24->23
[117.095s][info][gc,heap        ] GC(738) Archive regions: 0->0
[117.095s][info][gc,heap        ] GC(738) Humongous regions: 0->0
[117.095s][info][gc,metaspace   ] GC(738) Metaspace: 16756K(17408K)->16756K(17408K) NonClass: 14336K(14720K)->14336K(14720K) Class: 2420K(2688K)->2420K(2688K)
[117.095s][info][gc             ] GC(738) Pause Young (Mixed) (G1 Evacuation Pause) 179M->22M(265M) 1.695ms
[117.095s][info][gc,cpu         ] GC(738) User=0.00s Sys=0.00s Real=0.00s
[117.112s][info][gc,start       ] GC(739) Pause Young (Concurrent Start) (G1 Evacuation Pause)
[117.112s][info][gc,task        ] GC(739) Using 6 workers of 33 for evacuation
[117.113s][info][gc,phases      ] GC(739)   Pre Evacuate Collection Set: 0.2ms
[117.113s][info][gc,phases      ] GC(739)   Merge Heap Roots: 0.1ms
[117.113s][info][gc,phases      ] GC(739)   Evacuate Collection Set: 0.9ms
[117.113s][info][gc,phases      ] GC(739)   Post Evacuate Collection Set: 0.3ms
[117.113s][info][gc,phases      ] GC(739)   Other: 0.1ms
[117.114s][info][gc,heap        ] GC(739) Eden regions: 157->0(157)
[117.114s][info][gc,heap        ] GC(739) Survivor regions: 2->2(20)
[117.114s][info][gc,heap        ] GC(739) Old regions: 23->23
[117.114s][info][gc,heap        ] GC(739) Archive regions: 0->0
[117.114s][info][gc,heap        ] GC(739) Humongous regions: 0->0
[117.114s][info][gc,metaspace   ] GC(739) Metaspace: 16756K(17408K)->16756K(17408K) NonClass: 14336K(14720K)->14336K(14720K) Class: 2420K(2688K)->2420K(2688K)
[117.114s][info][gc             ] GC(739) Pause Young (Concurrent Start) (G1 Evacuation Pause) 179M->22M(265M) 1.692ms
[117.114s][info][gc             ] GC(740) Concurrent Mark Cycle
[117.114s][info][gc,cpu         ] GC(739) User=0.00s Sys=0.00s Real=0.00s
[117.114s][info][gc,marking     ] GC(740) Concurrent Scan Root Regions
[117.115s][info][gc,marking     ] GC(740) Concurrent Scan Root Regions 1.572ms
[117.115s][info][gc,marking     ] GC(740) Concurrent Mark
[117.115s][info][gc,marking     ] GC(740) Concurrent Mark From Roots
[117.115s][info][gc,task        ] GC(740) Using 8 workers of 8 for marking
[117.122s][info][gc,marking     ] GC(740) Concurrent Mark From Roots 6.727ms
[117.122s][info][gc,marking     ] GC(740) Concurrent Preclean
[117.122s][info][gc,marking     ] GC(740) Concurrent Preclean 0.050ms
[117.122s][info][gc,start       ] GC(740) Pause Remark
[117.123s][info][gc             ] GC(740) Pause Remark 94M->94M(265M) 0.724ms
[117.123s][info][gc,cpu         ] GC(740) User=0.00s Sys=0.00s Real=0.00s
[117.123s][info][gc,marking     ] GC(740) Concurrent Mark 7.828ms
[117.123s][info][gc,marking     ] GC(740) Concurrent Rebuild Remembered Sets and Scrub Regions
[117.126s][info][gc,marking     ] GC(740) Concurrent Rebuild Remembered Sets and Scrub Regions 3.047ms
[117.126s][info][gc,start       ] GC(740) Pause Cleanup
[117.127s][info][gc             ] GC(740) Pause Cleanup 122M->122M(265M) 0.088ms
[117.127s][info][gc,cpu         ] GC(740) User=0.00s Sys=0.00s Real=0.00s
[117.127s][info][gc,marking     ] GC(740) Concurrent Clear Claimed Marks
[117.127s][info][gc,marking     ] GC(740) Concurrent Clear Claimed Marks 0.032ms
[117.127s][info][gc,marking     ] GC(740) Concurrent Cleanup for Next Mark
[117.127s][info][gc,marking     ] GC(740) Concurrent Cleanup for Next Mark 0.561ms
[117.127s][info][gc             ] GC(740) Concurrent Mark Cycle 13.677ms
[117.133s][info][gc,start       ] GC(741) Pause Young (Prepare Mixed) (G1 Evacuation Pause)
[117.133s][info][gc,task        ] GC(741) Using 6 workers of 33 for evacuation
[117.134s][info][gc,phases      ] GC(741)   Pre Evacuate Collection Set: 0.1ms
[117.134s][info][gc,phases      ] GC(741)   Merge Heap Roots: 0.1ms
[117.134s][info][gc,phases      ] GC(741)   Evacuate Collection Set: 0.9ms
[117.135s][info][gc,phases      ] GC(741)   Post Evacuate Collection Set: 0.3ms
[117.135s][info][gc,phases      ] GC(741)   Other: 0.1ms
[117.135s][info][gc,heap        ] GC(741) Eden regions: 157->0(157)
[117.135s][info][gc,heap        ] GC(741) Survivor regions: 2->2(20)
[117.135s][info][gc,heap        ] GC(741) Old regions: 23->23
[117.135s][info][gc,heap        ] GC(741) Archive regions: 0->0
[117.135s][info][gc,heap        ] GC(741) Humongous regions: 0->0
[117.135s][info][gc,metaspace   ] GC(741) Metaspace: 16756K(17408K)->16756K(17408K) NonClass: 14336K(14720K)->14336K(14720K) Class: 2420K(2688K)->2420K(2688K)
[117.135s][info][gc             ] GC(741) Pause Young (Prepare Mixed) (G1 Evacuation Pause) 179M->22M(265M) 1.559ms
[117.135s][info][gc,cpu         ] GC(741) User=0.00s Sys=0.00s Real=0.00s
[117.152s][info][gc,start       ] GC(742) Pause Young (Mixed) (G1 Evacuation Pause)
[117.152s][info][gc,task        ] GC(742) Using 6 workers of 33 for evacuation
[117.154s][info][gc,phases      ] GC(742)   Pre Evacuate Collection Set: 0.1ms
[117.154s][info][gc,phases      ] GC(742)   Merge Heap Roots: 0.0ms
[117.154s][info][gc,phases      ] GC(742)   Evacuate Collection Set: 1.0ms
[117.154s][info][gc,phases      ] GC(742)   Post Evacuate Collection Set: 0.4ms
[117.154s][info][gc,phases      ] GC(742)   Other: 0.1ms
[117.154s][info][gc,heap        ] GC(742) Eden regions: 157->0(163)
[117.154s][info][gc,heap        ] GC(742) Survivor regions: 2->2(20)
[117.154s][info][gc,heap        ] GC(742) Old regions: 23->22
[117.154s][info][gc,heap        ] GC(742) Archive regions: 0->0
[117.154s][info][gc,heap        ] GC(742) Humongous regions: 0->0
[117.154s][info][gc,metaspace   ] GC(742) Metaspace: 16756K(17408K)->16756K(17408K) NonClass: 14336K(14720K)->14336K(14720K) Class: 2420K(2688K)->2420K(2688K)
[117.154s][info][gc             ] GC(742) Pause Young (Mixed) (G1 Evacuation Pause) 179M->22M(275M) 1.836ms
[117.154s][info][gc,cpu         ] GC(742) User=0.00s Sys=0.00s Real=0.00s
[117.175s][info][gc,start       ] GC(743) Pause Young (Concurrent Start) (G1 Evacuation Pause)
[117.176s][info][gc,task        ] GC(743) Using 6 workers of 33 for evacuation
[117.177s][info][gc,phases      ] GC(743)   Pre Evacuate Collection Set: 0.2ms
[117.177s][info][gc,phases      ] GC(743)   Merge Heap Roots: 0.1ms
[117.177s][info][gc,phases      ] GC(743)   Evacuate Collection Set: 0.9ms
[117.177s][info][gc,phases      ] GC(743)   Post Evacuate Collection Set: 0.3ms
[117.177s][info][gc,phases      ] GC(743)   Other: 0.1ms
[117.177s][info][gc,heap        ] GC(743) Eden regions: 163->0(163)
[117.177s][info][gc,heap        ] GC(743) Survivor regions: 2->2(21)
[117.177s][info][gc,heap        ] GC(743) Old regions: 22->22
[117.177s][info][gc,heap        ] GC(743) Archive regions: 0->0
[117.177s][info][gc,heap        ] GC(743) Humongous regions: 0->0
[117.177s][info][gc,metaspace   ] GC(743) Metaspace: 16756K(17408K)->16756K(17408K) NonClass: 14336K(14720K)->14336K(14720K) Class: 2420K(2688K)->2420K(2688K)
[117.177s][info][gc             ] GC(743) Pause Young (Concurrent Start) (G1 Evacuation Pause) 185M->22M(275M) 1.771ms
[117.177s][info][gc             ] GC(744) Concurrent Mark Cycle
[117.177s][info][gc,cpu         ] GC(743) User=0.00s Sys=0.00s Real=0.01s
[117.177s][info][gc,marking     ] GC(744) Concurrent Scan Root Regions
[117.179s][info][gc,marking     ] GC(744) Concurrent Scan Root Regions 1.536ms
[117.179s][info][gc,marking     ] GC(744) Concurrent Mark
[117.179s][info][gc,marking     ] GC(744) Concurrent Mark From Roots
[117.179s][info][gc,task        ] GC(744) Using 8 workers of 8 for marking
[117.185s][info][gc,marking     ] GC(744) Concurrent Mark From Roots 6.656ms
[117.186s][info][gc,marking     ] GC(744) Concurrent Preclean
[117.186s][info][gc,marking     ] GC(744) Concurrent Preclean 0.060ms
[117.186s][info][gc,start       ] GC(744) Pause Remark
[117.187s][info][gc             ] GC(744) Pause Remark 95M->95M(275M) 0.739ms
[117.187s][info][gc,cpu         ] GC(744) User=0.00s Sys=0.00s Real=0.00s
[117.187s][info][gc,marking     ] GC(744) Concurrent Mark 7.878ms
[117.187s][info][gc,marking     ] GC(744) Concurrent Rebuild Remembered Sets and Scrub Regions
[117.189s][info][gc,marking     ] GC(744) Concurrent Rebuild Remembered Sets and Scrub Regions 2.718ms
[117.190s][info][gc,start       ] GC(744) Pause Cleanup
[117.190s][info][gc             ] GC(744) Pause Cleanup 119M->119M(275M) 0.080ms
[117.190s][info][gc,cpu         ] GC(744) User=0.00s Sys=0.00s Real=0.00s
[117.190s][info][gc,marking     ] GC(744) Concurrent Clear Claimed Marks
[117.190s][info][gc,marking     ] GC(744) Concurrent Clear Claimed Marks 0.032ms
[117.190s][info][gc,marking     ] GC(744) Concurrent Cleanup for Next Mark
[117.190s][info][gc,marking     ] GC(744) Concurrent Cleanup for Next Mark 0.556ms
[117.190s][info][gc             ] GC(744) Concurrent Mark Cycle 13.226ms
[117.197s][info][gc,start       ] GC(745) Pause Young (Prepare Mixed) (G1 Evacuation Pause)
[117.197s][info][gc,task        ] GC(745) Using 6 workers of 33 for evacuation
[117.199s][info][gc,phases      ] GC(745)   Pre Evacuate Collection Set: 0.1ms
[117.199s][info][gc,phases      ] GC(745)   Merge Heap Roots: 0.1ms
[117.199s][info][gc,phases      ] GC(745)   Evacuate Collection Set: 0.8ms
[117.199s][info][gc,phases      ] GC(745)   Post Evacuate Collection Set: 0.3ms
[117.199s][info][gc,phases      ] GC(745)   Other: 0.1ms
[117.199s][info][gc,heap        ] GC(745) Eden regions: 163->0(163)
[117.199s][info][gc,heap        ] GC(745) Survivor regions: 2->2(21)
[117.199s][info][gc,heap        ] GC(745) Old regions: 22->22
[117.199s][info][gc,heap        ] GC(745) Archive regions: 0->0
[117.199s][info][gc,heap        ] GC(745) Humongous regions: 0->0
[117.199s][info][gc,metaspace   ] GC(745) Metaspace: 16756K(17408K)->16756K(17408K) NonClass: 14336K(14720K)->14336K(14720K) Class: 2420K(2688K)->2420K(2688K)
[117.199s][info][gc             ] GC(745) Pause Young (Prepare Mixed) (G1 Evacuation Pause) 185M->22M(275M) 1.528ms
[117.199s][info][gc,cpu         ] GC(745) User=0.00s Sys=0.00s Real=0.00s
[117.217s][info][gc,start       ] GC(746) Pause Young (Mixed) (G1 Evacuation Pause)
[117.217s][info][gc,task        ] GC(746) Using 6 workers of 33 for evacuation
[117.218s][info][gc,phases      ] GC(746)   Pre Evacuate Collection Set: 0.1ms
[117.218s][info][gc,phases      ] GC(746)   Merge Heap Roots: 0.0ms
[117.218s][info][gc,phases      ] GC(746)   Evacuate Collection Set: 1.0ms
[117.218s][info][gc,phases      ] GC(746)   Post Evacuate Collection Set: 0.3ms
[117.218s][info][gc,phases      ] GC(746)   Other: 0.1ms
[117.219s][info][gc,heap        ] GC(746) Eden regions: 163->0(163)
[117.219s][info][gc,heap        ] GC(746) Survivor regions: 2->2(21)
[117.219s][info][gc,heap        ] GC(746) Old regions: 22->22
[117.219s][info][gc,heap        ] GC(746) Archive regions: 0->0
[117.219s][info][gc,heap        ] GC(746) Humongous regions: 0->0
[117.219s][info][gc,metaspace   ] GC(746) Metaspace: 16756K(17408K)->16756K(17408K) NonClass: 14336K(14720K)->14336K(14720K) Class: 2420K(2688K)->2420K(2688K)
[117.219s][info][gc             ] GC(746) Pause Young (Mixed) (G1 Evacuation Pause) 185M->22M(275M) 1.722ms
[117.219s][info][gc,cpu         ] GC(746) User=0.00s Sys=0.00s Real=0.00s
[117.239s][info][gc,start       ] GC(747) Pause Young (Normal) (G1 Evacuation Pause)
[117.239s][info][gc,task        ] GC(747) Using 6 workers of 33 for evacuation
[117.240s][info][gc,phases      ] GC(747)   Pre Evacuate Collection Set: 0.1ms
[117.240s][info][gc,phases      ] GC(747)   Merge Heap Roots: 0.1ms
[117.240s][info][gc,phases      ] GC(747)   Evacuate Collection Set: 0.8ms
[117.240s][info][gc,phases      ] GC(747)   Post Evacuate Collection Set: 0.3ms
[117.240s][info][gc,phases      ] GC(747)   Other: 0.1ms
[117.240s][info][gc,heap        ] GC(747) Eden regions: 163->0(163)
[117.240s][info][gc,heap        ] GC(747) Survivor regions: 2->2(21)
[117.240s][info][gc,heap        ] GC(747) Old regions: 22->22
[117.240s][info][gc,heap        ] GC(747) Archive regions: 0->0
[117.240s][info][gc,heap        ] GC(747) Humongous regions: 0->0
[117.240s][info][gc,metaspace   ] GC(747) Metaspace: 16756K(17408K)->16756K(17408K) NonClass: 14336K(14720K)->14336K(14720K) Class: 2420K(2688K)->2420K(2688K)
[117.240s][info][gc             ] GC(747) Pause Young (Normal) (G1 Evacuation Pause) 185M->21M(275M) 1.497ms
[117.240s][info][gc,cpu         ] GC(747) User=0.00s Sys=0.00s Real=0.00s
[117.261s][info][gc,start       ] GC(748) Pause Young (Normal) (G1 Evacuation Pause)
[117.261s][info][gc,task        ] GC(748) Using 6 workers of 33 for evacuation
[117.262s][info][gc,phases      ] GC(748)   Pre Evacuate Collection Set: 0.1ms
[117.262s][info][gc,phases      ] GC(748)   Merge Heap Roots: 0.1ms
[117.262s][info][gc,phases      ] GC(748)   Evacuate Collection Set: 0.8ms
[117.262s][info][gc,phases      ] GC(748)   Post Evacuate Collection Set: 0.3ms
[117.262s][info][gc,phases      ] GC(748)   Other: 0.1ms
[117.262s][info][gc,heap        ] GC(748) Eden regions: 163->0(163)
[117.262s][info][gc,heap        ] GC(748) Survivor regions: 2->2(21)
[117.262s][info][gc,heap        ] GC(748) Old regions: 22->22
[117.262s][info][gc,heap        ] GC(748) Archive regions: 0->0
[117.262s][info][gc,heap        ] GC(748) Humongous regions: 0->0
[117.262s][info][gc,metaspace   ] GC(748) Metaspace: 16756K(17408K)->16756K(17408K) NonClass: 14336K(14720K)->14336K(14720K) Class: 2420K(2688K)->2420K(2688K)
[117.262s][info][gc             ] GC(748) Pause Young (Normal) (G1 Evacuation Pause) 184M->22M(275M) 1.518ms
[117.262s][info][gc,cpu         ] GC(748) User=0.00s Sys=0.00s Real=0.00s
[117.283s][info][gc,start       ] GC(749) Pause Young (Normal) (G1 Evacuation Pause)
[117.283s][info][gc,task        ] GC(749) Using 6 workers of 33 for evacuation
[117.284s][info][gc,phases      ] GC(749)   Pre Evacuate Collection Set: 0.1ms
[117.284s][info][gc,phases      ] GC(749)   Merge Heap Roots: 0.1ms
[117.284s][info][gc,phases      ] GC(749)   Evacuate Collection Set: 0.6ms
[117.284s][info][gc,phases      ] GC(749)   Post Evacuate Collection Set: 0.3ms
[117.284s][info][gc,phases      ] GC(749)   Other: 0.1ms
[117.284s][info][gc,heap        ] GC(749) Eden regions: 163->0(164)
[117.284s][info][gc,heap        ] GC(749) Survivor regions: 2->1(21)
[117.284s][info][gc,heap        ] GC(749) Old regions: 22->22
[117.284s][info][gc,heap        ] GC(749) Archive regions: 0->0
[117.284s][info][gc,heap        ] GC(749) Humongous regions: 0->0
[117.284s][info][gc,metaspace   ] GC(749) Metaspace: 16756K(17408K)->16756K(17408K) NonClass: 14336K(14720K)->14336K(14720K) Class: 2420K(2688K)->2420K(2688K)
[117.284s][info][gc             ] GC(749) Pause Young (Normal) (G1 Evacuation Pause) 185M->21M(275M) 1.287ms
[117.284s][info][gc,cpu         ] GC(749) User=0.00s Sys=0.00s Real=0.00s
[117.435s][info][gc,start       ] GC(750) Pause Young (Normal) (G1 Evacuation Pause)
[117.435s][info][gc,task        ] GC(750) Using 6 workers of 33 for evacuation
[117.498s][info][gc,phases      ] GC(750)   Pre Evacuate Collection Set: 0.1ms
[117.498s][info][gc,phases      ] GC(750)   Merge Heap Roots: 0.1ms
[117.498s][info][gc,phases      ] GC(750)   Evacuate Collection Set: 61.9ms
[117.498s][info][gc,phases      ] GC(750)   Post Evacuate Collection Set: 0.7ms
[117.498s][info][gc,phases      ] GC(750)   Other: 0.1ms
[117.498s][info][gc,heap        ] GC(750) Eden regions: 164->0(94)
[117.498s][info][gc,heap        ] GC(750) Survivor regions: 1->21(21)
[117.498s][info][gc,heap        ] GC(750) Old regions: 22->102
[117.498s][info][gc,heap        ] GC(750) Archive regions: 0->0
[117.498s][info][gc,heap        ] GC(750) Humongous regions: 1->1
[117.498s][info][gc,metaspace   ] GC(750) Metaspace: 16756K(17408K)->16756K(17408K) NonClass: 14336K(14720K)->14336K(14720K) Class: 2420K(2688K)->2420K(2688K)
[117.498s][info][gc             ] GC(750) Pause Young (Normal) (G1 Evacuation Pause) 186M->123M(289M) 63.544ms
[117.498s][info][gc,cpu         ] GC(750) User=0.36s Sys=0.02s Real=0.06s
[117.607s][info][gc,start       ] GC(751) Pause Young (Concurrent Start) (G1 Evacuation Pause)
[117.607s][info][gc,task        ] GC(751) Using 6 workers of 33 for evacuation
[117.668s][info][gc,phases      ] GC(751)   Pre Evacuate Collection Set: 0.3ms
[117.668s][info][gc,phases      ] GC(751)   Merge Heap Roots: 1.0ms
[117.668s][info][gc,phases      ] GC(751)   Evacuate Collection Set: 58.8ms
[117.668s][info][gc,phases      ] GC(751)   Post Evacuate Collection Set: 0.6ms
[117.668s][info][gc,phases      ] GC(751)   Other: 0.2ms
[117.668s][info][gc,heap        ] GC(751) Eden regions: 94->0(54)
[117.668s][info][gc,heap        ] GC(751) Survivor regions: 21->15(15)
[117.668s][info][gc,heap        ] GC(751) Old regions: 102->170
[117.668s][info][gc,heap        ] GC(751) Archive regions: 0->0
[117.668s][info][gc,heap        ] GC(751) Humongous regions: 1->1
[117.668s][info][gc,metaspace   ] GC(751) Metaspace: 16756K(17408K)->16756K(17408K) NonClass: 14336K(14720K)->14336K(14720K) Class: 2420K(2688K)->2420K(2688K)
[117.668s][info][gc             ] GC(751) Pause Young (Concurrent Start) (G1 Evacuation Pause) 217M->185M(301M) 61.364ms
[117.668s][info][gc             ] GC(752) Concurrent Mark Cycle
[117.668s][info][gc,cpu         ] GC(751) User=0.28s Sys=0.00s Real=0.05s
[117.669s][info][gc,marking     ] GC(752) Concurrent Scan Root Regions
[117.680s][info][gc,marking     ] GC(752) Concurrent Scan Root Regions 11.697ms
[117.680s][info][gc,marking     ] GC(752) Concurrent Mark
[117.680s][info][gc,marking     ] GC(752) Concurrent Mark From Roots
[117.680s][info][gc,task        ] GC(752) Using 8 workers of 8 for marking
[117.714s][info][gc,marking     ] GC(752) Concurrent Mark From Roots 34.064ms
[117.714s][info][gc,marking     ] GC(752) Concurrent Preclean
[117.714s][info][gc,marking     ] GC(752) Concurrent Preclean 0.025ms
[117.715s][info][gc,start       ] GC(752) Pause Remark
[117.716s][info][gc             ] GC(752) Pause Remark 211M->211M(355M) 1.350ms
[117.716s][info][gc,cpu         ] GC(752) User=0.02s Sys=0.00s Real=0.02s
[117.716s][info][gc,marking     ] GC(752) Concurrent Mark 35.694ms
[117.716s][info][gc,marking     ] GC(752) Concurrent Rebuild Remembered Sets and Scrub Regions
[117.757s][info][gc,marking     ] GC(752) Concurrent Rebuild Remembered Sets and Scrub Regions 41.383ms
[117.758s][info][gc,start       ] GC(752) Pause Cleanup
[117.758s][info][gc             ] GC(752) Pause Cleanup 236M->236M(355M) 0.155ms
[117.758s][info][gc,cpu         ] GC(752) User=0.00s Sys=0.00s Real=0.00s
[117.758s][info][gc,marking     ] GC(752) Concurrent Clear Claimed Marks
[117.758s][info][gc,marking     ] GC(752) Concurrent Clear Claimed Marks 0.043ms
[117.758s][info][gc,marking     ] GC(752) Concurrent Cleanup for Next Mark
[117.758s][info][gc,marking     ] GC(752) Concurrent Cleanup for Next Mark 0.459ms
[117.758s][info][gc             ] GC(752) Concurrent Mark Cycle 89.897ms
[117.762s][info][gc,start       ] GC(753) Pause Young (Prepare Mixed) (G1 Evacuation Pause)
[117.762s][info][gc,task        ] GC(753) Using 8 workers of 33 for evacuation
[117.794s][info][gc,phases      ] GC(753)   Pre Evacuate Collection Set: 0.1ms
[117.794s][info][gc,phases      ] GC(753)   Merge Heap Roots: 0.5ms
[117.794s][info][gc,phases      ] GC(753)   Evacuate Collection Set: 30.4ms
[117.794s][info][gc,phases      ] GC(753)   Post Evacuate Collection Set: 0.3ms
[117.794s][info][gc,phases      ] GC(753)   Other: 0.1ms
[117.794s][info][gc,heap        ] GC(753) Eden regions: 54->0(57)
[117.794s][info][gc,heap        ] GC(753) Survivor regions: 15->9(9)
[117.794s][info][gc,heap        ] GC(753) Old regions: 170->213
[117.794s][info][gc,heap        ] GC(753) Archive regions: 0->0
[117.794s][info][gc,heap        ] GC(753) Humongous regions: 1->1
[117.794s][info][gc,metaspace   ] GC(753) Metaspace: 16756K(17408K)->16756K(17408K) NonClass: 14336K(14720K)->14336K(14720K) Class: 2420K(2688K)->2420K(2688K)
[117.794s][info][gc             ] GC(753) Pause Young (Prepare Mixed) (G1 Evacuation Pause) 239M->222M(355M) 31.701ms
[117.794s][info][gc,cpu         ] GC(753) User=0.36s Sys=0.02s Real=0.04s
[117.873s][info][gc,start       ] GC(754) Pause Young (Mixed) (G1 Evacuation Pause)
[117.873s][info][gc,task        ] GC(754) Using 8 workers of 33 for evacuation
[117.904s][info][gc,phases      ] GC(754)   Pre Evacuate Collection Set: 0.1ms
[117.904s][info][gc,phases      ] GC(754)   Merge Heap Roots: 0.3ms
[117.904s][info][gc,phases      ] GC(754)   Evacuate Collection Set: 29.3ms
[117.904s][info][gc,phases      ] GC(754)   Post Evacuate Collection Set: 1.3ms
[117.904s][info][gc,phases      ] GC(754)   Other: 0.1ms
[117.904s][info][gc,heap        ] GC(754) Eden regions: 57->0(64)
[117.904s][info][gc,heap        ] GC(754) Survivor regions: 9->9(9)
[117.904s][info][gc,heap        ] GC(754) Old regions: 213->252
[117.904s][info][gc,heap        ] GC(754) Archive regions: 0->0
[117.904s][info][gc,heap        ] GC(754) Humongous regions: 1->1
[117.904s][info][gc,metaspace   ] GC(754) Metaspace: 16756K(17408K)->16756K(17408K) NonClass: 14336K(14720K)->14336K(14720K) Class: 2420K(2688K)->2420K(2688K)
[117.904s][info][gc             ] GC(754) Pause Young (Mixed) (G1 Evacuation Pause) 279M->261M(418M) 31.589ms
[117.904s][info][gc,cpu         ] GC(754) User=0.25s Sys=0.00s Real=0.03s
[117.991s][info][gc,start       ] GC(755) Pause Young (Concurrent Start) (G1 Evacuation Pause)
[117.991s][info][gc,task        ] GC(755) Using 10 workers of 33 for evacuation
[118.018s][info][gc,phases      ] GC(755)   Pre Evacuate Collection Set: 0.2ms
[118.019s][info][gc,phases      ] GC(755)   Merge Heap Roots: 0.2ms
[118.019s][info][gc,phases      ] GC(755)   Evacuate Collection Set: 26.7ms
[118.019s][info][gc,phases      ] GC(755)   Post Evacuate Collection Set: 0.3ms
[118.019s][info][gc,phases      ] GC(755)   Other: 0.2ms
[118.019s][info][gc,heap        ] GC(755) Eden regions: 64->0(44)
[118.019s][info][gc,heap        ] GC(755) Survivor regions: 9->10(10)
[118.019s][info][gc,heap        ] GC(755) Old regions: 252->295
[118.019s][info][gc,heap        ] GC(755) Archive regions: 0->0
[118.019s][info][gc,heap        ] GC(755) Humongous regions: 1->1
[118.019s][info][gc,metaspace   ] GC(755) Metaspace: 16756K(17408K)->16756K(17408K) NonClass: 14336K(14720K)->14336K(14720K) Class: 2420K(2688K)->2420K(2688K)
[118.019s][info][gc             ] GC(755) Pause Young (Concurrent Start) (G1 Evacuation Pause) 325M->305M(418M) 28.102ms
[118.019s][info][gc             ] GC(756) Concurrent Mark Cycle
[118.019s][info][gc,cpu         ] GC(755) User=0.16s Sys=0.00s Real=0.02s
[118.019s][info][gc,marking     ] GC(756) Concurrent Scan Root Regions
[118.027s][info][gc,marking     ] GC(756) Concurrent Scan Root Regions 8.502ms
[118.028s][info][gc,marking     ] GC(756) Concurrent Mark
[118.028s][info][gc,marking     ] GC(756) Concurrent Mark From Roots
[118.028s][info][gc,task        ] GC(756) Using 8 workers of 8 for marking
[118.074s][info][gc,start       ] GC(757) Pause Young (Normal) (G1 Evacuation Pause)
[118.074s][info][gc,task        ] GC(757) Using 10 workers of 33 for evacuation
[118.089s][info][gc,phases      ] GC(757)   Pre Evacuate Collection Set: 0.1ms
[118.089s][info][gc,phases      ] GC(757)   Merge Heap Roots: 0.2ms
[118.089s][info][gc,phases      ] GC(757)   Evacuate Collection Set: 13.6ms
[118.089s][info][gc,phases      ] GC(757)   Post Evacuate Collection Set: 0.3ms
[118.089s][info][gc,phases      ] GC(757)   Other: 0.1ms
[118.089s][info][gc,heap        ] GC(757) Eden regions: 44->0(31)
[118.089s][info][gc,heap        ] GC(757) Survivor regions: 10->7(7)
[118.089s][info][gc,heap        ] GC(757) Old regions: 295->329
[118.089s][info][gc,heap        ] GC(757) Archive regions: 0->0
[118.089s][info][gc,heap        ] GC(757) Humongous regions: 1->1
[118.089s][info][gc,metaspace   ] GC(757) Metaspace: 16756K(17408K)->16756K(17408K) NonClass: 14336K(14720K)->14336K(14720K) Class: 2420K(2688K)->2420K(2688K)
[118.089s][info][gc             ] GC(757) Pause Young (Normal) (G1 Evacuation Pause) 349M->336M(418M) 14.602ms
[118.089s][info][gc,cpu         ] GC(757) User=0.16s Sys=0.00s Real=0.01s
[118.124s][info][gc,marking     ] GC(756) Concurrent Mark From Roots 96.649ms
[118.124s][info][gc,marking     ] GC(756) Concurrent Preclean
[118.124s][info][gc,marking     ] GC(756) Concurrent Preclean 0.028ms
[118.124s][info][gc,start       ] GC(756) Pause Remark
[118.126s][info][gc             ] GC(756) Pause Remark 363M->363M(512M) 1.295ms
[118.126s][info][gc,cpu         ] GC(756) User=0.00s Sys=0.00s Real=0.00s
[118.126s][info][gc,marking     ] GC(756) Concurrent Mark 98.211ms
[118.126s][info][gc,marking     ] GC(756) Concurrent Rebuild Remembered Sets and Scrub Regions
[118.132s][info][gc,start       ] GC(758) Pause Young (Normal) (G1 Evacuation Pause)
[118.132s][info][gc,task        ] GC(758) Using 12 workers of 33 for evacuation
[118.142s][info][gc,phases      ] GC(758)   Pre Evacuate Collection Set: 0.1ms
[118.142s][info][gc,phases      ] GC(758)   Merge Heap Roots: 0.2ms
[118.142s][info][gc,phases      ] GC(758)   Evacuate Collection Set: 9.2ms
[118.142s][info][gc,phases      ] GC(758)   Post Evacuate Collection Set: 0.2ms
[118.142s][info][gc,phases      ] GC(758)   Other: 0.1ms
[118.142s][info][gc,heap        ] GC(758) Eden regions: 31->0(59)
[118.142s][info][gc,heap        ] GC(758) Survivor regions: 7->5(5)
[118.142s][info][gc,heap        ] GC(758) Old regions: 329->355
[118.142s][info][gc,heap        ] GC(758) Archive regions: 0->0
[118.142s][info][gc,heap        ] GC(758) Humongous regions: 1->1
[118.142s][info][gc,metaspace   ] GC(758) Metaspace: 16756K(17408K)->16756K(17408K) NonClass: 14336K(14720K)->14336K(14720K) Class: 2420K(2688K)->2420K(2688K)
[118.142s][info][gc             ] GC(758) Pause Young (Normal) (G1 Evacuation Pause) 367M->359M(512M) 9.970ms
[118.142s][info][gc,cpu         ] GC(758) User=0.00s Sys=0.00s Real=0.00s
[118.165s][info][gc,marking     ] GC(756) Concurrent Rebuild Remembered Sets and Scrub Regions 39.209ms
[118.165s][info][gc,start       ] GC(756) Pause Cleanup
[118.165s][info][gc             ] GC(756) Pause Cleanup 377M->377M(512M) 0.172ms
[118.165s][info][gc,cpu         ] GC(756) User=0.00s Sys=0.00s Real=0.00s
[118.165s][info][gc,marking     ] GC(756) Concurrent Clear Claimed Marks
[118.165s][info][gc,marking     ] GC(756) Concurrent Clear Claimed Marks 0.037ms
[118.165s][info][gc,marking     ] GC(756) Concurrent Cleanup for Next Mark
[118.166s][info][gc,marking     ] GC(756) Concurrent Cleanup for Next Mark 0.929ms
[118.166s][info][gc             ] GC(756) Concurrent Mark Cycle 147.388ms
[118.221s][info][gc,start       ] GC(759) Pause Young (Prepare Mixed) (G1 Evacuation Pause)
[118.221s][info][gc,task        ] GC(759) Using 12 workers of 33 for evacuation
[118.244s][info][gc,phases      ] GC(759)   Pre Evacuate Collection Set: 0.1ms
[118.244s][info][gc,phases      ] GC(759)   Merge Heap Roots: 0.3ms
[118.244s][info][gc,phases      ] GC(759)   Evacuate Collection Set: 22.2ms
[118.244s][info][gc,phases      ] GC(759)   Post Evacuate Collection Set: 0.3ms
[118.244s][info][gc,phases      ] GC(759)   Other: 0.1ms
[118.244s][info][gc,heap        ] GC(759) Eden regions: 59->0(43)
[118.244s][info][gc,heap        ] GC(759) Survivor regions: 5->8(8)
[118.244s][info][gc,heap        ] GC(759) Old regions: 355->392
[118.244s][info][gc,heap        ] GC(759) Archive regions: 0->0
[118.244s][info][gc,heap        ] GC(759) Humongous regions: 1->1
[118.244s][info][gc,metaspace   ] GC(759) Metaspace: 16756K(17408K)->16756K(17408K) NonClass: 14336K(14720K)->14336K(14720K) Class: 2420K(2688K)->2420K(2688K)
[118.244s][info][gc             ] GC(759) Pause Young (Prepare Mixed) (G1 Evacuation Pause) 418M->400M(512M) 23.413ms
[118.244s][info][gc,cpu         ] GC(759) User=0.36s Sys=0.02s Real=0.03s
[118.289s][info][gc,start       ] GC(760) Pause Young (Mixed) (G1 Evacuation Pause)
[118.289s][info][gc,task        ] GC(760) Using 12 workers of 33 for evacuation
[118.309s][info][gc,phases      ] GC(760)   Pre Evacuate Collection Set: 0.1ms
[118.309s][info][gc,phases      ] GC(760)   Merge Heap Roots: 0.2ms
[118.309s][info][gc,phases      ] GC(760)   Evacuate Collection Set: 19.3ms
[118.309s][info][gc,phases      ] GC(760)   Post Evacuate Collection Set: 0.3ms
[118.309s][info][gc,phases      ] GC(760)   Other: 0.1ms
[118.309s][info][gc,heap        ] GC(760) Eden regions: 43->0(32)
[118.309s][info][gc,heap        ] GC(760) Survivor regions: 8->7(7)
[118.309s][info][gc,heap        ] GC(760) Old regions: 392->421
[118.309s][info][gc,heap        ] GC(760) Archive regions: 0->0
[118.309s][info][gc,heap        ] GC(760) Humongous regions: 1->1
[118.309s][info][gc,metaspace   ] GC(760) Metaspace: 16756K(17408K)->16756K(17408K) NonClass: 14336K(14720K)->14336K(14720K) Class: 2420K(2688K)->2420K(2688K)
[118.310s][info][gc             ] GC(760) Pause Young (Mixed) (G1 Evacuation Pause) 443M->428M(512M) 20.581ms
[118.310s][info][gc,cpu         ] GC(760) User=0.19s Sys=0.00s Real=0.02s
[118.343s][info][gc,start       ] GC(761) Pause Young (Concurrent Start) (G1 Evacuation Pause)
[118.343s][info][gc,task        ] GC(761) Using 12 workers of 33 for evacuation
[118.361s][info][gc,phases      ] GC(761)   Pre Evacuate Collection Set: 0.2ms
[118.361s][info][gc,phases      ] GC(761)   Merge Heap Roots: 0.2ms
[118.361s][info][gc,phases      ] GC(761)   Evacuate Collection Set: 16.1ms
[118.361s][info][gc,phases      ] GC(761)   Post Evacuate Collection Set: 0.4ms
[118.361s][info][gc,phases      ] GC(761)   Other: 0.1ms
[118.361s][info][gc,heap        ] GC(761) Eden regions: 32->0(22)
[118.361s][info][gc,heap        ] GC(761) Survivor regions: 7->5(5)
[118.361s][info][gc,heap        ] GC(761) Old regions: 421->447
[118.361s][info][gc,heap        ] GC(761) Archive regions: 0->0
[118.361s][info][gc,heap        ] GC(761) Humongous regions: 1->1
[118.361s][info][gc,metaspace   ] GC(761) Metaspace: 16756K(17408K)->16756K(17408K) NonClass: 14336K(14720K)->14336K(14720K) Class: 2420K(2688K)->2420K(2688K)
[118.361s][info][gc             ] GC(761) Pause Young (Concurrent Start) (G1 Evacuation Pause) 460M->451M(512M) 17.612ms
[118.361s][info][gc             ] GC(762) Concurrent Mark Cycle
[118.361s][info][gc,cpu         ] GC(761) User=0.19s Sys=0.00s Real=0.02s
[118.361s][info][gc,marking     ] GC(762) Concurrent Scan Root Regions
[118.368s][info][gc,marking     ] GC(762) Concurrent Scan Root Regions 6.845ms
[118.368s][info][gc,marking     ] GC(762) Concurrent Mark
[118.368s][info][gc,marking     ] GC(762) Concurrent Mark From Roots
[118.368s][info][gc,task        ] GC(762) Using 8 workers of 8 for marking
[118.390s][info][gc,start       ] GC(763) Pause Young (Normal) (G1 Evacuation Pause)
[118.390s][info][gc,task        ] GC(763) Using 12 workers of 33 for evacuation
[118.397s][info][gc,phases      ] GC(763)   Pre Evacuate Collection Set: 0.1ms
[118.397s][info][gc,phases      ] GC(763)   Merge Heap Roots: 0.1ms
[118.397s][info][gc,phases      ] GC(763)   Evacuate Collection Set: 6.1ms
[118.397s][info][gc,phases      ] GC(763)   Post Evacuate Collection Set: 0.3ms
[118.397s][info][gc,phases      ] GC(763)   Other: 0.1ms
[118.397s][info][gc,heap        ] GC(763) Eden regions: 22->0(21)
[118.397s][info][gc,heap        ] GC(763) Survivor regions: 5->4(4)
[118.397s][info][gc,heap        ] GC(763) Old regions: 447->464
[118.397s][info][gc,heap        ] GC(763) Archive regions: 0->0
[118.397s][info][gc,heap        ] GC(763) Humongous regions: 1->1
[118.397s][info][gc,metaspace   ] GC(763) Metaspace: 16756K(17408K)->16756K(17408K) NonClass: 14336K(14720K)->14336K(14720K) Class: 2420K(2688K)->2420K(2688K)
[118.397s][info][gc             ] GC(763) Pause Young (Normal) (G1 Evacuation Pause) 473M->468M(512M) 6.883ms
[118.397s][info][gc,cpu         ] GC(763) User=0.00s Sys=0.00s Real=0.00s
[118.462s][info][gc,start       ] GC(764) Pause Young (Normal) (G1 Evacuation Pause)
[118.463s][info][gc,task        ] GC(764) Using 12 workers of 33 for evacuation
[118.472s][info][gc,phases      ] GC(764)   Pre Evacuate Collection Set: 0.1ms
[118.472s][info][gc,phases      ] GC(764)   Merge Heap Roots: 0.4ms
[118.472s][info][gc,phases      ] GC(764)   Evacuate Collection Set: 9.1ms
[118.472s][info][gc,phases      ] GC(764)   Post Evacuate Collection Set: 0.2ms
[118.472s][info][gc,phases      ] GC(764)   Other: 0.1ms
[118.472s][info][gc,heap        ] GC(764) Eden regions: 21->0(21)
[118.473s][info][gc,heap        ] GC(764) Survivor regions: 4->4(4)
[118.473s][info][gc,heap        ] GC(764) Old regions: 464->473
[118.473s][info][gc,heap        ] GC(764) Archive regions: 0->0
[118.473s][info][gc,heap        ] GC(764) Humongous regions: 2->2
[118.473s][info][gc,metaspace   ] GC(764) Metaspace: 16756K(17408K)->16756K(17408K) NonClass: 14336K(14720K)->14336K(14720K) Class: 2420K(2688K)->2420K(2688K)
[118.473s][info][gc             ] GC(764) Pause Young (Normal) (G1 Evacuation Pause) 490M->478M(512M) 10.147ms
[118.473s][info][gc,cpu         ] GC(764) User=0.19s Sys=0.00s Real=0.02s
[118.530s][info][gc,marking     ] GC(762) Concurrent Mark From Roots 162.065ms
[118.530s][info][gc,marking     ] GC(762) Concurrent Preclean
[118.530s][info][gc,marking     ] GC(762) Concurrent Preclean 0.047ms
[118.530s][info][gc,start       ] GC(762) Pause Remark
[118.532s][info][gc             ] GC(762) Pause Remark 496M->496M(512M) 1.208ms
[118.532s][info][gc,cpu         ] GC(762) User=0.00s Sys=0.00s Real=0.00s
[118.532s][info][gc,marking     ] GC(762) Concurrent Mark 163.560ms
[118.532s][info][gc,marking     ] GC(762) Concurrent Rebuild Remembered Sets and Scrub Regions
[118.541s][info][gc,start       ] GC(765) Pause Young (Normal) (G1 Evacuation Pause)
[118.541s][info][gc,task        ] GC(765) Using 12 workers of 33 for evacuation
[118.553s][info][gc,phases      ] GC(765)   Pre Evacuate Collection Set: 0.1ms
[118.553s][info][gc,phases      ] GC(765)   Merge Heap Roots: 0.7ms
[118.553s][info][gc,phases      ] GC(765)   Evacuate Collection Set: 10.9ms
[118.553s][info][gc,phases      ] GC(765)   Post Evacuate Collection Set: 0.3ms
[118.553s][info][gc,phases      ] GC(765)   Other: 0.1ms
[118.553s][info][gc,heap        ] GC(765) Eden regions: 21->0(21)
[118.553s][info][gc,heap        ] GC(765) Survivor regions: 4->4(4)
[118.553s][info][gc,heap        ] GC(765) Old regions: 473->478
[118.553s][info][gc,heap        ] GC(765) Archive regions: 0->0
[118.553s][info][gc,heap        ] GC(765) Humongous regions: 2->2
[118.554s][info][gc,metaspace   ] GC(765) Metaspace: 16756K(17408K)->16756K(17408K) NonClass: 14336K(14720K)->14336K(14720K) Class: 2420K(2688K)->2420K(2688K)
[118.554s][info][gc             ] GC(765) Pause Young (Normal) (G1 Evacuation Pause) 499M->482M(512M) 12.194ms
[118.554s][info][gc,cpu         ] GC(765) User=0.19s Sys=0.00s Real=0.02s
[118.597s][info][gc,marking     ] GC(762) Concurrent Rebuild Remembered Sets and Scrub Regions 65.161ms
[118.597s][info][gc,start       ] GC(762) Pause Cleanup
[118.597s][info][gc             ] GC(762) Pause Cleanup 494M->494M(512M) 0.304ms
[118.597s][info][gc,cpu         ] GC(762) User=0.00s Sys=0.00s Real=0.00s
[118.597s][info][gc,marking     ] GC(762) Concurrent Clear Claimed Marks
[118.597s][info][gc,marking     ] GC(762) Concurrent Clear Claimed Marks 0.036ms
[118.597s][info][gc,marking     ] GC(762) Concurrent Cleanup for Next Mark
[118.598s][info][gc,marking     ] GC(762) Concurrent Cleanup for Next Mark 0.336ms
[118.598s][info][gc             ] GC(762) Concurrent Mark Cycle 236.740ms
[118.622s][info][gc,start       ] GC(766) Pause Young (Prepare Mixed) (G1 Evacuation Pause)
[118.622s][info][gc,task        ] GC(766) Using 12 workers of 33 for evacuation
[118.638s][info][gc,phases      ] GC(766)   Pre Evacuate Collection Set: 0.1ms
[118.638s][info][gc,phases      ] GC(766)   Merge Heap Roots: 1.2ms
[118.638s][info][gc,phases      ] GC(766)   Evacuate Collection Set: 13.7ms
[118.638s][info][gc,phases      ] GC(766)   Post Evacuate Collection Set: 0.3ms
[118.638s][info][gc,phases      ] GC(766)   Other: 0.1ms
[118.638s][info][gc,heap        ] GC(766) Eden regions: 21->0(21)
[118.638s][info][gc,heap        ] GC(766) Survivor regions: 4->4(4)
[118.638s][info][gc,heap        ] GC(766) Old regions: 478->480
[118.638s][info][gc,heap        ] GC(766) Archive regions: 0->0
[118.638s][info][gc,heap        ] GC(766) Humongous regions: 2->2
[118.638s][info][gc,metaspace   ] GC(766) Metaspace: 16756K(17408K)->16756K(17408K) NonClass: 14336K(14720K)->14336K(14720K) Class: 2420K(2688K)->2420K(2688K)
[118.638s][info][gc             ] GC(766) Pause Young (Prepare Mixed) (G1 Evacuation Pause) 503M->484M(512M) 15.800ms
[118.638s][info][gc,cpu         ] GC(766) User=0.19s Sys=0.00s Real=0.02s
[118.687s][info][gc,start       ] GC(767) Pause Young (Mixed) (G1 Evacuation Pause)
[118.688s][info][gc,task        ] GC(767) Using 12 workers of 33 for evacuation
[118.703s][info][gc,phases      ] GC(767)   Pre Evacuate Collection Set: 0.1ms
[118.703s][info][gc,phases      ] GC(767)   Merge Heap Roots: 1.1ms
[118.703s][info][gc,phases      ] GC(767)   Evacuate Collection Set: 14.1ms
[118.703s][info][gc,phases      ] GC(767)   Post Evacuate Collection Set: 0.4ms
[118.704s][info][gc,phases      ] GC(767)   Other: 0.1ms
[118.704s][info][gc,heap        ] GC(767) Eden regions: 21->0(22)
[118.704s][info][gc,heap        ] GC(767) Survivor regions: 4->3(4)
[118.704s][info][gc,heap        ] GC(767) Old regions: 480->478
[118.704s][info][gc,heap        ] GC(767) Archive regions: 0->0
[118.704s][info][gc,heap        ] GC(767) Humongous regions: 2->2
[118.704s][info][gc,metaspace   ] GC(767) Metaspace: 16756K(17408K)->16756K(17408K) NonClass: 14336K(14720K)->14336K(14720K) Class: 2420K(2688K)->2420K(2688K)
[118.704s][info][gc             ] GC(767) Pause Young (Mixed) (G1 Evacuation Pause) (Evacuation Failure) 505M->481M(512M) 16.427ms
[118.704s][info][gc,cpu         ] GC(767) User=0.19s Sys=0.00s Real=0.01s
[119.019s][info][gc,start       ] GC(768) Pause Young (Concurrent Start) (G1 Evacuation Pause)
[119.019s][info][gc,task        ] GC(768) Using 12 workers of 33 for evacuation
[119.030s][info][gc,phases      ] GC(768)   Pre Evacuate Collection Set: 0.2ms
[119.030s][info][gc,phases      ] GC(768)   Merge Heap Roots: 0.8ms
[119.030s][info][gc,phases      ] GC(768)   Evacuate Collection Set: 9.3ms
[119.030s][info][gc,phases      ] GC(768)   Post Evacuate Collection Set: 0.4ms
[119.030s][info][gc,phases      ] GC(768)   Other: 0.1ms
[119.030s][info][gc,heap        ] GC(768) Eden regions: 22->0(22)
[119.030s][info][gc,heap        ] GC(768) Survivor regions: 3->3(4)
[119.030s][info][gc,heap        ] GC(768) Old regions: 478->480
[119.030s][info][gc,heap        ] GC(768) Archive regions: 0->0
[119.030s][info][gc,heap        ] GC(768) Humongous regions: 2->2
[119.030s][info][gc,metaspace   ] GC(768) Metaspace: 16756K(17408K)->16756K(17408K) NonClass: 14336K(14720K)->14336K(14720K) Class: 2420K(2688K)->2420K(2688K)
[119.030s][info][gc             ] GC(768) Pause Young (Concurrent Start) (G1 Evacuation Pause) 503M->483M(512M) 11.092ms
[119.030s][info][gc             ] GC(769) Concurrent Mark Cycle
[119.030s][info][gc,cpu         ] GC(768) User=0.19s Sys=0.00s Real=0.02s
[119.030s][info][gc,marking     ] GC(769) Concurrent Scan Root Regions
[119.035s][info][gc,marking     ] GC(769) Concurrent Scan Root Regions 4.363ms
[119.035s][info][gc,marking     ] GC(769) Concurrent Mark
[119.035s][info][gc,marking     ] GC(769) Concurrent Mark From Roots
[119.035s][info][gc,task        ] GC(769) Using 8 workers of 8 for marking
[119.059s][info][gc,marking     ] GC(769) Concurrent Mark From Roots 24.296ms
[119.059s][info][gc,marking     ] GC(769) Concurrent Preclean
[119.059s][info][gc,marking     ] GC(769) Concurrent Preclean 0.034ms
[119.059s][info][gc,start       ] GC(769) Pause Remark
[119.060s][info][gc             ] GC(769) Pause Remark 484M->221M(512M) 0.820ms
[119.060s][info][gc,cpu         ] GC(769) User=0.00s Sys=0.00s Real=0.00s
[119.060s][info][gc,marking     ] GC(769) Concurrent Mark 25.385ms
[119.060s][info][gc,marking     ] GC(769) Concurrent Rebuild Remembered Sets and Scrub Regions
[119.071s][info][gc,marking     ] GC(769) Concurrent Rebuild Remembered Sets and Scrub Regions 10.506ms
[119.071s][info][gc,start       ] GC(769) Pause Cleanup
[119.071s][info][gc             ] GC(769) Pause Cleanup 221M->221M(512M) 0.263ms
[119.071s][info][gc,cpu         ] GC(769) User=0.00s Sys=0.00s Real=0.00s
[119.071s][info][gc,marking     ] GC(769) Concurrent Clear Claimed Marks
[119.071s][info][gc,marking     ] GC(769) Concurrent Clear Claimed Marks 0.034ms
[119.071s][info][gc,marking     ] GC(769) Concurrent Cleanup for Next Mark
[119.071s][info][gc,marking     ] GC(769) Concurrent Cleanup for Next Mark 0.281ms
[119.071s][info][gc             ] GC(769) Concurrent Mark Cycle 41.202ms
[120.049s][info][gc,start       ] GC(770) Pause Young (Prepare Mixed) (G1 Evacuation Pause)
[120.049s][info][gc,task        ] GC(770) Using 12 workers of 33 for evacuation
[120.051s][info][gc,phases      ] GC(770)   Pre Evacuate Collection Set: 0.1ms
[120.051s][info][gc,phases      ] GC(770)   Merge Heap Roots: 0.1ms
[120.051s][info][gc,phases      ] GC(770)   Evacuate Collection Set: 0.8ms
[120.051s][info][gc,phases      ] GC(770)   Post Evacuate Collection Set: 0.2ms
[120.051s][info][gc,phases      ] GC(770)   Other: 0.1ms
[120.051s][info][gc,heap        ] GC(770) Eden regions: 22->0(161)
[120.051s][info][gc,heap        ] GC(770) Survivor regions: 3->1(4)
[120.051s][info][gc,heap        ] GC(770) Old regions: 218->220
[120.051s][info][gc,heap        ] GC(770) Archive regions: 0->0
[120.051s][info][gc,heap        ] GC(770) Humongous regions: 1->1
[120.051s][info][gc,metaspace   ] GC(770) Metaspace: 16756K(17408K)->16756K(17408K) NonClass: 14336K(14720K)->14336K(14720K) Class: 2420K(2688K)->2420K(2688K)
[120.051s][info][gc             ] GC(770) Pause Young (Prepare Mixed) (G1 Evacuation Pause) 242M->220M(512M) 1.576ms
[120.051s][info][gc,cpu         ] GC(770) User=0.00s Sys=0.00s Real=0.00s
[127.184s][info][gc,start       ] GC(771) Pause Young (Mixed) (G1 Evacuation Pause)
[127.184s][info][gc,task        ] GC(771) Using 12 workers of 33 for evacuation
[127.214s][info][gc,phases      ] GC(771)   Pre Evacuate Collection Set: 0.1ms
[127.214s][info][gc,phases      ] GC(771)   Merge Heap Roots: 0.1ms
[127.214s][info][gc,phases      ] GC(771)   Evacuate Collection Set: 29.3ms
[127.214s][info][gc,phases      ] GC(771)   Post Evacuate Collection Set: 0.7ms
[127.214s][info][gc,phases      ] GC(771)   Other: 0.2ms
[127.214s][info][gc,heap        ] GC(771) Eden regions: 161->0(149)
[127.214s][info][gc,heap        ] GC(771) Survivor regions: 1->21(21)
[127.214s][info][gc,heap        ] GC(771) Old regions: 220->212
[127.214s][info][gc,heap        ] GC(771) Archive regions: 0->0
[127.214s][info][gc,heap        ] GC(771) Humongous regions: 1->1
[127.214s][info][gc,metaspace   ] GC(771) Metaspace: 16756K(17408K)->16756K(17408K) NonClass: 14336K(14720K)->14336K(14720K) Class: 2420K(2688K)->2420K(2688K)
[127.214s][info][gc             ] GC(771) Pause Young (Mixed) (G1 Evacuation Pause) 381M->233M(512M) 30.939ms
[127.214s][info][gc,cpu         ] GC(771) User=0.38s Sys=0.00s Real=0.03s
[127.339s][info][gc,start       ] GC(772) Pause Young (Mixed) (G1 Evacuation Pause)
[127.339s][info][gc,task        ] GC(772) Using 12 workers of 33 for evacuation
[127.380s][info][gc,phases      ] GC(772)   Pre Evacuate Collection Set: 0.1ms
[127.380s][info][gc,phases      ] GC(772)   Merge Heap Roots: 0.7ms
[127.380s][info][gc,phases      ] GC(772)   Evacuate Collection Set: 39.3ms
[127.380s][info][gc,phases      ] GC(772)   Post Evacuate Collection Set: 0.4ms
[127.380s][info][gc,phases      ] GC(772)   Other: 0.2ms
[127.380s][info][gc,heap        ] GC(772) Eden regions: 149->0(134)
[127.380s][info][gc,heap        ] GC(772) Survivor regions: 21->22(22)
[127.380s][info][gc,heap        ] GC(772) Old regions: 212->229
[127.380s][info][gc,heap        ] GC(772) Archive regions: 0->0
[127.380s][info][gc,heap        ] GC(772) Humongous regions: 1->1
[127.380s][info][gc,metaspace   ] GC(772) Metaspace: 16756K(17408K)->16756K(17408K) NonClass: 14336K(14720K)->14336K(14720K) Class: 2420K(2688K)->2420K(2688K)
[127.380s][info][gc             ] GC(772) Pause Young (Mixed) (G1 Evacuation Pause) 382M->251M(512M) 41.139ms
[127.380s][info][gc,cpu         ] GC(772) User=0.38s Sys=0.00s Real=0.03s
[127.493s][info][gc,start       ] GC(773) Pause Young (Mixed) (G1 Evacuation Pause)
[127.493s][info][gc,task        ] GC(773) Using 12 workers of 33 for evacuation
[127.528s][info][gc,phases      ] GC(773)   Pre Evacuate Collection Set: 0.1ms
[127.528s][info][gc,phases      ] GC(773)   Merge Heap Roots: 0.2ms
[127.528s][info][gc,phases      ] GC(773)   Evacuate Collection Set: 34.0ms
[127.528s][info][gc,phases      ] GC(773)   Post Evacuate Collection Set: 0.3ms
[127.528s][info][gc,phases      ] GC(773)   Other: 0.1ms
[127.528s][info][gc,heap        ] GC(773) Eden regions: 134->0(116)
[127.528s][info][gc,heap        ] GC(773) Survivor regions: 22->20(20)
[127.528s][info][gc,heap        ] GC(773) Old regions: 229->262
[127.528s][info][gc,heap        ] GC(773) Archive regions: 0->0
[127.528s][info][gc,heap        ] GC(773) Humongous regions: 1->1
[127.528s][info][gc,metaspace   ] GC(773) Metaspace: 16756K(17408K)->16756K(17408K) NonClass: 14336K(14720K)->14336K(14720K) Class: 2420K(2688K)->2420K(2688K)
[127.528s][info][gc             ] GC(773) Pause Young (Mixed) (G1 Evacuation Pause) 385M->282M(512M) 35.044ms
[127.528s][info][gc,cpu         ] GC(773) User=0.38s Sys=0.00s Real=0.03s
[127.628s][info][gc,start       ] GC(774) Pause Young (Concurrent Start) (G1 Evacuation Pause)
[127.628s][info][gc,task        ] GC(774) Using 12 workers of 33 for evacuation
[127.660s][info][gc,phases      ] GC(774)   Pre Evacuate Collection Set: 0.2ms
[127.660s][info][gc,phases      ] GC(774)   Merge Heap Roots: 0.1ms
[127.660s][info][gc,phases      ] GC(774)   Evacuate Collection Set: 31.0ms
[127.660s][info][gc,phases      ] GC(774)   Post Evacuate Collection Set: 0.3ms
[127.660s][info][gc,phases      ] GC(774)   Other: 0.1ms
[127.660s][info][gc,heap        ] GC(774) Eden regions: 116->0(88)
[127.660s][info][gc,heap        ] GC(774) Survivor regions: 20->17(17)
[127.660s][info][gc,heap        ] GC(774) Old regions: 262->317
[127.660s][info][gc,heap        ] GC(774) Archive regions: 0->0
[127.660s][info][gc,heap        ] GC(774) Humongous regions: 1->1
[127.660s][info][gc,metaspace   ] GC(774) Metaspace: 16756K(17408K)->16756K(17408K) NonClass: 14336K(14720K)->14336K(14720K) Class: 2420K(2688K)->2420K(2688K)
[127.660s][info][gc             ] GC(774) Pause Young (Concurrent Start) (G1 Evacuation Pause) 398M->334M(512M) 32.082ms
[127.660s][info][gc             ] GC(775) Concurrent Mark Cycle
[127.660s][info][gc,cpu         ] GC(774) User=0.38s Sys=0.00s Real=0.03s
[127.660s][info][gc,marking     ] GC(775) Concurrent Scan Root Regions
[127.669s][info][gc,marking     ] GC(775) Concurrent Scan Root Regions 9.106ms
[127.669s][info][gc,marking     ] GC(775) Concurrent Mark
[127.669s][info][gc,marking     ] GC(775) Concurrent Mark From Roots
[127.669s][info][gc,task        ] GC(775) Using 8 workers of 8 for marking
[127.719s][info][gc,marking     ] GC(775) Concurrent Mark From Roots 50.224ms
[127.719s][info][gc,marking     ] GC(775) Concurrent Preclean
[127.719s][info][gc,marking     ] GC(775) Concurrent Preclean 0.034ms
[127.719s][info][gc,start       ] GC(775) Pause Remark
[127.720s][info][gc             ] GC(775) Pause Remark 394M->335M(512M) 0.957ms
[127.720s][info][gc,cpu         ] GC(775) User=0.00s Sys=0.00s Real=0.00s
[127.721s][info][gc,marking     ] GC(775) Concurrent Mark 51.530ms
[127.721s][info][gc,marking     ] GC(775) Concurrent Rebuild Remembered Sets and Scrub Regions
[127.741s][info][gc,marking     ] GC(775) Concurrent Rebuild Remembered Sets and Scrub Regions 20.621ms
[127.741s][info][gc,start       ] GC(775) Pause Cleanup
[127.742s][info][gc             ] GC(775) Pause Cleanup 357M->357M(512M) 0.286ms
[127.742s][info][gc,cpu         ] GC(775) User=0.00s Sys=0.00s Real=0.00s
[127.742s][info][gc,marking     ] GC(775) Concurrent Clear Claimed Marks
[127.742s][info][gc,marking     ] GC(775) Concurrent Clear Claimed Marks 0.040ms
[127.742s][info][gc,marking     ] GC(775) Concurrent Cleanup for Next Mark
[127.742s][info][gc,marking     ] GC(775) Concurrent Cleanup for Next Mark 0.275ms
[127.742s][info][gc             ] GC(775) Concurrent Mark Cycle 82.269ms
[127.747s][info][gc,start       ] GC(776) Pause Young (Prepare Mixed) (G1 Evacuation Pause)
[127.747s][info][gc,task        ] GC(776) Using 12 workers of 33 for evacuation
[127.766s][info][gc,phases      ] GC(776)   Pre Evacuate Collection Set: 0.1ms
[127.766s][info][gc,phases      ] GC(776)   Merge Heap Roots: 0.1ms
[127.766s][info][gc,phases      ] GC(776)   Evacuate Collection Set: 18.0ms
[127.766s][info][gc,phases      ] GC(776)   Post Evacuate Collection Set: 0.3ms
[127.766s][info][gc,phases      ] GC(776)   Other: 0.1ms
[127.766s][info][gc,heap        ] GC(776) Eden regions: 88->0(97)
[127.766s][info][gc,heap        ] GC(776) Survivor regions: 17->14(14)
[127.766s][info][gc,heap        ] GC(776) Old regions: 259->302
[127.766s][info][gc,heap        ] GC(776) Archive regions: 0->0
[127.766s][info][gc,heap        ] GC(776) Humongous regions: 0->0
[127.766s][info][gc,metaspace   ] GC(776) Metaspace: 16756K(17408K)->16756K(17408K) NonClass: 14336K(14720K)->14336K(14720K) Class: 2420K(2688K)->2420K(2688K)
[127.766s][info][gc             ] GC(776) Pause Young (Prepare Mixed) (G1 Evacuation Pause) 363M->315M(512M) 19.149ms
[127.766s][info][gc,cpu         ] GC(776) User=0.19s Sys=0.00s Real=0.02s
[127.850s][info][gc,start       ] GC(777) Pause Young (Mixed) (G1 Evacuation Pause)
[127.850s][info][gc,task        ] GC(777) Using 12 workers of 33 for evacuation
[127.878s][info][gc,phases      ] GC(777)   Pre Evacuate Collection Set: 0.1ms
[127.878s][info][gc,phases      ] GC(777)   Merge Heap Roots: 0.1ms
[127.878s][info][gc,phases      ] GC(777)   Evacuate Collection Set: 27.4ms
[127.878s][info][gc,phases      ] GC(777)   Post Evacuate Collection Set: 0.3ms
[127.878s][info][gc,phases      ] GC(777)   Other: 0.1ms
[127.878s][info][gc,heap        ] GC(777) Eden regions: 97->0(78)
[127.878s][info][gc,heap        ] GC(777) Survivor regions: 14->14(14)
[127.878s][info][gc,heap        ] GC(777) Old regions: 302->339
[127.878s][info][gc,heap        ] GC(777) Archive regions: 0->0
[127.878s][info][gc,heap        ] GC(777) Humongous regions: 0->0
[127.878s][info][gc,metaspace   ] GC(777) Metaspace: 16756K(17408K)->16756K(17408K) NonClass: 14336K(14720K)->14336K(14720K) Class: 2420K(2688K)->2420K(2688K)
[127.878s][info][gc             ] GC(777) Pause Young (Mixed) (G1 Evacuation Pause) 412M->352M(512M) 28.362ms
[127.878s][info][gc,cpu         ] GC(777) User=0.38s Sys=0.00s Real=0.03s
[127.946s][info][gc,start       ] GC(778) Pause Young (Concurrent Start) (G1 Evacuation Pause)
[127.946s][info][gc,task        ] GC(778) Using 12 workers of 33 for evacuation
[127.969s][info][gc,phases      ] GC(778)   Pre Evacuate Collection Set: 0.2ms
[127.969s][info][gc,phases      ] GC(778)   Merge Heap Roots: 0.1ms
[127.969s][info][gc,phases      ] GC(778)   Evacuate Collection Set: 22.2ms
[127.969s][info][gc,phases      ] GC(778)   Post Evacuate Collection Set: 0.3ms
[127.969s][info][gc,phases      ] GC(778)   Other: 0.1ms
[127.969s][info][gc,heap        ] GC(778) Eden regions: 78->0(59)
[127.969s][info][gc,heap        ] GC(778) Survivor regions: 14->12(12)
[127.969s][info][gc,heap        ] GC(778) Old regions: 339->378
[127.969s][info][gc,heap        ] GC(778) Archive regions: 0->0
[127.969s][info][gc,heap        ] GC(778) Humongous regions: 0->0
[127.969s][info][gc,metaspace   ] GC(778) Metaspace: 16756K(17408K)->16756K(17408K) NonClass: 14336K(14720K)->14336K(14720K) Class: 2420K(2688K)->2420K(2688K)
[127.969s][info][gc             ] GC(778) Pause Young (Concurrent Start) (G1 Evacuation Pause) 430M->388M(512M) 23.253ms
[127.969s][info][gc             ] GC(779) Concurrent Mark Cycle
[127.969s][info][gc,cpu         ] GC(778) User=0.38s Sys=0.00s Real=0.03s
[127.969s][info][gc,marking     ] GC(779) Concurrent Scan Root Regions
[127.977s][info][gc,marking     ] GC(779) Concurrent Scan Root Regions 8.391ms
[127.977s][info][gc,marking     ] GC(779) Concurrent Mark
[127.977s][info][gc,marking     ] GC(779) Concurrent Mark From Roots
[127.977s][info][gc,task        ] GC(779) Using 8 workers of 8 for marking
[128.028s][info][gc,start       ] GC(780) Pause Young (Normal) (G1 Evacuation Pause)
[128.029s][info][gc,task        ] GC(780) Using 12 workers of 33 for evacuation
[128.042s][info][gc,phases      ] GC(780)   Pre Evacuate Collection Set: 0.1ms
[128.043s][info][gc,phases      ] GC(780)   Merge Heap Roots: 0.1ms
[128.043s][info][gc,phases      ] GC(780)   Evacuate Collection Set: 13.3ms
[128.043s][info][gc,phases      ] GC(780)   Post Evacuate Collection Set: 0.3ms
[128.043s][info][gc,phases      ] GC(780)   Other: 0.1ms
[128.043s][info][gc,heap        ] GC(780) Eden regions: 59->0(45)
[128.043s][info][gc,heap        ] GC(780) Survivor regions: 12->9(9)
[128.043s][info][gc,heap        ] GC(780) Old regions: 378->410
[128.043s][info][gc,heap        ] GC(780) Archive regions: 0->0
[128.043s][info][gc,heap        ] GC(780) Humongous regions: 0->0
[128.043s][info][gc,metaspace   ] GC(780) Metaspace: 16756K(17408K)->16756K(17408K) NonClass: 14336K(14720K)->14336K(14720K) Class: 2420K(2688K)->2420K(2688K)
[128.043s][info][gc             ] GC(780) Pause Young (Normal) (G1 Evacuation Pause) 447M->417M(512M) 14.449ms
[128.043s][info][gc,cpu         ] GC(780) User=0.00s Sys=0.02s Real=0.02s
[128.085s][info][gc,marking     ] GC(779) Concurrent Mark From Roots 107.415ms
[128.085s][info][gc,marking     ] GC(779) Concurrent Preclean
[128.085s][info][gc,marking     ] GC(779) Concurrent Preclean 0.067ms
[128.085s][info][gc,start       ] GC(779) Pause Remark
[128.086s][info][gc             ] GC(779) Pause Remark 459M->459M(512M) 0.897ms
[128.086s][info][gc,cpu         ] GC(779) User=0.00s Sys=0.00s Real=0.00s
[128.086s][info][gc,marking     ] GC(779) Concurrent Mark 108.683ms
[128.086s][info][gc,marking     ] GC(779) Concurrent Rebuild Remembered Sets and Scrub Regions
[128.089s][info][gc,start       ] GC(781) Pause Young (Normal) (G1 Evacuation Pause)
[128.089s][info][gc,task        ] GC(781) Using 12 workers of 33 for evacuation
[128.099s][info][gc,phases      ] GC(781)   Pre Evacuate Collection Set: 0.1ms
[128.099s][info][gc,phases      ] GC(781)   Merge Heap Roots: 0.1ms
[128.099s][info][gc,phases      ] GC(781)   Evacuate Collection Set: 9.5ms
[128.099s][info][gc,phases      ] GC(781)   Post Evacuate Collection Set: 0.3ms
[128.099s][info][gc,phases      ] GC(781)   Other: 0.1ms
[128.099s][info][gc,heap        ] GC(781) Eden regions: 45->0(34)
[128.099s][info][gc,heap        ] GC(781) Survivor regions: 9->7(7)
[128.099s][info][gc,heap        ] GC(781) Old regions: 410->434
[128.099s][info][gc,heap        ] GC(781) Archive regions: 0->0
[128.099s][info][gc,heap        ] GC(781) Humongous regions: 0->0
[128.100s][info][gc,metaspace   ] GC(781) Metaspace: 16756K(17408K)->16756K(17408K) NonClass: 14336K(14720K)->14336K(14720K) Class: 2420K(2688K)->2420K(2688K)
[128.100s][info][gc             ] GC(781) Pause Young (Normal) (G1 Evacuation Pause) 462M->440M(512M) 10.248ms
[128.100s][info][gc,cpu         ] GC(781) User=0.00s Sys=0.02s Real=0.02s
[128.130s][info][gc,marking     ] GC(779) Concurrent Rebuild Remembered Sets and Scrub Regions 43.959ms
[128.130s][info][gc,start       ] GC(779) Pause Cleanup
[128.130s][info][gc             ] GC(779) Pause Cleanup 473M->473M(512M) 0.254ms
[128.130s][info][gc,cpu         ] GC(779) User=0.00s Sys=0.00s Real=0.00s
[128.131s][info][gc,marking     ] GC(779) Concurrent Clear Claimed Marks
[128.131s][info][gc,marking     ] GC(779) Concurrent Clear Claimed Marks 0.020ms
[128.131s][info][gc,marking     ] GC(779) Concurrent Cleanup for Next Mark
[128.131s][info][gc,marking     ] GC(779) Concurrent Cleanup for Next Mark 0.285ms
[128.131s][info][gc             ] GC(779) Concurrent Mark Cycle 161.896ms
[128.133s][info][gc,start       ] GC(782) Pause Young (Prepare Mixed) (G1 Evacuation Pause)
[128.133s][info][gc,task        ] GC(782) Using 12 workers of 33 for evacuation
[128.141s][info][gc,phases      ] GC(782)   Pre Evacuate Collection Set: 0.1ms
[128.141s][info][gc,phases      ] GC(782)   Merge Heap Roots: 0.1ms
[128.141s][info][gc,phases      ] GC(782)   Evacuate Collection Set: 7.8ms
[128.141s][info][gc,phases      ] GC(782)   Post Evacuate Collection Set: 0.3ms
[128.142s][info][gc,phases      ] GC(782)   Other: 0.1ms
[128.142s][info][gc,heap        ] GC(782) Eden regions: 34->0(20)
[128.142s][info][gc,heap        ] GC(782) Survivor regions: 7->6(6)
[128.142s][info][gc,heap        ] GC(782) Old regions: 434->453
[128.142s][info][gc,heap        ] GC(782) Archive regions: 0->0
[128.142s][info][gc,heap        ] GC(782) Humongous regions: 0->0
[128.142s][info][gc,metaspace   ] GC(782) Metaspace: 16756K(17408K)->16756K(17408K) NonClass: 14336K(14720K)->14336K(14720K) Class: 2420K(2688K)->2420K(2688K)
[128.142s][info][gc             ] GC(782) Pause Young (Prepare Mixed) (G1 Evacuation Pause) 474M->457M(512M) 8.505ms
[128.142s][info][gc,cpu         ] GC(782) User=0.19s Sys=0.00s Real=0.02s
[128.167s][info][gc,start       ] GC(783) Pause Young (Mixed) (G1 Evacuation Pause)
[128.167s][info][gc,task        ] GC(783) Using 12 workers of 33 for evacuation
[128.177s][info][gc,phases      ] GC(783)   Pre Evacuate Collection Set: 0.1ms
[128.177s][info][gc,phases      ] GC(783)   Merge Heap Roots: 0.1ms
[128.177s][info][gc,phases      ] GC(783)   Evacuate Collection Set: 10.1ms
[128.177s][info][gc,phases      ] GC(783)   Post Evacuate Collection Set: 0.3ms
[128.178s][info][gc,phases      ] GC(783)   Other: 0.1ms
[128.178s][info][gc,heap        ] GC(783) Eden regions: 20->0(21)
[128.178s][info][gc,heap        ] GC(783) Survivor regions: 6->4(4)
[128.178s][info][gc,heap        ] GC(783) Old regions: 453->458
[128.178s][info][gc,heap        ] GC(783) Archive regions: 0->0
[128.178s][info][gc,heap        ] GC(783) Humongous regions: 0->0
[128.178s][info][gc,metaspace   ] GC(783) Metaspace: 16756K(17408K)->16756K(17408K) NonClass: 14336K(14720K)->14336K(14720K) Class: 2420K(2688K)->2420K(2688K)
[128.178s][info][gc             ] GC(783) Pause Young (Mixed) (G1 Evacuation Pause) 477M->461M(512M) 11.116ms
[128.178s][info][gc,cpu         ] GC(783) User=0.19s Sys=0.00s Real=0.02s
[128.196s][info][gc,start       ] GC(784) Pause Young (Concurrent Start) (G1 Evacuation Pause)
[128.196s][info][gc,task        ] GC(784) Using 12 workers of 33 for evacuation
[128.204s][info][gc,phases      ] GC(784)   Pre Evacuate Collection Set: 0.2ms
[128.204s][info][gc,phases      ] GC(784)   Merge Heap Roots: 0.1ms
[128.204s][info][gc,phases      ] GC(784)   Evacuate Collection Set: 7.3ms
[128.204s][info][gc,phases      ] GC(784)   Post Evacuate Collection Set: 0.3ms
[128.204s][info][gc,phases      ] GC(784)   Other: 0.1ms
[128.204s][info][gc,heap        ] GC(784) Eden regions: 21->0(21)
[128.204s][info][gc,heap        ] GC(784) Survivor regions: 4->4(4)
[128.204s][info][gc,heap        ] GC(784) Old regions: 458->469
[128.204s][info][gc,heap        ] GC(784) Archive regions: 0->0
[128.204s][info][gc,heap        ] GC(784) Humongous regions: 0->0
[128.204s][info][gc,metaspace   ] GC(784) Metaspace: 16756K(17408K)->16756K(17408K) NonClass: 14336K(14720K)->14336K(14720K) Class: 2420K(2688K)->2420K(2688K)
[128.204s][info][gc             ] GC(784) Pause Young (Concurrent Start) (G1 Evacuation Pause) 482M->471M(512M) 8.215ms
[128.204s][info][gc,cpu         ] GC(784) User=0.19s Sys=0.00s Real=0.02s
[128.204s][info][gc             ] GC(785) Concurrent Mark Cycle
[128.204s][info][gc,marking     ] GC(785) Concurrent Scan Root Regions
[128.212s][info][gc,marking     ] GC(785) Concurrent Scan Root Regions 8.160ms
[128.212s][info][gc,marking     ] GC(785) Concurrent Mark
[128.212s][info][gc,marking     ] GC(785) Concurrent Mark From Roots
[128.212s][info][gc,task        ] GC(785) Using 8 workers of 8 for marking
[128.233s][info][gc,start       ] GC(786) Pause Young (Normal) (G1 Evacuation Pause)
[128.233s][info][gc,task        ] GC(786) Using 12 workers of 33 for evacuation
[128.238s][info][gc,phases      ] GC(786)   Pre Evacuate Collection Set: 0.1ms
[128.238s][info][gc,phases      ] GC(786)   Merge Heap Roots: 0.0ms
[128.238s][info][gc,phases      ] GC(786)   Evacuate Collection Set: 4.6ms
[128.238s][info][gc,phases      ] GC(786)   Post Evacuate Collection Set: 0.2ms
[128.238s][info][gc,phases      ] GC(786)   Other: 0.1ms
[128.238s][info][gc,heap        ] GC(786) Eden regions: 21->0(21)
[128.238s][info][gc,heap        ] GC(786) Survivor regions: 4->4(4)
[128.238s][info][gc,heap        ] GC(786) Old regions: 469->479
[128.238s][info][gc,heap        ] GC(786) Archive regions: 0->0
[128.238s][info][gc,heap        ] GC(786) Humongous regions: 0->0
[128.238s][info][gc,metaspace   ] GC(786) Metaspace: 16756K(17408K)->16756K(17408K) NonClass: 14336K(14720K)->14336K(14720K) Class: 2420K(2688K)->2420K(2688K)
[128.238s][info][gc             ] GC(786) Pause Young (Normal) (G1 Evacuation Pause) 492M->482M(512M) 5.314ms
[128.238s][info][gc,cpu         ] GC(786) User=0.00s Sys=0.00s Real=0.00s
[128.299s][info][gc,start       ] GC(787) Pause Young (Normal) (G1 Evacuation Pause)
[128.299s][info][gc,task        ] GC(787) Using 12 workers of 33 for evacuation
[128.308s][info][gc,phases      ] GC(787)   Pre Evacuate Collection Set: 0.1ms
[128.308s][info][gc,phases      ] GC(787)   Merge Heap Roots: 0.3ms
[128.308s][info][gc,phases      ] GC(787)   Evacuate Collection Set: 7.5ms
[128.308s][info][gc,phases      ] GC(787)   Post Evacuate Collection Set: 1.0ms
[128.308s][info][gc,phases      ] GC(787)   Other: 0.1ms
[128.308s][info][gc,heap        ] GC(787) Eden regions: 21->0(0)
[128.308s][info][gc,heap        ] GC(787) Survivor regions: 4->2(4)
[128.308s][info][gc,heap        ] GC(787) Old regions: 479->507
[128.308s][info][gc,heap        ] GC(787) Archive regions: 0->0
[128.308s][info][gc,heap        ] GC(787) Humongous regions: 3->3
[128.308s][info][gc,metaspace   ] GC(787) Metaspace: 16756K(17408K)->16756K(17408K) NonClass: 14336K(14720K)->14336K(14720K) Class: 2420K(2688K)->2420K(2688K)
[128.342s][info][gc             ] GC(787) Pause Young (Normal) (G1 Evacuation Pause) (Evacuation Failure) 506M->511M(512M) 43.448ms
[128.342s][info][gc,cpu         ] GC(787) User=0.00s Sys=0.02s Real=0.05s
[128.342s][info][gc,ergo        ] Attempting full compaction
[128.342s][info][gc,start       ] GC(788) Pause Full (G1 Compaction Pause)
[128.342s][info][gc,task        ] GC(788) Using 12 workers of 33 for full compaction
[128.343s][info][gc,phases,start] GC(788) Phase 1: Mark live objects
[128.469s][info][gc,phases      ] GC(788) Phase 1: Mark live objects 126.103ms
[128.470s][info][gc,phases,start] GC(788) Phase 2: Prepare compaction
[128.488s][info][gc,phases      ] GC(788) Phase 2: Prepare compaction 18.381ms
[128.488s][info][gc,phases,start] GC(788) Phase 3: Adjust pointers
[128.517s][info][gc,phases      ] GC(788) Phase 3: Adjust pointers 28.928ms
[128.517s][info][gc,phases,start] GC(788) Phase 4: Compact heap
[128.533s][info][gc,phases      ] GC(788) Phase 4: Compact heap 16.203ms
[128.535s][info][gc,heap        ] GC(788) Eden regions: 0->0(34)
[128.536s][info][gc,heap        ] GC(788) Survivor regions: 2->0(4)
[128.536s][info][gc,heap        ] GC(788) Old regions: 507->439
[128.536s][info][gc,heap        ] GC(788) Archive regions: 0->0
[128.536s][info][gc,heap        ] GC(788) Humongous regions: 3->3
[128.536s][info][gc,metaspace   ] GC(788) Metaspace: 16756K(17408K)->16756K(17408K) NonClass: 14336K(14720K)->14336K(14720K) Class: 2420K(2688K)->2420K(2688K)
[128.536s][info][gc             ] GC(788) Pause Full (G1 Compaction Pause) 511M->436M(512M) 193.244ms
[128.536s][info][gc,cpu         ] GC(788) User=2.25s Sys=0.00s Real=0.19s
[128.536s][info][gc,marking     ] GC(785) Concurrent Mark From Roots 323.262ms
[128.536s][info][gc,marking     ] GC(785) Concurrent Mark Abort
[128.536s][info][gc             ] GC(785) Concurrent Mark Cycle 331.641ms
[128.740s][info][gc,start       ] GC(789) Pause Young (Normal) (G1 Evacuation Pause)
[128.740s][info][gc,task        ] GC(789) Using 12 workers of 33 for evacuation
[128.779s][info][gc,phases      ] GC(789)   Pre Evacuate Collection Set: 0.1ms
[128.779s][info][gc,phases      ] GC(789)   Merge Heap Roots: 3.1ms
[128.779s][info][gc,phases      ] GC(789)   Evacuate Collection Set: 34.7ms
[128.779s][info][gc,phases      ] GC(789)   Post Evacuate Collection Set: 0.4ms
[128.779s][info][gc,phases      ] GC(789)   Other: 0.1ms
[128.779s][info][gc,heap        ] GC(789) Eden regions: 34->0(20)
[128.779s][info][gc,heap        ] GC(789) Survivor regions: 0->5(5)
[128.779s][info][gc,heap        ] GC(789) Old regions: 439->459
[128.779s][info][gc,heap        ] GC(789) Archive regions: 0->0
[128.779s][info][gc,heap        ] GC(789) Humongous regions: 3->3
[128.779s][info][gc,metaspace   ] GC(789) Metaspace: 16756K(17408K)->16756K(17408K) NonClass: 14336K(14720K)->14336K(14720K) Class: 2420K(2688K)->2420K(2688K)
[128.779s][info][gc             ] GC(789) Pause Young (Normal) (G1 Evacuation Pause) 470M->460M(512M) 38.739ms
[128.779s][info][gc,cpu         ] GC(789) User=0.38s Sys=0.00s Real=0.03s
[128.853s][info][gc,start       ] GC(790) Pause Young (Concurrent Start) (G1 Evacuation Pause)
[128.853s][info][gc,task        ] GC(790) Using 12 workers of 33 for evacuation
[128.885s][info][gc,phases      ] GC(790)   Pre Evacuate Collection Set: 0.2ms
[128.885s][info][gc,phases      ] GC(790)   Merge Heap Roots: 2.7ms
[128.885s][info][gc,phases      ] GC(790)   Evacuate Collection Set: 29.0ms
[128.885s][info][gc,phases      ] GC(790)   Post Evacuate Collection Set: 0.3ms
[128.885s][info][gc,phases      ] GC(790)   Other: 0.1ms
[128.885s][info][gc,heap        ] GC(790) Eden regions: 20->0(21)
[128.885s][info][gc,heap        ] GC(790) Survivor regions: 5->4(4)
[128.885s][info][gc,heap        ] GC(790) Old regions: 459->475
[128.886s][info][gc,heap        ] GC(790) Archive regions: 0->0
[128.886s][info][gc,heap        ] GC(790) Humongous regions: 3->3
[128.886s][info][gc,metaspace   ] GC(790) Metaspace: 16756K(17408K)->16756K(17408K) NonClass: 14336K(14720K)->14336K(14720K) Class: 2420K(2688K)->2420K(2688K)
[128.886s][info][gc             ] GC(790) Pause Young (Concurrent Start) (G1 Evacuation Pause) 480M->476M(512M) 32.663ms
[128.886s][info][gc             ] GC(791) Concurrent Mark Cycle
[128.886s][info][gc,cpu         ] GC(790) User=0.38s Sys=0.00s Real=0.03s
[128.886s][info][gc,marking     ] GC(791) Concurrent Scan Root Regions
[128.889s][info][gc,marking     ] GC(791) Concurrent Scan Root Regions 3.687ms
[128.889s][info][gc,marking     ] GC(791) Concurrent Mark
[128.889s][info][gc,marking     ] GC(791) Concurrent Mark From Roots
[128.889s][info][gc,task        ] GC(791) Using 8 workers of 8 for marking
[129.026s][info][gc,marking     ] GC(791) Concurrent Mark From Roots 136.416ms
[129.026s][info][gc,marking     ] GC(791) Concurrent Preclean
[129.026s][info][gc,marking     ] GC(791) Concurrent Preclean 0.076ms
[129.026s][info][gc,start       ] GC(791) Pause Remark
[129.027s][info][gc             ] GC(791) Pause Remark 485M->485M(512M) 0.929ms
[129.027s][info][gc,cpu         ] GC(791) User=0.00s Sys=0.00s Real=0.00s
[129.027s][info][gc,marking     ] GC(791) Concurrent Mark 137.754ms
[129.027s][info][gc,marking     ] GC(791) Concurrent Rebuild Remembered Sets and Scrub Regions
[129.067s][info][gc,marking     ] GC(791) Concurrent Rebuild Remembered Sets and Scrub Regions 40.330ms
[129.068s][info][gc,start       ] GC(791) Pause Cleanup
[129.068s][info][gc             ] GC(791) Pause Cleanup 488M->488M(512M) 0.243ms
[129.068s][info][gc,cpu         ] GC(791) User=0.00s Sys=0.00s Real=0.00s
[129.068s][info][gc,marking     ] GC(791) Concurrent Clear Claimed Marks
[129.068s][info][gc,marking     ] GC(791) Concurrent Clear Claimed Marks 0.051ms
[129.068s][info][gc,marking     ] GC(791) Concurrent Cleanup for Next Mark
[129.068s][info][gc,marking     ] GC(791) Concurrent Cleanup for Next Mark 0.260ms
[129.068s][info][gc             ] GC(791) Concurrent Mark Cycle 182.754ms
[129.280s][info][gc,start       ] GC(792) Pause Young (Prepare Mixed) (G1 Evacuation Pause)
[129.280s][info][gc,task        ] GC(792) Using 12 workers of 33 for evacuation
[129.295s][info][gc,phases      ] GC(792)   Pre Evacuate Collection Set: 0.1ms
[129.295s][info][gc,phases      ] GC(792)   Merge Heap Roots: 0.6ms
[129.295s][info][gc,phases      ] GC(792)   Evacuate Collection Set: 13.1ms
[129.295s][info][gc,phases      ] GC(792)   Post Evacuate Collection Set: 0.8ms
[129.295s][info][gc,phases      ] GC(792)   Other: 0.1ms
[129.295s][info][gc,heap        ] GC(792) Eden regions: 21->0(14)
[129.295s][info][gc,heap        ] GC(792) Survivor regions: 4->3(4)
[129.295s][info][gc,heap        ] GC(792) Old regions: 475->486
[129.295s][info][gc,heap        ] GC(792) Archive regions: 0->0
[129.295s][info][gc,heap        ] GC(792) Humongous regions: 6->6
[129.295s][info][gc,metaspace   ] GC(792) Metaspace: 16756K(17408K)->16756K(17408K) NonClass: 14336K(14720K)->14336K(14720K) Class: 2420K(2688K)->2420K(2688K)
[129.295s][info][gc             ] GC(792) Pause Young (Prepare Mixed) (G1 Evacuation Pause) (Evacuation Failure) 500M->489M(512M) 14.937ms
[129.295s][info][gc,cpu         ] GC(792) User=0.19s Sys=0.00s Real=0.02s
[129.323s][info][gc,start       ] GC(793) Pause Young (Mixed) (G1 Evacuation Pause)
[129.323s][info][gc,task        ] GC(793) Using 12 workers of 33 for evacuation
[129.330s][info][gc,phases      ] GC(793)   Pre Evacuate Collection Set: 0.1ms
[129.330s][info][gc,phases      ] GC(793)   Merge Heap Roots: 0.1ms
[129.330s][info][gc,phases      ] GC(793)   Evacuate Collection Set: 6.3ms
[129.330s][info][gc,phases      ] GC(793)   Post Evacuate Collection Set: 0.5ms
[129.330s][info][gc,phases      ] GC(793)   Other: 0.1ms
[129.330s][info][gc,heap        ] GC(793) Eden regions: 14->0(1)
[129.330s][info][gc,heap        ] GC(793) Survivor regions: 3->1(3)
[129.330s][info][gc,heap        ] GC(793) Old regions: 486->503
[129.331s][info][gc,heap        ] GC(793) Archive regions: 0->0
[129.331s][info][gc,heap        ] GC(793) Humongous regions: 6->6
[129.331s][info][gc,metaspace   ] GC(793) Metaspace: 16756K(17408K)->16756K(17408K) NonClass: 14336K(14720K)->14336K(14720K) Class: 2420K(2688K)->2420K(2688K)
[129.331s][info][gc             ] GC(793) Pause Young (Mixed) (G1 Evacuation Pause) (Evacuation Failure) 503M->506M(512M) 7.558ms
[129.331s][info][gc,cpu         ] GC(793) User=0.00s Sys=0.02s Real=0.02s
[129.333s][info][gc,start       ] GC(794) Pause Young (Concurrent Start) (G1 Evacuation Pause)
[129.333s][info][gc,task        ] GC(794) Using 12 workers of 33 for evacuation
[129.334s][info][gc,phases      ] GC(794)   Pre Evacuate Collection Set: 0.2ms
[129.334s][info][gc,phases      ] GC(794)   Merge Heap Roots: 0.0ms
[129.334s][info][gc,phases      ] GC(794)   Evacuate Collection Set: 0.9ms
[129.334s][info][gc,phases      ] GC(794)   Post Evacuate Collection Set: 0.4ms
[129.334s][info][gc,phases      ] GC(794)   Other: 0.1ms
[129.334s][info][gc,heap        ] GC(794) Eden regions: 1->0(0)
[129.334s][info][gc,heap        ] GC(794) Survivor regions: 1->1(1)
[129.334s][info][gc,heap        ] GC(794) Old regions: 503->504
[129.334s][info][gc,heap        ] GC(794) Archive regions: 0->0
[129.335s][info][gc,heap        ] GC(794) Humongous regions: 6->6
[129.335s][info][gc,metaspace   ] GC(794) Metaspace: 16756K(17408K)->16756K(17408K) NonClass: 14336K(14720K)->14336K(14720K) Class: 2420K(2688K)->2420K(2688K)
[129.335s][info][gc             ] GC(794) Pause Young (Concurrent Start) (G1 Evacuation Pause) (Evacuation Failure) 507M->506M(512M) 2.056ms
[129.335s][info][gc,cpu         ] GC(794) User=0.00s Sys=0.00s Real=0.00s
[129.335s][info][gc             ] GC(795) Concurrent Mark Cycle
[129.335s][info][gc,ergo        ] Attempting full compaction
[129.335s][info][gc,marking     ] GC(795) Concurrent Scan Root Regions
[129.335s][info][gc,start       ] GC(796) Pause Full (G1 Compaction Pause)
[129.335s][info][gc,task        ] GC(796) Using 12 workers of 33 for full compaction
[129.340s][info][gc,marking     ] GC(795) Concurrent Scan Root Regions 5.119ms
[129.340s][info][gc,marking     ] GC(795) Concurrent Mark
[129.340s][info][gc,marking     ] GC(795) Concurrent Mark From Roots
[129.340s][info][gc,task        ] GC(795) Using 8 workers of 8 for marking
[129.340s][info][gc,phases,start] GC(796) Phase 1: Mark live objects
[129.496s][info][gc,phases      ] GC(796) Phase 1: Mark live objects 156.210ms
[129.497s][info][gc,phases,start] GC(796) Phase 2: Prepare compaction
[129.512s][info][gc,phases      ] GC(796) Phase 2: Prepare compaction 15.931ms
[129.513s][info][gc,phases,start] GC(796) Phase 3: Adjust pointers
[129.535s][info][gc,phases      ] GC(796) Phase 3: Adjust pointers 22.873ms
[129.535s][info][gc,phases,start] GC(796) Phase 4: Compact heap
[129.540s][info][gc,phases      ] GC(796) Phase 4: Compact heap 4.524ms
[129.542s][info][gc,heap        ] GC(796) Eden regions: 0->0(25)
[129.542s][info][gc,heap        ] GC(796) Survivor regions: 1->0(1)
[129.542s][info][gc,heap        ] GC(796) Old regions: 504->478
[129.542s][info][gc,heap        ] GC(796) Archive regions: 0->0
[129.542s][info][gc,heap        ] GC(796) Humongous regions: 6->3
[129.542s][info][gc,metaspace   ] GC(796) Metaspace: 16756K(17408K)->16751K(17408K) NonClass: 14336K(14720K)->14332K(14720K) Class: 2420K(2688K)->2419K(2688K)
[129.542s][info][gc             ] GC(796) Pause Full (G1 Compaction Pause) 506M->475M(512M) 207.565ms
[129.542s][info][gc,cpu         ] GC(796) User=2.44s Sys=0.00s Real=0.20s
[129.542s][info][gc,marking     ] GC(795) Concurrent Mark From Roots 202.536ms
[129.543s][info][gc,marking     ] GC(795) Concurrent Mark Abort
[129.543s][info][gc             ] GC(795) Concurrent Mark Cycle 207.871ms
[129.593s][info][gc,start       ] GC(797) Pause Young (Normal) (G1 Evacuation Pause)
[129.593s][info][gc,task        ] GC(797) Using 12 workers of 33 for evacuation
[129.595s][info][gc,phases      ] GC(797)   Pre Evacuate Collection Set: 0.1ms
[129.595s][info][gc,phases      ] GC(797)   Merge Heap Roots: 0.0ms
[129.595s][info][gc,phases      ] GC(797)   Evacuate Collection Set: 1.7ms
[129.595s][info][gc,phases      ] GC(797)   Post Evacuate Collection Set: 0.3ms
[129.595s][info][gc,phases      ] GC(797)   Other: 0.1ms
[129.595s][info][gc,heap        ] GC(797) Eden regions: 25->0(22)
[129.595s][info][gc,heap        ] GC(797) Survivor regions: 0->3(4)
[129.595s][info][gc,heap        ] GC(797) Old regions: 478->478
[129.595s][info][gc,heap        ] GC(797) Archive regions: 0->0
[129.595s][info][gc,heap        ] GC(797) Humongous regions: 3->3
[129.595s][info][gc,metaspace   ] GC(797) Metaspace: 16751K(17408K)->16751K(17408K) NonClass: 14332K(14720K)->14332K(14720K) Class: 2419K(2688K)->2419K(2688K)
[129.595s][info][gc             ] GC(797) Pause Young (Normal) (G1 Evacuation Pause) 500M->478M(512M) 2.602ms
[129.595s][info][gc,cpu         ] GC(797) User=0.00s Sys=0.00s Real=0.00s
[129.642s][info][gc,start       ] GC(798) Pause Young (Concurrent Start) (G1 Evacuation Pause)
[129.642s][info][gc,task        ] GC(798) Using 12 workers of 33 for evacuation
[129.645s][info][gc,phases      ] GC(798)   Pre Evacuate Collection Set: 0.2ms
[129.645s][info][gc,phases      ] GC(798)   Merge Heap Roots: 0.0ms
[129.645s][info][gc,phases      ] GC(798)   Evacuate Collection Set: 2.1ms
[129.645s][info][gc,phases      ] GC(798)   Post Evacuate Collection Set: 0.3ms
[129.645s][info][gc,phases      ] GC(798)   Other: 0.1ms
[129.645s][info][gc,heap        ] GC(798) Eden regions: 22->0(22)
[129.645s][info][gc,heap        ] GC(798) Survivor regions: 3->3(4)
[129.645s][info][gc,heap        ] GC(798) Old regions: 478->480
[129.645s][info][gc,heap        ] GC(798) Archive regions: 0->0
[129.645s][info][gc,heap        ] GC(798) Humongous regions: 3->3
[129.645s][info][gc,metaspace   ] GC(798) Metaspace: 16751K(17408K)->16751K(17408K) NonClass: 14332K(14720K)->14332K(14720K) Class: 2419K(2688K)->2419K(2688K)
[129.645s][info][gc             ] GC(798) Pause Young (Concurrent Start) (G1 Evacuation Pause) 500M->479M(512M) 3.375ms
[129.645s][info][gc             ] GC(799) Concurrent Mark Cycle
[129.645s][info][gc,cpu         ] GC(798) User=0.19s Sys=0.00s Real=0.02s
[129.645s][info][gc,marking     ] GC(799) Concurrent Scan Root Regions
[129.659s][info][gc,marking     ] GC(799) Concurrent Scan Root Regions 13.989ms
[129.659s][info][gc,marking     ] GC(799) Concurrent Mark
[129.659s][info][gc,marking     ] GC(799) Concurrent Mark From Roots
[129.659s][info][gc,task        ] GC(799) Using 8 workers of 8 for marking
[129.703s][info][gc,start       ] GC(800) Pause Young (Normal) (G1 Evacuation Pause)
[129.722s][info][gc,task        ] GC(800) Using 12 workers of 33 for evacuation
[129.724s][info][gc,phases      ] GC(800)   Pre Evacuate Collection Set: 0.1ms
[129.724s][info][gc,phases      ] GC(800)   Merge Heap Roots: 0.0ms
[129.724s][info][gc,phases      ] GC(800)   Evacuate Collection Set: 1.6ms
[129.724s][info][gc,phases      ] GC(800)   Post Evacuate Collection Set: 0.3ms
[129.724s][info][gc,phases      ] GC(800)   Other: 0.1ms
[129.724s][info][gc,heap        ] GC(800) Eden regions: 22->0(22)
[129.724s][info][gc,heap        ] GC(800) Survivor regions: 3->3(4)
[129.724s][info][gc,heap        ] GC(800) Old regions: 480->481
[129.724s][info][gc,heap        ] GC(800) Archive regions: 0->0
[129.724s][info][gc,heap        ] GC(800) Humongous regions: 3->3
[129.724s][info][gc,metaspace   ] GC(800) Metaspace: 16751K(17408K)->16751K(17408K) NonClass: 14332K(14720K)->14332K(14720K) Class: 2419K(2688K)->2419K(2688K)
[129.724s][info][gc             ] GC(800) Pause Young (Normal) (G1 Evacuation Pause) 501M->480M(512M) 20.733ms
[129.724s][info][gc,cpu         ] GC(800) User=0.00s Sys=0.00s Real=0.03s
[129.776s][info][gc,start       ] GC(801) Pause Young (Normal) (G1 Evacuation Pause)
[129.776s][info][gc,task        ] GC(801) Using 12 workers of 33 for evacuation
[129.778s][info][gc,phases      ] GC(801)   Pre Evacuate Collection Set: 0.1ms
[129.778s][info][gc,phases      ] GC(801)   Merge Heap Roots: 0.0ms
[129.778s][info][gc,phases      ] GC(801)   Evacuate Collection Set: 1.2ms
[129.778s][info][gc,phases      ] GC(801)   Post Evacuate Collection Set: 0.3ms
[129.778s][info][gc,phases      ] GC(801)   Other: 0.1ms
[129.778s][info][gc,heap        ] GC(801) Eden regions: 22->0(20)
[129.778s][info][gc,heap        ] GC(801) Survivor regions: 3->3(3)
[129.778s][info][gc,heap        ] GC(801) Old regions: 481->483
[129.778s][info][gc,heap        ] GC(801) Archive regions: 0->0
[129.778s][info][gc,heap        ] GC(801) Humongous regions: 3->3
[129.778s][info][gc,metaspace   ] GC(801) Metaspace: 16751K(17408K)->16751K(17408K) NonClass: 14332K(14720K)->14332K(14720K) Class: 2419K(2688K)->2419K(2688K)
[129.778s][info][gc             ] GC(801) Pause Young (Normal) (G1 Evacuation Pause) (Evacuation Failure) 502M->482M(512M) 2.183ms
[129.778s][info][gc,cpu         ] GC(801) User=0.00s Sys=0.00s Real=0.00s
[129.822s][info][gc,start       ] GC(802) Pause Young (Normal) (G1 Evacuation Pause)
[129.822s][info][gc,task        ] GC(802) Using 12 workers of 33 for evacuation
[129.824s][info][gc,phases      ] GC(802)   Pre Evacuate Collection Set: 0.1ms
[129.824s][info][gc,phases      ] GC(802)   Merge Heap Roots: 0.1ms
[129.824s][info][gc,phases      ] GC(802)   Evacuate Collection Set: 1.2ms
[129.824s][info][gc,phases      ] GC(802)   Post Evacuate Collection Set: 0.4ms
[129.824s][info][gc,phases      ] GC(802)   Other: 0.1ms
[129.824s][info][gc,heap        ] GC(802) Eden regions: 20->0(0)
[129.824s][info][gc,heap        ] GC(802) Survivor regions: 3->2(3)
[129.824s][info][gc,heap        ] GC(802) Old regions: 483->506
[129.824s][info][gc,heap        ] GC(802) Archive regions: 0->0
[129.824s][info][gc,heap        ] GC(802) Humongous regions: 3->3
[129.824s][info][gc,metaspace   ] GC(802) Metaspace: 16751K(17408K)->16751K(17408K) NonClass: 14332K(14720K)->14332K(14720K) Class: 2419K(2688K)->2419K(2688K)
[129.824s][info][gc             ] GC(802) Pause Young (Normal) (G1 Evacuation Pause) (Evacuation Failure) 502M->504M(512M) 2.267ms
[129.824s][info][gc,cpu         ] GC(802) User=0.02s Sys=0.00s Real=0.01s
[129.824s][info][gc,ergo        ] Attempting full compaction
[129.824s][info][gc,start       ] GC(803) Pause Full (G1 Compaction Pause)
[129.824s][info][gc,task        ] GC(803) Using 12 workers of 33 for full compaction
[129.825s][info][gc,phases,start] GC(803) Phase 1: Mark live objects
[129.977s][info][gc,phases      ] GC(803) Phase 1: Mark live objects 152.383ms
[129.978s][info][gc,phases,start] GC(803) Phase 2: Prepare compaction
[129.995s][info][gc,phases      ] GC(803) Phase 2: Prepare compaction 16.968ms
[129.995s][info][gc,phases,start] GC(803) Phase 3: Adjust pointers
[130.018s][info][gc,phases      ] GC(803) Phase 3: Adjust pointers 23.258ms
[130.018s][info][gc,phases,start] GC(803) Phase 4: Compact heap
[130.027s][info][gc,phases      ] GC(803) Phase 4: Compact heap 9.279ms
[130.030s][info][gc,heap        ] GC(803) Eden regions: 0->0(25)
[130.030s][info][gc,heap        ] GC(803) Survivor regions: 2->0(3)
[130.030s][info][gc,heap        ] GC(803) Old regions: 506->461
[130.030s][info][gc,heap        ] GC(803) Archive regions: 0->0
[130.030s][info][gc,heap        ] GC(803) Humongous regions: 3->3
[130.030s][info][gc,metaspace   ] GC(803) Metaspace: 16751K(17408K)->16751K(17408K) NonClass: 14332K(14720K)->14332K(14720K) Class: 2419K(2688K)->2419K(2688K)
[130.030s][info][gc             ] GC(803) Pause Full (G1 Compaction Pause) 504M->457M(512M) 206.020ms
[130.030s][info][gc,cpu         ] GC(803) User=2.36s Sys=0.00s Real=0.20s
[130.030s][info][gc,marking     ] GC(799) Concurrent Mark From Roots 370.793ms
[130.030s][info][gc,marking     ] GC(799) Concurrent Mark Abort
[130.030s][info][gc             ] GC(799) Concurrent Mark Cycle 384.970ms
[130.076s][info][gc,start       ] GC(804) Pause Young (Normal) (G1 Evacuation Pause)
[130.076s][info][gc,task        ] GC(804) Using 12 workers of 33 for evacuation
[130.078s][info][gc,phases      ] GC(804)   Pre Evacuate Collection Set: 0.1ms
[130.078s][info][gc,phases      ] GC(804)   Merge Heap Roots: 0.0ms
[130.078s][info][gc,phases      ] GC(804)   Evacuate Collection Set: 1.8ms
[130.078s][info][gc,phases      ] GC(804)   Post Evacuate Collection Set: 0.3ms
[130.078s][info][gc,phases      ] GC(804)   Other: 0.1ms
[130.078s][info][gc,heap        ] GC(804) Eden regions: 25->0(22)
[130.078s][info][gc,heap        ] GC(804) Survivor regions: 0->3(4)
[130.078s][info][gc,heap        ] GC(804) Old regions: 461->461
[130.078s][info][gc,heap        ] GC(804) Archive regions: 0->0
[130.078s][info][gc,heap        ] GC(804) Humongous regions: 3->3
[130.078s][info][gc,metaspace   ] GC(804) Metaspace: 16751K(17408K)->16751K(17408K) NonClass: 14332K(14720K)->14332K(14720K) Class: 2419K(2688K)->2419K(2688K)
[130.078s][info][gc             ] GC(804) Pause Young (Normal) (G1 Evacuation Pause) 482M->459M(512M) 2.453ms
[130.078s][info][gc,cpu         ] GC(804) User=0.00s Sys=0.00s Real=0.00s
[130.125s][info][gc,start       ] GC(805) Pause Young (Concurrent Start) (G1 Evacuation Pause)
[130.125s][info][gc,task        ] GC(805) Using 12 workers of 33 for evacuation
[130.128s][info][gc,phases      ] GC(805)   Pre Evacuate Collection Set: 0.2ms
[130.128s][info][gc,phases      ] GC(805)   Merge Heap Roots: 0.0ms
[130.128s][info][gc,phases      ] GC(805)   Evacuate Collection Set: 1.9ms
[130.128s][info][gc,phases      ] GC(805)   Post Evacuate Collection Set: 0.3ms
[130.128s][info][gc,phases      ] GC(805)   Other: 0.1ms
[130.128s][info][gc,heap        ] GC(805) Eden regions: 22->0(22)
[130.128s][info][gc,heap        ] GC(805) Survivor regions: 3->3(4)
[130.128s][info][gc,heap        ] GC(805) Old regions: 461->462
[130.128s][info][gc,heap        ] GC(805) Archive regions: 0->0
[130.128s][info][gc,heap        ] GC(805) Humongous regions: 3->3
[130.128s][info][gc,metaspace   ] GC(805) Metaspace: 16751K(17408K)->16751K(17408K) NonClass: 14332K(14720K)->14332K(14720K) Class: 2419K(2688K)->2419K(2688K)
[130.128s][info][gc             ] GC(805) Pause Young (Concurrent Start) (G1 Evacuation Pause) 481M->460M(512M) 3.104ms
[130.128s][info][gc             ] GC(806) Concurrent Mark Cycle
[130.128s][info][gc,cpu         ] GC(805) User=0.00s Sys=0.00s Real=0.00s
[130.128s][info][gc,marking     ] GC(806) Concurrent Scan Root Regions
[130.141s][info][gc,marking     ] GC(806) Concurrent Scan Root Regions 13.111ms
[130.141s][info][gc,marking     ] GC(806) Concurrent Mark
[130.141s][info][gc,marking     ] GC(806) Concurrent Mark From Roots
[130.141s][info][gc,task        ] GC(806) Using 8 workers of 8 for marking
[130.174s][info][gc,start       ] GC(807) Pause Young (Normal) (G1 Evacuation Pause)
[130.174s][info][gc,task        ] GC(807) Using 12 workers of 33 for evacuation
[130.176s][info][gc,phases      ] GC(807)   Pre Evacuate Collection Set: 0.1ms
[130.176s][info][gc,phases      ] GC(807)   Merge Heap Roots: 0.0ms
[130.176s][info][gc,phases      ] GC(807)   Evacuate Collection Set: 1.3ms
[130.176s][info][gc,phases      ] GC(807)   Post Evacuate Collection Set: 0.2ms
[130.176s][info][gc,phases      ] GC(807)   Other: 0.1ms
[130.176s][info][gc,heap        ] GC(807) Eden regions: 22->0(22)
[130.176s][info][gc,heap        ] GC(807) Survivor regions: 3->3(4)
[130.176s][info][gc,heap        ] GC(807) Old regions: 462->463
[130.176s][info][gc,heap        ] GC(807) Archive regions: 0->0
[130.176s][info][gc,heap        ] GC(807) Humongous regions: 3->3
[130.176s][info][gc,metaspace   ] GC(807) Metaspace: 16751K(17408K)->16751K(17408K) NonClass: 14332K(14720K)->14332K(14720K) Class: 2419K(2688K)->2419K(2688K)
[130.176s][info][gc             ] GC(807) Pause Young (Normal) (G1 Evacuation Pause) 482M->461M(512M) 2.230ms
[130.176s][info][gc,cpu         ] GC(807) User=0.00s Sys=0.00s Real=0.00s
[130.223s][info][gc,start       ] GC(808) Pause Young (Normal) (G1 Evacuation Pause)
[130.223s][info][gc,task        ] GC(808) Using 12 workers of 33 for evacuation
[130.224s][info][gc,phases      ] GC(808)   Pre Evacuate Collection Set: 0.1ms
[130.224s][info][gc,phases      ] GC(808)   Merge Heap Roots: 0.0ms
[130.224s][info][gc,phases      ] GC(808)   Evacuate Collection Set: 1.1ms
[130.224s][info][gc,phases      ] GC(808)   Post Evacuate Collection Set: 0.2ms
[130.224s][info][gc,phases      ] GC(808)   Other: 0.1ms
[130.224s][info][gc,heap        ] GC(808) Eden regions: 22->0(22)
[130.225s][info][gc,heap        ] GC(808) Survivor regions: 3->3(4)
[130.225s][info][gc,heap        ] GC(808) Old regions: 463->463
[130.225s][info][gc,heap        ] GC(808) Archive regions: 0->0
[130.225s][info][gc,heap        ] GC(808) Humongous regions: 3->3
[130.225s][info][gc,metaspace   ] GC(808) Metaspace: 16751K(17408K)->16751K(17408K) NonClass: 14332K(14720K)->14332K(14720K) Class: 2419K(2688K)->2419K(2688K)
[130.225s][info][gc             ] GC(808) Pause Young (Normal) (G1 Evacuation Pause) 483M->462M(512M) 2.019ms
[130.225s][info][gc,cpu         ] GC(808) User=0.00s Sys=0.00s Real=0.00s
[130.271s][info][gc,start       ] GC(809) Pause Young (Normal) (G1 Evacuation Pause)
[130.271s][info][gc,task        ] GC(809) Using 12 workers of 33 for evacuation
[130.273s][info][gc,phases      ] GC(809)   Pre Evacuate Collection Set: 0.1ms
[130.273s][info][gc,phases      ] GC(809)   Merge Heap Roots: 0.0ms
[130.273s][info][gc,phases      ] GC(809)   Evacuate Collection Set: 1.2ms
[130.273s][info][gc,phases      ] GC(809)   Post Evacuate Collection Set: 0.2ms
[130.273s][info][gc,phases      ] GC(809)   Other: 0.1ms
[130.273s][info][gc,heap        ] GC(809) Eden regions: 22->0(22)
[130.273s][info][gc,heap        ] GC(809) Survivor regions: 3->3(4)
[130.273s][info][gc,heap        ] GC(809) Old regions: 463->464
[130.273s][info][gc,heap        ] GC(809) Archive regions: 0->0
[130.273s][info][gc,heap        ] GC(809) Humongous regions: 3->3
[130.273s][info][gc,metaspace   ] GC(809) Metaspace: 16751K(17408K)->16751K(17408K) NonClass: 14332K(14720K)->14332K(14720K) Class: 2419K(2688K)->2419K(2688K)
[130.273s][info][gc             ] GC(809) Pause Young (Normal) (G1 Evacuation Pause) 484M->462M(512M) 2.211ms
[130.273s][info][gc,cpu         ] GC(809) User=0.00s Sys=0.00s Real=0.00s
[130.300s][info][gc,marking     ] GC(806) Concurrent Mark From Roots 158.938ms
[130.300s][info][gc,marking     ] GC(806) Concurrent Preclean
[130.300s][info][gc,marking     ] GC(806) Concurrent Preclean 0.084ms
[130.300s][info][gc,start       ] GC(806) Pause Remark
[130.301s][info][gc             ] GC(806) Pause Remark 476M->476M(512M) 1.006ms
[130.301s][info][gc,cpu         ] GC(806) User=0.00s Sys=0.00s Real=0.00s
[130.302s][info][gc,marking     ] GC(806) Concurrent Mark 160.377ms
[130.302s][info][gc,marking     ] GC(806) Concurrent Rebuild Remembered Sets and Scrub Regions
[130.319s][info][gc,start       ] GC(810) Pause Young (Normal) (G1 Evacuation Pause)
[130.319s][info][gc,task        ] GC(810) Using 12 workers of 33 for evacuation
[130.321s][info][gc,phases      ] GC(810)   Pre Evacuate Collection Set: 0.1ms
[130.321s][info][gc,phases      ] GC(810)   Merge Heap Roots: 0.0ms
[130.321s][info][gc,phases      ] GC(810)   Evacuate Collection Set: 1.2ms
[130.321s][info][gc,phases      ] GC(810)   Post Evacuate Collection Set: 0.3ms
[130.321s][info][gc,phases      ] GC(810)   Other: 0.1ms
[130.321s][info][gc,heap        ] GC(810) Eden regions: 22->0(22)
[130.321s][info][gc,heap        ] GC(810) Survivor regions: 3->3(4)
[130.321s][info][gc,heap        ] GC(810) Old regions: 464->464
[130.321s][info][gc,heap        ] GC(810) Archive regions: 0->0
[130.321s][info][gc,heap        ] GC(810) Humongous regions: 3->3
[130.321s][info][gc,metaspace   ] GC(810) Metaspace: 16751K(17408K)->16751K(17408K) NonClass: 14332K(14720K)->14332K(14720K) Class: 2419K(2688K)->2419K(2688K)
[130.321s][info][gc             ] GC(810) Pause Young (Normal) (G1 Evacuation Pause) 484M->462M(512M) 2.098ms
[130.321s][info][gc,cpu         ] GC(810) User=0.00s Sys=0.00s Real=0.00s
[130.344s][info][gc,marking     ] GC(806) Concurrent Rebuild Remembered Sets and Scrub Regions 42.835ms
[130.345s][info][gc,start       ] GC(806) Pause Cleanup
[130.345s][info][gc             ] GC(806) Pause Cleanup 473M->473M(512M) 0.259ms
[130.345s][info][gc,cpu         ] GC(806) User=0.00s Sys=0.00s Real=0.00s
[130.345s][info][gc,marking     ] GC(806) Concurrent Clear Claimed Marks
[130.345s][info][gc,marking     ] GC(806) Concurrent Clear Claimed Marks 0.021ms
[130.345s][info][gc,marking     ] GC(806) Concurrent Cleanup for Next Mark
[130.345s][info][gc,marking     ] GC(806) Concurrent Cleanup for Next Mark 0.270ms
[130.345s][info][gc             ] GC(806) Concurrent Mark Cycle 217.251ms
[130.367s][info][gc,start       ] GC(811) Pause Young (Prepare Mixed) (G1 Evacuation Pause)
[130.367s][info][gc,task        ] GC(811) Using 12 workers of 33 for evacuation
[130.369s][info][gc,phases      ] GC(811)   Pre Evacuate Collection Set: 0.1ms
[130.369s][info][gc,phases      ] GC(811)   Merge Heap Roots: 0.0ms
[130.369s][info][gc,phases      ] GC(811)   Evacuate Collection Set: 1.4ms
[130.369s][info][gc,phases      ] GC(811)   Post Evacuate Collection Set: 0.3ms
[130.369s][info][gc,phases      ] GC(811)   Other: 0.1ms
[130.369s][info][gc,heap        ] GC(811) Eden regions: 22->0(22)
[130.369s][info][gc,heap        ] GC(811) Survivor regions: 3->3(4)
[130.369s][info][gc,heap        ] GC(811) Old regions: 464->464
[130.369s][info][gc,heap        ] GC(811) Archive regions: 0->0
[130.369s][info][gc,heap        ] GC(811) Humongous regions: 3->3
[130.369s][info][gc,metaspace   ] GC(811) Metaspace: 16751K(17408K)->16751K(17408K) NonClass: 14332K(14720K)->14332K(14720K) Class: 2419K(2688K)->2419K(2688K)
[130.369s][info][gc             ] GC(811) Pause Young (Prepare Mixed) (G1 Evacuation Pause) 484M->463M(512M) 2.145ms
[130.369s][info][gc,cpu         ] GC(811) User=0.00s Sys=0.00s Real=0.00s
[130.409s][info][gc,start       ] GC(812) Pause Young (Mixed) (G1 Evacuation Pause)
[130.410s][info][gc,task        ] GC(812) Using 12 workers of 33 for evacuation
[130.412s][info][gc,phases      ] GC(812)   Pre Evacuate Collection Set: 0.1ms
[130.412s][info][gc,phases      ] GC(812)   Merge Heap Roots: 0.1ms
[130.412s][info][gc,phases      ] GC(812)   Evacuate Collection Set: 2.2ms
[130.412s][info][gc,phases      ] GC(812)   Post Evacuate Collection Set: 0.3ms
[130.413s][info][gc,phases      ] GC(812)   Other: 0.1ms
[130.413s][info][gc,heap        ] GC(812) Eden regions: 22->0(22)
[130.413s][info][gc,heap        ] GC(812) Survivor regions: 3->3(4)
[130.413s][info][gc,heap        ] GC(812) Old regions: 464->462
[130.413s][info][gc,heap        ] GC(812) Archive regions: 0->0
[130.413s][info][gc,heap        ] GC(812) Humongous regions: 3->3
[130.413s][info][gc,metaspace   ] GC(812) Metaspace: 16751K(17408K)->16751K(17408K) NonClass: 14332K(14720K)->14332K(14720K) Class: 2419K(2688K)->2419K(2688K)
[130.413s][info][gc             ] GC(812) Pause Young (Mixed) (G1 Evacuation Pause) 485M->463M(512M) 3.286ms
[130.413s][info][gc,cpu         ] GC(812) User=0.00s Sys=0.00s Real=0.00s
[130.449s][info][gc,start       ] GC(813) Pause Young (Concurrent Start) (G1 Evacuation Pause)
[130.449s][info][gc,task        ] GC(813) Using 12 workers of 33 for evacuation
[130.452s][info][gc,phases      ] GC(813)   Pre Evacuate Collection Set: 0.2ms
[130.452s][info][gc,phases      ] GC(813)   Merge Heap Roots: 0.0ms
[130.452s][info][gc,phases      ] GC(813)   Evacuate Collection Set: 1.7ms
[130.452s][info][gc,phases      ] GC(813)   Post Evacuate Collection Set: 0.3ms
[130.452s][info][gc,phases      ] GC(813)   Other: 0.1ms
[130.452s][info][gc,heap        ] GC(813) Eden regions: 22->0(22)
[130.452s][info][gc,heap        ] GC(813) Survivor regions: 3->3(4)
[130.452s][info][gc,heap        ] GC(813) Old regions: 462->462
[130.452s][info][gc,heap        ] GC(813) Archive regions: 0->0
[130.452s][info][gc,heap        ] GC(813) Humongous regions: 3->3
[130.452s][info][gc,metaspace   ] GC(813) Metaspace: 16751K(17408K)->16751K(17408K) NonClass: 14332K(14720K)->14332K(14720K) Class: 2419K(2688K)->2419K(2688K)
[130.452s][info][gc             ] GC(813) Pause Young (Concurrent Start) (G1 Evacuation Pause) 485M->463M(512M) 2.830ms
[130.452s][info][gc             ] GC(814) Concurrent Mark Cycle
[130.452s][info][gc,cpu         ] GC(813) User=0.19s Sys=0.00s Real=0.02s
[130.452s][info][gc,marking     ] GC(814) Concurrent Scan Root Regions
[130.463s][info][gc,marking     ] GC(814) Concurrent Scan Root Regions 11.075ms
[130.463s][info][gc,marking     ] GC(814) Concurrent Mark
[130.463s][info][gc,marking     ] GC(814) Concurrent Mark From Roots
[130.463s][info][gc,task        ] GC(814) Using 8 workers of 8 for marking
[130.511s][info][gc,start       ] GC(815) Pause Young (Normal) (G1 Evacuation Pause)
[130.511s][info][gc,task        ] GC(815) Using 12 workers of 33 for evacuation
[130.512s][info][gc,phases      ] GC(815)   Pre Evacuate Collection Set: 0.1ms
[130.512s][info][gc,phases      ] GC(815)   Merge Heap Roots: 0.0ms
[130.512s][info][gc,phases      ] GC(815)   Evacuate Collection Set: 1.0ms
[130.512s][info][gc,phases      ] GC(815)   Post Evacuate Collection Set: 0.3ms
[130.512s][info][gc,phases      ] GC(815)   Other: 0.1ms
[130.513s][info][gc,heap        ] GC(815) Eden regions: 22->0(22)
[130.513s][info][gc,heap        ] GC(815) Survivor regions: 3->3(4)
[130.513s][info][gc,heap        ] GC(815) Old regions: 462->463
[130.513s][info][gc,heap        ] GC(815) Archive regions: 0->0
[130.513s][info][gc,heap        ] GC(815) Humongous regions: 3->3
[130.513s][info][gc,metaspace   ] GC(815) Metaspace: 16751K(17408K)->16751K(17408K) NonClass: 14332K(14720K)->14332K(14720K) Class: 2419K(2688K)->2419K(2688K)
[130.513s][info][gc             ] GC(815) Pause Young (Normal) (G1 Evacuation Pause) 485M->463M(512M) 2.027ms
[130.513s][info][gc,cpu         ] GC(815) User=0.00s Sys=0.00s Real=0.00s
[130.569s][info][gc,start       ] GC(816) Pause Young (Normal) (G1 Evacuation Pause)
[130.569s][info][gc,task        ] GC(816) Using 12 workers of 33 for evacuation
[130.570s][info][gc,phases      ] GC(816)   Pre Evacuate Collection Set: 0.1ms
[130.570s][info][gc,phases      ] GC(816)   Merge Heap Roots: 0.0ms
[130.570s][info][gc,phases      ] GC(816)   Evacuate Collection Set: 1.0ms
[130.570s][info][gc,phases      ] GC(816)   Post Evacuate Collection Set: 0.3ms
[130.570s][info][gc,phases      ] GC(816)   Other: 0.1ms
[130.570s][info][gc,heap        ] GC(816) Eden regions: 22->0(22)
[130.571s][info][gc,heap        ] GC(816) Survivor regions: 3->3(4)
[130.571s][info][gc,heap        ] GC(816) Old regions: 463->463
[130.571s][info][gc,heap        ] GC(816) Archive regions: 0->0
[130.571s][info][gc,heap        ] GC(816) Humongous regions: 3->3
[130.571s][info][gc,metaspace   ] GC(816) Metaspace: 16751K(17408K)->16751K(17408K) NonClass: 14332K(14720K)->14332K(14720K) Class: 2419K(2688K)->2419K(2688K)
[130.571s][info][gc             ] GC(816) Pause Young (Normal) (G1 Evacuation Pause) 485M->463M(512M) 2.019ms
[130.571s][info][gc,cpu         ] GC(816) User=0.00s Sys=0.00s Real=0.00s
[130.598s][info][gc,marking     ] GC(814) Concurrent Mark From Roots 135.029ms
[130.598s][info][gc,marking     ] GC(814) Concurrent Preclean
[130.599s][info][gc,marking     ] GC(814) Concurrent Preclean 0.050ms
[130.599s][info][gc,start       ] GC(814) Pause Remark
[130.600s][info][gc             ] GC(814) Pause Remark 477M->477M(512M) 1.011ms
[130.600s][info][gc,cpu         ] GC(814) User=0.00s Sys=0.00s Real=0.00s
[130.600s][info][gc,marking     ] GC(814) Concurrent Mark 136.364ms
[130.600s][info][gc,marking     ] GC(814) Concurrent Rebuild Remembered Sets and Scrub Regions
[130.617s][info][gc,start       ] GC(817) Pause Young (Normal) (G1 Evacuation Pause)
[130.617s][info][gc,task        ] GC(817) Using 12 workers of 33 for evacuation
[130.619s][info][gc,phases      ] GC(817)   Pre Evacuate Collection Set: 0.1ms
[130.619s][info][gc,phases      ] GC(817)   Merge Heap Roots: 0.0ms
[130.619s][info][gc,phases      ] GC(817)   Evacuate Collection Set: 1.0ms
[130.619s][info][gc,phases      ] GC(817)   Post Evacuate Collection Set: 0.2ms
[130.619s][info][gc,phases      ] GC(817)   Other: 0.1ms
[130.619s][info][gc,heap        ] GC(817) Eden regions: 22->0(22)
[130.619s][info][gc,heap        ] GC(817) Survivor regions: 3->3(4)
[130.619s][info][gc,heap        ] GC(817) Old regions: 463->463
[130.619s][info][gc,heap        ] GC(817) Archive regions: 0->0
[130.619s][info][gc,heap        ] GC(817) Humongous regions: 3->3
[130.619s][info][gc,metaspace   ] GC(817) Metaspace: 16751K(17408K)->16751K(17408K) NonClass: 14332K(14720K)->14332K(14720K) Class: 2419K(2688K)->2419K(2688K)
[130.619s][info][gc             ] GC(817) Pause Young (Normal) (G1 Evacuation Pause) 485M->463M(512M) 1.825ms
[130.619s][info][gc,cpu         ] GC(817) User=0.00s Sys=0.00s Real=0.00s
[130.640s][info][gc,marking     ] GC(814) Concurrent Rebuild Remembered Sets and Scrub Regions 39.894ms
[130.640s][info][gc,start       ] GC(814) Pause Cleanup
[130.640s][info][gc             ] GC(814) Pause Cleanup 473M->473M(512M) 0.478ms
[130.640s][info][gc,cpu         ] GC(814) User=0.00s Sys=0.00s Real=0.00s
[130.640s][info][gc,marking     ] GC(814) Concurrent Clear Claimed Marks
[130.640s][info][gc,marking     ] GC(814) Concurrent Clear Claimed Marks 0.020ms
[130.640s][info][gc,marking     ] GC(814) Concurrent Cleanup for Next Mark
[130.641s][info][gc,marking     ] GC(814) Concurrent Cleanup for Next Mark 0.278ms
[130.641s][info][gc             ] GC(814) Concurrent Mark Cycle 188.467ms
[130.662s][info][gc,start       ] GC(818) Pause Young (Prepare Mixed) (G1 Evacuation Pause)
[130.662s][info][gc,task        ] GC(818) Using 12 workers of 33 for evacuation
[130.664s][info][gc,phases      ] GC(818)   Pre Evacuate Collection Set: 0.1ms
[130.664s][info][gc,phases      ] GC(818)   Merge Heap Roots: 0.0ms
[130.664s][info][gc,phases      ] GC(818)   Evacuate Collection Set: 1.2ms
[130.664s][info][gc,phases      ] GC(818)   Post Evacuate Collection Set: 0.3ms
[130.664s][info][gc,phases      ] GC(818)   Other: 0.1ms
[130.664s][info][gc,heap        ] GC(818) Eden regions: 22->0(22)
[130.664s][info][gc,heap        ] GC(818) Survivor regions: 3->3(4)
[130.664s][info][gc,heap        ] GC(818) Old regions: 463->463
[130.664s][info][gc,heap        ] GC(818) Archive regions: 0->0
[130.664s][info][gc,heap        ] GC(818) Humongous regions: 3->3
[130.664s][info][gc,metaspace   ] GC(818) Metaspace: 16751K(17408K)->16751K(17408K) NonClass: 14332K(14720K)->14332K(14720K) Class: 2419K(2688K)->2419K(2688K)
[130.664s][info][gc             ] GC(818) Pause Young (Prepare Mixed) (G1 Evacuation Pause) 485M->464M(512M) 2.196ms
[130.664s][info][gc,cpu         ] GC(818) User=0.00s Sys=0.00s Real=0.00s
[130.701s][info][gc,start       ] GC(819) Pause Young (Mixed) (G1 Evacuation Pause)
[130.701s][info][gc,task        ] GC(819) Using 12 workers of 33 for evacuation
[130.704s][info][gc,phases      ] GC(819)   Pre Evacuate Collection Set: 0.1ms
[130.704s][info][gc,phases      ] GC(819)   Merge Heap Roots: 0.1ms
[130.704s][info][gc,phases      ] GC(819)   Evacuate Collection Set: 1.8ms
[130.704s][info][gc,phases      ] GC(819)   Post Evacuate Collection Set: 0.3ms
[130.704s][info][gc,phases      ] GC(819)   Other: 0.1ms
[130.704s][info][gc,heap        ] GC(819) Eden regions: 22->0(24)
[130.704s][info][gc,heap        ] GC(819) Survivor regions: 3->3(4)
[130.704s][info][gc,heap        ] GC(819) Old regions: 463->452
[130.704s][info][gc,heap        ] GC(819) Archive regions: 0->0
[130.704s][info][gc,heap        ] GC(819) Humongous regions: 3->3
[130.704s][info][gc,metaspace   ] GC(819) Metaspace: 16751K(17408K)->16751K(17408K) NonClass: 14332K(14720K)->14332K(14720K) Class: 2419K(2688K)->2419K(2688K)
[130.704s][info][gc             ] GC(819) Pause Young (Mixed) (G1 Evacuation Pause) 486M->453M(512M) 2.658ms
[130.704s][info][gc,cpu         ] GC(819) User=0.00s Sys=0.00s Real=0.00s
[130.755s][info][gc,start       ] GC(820) Pause Young (Concurrent Start) (G1 Evacuation Pause)
[130.755s][info][gc,task        ] GC(820) Using 12 workers of 33 for evacuation
[130.757s][info][gc,phases      ] GC(820)   Pre Evacuate Collection Set: 0.2ms
[130.757s][info][gc,phases      ] GC(820)   Merge Heap Roots: 0.0ms
[130.757s][info][gc,phases      ] GC(820)   Evacuate Collection Set: 1.2ms
[130.757s][info][gc,phases      ] GC(820)   Post Evacuate Collection Set: 0.3ms
[130.757s][info][gc,phases      ] GC(820)   Other: 0.1ms
[130.757s][info][gc,heap        ] GC(820) Eden regions: 24->0(26)
[130.757s][info][gc,heap        ] GC(820) Survivor regions: 3->2(4)
[130.757s][info][gc,heap        ] GC(820) Old regions: 452->452
[130.757s][info][gc,heap        ] GC(820) Archive regions: 0->0
[130.758s][info][gc,heap        ] GC(820) Humongous regions: 3->3
[130.758s][info][gc,metaspace   ] GC(820) Metaspace: 16751K(17408K)->16751K(17408K) NonClass: 14332K(14720K)->14332K(14720K) Class: 2419K(2688K)->2419K(2688K)
[130.758s][info][gc             ] GC(820) Pause Young (Concurrent Start) (G1 Evacuation Pause) 477M->453M(512M) 2.332ms
[130.758s][info][gc             ] GC(821) Concurrent Mark Cycle
[130.758s][info][gc,cpu         ] GC(820) User=0.00s Sys=0.00s Real=0.00s
[130.758s][info][gc,marking     ] GC(821) Concurrent Scan Root Regions
[130.764s][info][gc,marking     ] GC(821) Concurrent Scan Root Regions 5.819ms
[130.764s][info][gc,marking     ] GC(821) Concurrent Mark
[130.764s][info][gc,marking     ] GC(821) Concurrent Mark From Roots
[130.764s][info][gc,task        ] GC(821) Using 8 workers of 8 for marking
[130.820s][info][gc,start       ] GC(822) Pause Young (Normal) (G1 Evacuation Pause)
[130.820s][info][gc,task        ] GC(822) Using 12 workers of 33 for evacuation
[130.821s][info][gc,phases      ] GC(822)   Pre Evacuate Collection Set: 0.1ms
[130.821s][info][gc,phases      ] GC(822)   Merge Heap Roots: 0.0ms
[130.821s][info][gc,phases      ] GC(822)   Evacuate Collection Set: 0.8ms
[130.821s][info][gc,phases      ] GC(822)   Post Evacuate Collection Set: 0.3ms
[130.821s][info][gc,phases      ] GC(822)   Other: 0.1ms
[130.821s][info][gc,heap        ] GC(822) Eden regions: 26->0(26)
[130.821s][info][gc,heap        ] GC(822) Survivor regions: 2->2(4)
[130.821s][info][gc,heap        ] GC(822) Old regions: 452->452
[130.821s][info][gc,heap        ] GC(822) Archive regions: 0->0
[130.821s][info][gc,heap        ] GC(822) Humongous regions: 3->3
[130.821s][info][gc,metaspace   ] GC(822) Metaspace: 16751K(17408K)->16751K(17408K) NonClass: 14332K(14720K)->14332K(14720K) Class: 2419K(2688K)->2419K(2688K)
[130.821s][info][gc             ] GC(822) Pause Young (Normal) (G1 Evacuation Pause) 479M->452M(512M) 1.765ms
[130.822s][info][gc,cpu         ] GC(822) User=0.00s Sys=0.00s Real=0.00s
[130.885s][info][gc,start       ] GC(823) Pause Young (Normal) (G1 Evacuation Pause)
[130.885s][info][gc,task        ] GC(823) Using 12 workers of 33 for evacuation
[130.886s][info][gc,phases      ] GC(823)   Pre Evacuate Collection Set: 0.1ms
[130.886s][info][gc,phases      ] GC(823)   Merge Heap Roots: 0.0ms
[130.886s][info][gc,phases      ] GC(823)   Evacuate Collection Set: 0.4ms
[130.886s][info][gc,phases      ] GC(823)   Post Evacuate Collection Set: 0.2ms
[130.886s][info][gc,phases      ] GC(823)   Other: 0.1ms
[130.886s][info][gc,heap        ] GC(823) Eden regions: 26->0(28)
[130.886s][info][gc,heap        ] GC(823) Survivor regions: 2->1(4)
[130.886s][info][gc,heap        ] GC(823) Old regions: 452->452
[130.886s][info][gc,heap        ] GC(823) Archive regions: 0->0
[130.886s][info][gc,heap        ] GC(823) Humongous regions: 3->3
[130.886s][info][gc,metaspace   ] GC(823) Metaspace: 16751K(17408K)->16751K(17408K) NonClass: 14332K(14720K)->14332K(14720K) Class: 2419K(2688K)->2419K(2688K)
[130.886s][info][gc             ] GC(823) Pause Young (Normal) (G1 Evacuation Pause) 478M->452M(512M) 1.393ms
[130.886s][info][gc,cpu         ] GC(823) User=0.00s Sys=0.00s Real=0.00s
[130.886s][info][gc,marking     ] GC(821) Concurrent Mark From Roots 122.799ms
[130.886s][info][gc,marking     ] GC(821) Concurrent Preclean
[130.887s][info][gc,marking     ] GC(821) Concurrent Preclean 0.047ms
[130.887s][info][gc,start       ] GC(821) Pause Remark
[130.888s][info][gc             ] GC(821) Pause Remark 452M->448M(512M) 0.943ms
[130.888s][info][gc,cpu         ] GC(821) User=0.00s Sys=0.00s Real=0.00s
[130.888s][info][gc,marking     ] GC(821) Concurrent Mark 124.041ms
[130.888s][info][gc,marking     ] GC(821) Concurrent Rebuild Remembered Sets and Scrub Regions
[130.921s][info][gc,marking     ] GC(821) Concurrent Rebuild Remembered Sets and Scrub Regions 33.518ms
[130.921s][info][gc,start       ] GC(821) Pause Cleanup
[130.922s][info][gc             ] GC(821) Pause Cleanup 467M->467M(512M) 0.580ms
[130.922s][info][gc,cpu         ] GC(821) User=0.00s Sys=0.00s Real=0.00s
[130.922s][info][gc,marking     ] GC(821) Concurrent Clear Claimed Marks
[130.922s][info][gc,marking     ] GC(821) Concurrent Clear Claimed Marks 0.042ms
[130.922s][info][gc,marking     ] GC(821) Concurrent Cleanup for Next Mark
[130.922s][info][gc,marking     ] GC(821) Concurrent Cleanup for Next Mark 0.300ms
[130.922s][info][gc             ] GC(821) Concurrent Mark Cycle 164.729ms
[130.933s][info][gc,start       ] GC(824) Pause Young (Prepare Mixed) (G1 Evacuation Pause)
[130.933s][info][gc,task        ] GC(824) Using 12 workers of 33 for evacuation
[130.935s][info][gc,phases      ] GC(824)   Pre Evacuate Collection Set: 0.1ms
[130.935s][info][gc,phases      ] GC(824)   Merge Heap Roots: 0.1ms
[130.935s][info][gc,phases      ] GC(824)   Evacuate Collection Set: 0.8ms
[130.935s][info][gc,phases      ] GC(824)   Post Evacuate Collection Set: 0.3ms
[130.935s][info][gc,phases      ] GC(824)   Other: 0.1ms
[130.935s][info][gc,heap        ] GC(824) Eden regions: 28->0(30)
[130.935s][info][gc,heap        ] GC(824) Survivor regions: 1->2(4)
[130.935s][info][gc,heap        ] GC(824) Old regions: 448->448
[130.935s][info][gc,heap        ] GC(824) Archive regions: 0->0
[130.935s][info][gc,heap        ] GC(824) Humongous regions: 3->3
[130.935s][info][gc,metaspace   ] GC(824) Metaspace: 16838K(17408K)->16838K(17408K) NonClass: 14395K(14720K)->14395K(14720K) Class: 2443K(2688K)->2443K(2688K)
[130.935s][info][gc             ] GC(824) Pause Young (Prepare Mixed) (G1 Evacuation Pause) 476M->449M(512M) 1.968ms
[130.935s][info][gc,cpu         ] GC(824) User=0.00s Sys=0.00s Real=0.00s
[131.588s][info][gc,start       ] GC(825) Pause Young (Mixed) (G1 Evacuation Pause)
[131.588s][info][gc,task        ] GC(825) Using 12 workers of 33 for evacuation
[131.592s][info][gc,phases      ] GC(825)   Pre Evacuate Collection Set: 0.1ms
[131.592s][info][gc,phases      ] GC(825)   Merge Heap Roots: 0.1ms
[131.592s][info][gc,phases      ] GC(825)   Evacuate Collection Set: 3.2ms
[131.592s][info][gc,phases      ] GC(825)   Post Evacuate Collection Set: 0.5ms
[131.592s][info][gc,phases      ] GC(825)   Other: 0.1ms
[131.592s][info][gc,heap        ] GC(825) Eden regions: 30->0(47)
[131.592s][info][gc,heap        ] GC(825) Survivor regions: 2->3(4)
[131.592s][info][gc,heap        ] GC(825) Old regions: 448->429
[131.592s][info][gc,heap        ] GC(825) Archive regions: 0->0
[131.592s][info][gc,heap        ] GC(825) Humongous regions: 3->3
[131.592s][info][gc,metaspace   ] GC(825) Metaspace: 16843K(17408K)->16843K(17408K) NonClass: 14400K(14720K)->14400K(14720K) Class: 2443K(2688K)->2443K(2688K)
[131.592s][info][gc             ] GC(825) Pause Young (Mixed) (G1 Evacuation Pause) 479M->432M(512M) 4.641ms
[131.592s][info][gc,cpu         ] GC(825) User=0.00s Sys=0.00s Real=0.00s
[132.497s][info][gc,start       ] GC(826) Pause Young (Concurrent Start) (G1 Evacuation Pause)
[132.497s][info][gc,task        ] GC(826) Using 12 workers of 33 for evacuation
[132.499s][info][gc,phases      ] GC(826)   Pre Evacuate Collection Set: 0.2ms
[132.500s][info][gc,phases      ] GC(826)   Merge Heap Roots: 0.1ms
[132.500s][info][gc,phases      ] GC(826)   Evacuate Collection Set: 1.1ms
[132.500s][info][gc,phases      ] GC(826)   Post Evacuate Collection Set: 0.5ms
[132.500s][info][gc,phases      ] GC(826)   Other: 0.2ms
[132.500s][info][gc,heap        ] GC(826) Eden regions: 47->0(47)
[132.500s][info][gc,heap        ] GC(826) Survivor regions: 3->3(7)
[132.500s][info][gc,heap        ] GC(826) Old regions: 429->429
[132.500s][info][gc,heap        ] GC(826) Archive regions: 0->0
[132.500s][info][gc,heap        ] GC(826) Humongous regions: 3->3
[132.500s][info][gc,metaspace   ] GC(826) Metaspace: 16843K(17408K)->16843K(17408K) NonClass: 14400K(14720K)->14400K(14720K) Class: 2443K(2688K)->2443K(2688K)
[132.500s][info][gc             ] GC(826) Pause Young (Concurrent Start) (G1 Evacuation Pause) 479M->432M(512M) 2.557ms
[132.500s][info][gc             ] GC(827) Concurrent Mark Cycle
[132.500s][info][gc,cpu         ] GC(826) User=0.00s Sys=0.00s Real=0.00s
[132.500s][info][gc,marking     ] GC(827) Concurrent Scan Root Regions
[132.502s][info][gc,marking     ] GC(827) Concurrent Scan Root Regions 1.891ms
[132.502s][info][gc,marking     ] GC(827) Concurrent Mark
[132.502s][info][gc,marking     ] GC(827) Concurrent Mark From Roots
[132.502s][info][gc,task        ] GC(827) Using 8 workers of 8 for marking
[132.511s][info][gc,marking     ] GC(827) Concurrent Mark From Roots 9.372ms
[132.511s][info][gc,marking     ] GC(827) Concurrent Preclean
[132.511s][info][gc,marking     ] GC(827) Concurrent Preclean 0.061ms
[132.512s][info][gc,start       ] GC(827) Pause Remark
[132.513s][info][gc             ] GC(827) Pause Remark 433M->56M(194M) 1.457ms
[132.513s][info][gc,cpu         ] GC(827) User=0.00s Sys=0.00s Real=0.00s
[132.513s][info][gc,marking     ] GC(827) Concurrent Mark 11.205ms
[132.513s][info][gc,marking     ] GC(827) Concurrent Rebuild Remembered Sets and Scrub Regions
[132.517s][info][gc,marking     ] GC(827) Concurrent Rebuild Remembered Sets and Scrub Regions 3.501ms
[132.517s][info][gc,start       ] GC(827) Pause Cleanup
[132.517s][info][gc             ] GC(827) Pause Cleanup 56M->56M(194M) 0.231ms
[132.517s][info][gc,cpu         ] GC(827) User=0.00s Sys=0.00s Real=0.00s
[132.517s][info][gc,marking     ] GC(827) Concurrent Clear Claimed Marks
[132.517s][info][gc,marking     ] GC(827) Concurrent Clear Claimed Marks 0.040ms
[132.517s][info][gc,marking     ] GC(827) Concurrent Cleanup for Next Mark
[132.517s][info][gc,marking     ] GC(827) Concurrent Cleanup for Next Mark 0.210ms
[132.517s][info][gc             ] GC(827) Concurrent Mark Cycle 17.536ms
[132.656s][info][gc,start       ] GC(828) Pause Full (System.gc())
[132.656s][info][gc,task        ] GC(828) Using 8 workers of 33 for full compaction
[132.656s][info][gc,phases,start] GC(828) Phase 1: Mark live objects
[132.669s][info][gc,phases      ] GC(828) Phase 1: Mark live objects 13.124ms
[132.669s][info][gc,phases,start] GC(828) Phase 2: Prepare compaction
[132.671s][info][gc,phases      ] GC(828) Phase 2: Prepare compaction 1.237ms
[132.671s][info][gc,phases,start] GC(828) Phase 3: Adjust pointers
[132.673s][info][gc,phases      ] GC(828) Phase 3: Adjust pointers 2.379ms
[132.673s][info][gc,phases,start] GC(828) Phase 4: Compact heap
[132.673s][info][gc,phases      ] GC(828) Phase 4: Compact heap 0.481ms
[132.677s][info][gc,heap        ] GC(828) Eden regions: 9->0(52)
[132.677s][info][gc,heap        ] GC(828) Survivor regions: 3->0(7)
[132.677s][info][gc,heap        ] GC(828) Old regions: 54->26
[132.677s][info][gc,heap        ] GC(828) Archive regions: 0->0
[132.677s][info][gc,heap        ] GC(828) Humongous regions: 0->0
[132.677s][info][gc,metaspace   ] GC(828) Metaspace: 16846K(17408K)->16762K(17408K) NonClass: 14402K(14720K)->14342K(14720K) Class: 2443K(2688K)->2420K(2688K)
[132.677s][info][gc             ] GC(828) Pause Full (System.gc()) 63M->21M(87M) 21.327ms
[132.677s][info][gc,cpu         ] GC(828) User=0.13s Sys=0.00s Real=0.02s
[133.778s][info][gc,start       ] GC(829) Pause Young (Concurrent Start) (G1 Evacuation Pause)
[133.778s][info][gc,task        ] GC(829) Using 5 workers of 33 for evacuation
[133.826s][info][gc,phases      ] GC(829)   Pre Evacuate Collection Set: 0.3ms
[133.826s][info][gc,phases      ] GC(829)   Merge Heap Roots: 0.1ms
[133.826s][info][gc,phases      ] GC(829)   Evacuate Collection Set: 46.4ms
[133.826s][info][gc,phases      ] GC(829)   Post Evacuate Collection Set: 0.8ms
[133.826s][info][gc,phases      ] GC(829)   Other: 0.2ms
[133.826s][info][gc,heap        ] GC(829) Eden regions: 52->0(35)
[133.826s][info][gc,heap        ] GC(829) Survivor regions: 0->7(7)
[133.826s][info][gc,heap        ] GC(829) Old regions: 26->32
[133.826s][info][gc,heap        ] GC(829) Archive regions: 0->0
[133.826s][info][gc,heap        ] GC(829) Humongous regions: 0->0
[133.826s][info][gc,metaspace   ] GC(829) Metaspace: 16765K(17408K)->16765K(17408K) NonClass: 14344K(14720K)->14344K(14720K) Class: 2420K(2688K)->2420K(2688K)
[133.826s][info][gc             ] GC(829) Pause Young (Concurrent Start) (G1 Evacuation Pause) 73M->34M(91M) 48.211ms
[133.826s][info][gc             ] GC(830) Concurrent Mark Cycle
[133.826s][info][gc,cpu         ] GC(829) User=0.23s Sys=0.00s Real=0.05s
[133.826s][info][gc,marking     ] GC(830) Concurrent Scan Root Regions
[133.830s][info][gc,marking     ] GC(830) Concurrent Scan Root Regions 3.993ms
[133.830s][info][gc,marking     ] GC(830) Concurrent Mark
[133.830s][info][gc,marking     ] GC(830) Concurrent Mark From Roots
[133.830s][info][gc,task        ] GC(830) Using 8 workers of 8 for marking
[133.837s][info][gc,marking     ] GC(830) Concurrent Mark From Roots 6.168ms
[133.837s][info][gc,marking     ] GC(830) Concurrent Preclean
[133.837s][info][gc,marking     ] GC(830) Concurrent Preclean 0.047ms
[133.837s][info][gc,start       ] GC(830) Pause Remark
[133.838s][info][gc             ] GC(830) Pause Remark 35M->35M(91M) 1.175ms
[133.838s][info][gc,cpu         ] GC(830) User=0.00s Sys=0.00s Real=0.00s
[133.838s][info][gc,marking     ] GC(830) Concurrent Mark 7.665ms
[133.838s][info][gc,marking     ] GC(830) Concurrent Rebuild Remembered Sets and Scrub Regions
[133.846s][info][gc,marking     ] GC(830) Concurrent Rebuild Remembered Sets and Scrub Regions 8.183ms
[133.846s][info][gc,start       ] GC(830) Pause Cleanup
[133.847s][info][gc             ] GC(830) Pause Cleanup 36M->36M(91M) 0.153ms
[133.847s][info][gc,cpu         ] GC(830) User=0.00s Sys=0.00s Real=0.00s
[133.847s][info][gc,marking     ] GC(830) Concurrent Clear Claimed Marks
[133.847s][info][gc,marking     ] GC(830) Concurrent Clear Claimed Marks 0.036ms
[133.847s][info][gc,marking     ] GC(830) Concurrent Cleanup for Next Mark
[133.847s][info][gc,marking     ] GC(830) Concurrent Cleanup for Next Mark 0.187ms
[133.847s][info][gc             ] GC(830) Concurrent Mark Cycle 20.630ms
[135.077s][info][gc,start       ] GC(831) Pause Young (Prepare Mixed) (G1 Evacuation Pause)
[135.077s][info][gc,task        ] GC(831) Using 3 workers of 33 for evacuation
[135.120s][info][gc,phases      ] GC(831)   Pre Evacuate Collection Set: 0.1ms
[135.120s][info][gc,phases      ] GC(831)   Merge Heap Roots: 0.8ms
[135.120s][info][gc,phases      ] GC(831)   Evacuate Collection Set: 42.0ms
[135.120s][info][gc,phases      ] GC(831)   Post Evacuate Collection Set: 0.5ms
[135.121s][info][gc,phases      ] GC(831)   Other: 0.1ms
[135.121s][info][gc,heap        ] GC(831) Eden regions: 35->0(20)
[135.121s][info][gc,heap        ] GC(831) Survivor regions: 7->6(6)
[135.121s][info][gc,heap        ] GC(831) Old regions: 32->55
[135.121s][info][gc,heap        ] GC(831) Archive regions: 0->0
[135.121s][info][gc,heap        ] GC(831) Humongous regions: 0->0
[135.121s][info][gc,metaspace   ] GC(831) Metaspace: 16765K(17408K)->16765K(17408K) NonClass: 14345K(14720K)->14345K(14720K) Class: 2420K(2688K)->2420K(2688K)
[135.121s][info][gc             ] GC(831) Pause Young (Prepare Mixed) (G1 Evacuation Pause) 69M->56M(103M) 43.937ms
[135.121s][info][gc,cpu         ] GC(831) User=0.11s Sys=0.03s Real=0.05s
[135.125s][info][gc,start       ] GC(832) Pause Young (Mixed) (G1 Evacuation Pause)
[135.125s][info][gc,task        ] GC(832) Using 2 workers of 33 for evacuation
[135.140s][info][gc,phases      ] GC(832)   Pre Evacuate Collection Set: 0.1ms
[135.140s][info][gc,phases      ] GC(832)   Merge Heap Roots: 0.0ms
[135.140s][info][gc,phases      ] GC(832)   Evacuate Collection Set: 14.4ms
[135.140s][info][gc,phases      ] GC(832)   Post Evacuate Collection Set: 0.3ms
[135.140s][info][gc,phases      ] GC(832)   Other: 0.1ms
[135.140s][info][gc,heap        ] GC(832) Eden regions: 20->0(22)
[135.140s][info][gc,heap        ] GC(832) Survivor regions: 6->1(4)
[135.140s][info][gc,heap        ] GC(832) Old regions: 55->60
[135.140s][info][gc,heap        ] GC(832) Archive regions: 0->0
[135.140s][info][gc,heap        ] GC(832) Humongous regions: 0->0
[135.140s][info][gc,metaspace   ] GC(832) Metaspace: 16765K(17408K)->16765K(17408K) NonClass: 14345K(14720K)->14345K(14720K) Class: 2420K(2688K)->2420K(2688K)
[135.140s][info][gc             ] GC(832) Pause Young (Mixed) (G1 Evacuation Pause) 76M->57M(103M) 15.316ms
[135.140s][info][gc,cpu         ] GC(832) User=0.03s Sys=0.00s Real=0.02s
[135.145s][info][gc,start       ] GC(833) Pause Young (Concurrent Start) (G1 Evacuation Pause)
[135.145s][info][gc,task        ] GC(833) Using 2 workers of 33 for evacuation
[135.149s][info][gc,phases      ] GC(833)   Pre Evacuate Collection Set: 0.2ms
[135.149s][info][gc,phases      ] GC(833)   Merge Heap Roots: 0.1ms
[135.149s][info][gc,phases      ] GC(833)   Evacuate Collection Set: 3.0ms
[135.149s][info][gc,phases      ] GC(833)   Post Evacuate Collection Set: 0.3ms
[135.149s][info][gc,phases      ] GC(833)   Other: 0.1ms
[135.149s][info][gc,heap        ] GC(833) Eden regions: 22->0(24)
[135.149s][info][gc,heap        ] GC(833) Survivor regions: 1->1(3)
[135.149s][info][gc,heap        ] GC(833) Old regions: 60->60
[135.149s][info][gc,heap        ] GC(833) Archive regions: 0->0
[135.149s][info][gc,heap        ] GC(833) Humongous regions: 0->0
[135.149s][info][gc,metaspace   ] GC(833) Metaspace: 16765K(17408K)->16765K(17408K) NonClass: 14345K(14720K)->14345K(14720K) Class: 2420K(2688K)->2420K(2688K)
[135.149s][info][gc             ] GC(833) Pause Young (Concurrent Start) (G1 Evacuation Pause) 79M->57M(103M) 4.132ms
[135.149s][info][gc,cpu         ] GC(833) User=0.00s Sys=0.00s Real=0.00s
[135.149s][info][gc             ] GC(834) Concurrent Mark Cycle
[135.149s][info][gc,marking     ] GC(834) Concurrent Scan Root Regions
[135.153s][info][gc,marking     ] GC(834) Concurrent Scan Root Regions 3.302ms
[135.153s][info][gc,marking     ] GC(834) Concurrent Mark
[135.153s][info][gc,marking     ] GC(834) Concurrent Mark From Roots
[135.153s][info][gc,task        ] GC(834) Using 8 workers of 8 for marking
[135.154s][info][gc,start       ] GC(835) Pause Young (Normal) (G1 Evacuation Pause)
[135.154s][info][gc,task        ] GC(835) Using 2 workers of 33 for evacuation
[135.162s][info][gc,phases      ] GC(835)   Pre Evacuate Collection Set: 0.1ms
[135.162s][info][gc,phases      ] GC(835)   Merge Heap Roots: 0.0ms
[135.162s][info][gc,phases      ] GC(835)   Evacuate Collection Set: 3.8ms
[135.162s][info][gc,phases      ] GC(835)   Post Evacuate Collection Set: 3.6ms
[135.162s][info][gc,phases      ] GC(835)   Other: 0.1ms
[135.162s][info][gc,heap        ] GC(835) Eden regions: 24->0(132)
[135.162s][info][gc,heap        ] GC(835) Survivor regions: 1->1(4)
[135.162s][info][gc,heap        ] GC(835) Old regions: 60->60
[135.162s][info][gc,heap        ] GC(835) Archive regions: 0->0
[135.162s][info][gc,heap        ] GC(835) Humongous regions: 0->0
[135.162s][info][gc,metaspace   ] GC(835) Metaspace: 16765K(17408K)->16765K(17408K) NonClass: 14345K(14720K)->14345K(14720K) Class: 2420K(2688K)->2420K(2688K)
[135.162s][info][gc             ] GC(835) Pause Young (Normal) (G1 Evacuation Pause) 81M->57M(308M) 8.060ms
[135.162s][info][gc,cpu         ] GC(835) User=0.00s Sys=0.02s Real=0.02s
[135.181s][info][gc,marking     ] GC(834) Concurrent Mark From Roots 28.757ms
[135.182s][info][gc,marking     ] GC(834) Concurrent Preclean
[135.182s][info][gc,marking     ] GC(834) Concurrent Preclean 0.039ms
[135.182s][info][gc,start       ] GC(834) Pause Remark
[135.184s][info][gc             ] GC(834) Pause Remark 73M->41M(150M) 1.717ms
[135.184s][info][gc,cpu         ] GC(834) User=0.00s Sys=0.00s Real=0.00s
[135.184s][info][gc,marking     ] GC(834) Concurrent Mark 31.330ms
[135.184s][info][gc,marking     ] GC(834) Concurrent Rebuild Remembered Sets and Scrub Regions
[135.187s][info][gc,marking     ] GC(834) Concurrent Rebuild Remembered Sets and Scrub Regions 3.167ms
[135.187s][info][gc,start       ] GC(834) Pause Cleanup
[135.188s][info][gc             ] GC(834) Pause Cleanup 44M->44M(150M) 0.101ms
[135.188s][info][gc,cpu         ] GC(834) User=0.00s Sys=0.00s Real=0.00s
[135.188s][info][gc,marking     ] GC(834) Concurrent Clear Claimed Marks
[135.188s][info][gc,marking     ] GC(834) Concurrent Clear Claimed Marks 0.038ms
[135.188s][info][gc,marking     ] GC(834) Concurrent Cleanup for Next Mark
[135.189s][info][gc,marking     ] GC(834) Concurrent Cleanup for Next Mark 0.627ms
[135.189s][info][gc             ] GC(834) Concurrent Mark Cycle 39.751ms
[135.223s][info][gc,start       ] GC(836) Pause Young (Prepare Mixed) (G1 Evacuation Pause)
[135.223s][info][gc,task        ] GC(836) Using 3 workers of 33 for evacuation
[135.225s][info][gc,phases      ] GC(836)   Pre Evacuate Collection Set: 0.1ms
[135.225s][info][gc,phases      ] GC(836)   Merge Heap Roots: 0.0ms
[135.225s][info][gc,phases      ] GC(836)   Evacuate Collection Set: 1.4ms
[135.225s][info][gc,phases      ] GC(836)   Post Evacuate Collection Set: 0.2ms
[135.225s][info][gc,phases      ] GC(836)   Other: 0.1ms
[135.225s][info][gc,heap        ] GC(836) Eden regions: 89->0(73)
[135.225s][info][gc,heap        ] GC(836) Survivor regions: 1->2(12)
[135.225s][info][gc,heap        ] GC(836) Old regions: 28->28
[135.225s][info][gc,heap        ] GC(836) Archive regions: 0->0
[135.225s][info][gc,heap        ] GC(836) Humongous regions: 0->0
[135.225s][info][gc,metaspace   ] GC(836) Metaspace: 16765K(17408K)->16765K(17408K) NonClass: 14345K(14720K)->14345K(14720K) Class: 2420K(2688K)->2420K(2688K)
[135.225s][info][gc             ] GC(836) Pause Young (Prepare Mixed) (G1 Evacuation Pause) 114M->25M(150M) 1.953ms
[135.225s][info][gc,cpu         ] GC(836) User=0.00s Sys=0.00s Real=0.00s
[135.233s][info][gc,start       ] GC(837) Pause Young (Mixed) (G1 Evacuation Pause)
[135.233s][info][gc,task        ] GC(837) Using 3 workers of 33 for evacuation
[135.235s][info][gc,phases      ] GC(837)   Pre Evacuate Collection Set: 0.1ms
[135.235s][info][gc,phases      ] GC(837)   Merge Heap Roots: 0.0ms
[135.235s][info][gc,phases      ] GC(837)   Evacuate Collection Set: 1.5ms
[135.235s][info][gc,phases      ] GC(837)   Post Evacuate Collection Set: 0.2ms
[135.235s][info][gc,phases      ] GC(837)   Other: 0.1ms
[135.235s][info][gc,heap        ] GC(837) Eden regions: 73->0(79)
[135.235s][info][gc,heap        ] GC(837) Survivor regions: 2->2(10)
[135.235s][info][gc,heap        ] GC(837) Old regions: 28->27
[135.235s][info][gc,heap        ] GC(837) Archive regions: 0->0
[135.235s][info][gc,heap        ] GC(837) Humongous regions: 0->0
[135.235s][info][gc,metaspace   ] GC(837) Metaspace: 16765K(17408K)->16765K(17408K) NonClass: 14345K(14720K)->14345K(14720K) Class: 2420K(2688K)->2420K(2688K)
[135.235s][info][gc             ] GC(837) Pause Young (Mixed) (G1 Evacuation Pause) 98M->24M(150M) 2.014ms
[135.235s][info][gc,cpu         ] GC(837) User=0.00s Sys=0.00s Real=0.00s
[135.243s][info][gc,start       ] GC(838) Pause Young (Concurrent Start) (G1 Evacuation Pause)
[135.243s][info][gc,task        ] GC(838) Using 3 workers of 33 for evacuation
[135.245s][info][gc,phases      ] GC(838)   Pre Evacuate Collection Set: 0.2ms
[135.245s][info][gc,phases      ] GC(838)   Merge Heap Roots: 0.0ms
[135.245s][info][gc,phases      ] GC(838)   Evacuate Collection Set: 1.6ms
[135.245s][info][gc,phases      ] GC(838)   Post Evacuate Collection Set: 0.2ms
[135.245s][info][gc,phases      ] GC(838)   Other: 0.1ms
[135.245s][info][gc,heap        ] GC(838) Eden regions: 79->0(84)
[135.245s][info][gc,heap        ] GC(838) Survivor regions: 2->2(11)
[135.245s][info][gc,heap        ] GC(838) Old regions: 27->27
[135.245s][info][gc,heap        ] GC(838) Archive regions: 0->0
[135.245s][info][gc,heap        ] GC(838) Humongous regions: 0->0
[135.245s][info][gc,metaspace   ] GC(838) Metaspace: 16765K(17408K)->16765K(17408K) NonClass: 14345K(14720K)->14345K(14720K) Class: 2420K(2688K)->2420K(2688K)
[135.245s][info][gc             ] GC(838) Pause Young (Concurrent Start) (G1 Evacuation Pause) 103M->24M(150M) 2.310ms
[135.245s][info][gc             ] GC(839) Concurrent Mark Cycle
[135.245s][info][gc,cpu         ] GC(838) User=0.00s Sys=0.00s Real=0.00s
[135.245s][info][gc,marking     ] GC(839) Concurrent Scan Root Regions
[135.247s][info][gc,marking     ] GC(839) Concurrent Scan Root Regions 1.934ms
[135.247s][info][gc,marking     ] GC(839) Concurrent Mark
[135.247s][info][gc,marking     ] GC(839) Concurrent Mark From Roots
[135.247s][info][gc,task        ] GC(839) Using 8 workers of 8 for marking
[135.255s][info][gc,start       ] GC(840) Pause Young (Normal) (G1 Evacuation Pause)
[135.255s][info][gc,task        ] GC(840) Using 3 workers of 33 for evacuation
[135.257s][info][gc,phases      ] GC(840)   Pre Evacuate Collection Set: 0.1ms
[135.257s][info][gc,phases      ] GC(840)   Merge Heap Roots: 0.0ms
[135.257s][info][gc,phases      ] GC(840)   Evacuate Collection Set: 1.5ms
[135.257s][info][gc,phases      ] GC(840)   Post Evacuate Collection Set: 0.2ms
[135.257s][info][gc,phases      ] GC(840)   Other: 0.1ms
[135.257s][info][gc,heap        ] GC(840) Eden regions: 84->0(88)
[135.257s][info][gc,heap        ] GC(840) Survivor regions: 2->2(11)
[135.257s][info][gc,heap        ] GC(840) Old regions: 27->27
[135.257s][info][gc,heap        ] GC(840) Archive regions: 0->0
[135.257s][info][gc,heap        ] GC(840) Humongous regions: 0->0
[135.257s][info][gc,metaspace   ] GC(840) Metaspace: 16765K(17408K)->16765K(17408K) NonClass: 14345K(14720K)->14345K(14720K) Class: 2420K(2688K)->2420K(2688K)
[135.257s][info][gc             ] GC(840) Pause Young (Normal) (G1 Evacuation Pause) 108M->24M(150M) 2.095ms
[135.257s][info][gc,cpu         ] GC(840) User=0.00s Sys=0.00s Real=0.00s
[135.258s][info][gc,marking     ] GC(839) Concurrent Mark From Roots 10.603ms
[135.258s][info][gc,marking     ] GC(839) Concurrent Preclean
[135.258s][info][gc,marking     ] GC(839) Concurrent Preclean 0.044ms
[135.258s][info][gc,start       ] GC(839) Pause Remark
[135.259s][info][gc             ] GC(839) Pause Remark 37M->37M(140M) 1.009ms
[135.259s][info][gc,cpu         ] GC(839) User=0.00s Sys=0.00s Real=0.00s
[135.259s][info][gc,marking     ] GC(839) Concurrent Mark 11.937ms
[135.259s][info][gc,marking     ] GC(839) Concurrent Rebuild Remembered Sets and Scrub Regions
[135.263s][info][gc,marking     ] GC(839) Concurrent Rebuild Remembered Sets and Scrub Regions 3.648ms
[135.263s][info][gc,start       ] GC(839) Pause Cleanup
[135.263s][info][gc             ] GC(839) Pause Cleanup 71M->71M(140M) 0.091ms
[135.263s][info][gc,cpu         ] GC(839) User=0.00s Sys=0.00s Real=0.00s
[135.263s][info][gc,marking     ] GC(839) Concurrent Clear Claimed Marks
[135.263s][info][gc,marking     ] GC(839) Concurrent Clear Claimed Marks 0.092ms
[135.263s][info][gc,marking     ] GC(839) Concurrent Cleanup for Next Mark
[135.264s][info][gc,marking     ] GC(839) Concurrent Cleanup for Next Mark 0.363ms
[135.264s][info][gc             ] GC(839) Concurrent Mark Cycle 18.612ms
[135.268s][info][gc,start       ] GC(841) Pause Young (Prepare Mixed) (G1 Evacuation Pause)
[135.268s][info][gc,task        ] GC(841) Using 3 workers of 33 for evacuation
[135.270s][info][gc,phases      ] GC(841)   Pre Evacuate Collection Set: 0.1ms
[135.270s][info][gc,phases      ] GC(841)   Merge Heap Roots: 0.0ms
[135.270s][info][gc,phases      ] GC(841)   Evacuate Collection Set: 1.6ms
[135.270s][info][gc,phases      ] GC(841)   Post Evacuate Collection Set: 0.2ms
[135.270s][info][gc,phases      ] GC(841)   Other: 0.1ms
[135.270s][info][gc,heap        ] GC(841) Eden regions: 88->0(82)
[135.270s][info][gc,heap        ] GC(841) Survivor regions: 2->2(12)
[135.270s][info][gc,heap        ] GC(841) Old regions: 27->27
[135.270s][info][gc,heap        ] GC(841) Archive regions: 0->0
[135.270s][info][gc,heap        ] GC(841) Humongous regions: 0->0
[135.270s][info][gc,metaspace   ] GC(841) Metaspace: 16765K(17408K)->16765K(17408K) NonClass: 14345K(14720K)->14345K(14720K) Class: 2420K(2688K)->2420K(2688K)
[135.270s][info][gc             ] GC(841) Pause Young (Prepare Mixed) (G1 Evacuation Pause) 112M->24M(140M) 2.139ms
[135.270s][info][gc,cpu         ] GC(841) User=0.00s Sys=0.00s Real=0.00s
[135.279s][info][gc,start       ] GC(842) Pause Young (Mixed) (G1 Evacuation Pause)
[135.279s][info][gc,task        ] GC(842) Using 3 workers of 33 for evacuation
[135.281s][info][gc,phases      ] GC(842)   Pre Evacuate Collection Set: 0.1ms
[135.281s][info][gc,phases      ] GC(842)   Merge Heap Roots: 0.0ms
[135.281s][info][gc,phases      ] GC(842)   Evacuate Collection Set: 1.6ms
[135.281s][info][gc,phases      ] GC(842)   Post Evacuate Collection Set: 0.9ms
[135.281s][info][gc,phases      ] GC(842)   Other: 0.1ms
[135.281s][info][gc,heap        ] GC(842) Eden regions: 82->0(133)
[135.281s][info][gc,heap        ] GC(842) Survivor regions: 2->2(11)
[135.281s][info][gc,heap        ] GC(842) Old regions: 27->26
[135.281s][info][gc,heap        ] GC(842) Archive regions: 0->0
[135.281s][info][gc,heap        ] GC(842) Humongous regions: 0->0
[135.281s][info][gc,metaspace   ] GC(842) Metaspace: 16765K(17408K)->16765K(17408K) NonClass: 14345K(14720K)->14345K(14720K) Class: 2420K(2688K)->2420K(2688K)
[135.281s][info][gc             ] GC(842) Pause Young (Mixed) (G1 Evacuation Pause) 106M->24M(226M) 2.865ms
[135.281s][info][gc,cpu         ] GC(842) User=0.00s Sys=0.00s Real=0.00s
[135.334s][info][gc,start       ] GC(843) Pause Young (Concurrent Start) (G1 Evacuation Pause)
[135.334s][info][gc,task        ] GC(843) Using 5 workers of 33 for evacuation
[135.336s][info][gc,phases      ] GC(843)   Pre Evacuate Collection Set: 0.2ms
[135.336s][info][gc,phases      ] GC(843)   Merge Heap Roots: 0.0ms
[135.336s][info][gc,phases      ] GC(843)   Evacuate Collection Set: 1.1ms
[135.336s][info][gc,phases      ] GC(843)   Post Evacuate Collection Set: 0.2ms
[135.336s][info][gc,phases      ] GC(843)   Other: 0.1ms
[135.336s][info][gc,heap        ] GC(843) Eden regions: 133->0(133)
[135.336s][info][gc,heap        ] GC(843) Survivor regions: 2->2(17)
[135.336s][info][gc,heap        ] GC(843) Old regions: 26->26
[135.336s][info][gc,heap        ] GC(843) Archive regions: 0->0
[135.336s][info][gc,heap        ] GC(843) Humongous regions: 0->0
[135.336s][info][gc,metaspace   ] GC(843) Metaspace: 16765K(17408K)->16765K(17408K) NonClass: 14345K(14720K)->14345K(14720K) Class: 2420K(2688K)->2420K(2688K)
[135.336s][info][gc             ] GC(843) Pause Young (Concurrent Start) (G1 Evacuation Pause) 157M->24M(226M) 1.793ms
[135.336s][info][gc,cpu         ] GC(843) User=0.00s Sys=0.00s Real=0.00s
[135.336s][info][gc             ] GC(844) Concurrent Mark Cycle
[135.336s][info][gc,marking     ] GC(844) Concurrent Scan Root Regions
[135.338s][info][gc,marking     ] GC(844) Concurrent Scan Root Regions 1.709ms
[135.338s][info][gc,marking     ] GC(844) Concurrent Mark
[135.338s][info][gc,marking     ] GC(844) Concurrent Mark From Roots
[135.338s][info][gc,task        ] GC(844) Using 8 workers of 8 for marking
[135.346s][info][gc,marking     ] GC(844) Concurrent Mark From Roots 8.595ms
[135.346s][info][gc,marking     ] GC(844) Concurrent Preclean
[135.347s][info][gc,marking     ] GC(844) Concurrent Preclean 0.062ms
[135.347s][info][gc,start       ] GC(844) Pause Remark
[135.347s][info][gc             ] GC(844) Pause Remark 116M->116M(226M) 0.797ms
[135.347s][info][gc,cpu         ] GC(844) User=0.00s Sys=0.00s Real=0.00s
[135.348s][info][gc,marking     ] GC(844) Concurrent Mark 9.862ms
[135.348s][info][gc,marking     ] GC(844) Concurrent Rebuild Remembered Sets and Scrub Regions
[135.351s][info][gc,marking     ] GC(844) Concurrent Rebuild Remembered Sets and Scrub Regions 3.724ms
[135.352s][info][gc,start       ] GC(844) Pause Cleanup
[135.352s][info][gc             ] GC(844) Pause Cleanup 150M->150M(226M) 0.085ms
[135.352s][info][gc,cpu         ] GC(844) User=0.00s Sys=0.00s Real=0.00s
[135.352s][info][gc,marking     ] GC(844) Concurrent Clear Claimed Marks
[135.352s][info][gc,marking     ] GC(844) Concurrent Clear Claimed Marks 0.106ms
[135.352s][info][gc,marking     ] GC(844) Concurrent Cleanup for Next Mark
[135.352s][info][gc,marking     ] GC(844) Concurrent Cleanup for Next Mark 0.540ms
[135.352s][info][gc             ] GC(844) Concurrent Mark Cycle 16.477ms
[135.353s][info][gc,start       ] GC(845) Pause Young (Prepare Mixed) (G1 Evacuation Pause)
[135.353s][info][gc,task        ] GC(845) Using 5 workers of 33 for evacuation
[135.354s][info][gc,phases      ] GC(845)   Pre Evacuate Collection Set: 0.1ms
[135.354s][info][gc,phases      ] GC(845)   Merge Heap Roots: 0.1ms
[135.354s][info][gc,phases      ] GC(845)   Evacuate Collection Set: 1.1ms
[135.354s][info][gc,phases      ] GC(845)   Post Evacuate Collection Set: 0.3ms
[135.354s][info][gc,phases      ] GC(845)   Other: 0.1ms
[135.354s][info][gc,heap        ] GC(845) Eden regions: 133->0(133)
[135.354s][info][gc,heap        ] GC(845) Survivor regions: 2->2(17)
[135.354s][info][gc,heap        ] GC(845) Old regions: 26->26
[135.354s][info][gc,heap        ] GC(845) Archive regions: 0->0
[135.354s][info][gc,heap        ] GC(845) Humongous regions: 0->0
[135.354s][info][gc,metaspace   ] GC(845) Metaspace: 16765K(17408K)->16765K(17408K) NonClass: 14345K(14720K)->14345K(14720K) Class: 2420K(2688K)->2420K(2688K)
[135.354s][info][gc             ] GC(845) Pause Young (Prepare Mixed) (G1 Evacuation Pause) 157M->24M(226M) 1.662ms
[135.354s][info][gc,cpu         ] GC(845) User=0.00s Sys=0.00s Real=0.00s
[135.369s][info][gc,start       ] GC(846) Pause Young (Mixed) (G1 Evacuation Pause)
[135.369s][info][gc,task        ] GC(846) Using 5 workers of 33 for evacuation
[135.370s][info][gc,phases      ] GC(846)   Pre Evacuate Collection Set: 0.1ms
[135.370s][info][gc,phases      ] GC(846)   Merge Heap Roots: 0.0ms
[135.370s][info][gc,phases      ] GC(846)   Evacuate Collection Set: 1.1ms
[135.370s][info][gc,phases      ] GC(846)   Post Evacuate Collection Set: 0.2ms
[135.370s][info][gc,phases      ] GC(846)   Other: 0.1ms
[135.370s][info][gc,heap        ] GC(846) Eden regions: 133->0(133)
[135.370s][info][gc,heap        ] GC(846) Survivor regions: 2->2(17)
[135.370s][info][gc,heap        ] GC(846) Old regions: 26->25
[135.370s][info][gc,heap        ] GC(846) Archive regions: 0->0
[135.370s][info][gc,heap        ] GC(846) Humongous regions: 0->0
[135.370s][info][gc,metaspace   ] GC(846) Metaspace: 16765K(17408K)->16765K(17408K) NonClass: 14345K(14720K)->14345K(14720K) Class: 2420K(2688K)->2420K(2688K)
[135.370s][info][gc             ] GC(846) Pause Young (Mixed) (G1 Evacuation Pause) 157M->24M(226M) 1.770ms
[135.371s][info][gc,cpu         ] GC(846) User=0.00s Sys=0.00s Real=0.00s
[135.385s][info][gc,start       ] GC(847) Pause Young (Concurrent Start) (G1 Evacuation Pause)
[135.385s][info][gc,task        ] GC(847) Using 5 workers of 33 for evacuation
[135.387s][info][gc,phases      ] GC(847)   Pre Evacuate Collection Set: 0.2ms
[135.387s][info][gc,phases      ] GC(847)   Merge Heap Roots: 0.0ms
[135.387s][info][gc,phases      ] GC(847)   Evacuate Collection Set: 1.0ms
[135.387s][info][gc,phases      ] GC(847)   Post Evacuate Collection Set: 0.2ms
[135.387s][info][gc,phases      ] GC(847)   Other: 0.1ms
[135.387s][info][gc,heap        ] GC(847) Eden regions: 133->0(133)
[135.387s][info][gc,heap        ] GC(847) Survivor regions: 2->2(17)
[135.387s][info][gc,heap        ] GC(847) Old regions: 25->25
[135.387s][info][gc,heap        ] GC(847) Archive regions: 0->0
[135.387s][info][gc,heap        ] GC(847) Humongous regions: 0->0
[135.387s][info][gc,metaspace   ] GC(847) Metaspace: 16765K(17408K)->16765K(17408K) NonClass: 14345K(14720K)->14345K(14720K) Class: 2420K(2688K)->2420K(2688K)
[135.387s][info][gc             ] GC(847) Pause Young (Concurrent Start) (G1 Evacuation Pause) 157M->24M(226M) 1.776ms
[135.387s][info][gc,cpu         ] GC(847) User=0.00s Sys=0.00s Real=0.00s
[135.387s][info][gc             ] GC(848) Concurrent Mark Cycle
[135.387s][info][gc,marking     ] GC(848) Concurrent Scan Root Regions
[135.389s][info][gc,marking     ] GC(848) Concurrent Scan Root Regions 1.733ms
[135.389s][info][gc,marking     ] GC(848) Concurrent Mark
[135.389s][info][gc,marking     ] GC(848) Concurrent Mark From Roots
[135.389s][info][gc,task        ] GC(848) Using 8 workers of 8 for marking
[135.397s][info][gc,marking     ] GC(848) Concurrent Mark From Roots 8.549ms
[135.397s][info][gc,marking     ] GC(848) Concurrent Preclean
[135.397s][info][gc,marking     ] GC(848) Concurrent Preclean 0.057ms
[135.398s][info][gc,start       ] GC(848) Pause Remark
[135.398s][info][gc             ] GC(848) Pause Remark 115M->115M(226M) 0.812ms
[135.398s][info][gc,cpu         ] GC(848) User=0.00s Sys=0.00s Real=0.00s
[135.398s][info][gc,marking     ] GC(848) Concurrent Mark 9.800ms
[135.399s][info][gc,marking     ] GC(848) Concurrent Rebuild Remembered Sets and Scrub Regions
[135.402s][info][gc,marking     ] GC(848) Concurrent Rebuild Remembered Sets and Scrub Regions 3.663ms
[135.402s][info][gc,start       ] GC(848) Pause Cleanup
[135.402s][info][gc             ] GC(848) Pause Cleanup 148M->148M(226M) 0.104ms
[135.402s][info][gc,cpu         ] GC(848) User=0.00s Sys=0.00s Real=0.00s
[135.403s][info][gc,marking     ] GC(848) Concurrent Clear Claimed Marks
[135.403s][info][gc,marking     ] GC(848) Concurrent Clear Claimed Marks 0.100ms
[135.403s][info][gc,marking     ] GC(848) Concurrent Cleanup for Next Mark
[135.403s][info][gc,marking     ] GC(848) Concurrent Cleanup for Next Mark 0.561ms
[135.403s][info][gc             ] GC(848) Concurrent Mark Cycle 16.552ms
[135.404s][info][gc,start       ] GC(849) Pause Young (Prepare Mixed) (G1 Evacuation Pause)
[135.404s][info][gc,task        ] GC(849) Using 5 workers of 33 for evacuation
[135.405s][info][gc,phases      ] GC(849)   Pre Evacuate Collection Set: 0.1ms
[135.405s][info][gc,phases      ] GC(849)   Merge Heap Roots: 0.1ms
[135.405s][info][gc,phases      ] GC(849)   Evacuate Collection Set: 1.1ms
[135.405s][info][gc,phases      ] GC(849)   Post Evacuate Collection Set: 0.3ms
[135.405s][info][gc,phases      ] GC(849)   Other: 0.1ms
[135.405s][info][gc,heap        ] GC(849) Eden regions: 133->0(133)
[135.405s][info][gc,heap        ] GC(849) Survivor regions: 2->2(17)
[135.405s][info][gc,heap        ] GC(849) Old regions: 25->25
[135.405s][info][gc,heap        ] GC(849) Archive regions: 0->0
[135.405s][info][gc,heap        ] GC(849) Humongous regions: 0->0
[135.405s][info][gc,metaspace   ] GC(849) Metaspace: 16765K(17408K)->16765K(17408K) NonClass: 14345K(14720K)->14345K(14720K) Class: 2420K(2688K)->2420K(2688K)
[135.405s][info][gc             ] GC(849) Pause Young (Prepare Mixed) (G1 Evacuation Pause) 157M->24M(226M) 1.707ms
[135.405s][info][gc,cpu         ] GC(849) User=0.00s Sys=0.00s Real=0.00s
[135.420s][info][gc,start       ] GC(850) Pause Young (Mixed) (G1 Evacuation Pause)
[135.420s][info][gc,task        ] GC(850) Using 5 workers of 33 for evacuation
[135.422s][info][gc,phases      ] GC(850)   Pre Evacuate Collection Set: 0.1ms
[135.422s][info][gc,phases      ] GC(850)   Merge Heap Roots: 0.0ms
[135.422s][info][gc,phases      ] GC(850)   Evacuate Collection Set: 1.3ms
[135.422s][info][gc,phases      ] GC(850)   Post Evacuate Collection Set: 0.9ms
[135.422s][info][gc,phases      ] GC(850)   Other: 0.1ms
[135.423s][info][gc,heap        ] GC(850) Eden regions: 133->0(202)
[135.423s][info][gc,heap        ] GC(850) Survivor regions: 2->2(17)
[135.423s][info][gc,heap        ] GC(850) Old regions: 25->24
[135.423s][info][gc,heap        ] GC(850) Archive regions: 0->0
[135.423s][info][gc,heap        ] GC(850) Humongous regions: 0->0
[135.423s][info][gc,metaspace   ] GC(850) Metaspace: 16765K(17408K)->16765K(17408K) NonClass: 14345K(14720K)->14345K(14720K) Class: 2420K(2688K)->2420K(2688K)
[135.423s][info][gc             ] GC(850) Pause Young (Mixed) (G1 Evacuation Pause) 157M->24M(341M) 2.570ms
[135.423s][info][gc,cpu         ] GC(850) User=0.00s Sys=0.00s Real=0.00s
[135.494s][info][gc,start       ] GC(851) Pause Young (Normal) (G1 Evacuation Pause)
[135.494s][info][gc,task        ] GC(851) Using 8 workers of 33 for evacuation
[135.496s][info][gc,phases      ] GC(851)   Pre Evacuate Collection Set: 0.1ms
[135.496s][info][gc,phases      ] GC(851)   Merge Heap Roots: 0.1ms
[135.496s][info][gc,phases      ] GC(851)   Evacuate Collection Set: 0.7ms
[135.496s][info][gc,phases      ] GC(851)   Post Evacuate Collection Set: 0.3ms
[135.496s][info][gc,phases      ] GC(851)   Other: 0.1ms
[135.496s][info][gc,heap        ] GC(851) Eden regions: 202->0(202)
[135.496s][info][gc,heap        ] GC(851) Survivor regions: 2->2(26)
[135.496s][info][gc,heap        ] GC(851) Old regions: 24->24
[135.496s][info][gc,heap        ] GC(851) Archive regions: 0->0
[135.496s][info][gc,heap        ] GC(851) Humongous regions: 0->0
[135.496s][info][gc,metaspace   ] GC(851) Metaspace: 16765K(17408K)->16765K(17408K) NonClass: 14345K(14720K)->14345K(14720K) Class: 2420K(2688K)->2420K(2688K)
[135.496s][info][gc             ] GC(851) Pause Young (Normal) (G1 Evacuation Pause) 226M->24M(341M) 1.393ms
[135.496s][info][gc,cpu         ] GC(851) User=0.00s Sys=0.00s Real=0.00s
[135.518s][info][gc,start       ] GC(852) Pause Young (Normal) (G1 Evacuation Pause)
[135.518s][info][gc,task        ] GC(852) Using 8 workers of 33 for evacuation
[135.519s][info][gc,phases      ] GC(852)   Pre Evacuate Collection Set: 0.1ms
[135.519s][info][gc,phases      ] GC(852)   Merge Heap Roots: 0.1ms
[135.519s][info][gc,phases      ] GC(852)   Evacuate Collection Set: 0.7ms
[135.519s][info][gc,phases      ] GC(852)   Post Evacuate Collection Set: 0.3ms
[135.519s][info][gc,phases      ] GC(852)   Other: 0.1ms
[135.519s][info][gc,heap        ] GC(852) Eden regions: 202->0(202)
[135.519s][info][gc,heap        ] GC(852) Survivor regions: 2->2(26)
[135.519s][info][gc,heap        ] GC(852) Old regions: 24->24
[135.519s][info][gc,heap        ] GC(852) Archive regions: 0->0
[135.519s][info][gc,heap        ] GC(852) Humongous regions: 0->0
[135.519s][info][gc,metaspace   ] GC(852) Metaspace: 16765K(17408K)->16765K(17408K) NonClass: 14345K(14720K)->14345K(14720K) Class: 2420K(2688K)->2420K(2688K)
[135.519s][info][gc             ] GC(852) Pause Young (Normal) (G1 Evacuation Pause) 226M->24M(341M) 1.409ms
[135.519s][info][gc,cpu         ] GC(852) User=0.00s Sys=0.00s Real=0.00s
[135.541s][info][gc,start       ] GC(853) Pause Young (Concurrent Start) (G1 Evacuation Pause)
[135.541s][info][gc,task        ] GC(853) Using 8 workers of 33 for evacuation
[135.543s][info][gc,phases      ] GC(853)   Pre Evacuate Collection Set: 0.2ms
[135.543s][info][gc,phases      ] GC(853)   Merge Heap Roots: 0.1ms
[135.543s][info][gc,phases      ] GC(853)   Evacuate Collection Set: 0.7ms
[135.543s][info][gc,phases      ] GC(853)   Post Evacuate Collection Set: 0.3ms
[135.543s][info][gc,phases      ] GC(853)   Other: 0.1ms
[135.543s][info][gc,heap        ] GC(853) Eden regions: 202->0(202)
[135.543s][info][gc,heap        ] GC(853) Survivor regions: 2->2(26)
[135.543s][info][gc,heap        ] GC(853) Old regions: 24->24
[135.543s][info][gc,heap        ] GC(853) Archive regions: 0->0
[135.543s][info][gc,heap        ] GC(853) Humongous regions: 0->0
[135.543s][info][gc,metaspace   ] GC(853) Metaspace: 16765K(17408K)->16765K(17408K) NonClass: 14345K(14720K)->14345K(14720K) Class: 2420K(2688K)->2420K(2688K)
[135.543s][info][gc             ] GC(853) Pause Young (Concurrent Start) (G1 Evacuation Pause) 226M->24M(341M) 1.534ms
[135.543s][info][gc             ] GC(854) Concurrent Mark Cycle
[135.543s][info][gc,cpu         ] GC(853) User=0.00s Sys=0.00s Real=0.00s
[135.543s][info][gc,marking     ] GC(854) Concurrent Scan Root Regions
[135.545s][info][gc,marking     ] GC(854) Concurrent Scan Root Regions 1.764ms
[135.545s][info][gc,marking     ] GC(854) Concurrent Mark
[135.545s][info][gc,marking     ] GC(854) Concurrent Mark From Roots
[135.545s][info][gc,task        ] GC(854) Using 8 workers of 8 for marking
[135.553s][info][gc,marking     ] GC(854) Concurrent Mark From Roots 8.152ms
[135.553s][info][gc,marking     ] GC(854) Concurrent Preclean
[135.553s][info][gc,marking     ] GC(854) Concurrent Preclean 0.068ms
[135.553s][info][gc,start       ] GC(854) Pause Remark
[135.554s][info][gc             ] GC(854) Pause Remark 113M->113M(341M) 0.682ms
[135.554s][info][gc,cpu         ] GC(854) User=0.00s Sys=0.00s Real=0.00s
[135.554s][info][gc,marking     ] GC(854) Concurrent Mark 9.266ms
[135.554s][info][gc,marking     ] GC(854) Concurrent Rebuild Remembered Sets and Scrub Regions
[135.557s][info][gc,marking     ] GC(854) Concurrent Rebuild Remembered Sets and Scrub Regions 3.158ms
[135.557s][info][gc,start       ] GC(854) Pause Cleanup
[135.557s][info][gc             ] GC(854) Pause Cleanup 141M->141M(341M) 0.105ms
[135.557s][info][gc,cpu         ] GC(854) User=0.00s Sys=0.00s Real=0.00s
[135.558s][info][gc,marking     ] GC(854) Concurrent Clear Claimed Marks
[135.558s][info][gc,marking     ] GC(854) Concurrent Clear Claimed Marks 0.073ms
[135.558s][info][gc,marking     ] GC(854) Concurrent Cleanup for Next Mark
[135.559s][info][gc,marking     ] GC(854) Concurrent Cleanup for Next Mark 1.140ms
[135.559s][info][gc             ] GC(854) Concurrent Mark Cycle 16.224ms
[135.567s][info][gc,start       ] GC(855) Pause Young (Prepare Mixed) (G1 Evacuation Pause)
[135.567s][info][gc,task        ] GC(855) Using 8 workers of 33 for evacuation
[135.568s][info][gc,phases      ] GC(855)   Pre Evacuate Collection Set: 0.1ms
[135.568s][info][gc,phases      ] GC(855)   Merge Heap Roots: 0.1ms
[135.568s][info][gc,phases      ] GC(855)   Evacuate Collection Set: 0.7ms
[135.568s][info][gc,phases      ] GC(855)   Post Evacuate Collection Set: 0.3ms
[135.568s][info][gc,phases      ] GC(855)   Other: 0.1ms
[135.568s][info][gc,heap        ] GC(855) Eden regions: 202->0(202)
[135.568s][info][gc,heap        ] GC(855) Survivor regions: 2->2(26)
[135.568s][info][gc,heap        ] GC(855) Old regions: 24->25
[135.568s][info][gc,heap        ] GC(855) Archive regions: 0->0
[135.568s][info][gc,heap        ] GC(855) Humongous regions: 0->0
[135.568s][info][gc,metaspace   ] GC(855) Metaspace: 16765K(17408K)->16765K(17408K) NonClass: 14345K(14720K)->14345K(14720K) Class: 2420K(2688K)->2420K(2688K)
[135.568s][info][gc             ] GC(855) Pause Young (Prepare Mixed) (G1 Evacuation Pause) 226M->24M(341M) 1.411ms
[135.568s][info][gc,cpu         ] GC(855) User=0.00s Sys=0.00s Real=0.00s
[135.591s][info][gc,start       ] GC(856) Pause Young (Mixed) (G1 Evacuation Pause)
[135.591s][info][gc,task        ] GC(856) Using 8 workers of 33 for evacuation
[135.592s][info][gc,phases      ] GC(856)   Pre Evacuate Collection Set: 0.1ms
[135.592s][info][gc,phases      ] GC(856)   Merge Heap Roots: 0.1ms
[135.592s][info][gc,phases      ] GC(856)   Evacuate Collection Set: 0.8ms
[135.592s][info][gc,phases      ] GC(856)   Post Evacuate Collection Set: 0.3ms
[135.592s][info][gc,phases      ] GC(856)   Other: 0.1ms
[135.592s][info][gc,heap        ] GC(856) Eden regions: 202->0(202)
[135.592s][info][gc,heap        ] GC(856) Survivor regions: 2->2(26)
[135.592s][info][gc,heap        ] GC(856) Old regions: 25->24
[135.592s][info][gc,heap        ] GC(856) Archive regions: 0->0
[135.592s][info][gc,heap        ] GC(856) Humongous regions: 0->0
[135.592s][info][gc,metaspace   ] GC(856) Metaspace: 16765K(17408K)->16765K(17408K) NonClass: 14345K(14720K)->14345K(14720K) Class: 2420K(2688K)->2420K(2688K)
[135.592s][info][gc             ] GC(856) Pause Young (Mixed) (G1 Evacuation Pause) 226M->23M(341M) 1.648ms
[135.592s][info][gc,cpu         ] GC(856) User=0.00s Sys=0.00s Real=0.00s
[135.615s][info][gc,start       ] GC(857) Pause Young (Concurrent Start) (G1 Evacuation Pause)
[135.615s][info][gc,task        ] GC(857) Using 8 workers of 33 for evacuation
[135.617s][info][gc,phases      ] GC(857)   Pre Evacuate Collection Set: 0.2ms
[135.617s][info][gc,phases      ] GC(857)   Merge Heap Roots: 0.1ms
[135.617s][info][gc,phases      ] GC(857)   Evacuate Collection Set: 0.7ms
[135.617s][info][gc,phases      ] GC(857)   Post Evacuate Collection Set: 0.3ms
[135.617s][info][gc,phases      ] GC(857)   Other: 0.1ms
[135.617s][info][gc,heap        ] GC(857) Eden regions: 202->0(202)
[135.617s][info][gc,heap        ] GC(857) Survivor regions: 2->2(26)
[135.617s][info][gc,heap        ] GC(857) Old regions: 24->24
[135.617s][info][gc,heap        ] GC(857) Archive regions: 0->0
[135.617s][info][gc,heap        ] GC(857) Humongous regions: 0->0
[135.617s][info][gc,metaspace   ] GC(857) Metaspace: 16765K(17408K)->16765K(17408K) NonClass: 14345K(14720K)->14345K(14720K) Class: 2420K(2688K)->2420K(2688K)
[135.617s][info][gc             ] GC(857) Pause Young (Concurrent Start) (G1 Evacuation Pause) 225M->23M(341M) 1.526ms
[135.617s][info][gc             ] GC(858) Concurrent Mark Cycle
[135.617s][info][gc,cpu         ] GC(857) User=0.00s Sys=0.00s Real=0.00s
[135.617s][info][gc,marking     ] GC(858) Concurrent Scan Root Regions
[135.619s][info][gc,marking     ] GC(858) Concurrent Scan Root Regions 1.767ms
[135.619s][info][gc,marking     ] GC(858) Concurrent Mark
[135.619s][info][gc,marking     ] GC(858) Concurrent Mark From Roots
[135.619s][info][gc,task        ] GC(858) Using 8 workers of 8 for marking
[135.626s][info][gc,marking     ] GC(858) Concurrent Mark From Roots 7.745ms
[135.626s][info][gc,marking     ] GC(858) Concurrent Preclean
[135.626s][info][gc,marking     ] GC(858) Concurrent Preclean 0.056ms
[135.627s][info][gc,start       ] GC(858) Pause Remark
[135.627s][info][gc             ] GC(858) Pause Remark 105M->105M(341M) 0.711ms
[135.627s][info][gc,cpu         ] GC(858) User=0.00s Sys=0.00s Real=0.00s
[135.628s][info][gc,marking     ] GC(858) Concurrent Mark 9.017ms
[135.628s][info][gc,marking     ] GC(858) Concurrent Rebuild Remembered Sets and Scrub Regions
[135.631s][info][gc,marking     ] GC(858) Concurrent Rebuild Remembered Sets and Scrub Regions 2.866ms
[135.631s][info][gc,start       ] GC(858) Pause Cleanup
[135.631s][info][gc             ] GC(858) Pause Cleanup 131M->131M(341M) 0.098ms
[135.631s][info][gc,cpu         ] GC(858) User=0.00s Sys=0.00s Real=0.00s
[135.631s][info][gc,marking     ] GC(858) Concurrent Clear Claimed Marks
[135.631s][info][gc,marking     ] GC(858) Concurrent Clear Claimed Marks 0.074ms
[135.631s][info][gc,marking     ] GC(858) Concurrent Cleanup for Next Mark
[135.632s][info][gc,marking     ] GC(858) Concurrent Cleanup for Next Mark 0.649ms
[135.632s][info][gc             ] GC(858) Concurrent Mark Cycle 15.037ms
[135.642s][info][gc,start       ] GC(859) Pause Young (Prepare Mixed) (G1 Evacuation Pause)
[135.642s][info][gc,task        ] GC(859) Using 8 workers of 33 for evacuation
[135.643s][info][gc,phases      ] GC(859)   Pre Evacuate Collection Set: 0.1ms
[135.643s][info][gc,phases      ] GC(859)   Merge Heap Roots: 0.1ms
[135.643s][info][gc,phases      ] GC(859)   Evacuate Collection Set: 0.7ms
[135.643s][info][gc,phases      ] GC(859)   Post Evacuate Collection Set: 0.3ms
[135.643s][info][gc,phases      ] GC(859)   Other: 0.1ms
[135.643s][info][gc,heap        ] GC(859) Eden regions: 202->0(202)
[135.643s][info][gc,heap        ] GC(859) Survivor regions: 2->2(26)
[135.643s][info][gc,heap        ] GC(859) Old regions: 24->24
[135.643s][info][gc,heap        ] GC(859) Archive regions: 0->0
[135.643s][info][gc,heap        ] GC(859) Humongous regions: 0->0
[135.643s][info][gc,metaspace   ] GC(859) Metaspace: 16765K(17408K)->16765K(17408K) NonClass: 14345K(14720K)->14345K(14720K) Class: 2420K(2688K)->2420K(2688K)
[135.643s][info][gc             ] GC(859) Pause Young (Prepare Mixed) (G1 Evacuation Pause) 225M->23M(341M) 1.371ms
[135.643s][info][gc,cpu         ] GC(859) User=0.00s Sys=0.00s Real=0.00s
[135.667s][info][gc,start       ] GC(860) Pause Young (Mixed) (G1 Evacuation Pause)
[135.667s][info][gc,task        ] GC(860) Using 8 workers of 33 for evacuation
[135.668s][info][gc,phases      ] GC(860)   Pre Evacuate Collection Set: 0.1ms
[135.668s][info][gc,phases      ] GC(860)   Merge Heap Roots: 0.1ms
[135.668s][info][gc,phases      ] GC(860)   Evacuate Collection Set: 0.8ms
[135.668s][info][gc,phases      ] GC(860)   Post Evacuate Collection Set: 0.3ms
[135.668s][info][gc,phases      ] GC(860)   Other: 0.1ms
[135.668s][info][gc,heap        ] GC(860) Eden regions: 202->0(202)
[135.668s][info][gc,heap        ] GC(860) Survivor regions: 2->2(26)
[135.668s][info][gc,heap        ] GC(860) Old regions: 24->24
[135.668s][info][gc,heap        ] GC(860) Archive regions: 0->0
[135.668s][info][gc,heap        ] GC(860) Humongous regions: 0->0
[135.668s][info][gc,metaspace   ] GC(860) Metaspace: 16765K(17408K)->16765K(17408K) NonClass: 14345K(14720K)->14345K(14720K) Class: 2420K(2688K)->2420K(2688K)
[135.668s][info][gc             ] GC(860) Pause Young (Mixed) (G1 Evacuation Pause) 225M->23M(341M) 1.497ms
[135.668s][info][gc,cpu         ] GC(860) User=0.00s Sys=0.00s Real=0.00s
[135.692s][info][gc,start       ] GC(861) Pause Young (Concurrent Start) (G1 Evacuation Pause)
[135.692s][info][gc,task        ] GC(861) Using 8 workers of 33 for evacuation
[135.693s][info][gc,phases      ] GC(861)   Pre Evacuate Collection Set: 0.2ms
[135.693s][info][gc,phases      ] GC(861)   Merge Heap Roots: 0.1ms
[135.693s][info][gc,phases      ] GC(861)   Evacuate Collection Set: 0.5ms
[135.693s][info][gc,phases      ] GC(861)   Post Evacuate Collection Set: 0.3ms
[135.693s][info][gc,phases      ] GC(861)   Other: 0.1ms
[135.693s][info][gc,heap        ] GC(861) Eden regions: 202->0(203)
[135.693s][info][gc,heap        ] GC(861) Survivor regions: 2->1(26)
[135.693s][info][gc,heap        ] GC(861) Old regions: 24->24
[135.693s][info][gc,heap        ] GC(861) Archive regions: 0->0
[135.693s][info][gc,heap        ] GC(861) Humongous regions: 0->0
[135.693s][info][gc,metaspace   ] GC(861) Metaspace: 16765K(17408K)->16765K(17408K) NonClass: 14345K(14720K)->14345K(14720K) Class: 2420K(2688K)->2420K(2688K)
[135.693s][info][gc             ] GC(861) Pause Young (Concurrent Start) (G1 Evacuation Pause) 225M->23M(341M) 1.296ms
[135.693s][info][gc             ] GC(862) Concurrent Mark Cycle
[135.693s][info][gc,cpu         ] GC(861) User=0.00s Sys=0.00s Real=0.00s
[135.693s][info][gc,marking     ] GC(862) Concurrent Scan Root Regions
[135.694s][info][gc,marking     ] GC(862) Concurrent Scan Root Regions 1.206ms
[135.694s][info][gc,marking     ] GC(862) Concurrent Mark
[135.694s][info][gc,marking     ] GC(862) Concurrent Mark From Roots
[135.694s][info][gc,task        ] GC(862) Using 8 workers of 8 for marking
[135.698s][info][gc,marking     ] GC(862) Concurrent Mark From Roots 4.203ms
[135.698s][info][gc,marking     ] GC(862) Concurrent Preclean
[135.698s][info][gc,marking     ] GC(862) Concurrent Preclean 0.025ms
[135.698s][info][gc,start       ] GC(862) Pause Remark
[135.699s][info][gc             ] GC(862) Pause Remark 37M->37M(134M) 0.748ms
[135.699s][info][gc,cpu         ] GC(862) User=0.00s Sys=0.00s Real=0.00s
[135.699s][info][gc,marking     ] GC(862) Concurrent Mark 5.155ms
[135.699s][info][gc,marking     ] GC(862) Concurrent Rebuild Remembered Sets and Scrub Regions
[135.702s][info][gc,marking     ] GC(862) Concurrent Rebuild Remembered Sets and Scrub Regions 2.596ms
[135.702s][info][gc,start       ] GC(862) Pause Cleanup
[135.702s][info][gc             ] GC(862) Pause Cleanup 39M->39M(134M) 0.073ms
[135.702s][info][gc,cpu         ] GC(862) User=0.00s Sys=0.00s Real=0.00s
[135.702s][info][gc,marking     ] GC(862) Concurrent Clear Claimed Marks
[135.702s][info][gc,marking     ] GC(862) Concurrent Clear Claimed Marks 0.016ms
[135.702s][info][gc,marking     ] GC(862) Concurrent Cleanup for Next Mark
[135.702s][info][gc,marking     ] GC(862) Concurrent Cleanup for Next Mark 0.127ms
[135.702s][info][gc             ] GC(862) Concurrent Mark Cycle 9.406ms
[135.764s][info][gc,start       ] GC(863) Pause Young (Prepare Mixed) (G1 Evacuation Pause)
[135.764s][info][gc,task        ] GC(863) Using 5 workers of 33 for evacuation
[135.803s][info][gc,phases      ] GC(863)   Pre Evacuate Collection Set: 0.1ms
[135.803s][info][gc,phases      ] GC(863)   Merge Heap Roots: 0.1ms
[135.803s][info][gc,phases      ] GC(863)   Evacuate Collection Set: 38.1ms
[135.803s][info][gc,phases      ] GC(863)   Post Evacuate Collection Set: 0.4ms
[135.803s][info][gc,phases      ] GC(863)   Other: 0.1ms
[135.803s][info][gc,heap        ] GC(863) Eden regions: 79->0(44)
[135.803s][info][gc,heap        ] GC(863) Survivor regions: 1->10(10)
[135.803s][info][gc,heap        ] GC(863) Old regions: 24->61
[135.803s][info][gc,heap        ] GC(863) Archive regions: 0->0
[135.803s][info][gc,heap        ] GC(863) Humongous regions: 1->1
[135.803s][info][gc,metaspace   ] GC(863) Metaspace: 16765K(17408K)->16765K(17408K) NonClass: 14345K(14720K)->14345K(14720K) Class: 2420K(2688K)->2420K(2688K)
[135.803s][info][gc             ] GC(863) Pause Young (Prepare Mixed) (G1 Evacuation Pause) 103M->69M(152M) 39.405ms
[135.803s][info][gc,cpu         ] GC(863) User=0.14s Sys=0.02s Real=0.03s
[135.848s][info][gc,start       ] GC(864) Pause Young (Mixed) (G1 Evacuation Pause)
[135.849s][info][gc,task        ] GC(864) Using 4 workers of 33 for evacuation
[135.895s][info][gc,phases      ] GC(864)   Pre Evacuate Collection Set: 0.1ms
[135.895s][info][gc,phases      ] GC(864)   Merge Heap Roots: 0.6ms
[135.895s][info][gc,phases      ] GC(864)   Evacuate Collection Set: 43.7ms
[135.895s][info][gc,phases      ] GC(864)   Post Evacuate Collection Set: 1.6ms
[135.895s][info][gc,phases      ] GC(864)   Other: 0.1ms
[135.895s][info][gc,heap        ] GC(864) Eden regions: 44->0(76)
[135.895s][info][gc,heap        ] GC(864) Survivor regions: 10->7(7)
[135.895s][info][gc,heap        ] GC(864) Old regions: 61->91
[135.895s][info][gc,heap        ] GC(864) Archive regions: 0->0
[135.895s][info][gc,heap        ] GC(864) Humongous regions: 1->1
[135.895s][info][gc,metaspace   ] GC(864) Metaspace: 16765K(17408K)->16765K(17408K) NonClass: 14345K(14720K)->14345K(14720K) Class: 2420K(2688K)->2420K(2688K)
[135.895s][info][gc             ] GC(864) Pause Young (Mixed) (G1 Evacuation Pause) 113M->98M(243M) 46.893ms
[135.895s][info][gc,cpu         ] GC(864) User=0.19s Sys=0.00s Real=0.05s
[136.004s][info][gc,start       ] GC(865) Pause Young (Concurrent Start) (G1 Evacuation Pause)
[136.004s][info][gc,task        ] GC(865) Using 5 workers of 33 for evacuation
[136.057s][info][gc,phases      ] GC(865)   Pre Evacuate Collection Set: 0.3ms
[136.057s][info][gc,phases      ] GC(865)   Merge Heap Roots: 0.9ms
[136.057s][info][gc,phases      ] GC(865)   Evacuate Collection Set: 50.7ms
[136.057s][info][gc,phases      ] GC(865)   Post Evacuate Collection Set: 0.6ms
[136.057s][info][gc,phases      ] GC(865)   Other: 0.2ms
[136.057s][info][gc,heap        ] GC(865) Eden regions: 76->0(41)
[136.057s][info][gc,heap        ] GC(865) Survivor regions: 7->11(11)
[136.057s][info][gc,heap        ] GC(865) Old regions: 91->137
[136.057s][info][gc,heap        ] GC(865) Archive regions: 0->0
[136.057s][info][gc,heap        ] GC(865) Humongous regions: 1->1
[136.057s][info][gc,metaspace   ] GC(865) Metaspace: 16765K(17408K)->16765K(17408K) NonClass: 14345K(14720K)->14345K(14720K) Class: 2420K(2688K)->2420K(2688K)
[136.057s][info][gc             ] GC(865) Pause Young (Concurrent Start) (G1 Evacuation Pause) 174M->147M(243M) 53.180ms
[136.057s][info][gc             ] GC(866) Concurrent Mark Cycle
[136.057s][info][gc,cpu         ] GC(865) User=0.31s Sys=0.00s Real=0.06s
[136.057s][info][gc,marking     ] GC(866) Concurrent Scan Root Regions
[136.068s][info][gc,marking     ] GC(866) Concurrent Scan Root Regions 10.668ms
[136.068s][info][gc,marking     ] GC(866) Concurrent Mark
[136.068s][info][gc,marking     ] GC(866) Concurrent Mark From Roots
[136.068s][info][gc,task        ] GC(866) Using 8 workers of 8 for marking
[136.102s][info][gc,marking     ] GC(866) Concurrent Mark From Roots 34.175ms
[136.102s][info][gc,marking     ] GC(866) Concurrent Preclean
[136.102s][info][gc,marking     ] GC(866) Concurrent Preclean 0.028ms
[136.102s][info][gc,start       ] GC(866) Pause Remark
[136.103s][info][gc             ] GC(866) Pause Remark 172M->172M(290M) 1.240ms
[136.104s][info][gc,cpu         ] GC(866) User=0.00s Sys=0.00s Real=0.00s
[136.104s][info][gc,marking     ] GC(866) Concurrent Mark 35.683ms
[136.104s][info][gc,marking     ] GC(866) Concurrent Rebuild Remembered Sets and Scrub Regions
[136.126s][info][gc,start       ] GC(867) Pause Young (Normal) (G1 Evacuation Pause)
[136.126s][info][gc,task        ] GC(867) Using 6 workers of 33 for evacuation
[136.155s][info][gc,phases      ] GC(867)   Pre Evacuate Collection Set: 0.1ms
[136.155s][info][gc,phases      ] GC(867)   Merge Heap Roots: 0.4ms
[136.155s][info][gc,phases      ] GC(867)   Evacuate Collection Set: 27.9ms
[136.155s][info][gc,phases      ] GC(867)   Post Evacuate Collection Set: 0.6ms
[136.155s][info][gc,phases      ] GC(867)   Other: 0.1ms
[136.155s][info][gc,heap        ] GC(867) Eden regions: 41->0(47)
[136.155s][info][gc,heap        ] GC(867) Survivor regions: 11->7(7)
[136.155s][info][gc,heap        ] GC(867) Old regions: 137->169
[136.155s][info][gc,heap        ] GC(867) Archive regions: 0->0
[136.155s][info][gc,heap        ] GC(867) Humongous regions: 1->1
[136.155s][info][gc,metaspace   ] GC(867) Metaspace: 16765K(17408K)->16765K(17408K) NonClass: 14345K(14720K)->14345K(14720K) Class: 2420K(2688K)->2420K(2688K)
[136.155s][info][gc             ] GC(867) Pause Young (Normal) (G1 Evacuation Pause) 188M->176M(290M) 29.298ms
[136.155s][info][gc,cpu         ] GC(867) User=0.17s Sys=0.02s Real=0.03s
[136.166s][info][gc,marking     ] GC(866) Concurrent Rebuild Remembered Sets and Scrub Regions 62.679ms
[136.166s][info][gc,start       ] GC(866) Pause Cleanup
[136.167s][info][gc             ] GC(866) Pause Cleanup 181M->181M(290M) 0.155ms
[136.167s][info][gc,cpu         ] GC(866) User=0.00s Sys=0.00s Real=0.00s
[136.167s][info][gc,marking     ] GC(866) Concurrent Clear Claimed Marks
[136.167s][info][gc,marking     ] GC(866) Concurrent Clear Claimed Marks 0.034ms
[136.167s][info][gc,marking     ] GC(866) Concurrent Cleanup for Next Mark
[136.167s][info][gc,marking     ] GC(866) Concurrent Cleanup for Next Mark 0.598ms
[136.167s][info][gc             ] GC(866) Concurrent Mark Cycle 110.253ms
[136.219s][info][gc,start       ] GC(868) Pause Young (Prepare Mixed) (G1 Evacuation Pause)
[136.219s][info][gc,task        ] GC(868) Using 6 workers of 33 for evacuation
[136.263s][info][gc,phases      ] GC(868)   Pre Evacuate Collection Set: 0.1ms
[136.263s][info][gc,phases      ] GC(868)   Merge Heap Roots: 1.0ms
[136.263s][info][gc,phases      ] GC(868)   Evacuate Collection Set: 42.2ms
[136.263s][info][gc,phases      ] GC(868)   Post Evacuate Collection Set: 0.3ms
[136.263s][info][gc,phases      ] GC(868)   Other: 0.1ms
[136.263s][info][gc,heap        ] GC(868) Eden regions: 47->0(32)
[136.263s][info][gc,heap        ] GC(868) Survivor regions: 7->7(7)
[136.263s][info][gc,heap        ] GC(868) Old regions: 169->202
[136.263s][info][gc,heap        ] GC(868) Archive regions: 0->0
[136.263s][info][gc,heap        ] GC(868) Humongous regions: 1->1
[136.263s][info][gc,metaspace   ] GC(868) Metaspace: 16765K(17408K)->16765K(17408K) NonClass: 14345K(14720K)->14345K(14720K) Class: 2420K(2688K)->2420K(2688K)
[136.263s][info][gc             ] GC(868) Pause Young (Prepare Mixed) (G1 Evacuation Pause) 223M->208M(290M) 44.286ms
[136.263s][info][gc,cpu         ] GC(868) User=0.28s Sys=0.00s Real=0.05s
[136.296s][info][gc,start       ] GC(869) Pause Young (Mixed) (G1 Evacuation Pause)
[136.296s][info][gc,task        ] GC(869) Using 6 workers of 33 for evacuation
[136.317s][info][gc,phases      ] GC(869)   Pre Evacuate Collection Set: 0.1ms
[136.317s][info][gc,phases      ] GC(869)   Merge Heap Roots: 0.2ms
[136.317s][info][gc,phases      ] GC(869)   Evacuate Collection Set: 20.8ms
[136.317s][info][gc,phases      ] GC(869)   Post Evacuate Collection Set: 0.3ms
[136.317s][info][gc,phases      ] GC(869)   Other: 0.1ms
[136.317s][info][gc,heap        ] GC(869) Eden regions: 32->0(22)
[136.317s][info][gc,heap        ] GC(869) Survivor regions: 7->5(5)
[136.317s][info][gc,heap        ] GC(869) Old regions: 202->226
[136.317s][info][gc,heap        ] GC(869) Archive regions: 0->0
[136.317s][info][gc,heap        ] GC(869) Humongous regions: 1->1
[136.317s][info][gc,metaspace   ] GC(869) Metaspace: 16765K(17408K)->16765K(17408K) NonClass: 14345K(14720K)->14345K(14720K) Class: 2420K(2688K)->2420K(2688K)
[136.318s][info][gc             ] GC(869) Pause Young (Mixed) (G1 Evacuation Pause) 240M->230M(290M) 21.943ms
[136.318s][info][gc,cpu         ] GC(869) User=0.09s Sys=0.00s Real=0.02s
[136.340s][info][gc,start       ] GC(870) Pause Young (Concurrent Start) (G1 Evacuation Pause)
[136.340s][info][gc,task        ] GC(870) Using 6 workers of 33 for evacuation
[136.357s][info][gc,phases      ] GC(870)   Pre Evacuate Collection Set: 0.2ms
[136.357s][info][gc,phases      ] GC(870)   Merge Heap Roots: 0.2ms
[136.357s][info][gc,phases      ] GC(870)   Evacuate Collection Set: 16.1ms
[136.357s][info][gc,phases      ] GC(870)   Post Evacuate Collection Set: 0.3ms
[136.357s][info][gc,phases      ] GC(870)   Other: 0.1ms
[136.357s][info][gc,heap        ] GC(870) Eden regions: 22->0(16)
[136.357s][info][gc,heap        ] GC(870) Survivor regions: 5->4(4)
[136.357s][info][gc,heap        ] GC(870) Old regions: 226->243
[136.357s][info][gc,heap        ] GC(870) Archive regions: 0->0
[136.357s][info][gc,heap        ] GC(870) Humongous regions: 1->1
[136.357s][info][gc,metaspace   ] GC(870) Metaspace: 16765K(17408K)->16765K(17408K) NonClass: 14345K(14720K)->14345K(14720K) Class: 2420K(2688K)->2420K(2688K)
[136.357s][info][gc             ] GC(870) Pause Young (Concurrent Start) (G1 Evacuation Pause) 252M->246M(290M) 17.396ms
[136.358s][info][gc             ] GC(871) Concurrent Mark Cycle
[136.358s][info][gc,cpu         ] GC(870) User=0.09s Sys=0.00s Real=0.02s
[136.358s][info][gc,marking     ] GC(871) Concurrent Scan Root Regions
[136.362s][info][gc,marking     ] GC(871) Concurrent Scan Root Regions 4.641ms
[136.362s][info][gc,marking     ] GC(871) Concurrent Mark
[136.362s][info][gc,marking     ] GC(871) Concurrent Mark From Roots
[136.362s][info][gc,task        ] GC(871) Using 8 workers of 8 for marking
[136.378s][info][gc,start       ] GC(872) Pause Young (Normal) (G1 Evacuation Pause)
[136.378s][info][gc,task        ] GC(872) Using 6 workers of 33 for evacuation
[136.389s][info][gc,phases      ] GC(872)   Pre Evacuate Collection Set: 0.1ms
[136.389s][info][gc,phases      ] GC(872)   Merge Heap Roots: 0.1ms
[136.389s][info][gc,phases      ] GC(872)   Evacuate Collection Set: 9.0ms
[136.389s][info][gc,phases      ] GC(872)   Post Evacuate Collection Set: 1.3ms
[136.389s][info][gc,phases      ] GC(872)   Other: 0.1ms
[136.389s][info][gc,heap        ] GC(872) Eden regions: 16->0(46)
[136.389s][info][gc,heap        ] GC(872) Survivor regions: 4->3(3)
[136.389s][info][gc,heap        ] GC(872) Old regions: 243->256
[136.389s][info][gc,heap        ] GC(872) Archive regions: 0->0
[136.389s][info][gc,heap        ] GC(872) Humongous regions: 1->1
[136.389s][info][gc,metaspace   ] GC(872) Metaspace: 16765K(17408K)->16765K(17408K) NonClass: 14345K(14720K)->14345K(14720K) Class: 2420K(2688K)->2420K(2688K)
[136.389s][info][gc             ] GC(872) Pause Young (Normal) (G1 Evacuation Pause) 262M->259M(379M) 11.017ms
[136.389s][info][gc,cpu         ] GC(872) User=0.09s Sys=0.00s Real=0.02s
[136.452s][info][gc,marking     ] GC(871) Concurrent Mark From Roots 89.609ms
[136.452s][info][gc,marking     ] GC(871) Concurrent Preclean
[136.452s][info][gc,marking     ] GC(871) Concurrent Preclean 0.030ms
[136.452s][info][gc,start       ] GC(871) Pause Remark
[136.454s][info][gc             ] GC(871) Pause Remark 303M->303M(509M) 1.861ms
[136.454s][info][gc,cpu         ] GC(871) User=0.00s Sys=0.00s Real=0.00s
[136.454s][info][gc,marking     ] GC(871) Concurrent Mark 91.733ms
[136.454s][info][gc,marking     ] GC(871) Concurrent Rebuild Remembered Sets and Scrub Regions
[136.457s][info][gc,start       ] GC(873) Pause Young (Normal) (G1 Evacuation Pause)
[136.457s][info][gc,task        ] GC(873) Using 12 workers of 33 for evacuation
[136.470s][info][gc,phases      ] GC(873)   Pre Evacuate Collection Set: 0.1ms
[136.470s][info][gc,phases      ] GC(873)   Merge Heap Roots: 0.2ms
[136.470s][info][gc,phases      ] GC(873)   Evacuate Collection Set: 12.1ms
[136.470s][info][gc,phases      ] GC(873)   Post Evacuate Collection Set: 0.3ms
[136.470s][info][gc,phases      ] GC(873)   Other: 0.1ms
[136.470s][info][gc,heap        ] GC(873) Eden regions: 46->0(88)
[136.470s][info][gc,heap        ] GC(873) Survivor regions: 3->7(7)
[136.470s][info][gc,heap        ] GC(873) Old regions: 256->284
[136.470s][info][gc,heap        ] GC(873) Archive regions: 0->0
[136.470s][info][gc,heap        ] GC(873) Humongous regions: 1->1
[136.470s][info][gc,metaspace   ] GC(873) Metaspace: 16765K(17408K)->16765K(17408K) NonClass: 14345K(14720K)->14345K(14720K) Class: 2420K(2688K)->2420K(2688K)
[136.470s][info][gc             ] GC(873) Pause Young (Normal) (G1 Evacuation Pause) 305M->291M(509M) 12.836ms
[136.470s][info][gc,cpu         ] GC(873) User=0.19s Sys=0.00s Real=0.02s
[136.488s][info][gc,marking     ] GC(871) Concurrent Rebuild Remembered Sets and Scrub Regions 33.708ms
[136.488s][info][gc,start       ] GC(871) Pause Cleanup
[136.488s][info][gc             ] GC(871) Pause Cleanup 300M->300M(509M) 0.163ms
[136.488s][info][gc,cpu         ] GC(871) User=0.00s Sys=0.00s Real=0.00s
[136.488s][info][gc,marking     ] GC(871) Concurrent Clear Claimed Marks
[136.488s][info][gc,marking     ] GC(871) Concurrent Clear Claimed Marks 0.021ms
[136.488s][info][gc,marking     ] GC(871) Concurrent Cleanup for Next Mark
[136.489s][info][gc,marking     ] GC(871) Concurrent Cleanup for Next Mark 1.149ms
[136.489s][info][gc             ] GC(871) Concurrent Mark Cycle 131.781ms
[136.596s][info][gc,start       ] GC(874) Pause Young (Prepare Mixed) (G1 Evacuation Pause)
[136.596s][info][gc,task        ] GC(874) Using 12 workers of 33 for evacuation
[136.629s][info][gc,phases      ] GC(874)   Pre Evacuate Collection Set: 0.1ms
[136.629s][info][gc,phases      ] GC(874)   Merge Heap Roots: 0.3ms
[136.629s][info][gc,phases      ] GC(874)   Evacuate Collection Set: 31.5ms
[136.629s][info][gc,phases      ] GC(874)   Post Evacuate Collection Set: 0.3ms
[136.629s][info][gc,phases      ] GC(874)   Other: 0.1ms
[136.629s][info][gc,heap        ] GC(874) Eden regions: 88->0(61)
[136.629s][info][gc,heap        ] GC(874) Survivor regions: 7->12(12)
[136.629s][info][gc,heap        ] GC(874) Old regions: 284->340
[136.629s][info][gc,heap        ] GC(874) Archive regions: 0->0
[136.629s][info][gc,heap        ] GC(874) Humongous regions: 1->1
[136.629s][info][gc,metaspace   ] GC(874) Metaspace: 16765K(17408K)->16765K(17408K) NonClass: 14345K(14720K)->14345K(14720K) Class: 2420K(2688K)->2420K(2688K)
[136.629s][info][gc             ] GC(874) Pause Young (Prepare Mixed) (G1 Evacuation Pause) 379M->352M(509M) 32.890ms
[136.629s][info][gc,cpu         ] GC(874) User=0.36s Sys=0.02s Real=0.03s
[136.693s][info][gc,start       ] GC(875) Pause Young (Mixed) (G1 Evacuation Pause)
[136.693s][info][gc,task        ] GC(875) Using 12 workers of 33 for evacuation
[136.720s][info][gc,phases      ] GC(875)   Pre Evacuate Collection Set: 0.1ms
[136.720s][info][gc,phases      ] GC(875)   Merge Heap Roots: 0.2ms
[136.720s][info][gc,phases      ] GC(875)   Evacuate Collection Set: 26.2ms
[136.720s][info][gc,phases      ] GC(875)   Post Evacuate Collection Set: 0.3ms
[136.720s][info][gc,phases      ] GC(875)   Other: 0.1ms
[136.721s][info][gc,heap        ] GC(875) Eden regions: 61->0(45)
[136.721s][info][gc,heap        ] GC(875) Survivor regions: 12->10(10)
[136.721s][info][gc,heap        ] GC(875) Old regions: 340->383
[136.721s][info][gc,heap        ] GC(875) Archive regions: 0->0
[136.721s][info][gc,heap        ] GC(875) Humongous regions: 1->1
[136.721s][info][gc,metaspace   ] GC(875) Metaspace: 16765K(17408K)->16765K(17408K) NonClass: 14345K(14720K)->14345K(14720K) Class: 2420K(2688K)->2420K(2688K)
[136.721s][info][gc             ] GC(875) Pause Young (Mixed) (G1 Evacuation Pause) 413M->393M(509M) 27.599ms
[136.721s][info][gc,cpu         ] GC(875) User=0.36s Sys=0.02s Real=0.03s
[136.768s][info][gc,start       ] GC(876) Pause Young (Concurrent Start) (G1 Evacuation Pause)
[136.768s][info][gc,task        ] GC(876) Using 12 workers of 33 for evacuation
[136.790s][info][gc,phases      ] GC(876)   Pre Evacuate Collection Set: 0.3ms
[136.790s][info][gc,phases      ] GC(876)   Merge Heap Roots: 0.2ms
[136.790s][info][gc,phases      ] GC(876)   Evacuate Collection Set: 20.6ms
[136.790s][info][gc,phases      ] GC(876)   Post Evacuate Collection Set: 0.3ms
[136.790s][info][gc,phases      ] GC(876)   Other: 0.2ms
[136.790s][info][gc,heap        ] GC(876) Eden regions: 45->0(32)
[136.790s][info][gc,heap        ] GC(876) Survivor regions: 10->7(7)
[136.790s][info][gc,heap        ] GC(876) Old regions: 383->418
[136.790s][info][gc,heap        ] GC(876) Archive regions: 0->0
[136.790s][info][gc,heap        ] GC(876) Humongous regions: 1->1
[136.790s][info][gc,metaspace   ] GC(876) Metaspace: 16765K(17408K)->16765K(17408K) NonClass: 14345K(14720K)->14345K(14720K) Class: 2420K(2688K)->2420K(2688K)
[136.790s][info][gc             ] GC(876) Pause Young (Concurrent Start) (G1 Evacuation Pause) 438M->425M(509M) 22.142ms
[136.790s][info][gc             ] GC(877) Concurrent Mark Cycle
[136.790s][info][gc,cpu         ] GC(876) User=0.17s Sys=0.02s Real=0.02s
[136.790s][info][gc,marking     ] GC(877) Concurrent Scan Root Regions
[136.798s][info][gc,marking     ] GC(877) Concurrent Scan Root Regions 7.213ms
[136.798s][info][gc,marking     ] GC(877) Concurrent Mark
[136.798s][info][gc,marking     ] GC(877) Concurrent Mark From Roots
[136.798s][info][gc,task        ] GC(877) Using 8 workers of 8 for marking
[136.831s][info][gc,start       ] GC(878) Pause Young (Normal) (G1 Evacuation Pause)
[136.831s][info][gc,task        ] GC(878) Using 12 workers of 33 for evacuation
[136.840s][info][gc,phases      ] GC(878)   Pre Evacuate Collection Set: 0.1ms
[136.841s][info][gc,phases      ] GC(878)   Merge Heap Roots: 0.2ms
[136.841s][info][gc,phases      ] GC(878)   Evacuate Collection Set: 8.6ms
[136.841s][info][gc,phases      ] GC(878)   Post Evacuate Collection Set: 0.3ms
[136.841s][info][gc,phases      ] GC(878)   Other: 0.1ms
[136.841s][info][gc,heap        ] GC(878) Eden regions: 32->0(23)
[136.841s][info][gc,heap        ] GC(878) Survivor regions: 7->5(5)
[136.841s][info][gc,heap        ] GC(878) Old regions: 418->443
[136.841s][info][gc,heap        ] GC(878) Archive regions: 0->0
[136.841s][info][gc,heap        ] GC(878) Humongous regions: 1->1
[136.841s][info][gc,metaspace   ] GC(878) Metaspace: 16765K(17408K)->16765K(17408K) NonClass: 14345K(14720K)->14345K(14720K) Class: 2420K(2688K)->2420K(2688K)
[136.841s][info][gc             ] GC(878) Pause Young (Normal) (G1 Evacuation Pause) 457M->448M(509M) 9.746ms
[136.841s][info][gc,cpu         ] GC(878) User=0.02s Sys=0.00s Real=0.01s
[136.869s][info][gc,start       ] GC(879) Pause Young (Normal) (G1 Evacuation Pause)
[136.870s][info][gc,task        ] GC(879) Using 12 workers of 33 for evacuation
[136.876s][info][gc,phases      ] GC(879)   Pre Evacuate Collection Set: 0.1ms
[136.876s][info][gc,phases      ] GC(879)   Merge Heap Roots: 0.1ms
[136.876s][info][gc,phases      ] GC(879)   Evacuate Collection Set: 6.1ms
[136.876s][info][gc,phases      ] GC(879)   Post Evacuate Collection Set: 0.3ms
[136.876s][info][gc,phases      ] GC(879)   Other: 0.1ms
[136.876s][info][gc,heap        ] GC(879) Eden regions: 23->0(21)
[136.876s][info][gc,heap        ] GC(879) Survivor regions: 5->4(4)
[136.876s][info][gc,heap        ] GC(879) Old regions: 443->462
[136.876s][info][gc,heap        ] GC(879) Archive regions: 0->0
[136.876s][info][gc,heap        ] GC(879) Humongous regions: 1->1
[136.876s][info][gc,metaspace   ] GC(879) Metaspace: 16765K(17408K)->16765K(17408K) NonClass: 14345K(14720K)->14345K(14720K) Class: 2420K(2688K)->2420K(2688K)
[136.876s][info][gc             ] GC(879) Pause Young (Normal) (G1 Evacuation Pause) 471M->465M(510M) 7.510ms
[136.876s][info][gc,cpu         ] GC(879) User=0.19s Sys=0.00s Real=0.02s
[136.903s][info][gc,start       ] GC(880) Pause Young (Normal) (G1 Evacuation Pause)
[136.903s][info][gc,task        ] GC(880) Using 12 workers of 33 for evacuation
[136.909s][info][gc,phases      ] GC(880)   Pre Evacuate Collection Set: 0.1ms
[136.909s][info][gc,phases      ] GC(880)   Merge Heap Roots: 0.1ms
[136.909s][info][gc,phases      ] GC(880)   Evacuate Collection Set: 5.6ms
[136.909s][info][gc,phases      ] GC(880)   Post Evacuate Collection Set: 0.3ms
[136.909s][info][gc,phases      ] GC(880)   Other: 0.1ms
[136.909s][info][gc,heap        ] GC(880) Eden regions: 21->0(21)
[136.909s][info][gc,heap        ] GC(880) Survivor regions: 4->4(4)
[136.909s][info][gc,heap        ] GC(880) Old regions: 462->477
[136.909s][info][gc,heap        ] GC(880) Archive regions: 0->0
[136.909s][info][gc,heap        ] GC(880) Humongous regions: 1->1
[136.909s][info][gc,metaspace   ] GC(880) Metaspace: 16765K(17408K)->16765K(17408K) NonClass: 14345K(14720K)->14345K(14720K) Class: 2420K(2688K)->2420K(2688K)
[136.909s][info][gc             ] GC(880) Pause Young (Normal) (G1 Evacuation Pause) 486M->481M(510M) 6.653ms
[136.909s][info][gc,cpu         ] GC(880) User=0.19s Sys=0.00s Real=0.02s
[136.941s][info][gc,marking     ] GC(877) Concurrent Mark From Roots 143.688ms
[136.941s][info][gc,marking     ] GC(877) Concurrent Preclean
[136.941s][info][gc,marking     ] GC(877) Concurrent Preclean 0.040ms
[136.942s][info][gc,start       ] GC(877) Pause Remark
[136.943s][info][gc             ] GC(877) Pause Remark 490M->490M(512M) 1.034ms
[136.943s][info][gc,cpu         ] GC(877) User=0.00s Sys=0.00s Real=0.00s
[136.943s][info][gc,marking     ] GC(877) Concurrent Mark 145.017ms
[136.943s][info][gc,marking     ] GC(877) Concurrent Rebuild Remembered Sets and Scrub Regions
[136.982s][info][gc,start       ] GC(881) Pause Young (Normal) (G1 Evacuation Pause)
[136.982s][info][gc,task        ] GC(881) Using 12 workers of 33 for evacuation
[136.994s][info][gc,phases      ] GC(881)   Pre Evacuate Collection Set: 0.1ms
[136.995s][info][gc,phases      ] GC(881)   Merge Heap Roots: 0.9ms
[136.995s][info][gc,phases      ] GC(881)   Evacuate Collection Set: 10.4ms
[136.995s][info][gc,phases      ] GC(881)   Post Evacuate Collection Set: 0.6ms
[136.995s][info][gc,phases      ] GC(881)   Other: 0.1ms
[136.995s][info][gc,heap        ] GC(881) Eden regions: 21->0(0)
[136.995s][info][gc,heap        ] GC(881) Survivor regions: 4->3(4)
[136.995s][info][gc,heap        ] GC(881) Old regions: 477->507
[136.995s][info][gc,heap        ] GC(881) Archive regions: 0->0
[136.995s][info][gc,heap        ] GC(881) Humongous regions: 2->2
[136.995s][info][gc,metaspace   ] GC(881) Metaspace: 16765K(17408K)->16765K(17408K) NonClass: 14345K(14720K)->14345K(14720K) Class: 2420K(2688K)->2420K(2688K)
[136.995s][info][gc             ] GC(881) Pause Young (Normal) (G1 Evacuation Pause) (Evacuation Failure) 503M->511M(512M) 12.259ms
[136.995s][info][gc,cpu         ] GC(881) User=0.00s Sys=0.00s Real=0.00s
[136.995s][info][gc,ergo        ] Attempting full compaction
[136.995s][info][gc,start       ] GC(882) Pause Full (G1 Compaction Pause)
[136.995s][info][gc,task        ] GC(882) Using 12 workers of 33 for full compaction
[136.995s][info][gc,phases,start] GC(882) Phase 1: Mark live objects
[137.131s][info][gc,phases      ] GC(882) Phase 1: Mark live objects 135.718ms
[137.131s][info][gc,phases,start] GC(882) Phase 2: Prepare compaction
[137.149s][info][gc,phases      ] GC(882) Phase 2: Prepare compaction 17.749ms
[137.149s][info][gc,phases,start] GC(882) Phase 3: Adjust pointers
[137.173s][info][gc,phases      ] GC(882) Phase 3: Adjust pointers 23.664ms
[137.173s][info][gc,phases,start] GC(882) Phase 4: Compact heap
[137.182s][info][gc,phases      ] GC(882) Phase 4: Compact heap 9.100ms
[137.185s][info][gc,heap        ] GC(882) Eden regions: 0->0(25)
[137.185s][info][gc,heap        ] GC(882) Survivor regions: 3->0(4)
[137.185s][info][gc,heap        ] GC(882) Old regions: 507->450
[137.185s][info][gc,heap        ] GC(882) Archive regions: 0->0
[137.185s][info][gc,heap        ] GC(882) Humongous regions: 2->2
[137.185s][info][gc,metaspace   ] GC(882) Metaspace: 16765K(17408K)->16759K(17408K) NonClass: 14345K(14720K)->14339K(14720K) Class: 2420K(2688K)->2419K(2688K)
[137.186s][info][gc             ] GC(882) Pause Full (G1 Compaction Pause) 511M->446M(512M) 190.785ms
[137.186s][info][gc,cpu         ] GC(882) User=2.25s Sys=0.00s Real=0.19s
[137.186s][info][gc,marking     ] GC(877) Concurrent Rebuild Remembered Sets and Scrub Regions 242.899ms
[137.186s][info][gc,marking     ] GC(877) Concurrent Mark Abort
[137.186s][info][gc             ] GC(877) Concurrent Mark Cycle 395.346ms
[137.245s][info][gc,start       ] GC(883) Pause Young (Normal) (G1 Evacuation Pause)
[137.245s][info][gc,task        ] GC(883) Using 12 workers of 33 for evacuation
[137.262s][info][gc,phases      ] GC(883)   Pre Evacuate Collection Set: 0.1ms
[137.262s][info][gc,phases      ] GC(883)   Merge Heap Roots: 1.2ms
[137.262s][info][gc,phases      ] GC(883)   Evacuate Collection Set: 14.9ms
[137.262s][info][gc,phases      ] GC(883)   Post Evacuate Collection Set: 0.4ms
[137.262s][info][gc,phases      ] GC(883)   Other: 0.1ms
[137.262s][info][gc,heap        ] GC(883) Eden regions: 25->0(24)
[137.262s][info][gc,heap        ] GC(883) Survivor regions: 0->4(4)
[137.262s][info][gc,heap        ] GC(883) Old regions: 450->451
[137.262s][info][gc,heap        ] GC(883) Archive regions: 0->0
[137.262s][info][gc,heap        ] GC(883) Humongous regions: 2->2
[137.262s][info][gc,metaspace   ] GC(883) Metaspace: 16759K(17408K)->16759K(17408K) NonClass: 14339K(14720K)->14339K(14720K) Class: 2419K(2688K)->2419K(2688K)
[137.262s][info][gc             ] GC(883) Pause Young (Normal) (G1 Evacuation Pause) 471M->451M(512M) 17.112ms
[137.262s][info][gc,cpu         ] GC(883) User=0.19s Sys=0.00s Real=0.01s
[137.323s][info][gc,start       ] GC(884) Pause Young (Concurrent Start) (G1 Evacuation Pause)
[137.323s][info][gc,task        ] GC(884) Using 12 workers of 33 for evacuation
[137.341s][info][gc,phases      ] GC(884)   Pre Evacuate Collection Set: 0.2ms
[137.341s][info][gc,phases      ] GC(884)   Merge Heap Roots: 1.5ms
[137.341s][info][gc,phases      ] GC(884)   Evacuate Collection Set: 15.8ms
[137.341s][info][gc,phases      ] GC(884)   Post Evacuate Collection Set: 0.3ms
[137.341s][info][gc,phases      ] GC(884)   Other: 0.2ms
[137.341s][info][gc,heap        ] GC(884) Eden regions: 24->0(22)
[137.341s][info][gc,heap        ] GC(884) Survivor regions: 4->4(4)
[137.341s][info][gc,heap        ] GC(884) Old regions: 451->453
[137.341s][info][gc,heap        ] GC(884) Archive regions: 0->0
[137.341s][info][gc,heap        ] GC(884) Humongous regions: 2->2
[137.341s][info][gc,metaspace   ] GC(884) Metaspace: 16759K(17408K)->16759K(17408K) NonClass: 14339K(14720K)->14339K(14720K) Class: 2419K(2688K)->2419K(2688K)
[137.341s][info][gc             ] GC(884) Pause Young (Concurrent Start) (G1 Evacuation Pause) 475M->452M(512M) 18.550ms
[137.342s][info][gc             ] GC(885) Concurrent Mark Cycle
[137.342s][info][gc,cpu         ] GC(884) User=0.19s Sys=0.00s Real=0.01s
[137.342s][info][gc,marking     ] GC(885) Concurrent Scan Root Regions
[137.347s][info][gc,marking     ] GC(885) Concurrent Scan Root Regions 5.454ms
[137.347s][info][gc,marking     ] GC(885) Concurrent Mark
[137.347s][info][gc,marking     ] GC(885) Concurrent Mark From Roots
[137.347s][info][gc,task        ] GC(885) Using 8 workers of 8 for marking
[137.399s][info][gc,start       ] GC(886) Pause Young (Normal) (G1 Evacuation Pause)
[137.399s][info][gc,task        ] GC(886) Using 12 workers of 33 for evacuation
[137.409s][info][gc,phases      ] GC(886)   Pre Evacuate Collection Set: 0.1ms
[137.409s][info][gc,phases      ] GC(886)   Merge Heap Roots: 0.8ms
[137.409s][info][gc,phases      ] GC(886)   Evacuate Collection Set: 9.1ms
[137.409s][info][gc,phases      ] GC(886)   Post Evacuate Collection Set: 0.3ms
[137.409s][info][gc,phases      ] GC(886)   Other: 0.1ms
[137.409s][info][gc,heap        ] GC(886) Eden regions: 22->0(22)
[137.409s][info][gc,heap        ] GC(886) Survivor regions: 4->3(4)
[137.409s][info][gc,heap        ] GC(886) Old regions: 453->455
[137.409s][info][gc,heap        ] GC(886) Archive regions: 0->0
[137.409s][info][gc,heap        ] GC(886) Humongous regions: 2->2
[137.409s][info][gc,metaspace   ] GC(886) Metaspace: 16759K(17408K)->16759K(17408K) NonClass: 14339K(14720K)->14339K(14720K) Class: 2419K(2688K)->2419K(2688K)
[137.409s][info][gc             ] GC(886) Pause Young (Normal) (G1 Evacuation Pause) 474M->453M(512M) 10.625ms
[137.410s][info][gc,cpu         ] GC(886) User=0.19s Sys=0.00s Real=0.02s
[137.509s][info][gc,marking     ] GC(885) Concurrent Mark From Roots 162.374ms
[137.510s][info][gc,marking     ] GC(885) Concurrent Preclean
[137.510s][info][gc,marking     ] GC(885) Concurrent Preclean 0.051ms
[137.510s][info][gc,start       ] GC(885) Pause Remark
[137.511s][info][gc             ] GC(885) Pause Remark 463M->463M(512M) 1.405ms
[137.511s][info][gc,cpu         ] GC(885) User=0.00s Sys=0.00s Real=0.00s
[137.511s][info][gc,marking     ] GC(885) Concurrent Mark 164.156ms
[137.511s][info][gc,marking     ] GC(885) Concurrent Rebuild Remembered Sets and Scrub Regions
[137.550s][info][gc,marking     ] GC(885) Concurrent Rebuild Remembered Sets and Scrub Regions 38.725ms
[137.550s][info][gc,start       ] GC(885) Pause Cleanup
[137.550s][info][gc             ] GC(885) Pause Cleanup 465M->465M(512M) 0.180ms
[137.550s][info][gc,cpu         ] GC(885) User=0.00s Sys=0.00s Real=0.00s
[137.550s][info][gc,marking     ] GC(885) Concurrent Clear Claimed Marks
[137.550s][info][gc,marking     ] GC(885) Concurrent Clear Claimed Marks 0.039ms
[137.550s][info][gc,marking     ] GC(885) Concurrent Cleanup for Next Mark
[137.551s][info][gc,marking     ] GC(885) Concurrent Cleanup for Next Mark 0.274ms
[137.551s][info][gc             ] GC(885) Concurrent Mark Cycle 209.211ms
[145.134s][info][gc,start       ] GC(887) Pause Young (Prepare Mixed) (G1 Evacuation Pause)
[145.134s][info][gc,task        ] GC(887) Using 12 workers of 33 for evacuation
[145.147s][info][gc,phases      ] GC(887)   Pre Evacuate Collection Set: 0.1ms
[145.147s][info][gc,phases      ] GC(887)   Merge Heap Roots: 0.6ms
[145.147s][info][gc,phases      ] GC(887)   Evacuate Collection Set: 11.1ms
[145.147s][info][gc,phases      ] GC(887)   Post Evacuate Collection Set: 0.6ms
[145.147s][info][gc,phases      ] GC(887)   Other: 0.1ms
[145.147s][info][gc,heap        ] GC(887) Eden regions: 22->0(21)
[145.147s][info][gc,heap        ] GC(887) Survivor regions: 3->4(4)
[145.147s][info][gc,heap        ] GC(887) Old regions: 455->461
[145.147s][info][gc,heap        ] GC(887) Archive regions: 0->0
[145.147s][info][gc,heap        ] GC(887) Humongous regions: 2->2
[145.147s][info][gc,metaspace   ] GC(887) Metaspace: 16834K(17472K)->16834K(17472K) NonClass: 14396K(14784K)->14396K(14784K) Class: 2437K(2688K)->2437K(2688K)
[145.147s][info][gc             ] GC(887) Pause Young (Prepare Mixed) (G1 Evacuation Pause) 475M->461M(512M) 13.146ms
[145.147s][info][gc,cpu         ] GC(887) User=0.19s Sys=0.00s Real=0.02s
[145.166s][info][gc,start       ] GC(888) Pause Young (Mixed) (G1 Evacuation Pause)
[145.166s][info][gc,task        ] GC(888) Using 12 workers of 33 for evacuation
[145.178s][info][gc,phases      ] GC(888)   Pre Evacuate Collection Set: 0.1ms
[145.178s][info][gc,phases      ] GC(888)   Merge Heap Roots: 0.3ms
[145.178s][info][gc,phases      ] GC(888)   Evacuate Collection Set: 10.5ms
[145.178s][info][gc,phases      ] GC(888)   Post Evacuate Collection Set: 0.4ms
[145.178s][info][gc,phases      ] GC(888)   Other: 0.1ms
[145.178s][info][gc,heap        ] GC(888) Eden regions: 21->0(21)
[145.178s][info][gc,heap        ] GC(888) Survivor regions: 4->4(4)
[145.178s][info][gc,heap        ] GC(888) Old regions: 461->469
[145.178s][info][gc,heap        ] GC(888) Archive regions: 0->0
[145.178s][info][gc,heap        ] GC(888) Humongous regions: 2->2
[145.178s][info][gc,metaspace   ] GC(888) Metaspace: 16834K(17472K)->16834K(17472K) NonClass: 14396K(14784K)->14396K(14784K) Class: 2437K(2688K)->2437K(2688K)
[145.178s][info][gc             ] GC(888) Pause Young (Mixed) (G1 Evacuation Pause) 482M->471M(512M) 11.930ms
[145.178s][info][gc,cpu         ] GC(888) User=0.19s Sys=0.00s Real=0.02s
[145.194s][info][gc,start       ] GC(889) Pause Young (Concurrent Start) (G1 Evacuation Pause)
[145.194s][info][gc,task        ] GC(889) Using 12 workers of 33 for evacuation
[145.201s][info][gc,phases      ] GC(889)   Pre Evacuate Collection Set: 0.2ms
[145.201s][info][gc,phases      ] GC(889)   Merge Heap Roots: 0.1ms
[145.202s][info][gc,phases      ] GC(889)   Evacuate Collection Set: 6.9ms
[145.202s][info][gc,phases      ] GC(889)   Post Evacuate Collection Set: 0.4ms
[145.202s][info][gc,phases      ] GC(889)   Other: 0.1ms
[145.202s][info][gc,heap        ] GC(889) Eden regions: 21->0(21)
[145.202s][info][gc,heap        ] GC(889) Survivor regions: 4->4(4)
[145.202s][info][gc,heap        ] GC(889) Old regions: 469->479
[145.202s][info][gc,heap        ] GC(889) Archive regions: 0->0
[145.202s][info][gc,heap        ] GC(889) Humongous regions: 2->2
[145.202s][info][gc,metaspace   ] GC(889) Metaspace: 16834K(17472K)->16834K(17472K) NonClass: 14396K(14784K)->14396K(14784K) Class: 2437K(2688K)->2437K(2688K)
[145.202s][info][gc             ] GC(889) Pause Young (Concurrent Start) (G1 Evacuation Pause) 492M->481M(512M) 8.263ms
[145.202s][info][gc             ] GC(890) Concurrent Mark Cycle
[145.202s][info][gc,cpu         ] GC(889) User=0.00s Sys=0.02s Real=0.02s
[145.202s][info][gc,marking     ] GC(890) Concurrent Scan Root Regions
[145.206s][info][gc,marking     ] GC(890) Concurrent Scan Root Regions 3.897ms
[145.206s][info][gc,marking     ] GC(890) Concurrent Mark
[145.206s][info][gc,marking     ] GC(890) Concurrent Mark From Roots
[145.206s][info][gc,task        ] GC(890) Using 8 workers of 8 for marking
[145.220s][info][gc,start       ] GC(891) Pause Young (Normal) (G1 Evacuation Pause)
[145.220s][info][gc,task        ] GC(891) Using 12 workers of 33 for evacuation
[145.228s][info][gc,phases      ] GC(891)   Pre Evacuate Collection Set: 0.1ms
[145.228s][info][gc,phases      ] GC(891)   Merge Heap Roots: 0.1ms
[145.228s][info][gc,phases      ] GC(891)   Evacuate Collection Set: 6.3ms
[145.228s][info][gc,phases      ] GC(891)   Post Evacuate Collection Set: 1.1ms
[145.228s][info][gc,phases      ] GC(891)   Other: 0.1ms
[145.228s][info][gc,heap        ] GC(891) Eden regions: 21->0(0)
[145.228s][info][gc,heap        ] GC(891) Survivor regions: 4->2(4)
[145.228s][info][gc,heap        ] GC(891) Old regions: 479->508
[145.228s][info][gc,heap        ] GC(891) Archive regions: 0->0
[145.228s][info][gc,heap        ] GC(891) Humongous regions: 2->2
[145.228s][info][gc,metaspace   ] GC(891) Metaspace: 16834K(17472K)->16834K(17472K) NonClass: 14396K(14784K)->14396K(14784K) Class: 2437K(2688K)->2437K(2688K)
[145.228s][info][gc             ] GC(891) Pause Young (Normal) (G1 Evacuation Pause) (Evacuation Failure) 502M->509M(512M) 8.166ms
[145.228s][info][gc,cpu         ] GC(891) User=0.00s Sys=0.00s Real=0.00s
[145.228s][info][gc,ergo        ] Attempting full compaction
[145.229s][info][gc,start       ] GC(892) Pause Full (G1 Compaction Pause)
[145.229s][info][gc,task        ] GC(892) Using 12 workers of 33 for full compaction
[145.229s][info][gc,phases,start] GC(892) Phase 1: Mark live objects
[145.246s][info][gc,phases      ] GC(892) Phase 1: Mark live objects 16.419ms
[145.246s][info][gc,phases,start] GC(892) Phase 2: Prepare compaction
[145.250s][info][gc,phases      ] GC(892) Phase 2: Prepare compaction 3.847ms
[145.250s][info][gc,phases,start] GC(892) Phase 3: Adjust pointers
[145.254s][info][gc,phases      ] GC(892) Phase 3: Adjust pointers 4.023ms
[145.254s][info][gc,phases,start] GC(892) Phase 4: Compact heap
[145.256s][info][gc,phases      ] GC(892) Phase 4: Compact heap 2.517ms
[145.259s][info][gc,heap        ] GC(892) Eden regions: 0->0(78)
[145.259s][info][gc,heap        ] GC(892) Survivor regions: 2->0(4)
[145.259s][info][gc,heap        ] GC(892) Old regions: 508->65
[145.259s][info][gc,heap        ] GC(892) Archive regions: 0->0
[145.259s][info][gc,heap        ] GC(892) Humongous regions: 2->0
[145.259s][info][gc,metaspace   ] GC(892) Metaspace: 16834K(17472K)->16771K(17472K) NonClass: 14396K(14784K)->14351K(14784K) Class: 2437K(2688K)->2419K(2688K)
[145.260s][info][gc             ] GC(892) Pause Full (G1 Compaction Pause) 509M->57M(217M) 31.020ms
[145.260s][info][gc,cpu         ] GC(892) User=0.27s Sys=0.00s Real=0.03s
[145.260s][info][gc,marking     ] GC(890) Concurrent Mark From Roots 53.687ms
[145.260s][info][gc,marking     ] GC(890) Concurrent Mark Abort
[145.260s][info][gc             ] GC(890) Concurrent Mark Cycle 57.811ms
[145.331s][info][gc,start       ] GC(893) Pause Young (Normal) (G1 Evacuation Pause)
[145.331s][info][gc,task        ] GC(893) Using 8 workers of 33 for evacuation
[145.353s][info][gc,phases      ] GC(893)   Pre Evacuate Collection Set: 0.1ms
[145.354s][info][gc,phases      ] GC(893)   Merge Heap Roots: 0.1ms
[145.354s][info][gc,phases      ] GC(893)   Evacuate Collection Set: 22.1ms
[145.354s][info][gc,phases      ] GC(893)   Post Evacuate Collection Set: 0.3ms
[145.354s][info][gc,phases      ] GC(893)   Other: 0.1ms
[145.354s][info][gc,heap        ] GC(893) Eden regions: 78->0(59)
[145.354s][info][gc,heap        ] GC(893) Survivor regions: 0->10(10)
[145.354s][info][gc,heap        ] GC(893) Old regions: 65->89
[145.354s][info][gc,heap        ] GC(893) Archive regions: 0->0
[145.354s][info][gc,heap        ] GC(893) Humongous regions: 0->0
[145.354s][info][gc,metaspace   ] GC(893) Metaspace: 16771K(17472K)->16771K(17472K) NonClass: 14351K(14784K)->14351K(14784K) Class: 2419K(2688K)->2419K(2688K)
[145.354s][info][gc             ] GC(893) Pause Young (Normal) (G1 Evacuation Pause) 135M->91M(217M) 22.988ms
[145.354s][info][gc,cpu         ] GC(893) User=0.13s Sys=0.00s Real=0.02s
[145.412s][info][gc,start       ] GC(894) Pause Young (Concurrent Start) (G1 Evacuation Pause)
[145.412s][info][gc,task        ] GC(894) Using 6 workers of 33 for evacuation
[145.441s][info][gc,phases      ] GC(894)   Pre Evacuate Collection Set: 0.2ms
[145.441s][info][gc,phases      ] GC(894)   Merge Heap Roots: 0.1ms
[145.441s][info][gc,phases      ] GC(894)   Evacuate Collection Set: 28.5ms
[145.441s][info][gc,phases      ] GC(894)   Post Evacuate Collection Set: 0.3ms
[145.441s][info][gc,phases      ] GC(894)   Other: 0.2ms
[145.441s][info][gc,heap        ] GC(894) Eden regions: 59->0(45)
[145.441s][info][gc,heap        ] GC(894) Survivor regions: 10->9(9)
[145.441s][info][gc,heap        ] GC(894) Old regions: 89->116
[145.441s][info][gc,heap        ] GC(894) Archive regions: 0->0
[145.441s][info][gc,heap        ] GC(894) Humongous regions: 0->0
[145.442s][info][gc,metaspace   ] GC(894) Metaspace: 16771K(17472K)->16771K(17472K) NonClass: 14351K(14784K)->14351K(14784K) Class: 2419K(2688K)->2419K(2688K)
[145.442s][info][gc             ] GC(894) Pause Young (Concurrent Start) (G1 Evacuation Pause) 150M->117M(217M) 29.767ms
[145.442s][info][gc             ] GC(895) Concurrent Mark Cycle
[145.442s][info][gc,cpu         ] GC(894) User=0.19s Sys=0.00s Real=0.03s
[145.442s][info][gc,marking     ] GC(895) Concurrent Scan Root Regions
[145.449s][info][gc,marking     ] GC(895) Concurrent Scan Root Regions 6.777ms
[145.449s][info][gc,marking     ] GC(895) Concurrent Mark
[145.449s][info][gc,marking     ] GC(895) Concurrent Mark From Roots
[145.449s][info][gc,task        ] GC(895) Using 8 workers of 8 for marking
[145.472s][info][gc,marking     ] GC(895) Concurrent Mark From Roots 23.550ms
[145.472s][info][gc,marking     ] GC(895) Concurrent Preclean
[145.472s][info][gc,marking     ] GC(895) Concurrent Preclean 0.059ms
[145.472s][info][gc,start       ] GC(895) Pause Remark
[145.474s][info][gc             ] GC(895) Pause Remark 151M->151M(265M) 1.162ms
[145.474s][info][gc,cpu         ] GC(895) User=0.00s Sys=0.00s Real=0.00s
[145.474s][info][gc,marking     ] GC(895) Concurrent Mark 25.032ms
[145.474s][info][gc,marking     ] GC(895) Concurrent Rebuild Remembered Sets and Scrub Regions
[145.484s][info][gc,marking     ] GC(895) Concurrent Rebuild Remembered Sets and Scrub Regions 10.749ms
[145.484s][info][gc,start       ] GC(895) Pause Cleanup
[145.485s][info][gc             ] GC(895) Pause Cleanup 160M->160M(265M) 0.135ms
[145.485s][info][gc,cpu         ] GC(895) User=0.00s Sys=0.00s Real=0.00s
[145.485s][info][gc,marking     ] GC(895) Concurrent Clear Claimed Marks
[145.485s][info][gc,marking     ] GC(895) Concurrent Clear Claimed Marks 0.038ms
[145.485s][info][gc,marking     ] GC(895) Concurrent Cleanup for Next Mark
[145.485s][info][gc,marking     ] GC(895) Concurrent Cleanup for Next Mark 0.320ms
[145.485s][info][gc             ] GC(895) Concurrent Mark Cycle 43.433ms
[145.487s][info][gc,start       ] GC(896) Pause Young (Prepare Mixed) (G1 Evacuation Pause)
[145.487s][info][gc,task        ] GC(896) Using 6 workers of 33 for evacuation
[145.508s][info][gc,phases      ] GC(896)   Pre Evacuate Collection Set: 0.1ms
[145.508s][info][gc,phases      ] GC(896)   Merge Heap Roots: 0.1ms
[145.508s][info][gc,phases      ] GC(896)   Evacuate Collection Set: 20.4ms
[145.508s][info][gc,phases      ] GC(896)   Post Evacuate Collection Set: 0.3ms
[145.508s][info][gc,phases      ] GC(896)   Other: 0.1ms
[145.508s][info][gc,heap        ] GC(896) Eden regions: 45->0(58)
[145.508s][info][gc,heap        ] GC(896) Survivor regions: 9->7(7)
[145.508s][info][gc,heap        ] GC(896) Old regions: 116->139
[145.508s][info][gc,heap        ] GC(896) Archive regions: 0->0
[145.508s][info][gc,heap        ] GC(896) Humongous regions: 0->0
[145.508s][info][gc,metaspace   ] GC(896) Metaspace: 16771K(17472K)->16771K(17472K) NonClass: 14351K(14784K)->14351K(14784K) Class: 2419K(2688K)->2419K(2688K)
[145.508s][info][gc             ] GC(896) Pause Young (Prepare Mixed) (G1 Evacuation Pause) 162M->138M(265M) 21.136ms
[145.508s][info][gc,cpu         ] GC(896) User=0.08s Sys=0.02s Real=0.01s
[145.573s][info][gc,start       ] GC(897) Pause Young (Mixed) (G1 Evacuation Pause)
[145.574s][info][gc,task        ] GC(897) Using 6 workers of 33 for evacuation
[145.601s][info][gc,phases      ] GC(897)   Pre Evacuate Collection Set: 0.1ms
[145.601s][info][gc,phases      ] GC(897)   Merge Heap Roots: 0.1ms
[145.601s][info][gc,phases      ] GC(897)   Evacuate Collection Set: 26.4ms
[145.601s][info][gc,phases      ] GC(897)   Post Evacuate Collection Set: 0.3ms
[145.601s][info][gc,phases      ] GC(897)   Other: 0.1ms
[145.601s][info][gc,heap        ] GC(897) Eden regions: 58->0(46)
[145.601s][info][gc,heap        ] GC(897) Survivor regions: 7->9(9)
[145.601s][info][gc,heap        ] GC(897) Old regions: 139->161
[145.601s][info][gc,heap        ] GC(897) Archive regions: 0->0
[145.601s][info][gc,heap        ] GC(897) Humongous regions: 0->0
[145.601s][info][gc,metaspace   ] GC(897) Metaspace: 16771K(17472K)->16771K(17472K) NonClass: 14351K(14784K)->14351K(14784K) Class: 2419K(2688K)->2419K(2688K)
[145.601s][info][gc             ] GC(897) Pause Young (Mixed) (G1 Evacuation Pause) 196M->164M(265M) 27.506ms
[145.601s][info][gc,cpu         ] GC(897) User=0.11s Sys=0.00s Real=0.03s
[145.639s][info][gc,start       ] GC(898) Pause Young (Concurrent Start) (G1 Evacuation Pause)
[145.639s][info][gc,task        ] GC(898) Using 6 workers of 33 for evacuation
[145.665s][info][gc,phases      ] GC(898)   Pre Evacuate Collection Set: 0.2ms
[145.665s][info][gc,phases      ] GC(898)   Merge Heap Roots: 0.1ms
[145.665s][info][gc,phases      ] GC(898)   Evacuate Collection Set: 24.5ms
[145.665s][info][gc,phases      ] GC(898)   Post Evacuate Collection Set: 1.6ms
[145.665s][info][gc,phases      ] GC(898)   Other: 0.1ms
[145.666s][info][gc,heap        ] GC(898) Eden regions: 46->0(85)
[145.666s][info][gc,heap        ] GC(898) Survivor regions: 9->7(7)
[145.666s][info][gc,heap        ] GC(898) Old regions: 161->184
[145.666s][info][gc,heap        ] GC(898) Archive regions: 0->0
[145.666s][info][gc,heap        ] GC(898) Humongous regions: 0->0
[145.666s][info][gc,metaspace   ] GC(898) Metaspace: 16771K(17472K)->16771K(17472K) NonClass: 14351K(14784K)->14351K(14784K) Class: 2419K(2688K)->2419K(2688K)
[145.666s][info][gc             ] GC(898) Pause Young (Concurrent Start) (G1 Evacuation Pause) 210M->185M(364M) 26.992ms
[145.666s][info][gc             ] GC(899) Concurrent Mark Cycle
[145.666s][info][gc,cpu         ] GC(898) User=0.19s Sys=0.00s Real=0.03s
[145.666s][info][gc,marking     ] GC(899) Concurrent Scan Root Regions
[145.673s][info][gc,marking     ] GC(899) Concurrent Scan Root Regions 7.433ms
[145.673s][info][gc,marking     ] GC(899) Concurrent Mark
[145.673s][info][gc,marking     ] GC(899) Concurrent Mark From Roots
[145.673s][info][gc,task        ] GC(899) Using 8 workers of 8 for marking
[145.720s][info][gc,marking     ] GC(899) Concurrent Mark From Roots 46.457ms
[145.720s][info][gc,marking     ] GC(899) Concurrent Preclean
[145.720s][info][gc,marking     ] GC(899) Concurrent Preclean 0.063ms
[145.720s][info][gc,start       ] GC(899) Pause Remark
[145.721s][info][gc             ] GC(899) Pause Remark 225M->225M(387M) 1.321ms
[145.721s][info][gc,cpu         ] GC(899) User=0.00s Sys=0.00s Real=0.00s
[145.721s][info][gc,marking     ] GC(899) Concurrent Mark 48.160ms
[145.721s][info][gc,marking     ] GC(899) Concurrent Rebuild Remembered Sets and Scrub Regions
[145.737s][info][gc,marking     ] GC(899) Concurrent Rebuild Remembered Sets and Scrub Regions 15.551ms
[145.737s][info][gc,start       ] GC(899) Pause Cleanup
[145.737s][info][gc             ] GC(899) Pause Cleanup 238M->238M(387M) 0.276ms
[145.737s][info][gc,cpu         ] GC(899) User=0.00s Sys=0.00s Real=0.00s
[145.738s][info][gc,marking     ] GC(899) Concurrent Clear Claimed Marks
[145.738s][info][gc,marking     ] GC(899) Concurrent Clear Claimed Marks 0.041ms
[145.738s][info][gc,marking     ] GC(899) Concurrent Cleanup for Next Mark
[145.738s][info][gc,marking     ] GC(899) Concurrent Cleanup for Next Mark 0.722ms
[145.738s][info][gc             ] GC(899) Concurrent Mark Cycle 72.581ms
[145.777s][info][gc,start       ] GC(900) Pause Young (Prepare Mixed) (G1 Evacuation Pause)
[145.777s][info][gc,task        ] GC(900) Using 9 workers of 33 for evacuation
[145.805s][info][gc,phases      ] GC(900)   Pre Evacuate Collection Set: 0.1ms
[145.805s][info][gc,phases      ] GC(900)   Merge Heap Roots: 0.1ms
[145.805s][info][gc,phases      ] GC(900)   Evacuate Collection Set: 27.6ms
[145.805s][info][gc,phases      ] GC(900)   Post Evacuate Collection Set: 0.3ms
[145.805s][info][gc,phases      ] GC(900)   Other: 0.1ms
[145.805s][info][gc,heap        ] GC(900) Eden regions: 85->0(78)
[145.805s][info][gc,heap        ] GC(900) Survivor regions: 7->12(12)
[145.805s][info][gc,heap        ] GC(900) Old regions: 184->217
[145.805s][info][gc,heap        ] GC(900) Archive regions: 0->0
[145.805s][info][gc,heap        ] GC(900) Humongous regions: 0->0
[145.805s][info][gc,metaspace   ] GC(900) Metaspace: 16771K(17472K)->16771K(17472K) NonClass: 14351K(14784K)->14351K(14784K) Class: 2419K(2688K)->2419K(2688K)
[145.806s][info][gc             ] GC(900) Pause Young (Prepare Mixed) (G1 Evacuation Pause) 270M->223M(387M) 28.780ms
[145.806s][info][gc,cpu         ] GC(900) User=0.27s Sys=0.02s Real=0.03s
[145.871s][info][gc,start       ] GC(901) Pause Young (Mixed) (G1 Evacuation Pause)
[145.871s][info][gc,task        ] GC(901) Using 9 workers of 33 for evacuation
[145.899s][info][gc,phases      ] GC(901)   Pre Evacuate Collection Set: 0.1ms
[145.899s][info][gc,phases      ] GC(901)   Merge Heap Roots: 0.1ms
[145.899s][info][gc,phases      ] GC(901)   Evacuate Collection Set: 27.1ms
[145.899s][info][gc,phases      ] GC(901)   Post Evacuate Collection Set: 0.3ms
[145.899s][info][gc,phases      ] GC(901)   Other: 0.1ms
[145.899s][info][gc,heap        ] GC(901) Eden regions: 78->0(62)
[145.899s][info][gc,heap        ] GC(901) Survivor regions: 12->12(12)
[145.899s][info][gc,heap        ] GC(901) Old regions: 217->249
[145.899s][info][gc,heap        ] GC(901) Archive regions: 0->0
[145.899s][info][gc,heap        ] GC(901) Humongous regions: 0->0
[145.899s][info][gc,metaspace   ] GC(901) Metaspace: 16771K(17472K)->16771K(17472K) NonClass: 14351K(14784K)->14351K(14784K) Class: 2419K(2688K)->2419K(2688K)
[145.899s][info][gc             ] GC(901) Pause Young (Mixed) (G1 Evacuation Pause) 301M->257M(387M) 28.193ms
[145.900s][info][gc,cpu         ] GC(901) User=0.28s Sys=0.00s Real=0.03s
[145.952s][info][gc,start       ] GC(902) Pause Young (Concurrent Start) (G1 Evacuation Pause)
[145.952s][info][gc,task        ] GC(902) Using 9 workers of 33 for evacuation
[145.978s][info][gc,phases      ] GC(902)   Pre Evacuate Collection Set: 0.2ms
[145.978s][info][gc,phases      ] GC(902)   Merge Heap Roots: 0.1ms
[145.978s][info][gc,phases      ] GC(902)   Evacuate Collection Set: 24.7ms
[145.978s][info][gc,phases      ] GC(902)   Post Evacuate Collection Set: 0.3ms
[145.978s][info][gc,phases      ] GC(902)   Other: 0.1ms
[145.978s][info][gc,heap        ] GC(902) Eden regions: 62->0(47)
[145.978s][info][gc,heap        ] GC(902) Survivor regions: 12->10(10)
[145.978s][info][gc,heap        ] GC(902) Old regions: 249->280
[145.978s][info][gc,heap        ] GC(902) Archive regions: 0->0
[145.978s][info][gc,heap        ] GC(902) Humongous regions: 0->0
[145.978s][info][gc,metaspace   ] GC(902) Metaspace: 16771K(17472K)->16771K(17472K) NonClass: 14351K(14784K)->14351K(14784K) Class: 2419K(2688K)->2419K(2688K)
[145.978s][info][gc             ] GC(902) Pause Young (Concurrent Start) (G1 Evacuation Pause) 319M->286M(387M) 25.931ms
[145.978s][info][gc             ] GC(903) Concurrent Mark Cycle
[145.978s][info][gc,cpu         ] GC(902) User=0.27s Sys=0.02s Real=0.03s
[145.978s][info][gc,marking     ] GC(903) Concurrent Scan Root Regions
[145.986s][info][gc,marking     ] GC(903) Concurrent Scan Root Regions 8.052ms
[145.986s][info][gc,marking     ] GC(903) Concurrent Mark
[145.986s][info][gc,marking     ] GC(903) Concurrent Mark From Roots
[145.986s][info][gc,task        ] GC(903) Using 8 workers of 8 for marking
[146.033s][info][gc,start       ] GC(904) Pause Young (Normal) (G1 Evacuation Pause)
[146.033s][info][gc,task        ] GC(904) Using 9 workers of 33 for evacuation
[146.047s][info][gc,phases      ] GC(904)   Pre Evacuate Collection Set: 0.1ms
[146.047s][info][gc,phases      ] GC(904)   Merge Heap Roots: 0.1ms
[146.047s][info][gc,phases      ] GC(904)   Evacuate Collection Set: 12.9ms
[146.047s][info][gc,phases      ] GC(904)   Post Evacuate Collection Set: 0.3ms
[146.047s][info][gc,phases      ] GC(904)   Other: 0.1ms
[146.047s][info][gc,heap        ] GC(904) Eden regions: 47->0(36)
[146.047s][info][gc,heap        ] GC(904) Survivor regions: 10->8(8)
[146.047s][info][gc,heap        ] GC(904) Old regions: 280->304
[146.047s][info][gc,heap        ] GC(904) Archive regions: 0->0
[146.047s][info][gc,heap        ] GC(904) Humongous regions: 0->0
[146.047s][info][gc,metaspace   ] GC(904) Metaspace: 16771K(17472K)->16771K(17472K) NonClass: 14351K(14784K)->14351K(14784K) Class: 2419K(2688K)->2419K(2688K)
[146.047s][info][gc             ] GC(904) Pause Young (Normal) (G1 Evacuation Pause) 333M->308M(387M) 13.908ms
[146.047s][info][gc,cpu         ] GC(904) User=0.14s Sys=0.00s Real=0.02s
[146.067s][info][gc,marking     ] GC(903) Concurrent Mark From Roots 80.790ms
[146.067s][info][gc,marking     ] GC(903) Concurrent Preclean
[146.067s][info][gc,marking     ] GC(903) Concurrent Preclean 0.032ms
[146.067s][info][gc,start       ] GC(903) Pause Remark
[146.070s][info][gc             ] GC(903) Pause Remark 328M->328M(512M) 2.629ms
[146.070s][info][gc,cpu         ] GC(903) User=0.00s Sys=0.02s Real=0.02s
[146.070s][info][gc,marking     ] GC(903) Concurrent Mark 83.734ms
[146.070s][info][gc,marking     ] GC(903) Concurrent Rebuild Remembered Sets and Scrub Regions
[146.091s][info][gc,start       ] GC(905) Pause Young (Normal) (G1 Evacuation Pause)
[146.091s][info][gc,task        ] GC(905) Using 12 workers of 33 for evacuation
[146.100s][info][gc,phases      ] GC(905)   Pre Evacuate Collection Set: 0.1ms
[146.100s][info][gc,phases      ] GC(905)   Merge Heap Roots: 0.1ms
[146.100s][info][gc,phases      ] GC(905)   Evacuate Collection Set: 8.3ms
[146.100s][info][gc,phases      ] GC(905)   Post Evacuate Collection Set: 0.3ms
[146.100s][info][gc,phases      ] GC(905)   Other: 0.1ms
[146.100s][info][gc,heap        ] GC(905) Eden regions: 36->0(91)
[146.100s][info][gc,heap        ] GC(905) Survivor regions: 8->6(6)
[146.100s][info][gc,heap        ] GC(905) Old regions: 304->324
[146.100s][info][gc,heap        ] GC(905) Archive regions: 0->0
[146.100s][info][gc,heap        ] GC(905) Humongous regions: 0->0
[146.100s][info][gc,metaspace   ] GC(905) Metaspace: 16771K(17472K)->16771K(17472K) NonClass: 14351K(14784K)->14351K(14784K) Class: 2419K(2688K)->2419K(2688K)
[146.100s][info][gc             ] GC(905) Pause Young (Normal) (G1 Evacuation Pause) 344M->326M(512M) 9.287ms
[146.100s][info][gc,cpu         ] GC(905) User=0.00s Sys=0.00s Real=0.00s
[146.109s][info][gc,marking     ] GC(903) Concurrent Rebuild Remembered Sets and Scrub Regions 38.998ms
[146.109s][info][gc,start       ] GC(903) Pause Cleanup
[146.109s][info][gc             ] GC(903) Pause Cleanup 332M->332M(512M) 0.321ms
[146.109s][info][gc,cpu         ] GC(903) User=0.00s Sys=0.00s Real=0.00s
[146.110s][info][gc,marking     ] GC(903) Concurrent Clear Claimed Marks
[146.110s][info][gc,marking     ] GC(903) Concurrent Clear Claimed Marks 0.035ms
[146.110s][info][gc,marking     ] GC(903) Concurrent Cleanup for Next Mark
[146.110s][info][gc,marking     ] GC(903) Concurrent Cleanup for Next Mark 0.772ms
[146.110s][info][gc             ] GC(903) Concurrent Mark Cycle 132.280ms
[146.210s][info][gc,start       ] GC(906) Pause Young (Prepare Mixed) (G1 Evacuation Pause)
[146.210s][info][gc,task        ] GC(906) Using 12 workers of 33 for evacuation
[146.235s][info][gc,phases      ] GC(906)   Pre Evacuate Collection Set: 0.1ms
[146.235s][info][gc,phases      ] GC(906)   Merge Heap Roots: 0.1ms
[146.235s][info][gc,phases      ] GC(906)   Evacuate Collection Set: 24.5ms
[146.235s][info][gc,phases      ] GC(906)   Post Evacuate Collection Set: 0.4ms
[146.235s][info][gc,phases      ] GC(906)   Other: 0.1ms
[146.235s][info][gc,heap        ] GC(906) Eden regions: 91->0(70)
[146.235s][info][gc,heap        ] GC(906) Survivor regions: 6->13(13)
[146.235s][info][gc,heap        ] GC(906) Old regions: 324->358
[146.235s][info][gc,heap        ] GC(906) Archive regions: 0->0
[146.235s][info][gc,heap        ] GC(906) Humongous regions: 0->0
[146.236s][info][gc,metaspace   ] GC(906) Metaspace: 16771K(17472K)->16771K(17472K) NonClass: 14351K(14784K)->14351K(14784K) Class: 2419K(2688K)->2419K(2688K)
[146.236s][info][gc             ] GC(906) Pause Young (Prepare Mixed) (G1 Evacuation Pause) 417M->366M(512M) 25.779ms
[146.236s][info][gc,cpu         ] GC(906) User=0.33s Sys=0.05s Real=0.03s
[146.296s][info][gc,start       ] GC(907) Pause Young (Mixed) (G1 Evacuation Pause)
[146.296s][info][gc,task        ] GC(907) Using 12 workers of 33 for evacuation
[146.319s][info][gc,phases      ] GC(907)   Pre Evacuate Collection Set: 0.1ms
[146.319s][info][gc,phases      ] GC(907)   Merge Heap Roots: 0.1ms
[146.319s][info][gc,phases      ] GC(907)   Evacuate Collection Set: 22.5ms
[146.319s][info][gc,phases      ] GC(907)   Post Evacuate Collection Set: 0.3ms
[146.319s][info][gc,phases      ] GC(907)   Other: 0.1ms
[146.319s][info][gc,heap        ] GC(907) Eden regions: 70->0(56)
[146.319s][info][gc,heap        ] GC(907) Survivor regions: 13->11(11)
[146.319s][info][gc,heap        ] GC(907) Old regions: 358->388
[146.319s][info][gc,heap        ] GC(907) Archive regions: 0->0
[146.319s][info][gc,heap        ] GC(907) Humongous regions: 0->0
[146.319s][info][gc,metaspace   ] GC(907) Metaspace: 16771K(17472K)->16771K(17472K) NonClass: 14351K(14784K)->14351K(14784K) Class: 2419K(2688K)->2419K(2688K)
[146.319s][info][gc             ] GC(907) Pause Young (Mixed) (G1 Evacuation Pause) 436M->394M(512M) 23.502ms
[146.320s][info][gc,cpu         ] GC(907) User=0.19s Sys=0.00s Real=0.02s
[146.368s][info][gc,start       ] GC(908) Pause Young (Concurrent Start) (G1 Evacuation Pause)
[146.368s][info][gc,task        ] GC(908) Using 12 workers of 33 for evacuation
[146.387s][info][gc,phases      ] GC(908)   Pre Evacuate Collection Set: 0.2ms
[146.387s][info][gc,phases      ] GC(908)   Merge Heap Roots: 0.1ms
[146.387s][info][gc,phases      ] GC(908)   Evacuate Collection Set: 18.4ms
[146.387s][info][gc,phases      ] GC(908)   Post Evacuate Collection Set: 0.4ms
[146.387s][info][gc,phases      ] GC(908)   Other: 0.2ms
[146.387s][info][gc,heap        ] GC(908) Eden regions: 56->0(43)
[146.387s][info][gc,heap        ] GC(908) Survivor regions: 11->9(9)
[146.387s][info][gc,heap        ] GC(908) Old regions: 388->416
[146.387s][info][gc,heap        ] GC(908) Archive regions: 0->0
[146.387s][info][gc,heap        ] GC(908) Humongous regions: 0->0
[146.387s][info][gc,metaspace   ] GC(908) Metaspace: 16771K(17472K)->16771K(17472K) NonClass: 14351K(14784K)->14351K(14784K) Class: 2419K(2688K)->2419K(2688K)
[146.387s][info][gc             ] GC(908) Pause Young (Concurrent Start) (G1 Evacuation Pause) 450M->421M(512M) 19.783ms
[146.387s][info][gc             ] GC(909) Concurrent Mark Cycle
[146.387s][info][gc,cpu         ] GC(908) User=0.16s Sys=0.03s Real=0.01s
[146.387s][info][gc,marking     ] GC(909) Concurrent Scan Root Regions
[146.397s][info][gc,marking     ] GC(909) Concurrent Scan Root Regions 9.562ms
[146.397s][info][gc,marking     ] GC(909) Concurrent Mark
[146.397s][info][gc,marking     ] GC(909) Concurrent Mark From Roots
[146.397s][info][gc,task        ] GC(909) Using 8 workers of 8 for marking
[146.431s][info][gc,start       ] GC(910) Pause Young (Normal) (G1 Evacuation Pause)
[146.431s][info][gc,task        ] GC(910) Using 12 workers of 33 for evacuation
[146.442s][info][gc,phases      ] GC(910)   Pre Evacuate Collection Set: 0.1ms
[146.442s][info][gc,phases      ] GC(910)   Merge Heap Roots: 0.1ms
[146.442s][info][gc,phases      ] GC(910)   Evacuate Collection Set: 9.6ms
[146.442s][info][gc,phases      ] GC(910)   Post Evacuate Collection Set: 0.3ms
[146.442s][info][gc,phases      ] GC(910)   Other: 0.1ms
[146.442s][info][gc,heap        ] GC(910) Eden regions: 43->0(31)
[146.442s][info][gc,heap        ] GC(910) Survivor regions: 9->7(7)
[146.442s][info][gc,heap        ] GC(910) Old regions: 416->440
[146.442s][info][gc,heap        ] GC(910) Archive regions: 0->0
[146.442s][info][gc,heap        ] GC(910) Humongous regions: 0->0
[146.442s][info][gc,metaspace   ] GC(910) Metaspace: 16771K(17472K)->16771K(17472K) NonClass: 14351K(14784K)->14351K(14784K) Class: 2419K(2688K)->2419K(2688K)
[146.442s][info][gc             ] GC(910) Pause Young (Normal) (G1 Evacuation Pause) 464M->443M(512M) 10.788ms
[146.442s][info][gc,cpu         ] GC(910) User=0.19s Sys=0.00s Real=0.02s
[146.473s][info][gc,start       ] GC(911) Pause Young (Normal) (G1 Evacuation Pause)
[146.474s][info][gc,task        ] GC(911) Using 12 workers of 33 for evacuation
[146.481s][info][gc,phases      ] GC(911)   Pre Evacuate Collection Set: 0.1ms
[146.481s][info][gc,phases      ] GC(911)   Merge Heap Roots: 0.1ms
[146.481s][info][gc,phases      ] GC(911)   Evacuate Collection Set: 6.6ms
[146.481s][info][gc,phases      ] GC(911)   Post Evacuate Collection Set: 0.3ms
[146.481s][info][gc,phases      ] GC(911)   Other: 0.1ms
[146.481s][info][gc,heap        ] GC(911) Eden regions: 31->0(20)
[146.481s][info][gc,heap        ] GC(911) Survivor regions: 7->5(5)
[146.481s][info][gc,heap        ] GC(911) Old regions: 440->458
[146.481s][info][gc,heap        ] GC(911) Archive regions: 0->0
[146.481s][info][gc,heap        ] GC(911) Humongous regions: 0->0
[146.481s][info][gc,metaspace   ] GC(911) Metaspace: 16771K(17472K)->16771K(17472K) NonClass: 14351K(14784K)->14351K(14784K) Class: 2419K(2688K)->2419K(2688K)
[146.481s][info][gc             ] GC(911) Pause Young (Normal) (G1 Evacuation Pause) 474M->458M(512M) 7.535ms
[146.481s][info][gc,cpu         ] GC(911) User=0.00s Sys=0.00s Real=0.00s
[146.501s][info][gc,start       ] GC(912) Pause Young (Normal) (G1 Evacuation Pause)
[146.501s][info][gc,task        ] GC(912) Using 12 workers of 33 for evacuation
[146.507s][info][gc,phases      ] GC(912)   Pre Evacuate Collection Set: 0.1ms
[146.507s][info][gc,phases      ] GC(912)   Merge Heap Roots: 0.0ms
[146.507s][info][gc,phases      ] GC(912)   Evacuate Collection Set: 4.7ms
[146.507s][info][gc,phases      ] GC(912)   Post Evacuate Collection Set: 0.3ms
[146.507s][info][gc,phases      ] GC(912)   Other: 0.1ms
[146.507s][info][gc,heap        ] GC(912) Eden regions: 20->0(21)
[146.507s][info][gc,heap        ] GC(912) Survivor regions: 5->4(4)
[146.507s][info][gc,heap        ] GC(912) Old regions: 458->470
[146.507s][info][gc,heap        ] GC(912) Archive regions: 0->0
[146.507s][info][gc,heap        ] GC(912) Humongous regions: 0->0
[146.507s][info][gc,metaspace   ] GC(912) Metaspace: 16771K(17472K)->16771K(17472K) NonClass: 14351K(14784K)->14351K(14784K) Class: 2419K(2688K)->2419K(2688K)
[146.507s][info][gc             ] GC(912) Pause Young (Normal) (G1 Evacuation Pause) 478M->469M(512M) 5.691ms
[146.507s][info][gc,cpu         ] GC(912) User=0.00s Sys=0.00s Real=0.00s
[146.528s][info][gc,start       ] GC(913) Pause Young (Normal) (G1 Evacuation Pause)
[146.528s][info][gc,task        ] GC(913) Using 12 workers of 33 for evacuation
[146.533s][info][gc,phases      ] GC(913)   Pre Evacuate Collection Set: 0.1ms
[146.533s][info][gc,phases      ] GC(913)   Merge Heap Roots: 0.1ms
[146.533s][info][gc,phases      ] GC(913)   Evacuate Collection Set: 4.1ms
[146.533s][info][gc,phases      ] GC(913)   Post Evacuate Collection Set: 0.3ms
[146.533s][info][gc,phases      ] GC(913)   Other: 0.1ms
[146.533s][info][gc,heap        ] GC(913) Eden regions: 21->0(21)
[146.533s][info][gc,heap        ] GC(913) Survivor regions: 4->4(4)
[146.533s][info][gc,heap        ] GC(913) Old regions: 470->481
[146.533s][info][gc,heap        ] GC(913) Archive regions: 0->0
[146.533s][info][gc,heap        ] GC(913) Humongous regions: 0->0
[146.533s][info][gc,metaspace   ] GC(913) Metaspace: 16771K(17472K)->16771K(17472K) NonClass: 14351K(14784K)->14351K(14784K) Class: 2419K(2688K)->2419K(2688K)
[146.533s][info][gc             ] GC(913) Pause Young (Normal) (G1 Evacuation Pause) 490M->480M(512M) 5.062ms
[146.533s][info][gc,cpu         ] GC(913) User=0.19s Sys=0.00s Real=0.02s
[146.538s][info][gc,marking     ] GC(909) Concurrent Mark From Roots 140.927ms
[146.538s][info][gc,marking     ] GC(909) Concurrent Preclean
[146.538s][info][gc,marking     ] GC(909) Concurrent Preclean 0.041ms
[146.538s][info][gc,start       ] GC(909) Pause Remark
[146.539s][info][gc             ] GC(909) Pause Remark 485M->485M(512M) 0.932ms
[146.539s][info][gc,cpu         ] GC(909) User=0.00s Sys=0.00s Real=0.00s
[146.539s][info][gc,marking     ] GC(909) Concurrent Mark 142.149ms
[146.539s][info][gc,marking     ] GC(909) Concurrent Rebuild Remembered Sets and Scrub Regions
[146.556s][info][gc,start       ] GC(914) Pause Young (Normal) (G1 Evacuation Pause)
[146.556s][info][gc,task        ] GC(914) Using 12 workers of 33 for evacuation
[146.562s][info][gc,phases      ] GC(914)   Pre Evacuate Collection Set: 0.1ms
[146.562s][info][gc,phases      ] GC(914)   Merge Heap Roots: 0.0ms
[146.562s][info][gc,phases      ] GC(914)   Evacuate Collection Set: 4.8ms
[146.562s][info][gc,phases      ] GC(914)   Post Evacuate Collection Set: 0.9ms
[146.562s][info][gc,phases      ] GC(914)   Other: 0.1ms
[146.562s][info][gc,heap        ] GC(914) Eden regions: 21->0(0)
[146.562s][info][gc,heap        ] GC(914) Survivor regions: 4->2(4)
[146.562s][info][gc,heap        ] GC(914) Old regions: 481->509
[146.562s][info][gc,heap        ] GC(914) Archive regions: 0->0
[146.562s][info][gc,heap        ] GC(914) Humongous regions: 0->0
[146.562s][info][gc,metaspace   ] GC(914) Metaspace: 16771K(17472K)->16771K(17472K) NonClass: 14351K(14784K)->14351K(14784K) Class: 2419K(2688K)->2419K(2688K)
[146.562s][info][gc             ] GC(914) Pause Young (Normal) (G1 Evacuation Pause) (Evacuation Failure) 501M->507M(512M) 6.450ms
[146.562s][info][gc,cpu         ] GC(914) User=0.16s Sys=0.03s Real=0.02s
[146.563s][info][gc,ergo        ] Attempting full compaction
[146.563s][info][gc,start       ] GC(915) Pause Full (G1 Compaction Pause)
[146.563s][info][gc,task        ] GC(915) Using 12 workers of 33 for full compaction
[146.563s][info][gc,phases,start] GC(915) Phase 1: Mark live objects
[146.674s][info][gc,phases      ] GC(915) Phase 1: Mark live objects 110.705ms
[146.674s][info][gc,phases,start] GC(915) Phase 2: Prepare compaction
[146.693s][info][gc,phases      ] GC(915) Phase 2: Prepare compaction 18.292ms
[146.693s][info][gc,phases,start] GC(915) Phase 3: Adjust pointers
[146.720s][info][gc,phases      ] GC(915) Phase 3: Adjust pointers 27.192ms
[146.720s][info][gc,phases,start] GC(915) Phase 4: Compact heap
[146.736s][info][gc,phases      ] GC(915) Phase 4: Compact heap 15.955ms
[146.739s][info][gc,heap        ] GC(915) Eden regions: 0->0(37)
[146.739s][info][gc,heap        ] GC(915) Survivor regions: 2->0(4)
[146.739s][info][gc,heap        ] GC(915) Old regions: 509->438
[146.739s][info][gc,heap        ] GC(915) Archive regions: 0->0
[146.739s][info][gc,heap        ] GC(915) Humongous regions: 0->0
[146.739s][info][gc,metaspace   ] GC(915) Metaspace: 16771K(17472K)->16771K(17472K) NonClass: 14351K(14784K)->14351K(14784K) Class: 2419K(2688K)->2419K(2688K)
[146.739s][info][gc             ] GC(915) Pause Full (G1 Compaction Pause) 507M->434M(512M) 176.800ms
[146.739s][info][gc,cpu         ] GC(915) User=1.89s Sys=0.00s Real=0.17s
[146.739s][info][gc,marking     ] GC(909) Concurrent Rebuild Remembered Sets and Scrub Regions 200.291ms
[146.740s][info][gc,marking     ] GC(909) Concurrent Mark Abort
[146.740s][info][gc             ] GC(909) Concurrent Mark Cycle 352.173ms
[146.761s][info][gc,start       ] GC(916) Pause Young (Concurrent Start) (G1 Humongous Allocation)
[146.761s][info][gc,task        ] GC(916) Using 12 workers of 33 for evacuation
[146.766s][info][gc,phases      ] GC(916)   Pre Evacuate Collection Set: 0.2ms
[146.795s][info][gc,phases      ] GC(916)   Merge Heap Roots: 0.0ms
[146.795s][info][gc,phases      ] GC(916)   Evacuate Collection Set: 4.4ms
[146.795s][info][gc,phases      ] GC(916)   Post Evacuate Collection Set: 0.3ms
[146.795s][info][gc,phases      ] GC(916)   Other: 0.1ms
[146.795s][info][gc,heap        ] GC(916) Eden regions: 18->0(32)
[146.795s][info][gc,heap        ] GC(916) Survivor regions: 0->5(5)
[146.795s][info][gc,heap        ] GC(916) Old regions: 438->442
[146.795s][info][gc,heap        ] GC(916) Archive regions: 0->0
[146.795s][info][gc,heap        ] GC(916) Humongous regions: 0->0
[146.795s][info][gc,metaspace   ] GC(916) Metaspace: 16771K(17472K)->16771K(17472K) NonClass: 14351K(14784K)->14351K(14784K) Class: 2419K(2688K)->2419K(2688K)
[146.795s][info][gc             ] GC(916) Pause Young (Concurrent Start) (G1 Humongous Allocation) 451M->442M(512M) 34.486ms
[146.795s][info][gc             ] GC(917) Concurrent Mark Cycle
[146.795s][info][gc,cpu         ] GC(916) User=0.19s Sys=0.00s Real=0.04s
[146.795s][info][gc,marking     ] GC(917) Concurrent Scan Root Regions
[146.805s][info][gc,marking     ] GC(917) Concurrent Scan Root Regions 9.745ms
[146.805s][info][gc,marking     ] GC(917) Concurrent Mark
[146.805s][info][gc,marking     ] GC(917) Concurrent Mark From Roots
[146.805s][info][gc,task        ] GC(917) Using 8 workers of 8 for marking
[146.950s][info][gc,marking     ] GC(917) Concurrent Mark From Roots 144.919ms
[146.950s][info][gc,marking     ] GC(917) Concurrent Preclean
[146.950s][info][gc,marking     ] GC(917) Concurrent Preclean 0.058ms
[146.950s][info][gc,start       ] GC(917) Pause Remark
[146.951s][info][gc             ] GC(917) Pause Remark 466M->466M(512M) 0.956ms
[146.951s][info][gc,cpu         ] GC(917) User=0.00s Sys=0.00s Real=0.00s
[146.951s][info][gc,marking     ] GC(917) Concurrent Mark 146.286ms
[146.951s][info][gc,marking     ] GC(917) Concurrent Rebuild Remembered Sets and Scrub Regions
[146.992s][info][gc,marking     ] GC(917) Concurrent Rebuild Remembered Sets and Scrub Regions 40.919ms
[146.993s][info][gc,start       ] GC(917) Pause Cleanup
[146.993s][info][gc             ] GC(917) Pause Cleanup 470M->470M(512M) 0.227ms
[146.993s][info][gc,cpu         ] GC(917) User=0.00s Sys=0.00s Real=0.00s
[146.993s][info][gc,marking     ] GC(917) Concurrent Clear Claimed Marks
[146.993s][info][gc,marking     ] GC(917) Concurrent Clear Claimed Marks 0.041ms
[146.993s][info][gc,marking     ] GC(917) Concurrent Cleanup for Next Mark
[146.993s][info][gc,marking     ] GC(917) Concurrent Cleanup for Next Mark 0.269ms
[146.993s][info][gc             ] GC(917) Concurrent Mark Cycle 197.943ms
[147.082s][info][gc,start       ] GC(918) Pause Young (Prepare Mixed) (G1 Evacuation Pause)
[147.082s][info][gc,task        ] GC(918) Using 12 workers of 33 for evacuation
[147.121s][info][gc,phases      ] GC(918)   Pre Evacuate Collection Set: 0.1ms
[147.121s][info][gc,phases      ] GC(918)   Merge Heap Roots: 2.6ms
[147.121s][info][gc,phases      ] GC(918)   Evacuate Collection Set: 36.4ms
[147.122s][info][gc,phases      ] GC(918)   Post Evacuate Collection Set: 0.4ms
[147.122s][info][gc,phases      ] GC(918)   Other: 0.1ms
[147.122s][info][gc,heap        ] GC(918) Eden regions: 32->0(20)
[147.122s][info][gc,heap        ] GC(918) Survivor regions: 5->5(5)
[147.122s][info][gc,heap        ] GC(918) Old regions: 442->466
[147.122s][info][gc,heap        ] GC(918) Archive regions: 0->0
[147.122s][info][gc,heap        ] GC(918) Humongous regions: 3->3
[147.122s][info][gc,metaspace   ] GC(918) Metaspace: 16771K(17472K)->16771K(17472K) NonClass: 14351K(14784K)->14351K(14784K) Class: 2419K(2688K)->2419K(2688K)
[147.122s][info][gc             ] GC(918) Pause Young (Prepare Mixed) (G1 Evacuation Pause) 477M->469M(512M) 40.178ms
[147.122s][info][gc,cpu         ] GC(918) User=0.56s Sys=0.00s Real=0.05s
[147.255s][info][gc,start       ] GC(919) Pause Young (Mixed) (G1 Evacuation Pause)
[147.255s][info][gc,task        ] GC(919) Using 12 workers of 33 for evacuation
[147.292s][info][gc,phases      ] GC(919)   Pre Evacuate Collection Set: 0.1ms
[147.292s][info][gc,phases      ] GC(919)   Merge Heap Roots: 2.5ms
[147.292s][info][gc,phases      ] GC(919)   Evacuate Collection Set: 33.7ms
[147.292s][info][gc,phases      ] GC(919)   Post Evacuate Collection Set: 0.7ms
[147.292s][info][gc,phases      ] GC(919)   Other: 0.1ms
[147.292s][info][gc,heap        ] GC(919) Eden regions: 20->0(3)
[147.292s][info][gc,heap        ] GC(919) Survivor regions: 5->4(4)
[147.292s][info][gc,heap        ] GC(919) Old regions: 466->498
[147.292s][info][gc,heap        ] GC(919) Archive regions: 0->0
[147.292s][info][gc,heap        ] GC(919) Humongous regions: 3->3
[147.292s][info][gc,metaspace   ] GC(919) Metaspace: 16771K(17472K)->16771K(17472K) NonClass: 14351K(14784K)->14351K(14784K) Class: 2419K(2688K)->2419K(2688K)
[147.292s][info][gc             ] GC(919) Pause Young (Mixed) (G1 Evacuation Pause) (Evacuation Failure) 489M->502M(512M) 37.302ms
[147.293s][info][gc,cpu         ] GC(919) User=0.56s Sys=0.00s Real=0.05s
[147.299s][info][gc,start       ] GC(920) Pause Young (Concurrent Start) (G1 Evacuation Pause)
[147.299s][info][gc,task        ] GC(920) Using 12 workers of 33 for evacuation
[147.311s][info][gc,phases      ] GC(920)   Pre Evacuate Collection Set: 0.2ms
[147.311s][info][gc,phases      ] GC(920)   Merge Heap Roots: 0.5ms
[147.311s][info][gc,phases      ] GC(920)   Evacuate Collection Set: 10.6ms
[147.311s][info][gc,phases      ] GC(920)   Post Evacuate Collection Set: 0.6ms
[147.311s][info][gc,phases      ] GC(920)   Other: 0.1ms
[147.311s][info][gc,heap        ] GC(920) Eden regions: 3->0(0)
[147.311s][info][gc,heap        ] GC(920) Survivor regions: 4->1(1)
[147.311s][info][gc,heap        ] GC(920) Old regions: 498->508
[147.311s][info][gc,heap        ] GC(920) Archive regions: 0->0
[147.311s][info][gc,heap        ] GC(920) Humongous regions: 3->3
[147.311s][info][gc,metaspace   ] GC(920) Metaspace: 16771K(17472K)->16771K(17472K) NonClass: 14351K(14784K)->14351K(14784K) Class: 2419K(2688K)->2419K(2688K)
[147.312s][info][gc             ] GC(920) Pause Young (Concurrent Start) (G1 Evacuation Pause) (Evacuation Failure) 505M->509M(512M) 12.510ms
[147.312s][info][gc             ] GC(921) Concurrent Mark Cycle
[147.312s][info][gc,cpu         ] GC(920) User=0.19s Sys=0.00s Real=0.02s
[147.312s][info][gc,marking     ] GC(921) Concurrent Scan Root Regions
[147.312s][info][gc,ergo        ] Attempting full compaction
[147.312s][info][gc,start       ] GC(922) Pause Full (G1 Compaction Pause)
[147.312s][info][gc,task        ] GC(922) Using 12 workers of 33 for full compaction
[147.313s][info][gc,marking     ] GC(921) Concurrent Scan Root Regions 1.181ms
[147.313s][info][gc,marking     ] GC(921) Concurrent Mark
[147.313s][info][gc,marking     ] GC(921) Concurrent Mark From Roots
[147.313s][info][gc,task        ] GC(921) Using 8 workers of 8 for marking
[147.313s][info][gc,phases,start] GC(922) Phase 1: Mark live objects
[147.460s][info][gc,phases      ] GC(922) Phase 1: Mark live objects 147.263ms
[147.460s][info][gc,phases,start] GC(922) Phase 2: Prepare compaction
[147.477s][info][gc,phases      ] GC(922) Phase 2: Prepare compaction 16.963ms
[147.477s][info][gc,phases,start] GC(922) Phase 3: Adjust pointers
[147.502s][info][gc,phases      ] GC(922) Phase 3: Adjust pointers 24.708ms
[147.502s][info][gc,phases,start] GC(922) Phase 4: Compact heap
[147.506s][info][gc,phases      ] GC(922) Phase 4: Compact heap 3.494ms
[147.508s][info][gc,heap        ] GC(922) Eden regions: 0->0(24)
[147.508s][info][gc,heap        ] GC(922) Survivor regions: 1->0(1)
[147.508s][info][gc,heap        ] GC(922) Old regions: 508->485
[147.508s][info][gc,heap        ] GC(922) Archive regions: 0->0
[147.508s][info][gc,heap        ] GC(922) Humongous regions: 3->3
[147.508s][info][gc,metaspace   ] GC(922) Metaspace: 16771K(17472K)->16771K(17472K) NonClass: 14351K(14784K)->14351K(14784K) Class: 2419K(2688K)->2419K(2688K)
[147.508s][info][gc             ] GC(922) Pause Full (G1 Compaction Pause) 509M->481M(512M) 196.319ms
[147.508s][info][gc,cpu         ] GC(922) User=2.25s Sys=0.00s Real=0.19s
[147.508s][info][gc,marking     ] GC(921) Concurrent Mark From Roots 195.300ms
[147.508s][info][gc,marking     ] GC(921) Concurrent Mark Abort
[147.508s][info][gc             ] GC(921) Concurrent Mark Cycle 196.616ms
[147.513s][info][gc,start       ] GC(923) Pause Young (Concurrent Start) (G1 Humongous Allocation)
[147.513s][info][gc,task        ] GC(923) Using 12 workers of 33 for evacuation
[147.516s][info][gc,phases      ] GC(923)   Pre Evacuate Collection Set: 0.1ms
[147.516s][info][gc,phases      ] GC(923)   Merge Heap Roots: 0.2ms
[147.516s][info][gc,phases      ] GC(923)   Evacuate Collection Set: 2.3ms
[147.516s][info][gc,phases      ] GC(923)   Post Evacuate Collection Set: 0.3ms
[147.516s][info][gc,phases      ] GC(923)   Other: 0.1ms
[147.516s][info][gc,heap        ] GC(923) Eden regions: 3->0(20)
[147.516s][info][gc,heap        ] GC(923) Survivor regions: 0->2(3)
[147.516s][info][gc,heap        ] GC(923) Old regions: 485->485
[147.516s][info][gc,heap        ] GC(923) Archive regions: 0->0
[147.516s][info][gc,heap        ] GC(923) Humongous regions: 3->3
[147.516s][info][gc,metaspace   ] GC(923) Metaspace: 16771K(17472K)->16771K(17472K) NonClass: 14351K(14784K)->14351K(14784K) Class: 2419K(2688K)->2419K(2688K)
[147.516s][info][gc             ] GC(923) Pause Young (Concurrent Start) (G1 Humongous Allocation) 483M->483M(512M) 3.224ms
[147.516s][info][gc,cpu         ] GC(923) User=0.19s Sys=0.00s Real=0.02s
[147.516s][info][gc             ] GC(924) Concurrent Mark Cycle
[147.516s][info][gc,marking     ] GC(924) Concurrent Scan Root Regions
[147.518s][info][gc,marking     ] GC(924) Concurrent Scan Root Regions 1.516ms
[147.518s][info][gc,marking     ] GC(924) Concurrent Mark
[147.518s][info][gc,marking     ] GC(924) Concurrent Mark From Roots
[147.518s][info][gc,task        ] GC(924) Using 8 workers of 8 for marking
[147.672s][info][gc,marking     ] GC(924) Concurrent Mark From Roots 154.046ms
[147.672s][info][gc,marking     ] GC(924) Concurrent Preclean
[147.672s][info][gc,marking     ] GC(924) Concurrent Preclean 0.077ms
[147.672s][info][gc,start       ] GC(924) Pause Remark
[147.674s][info][gc             ] GC(924) Pause Remark 492M->492M(512M) 1.934ms
[147.674s][info][gc,cpu         ] GC(924) User=0.00s Sys=0.00s Real=0.00s
[147.674s][info][gc,marking     ] GC(924) Concurrent Mark 156.367ms
[147.674s][info][gc,marking     ] GC(924) Concurrent Rebuild Remembered Sets and Scrub Regions
[147.717s][info][gc,marking     ] GC(924) Concurrent Rebuild Remembered Sets and Scrub Regions 43.307ms
[147.718s][info][gc,start       ] GC(924) Pause Cleanup
[147.718s][info][gc             ] GC(924) Pause Cleanup 494M->494M(512M) 0.151ms
[147.718s][info][gc,cpu         ] GC(924) User=0.00s Sys=0.00s Real=0.00s
[147.718s][info][gc,marking     ] GC(924) Concurrent Clear Claimed Marks
[147.718s][info][gc,marking     ] GC(924) Concurrent Clear Claimed Marks 0.038ms
[147.718s][info][gc,marking     ] GC(924) Concurrent Cleanup for Next Mark
[147.718s][info][gc,marking     ] GC(924) Concurrent Cleanup for Next Mark 0.299ms
[147.718s][info][gc             ] GC(924) Concurrent Mark Cycle 202.094ms
[147.954s][info][gc,start       ] GC(925) Pause Young (Prepare Mixed) (G1 Evacuation Pause)
[147.954s][info][gc,task        ] GC(925) Using 12 workers of 33 for evacuation
[147.963s][info][gc,phases      ] GC(925)   Pre Evacuate Collection Set: 0.1ms
[147.963s][info][gc,phases      ] GC(925)   Merge Heap Roots: 0.2ms
[147.963s][info][gc,phases      ] GC(925)   Evacuate Collection Set: 7.7ms
[147.963s][info][gc,phases      ] GC(925)   Post Evacuate Collection Set: 0.8ms
[147.963s][info][gc,phases      ] GC(925)   Other: 0.1ms
[147.963s][info][gc,heap        ] GC(925) Eden regions: 19->0(8)
[147.963s][info][gc,heap        ] GC(925) Survivor regions: 2->0(0)
[147.964s][info][gc,heap        ] GC(925) Old regions: 485->498
[147.964s][info][gc,heap        ] GC(925) Archive regions: 0->0
[147.964s][info][gc,heap        ] GC(925) Humongous regions: 6->6
[147.964s][info][gc,metaspace   ] GC(925) Metaspace: 16770K(17472K)->16770K(17472K) NonClass: 14350K(14784K)->14350K(14784K) Class: 2419K(2688K)->2419K(2688K)
[147.964s][info][gc             ] GC(925) Pause Young (Prepare Mixed) (G1 Evacuation Pause) (Evacuation Failure) 505M->497M(512M) 9.497ms
[147.964s][info][gc,cpu         ] GC(925) User=0.00s Sys=0.00s Real=0.00s
[147.978s][info][gc,start       ] GC(926) Pause Young (Mixed) (G1 Evacuation Pause)
[147.978s][info][gc,task        ] GC(926) Using 12 workers of 33 for evacuation
[147.980s][info][gc,phases      ] GC(926)   Pre Evacuate Collection Set: 0.1ms
[147.980s][info][gc,phases      ] GC(926)   Merge Heap Roots: 0.1ms
[147.980s][info][gc,phases      ] GC(926)   Evacuate Collection Set: 1.5ms
[147.980s][info][gc,phases      ] GC(926)   Post Evacuate Collection Set: 0.7ms
[147.980s][info][gc,phases      ] GC(926)   Other: 0.1ms
[147.980s][info][gc,heap        ] GC(926) Eden regions: 8->0(0)
[147.980s][info][gc,heap        ] GC(926) Survivor regions: 0->0(0)
[147.980s][info][gc,heap        ] GC(926) Old regions: 498->506
[147.980s][info][gc,heap        ] GC(926) Archive regions: 0->0
[147.980s][info][gc,heap        ] GC(926) Humongous regions: 6->6
[147.980s][info][gc,metaspace   ] GC(926) Metaspace: 16770K(17472K)->16770K(17472K) NonClass: 14350K(14784K)->14350K(14784K) Class: 2419K(2688K)->2419K(2688K)
[147.981s][info][gc             ] GC(926) Pause Young (Mixed) (G1 Evacuation Pause) (Evacuation Failure) 505M->505M(512M) 2.889ms
[147.981s][info][gc,cpu         ] GC(926) User=0.00s Sys=0.00s Real=0.00s
[147.981s][info][gc,ergo        ] Attempting full compaction
[147.981s][info][gc,start       ] GC(927) Pause Full (G1 Compaction Pause)
[147.981s][info][gc,task        ] GC(927) Using 12 workers of 33 for full compaction
[147.981s][info][gc,phases,start] GC(927) Phase 1: Mark live objects
[148.164s][info][gc,phases      ] GC(927) Phase 1: Mark live objects 182.492ms
[148.164s][info][gc,phases,start] GC(927) Phase 2: Prepare compaction
[148.180s][info][gc,phases      ] GC(927) Phase 2: Prepare compaction 15.860ms
[148.180s][info][gc,phases,start] GC(927) Phase 3: Adjust pointers
[148.200s][info][gc,phases      ] GC(927) Phase 3: Adjust pointers 20.385ms
[148.200s][info][gc,phases,start] GC(927) Phase 4: Compact heap
[148.203s][info][gc,phases      ] GC(927) Phase 4: Compact heap 2.437ms
[148.205s][info][gc,heap        ] GC(927) Eden regions: 0->0(21)
[148.205s][info][gc,heap        ] GC(927) Survivor regions: 0->0(0)
[148.205s][info][gc,heap        ] GC(927) Old regions: 506->488
[148.205s][info][gc,heap        ] GC(927) Archive regions: 0->0
[148.205s][info][gc,heap        ] GC(927) Humongous regions: 6->3
[148.205s][info][gc,metaspace   ] GC(927) Metaspace: 16770K(17472K)->16770K(17472K) NonClass: 14350K(14784K)->14350K(14784K) Class: 2419K(2688K)->2419K(2688K)
[148.205s][info][gc             ] GC(927) Pause Full (G1 Compaction Pause) 505M->483M(512M) 224.374ms
[148.205s][info][gc,cpu         ] GC(927) User=2.63s Sys=0.00s Real=0.22s
[148.238s][info][gc,start       ] GC(928) Pause Young (Concurrent Start) (G1 Evacuation Pause)
[148.238s][info][gc,task        ] GC(928) Using 12 workers of 33 for evacuation
[148.241s][info][gc,phases      ] GC(928)   Pre Evacuate Collection Set: 0.2ms
[148.241s][info][gc,phases      ] GC(928)   Merge Heap Roots: 0.0ms
[148.241s][info][gc,phases      ] GC(928)   Evacuate Collection Set: 1.7ms
[148.241s][info][gc,phases      ] GC(928)   Post Evacuate Collection Set: 0.9ms
[148.241s][info][gc,phases      ] GC(928)   Other: 0.1ms
[148.241s][info][gc,heap        ] GC(928) Eden regions: 21->0(0)
[148.241s][info][gc,heap        ] GC(928) Survivor regions: 0->0(0)
[148.241s][info][gc,heap        ] GC(928) Old regions: 488->509
[148.241s][info][gc,heap        ] GC(928) Archive regions: 0->0
[148.241s][info][gc,heap        ] GC(928) Humongous regions: 3->3
[148.241s][info][gc,metaspace   ] GC(928) Metaspace: 16770K(17472K)->16770K(17472K) NonClass: 14350K(14784K)->14350K(14784K) Class: 2419K(2688K)->2419K(2688K)
[148.241s][info][gc             ] GC(928) Pause Young (Concurrent Start) (G1 Evacuation Pause) (Evacuation Failure) 504M->504M(512M) 3.369ms
[148.241s][info][gc             ] GC(929) Concurrent Mark Cycle
[148.241s][info][gc,cpu         ] GC(928) User=0.19s Sys=0.00s Real=0.01s
[148.241s][info][gc,marking     ] GC(929) Concurrent Scan Root Regions
[148.241s][info][gc,ergo        ] Attempting full compaction
[148.241s][info][gc,marking     ] GC(929) Concurrent Scan Root Regions 0.056ms
[148.241s][info][gc,start       ] GC(930) Pause Full (G1 Compaction Pause)
[148.241s][info][gc,marking     ] GC(929) Concurrent Mark
[148.241s][info][gc,marking     ] GC(929) Concurrent Mark From Roots
[148.241s][info][gc,task        ] GC(930) Using 12 workers of 33 for full compaction
[148.241s][info][gc,task        ] GC(929) Using 8 workers of 8 for marking
[148.242s][info][gc,phases,start] GC(930) Phase 1: Mark live objects
[148.374s][info][gc,phases      ] GC(930) Phase 1: Mark live objects 131.794ms
[148.374s][info][gc,phases,start] GC(930) Phase 2: Prepare compaction
[148.390s][info][gc,phases      ] GC(930) Phase 2: Prepare compaction 15.753ms
[148.390s][info][gc,phases,start] GC(930) Phase 3: Adjust pointers
[148.410s][info][gc,phases      ] GC(930) Phase 3: Adjust pointers 19.880ms
[148.410s][info][gc,phases,start] GC(930) Phase 4: Compact heap
[148.412s][info][gc,phases      ] GC(930) Phase 4: Compact heap 2.843ms
[148.415s][info][gc,heap        ] GC(930) Eden regions: 0->0(25)
[148.415s][info][gc,heap        ] GC(930) Survivor regions: 0->0(0)
[148.415s][info][gc,heap        ] GC(930) Old regions: 509->482
[148.415s][info][gc,heap        ] GC(930) Archive regions: 0->0
[148.415s][info][gc,heap        ] GC(930) Humongous regions: 3->3
[148.415s][info][gc,metaspace   ] GC(930) Metaspace: 16770K(17472K)->16770K(17472K) NonClass: 14350K(14784K)->14350K(14784K) Class: 2419K(2688K)->2419K(2688K)
[148.415s][info][gc             ] GC(930) Pause Full (G1 Compaction Pause) 504M->481M(512M) 173.432ms
[148.415s][info][gc,cpu         ] GC(930) User=2.06s Sys=0.00s Real=0.17s
[148.415s][info][gc,marking     ] GC(929) Concurrent Mark From Roots 173.450ms
[148.415s][info][gc,marking     ] GC(929) Concurrent Mark Abort
[148.415s][info][gc             ] GC(929) Concurrent Mark Cycle 173.743ms
[148.449s][info][gc,start       ] GC(931) Pause Young (Normal) (G1 Evacuation Pause)
[148.449s][info][gc,task        ] GC(931) Using 12 workers of 33 for evacuation
[148.451s][info][gc,phases      ] GC(931)   Pre Evacuate Collection Set: 0.1ms
[148.451s][info][gc,phases      ] GC(931)   Merge Heap Roots: 0.0ms
[148.451s][info][gc,phases      ] GC(931)   Evacuate Collection Set: 1.6ms
[148.451s][info][gc,phases      ] GC(931)   Post Evacuate Collection Set: 0.5ms
[148.451s][info][gc,phases      ] GC(931)   Other: 0.1ms
[148.451s][info][gc,heap        ] GC(931) Eden regions: 25->0(0)
[148.451s][info][gc,heap        ] GC(931) Survivor regions: 0->2(2)
[148.451s][info][gc,heap        ] GC(931) Old regions: 482->507
[148.451s][info][gc,heap        ] GC(931) Archive regions: 0->0
[148.451s][info][gc,heap        ] GC(931) Humongous regions: 3->3
[148.451s][info][gc,metaspace   ] GC(931) Metaspace: 16770K(17472K)->16770K(17472K) NonClass: 14350K(14784K)->14350K(14784K) Class: 2419K(2688K)->2419K(2688K)
[148.451s][info][gc             ] GC(931) Pause Young (Normal) (G1 Evacuation Pause) (Evacuation Failure) 506M->508M(512M) 2.539ms
[148.451s][info][gc,cpu         ] GC(931) User=0.00s Sys=0.00s Real=0.00s
[148.451s][info][gc,ergo        ] Attempting full compaction
[148.451s][info][gc,start       ] GC(932) Pause Full (G1 Compaction Pause)
[148.451s][info][gc,task        ] GC(932) Using 12 workers of 33 for full compaction
[148.452s][info][gc,phases,start] GC(932) Phase 1: Mark live objects
[148.638s][info][gc,phases      ] GC(932) Phase 1: Mark live objects 186.867ms
[148.639s][info][gc,phases,start] GC(932) Phase 2: Prepare compaction
[148.654s][info][gc,phases      ] GC(932) Phase 2: Prepare compaction 15.507ms
[148.654s][info][gc,phases,start] GC(932) Phase 3: Adjust pointers
[148.674s][info][gc,phases      ] GC(932) Phase 3: Adjust pointers 19.800ms
[148.674s][info][gc,phases,start] GC(932) Phase 4: Compact heap
[148.677s][info][gc,phases      ] GC(932) Phase 4: Compact heap 2.526ms
[148.679s][info][gc,heap        ] GC(932) Eden regions: 0->0(25)
[148.679s][info][gc,heap        ] GC(932) Survivor regions: 2->0(2)
[148.679s][info][gc,heap        ] GC(932) Old regions: 507->481
[148.679s][info][gc,heap        ] GC(932) Archive regions: 0->0
[148.679s][info][gc,heap        ] GC(932) Humongous regions: 3->3
[148.679s][info][gc,metaspace   ] GC(932) Metaspace: 16770K(17472K)->16770K(17472K) NonClass: 14350K(14784K)->14350K(14784K) Class: 2419K(2688K)->2419K(2688K)
[148.679s][info][gc             ] GC(932) Pause Full (G1 Compaction Pause) 508M->478M(512M) 227.489ms
[148.679s][info][gc,cpu         ] GC(932) User=2.81s Sys=0.00s Real=0.23s
[148.719s][info][gc,start       ] GC(933) Pause Young (Concurrent Start) (G1 Evacuation Pause)
[148.719s][info][gc,task        ] GC(933) Using 12 workers of 33 for evacuation
[148.721s][info][gc,phases      ] GC(933)   Pre Evacuate Collection Set: 0.2ms
[148.721s][info][gc,phases      ] GC(933)   Merge Heap Roots: 0.0ms
[148.721s][info][gc,phases      ] GC(933)   Evacuate Collection Set: 1.7ms
[148.721s][info][gc,phases      ] GC(933)   Post Evacuate Collection Set: 0.4ms
[148.721s][info][gc,phases      ] GC(933)   Other: 0.1ms
[148.721s][info][gc,heap        ] GC(933) Eden regions: 25->0(22)
[148.721s][info][gc,heap        ] GC(933) Survivor regions: 0->3(3)
[148.721s][info][gc,heap        ] GC(933) Old regions: 481->481
[148.722s][info][gc,heap        ] GC(933) Archive regions: 0->0
[148.722s][info][gc,heap        ] GC(933) Humongous regions: 3->3
[148.722s][info][gc,metaspace   ] GC(933) Metaspace: 16770K(17472K)->16770K(17472K) NonClass: 14350K(14784K)->14350K(14784K) Class: 2419K(2688K)->2419K(2688K)
[148.722s][info][gc             ] GC(933) Pause Young (Concurrent Start) (G1 Evacuation Pause) 503M->481M(512M) 2.955ms
[148.722s][info][gc,cpu         ] GC(933) User=0.00s Sys=0.00s Real=0.00s
[148.722s][info][gc             ] GC(934) Concurrent Mark Cycle
[148.722s][info][gc,marking     ] GC(934) Concurrent Scan Root Regions
[148.736s][info][gc,marking     ] GC(934) Concurrent Scan Root Regions 14.204ms
[148.736s][info][gc,marking     ] GC(934) Concurrent Mark
[148.736s][info][gc,marking     ] GC(934) Concurrent Mark From Roots
[148.736s][info][gc,task        ] GC(934) Using 8 workers of 8 for marking
[148.766s][info][gc,start       ] GC(935) Pause Young (Normal) (G1 Evacuation Pause)
[148.766s][info][gc,task        ] GC(935) Using 12 workers of 33 for evacuation
[148.768s][info][gc,phases      ] GC(935)   Pre Evacuate Collection Set: 0.1ms
[148.768s][info][gc,phases      ] GC(935)   Merge Heap Roots: 0.0ms
[148.768s][info][gc,phases      ] GC(935)   Evacuate Collection Set: 1.5ms
[148.768s][info][gc,phases      ] GC(935)   Post Evacuate Collection Set: 0.4ms
[148.768s][info][gc,phases      ] GC(935)   Other: 0.1ms
[148.768s][info][gc,heap        ] GC(935) Eden regions: 22->0(0)
[148.768s][info][gc,heap        ] GC(935) Survivor regions: 3->2(3)
[148.768s][info][gc,heap        ] GC(935) Old regions: 481->507
[148.768s][info][gc,heap        ] GC(935) Archive regions: 0->0
[148.768s][info][gc,heap        ] GC(935) Humongous regions: 3->3
[148.768s][info][gc,metaspace   ] GC(935) Metaspace: 16770K(17472K)->16770K(17472K) NonClass: 14350K(14784K)->14350K(14784K) Class: 2419K(2688K)->2419K(2688K)
[148.768s][info][gc             ] GC(935) Pause Young (Normal) (G1 Evacuation Pause) (Evacuation Failure) 503M->506M(512M) 2.241ms
[148.768s][info][gc,cpu         ] GC(935) User=0.00s Sys=0.00s Real=0.00s
[148.768s][info][gc,ergo        ] Attempting full compaction
[148.768s][info][gc,start       ] GC(936) Pause Full (G1 Compaction Pause)
[148.768s][info][gc,task        ] GC(936) Using 12 workers of 33 for full compaction
[148.769s][info][gc,phases,start] GC(936) Phase 1: Mark live objects
[148.934s][info][gc,phases      ] GC(936) Phase 1: Mark live objects 164.672ms
[148.934s][info][gc,phases,start] GC(936) Phase 2: Prepare compaction
[148.950s][info][gc,phases      ] GC(936) Phase 2: Prepare compaction 16.502ms
[148.950s][info][gc,phases,start] GC(936) Phase 3: Adjust pointers
[148.973s][info][gc,phases      ] GC(936) Phase 3: Adjust pointers 22.789ms
[148.973s][info][gc,phases,start] GC(936) Phase 4: Compact heap
[148.978s][info][gc,phases      ] GC(936) Phase 4: Compact heap 5.143ms
[148.981s][info][gc,heap        ] GC(936) Eden regions: 0->0(25)
[148.981s][info][gc,heap        ] GC(936) Survivor regions: 2->0(3)
[148.981s][info][gc,heap        ] GC(936) Old regions: 507->474
[148.981s][info][gc,heap        ] GC(936) Archive regions: 0->0
[148.981s][info][gc,heap        ] GC(936) Humongous regions: 3->3
[148.981s][info][gc,metaspace   ] GC(936) Metaspace: 16770K(17472K)->16770K(17472K) NonClass: 14350K(14784K)->14350K(14784K) Class: 2419K(2688K)->2419K(2688K)
[148.981s][info][gc             ] GC(936) Pause Full (G1 Compaction Pause) 506M->470M(512M) 212.569ms
[148.981s][info][gc,cpu         ] GC(936) User=2.27s Sys=0.02s Real=0.22s
[148.981s][info][gc,marking     ] GC(934) Concurrent Mark From Roots 244.857ms
[148.981s][info][gc,marking     ] GC(934) Concurrent Mark Abort
[148.981s][info][gc             ] GC(934) Concurrent Mark Cycle 259.280ms
[149.022s][info][gc,start       ] GC(937) Pause Young (Normal) (G1 Evacuation Pause)
[149.022s][info][gc,task        ] GC(937) Using 12 workers of 33 for evacuation
[149.025s][info][gc,phases      ] GC(937)   Pre Evacuate Collection Set: 0.1ms
[149.025s][info][gc,phases      ] GC(937)   Merge Heap Roots: 0.0ms
[149.025s][info][gc,phases      ] GC(937)   Evacuate Collection Set: 1.8ms
[149.025s][info][gc,phases      ] GC(937)   Post Evacuate Collection Set: 0.3ms
[149.025s][info][gc,phases      ] GC(937)   Other: 0.1ms
[149.025s][info][gc,heap        ] GC(937) Eden regions: 25->0(22)
[149.025s][info][gc,heap        ] GC(937) Survivor regions: 0->3(4)
[149.025s][info][gc,heap        ] GC(937) Old regions: 474->474
[149.025s][info][gc,heap        ] GC(937) Archive regions: 0->0
[149.025s][info][gc,heap        ] GC(937) Humongous regions: 3->3
[149.025s][info][gc,metaspace   ] GC(937) Metaspace: 16770K(17472K)->16770K(17472K) NonClass: 14350K(14784K)->14350K(14784K) Class: 2419K(2688K)->2419K(2688K)
[149.025s][info][gc             ] GC(937) Pause Young (Normal) (G1 Evacuation Pause) 495M->473M(512M) 2.510ms
[149.025s][info][gc,cpu         ] GC(937) User=0.00s Sys=0.00s Real=0.00s
[149.073s][info][gc,start       ] GC(938) Pause Young (Concurrent Start) (G1 Evacuation Pause)
[149.073s][info][gc,task        ] GC(938) Using 12 workers of 33 for evacuation
[149.076s][info][gc,phases      ] GC(938)   Pre Evacuate Collection Set: 0.2ms
[149.076s][info][gc,phases      ] GC(938)   Merge Heap Roots: 0.0ms
[149.076s][info][gc,phases      ] GC(938)   Evacuate Collection Set: 2.0ms
[149.076s][info][gc,phases      ] GC(938)   Post Evacuate Collection Set: 0.3ms
[149.076s][info][gc,phases      ] GC(938)   Other: 0.1ms
[149.076s][info][gc,heap        ] GC(938) Eden regions: 22->0(22)
[149.076s][info][gc,heap        ] GC(938) Survivor regions: 3->3(4)
[149.076s][info][gc,heap        ] GC(938) Old regions: 474->475
[149.076s][info][gc,heap        ] GC(938) Archive regions: 0->0
[149.076s][info][gc,heap        ] GC(938) Humongous regions: 3->3
[149.076s][info][gc,metaspace   ] GC(938) Metaspace: 16770K(17472K)->16770K(17472K) NonClass: 14350K(14784K)->14350K(14784K) Class: 2419K(2688K)->2419K(2688K)
[149.076s][info][gc             ] GC(938) Pause Young (Concurrent Start) (G1 Evacuation Pause) 495M->474M(512M) 3.239ms
[149.076s][info][gc             ] GC(939) Concurrent Mark Cycle
[149.076s][info][gc,cpu         ] GC(938) User=0.19s Sys=0.00s Real=0.02s
[149.076s][info][gc,marking     ] GC(939) Concurrent Scan Root Regions
[149.091s][info][gc,marking     ] GC(939) Concurrent Scan Root Regions 14.237ms
[149.091s][info][gc,marking     ] GC(939) Concurrent Mark
[149.091s][info][gc,marking     ] GC(939) Concurrent Mark From Roots
[149.091s][info][gc,task        ] GC(939) Using 8 workers of 8 for marking
[149.120s][info][gc,start       ] GC(940) Pause Young (Normal) (G1 Evacuation Pause)
[149.120s][info][gc,task        ] GC(940) Using 12 workers of 33 for evacuation
[149.122s][info][gc,phases      ] GC(940)   Pre Evacuate Collection Set: 0.1ms
[149.122s][info][gc,phases      ] GC(940)   Merge Heap Roots: 0.1ms
[149.122s][info][gc,phases      ] GC(940)   Evacuate Collection Set: 1.2ms
[149.122s][info][gc,phases      ] GC(940)   Post Evacuate Collection Set: 0.3ms
[149.122s][info][gc,phases      ] GC(940)   Other: 0.1ms
[149.122s][info][gc,heap        ] GC(940) Eden regions: 22->0(22)
[149.122s][info][gc,heap        ] GC(940) Survivor regions: 3->3(4)
[149.122s][info][gc,heap        ] GC(940) Old regions: 475->476
[149.122s][info][gc,heap        ] GC(940) Archive regions: 0->0
[149.122s][info][gc,heap        ] GC(940) Humongous regions: 3->3
[149.123s][info][gc,metaspace   ] GC(940) Metaspace: 16770K(17472K)->16770K(17472K) NonClass: 14350K(14784K)->14350K(14784K) Class: 2419K(2688K)->2419K(2688K)
[149.123s][info][gc             ] GC(940) Pause Young (Normal) (G1 Evacuation Pause) 496M->474M(512M) 2.297ms
[149.123s][info][gc,cpu         ] GC(940) User=0.19s Sys=0.00s Real=0.02s
[149.169s][info][gc,start       ] GC(941) Pause Young (Normal) (G1 Evacuation Pause)
[149.169s][info][gc,task        ] GC(941) Using 12 workers of 33 for evacuation
[149.170s][info][gc,phases      ] GC(941)   Pre Evacuate Collection Set: 0.1ms
[149.170s][info][gc,phases      ] GC(941)   Merge Heap Roots: 0.0ms
[149.170s][info][gc,phases      ] GC(941)   Evacuate Collection Set: 1.2ms
[149.170s][info][gc,phases      ] GC(941)   Post Evacuate Collection Set: 0.3ms
[149.170s][info][gc,phases      ] GC(941)   Other: 0.1ms
[149.170s][info][gc,heap        ] GC(941) Eden regions: 22->0(22)
[149.170s][info][gc,heap        ] GC(941) Survivor regions: 3->3(4)
[149.170s][info][gc,heap        ] GC(941) Old regions: 476->477
[149.170s][info][gc,heap        ] GC(941) Archive regions: 0->0
[149.170s][info][gc,heap        ] GC(941) Humongous regions: 3->3
[149.170s][info][gc,metaspace   ] GC(941) Metaspace: 16770K(17472K)->16770K(17472K) NonClass: 14350K(14784K)->14350K(14784K) Class: 2419K(2688K)->2419K(2688K)
[149.170s][info][gc             ] GC(941) Pause Young (Normal) (G1 Evacuation Pause) 496M->475M(512M) 1.959ms
[149.171s][info][gc,cpu         ] GC(941) User=0.00s Sys=0.00s Real=0.00s
[149.216s][info][gc,start       ] GC(942) Pause Young (Normal) (G1 Evacuation Pause)
[149.216s][info][gc,task        ] GC(942) Using 12 workers of 33 for evacuation
[149.217s][info][gc,phases      ] GC(942)   Pre Evacuate Collection Set: 0.1ms
[149.217s][info][gc,phases      ] GC(942)   Merge Heap Roots: 0.0ms
[149.217s][info][gc,phases      ] GC(942)   Evacuate Collection Set: 1.1ms
[149.217s][info][gc,phases      ] GC(942)   Post Evacuate Collection Set: 0.2ms
[149.217s][info][gc,phases      ] GC(942)   Other: 0.1ms
[149.217s][info][gc,heap        ] GC(942) Eden regions: 22->0(22)
[149.217s][info][gc,heap        ] GC(942) Survivor regions: 3->3(4)
[149.217s][info][gc,heap        ] GC(942) Old regions: 477->477
[149.217s][info][gc,heap        ] GC(942) Archive regions: 0->0
[149.217s][info][gc,heap        ] GC(942) Humongous regions: 3->3
[149.217s][info][gc,metaspace   ] GC(942) Metaspace: 16770K(17472K)->16770K(17472K) NonClass: 14350K(14784K)->14350K(14784K) Class: 2419K(2688K)->2419K(2688K)
[149.217s][info][gc             ] GC(942) Pause Young (Normal) (G1 Evacuation Pause) 497M->476M(512M) 1.709ms
[149.218s][info][gc,cpu         ] GC(942) User=0.00s Sys=0.00s Real=0.00s
[149.256s][info][gc,marking     ] GC(939) Concurrent Mark From Roots 165.081ms
[149.256s][info][gc,marking     ] GC(939) Concurrent Preclean
[149.256s][info][gc,marking     ] GC(939) Concurrent Preclean 0.047ms
[149.256s][info][gc,start       ] GC(939) Pause Remark
[149.257s][info][gc             ] GC(939) Pause Remark 494M->494M(512M) 0.878ms
[149.257s][info][gc,cpu         ] GC(939) User=0.00s Sys=0.00s Real=0.00s
[149.257s][info][gc,marking     ] GC(939) Concurrent Mark 166.282ms
[149.257s][info][gc,marking     ] GC(939) Concurrent Rebuild Remembered Sets and Scrub Regions
[149.265s][info][gc,start       ] GC(943) Pause Young (Normal) (G1 Evacuation Pause)
[149.265s][info][gc,task        ] GC(943) Using 12 workers of 33 for evacuation
[149.267s][info][gc,phases      ] GC(943)   Pre Evacuate Collection Set: 0.1ms
[149.267s][info][gc,phases      ] GC(943)   Merge Heap Roots: 0.0ms
[149.267s][info][gc,phases      ] GC(943)   Evacuate Collection Set: 1.2ms
[149.267s][info][gc,phases      ] GC(943)   Post Evacuate Collection Set: 0.3ms
[149.267s][info][gc,phases      ] GC(943)   Other: 0.1ms
[149.267s][info][gc,heap        ] GC(943) Eden regions: 22->0(22)
[149.267s][info][gc,heap        ] GC(943) Survivor regions: 3->3(4)
[149.267s][info][gc,heap        ] GC(943) Old regions: 477->478
[149.267s][info][gc,heap        ] GC(943) Archive regions: 0->0
[149.267s][info][gc,heap        ] GC(943) Humongous regions: 3->3
[149.267s][info][gc,metaspace   ] GC(943) Metaspace: 16770K(17472K)->16770K(17472K) NonClass: 14350K(14784K)->14350K(14784K) Class: 2419K(2688K)->2419K(2688K)
[149.267s][info][gc             ] GC(943) Pause Young (Normal) (G1 Evacuation Pause) 498M->476M(512M) 2.082ms
[149.267s][info][gc,cpu         ] GC(943) User=0.00s Sys=0.00s Real=0.00s
[149.299s][info][gc,marking     ] GC(939) Concurrent Rebuild Remembered Sets and Scrub Regions 41.574ms
[149.299s][info][gc,start       ] GC(939) Pause Cleanup
[149.299s][info][gc             ] GC(939) Pause Cleanup 493M->493M(512M) 0.282ms
[149.299s][info][gc,cpu         ] GC(939) User=0.00s Sys=0.00s Real=0.00s
[149.299s][info][gc,marking     ] GC(939) Concurrent Clear Claimed Marks
[149.299s][info][gc,marking     ] GC(939) Concurrent Clear Claimed Marks 0.021ms
[149.299s][info][gc,marking     ] GC(939) Concurrent Cleanup for Next Mark
[149.299s][info][gc,marking     ] GC(939) Concurrent Cleanup for Next Mark 0.269ms
[149.299s][info][gc             ] GC(939) Concurrent Mark Cycle 223.045ms
[149.310s][info][gc,start       ] GC(944) Pause Young (Prepare Mixed) (G1 Evacuation Pause)
[149.310s][info][gc,task        ] GC(944) Using 12 workers of 33 for evacuation
[149.312s][info][gc,phases      ] GC(944)   Pre Evacuate Collection Set: 0.1ms
[149.312s][info][gc,phases      ] GC(944)   Merge Heap Roots: 0.0ms
[149.312s][info][gc,phases      ] GC(944)   Evacuate Collection Set: 1.2ms
[149.312s][info][gc,phases      ] GC(944)   Post Evacuate Collection Set: 0.3ms
[149.312s][info][gc,phases      ] GC(944)   Other: 0.1ms
[149.312s][info][gc,heap        ] GC(944) Eden regions: 22->0(22)
[149.312s][info][gc,heap        ] GC(944) Survivor regions: 3->3(4)
[149.312s][info][gc,heap        ] GC(944) Old regions: 478->478
[149.312s][info][gc,heap        ] GC(944) Archive regions: 0->0
[149.312s][info][gc,heap        ] GC(944) Humongous regions: 3->3
[149.312s][info][gc,metaspace   ] GC(944) Metaspace: 16770K(17472K)->16770K(17472K) NonClass: 14350K(14784K)->14350K(14784K) Class: 2419K(2688K)->2419K(2688K)
[149.312s][info][gc             ] GC(944) Pause Young (Prepare Mixed) (G1 Evacuation Pause) 498M->476M(512M) 2.167ms
[149.312s][info][gc,cpu         ] GC(944) User=0.00s Sys=0.00s Real=0.00s
[149.350s][info][gc,start       ] GC(945) Pause Young (Mixed) (G1 Evacuation Pause)
[149.350s][info][gc,task        ] GC(945) Using 12 workers of 33 for evacuation
[149.353s][info][gc,phases      ] GC(945)   Pre Evacuate Collection Set: 0.1ms
[149.353s][info][gc,phases      ] GC(945)   Merge Heap Roots: 0.1ms
[149.353s][info][gc,phases      ] GC(945)   Evacuate Collection Set: 2.6ms
[149.353s][info][gc,phases      ] GC(945)   Post Evacuate Collection Set: 0.3ms
[149.353s][info][gc,phases      ] GC(945)   Other: 0.1ms
[149.353s][info][gc,heap        ] GC(945) Eden regions: 22->0(22)
[149.353s][info][gc,heap        ] GC(945) Survivor regions: 3->3(4)
[149.353s][info][gc,heap        ] GC(945) Old regions: 478->476
[149.353s][info][gc,heap        ] GC(945) Archive regions: 0->0
[149.353s][info][gc,heap        ] GC(945) Humongous regions: 3->3
[149.353s][info][gc,metaspace   ] GC(945) Metaspace: 16770K(17472K)->16770K(17472K) NonClass: 14350K(14784K)->14350K(14784K) Class: 2419K(2688K)->2419K(2688K)
[149.353s][info][gc             ] GC(945) Pause Young (Mixed) (G1 Evacuation Pause) 498M->477M(512M) 3.673ms
[149.353s][info][gc,cpu         ] GC(945) User=0.00s Sys=0.00s Real=0.00s
[149.390s][info][gc,start       ] GC(946) Pause Young (Concurrent Start) (G1 Evacuation Pause)
[149.390s][info][gc,task        ] GC(946) Using 12 workers of 33 for evacuation
[149.392s][info][gc,phases      ] GC(946)   Pre Evacuate Collection Set: 0.2ms
[149.392s][info][gc,phases      ] GC(946)   Merge Heap Roots: 0.0ms
[149.392s][info][gc,phases      ] GC(946)   Evacuate Collection Set: 1.7ms
[149.392s][info][gc,phases      ] GC(946)   Post Evacuate Collection Set: 0.3ms
[149.392s][info][gc,phases      ] GC(946)   Other: 0.1ms
[149.392s][info][gc,heap        ] GC(946) Eden regions: 22->0(22)
[149.392s][info][gc,heap        ] GC(946) Survivor regions: 3->3(4)
[149.392s][info][gc,heap        ] GC(946) Old regions: 476->476
[149.392s][info][gc,heap        ] GC(946) Archive regions: 0->0
[149.392s][info][gc,heap        ] GC(946) Humongous regions: 3->3
[149.392s][info][gc,metaspace   ] GC(946) Metaspace: 16770K(17472K)->16770K(17472K) NonClass: 14350K(14784K)->14350K(14784K) Class: 2419K(2688K)->2419K(2688K)
[149.392s][info][gc             ] GC(946) Pause Young (Concurrent Start) (G1 Evacuation Pause) 499M->477M(512M) 2.955ms
[149.393s][info][gc             ] GC(947) Concurrent Mark Cycle
[149.393s][info][gc,cpu         ] GC(946) User=0.00s Sys=0.00s Real=0.00s
[149.393s][info][gc,marking     ] GC(947) Concurrent Scan Root Regions
[149.404s][info][gc,marking     ] GC(947) Concurrent Scan Root Regions 11.640ms
[149.404s][info][gc,marking     ] GC(947) Concurrent Mark
[149.404s][info][gc,marking     ] GC(947) Concurrent Mark From Roots
[149.404s][info][gc,task        ] GC(947) Using 8 workers of 8 for marking
[149.436s][info][gc,start       ] GC(948) Pause Young (Normal) (G1 Evacuation Pause)
[149.436s][info][gc,task        ] GC(948) Using 12 workers of 33 for evacuation
[149.437s][info][gc,phases      ] GC(948)   Pre Evacuate Collection Set: 0.1ms
[149.437s][info][gc,phases      ] GC(948)   Merge Heap Roots: 0.0ms
[149.437s][info][gc,phases      ] GC(948)   Evacuate Collection Set: 1.2ms
[149.437s][info][gc,phases      ] GC(948)   Post Evacuate Collection Set: 0.2ms
[149.437s][info][gc,phases      ] GC(948)   Other: 0.1ms
[149.438s][info][gc,heap        ] GC(948) Eden regions: 22->0(22)
[149.438s][info][gc,heap        ] GC(948) Survivor regions: 3->3(4)
[149.438s][info][gc,heap        ] GC(948) Old regions: 476->476
[149.438s][info][gc,heap        ] GC(948) Archive regions: 0->0
[149.438s][info][gc,heap        ] GC(948) Humongous regions: 3->3
[149.438s][info][gc,metaspace   ] GC(948) Metaspace: 16770K(17472K)->16770K(17472K) NonClass: 14350K(14784K)->14350K(14784K) Class: 2419K(2688K)->2419K(2688K)
[149.438s][info][gc             ] GC(948) Pause Young (Normal) (G1 Evacuation Pause) 499M->477M(512M) 2.117ms
[149.438s][info][gc,cpu         ] GC(948) User=0.00s Sys=0.00s Real=0.00s
[149.496s][info][gc,start       ] GC(949) Pause Young (Normal) (G1 Evacuation Pause)
[149.496s][info][gc,task        ] GC(949) Using 12 workers of 33 for evacuation
[149.498s][info][gc,phases      ] GC(949)   Pre Evacuate Collection Set: 0.1ms
[149.498s][info][gc,phases      ] GC(949)   Merge Heap Roots: 0.0ms
[149.498s][info][gc,phases      ] GC(949)   Evacuate Collection Set: 1.1ms
[149.498s][info][gc,phases      ] GC(949)   Post Evacuate Collection Set: 0.2ms
[149.498s][info][gc,phases      ] GC(949)   Other: 0.1ms
[149.498s][info][gc,heap        ] GC(949) Eden regions: 22->0(22)
[149.498s][info][gc,heap        ] GC(949) Survivor regions: 3->3(4)
[149.498s][info][gc,heap        ] GC(949) Old regions: 476->477
[149.498s][info][gc,heap        ] GC(949) Archive regions: 0->0
[149.498s][info][gc,heap        ] GC(949) Humongous regions: 3->3
[149.498s][info][gc,metaspace   ] GC(949) Metaspace: 16770K(17472K)->16770K(17472K) NonClass: 14350K(14784K)->14350K(14784K) Class: 2419K(2688K)->2419K(2688K)
[149.498s][info][gc             ] GC(949) Pause Young (Normal) (G1 Evacuation Pause) 499M->478M(512M) 1.696ms
[149.498s][info][gc,cpu         ] GC(949) User=0.00s Sys=0.00s Real=0.00s
[149.542s][info][gc,marking     ] GC(947) Concurrent Mark From Roots 137.924ms
[149.542s][info][gc,marking     ] GC(947) Concurrent Preclean
[149.542s][info][gc,marking     ] GC(947) Concurrent Preclean 0.049ms
[149.542s][info][gc,start       ] GC(947) Pause Remark
[149.544s][info][gc             ] GC(947) Pause Remark 494M->494M(512M) 1.071ms
[149.544s][info][gc,cpu         ] GC(947) User=0.00s Sys=0.00s Real=0.00s
[149.544s][info][gc,marking     ] GC(947) Concurrent Mark 139.350ms
[149.544s][info][gc,marking     ] GC(947) Concurrent Rebuild Remembered Sets and Scrub Regions
[149.555s][info][gc,start       ] GC(950) Pause Young (Normal) (G1 Evacuation Pause)
[149.555s][info][gc,task        ] GC(950) Using 12 workers of 33 for evacuation
[149.557s][info][gc,phases      ] GC(950)   Pre Evacuate Collection Set: 0.1ms
[149.557s][info][gc,phases      ] GC(950)   Merge Heap Roots: 0.0ms
[149.557s][info][gc,phases      ] GC(950)   Evacuate Collection Set: 1.0ms
[149.557s][info][gc,phases      ] GC(950)   Post Evacuate Collection Set: 0.3ms
[149.557s][info][gc,phases      ] GC(950)   Other: 0.1ms
[149.557s][info][gc,heap        ] GC(950) Eden regions: 22->0(22)
[149.557s][info][gc,heap        ] GC(950) Survivor regions: 3->3(4)
[149.557s][info][gc,heap        ] GC(950) Old regions: 477->477
[149.557s][info][gc,heap        ] GC(950) Archive regions: 0->0
[149.557s][info][gc,heap        ] GC(950) Humongous regions: 3->3
[149.557s][info][gc,metaspace   ] GC(950) Metaspace: 16770K(17472K)->16770K(17472K) NonClass: 14350K(14784K)->14350K(14784K) Class: 2419K(2688K)->2419K(2688K)
[149.557s][info][gc             ] GC(950) Pause Young (Normal) (G1 Evacuation Pause) 500M->478M(512M) 1.982ms
[149.557s][info][gc,cpu         ] GC(950) User=0.00s Sys=0.00s Real=0.00s
[149.589s][info][gc,marking     ] GC(947) Concurrent Rebuild Remembered Sets and Scrub Regions 44.890ms
[149.589s][info][gc,start       ] GC(947) Pause Cleanup
[149.589s][info][gc             ] GC(947) Pause Cleanup 494M->494M(512M) 0.539ms
[149.589s][info][gc,cpu         ] GC(947) User=0.00s Sys=0.00s Real=0.00s
[149.589s][info][gc,marking     ] GC(947) Concurrent Clear Claimed Marks
[149.589s][info][gc,marking     ] GC(947) Concurrent Clear Claimed Marks 0.021ms
[149.589s][info][gc,marking     ] GC(947) Concurrent Cleanup for Next Mark
[149.590s][info][gc,marking     ] GC(947) Concurrent Cleanup for Next Mark 0.278ms
[149.590s][info][gc             ] GC(947) Concurrent Mark Cycle 197.119ms
[149.600s][info][gc,start       ] GC(951) Pause Young (Prepare Mixed) (G1 Evacuation Pause)
[149.600s][info][gc,task        ] GC(951) Using 12 workers of 33 for evacuation
[149.602s][info][gc,phases      ] GC(951)   Pre Evacuate Collection Set: 0.1ms
[149.602s][info][gc,phases      ] GC(951)   Merge Heap Roots: 0.0ms
[149.602s][info][gc,phases      ] GC(951)   Evacuate Collection Set: 1.0ms
[149.602s][info][gc,phases      ] GC(951)   Post Evacuate Collection Set: 0.3ms
[149.602s][info][gc,phases      ] GC(951)   Other: 0.1ms
[149.602s][info][gc,heap        ] GC(951) Eden regions: 22->0(22)
[149.602s][info][gc,heap        ] GC(951) Survivor regions: 3->3(4)
[149.602s][info][gc,heap        ] GC(951) Old regions: 477->477
[149.602s][info][gc,heap        ] GC(951) Archive regions: 0->0
[149.602s][info][gc,heap        ] GC(951) Humongous regions: 3->3
[149.602s][info][gc,metaspace   ] GC(951) Metaspace: 16770K(17472K)->16770K(17472K) NonClass: 14350K(14784K)->14350K(14784K) Class: 2419K(2688K)->2419K(2688K)
[149.602s][info][gc             ] GC(951) Pause Young (Prepare Mixed) (G1 Evacuation Pause) 500M->478M(512M) 1.970ms
[149.602s][info][gc,cpu         ] GC(951) User=0.00s Sys=0.00s Real=0.00s
[149.635s][info][gc,start       ] GC(952) Pause Young (Mixed) (G1 Evacuation Pause)
[149.635s][info][gc,task        ] GC(952) Using 12 workers of 33 for evacuation
[149.639s][info][gc,phases      ] GC(952)   Pre Evacuate Collection Set: 0.1ms
[149.639s][info][gc,phases      ] GC(952)   Merge Heap Roots: 0.1ms
[149.639s][info][gc,phases      ] GC(952)   Evacuate Collection Set: 3.0ms
[149.639s][info][gc,phases      ] GC(952)   Post Evacuate Collection Set: 0.3ms
[149.639s][info][gc,phases      ] GC(952)   Other: 0.1ms
[149.639s][info][gc,heap        ] GC(952) Eden regions: 22->0(22)
[149.639s][info][gc,heap        ] GC(952) Survivor regions: 3->3(4)
[149.639s][info][gc,heap        ] GC(952) Old regions: 477->466
[149.639s][info][gc,heap        ] GC(952) Archive regions: 0->0
[149.639s][info][gc,heap        ] GC(952) Humongous regions: 3->3
[149.639s][info][gc,metaspace   ] GC(952) Metaspace: 16770K(17472K)->16770K(17472K) NonClass: 14350K(14784K)->14350K(14784K) Class: 2419K(2688K)->2419K(2688K)
[149.639s][info][gc             ] GC(952) Pause Young (Mixed) (G1 Evacuation Pause) 500M->468M(512M) 4.138ms
[149.639s][info][gc,cpu         ] GC(952) User=0.00s Sys=0.00s Real=0.00s
[149.673s][info][gc,start       ] GC(953) Pause Young (Concurrent Start) (G1 Evacuation Pause)
[149.673s][info][gc,task        ] GC(953) Using 12 workers of 33 for evacuation
[149.675s][info][gc,phases      ] GC(953)   Pre Evacuate Collection Set: 0.2ms
[149.675s][info][gc,phases      ] GC(953)   Merge Heap Roots: 0.0ms
[149.675s][info][gc,phases      ] GC(953)   Evacuate Collection Set: 1.4ms
[149.675s][info][gc,phases      ] GC(953)   Post Evacuate Collection Set: 0.4ms
[149.675s][info][gc,phases      ] GC(953)   Other: 0.1ms
[149.675s][info][gc,heap        ] GC(953) Eden regions: 22->0(22)
[149.675s][info][gc,heap        ] GC(953) Survivor regions: 3->3(4)
[149.675s][info][gc,heap        ] GC(953) Old regions: 466->466
[149.676s][info][gc,heap        ] GC(953) Archive regions: 0->0
[149.676s][info][gc,heap        ] GC(953) Humongous regions: 3->3
[149.676s][info][gc,metaspace   ] GC(953) Metaspace: 16770K(17472K)->16770K(17472K) NonClass: 14350K(14784K)->14350K(14784K) Class: 2419K(2688K)->2419K(2688K)
[149.676s][info][gc             ] GC(953) Pause Young (Concurrent Start) (G1 Evacuation Pause) 490M->468M(512M) 2.597ms
[149.676s][info][gc             ] GC(954) Concurrent Mark Cycle
[149.676s][info][gc,cpu         ] GC(953) User=0.03s Sys=0.00s Real=0.02s
[149.676s][info][gc,marking     ] GC(954) Concurrent Scan Root Regions
[149.685s][info][gc,marking     ] GC(954) Concurrent Scan Root Regions 9.072ms
[149.685s][info][gc,marking     ] GC(954) Concurrent Mark
[149.685s][info][gc,marking     ] GC(954) Concurrent Mark From Roots
[149.685s][info][gc,task        ] GC(954) Using 8 workers of 8 for marking
[149.717s][info][gc,start       ] GC(955) Pause Young (Normal) (G1 Evacuation Pause)
[149.717s][info][gc,task        ] GC(955) Using 12 workers of 33 for evacuation
[149.718s][info][gc,phases      ] GC(955)   Pre Evacuate Collection Set: 0.1ms
[149.719s][info][gc,phases      ] GC(955)   Merge Heap Roots: 0.0ms
[149.719s][info][gc,phases      ] GC(955)   Evacuate Collection Set: 0.9ms
[149.719s][info][gc,phases      ] GC(955)   Post Evacuate Collection Set: 0.2ms
[149.719s][info][gc,phases      ] GC(955)   Other: 0.1ms
[149.719s][info][gc,heap        ] GC(955) Eden regions: 22->0(22)
[149.719s][info][gc,heap        ] GC(955) Survivor regions: 3->3(4)
[149.719s][info][gc,heap        ] GC(955) Old regions: 466->466
[149.719s][info][gc,heap        ] GC(955) Archive regions: 0->0
[149.719s][info][gc,heap        ] GC(955) Humongous regions: 3->3
[149.719s][info][gc,metaspace   ] GC(955) Metaspace: 16770K(17472K)->16770K(17472K) NonClass: 14350K(14784K)->14350K(14784K) Class: 2419K(2688K)->2419K(2688K)
[149.719s][info][gc             ] GC(955) Pause Young (Normal) (G1 Evacuation Pause) 490M->468M(512M) 1.576ms
[149.719s][info][gc,cpu         ] GC(955) User=0.00s Sys=0.00s Real=0.00s
[149.775s][info][gc,start       ] GC(956) Pause Young (Normal) (G1 Evacuation Pause)
[149.775s][info][gc,task        ] GC(956) Using 12 workers of 33 for evacuation
[149.776s][info][gc,phases      ] GC(956)   Pre Evacuate Collection Set: 0.1ms
[149.776s][info][gc,phases      ] GC(956)   Merge Heap Roots: 0.0ms
[149.776s][info][gc,phases      ] GC(956)   Evacuate Collection Set: 0.8ms
[149.777s][info][gc,phases      ] GC(956)   Post Evacuate Collection Set: 0.3ms
[149.777s][info][gc,phases      ] GC(956)   Other: 0.1ms
[149.777s][info][gc,heap        ] GC(956) Eden regions: 22->0(23)
[149.777s][info][gc,heap        ] GC(956) Survivor regions: 3->2(4)
[149.777s][info][gc,heap        ] GC(956) Old regions: 466->466
[149.777s][info][gc,heap        ] GC(956) Archive regions: 0->0
[149.777s][info][gc,heap        ] GC(956) Humongous regions: 3->3
[149.777s][info][gc,metaspace   ] GC(956) Metaspace: 16770K(17472K)->16770K(17472K) NonClass: 14350K(14784K)->14350K(14784K) Class: 2419K(2688K)->2419K(2688K)
[149.777s][info][gc             ] GC(956) Pause Young (Normal) (G1 Evacuation Pause) 490M->468M(512M) 1.784ms
[149.777s][info][gc,cpu         ] GC(956) User=0.00s Sys=0.00s Real=0.00s
[149.814s][info][gc,marking     ] GC(954) Concurrent Mark From Roots 128.752ms
[149.814s][info][gc,marking     ] GC(954) Concurrent Preclean
[149.814s][info][gc,marking     ] GC(954) Concurrent Preclean 0.049ms
[149.814s][info][gc,start       ] GC(954) Pause Remark
[149.815s][info][gc             ] GC(954) Pause Remark 487M->487M(512M) 0.968ms
[149.815s][info][gc,cpu         ] GC(954) User=0.00s Sys=0.00s Real=0.00s
[149.815s][info][gc,marking     ] GC(954) Concurrent Mark 130.061ms
[149.815s][info][gc,marking     ] GC(954) Concurrent Rebuild Remembered Sets and Scrub Regions
[149.824s][info][gc,start       ] GC(957) Pause Young (Normal) (G1 Evacuation Pause)
[149.824s][info][gc,task        ] GC(957) Using 12 workers of 33 for evacuation
[149.825s][info][gc,phases      ] GC(957)   Pre Evacuate Collection Set: 0.1ms
[149.825s][info][gc,phases      ] GC(957)   Merge Heap Roots: 0.0ms
[149.825s][info][gc,phases      ] GC(957)   Evacuate Collection Set: 0.7ms
[149.825s][info][gc,phases      ] GC(957)   Post Evacuate Collection Set: 0.2ms
[149.825s][info][gc,phases      ] GC(957)   Other: 0.1ms
[149.825s][info][gc,heap        ] GC(957) Eden regions: 23->0(23)
[149.825s][info][gc,heap        ] GC(957) Survivor regions: 2->2(4)
[149.825s][info][gc,heap        ] GC(957) Old regions: 466->466
[149.825s][info][gc,heap        ] GC(957) Archive regions: 0->0
[149.825s][info][gc,heap        ] GC(957) Humongous regions: 3->3
[149.825s][info][gc,metaspace   ] GC(957) Metaspace: 16770K(17472K)->16770K(17472K) NonClass: 14350K(14784K)->14350K(14784K) Class: 2419K(2688K)->2419K(2688K)
[149.825s][info][gc             ] GC(957) Pause Young (Normal) (G1 Evacuation Pause) 491M->468M(512M) 1.599ms
[149.825s][info][gc,cpu         ] GC(957) User=0.00s Sys=0.00s Real=0.00s
[149.853s][info][gc,marking     ] GC(954) Concurrent Rebuild Remembered Sets and Scrub Regions 37.937ms
[149.853s][info][gc,start       ] GC(954) Pause Cleanup
[149.854s][info][gc             ] GC(954) Pause Cleanup 483M->483M(512M) 0.611ms
[149.854s][info][gc,cpu         ] GC(954) User=0.00s Sys=0.00s Real=0.00s
[149.854s][info][gc,marking     ] GC(954) Concurrent Clear Claimed Marks
[149.854s][info][gc,marking     ] GC(954) Concurrent Clear Claimed Marks 0.020ms
[149.854s][info][gc,marking     ] GC(954) Concurrent Cleanup for Next Mark
[149.854s][info][gc,marking     ] GC(954) Concurrent Cleanup for Next Mark 0.276ms
[149.854s][info][gc             ] GC(954) Concurrent Mark Cycle 178.354ms
[149.867s][info][gc,start       ] GC(958) Pause Young (Prepare Mixed) (G1 Evacuation Pause)
[149.867s][info][gc,task        ] GC(958) Using 12 workers of 33 for evacuation
[149.868s][info][gc,phases      ] GC(958)   Pre Evacuate Collection Set: 0.1ms
[149.868s][info][gc,phases      ] GC(958)   Merge Heap Roots: 0.0ms
[149.869s][info][gc,phases      ] GC(958)   Evacuate Collection Set: 0.6ms
[149.869s][info][gc,phases      ] GC(958)   Post Evacuate Collection Set: 0.3ms
[149.869s][info][gc,phases      ] GC(958)   Other: 0.1ms
[149.869s][info][gc,heap        ] GC(958) Eden regions: 23->0(24)
[149.869s][info][gc,heap        ] GC(958) Survivor regions: 2->1(4)
[149.869s][info][gc,heap        ] GC(958) Old regions: 466->466
[149.869s][info][gc,heap        ] GC(958) Archive regions: 0->0
[149.869s][info][gc,heap        ] GC(958) Humongous regions: 3->3
[149.869s][info][gc,metaspace   ] GC(958) Metaspace: 16770K(17472K)->16770K(17472K) NonClass: 14350K(14784K)->14350K(14784K) Class: 2419K(2688K)->2419K(2688K)
[149.869s][info][gc             ] GC(958) Pause Young (Prepare Mixed) (G1 Evacuation Pause) 491M->467M(512M) 1.520ms
[149.869s][info][gc,cpu         ] GC(958) User=0.00s Sys=0.00s Real=0.00s
[149.905s][info][gc,start       ] GC(959) Pause Young (Mixed) (G1 Evacuation Pause)
[149.906s][info][gc,task        ] GC(959) Using 12 workers of 33 for evacuation
[149.912s][info][gc,phases      ] GC(959)   Pre Evacuate Collection Set: 0.1ms
[149.912s][info][gc,phases      ] GC(959)   Merge Heap Roots: 0.2ms
[149.912s][info][gc,phases      ] GC(959)   Evacuate Collection Set: 6.1ms
[149.912s][info][gc,phases      ] GC(959)   Post Evacuate Collection Set: 0.4ms
[149.913s][info][gc,phases      ] GC(959)   Other: 0.1ms
[149.913s][info][gc,heap        ] GC(959) Eden regions: 24->0(40)
[149.913s][info][gc,heap        ] GC(959) Survivor regions: 1->1(4)
[149.913s][info][gc,heap        ] GC(959) Old regions: 466->440
[149.913s][info][gc,heap        ] GC(959) Archive regions: 0->0
[149.913s][info][gc,heap        ] GC(959) Humongous regions: 3->3
[149.913s][info][gc,metaspace   ] GC(959) Metaspace: 16770K(17472K)->16770K(17472K) NonClass: 14350K(14784K)->14350K(14784K) Class: 2419K(2688K)->2419K(2688K)
[149.913s][info][gc             ] GC(959) Pause Young (Mixed) (G1 Evacuation Pause) 491M->442M(512M) 7.321ms
[149.913s][info][gc,cpu         ] GC(959) User=0.00s Sys=0.00s Real=0.00s
[150.731s][info][gc,start       ] GC(960) Pause Young (Concurrent Start) (G1 Evacuation Pause)
[150.731s][info][gc,task        ] GC(960) Using 12 workers of 33 for evacuation
[150.733s][info][gc,phases      ] GC(960)   Pre Evacuate Collection Set: 0.2ms
[150.733s][info][gc,phases      ] GC(960)   Merge Heap Roots: 0.1ms
[150.733s][info][gc,phases      ] GC(960)   Evacuate Collection Set: 1.1ms
[150.733s][info][gc,phases      ] GC(960)   Post Evacuate Collection Set: 0.5ms
[150.733s][info][gc,phases      ] GC(960)   Other: 0.1ms
[150.733s][info][gc,heap        ] GC(960) Eden regions: 40->0(36)
[150.733s][info][gc,heap        ] GC(960) Survivor regions: 1->3(6)
[150.733s][info][gc,heap        ] GC(960) Old regions: 440->440
[150.733s][info][gc,heap        ] GC(960) Archive regions: 0->0
[150.733s][info][gc,heap        ] GC(960) Humongous regions: 3->3
[150.734s][info][gc,metaspace   ] GC(960) Metaspace: 16861K(17472K)->16861K(17472K) NonClass: 14418K(14784K)->14418K(14784K) Class: 2443K(2688K)->2443K(2688K)
[150.734s][info][gc             ] GC(960) Pause Young (Concurrent Start) (G1 Evacuation Pause) 482M->444M(512M) 2.626ms
[150.734s][info][gc             ] GC(961) Concurrent Mark Cycle
[150.734s][info][gc,cpu         ] GC(960) User=0.00s Sys=0.00s Real=0.00s
[150.734s][info][gc,marking     ] GC(961) Concurrent Scan Root Regions
[150.736s][info][gc,marking     ] GC(961) Concurrent Scan Root Regions 1.910ms
[150.736s][info][gc,marking     ] GC(961) Concurrent Mark
[150.736s][info][gc,marking     ] GC(961) Concurrent Mark From Roots
[150.736s][info][gc,task        ] GC(961) Using 8 workers of 8 for marking
[150.748s][info][gc,marking     ] GC(961) Concurrent Mark From Roots 12.303ms
[150.748s][info][gc,marking     ] GC(961) Concurrent Preclean
[150.748s][info][gc,marking     ] GC(961) Concurrent Preclean 0.066ms
[150.748s][info][gc,start       ] GC(961) Pause Remark
[150.750s][info][gc             ] GC(961) Pause Remark 445M->55M(190M) 1.246ms
[150.750s][info][gc,cpu         ] GC(961) User=0.00s Sys=0.00s Real=0.00s
[150.750s][info][gc,marking     ] GC(961) Concurrent Mark 13.958ms
[150.750s][info][gc,marking     ] GC(961) Concurrent Rebuild Remembered Sets and Scrub Regions
[150.753s][info][gc,marking     ] GC(961) Concurrent Rebuild Remembered Sets and Scrub Regions 2.928ms
[150.753s][info][gc,start       ] GC(961) Pause Cleanup
[150.753s][info][gc             ] GC(961) Pause Cleanup 55M->55M(190M) 0.240ms
[150.753s][info][gc,cpu         ] GC(961) User=0.00s Sys=0.00s Real=0.00s
[150.753s][info][gc,marking     ] GC(961) Concurrent Clear Claimed Marks
[150.753s][info][gc,marking     ] GC(961) Concurrent Clear Claimed Marks 0.043ms
[150.753s][info][gc,marking     ] GC(961) Concurrent Cleanup for Next Mark
[150.753s][info][gc,marking     ] GC(961) Concurrent Cleanup for Next Mark 0.220ms
[150.753s][info][gc             ] GC(961) Concurrent Mark Cycle 19.746ms
[151.697s][info][gc,start       ] GC(962) Pause Full (System.gc())
[151.698s][info][gc,task        ] GC(962) Using 8 workers of 33 for full compaction
[151.698s][info][gc,phases,start] GC(962) Phase 1: Mark live objects
[151.715s][info][gc,phases      ] GC(962) Phase 1: Mark live objects 16.550ms
[151.715s][info][gc,phases,start] GC(962) Phase 2: Prepare compaction
[151.716s][info][gc,phases      ] GC(962) Phase 2: Prepare compaction 1.448ms
[151.716s][info][gc,phases,start] GC(962) Phase 3: Adjust pointers
[151.719s][info][gc,phases      ] GC(962) Phase 3: Adjust pointers 2.662ms
[151.719s][info][gc,phases,start] GC(962) Phase 4: Compact heap
[151.720s][info][gc,phases      ] GC(962) Phase 4: Compact heap 0.832ms
[151.723s][info][gc,heap        ] GC(962) Eden regions: 51->0(64)
[151.723s][info][gc,heap        ] GC(962) Survivor regions: 3->0(6)
[151.723s][info][gc,heap        ] GC(962) Old regions: 53->32
[151.723s][info][gc,heap        ] GC(962) Archive regions: 0->0
[151.723s][info][gc,heap        ] GC(962) Humongous regions: 0->0
[151.723s][info][gc,metaspace   ] GC(962) Metaspace: 16863K(17472K)->16780K(17472K) NonClass: 14420K(14784K)->14360K(14784K) Class: 2443K(2688K)->2419K(2688K)
[151.723s][info][gc             ] GC(962) Pause Full (System.gc()) 105M->27M(107M) 25.861ms
[151.723s][info][gc,cpu         ] GC(962) User=0.14s Sys=0.02s Real=0.03s
[154.573s][info][gc,start       ] GC(963) Pause Young (Concurrent Start) (G1 Evacuation Pause)
[154.574s][info][gc,task        ] GC(963) Using 5 workers of 33 for evacuation
[154.655s][info][gc,phases      ] GC(963)   Pre Evacuate Collection Set: 0.3ms
[154.655s][info][gc,phases      ] GC(963)   Merge Heap Roots: 0.1ms
[154.655s][info][gc,phases      ] GC(963)   Evacuate Collection Set: 80.3ms
[154.656s][info][gc,phases      ] GC(963)   Post Evacuate Collection Set: 1.1ms
[154.656s][info][gc,phases      ] GC(963)   Other: 0.2ms
[154.656s][info][gc,heap        ] GC(963) Eden regions: 64->0(32)
[154.656s][info][gc,heap        ] GC(963) Survivor regions: 0->8(8)
[154.656s][info][gc,heap        ] GC(963) Old regions: 32->50
[154.656s][info][gc,heap        ] GC(963) Archive regions: 0->0
[154.656s][info][gc,heap        ] GC(963) Humongous regions: 0->0
[154.656s][info][gc,metaspace   ] GC(963) Metaspace: 16784K(17472K)->16784K(17472K) NonClass: 14363K(14784K)->14363K(14784K) Class: 2420K(2688K)->2420K(2688K)
[154.656s][info][gc             ] GC(963) Pause Young (Concurrent Start) (G1 Evacuation Pause) 91M->53M(122M) 82.384ms
[154.656s][info][gc             ] GC(964) Concurrent Mark Cycle
[154.656s][info][gc,cpu         ] GC(963) User=0.39s Sys=0.00s Real=0.07s
[154.656s][info][gc,marking     ] GC(964) Concurrent Scan Root Regions
[154.664s][info][gc,marking     ] GC(964) Concurrent Scan Root Regions 8.170ms
[154.664s][info][gc,marking     ] GC(964) Concurrent Mark
[154.664s][info][gc,marking     ] GC(964) Concurrent Mark From Roots
[154.664s][info][gc,task        ] GC(964) Using 8 workers of 8 for marking
[154.673s][info][gc,marking     ] GC(964) Concurrent Mark From Roots 8.893ms
[154.673s][info][gc,marking     ] GC(964) Concurrent Preclean
[154.673s][info][gc,marking     ] GC(964) Concurrent Preclean 0.024ms
[154.673s][info][gc,start       ] GC(964) Pause Remark
[154.674s][info][gc             ] GC(964) Pause Remark 53M->53M(122M) 1.119ms
[154.674s][info][gc,cpu         ] GC(964) User=0.00s Sys=0.00s Real=0.00s
[154.674s][info][gc,marking     ] GC(964) Concurrent Mark 10.276ms
[154.674s][info][gc,marking     ] GC(964) Concurrent Rebuild Remembered Sets and Scrub Regions
[154.690s][info][gc,marking     ] GC(964) Concurrent Rebuild Remembered Sets and Scrub Regions 15.959ms
[154.690s][info][gc,start       ] GC(964) Pause Cleanup
[154.691s][info][gc             ] GC(964) Pause Cleanup 54M->54M(122M) 0.164ms
[154.691s][info][gc,cpu         ] GC(964) User=0.00s Sys=0.00s Real=0.00s
[154.691s][info][gc,marking     ] GC(964) Concurrent Clear Claimed Marks
[154.691s][info][gc,marking     ] GC(964) Concurrent Clear Claimed Marks 0.027ms
[154.691s][info][gc,marking     ] GC(964) Concurrent Cleanup for Next Mark
[154.691s][info][gc,marking     ] GC(964) Concurrent Cleanup for Next Mark 0.225ms
[154.691s][info][gc             ] GC(964) Concurrent Mark Cycle 35.173ms
[155.325s][info][gc,start       ] GC(965) Pause Young (Prepare Mixed) (G1 Evacuation Pause)
[155.325s][info][gc,task        ] GC(965) Using 3 workers of 33 for evacuation
[155.348s][info][gc,phases      ] GC(965)   Pre Evacuate Collection Set: 0.1ms
[155.348s][info][gc,phases      ] GC(965)   Merge Heap Roots: 1.5ms
[155.348s][info][gc,phases      ] GC(965)   Evacuate Collection Set: 20.7ms
[155.348s][info][gc,phases      ] GC(965)   Post Evacuate Collection Set: 0.5ms
[155.348s][info][gc,phases      ] GC(965)   Other: 0.1ms
[155.348s][info][gc,heap        ] GC(965) Eden regions: 32->0(30)
[155.348s][info][gc,heap        ] GC(965) Survivor regions: 8->5(5)
[155.348s][info][gc,heap        ] GC(965) Old regions: 50->59
[155.349s][info][gc,heap        ] GC(965) Archive regions: 0->0
[155.349s][info][gc,heap        ] GC(965) Humongous regions: 0->0
[155.349s][info][gc,metaspace   ] GC(965) Metaspace: 16784K(17472K)->16784K(17472K) NonClass: 14363K(14784K)->14363K(14784K) Class: 2420K(2688K)->2420K(2688K)
[155.349s][info][gc             ] GC(965) Pause Young (Prepare Mixed) (G1 Evacuation Pause) 85M->59M(122M) 23.515ms
[155.349s][info][gc,cpu         ] GC(965) User=0.09s Sys=0.00s Real=0.03s
[155.355s][info][gc,start       ] GC(966) Pause Young (Mixed) (G1 Evacuation Pause)
[155.355s][info][gc,task        ] GC(966) Using 2 workers of 33 for evacuation
[155.362s][info][gc,phases      ] GC(966)   Pre Evacuate Collection Set: 0.1ms
[155.362s][info][gc,phases      ] GC(966)   Merge Heap Roots: 0.1ms
[155.362s][info][gc,phases      ] GC(966)   Evacuate Collection Set: 6.1ms
[155.362s][info][gc,phases      ] GC(966)   Post Evacuate Collection Set: 0.5ms
[155.362s][info][gc,phases      ] GC(966)   Other: 0.1ms
[155.362s][info][gc,heap        ] GC(966) Eden regions: 30->0(33)
[155.362s][info][gc,heap        ] GC(966) Survivor regions: 5->1(5)
[155.362s][info][gc,heap        ] GC(966) Old regions: 59->62
[155.362s][info][gc,heap        ] GC(966) Archive regions: 0->0
[155.362s][info][gc,heap        ] GC(966) Humongous regions: 0->0
[155.362s][info][gc,metaspace   ] GC(966) Metaspace: 16784K(17472K)->16784K(17472K) NonClass: 14363K(14784K)->14363K(14784K) Class: 2420K(2688K)->2420K(2688K)
[155.362s][info][gc             ] GC(966) Pause Young (Mixed) (G1 Evacuation Pause) 89M->59M(122M) 7.522ms
[155.362s][info][gc,cpu         ] GC(966) User=0.05s Sys=0.00s Real=0.01s
[155.368s][info][gc,start       ] GC(967) Pause Young (Concurrent Start) (G1 Evacuation Pause)
[155.368s][info][gc,task        ] GC(967) Using 2 workers of 33 for evacuation
[155.372s][info][gc,phases      ] GC(967)   Pre Evacuate Collection Set: 0.2ms
[155.372s][info][gc,phases      ] GC(967)   Merge Heap Roots: 0.0ms
[155.372s][info][gc,phases      ] GC(967)   Evacuate Collection Set: 3.0ms
[155.372s][info][gc,phases      ] GC(967)   Post Evacuate Collection Set: 0.4ms
[155.372s][info][gc,phases      ] GC(967)   Other: 0.1ms
[155.372s][info][gc,heap        ] GC(967) Eden regions: 33->0(36)
[155.372s][info][gc,heap        ] GC(967) Survivor regions: 1->1(5)
[155.372s][info][gc,heap        ] GC(967) Old regions: 62->62
[155.372s][info][gc,heap        ] GC(967) Archive regions: 0->0
[155.372s][info][gc,heap        ] GC(967) Humongous regions: 0->0
[155.372s][info][gc,metaspace   ] GC(967) Metaspace: 16784K(17472K)->16784K(17472K) NonClass: 14363K(14784K)->14363K(14784K) Class: 2420K(2688K)->2420K(2688K)
[155.372s][info][gc             ] GC(967) Pause Young (Concurrent Start) (G1 Evacuation Pause) 92M->59M(122M) 4.290ms
[155.372s][info][gc             ] GC(968) Concurrent Mark Cycle
[155.372s][info][gc,cpu         ] GC(967) User=0.00s Sys=0.00s Real=0.00s
[155.372s][info][gc,marking     ] GC(968) Concurrent Scan Root Regions
[155.376s][info][gc,marking     ] GC(968) Concurrent Scan Root Regions 3.605ms
[155.376s][info][gc,marking     ] GC(968) Concurrent Mark
[155.376s][info][gc,marking     ] GC(968) Concurrent Mark From Roots
[155.376s][info][gc,task        ] GC(968) Using 8 workers of 8 for marking
[155.378s][info][gc,start       ] GC(969) Pause Young (Normal) (G1 Evacuation Pause)
[155.378s][info][gc,task        ] GC(969) Using 2 workers of 33 for evacuation
[155.382s][info][gc,phases      ] GC(969)   Pre Evacuate Collection Set: 0.1ms
[155.382s][info][gc,phases      ] GC(969)   Merge Heap Roots: 0.0ms
[155.382s][info][gc,phases      ] GC(969)   Evacuate Collection Set: 2.6ms
[155.382s][info][gc,phases      ] GC(969)   Post Evacuate Collection Set: 0.4ms
[155.382s][info][gc,phases      ] GC(969)   Other: 0.1ms
[155.382s][info][gc,heap        ] GC(969) Eden regions: 36->0(38)
[155.382s][info][gc,heap        ] GC(969) Survivor regions: 1->1(5)
[155.382s][info][gc,heap        ] GC(969) Old regions: 62->62
[155.382s][info][gc,heap        ] GC(969) Archive regions: 0->0
[155.382s][info][gc,heap        ] GC(969) Humongous regions: 0->0
[155.382s][info][gc,metaspace   ] GC(969) Metaspace: 16784K(17472K)->16784K(17472K) NonClass: 14363K(14784K)->14363K(14784K) Class: 2420K(2688K)->2420K(2688K)
[155.382s][info][gc             ] GC(969) Pause Young (Normal) (G1 Evacuation Pause) 95M->59M(122M) 3.713ms
[155.382s][info][gc,cpu         ] GC(969) User=0.00s Sys=0.00s Real=0.00s
[155.389s][info][gc,start       ] GC(970) Pause Young (Normal) (G1 Evacuation Pause)
[155.389s][info][gc,task        ] GC(970) Using 2 workers of 33 for evacuation
[155.392s][info][gc,phases      ] GC(970)   Pre Evacuate Collection Set: 0.1ms
[155.392s][info][gc,phases      ] GC(970)   Merge Heap Roots: 0.0ms
[155.392s][info][gc,phases      ] GC(970)   Evacuate Collection Set: 2.3ms
[155.392s][info][gc,phases      ] GC(970)   Post Evacuate Collection Set: 0.4ms
[155.392s][info][gc,phases      ] GC(970)   Other: 0.1ms
[155.392s][info][gc,heap        ] GC(970) Eden regions: 38->0(39)
[155.392s][info][gc,heap        ] GC(970) Survivor regions: 1->2(5)
[155.392s][info][gc,heap        ] GC(970) Old regions: 62->62
[155.392s][info][gc,heap        ] GC(970) Archive regions: 0->0
[155.392s][info][gc,heap        ] GC(970) Humongous regions: 0->0
[155.392s][info][gc,metaspace   ] GC(970) Metaspace: 16784K(17472K)->16784K(17472K) NonClass: 14363K(14784K)->14363K(14784K) Class: 2420K(2688K)->2420K(2688K)
[155.392s][info][gc             ] GC(970) Pause Young (Normal) (G1 Evacuation Pause) 97M->59M(122M) 3.300ms
[155.392s][info][gc,cpu         ] GC(970) User=0.00s Sys=0.00s Real=0.00s
[155.396s][info][gc,marking     ] GC(968) Concurrent Mark From Roots 19.784ms
[155.396s][info][gc,marking     ] GC(968) Concurrent Preclean
[155.396s][info][gc,marking     ] GC(968) Concurrent Preclean 0.079ms
[155.396s][info][gc,start       ] GC(968) Pause Remark
[155.398s][info][gc             ] GC(968) Pause Remark 81M->56M(122M) 1.941ms
[155.398s][info][gc,cpu         ] GC(968) User=0.00s Sys=0.00s Real=0.00s
[155.398s][info][gc,marking     ] GC(968) Concurrent Mark 22.268ms
[155.398s][info][gc,marking     ] GC(968) Concurrent Rebuild Remembered Sets and Scrub Regions
[155.401s][info][gc,start       ] GC(971) Pause Young (Normal) (G1 Evacuation Pause)
[155.401s][info][gc,task        ] GC(971) Using 2 workers of 33 for evacuation
[155.407s][info][gc,phases      ] GC(971)   Pre Evacuate Collection Set: 0.1ms
[155.407s][info][gc,phases      ] GC(971)   Merge Heap Roots: 0.0ms
[155.407s][info][gc,phases      ] GC(971)   Evacuate Collection Set: 2.9ms
[155.407s][info][gc,phases      ] GC(971)   Post Evacuate Collection Set: 2.6ms
[155.407s][info][gc,phases      ] GC(971)   Other: 0.1ms
[155.407s][info][gc,heap        ] GC(971) Eden regions: 39->0(156)
[155.407s][info][gc,heap        ] GC(971) Survivor regions: 2->1(6)
[155.407s][info][gc,heap        ] GC(971) Old regions: 37->37
[155.407s][info][gc,heap        ] GC(971) Archive regions: 0->0
[155.407s][info][gc,heap        ] GC(971) Humongous regions: 0->0
[155.407s][info][gc,metaspace   ] GC(971) Metaspace: 16784K(17472K)->16784K(17472K) NonClass: 14363K(14784K)->14363K(14784K) Class: 2420K(2688K)->2420K(2688K)
[155.408s][info][gc             ] GC(971) Pause Young (Normal) (G1 Evacuation Pause) 73M->34M(317M) 6.134ms
[155.408s][info][gc,cpu         ] GC(971) User=0.03s Sys=0.00s Real=0.01s
[155.410s][info][gc,marking     ] GC(968) Concurrent Rebuild Remembered Sets and Scrub Regions 11.499ms
[155.410s][info][gc,start       ] GC(968) Pause Cleanup
[155.410s][info][gc             ] GC(968) Pause Cleanup 48M->48M(317M) 0.187ms
[155.410s][info][gc,cpu         ] GC(968) User=0.00s Sys=0.00s Real=0.00s
[155.410s][info][gc,marking     ] GC(968) Concurrent Clear Claimed Marks
[155.410s][info][gc,marking     ] GC(968) Concurrent Clear Claimed Marks 0.131ms
[155.410s][info][gc,marking     ] GC(968) Concurrent Cleanup for Next Mark
[155.412s][info][gc,marking     ] GC(968) Concurrent Cleanup for Next Mark 2.008ms
[155.412s][info][gc             ] GC(968) Concurrent Mark Cycle 40.396ms
[155.513s][info][gc,start       ] GC(972) Pause Young (Prepare Mixed) (G1 Evacuation Pause)
[155.513s][info][gc,task        ] GC(972) Using 7 workers of 33 for evacuation
[155.514s][info][gc,phases      ] GC(972)   Pre Evacuate Collection Set: 0.1ms
[155.514s][info][gc,phases      ] GC(972)   Merge Heap Roots: 0.1ms
[155.514s][info][gc,phases      ] GC(972)   Evacuate Collection Set: 0.8ms
[155.514s][info][gc,phases      ] GC(972)   Post Evacuate Collection Set: 0.3ms
[155.514s][info][gc,phases      ] GC(972)   Other: 0.1ms
[155.514s][info][gc,heap        ] GC(972) Eden regions: 156->0(171)
[155.514s][info][gc,heap        ] GC(972) Survivor regions: 1->2(20)
[155.514s][info][gc,heap        ] GC(972) Old regions: 37->37
[155.514s][info][gc,heap        ] GC(972) Archive regions: 0->0
[155.514s][info][gc,heap        ] GC(972) Humongous regions: 0->0
[155.514s][info][gc,metaspace   ] GC(972) Metaspace: 16784K(17472K)->16784K(17472K) NonClass: 14363K(14784K)->14363K(14784K) Class: 2420K(2688K)->2420K(2688K)
[155.514s][info][gc             ] GC(972) Pause Young (Prepare Mixed) (G1 Evacuation Pause) 190M->34M(317M) 1.472ms
[155.514s][info][gc,cpu         ] GC(972) User=0.00s Sys=0.00s Real=0.00s
[155.538s][info][gc,start       ] GC(973) Pause Young (Mixed) (G1 Evacuation Pause)
[155.538s][info][gc,task        ] GC(973) Using 7 workers of 33 for evacuation
[155.539s][info][gc,phases      ] GC(973)   Pre Evacuate Collection Set: 0.1ms
[155.539s][info][gc,phases      ] GC(973)   Merge Heap Roots: 0.1ms
[155.539s][info][gc,phases      ] GC(973)   Evacuate Collection Set: 0.9ms
[155.539s][info][gc,phases      ] GC(973)   Post Evacuate Collection Set: 0.3ms
[155.539s][info][gc,phases      ] GC(973)   Other: 0.1ms
[155.539s][info][gc,heap        ] GC(973) Eden regions: 171->0(185)
[155.539s][info][gc,heap        ] GC(973) Survivor regions: 2->2(22)
[155.539s][info][gc,heap        ] GC(973) Old regions: 37->35
[155.539s][info][gc,heap        ] GC(973) Archive regions: 0->0
[155.539s][info][gc,heap        ] GC(973) Humongous regions: 0->0
[155.539s][info][gc,metaspace   ] GC(973) Metaspace: 16784K(17472K)->16784K(17472K) NonClass: 14363K(14784K)->14363K(14784K) Class: 2420K(2688K)->2420K(2688K)
[155.539s][info][gc             ] GC(973) Pause Young (Mixed) (G1 Evacuation Pause) 205M->32M(317M) 1.591ms
[155.539s][info][gc,cpu         ] GC(973) User=0.00s Sys=0.00s Real=0.00s
[155.563s][info][gc,start       ] GC(974) Pause Young (Concurrent Start) (G1 Evacuation Pause)
[155.564s][info][gc,task        ] GC(974) Using 7 workers of 33 for evacuation
[155.565s][info][gc,phases      ] GC(974)   Pre Evacuate Collection Set: 0.2ms
[155.565s][info][gc,phases      ] GC(974)   Merge Heap Roots: 0.1ms
[155.565s][info][gc,phases      ] GC(974)   Evacuate Collection Set: 0.9ms
[155.565s][info][gc,phases      ] GC(974)   Post Evacuate Collection Set: 0.3ms
[155.565s][info][gc,phases      ] GC(974)   Other: 0.1ms
[155.565s][info][gc,heap        ] GC(974) Eden regions: 185->0(188)
[155.565s][info][gc,heap        ] GC(974) Survivor regions: 2->2(24)
[155.565s][info][gc,heap        ] GC(974) Old regions: 35->35
[155.565s][info][gc,heap        ] GC(974) Archive regions: 0->0
[155.565s][info][gc,heap        ] GC(974) Humongous regions: 0->0
[155.565s][info][gc,metaspace   ] GC(974) Metaspace: 16784K(17472K)->16784K(17472K) NonClass: 14363K(14784K)->14363K(14784K) Class: 2420K(2688K)->2420K(2688K)
[155.565s][info][gc             ] GC(974) Pause Young (Concurrent Start) (G1 Evacuation Pause) 217M->32M(317M) 1.719ms
[155.565s][info][gc             ] GC(975) Concurrent Mark Cycle
[155.565s][info][gc,cpu         ] GC(974) User=0.00s Sys=0.00s Real=0.00s
[155.565s][info][gc,marking     ] GC(975) Concurrent Scan Root Regions
[155.567s][info][gc,marking     ] GC(975) Concurrent Scan Root Regions 1.923ms
[155.567s][info][gc,marking     ] GC(975) Concurrent Mark
[155.567s][info][gc,marking     ] GC(975) Concurrent Mark From Roots
[155.567s][info][gc,task        ] GC(975) Using 8 workers of 8 for marking
[155.577s][info][gc,marking     ] GC(975) Concurrent Mark From Roots 9.602ms
[155.577s][info][gc,marking     ] GC(975) Concurrent Preclean
[155.577s][info][gc,marking     ] GC(975) Concurrent Preclean 0.053ms
[155.577s][info][gc,start       ] GC(975) Pause Remark
[155.578s][info][gc             ] GC(975) Pause Remark 135M->135M(317M) 0.724ms
[155.578s][info][gc,cpu         ] GC(975) User=0.00s Sys=0.00s Real=0.00s
[155.578s][info][gc,marking     ] GC(975) Concurrent Mark 10.750ms
[155.578s][info][gc,marking     ] GC(975) Concurrent Rebuild Remembered Sets and Scrub Regions
[155.582s][info][gc,marking     ] GC(975) Concurrent Rebuild Remembered Sets and Scrub Regions 3.748ms
[155.582s][info][gc,start       ] GC(975) Pause Cleanup
[155.582s][info][gc             ] GC(975) Pause Cleanup 170M->170M(317M) 0.101ms
[155.582s][info][gc,cpu         ] GC(975) User=0.00s Sys=0.00s Real=0.00s
[155.582s][info][gc,marking     ] GC(975) Concurrent Clear Claimed Marks
[155.582s][info][gc,marking     ] GC(975) Concurrent Clear Claimed Marks 0.070ms
[155.582s][info][gc,marking     ] GC(975) Concurrent Cleanup for Next Mark
[155.583s][info][gc,marking     ] GC(975) Concurrent Cleanup for Next Mark 0.729ms
[155.583s][info][gc             ] GC(975) Concurrent Mark Cycle 17.988ms
[155.588s][info][gc,start       ] GC(976) Pause Young (Prepare Mixed) (G1 Evacuation Pause)
[155.588s][info][gc,task        ] GC(976) Using 7 workers of 33 for evacuation
[155.589s][info][gc,phases      ] GC(976)   Pre Evacuate Collection Set: 0.1ms
[155.589s][info][gc,phases      ] GC(976)   Merge Heap Roots: 0.1ms
[155.589s][info][gc,phases      ] GC(976)   Evacuate Collection Set: 0.9ms
[155.589s][info][gc,phases      ] GC(976)   Post Evacuate Collection Set: 0.3ms
[155.589s][info][gc,phases      ] GC(976)   Other: 0.1ms
[155.589s][info][gc,heap        ] GC(976) Eden regions: 188->0(188)
[155.589s][info][gc,heap        ] GC(976) Survivor regions: 2->2(24)
[155.589s][info][gc,heap        ] GC(976) Old regions: 35->35
[155.589s][info][gc,heap        ] GC(976) Archive regions: 0->0
[155.589s][info][gc,heap        ] GC(976) Humongous regions: 0->0
[155.589s][info][gc,metaspace   ] GC(976) Metaspace: 16784K(17472K)->16784K(17472K) NonClass: 14363K(14784K)->14363K(14784K) Class: 2420K(2688K)->2420K(2688K)
[155.589s][info][gc             ] GC(976) Pause Young (Prepare Mixed) (G1 Evacuation Pause) 220M->32M(317M) 1.587ms
[155.589s][info][gc,cpu         ] GC(976) User=0.00s Sys=0.00s Real=0.00s
[155.609s][info][gc,start       ] GC(977) Pause Young (Mixed) (G1 Evacuation Pause)
[155.610s][info][gc,task        ] GC(977) Using 7 workers of 33 for evacuation
[155.611s][info][gc,phases      ] GC(977)   Pre Evacuate Collection Set: 0.1ms
[155.611s][info][gc,phases      ] GC(977)   Merge Heap Roots: 0.1ms
[155.611s][info][gc,phases      ] GC(977)   Evacuate Collection Set: 0.9ms
[155.611s][info][gc,phases      ] GC(977)   Post Evacuate Collection Set: 0.3ms
[155.611s][info][gc,phases      ] GC(977)   Other: 0.1ms
[155.611s][info][gc,heap        ] GC(977) Eden regions: 188->0(188)
[155.611s][info][gc,heap        ] GC(977) Survivor regions: 2->2(24)
[155.611s][info][gc,heap        ] GC(977) Old regions: 35->33
[155.611s][info][gc,heap        ] GC(977) Archive regions: 0->0
[155.611s][info][gc,heap        ] GC(977) Humongous regions: 0->0
[155.611s][info][gc,metaspace   ] GC(977) Metaspace: 16784K(17472K)->16784K(17472K) NonClass: 14363K(14784K)->14363K(14784K) Class: 2420K(2688K)->2420K(2688K)
[155.611s][info][gc             ] GC(977) Pause Young (Mixed) (G1 Evacuation Pause) 220M->31M(317M) 1.667ms
[155.611s][info][gc,cpu         ] GC(977) User=0.00s Sys=0.00s Real=0.00s
[155.631s][info][gc,start       ] GC(978) Pause Young (Concurrent Start) (G1 Evacuation Pause)
[155.631s][info][gc,task        ] GC(978) Using 7 workers of 33 for evacuation
[155.633s][info][gc,phases      ] GC(978)   Pre Evacuate Collection Set: 0.2ms
[155.633s][info][gc,phases      ] GC(978)   Merge Heap Roots: 0.1ms
[155.633s][info][gc,phases      ] GC(978)   Evacuate Collection Set: 0.8ms
[155.633s][info][gc,phases      ] GC(978)   Post Evacuate Collection Set: 0.3ms
[155.633s][info][gc,phases      ] GC(978)   Other: 0.1ms
[155.633s][info][gc,heap        ] GC(978) Eden regions: 188->0(188)
[155.633s][info][gc,heap        ] GC(978) Survivor regions: 2->2(24)
[155.633s][info][gc,heap        ] GC(978) Old regions: 33->33
[155.633s][info][gc,heap        ] GC(978) Archive regions: 0->0
[155.633s][info][gc,heap        ] GC(978) Humongous regions: 0->0
[155.633s][info][gc,metaspace   ] GC(978) Metaspace: 16784K(17472K)->16784K(17472K) NonClass: 14363K(14784K)->14363K(14784K) Class: 2420K(2688K)->2420K(2688K)
[155.633s][info][gc             ] GC(978) Pause Young (Concurrent Start) (G1 Evacuation Pause) 219M->31M(317M) 1.677ms
[155.633s][info][gc             ] GC(979) Concurrent Mark Cycle
[155.633s][info][gc,cpu         ] GC(978) User=0.00s Sys=0.00s Real=0.00s
[155.633s][info][gc,marking     ] GC(979) Concurrent Scan Root Regions
[155.635s][info][gc,marking     ] GC(979) Concurrent Scan Root Regions 1.827ms
[155.635s][info][gc,marking     ] GC(979) Concurrent Mark
[155.635s][info][gc,marking     ] GC(979) Concurrent Mark From Roots
[155.635s][info][gc,task        ] GC(979) Using 8 workers of 8 for marking
[155.654s][info][gc,start       ] GC(980) Pause Young (Normal) (G1 Evacuation Pause)
[155.654s][info][gc,task        ] GC(980) Using 7 workers of 33 for evacuation
[155.656s][info][gc,phases      ] GC(980)   Pre Evacuate Collection Set: 0.1ms
[155.656s][info][gc,phases      ] GC(980)   Merge Heap Roots: 0.1ms
[155.656s][info][gc,phases      ] GC(980)   Evacuate Collection Set: 0.8ms
[155.656s][info][gc,phases      ] GC(980)   Post Evacuate Collection Set: 0.3ms
[155.656s][info][gc,phases      ] GC(980)   Other: 0.1ms
[155.656s][info][gc,heap        ] GC(980) Eden regions: 188->0(188)
[155.656s][info][gc,heap        ] GC(980) Survivor regions: 2->2(24)
[155.656s][info][gc,heap        ] GC(980) Old regions: 33->33
[155.656s][info][gc,heap        ] GC(980) Archive regions: 0->0
[155.656s][info][gc,heap        ] GC(980) Humongous regions: 0->0
[155.656s][info][gc,metaspace   ] GC(980) Metaspace: 16784K(17472K)->16784K(17472K) NonClass: 14363K(14784K)->14363K(14784K) Class: 2420K(2688K)->2420K(2688K)
[155.656s][info][gc             ] GC(980) Pause Young (Normal) (G1 Evacuation Pause) 219M->31M(317M) 1.546ms
[155.656s][info][gc,cpu         ] GC(980) User=0.00s Sys=0.00s Real=0.00s
[155.656s][info][gc,marking     ] GC(979) Concurrent Mark From Roots 21.056ms
[155.656s][info][gc,marking     ] GC(979) Concurrent Preclean
[155.656s][info][gc,marking     ] GC(979) Concurrent Preclean 0.070ms
[155.656s][info][gc,start       ] GC(979) Pause Remark
[155.657s][info][gc             ] GC(979) Pause Remark 35M->35M(130M) 0.696ms
[155.657s][info][gc,cpu         ] GC(979) User=0.00s Sys=0.00s Real=0.00s
[155.657s][info][gc,marking     ] GC(979) Concurrent Mark 22.159ms
[155.657s][info][gc,marking     ] GC(979) Concurrent Rebuild Remembered Sets and Scrub Regions
[155.659s][info][gc,marking     ] GC(979) Concurrent Rebuild Remembered Sets and Scrub Regions 2.332ms
[155.660s][info][gc,start       ] GC(979) Pause Cleanup
[155.660s][info][gc             ] GC(979) Pause Cleanup 42M->42M(130M) 0.085ms
[155.660s][info][gc,cpu         ] GC(979) User=0.00s Sys=0.00s Real=0.00s
[155.660s][info][gc,marking     ] GC(979) Concurrent Clear Claimed Marks
[155.660s][info][gc,marking     ] GC(979) Concurrent Clear Claimed Marks 0.035ms
[155.660s][info][gc,marking     ] GC(979) Concurrent Cleanup for Next Mark
[155.660s][info][gc,marking     ] GC(979) Concurrent Cleanup for Next Mark 0.426ms
[155.660s][info][gc             ] GC(979) Concurrent Mark Cycle 27.389ms
[155.674s][info][gc,start       ] GC(981) Pause Young (Prepare Mixed) (G1 Evacuation Pause)
[155.674s][info][gc,task        ] GC(981) Using 5 workers of 33 for evacuation
[155.675s][info][gc,phases      ] GC(981)   Pre Evacuate Collection Set: 0.1ms
[155.675s][info][gc,phases      ] GC(981)   Merge Heap Roots: 0.0ms
[155.675s][info][gc,phases      ] GC(981)   Evacuate Collection Set: 1.1ms
[155.675s][info][gc,phases      ] GC(981)   Post Evacuate Collection Set: 0.3ms
[155.675s][info][gc,phases      ] GC(981)   Other: 0.1ms
[155.675s][info][gc,heap        ] GC(981) Eden regions: 95->0(77)
[155.675s][info][gc,heap        ] GC(981) Survivor regions: 2->2(24)
[155.675s][info][gc,heap        ] GC(981) Old regions: 33->33
[155.675s][info][gc,heap        ] GC(981) Archive regions: 0->0
[155.675s][info][gc,heap        ] GC(981) Humongous regions: 0->0
[155.675s][info][gc,metaspace   ] GC(981) Metaspace: 16784K(17472K)->16784K(17472K) NonClass: 14363K(14784K)->14363K(14784K) Class: 2420K(2688K)->2420K(2688K)
[155.675s][info][gc             ] GC(981) Pause Young (Prepare Mixed) (G1 Evacuation Pause) 126M->31M(132M) 1.778ms
[155.675s][info][gc,cpu         ] GC(981) User=0.00s Sys=0.00s Real=0.00s
[155.683s][info][gc,start       ] GC(982) Pause Young (Mixed) (G1 Evacuation Pause)
[155.683s][info][gc,task        ] GC(982) Using 4 workers of 33 for evacuation
[155.685s][info][gc,phases      ] GC(982)   Pre Evacuate Collection Set: 0.1ms
[155.685s][info][gc,phases      ] GC(982)   Merge Heap Roots: 0.0ms
[155.685s][info][gc,phases      ] GC(982)   Evacuate Collection Set: 1.3ms
[155.685s][info][gc,phases      ] GC(982)   Post Evacuate Collection Set: 0.3ms
[155.685s][info][gc,phases      ] GC(982)   Other: 0.1ms
[155.685s][info][gc,heap        ] GC(982) Eden regions: 77->0(77)
[155.685s][info][gc,heap        ] GC(982) Survivor regions: 2->2(10)
[155.685s][info][gc,heap        ] GC(982) Old regions: 33->33
[155.685s][info][gc,heap        ] GC(982) Archive regions: 0->0
[155.685s][info][gc,heap        ] GC(982) Humongous regions: 0->0
[155.685s][info][gc,metaspace   ] GC(982) Metaspace: 16784K(17472K)->16784K(17472K) NonClass: 14363K(14784K)->14363K(14784K) Class: 2420K(2688K)->2420K(2688K)
[155.685s][info][gc             ] GC(982) Pause Young (Mixed) (G1 Evacuation Pause) 108M->31M(132M) 1.921ms
[155.685s][info][gc,cpu         ] GC(982) User=0.00s Sys=0.00s Real=0.00s
[155.693s][info][gc,start       ] GC(983) Pause Young (Concurrent Start) (G1 Evacuation Pause)
[155.693s][info][gc,task        ] GC(983) Using 3 workers of 33 for evacuation
[155.695s][info][gc,phases      ] GC(983)   Pre Evacuate Collection Set: 0.1ms
[155.695s][info][gc,phases      ] GC(983)   Merge Heap Roots: 0.0ms
[155.695s][info][gc,phases      ] GC(983)   Evacuate Collection Set: 1.7ms
[155.695s][info][gc,phases      ] GC(983)   Post Evacuate Collection Set: 0.3ms
[155.695s][info][gc,phases      ] GC(983)   Other: 0.1ms
[155.695s][info][gc,heap        ] GC(983) Eden regions: 77->0(77)
[155.695s][info][gc,heap        ] GC(983) Survivor regions: 2->2(10)
[155.695s][info][gc,heap        ] GC(983) Old regions: 33->33
[155.695s][info][gc,heap        ] GC(983) Archive regions: 0->0
[155.695s][info][gc,heap        ] GC(983) Humongous regions: 0->0
[155.695s][info][gc,metaspace   ] GC(983) Metaspace: 16784K(17472K)->16784K(17472K) NonClass: 14363K(14784K)->14363K(14784K) Class: 2420K(2688K)->2420K(2688K)
[155.695s][info][gc             ] GC(983) Pause Young (Concurrent Start) (G1 Evacuation Pause) 108M->31M(132M) 2.422ms
[155.695s][info][gc             ] GC(984) Concurrent Mark Cycle
[155.695s][info][gc,cpu         ] GC(983) User=0.00s Sys=0.00s Real=0.00s
[155.695s][info][gc,marking     ] GC(984) Concurrent Scan Root Regions
[155.697s][info][gc,marking     ] GC(984) Concurrent Scan Root Regions 1.697ms
[155.697s][info][gc,marking     ] GC(984) Concurrent Mark
[155.697s][info][gc,marking     ] GC(984) Concurrent Mark From Roots
[155.697s][info][gc,task        ] GC(984) Using 8 workers of 8 for marking
[155.704s][info][gc,start       ] GC(985) Pause Young (Normal) (G1 Evacuation Pause)
[155.704s][info][gc,task        ] GC(985) Using 3 workers of 33 for evacuation
[155.707s][info][gc,phases      ] GC(985)   Pre Evacuate Collection Set: 0.1ms
[155.707s][info][gc,phases      ] GC(985)   Merge Heap Roots: 0.0ms
[155.707s][info][gc,phases      ] GC(985)   Evacuate Collection Set: 1.7ms
[155.707s][info][gc,phases      ] GC(985)   Post Evacuate Collection Set: 0.6ms
[155.707s][info][gc,phases      ] GC(985)   Other: 0.1ms
[155.707s][info][gc,heap        ] GC(985) Eden regions: 77->0(127)
[155.707s][info][gc,heap        ] GC(985) Survivor regions: 2->2(10)
[155.707s][info][gc,heap        ] GC(985) Old regions: 33->33
[155.707s][info][gc,heap        ] GC(985) Archive regions: 0->0
[155.707s][info][gc,heap        ] GC(985) Humongous regions: 0->0
[155.707s][info][gc,metaspace   ] GC(985) Metaspace: 16784K(17472K)->16784K(17472K) NonClass: 14363K(14784K)->14363K(14784K) Class: 2420K(2688K)->2420K(2688K)
[155.707s][info][gc             ] GC(985) Pause Young (Normal) (G1 Evacuation Pause) 108M->31M(216M) 2.622ms
[155.707s][info][gc,cpu         ] GC(985) User=0.00s Sys=0.00s Real=0.00s
[155.710s][info][gc,marking     ] GC(984) Concurrent Mark From Roots 12.380ms
[155.710s][info][gc,marking     ] GC(984) Concurrent Preclean
[155.710s][info][gc,marking     ] GC(984) Concurrent Preclean 0.061ms
[155.710s][info][gc,start       ] GC(984) Pause Remark
[155.711s][info][gc             ] GC(984) Pause Remark 57M->57M(204M) 1.022ms
[155.711s][info][gc,cpu         ] GC(984) User=0.00s Sys=0.00s Real=0.00s
[155.711s][info][gc,marking     ] GC(984) Concurrent Mark 13.752ms
[155.711s][info][gc,marking     ] GC(984) Concurrent Rebuild Remembered Sets and Scrub Regions
[155.715s][info][gc,marking     ] GC(984) Concurrent Rebuild Remembered Sets and Scrub Regions 3.950ms
[155.715s][info][gc,start       ] GC(984) Pause Cleanup
[155.715s][info][gc             ] GC(984) Pause Cleanup 91M->91M(204M) 0.116ms
[155.715s][info][gc,cpu         ] GC(984) User=0.00s Sys=0.00s Real=0.00s
[155.715s][info][gc,marking     ] GC(984) Concurrent Clear Claimed Marks
[155.715s][info][gc,marking     ] GC(984) Concurrent Clear Claimed Marks 0.046ms
[155.716s][info][gc,marking     ] GC(984) Concurrent Cleanup for Next Mark
[155.716s][info][gc,marking     ] GC(984) Concurrent Cleanup for Next Mark 0.534ms
[155.716s][info][gc             ] GC(984) Concurrent Mark Cycle 20.700ms
[155.723s][info][gc,start       ] GC(986) Pause Young (Prepare Mixed) (G1 Evacuation Pause)
[155.723s][info][gc,task        ] GC(986) Using 4 workers of 33 for evacuation
[155.724s][info][gc,phases      ] GC(986)   Pre Evacuate Collection Set: 0.1ms
[155.724s][info][gc,phases      ] GC(986)   Merge Heap Roots: 0.0ms
[155.724s][info][gc,phases      ] GC(986)   Evacuate Collection Set: 1.3ms
[155.724s][info][gc,phases      ] GC(986)   Post Evacuate Collection Set: 0.3ms
[155.724s][info][gc,phases      ] GC(986)   Other: 0.1ms
[155.724s][info][gc,heap        ] GC(986) Eden regions: 127->0(120)
[155.724s][info][gc,heap        ] GC(986) Survivor regions: 2->2(17)
[155.724s][info][gc,heap        ] GC(986) Old regions: 33->34
[155.724s][info][gc,heap        ] GC(986) Archive regions: 0->0
[155.724s][info][gc,heap        ] GC(986) Humongous regions: 0->0
[155.724s][info][gc,metaspace   ] GC(986) Metaspace: 16784K(17472K)->16784K(17472K) NonClass: 14363K(14784K)->14363K(14784K) Class: 2420K(2688K)->2420K(2688K)
[155.724s][info][gc             ] GC(986) Pause Young (Prepare Mixed) (G1 Evacuation Pause) 158M->31M(204M) 1.976ms
[155.725s][info][gc,cpu         ] GC(986) User=0.00s Sys=0.00s Real=0.00s
[155.737s][info][gc,start       ] GC(987) Pause Young (Mixed) (G1 Evacuation Pause)
[155.737s][info][gc,task        ] GC(987) Using 4 workers of 33 for evacuation
[155.739s][info][gc,phases      ] GC(987)   Pre Evacuate Collection Set: 0.1ms
[155.739s][info][gc,phases      ] GC(987)   Merge Heap Roots: 0.0ms
[155.739s][info][gc,phases      ] GC(987)   Evacuate Collection Set: 1.3ms
[155.739s][info][gc,phases      ] GC(987)   Post Evacuate Collection Set: 0.3ms
[155.739s][info][gc,phases      ] GC(987)   Other: 0.1ms
[155.739s][info][gc,heap        ] GC(987) Eden regions: 120->0(120)
[155.739s][info][gc,heap        ] GC(987) Survivor regions: 2->2(16)
[155.739s][info][gc,heap        ] GC(987) Old regions: 34->33
[155.739s][info][gc,heap        ] GC(987) Archive regions: 0->0
[155.739s][info][gc,heap        ] GC(987) Humongous regions: 0->0
[155.739s][info][gc,metaspace   ] GC(987) Metaspace: 16784K(17472K)->16784K(17472K) NonClass: 14363K(14784K)->14363K(14784K) Class: 2420K(2688K)->2420K(2688K)
[155.739s][info][gc             ] GC(987) Pause Young (Mixed) (G1 Evacuation Pause) 151M->31M(204M) 2.021ms
[155.739s][info][gc,cpu         ] GC(987) User=0.00s Sys=0.00s Real=0.00s
[155.752s][info][gc,start       ] GC(988) Pause Young (Concurrent Start) (G1 Evacuation Pause)
[155.752s][info][gc,task        ] GC(988) Using 4 workers of 33 for evacuation
[155.754s][info][gc,phases      ] GC(988)   Pre Evacuate Collection Set: 0.2ms
[155.754s][info][gc,phases      ] GC(988)   Merge Heap Roots: 0.0ms
[155.754s][info][gc,phases      ] GC(988)   Evacuate Collection Set: 1.3ms
[155.754s][info][gc,phases      ] GC(988)   Post Evacuate Collection Set: 0.3ms
[155.754s][info][gc,phases      ] GC(988)   Other: 0.1ms
[155.754s][info][gc,heap        ] GC(988) Eden regions: 120->0(120)
[155.754s][info][gc,heap        ] GC(988) Survivor regions: 2->2(16)
[155.754s][info][gc,heap        ] GC(988) Old regions: 33->33
[155.754s][info][gc,heap        ] GC(988) Archive regions: 0->0
[155.754s][info][gc,heap        ] GC(988) Humongous regions: 0->0
[155.754s][info][gc,metaspace   ] GC(988) Metaspace: 16784K(17472K)->16784K(17472K) NonClass: 14363K(14784K)->14363K(14784K) Class: 2420K(2688K)->2420K(2688K)
[155.754s][info][gc             ] GC(988) Pause Young (Concurrent Start) (G1 Evacuation Pause) 151M->31M(204M) 2.117ms
[155.754s][info][gc             ] GC(989) Concurrent Mark Cycle
[155.754s][info][gc,cpu         ] GC(988) User=0.00s Sys=0.00s Real=0.00s
[155.754s][info][gc,marking     ] GC(989) Concurrent Scan Root Regions
[155.756s][info][gc,marking     ] GC(989) Concurrent Scan Root Regions 1.668ms
[155.756s][info][gc,marking     ] GC(989) Concurrent Mark
[155.756s][info][gc,marking     ] GC(989) Concurrent Mark From Roots
[155.756s][info][gc,task        ] GC(989) Using 8 workers of 8 for marking
[155.765s][info][gc,marking     ] GC(989) Concurrent Mark From Roots 9.583ms
[155.765s][info][gc,marking     ] GC(989) Concurrent Preclean
[155.765s][info][gc,marking     ] GC(989) Concurrent Preclean 0.059ms
[155.766s][info][gc,start       ] GC(989) Pause Remark
[155.767s][info][gc             ] GC(989) Pause Remark 133M->133M(229M) 0.986ms
[155.767s][info][gc,cpu         ] GC(989) User=0.00s Sys=0.00s Real=0.00s
[155.767s][info][gc,marking     ] GC(989) Concurrent Mark 11.051ms
[155.767s][info][gc,marking     ] GC(989) Concurrent Rebuild Remembered Sets and Scrub Regions
[155.769s][info][gc,start       ] GC(990) Pause Young (Normal) (G1 Evacuation Pause)
[155.769s][info][gc,task        ] GC(990) Using 5 workers of 33 for evacuation
[155.771s][info][gc,phases      ] GC(990)   Pre Evacuate Collection Set: 0.1ms
[155.771s][info][gc,phases      ] GC(990)   Merge Heap Roots: 0.0ms
[155.771s][info][gc,phases      ] GC(990)   Evacuate Collection Set: 1.1ms
[155.771s][info][gc,phases      ] GC(990)   Post Evacuate Collection Set: 0.3ms
[155.771s][info][gc,phases      ] GC(990)   Other: 0.1ms
[155.771s][info][gc,heap        ] GC(990) Eden regions: 120->0(135)
[155.771s][info][gc,heap        ] GC(990) Survivor regions: 2->2(16)
[155.771s][info][gc,heap        ] GC(990) Old regions: 33->33
[155.771s][info][gc,heap        ] GC(990) Archive regions: 0->0
[155.771s][info][gc,heap        ] GC(990) Humongous regions: 0->0
[155.771s][info][gc,metaspace   ] GC(990) Metaspace: 16784K(17472K)->16784K(17472K) NonClass: 14363K(14784K)->14363K(14784K) Class: 2420K(2688K)->2420K(2688K)
[155.771s][info][gc             ] GC(990) Pause Young (Normal) (G1 Evacuation Pause) 151M->31M(229M) 1.771ms
[155.771s][info][gc,cpu         ] GC(990) User=0.08s Sys=0.00s Real=0.02s
[155.772s][info][gc,marking     ] GC(989) Concurrent Rebuild Remembered Sets and Scrub Regions 5.420ms
[155.786s][info][gc,start       ] GC(989) Pause Cleanup
[155.814s][info][gc             ] GC(989) Pause Cleanup 43M->43M(229M) 28.147ms
[155.814s][info][gc,cpu         ] GC(989) User=0.00s Sys=0.00s Real=0.02s
[155.814s][info][gc,marking     ] GC(989) Concurrent Clear Claimed Marks
[155.814s][info][gc,marking     ] GC(989) Concurrent Clear Claimed Marks 0.054ms
[155.814s][info][gc,marking     ] GC(989) Concurrent Cleanup for Next Mark
[155.815s][info][gc,marking     ] GC(989) Concurrent Cleanup for Next Mark 0.276ms
[155.815s][info][gc             ] GC(989) Concurrent Mark Cycle 60.770ms
[155.832s][info][gc,start       ] GC(991) Pause Young (Prepare Mixed) (G1 Evacuation Pause)
[155.833s][info][gc,task        ] GC(991) Using 5 workers of 33 for evacuation
[155.835s][info][gc,phases      ] GC(991)   Pre Evacuate Collection Set: 0.1ms
[155.835s][info][gc,phases      ] GC(991)   Merge Heap Roots: 0.1ms
[155.835s][info][gc,phases      ] GC(991)   Evacuate Collection Set: 1.5ms
[155.835s][info][gc,phases      ] GC(991)   Post Evacuate Collection Set: 0.4ms
[155.835s][info][gc,phases      ] GC(991)   Other: 0.1ms
[155.835s][info][gc,heap        ] GC(991) Eden regions: 135->0(135)
[155.835s][info][gc,heap        ] GC(991) Survivor regions: 2->2(18)
[155.835s][info][gc,heap        ] GC(991) Old regions: 33->33
[155.835s][info][gc,heap        ] GC(991) Archive regions: 0->0
[155.835s][info][gc,heap        ] GC(991) Humongous regions: 0->0
[155.835s][info][gc,metaspace   ] GC(991) Metaspace: 16784K(17472K)->16784K(17472K) NonClass: 14364K(14784K)->14364K(14784K) Class: 2420K(2688K)->2420K(2688K)
[155.835s][info][gc             ] GC(991) Pause Young (Prepare Mixed) (G1 Evacuation Pause) 166M->31M(229M) 2.544ms
[155.835s][info][gc,cpu         ] GC(991) User=0.00s Sys=0.00s Real=0.00s
[155.851s][info][gc,start       ] GC(992) Pause Young (Mixed) (G1 Evacuation Pause)
[155.851s][info][gc,task        ] GC(992) Using 5 workers of 33 for evacuation
[155.853s][info][gc,phases      ] GC(992)   Pre Evacuate Collection Set: 0.1ms
[155.853s][info][gc,phases      ] GC(992)   Merge Heap Roots: 0.1ms
[155.853s][info][gc,phases      ] GC(992)   Evacuate Collection Set: 1.4ms
[155.853s][info][gc,phases      ] GC(992)   Post Evacuate Collection Set: 0.6ms
[155.853s][info][gc,phases      ] GC(992)   Other: 0.1ms
[155.853s][info][gc,heap        ] GC(992) Eden regions: 135->0(160)
[155.853s][info][gc,heap        ] GC(992) Survivor regions: 2->2(18)
[155.853s][info][gc,heap        ] GC(992) Old regions: 33->32
[155.853s][info][gc,heap        ] GC(992) Archive regions: 0->0
[155.853s][info][gc,heap        ] GC(992) Humongous regions: 0->0
[155.853s][info][gc,metaspace   ] GC(992) Metaspace: 16784K(17472K)->16784K(17472K) NonClass: 14364K(14784K)->14364K(14784K) Class: 2420K(2688K)->2420K(2688K)
[155.853s][info][gc             ] GC(992) Pause Young (Mixed) (G1 Evacuation Pause) 166M->30M(270M) 2.384ms
[155.853s][info][gc,cpu         ] GC(992) User=0.00s Sys=0.00s Real=0.00s
[155.888s][info][gc,start       ] GC(993) Pause Young (Concurrent Start) (G1 Evacuation Pause)
[155.888s][info][gc,task        ] GC(993) Using 6 workers of 33 for evacuation
[155.890s][info][gc,phases      ] GC(993)   Pre Evacuate Collection Set: 0.2ms
[155.890s][info][gc,phases      ] GC(993)   Merge Heap Roots: 0.0ms
[155.890s][info][gc,phases      ] GC(993)   Evacuate Collection Set: 0.9ms
[155.890s][info][gc,phases      ] GC(993)   Post Evacuate Collection Set: 0.3ms
[155.890s][info][gc,phases      ] GC(993)   Other: 0.1ms
[155.890s][info][gc,heap        ] GC(993) Eden regions: 160->0(160)
[155.890s][info][gc,heap        ] GC(993) Survivor regions: 2->2(21)
[155.890s][info][gc,heap        ] GC(993) Old regions: 32->32
[155.890s][info][gc,heap        ] GC(993) Archive regions: 0->0
[155.890s][info][gc,heap        ] GC(993) Humongous regions: 0->0
[155.890s][info][gc,metaspace   ] GC(993) Metaspace: 16784K(17472K)->16784K(17472K) NonClass: 14364K(14784K)->14364K(14784K) Class: 2420K(2688K)->2420K(2688K)
[155.890s][info][gc             ] GC(993) Pause Young (Concurrent Start) (G1 Evacuation Pause) 190M->30M(270M) 1.709ms
[155.890s][info][gc             ] GC(994) Concurrent Mark Cycle
[155.890s][info][gc,cpu         ] GC(993) User=0.00s Sys=0.00s Real=0.00s
[155.890s][info][gc,marking     ] GC(994) Concurrent Scan Root Regions
[155.892s][info][gc,marking     ] GC(994) Concurrent Scan Root Regions 1.861ms
[155.892s][info][gc,marking     ] GC(994) Concurrent Mark
[155.892s][info][gc,marking     ] GC(994) Concurrent Mark From Roots
[155.892s][info][gc,task        ] GC(994) Using 8 workers of 8 for marking
[155.901s][info][gc,marking     ] GC(994) Concurrent Mark From Roots 9.623ms
[155.901s][info][gc,marking     ] GC(994) Concurrent Preclean
[155.902s][info][gc,marking     ] GC(994) Concurrent Preclean 0.059ms
[155.902s][info][gc,start       ] GC(994) Pause Remark
[155.902s][info][gc             ] GC(994) Pause Remark 133M->133M(270M) 0.760ms
[155.902s][info][gc,cpu         ] GC(994) User=0.00s Sys=0.00s Real=0.00s
[155.903s][info][gc,marking     ] GC(994) Concurrent Mark 10.790ms
[155.903s][info][gc,marking     ] GC(994) Concurrent Rebuild Remembered Sets and Scrub Regions
[155.906s][info][gc,marking     ] GC(994) Concurrent Rebuild Remembered Sets and Scrub Regions 3.651ms
[155.906s][info][gc,start       ] GC(994) Pause Cleanup
[155.907s][info][gc             ] GC(994) Pause Cleanup 166M->166M(270M) 0.097ms
[155.907s][info][gc,cpu         ] GC(994) User=0.00s Sys=0.00s Real=0.00s
[155.907s][info][gc,marking     ] GC(994) Concurrent Clear Claimed Marks
[155.907s][info][gc,marking     ] GC(994) Concurrent Clear Claimed Marks 0.082ms
[155.907s][info][gc,marking     ] GC(994) Concurrent Cleanup for Next Mark
[155.908s][info][gc,marking     ] GC(994) Concurrent Cleanup for Next Mark 0.750ms
[155.908s][info][gc             ] GC(994) Concurrent Mark Cycle 17.848ms
[155.909s][info][gc,start       ] GC(995) Pause Young (Prepare Mixed) (G1 Evacuation Pause)
[155.910s][info][gc,task        ] GC(995) Using 6 workers of 33 for evacuation
[155.911s][info][gc,phases      ] GC(995)   Pre Evacuate Collection Set: 0.1ms
[155.911s][info][gc,phases      ] GC(995)   Merge Heap Roots: 0.1ms
[155.911s][info][gc,phases      ] GC(995)   Evacuate Collection Set: 0.8ms
[155.911s][info][gc,phases      ] GC(995)   Post Evacuate Collection Set: 0.3ms
[155.911s][info][gc,phases      ] GC(995)   Other: 0.1ms
[155.911s][info][gc,heap        ] GC(995) Eden regions: 160->0(160)
[155.911s][info][gc,heap        ] GC(995) Survivor regions: 2->2(21)
[155.911s][info][gc,heap        ] GC(995) Old regions: 32->32
[155.911s][info][gc,heap        ] GC(995) Archive regions: 0->0
[155.911s][info][gc,heap        ] GC(995) Humongous regions: 0->0
[155.911s][info][gc,metaspace   ] GC(995) Metaspace: 16784K(17472K)->16784K(17472K) NonClass: 14364K(14784K)->14364K(14784K) Class: 2420K(2688K)->2420K(2688K)
[155.911s][info][gc             ] GC(995) Pause Young (Prepare Mixed) (G1 Evacuation Pause) 190M->30M(270M) 1.468ms
[155.911s][info][gc,cpu         ] GC(995) User=0.00s Sys=0.00s Real=0.00s
[155.929s][info][gc,start       ] GC(996) Pause Young (Mixed) (G1 Evacuation Pause)
[155.929s][info][gc,task        ] GC(996) Using 6 workers of 33 for evacuation
[155.930s][info][gc,phases      ] GC(996)   Pre Evacuate Collection Set: 0.1ms
[155.930s][info][gc,phases      ] GC(996)   Merge Heap Roots: 0.0ms
[155.930s][info][gc,phases      ] GC(996)   Evacuate Collection Set: 0.8ms
[155.930s][info][gc,phases      ] GC(996)   Post Evacuate Collection Set: 0.3ms
[155.930s][info][gc,phases      ] GC(996)   Other: 0.1ms
[155.930s][info][gc,heap        ] GC(996) Eden regions: 160->0(160)
[155.930s][info][gc,heap        ] GC(996) Survivor regions: 2->2(21)
[155.930s][info][gc,heap        ] GC(996) Old regions: 32->31
[155.930s][info][gc,heap        ] GC(996) Archive regions: 0->0
[155.930s][info][gc,heap        ] GC(996) Humongous regions: 0->0
[155.930s][info][gc,metaspace   ] GC(996) Metaspace: 16784K(17472K)->16784K(17472K) NonClass: 14364K(14784K)->14364K(14784K) Class: 2420K(2688K)->2420K(2688K)
[155.930s][info][gc             ] GC(996) Pause Young (Mixed) (G1 Evacuation Pause) 190M->29M(270M) 1.553ms
[155.930s][info][gc,cpu         ] GC(996) User=0.00s Sys=0.00s Real=0.00s
[155.950s][info][gc,start       ] GC(997) Pause Young (Concurrent Start) (G1 Evacuation Pause)
[155.950s][info][gc,task        ] GC(997) Using 6 workers of 33 for evacuation
[155.951s][info][gc,phases      ] GC(997)   Pre Evacuate Collection Set: 0.2ms
[155.951s][info][gc,phases      ] GC(997)   Merge Heap Roots: 0.1ms
[155.951s][info][gc,phases      ] GC(997)   Evacuate Collection Set: 0.6ms
[155.951s][info][gc,phases      ] GC(997)   Post Evacuate Collection Set: 0.3ms
[155.951s][info][gc,phases      ] GC(997)   Other: 0.1ms
[155.951s][info][gc,heap        ] GC(997) Eden regions: 160->0(161)
[155.951s][info][gc,heap        ] GC(997) Survivor regions: 2->1(21)
[155.951s][info][gc,heap        ] GC(997) Old regions: 31->31
[155.951s][info][gc,heap        ] GC(997) Archive regions: 0->0
[155.951s][info][gc,heap        ] GC(997) Humongous regions: 0->0
[155.951s][info][gc,metaspace   ] GC(997) Metaspace: 16784K(17472K)->16784K(17472K) NonClass: 14364K(14784K)->14364K(14784K) Class: 2420K(2688K)->2420K(2688K)
[155.952s][info][gc             ] GC(997) Pause Young (Concurrent Start) (G1 Evacuation Pause) 189M->29M(270M) 1.523ms
[155.952s][info][gc             ] GC(998) Concurrent Mark Cycle
[155.952s][info][gc,cpu         ] GC(997) User=0.00s Sys=0.00s Real=0.00s
[155.952s][info][gc,marking     ] GC(998) Concurrent Scan Root Regions
[155.953s][info][gc,marking     ] GC(998) Concurrent Scan Root Regions 1.244ms
[155.953s][info][gc,marking     ] GC(998) Concurrent Mark
[155.953s][info][gc,marking     ] GC(998) Concurrent Mark From Roots
[155.953s][info][gc,task        ] GC(998) Using 8 workers of 8 for marking
[155.957s][info][gc,marking     ] GC(998) Concurrent Mark From Roots 4.595ms
[155.957s][info][gc,marking     ] GC(998) Concurrent Preclean
[155.958s][info][gc,marking     ] GC(998) Concurrent Preclean 0.025ms
[155.958s][info][gc,start       ] GC(998) Pause Remark
[155.958s][info][gc             ] GC(998) Pause Remark 42M->42M(154M) 0.729ms
[155.958s][info][gc,cpu         ] GC(998) User=0.00s Sys=0.00s Real=0.00s
[155.958s][info][gc,marking     ] GC(998) Concurrent Mark 5.518ms
[155.958s][info][gc,marking     ] GC(998) Concurrent Rebuild Remembered Sets and Scrub Regions
[155.961s][info][gc,marking     ] GC(998) Concurrent Rebuild Remembered Sets and Scrub Regions 2.767ms
[155.961s][info][gc,start       ] GC(998) Pause Cleanup
[155.961s][info][gc             ] GC(998) Pause Cleanup 45M->45M(154M) 0.081ms
[155.961s][info][gc,cpu         ] GC(998) User=0.00s Sys=0.00s Real=0.00s
[155.961s][info][gc,marking     ] GC(998) Concurrent Clear Claimed Marks
[155.961s][info][gc,marking     ] GC(998) Concurrent Clear Claimed Marks 0.016ms
[155.961s][info][gc,marking     ] GC(998) Concurrent Cleanup for Next Mark
[155.962s][info][gc,marking     ] GC(998) Concurrent Cleanup for Next Mark 0.152ms
[155.962s][info][gc             ] GC(998) Concurrent Mark Cycle 9.993ms
[156.034s][info][gc,start       ] GC(999) Pause Young (Prepare Mixed) (G1 Evacuation Pause)
[156.034s][info][gc,task        ] GC(999) Using 4 workers of 33 for evacuation
[156.090s][info][gc,phases      ] GC(999)   Pre Evacuate Collection Set: 0.1ms
[156.090s][info][gc,phases      ] GC(999)   Merge Heap Roots: 0.1ms
[156.090s][info][gc,phases      ] GC(999)   Evacuate Collection Set: 54.4ms
[156.090s][info][gc,phases      ] GC(999)   Post Evacuate Collection Set: 0.7ms
[156.090s][info][gc,phases      ] GC(999)   Other: 0.1ms
[156.090s][info][gc,heap        ] GC(999) Eden regions: 91->0(52)
[156.090s][info][gc,heap        ] GC(999) Survivor regions: 1->12(12)
[156.090s][info][gc,heap        ] GC(999) Old regions: 31->74
[156.090s][info][gc,heap        ] GC(999) Archive regions: 0->0
[156.090s][info][gc,heap        ] GC(999) Humongous regions: 1->1
[156.090s][info][gc,metaspace   ] GC(999) Metaspace: 16784K(17472K)->16784K(17472K) NonClass: 14364K(14784K)->14364K(14784K) Class: 2420K(2688K)->2420K(2688K)
[156.090s][info][gc             ] GC(999) Pause Young (Prepare Mixed) (G1 Evacuation Pause) 121M->83M(179M) 56.027ms
[156.090s][info][gc,cpu         ] GC(999) User=0.16s Sys=0.03s Real=0.05s
[156.154s][info][gc,start       ] GC(1000) Pause Young (Mixed) (G1 Evacuation Pause)
[156.154s][info][gc,task        ] GC(1000) Using 4 workers of 33 for evacuation
[156.205s][info][gc,phases      ] GC(1000)   Pre Evacuate Collection Set: 0.1ms
[156.205s][info][gc,phases      ] GC(1000)   Merge Heap Roots: 0.4ms
[156.205s][info][gc,phases      ] GC(1000)   Evacuate Collection Set: 49.2ms
[156.205s][info][gc,phases      ] GC(1000)   Post Evacuate Collection Set: 0.6ms
[156.205s][info][gc,phases      ] GC(1000)   Other: 0.1ms
[156.205s][info][gc,heap        ] GC(1000) Eden regions: 52->0(30)
[156.205s][info][gc,heap        ] GC(1000) Survivor regions: 12->8(8)
[156.205s][info][gc,heap        ] GC(1000) Old regions: 74->111
[156.205s][info][gc,heap        ] GC(1000) Archive regions: 0->0
[156.205s][info][gc,heap        ] GC(1000) Humongous regions: 1->1
[156.205s][info][gc,metaspace   ] GC(1000) Metaspace: 16784K(17472K)->16784K(17472K) NonClass: 14364K(14784K)->14364K(14784K) Class: 2420K(2688K)->2420K(2688K)
[156.205s][info][gc             ] GC(1000) Pause Young (Mixed) (G1 Evacuation Pause) 135M->117M(185M) 50.956ms
[156.205s][info][gc,cpu         ] GC(1000) User=0.19s Sys=0.02s Real=0.06s
[156.249s][info][gc,start       ] GC(1001) Pause Young (Concurrent Start) (G1 Evacuation Pause)
[156.249s][info][gc,task        ] GC(1001) Using 4 workers of 33 for evacuation
[156.296s][info][gc,phases      ] GC(1001)   Pre Evacuate Collection Set: 0.2ms
[156.296s][info][gc,phases      ] GC(1001)   Merge Heap Roots: 1.1ms
[156.296s][info][gc,phases      ] GC(1001)   Evacuate Collection Set: 42.8ms
[156.296s][info][gc,phases      ] GC(1001)   Post Evacuate Collection Set: 2.6ms
[156.296s][info][gc,phases      ] GC(1001)   Other: 0.1ms
[156.296s][info][gc,heap        ] GC(1001) Eden regions: 30->0(78)
[156.296s][info][gc,heap        ] GC(1001) Survivor regions: 8->5(5)
[156.296s][info][gc,heap        ] GC(1001) Old regions: 111->134
[156.296s][info][gc,heap        ] GC(1001) Archive regions: 0->0
[156.296s][info][gc,heap        ] GC(1001) Humongous regions: 1->1
[156.296s][info][gc,metaspace   ] GC(1001) Metaspace: 16784K(17472K)->16784K(17472K) NonClass: 14364K(14784K)->14364K(14784K) Class: 2420K(2688K)->2420K(2688K)
[156.296s][info][gc             ] GC(1001) Pause Young (Concurrent Start) (G1 Evacuation Pause) 147M->137M(315M) 47.376ms
[156.296s][info][gc             ] GC(1002) Concurrent Mark Cycle
[156.296s][info][gc,cpu         ] GC(1001) User=0.14s Sys=0.00s Real=0.05s
[156.296s][info][gc,marking     ] GC(1002) Concurrent Scan Root Regions
[156.302s][info][gc,marking     ] GC(1002) Concurrent Scan Root Regions 6.020ms
[156.302s][info][gc,marking     ] GC(1002) Concurrent Mark
[156.303s][info][gc,marking     ] GC(1002) Concurrent Mark From Roots
[156.303s][info][gc,task        ] GC(1002) Using 8 workers of 8 for marking
[156.342s][info][gc,marking     ] GC(1002) Concurrent Mark From Roots 39.167ms
[156.342s][info][gc,marking     ] GC(1002) Concurrent Preclean
[156.342s][info][gc,marking     ] GC(1002) Concurrent Preclean 0.031ms
[156.342s][info][gc,start       ] GC(1002) Pause Remark
[156.343s][info][gc             ] GC(1002) Pause Remark 160M->160M(315M) 0.915ms
[156.343s][info][gc,cpu         ] GC(1002) User=0.06s Sys=0.00s Real=0.02s
[156.343s][info][gc,marking     ] GC(1002) Concurrent Mark 40.344ms
[156.343s][info][gc,marking     ] GC(1002) Concurrent Rebuild Remembered Sets and Scrub Regions
[156.372s][info][gc,marking     ] GC(1002) Concurrent Rebuild Remembered Sets and Scrub Regions 29.455ms
[156.372s][info][gc,start       ] GC(1002) Pause Cleanup
[156.373s][info][gc             ] GC(1002) Pause Cleanup 184M->184M(315M) 0.165ms
[156.373s][info][gc,cpu         ] GC(1002) User=0.00s Sys=0.00s Real=0.00s
[156.373s][info][gc,marking     ] GC(1002) Concurrent Clear Claimed Marks
[156.373s][info][gc,marking     ] GC(1002) Concurrent Clear Claimed Marks 0.043ms
[156.373s][info][gc,marking     ] GC(1002) Concurrent Cleanup for Next Mark
[156.373s][info][gc,marking     ] GC(1002) Concurrent Cleanup for Next Mark 0.597ms
[156.373s][info][gc             ] GC(1002) Concurrent Mark Cycle 76.992ms
[156.415s][info][gc,start       ] GC(1003) Pause Young (Prepare Mixed) (G1 Evacuation Pause)
[156.415s][info][gc,task        ] GC(1003) Using 7 workers of 33 for evacuation
[156.460s][info][gc,phases      ] GC(1003)   Pre Evacuate Collection Set: 0.1ms
[156.460s][info][gc,phases      ] GC(1003)   Merge Heap Roots: 0.9ms
[156.460s][info][gc,phases      ] GC(1003)   Evacuate Collection Set: 43.4ms
[156.460s][info][gc,phases      ] GC(1003)   Post Evacuate Collection Set: 0.3ms
[156.460s][info][gc,phases      ] GC(1003)   Other: 0.1ms
[156.460s][info][gc,heap        ] GC(1003) Eden regions: 78->0(51)
[156.460s][info][gc,heap        ] GC(1003) Survivor regions: 5->11(11)
[156.460s][info][gc,heap        ] GC(1003) Old regions: 134->180
[156.460s][info][gc,heap        ] GC(1003) Archive regions: 0->0
[156.460s][info][gc,heap        ] GC(1003) Humongous regions: 1->1
[156.460s][info][gc,metaspace   ] GC(1003) Metaspace: 16784K(17472K)->16784K(17472K) NonClass: 14364K(14784K)->14364K(14784K) Class: 2420K(2688K)->2420K(2688K)
[156.460s][info][gc             ] GC(1003) Pause Young (Prepare Mixed) (G1 Evacuation Pause) 215M->189M(315M) 45.305ms
[156.460s][info][gc,cpu         ] GC(1003) User=0.33s Sys=0.00s Real=0.05s
[156.527s][info][gc,start       ] GC(1004) Pause Young (Mixed) (G1 Evacuation Pause)
[156.527s][info][gc,task        ] GC(1004) Using 7 workers of 33 for evacuation
[156.563s][info][gc,phases      ] GC(1004)   Pre Evacuate Collection Set: 0.1ms
[156.563s][info][gc,phases      ] GC(1004)   Merge Heap Roots: 0.2ms
[156.563s][info][gc,phases      ] GC(1004)   Evacuate Collection Set: 34.6ms
[156.563s][info][gc,phases      ] GC(1004)   Post Evacuate Collection Set: 0.3ms
[156.563s][info][gc,phases      ] GC(1004)   Other: 0.1ms
[156.563s][info][gc,heap        ] GC(1004) Eden regions: 51->0(36)
[156.563s][info][gc,heap        ] GC(1004) Survivor regions: 11->8(8)
[156.563s][info][gc,heap        ] GC(1004) Old regions: 180->216
[156.563s][info][gc,heap        ] GC(1004) Archive regions: 0->0
[156.563s][info][gc,heap        ] GC(1004) Humongous regions: 1->1
[156.563s][info][gc,metaspace   ] GC(1004) Metaspace: 16784K(17472K)->16784K(17472K) NonClass: 14364K(14784K)->14364K(14784K) Class: 2420K(2688K)->2420K(2688K)
[156.563s][info][gc             ] GC(1004) Pause Young (Mixed) (G1 Evacuation Pause) 240M->223M(315M) 35.901ms
[156.563s][info][gc,cpu         ] GC(1004) User=0.16s Sys=0.06s Real=0.03s
[156.614s][info][gc,start       ] GC(1005) Pause Young (Concurrent Start) (G1 Evacuation Pause)
[156.614s][info][gc,task        ] GC(1005) Using 7 workers of 33 for evacuation
[156.640s][info][gc,phases      ] GC(1005)   Pre Evacuate Collection Set: 0.2ms
[156.640s][info][gc,phases      ] GC(1005)   Merge Heap Roots: 0.2ms
[156.640s][info][gc,phases      ] GC(1005)   Evacuate Collection Set: 25.6ms
[156.640s][info][gc,phases      ] GC(1005)   Post Evacuate Collection Set: 0.3ms
[156.640s][info][gc,phases      ] GC(1005)   Other: 0.1ms
[156.640s][info][gc,heap        ] GC(1005) Eden regions: 36->0(25)
[156.640s][info][gc,heap        ] GC(1005) Survivor regions: 8->6(6)
[156.640s][info][gc,heap        ] GC(1005) Old regions: 216->243
[156.640s][info][gc,heap        ] GC(1005) Archive regions: 0->0
[156.640s][info][gc,heap        ] GC(1005) Humongous regions: 1->1
[156.640s][info][gc,metaspace   ] GC(1005) Metaspace: 16784K(17472K)->16784K(17472K) NonClass: 14364K(14784K)->14364K(14784K) Class: 2420K(2688K)->2420K(2688K)
[156.640s][info][gc             ] GC(1005) Pause Young (Concurrent Start) (G1 Evacuation Pause) 259M->247M(315M) 26.721ms
[156.640s][info][gc             ] GC(1006) Concurrent Mark Cycle
[156.640s][info][gc,cpu         ] GC(1005) User=0.22s Sys=0.00s Real=0.03s
[156.640s][info][gc,marking     ] GC(1006) Concurrent Scan Root Regions
[156.647s][info][gc,marking     ] GC(1006) Concurrent Scan Root Regions 6.453ms
[156.647s][info][gc,marking     ] GC(1006) Concurrent Mark
[156.647s][info][gc,marking     ] GC(1006) Concurrent Mark From Roots
[156.647s][info][gc,task        ] GC(1006) Using 8 workers of 8 for marking
[156.680s][info][gc,start       ] GC(1007) Pause Young (Normal) (G1 Evacuation Pause)
[156.680s][info][gc,task        ] GC(1007) Using 7 workers of 33 for evacuation
[156.691s][info][gc,phases      ] GC(1007)   Pre Evacuate Collection Set: 0.1ms
[156.691s][info][gc,phases      ] GC(1007)   Merge Heap Roots: 0.1ms
[156.691s][info][gc,phases      ] GC(1007)   Evacuate Collection Set: 10.4ms
[156.691s][info][gc,phases      ] GC(1007)   Post Evacuate Collection Set: 0.2ms
[156.691s][info][gc,phases      ] GC(1007)   Other: 0.1ms
[156.691s][info][gc,heap        ] GC(1007) Eden regions: 25->0(18)
[156.691s][info][gc,heap        ] GC(1007) Survivor regions: 6->4(4)
[156.691s][info][gc,heap        ] GC(1007) Old regions: 243->263
[156.691s][info][gc,heap        ] GC(1007) Archive regions: 0->0
[156.691s][info][gc,heap        ] GC(1007) Humongous regions: 1->1
[156.691s][info][gc,metaspace   ] GC(1007) Metaspace: 16784K(17472K)->16784K(17472K) NonClass: 14364K(14784K)->14364K(14784K) Class: 2420K(2688K)->2420K(2688K)
[156.691s][info][gc             ] GC(1007) Pause Young (Normal) (G1 Evacuation Pause) 272M->265M(315M) 11.108ms
[156.691s][info][gc,cpu         ] GC(1007) User=0.11s Sys=0.00s Real=0.02s
[156.712s][info][gc,start       ] GC(1008) Pause Young (Normal) (G1 Evacuation Pause)
[156.712s][info][gc,task        ] GC(1008) Using 7 workers of 33 for evacuation
[156.721s][info][gc,phases      ] GC(1008)   Pre Evacuate Collection Set: 0.1ms
[156.721s][info][gc,phases      ] GC(1008)   Merge Heap Roots: 0.1ms
[156.721s][info][gc,phases      ] GC(1008)   Evacuate Collection Set: 7.9ms
[156.721s][info][gc,phases      ] GC(1008)   Post Evacuate Collection Set: 0.7ms
[156.721s][info][gc,phases      ] GC(1008)   Other: 0.1ms
[156.721s][info][gc,heap        ] GC(1008) Eden regions: 18->0(44)
[156.721s][info][gc,heap        ] GC(1008) Survivor regions: 4->3(3)
[156.721s][info][gc,heap        ] GC(1008) Old regions: 263->277
[156.721s][info][gc,heap        ] GC(1008) Archive regions: 0->0
[156.721s][info][gc,heap        ] GC(1008) Humongous regions: 1->1
[156.721s][info][gc,metaspace   ] GC(1008) Metaspace: 16784K(17472K)->16784K(17472K) NonClass: 14364K(14784K)->14364K(14784K) Class: 2420K(2688K)->2420K(2688K)
[156.721s][info][gc             ] GC(1008) Pause Young (Normal) (G1 Evacuation Pause) 283M->278M(394M) 9.008ms
[156.721s][info][gc,cpu         ] GC(1008) User=0.11s Sys=0.00s Real=0.02s
[156.748s][info][gc,marking     ] GC(1006) Concurrent Mark From Roots 101.513ms
[156.748s][info][gc,marking     ] GC(1006) Concurrent Preclean
[156.748s][info][gc,marking     ] GC(1006) Concurrent Preclean 0.030ms
[156.749s][info][gc,start       ] GC(1006) Pause Remark
[156.750s][info][gc             ] GC(1006) Pause Remark 292M->292M(492M) 1.467ms
[156.750s][info][gc,cpu         ] GC(1006) User=0.00s Sys=0.00s Real=0.00s
[156.750s][info][gc,marking     ] GC(1006) Concurrent Mark 103.239ms
[156.750s][info][gc,marking     ] GC(1006) Concurrent Rebuild Remembered Sets and Scrub Regions
[156.778s][info][gc,marking     ] GC(1006) Concurrent Rebuild Remembered Sets and Scrub Regions 28.338ms
[156.779s][info][gc,start       ] GC(1006) Pause Cleanup
[156.779s][info][gc             ] GC(1006) Pause Cleanup 312M->312M(492M) 0.174ms
[156.779s][info][gc,cpu         ] GC(1006) User=0.00s Sys=0.00s Real=0.00s
[156.779s][info][gc,marking     ] GC(1006) Concurrent Clear Claimed Marks
[156.779s][info][gc,marking     ] GC(1006) Concurrent Clear Claimed Marks 0.021ms
[156.779s][info][gc,marking     ] GC(1006) Concurrent Cleanup for Next Mark
[156.780s][info][gc,marking     ] GC(1006) Concurrent Cleanup for Next Mark 0.892ms
[156.780s][info][gc             ] GC(1006) Concurrent Mark Cycle 139.458ms
[156.794s][info][gc,start       ] GC(1009) Pause Young (Prepare Mixed) (G1 Evacuation Pause)
[156.794s][info][gc,task        ] GC(1009) Using 11 workers of 33 for evacuation
[156.809s][info][gc,phases      ] GC(1009)   Pre Evacuate Collection Set: 0.1ms
[156.809s][info][gc,phases      ] GC(1009)   Merge Heap Roots: 0.2ms
[156.809s][info][gc,phases      ] GC(1009)   Evacuate Collection Set: 14.5ms
[156.809s][info][gc,phases      ] GC(1009)   Post Evacuate Collection Set: 0.3ms
[156.809s][info][gc,phases      ] GC(1009)   Other: 0.1ms
[156.809s][info][gc,heap        ] GC(1009) Eden regions: 44->0(71)
[156.809s][info][gc,heap        ] GC(1009) Survivor regions: 3->6(6)
[156.809s][info][gc,heap        ] GC(1009) Old regions: 277->304
[156.809s][info][gc,heap        ] GC(1009) Archive regions: 0->0
[156.809s][info][gc,heap        ] GC(1009) Humongous regions: 1->1
[156.809s][info][gc,metaspace   ] GC(1009) Metaspace: 16784K(17472K)->16784K(17472K) NonClass: 14364K(14784K)->14364K(14784K) Class: 2420K(2688K)->2420K(2688K)
[156.809s][info][gc             ] GC(1009) Pause Young (Prepare Mixed) (G1 Evacuation Pause) 322M->309M(492M) 15.555ms
[156.809s][info][gc,cpu         ] GC(1009) User=0.11s Sys=0.06s Real=0.02s
[156.895s][info][gc,start       ] GC(1010) Pause Young (Mixed) (G1 Evacuation Pause)
[156.895s][info][gc,task        ] GC(1010) Using 11 workers of 33 for evacuation
[156.923s][info][gc,phases      ] GC(1010)   Pre Evacuate Collection Set: 0.1ms
[156.924s][info][gc,phases      ] GC(1010)   Merge Heap Roots: 0.2ms
[156.924s][info][gc,phases      ] GC(1010)   Evacuate Collection Set: 27.3ms
[156.924s][info][gc,phases      ] GC(1010)   Post Evacuate Collection Set: 0.3ms
[156.924s][info][gc,phases      ] GC(1010)   Other: 0.1ms
[156.924s][info][gc,heap        ] GC(1010) Eden regions: 71->0(52)
[156.924s][info][gc,heap        ] GC(1010) Survivor regions: 6->10(10)
[156.924s][info][gc,heap        ] GC(1010) Old regions: 304->347
[156.924s][info][gc,heap        ] GC(1010) Archive regions: 0->0
[156.924s][info][gc,heap        ] GC(1010) Humongous regions: 1->1
[156.924s][info][gc,metaspace   ] GC(1010) Metaspace: 16784K(17472K)->16784K(17472K) NonClass: 14364K(14784K)->14364K(14784K) Class: 2420K(2688K)->2420K(2688K)
[156.924s][info][gc             ] GC(1010) Pause Young (Mixed) (G1 Evacuation Pause) 380M->355M(492M) 28.661ms
[156.924s][info][gc,cpu         ] GC(1010) User=0.33s Sys=0.02s Real=0.03s
[156.979s][info][gc,start       ] GC(1011) Pause Young (Concurrent Start) (G1 Evacuation Pause)
[156.979s][info][gc,task        ] GC(1011) Using 11 workers of 33 for evacuation
[157.005s][info][gc,phases      ] GC(1011)   Pre Evacuate Collection Set: 0.3ms
[157.005s][info][gc,phases      ] GC(1011)   Merge Heap Roots: 0.2ms
[157.005s][info][gc,phases      ] GC(1011)   Evacuate Collection Set: 24.9ms
[157.005s][info][gc,phases      ] GC(1011)   Post Evacuate Collection Set: 0.3ms
[157.005s][info][gc,phases      ] GC(1011)   Other: 0.2ms
[157.005s][info][gc,heap        ] GC(1011) Eden regions: 52->0(38)
[157.005s][info][gc,heap        ] GC(1011) Survivor regions: 10->8(8)
[157.005s][info][gc,heap        ] GC(1011) Old regions: 347->385
[157.005s][info][gc,heap        ] GC(1011) Archive regions: 0->0
[157.005s][info][gc,heap        ] GC(1011) Humongous regions: 1->1
[157.005s][info][gc,metaspace   ] GC(1011) Metaspace: 16784K(17472K)->16784K(17472K) NonClass: 14364K(14784K)->14364K(14784K) Class: 2420K(2688K)->2420K(2688K)
[157.005s][info][gc             ] GC(1011) Pause Young (Concurrent Start) (G1 Evacuation Pause) 407M->391M(492M) 26.433ms
[157.005s][info][gc             ] GC(1012) Concurrent Mark Cycle
[157.005s][info][gc,cpu         ] GC(1011) User=0.14s Sys=0.03s Real=0.02s
[157.005s][info][gc,marking     ] GC(1012) Concurrent Scan Root Regions
[157.013s][info][gc,marking     ] GC(1012) Concurrent Scan Root Regions 7.780ms
[157.013s][info][gc,marking     ] GC(1012) Concurrent Mark
[157.013s][info][gc,marking     ] GC(1012) Concurrent Mark From Roots
[157.013s][info][gc,task        ] GC(1012) Using 8 workers of 8 for marking
[157.052s][info][gc,start       ] GC(1013) Pause Young (Normal) (G1 Evacuation Pause)
[157.052s][info][gc,task        ] GC(1013) Using 11 workers of 33 for evacuation
[157.064s][info][gc,phases      ] GC(1013)   Pre Evacuate Collection Set: 0.1ms
[157.064s][info][gc,phases      ] GC(1013)   Merge Heap Roots: 0.2ms
[157.064s][info][gc,phases      ] GC(1013)   Evacuate Collection Set: 11.0ms
[157.064s][info][gc,phases      ] GC(1013)   Post Evacuate Collection Set: 0.3ms
[157.064s][info][gc,phases      ] GC(1013)   Other: 0.1ms
[157.064s][info][gc,heap        ] GC(1013) Eden regions: 38->0(27)
[157.064s][info][gc,heap        ] GC(1013) Survivor regions: 8->6(6)
[157.064s][info][gc,heap        ] GC(1013) Old regions: 385->414
[157.064s][info][gc,heap        ] GC(1013) Archive regions: 0->0
[157.064s][info][gc,heap        ] GC(1013) Humongous regions: 1->1
[157.064s][info][gc,metaspace   ] GC(1013) Metaspace: 16784K(17472K)->16784K(17472K) NonClass: 14364K(14784K)->14364K(14784K) Class: 2420K(2688K)->2420K(2688K)
[157.064s][info][gc             ] GC(1013) Pause Young (Normal) (G1 Evacuation Pause) 429M->419M(492M) 12.237ms
[157.064s][info][gc,cpu         ] GC(1013) User=0.00s Sys=0.00s Real=0.00s
[157.097s][info][gc,start       ] GC(1014) Pause Young (Normal) (G1 Evacuation Pause)
[157.097s][info][gc,task        ] GC(1014) Using 11 workers of 33 for evacuation
[157.105s][info][gc,phases      ] GC(1014)   Pre Evacuate Collection Set: 0.1ms
[157.105s][info][gc,phases      ] GC(1014)   Merge Heap Roots: 0.1ms
[157.105s][info][gc,phases      ] GC(1014)   Evacuate Collection Set: 7.7ms
[157.105s][info][gc,phases      ] GC(1014)   Post Evacuate Collection Set: 0.3ms
[157.105s][info][gc,phases      ] GC(1014)   Other: 0.1ms
[157.105s][info][gc,heap        ] GC(1014) Eden regions: 27->0(22)
[157.105s][info][gc,heap        ] GC(1014) Survivor regions: 6->5(5)
[157.105s][info][gc,heap        ] GC(1014) Old regions: 414->436
[157.105s][info][gc,heap        ] GC(1014) Archive regions: 0->0
[157.105s][info][gc,heap        ] GC(1014) Humongous regions: 1->1
[157.105s][info][gc,metaspace   ] GC(1014) Metaspace: 16784K(17472K)->16784K(17472K) NonClass: 14364K(14784K)->14364K(14784K) Class: 2420K(2688K)->2420K(2688K)
[157.105s][info][gc             ] GC(1014) Pause Young (Normal) (G1 Evacuation Pause) 446M->439M(500M) 8.454ms
[157.105s][info][gc,cpu         ] GC(1014) User=0.00s Sys=0.00s Real=0.00s
[157.134s][info][gc,start       ] GC(1015) Pause Young (Normal) (G1 Evacuation Pause)
[157.134s][info][gc,task        ] GC(1015) Using 12 workers of 33 for evacuation
[157.141s][info][gc,phases      ] GC(1015)   Pre Evacuate Collection Set: 0.1ms
[157.141s][info][gc,phases      ] GC(1015)   Merge Heap Roots: 0.1ms
[157.141s][info][gc,phases      ] GC(1015)   Evacuate Collection Set: 6.1ms
[157.141s][info][gc,phases      ] GC(1015)   Post Evacuate Collection Set: 0.3ms
[157.141s][info][gc,phases      ] GC(1015)   Other: 0.1ms
[157.141s][info][gc,heap        ] GC(1015) Eden regions: 22->0(21)
[157.141s][info][gc,heap        ] GC(1015) Survivor regions: 5->4(4)
[157.141s][info][gc,heap        ] GC(1015) Old regions: 436->453
[157.141s][info][gc,heap        ] GC(1015) Archive regions: 0->0
[157.141s][info][gc,heap        ] GC(1015) Humongous regions: 1->1
[157.141s][info][gc,metaspace   ] GC(1015) Metaspace: 16784K(17472K)->16784K(17472K) NonClass: 14364K(14784K)->14364K(14784K) Class: 2420K(2688K)->2420K(2688K)
[157.141s][info][gc             ] GC(1015) Pause Young (Normal) (G1 Evacuation Pause) 461M->456M(500M) 7.007ms
[157.141s][info][gc,cpu         ] GC(1015) User=0.00s Sys=0.00s Real=0.00s
[157.148s][info][gc,marking     ] GC(1012) Concurrent Mark From Roots 134.937ms
[157.148s][info][gc,marking     ] GC(1012) Concurrent Preclean
[157.148s][info][gc,marking     ] GC(1012) Concurrent Preclean 0.042ms
[157.148s][info][gc,start       ] GC(1012) Pause Remark
[157.149s][info][gc             ] GC(1012) Pause Remark 462M->462M(512M) 0.831ms
[157.149s][info][gc,cpu         ] GC(1012) User=0.00s Sys=0.00s Real=0.00s
[157.149s][info][gc,marking     ] GC(1012) Concurrent Mark 135.989ms
[157.149s][info][gc,marking     ] GC(1012) Concurrent Rebuild Remembered Sets and Scrub Regions
[157.171s][info][gc,start       ] GC(1016) Pause Young (Normal) (G1 Evacuation Pause)
[157.171s][info][gc,task        ] GC(1016) Using 12 workers of 33 for evacuation
[157.177s][info][gc,phases      ] GC(1016)   Pre Evacuate Collection Set: 0.1ms
[157.177s][info][gc,phases      ] GC(1016)   Merge Heap Roots: 0.1ms
[157.177s][info][gc,phases      ] GC(1016)   Evacuate Collection Set: 5.4ms
[157.177s][info][gc,phases      ] GC(1016)   Post Evacuate Collection Set: 0.2ms
[157.177s][info][gc,phases      ] GC(1016)   Other: 0.1ms
[157.177s][info][gc,heap        ] GC(1016) Eden regions: 21->0(21)
[157.177s][info][gc,heap        ] GC(1016) Survivor regions: 4->4(4)
[157.177s][info][gc,heap        ] GC(1016) Old regions: 453->469
[157.177s][info][gc,heap        ] GC(1016) Archive regions: 0->0
[157.177s][info][gc,heap        ] GC(1016) Humongous regions: 1->1
[157.177s][info][gc,metaspace   ] GC(1016) Metaspace: 16784K(17472K)->16784K(17472K) NonClass: 14364K(14784K)->14364K(14784K) Class: 2420K(2688K)->2420K(2688K)
[157.177s][info][gc             ] GC(1016) Pause Young (Normal) (G1 Evacuation Pause) 477M->471M(512M) 6.212ms
[157.177s][info][gc,cpu         ] GC(1016) User=0.19s Sys=0.00s Real=0.02s
[157.195s][info][gc,marking     ] GC(1012) Concurrent Rebuild Remembered Sets and Scrub Regions 45.717ms
[157.195s][info][gc,start       ] GC(1012) Pause Cleanup
[157.195s][info][gc             ] GC(1012) Pause Cleanup 488M->488M(512M) 0.227ms
[157.195s][info][gc,cpu         ] GC(1012) User=0.00s Sys=0.00s Real=0.00s
[157.195s][info][gc,marking     ] GC(1012) Concurrent Clear Claimed Marks
[157.195s][info][gc,marking     ] GC(1012) Concurrent Clear Claimed Marks 0.022ms
[157.195s][info][gc,marking     ] GC(1012) Concurrent Cleanup for Next Mark
[157.196s][info][gc,marking     ] GC(1012) Concurrent Cleanup for Next Mark 0.325ms
[157.196s][info][gc             ] GC(1012) Concurrent Mark Cycle 190.414ms
[157.216s][info][gc,start       ] GC(1017) Pause Young (Prepare Mixed) (G1 Evacuation Pause)
[157.216s][info][gc,task        ] GC(1017) Using 12 workers of 33 for evacuation
[157.226s][info][gc,phases      ] GC(1017)   Pre Evacuate Collection Set: 0.1ms
[157.226s][info][gc,phases      ] GC(1017)   Merge Heap Roots: 0.2ms
[157.226s][info][gc,phases      ] GC(1017)   Evacuate Collection Set: 9.1ms
[157.226s][info][gc,phases      ] GC(1017)   Post Evacuate Collection Set: 0.5ms
[157.226s][info][gc,phases      ] GC(1017)   Other: 0.1ms
[157.226s][info][gc,heap        ] GC(1017) Eden regions: 21->0(0)
[157.226s][info][gc,heap        ] GC(1017) Survivor regions: 4->4(4)
[157.226s][info][gc,heap        ] GC(1017) Old regions: 469->506
[157.226s][info][gc,heap        ] GC(1017) Archive regions: 0->0
[157.226s][info][gc,heap        ] GC(1017) Humongous regions: 2->2
[157.226s][info][gc,metaspace   ] GC(1017) Metaspace: 16784K(17472K)->16784K(17472K) NonClass: 14364K(14784K)->14364K(14784K) Class: 2420K(2688K)->2420K(2688K)
[157.226s][info][gc             ] GC(1017) Pause Young (Prepare Mixed) (G1 Evacuation Pause) (Evacuation Failure) 493M->510M(512M) 10.621ms
[157.226s][info][gc,cpu         ] GC(1017) User=0.19s Sys=0.00s Real=0.02s
[157.226s][info][gc,ergo        ] Attempting full compaction
[157.226s][info][gc,start       ] GC(1018) Pause Full (G1 Compaction Pause)
[157.226s][info][gc,task        ] GC(1018) Using 12 workers of 33 for full compaction
[157.227s][info][gc,phases,start] GC(1018) Phase 1: Mark live objects
[157.351s][info][gc,phases      ] GC(1018) Phase 1: Mark live objects 124.317ms
[157.351s][info][gc,phases,start] GC(1018) Phase 2: Prepare compaction
[157.367s][info][gc,phases      ] GC(1018) Phase 2: Prepare compaction 15.398ms
[157.367s][info][gc,phases,start] GC(1018) Phase 3: Adjust pointers
[157.389s][info][gc,phases      ] GC(1018) Phase 3: Adjust pointers 21.862ms
[157.389s][info][gc,phases,start] GC(1018) Phase 4: Compact heap
[157.392s][info][gc,phases      ] GC(1018) Phase 4: Compact heap 3.181ms
[157.395s][info][gc,heap        ] GC(1018) Eden regions: 0->0(25)
[157.395s][info][gc,heap        ] GC(1018) Survivor regions: 4->0(4)
[157.395s][info][gc,heap        ] GC(1018) Old regions: 506->464
[157.395s][info][gc,heap        ] GC(1018) Archive regions: 0->0
[157.395s][info][gc,heap        ] GC(1018) Humongous regions: 2->2
[157.395s][info][gc,metaspace   ] GC(1018) Metaspace: 16784K(17472K)->16784K(17472K) NonClass: 14364K(14784K)->14364K(14784K) Class: 2420K(2688K)->2420K(2688K)
[157.395s][info][gc             ] GC(1018) Pause Full (G1 Compaction Pause) 510M->459M(512M) 168.958ms
[157.395s][info][gc,cpu         ] GC(1018) User=1.95s Sys=0.00s Real=0.17s
[157.454s][info][gc,start       ] GC(1019) Pause Young (Concurrent Start) (G1 Evacuation Pause)
[157.455s][info][gc,task        ] GC(1019) Using 12 workers of 33 for evacuation
[157.471s][info][gc,phases      ] GC(1019)   Pre Evacuate Collection Set: 0.2ms
[157.472s][info][gc,phases      ] GC(1019)   Merge Heap Roots: 1.2ms
[157.472s][info][gc,phases      ] GC(1019)   Evacuate Collection Set: 14.9ms
[157.472s][info][gc,phases      ] GC(1019)   Post Evacuate Collection Set: 0.3ms
[157.472s][info][gc,phases      ] GC(1019)   Other: 0.1ms
[157.472s][info][gc,heap        ] GC(1019) Eden regions: 25->0(21)
[157.472s][info][gc,heap        ] GC(1019) Survivor regions: 0->4(4)
[157.472s][info][gc,heap        ] GC(1019) Old regions: 464->465
[157.472s][info][gc,heap        ] GC(1019) Archive regions: 0->0
[157.472s][info][gc,heap        ] GC(1019) Humongous regions: 2->2
[157.472s][info][gc,metaspace   ] GC(1019) Metaspace: 16784K(17472K)->16784K(17472K) NonClass: 14364K(14784K)->14364K(14784K) Class: 2420K(2688K)->2420K(2688K)
[157.472s][info][gc             ] GC(1019) Pause Young (Concurrent Start) (G1 Evacuation Pause) 484M->464M(512M) 17.450ms
[157.472s][info][gc             ] GC(1020) Concurrent Mark Cycle
[157.472s][info][gc,cpu         ] GC(1019) User=0.38s Sys=0.00s Real=0.03s
[157.472s][info][gc,marking     ] GC(1020) Concurrent Scan Root Regions
[157.478s][info][gc,marking     ] GC(1020) Concurrent Scan Root Regions 6.332ms
[157.478s][info][gc,marking     ] GC(1020) Concurrent Mark
[157.478s][info][gc,marking     ] GC(1020) Concurrent Mark From Roots
[157.478s][info][gc,task        ] GC(1020) Using 8 workers of 8 for marking
[157.543s][info][gc,start       ] GC(1021) Pause Young (Normal) (G1 Evacuation Pause)
[157.543s][info][gc,task        ] GC(1021) Using 12 workers of 33 for evacuation
[157.556s][info][gc,phases      ] GC(1021)   Pre Evacuate Collection Set: 0.1ms
[157.556s][info][gc,phases      ] GC(1021)   Merge Heap Roots: 0.9ms
[157.556s][info][gc,phases      ] GC(1021)   Evacuate Collection Set: 11.4ms
[157.556s][info][gc,phases      ] GC(1021)   Post Evacuate Collection Set: 0.3ms
[157.556s][info][gc,phases      ] GC(1021)   Other: 0.1ms
[157.556s][info][gc,heap        ] GC(1021) Eden regions: 21->0(21)
[157.556s][info][gc,heap        ] GC(1021) Survivor regions: 4->4(4)
[157.556s][info][gc,heap        ] GC(1021) Old regions: 465->468
[157.556s][info][gc,heap        ] GC(1021) Archive regions: 0->0
[157.556s][info][gc,heap        ] GC(1021) Humongous regions: 2->2
[157.556s][info][gc,metaspace   ] GC(1021) Metaspace: 16784K(17472K)->16784K(17472K) NonClass: 14364K(14784K)->14364K(14784K) Class: 2420K(2688K)->2420K(2688K)
[157.556s][info][gc             ] GC(1021) Pause Young (Normal) (G1 Evacuation Pause) 485M->466M(512M) 13.106ms
[157.556s][info][gc,cpu         ] GC(1021) User=0.19s Sys=0.00s Real=0.02s
[157.630s][info][gc,start       ] GC(1022) Pause Young (Normal) (G1 Evacuation Pause)
[157.631s][info][gc,task        ] GC(1022) Using 12 workers of 33 for evacuation
[157.643s][info][gc,phases      ] GC(1022)   Pre Evacuate Collection Set: 0.1ms
[157.643s][info][gc,phases      ] GC(1022)   Merge Heap Roots: 1.0ms
[157.643s][info][gc,phases      ] GC(1022)   Evacuate Collection Set: 11.4ms
[157.644s][info][gc,phases      ] GC(1022)   Post Evacuate Collection Set: 0.3ms
[157.644s][info][gc,phases      ] GC(1022)   Other: 0.1ms
[157.644s][info][gc,heap        ] GC(1022) Eden regions: 21->0(21)
[157.644s][info][gc,heap        ] GC(1022) Survivor regions: 4->4(4)
[157.644s][info][gc,heap        ] GC(1022) Old regions: 468->469
[157.644s][info][gc,heap        ] GC(1022) Archive regions: 0->0
[157.644s][info][gc,heap        ] GC(1022) Humongous regions: 2->2
[157.644s][info][gc,metaspace   ] GC(1022) Metaspace: 16784K(17472K)->16784K(17472K) NonClass: 14364K(14784K)->14364K(14784K) Class: 2420K(2688K)->2420K(2688K)
[157.644s][info][gc             ] GC(1022) Pause Young (Normal) (G1 Evacuation Pause) 487M->467M(512M) 13.143ms
[157.644s][info][gc,cpu         ] GC(1022) User=0.19s Sys=0.00s Real=0.02s
[157.661s][info][gc,marking     ] GC(1020) Concurrent Mark From Roots 182.656ms
[157.661s][info][gc,marking     ] GC(1020) Concurrent Preclean
[157.661s][info][gc,marking     ] GC(1020) Concurrent Preclean 0.053ms
[157.661s][info][gc,start       ] GC(1020) Pause Remark
[157.662s][info][gc             ] GC(1020) Pause Remark 473M->473M(512M) 1.039ms
[157.662s][info][gc,cpu         ] GC(1020) User=0.00s Sys=0.00s Real=0.00s
[157.662s][info][gc,marking     ] GC(1020) Concurrent Mark 184.002ms
[157.662s][info][gc,marking     ] GC(1020) Concurrent Rebuild Remembered Sets and Scrub Regions
[157.704s][info][gc,start       ] GC(1023) Pause Young (Normal) (G1 Evacuation Pause)
[157.704s][info][gc,task        ] GC(1023) Using 12 workers of 33 for evacuation
[157.714s][info][gc,phases      ] GC(1023)   Pre Evacuate Collection Set: 0.1ms
[157.714s][info][gc,phases      ] GC(1023)   Merge Heap Roots: 0.8ms
[157.714s][info][gc,phases      ] GC(1023)   Evacuate Collection Set: 8.7ms
[157.714s][info][gc,phases      ] GC(1023)   Post Evacuate Collection Set: 0.3ms
[157.714s][info][gc,phases      ] GC(1023)   Other: 0.1ms
[157.714s][info][gc,heap        ] GC(1023) Eden regions: 21->0(22)
[157.714s][info][gc,heap        ] GC(1023) Survivor regions: 4->3(4)
[157.714s][info][gc,heap        ] GC(1023) Old regions: 469->471
[157.714s][info][gc,heap        ] GC(1023) Archive regions: 0->0
[157.714s][info][gc,heap        ] GC(1023) Humongous regions: 2->2
[157.714s][info][gc,metaspace   ] GC(1023) Metaspace: 16784K(17472K)->16784K(17472K) NonClass: 14364K(14784K)->14364K(14784K) Class: 2420K(2688K)->2420K(2688K)
[157.714s][info][gc             ] GC(1023) Pause Young (Normal) (G1 Evacuation Pause) 488M->468M(512M) 10.212ms
[157.714s][info][gc,cpu         ] GC(1023) User=0.19s Sys=0.00s Real=0.02s
[157.723s][info][gc,marking     ] GC(1020) Concurrent Rebuild Remembered Sets and Scrub Regions 60.471ms
[157.723s][info][gc,start       ] GC(1020) Pause Cleanup
[157.723s][info][gc             ] GC(1020) Pause Cleanup 471M->471M(512M) 0.187ms
[157.723s][info][gc,cpu         ] GC(1020) User=0.00s Sys=0.00s Real=0.00s
[157.723s][info][gc,marking     ] GC(1020) Concurrent Clear Claimed Marks
[157.723s][info][gc,marking     ] GC(1020) Concurrent Clear Claimed Marks 0.023ms
[157.723s][info][gc,marking     ] GC(1020) Concurrent Cleanup for Next Mark
[157.724s][info][gc,marking     ] GC(1020) Concurrent Cleanup for Next Mark 0.325ms
[157.724s][info][gc             ] GC(1020) Concurrent Mark Cycle 251.753ms
[158.177s][info][gc,start       ] GC(1024) Pause Young (Prepare Mixed) (G1 Evacuation Pause)
[158.177s][info][gc,task        ] GC(1024) Using 12 workers of 33 for evacuation
[158.184s][info][gc,phases      ] GC(1024)   Pre Evacuate Collection Set: 0.1ms
[158.184s][info][gc,phases      ] GC(1024)   Merge Heap Roots: 0.5ms
[158.185s][info][gc,phases      ] GC(1024)   Evacuate Collection Set: 6.5ms
[158.185s][info][gc,phases      ] GC(1024)   Post Evacuate Collection Set: 0.5ms
[158.185s][info][gc,phases      ] GC(1024)   Other: 0.1ms
[158.185s][info][gc,heap        ] GC(1024) Eden regions: 22->0(22)
[158.185s][info][gc,heap        ] GC(1024) Survivor regions: 3->3(4)
[158.185s][info][gc,heap        ] GC(1024) Old regions: 471->471
[158.185s][info][gc,heap        ] GC(1024) Archive regions: 0->0
[158.185s][info][gc,heap        ] GC(1024) Humongous regions: 2->2
[158.185s][info][gc,metaspace   ] GC(1024) Metaspace: 16784K(17472K)->16784K(17472K) NonClass: 14364K(14784K)->14364K(14784K) Class: 2420K(2688K)->2420K(2688K)
[158.185s][info][gc             ] GC(1024) Pause Young (Prepare Mixed) (G1 Evacuation Pause) 490M->468M(512M) 8.056ms
[158.185s][info][gc,cpu         ] GC(1024) User=0.19s Sys=0.00s Real=0.01s
[166.116s][info][gc,start       ] GC(1025) Pause Young (Mixed) (G1 Evacuation Pause)
[166.116s][info][gc,task        ] GC(1025) Using 12 workers of 33 for evacuation
[166.124s][info][gc,phases      ] GC(1025)   Pre Evacuate Collection Set: 0.1ms
[166.124s][info][gc,phases      ] GC(1025)   Merge Heap Roots: 0.3ms
[166.124s][info][gc,phases      ] GC(1025)   Evacuate Collection Set: 6.4ms
[166.124s][info][gc,phases      ] GC(1025)   Post Evacuate Collection Set: 0.5ms
[166.124s][info][gc,phases      ] GC(1025)   Other: 0.1ms
[166.124s][info][gc,heap        ] GC(1025) Eden regions: 22->0(21)
[166.124s][info][gc,heap        ] GC(1025) Survivor regions: 3->4(4)
[166.124s][info][gc,heap        ] GC(1025) Old regions: 471->471
[166.124s][info][gc,heap        ] GC(1025) Archive regions: 0->0
[166.124s][info][gc,heap        ] GC(1025) Humongous regions: 2->2
[166.124s][info][gc,metaspace   ] GC(1025) Metaspace: 16784K(17472K)->16784K(17472K) NonClass: 14364K(14784K)->14364K(14784K) Class: 2420K(2688K)->2420K(2688K)
[166.124s][info][gc             ] GC(1025) Pause Young (Mixed) (G1 Evacuation Pause) 490M->472M(512M) 7.972ms
[166.124s][info][gc,cpu         ] GC(1025) User=0.00s Sys=0.00s Real=0.00s
[166.140s][info][gc,start       ] GC(1026) Pause Young (Concurrent Start) (G1 Evacuation Pause)
[166.140s][info][gc,task        ] GC(1026) Using 12 workers of 33 for evacuation
[166.149s][info][gc,phases      ] GC(1026)   Pre Evacuate Collection Set: 0.2ms
[166.149s][info][gc,phases      ] GC(1026)   Merge Heap Roots: 0.2ms
[166.149s][info][gc,phases      ] GC(1026)   Evacuate Collection Set: 7.6ms
[166.149s][info][gc,phases      ] GC(1026)   Post Evacuate Collection Set: 0.4ms
[166.149s][info][gc,phases      ] GC(1026)   Other: 0.1ms
[166.149s][info][gc,heap        ] GC(1026) Eden regions: 21->0(21)
[166.149s][info][gc,heap        ] GC(1026) Survivor regions: 4->4(4)
[166.149s][info][gc,heap        ] GC(1026) Old regions: 471->481
[166.149s][info][gc,heap        ] GC(1026) Archive regions: 0->0
[166.149s][info][gc,heap        ] GC(1026) Humongous regions: 2->2
[166.149s][info][gc,metaspace   ] GC(1026) Metaspace: 16784K(17472K)->16784K(17472K) NonClass: 14364K(14784K)->14364K(14784K) Class: 2420K(2688K)->2420K(2688K)
[166.149s][info][gc             ] GC(1026) Pause Young (Concurrent Start) (G1 Evacuation Pause) 493M->481M(512M) 9.003ms
[166.149s][info][gc             ] GC(1027) Concurrent Mark Cycle
[166.149s][info][gc,cpu         ] GC(1026) User=0.19s Sys=0.00s Real=0.02s
[166.149s][info][gc,marking     ] GC(1027) Concurrent Scan Root Regions
[166.153s][info][gc,marking     ] GC(1027) Concurrent Scan Root Regions 3.697ms
[166.153s][info][gc,marking     ] GC(1027) Concurrent Mark
[166.153s][info][gc,marking     ] GC(1027) Concurrent Mark From Roots
[166.153s][info][gc,task        ] GC(1027) Using 8 workers of 8 for marking
[166.167s][info][gc,start       ] GC(1028) Pause Young (Normal) (G1 Evacuation Pause)
[166.167s][info][gc,task        ] GC(1028) Using 12 workers of 33 for evacuation
[166.175s][info][gc,phases      ] GC(1028)   Pre Evacuate Collection Set: 0.1ms
[166.175s][info][gc,phases      ] GC(1028)   Merge Heap Roots: 0.1ms
[166.175s][info][gc,phases      ] GC(1028)   Evacuate Collection Set: 6.4ms
[166.175s][info][gc,phases      ] GC(1028)   Post Evacuate Collection Set: 1.2ms
[166.175s][info][gc,phases      ] GC(1028)   Other: 0.1ms
[166.175s][info][gc,heap        ] GC(1028) Eden regions: 21->0(0)
[166.175s][info][gc,heap        ] GC(1028) Survivor regions: 4->1(4)
[166.175s][info][gc,heap        ] GC(1028) Old regions: 481->509
[166.175s][info][gc,heap        ] GC(1028) Archive regions: 0->0
[166.175s][info][gc,heap        ] GC(1028) Humongous regions: 2->2
[166.175s][info][gc,metaspace   ] GC(1028) Metaspace: 16784K(17472K)->16784K(17472K) NonClass: 14364K(14784K)->14364K(14784K) Class: 2420K(2688K)->2420K(2688K)
[166.175s][info][gc             ] GC(1028) Pause Young (Normal) (G1 Evacuation Pause) (Evacuation Failure) 502M->507M(512M) 8.400ms
[166.175s][info][gc,cpu         ] GC(1028) User=0.19s Sys=0.00s Real=0.02s
[166.175s][info][gc,ergo        ] Attempting full compaction
[166.175s][info][gc,start       ] GC(1029) Pause Full (G1 Compaction Pause)
[166.176s][info][gc,task        ] GC(1029) Using 12 workers of 33 for full compaction
[166.176s][info][gc,phases,start] GC(1029) Phase 1: Mark live objects
[166.189s][info][gc,phases      ] GC(1029) Phase 1: Mark live objects 12.575ms
[166.189s][info][gc,phases,start] GC(1029) Phase 2: Prepare compaction
[166.192s][info][gc,phases      ] GC(1029) Phase 2: Prepare compaction 3.043ms
[166.192s][info][gc,phases,start] GC(1029) Phase 3: Adjust pointers
[166.196s][info][gc,phases      ] GC(1029) Phase 3: Adjust pointers 3.501ms
[166.196s][info][gc,phases,start] GC(1029) Phase 4: Compact heap
[166.197s][info][gc,phases      ] GC(1029) Phase 4: Compact heap 1.556ms
[166.201s][info][gc,heap        ] GC(1029) Eden regions: 0->0(66)
[166.201s][info][gc,heap        ] GC(1029) Survivor regions: 1->0(4)
[166.201s][info][gc,heap        ] GC(1029) Old regions: 509->56
[166.201s][info][gc,heap        ] GC(1029) Archive regions: 0->0
[166.201s][info][gc,heap        ] GC(1029) Humongous regions: 2->0
[166.201s][info][gc,metaspace   ] GC(1029) Metaspace: 16784K(17472K)->16784K(17472K) NonClass: 14364K(14784K)->14364K(14784K) Class: 2420K(2688K)->2420K(2688K)
[166.201s][info][gc             ] GC(1029) Pause Full (G1 Compaction Pause) 507M->50M(187M) 25.966ms
[166.201s][info][gc,cpu         ] GC(1029) User=0.19s Sys=0.00s Real=0.02s
[166.202s][info][gc,marking     ] GC(1027) Concurrent Mark From Roots 48.486ms
[166.202s][info][gc,marking     ] GC(1027) Concurrent Mark Abort
[166.202s][info][gc             ] GC(1027) Concurrent Mark Cycle 52.404ms
[166.254s][info][gc,start       ] GC(1030) Pause Young (Normal) (G1 Evacuation Pause)
[166.254s][info][gc,task        ] GC(1030) Using 8 workers of 33 for evacuation
[166.273s][info][gc,phases      ] GC(1030)   Pre Evacuate Collection Set: 0.1ms
[166.273s][info][gc,phases      ] GC(1030)   Merge Heap Roots: 0.1ms
[166.273s][info][gc,phases      ] GC(1030)   Evacuate Collection Set: 18.0ms
[166.273s][info][gc,phases      ] GC(1030)   Post Evacuate Collection Set: 0.4ms
[166.273s][info][gc,phases      ] GC(1030)   Other: 0.1ms
[166.273s][info][gc,heap        ] GC(1030) Eden regions: 66->0(52)
[166.273s][info][gc,heap        ] GC(1030) Survivor regions: 0->9(9)
[166.273s][info][gc,heap        ] GC(1030) Old regions: 56->75
[166.273s][info][gc,heap        ] GC(1030) Archive regions: 0->0
[166.273s][info][gc,heap        ] GC(1030) Humongous regions: 0->0
[166.273s][info][gc,metaspace   ] GC(1030) Metaspace: 16784K(17472K)->16784K(17472K) NonClass: 14364K(14784K)->14364K(14784K) Class: 2420K(2688K)->2420K(2688K)
[166.273s][info][gc             ] GC(1030) Pause Young (Normal) (G1 Evacuation Pause) 116M->78M(187M) 19.115ms
[166.273s][info][gc,cpu         ] GC(1030) User=0.13s Sys=0.00s Real=0.02s
[166.334s][info][gc,start       ] GC(1031) Pause Young (Concurrent Start) (G1 Evacuation Pause)
[166.335s][info][gc,task        ] GC(1031) Using 6 workers of 33 for evacuation
[166.361s][info][gc,phases      ] GC(1031)   Pre Evacuate Collection Set: 0.2ms
[166.361s][info][gc,phases      ] GC(1031)   Merge Heap Roots: 0.1ms
[166.361s][info][gc,phases      ] GC(1031)   Evacuate Collection Set: 25.3ms
[166.361s][info][gc,phases      ] GC(1031)   Post Evacuate Collection Set: 0.3ms
[166.361s][info][gc,phases      ] GC(1031)   Other: 0.1ms
[166.361s][info][gc,heap        ] GC(1031) Eden regions: 52->0(39)
[166.361s][info][gc,heap        ] GC(1031) Survivor regions: 9->8(8)
[166.361s][info][gc,heap        ] GC(1031) Old regions: 75->100
[166.361s][info][gc,heap        ] GC(1031) Archive regions: 0->0
[166.361s][info][gc,heap        ] GC(1031) Humongous regions: 0->0
[166.361s][info][gc,metaspace   ] GC(1031) Metaspace: 16784K(17472K)->16784K(17472K) NonClass: 14364K(14784K)->14364K(14784K) Class: 2420K(2688K)->2420K(2688K)
[166.361s][info][gc             ] GC(1031) Pause Young (Concurrent Start) (G1 Evacuation Pause) 130M->102M(187M) 26.584ms
[166.361s][info][gc             ] GC(1032) Concurrent Mark Cycle
[166.361s][info][gc,cpu         ] GC(1031) User=0.19s Sys=0.00s Real=0.03s
[166.361s][info][gc,marking     ] GC(1032) Concurrent Scan Root Regions
[166.367s][info][gc,marking     ] GC(1032) Concurrent Scan Root Regions 6.365ms
[166.368s][info][gc,marking     ] GC(1032) Concurrent Mark
[166.368s][info][gc,marking     ] GC(1032) Concurrent Mark From Roots
[166.368s][info][gc,task        ] GC(1032) Using 8 workers of 8 for marking
[166.390s][info][gc,marking     ] GC(1032) Concurrent Mark From Roots 22.748ms
[166.390s][info][gc,marking     ] GC(1032) Concurrent Preclean
[166.390s][info][gc,marking     ] GC(1032) Concurrent Preclean 0.054ms
[166.390s][info][gc,start       ] GC(1032) Pause Remark
[166.392s][info][gc             ] GC(1032) Pause Remark 134M->134M(235M) 1.099ms
[166.392s][info][gc,cpu         ] GC(1032) User=0.02s Sys=0.00s Real=0.02s
[166.392s][info][gc,marking     ] GC(1032) Concurrent Mark 24.161ms
[166.392s][info][gc,marking     ] GC(1032) Concurrent Rebuild Remembered Sets and Scrub Regions
[166.398s][info][gc,start       ] GC(1033) Pause Young (Normal) (G1 Evacuation Pause)
[166.398s][info][gc,task        ] GC(1033) Using 5 workers of 33 for evacuation
[166.417s][info][gc,phases      ] GC(1033)   Pre Evacuate Collection Set: 0.1ms
[166.417s][info][gc,phases      ] GC(1033)   Merge Heap Roots: 0.1ms
[166.417s][info][gc,phases      ] GC(1033)   Evacuate Collection Set: 18.4ms
[166.417s][info][gc,phases      ] GC(1033)   Post Evacuate Collection Set: 0.3ms
[166.417s][info][gc,phases      ] GC(1033)   Other: 0.1ms
[166.417s][info][gc,heap        ] GC(1033) Eden regions: 39->0(53)
[166.417s][info][gc,heap        ] GC(1033) Survivor regions: 8->6(6)
[166.417s][info][gc,heap        ] GC(1033) Old regions: 100->120
[166.417s][info][gc,heap        ] GC(1033) Archive regions: 0->0
[166.417s][info][gc,heap        ] GC(1033) Humongous regions: 0->0
[166.417s][info][gc,metaspace   ] GC(1033) Metaspace: 16784K(17472K)->16784K(17472K) NonClass: 14364K(14784K)->14364K(14784K) Class: 2420K(2688K)->2420K(2688K)
[166.417s][info][gc             ] GC(1033) Pause Young (Normal) (G1 Evacuation Pause) 141M->120M(235M) 19.183ms
[166.417s][info][gc,cpu         ] GC(1033) User=0.08s Sys=0.00s Real=0.02s
[166.421s][info][gc,marking     ] GC(1032) Concurrent Rebuild Remembered Sets and Scrub Regions 28.889ms
[166.421s][info][gc,start       ] GC(1032) Pause Cleanup
[166.421s][info][gc             ] GC(1032) Pause Cleanup 124M->124M(235M) 0.164ms
[166.421s][info][gc,cpu         ] GC(1032) User=0.00s Sys=0.00s Real=0.00s
[166.421s][info][gc,marking     ] GC(1032) Concurrent Clear Claimed Marks
[166.421s][info][gc,marking     ] GC(1032) Concurrent Clear Claimed Marks 0.062ms
[166.421s][info][gc,marking     ] GC(1032) Concurrent Cleanup for Next Mark
[166.421s][info][gc,marking     ] GC(1032) Concurrent Cleanup for Next Mark 0.210ms
[166.421s][info][gc             ] GC(1032) Concurrent Mark Cycle 60.219ms
[166.461s][info][gc,start       ] GC(1034) Pause Young (Prepare Mixed) (G1 Evacuation Pause)
[166.461s][info][gc,task        ] GC(1034) Using 5 workers of 33 for evacuation
[166.492s][info][gc,phases      ] GC(1034)   Pre Evacuate Collection Set: 0.1ms
[166.492s][info][gc,phases      ] GC(1034)   Merge Heap Roots: 0.1ms
[166.492s][info][gc,phases      ] GC(1034)   Evacuate Collection Set: 30.9ms
[166.492s][info][gc,phases      ] GC(1034)   Post Evacuate Collection Set: 0.3ms
[166.492s][info][gc,phases      ] GC(1034)   Other: 0.1ms
[166.492s][info][gc,heap        ] GC(1034) Eden regions: 53->0(42)
[166.492s][info][gc,heap        ] GC(1034) Survivor regions: 6->8(8)
[166.492s][info][gc,heap        ] GC(1034) Old regions: 120->141
[166.493s][info][gc,heap        ] GC(1034) Archive regions: 0->0
[166.493s][info][gc,heap        ] GC(1034) Humongous regions: 0->0
[166.493s][info][gc,metaspace   ] GC(1034) Metaspace: 16784K(17472K)->16784K(17472K) NonClass: 14364K(14784K)->14364K(14784K) Class: 2420K(2688K)->2420K(2688K)
[166.493s][info][gc             ] GC(1034) Pause Young (Prepare Mixed) (G1 Evacuation Pause) 173M->143M(235M) 32.037ms
[166.493s][info][gc,cpu         ] GC(1034) User=0.16s Sys=0.00s Real=0.03s
[166.536s][info][gc,start       ] GC(1035) Pause Young (Mixed) (G1 Evacuation Pause)
[166.536s][info][gc,task        ] GC(1035) Using 5 workers of 33 for evacuation
[166.566s][info][gc,phases      ] GC(1035)   Pre Evacuate Collection Set: 0.1ms
[166.566s][info][gc,phases      ] GC(1035)   Merge Heap Roots: 0.1ms
[166.566s][info][gc,phases      ] GC(1035)   Evacuate Collection Set: 29.7ms
[166.566s][info][gc,phases      ] GC(1035)   Post Evacuate Collection Set: 0.3ms
[166.566s][info][gc,phases      ] GC(1035)   Other: 0.1ms
[166.566s][info][gc,heap        ] GC(1035) Eden regions: 42->0(33)
[166.566s][info][gc,heap        ] GC(1035) Survivor regions: 8->7(7)
[166.566s][info][gc,heap        ] GC(1035) Old regions: 141->159
[166.566s][info][gc,heap        ] GC(1035) Archive regions: 0->0
[166.567s][info][gc,heap        ] GC(1035) Humongous regions: 0->0
[166.567s][info][gc,metaspace   ] GC(1035) Metaspace: 16784K(17472K)->16784K(17472K) NonClass: 14364K(14784K)->14364K(14784K) Class: 2420K(2688K)->2420K(2688K)
[166.567s][info][gc             ] GC(1035) Pause Young (Mixed) (G1 Evacuation Pause) 185M->161M(235M) 30.754ms
[166.567s][info][gc,cpu         ] GC(1035) User=0.16s Sys=0.00s Real=0.03s
[166.605s][info][gc,start       ] GC(1036) Pause Young (Concurrent Start) (G1 Evacuation Pause)
[166.605s][info][gc,task        ] GC(1036) Using 5 workers of 33 for evacuation
[166.633s][info][gc,phases      ] GC(1036)   Pre Evacuate Collection Set: 0.2ms
[166.633s][info][gc,phases      ] GC(1036)   Merge Heap Roots: 0.1ms
[166.633s][info][gc,phases      ] GC(1036)   Evacuate Collection Set: 25.1ms
[166.633s][info][gc,phases      ] GC(1036)   Post Evacuate Collection Set: 1.9ms
[166.633s][info][gc,phases      ] GC(1036)   Other: 0.1ms
[166.633s][info][gc,heap        ] GC(1036) Eden regions: 33->0(81)
[166.633s][info][gc,heap        ] GC(1036) Survivor regions: 7->5(5)
[166.633s][info][gc,heap        ] GC(1036) Old regions: 159->177
[166.633s][info][gc,heap        ] GC(1036) Archive regions: 0->0
[166.633s][info][gc,heap        ] GC(1036) Humongous regions: 0->0
[166.633s][info][gc,metaspace   ] GC(1036) Metaspace: 16784K(17472K)->16784K(17472K) NonClass: 14364K(14784K)->14364K(14784K) Class: 2420K(2688K)->2420K(2688K)
[166.633s][info][gc             ] GC(1036) Pause Young (Concurrent Start) (G1 Evacuation Pause) 194M->177M(346M) 27.840ms
[166.633s][info][gc             ] GC(1037) Concurrent Mark Cycle
[166.633s][info][gc,cpu         ] GC(1036) User=0.16s Sys=0.00s Real=0.03s
[166.633s][info][gc,marking     ] GC(1037) Concurrent Scan Root Regions
[166.639s][info][gc,marking     ] GC(1037) Concurrent Scan Root Regions 5.834ms
[166.639s][info][gc,marking     ] GC(1037) Concurrent Mark
[166.639s][info][gc,marking     ] GC(1037) Concurrent Mark From Roots
[166.639s][info][gc,task        ] GC(1037) Using 8 workers of 8 for marking
[166.687s][info][gc,marking     ] GC(1037) Concurrent Mark From Roots 47.816ms
[166.687s][info][gc,marking     ] GC(1037) Concurrent Preclean
[166.687s][info][gc,marking     ] GC(1037) Concurrent Preclean 0.062ms
[166.687s][info][gc,start       ] GC(1037) Pause Remark
[166.689s][info][gc             ] GC(1037) Pause Remark 223M->223M(382M) 1.609ms
[166.689s][info][gc,cpu         ] GC(1037) User=0.00s Sys=0.02s Real=0.02s
[166.689s][info][gc,marking     ] GC(1037) Concurrent Mark 49.813ms
[166.689s][info][gc,marking     ] GC(1037) Concurrent Rebuild Remembered Sets and Scrub Regions
[166.704s][info][gc,marking     ] GC(1037) Concurrent Rebuild Remembered Sets and Scrub Regions 14.896ms
[166.704s][info][gc,start       ] GC(1037) Pause Cleanup
[166.704s][info][gc             ] GC(1037) Pause Cleanup 236M->236M(382M) 0.296ms
[166.704s][info][gc,cpu         ] GC(1037) User=0.02s Sys=0.00s Real=0.02s
[166.704s][info][gc,marking     ] GC(1037) Concurrent Clear Claimed Marks
[166.704s][info][gc,marking     ] GC(1037) Concurrent Clear Claimed Marks 0.040ms
[166.704s][info][gc,marking     ] GC(1037) Concurrent Cleanup for Next Mark
[166.705s][info][gc,marking     ] GC(1037) Concurrent Cleanup for Next Mark 1.009ms
[166.705s][info][gc             ] GC(1037) Concurrent Mark Cycle 72.296ms
[166.731s][info][gc,start       ] GC(1038) Pause Young (Prepare Mixed) (G1 Evacuation Pause)
[166.731s][info][gc,task        ] GC(1038) Using 9 workers of 33 for evacuation
[166.754s][info][gc,phases      ] GC(1038)   Pre Evacuate Collection Set: 0.1ms
[166.754s][info][gc,phases      ] GC(1038)   Merge Heap Roots: 0.1ms
[166.754s][info][gc,phases      ] GC(1038)   Evacuate Collection Set: 22.6ms
[166.754s][info][gc,phases      ] GC(1038)   Post Evacuate Collection Set: 0.4ms
[166.754s][info][gc,phases      ] GC(1038)   Other: 0.1ms
[166.754s][info][gc,heap        ] GC(1038) Eden regions: 81->0(82)
[166.754s][info][gc,heap        ] GC(1038) Survivor regions: 5->11(11)
[166.754s][info][gc,heap        ] GC(1038) Old regions: 177->206
[166.754s][info][gc,heap        ] GC(1038) Archive regions: 0->0
[166.754s][info][gc,heap        ] GC(1038) Humongous regions: 0->0
[166.754s][info][gc,metaspace   ] GC(1038) Metaspace: 16784K(17472K)->16784K(17472K) NonClass: 14364K(14784K)->14364K(14784K) Class: 2420K(2688K)->2420K(2688K)
[166.755s][info][gc             ] GC(1038) Pause Young (Prepare Mixed) (G1 Evacuation Pause) 258M->212M(382M) 23.720ms
[166.755s][info][gc,cpu         ] GC(1038) User=0.27s Sys=0.02s Real=0.03s
[166.823s][info][gc,start       ] GC(1039) Pause Young (Mixed) (G1 Evacuation Pause)
[166.823s][info][gc,task        ] GC(1039) Using 9 workers of 33 for evacuation
[166.853s][info][gc,phases      ] GC(1039)   Pre Evacuate Collection Set: 0.1ms
[166.853s][info][gc,phases      ] GC(1039)   Merge Heap Roots: 0.1ms
[166.853s][info][gc,phases      ] GC(1039)   Evacuate Collection Set: 29.8ms
[166.853s][info][gc,phases      ] GC(1039)   Post Evacuate Collection Set: 0.3ms
[166.853s][info][gc,phases      ] GC(1039)   Other: 0.1ms
[166.853s][info][gc,heap        ] GC(1039) Eden regions: 82->0(65)
[166.853s][info][gc,heap        ] GC(1039) Survivor regions: 11->12(12)
[166.853s][info][gc,heap        ] GC(1039) Old regions: 206->239
[166.853s][info][gc,heap        ] GC(1039) Archive regions: 0->0
[166.853s][info][gc,heap        ] GC(1039) Humongous regions: 0->0
[166.854s][info][gc,metaspace   ] GC(1039) Metaspace: 16784K(17472K)->16784K(17472K) NonClass: 14364K(14784K)->14364K(14784K) Class: 2420K(2688K)->2420K(2688K)
[166.854s][info][gc             ] GC(1039) Pause Young (Mixed) (G1 Evacuation Pause) 294M->247M(382M) 30.975ms
[166.854s][info][gc,cpu         ] GC(1039) User=0.28s Sys=0.00s Real=0.03s
[166.908s][info][gc,start       ] GC(1040) Pause Young (Concurrent Start) (G1 Evacuation Pause)
[166.908s][info][gc,task        ] GC(1040) Using 9 workers of 33 for evacuation
[166.935s][info][gc,phases      ] GC(1040)   Pre Evacuate Collection Set: 0.2ms
[166.935s][info][gc,phases      ] GC(1040)   Merge Heap Roots: 0.1ms
[166.935s][info][gc,phases      ] GC(1040)   Evacuate Collection Set: 26.5ms
[166.935s][info][gc,phases      ] GC(1040)   Post Evacuate Collection Set: 0.3ms
[166.936s][info][gc,phases      ] GC(1040)   Other: 0.1ms
[166.936s][info][gc,heap        ] GC(1040) Eden regions: 65->0(50)
[166.936s][info][gc,heap        ] GC(1040) Survivor regions: 12->10(10)
[166.936s][info][gc,heap        ] GC(1040) Old regions: 239->271
[166.936s][info][gc,heap        ] GC(1040) Archive regions: 0->0
[166.936s][info][gc,heap        ] GC(1040) Humongous regions: 0->0
[166.936s][info][gc,metaspace   ] GC(1040) Metaspace: 16784K(17472K)->16784K(17472K) NonClass: 14364K(14784K)->14364K(14784K) Class: 2420K(2688K)->2420K(2688K)
[166.936s][info][gc             ] GC(1040) Pause Young (Concurrent Start) (G1 Evacuation Pause) 312M->277M(382M) 27.714ms
[166.936s][info][gc             ] GC(1041) Concurrent Mark Cycle
[166.936s][info][gc,cpu         ] GC(1040) User=0.25s Sys=0.03s Real=0.03s
[166.936s][info][gc,marking     ] GC(1041) Concurrent Scan Root Regions
[166.944s][info][gc,marking     ] GC(1041) Concurrent Scan Root Regions 8.232ms
[166.944s][info][gc,marking     ] GC(1041) Concurrent Mark
[166.944s][info][gc,marking     ] GC(1041) Concurrent Mark From Roots
[166.944s][info][gc,task        ] GC(1041) Using 8 workers of 8 for marking
[166.985s][info][gc,start       ] GC(1042) Pause Young (Normal) (G1 Evacuation Pause)
[166.985s][info][gc,task        ] GC(1042) Using 9 workers of 33 for evacuation
[166.998s][info][gc,phases      ] GC(1042)   Pre Evacuate Collection Set: 0.1ms
[166.998s][info][gc,phases      ] GC(1042)   Merge Heap Roots: 0.1ms
[166.998s][info][gc,phases      ] GC(1042)   Evacuate Collection Set: 12.8ms
[166.998s][info][gc,phases      ] GC(1042)   Post Evacuate Collection Set: 0.3ms
[166.998s][info][gc,phases      ] GC(1042)   Other: 0.1ms
[166.998s][info][gc,heap        ] GC(1042) Eden regions: 50->0(38)
[166.998s][info][gc,heap        ] GC(1042) Survivor regions: 10->8(8)
[166.998s][info][gc,heap        ] GC(1042) Old regions: 271->297
[166.998s][info][gc,heap        ] GC(1042) Archive regions: 0->0
[166.998s][info][gc,heap        ] GC(1042) Humongous regions: 0->0
[166.998s][info][gc,metaspace   ] GC(1042) Metaspace: 16784K(17472K)->16784K(17472K) NonClass: 14364K(14784K)->14364K(14784K) Class: 2420K(2688K)->2420K(2688K)
[166.998s][info][gc             ] GC(1042) Pause Young (Normal) (G1 Evacuation Pause) 327M->302M(382M) 13.818ms
[166.998s][info][gc,cpu         ] GC(1042) User=0.14s Sys=0.00s Real=0.02s
[167.025s][info][gc,marking     ] GC(1041) Concurrent Mark From Roots 80.573ms
[167.025s][info][gc,marking     ] GC(1041) Concurrent Preclean
[167.025s][info][gc,marking     ] GC(1041) Concurrent Preclean 0.033ms
[167.025s][info][gc,start       ] GC(1041) Pause Remark
[167.028s][info][gc             ] GC(1041) Pause Remark 330M->330M(512M) 2.778ms
[167.028s][info][gc,cpu         ] GC(1041) User=0.00s Sys=0.00s Real=0.00s
[167.028s][info][gc,marking     ] GC(1041) Concurrent Mark 83.659ms
[167.028s][info][gc,marking     ] GC(1041) Concurrent Rebuild Remembered Sets and Scrub Regions
[167.042s][info][gc,start       ] GC(1043) Pause Young (Normal) (G1 Evacuation Pause)
[167.042s][info][gc,task        ] GC(1043) Using 12 workers of 33 for evacuation
[167.052s][info][gc,phases      ] GC(1043)   Pre Evacuate Collection Set: 0.1ms
[167.052s][info][gc,phases      ] GC(1043)   Merge Heap Roots: 0.1ms
[167.052s][info][gc,phases      ] GC(1043)   Evacuate Collection Set: 8.9ms
[167.052s][info][gc,phases      ] GC(1043)   Post Evacuate Collection Set: 0.3ms
[167.052s][info][gc,phases      ] GC(1043)   Other: 0.1ms
[167.052s][info][gc,heap        ] GC(1043) Eden regions: 38->0(94)
[167.052s][info][gc,heap        ] GC(1043) Survivor regions: 8->6(6)
[167.052s][info][gc,heap        ] GC(1043) Old regions: 297->318
[167.052s][info][gc,heap        ] GC(1043) Archive regions: 0->0
[167.052s][info][gc,heap        ] GC(1043) Humongous regions: 0->0
[167.052s][info][gc,metaspace   ] GC(1043) Metaspace: 16784K(17472K)->16784K(17472K) NonClass: 14364K(14784K)->14364K(14784K) Class: 2420K(2688K)->2420K(2688K)
[167.052s][info][gc             ] GC(1043) Pause Young (Normal) (G1 Evacuation Pause) 340M->320M(512M) 9.913ms
[167.052s][info][gc,cpu         ] GC(1043) User=0.19s Sys=0.00s Real=0.02s
[167.068s][info][gc,marking     ] GC(1041) Concurrent Rebuild Remembered Sets and Scrub Regions 40.597ms
[167.069s][info][gc,start       ] GC(1041) Pause Cleanup
[167.069s][info][gc             ] GC(1041) Pause Cleanup 333M->333M(512M) 0.344ms
[167.069s][info][gc,cpu         ] GC(1041) User=0.00s Sys=0.00s Real=0.00s
[167.069s][info][gc,marking     ] GC(1041) Concurrent Clear Claimed Marks
[167.069s][info][gc,marking     ] GC(1041) Concurrent Clear Claimed Marks 0.050ms
[167.069s][info][gc,marking     ] GC(1041) Concurrent Cleanup for Next Mark
[167.070s][info][gc,marking     ] GC(1041) Concurrent Cleanup for Next Mark 0.703ms
[167.070s][info][gc             ] GC(1041) Concurrent Mark Cycle 133.974ms
[167.148s][info][gc,start       ] GC(1044) Pause Young (Prepare Mixed) (G1 Evacuation Pause)
[167.149s][info][gc,task        ] GC(1044) Using 12 workers of 33 for evacuation
[167.175s][info][gc,phases      ] GC(1044)   Pre Evacuate Collection Set: 0.1ms
[167.175s][info][gc,phases      ] GC(1044)   Merge Heap Roots: 0.1ms
[167.175s][info][gc,phases      ] GC(1044)   Evacuate Collection Set: 25.7ms
[167.175s][info][gc,phases      ] GC(1044)   Post Evacuate Collection Set: 0.4ms
[167.175s][info][gc,phases      ] GC(1044)   Other: 0.1ms
[167.175s][info][gc,heap        ] GC(1044) Eden regions: 94->0(73)
[167.175s][info][gc,heap        ] GC(1044) Survivor regions: 6->13(13)
[167.175s][info][gc,heap        ] GC(1044) Old regions: 318->352
[167.175s][info][gc,heap        ] GC(1044) Archive regions: 0->0
[167.175s][info][gc,heap        ] GC(1044) Humongous regions: 0->0
[167.175s][info][gc,metaspace   ] GC(1044) Metaspace: 16784K(17472K)->16784K(17472K) NonClass: 14364K(14784K)->14364K(14784K) Class: 2420K(2688K)->2420K(2688K)
[167.175s][info][gc             ] GC(1044) Pause Young (Prepare Mixed) (G1 Evacuation Pause) 414M->361M(512M) 26.906ms
[167.175s][info][gc,cpu         ] GC(1044) User=0.17s Sys=0.20s Real=0.03s
[167.238s][info][gc,start       ] GC(1045) Pause Young (Mixed) (G1 Evacuation Pause)
[167.238s][info][gc,task        ] GC(1045) Using 12 workers of 33 for evacuation
[167.265s][info][gc,phases      ] GC(1045)   Pre Evacuate Collection Set: 0.1ms
[167.265s][info][gc,phases      ] GC(1045)   Merge Heap Roots: 0.2ms
[167.265s][info][gc,phases      ] GC(1045)   Evacuate Collection Set: 25.9ms
[167.265s][info][gc,phases      ] GC(1045)   Post Evacuate Collection Set: 0.3ms
[167.265s][info][gc,phases      ] GC(1045)   Other: 0.1ms
[167.265s][info][gc,heap        ] GC(1045) Eden regions: 73->0(59)
[167.265s][info][gc,heap        ] GC(1045) Survivor regions: 13->11(11)
[167.265s][info][gc,heap        ] GC(1045) Old regions: 352->383
[167.265s][info][gc,heap        ] GC(1045) Archive regions: 0->0
[167.265s][info][gc,heap        ] GC(1045) Humongous regions: 0->0
[167.265s][info][gc,metaspace   ] GC(1045) Metaspace: 16784K(17472K)->16784K(17472K) NonClass: 14364K(14784K)->14364K(14784K) Class: 2420K(2688K)->2420K(2688K)
[167.265s][info][gc             ] GC(1045) Pause Young (Mixed) (G1 Evacuation Pause) 434M->391M(512M) 27.118ms
[167.265s][info][gc,cpu         ] GC(1045) User=0.19s Sys=0.00s Real=0.02s
[167.315s][info][gc,start       ] GC(1046) Pause Young (Concurrent Start) (G1 Evacuation Pause)
[167.316s][info][gc,task        ] GC(1046) Using 12 workers of 33 for evacuation
[167.336s][info][gc,phases      ] GC(1046)   Pre Evacuate Collection Set: 0.2ms
[167.336s][info][gc,phases      ] GC(1046)   Merge Heap Roots: 0.1ms
[167.336s][info][gc,phases      ] GC(1046)   Evacuate Collection Set: 19.7ms
[167.336s][info][gc,phases      ] GC(1046)   Post Evacuate Collection Set: 0.3ms
[167.336s][info][gc,phases      ] GC(1046)   Other: 0.1ms
[167.336s][info][gc,heap        ] GC(1046) Eden regions: 59->0(45)
[167.336s][info][gc,heap        ] GC(1046) Survivor regions: 11->9(9)
[167.336s][info][gc,heap        ] GC(1046) Old regions: 383->412
[167.336s][info][gc,heap        ] GC(1046) Archive regions: 0->0
[167.336s][info][gc,heap        ] GC(1046) Humongous regions: 0->0
[167.336s][info][gc,metaspace   ] GC(1046) Metaspace: 16784K(17472K)->16784K(17472K) NonClass: 14364K(14784K)->14364K(14784K) Class: 2420K(2688K)->2420K(2688K)
[167.336s][info][gc             ] GC(1046) Pause Young (Concurrent Start) (G1 Evacuation Pause) 450M->418M(512M) 20.799ms
[167.336s][info][gc             ] GC(1047) Concurrent Mark Cycle
[167.336s][info][gc,cpu         ] GC(1046) User=0.17s Sys=0.02s Real=0.02s
[167.336s][info][gc,marking     ] GC(1047) Concurrent Scan Root Regions
[167.348s][info][gc,marking     ] GC(1047) Concurrent Scan Root Regions 11.366ms
[167.348s][info][gc,marking     ] GC(1047) Concurrent Mark
[167.348s][info][gc,marking     ] GC(1047) Concurrent Mark From Roots
[167.348s][info][gc,task        ] GC(1047) Using 8 workers of 8 for marking
[167.382s][info][gc,start       ] GC(1048) Pause Young (Normal) (G1 Evacuation Pause)
[167.382s][info][gc,task        ] GC(1048) Using 12 workers of 33 for evacuation
[167.392s][info][gc,phases      ] GC(1048)   Pre Evacuate Collection Set: 0.1ms
[167.392s][info][gc,phases      ] GC(1048)   Merge Heap Roots: 0.1ms
[167.392s][info][gc,phases      ] GC(1048)   Evacuate Collection Set: 9.3ms
[167.392s][info][gc,phases      ] GC(1048)   Post Evacuate Collection Set: 0.3ms
[167.392s][info][gc,phases      ] GC(1048)   Other: 0.1ms
[167.392s][info][gc,heap        ] GC(1048) Eden regions: 45->0(34)
[167.392s][info][gc,heap        ] GC(1048) Survivor regions: 9->7(7)
[167.392s][info][gc,heap        ] GC(1048) Old regions: 412->436
[167.392s][info][gc,heap        ] GC(1048) Archive regions: 0->0
[167.392s][info][gc,heap        ] GC(1048) Humongous regions: 0->0
[167.392s][info][gc,metaspace   ] GC(1048) Metaspace: 16784K(17472K)->16784K(17472K) NonClass: 14364K(14784K)->14364K(14784K) Class: 2420K(2688K)->2420K(2688K)
[167.392s][info][gc             ] GC(1048) Pause Young (Normal) (G1 Evacuation Pause) 463M->440M(512M) 10.424ms
[167.392s][info][gc,cpu         ] GC(1048) User=0.00s Sys=0.00s Real=0.00s
[167.426s][info][gc,start       ] GC(1049) Pause Young (Normal) (G1 Evacuation Pause)
[167.427s][info][gc,task        ] GC(1049) Using 12 workers of 33 for evacuation
[167.434s][info][gc,phases      ] GC(1049)   Pre Evacuate Collection Set: 0.1ms
[167.434s][info][gc,phases      ] GC(1049)   Merge Heap Roots: 0.1ms
[167.434s][info][gc,phases      ] GC(1049)   Evacuate Collection Set: 7.2ms
[167.434s][info][gc,phases      ] GC(1049)   Post Evacuate Collection Set: 0.3ms
[167.434s][info][gc,phases      ] GC(1049)   Other: 0.1ms
[167.434s][info][gc,heap        ] GC(1049) Eden regions: 34->0(19)
[167.434s][info][gc,heap        ] GC(1049) Survivor regions: 7->6(6)
[167.434s][info][gc,heap        ] GC(1049) Old regions: 436->454
[167.435s][info][gc,heap        ] GC(1049) Archive regions: 0->0
[167.435s][info][gc,heap        ] GC(1049) Humongous regions: 0->0
[167.435s][info][gc,metaspace   ] GC(1049) Metaspace: 16784K(17472K)->16784K(17472K) NonClass: 14364K(14784K)->14364K(14784K) Class: 2420K(2688K)->2420K(2688K)
[167.435s][info][gc             ] GC(1049) Pause Young (Normal) (G1 Evacuation Pause) 474M->457M(512M) 8.195ms
[167.435s][info][gc,cpu         ] GC(1049) User=0.00s Sys=0.00s Real=0.00s
[167.455s][info][gc,start       ] GC(1050) Pause Young (Normal) (G1 Evacuation Pause)
[167.455s][info][gc,task        ] GC(1050) Using 12 workers of 33 for evacuation
[167.460s][info][gc,phases      ] GC(1050)   Pre Evacuate Collection Set: 0.1ms
[167.460s][info][gc,phases      ] GC(1050)   Merge Heap Roots: 0.0ms
[167.460s][info][gc,phases      ] GC(1050)   Evacuate Collection Set: 4.4ms
[167.460s][info][gc,phases      ] GC(1050)   Post Evacuate Collection Set: 0.3ms
[167.460s][info][gc,phases      ] GC(1050)   Other: 0.1ms
[167.460s][info][gc,heap        ] GC(1050) Eden regions: 19->0(21)
[167.460s][info][gc,heap        ] GC(1050) Survivor regions: 6->4(4)
[167.460s][info][gc,heap        ] GC(1050) Old regions: 454->466
[167.460s][info][gc,heap        ] GC(1050) Archive regions: 0->0
[167.460s][info][gc,heap        ] GC(1050) Humongous regions: 0->0
[167.460s][info][gc,metaspace   ] GC(1050) Metaspace: 16784K(17472K)->16784K(17472K) NonClass: 14364K(14784K)->14364K(14784K) Class: 2420K(2688K)->2420K(2688K)
[167.460s][info][gc             ] GC(1050) Pause Young (Normal) (G1 Evacuation Pause) 476M->467M(512M) 5.390ms
[167.460s][info][gc,cpu         ] GC(1050) User=0.19s Sys=0.00s Real=0.02s
[167.481s][info][gc,start       ] GC(1051) Pause Young (Normal) (G1 Evacuation Pause)
[167.481s][info][gc,task        ] GC(1051) Using 12 workers of 33 for evacuation
[167.486s][info][gc,phases      ] GC(1051)   Pre Evacuate Collection Set: 0.1ms
[167.486s][info][gc,phases      ] GC(1051)   Merge Heap Roots: 0.0ms
[167.486s][info][gc,phases      ] GC(1051)   Evacuate Collection Set: 4.0ms
[167.486s][info][gc,phases      ] GC(1051)   Post Evacuate Collection Set: 0.3ms
[167.486s][info][gc,phases      ] GC(1051)   Other: 0.1ms
[167.486s][info][gc,heap        ] GC(1051) Eden regions: 21->0(21)
[167.486s][info][gc,heap        ] GC(1051) Survivor regions: 4->4(4)
[167.486s][info][gc,heap        ] GC(1051) Old regions: 466->476
[167.486s][info][gc,heap        ] GC(1051) Archive regions: 0->0
[167.486s][info][gc,heap        ] GC(1051) Humongous regions: 0->0
[167.486s][info][gc,metaspace   ] GC(1051) Metaspace: 16784K(17472K)->16784K(17472K) NonClass: 14364K(14784K)->14364K(14784K) Class: 2420K(2688K)->2420K(2688K)
[167.486s][info][gc             ] GC(1051) Pause Young (Normal) (G1 Evacuation Pause) 488M->477M(512M) 4.976ms
[167.486s][info][gc,cpu         ] GC(1051) User=0.00s Sys=0.00s Real=0.00s
[167.489s][info][gc,marking     ] GC(1047) Concurrent Mark From Roots 141.042ms
[167.489s][info][gc,marking     ] GC(1047) Concurrent Preclean
[167.489s][info][gc,marking     ] GC(1047) Concurrent Preclean 0.046ms
[167.489s][info][gc,start       ] GC(1047) Pause Remark
[167.490s][info][gc             ] GC(1047) Pause Remark 480M->480M(512M) 0.829ms
[167.490s][info][gc,cpu         ] GC(1047) User=0.00s Sys=0.00s Real=0.00s
[167.490s][info][gc,marking     ] GC(1047) Concurrent Mark 142.159ms
[167.490s][info][gc,marking     ] GC(1047) Concurrent Rebuild Remembered Sets and Scrub Regions
[167.507s][info][gc,start       ] GC(1052) Pause Young (Normal) (G1 Evacuation Pause)
[167.507s][info][gc,task        ] GC(1052) Using 12 workers of 33 for evacuation
[167.513s][info][gc,phases      ] GC(1052)   Pre Evacuate Collection Set: 0.1ms
[167.513s][info][gc,phases      ] GC(1052)   Merge Heap Roots: 0.1ms
[167.513s][info][gc,phases      ] GC(1052)   Evacuate Collection Set: 4.4ms
[167.513s][info][gc,phases      ] GC(1052)   Post Evacuate Collection Set: 0.6ms
[167.513s][info][gc,phases      ] GC(1052)   Other: 0.1ms
[167.513s][info][gc,heap        ] GC(1052) Eden regions: 21->0(0)
[167.513s][info][gc,heap        ] GC(1052) Survivor regions: 4->4(4)
[167.513s][info][gc,heap        ] GC(1052) Old regions: 476->505
[167.513s][info][gc,heap        ] GC(1052) Archive regions: 0->0
[167.513s][info][gc,heap        ] GC(1052) Humongous regions: 0->0
[167.513s][info][gc,metaspace   ] GC(1052) Metaspace: 16784K(17472K)->16784K(17472K) NonClass: 14364K(14784K)->14364K(14784K) Class: 2420K(2688K)->2420K(2688K)
[167.513s][info][gc             ] GC(1052) Pause Young (Normal) (G1 Evacuation Pause) (Evacuation Failure) 498M->506M(512M) 5.671ms
[167.513s][info][gc,cpu         ] GC(1052) User=0.00s Sys=0.00s Real=0.00s
[167.513s][info][gc,ergo        ] Attempting full compaction
[167.513s][info][gc,start       ] GC(1053) Pause Full (G1 Compaction Pause)
[167.513s][info][gc,task        ] GC(1053) Using 12 workers of 33 for full compaction
[167.514s][info][gc,phases,start] GC(1053) Phase 1: Mark live objects
[167.612s][info][gc,phases      ] GC(1053) Phase 1: Mark live objects 98.465ms
[167.613s][info][gc,phases,start] GC(1053) Phase 2: Prepare compaction
[167.631s][info][gc,phases      ] GC(1053) Phase 2: Prepare compaction 17.947ms
[167.631s][info][gc,phases,start] GC(1053) Phase 3: Adjust pointers
[167.658s][info][gc,phases      ] GC(1053) Phase 3: Adjust pointers 27.485ms
[167.658s][info][gc,phases,start] GC(1053) Phase 4: Compact heap
[167.674s][info][gc,phases      ] GC(1053) Phase 4: Compact heap 16.178ms
[167.677s][info][gc,heap        ] GC(1053) Eden regions: 0->0(36)
[167.677s][info][gc,heap        ] GC(1053) Survivor regions: 4->0(4)
[167.677s][info][gc,heap        ] GC(1053) Old regions: 505->439
[167.677s][info][gc,heap        ] GC(1053) Archive regions: 0->0
[167.677s][info][gc,heap        ] GC(1053) Humongous regions: 0->0
[167.677s][info][gc,metaspace   ] GC(1053) Metaspace: 16784K(17472K)->16784K(17472K) NonClass: 14364K(14784K)->14364K(14784K) Class: 2420K(2688K)->2420K(2688K)
[167.677s][info][gc             ] GC(1053) Pause Full (G1 Compaction Pause) 506M->432M(512M) 164.198ms
[167.677s][info][gc,cpu         ] GC(1053) User=2.06s Sys=0.02s Real=0.17s
[167.677s][info][gc,marking     ] GC(1047) Concurrent Rebuild Remembered Sets and Scrub Regions 187.486ms
[167.677s][info][gc,marking     ] GC(1047) Concurrent Mark Abort
[167.678s][info][gc             ] GC(1047) Concurrent Mark Cycle 341.190ms
[167.704s][info][gc,start       ] GC(1054) Pause Young (Concurrent Start) (G1 Humongous Allocation)
[167.704s][info][gc,task        ] GC(1054) Using 12 workers of 33 for evacuation
[167.710s][info][gc,phases      ] GC(1054)   Pre Evacuate Collection Set: 0.2ms
[167.710s][info][gc,phases      ] GC(1054)   Merge Heap Roots: 0.0ms
[167.710s][info][gc,phases      ] GC(1054)   Evacuate Collection Set: 5.6ms
[167.710s][info][gc,phases      ] GC(1054)   Post Evacuate Collection Set: 0.3ms
[167.710s][info][gc,phases      ] GC(1054)   Other: 0.1ms
[167.710s][info][gc,heap        ] GC(1054) Eden regions: 25->0(29)
[167.710s][info][gc,heap        ] GC(1054) Survivor regions: 0->5(5)
[167.710s][info][gc,heap        ] GC(1054) Old regions: 439->446
[167.710s][info][gc,heap        ] GC(1054) Archive regions: 0->0
[167.710s][info][gc,heap        ] GC(1054) Humongous regions: 0->0
[167.710s][info][gc,metaspace   ] GC(1054) Metaspace: 16784K(17472K)->16784K(17472K) NonClass: 14364K(14784K)->14364K(14784K) Class: 2420K(2688K)->2420K(2688K)
[167.710s][info][gc             ] GC(1054) Pause Young (Concurrent Start) (G1 Humongous Allocation) 456M->444M(512M) 6.462ms
[167.710s][info][gc             ] GC(1055) Concurrent Mark Cycle
[167.710s][info][gc,cpu         ] GC(1054) User=0.19s Sys=0.00s Real=0.02s
[167.710s][info][gc,marking     ] GC(1055) Concurrent Scan Root Regions
[167.720s][info][gc,marking     ] GC(1055) Concurrent Scan Root Regions 9.940ms
[167.720s][info][gc,marking     ] GC(1055) Concurrent Mark
[167.720s][info][gc,marking     ] GC(1055) Concurrent Mark From Roots
[167.720s][info][gc,task        ] GC(1055) Using 8 workers of 8 for marking
[167.856s][info][gc,marking     ] GC(1055) Concurrent Mark From Roots 135.268ms
[167.856s][info][gc,marking     ] GC(1055) Concurrent Preclean
[167.856s][info][gc,marking     ] GC(1055) Concurrent Preclean 0.045ms
[167.856s][info][gc,start       ] GC(1055) Pause Remark
[167.857s][info][gc             ] GC(1055) Pause Remark 467M->467M(512M) 0.718ms
[167.857s][info][gc,cpu         ] GC(1055) User=0.00s Sys=0.00s Real=0.00s
[167.857s][info][gc,marking     ] GC(1055) Concurrent Mark 136.274ms
[167.857s][info][gc,marking     ] GC(1055) Concurrent Rebuild Remembered Sets and Scrub Regions
[167.899s][info][gc,marking     ] GC(1055) Concurrent Rebuild Remembered Sets and Scrub Regions 42.686ms
[167.900s][info][gc,start       ] GC(1055) Pause Cleanup
[167.900s][info][gc             ] GC(1055) Pause Cleanup 471M->471M(512M) 0.233ms
[167.900s][info][gc,cpu         ] GC(1055) User=0.00s Sys=0.00s Real=0.00s
[167.900s][info][gc,marking     ] GC(1055) Concurrent Clear Claimed Marks
[167.900s][info][gc,marking     ] GC(1055) Concurrent Clear Claimed Marks 0.044ms
[167.900s][info][gc,marking     ] GC(1055) Concurrent Cleanup for Next Mark
[167.900s][info][gc,marking     ] GC(1055) Concurrent Cleanup for Next Mark 0.269ms
[167.900s][info][gc             ] GC(1055) Concurrent Mark Cycle 189.901ms
[167.954s][info][gc,start       ] GC(1056) Pause Young (Prepare Mixed) (G1 Evacuation Pause)
[167.954s][info][gc,task        ] GC(1056) Using 12 workers of 33 for evacuation
[167.992s][info][gc,phases      ] GC(1056)   Pre Evacuate Collection Set: 0.1ms
[167.992s][info][gc,phases      ] GC(1056)   Merge Heap Roots: 2.4ms
[167.992s][info][gc,phases      ] GC(1056)   Evacuate Collection Set: 35.4ms
[167.992s][info][gc,phases      ] GC(1056)   Post Evacuate Collection Set: 0.4ms
[167.992s][info][gc,phases      ] GC(1056)   Other: 0.1ms
[167.993s][info][gc,heap        ] GC(1056) Eden regions: 29->0(20)
[167.993s][info][gc,heap        ] GC(1056) Survivor regions: 5->5(5)
[167.993s][info][gc,heap        ] GC(1056) Old regions: 446->468
[167.993s][info][gc,heap        ] GC(1056) Archive regions: 0->0
[167.993s][info][gc,heap        ] GC(1056) Humongous regions: 3->3
[167.993s][info][gc,metaspace   ] GC(1056) Metaspace: 16784K(17472K)->16784K(17472K) NonClass: 14364K(14784K)->14364K(14784K) Class: 2420K(2688K)->2420K(2688K)
[167.993s][info][gc             ] GC(1056) Pause Young (Prepare Mixed) (G1 Evacuation Pause) 476M->469M(512M) 38.771ms
[167.993s][info][gc,cpu         ] GC(1056) User=0.56s Sys=0.00s Real=0.05s
[168.126s][info][gc,start       ] GC(1057) Pause Young (Mixed) (G1 Evacuation Pause)
[168.126s][info][gc,task        ] GC(1057) Using 12 workers of 33 for evacuation
[168.164s][info][gc,phases      ] GC(1057)   Pre Evacuate Collection Set: 0.1ms
[168.164s][info][gc,phases      ] GC(1057)   Merge Heap Roots: 2.6ms
[168.164s][info][gc,phases      ] GC(1057)   Evacuate Collection Set: 34.2ms
[168.164s][info][gc,phases      ] GC(1057)   Post Evacuate Collection Set: 0.9ms
[168.164s][info][gc,phases      ] GC(1057)   Other: 0.1ms
[168.164s][info][gc,heap        ] GC(1057) Eden regions: 20->0(0)
[168.164s][info][gc,heap        ] GC(1057) Survivor regions: 5->4(4)
[168.164s][info][gc,heap        ] GC(1057) Old regions: 468->501
[168.164s][info][gc,heap        ] GC(1057) Archive regions: 0->0
[168.164s][info][gc,heap        ] GC(1057) Humongous regions: 3->3
[168.164s][info][gc,metaspace   ] GC(1057) Metaspace: 16784K(17472K)->16784K(17472K) NonClass: 14364K(14784K)->14364K(14784K) Class: 2420K(2688K)->2420K(2688K)
[168.164s][info][gc             ] GC(1057) Pause Young (Mixed) (G1 Evacuation Pause) (Evacuation Failure) 489M->501M(512M) 38.375ms
[168.164s][info][gc,cpu         ] GC(1057) User=0.56s Sys=0.00s Real=0.05s
[168.164s][info][gc,ergo        ] Attempting full compaction
[168.164s][info][gc,start       ] GC(1058) Pause Full (G1 Compaction Pause)
[168.164s][info][gc,task        ] GC(1058) Using 12 workers of 33 for full compaction
[168.165s][info][gc,phases,start] GC(1058) Phase 1: Mark live objects
[168.288s][info][gc,phases      ] GC(1058) Phase 1: Mark live objects 122.521ms
[168.288s][info][gc,phases,start] GC(1058) Phase 2: Prepare compaction
[168.304s][info][gc,phases      ] GC(1058) Phase 2: Prepare compaction 16.097ms
[168.304s][info][gc,phases,start] GC(1058) Phase 3: Adjust pointers
[168.326s][info][gc,phases      ] GC(1058) Phase 3: Adjust pointers 22.053ms
[168.326s][info][gc,phases,start] GC(1058) Phase 4: Compact heap
[168.329s][info][gc,phases      ] GC(1058) Phase 4: Compact heap 3.218ms
[168.334s][info][gc,heap        ] GC(1058) Eden regions: 0->0(25)
[168.334s][info][gc,heap        ] GC(1058) Survivor regions: 4->0(4)
[168.334s][info][gc,heap        ] GC(1058) Old regions: 501->481
[168.334s][info][gc,heap        ] GC(1058) Archive regions: 0->0
[168.334s][info][gc,heap        ] GC(1058) Humongous regions: 3->3
[168.334s][info][gc,metaspace   ] GC(1058) Metaspace: 16784K(17472K)->16784K(17472K) NonClass: 14364K(14784K)->14364K(14784K) Class: 2420K(2688K)->2420K(2688K)
[168.334s][info][gc             ] GC(1058) Pause Full (G1 Compaction Pause) 501M->478M(512M) 169.423ms
[168.334s][info][gc,cpu         ] GC(1058) User=1.89s Sys=0.00s Real=0.17s
[168.352s][info][gc,start       ] GC(1059) Pause Young (Concurrent Start) (G1 Humongous Allocation)
[168.352s][info][gc,task        ] GC(1059) Using 12 workers of 33 for evacuation
[168.365s][info][gc,phases      ] GC(1059)   Pre Evacuate Collection Set: 0.2ms
[168.365s][info][gc,phases      ] GC(1059)   Merge Heap Roots: 0.8ms
[168.365s][info][gc,phases      ] GC(1059)   Evacuate Collection Set: 10.8ms
[168.365s][info][gc,phases      ] GC(1059)   Post Evacuate Collection Set: 0.4ms
[168.365s][info][gc,phases      ] GC(1059)   Other: 0.1ms
[168.365s][info][gc,heap        ] GC(1059) Eden regions: 9->0(17)
[168.365s][info][gc,heap        ] GC(1059) Survivor regions: 0->4(4)
[168.365s][info][gc,heap        ] GC(1059) Old regions: 481->484
[168.365s][info][gc,heap        ] GC(1059) Archive regions: 0->0
[168.365s][info][gc,heap        ] GC(1059) Humongous regions: 3->3
[168.365s][info][gc,metaspace   ] GC(1059) Metaspace: 16784K(17472K)->16784K(17472K) NonClass: 14364K(14784K)->14364K(14784K) Class: 2420K(2688K)->2420K(2688K)
[168.365s][info][gc             ] GC(1059) Pause Young (Concurrent Start) (G1 Humongous Allocation) 486M->485M(512M) 12.678ms
[168.365s][info][gc             ] GC(1060) Concurrent Mark Cycle
[168.365s][info][gc,cpu         ] GC(1059) User=0.19s Sys=0.00s Real=0.02s
[168.365s][info][gc,marking     ] GC(1060) Concurrent Scan Root Regions
[168.367s][info][gc,marking     ] GC(1060) Concurrent Scan Root Regions 1.739ms
[168.367s][info][gc,marking     ] GC(1060) Concurrent Mark
[168.367s][info][gc,marking     ] GC(1060) Concurrent Mark From Roots
[168.367s][info][gc,task        ] GC(1060) Using 8 workers of 8 for marking
[168.514s][info][gc,marking     ] GC(1060) Concurrent Mark From Roots 146.814ms
[168.514s][info][gc,marking     ] GC(1060) Concurrent Preclean
[168.514s][info][gc,marking     ] GC(1060) Concurrent Preclean 0.075ms
[168.514s][info][gc,start       ] GC(1060) Pause Remark
[168.516s][info][gc             ] GC(1060) Pause Remark 493M->493M(512M) 2.182ms
[168.516s][info][gc,cpu         ] GC(1060) User=0.00s Sys=0.00s Real=0.00s
[168.516s][info][gc,marking     ] GC(1060) Concurrent Mark 149.450ms
[168.516s][info][gc,marking     ] GC(1060) Concurrent Rebuild Remembered Sets and Scrub Regions
[168.557s][info][gc,marking     ] GC(1060) Concurrent Rebuild Remembered Sets and Scrub Regions 40.972ms
[168.578s][info][gc,start       ] GC(1060) Pause Cleanup
[168.578s][info][gc             ] GC(1060) Pause Cleanup 496M->496M(512M) 0.256ms
[168.578s][info][gc,cpu         ] GC(1060) User=0.00s Sys=0.00s Real=0.00s
[168.578s][info][gc,marking     ] GC(1060) Concurrent Clear Claimed Marks
[168.578s][info][gc,marking     ] GC(1060) Concurrent Clear Claimed Marks 0.039ms
[168.578s][info][gc,marking     ] GC(1060) Concurrent Cleanup for Next Mark
[168.579s][info][gc,marking     ] GC(1060) Concurrent Cleanup for Next Mark 0.278ms
[168.579s][info][gc             ] GC(1060) Concurrent Mark Cycle 213.703ms
[168.766s][info][gc,start       ] GC(1061) Pause Young (Prepare Mixed) (G1 Evacuation Pause)
[168.766s][info][gc,task        ] GC(1061) Using 12 workers of 33 for evacuation
[168.778s][info][gc,phases      ] GC(1061)   Pre Evacuate Collection Set: 0.1ms
[168.778s][info][gc,phases      ] GC(1061)   Merge Heap Roots: 0.5ms
[168.778s][info][gc,phases      ] GC(1061)   Evacuate Collection Set: 10.1ms
[168.778s][info][gc,phases      ] GC(1061)   Post Evacuate Collection Set: 0.8ms
[168.778s][info][gc,phases      ] GC(1061)   Other: 0.1ms
[168.778s][info][gc,heap        ] GC(1061) Eden regions: 17->0(11)
[168.778s][info][gc,heap        ] GC(1061) Survivor regions: 4->1(1)
[168.778s][info][gc,heap        ] GC(1061) Old regions: 484->493
[168.778s][info][gc,heap        ] GC(1061) Archive regions: 0->0
[168.778s][info][gc,heap        ] GC(1061) Humongous regions: 6->6
[168.778s][info][gc,metaspace   ] GC(1061) Metaspace: 16780K(17472K)->16780K(17472K) NonClass: 14360K(14784K)->14360K(14784K) Class: 2419K(2688K)->2419K(2688K)
[168.778s][info][gc             ] GC(1061) Pause Young (Prepare Mixed) (G1 Evacuation Pause) (Evacuation Failure) 505M->494M(512M) 12.070ms
[168.778s][info][gc,cpu         ] GC(1061) User=0.19s Sys=0.00s Real=0.02s
[168.821s][info][gc,start       ] GC(1062) Pause Young (Mixed) (G1 Evacuation Pause)
[168.821s][info][gc,task        ] GC(1062) Using 12 workers of 33 for evacuation
[168.824s][info][gc,phases      ] GC(1062)   Pre Evacuate Collection Set: 0.1ms
[168.824s][info][gc,phases      ] GC(1062)   Merge Heap Roots: 0.1ms
[168.824s][info][gc,phases      ] GC(1062)   Evacuate Collection Set: 2.2ms
[168.825s][info][gc,phases      ] GC(1062)   Post Evacuate Collection Set: 0.6ms
[168.825s][info][gc,phases      ] GC(1062)   Other: 0.1ms
[168.825s][info][gc,heap        ] GC(1062) Eden regions: 11->0(0)
[168.825s][info][gc,heap        ] GC(1062) Survivor regions: 1->1(1)
[168.825s][info][gc,heap        ] GC(1062) Old regions: 493->504
[168.825s][info][gc,heap        ] GC(1062) Archive regions: 0->0
[168.825s][info][gc,heap        ] GC(1062) Humongous regions: 6->6
[168.825s][info][gc,metaspace   ] GC(1062) Metaspace: 16780K(17472K)->16780K(17472K) NonClass: 14360K(14784K)->14360K(14784K) Class: 2419K(2688K)->2419K(2688K)
[168.825s][info][gc             ] GC(1062) Pause Young (Mixed) (G1 Evacuation Pause) (Evacuation Failure) 505M->505M(512M) 3.454ms
[168.825s][info][gc,cpu         ] GC(1062) User=0.00s Sys=0.00s Real=0.00s
[168.825s][info][gc,ergo        ] Attempting full compaction
[168.825s][info][gc,start       ] GC(1063) Pause Full (G1 Compaction Pause)
[168.825s][info][gc,task        ] GC(1063) Using 12 workers of 33 for full compaction
[168.825s][info][gc,phases,start] GC(1063) Phase 1: Mark live objects
[168.962s][info][gc,phases      ] GC(1063) Phase 1: Mark live objects 136.636ms
[168.962s][info][gc,phases,start] GC(1063) Phase 2: Prepare compaction
[168.978s][info][gc,phases      ] GC(1063) Phase 2: Prepare compaction 16.020ms
[168.978s][info][gc,phases,start] GC(1063) Phase 3: Adjust pointers
[169.000s][info][gc,phases      ] GC(1063) Phase 3: Adjust pointers 21.625ms
[169.000s][info][gc,phases,start] GC(1063) Phase 4: Compact heap
[169.002s][info][gc,phases      ] GC(1063) Phase 4: Compact heap 2.439ms
[169.004s][info][gc,heap        ] GC(1063) Eden regions: 0->0(21)
[169.004s][info][gc,heap        ] GC(1063) Survivor regions: 1->0(1)
[169.004s][info][gc,heap        ] GC(1063) Old regions: 504->488
[169.004s][info][gc,heap        ] GC(1063) Archive regions: 0->0
[169.004s][info][gc,heap        ] GC(1063) Humongous regions: 6->3
[169.004s][info][gc,metaspace   ] GC(1063) Metaspace: 16780K(17472K)->16780K(17472K) NonClass: 14360K(14784K)->14360K(14784K) Class: 2419K(2688K)->2419K(2688K)
[169.004s][info][gc             ] GC(1063) Pause Full (G1 Compaction Pause) 505M->484M(512M) 179.569ms
[169.004s][info][gc,cpu         ] GC(1063) User=2.06s Sys=0.00s Real=0.17s
[169.036s][info][gc,start       ] GC(1064) Pause Young (Concurrent Start) (G1 Evacuation Pause)
[169.036s][info][gc,task        ] GC(1064) Using 12 workers of 33 for evacuation
[169.038s][info][gc,phases      ] GC(1064)   Pre Evacuate Collection Set: 0.2ms
[169.039s][info][gc,phases      ] GC(1064)   Merge Heap Roots: 0.0ms
[169.039s][info][gc,phases      ] GC(1064)   Evacuate Collection Set: 1.6ms
[169.039s][info][gc,phases      ] GC(1064)   Post Evacuate Collection Set: 0.9ms
[169.039s][info][gc,phases      ] GC(1064)   Other: 0.1ms
[169.039s][info][gc,heap        ] GC(1064) Eden regions: 21->0(0)
[169.039s][info][gc,heap        ] GC(1064) Survivor regions: 0->0(0)
[169.039s][info][gc,heap        ] GC(1064) Old regions: 488->509
[169.039s][info][gc,heap        ] GC(1064) Archive regions: 0->0
[169.039s][info][gc,heap        ] GC(1064) Humongous regions: 3->3
[169.039s][info][gc,metaspace   ] GC(1064) Metaspace: 16780K(17472K)->16780K(17472K) NonClass: 14360K(14784K)->14360K(14784K) Class: 2419K(2688K)->2419K(2688K)
[169.039s][info][gc             ] GC(1064) Pause Young (Concurrent Start) (G1 Evacuation Pause) (Evacuation Failure) 505M->505M(512M) 3.302ms
[169.039s][info][gc             ] GC(1065) Concurrent Mark Cycle
[169.039s][info][gc,cpu         ] GC(1064) User=0.19s Sys=0.00s Real=0.02s
[169.039s][info][gc,marking     ] GC(1065) Concurrent Scan Root Regions
[169.039s][info][gc,ergo        ] Attempting full compaction
[169.039s][info][gc,marking     ] GC(1065) Concurrent Scan Root Regions 0.084ms
[169.039s][info][gc,start       ] GC(1066) Pause Full (G1 Compaction Pause)
[169.039s][info][gc,marking     ] GC(1065) Concurrent Mark
[169.039s][info][gc,marking     ] GC(1065) Concurrent Mark From Roots
[169.039s][info][gc,task        ] GC(1066) Using 12 workers of 33 for full compaction
[169.039s][info][gc,task        ] GC(1065) Using 8 workers of 8 for marking
[169.040s][info][gc,phases,start] GC(1066) Phase 1: Mark live objects
[169.234s][info][gc,phases      ] GC(1066) Phase 1: Mark live objects 193.686ms
[169.234s][info][gc,phases,start] GC(1066) Phase 2: Prepare compaction
[169.250s][info][gc,phases      ] GC(1066) Phase 2: Prepare compaction 16.583ms
[169.250s][info][gc,phases,start] GC(1066) Phase 3: Adjust pointers
[169.271s][info][gc,phases      ] GC(1066) Phase 3: Adjust pointers 20.672ms
[169.271s][info][gc,phases,start] GC(1066) Phase 4: Compact heap
[169.274s][info][gc,phases      ] GC(1066) Phase 4: Compact heap 3.035ms
[169.277s][info][gc,heap        ] GC(1066) Eden regions: 0->0(25)
[169.277s][info][gc,heap        ] GC(1066) Survivor regions: 0->0(0)
[169.277s][info][gc,heap        ] GC(1066) Old regions: 509->484
[169.277s][info][gc,heap        ] GC(1066) Archive regions: 0->0
[169.277s][info][gc,heap        ] GC(1066) Humongous regions: 3->3
[169.277s][info][gc,metaspace   ] GC(1066) Metaspace: 16780K(17472K)->16780K(17472K) NonClass: 14360K(14784K)->14360K(14784K) Class: 2419K(2688K)->2419K(2688K)
[169.277s][info][gc             ] GC(1066) Pause Full (G1 Compaction Pause) 505M->481M(512M) 238.000ms
[169.277s][info][gc,cpu         ] GC(1066) User=2.81s Sys=0.00s Real=0.23s
[169.277s][info][gc,marking     ] GC(1065) Concurrent Mark From Roots 238.013ms
[169.277s][info][gc,marking     ] GC(1065) Concurrent Mark Abort
[169.277s][info][gc             ] GC(1065) Concurrent Mark Cycle 238.348ms
[169.315s][info][gc,start       ] GC(1067) Pause Young (Normal) (G1 Evacuation Pause)
[169.315s][info][gc,task        ] GC(1067) Using 12 workers of 33 for evacuation
[169.318s][info][gc,phases      ] GC(1067)   Pre Evacuate Collection Set: 0.1ms
[169.318s][info][gc,phases      ] GC(1067)   Merge Heap Roots: 0.0ms
[169.318s][info][gc,phases      ] GC(1067)   Evacuate Collection Set: 1.9ms
[169.318s][info][gc,phases      ] GC(1067)   Post Evacuate Collection Set: 1.0ms
[169.318s][info][gc,phases      ] GC(1067)   Other: 0.1ms
[169.318s][info][gc,heap        ] GC(1067) Eden regions: 25->0(0)
[169.318s][info][gc,heap        ] GC(1067) Survivor regions: 0->0(0)
[169.318s][info][gc,heap        ] GC(1067) Old regions: 484->509
[169.318s][info][gc,heap        ] GC(1067) Archive regions: 0->0
[169.318s][info][gc,heap        ] GC(1067) Humongous regions: 3->3
[169.318s][info][gc,metaspace   ] GC(1067) Metaspace: 16780K(17472K)->16780K(17472K) NonClass: 14360K(14784K)->14360K(14784K) Class: 2419K(2688K)->2419K(2688K)
[169.318s][info][gc             ] GC(1067) Pause Young (Normal) (G1 Evacuation Pause) (Evacuation Failure) 506M->506M(512M) 3.214ms
[169.318s][info][gc,cpu         ] GC(1067) User=0.19s Sys=0.00s Real=0.01s
[169.318s][info][gc,ergo        ] Attempting full compaction
[169.318s][info][gc,start       ] GC(1068) Pause Full (G1 Compaction Pause)
[169.318s][info][gc,task        ] GC(1068) Using 12 workers of 33 for full compaction
[169.318s][info][gc,phases,start] GC(1068) Phase 1: Mark live objects
[169.450s][info][gc,phases      ] GC(1068) Phase 1: Mark live objects 131.714ms
[169.450s][info][gc,phases,start] GC(1068) Phase 2: Prepare compaction
[169.466s][info][gc,phases      ] GC(1068) Phase 2: Prepare compaction 15.758ms
[169.466s][info][gc,phases,start] GC(1068) Phase 3: Adjust pointers
[169.486s][info][gc,phases      ] GC(1068) Phase 3: Adjust pointers 20.576ms
[169.486s][info][gc,phases,start] GC(1068) Phase 4: Compact heap
[169.489s][info][gc,phases      ] GC(1068) Phase 4: Compact heap 2.728ms
[169.491s][info][gc,heap        ] GC(1068) Eden regions: 0->0(25)
[169.491s][info][gc,heap        ] GC(1068) Survivor regions: 0->0(0)
[169.491s][info][gc,heap        ] GC(1068) Old regions: 509->480
[169.491s][info][gc,heap        ] GC(1068) Archive regions: 0->0
[169.491s][info][gc,heap        ] GC(1068) Humongous regions: 3->3
[169.491s][info][gc,metaspace   ] GC(1068) Metaspace: 16780K(17472K)->16780K(17472K) NonClass: 14360K(14784K)->14360K(14784K) Class: 2419K(2688K)->2419K(2688K)
[169.491s][info][gc             ] GC(1068) Pause Full (G1 Compaction Pause) 506M->479M(512M) 173.335ms
[169.491s][info][gc,cpu         ] GC(1068) User=1.94s Sys=0.00s Real=0.17s
[169.528s][info][gc,start       ] GC(1069) Pause Young (Concurrent Start) (G1 Evacuation Pause)
[169.528s][info][gc,task        ] GC(1069) Using 12 workers of 33 for evacuation
[169.530s][info][gc,phases      ] GC(1069)   Pre Evacuate Collection Set: 0.2ms
[169.530s][info][gc,phases      ] GC(1069)   Merge Heap Roots: 0.0ms
[169.530s][info][gc,phases      ] GC(1069)   Evacuate Collection Set: 1.4ms
[169.530s][info][gc,phases      ] GC(1069)   Post Evacuate Collection Set: 0.3ms
[169.530s][info][gc,phases      ] GC(1069)   Other: 0.1ms
[169.530s][info][gc,heap        ] GC(1069) Eden regions: 25->0(22)
[169.530s][info][gc,heap        ] GC(1069) Survivor regions: 0->3(4)
[169.530s][info][gc,heap        ] GC(1069) Old regions: 480->480
[169.530s][info][gc,heap        ] GC(1069) Archive regions: 0->0
[169.530s][info][gc,heap        ] GC(1069) Humongous regions: 3->3
[169.530s][info][gc,metaspace   ] GC(1069) Metaspace: 16780K(17472K)->16780K(17472K) NonClass: 14360K(14784K)->14360K(14784K) Class: 2419K(2688K)->2419K(2688K)
[169.530s][info][gc             ] GC(1069) Pause Young (Concurrent Start) (G1 Evacuation Pause) 504M->481M(512M) 2.420ms
[169.530s][info][gc,cpu         ] GC(1069) User=0.00s Sys=0.00s Real=0.00s
[169.530s][info][gc             ] GC(1070) Concurrent Mark Cycle
[169.530s][info][gc,marking     ] GC(1070) Concurrent Scan Root Regions
[169.545s][info][gc,marking     ] GC(1070) Concurrent Scan Root Regions 14.854ms
[169.545s][info][gc,marking     ] GC(1070) Concurrent Mark
[169.545s][info][gc,marking     ] GC(1070) Concurrent Mark From Roots
[169.545s][info][gc,task        ] GC(1070) Using 8 workers of 8 for marking
[169.574s][info][gc,start       ] GC(1071) Pause Young (Normal) (G1 Evacuation Pause)
[169.574s][info][gc,task        ] GC(1071) Using 12 workers of 33 for evacuation
[169.576s][info][gc,phases      ] GC(1071)   Pre Evacuate Collection Set: 0.1ms
[169.576s][info][gc,phases      ] GC(1071)   Merge Heap Roots: 0.0ms
[169.576s][info][gc,phases      ] GC(1071)   Evacuate Collection Set: 1.3ms
[169.576s][info][gc,phases      ] GC(1071)   Post Evacuate Collection Set: 0.2ms
[169.576s][info][gc,phases      ] GC(1071)   Other: 0.1ms
[169.576s][info][gc,heap        ] GC(1071) Eden regions: 22->0(22)
[169.576s][info][gc,heap        ] GC(1071) Survivor regions: 3->3(4)
[169.576s][info][gc,heap        ] GC(1071) Old regions: 480->481
[169.576s][info][gc,heap        ] GC(1071) Archive regions: 0->0
[169.576s][info][gc,heap        ] GC(1071) Humongous regions: 3->3
[169.576s][info][gc,metaspace   ] GC(1071) Metaspace: 16780K(17472K)->16780K(17472K) NonClass: 14360K(14784K)->14360K(14784K) Class: 2419K(2688K)->2419K(2688K)
[169.576s][info][gc             ] GC(1071) Pause Young (Normal) (G1 Evacuation Pause) 503M->482M(512M) 1.976ms
[169.576s][info][gc,cpu         ] GC(1071) User=0.00s Sys=0.00s Real=0.00s
[169.633s][info][gc,start       ] GC(1072) Pause Young (Normal) (G1 Evacuation Pause)
[169.633s][info][gc,task        ] GC(1072) Using 12 workers of 33 for evacuation
[169.635s][info][gc,phases      ] GC(1072)   Pre Evacuate Collection Set: 0.1ms
[169.635s][info][gc,phases      ] GC(1072)   Merge Heap Roots: 0.0ms
[169.635s][info][gc,phases      ] GC(1072)   Evacuate Collection Set: 1.2ms
[169.635s][info][gc,phases      ] GC(1072)   Post Evacuate Collection Set: 0.3ms
[169.635s][info][gc,phases      ] GC(1072)   Other: 0.1ms
[169.635s][info][gc,heap        ] GC(1072) Eden regions: 22->0(10)
[169.635s][info][gc,heap        ] GC(1072) Survivor regions: 3->2(3)
[169.635s][info][gc,heap        ] GC(1072) Old regions: 481->495
[169.635s][info][gc,heap        ] GC(1072) Archive regions: 0->0
[169.635s][info][gc,heap        ] GC(1072) Humongous regions: 3->3
[169.635s][info][gc,metaspace   ] GC(1072) Metaspace: 16780K(17472K)->16780K(17472K) NonClass: 14360K(14784K)->14360K(14784K) Class: 2419K(2688K)->2419K(2688K)
[169.635s][info][gc             ] GC(1072) Pause Young (Normal) (G1 Evacuation Pause) (Evacuation Failure) 504M->495M(512M) 2.034ms
[169.635s][info][gc,cpu         ] GC(1072) User=0.00s Sys=0.00s Real=0.00s
[169.656s][info][gc,start       ] GC(1073) Pause Young (Normal) (G1 Evacuation Pause)
[169.656s][info][gc,task        ] GC(1073) Using 12 workers of 33 for evacuation
[169.657s][info][gc,phases      ] GC(1073)   Pre Evacuate Collection Set: 0.1ms
[169.657s][info][gc,phases      ] GC(1073)   Merge Heap Roots: 0.0ms
[169.657s][info][gc,phases      ] GC(1073)   Evacuate Collection Set: 1.0ms
[169.657s][info][gc,phases      ] GC(1073)   Post Evacuate Collection Set: 0.3ms
[169.657s][info][gc,phases      ] GC(1073)   Other: 0.1ms
[169.657s][info][gc,heap        ] GC(1073) Eden regions: 10->0(0)
[169.658s][info][gc,heap        ] GC(1073) Survivor regions: 2->1(2)
[169.658s][info][gc,heap        ] GC(1073) Old regions: 495->508
[169.658s][info][gc,heap        ] GC(1073) Archive regions: 0->0
[169.658s][info][gc,heap        ] GC(1073) Humongous regions: 3->3
[169.658s][info][gc,metaspace   ] GC(1073) Metaspace: 16780K(17472K)->16780K(17472K) NonClass: 14360K(14784K)->14360K(14784K) Class: 2419K(2688K)->2419K(2688K)
[169.658s][info][gc             ] GC(1073) Pause Young (Normal) (G1 Evacuation Pause) (Evacuation Failure) 505M->507M(512M) 1.801ms
[169.658s][info][gc,cpu         ] GC(1073) User=0.00s Sys=0.00s Real=0.00s
[169.658s][info][gc,ergo        ] Attempting full compaction
[169.658s][info][gc,start       ] GC(1074) Pause Full (G1 Compaction Pause)
[169.658s][info][gc,task        ] GC(1074) Using 12 workers of 33 for full compaction
[169.658s][info][gc,phases,start] GC(1074) Phase 1: Mark live objects
[169.793s][info][gc,phases      ] GC(1074) Phase 1: Mark live objects 134.883ms
[169.793s][info][gc,phases,start] GC(1074) Phase 2: Prepare compaction
[169.811s][info][gc,phases      ] GC(1074) Phase 2: Prepare compaction 17.378ms
[169.811s][info][gc,phases,start] GC(1074) Phase 3: Adjust pointers
[169.833s][info][gc,phases      ] GC(1074) Phase 3: Adjust pointers 21.911ms
[169.833s][info][gc,phases,start] GC(1074) Phase 4: Compact heap
[169.839s][info][gc,phases      ] GC(1074) Phase 4: Compact heap 5.900ms
[169.841s][info][gc,heap        ] GC(1074) Eden regions: 0->0(25)
[169.841s][info][gc,heap        ] GC(1074) Survivor regions: 1->0(2)
[169.841s][info][gc,heap        ] GC(1074) Old regions: 508->471
[169.841s][info][gc,heap        ] GC(1074) Archive regions: 0->0
[169.841s][info][gc,heap        ] GC(1074) Humongous regions: 3->3
[169.841s][info][gc,metaspace   ] GC(1074) Metaspace: 16780K(17472K)->16780K(17472K) NonClass: 14360K(14784K)->14360K(14784K) Class: 2419K(2688K)->2419K(2688K)
[169.841s][info][gc             ] GC(1074) Pause Full (G1 Compaction Pause) 507M->467M(512M) 183.200ms
[169.841s][info][gc,cpu         ] GC(1074) User=2.08s Sys=0.00s Real=0.19s
[169.841s][info][gc,marking     ] GC(1070) Concurrent Mark From Roots 295.833ms
[169.841s][info][gc,marking     ] GC(1070) Concurrent Mark Abort
[169.841s][info][gc             ] GC(1070) Concurrent Mark Cycle 310.906ms
[169.884s][info][gc,start       ] GC(1075) Pause Young (Normal) (G1 Evacuation Pause)
[169.884s][info][gc,task        ] GC(1075) Using 12 workers of 33 for evacuation
[169.886s][info][gc,phases      ] GC(1075)   Pre Evacuate Collection Set: 0.1ms
[169.886s][info][gc,phases      ] GC(1075)   Merge Heap Roots: 0.0ms
[169.886s][info][gc,phases      ] GC(1075)   Evacuate Collection Set: 1.8ms
[169.886s][info][gc,phases      ] GC(1075)   Post Evacuate Collection Set: 0.3ms
[169.886s][info][gc,phases      ] GC(1075)   Other: 0.1ms
[169.886s][info][gc,heap        ] GC(1075) Eden regions: 25->0(22)
[169.886s][info][gc,heap        ] GC(1075) Survivor regions: 0->3(4)
[169.886s][info][gc,heap        ] GC(1075) Old regions: 471->471
[169.886s][info][gc,heap        ] GC(1075) Archive regions: 0->0
[169.886s][info][gc,heap        ] GC(1075) Humongous regions: 3->3
[169.886s][info][gc,metaspace   ] GC(1075) Metaspace: 16780K(17472K)->16780K(17472K) NonClass: 14360K(14784K)->14360K(14784K) Class: 2419K(2688K)->2419K(2688K)
[169.886s][info][gc             ] GC(1075) Pause Young (Normal) (G1 Evacuation Pause) 492M->470M(512M) 2.443ms
[169.886s][info][gc,cpu         ] GC(1075) User=0.00s Sys=0.00s Real=0.00s
[169.934s][info][gc,start       ] GC(1076) Pause Young (Concurrent Start) (G1 Evacuation Pause)
[169.934s][info][gc,task        ] GC(1076) Using 12 workers of 33 for evacuation
[169.937s][info][gc,phases      ] GC(1076)   Pre Evacuate Collection Set: 0.2ms
[169.937s][info][gc,phases      ] GC(1076)   Merge Heap Roots: 0.0ms
[169.937s][info][gc,phases      ] GC(1076)   Evacuate Collection Set: 1.9ms
[169.937s][info][gc,phases      ] GC(1076)   Post Evacuate Collection Set: 0.3ms
[169.937s][info][gc,phases      ] GC(1076)   Other: 0.1ms
[169.937s][info][gc,heap        ] GC(1076) Eden regions: 22->0(22)
[169.937s][info][gc,heap        ] GC(1076) Survivor regions: 3->3(4)
[169.937s][info][gc,heap        ] GC(1076) Old regions: 471->472
[169.937s][info][gc,heap        ] GC(1076) Archive regions: 0->0
[169.937s][info][gc,heap        ] GC(1076) Humongous regions: 3->3
[169.937s][info][gc,metaspace   ] GC(1076) Metaspace: 16780K(17472K)->16780K(17472K) NonClass: 14360K(14784K)->14360K(14784K) Class: 2419K(2688K)->2419K(2688K)
[169.937s][info][gc             ] GC(1076) Pause Young (Concurrent Start) (G1 Evacuation Pause) 492M->470M(512M) 3.146ms
[169.937s][info][gc             ] GC(1077) Concurrent Mark Cycle
[169.937s][info][gc,cpu         ] GC(1076) User=0.00s Sys=0.00s Real=0.00s
[169.937s][info][gc,marking     ] GC(1077) Concurrent Scan Root Regions
[169.951s][info][gc,marking     ] GC(1077) Concurrent Scan Root Regions 13.980ms
[169.951s][info][gc,marking     ] GC(1077) Concurrent Mark
[169.951s][info][gc,marking     ] GC(1077) Concurrent Mark From Roots
[169.951s][info][gc,task        ] GC(1077) Using 8 workers of 8 for marking
[169.982s][info][gc,start       ] GC(1078) Pause Young (Normal) (G1 Evacuation Pause)
[169.982s][info][gc,task        ] GC(1078) Using 12 workers of 33 for evacuation
[169.984s][info][gc,phases      ] GC(1078)   Pre Evacuate Collection Set: 0.1ms
[169.984s][info][gc,phases      ] GC(1078)   Merge Heap Roots: 0.0ms
[169.984s][info][gc,phases      ] GC(1078)   Evacuate Collection Set: 1.2ms
[169.984s][info][gc,phases      ] GC(1078)   Post Evacuate Collection Set: 0.3ms
[169.984s][info][gc,phases      ] GC(1078)   Other: 0.1ms
[169.984s][info][gc,heap        ] GC(1078) Eden regions: 22->0(21)
[169.984s][info][gc,heap        ] GC(1078) Survivor regions: 3->4(4)
[169.984s][info][gc,heap        ] GC(1078) Old regions: 472->472
[169.984s][info][gc,heap        ] GC(1078) Archive regions: 0->0
[169.984s][info][gc,heap        ] GC(1078) Humongous regions: 3->3
[169.984s][info][gc,metaspace   ] GC(1078) Metaspace: 16780K(17472K)->16780K(17472K) NonClass: 14360K(14784K)->14360K(14784K) Class: 2419K(2688K)->2419K(2688K)
[169.984s][info][gc             ] GC(1078) Pause Young (Normal) (G1 Evacuation Pause) 492M->471M(512M) 2.161ms
[169.984s][info][gc,cpu         ] GC(1078) User=0.00s Sys=0.00s Real=0.00s
[170.039s][info][gc,start       ] GC(1079) Pause Young (Normal) (G1 Evacuation Pause)
[170.039s][info][gc,task        ] GC(1079) Using 12 workers of 33 for evacuation
[170.041s][info][gc,phases      ] GC(1079)   Pre Evacuate Collection Set: 0.1ms
[170.041s][info][gc,phases      ] GC(1079)   Merge Heap Roots: 0.0ms
[170.041s][info][gc,phases      ] GC(1079)   Evacuate Collection Set: 1.2ms
[170.041s][info][gc,phases      ] GC(1079)   Post Evacuate Collection Set: 0.3ms
[170.041s][info][gc,phases      ] GC(1079)   Other: 0.1ms
[170.041s][info][gc,heap        ] GC(1079) Eden regions: 21->0(22)
[170.041s][info][gc,heap        ] GC(1079) Survivor regions: 4->3(4)
[170.041s][info][gc,heap        ] GC(1079) Old regions: 472->473
[170.041s][info][gc,heap        ] GC(1079) Archive regions: 0->0
[170.041s][info][gc,heap        ] GC(1079) Humongous regions: 3->3
[170.041s][info][gc,metaspace   ] GC(1079) Metaspace: 16780K(17472K)->16780K(17472K) NonClass: 14360K(14784K)->14360K(14784K) Class: 2419K(2688K)->2419K(2688K)
[170.041s][info][gc             ] GC(1079) Pause Young (Normal) (G1 Evacuation Pause) 492M->471M(512M) 2.224ms
[170.042s][info][gc,cpu         ] GC(1079) User=0.00s Sys=0.00s Real=0.00s
[170.087s][info][gc,start       ] GC(1080) Pause Young (Normal) (G1 Evacuation Pause)
[170.087s][info][gc,task        ] GC(1080) Using 12 workers of 33 for evacuation
[170.088s][info][gc,phases      ] GC(1080)   Pre Evacuate Collection Set: 0.1ms
[170.088s][info][gc,phases      ] GC(1080)   Merge Heap Roots: 0.0ms
[170.089s][info][gc,phases      ] GC(1080)   Evacuate Collection Set: 1.2ms
[170.089s][info][gc,phases      ] GC(1080)   Post Evacuate Collection Set: 0.3ms
[170.089s][info][gc,phases      ] GC(1080)   Other: 0.1ms
[170.089s][info][gc,heap        ] GC(1080) Eden regions: 22->0(22)
[170.089s][info][gc,heap        ] GC(1080) Survivor regions: 3->3(4)
[170.089s][info][gc,heap        ] GC(1080) Old regions: 473->473
[170.089s][info][gc,heap        ] GC(1080) Archive regions: 0->0
[170.089s][info][gc,heap        ] GC(1080) Humongous regions: 3->3
[170.089s][info][gc,metaspace   ] GC(1080) Metaspace: 16780K(17472K)->16780K(17472K) NonClass: 14360K(14784K)->14360K(14784K) Class: 2419K(2688K)->2419K(2688K)
[170.089s][info][gc             ] GC(1080) Pause Young (Normal) (G1 Evacuation Pause) 493M->472M(512M) 2.184ms
[170.089s][info][gc,cpu         ] GC(1080) User=0.00s Sys=0.00s Real=0.00s
[170.105s][info][gc,marking     ] GC(1077) Concurrent Mark From Roots 153.706ms
[170.105s][info][gc,marking     ] GC(1077) Concurrent Preclean
[170.105s][info][gc,marking     ] GC(1077) Concurrent Preclean 0.048ms
[170.105s][info][gc,start       ] GC(1077) Pause Remark
[170.106s][info][gc             ] GC(1077) Pause Remark 480M->480M(512M) 1.069ms
[170.106s][info][gc,cpu         ] GC(1077) User=0.19s Sys=0.00s Real=0.02s
[170.106s][info][gc,marking     ] GC(1077) Concurrent Mark 155.105ms
[170.106s][info][gc,marking     ] GC(1077) Concurrent Rebuild Remembered Sets and Scrub Regions
[170.133s][info][gc,start       ] GC(1081) Pause Young (Normal) (G1 Evacuation Pause)
[170.133s][info][gc,task        ] GC(1081) Using 12 workers of 33 for evacuation
[170.135s][info][gc,phases      ] GC(1081)   Pre Evacuate Collection Set: 0.1ms
[170.135s][info][gc,phases      ] GC(1081)   Merge Heap Roots: 0.0ms
[170.135s][info][gc,phases      ] GC(1081)   Evacuate Collection Set: 1.3ms
[170.135s][info][gc,phases      ] GC(1081)   Post Evacuate Collection Set: 0.3ms
[170.135s][info][gc,phases      ] GC(1081)   Other: 0.1ms
[170.135s][info][gc,heap        ] GC(1081) Eden regions: 22->0(22)
[170.135s][info][gc,heap        ] GC(1081) Survivor regions: 3->3(4)
[170.135s][info][gc,heap        ] GC(1081) Old regions: 473->474
[170.135s][info][gc,heap        ] GC(1081) Archive regions: 0->0
[170.135s][info][gc,heap        ] GC(1081) Humongous regions: 3->3
[170.135s][info][gc,metaspace   ] GC(1081) Metaspace: 16780K(17472K)->16780K(17472K) NonClass: 14360K(14784K)->14360K(14784K) Class: 2419K(2688K)->2419K(2688K)
[170.135s][info][gc             ] GC(1081) Pause Young (Normal) (G1 Evacuation Pause) 494M->472M(512M) 2.222ms
[170.135s][info][gc,cpu         ] GC(1081) User=0.00s Sys=0.00s Real=0.00s
[170.149s][info][gc,marking     ] GC(1077) Concurrent Rebuild Remembered Sets and Scrub Regions 42.937ms
[170.168s][info][gc,start       ] GC(1077) Pause Cleanup
[170.168s][info][gc             ] GC(1077) Pause Cleanup 488M->488M(512M) 0.295ms
[170.168s][info][gc,cpu         ] GC(1077) User=0.00s Sys=0.00s Real=0.00s
[170.169s][info][gc,marking     ] GC(1077) Concurrent Clear Claimed Marks
[170.169s][info][gc,marking     ] GC(1077) Concurrent Clear Claimed Marks 0.044ms
[170.169s][info][gc,marking     ] GC(1077) Concurrent Cleanup for Next Mark
[170.169s][info][gc,marking     ] GC(1077) Concurrent Cleanup for Next Mark 0.315ms
[170.169s][info][gc             ] GC(1077) Concurrent Mark Cycle 231.706ms
[170.185s][info][gc,start       ] GC(1082) Pause Young (Prepare Mixed) (G1 Evacuation Pause)
[170.185s][info][gc,task        ] GC(1082) Using 12 workers of 33 for evacuation
[170.187s][info][gc,phases      ] GC(1082)   Pre Evacuate Collection Set: 0.1ms
[170.187s][info][gc,phases      ] GC(1082)   Merge Heap Roots: 0.1ms
[170.187s][info][gc,phases      ] GC(1082)   Evacuate Collection Set: 1.9ms
[170.187s][info][gc,phases      ] GC(1082)   Post Evacuate Collection Set: 0.3ms
[170.187s][info][gc,phases      ] GC(1082)   Other: 0.1ms
[170.187s][info][gc,heap        ] GC(1082) Eden regions: 22->0(22)
[170.187s][info][gc,heap        ] GC(1082) Survivor regions: 3->3(4)
[170.187s][info][gc,heap        ] GC(1082) Old regions: 474->474
[170.187s][info][gc,heap        ] GC(1082) Archive regions: 0->0
[170.187s][info][gc,heap        ] GC(1082) Humongous regions: 3->3
[170.187s][info][gc,metaspace   ] GC(1082) Metaspace: 16780K(17472K)->16780K(17472K) NonClass: 14360K(14784K)->14360K(14784K) Class: 2419K(2688K)->2419K(2688K)
[170.187s][info][gc             ] GC(1082) Pause Young (Prepare Mixed) (G1 Evacuation Pause) 494M->472M(512M) 2.892ms
[170.187s][info][gc,cpu         ] GC(1082) User=0.00s Sys=0.00s Real=0.00s
[170.223s][info][gc,start       ] GC(1083) Pause Young (Mixed) (G1 Evacuation Pause)
[170.223s][info][gc,task        ] GC(1083) Using 12 workers of 33 for evacuation
[170.226s][info][gc,phases      ] GC(1083)   Pre Evacuate Collection Set: 0.1ms
[170.226s][info][gc,phases      ] GC(1083)   Merge Heap Roots: 0.1ms
[170.226s][info][gc,phases      ] GC(1083)   Evacuate Collection Set: 2.1ms
[170.226s][info][gc,phases      ] GC(1083)   Post Evacuate Collection Set: 0.3ms
[170.226s][info][gc,phases      ] GC(1083)   Other: 0.1ms
[170.226s][info][gc,heap        ] GC(1083) Eden regions: 22->0(22)
[170.226s][info][gc,heap        ] GC(1083) Survivor regions: 3->3(4)
[170.226s][info][gc,heap        ] GC(1083) Old regions: 474->470
[170.226s][info][gc,heap        ] GC(1083) Archive regions: 0->0
[170.226s][info][gc,heap        ] GC(1083) Humongous regions: 3->3
[170.226s][info][gc,metaspace   ] GC(1083) Metaspace: 16780K(17472K)->16780K(17472K) NonClass: 14360K(14784K)->14360K(14784K) Class: 2419K(2688K)->2419K(2688K)
[170.226s][info][gc             ] GC(1083) Pause Young (Mixed) (G1 Evacuation Pause) 494M->471M(512M) 3.204ms
[170.226s][info][gc,cpu         ] GC(1083) User=0.00s Sys=0.00s Real=0.00s
[170.261s][info][gc,start       ] GC(1084) Pause Young (Concurrent Start) (G1 Evacuation Pause)
[170.261s][info][gc,task        ] GC(1084) Using 12 workers of 33 for evacuation
[170.264s][info][gc,phases      ] GC(1084)   Pre Evacuate Collection Set: 0.2ms
[170.264s][info][gc,phases      ] GC(1084)   Merge Heap Roots: 0.0ms
[170.264s][info][gc,phases      ] GC(1084)   Evacuate Collection Set: 1.8ms
[170.264s][info][gc,phases      ] GC(1084)   Post Evacuate Collection Set: 0.3ms
[170.264s][info][gc,phases      ] GC(1084)   Other: 0.1ms
[170.264s][info][gc,heap        ] GC(1084) Eden regions: 22->0(22)
[170.264s][info][gc,heap        ] GC(1084) Survivor regions: 3->3(4)
[170.264s][info][gc,heap        ] GC(1084) Old regions: 470->471
[170.264s][info][gc,heap        ] GC(1084) Archive regions: 0->0
[170.264s][info][gc,heap        ] GC(1084) Humongous regions: 3->3
[170.264s][info][gc,metaspace   ] GC(1084) Metaspace: 16780K(17472K)->16780K(17472K) NonClass: 14360K(14784K)->14360K(14784K) Class: 2419K(2688K)->2419K(2688K)
[170.264s][info][gc             ] GC(1084) Pause Young (Concurrent Start) (G1 Evacuation Pause) 493M->471M(512M) 2.985ms
[170.264s][info][gc             ] GC(1085) Concurrent Mark Cycle
[170.264s][info][gc,cpu         ] GC(1084) User=0.02s Sys=0.00s Real=0.02s
[170.264s][info][gc,marking     ] GC(1085) Concurrent Scan Root Regions
[170.276s][info][gc,marking     ] GC(1085) Concurrent Scan Root Regions 11.269ms
[170.276s][info][gc,marking     ] GC(1085) Concurrent Mark
[170.276s][info][gc,marking     ] GC(1085) Concurrent Mark From Roots
[170.276s][info][gc,task        ] GC(1085) Using 8 workers of 8 for marking
[170.308s][info][gc,start       ] GC(1086) Pause Young (Normal) (G1 Evacuation Pause)
[170.308s][info][gc,task        ] GC(1086) Using 12 workers of 33 for evacuation
[170.309s][info][gc,phases      ] GC(1086)   Pre Evacuate Collection Set: 0.1ms
[170.310s][info][gc,phases      ] GC(1086)   Merge Heap Roots: 0.0ms
[170.310s][info][gc,phases      ] GC(1086)   Evacuate Collection Set: 1.1ms
[170.310s][info][gc,phases      ] GC(1086)   Post Evacuate Collection Set: 0.3ms
[170.310s][info][gc,phases      ] GC(1086)   Other: 0.1ms
[170.310s][info][gc,heap        ] GC(1086) Eden regions: 22->0(22)
[170.310s][info][gc,heap        ] GC(1086) Survivor regions: 3->3(4)
[170.310s][info][gc,heap        ] GC(1086) Old regions: 471->471
[170.310s][info][gc,heap        ] GC(1086) Archive regions: 0->0
[170.310s][info][gc,heap        ] GC(1086) Humongous regions: 3->3
[170.310s][info][gc,metaspace   ] GC(1086) Metaspace: 16780K(17472K)->16780K(17472K) NonClass: 14360K(14784K)->14360K(14784K) Class: 2419K(2688K)->2419K(2688K)
[170.310s][info][gc             ] GC(1086) Pause Young (Normal) (G1 Evacuation Pause) 493M->472M(512M) 2.101ms
[170.310s][info][gc,cpu         ] GC(1086) User=0.19s Sys=0.00s Real=0.01s
[170.365s][info][gc,start       ] GC(1087) Pause Young (Normal) (G1 Evacuation Pause)
[170.365s][info][gc,task        ] GC(1087) Using 12 workers of 33 for evacuation
[170.367s][info][gc,phases      ] GC(1087)   Pre Evacuate Collection Set: 0.1ms
[170.367s][info][gc,phases      ] GC(1087)   Merge Heap Roots: 0.0ms
[170.367s][info][gc,phases      ] GC(1087)   Evacuate Collection Set: 1.0ms
[170.367s][info][gc,phases      ] GC(1087)   Post Evacuate Collection Set: 0.3ms
[170.367s][info][gc,phases      ] GC(1087)   Other: 0.1ms
[170.367s][info][gc,heap        ] GC(1087) Eden regions: 22->0(22)
[170.367s][info][gc,heap        ] GC(1087) Survivor regions: 3->3(4)
[170.367s][info][gc,heap        ] GC(1087) Old regions: 471->471
[170.367s][info][gc,heap        ] GC(1087) Archive regions: 0->0
[170.367s][info][gc,heap        ] GC(1087) Humongous regions: 3->3
[170.367s][info][gc,metaspace   ] GC(1087) Metaspace: 16780K(17472K)->16780K(17472K) NonClass: 14360K(14784K)->14360K(14784K) Class: 2419K(2688K)->2419K(2688K)
[170.367s][info][gc             ] GC(1087) Pause Young (Normal) (G1 Evacuation Pause) 494M->472M(512M) 1.989ms
[170.367s][info][gc,cpu         ] GC(1087) User=0.00s Sys=0.00s Real=0.00s
[170.412s][info][gc,start       ] GC(1088) Pause Young (Normal) (G1 Evacuation Pause)
[170.412s][info][gc,task        ] GC(1088) Using 12 workers of 33 for evacuation
[170.413s][info][gc,phases      ] GC(1088)   Pre Evacuate Collection Set: 0.1ms
[170.413s][info][gc,phases      ] GC(1088)   Merge Heap Roots: 0.0ms
[170.413s][info][gc,phases      ] GC(1088)   Evacuate Collection Set: 1.0ms
[170.413s][info][gc,phases      ] GC(1088)   Post Evacuate Collection Set: 0.3ms
[170.413s][info][gc,phases      ] GC(1088)   Other: 0.1ms
[170.413s][info][gc,heap        ] GC(1088) Eden regions: 22->0(22)
[170.413s][info][gc,heap        ] GC(1088) Survivor regions: 3->3(4)
[170.413s][info][gc,heap        ] GC(1088) Old regions: 471->472
[170.413s][info][gc,heap        ] GC(1088) Archive regions: 0->0
[170.413s][info][gc,heap        ] GC(1088) Humongous regions: 3->3
[170.413s][info][gc,metaspace   ] GC(1088) Metaspace: 16780K(17472K)->16780K(17472K) NonClass: 14360K(14784K)->14360K(14784K) Class: 2419K(2688K)->2419K(2688K)
[170.413s][info][gc             ] GC(1088) Pause Young (Normal) (G1 Evacuation Pause) 494M->472M(512M) 1.952ms
[170.414s][info][gc,cpu         ] GC(1088) User=0.00s Sys=0.00s Real=0.00s
[170.414s][info][gc,marking     ] GC(1085) Concurrent Mark From Roots 137.929ms
[170.414s][info][gc,marking     ] GC(1085) Concurrent Preclean
[170.414s][info][gc,marking     ] GC(1085) Concurrent Preclean 0.048ms
[170.414s][info][gc,start       ] GC(1085) Pause Remark
[170.415s][info][gc             ] GC(1085) Pause Remark 472M->472M(512M) 0.790ms
[170.415s][info][gc,cpu         ] GC(1085) User=0.00s Sys=0.00s Real=0.00s
[170.415s][info][gc,marking     ] GC(1085) Concurrent Mark 139.005ms
[170.415s][info][gc,marking     ] GC(1085) Concurrent Rebuild Remembered Sets and Scrub Regions
[170.453s][info][gc,marking     ] GC(1085) Concurrent Rebuild Remembered Sets and Scrub Regions 38.286ms
[170.453s][info][gc,start       ] GC(1085) Pause Cleanup
[170.453s][info][gc             ] GC(1085) Pause Cleanup 494M->494M(512M) 0.327ms
[170.454s][info][gc,cpu         ] GC(1085) User=0.00s Sys=0.00s Real=0.00s
[170.454s][info][gc,marking     ] GC(1085) Concurrent Clear Claimed Marks
[170.454s][info][gc,marking     ] GC(1085) Concurrent Clear Claimed Marks 0.044ms
[170.454s][info][gc,marking     ] GC(1085) Concurrent Cleanup for Next Mark
[170.454s][info][gc,marking     ] GC(1085) Concurrent Cleanup for Next Mark 0.286ms
[170.454s][info][gc             ] GC(1085) Concurrent Mark Cycle 189.595ms
[170.454s][info][gc,start       ] GC(1089) Pause Young (Prepare Mixed) (G1 Evacuation Pause)
[170.454s][info][gc,task        ] GC(1089) Using 12 workers of 33 for evacuation
[170.456s][info][gc,phases      ] GC(1089)   Pre Evacuate Collection Set: 0.1ms
[170.456s][info][gc,phases      ] GC(1089)   Merge Heap Roots: 0.0ms
[170.456s][info][gc,phases      ] GC(1089)   Evacuate Collection Set: 0.9ms
[170.456s][info][gc,phases      ] GC(1089)   Post Evacuate Collection Set: 0.3ms
[170.456s][info][gc,phases      ] GC(1089)   Other: 0.1ms
[170.456s][info][gc,heap        ] GC(1089) Eden regions: 22->0(22)
[170.456s][info][gc,heap        ] GC(1089) Survivor regions: 3->3(4)
[170.456s][info][gc,heap        ] GC(1089) Old regions: 472->472
[170.456s][info][gc,heap        ] GC(1089) Archive regions: 0->0
[170.456s][info][gc,heap        ] GC(1089) Humongous regions: 3->3
[170.456s][info][gc,metaspace   ] GC(1089) Metaspace: 16780K(17472K)->16780K(17472K) NonClass: 14360K(14784K)->14360K(14784K) Class: 2419K(2688K)->2419K(2688K)
[170.456s][info][gc             ] GC(1089) Pause Young (Prepare Mixed) (G1 Evacuation Pause) 494M->472M(512M) 1.887ms
[170.456s][info][gc,cpu         ] GC(1089) User=0.00s Sys=0.00s Real=0.00s
[170.491s][info][gc,start       ] GC(1090) Pause Young (Mixed) (G1 Evacuation Pause)
[170.491s][info][gc,task        ] GC(1090) Using 12 workers of 33 for evacuation
[170.494s][info][gc,phases      ] GC(1090)   Pre Evacuate Collection Set: 0.1ms
[170.494s][info][gc,phases      ] GC(1090)   Merge Heap Roots: 0.1ms
[170.494s][info][gc,phases      ] GC(1090)   Evacuate Collection Set: 2.1ms
[170.494s][info][gc,phases      ] GC(1090)   Post Evacuate Collection Set: 0.3ms
[170.494s][info][gc,phases      ] GC(1090)   Other: 0.1ms
[170.494s][info][gc,heap        ] GC(1090) Eden regions: 22->0(22)
[170.494s][info][gc,heap        ] GC(1090) Survivor regions: 3->3(4)
[170.494s][info][gc,heap        ] GC(1090) Old regions: 472->461
[170.494s][info][gc,heap        ] GC(1090) Archive regions: 0->0
[170.494s][info][gc,heap        ] GC(1090) Humongous regions: 3->3
[170.494s][info][gc,metaspace   ] GC(1090) Metaspace: 16780K(17472K)->16780K(17472K) NonClass: 14360K(14784K)->14360K(14784K) Class: 2419K(2688K)->2419K(2688K)
[170.494s][info][gc             ] GC(1090) Pause Young (Mixed) (G1 Evacuation Pause) 494M->464M(512M) 3.168ms
[170.494s][info][gc,cpu         ] GC(1090) User=0.00s Sys=0.00s Real=0.00s
[170.529s][info][gc,start       ] GC(1091) Pause Young (Concurrent Start) (G1 Evacuation Pause)
[170.529s][info][gc,task        ] GC(1091) Using 12 workers of 33 for evacuation
[170.531s][info][gc,phases      ] GC(1091)   Pre Evacuate Collection Set: 0.2ms
[170.531s][info][gc,phases      ] GC(1091)   Merge Heap Roots: 0.0ms
[170.531s][info][gc,phases      ] GC(1091)   Evacuate Collection Set: 1.3ms
[170.531s][info][gc,phases      ] GC(1091)   Post Evacuate Collection Set: 0.3ms
[170.531s][info][gc,phases      ] GC(1091)   Other: 0.1ms
[170.531s][info][gc,heap        ] GC(1091) Eden regions: 22->0(22)
[170.531s][info][gc,heap        ] GC(1091) Survivor regions: 3->3(4)
[170.531s][info][gc,heap        ] GC(1091) Old regions: 461->461
[170.531s][info][gc,heap        ] GC(1091) Archive regions: 0->0
[170.531s][info][gc,heap        ] GC(1091) Humongous regions: 3->3
[170.531s][info][gc,metaspace   ] GC(1091) Metaspace: 16780K(17472K)->16780K(17472K) NonClass: 14360K(14784K)->14360K(14784K) Class: 2419K(2688K)->2419K(2688K)
[170.531s][info][gc             ] GC(1091) Pause Young (Concurrent Start) (G1 Evacuation Pause) 486M->463M(512M) 2.496ms
[170.531s][info][gc             ] GC(1092) Concurrent Mark Cycle
[170.531s][info][gc,cpu         ] GC(1091) User=0.00s Sys=0.00s Real=0.00s
[170.531s][info][gc,marking     ] GC(1092) Concurrent Scan Root Regions
[170.540s][info][gc,marking     ] GC(1092) Concurrent Scan Root Regions 8.114ms
[170.540s][info][gc,marking     ] GC(1092) Concurrent Mark
[170.540s][info][gc,marking     ] GC(1092) Concurrent Mark From Roots
[170.540s][info][gc,task        ] GC(1092) Using 8 workers of 8 for marking
[170.572s][info][gc,start       ] GC(1093) Pause Young (Normal) (G1 Evacuation Pause)
[170.573s][info][gc,task        ] GC(1093) Using 12 workers of 33 for evacuation
[170.574s][info][gc,phases      ] GC(1093)   Pre Evacuate Collection Set: 0.1ms
[170.574s][info][gc,phases      ] GC(1093)   Merge Heap Roots: 0.0ms
[170.574s][info][gc,phases      ] GC(1093)   Evacuate Collection Set: 0.8ms
[170.574s][info][gc,phases      ] GC(1093)   Post Evacuate Collection Set: 0.2ms
[170.574s][info][gc,phases      ] GC(1093)   Other: 0.1ms
[170.574s][info][gc,heap        ] GC(1093) Eden regions: 22->0(23)
[170.574s][info][gc,heap        ] GC(1093) Survivor regions: 3->2(4)
[170.574s][info][gc,heap        ] GC(1093) Old regions: 461->461
[170.574s][info][gc,heap        ] GC(1093) Archive regions: 0->0
[170.574s][info][gc,heap        ] GC(1093) Humongous regions: 3->3
[170.574s][info][gc,metaspace   ] GC(1093) Metaspace: 16780K(17472K)->16780K(17472K) NonClass: 14360K(14784K)->14360K(14784K) Class: 2419K(2688K)->2419K(2688K)
[170.574s][info][gc             ] GC(1093) Pause Young (Normal) (G1 Evacuation Pause) 485M->463M(512M) 1.494ms
[170.574s][info][gc,cpu         ] GC(1093) User=0.00s Sys=0.00s Real=0.00s
[170.631s][info][gc,start       ] GC(1094) Pause Young (Normal) (G1 Evacuation Pause)
[170.631s][info][gc,task        ] GC(1094) Using 12 workers of 33 for evacuation
[170.632s][info][gc,phases      ] GC(1094)   Pre Evacuate Collection Set: 0.1ms
[170.632s][info][gc,phases      ] GC(1094)   Merge Heap Roots: 0.0ms
[170.632s][info][gc,phases      ] GC(1094)   Evacuate Collection Set: 0.7ms
[170.632s][info][gc,phases      ] GC(1094)   Post Evacuate Collection Set: 0.2ms
[170.632s][info][gc,phases      ] GC(1094)   Other: 0.1ms
[170.632s][info][gc,heap        ] GC(1094) Eden regions: 23->0(23)
[170.632s][info][gc,heap        ] GC(1094) Survivor regions: 2->2(4)
[170.632s][info][gc,heap        ] GC(1094) Old regions: 461->461
[170.632s][info][gc,heap        ] GC(1094) Archive regions: 0->0
[170.632s][info][gc,heap        ] GC(1094) Humongous regions: 3->3
[170.632s][info][gc,metaspace   ] GC(1094) Metaspace: 16780K(17472K)->16780K(17472K) NonClass: 14360K(14784K)->14360K(14784K) Class: 2419K(2688K)->2419K(2688K)
[170.632s][info][gc             ] GC(1094) Pause Young (Normal) (G1 Evacuation Pause) 486M->463M(512M) 1.599ms
[170.633s][info][gc,cpu         ] GC(1094) User=0.00s Sys=0.00s Real=0.00s
[170.665s][info][gc,marking     ] GC(1092) Concurrent Mark From Roots 125.193ms
[170.665s][info][gc,marking     ] GC(1092) Concurrent Preclean
[170.665s][info][gc,marking     ] GC(1092) Concurrent Preclean 0.051ms
[170.665s][info][gc,start       ] GC(1092) Pause Remark
[170.666s][info][gc             ] GC(1092) Pause Remark 479M->479M(512M) 1.062ms
[170.666s][info][gc,cpu         ] GC(1092) User=0.00s Sys=0.00s Real=0.00s
[170.666s][info][gc,marking     ] GC(1092) Concurrent Mark 126.609ms
[170.666s][info][gc,marking     ] GC(1092) Concurrent Rebuild Remembered Sets and Scrub Regions
[170.680s][info][gc,start       ] GC(1095) Pause Young (Normal) (G1 Evacuation Pause)
[170.680s][info][gc,task        ] GC(1095) Using 12 workers of 33 for evacuation
[170.681s][info][gc,phases      ] GC(1095)   Pre Evacuate Collection Set: 0.1ms
[170.681s][info][gc,phases      ] GC(1095)   Merge Heap Roots: 0.0ms
[170.681s][info][gc,phases      ] GC(1095)   Evacuate Collection Set: 0.5ms
[170.681s][info][gc,phases      ] GC(1095)   Post Evacuate Collection Set: 0.2ms
[170.681s][info][gc,phases      ] GC(1095)   Other: 0.1ms
[170.681s][info][gc,heap        ] GC(1095) Eden regions: 23->0(24)
[170.681s][info][gc,heap        ] GC(1095) Survivor regions: 2->1(4)
[170.681s][info][gc,heap        ] GC(1095) Old regions: 461->461
[170.681s][info][gc,heap        ] GC(1095) Archive regions: 0->0
[170.681s][info][gc,heap        ] GC(1095) Humongous regions: 3->3
[170.681s][info][gc,metaspace   ] GC(1095) Metaspace: 16780K(17472K)->16780K(17472K) NonClass: 14360K(14784K)->14360K(14784K) Class: 2419K(2688K)->2419K(2688K)
[170.681s][info][gc             ] GC(1095) Pause Young (Normal) (G1 Evacuation Pause) 486M->462M(512M) 1.424ms
[170.681s][info][gc,cpu         ] GC(1095) User=0.00s Sys=0.00s Real=0.00s
[170.702s][info][gc,marking     ] GC(1092) Concurrent Rebuild Remembered Sets and Scrub Regions 35.628ms
[170.702s][info][gc,start       ] GC(1092) Pause Cleanup
[170.703s][info][gc             ] GC(1092) Pause Cleanup 472M->472M(512M) 0.595ms
[170.703s][info][gc,cpu         ] GC(1092) User=0.00s Sys=0.00s Real=0.00s
[170.703s][info][gc,marking     ] GC(1092) Concurrent Clear Claimed Marks
[170.703s][info][gc,marking     ] GC(1092) Concurrent Clear Claimed Marks 0.022ms
[170.703s][info][gc,marking     ] GC(1092) Concurrent Cleanup for Next Mark
[170.703s][info][gc,marking     ] GC(1092) Concurrent Cleanup for Next Mark 0.288ms
[170.703s][info][gc             ] GC(1092) Concurrent Mark Cycle 171.642ms
[170.724s][info][gc,start       ] GC(1096) Pause Young (Prepare Mixed) (G1 Evacuation Pause)
[170.724s][info][gc,task        ] GC(1096) Using 12 workers of 33 for evacuation
[170.725s][info][gc,phases      ] GC(1096)   Pre Evacuate Collection Set: 0.1ms
[170.725s][info][gc,phases      ] GC(1096)   Merge Heap Roots: 0.0ms
[170.725s][info][gc,phases      ] GC(1096)   Evacuate Collection Set: 0.2ms
[170.725s][info][gc,phases      ] GC(1096)   Post Evacuate Collection Set: 0.3ms
[170.725s][info][gc,phases      ] GC(1096)   Other: 0.1ms
[170.725s][info][gc,heap        ] GC(1096) Eden regions: 24->0(24)
[170.725s][info][gc,heap        ] GC(1096) Survivor regions: 1->1(4)
[170.725s][info][gc,heap        ] GC(1096) Old regions: 461->461
[170.725s][info][gc,heap        ] GC(1096) Archive regions: 0->0
[170.725s][info][gc,heap        ] GC(1096) Humongous regions: 3->3
[170.725s][info][gc,metaspace   ] GC(1096) Metaspace: 16780K(17472K)->16780K(17472K) NonClass: 14360K(14784K)->14360K(14784K) Class: 2419K(2688K)->2419K(2688K)
[170.725s][info][gc             ] GC(1096) Pause Young (Prepare Mixed) (G1 Evacuation Pause) 486M->462M(512M) 1.100ms
[170.725s][info][gc,cpu         ] GC(1096) User=0.00s Sys=0.00s Real=0.00s
[171.251s][info][gc,start       ] GC(1097) Pause Young (Mixed) (G1 Evacuation Pause)
[171.251s][info][gc,task        ] GC(1097) Using 12 workers of 33 for evacuation
[171.256s][info][gc,phases      ] GC(1097)   Pre Evacuate Collection Set: 0.1ms
[171.257s][info][gc,phases      ] GC(1097)   Merge Heap Roots: 0.1ms
[171.257s][info][gc,phases      ] GC(1097)   Evacuate Collection Set: 5.0ms
[171.257s][info][gc,phases      ] GC(1097)   Post Evacuate Collection Set: 0.5ms
[171.257s][info][gc,phases      ] GC(1097)   Other: 0.1ms
[171.257s][info][gc,heap        ] GC(1097) Eden regions: 24->0(38)
[171.257s][info][gc,heap        ] GC(1097) Survivor regions: 1->3(4)
[171.257s][info][gc,heap        ] GC(1097) Old regions: 461->438
[171.257s][info][gc,heap        ] GC(1097) Archive regions: 0->0
[171.257s][info][gc,heap        ] GC(1097) Humongous regions: 3->3
[171.257s][info][gc,metaspace   ] GC(1097) Metaspace: 16866K(17472K)->16866K(17472K) NonClass: 14422K(14784K)->14422K(14784K) Class: 2443K(2688K)->2443K(2688K)
[171.257s][info][gc             ] GC(1097) Pause Young (Mixed) (G1 Evacuation Pause) 486M->442M(512M) 6.371ms
[171.257s][info][gc,cpu         ] GC(1097) User=0.00s Sys=0.00s Real=0.00s
[172.010s][info][gc,start       ] GC(1098) Pause Young (Concurrent Start) (G1 Evacuation Pause)
[172.010s][info][gc,task        ] GC(1098) Using 12 workers of 33 for evacuation
[172.012s][info][gc,phases      ] GC(1098)   Pre Evacuate Collection Set: 0.2ms
[172.012s][info][gc,phases      ] GC(1098)   Merge Heap Roots: 0.1ms
[172.012s][info][gc,phases      ] GC(1098)   Evacuate Collection Set: 1.1ms
[172.012s][info][gc,phases      ] GC(1098)   Post Evacuate Collection Set: 0.5ms
[172.012s][info][gc,phases      ] GC(1098)   Other: 0.1ms
[172.012s][info][gc,heap        ] GC(1098) Eden regions: 38->0(38)
[172.012s][info][gc,heap        ] GC(1098) Survivor regions: 3->3(6)
[172.012s][info][gc,heap        ] GC(1098) Old regions: 438->438
[172.012s][info][gc,heap        ] GC(1098) Archive regions: 0->0
[172.012s][info][gc,heap        ] GC(1098) Humongous regions: 3->3
[172.012s][info][gc,metaspace   ] GC(1098) Metaspace: 16866K(17472K)->16866K(17472K) NonClass: 14422K(14784K)->14422K(14784K) Class: 2443K(2688K)->2443K(2688K)
[172.012s][info][gc             ] GC(1098) Pause Young (Concurrent Start) (G1 Evacuation Pause) 480M->442M(512M) 2.498ms
[172.012s][info][gc             ] GC(1099) Concurrent Mark Cycle
[172.012s][info][gc,cpu         ] GC(1098) User=0.00s Sys=0.00s Real=0.00s
[172.012s][info][gc,marking     ] GC(1099) Concurrent Scan Root Regions
[172.014s][info][gc,marking     ] GC(1099) Concurrent Scan Root Regions 1.702ms
[172.014s][info][gc,marking     ] GC(1099) Concurrent Mark
[172.014s][info][gc,marking     ] GC(1099) Concurrent Mark From Roots
[172.014s][info][gc,task        ] GC(1099) Using 8 workers of 8 for marking
[172.026s][info][gc,marking     ] GC(1099) Concurrent Mark From Roots 11.684ms
[172.026s][info][gc,marking     ] GC(1099) Concurrent Preclean
[172.026s][info][gc,marking     ] GC(1099) Concurrent Preclean 0.064ms
[172.026s][info][gc,start       ] GC(1099) Pause Remark
[172.027s][info][gc             ] GC(1099) Pause Remark 442M->52M(180M) 1.456ms
[172.027s][info][gc,cpu         ] GC(1099) User=0.00s Sys=0.00s Real=0.00s
[172.027s][info][gc,marking     ] GC(1099) Concurrent Mark 13.518ms
[172.028s][info][gc,marking     ] GC(1099) Concurrent Rebuild Remembered Sets and Scrub Regions
[172.031s][info][gc,marking     ] GC(1099) Concurrent Rebuild Remembered Sets and Scrub Regions 3.579ms
[172.031s][info][gc,start       ] GC(1099) Pause Cleanup
[172.031s][info][gc             ] GC(1099) Pause Cleanup 52M->52M(180M) 0.207ms
[172.032s][info][gc,cpu         ] GC(1099) User=0.00s Sys=0.00s Real=0.00s
[172.032s][info][gc,marking     ] GC(1099) Concurrent Clear Claimed Marks
[172.032s][info][gc,marking     ] GC(1099) Concurrent Clear Claimed Marks 0.042ms
[172.032s][info][gc,marking     ] GC(1099) Concurrent Cleanup for Next Mark
[172.032s][info][gc,marking     ] GC(1099) Concurrent Cleanup for Next Mark 0.239ms
[172.032s][info][gc             ] GC(1099) Concurrent Mark Cycle 19.750ms
[172.564s][info][gc,start       ] GC(1100) Pause Full (System.gc())
[172.564s][info][gc,task        ] GC(1100) Using 8 workers of 33 for full compaction
[172.564s][info][gc,phases,start] GC(1100) Phase 1: Mark live objects
[172.578s][info][gc,phases      ] GC(1100) Phase 1: Mark live objects 13.573ms
[172.578s][info][gc,phases,start] GC(1100) Phase 2: Prepare compaction
[172.580s][info][gc,phases      ] GC(1100) Phase 2: Prepare compaction 1.653ms
[172.580s][info][gc,phases,start] GC(1100) Phase 3: Adjust pointers
[172.583s][info][gc,phases      ] GC(1100) Phase 3: Adjust pointers 2.838ms
[172.583s][info][gc,phases,start] GC(1100) Phase 4: Compact heap
[172.583s][info][gc,phases      ] GC(1100) Phase 4: Compact heap 0.564ms
[172.587s][info][gc,heap        ] GC(1100) Eden regions: 29->0(68)
[172.587s][info][gc,heap        ] GC(1100) Survivor regions: 3->0(6)
[172.587s][info][gc,heap        ] GC(1100) Old regions: 50->34
[172.587s][info][gc,heap        ] GC(1100) Archive regions: 0->0
[172.587s][info][gc,heap        ] GC(1100) Humongous regions: 0->0
[172.587s][info][gc,metaspace   ] GC(1100) Metaspace: 16866K(17472K)->16784K(17472K) NonClass: 14423K(14784K)->14363K(14784K) Class: 2443K(2688K)->2420K(2688K)
[172.587s][info][gc             ] GC(1100) Pause Full (System.gc()) 80M->29M(114M) 22.910ms
[172.587s][info][gc,cpu         ] GC(1100) User=0.13s Sys=0.00s Real=0.02s
[174.646s][info][gc,start       ] GC(1101) Pause Young (Concurrent Start) (G1 Evacuation Pause)
[174.647s][info][gc,task        ] GC(1101) Using 5 workers of 33 for evacuation
[174.751s][info][gc,phases      ] GC(1101)   Pre Evacuate Collection Set: 0.2ms
[174.761s][info][gc,phases      ] GC(1101)   Merge Heap Roots: 0.1ms
[174.761s][info][gc,phases      ] GC(1101)   Evacuate Collection Set: 102.9ms
[174.761s][info][gc,phases      ] GC(1101)   Post Evacuate Collection Set: 1.3ms
[174.761s][info][gc,phases      ] GC(1101)   Other: 0.2ms
[174.761s][info][gc,heap        ] GC(1101) Eden regions: 68->0(32)
[174.761s][info][gc,heap        ] GC(1101) Survivor regions: 0->9(9)
[174.761s][info][gc,heap        ] GC(1101) Old regions: 34->56
[174.762s][info][gc,heap        ] GC(1101) Archive regions: 0->0
[174.762s][info][gc,heap        ] GC(1101) Humongous regions: 0->0
[174.762s][info][gc,metaspace   ] GC(1101) Metaspace: 16791K(17472K)->16791K(17472K) NonClass: 14371K(14784K)->14371K(14784K) Class: 2420K(2688K)->2420K(2688K)
[174.762s][info][gc             ] GC(1101) Pause Young (Concurrent Start) (G1 Evacuation Pause) 97M->59M(133M) 115.148ms
[174.762s][info][gc             ] GC(1102) Concurrent Mark Cycle
[174.762s][info][gc,cpu         ] GC(1101) User=0.47s Sys=0.00s Real=0.12s
[174.762s][info][gc,marking     ] GC(1102) Concurrent Scan Root Regions
[174.770s][info][gc,marking     ] GC(1102) Concurrent Scan Root Regions 8.547ms
[174.770s][info][gc,marking     ] GC(1102) Concurrent Mark
[174.770s][info][gc,marking     ] GC(1102) Concurrent Mark From Roots
[174.770s][info][gc,task        ] GC(1102) Using 8 workers of 8 for marking
[174.779s][info][gc,marking     ] GC(1102) Concurrent Mark From Roots 8.778ms
[174.779s][info][gc,marking     ] GC(1102) Concurrent Preclean
[174.779s][info][gc,marking     ] GC(1102) Concurrent Preclean 0.037ms
[174.779s][info][gc,start       ] GC(1102) Pause Remark
[174.780s][info][gc             ] GC(1102) Pause Remark 60M->60M(133M) 1.111ms
[174.780s][info][gc,cpu         ] GC(1102) User=0.00s Sys=0.00s Real=0.00s
[174.780s][info][gc,marking     ] GC(1102) Concurrent Mark 10.182ms
[174.780s][info][gc,marking     ] GC(1102) Concurrent Rebuild Remembered Sets and Scrub Regions
[174.802s][info][gc,marking     ] GC(1102) Concurrent Rebuild Remembered Sets and Scrub Regions 21.703ms
[174.802s][info][gc,start       ] GC(1102) Pause Cleanup
[174.802s][info][gc             ] GC(1102) Pause Cleanup 60M->60M(133M) 0.143ms
[174.803s][info][gc,cpu         ] GC(1102) User=0.00s Sys=0.00s Real=0.00s
[174.803s][info][gc,marking     ] GC(1102) Concurrent Clear Claimed Marks
[174.803s][info][gc,marking     ] GC(1102) Concurrent Clear Claimed Marks 0.070ms
[174.803s][info][gc,marking     ] GC(1102) Concurrent Cleanup for Next Mark
[174.803s][info][gc,marking     ] GC(1102) Concurrent Cleanup for Next Mark 0.238ms
[174.803s][info][gc             ] GC(1102) Concurrent Mark Cycle 41.354ms
[175.232s][info][gc,start       ] GC(1103) Pause Young (Prepare Mixed) (G1 Evacuation Pause)
[175.232s][info][gc,task        ] GC(1103) Using 4 workers of 33 for evacuation
[175.258s][info][gc,phases      ] GC(1103)   Pre Evacuate Collection Set: 0.1ms
[175.258s][info][gc,phases      ] GC(1103)   Merge Heap Roots: 2.9ms
[175.258s][info][gc,phases      ] GC(1103)   Evacuate Collection Set: 22.2ms
[175.258s][info][gc,phases      ] GC(1103)   Post Evacuate Collection Set: 0.5ms
[175.258s][info][gc,phases      ] GC(1103)   Other: 0.1ms
[175.258s][info][gc,heap        ] GC(1103) Eden regions: 32->0(32)
[175.258s][info][gc,heap        ] GC(1103) Survivor regions: 9->3(6)
[175.258s][info][gc,heap        ] GC(1103) Old regions: 56->66
[175.258s][info][gc,heap        ] GC(1103) Archive regions: 0->0
[175.258s][info][gc,heap        ] GC(1103) Humongous regions: 0->0
[175.258s][info][gc,metaspace   ] GC(1103) Metaspace: 16791K(17472K)->16791K(17472K) NonClass: 14371K(14784K)->14371K(14784K) Class: 2420K(2688K)->2420K(2688K)
[175.259s][info][gc             ] GC(1103) Pause Young (Prepare Mixed) (G1 Evacuation Pause) 91M->63M(133M) 26.404ms
[175.259s][info][gc,cpu         ] GC(1103) User=0.13s Sys=0.00s Real=0.03s
[175.265s][info][gc,start       ] GC(1104) Pause Young (Mixed) (G1 Evacuation Pause)
[175.265s][info][gc,task        ] GC(1104) Using 3 workers of 33 for evacuation
[175.270s][info][gc,phases      ] GC(1104)   Pre Evacuate Collection Set: 0.1ms
[175.270s][info][gc,phases      ] GC(1104)   Merge Heap Roots: 0.1ms
[175.270s][info][gc,phases      ] GC(1104)   Evacuate Collection Set: 4.3ms
[175.270s][info][gc,phases      ] GC(1104)   Post Evacuate Collection Set: 0.4ms
[175.270s][info][gc,phases      ] GC(1104)   Other: 0.1ms
[175.270s][info][gc,heap        ] GC(1104) Eden regions: 32->0(35)
[175.270s][info][gc,heap        ] GC(1104) Survivor regions: 3->3(5)
[175.270s][info][gc,heap        ] GC(1104) Old regions: 66->66
[175.270s][info][gc,heap        ] GC(1104) Archive regions: 0->0
[175.270s][info][gc,heap        ] GC(1104) Humongous regions: 0->0
[175.270s][info][gc,metaspace   ] GC(1104) Metaspace: 16791K(17472K)->16791K(17472K) NonClass: 14371K(14784K)->14371K(14784K) Class: 2420K(2688K)->2420K(2688K)
[175.270s][info][gc             ] GC(1104) Pause Young (Mixed) (G1 Evacuation Pause) 95M->64M(133M) 5.451ms
[175.270s][info][gc,cpu         ] GC(1104) User=0.00s Sys=0.00s Real=0.00s
[175.275s][info][gc,start       ] GC(1105) Pause Young (Concurrent Start) (G1 Evacuation Pause)
[175.275s][info][gc,task        ] GC(1105) Using 3 workers of 33 for evacuation
[175.279s][info][gc,phases      ] GC(1105)   Pre Evacuate Collection Set: 0.2ms
[175.279s][info][gc,phases      ] GC(1105)   Merge Heap Roots: 0.0ms
[175.279s][info][gc,phases      ] GC(1105)   Evacuate Collection Set: 3.3ms
[175.279s][info][gc,phases      ] GC(1105)   Post Evacuate Collection Set: 0.4ms
[175.279s][info][gc,phases      ] GC(1105)   Other: 0.1ms
[175.279s][info][gc,heap        ] GC(1105) Eden regions: 35->0(39)
[175.279s][info][gc,heap        ] GC(1105) Survivor regions: 3->3(5)
[175.280s][info][gc,heap        ] GC(1105) Old regions: 66->66
[175.280s][info][gc,heap        ] GC(1105) Archive regions: 0->0
[175.280s][info][gc,heap        ] GC(1105) Humongous regions: 0->0
[175.280s][info][gc,metaspace   ] GC(1105) Metaspace: 16791K(17472K)->16791K(17472K) NonClass: 14371K(14784K)->14371K(14784K) Class: 2420K(2688K)->2420K(2688K)
[175.280s][info][gc             ] GC(1105) Pause Young (Concurrent Start) (G1 Evacuation Pause) 99M->64M(133M) 4.539ms
[175.280s][info][gc             ] GC(1106) Concurrent Mark Cycle
[175.280s][info][gc,cpu         ] GC(1105) User=0.00s Sys=0.00s Real=0.00s
[175.280s][info][gc,marking     ] GC(1106) Concurrent Scan Root Regions
[175.282s][info][gc,marking     ] GC(1106) Concurrent Scan Root Regions 1.798ms
[175.282s][info][gc,marking     ] GC(1106) Concurrent Mark
[175.282s][info][gc,marking     ] GC(1106) Concurrent Mark From Roots
[175.282s][info][gc,task        ] GC(1106) Using 8 workers of 8 for marking
[175.286s][info][gc,start       ] GC(1107) Pause Young (Normal) (G1 Evacuation Pause)
[175.286s][info][gc,task        ] GC(1107) Using 3 workers of 33 for evacuation
[175.290s][info][gc,phases      ] GC(1107)   Pre Evacuate Collection Set: 0.1ms
[175.290s][info][gc,phases      ] GC(1107)   Merge Heap Roots: 0.0ms
[175.290s][info][gc,phases      ] GC(1107)   Evacuate Collection Set: 2.9ms
[175.290s][info][gc,phases      ] GC(1107)   Post Evacuate Collection Set: 0.4ms
[175.290s][info][gc,phases      ] GC(1107)   Other: 0.1ms
[175.290s][info][gc,heap        ] GC(1107) Eden regions: 39->0(41)
[175.290s][info][gc,heap        ] GC(1107) Survivor regions: 3->3(6)
[175.290s][info][gc,heap        ] GC(1107) Old regions: 66->66
[175.290s][info][gc,heap        ] GC(1107) Archive regions: 0->0
[175.290s][info][gc,heap        ] GC(1107) Humongous regions: 0->0
[175.290s][info][gc,metaspace   ] GC(1107) Metaspace: 16791K(17472K)->16791K(17472K) NonClass: 14371K(14784K)->14371K(14784K) Class: 2420K(2688K)->2420K(2688K)
[175.290s][info][gc             ] GC(1107) Pause Young (Normal) (G1 Evacuation Pause) 103M->64M(133M) 3.956ms
[175.290s][info][gc,cpu         ] GC(1107) User=0.02s Sys=0.00s Real=0.02s
[175.297s][info][gc,start       ] GC(1108) Pause Young (Normal) (G1 Evacuation Pause)
[175.297s][info][gc,task        ] GC(1108) Using 3 workers of 33 for evacuation
[175.303s][info][gc,phases      ] GC(1108)   Pre Evacuate Collection Set: 0.1ms
[175.303s][info][gc,phases      ] GC(1108)   Merge Heap Roots: 0.0ms
[175.303s][info][gc,phases      ] GC(1108)   Evacuate Collection Set: 2.8ms
[175.303s][info][gc,phases      ] GC(1108)   Post Evacuate Collection Set: 2.2ms
[175.303s][info][gc,phases      ] GC(1108)   Other: 0.1ms
[175.303s][info][gc,heap        ] GC(1108) Eden regions: 41->0(129)
[175.303s][info][gc,heap        ] GC(1108) Survivor regions: 3->3(6)
[175.303s][info][gc,heap        ] GC(1108) Old regions: 66->66
[175.303s][info][gc,heap        ] GC(1108) Archive regions: 0->0
[175.303s][info][gc,heap        ] GC(1108) Humongous regions: 0->0
[175.303s][info][gc,metaspace   ] GC(1108) Metaspace: 16791K(17472K)->16791K(17472K) NonClass: 14371K(14784K)->14371K(14784K) Class: 2420K(2688K)->2420K(2688K)
[175.303s][info][gc             ] GC(1108) Pause Young (Normal) (G1 Evacuation Pause) 105M->64M(284M) 5.636ms
[175.303s][info][gc,cpu         ] GC(1108) User=0.00s Sys=0.00s Real=0.00s
[175.325s][info][gc,marking     ] GC(1106) Concurrent Mark From Roots 43.210ms
[175.325s][info][gc,marking     ] GC(1106) Concurrent Preclean
[175.325s][info][gc,marking     ] GC(1106) Concurrent Preclean 0.060ms
[175.325s][info][gc,start       ] GC(1106) Pause Remark
[175.326s][info][gc             ] GC(1106) Pause Remark 89M->89M(284M) 1.203ms
[175.327s][info][gc,cpu         ] GC(1106) User=0.00s Sys=0.00s Real=0.00s
[175.327s][info][gc,marking     ] GC(1106) Concurrent Mark 44.987ms
[175.327s][info][gc,marking     ] GC(1106) Concurrent Rebuild Remembered Sets and Scrub Regions
[175.332s][info][gc,marking     ] GC(1106) Concurrent Rebuild Remembered Sets and Scrub Regions 5.034ms
[175.332s][info][gc,start       ] GC(1106) Pause Cleanup
[175.332s][info][gc             ] GC(1106) Pause Cleanup 96M->96M(284M) 0.139ms
[175.332s][info][gc,cpu         ] GC(1106) User=0.00s Sys=0.00s Real=0.00s
[175.333s][info][gc,marking     ] GC(1106) Concurrent Clear Claimed Marks
[175.333s][info][gc,marking     ] GC(1106) Concurrent Clear Claimed Marks 0.084ms
[175.333s][info][gc,marking     ] GC(1106) Concurrent Cleanup for Next Mark
[175.334s][info][gc,marking     ] GC(1106) Concurrent Cleanup for Next Mark 1.276ms
[175.334s][info][gc             ] GC(1106) Concurrent Mark Cycle 54.295ms
[175.395s][info][gc,start       ] GC(1109) Pause Young (Prepare Mixed) (G1 Evacuation Pause)
[175.395s][info][gc,task        ] GC(1109) Using 6 workers of 33 for evacuation
[175.397s][info][gc,phases      ] GC(1109)   Pre Evacuate Collection Set: 0.1ms
[175.397s][info][gc,phases      ] GC(1109)   Merge Heap Roots: 0.0ms
[175.397s][info][gc,phases      ] GC(1109)   Evacuate Collection Set: 1.5ms
[175.397s][info][gc,phases      ] GC(1109)   Post Evacuate Collection Set: 0.3ms
[175.397s][info][gc,phases      ] GC(1109)   Other: 0.1ms
[175.397s][info][gc,heap        ] GC(1109) Eden regions: 129->0(140)
[175.397s][info][gc,heap        ] GC(1109) Survivor regions: 3->3(17)
[175.397s][info][gc,heap        ] GC(1109) Old regions: 66->66
[175.397s][info][gc,heap        ] GC(1109) Archive regions: 0->0
[175.397s][info][gc,heap        ] GC(1109) Humongous regions: 0->0
[175.397s][info][gc,metaspace   ] GC(1109) Metaspace: 16791K(17472K)->16791K(17472K) NonClass: 14371K(14784K)->14371K(14784K) Class: 2420K(2688K)->2420K(2688K)
[175.397s][info][gc             ] GC(1109) Pause Young (Prepare Mixed) (G1 Evacuation Pause) 193M->64M(284M) 2.195ms
[175.397s][info][gc,cpu         ] GC(1109) User=0.09s Sys=0.00s Real=0.02s
[175.416s][info][gc,start       ] GC(1110) Pause Young (Mixed) (G1 Evacuation Pause)
[175.416s][info][gc,task        ] GC(1110) Using 6 workers of 33 for evacuation
[175.418s][info][gc,phases      ] GC(1110)   Pre Evacuate Collection Set: 0.1ms
[175.418s][info][gc,phases      ] GC(1110)   Merge Heap Roots: 0.0ms
[175.418s][info][gc,phases      ] GC(1110)   Evacuate Collection Set: 1.3ms
[175.418s][info][gc,phases      ] GC(1110)   Post Evacuate Collection Set: 0.3ms
[175.418s][info][gc,phases      ] GC(1110)   Other: 0.1ms
[175.418s][info][gc,heap        ] GC(1110) Eden regions: 140->0(150)
[175.418s][info][gc,heap        ] GC(1110) Survivor regions: 3->3(18)
[175.418s][info][gc,heap        ] GC(1110) Old regions: 66->65
[175.418s][info][gc,heap        ] GC(1110) Archive regions: 0->0
[175.418s][info][gc,heap        ] GC(1110) Humongous regions: 0->0
[175.418s][info][gc,metaspace   ] GC(1110) Metaspace: 16791K(17472K)->16791K(17472K) NonClass: 14371K(14784K)->14371K(14784K) Class: 2420K(2688K)->2420K(2688K)
[175.418s][info][gc             ] GC(1110) Pause Young (Mixed) (G1 Evacuation Pause) 204M->62M(284M) 2.031ms
[175.418s][info][gc,cpu         ] GC(1110) User=0.00s Sys=0.00s Real=0.00s
[175.436s][info][gc,start       ] GC(1111) Pause Young (Concurrent Start) (G1 Evacuation Pause)
[175.436s][info][gc,task        ] GC(1111) Using 6 workers of 33 for evacuation
[175.438s][info][gc,phases      ] GC(1111)   Pre Evacuate Collection Set: 0.2ms
[175.438s][info][gc,phases      ] GC(1111)   Merge Heap Roots: 0.0ms
[175.438s][info][gc,phases      ] GC(1111)   Evacuate Collection Set: 1.2ms
[175.438s][info][gc,phases      ] GC(1111)   Post Evacuate Collection Set: 0.3ms
[175.438s][info][gc,phases      ] GC(1111)   Other: 0.1ms
[175.438s][info][gc,heap        ] GC(1111) Eden regions: 150->0(159)
[175.438s][info][gc,heap        ] GC(1111) Survivor regions: 3->3(20)
[175.438s][info][gc,heap        ] GC(1111) Old regions: 65->65
[175.438s][info][gc,heap        ] GC(1111) Archive regions: 0->0
[175.438s][info][gc,heap        ] GC(1111) Humongous regions: 0->0
[175.438s][info][gc,metaspace   ] GC(1111) Metaspace: 16791K(17472K)->16791K(17472K) NonClass: 14371K(14784K)->14371K(14784K) Class: 2420K(2688K)->2420K(2688K)
[175.438s][info][gc             ] GC(1111) Pause Young (Concurrent Start) (G1 Evacuation Pause) 212M->62M(284M) 1.983ms
[175.438s][info][gc,cpu         ] GC(1111) User=0.00s Sys=0.00s Real=0.00s
[175.438s][info][gc             ] GC(1112) Concurrent Mark Cycle
[175.438s][info][gc,marking     ] GC(1112) Concurrent Scan Root Regions
[175.440s][info][gc,marking     ] GC(1112) Concurrent Scan Root Regions 1.568ms
[175.440s][info][gc,marking     ] GC(1112) Concurrent Mark
[175.440s][info][gc,marking     ] GC(1112) Concurrent Mark From Roots
[175.440s][info][gc,task        ] GC(1112) Using 8 workers of 8 for marking
[175.457s][info][gc,start       ] GC(1113) Pause Young (Normal) (G1 Evacuation Pause)
[175.457s][info][gc,task        ] GC(1113) Using 6 workers of 33 for evacuation
[175.458s][info][gc,phases      ] GC(1113)   Pre Evacuate Collection Set: 0.1ms
[175.458s][info][gc,phases      ] GC(1113)   Merge Heap Roots: 0.1ms
[175.458s][info][gc,phases      ] GC(1113)   Evacuate Collection Set: 1.1ms
[175.459s][info][gc,phases      ] GC(1113)   Post Evacuate Collection Set: 0.3ms
[175.459s][info][gc,phases      ] GC(1113)   Other: 0.1ms
[175.459s][info][gc,heap        ] GC(1113) Eden regions: 159->0(167)
[175.459s][info][gc,heap        ] GC(1113) Survivor regions: 3->3(21)
[175.459s][info][gc,heap        ] GC(1113) Old regions: 65->65
[175.459s][info][gc,heap        ] GC(1113) Archive regions: 0->0
[175.459s][info][gc,heap        ] GC(1113) Humongous regions: 0->0
[175.459s][info][gc,metaspace   ] GC(1113) Metaspace: 16791K(17472K)->16791K(17472K) NonClass: 14371K(14784K)->14371K(14784K) Class: 2420K(2688K)->2420K(2688K)
[175.459s][info][gc             ] GC(1113) Pause Young (Normal) (G1 Evacuation Pause) 221M->62M(284M) 1.814ms
[175.459s][info][gc,cpu         ] GC(1113) User=0.00s Sys=0.00s Real=0.00s
[175.467s][info][gc,marking     ] GC(1112) Concurrent Mark From Roots 27.330ms
[175.467s][info][gc,marking     ] GC(1112) Concurrent Preclean
[175.467s][info][gc,marking     ] GC(1112) Concurrent Preclean 0.075ms
[175.467s][info][gc,start       ] GC(1112) Pause Remark
[175.468s][info][gc             ] GC(1112) Pause Remark 140M->140M(284M) 0.784ms
[175.468s][info][gc,cpu         ] GC(1112) User=0.00s Sys=0.00s Real=0.00s
[175.468s][info][gc,marking     ] GC(1112) Concurrent Mark 28.631ms
[175.469s][info][gc,marking     ] GC(1112) Concurrent Rebuild Remembered Sets and Scrub Regions
[175.475s][info][gc,marking     ] GC(1112) Concurrent Rebuild Remembered Sets and Scrub Regions 6.339ms
[175.475s][info][gc,start       ] GC(1112) Pause Cleanup
[175.475s][info][gc             ] GC(1112) Pause Cleanup 197M->197M(284M) 0.120ms
[175.475s][info][gc,cpu         ] GC(1112) User=0.00s Sys=0.00s Real=0.00s
[175.475s][info][gc,marking     ] GC(1112) Concurrent Clear Claimed Marks
[175.475s][info][gc,marking     ] GC(1112) Concurrent Clear Claimed Marks 0.052ms
[175.475s][info][gc,marking     ] GC(1112) Concurrent Cleanup for Next Mark
[175.476s][info][gc,marking     ] GC(1112) Concurrent Cleanup for Next Mark 0.604ms
[175.476s][info][gc             ] GC(1112) Concurrent Mark Cycle 37.891ms
[175.479s][info][gc,start       ] GC(1114) Pause Young (Prepare Mixed) (G1 Evacuation Pause)
[175.479s][info][gc,task        ] GC(1114) Using 6 workers of 33 for evacuation
[175.481s][info][gc,phases      ] GC(1114)   Pre Evacuate Collection Set: 0.1ms
[175.481s][info][gc,phases      ] GC(1114)   Merge Heap Roots: 0.1ms
[175.481s][info][gc,phases      ] GC(1114)   Evacuate Collection Set: 1.1ms
[175.481s][info][gc,phases      ] GC(1114)   Post Evacuate Collection Set: 0.3ms
[175.481s][info][gc,phases      ] GC(1114)   Other: 0.1ms
[175.481s][info][gc,heap        ] GC(1114) Eden regions: 167->0(167)
[175.481s][info][gc,heap        ] GC(1114) Survivor regions: 3->3(22)
[175.481s][info][gc,heap        ] GC(1114) Old regions: 65->65
[175.481s][info][gc,heap        ] GC(1114) Archive regions: 0->0
[175.481s][info][gc,heap        ] GC(1114) Humongous regions: 0->0
[175.481s][info][gc,metaspace   ] GC(1114) Metaspace: 16791K(17472K)->16791K(17472K) NonClass: 14371K(14784K)->14371K(14784K) Class: 2420K(2688K)->2420K(2688K)
[175.481s][info][gc             ] GC(1114) Pause Young (Prepare Mixed) (G1 Evacuation Pause) 229M->62M(284M) 1.818ms
[175.481s][info][gc,cpu         ] GC(1114) User=0.00s Sys=0.00s Real=0.00s
[175.498s][info][gc,start       ] GC(1115) Pause Young (Mixed) (G1 Evacuation Pause)
[175.499s][info][gc,task        ] GC(1115) Using 6 workers of 33 for evacuation
[175.500s][info][gc,phases      ] GC(1115)   Pre Evacuate Collection Set: 0.1ms
[175.500s][info][gc,phases      ] GC(1115)   Merge Heap Roots: 0.1ms
[175.500s][info][gc,phases      ] GC(1115)   Evacuate Collection Set: 1.2ms
[175.500s][info][gc,phases      ] GC(1115)   Post Evacuate Collection Set: 0.3ms
[175.500s][info][gc,phases      ] GC(1115)   Other: 0.1ms
[175.500s][info][gc,heap        ] GC(1115) Eden regions: 167->0(167)
[175.500s][info][gc,heap        ] GC(1115) Survivor regions: 3->3(22)
[175.500s][info][gc,heap        ] GC(1115) Old regions: 65->63
[175.500s][info][gc,heap        ] GC(1115) Archive regions: 0->0
[175.500s][info][gc,heap        ] GC(1115) Humongous regions: 0->0
[175.500s][info][gc,metaspace   ] GC(1115) Metaspace: 16791K(17472K)->16791K(17472K) NonClass: 14371K(14784K)->14371K(14784K) Class: 2420K(2688K)->2420K(2688K)
[175.500s][info][gc             ] GC(1115) Pause Young (Mixed) (G1 Evacuation Pause) 229M->62M(284M) 1.976ms
[175.500s][info][gc,cpu         ] GC(1115) User=0.00s Sys=0.00s Real=0.00s
[175.519s][info][gc,start       ] GC(1116) Pause Young (Concurrent Start) (G1 Evacuation Pause)
[175.519s][info][gc,task        ] GC(1116) Using 6 workers of 33 for evacuation
[175.521s][info][gc,phases      ] GC(1116)   Pre Evacuate Collection Set: 0.2ms
[175.521s][info][gc,phases      ] GC(1116)   Merge Heap Roots: 0.1ms
[175.521s][info][gc,phases      ] GC(1116)   Evacuate Collection Set: 1.0ms
[175.521s][info][gc,phases      ] GC(1116)   Post Evacuate Collection Set: 0.6ms
[175.521s][info][gc,phases      ] GC(1116)   Other: 0.1ms
[175.521s][info][gc,heap        ] GC(1116) Eden regions: 167->0(190)
[175.521s][info][gc,heap        ] GC(1116) Survivor regions: 3->3(22)
[175.521s][info][gc,heap        ] GC(1116) Old regions: 63->63
[175.521s][info][gc,heap        ] GC(1116) Archive regions: 0->0
[175.521s][info][gc,heap        ] GC(1116) Humongous regions: 0->0
[175.521s][info][gc,metaspace   ] GC(1116) Metaspace: 16791K(17472K)->16791K(17472K) NonClass: 14371K(14784K)->14371K(14784K) Class: 2420K(2688K)->2420K(2688K)
[175.521s][info][gc             ] GC(1116) Pause Young (Concurrent Start) (G1 Evacuation Pause) 229M->62M(322M) 2.241ms
[175.521s][info][gc             ] GC(1117) Concurrent Mark Cycle
[175.521s][info][gc,cpu         ] GC(1116) User=0.00s Sys=0.00s Real=0.00s
[175.521s][info][gc,marking     ] GC(1117) Concurrent Scan Root Regions
[175.522s][info][gc,marking     ] GC(1117) Concurrent Scan Root Regions 1.061ms
[175.522s][info][gc,marking     ] GC(1117) Concurrent Mark
[175.522s][info][gc,marking     ] GC(1117) Concurrent Mark From Roots
[175.522s][info][gc,task        ] GC(1117) Using 8 workers of 8 for marking
[175.543s][info][gc,marking     ] GC(1117) Concurrent Mark From Roots 21.388ms
[175.543s][info][gc,marking     ] GC(1117) Concurrent Preclean
[175.544s][info][gc,marking     ] GC(1117) Concurrent Preclean 0.065ms
[175.544s][info][gc,start       ] GC(1117) Pause Remark
[175.544s][info][gc             ] GC(1117) Pause Remark 134M->134M(322M) 0.788ms
[175.544s][info][gc,cpu         ] GC(1117) User=0.00s Sys=0.00s Real=0.00s
[175.545s][info][gc,marking     ] GC(1117) Concurrent Mark 22.758ms
[175.545s][info][gc,marking     ] GC(1117) Concurrent Rebuild Remembered Sets and Scrub Regions
[175.551s][info][gc,marking     ] GC(1117) Concurrent Rebuild Remembered Sets and Scrub Regions 6.134ms
[175.551s][info][gc,start       ] GC(1117) Pause Cleanup
[175.551s][info][gc             ] GC(1117) Pause Cleanup 188M->188M(322M) 0.120ms
[175.551s][info][gc,cpu         ] GC(1117) User=0.00s Sys=0.00s Real=0.00s
[175.551s][info][gc,marking     ] GC(1117) Concurrent Clear Claimed Marks
[175.551s][info][gc,marking     ] GC(1117) Concurrent Clear Claimed Marks 0.120ms
[175.551s][info][gc,marking     ] GC(1117) Concurrent Cleanup for Next Mark
[175.552s][info][gc,marking     ] GC(1117) Concurrent Cleanup for Next Mark 0.763ms
[175.552s][info][gc             ] GC(1117) Concurrent Mark Cycle 31.494ms
[175.558s][info][gc,start       ] GC(1118) Pause Young (Prepare Mixed) (G1 Evacuation Pause)
[175.558s][info][gc,task        ] GC(1118) Using 7 workers of 33 for evacuation
[175.560s][info][gc,phases      ] GC(1118)   Pre Evacuate Collection Set: 0.1ms
[175.560s][info][gc,phases      ] GC(1118)   Merge Heap Roots: 0.1ms
[175.560s][info][gc,phases      ] GC(1118)   Evacuate Collection Set: 1.0ms
[175.560s][info][gc,phases      ] GC(1118)   Post Evacuate Collection Set: 0.3ms
[175.560s][info][gc,phases      ] GC(1118)   Other: 0.1ms
[175.560s][info][gc,heap        ] GC(1118) Eden regions: 190->0(190)
[175.560s][info][gc,heap        ] GC(1118) Survivor regions: 3->3(25)
[175.560s][info][gc,heap        ] GC(1118) Old regions: 63->63
[175.560s][info][gc,heap        ] GC(1118) Archive regions: 0->0
[175.560s][info][gc,heap        ] GC(1118) Humongous regions: 0->0
[175.560s][info][gc,metaspace   ] GC(1118) Metaspace: 16791K(17472K)->16791K(17472K) NonClass: 14371K(14784K)->14371K(14784K) Class: 2420K(2688K)->2420K(2688K)
[175.560s][info][gc             ] GC(1118) Pause Young (Prepare Mixed) (G1 Evacuation Pause) 252M->63M(322M) 1.705ms
[175.560s][info][gc,cpu         ] GC(1118) User=0.00s Sys=0.00s Real=0.00s
[175.580s][info][gc,start       ] GC(1119) Pause Young (Mixed) (G1 Evacuation Pause)
[175.581s][info][gc,task        ] GC(1119) Using 7 workers of 33 for evacuation
[175.582s][info][gc,phases      ] GC(1119)   Pre Evacuate Collection Set: 0.1ms
[175.582s][info][gc,phases      ] GC(1119)   Merge Heap Roots: 0.1ms
[175.582s][info][gc,phases      ] GC(1119)   Evacuate Collection Set: 1.1ms
[175.582s][info][gc,phases      ] GC(1119)   Post Evacuate Collection Set: 0.3ms
[175.582s][info][gc,phases      ] GC(1119)   Other: 0.1ms
[175.582s][info][gc,heap        ] GC(1119) Eden regions: 190->0(190)
[175.582s][info][gc,heap        ] GC(1119) Survivor regions: 3->3(25)
[175.582s][info][gc,heap        ] GC(1119) Old regions: 63->62
[175.582s][info][gc,heap        ] GC(1119) Archive regions: 0->0
[175.582s][info][gc,heap        ] GC(1119) Humongous regions: 0->0
[175.582s][info][gc,metaspace   ] GC(1119) Metaspace: 16791K(17472K)->16791K(17472K) NonClass: 14371K(14784K)->14371K(14784K) Class: 2420K(2688K)->2420K(2688K)
[175.582s][info][gc             ] GC(1119) Pause Young (Mixed) (G1 Evacuation Pause) 253M->62M(322M) 1.961ms
[175.582s][info][gc,cpu         ] GC(1119) User=0.00s Sys=0.00s Real=0.00s
[175.603s][info][gc,start       ] GC(1120) Pause Young (Concurrent Start) (G1 Evacuation Pause)
[175.603s][info][gc,task        ] GC(1120) Using 7 workers of 33 for evacuation
[175.604s][info][gc,phases      ] GC(1120)   Pre Evacuate Collection Set: 0.2ms
[175.604s][info][gc,phases      ] GC(1120)   Merge Heap Roots: 0.1ms
[175.604s][info][gc,phases      ] GC(1120)   Evacuate Collection Set: 0.9ms
[175.604s][info][gc,phases      ] GC(1120)   Post Evacuate Collection Set: 0.3ms
[175.604s][info][gc,phases      ] GC(1120)   Other: 0.1ms
[175.604s][info][gc,heap        ] GC(1120) Eden regions: 190->0(190)
[175.604s][info][gc,heap        ] GC(1120) Survivor regions: 3->3(25)
[175.605s][info][gc,heap        ] GC(1120) Old regions: 62->62
[175.605s][info][gc,heap        ] GC(1120) Archive regions: 0->0
[175.605s][info][gc,heap        ] GC(1120) Humongous regions: 0->0
[175.605s][info][gc,metaspace   ] GC(1120) Metaspace: 16791K(17472K)->16791K(17472K) NonClass: 14371K(14784K)->14371K(14784K) Class: 2420K(2688K)->2420K(2688K)
[175.605s][info][gc             ] GC(1120) Pause Young (Concurrent Start) (G1 Evacuation Pause) 252M->62M(322M) 1.799ms
[175.605s][info][gc             ] GC(1121) Concurrent Mark Cycle
[175.605s][info][gc,cpu         ] GC(1120) User=0.00s Sys=0.00s Real=0.00s
[175.605s][info][gc,marking     ] GC(1121) Concurrent Scan Root Regions
[175.606s][info][gc,marking     ] GC(1121) Concurrent Scan Root Regions 1.694ms
[175.606s][info][gc,marking     ] GC(1121) Concurrent Mark
[175.606s][info][gc,marking     ] GC(1121) Concurrent Mark From Roots
[175.606s][info][gc,task        ] GC(1121) Using 8 workers of 8 for marking
[175.636s][info][gc,start       ] GC(1122) Pause Young (Normal) (G1 Evacuation Pause)
[175.636s][info][gc,task        ] GC(1122) Using 7 workers of 33 for evacuation
[175.638s][info][gc,phases      ] GC(1122)   Pre Evacuate Collection Set: 0.1ms
[175.638s][info][gc,phases      ] GC(1122)   Merge Heap Roots: 0.1ms
[175.638s][info][gc,phases      ] GC(1122)   Evacuate Collection Set: 1.0ms
[175.638s][info][gc,phases      ] GC(1122)   Post Evacuate Collection Set: 0.3ms
[175.638s][info][gc,phases      ] GC(1122)   Other: 0.1ms
[175.638s][info][gc,heap        ] GC(1122) Eden regions: 190->0(191)
[175.638s][info][gc,heap        ] GC(1122) Survivor regions: 3->2(25)
[175.638s][info][gc,heap        ] GC(1122) Old regions: 62->63
[175.638s][info][gc,heap        ] GC(1122) Archive regions: 0->0
[175.638s][info][gc,heap        ] GC(1122) Humongous regions: 0->0
[175.638s][info][gc,metaspace   ] GC(1122) Metaspace: 16791K(17472K)->16791K(17472K) NonClass: 14371K(14784K)->14371K(14784K) Class: 2420K(2688K)->2420K(2688K)
[175.638s][info][gc             ] GC(1122) Pause Young (Normal) (G1 Evacuation Pause) 252M->62M(322M) 1.769ms
[175.638s][info][gc,cpu         ] GC(1122) User=0.00s Sys=0.00s Real=0.00s
[175.643s][info][gc,marking     ] GC(1121) Concurrent Mark From Roots 37.042ms
[175.644s][info][gc,marking     ] GC(1121) Concurrent Preclean
[175.644s][info][gc,marking     ] GC(1121) Concurrent Preclean 0.065ms
[175.644s][info][gc,start       ] GC(1121) Pause Remark
[175.645s][info][gc             ] GC(1121) Pause Remark 109M->109M(322M) 0.816ms
[175.645s][info][gc,cpu         ] GC(1121) User=0.00s Sys=0.00s Real=0.00s
[175.645s][info][gc,marking     ] GC(1121) Concurrent Mark 38.312ms
[175.645s][info][gc,marking     ] GC(1121) Concurrent Rebuild Remembered Sets and Scrub Regions
[175.651s][info][gc,marking     ] GC(1121) Concurrent Rebuild Remembered Sets and Scrub Regions 6.312ms
[175.651s][info][gc,start       ] GC(1121) Pause Cleanup
[175.651s][info][gc             ] GC(1121) Pause Cleanup 157M->157M(322M) 0.117ms
[175.651s][info][gc,cpu         ] GC(1121) User=0.00s Sys=0.00s Real=0.00s
[175.652s][info][gc,marking     ] GC(1121) Concurrent Clear Claimed Marks
[175.652s][info][gc,marking     ] GC(1121) Concurrent Clear Claimed Marks 0.058ms
[175.652s][info][gc,marking     ] GC(1121) Concurrent Cleanup for Next Mark
[175.652s][info][gc,marking     ] GC(1121) Concurrent Cleanup for Next Mark 0.527ms
[175.652s][info][gc             ] GC(1121) Concurrent Mark Cycle 47.635ms
[175.663s][info][gc,start       ] GC(1123) Pause Young (Prepare Mixed) (G1 Evacuation Pause)
[175.663s][info][gc,task        ] GC(1123) Using 7 workers of 33 for evacuation
[175.664s][info][gc,phases      ] GC(1123)   Pre Evacuate Collection Set: 0.1ms
[175.664s][info][gc,phases      ] GC(1123)   Merge Heap Roots: 0.1ms
[175.664s][info][gc,phases      ] GC(1123)   Evacuate Collection Set: 0.8ms
[175.664s][info][gc,phases      ] GC(1123)   Post Evacuate Collection Set: 0.3ms
[175.664s][info][gc,phases      ] GC(1123)   Other: 0.1ms
[175.664s][info][gc,heap        ] GC(1123) Eden regions: 191->0(191)
[175.664s][info][gc,heap        ] GC(1123) Survivor regions: 2->2(25)
[175.664s][info][gc,heap        ] GC(1123) Old regions: 63->63
[175.664s][info][gc,heap        ] GC(1123) Archive regions: 0->0
[175.664s][info][gc,heap        ] GC(1123) Humongous regions: 0->0
[175.664s][info][gc,metaspace   ] GC(1123) Metaspace: 16791K(17472K)->16791K(17472K) NonClass: 14371K(14784K)->14371K(14784K) Class: 2420K(2688K)->2420K(2688K)
[175.664s][info][gc             ] GC(1123) Pause Young (Prepare Mixed) (G1 Evacuation Pause) 253M->62M(322M) 1.490ms
[175.664s][info][gc,cpu         ] GC(1123) User=0.00s Sys=0.00s Real=0.00s
[175.687s][info][gc,start       ] GC(1124) Pause Young (Mixed) (G1 Evacuation Pause)
[175.687s][info][gc,task        ] GC(1124) Using 7 workers of 33 for evacuation
[175.688s][info][gc,phases      ] GC(1124)   Pre Evacuate Collection Set: 0.1ms
[175.688s][info][gc,phases      ] GC(1124)   Merge Heap Roots: 0.1ms
[175.688s][info][gc,phases      ] GC(1124)   Evacuate Collection Set: 0.9ms
[175.688s][info][gc,phases      ] GC(1124)   Post Evacuate Collection Set: 0.3ms
[175.688s][info][gc,phases      ] GC(1124)   Other: 0.1ms
[175.688s][info][gc,heap        ] GC(1124) Eden regions: 191->0(191)
[175.688s][info][gc,heap        ] GC(1124) Survivor regions: 2->2(25)
[175.688s][info][gc,heap        ] GC(1124) Old regions: 63->62
[175.688s][info][gc,heap        ] GC(1124) Archive regions: 0->0
[175.688s][info][gc,heap        ] GC(1124) Humongous regions: 0->0
[175.688s][info][gc,metaspace   ] GC(1124) Metaspace: 16791K(17472K)->16791K(17472K) NonClass: 14371K(14784K)->14371K(14784K) Class: 2420K(2688K)->2420K(2688K)
[175.688s][info][gc             ] GC(1124) Pause Young (Mixed) (G1 Evacuation Pause) 253M->62M(322M) 1.675ms
[175.688s][info][gc,cpu         ] GC(1124) User=0.00s Sys=0.00s Real=0.00s
[175.711s][info][gc,start       ] GC(1125) Pause Young (Concurrent Start) (G1 Evacuation Pause)
[175.711s][info][gc,task        ] GC(1125) Using 7 workers of 33 for evacuation
[175.712s][info][gc,phases      ] GC(1125)   Pre Evacuate Collection Set: 0.2ms
[175.712s][info][gc,phases      ] GC(1125)   Merge Heap Roots: 0.1ms
[175.712s][info][gc,phases      ] GC(1125)   Evacuate Collection Set: 0.8ms
[175.712s][info][gc,phases      ] GC(1125)   Post Evacuate Collection Set: 0.3ms
[175.712s][info][gc,phases      ] GC(1125)   Other: 0.1ms
[175.712s][info][gc,heap        ] GC(1125) Eden regions: 191->0(191)
[175.712s][info][gc,heap        ] GC(1125) Survivor regions: 2->2(25)
[175.713s][info][gc,heap        ] GC(1125) Old regions: 62->62
[175.713s][info][gc,heap        ] GC(1125) Archive regions: 0->0
[175.713s][info][gc,heap        ] GC(1125) Humongous regions: 0->0
[175.713s][info][gc,metaspace   ] GC(1125) Metaspace: 16791K(17472K)->16791K(17472K) NonClass: 14371K(14784K)->14371K(14784K) Class: 2420K(2688K)->2420K(2688K)
[175.713s][info][gc             ] GC(1125) Pause Young (Concurrent Start) (G1 Evacuation Pause) 253M->62M(322M) 1.624ms
[175.713s][info][gc             ] GC(1126) Concurrent Mark Cycle
[175.713s][info][gc,cpu         ] GC(1125) User=0.00s Sys=0.00s Real=0.00s
[175.713s][info][gc,marking     ] GC(1126) Concurrent Scan Root Regions
[175.714s][info][gc,marking     ] GC(1126) Concurrent Scan Root Regions 1.834ms
[175.715s][info][gc,marking     ] GC(1126) Concurrent Mark
[175.715s][info][gc,marking     ] GC(1126) Concurrent Mark From Roots
[175.715s][info][gc,task        ] GC(1126) Using 8 workers of 8 for marking
[175.725s][info][gc,marking     ] GC(1126) Concurrent Mark From Roots 10.597ms
[175.725s][info][gc,marking     ] GC(1126) Concurrent Preclean
[175.725s][info][gc,marking     ] GC(1126) Concurrent Preclean 0.061ms
[175.725s][info][gc,start       ] GC(1126) Pause Remark
[175.726s][info][gc             ] GC(1126) Pause Remark 165M->136M(322M) 0.751ms
[175.726s][info][gc,cpu         ] GC(1126) User=0.00s Sys=0.00s Real=0.00s
[175.726s][info][gc,marking     ] GC(1126) Concurrent Mark 11.835ms
[175.726s][info][gc,marking     ] GC(1126) Concurrent Rebuild Remembered Sets and Scrub Regions
[175.730s][info][gc,marking     ] GC(1126) Concurrent Rebuild Remembered Sets and Scrub Regions 3.854ms
[175.730s][info][gc,start       ] GC(1126) Pause Cleanup
[175.731s][info][gc             ] GC(1126) Pause Cleanup 168M->168M(322M) 0.093ms
[175.731s][info][gc,cpu         ] GC(1126) User=0.00s Sys=0.00s Real=0.00s
[175.731s][info][gc,marking     ] GC(1126) Concurrent Clear Claimed Marks
[175.731s][info][gc,marking     ] GC(1126) Concurrent Clear Claimed Marks 0.054ms
[175.731s][info][gc,marking     ] GC(1126) Concurrent Cleanup for Next Mark
[175.731s][info][gc,marking     ] GC(1126) Concurrent Cleanup for Next Mark 0.601ms
[175.731s][info][gc             ] GC(1126) Concurrent Mark Cycle 18.782ms
[175.738s][info][gc,start       ] GC(1127) Pause Young (Prepare Mixed) (G1 Evacuation Pause)
[175.738s][info][gc,task        ] GC(1127) Using 7 workers of 33 for evacuation
[175.739s][info][gc,phases      ] GC(1127)   Pre Evacuate Collection Set: 0.1ms
[175.739s][info][gc,phases      ] GC(1127)   Merge Heap Roots: 0.1ms
[175.739s][info][gc,phases      ] GC(1127)   Evacuate Collection Set: 0.7ms
[175.739s][info][gc,phases      ] GC(1127)   Post Evacuate Collection Set: 0.3ms
[175.739s][info][gc,phases      ] GC(1127)   Other: 0.1ms
[175.739s][info][gc,heap        ] GC(1127) Eden regions: 191->0(191)
[175.739s][info][gc,heap        ] GC(1127) Survivor regions: 2->2(25)
[175.739s][info][gc,heap        ] GC(1127) Old regions: 33->33
[175.739s][info][gc,heap        ] GC(1127) Archive regions: 0->0
[175.739s][info][gc,heap        ] GC(1127) Humongous regions: 0->0
[175.739s][info][gc,metaspace   ] GC(1127) Metaspace: 16791K(17472K)->16791K(17472K) NonClass: 14371K(14784K)->14371K(14784K) Class: 2420K(2688K)->2420K(2688K)
[175.739s][info][gc             ] GC(1127) Pause Young (Prepare Mixed) (G1 Evacuation Pause) 224M->33M(322M) 1.464ms
[175.739s][info][gc,cpu         ] GC(1127) User=0.02s Sys=0.00s Real=0.02s
[175.762s][info][gc,start       ] GC(1128) Pause Young (Mixed) (G1 Evacuation Pause)
[175.762s][info][gc,task        ] GC(1128) Using 7 workers of 33 for evacuation
[175.763s][info][gc,phases      ] GC(1128)   Pre Evacuate Collection Set: 0.1ms
[175.763s][info][gc,phases      ] GC(1128)   Merge Heap Roots: 0.1ms
[175.763s][info][gc,phases      ] GC(1128)   Evacuate Collection Set: 0.7ms
[175.763s][info][gc,phases      ] GC(1128)   Post Evacuate Collection Set: 0.3ms
[175.763s][info][gc,phases      ] GC(1128)   Other: 0.1ms
[175.763s][info][gc,heap        ] GC(1128) Eden regions: 191->0(191)
[175.763s][info][gc,heap        ] GC(1128) Survivor regions: 2->2(25)
[175.763s][info][gc,heap        ] GC(1128) Old regions: 33->32
[175.763s][info][gc,heap        ] GC(1128) Archive regions: 0->0
[175.763s][info][gc,heap        ] GC(1128) Humongous regions: 0->0
[175.763s][info][gc,metaspace   ] GC(1128) Metaspace: 16791K(17472K)->16791K(17472K) NonClass: 14371K(14784K)->14371K(14784K) Class: 2420K(2688K)->2420K(2688K)
[175.763s][info][gc             ] GC(1128) Pause Young (Mixed) (G1 Evacuation Pause) 224M->32M(322M) 1.495ms
[175.763s][info][gc,cpu         ] GC(1128) User=0.00s Sys=0.00s Real=0.00s
[175.786s][info][gc,start       ] GC(1129) Pause Young (Concurrent Start) (G1 Evacuation Pause)
[175.786s][info][gc,task        ] GC(1129) Using 7 workers of 33 for evacuation
[175.787s][info][gc,phases      ] GC(1129)   Pre Evacuate Collection Set: 0.2ms
[175.787s][info][gc,phases      ] GC(1129)   Merge Heap Roots: 0.1ms
[175.787s][info][gc,phases      ] GC(1129)   Evacuate Collection Set: 0.7ms
[175.787s][info][gc,phases      ] GC(1129)   Post Evacuate Collection Set: 0.3ms
[175.787s][info][gc,phases      ] GC(1129)   Other: 0.1ms
[175.787s][info][gc,heap        ] GC(1129) Eden regions: 191->0(191)
[175.787s][info][gc,heap        ] GC(1129) Survivor regions: 2->2(25)
[175.787s][info][gc,heap        ] GC(1129) Old regions: 32->32
[175.787s][info][gc,heap        ] GC(1129) Archive regions: 0->0
[175.787s][info][gc,heap        ] GC(1129) Humongous regions: 0->0
[175.787s][info][gc,metaspace   ] GC(1129) Metaspace: 16791K(17472K)->16791K(17472K) NonClass: 14371K(14784K)->14371K(14784K) Class: 2420K(2688K)->2420K(2688K)
[175.787s][info][gc             ] GC(1129) Pause Young (Concurrent Start) (G1 Evacuation Pause) 223M->32M(322M) 1.524ms
[175.787s][info][gc             ] GC(1130) Concurrent Mark Cycle
[175.787s][info][gc,cpu         ] GC(1129) User=0.00s Sys=0.00s Real=0.00s
[175.787s][info][gc,marking     ] GC(1130) Concurrent Scan Root Regions
[175.789s][info][gc,marking     ] GC(1130) Concurrent Scan Root Regions 1.569ms
[175.789s][info][gc,marking     ] GC(1130) Concurrent Mark
[175.789s][info][gc,marking     ] GC(1130) Concurrent Mark From Roots
[175.789s][info][gc,task        ] GC(1130) Using 8 workers of 8 for marking
[175.796s][info][gc,marking     ] GC(1130) Concurrent Mark From Roots 7.242ms
[175.796s][info][gc,marking     ] GC(1130) Concurrent Preclean
[175.796s][info][gc,marking     ] GC(1130) Concurrent Preclean 0.028ms
[175.797s][info][gc,start       ] GC(1130) Pause Remark
[175.797s][info][gc             ] GC(1130) Pause Remark 67M->67M(234M) 0.710ms
[175.797s][info][gc,cpu         ] GC(1130) User=0.00s Sys=0.00s Real=0.00s
[175.797s][info][gc,marking     ] GC(1130) Concurrent Mark 8.155ms
[175.797s][info][gc,marking     ] GC(1130) Concurrent Rebuild Remembered Sets and Scrub Regions
[175.801s][info][gc,marking     ] GC(1130) Concurrent Rebuild Remembered Sets and Scrub Regions 3.216ms
[175.801s][info][gc,start       ] GC(1130) Pause Cleanup
[175.801s][info][gc             ] GC(1130) Pause Cleanup 70M->70M(234M) 0.096ms
[175.801s][info][gc,cpu         ] GC(1130) User=0.00s Sys=0.00s Real=0.00s
[175.801s][info][gc,marking     ] GC(1130) Concurrent Clear Claimed Marks
[175.801s][info][gc,marking     ] GC(1130) Concurrent Clear Claimed Marks 0.033ms
[175.801s][info][gc,marking     ] GC(1130) Concurrent Cleanup for Next Mark
[175.801s][info][gc,marking     ] GC(1130) Concurrent Cleanup for Next Mark 0.187ms
[175.801s][info][gc             ] GC(1130) Concurrent Mark Cycle 13.521ms
[175.896s][info][gc,start       ] GC(1131) Pause Young (Prepare Mixed) (G1 Evacuation Pause)
[175.896s][info][gc,task        ] GC(1131) Using 6 workers of 33 for evacuation
[175.943s][info][gc,phases      ] GC(1131)   Pre Evacuate Collection Set: 0.1ms
[175.943s][info][gc,phases      ] GC(1131)   Merge Heap Roots: 0.1ms
[175.943s][info][gc,phases      ] GC(1131)   Evacuate Collection Set: 45.4ms
[175.943s][info][gc,phases      ] GC(1131)   Post Evacuate Collection Set: 0.6ms
[175.943s][info][gc,phases      ] GC(1131)   Other: 0.1ms
[175.943s][info][gc,heap        ] GC(1131) Eden regions: 138->0(79)
[175.943s][info][gc,heap        ] GC(1131) Survivor regions: 2->18(18)
[175.943s][info][gc,heap        ] GC(1131) Old regions: 32->84
[175.943s][info][gc,heap        ] GC(1131) Archive regions: 0->0
[175.943s][info][gc,heap        ] GC(1131) Humongous regions: 1->1
[175.943s][info][gc,metaspace   ] GC(1131) Metaspace: 16791K(17472K)->16791K(17472K) NonClass: 14371K(14784K)->14371K(14784K) Class: 2420K(2688K)->2420K(2688K)
[175.943s][info][gc             ] GC(1131) Pause Young (Prepare Mixed) (G1 Evacuation Pause) 171M->102M(243M) 46.960ms
[175.943s][info][gc,cpu         ] GC(1131) User=0.28s Sys=0.00s Real=0.05s
[176.022s][info][gc,start       ] GC(1132) Pause Young (Mixed) (G1 Evacuation Pause)
[176.022s][info][gc,task        ] GC(1132) Using 5 workers of 33 for evacuation
[176.082s][info][gc,phases      ] GC(1132)   Pre Evacuate Collection Set: 0.1ms
[176.083s][info][gc,phases      ] GC(1132)   Merge Heap Roots: 0.7ms
[176.083s][info][gc,phases      ] GC(1132)   Evacuate Collection Set: 57.6ms
[176.083s][info][gc,phases      ] GC(1132)   Post Evacuate Collection Set: 1.4ms
[176.083s][info][gc,phases      ] GC(1132)   Other: 0.1ms
[176.083s][info][gc,heap        ] GC(1132) Eden regions: 79->0(72)
[176.083s][info][gc,heap        ] GC(1132) Survivor regions: 18->13(13)
[176.083s][info][gc,heap        ] GC(1132) Old regions: 84->139
[176.083s][info][gc,heap        ] GC(1132) Archive regions: 0->0
[176.083s][info][gc,heap        ] GC(1132) Humongous regions: 1->1
[176.083s][info][gc,metaspace   ] GC(1132) Metaspace: 16791K(17472K)->16791K(17472K) NonClass: 14371K(14784K)->14371K(14784K) Class: 2420K(2688K)->2420K(2688K)
[176.083s][info][gc             ] GC(1132) Pause Young (Mixed) (G1 Evacuation Pause) 181M->152M(305M) 60.575ms
[176.083s][info][gc,cpu         ] GC(1132) User=0.23s Sys=0.00s Real=0.05s
[176.184s][info][gc,start       ] GC(1133) Pause Young (Concurrent Start) (G1 Evacuation Pause)
[176.184s][info][gc,task        ] GC(1133) Using 7 workers of 33 for evacuation
[176.232s][info][gc,phases      ] GC(1133)   Pre Evacuate Collection Set: 0.2ms
[176.232s][info][gc,phases      ] GC(1133)   Merge Heap Roots: 1.0ms
[176.232s][info][gc,phases      ] GC(1133)   Evacuate Collection Set: 46.1ms
[176.232s][info][gc,phases      ] GC(1133)   Post Evacuate Collection Set: 0.6ms
[176.232s][info][gc,phases      ] GC(1133)   Other: 0.2ms
[176.232s][info][gc,heap        ] GC(1133) Eden regions: 72->0(45)
[176.232s][info][gc,heap        ] GC(1133) Survivor regions: 13->11(11)
[176.232s][info][gc,heap        ] GC(1133) Old regions: 139->189
[176.232s][info][gc,heap        ] GC(1133) Archive regions: 0->0
[176.232s][info][gc,heap        ] GC(1133) Humongous regions: 1->1
[176.232s][info][gc,metaspace   ] GC(1133) Metaspace: 16791K(17472K)->16791K(17472K) NonClass: 14371K(14784K)->14371K(14784K) Class: 2420K(2688K)->2420K(2688K)
[176.232s][info][gc             ] GC(1133) Pause Young (Concurrent Start) (G1 Evacuation Pause) 224M->199M(305M) 48.602ms
[176.232s][info][gc             ] GC(1134) Concurrent Mark Cycle
[176.232s][info][gc,cpu         ] GC(1133) User=0.33s Sys=0.00s Real=0.05s
[176.232s][info][gc,marking     ] GC(1134) Concurrent Scan Root Regions
[176.240s][info][gc,marking     ] GC(1134) Concurrent Scan Root Regions 8.086ms
[176.240s][info][gc,marking     ] GC(1134) Concurrent Mark
[176.240s][info][gc,marking     ] GC(1134) Concurrent Mark From Roots
[176.240s][info][gc,task        ] GC(1134) Using 8 workers of 8 for marking
[176.283s][info][gc,marking     ] GC(1134) Concurrent Mark From Roots 42.303ms
[176.283s][info][gc,marking     ] GC(1134) Concurrent Preclean
[176.283s][info][gc,marking     ] GC(1134) Concurrent Preclean 0.032ms
[176.283s][info][gc,start       ] GC(1134) Pause Remark
[176.284s][info][gc             ] GC(1134) Pause Remark 242M->242M(407M) 1.476ms
[176.284s][info][gc,cpu         ] GC(1134) User=0.00s Sys=0.00s Real=0.00s
[176.284s][info][gc,marking     ] GC(1134) Concurrent Mark 44.044ms
[176.284s][info][gc,marking     ] GC(1134) Concurrent Rebuild Remembered Sets and Scrub Regions
[176.288s][info][gc,start       ] GC(1135) Pause Young (Normal) (G1 Evacuation Pause)
[176.288s][info][gc,task        ] GC(1135) Using 9 workers of 33 for evacuation
[176.315s][info][gc,phases      ] GC(1135)   Pre Evacuate Collection Set: 0.1ms
[176.315s][info][gc,phases      ] GC(1135)   Merge Heap Roots: 0.4ms
[176.315s][info][gc,phases      ] GC(1135)   Evacuate Collection Set: 25.9ms
[176.315s][info][gc,phases      ] GC(1135)   Post Evacuate Collection Set: 0.5ms
[176.315s][info][gc,phases      ] GC(1135)   Other: 0.1ms
[176.315s][info][gc,heap        ] GC(1135) Eden regions: 45->0(74)
[176.315s][info][gc,heap        ] GC(1135) Survivor regions: 11->7(7)
[176.315s][info][gc,heap        ] GC(1135) Old regions: 189->224
[176.315s][info][gc,heap        ] GC(1135) Archive regions: 0->0
[176.315s][info][gc,heap        ] GC(1135) Humongous regions: 1->1
[176.316s][info][gc,metaspace   ] GC(1135) Metaspace: 16791K(17472K)->16791K(17472K) NonClass: 14371K(14784K)->14371K(14784K) Class: 2420K(2688K)->2420K(2688K)
[176.316s][info][gc             ] GC(1135) Pause Young (Normal) (G1 Evacuation Pause) 244M->230M(407M) 27.339ms
[176.316s][info][gc,cpu         ] GC(1135) User=0.14s Sys=0.02s Real=0.03s
[176.358s][info][gc,marking     ] GC(1134) Concurrent Rebuild Remembered Sets and Scrub Regions 73.293ms
[176.358s][info][gc,start       ] GC(1134) Pause Cleanup
[176.358s][info][gc             ] GC(1134) Pause Cleanup 265M->265M(407M) 0.149ms
[176.358s][info][gc,cpu         ] GC(1134) User=0.00s Sys=0.00s Real=0.00s
[176.358s][info][gc,marking     ] GC(1134) Concurrent Clear Claimed Marks
[176.358s][info][gc,marking     ] GC(1134) Concurrent Clear Claimed Marks 0.021ms
[176.358s][info][gc,marking     ] GC(1134) Concurrent Cleanup for Next Mark
[176.359s][info][gc,marking     ] GC(1134) Concurrent Cleanup for Next Mark 0.763ms
[176.359s][info][gc             ] GC(1134) Concurrent Mark Cycle 126.718ms
[176.413s][info][gc,start       ] GC(1136) Pause Young (Prepare Mixed) (G1 Evacuation Pause)
[176.413s][info][gc,task        ] GC(1136) Using 9 workers of 33 for evacuation
[176.456s][info][gc,phases      ] GC(1136)   Pre Evacuate Collection Set: 0.1ms
[176.456s][info][gc,phases      ] GC(1136)   Merge Heap Roots: 1.2ms
[176.456s][info][gc,phases      ] GC(1136)   Evacuate Collection Set: 41.6ms
[176.456s][info][gc,phases      ] GC(1136)   Post Evacuate Collection Set: 0.3ms
[176.456s][info][gc,phases      ] GC(1136)   Other: 0.1ms
[176.456s][info][gc,heap        ] GC(1136) Eden regions: 74->0(49)
[176.456s][info][gc,heap        ] GC(1136) Survivor regions: 7->11(11)
[176.456s][info][gc,heap        ] GC(1136) Old regions: 224->271
[176.456s][info][gc,heap        ] GC(1136) Archive regions: 0->0
[176.456s][info][gc,heap        ] GC(1136) Humongous regions: 1->1
[176.456s][info][gc,metaspace   ] GC(1136) Metaspace: 16791K(17472K)->16791K(17472K) NonClass: 14371K(14784K)->14371K(14784K) Class: 2420K(2688K)->2420K(2688K)
[176.456s][info][gc             ] GC(1136) Pause Young (Prepare Mixed) (G1 Evacuation Pause) 304M->281M(407M) 43.858ms
[176.457s][info][gc,cpu         ] GC(1136) User=0.41s Sys=0.02s Real=0.05s
[176.507s][info][gc,start       ] GC(1137) Pause Young (Mixed) (G1 Evacuation Pause)
[176.507s][info][gc,task        ] GC(1137) Using 9 workers of 33 for evacuation
[176.536s][info][gc,phases      ] GC(1137)   Pre Evacuate Collection Set: 0.1ms
[176.536s][info][gc,phases      ] GC(1137)   Merge Heap Roots: 0.2ms
[176.536s][info][gc,phases      ] GC(1137)   Evacuate Collection Set: 27.9ms
[176.536s][info][gc,phases      ] GC(1137)   Post Evacuate Collection Set: 0.3ms
[176.536s][info][gc,phases      ] GC(1137)   Other: 0.1ms
[176.536s][info][gc,heap        ] GC(1137) Eden regions: 49->0(36)
[176.536s][info][gc,heap        ] GC(1137) Survivor regions: 11->8(8)
[176.536s][info][gc,heap        ] GC(1137) Old regions: 271->306
[176.536s][info][gc,heap        ] GC(1137) Archive regions: 0->0
[176.536s][info][gc,heap        ] GC(1137) Humongous regions: 1->1
[176.536s][info][gc,metaspace   ] GC(1137) Metaspace: 16791K(17472K)->16791K(17472K) NonClass: 14371K(14784K)->14371K(14784K) Class: 2420K(2688K)->2420K(2688K)
[176.536s][info][gc             ] GC(1137) Pause Young (Mixed) (G1 Evacuation Pause) 330M->314M(407M) 29.117ms
[176.537s][info][gc,cpu         ] GC(1137) User=0.27s Sys=0.02s Real=0.03s
[176.575s][info][gc,start       ] GC(1138) Pause Young (Concurrent Start) (G1 Evacuation Pause)
[176.575s][info][gc,task        ] GC(1138) Using 9 workers of 33 for evacuation
[176.597s][info][gc,phases      ] GC(1138)   Pre Evacuate Collection Set: 0.2ms
[176.597s][info][gc,phases      ] GC(1138)   Merge Heap Roots: 0.2ms
[176.597s][info][gc,phases      ] GC(1138)   Evacuate Collection Set: 20.6ms
[176.597s][info][gc,phases      ] GC(1138)   Post Evacuate Collection Set: 0.3ms
[176.597s][info][gc,phases      ] GC(1138)   Other: 0.1ms
[176.597s][info][gc,heap        ] GC(1138) Eden regions: 36->0(25)
[176.597s][info][gc,heap        ] GC(1138) Survivor regions: 8->6(6)
[176.597s][info][gc,heap        ] GC(1138) Old regions: 306->334
[176.597s][info][gc,heap        ] GC(1138) Archive regions: 0->0
[176.597s][info][gc,heap        ] GC(1138) Humongous regions: 1->1
[176.597s][info][gc,metaspace   ] GC(1138) Metaspace: 16791K(17472K)->16791K(17472K) NonClass: 14371K(14784K)->14371K(14784K) Class: 2420K(2688K)->2420K(2688K)
[176.597s][info][gc             ] GC(1138) Pause Young (Concurrent Start) (G1 Evacuation Pause) 350M->339M(407M) 21.925ms
[176.597s][info][gc             ] GC(1139) Concurrent Mark Cycle
[176.597s][info][gc,cpu         ] GC(1138) User=0.28s Sys=0.00s Real=0.03s
[176.597s][info][gc,marking     ] GC(1139) Concurrent Scan Root Regions
[176.606s][info][gc,marking     ] GC(1139) Concurrent Scan Root Regions 9.103ms
[176.607s][info][gc,marking     ] GC(1139) Concurrent Mark
[176.607s][info][gc,marking     ] GC(1139) Concurrent Mark From Roots
[176.607s][info][gc,task        ] GC(1139) Using 8 workers of 8 for marking
[176.628s][info][gc,start       ] GC(1140) Pause Young (Normal) (G1 Evacuation Pause)
[176.628s][info][gc,task        ] GC(1140) Using 9 workers of 33 for evacuation
[176.639s][info][gc,phases      ] GC(1140)   Pre Evacuate Collection Set: 0.1ms
[176.639s][info][gc,phases      ] GC(1140)   Merge Heap Roots: 0.1ms
[176.639s][info][gc,phases      ] GC(1140)   Evacuate Collection Set: 9.6ms
[176.639s][info][gc,phases      ] GC(1140)   Post Evacuate Collection Set: 0.9ms
[176.639s][info][gc,phases      ] GC(1140)   Other: 0.1ms
[176.639s][info][gc,heap        ] GC(1140) Eden regions: 25->0(35)
[176.639s][info][gc,heap        ] GC(1140) Survivor regions: 6->4(4)
[176.639s][info][gc,heap        ] GC(1140) Old regions: 334->354
[176.639s][info][gc,heap        ] GC(1140) Archive regions: 0->0
[176.639s][info][gc,heap        ] GC(1140) Humongous regions: 1->1
[176.640s][info][gc,metaspace   ] GC(1140) Metaspace: 16791K(17472K)->16791K(17472K) NonClass: 14371K(14784K)->14371K(14784K) Class: 2420K(2688K)->2420K(2688K)
[176.640s][info][gc             ] GC(1140) Pause Young (Normal) (G1 Evacuation Pause) 364M->358M(449M) 11.383ms
[176.640s][info][gc,cpu         ] GC(1140) User=0.00s Sys=0.00s Real=0.00s
[176.690s][info][gc,start       ] GC(1141) Pause Young (Normal) (G1 Evacuation Pause)
[176.690s][info][gc,task        ] GC(1141) Using 10 workers of 33 for evacuation
[176.701s][info][gc,phases      ] GC(1141)   Pre Evacuate Collection Set: 0.1ms
[176.701s][info][gc,phases      ] GC(1141)   Merge Heap Roots: 0.1ms
[176.701s][info][gc,phases      ] GC(1141)   Evacuate Collection Set: 10.4ms
[176.701s][info][gc,phases      ] GC(1141)   Post Evacuate Collection Set: 0.2ms
[176.701s][info][gc,phases      ] GC(1141)   Other: 0.1ms
[176.701s][info][gc,heap        ] GC(1141) Eden regions: 35->0(25)
[176.701s][info][gc,heap        ] GC(1141) Survivor regions: 4->5(5)
[176.701s][info][gc,heap        ] GC(1141) Old regions: 354->378
[176.701s][info][gc,heap        ] GC(1141) Archive regions: 0->0
[176.701s][info][gc,heap        ] GC(1141) Humongous regions: 1->1
[176.701s][info][gc,metaspace   ] GC(1141) Metaspace: 16791K(17472K)->16791K(17472K) NonClass: 14371K(14784K)->14371K(14784K) Class: 2420K(2688K)->2420K(2688K)
[176.701s][info][gc             ] GC(1141) Pause Young (Normal) (G1 Evacuation Pause) 393M->383M(449M) 11.200ms
[176.701s][info][gc,cpu         ] GC(1141) User=0.00s Sys=0.00s Real=0.00s
[176.732s][info][gc,start       ] GC(1142) Pause Young (Normal) (G1 Evacuation Pause)
[176.732s][info][gc,task        ] GC(1142) Using 10 workers of 33 for evacuation
[176.741s][info][gc,phases      ] GC(1142)   Pre Evacuate Collection Set: 0.1ms
[176.741s][info][gc,phases      ] GC(1142)   Merge Heap Roots: 0.1ms
[176.741s][info][gc,phases      ] GC(1142)   Evacuate Collection Set: 8.1ms
[176.741s][info][gc,phases      ] GC(1142)   Post Evacuate Collection Set: 0.3ms
[176.741s][info][gc,phases      ] GC(1142)   Other: 0.1ms
[176.741s][info][gc,heap        ] GC(1142) Eden regions: 25->0(18)
[176.741s][info][gc,heap        ] GC(1142) Survivor regions: 5->4(4)
[176.741s][info][gc,heap        ] GC(1142) Old regions: 378->398
[176.741s][info][gc,heap        ] GC(1142) Archive regions: 0->0
[176.741s][info][gc,heap        ] GC(1142) Humongous regions: 1->1
[176.741s][info][gc,metaspace   ] GC(1142) Metaspace: 16791K(17472K)->16791K(17472K) NonClass: 14371K(14784K)->14371K(14784K) Class: 2420K(2688K)->2420K(2688K)
[176.741s][info][gc             ] GC(1142) Pause Young (Normal) (G1 Evacuation Pause) 408M->401M(449M) 9.139ms
[176.741s][info][gc,cpu         ] GC(1142) User=0.16s Sys=0.00s Real=0.02s
[176.746s][info][gc,marking     ] GC(1139) Concurrent Mark From Roots 139.293ms
[176.746s][info][gc,marking     ] GC(1139) Concurrent Preclean
[176.746s][info][gc,marking     ] GC(1139) Concurrent Preclean 0.038ms
[176.746s][info][gc,start       ] GC(1139) Pause Remark
[176.748s][info][gc             ] GC(1139) Pause Remark 405M->405M(512M) 1.816ms
[176.748s][info][gc,cpu         ] GC(1139) User=0.00s Sys=0.00s Real=0.00s
[176.748s][info][gc,marking     ] GC(1139) Concurrent Mark 141.419ms
[176.748s][info][gc,marking     ] GC(1139) Concurrent Rebuild Remembered Sets and Scrub Regions
[176.765s][info][gc,start       ] GC(1143) Pause Young (Normal) (G1 Evacuation Pause)
[176.765s][info][gc,task        ] GC(1143) Using 12 workers of 33 for evacuation
[176.771s][info][gc,phases      ] GC(1143)   Pre Evacuate Collection Set: 0.1ms
[176.771s][info][gc,phases      ] GC(1143)   Merge Heap Roots: 0.1ms
[176.771s][info][gc,phases      ] GC(1143)   Evacuate Collection Set: 6.0ms
[176.771s][info][gc,phases      ] GC(1143)   Post Evacuate Collection Set: 0.3ms
[176.771s][info][gc,phases      ] GC(1143)   Other: 0.1ms
[176.771s][info][gc,heap        ] GC(1143) Eden regions: 18->0(37)
[176.771s][info][gc,heap        ] GC(1143) Survivor regions: 4->3(3)
[176.772s][info][gc,heap        ] GC(1143) Old regions: 398->412
[176.772s][info][gc,heap        ] GC(1143) Archive regions: 0->0
[176.772s][info][gc,heap        ] GC(1143) Humongous regions: 1->1
[176.772s][info][gc,metaspace   ] GC(1143) Metaspace: 16791K(17472K)->16791K(17472K) NonClass: 14371K(14784K)->14371K(14784K) Class: 2420K(2688K)->2420K(2688K)
[176.772s][info][gc             ] GC(1143) Pause Young (Normal) (G1 Evacuation Pause) 419M->415M(512M) 7.137ms
[176.772s][info][gc,cpu         ] GC(1143) User=0.19s Sys=0.00s Real=0.02s
[176.793s][info][gc,marking     ] GC(1139) Concurrent Rebuild Remembered Sets and Scrub Regions 44.718ms
[176.793s][info][gc,start       ] GC(1139) Pause Cleanup
[176.793s][info][gc             ] GC(1139) Pause Cleanup 434M->434M(512M) 0.189ms
[176.793s][info][gc,cpu         ] GC(1139) User=0.00s Sys=0.00s Real=0.00s
[176.793s][info][gc,marking     ] GC(1139) Concurrent Clear Claimed Marks
[176.793s][info][gc,marking     ] GC(1139) Concurrent Clear Claimed Marks 0.021ms
[176.793s][info][gc,marking     ] GC(1139) Concurrent Cleanup for Next Mark
[176.794s][info][gc,marking     ] GC(1139) Concurrent Cleanup for Next Mark 0.561ms
[176.794s][info][gc             ] GC(1139) Concurrent Mark Cycle 196.334ms
[176.817s][info][gc,start       ] GC(1144) Pause Young (Prepare Mixed) (G1 Evacuation Pause)
[176.817s][info][gc,task        ] GC(1144) Using 12 workers of 33 for evacuation
[176.831s][info][gc,phases      ] GC(1144)   Pre Evacuate Collection Set: 0.1ms
[176.831s][info][gc,phases      ] GC(1144)   Merge Heap Roots: 0.2ms
[176.831s][info][gc,phases      ] GC(1144)   Evacuate Collection Set: 13.1ms
[176.831s][info][gc,phases      ] GC(1144)   Post Evacuate Collection Set: 0.3ms
[176.831s][info][gc,phases      ] GC(1144)   Other: 0.1ms
[176.831s][info][gc,heap        ] GC(1144) Eden regions: 37->0(27)
[176.831s][info][gc,heap        ] GC(1144) Survivor regions: 3->5(5)
[176.831s][info][gc,heap        ] GC(1144) Old regions: 412->436
[176.831s][info][gc,heap        ] GC(1144) Archive regions: 0->0
[176.831s][info][gc,heap        ] GC(1144) Humongous regions: 1->1
[176.831s][info][gc,metaspace   ] GC(1144) Metaspace: 16791K(17472K)->16791K(17472K) NonClass: 14371K(14784K)->14371K(14784K) Class: 2420K(2688K)->2420K(2688K)
[176.831s][info][gc             ] GC(1144) Pause Young (Prepare Mixed) (G1 Evacuation Pause) 452M->440M(512M) 14.195ms
[176.831s][info][gc,cpu         ] GC(1144) User=0.17s Sys=0.02s Real=0.02s
[176.860s][info][gc,start       ] GC(1145) Pause Young (Mixed) (G1 Evacuation Pause)
[176.860s][info][gc,task        ] GC(1145) Using 12 workers of 33 for evacuation
[176.875s][info][gc,phases      ] GC(1145)   Pre Evacuate Collection Set: 0.1ms
[176.876s][info][gc,phases      ] GC(1145)   Merge Heap Roots: 0.2ms
[176.876s][info][gc,phases      ] GC(1145)   Evacuate Collection Set: 14.9ms
[176.876s][info][gc,phases      ] GC(1145)   Post Evacuate Collection Set: 0.3ms
[176.876s][info][gc,phases      ] GC(1145)   Other: 0.1ms
[176.876s][info][gc,heap        ] GC(1145) Eden regions: 27->0(21)
[176.876s][info][gc,heap        ] GC(1145) Survivor regions: 5->4(4)
[176.876s][info][gc,heap        ] GC(1145) Old regions: 436->454
[176.876s][info][gc,heap        ] GC(1145) Archive regions: 0->0
[176.876s][info][gc,heap        ] GC(1145) Humongous regions: 1->1
[176.876s][info][gc,metaspace   ] GC(1145) Metaspace: 16791K(17472K)->16791K(17472K) NonClass: 14371K(14784K)->14371K(14784K) Class: 2420K(2688K)->2420K(2688K)
[176.876s][info][gc             ] GC(1145) Pause Young (Mixed) (G1 Evacuation Pause) 467M->457M(512M) 16.146ms
[176.876s][info][gc,cpu         ] GC(1145) User=0.19s Sys=0.00s Real=0.02s
[176.898s][info][gc,start       ] GC(1146) Pause Young (Concurrent Start) (G1 Evacuation Pause)
[176.898s][info][gc,task        ] GC(1146) Using 12 workers of 33 for evacuation
[176.909s][info][gc,phases      ] GC(1146)   Pre Evacuate Collection Set: 0.2ms
[176.909s][info][gc,phases      ] GC(1146)   Merge Heap Roots: 0.2ms
[176.909s][info][gc,phases      ] GC(1146)   Evacuate Collection Set: 10.1ms
[176.909s][info][gc,phases      ] GC(1146)   Post Evacuate Collection Set: 0.4ms
[176.909s][info][gc,phases      ] GC(1146)   Other: 0.1ms
[176.909s][info][gc,heap        ] GC(1146) Eden regions: 21->0(21)
[176.909s][info][gc,heap        ] GC(1146) Survivor regions: 4->4(4)
[176.909s][info][gc,heap        ] GC(1146) Old regions: 454->469
[176.909s][info][gc,heap        ] GC(1146) Archive regions: 0->0
[176.909s][info][gc,heap        ] GC(1146) Humongous regions: 1->1
[176.909s][info][gc,metaspace   ] GC(1146) Metaspace: 16791K(17472K)->16791K(17472K) NonClass: 14371K(14784K)->14371K(14784K) Class: 2420K(2688K)->2420K(2688K)
[176.910s][info][gc             ] GC(1146) Pause Young (Concurrent Start) (G1 Evacuation Pause) 478M->473M(512M) 11.489ms
[176.910s][info][gc             ] GC(1147) Concurrent Mark Cycle
[176.910s][info][gc,cpu         ] GC(1146) User=0.16s Sys=0.03s Real=0.02s
[176.910s][info][gc,marking     ] GC(1147) Concurrent Scan Root Regions
[176.917s][info][gc,marking     ] GC(1147) Concurrent Scan Root Regions 7.429ms
[176.917s][info][gc,marking     ] GC(1147) Concurrent Mark
[176.917s][info][gc,marking     ] GC(1147) Concurrent Mark From Roots
[176.917s][info][gc,task        ] GC(1147) Using 8 workers of 8 for marking
[176.960s][info][gc,start       ] GC(1148) Pause Young (Normal) (G1 Evacuation Pause)
[176.960s][info][gc,task        ] GC(1148) Using 12 workers of 33 for evacuation
[176.969s][info][gc,phases      ] GC(1148)   Pre Evacuate Collection Set: 0.1ms
[176.969s][info][gc,phases      ] GC(1148)   Merge Heap Roots: 0.3ms
[176.969s][info][gc,phases      ] GC(1148)   Evacuate Collection Set: 8.0ms
[176.969s][info][gc,phases      ] GC(1148)   Post Evacuate Collection Set: 0.4ms
[176.969s][info][gc,phases      ] GC(1148)   Other: 0.1ms
[176.969s][info][gc,heap        ] GC(1148) Eden regions: 21->0(0)
[176.969s][info][gc,heap        ] GC(1148) Survivor regions: 4->4(4)
[176.969s][info][gc,heap        ] GC(1148) Old regions: 469->504
[176.969s][info][gc,heap        ] GC(1148) Archive regions: 0->0
[176.969s][info][gc,heap        ] GC(1148) Humongous regions: 2->2
[176.969s][info][gc,metaspace   ] GC(1148) Metaspace: 16791K(17472K)->16791K(17472K) NonClass: 14371K(14784K)->14371K(14784K) Class: 2420K(2688K)->2420K(2688K)
[176.969s][info][gc             ] GC(1148) Pause Young (Normal) (G1 Evacuation Pause) (Evacuation Failure) 495M->509M(512M) 9.058ms
[176.969s][info][gc,cpu         ] GC(1148) User=0.00s Sys=0.00s Real=0.00s
[176.969s][info][gc,ergo        ] Attempting full compaction
[176.969s][info][gc,start       ] GC(1149) Pause Full (G1 Compaction Pause)
[176.970s][info][gc,task        ] GC(1149) Using 12 workers of 33 for full compaction
[176.970s][info][gc,phases,start] GC(1149) Phase 1: Mark live objects
[177.094s][info][gc,phases      ] GC(1149) Phase 1: Mark live objects 124.370ms
[177.094s][info][gc,phases,start] GC(1149) Phase 2: Prepare compaction
[177.111s][info][gc,phases      ] GC(1149) Phase 2: Prepare compaction 16.393ms
[177.111s][info][gc,phases,start] GC(1149) Phase 3: Adjust pointers
[177.133s][info][gc,phases      ] GC(1149) Phase 3: Adjust pointers 21.893ms
[177.133s][info][gc,phases,start] GC(1149) Phase 4: Compact heap
[177.137s][info][gc,phases      ] GC(1149) Phase 4: Compact heap 4.568ms
[177.141s][info][gc,heap        ] GC(1149) Eden regions: 0->0(25)
[177.141s][info][gc,heap        ] GC(1149) Survivor regions: 4->0(4)
[177.141s][info][gc,heap        ] GC(1149) Old regions: 504->464
[177.141s][info][gc,heap        ] GC(1149) Archive regions: 0->0
[177.141s][info][gc,heap        ] GC(1149) Humongous regions: 2->2
[177.141s][info][gc,metaspace   ] GC(1149) Metaspace: 16791K(17472K)->16791K(17472K) NonClass: 14371K(14784K)->14371K(14784K) Class: 2420K(2688K)->2420K(2688K)
[177.141s][info][gc             ] GC(1149) Pause Full (G1 Compaction Pause) 509M->459M(512M) 171.686ms
[177.141s][info][gc,cpu         ] GC(1149) User=2.06s Sys=0.00s Real=0.17s
[177.141s][info][gc,marking     ] GC(1147) Concurrent Mark From Roots 224.105ms
[177.141s][info][gc,marking     ] GC(1147) Concurrent Mark Abort
[177.141s][info][gc             ] GC(1147) Concurrent Mark Cycle 231.792ms
[177.201s][info][gc,start       ] GC(1150) Pause Young (Normal) (G1 Evacuation Pause)
[177.201s][info][gc,task        ] GC(1150) Using 12 workers of 33 for evacuation
[177.218s][info][gc,phases      ] GC(1150)   Pre Evacuate Collection Set: 0.1ms
[177.218s][info][gc,phases      ] GC(1150)   Merge Heap Roots: 1.2ms
[177.218s][info][gc,phases      ] GC(1150)   Evacuate Collection Set: 15.2ms
[177.218s][info][gc,phases      ] GC(1150)   Post Evacuate Collection Set: 0.4ms
[177.218s][info][gc,phases      ] GC(1150)   Other: 0.1ms
[177.218s][info][gc,heap        ] GC(1150) Eden regions: 25->0(21)
[177.218s][info][gc,heap        ] GC(1150) Survivor regions: 0->4(4)
[177.218s][info][gc,heap        ] GC(1150) Old regions: 464->465
[177.218s][info][gc,heap        ] GC(1150) Archive regions: 0->0
[177.218s][info][gc,heap        ] GC(1150) Humongous regions: 2->2
[177.218s][info][gc,metaspace   ] GC(1150) Metaspace: 16791K(17472K)->16791K(17472K) NonClass: 14371K(14784K)->14371K(14784K) Class: 2420K(2688K)->2420K(2688K)
[177.219s][info][gc             ] GC(1150) Pause Young (Normal) (G1 Evacuation Pause) 484M->464M(512M) 17.500ms
[177.219s][info][gc,cpu         ] GC(1150) User=0.17s Sys=0.02s Real=0.01s
[177.277s][info][gc,start       ] GC(1151) Pause Young (Concurrent Start) (G1 Evacuation Pause)
[177.277s][info][gc,task        ] GC(1151) Using 12 workers of 33 for evacuation
[177.297s][info][gc,phases      ] GC(1151)   Pre Evacuate Collection Set: 0.3ms
[177.297s][info][gc,phases      ] GC(1151)   Merge Heap Roots: 1.4ms
[177.297s][info][gc,phases      ] GC(1151)   Evacuate Collection Set: 17.4ms
[177.297s][info][gc,phases      ] GC(1151)   Post Evacuate Collection Set: 0.4ms
[177.297s][info][gc,phases      ] GC(1151)   Other: 0.2ms
[177.297s][info][gc,heap        ] GC(1151) Eden regions: 21->0(21)
[177.297s][info][gc,heap        ] GC(1151) Survivor regions: 4->4(4)
[177.297s][info][gc,heap        ] GC(1151) Old regions: 465->467
[177.297s][info][gc,heap        ] GC(1151) Archive regions: 0->0
[177.297s][info][gc,heap        ] GC(1151) Humongous regions: 2->2
[177.297s][info][gc,metaspace   ] GC(1151) Metaspace: 16791K(17472K)->16791K(17472K) NonClass: 14371K(14784K)->14371K(14784K) Class: 2420K(2688K)->2420K(2688K)
[177.297s][info][gc             ] GC(1151) Pause Young (Concurrent Start) (G1 Evacuation Pause) 485M->466M(512M) 20.104ms
[177.297s][info][gc             ] GC(1152) Concurrent Mark Cycle
[177.297s][info][gc,cpu         ] GC(1151) User=0.19s Sys=0.00s Real=0.02s
[177.297s][info][gc,marking     ] GC(1152) Concurrent Scan Root Regions
[177.304s][info][gc,marking     ] GC(1152) Concurrent Scan Root Regions 6.044ms
[177.304s][info][gc,marking     ] GC(1152) Concurrent Mark
[177.304s][info][gc,marking     ] GC(1152) Concurrent Mark From Roots
[177.304s][info][gc,task        ] GC(1152) Using 8 workers of 8 for marking
[177.363s][info][gc,start       ] GC(1153) Pause Young (Normal) (G1 Evacuation Pause)
[177.363s][info][gc,task        ] GC(1153) Using 12 workers of 33 for evacuation
[177.374s][info][gc,phases      ] GC(1153)   Pre Evacuate Collection Set: 0.1ms
[177.374s][info][gc,phases      ] GC(1153)   Merge Heap Roots: 0.9ms
[177.374s][info][gc,phases      ] GC(1153)   Evacuate Collection Set: 9.2ms
[177.374s][info][gc,phases      ] GC(1153)   Post Evacuate Collection Set: 0.3ms
[177.374s][info][gc,phases      ] GC(1153)   Other: 0.1ms
[177.374s][info][gc,heap        ] GC(1153) Eden regions: 21->0(22)
[177.374s][info][gc,heap        ] GC(1153) Survivor regions: 4->3(4)
[177.374s][info][gc,heap        ] GC(1153) Old regions: 467->469
[177.374s][info][gc,heap        ] GC(1153) Archive regions: 0->0
[177.374s][info][gc,heap        ] GC(1153) Humongous regions: 2->2
[177.374s][info][gc,metaspace   ] GC(1153) Metaspace: 16791K(17472K)->16791K(17472K) NonClass: 14371K(14784K)->14371K(14784K) Class: 2420K(2688K)->2420K(2688K)
[177.374s][info][gc             ] GC(1153) Pause Young (Normal) (G1 Evacuation Pause) 487M->467M(512M) 10.814ms
[177.374s][info][gc,cpu         ] GC(1153) User=0.02s Sys=0.00s Real=0.02s
[177.437s][info][gc,start       ] GC(1154) Pause Young (Normal) (G1 Evacuation Pause)
[177.437s][info][gc,task        ] GC(1154) Using 12 workers of 33 for evacuation
[177.447s][info][gc,phases      ] GC(1154)   Pre Evacuate Collection Set: 0.1ms
[177.447s][info][gc,phases      ] GC(1154)   Merge Heap Roots: 0.9ms
[177.447s][info][gc,phases      ] GC(1154)   Evacuate Collection Set: 8.9ms
[177.447s][info][gc,phases      ] GC(1154)   Post Evacuate Collection Set: 0.3ms
[177.447s][info][gc,phases      ] GC(1154)   Other: 0.1ms
[177.447s][info][gc,heap        ] GC(1154) Eden regions: 22->0(23)
[177.447s][info][gc,heap        ] GC(1154) Survivor regions: 3->2(4)
[177.447s][info][gc,heap        ] GC(1154) Old regions: 469->471
[177.447s][info][gc,heap        ] GC(1154) Archive regions: 0->0
[177.447s][info][gc,heap        ] GC(1154) Humongous regions: 2->2
[177.447s][info][gc,metaspace   ] GC(1154) Metaspace: 16791K(17472K)->16791K(17472K) NonClass: 14371K(14784K)->14371K(14784K) Class: 2420K(2688K)->2420K(2688K)
[177.447s][info][gc             ] GC(1154) Pause Young (Normal) (G1 Evacuation Pause) 489M->467M(512M) 10.558ms
[177.447s][info][gc,cpu         ] GC(1154) User=0.00s Sys=0.00s Real=0.00s
[177.467s][info][gc,marking     ] GC(1152) Concurrent Mark From Roots 163.865ms
[177.468s][info][gc,marking     ] GC(1152) Concurrent Preclean
[177.468s][info][gc,marking     ] GC(1152) Concurrent Preclean 0.054ms
[177.468s][info][gc,start       ] GC(1152) Pause Remark
[177.469s][info][gc             ] GC(1152) Pause Remark 469M->469M(512M) 0.929ms
[177.469s][info][gc,cpu         ] GC(1152) User=0.00s Sys=0.00s Real=0.00s
[177.469s][info][gc,marking     ] GC(1152) Concurrent Mark 165.100ms
[177.469s][info][gc,marking     ] GC(1152) Concurrent Rebuild Remembered Sets and Scrub Regions
[177.516s][info][gc,marking     ] GC(1152) Concurrent Rebuild Remembered Sets and Scrub Regions 46.997ms
[177.519s][info][gc,start       ] GC(1152) Pause Cleanup
[177.519s][info][gc             ] GC(1152) Pause Cleanup 471M->471M(512M) 0.221ms
[177.519s][info][gc,cpu         ] GC(1152) User=0.00s Sys=0.00s Real=0.00s
[177.519s][info][gc,marking     ] GC(1152) Concurrent Clear Claimed Marks
[177.519s][info][gc,marking     ] GC(1152) Concurrent Clear Claimed Marks 0.040ms
[177.519s][info][gc,marking     ] GC(1152) Concurrent Cleanup for Next Mark
[177.519s][info][gc,marking     ] GC(1152) Concurrent Cleanup for Next Mark 0.372ms
[177.519s][info][gc             ] GC(1152) Concurrent Mark Cycle 221.838ms
[178.240s][info][gc,start       ] GC(1155) Pause Young (Prepare Mixed) (G1 Evacuation Pause)
[178.240s][info][gc,task        ] GC(1155) Using 12 workers of 33 for evacuation
[178.244s][info][gc,phases      ] GC(1155)   Pre Evacuate Collection Set: 0.1ms
[178.244s][info][gc,phases      ] GC(1155)   Merge Heap Roots: 0.2ms
[178.245s][info][gc,phases      ] GC(1155)   Evacuate Collection Set: 3.4ms
[178.245s][info][gc,phases      ] GC(1155)   Post Evacuate Collection Set: 0.4ms
[178.245s][info][gc,phases      ] GC(1155)   Other: 0.1ms
[178.245s][info][gc,heap        ] GC(1155) Eden regions: 23->0(22)
[178.245s][info][gc,heap        ] GC(1155) Survivor regions: 2->3(4)
[178.245s][info][gc,heap        ] GC(1155) Old regions: 471->471
[178.245s][info][gc,heap        ] GC(1155) Archive regions: 0->0
[178.245s][info][gc,heap        ] GC(1155) Humongous regions: 2->2
[178.245s][info][gc,metaspace   ] GC(1155) Metaspace: 16792K(17472K)->16792K(17472K) NonClass: 14371K(14784K)->14371K(14784K) Class: 2420K(2688K)->2420K(2688K)
[178.245s][info][gc             ] GC(1155) Pause Young (Prepare Mixed) (G1 Evacuation Pause) 490M->468M(512M) 4.568ms
[178.245s][info][gc,cpu         ] GC(1155) User=0.19s Sys=0.00s Real=0.02s
[186.222s][info][gc,start       ] GC(1156) Pause Young (Mixed) (G1 Evacuation Pause)
[186.222s][info][gc,task        ] GC(1156) Using 12 workers of 33 for evacuation
[186.229s][info][gc,phases      ] GC(1156)   Pre Evacuate Collection Set: 0.1ms
[186.229s][info][gc,phases      ] GC(1156)   Merge Heap Roots: 0.3ms
[186.229s][info][gc,phases      ] GC(1156)   Evacuate Collection Set: 6.0ms
[186.229s][info][gc,phases      ] GC(1156)   Post Evacuate Collection Set: 0.5ms
[186.229s][info][gc,phases      ] GC(1156)   Other: 0.1ms
[186.229s][info][gc,heap        ] GC(1156) Eden regions: 22->0(21)
[186.229s][info][gc,heap        ] GC(1156) Survivor regions: 3->4(4)
[186.229s][info][gc,heap        ] GC(1156) Old regions: 471->471
[186.229s][info][gc,heap        ] GC(1156) Archive regions: 0->0
[186.229s][info][gc,heap        ] GC(1156) Humongous regions: 2->2
[186.229s][info][gc,metaspace   ] GC(1156) Metaspace: 16792K(17472K)->16792K(17472K) NonClass: 14371K(14784K)->14371K(14784K) Class: 2420K(2688K)->2420K(2688K)
[186.229s][info][gc             ] GC(1156) Pause Young (Mixed) (G1 Evacuation Pause) 490M->472M(512M) 7.224ms
[186.230s][info][gc,cpu         ] GC(1156) User=0.00s Sys=0.00s Real=0.00s
[186.258s][info][gc,start       ] GC(1157) Pause Young (Concurrent Start) (G1 Evacuation Pause)
[186.258s][info][gc,task        ] GC(1157) Using 12 workers of 33 for evacuation
[186.266s][info][gc,phases      ] GC(1157)   Pre Evacuate Collection Set: 0.2ms
[186.266s][info][gc,phases      ] GC(1157)   Merge Heap Roots: 0.1ms
[186.266s][info][gc,phases      ] GC(1157)   Evacuate Collection Set: 7.4ms
[186.266s][info][gc,phases      ] GC(1157)   Post Evacuate Collection Set: 0.4ms
[186.266s][info][gc,phases      ] GC(1157)   Other: 0.1ms
[186.266s][info][gc,heap        ] GC(1157) Eden regions: 21->0(21)
[186.266s][info][gc,heap        ] GC(1157) Survivor regions: 4->4(4)
[186.266s][info][gc,heap        ] GC(1157) Old regions: 471->480
[186.266s][info][gc,heap        ] GC(1157) Archive regions: 0->0
[186.266s][info][gc,heap        ] GC(1157) Humongous regions: 2->2
[186.266s][info][gc,metaspace   ] GC(1157) Metaspace: 16792K(17472K)->16792K(17472K) NonClass: 14371K(14784K)->14371K(14784K) Class: 2420K(2688K)->2420K(2688K)
[186.266s][info][gc             ] GC(1157) Pause Young (Concurrent Start) (G1 Evacuation Pause) 493M->482M(512M) 8.753ms
[186.267s][info][gc             ] GC(1158) Concurrent Mark Cycle
[186.267s][info][gc,cpu         ] GC(1157) User=0.00s Sys=0.00s Real=0.00s
[186.267s][info][gc,marking     ] GC(1158) Concurrent Scan Root Regions
[186.270s][info][gc,marking     ] GC(1158) Concurrent Scan Root Regions 3.298ms
[186.270s][info][gc,marking     ] GC(1158) Concurrent Mark
[186.270s][info][gc,marking     ] GC(1158) Concurrent Mark From Roots
[186.270s][info][gc,task        ] GC(1158) Using 8 workers of 8 for marking
[186.288s][info][gc,marking     ] GC(1158) Concurrent Mark From Roots 18.117ms
[186.288s][info][gc,marking     ] GC(1158) Concurrent Preclean
[186.288s][info][gc,marking     ] GC(1158) Concurrent Preclean 0.060ms
[186.288s][info][gc,start       ] GC(1158) Pause Remark
[186.289s][info][gc             ] GC(1158) Pause Remark 499M->107M(364M) 1.147ms
[186.290s][info][gc,cpu         ] GC(1158) User=0.00s Sys=0.00s Real=0.00s
[186.290s][info][gc,marking     ] GC(1158) Concurrent Mark 19.630ms
[186.290s][info][gc,marking     ] GC(1158) Concurrent Rebuild Remembered Sets and Scrub Regions
[186.294s][info][gc,start       ] GC(1159) Pause Young (Normal) (G1 Evacuation Pause)
[186.294s][info][gc,task        ] GC(1159) Using 10 workers of 33 for evacuation
[186.300s][info][gc,phases      ] GC(1159)   Pre Evacuate Collection Set: 0.1ms
[186.300s][info][gc,phases      ] GC(1159)   Merge Heap Roots: 0.1ms
[186.300s][info][gc,phases      ] GC(1159)   Evacuate Collection Set: 5.4ms
[186.300s][info][gc,phases      ] GC(1159)   Post Evacuate Collection Set: 0.3ms
[186.300s][info][gc,phases      ] GC(1159)   Other: 0.1ms
[186.300s][info][gc,heap        ] GC(1159) Eden regions: 21->0(134)
[186.300s][info][gc,heap        ] GC(1159) Survivor regions: 4->4(4)
[186.300s][info][gc,heap        ] GC(1159) Old regions: 87->97
[186.300s][info][gc,heap        ] GC(1159) Archive regions: 0->0
[186.300s][info][gc,heap        ] GC(1159) Humongous regions: 1->1
[186.300s][info][gc,metaspace   ] GC(1159) Metaspace: 16792K(17472K)->16792K(17472K) NonClass: 14371K(14784K)->14371K(14784K) Class: 2420K(2688K)->2420K(2688K)
[186.300s][info][gc             ] GC(1159) Pause Young (Normal) (G1 Evacuation Pause) 112M->101M(364M) 6.376ms
[186.300s][info][gc,cpu         ] GC(1159) User=0.02s Sys=0.00s Real=0.02s
[186.304s][info][gc,marking     ] GC(1158) Concurrent Rebuild Remembered Sets and Scrub Regions 14.669ms
[186.304s][info][gc,start       ] GC(1158) Pause Cleanup
[186.305s][info][gc             ] GC(1158) Pause Cleanup 106M->106M(364M) 0.280ms
[186.305s][info][gc,cpu         ] GC(1158) User=0.00s Sys=0.00s Real=0.00s
[186.305s][info][gc,marking     ] GC(1158) Concurrent Clear Claimed Marks
[186.305s][info][gc,marking     ] GC(1158) Concurrent Clear Claimed Marks 0.041ms
[186.305s][info][gc,marking     ] GC(1158) Concurrent Cleanup for Next Mark
[186.305s][info][gc,marking     ] GC(1158) Concurrent Cleanup for Next Mark 0.270ms
[186.305s][info][gc             ] GC(1158) Concurrent Mark Cycle 38.650ms
[186.419s][info][gc,start       ] GC(1160) Pause Young (Prepare Mixed) (G1 Evacuation Pause)
[186.419s][info][gc,task        ] GC(1160) Using 9 workers of 33 for evacuation
[186.451s][info][gc,phases      ] GC(1160)   Pre Evacuate Collection Set: 0.1ms
[186.451s][info][gc,phases      ] GC(1160)   Merge Heap Roots: 0.1ms
[186.451s][info][gc,phases      ] GC(1160)   Evacuate Collection Set: 31.5ms
[186.451s][info][gc,phases      ] GC(1160)   Post Evacuate Collection Set: 0.3ms
[186.451s][info][gc,phases      ] GC(1160)   Other: 0.1ms
[186.451s][info][gc,heap        ] GC(1160) Eden regions: 134->0(103)
[186.451s][info][gc,heap        ] GC(1160) Survivor regions: 4->18(18)
[186.451s][info][gc,heap        ] GC(1160) Old regions: 97->140
[186.451s][info][gc,heap        ] GC(1160) Archive regions: 0->0
[186.451s][info][gc,heap        ] GC(1160) Humongous regions: 1->1
[186.451s][info][gc,metaspace   ] GC(1160) Metaspace: 16792K(17472K)->16792K(17472K) NonClass: 14371K(14784K)->14371K(14784K) Class: 2420K(2688K)->2420K(2688K)
[186.452s][info][gc             ] GC(1160) Pause Young (Prepare Mixed) (G1 Evacuation Pause) 235M->157M(364M) 32.644ms
[186.452s][info][gc,cpu         ] GC(1160) User=0.28s Sys=0.00s Real=0.03s
[186.536s][info][gc,start       ] GC(1161) Pause Young (Mixed) (G1 Evacuation Pause)
[186.536s][info][gc,task        ] GC(1161) Using 8 workers of 33 for evacuation
[186.574s][info][gc,phases      ] GC(1161)   Pre Evacuate Collection Set: 0.1ms
[186.574s][info][gc,phases      ] GC(1161)   Merge Heap Roots: 0.1ms
[186.574s][info][gc,phases      ] GC(1161)   Evacuate Collection Set: 36.7ms
[186.574s][info][gc,phases      ] GC(1161)   Post Evacuate Collection Set: 0.3ms
[186.574s][info][gc,phases      ] GC(1161)   Other: 0.1ms
[186.574s][info][gc,heap        ] GC(1161) Eden regions: 103->0(90)
[186.574s][info][gc,heap        ] GC(1161) Survivor regions: 18->16(16)
[186.574s][info][gc,heap        ] GC(1161) Old regions: 140->167
[186.574s][info][gc,heap        ] GC(1161) Archive regions: 0->0
[186.574s][info][gc,heap        ] GC(1161) Humongous regions: 1->1
[186.574s][info][gc,metaspace   ] GC(1161) Metaspace: 16792K(17472K)->16792K(17472K) NonClass: 14371K(14784K)->14371K(14784K) Class: 2420K(2688K)->2420K(2688K)
[186.574s][info][gc             ] GC(1161) Pause Young (Mixed) (G1 Evacuation Pause) 260M->183M(364M) 37.968ms
[186.574s][info][gc,cpu         ] GC(1161) User=0.38s Sys=0.00s Real=0.04s
[186.649s][info][gc,start       ] GC(1162) Pause Young (Concurrent Start) (G1 Evacuation Pause)
[186.649s][info][gc,task        ] GC(1162) Using 8 workers of 33 for evacuation
[186.683s][info][gc,phases      ] GC(1162)   Pre Evacuate Collection Set: 0.2ms
[186.683s][info][gc,phases      ] GC(1162)   Merge Heap Roots: 0.1ms
[186.683s][info][gc,phases      ] GC(1162)   Evacuate Collection Set: 32.8ms
[186.683s][info][gc,phases      ] GC(1162)   Post Evacuate Collection Set: 0.3ms
[186.683s][info][gc,phases      ] GC(1162)   Other: 0.2ms
[186.683s][info][gc,heap        ] GC(1162) Eden regions: 90->0(70)
[186.683s][info][gc,heap        ] GC(1162) Survivor regions: 16->14(14)
[186.683s][info][gc,heap        ] GC(1162) Old regions: 167->207
[186.683s][info][gc,heap        ] GC(1162) Archive regions: 0->0
[186.683s][info][gc,heap        ] GC(1162) Humongous regions: 1->1
[186.683s][info][gc,metaspace   ] GC(1162) Metaspace: 16792K(17472K)->16792K(17472K) NonClass: 14371K(14784K)->14371K(14784K) Class: 2420K(2688K)->2420K(2688K)
[186.683s][info][gc             ] GC(1162) Pause Young (Concurrent Start) (G1 Evacuation Pause) 273M->221M(364M) 34.086ms
[186.683s][info][gc             ] GC(1163) Concurrent Mark Cycle
[186.683s][info][gc,cpu         ] GC(1162) User=0.25s Sys=0.00s Real=0.03s
[186.683s][info][gc,marking     ] GC(1163) Concurrent Scan Root Regions
[186.691s][info][gc,marking     ] GC(1163) Concurrent Scan Root Regions 7.777ms
[186.691s][info][gc,marking     ] GC(1163) Concurrent Mark
[186.691s][info][gc,marking     ] GC(1163) Concurrent Mark From Roots
[186.691s][info][gc,task        ] GC(1163) Using 8 workers of 8 for marking
[186.727s][info][gc,marking     ] GC(1163) Concurrent Mark From Roots 36.502ms
[186.727s][info][gc,marking     ] GC(1163) Concurrent Preclean
[186.728s][info][gc,marking     ] GC(1163) Concurrent Preclean 0.059ms
[186.728s][info][gc,start       ] GC(1163) Pause Remark
[186.729s][info][gc             ] GC(1163) Pause Remark 267M->243M(407M) 1.606ms
[186.729s][info][gc,cpu         ] GC(1163) User=0.00s Sys=0.00s Real=0.00s
[186.729s][info][gc,marking     ] GC(1163) Concurrent Mark 38.492ms
[186.729s][info][gc,marking     ] GC(1163) Concurrent Rebuild Remembered Sets and Scrub Regions
[186.754s][info][gc,start       ] GC(1164) Pause Young (Normal) (G1 Evacuation Pause)
[186.755s][info][gc,task        ] GC(1164) Using 9 workers of 33 for evacuation
[186.774s][info][gc,phases      ] GC(1164)   Pre Evacuate Collection Set: 0.1ms
[186.774s][info][gc,phases      ] GC(1164)   Merge Heap Roots: 0.1ms
[186.774s][info][gc,phases      ] GC(1164)   Evacuate Collection Set: 18.9ms
[186.774s][info][gc,phases      ] GC(1164)   Post Evacuate Collection Set: 0.4ms
[186.774s][info][gc,phases      ] GC(1164)   Other: 0.1ms
[186.774s][info][gc,heap        ] GC(1164) Eden regions: 70->0(88)
[186.774s][info][gc,heap        ] GC(1164) Survivor regions: 14->11(11)
[186.774s][info][gc,heap        ] GC(1164) Old regions: 184->218
[186.774s][info][gc,heap        ] GC(1164) Archive regions: 0->0
[186.774s][info][gc,heap        ] GC(1164) Humongous regions: 0->0
[186.774s][info][gc,metaspace   ] GC(1164) Metaspace: 16792K(17472K)->16792K(17472K) NonClass: 14371K(14784K)->14371K(14784K) Class: 2420K(2688K)->2420K(2688K)
[186.775s][info][gc             ] GC(1164) Pause Young (Normal) (G1 Evacuation Pause) 267M->228M(407M) 20.036ms
[186.775s][info][gc,cpu         ] GC(1164) User=0.28s Sys=0.00s Real=0.03s
[186.806s][info][gc,marking     ] GC(1163) Concurrent Rebuild Remembered Sets and Scrub Regions 76.985ms
[186.807s][info][gc,start       ] GC(1163) Pause Cleanup
[186.807s][info][gc             ] GC(1163) Pause Cleanup 266M->266M(407M) 0.273ms
[186.807s][info][gc,cpu         ] GC(1163) User=0.00s Sys=0.00s Real=0.00s
[186.807s][info][gc,marking     ] GC(1163) Concurrent Clear Claimed Marks
[186.807s][info][gc,marking     ] GC(1163) Concurrent Clear Claimed Marks 0.022ms
[186.807s][info][gc,marking     ] GC(1163) Concurrent Cleanup for Next Mark
[186.807s][info][gc,marking     ] GC(1163) Concurrent Cleanup for Next Mark 0.346ms
[186.807s][info][gc             ] GC(1163) Concurrent Mark Cycle 124.266ms
[186.857s][info][gc,start       ] GC(1165) Pause Young (Prepare Mixed) (G1 Evacuation Pause)
[186.857s][info][gc,task        ] GC(1165) Using 9 workers of 33 for evacuation
[186.890s][info][gc,phases      ] GC(1165)   Pre Evacuate Collection Set: 0.1ms
[186.890s][info][gc,phases      ] GC(1165)   Merge Heap Roots: 0.6ms
[186.891s][info][gc,phases      ] GC(1165)   Evacuate Collection Set: 32.1ms
[186.891s][info][gc,phases      ] GC(1165)   Post Evacuate Collection Set: 0.3ms
[186.891s][info][gc,phases      ] GC(1165)   Other: 0.1ms
[186.891s][info][gc,heap        ] GC(1165) Eden regions: 88->0(70)
[186.891s][info][gc,heap        ] GC(1165) Survivor regions: 11->13(13)
[186.891s][info][gc,heap        ] GC(1165) Old regions: 218->253
[186.891s][info][gc,heap        ] GC(1165) Archive regions: 0->0
[186.891s][info][gc,heap        ] GC(1165) Humongous regions: 0->0
[186.891s][info][gc,metaspace   ] GC(1165) Metaspace: 16792K(17472K)->16792K(17472K) NonClass: 14371K(14784K)->14371K(14784K) Class: 2420K(2688K)->2420K(2688K)
[186.891s][info][gc             ] GC(1165) Pause Young (Prepare Mixed) (G1 Evacuation Pause) 316M->265M(407M) 33.742ms
[186.891s][info][gc,cpu         ] GC(1165) User=0.28s Sys=0.00s Real=0.03s
[186.950s][info][gc,start       ] GC(1166) Pause Young (Mixed) (G1 Evacuation Pause)
[186.950s][info][gc,task        ] GC(1166) Using 9 workers of 33 for evacuation
[186.979s][info][gc,phases      ] GC(1166)   Pre Evacuate Collection Set: 0.1ms
[186.979s][info][gc,phases      ] GC(1166)   Merge Heap Roots: 0.1ms
[186.979s][info][gc,phases      ] GC(1166)   Evacuate Collection Set: 27.8ms
[186.979s][info][gc,phases      ] GC(1166)   Post Evacuate Collection Set: 0.3ms
[186.979s][info][gc,phases      ] GC(1166)   Other: 0.1ms
[186.979s][info][gc,heap        ] GC(1166) Eden regions: 70->0(55)
[186.979s][info][gc,heap        ] GC(1166) Survivor regions: 13->11(11)
[186.979s][info][gc,heap        ] GC(1166) Old regions: 253->284
[186.979s][info][gc,heap        ] GC(1166) Archive regions: 0->0
[186.979s][info][gc,heap        ] GC(1166) Humongous regions: 0->0
[186.979s][info][gc,metaspace   ] GC(1166) Metaspace: 16792K(17472K)->16792K(17472K) NonClass: 14371K(14784K)->14371K(14784K) Class: 2420K(2688K)->2420K(2688K)
[186.979s][info][gc             ] GC(1166) Pause Young (Mixed) (G1 Evacuation Pause) 335M->294M(407M) 28.961ms
[186.979s][info][gc,cpu         ] GC(1166) User=0.28s Sys=0.00s Real=0.03s
[187.037s][info][gc,start       ] GC(1167) Pause Young (Concurrent Start) (G1 Evacuation Pause)
[187.037s][info][gc,task        ] GC(1167) Using 9 workers of 33 for evacuation
[187.060s][info][gc,phases      ] GC(1167)   Pre Evacuate Collection Set: 0.2ms
[187.060s][info][gc,phases      ] GC(1167)   Merge Heap Roots: 0.1ms
[187.060s][info][gc,phases      ] GC(1167)   Evacuate Collection Set: 21.7ms
[187.060s][info][gc,phases      ] GC(1167)   Post Evacuate Collection Set: 0.9ms
[187.060s][info][gc,phases      ] GC(1167)   Other: 0.1ms
[187.060s][info][gc,heap        ] GC(1167) Eden regions: 55->0(62)
[187.060s][info][gc,heap        ] GC(1167) Survivor regions: 11->9(9)
[187.060s][info][gc,heap        ] GC(1167) Old regions: 284->311
[187.060s][info][gc,heap        ] GC(1167) Archive regions: 0->0
[187.060s][info][gc,heap        ] GC(1167) Humongous regions: 0->0
[187.060s][info][gc,metaspace   ] GC(1167) Metaspace: 16792K(17472K)->16792K(17472K) NonClass: 14371K(14784K)->14371K(14784K) Class: 2420K(2688K)->2420K(2688K)
[187.060s][info][gc             ] GC(1167) Pause Young (Concurrent Start) (G1 Evacuation Pause) 349M->319M(445M) 23.534ms
[187.060s][info][gc             ] GC(1168) Concurrent Mark Cycle
[187.060s][info][gc,cpu         ] GC(1167) User=0.28s Sys=0.00s Real=0.03s
[187.060s][info][gc,marking     ] GC(1168) Concurrent Scan Root Regions
[187.068s][info][gc,marking     ] GC(1168) Concurrent Scan Root Regions 8.149ms
[187.069s][info][gc,marking     ] GC(1168) Concurrent Mark
[187.069s][info][gc,marking     ] GC(1168) Concurrent Mark From Roots
[187.069s][info][gc,task        ] GC(1168) Using 8 workers of 8 for marking
[187.127s][info][gc,start       ] GC(1169) Pause Young (Normal) (G1 Evacuation Pause)
[187.127s][info][gc,task        ] GC(1169) Using 10 workers of 33 for evacuation
[187.140s][info][gc,phases      ] GC(1169)   Pre Evacuate Collection Set: 0.1ms
[187.141s][info][gc,phases      ] GC(1169)   Merge Heap Roots: 0.1ms
[187.141s][info][gc,phases      ] GC(1169)   Evacuate Collection Set: 12.6ms
[187.141s][info][gc,phases      ] GC(1169)   Post Evacuate Collection Set: 0.3ms
[187.141s][info][gc,phases      ] GC(1169)   Other: 0.1ms
[187.141s][info][gc,heap        ] GC(1169) Eden regions: 62->0(48)
[187.141s][info][gc,heap        ] GC(1169) Survivor regions: 9->9(9)
[187.141s][info][gc,heap        ] GC(1169) Old regions: 311->339
[187.141s][info][gc,heap        ] GC(1169) Archive regions: 0->0
[187.141s][info][gc,heap        ] GC(1169) Humongous regions: 0->0
[187.141s][info][gc,metaspace   ] GC(1169) Metaspace: 16792K(17472K)->16792K(17472K) NonClass: 14371K(14784K)->14371K(14784K) Class: 2420K(2688K)->2420K(2688K)
[187.141s][info][gc             ] GC(1169) Pause Young (Normal) (G1 Evacuation Pause) 381M->347M(445M) 13.674ms
[187.141s][info][gc,cpu         ] GC(1169) User=0.16s Sys=0.00s Real=0.02s
[187.168s][info][gc,marking     ] GC(1168) Concurrent Mark From Roots 99.613ms
[187.168s][info][gc,marking     ] GC(1168) Concurrent Preclean
[187.168s][info][gc,marking     ] GC(1168) Concurrent Preclean 0.040ms
[187.168s][info][gc,start       ] GC(1168) Pause Remark
[187.170s][info][gc             ] GC(1168) Pause Remark 362M->362M(512M) 1.802ms
[187.170s][info][gc,cpu         ] GC(1168) User=0.00s Sys=0.00s Real=0.00s
[187.170s][info][gc,marking     ] GC(1168) Concurrent Mark 101.744ms
[187.170s][info][gc,marking     ] GC(1168) Concurrent Rebuild Remembered Sets and Scrub Regions
[187.206s][info][gc,start       ] GC(1170) Pause Young (Normal) (G1 Evacuation Pause)
[187.206s][info][gc,task        ] GC(1170) Using 12 workers of 33 for evacuation
[187.216s][info][gc,phases      ] GC(1170)   Pre Evacuate Collection Set: 0.1ms
[187.216s][info][gc,phases      ] GC(1170)   Merge Heap Roots: 0.1ms
[187.216s][info][gc,phases      ] GC(1170)   Evacuate Collection Set: 10.0ms
[187.216s][info][gc,phases      ] GC(1170)   Post Evacuate Collection Set: 0.4ms
[187.217s][info][gc,phases      ] GC(1170)   Other: 0.1ms
[187.217s][info][gc,heap        ] GC(1170) Eden regions: 48->0(70)
[187.217s][info][gc,heap        ] GC(1170) Survivor regions: 9->8(8)
[187.217s][info][gc,heap        ] GC(1170) Old regions: 339->363
[187.217s][info][gc,heap        ] GC(1170) Archive regions: 0->0
[187.217s][info][gc,heap        ] GC(1170) Humongous regions: 0->0
[187.217s][info][gc,metaspace   ] GC(1170) Metaspace: 16792K(17472K)->16792K(17472K) NonClass: 14371K(14784K)->14371K(14784K) Class: 2420K(2688K)->2420K(2688K)
[187.217s][info][gc             ] GC(1170) Pause Young (Normal) (G1 Evacuation Pause) 395M->370M(512M) 11.207ms
[187.217s][info][gc,cpu         ] GC(1170) User=0.02s Sys=0.00s Real=0.02s
[187.289s][info][gc,start       ] GC(1171) Pause Young (Normal) (G1 Evacuation Pause)
[187.289s][info][gc,task        ] GC(1171) Using 12 workers of 33 for evacuation
[187.305s][info][gc,phases      ] GC(1171)   Pre Evacuate Collection Set: 0.1ms
[187.305s][info][gc,phases      ] GC(1171)   Merge Heap Roots: 0.2ms
[187.305s][info][gc,phases      ] GC(1171)   Evacuate Collection Set: 15.1ms
[187.305s][info][gc,phases      ] GC(1171)   Post Evacuate Collection Set: 0.4ms
[187.305s][info][gc,phases      ] GC(1171)   Other: 0.1ms
[187.305s][info][gc,heap        ] GC(1171) Eden regions: 70->0(54)
[187.305s][info][gc,heap        ] GC(1171) Survivor regions: 8->10(10)
[187.305s][info][gc,heap        ] GC(1171) Old regions: 363->393
[187.305s][info][gc,heap        ] GC(1171) Archive regions: 0->0
[187.306s][info][gc,heap        ] GC(1171) Humongous regions: 0->0
[187.306s][info][gc,metaspace   ] GC(1171) Metaspace: 16792K(17472K)->16792K(17472K) NonClass: 14371K(14784K)->14371K(14784K) Class: 2420K(2688K)->2420K(2688K)
[187.306s][info][gc             ] GC(1171) Pause Young (Normal) (G1 Evacuation Pause) 440M->402M(512M) 16.435ms
[187.306s][info][gc,cpu         ] GC(1171) User=0.16s Sys=0.03s Real=0.02s
[187.314s][info][gc,marking     ] GC(1168) Concurrent Rebuild Remembered Sets and Scrub Regions 144.045ms
[187.314s][info][gc,start       ] GC(1168) Pause Cleanup
[187.315s][info][gc             ] GC(1168) Pause Cleanup 412M->412M(512M) 0.351ms
[187.315s][info][gc,cpu         ] GC(1168) User=0.00s Sys=0.00s Real=0.00s
[187.315s][info][gc,marking     ] GC(1168) Concurrent Clear Claimed Marks
[187.315s][info][gc,marking     ] GC(1168) Concurrent Clear Claimed Marks 0.021ms
[187.315s][info][gc,marking     ] GC(1168) Concurrent Cleanup for Next Mark
[187.316s][info][gc,marking     ] GC(1168) Concurrent Cleanup for Next Mark 0.594ms
[187.316s][info][gc             ] GC(1168) Concurrent Mark Cycle 255.276ms
[187.353s][info][gc,start       ] GC(1172) Pause Young (Prepare Mixed) (G1 Evacuation Pause)
[187.353s][info][gc,task        ] GC(1172) Using 12 workers of 33 for evacuation
[187.379s][info][gc,phases      ] GC(1172)   Pre Evacuate Collection Set: 0.1ms
[187.379s][info][gc,phases      ] GC(1172)   Merge Heap Roots: 0.6ms
[187.379s][info][gc,phases      ] GC(1172)   Evacuate Collection Set: 24.8ms
[187.379s][info][gc,phases      ] GC(1172)   Post Evacuate Collection Set: 0.3ms
[187.379s][info][gc,phases      ] GC(1172)   Other: 0.1ms
[187.379s][info][gc,heap        ] GC(1172) Eden regions: 54->0(41)
[187.379s][info][gc,heap        ] GC(1172) Survivor regions: 10->8(8)
[187.379s][info][gc,heap        ] GC(1172) Old regions: 393->421
[187.379s][info][gc,heap        ] GC(1172) Archive regions: 0->0
[187.379s][info][gc,heap        ] GC(1172) Humongous regions: 0->0
[187.379s][info][gc,metaspace   ] GC(1172) Metaspace: 16792K(17472K)->16792K(17472K) NonClass: 14371K(14784K)->14371K(14784K) Class: 2420K(2688K)->2420K(2688K)
[187.380s][info][gc             ] GC(1172) Pause Young (Prepare Mixed) (G1 Evacuation Pause) 456M->428M(512M) 26.402ms
[187.380s][info][gc,cpu         ] GC(1172) User=0.38s Sys=0.00s Real=0.03s
[187.415s][info][gc,start       ] GC(1173) Pause Young (Mixed) (G1 Evacuation Pause)
[187.415s][info][gc,task        ] GC(1173) Using 12 workers of 33 for evacuation
[187.432s][info][gc,phases      ] GC(1173)   Pre Evacuate Collection Set: 0.1ms
[187.432s][info][gc,phases      ] GC(1173)   Merge Heap Roots: 0.1ms
[187.432s][info][gc,phases      ] GC(1173)   Evacuate Collection Set: 16.0ms
[187.432s][info][gc,phases      ] GC(1173)   Post Evacuate Collection Set: 0.3ms
[187.432s][info][gc,phases      ] GC(1173)   Other: 0.1ms
[187.432s][info][gc,heap        ] GC(1173) Eden regions: 41->0(33)
[187.432s][info][gc,heap        ] GC(1173) Survivor regions: 8->7(7)
[187.432s][info][gc,heap        ] GC(1173) Old regions: 421->437
[187.432s][info][gc,heap        ] GC(1173) Archive regions: 0->0
[187.432s][info][gc,heap        ] GC(1173) Humongous regions: 0->0
[187.432s][info][gc,metaspace   ] GC(1173) Metaspace: 16792K(17472K)->16792K(17472K) NonClass: 14371K(14784K)->14371K(14784K) Class: 2420K(2688K)->2420K(2688K)
[187.432s][info][gc             ] GC(1173) Pause Young (Mixed) (G1 Evacuation Pause) 469M->443M(512M) 16.903ms
[187.432s][info][gc,cpu         ] GC(1173) User=0.19s Sys=0.00s Real=0.02s
[187.470s][info][gc,start       ] GC(1174) Pause Young (Concurrent Start) (G1 Evacuation Pause)
[187.470s][info][gc,task        ] GC(1174) Using 12 workers of 33 for evacuation
[187.483s][info][gc,phases      ] GC(1174)   Pre Evacuate Collection Set: 0.2ms
[187.483s][info][gc,phases      ] GC(1174)   Merge Heap Roots: 0.1ms
[187.483s][info][gc,phases      ] GC(1174)   Evacuate Collection Set: 11.7ms
[187.483s][info][gc,phases      ] GC(1174)   Post Evacuate Collection Set: 0.4ms
[187.483s][info][gc,phases      ] GC(1174)   Other: 0.1ms
[187.483s][info][gc,heap        ] GC(1174) Eden regions: 33->0(20)
[187.483s][info][gc,heap        ] GC(1174) Survivor regions: 7->5(5)
[187.483s][info][gc,heap        ] GC(1174) Old regions: 437->456
[187.483s][info][gc,heap        ] GC(1174) Archive regions: 0->0
[187.483s][info][gc,heap        ] GC(1174) Humongous regions: 0->0
[187.483s][info][gc,metaspace   ] GC(1174) Metaspace: 16792K(17472K)->16792K(17472K) NonClass: 14371K(14784K)->14371K(14784K) Class: 2420K(2688K)->2420K(2688K)
[187.483s][info][gc             ] GC(1174) Pause Young (Concurrent Start) (G1 Evacuation Pause) 476M->460M(512M) 13.025ms
[187.483s][info][gc             ] GC(1175) Concurrent Mark Cycle
[187.483s][info][gc,cpu         ] GC(1174) User=0.19s Sys=0.00s Real=0.02s
[187.483s][info][gc,marking     ] GC(1175) Concurrent Scan Root Regions
[187.493s][info][gc,marking     ] GC(1175) Concurrent Scan Root Regions 9.965ms
[187.493s][info][gc,marking     ] GC(1175) Concurrent Mark
[187.493s][info][gc,marking     ] GC(1175) Concurrent Mark From Roots
[187.493s][info][gc,task        ] GC(1175) Using 8 workers of 8 for marking
[187.512s][info][gc,start       ] GC(1176) Pause Young (Normal) (G1 Evacuation Pause)
[187.512s][info][gc,task        ] GC(1176) Using 12 workers of 33 for evacuation
[187.519s][info][gc,phases      ] GC(1176)   Pre Evacuate Collection Set: 0.1ms
[187.519s][info][gc,phases      ] GC(1176)   Merge Heap Roots: 0.1ms
[187.519s][info][gc,phases      ] GC(1176)   Evacuate Collection Set: 6.2ms
[187.519s][info][gc,phases      ] GC(1176)   Post Evacuate Collection Set: 0.3ms
[187.519s][info][gc,phases      ] GC(1176)   Other: 0.1ms
[187.519s][info][gc,heap        ] GC(1176) Eden regions: 20->0(21)
[187.519s][info][gc,heap        ] GC(1176) Survivor regions: 5->4(4)
[187.519s][info][gc,heap        ] GC(1176) Old regions: 456->468
[187.519s][info][gc,heap        ] GC(1176) Archive regions: 0->0
[187.519s][info][gc,heap        ] GC(1176) Humongous regions: 0->0
[187.520s][info][gc,metaspace   ] GC(1176) Metaspace: 16792K(17472K)->16792K(17472K) NonClass: 14371K(14784K)->14371K(14784K) Class: 2420K(2688K)->2420K(2688K)
[187.520s][info][gc             ] GC(1176) Pause Young (Normal) (G1 Evacuation Pause) 480M->471M(512M) 7.241ms
[187.520s][info][gc,cpu         ] GC(1176) User=0.19s Sys=0.00s Real=0.02s
[187.541s][info][gc,start       ] GC(1177) Pause Young (Normal) (G1 Evacuation Pause)
[187.541s][info][gc,task        ] GC(1177) Using 12 workers of 33 for evacuation
[187.546s][info][gc,phases      ] GC(1177)   Pre Evacuate Collection Set: 0.1ms
[187.546s][info][gc,phases      ] GC(1177)   Merge Heap Roots: 0.0ms
[187.546s][info][gc,phases      ] GC(1177)   Evacuate Collection Set: 4.0ms
[187.546s][info][gc,phases      ] GC(1177)   Post Evacuate Collection Set: 0.3ms
[187.546s][info][gc,phases      ] GC(1177)   Other: 0.1ms
[187.546s][info][gc,heap        ] GC(1177) Eden regions: 21->0(21)
[187.546s][info][gc,heap        ] GC(1177) Survivor regions: 4->4(4)
[187.546s][info][gc,heap        ] GC(1177) Old regions: 468->478
[187.546s][info][gc,heap        ] GC(1177) Archive regions: 0->0
[187.546s][info][gc,heap        ] GC(1177) Humongous regions: 0->0
[187.546s][info][gc,metaspace   ] GC(1177) Metaspace: 16792K(17472K)->16792K(17472K) NonClass: 14371K(14784K)->14371K(14784K) Class: 2420K(2688K)->2420K(2688K)
[187.546s][info][gc             ] GC(1177) Pause Young (Normal) (G1 Evacuation Pause) 492M->481M(512M) 5.064ms
[187.546s][info][gc,cpu         ] GC(1177) User=0.19s Sys=0.00s Real=0.02s
[187.568s][info][gc,start       ] GC(1178) Pause Young (Normal) (G1 Evacuation Pause)
[187.568s][info][gc,task        ] GC(1178) Using 12 workers of 33 for evacuation
[187.574s][info][gc,phases      ] GC(1178)   Pre Evacuate Collection Set: 0.1ms
[187.574s][info][gc,phases      ] GC(1178)   Merge Heap Roots: 0.1ms
[187.574s][info][gc,phases      ] GC(1178)   Evacuate Collection Set: 4.3ms
[187.574s][info][gc,phases      ] GC(1178)   Post Evacuate Collection Set: 0.7ms
[187.574s][info][gc,phases      ] GC(1178)   Other: 0.1ms
[187.574s][info][gc,heap        ] GC(1178) Eden regions: 21->0(0)
[187.574s][info][gc,heap        ] GC(1178) Survivor regions: 4->4(4)
[187.574s][info][gc,heap        ] GC(1178) Old regions: 478->507
[187.574s][info][gc,heap        ] GC(1178) Archive regions: 0->0
[187.574s][info][gc,heap        ] GC(1178) Humongous regions: 0->0
[187.574s][info][gc,metaspace   ] GC(1178) Metaspace: 16792K(17472K)->16792K(17472K) NonClass: 14371K(14784K)->14371K(14784K) Class: 2420K(2688K)->2420K(2688K)
[187.574s][info][gc             ] GC(1178) Pause Young (Normal) (G1 Evacuation Pause) (Evacuation Failure) 502M->510M(512M) 5.743ms
[187.574s][info][gc,cpu         ] GC(1178) User=0.00s Sys=0.00s Real=0.00s
[187.574s][info][gc,ergo        ] Attempting full compaction
[187.574s][info][gc,start       ] GC(1179) Pause Full (G1 Compaction Pause)
[187.574s][info][gc,task        ] GC(1179) Using 12 workers of 33 for full compaction
[187.575s][info][gc,phases,start] GC(1179) Phase 1: Mark live objects
[187.684s][info][gc,phases      ] GC(1179) Phase 1: Mark live objects 109.349ms
[187.684s][info][gc,phases,start] GC(1179) Phase 2: Prepare compaction
[187.702s][info][gc,phases      ] GC(1179) Phase 2: Prepare compaction 17.808ms
[187.702s][info][gc,phases,start] GC(1179) Phase 3: Adjust pointers
[187.730s][info][gc,phases      ] GC(1179) Phase 3: Adjust pointers 27.844ms
[187.730s][info][gc,phases,start] GC(1179) Phase 4: Compact heap
[187.747s][info][gc,phases      ] GC(1179) Phase 4: Compact heap 16.248ms
[187.750s][info][gc,heap        ] GC(1179) Eden regions: 0->0(34)
[187.750s][info][gc,heap        ] GC(1179) Survivor regions: 4->0(4)
[187.750s][info][gc,heap        ] GC(1179) Old regions: 507->444
[187.750s][info][gc,heap        ] GC(1179) Archive regions: 0->0
[187.750s][info][gc,heap        ] GC(1179) Humongous regions: 0->0
[187.750s][info][gc,metaspace   ] GC(1179) Metaspace: 16792K(17472K)->16792K(17472K) NonClass: 14371K(14784K)->14371K(14784K) Class: 2420K(2688K)->2420K(2688K)
[187.750s][info][gc             ] GC(1179) Pause Full (G1 Compaction Pause) 510M->439M(512M) 175.962ms
[187.750s][info][gc,cpu         ] GC(1179) User=2.08s Sys=0.00s Real=0.19s
[187.750s][info][gc,marking     ] GC(1175) Concurrent Mark From Roots 256.961ms
[187.750s][info][gc,marking     ] GC(1175) Concurrent Mark Abort
[187.750s][info][gc             ] GC(1175) Concurrent Mark Cycle 267.141ms
[187.767s][info][gc,start       ] GC(1180) Pause Young (Concurrent Start) (G1 Humongous Allocation)
[187.767s][info][gc,task        ] GC(1180) Using 12 workers of 33 for evacuation
[187.769s][info][gc,phases      ] GC(1180)   Pre Evacuate Collection Set: 0.2ms
[187.769s][info][gc,phases      ] GC(1180)   Merge Heap Roots: 0.0ms
[187.769s][info][gc,phases      ] GC(1180)   Evacuate Collection Set: 2.3ms
[187.769s][info][gc,phases      ] GC(1180)   Post Evacuate Collection Set: 0.3ms
[187.770s][info][gc,phases      ] GC(1180)   Other: 0.1ms
[187.770s][info][gc,heap        ] GC(1180) Eden regions: 13->0(29)
[187.770s][info][gc,heap        ] GC(1180) Survivor regions: 0->5(5)
[187.770s][info][gc,heap        ] GC(1180) Old regions: 444->446
[187.770s][info][gc,heap        ] GC(1180) Archive regions: 0->0
[187.770s][info][gc,heap        ] GC(1180) Humongous regions: 0->0
[187.770s][info][gc,metaspace   ] GC(1180) Metaspace: 16792K(17472K)->16792K(17472K) NonClass: 14371K(14784K)->14371K(14784K) Class: 2420K(2688K)->2420K(2688K)
[187.770s][info][gc             ] GC(1180) Pause Young (Concurrent Start) (G1 Humongous Allocation) 451M->445M(512M) 3.087ms
[187.770s][info][gc             ] GC(1181) Concurrent Mark Cycle
[187.770s][info][gc,cpu         ] GC(1180) User=0.00s Sys=0.00s Real=0.00s
[187.770s][info][gc,marking     ] GC(1181) Concurrent Scan Root Regions
[187.777s][info][gc,marking     ] GC(1181) Concurrent Scan Root Regions 6.922ms
[187.777s][info][gc,marking     ] GC(1181) Concurrent Mark
[187.777s][info][gc,marking     ] GC(1181) Concurrent Mark From Roots
[187.777s][info][gc,task        ] GC(1181) Using 8 workers of 8 for marking
[187.914s][info][gc,marking     ] GC(1181) Concurrent Mark From Roots 137.503ms
[187.914s][info][gc,marking     ] GC(1181) Concurrent Preclean
[187.914s][info][gc,marking     ] GC(1181) Concurrent Preclean 0.048ms
[187.914s][info][gc,start       ] GC(1181) Pause Remark
[187.915s][info][gc             ] GC(1181) Pause Remark 469M->469M(512M) 0.717ms
[187.915s][info][gc,cpu         ] GC(1181) User=0.00s Sys=0.00s Real=0.00s
[187.915s][info][gc,marking     ] GC(1181) Concurrent Mark 138.503ms
[187.915s][info][gc,marking     ] GC(1181) Concurrent Rebuild Remembered Sets and Scrub Regions
[187.957s][info][gc,marking     ] GC(1181) Concurrent Rebuild Remembered Sets and Scrub Regions 41.408ms
[187.957s][info][gc,start       ] GC(1181) Pause Cleanup
[187.957s][info][gc             ] GC(1181) Pause Cleanup 472M->472M(512M) 0.220ms
[187.957s][info][gc,cpu         ] GC(1181) User=0.00s Sys=0.00s Real=0.00s
[187.957s][info][gc,marking     ] GC(1181) Concurrent Clear Claimed Marks
[187.957s][info][gc,marking     ] GC(1181) Concurrent Clear Claimed Marks 0.041ms
[187.957s][info][gc,marking     ] GC(1181) Concurrent Cleanup for Next Mark
[187.957s][info][gc,marking     ] GC(1181) Concurrent Cleanup for Next Mark 0.279ms
[187.957s][info][gc             ] GC(1181) Concurrent Mark Cycle 187.821ms
[188.020s][info][gc,start       ] GC(1182) Pause Young (Prepare Mixed) (G1 Evacuation Pause)
[188.020s][info][gc,task        ] GC(1182) Using 12 workers of 33 for evacuation
[188.054s][info][gc,phases      ] GC(1182)   Pre Evacuate Collection Set: 0.1ms
[188.055s][info][gc,phases      ] GC(1182)   Merge Heap Roots: 2.5ms
[188.055s][info][gc,phases      ] GC(1182)   Evacuate Collection Set: 31.3ms
[188.055s][info][gc,phases      ] GC(1182)   Post Evacuate Collection Set: 0.4ms
[188.055s][info][gc,phases      ] GC(1182)   Other: 0.1ms
[188.055s][info][gc,heap        ] GC(1182) Eden regions: 29->0(20)
[188.055s][info][gc,heap        ] GC(1182) Survivor regions: 5->5(5)
[188.055s][info][gc,heap        ] GC(1182) Old regions: 446->467
[188.055s][info][gc,heap        ] GC(1182) Archive regions: 0->0
[188.055s][info][gc,heap        ] GC(1182) Humongous regions: 3->3
[188.055s][info][gc,metaspace   ] GC(1182) Metaspace: 16792K(17472K)->16792K(17472K) NonClass: 14371K(14784K)->14371K(14784K) Class: 2420K(2688K)->2420K(2688K)
[188.055s][info][gc             ] GC(1182) Pause Young (Prepare Mixed) (G1 Evacuation Pause) 477M->469M(512M) 34.947ms
[188.055s][info][gc,cpu         ] GC(1182) User=0.38s Sys=0.00s Real=0.03s
[188.173s][info][gc,start       ] GC(1183) Pause Young (Mixed) (G1 Evacuation Pause)
[188.173s][info][gc,task        ] GC(1183) Using 12 workers of 33 for evacuation
[188.212s][info][gc,phases      ] GC(1183)   Pre Evacuate Collection Set: 0.1ms
[188.212s][info][gc,phases      ] GC(1183)   Merge Heap Roots: 2.9ms
[188.212s][info][gc,phases      ] GC(1183)   Evacuate Collection Set: 35.3ms
[188.212s][info][gc,phases      ] GC(1183)   Post Evacuate Collection Set: 0.8ms
[188.212s][info][gc,phases      ] GC(1183)   Other: 0.1ms
[188.212s][info][gc,heap        ] GC(1183) Eden regions: 20->0(2)
[188.212s][info][gc,heap        ] GC(1183) Survivor regions: 5->4(4)
[188.212s][info][gc,heap        ] GC(1183) Old regions: 467->499
[188.212s][info][gc,heap        ] GC(1183) Archive regions: 0->0
[188.212s][info][gc,heap        ] GC(1183) Humongous regions: 3->3
[188.212s][info][gc,metaspace   ] GC(1183) Metaspace: 16792K(17472K)->16792K(17472K) NonClass: 14371K(14784K)->14371K(14784K) Class: 2420K(2688K)->2420K(2688K)
[188.212s][info][gc             ] GC(1183) Pause Young (Mixed) (G1 Evacuation Pause) (Evacuation Failure) 489M->503M(512M) 39.441ms
[188.213s][info][gc,cpu         ] GC(1183) User=0.56s Sys=0.00s Real=0.05s
[188.217s][info][gc,start       ] GC(1184) Pause Young (Concurrent Start) (G1 Evacuation Pause)
[188.217s][info][gc,task        ] GC(1184) Using 12 workers of 33 for evacuation
[188.228s][info][gc,phases      ] GC(1184)   Pre Evacuate Collection Set: 0.2ms
[188.228s][info][gc,phases      ] GC(1184)   Merge Heap Roots: 0.5ms
[188.228s][info][gc,phases      ] GC(1184)   Evacuate Collection Set: 9.3ms
[188.228s][info][gc,phases      ] GC(1184)   Post Evacuate Collection Set: 0.6ms
[188.228s][info][gc,phases      ] GC(1184)   Other: 0.1ms
[188.228s][info][gc,heap        ] GC(1184) Eden regions: 2->0(0)
[188.228s][info][gc,heap        ] GC(1184) Survivor regions: 4->1(1)
[188.228s][info][gc,heap        ] GC(1184) Old regions: 499->508
[188.228s][info][gc,heap        ] GC(1184) Archive regions: 0->0
[188.228s][info][gc,heap        ] GC(1184) Humongous regions: 3->3
[188.228s][info][gc,metaspace   ] GC(1184) Metaspace: 16792K(17472K)->16792K(17472K) NonClass: 14371K(14784K)->14371K(14784K) Class: 2420K(2688K)->2420K(2688K)
[188.228s][info][gc             ] GC(1184) Pause Young (Concurrent Start) (G1 Evacuation Pause) (Evacuation Failure) 505M->509M(512M) 11.139ms
[188.228s][info][gc             ] GC(1185) Concurrent Mark Cycle
[188.228s][info][gc,cpu         ] GC(1184) User=0.19s Sys=0.00s Real=0.02s
[188.228s][info][gc,marking     ] GC(1185) Concurrent Scan Root Regions
[188.229s][info][gc,ergo        ] Attempting full compaction
[188.229s][info][gc,start       ] GC(1186) Pause Full (G1 Compaction Pause)
[188.229s][info][gc,task        ] GC(1186) Using 12 workers of 33 for full compaction
[188.231s][info][gc,marking     ] GC(1185) Concurrent Scan Root Regions 3.009ms
[188.232s][info][gc,marking     ] GC(1185) Concurrent Mark
[188.232s][info][gc,marking     ] GC(1185) Concurrent Mark From Roots
[188.232s][info][gc,task        ] GC(1185) Using 8 workers of 8 for marking
[188.232s][info][gc,phases,start] GC(1186) Phase 1: Mark live objects
[188.388s][info][gc,phases      ] GC(1186) Phase 1: Mark live objects 156.221ms
[188.388s][info][gc,phases,start] GC(1186) Phase 2: Prepare compaction
[188.404s][info][gc,phases      ] GC(1186) Phase 2: Prepare compaction 15.992ms
[188.404s][info][gc,phases,start] GC(1186) Phase 3: Adjust pointers
[188.425s][info][gc,phases      ] GC(1186) Phase 3: Adjust pointers 20.855ms
[188.425s][info][gc,phases,start] GC(1186) Phase 4: Compact heap
[188.427s][info][gc,phases      ] GC(1186) Phase 4: Compact heap 2.329ms
[188.430s][info][gc,heap        ] GC(1186) Eden regions: 0->0(25)
[188.430s][info][gc,heap        ] GC(1186) Survivor regions: 1->0(1)
[188.430s][info][gc,heap        ] GC(1186) Old regions: 508->484
[188.430s][info][gc,heap        ] GC(1186) Archive regions: 0->0
[188.430s][info][gc,heap        ] GC(1186) Humongous regions: 3->3
[188.430s][info][gc,metaspace   ] GC(1186) Metaspace: 16792K(17472K)->16792K(17472K) NonClass: 14371K(14784K)->14371K(14784K) Class: 2420K(2688K)->2420K(2688K)
[188.430s][info][gc             ] GC(1186) Pause Full (G1 Compaction Pause) 509M->481M(512M) 201.158ms
[188.430s][info][gc,cpu         ] GC(1186) User=2.44s Sys=0.00s Real=0.19s
[188.430s][info][gc,marking     ] GC(1185) Concurrent Mark From Roots 198.291ms
[188.430s][info][gc,marking     ] GC(1185) Concurrent Mark Abort
[188.430s][info][gc             ] GC(1185) Concurrent Mark Cycle 201.444ms
[188.443s][info][gc,start       ] GC(1187) Pause Young (Concurrent Start) (G1 Humongous Allocation)
[188.443s][info][gc,task        ] GC(1187) Using 12 workers of 33 for evacuation
[188.451s][info][gc,phases      ] GC(1187)   Pre Evacuate Collection Set: 0.2ms
[188.451s][info][gc,phases      ] GC(1187)   Merge Heap Roots: 0.5ms
[188.451s][info][gc,phases      ] GC(1187)   Evacuate Collection Set: 6.9ms
[188.451s][info][gc,phases      ] GC(1187)   Post Evacuate Collection Set: 0.3ms
[188.451s][info][gc,phases      ] GC(1187)   Other: 0.1ms
[188.451s][info][gc,heap        ] GC(1187) Eden regions: 7->0(15)
[188.451s][info][gc,heap        ] GC(1187) Survivor regions: 0->4(4)
[188.451s][info][gc,heap        ] GC(1187) Old regions: 484->486
[188.451s][info][gc,heap        ] GC(1187) Archive regions: 0->0
[188.451s][info][gc,heap        ] GC(1187) Humongous regions: 3->3
[188.451s][info][gc,metaspace   ] GC(1187) Metaspace: 16792K(17472K)->16792K(17472K) NonClass: 14371K(14784K)->14371K(14784K) Class: 2420K(2688K)->2420K(2688K)
[188.451s][info][gc             ] GC(1187) Pause Young (Concurrent Start) (G1 Humongous Allocation) 488M->487M(512M) 8.318ms
[188.451s][info][gc             ] GC(1188) Concurrent Mark Cycle
[188.451s][info][gc,cpu         ] GC(1187) User=0.19s Sys=0.00s Real=0.02s
[188.451s][info][gc,marking     ] GC(1188) Concurrent Scan Root Regions
[188.453s][info][gc,marking     ] GC(1188) Concurrent Scan Root Regions 1.913ms
[188.453s][info][gc,marking     ] GC(1188) Concurrent Mark
[188.453s][info][gc,marking     ] GC(1188) Concurrent Mark From Roots
[188.453s][info][gc,task        ] GC(1188) Using 8 workers of 8 for marking
[188.603s][info][gc,marking     ] GC(1188) Concurrent Mark From Roots 149.468ms
[188.603s][info][gc,marking     ] GC(1188) Concurrent Preclean
[188.603s][info][gc,marking     ] GC(1188) Concurrent Preclean 0.076ms
[188.603s][info][gc,start       ] GC(1188) Pause Remark
[188.605s][info][gc             ] GC(1188) Pause Remark 494M->494M(512M) 2.331ms
[188.623s][info][gc,cpu         ] GC(1188) User=0.19s Sys=0.00s Real=0.03s
[188.623s][info][gc,marking     ] GC(1188) Concurrent Mark 169.541ms
[188.623s][info][gc,marking     ] GC(1188) Concurrent Rebuild Remembered Sets and Scrub Regions
[188.671s][info][gc,marking     ] GC(1188) Concurrent Rebuild Remembered Sets and Scrub Regions 47.830ms
[188.671s][info][gc,start       ] GC(1188) Pause Cleanup
[188.671s][info][gc             ] GC(1188) Pause Cleanup 496M->496M(512M) 0.169ms
[188.671s][info][gc,cpu         ] GC(1188) User=0.00s Sys=0.00s Real=0.00s
[188.671s][info][gc,marking     ] GC(1188) Concurrent Clear Claimed Marks
[188.671s][info][gc,marking     ] GC(1188) Concurrent Clear Claimed Marks 0.048ms
[188.671s][info][gc,marking     ] GC(1188) Concurrent Cleanup for Next Mark
[188.672s][info][gc,marking     ] GC(1188) Concurrent Cleanup for Next Mark 0.283ms
[188.672s][info][gc             ] GC(1188) Concurrent Mark Cycle 220.184ms
[188.902s][info][gc,start       ] GC(1189) Pause Young (Prepare Mixed) (G1 Evacuation Pause)
[188.902s][info][gc,task        ] GC(1189) Using 12 workers of 33 for evacuation
[188.915s][info][gc,phases      ] GC(1189)   Pre Evacuate Collection Set: 0.1ms
[188.915s][info][gc,phases      ] GC(1189)   Merge Heap Roots: 0.5ms
[188.915s][info][gc,phases      ] GC(1189)   Evacuate Collection Set: 10.8ms
[188.915s][info][gc,phases      ] GC(1189)   Post Evacuate Collection Set: 1.0ms
[188.915s][info][gc,phases      ] GC(1189)   Other: 0.1ms
[188.915s][info][gc,heap        ] GC(1189) Eden regions: 15->0(9)
[188.915s][info][gc,heap        ] GC(1189) Survivor regions: 4->1(1)
[188.915s][info][gc,heap        ] GC(1189) Old regions: 486->495
[188.915s][info][gc,heap        ] GC(1189) Archive regions: 0->0
[188.915s][info][gc,heap        ] GC(1189) Humongous regions: 6->6
[188.915s][info][gc,metaspace   ] GC(1189) Metaspace: 16787K(17472K)->16787K(17472K) NonClass: 14367K(14784K)->14367K(14784K) Class: 2419K(2688K)->2419K(2688K)
[188.915s][info][gc             ] GC(1189) Pause Young (Prepare Mixed) (G1 Evacuation Pause) (Evacuation Failure) 505M->496M(512M) 12.960ms
[188.915s][info][gc,cpu         ] GC(1189) User=0.19s Sys=0.00s Real=0.02s
[188.987s][info][gc,start       ] GC(1190) Pause Young (Mixed) (G1 Evacuation Pause)
[188.987s][info][gc,task        ] GC(1190) Using 12 workers of 33 for evacuation
[188.991s][info][gc,phases      ] GC(1190)   Pre Evacuate Collection Set: 0.1ms
[188.991s][info][gc,phases      ] GC(1190)   Merge Heap Roots: 0.1ms
[188.991s][info][gc,phases      ] GC(1190)   Evacuate Collection Set: 2.9ms
[188.991s][info][gc,phases      ] GC(1190)   Post Evacuate Collection Set: 0.4ms
[188.991s][info][gc,phases      ] GC(1190)   Other: 0.1ms
[188.991s][info][gc,heap        ] GC(1190) Eden regions: 9->0(1)
[188.991s][info][gc,heap        ] GC(1190) Survivor regions: 1->1(1)
[188.991s][info][gc,heap        ] GC(1190) Old regions: 495->503
[188.991s][info][gc,heap        ] GC(1190) Archive regions: 0->0
[188.991s][info][gc,heap        ] GC(1190) Humongous regions: 6->6
[188.991s][info][gc,metaspace   ] GC(1190) Metaspace: 16787K(17472K)->16787K(17472K) NonClass: 14367K(14784K)->14367K(14784K) Class: 2419K(2688K)->2419K(2688K)
[188.991s][info][gc             ] GC(1190) Pause Young (Mixed) (G1 Evacuation Pause) (Evacuation Failure) 505M->504M(512M) 4.146ms
[188.991s][info][gc,cpu         ] GC(1190) User=0.00s Sys=0.00s Real=0.00s
[188.993s][info][gc,start       ] GC(1191) Pause Young (Concurrent Start) (G1 Evacuation Pause)
[188.993s][info][gc,task        ] GC(1191) Using 12 workers of 33 for evacuation
[188.995s][info][gc,phases      ] GC(1191)   Pre Evacuate Collection Set: 0.2ms
[188.995s][info][gc,phases      ] GC(1191)   Merge Heap Roots: 0.0ms
[188.995s][info][gc,phases      ] GC(1191)   Evacuate Collection Set: 0.8ms
[188.995s][info][gc,phases      ] GC(1191)   Post Evacuate Collection Set: 0.4ms
[188.995s][info][gc,phases      ] GC(1191)   Other: 0.1ms
[188.995s][info][gc,heap        ] GC(1191) Eden regions: 1->0(0)
[188.995s][info][gc,heap        ] GC(1191) Survivor regions: 1->1(1)
[188.995s][info][gc,heap        ] GC(1191) Old regions: 503->504
[188.995s][info][gc,heap        ] GC(1191) Archive regions: 0->0
[188.995s][info][gc,heap        ] GC(1191) Humongous regions: 6->6
[188.995s][info][gc,metaspace   ] GC(1191) Metaspace: 16787K(17472K)->16787K(17472K) NonClass: 14367K(14784K)->14367K(14784K) Class: 2419K(2688K)->2419K(2688K)
[188.995s][info][gc             ] GC(1191) Pause Young (Concurrent Start) (G1 Evacuation Pause) (Evacuation Failure) 505M->505M(512M) 2.023ms
[188.995s][info][gc,cpu         ] GC(1191) User=0.00s Sys=0.00s Real=0.00s
[188.995s][info][gc             ] GC(1192) Concurrent Mark Cycle
[188.995s][info][gc,ergo        ] Attempting full compaction
[188.995s][info][gc,marking     ] GC(1192) Concurrent Scan Root Regions
[188.995s][info][gc,start       ] GC(1193) Pause Full (G1 Compaction Pause)
[188.995s][info][gc,task        ] GC(1193) Using 12 workers of 33 for full compaction
[189.000s][info][gc,marking     ] GC(1192) Concurrent Scan Root Regions 5.117ms
[189.000s][info][gc,marking     ] GC(1192) Concurrent Mark
[189.000s][info][gc,marking     ] GC(1192) Concurrent Mark From Roots
[189.000s][info][gc,task        ] GC(1192) Using 8 workers of 8 for marking
[189.001s][info][gc,phases,start] GC(1193) Phase 1: Mark live objects
[189.154s][info][gc,phases      ] GC(1193) Phase 1: Mark live objects 153.675ms
[189.154s][info][gc,phases,start] GC(1193) Phase 2: Prepare compaction
[189.170s][info][gc,phases      ] GC(1193) Phase 2: Prepare compaction 16.005ms
[189.170s][info][gc,phases,start] GC(1193) Phase 3: Adjust pointers
[189.191s][info][gc,phases      ] GC(1193) Phase 3: Adjust pointers 20.215ms
[189.191s][info][gc,phases,start] GC(1193) Phase 4: Compact heap
[189.193s][info][gc,phases      ] GC(1193) Phase 4: Compact heap 2.365ms
[189.195s][info][gc,heap        ] GC(1193) Eden regions: 0->0(20)
[189.195s][info][gc,heap        ] GC(1193) Survivor regions: 1->0(1)
[189.195s][info][gc,heap        ] GC(1193) Old regions: 504->489
[189.195s][info][gc,heap        ] GC(1193) Archive regions: 0->0
[189.195s][info][gc,heap        ] GC(1193) Humongous regions: 6->3
[189.195s][info][gc,metaspace   ] GC(1193) Metaspace: 16787K(17472K)->16787K(17472K) NonClass: 14367K(14784K)->14367K(14784K) Class: 2419K(2688K)->2419K(2688K)
[189.195s][info][gc             ] GC(1193) Pause Full (G1 Compaction Pause) 505M->486M(512M) 200.090ms
[189.195s][info][gc,cpu         ] GC(1193) User=2.44s Sys=0.00s Real=0.20s
[189.195s][info][gc,marking     ] GC(1192) Concurrent Mark From Roots 195.066ms
[189.195s][info][gc,marking     ] GC(1192) Concurrent Mark Abort
[189.195s][info][gc             ] GC(1192) Concurrent Mark Cycle 200.392ms
[189.228s][info][gc,start       ] GC(1194) Pause Young (Normal) (G1 Evacuation Pause)
[189.228s][info][gc,task        ] GC(1194) Using 12 workers of 33 for evacuation
[189.231s][info][gc,phases      ] GC(1194)   Pre Evacuate Collection Set: 0.1ms
[189.231s][info][gc,phases      ] GC(1194)   Merge Heap Roots: 0.0ms
[189.231s][info][gc,phases      ] GC(1194)   Evacuate Collection Set: 1.9ms
[189.231s][info][gc,phases      ] GC(1194)   Post Evacuate Collection Set: 0.9ms
[189.231s][info][gc,phases      ] GC(1194)   Other: 0.1ms
[189.231s][info][gc,heap        ] GC(1194) Eden regions: 20->0(0)
[189.231s][info][gc,heap        ] GC(1194) Survivor regions: 0->0(0)
[189.231s][info][gc,heap        ] GC(1194) Old regions: 489->509
[189.231s][info][gc,heap        ] GC(1194) Archive regions: 0->0
[189.231s][info][gc,heap        ] GC(1194) Humongous regions: 3->3
[189.231s][info][gc,metaspace   ] GC(1194) Metaspace: 16787K(17472K)->16787K(17472K) NonClass: 14367K(14784K)->14367K(14784K) Class: 2419K(2688K)->2419K(2688K)
[189.231s][info][gc             ] GC(1194) Pause Young (Normal) (G1 Evacuation Pause) (Evacuation Failure) 506M->506M(512M) 3.184ms
[189.231s][info][gc,cpu         ] GC(1194) User=0.00s Sys=0.00s Real=0.00s
[189.231s][info][gc,ergo        ] Attempting full compaction
[189.231s][info][gc,start       ] GC(1195) Pause Full (G1 Compaction Pause)
[189.231s][info][gc,task        ] GC(1195) Using 12 workers of 33 for full compaction
[189.232s][info][gc,phases,start] GC(1195) Phase 1: Mark live objects
[189.420s][info][gc,phases      ] GC(1195) Phase 1: Mark live objects 188.690ms
[189.420s][info][gc,phases,start] GC(1195) Phase 2: Prepare compaction
[189.436s][info][gc,phases      ] GC(1195) Phase 2: Prepare compaction 15.741ms
[189.436s][info][gc,phases,start] GC(1195) Phase 3: Adjust pointers
[189.456s][info][gc,phases      ] GC(1195) Phase 3: Adjust pointers 20.258ms
[189.457s][info][gc,phases,start] GC(1195) Phase 4: Compact heap
[189.459s][info][gc,phases      ] GC(1195) Phase 4: Compact heap 2.739ms
[189.462s][info][gc,heap        ] GC(1195) Eden regions: 0->0(23)
[189.462s][info][gc,heap        ] GC(1195) Survivor regions: 0->0(0)
[189.462s][info][gc,heap        ] GC(1195) Old regions: 509->486
[189.462s][info][gc,heap        ] GC(1195) Archive regions: 0->0
[189.462s][info][gc,heap        ] GC(1195) Humongous regions: 3->3
[189.462s][info][gc,metaspace   ] GC(1195) Metaspace: 16787K(17472K)->16787K(17472K) NonClass: 14367K(14784K)->14367K(14784K) Class: 2419K(2688K)->2419K(2688K)
[189.462s][info][gc             ] GC(1195) Pause Full (G1 Compaction Pause) 506M->484M(512M) 230.179ms
[189.462s][info][gc,cpu         ] GC(1195) User=2.81s Sys=0.00s Real=0.23s
[189.496s][info][gc,start       ] GC(1196) Pause Young (Concurrent Start) (G1 Evacuation Pause)
[189.496s][info][gc,task        ] GC(1196) Using 12 workers of 33 for evacuation
[189.498s][info][gc,phases      ] GC(1196)   Pre Evacuate Collection Set: 0.2ms
[189.498s][info][gc,phases      ] GC(1196)   Merge Heap Roots: 0.0ms
[189.499s][info][gc,phases      ] GC(1196)   Evacuate Collection Set: 1.6ms
[189.499s][info][gc,phases      ] GC(1196)   Post Evacuate Collection Set: 0.8ms
[189.499s][info][gc,phases      ] GC(1196)   Other: 0.1ms
[189.499s][info][gc,heap        ] GC(1196) Eden regions: 23->0(0)
[189.499s][info][gc,heap        ] GC(1196) Survivor regions: 0->0(0)
[189.499s][info][gc,heap        ] GC(1196) Old regions: 486->509
[189.499s][info][gc,heap        ] GC(1196) Archive regions: 0->0
[189.499s][info][gc,heap        ] GC(1196) Humongous regions: 3->3
[189.499s][info][gc,metaspace   ] GC(1196) Metaspace: 16787K(17472K)->16787K(17472K) NonClass: 14367K(14784K)->14367K(14784K) Class: 2419K(2688K)->2419K(2688K)
[189.499s][info][gc             ] GC(1196) Pause Young (Concurrent Start) (G1 Evacuation Pause) (Evacuation Failure) 507M->507M(512M) 3.247ms
[189.499s][info][gc             ] GC(1197) Concurrent Mark Cycle
[189.499s][info][gc,cpu         ] GC(1196) User=0.00s Sys=0.00s Real=0.00s
[189.499s][info][gc,marking     ] GC(1197) Concurrent Scan Root Regions
[189.499s][info][gc,ergo        ] Attempting full compaction
[189.499s][info][gc,marking     ] GC(1197) Concurrent Scan Root Regions 0.055ms
[189.499s][info][gc,start       ] GC(1198) Pause Full (G1 Compaction Pause)
[189.499s][info][gc,marking     ] GC(1197) Concurrent Mark
[189.499s][info][gc,marking     ] GC(1197) Concurrent Mark From Roots
[189.499s][info][gc,task        ] GC(1198) Using 12 workers of 33 for full compaction
[189.499s][info][gc,task        ] GC(1197) Using 8 workers of 8 for marking
[189.500s][info][gc,phases,start] GC(1198) Phase 1: Mark live objects
[189.645s][info][gc,phases      ] GC(1198) Phase 1: Mark live objects 144.618ms
[189.645s][info][gc,phases,start] GC(1198) Phase 2: Prepare compaction
[189.661s][info][gc,phases      ] GC(1198) Phase 2: Prepare compaction 16.513ms
[189.661s][info][gc,phases,start] GC(1198) Phase 3: Adjust pointers
[189.682s][info][gc,phases      ] GC(1198) Phase 3: Adjust pointers 21.013ms
[189.682s][info][gc,phases,start] GC(1198) Phase 4: Compact heap
[189.685s][info][gc,phases      ] GC(1198) Phase 4: Compact heap 3.093ms
[189.687s][info][gc,heap        ] GC(1198) Eden regions: 0->0(24)
[189.687s][info][gc,heap        ] GC(1198) Survivor regions: 0->0(0)
[189.687s][info][gc,heap        ] GC(1198) Old regions: 509->485
[189.687s][info][gc,heap        ] GC(1198) Archive regions: 0->0
[189.687s][info][gc,heap        ] GC(1198) Humongous regions: 3->3
[189.687s][info][gc,metaspace   ] GC(1198) Metaspace: 16787K(17472K)->16787K(17472K) NonClass: 14367K(14784K)->14367K(14784K) Class: 2419K(2688K)->2419K(2688K)
[189.688s][info][gc             ] GC(1198) Pause Full (G1 Compaction Pause) 507M->481M(512M) 188.564ms
[189.688s][info][gc,cpu         ] GC(1198) User=2.44s Sys=0.00s Real=0.19s
[189.688s][info][gc,marking     ] GC(1197) Concurrent Mark From Roots 188.593ms
[189.688s][info][gc,marking     ] GC(1197) Concurrent Mark Abort
[189.688s][info][gc             ] GC(1197) Concurrent Mark Cycle 188.868ms
[189.723s][info][gc,start       ] GC(1199) Pause Young (Normal) (G1 Evacuation Pause)
[189.723s][info][gc,task        ] GC(1199) Using 12 workers of 33 for evacuation
[189.726s][info][gc,phases      ] GC(1199)   Pre Evacuate Collection Set: 0.1ms
[189.726s][info][gc,phases      ] GC(1199)   Merge Heap Roots: 0.0ms
[189.726s][info][gc,phases      ] GC(1199)   Evacuate Collection Set: 1.7ms
[189.726s][info][gc,phases      ] GC(1199)   Post Evacuate Collection Set: 0.9ms
[189.726s][info][gc,phases      ] GC(1199)   Other: 0.1ms
[189.726s][info][gc,heap        ] GC(1199) Eden regions: 24->0(0)
[189.726s][info][gc,heap        ] GC(1199) Survivor regions: 0->0(0)
[189.726s][info][gc,heap        ] GC(1199) Old regions: 485->509
[189.726s][info][gc,heap        ] GC(1199) Archive regions: 0->0
[189.726s][info][gc,heap        ] GC(1199) Humongous regions: 3->3
[189.726s][info][gc,metaspace   ] GC(1199) Metaspace: 16787K(17472K)->16787K(17472K) NonClass: 14367K(14784K)->14367K(14784K) Class: 2419K(2688K)->2419K(2688K)
[189.726s][info][gc             ] GC(1199) Pause Young (Normal) (G1 Evacuation Pause) (Evacuation Failure) 505M->505M(512M) 2.959ms
[189.726s][info][gc,cpu         ] GC(1199) User=0.00s Sys=0.00s Real=0.00s
[189.726s][info][gc,ergo        ] Attempting full compaction
[189.726s][info][gc,start       ] GC(1200) Pause Full (G1 Compaction Pause)
[189.726s][info][gc,task        ] GC(1200) Using 12 workers of 33 for full compaction
[189.727s][info][gc,phases,start] GC(1200) Phase 1: Mark live objects
[189.869s][info][gc,phases      ] GC(1200) Phase 1: Mark live objects 142.011ms
[189.869s][info][gc,phases,start] GC(1200) Phase 2: Prepare compaction
[189.884s][info][gc,phases      ] GC(1200) Phase 2: Prepare compaction 15.889ms
[189.885s][info][gc,phases,start] GC(1200) Phase 3: Adjust pointers
[189.905s][info][gc,phases      ] GC(1200) Phase 3: Adjust pointers 20.652ms
[189.905s][info][gc,phases,start] GC(1200) Phase 4: Compact heap
[189.908s][info][gc,phases      ] GC(1200) Phase 4: Compact heap 3.162ms
[189.911s][info][gc,heap        ] GC(1200) Eden regions: 0->0(25)
[189.911s][info][gc,heap        ] GC(1200) Survivor regions: 0->0(0)
[189.911s][info][gc,heap        ] GC(1200) Old regions: 509->481
[189.911s][info][gc,heap        ] GC(1200) Archive regions: 0->0
[189.911s][info][gc,heap        ] GC(1200) Humongous regions: 3->3
[189.911s][info][gc,metaspace   ] GC(1200) Metaspace: 16787K(17472K)->16787K(17472K) NonClass: 14367K(14784K)->14367K(14784K) Class: 2419K(2688K)->2419K(2688K)
[189.911s][info][gc             ] GC(1200) Pause Full (G1 Compaction Pause) 505M->478M(512M) 184.351ms
[189.911s][info][gc,cpu         ] GC(1200) User=2.17s Sys=0.00s Real=0.19s
[189.948s][info][gc,start       ] GC(1201) Pause Young (Concurrent Start) (G1 Evacuation Pause)
[189.948s][info][gc,task        ] GC(1201) Using 12 workers of 33 for evacuation
[189.950s][info][gc,phases      ] GC(1201)   Pre Evacuate Collection Set: 0.2ms
[189.950s][info][gc,phases      ] GC(1201)   Merge Heap Roots: 0.0ms
[189.950s][info][gc,phases      ] GC(1201)   Evacuate Collection Set: 1.3ms
[189.950s][info][gc,phases      ] GC(1201)   Post Evacuate Collection Set: 0.3ms
[189.950s][info][gc,phases      ] GC(1201)   Other: 0.1ms
[189.950s][info][gc,heap        ] GC(1201) Eden regions: 25->0(22)
[189.950s][info][gc,heap        ] GC(1201) Survivor regions: 0->3(3)
[189.950s][info][gc,heap        ] GC(1201) Old regions: 481->481
[189.950s][info][gc,heap        ] GC(1201) Archive regions: 0->0
[189.951s][info][gc,heap        ] GC(1201) Humongous regions: 3->3
[189.951s][info][gc,metaspace   ] GC(1201) Metaspace: 16787K(17472K)->16787K(17472K) NonClass: 14367K(14784K)->14367K(14784K) Class: 2419K(2688K)->2419K(2688K)
[189.951s][info][gc             ] GC(1201) Pause Young (Concurrent Start) (G1 Evacuation Pause) 503M->481M(512M) 2.416ms
[189.951s][info][gc,cpu         ] GC(1201) User=0.00s Sys=0.00s Real=0.00s
[189.951s][info][gc             ] GC(1202) Concurrent Mark Cycle
[189.951s][info][gc,marking     ] GC(1202) Concurrent Scan Root Regions
[189.965s][info][gc,marking     ] GC(1202) Concurrent Scan Root Regions 14.465ms
[189.965s][info][gc,marking     ] GC(1202) Concurrent Mark
[189.965s][info][gc,marking     ] GC(1202) Concurrent Mark From Roots
[189.965s][info][gc,task        ] GC(1202) Using 8 workers of 8 for marking
[190.006s][info][gc,start       ] GC(1203) Pause Young (Normal) (G1 Evacuation Pause)
[190.006s][info][gc,task        ] GC(1203) Using 12 workers of 33 for evacuation
[190.008s][info][gc,phases      ] GC(1203)   Pre Evacuate Collection Set: 0.1ms
[190.008s][info][gc,phases      ] GC(1203)   Merge Heap Roots: 0.0ms
[190.008s][info][gc,phases      ] GC(1203)   Evacuate Collection Set: 1.3ms
[190.008s][info][gc,phases      ] GC(1203)   Post Evacuate Collection Set: 0.2ms
[190.008s][info][gc,phases      ] GC(1203)   Other: 0.1ms
[190.008s][info][gc,heap        ] GC(1203) Eden regions: 22->0(22)
[190.008s][info][gc,heap        ] GC(1203) Survivor regions: 3->2(3)
[190.008s][info][gc,heap        ] GC(1203) Old regions: 481->483
[190.008s][info][gc,heap        ] GC(1203) Archive regions: 0->0
[190.008s][info][gc,heap        ] GC(1203) Humongous regions: 3->3
[190.008s][info][gc,metaspace   ] GC(1203) Metaspace: 16787K(17472K)->16787K(17472K) NonClass: 14367K(14784K)->14367K(14784K) Class: 2419K(2688K)->2419K(2688K)
[190.008s][info][gc             ] GC(1203) Pause Young (Normal) (G1 Evacuation Pause) (Evacuation Failure) 503M->482M(512M) 1.918ms
[190.008s][info][gc,cpu         ] GC(1203) User=0.00s Sys=0.00s Real=0.00s
[190.064s][info][gc,start       ] GC(1204) Pause Young (Normal) (G1 Evacuation Pause)
[190.064s][info][gc,task        ] GC(1204) Using 12 workers of 33 for evacuation
[190.066s][info][gc,phases      ] GC(1204)   Pre Evacuate Collection Set: 0.1ms
[190.066s][info][gc,phases      ] GC(1204)   Merge Heap Roots: 0.0ms
[190.066s][info][gc,phases      ] GC(1204)   Evacuate Collection Set: 1.3ms
[190.066s][info][gc,phases      ] GC(1204)   Post Evacuate Collection Set: 0.5ms
[190.066s][info][gc,phases      ] GC(1204)   Other: 0.1ms
[190.066s][info][gc,heap        ] GC(1204) Eden regions: 22->0(0)
[190.066s][info][gc,heap        ] GC(1204) Survivor regions: 2->1(2)
[190.066s][info][gc,heap        ] GC(1204) Old regions: 483->508
[190.066s][info][gc,heap        ] GC(1204) Archive regions: 0->0
[190.066s][info][gc,heap        ] GC(1204) Humongous regions: 3->3
[190.066s][info][gc,metaspace   ] GC(1204) Metaspace: 16787K(17472K)->16787K(17472K) NonClass: 14367K(14784K)->14367K(14784K) Class: 2419K(2688K)->2419K(2688K)
[190.066s][info][gc             ] GC(1204) Pause Young (Normal) (G1 Evacuation Pause) (Evacuation Failure) 504M->506M(512M) 2.531ms
[190.066s][info][gc,cpu         ] GC(1204) User=0.00s Sys=0.00s Real=0.00s
[190.066s][info][gc,ergo        ] Attempting full compaction
[190.066s][info][gc,start       ] GC(1205) Pause Full (G1 Compaction Pause)
[190.066s][info][gc,task        ] GC(1205) Using 12 workers of 33 for full compaction
[190.067s][info][gc,phases,start] GC(1205) Phase 1: Mark live objects
[190.243s][info][gc,phases      ] GC(1205) Phase 1: Mark live objects 175.819ms
[190.243s][info][gc,phases,start] GC(1205) Phase 2: Prepare compaction
[190.260s][info][gc,phases      ] GC(1205) Phase 2: Prepare compaction 16.722ms
[190.260s][info][gc,phases,start] GC(1205) Phase 3: Adjust pointers
[190.281s][info][gc,phases      ] GC(1205) Phase 3: Adjust pointers 21.190ms
[190.281s][info][gc,phases,start] GC(1205) Phase 4: Compact heap
[190.288s][info][gc,phases      ] GC(1205) Phase 4: Compact heap 6.672ms
[190.290s][info][gc,heap        ] GC(1205) Eden regions: 0->0(25)
[190.290s][info][gc,heap        ] GC(1205) Survivor regions: 1->0(2)
[190.290s][info][gc,heap        ] GC(1205) Old regions: 508->471
[190.290s][info][gc,heap        ] GC(1205) Archive regions: 0->0
[190.290s][info][gc,heap        ] GC(1205) Humongous regions: 3->3
[190.290s][info][gc,metaspace   ] GC(1205) Metaspace: 16787K(17472K)->16787K(17472K) NonClass: 14367K(14784K)->14367K(14784K) Class: 2419K(2688K)->2419K(2688K)
[190.290s][info][gc             ] GC(1205) Pause Full (G1 Compaction Pause) 506M->468M(512M) 223.867ms
[190.290s][info][gc,cpu         ] GC(1205) User=2.63s Sys=0.00s Real=0.22s
[190.290s][info][gc,marking     ] GC(1202) Concurrent Mark From Roots 324.980ms
[190.290s][info][gc,marking     ] GC(1202) Concurrent Mark Abort
[190.290s][info][gc             ] GC(1202) Concurrent Mark Cycle 339.678ms
[190.331s][info][gc,start       ] GC(1206) Pause Young (Normal) (G1 Evacuation Pause)
[190.331s][info][gc,task        ] GC(1206) Using 12 workers of 33 for evacuation
[190.333s][info][gc,phases      ] GC(1206)   Pre Evacuate Collection Set: 0.1ms
[190.333s][info][gc,phases      ] GC(1206)   Merge Heap Roots: 0.0ms
[190.333s][info][gc,phases      ] GC(1206)   Evacuate Collection Set: 1.7ms
[190.333s][info][gc,phases      ] GC(1206)   Post Evacuate Collection Set: 0.3ms
[190.333s][info][gc,phases      ] GC(1206)   Other: 0.1ms
[190.334s][info][gc,heap        ] GC(1206) Eden regions: 25->0(22)
[190.334s][info][gc,heap        ] GC(1206) Survivor regions: 0->3(4)
[190.334s][info][gc,heap        ] GC(1206) Old regions: 471->471
[190.334s][info][gc,heap        ] GC(1206) Archive regions: 0->0
[190.334s][info][gc,heap        ] GC(1206) Humongous regions: 3->3
[190.334s][info][gc,metaspace   ] GC(1206) Metaspace: 16787K(17472K)->16787K(17472K) NonClass: 14367K(14784K)->14367K(14784K) Class: 2419K(2688K)->2419K(2688K)
[190.334s][info][gc             ] GC(1206) Pause Young (Normal) (G1 Evacuation Pause) 493M->470M(512M) 2.407ms
[190.334s][info][gc,cpu         ] GC(1206) User=0.00s Sys=0.00s Real=0.00s
[190.379s][info][gc,start       ] GC(1207) Pause Young (Concurrent Start) (G1 Evacuation Pause)
[190.379s][info][gc,task        ] GC(1207) Using 12 workers of 33 for evacuation
[190.382s][info][gc,phases      ] GC(1207)   Pre Evacuate Collection Set: 0.2ms
[190.382s][info][gc,phases      ] GC(1207)   Merge Heap Roots: 0.0ms
[190.382s][info][gc,phases      ] GC(1207)   Evacuate Collection Set: 1.9ms
[190.382s][info][gc,phases      ] GC(1207)   Post Evacuate Collection Set: 0.3ms
[190.382s][info][gc,phases      ] GC(1207)   Other: 0.1ms
[190.382s][info][gc,heap        ] GC(1207) Eden regions: 22->0(22)
[190.382s][info][gc,heap        ] GC(1207) Survivor regions: 3->3(4)
[190.382s][info][gc,heap        ] GC(1207) Old regions: 471->472
[190.382s][info][gc,heap        ] GC(1207) Archive regions: 0->0
[190.382s][info][gc,heap        ] GC(1207) Humongous regions: 3->3
[190.382s][info][gc,metaspace   ] GC(1207) Metaspace: 16787K(17472K)->16787K(17472K) NonClass: 14367K(14784K)->14367K(14784K) Class: 2419K(2688K)->2419K(2688K)
[190.382s][info][gc             ] GC(1207) Pause Young (Concurrent Start) (G1 Evacuation Pause) 492M->471M(512M) 3.125ms
[190.382s][info][gc             ] GC(1208) Concurrent Mark Cycle
[190.382s][info][gc,cpu         ] GC(1207) User=0.00s Sys=0.00s Real=0.00s
[190.382s][info][gc,marking     ] GC(1208) Concurrent Scan Root Regions
[190.396s][info][gc,marking     ] GC(1208) Concurrent Scan Root Regions 13.376ms
[190.396s][info][gc,marking     ] GC(1208) Concurrent Mark
[190.396s][info][gc,marking     ] GC(1208) Concurrent Mark From Roots
[190.396s][info][gc,task        ] GC(1208) Using 8 workers of 8 for marking
[190.426s][info][gc,start       ] GC(1209) Pause Young (Normal) (G1 Evacuation Pause)
[190.426s][info][gc,task        ] GC(1209) Using 12 workers of 33 for evacuation
[190.428s][info][gc,phases      ] GC(1209)   Pre Evacuate Collection Set: 0.1ms
[190.428s][info][gc,phases      ] GC(1209)   Merge Heap Roots: 0.0ms
[190.428s][info][gc,phases      ] GC(1209)   Evacuate Collection Set: 1.3ms
[190.428s][info][gc,phases      ] GC(1209)   Post Evacuate Collection Set: 0.3ms
[190.428s][info][gc,phases      ] GC(1209)   Other: 0.1ms
[190.428s][info][gc,heap        ] GC(1209) Eden regions: 22->0(21)
[190.428s][info][gc,heap        ] GC(1209) Survivor regions: 3->4(4)
[190.428s][info][gc,heap        ] GC(1209) Old regions: 472->472
[190.428s][info][gc,heap        ] GC(1209) Archive regions: 0->0
[190.428s][info][gc,heap        ] GC(1209) Humongous regions: 3->3
[190.428s][info][gc,metaspace   ] GC(1209) Metaspace: 16787K(17472K)->16787K(17472K) NonClass: 14367K(14784K)->14367K(14784K) Class: 2419K(2688K)->2419K(2688K)
[190.429s][info][gc             ] GC(1209) Pause Young (Normal) (G1 Evacuation Pause) 493M->472M(512M) 2.313ms
[190.429s][info][gc,cpu         ] GC(1209) User=0.00s Sys=0.00s Real=0.00s
[190.483s][info][gc,start       ] GC(1210) Pause Young (Normal) (G1 Evacuation Pause)
[190.483s][info][gc,task        ] GC(1210) Using 12 workers of 33 for evacuation
[190.485s][info][gc,phases      ] GC(1210)   Pre Evacuate Collection Set: 0.1ms
[190.485s][info][gc,phases      ] GC(1210)   Merge Heap Roots: 0.0ms
[190.485s][info][gc,phases      ] GC(1210)   Evacuate Collection Set: 1.2ms
[190.485s][info][gc,phases      ] GC(1210)   Post Evacuate Collection Set: 0.3ms
[190.485s][info][gc,phases      ] GC(1210)   Other: 0.1ms
[190.485s][info][gc,heap        ] GC(1210) Eden regions: 21->0(22)
[190.485s][info][gc,heap        ] GC(1210) Survivor regions: 4->3(4)
[190.485s][info][gc,heap        ] GC(1210) Old regions: 472->473
[190.485s][info][gc,heap        ] GC(1210) Archive regions: 0->0
[190.485s][info][gc,heap        ] GC(1210) Humongous regions: 3->3
[190.485s][info][gc,metaspace   ] GC(1210) Metaspace: 16787K(17472K)->16787K(17472K) NonClass: 14367K(14784K)->14367K(14784K) Class: 2419K(2688K)->2419K(2688K)
[190.485s][info][gc             ] GC(1210) Pause Young (Normal) (G1 Evacuation Pause) 493M->472M(512M) 2.232ms
[190.485s][info][gc,cpu         ] GC(1210) User=0.19s Sys=0.00s Real=0.02s
[190.530s][info][gc,start       ] GC(1211) Pause Young (Normal) (G1 Evacuation Pause)
[190.531s][info][gc,task        ] GC(1211) Using 12 workers of 33 for evacuation
[190.532s][info][gc,phases      ] GC(1211)   Pre Evacuate Collection Set: 0.1ms
[190.532s][info][gc,phases      ] GC(1211)   Merge Heap Roots: 0.0ms
[190.532s][info][gc,phases      ] GC(1211)   Evacuate Collection Set: 1.2ms
[190.532s][info][gc,phases      ] GC(1211)   Post Evacuate Collection Set: 0.2ms
[190.532s][info][gc,phases      ] GC(1211)   Other: 0.1ms
[190.532s][info][gc,heap        ] GC(1211) Eden regions: 22->0(22)
[190.532s][info][gc,heap        ] GC(1211) Survivor regions: 3->3(4)
[190.532s][info][gc,heap        ] GC(1211) Old regions: 473->473
[190.532s][info][gc,heap        ] GC(1211) Archive regions: 0->0
[190.533s][info][gc,heap        ] GC(1211) Humongous regions: 3->3
[190.533s][info][gc,metaspace   ] GC(1211) Metaspace: 16787K(17472K)->16787K(17472K) NonClass: 14367K(14784K)->14367K(14784K) Class: 2419K(2688K)->2419K(2688K)
[190.533s][info][gc             ] GC(1211) Pause Young (Normal) (G1 Evacuation Pause) 494M->472M(512M) 2.142ms
[190.533s][info][gc,cpu         ] GC(1211) User=0.00s Sys=0.00s Real=0.00s
[190.559s][info][gc,marking     ] GC(1208) Concurrent Mark From Roots 162.776ms
[190.559s][info][gc,marking     ] GC(1208) Concurrent Preclean
[190.559s][info][gc,marking     ] GC(1208) Concurrent Preclean 0.049ms
[190.559s][info][gc,start       ] GC(1208) Pause Remark
[190.560s][info][gc             ] GC(1208) Pause Remark 486M->486M(512M) 0.947ms
[190.560s][info][gc,cpu         ] GC(1208) User=0.00s Sys=0.00s Real=0.00s
[190.560s][info][gc,marking     ] GC(1208) Concurrent Mark 164.049ms
[190.560s][info][gc,marking     ] GC(1208) Concurrent Rebuild Remembered Sets and Scrub Regions
[190.577s][info][gc,start       ] GC(1212) Pause Young (Normal) (G1 Evacuation Pause)
[190.577s][info][gc,task        ] GC(1212) Using 12 workers of 33 for evacuation
[190.579s][info][gc,phases      ] GC(1212)   Pre Evacuate Collection Set: 0.1ms
[190.579s][info][gc,phases      ] GC(1212)   Merge Heap Roots: 0.0ms
[190.579s][info][gc,phases      ] GC(1212)   Evacuate Collection Set: 1.1ms
[190.579s][info][gc,phases      ] GC(1212)   Post Evacuate Collection Set: 0.3ms
[190.579s][info][gc,phases      ] GC(1212)   Other: 0.1ms
[190.579s][info][gc,heap        ] GC(1212) Eden regions: 22->0(22)
[190.579s][info][gc,heap        ] GC(1212) Survivor regions: 3->3(4)
[190.579s][info][gc,heap        ] GC(1212) Old regions: 473->474
[190.579s][info][gc,heap        ] GC(1212) Archive regions: 0->0
[190.579s][info][gc,heap        ] GC(1212) Humongous regions: 3->3
[190.579s][info][gc,metaspace   ] GC(1212) Metaspace: 16787K(17472K)->16787K(17472K) NonClass: 14367K(14784K)->14367K(14784K) Class: 2419K(2688K)->2419K(2688K)
[190.579s][info][gc             ] GC(1212) Pause Young (Normal) (G1 Evacuation Pause) 494M->473M(512M) 2.053ms
[190.579s][info][gc,cpu         ] GC(1212) User=0.00s Sys=0.00s Real=0.00s
[190.603s][info][gc,marking     ] GC(1208) Concurrent Rebuild Remembered Sets and Scrub Regions 43.107ms
[190.603s][info][gc,start       ] GC(1208) Pause Cleanup
[190.603s][info][gc             ] GC(1208) Pause Cleanup 484M->484M(512M) 0.257ms
[190.603s][info][gc,cpu         ] GC(1208) User=0.00s Sys=0.00s Real=0.00s
[190.603s][info][gc,marking     ] GC(1208) Concurrent Clear Claimed Marks
[190.603s][info][gc,marking     ] GC(1208) Concurrent Clear Claimed Marks 0.025ms
[190.603s][info][gc,marking     ] GC(1208) Concurrent Cleanup for Next Mark
[190.604s][info][gc,marking     ] GC(1208) Concurrent Cleanup for Next Mark 0.281ms
[190.604s][info][gc             ] GC(1208) Concurrent Mark Cycle 221.478ms
[190.622s][info][gc,start       ] GC(1213) Pause Young (Prepare Mixed) (G1 Evacuation Pause)
[190.622s][info][gc,task        ] GC(1213) Using 12 workers of 33 for evacuation
[190.624s][info][gc,phases      ] GC(1213)   Pre Evacuate Collection Set: 0.1ms
[190.624s][info][gc,phases      ] GC(1213)   Merge Heap Roots: 0.0ms
[190.624s][info][gc,phases      ] GC(1213)   Evacuate Collection Set: 1.3ms
[190.624s][info][gc,phases      ] GC(1213)   Post Evacuate Collection Set: 0.3ms
[190.624s][info][gc,phases      ] GC(1213)   Other: 0.1ms
[190.624s][info][gc,heap        ] GC(1213) Eden regions: 22->0(22)
[190.624s][info][gc,heap        ] GC(1213) Survivor regions: 3->3(4)
[190.624s][info][gc,heap        ] GC(1213) Old regions: 474->474
[190.624s][info][gc,heap        ] GC(1213) Archive regions: 0->0
[190.624s][info][gc,heap        ] GC(1213) Humongous regions: 3->3
[190.624s][info][gc,metaspace   ] GC(1213) Metaspace: 16787K(17472K)->16787K(17472K) NonClass: 14367K(14784K)->14367K(14784K) Class: 2419K(2688K)->2419K(2688K)
[190.624s][info][gc             ] GC(1213) Pause Young (Prepare Mixed) (G1 Evacuation Pause) 495M->473M(512M) 2.320ms
[190.624s][info][gc,cpu         ] GC(1213) User=0.00s Sys=0.00s Real=0.00s
[190.659s][info][gc,start       ] GC(1214) Pause Young (Mixed) (G1 Evacuation Pause)
[190.660s][info][gc,task        ] GC(1214) Using 12 workers of 33 for evacuation
[190.663s][info][gc,phases      ] GC(1214)   Pre Evacuate Collection Set: 0.1ms
[190.663s][info][gc,phases      ] GC(1214)   Merge Heap Roots: 0.1ms
[190.663s][info][gc,phases      ] GC(1214)   Evacuate Collection Set: 2.8ms
[190.663s][info][gc,phases      ] GC(1214)   Post Evacuate Collection Set: 0.3ms
[190.663s][info][gc,phases      ] GC(1214)   Other: 0.1ms
[190.663s][info][gc,heap        ] GC(1214) Eden regions: 22->0(22)
[190.663s][info][gc,heap        ] GC(1214) Survivor regions: 3->3(4)
[190.663s][info][gc,heap        ] GC(1214) Old regions: 474->472
[190.663s][info][gc,heap        ] GC(1214) Archive regions: 0->0
[190.663s][info][gc,heap        ] GC(1214) Humongous regions: 3->3
[190.663s][info][gc,metaspace   ] GC(1214) Metaspace: 16787K(17472K)->16787K(17472K) NonClass: 14367K(14784K)->14367K(14784K) Class: 2419K(2688K)->2419K(2688K)
[190.663s][info][gc             ] GC(1214) Pause Young (Mixed) (G1 Evacuation Pause) 495M->473M(512M) 3.864ms
[190.663s][info][gc,cpu         ] GC(1214) User=0.00s Sys=0.00s Real=0.00s
[190.698s][info][gc,start       ] GC(1215) Pause Young (Concurrent Start) (G1 Evacuation Pause)
[190.698s][info][gc,task        ] GC(1215) Using 12 workers of 33 for evacuation
[190.701s][info][gc,phases      ] GC(1215)   Pre Evacuate Collection Set: 0.2ms
[190.701s][info][gc,phases      ] GC(1215)   Merge Heap Roots: 0.0ms
[190.701s][info][gc,phases      ] GC(1215)   Evacuate Collection Set: 1.7ms
[190.701s][info][gc,phases      ] GC(1215)   Post Evacuate Collection Set: 0.3ms
[190.701s][info][gc,phases      ] GC(1215)   Other: 0.1ms
[190.701s][info][gc,heap        ] GC(1215) Eden regions: 22->0(22)
[190.701s][info][gc,heap        ] GC(1215) Survivor regions: 3->3(4)
[190.701s][info][gc,heap        ] GC(1215) Old regions: 472->472
[190.701s][info][gc,heap        ] GC(1215) Archive regions: 0->0
[190.701s][info][gc,heap        ] GC(1215) Humongous regions: 3->3
[190.701s][info][gc,metaspace   ] GC(1215) Metaspace: 16787K(17472K)->16787K(17472K) NonClass: 14367K(14784K)->14367K(14784K) Class: 2419K(2688K)->2419K(2688K)
[190.701s][info][gc             ] GC(1215) Pause Young (Concurrent Start) (G1 Evacuation Pause) 495M->473M(512M) 2.872ms
[190.701s][info][gc             ] GC(1216) Concurrent Mark Cycle
[190.701s][info][gc,cpu         ] GC(1215) User=0.00s Sys=0.00s Real=0.00s
[190.701s][info][gc,marking     ] GC(1216) Concurrent Scan Root Regions
[190.713s][info][gc,marking     ] GC(1216) Concurrent Scan Root Regions 11.550ms
[190.713s][info][gc,marking     ] GC(1216) Concurrent Mark
[190.713s][info][gc,marking     ] GC(1216) Concurrent Mark From Roots
[190.713s][info][gc,task        ] GC(1216) Using 8 workers of 8 for marking
[190.743s][info][gc,start       ] GC(1217) Pause Young (Normal) (G1 Evacuation Pause)
[190.743s][info][gc,task        ] GC(1217) Using 12 workers of 33 for evacuation
[190.745s][info][gc,phases      ] GC(1217)   Pre Evacuate Collection Set: 0.1ms
[190.745s][info][gc,phases      ] GC(1217)   Merge Heap Roots: 0.0ms
[190.745s][info][gc,phases      ] GC(1217)   Evacuate Collection Set: 1.1ms
[190.745s][info][gc,phases      ] GC(1217)   Post Evacuate Collection Set: 0.2ms
[190.745s][info][gc,phases      ] GC(1217)   Other: 0.1ms
[190.745s][info][gc,heap        ] GC(1217) Eden regions: 22->0(22)
[190.745s][info][gc,heap        ] GC(1217) Survivor regions: 3->3(4)
[190.745s][info][gc,heap        ] GC(1217) Old regions: 472->473
[190.745s][info][gc,heap        ] GC(1217) Archive regions: 0->0
[190.745s][info][gc,heap        ] GC(1217) Humongous regions: 3->3
[190.745s][info][gc,metaspace   ] GC(1217) Metaspace: 16787K(17472K)->16787K(17472K) NonClass: 14367K(14784K)->14367K(14784K) Class: 2419K(2688K)->2419K(2688K)
[190.745s][info][gc             ] GC(1217) Pause Young (Normal) (G1 Evacuation Pause) 495M->474M(512M) 1.775ms
[190.745s][info][gc,cpu         ] GC(1217) User=0.00s Sys=0.00s Real=0.00s
[190.799s][info][gc,start       ] GC(1218) Pause Young (Normal) (G1 Evacuation Pause)
[190.799s][info][gc,task        ] GC(1218) Using 12 workers of 33 for evacuation
[190.800s][info][gc,phases      ] GC(1218)   Pre Evacuate Collection Set: 0.1ms
[190.801s][info][gc,phases      ] GC(1218)   Merge Heap Roots: 0.0ms
[190.801s][info][gc,phases      ] GC(1218)   Evacuate Collection Set: 1.3ms
[190.801s][info][gc,phases      ] GC(1218)   Post Evacuate Collection Set: 0.3ms
[190.801s][info][gc,phases      ] GC(1218)   Other: 0.1ms
[190.801s][info][gc,heap        ] GC(1218) Eden regions: 22->0(22)
[190.801s][info][gc,heap        ] GC(1218) Survivor regions: 3->3(4)
[190.801s][info][gc,heap        ] GC(1218) Old regions: 473->473
[190.801s][info][gc,heap        ] GC(1218) Archive regions: 0->0
[190.801s][info][gc,heap        ] GC(1218) Humongous regions: 3->3
[190.801s][info][gc,metaspace   ] GC(1218) Metaspace: 16787K(17472K)->16787K(17472K) NonClass: 14367K(14784K)->14367K(14784K) Class: 2419K(2688K)->2419K(2688K)
[190.801s][info][gc             ] GC(1218) Pause Young (Normal) (G1 Evacuation Pause) 496M->474M(512M) 2.343ms
[190.801s][info][gc,cpu         ] GC(1218) User=0.00s Sys=0.00s Real=0.00s
[190.844s][info][gc,start       ] GC(1219) Pause Young (Normal) (G1 Evacuation Pause)
[190.844s][info][gc,task        ] GC(1219) Using 12 workers of 33 for evacuation
[190.846s][info][gc,phases      ] GC(1219)   Pre Evacuate Collection Set: 0.1ms
[190.846s][info][gc,phases      ] GC(1219)   Merge Heap Roots: 0.0ms
[190.846s][info][gc,phases      ] GC(1219)   Evacuate Collection Set: 1.0ms
[190.846s][info][gc,phases      ] GC(1219)   Post Evacuate Collection Set: 0.3ms
[190.846s][info][gc,phases      ] GC(1219)   Other: 0.1ms
[190.846s][info][gc,heap        ] GC(1219) Eden regions: 22->0(22)
[190.846s][info][gc,heap        ] GC(1219) Survivor regions: 3->3(4)
[190.846s][info][gc,heap        ] GC(1219) Old regions: 473->473
[190.846s][info][gc,heap        ] GC(1219) Archive regions: 0->0
[190.846s][info][gc,heap        ] GC(1219) Humongous regions: 3->3
[190.846s][info][gc,metaspace   ] GC(1219) Metaspace: 16787K(17472K)->16787K(17472K) NonClass: 14367K(14784K)->14367K(14784K) Class: 2419K(2688K)->2419K(2688K)
[190.846s][info][gc             ] GC(1219) Pause Young (Normal) (G1 Evacuation Pause) 496M->474M(512M) 1.944ms
[190.846s][info][gc,cpu         ] GC(1219) User=0.00s Sys=0.00s Real=0.00s
[190.851s][info][gc,marking     ] GC(1216) Concurrent Mark From Roots 137.941ms
[190.851s][info][gc,marking     ] GC(1216) Concurrent Preclean
[190.851s][info][gc,marking     ] GC(1216) Concurrent Preclean 0.050ms
[190.851s][info][gc,start       ] GC(1216) Pause Remark
[190.852s][info][gc             ] GC(1216) Pause Remark 477M->477M(512M) 0.937ms
[190.852s][info][gc,cpu         ] GC(1216) User=0.00s Sys=0.00s Real=0.00s
[190.852s][info][gc,marking     ] GC(1216) Concurrent Mark 139.182ms
[190.852s][info][gc,marking     ] GC(1216) Concurrent Rebuild Remembered Sets and Scrub Regions
[190.887s][info][gc,start       ] GC(1220) Pause Young (Normal) (G1 Evacuation Pause)
[190.888s][info][gc,task        ] GC(1220) Using 12 workers of 33 for evacuation
[190.889s][info][gc,phases      ] GC(1220)   Pre Evacuate Collection Set: 0.1ms
[190.889s][info][gc,phases      ] GC(1220)   Merge Heap Roots: 0.0ms
[190.889s][info][gc,phases      ] GC(1220)   Evacuate Collection Set: 0.9ms
[190.889s][info][gc,phases      ] GC(1220)   Post Evacuate Collection Set: 0.3ms
[190.889s][info][gc,phases      ] GC(1220)   Other: 0.1ms
[190.889s][info][gc,heap        ] GC(1220) Eden regions: 22->0(22)
[190.889s][info][gc,heap        ] GC(1220) Survivor regions: 3->3(4)
[190.889s][info][gc,heap        ] GC(1220) Old regions: 473->473
[190.889s][info][gc,heap        ] GC(1220) Archive regions: 0->0
[190.889s][info][gc,heap        ] GC(1220) Humongous regions: 3->3
[190.889s][info][gc,metaspace   ] GC(1220) Metaspace: 16787K(17472K)->16787K(17472K) NonClass: 14367K(14784K)->14367K(14784K) Class: 2419K(2688K)->2419K(2688K)
[190.889s][info][gc             ] GC(1220) Pause Young (Normal) (G1 Evacuation Pause) 496M->474M(512M) 1.909ms
[190.889s][info][gc,cpu         ] GC(1220) User=0.00s Sys=0.00s Real=0.00s
[190.897s][info][gc,marking     ] GC(1216) Concurrent Rebuild Remembered Sets and Scrub Regions 44.859ms
[190.897s][info][gc,start       ] GC(1216) Pause Cleanup
[190.897s][info][gc             ] GC(1216) Pause Cleanup 476M->476M(512M) 0.507ms
[190.897s][info][gc,cpu         ] GC(1216) User=0.00s Sys=0.00s Real=0.00s
[190.897s][info][gc,marking     ] GC(1216) Concurrent Clear Claimed Marks
[190.898s][info][gc,marking     ] GC(1216) Concurrent Clear Claimed Marks 0.039ms
[190.898s][info][gc,marking     ] GC(1216) Concurrent Cleanup for Next Mark
[190.898s][info][gc,marking     ] GC(1216) Concurrent Cleanup for Next Mark 0.308ms
[190.898s][info][gc             ] GC(1216) Concurrent Mark Cycle 196.883ms
[190.929s][info][gc,start       ] GC(1221) Pause Young (Prepare Mixed) (G1 Evacuation Pause)
[190.929s][info][gc,task        ] GC(1221) Using 12 workers of 33 for evacuation
[190.931s][info][gc,phases      ] GC(1221)   Pre Evacuate Collection Set: 0.1ms
[190.931s][info][gc,phases      ] GC(1221)   Merge Heap Roots: 0.0ms
[190.931s][info][gc,phases      ] GC(1221)   Evacuate Collection Set: 1.4ms
[190.931s][info][gc,phases      ] GC(1221)   Post Evacuate Collection Set: 0.3ms
[190.931s][info][gc,phases      ] GC(1221)   Other: 0.1ms
[190.931s][info][gc,heap        ] GC(1221) Eden regions: 22->0(22)
[190.931s][info][gc,heap        ] GC(1221) Survivor regions: 3->3(4)
[190.931s][info][gc,heap        ] GC(1221) Old regions: 473->473
[190.931s][info][gc,heap        ] GC(1221) Archive regions: 0->0
[190.931s][info][gc,heap        ] GC(1221) Humongous regions: 3->3
[190.931s][info][gc,metaspace   ] GC(1221) Metaspace: 16787K(17472K)->16787K(17472K) NonClass: 14367K(14784K)->14367K(14784K) Class: 2419K(2688K)->2419K(2688K)
[190.931s][info][gc             ] GC(1221) Pause Young (Prepare Mixed) (G1 Evacuation Pause) 496M->474M(512M) 2.419ms
[190.931s][info][gc,cpu         ] GC(1221) User=0.00s Sys=0.00s Real=0.00s
[190.965s][info][gc,start       ] GC(1222) Pause Young (Mixed) (G1 Evacuation Pause)
[190.965s][info][gc,task        ] GC(1222) Using 12 workers of 33 for evacuation
[190.969s][info][gc,phases      ] GC(1222)   Pre Evacuate Collection Set: 0.1ms
[190.969s][info][gc,phases      ] GC(1222)   Merge Heap Roots: 0.1ms
[190.969s][info][gc,phases      ] GC(1222)   Evacuate Collection Set: 2.9ms
[190.969s][info][gc,phases      ] GC(1222)   Post Evacuate Collection Set: 0.3ms
[190.969s][info][gc,phases      ] GC(1222)   Other: 0.1ms
[190.969s][info][gc,heap        ] GC(1222) Eden regions: 22->0(22)
[190.969s][info][gc,heap        ] GC(1222) Survivor regions: 3->3(4)
[190.969s][info][gc,heap        ] GC(1222) Old regions: 473->462
[190.969s][info][gc,heap        ] GC(1222) Archive regions: 0->0
[190.969s][info][gc,heap        ] GC(1222) Humongous regions: 3->3
[190.969s][info][gc,metaspace   ] GC(1222) Metaspace: 16787K(17472K)->16787K(17472K) NonClass: 14367K(14784K)->14367K(14784K) Class: 2419K(2688K)->2419K(2688K)
[190.969s][info][gc             ] GC(1222) Pause Young (Mixed) (G1 Evacuation Pause) 496M->465M(512M) 4.027ms
[190.969s][info][gc,cpu         ] GC(1222) User=0.00s Sys=0.00s Real=0.00s
[191.005s][info][gc,start       ] GC(1223) Pause Young (Concurrent Start) (G1 Evacuation Pause)
[191.005s][info][gc,task        ] GC(1223) Using 12 workers of 33 for evacuation
[191.007s][info][gc,phases      ] GC(1223)   Pre Evacuate Collection Set: 0.2ms
[191.007s][info][gc,phases      ] GC(1223)   Merge Heap Roots: 0.0ms
[191.007s][info][gc,phases      ] GC(1223)   Evacuate Collection Set: 1.2ms
[191.007s][info][gc,phases      ] GC(1223)   Post Evacuate Collection Set: 0.4ms
[191.007s][info][gc,phases      ] GC(1223)   Other: 0.1ms
[191.007s][info][gc,heap        ] GC(1223) Eden regions: 22->0(23)
[191.007s][info][gc,heap        ] GC(1223) Survivor regions: 3->2(4)
[191.007s][info][gc,heap        ] GC(1223) Old regions: 462->462
[191.007s][info][gc,heap        ] GC(1223) Archive regions: 0->0
[191.007s][info][gc,heap        ] GC(1223) Humongous regions: 3->3
[191.007s][info][gc,metaspace   ] GC(1223) Metaspace: 16787K(17472K)->16787K(17472K) NonClass: 14367K(14784K)->14367K(14784K) Class: 2419K(2688K)->2419K(2688K)
[191.007s][info][gc             ] GC(1223) Pause Young (Concurrent Start) (G1 Evacuation Pause) 487M->465M(512M) 2.482ms
[191.007s][info][gc             ] GC(1224) Concurrent Mark Cycle
[191.007s][info][gc,cpu         ] GC(1223) User=0.00s Sys=0.00s Real=0.00s
[191.007s][info][gc,marking     ] GC(1224) Concurrent Scan Root Regions
[191.015s][info][gc,marking     ] GC(1224) Concurrent Scan Root Regions 7.772ms
[191.015s][info][gc,marking     ] GC(1224) Concurrent Mark
[191.015s][info][gc,marking     ] GC(1224) Concurrent Mark From Roots
[191.015s][info][gc,task        ] GC(1224) Using 8 workers of 8 for marking
[191.051s][info][gc,start       ] GC(1225) Pause Young (Normal) (G1 Evacuation Pause)
[191.051s][info][gc,task        ] GC(1225) Using 12 workers of 33 for evacuation
[191.052s][info][gc,phases      ] GC(1225)   Pre Evacuate Collection Set: 0.1ms
[191.052s][info][gc,phases      ] GC(1225)   Merge Heap Roots: 0.0ms
[191.052s][info][gc,phases      ] GC(1225)   Evacuate Collection Set: 0.7ms
[191.052s][info][gc,phases      ] GC(1225)   Post Evacuate Collection Set: 0.3ms
[191.052s][info][gc,phases      ] GC(1225)   Other: 0.1ms
[191.052s][info][gc,heap        ] GC(1225) Eden regions: 23->0(23)
[191.052s][info][gc,heap        ] GC(1225) Survivor regions: 2->2(4)
[191.052s][info][gc,heap        ] GC(1225) Old regions: 462->462
[191.052s][info][gc,heap        ] GC(1225) Archive regions: 0->0
[191.052s][info][gc,heap        ] GC(1225) Humongous regions: 3->3
[191.052s][info][gc,metaspace   ] GC(1225) Metaspace: 16787K(17472K)->16787K(17472K) NonClass: 14367K(14784K)->14367K(14784K) Class: 2419K(2688K)->2419K(2688K)
[191.052s][info][gc             ] GC(1225) Pause Young (Normal) (G1 Evacuation Pause) 488M->464M(512M) 1.754ms
[191.052s][info][gc,cpu         ] GC(1225) User=0.00s Sys=0.00s Real=0.00s
[191.109s][info][gc,start       ] GC(1226) Pause Young (Normal) (G1 Evacuation Pause)
[191.109s][info][gc,task        ] GC(1226) Using 12 workers of 33 for evacuation
[191.110s][info][gc,phases      ] GC(1226)   Pre Evacuate Collection Set: 0.1ms
[191.110s][info][gc,phases      ] GC(1226)   Merge Heap Roots: 0.0ms
[191.110s][info][gc,phases      ] GC(1226)   Evacuate Collection Set: 0.5ms
[191.110s][info][gc,phases      ] GC(1226)   Post Evacuate Collection Set: 0.3ms
[191.111s][info][gc,phases      ] GC(1226)   Other: 0.1ms
[191.111s][info][gc,heap        ] GC(1226) Eden regions: 23->0(23)
[191.111s][info][gc,heap        ] GC(1226) Survivor regions: 2->2(4)
[191.111s][info][gc,heap        ] GC(1226) Old regions: 462->462
[191.111s][info][gc,heap        ] GC(1226) Archive regions: 0->0
[191.111s][info][gc,heap        ] GC(1226) Humongous regions: 3->3
[191.111s][info][gc,metaspace   ] GC(1226) Metaspace: 16787K(17472K)->16787K(17472K) NonClass: 14367K(14784K)->14367K(14784K) Class: 2419K(2688K)->2419K(2688K)
[191.111s][info][gc             ] GC(1226) Pause Young (Normal) (G1 Evacuation Pause) 487M->464M(512M) 1.456ms
[191.111s][info][gc,cpu         ] GC(1226) User=0.00s Sys=0.00s Real=0.00s
[191.137s][info][gc,marking     ] GC(1224) Concurrent Mark From Roots 121.848ms
[191.137s][info][gc,marking     ] GC(1224) Concurrent Preclean
[191.137s][info][gc,marking     ] GC(1224) Concurrent Preclean 0.047ms
[191.137s][info][gc,start       ] GC(1224) Pause Remark
[191.138s][info][gc             ] GC(1224) Pause Remark 478M->476M(512M) 0.908ms
[191.138s][info][gc,cpu         ] GC(1224) User=0.00s Sys=0.00s Real=0.00s
[191.138s][info][gc,marking     ] GC(1224) Concurrent Mark 123.076ms
[191.138s][info][gc,marking     ] GC(1224) Concurrent Rebuild Remembered Sets and Scrub Regions
[191.155s][info][gc,start       ] GC(1227) Pause Young (Normal) (G1 Evacuation Pause)
[191.155s][info][gc,task        ] GC(1227) Using 12 workers of 33 for evacuation
[191.155s][info][gc,phases      ] GC(1227)   Pre Evacuate Collection Set: 0.1ms
[191.155s][info][gc,phases      ] GC(1227)   Merge Heap Roots: 0.0ms
[191.155s][info][gc,phases      ] GC(1227)   Evacuate Collection Set: 0.2ms
[191.155s][info][gc,phases      ] GC(1227)   Post Evacuate Collection Set: 0.2ms
[191.155s][info][gc,phases      ] GC(1227)   Other: 0.1ms
[191.155s][info][gc,heap        ] GC(1227) Eden regions: 23->0(24)
[191.155s][info][gc,heap        ] GC(1227) Survivor regions: 2->1(4)
[191.156s][info][gc,heap        ] GC(1227) Old regions: 460->460
[191.156s][info][gc,heap        ] GC(1227) Archive regions: 0->0
[191.156s][info][gc,heap        ] GC(1227) Humongous regions: 3->3
[191.156s][info][gc,metaspace   ] GC(1227) Metaspace: 16787K(17472K)->16787K(17472K) NonClass: 14367K(14784K)->14367K(14784K) Class: 2419K(2688K)->2419K(2688K)
[191.156s][info][gc             ] GC(1227) Pause Young (Normal) (G1 Evacuation Pause) 485M->461M(512M) 1.038ms
[191.156s][info][gc,cpu         ] GC(1227) User=0.00s Sys=0.00s Real=0.00s
[191.176s][info][gc,marking     ] GC(1224) Concurrent Rebuild Remembered Sets and Scrub Regions 37.686ms
[191.176s][info][gc,start       ] GC(1224) Pause Cleanup
[191.176s][info][gc             ] GC(1224) Pause Cleanup 471M->471M(512M) 0.349ms
[191.176s][info][gc,cpu         ] GC(1224) User=0.00s Sys=0.00s Real=0.00s
[191.176s][info][gc,marking     ] GC(1224) Concurrent Clear Claimed Marks
[191.177s][info][gc,marking     ] GC(1224) Concurrent Clear Claimed Marks 0.026ms
[191.177s][info][gc,marking     ] GC(1224) Concurrent Cleanup for Next Mark
[191.177s][info][gc,marking     ] GC(1224) Concurrent Cleanup for Next Mark 0.296ms
[191.177s][info][gc             ] GC(1224) Concurrent Mark Cycle 169.518ms
[191.627s][info][gc,start       ] GC(1228) Pause Young (Prepare Mixed) (G1 Evacuation Pause)
[191.628s][info][gc,task        ] GC(1228) Using 12 workers of 33 for evacuation
[191.630s][info][gc,phases      ] GC(1228)   Pre Evacuate Collection Set: 0.1ms
[191.630s][info][gc,phases      ] GC(1228)   Merge Heap Roots: 0.1ms
[191.630s][info][gc,phases      ] GC(1228)   Evacuate Collection Set: 1.2ms
[191.630s][info][gc,phases      ] GC(1228)   Post Evacuate Collection Set: 0.5ms
[191.630s][info][gc,phases      ] GC(1228)   Other: 0.1ms
[191.630s][info][gc,heap        ] GC(1228) Eden regions: 24->0(22)
[191.630s][info][gc,heap        ] GC(1228) Survivor regions: 1->3(4)
[191.630s][info][gc,heap        ] GC(1228) Old regions: 460->460
[191.630s][info][gc,heap        ] GC(1228) Archive regions: 0->0
[191.630s][info][gc,heap        ] GC(1228) Humongous regions: 3->3
[191.630s][info][gc,metaspace   ] GC(1228) Metaspace: 16878K(17472K)->16878K(17472K) NonClass: 14434K(14784K)->14434K(14784K) Class: 2444K(2688K)->2444K(2688K)
[191.630s][info][gc             ] GC(1228) Pause Young (Prepare Mixed) (G1 Evacuation Pause) 485M->463M(512M) 2.539ms
[191.630s][info][gc,cpu         ] GC(1228) User=0.00s Sys=0.00s Real=0.00s
[192.050s][info][gc,start       ] GC(1229) Pause Young (Mixed) (G1 Evacuation Pause)
[192.050s][info][gc,task        ] GC(1229) Using 12 workers of 33 for evacuation
[192.058s][info][gc,phases      ] GC(1229)   Pre Evacuate Collection Set: 0.1ms
[192.058s][info][gc,phases      ] GC(1229)   Merge Heap Roots: 0.1ms
[192.058s][info][gc,phases      ] GC(1229)   Evacuate Collection Set: 7.1ms
[192.058s][info][gc,phases      ] GC(1229)   Post Evacuate Collection Set: 0.4ms
[192.058s][info][gc,phases      ] GC(1229)   Other: 0.1ms
[192.058s][info][gc,heap        ] GC(1229) Eden regions: 22->0(43)
[192.058s][info][gc,heap        ] GC(1229) Survivor regions: 3->1(4)
[192.058s][info][gc,heap        ] GC(1229) Old regions: 460->437
[192.058s][info][gc,heap        ] GC(1229) Archive regions: 0->0
[192.058s][info][gc,heap        ] GC(1229) Humongous regions: 3->3
[192.058s][info][gc,metaspace   ] GC(1229) Metaspace: 16878K(17472K)->16878K(17472K) NonClass: 14434K(14784K)->14434K(14784K) Class: 2444K(2688K)->2444K(2688K)
[192.058s][info][gc             ] GC(1229) Pause Young (Mixed) (G1 Evacuation Pause) 485M->439M(512M) 8.379ms
[192.058s][info][gc,cpu         ] GC(1229) User=0.19s Sys=0.00s Real=0.01s
[192.908s][info][gc,start       ] GC(1230) Pause Young (Concurrent Start) (G1 Evacuation Pause)
[192.908s][info][gc,task        ] GC(1230) Using 12 workers of 33 for evacuation
[192.909s][info][gc,phases      ] GC(1230)   Pre Evacuate Collection Set: 0.2ms
[192.909s][info][gc,phases      ] GC(1230)   Merge Heap Roots: 0.0ms
[192.909s][info][gc,phases      ] GC(1230)   Evacuate Collection Set: 0.5ms
[192.909s][info][gc,phases      ] GC(1230)   Post Evacuate Collection Set: 0.4ms
[192.909s][info][gc,phases      ] GC(1230)   Other: 0.1ms
[192.909s][info][gc,heap        ] GC(1230) Eden regions: 43->0(29)
[192.909s][info][gc,heap        ] GC(1230) Survivor regions: 1->1(6)
[192.909s][info][gc,heap        ] GC(1230) Old regions: 437->437
[192.909s][info][gc,heap        ] GC(1230) Archive regions: 0->0
[192.909s][info][gc,heap        ] GC(1230) Humongous regions: 3->3
[192.909s][info][gc,metaspace   ] GC(1230) Metaspace: 16878K(17472K)->16878K(17472K) NonClass: 14434K(14784K)->14434K(14784K) Class: 2444K(2688K)->2444K(2688K)
[192.909s][info][gc             ] GC(1230) Pause Young (Concurrent Start) (G1 Evacuation Pause) 482M->439M(512M) 1.522ms
[192.909s][info][gc,cpu         ] GC(1230) User=0.00s Sys=0.00s Real=0.00s
[192.909s][info][gc             ] GC(1231) Concurrent Mark Cycle
[192.909s][info][gc,marking     ] GC(1231) Concurrent Scan Root Regions
[192.910s][info][gc,marking     ] GC(1231) Concurrent Scan Root Regions 0.107ms
[192.910s][info][gc,marking     ] GC(1231) Concurrent Mark
[192.910s][info][gc,marking     ] GC(1231) Concurrent Mark From Roots
[192.910s][info][gc,task        ] GC(1231) Using 8 workers of 8 for marking
[192.921s][info][gc,marking     ] GC(1231) Concurrent Mark From Roots 10.954ms
[192.921s][info][gc,marking     ] GC(1231) Concurrent Preclean
[192.921s][info][gc,marking     ] GC(1231) Concurrent Preclean 0.052ms
[192.921s][info][gc,start       ] GC(1231) Pause Remark
[192.925s][info][gc             ] GC(1231) Pause Remark 439M->59M(204M) 4.254ms
[192.925s][info][gc,cpu         ] GC(1231) User=0.00s Sys=0.00s Real=0.00s
[192.925s][info][gc,marking     ] GC(1231) Concurrent Mark 15.604ms
[192.925s][info][gc,marking     ] GC(1231) Concurrent Rebuild Remembered Sets and Scrub Regions
[192.931s][info][gc,marking     ] GC(1231) Concurrent Rebuild Remembered Sets and Scrub Regions 5.825ms
[192.931s][info][gc,start       ] GC(1231) Pause Cleanup
[192.932s][info][gc             ] GC(1231) Pause Cleanup 59M->59M(204M) 0.234ms
[192.932s][info][gc,cpu         ] GC(1231) User=0.00s Sys=0.00s Real=0.00s
[192.932s][info][gc,marking     ] GC(1231) Concurrent Clear Claimed Marks
[192.932s][info][gc,marking     ] GC(1231) Concurrent Clear Claimed Marks 0.042ms
[192.932s][info][gc,marking     ] GC(1231) Concurrent Cleanup for Next Mark
[192.932s][info][gc,marking     ] GC(1231) Concurrent Cleanup for Next Mark 0.217ms
[192.932s][info][gc             ] GC(1231) Concurrent Mark Cycle 22.520ms
[192.964s][info][gc,heap,exit   ] Heap
[192.964s][info][gc,heap,exit   ]  garbage-first heap   total 208896K, used 61769K [0x00000000e0000000, 0x0000000100000000)
[192.964s][info][gc,heap,exit   ]   region size 1024K, 3 young (3072K), 1 survivors (1024K)
[192.964s][info][gc,heap,exit   ]  Metaspace       used 16887K, committed 17536K, reserved 1114112K
[192.964s][info][gc,heap,exit   ]   class space    used 2437K, committed 2688K, reserved 1048576K
