[0.016s][info][gc,init] CardTable entry size: 512
[0.017s][info][gc     ] Using G1
[0.031s][info][gc,init] Version: 20+36-2344 (release)
[0.031s][info][gc,init] CPUs: 48 total, 48 available
[0.031s][info][gc,init] Memory: 382G
[0.031s][info][gc,init] Large Page Support: Disabled
[0.031s][info][gc,init] NUMA Support: Disabled
[0.031s][info][gc,init] Compressed Oops: Enabled (32-bit)
[0.031s][info][gc,init] Heap Region Size: 1M
[0.031s][info][gc,init] Heap Min Capacity: 8M
[0.031s][info][gc,init] Heap Initial Capacity: 1G
[0.031s][info][gc,init] Heap Max Capacity: 1G
[0.031s][info][gc,init] Pre-touch: Disabled
[0.040s][info][gc,init] Parallel Workers: 33
[0.040s][info][gc,init] Concurrent Workers: 8
[0.040s][info][gc,init] Concurrent Refinement Workers: 33
[0.040s][info][gc,init] Periodic GC: Disabled
[0.041s][info][gc,metaspace] CDS archive(s) mapped at: [0x0000000800000000-0x0000000800c60000-0x0000000800c60000), size 12976128, SharedBaseAddress: 0x0000000800000000, ArchiveRelocationMode: 0.
[0.041s][info][gc,metaspace] Compressed class space mapped at: 0x0000000801000000-0x0000000841000000, reserved size: 1073741824
[0.041s][info][gc,metaspace] Narrow klass base: 0x0000000800000000, Narrow klass shift: 0, Narrow klass range: 0x100000000
[1.483s][info][gc,start    ] GC(0) Pause Full (System.gc())
[1.485s][info][gc,task     ] GC(0) Using 24 workers of 33 for full compaction
[1.486s][info][gc,phases,start] GC(0) Phase 1: Mark live objects
[1.491s][info][gc,phases      ] GC(0) Phase 1: Mark live objects 5.477ms
[1.491s][info][gc,phases,start] GC(0) Phase 2: Prepare compaction
[1.495s][info][gc,phases      ] GC(0) Phase 2: Prepare compaction 3.171ms
[1.495s][info][gc,phases,start] GC(0) Phase 3: Adjust pointers
[1.496s][info][gc,phases      ] GC(0) Phase 3: Adjust pointers 1.507ms
[1.496s][info][gc,phases,start] GC(0) Phase 4: Compact heap
[1.499s][info][gc,phases      ] GC(0) Phase 4: Compact heap 2.387ms
[1.511s][info][gc,heap        ] GC(0) Eden regions: 39->0(23)
[1.511s][info][gc,heap        ] GC(0) Survivor regions: 0->0(0)
[1.511s][info][gc,heap        ] GC(0) Old regions: 0->24
[1.511s][info][gc,heap        ] GC(0) Archive regions: 0->0
[1.511s][info][gc,heap        ] GC(0) Humongous regions: 0->0
[1.511s][info][gc,metaspace   ] GC(0) Metaspace: 14221K(14464K)->14221K(14464K) NonClass: 12164K(12288K)->12164K(12288K) Class: 2057K(2176K)->2057K(2176K)
[1.511s][info][gc             ] GC(0) Pause Full (System.gc()) 38M->4M(80M) 28.412ms
[1.511s][info][gc,cpu         ] GC(0) User=0.39s Sys=0.23s Real=0.03s
[2.805s][info][gc,start       ] GC(1) Pause Young (Normal) (G1 Evacuation Pause)
[2.805s][info][gc,task        ] GC(1) Using 13 workers of 33 for evacuation
[2.808s][info][gc,phases      ] GC(1)   Pre Evacuate Collection Set: 0.1ms
[2.808s][info][gc,phases      ] GC(1)   Merge Heap Roots: 0.1ms
[2.808s][info][gc,phases      ] GC(1)   Evacuate Collection Set: 1.8ms
[2.808s][info][gc,phases      ] GC(1)   Post Evacuate Collection Set: 0.3ms
[2.808s][info][gc,phases      ] GC(1)   Other: 0.1ms
[2.808s][info][gc,heap        ] GC(1) Eden regions: 23->0(30)
[2.808s][info][gc,heap        ] GC(1) Survivor regions: 0->3(3)
[2.808s][info][gc,heap        ] GC(1) Old regions: 24->26
[2.808s][info][gc,heap        ] GC(1) Archive regions: 0->0
[2.808s][info][gc,heap        ] GC(1) Humongous regions: 0->0
[2.808s][info][gc,metaspace   ] GC(1) Metaspace: 15716K(16000K)->15716K(16000K) NonClass: 13468K(13632K)->13468K(13632K) Class: 2248K(2368K)->2248K(2368K)
[2.808s][info][gc             ] GC(1) Pause Young (Normal) (G1 Evacuation Pause) 27M->9M(80M) 2.637ms
[2.808s][info][gc,cpu         ] GC(1) User=0.00s Sys=0.00s Real=0.00s
[3.399s][info][gc,start       ] GC(2) Pause Young (Normal) (G1 Evacuation Pause)
[3.399s][info][gc,task        ] GC(2) Using 7 workers of 33 for evacuation
[3.427s][info][gc,phases      ] GC(2)   Pre Evacuate Collection Set: 0.1ms
[3.427s][info][gc,phases      ] GC(2)   Merge Heap Roots: 0.1ms
[3.427s][info][gc,phases      ] GC(2)   Evacuate Collection Set: 27.4ms
[3.427s][info][gc,phases      ] GC(2)   Post Evacuate Collection Set: 0.7ms
[3.427s][info][gc,phases      ] GC(2)   Other: 0.1ms
[3.427s][info][gc,heap        ] GC(2) Eden regions: 30->0(19)
[3.427s][info][gc,heap        ] GC(2) Survivor regions: 3->5(5)
[3.427s][info][gc,heap        ] GC(2) Old regions: 26->33
[3.427s][info][gc,heap        ] GC(2) Archive regions: 0->0
[3.428s][info][gc,heap        ] GC(2) Humongous regions: 0->0
[3.428s][info][gc,metaspace   ] GC(2) Metaspace: 15791K(16064K)->15791K(16064K) NonClass: 13535K(13696K)->13535K(13696K) Class: 2256K(2368K)->2256K(2368K)
[3.428s][info][gc             ] GC(2) Pause Young (Normal) (G1 Evacuation Pause) 39M->18M(80M) 28.953ms
[3.428s][info][gc,cpu         ] GC(2) User=0.09s Sys=0.02s Real=0.03s
[3.799s][info][gc,start       ] GC(3) Pause Young (Normal) (G1 Evacuation Pause)
[3.799s][info][gc,task        ] GC(3) Using 4 workers of 33 for evacuation
[3.865s][info][gc,phases      ] GC(3)   Pre Evacuate Collection Set: 0.1ms
[3.865s][info][gc,phases      ] GC(3)   Merge Heap Roots: 0.2ms
[3.865s][info][gc,phases      ] GC(3)   Evacuate Collection Set: 65.2ms
[3.865s][info][gc,phases      ] GC(3)   Post Evacuate Collection Set: 0.2ms
[3.865s][info][gc,phases      ] GC(3)   Other: 0.1ms
[3.865s][info][gc,heap        ] GC(3) Eden regions: 19->0(8)
[3.865s][info][gc,heap        ] GC(3) Survivor regions: 5->3(3)
[3.865s][info][gc,heap        ] GC(3) Old regions: 33->55
[3.865s][info][gc,heap        ] GC(3) Archive regions: 0->0
[3.865s][info][gc,heap        ] GC(3) Humongous regions: 0->0
[3.865s][info][gc,metaspace   ] GC(3) Metaspace: 15791K(16064K)->15791K(16064K) NonClass: 13535K(13696K)->13535K(13696K) Class: 2256K(2368K)->2256K(2368K)
[3.865s][info][gc             ] GC(3) Pause Young (Normal) (G1 Evacuation Pause) 37M->38M(82M) 66.273ms
[3.865s][info][gc,cpu         ] GC(3) User=0.22s Sys=0.03s Real=0.06s
[4.198s][info][gc,start       ] GC(4) Pause Young (Concurrent Start) (G1 Evacuation Pause)
[4.198s][info][gc,task        ] GC(4) Using 3 workers of 33 for evacuation
[4.202s][info][gc,phases      ] GC(4)   Pre Evacuate Collection Set: 0.2ms
[4.202s][info][gc,phases      ] GC(4)   Merge Heap Roots: 0.0ms
[4.202s][info][gc,phases      ] GC(4)   Evacuate Collection Set: 4.0ms
[4.202s][info][gc,phases      ] GC(4)   Post Evacuate Collection Set: 0.3ms
[4.202s][info][gc,phases      ] GC(4)   Other: 0.1ms
[4.202s][info][gc,heap        ] GC(4) Eden regions: 8->0(7)
[4.202s][info][gc,heap        ] GC(4) Survivor regions: 3->2(2)
[4.202s][info][gc,heap        ] GC(4) Old regions: 55->59
[4.202s][info][gc,heap        ] GC(4) Archive regions: 0->0
[4.202s][info][gc,heap        ] GC(4) Humongous regions: 0->0
[4.202s][info][gc,metaspace   ] GC(4) Metaspace: 15826K(16064K)->15826K(16064K) NonClass: 13563K(13696K)->13563K(13696K) Class: 2263K(2368K)->2263K(2368K)
[4.202s][info][gc             ] GC(4) Pause Young (Concurrent Start) (G1 Evacuation Pause) 46M->41M(82M) 4.779ms
[4.203s][info][gc             ] GC(5) Concurrent Mark Cycle
[4.203s][info][gc,cpu         ] GC(4) User=0.00s Sys=0.00s Real=0.00s
[4.203s][info][gc,marking     ] GC(5) Concurrent Scan Root Regions
[4.205s][info][gc,marking     ] GC(5) Concurrent Scan Root Regions 2.640ms
[4.205s][info][gc,marking     ] GC(5) Concurrent Mark
[4.205s][info][gc,marking     ] GC(5) Concurrent Mark From Roots
[4.205s][info][gc,task        ] GC(5) Using 8 workers of 8 for marking
[4.221s][info][gc,start       ] GC(6) Pause Young (Normal) (G1 Evacuation Pause)
[4.221s][info][gc,task        ] GC(6) Using 2 workers of 33 for evacuation
[4.227s][info][gc,phases      ] GC(6)   Pre Evacuate Collection Set: 0.1ms
[4.227s][info][gc,phases      ] GC(6)   Merge Heap Roots: 0.0ms
[4.227s][info][gc,phases      ] GC(6)   Evacuate Collection Set: 3.1ms
[4.227s][info][gc,phases      ] GC(6)   Post Evacuate Collection Set: 2.6ms
[4.227s][info][gc,phases      ] GC(6)   Other: 0.1ms
[4.227s][info][gc,heap        ] GC(6) Eden regions: 7->0(54)
[4.227s][info][gc,heap        ] GC(6) Survivor regions: 2->1(2)
[4.227s][info][gc,heap        ] GC(6) Old regions: 59->61
[4.227s][info][gc,heap        ] GC(6) Archive regions: 0->0
[4.227s][info][gc,heap        ] GC(6) Humongous regions: 0->0
[4.227s][info][gc,metaspace   ] GC(6) Metaspace: 15833K(16064K)->15833K(16064K) NonClass: 13570K(13696K)->13570K(13696K) Class: 2263K(2368K)->2263K(2368K)
[4.227s][info][gc             ] GC(6) Pause Young (Normal) (G1 Evacuation Pause) 48M->42M(553M) 6.176ms
[4.227s][info][gc,cpu         ] GC(6) User=0.02s Sys=0.00s Real=0.01s
[4.231s][info][gc,marking     ] GC(5) Concurrent Mark From Roots 25.596ms
[4.231s][info][gc,marking     ] GC(5) Concurrent Preclean
[4.231s][info][gc,marking     ] GC(5) Concurrent Preclean 0.155ms
[4.231s][info][gc,start       ] GC(5) Pause Remark
[4.236s][info][gc             ] GC(5) Pause Remark 43M->43M(214M) 4.688ms
[4.236s][info][gc,cpu         ] GC(5) User=0.00s Sys=0.00s Real=0.00s
[4.237s][info][gc,marking     ] GC(5) Concurrent Mark 31.564ms
[4.237s][info][gc,marking     ] GC(5) Concurrent Rebuild Remembered Sets and Scrub Regions
[4.244s][info][gc,marking     ] GC(5) Concurrent Rebuild Remembered Sets and Scrub Regions 6.711ms
[4.244s][info][gc,start       ] GC(5) Pause Cleanup
[4.244s][info][gc             ] GC(5) Pause Cleanup 46M->46M(214M) 0.157ms
[4.244s][info][gc,cpu         ] GC(5) User=0.00s Sys=0.00s Real=0.00s
[4.245s][info][gc,marking     ] GC(5) Concurrent Clear Claimed Marks
[4.245s][info][gc,marking     ] GC(5) Concurrent Clear Claimed Marks 0.085ms
[4.245s][info][gc,marking     ] GC(5) Concurrent Cleanup for Next Mark
[4.246s][info][gc,marking     ] GC(5) Concurrent Cleanup for Next Mark 1.277ms
[4.246s][info][gc             ] GC(5) Concurrent Mark Cycle 43.667ms
[4.348s][info][gc,start       ] GC(7) Pause Young (Prepare Mixed) (G1 Evacuation Pause)
[4.348s][info][gc,task        ] GC(7) Using 5 workers of 33 for evacuation
[4.350s][info][gc,phases      ] GC(7)   Pre Evacuate Collection Set: 0.1ms
[4.350s][info][gc,phases      ] GC(7)   Merge Heap Roots: 0.1ms
[4.350s][info][gc,phases      ] GC(7)   Evacuate Collection Set: 1.0ms
[4.350s][info][gc,phases      ] GC(7)   Post Evacuate Collection Set: 0.2ms
[4.350s][info][gc,phases      ] GC(7)   Other: 0.1ms
[4.350s][info][gc,heap        ] GC(7) Eden regions: 73->0(119)
[4.350s][info][gc,heap        ] GC(7) Survivor regions: 1->1(10)
[4.350s][info][gc,heap        ] GC(7) Old regions: 61->61
[4.350s][info][gc,heap        ] GC(7) Archive regions: 0->0
[4.350s][info][gc,heap        ] GC(7) Humongous regions: 0->0
[4.350s][info][gc,metaspace   ] GC(7) Metaspace: 15826K(16064K)->15826K(16064K) NonClass: 13564K(13696K)->13564K(13696K) Class: 2261K(2368K)->2261K(2368K)
[4.350s][info][gc             ] GC(7) Pause Young (Prepare Mixed) (G1 Evacuation Pause) 115M->41M(214M) 1.646ms
[4.350s][info][gc,cpu         ] GC(7) User=0.00s Sys=0.00s Real=0.00s
[4.479s][info][gc,start       ] GC(8) Pause Young (Mixed) (G1 Evacuation Pause)
[4.479s][info][gc,task        ] GC(8) Using 5 workers of 33 for evacuation
[4.483s][info][gc,phases      ] GC(8)   Pre Evacuate Collection Set: 0.1ms
[4.483s][info][gc,phases      ] GC(8)   Merge Heap Roots: 0.1ms
[4.483s][info][gc,phases      ] GC(8)   Evacuate Collection Set: 3.0ms
[4.483s][info][gc,phases      ] GC(8)   Post Evacuate Collection Set: 0.5ms
[4.483s][info][gc,phases      ] GC(8)   Other: 0.1ms
[4.483s][info][gc,heap        ] GC(8) Eden regions: 119->0(126)
[4.483s][info][gc,heap        ] GC(8) Survivor regions: 1->2(15)
[4.483s][info][gc,heap        ] GC(8) Old regions: 61->46
[4.483s][info][gc,heap        ] GC(8) Archive regions: 0->0
[4.483s][info][gc,heap        ] GC(8) Humongous regions: 0->0
[4.483s][info][gc,metaspace   ] GC(8) Metaspace: 15831K(16064K)->15831K(16064K) NonClass: 13569K(13696K)->13569K(13696K) Class: 2261K(2368K)->2261K(2368K)
[4.483s][info][gc             ] GC(8) Pause Young (Mixed) (G1 Evacuation Pause) 160M->39M(214M) 4.043ms
[4.483s][info][gc,cpu         ] GC(8) User=0.00s Sys=0.00s Real=0.00s
[4.563s][info][gc,start       ] GC(9) Pause Young (Normal) (G1 Evacuation Pause)
[4.563s][info][gc,task        ] GC(9) Using 5 workers of 33 for evacuation
[4.565s][info][gc,phases      ] GC(9)   Pre Evacuate Collection Set: 0.1ms
[4.565s][info][gc,phases      ] GC(9)   Merge Heap Roots: 0.1ms
[4.565s][info][gc,phases      ] GC(9)   Evacuate Collection Set: 1.2ms
[4.565s][info][gc,phases      ] GC(9)   Post Evacuate Collection Set: 0.3ms
[4.565s][info][gc,phases      ] GC(9)   Other: 0.1ms
[4.565s][info][gc,heap        ] GC(9) Eden regions: 126->0(126)
[4.565s][info][gc,heap        ] GC(9) Survivor regions: 2->2(16)
[4.565s][info][gc,heap        ] GC(9) Old regions: 46->46
[4.565s][info][gc,heap        ] GC(9) Archive regions: 0->0
[4.565s][info][gc,heap        ] GC(9) Humongous regions: 0->0
[4.565s][info][gc,metaspace   ] GC(9) Metaspace: 15833K(16064K)->15833K(16064K) NonClass: 13571K(13696K)->13571K(13696K) Class: 2261K(2368K)->2261K(2368K)
[4.565s][info][gc             ] GC(9) Pause Young (Normal) (G1 Evacuation Pause) 165M->39M(214M) 2.024ms
[4.565s][info][gc,cpu         ] GC(9) User=0.00s Sys=0.00s Real=0.00s
[4.621s][info][gc,start       ] GC(10) Pause Young (Normal) (G1 Evacuation Pause)
[4.621s][info][gc,task        ] GC(10) Using 5 workers of 33 for evacuation
[4.623s][info][gc,phases      ] GC(10)   Pre Evacuate Collection Set: 0.1ms
[4.623s][info][gc,phases      ] GC(10)   Merge Heap Roots: 0.1ms
[4.623s][info][gc,phases      ] GC(10)   Evacuate Collection Set: 1.2ms
[4.623s][info][gc,phases      ] GC(10)   Post Evacuate Collection Set: 0.3ms
[4.623s][info][gc,phases      ] GC(10)   Other: 0.1ms
[4.623s][info][gc,heap        ] GC(10) Eden regions: 126->0(126)
[4.623s][info][gc,heap        ] GC(10) Survivor regions: 2->2(16)
[4.623s][info][gc,heap        ] GC(10) Old regions: 46->46
[4.623s][info][gc,heap        ] GC(10) Archive regions: 0->0
[4.623s][info][gc,heap        ] GC(10) Humongous regions: 0->0
[4.623s][info][gc,metaspace   ] GC(10) Metaspace: 15833K(16064K)->15833K(16064K) NonClass: 13571K(13696K)->13571K(13696K) Class: 2261K(2368K)->2261K(2368K)
[4.623s][info][gc             ] GC(10) Pause Young (Normal) (G1 Evacuation Pause) 165M->39M(214M) 1.942ms
[4.623s][info][gc,cpu         ] GC(10) User=0.00s Sys=0.00s Real=0.00s
[4.669s][info][gc,start       ] GC(11) Pause Young (Normal) (G1 Evacuation Pause)
[4.669s][info][gc,task        ] GC(11) Using 5 workers of 33 for evacuation
[4.671s][info][gc,phases      ] GC(11)   Pre Evacuate Collection Set: 0.1ms
[4.671s][info][gc,phases      ] GC(11)   Merge Heap Roots: 0.1ms
[4.671s][info][gc,phases      ] GC(11)   Evacuate Collection Set: 1.1ms
[4.671s][info][gc,phases      ] GC(11)   Post Evacuate Collection Set: 0.3ms
[4.671s][info][gc,phases      ] GC(11)   Other: 0.1ms
[4.671s][info][gc,heap        ] GC(11) Eden regions: 126->0(126)
[4.671s][info][gc,heap        ] GC(11) Survivor regions: 2->2(16)
[4.671s][info][gc,heap        ] GC(11) Old regions: 46->46
[4.671s][info][gc,heap        ] GC(11) Archive regions: 0->0
[4.671s][info][gc,heap        ] GC(11) Humongous regions: 0->0
[4.671s][info][gc,metaspace   ] GC(11) Metaspace: 15833K(16064K)->15833K(16064K) NonClass: 13571K(13696K)->13571K(13696K) Class: 2261K(2368K)->2261K(2368K)
[4.671s][info][gc             ] GC(11) Pause Young (Normal) (G1 Evacuation Pause) 165M->39M(214M) 1.791ms
[4.671s][info][gc,cpu         ] GC(11) User=0.00s Sys=0.00s Real=0.00s
[4.715s][info][gc,start       ] GC(12) Pause Young (Normal) (G1 Evacuation Pause)
[4.715s][info][gc,task        ] GC(12) Using 5 workers of 33 for evacuation
[4.717s][info][gc,phases      ] GC(12)   Pre Evacuate Collection Set: 0.1ms
[4.717s][info][gc,phases      ] GC(12)   Merge Heap Roots: 0.1ms
[4.717s][info][gc,phases      ] GC(12)   Evacuate Collection Set: 1.0ms
[4.717s][info][gc,phases      ] GC(12)   Post Evacuate Collection Set: 0.3ms
[4.717s][info][gc,phases      ] GC(12)   Other: 0.1ms
[4.717s][info][gc,heap        ] GC(12) Eden regions: 126->0(126)
[4.717s][info][gc,heap        ] GC(12) Survivor regions: 2->2(16)
[4.717s][info][gc,heap        ] GC(12) Old regions: 46->46
[4.717s][info][gc,heap        ] GC(12) Archive regions: 0->0
[4.717s][info][gc,heap        ] GC(12) Humongous regions: 0->0
[4.717s][info][gc,metaspace   ] GC(12) Metaspace: 15833K(16064K)->15833K(16064K) NonClass: 13571K(13696K)->13571K(13696K) Class: 2261K(2368K)->2261K(2368K)
[4.717s][info][gc             ] GC(12) Pause Young (Normal) (G1 Evacuation Pause) 165M->39M(214M) 1.861ms
[4.717s][info][gc,cpu         ] GC(12) User=0.00s Sys=0.00s Real=0.00s
[4.753s][info][gc,start       ] GC(13) Pause Young (Normal) (G1 Evacuation Pause)
[4.753s][info][gc,task        ] GC(13) Using 5 workers of 33 for evacuation
[4.754s][info][gc,phases      ] GC(13)   Pre Evacuate Collection Set: 0.1ms
[4.754s][info][gc,phases      ] GC(13)   Merge Heap Roots: 0.1ms
[4.755s][info][gc,phases      ] GC(13)   Evacuate Collection Set: 1.0ms
[4.755s][info][gc,phases      ] GC(13)   Post Evacuate Collection Set: 0.3ms
[4.755s][info][gc,phases      ] GC(13)   Other: 0.1ms
[4.755s][info][gc,heap        ] GC(13) Eden regions: 126->0(126)
[4.755s][info][gc,heap        ] GC(13) Survivor regions: 2->2(16)
[4.755s][info][gc,heap        ] GC(13) Old regions: 46->46
[4.755s][info][gc,heap        ] GC(13) Archive regions: 0->0
[4.755s][info][gc,heap        ] GC(13) Humongous regions: 0->0
[4.755s][info][gc,metaspace   ] GC(13) Metaspace: 15833K(16064K)->15833K(16064K) NonClass: 13571K(13696K)->13571K(13696K) Class: 2261K(2368K)->2261K(2368K)
[4.755s][info][gc             ] GC(13) Pause Young (Normal) (G1 Evacuation Pause) 165M->39M(214M) 1.719ms
[4.755s][info][gc,cpu         ] GC(13) User=0.00s Sys=0.00s Real=0.00s
[4.768s][info][gc,start       ] GC(14) Pause Young (Normal) (G1 Evacuation Pause)
[4.768s][info][gc,task        ] GC(14) Using 5 workers of 33 for evacuation
[4.770s][info][gc,phases      ] GC(14)   Pre Evacuate Collection Set: 0.1ms
[4.770s][info][gc,phases      ] GC(14)   Merge Heap Roots: 0.1ms
[4.770s][info][gc,phases      ] GC(14)   Evacuate Collection Set: 1.1ms
[4.770s][info][gc,phases      ] GC(14)   Post Evacuate Collection Set: 0.2ms
[4.770s][info][gc,phases      ] GC(14)   Other: 0.1ms
[4.770s][info][gc,heap        ] GC(14) Eden regions: 126->0(126)
[4.770s][info][gc,heap        ] GC(14) Survivor regions: 2->2(16)
[4.770s][info][gc,heap        ] GC(14) Old regions: 46->46
[4.770s][info][gc,heap        ] GC(14) Archive regions: 0->0
[4.770s][info][gc,heap        ] GC(14) Humongous regions: 0->0
[4.770s][info][gc,metaspace   ] GC(14) Metaspace: 15833K(16064K)->15833K(16064K) NonClass: 13571K(13696K)->13571K(13696K) Class: 2261K(2368K)->2261K(2368K)
[4.770s][info][gc             ] GC(14) Pause Young (Normal) (G1 Evacuation Pause) 165M->39M(214M) 1.741ms
[4.770s][info][gc,cpu         ] GC(14) User=0.00s Sys=0.00s Real=0.00s
[4.783s][info][gc,start       ] GC(15) Pause Young (Normal) (G1 Evacuation Pause)
[4.784s][info][gc,task        ] GC(15) Using 5 workers of 33 for evacuation
[4.787s][info][gc,phases      ] GC(15)   Pre Evacuate Collection Set: 0.1ms
[4.787s][info][gc,phases      ] GC(15)   Merge Heap Roots: 0.1ms
[4.787s][info][gc,phases      ] GC(15)   Evacuate Collection Set: 1.1ms
[4.787s][info][gc,phases      ] GC(15)   Post Evacuate Collection Set: 2.6ms
[4.787s][info][gc,phases      ] GC(15)   Other: 0.1ms
[4.788s][info][gc,heap        ] GC(15) Eden regions: 126->0(369)
[4.788s][info][gc,heap        ] GC(15) Survivor regions: 2->2(16)
[4.788s][info][gc,heap        ] GC(15) Old regions: 46->46
[4.788s][info][gc,heap        ] GC(15) Archive regions: 0->0
[4.788s][info][gc,heap        ] GC(15) Humongous regions: 0->0
[4.788s][info][gc,metaspace   ] GC(15) Metaspace: 15833K(16064K)->15833K(16064K) NonClass: 13571K(13696K)->13571K(13696K) Class: 2261K(2368K)->2261K(2368K)
[4.788s][info][gc             ] GC(15) Pause Young (Normal) (G1 Evacuation Pause) 165M->39M(619M) 4.120ms
[4.788s][info][gc,cpu         ] GC(15) User=0.00s Sys=0.00s Real=0.00s
[4.987s][info][gc,start       ] GC(16) Pause Young (Normal) (G1 Evacuation Pause)
[4.987s][info][gc,task        ] GC(16) Using 14 workers of 33 for evacuation
[4.988s][info][gc,phases      ] GC(16)   Pre Evacuate Collection Set: 0.1ms
[4.988s][info][gc,phases      ] GC(16)   Merge Heap Roots: 0.1ms
[4.988s][info][gc,phases      ] GC(16)   Evacuate Collection Set: 0.6ms
[4.988s][info][gc,phases      ] GC(16)   Post Evacuate Collection Set: 0.4ms
[4.988s][info][gc,phases      ] GC(16)   Other: 0.2ms
[4.988s][info][gc,heap        ] GC(16) Eden regions: 369->0(369)
[4.988s][info][gc,heap        ] GC(16) Survivor regions: 2->2(47)
[4.988s][info][gc,heap        ] GC(16) Old regions: 46->46
[4.988s][info][gc,heap        ] GC(16) Archive regions: 0->0
[4.988s][info][gc,heap        ] GC(16) Humongous regions: 0->0
[4.988s][info][gc,metaspace   ] GC(16) Metaspace: 15833K(16064K)->15833K(16064K) NonClass: 13571K(13696K)->13571K(13696K) Class: 2261K(2368K)->2261K(2368K)
[4.988s][info][gc             ] GC(16) Pause Young (Normal) (G1 Evacuation Pause) 408M->39M(619M) 1.559ms
[4.988s][info][gc,cpu         ] GC(16) User=0.00s Sys=0.00s Real=0.00s
[5.028s][info][gc,start       ] GC(17) Pause Young (Normal) (G1 Evacuation Pause)
[5.028s][info][gc,task        ] GC(17) Using 14 workers of 33 for evacuation
[5.029s][info][gc,phases      ] GC(17)   Pre Evacuate Collection Set: 0.1ms
[5.029s][info][gc,phases      ] GC(17)   Merge Heap Roots: 0.1ms
[5.029s][info][gc,phases      ] GC(17)   Evacuate Collection Set: 0.6ms
[5.029s][info][gc,phases      ] GC(17)   Post Evacuate Collection Set: 0.4ms
[5.029s][info][gc,phases      ] GC(17)   Other: 0.1ms
[5.029s][info][gc,heap        ] GC(17) Eden regions: 369->0(369)
[5.029s][info][gc,heap        ] GC(17) Survivor regions: 2->2(47)
[5.029s][info][gc,heap        ] GC(17) Old regions: 46->46
[5.029s][info][gc,heap        ] GC(17) Archive regions: 0->0
[5.029s][info][gc,heap        ] GC(17) Humongous regions: 0->0
[5.029s][info][gc,metaspace   ] GC(17) Metaspace: 15833K(16064K)->15833K(16064K) NonClass: 13571K(13696K)->13571K(13696K) Class: 2261K(2368K)->2261K(2368K)
[5.029s][info][gc             ] GC(17) Pause Young (Normal) (G1 Evacuation Pause) 408M->39M(619M) 1.504ms
[5.029s][info][gc,cpu         ] GC(17) User=0.00s Sys=0.00s Real=0.00s
[5.070s][info][gc,start       ] GC(18) Pause Young (Normal) (G1 Evacuation Pause)
[5.070s][info][gc,task        ] GC(18) Using 14 workers of 33 for evacuation
[5.071s][info][gc,phases      ] GC(18)   Pre Evacuate Collection Set: 0.1ms
[5.071s][info][gc,phases      ] GC(18)   Merge Heap Roots: 0.1ms
[5.071s][info][gc,phases      ] GC(18)   Evacuate Collection Set: 0.5ms
[5.071s][info][gc,phases      ] GC(18)   Post Evacuate Collection Set: 0.4ms
[5.071s][info][gc,phases      ] GC(18)   Other: 0.1ms
[5.071s][info][gc,heap        ] GC(18) Eden regions: 369->0(369)
[5.071s][info][gc,heap        ] GC(18) Survivor regions: 2->2(47)
[5.071s][info][gc,heap        ] GC(18) Old regions: 46->46
[5.071s][info][gc,heap        ] GC(18) Archive regions: 0->0
[5.071s][info][gc,heap        ] GC(18) Humongous regions: 0->0
[5.071s][info][gc,metaspace   ] GC(18) Metaspace: 15833K(16064K)->15833K(16064K) NonClass: 13571K(13696K)->13571K(13696K) Class: 2261K(2368K)->2261K(2368K)
[5.071s][info][gc             ] GC(18) Pause Young (Normal) (G1 Evacuation Pause) 408M->39M(619M) 1.441ms
[5.071s][info][gc,cpu         ] GC(18) User=0.00s Sys=0.00s Real=0.00s
[5.111s][info][gc,start       ] GC(19) Pause Young (Normal) (G1 Evacuation Pause)
[5.111s][info][gc,task        ] GC(19) Using 14 workers of 33 for evacuation
[5.112s][info][gc,phases      ] GC(19)   Pre Evacuate Collection Set: 0.1ms
[5.112s][info][gc,phases      ] GC(19)   Merge Heap Roots: 0.1ms
[5.112s][info][gc,phases      ] GC(19)   Evacuate Collection Set: 0.5ms
[5.112s][info][gc,phases      ] GC(19)   Post Evacuate Collection Set: 0.4ms
[5.112s][info][gc,phases      ] GC(19)   Other: 0.1ms
[5.112s][info][gc,heap        ] GC(19) Eden regions: 369->0(369)
[5.112s][info][gc,heap        ] GC(19) Survivor regions: 2->2(47)
[5.112s][info][gc,heap        ] GC(19) Old regions: 46->46
[5.112s][info][gc,heap        ] GC(19) Archive regions: 0->0
[5.112s][info][gc,heap        ] GC(19) Humongous regions: 0->0
[5.112s][info][gc,metaspace   ] GC(19) Metaspace: 15833K(16064K)->15833K(16064K) NonClass: 13571K(13696K)->13571K(13696K) Class: 2261K(2368K)->2261K(2368K)
[5.112s][info][gc             ] GC(19) Pause Young (Normal) (G1 Evacuation Pause) 408M->39M(619M) 1.403ms
[5.112s][info][gc,cpu         ] GC(19) User=0.00s Sys=0.00s Real=0.00s
[5.153s][info][gc,start       ] GC(20) Pause Young (Normal) (G1 Evacuation Pause)
[5.154s][info][gc,task        ] GC(20) Using 14 workers of 33 for evacuation
[5.156s][info][gc,phases      ] GC(20)   Pre Evacuate Collection Set: 0.6ms
[5.156s][info][gc,phases      ] GC(20)   Merge Heap Roots: 0.1ms
[5.156s][info][gc,phases      ] GC(20)   Evacuate Collection Set: 0.5ms
[5.156s][info][gc,phases      ] GC(20)   Post Evacuate Collection Set: 0.7ms
[5.156s][info][gc,phases      ] GC(20)   Other: 0.1ms
[5.156s][info][gc,heap        ] GC(20) Eden regions: 369->0(369)
[5.156s][info][gc,heap        ] GC(20) Survivor regions: 2->2(47)
[5.156s][info][gc,heap        ] GC(20) Old regions: 46->46
[5.156s][info][gc,heap        ] GC(20) Archive regions: 0->0
[5.156s][info][gc,heap        ] GC(20) Humongous regions: 0->0
[5.156s][info][gc,metaspace   ] GC(20) Metaspace: 15834K(16064K)->15834K(16064K) NonClass: 13572K(13696K)->13572K(13696K) Class: 2261K(2368K)->2261K(2368K)
[5.156s][info][gc             ] GC(20) Pause Young (Normal) (G1 Evacuation Pause) 408M->39M(619M) 2.348ms
[5.156s][info][gc,cpu         ] GC(20) User=0.00s Sys=0.00s Real=0.00s
[5.350s][info][gc,start       ] GC(21) Pause Young (Normal) (G1 Evacuation Pause)
[5.350s][info][gc,task        ] GC(21) Using 14 workers of 33 for evacuation
[5.384s][info][gc,phases      ] GC(21)   Pre Evacuate Collection Set: 0.2ms
[5.384s][info][gc,phases      ] GC(21)   Merge Heap Roots: 0.2ms
[5.384s][info][gc,phases      ] GC(21)   Evacuate Collection Set: 33.1ms
[5.385s][info][gc,phases      ] GC(21)   Post Evacuate Collection Set: 0.8ms
[5.385s][info][gc,phases      ] GC(21)   Other: 0.2ms
[5.385s][info][gc,heap        ] GC(21) Eden regions: 369->0(324)
[5.385s][info][gc,heap        ] GC(21) Survivor regions: 2->47(47)
[5.385s][info][gc,heap        ] GC(21) Old regions: 46->64
[5.385s][info][gc,heap        ] GC(21) Archive regions: 0->0
[5.385s][info][gc,heap        ] GC(21) Humongous regions: 1->1
[5.385s][info][gc,metaspace   ] GC(21) Metaspace: 16053K(16320K)->16053K(16320K) NonClass: 13733K(13888K)->13733K(13888K) Class: 2319K(2432K)->2319K(2432K)
[5.385s][info][gc             ] GC(21) Pause Young (Normal) (G1 Evacuation Pause) 409M->103M(619M) 34.981ms
[5.385s][info][gc,cpu         ] GC(21) User=0.44s Sys=0.00s Real=0.03s
[5.717s][info][gc,start       ] GC(22) Pause Young (Normal) (G1 Evacuation Pause)
[5.717s][info][gc,task        ] GC(22) Using 14 workers of 33 for evacuation
[5.801s][info][gc,phases      ] GC(22)   Pre Evacuate Collection Set: 0.2ms
[5.801s][info][gc,phases      ] GC(22)   Merge Heap Roots: 0.2ms
[5.801s][info][gc,phases      ] GC(22)   Evacuate Collection Set: 83.2ms
[5.801s][info][gc,phases      ] GC(22)   Post Evacuate Collection Set: 0.8ms
[5.801s][info][gc,phases      ] GC(22)   Other: 0.2ms
[5.801s][info][gc,heap        ] GC(22) Eden regions: 324->0(192)
[5.801s][info][gc,heap        ] GC(22) Survivor regions: 47->47(47)
[5.801s][info][gc,heap        ] GC(22) Old regions: 64->271
[5.801s][info][gc,heap        ] GC(22) Archive regions: 0->0
[5.801s][info][gc,heap        ] GC(22) Humongous regions: 1->1
[5.801s][info][gc,metaspace   ] GC(22) Metaspace: 16058K(16320K)->16058K(16320K) NonClass: 13738K(13888K)->13738K(13888K) Class: 2319K(2432K)->2319K(2432K)
[5.801s][info][gc             ] GC(22) Pause Young (Normal) (G1 Evacuation Pause) 427M->311M(690M) 84.877ms
[5.802s][info][gc,cpu         ] GC(22) User=1.28s Sys=0.03s Real=0.09s
[5.806s][info][gc,start       ] GC(23) Pause Young (Normal) (G1 Evacuation Pause)
[5.806s][info][gc,task        ] GC(23) Using 16 workers of 33 for evacuation
[5.828s][info][gc,phases      ] GC(23)   Pre Evacuate Collection Set: 0.1ms
[5.828s][info][gc,phases      ] GC(23)   Merge Heap Roots: 0.4ms
[5.828s][info][gc,phases      ] GC(23)   Evacuate Collection Set: 20.8ms
[5.828s][info][gc,phases      ] GC(23)   Post Evacuate Collection Set: 0.6ms
[5.828s][info][gc,phases      ] GC(23)   Other: 0.1ms
[5.828s][info][gc,heap        ] GC(23) Eden regions: 5->0(27)
[5.828s][info][gc,heap        ] GC(23) Survivor regions: 47->7(7)
[5.828s][info][gc,heap        ] GC(23) Old regions: 271->324
[5.828s][info][gc,heap        ] GC(23) Archive regions: 0->0
[5.828s][info][gc,heap        ] GC(23) Humongous regions: 1->1
[5.828s][info][gc,metaspace   ] GC(23) Metaspace: 16058K(16320K)->16058K(16320K) NonClass: 13738K(13888K)->13738K(13888K) Class: 2319K(2432K)->2319K(2432K)
[5.829s][info][gc             ] GC(23) Pause Young (Normal) (G1 Evacuation Pause) 316M->323M(690M) 22.157ms
[5.829s][info][gc,cpu         ] GC(23) User=0.50s Sys=0.00s Real=0.03s
[5.857s][info][gc,start       ] GC(24) Pause Young (Concurrent Start) (G1 Evacuation Pause)
[5.857s][info][gc,task        ] GC(24) Using 16 workers of 33 for evacuation
[5.886s][info][gc,phases      ] GC(24)   Pre Evacuate Collection Set: 0.2ms
[5.886s][info][gc,phases      ] GC(24)   Merge Heap Roots: 0.8ms
[5.886s][info][gc,phases      ] GC(24)   Evacuate Collection Set: 26.4ms
[5.886s][info][gc,phases      ] GC(24)   Post Evacuate Collection Set: 1.4ms
[5.886s][info][gc,phases      ] GC(24)   Other: 0.1ms
[5.886s][info][gc,heap        ] GC(24) Eden regions: 27->0(36)
[5.886s][info][gc,heap        ] GC(24) Survivor regions: 7->5(5)
[5.886s][info][gc,heap        ] GC(24) Old regions: 324->342
[5.886s][info][gc,heap        ] GC(24) Archive regions: 0->0
[5.886s][info][gc,heap        ] GC(24) Humongous regions: 1->1
[5.886s][info][gc,metaspace   ] GC(24) Metaspace: 16058K(16320K)->16058K(16320K) NonClass: 13738K(13888K)->13738K(13888K) Class: 2319K(2432K)->2319K(2432K)
[5.886s][info][gc             ] GC(24) Pause Young (Concurrent Start) (G1 Evacuation Pause) 350M->339M(824M) 29.201ms
[5.886s][info][gc             ] GC(25) Concurrent Mark Cycle
[5.886s][info][gc,cpu         ] GC(24) User=0.50s Sys=0.00s Real=0.03s
[5.886s][info][gc,marking     ] GC(25) Concurrent Scan Root Regions
[5.889s][info][gc,marking     ] GC(25) Concurrent Scan Root Regions 3.181ms
[5.889s][info][gc,marking     ] GC(25) Concurrent Mark
[5.889s][info][gc,marking     ] GC(25) Concurrent Mark From Roots
[5.889s][info][gc,task        ] GC(25) Using 8 workers of 8 for marking
[5.942s][info][gc,start       ] GC(26) Pause Young (Normal) (G1 Evacuation Pause)
[5.942s][info][gc,task        ] GC(26) Using 19 workers of 33 for evacuation
[5.963s][info][gc,phases      ] GC(26)   Pre Evacuate Collection Set: 0.1ms
[5.963s][info][gc,phases      ] GC(26)   Merge Heap Roots: 0.5ms
[5.963s][info][gc,phases      ] GC(26)   Evacuate Collection Set: 19.7ms
[5.963s][info][gc,phases      ] GC(26)   Post Evacuate Collection Set: 0.6ms
[5.963s][info][gc,phases      ] GC(26)   Other: 0.1ms
[5.963s][info][gc,heap        ] GC(26) Eden regions: 36->0(35)
[5.963s][info][gc,heap        ] GC(26) Survivor regions: 5->6(6)
[5.963s][info][gc,heap        ] GC(26) Old regions: 342->367
[5.963s][info][gc,heap        ] GC(26) Archive regions: 0->0
[5.963s][info][gc,heap        ] GC(26) Humongous regions: 1->1
[5.963s][info][gc,metaspace   ] GC(26) Metaspace: 16058K(16320K)->16058K(16320K) NonClass: 13738K(13888K)->13738K(13888K) Class: 2319K(2432K)->2319K(2432K)
[5.963s][info][gc             ] GC(26) Pause Young (Normal) (G1 Evacuation Pause) 375M->366M(824M) 21.166ms
[5.963s][info][gc,cpu         ] GC(26) User=0.30s Sys=0.00s Real=0.02s
[5.997s][info][gc,marking     ] GC(25) Concurrent Mark From Roots 107.965ms
[5.997s][info][gc,marking     ] GC(25) Concurrent Preclean
[5.997s][info][gc,marking     ] GC(25) Concurrent Preclean 0.030ms
[5.997s][info][gc,start       ] GC(25) Pause Remark
[6.002s][info][gc             ] GC(25) Pause Remark 395M->367M(824M) 4.190ms
[6.002s][info][gc,cpu         ] GC(25) User=0.02s Sys=0.00s Real=0.02s
[6.002s][info][gc,marking     ] GC(25) Concurrent Mark 112.611ms
[6.002s][info][gc,marking     ] GC(25) Concurrent Rebuild Remembered Sets and Scrub Regions
[6.010s][info][gc,start       ] GC(27) Pause Young (Normal) (G1 Evacuation Pause)
[6.010s][info][gc,task        ] GC(27) Using 19 workers of 33 for evacuation
[6.035s][info][gc,phases      ] GC(27)   Pre Evacuate Collection Set: 0.1ms
[6.035s][info][gc,phases      ] GC(27)   Merge Heap Roots: 0.6ms
[6.035s][info][gc,phases      ] GC(27)   Evacuate Collection Set: 23.7ms
[6.035s][info][gc,phases      ] GC(27)   Post Evacuate Collection Set: 0.7ms
[6.035s][info][gc,phases      ] GC(27)   Other: 0.1ms
[6.035s][info][gc,heap        ] GC(27) Eden regions: 35->0(35)
[6.035s][info][gc,heap        ] GC(27) Survivor regions: 6->6(6)
[6.035s][info][gc,heap        ] GC(27) Old regions: 339->365
[6.035s][info][gc,heap        ] GC(27) Archive regions: 0->0
[6.035s][info][gc,heap        ] GC(27) Humongous regions: 1->1
[6.035s][info][gc,metaspace   ] GC(27) Metaspace: 15993K(16320K)->15993K(16320K) NonClass: 13693K(13888K)->13693K(13888K) Class: 2300K(2432K)->2300K(2432K)
[6.035s][info][gc             ] GC(27) Pause Young (Normal) (G1 Evacuation Pause) 373M->364M(824M) 25.454ms
[6.035s][info][gc,cpu         ] GC(27) User=0.59s Sys=0.00s Real=0.03s
[6.097s][info][gc,start       ] GC(28) Pause Young (Normal) (G1 Evacuation Pause)
[6.098s][info][gc,task        ] GC(28) Using 19 workers of 33 for evacuation
[6.123s][info][gc,phases      ] GC(28)   Pre Evacuate Collection Set: 0.1ms
[6.123s][info][gc,phases      ] GC(28)   Merge Heap Roots: 0.7ms
[6.123s][info][gc,phases      ] GC(28)   Evacuate Collection Set: 24.2ms
[6.123s][info][gc,phases      ] GC(28)   Post Evacuate Collection Set: 0.7ms
[6.123s][info][gc,phases      ] GC(28)   Other: 0.1ms
[6.123s][info][gc,heap        ] GC(28) Eden regions: 35->0(35)
[6.123s][info][gc,heap        ] GC(28) Survivor regions: 6->6(6)
[6.123s][info][gc,heap        ] GC(28) Old regions: 365->391
[6.123s][info][gc,heap        ] GC(28) Archive regions: 0->0
[6.123s][info][gc,heap        ] GC(28) Humongous regions: 1->1
[6.123s][info][gc,metaspace   ] GC(28) Metaspace: 15993K(16320K)->15993K(16320K) NonClass: 13693K(13888K)->13693K(13888K) Class: 2300K(2432K)->2300K(2432K)
[6.123s][info][gc             ] GC(28) Pause Young (Normal) (G1 Evacuation Pause) 399M->390M(824M) 26.005ms
[6.123s][info][gc,cpu         ] GC(28) User=0.30s Sys=0.00s Real=0.02s
[6.178s][info][gc,start       ] GC(29) Pause Young (Normal) (G1 Evacuation Pause)
[6.178s][info][gc,task        ] GC(29) Using 19 workers of 33 for evacuation
[6.206s][info][gc,phases      ] GC(29)   Pre Evacuate Collection Set: 0.1ms
[6.206s][info][gc,phases      ] GC(29)   Merge Heap Roots: 0.6ms
[6.206s][info][gc,phases      ] GC(29)   Evacuate Collection Set: 25.6ms
[6.206s][info][gc,phases      ] GC(29)   Post Evacuate Collection Set: 1.3ms
[6.206s][info][gc,phases      ] GC(29)   Other: 0.1ms
[6.206s][info][gc,heap        ] GC(29) Eden regions: 35->0(39)
[6.206s][info][gc,heap        ] GC(29) Survivor regions: 6->6(6)
[6.206s][info][gc,heap        ] GC(29) Old regions: 391->417
[6.206s][info][gc,heap        ] GC(29) Archive regions: 0->0
[6.206s][info][gc,heap        ] GC(29) Humongous regions: 1->1
[6.206s][info][gc,metaspace   ] GC(29) Metaspace: 15993K(16320K)->15993K(16320K) NonClass: 13693K(13888K)->13693K(13888K) Class: 2300K(2432K)->2300K(2432K)
[6.206s][info][gc             ] GC(29) Pause Young (Normal) (G1 Evacuation Pause) 425M->416M(904M) 27.933ms
[6.206s][info][gc,cpu         ] GC(29) User=0.59s Sys=0.00s Real=0.03s
[6.270s][info][gc,start       ] GC(30) Pause Young (Normal) (G1 Evacuation Pause)
[6.270s][info][gc,task        ] GC(30) Using 21 workers of 33 for evacuation
[6.296s][info][gc,phases      ] GC(30)   Pre Evacuate Collection Set: 0.1ms
[6.296s][info][gc,phases      ] GC(30)   Merge Heap Roots: 0.6ms
[6.296s][info][gc,phases      ] GC(30)   Evacuate Collection Set: 24.2ms
[6.296s][info][gc,phases      ] GC(30)   Post Evacuate Collection Set: 0.8ms
[6.296s][info][gc,phases      ] GC(30)   Other: 0.1ms
[6.296s][info][gc,heap        ] GC(30) Eden regions: 39->0(39)
[6.296s][info][gc,heap        ] GC(30) Survivor regions: 6->6(6)
[6.296s][info][gc,heap        ] GC(30) Old regions: 417->446
[6.296s][info][gc,heap        ] GC(30) Archive regions: 0->0
[6.296s][info][gc,heap        ] GC(30) Humongous regions: 1->1
[6.296s][info][gc,metaspace   ] GC(30) Metaspace: 15993K(16320K)->15993K(16320K) NonClass: 13693K(13888K)->13693K(13888K) Class: 2300K(2432K)->2300K(2432K)
[6.296s][info][gc             ] GC(30) Pause Young (Normal) (G1 Evacuation Pause) 455M->445M(904M) 26.197ms
[6.296s][info][gc,cpu         ] GC(30) User=0.33s Sys=0.00s Real=0.02s
[6.307s][info][gc,marking     ] GC(25) Concurrent Rebuild Remembered Sets and Scrub Regions 305.256ms
[6.307s][info][gc,start       ] GC(25) Pause Cleanup
[6.307s][info][gc             ] GC(25) Pause Cleanup 454M->454M(904M) 0.220ms
[6.307s][info][gc,cpu         ] GC(25) User=0.00s Sys=0.00s Real=0.00s
[6.307s][info][gc,marking     ] GC(25) Concurrent Clear Claimed Marks
[6.307s][info][gc,marking     ] GC(25) Concurrent Clear Claimed Marks 0.045ms
[6.307s][info][gc,marking     ] GC(25) Concurrent Cleanup for Next Mark
[6.309s][info][gc,marking     ] GC(25) Concurrent Cleanup for Next Mark 1.823ms
[6.309s][info][gc             ] GC(25) Concurrent Mark Cycle 423.471ms
[6.408s][info][gc,start       ] GC(31) Pause Young (Prepare Mixed) (G1 Evacuation Pause)
[6.408s][info][gc,task        ] GC(31) Using 21 workers of 33 for evacuation
[6.446s][info][gc,phases      ] GC(31)   Pre Evacuate Collection Set: 0.2ms
[6.446s][info][gc,phases      ] GC(31)   Merge Heap Roots: 1.7ms
[6.446s][info][gc,phases      ] GC(31)   Evacuate Collection Set: 36.0ms
[6.446s][info][gc,phases      ] GC(31)   Post Evacuate Collection Set: 0.3ms
[6.446s][info][gc,phases      ] GC(31)   Other: 0.1ms
[6.446s][info][gc,heap        ] GC(31) Eden regions: 39->0(39)
[6.446s][info][gc,heap        ] GC(31) Survivor regions: 6->6(6)
[6.446s][info][gc,heap        ] GC(31) Old regions: 446->471
[6.446s][info][gc,heap        ] GC(31) Archive regions: 0->0
[6.446s][info][gc,heap        ] GC(31) Humongous regions: 2->2
[6.446s][info][gc,metaspace   ] GC(31) Metaspace: 16009K(16320K)->16009K(16320K) NonClass: 13708K(13888K)->13708K(13888K) Class: 2300K(2432K)->2300K(2432K)
[6.447s][info][gc             ] GC(31) Pause Young (Prepare Mixed) (G1 Evacuation Pause) 485M->470M(904M) 38.933ms
[6.447s][info][gc,cpu         ] GC(31) User=0.66s Sys=0.00s Real=0.03s
[6.689s][info][gc,start       ] GC(32) Pause Young (Mixed) (G1 Evacuation Pause)
[6.689s][info][gc,task        ] GC(32) Using 21 workers of 33 for evacuation
[6.721s][info][gc,phases      ] GC(32)   Pre Evacuate Collection Set: 0.1ms
[6.721s][info][gc,phases      ] GC(32)   Merge Heap Roots: 2.7ms
[6.721s][info][gc,phases      ] GC(32)   Evacuate Collection Set: 28.7ms
[6.721s][info][gc,phases      ] GC(32)   Post Evacuate Collection Set: 0.3ms
[6.721s][info][gc,phases      ] GC(32)   Other: 0.1ms
[6.721s][info][gc,heap        ] GC(32) Eden regions: 78->0(38)
[6.721s][info][gc,heap        ] GC(32) Survivor regions: 6->7(11)
[6.721s][info][gc,heap        ] GC(32) Old regions: 471->478
[6.721s][info][gc,heap        ] GC(32) Archive regions: 0->0
[6.721s][info][gc,heap        ] GC(32) Humongous regions: 2->2
[6.721s][info][gc,metaspace   ] GC(32) Metaspace: 16017K(16320K)->16017K(16320K) NonClass: 13716K(13888K)->13716K(13888K) Class: 2300K(2432K)->2300K(2432K)
[6.721s][info][gc             ] GC(32) Pause Young (Mixed) (G1 Evacuation Pause) 548M->478M(904M) 32.234ms
[6.722s][info][gc,cpu         ] GC(32) User=0.66s Sys=0.00s Real=0.03s
[14.499s][info][gc,start       ] GC(33) Pause Young (Mixed) (G1 Evacuation Pause)
[14.499s][info][gc,task        ] GC(33) Using 21 workers of 33 for evacuation
[14.523s][info][gc,phases      ] GC(33)   Pre Evacuate Collection Set: 0.2ms
[14.523s][info][gc,phases      ] GC(33)   Merge Heap Roots: 0.4ms
[14.523s][info][gc,phases      ] GC(33)   Evacuate Collection Set: 22.6ms
[14.523s][info][gc,phases      ] GC(33)   Post Evacuate Collection Set: 0.7ms
[14.523s][info][gc,phases      ] GC(33)   Other: 0.2ms
[14.523s][info][gc,heap        ] GC(33) Eden regions: 190->0(20)
[14.523s][info][gc,heap        ] GC(33) Survivor regions: 7->25(25)
[14.523s][info][gc,heap        ] GC(33) Old regions: 478->491
[14.523s][info][gc,heap        ] GC(33) Archive regions: 0->0
[14.523s][info][gc,heap        ] GC(33) Humongous regions: 2->2
[14.523s][info][gc,metaspace   ] GC(33) Metaspace: 16458K(16768K)->16458K(16768K) NonClass: 14068K(14208K)->14068K(14208K) Class: 2390K(2560K)->2390K(2560K)
[14.523s][info][gc             ] GC(33) Pause Young (Mixed) (G1 Evacuation Pause) 668M->510M(904M) 24.529ms
[14.523s][info][gc,cpu         ] GC(33) User=0.34s Sys=0.02s Real=0.04s
[14.667s][info][gc,start       ] GC(34) Pause Young (Concurrent Start) (G1 Evacuation Pause)
[14.667s][info][gc,task        ] GC(34) Using 21 workers of 33 for evacuation
[14.706s][info][gc,phases      ] GC(34)   Pre Evacuate Collection Set: 0.3ms
[14.706s][info][gc,phases      ] GC(34)   Merge Heap Roots: 0.5ms
[14.706s][info][gc,phases      ] GC(34)   Evacuate Collection Set: 37.0ms
[14.706s][info][gc,phases      ] GC(34)   Post Evacuate Collection Set: 0.3ms
[14.706s][info][gc,phases      ] GC(34)   Other: 0.1ms
[14.706s][info][gc,heap        ] GC(34) Eden regions: 189->0(146)
[14.706s][info][gc,heap        ] GC(34) Survivor regions: 25->27(27)
[14.706s][info][gc,heap        ] GC(34) Old regions: 491->573
[14.706s][info][gc,heap        ] GC(34) Archive regions: 0->0
[14.706s][info][gc,heap        ] GC(34) Humongous regions: 2->2
[14.706s][info][gc,metaspace   ] GC(34) Metaspace: 16458K(16768K)->16458K(16768K) NonClass: 14068K(14208K)->14068K(14208K) Class: 2390K(2560K)->2390K(2560K)
[14.706s][info][gc             ] GC(34) Pause Young (Concurrent Start) (G1 Evacuation Pause) 699M->594M(904M) 38.565ms
[14.706s][info][gc             ] GC(35) Concurrent Mark Cycle
[14.706s][info][gc,cpu         ] GC(34) User=0.66s Sys=0.00s Real=0.03s
[14.706s][info][gc,marking     ] GC(35) Concurrent Scan Root Regions
[14.717s][info][gc,marking     ] GC(35) Concurrent Scan Root Regions 11.311ms
[14.717s][info][gc,marking     ] GC(35) Concurrent Mark
[14.717s][info][gc,marking     ] GC(35) Concurrent Mark From Roots
[14.717s][info][gc,task        ] GC(35) Using 8 workers of 8 for marking
[14.751s][info][gc,marking     ] GC(35) Concurrent Mark From Roots 33.893ms
[14.751s][info][gc,marking     ] GC(35) Concurrent Preclean
[14.751s][info][gc,marking     ] GC(35) Concurrent Preclean 0.064ms
[14.751s][info][gc,start       ] GC(35) Pause Remark
[14.754s][info][gc             ] GC(35) Pause Remark 643M->624M(1024M) 2.357ms
[14.754s][info][gc,cpu         ] GC(35) User=0.00s Sys=0.00s Real=0.00s
[14.754s][info][gc,marking     ] GC(35) Concurrent Mark 36.601ms
[14.754s][info][gc,marking     ] GC(35) Concurrent Rebuild Remembered Sets and Scrub Regions
[14.865s][info][gc,start       ] GC(36) Pause Young (Normal) (G1 Evacuation Pause)
[14.865s][info][gc,task        ] GC(36) Using 24 workers of 33 for evacuation
[14.890s][info][gc,phases      ] GC(36)   Pre Evacuate Collection Set: 0.2ms
[14.890s][info][gc,phases      ] GC(36)   Merge Heap Roots: 0.2ms
[14.890s][info][gc,phases      ] GC(36)   Evacuate Collection Set: 23.5ms
[14.890s][info][gc,phases      ] GC(36)   Post Evacuate Collection Set: 0.6ms
[14.890s][info][gc,phases      ] GC(36)   Other: 0.1ms
[14.890s][info][gc,heap        ] GC(36) Eden regions: 146->0(181)
[14.890s][info][gc,heap        ] GC(36) Survivor regions: 27->22(22)
[14.890s][info][gc,heap        ] GC(36) Old regions: 555->629
[14.890s][info][gc,heap        ] GC(36) Archive regions: 0->0
[14.890s][info][gc,heap        ] GC(36) Humongous regions: 1->1
[14.890s][info][gc,metaspace   ] GC(36) Metaspace: 16458K(16768K)->16458K(16768K) NonClass: 14068K(14208K)->14068K(14208K) Class: 2390K(2560K)->2390K(2560K)
[14.890s][info][gc             ] GC(36) Pause Young (Normal) (G1 Evacuation Pause) 721M->644M(1024M) 24.938ms
[14.890s][info][gc,cpu         ] GC(36) User=0.75s Sys=0.00s Real=0.03s
[14.893s][info][gc,marking     ] GC(35) Concurrent Rebuild Remembered Sets and Scrub Regions 138.904ms
[14.893s][info][gc,start       ] GC(35) Pause Cleanup
[14.893s][info][gc             ] GC(35) Pause Cleanup 647M->647M(1024M) 0.568ms
[14.893s][info][gc,cpu         ] GC(35) User=0.00s Sys=0.00s Real=0.00s
[14.894s][info][gc,marking     ] GC(35) Concurrent Clear Claimed Marks
[14.894s][info][gc,marking     ] GC(35) Concurrent Clear Claimed Marks 0.042ms
[14.894s][info][gc,marking     ] GC(35) Concurrent Cleanup for Next Mark
[14.894s][info][gc,marking     ] GC(35) Concurrent Cleanup for Next Mark 0.778ms
[14.894s][info][gc             ] GC(35) Concurrent Mark Cycle 188.546ms
[15.036s][info][gc,start       ] GC(37) Pause Young (Prepare Mixed) (G1 Evacuation Pause)
[15.036s][info][gc,task        ] GC(37) Using 24 workers of 33 for evacuation
[15.073s][info][gc,phases      ] GC(37)   Pre Evacuate Collection Set: 0.2ms
[15.073s][info][gc,phases      ] GC(37)   Merge Heap Roots: 0.7ms
[15.073s][info][gc,phases      ] GC(37)   Evacuate Collection Set: 35.5ms
[15.073s][info][gc,phases      ] GC(37)   Post Evacuate Collection Set: 0.4ms
[15.073s][info][gc,phases      ] GC(37)   Other: 0.2ms
[15.073s][info][gc,heap        ] GC(37) Eden regions: 181->0(140)
[15.073s][info][gc,heap        ] GC(37) Survivor regions: 22->26(26)
[15.073s][info][gc,heap        ] GC(37) Old regions: 629->707
[15.073s][info][gc,heap        ] GC(37) Archive regions: 0->0
[15.073s][info][gc,heap        ] GC(37) Humongous regions: 1->1
[15.073s][info][gc,metaspace   ] GC(37) Metaspace: 16458K(16768K)->16458K(16768K) NonClass: 14068K(14208K)->14068K(14208K) Class: 2390K(2560K)->2390K(2560K)
[15.073s][info][gc             ] GC(37) Pause Young (Prepare Mixed) (G1 Evacuation Pause) 825M->726M(1024M) 37.180ms
[15.073s][info][gc,cpu         ] GC(37) User=0.75s Sys=0.00s Real=0.03s
[15.185s][info][gc,start       ] GC(38) Pause Young (Mixed) (G1 Evacuation Pause)
[15.185s][info][gc,task        ] GC(38) Using 24 workers of 33 for evacuation
[15.216s][info][gc,phases      ] GC(38)   Pre Evacuate Collection Set: 0.2ms
[15.216s][info][gc,phases      ] GC(38)   Merge Heap Roots: 0.3ms
[15.216s][info][gc,phases      ] GC(38)   Evacuate Collection Set: 30.2ms
[15.216s][info][gc,phases      ] GC(38)   Post Evacuate Collection Set: 0.4ms
[15.216s][info][gc,phases      ] GC(38)   Other: 0.2ms
[15.216s][info][gc,heap        ] GC(38) Eden regions: 140->0(159)
[15.216s][info][gc,heap        ] GC(38) Survivor regions: 26->21(21)
[15.216s][info][gc,heap        ] GC(38) Old regions: 707->675
[15.216s][info][gc,heap        ] GC(38) Archive regions: 0->0
[15.216s][info][gc,heap        ] GC(38) Humongous regions: 1->1
[15.216s][info][gc,metaspace   ] GC(38) Metaspace: 16458K(16768K)->16458K(16768K) NonClass: 14068K(14208K)->14068K(14208K) Class: 2390K(2560K)->2390K(2560K)
[15.216s][info][gc             ] GC(38) Pause Young (Mixed) (G1 Evacuation Pause) 866M->689M(1024M) 31.553ms
[15.216s][info][gc,cpu         ] GC(38) User=0.75s Sys=0.00s Real=0.03s
[15.346s][info][gc,start       ] GC(39) Pause Young (Mixed) (G1 Evacuation Pause)
[15.346s][info][gc,task        ] GC(39) Using 24 workers of 33 for evacuation
[15.378s][info][gc,phases      ] GC(39)   Pre Evacuate Collection Set: 0.2ms
[15.378s][info][gc,phases      ] GC(39)   Merge Heap Roots: 0.3ms
[15.378s][info][gc,phases      ] GC(39)   Evacuate Collection Set: 30.9ms
[15.378s][info][gc,phases      ] GC(39)   Post Evacuate Collection Set: 0.4ms
[15.378s][info][gc,phases      ] GC(39)   Other: 0.2ms
[15.378s][info][gc,heap        ] GC(39) Eden regions: 159->0(173)
[15.378s][info][gc,heap        ] GC(39) Survivor regions: 21->23(23)
[15.378s][info][gc,heap        ] GC(39) Old regions: 675->648
[15.378s][info][gc,heap        ] GC(39) Archive regions: 0->0
[15.378s][info][gc,heap        ] GC(39) Humongous regions: 1->1
[15.378s][info][gc,metaspace   ] GC(39) Metaspace: 16458K(16768K)->16458K(16768K) NonClass: 14068K(14208K)->14068K(14208K) Class: 2390K(2560K)->2390K(2560K)
[15.378s][info][gc             ] GC(39) Pause Young (Mixed) (G1 Evacuation Pause) 848M->664M(1024M) 32.282ms
[15.378s][info][gc,cpu         ] GC(39) User=0.75s Sys=0.00s Real=0.03s
[16.237s][info][gc,start       ] GC(40) Pause Young (Mixed) (G1 Evacuation Pause)
[16.238s][info][gc,task        ] GC(40) Using 24 workers of 33 for evacuation
[16.297s][info][gc,phases      ] GC(40)   Pre Evacuate Collection Set: 0.2ms
[16.297s][info][gc,phases      ] GC(40)   Merge Heap Roots: 2.3ms
[16.297s][info][gc,phases      ] GC(40)   Evacuate Collection Set: 55.8ms
[16.297s][info][gc,phases      ] GC(40)   Post Evacuate Collection Set: 1.2ms
[16.297s][info][gc,phases      ] GC(40)   Other: 0.2ms
[16.297s][info][gc,heap        ] GC(40) Eden regions: 173->0(162)
[16.297s][info][gc,heap        ] GC(40) Survivor regions: 23->25(25)
[16.297s][info][gc,heap        ] GC(40) Old regions: 648->649
[16.297s][info][gc,heap        ] GC(40) Archive regions: 0->0
[16.297s][info][gc,heap        ] GC(40) Humongous regions: 7->7
[16.297s][info][gc,metaspace   ] GC(40) Metaspace: 16484K(16896K)->16484K(16896K) NonClass: 14089K(14336K)->14089K(14336K) Class: 2395K(2560K)->2395K(2560K)
[16.297s][info][gc             ] GC(40) Pause Young (Mixed) (G1 Evacuation Pause) 843M->673M(1024M) 60.049ms
[16.298s][info][gc,cpu         ] GC(40) User=1.13s Sys=0.00s Real=0.05s
[16.766s][info][gc,start       ] GC(41) Pause Young (Mixed) (G1 Evacuation Pause)
[16.801s][info][gc,task        ] GC(41) Using 24 workers of 33 for evacuation
[16.839s][info][gc,phases      ] GC(41)   Pre Evacuate Collection Set: 0.2ms
[16.839s][info][gc,phases      ] GC(41)   Merge Heap Roots: 1.5ms
[16.839s][info][gc,phases      ] GC(41)   Evacuate Collection Set: 36.1ms
[16.839s][info][gc,phases      ] GC(41)   Post Evacuate Collection Set: 0.7ms
[16.839s][info][gc,phases      ] GC(41)   Other: 0.2ms
[16.839s][info][gc,heap        ] GC(41) Eden regions: 162->0(185)
[16.839s][info][gc,heap        ] GC(41) Survivor regions: 25->6(24)
[16.839s][info][gc,heap        ] GC(41) Old regions: 649->649
[16.839s][info][gc,heap        ] GC(41) Archive regions: 0->0
[16.839s][info][gc,heap        ] GC(41) Humongous regions: 7->7
[16.839s][info][gc,metaspace   ] GC(41) Metaspace: 16492K(16896K)->16492K(16896K) NonClass: 14096K(14336K)->14096K(14336K) Class: 2395K(2560K)->2395K(2560K)
[16.839s][info][gc             ] GC(41) Pause Young (Mixed) (G1 Evacuation Pause) 835M->654M(1024M) 73.869ms
[16.839s][info][gc,cpu         ] GC(41) User=0.75s Sys=0.00s Real=0.08s
[17.145s][info][gc,start       ] GC(42) Pause Young (Concurrent Start) (G1 Evacuation Pause)
[17.145s][info][gc,task        ] GC(42) Using 24 workers of 33 for evacuation
[17.160s][info][gc,phases      ] GC(42)   Pre Evacuate Collection Set: 0.3ms
[17.160s][info][gc,phases      ] GC(42)   Merge Heap Roots: 0.6ms
[17.160s][info][gc,phases      ] GC(42)   Evacuate Collection Set: 12.7ms
[17.160s][info][gc,phases      ] GC(42)   Post Evacuate Collection Set: 1.0ms
[17.160s][info][gc,phases      ] GC(42)   Other: 0.1ms
[17.160s][info][gc,heap        ] GC(42) Eden regions: 185->0(204)
[17.160s][info][gc,heap        ] GC(42) Survivor regions: 6->5(24)
[17.160s][info][gc,heap        ] GC(42) Old regions: 649->649
[17.160s][info][gc,heap        ] GC(42) Archive regions: 0->0
[17.160s][info][gc,heap        ] GC(42) Humongous regions: 7->7
[17.160s][info][gc,metaspace   ] GC(42) Metaspace: 16492K(16896K)->16492K(16896K) NonClass: 14096K(14336K)->14096K(14336K) Class: 2395K(2560K)->2395K(2560K)
[17.160s][info][gc             ] GC(42) Pause Young (Concurrent Start) (G1 Evacuation Pause) 839M->653M(1024M) 15.338ms
[17.160s][info][gc             ] GC(43) Concurrent Mark Cycle
[17.160s][info][gc,cpu         ] GC(42) User=0.38s Sys=0.00s Real=0.01s
[17.160s][info][gc,marking     ] GC(43) Concurrent Scan Root Regions
[17.169s][info][gc,marking     ] GC(43) Concurrent Scan Root Regions 8.270ms
[17.169s][info][gc,marking     ] GC(43) Concurrent Mark
[17.169s][info][gc,marking     ] GC(43) Concurrent Mark From Roots
[17.169s][info][gc,task        ] GC(43) Using 8 workers of 8 for marking
[17.291s][info][gc,marking     ] GC(43) Concurrent Mark From Roots 122.093ms
[17.291s][info][gc,marking     ] GC(43) Concurrent Preclean
[17.291s][info][gc,marking     ] GC(43) Concurrent Preclean 0.077ms
[17.291s][info][gc,start       ] GC(43) Pause Remark
[17.295s][info][gc             ] GC(43) Pause Remark 716M->611M(1024M) 3.316ms
[17.295s][info][gc,cpu         ] GC(43) User=0.00s Sys=0.00s Real=0.00s
[17.295s][info][gc,marking     ] GC(43) Concurrent Mark 125.786ms
[17.295s][info][gc,marking     ] GC(43) Concurrent Rebuild Remembered Sets and Scrub Regions
[17.538s][info][gc,marking     ] GC(43) Concurrent Rebuild Remembered Sets and Scrub Regions 243.173ms
[17.538s][info][gc,start       ] GC(43) Pause Cleanup
[17.539s][info][gc             ] GC(43) Pause Cleanup 728M->728M(1024M) 0.590ms
[17.539s][info][gc,cpu         ] GC(43) User=0.00s Sys=0.00s Real=0.00s
[17.539s][info][gc,marking     ] GC(43) Concurrent Clear Claimed Marks
[17.539s][info][gc,marking     ] GC(43) Concurrent Clear Claimed Marks 0.087ms
[17.539s][info][gc,marking     ] GC(43) Concurrent Cleanup for Next Mark
[17.540s][info][gc,marking     ] GC(43) Concurrent Cleanup for Next Mark 0.700ms
[17.540s][info][gc             ] GC(43) Concurrent Mark Cycle 379.154ms
[18.133s][info][gc,start       ] GC(44) Pause Young (Prepare Mixed) (G1 Evacuation Pause)
[18.160s][info][gc,task        ] GC(44) Using 24 workers of 33 for evacuation
[18.172s][info][gc,phases      ] GC(44)   Pre Evacuate Collection Set: 0.2ms
[18.172s][info][gc,phases      ] GC(44)   Merge Heap Roots: 0.7ms
[18.172s][info][gc,phases      ] GC(44)   Evacuate Collection Set: 9.9ms
[18.172s][info][gc,phases      ] GC(44)   Post Evacuate Collection Set: 0.8ms
[18.172s][info][gc,phases      ] GC(44)   Other: 0.2ms
[18.172s][info][gc,heap        ] GC(44) Eden regions: 204->0(287)
[18.172s][info][gc,heap        ] GC(44) Survivor regions: 5->3(27)
[18.172s][info][gc,heap        ] GC(44) Old regions: 548->548
[18.172s][info][gc,heap        ] GC(44) Archive regions: 0->0
[18.172s][info][gc,heap        ] GC(44) Humongous regions: 3->3
[18.172s][info][gc,metaspace   ] GC(44) Metaspace: 16680K(17024K)->16680K(17024K) NonClass: 14238K(14400K)->14238K(14400K) Class: 2442K(2624K)->2442K(2624K)
[18.172s][info][gc             ] GC(44) Pause Young (Prepare Mixed) (G1 Evacuation Pause) 752M->547M(1024M) 39.402ms
[18.173s][info][gc,cpu         ] GC(44) User=0.38s Sys=0.00s Real=0.04s
[19.090s][info][gc,start       ] GC(45) Pause Full (System.gc())
[19.090s][info][gc,task        ] GC(45) Using 24 workers of 33 for full compaction
[19.092s][info][gc,phases,start] GC(45) Phase 1: Mark live objects
[19.101s][info][gc,phases      ] GC(45) Phase 1: Mark live objects 9.840ms
[19.101s][info][gc,phases,start] GC(45) Phase 2: Prepare compaction
[19.103s][info][gc,phases      ] GC(45) Phase 2: Prepare compaction 1.612ms
[19.103s][info][gc,phases,start] GC(45) Phase 3: Adjust pointers
[19.107s][info][gc,phases      ] GC(45) Phase 3: Adjust pointers 4.129ms
[19.107s][info][gc,phases,start] GC(45) Phase 4: Compact heap
[19.109s][info][gc,phases      ] GC(45) Phase 4: Compact heap 1.977ms
[19.115s][info][gc,heap        ] GC(45) Eden regions: 54->0(33)
[19.115s][info][gc,heap        ] GC(45) Survivor regions: 3->0(27)
[19.115s][info][gc,heap        ] GC(45) Old regions: 548->25
[19.115s][info][gc,heap        ] GC(45) Archive regions: 0->0
[19.115s][info][gc,heap        ] GC(45) Humongous regions: 3->0
[19.115s][info][gc,metaspace   ] GC(45) Metaspace: 16688K(17024K)->16621K(17024K) NonClass: 14244K(14400K)->14197K(14400K) Class: 2444K(2624K)->2423K(2624K)
[19.115s][info][gc             ] GC(45) Pause Full (System.gc()) 601M->6M(84M) 24.972ms
[19.115s][info][gc,cpu         ] GC(45) User=0.39s Sys=0.00s Real=0.03s
[19.975s][info][gc,start       ] GC(46) Pause Young (Concurrent Start) (G1 Evacuation Pause)
[19.975s][info][gc,task        ] GC(46) Using 13 workers of 33 for evacuation
[19.977s][info][gc,phases      ] GC(46)   Pre Evacuate Collection Set: 0.2ms
[19.977s][info][gc,phases      ] GC(46)   Merge Heap Roots: 0.0ms
[19.977s][info][gc,phases      ] GC(46)   Evacuate Collection Set: 1.4ms
[19.977s][info][gc,phases      ] GC(46)   Post Evacuate Collection Set: 0.2ms
[19.977s][info][gc,phases      ] GC(46)   Other: 0.1ms
[19.977s][info][gc,heap        ] GC(46) Eden regions: 33->0(32)
[19.977s][info][gc,heap        ] GC(46) Survivor regions: 0->5(5)
[19.977s][info][gc,heap        ] GC(46) Old regions: 25->25
[19.977s][info][gc,heap        ] GC(46) Archive regions: 0->0
[19.977s][info][gc,heap        ] GC(46) Humongous regions: 0->0
[19.977s][info][gc,metaspace   ] GC(46) Metaspace: 16621K(17024K)->16621K(17024K) NonClass: 14197K(14400K)->14197K(14400K) Class: 2423K(2624K)->2423K(2624K)
[19.977s][info][gc             ] GC(46) Pause Young (Concurrent Start) (G1 Evacuation Pause) 39M->10M(84M) 2.145ms
[19.977s][info][gc,cpu         ] GC(46) User=0.00s Sys=0.00s Real=0.00s
[19.977s][info][gc             ] GC(47) Concurrent Mark Cycle
[19.977s][info][gc,marking     ] GC(47) Concurrent Scan Root Regions
[19.978s][info][gc,marking     ] GC(47) Concurrent Scan Root Regions 1.244ms
[19.978s][info][gc,marking     ] GC(47) Concurrent Mark
[19.978s][info][gc,marking     ] GC(47) Concurrent Mark From Roots
[19.978s][info][gc,task        ] GC(47) Using 8 workers of 8 for marking
[19.981s][info][gc,marking     ] GC(47) Concurrent Mark From Roots 3.032ms
[19.981s][info][gc,marking     ] GC(47) Concurrent Preclean
[19.981s][info][gc,marking     ] GC(47) Concurrent Preclean 0.032ms
[19.981s][info][gc,start       ] GC(47) Pause Remark
[19.982s][info][gc             ] GC(47) Pause Remark 11M->11M(84M) 0.828ms
[19.982s][info][gc,cpu         ] GC(47) User=0.00s Sys=0.00s Real=0.00s
[19.987s][info][gc,marking     ] GC(47) Concurrent Mark 8.652ms
[19.987s][info][gc,marking     ] GC(47) Concurrent Rebuild Remembered Sets and Scrub Regions
[19.989s][info][gc,marking     ] GC(47) Concurrent Rebuild Remembered Sets and Scrub Regions 2.083ms
[19.989s][info][gc,start       ] GC(47) Pause Cleanup
[19.989s][info][gc             ] GC(47) Pause Cleanup 11M->11M(84M) 0.094ms
[19.989s][info][gc,cpu         ] GC(47) User=0.00s Sys=0.00s Real=0.00s
[20.005s][info][gc,marking     ] GC(47) Concurrent Clear Claimed Marks
[20.005s][info][gc,marking     ] GC(47) Concurrent Clear Claimed Marks 0.040ms
[20.005s][info][gc,marking     ] GC(47) Concurrent Cleanup for Next Mark
[20.005s][info][gc,marking     ] GC(47) Concurrent Cleanup for Next Mark 0.172ms
[20.005s][info][gc             ] GC(47) Concurrent Mark Cycle 28.368ms
[20.338s][info][gc,start       ] GC(48) Pause Young (Prepare Mixed) (G1 Evacuation Pause)
[20.338s][info][gc,task        ] GC(48) Using 7 workers of 33 for evacuation
[20.409s][info][gc,phases      ] GC(48)   Pre Evacuate Collection Set: 0.1ms
[20.410s][info][gc,phases      ] GC(48)   Merge Heap Roots: 0.0ms
[20.410s][info][gc,phases      ] GC(48)   Evacuate Collection Set: 70.1ms
[20.410s][info][gc,phases      ] GC(48)   Post Evacuate Collection Set: 1.1ms
[20.410s][info][gc,phases      ] GC(48)   Other: 0.1ms
[20.410s][info][gc,heap        ] GC(48) Eden regions: 32->0(15)
[20.410s][info][gc,heap        ] GC(48) Survivor regions: 5->5(5)
[20.410s][info][gc,heap        ] GC(48) Old regions: 25->47
[20.410s][info][gc,heap        ] GC(48) Archive regions: 0->0
[20.410s][info][gc,heap        ] GC(48) Humongous regions: 0->0
[20.410s][info][gc,metaspace   ] GC(48) Metaspace: 16622K(17024K)->16622K(17024K) NonClass: 14198K(14400K)->14198K(14400K) Class: 2423K(2624K)->2423K(2624K)
[20.410s][info][gc             ] GC(48) Pause Young (Prepare Mixed) (G1 Evacuation Pause) 42M->32M(89M) 71.879ms
[20.410s][info][gc,cpu         ] GC(48) User=0.44s Sys=0.00s Real=0.07s
[20.918s][info][gc,start       ] GC(49) Pause Young (Mixed) (G1 Evacuation Pause)
[20.918s][info][gc,task        ] GC(49) Using 4 workers of 33 for evacuation
[20.950s][info][gc,phases      ] GC(49)   Pre Evacuate Collection Set: 0.1ms
[20.951s][info][gc,phases      ] GC(49)   Merge Heap Roots: 3.8ms
[20.951s][info][gc,phases      ] GC(49)   Evacuate Collection Set: 28.3ms
[20.951s][info][gc,phases      ] GC(49)   Post Evacuate Collection Set: 0.4ms
[20.951s][info][gc,phases      ] GC(49)   Other: 0.1ms
[20.951s][info][gc,heap        ] GC(49) Eden regions: 15->0(14)
[20.951s][info][gc,heap        ] GC(49) Survivor regions: 5->3(3)
[20.951s][info][gc,heap        ] GC(49) Old regions: 47->50
[20.951s][info][gc,heap        ] GC(49) Archive regions: 0->0
[20.951s][info][gc,heap        ] GC(49) Humongous regions: 0->0
[20.951s][info][gc,metaspace   ] GC(49) Metaspace: 16622K(17024K)->16622K(17024K) NonClass: 14198K(14400K)->14198K(14400K) Class: 2423K(2624K)->2423K(2624K)
[20.951s][info][gc             ] GC(49) Pause Young (Mixed) (G1 Evacuation Pause) 47M->42M(89M) 33.327ms
[20.951s][info][gc,cpu         ] GC(49) User=0.13s Sys=0.00s Real=0.03s
[20.955s][info][gc,start       ] GC(50) Pause Young (Mixed) (G1 Evacuation Pause)
[20.955s][info][gc,task        ] GC(50) Using 3 workers of 33 for evacuation
[20.964s][info][gc,phases      ] GC(50)   Pre Evacuate Collection Set: 0.1ms
[20.964s][info][gc,phases      ] GC(50)   Merge Heap Roots: 0.1ms
[20.964s][info][gc,phases      ] GC(50)   Evacuate Collection Set: 8.9ms
[20.964s][info][gc,phases      ] GC(50)   Post Evacuate Collection Set: 0.4ms
[20.964s][info][gc,phases      ] GC(50)   Other: 0.1ms
[20.964s][info][gc,heap        ] GC(50) Eden regions: 14->0(18)
[20.964s][info][gc,heap        ] GC(50) Survivor regions: 3->1(3)
[20.965s][info][gc,heap        ] GC(50) Old regions: 50->47
[20.965s][info][gc,heap        ] GC(50) Archive regions: 0->0
[20.965s][info][gc,heap        ] GC(50) Humongous regions: 0->0
[20.965s][info][gc,metaspace   ] GC(50) Metaspace: 16622K(17024K)->16622K(17024K) NonClass: 14198K(14400K)->14198K(14400K) Class: 2423K(2624K)->2423K(2624K)
[20.965s][info][gc             ] GC(50) Pause Young (Mixed) (G1 Evacuation Pause) 56M->43M(89M) 10.063ms
[20.965s][info][gc,cpu         ] GC(50) User=0.00s Sys=0.00s Real=0.00s
[20.969s][info][gc,start       ] GC(51) Pause Young (Concurrent Start) (G1 Evacuation Pause)
[20.969s][info][gc,task        ] GC(51) Using 2 workers of 33 for evacuation
[20.979s][info][gc,phases      ] GC(51)   Pre Evacuate Collection Set: 0.2ms
[20.979s][info][gc,phases      ] GC(51)   Merge Heap Roots: 0.1ms
[20.979s][info][gc,phases      ] GC(51)   Evacuate Collection Set: 3.7ms
[20.979s][info][gc,phases      ] GC(51)   Post Evacuate Collection Set: 6.2ms
[20.979s][info][gc,phases      ] GC(51)   Other: 0.1ms
[20.979s][info][gc,heap        ] GC(51) Eden regions: 18->0(263)
[20.979s][info][gc,heap        ] GC(51) Survivor regions: 1->1(3)
[20.979s][info][gc,heap        ] GC(51) Old regions: 47->47
[20.979s][info][gc,heap        ] GC(51) Archive regions: 0->0
[20.979s][info][gc,heap        ] GC(51) Humongous regions: 0->0
[20.979s][info][gc,metaspace   ] GC(51) Metaspace: 16622K(17024K)->16622K(17024K) NonClass: 14198K(14400K)->14198K(14400K) Class: 2423K(2624K)->2423K(2624K)
[20.979s][info][gc             ] GC(51) Pause Young (Concurrent Start) (G1 Evacuation Pause) 61M->43M(557M) 10.675ms
[20.980s][info][gc             ] GC(52) Concurrent Mark Cycle
[20.980s][info][gc,cpu         ] GC(51) User=0.00s Sys=0.00s Real=0.00s
[20.980s][info][gc,marking     ] GC(52) Concurrent Scan Root Regions
[20.982s][info][gc,marking     ] GC(52) Concurrent Scan Root Regions 2.262ms
[20.982s][info][gc,marking     ] GC(52) Concurrent Mark
[20.982s][info][gc,marking     ] GC(52) Concurrent Mark From Roots
[20.982s][info][gc,task        ] GC(52) Using 8 workers of 8 for marking
[20.992s][info][gc,marking     ] GC(52) Concurrent Mark From Roots 9.663ms
[20.992s][info][gc,marking     ] GC(52) Concurrent Preclean
[20.992s][info][gc,marking     ] GC(52) Concurrent Preclean 0.075ms
[20.992s][info][gc,start       ] GC(52) Pause Remark
[20.996s][info][gc             ] GC(52) Pause Remark 52M->23M(94M) 3.433ms
[20.996s][info][gc,cpu         ] GC(52) User=0.00s Sys=0.00s Real=0.00s
[20.996s][info][gc,marking     ] GC(52) Concurrent Mark 13.969ms
[20.996s][info][gc,marking     ] GC(52) Concurrent Rebuild Remembered Sets and Scrub Regions
[21.000s][info][gc,marking     ] GC(52) Concurrent Rebuild Remembered Sets and Scrub Regions 3.734ms
[21.000s][info][gc,start       ] GC(52) Pause Cleanup
[21.000s][info][gc             ] GC(52) Pause Cleanup 39M->39M(94M) 0.127ms
[21.000s][info][gc,cpu         ] GC(52) User=0.00s Sys=0.00s Real=0.00s
[21.000s][info][gc,marking     ] GC(52) Concurrent Clear Claimed Marks
[21.000s][info][gc,marking     ] GC(52) Concurrent Clear Claimed Marks 0.105ms
[21.000s][info][gc,marking     ] GC(52) Concurrent Cleanup for Next Mark
[21.001s][info][gc,marking     ] GC(52) Concurrent Cleanup for Next Mark 0.362ms
[21.001s][info][gc             ] GC(52) Concurrent Mark Cycle 21.105ms
[21.010s][info][gc,start       ] GC(53) Pause Young (Prepare Mixed) (G1 Evacuation Pause)
[21.010s][info][gc,task        ] GC(53) Using 2 workers of 33 for evacuation
[21.013s][info][gc,phases      ] GC(53)   Pre Evacuate Collection Set: 0.1ms
[21.031s][info][gc,phases      ] GC(53)   Merge Heap Roots: 0.1ms
[21.031s][info][gc,phases      ] GC(53)   Evacuate Collection Set: 2.7ms
[21.031s][info][gc,phases      ] GC(53)   Post Evacuate Collection Set: 0.3ms
[21.031s][info][gc,phases      ] GC(53)   Other: 0.1ms
[21.032s][info][gc,heap        ] GC(53) Eden regions: 75->0(46)
[21.032s][info][gc,heap        ] GC(53) Survivor regions: 1->1(39)
[21.032s][info][gc,heap        ] GC(53) Old regions: 18->18
[21.032s][info][gc,heap        ] GC(53) Archive regions: 0->0
[21.032s][info][gc,heap        ] GC(53) Humongous regions: 0->0
[21.032s][info][gc,metaspace   ] GC(53) Metaspace: 16622K(17024K)->16622K(17024K) NonClass: 14198K(14400K)->14198K(14400K) Class: 2423K(2624K)->2423K(2624K)
[21.032s][info][gc             ] GC(53) Pause Young (Prepare Mixed) (G1 Evacuation Pause) 89M->14M(95M) 22.022ms
[21.032s][info][gc,cpu         ] GC(53) User=0.03s Sys=0.00s Real=0.03s
[21.039s][info][gc,start       ] GC(54) Pause Young (Mixed) (G1 Evacuation Pause)
[21.039s][info][gc,task        ] GC(54) Using 2 workers of 33 for evacuation
[21.046s][info][gc,phases      ] GC(54)   Pre Evacuate Collection Set: 0.1ms
[21.046s][info][gc,phases      ] GC(54)   Merge Heap Roots: 0.1ms
[21.046s][info][gc,phases      ] GC(54)   Evacuate Collection Set: 6.6ms
[21.046s][info][gc,phases      ] GC(54)   Post Evacuate Collection Set: 0.4ms
[21.046s][info][gc,phases      ] GC(54)   Other: 0.1ms
[21.046s][info][gc,heap        ] GC(54) Eden regions: 46->0(54)
[21.046s][info][gc,heap        ] GC(54) Survivor regions: 1->1(6)
[21.046s][info][gc,heap        ] GC(54) Old regions: 18->12
[21.046s][info][gc,heap        ] GC(54) Archive regions: 0->0
[21.046s][info][gc,heap        ] GC(54) Humongous regions: 0->0
[21.046s][info][gc,metaspace   ] GC(54) Metaspace: 16622K(17024K)->16622K(17024K) NonClass: 14198K(14400K)->14198K(14400K) Class: 2423K(2624K)->2423K(2624K)
[21.046s][info][gc             ] GC(54) Pause Young (Mixed) (G1 Evacuation Pause) 60M->9M(95M) 7.533ms
[21.046s][info][gc,cpu         ] GC(54) User=0.03s Sys=0.00s Real=0.02s
[21.055s][info][gc,start       ] GC(55) Pause Young (Concurrent Start) (G1 Evacuation Pause)
[21.055s][info][gc,task        ] GC(55) Using 2 workers of 33 for evacuation
[21.060s][info][gc,phases      ] GC(55)   Pre Evacuate Collection Set: 0.2ms
[21.060s][info][gc,phases      ] GC(55)   Merge Heap Roots: 0.1ms
[21.060s][info][gc,phases      ] GC(55)   Evacuate Collection Set: 3.6ms
[21.060s][info][gc,phases      ] GC(55)   Post Evacuate Collection Set: 0.4ms
[21.060s][info][gc,phases      ] GC(55)   Other: 0.2ms
[21.060s][info][gc,heap        ] GC(55) Eden regions: 54->0(56)
[21.060s][info][gc,heap        ] GC(55) Survivor regions: 1->1(7)
[21.060s][info][gc,heap        ] GC(55) Old regions: 12->12
[21.060s][info][gc,heap        ] GC(55) Archive regions: 0->0
[21.060s][info][gc,heap        ] GC(55) Humongous regions: 0->0
[21.060s][info][gc,metaspace   ] GC(55) Metaspace: 16622K(17024K)->16622K(17024K) NonClass: 14198K(14400K)->14198K(14400K) Class: 2423K(2624K)->2423K(2624K)
[21.060s][info][gc             ] GC(55) Pause Young (Concurrent Start) (G1 Evacuation Pause) 63M->9M(95M) 4.964ms
[21.060s][info][gc             ] GC(56) Concurrent Mark Cycle
[21.060s][info][gc,cpu         ] GC(55) User=0.03s Sys=0.00s Real=0.02s
[21.060s][info][gc,marking     ] GC(56) Concurrent Scan Root Regions
[21.064s][info][gc,marking     ] GC(56) Concurrent Scan Root Regions 4.080ms
[21.064s][info][gc,marking     ] GC(56) Concurrent Mark
[21.064s][info][gc,marking     ] GC(56) Concurrent Mark From Roots
[21.064s][info][gc,task        ] GC(56) Using 8 workers of 8 for marking
[21.071s][info][gc,start       ] GC(57) Pause Young (Normal) (G1 Evacuation Pause)
[21.071s][info][gc,task        ] GC(57) Using 2 workers of 33 for evacuation
[21.081s][info][gc,phases      ] GC(57)   Pre Evacuate Collection Set: 0.1ms
[21.081s][info][gc,phases      ] GC(57)   Merge Heap Roots: 0.1ms
[21.081s][info][gc,phases      ] GC(57)   Evacuate Collection Set: 3.4ms
[21.081s][info][gc,phases      ] GC(57)   Post Evacuate Collection Set: 6.2ms
[21.081s][info][gc,phases      ] GC(57)   Other: 0.1ms
[21.081s][info][gc,heap        ] GC(57) Eden regions: 56->0(334)
[21.081s][info][gc,heap        ] GC(57) Survivor regions: 1->2(8)
[21.081s][info][gc,heap        ] GC(57) Old regions: 12->12
[21.081s][info][gc,heap        ] GC(57) Archive regions: 0->0
[21.081s][info][gc,heap        ] GC(57) Humongous regions: 0->0
[21.081s][info][gc,metaspace   ] GC(57) Metaspace: 16622K(17024K)->16622K(17024K) NonClass: 14198K(14400K)->14198K(14400K) Class: 2423K(2624K)->2423K(2624K)
[21.081s][info][gc             ] GC(57) Pause Young (Normal) (G1 Evacuation Pause) 65M->10M(560M) 10.171ms
[21.081s][info][gc,cpu         ] GC(57) User=0.00s Sys=0.02s Real=0.02s
[21.083s][info][gc,marking     ] GC(56) Concurrent Mark From Roots 18.685ms
[21.083s][info][gc,marking     ] GC(56) Concurrent Preclean
[21.083s][info][gc,marking     ] GC(56) Concurrent Preclean 0.070ms
[21.083s][info][gc,start       ] GC(56) Pause Remark
[21.086s][info][gc             ] GC(56) Pause Remark 16M->16M(70M) 3.271ms
[21.087s][info][gc,cpu         ] GC(56) User=0.00s Sys=0.00s Real=0.00s
[21.087s][info][gc,marking     ] GC(56) Concurrent Mark 22.689ms
[21.087s][info][gc,marking     ] GC(56) Concurrent Rebuild Remembered Sets and Scrub Regions
[21.091s][info][gc,marking     ] GC(56) Concurrent Rebuild Remembered Sets and Scrub Regions 4.312ms
[21.091s][info][gc,start       ] GC(56) Pause Cleanup
[21.091s][info][gc             ] GC(56) Pause Cleanup 41M->41M(70M) 0.095ms
[21.091s][info][gc,cpu         ] GC(56) User=0.00s Sys=0.00s Real=0.00s
[21.092s][info][gc,marking     ] GC(56) Concurrent Clear Claimed Marks
[21.092s][info][gc,marking     ] GC(56) Concurrent Clear Claimed Marks 0.029ms
[21.092s][info][gc,marking     ] GC(56) Concurrent Cleanup for Next Mark
[21.092s][info][gc,marking     ] GC(56) Concurrent Cleanup for Next Mark 0.247ms
[21.092s][info][gc             ] GC(56) Concurrent Mark Cycle 32.055ms
[21.096s][info][gc,start       ] GC(58) Pause Young (Prepare Mixed) (G1 Evacuation Pause)
[21.096s][info][gc,task        ] GC(58) Using 2 workers of 33 for evacuation
[21.101s][info][gc,phases      ] GC(58)   Pre Evacuate Collection Set: 0.1ms
[21.101s][info][gc,phases      ] GC(58)   Merge Heap Roots: 0.1ms
[21.101s][info][gc,phases      ] GC(58)   Evacuate Collection Set: 4.7ms
[21.101s][info][gc,phases      ] GC(58)   Post Evacuate Collection Set: 0.4ms
[21.101s][info][gc,phases      ] GC(58)   Other: 0.1ms
[21.101s][info][gc,heap        ] GC(58) Eden regions: 56->0(41)
[21.101s][info][gc,heap        ] GC(58) Survivor regions: 2->2(42)
[21.101s][info][gc,heap        ] GC(58) Old regions: 12->12
[21.101s][info][gc,heap        ] GC(58) Archive regions: 0->0
[21.101s][info][gc,heap        ] GC(58) Humongous regions: 0->0
[21.102s][info][gc,metaspace   ] GC(58) Metaspace: 16622K(17024K)->16622K(17024K) NonClass: 14198K(14400K)->14198K(14400K) Class: 2423K(2624K)->2423K(2624K)
[21.102s][info][gc             ] GC(58) Pause Young (Prepare Mixed) (G1 Evacuation Pause) 66M->10M(72M) 5.513ms
[21.102s][info][gc,cpu         ] GC(58) User=0.03s Sys=0.00s Real=0.02s
[21.110s][info][gc,start       ] GC(59) Pause Young (Mixed) (G1 Evacuation Pause)
[21.110s][info][gc,task        ] GC(59) Using 2 workers of 33 for evacuation
[21.115s][info][gc,phases      ] GC(59)   Pre Evacuate Collection Set: 0.1ms
[21.115s][info][gc,phases      ] GC(59)   Merge Heap Roots: 0.1ms
[21.115s][info][gc,phases      ] GC(59)   Evacuate Collection Set: 5.2ms
[21.115s][info][gc,phases      ] GC(59)   Post Evacuate Collection Set: 0.3ms
[21.115s][info][gc,phases      ] GC(59)   Other: 0.1ms
[21.115s][info][gc,heap        ] GC(59) Eden regions: 41->0(41)
[21.115s][info][gc,heap        ] GC(59) Survivor regions: 2->2(6)
[21.115s][info][gc,heap        ] GC(59) Old regions: 12->11
[21.115s][info][gc,heap        ] GC(59) Archive regions: 0->0
[21.115s][info][gc,heap        ] GC(59) Humongous regions: 0->0
[21.115s][info][gc,metaspace   ] GC(59) Metaspace: 16622K(17024K)->16622K(17024K) NonClass: 14198K(14400K)->14198K(14400K) Class: 2423K(2624K)->2423K(2624K)
[21.115s][info][gc             ] GC(59) Pause Young (Mixed) (G1 Evacuation Pause) 51M->9M(72M) 5.934ms
[21.115s][info][gc,cpu         ] GC(59) User=0.03s Sys=0.00s Real=0.02s
[21.122s][info][gc,start       ] GC(60) Pause Young (Concurrent Start) (G1 Evacuation Pause)
[21.122s][info][gc,task        ] GC(60) Using 2 workers of 33 for evacuation
[21.128s][info][gc,phases      ] GC(60)   Pre Evacuate Collection Set: 0.2ms
[21.128s][info][gc,phases      ] GC(60)   Merge Heap Roots: 0.0ms
[21.128s][info][gc,phases      ] GC(60)   Evacuate Collection Set: 5.0ms
[21.128s][info][gc,phases      ] GC(60)   Post Evacuate Collection Set: 0.3ms
[21.128s][info][gc,phases      ] GC(60)   Other: 0.1ms
[21.128s][info][gc,heap        ] GC(60) Eden regions: 41->0(41)
[21.128s][info][gc,heap        ] GC(60) Survivor regions: 2->2(6)
[21.128s][info][gc,heap        ] GC(60) Old regions: 11->11
[21.128s][info][gc,heap        ] GC(60) Archive regions: 0->0
[21.128s][info][gc,heap        ] GC(60) Humongous regions: 0->0
[21.128s][info][gc,metaspace   ] GC(60) Metaspace: 16622K(17024K)->16622K(17024K) NonClass: 14198K(14400K)->14198K(14400K) Class: 2423K(2624K)->2423K(2624K)
[21.128s][info][gc             ] GC(60) Pause Young (Concurrent Start) (G1 Evacuation Pause) 50M->9M(72M) 6.008ms
[21.128s][info][gc             ] GC(61) Concurrent Mark Cycle
[21.128s][info][gc,cpu         ] GC(60) User=0.00s Sys=0.00s Real=0.00s
[21.128s][info][gc,marking     ] GC(61) Concurrent Scan Root Regions
[21.132s][info][gc,marking     ] GC(61) Concurrent Scan Root Regions 4.210ms
[21.132s][info][gc,marking     ] GC(61) Concurrent Mark
[21.132s][info][gc,marking     ] GC(61) Concurrent Mark From Roots
[21.132s][info][gc,task        ] GC(61) Using 8 workers of 8 for marking
[21.136s][info][gc,start       ] GC(62) Pause Young (Normal) (G1 Evacuation Pause)
[21.136s][info][gc,task        ] GC(62) Using 2 workers of 33 for evacuation
[21.146s][info][gc,phases      ] GC(62)   Pre Evacuate Collection Set: 0.1ms
[21.146s][info][gc,phases      ] GC(62)   Merge Heap Roots: 0.1ms
[21.146s][info][gc,phases      ] GC(62)   Evacuate Collection Set: 4.6ms
[21.146s][info][gc,phases      ] GC(62)   Post Evacuate Collection Set: 4.4ms
[21.146s][info][gc,phases      ] GC(62)   Other: 0.1ms
[21.146s][info][gc,heap        ] GC(62) Eden regions: 41->0(326)
[21.146s][info][gc,heap        ] GC(62) Survivor regions: 2->2(6)
[21.146s][info][gc,heap        ] GC(62) Old regions: 11->11
[21.146s][info][gc,heap        ] GC(62) Archive regions: 0->0
[21.146s][info][gc,heap        ] GC(62) Humongous regions: 0->0
[21.146s][info][gc,metaspace   ] GC(62) Metaspace: 16622K(17024K)->16622K(17024K) NonClass: 14198K(14400K)->14198K(14400K) Class: 2423K(2624K)->2423K(2624K)
[21.146s][info][gc             ] GC(62) Pause Young (Normal) (G1 Evacuation Pause) 50M->9M(548M) 9.647ms
[21.146s][info][gc,cpu         ] GC(62) User=0.02s Sys=0.00s Real=0.02s
[21.151s][info][gc,marking     ] GC(61) Concurrent Mark From Roots 18.706ms
[21.151s][info][gc,marking     ] GC(61) Concurrent Preclean
[21.151s][info][gc,marking     ] GC(61) Concurrent Preclean 0.061ms
[21.151s][info][gc,start       ] GC(61) Pause Remark
[21.155s][info][gc             ] GC(61) Pause Remark 27M->27M(107M) 3.760ms
[21.155s][info][gc,cpu         ] GC(61) User=0.00s Sys=0.00s Real=0.00s
[21.155s][info][gc,marking     ] GC(61) Concurrent Mark 23.257ms
[21.156s][info][gc,marking     ] GC(61) Concurrent Rebuild Remembered Sets and Scrub Regions
[21.160s][info][gc,marking     ] GC(61) Concurrent Rebuild Remembered Sets and Scrub Regions 4.862ms
[21.161s][info][gc,start       ] GC(61) Pause Cleanup
[21.161s][info][gc             ] GC(61) Pause Cleanup 32M->32M(107M) 0.127ms
[21.161s][info][gc,cpu         ] GC(61) User=0.00s Sys=0.00s Real=0.00s
[21.161s][info][gc,marking     ] GC(61) Concurrent Clear Claimed Marks
[21.161s][info][gc,marking     ] GC(61) Concurrent Clear Claimed Marks 0.036ms
[21.161s][info][gc,marking     ] GC(61) Concurrent Cleanup for Next Mark
[21.162s][info][gc,marking     ] GC(61) Concurrent Cleanup for Next Mark 0.406ms
[21.162s][info][gc             ] GC(61) Concurrent Mark Cycle 34.030ms
[21.186s][info][gc,start       ] GC(63) Pause Young (Prepare Mixed) (G1 Evacuation Pause)
[21.186s][info][gc,task        ] GC(63) Using 2 workers of 33 for evacuation
[21.190s][info][gc,phases      ] GC(63)   Pre Evacuate Collection Set: 0.1ms
[21.190s][info][gc,phases      ] GC(63)   Merge Heap Roots: 0.1ms
[21.190s][info][gc,phases      ] GC(63)   Evacuate Collection Set: 3.1ms
[21.190s][info][gc,phases      ] GC(63)   Post Evacuate Collection Set: 0.3ms
[21.190s][info][gc,phases      ] GC(63)   Other: 0.1ms
[21.190s][info][gc,heap        ] GC(63) Eden regions: 94->0(63)
[21.190s][info][gc,heap        ] GC(63) Survivor regions: 2->2(41)
[21.190s][info][gc,heap        ] GC(63) Old regions: 11->11
[21.190s][info][gc,heap        ] GC(63) Archive regions: 0->0
[21.190s][info][gc,heap        ] GC(63) Humongous regions: 0->0
[21.190s][info][gc,metaspace   ] GC(63) Metaspace: 16622K(17024K)->16622K(17024K) NonClass: 14198K(14400K)->14198K(14400K) Class: 2423K(2624K)->2423K(2624K)
[21.190s][info][gc             ] GC(63) Pause Young (Prepare Mixed) (G1 Evacuation Pause) 103M->9M(109M) 3.763ms
[21.190s][info][gc,cpu         ] GC(63) User=0.00s Sys=0.00s Real=0.00s
[21.198s][info][gc,start       ] GC(64) Pause Young (Mixed) (G1 Evacuation Pause)
[21.198s][info][gc,task        ] GC(64) Using 2 workers of 33 for evacuation
[21.201s][info][gc,phases      ] GC(64)   Pre Evacuate Collection Set: 0.1ms
[21.201s][info][gc,phases      ] GC(64)   Merge Heap Roots: 0.0ms
[21.201s][info][gc,phases      ] GC(64)   Evacuate Collection Set: 2.6ms
[21.201s][info][gc,phases      ] GC(64)   Post Evacuate Collection Set: 0.2ms
[21.201s][info][gc,phases      ] GC(64)   Other: 0.1ms
[21.201s][info][gc,heap        ] GC(64) Eden regions: 63->0(63)
[21.201s][info][gc,heap        ] GC(64) Survivor regions: 2->2(9)
[21.201s][info][gc,heap        ] GC(64) Old regions: 11->11
[21.201s][info][gc,heap        ] GC(64) Archive regions: 0->0
[21.201s][info][gc,heap        ] GC(64) Humongous regions: 0->0
[21.201s][info][gc,metaspace   ] GC(64) Metaspace: 16622K(17024K)->16622K(17024K) NonClass: 14198K(14400K)->14198K(14400K) Class: 2423K(2624K)->2423K(2624K)
[21.201s][info][gc             ] GC(64) Pause Young (Mixed) (G1 Evacuation Pause) 72M->9M(109M) 3.143ms
[21.201s][info][gc,cpu         ] GC(64) User=0.00s Sys=0.00s Real=0.00s
[21.209s][info][gc,start       ] GC(65) Pause Young (Concurrent Start) (G1 Evacuation Pause)
[21.209s][info][gc,task        ] GC(65) Using 2 workers of 33 for evacuation
[21.212s][info][gc,phases      ] GC(65)   Pre Evacuate Collection Set: 0.1ms
[21.212s][info][gc,phases      ] GC(65)   Merge Heap Roots: 0.0ms
[21.212s][info][gc,phases      ] GC(65)   Evacuate Collection Set: 2.4ms
[21.212s][info][gc,phases      ] GC(65)   Post Evacuate Collection Set: 0.2ms
[21.212s][info][gc,phases      ] GC(65)   Other: 0.1ms
[21.212s][info][gc,heap        ] GC(65) Eden regions: 63->0(63)
[21.212s][info][gc,heap        ] GC(65) Survivor regions: 2->2(9)
[21.212s][info][gc,heap        ] GC(65) Old regions: 11->11
[21.212s][info][gc,heap        ] GC(65) Archive regions: 0->0
[21.212s][info][gc,heap        ] GC(65) Humongous regions: 0->0
[21.212s][info][gc,metaspace   ] GC(65) Metaspace: 16622K(17024K)->16622K(17024K) NonClass: 14198K(14400K)->14198K(14400K) Class: 2423K(2624K)->2423K(2624K)
[21.212s][info][gc             ] GC(65) Pause Young (Concurrent Start) (G1 Evacuation Pause) 72M->9M(109M) 3.120ms
[21.212s][info][gc,cpu         ] GC(65) User=0.00s Sys=0.00s Real=0.00s
[21.212s][info][gc             ] GC(66) Concurrent Mark Cycle
[21.212s][info][gc,marking     ] GC(66) Concurrent Scan Root Regions
[21.213s][info][gc,marking     ] GC(66) Concurrent Scan Root Regions 1.405ms
[21.213s][info][gc,marking     ] GC(66) Concurrent Mark
[21.213s][info][gc,marking     ] GC(66) Concurrent Mark From Roots
[21.213s][info][gc,task        ] GC(66) Using 8 workers of 8 for marking
[21.218s][info][gc,marking     ] GC(66) Concurrent Mark From Roots 4.789ms
[21.218s][info][gc,marking     ] GC(66) Concurrent Preclean
[21.218s][info][gc,marking     ] GC(66) Concurrent Preclean 0.068ms
[21.218s][info][gc,start       ] GC(66) Pause Remark
[21.220s][info][gc             ] GC(66) Pause Remark 60M->60M(109M) 2.171ms
[21.220s][info][gc,cpu         ] GC(66) User=0.00s Sys=0.00s Real=0.00s
[21.221s][info][gc,marking     ] GC(66) Concurrent Mark 7.463ms
[21.221s][info][gc,marking     ] GC(66) Concurrent Rebuild Remembered Sets and Scrub Regions
[21.222s][info][gc,start       ] GC(67) Pause Young (Normal) (G1 Evacuation Pause)
[21.222s][info][gc,task        ] GC(67) Using 2 workers of 33 for evacuation
[21.225s][info][gc,phases      ] GC(67)   Pre Evacuate Collection Set: 0.1ms
[21.225s][info][gc,phases      ] GC(67)   Merge Heap Roots: 0.0ms
[21.225s][info][gc,phases      ] GC(67)   Evacuate Collection Set: 2.4ms
[21.225s][info][gc,phases      ] GC(67)   Post Evacuate Collection Set: 0.2ms
[21.225s][info][gc,phases      ] GC(67)   Other: 0.1ms
[21.225s][info][gc,heap        ] GC(67) Eden regions: 63->0(63)
[21.225s][info][gc,heap        ] GC(67) Survivor regions: 2->2(9)
[21.225s][info][gc,heap        ] GC(67) Old regions: 11->11
[21.225s][info][gc,heap        ] GC(67) Archive regions: 0->0
[21.225s][info][gc,heap        ] GC(67) Humongous regions: 0->0
[21.225s][info][gc,metaspace   ] GC(67) Metaspace: 16622K(17024K)->16622K(17024K) NonClass: 14198K(14400K)->14198K(14400K) Class: 2423K(2624K)->2423K(2624K)
[21.225s][info][gc             ] GC(67) Pause Young (Normal) (G1 Evacuation Pause) 72M->9M(109M) 2.984ms
[21.225s][info][gc,cpu         ] GC(67) User=0.00s Sys=0.00s Real=0.00s
[21.226s][info][gc,marking     ] GC(66) Concurrent Rebuild Remembered Sets and Scrub Regions 5.274ms
[21.226s][info][gc,start       ] GC(66) Pause Cleanup
[21.226s][info][gc             ] GC(66) Pause Cleanup 16M->16M(109M) 0.074ms
[21.226s][info][gc,cpu         ] GC(66) User=0.00s Sys=0.00s Real=0.00s
[21.226s][info][gc,marking     ] GC(66) Concurrent Clear Claimed Marks
[21.226s][info][gc,marking     ] GC(66) Concurrent Clear Claimed Marks 0.056ms
[21.226s][info][gc,marking     ] GC(66) Concurrent Cleanup for Next Mark
[21.227s][info][gc,marking     ] GC(66) Concurrent Cleanup for Next Mark 0.343ms
[21.227s][info][gc             ] GC(66) Concurrent Mark Cycle 15.044ms
[21.233s][info][gc,start       ] GC(68) Pause Young (Prepare Mixed) (G1 Evacuation Pause)
[21.233s][info][gc,task        ] GC(68) Using 2 workers of 33 for evacuation
[21.239s][info][gc,phases      ] GC(68)   Pre Evacuate Collection Set: 0.1ms
[21.239s][info][gc,phases      ] GC(68)   Merge Heap Roots: 0.0ms
[21.239s][info][gc,phases      ] GC(68)   Evacuate Collection Set: 2.3ms
[21.239s][info][gc,phases      ] GC(68)   Post Evacuate Collection Set: 3.6ms
[21.239s][info][gc,phases      ] GC(68)   Other: 0.1ms
[21.239s][info][gc,heap        ] GC(68) Eden regions: 63->0(338)
[21.239s][info][gc,heap        ] GC(68) Survivor regions: 2->2(9)
[21.239s][info][gc,heap        ] GC(68) Old regions: 11->11
[21.239s][info][gc,heap        ] GC(68) Archive regions: 0->0
[21.239s][info][gc,heap        ] GC(68) Humongous regions: 0->0
[21.239s][info][gc,metaspace   ] GC(68) Metaspace: 16622K(17024K)->16622K(17024K) NonClass: 14198K(14400K)->14198K(14400K) Class: 2423K(2624K)->2423K(2624K)
[21.239s][info][gc             ] GC(68) Pause Young (Prepare Mixed) (G1 Evacuation Pause) 72M->9M(567M) 6.272ms
[21.239s][info][gc,cpu         ] GC(68) User=0.00s Sys=0.00s Real=0.00s
[21.442s][info][gc,start       ] GC(69) Pause Young (Mixed) (G1 Evacuation Pause)
[21.442s][info][gc,task        ] GC(69) Using 13 workers of 33 for evacuation
[21.444s][info][gc,phases      ] GC(69)   Pre Evacuate Collection Set: 0.1ms
[21.444s][info][gc,phases      ] GC(69)   Merge Heap Roots: 0.1ms
[21.444s][info][gc,phases      ] GC(69)   Evacuate Collection Set: 0.8ms
[21.444s][info][gc,phases      ] GC(69)   Post Evacuate Collection Set: 0.4ms
[21.444s][info][gc,phases      ] GC(69)   Other: 0.1ms
[21.444s][info][gc,heap        ] GC(69) Eden regions: 338->0(338)
[21.444s][info][gc,heap        ] GC(69) Survivor regions: 2->2(43)
[21.444s][info][gc,heap        ] GC(69) Old regions: 11->10
[21.444s][info][gc,heap        ] GC(69) Archive regions: 0->0
[21.444s][info][gc,heap        ] GC(69) Humongous regions: 0->0
[21.444s][info][gc,metaspace   ] GC(69) Metaspace: 16622K(17024K)->16622K(17024K) NonClass: 14198K(14400K)->14198K(14400K) Class: 2423K(2624K)->2423K(2624K)
[21.444s][info][gc             ] GC(69) Pause Young (Mixed) (G1 Evacuation Pause) 347M->8M(567M) 1.612ms
[21.444s][info][gc,cpu         ] GC(69) User=0.00s Sys=0.00s Real=0.00s
[21.486s][info][gc,start       ] GC(70) Pause Young (Concurrent Start) (G1 Evacuation Pause)
[21.486s][info][gc,task        ] GC(70) Using 13 workers of 33 for evacuation
[21.487s][info][gc,phases      ] GC(70)   Pre Evacuate Collection Set: 0.2ms
[21.487s][info][gc,phases      ] GC(70)   Merge Heap Roots: 0.1ms
[21.487s][info][gc,phases      ] GC(70)   Evacuate Collection Set: 0.6ms
[21.487s][info][gc,phases      ] GC(70)   Post Evacuate Collection Set: 0.4ms
[21.487s][info][gc,phases      ] GC(70)   Other: 0.1ms
[21.487s][info][gc,heap        ] GC(70) Eden regions: 338->0(338)
[21.487s][info][gc,heap        ] GC(70) Survivor regions: 2->2(43)
[21.487s][info][gc,heap        ] GC(70) Old regions: 10->10
[21.487s][info][gc,heap        ] GC(70) Archive regions: 0->0
[21.487s][info][gc,heap        ] GC(70) Humongous regions: 0->0
[21.487s][info][gc,metaspace   ] GC(70) Metaspace: 16622K(17024K)->16622K(17024K) NonClass: 14198K(14400K)->14198K(14400K) Class: 2423K(2624K)->2423K(2624K)
[21.487s][info][gc             ] GC(70) Pause Young (Concurrent Start) (G1 Evacuation Pause) 346M->9M(567M) 1.595ms
[21.487s][info][gc             ] GC(71) Concurrent Mark Cycle
[21.487s][info][gc,cpu         ] GC(70) User=0.00s Sys=0.00s Real=0.00s
[21.487s][info][gc,marking     ] GC(71) Concurrent Scan Root Regions
[21.489s][info][gc,marking     ] GC(71) Concurrent Scan Root Regions 1.698ms
[21.489s][info][gc,marking     ] GC(71) Concurrent Mark
[21.489s][info][gc,marking     ] GC(71) Concurrent Mark From Roots
[21.489s][info][gc,task        ] GC(71) Using 8 workers of 8 for marking
[21.494s][info][gc,marking     ] GC(71) Concurrent Mark From Roots 4.763ms
[21.494s][info][gc,marking     ] GC(71) Concurrent Preclean
[21.494s][info][gc,marking     ] GC(71) Concurrent Preclean 0.071ms
[21.494s][info][gc,start       ] GC(71) Pause Remark
[21.495s][info][gc             ] GC(71) Pause Remark 61M->61M(217M) 0.943ms
[21.495s][info][gc,cpu         ] GC(71) User=0.00s Sys=0.00s Real=0.00s
[21.495s][info][gc,marking     ] GC(71) Concurrent Mark 6.224ms
[21.495s][info][gc,marking     ] GC(71) Concurrent Rebuild Remembered Sets and Scrub Regions
[21.497s][info][gc,marking     ] GC(71) Concurrent Rebuild Remembered Sets and Scrub Regions 2.016ms
[21.498s][info][gc,start       ] GC(71) Pause Cleanup
[21.498s][info][gc             ] GC(71) Pause Cleanup 69M->69M(217M) 0.092ms
[21.498s][info][gc,cpu         ] GC(71) User=0.00s Sys=0.00s Real=0.00s
[21.498s][info][gc,marking     ] GC(71) Concurrent Clear Claimed Marks
[21.498s][info][gc,marking     ] GC(71) Concurrent Clear Claimed Marks 0.024ms
[21.498s][info][gc,marking     ] GC(71) Concurrent Cleanup for Next Mark
[21.498s][info][gc,marking     ] GC(71) Concurrent Cleanup for Next Mark 0.290ms
[21.498s][info][gc             ] GC(71) Concurrent Mark Cycle 10.935ms
[21.536s][info][gc,start       ] GC(72) Pause Young (Prepare Mixed) (G1 Evacuation Pause)
[21.536s][info][gc,task        ] GC(72) Using 9 workers of 33 for evacuation
[21.537s][info][gc,phases      ] GC(72)   Pre Evacuate Collection Set: 0.1ms
[21.537s][info][gc,phases      ] GC(72)   Merge Heap Roots: 0.1ms
[21.537s][info][gc,phases      ] GC(72)   Evacuate Collection Set: 0.7ms
[21.537s][info][gc,phases      ] GC(72)   Post Evacuate Collection Set: 0.3ms
[21.537s][info][gc,phases      ] GC(72)   Other: 0.1ms
[21.537s][info][gc,heap        ] GC(72) Eden regions: 205->0(130)
[21.537s][info][gc,heap        ] GC(72) Survivor regions: 2->2(43)
[21.537s][info][gc,heap        ] GC(72) Old regions: 10->11
[21.537s][info][gc,heap        ] GC(72) Archive regions: 0->0
[21.537s][info][gc,heap        ] GC(72) Humongous regions: 0->0
[21.537s][info][gc,metaspace   ] GC(72) Metaspace: 16622K(17024K)->16622K(17024K) NonClass: 14198K(14400K)->14198K(14400K) Class: 2423K(2624K)->2423K(2624K)
[21.537s][info][gc             ] GC(72) Pause Young (Prepare Mixed) (G1 Evacuation Pause) 214M->8M(220M) 1.471ms
[21.537s][info][gc,cpu         ] GC(72) User=0.00s Sys=0.00s Real=0.00s
[21.553s][info][gc,start       ] GC(73) Pause Young (Mixed) (G1 Evacuation Pause)
[21.553s][info][gc,task        ] GC(73) Using 7 workers of 33 for evacuation
[21.555s][info][gc,phases      ] GC(73)   Pre Evacuate Collection Set: 0.1ms
[21.555s][info][gc,phases      ] GC(73)   Merge Heap Roots: 0.0ms
[21.555s][info][gc,phases      ] GC(73)   Evacuate Collection Set: 1.1ms
[21.555s][info][gc,phases      ] GC(73)   Post Evacuate Collection Set: 0.3ms
[21.555s][info][gc,phases      ] GC(73)   Other: 0.1ms
[21.555s][info][gc,heap        ] GC(73) Eden regions: 130->0(130)
[21.555s][info][gc,heap        ] GC(73) Survivor regions: 2->2(17)
[21.555s][info][gc,heap        ] GC(73) Old regions: 11->10
[21.555s][info][gc,heap        ] GC(73) Archive regions: 0->0
[21.555s][info][gc,heap        ] GC(73) Humongous regions: 0->0
[21.555s][info][gc,metaspace   ] GC(73) Metaspace: 16622K(17024K)->16622K(17024K) NonClass: 14198K(14400K)->14198K(14400K) Class: 2423K(2624K)->2423K(2624K)
[21.555s][info][gc             ] GC(73) Pause Young (Mixed) (G1 Evacuation Pause) 138M->8M(220M) 1.803ms
[21.555s][info][gc,cpu         ] GC(73) User=0.00s Sys=0.00s Real=0.00s
[21.572s][info][gc,start       ] GC(74) Pause Young (Concurrent Start) (G1 Evacuation Pause)
[21.572s][info][gc,task        ] GC(74) Using 6 workers of 33 for evacuation
[21.573s][info][gc,phases      ] GC(74)   Pre Evacuate Collection Set: 0.2ms
[21.573s][info][gc,phases      ] GC(74)   Merge Heap Roots: 0.1ms
[21.573s][info][gc,phases      ] GC(74)   Evacuate Collection Set: 0.9ms
[21.573s][info][gc,phases      ] GC(74)   Post Evacuate Collection Set: 0.3ms
[21.573s][info][gc,phases      ] GC(74)   Other: 0.1ms
[21.573s][info][gc,heap        ] GC(74) Eden regions: 130->0(130)
[21.573s][info][gc,heap        ] GC(74) Survivor regions: 2->2(17)
[21.574s][info][gc,heap        ] GC(74) Old regions: 10->10
[21.574s][info][gc,heap        ] GC(74) Archive regions: 0->0
[21.574s][info][gc,heap        ] GC(74) Humongous regions: 0->0
[21.574s][info][gc,metaspace   ] GC(74) Metaspace: 16622K(17024K)->16622K(17024K) NonClass: 14198K(14400K)->14198K(14400K) Class: 2423K(2624K)->2423K(2624K)
[21.574s][info][gc             ] GC(74) Pause Young (Concurrent Start) (G1 Evacuation Pause) 138M->9M(220M) 1.742ms
[21.574s][info][gc             ] GC(75) Concurrent Mark Cycle
[21.574s][info][gc,cpu         ] GC(74) User=0.00s Sys=0.00s Real=0.00s
[21.574s][info][gc,marking     ] GC(75) Concurrent Scan Root Regions
[21.575s][info][gc,marking     ] GC(75) Concurrent Scan Root Regions 1.458ms
[21.575s][info][gc,marking     ] GC(75) Concurrent Mark
[21.575s][info][gc,marking     ] GC(75) Concurrent Mark From Roots
[21.575s][info][gc,task        ] GC(75) Using 8 workers of 8 for marking
[21.580s][info][gc,marking     ] GC(75) Concurrent Mark From Roots 4.870ms
[21.580s][info][gc,marking     ] GC(75) Concurrent Preclean
[21.580s][info][gc,marking     ] GC(75) Concurrent Preclean 0.062ms
[21.580s][info][gc,start       ] GC(75) Pause Remark
[21.581s][info][gc             ] GC(75) Pause Remark 57M->57M(204M) 1.032ms
[21.581s][info][gc,cpu         ] GC(75) User=0.00s Sys=0.00s Real=0.00s
[21.582s][info][gc,marking     ] GC(75) Concurrent Mark 6.425ms
[21.582s][info][gc,marking     ] GC(75) Concurrent Rebuild Remembered Sets and Scrub Regions
[21.584s][info][gc,marking     ] GC(75) Concurrent Rebuild Remembered Sets and Scrub Regions 1.966ms
[21.584s][info][gc,start       ] GC(75) Pause Cleanup
[21.584s][info][gc             ] GC(75) Pause Cleanup 74M->74M(204M) 0.108ms
[21.584s][info][gc,cpu         ] GC(75) User=0.00s Sys=0.00s Real=0.00s
[21.584s][info][gc,marking     ] GC(75) Concurrent Clear Claimed Marks
[21.584s][info][gc,marking     ] GC(75) Concurrent Clear Claimed Marks 0.066ms
[21.584s][info][gc,marking     ] GC(75) Concurrent Cleanup for Next Mark
[21.585s][info][gc,marking     ] GC(75) Concurrent Cleanup for Next Mark 0.396ms
[21.585s][info][gc             ] GC(75) Concurrent Mark Cycle 10.983ms
[21.592s][info][gc,start       ] GC(76) Pause Young (Prepare Mixed) (G1 Evacuation Pause)
[21.592s][info][gc,task        ] GC(76) Using 5 workers of 33 for evacuation
[21.594s][info][gc,phases      ] GC(76)   Pre Evacuate Collection Set: 0.1ms
[21.594s][info][gc,phases      ] GC(76)   Merge Heap Roots: 0.1ms
[21.594s][info][gc,phases      ] GC(76)   Evacuate Collection Set: 1.1ms
[21.594s][info][gc,phases      ] GC(76)   Post Evacuate Collection Set: 0.3ms
[21.594s][info][gc,phases      ] GC(76)   Other: 0.1ms
[21.594s][info][gc,heap        ] GC(76) Eden regions: 130->0(120)
[21.594s][info][gc,heap        ] GC(76) Survivor regions: 2->2(17)
[21.594s][info][gc,heap        ] GC(76) Old regions: 10->11
[21.594s][info][gc,heap        ] GC(76) Archive regions: 0->0
[21.594s][info][gc,heap        ] GC(76) Humongous regions: 0->0
[21.594s][info][gc,metaspace   ] GC(76) Metaspace: 16622K(17024K)->16622K(17024K) NonClass: 14198K(14400K)->14198K(14400K) Class: 2423K(2624K)->2423K(2624K)
[21.594s][info][gc             ] GC(76) Pause Young (Prepare Mixed) (G1 Evacuation Pause) 139M->9M(204M) 1.702ms
[21.594s][info][gc,cpu         ] GC(76) User=0.00s Sys=0.00s Real=0.00s
[21.611s][info][gc,start       ] GC(77) Pause Young (Mixed) (G1 Evacuation Pause)
[21.611s][info][gc,task        ] GC(77) Using 4 workers of 33 for evacuation
[21.614s][info][gc,phases      ] GC(77)   Pre Evacuate Collection Set: 0.1ms
[21.614s][info][gc,phases      ] GC(77)   Merge Heap Roots: 0.1ms
[21.614s][info][gc,phases      ] GC(77)   Evacuate Collection Set: 1.8ms
[21.614s][info][gc,phases      ] GC(77)   Post Evacuate Collection Set: 0.3ms
[21.614s][info][gc,phases      ] GC(77)   Other: 0.1ms
[21.614s][info][gc,heap        ] GC(77) Eden regions: 120->0(120)
[21.614s][info][gc,heap        ] GC(77) Survivor regions: 2->2(16)
[21.614s][info][gc,heap        ] GC(77) Old regions: 11->10
[21.614s][info][gc,heap        ] GC(77) Archive regions: 0->0
[21.614s][info][gc,heap        ] GC(77) Humongous regions: 0->0
[21.614s][info][gc,metaspace   ] GC(77) Metaspace: 16622K(17024K)->16622K(17024K) NonClass: 14198K(14400K)->14198K(14400K) Class: 2423K(2624K)->2423K(2624K)
[21.614s][info][gc             ] GC(77) Pause Young (Mixed) (G1 Evacuation Pause) 129M->8M(204M) 2.492ms
[21.614s][info][gc,cpu         ] GC(77) User=0.00s Sys=0.00s Real=0.00s
[21.643s][info][gc,start       ] GC(78) Pause Young (Concurrent Start) (G1 Evacuation Pause)
[21.643s][info][gc,task        ] GC(78) Using 4 workers of 33 for evacuation
[21.647s][info][gc,phases      ] GC(78)   Pre Evacuate Collection Set: 0.2ms
[21.647s][info][gc,phases      ] GC(78)   Merge Heap Roots: 0.0ms
[21.647s][info][gc,phases      ] GC(78)   Evacuate Collection Set: 1.4ms
[21.647s][info][gc,phases      ] GC(78)   Post Evacuate Collection Set: 2.6ms
[21.647s][info][gc,phases      ] GC(78)   Other: 0.1ms
[21.647s][info][gc,heap        ] GC(78) Eden regions: 120->0(366)
[21.647s][info][gc,heap        ] GC(78) Survivor regions: 2->2(16)
[21.647s][info][gc,heap        ] GC(78) Old regions: 10->10
[21.647s][info][gc,heap        ] GC(78) Archive regions: 0->0
[21.647s][info][gc,heap        ] GC(78) Humongous regions: 0->0
[21.647s][info][gc,metaspace   ] GC(78) Metaspace: 16624K(17024K)->16624K(17024K) NonClass: 14200K(14400K)->14200K(14400K) Class: 2423K(2624K)->2423K(2624K)
[21.647s][info][gc             ] GC(78) Pause Young (Concurrent Start) (G1 Evacuation Pause) 128M->8M(614M) 4.632ms
[21.648s][info][gc             ] GC(79) Concurrent Mark Cycle
[21.648s][info][gc,cpu         ] GC(78) User=0.00s Sys=0.00s Real=0.00s
[21.648s][info][gc,marking     ] GC(79) Concurrent Scan Root Regions
[21.650s][info][gc,marking     ] GC(79) Concurrent Scan Root Regions 1.996ms
[21.650s][info][gc,marking     ] GC(79) Concurrent Mark
[21.650s][info][gc,marking     ] GC(79) Concurrent Mark From Roots
[21.650s][info][gc,task        ] GC(79) Using 8 workers of 8 for marking
[21.658s][info][gc,marking     ] GC(79) Concurrent Mark From Roots 8.445ms
[21.658s][info][gc,marking     ] GC(79) Concurrent Preclean
[21.658s][info][gc,marking     ] GC(79) Concurrent Preclean 0.065ms
[21.658s][info][gc,start       ] GC(79) Pause Remark
[21.660s][info][gc             ] GC(79) Pause Remark 31M->31M(117M) 1.700ms
[21.660s][info][gc,cpu         ] GC(79) User=0.00s Sys=0.00s Real=0.00s
[21.661s][info][gc,marking     ] GC(79) Concurrent Mark 11.105ms
[21.661s][info][gc,marking     ] GC(79) Concurrent Rebuild Remembered Sets and Scrub Regions
[21.663s][info][gc,marking     ] GC(79) Concurrent Rebuild Remembered Sets and Scrub Regions 2.592ms
[21.663s][info][gc,start       ] GC(79) Pause Cleanup
[21.664s][info][gc             ] GC(79) Pause Cleanup 49M->49M(117M) 0.099ms
[21.664s][info][gc,cpu         ] GC(79) User=0.00s Sys=0.00s Real=0.00s
[21.664s][info][gc,marking     ] GC(79) Concurrent Clear Claimed Marks
[21.664s][info][gc,marking     ] GC(79) Concurrent Clear Claimed Marks 0.034ms
[21.664s][info][gc,marking     ] GC(79) Concurrent Cleanup for Next Mark
[21.664s][info][gc,marking     ] GC(79) Concurrent Cleanup for Next Mark 0.447ms
[21.664s][info][gc             ] GC(79) Concurrent Mark Cycle 16.705ms
[21.673s][info][gc,start       ] GC(80) Pause Young (Prepare Mixed) (G1 Evacuation Pause)
[21.673s][info][gc,task        ] GC(80) Using 3 workers of 33 for evacuation
[21.675s][info][gc,phases      ] GC(80)   Pre Evacuate Collection Set: 0.1ms
[21.675s][info][gc,phases      ] GC(80)   Merge Heap Roots: 0.1ms
[21.675s][info][gc,phases      ] GC(80)   Evacuate Collection Set: 1.7ms
[21.675s][info][gc,phases      ] GC(80)   Post Evacuate Collection Set: 0.3ms
[21.675s][info][gc,phases      ] GC(80)   Other: 0.1ms
[21.675s][info][gc,heap        ] GC(80) Eden regions: 105->0(70)
[21.675s][info][gc,heap        ] GC(80) Survivor regions: 2->2(46)
[21.675s][info][gc,heap        ] GC(80) Old regions: 10->11
[21.675s][info][gc,heap        ] GC(80) Archive regions: 0->0
[21.675s][info][gc,heap        ] GC(80) Humongous regions: 0->0
[21.675s][info][gc,metaspace   ] GC(80) Metaspace: 16624K(17024K)->16624K(17024K) NonClass: 14200K(14400K)->14200K(14400K) Class: 2423K(2624K)->2423K(2624K)
[21.675s][info][gc             ] GC(80) Pause Young (Prepare Mixed) (G1 Evacuation Pause) 113M->8M(120M) 2.362ms
[21.675s][info][gc,cpu         ] GC(80) User=0.05s Sys=0.00s Real=0.02s
[21.684s][info][gc,start       ] GC(81) Pause Young (Mixed) (G1 Evacuation Pause)
[21.685s][info][gc,task        ] GC(81) Using 2 workers of 33 for evacuation
[21.688s][info][gc,phases      ] GC(81)   Pre Evacuate Collection Set: 0.1ms
[21.688s][info][gc,phases      ] GC(81)   Merge Heap Roots: 0.0ms
[21.688s][info][gc,phases      ] GC(81)   Evacuate Collection Set: 3.2ms
[21.688s][info][gc,phases      ] GC(81)   Post Evacuate Collection Set: 0.3ms
[21.688s][info][gc,phases      ] GC(81)   Other: 0.1ms
[21.688s][info][gc,heap        ] GC(81) Eden regions: 70->0(70)
[21.688s][info][gc,heap        ] GC(81) Survivor regions: 2->2(9)
[21.688s][info][gc,heap        ] GC(81) Old regions: 11->10
[21.688s][info][gc,heap        ] GC(81) Archive regions: 0->0
[21.688s][info][gc,heap        ] GC(81) Humongous regions: 0->0
[21.688s][info][gc,metaspace   ] GC(81) Metaspace: 16624K(17024K)->16624K(17024K) NonClass: 14200K(14400K)->14200K(14400K) Class: 2423K(2624K)->2423K(2624K)
[21.688s][info][gc             ] GC(81) Pause Young (Mixed) (G1 Evacuation Pause) 78M->8M(120M) 3.818ms
[21.688s][info][gc,cpu         ] GC(81) User=0.00s Sys=0.00s Real=0.00s
[21.697s][info][gc,start       ] GC(82) Pause Young (Concurrent Start) (G1 Evacuation Pause)
[21.697s][info][gc,task        ] GC(82) Using 2 workers of 33 for evacuation
[21.700s][info][gc,phases      ] GC(82)   Pre Evacuate Collection Set: 0.2ms
[21.700s][info][gc,phases      ] GC(82)   Merge Heap Roots: 0.0ms
[21.700s][info][gc,phases      ] GC(82)   Evacuate Collection Set: 2.4ms
[21.700s][info][gc,phases      ] GC(82)   Post Evacuate Collection Set: 0.2ms
[21.700s][info][gc,phases      ] GC(82)   Other: 0.1ms
[21.700s][info][gc,heap        ] GC(82) Eden regions: 70->0(70)
[21.700s][info][gc,heap        ] GC(82) Survivor regions: 2->2(9)
[21.700s][info][gc,heap        ] GC(82) Old regions: 10->10
[21.700s][info][gc,heap        ] GC(82) Archive regions: 0->0
[21.700s][info][gc,heap        ] GC(82) Humongous regions: 0->0
[21.700s][info][gc,metaspace   ] GC(82) Metaspace: 16624K(17024K)->16624K(17024K) NonClass: 14200K(14400K)->14200K(14400K) Class: 2423K(2624K)->2423K(2624K)
[21.700s][info][gc             ] GC(82) Pause Young (Concurrent Start) (G1 Evacuation Pause) 78M->8M(120M) 3.116ms
[21.700s][info][gc,cpu         ] GC(82) User=0.00s Sys=0.00s Real=0.00s
[21.700s][info][gc             ] GC(83) Concurrent Mark Cycle
[21.700s][info][gc,marking     ] GC(83) Concurrent Scan Root Regions
[21.702s][info][gc,marking     ] GC(83) Concurrent Scan Root Regions 1.391ms
[21.702s][info][gc,marking     ] GC(83) Concurrent Mark
[21.702s][info][gc,marking     ] GC(83) Concurrent Mark From Roots
[21.702s][info][gc,task        ] GC(83) Using 8 workers of 8 for marking
[21.710s][info][gc,start       ] GC(84) Pause Young (Normal) (G1 Evacuation Pause)
[21.710s][info][gc,task        ] GC(84) Using 2 workers of 33 for evacuation
[21.715s][info][gc,phases      ] GC(84)   Pre Evacuate Collection Set: 0.1ms
[21.715s][info][gc,phases      ] GC(84)   Merge Heap Roots: 0.0ms
[21.715s][info][gc,phases      ] GC(84)   Evacuate Collection Set: 2.3ms
[21.715s][info][gc,phases      ] GC(84)   Post Evacuate Collection Set: 3.2ms
[21.715s][info][gc,phases      ] GC(84)   Other: 0.1ms
[21.715s][info][gc,heap        ] GC(84) Eden regions: 70->0(341)
[21.715s][info][gc,heap        ] GC(84) Survivor regions: 2->2(9)
[21.715s][info][gc,heap        ] GC(84) Old regions: 10->10
[21.715s][info][gc,heap        ] GC(84) Archive regions: 0->0
[21.715s][info][gc,heap        ] GC(84) Humongous regions: 0->0
[21.716s][info][gc,metaspace   ] GC(84) Metaspace: 16624K(17024K)->16624K(17024K) NonClass: 14200K(14400K)->14200K(14400K) Class: 2423K(2624K)->2423K(2624K)
[21.716s][info][gc             ] GC(84) Pause Young (Normal) (G1 Evacuation Pause) 78M->8M(572M) 5.899ms
[21.716s][info][gc,cpu         ] GC(84) User=0.00s Sys=0.00s Real=0.00s
[21.716s][info][gc,marking     ] GC(83) Concurrent Mark From Roots 14.005ms
[21.716s][info][gc,marking     ] GC(83) Concurrent Preclean
[21.716s][info][gc,marking     ] GC(83) Concurrent Preclean 0.104ms
[21.716s][info][gc,start       ] GC(83) Pause Remark
[21.718s][info][gc             ] GC(83) Pause Remark 11M->11M(50M) 2.326ms
[21.718s][info][gc,cpu         ] GC(83) User=0.02s Sys=0.00s Real=0.02s
[21.718s][info][gc,marking     ] GC(83) Concurrent Mark 16.758ms
[21.718s][info][gc,marking     ] GC(83) Concurrent Rebuild Remembered Sets and Scrub Regions
[21.720s][info][gc,marking     ] GC(83) Concurrent Rebuild Remembered Sets and Scrub Regions 2.002ms
[21.721s][info][gc,start       ] GC(83) Pause Cleanup
[21.721s][info][gc             ] GC(83) Pause Cleanup 28M->28M(50M) 0.069ms
[21.721s][info][gc,cpu         ] GC(83) User=0.00s Sys=0.00s Real=0.00s
[21.721s][info][gc,marking     ] GC(83) Concurrent Clear Claimed Marks
[21.721s][info][gc,marking     ] GC(83) Concurrent Clear Claimed Marks 0.028ms
[21.721s][info][gc,marking     ] GC(83) Concurrent Cleanup for Next Mark
[21.721s][info][gc,marking     ] GC(83) Concurrent Cleanup for Next Mark 0.294ms
[21.721s][info][gc             ] GC(83) Concurrent Mark Cycle 21.037ms
[21.723s][info][gc,start       ] GC(85) Pause Young (Prepare Mixed) (G1 Evacuation Pause)
[21.723s][info][gc,task        ] GC(85) Using 2 workers of 33 for evacuation
[21.726s][info][gc,phases      ] GC(85)   Pre Evacuate Collection Set: 0.1ms
[21.726s][info][gc,phases      ] GC(85)   Merge Heap Roots: 0.0ms
[21.726s][info][gc,phases      ] GC(85)   Evacuate Collection Set: 2.5ms
[21.726s][info][gc,phases      ] GC(85)   Post Evacuate Collection Set: 0.2ms
[21.726s][info][gc,phases      ] GC(85)   Other: 0.1ms
[21.726s][info][gc,heap        ] GC(85) Eden regions: 38->0(29)
[21.726s][info][gc,heap        ] GC(85) Survivor regions: 2->2(43)
[21.726s][info][gc,heap        ] GC(85) Old regions: 10->10
[21.726s][info][gc,heap        ] GC(85) Archive regions: 0->0
[21.726s][info][gc,heap        ] GC(85) Humongous regions: 0->0
[21.726s][info][gc,metaspace   ] GC(85) Metaspace: 16624K(17024K)->16624K(17024K) NonClass: 14200K(14400K)->14200K(14400K) Class: 2423K(2624K)->2423K(2624K)
[21.726s][info][gc             ] GC(85) Pause Young (Prepare Mixed) (G1 Evacuation Pause) 46M->8M(52M) 3.017ms
[21.726s][info][gc,cpu         ] GC(85) User=0.00s Sys=0.00s Real=0.00s
[21.730s][info][gc,start       ] GC(86) Pause Young (Mixed) (G1 Evacuation Pause)
[21.730s][info][gc,task        ] GC(86) Using 2 workers of 33 for evacuation
[21.734s][info][gc,phases      ] GC(86)   Pre Evacuate Collection Set: 0.1ms
[21.734s][info][gc,phases      ] GC(86)   Merge Heap Roots: 0.0ms
[21.734s][info][gc,phases      ] GC(86)   Evacuate Collection Set: 3.9ms
[21.734s][info][gc,phases      ] GC(86)   Post Evacuate Collection Set: 0.3ms
[21.734s][info][gc,phases      ] GC(86)   Other: 0.1ms
[21.734s][info][gc,heap        ] GC(86) Eden regions: 29->0(29)
[21.734s][info][gc,heap        ] GC(86) Survivor regions: 2->2(4)
[21.734s][info][gc,heap        ] GC(86) Old regions: 10->9
[21.734s][info][gc,heap        ] GC(86) Archive regions: 0->0
[21.734s][info][gc,heap        ] GC(86) Humongous regions: 0->0
[21.734s][info][gc,metaspace   ] GC(86) Metaspace: 16624K(17024K)->16624K(17024K) NonClass: 14200K(14400K)->14200K(14400K) Class: 2423K(2624K)->2423K(2624K)
[21.734s][info][gc             ] GC(86) Pause Young (Mixed) (G1 Evacuation Pause) 37M->8M(52M) 4.489ms
[21.734s][info][gc,cpu         ] GC(86) User=0.00s Sys=0.00s Real=0.00s
[21.739s][info][gc,start       ] GC(87) Pause Young (Concurrent Start) (G1 Evacuation Pause)
[21.739s][info][gc,task        ] GC(87) Using 2 workers of 33 for evacuation
[21.742s][info][gc,phases      ] GC(87)   Pre Evacuate Collection Set: 0.2ms
[21.742s][info][gc,phases      ] GC(87)   Merge Heap Roots: 0.0ms
[21.742s][info][gc,phases      ] GC(87)   Evacuate Collection Set: 3.1ms
[21.742s][info][gc,phases      ] GC(87)   Post Evacuate Collection Set: 0.2ms
[21.742s][info][gc,phases      ] GC(87)   Other: 0.1ms
[21.742s][info][gc,heap        ] GC(87) Eden regions: 29->0(29)
[21.742s][info][gc,heap        ] GC(87) Survivor regions: 2->2(4)
[21.742s][info][gc,heap        ] GC(87) Old regions: 9->9
[21.742s][info][gc,heap        ] GC(87) Archive regions: 0->0
[21.742s][info][gc,heap        ] GC(87) Humongous regions: 0->0
[21.742s][info][gc,metaspace   ] GC(87) Metaspace: 16624K(17024K)->16624K(17024K) NonClass: 14200K(14400K)->14200K(14400K) Class: 2423K(2624K)->2423K(2624K)
[21.742s][info][gc             ] GC(87) Pause Young (Concurrent Start) (G1 Evacuation Pause) 37M->8M(52M) 3.850ms
[21.742s][info][gc,cpu         ] GC(87) User=0.00s Sys=0.00s Real=0.00s
[21.742s][info][gc             ] GC(88) Concurrent Mark Cycle
[21.742s][info][gc,marking     ] GC(88) Concurrent Scan Root Regions
[21.745s][info][gc,marking     ] GC(88) Concurrent Scan Root Regions 2.360ms
[21.745s][info][gc,marking     ] GC(88) Concurrent Mark
[21.745s][info][gc,marking     ] GC(88) Concurrent Mark From Roots
[21.745s][info][gc,task        ] GC(88) Using 8 workers of 8 for marking
[21.747s][info][gc,start       ] GC(89) Pause Young (Normal) (G1 Evacuation Pause)
[21.747s][info][gc,task        ] GC(89) Using 2 workers of 33 for evacuation
[21.753s][info][gc,phases      ] GC(89)   Pre Evacuate Collection Set: 0.1ms
[21.753s][info][gc,phases      ] GC(89)   Merge Heap Roots: 0.0ms
[21.753s][info][gc,phases      ] GC(89)   Evacuate Collection Set: 3.6ms
[21.753s][info][gc,phases      ] GC(89)   Post Evacuate Collection Set: 2.0ms
[21.753s][info][gc,phases      ] GC(89)   Other: 0.1ms
[21.753s][info][gc,heap        ] GC(89) Eden regions: 29->0(320)
[21.753s][info][gc,heap        ] GC(89) Survivor regions: 2->2(4)
[21.753s][info][gc,heap        ] GC(89) Old regions: 9->9
[21.753s][info][gc,heap        ] GC(89) Archive regions: 0->0
[21.753s][info][gc,heap        ] GC(89) Humongous regions: 0->0
[21.753s][info][gc,metaspace   ] GC(89) Metaspace: 16624K(17024K)->16624K(17024K) NonClass: 14200K(14400K)->14200K(14400K) Class: 2423K(2624K)->2423K(2624K)
[21.753s][info][gc             ] GC(89) Pause Young (Normal) (G1 Evacuation Pause) 37M->8M(538M) 5.999ms
[21.753s][info][gc,cpu         ] GC(89) User=0.00s Sys=0.00s Real=0.00s
[21.757s][info][gc,marking     ] GC(88) Concurrent Mark From Roots 11.732ms
[21.757s][info][gc,marking     ] GC(88) Concurrent Preclean
[21.757s][info][gc,marking     ] GC(88) Concurrent Preclean 0.104ms
[21.757s][info][gc,start       ] GC(88) Pause Remark
[21.760s][info][gc             ] GC(88) Pause Remark 28M->28M(107M) 3.204ms
[21.760s][info][gc,cpu         ] GC(88) User=0.03s Sys=0.00s Real=0.02s
[21.760s][info][gc,marking     ] GC(88) Concurrent Mark 15.450ms
[21.760s][info][gc,marking     ] GC(88) Concurrent Rebuild Remembered Sets and Scrub Regions
[21.764s][info][gc,marking     ] GC(88) Concurrent Rebuild Remembered Sets and Scrub Regions 3.960ms
[21.765s][info][gc,start       ] GC(88) Pause Cleanup
[21.765s][info][gc             ] GC(88) Pause Cleanup 53M->53M(107M) 0.114ms
[21.765s][info][gc,cpu         ] GC(88) User=0.00s Sys=0.00s Real=0.00s
[21.765s][info][gc,marking     ] GC(88) Concurrent Clear Claimed Marks
[21.765s][info][gc,marking     ] GC(88) Concurrent Clear Claimed Marks 0.035ms
[21.765s][info][gc,marking     ] GC(88) Concurrent Cleanup for Next Mark
[21.765s][info][gc,marking     ] GC(88) Concurrent Cleanup for Next Mark 0.227ms
[21.765s][info][gc             ] GC(88) Concurrent Mark Cycle 22.894ms
[21.773s][info][gc,start       ] GC(90) Pause Young (Prepare Mixed) (G1 Evacuation Pause)
[21.773s][info][gc,task        ] GC(90) Using 2 workers of 33 for evacuation
[21.777s][info][gc,phases      ] GC(90)   Pre Evacuate Collection Set: 0.1ms
[21.777s][info][gc,phases      ] GC(90)   Merge Heap Roots: 0.1ms
[21.777s][info][gc,phases      ] GC(90)   Evacuate Collection Set: 3.7ms
[21.777s][info][gc,phases      ] GC(90)   Post Evacuate Collection Set: 0.3ms
[21.777s][info][gc,phases      ] GC(90)   Other: 0.1ms
[21.777s][info][gc,heap        ] GC(90) Eden regions: 96->0(64)
[21.777s][info][gc,heap        ] GC(90) Survivor regions: 2->2(41)
[21.777s][info][gc,heap        ] GC(90) Old regions: 9->10
[21.777s][info][gc,heap        ] GC(90) Archive regions: 0->0
[21.777s][info][gc,heap        ] GC(90) Humongous regions: 0->0
[21.777s][info][gc,metaspace   ] GC(90) Metaspace: 16624K(17024K)->16624K(17024K) NonClass: 14200K(14400K)->14200K(14400K) Class: 2423K(2624K)->2423K(2624K)
[21.777s][info][gc             ] GC(90) Pause Young (Prepare Mixed) (G1 Evacuation Pause) 104M->8M(110M) 4.410ms
[21.777s][info][gc,cpu         ] GC(90) User=0.03s Sys=0.00s Real=0.01s
[21.789s][info][gc,start       ] GC(91) Pause Young (Mixed) (G1 Evacuation Pause)
[21.789s][info][gc,task        ] GC(91) Using 2 workers of 33 for evacuation
[21.793s][info][gc,phases      ] GC(91)   Pre Evacuate Collection Set: 0.1ms
[21.793s][info][gc,phases      ] GC(91)   Merge Heap Roots: 0.0ms
[21.793s][info][gc,phases      ] GC(91)   Evacuate Collection Set: 2.9ms
[21.793s][info][gc,phases      ] GC(91)   Post Evacuate Collection Set: 0.2ms
[21.793s][info][gc,phases      ] GC(91)   Other: 0.1ms
[21.793s][info][gc,heap        ] GC(91) Eden regions: 64->0(64)
[21.793s][info][gc,heap        ] GC(91) Survivor regions: 2->2(9)
[21.793s][info][gc,heap        ] GC(91) Old regions: 10->9
[21.793s][info][gc,heap        ] GC(91) Archive regions: 0->0
[21.793s][info][gc,heap        ] GC(91) Humongous regions: 0->0
[21.793s][info][gc,metaspace   ] GC(91) Metaspace: 16624K(17024K)->16624K(17024K) NonClass: 14200K(14400K)->14200K(14400K) Class: 2423K(2624K)->2423K(2624K)
[21.793s][info][gc             ] GC(91) Pause Young (Mixed) (G1 Evacuation Pause) 72M->8M(110M) 3.539ms
[21.793s][info][gc,cpu         ] GC(91) User=0.00s Sys=0.02s Real=0.02s
[21.802s][info][gc,start       ] GC(92) Pause Young (Concurrent Start) (G1 Evacuation Pause)
[21.802s][info][gc,task        ] GC(92) Using 2 workers of 33 for evacuation
[21.807s][info][gc,phases      ] GC(92)   Pre Evacuate Collection Set: 0.2ms
[21.807s][info][gc,phases      ] GC(92)   Merge Heap Roots: 0.0ms
[21.807s][info][gc,phases      ] GC(92)   Evacuate Collection Set: 3.5ms
[21.807s][info][gc,phases      ] GC(92)   Post Evacuate Collection Set: 0.3ms
[21.807s][info][gc,phases      ] GC(92)   Other: 0.1ms
[21.807s][info][gc,heap        ] GC(92) Eden regions: 64->0(64)
[21.807s][info][gc,heap        ] GC(92) Survivor regions: 2->2(9)
[21.807s][info][gc,heap        ] GC(92) Old regions: 9->9
[21.807s][info][gc,heap        ] GC(92) Archive regions: 0->0
[21.807s][info][gc,heap        ] GC(92) Humongous regions: 0->0
[21.807s][info][gc,metaspace   ] GC(92) Metaspace: 16624K(17024K)->16624K(17024K) NonClass: 14200K(14400K)->14200K(14400K) Class: 2423K(2624K)->2423K(2624K)
[21.807s][info][gc             ] GC(92) Pause Young (Concurrent Start) (G1 Evacuation Pause) 72M->8M(110M) 4.227ms
[21.807s][info][gc,cpu         ] GC(92) User=0.00s Sys=0.00s Real=0.00s
[21.807s][info][gc             ] GC(93) Concurrent Mark Cycle
[21.807s][info][gc,marking     ] GC(93) Concurrent Scan Root Regions
[21.809s][info][gc,marking     ] GC(93) Concurrent Scan Root Regions 2.633ms
[21.809s][info][gc,marking     ] GC(93) Concurrent Mark
[21.809s][info][gc,marking     ] GC(93) Concurrent Mark From Roots
[21.809s][info][gc,task        ] GC(93) Using 8 workers of 8 for marking
[21.816s][info][gc,start       ] GC(94) Pause Young (Normal) (G1 Evacuation Pause)
[21.817s][info][gc,task        ] GC(94) Using 2 workers of 33 for evacuation
[21.819s][info][gc,phases      ] GC(94)   Pre Evacuate Collection Set: 0.1ms
[21.819s][info][gc,phases      ] GC(94)   Merge Heap Roots: 0.0ms
[21.819s][info][gc,phases      ] GC(94)   Evacuate Collection Set: 2.4ms
[21.819s][info][gc,phases      ] GC(94)   Post Evacuate Collection Set: 0.2ms
[21.819s][info][gc,phases      ] GC(94)   Other: 0.1ms
[21.819s][info][gc,heap        ] GC(94) Eden regions: 64->0(64)
[21.819s][info][gc,heap        ] GC(94) Survivor regions: 2->2(9)
[21.819s][info][gc,heap        ] GC(94) Old regions: 9->9
[21.819s][info][gc,heap        ] GC(94) Archive regions: 0->0
[21.819s][info][gc,heap        ] GC(94) Humongous regions: 0->0
[21.819s][info][gc,metaspace   ] GC(94) Metaspace: 16624K(17024K)->16624K(17024K) NonClass: 14200K(14400K)->14200K(14400K) Class: 2423K(2624K)->2423K(2624K)
[21.819s][info][gc             ] GC(94) Pause Young (Normal) (G1 Evacuation Pause) 72M->8M(110M) 3.048ms
[21.820s][info][gc,cpu         ] GC(94) User=0.00s Sys=0.00s Real=0.00s
[21.820s][info][gc,marking     ] GC(93) Concurrent Mark From Roots 10.164ms
[21.820s][info][gc,marking     ] GC(93) Concurrent Preclean
[21.820s][info][gc,marking     ] GC(93) Concurrent Preclean 0.046ms
[21.836s][info][gc,start       ] GC(93) Pause Remark
[21.840s][info][gc             ] GC(93) Pause Remark 10M->10M(44M) 3.139ms
[21.840s][info][gc,cpu         ] GC(93) User=0.00s Sys=0.00s Real=0.00s
[21.840s][info][gc,marking     ] GC(93) Concurrent Mark 30.178ms
[21.840s][info][gc,marking     ] GC(93) Concurrent Rebuild Remembered Sets and Scrub Regions
[21.843s][info][gc,marking     ] GC(93) Concurrent Rebuild Remembered Sets and Scrub Regions 3.223ms
[21.843s][info][gc,start       ] GC(93) Pause Cleanup
[21.843s][info][gc             ] GC(93) Pause Cleanup 30M->30M(44M) 0.106ms
[21.843s][info][gc,cpu         ] GC(93) User=0.00s Sys=0.00s Real=0.00s
[21.843s][info][gc,marking     ] GC(93) Concurrent Clear Claimed Marks
[21.843s][info][gc,marking     ] GC(93) Concurrent Clear Claimed Marks 0.073ms
[21.843s][info][gc,marking     ] GC(93) Concurrent Cleanup for Next Mark
[21.844s][info][gc,marking     ] GC(93) Concurrent Cleanup for Next Mark 0.229ms
[21.844s][info][gc             ] GC(93) Concurrent Mark Cycle 37.064ms
[21.845s][info][gc,start       ] GC(95) Pause Young (Prepare Mixed) (G1 Evacuation Pause)
[21.845s][info][gc,task        ] GC(95) Using 2 workers of 33 for evacuation
[21.853s][info][gc,phases      ] GC(95)   Pre Evacuate Collection Set: 0.1ms
[21.853s][info][gc,phases      ] GC(95)   Merge Heap Roots: 0.1ms
[21.853s][info][gc,phases      ] GC(95)   Evacuate Collection Set: 3.9ms
[21.853s][info][gc,phases      ] GC(95)   Post Evacuate Collection Set: 4.0ms
[21.853s][info][gc,phases      ] GC(95)   Other: 0.1ms
[21.853s][info][gc,heap        ] GC(95) Eden regions: 33->0(319)
[21.853s][info][gc,heap        ] GC(95) Survivor regions: 2->2(9)
[21.854s][info][gc,heap        ] GC(95) Old regions: 9->10
[21.854s][info][gc,heap        ] GC(95) Archive regions: 0->0
[21.854s][info][gc,heap        ] GC(95) Humongous regions: 0->0
[21.854s][info][gc,metaspace   ] GC(95) Metaspace: 16624K(17024K)->16624K(17024K) NonClass: 14200K(14400K)->14200K(14400K) Class: 2423K(2624K)->2423K(2624K)
[21.854s][info][gc             ] GC(95) Pause Young (Prepare Mixed) (G1 Evacuation Pause) 41M->8M(536M) 8.391ms
[21.854s][info][gc,cpu         ] GC(95) User=0.00s Sys=0.02s Real=0.02s
[22.116s][info][gc,start       ] GC(96) Pause Young (Mixed) (G1 Evacuation Pause)
[22.116s][info][gc,task        ] GC(96) Using 12 workers of 33 for evacuation
[22.159s][info][gc,phases      ] GC(96)   Pre Evacuate Collection Set: 0.2ms
[22.159s][info][gc,phases      ] GC(96)   Merge Heap Roots: 0.2ms
[22.159s][info][gc,phases      ] GC(96)   Evacuate Collection Set: 41.8ms
[22.159s][info][gc,phases      ] GC(96)   Post Evacuate Collection Set: 0.7ms
[22.159s][info][gc,phases      ] GC(96)   Other: 0.2ms
[22.159s][info][gc,heap        ] GC(96) Eden regions: 319->0(280)
[22.159s][info][gc,heap        ] GC(96) Survivor regions: 2->41(41)
[22.159s][info][gc,heap        ] GC(96) Old regions: 10->71
[22.159s][info][gc,heap        ] GC(96) Archive regions: 0->0
[22.159s][info][gc,heap        ] GC(96) Humongous regions: 1->1
[22.159s][info][gc,metaspace   ] GC(96) Metaspace: 16624K(17024K)->16624K(17024K) NonClass: 14200K(14400K)->14200K(14400K) Class: 2423K(2624K)->2423K(2624K)
[22.159s][info][gc             ] GC(96) Pause Young (Mixed) (G1 Evacuation Pause) 328M->111M(536M) 43.584ms
[22.159s][info][gc,cpu         ] GC(96) User=0.50s Sys=0.06s Real=0.05s
[22.460s][info][gc,start       ] GC(97) Pause Young (Concurrent Start) (G1 Evacuation Pause)
[22.460s][info][gc,task        ] GC(97) Using 12 workers of 33 for evacuation
[22.544s][info][gc,phases      ] GC(97)   Pre Evacuate Collection Set: 0.3ms
[22.544s][info][gc,phases      ] GC(97)   Merge Heap Roots: 0.5ms
[22.544s][info][gc,phases      ] GC(97)   Evacuate Collection Set: 82.3ms
[22.544s][info][gc,phases      ] GC(97)   Post Evacuate Collection Set: 0.8ms
[22.544s][info][gc,phases      ] GC(97)   Other: 0.2ms
[22.544s][info][gc,heap        ] GC(97) Eden regions: 280->0(96)
[22.544s][info][gc,heap        ] GC(97) Survivor regions: 41->41(41)
[22.544s][info][gc,heap        ] GC(97) Old regions: 71->254
[22.544s][info][gc,heap        ] GC(97) Archive regions: 0->0
[22.544s][info][gc,heap        ] GC(97) Humongous regions: 1->1
[22.544s][info][gc,metaspace   ] GC(97) Metaspace: 16624K(17024K)->16624K(17024K) NonClass: 14200K(14400K)->14200K(14400K) Class: 2423K(2624K)->2423K(2624K)
[22.544s][info][gc             ] GC(97) Pause Young (Concurrent Start) (G1 Evacuation Pause) 391M->293M(617M) 84.352ms
[22.544s][info][gc             ] GC(98) Concurrent Mark Cycle
[22.544s][info][gc,cpu         ] GC(97) User=1.06s Sys=0.06s Real=0.09s
[22.544s][info][gc,marking     ] GC(98) Concurrent Scan Root Regions
[22.565s][info][gc,marking     ] GC(98) Concurrent Scan Root Regions 20.914ms
[22.565s][info][gc,marking     ] GC(98) Concurrent Mark
[22.565s][info][gc,marking     ] GC(98) Concurrent Mark From Roots
[22.565s][info][gc,task        ] GC(98) Using 8 workers of 8 for marking
[22.589s][info][gc,marking     ] GC(98) Concurrent Mark From Roots 23.877ms
[22.589s][info][gc,marking     ] GC(98) Concurrent Preclean
[22.589s][info][gc,marking     ] GC(98) Concurrent Preclean 0.085ms
[22.589s][info][gc,start       ] GC(98) Pause Remark
[22.590s][info][gc             ] GC(98) Pause Remark 326M->326M(617M) 0.927ms
[22.590s][info][gc,cpu         ] GC(98) User=0.00s Sys=0.00s Real=0.00s
[22.590s][info][gc,marking     ] GC(98) Concurrent Mark 25.176ms
[22.590s][info][gc,marking     ] GC(98) Concurrent Rebuild Remembered Sets and Scrub Regions
[22.610s][info][gc,start       ] GC(99) Pause Young (Normal) (G1 Evacuation Pause)
[22.610s][info][gc,task        ] GC(99) Using 14 workers of 33 for evacuation
[22.642s][info][gc,phases      ] GC(99)   Pre Evacuate Collection Set: 0.1ms
[22.642s][info][gc,phases      ] GC(99)   Merge Heap Roots: 0.6ms
[22.642s][info][gc,phases      ] GC(99)   Evacuate Collection Set: 30.1ms
[22.642s][info][gc,phases      ] GC(99)   Post Evacuate Collection Set: 0.7ms
[22.642s][info][gc,phases      ] GC(99)   Other: 0.1ms
[22.642s][info][gc,heap        ] GC(99) Eden regions: 50->0(132)
[22.642s][info][gc,heap        ] GC(99) Survivor regions: 41->12(12)
[22.642s][info][gc,heap        ] GC(99) Old regions: 254->319
[22.642s][info][gc,heap        ] GC(99) Archive regions: 0->0
[22.642s][info][gc,heap        ] GC(99) Humongous regions: 1->1
[22.642s][info][gc,metaspace   ] GC(99) Metaspace: 16624K(17024K)->16624K(17024K) NonClass: 14200K(14400K)->14200K(14400K) Class: 2423K(2624K)->2423K(2624K)
[22.642s][info][gc             ] GC(99) Pause Young (Normal) (G1 Evacuation Pause) 343M->330M(617M) 31.850ms
[22.642s][info][gc,cpu         ] GC(99) User=0.44s Sys=0.00s Real=0.03s
[22.738s][info][gc,marking     ] GC(98) Concurrent Rebuild Remembered Sets and Scrub Regions 147.417ms
[22.738s][info][gc,start       ] GC(98) Pause Cleanup
[22.738s][info][gc             ] GC(98) Pause Cleanup 395M->395M(617M) 0.264ms
[22.738s][info][gc,cpu         ] GC(98) User=0.00s Sys=0.00s Real=0.00s
[22.738s][info][gc,marking     ] GC(98) Concurrent Clear Claimed Marks
[22.738s][info][gc,marking     ] GC(98) Concurrent Clear Claimed Marks 0.036ms
[22.738s][info][gc,marking     ] GC(98) Concurrent Cleanup for Next Mark
[22.740s][info][gc,marking     ] GC(98) Concurrent Cleanup for Next Mark 1.500ms
[22.740s][info][gc             ] GC(98) Concurrent Mark Cycle 195.699ms
[22.803s][info][gc,start       ] GC(100) Pause Young (Prepare Mixed) (G1 Evacuation Pause)
[22.803s][info][gc,task        ] GC(100) Using 14 workers of 33 for evacuation
[22.855s][info][gc,phases      ] GC(100)   Pre Evacuate Collection Set: 0.1ms
[22.855s][info][gc,phases      ] GC(100)   Merge Heap Roots: 1.5ms
[22.855s][info][gc,phases      ] GC(100)   Evacuate Collection Set: 49.9ms
[22.855s][info][gc,phases      ] GC(100)   Post Evacuate Collection Set: 0.3ms
[22.855s][info][gc,phases      ] GC(100)   Other: 0.1ms
[22.855s][info][gc,heap        ] GC(100) Eden regions: 124->0(85)
[22.855s][info][gc,heap        ] GC(100) Survivor regions: 12->17(17)
[22.855s][info][gc,heap        ] GC(100) Old regions: 319->398
[22.855s][info][gc,heap        ] GC(100) Archive regions: 0->0
[22.855s][info][gc,heap        ] GC(100) Humongous regions: 1->1
[22.855s][info][gc,metaspace   ] GC(100) Metaspace: 16624K(17024K)->16624K(17024K) NonClass: 14200K(14400K)->14200K(14400K) Class: 2423K(2624K)->2423K(2624K)
[22.855s][info][gc             ] GC(100) Pause Young (Prepare Mixed) (G1 Evacuation Pause) 454M->414M(617M) 52.290ms
[22.855s][info][gc,cpu         ] GC(100) User=0.88s Sys=0.00s Real=0.06s
[23.046s][info][gc,start       ] GC(101) Pause Young (Mixed) (G1 Evacuation Pause)
[23.047s][info][gc,task        ] GC(101) Using 14 workers of 33 for evacuation
[23.082s][info][gc,phases      ] GC(101)   Pre Evacuate Collection Set: 0.2ms
[23.082s][info][gc,phases      ] GC(101)   Merge Heap Roots: 1.4ms
[23.082s][info][gc,phases      ] GC(101)   Evacuate Collection Set: 33.2ms
[23.082s][info][gc,phases      ] GC(101)   Post Evacuate Collection Set: 0.3ms
[23.082s][info][gc,phases      ] GC(101)   Other: 0.1ms
[23.082s][info][gc,heap        ] GC(101) Eden regions: 85->0(69)
[23.082s][info][gc,heap        ] GC(101) Survivor regions: 17->13(13)
[23.082s][info][gc,heap        ] GC(101) Old regions: 398->441
[23.082s][info][gc,heap        ] GC(101) Archive regions: 0->0
[23.082s][info][gc,heap        ] GC(101) Humongous regions: 2->2
[23.082s][info][gc,metaspace   ] GC(101) Metaspace: 16624K(17024K)->16624K(17024K) NonClass: 14200K(14400K)->14200K(14400K) Class: 2423K(2624K)->2423K(2624K)
[23.082s][info][gc             ] GC(101) Pause Young (Mixed) (G1 Evacuation Pause) 500M->454M(617M) 35.419ms
[23.082s][info][gc,cpu         ] GC(101) User=0.44s Sys=0.00s Real=0.03s
[23.901s][info][gc,start       ] GC(102) Pause Young (Concurrent Start) (G1 Evacuation Pause)
[23.901s][info][gc,task        ] GC(102) Using 14 workers of 33 for evacuation
[23.931s][info][gc,phases      ] GC(102)   Pre Evacuate Collection Set: 0.3ms
[23.931s][info][gc,phases      ] GC(102)   Merge Heap Roots: 2.1ms
[23.931s][info][gc,phases      ] GC(102)   Evacuate Collection Set: 26.3ms
[23.931s][info][gc,phases      ] GC(102)   Post Evacuate Collection Set: 1.5ms
[23.931s][info][gc,phases      ] GC(102)   Other: 0.1ms
[23.931s][info][gc,heap        ] GC(102) Eden regions: 69->0(153)
[23.931s][info][gc,heap        ] GC(102) Survivor regions: 13->6(11)
[23.931s][info][gc,heap        ] GC(102) Old regions: 441->457
[23.931s][info][gc,heap        ] GC(102) Archive regions: 0->0
[23.931s][info][gc,heap        ] GC(102) Humongous regions: 2->2
[23.931s][info][gc,metaspace   ] GC(102) Metaspace: 16627K(17024K)->16627K(17024K) NonClass: 14203K(14400K)->14203K(14400K) Class: 2423K(2624K)->2423K(2624K)
[23.931s][info][gc             ] GC(102) Pause Young (Concurrent Start) (G1 Evacuation Pause) 523M->462M(780M) 30.536ms
[23.931s][info][gc             ] GC(103) Concurrent Mark Cycle
[23.931s][info][gc,cpu         ] GC(102) User=0.44s Sys=0.00s Real=0.03s
[23.931s][info][gc,marking     ] GC(103) Concurrent Scan Root Regions
[23.935s][info][gc,marking     ] GC(103) Concurrent Scan Root Regions 4.085ms
[23.936s][info][gc,marking     ] GC(103) Concurrent Mark
[23.936s][info][gc,marking     ] GC(103) Concurrent Mark From Roots
[23.936s][info][gc,task        ] GC(103) Using 8 workers of 8 for marking
[23.961s][info][gc,marking     ] GC(103) Concurrent Mark From Roots 25.211ms
[23.961s][info][gc,marking     ] GC(103) Concurrent Preclean
[23.961s][info][gc,marking     ] GC(103) Concurrent Preclean 0.049ms
[23.961s][info][gc,start       ] GC(103) Pause Remark
[23.962s][info][gc             ] GC(103) Pause Remark 463M->433M(780M) 0.929ms
[23.962s][info][gc,cpu         ] GC(103) User=0.00s Sys=0.00s Real=0.00s
[23.962s][info][gc,marking     ] GC(103) Concurrent Mark 26.407ms
[23.962s][info][gc,marking     ] GC(103) Concurrent Rebuild Remembered Sets and Scrub Regions
[24.015s][info][gc,marking     ] GC(103) Concurrent Rebuild Remembered Sets and Scrub Regions 53.379ms
[24.015s][info][gc,start       ] GC(103) Pause Cleanup
[24.016s][info][gc             ] GC(103) Pause Cleanup 434M->434M(780M) 0.390ms
[24.016s][info][gc,cpu         ] GC(103) User=0.00s Sys=0.00s Real=0.00s
[24.016s][info][gc,marking     ] GC(103) Concurrent Clear Claimed Marks
[24.016s][info][gc,marking     ] GC(103) Concurrent Clear Claimed Marks 0.039ms
[24.016s][info][gc,marking     ] GC(103) Concurrent Cleanup for Next Mark
[24.017s][info][gc,marking     ] GC(103) Concurrent Cleanup for Next Mark 0.695ms
[24.017s][info][gc             ] GC(103) Concurrent Mark Cycle 85.347ms
[30.632s][info][gc,start       ] GC(104) Pause Young (Prepare Mixed) (G1 Evacuation Pause)
[30.632s][info][gc,task        ] GC(104) Using 18 workers of 33 for evacuation
[30.660s][info][gc,phases      ] GC(104)   Pre Evacuate Collection Set: 0.2ms
[30.685s][info][gc,phases      ] GC(104)   Merge Heap Roots: 0.3ms
[30.685s][info][gc,phases      ] GC(104)   Evacuate Collection Set: 25.9ms
[30.685s][info][gc,phases      ] GC(104)   Post Evacuate Collection Set: 0.7ms
[30.685s][info][gc,phases      ] GC(104)   Other: 0.2ms
[30.685s][info][gc,heap        ] GC(104) Eden regions: 153->0(144)
[30.685s][info][gc,heap        ] GC(104) Survivor regions: 6->20(20)
[30.685s][info][gc,heap        ] GC(104) Old regions: 428->466
[30.685s][info][gc,heap        ] GC(104) Archive regions: 0->0
[30.685s][info][gc,heap        ] GC(104) Humongous regions: 1->1
[30.685s][info][gc,metaspace   ] GC(104) Metaspace: 16629K(17024K)->16629K(17024K) NonClass: 14205K(14400K)->14205K(14400K) Class: 2423K(2624K)->2423K(2624K)
[30.685s][info][gc             ] GC(104) Pause Young (Prepare Mixed) (G1 Evacuation Pause) 585M->485M(780M) 52.659ms
[30.685s][info][gc,cpu         ] GC(104) User=0.56s Sys=0.00s Real=0.05s
[30.819s][info][gc,start       ] GC(105) Pause Young (Mixed) (G1 Evacuation Pause)
[30.819s][info][gc,task        ] GC(105) Using 18 workers of 33 for evacuation
[30.855s][info][gc,phases      ] GC(105)   Pre Evacuate Collection Set: 0.2ms
[30.855s][info][gc,phases      ] GC(105)   Merge Heap Roots: 0.5ms
[30.855s][info][gc,phases      ] GC(105)   Evacuate Collection Set: 34.1ms
[30.855s][info][gc,phases      ] GC(105)   Post Evacuate Collection Set: 0.4ms
[30.855s][info][gc,phases      ] GC(105)   Other: 0.2ms
[30.855s][info][gc,heap        ] GC(105) Eden regions: 144->0(148)
[30.855s][info][gc,heap        ] GC(105) Survivor regions: 20->21(21)
[30.855s][info][gc,heap        ] GC(105) Old regions: 466->454
[30.855s][info][gc,heap        ] GC(105) Archive regions: 0->0
[30.855s][info][gc,heap        ] GC(105) Humongous regions: 1->1
[30.855s][info][gc,metaspace   ] GC(105) Metaspace: 16629K(17024K)->16629K(17024K) NonClass: 14205K(14400K)->14205K(14400K) Class: 2423K(2624K)->2423K(2624K)
[30.855s][info][gc             ] GC(105) Pause Young (Mixed) (G1 Evacuation Pause) 629M->473M(780M) 35.888ms
[30.855s][info][gc,cpu         ] GC(105) User=0.50s Sys=0.06s Real=0.03s
[30.984s][info][gc,start       ] GC(106) Pause Young (Mixed) (G1 Evacuation Pause)
[30.984s][info][gc,task        ] GC(106) Using 18 workers of 33 for evacuation
[31.019s][info][gc,phases      ] GC(106)   Pre Evacuate Collection Set: 0.2ms
[31.019s][info][gc,phases      ] GC(106)   Merge Heap Roots: 0.2ms
[31.020s][info][gc,phases      ] GC(106)   Evacuate Collection Set: 34.3ms
[31.020s][info][gc,phases      ] GC(106)   Post Evacuate Collection Set: 0.4ms
[31.020s][info][gc,phases      ] GC(106)   Other: 0.2ms
[31.020s][info][gc,heap        ] GC(106) Eden regions: 148->0(152)
[31.020s][info][gc,heap        ] GC(106) Survivor regions: 21->22(22)
[31.020s][info][gc,heap        ] GC(106) Old regions: 454->444
[31.020s][info][gc,heap        ] GC(106) Archive regions: 0->0
[31.020s][info][gc,heap        ] GC(106) Humongous regions: 1->1
[31.020s][info][gc,metaspace   ] GC(106) Metaspace: 16629K(17024K)->16629K(17024K) NonClass: 14205K(14400K)->14205K(14400K) Class: 2423K(2624K)->2423K(2624K)
[31.020s][info][gc             ] GC(106) Pause Young (Mixed) (G1 Evacuation Pause) 621M->465M(780M) 35.917ms
[31.020s][info][gc,cpu         ] GC(106) User=0.81s Sys=0.03s Real=0.05s
[31.153s][info][gc,start       ] GC(107) Pause Young (Mixed) (G1 Evacuation Pause)
[31.153s][info][gc,task        ] GC(107) Using 18 workers of 33 for evacuation
[31.189s][info][gc,phases      ] GC(107)   Pre Evacuate Collection Set: 0.2ms
[31.189s][info][gc,phases      ] GC(107)   Merge Heap Roots: 0.2ms
[31.189s][info][gc,phases      ] GC(107)   Evacuate Collection Set: 35.1ms
[31.189s][info][gc,phases      ] GC(107)   Post Evacuate Collection Set: 0.4ms
[31.189s][info][gc,phases      ] GC(107)   Other: 0.2ms
[31.189s][info][gc,heap        ] GC(107) Eden regions: 152->0(155)
[31.189s][info][gc,heap        ] GC(107) Survivor regions: 22->22(22)
[31.190s][info][gc,heap        ] GC(107) Old regions: 444->438
[31.190s][info][gc,heap        ] GC(107) Archive regions: 0->0
[31.190s][info][gc,heap        ] GC(107) Humongous regions: 1->1
[31.190s][info][gc,metaspace   ] GC(107) Metaspace: 16629K(17024K)->16629K(17024K) NonClass: 14205K(14400K)->14205K(14400K) Class: 2423K(2624K)->2423K(2624K)
[31.190s][info][gc             ] GC(107) Pause Young (Mixed) (G1 Evacuation Pause) 617M->458M(780M) 36.457ms
[31.190s][info][gc,cpu         ] GC(107) User=0.84s Sys=0.00s Real=0.05s
[31.327s][info][gc,start       ] GC(108) Pause Young (Mixed) (G1 Evacuation Pause)
[31.327s][info][gc,task        ] GC(108) Using 18 workers of 33 for evacuation
[31.364s][info][gc,phases      ] GC(108)   Pre Evacuate Collection Set: 0.2ms
[31.364s][info][gc,phases      ] GC(108)   Merge Heap Roots: 0.2ms
[31.364s][info][gc,phases      ] GC(108)   Evacuate Collection Set: 35.8ms
[31.364s][info][gc,phases      ] GC(108)   Post Evacuate Collection Set: 0.4ms
[31.364s][info][gc,phases      ] GC(108)   Other: 0.2ms
[31.364s][info][gc,heap        ] GC(108) Eden regions: 155->0(156)
[31.364s][info][gc,heap        ] GC(108) Survivor regions: 22->23(23)
[31.364s][info][gc,heap        ] GC(108) Old regions: 438->437
[31.364s][info][gc,heap        ] GC(108) Archive regions: 0->0
[31.364s][info][gc,heap        ] GC(108) Humongous regions: 1->1
[31.364s][info][gc,metaspace   ] GC(108) Metaspace: 16629K(17024K)->16629K(17024K) NonClass: 14205K(14400K)->14205K(14400K) Class: 2423K(2624K)->2423K(2624K)
[31.365s][info][gc             ] GC(108) Pause Young (Mixed) (G1 Evacuation Pause) 613M->458M(780M) 37.144ms
[31.365s][info][gc,cpu         ] GC(108) User=0.84s Sys=0.00s Real=0.05s
[31.504s][info][gc,start       ] GC(109) Pause Young (Mixed) (G1 Evacuation Pause)
[31.504s][info][gc,task        ] GC(109) Using 18 workers of 33 for evacuation
[31.541s][info][gc,phases      ] GC(109)   Pre Evacuate Collection Set: 0.1ms
[31.542s][info][gc,phases      ] GC(109)   Merge Heap Roots: 0.2ms
[31.542s][info][gc,phases      ] GC(109)   Evacuate Collection Set: 35.8ms
[31.542s][info][gc,phases      ] GC(109)   Post Evacuate Collection Set: 0.8ms
[31.542s][info][gc,phases      ] GC(109)   Other: 0.1ms
[31.542s][info][gc,heap        ] GC(109) Eden regions: 156->0(154)
[31.542s][info][gc,heap        ] GC(109) Survivor regions: 23->23(23)
[31.542s][info][gc,heap        ] GC(109) Old regions: 437->495
[31.542s][info][gc,heap        ] GC(109) Archive regions: 0->0
[31.542s][info][gc,heap        ] GC(109) Humongous regions: 1->1
[31.542s][info][gc,metaspace   ] GC(109) Metaspace: 16629K(17024K)->16629K(17024K) NonClass: 14205K(14400K)->14205K(14400K) Class: 2423K(2624K)->2423K(2624K)
[31.542s][info][gc             ] GC(109) Pause Young (Mixed) (G1 Evacuation Pause) 614M->517M(833M) 37.609ms
[31.542s][info][gc,cpu         ] GC(109) User=0.56s Sys=0.00s Real=0.04s
[31.661s][info][gc,start       ] GC(110) Pause Young (Concurrent Start) (G1 Humongous Allocation)
[31.662s][info][gc,task        ] GC(110) Using 20 workers of 33 for evacuation
[31.690s][info][gc,phases      ] GC(110)   Pre Evacuate Collection Set: 0.3ms
[31.690s][info][gc,phases      ] GC(110)   Merge Heap Roots: 0.1ms
[31.690s][info][gc,phases      ] GC(110)   Evacuate Collection Set: 27.7ms
[31.690s][info][gc,phases      ] GC(110)   Post Evacuate Collection Set: 0.3ms
[31.690s][info][gc,phases      ] GC(110)   Other: 0.1ms
[31.690s][info][gc,heap        ] GC(110) Eden regions: 120->0(126)
[31.690s][info][gc,heap        ] GC(110) Survivor regions: 23->23(23)
[31.690s][info][gc,heap        ] GC(110) Old regions: 495->550
[31.690s][info][gc,heap        ] GC(110) Archive regions: 0->0
[31.690s][info][gc,heap        ] GC(110) Humongous regions: 1->1
[31.690s][info][gc,metaspace   ] GC(110) Metaspace: 16629K(17024K)->16629K(17024K) NonClass: 14205K(14400K)->14205K(14400K) Class: 2423K(2624K)->2423K(2624K)
[31.690s][info][gc             ] GC(110) Pause Young (Concurrent Start) (G1 Humongous Allocation) 637M->572M(833M) 28.831ms
[31.690s][info][gc             ] GC(111) Concurrent Mark Cycle
[31.690s][info][gc,cpu         ] GC(110) User=0.63s Sys=0.00s Real=0.03s
[31.690s][info][gc,marking     ] GC(111) Concurrent Scan Root Regions
[31.701s][info][gc,marking     ] GC(111) Concurrent Scan Root Regions 11.089ms
[31.701s][info][gc,marking     ] GC(111) Concurrent Mark
[31.701s][info][gc,marking     ] GC(111) Concurrent Mark From Roots
[31.701s][info][gc,task        ] GC(111) Using 8 workers of 8 for marking
[31.800s][info][gc,marking     ] GC(111) Concurrent Mark From Roots 98.248ms
[31.800s][info][gc,marking     ] GC(111) Concurrent Preclean
[31.800s][info][gc,marking     ] GC(111) Concurrent Preclean 0.096ms
[31.800s][info][gc,start       ] GC(111) Pause Remark
[31.801s][info][gc             ] GC(111) Pause Remark 598M->504M(845M) 1.198ms
[31.801s][info][gc,cpu         ] GC(111) User=0.00s Sys=0.00s Real=0.00s
[31.801s][info][gc,marking     ] GC(111) Concurrent Mark 99.830ms
[31.801s][info][gc,marking     ] GC(111) Concurrent Rebuild Remembered Sets and Scrub Regions
[31.980s][info][gc,marking     ] GC(111) Concurrent Rebuild Remembered Sets and Scrub Regions 178.880ms
[31.980s][info][gc,start       ] GC(111) Pause Cleanup
[31.981s][info][gc             ] GC(111) Pause Cleanup 541M->541M(845M) 0.351ms
[31.981s][info][gc,cpu         ] GC(111) User=0.00s Sys=0.00s Real=0.00s
[31.981s][info][gc,marking     ] GC(111) Concurrent Clear Claimed Marks
[31.981s][info][gc,marking     ] GC(111) Concurrent Clear Claimed Marks 0.038ms
[31.981s][info][gc,marking     ] GC(111) Concurrent Cleanup for Next Mark
[31.982s][info][gc,marking     ] GC(111) Concurrent Cleanup for Next Mark 0.772ms
[31.982s][info][gc             ] GC(111) Concurrent Mark Cycle 291.372ms
[32.372s][info][gc,start       ] GC(112) Pause Young (Prepare Mixed) (G1 Evacuation Pause)
[32.372s][info][gc,task        ] GC(112) Using 20 workers of 33 for evacuation
[32.426s][info][gc,phases      ] GC(112)   Pre Evacuate Collection Set: 0.1ms
[32.426s][info][gc,phases      ] GC(112)   Merge Heap Roots: 2.1ms
[32.426s][info][gc,phases      ] GC(112)   Evacuate Collection Set: 50.7ms
[32.426s][info][gc,phases      ] GC(112)   Post Evacuate Collection Set: 0.7ms
[32.426s][info][gc,phases      ] GC(112)   Other: 0.1ms
[32.426s][info][gc,heap        ] GC(112) Eden regions: 126->0(154)
[32.426s][info][gc,heap        ] GC(112) Survivor regions: 23->19(19)
[32.426s][info][gc,heap        ] GC(112) Old regions: 457->509
[32.426s][info][gc,heap        ] GC(112) Archive regions: 0->0
[32.426s][info][gc,heap        ] GC(112) Humongous regions: 6->6
[32.426s][info][gc,metaspace   ] GC(112) Metaspace: 16629K(17024K)->16629K(17024K) NonClass: 14205K(14400K)->14205K(14400K) Class: 2423K(2624K)->2423K(2624K)
[32.426s][info][gc             ] GC(112) Pause Young (Prepare Mixed) (G1 Evacuation Pause) 610M->531M(845M) 54.164ms
[32.426s][info][gc,cpu         ] GC(112) User=0.94s Sys=0.00s Real=0.05s
[32.709s][info][gc,start       ] GC(113) Pause Young (Mixed) (G1 Evacuation Pause)
[32.709s][info][gc,task        ] GC(113) Using 20 workers of 33 for evacuation
[32.739s][info][gc,phases      ] GC(113)   Pre Evacuate Collection Set: 0.1ms
[32.739s][info][gc,phases      ] GC(113)   Merge Heap Roots: 1.3ms
[32.739s][info][gc,phases      ] GC(113)   Evacuate Collection Set: 27.9ms
[32.739s][info][gc,phases      ] GC(113)   Post Evacuate Collection Set: 0.4ms
[32.739s][info][gc,phases      ] GC(113)   Other: 0.1ms
[32.739s][info][gc,heap        ] GC(113) Eden regions: 154->0(175)
[32.739s][info][gc,heap        ] GC(113) Survivor regions: 19->5(22)
[32.739s][info][gc,heap        ] GC(113) Old regions: 509->515
[32.739s][info][gc,heap        ] GC(113) Archive regions: 0->0
[32.739s][info][gc,heap        ] GC(113) Humongous regions: 6->6
[32.739s][info][gc,metaspace   ] GC(113) Metaspace: 16629K(17024K)->16629K(17024K) NonClass: 14205K(14400K)->14205K(14400K) Class: 2423K(2624K)->2423K(2624K)
[32.739s][info][gc             ] GC(113) Pause Young (Mixed) (G1 Evacuation Pause) 685M->523M(845M) 30.125ms
[32.739s][info][gc,cpu         ] GC(113) User=0.63s Sys=0.00s Real=0.03s
[33.066s][info][gc,start       ] GC(114) Pause Young (Concurrent Start) (G1 Evacuation Pause)
[33.066s][info][gc,task        ] GC(114) Using 20 workers of 33 for evacuation
[33.076s][info][gc,phases      ] GC(114)   Pre Evacuate Collection Set: 0.3ms
[33.076s][info][gc,phases      ] GC(114)   Merge Heap Roots: 0.3ms
[33.076s][info][gc,phases      ] GC(114)   Evacuate Collection Set: 8.5ms
[33.076s][info][gc,phases      ] GC(114)   Post Evacuate Collection Set: 0.6ms
[33.076s][info][gc,phases      ] GC(114)   Other: 0.1ms
[33.076s][info][gc,heap        ] GC(114) Eden regions: 175->0(195)
[33.076s][info][gc,heap        ] GC(114) Survivor regions: 5->4(23)
[33.076s][info][gc,heap        ] GC(114) Old regions: 515->515
[33.076s][info][gc,heap        ] GC(114) Archive regions: 0->0
[33.076s][info][gc,heap        ] GC(114) Humongous regions: 6->6
[33.077s][info][gc,metaspace   ] GC(114) Metaspace: 16629K(17024K)->16629K(17024K) NonClass: 14205K(14400K)->14205K(14400K) Class: 2423K(2624K)->2423K(2624K)
[33.077s][info][gc             ] GC(114) Pause Young (Concurrent Start) (G1 Evacuation Pause) 698M->521M(845M) 10.315ms
[33.077s][info][gc             ] GC(115) Concurrent Mark Cycle
[33.077s][info][gc,cpu         ] GC(114) User=0.31s Sys=0.00s Real=0.02s
[33.077s][info][gc,marking     ] GC(115) Concurrent Scan Root Regions
[33.085s][info][gc,marking     ] GC(115) Concurrent Scan Root Regions 7.795ms
[33.085s][info][gc,marking     ] GC(115) Concurrent Mark
[33.085s][info][gc,marking     ] GC(115) Concurrent Mark From Roots
[33.085s][info][gc,task        ] GC(115) Using 8 workers of 8 for marking
[33.209s][info][gc,marking     ] GC(115) Concurrent Mark From Roots 124.100ms
[33.209s][info][gc,marking     ] GC(115) Concurrent Preclean
[33.209s][info][gc,marking     ] GC(115) Concurrent Preclean 0.110ms
[33.209s][info][gc,start       ] GC(115) Pause Remark
[33.211s][info][gc             ] GC(115) Pause Remark 579M->572M(960M) 1.842ms
[33.211s][info][gc,cpu         ] GC(115) User=0.00s Sys=0.00s Real=0.00s
[33.211s][info][gc,marking     ] GC(115) Concurrent Mark 126.356ms
[33.211s][info][gc,marking     ] GC(115) Concurrent Rebuild Remembered Sets and Scrub Regions
[33.387s][info][gc,marking     ] GC(115) Concurrent Rebuild Remembered Sets and Scrub Regions 176.046ms
[33.387s][info][gc,start       ] GC(115) Pause Cleanup
[33.388s][info][gc             ] GC(115) Pause Cleanup 641M->641M(960M) 0.586ms
[33.388s][info][gc,cpu         ] GC(115) User=0.00s Sys=0.00s Real=0.00s
[33.388s][info][gc,marking     ] GC(115) Concurrent Clear Claimed Marks
[33.388s][info][gc,marking     ] GC(115) Concurrent Clear Claimed Marks 0.080ms
[33.388s][info][gc,marking     ] GC(115) Concurrent Cleanup for Next Mark
[33.389s][info][gc,marking     ] GC(115) Concurrent Cleanup for Next Mark 0.821ms
[33.389s][info][gc             ] GC(115) Concurrent Mark Cycle 312.170ms
[34.776s][info][gc,start       ] GC(116) Pause Young (Prepare Mixed) (G1 Evacuation Pause)
[34.777s][info][gc,task        ] GC(116) Using 23 workers of 33 for evacuation
[34.782s][info][gc,phases      ] GC(116)   Pre Evacuate Collection Set: 0.2ms
[34.782s][info][gc,phases      ] GC(116)   Merge Heap Roots: 0.3ms
[34.782s][info][gc,phases      ] GC(116)   Evacuate Collection Set: 3.9ms
[34.782s][info][gc,phases      ] GC(116)   Post Evacuate Collection Set: 0.7ms
[34.782s][info][gc,phases      ] GC(116)   Other: 0.2ms
[34.782s][info][gc,heap        ] GC(116) Eden regions: 195->0(300)
[34.782s][info][gc,heap        ] GC(116) Survivor regions: 4->3(25)
[34.782s][info][gc,heap        ] GC(116) Old regions: 511->511
[34.782s][info][gc,heap        ] GC(116) Archive regions: 0->0
[34.782s][info][gc,heap        ] GC(116) Humongous regions: 3->3
[34.782s][info][gc,metaspace   ] GC(116) Metaspace: 16630K(17024K)->16630K(17024K) NonClass: 14207K(14400K)->14207K(14400K) Class: 2423K(2624K)->2423K(2624K)
[34.782s][info][gc             ] GC(116) Pause Young (Prepare Mixed) (G1 Evacuation Pause) 709M->514M(960M) 5.790ms
[34.782s][info][gc,cpu         ] GC(116) User=0.00s Sys=0.00s Real=0.00s
[34.952s][info][gc,start       ] GC(117) Pause Full (System.gc())
[34.952s][info][gc,task        ] GC(117) Using 23 workers of 33 for full compaction
[34.954s][info][gc,phases,start] GC(117) Phase 1: Mark live objects
[34.961s][info][gc,phases      ] GC(117) Phase 1: Mark live objects 7.746ms
[34.961s][info][gc,phases,start] GC(117) Phase 2: Prepare compaction
[34.963s][info][gc,phases      ] GC(117) Phase 2: Prepare compaction 1.446ms
[34.963s][info][gc,phases,start] GC(117) Phase 3: Adjust pointers
[34.967s][info][gc,phases      ] GC(117) Phase 3: Adjust pointers 4.610ms
[34.967s][info][gc,phases,start] GC(117) Phase 4: Compact heap
[34.969s][info][gc,phases      ] GC(117) Phase 4: Compact heap 1.161ms
[34.975s][info][gc,heap        ] GC(117) Eden regions: 11->0(21)
[34.975s][info][gc,heap        ] GC(117) Survivor regions: 3->0(25)
[34.975s][info][gc,heap        ] GC(117) Old regions: 511->14
[34.975s][info][gc,heap        ] GC(117) Archive regions: 0->0
[34.975s][info][gc,heap        ] GC(117) Humongous regions: 3->0
[34.975s][info][gc,metaspace   ] GC(117) Metaspace: 16630K(17024K)->16630K(17024K) NonClass: 14207K(14400K)->14207K(14400K) Class: 2423K(2624K)->2423K(2624K)
[34.975s][info][gc             ] GC(117) Pause Full (System.gc()) 525M->7M(47M) 23.068ms
[34.975s][info][gc,cpu         ] GC(117) User=0.38s Sys=0.00s Real=0.03s
[35.671s][info][gc,start       ] GC(118) Pause Young (Concurrent Start) (G1 Evacuation Pause)
[35.672s][info][gc,task        ] GC(118) Using 12 workers of 33 for evacuation
[35.676s][info][gc,phases      ] GC(118)   Pre Evacuate Collection Set: 0.2ms
[35.676s][info][gc,phases      ] GC(118)   Merge Heap Roots: 0.0ms
[35.676s][info][gc,phases      ] GC(118)   Evacuate Collection Set: 1.4ms
[35.676s][info][gc,phases      ] GC(118)   Post Evacuate Collection Set: 3.1ms
[35.676s][info][gc,phases      ] GC(118)   Other: 0.1ms
[35.676s][info][gc,heap        ] GC(118) Eden regions: 21->0(301)
[35.676s][info][gc,heap        ] GC(118) Survivor regions: 0->3(3)
[35.676s][info][gc,heap        ] GC(118) Old regions: 14->16
[35.676s][info][gc,heap        ] GC(118) Archive regions: 0->0
[35.676s][info][gc,heap        ] GC(118) Humongous regions: 0->0
[35.676s][info][gc,metaspace   ] GC(118) Metaspace: 16631K(17024K)->16631K(17024K) NonClass: 14207K(14400K)->14207K(14400K) Class: 2423K(2624K)->2423K(2624K)
[35.676s][info][gc             ] GC(118) Pause Young (Concurrent Start) (G1 Evacuation Pause) 28M->11M(536M) 4.968ms
[35.676s][info][gc             ] GC(119) Concurrent Mark Cycle
[35.676s][info][gc,cpu         ] GC(118) User=0.00s Sys=0.00s Real=0.00s
[35.676s][info][gc,marking     ] GC(119) Concurrent Scan Root Regions
[35.678s][info][gc,marking     ] GC(119) Concurrent Scan Root Regions 1.170ms
[35.678s][info][gc,marking     ] GC(119) Concurrent Mark
[35.678s][info][gc,marking     ] GC(119) Concurrent Mark From Roots
[35.678s][info][gc,task        ] GC(119) Using 8 workers of 8 for marking
[35.683s][info][gc,marking     ] GC(119) Concurrent Mark From Roots 4.989ms
[35.683s][info][gc,marking     ] GC(119) Concurrent Preclean
[35.683s][info][gc,marking     ] GC(119) Concurrent Preclean 0.077ms
[35.683s][info][gc,start       ] GC(119) Pause Remark
[35.684s][info][gc             ] GC(119) Pause Remark 11M->11M(64M) 0.858ms
[35.684s][info][gc,cpu         ] GC(119) User=0.00s Sys=0.00s Real=0.00s
[35.684s][info][gc,marking     ] GC(119) Concurrent Mark 6.191ms
[35.684s][info][gc,marking     ] GC(119) Concurrent Rebuild Remembered Sets and Scrub Regions
[35.687s][info][gc,marking     ] GC(119) Concurrent Rebuild Remembered Sets and Scrub Regions 2.628ms
[35.687s][info][gc,start       ] GC(119) Pause Cleanup
[35.687s][info][gc             ] GC(119) Pause Cleanup 12M->12M(64M) 0.078ms
[35.687s][info][gc,cpu         ] GC(119) User=0.00s Sys=0.00s Real=0.00s
[35.688s][info][gc,marking     ] GC(119) Concurrent Clear Claimed Marks
[35.688s][info][gc,marking     ] GC(119) Concurrent Clear Claimed Marks 0.032ms
[35.688s][info][gc,marking     ] GC(119) Concurrent Cleanup for Next Mark
[35.689s][info][gc,marking     ] GC(119) Concurrent Cleanup for Next Mark 0.282ms
[35.689s][info][gc             ] GC(119) Concurrent Mark Cycle 12.347ms
[36.067s][info][gc,start       ] GC(120) Pause Young (Prepare Mixed) (G1 Evacuation Pause)
[36.068s][info][gc,task        ] GC(120) Using 7 workers of 33 for evacuation
[36.122s][info][gc,phases      ] GC(120)   Pre Evacuate Collection Set: 0.1ms
[36.122s][info][gc,phases      ] GC(120)   Merge Heap Roots: 0.1ms
[36.122s][info][gc,phases      ] GC(120)   Evacuate Collection Set: 53.1ms
[36.122s][info][gc,phases      ] GC(120)   Post Evacuate Collection Set: 0.8ms
[36.122s][info][gc,phases      ] GC(120)   Other: 0.1ms
[36.122s][info][gc,heap        ] GC(120) Eden regions: 35->0(16)
[36.122s][info][gc,heap        ] GC(120) Survivor regions: 3->5(5)
[36.122s][info][gc,heap        ] GC(120) Old regions: 15->29
[36.122s][info][gc,heap        ] GC(120) Archive regions: 0->0
[36.122s][info][gc,heap        ] GC(120) Humongous regions: 0->0
[36.122s][info][gc,metaspace   ] GC(120) Metaspace: 16631K(17024K)->16631K(17024K) NonClass: 14207K(14400K)->14207K(14400K) Class: 2423K(2624K)->2423K(2624K)
[36.122s][info][gc             ] GC(120) Pause Young (Prepare Mixed) (G1 Evacuation Pause) 46M->26M(72M) 54.714ms
[36.122s][info][gc,cpu         ] GC(120) User=0.33s Sys=0.00s Real=0.05s
[36.388s][info][gc,start       ] GC(121) Pause Young (Mixed) (G1 Evacuation Pause)
[36.388s][info][gc,task        ] GC(121) Using 4 workers of 33 for evacuation
[36.446s][info][gc,phases      ] GC(121)   Pre Evacuate Collection Set: 0.1ms
[36.446s][info][gc,phases      ] GC(121)   Merge Heap Roots: 0.6ms
[36.446s][info][gc,phases      ] GC(121)   Evacuate Collection Set: 57.2ms
[36.446s][info][gc,phases      ] GC(121)   Post Evacuate Collection Set: 0.2ms
[36.446s][info][gc,phases      ] GC(121)   Other: 0.1ms
[36.446s][info][gc,heap        ] GC(121) Eden regions: 16->0(9)
[36.446s][info][gc,heap        ] GC(121) Survivor regions: 5->3(3)
[36.447s][info][gc,heap        ] GC(121) Old regions: 29->43
[36.447s][info][gc,heap        ] GC(121) Archive regions: 0->0
[36.447s][info][gc,heap        ] GC(121) Humongous regions: 0->0
[36.447s][info][gc,metaspace   ] GC(121) Metaspace: 16631K(17024K)->16631K(17024K) NonClass: 14207K(14400K)->14207K(14400K) Class: 2423K(2624K)->2423K(2624K)
[36.447s][info][gc             ] GC(121) Pause Young (Mixed) (G1 Evacuation Pause) 42M->42M(72M) 58.631ms
[36.447s][info][gc,cpu         ] GC(121) User=0.19s Sys=0.00s Real=0.05s
[36.853s][info][gc,start       ] GC(122) Pause Young (Concurrent Start) (G1 Evacuation Pause)
[36.853s][info][gc,task        ] GC(122) Using 3 workers of 33 for evacuation
[36.860s][info][gc,phases      ] GC(122)   Pre Evacuate Collection Set: 0.3ms
[36.860s][info][gc,phases      ] GC(122)   Merge Heap Roots: 0.1ms
[36.860s][info][gc,phases      ] GC(122)   Evacuate Collection Set: 6.1ms
[36.860s][info][gc,phases      ] GC(122)   Post Evacuate Collection Set: 0.3ms
[36.860s][info][gc,phases      ] GC(122)   Other: 0.1ms
[36.860s][info][gc,heap        ] GC(122) Eden regions: 9->0(7)
[36.860s][info][gc,heap        ] GC(122) Survivor regions: 3->2(2)
[36.860s][info][gc,heap        ] GC(122) Old regions: 43->49
[36.860s][info][gc,heap        ] GC(122) Archive regions: 0->0
[36.860s][info][gc,heap        ] GC(122) Humongous regions: 0->0
[36.860s][info][gc,metaspace   ] GC(122) Metaspace: 16632K(17024K)->16632K(17024K) NonClass: 14208K(14400K)->14208K(14400K) Class: 2423K(2624K)->2423K(2624K)
[36.860s][info][gc             ] GC(122) Pause Young (Concurrent Start) (G1 Evacuation Pause) 51M->47M(72M) 7.326ms
[36.861s][info][gc             ] GC(123) Concurrent Mark Cycle
[36.861s][info][gc,cpu         ] GC(122) User=0.05s Sys=0.00s Real=0.02s
[36.861s][info][gc,marking     ] GC(123) Concurrent Scan Root Regions
[36.863s][info][gc,marking     ] GC(123) Concurrent Scan Root Regions 2.017ms
[36.863s][info][gc,marking     ] GC(123) Concurrent Mark
[36.863s][info][gc,marking     ] GC(123) Concurrent Mark From Roots
[36.863s][info][gc,task        ] GC(123) Using 8 workers of 8 for marking
[36.863s][info][gc,start       ] GC(124) Pause Young (Normal) (G1 Evacuation Pause)
[36.863s][info][gc,task        ] GC(124) Using 2 workers of 33 for evacuation
[36.878s][info][gc,phases      ] GC(124)   Pre Evacuate Collection Set: 0.1ms
[36.878s][info][gc,phases      ] GC(124)   Merge Heap Roots: 0.1ms
[36.878s][info][gc,phases      ] GC(124)   Evacuate Collection Set: 7.4ms
[36.878s][info][gc,phases      ] GC(124)   Post Evacuate Collection Set: 7.2ms
[36.878s][info][gc,phases      ] GC(124)   Other: 0.1ms
[36.878s][info][gc,heap        ] GC(124) Eden regions: 7->0(128)
[36.878s][info][gc,heap        ] GC(124) Survivor regions: 2->1(2)
[36.878s][info][gc,heap        ] GC(124) Old regions: 49->51
[36.878s][info][gc,heap        ] GC(124) Archive regions: 0->0
[36.878s][info][gc,heap        ] GC(124) Humongous regions: 0->0
[36.878s][info][gc,metaspace   ] GC(124) Metaspace: 16632K(17024K)->16632K(17024K) NonClass: 14208K(14400K)->14208K(14400K) Class: 2423K(2624K)->2423K(2624K)
[36.878s][info][gc             ] GC(124) Pause Young (Normal) (G1 Evacuation Pause) 54M->48M(548M) 15.386ms
[36.878s][info][gc,cpu         ] GC(124) User=0.00s Sys=0.02s Real=0.02s
[36.899s][info][gc,marking     ] GC(123) Concurrent Mark From Roots 36.325ms
[36.899s][info][gc,marking     ] GC(123) Concurrent Preclean
[36.899s][info][gc,marking     ] GC(123) Concurrent Preclean 0.069ms
[36.899s][info][gc,start       ] GC(123) Pause Remark
[36.902s][info][gc             ] GC(123) Pause Remark 61M->60M(214M) 3.128ms
[36.902s][info][gc,cpu         ] GC(123) User=0.00s Sys=0.00s Real=0.00s
[36.903s][info][gc,marking     ] GC(123) Concurrent Mark 39.961ms
[36.903s][info][gc,marking     ] GC(123) Concurrent Rebuild Remembered Sets and Scrub Regions
[36.907s][info][gc,marking     ] GC(123) Concurrent Rebuild Remembered Sets and Scrub Regions 4.812ms
[36.908s][info][gc,start       ] GC(123) Pause Cleanup
[36.908s][info][gc             ] GC(123) Pause Cleanup 65M->65M(214M) 0.134ms
[36.908s][info][gc,cpu         ] GC(123) User=0.00s Sys=0.00s Real=0.00s
[36.908s][info][gc,marking     ] GC(123) Concurrent Clear Claimed Marks
[36.908s][info][gc,marking     ] GC(123) Concurrent Clear Claimed Marks 0.027ms
[36.909s][info][gc,marking     ] GC(123) Concurrent Cleanup for Next Mark
[36.910s][info][gc,marking     ] GC(123) Concurrent Cleanup for Next Mark 1.275ms
[36.910s][info][gc             ] GC(123) Concurrent Mark Cycle 49.330ms
[37.028s][info][gc,start       ] GC(125) Pause Young (Prepare Mixed) (G1 Evacuation Pause)
[37.028s][info][gc,task        ] GC(125) Using 5 workers of 33 for evacuation
[37.029s][info][gc,phases      ] GC(125)   Pre Evacuate Collection Set: 0.1ms
[37.029s][info][gc,phases      ] GC(125)   Merge Heap Roots: 0.1ms
[37.029s][info][gc,phases      ] GC(125)   Evacuate Collection Set: 1.0ms
[37.029s][info][gc,phases      ] GC(125)   Post Evacuate Collection Set: 0.2ms
[37.029s][info][gc,phases      ] GC(125)   Other: 0.1ms
[37.029s][info][gc,heap        ] GC(125) Eden regions: 127->0(76)
[37.029s][info][gc,heap        ] GC(125) Survivor regions: 1->1(16)
[37.029s][info][gc,heap        ] GC(125) Old regions: 50->50
[37.029s][info][gc,heap        ] GC(125) Archive regions: 0->0
[37.029s][info][gc,heap        ] GC(125) Humongous regions: 0->0
[37.029s][info][gc,metaspace   ] GC(125) Metaspace: 16632K(17024K)->16632K(17024K) NonClass: 14208K(14400K)->14208K(14400K) Class: 2423K(2624K)->2423K(2624K)
[37.029s][info][gc             ] GC(125) Pause Young (Prepare Mixed) (G1 Evacuation Pause) 174M->47M(214M) 1.628ms
[37.029s][info][gc,cpu         ] GC(125) User=0.08s Sys=0.00s Real=0.02s
[37.038s][info][gc,start       ] GC(126) Pause Young (Mixed) (G1 Evacuation Pause)
[37.038s][info][gc,task        ] GC(126) Using 5 workers of 33 for evacuation
[37.039s][info][gc,phases      ] GC(126)   Pre Evacuate Collection Set: 0.1ms
[37.039s][info][gc,phases      ] GC(126)   Merge Heap Roots: 0.0ms
[37.039s][info][gc,phases      ] GC(126)   Evacuate Collection Set: 0.9ms
[37.039s][info][gc,phases      ] GC(126)   Post Evacuate Collection Set: 0.2ms
[37.039s][info][gc,phases      ] GC(126)   Other: 0.1ms
[37.039s][info][gc,heap        ] GC(126) Eden regions: 76->0(84)
[37.039s][info][gc,heap        ] GC(126) Survivor regions: 1->2(10)
[37.039s][info][gc,heap        ] GC(126) Old regions: 50->49
[37.039s][info][gc,heap        ] GC(126) Archive regions: 0->0
[37.039s][info][gc,heap        ] GC(126) Humongous regions: 0->0
[37.039s][info][gc,metaspace   ] GC(126) Metaspace: 16632K(17024K)->16632K(17024K) NonClass: 14208K(14400K)->14208K(14400K) Class: 2423K(2624K)->2423K(2624K)
[37.039s][info][gc             ] GC(126) Pause Young (Mixed) (G1 Evacuation Pause) 123M->46M(214M) 1.454ms
[37.039s][info][gc,cpu         ] GC(126) User=0.00s Sys=0.00s Real=0.00s
[37.048s][info][gc,start       ] GC(127) Pause Young (Concurrent Start) (G1 Evacuation Pause)
[37.048s][info][gc,task        ] GC(127) Using 5 workers of 33 for evacuation
[37.049s][info][gc,phases      ] GC(127)   Pre Evacuate Collection Set: 0.2ms
[37.049s][info][gc,phases      ] GC(127)   Merge Heap Roots: 0.0ms
[37.049s][info][gc,phases      ] GC(127)   Evacuate Collection Set: 1.0ms
[37.049s][info][gc,phases      ] GC(127)   Post Evacuate Collection Set: 0.2ms
[37.049s][info][gc,phases      ] GC(127)   Other: 0.1ms
[37.049s][info][gc,heap        ] GC(127) Eden regions: 84->0(93)
[37.049s][info][gc,heap        ] GC(127) Survivor regions: 2->2(11)
[37.049s][info][gc,heap        ] GC(127) Old regions: 49->49
[37.049s][info][gc,heap        ] GC(127) Archive regions: 0->0
[37.049s][info][gc,heap        ] GC(127) Humongous regions: 0->0
[37.049s][info][gc,metaspace   ] GC(127) Metaspace: 16632K(17024K)->16632K(17024K) NonClass: 14208K(14400K)->14208K(14400K) Class: 2423K(2624K)->2423K(2624K)
[37.049s][info][gc             ] GC(127) Pause Young (Concurrent Start) (G1 Evacuation Pause) 130M->46M(214M) 1.635ms
[37.049s][info][gc,cpu         ] GC(127) User=0.00s Sys=0.00s Real=0.00s
[37.049s][info][gc             ] GC(128) Concurrent Mark Cycle
[37.049s][info][gc,marking     ] GC(128) Concurrent Scan Root Regions
[37.051s][info][gc,marking     ] GC(128) Concurrent Scan Root Regions 1.871ms
[37.051s][info][gc,marking     ] GC(128) Concurrent Mark
[37.051s][info][gc,marking     ] GC(128) Concurrent Mark From Roots
[37.051s][info][gc,task        ] GC(128) Using 8 workers of 8 for marking
[37.057s][info][gc,marking     ] GC(128) Concurrent Mark From Roots 5.980ms
[37.057s][info][gc,marking     ] GC(128) Concurrent Preclean
[37.057s][info][gc,marking     ] GC(128) Concurrent Preclean 0.067ms
[37.058s][info][gc,start       ] GC(128) Pause Remark
[37.059s][info][gc             ] GC(128) Pause Remark 120M->90M(214M) 1.204ms
[37.059s][info][gc,cpu         ] GC(128) User=0.00s Sys=0.00s Real=0.00s
[37.059s][info][gc,marking     ] GC(128) Concurrent Mark 7.636ms
[37.059s][info][gc,marking     ] GC(128) Concurrent Rebuild Remembered Sets and Scrub Regions
[37.062s][info][gc,start       ] GC(129) Pause Young (Normal) (G1 Evacuation Pause)
[37.062s][info][gc,task        ] GC(129) Using 5 workers of 33 for evacuation
[37.063s][info][gc,phases      ] GC(129)   Pre Evacuate Collection Set: 0.1ms
[37.063s][info][gc,phases      ] GC(129)   Merge Heap Roots: 0.1ms
[37.063s][info][gc,phases      ] GC(129)   Evacuate Collection Set: 1.0ms
[37.063s][info][gc,phases      ] GC(129)   Post Evacuate Collection Set: 0.2ms
[37.063s][info][gc,phases      ] GC(129)   Other: 0.1ms
[37.063s][info][gc,heap        ] GC(129) Eden regions: 93->0(117)
[37.063s][info][gc,heap        ] GC(129) Survivor regions: 2->2(12)
[37.063s][info][gc,heap        ] GC(129) Old regions: 19->19
[37.063s][info][gc,heap        ] GC(129) Archive regions: 0->0
[37.063s][info][gc,heap        ] GC(129) Humongous regions: 0->0
[37.063s][info][gc,metaspace   ] GC(129) Metaspace: 16632K(17024K)->16632K(17024K) NonClass: 14208K(14400K)->14208K(14400K) Class: 2423K(2624K)->2423K(2624K)
[37.063s][info][gc             ] GC(129) Pause Young (Normal) (G1 Evacuation Pause) 109M->16M(214M) 1.543ms
[37.063s][info][gc,cpu         ] GC(129) User=0.00s Sys=0.00s Real=0.00s
[37.065s][info][gc,marking     ] GC(128) Concurrent Rebuild Remembered Sets and Scrub Regions 6.300ms
[37.065s][info][gc,start       ] GC(128) Pause Cleanup
[37.066s][info][gc             ] GC(128) Pause Cleanup 36M->36M(214M) 0.121ms
[37.066s][info][gc,cpu         ] GC(128) User=0.00s Sys=0.00s Real=0.00s
[37.066s][info][gc,marking     ] GC(128) Concurrent Clear Claimed Marks
[37.066s][info][gc,marking     ] GC(128) Concurrent Clear Claimed Marks 0.089ms
[37.066s][info][gc,marking     ] GC(128) Concurrent Cleanup for Next Mark
[37.066s][info][gc,marking     ] GC(128) Concurrent Cleanup for Next Mark 0.504ms
[37.066s][info][gc             ] GC(128) Concurrent Mark Cycle 16.960ms
[37.076s][info][gc,start       ] GC(130) Pause Young (Prepare Mixed) (G1 Evacuation Pause)
[37.076s][info][gc,task        ] GC(130) Using 5 workers of 33 for evacuation
[37.078s][info][gc,phases      ] GC(130)   Pre Evacuate Collection Set: 0.1ms
[37.078s][info][gc,phases      ] GC(130)   Merge Heap Roots: 0.1ms
[37.078s][info][gc,phases      ] GC(130)   Evacuate Collection Set: 1.0ms
[37.078s][info][gc,phases      ] GC(130)   Post Evacuate Collection Set: 0.2ms
[37.078s][info][gc,phases      ] GC(130)   Other: 0.1ms
[37.078s][info][gc,heap        ] GC(130) Eden regions: 117->0(126)
[37.078s][info][gc,heap        ] GC(130) Survivor regions: 2->2(15)
[37.078s][info][gc,heap        ] GC(130) Old regions: 19->19
[37.078s][info][gc,heap        ] GC(130) Archive regions: 0->0
[37.078s][info][gc,heap        ] GC(130) Humongous regions: 0->0
[37.078s][info][gc,metaspace   ] GC(130) Metaspace: 16632K(17024K)->16632K(17024K) NonClass: 14208K(14400K)->14208K(14400K) Class: 2423K(2624K)->2423K(2624K)
[37.078s][info][gc             ] GC(130) Pause Young (Prepare Mixed) (G1 Evacuation Pause) 133M->16M(214M) 1.639ms
[37.078s][info][gc,cpu         ] GC(130) User=0.00s Sys=0.00s Real=0.00s
[37.091s][info][gc,start       ] GC(131) Pause Young (Mixed) (G1 Evacuation Pause)
[37.091s][info][gc,task        ] GC(131) Using 5 workers of 33 for evacuation
[37.095s][info][gc,phases      ] GC(131)   Pre Evacuate Collection Set: 0.1ms
[37.095s][info][gc,phases      ] GC(131)   Merge Heap Roots: 0.1ms
[37.095s][info][gc,phases      ] GC(131)   Evacuate Collection Set: 1.0ms
[37.095s][info][gc,phases      ] GC(131)   Post Evacuate Collection Set: 2.5ms
[37.095s][info][gc,phases      ] GC(131)   Other: 0.1ms
[37.095s][info][gc,heap        ] GC(131) Eden regions: 126->0(369)
[37.095s][info][gc,heap        ] GC(131) Survivor regions: 2->2(16)
[37.095s][info][gc,heap        ] GC(131) Old regions: 19->17
[37.095s][info][gc,heap        ] GC(131) Archive regions: 0->0
[37.095s][info][gc,heap        ] GC(131) Humongous regions: 0->0
[37.095s][info][gc,metaspace   ] GC(131) Metaspace: 16632K(17024K)->16632K(17024K) NonClass: 14208K(14400K)->14208K(14400K) Class: 2423K(2624K)->2423K(2624K)
[37.095s][info][gc             ] GC(131) Pause Young (Mixed) (G1 Evacuation Pause) 142M->14M(619M) 3.976ms
[37.095s][info][gc,cpu         ] GC(131) User=0.00s Sys=0.00s Real=0.00s
[37.284s][info][gc,start       ] GC(132) Pause Young (Concurrent Start) (G1 Evacuation Pause)
[37.284s][info][gc,task        ] GC(132) Using 14 workers of 33 for evacuation
[37.285s][info][gc,phases      ] GC(132)   Pre Evacuate Collection Set: 0.2ms
[37.285s][info][gc,phases      ] GC(132)   Merge Heap Roots: 0.1ms
[37.285s][info][gc,phases      ] GC(132)   Evacuate Collection Set: 0.6ms
[37.285s][info][gc,phases      ] GC(132)   Post Evacuate Collection Set: 0.3ms
[37.285s][info][gc,phases      ] GC(132)   Other: 0.1ms
[37.285s][info][gc,heap        ] GC(132) Eden regions: 369->0(369)
[37.285s][info][gc,heap        ] GC(132) Survivor regions: 2->2(47)
[37.285s][info][gc,heap        ] GC(132) Old regions: 17->17
[37.285s][info][gc,heap        ] GC(132) Archive regions: 0->0
[37.285s][info][gc,heap        ] GC(132) Humongous regions: 0->0
[37.285s][info][gc,metaspace   ] GC(132) Metaspace: 16632K(17024K)->16632K(17024K) NonClass: 14208K(14400K)->14208K(14400K) Class: 2423K(2624K)->2423K(2624K)
[37.285s][info][gc             ] GC(132) Pause Young (Concurrent Start) (G1 Evacuation Pause) 383M->14M(619M) 1.637ms
[37.285s][info][gc             ] GC(133) Concurrent Mark Cycle
[37.285s][info][gc,cpu         ] GC(132) User=0.00s Sys=0.00s Real=0.00s
[37.285s][info][gc,marking     ] GC(133) Concurrent Scan Root Regions
[37.287s][info][gc,marking     ] GC(133) Concurrent Scan Root Regions 1.903ms
[37.287s][info][gc,marking     ] GC(133) Concurrent Mark
[37.287s][info][gc,marking     ] GC(133) Concurrent Mark From Roots
[37.287s][info][gc,task        ] GC(133) Using 8 workers of 8 for marking
[37.293s][info][gc,marking     ] GC(133) Concurrent Mark From Roots 6.193ms
[37.293s][info][gc,marking     ] GC(133) Concurrent Preclean
[37.294s][info][gc,marking     ] GC(133) Concurrent Preclean 0.072ms
[37.294s][info][gc,start       ] GC(133) Pause Remark
[37.295s][info][gc             ] GC(133) Pause Remark 91M->91M(324M) 0.865ms
[37.295s][info][gc,cpu         ] GC(133) User=0.22s Sys=0.00s Real=0.01s
[37.295s][info][gc,marking     ] GC(133) Concurrent Mark 7.564ms
[37.295s][info][gc,marking     ] GC(133) Concurrent Rebuild Remembered Sets and Scrub Regions
[37.298s][info][gc,marking     ] GC(133) Concurrent Rebuild Remembered Sets and Scrub Regions 3.150ms
[37.298s][info][gc,start       ] GC(133) Pause Cleanup
[37.298s][info][gc             ] GC(133) Pause Cleanup 103M->103M(324M) 0.113ms
[37.298s][info][gc,cpu         ] GC(133) User=0.00s Sys=0.00s Real=0.00s
[37.298s][info][gc,marking     ] GC(133) Concurrent Clear Claimed Marks
[37.298s][info][gc,marking     ] GC(133) Concurrent Clear Claimed Marks 0.034ms
[37.298s][info][gc,marking     ] GC(133) Concurrent Cleanup for Next Mark
[37.301s][info][gc,marking     ] GC(133) Concurrent Cleanup for Next Mark 2.384ms
[37.301s][info][gc             ] GC(133) Concurrent Mark Cycle 15.663ms
[37.340s][info][gc,start       ] GC(134) Pause Young (Prepare Mixed) (G1 Evacuation Pause)
[37.340s][info][gc,task        ] GC(134) Using 10 workers of 33 for evacuation
[37.341s][info][gc,phases      ] GC(134)   Pre Evacuate Collection Set: 0.1ms
[37.341s][info][gc,phases      ] GC(134)   Merge Heap Roots: 0.1ms
[37.341s][info][gc,phases      ] GC(134)   Evacuate Collection Set: 0.8ms
[37.341s][info][gc,phases      ] GC(134)   Post Evacuate Collection Set: 0.3ms
[37.341s][info][gc,phases      ] GC(134)   Other: 0.1ms
[37.341s][info][gc,heap        ] GC(134) Eden regions: 305->0(193)
[37.341s][info][gc,heap        ] GC(134) Survivor regions: 2->2(47)
[37.341s][info][gc,heap        ] GC(134) Old regions: 17->17
[37.341s][info][gc,heap        ] GC(134) Archive regions: 0->0
[37.341s][info][gc,heap        ] GC(134) Humongous regions: 0->0
[37.341s][info][gc,metaspace   ] GC(134) Metaspace: 16632K(17024K)->16632K(17024K) NonClass: 14208K(14400K)->14208K(14400K) Class: 2423K(2624K)->2423K(2624K)
[37.341s][info][gc             ] GC(134) Pause Young (Prepare Mixed) (G1 Evacuation Pause) 319M->14M(326M) 1.555ms
[37.342s][info][gc,cpu         ] GC(134) User=0.14s Sys=0.02s Real=0.02s
[37.362s][info][gc,start       ] GC(135) Pause Young (Mixed) (G1 Evacuation Pause)
[37.362s][info][gc,task        ] GC(135) Using 8 workers of 33 for evacuation
[37.363s][info][gc,phases      ] GC(135)   Pre Evacuate Collection Set: 0.1ms
[37.363s][info][gc,phases      ] GC(135)   Merge Heap Roots: 0.1ms
[37.363s][info][gc,phases      ] GC(135)   Evacuate Collection Set: 0.8ms
[37.363s][info][gc,phases      ] GC(135)   Post Evacuate Collection Set: 0.2ms
[37.364s][info][gc,phases      ] GC(135)   Other: 0.1ms
[37.364s][info][gc,heap        ] GC(135) Eden regions: 193->0(193)
[37.364s][info][gc,heap        ] GC(135) Survivor regions: 2->2(25)
[37.364s][info][gc,heap        ] GC(135) Old regions: 17->16
[37.364s][info][gc,heap        ] GC(135) Archive regions: 0->0
[37.364s][info][gc,heap        ] GC(135) Humongous regions: 0->0
[37.364s][info][gc,metaspace   ] GC(135) Metaspace: 16632K(17024K)->16632K(17024K) NonClass: 14208K(14400K)->14208K(14400K) Class: 2423K(2624K)->2423K(2624K)
[37.364s][info][gc             ] GC(135) Pause Young (Mixed) (G1 Evacuation Pause) 207M->13M(326M) 1.453ms
[37.364s][info][gc,cpu         ] GC(135) User=0.00s Sys=0.00s Real=0.00s
[37.384s][info][gc,start       ] GC(136) Pause Young (Concurrent Start) (G1 Evacuation Pause)
[37.384s][info][gc,task        ] GC(136) Using 7 workers of 33 for evacuation
[37.386s][info][gc,phases      ] GC(136)   Pre Evacuate Collection Set: 0.2ms
[37.386s][info][gc,phases      ] GC(136)   Merge Heap Roots: 0.1ms
[37.386s][info][gc,phases      ] GC(136)   Evacuate Collection Set: 0.9ms
[37.386s][info][gc,phases      ] GC(136)   Post Evacuate Collection Set: 0.3ms
[37.386s][info][gc,phases      ] GC(136)   Other: 0.1ms
[37.386s][info][gc,heap        ] GC(136) Eden regions: 193->0(193)
[37.386s][info][gc,heap        ] GC(136) Survivor regions: 2->2(25)
[37.386s][info][gc,heap        ] GC(136) Old regions: 16->16
[37.386s][info][gc,heap        ] GC(136) Archive regions: 0->0
[37.386s][info][gc,heap        ] GC(136) Humongous regions: 0->0
[37.386s][info][gc,metaspace   ] GC(136) Metaspace: 16632K(17024K)->16632K(17024K) NonClass: 14208K(14400K)->14208K(14400K) Class: 2423K(2624K)->2423K(2624K)
[37.386s][info][gc             ] GC(136) Pause Young (Concurrent Start) (G1 Evacuation Pause) 206M->13M(326M) 1.652ms
[37.386s][info][gc             ] GC(137) Concurrent Mark Cycle
[37.386s][info][gc,cpu         ] GC(136) User=0.00s Sys=0.00s Real=0.00s
[37.386s][info][gc,marking     ] GC(137) Concurrent Scan Root Regions
[37.388s][info][gc,marking     ] GC(137) Concurrent Scan Root Regions 1.933ms
[37.388s][info][gc,marking     ] GC(137) Concurrent Mark
[37.388s][info][gc,marking     ] GC(137) Concurrent Mark From Roots
[37.388s][info][gc,task        ] GC(137) Using 8 workers of 8 for marking
[37.394s][info][gc,marking     ] GC(137) Concurrent Mark From Roots 5.877ms
[37.394s][info][gc,marking     ] GC(137) Concurrent Preclean
[37.394s][info][gc,marking     ] GC(137) Concurrent Preclean 0.079ms
[37.394s][info][gc,start       ] GC(137) Pause Remark
[37.395s][info][gc             ] GC(137) Pause Remark 83M->83M(294M) 0.990ms
[37.395s][info][gc,cpu         ] GC(137) User=0.00s Sys=0.00s Real=0.00s
[37.395s][info][gc,marking     ] GC(137) Concurrent Mark 7.356ms
[37.395s][info][gc,marking     ] GC(137) Concurrent Rebuild Remembered Sets and Scrub Regions
[37.399s][info][gc,marking     ] GC(137) Concurrent Rebuild Remembered Sets and Scrub Regions 3.858ms
[37.399s][info][gc,start       ] GC(137) Pause Cleanup
[37.399s][info][gc             ] GC(137) Pause Cleanup 120M->120M(294M) 0.121ms
[37.399s][info][gc,cpu         ] GC(137) User=0.00s Sys=0.00s Real=0.00s
[37.400s][info][gc,marking     ] GC(137) Concurrent Clear Claimed Marks
[37.400s][info][gc,marking     ] GC(137) Concurrent Clear Claimed Marks 0.048ms
[37.400s][info][gc,marking     ] GC(137) Concurrent Cleanup for Next Mark
[37.400s][info][gc,marking     ] GC(137) Concurrent Cleanup for Next Mark 0.564ms
[37.400s][info][gc             ] GC(137) Concurrent Mark Cycle 14.329ms
[37.421s][info][gc,start       ] GC(138) Pause Young (Prepare Mixed) (G1 Evacuation Pause)
[37.421s][info][gc,task        ] GC(138) Using 7 workers of 33 for evacuation
[37.422s][info][gc,phases      ] GC(138)   Pre Evacuate Collection Set: 0.1ms
[37.422s][info][gc,phases      ] GC(138)   Merge Heap Roots: 0.1ms
[37.422s][info][gc,phases      ] GC(138)   Evacuate Collection Set: 0.8ms
[37.422s][info][gc,phases      ] GC(138)   Post Evacuate Collection Set: 0.3ms
[37.422s][info][gc,phases      ] GC(138)   Other: 0.1ms
[37.422s][info][gc,heap        ] GC(138) Eden regions: 193->0(174)
[37.422s][info][gc,heap        ] GC(138) Survivor regions: 2->2(25)
[37.422s][info][gc,heap        ] GC(138) Old regions: 16->16
[37.422s][info][gc,heap        ] GC(138) Archive regions: 0->0
[37.422s][info][gc,heap        ] GC(138) Humongous regions: 0->0
[37.422s][info][gc,metaspace   ] GC(138) Metaspace: 16633K(17024K)->16633K(17024K) NonClass: 14209K(14400K)->14209K(14400K) Class: 2423K(2624K)->2423K(2624K)
[37.422s][info][gc             ] GC(138) Pause Young (Prepare Mixed) (G1 Evacuation Pause) 206M->13M(294M) 1.502ms
[37.422s][info][gc,cpu         ] GC(138) User=0.00s Sys=0.00s Real=0.00s
[37.453s][info][gc,start       ] GC(139) Pause Young (Mixed) (G1 Evacuation Pause)
[37.453s][info][gc,task        ] GC(139) Using 7 workers of 33 for evacuation
[37.455s][info][gc,phases      ] GC(139)   Pre Evacuate Collection Set: 0.1ms
[37.455s][info][gc,phases      ] GC(139)   Merge Heap Roots: 0.1ms
[37.455s][info][gc,phases      ] GC(139)   Evacuate Collection Set: 1.0ms
[37.455s][info][gc,phases      ] GC(139)   Post Evacuate Collection Set: 0.3ms
[37.455s][info][gc,phases      ] GC(139)   Other: 0.1ms
[37.455s][info][gc,heap        ] GC(139) Eden regions: 174->0(174)
[37.455s][info][gc,heap        ] GC(139) Survivor regions: 2->2(22)
[37.455s][info][gc,heap        ] GC(139) Old regions: 16->15
[37.455s][info][gc,heap        ] GC(139) Archive regions: 0->0
[37.455s][info][gc,heap        ] GC(139) Humongous regions: 0->0
[37.455s][info][gc,metaspace   ] GC(139) Metaspace: 16633K(17024K)->16633K(17024K) NonClass: 14209K(14400K)->14209K(14400K) Class: 2423K(2624K)->2423K(2624K)
[37.455s][info][gc             ] GC(139) Pause Young (Mixed) (G1 Evacuation Pause) 187M->12M(294M) 1.694ms
[37.455s][info][gc,cpu         ] GC(139) User=0.00s Sys=0.00s Real=0.00s
[37.479s][info][gc,start       ] GC(140) Pause Young (Concurrent Start) (G1 Evacuation Pause)
[37.479s][info][gc,task        ] GC(140) Using 7 workers of 33 for evacuation
[37.481s][info][gc,phases      ] GC(140)   Pre Evacuate Collection Set: 0.2ms
[37.481s][info][gc,phases      ] GC(140)   Merge Heap Roots: 0.1ms
[37.481s][info][gc,phases      ] GC(140)   Evacuate Collection Set: 0.8ms
[37.481s][info][gc,phases      ] GC(140)   Post Evacuate Collection Set: 0.2ms
[37.481s][info][gc,phases      ] GC(140)   Other: 0.1ms
[37.481s][info][gc,heap        ] GC(140) Eden regions: 174->0(174)
[37.481s][info][gc,heap        ] GC(140) Survivor regions: 2->2(22)
[37.481s][info][gc,heap        ] GC(140) Old regions: 15->15
[37.481s][info][gc,heap        ] GC(140) Archive regions: 0->0
[37.481s][info][gc,heap        ] GC(140) Humongous regions: 0->0
[37.481s][info][gc,metaspace   ] GC(140) Metaspace: 16633K(17024K)->16633K(17024K) NonClass: 14209K(14400K)->14209K(14400K) Class: 2423K(2624K)->2423K(2624K)
[37.481s][info][gc             ] GC(140) Pause Young (Concurrent Start) (G1 Evacuation Pause) 186M->12M(294M) 1.594ms
[37.481s][info][gc             ] GC(141) Concurrent Mark Cycle
[37.481s][info][gc,cpu         ] GC(140) User=0.00s Sys=0.00s Real=0.00s
[37.481s][info][gc,marking     ] GC(141) Concurrent Scan Root Regions
[37.483s][info][gc,marking     ] GC(141) Concurrent Scan Root Regions 1.835ms
[37.483s][info][gc,marking     ] GC(141) Concurrent Mark
[37.483s][info][gc,marking     ] GC(141) Concurrent Mark From Roots
[37.483s][info][gc,task        ] GC(141) Using 8 workers of 8 for marking
[37.489s][info][gc,marking     ] GC(141) Concurrent Mark From Roots 6.151ms
[37.489s][info][gc,marking     ] GC(141) Concurrent Preclean
[37.489s][info][gc,marking     ] GC(141) Concurrent Preclean 0.079ms
[37.489s][info][gc,start       ] GC(141) Pause Remark
[37.490s][info][gc             ] GC(141) Pause Remark 82M->82M(294M) 1.043ms
[37.490s][info][gc,cpu         ] GC(141) User=0.00s Sys=0.00s Real=0.00s
[37.491s][info][gc,marking     ] GC(141) Concurrent Mark 7.752ms
[37.491s][info][gc,marking     ] GC(141) Concurrent Rebuild Remembered Sets and Scrub Regions
[37.495s][info][gc,marking     ] GC(141) Concurrent Rebuild Remembered Sets and Scrub Regions 3.939ms
[37.495s][info][gc,start       ] GC(141) Pause Cleanup
[37.495s][info][gc             ] GC(141) Pause Cleanup 117M->117M(294M) 0.201ms
[37.495s][info][gc,cpu         ] GC(141) User=0.00s Sys=0.00s Real=0.00s
[37.495s][info][gc,marking     ] GC(141) Concurrent Clear Claimed Marks
[37.495s][info][gc,marking     ] GC(141) Concurrent Clear Claimed Marks 0.035ms
[37.495s][info][gc,marking     ] GC(141) Concurrent Cleanup for Next Mark
[37.496s][info][gc,marking     ] GC(141) Concurrent Cleanup for Next Mark 0.534ms
[37.496s][info][gc             ] GC(141) Concurrent Mark Cycle 14.767ms
[37.503s][info][gc,start       ] GC(142) Pause Young (Prepare Mixed) (G1 Evacuation Pause)
[37.503s][info][gc,task        ] GC(142) Using 7 workers of 33 for evacuation
[37.504s][info][gc,phases      ] GC(142)   Pre Evacuate Collection Set: 0.1ms
[37.505s][info][gc,phases      ] GC(142)   Merge Heap Roots: 0.1ms
[37.505s][info][gc,phases      ] GC(142)   Evacuate Collection Set: 0.8ms
[37.505s][info][gc,phases      ] GC(142)   Post Evacuate Collection Set: 0.2ms
[37.505s][info][gc,phases      ] GC(142)   Other: 0.1ms
[37.505s][info][gc,heap        ] GC(142) Eden regions: 174->0(174)
[37.505s][info][gc,heap        ] GC(142) Survivor regions: 2->2(22)
[37.505s][info][gc,heap        ] GC(142) Old regions: 15->15
[37.505s][info][gc,heap        ] GC(142) Archive regions: 0->0
[37.505s][info][gc,heap        ] GC(142) Humongous regions: 0->0
[37.505s][info][gc,metaspace   ] GC(142) Metaspace: 16633K(17024K)->16633K(17024K) NonClass: 14209K(14400K)->14209K(14400K) Class: 2423K(2624K)->2423K(2624K)
[37.505s][info][gc             ] GC(142) Pause Young (Prepare Mixed) (G1 Evacuation Pause) 186M->12M(294M) 1.457ms
[37.505s][info][gc,cpu         ] GC(142) User=0.00s Sys=0.00s Real=0.00s
[37.524s][info][gc,start       ] GC(143) Pause Young (Mixed) (G1 Evacuation Pause)
[37.524s][info][gc,task        ] GC(143) Using 7 workers of 33 for evacuation
[37.526s][info][gc,phases      ] GC(143)   Pre Evacuate Collection Set: 0.1ms
[37.526s][info][gc,phases      ] GC(143)   Merge Heap Roots: 0.1ms
[37.526s][info][gc,phases      ] GC(143)   Evacuate Collection Set: 0.8ms
[37.526s][info][gc,phases      ] GC(143)   Post Evacuate Collection Set: 0.9ms
[37.526s][info][gc,phases      ] GC(143)   Other: 0.1ms
[37.526s][info][gc,heap        ] GC(143) Eden regions: 174->0(253)
[37.526s][info][gc,heap        ] GC(143) Survivor regions: 2->2(22)
[37.526s][info][gc,heap        ] GC(143) Old regions: 15->14
[37.526s][info][gc,heap        ] GC(143) Archive regions: 0->0
[37.526s][info][gc,heap        ] GC(143) Humongous regions: 0->0
[37.526s][info][gc,metaspace   ] GC(143) Metaspace: 16633K(17024K)->16633K(17024K) NonClass: 14209K(14400K)->14209K(14400K) Class: 2423K(2624K)->2423K(2624K)
[37.526s][info][gc             ] GC(143) Pause Young (Mixed) (G1 Evacuation Pause) 186M->11M(426M) 2.165ms
[37.527s][info][gc,cpu         ] GC(143) User=0.00s Sys=0.00s Real=0.00s
[37.605s][info][gc,start       ] GC(144) Pause Young (Concurrent Start) (G1 Evacuation Pause)
[37.766s][info][gc,task        ] GC(144) Using 10 workers of 33 for evacuation
[37.769s][info][gc,phases      ] GC(144)   Pre Evacuate Collection Set: 0.4ms
[37.769s][info][gc,phases      ] GC(144)   Merge Heap Roots: 0.2ms
[37.769s][info][gc,phases      ] GC(144)   Evacuate Collection Set: 1.4ms
[37.769s][info][gc,phases      ] GC(144)   Post Evacuate Collection Set: 0.5ms
[37.769s][info][gc,phases      ] GC(144)   Other: 0.2ms
[37.769s][info][gc,heap        ] GC(144) Eden regions: 253->0(253)
[37.769s][info][gc,heap        ] GC(144) Survivor regions: 2->2(32)
[37.769s][info][gc,heap        ] GC(144) Old regions: 14->14
[37.769s][info][gc,heap        ] GC(144) Archive regions: 0->0
[37.769s][info][gc,heap        ] GC(144) Humongous regions: 0->0
[37.769s][info][gc,metaspace   ] GC(144) Metaspace: 16633K(17024K)->16633K(17024K) NonClass: 14209K(14400K)->14209K(14400K) Class: 2423K(2624K)->2423K(2624K)
[37.769s][info][gc             ] GC(144) Pause Young (Concurrent Start) (G1 Evacuation Pause) 264M->11M(426M) 163.781ms
[37.769s][info][gc             ] GC(145) Concurrent Mark Cycle
[37.769s][info][gc,cpu         ] GC(144) User=0.00s Sys=0.00s Real=0.16s
[37.769s][info][gc,marking     ] GC(145) Concurrent Scan Root Regions
[37.773s][info][gc,marking     ] GC(145) Concurrent Scan Root Regions 3.993ms
[37.773s][info][gc,marking     ] GC(145) Concurrent Mark
[37.773s][info][gc,marking     ] GC(145) Concurrent Mark From Roots
[37.773s][info][gc,task        ] GC(145) Using 8 workers of 8 for marking
[37.806s][info][gc,marking     ] GC(145) Concurrent Mark From Roots 32.876ms
[37.806s][info][gc,marking     ] GC(145) Concurrent Preclean
[37.806s][info][gc,marking     ] GC(145) Concurrent Preclean 0.137ms
[37.807s][info][gc,start       ] GC(145) Pause Remark
[37.808s][info][gc             ] GC(145) Pause Remark 260M->260M(442M) 0.998ms
[37.808s][info][gc,cpu         ] GC(145) User=0.00s Sys=0.00s Real=0.00s
[37.808s][info][gc,marking     ] GC(145) Concurrent Mark 34.547ms
[37.808s][info][gc,marking     ] GC(145) Concurrent Rebuild Remembered Sets and Scrub Regions
[37.809s][info][gc,start       ] GC(146) Pause Young (Normal) (G1 Evacuation Pause)
[37.809s][info][gc,task        ] GC(146) Using 10 workers of 33 for evacuation
[37.810s][info][gc,phases      ] GC(146)   Pre Evacuate Collection Set: 0.1ms
[37.810s][info][gc,phases      ] GC(146)   Merge Heap Roots: 0.1ms
[37.810s][info][gc,phases      ] GC(146)   Evacuate Collection Set: 0.6ms
[37.810s][info][gc,phases      ] GC(146)   Post Evacuate Collection Set: 0.3ms
[37.810s][info][gc,phases      ] GC(146)   Other: 0.1ms
[37.810s][info][gc,heap        ] GC(146) Eden regions: 253->0(263)
[37.810s][info][gc,heap        ] GC(146) Survivor regions: 2->2(32)
[37.810s][info][gc,heap        ] GC(146) Old regions: 14->14
[37.810s][info][gc,heap        ] GC(146) Archive regions: 0->0
[37.810s][info][gc,heap        ] GC(146) Humongous regions: 0->0
[37.810s][info][gc,metaspace   ] GC(146) Metaspace: 16633K(17024K)->16633K(17024K) NonClass: 14209K(14400K)->14209K(14400K) Class: 2423K(2624K)->2423K(2624K)
[37.810s][info][gc             ] GC(146) Pause Young (Normal) (G1 Evacuation Pause) 264M->11M(442M) 1.271ms
[37.810s][info][gc,cpu         ] GC(146) User=0.00s Sys=0.00s Real=0.00s
[37.814s][info][gc,marking     ] GC(145) Concurrent Rebuild Remembered Sets and Scrub Regions 6.195ms
[37.814s][info][gc,start       ] GC(145) Pause Cleanup
[37.814s][info][gc             ] GC(145) Pause Cleanup 47M->47M(442M) 0.120ms
[37.814s][info][gc,cpu         ] GC(145) User=0.00s Sys=0.00s Real=0.00s
[37.814s][info][gc,marking     ] GC(145) Concurrent Clear Claimed Marks
[37.815s][info][gc,marking     ] GC(145) Concurrent Clear Claimed Marks 0.081ms
[37.815s][info][gc,marking     ] GC(145) Concurrent Cleanup for Next Mark
[37.816s][info][gc,marking     ] GC(145) Concurrent Cleanup for Next Mark 1.628ms
[37.816s][info][gc             ] GC(145) Concurrent Mark Cycle 47.162ms
[37.976s][info][gc,start       ] GC(147) Pause Young (Prepare Mixed) (G1 Evacuation Pause)
[37.976s][info][gc,task        ] GC(147) Using 10 workers of 33 for evacuation
[38.016s][info][gc,phases      ] GC(147)   Pre Evacuate Collection Set: 0.2ms
[38.016s][info][gc,phases      ] GC(147)   Merge Heap Roots: 0.1ms
[38.016s][info][gc,phases      ] GC(147)   Evacuate Collection Set: 39.4ms
[38.016s][info][gc,phases      ] GC(147)   Post Evacuate Collection Set: 0.5ms
[38.016s][info][gc,phases      ] GC(147)   Other: 0.2ms
[38.016s][info][gc,heap        ] GC(147) Eden regions: 263->0(213)
[38.017s][info][gc,heap        ] GC(147) Survivor regions: 2->34(34)
[38.017s][info][gc,heap        ] GC(147) Old regions: 14->76
[38.017s][info][gc,heap        ] GC(147) Archive regions: 0->0
[38.017s][info][gc,heap        ] GC(147) Humongous regions: 1->1
[38.017s][info][gc,metaspace   ] GC(147) Metaspace: 16633K(17024K)->16633K(17024K) NonClass: 14209K(14400K)->14209K(14400K) Class: 2423K(2624K)->2423K(2624K)
[38.017s][info][gc             ] GC(147) Pause Young (Prepare Mixed) (G1 Evacuation Pause) 275M->107M(442M) 40.886ms
[38.017s][info][gc,cpu         ] GC(147) User=0.47s Sys=0.00s Real=0.05s
[38.250s][info][gc,start       ] GC(148) Pause Young (Mixed) (G1 Evacuation Pause)
[38.250s][info][gc,task        ] GC(148) Using 10 workers of 33 for evacuation
[38.323s][info][gc,phases      ] GC(148)   Pre Evacuate Collection Set: 0.2ms
[38.323s][info][gc,phases      ] GC(148)   Merge Heap Roots: 0.5ms
[38.323s][info][gc,phases      ] GC(148)   Evacuate Collection Set: 71.1ms
[38.323s][info][gc,phases      ] GC(148)   Post Evacuate Collection Set: 0.6ms
[38.323s][info][gc,phases      ] GC(148)   Other: 0.2ms
[38.323s][info][gc,heap        ] GC(148) Eden regions: 213->0(119)
[38.323s][info][gc,heap        ] GC(148) Survivor regions: 34->31(31)
[38.323s][info][gc,heap        ] GC(148) Old regions: 76->216
[38.323s][info][gc,heap        ] GC(148) Archive regions: 0->0
[38.323s][info][gc,heap        ] GC(148) Humongous regions: 1->1
[38.323s][info][gc,metaspace   ] GC(148) Metaspace: 16633K(17024K)->16633K(17024K) NonClass: 14209K(14400K)->14209K(14400K) Class: 2423K(2624K)->2423K(2624K)
[38.323s][info][gc             ] GC(148) Pause Young (Mixed) (G1 Evacuation Pause) 320M->244M(497M) 73.079ms
[38.323s][info][gc,cpu         ] GC(148) User=0.78s Sys=0.00s Real=0.07s
[38.451s][info][gc,start       ] GC(149) Pause Young (Concurrent Start) (G1 Evacuation Pause)
[38.451s][info][gc,task        ] GC(149) Using 11 workers of 33 for evacuation
[38.505s][info][gc,phases      ] GC(149)   Pre Evacuate Collection Set: 0.3ms
[38.505s][info][gc,phases      ] GC(149)   Merge Heap Roots: 1.2ms
[38.505s][info][gc,phases      ] GC(149)   Evacuate Collection Set: 51.1ms
[38.505s][info][gc,phases      ] GC(149)   Post Evacuate Collection Set: 0.6ms
[38.505s][info][gc,phases      ] GC(149)   Other: 0.1ms
[38.505s][info][gc,heap        ] GC(149) Eden regions: 119->0(74)
[38.505s][info][gc,heap        ] GC(149) Survivor regions: 31->19(19)
[38.505s][info][gc,heap        ] GC(149) Old regions: 216->307
[38.505s][info][gc,heap        ] GC(149) Archive regions: 0->0
[38.505s][info][gc,heap        ] GC(149) Humongous regions: 1->1
[38.505s][info][gc,metaspace   ] GC(149) Metaspace: 16633K(17024K)->16633K(17024K) NonClass: 14209K(14400K)->14209K(14400K) Class: 2423K(2624K)->2423K(2624K)
[38.505s][info][gc             ] GC(149) Pause Young (Concurrent Start) (G1 Evacuation Pause) 363M->323M(497M) 53.879ms
[38.505s][info][gc             ] GC(150) Concurrent Mark Cycle
[38.505s][info][gc,cpu         ] GC(149) User=0.52s Sys=0.00s Real=0.05s
[38.505s][info][gc,marking     ] GC(150) Concurrent Scan Root Regions
[38.517s][info][gc,marking     ] GC(150) Concurrent Scan Root Regions 11.743ms
[38.517s][info][gc,marking     ] GC(150) Concurrent Mark
[38.517s][info][gc,marking     ] GC(150) Concurrent Mark From Roots
[38.517s][info][gc,task        ] GC(150) Using 8 workers of 8 for marking
[38.581s][info][gc,marking     ] GC(150) Concurrent Mark From Roots 63.986ms
[38.581s][info][gc,marking     ] GC(150) Concurrent Preclean
[38.581s][info][gc,marking     ] GC(150) Concurrent Preclean 0.069ms
[38.581s][info][gc,start       ] GC(150) Pause Remark
[38.583s][info][gc             ] GC(150) Pause Remark 377M->377M(635M) 1.620ms
[38.583s][info][gc,cpu         ] GC(150) User=0.00s Sys=0.00s Real=0.00s
[38.583s][info][gc,marking     ] GC(150) Concurrent Mark 65.960ms
[38.583s][info][gc,marking     ] GC(150) Concurrent Rebuild Remembered Sets and Scrub Regions
[38.618s][info][gc,start       ] GC(151) Pause Young (Normal) (G1 Evacuation Pause)
[38.618s][info][gc,task        ] GC(151) Using 15 workers of 33 for evacuation
[38.653s][info][gc,phases      ] GC(151)   Pre Evacuate Collection Set: 0.1ms
[38.653s][info][gc,phases      ] GC(151)   Merge Heap Roots: 0.6ms
[38.653s][info][gc,phases      ] GC(151)   Evacuate Collection Set: 33.2ms
[38.653s][info][gc,phases      ] GC(151)   Post Evacuate Collection Set: 0.8ms
[38.653s][info][gc,phases      ] GC(151)   Other: 0.1ms
[38.653s][info][gc,heap        ] GC(151) Eden regions: 74->0(108)
[38.653s][info][gc,heap        ] GC(151) Survivor regions: 19->12(12)
[38.653s][info][gc,heap        ] GC(151) Old regions: 307->366
[38.653s][info][gc,heap        ] GC(151) Archive regions: 0->0
[38.653s][info][gc,heap        ] GC(151) Humongous regions: 1->1
[38.654s][info][gc,metaspace   ] GC(151) Metaspace: 16633K(17024K)->16633K(17024K) NonClass: 14209K(14400K)->14209K(14400K) Class: 2423K(2624K)->2423K(2624K)
[38.654s][info][gc             ] GC(151) Pause Young (Normal) (G1 Evacuation Pause) 397M->375M(635M) 35.385ms
[38.654s][info][gc,cpu         ] GC(151) User=0.70s Sys=0.00s Real=0.05s
[38.791s][info][gc,marking     ] GC(150) Concurrent Rebuild Remembered Sets and Scrub Regions 208.256ms
[38.792s][info][gc,start       ] GC(150) Pause Cleanup
[38.792s][info][gc             ] GC(150) Pause Cleanup 451M->451M(635M) 0.320ms
[38.792s][info][gc,cpu         ] GC(150) User=0.00s Sys=0.00s Real=0.00s
[38.792s][info][gc,marking     ] GC(150) Concurrent Clear Claimed Marks
[38.792s][info][gc,marking     ] GC(150) Concurrent Clear Claimed Marks 0.024ms
[38.792s][info][gc,marking     ] GC(150) Concurrent Cleanup for Next Mark
[38.793s][info][gc,marking     ] GC(150) Concurrent Cleanup for Next Mark 0.948ms
[38.793s][info][gc             ] GC(150) Concurrent Mark Cycle 287.749ms
[38.840s][info][gc,start       ] GC(152) Pause Young (Prepare Mixed) (G1 Evacuation Pause)
[38.840s][info][gc,task        ] GC(152) Using 15 workers of 33 for evacuation
[38.886s][info][gc,phases      ] GC(152)   Pre Evacuate Collection Set: 0.1ms
[38.886s][info][gc,phases      ] GC(152)   Merge Heap Roots: 1.4ms
[38.886s][info][gc,phases      ] GC(152)   Evacuate Collection Set: 44.3ms
[38.886s][info][gc,phases      ] GC(152)   Post Evacuate Collection Set: 0.3ms
[38.886s][info][gc,phases      ] GC(152)   Other: 0.1ms
[38.886s][info][gc,heap        ] GC(152) Eden regions: 108->0(72)
[38.886s][info][gc,heap        ] GC(152) Survivor regions: 12->15(15)
[38.886s][info][gc,heap        ] GC(152) Old regions: 366->438
[38.886s][info][gc,heap        ] GC(152) Archive regions: 0->0
[38.886s][info][gc,heap        ] GC(152) Humongous regions: 1->1
[38.886s][info][gc,metaspace   ] GC(152) Metaspace: 16633K(17024K)->16633K(17024K) NonClass: 14209K(14400K)->14209K(14400K) Class: 2423K(2624K)->2423K(2624K)
[38.886s][info][gc             ] GC(152) Pause Young (Prepare Mixed) (G1 Evacuation Pause) 483M->450M(635M) 46.511ms
[38.886s][info][gc,cpu         ] GC(152) User=0.64s Sys=0.06s Real=0.05s
[39.222s][info][gc,start       ] GC(153) Pause Young (Mixed) (G1 Evacuation Pause)
[39.222s][info][gc,task        ] GC(153) Using 15 workers of 33 for evacuation
[39.263s][info][gc,phases      ] GC(153)   Pre Evacuate Collection Set: 0.2ms
[39.263s][info][gc,phases      ] GC(153)   Merge Heap Roots: 3.5ms
[39.263s][info][gc,phases      ] GC(153)   Evacuate Collection Set: 35.0ms
[39.263s][info][gc,phases      ] GC(153)   Post Evacuate Collection Set: 2.2ms
[39.263s][info][gc,phases      ] GC(153)   Other: 0.2ms
[39.263s][info][gc,heap        ] GC(153) Eden regions: 72->0(121)
[39.263s][info][gc,heap        ] GC(153) Survivor regions: 15->8(11)
[39.263s][info][gc,heap        ] GC(153) Old regions: 438->454
[39.263s][info][gc,heap        ] GC(153) Archive regions: 0->0
[39.263s][info][gc,heap        ] GC(153) Humongous regions: 2->2
[39.263s][info][gc,metaspace   ] GC(153) Metaspace: 16633K(17024K)->16633K(17024K) NonClass: 14209K(14400K)->14209K(14400K) Class: 2423K(2624K)->2423K(2624K)
[39.263s][info][gc             ] GC(153) Pause Young (Mixed) (G1 Evacuation Pause) 523M->461M(744M) 41.526ms
[39.263s][info][gc,cpu         ] GC(153) User=0.44s Sys=0.03s Real=0.03s
[45.515s][info][gc,start       ] GC(154) Pause Young (Concurrent Start) (G1 Evacuation Pause)
[45.515s][info][gc,task        ] GC(154) Using 17 workers of 33 for evacuation
[45.548s][info][gc,phases      ] GC(154)   Pre Evacuate Collection Set: 0.3ms
[45.548s][info][gc,phases      ] GC(154)   Merge Heap Roots: 0.8ms
[45.548s][info][gc,phases      ] GC(154)   Evacuate Collection Set: 31.1ms
[45.548s][info][gc,phases      ] GC(154)   Post Evacuate Collection Set: 0.5ms
[45.548s][info][gc,phases      ] GC(154)   Other: 0.1ms
[45.548s][info][gc,heap        ] GC(154) Eden regions: 121->0(107)
[45.548s][info][gc,heap        ] GC(154) Survivor regions: 8->17(17)
[45.548s][info][gc,heap        ] GC(154) Old regions: 454->487
[45.548s][info][gc,heap        ] GC(154) Archive regions: 0->0
[45.548s][info][gc,heap        ] GC(154) Humongous regions: 2->2
[45.548s][info][gc,metaspace   ] GC(154) Metaspace: 16638K(17024K)->16638K(17024K) NonClass: 14214K(14400K)->14214K(14400K) Class: 2423K(2624K)->2423K(2624K)
[45.548s][info][gc             ] GC(154) Pause Young (Concurrent Start) (G1 Evacuation Pause) 582M->503M(744M) 33.225ms
[45.548s][info][gc             ] GC(155) Concurrent Mark Cycle
[45.548s][info][gc,cpu         ] GC(154) User=0.27s Sys=0.00s Real=0.03s
[45.548s][info][gc,marking     ] GC(155) Concurrent Scan Root Regions
[45.554s][info][gc,marking     ] GC(155) Concurrent Scan Root Regions 6.047ms
[45.554s][info][gc,marking     ] GC(155) Concurrent Mark
[45.554s][info][gc,marking     ] GC(155) Concurrent Mark From Roots
[45.554s][info][gc,task        ] GC(155) Using 8 workers of 8 for marking
[45.587s][info][gc,marking     ] GC(155) Concurrent Mark From Roots 32.584ms
[45.587s][info][gc,marking     ] GC(155) Concurrent Preclean
[45.587s][info][gc,marking     ] GC(155) Concurrent Preclean 0.081ms
[45.587s][info][gc,start       ] GC(155) Pause Remark
[45.589s][info][gc             ] GC(155) Pause Remark 545M->542M(909M) 2.032ms
[45.589s][info][gc,cpu         ] GC(155) User=0.00s Sys=0.00s Real=0.00s
[45.589s][info][gc,marking     ] GC(155) Concurrent Mark 34.944ms
[45.589s][info][gc,marking     ] GC(155) Concurrent Rebuild Remembered Sets and Scrub Regions
[45.666s][info][gc,marking     ] GC(155) Concurrent Rebuild Remembered Sets and Scrub Regions 76.100ms
[45.666s][info][gc,start       ] GC(155) Pause Cleanup
[45.666s][info][gc             ] GC(155) Pause Cleanup 604M->604M(909M) 0.503ms
[45.666s][info][gc,cpu         ] GC(155) User=0.00s Sys=0.00s Real=0.00s
[45.666s][info][gc,marking     ] GC(155) Concurrent Clear Claimed Marks
[45.666s][info][gc,marking     ] GC(155) Concurrent Clear Claimed Marks 0.043ms
[45.666s][info][gc,marking     ] GC(155) Concurrent Cleanup for Next Mark
[45.668s][info][gc,marking     ] GC(155) Concurrent Cleanup for Next Mark 1.248ms
[45.668s][info][gc             ] GC(155) Concurrent Mark Cycle 119.297ms
[45.671s][info][gc,start       ] GC(156) Pause Young (Prepare Mixed) (G1 Evacuation Pause)
[45.671s][info][gc,task        ] GC(156) Using 21 workers of 33 for evacuation
[45.693s][info][gc,phases      ] GC(156)   Pre Evacuate Collection Set: 0.1ms
[45.693s][info][gc,phases      ] GC(156)   Merge Heap Roots: 0.3ms
[45.693s][info][gc,phases      ] GC(156)   Evacuate Collection Set: 21.7ms
[45.693s][info][gc,phases      ] GC(156)   Post Evacuate Collection Set: 0.3ms
[45.694s][info][gc,phases      ] GC(156)   Other: 0.1ms
[45.694s][info][gc,heap        ] GC(156) Eden regions: 107->0(167)
[45.694s][info][gc,heap        ] GC(156) Survivor regions: 17->16(16)
[45.694s][info][gc,heap        ] GC(156) Old regions: 485->534
[45.694s][info][gc,heap        ] GC(156) Archive regions: 0->0
[45.694s][info][gc,heap        ] GC(156) Humongous regions: 1->1
[45.694s][info][gc,metaspace   ] GC(156) Metaspace: 16638K(17024K)->16638K(17024K) NonClass: 14214K(14400K)->14214K(14400K) Class: 2423K(2624K)->2423K(2624K)
[45.694s][info][gc             ] GC(156) Pause Young (Prepare Mixed) (G1 Evacuation Pause) 607M->548M(909M) 22.799ms
[45.694s][info][gc,cpu         ] GC(156) User=0.33s Sys=0.00s Real=0.01s
[45.862s][info][gc,start       ] GC(157) Pause Young (Mixed) (G1 Evacuation Pause)
[45.862s][info][gc,task        ] GC(157) Using 21 workers of 33 for evacuation
[45.896s][info][gc,phases      ] GC(157)   Pre Evacuate Collection Set: 0.2ms
[45.896s][info][gc,phases      ] GC(157)   Merge Heap Roots: 0.2ms
[45.896s][info][gc,phases      ] GC(157)   Evacuate Collection Set: 32.9ms
[45.896s][info][gc,phases      ] GC(157)   Post Evacuate Collection Set: 0.4ms
[45.896s][info][gc,phases      ] GC(157)   Other: 0.2ms
[45.896s][info][gc,heap        ] GC(157) Eden regions: 167->0(177)
[45.896s][info][gc,heap        ] GC(157) Survivor regions: 16->23(23)
[45.896s][info][gc,heap        ] GC(157) Old regions: 534->511
[45.896s][info][gc,heap        ] GC(157) Archive regions: 0->0
[45.896s][info][gc,heap        ] GC(157) Humongous regions: 1->1
[45.896s][info][gc,metaspace   ] GC(157) Metaspace: 16638K(17024K)->16638K(17024K) NonClass: 14214K(14400K)->14214K(14400K) Class: 2423K(2624K)->2423K(2624K)
[45.896s][info][gc             ] GC(157) Pause Young (Mixed) (G1 Evacuation Pause) 715M->532M(909M) 34.423ms
[45.896s][info][gc,cpu         ] GC(157) User=0.66s Sys=0.00s Real=0.03s
[46.050s][info][gc,start       ] GC(158) Pause Young (Mixed) (G1 Evacuation Pause)
[46.051s][info][gc,task        ] GC(158) Using 21 workers of 33 for evacuation
[46.085s][info][gc,phases      ] GC(158)   Pre Evacuate Collection Set: 0.2ms
[46.085s][info][gc,phases      ] GC(158)   Merge Heap Roots: 0.2ms
[46.085s][info][gc,phases      ] GC(158)   Evacuate Collection Set: 33.8ms
[46.085s][info][gc,phases      ] GC(158)   Post Evacuate Collection Set: 0.4ms
[46.085s][info][gc,phases      ] GC(158)   Other: 0.2ms
[46.085s][info][gc,heap        ] GC(158) Eden regions: 177->0(184)
[46.085s][info][gc,heap        ] GC(158) Survivor regions: 23->25(25)
[46.086s][info][gc,heap        ] GC(158) Old regions: 511->499
[46.086s][info][gc,heap        ] GC(158) Archive regions: 0->0
[46.086s][info][gc,heap        ] GC(158) Humongous regions: 1->1
[46.086s][info][gc,metaspace   ] GC(158) Metaspace: 16638K(17024K)->16638K(17024K) NonClass: 14214K(14400K)->14214K(14400K) Class: 2423K(2624K)->2423K(2624K)
[46.086s][info][gc             ] GC(158) Pause Young (Mixed) (G1 Evacuation Pause) 709M->522M(909M) 35.086ms
[46.086s][info][gc,cpu         ] GC(158) User=0.67s Sys=0.00s Real=0.05s
[46.247s][info][gc,start       ] GC(159) Pause Young (Mixed) (G1 Evacuation Pause)
[46.247s][info][gc,task        ] GC(159) Using 21 workers of 33 for evacuation
[46.285s][info][gc,phases      ] GC(159)   Pre Evacuate Collection Set: 0.2ms
[46.285s][info][gc,phases      ] GC(159)   Merge Heap Roots: 0.2ms
[46.285s][info][gc,phases      ] GC(159)   Evacuate Collection Set: 35.9ms
[46.285s][info][gc,phases      ] GC(159)   Post Evacuate Collection Set: 1.0ms
[46.285s][info][gc,phases      ] GC(159)   Other: 0.2ms
[46.285s][info][gc,heap        ] GC(159) Eden regions: 184->0(211)
[46.285s][info][gc,heap        ] GC(159) Survivor regions: 25->27(27)
[46.285s][info][gc,heap        ] GC(159) Old regions: 499->489
[46.285s][info][gc,heap        ] GC(159) Archive regions: 0->0
[46.285s][info][gc,heap        ] GC(159) Humongous regions: 1->1
[46.285s][info][gc,metaspace   ] GC(159) Metaspace: 16638K(17024K)->16638K(17024K) NonClass: 14214K(14400K)->14214K(14400K) Class: 2423K(2624K)->2423K(2624K)
[46.285s][info][gc             ] GC(159) Pause Young (Mixed) (G1 Evacuation Pause) 706M->514M(952M) 38.017ms
[46.285s][info][gc,cpu         ] GC(159) User=0.97s Sys=0.02s Real=0.05s
[46.487s][info][gc,start       ] GC(160) Pause Young (Mixed) (G1 Evacuation Pause)
[46.487s][info][gc,task        ] GC(160) Using 22 workers of 33 for evacuation
[46.524s][info][gc,phases      ] GC(160)   Pre Evacuate Collection Set: 0.2ms
[46.524s][info][gc,phases      ] GC(160)   Merge Heap Roots: 0.2ms
[46.524s][info][gc,phases      ] GC(160)   Evacuate Collection Set: 36.5ms
[46.524s][info][gc,phases      ] GC(160)   Post Evacuate Collection Set: 0.4ms
[46.524s][info][gc,phases      ] GC(160)   Other: 0.2ms
[46.524s][info][gc,heap        ] GC(160) Eden regions: 211->0(197)
[46.524s][info][gc,heap        ] GC(160) Survivor regions: 27->30(30)
[46.524s][info][gc,heap        ] GC(160) Old regions: 489->518
[46.524s][info][gc,heap        ] GC(160) Archive regions: 0->0
[46.525s][info][gc,heap        ] GC(160) Humongous regions: 1->1
[46.525s][info][gc,metaspace   ] GC(160) Metaspace: 16638K(17024K)->16638K(17024K) NonClass: 14214K(14400K)->14214K(14400K) Class: 2423K(2624K)->2423K(2624K)
[46.525s][info][gc             ] GC(160) Pause Young (Mixed) (G1 Evacuation Pause) 725M->546M(952M) 37.676ms
[46.525s][info][gc,cpu         ] GC(160) User=0.69s Sys=0.00s Real=0.03s
[46.591s][info][gc,start       ] GC(161) Pause Young (Concurrent Start) (G1 Humongous Allocation)
[46.591s][info][gc,task        ] GC(161) Using 22 workers of 33 for evacuation
[46.617s][info][gc,phases      ] GC(161)   Pre Evacuate Collection Set: 0.3ms
[46.617s][info][gc,phases      ] GC(161)   Merge Heap Roots: 0.2ms
[46.617s][info][gc,phases      ] GC(161)   Evacuate Collection Set: 25.4ms
[46.617s][info][gc,phases      ] GC(161)   Post Evacuate Collection Set: 0.4ms
[46.617s][info][gc,phases      ] GC(161)   Other: 0.1ms
[46.617s][info][gc,heap        ] GC(161) Eden regions: 74->0(180)
[46.617s][info][gc,heap        ] GC(161) Survivor regions: 30->29(29)
[46.617s][info][gc,heap        ] GC(161) Old regions: 518->556
[46.617s][info][gc,heap        ] GC(161) Archive regions: 0->0
[46.617s][info][gc,heap        ] GC(161) Humongous regions: 1->1
[46.617s][info][gc,metaspace   ] GC(161) Metaspace: 16638K(17024K)->16638K(17024K) NonClass: 14214K(14400K)->14214K(14400K) Class: 2423K(2624K)->2423K(2624K)
[46.617s][info][gc             ] GC(161) Pause Young (Concurrent Start) (G1 Humongous Allocation) 620M->583M(952M) 26.652ms
[46.617s][info][gc             ] GC(162) Concurrent Mark Cycle
[46.617s][info][gc,cpu         ] GC(161) User=0.69s Sys=0.00s Real=0.03s
[46.618s][info][gc,marking     ] GC(162) Concurrent Scan Root Regions
[46.630s][info][gc,marking     ] GC(162) Concurrent Scan Root Regions 12.323ms
[46.630s][info][gc,marking     ] GC(162) Concurrent Mark
[46.630s][info][gc,marking     ] GC(162) Concurrent Mark From Roots
[46.630s][info][gc,task        ] GC(162) Using 8 workers of 8 for marking
[46.734s][info][gc,marking     ] GC(162) Concurrent Mark From Roots 104.153ms
[46.734s][info][gc,marking     ] GC(162) Concurrent Preclean
[46.734s][info][gc,marking     ] GC(162) Concurrent Preclean 0.049ms
[46.734s][info][gc,start       ] GC(162) Pause Remark
[46.735s][info][gc             ] GC(162) Pause Remark 615M->514M(952M) 1.003ms
[46.735s][info][gc,cpu         ] GC(162) User=0.00s Sys=0.00s Real=0.00s
[46.735s][info][gc,marking     ] GC(162) Concurrent Mark 105.461ms
[46.735s][info][gc,marking     ] GC(162) Concurrent Rebuild Remembered Sets and Scrub Regions
[46.930s][info][gc,marking     ] GC(162) Concurrent Rebuild Remembered Sets and Scrub Regions 194.726ms
[46.930s][info][gc,start       ] GC(162) Pause Cleanup
[46.931s][info][gc             ] GC(162) Pause Cleanup 547M->547M(952M) 0.320ms
[46.931s][info][gc,cpu         ] GC(162) User=0.00s Sys=0.00s Real=0.00s
[46.931s][info][gc,marking     ] GC(162) Concurrent Clear Claimed Marks
[46.931s][info][gc,marking     ] GC(162) Concurrent Clear Claimed Marks 0.024ms
[46.931s][info][gc,marking     ] GC(162) Concurrent Cleanup for Next Mark
[46.931s][info][gc,marking     ] GC(162) Concurrent Cleanup for Next Mark 0.716ms
[46.931s][info][gc             ] GC(162) Concurrent Mark Cycle 314.017ms
[47.379s][info][gc,start       ] GC(163) Pause Young (Prepare Mixed) (G1 Evacuation Pause)
[47.379s][info][gc,task        ] GC(163) Using 22 workers of 33 for evacuation
[47.431s][info][gc,phases      ] GC(163)   Pre Evacuate Collection Set: 0.2ms
[47.431s][info][gc,phases      ] GC(163)   Merge Heap Roots: 2.1ms
[47.431s][info][gc,phases      ] GC(163)   Evacuate Collection Set: 48.8ms
[47.431s][info][gc,phases      ] GC(163)   Post Evacuate Collection Set: 0.9ms
[47.431s][info][gc,phases      ] GC(163)   Other: 0.2ms
[47.431s][info][gc,heap        ] GC(163) Eden regions: 180->0(213)
[47.431s][info][gc,heap        ] GC(163) Survivor regions: 29->27(27)
[47.431s][info][gc,heap        ] GC(163) Old regions: 456->499
[47.431s][info][gc,heap        ] GC(163) Archive regions: 0->0
[47.431s][info][gc,heap        ] GC(163) Humongous regions: 6->6
[47.431s][info][gc,metaspace   ] GC(163) Metaspace: 16638K(17024K)->16638K(17024K) NonClass: 14214K(14400K)->14214K(14400K) Class: 2423K(2624K)->2423K(2624K)
[47.431s][info][gc             ] GC(163) Pause Young (Prepare Mixed) (G1 Evacuation Pause) 668M->529M(952M) 52.434ms
[47.431s][info][gc,cpu         ] GC(163) User=1.03s Sys=0.00s Real=0.05s
[47.818s][info][gc,start       ] GC(164) Pause Young (Mixed) (G1 Evacuation Pause)
[47.818s][info][gc,task        ] GC(164) Using 22 workers of 33 for evacuation
[47.851s][info][gc,phases      ] GC(164)   Pre Evacuate Collection Set: 0.2ms
[47.851s][info][gc,phases      ] GC(164)   Merge Heap Roots: 1.3ms
[47.851s][info][gc,phases      ] GC(164)   Evacuate Collection Set: 31.4ms
[47.851s][info][gc,phases      ] GC(164)   Post Evacuate Collection Set: 0.4ms
[47.851s][info][gc,phases      ] GC(164)   Other: 0.2ms
[47.851s][info][gc,heap        ] GC(164) Eden regions: 213->0(243)
[47.851s][info][gc,heap        ] GC(164) Survivor regions: 27->6(30)
[47.852s][info][gc,heap        ] GC(164) Old regions: 499->506
[47.852s][info][gc,heap        ] GC(164) Archive regions: 0->0
[47.852s][info][gc,heap        ] GC(164) Humongous regions: 6->6
[47.852s][info][gc,metaspace   ] GC(164) Metaspace: 16638K(17024K)->16638K(17024K) NonClass: 14214K(14400K)->14214K(14400K) Class: 2423K(2624K)->2423K(2624K)
[47.852s][info][gc             ] GC(164) Pause Young (Mixed) (G1 Evacuation Pause) 742M->514M(952M) 33.733ms
[47.852s][info][gc,cpu         ] GC(164) User=1.03s Sys=0.00s Real=0.05s
[49.041s][info][gc,start       ] GC(165) Pause Young (Concurrent Start) (G1 Evacuation Pause)
[49.041s][info][gc,task        ] GC(165) Using 22 workers of 33 for evacuation
[49.047s][info][gc,phases      ] GC(165)   Pre Evacuate Collection Set: 0.3ms
[49.048s][info][gc,phases      ] GC(165)   Merge Heap Roots: 0.2ms
[49.048s][info][gc,phases      ] GC(165)   Evacuate Collection Set: 4.7ms
[49.048s][info][gc,phases      ] GC(165)   Post Evacuate Collection Set: 1.0ms
[49.048s][info][gc,phases      ] GC(165)   Other: 0.2ms
[49.048s][info][gc,heap        ] GC(165) Eden regions: 243->0(276)
[49.048s][info][gc,heap        ] GC(165) Survivor regions: 6->3(32)
[49.048s][info][gc,heap        ] GC(165) Old regions: 506->506
[49.048s][info][gc,heap        ] GC(165) Archive regions: 0->0
[49.048s][info][gc,heap        ] GC(165) Humongous regions: 6->6
[49.048s][info][gc,metaspace   ] GC(165) Metaspace: 16638K(17024K)->16638K(17024K) NonClass: 14214K(14400K)->14214K(14400K) Class: 2423K(2624K)->2423K(2624K)
[49.048s][info][gc             ] GC(165) Pause Young (Concurrent Start) (G1 Evacuation Pause) 757M->511M(963M) 6.924ms
[49.048s][info][gc             ] GC(166) Concurrent Mark Cycle
[49.048s][info][gc,cpu         ] GC(165) User=0.34s Sys=0.00s Real=0.02s
[49.048s][info][gc,marking     ] GC(166) Concurrent Scan Root Regions
[49.050s][info][gc,marking     ] GC(166) Concurrent Scan Root Regions 1.731ms
[49.050s][info][gc,marking     ] GC(166) Concurrent Mark
[49.050s][info][gc,marking     ] GC(166) Concurrent Mark From Roots
[49.050s][info][gc,task        ] GC(166) Using 8 workers of 8 for marking
[49.057s][info][gc,marking     ] GC(166) Concurrent Mark From Roots 6.915ms
[49.057s][info][gc,marking     ] GC(166) Concurrent Preclean
[49.057s][info][gc,marking     ] GC(166) Concurrent Preclean 0.044ms
[49.057s][info][gc,start       ] GC(166) Pause Remark
[49.059s][info][gc             ] GC(166) Pause Remark 512M->58M(207M) 1.884ms
[49.059s][info][gc,cpu         ] GC(166) User=0.00s Sys=0.00s Real=0.00s
[49.059s][info][gc,marking     ] GC(166) Concurrent Mark 9.117ms
[49.059s][info][gc,marking     ] GC(166) Concurrent Rebuild Remembered Sets and Scrub Regions
[49.063s][info][gc,marking     ] GC(166) Concurrent Rebuild Remembered Sets and Scrub Regions 4.106ms
[49.063s][info][gc,start       ] GC(166) Pause Cleanup
[49.063s][info][gc             ] GC(166) Pause Cleanup 58M->58M(207M) 0.206ms
[49.063s][info][gc,cpu         ] GC(166) User=0.00s Sys=0.00s Real=0.00s
[49.063s][info][gc,marking     ] GC(166) Concurrent Clear Claimed Marks
[49.063s][info][gc,marking     ] GC(166) Concurrent Clear Claimed Marks 0.020ms
[49.063s][info][gc,marking     ] GC(166) Concurrent Cleanup for Next Mark
[49.064s][info][gc,marking     ] GC(166) Concurrent Cleanup for Next Mark 0.198ms
[49.064s][info][gc             ] GC(166) Concurrent Mark Cycle 15.684ms
[49.777s][info][gc,start       ] GC(167) Pause Full (System.gc())
[49.777s][info][gc,task        ] GC(167) Using 13 workers of 33 for full compaction
[49.777s][info][gc,phases,start] GC(167) Phase 1: Mark live objects
[49.784s][info][gc,phases      ] GC(167) Phase 1: Mark live objects 6.465ms
[49.784s][info][gc,phases,start] GC(167) Phase 2: Prepare compaction
[49.785s][info][gc,phases      ] GC(167) Phase 2: Prepare compaction 1.328ms
[49.785s][info][gc,phases,start] GC(167) Phase 3: Adjust pointers
[49.787s][info][gc,phases      ] GC(167) Phase 3: Adjust pointers 1.981ms
[49.787s][info][gc,phases,start] GC(167) Phase 4: Compact heap
[49.788s][info][gc,phases      ] GC(167) Phase 4: Compact heap 0.804ms
[49.793s][info][gc,heap        ] GC(167) Eden regions: 44->0(22)
[49.793s][info][gc,heap        ] GC(167) Survivor regions: 3->0(32)
[49.793s][info][gc,heap        ] GC(167) Old regions: 58->16
[49.793s][info][gc,heap        ] GC(167) Archive regions: 0->0
[49.793s][info][gc,heap        ] GC(167) Humongous regions: 0->0
[49.793s][info][gc,metaspace   ] GC(167) Metaspace: 16638K(17024K)->16638K(17024K) NonClass: 14214K(14400K)->14214K(14400K) Class: 2423K(2624K)->2423K(2624K)
[49.794s][info][gc             ] GC(167) Pause Full (System.gc()) 101M->8M(54M) 16.953ms
[49.794s][info][gc,cpu         ] GC(167) User=0.00s Sys=0.03s Real=0.03s
[50.504s][info][gc,start       ] GC(168) Pause Young (Concurrent Start) (G1 Evacuation Pause)
[50.504s][info][gc,task        ] GC(168) Using 7 workers of 33 for evacuation
[50.506s][info][gc,phases      ] GC(168)   Pre Evacuate Collection Set: 0.2ms
[50.506s][info][gc,phases      ] GC(168)   Merge Heap Roots: 0.0ms
[50.506s][info][gc,phases      ] GC(168)   Evacuate Collection Set: 2.1ms
[50.506s][info][gc,phases      ] GC(168)   Post Evacuate Collection Set: 0.2ms
[50.506s][info][gc,phases      ] GC(168)   Other: 0.1ms
[50.506s][info][gc,heap        ] GC(168) Eden regions: 22->0(19)
[50.506s][info][gc,heap        ] GC(168) Survivor regions: 0->3(3)
[50.506s][info][gc,heap        ] GC(168) Old regions: 16->18
[50.506s][info][gc,heap        ] GC(168) Archive regions: 0->0
[50.506s][info][gc,heap        ] GC(168) Humongous regions: 0->0
[50.506s][info][gc,metaspace   ] GC(168) Metaspace: 16638K(17024K)->16638K(17024K) NonClass: 14215K(14400K)->14215K(14400K) Class: 2423K(2624K)->2423K(2624K)
[50.506s][info][gc             ] GC(168) Pause Young (Concurrent Start) (G1 Evacuation Pause) 30M->13M(54M) 2.778ms
[50.506s][info][gc,cpu         ] GC(168) User=0.02s Sys=0.00s Real=0.02s
[50.506s][info][gc             ] GC(169) Concurrent Mark Cycle
[50.506s][info][gc,marking     ] GC(169) Concurrent Scan Root Regions
[50.508s][info][gc,marking     ] GC(169) Concurrent Scan Root Regions 1.131ms
[50.508s][info][gc,marking     ] GC(169) Concurrent Mark
[50.508s][info][gc,marking     ] GC(169) Concurrent Mark From Roots
[50.508s][info][gc,task        ] GC(169) Using 8 workers of 8 for marking
[50.522s][info][gc,marking     ] GC(169) Concurrent Mark From Roots 14.131ms
[50.522s][info][gc,marking     ] GC(169) Concurrent Preclean
[50.522s][info][gc,marking     ] GC(169) Concurrent Preclean 0.063ms
[50.522s][info][gc,start       ] GC(169) Pause Remark
[50.523s][info][gc             ] GC(169) Pause Remark 14M->14M(54M) 0.963ms
[50.523s][info][gc,cpu         ] GC(169) User=0.00s Sys=0.00s Real=0.00s
[50.535s][info][gc,marking     ] GC(169) Concurrent Mark 26.975ms
[50.535s][info][gc,marking     ] GC(169) Concurrent Rebuild Remembered Sets and Scrub Regions
[50.538s][info][gc,marking     ] GC(169) Concurrent Rebuild Remembered Sets and Scrub Regions 3.383ms
[50.538s][info][gc,start       ] GC(169) Pause Cleanup
[50.538s][info][gc             ] GC(169) Pause Cleanup 15M->15M(54M) 0.080ms
[50.538s][info][gc,cpu         ] GC(169) User=0.00s Sys=0.00s Real=0.00s
[50.538s][info][gc,marking     ] GC(169) Concurrent Clear Claimed Marks
[50.538s][info][gc,marking     ] GC(169) Concurrent Clear Claimed Marks 0.025ms
[50.538s][info][gc,marking     ] GC(169) Concurrent Cleanup for Next Mark
[50.539s][info][gc,marking     ] GC(169) Concurrent Cleanup for Next Mark 0.170ms
[50.539s][info][gc             ] GC(169) Concurrent Mark Cycle 32.100ms
[50.783s][info][gc,start       ] GC(170) Pause Young (Prepare Mixed) (G1 Evacuation Pause)
[50.783s][info][gc,task        ] GC(170) Using 4 workers of 33 for evacuation
[50.804s][info][gc,phases      ] GC(170)   Pre Evacuate Collection Set: 0.1ms
[50.804s][info][gc,phases      ] GC(170)   Merge Heap Roots: 0.1ms
[50.804s][info][gc,phases      ] GC(170)   Evacuate Collection Set: 20.7ms
[50.804s][info][gc,phases      ] GC(170)   Post Evacuate Collection Set: 0.4ms
[50.804s][info][gc,phases      ] GC(170)   Other: 0.1ms
[50.804s][info][gc,heap        ] GC(170) Eden regions: 19->0(18)
[50.804s][info][gc,heap        ] GC(170) Survivor regions: 3->3(3)
[50.804s][info][gc,heap        ] GC(170) Old regions: 18->21
[50.804s][info][gc,heap        ] GC(170) Archive regions: 0->0
[50.804s][info][gc,heap        ] GC(170) Humongous regions: 0->0
[50.804s][info][gc,metaspace   ] GC(170) Metaspace: 16639K(17024K)->16639K(17024K) NonClass: 14215K(14400K)->14215K(14400K) Class: 2423K(2624K)->2423K(2624K)
[50.804s][info][gc             ] GC(170) Pause Young (Prepare Mixed) (G1 Evacuation Pause) 32M->16M(54M) 21.932ms
[50.804s][info][gc,cpu         ] GC(170) User=0.13s Sys=0.00s Real=0.03s
[51.020s][info][gc,start       ] GC(171) Pause Young (Mixed) (G1 Evacuation Pause)
[51.020s][info][gc,task        ] GC(171) Using 3 workers of 33 for evacuation
[51.075s][info][gc,phases      ] GC(171)   Pre Evacuate Collection Set: 0.0ms
[51.075s][info][gc,phases      ] GC(171)   Merge Heap Roots: 0.0ms
[51.075s][info][gc,phases      ] GC(171)   Evacuate Collection Set: 54.5ms
[51.075s][info][gc,phases      ] GC(171)   Post Evacuate Collection Set: 0.2ms
[51.075s][info][gc,phases      ] GC(171)   Other: 0.1ms
[51.075s][info][gc,heap        ] GC(171) Eden regions: 18->0(10)
[51.075s][info][gc,heap        ] GC(171) Survivor regions: 3->3(3)
[51.075s][info][gc,heap        ] GC(171) Old regions: 21->34
[51.075s][info][gc,heap        ] GC(171) Archive regions: 0->0
[51.075s][info][gc,heap        ] GC(171) Humongous regions: 0->0
[51.076s][info][gc,metaspace   ] GC(171) Metaspace: 16639K(17024K)->16639K(17024K) NonClass: 14215K(14400K)->14215K(14400K) Class: 2423K(2624K)->2423K(2624K)
[51.076s][info][gc             ] GC(171) Pause Young (Mixed) (G1 Evacuation Pause) 34M->34M(63M) 55.342ms
[51.076s][info][gc,cpu         ] GC(171) User=0.13s Sys=0.02s Real=0.05s
[51.256s][info][gc,start       ] GC(172) Pause Young (Concurrent Start) (G1 Evacuation Pause)
[51.256s][info][gc,task        ] GC(172) Using 2 workers of 33 for evacuation
[51.273s][info][gc,phases      ] GC(172)   Pre Evacuate Collection Set: 0.1ms
[51.273s][info][gc,phases      ] GC(172)   Merge Heap Roots: 0.0ms
[51.273s][info][gc,phases      ] GC(172)   Evacuate Collection Set: 16.6ms
[51.273s][info][gc,phases      ] GC(172)   Post Evacuate Collection Set: 0.2ms
[51.273s][info][gc,phases      ] GC(172)   Other: 0.1ms
[51.273s][info][gc,heap        ] GC(172) Eden regions: 10->0(4)
[51.273s][info][gc,heap        ] GC(172) Survivor regions: 3->2(2)
[51.273s][info][gc,heap        ] GC(172) Old regions: 34->46
[51.273s][info][gc,heap        ] GC(172) Archive regions: 0->0
[51.273s][info][gc,heap        ] GC(172) Humongous regions: 0->0
[51.273s][info][gc,metaspace   ] GC(172) Metaspace: 16639K(17024K)->16639K(17024K) NonClass: 14215K(14400K)->14215K(14400K) Class: 2423K(2624K)->2423K(2624K)
[51.273s][info][gc             ] GC(172) Pause Young (Concurrent Start) (G1 Evacuation Pause) 44M->45M(63M) 17.254ms
[51.273s][info][gc,cpu         ] GC(172) User=0.03s Sys=0.00s Real=0.02s
[51.273s][info][gc             ] GC(173) Concurrent Mark Cycle
[51.273s][info][gc,marking     ] GC(173) Concurrent Scan Root Regions
[51.282s][info][gc,marking     ] GC(173) Concurrent Scan Root Regions 8.861ms
[51.282s][info][gc,marking     ] GC(173) Concurrent Mark
[51.282s][info][gc,marking     ] GC(173) Concurrent Mark From Roots
[51.282s][info][gc,task        ] GC(173) Using 8 workers of 8 for marking
[51.299s][info][gc,marking     ] GC(173) Concurrent Mark From Roots 16.723ms
[51.299s][info][gc,marking     ] GC(173) Concurrent Preclean
[51.299s][info][gc,marking     ] GC(173) Concurrent Preclean 0.071ms
[51.299s][info][gc,start       ] GC(173) Pause Remark
[51.301s][info][gc             ] GC(173) Pause Remark 46M->43M(77M) 2.310ms
[51.301s][info][gc,cpu         ] GC(173) User=0.00s Sys=0.00s Real=0.00s
[51.301s][info][gc,marking     ] GC(173) Concurrent Mark 19.319ms
[51.301s][info][gc,marking     ] GC(173) Concurrent Rebuild Remembered Sets and Scrub Regions
[51.324s][info][gc,marking     ] GC(173) Concurrent Rebuild Remembered Sets and Scrub Regions 23.034ms
[51.324s][info][gc,start       ] GC(173) Pause Cleanup
[51.324s][info][gc             ] GC(173) Pause Cleanup 44M->44M(77M) 0.094ms
[51.324s][info][gc,cpu         ] GC(173) User=0.00s Sys=0.00s Real=0.00s
[51.324s][info][gc,marking     ] GC(173) Concurrent Clear Claimed Marks
[51.324s][info][gc,marking     ] GC(173) Concurrent Clear Claimed Marks 0.026ms
[51.324s][info][gc,marking     ] GC(173) Concurrent Cleanup for Next Mark
[51.325s][info][gc,marking     ] GC(173) Concurrent Cleanup for Next Mark 0.182ms
[51.325s][info][gc             ] GC(173) Concurrent Mark Cycle 51.828ms
[51.697s][info][gc,start       ] GC(174) Pause Young (Prepare Mixed) (G1 Evacuation Pause)
[51.698s][info][gc,task        ] GC(174) Using 2 workers of 33 for evacuation
[51.708s][info][gc,phases      ] GC(174)   Pre Evacuate Collection Set: 0.1ms
[51.708s][info][gc,phases      ] GC(174)   Merge Heap Roots: 0.1ms
[51.708s][info][gc,phases      ] GC(174)   Evacuate Collection Set: 9.3ms
[51.708s][info][gc,phases      ] GC(174)   Post Evacuate Collection Set: 0.4ms
[51.708s][info][gc,phases      ] GC(174)   Other: 0.1ms
[51.708s][info][gc,heap        ] GC(174) Eden regions: 4->0(9)
[51.708s][info][gc,heap        ] GC(174) Survivor regions: 2->1(1)
[51.708s][info][gc,heap        ] GC(174) Old regions: 43->47
[51.708s][info][gc,heap        ] GC(174) Archive regions: 0->0
[51.708s][info][gc,heap        ] GC(174) Humongous regions: 0->0
[51.708s][info][gc,metaspace   ] GC(174) Metaspace: 16639K(17024K)->16639K(17024K) NonClass: 14215K(14400K)->14215K(14400K) Class: 2423K(2624K)->2423K(2624K)
[51.708s][info][gc             ] GC(174) Pause Young (Prepare Mixed) (G1 Evacuation Pause) 46M->45M(77M) 10.480ms
[51.708s][info][gc,cpu         ] GC(174) User=0.02s Sys=0.02s Real=0.02s
[51.723s][info][gc,start       ] GC(175) Pause Young (Mixed) (G1 Evacuation Pause)
[51.723s][info][gc,task        ] GC(175) Using 2 workers of 33 for evacuation
[51.732s][info][gc,phases      ] GC(175)   Pre Evacuate Collection Set: 0.1ms
[51.732s][info][gc,phases      ] GC(175)   Merge Heap Roots: 0.1ms
[51.732s][info][gc,phases      ] GC(175)   Evacuate Collection Set: 4.3ms
[51.732s][info][gc,phases      ] GC(175)   Post Evacuate Collection Set: 4.6ms
[51.732s][info][gc,phases      ] GC(175)   Other: 0.1ms
[51.732s][info][gc,heap        ] GC(175) Eden regions: 9->0(107)
[51.733s][info][gc,heap        ] GC(175) Survivor regions: 1->2(2)
[51.733s][info][gc,heap        ] GC(175) Old regions: 47->46
[51.733s][info][gc,heap        ] GC(175) Archive regions: 0->0
[51.733s][info][gc,heap        ] GC(175) Humongous regions: 0->0
[51.733s][info][gc,metaspace   ] GC(175) Metaspace: 16639K(17024K)->16639K(17024K) NonClass: 14215K(14400K)->14215K(14400K) Class: 2423K(2624K)->2423K(2624K)
[51.733s][info][gc             ] GC(175) Pause Young (Mixed) (G1 Evacuation Pause) 54M->45M(551M) 9.413ms
[51.733s][info][gc,cpu         ] GC(175) User=0.00s Sys=0.02s Real=0.01s
[51.873s][info][gc,start       ] GC(176) Pause Young (Normal) (G1 Evacuation Pause)
[51.873s][info][gc,task        ] GC(176) Using 13 workers of 33 for evacuation
[51.874s][info][gc,phases      ] GC(176)   Pre Evacuate Collection Set: 0.1ms
[51.874s][info][gc,phases      ] GC(176)   Merge Heap Roots: 0.1ms
[51.874s][info][gc,phases      ] GC(176)   Evacuate Collection Set: 0.7ms
[51.874s][info][gc,phases      ] GC(176)   Post Evacuate Collection Set: 0.2ms
[51.874s][info][gc,phases      ] GC(176)   Other: 0.1ms
[51.874s][info][gc,heap        ] GC(176) Eden regions: 125->0(172)
[51.874s][info][gc,heap        ] GC(176) Survivor regions: 2->2(16)
[51.874s][info][gc,heap        ] GC(176) Old regions: 46->46
[51.874s][info][gc,heap        ] GC(176) Archive regions: 0->0
[51.874s][info][gc,heap        ] GC(176) Humongous regions: 0->0
[51.874s][info][gc,metaspace   ] GC(176) Metaspace: 16639K(17024K)->16639K(17024K) NonClass: 14215K(14400K)->14215K(14400K) Class: 2423K(2624K)->2423K(2624K)
[51.874s][info][gc             ] GC(176) Pause Young (Normal) (G1 Evacuation Pause) 170M->45M(551M) 1.280ms
[51.874s][info][gc,cpu         ] GC(176) User=0.00s Sys=0.00s Real=0.00s
[51.922s][info][gc,start       ] GC(177) Pause Young (Normal) (G1 Evacuation Pause)
[51.922s][info][gc,task        ] GC(177) Using 13 workers of 33 for evacuation
[51.923s][info][gc,phases      ] GC(177)   Pre Evacuate Collection Set: 0.1ms
[51.923s][info][gc,phases      ] GC(177)   Merge Heap Roots: 0.1ms
[51.923s][info][gc,phases      ] GC(177)   Evacuate Collection Set: 0.7ms
[51.923s][info][gc,phases      ] GC(177)   Post Evacuate Collection Set: 0.2ms
[51.923s][info][gc,phases      ] GC(177)   Other: 0.1ms
[51.923s][info][gc,heap        ] GC(177) Eden regions: 193->0(237)
[51.923s][info][gc,heap        ] GC(177) Survivor regions: 2->2(25)
[51.923s][info][gc,heap        ] GC(177) Old regions: 46->46
[51.923s][info][gc,heap        ] GC(177) Archive regions: 0->0
[51.923s][info][gc,heap        ] GC(177) Humongous regions: 0->0
[51.923s][info][gc,metaspace   ] GC(177) Metaspace: 16639K(17024K)->16639K(17024K) NonClass: 14215K(14400K)->14215K(14400K) Class: 2423K(2624K)->2423K(2624K)
[51.923s][info][gc             ] GC(177) Pause Young (Normal) (G1 Evacuation Pause) 238M->45M(551M) 1.376ms
[51.923s][info][gc,cpu         ] GC(177) User=0.00s Sys=0.00s Real=0.00s
[51.965s][info][gc,start       ] GC(178) Pause Young (Concurrent Start) (G1 Evacuation Pause)
[51.965s][info][gc,task        ] GC(178) Using 13 workers of 33 for evacuation
[51.966s][info][gc,phases      ] GC(178)   Pre Evacuate Collection Set: 0.2ms
[51.966s][info][gc,phases      ] GC(178)   Merge Heap Roots: 0.1ms
[51.966s][info][gc,phases      ] GC(178)   Evacuate Collection Set: 0.7ms
[51.966s][info][gc,phases      ] GC(178)   Post Evacuate Collection Set: 0.3ms
[51.966s][info][gc,phases      ] GC(178)   Other: 0.1ms
[51.966s][info][gc,heap        ] GC(178) Eden regions: 237->0(268)
[51.966s][info][gc,heap        ] GC(178) Survivor regions: 2->2(30)
[51.966s][info][gc,heap        ] GC(178) Old regions: 46->46
[51.966s][info][gc,heap        ] GC(178) Archive regions: 0->0
[51.966s][info][gc,heap        ] GC(178) Humongous regions: 0->0
[51.966s][info][gc,metaspace   ] GC(178) Metaspace: 16639K(17024K)->16639K(17024K) NonClass: 14215K(14400K)->14215K(14400K) Class: 2423K(2624K)->2423K(2624K)
[51.966s][info][gc             ] GC(178) Pause Young (Concurrent Start) (G1 Evacuation Pause) 282M->45M(551M) 1.627ms
[51.966s][info][gc             ] GC(179) Concurrent Mark Cycle
[51.966s][info][gc,cpu         ] GC(178) User=0.20s Sys=0.00s Real=0.02s
[51.966s][info][gc,marking     ] GC(179) Concurrent Scan Root Regions
[51.968s][info][gc,marking     ] GC(179) Concurrent Scan Root Regions 1.616ms
[51.968s][info][gc,marking     ] GC(179) Concurrent Mark
[51.968s][info][gc,marking     ] GC(179) Concurrent Mark From Roots
[51.968s][info][gc,task        ] GC(179) Using 8 workers of 8 for marking
[51.993s][info][gc,marking     ] GC(179) Concurrent Mark From Roots 25.206ms
[51.993s][info][gc,marking     ] GC(179) Concurrent Preclean
[51.994s][info][gc,marking     ] GC(179) Concurrent Preclean 0.131ms
[51.994s][info][gc,start       ] GC(179) Pause Remark
[51.995s][info][gc             ] GC(179) Pause Remark 273M->273M(551M) 0.878ms
[51.995s][info][gc,cpu         ] GC(179) User=0.00s Sys=0.00s Real=0.00s
[51.995s][info][gc,marking     ] GC(179) Concurrent Mark 26.771ms
[51.995s][info][gc,marking     ] GC(179) Concurrent Rebuild Remembered Sets and Scrub Regions
[51.999s][info][gc,marking     ] GC(179) Concurrent Rebuild Remembered Sets and Scrub Regions 3.768ms
[51.999s][info][gc,start       ] GC(179) Pause Cleanup
[51.999s][info][gc             ] GC(179) Pause Cleanup 292M->292M(551M) 0.130ms
[51.999s][info][gc,cpu         ] GC(179) User=0.00s Sys=0.00s Real=0.00s
[51.999s][info][gc,marking     ] GC(179) Concurrent Clear Claimed Marks
[51.999s][info][gc,marking     ] GC(179) Concurrent Clear Claimed Marks 0.064ms
[51.999s][info][gc,marking     ] GC(179) Concurrent Cleanup for Next Mark
[52.005s][info][gc,marking     ] GC(179) Concurrent Cleanup for Next Mark 5.321ms
[52.005s][info][gc             ] GC(179) Concurrent Mark Cycle 38.220ms
[52.011s][info][gc,start       ] GC(180) Pause Young (Prepare Mixed) (G1 Evacuation Pause)
[52.011s][info][gc,task        ] GC(180) Using 13 workers of 33 for evacuation
[52.012s][info][gc,phases      ] GC(180)   Pre Evacuate Collection Set: 0.1ms
[52.012s][info][gc,phases      ] GC(180)   Merge Heap Roots: 0.1ms
[52.012s][info][gc,phases      ] GC(180)   Evacuate Collection Set: 0.7ms
[52.012s][info][gc,phases      ] GC(180)   Post Evacuate Collection Set: 0.3ms
[52.012s][info][gc,phases      ] GC(180)   Other: 0.1ms
[52.012s][info][gc,heap        ] GC(180) Eden regions: 268->0(298)
[52.012s][info][gc,heap        ] GC(180) Survivor regions: 2->2(34)
[52.012s][info][gc,heap        ] GC(180) Old regions: 46->46
[52.012s][info][gc,heap        ] GC(180) Archive regions: 0->0
[52.012s][info][gc,heap        ] GC(180) Humongous regions: 0->0
[52.012s][info][gc,metaspace   ] GC(180) Metaspace: 16639K(17024K)->16639K(17024K) NonClass: 14215K(14400K)->14215K(14400K) Class: 2423K(2624K)->2423K(2624K)
[52.012s][info][gc             ] GC(180) Pause Young (Prepare Mixed) (G1 Evacuation Pause) 313M->45M(551M) 1.421ms
[52.012s][info][gc,cpu         ] GC(180) User=0.17s Sys=0.03s Real=0.02s
[52.055s][info][gc,start       ] GC(181) Pause Young (Mixed) (G1 Evacuation Pause)
[52.055s][info][gc,task        ] GC(181) Using 13 workers of 33 for evacuation
[52.056s][info][gc,phases      ] GC(181)   Pre Evacuate Collection Set: 0.1ms
[52.056s][info][gc,phases      ] GC(181)   Merge Heap Roots: 0.1ms
[52.056s][info][gc,phases      ] GC(181)   Evacuate Collection Set: 0.8ms
[52.056s][info][gc,phases      ] GC(181)   Post Evacuate Collection Set: 0.3ms
[52.056s][info][gc,phases      ] GC(181)   Other: 0.1ms
[52.056s][info][gc,heap        ] GC(181) Eden regions: 298->0(324)
[52.056s][info][gc,heap        ] GC(181) Survivor regions: 2->2(38)
[52.056s][info][gc,heap        ] GC(181) Old regions: 46->45
[52.056s][info][gc,heap        ] GC(181) Archive regions: 0->0
[52.056s][info][gc,heap        ] GC(181) Humongous regions: 0->0
[52.056s][info][gc,metaspace   ] GC(181) Metaspace: 16639K(17024K)->16639K(17024K) NonClass: 14215K(14400K)->14215K(14400K) Class: 2423K(2624K)->2423K(2624K)
[52.056s][info][gc             ] GC(181) Pause Young (Mixed) (G1 Evacuation Pause) 343M->45M(551M) 1.570ms
[52.056s][info][gc,cpu         ] GC(181) User=0.00s Sys=0.00s Real=0.00s
[52.099s][info][gc,start       ] GC(182) Pause Young (Concurrent Start) (G1 Evacuation Pause)
[52.099s][info][gc,task        ] GC(182) Using 13 workers of 33 for evacuation
[52.101s][info][gc,phases      ] GC(182)   Pre Evacuate Collection Set: 0.2ms
[52.101s][info][gc,phases      ] GC(182)   Merge Heap Roots: 0.1ms
[52.101s][info][gc,phases      ] GC(182)   Evacuate Collection Set: 0.7ms
[52.101s][info][gc,phases      ] GC(182)   Post Evacuate Collection Set: 0.4ms
[52.101s][info][gc,phases      ] GC(182)   Other: 0.1ms
[52.101s][info][gc,heap        ] GC(182) Eden regions: 324->0(328)
[52.101s][info][gc,heap        ] GC(182) Survivor regions: 2->2(41)
[52.101s][info][gc,heap        ] GC(182) Old regions: 45->45
[52.101s][info][gc,heap        ] GC(182) Archive regions: 0->0
[52.101s][info][gc,heap        ] GC(182) Humongous regions: 0->0
[52.101s][info][gc,metaspace   ] GC(182) Metaspace: 16639K(17024K)->16639K(17024K) NonClass: 14215K(14400K)->14215K(14400K) Class: 2423K(2624K)->2423K(2624K)
[52.101s][info][gc             ] GC(182) Pause Young (Concurrent Start) (G1 Evacuation Pause) 369M->45M(551M) 1.652ms
[52.101s][info][gc             ] GC(183) Concurrent Mark Cycle
[52.101s][info][gc,cpu         ] GC(182) User=0.00s Sys=0.00s Real=0.00s
[52.101s][info][gc,marking     ] GC(183) Concurrent Scan Root Regions
[52.103s][info][gc,marking     ] GC(183) Concurrent Scan Root Regions 1.753ms
[52.103s][info][gc,marking     ] GC(183) Concurrent Mark
[52.103s][info][gc,marking     ] GC(183) Concurrent Mark From Roots
[52.103s][info][gc,task        ] GC(183) Using 8 workers of 8 for marking
[52.127s][info][gc,marking     ] GC(183) Concurrent Mark From Roots 24.571ms
[52.127s][info][gc,marking     ] GC(183) Concurrent Preclean
[52.127s][info][gc,marking     ] GC(183) Concurrent Preclean 0.115ms
[52.128s][info][gc,start       ] GC(183) Pause Remark
[52.128s][info][gc             ] GC(183) Pause Remark 269M->269M(551M) 0.883ms
[52.128s][info][gc,cpu         ] GC(183) User=0.00s Sys=0.00s Real=0.00s
[52.129s][info][gc,marking     ] GC(183) Concurrent Mark 26.071ms
[52.129s][info][gc,marking     ] GC(183) Concurrent Rebuild Remembered Sets and Scrub Regions
[52.133s][info][gc,marking     ] GC(183) Concurrent Rebuild Remembered Sets and Scrub Regions 4.790ms
[52.134s][info][gc,start       ] GC(183) Pause Cleanup
[52.134s][info][gc             ] GC(183) Pause Cleanup 312M->312M(551M) 0.132ms
[52.134s][info][gc,cpu         ] GC(183) User=0.00s Sys=0.00s Real=0.00s
[52.134s][info][gc,marking     ] GC(183) Concurrent Clear Claimed Marks
[52.134s][info][gc,marking     ] GC(183) Concurrent Clear Claimed Marks 0.048ms
[52.134s][info][gc,marking     ] GC(183) Concurrent Cleanup for Next Mark
[52.135s][info][gc,marking     ] GC(183) Concurrent Cleanup for Next Mark 0.846ms
[52.135s][info][gc             ] GC(183) Concurrent Mark Cycle 34.152ms
[52.141s][info][gc,start       ] GC(184) Pause Young (Prepare Mixed) (G1 Evacuation Pause)
[52.141s][info][gc,task        ] GC(184) Using 13 workers of 33 for evacuation
[52.143s][info][gc,phases      ] GC(184)   Pre Evacuate Collection Set: 0.1ms
[52.143s][info][gc,phases      ] GC(184)   Merge Heap Roots: 0.1ms
[52.143s][info][gc,phases      ] GC(184)   Evacuate Collection Set: 1.1ms
[52.143s][info][gc,phases      ] GC(184)   Post Evacuate Collection Set: 0.3ms
[52.143s][info][gc,phases      ] GC(184)   Other: 0.1ms
[52.143s][info][gc,heap        ] GC(184) Eden regions: 328->0(328)
[52.143s][info][gc,heap        ] GC(184) Survivor regions: 2->2(42)
[52.143s][info][gc,heap        ] GC(184) Old regions: 45->45
[52.143s][info][gc,heap        ] GC(184) Archive regions: 0->0
[52.143s][info][gc,heap        ] GC(184) Humongous regions: 0->0
[52.143s][info][gc,metaspace   ] GC(184) Metaspace: 16639K(17024K)->16639K(17024K) NonClass: 14215K(14400K)->14215K(14400K) Class: 2423K(2624K)->2423K(2624K)
[52.143s][info][gc             ] GC(184) Pause Young (Prepare Mixed) (G1 Evacuation Pause) 373M->45M(551M) 1.850ms
[52.143s][info][gc,cpu         ] GC(184) User=0.00s Sys=0.00s Real=0.00s
[52.180s][info][gc,start       ] GC(185) Pause Young (Mixed) (G1 Evacuation Pause)
[52.180s][info][gc,task        ] GC(185) Using 13 workers of 33 for evacuation
[52.182s][info][gc,phases      ] GC(185)   Pre Evacuate Collection Set: 0.1ms
[52.182s][info][gc,phases      ] GC(185)   Merge Heap Roots: 0.1ms
[52.182s][info][gc,phases      ] GC(185)   Evacuate Collection Set: 0.8ms
[52.182s][info][gc,phases      ] GC(185)   Post Evacuate Collection Set: 0.3ms
[52.182s][info][gc,phases      ] GC(185)   Other: 0.1ms
[52.182s][info][gc,heap        ] GC(185) Eden regions: 328->0(328)
[52.182s][info][gc,heap        ] GC(185) Survivor regions: 2->2(42)
[52.182s][info][gc,heap        ] GC(185) Old regions: 45->44
[52.182s][info][gc,heap        ] GC(185) Archive regions: 0->0
[52.182s][info][gc,heap        ] GC(185) Humongous regions: 0->0
[52.182s][info][gc,metaspace   ] GC(185) Metaspace: 16639K(17024K)->16639K(17024K) NonClass: 14215K(14400K)->14215K(14400K) Class: 2423K(2624K)->2423K(2624K)
[52.182s][info][gc             ] GC(185) Pause Young (Mixed) (G1 Evacuation Pause) 373M->43M(551M) 1.662ms
[52.182s][info][gc,cpu         ] GC(185) User=0.00s Sys=0.00s Real=0.00s
[52.218s][info][gc,start       ] GC(186) Pause Young (Concurrent Start) (G1 Evacuation Pause)
[52.218s][info][gc,task        ] GC(186) Using 13 workers of 33 for evacuation
[52.219s][info][gc,phases      ] GC(186)   Pre Evacuate Collection Set: 0.2ms
[52.219s][info][gc,phases      ] GC(186)   Merge Heap Roots: 0.1ms
[52.219s][info][gc,phases      ] GC(186)   Evacuate Collection Set: 0.6ms
[52.219s][info][gc,phases      ] GC(186)   Post Evacuate Collection Set: 0.3ms
[52.219s][info][gc,phases      ] GC(186)   Other: 0.1ms
[52.219s][info][gc,heap        ] GC(186) Eden regions: 328->0(328)
[52.219s][info][gc,heap        ] GC(186) Survivor regions: 2->2(42)
[52.219s][info][gc,heap        ] GC(186) Old regions: 44->44
[52.219s][info][gc,heap        ] GC(186) Archive regions: 0->0
[52.220s][info][gc,heap        ] GC(186) Humongous regions: 0->0
[52.220s][info][gc,metaspace   ] GC(186) Metaspace: 16639K(17024K)->16639K(17024K) NonClass: 14215K(14400K)->14215K(14400K) Class: 2423K(2624K)->2423K(2624K)
[52.220s][info][gc             ] GC(186) Pause Young (Concurrent Start) (G1 Evacuation Pause) 371M->43M(551M) 1.548ms
[52.220s][info][gc             ] GC(187) Concurrent Mark Cycle
[52.220s][info][gc,cpu         ] GC(186) User=0.00s Sys=0.00s Real=0.00s
[52.220s][info][gc,marking     ] GC(187) Concurrent Scan Root Regions
[52.221s][info][gc,marking     ] GC(187) Concurrent Scan Root Regions 1.656ms
[52.221s][info][gc,marking     ] GC(187) Concurrent Mark
[52.221s][info][gc,marking     ] GC(187) Concurrent Mark From Roots
[52.221s][info][gc,task        ] GC(187) Using 8 workers of 8 for marking
[52.256s][info][gc,start       ] GC(188) Pause Young (Normal) (G1 Evacuation Pause)
[52.256s][info][gc,task        ] GC(188) Using 13 workers of 33 for evacuation
[52.258s][info][gc,phases      ] GC(188)   Pre Evacuate Collection Set: 0.1ms
[52.258s][info][gc,phases      ] GC(188)   Merge Heap Roots: 0.1ms
[52.258s][info][gc,phases      ] GC(188)   Evacuate Collection Set: 0.6ms
[52.258s][info][gc,phases      ] GC(188)   Post Evacuate Collection Set: 0.3ms
[52.258s][info][gc,phases      ] GC(188)   Other: 0.1ms
[52.258s][info][gc,heap        ] GC(188) Eden regions: 328->0(328)
[52.258s][info][gc,heap        ] GC(188) Survivor regions: 2->2(42)
[52.258s][info][gc,heap        ] GC(188) Old regions: 44->44
[52.258s][info][gc,heap        ] GC(188) Archive regions: 0->0
[52.258s][info][gc,heap        ] GC(188) Humongous regions: 0->0
[52.258s][info][gc,metaspace   ] GC(188) Metaspace: 16639K(17024K)->16639K(17024K) NonClass: 14215K(14400K)->14215K(14400K) Class: 2423K(2624K)->2423K(2624K)
[52.258s][info][gc             ] GC(188) Pause Young (Normal) (G1 Evacuation Pause) 371M->43M(551M) 1.401ms
[52.258s][info][gc,cpu         ] GC(188) User=0.00s Sys=0.00s Real=0.00s
[52.259s][info][gc,marking     ] GC(187) Concurrent Mark From Roots 37.534ms
[52.259s][info][gc,marking     ] GC(187) Concurrent Preclean
[52.259s][info][gc,marking     ] GC(187) Concurrent Preclean 0.111ms
[52.259s][info][gc,start       ] GC(187) Pause Remark
[52.260s][info][gc             ] GC(187) Pause Remark 56M->56M(197M) 0.843ms
[52.260s][info][gc,cpu         ] GC(187) User=0.00s Sys=0.00s Real=0.00s
[52.260s][info][gc,marking     ] GC(187) Concurrent Mark 38.788ms
[52.260s][info][gc,marking     ] GC(187) Concurrent Rebuild Remembered Sets and Scrub Regions
[52.264s][info][gc,marking     ] GC(187) Concurrent Rebuild Remembered Sets and Scrub Regions 3.387ms
[52.264s][info][gc,start       ] GC(187) Pause Cleanup
[52.264s][info][gc             ] GC(187) Pause Cleanup 68M->68M(197M) 0.103ms
[52.264s][info][gc,cpu         ] GC(187) User=0.00s Sys=0.00s Real=0.00s
[52.264s][info][gc,marking     ] GC(187) Concurrent Clear Claimed Marks
[52.264s][info][gc,marking     ] GC(187) Concurrent Clear Claimed Marks 0.049ms
[52.264s][info][gc,marking     ] GC(187) Concurrent Cleanup for Next Mark
[52.264s][info][gc,marking     ] GC(187) Concurrent Cleanup for Next Mark 0.365ms
[52.265s][info][gc             ] GC(187) Concurrent Mark Cycle 44.957ms
[52.309s][info][gc,start       ] GC(189) Pause Young (Prepare Mixed) (G1 Evacuation Pause)
[52.309s][info][gc,task        ] GC(189) Using 8 workers of 33 for evacuation
[52.312s][info][gc,phases      ] GC(189)   Pre Evacuate Collection Set: 0.1ms
[52.312s][info][gc,phases      ] GC(189)   Merge Heap Roots: 0.1ms
[52.312s][info][gc,phases      ] GC(189)   Evacuate Collection Set: 0.7ms
[52.312s][info][gc,phases      ] GC(189)   Post Evacuate Collection Set: 2.0ms
[52.312s][info][gc,phases      ] GC(189)   Other: 0.1ms
[52.312s][info][gc,heap        ] GC(189) Eden regions: 151->0(365)
[52.312s][info][gc,heap        ] GC(189) Survivor regions: 2->2(42)
[52.312s][info][gc,heap        ] GC(189) Old regions: 44->44
[52.312s][info][gc,heap        ] GC(189) Archive regions: 0->0
[52.312s][info][gc,heap        ] GC(189) Humongous regions: 0->0
[52.312s][info][gc,metaspace   ] GC(189) Metaspace: 16639K(17024K)->16639K(17024K) NonClass: 14215K(14400K)->14215K(14400K) Class: 2423K(2624K)->2423K(2624K)
[52.312s][info][gc             ] GC(189) Pause Young (Prepare Mixed) (G1 Evacuation Pause) 194M->43M(612M) 3.122ms
[52.312s][info][gc,cpu         ] GC(189) User=0.00s Sys=0.00s Real=0.00s
[52.438s][info][gc,start       ] GC(190) Pause Young (Mixed) (G1 Evacuation Pause)
[52.438s][info][gc,task        ] GC(190) Using 14 workers of 33 for evacuation
[52.460s][info][gc,phases      ] GC(190)   Pre Evacuate Collection Set: 0.2ms
[52.460s][info][gc,phases      ] GC(190)   Merge Heap Roots: 0.2ms
[52.460s][info][gc,phases      ] GC(190)   Evacuate Collection Set: 21.5ms
[52.460s][info][gc,phases      ] GC(190)   Post Evacuate Collection Set: 0.4ms
[52.460s][info][gc,phases      ] GC(190)   Other: 0.2ms
[52.460s][info][gc,heap        ] GC(190) Eden regions: 365->0(321)
[52.460s][info][gc,heap        ] GC(190) Survivor regions: 2->46(46)
[52.460s][info][gc,heap        ] GC(190) Old regions: 44->47
[52.460s][info][gc,heap        ] GC(190) Archive regions: 0->0
[52.460s][info][gc,heap        ] GC(190) Humongous regions: 1->1
[52.460s][info][gc,metaspace   ] GC(190) Metaspace: 16639K(17024K)->16639K(17024K) NonClass: 14215K(14400K)->14215K(14400K) Class: 2423K(2624K)->2423K(2624K)
[52.460s][info][gc             ] GC(190) Pause Young (Mixed) (G1 Evacuation Pause) 409M->92M(612M) 22.827ms
[52.461s][info][gc,cpu         ] GC(190) User=0.39s Sys=0.05s Real=0.03s
[52.801s][info][gc,start       ] GC(191) Pause Young (Concurrent Start) (G1 Evacuation Pause)
[52.801s][info][gc,task        ] GC(191) Using 14 workers of 33 for evacuation
[52.882s][info][gc,phases      ] GC(191)   Pre Evacuate Collection Set: 0.3ms
[52.882s][info][gc,phases      ] GC(191)   Merge Heap Roots: 0.2ms
[52.882s][info][gc,phases      ] GC(191)   Evacuate Collection Set: 79.6ms
[52.882s][info][gc,phases      ] GC(191)   Post Evacuate Collection Set: 0.6ms
[52.882s][info][gc,phases      ] GC(191)   Other: 0.2ms
[52.882s][info][gc,heap        ] GC(191) Eden regions: 321->0(192)
[52.882s][info][gc,heap        ] GC(191) Survivor regions: 46->46(46)
[52.882s][info][gc,heap        ] GC(191) Old regions: 47->254
[52.882s][info][gc,heap        ] GC(191) Archive regions: 0->0
[52.882s][info][gc,heap        ] GC(191) Humongous regions: 1->1
[52.882s][info][gc,metaspace   ] GC(191) Metaspace: 16639K(17024K)->16639K(17024K) NonClass: 14215K(14400K)->14215K(14400K) Class: 2423K(2624K)->2423K(2624K)
[52.882s][info][gc             ] GC(191) Pause Young (Concurrent Start) (G1 Evacuation Pause) 413M->299M(668M) 81.226ms
[52.882s][info][gc             ] GC(192) Concurrent Mark Cycle
[52.882s][info][gc,cpu         ] GC(191) User=1.03s Sys=0.06s Real=0.08s
[52.882s][info][gc,marking     ] GC(192) Concurrent Scan Root Regions
[52.903s][info][gc,marking     ] GC(192) Concurrent Scan Root Regions 20.755ms
[52.903s][info][gc,marking     ] GC(192) Concurrent Mark
[52.903s][info][gc,marking     ] GC(192) Concurrent Mark From Roots
[52.903s][info][gc,task        ] GC(192) Using 8 workers of 8 for marking
[52.927s][info][gc,marking     ] GC(192) Concurrent Mark From Roots 23.828ms
[52.927s][info][gc,marking     ] GC(192) Concurrent Preclean
[52.927s][info][gc,marking     ] GC(192) Concurrent Preclean 0.075ms
[52.927s][info][gc,start       ] GC(192) Pause Remark
[52.928s][info][gc             ] GC(192) Pause Remark 337M->337M(668M) 0.870ms
[52.928s][info][gc,cpu         ] GC(192) User=0.00s Sys=0.00s Real=0.00s
[52.928s][info][gc,marking     ] GC(192) Concurrent Mark 25.038ms
[52.928s][info][gc,marking     ] GC(192) Concurrent Rebuild Remembered Sets and Scrub Regions
[53.056s][info][gc,marking     ] GC(192) Concurrent Rebuild Remembered Sets and Scrub Regions 127.861ms
[53.056s][info][gc,start       ] GC(192) Pause Cleanup
[53.056s][info][gc             ] GC(192) Pause Cleanup 448M->448M(668M) 0.191ms
[53.056s][info][gc,cpu         ] GC(192) User=0.00s Sys=0.00s Real=0.00s
[53.056s][info][gc,marking     ] GC(192) Concurrent Clear Claimed Marks
[53.056s][info][gc,marking     ] GC(192) Concurrent Clear Claimed Marks 0.047ms
[53.056s][info][gc,marking     ] GC(192) Concurrent Cleanup for Next Mark
[53.057s][info][gc,marking     ] GC(192) Concurrent Cleanup for Next Mark 0.649ms
[53.057s][info][gc             ] GC(192) Concurrent Mark Cycle 174.976ms
[53.103s][info][gc,start       ] GC(193) Pause Young (Prepare Mixed) (G1 Evacuation Pause)
[53.103s][info][gc,task        ] GC(193) Using 16 workers of 33 for evacuation
[53.167s][info][gc,phases      ] GC(193)   Pre Evacuate Collection Set: 0.2ms
[53.178s][info][gc,phases      ] GC(193)   Merge Heap Roots: 1.2ms
[53.178s][info][gc,phases      ] GC(193)   Evacuate Collection Set: 61.8ms
[53.178s][info][gc,phases      ] GC(193)   Post Evacuate Collection Set: 0.4ms
[53.178s][info][gc,phases      ] GC(193)   Other: 0.2ms
[53.178s][info][gc,heap        ] GC(193) Eden regions: 192->0(106)
[53.178s][info][gc,heap        ] GC(193) Survivor regions: 46->30(30)
[53.178s][info][gc,heap        ] GC(193) Old regions: 254->397
[53.178s][info][gc,heap        ] GC(193) Archive regions: 0->0
[53.178s][info][gc,heap        ] GC(193) Humongous regions: 1->1
[53.178s][info][gc,metaspace   ] GC(193) Metaspace: 16639K(17024K)->16639K(17024K) NonClass: 14215K(14400K)->14215K(14400K) Class: 2423K(2624K)->2423K(2624K)
[53.178s][info][gc             ] GC(193) Pause Young (Prepare Mixed) (G1 Evacuation Pause) 491M->426M(668M) 74.660ms
[53.178s][info][gc,cpu         ] GC(193) User=1.00s Sys=0.00s Real=0.08s
[53.395s][info][gc,start       ] GC(194) Pause Young (Mixed) (G1 Evacuation Pause)
[53.396s][info][gc,task        ] GC(194) Using 16 workers of 33 for evacuation
[53.435s][info][gc,phases      ] GC(194)   Pre Evacuate Collection Set: 0.1ms
[53.435s][info][gc,phases      ] GC(194)   Merge Heap Roots: 1.3ms
[53.435s][info][gc,phases      ] GC(194)   Evacuate Collection Set: 37.4ms
[53.435s][info][gc,phases      ] GC(194)   Post Evacuate Collection Set: 0.3ms
[53.435s][info][gc,phases      ] GC(194)   Other: 0.1ms
[53.435s][info][gc,heap        ] GC(194) Eden regions: 106->0(80)
[53.435s][info][gc,heap        ] GC(194) Survivor regions: 30->17(17)
[53.435s][info][gc,heap        ] GC(194) Old regions: 397->465
[53.435s][info][gc,heap        ] GC(194) Archive regions: 0->0
[53.435s][info][gc,heap        ] GC(194) Humongous regions: 2->2
[53.435s][info][gc,metaspace   ] GC(194) Metaspace: 16639K(17024K)->16639K(17024K) NonClass: 14215K(14400K)->14215K(14400K) Class: 2423K(2624K)->2423K(2624K)
[53.435s][info][gc             ] GC(194) Pause Young (Mixed) (G1 Evacuation Pause) 533M->482M(668M) 39.502ms
[53.435s][info][gc,cpu         ] GC(194) User=0.50s Sys=0.00s Real=0.03s
[59.474s][info][gc,start       ] GC(195) Pause Young (Concurrent Start) (G1 Evacuation Pause)
[59.475s][info][gc,task        ] GC(195) Using 16 workers of 33 for evacuation
[59.510s][info][gc,phases      ] GC(195)   Pre Evacuate Collection Set: 0.3ms
[59.510s][info][gc,phases      ] GC(195)   Merge Heap Roots: 2.1ms
[59.510s][info][gc,phases      ] GC(195)   Evacuate Collection Set: 32.6ms
[59.510s][info][gc,phases      ] GC(195)   Post Evacuate Collection Set: 0.4ms
[59.510s][info][gc,phases      ] GC(195)   Other: 0.1ms
[59.510s][info][gc,heap        ] GC(195) Eden regions: 80->0(79)
[59.510s][info][gc,heap        ] GC(195) Survivor regions: 17->13(13)
[59.510s][info][gc,heap        ] GC(195) Old regions: 465->486
[59.510s][info][gc,heap        ] GC(195) Archive regions: 0->0
[59.510s][info][gc,heap        ] GC(195) Humongous regions: 2->2
[59.510s][info][gc,metaspace   ] GC(195) Metaspace: 16641K(17024K)->16641K(17024K) NonClass: 14217K(14400K)->14217K(14400K) Class: 2423K(2624K)->2423K(2624K)
[59.510s][info][gc             ] GC(195) Pause Young (Concurrent Start) (G1 Evacuation Pause) 562M->499M(668M) 35.849ms
[59.510s][info][gc             ] GC(196) Concurrent Mark Cycle
[59.510s][info][gc,cpu         ] GC(195) User=0.50s Sys=0.00s Real=0.03s
[59.510s][info][gc,marking     ] GC(196) Concurrent Scan Root Regions
[59.514s][info][gc,marking     ] GC(196) Concurrent Scan Root Regions 4.052ms
[59.514s][info][gc,marking     ] GC(196) Concurrent Mark
[59.514s][info][gc,marking     ] GC(196) Concurrent Mark From Roots
[59.514s][info][gc,task        ] GC(196) Using 8 workers of 8 for marking
[59.537s][info][gc,marking     ] GC(196) Concurrent Mark From Roots 22.867ms
[59.537s][info][gc,marking     ] GC(196) Concurrent Preclean
[59.537s][info][gc,marking     ] GC(196) Concurrent Preclean 0.058ms
[59.538s][info][gc,start       ] GC(196) Pause Remark
[59.539s][info][gc             ] GC(196) Pause Remark 531M->496M(832M) 1.917ms
[59.540s][info][gc,cpu         ] GC(196) User=0.00s Sys=0.00s Real=0.00s
[59.540s][info][gc,marking     ] GC(196) Concurrent Mark 25.080ms
[59.540s][info][gc,marking     ] GC(196) Concurrent Rebuild Remembered Sets and Scrub Regions
[59.588s][info][gc,marking     ] GC(196) Concurrent Rebuild Remembered Sets and Scrub Regions 48.713ms
[59.588s][info][gc,start       ] GC(196) Pause Cleanup
[59.589s][info][gc             ] GC(196) Pause Cleanup 540M->540M(832M) 0.400ms
[59.589s][info][gc,cpu         ] GC(196) User=0.00s Sys=0.00s Real=0.00s
[59.589s][info][gc,marking     ] GC(196) Concurrent Clear Claimed Marks
[59.589s][info][gc,marking     ] GC(196) Concurrent Clear Claimed Marks 0.041ms
[59.589s][info][gc,marking     ] GC(196) Concurrent Cleanup for Next Mark
[59.590s][info][gc,marking     ] GC(196) Concurrent Cleanup for Next Mark 1.347ms
[59.590s][info][gc             ] GC(196) Concurrent Mark Cycle 80.015ms
[59.593s][info][gc,start       ] GC(197) Pause Young (Prepare Mixed) (G1 Evacuation Pause)
[59.593s][info][gc,task        ] GC(197) Using 20 workers of 33 for evacuation
[59.606s][info][gc,phases      ] GC(197)   Pre Evacuate Collection Set: 0.1ms
[59.606s][info][gc,phases      ] GC(197)   Merge Heap Roots: 0.2ms
[59.606s][info][gc,phases      ] GC(197)   Evacuate Collection Set: 12.5ms
[59.606s][info][gc,phases      ] GC(197)   Post Evacuate Collection Set: 0.3ms
[59.606s][info][gc,phases      ] GC(197)   Other: 0.1ms
[59.606s][info][gc,heap        ] GC(197) Eden regions: 79->0(162)
[59.606s][info][gc,heap        ] GC(197) Survivor regions: 13->12(12)
[59.606s][info][gc,heap        ] GC(197) Old regions: 452->487
[59.606s][info][gc,heap        ] GC(197) Archive regions: 0->0
[59.606s][info][gc,heap        ] GC(197) Humongous regions: 1->1
[59.606s][info][gc,metaspace   ] GC(197) Metaspace: 16641K(17024K)->16641K(17024K) NonClass: 14217K(14400K)->14217K(14400K) Class: 2423K(2624K)->2423K(2624K)
[59.606s][info][gc             ] GC(197) Pause Young (Prepare Mixed) (G1 Evacuation Pause) 543M->498M(832M) 13.443ms
[59.607s][info][gc,cpu         ] GC(197) User=0.31s Sys=0.00s Real=0.01s
[59.780s][info][gc,start       ] GC(198) Pause Young (Mixed) (G1 Evacuation Pause)
[59.780s][info][gc,task        ] GC(198) Using 20 workers of 33 for evacuation
[59.812s][info][gc,phases      ] GC(198)   Pre Evacuate Collection Set: 0.2ms
[59.812s][info][gc,phases      ] GC(198)   Merge Heap Roots: 0.2ms
[59.812s][info][gc,phases      ] GC(198)   Evacuate Collection Set: 29.6ms
[59.812s][info][gc,phases      ] GC(198)   Post Evacuate Collection Set: 1.6ms
[59.812s][info][gc,phases      ] GC(198)   Other: 0.2ms
[59.812s][info][gc,heap        ] GC(198) Eden regions: 162->0(208)
[59.812s][info][gc,heap        ] GC(198) Survivor regions: 12->22(22)
[59.812s][info][gc,heap        ] GC(198) Old regions: 487->465
[59.812s][info][gc,heap        ] GC(198) Archive regions: 0->0
[59.812s][info][gc,heap        ] GC(198) Humongous regions: 1->1
[59.812s][info][gc,metaspace   ] GC(198) Metaspace: 16641K(17024K)->16641K(17024K) NonClass: 14217K(14400K)->14217K(14400K) Class: 2423K(2624K)->2423K(2624K)
[59.812s][info][gc             ] GC(198) Pause Young (Mixed) (G1 Evacuation Pause) 660M->486M(909M) 32.253ms
[59.812s][info][gc,cpu         ] GC(198) User=0.63s Sys=0.00s Real=0.03s
[60.016s][info][gc,start       ] GC(199) Pause Young (Mixed) (G1 Evacuation Pause)
[60.017s][info][gc,task        ] GC(199) Using 21 workers of 33 for evacuation
[60.056s][info][gc,phases      ] GC(199)   Pre Evacuate Collection Set: 0.2ms
[60.056s][info][gc,phases      ] GC(199)   Merge Heap Roots: 0.2ms
[60.056s][info][gc,phases      ] GC(199)   Evacuate Collection Set: 38.3ms
[60.056s][info][gc,phases      ] GC(199)   Post Evacuate Collection Set: 0.4ms
[60.056s][info][gc,phases      ] GC(199)   Other: 0.2ms
[60.056s][info][gc,heap        ] GC(199) Eden regions: 208->0(207)
[60.056s][info][gc,heap        ] GC(199) Survivor regions: 22->29(29)
[60.056s][info][gc,heap        ] GC(199) Old regions: 465->458
[60.056s][info][gc,heap        ] GC(199) Archive regions: 0->0
[60.056s][info][gc,heap        ] GC(199) Humongous regions: 1->1
[60.056s][info][gc,metaspace   ] GC(199) Metaspace: 16641K(17024K)->16641K(17024K) NonClass: 14217K(14400K)->14217K(14400K) Class: 2423K(2624K)->2423K(2624K)
[60.056s][info][gc             ] GC(199) Pause Young (Mixed) (G1 Evacuation Pause) 694M->486M(909M) 39.613ms
[60.056s][info][gc,cpu         ] GC(199) User=0.66s Sys=0.02s Real=0.05s
[60.237s][info][gc,start       ] GC(200) Pause Young (Mixed) (G1 Evacuation Pause)
[60.237s][info][gc,task        ] GC(200) Using 21 workers of 33 for evacuation
[60.279s][info][gc,phases      ] GC(200)   Pre Evacuate Collection Set: 0.2ms
[60.279s][info][gc,phases      ] GC(200)   Merge Heap Roots: 0.2ms
[60.279s][info][gc,phases      ] GC(200)   Evacuate Collection Set: 40.5ms
[60.279s][info][gc,phases      ] GC(200)   Post Evacuate Collection Set: 0.4ms
[60.279s][info][gc,phases      ] GC(200)   Other: 0.1ms
[60.279s][info][gc,heap        ] GC(200) Eden regions: 207->0(206)
[60.279s][info][gc,heap        ] GC(200) Survivor regions: 29->30(30)
[60.279s][info][gc,heap        ] GC(200) Old regions: 458->460
[60.279s][info][gc,heap        ] GC(200) Archive regions: 0->0
[60.279s][info][gc,heap        ] GC(200) Humongous regions: 1->1
[60.279s][info][gc,metaspace   ] GC(200) Metaspace: 16641K(17024K)->16641K(17024K) NonClass: 14217K(14400K)->14217K(14400K) Class: 2423K(2624K)->2423K(2624K)
[60.279s][info][gc             ] GC(200) Pause Young (Mixed) (G1 Evacuation Pause) 693M->489M(909M) 41.599ms
[60.279s][info][gc,cpu         ] GC(200) User=0.98s Sys=0.00s Real=0.05s
[60.461s][info][gc,start       ] GC(201) Pause Young (Mixed) (G1 Evacuation Pause)
[60.461s][info][gc,task        ] GC(201) Using 21 workers of 33 for evacuation
[60.501s][info][gc,phases      ] GC(201)   Pre Evacuate Collection Set: 0.2ms
[60.502s][info][gc,phases      ] GC(201)   Merge Heap Roots: 0.2ms
[60.502s][info][gc,phases      ] GC(201)   Evacuate Collection Set: 39.9ms
[60.502s][info][gc,phases      ] GC(201)   Post Evacuate Collection Set: 0.4ms
[60.502s][info][gc,phases      ] GC(201)   Other: 0.2ms
[60.502s][info][gc,heap        ] GC(201) Eden regions: 206->0(198)
[60.502s][info][gc,heap        ] GC(201) Survivor regions: 30->30(30)
[60.502s][info][gc,heap        ] GC(201) Old regions: 460->477
[60.502s][info][gc,heap        ] GC(201) Archive regions: 0->0
[60.502s][info][gc,heap        ] GC(201) Humongous regions: 1->1
[60.502s][info][gc,metaspace   ] GC(201) Metaspace: 16641K(17024K)->16641K(17024K) NonClass: 14217K(14400K)->14217K(14400K) Class: 2423K(2624K)->2423K(2624K)
[60.502s][info][gc             ] GC(201) Pause Young (Mixed) (G1 Evacuation Pause) 695M->506M(909M) 41.131ms
[60.502s][info][gc,cpu         ] GC(201) User=0.98s Sys=0.00s Real=0.05s
[60.623s][info][gc,start       ] GC(202) Pause Young (Concurrent Start) (G1 Humongous Allocation)
[60.623s][info][gc,task        ] GC(202) Using 21 workers of 33 for evacuation
[60.656s][info][gc,phases      ] GC(202)   Pre Evacuate Collection Set: 0.3ms
[60.656s][info][gc,phases      ] GC(202)   Merge Heap Roots: 0.2ms
[60.656s][info][gc,phases      ] GC(202)   Evacuate Collection Set: 31.5ms
[60.656s][info][gc,phases      ] GC(202)   Post Evacuate Collection Set: 0.5ms
[60.656s][info][gc,phases      ] GC(202)   Other: 0.1ms
[60.656s][info][gc,heap        ] GC(202) Eden regions: 138->0(179)
[60.656s][info][gc,heap        ] GC(202) Survivor regions: 30->29(29)
[60.656s][info][gc,heap        ] GC(202) Old regions: 477->540
[60.656s][info][gc,heap        ] GC(202) Archive regions: 0->0
[60.656s][info][gc,heap        ] GC(202) Humongous regions: 1->1
[60.656s][info][gc,metaspace   ] GC(202) Metaspace: 16641K(17024K)->16641K(17024K) NonClass: 14217K(14400K)->14217K(14400K) Class: 2423K(2624K)->2423K(2624K)
[60.656s][info][gc             ] GC(202) Pause Young (Concurrent Start) (G1 Humongous Allocation) 643M->568M(932M) 32.986ms
[60.656s][info][gc             ] GC(203) Concurrent Mark Cycle
[60.656s][info][gc,cpu         ] GC(202) User=0.66s Sys=0.00s Real=0.03s
[60.656s][info][gc,marking     ] GC(203) Concurrent Scan Root Regions
[60.667s][info][gc,marking     ] GC(203) Concurrent Scan Root Regions 10.885ms
[60.667s][info][gc,marking     ] GC(203) Concurrent Mark
[60.667s][info][gc,marking     ] GC(203) Concurrent Mark From Roots
[60.667s][info][gc,task        ] GC(203) Using 8 workers of 8 for marking
[60.762s][info][gc,marking     ] GC(203) Concurrent Mark From Roots 94.528ms
[60.762s][info][gc,marking     ] GC(203) Concurrent Preclean
[60.762s][info][gc,marking     ] GC(203) Concurrent Preclean 0.078ms
[60.762s][info][gc,start       ] GC(203) Pause Remark
[60.763s][info][gc             ] GC(203) Pause Remark 599M->500M(932M) 1.077ms
[60.763s][info][gc,cpu         ] GC(203) User=0.30s Sys=0.00s Real=0.02s
[60.763s][info][gc,marking     ] GC(203) Concurrent Mark 95.994ms
[60.763s][info][gc,marking     ] GC(203) Concurrent Rebuild Remembered Sets and Scrub Regions
[60.946s][info][gc,marking     ] GC(203) Concurrent Rebuild Remembered Sets and Scrub Regions 182.432ms
[60.946s][info][gc,start       ] GC(203) Pause Cleanup
[60.946s][info][gc             ] GC(203) Pause Cleanup 535M->535M(932M) 0.308ms
[60.946s][info][gc,cpu         ] GC(203) User=0.00s Sys=0.00s Real=0.00s
[60.946s][info][gc,marking     ] GC(203) Concurrent Clear Claimed Marks
[60.946s][info][gc,marking     ] GC(203) Concurrent Clear Claimed Marks 0.024ms
[60.946s][info][gc,marking     ] GC(203) Concurrent Cleanup for Next Mark
[60.947s][info][gc,marking     ] GC(203) Concurrent Cleanup for Next Mark 0.786ms
[60.947s][info][gc             ] GC(203) Concurrent Mark Cycle 290.913ms
[61.354s][info][gc,start       ] GC(204) Pause Young (Prepare Mixed) (G1 Evacuation Pause)
[61.354s][info][gc,task        ] GC(204) Using 22 workers of 33 for evacuation
[61.408s][info][gc,phases      ] GC(204)   Pre Evacuate Collection Set: 0.1ms
[61.408s][info][gc,phases      ] GC(204)   Merge Heap Roots: 2.0ms
[61.408s][info][gc,phases      ] GC(204)   Evacuate Collection Set: 50.6ms
[61.408s][info][gc,phases      ] GC(204)   Post Evacuate Collection Set: 0.9ms
[61.408s][info][gc,phases      ] GC(204)   Other: 0.1ms
[61.408s][info][gc,heap        ] GC(204) Eden regions: 179->0(213)
[61.408s][info][gc,heap        ] GC(204) Survivor regions: 29->26(26)
[61.408s][info][gc,heap        ] GC(204) Old regions: 442->485
[61.408s][info][gc,heap        ] GC(204) Archive regions: 0->0
[61.408s][info][gc,heap        ] GC(204) Humongous regions: 6->6
[61.408s][info][gc,metaspace   ] GC(204) Metaspace: 16641K(17024K)->16641K(17024K) NonClass: 14217K(14400K)->14217K(14400K) Class: 2423K(2624K)->2423K(2624K)
[61.408s][info][gc             ] GC(204) Pause Young (Prepare Mixed) (G1 Evacuation Pause) 654M->515M(932M) 53.977ms
[61.408s][info][gc,cpu         ] GC(204) User=1.03s Sys=0.00s Real=0.05s
[61.793s][info][gc,start       ] GC(205) Pause Young (Mixed) (G1 Evacuation Pause)
[61.793s][info][gc,task        ] GC(205) Using 22 workers of 33 for evacuation
[61.825s][info][gc,phases      ] GC(205)   Pre Evacuate Collection Set: 0.2ms
[61.825s][info][gc,phases      ] GC(205)   Merge Heap Roots: 1.3ms
[61.825s][info][gc,phases      ] GC(205)   Evacuate Collection Set: 29.8ms
[61.825s][info][gc,phases      ] GC(205)   Post Evacuate Collection Set: 0.4ms
[61.825s][info][gc,phases      ] GC(205)   Other: 0.2ms
[61.826s][info][gc,heap        ] GC(205) Eden regions: 213->0(242)
[61.826s][info][gc,heap        ] GC(205) Survivor regions: 26->6(30)
[61.826s][info][gc,heap        ] GC(205) Old regions: 485->493
[61.826s][info][gc,heap        ] GC(205) Archive regions: 0->0
[61.826s][info][gc,heap        ] GC(205) Humongous regions: 6->6
[61.826s][info][gc,metaspace   ] GC(205) Metaspace: 16641K(17024K)->16641K(17024K) NonClass: 14217K(14400K)->14217K(14400K) Class: 2423K(2624K)->2423K(2624K)
[61.826s][info][gc             ] GC(205) Pause Young (Mixed) (G1 Evacuation Pause) 728M->502M(932M) 32.384ms
[61.826s][info][gc,cpu         ] GC(205) User=0.69s Sys=0.00s Real=0.03s
[63.012s][info][gc,start       ] GC(206) Pause Young (Concurrent Start) (G1 Evacuation Pause)
[63.012s][info][gc,task        ] GC(206) Using 22 workers of 33 for evacuation
[63.019s][info][gc,phases      ] GC(206)   Pre Evacuate Collection Set: 0.3ms
[63.019s][info][gc,phases      ] GC(206)   Merge Heap Roots: 0.3ms
[63.019s][info][gc,phases      ] GC(206)   Evacuate Collection Set: 5.7ms
[63.019s][info][gc,phases      ] GC(206)   Post Evacuate Collection Set: 0.6ms
[63.019s][info][gc,phases      ] GC(206)   Other: 0.1ms
[63.019s][info][gc,heap        ] GC(206) Eden regions: 242->0(269)
[63.019s][info][gc,heap        ] GC(206) Survivor regions: 6->3(31)
[63.019s][info][gc,heap        ] GC(206) Old regions: 493->493
[63.019s][info][gc,heap        ] GC(206) Archive regions: 0->0
[63.019s][info][gc,heap        ] GC(206) Humongous regions: 6->6
[63.019s][info][gc,metaspace   ] GC(206) Metaspace: 16641K(17024K)->16641K(17024K) NonClass: 14217K(14400K)->14217K(14400K) Class: 2423K(2624K)->2423K(2624K)
[63.019s][info][gc             ] GC(206) Pause Young (Concurrent Start) (G1 Evacuation Pause) 744M->499M(932M) 7.157ms
[63.019s][info][gc,cpu         ] GC(206) User=0.00s Sys=0.00s Real=0.00s
[63.019s][info][gc             ] GC(207) Concurrent Mark Cycle
[63.019s][info][gc,marking     ] GC(207) Concurrent Scan Root Regions
[63.021s][info][gc,marking     ] GC(207) Concurrent Scan Root Regions 1.633ms
[63.021s][info][gc,marking     ] GC(207) Concurrent Mark
[63.021s][info][gc,marking     ] GC(207) Concurrent Mark From Roots
[63.021s][info][gc,task        ] GC(207) Using 8 workers of 8 for marking
[63.027s][info][gc,marking     ] GC(207) Concurrent Mark From Roots 5.834ms
[63.027s][info][gc,marking     ] GC(207) Concurrent Preclean
[63.027s][info][gc,marking     ] GC(207) Concurrent Preclean 0.072ms
[63.027s][info][gc,start       ] GC(207) Pause Remark
[63.029s][info][gc             ] GC(207) Pause Remark 499M->36M(130M) 1.573ms
[63.029s][info][gc,cpu         ] GC(207) User=0.00s Sys=0.00s Real=0.00s
[63.029s][info][gc,marking     ] GC(207) Concurrent Mark 7.752ms
[63.029s][info][gc,marking     ] GC(207) Concurrent Rebuild Remembered Sets and Scrub Regions
[63.032s][info][gc,marking     ] GC(207) Concurrent Rebuild Remembered Sets and Scrub Regions 3.487ms
[63.032s][info][gc,start       ] GC(207) Pause Cleanup
[63.033s][info][gc             ] GC(207) Pause Cleanup 36M->36M(130M) 0.123ms
[63.033s][info][gc,cpu         ] GC(207) User=0.00s Sys=0.00s Real=0.00s
[63.033s][info][gc,marking     ] GC(207) Concurrent Clear Claimed Marks
[63.033s][info][gc,marking     ] GC(207) Concurrent Clear Claimed Marks 0.038ms
[63.033s][info][gc,marking     ] GC(207) Concurrent Cleanup for Next Mark
[63.033s][info][gc,marking     ] GC(207) Concurrent Cleanup for Next Mark 0.181ms
[63.033s][info][gc             ] GC(207) Concurrent Mark Cycle 13.605ms
[63.761s][info][gc,start       ] GC(208) Pause Full (System.gc())
[63.761s][info][gc,task        ] GC(208) Using 12 workers of 33 for full compaction
[63.761s][info][gc,phases,start] GC(208) Phase 1: Mark live objects
[63.769s][info][gc,phases      ] GC(208) Phase 1: Mark live objects 7.419ms
[63.769s][info][gc,phases,start] GC(208) Phase 2: Prepare compaction
[63.770s][info][gc,phases      ] GC(208) Phase 2: Prepare compaction 0.905ms
[63.770s][info][gc,phases,start] GC(208) Phase 3: Adjust pointers
[63.774s][info][gc,phases      ] GC(208) Phase 3: Adjust pointers 4.612ms
[63.774s][info][gc,phases,start] GC(208) Phase 4: Compact heap
[63.775s][info][gc,phases      ] GC(208) Phase 4: Compact heap 0.850ms
[63.780s][info][gc,heap        ] GC(208) Eden regions: 44->0(23)
[63.780s][info][gc,heap        ] GC(208) Survivor regions: 3->0(31)
[63.780s][info][gc,heap        ] GC(208) Old regions: 35->16
[63.780s][info][gc,heap        ] GC(208) Archive regions: 0->0
[63.780s][info][gc,heap        ] GC(208) Humongous regions: 0->0
[63.780s][info][gc,metaspace   ] GC(208) Metaspace: 16641K(17024K)->16641K(17024K) NonClass: 14217K(14400K)->14217K(14400K) Class: 2423K(2624K)->2423K(2624K)
[63.781s][info][gc             ] GC(208) Pause Full (System.gc()) 79M->10M(54M) 19.829ms
[63.781s][info][gc,cpu         ] GC(208) User=0.19s Sys=0.00s Real=0.01s
[64.469s][info][gc,start       ] GC(209) Pause Young (Concurrent Start) (G1 Evacuation Pause)
[64.469s][info][gc,task        ] GC(209) Using 7 workers of 33 for evacuation
[64.472s][info][gc,phases      ] GC(209)   Pre Evacuate Collection Set: 0.2ms
[64.472s][info][gc,phases      ] GC(209)   Merge Heap Roots: 0.0ms
[64.472s][info][gc,phases      ] GC(209)   Evacuate Collection Set: 2.1ms
[64.472s][info][gc,phases      ] GC(209)   Post Evacuate Collection Set: 0.3ms
[64.472s][info][gc,phases      ] GC(209)   Other: 0.1ms
[64.472s][info][gc,heap        ] GC(209) Eden regions: 23->0(20)
[64.472s][info][gc,heap        ] GC(209) Survivor regions: 0->3(3)
[64.472s][info][gc,heap        ] GC(209) Old regions: 16->18
[64.472s][info][gc,heap        ] GC(209) Archive regions: 0->0
[64.472s][info][gc,heap        ] GC(209) Humongous regions: 0->0
[64.472s][info][gc,metaspace   ] GC(209) Metaspace: 16643K(17024K)->16643K(17024K) NonClass: 14219K(14400K)->14219K(14400K) Class: 2423K(2624K)->2423K(2624K)
[64.472s][info][gc             ] GC(209) Pause Young (Concurrent Start) (G1 Evacuation Pause) 33M->14M(54M) 2.885ms
[64.472s][info][gc             ] GC(210) Concurrent Mark Cycle
[64.472s][info][gc,cpu         ] GC(209) User=0.00s Sys=0.00s Real=0.00s
[64.472s][info][gc,marking     ] GC(210) Concurrent Scan Root Regions
[64.473s][info][gc,marking     ] GC(210) Concurrent Scan Root Regions 1.147ms
[64.473s][info][gc,marking     ] GC(210) Concurrent Mark
[64.473s][info][gc,marking     ] GC(210) Concurrent Mark From Roots
[64.473s][info][gc,task        ] GC(210) Using 8 workers of 8 for marking
[64.478s][info][gc,marking     ] GC(210) Concurrent Mark From Roots 4.372ms
[64.478s][info][gc,marking     ] GC(210) Concurrent Preclean
[64.478s][info][gc,marking     ] GC(210) Concurrent Preclean 0.049ms
[64.478s][info][gc,start       ] GC(210) Pause Remark
[64.479s][info][gc             ] GC(210) Pause Remark 15M->15M(54M) 0.993ms
[64.479s][info][gc,cpu         ] GC(210) User=0.00s Sys=0.00s Real=0.00s
[64.482s][info][gc,marking     ] GC(210) Concurrent Mark 8.456ms
[64.482s][info][gc,marking     ] GC(210) Concurrent Rebuild Remembered Sets and Scrub Regions
[64.485s][info][gc,marking     ] GC(210) Concurrent Rebuild Remembered Sets and Scrub Regions 2.753ms
[64.485s][info][gc,start       ] GC(210) Pause Cleanup
[64.485s][info][gc             ] GC(210) Pause Cleanup 16M->16M(54M) 0.072ms
[64.485s][info][gc,cpu         ] GC(210) User=0.00s Sys=0.00s Real=0.00s
[64.499s][info][gc,marking     ] GC(210) Concurrent Clear Claimed Marks
[64.499s][info][gc,marking     ] GC(210) Concurrent Clear Claimed Marks 0.035ms
[64.499s][info][gc,marking     ] GC(210) Concurrent Cleanup for Next Mark
[64.499s][info][gc,marking     ] GC(210) Concurrent Cleanup for Next Mark 0.171ms
[64.499s][info][gc             ] GC(210) Concurrent Mark Cycle 26.925ms
[64.803s][info][gc,start       ] GC(211) Pause Young (Prepare Mixed) (G1 Evacuation Pause)
[64.803s][info][gc,task        ] GC(211) Using 4 workers of 33 for evacuation
[64.819s][info][gc,phases      ] GC(211)   Pre Evacuate Collection Set: 0.1ms
[64.819s][info][gc,phases      ] GC(211)   Merge Heap Roots: 0.1ms
[64.819s][info][gc,phases      ] GC(211)   Evacuate Collection Set: 15.5ms
[64.819s][info][gc,phases      ] GC(211)   Post Evacuate Collection Set: 0.3ms
[64.819s][info][gc,phases      ] GC(211)   Other: 0.1ms
[64.819s][info][gc,heap        ] GC(211) Eden regions: 20->0(16)
[64.819s][info][gc,heap        ] GC(211) Survivor regions: 3->3(3)
[64.819s][info][gc,heap        ] GC(211) Old regions: 18->23
[64.819s][info][gc,heap        ] GC(211) Archive regions: 0->0
[64.819s][info][gc,heap        ] GC(211) Humongous regions: 0->0
[64.819s][info][gc,metaspace   ] GC(211) Metaspace: 16643K(17024K)->16643K(17024K) NonClass: 14219K(14400K)->14219K(14400K) Class: 2423K(2624K)->2423K(2624K)
[64.819s][info][gc             ] GC(211) Pause Young (Prepare Mixed) (G1 Evacuation Pause) 34M->19M(54M) 16.293ms
[64.819s][info][gc,cpu         ] GC(211) User=0.06s Sys=0.00s Real=0.02s
[65.132s][info][gc,start       ] GC(212) Pause Young (Mixed) (G1 Evacuation Pause)
[65.132s][info][gc,task        ] GC(212) Using 3 workers of 33 for evacuation
[65.184s][info][gc,phases      ] GC(212)   Pre Evacuate Collection Set: 0.0ms
[65.184s][info][gc,phases      ] GC(212)   Merge Heap Roots: 0.1ms
[65.185s][info][gc,phases      ] GC(212)   Evacuate Collection Set: 52.4ms
[65.185s][info][gc,phases      ] GC(212)   Post Evacuate Collection Set: 0.2ms
[65.185s][info][gc,phases      ] GC(212)   Other: 0.1ms
[65.185s][info][gc,heap        ] GC(212) Eden regions: 16->0(8)
[65.185s][info][gc,heap        ] GC(212) Survivor regions: 3->3(3)
[65.185s][info][gc,heap        ] GC(212) Old regions: 23->35
[65.185s][info][gc,heap        ] GC(212) Archive regions: 0->0
[65.185s][info][gc,heap        ] GC(212) Humongous regions: 0->0
[65.185s][info][gc,metaspace   ] GC(212) Metaspace: 16643K(17024K)->16643K(17024K) NonClass: 14219K(14400K)->14219K(14400K) Class: 2423K(2624K)->2423K(2624K)
[65.185s][info][gc             ] GC(212) Pause Young (Mixed) (G1 Evacuation Pause) 35M->35M(61M) 53.268ms
[65.185s][info][gc,cpu         ] GC(212) User=0.14s Sys=0.00s Real=0.05s
[65.361s][info][gc,start       ] GC(213) Pause Young (Concurrent Start) (G1 Evacuation Pause)
[65.361s][info][gc,task        ] GC(213) Using 2 workers of 33 for evacuation
[65.378s][info][gc,phases      ] GC(213)   Pre Evacuate Collection Set: 0.1ms
[65.378s][info][gc,phases      ] GC(213)   Merge Heap Roots: 0.0ms
[65.378s][info][gc,phases      ] GC(213)   Evacuate Collection Set: 13.3ms
[65.378s][info][gc,phases      ] GC(213)   Post Evacuate Collection Set: 3.2ms
[65.378s][info][gc,phases      ] GC(213)   Other: 0.1ms
[65.378s][info][gc,heap        ] GC(213) Eden regions: 8->0(197)
[65.378s][info][gc,heap        ] GC(213) Survivor regions: 3->2(2)
[65.378s][info][gc,heap        ] GC(213) Old regions: 35->45
[65.378s][info][gc,heap        ] GC(213) Archive regions: 0->0
[65.378s][info][gc,heap        ] GC(213) Humongous regions: 0->0
[65.378s][info][gc,metaspace   ] GC(213) Metaspace: 16643K(17024K)->16643K(17024K) NonClass: 14219K(14400K)->14219K(14400K) Class: 2423K(2624K)->2423K(2624K)
[65.378s][info][gc             ] GC(213) Pause Young (Concurrent Start) (G1 Evacuation Pause) 43M->44M(543M) 16.886ms
[65.378s][info][gc             ] GC(214) Concurrent Mark Cycle
[65.378s][info][gc,cpu         ] GC(213) User=0.03s Sys=0.00s Real=0.02s
[65.378s][info][gc,marking     ] GC(214) Concurrent Scan Root Regions
[65.386s][info][gc,marking     ] GC(214) Concurrent Scan Root Regions 8.152ms
[65.386s][info][gc,marking     ] GC(214) Concurrent Mark
[65.386s][info][gc,marking     ] GC(214) Concurrent Mark From Roots
[65.386s][info][gc,task        ] GC(214) Using 8 workers of 8 for marking
[65.403s][info][gc,marking     ] GC(214) Concurrent Mark From Roots 16.207ms
[65.403s][info][gc,marking     ] GC(214) Concurrent Preclean
[65.403s][info][gc,marking     ] GC(214) Concurrent Preclean 0.086ms
[65.403s][info][gc,start       ] GC(214) Pause Remark
[65.405s][info][gc             ] GC(214) Pause Remark 45M->43M(154M) 2.527ms
[65.405s][info][gc,cpu         ] GC(214) User=0.00s Sys=0.00s Real=0.00s
[65.405s][info][gc,marking     ] GC(214) Concurrent Mark 19.025ms
[65.405s][info][gc,marking     ] GC(214) Concurrent Rebuild Remembered Sets and Scrub Regions
[65.428s][info][gc,marking     ] GC(214) Concurrent Rebuild Remembered Sets and Scrub Regions 22.741ms
[65.428s][info][gc,start       ] GC(214) Pause Cleanup
[65.428s][info][gc             ] GC(214) Pause Cleanup 44M->44M(154M) 0.107ms
[65.428s][info][gc,cpu         ] GC(214) User=0.00s Sys=0.00s Real=0.00s
[65.428s][info][gc,marking     ] GC(214) Concurrent Clear Claimed Marks
[65.428s][info][gc,marking     ] GC(214) Concurrent Clear Claimed Marks 0.037ms
[65.428s][info][gc,marking     ] GC(214) Concurrent Cleanup for Next Mark
[65.429s][info][gc,marking     ] GC(214) Concurrent Cleanup for Next Mark 0.554ms
[65.429s][info][gc             ] GC(214) Concurrent Mark Cycle 50.908ms
[65.939s][info][gc,start       ] GC(215) Pause Young (Prepare Mixed) (G1 Evacuation Pause)
[65.939s][info][gc,task        ] GC(215) Using 3 workers of 33 for evacuation
[65.944s][info][gc,phases      ] GC(215)   Pre Evacuate Collection Set: 0.1ms
[65.944s][info][gc,phases      ] GC(215)   Merge Heap Roots: 0.1ms
[65.944s][info][gc,phases      ] GC(215)   Evacuate Collection Set: 4.6ms
[65.944s][info][gc,phases      ] GC(215)   Post Evacuate Collection Set: 0.3ms
[65.944s][info][gc,phases      ] GC(215)   Other: 0.1ms
[65.944s][info][gc,heap        ] GC(215) Eden regions: 90->0(46)
[65.944s][info][gc,heap        ] GC(215) Survivor regions: 2->8(12)
[65.944s][info][gc,heap        ] GC(215) Old regions: 43->43
[65.944s][info][gc,heap        ] GC(215) Archive regions: 0->0
[65.944s][info][gc,heap        ] GC(215) Humongous regions: 0->0
[65.944s][info][gc,metaspace   ] GC(215) Metaspace: 16643K(17024K)->16643K(17024K) NonClass: 14219K(14400K)->14219K(14400K) Class: 2423K(2624K)->2423K(2624K)
[65.945s][info][gc             ] GC(215) Pause Young (Prepare Mixed) (G1 Evacuation Pause) 132M->48M(154M) 5.378ms
[65.945s][info][gc,cpu         ] GC(215) User=0.00s Sys=0.00s Real=0.00s
[65.949s][info][gc,start       ] GC(216) Pause Young (Mixed) (G1 Evacuation Pause)
[65.949s][info][gc,task        ] GC(216) Using 3 workers of 33 for evacuation
[65.954s][info][gc,phases      ] GC(216)   Pre Evacuate Collection Set: 0.1ms
[65.954s][info][gc,phases      ] GC(216)   Merge Heap Roots: 0.0ms
[65.954s][info][gc,phases      ] GC(216)   Evacuate Collection Set: 3.8ms
[65.954s][info][gc,phases      ] GC(216)   Post Evacuate Collection Set: 0.2ms
[65.954s][info][gc,phases      ] GC(216)   Other: 0.1ms
[65.954s][info][gc,heap        ] GC(216) Eden regions: 46->0(52)
[65.954s][info][gc,heap        ] GC(216) Survivor regions: 8->2(7)
[65.954s][info][gc,heap        ] GC(216) Old regions: 43->48
[65.954s][info][gc,heap        ] GC(216) Archive regions: 0->0
[65.954s][info][gc,heap        ] GC(216) Humongous regions: 0->0
[65.954s][info][gc,metaspace   ] GC(216) Metaspace: 16643K(17024K)->16643K(17024K) NonClass: 14219K(14400K)->14219K(14400K) Class: 2423K(2624K)->2423K(2624K)
[65.954s][info][gc             ] GC(216) Pause Young (Mixed) (G1 Evacuation Pause) 94M->46M(154M) 4.365ms
[65.954s][info][gc,cpu         ] GC(216) User=0.00s Sys=0.00s Real=0.00s
[65.959s][info][gc,start       ] GC(217) Pause Young (Concurrent Start) (G1 Evacuation Pause)
[65.959s][info][gc,task        ] GC(217) Using 3 workers of 33 for evacuation
[65.961s][info][gc,phases      ] GC(217)   Pre Evacuate Collection Set: 0.2ms
[65.961s][info][gc,phases      ] GC(217)   Merge Heap Roots: 0.0ms
[65.961s][info][gc,phases      ] GC(217)   Evacuate Collection Set: 1.7ms
[65.961s][info][gc,phases      ] GC(217)   Post Evacuate Collection Set: 0.2ms
[65.961s][info][gc,phases      ] GC(217)   Other: 0.1ms
[65.961s][info][gc,heap        ] GC(217) Eden regions: 52->0(58)
[65.961s][info][gc,heap        ] GC(217) Survivor regions: 2->2(7)
[65.961s][info][gc,heap        ] GC(217) Old regions: 48->48
[65.962s][info][gc,heap        ] GC(217) Archive regions: 0->0
[65.962s][info][gc,heap        ] GC(217) Humongous regions: 0->0
[65.962s][info][gc,metaspace   ] GC(217) Metaspace: 16643K(17024K)->16643K(17024K) NonClass: 14219K(14400K)->14219K(14400K) Class: 2423K(2624K)->2423K(2624K)
[65.962s][info][gc             ] GC(217) Pause Young (Concurrent Start) (G1 Evacuation Pause) 98M->46M(154M) 2.384ms
[65.962s][info][gc,cpu         ] GC(217) User=0.00s Sys=0.00s Real=0.00s
[65.962s][info][gc             ] GC(218) Concurrent Mark Cycle
[65.962s][info][gc,marking     ] GC(218) Concurrent Scan Root Regions
[65.964s][info][gc,marking     ] GC(218) Concurrent Scan Root Regions 2.312ms
[65.964s][info][gc,marking     ] GC(218) Concurrent Mark
[65.964s][info][gc,marking     ] GC(218) Concurrent Mark From Roots
[65.964s][info][gc,task        ] GC(218) Using 8 workers of 8 for marking
[65.981s][info][gc,start       ] GC(219) Pause Young (Normal) (G1 Evacuation Pause)
[65.981s][info][gc,task        ] GC(219) Using 3 workers of 33 for evacuation
[65.983s][info][gc,phases      ] GC(219)   Pre Evacuate Collection Set: 0.1ms
[65.983s][info][gc,phases      ] GC(219)   Merge Heap Roots: 0.0ms
[65.983s][info][gc,phases      ] GC(219)   Evacuate Collection Set: 1.8ms
[65.983s][info][gc,phases      ] GC(219)   Post Evacuate Collection Set: 0.2ms
[65.983s][info][gc,phases      ] GC(219)   Other: 0.1ms
[65.983s][info][gc,heap        ] GC(219) Eden regions: 58->0(63)
[65.983s][info][gc,heap        ] GC(219) Survivor regions: 2->2(8)
[65.983s][info][gc,heap        ] GC(219) Old regions: 48->48
[65.983s][info][gc,heap        ] GC(219) Archive regions: 0->0
[65.983s][info][gc,heap        ] GC(219) Humongous regions: 0->0
[65.983s][info][gc,metaspace   ] GC(219) Metaspace: 16643K(17024K)->16643K(17024K) NonClass: 14219K(14400K)->14219K(14400K) Class: 2423K(2624K)->2423K(2624K)
[65.983s][info][gc             ] GC(219) Pause Young (Normal) (G1 Evacuation Pause) 104M->46M(154M) 2.374ms
[65.983s][info][gc,cpu         ] GC(219) User=0.00s Sys=0.00s Real=0.00s
[65.984s][info][gc,marking     ] GC(218) Concurrent Mark From Roots 19.984ms
[65.984s][info][gc,marking     ] GC(218) Concurrent Preclean
[65.984s][info][gc,marking     ] GC(218) Concurrent Preclean 0.064ms
[65.984s][info][gc,start       ] GC(218) Pause Remark
[65.987s][info][gc             ] GC(218) Pause Remark 55M->27M(104M) 2.411ms
[65.987s][info][gc,cpu         ] GC(218) User=0.00s Sys=0.00s Real=0.00s
[65.987s][info][gc,marking     ] GC(218) Concurrent Mark 22.801ms
[65.987s][info][gc,marking     ] GC(218) Concurrent Rebuild Remembered Sets and Scrub Regions
[65.991s][info][gc,marking     ] GC(218) Concurrent Rebuild Remembered Sets and Scrub Regions 4.318ms
[65.991s][info][gc,start       ] GC(218) Pause Cleanup
[65.991s][info][gc             ] GC(218) Pause Cleanup 62M->62M(104M) 0.145ms
[65.992s][info][gc,cpu         ] GC(218) User=0.00s Sys=0.00s Real=0.00s
[65.992s][info][gc,marking     ] GC(218) Concurrent Clear Claimed Marks
[65.992s][info][gc,marking     ] GC(218) Concurrent Clear Claimed Marks 0.037ms
[65.992s][info][gc,marking     ] GC(218) Concurrent Cleanup for Next Mark
[65.992s][info][gc,marking     ] GC(218) Concurrent Cleanup for Next Mark 0.262ms
[65.992s][info][gc             ] GC(218) Concurrent Mark Cycle 30.515ms
[65.994s][info][gc,start       ] GC(220) Pause Young (Prepare Mixed) (G1 Evacuation Pause)
[65.994s][info][gc,task        ] GC(220) Using 2 workers of 33 for evacuation
[65.998s][info][gc,phases      ] GC(220)   Pre Evacuate Collection Set: 0.1ms
[65.998s][info][gc,phases      ] GC(220)   Merge Heap Roots: 0.1ms
[65.998s][info][gc,phases      ] GC(220)   Evacuate Collection Set: 2.9ms
[65.998s][info][gc,phases      ] GC(220)   Post Evacuate Collection Set: 0.3ms
[65.998s][info][gc,phases      ] GC(220)   Other: 0.1ms
[65.998s][info][gc,heap        ] GC(220) Eden regions: 63->0(55)
[65.998s][info][gc,heap        ] GC(220) Survivor regions: 2->2(9)
[65.998s][info][gc,heap        ] GC(220) Old regions: 19->19
[65.998s][info][gc,heap        ] GC(220) Archive regions: 0->0
[65.998s][info][gc,heap        ] GC(220) Humongous regions: 0->0
[65.998s][info][gc,metaspace   ] GC(220) Metaspace: 16643K(17024K)->16643K(17024K) NonClass: 14219K(14400K)->14219K(14400K) Class: 2423K(2624K)->2423K(2624K)
[65.998s][info][gc             ] GC(220) Pause Young (Prepare Mixed) (G1 Evacuation Pause) 81M->17M(104M) 3.604ms
[65.998s][info][gc,cpu         ] GC(220) User=0.03s Sys=0.00s Real=0.02s
[66.005s][info][gc,start       ] GC(221) Pause Young (Mixed) (G1 Evacuation Pause)
[66.005s][info][gc,task        ] GC(221) Using 2 workers of 33 for evacuation
[66.012s][info][gc,phases      ] GC(221)   Pre Evacuate Collection Set: 0.1ms
[66.012s][info][gc,phases      ] GC(221)   Merge Heap Roots: 0.0ms
[66.012s][info][gc,phases      ] GC(221)   Evacuate Collection Set: 3.0ms
[66.012s][info][gc,phases      ] GC(221)   Post Evacuate Collection Set: 3.6ms
[66.012s][info][gc,phases      ] GC(221)   Other: 0.1ms
[66.012s][info][gc,heap        ] GC(221) Eden regions: 55->0(264)
[66.012s][info][gc,heap        ] GC(221) Survivor regions: 2->2(8)
[66.012s][info][gc,heap        ] GC(221) Old regions: 19->17
[66.012s][info][gc,heap        ] GC(221) Archive regions: 0->0
[66.012s][info][gc,heap        ] GC(221) Humongous regions: 0->0
[66.012s][info][gc,metaspace   ] GC(221) Metaspace: 16643K(17024K)->16643K(17024K) NonClass: 14219K(14400K)->14219K(14400K) Class: 2423K(2624K)->2423K(2624K)
[66.012s][info][gc             ] GC(221) Pause Young (Mixed) (G1 Evacuation Pause) 72M->14M(564M) 7.006ms
[66.012s][info][gc,cpu         ] GC(221) User=0.02s Sys=0.00s Real=0.02s
[66.188s][info][gc,start       ] GC(222) Pause Young (Normal) (G1 Evacuation Pause)
[66.188s][info][gc,task        ] GC(222) Using 13 workers of 33 for evacuation
[66.189s][info][gc,phases      ] GC(222)   Pre Evacuate Collection Set: 0.1ms
[66.189s][info][gc,phases      ] GC(222)   Merge Heap Roots: 0.1ms
[66.189s][info][gc,phases      ] GC(222)   Evacuate Collection Set: 0.8ms
[66.189s][info][gc,phases      ] GC(222)   Post Evacuate Collection Set: 0.3ms
[66.189s][info][gc,phases      ] GC(222)   Other: 0.1ms
[66.189s][info][gc,heap        ] GC(222) Eden regions: 277->0(313)
[66.189s][info][gc,heap        ] GC(222) Survivor regions: 2->2(35)
[66.189s][info][gc,heap        ] GC(222) Old regions: 17->17
[66.189s][info][gc,heap        ] GC(222) Archive regions: 0->0
[66.189s][info][gc,heap        ] GC(222) Humongous regions: 0->0
[66.189s][info][gc,metaspace   ] GC(222) Metaspace: 16643K(17024K)->16643K(17024K) NonClass: 14219K(14400K)->14219K(14400K) Class: 2423K(2624K)->2423K(2624K)
[66.189s][info][gc             ] GC(222) Pause Young (Normal) (G1 Evacuation Pause) 291M->15M(564M) 1.527ms
[66.189s][info][gc,cpu         ] GC(222) User=0.00s Sys=0.00s Real=0.00s
[66.234s][info][gc,start       ] GC(223) Pause Young (Normal) (G1 Evacuation Pause)
[66.234s][info][gc,task        ] GC(223) Using 13 workers of 33 for evacuation
[66.235s][info][gc,phases      ] GC(223)   Pre Evacuate Collection Set: 0.1ms
[66.235s][info][gc,phases      ] GC(223)   Merge Heap Roots: 0.1ms
[66.235s][info][gc,phases      ] GC(223)   Evacuate Collection Set: 0.6ms
[66.235s][info][gc,phases      ] GC(223)   Post Evacuate Collection Set: 0.3ms
[66.235s][info][gc,phases      ] GC(223)   Other: 0.1ms
[66.235s][info][gc,heap        ] GC(223) Eden regions: 313->0(336)
[66.235s][info][gc,heap        ] GC(223) Survivor regions: 2->2(40)
[66.235s][info][gc,heap        ] GC(223) Old regions: 17->17
[66.235s][info][gc,heap        ] GC(223) Archive regions: 0->0
[66.235s][info][gc,heap        ] GC(223) Humongous regions: 0->0
[66.235s][info][gc,metaspace   ] GC(223) Metaspace: 16643K(17024K)->16643K(17024K) NonClass: 14219K(14400K)->14219K(14400K) Class: 2423K(2624K)->2423K(2624K)
[66.235s][info][gc             ] GC(223) Pause Young (Normal) (G1 Evacuation Pause) 328M->15M(564M) 1.405ms
[66.235s][info][gc,cpu         ] GC(223) User=0.00s Sys=0.00s Real=0.00s
[66.279s][info][gc,start       ] GC(224) Pause Young (Concurrent Start) (G1 Evacuation Pause)
[66.279s][info][gc,task        ] GC(224) Using 13 workers of 33 for evacuation
[66.280s][info][gc,phases      ] GC(224)   Pre Evacuate Collection Set: 0.2ms
[66.280s][info][gc,phases      ] GC(224)   Merge Heap Roots: 0.1ms
[66.280s][info][gc,phases      ] GC(224)   Evacuate Collection Set: 0.6ms
[66.280s][info][gc,phases      ] GC(224)   Post Evacuate Collection Set: 0.3ms
[66.280s][info][gc,phases      ] GC(224)   Other: 0.1ms
[66.280s][info][gc,heap        ] GC(224) Eden regions: 336->0(336)
[66.280s][info][gc,heap        ] GC(224) Survivor regions: 2->2(43)
[66.280s][info][gc,heap        ] GC(224) Old regions: 17->17
[66.280s][info][gc,heap        ] GC(224) Archive regions: 0->0
[66.280s][info][gc,heap        ] GC(224) Humongous regions: 0->0
[66.280s][info][gc,metaspace   ] GC(224) Metaspace: 16643K(17024K)->16643K(17024K) NonClass: 14219K(14400K)->14219K(14400K) Class: 2423K(2624K)->2423K(2624K)
[66.280s][info][gc             ] GC(224) Pause Young (Concurrent Start) (G1 Evacuation Pause) 351M->15M(564M) 1.562ms
[66.280s][info][gc             ] GC(225) Concurrent Mark Cycle
[66.280s][info][gc,cpu         ] GC(224) User=0.00s Sys=0.00s Real=0.00s
[66.280s][info][gc,marking     ] GC(225) Concurrent Scan Root Regions
[66.282s][info][gc,marking     ] GC(225) Concurrent Scan Root Regions 1.944ms
[66.282s][info][gc,marking     ] GC(225) Concurrent Mark
[66.282s][info][gc,marking     ] GC(225) Concurrent Mark From Roots
[66.282s][info][gc,task        ] GC(225) Using 8 workers of 8 for marking
[66.288s][info][gc,marking     ] GC(225) Concurrent Mark From Roots 6.251ms
[66.288s][info][gc,marking     ] GC(225) Concurrent Preclean
[66.289s][info][gc,marking     ] GC(225) Concurrent Preclean 0.078ms
[66.289s][info][gc,start       ] GC(225) Pause Remark
[66.290s][info][gc             ] GC(225) Pause Remark 91M->91M(317M) 0.869ms
[66.290s][info][gc,cpu         ] GC(225) User=0.00s Sys=0.00s Real=0.00s
[66.290s][info][gc,marking     ] GC(225) Concurrent Mark 7.627ms
[66.290s][info][gc,marking     ] GC(225) Concurrent Rebuild Remembered Sets and Scrub Regions
[66.293s][info][gc,marking     ] GC(225) Concurrent Rebuild Remembered Sets and Scrub Regions 2.867ms
[66.293s][info][gc,start       ] GC(225) Pause Cleanup
[66.293s][info][gc             ] GC(225) Pause Cleanup 112M->112M(317M) 0.099ms
[66.293s][info][gc,cpu         ] GC(225) User=0.00s Sys=0.00s Real=0.00s
[66.293s][info][gc,marking     ] GC(225) Concurrent Clear Claimed Marks
[66.293s][info][gc,marking     ] GC(225) Concurrent Clear Claimed Marks 0.034ms
[66.293s][info][gc,marking     ] GC(225) Concurrent Cleanup for Next Mark
[66.296s][info][gc,marking     ] GC(225) Concurrent Cleanup for Next Mark 2.909ms
[66.296s][info][gc             ] GC(225) Concurrent Mark Cycle 15.956ms
[66.335s][info][gc,start       ] GC(226) Pause Young (Prepare Mixed) (G1 Evacuation Pause)
[66.335s][info][gc,task        ] GC(226) Using 10 workers of 33 for evacuation
[66.337s][info][gc,phases      ] GC(226)   Pre Evacuate Collection Set: 0.1ms
[66.337s][info][gc,phases      ] GC(226)   Merge Heap Roots: 0.1ms
[66.337s][info][gc,phases      ] GC(226)   Evacuate Collection Set: 0.6ms
[66.337s][info][gc,phases      ] GC(226)   Post Evacuate Collection Set: 0.3ms
[66.337s][info][gc,phases      ] GC(226)   Other: 0.1ms
[66.337s][info][gc,heap        ] GC(226) Eden regions: 251->0(188)
[66.337s][info][gc,heap        ] GC(226) Survivor regions: 2->2(32)
[66.337s][info][gc,heap        ] GC(226) Old regions: 17->17
[66.337s][info][gc,heap        ] GC(226) Archive regions: 0->0
[66.337s][info][gc,heap        ] GC(226) Humongous regions: 0->0
[66.337s][info][gc,metaspace   ] GC(226) Metaspace: 16643K(17024K)->16643K(17024K) NonClass: 14219K(14400K)->14219K(14400K) Class: 2423K(2624K)->2423K(2624K)
[66.337s][info][gc             ] GC(226) Pause Young (Prepare Mixed) (G1 Evacuation Pause) 266M->15M(317M) 1.351ms
[66.337s][info][gc,cpu         ] GC(226) User=0.00s Sys=0.00s Real=0.00s
[66.357s][info][gc,start       ] GC(227) Pause Young (Mixed) (G1 Evacuation Pause)
[66.358s][info][gc,task        ] GC(227) Using 8 workers of 33 for evacuation
[66.359s][info][gc,phases      ] GC(227)   Pre Evacuate Collection Set: 0.1ms
[66.359s][info][gc,phases      ] GC(227)   Merge Heap Roots: 0.1ms
[66.359s][info][gc,phases      ] GC(227)   Evacuate Collection Set: 0.7ms
[66.359s][info][gc,phases      ] GC(227)   Post Evacuate Collection Set: 0.2ms
[66.359s][info][gc,phases      ] GC(227)   Other: 0.1ms
[66.359s][info][gc,heap        ] GC(227) Eden regions: 188->0(188)
[66.359s][info][gc,heap        ] GC(227) Survivor regions: 2->2(24)
[66.359s][info][gc,heap        ] GC(227) Old regions: 17->16
[66.359s][info][gc,heap        ] GC(227) Archive regions: 0->0
[66.359s][info][gc,heap        ] GC(227) Humongous regions: 0->0
[66.359s][info][gc,metaspace   ] GC(227) Metaspace: 16643K(17024K)->16643K(17024K) NonClass: 14219K(14400K)->14219K(14400K) Class: 2423K(2624K)->2423K(2624K)
[66.359s][info][gc             ] GC(227) Pause Young (Mixed) (G1 Evacuation Pause) 203M->14M(317M) 1.404ms
[66.359s][info][gc,cpu         ] GC(227) User=0.00s Sys=0.00s Real=0.00s
[66.380s][info][gc,start       ] GC(228) Pause Young (Concurrent Start) (G1 Evacuation Pause)
[66.380s][info][gc,task        ] GC(228) Using 7 workers of 33 for evacuation
[66.381s][info][gc,phases      ] GC(228)   Pre Evacuate Collection Set: 0.2ms
[66.381s][info][gc,phases      ] GC(228)   Merge Heap Roots: 0.1ms
[66.381s][info][gc,phases      ] GC(228)   Evacuate Collection Set: 0.8ms
[66.381s][info][gc,phases      ] GC(228)   Post Evacuate Collection Set: 0.3ms
[66.381s][info][gc,phases      ] GC(228)   Other: 0.1ms
[66.381s][info][gc,heap        ] GC(228) Eden regions: 188->0(188)
[66.381s][info][gc,heap        ] GC(228) Survivor regions: 2->2(24)
[66.381s][info][gc,heap        ] GC(228) Old regions: 16->16
[66.381s][info][gc,heap        ] GC(228) Archive regions: 0->0
[66.381s][info][gc,heap        ] GC(228) Humongous regions: 0->0
[66.381s][info][gc,metaspace   ] GC(228) Metaspace: 16643K(17024K)->16643K(17024K) NonClass: 14219K(14400K)->14219K(14400K) Class: 2423K(2624K)->2423K(2624K)
[66.381s][info][gc             ] GC(228) Pause Young (Concurrent Start) (G1 Evacuation Pause) 202M->14M(317M) 1.642ms
[66.381s][info][gc             ] GC(229) Concurrent Mark Cycle
[66.381s][info][gc,cpu         ] GC(228) User=0.00s Sys=0.00s Real=0.00s
[66.381s][info][gc,marking     ] GC(229) Concurrent Scan Root Regions
[66.383s][info][gc,marking     ] GC(229) Concurrent Scan Root Regions 1.930ms
[66.383s][info][gc,marking     ] GC(229) Concurrent Mark
[66.383s][info][gc,marking     ] GC(229) Concurrent Mark From Roots
[66.383s][info][gc,task        ] GC(229) Using 8 workers of 8 for marking
[66.389s][info][gc,marking     ] GC(229) Concurrent Mark From Roots 5.934ms
[66.389s][info][gc,marking     ] GC(229) Concurrent Preclean
[66.390s][info][gc,marking     ] GC(229) Concurrent Preclean 0.067ms
[66.390s][info][gc,start       ] GC(229) Pause Remark
[66.391s][info][gc             ] GC(229) Pause Remark 84M->84M(297M) 1.010ms
[66.391s][info][gc,cpu         ] GC(229) User=0.00s Sys=0.00s Real=0.00s
[66.391s][info][gc,marking     ] GC(229) Concurrent Mark 7.447ms
[66.391s][info][gc,marking     ] GC(229) Concurrent Rebuild Remembered Sets and Scrub Regions
[66.394s][info][gc,marking     ] GC(229) Concurrent Rebuild Remembered Sets and Scrub Regions 3.171ms
[66.394s][info][gc,start       ] GC(229) Pause Cleanup
[66.394s][info][gc             ] GC(229) Pause Cleanup 115M->115M(297M) 0.110ms
[66.394s][info][gc,cpu         ] GC(229) User=0.00s Sys=0.00s Real=0.00s
[66.395s][info][gc,marking     ] GC(229) Concurrent Clear Claimed Marks
[66.395s][info][gc,marking     ] GC(229) Concurrent Clear Claimed Marks 0.053ms
[66.395s][info][gc,marking     ] GC(229) Concurrent Cleanup for Next Mark
[66.395s][info][gc,marking     ] GC(229) Concurrent Cleanup for Next Mark 0.575ms
[66.395s][info][gc             ] GC(229) Concurrent Mark Cycle 13.797ms
[66.416s][info][gc,start       ] GC(230) Pause Young (Prepare Mixed) (G1 Evacuation Pause)
[66.416s][info][gc,task        ] GC(230) Using 7 workers of 33 for evacuation
[66.417s][info][gc,phases      ] GC(230)   Pre Evacuate Collection Set: 0.1ms
[66.417s][info][gc,phases      ] GC(230)   Merge Heap Roots: 0.1ms
[66.417s][info][gc,phases      ] GC(230)   Evacuate Collection Set: 0.8ms
[66.417s][info][gc,phases      ] GC(230)   Post Evacuate Collection Set: 0.3ms
[66.417s][info][gc,phases      ] GC(230)   Other: 0.1ms
[66.417s][info][gc,heap        ] GC(230) Eden regions: 188->0(176)
[66.417s][info][gc,heap        ] GC(230) Survivor regions: 2->2(24)
[66.417s][info][gc,heap        ] GC(230) Old regions: 16->16
[66.417s][info][gc,heap        ] GC(230) Archive regions: 0->0
[66.417s][info][gc,heap        ] GC(230) Humongous regions: 0->0
[66.417s][info][gc,metaspace   ] GC(230) Metaspace: 16643K(17024K)->16643K(17024K) NonClass: 14219K(14400K)->14219K(14400K) Class: 2423K(2624K)->2423K(2624K)
[66.417s][info][gc             ] GC(230) Pause Young (Prepare Mixed) (G1 Evacuation Pause) 202M->14M(297M) 1.538ms
[66.417s][info][gc,cpu         ] GC(230) User=0.00s Sys=0.00s Real=0.00s
[66.448s][info][gc,start       ] GC(231) Pause Young (Mixed) (G1 Evacuation Pause)
[66.449s][info][gc,task        ] GC(231) Using 7 workers of 33 for evacuation
[66.450s][info][gc,phases      ] GC(231)   Pre Evacuate Collection Set: 0.1ms
[66.450s][info][gc,phases      ] GC(231)   Merge Heap Roots: 0.1ms
[66.450s][info][gc,phases      ] GC(231)   Evacuate Collection Set: 1.0ms
[66.450s][info][gc,phases      ] GC(231)   Post Evacuate Collection Set: 0.3ms
[66.450s][info][gc,phases      ] GC(231)   Other: 0.1ms
[66.450s][info][gc,heap        ] GC(231) Eden regions: 176->0(176)
[66.450s][info][gc,heap        ] GC(231) Survivor regions: 2->2(23)
[66.450s][info][gc,heap        ] GC(231) Old regions: 16->15
[66.450s][info][gc,heap        ] GC(231) Archive regions: 0->0
[66.450s][info][gc,heap        ] GC(231) Humongous regions: 0->0
[66.450s][info][gc,metaspace   ] GC(231) Metaspace: 16643K(17024K)->16643K(17024K) NonClass: 14219K(14400K)->14219K(14400K) Class: 2423K(2624K)->2423K(2624K)
[66.450s][info][gc             ] GC(231) Pause Young (Mixed) (G1 Evacuation Pause) 190M->13M(297M) 1.755ms
[66.450s][info][gc,cpu         ] GC(231) User=0.00s Sys=0.00s Real=0.00s
[66.471s][info][gc,start       ] GC(232) Pause Young (Concurrent Start) (G1 Evacuation Pause)
[66.471s][info][gc,task        ] GC(232) Using 7 workers of 33 for evacuation
[66.473s][info][gc,phases      ] GC(232)   Pre Evacuate Collection Set: 0.2ms
[66.473s][info][gc,phases      ] GC(232)   Merge Heap Roots: 0.1ms
[66.473s][info][gc,phases      ] GC(232)   Evacuate Collection Set: 0.8ms
[66.473s][info][gc,phases      ] GC(232)   Post Evacuate Collection Set: 0.3ms
[66.473s][info][gc,phases      ] GC(232)   Other: 0.1ms
[66.473s][info][gc,heap        ] GC(232) Eden regions: 176->0(176)
[66.473s][info][gc,heap        ] GC(232) Survivor regions: 2->2(23)
[66.473s][info][gc,heap        ] GC(232) Old regions: 15->15
[66.473s][info][gc,heap        ] GC(232) Archive regions: 0->0
[66.473s][info][gc,heap        ] GC(232) Humongous regions: 0->0
[66.473s][info][gc,metaspace   ] GC(232) Metaspace: 16643K(17024K)->16643K(17024K) NonClass: 14219K(14400K)->14219K(14400K) Class: 2423K(2624K)->2423K(2624K)
[66.473s][info][gc             ] GC(232) Pause Young (Concurrent Start) (G1 Evacuation Pause) 189M->13M(297M) 1.574ms
[66.473s][info][gc             ] GC(233) Concurrent Mark Cycle
[66.473s][info][gc,cpu         ] GC(232) User=0.00s Sys=0.00s Real=0.00s
[66.473s][info][gc,marking     ] GC(233) Concurrent Scan Root Regions
[66.475s][info][gc,marking     ] GC(233) Concurrent Scan Root Regions 1.895ms
[66.475s][info][gc,marking     ] GC(233) Concurrent Mark
[66.475s][info][gc,marking     ] GC(233) Concurrent Mark From Roots
[66.475s][info][gc,task        ] GC(233) Using 8 workers of 8 for marking
[66.491s][info][gc,marking     ] GC(233) Concurrent Mark From Roots 16.502ms
[66.492s][info][gc,marking     ] GC(233) Concurrent Preclean
[66.492s][info][gc,marking     ] GC(233) Concurrent Preclean 0.123ms
[66.492s][info][gc,start       ] GC(233) Pause Remark
[66.493s][info][gc             ] GC(233) Pause Remark 170M->170M(297M) 1.031ms
[66.493s][info][gc,cpu         ] GC(233) User=0.00s Sys=0.00s Real=0.00s
[66.493s][info][gc,marking     ] GC(233) Concurrent Mark 18.140ms
[66.493s][info][gc,marking     ] GC(233) Concurrent Rebuild Remembered Sets and Scrub Regions
[66.496s][info][gc,start       ] GC(234) Pause Young (Normal) (G1 Evacuation Pause)
[66.496s][info][gc,task        ] GC(234) Using 7 workers of 33 for evacuation
[66.498s][info][gc,phases      ] GC(234)   Pre Evacuate Collection Set: 0.1ms
[66.498s][info][gc,phases      ] GC(234)   Merge Heap Roots: 0.1ms
[66.498s][info][gc,phases      ] GC(234)   Evacuate Collection Set: 0.8ms
[66.498s][info][gc,phases      ] GC(234)   Post Evacuate Collection Set: 1.0ms
[66.498s][info][gc,phases      ] GC(234)   Other: 0.1ms
[66.498s][info][gc,heap        ] GC(234) Eden regions: 176->0(263)
[66.498s][info][gc,heap        ] GC(234) Survivor regions: 2->2(23)
[66.498s][info][gc,heap        ] GC(234) Old regions: 15->15
[66.498s][info][gc,heap        ] GC(234) Archive regions: 0->0
[66.498s][info][gc,heap        ] GC(234) Humongous regions: 0->0
[66.498s][info][gc,metaspace   ] GC(234) Metaspace: 16643K(17024K)->16643K(17024K) NonClass: 14219K(14400K)->14219K(14400K) Class: 2423K(2624K)->2423K(2624K)
[66.498s][info][gc             ] GC(234) Pause Young (Normal) (G1 Evacuation Pause) 189M->13M(443M) 2.193ms
[66.498s][info][gc,cpu         ] GC(234) User=0.00s Sys=0.00s Real=0.00s
[66.499s][info][gc,marking     ] GC(233) Concurrent Rebuild Remembered Sets and Scrub Regions 5.532ms
[66.499s][info][gc,start       ] GC(233) Pause Cleanup
[66.499s][info][gc             ] GC(233) Pause Cleanup 23M->23M(443M) 0.106ms
[66.499s][info][gc,cpu         ] GC(233) User=0.00s Sys=0.00s Real=0.00s
[66.499s][info][gc,marking     ] GC(233) Concurrent Clear Claimed Marks
[66.499s][info][gc,marking     ] GC(233) Concurrent Clear Claimed Marks 0.029ms
[66.499s][info][gc,marking     ] GC(233) Concurrent Cleanup for Next Mark
[66.500s][info][gc,marking     ] GC(233) Concurrent Cleanup for Next Mark 1.261ms
[66.500s][info][gc             ] GC(233) Concurrent Mark Cycle 27.449ms
[66.583s][info][gc,start       ] GC(235) Pause Young (Prepare Mixed) (G1 Evacuation Pause)
[66.583s][info][gc,task        ] GC(235) Using 10 workers of 33 for evacuation
[66.584s][info][gc,phases      ] GC(235)   Pre Evacuate Collection Set: 0.1ms
[66.584s][info][gc,phases      ] GC(235)   Merge Heap Roots: 0.1ms
[66.584s][info][gc,phases      ] GC(235)   Evacuate Collection Set: 0.6ms
[66.584s][info][gc,phases      ] GC(235)   Post Evacuate Collection Set: 0.3ms
[66.584s][info][gc,phases      ] GC(235)   Other: 0.1ms
[66.584s][info][gc,heap        ] GC(235) Eden regions: 263->0(263)
[66.584s][info][gc,heap        ] GC(235) Survivor regions: 2->2(34)
[66.584s][info][gc,heap        ] GC(235) Old regions: 15->15
[66.584s][info][gc,heap        ] GC(235) Archive regions: 0->0
[66.584s][info][gc,heap        ] GC(235) Humongous regions: 0->0
[66.584s][info][gc,metaspace   ] GC(235) Metaspace: 16643K(17024K)->16643K(17024K) NonClass: 14219K(14400K)->14219K(14400K) Class: 2423K(2624K)->2423K(2624K)
[66.584s][info][gc             ] GC(235) Pause Young (Prepare Mixed) (G1 Evacuation Pause) 276M->13M(443M) 1.319ms
[66.584s][info][gc,cpu         ] GC(235) User=0.00s Sys=0.00s Real=0.00s
[66.614s][info][gc,start       ] GC(236) Pause Young (Mixed) (G1 Evacuation Pause)
[66.615s][info][gc,task        ] GC(236) Using 10 workers of 33 for evacuation
[66.616s][info][gc,phases      ] GC(236)   Pre Evacuate Collection Set: 0.1ms
[66.616s][info][gc,phases      ] GC(236)   Merge Heap Roots: 0.1ms
[66.616s][info][gc,phases      ] GC(236)   Evacuate Collection Set: 0.5ms
[66.616s][info][gc,phases      ] GC(236)   Post Evacuate Collection Set: 0.3ms
[66.616s][info][gc,phases      ] GC(236)   Other: 0.1ms
[66.616s][info][gc,heap        ] GC(236) Eden regions: 263->0(264)
[66.616s][info][gc,heap        ] GC(236) Survivor regions: 2->1(34)
[66.616s][info][gc,heap        ] GC(236) Old regions: 15->14
[66.616s][info][gc,heap        ] GC(236) Archive regions: 0->0
[66.616s][info][gc,heap        ] GC(236) Humongous regions: 0->0
[66.616s][info][gc,metaspace   ] GC(236) Metaspace: 16643K(17024K)->16643K(17024K) NonClass: 14219K(14400K)->14219K(14400K) Class: 2423K(2624K)->2423K(2624K)
[66.616s][info][gc             ] GC(236) Pause Young (Mixed) (G1 Evacuation Pause) 276M->12M(443M) 1.259ms
[66.616s][info][gc,cpu         ] GC(236) User=0.00s Sys=0.00s Real=0.00s
[66.623s][info][gc,start       ] GC(237) Pause Young (Concurrent Start) (G1 Humongous Allocation)
[66.623s][info][gc,task        ] GC(237) Using 10 workers of 33 for evacuation
[66.624s][info][gc,phases      ] GC(237)   Pre Evacuate Collection Set: 0.2ms
[66.624s][info][gc,phases      ] GC(237)   Merge Heap Roots: 0.0ms
[66.624s][info][gc,phases      ] GC(237)   Evacuate Collection Set: 0.3ms
[66.624s][info][gc,phases      ] GC(237)   Post Evacuate Collection Set: 0.2ms
[66.624s][info][gc,phases      ] GC(237)   Other: 0.1ms
[66.624s][info][gc,heap        ] GC(237) Eden regions: 63->0(264)
[66.624s][info][gc,heap        ] GC(237) Survivor regions: 1->1(34)
[66.624s][info][gc,heap        ] GC(237) Old regions: 14->14
[66.624s][info][gc,heap        ] GC(237) Archive regions: 0->0
[66.624s][info][gc,heap        ] GC(237) Humongous regions: 0->0
[66.624s][info][gc,metaspace   ] GC(237) Metaspace: 16643K(17024K)->16643K(17024K) NonClass: 14219K(14400K)->14219K(14400K) Class: 2423K(2624K)->2423K(2624K)
[66.624s][info][gc             ] GC(237) Pause Young (Concurrent Start) (G1 Humongous Allocation) 75M->11M(443M) 0.936ms
[66.624s][info][gc             ] GC(238) Concurrent Mark Cycle
[66.624s][info][gc,cpu         ] GC(237) User=0.00s Sys=0.00s Real=0.00s
[66.624s][info][gc,marking     ] GC(238) Concurrent Scan Root Regions
[66.625s][info][gc,marking     ] GC(238) Concurrent Scan Root Regions 0.207ms
[66.625s][info][gc,marking     ] GC(238) Concurrent Mark
[66.625s][info][gc,marking     ] GC(238) Concurrent Mark From Roots
[66.625s][info][gc,task        ] GC(238) Using 8 workers of 8 for marking
[66.627s][info][gc,marking     ] GC(238) Concurrent Mark From Roots 2.852ms
[66.628s][info][gc,marking     ] GC(238) Concurrent Preclean
[66.628s][info][gc,marking     ] GC(238) Concurrent Preclean 0.032ms
[66.628s][info][gc,start       ] GC(238) Pause Remark
[66.629s][info][gc             ] GC(238) Pause Remark 14M->14M(64M) 0.901ms
[66.629s][info][gc,cpu         ] GC(238) User=0.00s Sys=0.00s Real=0.00s
[66.629s][info][gc,marking     ] GC(238) Concurrent Mark 3.941ms
[66.629s][info][gc,marking     ] GC(238) Concurrent Rebuild Remembered Sets and Scrub Regions
[66.631s][info][gc,marking     ] GC(238) Concurrent Rebuild Remembered Sets and Scrub Regions 1.964ms
[66.631s][info][gc,start       ] GC(238) Pause Cleanup
[66.631s][info][gc             ] GC(238) Pause Cleanup 16M->16M(64M) 0.069ms
[66.631s][info][gc,cpu         ] GC(238) User=0.00s Sys=0.00s Real=0.00s
[66.631s][info][gc,marking     ] GC(238) Concurrent Clear Claimed Marks
[66.631s][info][gc,marking     ] GC(238) Concurrent Clear Claimed Marks 0.015ms
[66.631s][info][gc,marking     ] GC(238) Concurrent Cleanup for Next Mark
[66.631s][info][gc,marking     ] GC(238) Concurrent Cleanup for Next Mark 0.149ms
[66.631s][info][gc             ] GC(238) Concurrent Mark Cycle 6.522ms
[66.672s][info][gc,start       ] GC(239) Pause Young (Prepare Mixed) (G1 Evacuation Pause)
[66.672s][info][gc,task        ] GC(239) Using 6 workers of 33 for evacuation
[66.701s][info][gc,phases      ] GC(239)   Pre Evacuate Collection Set: 0.1ms
[66.701s][info][gc,phases      ] GC(239)   Merge Heap Roots: 0.1ms
[66.701s][info][gc,phases      ] GC(239)   Evacuate Collection Set: 27.8ms
[66.701s][info][gc,phases      ] GC(239)   Post Evacuate Collection Set: 0.5ms
[66.701s][info][gc,phases      ] GC(239)   Other: 0.1ms
[66.701s][info][gc,heap        ] GC(239) Eden regions: 48->0(10)
[66.701s][info][gc,heap        ] GC(239) Survivor regions: 1->33(34)
[66.701s][info][gc,heap        ] GC(239) Old regions: 14->15
[66.701s][info][gc,heap        ] GC(239) Archive regions: 0->0
[66.701s][info][gc,heap        ] GC(239) Humongous regions: 1->1
[66.701s][info][gc,metaspace   ] GC(239) Metaspace: 16643K(17024K)->16643K(17024K) NonClass: 14219K(14400K)->14219K(14400K) Class: 2423K(2624K)->2423K(2624K)
[66.701s][info][gc             ] GC(239) Pause Young (Prepare Mixed) (G1 Evacuation Pause) 60M->44M(98M) 29.125ms
[66.701s][info][gc,cpu         ] GC(239) User=0.19s Sys=0.00s Real=0.03s
[66.721s][info][gc,start       ] GC(240) Pause Young (Mixed) (G1 Evacuation Pause)
[66.721s][info][gc,task        ] GC(240) Using 4 workers of 33 for evacuation
[66.757s][info][gc,phases      ] GC(240)   Pre Evacuate Collection Set: 0.1ms
[66.792s][info][gc,phases      ] GC(240)   Merge Heap Roots: 0.1ms
[66.792s][info][gc,phases      ] GC(240)   Evacuate Collection Set: 35.0ms
[66.792s][info][gc,phases      ] GC(240)   Post Evacuate Collection Set: 0.5ms
[66.792s][info][gc,phases      ] GC(240)   Other: 0.1ms
[66.792s][info][gc,heap        ] GC(240) Eden regions: 10->0(23)
[66.792s][info][gc,heap        ] GC(240) Survivor regions: 33->6(6)
[66.792s][info][gc,heap        ] GC(240) Old regions: 15->46
[66.792s][info][gc,heap        ] GC(240) Archive regions: 0->0
[66.792s][info][gc,heap        ] GC(240) Humongous regions: 1->1
[66.792s][info][gc,metaspace   ] GC(240) Metaspace: 16643K(17024K)->16643K(17024K) NonClass: 14219K(14400K)->14219K(14400K) Class: 2423K(2624K)->2423K(2624K)
[66.793s][info][gc             ] GC(240) Pause Young (Mixed) (G1 Evacuation Pause) 54M->49M(98M) 71.274ms
[66.793s][info][gc,cpu         ] GC(240) User=0.19s Sys=0.00s Real=0.08s
[66.831s][info][gc,start       ] GC(241) Pause Young (Concurrent Start) (G1 Evacuation Pause)
[66.831s][info][gc,task        ] GC(241) Using 3 workers of 33 for evacuation
[66.869s][info][gc,phases      ] GC(241)   Pre Evacuate Collection Set: 0.2ms
[66.869s][info][gc,phases      ] GC(241)   Merge Heap Roots: 0.5ms
[66.869s][info][gc,phases      ] GC(241)   Evacuate Collection Set: 36.2ms
[66.869s][info][gc,phases      ] GC(241)   Post Evacuate Collection Set: 0.4ms
[66.869s][info][gc,phases      ] GC(241)   Other: 0.1ms
[66.869s][info][gc,heap        ] GC(241) Eden regions: 23->0(13)
[66.869s][info][gc,heap        ] GC(241) Survivor regions: 6->4(4)
[66.869s][info][gc,heap        ] GC(241) Old regions: 46->63
[66.869s][info][gc,heap        ] GC(241) Archive regions: 0->0
[66.869s][info][gc,heap        ] GC(241) Humongous regions: 1->1
[66.869s][info][gc,metaspace   ] GC(241) Metaspace: 16643K(17024K)->16643K(17024K) NonClass: 14219K(14400K)->14219K(14400K) Class: 2423K(2624K)->2423K(2624K)
[66.869s][info][gc             ] GC(241) Pause Young (Concurrent Start) (G1 Evacuation Pause) 72M->64M(98M) 37.968ms
[66.869s][info][gc             ] GC(242) Concurrent Mark Cycle
[66.869s][info][gc,cpu         ] GC(241) User=0.14s Sys=0.00s Real=0.05s
[66.869s][info][gc,marking     ] GC(242) Concurrent Scan Root Regions
[66.873s][info][gc,marking     ] GC(242) Concurrent Scan Root Regions 4.103ms
[66.873s][info][gc,marking     ] GC(242) Concurrent Mark
[66.873s][info][gc,marking     ] GC(242) Concurrent Mark From Roots
[66.873s][info][gc,task        ] GC(242) Using 8 workers of 8 for marking
[66.895s][info][gc,marking     ] GC(242) Concurrent Mark From Roots 21.126ms
[66.895s][info][gc,marking     ] GC(242) Concurrent Preclean
[66.895s][info][gc,marking     ] GC(242) Concurrent Preclean 0.051ms
[66.895s][info][gc,start       ] GC(242) Pause Remark
[66.897s][info][gc             ] GC(242) Pause Remark 76M->76M(134M) 1.999ms
[66.897s][info][gc,cpu         ] GC(242) User=0.00s Sys=0.00s Real=0.00s
[66.897s][info][gc,marking     ] GC(242) Concurrent Mark 23.403ms
[66.897s][info][gc,marking     ] GC(242) Concurrent Rebuild Remembered Sets and Scrub Regions
[66.899s][info][gc,start       ] GC(243) Pause Young (Normal) (G1 Evacuation Pause)
[66.899s][info][gc,task        ] GC(243) Using 3 workers of 33 for evacuation
[66.928s][info][gc,phases      ] GC(243)   Pre Evacuate Collection Set: 0.1ms
[66.928s][info][gc,phases      ] GC(243)   Merge Heap Roots: 0.3ms
[66.928s][info][gc,phases      ] GC(243)   Evacuate Collection Set: 22.7ms
[66.928s][info][gc,phases      ] GC(243)   Post Evacuate Collection Set: 5.9ms
[66.928s][info][gc,phases      ] GC(243)   Other: 0.1ms
[66.928s][info][gc,heap        ] GC(243) Eden regions: 13->0(219)
[66.928s][info][gc,heap        ] GC(243) Survivor regions: 4->3(3)
[66.929s][info][gc,heap        ] GC(243) Old regions: 63->73
[66.929s][info][gc,heap        ] GC(243) Archive regions: 0->0
[66.929s][info][gc,heap        ] GC(243) Humongous regions: 1->1
[66.929s][info][gc,metaspace   ] GC(243) Metaspace: 16643K(17024K)->16643K(17024K) NonClass: 14219K(14400K)->14219K(14400K) Class: 2423K(2624K)->2423K(2624K)
[66.929s][info][gc             ] GC(243) Pause Young (Normal) (G1 Evacuation Pause) 77M->73M(579M) 29.566ms
[66.929s][info][gc,cpu         ] GC(243) User=0.05s Sys=0.00s Real=0.02s
[66.955s][info][gc,marking     ] GC(242) Concurrent Rebuild Remembered Sets and Scrub Regions 58.034ms
[66.955s][info][gc,start       ] GC(242) Pause Cleanup
[66.955s][info][gc             ] GC(242) Pause Cleanup 94M->94M(579M) 0.314ms
[66.955s][info][gc,cpu         ] GC(242) User=0.00s Sys=0.00s Real=0.00s
[66.955s][info][gc,marking     ] GC(242) Concurrent Clear Claimed Marks
[66.955s][info][gc,marking     ] GC(242) Concurrent Clear Claimed Marks 0.022ms
[66.955s][info][gc,marking     ] GC(242) Concurrent Cleanup for Next Mark
[66.957s][info][gc,marking     ] GC(242) Concurrent Cleanup for Next Mark 1.533ms
[66.957s][info][gc             ] GC(242) Concurrent Mark Cycle 87.756ms
[67.211s][info][gc,start       ] GC(244) Pause Young (Prepare Mixed) (G1 Evacuation Pause)
[67.211s][info][gc,task        ] GC(244) Using 13 workers of 33 for evacuation
[67.265s][info][gc,phases      ] GC(244)   Pre Evacuate Collection Set: 0.1ms
[67.265s][info][gc,phases      ] GC(244)   Merge Heap Roots: 0.5ms
[67.265s][info][gc,phases      ] GC(244)   Evacuate Collection Set: 52.7ms
[67.265s][info][gc,phases      ] GC(244)   Post Evacuate Collection Set: 0.3ms
[67.265s][info][gc,phases      ] GC(244)   Other: 0.1ms
[67.265s][info][gc,heap        ] GC(244) Eden regions: 219->0(151)
[67.265s][info][gc,heap        ] GC(244) Survivor regions: 3->28(28)
[67.265s][info][gc,heap        ] GC(244) Old regions: 73->187
[67.265s][info][gc,heap        ] GC(244) Archive regions: 0->0
[67.265s][info][gc,heap        ] GC(244) Humongous regions: 1->1
[67.265s][info][gc,metaspace   ] GC(244) Metaspace: 16643K(17024K)->16643K(17024K) NonClass: 14219K(14400K)->14219K(14400K) Class: 2423K(2624K)->2423K(2624K)
[67.265s][info][gc             ] GC(244) Pause Young (Prepare Mixed) (G1 Evacuation Pause) 292M->213M(579M) 54.098ms
[67.265s][info][gc,cpu         ] GC(244) User=0.47s Sys=0.14s Real=0.05s
[67.426s][info][gc,start       ] GC(245) Pause Young (Mixed) (G1 Evacuation Pause)
[67.426s][info][gc,task        ] GC(245) Using 13 workers of 33 for evacuation
[67.477s][info][gc,phases      ] GC(245)   Pre Evacuate Collection Set: 0.2ms
[67.477s][info][gc,phases      ] GC(245)   Merge Heap Roots: 0.3ms
[67.477s][info][gc,phases      ] GC(245)   Evacuate Collection Set: 49.9ms
[67.477s][info][gc,phases      ] GC(245)   Post Evacuate Collection Set: 0.3ms
[67.477s][info][gc,phases      ] GC(245)   Other: 0.1ms
[67.477s][info][gc,heap        ] GC(245) Eden regions: 151->0(106)
[67.477s][info][gc,heap        ] GC(245) Survivor regions: 28->23(23)
[67.477s][info][gc,heap        ] GC(245) Old regions: 187->292
[67.477s][info][gc,heap        ] GC(245) Archive regions: 0->0
[67.477s][info][gc,heap        ] GC(245) Humongous regions: 1->1
[67.477s][info][gc,metaspace   ] GC(245) Metaspace: 16643K(17024K)->16643K(17024K) NonClass: 14219K(14400K)->14219K(14400K) Class: 2423K(2624K)->2423K(2624K)
[67.477s][info][gc             ] GC(245) Pause Young (Mixed) (G1 Evacuation Pause) 364M->314M(579M) 51.060ms
[67.477s][info][gc,cpu         ] GC(245) User=0.78s Sys=0.03s Real=0.06s
[67.593s][info][gc,start       ] GC(246) Pause Young (Concurrent Start) (G1 Evacuation Pause)
[67.593s][info][gc,task        ] GC(246) Using 13 workers of 33 for evacuation
[67.628s][info][gc,phases      ] GC(246)   Pre Evacuate Collection Set: 0.3ms
[67.628s][info][gc,phases      ] GC(246)   Merge Heap Roots: 0.3ms
[67.629s][info][gc,phases      ] GC(246)   Evacuate Collection Set: 34.8ms
[67.629s][info][gc,phases      ] GC(246)   Post Evacuate Collection Set: 0.3ms
[67.629s][info][gc,phases      ] GC(246)   Other: 0.1ms
[67.629s][info][gc,heap        ] GC(246) Eden regions: 106->0(75)
[67.629s][info][gc,heap        ] GC(246) Survivor regions: 23->17(17)
[67.629s][info][gc,heap        ] GC(246) Old regions: 292->370
[67.629s][info][gc,heap        ] GC(246) Archive regions: 0->0
[67.629s][info][gc,heap        ] GC(246) Humongous regions: 1->1
[67.629s][info][gc,metaspace   ] GC(246) Metaspace: 16643K(17024K)->16643K(17024K) NonClass: 14219K(14400K)->14219K(14400K) Class: 2423K(2624K)->2423K(2624K)
[67.629s][info][gc             ] GC(246) Pause Young (Concurrent Start) (G1 Evacuation Pause) 420M->386M(579M) 36.122ms
[67.629s][info][gc             ] GC(247) Concurrent Mark Cycle
[67.629s][info][gc,cpu         ] GC(246) User=0.36s Sys=0.05s Real=0.03s
[67.629s][info][gc,marking     ] GC(247) Concurrent Scan Root Regions
[67.639s][info][gc,marking     ] GC(247) Concurrent Scan Root Regions 10.276ms
[67.639s][info][gc,marking     ] GC(247) Concurrent Mark
[67.639s][info][gc,marking     ] GC(247) Concurrent Mark From Roots
[67.639s][info][gc,task        ] GC(247) Using 8 workers of 8 for marking
[67.724s][info][gc,marking     ] GC(247) Concurrent Mark From Roots 84.594ms
[67.724s][info][gc,marking     ] GC(247) Concurrent Preclean
[67.724s][info][gc,marking     ] GC(247) Concurrent Preclean 0.096ms
[67.724s][info][gc,start       ] GC(247) Pause Remark
[67.726s][info][gc             ] GC(247) Pause Remark 461M->461M(772M) 2.049ms
[67.726s][info][gc,cpu         ] GC(247) User=0.20s Sys=0.00s Real=0.02s
[67.726s][info][gc,marking     ] GC(247) Concurrent Mark 87.042ms
[67.726s][info][gc,marking     ] GC(247) Concurrent Rebuild Remembered Sets and Scrub Regions
[67.727s][info][gc,start       ] GC(248) Pause Young (Normal) (G1 Evacuation Pause)
[67.727s][info][gc,task        ] GC(248) Using 18 workers of 33 for evacuation
[67.747s][info][gc,phases      ] GC(248)   Pre Evacuate Collection Set: 0.1ms
[67.747s][info][gc,phases      ] GC(248)   Merge Heap Roots: 0.2ms
[67.747s][info][gc,phases      ] GC(248)   Evacuate Collection Set: 18.5ms
[67.747s][info][gc,phases      ] GC(248)   Post Evacuate Collection Set: 0.4ms
[67.747s][info][gc,phases      ] GC(248)   Other: 0.1ms
[67.747s][info][gc,heap        ] GC(248) Eden regions: 75->0(130)
[67.747s][info][gc,heap        ] GC(248) Survivor regions: 17->12(12)
[67.747s][info][gc,heap        ] GC(248) Old regions: 370->429
[67.747s][info][gc,heap        ] GC(248) Archive regions: 0->0
[67.747s][info][gc,heap        ] GC(248) Humongous regions: 1->1
[67.747s][info][gc,metaspace   ] GC(248) Metaspace: 16643K(17024K)->16643K(17024K) NonClass: 14219K(14400K)->14219K(14400K) Class: 2423K(2624K)->2423K(2624K)
[67.747s][info][gc             ] GC(248) Pause Young (Normal) (G1 Evacuation Pause) 461M->439M(772M) 19.478ms
[67.747s][info][gc,cpu         ] GC(248) User=0.28s Sys=0.00s Real=0.01s
[67.896s][info][gc,marking     ] GC(247) Concurrent Rebuild Remembered Sets and Scrub Regions 169.533ms
[67.896s][info][gc,start       ] GC(247) Pause Cleanup
[67.896s][info][gc             ] GC(247) Pause Cleanup 480M->480M(772M) 0.220ms
[67.896s][info][gc,cpu         ] GC(247) User=0.00s Sys=0.00s Real=0.00s
[67.896s][info][gc,marking     ] GC(247) Concurrent Clear Claimed Marks
[67.896s][info][gc,marking     ] GC(247) Concurrent Clear Claimed Marks 0.023ms
[67.896s][info][gc,marking     ] GC(247) Concurrent Cleanup for Next Mark
[67.898s][info][gc,marking     ] GC(247) Concurrent Cleanup for Next Mark 1.535ms
[67.898s][info][gc             ] GC(247) Concurrent Mark Cycle 269.020ms
[69.244s][info][gc,start       ] GC(249) Pause Young (Prepare Mixed) (G1 Evacuation Pause)
[69.244s][info][gc,task        ] GC(249) Using 18 workers of 33 for evacuation
[69.271s][info][gc,phases      ] GC(249)   Pre Evacuate Collection Set: 0.1ms
[69.271s][info][gc,phases      ] GC(249)   Merge Heap Roots: 1.4ms
[69.271s][info][gc,phases      ] GC(249)   Evacuate Collection Set: 25.0ms
[69.271s][info][gc,phases      ] GC(249)   Post Evacuate Collection Set: 0.4ms
[69.271s][info][gc,phases      ] GC(249)   Other: 0.1ms
[69.271s][info][gc,heap        ] GC(249) Eden regions: 130->0(130)
[69.271s][info][gc,heap        ] GC(249) Survivor regions: 12->18(18)
[69.271s][info][gc,heap        ] GC(249) Old regions: 429->449
[69.271s][info][gc,heap        ] GC(249) Archive regions: 0->0
[69.271s][info][gc,heap        ] GC(249) Humongous regions: 2->2
[69.271s][info][gc,metaspace   ] GC(249) Metaspace: 16643K(17024K)->16643K(17024K) NonClass: 14219K(14400K)->14219K(14400K) Class: 2423K(2624K)->2423K(2624K)
[69.271s][info][gc             ] GC(249) Pause Young (Prepare Mixed) (G1 Evacuation Pause) 570M->466M(772M) 27.370ms
[69.271s][info][gc,cpu         ] GC(249) User=0.56s Sys=0.00s Real=0.03s
[75.405s][info][gc,start       ] GC(250) Pause Young (Mixed) (G1 Evacuation Pause)
[75.405s][info][gc,task        ] GC(250) Using 18 workers of 33 for evacuation
[75.438s][info][gc,phases      ] GC(250)   Pre Evacuate Collection Set: 0.2ms
[75.438s][info][gc,phases      ] GC(250)   Merge Heap Roots: 0.4ms
[75.438s][info][gc,phases      ] GC(250)   Evacuate Collection Set: 31.0ms
[75.438s][info][gc,phases      ] GC(250)   Post Evacuate Collection Set: 0.5ms
[75.438s][info][gc,phases      ] GC(250)   Other: 0.1ms
[75.438s][info][gc,heap        ] GC(250) Eden regions: 130->0(115)
[75.438s][info][gc,heap        ] GC(250) Survivor regions: 18->19(19)
[75.438s][info][gc,heap        ] GC(250) Old regions: 449->493
[75.438s][info][gc,heap        ] GC(250) Archive regions: 0->0
[75.438s][info][gc,heap        ] GC(250) Humongous regions: 2->2
[75.438s][info][gc,metaspace   ] GC(250) Metaspace: 16645K(17024K)->16645K(17024K) NonClass: 14221K(14400K)->14221K(14400K) Class: 2423K(2624K)->2423K(2624K)
[75.438s][info][gc             ] GC(250) Pause Young (Mixed) (G1 Evacuation Pause) 596M->511M(772M) 32.508ms
[75.438s][info][gc,cpu         ] GC(250) User=0.56s Sys=0.00s Real=0.03s
[75.533s][info][gc,start       ] GC(251) Pause Young (Concurrent Start) (G1 Evacuation Pause)
[75.533s][info][gc,task        ] GC(251) Using 18 workers of 33 for evacuation
[75.561s][info][gc,phases      ] GC(251)   Pre Evacuate Collection Set: 0.3ms
[75.562s][info][gc,phases      ] GC(251)   Merge Heap Roots: 0.4ms
[75.562s][info][gc,phases      ] GC(251)   Evacuate Collection Set: 27.7ms
[75.562s][info][gc,phases      ] GC(251)   Post Evacuate Collection Set: 0.3ms
[75.562s][info][gc,phases      ] GC(251)   Other: 0.1ms
[75.562s][info][gc,heap        ] GC(251) Eden regions: 115->0(94)
[75.562s][info][gc,heap        ] GC(251) Survivor regions: 19->17(17)
[75.562s][info][gc,heap        ] GC(251) Old regions: 493->546
[75.562s][info][gc,heap        ] GC(251) Archive regions: 0->0
[75.562s][info][gc,heap        ] GC(251) Humongous regions: 2->2
[75.562s][info][gc,metaspace   ] GC(251) Metaspace: 16645K(17024K)->16645K(17024K) NonClass: 14221K(14400K)->14221K(14400K) Class: 2423K(2624K)->2423K(2624K)
[75.562s][info][gc             ] GC(251) Pause Young (Concurrent Start) (G1 Evacuation Pause) 626M->563M(772M) 29.137ms
[75.562s][info][gc             ] GC(252) Concurrent Mark Cycle
[75.562s][info][gc,cpu         ] GC(251) User=0.56s Sys=0.00s Real=0.03s
[75.562s][info][gc,marking     ] GC(252) Concurrent Scan Root Regions
[75.568s][info][gc,marking     ] GC(252) Concurrent Scan Root Regions 6.014ms
[75.568s][info][gc,marking     ] GC(252) Concurrent Mark
[75.568s][info][gc,marking     ] GC(252) Concurrent Mark From Roots
[75.568s][info][gc,task        ] GC(252) Using 8 workers of 8 for marking
[75.578s][info][gc,marking     ] GC(252) Concurrent Mark From Roots 10.538ms
[75.578s][info][gc,marking     ] GC(252) Concurrent Preclean
[75.578s][info][gc,marking     ] GC(252) Concurrent Preclean 0.054ms
[75.579s][info][gc,start       ] GC(252) Pause Remark
[75.580s][info][gc             ] GC(252) Pause Remark 581M->158M(534M) 1.164ms
[75.580s][info][gc,cpu         ] GC(252) User=0.00s Sys=0.00s Real=0.00s
[75.580s][info][gc,marking     ] GC(252) Concurrent Mark 11.952ms
[75.580s][info][gc,marking     ] GC(252) Concurrent Rebuild Remembered Sets and Scrub Regions
[75.616s][info][gc,marking     ] GC(252) Concurrent Rebuild Remembered Sets and Scrub Regions 35.876ms
[75.616s][info][gc,start       ] GC(252) Pause Cleanup
[75.616s][info][gc             ] GC(252) Pause Cleanup 200M->200M(534M) 0.299ms
[75.616s][info][gc,cpu         ] GC(252) User=0.00s Sys=0.00s Real=0.00s
[75.616s][info][gc,marking     ] GC(252) Concurrent Clear Claimed Marks
[75.616s][info][gc,marking     ] GC(252) Concurrent Clear Claimed Marks 0.041ms
[75.616s][info][gc,marking     ] GC(252) Concurrent Cleanup for Next Mark
[75.617s][info][gc,marking     ] GC(252) Concurrent Cleanup for Next Mark 0.316ms
[75.617s][info][gc             ] GC(252) Concurrent Mark Cycle 54.845ms
[75.646s][info][gc,start       ] GC(253) Pause Young (Prepare Mixed) (G1 Evacuation Pause)
[75.646s][info][gc,task        ] GC(253) Using 15 workers of 33 for evacuation
[75.670s][info][gc,phases      ] GC(253)   Pre Evacuate Collection Set: 0.1ms
[75.670s][info][gc,phases      ] GC(253)   Merge Heap Roots: 0.1ms
[75.670s][info][gc,phases      ] GC(253)   Evacuate Collection Set: 23.4ms
[75.670s][info][gc,phases      ] GC(253)   Post Evacuate Collection Set: 0.4ms
[75.670s][info][gc,phases      ] GC(253)   Other: 0.1ms
[75.670s][info][gc,heap        ] GC(253) Eden regions: 94->0(161)
[75.670s][info][gc,heap        ] GC(253) Survivor regions: 17->14(14)
[75.670s][info][gc,heap        ] GC(253) Old regions: 125->170
[75.670s][info][gc,heap        ] GC(253) Archive regions: 0->0
[75.670s][info][gc,heap        ] GC(253) Humongous regions: 0->0
[75.670s][info][gc,metaspace   ] GC(253) Metaspace: 16645K(17024K)->16645K(17024K) NonClass: 14221K(14400K)->14221K(14400K) Class: 2423K(2624K)->2423K(2624K)
[75.670s][info][gc             ] GC(253) Pause Young (Prepare Mixed) (G1 Evacuation Pause) 234M->182M(534M) 24.349ms
[75.670s][info][gc,cpu         ] GC(253) User=0.23s Sys=0.02s Real=0.03s
[75.810s][info][gc,start       ] GC(254) Pause Young (Mixed) (G1 Evacuation Pause)
[75.810s][info][gc,task        ] GC(254) Using 13 workers of 33 for evacuation
[75.844s][info][gc,phases      ] GC(254)   Pre Evacuate Collection Set: 0.1ms
[75.844s][info][gc,phases      ] GC(254)   Merge Heap Roots: 0.2ms
[75.844s][info][gc,phases      ] GC(254)   Evacuate Collection Set: 34.0ms
[75.845s][info][gc,phases      ] GC(254)   Post Evacuate Collection Set: 0.3ms
[75.845s][info][gc,phases      ] GC(254)   Other: 0.2ms
[75.845s][info][gc,heap        ] GC(254) Eden regions: 161->0(137)
[75.845s][info][gc,heap        ] GC(254) Survivor regions: 14->22(22)
[75.845s][info][gc,heap        ] GC(254) Old regions: 170->223
[75.845s][info][gc,heap        ] GC(254) Archive regions: 0->0
[75.845s][info][gc,heap        ] GC(254) Humongous regions: 0->0
[75.845s][info][gc,metaspace   ] GC(254) Metaspace: 16645K(17024K)->16645K(17024K) NonClass: 14221K(14400K)->14221K(14400K) Class: 2423K(2624K)->2423K(2624K)
[75.845s][info][gc             ] GC(254) Pause Young (Mixed) (G1 Evacuation Pause) 343M->243M(534M) 35.291ms
[75.845s][info][gc,cpu         ] GC(254) User=0.59s Sys=0.02s Real=0.05s
[75.962s][info][gc,start       ] GC(255) Pause Young (Concurrent Start) (G1 Evacuation Pause)
[75.962s][info][gc,task        ] GC(255) Using 12 workers of 33 for evacuation
[75.997s][info][gc,phases      ] GC(255)   Pre Evacuate Collection Set: 0.2ms
[75.997s][info][gc,phases      ] GC(255)   Merge Heap Roots: 0.2ms
[75.997s][info][gc,phases      ] GC(255)   Evacuate Collection Set: 33.4ms
[75.997s][info][gc,phases      ] GC(255)   Post Evacuate Collection Set: 1.1ms
[75.997s][info][gc,phases      ] GC(255)   Other: 0.1ms
[75.997s][info][gc,heap        ] GC(255) Eden regions: 137->0(178)
[75.998s][info][gc,heap        ] GC(255) Survivor regions: 22->20(20)
[75.998s][info][gc,heap        ] GC(255) Old regions: 223->285
[75.998s][info][gc,heap        ] GC(255) Archive regions: 0->0
[75.998s][info][gc,heap        ] GC(255) Humongous regions: 0->0
[75.998s][info][gc,metaspace   ] GC(255) Metaspace: 16645K(17024K)->16645K(17024K) NonClass: 14221K(14400K)->14221K(14400K) Class: 2423K(2624K)->2423K(2624K)
[75.998s][info][gc             ] GC(255) Pause Young (Concurrent Start) (G1 Evacuation Pause) 380M->303M(679M) 35.334ms
[75.998s][info][gc             ] GC(256) Concurrent Mark Cycle
[75.998s][info][gc,cpu         ] GC(255) User=0.38s Sys=0.00s Real=0.03s
[75.998s][info][gc,marking     ] GC(256) Concurrent Scan Root Regions
[76.006s][info][gc,marking     ] GC(256) Concurrent Scan Root Regions 8.628ms
[76.006s][info][gc,marking     ] GC(256) Concurrent Mark
[76.006s][info][gc,marking     ] GC(256) Concurrent Mark From Roots
[76.006s][info][gc,task        ] GC(256) Using 8 workers of 8 for marking
[76.058s][info][gc,marking     ] GC(256) Concurrent Mark From Roots 51.476ms
[76.058s][info][gc,marking     ] GC(256) Concurrent Preclean
[76.058s][info][gc,marking     ] GC(256) Concurrent Preclean 0.099ms
[76.058s][info][gc,start       ] GC(256) Pause Remark
[76.059s][info][gc             ] GC(256) Pause Remark 358M->358M(679M) 0.954ms
[76.059s][info][gc,cpu         ] GC(256) User=0.00s Sys=0.00s Real=0.00s
[76.059s][info][gc,marking     ] GC(256) Concurrent Mark 52.788ms
[76.059s][info][gc,marking     ] GC(256) Concurrent Rebuild Remembered Sets and Scrub Regions
[76.163s][info][gc,marking     ] GC(256) Concurrent Rebuild Remembered Sets and Scrub Regions 104.164ms
[76.164s][info][gc,start       ] GC(256) Pause Cleanup
[76.164s][info][gc             ] GC(256) Pause Cleanup 442M->442M(679M) 0.293ms
[76.164s][info][gc,cpu         ] GC(256) User=0.00s Sys=0.00s Real=0.00s
[76.164s][info][gc,marking     ] GC(256) Concurrent Clear Claimed Marks
[76.164s][info][gc,marking     ] GC(256) Concurrent Clear Claimed Marks 0.046ms
[76.164s][info][gc,marking     ] GC(256) Concurrent Cleanup for Next Mark
[76.165s][info][gc,marking     ] GC(256) Concurrent Cleanup for Next Mark 0.725ms
[76.165s][info][gc             ] GC(256) Concurrent Mark Cycle 167.051ms
[76.210s][info][gc,start       ] GC(257) Pause Young (Prepare Mixed) (G1 Evacuation Pause)
[76.210s][info][gc,task        ] GC(257) Using 16 workers of 33 for evacuation
[76.249s][info][gc,phases      ] GC(257)   Pre Evacuate Collection Set: 0.1ms
[76.249s][info][gc,phases      ] GC(257)   Merge Heap Roots: 0.2ms
[76.249s][info][gc,phases      ] GC(257)   Evacuate Collection Set: 38.1ms
[76.249s][info][gc,phases      ] GC(257)   Post Evacuate Collection Set: 0.4ms
[76.249s][info][gc,phases      ] GC(257)   Other: 0.1ms
[76.249s][info][gc,heap        ] GC(257) Eden regions: 178->0(144)
[76.249s][info][gc,heap        ] GC(257) Survivor regions: 20->25(25)
[76.249s][info][gc,heap        ] GC(257) Old regions: 285->358
[76.249s][info][gc,heap        ] GC(257) Archive regions: 0->0
[76.249s][info][gc,heap        ] GC(257) Humongous regions: 0->0
[76.249s][info][gc,metaspace   ] GC(257) Metaspace: 16645K(17024K)->16645K(17024K) NonClass: 14221K(14400K)->14221K(14400K) Class: 2423K(2624K)->2423K(2624K)
[76.249s][info][gc             ] GC(257) Pause Young (Prepare Mixed) (G1 Evacuation Pause) 481M->380M(679M) 39.242ms
[76.249s][info][gc,cpu         ] GC(257) User=0.48s Sys=0.02s Real=0.03s
[76.375s][info][gc,start       ] GC(258) Pause Young (Mixed) (G1 Evacuation Pause)
[76.375s][info][gc,task        ] GC(258) Using 16 workers of 33 for evacuation
[76.410s][info][gc,phases      ] GC(258)   Pre Evacuate Collection Set: 0.1ms
[76.410s][info][gc,phases      ] GC(258)   Merge Heap Roots: 0.2ms
[76.410s][info][gc,phases      ] GC(258)   Evacuate Collection Set: 34.4ms
[76.410s][info][gc,phases      ] GC(258)   Post Evacuate Collection Set: 0.3ms
[76.410s][info][gc,phases      ] GC(258)   Other: 0.1ms
[76.410s][info][gc,heap        ] GC(258) Eden regions: 144->0(117)
[76.410s][info][gc,heap        ] GC(258) Survivor regions: 25->22(22)
[76.410s][info][gc,heap        ] GC(258) Old regions: 358->417
[76.410s][info][gc,heap        ] GC(258) Archive regions: 0->0
[76.410s][info][gc,heap        ] GC(258) Humongous regions: 0->0
[76.410s][info][gc,metaspace   ] GC(258) Metaspace: 16645K(17024K)->16645K(17024K) NonClass: 14221K(14400K)->14221K(14400K) Class: 2423K(2624K)->2423K(2624K)
[76.410s][info][gc             ] GC(258) Pause Young (Mixed) (G1 Evacuation Pause) 524M->436M(679M) 35.443ms
[76.410s][info][gc,cpu         ] GC(258) User=0.50s Sys=0.00s Real=0.03s
[76.487s][info][gc,start       ] GC(259) Pause Young (Concurrent Start) (G1 Humongous Allocation)
[76.520s][info][gc,task        ] GC(259) Using 16 workers of 33 for evacuation
[76.547s][info][gc,phases      ] GC(259)   Pre Evacuate Collection Set: 0.3ms
[76.547s][info][gc,phases      ] GC(259)   Merge Heap Roots: 0.1ms
[76.547s][info][gc,phases      ] GC(259)   Evacuate Collection Set: 26.2ms
[76.547s][info][gc,phases      ] GC(259)   Post Evacuate Collection Set: 0.3ms
[76.547s][info][gc,phases      ] GC(259)   Other: 0.2ms
[76.547s][info][gc,heap        ] GC(259) Eden regions: 86->0(98)
[76.547s][info][gc,heap        ] GC(259) Survivor regions: 22->18(18)
[76.547s][info][gc,heap        ] GC(259) Old regions: 417->461
[76.547s][info][gc,heap        ] GC(259) Archive regions: 0->0
[76.547s][info][gc,heap        ] GC(259) Humongous regions: 0->0
[76.547s][info][gc,metaspace   ] GC(259) Metaspace: 16645K(17024K)->16645K(17024K) NonClass: 14221K(14400K)->14221K(14400K) Class: 2423K(2624K)->2423K(2624K)
[76.547s][info][gc             ] GC(259) Pause Young (Concurrent Start) (G1 Humongous Allocation) 522M->476M(679M) 60.050ms
[76.547s][info][gc             ] GC(260) Concurrent Mark Cycle
[76.547s][info][gc,cpu         ] GC(259) User=0.75s Sys=0.00s Real=0.07s
[76.547s][info][gc,marking     ] GC(260) Concurrent Scan Root Regions
[76.558s][info][gc,marking     ] GC(260) Concurrent Scan Root Regions 10.459ms
[76.558s][info][gc,marking     ] GC(260) Concurrent Mark
[76.558s][info][gc,marking     ] GC(260) Concurrent Mark From Roots
[76.558s][info][gc,task        ] GC(260) Using 8 workers of 8 for marking
[76.661s][info][gc,marking     ] GC(260) Concurrent Mark From Roots 102.957ms
[76.661s][info][gc,marking     ] GC(260) Concurrent Preclean
[76.661s][info][gc,marking     ] GC(260) Concurrent Preclean 0.099ms
[76.661s][info][gc,start       ] GC(260) Pause Remark
[76.663s][info][gc             ] GC(260) Pause Remark 508M->508M(852M) 1.980ms
[76.663s][info][gc,cpu         ] GC(260) User=0.00s Sys=0.00s Real=0.00s
[76.663s][info][gc,marking     ] GC(260) Concurrent Mark 105.336ms
[76.663s][info][gc,marking     ] GC(260) Concurrent Rebuild Remembered Sets and Scrub Regions
[76.862s][info][gc,marking     ] GC(260) Concurrent Rebuild Remembered Sets and Scrub Regions 198.727ms
[76.862s][info][gc,start       ] GC(260) Pause Cleanup
[76.862s][info][gc             ] GC(260) Pause Cleanup 533M->533M(852M) 0.330ms
[76.862s][info][gc,cpu         ] GC(260) User=0.00s Sys=0.00s Real=0.00s
[76.862s][info][gc,marking     ] GC(260) Concurrent Clear Claimed Marks
[76.862s][info][gc,marking     ] GC(260) Concurrent Clear Claimed Marks 0.037ms
[76.862s][info][gc,marking     ] GC(260) Concurrent Cleanup for Next Mark
[76.863s][info][gc,marking     ] GC(260) Concurrent Cleanup for Next Mark 0.953ms
[76.863s][info][gc             ] GC(260) Concurrent Mark Cycle 316.240ms
[77.300s][info][gc,start       ] GC(261) Pause Young (Prepare Mixed) (G1 Evacuation Pause)
[77.300s][info][gc,task        ] GC(261) Using 20 workers of 33 for evacuation
[77.352s][info][gc,phases      ] GC(261)   Pre Evacuate Collection Set: 0.2ms
[77.352s][info][gc,phases      ] GC(261)   Merge Heap Roots: 2.0ms
[77.352s][info][gc,phases      ] GC(261)   Evacuate Collection Set: 48.9ms
[77.352s][info][gc,phases      ] GC(261)   Post Evacuate Collection Set: 0.7ms
[77.352s][info][gc,phases      ] GC(261)   Other: 0.1ms
[77.352s][info][gc,heap        ] GC(261) Eden regions: 98->0(158)
[77.352s][info][gc,heap        ] GC(261) Survivor regions: 18->15(15)
[77.352s][info][gc,heap        ] GC(261) Old regions: 461->510
[77.352s][info][gc,heap        ] GC(261) Archive regions: 0->0
[77.352s][info][gc,heap        ] GC(261) Humongous regions: 6->6
[77.352s][info][gc,metaspace   ] GC(261) Metaspace: 16645K(17024K)->16645K(17024K) NonClass: 14221K(14400K)->14221K(14400K) Class: 2423K(2624K)->2423K(2624K)
[77.352s][info][gc             ] GC(261) Pause Young (Prepare Mixed) (G1 Evacuation Pause) 580M->528M(852M) 52.195ms
[77.353s][info][gc,cpu         ] GC(261) User=1.25s Sys=0.00s Real=0.06s
[77.666s][info][gc,start       ] GC(262) Pause Young (Mixed) (G1 Evacuation Pause)
[77.666s][info][gc,task        ] GC(262) Using 20 workers of 33 for evacuation
[77.693s][info][gc,phases      ] GC(262)   Pre Evacuate Collection Set: 0.2ms
[77.693s][info][gc,phases      ] GC(262)   Merge Heap Roots: 1.1ms
[77.693s][info][gc,phases      ] GC(262)   Evacuate Collection Set: 25.5ms
[77.693s][info][gc,phases      ] GC(262)   Post Evacuate Collection Set: 0.5ms
[77.694s][info][gc,phases      ] GC(262)   Other: 0.1ms
[77.694s][info][gc,heap        ] GC(262) Eden regions: 158->0(176)
[77.694s][info][gc,heap        ] GC(262) Survivor regions: 15->6(22)
[77.694s][info][gc,heap        ] GC(262) Old regions: 510->513
[77.694s][info][gc,heap        ] GC(262) Archive regions: 0->0
[77.694s][info][gc,heap        ] GC(262) Humongous regions: 6->6
[77.694s][info][gc,metaspace   ] GC(262) Metaspace: 16645K(17024K)->16645K(17024K) NonClass: 14221K(14400K)->14221K(14400K) Class: 2423K(2624K)->2423K(2624K)
[77.694s][info][gc             ] GC(262) Pause Young (Mixed) (G1 Evacuation Pause) 686M->523M(852M) 27.767ms
[77.694s][info][gc,cpu         ] GC(262) User=0.61s Sys=0.02s Real=0.03s
[78.001s][info][gc,start       ] GC(263) Pause Young (Concurrent Start) (G1 Evacuation Pause)
[78.001s][info][gc,task        ] GC(263) Using 20 workers of 33 for evacuation
[78.014s][info][gc,phases      ] GC(263)   Pre Evacuate Collection Set: 0.3ms
[78.014s][info][gc,phases      ] GC(263)   Merge Heap Roots: 0.4ms
[78.014s][info][gc,phases      ] GC(263)   Evacuate Collection Set: 10.8ms
[78.014s][info][gc,phases      ] GC(263)   Post Evacuate Collection Set: 1.2ms
[78.014s][info][gc,phases      ] GC(263)   Other: 0.1ms
[78.014s][info][gc,heap        ] GC(263) Eden regions: 176->0(219)
[78.014s][info][gc,heap        ] GC(263) Survivor regions: 6->4(23)
[78.014s][info][gc,heap        ] GC(263) Old regions: 513->513
[78.014s][info][gc,heap        ] GC(263) Archive regions: 0->0
[78.014s][info][gc,heap        ] GC(263) Humongous regions: 6->6
[78.014s][info][gc,metaspace   ] GC(263) Metaspace: 16645K(17024K)->16645K(17024K) NonClass: 14221K(14400K)->14221K(14400K) Class: 2423K(2624K)->2423K(2624K)
[78.014s][info][gc             ] GC(263) Pause Young (Concurrent Start) (G1 Evacuation Pause) 699M->520M(892M) 13.390ms
[78.014s][info][gc             ] GC(264) Concurrent Mark Cycle
[78.014s][info][gc,cpu         ] GC(263) User=0.17s Sys=0.14s Real=0.02s
[78.014s][info][gc,marking     ] GC(264) Concurrent Scan Root Regions
[78.023s][info][gc,marking     ] GC(264) Concurrent Scan Root Regions 8.189ms
[78.023s][info][gc,marking     ] GC(264) Concurrent Mark
[78.023s][info][gc,marking     ] GC(264) Concurrent Mark From Roots
[78.023s][info][gc,task        ] GC(264) Using 8 workers of 8 for marking
[78.146s][info][gc,marking     ] GC(264) Concurrent Mark From Roots 122.838ms
[78.146s][info][gc,marking     ] GC(264) Concurrent Preclean
[78.146s][info][gc,marking     ] GC(264) Concurrent Preclean 0.106ms
[78.146s][info][gc,start       ] GC(264) Pause Remark
[78.147s][info][gc             ] GC(264) Pause Remark 577M->572M(959M) 1.596ms
[78.147s][info][gc,cpu         ] GC(264) User=0.00s Sys=0.00s Real=0.00s
[78.147s][info][gc,marking     ] GC(264) Concurrent Mark 124.849ms
[78.148s][info][gc,marking     ] GC(264) Concurrent Rebuild Remembered Sets and Scrub Regions
[78.338s][info][gc,marking     ] GC(264) Concurrent Rebuild Remembered Sets and Scrub Regions 190.783ms
[78.338s][info][gc,start       ] GC(264) Pause Cleanup
[78.339s][info][gc             ] GC(264) Pause Cleanup 664M->664M(959M) 0.568ms
[78.339s][info][gc,cpu         ] GC(264) User=0.00s Sys=0.00s Real=0.00s
[78.339s][info][gc,marking     ] GC(264) Concurrent Clear Claimed Marks
[78.339s][info][gc,marking     ] GC(264) Concurrent Clear Claimed Marks 0.043ms
[78.339s][info][gc,marking     ] GC(264) Concurrent Cleanup for Next Mark
[78.340s][info][gc,marking     ] GC(264) Concurrent Cleanup for Next Mark 0.931ms
[78.340s][info][gc             ] GC(264) Concurrent Mark Cycle 325.863ms
[79.400s][info][gc,start       ] GC(265) Pause Young (Prepare Mixed) (G1 Evacuation Pause)
[79.400s][info][gc,task        ] GC(265) Using 23 workers of 33 for evacuation
[79.407s][info][gc,phases      ] GC(265)   Pre Evacuate Collection Set: 0.2ms
[79.407s][info][gc,phases      ] GC(265)   Merge Heap Roots: 0.4ms
[79.407s][info][gc,phases      ] GC(265)   Evacuate Collection Set: 5.2ms
[79.407s][info][gc,phases      ] GC(265)   Post Evacuate Collection Set: 0.7ms
[79.407s][info][gc,phases      ] GC(265)   Other: 0.2ms
[79.407s][info][gc,heap        ] GC(265) Eden regions: 219->0(285)
[79.407s][info][gc,heap        ] GC(265) Survivor regions: 4->3(28)
[79.407s][info][gc,heap        ] GC(265) Old regions: 511->511
[79.407s][info][gc,heap        ] GC(265) Archive regions: 0->0
[79.407s][info][gc,heap        ] GC(265) Humongous regions: 3->3
[79.407s][info][gc,metaspace   ] GC(265) Metaspace: 16646K(17024K)->16646K(17024K) NonClass: 14222K(14400K)->14222K(14400K) Class: 2423K(2624K)->2423K(2624K)
[79.407s][info][gc             ] GC(265) Pause Young (Prepare Mixed) (G1 Evacuation Pause) 734M->515M(959M) 7.180ms
[79.407s][info][gc,cpu         ] GC(265) User=0.00s Sys=0.00s Real=0.00s
[79.963s][info][gc,start       ] GC(266) Pause Full (System.gc())
[79.963s][info][gc,task        ] GC(266) Using 23 workers of 33 for full compaction
[79.964s][info][gc,phases,start] GC(266) Phase 1: Mark live objects
[79.975s][info][gc,phases      ] GC(266) Phase 1: Mark live objects 10.545ms
[79.975s][info][gc,phases,start] GC(266) Phase 2: Prepare compaction
[79.976s][info][gc,phases      ] GC(266) Phase 2: Prepare compaction 1.477ms
[79.977s][info][gc,phases,start] GC(266) Phase 3: Adjust pointers
[79.979s][info][gc,phases      ] GC(266) Phase 3: Adjust pointers 2.155ms
[79.979s][info][gc,phases,start] GC(266) Phase 4: Compact heap
[79.979s][info][gc,phases      ] GC(266) Phase 4: Compact heap 0.782ms
[79.984s][info][gc,heap        ] GC(266) Eden regions: 32->0(40)
[79.984s][info][gc,heap        ] GC(266) Survivor regions: 3->0(28)
[79.984s][info][gc,heap        ] GC(266) Old regions: 511->26
[79.984s][info][gc,heap        ] GC(266) Archive regions: 0->0
[79.984s][info][gc,heap        ] GC(266) Humongous regions: 3->0
[79.984s][info][gc,metaspace   ] GC(266) Metaspace: 16646K(17024K)->16646K(17024K) NonClass: 14222K(14400K)->14222K(14400K) Class: 2423K(2624K)->2423K(2624K)
[79.984s][info][gc             ] GC(266) Pause Full (System.gc()) 547M->11M(87M) 21.209ms
[79.984s][info][gc,cpu         ] GC(266) User=0.36s Sys=0.02s Real=0.03s
[80.952s][info][gc,start       ] GC(267) Pause Young (Concurrent Start) (G1 Evacuation Pause)
[80.952s][info][gc,task        ] GC(267) Using 12 workers of 33 for evacuation
[80.968s][info][gc,phases      ] GC(267)   Pre Evacuate Collection Set: 0.3ms
[80.968s][info][gc,phases      ] GC(267)   Merge Heap Roots: 0.1ms
[80.968s][info][gc,phases      ] GC(267)   Evacuate Collection Set: 14.8ms
[80.968s][info][gc,phases      ] GC(267)   Post Evacuate Collection Set: 0.7ms
[80.968s][info][gc,phases      ] GC(267)   Other: 0.1ms
[80.968s][info][gc,heap        ] GC(267) Eden regions: 40->0(38)
[80.968s][info][gc,heap        ] GC(267) Survivor regions: 0->4(5)
[80.968s][info][gc,heap        ] GC(267) Old regions: 26->26
[80.968s][info][gc,heap        ] GC(267) Archive regions: 0->0
[80.968s][info][gc,heap        ] GC(267) Humongous regions: 0->0
[80.968s][info][gc,metaspace   ] GC(267) Metaspace: 16646K(17024K)->16646K(17024K) NonClass: 14222K(14400K)->14222K(14400K) Class: 2423K(2624K)->2423K(2624K)
[80.968s][info][gc             ] GC(267) Pause Young (Concurrent Start) (G1 Evacuation Pause) 51M->15M(87M) 16.391ms
[80.968s][info][gc             ] GC(268) Concurrent Mark Cycle
[80.968s][info][gc,cpu         ] GC(267) User=0.19s Sys=0.00s Real=0.02s
[80.968s][info][gc,marking     ] GC(268) Concurrent Scan Root Regions
[80.971s][info][gc,marking     ] GC(268) Concurrent Scan Root Regions 2.623ms
[80.971s][info][gc,marking     ] GC(268) Concurrent Mark
[80.971s][info][gc,marking     ] GC(268) Concurrent Mark From Roots
[80.971s][info][gc,task        ] GC(268) Using 8 workers of 8 for marking
[80.976s][info][gc,marking     ] GC(268) Concurrent Mark From Roots 5.189ms
[80.976s][info][gc,marking     ] GC(268) Concurrent Preclean
[80.976s][info][gc,marking     ] GC(268) Concurrent Preclean 0.054ms
[80.976s][info][gc,start       ] GC(268) Pause Remark
[80.977s][info][gc             ] GC(268) Pause Remark 15M->15M(87M) 1.160ms
[80.977s][info][gc,cpu         ] GC(268) User=0.00s Sys=0.00s Real=0.00s
[80.977s][info][gc,marking     ] GC(268) Concurrent Mark 6.662ms
[80.977s][info][gc,marking     ] GC(268) Concurrent Rebuild Remembered Sets and Scrub Regions
[80.979s][info][gc,marking     ] GC(268) Concurrent Rebuild Remembered Sets and Scrub Regions 2.001ms
[80.979s][info][gc,start       ] GC(268) Pause Cleanup
[80.980s][info][gc             ] GC(268) Pause Cleanup 16M->16M(87M) 0.163ms
[80.980s][info][gc,cpu         ] GC(268) User=0.00s Sys=0.00s Real=0.00s
[80.980s][info][gc,marking     ] GC(268) Concurrent Clear Claimed Marks
[80.980s][info][gc,marking     ] GC(268) Concurrent Clear Claimed Marks 0.028ms
[80.980s][info][gc,marking     ] GC(268) Concurrent Cleanup for Next Mark
[80.980s][info][gc,marking     ] GC(268) Concurrent Cleanup for Next Mark 0.150ms
[80.980s][info][gc             ] GC(268) Concurrent Mark Cycle 11.985ms
[81.626s][info][gc,start       ] GC(269) Pause Young (Prepare Mixed) (G1 Evacuation Pause)
[81.626s][info][gc,task        ] GC(269) Using 7 workers of 33 for evacuation
[81.628s][info][gc,phases      ] GC(269)   Pre Evacuate Collection Set: 0.1ms
[81.628s][info][gc,phases      ] GC(269)   Merge Heap Roots: 0.1ms
[81.628s][info][gc,phases      ] GC(269)   Evacuate Collection Set: 1.6ms
[81.628s][info][gc,phases      ] GC(269)   Post Evacuate Collection Set: 0.5ms
[81.628s][info][gc,phases      ] GC(269)   Other: 0.1ms
[81.628s][info][gc,heap        ] GC(269) Eden regions: 38->0(42)
[81.628s][info][gc,heap        ] GC(269) Survivor regions: 4->2(6)
[81.629s][info][gc,heap        ] GC(269) Old regions: 25->26
[81.629s][info][gc,heap        ] GC(269) Archive regions: 0->0
[81.629s][info][gc,heap        ] GC(269) Humongous regions: 0->0
[81.629s][info][gc,metaspace   ] GC(269) Metaspace: 16646K(17024K)->16646K(17024K) NonClass: 14222K(14400K)->14222K(14400K) Class: 2423K(2624K)->2423K(2624K)
[81.629s][info][gc             ] GC(269) Pause Young (Prepare Mixed) (G1 Evacuation Pause) 53M->13M(87M) 2.995ms
[81.629s][info][gc,cpu         ] GC(269) User=0.00s Sys=0.00s Real=0.00s
[81.636s][info][gc,start       ] GC(270) Pause Young (Mixed) (G1 Evacuation Pause)
[81.636s][info][gc,task        ] GC(270) Using 4 workers of 33 for evacuation
[81.640s][info][gc,phases      ] GC(270)   Pre Evacuate Collection Set: 0.1ms
[81.640s][info][gc,phases      ] GC(270)   Merge Heap Roots: 0.1ms
[81.640s][info][gc,phases      ] GC(270)   Evacuate Collection Set: 3.1ms
[81.640s][info][gc,phases      ] GC(270)   Post Evacuate Collection Set: 0.4ms
[81.640s][info][gc,phases      ] GC(270)   Other: 0.1ms
[81.640s][info][gc,heap        ] GC(270) Eden regions: 42->0(50)
[81.640s][info][gc,heap        ] GC(270) Survivor regions: 2->2(6)
[81.640s][info][gc,heap        ] GC(270) Old regions: 26->17
[81.640s][info][gc,heap        ] GC(270) Archive regions: 0->0
[81.640s][info][gc,heap        ] GC(270) Humongous regions: 0->0
[81.640s][info][gc,metaspace   ] GC(270) Metaspace: 16646K(17024K)->16646K(17024K) NonClass: 14222K(14400K)->14222K(14400K) Class: 2423K(2624K)->2423K(2624K)
[81.640s][info][gc             ] GC(270) Pause Young (Mixed) (G1 Evacuation Pause) 55M->13M(87M) 4.292ms
[81.640s][info][gc,cpu         ] GC(270) User=0.11s Sys=0.06s Real=0.02s
[81.648s][info][gc,start       ] GC(271) Pause Young (Mixed) (G1 Evacuation Pause)
[81.648s][info][gc,task        ] GC(271) Using 3 workers of 33 for evacuation
[81.653s][info][gc,phases      ] GC(271)   Pre Evacuate Collection Set: 0.1ms
[81.653s][info][gc,phases      ] GC(271)   Merge Heap Roots: 0.1ms
[81.653s][info][gc,phases      ] GC(271)   Evacuate Collection Set: 3.8ms
[81.653s][info][gc,phases      ] GC(271)   Post Evacuate Collection Set: 0.4ms
[81.653s][info][gc,phases      ] GC(271)   Other: 0.2ms
[81.653s][info][gc,heap        ] GC(271) Eden regions: 50->0(50)
[81.653s][info][gc,heap        ] GC(271) Survivor regions: 2->2(7)
[81.653s][info][gc,heap        ] GC(271) Old regions: 17->16
[81.653s][info][gc,heap        ] GC(271) Archive regions: 0->0
[81.653s][info][gc,heap        ] GC(271) Humongous regions: 0->0
[81.653s][info][gc,metaspace   ] GC(271) Metaspace: 16646K(17024K)->16646K(17024K) NonClass: 14222K(14400K)->14222K(14400K) Class: 2423K(2624K)->2423K(2624K)
[81.653s][info][gc             ] GC(271) Pause Young (Mixed) (G1 Evacuation Pause) 63M->13M(87M) 4.982ms
[81.653s][info][gc,cpu         ] GC(271) User=0.00s Sys=0.00s Real=0.00s
[81.660s][info][gc,start       ] GC(272) Pause Young (Concurrent Start) (G1 Evacuation Pause)
[81.660s][info][gc,task        ] GC(272) Using 2 workers of 33 for evacuation
[81.672s][info][gc,phases      ] GC(272)   Pre Evacuate Collection Set: 0.2ms
[81.672s][info][gc,phases      ] GC(272)   Merge Heap Roots: 0.1ms
[81.672s][info][gc,phases      ] GC(272)   Evacuate Collection Set: 5.0ms
[81.672s][info][gc,phases      ] GC(272)   Post Evacuate Collection Set: 5.8ms
[81.672s][info][gc,phases      ] GC(272)   Other: 0.1ms
[81.672s][info][gc,heap        ] GC(272) Eden regions: 50->0(331)
[81.672s][info][gc,heap        ] GC(272) Survivor regions: 2->2(7)
[81.672s][info][gc,heap        ] GC(272) Old regions: 16->16
[81.672s][info][gc,heap        ] GC(272) Archive regions: 0->0
[81.672s][info][gc,heap        ] GC(272) Humongous regions: 0->0
[81.672s][info][gc,metaspace   ] GC(272) Metaspace: 16646K(17024K)->16646K(17024K) NonClass: 14222K(14400K)->14222K(14400K) Class: 2423K(2624K)->2423K(2624K)
[81.672s][info][gc             ] GC(272) Pause Young (Concurrent Start) (G1 Evacuation Pause) 63M->13M(556M) 11.560ms
[81.672s][info][gc             ] GC(273) Concurrent Mark Cycle
[81.672s][info][gc,cpu         ] GC(272) User=0.00s Sys=0.02s Real=0.02s
[81.672s][info][gc,marking     ] GC(273) Concurrent Scan Root Regions
[81.674s][info][gc,marking     ] GC(273) Concurrent Scan Root Regions 2.041ms
[81.674s][info][gc,marking     ] GC(273) Concurrent Mark
[81.674s][info][gc,marking     ] GC(273) Concurrent Mark From Roots
[81.674s][info][gc,task        ] GC(273) Using 8 workers of 8 for marking
[81.685s][info][gc,marking     ] GC(273) Concurrent Mark From Roots 11.381ms
[81.685s][info][gc,marking     ] GC(273) Concurrent Preclean
[81.686s][info][gc,marking     ] GC(273) Concurrent Preclean 0.067ms
[81.686s][info][gc,start       ] GC(273) Pause Remark
[81.689s][info][gc             ] GC(273) Pause Remark 27M->27M(107M) 3.074ms
[81.689s][info][gc,cpu         ] GC(273) User=0.02s Sys=0.00s Real=0.02s
[81.689s][info][gc,marking     ] GC(273) Concurrent Mark 15.357ms
[81.689s][info][gc,marking     ] GC(273) Concurrent Rebuild Remembered Sets and Scrub Regions
[81.692s][info][gc,marking     ] GC(273) Concurrent Rebuild Remembered Sets and Scrub Regions 2.266ms
[81.692s][info][gc,start       ] GC(273) Pause Cleanup
[81.692s][info][gc             ] GC(273) Pause Cleanup 30M->30M(107M) 0.101ms
[81.692s][info][gc,cpu         ] GC(273) User=0.00s Sys=0.00s Real=0.00s
[81.692s][info][gc,marking     ] GC(273) Concurrent Clear Claimed Marks
[81.693s][info][gc,marking     ] GC(273) Concurrent Clear Claimed Marks 0.118ms
[81.693s][info][gc,marking     ] GC(273) Concurrent Cleanup for Next Mark
[81.694s][info][gc,marking     ] GC(273) Concurrent Cleanup for Next Mark 1.075ms
[81.694s][info][gc             ] GC(273) Concurrent Mark Cycle 21.807ms
[81.703s][info][gc,start       ] GC(274) Pause Young (Prepare Mixed) (G1 Evacuation Pause)
[81.703s][info][gc,task        ] GC(274) Using 2 workers of 33 for evacuation
[81.707s][info][gc,phases      ] GC(274)   Pre Evacuate Collection Set: 0.1ms
[81.707s][info][gc,phases      ] GC(274)   Merge Heap Roots: 0.1ms
[81.707s][info][gc,phases      ] GC(274)   Evacuate Collection Set: 3.2ms
[81.707s][info][gc,phases      ] GC(274)   Post Evacuate Collection Set: 0.3ms
[81.707s][info][gc,phases      ] GC(274)   Other: 0.1ms
[81.707s][info][gc,heap        ] GC(274) Eden regions: 89->0(63)
[81.707s][info][gc,heap        ] GC(274) Survivor regions: 2->2(42)
[81.707s][info][gc,heap        ] GC(274) Old regions: 16->16
[81.707s][info][gc,heap        ] GC(274) Archive regions: 0->0
[81.707s][info][gc,heap        ] GC(274) Humongous regions: 0->0
[81.707s][info][gc,metaspace   ] GC(274) Metaspace: 16646K(17024K)->16646K(17024K) NonClass: 14222K(14400K)->14222K(14400K) Class: 2423K(2624K)->2423K(2624K)
[81.707s][info][gc             ] GC(274) Pause Young (Prepare Mixed) (G1 Evacuation Pause) 102M->13M(109M) 3.951ms
[81.707s][info][gc,cpu         ] GC(274) User=0.03s Sys=0.00s Real=0.01s
[81.714s][info][gc,start       ] GC(275) Pause Young (Mixed) (G1 Evacuation Pause)
[81.714s][info][gc,task        ] GC(275) Using 2 workers of 33 for evacuation
[81.718s][info][gc,phases      ] GC(275)   Pre Evacuate Collection Set: 0.1ms
[81.718s][info][gc,phases      ] GC(275)   Merge Heap Roots: 0.0ms
[81.718s][info][gc,phases      ] GC(275)   Evacuate Collection Set: 2.8ms
[81.718s][info][gc,phases      ] GC(275)   Post Evacuate Collection Set: 0.3ms
[81.718s][info][gc,phases      ] GC(275)   Other: 0.1ms
[81.718s][info][gc,heap        ] GC(275) Eden regions: 63->0(63)
[81.718s][info][gc,heap        ] GC(275) Survivor regions: 2->2(9)
[81.718s][info][gc,heap        ] GC(275) Old regions: 16->16
[81.718s][info][gc,heap        ] GC(275) Archive regions: 0->0
[81.718s][info][gc,heap        ] GC(275) Humongous regions: 0->0
[81.718s][info][gc,metaspace   ] GC(275) Metaspace: 16646K(17024K)->16646K(17024K) NonClass: 14222K(14400K)->14222K(14400K) Class: 2423K(2624K)->2423K(2624K)
[81.718s][info][gc             ] GC(275) Pause Young (Mixed) (G1 Evacuation Pause) 76M->13M(109M) 3.452ms
[81.718s][info][gc,cpu         ] GC(275) User=0.00s Sys=0.00s Real=0.00s
[81.725s][info][gc,start       ] GC(276) Pause Young (Concurrent Start) (G1 Evacuation Pause)
[81.725s][info][gc,task        ] GC(276) Using 2 workers of 33 for evacuation
[81.728s][info][gc,phases      ] GC(276)   Pre Evacuate Collection Set: 0.2ms
[81.728s][info][gc,phases      ] GC(276)   Merge Heap Roots: 0.0ms
[81.728s][info][gc,phases      ] GC(276)   Evacuate Collection Set: 2.6ms
[81.728s][info][gc,phases      ] GC(276)   Post Evacuate Collection Set: 0.3ms
[81.728s][info][gc,phases      ] GC(276)   Other: 0.1ms
[81.728s][info][gc,heap        ] GC(276) Eden regions: 63->0(63)
[81.728s][info][gc,heap        ] GC(276) Survivor regions: 2->2(9)
[81.728s][info][gc,heap        ] GC(276) Old regions: 16->16
[81.728s][info][gc,heap        ] GC(276) Archive regions: 0->0
[81.728s][info][gc,heap        ] GC(276) Humongous regions: 0->0
[81.728s][info][gc,metaspace   ] GC(276) Metaspace: 16646K(17024K)->16646K(17024K) NonClass: 14222K(14400K)->14222K(14400K) Class: 2423K(2624K)->2423K(2624K)
[81.728s][info][gc             ] GC(276) Pause Young (Concurrent Start) (G1 Evacuation Pause) 76M->13M(109M) 3.353ms
[81.728s][info][gc             ] GC(277) Concurrent Mark Cycle
[81.728s][info][gc,cpu         ] GC(276) User=0.00s Sys=0.00s Real=0.00s
[81.728s][info][gc,marking     ] GC(277) Concurrent Scan Root Regions
[81.730s][info][gc,marking     ] GC(277) Concurrent Scan Root Regions 1.606ms
[81.730s][info][gc,marking     ] GC(277) Concurrent Mark
[81.730s][info][gc,marking     ] GC(277) Concurrent Mark From Roots
[81.730s][info][gc,task        ] GC(277) Using 8 workers of 8 for marking
[81.735s][info][gc,marking     ] GC(277) Concurrent Mark From Roots 4.858ms
[81.735s][info][gc,marking     ] GC(277) Concurrent Preclean
[81.735s][info][gc,marking     ] GC(277) Concurrent Preclean 0.058ms
[81.735s][info][gc,start       ] GC(277) Pause Remark
[81.737s][info][gc             ] GC(277) Pause Remark 64M->64M(115M) 2.399ms
[81.737s][info][gc,cpu         ] GC(277) User=0.00s Sys=0.00s Real=0.00s
[81.737s][info][gc,marking     ] GC(277) Concurrent Mark 7.650ms
[81.737s][info][gc,marking     ] GC(277) Concurrent Rebuild Remembered Sets and Scrub Regions
[81.739s][info][gc,marking     ] GC(277) Concurrent Rebuild Remembered Sets and Scrub Regions 1.925ms
[81.739s][info][gc,start       ] GC(277) Pause Cleanup
[81.740s][info][gc             ] GC(277) Pause Cleanup 68M->68M(115M) 0.083ms
[81.740s][info][gc,cpu         ] GC(277) User=0.00s Sys=0.00s Real=0.00s
[81.740s][info][gc,marking     ] GC(277) Concurrent Clear Claimed Marks
[81.740s][info][gc,marking     ] GC(277) Concurrent Clear Claimed Marks 0.023ms
[81.740s][info][gc,marking     ] GC(277) Concurrent Cleanup for Next Mark
[81.740s][info][gc,marking     ] GC(277) Concurrent Cleanup for Next Mark 0.250ms
[81.740s][info][gc             ] GC(277) Concurrent Mark Cycle 12.240ms
[81.742s][info][gc,start       ] GC(278) Pause Young (Prepare Mixed) (G1 Evacuation Pause)
[81.742s][info][gc,task        ] GC(278) Using 2 workers of 33 for evacuation
[81.749s][info][gc,phases      ] GC(278)   Pre Evacuate Collection Set: 0.1ms
[81.749s][info][gc,phases      ] GC(278)   Merge Heap Roots: 0.0ms
[81.749s][info][gc,phases      ] GC(278)   Evacuate Collection Set: 2.7ms
[81.749s][info][gc,phases      ] GC(278)   Post Evacuate Collection Set: 4.8ms
[81.749s][info][gc,phases      ] GC(278)   Other: 0.1ms
[81.749s][info][gc,heap        ] GC(278) Eden regions: 63->0(340)
[81.750s][info][gc,heap        ] GC(278) Survivor regions: 2->2(9)
[81.750s][info][gc,heap        ] GC(278) Old regions: 16->16
[81.750s][info][gc,heap        ] GC(278) Archive regions: 0->0
[81.750s][info][gc,heap        ] GC(278) Humongous regions: 0->0
[81.750s][info][gc,metaspace   ] GC(278) Metaspace: 16646K(17024K)->16646K(17024K) NonClass: 14222K(14400K)->14222K(14400K) Class: 2423K(2624K)->2423K(2624K)
[81.750s][info][gc             ] GC(278) Pause Young (Prepare Mixed) (G1 Evacuation Pause) 76M->13M(570M) 7.897ms
[81.750s][info][gc,cpu         ] GC(278) User=0.03s Sys=0.00s Real=0.01s
[81.956s][info][gc,start       ] GC(279) Pause Young (Mixed) (G1 Evacuation Pause)
[81.956s][info][gc,task        ] GC(279) Using 13 workers of 33 for evacuation
[81.957s][info][gc,phases      ] GC(279)   Pre Evacuate Collection Set: 0.1ms
[81.957s][info][gc,phases      ] GC(279)   Merge Heap Roots: 0.1ms
[81.957s][info][gc,phases      ] GC(279)   Evacuate Collection Set: 0.7ms
[81.957s][info][gc,phases      ] GC(279)   Post Evacuate Collection Set: 0.4ms
[81.957s][info][gc,phases      ] GC(279)   Other: 0.1ms
[81.957s][info][gc,heap        ] GC(279) Eden regions: 340->0(340)
[81.957s][info][gc,heap        ] GC(279) Survivor regions: 2->2(43)
[81.957s][info][gc,heap        ] GC(279) Old regions: 16->15
[81.957s][info][gc,heap        ] GC(279) Archive regions: 0->0
[81.957s][info][gc,heap        ] GC(279) Humongous regions: 0->0
[81.957s][info][gc,metaspace   ] GC(279) Metaspace: 16646K(17024K)->16646K(17024K) NonClass: 14222K(14400K)->14222K(14400K) Class: 2423K(2624K)->2423K(2624K)
[81.957s][info][gc             ] GC(279) Pause Young (Mixed) (G1 Evacuation Pause) 353M->13M(570M) 1.576ms
[81.957s][info][gc,cpu         ] GC(279) User=0.00s Sys=0.00s Real=0.00s
[81.995s][info][gc,start       ] GC(280) Pause Young (Concurrent Start) (G1 Evacuation Pause)
[81.995s][info][gc,task        ] GC(280) Using 13 workers of 33 for evacuation
[81.996s][info][gc,phases      ] GC(280)   Pre Evacuate Collection Set: 0.2ms
[81.996s][info][gc,phases      ] GC(280)   Merge Heap Roots: 0.1ms
[81.996s][info][gc,phases      ] GC(280)   Evacuate Collection Set: 0.7ms
[81.996s][info][gc,phases      ] GC(280)   Post Evacuate Collection Set: 0.4ms
[81.996s][info][gc,phases      ] GC(280)   Other: 0.1ms
[81.996s][info][gc,heap        ] GC(280) Eden regions: 340->0(340)
[81.996s][info][gc,heap        ] GC(280) Survivor regions: 2->2(43)
[81.996s][info][gc,heap        ] GC(280) Old regions: 15->15
[81.996s][info][gc,heap        ] GC(280) Archive regions: 0->0
[81.996s][info][gc,heap        ] GC(280) Humongous regions: 0->0
[81.996s][info][gc,metaspace   ] GC(280) Metaspace: 16646K(17024K)->16646K(17024K) NonClass: 14222K(14400K)->14222K(14400K) Class: 2423K(2624K)->2423K(2624K)
[81.996s][info][gc             ] GC(280) Pause Young (Concurrent Start) (G1 Evacuation Pause) 353M->13M(570M) 1.733ms
[81.996s][info][gc             ] GC(281) Concurrent Mark Cycle
[81.996s][info][gc,cpu         ] GC(280) User=0.00s Sys=0.00s Real=0.00s
[81.996s][info][gc,marking     ] GC(281) Concurrent Scan Root Regions
[81.998s][info][gc,marking     ] GC(281) Concurrent Scan Root Regions 1.694ms
[81.998s][info][gc,marking     ] GC(281) Concurrent Mark
[81.998s][info][gc,marking     ] GC(281) Concurrent Mark From Roots
[81.998s][info][gc,task        ] GC(281) Using 8 workers of 8 for marking
[82.004s][info][gc,marking     ] GC(281) Concurrent Mark From Roots 5.417ms
[82.004s][info][gc,marking     ] GC(281) Concurrent Preclean
[82.004s][info][gc,marking     ] GC(281) Concurrent Preclean 0.078ms
[82.004s][info][gc,start       ] GC(281) Pause Remark
[82.005s][info][gc             ] GC(281) Pause Remark 74M->74M(260M) 0.894ms
[82.005s][info][gc,cpu         ] GC(281) User=0.00s Sys=0.00s Real=0.00s
[82.005s][info][gc,marking     ] GC(281) Concurrent Mark 6.801ms
[82.005s][info][gc,marking     ] GC(281) Concurrent Rebuild Remembered Sets and Scrub Regions
[82.007s][info][gc,marking     ] GC(281) Concurrent Rebuild Remembered Sets and Scrub Regions 1.664ms
[82.007s][info][gc,start       ] GC(281) Pause Cleanup
[82.007s][info][gc             ] GC(281) Pause Cleanup 81M->81M(260M) 0.098ms
[82.007s][info][gc,cpu         ] GC(281) User=0.00s Sys=0.00s Real=0.00s
[82.007s][info][gc,marking     ] GC(281) Concurrent Clear Claimed Marks
[82.007s][info][gc,marking     ] GC(281) Concurrent Clear Claimed Marks 0.039ms
[82.007s][info][gc,marking     ] GC(281) Concurrent Cleanup for Next Mark
[82.007s][info][gc,marking     ] GC(281) Concurrent Cleanup for Next Mark 0.477ms
[82.008s][info][gc             ] GC(281) Concurrent Mark Cycle 11.216ms
[82.055s][info][gc,start       ] GC(282) Pause Young (Prepare Mixed) (G1 Evacuation Pause)
[82.055s][info][gc,task        ] GC(282) Using 9 workers of 33 for evacuation
[82.056s][info][gc,phases      ] GC(282)   Pre Evacuate Collection Set: 0.1ms
[82.056s][info][gc,phases      ] GC(282)   Merge Heap Roots: 0.1ms
[82.056s][info][gc,phases      ] GC(282)   Evacuate Collection Set: 0.8ms
[82.056s][info][gc,phases      ] GC(282)   Post Evacuate Collection Set: 0.4ms
[82.056s][info][gc,phases      ] GC(282)   Other: 0.1ms
[82.056s][info][gc,heap        ] GC(282) Eden regions: 243->0(155)
[82.057s][info][gc,heap        ] GC(282) Survivor regions: 2->2(43)
[82.057s][info][gc,heap        ] GC(282) Old regions: 15->15
[82.057s][info][gc,heap        ] GC(282) Archive regions: 0->0
[82.057s][info][gc,heap        ] GC(282) Humongous regions: 0->0
[82.057s][info][gc,metaspace   ] GC(282) Metaspace: 16646K(17024K)->16646K(17024K) NonClass: 14222K(14400K)->14222K(14400K) Class: 2423K(2624K)->2423K(2624K)
[82.057s][info][gc             ] GC(282) Pause Young (Prepare Mixed) (G1 Evacuation Pause) 256M->13M(262M) 1.600ms
[82.057s][info][gc,cpu         ] GC(282) User=0.00s Sys=0.00s Real=0.00s
[82.073s][info][gc,start       ] GC(283) Pause Young (Mixed) (G1 Evacuation Pause)
[82.073s][info][gc,task        ] GC(283) Using 7 workers of 33 for evacuation
[82.075s][info][gc,phases      ] GC(283)   Pre Evacuate Collection Set: 0.1ms
[82.075s][info][gc,phases      ] GC(283)   Merge Heap Roots: 0.1ms
[82.075s][info][gc,phases      ] GC(283)   Evacuate Collection Set: 0.9ms
[82.075s][info][gc,phases      ] GC(283)   Post Evacuate Collection Set: 0.3ms
[82.075s][info][gc,phases      ] GC(283)   Other: 0.1ms
[82.075s][info][gc,heap        ] GC(283) Eden regions: 155->0(155)
[82.075s][info][gc,heap        ] GC(283) Survivor regions: 2->2(20)
[82.075s][info][gc,heap        ] GC(283) Old regions: 15->15
[82.075s][info][gc,heap        ] GC(283) Archive regions: 0->0
[82.075s][info][gc,heap        ] GC(283) Humongous regions: 0->0
[82.075s][info][gc,metaspace   ] GC(283) Metaspace: 16646K(17024K)->16646K(17024K) NonClass: 14222K(14400K)->14222K(14400K) Class: 2423K(2624K)->2423K(2624K)
[82.075s][info][gc             ] GC(283) Pause Young (Mixed) (G1 Evacuation Pause) 168M->13M(262M) 1.662ms
[82.075s][info][gc,cpu         ] GC(283) User=0.00s Sys=0.00s Real=0.00s
[82.092s][info][gc,start       ] GC(284) Pause Young (Concurrent Start) (G1 Evacuation Pause)
[82.092s][info][gc,task        ] GC(284) Using 6 workers of 33 for evacuation
[82.094s][info][gc,phases      ] GC(284)   Pre Evacuate Collection Set: 0.2ms
[82.094s][info][gc,phases      ] GC(284)   Merge Heap Roots: 0.1ms
[82.094s][info][gc,phases      ] GC(284)   Evacuate Collection Set: 0.9ms
[82.094s][info][gc,phases      ] GC(284)   Post Evacuate Collection Set: 0.3ms
[82.094s][info][gc,phases      ] GC(284)   Other: 0.1ms
[82.094s][info][gc,heap        ] GC(284) Eden regions: 155->0(155)
[82.094s][info][gc,heap        ] GC(284) Survivor regions: 2->2(20)
[82.094s][info][gc,heap        ] GC(284) Old regions: 15->15
[82.094s][info][gc,heap        ] GC(284) Archive regions: 0->0
[82.094s][info][gc,heap        ] GC(284) Humongous regions: 0->0
[82.094s][info][gc,metaspace   ] GC(284) Metaspace: 16646K(17024K)->16646K(17024K) NonClass: 14222K(14400K)->14222K(14400K) Class: 2423K(2624K)->2423K(2624K)
[82.094s][info][gc             ] GC(284) Pause Young (Concurrent Start) (G1 Evacuation Pause) 168M->13M(262M) 1.771ms
[82.094s][info][gc             ] GC(285) Concurrent Mark Cycle
[82.094s][info][gc,cpu         ] GC(284) User=0.00s Sys=0.00s Real=0.00s
[82.094s][info][gc,marking     ] GC(285) Concurrent Scan Root Regions
[82.096s][info][gc,marking     ] GC(285) Concurrent Scan Root Regions 1.575ms
[82.096s][info][gc,marking     ] GC(285) Concurrent Mark
[82.096s][info][gc,marking     ] GC(285) Concurrent Mark From Roots
[82.096s][info][gc,task        ] GC(285) Using 8 workers of 8 for marking
[82.101s][info][gc,marking     ] GC(285) Concurrent Mark From Roots 5.415ms
[82.101s][info][gc,marking     ] GC(285) Concurrent Preclean
[82.101s][info][gc,marking     ] GC(285) Concurrent Preclean 0.076ms
[82.101s][info][gc,start       ] GC(285) Pause Remark
[82.102s][info][gc             ] GC(285) Pause Remark 75M->75M(262M) 1.079ms
[82.103s][info][gc,cpu         ] GC(285) User=0.00s Sys=0.00s Real=0.00s
[82.103s][info][gc,marking     ] GC(285) Concurrent Mark 6.905ms
[82.103s][info][gc,marking     ] GC(285) Concurrent Rebuild Remembered Sets and Scrub Regions
[82.105s][info][gc,marking     ] GC(285) Concurrent Rebuild Remembered Sets and Scrub Regions 2.308ms
[82.105s][info][gc,start       ] GC(285) Pause Cleanup
[82.105s][info][gc             ] GC(285) Pause Cleanup 97M->97M(262M) 0.105ms
[82.105s][info][gc,cpu         ] GC(285) User=0.00s Sys=0.00s Real=0.00s
[82.105s][info][gc,marking     ] GC(285) Concurrent Clear Claimed Marks
[82.105s][info][gc,marking     ] GC(285) Concurrent Clear Claimed Marks 0.065ms
[82.105s][info][gc,marking     ] GC(285) Concurrent Cleanup for Next Mark
[82.106s][info][gc,marking     ] GC(285) Concurrent Cleanup for Next Mark 0.513ms
[82.106s][info][gc             ] GC(285) Concurrent Mark Cycle 11.990ms
[82.124s][info][gc,start       ] GC(286) Pause Young (Prepare Mixed) (G1 Evacuation Pause)
[82.126s][info][gc,task        ] GC(286) Using 6 workers of 33 for evacuation
[82.128s][info][gc,phases      ] GC(286)   Pre Evacuate Collection Set: 0.1ms
[82.128s][info][gc,phases      ] GC(286)   Merge Heap Roots: 0.1ms
[82.128s][info][gc,phases      ] GC(286)   Evacuate Collection Set: 1.1ms
[82.128s][info][gc,phases      ] GC(286)   Post Evacuate Collection Set: 0.4ms
[82.128s][info][gc,phases      ] GC(286)   Other: 0.1ms
[82.128s][info][gc,heap        ] GC(286) Eden regions: 155->0(155)
[82.128s][info][gc,heap        ] GC(286) Survivor regions: 2->2(20)
[82.128s][info][gc,heap        ] GC(286) Old regions: 15->15
[82.128s][info][gc,heap        ] GC(286) Archive regions: 0->0
[82.128s][info][gc,heap        ] GC(286) Humongous regions: 0->0
[82.128s][info][gc,metaspace   ] GC(286) Metaspace: 16646K(17024K)->16646K(17024K) NonClass: 14222K(14400K)->14222K(14400K) Class: 2423K(2624K)->2423K(2624K)
[82.128s][info][gc             ] GC(286) Pause Young (Prepare Mixed) (G1 Evacuation Pause) 168M->13M(262M) 4.611ms
[82.128s][info][gc,cpu         ] GC(286) User=0.00s Sys=0.00s Real=0.02s
[82.160s][info][gc,start       ] GC(287) Pause Young (Mixed) (G1 Evacuation Pause)
[82.160s][info][gc,task        ] GC(287) Using 6 workers of 33 for evacuation
[82.162s][info][gc,phases      ] GC(287)   Pre Evacuate Collection Set: 0.1ms
[82.162s][info][gc,phases      ] GC(287)   Merge Heap Roots: 0.1ms
[82.162s][info][gc,phases      ] GC(287)   Evacuate Collection Set: 1.2ms
[82.162s][info][gc,phases      ] GC(287)   Post Evacuate Collection Set: 0.3ms
[82.162s][info][gc,phases      ] GC(287)   Other: 0.1ms
[82.162s][info][gc,heap        ] GC(287) Eden regions: 155->0(155)
[82.162s][info][gc,heap        ] GC(287) Survivor regions: 2->2(20)
[82.162s][info][gc,heap        ] GC(287) Old regions: 15->14
[82.162s][info][gc,heap        ] GC(287) Archive regions: 0->0
[82.162s][info][gc,heap        ] GC(287) Humongous regions: 0->0
[82.162s][info][gc,metaspace   ] GC(287) Metaspace: 16646K(17024K)->16646K(17024K) NonClass: 14222K(14400K)->14222K(14400K) Class: 2423K(2624K)->2423K(2624K)
[82.162s][info][gc             ] GC(287) Pause Young (Mixed) (G1 Evacuation Pause) 168M->13M(262M) 2.055ms
[82.162s][info][gc,cpu         ] GC(287) User=0.00s Sys=0.00s Real=0.00s
[82.186s][info][gc,start       ] GC(288) Pause Young (Concurrent Start) (G1 Evacuation Pause)
[82.186s][info][gc,task        ] GC(288) Using 6 workers of 33 for evacuation
[82.189s][info][gc,phases      ] GC(288)   Pre Evacuate Collection Set: 0.2ms
[82.189s][info][gc,phases      ] GC(288)   Merge Heap Roots: 0.1ms
[82.189s][info][gc,phases      ] GC(288)   Evacuate Collection Set: 1.1ms
[82.189s][info][gc,phases      ] GC(288)   Post Evacuate Collection Set: 2.0ms
[82.190s][info][gc,phases      ] GC(288)   Other: 0.1ms
[82.190s][info][gc,heap        ] GC(288) Eden regions: 155->0(299)
[82.190s][info][gc,heap        ] GC(288) Survivor regions: 2->2(20)
[82.190s][info][gc,heap        ] GC(288) Old regions: 14->14
[82.190s][info][gc,heap        ] GC(288) Archive regions: 0->0
[82.190s][info][gc,heap        ] GC(288) Humongous regions: 0->0
[82.190s][info][gc,metaspace   ] GC(288) Metaspace: 16646K(17024K)->16646K(17024K) NonClass: 14222K(14400K)->14222K(14400K) Class: 2423K(2624K)->2423K(2624K)
[82.190s][info][gc             ] GC(288) Pause Young (Concurrent Start) (G1 Evacuation Pause) 168M->13M(502M) 3.796ms
[82.190s][info][gc             ] GC(289) Concurrent Mark Cycle
[82.190s][info][gc,cpu         ] GC(288) User=0.00s Sys=0.00s Real=0.00s
[82.190s][info][gc,marking     ] GC(289) Concurrent Scan Root Regions
[82.192s][info][gc,marking     ] GC(289) Concurrent Scan Root Regions 2.170ms
[82.192s][info][gc,marking     ] GC(289) Concurrent Mark
[82.192s][info][gc,marking     ] GC(289) Concurrent Mark From Roots
[82.192s][info][gc,task        ] GC(289) Using 8 workers of 8 for marking
[82.210s][info][gc,marking     ] GC(289) Concurrent Mark From Roots 17.666ms
[82.210s][info][gc,marking     ] GC(289) Concurrent Preclean
[82.210s][info][gc,marking     ] GC(289) Concurrent Preclean 0.057ms
[82.210s][info][gc,start       ] GC(289) Pause Remark
[82.211s][info][gc             ] GC(289) Pause Remark 97M->97M(334M) 1.161ms
[82.211s][info][gc,cpu         ] GC(289) User=0.00s Sys=0.00s Real=0.00s
[82.212s][info][gc,marking     ] GC(289) Concurrent Mark 19.650ms
[82.212s][info][gc,marking     ] GC(289) Concurrent Rebuild Remembered Sets and Scrub Regions
[82.214s][info][gc,marking     ] GC(289) Concurrent Rebuild Remembered Sets and Scrub Regions 1.875ms
[82.214s][info][gc,start       ] GC(289) Pause Cleanup
[82.214s][info][gc             ] GC(289) Pause Cleanup 102M->102M(334M) 0.189ms
[82.214s][info][gc,cpu         ] GC(289) User=0.00s Sys=0.00s Real=0.00s
[82.214s][info][gc,marking     ] GC(289) Concurrent Clear Claimed Marks
[82.214s][info][gc,marking     ] GC(289) Concurrent Clear Claimed Marks 0.026ms
[82.214s][info][gc,marking     ] GC(289) Concurrent Cleanup for Next Mark
[82.216s][info][gc,marking     ] GC(289) Concurrent Cleanup for Next Mark 1.015ms
[82.216s][info][gc             ] GC(289) Concurrent Mark Cycle 25.879ms
[82.245s][info][gc,start       ] GC(290) Pause Young (Prepare Mixed) (G1 Evacuation Pause)
[82.245s][info][gc,task        ] GC(290) Using 8 workers of 33 for evacuation
[82.246s][info][gc,phases      ] GC(290)   Pre Evacuate Collection Set: 0.1ms
[82.246s][info][gc,phases      ] GC(290)   Merge Heap Roots: 0.1ms
[82.246s][info][gc,phases      ] GC(290)   Evacuate Collection Set: 0.7ms
[82.246s][info][gc,phases      ] GC(290)   Post Evacuate Collection Set: 0.3ms
[82.246s][info][gc,phases      ] GC(290)   Other: 0.1ms
[82.246s][info][gc,heap        ] GC(290) Eden regions: 198->0(198)
[82.246s][info][gc,heap        ] GC(290) Survivor regions: 2->2(25)
[82.246s][info][gc,heap        ] GC(290) Old regions: 14->14
[82.246s][info][gc,heap        ] GC(290) Archive regions: 0->0
[82.246s][info][gc,heap        ] GC(290) Humongous regions: 0->0
[82.246s][info][gc,metaspace   ] GC(290) Metaspace: 16646K(17024K)->16646K(17024K) NonClass: 14222K(14400K)->14222K(14400K) Class: 2423K(2624K)->2423K(2624K)
[82.246s][info][gc             ] GC(290) Pause Young (Prepare Mixed) (G1 Evacuation Pause) 211M->13M(334M) 1.492ms
[82.246s][info][gc,cpu         ] GC(290) User=0.00s Sys=0.00s Real=0.00s
[82.270s][info][gc,start       ] GC(291) Pause Young (Mixed) (G1 Evacuation Pause)
[82.271s][info][gc,task        ] GC(291) Using 8 workers of 33 for evacuation
[82.272s][info][gc,phases      ] GC(291)   Pre Evacuate Collection Set: 0.1ms
[82.272s][info][gc,phases      ] GC(291)   Merge Heap Roots: 0.1ms
[82.272s][info][gc,phases      ] GC(291)   Evacuate Collection Set: 0.8ms
[82.272s][info][gc,phases      ] GC(291)   Post Evacuate Collection Set: 0.3ms
[82.272s][info][gc,phases      ] GC(291)   Other: 0.1ms
[82.272s][info][gc,heap        ] GC(291) Eden regions: 198->0(198)
[82.272s][info][gc,heap        ] GC(291) Survivor regions: 2->2(25)
[82.272s][info][gc,heap        ] GC(291) Old regions: 14->14
[82.272s][info][gc,heap        ] GC(291) Archive regions: 0->0
[82.272s][info][gc,heap        ] GC(291) Humongous regions: 0->0
[82.272s][info][gc,metaspace   ] GC(291) Metaspace: 16646K(17024K)->16646K(17024K) NonClass: 14222K(14400K)->14222K(14400K) Class: 2423K(2624K)->2423K(2624K)
[82.272s][info][gc             ] GC(291) Pause Young (Mixed) (G1 Evacuation Pause) 211M->13M(334M) 1.582ms
[82.272s][info][gc,cpu         ] GC(291) User=0.00s Sys=0.00s Real=0.00s
[82.298s][info][gc,start       ] GC(292) Pause Young (Concurrent Start) (G1 Evacuation Pause)
[82.298s][info][gc,task        ] GC(292) Using 8 workers of 33 for evacuation
[82.299s][info][gc,phases      ] GC(292)   Pre Evacuate Collection Set: 0.2ms
[82.299s][info][gc,phases      ] GC(292)   Merge Heap Roots: 0.1ms
[82.299s][info][gc,phases      ] GC(292)   Evacuate Collection Set: 0.7ms
[82.299s][info][gc,phases      ] GC(292)   Post Evacuate Collection Set: 0.3ms
[82.299s][info][gc,phases      ] GC(292)   Other: 0.1ms
[82.299s][info][gc,heap        ] GC(292) Eden regions: 198->0(198)
[82.299s][info][gc,heap        ] GC(292) Survivor regions: 2->2(25)
[82.299s][info][gc,heap        ] GC(292) Old regions: 14->14
[82.299s][info][gc,heap        ] GC(292) Archive regions: 0->0
[82.299s][info][gc,heap        ] GC(292) Humongous regions: 0->0
[82.299s][info][gc,metaspace   ] GC(292) Metaspace: 16646K(17024K)->16646K(17024K) NonClass: 14222K(14400K)->14222K(14400K) Class: 2423K(2624K)->2423K(2624K)
[82.299s][info][gc             ] GC(292) Pause Young (Concurrent Start) (G1 Evacuation Pause) 211M->13M(334M) 1.604ms
[82.299s][info][gc             ] GC(293) Concurrent Mark Cycle
[82.299s][info][gc,cpu         ] GC(292) User=0.00s Sys=0.00s Real=0.00s
[82.299s][info][gc,marking     ] GC(293) Concurrent Scan Root Regions
[82.301s][info][gc,marking     ] GC(293) Concurrent Scan Root Regions 1.798ms
[82.301s][info][gc,marking     ] GC(293) Concurrent Mark
[82.301s][info][gc,marking     ] GC(293) Concurrent Mark From Roots
[82.301s][info][gc,task        ] GC(293) Using 8 workers of 8 for marking
[82.307s][info][gc,marking     ] GC(293) Concurrent Mark From Roots 5.494ms
[82.307s][info][gc,marking     ] GC(293) Concurrent Preclean
[82.307s][info][gc,marking     ] GC(293) Concurrent Preclean 0.081ms
[82.307s][info][gc,start       ] GC(293) Pause Remark
[82.308s][info][gc             ] GC(293) Pause Remark 73M->73M(254M) 0.969ms
[82.308s][info][gc,cpu         ] GC(293) User=0.00s Sys=0.00s Real=0.00s
[82.308s][info][gc,marking     ] GC(293) Concurrent Mark 6.976ms
[82.308s][info][gc,marking     ] GC(293) Concurrent Rebuild Remembered Sets and Scrub Regions
[82.311s][info][gc,marking     ] GC(293) Concurrent Rebuild Remembered Sets and Scrub Regions 2.325ms
[82.311s][info][gc,start       ] GC(293) Pause Cleanup
[82.311s][info][gc             ] GC(293) Pause Cleanup 94M->94M(254M) 0.109ms
[82.311s][info][gc,cpu         ] GC(293) User=0.00s Sys=0.00s Real=0.00s
[82.311s][info][gc,marking     ] GC(293) Concurrent Clear Claimed Marks
[82.311s][info][gc,marking     ] GC(293) Concurrent Clear Claimed Marks 0.033ms
[82.311s][info][gc,marking     ] GC(293) Concurrent Cleanup for Next Mark
[82.312s][info][gc,marking     ] GC(293) Concurrent Cleanup for Next Mark 0.529ms
[82.312s][info][gc             ] GC(293) Concurrent Mark Cycle 12.308ms
[82.328s][info][gc,start       ] GC(294) Pause Young (Prepare Mixed) (G1 Evacuation Pause)
[82.328s][info][gc,task        ] GC(294) Using 7 workers of 33 for evacuation
[82.329s][info][gc,phases      ] GC(294)   Pre Evacuate Collection Set: 0.1ms
[82.329s][info][gc,phases      ] GC(294)   Merge Heap Roots: 0.1ms
[82.329s][info][gc,phases      ] GC(294)   Evacuate Collection Set: 0.7ms
[82.329s][info][gc,phases      ] GC(294)   Post Evacuate Collection Set: 0.4ms
[82.329s][info][gc,phases      ] GC(294)   Other: 0.1ms
[82.329s][info][gc,heap        ] GC(294) Eden regions: 198->0(150)
[82.329s][info][gc,heap        ] GC(294) Survivor regions: 2->2(25)
[82.329s][info][gc,heap        ] GC(294) Old regions: 14->14
[82.329s][info][gc,heap        ] GC(294) Archive regions: 0->0
[82.329s][info][gc,heap        ] GC(294) Humongous regions: 0->0
[82.329s][info][gc,metaspace   ] GC(294) Metaspace: 16646K(17024K)->16646K(17024K) NonClass: 14222K(14400K)->14222K(14400K) Class: 2423K(2624K)->2423K(2624K)
[82.329s][info][gc             ] GC(294) Pause Young (Prepare Mixed) (G1 Evacuation Pause) 211M->13M(254M) 1.519ms
[82.329s][info][gc,cpu         ] GC(294) User=0.00s Sys=0.00s Real=0.00s
[82.350s][info][gc,start       ] GC(295) Pause Young (Mixed) (G1 Evacuation Pause)
[82.350s][info][gc,task        ] GC(295) Using 6 workers of 33 for evacuation
[82.352s][info][gc,phases      ] GC(295)   Pre Evacuate Collection Set: 0.1ms
[82.352s][info][gc,phases      ] GC(295)   Merge Heap Roots: 0.1ms
[82.352s][info][gc,phases      ] GC(295)   Evacuate Collection Set: 0.9ms
[82.352s][info][gc,phases      ] GC(295)   Post Evacuate Collection Set: 0.3ms
[82.352s][info][gc,phases      ] GC(295)   Other: 0.1ms
[82.352s][info][gc,heap        ] GC(295) Eden regions: 150->0(150)
[82.352s][info][gc,heap        ] GC(295) Survivor regions: 2->2(19)
[82.352s][info][gc,heap        ] GC(295) Old regions: 14->14
[82.352s][info][gc,heap        ] GC(295) Archive regions: 0->0
[82.352s][info][gc,heap        ] GC(295) Humongous regions: 0->0
[82.352s][info][gc,metaspace   ] GC(295) Metaspace: 16646K(17024K)->16646K(17024K) NonClass: 14222K(14400K)->14222K(14400K) Class: 2423K(2624K)->2423K(2624K)
[82.352s][info][gc             ] GC(295) Pause Young (Mixed) (G1 Evacuation Pause) 163M->13M(254M) 1.666ms
[82.352s][info][gc,cpu         ] GC(295) User=0.00s Sys=0.00s Real=0.00s
[82.370s][info][gc,start       ] GC(296) Pause Young (Concurrent Start) (G1 Humongous Allocation)
[82.370s][info][gc,task        ] GC(296) Using 6 workers of 33 for evacuation
[82.371s][info][gc,phases      ] GC(296)   Pre Evacuate Collection Set: 0.2ms
[82.371s][info][gc,phases      ] GC(296)   Merge Heap Roots: 0.1ms
[82.371s][info][gc,phases      ] GC(296)   Evacuate Collection Set: 0.3ms
[82.371s][info][gc,phases      ] GC(296)   Post Evacuate Collection Set: 0.3ms
[82.371s][info][gc,phases      ] GC(296)   Other: 0.1ms
[82.371s][info][gc,heap        ] GC(296) Eden regions: 137->0(151)
[82.371s][info][gc,heap        ] GC(296) Survivor regions: 2->1(19)
[82.371s][info][gc,heap        ] GC(296) Old regions: 14->14
[82.371s][info][gc,heap        ] GC(296) Archive regions: 0->0
[82.371s][info][gc,heap        ] GC(296) Humongous regions: 0->0
[82.371s][info][gc,metaspace   ] GC(296) Metaspace: 16646K(17024K)->16646K(17024K) NonClass: 14222K(14400K)->14222K(14400K) Class: 2423K(2624K)->2423K(2624K)
[82.371s][info][gc             ] GC(296) Pause Young (Concurrent Start) (G1 Humongous Allocation) 149M->12M(254M) 1.139ms
[82.371s][info][gc             ] GC(297) Concurrent Mark Cycle
[82.371s][info][gc,cpu         ] GC(296) User=0.00s Sys=0.00s Real=0.00s
[82.371s][info][gc,marking     ] GC(297) Concurrent Scan Root Regions
[82.371s][info][gc,marking     ] GC(297) Concurrent Scan Root Regions 0.216ms
[82.371s][info][gc,marking     ] GC(297) Concurrent Mark
[82.371s][info][gc,marking     ] GC(297) Concurrent Mark From Roots
[82.371s][info][gc,task        ] GC(297) Using 8 workers of 8 for marking
[82.374s][info][gc,marking     ] GC(297) Concurrent Mark From Roots 2.861ms
[82.374s][info][gc,marking     ] GC(297) Concurrent Preclean
[82.374s][info][gc,marking     ] GC(297) Concurrent Preclean 0.033ms
[82.374s][info][gc,start       ] GC(297) Pause Remark
[82.375s][info][gc             ] GC(297) Pause Remark 15M->15M(64M) 1.012ms
[82.376s][info][gc,cpu         ] GC(297) User=0.00s Sys=0.00s Real=0.00s
[82.376s][info][gc,marking     ] GC(297) Concurrent Mark 4.058ms
[82.376s][info][gc,marking     ] GC(297) Concurrent Rebuild Remembered Sets and Scrub Regions
[82.378s][info][gc,marking     ] GC(297) Concurrent Rebuild Remembered Sets and Scrub Regions 2.305ms
[82.378s][info][gc,start       ] GC(297) Pause Cleanup
[82.378s][info][gc             ] GC(297) Pause Cleanup 17M->17M(64M) 0.067ms
[82.378s][info][gc,cpu         ] GC(297) User=0.00s Sys=0.00s Real=0.00s
[82.378s][info][gc,marking     ] GC(297) Concurrent Clear Claimed Marks
[82.378s][info][gc,marking     ] GC(297) Concurrent Clear Claimed Marks 0.014ms
[82.378s][info][gc,marking     ] GC(297) Concurrent Cleanup for Next Mark
[82.378s][info][gc,marking     ] GC(297) Concurrent Cleanup for Next Mark 0.175ms
[82.378s][info][gc             ] GC(297) Concurrent Mark Cycle 7.044ms
[82.420s][info][gc,start       ] GC(298) Pause Young (Prepare Mixed) (G1 Evacuation Pause)
[82.420s][info][gc,task        ] GC(298) Using 4 workers of 33 for evacuation
[82.460s][info][gc,phases      ] GC(298)   Pre Evacuate Collection Set: 0.1ms
[82.460s][info][gc,phases      ] GC(298)   Merge Heap Roots: 0.1ms
[82.460s][info][gc,phases      ] GC(298)   Evacuate Collection Set: 35.1ms
[82.460s][info][gc,phases      ] GC(298)   Post Evacuate Collection Set: 5.0ms
[82.460s][info][gc,phases      ] GC(298)   Other: 0.1ms
[82.460s][info][gc,heap        ] GC(298) Eden regions: 48->0(245)
[82.460s][info][gc,heap        ] GC(298) Survivor regions: 1->19(19)
[82.461s][info][gc,heap        ] GC(298) Old regions: 14->27
[82.461s][info][gc,heap        ] GC(298) Archive regions: 0->0
[82.461s][info][gc,heap        ] GC(298) Humongous regions: 1->1
[82.461s][info][gc,metaspace   ] GC(298) Metaspace: 16646K(17024K)->16646K(17024K) NonClass: 14222K(14400K)->14222K(14400K) Class: 2423K(2624K)->2423K(2624K)
[82.461s][info][gc             ] GC(298) Pause Young (Prepare Mixed) (G1 Evacuation Pause) 61M->44M(560M) 40.953ms
[82.461s][info][gc,cpu         ] GC(298) User=0.19s Sys=0.00s Real=0.05s
[82.771s][info][gc,start       ] GC(299) Pause Young (Mixed) (G1 Evacuation Pause)
[82.771s][info][gc,task        ] GC(299) Using 13 workers of 33 for evacuation
[82.833s][info][gc,phases      ] GC(299)   Pre Evacuate Collection Set: 0.2ms
[82.833s][info][gc,phases      ] GC(299)   Merge Heap Roots: 0.2ms
[82.833s][info][gc,phases      ] GC(299)   Evacuate Collection Set: 60.7ms
[82.833s][info][gc,phases      ] GC(299)   Post Evacuate Collection Set: 0.6ms
[82.833s][info][gc,phases      ] GC(299)   Other: 0.1ms
[82.833s][info][gc,heap        ] GC(299) Eden regions: 245->0(156)
[82.833s][info][gc,heap        ] GC(299) Survivor regions: 19->33(33)
[82.833s][info][gc,heap        ] GC(299) Old regions: 27->171
[82.833s][info][gc,heap        ] GC(299) Archive regions: 0->0
[82.833s][info][gc,heap        ] GC(299) Humongous regions: 1->1
[82.833s][info][gc,metaspace   ] GC(299) Metaspace: 16646K(17024K)->16646K(17024K) NonClass: 14222K(14400K)->14222K(14400K) Class: 2423K(2624K)->2423K(2624K)
[82.833s][info][gc             ] GC(299) Pause Young (Mixed) (G1 Evacuation Pause) 289M->202M(560M) 62.077ms
[82.833s][info][gc,cpu         ] GC(299) User=0.78s Sys=0.03s Real=0.06s
[82.999s][info][gc,start       ] GC(300) Pause Young (Concurrent Start) (G1 Evacuation Pause)
[82.999s][info][gc,task        ] GC(300) Using 13 workers of 33 for evacuation
[83.055s][info][gc,phases      ] GC(300)   Pre Evacuate Collection Set: 0.3ms
[83.055s][info][gc,phases      ] GC(300)   Merge Heap Roots: 0.8ms
[83.055s][info][gc,phases      ] GC(300)   Evacuate Collection Set: 53.6ms
[83.055s][info][gc,phases      ] GC(300)   Post Evacuate Collection Set: 0.6ms
[83.055s][info][gc,phases      ] GC(300)   Other: 0.1ms
[83.055s][info][gc,heap        ] GC(300) Eden regions: 156->0(105)
[83.055s][info][gc,heap        ] GC(300) Survivor regions: 33->24(24)
[83.055s][info][gc,heap        ] GC(300) Old regions: 171->283
[83.055s][info][gc,heap        ] GC(300) Archive regions: 0->0
[83.055s][info][gc,heap        ] GC(300) Humongous regions: 1->1
[83.055s][info][gc,metaspace   ] GC(300) Metaspace: 16646K(17024K)->16646K(17024K) NonClass: 14222K(14400K)->14222K(14400K) Class: 2423K(2624K)->2423K(2624K)
[83.055s][info][gc             ] GC(300) Pause Young (Concurrent Start) (G1 Evacuation Pause) 358M->306M(560M) 55.756ms
[83.055s][info][gc             ] GC(301) Concurrent Mark Cycle
[83.055s][info][gc,cpu         ] GC(300) User=0.61s Sys=0.02s Real=0.06s
[83.055s][info][gc,marking     ] GC(301) Concurrent Scan Root Regions
[83.069s][info][gc,marking     ] GC(301) Concurrent Scan Root Regions 13.640ms
[83.069s][info][gc,marking     ] GC(301) Concurrent Mark
[83.069s][info][gc,marking     ] GC(301) Concurrent Mark From Roots
[83.069s][info][gc,task        ] GC(301) Using 8 workers of 8 for marking
[83.119s][info][gc,marking     ] GC(301) Concurrent Mark From Roots 50.507ms
[83.119s][info][gc,marking     ] GC(301) Concurrent Preclean
[83.119s][info][gc,marking     ] GC(301) Concurrent Preclean 0.099ms
[83.120s][info][gc,start       ] GC(301) Pause Remark
[83.121s][info][gc             ] GC(301) Pause Remark 355M->355M(595M) 1.572ms
[83.121s][info][gc,cpu         ] GC(301) User=0.00s Sys=0.00s Real=0.00s
[83.121s][info][gc,marking     ] GC(301) Concurrent Mark 52.527ms
[83.121s][info][gc,marking     ] GC(301) Concurrent Rebuild Remembered Sets and Scrub Regions
[83.213s][info][gc,start       ] GC(302) Pause Young (Normal) (G1 Evacuation Pause)
[83.213s][info][gc,task        ] GC(302) Using 14 workers of 33 for evacuation
[83.253s][info][gc,phases      ] GC(302)   Pre Evacuate Collection Set: 0.1ms
[83.253s][info][gc,phases      ] GC(302)   Merge Heap Roots: 0.7ms
[83.253s][info][gc,phases      ] GC(302)   Evacuate Collection Set: 39.0ms
[83.254s][info][gc,phases      ] GC(302)   Post Evacuate Collection Set: 0.8ms
[83.254s][info][gc,phases      ] GC(302)   Other: 0.1ms
[83.254s][info][gc,heap        ] GC(302) Eden regions: 105->0(86)
[83.254s][info][gc,heap        ] GC(302) Survivor regions: 24->17(17)
[83.254s][info][gc,heap        ] GC(302) Old regions: 283->363
[83.254s][info][gc,heap        ] GC(302) Archive regions: 0->0
[83.254s][info][gc,heap        ] GC(302) Humongous regions: 1->1
[83.254s][info][gc,metaspace   ] GC(302) Metaspace: 16646K(17024K)->16646K(17024K) NonClass: 14222K(14400K)->14222K(14400K) Class: 2423K(2624K)->2423K(2624K)
[83.254s][info][gc             ] GC(302) Pause Young (Normal) (G1 Evacuation Pause) 411M->378M(595M) 41.129ms
[83.254s][info][gc,cpu         ] GC(302) User=0.66s Sys=0.00s Real=0.05s
[83.265s][info][gc,marking     ] GC(301) Concurrent Rebuild Remembered Sets and Scrub Regions 144.084ms
[83.266s][info][gc,start       ] GC(301) Pause Cleanup
[83.266s][info][gc             ] GC(301) Pause Cleanup 385M->385M(595M) 0.216ms
[83.266s][info][gc,cpu         ] GC(301) User=0.00s Sys=0.00s Real=0.00s
[83.266s][info][gc,marking     ] GC(301) Concurrent Clear Claimed Marks
[83.266s][info][gc,marking     ] GC(301) Concurrent Clear Claimed Marks 0.040ms
[83.266s][info][gc,marking     ] GC(301) Concurrent Cleanup for Next Mark
[83.267s][info][gc,marking     ] GC(301) Concurrent Cleanup for Next Mark 1.276ms
[83.267s][info][gc             ] GC(301) Concurrent Mark Cycle 212.158ms
[83.358s][info][gc,start       ] GC(303) Pause Young (Prepare Mixed) (G1 Evacuation Pause)
[83.358s][info][gc,task        ] GC(303) Using 14 workers of 33 for evacuation
[83.404s][info][gc,phases      ] GC(303)   Pre Evacuate Collection Set: 0.1ms
[83.404s][info][gc,phases      ] GC(303)   Merge Heap Roots: 1.4ms
[83.404s][info][gc,phases      ] GC(303)   Evacuate Collection Set: 43.8ms
[83.404s][info][gc,phases      ] GC(303)   Post Evacuate Collection Set: 0.3ms
[83.404s][info][gc,phases      ] GC(303)   Other: 0.1ms
[83.404s][info][gc,heap        ] GC(303) Eden regions: 86->0(61)
[83.404s][info][gc,heap        ] GC(303) Survivor regions: 17->13(13)
[83.404s][info][gc,heap        ] GC(303) Old regions: 363->426
[83.404s][info][gc,heap        ] GC(303) Archive regions: 0->0
[83.404s][info][gc,heap        ] GC(303) Humongous regions: 1->1
[83.404s][info][gc,metaspace   ] GC(303) Metaspace: 16646K(17024K)->16646K(17024K) NonClass: 14222K(14400K)->14222K(14400K) Class: 2423K(2624K)->2423K(2624K)
[83.404s][info][gc             ] GC(303) Pause Young (Prepare Mixed) (G1 Evacuation Pause) 464M->438M(595M) 46.150ms
[83.404s][info][gc,cpu         ] GC(303) User=0.66s Sys=0.00s Real=0.05s
[83.549s][info][gc,start       ] GC(304) Pause Young (Mixed) (G1 Evacuation Pause)
[83.551s][info][gc,task        ] GC(304) Using 14 workers of 33 for evacuation
[83.582s][info][gc,phases      ] GC(304)   Pre Evacuate Collection Set: 0.2ms
[83.582s][info][gc,phases      ] GC(304)   Merge Heap Roots: 1.6ms
[83.582s][info][gc,phases      ] GC(304)   Evacuate Collection Set: 28.9ms
[83.582s][info][gc,phases      ] GC(304)   Post Evacuate Collection Set: 0.3ms
[83.583s][info][gc,phases      ] GC(304)   Other: 0.2ms
[83.583s][info][gc,heap        ] GC(304) Eden regions: 61->0(55)
[83.583s][info][gc,heap        ] GC(304) Survivor regions: 13->10(10)
[83.583s][info][gc,heap        ] GC(304) Old regions: 426->452
[83.583s][info][gc,heap        ] GC(304) Archive regions: 0->0
[83.583s][info][gc,heap        ] GC(304) Humongous regions: 2->2
[83.583s][info][gc,metaspace   ] GC(304) Metaspace: 16646K(17024K)->16646K(17024K) NonClass: 14222K(14400K)->14222K(14400K) Class: 2423K(2624K)->2423K(2624K)
[83.583s][info][gc             ] GC(304) Pause Young (Mixed) (G1 Evacuation Pause) 500M->461M(595M) 33.357ms
[83.583s][info][gc,cpu         ] GC(304) User=0.44s Sys=0.00s Real=0.03s
[83.835s][info][gc,start       ] GC(305) Pause Young (Concurrent Start) (G1 Evacuation Pause)
[83.835s][info][gc,task        ] GC(305) Using 14 workers of 33 for evacuation
[83.863s][info][gc,phases      ] GC(305)   Pre Evacuate Collection Set: 0.3ms
[83.863s][info][gc,phases      ] GC(305)   Merge Heap Roots: 2.3ms
[83.863s][info][gc,phases      ] GC(305)   Evacuate Collection Set: 24.6ms
[83.863s][info][gc,phases      ] GC(305)   Post Evacuate Collection Set: 1.3ms
[83.864s][info][gc,phases      ] GC(305)   Other: 0.1ms
[83.864s][info][gc,heap        ] GC(305) Eden regions: 55->0(120)
[83.864s][info][gc,heap        ] GC(305) Survivor regions: 10->5(9)
[83.864s][info][gc,heap        ] GC(305) Old regions: 452->464
[83.864s][info][gc,heap        ] GC(305) Archive regions: 0->0
[83.864s][info][gc,heap        ] GC(305) Humongous regions: 2->2
[83.864s][info][gc,metaspace   ] GC(305) Metaspace: 16646K(17024K)->16646K(17024K) NonClass: 14222K(14400K)->14222K(14400K) Class: 2423K(2624K)->2423K(2624K)
[83.864s][info][gc             ] GC(305) Pause Young (Concurrent Start) (G1 Evacuation Pause) 516M->469M(736M) 28.980ms
[83.864s][info][gc             ] GC(306) Concurrent Mark Cycle
[83.864s][info][gc,cpu         ] GC(305) User=0.44s Sys=0.00s Real=0.03s
[83.864s][info][gc,marking     ] GC(306) Concurrent Scan Root Regions
[83.868s][info][gc,marking     ] GC(306) Concurrent Scan Root Regions 4.080ms
[83.868s][info][gc,marking     ] GC(306) Concurrent Mark
[83.868s][info][gc,marking     ] GC(306) Concurrent Mark From Roots
[83.868s][info][gc,task        ] GC(306) Using 8 workers of 8 for marking
[83.900s][info][gc,marking     ] GC(306) Concurrent Mark From Roots 32.446ms
[83.900s][info][gc,marking     ] GC(306) Concurrent Preclean
[83.900s][info][gc,marking     ] GC(306) Concurrent Preclean 0.057ms
[83.901s][info][gc,start       ] GC(306) Pause Remark
[83.902s][info][gc             ] GC(306) Pause Remark 470M->432M(736M) 0.991ms
[83.902s][info][gc,cpu         ] GC(306) User=0.00s Sys=0.00s Real=0.00s
[83.902s][info][gc,marking     ] GC(306) Concurrent Mark 33.727ms
[83.902s][info][gc,marking     ] GC(306) Concurrent Rebuild Remembered Sets and Scrub Regions
[83.935s][info][gc,marking     ] GC(306) Concurrent Rebuild Remembered Sets and Scrub Regions 32.902ms
[83.935s][info][gc,start       ] GC(306) Pause Cleanup
[83.935s][info][gc             ] GC(306) Pause Cleanup 433M->433M(736M) 0.346ms
[83.935s][info][gc,cpu         ] GC(306) User=0.00s Sys=0.00s Real=0.00s
[83.935s][info][gc,marking     ] GC(306) Concurrent Clear Claimed Marks
[83.935s][info][gc,marking     ] GC(306) Concurrent Clear Claimed Marks 0.021ms
[83.935s][info][gc,marking     ] GC(306) Concurrent Cleanup for Next Mark
[83.936s][info][gc,marking     ] GC(306) Concurrent Cleanup for Next Mark 0.754ms
[83.936s][info][gc             ] GC(306) Concurrent Mark Cycle 72.162ms
[91.515s][info][gc,start       ] GC(307) Pause Young (Prepare Mixed) (G1 Evacuation Pause)
[91.515s][info][gc,task        ] GC(307) Using 17 workers of 33 for evacuation
[91.532s][info][gc,phases      ] GC(307)   Pre Evacuate Collection Set: 0.2ms
[91.532s][info][gc,phases      ] GC(307)   Merge Heap Roots: 0.3ms
[91.532s][info][gc,phases      ] GC(307)   Evacuate Collection Set: 15.2ms
[91.532s][info][gc,phases      ] GC(307)   Post Evacuate Collection Set: 0.7ms
[91.532s][info][gc,phases      ] GC(307)   Other: 0.2ms
[91.532s][info][gc,heap        ] GC(307) Eden regions: 120->0(137)
[91.532s][info][gc,heap        ] GC(307) Survivor regions: 5->16(16)
[91.532s][info][gc,heap        ] GC(307) Old regions: 427->439
[91.532s][info][gc,heap        ] GC(307) Archive regions: 0->0
[91.532s][info][gc,heap        ] GC(307) Humongous regions: 1->1
[91.532s][info][gc,metaspace   ] GC(307) Metaspace: 16646K(17024K)->16646K(17024K) NonClass: 14222K(14400K)->14222K(14400K) Class: 2423K(2624K)->2423K(2624K)
[91.532s][info][gc             ] GC(307) Pause Young (Prepare Mixed) (G1 Evacuation Pause) 551M->454M(736M) 17.104ms
[91.532s][info][gc,cpu         ] GC(307) User=0.23s Sys=0.03s Real=0.02s
[91.653s][info][gc,start       ] GC(308) Pause Young (Mixed) (G1 Evacuation Pause)
[91.653s][info][gc,task        ] GC(308) Using 17 workers of 33 for evacuation
[91.684s][info][gc,phases      ] GC(308)   Pre Evacuate Collection Set: 0.2ms
[91.684s][info][gc,phases      ] GC(308)   Merge Heap Roots: 0.3ms
[91.684s][info][gc,phases      ] GC(308)   Evacuate Collection Set: 29.9ms
[91.684s][info][gc,phases      ] GC(308)   Post Evacuate Collection Set: 0.4ms
[91.684s][info][gc,phases      ] GC(308)   Other: 0.2ms
[91.684s][info][gc,heap        ] GC(308) Eden regions: 137->0(140)
[91.684s][info][gc,heap        ] GC(308) Survivor regions: 16->20(20)
[91.684s][info][gc,heap        ] GC(308) Old regions: 439->425
[91.684s][info][gc,heap        ] GC(308) Archive regions: 0->0
[91.684s][info][gc,heap        ] GC(308) Humongous regions: 1->1
[91.684s][info][gc,metaspace   ] GC(308) Metaspace: 16646K(17024K)->16646K(17024K) NonClass: 14222K(14400K)->14222K(14400K) Class: 2423K(2624K)->2423K(2624K)
[91.684s][info][gc             ] GC(308) Pause Young (Mixed) (G1 Evacuation Pause) 591M->443M(736M) 31.528ms
[91.684s][info][gc,cpu         ] GC(308) User=0.53s Sys=0.00s Real=0.03s
[91.807s][info][gc,start       ] GC(309) Pause Young (Mixed) (G1 Evacuation Pause)
[91.807s][info][gc,task        ] GC(309) Using 17 workers of 33 for evacuation
[91.840s][info][gc,phases      ] GC(309)   Pre Evacuate Collection Set: 0.2ms
[91.840s][info][gc,phases      ] GC(309)   Merge Heap Roots: 0.2ms
[91.840s][info][gc,phases      ] GC(309)   Evacuate Collection Set: 31.9ms
[91.840s][info][gc,phases      ] GC(309)   Post Evacuate Collection Set: 0.4ms
[91.840s][info][gc,phases      ] GC(309)   Other: 0.2ms
[91.840s][info][gc,heap        ] GC(309) Eden regions: 140->0(145)
[91.840s][info][gc,heap        ] GC(309) Survivor regions: 20->20(20)
[91.840s][info][gc,heap        ] GC(309) Old regions: 425->415
[91.840s][info][gc,heap        ] GC(309) Archive regions: 0->0
[91.840s][info][gc,heap        ] GC(309) Humongous regions: 1->1
[91.840s][info][gc,metaspace   ] GC(309) Metaspace: 16646K(17024K)->16646K(17024K) NonClass: 14222K(14400K)->14222K(14400K) Class: 2423K(2624K)->2423K(2624K)
[91.840s][info][gc             ] GC(309) Pause Young (Mixed) (G1 Evacuation Pause) 583M->434M(736M) 33.282ms
[91.840s][info][gc,cpu         ] GC(309) User=0.53s Sys=0.00s Real=0.03s
[91.968s][info][gc,start       ] GC(310) Pause Young (Mixed) (G1 Evacuation Pause)
[91.968s][info][gc,task        ] GC(310) Using 17 workers of 33 for evacuation
[92.004s][info][gc,phases      ] GC(310)   Pre Evacuate Collection Set: 0.2ms
[92.004s][info][gc,phases      ] GC(310)   Merge Heap Roots: 0.2ms
[92.004s][info][gc,phases      ] GC(310)   Evacuate Collection Set: 34.6ms
[92.004s][info][gc,phases      ] GC(310)   Post Evacuate Collection Set: 0.4ms
[92.004s][info][gc,phases      ] GC(310)   Other: 0.2ms
[92.004s][info][gc,heap        ] GC(310) Eden regions: 145->0(147)
[92.004s][info][gc,heap        ] GC(310) Survivor regions: 20->21(21)
[92.004s][info][gc,heap        ] GC(310) Old regions: 415->410
[92.004s][info][gc,heap        ] GC(310) Archive regions: 0->0
[92.004s][info][gc,heap        ] GC(310) Humongous regions: 1->1
[92.004s][info][gc,metaspace   ] GC(310) Metaspace: 16646K(17024K)->16646K(17024K) NonClass: 14222K(14400K)->14222K(14400K) Class: 2423K(2624K)->2423K(2624K)
[92.004s][info][gc             ] GC(310) Pause Young (Mixed) (G1 Evacuation Pause) 579M->430M(736M) 36.127ms
[92.004s][info][gc,cpu         ] GC(310) User=0.53s Sys=0.00s Real=0.03s
[92.136s][info][gc,start       ] GC(311) Pause Young (Mixed) (G1 Evacuation Pause)
[92.136s][info][gc,task        ] GC(311) Using 17 workers of 33 for evacuation
[92.169s][info][gc,phases      ] GC(311)   Pre Evacuate Collection Set: 0.2ms
[92.169s][info][gc,phases      ] GC(311)   Merge Heap Roots: 0.2ms
[92.169s][info][gc,phases      ] GC(311)   Evacuate Collection Set: 32.1ms
[92.169s][info][gc,phases      ] GC(311)   Post Evacuate Collection Set: 0.3ms
[92.169s][info][gc,phases      ] GC(311)   Other: 0.1ms
[92.169s][info][gc,heap        ] GC(311) Eden regions: 147->0(148)
[92.169s][info][gc,heap        ] GC(311) Survivor regions: 21->21(21)
[92.169s][info][gc,heap        ] GC(311) Old regions: 410->408
[92.169s][info][gc,heap        ] GC(311) Archive regions: 0->0
[92.169s][info][gc,heap        ] GC(311) Humongous regions: 1->1
[92.169s][info][gc,metaspace   ] GC(311) Metaspace: 16646K(17024K)->16646K(17024K) NonClass: 14222K(14400K)->14222K(14400K) Class: 2423K(2624K)->2423K(2624K)
[92.169s][info][gc             ] GC(311) Pause Young (Mixed) (G1 Evacuation Pause) 577M->428M(736M) 33.222ms
[92.169s][info][gc,cpu         ] GC(311) User=0.53s Sys=0.00s Real=0.03s
[92.303s][info][gc,start       ] GC(312) Pause Young (Mixed) (G1 Evacuation Pause)
[92.316s][info][gc,task        ] GC(312) Using 17 workers of 33 for evacuation
[92.352s][info][gc,phases      ] GC(312)   Pre Evacuate Collection Set: 0.1ms
[92.352s][info][gc,phases      ] GC(312)   Merge Heap Roots: 0.2ms
[92.352s][info][gc,phases      ] GC(312)   Evacuate Collection Set: 34.5ms
[92.352s][info][gc,phases      ] GC(312)   Post Evacuate Collection Set: 1.0ms
[92.352s][info][gc,phases      ] GC(312)   Other: 0.2ms
[92.352s][info][gc,heap        ] GC(312) Eden regions: 148->0(159)
[92.352s][info][gc,heap        ] GC(312) Survivor regions: 21->22(22)
[92.352s][info][gc,heap        ] GC(312) Old regions: 408->451
[92.352s][info][gc,heap        ] GC(312) Archive regions: 0->0
[92.352s][info][gc,heap        ] GC(312) Humongous regions: 1->1
[92.352s][info][gc,metaspace   ] GC(312) Metaspace: 16646K(17024K)->16646K(17024K) NonClass: 14222K(14400K)->14222K(14400K) Class: 2423K(2624K)->2423K(2624K)
[92.352s][info][gc             ] GC(312) Pause Young (Mixed) (G1 Evacuation Pause) 576M->471M(800M) 49.394ms
[92.352s][info][gc,cpu         ] GC(312) User=0.80s Sys=0.00s Real=0.06s
[92.519s][info][gc,start       ] GC(313) Pause Young (Concurrent Start) (G1 Evacuation Pause)
[92.519s][info][gc,task        ] GC(313) Using 19 workers of 33 for evacuation
[92.553s][info][gc,phases      ] GC(313)   Pre Evacuate Collection Set: 0.3ms
[92.553s][info][gc,phases      ] GC(313)   Merge Heap Roots: 0.2ms
[92.553s][info][gc,phases      ] GC(313)   Evacuate Collection Set: 33.1ms
[92.553s][info][gc,phases      ] GC(313)   Post Evacuate Collection Set: 0.4ms
[92.553s][info][gc,phases      ] GC(313)   Other: 0.2ms
[92.553s][info][gc,heap        ] GC(313) Eden regions: 159->0(123)
[92.553s][info][gc,heap        ] GC(313) Survivor regions: 22->23(23)
[92.553s][info][gc,heap        ] GC(313) Old regions: 451->523
[92.553s][info][gc,heap        ] GC(313) Archive regions: 0->0
[92.554s][info][gc,heap        ] GC(313) Humongous regions: 1->1
[92.554s][info][gc,metaspace   ] GC(313) Metaspace: 16646K(17024K)->16646K(17024K) NonClass: 14222K(14400K)->14222K(14400K) Class: 2423K(2624K)->2423K(2624K)
[92.554s][info][gc             ] GC(313) Pause Young (Concurrent Start) (G1 Evacuation Pause) 630M->545M(800M) 34.741ms
[92.554s][info][gc             ] GC(314) Concurrent Mark Cycle
[92.554s][info][gc,cpu         ] GC(313) User=0.59s Sys=0.00s Real=0.03s
[92.554s][info][gc,marking     ] GC(314) Concurrent Scan Root Regions
[92.565s][info][gc,marking     ] GC(314) Concurrent Scan Root Regions 11.263ms
[92.565s][info][gc,marking     ] GC(314) Concurrent Mark
[92.565s][info][gc,marking     ] GC(314) Concurrent Mark From Roots
[92.565s][info][gc,task        ] GC(314) Using 8 workers of 8 for marking
[92.658s][info][gc,marking     ] GC(314) Concurrent Mark From Roots 93.021ms
[92.658s][info][gc,marking     ] GC(314) Concurrent Preclean
[92.658s][info][gc,marking     ] GC(314) Concurrent Preclean 0.098ms
[92.658s][info][gc,start       ] GC(314) Pause Remark
[92.660s][info][gc             ] GC(314) Pause Remark 615M->525M(879M) 1.619ms
[92.660s][info][gc,cpu         ] GC(314) User=0.00s Sys=0.00s Real=0.00s
[92.660s][info][gc,marking     ] GC(314) Concurrent Mark 94.998ms
[92.660s][info][gc,marking     ] GC(314) Concurrent Rebuild Remembered Sets and Scrub Regions
[92.829s][info][gc,marking     ] GC(314) Concurrent Rebuild Remembered Sets and Scrub Regions 169.120ms
[92.829s][info][gc,start       ] GC(314) Pause Cleanup
[92.830s][info][gc             ] GC(314) Pause Cleanup 539M->539M(879M) 0.354ms
[92.830s][info][gc,cpu         ] GC(314) User=0.00s Sys=0.00s Real=0.00s
[92.830s][info][gc,marking     ] GC(314) Concurrent Clear Claimed Marks
[92.830s][info][gc,marking     ] GC(314) Concurrent Clear Claimed Marks 0.041ms
[92.830s][info][gc,marking     ] GC(314) Concurrent Cleanup for Next Mark
[92.831s][info][gc,marking     ] GC(314) Concurrent Cleanup for Next Mark 0.849ms
[92.831s][info][gc             ] GC(314) Concurrent Mark Cycle 277.008ms
[93.305s][info][gc,start       ] GC(315) Pause Young (Prepare Mixed) (G1 Evacuation Pause)
[93.305s][info][gc,task        ] GC(315) Using 21 workers of 33 for evacuation
[93.365s][info][gc,phases      ] GC(315)   Pre Evacuate Collection Set: 0.1ms
[93.365s][info][gc,phases      ] GC(315)   Merge Heap Roots: 1.7ms
[93.365s][info][gc,phases      ] GC(315)   Evacuate Collection Set: 57.4ms
[93.365s][info][gc,phases      ] GC(315)   Post Evacuate Collection Set: 0.9ms
[93.365s][info][gc,phases      ] GC(315)   Other: 0.2ms
[93.365s][info][gc,heap        ] GC(315) Eden regions: 123->0(161)
[93.365s][info][gc,heap        ] GC(315) Survivor regions: 23->19(19)
[93.366s][info][gc,heap        ] GC(315) Old regions: 434->514
[93.366s][info][gc,heap        ] GC(315) Archive regions: 0->0
[93.366s][info][gc,heap        ] GC(315) Humongous regions: 3->3
[93.366s][info][gc,metaspace   ] GC(315) Metaspace: 16646K(17024K)->16646K(17024K) NonClass: 14222K(14400K)->14222K(14400K) Class: 2423K(2624K)->2423K(2624K)
[93.366s][info][gc             ] GC(315) Pause Young (Prepare Mixed) (G1 Evacuation Pause) 581M->533M(879M) 60.998ms
[93.366s][info][gc,cpu         ] GC(315) User=1.00s Sys=0.00s Real=0.06s
[94.000s][info][gc,start       ] GC(316) Pause Young (Mixed) (G1 Evacuation Pause)
[94.000s][info][gc,task        ] GC(316) Using 21 workers of 33 for evacuation
[94.037s][info][gc,phases      ] GC(316)   Pre Evacuate Collection Set: 0.2ms
[94.037s][info][gc,phases      ] GC(316)   Merge Heap Roots: 1.3ms
[94.037s][info][gc,phases      ] GC(316)   Evacuate Collection Set: 35.0ms
[94.037s][info][gc,phases      ] GC(316)   Post Evacuate Collection Set: 0.6ms
[94.037s][info][gc,phases      ] GC(316)   Other: 0.1ms
[94.037s][info][gc,heap        ] GC(316) Eden regions: 161->0(174)
[94.037s][info][gc,heap        ] GC(316) Survivor regions: 19->9(23)
[94.037s][info][gc,heap        ] GC(316) Old regions: 514->522
[94.037s][info][gc,heap        ] GC(316) Archive regions: 0->0
[94.037s][info][gc,heap        ] GC(316) Humongous regions: 6->6
[94.037s][info][gc,metaspace   ] GC(316) Metaspace: 16646K(17024K)->16646K(17024K) NonClass: 14222K(14400K)->14222K(14400K) Class: 2423K(2624K)->2423K(2624K)
[94.037s][info][gc             ] GC(316) Pause Young (Mixed) (G1 Evacuation Pause) 697M->534M(879M) 37.489ms
[94.037s][info][gc,cpu         ] GC(316) User=0.66s Sys=0.00s Real=0.03s
[94.364s][info][gc,start       ] GC(317) Pause Young (Concurrent Start) (G1 Evacuation Pause)
[94.364s][info][gc,task        ] GC(317) Using 21 workers of 33 for evacuation
[94.380s][info][gc,phases      ] GC(317)   Pre Evacuate Collection Set: 0.3ms
[94.380s][info][gc,phases      ] GC(317)   Merge Heap Roots: 0.5ms
[94.380s][info][gc,phases      ] GC(317)   Evacuate Collection Set: 14.6ms
[94.380s][info][gc,phases      ] GC(317)   Post Evacuate Collection Set: 0.6ms
[94.381s][info][gc,phases      ] GC(317)   Other: 0.1ms
[94.381s][info][gc,heap        ] GC(317) Eden regions: 174->0(194)
[94.381s][info][gc,heap        ] GC(317) Survivor regions: 9->6(23)
[94.381s][info][gc,heap        ] GC(317) Old regions: 522->522
[94.381s][info][gc,heap        ] GC(317) Archive regions: 0->0
[94.381s][info][gc,heap        ] GC(317) Humongous regions: 6->6
[94.381s][info][gc,metaspace   ] GC(317) Metaspace: 16646K(17024K)->16646K(17024K) NonClass: 14222K(14400K)->14222K(14400K) Class: 2423K(2624K)->2423K(2624K)
[94.381s][info][gc             ] GC(317) Pause Young (Concurrent Start) (G1 Evacuation Pause) 708M->531M(879M) 16.552ms
[94.381s][info][gc             ] GC(318) Concurrent Mark Cycle
[94.381s][info][gc,cpu         ] GC(317) User=0.25s Sys=0.00s Real=0.02s
[94.381s][info][gc,marking     ] GC(318) Concurrent Scan Root Regions
[94.386s][info][gc,marking     ] GC(318) Concurrent Scan Root Regions 5.710ms
[94.387s][info][gc,marking     ] GC(318) Concurrent Mark
[94.387s][info][gc,marking     ] GC(318) Concurrent Mark From Roots
[94.387s][info][gc,task        ] GC(318) Using 8 workers of 8 for marking
[94.514s][info][gc,marking     ] GC(318) Concurrent Mark From Roots 127.003ms
[94.514s][info][gc,marking     ] GC(318) Concurrent Preclean
[94.514s][info][gc,marking     ] GC(318) Concurrent Preclean 0.113ms
[94.514s][info][gc,start       ] GC(318) Pause Remark
[94.515s][info][gc             ] GC(318) Pause Remark 590M->587M(984M) 1.581ms
[94.515s][info][gc,cpu         ] GC(318) User=0.00s Sys=0.00s Real=0.00s
[94.516s][info][gc,marking     ] GC(318) Concurrent Mark 129.000ms
[94.516s][info][gc,marking     ] GC(318) Concurrent Rebuild Remembered Sets and Scrub Regions
[94.699s][info][gc,marking     ] GC(318) Concurrent Rebuild Remembered Sets and Scrub Regions 183.757ms
[94.699s][info][gc,start       ] GC(318) Pause Cleanup
[94.700s][info][gc             ] GC(318) Pause Cleanup 671M->671M(984M) 0.577ms
[94.700s][info][gc,cpu         ] GC(318) User=0.00s Sys=0.00s Real=0.00s
[94.700s][info][gc,marking     ] GC(318) Concurrent Clear Claimed Marks
[94.700s][info][gc,marking     ] GC(318) Concurrent Clear Claimed Marks 0.044ms
[94.700s][info][gc,marking     ] GC(318) Concurrent Cleanup for Next Mark
[94.701s][info][gc,marking     ] GC(318) Concurrent Cleanup for Next Mark 0.923ms
[94.701s][info][gc             ] GC(318) Concurrent Mark Cycle 320.466ms
[94.985s][info][gc,start       ] GC(319) Pause Young (Prepare Mixed) (G1 Evacuation Pause)
[94.985s][info][gc,task        ] GC(319) Using 23 workers of 33 for evacuation
[94.995s][info][gc,phases      ] GC(319)   Pre Evacuate Collection Set: 0.2ms
[94.996s][info][gc,phases      ] GC(319)   Merge Heap Roots: 0.5ms
[94.996s][info][gc,phases      ] GC(319)   Evacuate Collection Set: 8.9ms
[94.996s][info][gc,phases      ] GC(319)   Post Evacuate Collection Set: 0.7ms
[94.996s][info][gc,phases      ] GC(319)   Other: 0.2ms
[94.996s][info][gc,heap        ] GC(319) Eden regions: 194->0(282)
[94.996s][info][gc,heap        ] GC(319) Survivor regions: 6->4(25)
[94.996s][info][gc,heap        ] GC(319) Old regions: 522->522
[94.996s][info][gc,heap        ] GC(319) Archive regions: 0->0
[94.996s][info][gc,heap        ] GC(319) Humongous regions: 3->3
[94.996s][info][gc,metaspace   ] GC(319) Metaspace: 16646K(17024K)->16646K(17024K) NonClass: 14222K(14400K)->14222K(14400K) Class: 2423K(2624K)->2423K(2624K)
[94.996s][info][gc             ] GC(319) Pause Young (Prepare Mixed) (G1 Evacuation Pause) 722M->526M(984M) 10.915ms
[94.996s][info][gc,cpu         ] GC(319) User=0.00s Sys=0.00s Real=0.00s
[96.404s][info][gc,start       ] GC(320) Pause Full (System.gc())
[96.404s][info][gc,task        ] GC(320) Using 23 workers of 33 for full compaction
[96.406s][info][gc,phases,start] GC(320) Phase 1: Mark live objects
[96.415s][info][gc,phases      ] GC(320) Phase 1: Mark live objects 9.447ms
[96.415s][info][gc,phases,start] GC(320) Phase 2: Prepare compaction
[96.417s][info][gc,phases      ] GC(320) Phase 2: Prepare compaction 1.579ms
[96.417s][info][gc,phases,start] GC(320) Phase 3: Adjust pointers
[96.421s][info][gc,phases      ] GC(320) Phase 3: Adjust pointers 4.544ms
[96.421s][info][gc,phases,start] GC(320) Phase 4: Compact heap
[96.422s][info][gc,phases      ] GC(320) Phase 4: Compact heap 0.723ms
[96.429s][info][gc,heap        ] GC(320) Eden regions: 78->0(30)
[96.429s][info][gc,heap        ] GC(320) Survivor regions: 4->0(25)
[96.429s][info][gc,heap        ] GC(320) Old regions: 522->23
[96.429s][info][gc,heap        ] GC(320) Archive regions: 0->0
[96.429s][info][gc,heap        ] GC(320) Humongous regions: 3->0
[96.429s][info][gc,metaspace   ] GC(320) Metaspace: 16646K(17024K)->16646K(17024K) NonClass: 14222K(14400K)->14222K(14400K) Class: 2423K(2624K)->2423K(2624K)
[96.429s][info][gc             ] GC(320) Pause Full (System.gc()) 604M->13M(77M) 24.522ms
[96.429s][info][gc,cpu         ] GC(320) User=0.36s Sys=0.00s Real=0.02s
[97.227s][info][gc,start       ] GC(321) Pause Young (Concurrent Start) (G1 Evacuation Pause)
[97.227s][info][gc,task        ] GC(321) Using 12 workers of 33 for evacuation
[97.229s][info][gc,phases      ] GC(321)   Pre Evacuate Collection Set: 0.2ms
[97.229s][info][gc,phases      ] GC(321)   Merge Heap Roots: 0.0ms
[97.229s][info][gc,phases      ] GC(321)   Evacuate Collection Set: 1.4ms
[97.229s][info][gc,phases      ] GC(321)   Post Evacuate Collection Set: 0.4ms
[97.229s][info][gc,phases      ] GC(321)   Other: 0.1ms
[97.229s][info][gc,heap        ] GC(321) Eden regions: 30->0(28)
[97.229s][info][gc,heap        ] GC(321) Survivor regions: 0->4(4)
[97.229s][info][gc,heap        ] GC(321) Old regions: 23->24
[97.229s][info][gc,heap        ] GC(321) Archive regions: 0->0
[97.229s][info][gc,heap        ] GC(321) Humongous regions: 0->0
[97.229s][info][gc,metaspace   ] GC(321) Metaspace: 16650K(17024K)->16650K(17024K) NonClass: 14226K(14400K)->14226K(14400K) Class: 2423K(2624K)->2423K(2624K)
[97.229s][info][gc             ] GC(321) Pause Young (Concurrent Start) (G1 Evacuation Pause) 43M->18M(77M) 2.362ms
[97.229s][info][gc             ] GC(322) Concurrent Mark Cycle
[97.229s][info][gc,cpu         ] GC(321) User=0.00s Sys=0.00s Real=0.00s
[97.229s][info][gc,marking     ] GC(322) Concurrent Scan Root Regions
[97.231s][info][gc,marking     ] GC(322) Concurrent Scan Root Regions 1.175ms
[97.231s][info][gc,marking     ] GC(322) Concurrent Mark
[97.231s][info][gc,marking     ] GC(322) Concurrent Mark From Roots
[97.231s][info][gc,task        ] GC(322) Using 8 workers of 8 for marking
[97.236s][info][gc,marking     ] GC(322) Concurrent Mark From Roots 4.969ms
[97.236s][info][gc,marking     ] GC(322) Concurrent Preclean
[97.236s][info][gc,marking     ] GC(322) Concurrent Preclean 0.051ms
[97.236s][info][gc,start       ] GC(322) Pause Remark
[97.237s][info][gc             ] GC(322) Pause Remark 18M->18M(77M) 0.829ms
[97.237s][info][gc,cpu         ] GC(322) User=0.00s Sys=0.00s Real=0.00s
[97.239s][info][gc,marking     ] GC(322) Concurrent Mark 8.076ms
[97.239s][info][gc,marking     ] GC(322) Concurrent Rebuild Remembered Sets and Scrub Regions
[97.240s][info][gc,marking     ] GC(322) Concurrent Rebuild Remembered Sets and Scrub Regions 1.555ms
[97.240s][info][gc,start       ] GC(322) Pause Cleanup
[97.240s][info][gc             ] GC(322) Pause Cleanup 19M->19M(77M) 0.101ms
[97.240s][info][gc,cpu         ] GC(322) User=0.00s Sys=0.00s Real=0.00s
[97.257s][info][gc,marking     ] GC(322) Concurrent Clear Claimed Marks
[97.257s][info][gc,marking     ] GC(322) Concurrent Clear Claimed Marks 0.035ms
[97.257s][info][gc,marking     ] GC(322) Concurrent Cleanup for Next Mark
[97.257s][info][gc,marking     ] GC(322) Concurrent Cleanup for Next Mark 0.135ms
[97.257s][info][gc             ] GC(322) Concurrent Mark Cycle 27.743ms
[97.723s][info][gc,start       ] GC(323) Pause Young (Prepare Mixed) (G1 Evacuation Pause)
[97.723s][info][gc,task        ] GC(323) Using 7 workers of 33 for evacuation
[97.787s][info][gc,phases      ] GC(323)   Pre Evacuate Collection Set: 0.1ms
[97.787s][info][gc,phases      ] GC(323)   Merge Heap Roots: 0.1ms
[97.787s][info][gc,phases      ] GC(323)   Evacuate Collection Set: 55.0ms
[97.787s][info][gc,phases      ] GC(323)   Post Evacuate Collection Set: 7.9ms
[97.787s][info][gc,phases      ] GC(323)   Other: 0.1ms
[97.787s][info][gc,heap        ] GC(323) Eden regions: 28->0(310)
[97.787s][info][gc,heap        ] GC(323) Survivor regions: 4->4(4)
[97.787s][info][gc,heap        ] GC(323) Old regions: 23->42
[97.787s][info][gc,heap        ] GC(323) Archive regions: 0->0
[97.787s][info][gc,heap        ] GC(323) Humongous regions: 0->0
[97.787s][info][gc,metaspace   ] GC(323) Metaspace: 16650K(17024K)->16650K(17024K) NonClass: 14226K(14400K)->14226K(14400K) Class: 2423K(2624K)->2423K(2624K)
[97.787s][info][gc             ] GC(323) Pause Young (Prepare Mixed) (G1 Evacuation Pause) 46M->37M(551M) 63.622ms
[97.787s][info][gc,cpu         ] GC(323) User=0.33s Sys=0.02s Real=0.06s
[98.564s][info][gc,start       ] GC(324) Pause Young (Mixed) (G1 Evacuation Pause)
[98.564s][info][gc,task        ] GC(324) Using 13 workers of 33 for evacuation
[98.577s][info][gc,phases      ] GC(324)   Pre Evacuate Collection Set: 0.1ms
[98.577s][info][gc,phases      ] GC(324)   Merge Heap Roots: 0.6ms
[98.577s][info][gc,phases      ] GC(324)   Evacuate Collection Set: 11.1ms
[98.577s][info][gc,phases      ] GC(324)   Post Evacuate Collection Set: 0.4ms
[98.577s][info][gc,phases      ] GC(324)   Other: 0.1ms
[98.577s][info][gc,heap        ] GC(324) Eden regions: 310->0(317)
[98.577s][info][gc,heap        ] GC(324) Survivor regions: 4->13(40)
[98.577s][info][gc,heap        ] GC(324) Old regions: 42->39
[98.577s][info][gc,heap        ] GC(324) Archive regions: 0->0
[98.577s][info][gc,heap        ] GC(324) Humongous regions: 0->0
[98.577s][info][gc,metaspace   ] GC(324) Metaspace: 16650K(17024K)->16650K(17024K) NonClass: 14226K(14400K)->14226K(14400K) Class: 2423K(2624K)->2423K(2624K)
[98.577s][info][gc             ] GC(324) Pause Young (Mixed) (G1 Evacuation Pause) 347M->47M(551M) 12.539ms
[98.577s][info][gc,cpu         ] GC(324) User=0.02s Sys=0.00s Real=0.02s
[98.613s][info][gc,start       ] GC(325) Pause Young (Concurrent Start) (G1 Evacuation Pause)
[98.613s][info][gc,task        ] GC(325) Using 13 workers of 33 for evacuation
[98.624s][info][gc,phases      ] GC(325)   Pre Evacuate Collection Set: 0.2ms
[98.624s][info][gc,phases      ] GC(325)   Merge Heap Roots: 0.1ms
[98.624s][info][gc,phases      ] GC(325)   Evacuate Collection Set: 10.0ms
[98.624s][info][gc,phases      ] GC(325)   Post Evacuate Collection Set: 0.4ms
[98.624s][info][gc,phases      ] GC(325)   Other: 0.1ms
[98.624s][info][gc,heap        ] GC(325) Eden regions: 317->0(316)
[98.624s][info][gc,heap        ] GC(325) Survivor regions: 13->14(42)
[98.624s][info][gc,heap        ] GC(325) Old regions: 39->39
[98.624s][info][gc,heap        ] GC(325) Archive regions: 0->0
[98.624s][info][gc,heap        ] GC(325) Humongous regions: 0->0
[98.624s][info][gc,metaspace   ] GC(325) Metaspace: 16650K(17024K)->16650K(17024K) NonClass: 14226K(14400K)->14226K(14400K) Class: 2423K(2624K)->2423K(2624K)
[98.624s][info][gc             ] GC(325) Pause Young (Concurrent Start) (G1 Evacuation Pause) 364M->48M(551M) 11.080ms
[98.624s][info][gc             ] GC(326) Concurrent Mark Cycle
[98.624s][info][gc,cpu         ] GC(325) User=0.00s Sys=0.00s Real=0.00s
[98.624s][info][gc,marking     ] GC(326) Concurrent Scan Root Regions
[98.626s][info][gc,marking     ] GC(326) Concurrent Scan Root Regions 1.458ms
[98.626s][info][gc,marking     ] GC(326) Concurrent Mark
[98.626s][info][gc,marking     ] GC(326) Concurrent Mark From Roots
[98.626s][info][gc,task        ] GC(326) Using 8 workers of 8 for marking
[98.642s][info][gc,marking     ] GC(326) Concurrent Mark From Roots 15.768ms
[98.642s][info][gc,marking     ] GC(326) Concurrent Preclean
[98.642s][info][gc,marking     ] GC(326) Concurrent Preclean 0.116ms
[98.642s][info][gc,start       ] GC(326) Pause Remark
[98.643s][info][gc             ] GC(326) Pause Remark 199M->199M(551M) 0.994ms
[98.643s][info][gc,cpu         ] GC(326) User=0.19s Sys=0.00s Real=0.02s
[98.643s][info][gc,marking     ] GC(326) Concurrent Mark 17.467ms
[98.644s][info][gc,marking     ] GC(326) Concurrent Rebuild Remembered Sets and Scrub Regions
[98.647s][info][gc,marking     ] GC(326) Concurrent Rebuild Remembered Sets and Scrub Regions 3.889ms
[98.648s][info][gc,start       ] GC(326) Pause Cleanup
[98.648s][info][gc             ] GC(326) Pause Cleanup 234M->234M(551M) 0.122ms
[98.648s][info][gc,cpu         ] GC(326) User=0.00s Sys=0.00s Real=0.00s
[98.648s][info][gc,marking     ] GC(326) Concurrent Clear Claimed Marks
[98.648s][info][gc,marking     ] GC(326) Concurrent Clear Claimed Marks 0.057ms
[98.648s][info][gc,marking     ] GC(326) Concurrent Cleanup for Next Mark
[98.650s][info][gc,marking     ] GC(326) Concurrent Cleanup for Next Mark 2.013ms
[98.650s][info][gc             ] GC(326) Concurrent Mark Cycle 25.579ms
[98.662s][info][gc,start       ] GC(327) Pause Young (Prepare Mixed) (G1 Evacuation Pause)
[98.662s][info][gc,task        ] GC(327) Using 13 workers of 33 for evacuation
[98.673s][info][gc,phases      ] GC(327)   Pre Evacuate Collection Set: 0.1ms
[98.673s][info][gc,phases      ] GC(327)   Merge Heap Roots: 0.1ms
[98.673s][info][gc,phases      ] GC(327)   Evacuate Collection Set: 9.4ms
[98.673s][info][gc,phases      ] GC(327)   Post Evacuate Collection Set: 0.4ms
[98.673s][info][gc,phases      ] GC(327)   Other: 0.1ms
[98.673s][info][gc,heap        ] GC(327) Eden regions: 316->0(316)
[98.673s][info][gc,heap        ] GC(327) Survivor regions: 14->14(42)
[98.673s][info][gc,heap        ] GC(327) Old regions: 39->39
[98.673s][info][gc,heap        ] GC(327) Archive regions: 0->0
[98.673s][info][gc,heap        ] GC(327) Humongous regions: 0->0
[98.673s][info][gc,metaspace   ] GC(327) Metaspace: 16650K(17024K)->16650K(17024K) NonClass: 14226K(14400K)->14226K(14400K) Class: 2423K(2624K)->2423K(2624K)
[98.673s][info][gc             ] GC(327) Pause Young (Prepare Mixed) (G1 Evacuation Pause) 364M->48M(551M) 10.299ms
[98.673s][info][gc,cpu         ] GC(327) User=0.00s Sys=0.00s Real=0.00s
[98.707s][info][gc,start       ] GC(328) Pause Young (Mixed) (G1 Evacuation Pause)
[98.707s][info][gc,task        ] GC(328) Using 13 workers of 33 for evacuation
[98.717s][info][gc,phases      ] GC(328)   Pre Evacuate Collection Set: 0.1ms
[98.717s][info][gc,phases      ] GC(328)   Merge Heap Roots: 0.1ms
[98.717s][info][gc,phases      ] GC(328)   Evacuate Collection Set: 9.4ms
[98.717s][info][gc,phases      ] GC(328)   Post Evacuate Collection Set: 0.4ms
[98.717s][info][gc,phases      ] GC(328)   Other: 0.1ms
[98.717s][info][gc,heap        ] GC(328) Eden regions: 316->0(316)
[98.717s][info][gc,heap        ] GC(328) Survivor regions: 14->14(42)
[98.717s][info][gc,heap        ] GC(328) Old regions: 39->37
[98.717s][info][gc,heap        ] GC(328) Archive regions: 0->0
[98.717s][info][gc,heap        ] GC(328) Humongous regions: 0->0
[98.717s][info][gc,metaspace   ] GC(328) Metaspace: 16650K(17024K)->16650K(17024K) NonClass: 14226K(14400K)->14226K(14400K) Class: 2423K(2624K)->2423K(2624K)
[98.717s][info][gc             ] GC(328) Pause Young (Mixed) (G1 Evacuation Pause) 364M->47M(551M) 10.329ms
[98.718s][info][gc,cpu         ] GC(328) User=0.00s Sys=0.00s Real=0.00s
[98.752s][info][gc,start       ] GC(329) Pause Young (Concurrent Start) (G1 Evacuation Pause)
[98.753s][info][gc,task        ] GC(329) Using 13 workers of 33 for evacuation
[98.763s][info][gc,phases      ] GC(329)   Pre Evacuate Collection Set: 0.2ms
[98.763s][info][gc,phases      ] GC(329)   Merge Heap Roots: 0.1ms
[98.763s][info][gc,phases      ] GC(329)   Evacuate Collection Set: 9.4ms
[98.763s][info][gc,phases      ] GC(329)   Post Evacuate Collection Set: 0.4ms
[98.763s][info][gc,phases      ] GC(329)   Other: 0.1ms
[98.763s][info][gc,heap        ] GC(329) Eden regions: 316->0(316)
[98.763s][info][gc,heap        ] GC(329) Survivor regions: 14->14(42)
[98.763s][info][gc,heap        ] GC(329) Old regions: 37->37
[98.763s][info][gc,heap        ] GC(329) Archive regions: 0->0
[98.763s][info][gc,heap        ] GC(329) Humongous regions: 0->0
[98.763s][info][gc,metaspace   ] GC(329) Metaspace: 16650K(17024K)->16650K(17024K) NonClass: 14226K(14400K)->14226K(14400K) Class: 2423K(2624K)->2423K(2624K)
[98.763s][info][gc             ] GC(329) Pause Young (Concurrent Start) (G1 Evacuation Pause) 363M->47M(551M) 10.491ms
[98.763s][info][gc             ] GC(330) Concurrent Mark Cycle
[98.763s][info][gc,cpu         ] GC(329) User=0.00s Sys=0.00s Real=0.00s
[98.763s][info][gc,marking     ] GC(330) Concurrent Scan Root Regions
[98.764s][info][gc,marking     ] GC(330) Concurrent Scan Root Regions 1.371ms
[98.764s][info][gc,marking     ] GC(330) Concurrent Mark
[98.764s][info][gc,marking     ] GC(330) Concurrent Mark From Roots
[98.764s][info][gc,task        ] GC(330) Using 8 workers of 8 for marking
[98.779s][info][gc,marking     ] GC(330) Concurrent Mark From Roots 14.460ms
[98.779s][info][gc,marking     ] GC(330) Concurrent Preclean
[98.779s][info][gc,marking     ] GC(330) Concurrent Preclean 0.116ms
[98.779s][info][gc,start       ] GC(330) Pause Remark
[98.780s][info][gc             ] GC(330) Pause Remark 176M->176M(551M) 0.943ms
[98.780s][info][gc,cpu         ] GC(330) User=0.00s Sys=0.00s Real=0.00s
[98.780s][info][gc,marking     ] GC(330) Concurrent Mark 15.967ms
[98.780s][info][gc,marking     ] GC(330) Concurrent Rebuild Remembered Sets and Scrub Regions
[98.784s][info][gc,marking     ] GC(330) Concurrent Rebuild Remembered Sets and Scrub Regions 3.258ms
[98.784s][info][gc,start       ] GC(330) Pause Cleanup
[98.784s][info][gc             ] GC(330) Pause Cleanup 203M->203M(551M) 0.125ms
[98.784s][info][gc,cpu         ] GC(330) User=0.00s Sys=0.00s Real=0.00s
[98.784s][info][gc,marking     ] GC(330) Concurrent Clear Claimed Marks
[98.784s][info][gc,marking     ] GC(330) Concurrent Clear Claimed Marks 0.051ms
[98.784s][info][gc,marking     ] GC(330) Concurrent Cleanup for Next Mark
[98.785s][info][gc,marking     ] GC(330) Concurrent Cleanup for Next Mark 0.930ms
[98.785s][info][gc             ] GC(330) Concurrent Mark Cycle 22.193ms
[98.802s][info][gc,start       ] GC(331) Pause Young (Prepare Mixed) (G1 Evacuation Pause)
[98.802s][info][gc,task        ] GC(331) Using 13 workers of 33 for evacuation
[98.812s][info][gc,phases      ] GC(331)   Pre Evacuate Collection Set: 0.1ms
[98.812s][info][gc,phases      ] GC(331)   Merge Heap Roots: 0.1ms
[98.812s][info][gc,phases      ] GC(331)   Evacuate Collection Set: 9.5ms
[98.812s][info][gc,phases      ] GC(331)   Post Evacuate Collection Set: 0.4ms
[98.812s][info][gc,phases      ] GC(331)   Other: 0.1ms
[98.812s][info][gc,heap        ] GC(331) Eden regions: 316->0(316)
[98.812s][info][gc,heap        ] GC(331) Survivor regions: 14->14(42)
[98.812s][info][gc,heap        ] GC(331) Old regions: 37->37
[98.812s][info][gc,heap        ] GC(331) Archive regions: 0->0
[98.812s][info][gc,heap        ] GC(331) Humongous regions: 0->0
[98.812s][info][gc,metaspace   ] GC(331) Metaspace: 16650K(17024K)->16650K(17024K) NonClass: 14226K(14400K)->14226K(14400K) Class: 2423K(2624K)->2423K(2624K)
[98.812s][info][gc             ] GC(331) Pause Young (Prepare Mixed) (G1 Evacuation Pause) 363M->46M(551M) 10.381ms
[98.812s][info][gc,cpu         ] GC(331) User=0.20s Sys=0.00s Real=0.01s
[98.847s][info][gc,start       ] GC(332) Pause Young (Mixed) (G1 Evacuation Pause)
[98.847s][info][gc,task        ] GC(332) Using 13 workers of 33 for evacuation
[98.857s][info][gc,phases      ] GC(332)   Pre Evacuate Collection Set: 0.1ms
[98.857s][info][gc,phases      ] GC(332)   Merge Heap Roots: 0.1ms
[98.857s][info][gc,phases      ] GC(332)   Evacuate Collection Set: 9.3ms
[98.857s][info][gc,phases      ] GC(332)   Post Evacuate Collection Set: 1.2ms
[98.858s][info][gc,phases      ] GC(332)   Other: 0.1ms
[98.858s][info][gc,heap        ] GC(332) Eden regions: 316->0(404)
[98.858s][info][gc,heap        ] GC(332) Survivor regions: 14->14(42)
[98.858s][info][gc,heap        ] GC(332) Old regions: 37->35
[98.858s][info][gc,heap        ] GC(332) Archive regions: 0->0
[98.858s][info][gc,heap        ] GC(332) Humongous regions: 0->0
[98.858s][info][gc,metaspace   ] GC(332) Metaspace: 16650K(17024K)->16650K(17024K) NonClass: 14226K(14400K)->14226K(14400K) Class: 2423K(2624K)->2423K(2624K)
[98.858s][info][gc             ] GC(332) Pause Young (Mixed) (G1 Evacuation Pause) 362M->44M(698M) 11.025ms
[98.858s][info][gc,cpu         ] GC(332) User=0.00s Sys=0.00s Real=0.00s
[98.950s][info][gc,start       ] GC(333) Pause Young (Concurrent Start) (G1 Evacuation Pause)
[98.950s][info][gc,task        ] GC(333) Using 16 workers of 33 for evacuation
[98.961s][info][gc,phases      ] GC(333)   Pre Evacuate Collection Set: 0.2ms
[98.961s][info][gc,phases      ] GC(333)   Merge Heap Roots: 0.1ms
[98.961s][info][gc,phases      ] GC(333)   Evacuate Collection Set: 9.7ms
[98.961s][info][gc,phases      ] GC(333)   Post Evacuate Collection Set: 0.5ms
[98.961s][info][gc,phases      ] GC(333)   Other: 0.1ms
[98.961s][info][gc,heap        ] GC(333) Eden regions: 404->0(404)
[98.961s][info][gc,heap        ] GC(333) Survivor regions: 14->14(53)
[98.961s][info][gc,heap        ] GC(333) Old regions: 35->35
[98.961s][info][gc,heap        ] GC(333) Archive regions: 0->0
[98.961s][info][gc,heap        ] GC(333) Humongous regions: 0->0
[98.961s][info][gc,metaspace   ] GC(333) Metaspace: 16650K(17024K)->16650K(17024K) NonClass: 14226K(14400K)->14226K(14400K) Class: 2423K(2624K)->2423K(2624K)
[98.961s][info][gc             ] GC(333) Pause Young (Concurrent Start) (G1 Evacuation Pause) 448M->44M(698M) 10.896ms
[98.961s][info][gc             ] GC(334) Concurrent Mark Cycle
[98.961s][info][gc,cpu         ] GC(333) User=0.14s Sys=0.00s Real=0.02s
[98.961s][info][gc,marking     ] GC(334) Concurrent Scan Root Regions
[98.962s][info][gc,marking     ] GC(334) Concurrent Scan Root Regions 1.332ms
[98.962s][info][gc,marking     ] GC(334) Concurrent Mark
[98.962s][info][gc,marking     ] GC(334) Concurrent Mark From Roots
[98.962s][info][gc,task        ] GC(334) Using 8 workers of 8 for marking
[98.976s][info][gc,marking     ] GC(334) Concurrent Mark From Roots 13.827ms
[98.976s][info][gc,marking     ] GC(334) Concurrent Preclean
[98.976s][info][gc,marking     ] GC(334) Concurrent Preclean 0.136ms
[98.977s][info][gc,start       ] GC(334) Pause Remark
[98.978s][info][gc             ] GC(334) Pause Remark 178M->178M(610M) 0.968ms
[98.978s][info][gc,cpu         ] GC(334) User=0.25s Sys=0.00s Real=0.01s
[98.978s][info][gc,marking     ] GC(334) Concurrent Mark 15.440ms
[98.978s][info][gc,marking     ] GC(334) Concurrent Rebuild Remembered Sets and Scrub Regions
[98.981s][info][gc,marking     ] GC(334) Concurrent Rebuild Remembered Sets and Scrub Regions 3.368ms
[98.981s][info][gc,start       ] GC(334) Pause Cleanup
[98.982s][info][gc             ] GC(334) Pause Cleanup 209M->209M(610M) 0.125ms
[98.982s][info][gc,cpu         ] GC(334) User=0.00s Sys=0.00s Real=0.00s
[98.982s][info][gc,marking     ] GC(334) Concurrent Clear Claimed Marks
[98.982s][info][gc,marking     ] GC(334) Concurrent Clear Claimed Marks 0.048ms
[98.982s][info][gc,marking     ] GC(334) Concurrent Cleanup for Next Mark
[98.983s][info][gc,marking     ] GC(334) Concurrent Cleanup for Next Mark 1.309ms
[98.983s][info][gc             ] GC(334) Concurrent Mark Cycle 22.153ms
[99.011s][info][gc,start       ] GC(335) Pause Young (Prepare Mixed) (G1 Evacuation Pause)
[99.011s][info][gc,task        ] GC(335) Using 15 workers of 33 for evacuation
[99.022s][info][gc,phases      ] GC(335)   Pre Evacuate Collection Set: 0.1ms
[99.022s][info][gc,phases      ] GC(335)   Merge Heap Roots: 0.1ms
[99.022s][info][gc,phases      ] GC(335)   Evacuate Collection Set: 10.1ms
[99.022s][info][gc,phases      ] GC(335)   Post Evacuate Collection Set: 0.5ms
[99.022s][info][gc,phases      ] GC(335)   Other: 0.1ms
[99.022s][info][gc,heap        ] GC(335) Eden regions: 404->0(352)
[99.022s][info][gc,heap        ] GC(335) Survivor regions: 14->14(53)
[99.022s][info][gc,heap        ] GC(335) Old regions: 35->35
[99.022s][info][gc,heap        ] GC(335) Archive regions: 0->0
[99.022s][info][gc,heap        ] GC(335) Humongous regions: 0->0
[99.022s][info][gc,metaspace   ] GC(335) Metaspace: 16650K(17024K)->16650K(17024K) NonClass: 14226K(14400K)->14226K(14400K) Class: 2423K(2624K)->2423K(2624K)
[99.022s][info][gc             ] GC(335) Pause Young (Prepare Mixed) (G1 Evacuation Pause) 448M->44M(610M) 11.145ms
[99.022s][info][gc,cpu         ] GC(335) User=0.00s Sys=0.00s Real=0.00s
[99.186s][info][gc,start       ] GC(336) Pause Young (Mixed) (G1 Evacuation Pause)
[99.186s][info][gc,task        ] GC(336) Using 14 workers of 33 for evacuation
[99.225s][info][gc,phases      ] GC(336)   Pre Evacuate Collection Set: 0.2ms
[99.225s][info][gc,phases      ] GC(336)   Merge Heap Roots: 0.2ms
[99.225s][info][gc,phases      ] GC(336)   Evacuate Collection Set: 37.4ms
[99.225s][info][gc,phases      ] GC(336)   Post Evacuate Collection Set: 0.7ms
[99.225s][info][gc,phases      ] GC(336)   Other: 0.2ms
[99.225s][info][gc,heap        ] GC(336) Eden regions: 352->0(320)
[99.225s][info][gc,heap        ] GC(336) Survivor regions: 14->46(46)
[99.225s][info][gc,heap        ] GC(336) Old regions: 35->90
[99.225s][info][gc,heap        ] GC(336) Archive regions: 0->0
[99.225s][info][gc,heap        ] GC(336) Humongous regions: 1->1
[99.225s][info][gc,metaspace   ] GC(336) Metaspace: 16650K(17024K)->16650K(17024K) NonClass: 14226K(14400K)->14226K(14400K) Class: 2423K(2624K)->2423K(2624K)
[99.225s][info][gc             ] GC(336) Pause Young (Mixed) (G1 Evacuation Pause) 397M->133M(610M) 38.891ms
[99.225s][info][gc,cpu         ] GC(336) User=0.44s Sys=0.00s Real=0.05s
[99.566s][info][gc,start       ] GC(337) Pause Young (Concurrent Start) (G1 Evacuation Pause)
[99.566s][info][gc,task        ] GC(337) Using 14 workers of 33 for evacuation
[99.659s][info][gc,phases      ] GC(337)   Pre Evacuate Collection Set: 0.3ms
[99.659s][info][gc,phases      ] GC(337)   Merge Heap Roots: 0.4ms
[99.659s][info][gc,phases      ] GC(337)   Evacuate Collection Set: 90.5ms
[99.659s][info][gc,phases      ] GC(337)   Post Evacuate Collection Set: 0.9ms
[99.659s][info][gc,phases      ] GC(337)   Other: 0.2ms
[99.659s][info][gc,heap        ] GC(337) Eden regions: 320->0(180)
[99.659s][info][gc,heap        ] GC(337) Survivor regions: 46->46(46)
[99.659s][info][gc,heap        ] GC(337) Old regions: 90->298
[99.659s][info][gc,heap        ] GC(337) Archive regions: 0->0
[99.659s][info][gc,heap        ] GC(337) Humongous regions: 1->1
[99.659s][info][gc,metaspace   ] GC(337) Metaspace: 16650K(17024K)->16650K(17024K) NonClass: 14226K(14400K)->14226K(14400K) Class: 2423K(2624K)->2423K(2624K)
[99.659s][info][gc             ] GC(337) Pause Young (Concurrent Start) (G1 Evacuation Pause) 453M->341M(711M) 92.938ms
[99.659s][info][gc             ] GC(338) Concurrent Mark Cycle
[99.659s][info][gc,cpu         ] GC(337) User=1.19s Sys=0.13s Real=0.09s
[99.659s][info][gc,marking     ] GC(338) Concurrent Scan Root Regions
[99.680s][info][gc,marking     ] GC(338) Concurrent Scan Root Regions 21.141ms
[99.680s][info][gc,marking     ] GC(338) Concurrent Mark
[99.680s][info][gc,marking     ] GC(338) Concurrent Mark From Roots
[99.680s][info][gc,task        ] GC(338) Using 8 workers of 8 for marking
[99.703s][info][gc,marking     ] GC(338) Concurrent Mark From Roots 22.916ms
[99.703s][info][gc,marking     ] GC(338) Concurrent Preclean
[99.703s][info][gc,marking     ] GC(338) Concurrent Preclean 0.051ms
[99.704s][info][gc,start       ] GC(338) Pause Remark
[99.705s][info][gc             ] GC(338) Pause Remark 378M->378M(711M) 1.020ms
[99.705s][info][gc,cpu         ] GC(338) User=0.00s Sys=0.00s Real=0.00s
[99.705s][info][gc,marking     ] GC(338) Concurrent Mark 24.287ms
[99.705s][info][gc,marking     ] GC(338) Concurrent Rebuild Remembered Sets and Scrub Regions
[99.778s][info][gc,marking     ] GC(338) Concurrent Rebuild Remembered Sets and Scrub Regions 72.847ms
[99.778s][info][gc,start       ] GC(338) Pause Cleanup
[99.778s][info][gc             ] GC(338) Pause Cleanup 443M->443M(711M) 0.200ms
[99.778s][info][gc,cpu         ] GC(338) User=0.00s Sys=0.00s Real=0.00s
[99.778s][info][gc,marking     ] GC(338) Concurrent Clear Claimed Marks
[99.778s][info][gc,marking     ] GC(338) Concurrent Clear Claimed Marks 0.047ms
[99.778s][info][gc,marking     ] GC(338) Concurrent Cleanup for Next Mark
[99.779s][info][gc,marking     ] GC(338) Concurrent Cleanup for Next Mark 1.163ms
[99.779s][info][gc             ] GC(338) Concurrent Mark Cycle 120.138ms
[99.862s][info][gc,start       ] GC(339) Pause Young (Prepare Mixed) (G1 Evacuation Pause)
[99.862s][info][gc,task        ] GC(339) Using 17 workers of 33 for evacuation
[99.923s][info][gc,phases      ] GC(339)   Pre Evacuate Collection Set: 0.2ms
[99.923s][info][gc,phases      ] GC(339)   Merge Heap Roots: 1.3ms
[99.923s][info][gc,phases      ] GC(339)   Evacuate Collection Set: 58.9ms
[99.923s][info][gc,phases      ] GC(339)   Post Evacuate Collection Set: 0.4ms
[99.923s][info][gc,phases      ] GC(339)   Other: 0.1ms
[99.923s][info][gc,heap        ] GC(339) Eden regions: 180->0(107)
[99.923s][info][gc,heap        ] GC(339) Survivor regions: 46->29(29)
[99.923s][info][gc,heap        ] GC(339) Old regions: 298->435
[99.923s][info][gc,heap        ] GC(339) Archive regions: 0->0
[99.923s][info][gc,heap        ] GC(339) Humongous regions: 1->1
[99.923s][info][gc,metaspace   ] GC(339) Metaspace: 16650K(17024K)->16650K(17024K) NonClass: 14226K(14400K)->14226K(14400K) Class: 2423K(2624K)->2423K(2624K)
[99.923s][info][gc             ] GC(339) Pause Young (Prepare Mixed) (G1 Evacuation Pause) 521M->461M(711M) 61.191ms
[99.923s][info][gc,cpu         ] GC(339) User=1.06s Sys=0.00s Real=0.06s
[100.208s][info][gc,start       ] GC(340) Pause Young (Mixed) (G1 Evacuation Pause)
[100.208s][info][gc,task        ] GC(340) Using 17 workers of 33 for evacuation
[100.248s][info][gc,phases      ] GC(340)   Pre Evacuate Collection Set: 0.1ms
[100.248s][info][gc,phases      ] GC(340)   Merge Heap Roots: 2.8ms
[100.248s][info][gc,phases      ] GC(340)   Evacuate Collection Set: 36.2ms
[100.248s][info][gc,phases      ] GC(340)   Post Evacuate Collection Set: 0.9ms
[100.248s][info][gc,phases      ] GC(340)   Other: 0.1ms
[100.248s][info][gc,heap        ] GC(340) Eden regions: 107->0(149)
[100.248s][info][gc,heap        ] GC(340) Survivor regions: 29->17(17)
[100.248s][info][gc,heap        ] GC(340) Old regions: 435->468
[100.248s][info][gc,heap        ] GC(340) Archive regions: 0->0
[100.248s][info][gc,heap        ] GC(340) Humongous regions: 2->2
[100.248s][info][gc,metaspace   ] GC(340) Metaspace: 16650K(17024K)->16650K(17024K) NonClass: 14226K(14400K)->14226K(14400K) Class: 2423K(2624K)->2423K(2624K)
[100.248s][info][gc             ] GC(340) Pause Young (Mixed) (G1 Evacuation Pause) 569M->484M(809M) 40.421ms
[100.248s][info][gc,cpu         ] GC(340) User=0.53s Sys=0.00s Real=0.03s
[105.193s][info][gc,start       ] GC(341) Pause Young (Concurrent Start) (G1 Evacuation Pause)
[105.194s][info][gc,task        ] GC(341) Using 19 workers of 33 for evacuation
[105.228s][info][gc,phases      ] GC(341)   Pre Evacuate Collection Set: 0.3ms
[105.228s][info][gc,phases      ] GC(341)   Merge Heap Roots: 0.4ms
[105.228s][info][gc,phases      ] GC(341)   Evacuate Collection Set: 32.8ms
[105.228s][info][gc,phases      ] GC(341)   Post Evacuate Collection Set: 0.4ms
[105.228s][info][gc,phases      ] GC(341)   Other: 0.2ms
[105.228s][info][gc,heap        ] GC(341) Eden regions: 149->0(120)
[105.228s][info][gc,heap        ] GC(341) Survivor regions: 17->21(21)
[105.228s][info][gc,heap        ] GC(341) Old regions: 468->529
[105.228s][info][gc,heap        ] GC(341) Archive regions: 0->0
[105.228s][info][gc,heap        ] GC(341) Humongous regions: 2->2
[105.228s][info][gc,metaspace   ] GC(341) Metaspace: 16650K(17024K)->16650K(17024K) NonClass: 14226K(14400K)->14226K(14400K) Class: 2423K(2624K)->2423K(2624K)
[105.228s][info][gc             ] GC(341) Pause Young (Concurrent Start) (G1 Evacuation Pause) 633M->548M(809M) 34.377ms
[105.228s][info][gc             ] GC(342) Concurrent Mark Cycle
[105.228s][info][gc,cpu         ] GC(341) User=0.59s Sys=0.00s Real=0.03s
[105.228s][info][gc,marking     ] GC(342) Concurrent Scan Root Regions
[105.235s][info][gc,marking     ] GC(342) Concurrent Scan Root Regions 7.538ms
[105.235s][info][gc,marking     ] GC(342) Concurrent Mark
[105.235s][info][gc,marking     ] GC(342) Concurrent Mark From Roots
[105.235s][info][gc,task        ] GC(342) Using 8 workers of 8 for marking
[105.261s][info][gc,marking     ] GC(342) Concurrent Mark From Roots 25.895ms
[105.261s][info][gc,marking     ] GC(342) Concurrent Preclean
[105.261s][info][gc,marking     ] GC(342) Concurrent Preclean 0.071ms
[105.261s][info][gc,start       ] GC(342) Pause Remark
[105.263s][info][gc             ] GC(342) Pause Remark 581M->559M(939M) 1.803ms
[105.263s][info][gc,cpu         ] GC(342) User=0.00s Sys=0.02s Real=0.01s
[105.263s][info][gc,marking     ] GC(342) Concurrent Mark 27.996ms
[105.263s][info][gc,marking     ] GC(342) Concurrent Rebuild Remembered Sets and Scrub Regions
[105.289s][info][gc,marking     ] GC(342) Concurrent Rebuild Remembered Sets and Scrub Regions 25.556ms
[105.289s][info][gc,start       ] GC(342) Pause Cleanup
[105.290s][info][gc             ] GC(342) Pause Cleanup 580M->580M(939M) 0.433ms
[105.290s][info][gc,cpu         ] GC(342) User=0.00s Sys=0.00s Real=0.00s
[105.290s][info][gc,marking     ] GC(342) Concurrent Clear Claimed Marks
[105.290s][info][gc,marking     ] GC(342) Concurrent Clear Claimed Marks 0.040ms
[105.290s][info][gc,marking     ] GC(342) Concurrent Cleanup for Next Mark
[105.291s][info][gc,marking     ] GC(342) Concurrent Cleanup for Next Mark 0.962ms
[105.291s][info][gc             ] GC(342) Concurrent Mark Cycle 62.882ms
[105.372s][info][gc,start       ] GC(343) Pause Young (Prepare Mixed) (G1 Evacuation Pause)
[105.372s][info][gc,task        ] GC(343) Using 22 workers of 33 for evacuation
[105.402s][info][gc,phases      ] GC(343)   Pre Evacuate Collection Set: 0.2ms
[105.402s][info][gc,phases      ] GC(343)   Merge Heap Roots: 0.6ms
[105.402s][info][gc,phases      ] GC(343)   Evacuate Collection Set: 28.8ms
[105.402s][info][gc,phases      ] GC(343)   Post Evacuate Collection Set: 0.4ms
[105.402s][info][gc,phases      ] GC(343)   Other: 0.1ms
[105.402s][info][gc,heap        ] GC(343) Eden regions: 120->0(166)
[105.402s][info][gc,heap        ] GC(343) Survivor regions: 21->18(18)
[105.402s][info][gc,heap        ] GC(343) Old regions: 508->568
[105.402s][info][gc,heap        ] GC(343) Archive regions: 0->0
[105.402s][info][gc,heap        ] GC(343) Humongous regions: 1->1
[105.402s][info][gc,metaspace   ] GC(343) Metaspace: 16650K(17024K)->16650K(17024K) NonClass: 14226K(14400K)->14226K(14400K) Class: 2423K(2624K)->2423K(2624K)
[105.402s][info][gc             ] GC(343) Pause Young (Prepare Mixed) (G1 Evacuation Pause) 646M->583M(939M) 30.404ms
[105.402s][info][gc,cpu         ] GC(343) User=0.69s Sys=0.00s Real=0.03s
[105.556s][info][gc,start       ] GC(344) Pause Young (Mixed) (G1 Evacuation Pause)
[105.556s][info][gc,task        ] GC(344) Using 22 workers of 33 for evacuation
[105.590s][info][gc,phases      ] GC(344)   Pre Evacuate Collection Set: 0.2ms
[105.590s][info][gc,phases      ] GC(344)   Merge Heap Roots: 0.2ms
[105.590s][info][gc,phases      ] GC(344)   Evacuate Collection Set: 32.7ms
[105.590s][info][gc,phases      ] GC(344)   Post Evacuate Collection Set: 0.4ms
[105.590s][info][gc,phases      ] GC(344)   Other: 0.2ms
[105.590s][info][gc,heap        ] GC(344) Eden regions: 166->0(176)
[105.590s][info][gc,heap        ] GC(344) Survivor regions: 18->23(23)
[105.590s][info][gc,heap        ] GC(344) Old regions: 568->546
[105.590s][info][gc,heap        ] GC(344) Archive regions: 0->0
[105.590s][info][gc,heap        ] GC(344) Humongous regions: 1->1
[105.590s][info][gc,metaspace   ] GC(344) Metaspace: 16650K(17024K)->16650K(17024K) NonClass: 14226K(14400K)->14226K(14400K) Class: 2423K(2624K)->2423K(2624K)
[105.590s][info][gc             ] GC(344) Pause Young (Mixed) (G1 Evacuation Pause) 749M->567M(939M) 33.902ms
[105.590s][info][gc,cpu         ] GC(344) User=0.67s Sys=0.02s Real=0.03s
[105.748s][info][gc,start       ] GC(345) Pause Young (Mixed) (G1 Evacuation Pause)
[105.748s][info][gc,task        ] GC(345) Using 22 workers of 33 for evacuation
[105.785s][info][gc,phases      ] GC(345)   Pre Evacuate Collection Set: 0.2ms
[105.785s][info][gc,phases      ] GC(345)   Merge Heap Roots: 0.2ms
[105.785s][info][gc,phases      ] GC(345)   Evacuate Collection Set: 35.8ms
[105.785s][info][gc,phases      ] GC(345)   Post Evacuate Collection Set: 0.4ms
[105.785s][info][gc,phases      ] GC(345)   Other: 0.2ms
[105.785s][info][gc,heap        ] GC(345) Eden regions: 176->0(181)
[105.785s][info][gc,heap        ] GC(345) Survivor regions: 23->25(25)
[105.785s][info][gc,heap        ] GC(345) Old regions: 546->537
[105.785s][info][gc,heap        ] GC(345) Archive regions: 0->0
[105.785s][info][gc,heap        ] GC(345) Humongous regions: 1->1
[105.785s][info][gc,metaspace   ] GC(345) Metaspace: 16650K(17024K)->16650K(17024K) NonClass: 14226K(14400K)->14226K(14400K) Class: 2423K(2624K)->2423K(2624K)
[105.785s][info][gc             ] GC(345) Pause Young (Mixed) (G1 Evacuation Pause) 743M->559M(939M) 37.080ms
[105.785s][info][gc,cpu         ] GC(345) User=1.03s Sys=0.00s Real=0.05s
[105.949s][info][gc,start       ] GC(346) Pause Young (Mixed) (G1 Evacuation Pause)
[105.949s][info][gc,task        ] GC(346) Using 22 workers of 33 for evacuation
[105.987s][info][gc,phases      ] GC(346)   Pre Evacuate Collection Set: 0.2ms
[105.987s][info][gc,phases      ] GC(346)   Merge Heap Roots: 0.2ms
[105.987s][info][gc,phases      ] GC(346)   Evacuate Collection Set: 37.3ms
[105.987s][info][gc,phases      ] GC(346)   Post Evacuate Collection Set: 0.6ms
[105.987s][info][gc,phases      ] GC(346)   Other: 0.2ms
[105.987s][info][gc,heap        ] GC(346) Eden regions: 181->0(192)
[105.987s][info][gc,heap        ] GC(346) Survivor regions: 25->26(26)
[105.987s][info][gc,heap        ] GC(346) Old regions: 537->533
[105.987s][info][gc,heap        ] GC(346) Archive regions: 0->0
[105.987s][info][gc,heap        ] GC(346) Humongous regions: 1->1
[105.987s][info][gc,metaspace   ] GC(346) Metaspace: 16650K(17024K)->16650K(17024K) NonClass: 14226K(14400K)->14226K(14400K) Class: 2423K(2624K)->2423K(2624K)
[105.987s][info][gc             ] GC(346) Pause Young (Mixed) (G1 Evacuation Pause) 740M->557M(956M) 38.795ms
[105.987s][info][gc,cpu         ] GC(346) User=0.69s Sys=0.00s Real=0.03s
[106.169s][info][gc,start       ] GC(347) Pause Young (Mixed) (G1 Evacuation Pause)
[106.169s][info][gc,task        ] GC(347) Using 22 workers of 33 for evacuation
[106.209s][info][gc,phases      ] GC(347)   Pre Evacuate Collection Set: 0.2ms
[106.209s][info][gc,phases      ] GC(347)   Merge Heap Roots: 0.2ms
[106.209s][info][gc,phases      ] GC(347)   Evacuate Collection Set: 39.0ms
[106.209s][info][gc,phases      ] GC(347)   Post Evacuate Collection Set: 0.4ms
[106.209s][info][gc,phases      ] GC(347)   Other: 0.2ms
[106.209s][info][gc,heap        ] GC(347) Eden regions: 192->0(176)
[106.209s][info][gc,heap        ] GC(347) Survivor regions: 26->28(28)
[106.209s][info][gc,heap        ] GC(347) Old regions: 533->565
[106.209s][info][gc,heap        ] GC(347) Archive regions: 0->0
[106.209s][info][gc,heap        ] GC(347) Humongous regions: 1->1
[106.209s][info][gc,metaspace   ] GC(347) Metaspace: 16650K(17024K)->16650K(17024K) NonClass: 14226K(14400K)->14226K(14400K) Class: 2423K(2624K)->2423K(2624K)
[106.209s][info][gc             ] GC(347) Pause Young (Mixed) (G1 Evacuation Pause) 749M->592M(956M) 40.234ms
[106.209s][info][gc,cpu         ] GC(347) User=1.03s Sys=0.00s Real=0.05s
[106.227s][info][gc,start       ] GC(348) Pause Young (Concurrent Start) (G1 Humongous Allocation)
[106.227s][info][gc,task        ] GC(348) Using 22 workers of 33 for evacuation
[106.240s][info][gc,phases      ] GC(348)   Pre Evacuate Collection Set: 0.2ms
[106.273s][info][gc,phases      ] GC(348)   Merge Heap Roots: 0.1ms
[106.273s][info][gc,phases      ] GC(348)   Evacuate Collection Set: 12.1ms
[106.273s][info][gc,phases      ] GC(348)   Post Evacuate Collection Set: 0.3ms
[106.273s][info][gc,phases      ] GC(348)   Other: 0.1ms
[106.273s][info][gc,heap        ] GC(348) Eden regions: 20->0(166)
[106.273s][info][gc,heap        ] GC(348) Survivor regions: 28->13(26)
[106.273s][info][gc,heap        ] GC(348) Old regions: 565->599
[106.273s][info][gc,heap        ] GC(348) Archive regions: 0->0
[106.273s][info][gc,heap        ] GC(348) Humongous regions: 1->1
[106.273s][info][gc,metaspace   ] GC(348) Metaspace: 16650K(17024K)->16650K(17024K) NonClass: 14226K(14400K)->14226K(14400K) Class: 2423K(2624K)->2423K(2624K)
[106.273s][info][gc             ] GC(348) Pause Young (Concurrent Start) (G1 Humongous Allocation) 611M->610M(956M) 46.081ms
[106.273s][info][gc             ] GC(349) Concurrent Mark Cycle
[106.273s][info][gc,cpu         ] GC(348) User=0.34s Sys=0.00s Real=0.05s
[106.274s][info][gc,marking     ] GC(349) Concurrent Scan Root Regions
[106.286s][info][gc,marking     ] GC(349) Concurrent Scan Root Regions 12.475ms
[106.286s][info][gc,marking     ] GC(349) Concurrent Mark
[106.286s][info][gc,marking     ] GC(349) Concurrent Mark From Roots
[106.286s][info][gc,task        ] GC(349) Using 8 workers of 8 for marking
[106.412s][info][gc,marking     ] GC(349) Concurrent Mark From Roots 126.261ms
[106.412s][info][gc,marking     ] GC(349) Concurrent Preclean
[106.413s][info][gc,marking     ] GC(349) Concurrent Preclean 0.107ms
[106.413s][info][gc,start       ] GC(349) Pause Remark
[106.414s][info][gc             ] GC(349) Pause Remark 650M->561M(956M) 0.979ms
[106.414s][info][gc,cpu         ] GC(349) User=0.00s Sys=0.00s Real=0.00s
[106.414s][info][gc,marking     ] GC(349) Concurrent Mark 127.670ms
[106.414s][info][gc,marking     ] GC(349) Concurrent Rebuild Remembered Sets and Scrub Regions
[106.571s][info][gc,marking     ] GC(349) Concurrent Rebuild Remembered Sets and Scrub Regions 157.682ms
[106.572s][info][gc,start       ] GC(349) Pause Cleanup
[106.572s][info][gc             ] GC(349) Pause Cleanup 586M->586M(956M) 0.423ms
[106.572s][info][gc,cpu         ] GC(349) User=0.02s Sys=0.00s Real=0.02s
[106.572s][info][gc,marking     ] GC(349) Concurrent Clear Claimed Marks
[106.572s][info][gc,marking     ] GC(349) Concurrent Clear Claimed Marks 0.025ms
[106.572s][info][gc,marking     ] GC(349) Concurrent Cleanup for Next Mark
[106.573s][info][gc,marking     ] GC(349) Concurrent Cleanup for Next Mark 0.652ms
[106.573s][info][gc             ] GC(349) Concurrent Mark Cycle 299.388ms
[106.985s][info][gc,start       ] GC(350) Pause Young (Prepare Mixed) (G1 Evacuation Pause)
[106.985s][info][gc,task        ] GC(350) Using 22 workers of 33 for evacuation
[107.034s][info][gc,phases      ] GC(350)   Pre Evacuate Collection Set: 0.2ms
[107.034s][info][gc,phases      ] GC(350)   Merge Heap Roots: 2.3ms
[107.034s][info][gc,phases      ] GC(350)   Evacuate Collection Set: 46.2ms
[107.034s][info][gc,phases      ] GC(350)   Post Evacuate Collection Set: 0.8ms
[107.034s][info][gc,phases      ] GC(350)   Other: 0.1ms
[107.034s][info][gc,heap        ] GC(350) Eden regions: 166->0(194)
[107.034s][info][gc,heap        ] GC(350) Survivor regions: 13->23(23)
[107.034s][info][gc,heap        ] GC(350) Old regions: 511->539
[107.035s][info][gc,heap        ] GC(350) Archive regions: 0->0
[107.035s][info][gc,heap        ] GC(350) Humongous regions: 6->6
[107.035s][info][gc,metaspace   ] GC(350) Metaspace: 16650K(17024K)->16650K(17024K) NonClass: 14226K(14400K)->14226K(14400K) Class: 2423K(2624K)->2423K(2624K)
[107.035s][info][gc             ] GC(350) Pause Young (Prepare Mixed) (G1 Evacuation Pause) 693M->565M(956M) 49.875ms
[107.035s][info][gc,cpu         ] GC(350) User=1.38s Sys=0.00s Real=0.06s
[107.394s][info][gc,start       ] GC(351) Pause Young (Mixed) (G1 Evacuation Pause)
[107.395s][info][gc,task        ] GC(351) Using 22 workers of 33 for evacuation
[107.424s][info][gc,phases      ] GC(351)   Pre Evacuate Collection Set: 0.2ms
[107.424s][info][gc,phases      ] GC(351)   Merge Heap Roots: 1.2ms
[107.424s][info][gc,phases      ] GC(351)   Evacuate Collection Set: 27.6ms
[107.424s][info][gc,phases      ] GC(351)   Post Evacuate Collection Set: 0.5ms
[107.424s][info][gc,phases      ] GC(351)   Other: 0.2ms
[107.424s][info][gc,heap        ] GC(351) Eden regions: 194->0(230)
[107.424s][info][gc,heap        ] GC(351) Survivor regions: 23->5(28)
[107.424s][info][gc,heap        ] GC(351) Old regions: 539->526
[107.424s][info][gc,heap        ] GC(351) Archive regions: 0->0
[107.424s][info][gc,heap        ] GC(351) Humongous regions: 6->6
[107.424s][info][gc,metaspace   ] GC(351) Metaspace: 16650K(17024K)->16650K(17024K) NonClass: 14226K(14400K)->14226K(14400K) Class: 2423K(2624K)->2423K(2624K)
[107.424s][info][gc             ] GC(351) Pause Young (Mixed) (G1 Evacuation Pause) 759M->533M(956M) 30.067ms
[107.424s][info][gc,cpu         ] GC(351) User=0.52s Sys=0.06s Real=0.03s
[108.174s][info][gc,start       ] GC(352) Pause Young (Concurrent Start) (G1 Evacuation Pause)
[108.175s][info][gc,task        ] GC(352) Using 22 workers of 33 for evacuation
[108.184s][info][gc,phases      ] GC(352)   Pre Evacuate Collection Set: 0.3ms
[108.184s][info][gc,phases      ] GC(352)   Merge Heap Roots: 0.3ms
[108.184s][info][gc,phases      ] GC(352)   Evacuate Collection Set: 7.3ms
[108.184s][info][gc,phases      ] GC(352)   Post Evacuate Collection Set: 0.9ms
[108.184s][info][gc,phases      ] GC(352)   Other: 0.1ms
[108.184s][info][gc,heap        ] GC(352) Eden regions: 230->0(254)
[108.184s][info][gc,heap        ] GC(352) Survivor regions: 5->4(30)
[108.184s][info][gc,heap        ] GC(352) Old regions: 526->526
[108.184s][info][gc,heap        ] GC(352) Archive regions: 0->0
[108.184s][info][gc,heap        ] GC(352) Humongous regions: 6->6
[108.184s][info][gc,metaspace   ] GC(352) Metaspace: 16650K(17024K)->16650K(17024K) NonClass: 14226K(14400K)->14226K(14400K) Class: 2423K(2624K)->2423K(2624K)
[108.184s][info][gc             ] GC(352) Pause Young (Concurrent Start) (G1 Evacuation Pause) 763M->532M(956M) 9.491ms
[108.184s][info][gc             ] GC(353) Concurrent Mark Cycle
[108.184s][info][gc,cpu         ] GC(352) User=0.34s Sys=0.00s Real=0.02s
[108.184s][info][gc,marking     ] GC(353) Concurrent Scan Root Regions
[108.186s][info][gc,marking     ] GC(353) Concurrent Scan Root Regions 1.891ms
[108.186s][info][gc,marking     ] GC(353) Concurrent Mark
[108.186s][info][gc,marking     ] GC(353) Concurrent Mark From Roots
[108.186s][info][gc,task        ] GC(353) Using 8 workers of 8 for marking
[108.194s][info][gc,marking     ] GC(353) Concurrent Mark From Roots 8.291ms
[108.194s][info][gc,marking     ] GC(353) Concurrent Preclean
[108.194s][info][gc,marking     ] GC(353) Concurrent Preclean 0.084ms
[108.195s][info][gc,start       ] GC(353) Pause Remark
[108.197s][info][gc             ] GC(353) Pause Remark 533M->55M(197M) 2.010ms
[108.197s][info][gc,cpu         ] GC(353) User=0.00s Sys=0.02s Real=0.01s
[108.197s][info][gc,marking     ] GC(353) Concurrent Mark 10.727ms
[108.197s][info][gc,marking     ] GC(353) Concurrent Rebuild Remembered Sets and Scrub Regions
[108.200s][info][gc,marking     ] GC(353) Concurrent Rebuild Remembered Sets and Scrub Regions 2.821ms
[108.200s][info][gc,start       ] GC(353) Pause Cleanup
[108.200s][info][gc             ] GC(353) Pause Cleanup 56M->56M(197M) 0.189ms
[108.200s][info][gc,cpu         ] GC(353) User=0.00s Sys=0.00s Real=0.00s
[108.200s][info][gc,marking     ] GC(353) Concurrent Clear Claimed Marks
[108.200s][info][gc,marking     ] GC(353) Concurrent Clear Claimed Marks 0.039ms
[108.200s][info][gc,marking     ] GC(353) Concurrent Cleanup for Next Mark
[108.200s][info][gc,marking     ] GC(353) Concurrent Cleanup for Next Mark 0.205ms
[108.200s][info][gc             ] GC(353) Concurrent Mark Cycle 16.353ms
[109.381s][info][gc,start       ] GC(354) Pause Full (System.gc())
[109.381s][info][gc,task        ] GC(354) Using 13 workers of 33 for full compaction
[109.381s][info][gc,phases,start] GC(354) Phase 1: Mark live objects
[109.392s][info][gc,phases      ] GC(354) Phase 1: Mark live objects 10.508ms
[109.392s][info][gc,phases,start] GC(354) Phase 2: Prepare compaction
[109.394s][info][gc,phases      ] GC(354) Phase 2: Prepare compaction 1.628ms
[109.394s][info][gc,phases,start] GC(354) Phase 3: Adjust pointers
[109.398s][info][gc,phases      ] GC(354) Phase 3: Adjust pointers 4.285ms
[109.398s][info][gc,phases,start] GC(354) Phase 4: Compact heap
[109.399s][info][gc,phases      ] GC(354) Phase 4: Compact heap 0.814ms
[109.404s][info][gc,heap        ] GC(354) Eden regions: 73->0(32)
[109.404s][info][gc,heap        ] GC(354) Survivor regions: 4->0(30)
[109.404s][info][gc,heap        ] GC(354) Old regions: 54->23
[109.404s][info][gc,heap        ] GC(354) Archive regions: 0->0
[109.404s][info][gc,heap        ] GC(354) Humongous regions: 0->0
[109.404s][info][gc,metaspace   ] GC(354) Metaspace: 16653K(17088K)->16653K(17088K) NonClass: 14229K(14464K)->14229K(14464K) Class: 2423K(2624K)->2423K(2624K)
[109.404s][info][gc             ] GC(354) Pause Full (System.gc()) 127M->15M(77M) 23.367ms
[109.404s][info][gc,cpu         ] GC(354) User=0.22s Sys=0.00s Real=0.03s
[110.248s][info][gc,start       ] GC(355) Pause Young (Concurrent Start) (G1 Evacuation Pause)
[110.248s][info][gc,task        ] GC(355) Using 7 workers of 33 for evacuation
[110.254s][info][gc,phases      ] GC(355)   Pre Evacuate Collection Set: 0.2ms
[110.254s][info][gc,phases      ] GC(355)   Merge Heap Roots: 0.0ms
[110.254s][info][gc,phases      ] GC(355)   Evacuate Collection Set: 2.1ms
[110.254s][info][gc,phases      ] GC(355)   Post Evacuate Collection Set: 3.1ms
[110.254s][info][gc,phases      ] GC(355)   Other: 0.1ms
[110.254s][info][gc,heap        ] GC(355) Eden regions: 32->0(285)
[110.254s][info][gc,heap        ] GC(355) Survivor regions: 0->4(4)
[110.254s][info][gc,heap        ] GC(355) Old regions: 23->24
[110.254s][info][gc,heap        ] GC(355) Archive regions: 0->0
[110.254s][info][gc,heap        ] GC(355) Humongous regions: 0->0
[110.254s][info][gc,metaspace   ] GC(355) Metaspace: 16654K(17088K)->16654K(17088K) NonClass: 14230K(14464K)->14230K(14464K) Class: 2423K(2624K)->2423K(2624K)
[110.254s][info][gc             ] GC(355) Pause Young (Concurrent Start) (G1 Evacuation Pause) 47M->20M(551M) 5.816ms
[110.254s][info][gc             ] GC(356) Concurrent Mark Cycle
[110.254s][info][gc,cpu         ] GC(355) User=0.11s Sys=0.00s Real=0.02s
[110.254s][info][gc,marking     ] GC(356) Concurrent Scan Root Regions
[110.255s][info][gc,marking     ] GC(356) Concurrent Scan Root Regions 1.148ms
[110.255s][info][gc,marking     ] GC(356) Concurrent Mark
[110.255s][info][gc,marking     ] GC(356) Concurrent Mark From Roots
[110.255s][info][gc,task        ] GC(356) Using 8 workers of 8 for marking
[110.260s][info][gc,marking     ] GC(356) Concurrent Mark From Roots 5.055ms
[110.260s][info][gc,marking     ] GC(356) Concurrent Preclean
[110.260s][info][gc,marking     ] GC(356) Concurrent Preclean 0.052ms
[110.260s][info][gc,start       ] GC(356) Pause Remark
[110.262s][info][gc             ] GC(356) Pause Remark 21M->21M(94M) 1.143ms
[110.262s][info][gc,cpu         ] GC(356) User=0.00s Sys=0.00s Real=0.00s
[110.262s][info][gc,marking     ] GC(356) Concurrent Mark 7.051ms
[110.262s][info][gc,marking     ] GC(356) Concurrent Rebuild Remembered Sets and Scrub Regions
[110.264s][info][gc,marking     ] GC(356) Concurrent Rebuild Remembered Sets and Scrub Regions 1.560ms
[110.264s][info][gc,start       ] GC(356) Pause Cleanup
[110.264s][info][gc             ] GC(356) Pause Cleanup 21M->21M(94M) 0.088ms
[110.264s][info][gc,cpu         ] GC(356) User=0.00s Sys=0.00s Real=0.00s
[110.279s][info][gc,marking     ] GC(356) Concurrent Clear Claimed Marks
[110.280s][info][gc,marking     ] GC(356) Concurrent Clear Claimed Marks 0.036ms
[110.280s][info][gc,marking     ] GC(356) Concurrent Cleanup for Next Mark
[110.280s][info][gc,marking     ] GC(356) Concurrent Cleanup for Next Mark 0.226ms
[110.280s][info][gc             ] GC(356) Concurrent Mark Cycle 25.799ms
[111.360s][info][gc,start       ] GC(357) Pause Young (Prepare Mixed) (G1 Evacuation Pause)
[111.360s][info][gc,task        ] GC(357) Using 4 workers of 33 for evacuation
[111.368s][info][gc,phases      ] GC(357)   Pre Evacuate Collection Set: 0.1ms
[111.368s][info][gc,phases      ] GC(357)   Merge Heap Roots: 0.1ms
[111.368s][info][gc,phases      ] GC(357)   Evacuate Collection Set: 7.6ms
[111.368s][info][gc,phases      ] GC(357)   Post Evacuate Collection Set: 0.4ms
[111.368s][info][gc,phases      ] GC(357)   Other: 0.1ms
[111.368s][info][gc,heap        ] GC(357) Eden regions: 52->0(41)
[111.368s][info][gc,heap        ] GC(357) Survivor regions: 4->2(7)
[111.368s][info][gc,heap        ] GC(357) Old regions: 23->27
[111.368s][info][gc,heap        ] GC(357) Archive regions: 0->0
[111.368s][info][gc,heap        ] GC(357) Humongous regions: 0->0
[111.368s][info][gc,metaspace   ] GC(357) Metaspace: 16654K(17088K)->16654K(17088K) NonClass: 14230K(14464K)->14230K(14464K) Class: 2423K(2624K)->2423K(2624K)
[111.368s][info][gc             ] GC(357) Pause Young (Prepare Mixed) (G1 Evacuation Pause) 72M->21M(94M) 8.484ms
[111.368s][info][gc,cpu         ] GC(357) User=0.06s Sys=0.00s Real=0.02s
[111.375s][info][gc,start       ] GC(358) Pause Young (Mixed) (G1 Evacuation Pause)
[111.375s][info][gc,task        ] GC(358) Using 3 workers of 33 for evacuation
[111.379s][info][gc,phases      ] GC(358)   Pre Evacuate Collection Set: 0.1ms
[111.379s][info][gc,phases      ] GC(358)   Merge Heap Roots: 0.1ms
[111.379s][info][gc,phases      ] GC(358)   Evacuate Collection Set: 3.1ms
[111.379s][info][gc,phases      ] GC(358)   Post Evacuate Collection Set: 0.3ms
[111.379s][info][gc,phases      ] GC(358)   Other: 0.1ms
[111.379s][info][gc,heap        ] GC(358) Eden regions: 41->0(45)
[111.379s][info][gc,heap        ] GC(358) Survivor regions: 2->2(6)
[111.379s][info][gc,heap        ] GC(358) Old regions: 27->25
[111.379s][info][gc,heap        ] GC(358) Archive regions: 0->0
[111.379s][info][gc,heap        ] GC(358) Humongous regions: 0->0
[111.379s][info][gc,metaspace   ] GC(358) Metaspace: 16654K(17088K)->16654K(17088K) NonClass: 14230K(14464K)->14230K(14464K) Class: 2423K(2624K)->2423K(2624K)
[111.379s][info][gc             ] GC(358) Pause Young (Mixed) (G1 Evacuation Pause) 62M->21M(94M) 3.830ms
[111.379s][info][gc,cpu         ] GC(358) User=0.00s Sys=0.00s Real=0.00s
[111.386s][info][gc,start       ] GC(359) Pause Young (Concurrent Start) (G1 Evacuation Pause)
[111.386s][info][gc,task        ] GC(359) Using 2 workers of 33 for evacuation
[111.391s][info][gc,phases      ] GC(359)   Pre Evacuate Collection Set: 0.2ms
[111.391s][info][gc,phases      ] GC(359)   Merge Heap Roots: 0.0ms
[111.391s][info][gc,phases      ] GC(359)   Evacuate Collection Set: 5.0ms
[111.391s][info][gc,phases      ] GC(359)   Post Evacuate Collection Set: 0.3ms
[111.391s][info][gc,phases      ] GC(359)   Other: 0.1ms
[111.391s][info][gc,heap        ] GC(359) Eden regions: 45->0(48)
[111.391s][info][gc,heap        ] GC(359) Survivor regions: 2->2(6)
[111.391s][info][gc,heap        ] GC(359) Old regions: 25->25
[111.391s][info][gc,heap        ] GC(359) Archive regions: 0->0
[111.391s][info][gc,heap        ] GC(359) Humongous regions: 0->0
[111.391s][info][gc,metaspace   ] GC(359) Metaspace: 16654K(17088K)->16654K(17088K) NonClass: 14230K(14464K)->14230K(14464K) Class: 2423K(2624K)->2423K(2624K)
[111.391s][info][gc             ] GC(359) Pause Young (Concurrent Start) (G1 Evacuation Pause) 66M->21M(94M) 5.862ms
[111.392s][info][gc,cpu         ] GC(359) User=0.00s Sys=0.00s Real=0.00s
[111.392s][info][gc             ] GC(360) Concurrent Mark Cycle
[111.392s][info][gc,marking     ] GC(360) Concurrent Scan Root Regions
[111.395s][info][gc,marking     ] GC(360) Concurrent Scan Root Regions 3.842ms
[111.395s][info][gc,marking     ] GC(360) Concurrent Mark
[111.395s][info][gc,marking     ] GC(360) Concurrent Mark From Roots
[111.396s][info][gc,task        ] GC(360) Using 8 workers of 8 for marking
[111.400s][info][gc,start       ] GC(361) Pause Young (Normal) (G1 Evacuation Pause)
[111.401s][info][gc,task        ] GC(361) Using 2 workers of 33 for evacuation
[111.406s][info][gc,phases      ] GC(361)   Pre Evacuate Collection Set: 0.1ms
[111.406s][info][gc,phases      ] GC(361)   Merge Heap Roots: 0.1ms
[111.406s][info][gc,phases      ] GC(361)   Evacuate Collection Set: 4.9ms
[111.406s][info][gc,phases      ] GC(361)   Post Evacuate Collection Set: 0.4ms
[111.406s][info][gc,phases      ] GC(361)   Other: 0.1ms
[111.406s][info][gc,heap        ] GC(361) Eden regions: 48->0(50)
[111.406s][info][gc,heap        ] GC(361) Survivor regions: 2->2(7)
[111.406s][info][gc,heap        ] GC(361) Old regions: 25->25
[111.406s][info][gc,heap        ] GC(361) Archive regions: 0->0
[111.406s][info][gc,heap        ] GC(361) Humongous regions: 0->0
[111.406s][info][gc,metaspace   ] GC(361) Metaspace: 16654K(17088K)->16654K(17088K) NonClass: 14230K(14464K)->14230K(14464K) Class: 2423K(2624K)->2423K(2624K)
[111.406s][info][gc             ] GC(361) Pause Young (Normal) (G1 Evacuation Pause) 69M->21M(94M) 5.896ms
[111.406s][info][gc,cpu         ] GC(361) User=0.00s Sys=0.00s Real=0.00s
[111.414s][info][gc,marking     ] GC(360) Concurrent Mark From Roots 18.808ms
[111.414s][info][gc,marking     ] GC(360) Concurrent Preclean
[111.414s][info][gc,marking     ] GC(360) Concurrent Preclean 0.094ms
[111.415s][info][gc,start       ] GC(360) Pause Remark
[111.418s][info][gc             ] GC(360) Pause Remark 64M->64M(119M) 3.500ms
[111.418s][info][gc,cpu         ] GC(360) User=0.00s Sys=0.00s Real=0.00s
[111.418s][info][gc,marking     ] GC(360) Concurrent Mark 22.783ms
[111.418s][info][gc,marking     ] GC(360) Concurrent Rebuild Remembered Sets and Scrub Regions
[111.421s][info][gc,marking     ] GC(360) Concurrent Rebuild Remembered Sets and Scrub Regions 2.837ms
[111.421s][info][gc,start       ] GC(360) Pause Cleanup
[111.422s][info][gc             ] GC(360) Pause Cleanup 69M->69M(119M) 0.107ms
[111.422s][info][gc,cpu         ] GC(360) User=0.00s Sys=0.00s Real=0.00s
[111.422s][info][gc,marking     ] GC(360) Concurrent Clear Claimed Marks
[111.422s][info][gc,marking     ] GC(360) Concurrent Clear Claimed Marks 0.034ms
[111.422s][info][gc,marking     ] GC(360) Concurrent Cleanup for Next Mark
[111.423s][info][gc,marking     ] GC(360) Concurrent Cleanup for Next Mark 0.980ms
[111.423s][info][gc             ] GC(360) Concurrent Mark Cycle 31.456ms
[111.424s][info][gc,start       ] GC(362) Pause Young (Prepare Mixed) (G1 Evacuation Pause)
[111.424s][info][gc,task        ] GC(362) Using 2 workers of 33 for evacuation
[111.431s][info][gc,phases      ] GC(362)   Pre Evacuate Collection Set: 0.1ms
[111.431s][info][gc,phases      ] GC(362)   Merge Heap Roots: 0.1ms
[111.431s][info][gc,phases      ] GC(362)   Evacuate Collection Set: 4.1ms
[111.431s][info][gc,phases      ] GC(362)   Post Evacuate Collection Set: 3.0ms
[111.431s][info][gc,phases      ] GC(362)   Other: 0.1ms
[111.431s][info][gc,heap        ] GC(362) Eden regions: 50->0(341)
[111.431s][info][gc,heap        ] GC(362) Survivor regions: 2->2(7)
[111.431s][info][gc,heap        ] GC(362) Old regions: 25->25
[111.431s][info][gc,heap        ] GC(362) Archive regions: 0->0
[111.431s][info][gc,heap        ] GC(362) Humongous regions: 0->0
[111.431s][info][gc,metaspace   ] GC(362) Metaspace: 16654K(17088K)->16654K(17088K) NonClass: 14230K(14464K)->14230K(14464K) Class: 2423K(2624K)->2423K(2624K)
[111.431s][info][gc             ] GC(362) Pause Young (Prepare Mixed) (G1 Evacuation Pause) 71M->21M(572M) 7.492ms
[111.431s][info][gc,cpu         ] GC(362) User=0.00s Sys=0.00s Real=0.00s
[111.655s][info][gc,start       ] GC(363) Pause Young (Mixed) (G1 Evacuation Pause)
[111.655s][info][gc,task        ] GC(363) Using 13 workers of 33 for evacuation
[111.656s][info][gc,phases      ] GC(363)   Pre Evacuate Collection Set: 0.1ms
[111.656s][info][gc,phases      ] GC(363)   Merge Heap Roots: 0.1ms
[111.656s][info][gc,phases      ] GC(363)   Evacuate Collection Set: 0.6ms
[111.656s][info][gc,phases      ] GC(363)   Post Evacuate Collection Set: 0.4ms
[111.656s][info][gc,phases      ] GC(363)   Other: 0.1ms
[111.656s][info][gc,heap        ] GC(363) Eden regions: 341->0(341)
[111.656s][info][gc,heap        ] GC(363) Survivor regions: 2->2(43)
[111.656s][info][gc,heap        ] GC(363) Old regions: 25->24
[111.656s][info][gc,heap        ] GC(363) Archive regions: 0->0
[111.656s][info][gc,heap        ] GC(363) Humongous regions: 0->0
[111.656s][info][gc,metaspace   ] GC(363) Metaspace: 16654K(17088K)->16654K(17088K) NonClass: 14230K(14464K)->14230K(14464K) Class: 2423K(2624K)->2423K(2624K)
[111.656s][info][gc             ] GC(363) Pause Young (Mixed) (G1 Evacuation Pause) 362M->21M(572M) 1.560ms
[111.656s][info][gc,cpu         ] GC(363) User=0.00s Sys=0.00s Real=0.00s
[111.694s][info][gc,start       ] GC(364) Pause Young (Concurrent Start) (G1 Evacuation Pause)
[111.694s][info][gc,task        ] GC(364) Using 13 workers of 33 for evacuation
[111.695s][info][gc,phases      ] GC(364)   Pre Evacuate Collection Set: 0.2ms
[111.695s][info][gc,phases      ] GC(364)   Merge Heap Roots: 0.1ms
[111.695s][info][gc,phases      ] GC(364)   Evacuate Collection Set: 0.6ms
[111.695s][info][gc,phases      ] GC(364)   Post Evacuate Collection Set: 0.4ms
[111.695s][info][gc,phases      ] GC(364)   Other: 0.1ms
[111.695s][info][gc,heap        ] GC(364) Eden regions: 341->0(341)
[111.695s][info][gc,heap        ] GC(364) Survivor regions: 2->2(43)
[111.695s][info][gc,heap        ] GC(364) Old regions: 24->24
[111.695s][info][gc,heap        ] GC(364) Archive regions: 0->0
[111.695s][info][gc,heap        ] GC(364) Humongous regions: 0->0
[111.695s][info][gc,metaspace   ] GC(364) Metaspace: 16654K(17088K)->16654K(17088K) NonClass: 14230K(14464K)->14230K(14464K) Class: 2423K(2624K)->2423K(2624K)
[111.695s][info][gc             ] GC(364) Pause Young (Concurrent Start) (G1 Evacuation Pause) 362M->21M(572M) 1.671ms
[111.695s][info][gc             ] GC(365) Concurrent Mark Cycle
[111.695s][info][gc,cpu         ] GC(364) User=0.00s Sys=0.00s Real=0.00s
[111.695s][info][gc,marking     ] GC(365) Concurrent Scan Root Regions
[111.697s][info][gc,marking     ] GC(365) Concurrent Scan Root Regions 1.863ms
[111.697s][info][gc,marking     ] GC(365) Concurrent Mark
[111.697s][info][gc,marking     ] GC(365) Concurrent Mark From Roots
[111.697s][info][gc,task        ] GC(365) Using 8 workers of 8 for marking
[111.704s][info][gc,marking     ] GC(365) Concurrent Mark From Roots 6.416ms
[111.704s][info][gc,marking     ] GC(365) Concurrent Preclean
[111.704s][info][gc,marking     ] GC(365) Concurrent Preclean 0.084ms
[111.704s][info][gc,start       ] GC(365) Pause Remark
[111.705s][info][gc             ] GC(365) Pause Remark 98M->97M(340M) 0.997ms
[111.705s][info][gc,cpu         ] GC(365) User=0.00s Sys=0.00s Real=0.00s
[111.705s][info][gc,marking     ] GC(365) Concurrent Mark 7.970ms
[111.705s][info][gc,marking     ] GC(365) Concurrent Rebuild Remembered Sets and Scrub Regions
[111.707s][info][gc,marking     ] GC(365) Concurrent Rebuild Remembered Sets and Scrub Regions 2.223ms
[111.708s][info][gc,start       ] GC(365) Pause Cleanup
[111.708s][info][gc             ] GC(365) Pause Cleanup 119M->119M(340M) 0.109ms
[111.708s][info][gc,cpu         ] GC(365) User=0.00s Sys=0.00s Real=0.00s
[111.708s][info][gc,marking     ] GC(365) Concurrent Clear Claimed Marks
[111.708s][info][gc,marking     ] GC(365) Concurrent Clear Claimed Marks 0.054ms
[111.708s][info][gc,marking     ] GC(365) Concurrent Cleanup for Next Mark
[111.709s][info][gc,marking     ] GC(365) Concurrent Cleanup for Next Mark 1.249ms
[111.709s][info][gc             ] GC(365) Concurrent Mark Cycle 13.996ms
[111.747s][info][gc,start       ] GC(366) Pause Young (Prepare Mixed) (G1 Evacuation Pause)
[111.753s][info][gc,task        ] GC(366) Using 10 workers of 33 for evacuation
[111.754s][info][gc,phases      ] GC(366)   Pre Evacuate Collection Set: 0.1ms
[111.754s][info][gc,phases      ] GC(366)   Merge Heap Roots: 0.1ms
[111.754s][info][gc,phases      ] GC(366)   Evacuate Collection Set: 0.7ms
[111.755s][info][gc,phases      ] GC(366)   Post Evacuate Collection Set: 0.3ms
[111.755s][info][gc,phases      ] GC(366)   Other: 0.1ms
[111.755s][info][gc,heap        ] GC(366) Eden regions: 202->0(202)
[111.755s][info][gc,heap        ] GC(366) Survivor regions: 2->2(26)
[111.755s][info][gc,heap        ] GC(366) Old regions: 23->23
[111.755s][info][gc,heap        ] GC(366) Archive regions: 0->0
[111.755s][info][gc,heap        ] GC(366) Humongous regions: 0->0
[111.755s][info][gc,metaspace   ] GC(366) Metaspace: 16654K(17088K)->16654K(17088K) NonClass: 14230K(14464K)->14230K(14464K) Class: 2423K(2624K)->2423K(2624K)
[111.755s][info][gc             ] GC(366) Pause Young (Prepare Mixed) (G1 Evacuation Pause) 222M->20M(340M) 7.408ms
[111.755s][info][gc,cpu         ] GC(366) User=0.00s Sys=0.00s Real=0.00s
[111.778s][info][gc,start       ] GC(367) Pause Young (Mixed) (G1 Evacuation Pause)
[111.778s][info][gc,task        ] GC(367) Using 9 workers of 33 for evacuation
[111.779s][info][gc,phases      ] GC(367)   Pre Evacuate Collection Set: 0.1ms
[111.779s][info][gc,phases      ] GC(367)   Merge Heap Roots: 0.1ms
[111.779s][info][gc,phases      ] GC(367)   Evacuate Collection Set: 0.7ms
[111.779s][info][gc,phases      ] GC(367)   Post Evacuate Collection Set: 0.3ms
[111.779s][info][gc,phases      ] GC(367)   Other: 0.1ms
[111.779s][info][gc,heap        ] GC(367) Eden regions: 202->0(202)
[111.779s][info][gc,heap        ] GC(367) Survivor regions: 2->2(26)
[111.779s][info][gc,heap        ] GC(367) Old regions: 23->22
[111.779s][info][gc,heap        ] GC(367) Archive regions: 0->0
[111.779s][info][gc,heap        ] GC(367) Humongous regions: 0->0
[111.779s][info][gc,metaspace   ] GC(367) Metaspace: 16654K(17088K)->16654K(17088K) NonClass: 14230K(14464K)->14230K(14464K) Class: 2423K(2624K)->2423K(2624K)
[111.779s][info][gc             ] GC(367) Pause Young (Mixed) (G1 Evacuation Pause) 222M->18M(340M) 1.530ms
[111.779s][info][gc,cpu         ] GC(367) User=0.00s Sys=0.00s Real=0.00s
[111.802s][info][gc,start       ] GC(368) Pause Young (Concurrent Start) (G1 Evacuation Pause)
[111.802s][info][gc,task        ] GC(368) Using 8 workers of 33 for evacuation
[111.803s][info][gc,phases      ] GC(368)   Pre Evacuate Collection Set: 0.2ms
[111.803s][info][gc,phases      ] GC(368)   Merge Heap Roots: 0.1ms
[111.803s][info][gc,phases      ] GC(368)   Evacuate Collection Set: 0.7ms
[111.803s][info][gc,phases      ] GC(368)   Post Evacuate Collection Set: 0.3ms
[111.803s][info][gc,phases      ] GC(368)   Other: 0.1ms
[111.803s][info][gc,heap        ] GC(368) Eden regions: 202->0(202)
[111.803s][info][gc,heap        ] GC(368) Survivor regions: 2->2(26)
[111.803s][info][gc,heap        ] GC(368) Old regions: 22->22
[111.803s][info][gc,heap        ] GC(368) Archive regions: 0->0
[111.803s][info][gc,heap        ] GC(368) Humongous regions: 0->0
[111.803s][info][gc,metaspace   ] GC(368) Metaspace: 16654K(17088K)->16654K(17088K) NonClass: 14230K(14464K)->14230K(14464K) Class: 2423K(2624K)->2423K(2624K)
[111.803s][info][gc             ] GC(368) Pause Young (Concurrent Start) (G1 Evacuation Pause) 220M->18M(340M) 1.639ms
[111.803s][info][gc             ] GC(369) Concurrent Mark Cycle
[111.803s][info][gc,cpu         ] GC(368) User=0.00s Sys=0.00s Real=0.00s
[111.803s][info][gc,marking     ] GC(369) Concurrent Scan Root Regions
[111.805s][info][gc,marking     ] GC(369) Concurrent Scan Root Regions 1.700ms
[111.805s][info][gc,marking     ] GC(369) Concurrent Mark
[111.805s][info][gc,marking     ] GC(369) Concurrent Mark From Roots
[111.805s][info][gc,task        ] GC(369) Using 8 workers of 8 for marking
[111.811s][info][gc,marking     ] GC(369) Concurrent Mark From Roots 6.213ms
[111.812s][info][gc,marking     ] GC(369) Concurrent Preclean
[111.812s][info][gc,marking     ] GC(369) Concurrent Preclean 0.076ms
[111.812s][info][gc,start       ] GC(369) Pause Remark
[111.813s][info][gc             ] GC(369) Pause Remark 86M->86M(307M) 1.001ms
[111.813s][info][gc,cpu         ] GC(369) User=0.00s Sys=0.00s Real=0.00s
[111.813s][info][gc,marking     ] GC(369) Concurrent Mark 7.616ms
[111.813s][info][gc,marking     ] GC(369) Concurrent Rebuild Remembered Sets and Scrub Regions
[111.815s][info][gc,marking     ] GC(369) Concurrent Rebuild Remembered Sets and Scrub Regions 2.256ms
[111.815s][info][gc,start       ] GC(369) Pause Cleanup
[111.815s][info][gc             ] GC(369) Pause Cleanup 107M->107M(307M) 0.118ms
[111.815s][info][gc,cpu         ] GC(369) User=0.00s Sys=0.00s Real=0.00s
[111.816s][info][gc,marking     ] GC(369) Concurrent Clear Claimed Marks
[111.816s][info][gc,marking     ] GC(369) Concurrent Clear Claimed Marks 0.068ms
[111.816s][info][gc,marking     ] GC(369) Concurrent Cleanup for Next Mark
[111.816s][info][gc,marking     ] GC(369) Concurrent Cleanup for Next Mark 0.617ms
[111.817s][info][gc             ] GC(369) Concurrent Mark Cycle 13.089ms
[111.847s][info][gc,start       ] GC(370) Pause Young (Prepare Mixed) (G1 Evacuation Pause)
[111.848s][info][gc,task        ] GC(370) Using 7 workers of 33 for evacuation
[111.849s][info][gc,phases      ] GC(370)   Pre Evacuate Collection Set: 0.1ms
[111.849s][info][gc,phases      ] GC(370)   Merge Heap Roots: 0.1ms
[111.849s][info][gc,phases      ] GC(370)   Evacuate Collection Set: 1.1ms
[111.849s][info][gc,phases      ] GC(370)   Post Evacuate Collection Set: 0.4ms
[111.849s][info][gc,phases      ] GC(370)   Other: 0.1ms
[111.849s][info][gc,heap        ] GC(370) Eden regions: 202->0(182)
[111.849s][info][gc,heap        ] GC(370) Survivor regions: 2->2(26)
[111.849s][info][gc,heap        ] GC(370) Old regions: 22->22
[111.849s][info][gc,heap        ] GC(370) Archive regions: 0->0
[111.849s][info][gc,heap        ] GC(370) Humongous regions: 0->0
[111.849s][info][gc,metaspace   ] GC(370) Metaspace: 16654K(17088K)->16654K(17088K) NonClass: 14230K(14464K)->14230K(14464K) Class: 2423K(2624K)->2423K(2624K)
[111.849s][info][gc             ] GC(370) Pause Young (Prepare Mixed) (G1 Evacuation Pause) 220M->18M(307M) 2.035ms
[111.850s][info][gc,cpu         ] GC(370) User=0.00s Sys=0.00s Real=0.00s
[111.883s][info][gc,start       ] GC(371) Pause Young (Mixed) (G1 Evacuation Pause)
[111.883s][info][gc,task        ] GC(371) Using 7 workers of 33 for evacuation
[111.885s][info][gc,phases      ] GC(371)   Pre Evacuate Collection Set: 0.1ms
[111.885s][info][gc,phases      ] GC(371)   Merge Heap Roots: 0.1ms
[111.885s][info][gc,phases      ] GC(371)   Evacuate Collection Set: 0.9ms
[111.885s][info][gc,phases      ] GC(371)   Post Evacuate Collection Set: 0.4ms
[111.885s][info][gc,phases      ] GC(371)   Other: 0.1ms
[111.885s][info][gc,heap        ] GC(371) Eden regions: 182->0(182)
[111.885s][info][gc,heap        ] GC(371) Survivor regions: 2->2(23)
[111.885s][info][gc,heap        ] GC(371) Old regions: 22->22
[111.885s][info][gc,heap        ] GC(371) Archive regions: 0->0
[111.885s][info][gc,heap        ] GC(371) Humongous regions: 0->0
[111.885s][info][gc,metaspace   ] GC(371) Metaspace: 16654K(17088K)->16654K(17088K) NonClass: 14230K(14464K)->14230K(14464K) Class: 2423K(2624K)->2423K(2624K)
[111.885s][info][gc             ] GC(371) Pause Young (Mixed) (G1 Evacuation Pause) 200M->18M(307M) 1.845ms
[111.885s][info][gc,cpu         ] GC(371) User=0.00s Sys=0.00s Real=0.00s
[111.908s][info][gc,start       ] GC(372) Pause Young (Concurrent Start) (G1 Evacuation Pause)
[111.908s][info][gc,task        ] GC(372) Using 7 workers of 33 for evacuation
[111.910s][info][gc,phases      ] GC(372)   Pre Evacuate Collection Set: 0.2ms
[111.910s][info][gc,phases      ] GC(372)   Merge Heap Roots: 0.1ms
[111.910s][info][gc,phases      ] GC(372)   Evacuate Collection Set: 0.8ms
[111.910s][info][gc,phases      ] GC(372)   Post Evacuate Collection Set: 0.3ms
[111.910s][info][gc,phases      ] GC(372)   Other: 0.1ms
[111.910s][info][gc,heap        ] GC(372) Eden regions: 182->0(182)
[111.910s][info][gc,heap        ] GC(372) Survivor regions: 2->2(23)
[111.910s][info][gc,heap        ] GC(372) Old regions: 22->22
[111.910s][info][gc,heap        ] GC(372) Archive regions: 0->0
[111.910s][info][gc,heap        ] GC(372) Humongous regions: 0->0
[111.910s][info][gc,metaspace   ] GC(372) Metaspace: 16654K(17088K)->16654K(17088K) NonClass: 14230K(14464K)->14230K(14464K) Class: 2423K(2624K)->2423K(2624K)
[111.910s][info][gc             ] GC(372) Pause Young (Concurrent Start) (G1 Evacuation Pause) 200M->18M(307M) 1.703ms
[111.910s][info][gc             ] GC(373) Concurrent Mark Cycle
[111.910s][info][gc,cpu         ] GC(372) User=0.00s Sys=0.00s Real=0.00s
[111.910s][info][gc,marking     ] GC(373) Concurrent Scan Root Regions
[111.912s][info][gc,marking     ] GC(373) Concurrent Scan Root Regions 1.960ms
[111.912s][info][gc,marking     ] GC(373) Concurrent Mark
[111.912s][info][gc,marking     ] GC(373) Concurrent Mark From Roots
[111.912s][info][gc,task        ] GC(373) Using 8 workers of 8 for marking
[111.919s][info][gc,marking     ] GC(373) Concurrent Mark From Roots 6.413ms
[111.919s][info][gc,marking     ] GC(373) Concurrent Preclean
[111.919s][info][gc,marking     ] GC(373) Concurrent Preclean 0.075ms
[111.919s][info][gc,start       ] GC(373) Pause Remark
[111.920s][info][gc             ] GC(373) Pause Remark 93M->93M(307M) 1.047ms
[111.920s][info][gc,cpu         ] GC(373) User=0.00s Sys=0.00s Real=0.00s
[111.920s][info][gc,marking     ] GC(373) Concurrent Mark 7.884ms
[111.920s][info][gc,marking     ] GC(373) Concurrent Rebuild Remembered Sets and Scrub Regions
[111.922s][info][gc,marking     ] GC(373) Concurrent Rebuild Remembered Sets and Scrub Regions 2.245ms
[111.922s][info][gc,start       ] GC(373) Pause Cleanup
[111.923s][info][gc             ] GC(373) Pause Cleanup 113M->113M(307M) 0.116ms
[111.923s][info][gc,cpu         ] GC(373) User=0.00s Sys=0.00s Real=0.00s
[111.923s][info][gc,marking     ] GC(373) Concurrent Clear Claimed Marks
[111.923s][info][gc,marking     ] GC(373) Concurrent Clear Claimed Marks 0.031ms
[111.923s][info][gc,marking     ] GC(373) Concurrent Cleanup for Next Mark
[111.923s][info][gc,marking     ] GC(373) Concurrent Cleanup for Next Mark 0.630ms
[111.923s][info][gc             ] GC(373) Concurrent Mark Cycle 13.415ms
[111.933s][info][gc,start       ] GC(374) Pause Young (Prepare Mixed) (G1 Evacuation Pause)
[111.933s][info][gc,task        ] GC(374) Using 7 workers of 33 for evacuation
[111.934s][info][gc,phases      ] GC(374)   Pre Evacuate Collection Set: 0.1ms
[111.934s][info][gc,phases      ] GC(374)   Merge Heap Roots: 0.1ms
[111.934s][info][gc,phases      ] GC(374)   Evacuate Collection Set: 0.8ms
[111.934s][info][gc,phases      ] GC(374)   Post Evacuate Collection Set: 0.3ms
[111.934s][info][gc,phases      ] GC(374)   Other: 0.1ms
[111.934s][info][gc,heap        ] GC(374) Eden regions: 182->0(182)
[111.934s][info][gc,heap        ] GC(374) Survivor regions: 2->2(23)
[111.934s][info][gc,heap        ] GC(374) Old regions: 22->22
[111.934s][info][gc,heap        ] GC(374) Archive regions: 0->0
[111.934s][info][gc,heap        ] GC(374) Humongous regions: 0->0
[111.934s][info][gc,metaspace   ] GC(374) Metaspace: 16654K(17088K)->16654K(17088K) NonClass: 14230K(14464K)->14230K(14464K) Class: 2423K(2624K)->2423K(2624K)
[111.934s][info][gc             ] GC(374) Pause Young (Prepare Mixed) (G1 Evacuation Pause) 200M->18M(307M) 1.565ms
[111.934s][info][gc,cpu         ] GC(374) User=0.00s Sys=0.00s Real=0.00s
[111.956s][info][gc,start       ] GC(375) Pause Young (Mixed) (G1 Evacuation Pause)
[111.956s][info][gc,task        ] GC(375) Using 7 workers of 33 for evacuation
[111.959s][info][gc,phases      ] GC(375)   Pre Evacuate Collection Set: 0.1ms
[111.959s][info][gc,phases      ] GC(375)   Merge Heap Roots: 0.1ms
[111.959s][info][gc,phases      ] GC(375)   Evacuate Collection Set: 0.8ms
[111.959s][info][gc,phases      ] GC(375)   Post Evacuate Collection Set: 1.6ms
[111.959s][info][gc,phases      ] GC(375)   Other: 0.1ms
[111.959s][info][gc,heap        ] GC(375) Eden regions: 182->0(313)
[111.959s][info][gc,heap        ] GC(375) Survivor regions: 2->2(23)
[111.959s][info][gc,heap        ] GC(375) Old regions: 22->21
[111.959s][info][gc,heap        ] GC(375) Archive regions: 0->0
[111.959s][info][gc,heap        ] GC(375) Humongous regions: 0->0
[111.959s][info][gc,metaspace   ] GC(375) Metaspace: 16654K(17088K)->16654K(17088K) NonClass: 14230K(14464K)->14230K(14464K) Class: 2423K(2624K)->2423K(2624K)
[111.959s][info][gc             ] GC(375) Pause Young (Mixed) (G1 Evacuation Pause) 200M->17M(526M) 2.873ms
[111.959s][info][gc,cpu         ] GC(375) User=0.00s Sys=0.00s Real=0.00s
[112.076s][info][gc,start       ] GC(376) Pause Young (Concurrent Start) (G1 Evacuation Pause)
[112.076s][info][gc,task        ] GC(376) Using 12 workers of 33 for evacuation
[112.077s][info][gc,phases      ] GC(376)   Pre Evacuate Collection Set: 0.2ms
[112.077s][info][gc,phases      ] GC(376)   Merge Heap Roots: 0.1ms
[112.077s][info][gc,phases      ] GC(376)   Evacuate Collection Set: 0.5ms
[112.077s][info][gc,phases      ] GC(376)   Post Evacuate Collection Set: 0.4ms
[112.077s][info][gc,phases      ] GC(376)   Other: 0.1ms
[112.077s][info][gc,heap        ] GC(376) Eden regions: 313->0(313)
[112.077s][info][gc,heap        ] GC(376) Survivor regions: 2->2(40)
[112.077s][info][gc,heap        ] GC(376) Old regions: 21->21
[112.077s][info][gc,heap        ] GC(376) Archive regions: 0->0
[112.077s][info][gc,heap        ] GC(376) Humongous regions: 0->0
[112.077s][info][gc,metaspace   ] GC(376) Metaspace: 16654K(17088K)->16654K(17088K) NonClass: 14230K(14464K)->14230K(14464K) Class: 2423K(2624K)->2423K(2624K)
[112.077s][info][gc             ] GC(376) Pause Young (Concurrent Start) (G1 Evacuation Pause) 330M->17M(526M) 1.567ms
[112.078s][info][gc             ] GC(377) Concurrent Mark Cycle
[112.078s][info][gc,cpu         ] GC(376) User=0.00s Sys=0.00s Real=0.00s
[112.078s][info][gc,marking     ] GC(377) Concurrent Scan Root Regions
[112.079s][info][gc,marking     ] GC(377) Concurrent Scan Root Regions 1.598ms
[112.079s][info][gc,marking     ] GC(377) Concurrent Mark
[112.079s][info][gc,marking     ] GC(377) Concurrent Mark From Roots
[112.079s][info][gc,task        ] GC(377) Using 8 workers of 8 for marking
[112.118s][info][gc,start       ] GC(378) Pause Young (Normal) (G1 Evacuation Pause)
[112.118s][info][gc,task        ] GC(378) Using 12 workers of 33 for evacuation
[112.119s][info][gc,phases      ] GC(378)   Pre Evacuate Collection Set: 0.1ms
[112.119s][info][gc,phases      ] GC(378)   Merge Heap Roots: 0.1ms
[112.119s][info][gc,phases      ] GC(378)   Evacuate Collection Set: 0.5ms
[112.119s][info][gc,phases      ] GC(378)   Post Evacuate Collection Set: 0.4ms
[112.119s][info][gc,phases      ] GC(378)   Other: 0.1ms
[112.119s][info][gc,heap        ] GC(378) Eden regions: 313->0(313)
[112.119s][info][gc,heap        ] GC(378) Survivor regions: 2->2(40)
[112.119s][info][gc,heap        ] GC(378) Old regions: 21->21
[112.119s][info][gc,heap        ] GC(378) Archive regions: 0->0
[112.119s][info][gc,heap        ] GC(378) Humongous regions: 0->0
[112.119s][info][gc,metaspace   ] GC(378) Metaspace: 16654K(17088K)->16654K(17088K) NonClass: 14230K(14464K)->14230K(14464K) Class: 2423K(2624K)->2423K(2624K)
[112.119s][info][gc             ] GC(378) Pause Young (Normal) (G1 Evacuation Pause) 330M->17M(526M) 1.370ms
[112.119s][info][gc,cpu         ] GC(378) User=0.00s Sys=0.00s Real=0.00s
[112.119s][info][gc,marking     ] GC(377) Concurrent Mark From Roots 40.083ms
[112.119s][info][gc,marking     ] GC(377) Concurrent Preclean
[112.119s][info][gc,marking     ] GC(377) Concurrent Preclean 0.074ms
[112.120s][info][gc,start       ] GC(377) Pause Remark
[112.120s][info][gc             ] GC(377) Pause Remark 22M->22M(97M) 0.894ms
[112.120s][info][gc,cpu         ] GC(377) User=0.00s Sys=0.00s Real=0.00s
[112.121s][info][gc,marking     ] GC(377) Concurrent Mark 41.350ms
[112.121s][info][gc,marking     ] GC(377) Concurrent Rebuild Remembered Sets and Scrub Regions
[112.123s][info][gc,marking     ] GC(377) Concurrent Rebuild Remembered Sets and Scrub Regions 2.193ms
[112.123s][info][gc,start       ] GC(377) Pause Cleanup
[112.123s][info][gc             ] GC(377) Pause Cleanup 39M->39M(97M) 0.095ms
[112.123s][info][gc,cpu         ] GC(377) User=0.00s Sys=0.00s Real=0.00s
[112.123s][info][gc,marking     ] GC(377) Concurrent Clear Claimed Marks
[112.123s][info][gc,marking     ] GC(377) Concurrent Clear Claimed Marks 0.032ms
[112.123s][info][gc,marking     ] GC(377) Concurrent Cleanup for Next Mark
[112.124s][info][gc,marking     ] GC(377) Concurrent Cleanup for Next Mark 0.322ms
[112.124s][info][gc             ] GC(377) Concurrent Mark Cycle 46.120ms
[112.130s][info][gc,start       ] GC(379) Pause Young (Prepare Mixed) (G1 Evacuation Pause)
[112.130s][info][gc,task        ] GC(379) Using 7 workers of 33 for evacuation
[112.131s][info][gc,phases      ] GC(379)   Pre Evacuate Collection Set: 0.1ms
[112.131s][info][gc,phases      ] GC(379)   Merge Heap Roots: 0.0ms
[112.131s][info][gc,phases      ] GC(379)   Evacuate Collection Set: 0.6ms
[112.131s][info][gc,phases      ] GC(379)   Post Evacuate Collection Set: 0.3ms
[112.131s][info][gc,phases      ] GC(379)   Other: 0.1ms
[112.131s][info][gc,heap        ] GC(379) Eden regions: 74->0(57)
[112.131s][info][gc,heap        ] GC(379) Survivor regions: 2->2(40)
[112.131s][info][gc,heap        ] GC(379) Old regions: 21->21
[112.131s][info][gc,heap        ] GC(379) Archive regions: 0->0
[112.131s][info][gc,heap        ] GC(379) Humongous regions: 0->0
[112.131s][info][gc,metaspace   ] GC(379) Metaspace: 16654K(17088K)->16654K(17088K) NonClass: 14230K(14464K)->14230K(14464K) Class: 2423K(2624K)->2423K(2624K)
[112.131s][info][gc             ] GC(379) Pause Young (Prepare Mixed) (G1 Evacuation Pause) 91M->17M(99M) 1.258ms
[112.131s][info][gc,cpu         ] GC(379) User=0.00s Sys=0.00s Real=0.00s
[112.138s][info][gc,start       ] GC(380) Pause Young (Mixed) (G1 Evacuation Pause)
[112.138s][info][gc,task        ] GC(380) Using 4 workers of 33 for evacuation
[112.139s][info][gc,phases      ] GC(380)   Pre Evacuate Collection Set: 0.1ms
[112.139s][info][gc,phases      ] GC(380)   Merge Heap Roots: 0.0ms
[112.139s][info][gc,phases      ] GC(380)   Evacuate Collection Set: 0.9ms
[112.139s][info][gc,phases      ] GC(380)   Post Evacuate Collection Set: 0.2ms
[112.139s][info][gc,phases      ] GC(380)   Other: 0.1ms
[112.139s][info][gc,heap        ] GC(380) Eden regions: 57->0(58)
[112.139s][info][gc,heap        ] GC(380) Survivor regions: 2->1(8)
[112.139s][info][gc,heap        ] GC(380) Old regions: 21->21
[112.139s][info][gc,heap        ] GC(380) Archive regions: 0->0
[112.139s][info][gc,heap        ] GC(380) Humongous regions: 0->0
[112.139s][info][gc,metaspace   ] GC(380) Metaspace: 16654K(17088K)->16654K(17088K) NonClass: 14230K(14464K)->14230K(14464K) Class: 2423K(2624K)->2423K(2624K)
[112.139s][info][gc             ] GC(380) Pause Young (Mixed) (G1 Evacuation Pause) 74M->16M(99M) 1.502ms
[112.139s][info][gc,cpu         ] GC(380) User=0.00s Sys=0.00s Real=0.00s
[112.144s][info][gc,start       ] GC(381) Pause Young (Concurrent Start) (G1 Humongous Allocation)
[112.144s][info][gc,task        ] GC(381) Using 3 workers of 33 for evacuation
[112.148s][info][gc,phases      ] GC(381)   Pre Evacuate Collection Set: 0.2ms
[112.148s][info][gc,phases      ] GC(381)   Merge Heap Roots: 0.0ms
[112.148s][info][gc,phases      ] GC(381)   Evacuate Collection Set: 0.3ms
[112.148s][info][gc,phases      ] GC(381)   Post Evacuate Collection Set: 3.3ms
[112.148s][info][gc,phases      ] GC(381)   Other: 0.1ms
[112.148s][info][gc,heap        ] GC(381) Eden regions: 32->0(336)
[112.148s][info][gc,heap        ] GC(381) Survivor regions: 1->1(8)
[112.148s][info][gc,heap        ] GC(381) Old regions: 21->21
[112.148s][info][gc,heap        ] GC(381) Archive regions: 0->0
[112.148s][info][gc,heap        ] GC(381) Humongous regions: 0->0
[112.148s][info][gc,metaspace   ] GC(381) Metaspace: 16654K(17088K)->16654K(17088K) NonClass: 14230K(14464K)->14230K(14464K) Class: 2423K(2624K)->2423K(2624K)
[112.148s][info][gc             ] GC(381) Pause Young (Concurrent Start) (G1 Humongous Allocation) 48M->15M(562M) 4.073ms
[112.148s][info][gc             ] GC(382) Concurrent Undo Cycle
[112.148s][info][gc,cpu         ] GC(381) User=0.00s Sys=0.00s Real=0.00s
[112.148s][info][gc,marking     ] GC(382) Concurrent Clear Claimed Marks
[112.148s][info][gc,marking     ] GC(382) Concurrent Clear Claimed Marks 0.017ms
[112.148s][info][gc,marking     ] GC(382) Concurrent Cleanup for Next Mark
[112.148s][info][gc,marking     ] GC(382) Concurrent Cleanup for Next Mark 0.060ms
[112.148s][info][gc             ] GC(382) Concurrent Undo Cycle 0.201ms
[112.506s][info][gc,start       ] GC(383) Pause Young (Normal) (G1 Evacuation Pause)
[112.506s][info][gc,task        ] GC(383) Using 13 workers of 33 for evacuation
[112.576s][info][gc,phases      ] GC(383)   Pre Evacuate Collection Set: 0.2ms
[112.576s][info][gc,phases      ] GC(383)   Merge Heap Roots: 0.2ms
[112.576s][info][gc,phases      ] GC(383)   Evacuate Collection Set: 69.0ms
[112.576s][info][gc,phases      ] GC(383)   Post Evacuate Collection Set: 0.8ms
[112.576s][info][gc,phases      ] GC(383)   Other: 0.2ms
[112.576s][info][gc,heap        ] GC(383) Eden regions: 336->0(192)
[112.576s][info][gc,heap        ] GC(383) Survivor regions: 1->43(43)
[112.576s][info][gc,heap        ] GC(383) Old regions: 21->193
[112.576s][info][gc,heap        ] GC(383) Archive regions: 0->0
[112.576s][info][gc,heap        ] GC(383) Humongous regions: 1->1
[112.576s][info][gc,metaspace   ] GC(383) Metaspace: 16654K(17088K)->16654K(17088K) NonClass: 14230K(14464K)->14230K(14464K) Class: 2423K(2624K)->2423K(2624K)
[112.576s][info][gc             ] GC(383) Pause Young (Normal) (G1 Evacuation Pause) 352M->232M(574M) 70.923ms
[112.577s][info][gc,cpu         ] GC(383) User=1.02s Sys=0.00s Real=0.08s
[112.781s][info][gc,start       ] GC(384) Pause Young (Concurrent Start) (G1 Evacuation Pause)
[112.781s][info][gc,task        ] GC(384) Using 13 workers of 33 for evacuation
[112.844s][info][gc,phases      ] GC(384)   Pre Evacuate Collection Set: 0.3ms
[112.844s][info][gc,phases      ] GC(384)   Merge Heap Roots: 1.0ms
[112.844s][info][gc,phases      ] GC(384)   Evacuate Collection Set: 60.6ms
[112.844s][info][gc,phases      ] GC(384)   Post Evacuate Collection Set: 0.7ms
[112.844s][info][gc,phases      ] GC(384)   Other: 0.1ms
[112.844s][info][gc,heap        ] GC(384) Eden regions: 192->0(111)
[112.844s][info][gc,heap        ] GC(384) Survivor regions: 43->30(30)
[112.844s][info][gc,heap        ] GC(384) Old regions: 193->334
[112.844s][info][gc,heap        ] GC(384) Archive regions: 0->0
[112.844s][info][gc,heap        ] GC(384) Humongous regions: 1->1
[112.844s][info][gc,metaspace   ] GC(384) Metaspace: 16654K(17088K)->16654K(17088K) NonClass: 14230K(14464K)->14230K(14464K) Class: 2423K(2624K)->2423K(2624K)
[112.844s][info][gc             ] GC(384) Pause Young (Concurrent Start) (G1 Evacuation Pause) 424M->359M(600M) 63.064ms
[112.844s][info][gc             ] GC(385) Concurrent Mark Cycle
[112.844s][info][gc,cpu         ] GC(384) User=1.02s Sys=0.00s Real=0.07s
[112.844s][info][gc,marking     ] GC(385) Concurrent Scan Root Regions
[112.861s][info][gc,marking     ] GC(385) Concurrent Scan Root Regions 16.994ms
[112.862s][info][gc,marking     ] GC(385) Concurrent Mark
[112.862s][info][gc,marking     ] GC(385) Concurrent Mark From Roots
[112.862s][info][gc,task        ] GC(385) Using 8 workers of 8 for marking
[112.915s][info][gc,marking     ] GC(385) Concurrent Mark From Roots 53.593ms
[112.915s][info][gc,marking     ] GC(385) Concurrent Preclean
[112.915s][info][gc,marking     ] GC(385) Concurrent Preclean 0.056ms
[112.915s][info][gc,start       ] GC(385) Pause Remark
[112.917s][info][gc             ] GC(385) Pause Remark 406M->406M(687M) 1.659ms
[112.917s][info][gc,cpu         ] GC(385) User=0.00s Sys=0.00s Real=0.00s
[112.917s][info][gc,marking     ] GC(385) Concurrent Mark 55.596ms
[112.917s][info][gc,marking     ] GC(385) Concurrent Rebuild Remembered Sets and Scrub Regions
[112.994s][info][gc,marking     ] GC(385) Concurrent Rebuild Remembered Sets and Scrub Regions 77.218ms
[112.995s][info][gc,start       ] GC(385) Pause Cleanup
[112.995s][info][gc             ] GC(385) Pause Cleanup 451M->451M(687M) 0.198ms
[112.995s][info][gc,cpu         ] GC(385) User=0.00s Sys=0.00s Real=0.00s
[112.995s][info][gc,marking     ] GC(385) Concurrent Clear Claimed Marks
[112.995s][info][gc,marking     ] GC(385) Concurrent Clear Claimed Marks 0.028ms
[112.995s][info][gc,marking     ] GC(385) Concurrent Cleanup for Next Mark
[112.996s][info][gc,marking     ] GC(385) Concurrent Cleanup for Next Mark 0.826ms
[112.996s][info][gc             ] GC(385) Concurrent Mark Cycle 151.255ms
[113.024s][info][gc,start       ] GC(386) Pause Young (Prepare Mixed) (G1 Evacuation Pause)
[113.024s][info][gc,task        ] GC(386) Using 16 workers of 33 for evacuation
[113.071s][info][gc,phases      ] GC(386)   Pre Evacuate Collection Set: 0.1ms
[113.071s][info][gc,phases      ] GC(386)   Merge Heap Roots: 1.1ms
[113.071s][info][gc,phases      ] GC(386)   Evacuate Collection Set: 44.9ms
[113.071s][info][gc,phases      ] GC(386)   Post Evacuate Collection Set: 0.3ms
[113.071s][info][gc,phases      ] GC(386)   Other: 0.1ms
[113.071s][info][gc,heap        ] GC(386) Eden regions: 111->0(107)
[113.071s][info][gc,heap        ] GC(386) Survivor regions: 30->18(18)
[113.071s][info][gc,heap        ] GC(386) Old regions: 334->422
[113.071s][info][gc,heap        ] GC(386) Archive regions: 0->0
[113.071s][info][gc,heap        ] GC(386) Humongous regions: 1->1
[113.071s][info][gc,metaspace   ] GC(386) Metaspace: 16654K(17088K)->16654K(17088K) NonClass: 14230K(14464K)->14230K(14464K) Class: 2423K(2624K)->2423K(2624K)
[113.071s][info][gc             ] GC(386) Pause Young (Prepare Mixed) (G1 Evacuation Pause) 470M->436M(687M) 46.904ms
[113.071s][info][gc,cpu         ] GC(386) User=0.75s Sys=0.00s Real=0.05s
[113.499s][info][gc,start       ] GC(387) Pause Young (Mixed) (G1 Evacuation Pause)
[113.499s][info][gc,task        ] GC(387) Using 16 workers of 33 for evacuation
[113.541s][info][gc,phases      ] GC(387)   Pre Evacuate Collection Set: 0.2ms
[113.541s][info][gc,phases      ] GC(387)   Merge Heap Roots: 2.9ms
[113.541s][info][gc,phases      ] GC(387)   Evacuate Collection Set: 38.5ms
[113.541s][info][gc,phases      ] GC(387)   Post Evacuate Collection Set: 0.4ms
[113.542s][info][gc,phases      ] GC(387)   Other: 0.1ms
[113.542s][info][gc,heap        ] GC(387) Eden regions: 107->0(103)
[113.542s][info][gc,heap        ] GC(387) Survivor regions: 18->16(16)
[113.542s][info][gc,heap        ] GC(387) Old regions: 422->448
[113.542s][info][gc,heap        ] GC(387) Archive regions: 0->0
[113.542s][info][gc,heap        ] GC(387) Humongous regions: 2->2
[113.542s][info][gc,metaspace   ] GC(387) Metaspace: 16654K(17088K)->16654K(17088K) NonClass: 14230K(14464K)->14230K(14464K) Class: 2423K(2624K)->2423K(2624K)
[113.542s][info][gc             ] GC(387) Pause Young (Mixed) (G1 Evacuation Pause) 544M->461M(687M) 42.420ms
[113.542s][info][gc,cpu         ] GC(387) User=1.00s Sys=0.00s Real=0.05s
[119.651s][info][gc,start       ] GC(388) Pause Young (Concurrent Start) (G1 Evacuation Pause)
[119.651s][info][gc,task        ] GC(388) Using 16 workers of 33 for evacuation
[119.680s][info][gc,phases      ] GC(388)   Pre Evacuate Collection Set: 0.3ms
[119.680s][info][gc,phases      ] GC(388)   Merge Heap Roots: 0.4ms
[119.680s][info][gc,phases      ] GC(388)   Evacuate Collection Set: 26.4ms
[119.680s][info][gc,phases      ] GC(388)   Post Evacuate Collection Set: 1.4ms
[119.680s][info][gc,phases      ] GC(388)   Other: 0.1ms
[119.680s][info][gc,heap        ] GC(388) Eden regions: 103->0(149)
[119.680s][info][gc,heap        ] GC(388) Survivor regions: 16->15(15)
[119.680s][info][gc,heap        ] GC(388) Old regions: 448->489
[119.680s][info][gc,heap        ] GC(388) Archive regions: 0->0
[119.680s][info][gc,heap        ] GC(388) Humongous regions: 2->2
[119.680s][info][gc,metaspace   ] GC(388) Metaspace: 16654K(17088K)->16654K(17088K) NonClass: 14231K(14464K)->14231K(14464K) Class: 2423K(2624K)->2423K(2624K)
[119.680s][info][gc             ] GC(388) Pause Young (Concurrent Start) (G1 Evacuation Pause) 564M->501M(815M) 28.983ms
[119.680s][info][gc             ] GC(389) Concurrent Mark Cycle
[119.680s][info][gc,cpu         ] GC(388) User=0.50s Sys=0.00s Real=0.03s
[119.680s][info][gc,marking     ] GC(389) Concurrent Scan Root Regions
[119.686s][info][gc,marking     ] GC(389) Concurrent Scan Root Regions 6.142ms
[119.686s][info][gc,marking     ] GC(389) Concurrent Mark
[119.686s][info][gc,marking     ] GC(389) Concurrent Mark From Roots
[119.686s][info][gc,task        ] GC(389) Using 8 workers of 8 for marking
[119.709s][info][gc,marking     ] GC(389) Concurrent Mark From Roots 22.478ms
[119.709s][info][gc,marking     ] GC(389) Concurrent Preclean
[119.709s][info][gc,marking     ] GC(389) Concurrent Preclean 0.067ms
[119.709s][info][gc,start       ] GC(389) Pause Remark
[119.710s][info][gc             ] GC(389) Pause Remark 523M->500M(842M) 1.265ms
[119.710s][info][gc,cpu         ] GC(389) User=0.00s Sys=0.00s Real=0.00s
[119.710s][info][gc,marking     ] GC(389) Concurrent Mark 24.039ms
[119.710s][info][gc,marking     ] GC(389) Concurrent Rebuild Remembered Sets and Scrub Regions
[119.728s][info][gc,marking     ] GC(389) Concurrent Rebuild Remembered Sets and Scrub Regions 17.869ms
[119.728s][info][gc,start       ] GC(389) Pause Cleanup
[119.729s][info][gc             ] GC(389) Pause Cleanup 515M->515M(842M) 0.377ms
[119.729s][info][gc,cpu         ] GC(389) User=0.00s Sys=0.00s Real=0.00s
[119.729s][info][gc,marking     ] GC(389) Concurrent Clear Claimed Marks
[119.729s][info][gc,marking     ] GC(389) Concurrent Clear Claimed Marks 0.040ms
[119.729s][info][gc,marking     ] GC(389) Concurrent Cleanup for Next Mark
[119.730s][info][gc,marking     ] GC(389) Concurrent Cleanup for Next Mark 0.871ms
[119.730s][info][gc             ] GC(389) Concurrent Mark Cycle 49.707ms
[119.863s][info][gc,start       ] GC(390) Pause Young (Prepare Mixed) (G1 Evacuation Pause)
[119.863s][info][gc,task        ] GC(390) Using 20 workers of 33 for evacuation
[119.894s][info][gc,phases      ] GC(390)   Pre Evacuate Collection Set: 0.2ms
[119.895s][info][gc,phases      ] GC(390)   Merge Heap Roots: 0.5ms
[119.895s][info][gc,phases      ] GC(390)   Evacuate Collection Set: 30.1ms
[119.895s][info][gc,phases      ] GC(390)   Post Evacuate Collection Set: 0.4ms
[119.895s][info][gc,phases      ] GC(390)   Other: 0.1ms
[119.895s][info][gc,heap        ] GC(390) Eden regions: 149->0(140)
[119.895s][info][gc,heap        ] GC(390) Survivor regions: 15->21(21)
[119.895s][info][gc,heap        ] GC(390) Old regions: 467->528
[119.895s][info][gc,heap        ] GC(390) Archive regions: 0->0
[119.895s][info][gc,heap        ] GC(390) Humongous regions: 1->1
[119.895s][info][gc,metaspace   ] GC(390) Metaspace: 16654K(17088K)->16654K(17088K) NonClass: 14231K(14464K)->14231K(14464K) Class: 2423K(2624K)->2423K(2624K)
[119.895s][info][gc             ] GC(390) Pause Young (Prepare Mixed) (G1 Evacuation Pause) 627M->546M(842M) 31.599ms
[119.895s][info][gc,cpu         ] GC(390) User=0.52s Sys=0.11s Real=0.03s
[120.016s][info][gc,start       ] GC(391) Pause Young (Mixed) (G1 Evacuation Pause)
[120.016s][info][gc,task        ] GC(391) Using 20 workers of 33 for evacuation
[120.047s][info][gc,phases      ] GC(391)   Pre Evacuate Collection Set: 0.2ms
[120.047s][info][gc,phases      ] GC(391)   Merge Heap Roots: 0.2ms
[120.047s][info][gc,phases      ] GC(391)   Evacuate Collection Set: 30.3ms
[120.047s][info][gc,phases      ] GC(391)   Post Evacuate Collection Set: 0.4ms
[120.047s][info][gc,phases      ] GC(391)   Other: 0.2ms
[120.047s][info][gc,heap        ] GC(391) Eden regions: 140->0(150)
[120.047s][info][gc,heap        ] GC(391) Survivor regions: 21->21(21)
[120.047s][info][gc,heap        ] GC(391) Old regions: 528->508
[120.047s][info][gc,heap        ] GC(391) Archive regions: 0->0
[120.047s][info][gc,heap        ] GC(391) Humongous regions: 1->1
[120.047s][info][gc,metaspace   ] GC(391) Metaspace: 16654K(17088K)->16654K(17088K) NonClass: 14231K(14464K)->14231K(14464K) Class: 2423K(2624K)->2423K(2624K)
[120.047s][info][gc             ] GC(391) Pause Young (Mixed) (G1 Evacuation Pause) 686M->525M(842M) 31.543ms
[120.047s][info][gc,cpu         ] GC(391) User=0.63s Sys=0.00s Real=0.03s
[120.180s][info][gc,start       ] GC(392) Pause Young (Mixed) (G1 Evacuation Pause)
[120.180s][info][gc,task        ] GC(392) Using 20 workers of 33 for evacuation
[120.214s][info][gc,phases      ] GC(392)   Pre Evacuate Collection Set: 0.2ms
[120.214s][info][gc,phases      ] GC(392)   Merge Heap Roots: 0.2ms
[120.215s][info][gc,phases      ] GC(392)   Evacuate Collection Set: 33.2ms
[120.215s][info][gc,phases      ] GC(392)   Post Evacuate Collection Set: 0.4ms
[120.215s][info][gc,phases      ] GC(392)   Other: 0.2ms
[120.215s][info][gc,heap        ] GC(392) Eden regions: 150->0(158)
[120.215s][info][gc,heap        ] GC(392) Survivor regions: 21->22(22)
[120.215s][info][gc,heap        ] GC(392) Old regions: 508->492
[120.215s][info][gc,heap        ] GC(392) Archive regions: 0->0
[120.215s][info][gc,heap        ] GC(392) Humongous regions: 1->1
[120.215s][info][gc,metaspace   ] GC(392) Metaspace: 16654K(17088K)->16654K(17088K) NonClass: 14231K(14464K)->14231K(14464K) Class: 2423K(2624K)->2423K(2624K)
[120.215s][info][gc             ] GC(392) Pause Young (Mixed) (G1 Evacuation Pause) 675M->511M(842M) 34.694ms
[120.215s][info][gc,cpu         ] GC(392) User=0.63s Sys=0.00s Real=0.03s
[120.354s][info][gc,start       ] GC(393) Pause Young (Mixed) (G1 Evacuation Pause)
[120.354s][info][gc,task        ] GC(393) Using 20 workers of 33 for evacuation
[120.390s][info][gc,phases      ] GC(393)   Pre Evacuate Collection Set: 0.2ms
[120.390s][info][gc,phases      ] GC(393)   Merge Heap Roots: 0.2ms
[120.390s][info][gc,phases      ] GC(393)   Evacuate Collection Set: 35.1ms
[120.390s][info][gc,phases      ] GC(393)   Post Evacuate Collection Set: 0.4ms
[120.390s][info][gc,phases      ] GC(393)   Other: 0.1ms
[120.390s][info][gc,heap        ] GC(393) Eden regions: 158->0(162)
[120.390s][info][gc,heap        ] GC(393) Survivor regions: 22->23(23)
[120.390s][info][gc,heap        ] GC(393) Old regions: 492->484
[120.390s][info][gc,heap        ] GC(393) Archive regions: 0->0
[120.390s][info][gc,heap        ] GC(393) Humongous regions: 1->1
[120.390s][info][gc,metaspace   ] GC(393) Metaspace: 16654K(17088K)->16654K(17088K) NonClass: 14231K(14464K)->14231K(14464K) Class: 2423K(2624K)->2423K(2624K)
[120.390s][info][gc             ] GC(393) Pause Young (Mixed) (G1 Evacuation Pause) 669M->504M(842M) 36.315ms
[120.390s][info][gc,cpu         ] GC(393) User=0.94s Sys=0.00s Real=0.05s
[120.535s][info][gc,start       ] GC(394) Pause Young (Mixed) (G1 Evacuation Pause)
[120.535s][info][gc,task        ] GC(394) Using 20 workers of 33 for evacuation
[120.574s][info][gc,phases      ] GC(394)   Pre Evacuate Collection Set: 0.2ms
[120.574s][info][gc,phases      ] GC(394)   Merge Heap Roots: 0.2ms
[120.574s][info][gc,phases      ] GC(394)   Evacuate Collection Set: 37.4ms
[120.574s][info][gc,phases      ] GC(394)   Post Evacuate Collection Set: 0.6ms
[120.574s][info][gc,phases      ] GC(394)   Other: 0.1ms
[120.574s][info][gc,heap        ] GC(394) Eden regions: 162->0(180)
[120.574s][info][gc,heap        ] GC(394) Survivor regions: 23->24(24)
[120.574s][info][gc,heap        ] GC(394) Old regions: 484->488
[120.574s][info][gc,heap        ] GC(394) Archive regions: 0->0
[120.574s][info][gc,heap        ] GC(394) Humongous regions: 1->1
[120.574s][info][gc,metaspace   ] GC(394) Metaspace: 16654K(17088K)->16654K(17088K) NonClass: 14231K(14464K)->14231K(14464K) Class: 2423K(2624K)->2423K(2624K)
[120.574s][info][gc             ] GC(394) Pause Young (Mixed) (G1 Evacuation Pause) 666M->510M(881M) 38.861ms
[120.574s][info][gc,cpu         ] GC(394) User=0.63s Sys=0.00s Real=0.03s
[120.913s][info][gc,start       ] GC(395) Pause Young (Mixed) (G1 Evacuation Pause)
[120.913s][info][gc,task        ] GC(395) Using 21 workers of 33 for evacuation
[120.960s][info][gc,phases      ] GC(395)   Pre Evacuate Collection Set: 0.2ms
[120.960s][info][gc,phases      ] GC(395)   Merge Heap Roots: 1.5ms
[120.960s][info][gc,phases      ] GC(395)   Evacuate Collection Set: 44.9ms
[120.961s][info][gc,phases      ] GC(395)   Post Evacuate Collection Set: 0.7ms
[120.961s][info][gc,phases      ] GC(395)   Other: 0.1ms
[120.961s][info][gc,heap        ] GC(395) Eden regions: 180->0(134)
[120.961s][info][gc,heap        ] GC(395) Survivor regions: 24->26(26)
[120.961s][info][gc,heap        ] GC(395) Old regions: 488->571
[120.961s][info][gc,heap        ] GC(395) Archive regions: 0->0
[120.961s][info][gc,heap        ] GC(395) Humongous regions: 4->4
[120.961s][info][gc,metaspace   ] GC(395) Metaspace: 16654K(17088K)->16654K(17088K) NonClass: 14231K(14464K)->14231K(14464K) Class: 2423K(2624K)->2423K(2624K)
[120.961s][info][gc             ] GC(395) Pause Young (Mixed) (G1 Evacuation Pause) 693M->598M(881M) 47.689ms
[120.961s][info][gc,cpu         ] GC(395) User=0.98s Sys=0.00s Real=0.05s
[121.038s][info][gc,start       ] GC(396) Pause Young (Concurrent Start) (G1 Humongous Allocation)
[121.038s][info][gc,task        ] GC(396) Using 21 workers of 33 for evacuation
[121.084s][info][gc,phases      ] GC(396)   Pre Evacuate Collection Set: 0.2ms
[121.084s][info][gc,phases      ] GC(396)   Merge Heap Roots: 2.7ms
[121.084s][info][gc,phases      ] GC(396)   Evacuate Collection Set: 42.5ms
[121.084s][info][gc,phases      ] GC(396)   Post Evacuate Collection Set: 0.7ms
[121.084s][info][gc,phases      ] GC(396)   Other: 0.1ms
[121.084s][info][gc,heap        ] GC(396) Eden regions: 37->0(107)
[121.084s][info][gc,heap        ] GC(396) Survivor regions: 26->20(20)
[121.084s][info][gc,heap        ] GC(396) Old regions: 571->607
[121.084s][info][gc,heap        ] GC(396) Archive regions: 0->0
[121.084s][info][gc,heap        ] GC(396) Humongous regions: 4->4
[121.084s][info][gc,metaspace   ] GC(396) Metaspace: 16654K(17088K)->16654K(17088K) NonClass: 14231K(14464K)->14231K(14464K) Class: 2423K(2624K)->2423K(2624K)
[121.084s][info][gc             ] GC(396) Pause Young (Concurrent Start) (G1 Humongous Allocation) 635M->628M(881M) 46.587ms
[121.084s][info][gc             ] GC(397) Concurrent Mark Cycle
[121.084s][info][gc,cpu         ] GC(396) User=0.98s Sys=0.00s Real=0.05s
[121.084s][info][gc,marking     ] GC(397) Concurrent Scan Root Regions
[121.091s][info][gc,marking     ] GC(397) Concurrent Scan Root Regions 6.571ms
[121.091s][info][gc,marking     ] GC(397) Concurrent Mark
[121.091s][info][gc,marking     ] GC(397) Concurrent Mark From Roots
[121.091s][info][gc,task        ] GC(397) Using 8 workers of 8 for marking
[121.222s][info][gc,marking     ] GC(397) Concurrent Mark From Roots 130.927ms
[121.222s][info][gc,marking     ] GC(397) Concurrent Preclean
[121.222s][info][gc,marking     ] GC(397) Concurrent Preclean 0.059ms
[121.222s][info][gc,start       ] GC(397) Pause Remark
[121.224s][info][gc             ] GC(397) Pause Remark 636M->560M(939M) 2.127ms
[121.224s][info][gc,cpu         ] GC(397) User=0.00s Sys=0.00s Real=0.00s
[121.224s][info][gc,marking     ] GC(397) Concurrent Mark 133.438ms
[121.224s][info][gc,marking     ] GC(397) Concurrent Rebuild Remembered Sets and Scrub Regions
[121.415s][info][gc,marking     ] GC(397) Concurrent Rebuild Remembered Sets and Scrub Regions 191.114ms
[121.416s][info][gc,start       ] GC(397) Pause Cleanup
[121.416s][info][gc             ] GC(397) Pause Cleanup 571M->571M(939M) 0.746ms
[121.416s][info][gc,cpu         ] GC(397) User=0.00s Sys=0.00s Real=0.00s
[121.417s][info][gc,marking     ] GC(397) Concurrent Clear Claimed Marks
[121.417s][info][gc,marking     ] GC(397) Concurrent Clear Claimed Marks 0.037ms
[121.417s][info][gc,marking     ] GC(397) Concurrent Cleanup for Next Mark
[121.418s][info][gc,marking     ] GC(397) Concurrent Cleanup for Next Mark 0.980ms
[121.418s][info][gc             ] GC(397) Concurrent Mark Cycle 333.363ms
[121.643s][info][gc,start       ] GC(398) Pause Young (Prepare Mixed) (G1 Evacuation Pause)
[121.643s][info][gc,task        ] GC(398) Using 22 workers of 33 for evacuation
[121.676s][info][gc,phases      ] GC(398)   Pre Evacuate Collection Set: 0.2ms
[121.676s][info][gc,phases      ] GC(398)   Merge Heap Roots: 1.4ms
[121.676s][info][gc,phases      ] GC(398)   Evacuate Collection Set: 30.9ms
[121.676s][info][gc,phases      ] GC(398)   Post Evacuate Collection Set: 0.4ms
[121.676s][info][gc,phases      ] GC(398)   Other: 0.1ms
[121.676s][info][gc,heap        ] GC(398) Eden regions: 107->0(175)
[121.676s][info][gc,heap        ] GC(398) Survivor regions: 20->7(16)
[121.676s][info][gc,heap        ] GC(398) Old regions: 532->556
[121.676s][info][gc,heap        ] GC(398) Archive regions: 0->0
[121.676s][info][gc,heap        ] GC(398) Humongous regions: 6->6
[121.677s][info][gc,metaspace   ] GC(398) Metaspace: 16654K(17088K)->16654K(17088K) NonClass: 14231K(14464K)->14231K(14464K) Class: 2423K(2624K)->2423K(2624K)
[121.677s][info][gc             ] GC(398) Pause Young (Prepare Mixed) (G1 Evacuation Pause) 662M->566M(939M) 33.601ms
[121.677s][info][gc,cpu         ] GC(398) User=0.69s Sys=0.00s Real=0.03s
[122.001s][info][gc,start       ] GC(399) Pause Young (Mixed) (G1 Evacuation Pause)
[122.001s][info][gc,task        ] GC(399) Using 22 workers of 33 for evacuation
[122.009s][info][gc,phases      ] GC(399)   Pre Evacuate Collection Set: 0.2ms
[122.009s][info][gc,phases      ] GC(399)   Merge Heap Roots: 0.2ms
[122.009s][info][gc,phases      ] GC(399)   Evacuate Collection Set: 7.3ms
[122.009s][info][gc,phases      ] GC(399)   Post Evacuate Collection Set: 0.5ms
[122.009s][info][gc,phases      ] GC(399)   Other: 0.2ms
[122.009s][info][gc,heap        ] GC(399) Eden regions: 175->0(202)
[122.009s][info][gc,heap        ] GC(399) Survivor regions: 7->7(23)
[122.009s][info][gc,heap        ] GC(399) Old regions: 556->537
[122.009s][info][gc,heap        ] GC(399) Archive regions: 0->0
[122.009s][info][gc,heap        ] GC(399) Humongous regions: 6->6
[122.009s][info][gc,metaspace   ] GC(399) Metaspace: 16654K(17088K)->16654K(17088K) NonClass: 14231K(14464K)->14231K(14464K) Class: 2423K(2624K)->2423K(2624K)
[122.010s][info][gc             ] GC(399) Pause Young (Mixed) (G1 Evacuation Pause) 741M->548M(939M) 8.787ms
[122.010s][info][gc,cpu         ] GC(399) User=0.34s Sys=0.00s Real=0.02s
[122.371s][info][gc,start       ] GC(400) Pause Young (Concurrent Start) (G1 Evacuation Pause)
[122.371s][info][gc,task        ] GC(400) Using 22 workers of 33 for evacuation
[122.377s][info][gc,phases      ] GC(400)   Pre Evacuate Collection Set: 0.3ms
[122.377s][info][gc,phases      ] GC(400)   Merge Heap Roots: 0.1ms
[122.377s][info][gc,phases      ] GC(400)   Evacuate Collection Set: 4.5ms
[122.377s][info][gc,phases      ] GC(400)   Post Evacuate Collection Set: 0.5ms
[122.377s][info][gc,phases      ] GC(400)   Other: 0.1ms
[122.377s][info][gc,heap        ] GC(400) Eden regions: 202->0(224)
[122.377s][info][gc,heap        ] GC(400) Survivor regions: 7->5(27)
[122.377s][info][gc,heap        ] GC(400) Old regions: 537->537
[122.377s][info][gc,heap        ] GC(400) Archive regions: 0->0
[122.377s][info][gc,heap        ] GC(400) Humongous regions: 6->6
[122.377s][info][gc,metaspace   ] GC(400) Metaspace: 16654K(17088K)->16654K(17088K) NonClass: 14231K(14464K)->14231K(14464K) Class: 2423K(2624K)->2423K(2624K)
[122.377s][info][gc             ] GC(400) Pause Young (Concurrent Start) (G1 Evacuation Pause) 750M->545M(939M) 6.092ms
[122.377s][info][gc             ] GC(401) Concurrent Mark Cycle
[122.377s][info][gc,cpu         ] GC(400) User=0.00s Sys=0.00s Real=0.00s
[122.377s][info][gc,marking     ] GC(401) Concurrent Scan Root Regions
[122.384s][info][gc,marking     ] GC(401) Concurrent Scan Root Regions 6.594ms
[122.384s][info][gc,marking     ] GC(401) Concurrent Mark
[122.384s][info][gc,marking     ] GC(401) Concurrent Mark From Roots
[122.384s][info][gc,task        ] GC(401) Using 8 workers of 8 for marking
[122.501s][info][gc,marking     ] GC(401) Concurrent Mark From Roots 116.807ms
[122.501s][info][gc,marking     ] GC(401) Concurrent Preclean
[122.501s][info][gc,marking     ] GC(401) Concurrent Preclean 0.108ms
[122.501s][info][gc,start       ] GC(401) Pause Remark
[122.503s][info][gc             ] GC(401) Pause Remark 594M->586M(984M) 1.360ms
[122.503s][info][gc,cpu         ] GC(401) User=0.00s Sys=0.00s Real=0.00s
[122.503s][info][gc,marking     ] GC(401) Concurrent Mark 118.621ms
[122.503s][info][gc,marking     ] GC(401) Concurrent Rebuild Remembered Sets and Scrub Regions
[122.673s][info][gc,marking     ] GC(401) Concurrent Rebuild Remembered Sets and Scrub Regions 169.821ms
[122.673s][info][gc,start       ] GC(401) Pause Cleanup
[122.673s][info][gc             ] GC(401) Pause Cleanup 588M->588M(984M) 0.598ms
[122.673s][info][gc,cpu         ] GC(401) User=0.00s Sys=0.00s Real=0.00s
[122.673s][info][gc,marking     ] GC(401) Concurrent Clear Claimed Marks
[122.673s][info][gc,marking     ] GC(401) Concurrent Clear Claimed Marks 0.031ms
[122.673s][info][gc,marking     ] GC(401) Concurrent Cleanup for Next Mark
[122.674s][info][gc,marking     ] GC(401) Concurrent Cleanup for Next Mark 0.615ms
[122.674s][info][gc             ] GC(401) Concurrent Mark Cycle 296.761ms
[124.087s][info][gc,start       ] GC(402) Pause Full (System.gc())
[124.087s][info][gc,task        ] GC(402) Using 23 workers of 33 for full compaction
[124.088s][info][gc,phases,start] GC(402) Phase 1: Mark live objects
[124.098s][info][gc,phases      ] GC(402) Phase 1: Mark live objects 10.229ms
[124.098s][info][gc,phases,start] GC(402) Phase 2: Prepare compaction
[124.100s][info][gc,phases      ] GC(402) Phase 2: Prepare compaction 1.503ms
[124.100s][info][gc,phases,start] GC(402) Phase 3: Adjust pointers
[124.103s][info][gc,phases      ] GC(402) Phase 3: Adjust pointers 3.722ms
[124.104s][info][gc,phases,start] GC(402) Phase 4: Compact heap
[124.104s][info][gc,phases      ] GC(402) Phase 4: Compact heap 0.680ms
[124.109s][info][gc,heap        ] GC(402) Eden regions: 127->0(43)
[124.109s][info][gc,heap        ] GC(402) Survivor regions: 5->0(27)
[124.109s][info][gc,heap        ] GC(402) Old regions: 532->33
[124.109s][info][gc,heap        ] GC(402) Archive regions: 0->0
[124.109s][info][gc,heap        ] GC(402) Humongous regions: 3->0
[124.109s][info][gc,metaspace   ] GC(402) Metaspace: 16656K(17088K)->16656K(17088K) NonClass: 14232K(14464K)->14232K(14464K) Class: 2423K(2624K)->2423K(2624K)
[124.109s][info][gc             ] GC(402) Pause Full (System.gc()) 664M->17M(110M) 22.453ms
[124.109s][info][gc,cpu         ] GC(402) User=0.02s Sys=0.00s Real=0.02s
[125.094s][info][gc,start       ] GC(403) Pause Young (Concurrent Start) (G1 Evacuation Pause)
[125.094s][info][gc,task        ] GC(403) Using 12 workers of 33 for evacuation
[125.123s][info][gc,phases      ] GC(403)   Pre Evacuate Collection Set: 0.2ms
[125.123s][info][gc,phases      ] GC(403)   Merge Heap Roots: 0.1ms
[125.123s][info][gc,phases      ] GC(403)   Evacuate Collection Set: 27.9ms
[125.123s][info][gc,phases      ] GC(403)   Post Evacuate Collection Set: 0.6ms
[125.123s][info][gc,phases      ] GC(403)   Other: 0.1ms
[125.124s][info][gc,heap        ] GC(403) Eden regions: 43->0(40)
[125.124s][info][gc,heap        ] GC(403) Survivor regions: 0->6(6)
[125.124s][info][gc,heap        ] GC(403) Old regions: 33->34
[125.124s][info][gc,heap        ] GC(403) Archive regions: 0->0
[125.124s][info][gc,heap        ] GC(403) Humongous regions: 0->0
[125.124s][info][gc,metaspace   ] GC(403) Metaspace: 16657K(17088K)->16657K(17088K) NonClass: 14233K(14464K)->14233K(14464K) Class: 2423K(2624K)->2423K(2624K)
[125.124s][info][gc             ] GC(403) Pause Young (Concurrent Start) (G1 Evacuation Pause) 60M->23M(110M) 29.448ms
[125.124s][info][gc             ] GC(404) Concurrent Mark Cycle
[125.124s][info][gc,cpu         ] GC(403) User=0.38s Sys=0.00s Real=0.03s
[125.124s][info][gc,marking     ] GC(404) Concurrent Scan Root Regions
[125.125s][info][gc,marking     ] GC(404) Concurrent Scan Root Regions 1.339ms
[125.125s][info][gc,marking     ] GC(404) Concurrent Mark
[125.125s][info][gc,marking     ] GC(404) Concurrent Mark From Roots
[125.125s][info][gc,task        ] GC(404) Using 8 workers of 8 for marking
[125.129s][info][gc,marking     ] GC(404) Concurrent Mark From Roots 4.019ms
[125.129s][info][gc,marking     ] GC(404) Concurrent Preclean
[125.129s][info][gc,marking     ] GC(404) Concurrent Preclean 0.038ms
[125.129s][info][gc,start       ] GC(404) Pause Remark
[125.131s][info][gc             ] GC(404) Pause Remark 24M->24M(110M) 1.135ms
[125.131s][info][gc,cpu         ] GC(404) User=0.00s Sys=0.00s Real=0.00s
[125.131s][info][gc,marking     ] GC(404) Concurrent Mark 5.434ms
[125.131s][info][gc,marking     ] GC(404) Concurrent Rebuild Remembered Sets and Scrub Regions
[125.132s][info][gc,marking     ] GC(404) Concurrent Rebuild Remembered Sets and Scrub Regions 1.697ms
[125.132s][info][gc,start       ] GC(404) Pause Cleanup
[125.133s][info][gc             ] GC(404) Pause Cleanup 24M->24M(110M) 0.134ms
[125.133s][info][gc,cpu         ] GC(404) User=0.00s Sys=0.00s Real=0.00s
[125.133s][info][gc,marking     ] GC(404) Concurrent Clear Claimed Marks
[125.133s][info][gc,marking     ] GC(404) Concurrent Clear Claimed Marks 0.017ms
[125.133s][info][gc,marking     ] GC(404) Concurrent Cleanup for Next Mark
[125.133s][info][gc,marking     ] GC(404) Concurrent Cleanup for Next Mark 0.145ms
[125.133s][info][gc             ] GC(404) Concurrent Mark Cycle 9.040ms
[125.918s][info][gc,start       ] GC(405) Pause Young (Prepare Mixed) (G1 Evacuation Pause)
[125.919s][info][gc,task        ] GC(405) Using 7 workers of 33 for evacuation
[125.969s][info][gc,phases      ] GC(405)   Pre Evacuate Collection Set: 0.2ms
[125.969s][info][gc,phases      ] GC(405)   Merge Heap Roots: 0.3ms
[125.969s][info][gc,phases      ] GC(405)   Evacuate Collection Set: 43.2ms
[125.969s][info][gc,phases      ] GC(405)   Post Evacuate Collection Set: 6.2ms
[125.969s][info][gc,phases      ] GC(405)   Other: 0.2ms
[125.969s][info][gc,heap        ] GC(405) Eden regions: 40->0(215)
[125.969s][info][gc,heap        ] GC(405) Survivor regions: 6->6(6)
[125.969s][info][gc,heap        ] GC(405) Old regions: 33->62
[125.969s][info][gc,heap        ] GC(405) Archive regions: 0->0
[125.969s][info][gc,heap        ] GC(405) Humongous regions: 0->0
[125.969s][info][gc,metaspace   ] GC(405) Metaspace: 16657K(17088K)->16657K(17088K) NonClass: 14233K(14464K)->14233K(14464K) Class: 2423K(2624K)->2423K(2624K)
[125.969s][info][gc             ] GC(405) Pause Young (Prepare Mixed) (G1 Evacuation Pause) 63M->53M(569M) 50.486ms
[125.969s][info][gc,cpu         ] GC(405) User=0.34s Sys=0.00s Real=0.06s
[126.111s][info][gc,start       ] GC(406) Pause Young (Mixed) (G1 Evacuation Pause)
[126.111s][info][gc,task        ] GC(406) Using 13 workers of 33 for evacuation
[126.117s][info][gc,phases      ] GC(406)   Pre Evacuate Collection Set: 0.1ms
[126.117s][info][gc,phases      ] GC(406)   Merge Heap Roots: 0.1ms
[126.117s][info][gc,phases      ] GC(406)   Evacuate Collection Set: 5.7ms
[126.117s][info][gc,phases      ] GC(406)   Post Evacuate Collection Set: 0.4ms
[126.117s][info][gc,phases      ] GC(406)   Other: 0.1ms
[126.117s][info][gc,heap        ] GC(406) Eden regions: 215->0(151)
[126.117s][info][gc,heap        ] GC(406) Survivor regions: 6->7(28)
[126.117s][info][gc,heap        ] GC(406) Old regions: 62->54
[126.117s][info][gc,heap        ] GC(406) Archive regions: 0->0
[126.117s][info][gc,heap        ] GC(406) Humongous regions: 0->0
[126.117s][info][gc,metaspace   ] GC(406) Metaspace: 16657K(17088K)->16657K(17088K) NonClass: 14233K(14464K)->14233K(14464K) Class: 2423K(2624K)->2423K(2624K)
[126.117s][info][gc             ] GC(406) Pause Young (Mixed) (G1 Evacuation Pause) 268M->55M(569M) 6.512ms
[126.117s][info][gc,cpu         ] GC(406) User=0.00s Sys=0.00s Real=0.00s
[126.137s][info][gc,start       ] GC(407) Pause Young (Concurrent Start) (G1 Evacuation Pause)
[126.137s][info][gc,task        ] GC(407) Using 13 workers of 33 for evacuation
[126.143s][info][gc,phases      ] GC(407)   Pre Evacuate Collection Set: 0.2ms
[126.143s][info][gc,phases      ] GC(407)   Merge Heap Roots: 0.1ms
[126.143s][info][gc,phases      ] GC(407)   Evacuate Collection Set: 4.8ms
[126.143s][info][gc,phases      ] GC(407)   Post Evacuate Collection Set: 0.3ms
[126.143s][info][gc,phases      ] GC(407)   Other: 0.1ms
[126.143s][info][gc,heap        ] GC(407) Eden regions: 179->0(230)
[126.143s][info][gc,heap        ] GC(407) Survivor regions: 7->7(24)
[126.143s][info][gc,heap        ] GC(407) Old regions: 54->54
[126.143s][info][gc,heap        ] GC(407) Archive regions: 0->0
[126.143s][info][gc,heap        ] GC(407) Humongous regions: 0->0
[126.143s][info][gc,metaspace   ] GC(407) Metaspace: 16657K(17088K)->16657K(17088K) NonClass: 14233K(14464K)->14233K(14464K) Class: 2423K(2624K)->2423K(2624K)
[126.143s][info][gc             ] GC(407) Pause Young (Concurrent Start) (G1 Evacuation Pause) 234M->55M(569M) 5.710ms
[126.143s][info][gc             ] GC(408) Concurrent Mark Cycle
[126.143s][info][gc,cpu         ] GC(407) User=0.00s Sys=0.00s Real=0.00s
[126.143s][info][gc,marking     ] GC(408) Concurrent Scan Root Regions
[126.145s][info][gc,marking     ] GC(408) Concurrent Scan Root Regions 1.619ms
[126.145s][info][gc,marking     ] GC(408) Concurrent Mark
[126.145s][info][gc,marking     ] GC(408) Concurrent Mark From Roots
[126.145s][info][gc,task        ] GC(408) Using 8 workers of 8 for marking
[126.170s][info][gc,marking     ] GC(408) Concurrent Mark From Roots 25.058ms
[126.170s][info][gc,marking     ] GC(408) Concurrent Preclean
[126.170s][info][gc,marking     ] GC(408) Concurrent Preclean 0.087ms
[126.170s][info][gc,start       ] GC(408) Pause Remark
[126.171s][info][gc             ] GC(408) Pause Remark 274M->274M(569M) 0.982ms
[126.171s][info][gc,cpu         ] GC(408) User=0.00s Sys=0.00s Real=0.00s
[126.172s][info][gc,marking     ] GC(408) Concurrent Mark 26.940ms
[126.172s][info][gc,marking     ] GC(408) Concurrent Rebuild Remembered Sets and Scrub Regions
[126.175s][info][gc,marking     ] GC(408) Concurrent Rebuild Remembered Sets and Scrub Regions 3.566ms
[126.175s][info][gc,start       ] GC(408) Pause Cleanup
[126.175s][info][gc             ] GC(408) Pause Cleanup 283M->283M(569M) 0.133ms
[126.175s][info][gc,cpu         ] GC(408) User=0.00s Sys=0.00s Real=0.00s
[126.176s][info][gc,marking     ] GC(408) Concurrent Clear Claimed Marks
[126.176s][info][gc,marking     ] GC(408) Concurrent Clear Claimed Marks 0.049ms
[126.176s][info][gc,marking     ] GC(408) Concurrent Cleanup for Next Mark
[126.181s][info][gc,marking     ] GC(408) Concurrent Cleanup for Next Mark 4.669ms
[126.181s][info][gc             ] GC(408) Concurrent Mark Cycle 37.713ms
[126.191s][info][gc,start       ] GC(409) Pause Young (Prepare Mixed) (G1 Evacuation Pause)
[126.191s][info][gc,task        ] GC(409) Using 13 workers of 33 for evacuation
[126.196s][info][gc,phases      ] GC(409)   Pre Evacuate Collection Set: 0.1ms
[126.196s][info][gc,phases      ] GC(409)   Merge Heap Roots: 0.1ms
[126.196s][info][gc,phases      ] GC(409)   Evacuate Collection Set: 5.0ms
[126.196s][info][gc,phases      ] GC(409)   Post Evacuate Collection Set: 0.4ms
[126.196s][info][gc,phases      ] GC(409)   Other: 0.1ms
[126.196s][info][gc,heap        ] GC(409) Eden regions: 254->0(298)
[126.196s][info][gc,heap        ] GC(409) Survivor regions: 7->7(33)
[126.196s][info][gc,heap        ] GC(409) Old regions: 54->54
[126.196s][info][gc,heap        ] GC(409) Archive regions: 0->0
[126.196s][info][gc,heap        ] GC(409) Humongous regions: 0->0
[126.196s][info][gc,metaspace   ] GC(409) Metaspace: 16657K(17088K)->16657K(17088K) NonClass: 14233K(14464K)->14233K(14464K) Class: 2423K(2624K)->2423K(2624K)
[126.196s][info][gc             ] GC(409) Pause Young (Prepare Mixed) (G1 Evacuation Pause) 309M->55M(569M) 5.851ms
[126.196s][info][gc,cpu         ] GC(409) User=0.00s Sys=0.00s Real=0.00s
[126.241s][info][gc,start       ] GC(410) Pause Young (Mixed) (G1 Evacuation Pause)
[126.241s][info][gc,task        ] GC(410) Using 13 workers of 33 for evacuation
[126.247s][info][gc,phases      ] GC(410)   Pre Evacuate Collection Set: 0.1ms
[126.247s][info][gc,phases      ] GC(410)   Merge Heap Roots: 0.1ms
[126.247s][info][gc,phases      ] GC(410)   Evacuate Collection Set: 5.2ms
[126.247s][info][gc,phases      ] GC(410)   Post Evacuate Collection Set: 0.4ms
[126.247s][info][gc,phases      ] GC(410)   Other: 0.1ms
[126.247s][info][gc,heap        ] GC(410) Eden regions: 298->0(323)
[126.247s][info][gc,heap        ] GC(410) Survivor regions: 7->7(39)
[126.247s][info][gc,heap        ] GC(410) Old regions: 54->52
[126.247s][info][gc,heap        ] GC(410) Archive regions: 0->0
[126.247s][info][gc,heap        ] GC(410) Humongous regions: 0->0
[126.247s][info][gc,metaspace   ] GC(410) Metaspace: 16657K(17088K)->16657K(17088K) NonClass: 14233K(14464K)->14233K(14464K) Class: 2423K(2624K)->2423K(2624K)
[126.247s][info][gc             ] GC(410) Pause Young (Mixed) (G1 Evacuation Pause) 353M->55M(569M) 6.203ms
[126.247s][info][gc,cpu         ] GC(410) User=0.03s Sys=0.00s Real=0.02s
[126.288s][info][gc,start       ] GC(411) Pause Young (Concurrent Start) (G1 Evacuation Pause)
[126.288s][info][gc,task        ] GC(411) Using 13 workers of 33 for evacuation
[126.294s][info][gc,phases      ] GC(411)   Pre Evacuate Collection Set: 0.2ms
[126.294s][info][gc,phases      ] GC(411)   Merge Heap Roots: 0.1ms
[126.294s][info][gc,phases      ] GC(411)   Evacuate Collection Set: 5.5ms
[126.294s][info][gc,phases      ] GC(411)   Post Evacuate Collection Set: 0.4ms
[126.294s][info][gc,phases      ] GC(411)   Other: 0.1ms
[126.294s][info][gc,heap        ] GC(411) Eden regions: 323->0(334)
[126.294s][info][gc,heap        ] GC(411) Survivor regions: 7->7(42)
[126.294s][info][gc,heap        ] GC(411) Old regions: 52->52
[126.294s][info][gc,heap        ] GC(411) Archive regions: 0->0
[126.294s][info][gc,heap        ] GC(411) Humongous regions: 0->0
[126.294s][info][gc,metaspace   ] GC(411) Metaspace: 16657K(17088K)->16657K(17088K) NonClass: 14233K(14464K)->14233K(14464K) Class: 2423K(2624K)->2423K(2624K)
[126.294s][info][gc             ] GC(411) Pause Young (Concurrent Start) (G1 Evacuation Pause) 378M->55M(569M) 6.574ms
[126.294s][info][gc             ] GC(412) Concurrent Mark Cycle
[126.294s][info][gc,cpu         ] GC(411) User=0.02s Sys=0.00s Real=0.02s
[126.294s][info][gc,marking     ] GC(412) Concurrent Scan Root Regions
[126.296s][info][gc,marking     ] GC(412) Concurrent Scan Root Regions 1.715ms
[126.296s][info][gc,marking     ] GC(412) Concurrent Mark
[126.296s][info][gc,marking     ] GC(412) Concurrent Mark From Roots
[126.296s][info][gc,task        ] GC(412) Using 8 workers of 8 for marking
[126.320s][info][gc,marking     ] GC(412) Concurrent Mark From Roots 23.779ms
[126.320s][info][gc,marking     ] GC(412) Concurrent Preclean
[126.320s][info][gc,marking     ] GC(412) Concurrent Preclean 0.137ms
[126.320s][info][gc,start       ] GC(412) Pause Remark
[126.321s][info][gc             ] GC(412) Pause Remark 274M->274M(569M) 0.889ms
[126.321s][info][gc,cpu         ] GC(412) User=0.00s Sys=0.00s Real=0.00s
[126.321s][info][gc,marking     ] GC(412) Concurrent Mark 25.261ms
[126.321s][info][gc,marking     ] GC(412) Concurrent Rebuild Remembered Sets and Scrub Regions
[126.326s][info][gc,marking     ] GC(412) Concurrent Rebuild Remembered Sets and Scrub Regions 4.573ms
[126.326s][info][gc,start       ] GC(412) Pause Cleanup
[126.326s][info][gc             ] GC(412) Pause Cleanup 312M->312M(569M) 0.140ms
[126.326s][info][gc,cpu         ] GC(412) User=0.00s Sys=0.00s Real=0.00s
[126.326s][info][gc,marking     ] GC(412) Concurrent Clear Claimed Marks
[126.326s][info][gc,marking     ] GC(412) Concurrent Clear Claimed Marks 0.056ms
[126.326s][info][gc,marking     ] GC(412) Concurrent Cleanup for Next Mark
[126.327s][info][gc,marking     ] GC(412) Concurrent Cleanup for Next Mark 0.965ms
[126.328s][info][gc             ] GC(412) Concurrent Mark Cycle 33.234ms
[126.336s][info][gc,start       ] GC(413) Pause Young (Prepare Mixed) (G1 Evacuation Pause)
[126.336s][info][gc,task        ] GC(413) Using 13 workers of 33 for evacuation
[126.342s][info][gc,phases      ] GC(413)   Pre Evacuate Collection Set: 0.1ms
[126.342s][info][gc,phases      ] GC(413)   Merge Heap Roots: 0.1ms
[126.342s][info][gc,phases      ] GC(413)   Evacuate Collection Set: 5.0ms
[126.342s][info][gc,phases      ] GC(413)   Post Evacuate Collection Set: 0.4ms
[126.342s][info][gc,phases      ] GC(413)   Other: 0.1ms
[126.342s][info][gc,heap        ] GC(413) Eden regions: 334->0(334)
[126.342s][info][gc,heap        ] GC(413) Survivor regions: 7->7(43)
[126.342s][info][gc,heap        ] GC(413) Old regions: 52->52
[126.342s][info][gc,heap        ] GC(413) Archive regions: 0->0
[126.342s][info][gc,heap        ] GC(413) Humongous regions: 0->0
[126.342s][info][gc,metaspace   ] GC(413) Metaspace: 16657K(17088K)->16657K(17088K) NonClass: 14233K(14464K)->14233K(14464K) Class: 2423K(2624K)->2423K(2624K)
[126.342s][info][gc             ] GC(413) Pause Young (Prepare Mixed) (G1 Evacuation Pause) 389M->55M(569M) 5.900ms
[126.342s][info][gc,cpu         ] GC(413) User=0.02s Sys=0.00s Real=0.01s
[126.379s][info][gc,start       ] GC(414) Pause Young (Mixed) (G1 Evacuation Pause)
[126.379s][info][gc,task        ] GC(414) Using 13 workers of 33 for evacuation
[126.385s][info][gc,phases      ] GC(414)   Pre Evacuate Collection Set: 0.1ms
[126.385s][info][gc,phases      ] GC(414)   Merge Heap Roots: 0.1ms
[126.385s][info][gc,phases      ] GC(414)   Evacuate Collection Set: 5.1ms
[126.385s][info][gc,phases      ] GC(414)   Post Evacuate Collection Set: 0.4ms
[126.385s][info][gc,phases      ] GC(414)   Other: 0.1ms
[126.385s][info][gc,heap        ] GC(414) Eden regions: 334->0(334)
[126.385s][info][gc,heap        ] GC(414) Survivor regions: 7->7(43)
[126.385s][info][gc,heap        ] GC(414) Old regions: 52->50
[126.385s][info][gc,heap        ] GC(414) Archive regions: 0->0
[126.385s][info][gc,heap        ] GC(414) Humongous regions: 0->0
[126.385s][info][gc,metaspace   ] GC(414) Metaspace: 16657K(17088K)->16657K(17088K) NonClass: 14233K(14464K)->14233K(14464K) Class: 2423K(2624K)->2423K(2624K)
[126.385s][info][gc             ] GC(414) Pause Young (Mixed) (G1 Evacuation Pause) 389M->54M(569M) 6.100ms
[126.385s][info][gc,cpu         ] GC(414) User=0.00s Sys=0.00s Real=0.00s
[126.422s][info][gc,start       ] GC(415) Pause Young (Concurrent Start) (G1 Evacuation Pause)
[126.422s][info][gc,task        ] GC(415) Using 13 workers of 33 for evacuation
[126.428s][info][gc,phases      ] GC(415)   Pre Evacuate Collection Set: 0.2ms
[126.428s][info][gc,phases      ] GC(415)   Merge Heap Roots: 0.1ms
[126.428s][info][gc,phases      ] GC(415)   Evacuate Collection Set: 4.6ms
[126.428s][info][gc,phases      ] GC(415)   Post Evacuate Collection Set: 1.1ms
[126.428s][info][gc,phases      ] GC(415)   Other: 0.1ms
[126.428s][info][gc,heap        ] GC(415) Eden regions: 334->0(399)
[126.428s][info][gc,heap        ] GC(415) Survivor regions: 7->7(43)
[126.428s][info][gc,heap        ] GC(415) Old regions: 50->50
[126.428s][info][gc,heap        ] GC(415) Archive regions: 0->0
[126.428s][info][gc,heap        ] GC(415) Humongous regions: 0->0
[126.428s][info][gc,metaspace   ] GC(415) Metaspace: 16657K(17088K)->16657K(17088K) NonClass: 14233K(14464K)->14233K(14464K) Class: 2423K(2624K)->2423K(2624K)
[126.428s][info][gc             ] GC(415) Pause Young (Concurrent Start) (G1 Evacuation Pause) 388M->54M(677M) 6.295ms
[126.428s][info][gc             ] GC(416) Concurrent Mark Cycle
[126.428s][info][gc,cpu         ] GC(415) User=0.00s Sys=0.00s Real=0.00s
[126.428s][info][gc,marking     ] GC(416) Concurrent Scan Root Regions
[126.429s][info][gc,marking     ] GC(416) Concurrent Scan Root Regions 1.164ms
[126.429s][info][gc,marking     ] GC(416) Concurrent Mark
[126.429s][info][gc,marking     ] GC(416) Concurrent Mark From Roots
[126.429s][info][gc,task        ] GC(416) Using 8 workers of 8 for marking
[126.449s][info][gc,marking     ] GC(416) Concurrent Mark From Roots 19.460ms
[126.449s][info][gc,marking     ] GC(416) Concurrent Preclean
[126.449s][info][gc,marking     ] GC(416) Concurrent Preclean 0.074ms
[126.449s][info][gc,start       ] GC(416) Pause Remark
[126.450s][info][gc             ] GC(416) Pause Remark 105M->105M(364M) 0.967ms
[126.450s][info][gc,cpu         ] GC(416) User=0.00s Sys=0.00s Real=0.00s
[126.450s][info][gc,marking     ] GC(416) Concurrent Mark 21.247ms
[126.450s][info][gc,marking     ] GC(416) Concurrent Rebuild Remembered Sets and Scrub Regions
[126.455s][info][gc,marking     ] GC(416) Concurrent Rebuild Remembered Sets and Scrub Regions 4.314ms
[126.455s][info][gc,start       ] GC(416) Pause Cleanup
[126.455s][info][gc             ] GC(416) Pause Cleanup 140M->140M(364M) 0.116ms
[126.455s][info][gc,cpu         ] GC(416) User=0.00s Sys=0.00s Real=0.00s
[126.455s][info][gc,marking     ] GC(416) Concurrent Clear Claimed Marks
[126.455s][info][gc,marking     ] GC(416) Concurrent Clear Claimed Marks 0.093ms
[126.455s][info][gc,marking     ] GC(416) Concurrent Cleanup for Next Mark
[126.456s][info][gc,marking     ] GC(416) Concurrent Cleanup for Next Mark 0.665ms
[126.456s][info][gc             ] GC(416) Concurrent Mark Cycle 28.168ms
[126.493s][info][gc,start       ] GC(417) Pause Young (Prepare Mixed) (G1 Evacuation Pause)
[126.500s][info][gc,task        ] GC(417) Using 10 workers of 33 for evacuation
[126.506s][info][gc,phases      ] GC(417)   Pre Evacuate Collection Set: 0.1ms
[126.506s][info][gc,phases      ] GC(417)   Merge Heap Roots: 0.1ms
[126.506s][info][gc,phases      ] GC(417)   Evacuate Collection Set: 5.4ms
[126.506s][info][gc,phases      ] GC(417)   Post Evacuate Collection Set: 0.4ms
[126.506s][info][gc,phases      ] GC(417)   Other: 0.1ms
[126.506s][info][gc,heap        ] GC(417) Eden regions: 211->0(211)
[126.506s][info][gc,heap        ] GC(417) Survivor regions: 7->7(28)
[126.506s][info][gc,heap        ] GC(417) Old regions: 50->50
[126.506s][info][gc,heap        ] GC(417) Archive regions: 0->0
[126.506s][info][gc,heap        ] GC(417) Humongous regions: 0->0
[126.506s][info][gc,metaspace   ] GC(417) Metaspace: 16657K(17088K)->16657K(17088K) NonClass: 14233K(14464K)->14233K(14464K) Class: 2423K(2624K)->2423K(2624K)
[126.506s][info][gc             ] GC(417) Pause Young (Prepare Mixed) (G1 Evacuation Pause) 265M->54M(364M) 13.833ms
[126.506s][info][gc,cpu         ] GC(417) User=0.00s Sys=0.02s Real=0.02s
[126.531s][info][gc,start       ] GC(418) Pause Young (Mixed) (G1 Evacuation Pause)
[126.531s][info][gc,task        ] GC(418) Using 9 workers of 33 for evacuation
[126.537s][info][gc,phases      ] GC(418)   Pre Evacuate Collection Set: 0.1ms
[126.537s][info][gc,phases      ] GC(418)   Merge Heap Roots: 0.1ms
[126.537s][info][gc,phases      ] GC(418)   Evacuate Collection Set: 4.9ms
[126.537s][info][gc,phases      ] GC(418)   Post Evacuate Collection Set: 0.4ms
[126.537s][info][gc,phases      ] GC(418)   Other: 0.1ms
[126.537s][info][gc,heap        ] GC(418) Eden regions: 211->0(211)
[126.537s][info][gc,heap        ] GC(418) Survivor regions: 7->7(28)
[126.537s][info][gc,heap        ] GC(418) Old regions: 50->49
[126.537s][info][gc,heap        ] GC(418) Archive regions: 0->0
[126.537s][info][gc,heap        ] GC(418) Humongous regions: 0->0
[126.537s][info][gc,metaspace   ] GC(418) Metaspace: 16657K(17088K)->16657K(17088K) NonClass: 14233K(14464K)->14233K(14464K) Class: 2423K(2624K)->2423K(2624K)
[126.537s][info][gc             ] GC(418) Pause Young (Mixed) (G1 Evacuation Pause) 265M->52M(364M) 5.788ms
[126.537s][info][gc,cpu         ] GC(418) User=0.00s Sys=0.00s Real=0.00s
[126.579s][info][gc,start       ] GC(419) Pause Young (Concurrent Start) (G1 Evacuation Pause)
[126.579s][info][gc,task        ] GC(419) Using 8 workers of 33 for evacuation
[126.586s][info][gc,phases      ] GC(419)   Pre Evacuate Collection Set: 0.2ms
[126.586s][info][gc,phases      ] GC(419)   Merge Heap Roots: 0.1ms
[126.587s][info][gc,phases      ] GC(419)   Evacuate Collection Set: 6.5ms
[126.587s][info][gc,phases      ] GC(419)   Post Evacuate Collection Set: 0.5ms
[126.587s][info][gc,phases      ] GC(419)   Other: 0.1ms
[126.587s][info][gc,heap        ] GC(419) Eden regions: 211->0(211)
[126.587s][info][gc,heap        ] GC(419) Survivor regions: 7->7(28)
[126.587s][info][gc,heap        ] GC(419) Old regions: 49->49
[126.587s][info][gc,heap        ] GC(419) Archive regions: 0->0
[126.587s][info][gc,heap        ] GC(419) Humongous regions: 0->0
[126.587s][info][gc,metaspace   ] GC(419) Metaspace: 16657K(17088K)->16657K(17088K) NonClass: 14233K(14464K)->14233K(14464K) Class: 2423K(2624K)->2423K(2624K)
[126.587s][info][gc             ] GC(419) Pause Young (Concurrent Start) (G1 Evacuation Pause) 263M->52M(364M) 7.717ms
[126.587s][info][gc             ] GC(420) Concurrent Mark Cycle
[126.587s][info][gc,cpu         ] GC(419) User=0.13s Sys=0.00s Real=0.02s
[126.587s][info][gc,marking     ] GC(420) Concurrent Scan Root Regions
[126.589s][info][gc,marking     ] GC(420) Concurrent Scan Root Regions 2.406ms
[126.589s][info][gc,marking     ] GC(420) Concurrent Mark
[126.589s][info][gc,marking     ] GC(420) Concurrent Mark From Roots
[126.589s][info][gc,task        ] GC(420) Using 8 workers of 8 for marking
[126.635s][info][gc,start       ] GC(421) Pause Young (Normal) (G1 Evacuation Pause)
[126.635s][info][gc,task        ] GC(421) Using 8 workers of 33 for evacuation
[126.641s][info][gc,phases      ] GC(421)   Pre Evacuate Collection Set: 0.1ms
[126.641s][info][gc,phases      ] GC(421)   Merge Heap Roots: 0.1ms
[126.641s][info][gc,phases      ] GC(421)   Evacuate Collection Set: 5.4ms
[126.641s][info][gc,phases      ] GC(421)   Post Evacuate Collection Set: 0.4ms
[126.641s][info][gc,phases      ] GC(421)   Other: 0.1ms
[126.641s][info][gc,heap        ] GC(421) Eden regions: 211->0(211)
[126.641s][info][gc,heap        ] GC(421) Survivor regions: 7->7(28)
[126.641s][info][gc,heap        ] GC(421) Old regions: 49->49
[126.641s][info][gc,heap        ] GC(421) Archive regions: 0->0
[126.641s][info][gc,heap        ] GC(421) Humongous regions: 0->0
[126.641s][info][gc,metaspace   ] GC(421) Metaspace: 16657K(17088K)->16657K(17088K) NonClass: 14233K(14464K)->14233K(14464K) Class: 2423K(2624K)->2423K(2624K)
[126.641s][info][gc             ] GC(421) Pause Young (Normal) (G1 Evacuation Pause) 263M->52M(364M) 6.399ms
[126.641s][info][gc,cpu         ] GC(421) User=0.00s Sys=0.00s Real=0.00s
[126.643s][info][gc,marking     ] GC(420) Concurrent Mark From Roots 53.984ms
[126.643s][info][gc,marking     ] GC(420) Concurrent Preclean
[126.644s][info][gc,marking     ] GC(420) Concurrent Preclean 0.139ms
[126.644s][info][gc,start       ] GC(420) Pause Remark
[126.645s][info][gc             ] GC(420) Pause Remark 68M->68M(244M) 1.330ms
[126.645s][info][gc,cpu         ] GC(420) User=0.00s Sys=0.00s Real=0.00s
[126.645s][info][gc,marking     ] GC(420) Concurrent Mark 56.040ms
[126.645s][info][gc,marking     ] GC(420) Concurrent Rebuild Remembered Sets and Scrub Regions
[126.651s][info][gc,marking     ] GC(420) Concurrent Rebuild Remembered Sets and Scrub Regions 5.604ms
[126.667s][info][gc,start       ] GC(420) Pause Cleanup
[126.667s][info][gc             ] GC(420) Pause Cleanup 108M->108M(244M) 0.155ms
[126.667s][info][gc,cpu         ] GC(420) User=0.00s Sys=0.00s Real=0.00s
[126.667s][info][gc,marking     ] GC(420) Concurrent Clear Claimed Marks
[126.667s][info][gc,marking     ] GC(420) Concurrent Clear Claimed Marks 0.043ms
[126.667s][info][gc,marking     ] GC(420) Concurrent Cleanup for Next Mark
[126.667s][info][gc,marking     ] GC(420) Concurrent Cleanup for Next Mark 0.359ms
[126.667s][info][gc             ] GC(420) Concurrent Mark Cycle 80.517ms
[126.756s][info][gc,start       ] GC(422) Pause Young (Prepare Mixed) (G1 Evacuation Pause)
[126.756s][info][gc,task        ] GC(422) Using 6 workers of 33 for evacuation
[126.792s][info][gc,phases      ] GC(422)   Pre Evacuate Collection Set: 0.2ms
[126.792s][info][gc,phases      ] GC(422)   Merge Heap Roots: 0.1ms
[126.793s][info][gc,phases      ] GC(422)   Evacuate Collection Set: 35.1ms
[126.793s][info][gc,phases      ] GC(422)   Post Evacuate Collection Set: 0.6ms
[126.793s][info][gc,phases      ] GC(422)   Other: 0.2ms
[126.793s][info][gc,heap        ] GC(422) Eden regions: 139->0(95)
[126.793s][info][gc,heap        ] GC(422) Survivor regions: 7->19(19)
[126.793s][info][gc,heap        ] GC(422) Old regions: 49->77
[126.793s][info][gc,heap        ] GC(422) Archive regions: 0->0
[126.793s][info][gc,heap        ] GC(422) Humongous regions: 1->1
[126.793s][info][gc,metaspace   ] GC(422) Metaspace: 16657K(17088K)->16657K(17088K) NonClass: 14233K(14464K)->14233K(14464K) Class: 2423K(2624K)->2423K(2624K)
[126.793s][info][gc             ] GC(422) Pause Young (Prepare Mixed) (G1 Evacuation Pause) 192M->93M(244M) 36.716ms
[126.793s][info][gc,cpu         ] GC(422) User=0.28s Sys=0.00s Real=0.05s
[126.901s][info][gc,start       ] GC(423) Pause Young (Mixed) (G1 Evacuation Pause)
[126.901s][info][gc,task        ] GC(423) Using 5 workers of 33 for evacuation
[126.963s][info][gc,phases      ] GC(423)   Pre Evacuate Collection Set: 0.2ms
[126.963s][info][gc,phases      ] GC(423)   Merge Heap Roots: 0.4ms
[126.963s][info][gc,phases      ] GC(423)   Evacuate Collection Set: 58.5ms
[126.963s][info][gc,phases      ] GC(423)   Post Evacuate Collection Set: 2.9ms
[126.963s][info][gc,phases      ] GC(423)   Other: 0.1ms
[126.963s][info][gc,heap        ] GC(423) Eden regions: 95->0(194)
[126.963s][info][gc,heap        ] GC(423) Survivor regions: 19->15(15)
[126.963s][info][gc,heap        ] GC(423) Old regions: 77->141
[126.963s][info][gc,heap        ] GC(423) Archive regions: 0->0
[126.963s][info][gc,heap        ] GC(423) Humongous regions: 1->1
[126.963s][info][gc,metaspace   ] GC(423) Metaspace: 16657K(17088K)->16657K(17088K) NonClass: 14233K(14464K)->14233K(14464K) Class: 2423K(2624K)->2423K(2624K)
[126.963s][info][gc             ] GC(423) Pause Young (Mixed) (G1 Evacuation Pause) 188M->154M(450M) 62.601ms
[126.963s][info][gc,cpu         ] GC(423) User=0.31s Sys=0.00s Real=0.07s
[127.228s][info][gc,start       ] GC(424) Pause Young (Concurrent Start) (G1 Evacuation Pause)
[127.228s][info][gc,task        ] GC(424) Using 10 workers of 33 for evacuation
[127.290s][info][gc,phases      ] GC(424)   Pre Evacuate Collection Set: 0.3ms
[127.290s][info][gc,phases      ] GC(424)   Merge Heap Roots: 0.6ms
[127.290s][info][gc,phases      ] GC(424)   Evacuate Collection Set: 60.4ms
[127.290s][info][gc,phases      ] GC(424)   Post Evacuate Collection Set: 0.6ms
[127.290s][info][gc,phases      ] GC(424)   Other: 0.2ms
[127.290s][info][gc,heap        ] GC(424) Eden regions: 194->0(94)
[127.290s][info][gc,heap        ] GC(424) Survivor regions: 15->27(27)
[127.290s][info][gc,heap        ] GC(424) Old regions: 141->255
[127.291s][info][gc,heap        ] GC(424) Archive regions: 0->0
[127.291s][info][gc,heap        ] GC(424) Humongous regions: 1->1
[127.291s][info][gc,metaspace   ] GC(424) Metaspace: 16657K(17088K)->16657K(17088K) NonClass: 14233K(14464K)->14233K(14464K) Class: 2423K(2624K)->2423K(2624K)
[127.291s][info][gc             ] GC(424) Pause Young (Concurrent Start) (G1 Evacuation Pause) 348M->281M(492M) 62.732ms
[127.291s][info][gc             ] GC(425) Concurrent Mark Cycle
[127.291s][info][gc,cpu         ] GC(424) User=0.61s Sys=0.02s Real=0.06s
[127.291s][info][gc,marking     ] GC(425) Concurrent Scan Root Regions
[127.305s][info][gc,marking     ] GC(425) Concurrent Scan Root Regions 13.991ms
[127.305s][info][gc,marking     ] GC(425) Concurrent Mark
[127.305s][info][gc,marking     ] GC(425) Concurrent Mark From Roots
[127.305s][info][gc,task        ] GC(425) Using 8 workers of 8 for marking
[127.337s][info][gc,marking     ] GC(425) Concurrent Mark From Roots 32.454ms
[127.337s][info][gc,marking     ] GC(425) Concurrent Preclean
[127.337s][info][gc,marking     ] GC(425) Concurrent Preclean 0.090ms
[127.338s][info][gc,start       ] GC(425) Pause Remark
[127.339s][info][gc             ] GC(425) Pause Remark 319M->291M(492M) 1.103ms
[127.339s][info][gc,cpu         ] GC(425) User=0.00s Sys=0.00s Real=0.00s
[127.339s][info][gc,marking     ] GC(425) Concurrent Mark 33.951ms
[127.339s][info][gc,marking     ] GC(425) Concurrent Rebuild Remembered Sets and Scrub Regions
[127.395s][info][gc,marking     ] GC(425) Concurrent Rebuild Remembered Sets and Scrub Regions 56.430ms
[127.395s][info][gc,start       ] GC(425) Pause Cleanup
[127.396s][info][gc             ] GC(425) Pause Cleanup 341M->341M(492M) 0.203ms
[127.396s][info][gc,cpu         ] GC(425) User=0.00s Sys=0.00s Real=0.00s
[127.396s][info][gc,marking     ] GC(425) Concurrent Clear Claimed Marks
[127.396s][info][gc,marking     ] GC(425) Concurrent Clear Claimed Marks 0.055ms
[127.396s][info][gc,marking     ] GC(425) Concurrent Cleanup for Next Mark
[127.397s][info][gc,marking     ] GC(425) Concurrent Cleanup for Next Mark 0.985ms
[127.397s][info][gc             ] GC(425) Concurrent Mark Cycle 106.094ms
[127.402s][info][gc,start       ] GC(426) Pause Young (Prepare Mixed) (G1 Evacuation Pause)
[127.402s][info][gc,task        ] GC(426) Using 11 workers of 33 for evacuation
[127.441s][info][gc,phases      ] GC(426)   Pre Evacuate Collection Set: 0.1ms
[127.441s][info][gc,phases      ] GC(426)   Merge Heap Roots: 0.6ms
[127.441s][info][gc,phases      ] GC(426)   Evacuate Collection Set: 37.5ms
[127.441s][info][gc,phases      ] GC(426)   Post Evacuate Collection Set: 0.4ms
[127.441s][info][gc,phases      ] GC(426)   Other: 0.1ms
[127.441s][info][gc,heap        ] GC(426) Eden regions: 94->0(72)
[127.441s][info][gc,heap        ] GC(426) Survivor regions: 27->16(16)
[127.441s][info][gc,heap        ] GC(426) Old regions: 227->302
[127.441s][info][gc,heap        ] GC(426) Archive regions: 0->0
[127.441s][info][gc,heap        ] GC(426) Humongous regions: 1->1
[127.441s][info][gc,metaspace   ] GC(426) Metaspace: 16657K(17088K)->16657K(17088K) NonClass: 14233K(14464K)->14233K(14464K) Class: 2423K(2624K)->2423K(2624K)
[127.441s][info][gc             ] GC(426) Pause Young (Prepare Mixed) (G1 Evacuation Pause) 347M->316M(492M) 39.185ms
[127.441s][info][gc,cpu         ] GC(426) User=0.52s Sys=0.00s Real=0.05s
[127.522s][info][gc,start       ] GC(427) Pause Young (Mixed) (G1 Evacuation Pause)
[127.522s][info][gc,task        ] GC(427) Using 11 workers of 33 for evacuation
[127.552s][info][gc,phases      ] GC(427)   Pre Evacuate Collection Set: 0.2ms
[127.552s][info][gc,phases      ] GC(427)   Merge Heap Roots: 0.2ms
[127.552s][info][gc,phases      ] GC(427)   Evacuate Collection Set: 29.7ms
[127.552s][info][gc,phases      ] GC(427)   Post Evacuate Collection Set: 0.3ms
[127.552s][info][gc,phases      ] GC(427)   Other: 0.1ms
[127.552s][info][gc,heap        ] GC(427) Eden regions: 72->0(51)
[127.552s][info][gc,heap        ] GC(427) Survivor regions: 16->11(11)
[127.553s][info][gc,heap        ] GC(427) Old regions: 302->353
[127.553s][info][gc,heap        ] GC(427) Archive regions: 0->0
[127.553s][info][gc,heap        ] GC(427) Humongous regions: 1->1
[127.553s][info][gc,metaspace   ] GC(427) Metaspace: 16657K(17088K)->16657K(17088K) NonClass: 14233K(14464K)->14233K(14464K) Class: 2423K(2624K)->2423K(2624K)
[127.553s][info][gc             ] GC(427) Pause Young (Mixed) (G1 Evacuation Pause) 388M->362M(492M) 31.125ms
[127.553s][info][gc,cpu         ] GC(427) User=0.17s Sys=0.00s Real=0.02s
[127.609s][info][gc,start       ] GC(428) Pause Young (Concurrent Start) (G1 Evacuation Pause)
[127.609s][info][gc,task        ] GC(428) Using 11 workers of 33 for evacuation
[127.633s][info][gc,phases      ] GC(428)   Pre Evacuate Collection Set: 0.3ms
[127.633s][info][gc,phases      ] GC(428)   Merge Heap Roots: 0.2ms
[127.633s][info][gc,phases      ] GC(428)   Evacuate Collection Set: 23.1ms
[127.633s][info][gc,phases      ] GC(428)   Post Evacuate Collection Set: 0.4ms
[127.633s][info][gc,phases      ] GC(428)   Other: 0.1ms
[127.633s][info][gc,heap        ] GC(428) Eden regions: 51->0(35)
[127.633s][info][gc,heap        ] GC(428) Survivor regions: 11->8(8)
[127.633s][info][gc,heap        ] GC(428) Old regions: 353->392
[127.633s][info][gc,heap        ] GC(428) Archive regions: 0->0
[127.633s][info][gc,heap        ] GC(428) Humongous regions: 1->1
[127.633s][info][gc,metaspace   ] GC(428) Metaspace: 16657K(17088K)->16657K(17088K) NonClass: 14233K(14464K)->14233K(14464K) Class: 2423K(2624K)->2423K(2624K)
[127.634s][info][gc             ] GC(428) Pause Young (Concurrent Start) (G1 Evacuation Pause) 413M->399M(492M) 24.615ms
[127.634s][info][gc             ] GC(429) Concurrent Mark Cycle
[127.634s][info][gc,cpu         ] GC(428) User=0.34s Sys=0.00s Real=0.03s
[127.634s][info][gc,marking     ] GC(429) Concurrent Scan Root Regions
[127.642s][info][gc,marking     ] GC(429) Concurrent Scan Root Regions 8.335ms
[127.642s][info][gc,marking     ] GC(429) Concurrent Mark
[127.642s][info][gc,marking     ] GC(429) Concurrent Mark From Roots
[127.642s][info][gc,task        ] GC(429) Using 8 workers of 8 for marking
[127.678s][info][gc,start       ] GC(430) Pause Young (Normal) (G1 Evacuation Pause)
[127.678s][info][gc,task        ] GC(430) Using 11 workers of 33 for evacuation
[127.691s][info][gc,phases      ] GC(430)   Pre Evacuate Collection Set: 0.1ms
[127.691s][info][gc,phases      ] GC(430)   Merge Heap Roots: 0.2ms
[127.691s][info][gc,phases      ] GC(430)   Evacuate Collection Set: 11.0ms
[127.691s][info][gc,phases      ] GC(430)   Post Evacuate Collection Set: 1.9ms
[127.691s][info][gc,phases      ] GC(430)   Other: 0.1ms
[127.691s][info][gc,heap        ] GC(430) Eden regions: 35->0(113)
[127.691s][info][gc,heap        ] GC(430) Survivor regions: 8->6(6)
[127.691s][info][gc,heap        ] GC(430) Old regions: 392->420
[127.691s][info][gc,heap        ] GC(430) Archive regions: 0->0
[127.691s][info][gc,heap        ] GC(430) Humongous regions: 1->1
[127.691s][info][gc,metaspace   ] GC(430) Metaspace: 16657K(17088K)->16657K(17088K) NonClass: 14233K(14464K)->14233K(14464K) Class: 2423K(2624K)->2423K(2624K)
[127.691s][info][gc             ] GC(430) Pause Young (Normal) (G1 Evacuation Pause) 434M->424M(705M) 13.507ms
[127.691s][info][gc,cpu         ] GC(430) User=0.17s Sys=0.00s Real=0.02s
[127.765s][info][gc,marking     ] GC(429) Concurrent Mark From Roots 123.192ms
[127.765s][info][gc,marking     ] GC(429) Concurrent Preclean
[127.765s][info][gc,marking     ] GC(429) Concurrent Preclean 0.053ms
[127.765s][info][gc,start       ] GC(429) Pause Remark
[127.768s][info][gc             ] GC(429) Pause Remark 474M->474M(795M) 2.450ms
[127.768s][info][gc,cpu         ] GC(429) User=0.00s Sys=0.00s Real=0.00s
[127.768s][info][gc,marking     ] GC(429) Concurrent Mark 126.043ms
[127.768s][info][gc,marking     ] GC(429) Concurrent Rebuild Remembered Sets and Scrub Regions
[127.806s][info][gc,marking     ] GC(429) Concurrent Rebuild Remembered Sets and Scrub Regions 37.981ms
[127.843s][info][gc,start       ] GC(429) Pause Cleanup
[127.844s][info][gc             ] GC(429) Pause Cleanup 503M->503M(795M) 0.508ms
[127.844s][info][gc,cpu         ] GC(429) User=0.00s Sys=0.00s Real=0.00s
[127.844s][info][gc,marking     ] GC(429) Concurrent Clear Claimed Marks
[127.844s][info][gc,marking     ] GC(429) Concurrent Clear Claimed Marks 0.072ms
[127.844s][info][gc,marking     ] GC(429) Concurrent Cleanup for Next Mark
[127.846s][info][gc,marking     ] GC(429) Concurrent Cleanup for Next Mark 2.086ms
[127.846s][info][gc             ] GC(429) Concurrent Mark Cycle 212.334ms
[128.103s][info][gc,start       ] GC(431) Pause Young (Prepare Mixed) (G1 Evacuation Pause)
[128.103s][info][gc,task        ] GC(431) Using 19 workers of 33 for evacuation
[128.140s][info][gc,phases      ] GC(431)   Pre Evacuate Collection Set: 0.2ms
[128.140s][info][gc,phases      ] GC(431)   Merge Heap Roots: 1.7ms
[128.140s][info][gc,phases      ] GC(431)   Evacuate Collection Set: 34.6ms
[128.140s][info][gc,phases      ] GC(431)   Post Evacuate Collection Set: 0.4ms
[128.140s][info][gc,phases      ] GC(431)   Other: 0.1ms
[128.140s][info][gc,heap        ] GC(431) Eden regions: 113->0(134)
[128.140s][info][gc,heap        ] GC(431) Survivor regions: 6->15(15)
[128.140s][info][gc,heap        ] GC(431) Old regions: 420->459
[128.140s][info][gc,heap        ] GC(431) Archive regions: 0->0
[128.140s][info][gc,heap        ] GC(431) Humongous regions: 2->2
[128.140s][info][gc,metaspace   ] GC(431) Metaspace: 16657K(17088K)->16657K(17088K) NonClass: 14233K(14464K)->14233K(14464K) Class: 2423K(2624K)->2423K(2624K)
[128.140s][info][gc             ] GC(431) Pause Young (Prepare Mixed) (G1 Evacuation Pause) 538M->474M(795M) 37.373ms
[128.140s][info][gc,cpu         ] GC(431) User=0.86s Sys=0.03s Real=0.04s
[134.289s][info][gc,start       ] GC(432) Pause Young (Mixed) (G1 Evacuation Pause)
[134.289s][info][gc,task        ] GC(432) Using 19 workers of 33 for evacuation
[134.325s][info][gc,phases      ] GC(432)   Pre Evacuate Collection Set: 0.2ms
[134.325s][info][gc,phases      ] GC(432)   Merge Heap Roots: 1.8ms
[134.325s][info][gc,phases      ] GC(432)   Evacuate Collection Set: 33.0ms
[134.325s][info][gc,phases      ] GC(432)   Post Evacuate Collection Set: 0.5ms
[134.325s][info][gc,phases      ] GC(432)   Other: 0.1ms
[134.325s][info][gc,heap        ] GC(432) Eden regions: 134->0(127)
[134.325s][info][gc,heap        ] GC(432) Survivor regions: 15->19(19)
[134.325s][info][gc,heap        ] GC(432) Old regions: 459->491
[134.325s][info][gc,heap        ] GC(432) Archive regions: 0->0
[134.325s][info][gc,heap        ] GC(432) Humongous regions: 2->2
[134.325s][info][gc,metaspace   ] GC(432) Metaspace: 16657K(17088K)->16657K(17088K) NonClass: 14233K(14464K)->14233K(14464K) Class: 2423K(2624K)->2423K(2624K)
[134.325s][info][gc             ] GC(432) Pause Young (Mixed) (G1 Evacuation Pause) 608M->510M(795M) 35.945ms
[134.325s][info][gc,cpu         ] GC(432) User=0.84s Sys=0.05s Real=0.05s
[134.428s][info][gc,start       ] GC(433) Pause Young (Concurrent Start) (G1 Evacuation Pause)
[134.429s][info][gc,task        ] GC(433) Using 19 workers of 33 for evacuation
[134.462s][info][gc,phases      ] GC(433)   Pre Evacuate Collection Set: 0.3ms
[134.462s][info][gc,phases      ] GC(433)   Merge Heap Roots: 0.5ms
[134.462s][info][gc,phases      ] GC(433)   Evacuate Collection Set: 32.1ms
[134.462s][info][gc,phases      ] GC(433)   Post Evacuate Collection Set: 0.4ms
[134.462s][info][gc,phases      ] GC(433)   Other: 0.1ms
[134.462s][info][gc,heap        ] GC(433) Eden regions: 127->0(103)
[134.462s][info][gc,heap        ] GC(433) Survivor regions: 19->19(19)
[134.462s][info][gc,heap        ] GC(433) Old regions: 491->547
[134.462s][info][gc,heap        ] GC(433) Archive regions: 0->0
[134.462s][info][gc,heap        ] GC(433) Humongous regions: 2->2
[134.462s][info][gc,metaspace   ] GC(433) Metaspace: 16657K(17088K)->16657K(17088K) NonClass: 14233K(14464K)->14233K(14464K) Class: 2423K(2624K)->2423K(2624K)
[134.462s][info][gc             ] GC(433) Pause Young (Concurrent Start) (G1 Evacuation Pause) 637M->565M(795M) 33.784ms
[134.462s][info][gc             ] GC(434) Concurrent Mark Cycle
[134.462s][info][gc,cpu         ] GC(433) User=0.59s Sys=0.02s Real=0.05s
[134.462s][info][gc,marking     ] GC(434) Concurrent Scan Root Regions
[134.469s][info][gc,marking     ] GC(434) Concurrent Scan Root Regions 7.020ms
[134.469s][info][gc,marking     ] GC(434) Concurrent Mark
[134.469s][info][gc,marking     ] GC(434) Concurrent Mark From Roots
[134.469s][info][gc,task        ] GC(434) Using 8 workers of 8 for marking
[134.495s][info][gc,marking     ] GC(434) Concurrent Mark From Roots 25.708ms
[134.495s][info][gc,marking     ] GC(434) Concurrent Preclean
[134.495s][info][gc,marking     ] GC(434) Concurrent Preclean 0.058ms
[134.495s][info][gc,start       ] GC(434) Pause Remark
[134.496s][info][gc             ] GC(434) Pause Remark 599M->399M(795M) 1.110ms
[134.496s][info][gc,cpu         ] GC(434) User=0.00s Sys=0.00s Real=0.00s
[134.496s][info][gc,marking     ] GC(434) Concurrent Mark 27.110ms
[134.496s][info][gc,marking     ] GC(434) Concurrent Rebuild Remembered Sets and Scrub Regions
[134.513s][info][gc,marking     ] GC(434) Concurrent Rebuild Remembered Sets and Scrub Regions 16.656ms
[134.513s][info][gc,start       ] GC(434) Pause Cleanup
[134.514s][info][gc             ] GC(434) Pause Cleanup 418M->418M(795M) 0.341ms
[134.514s][info][gc,cpu         ] GC(434) User=0.00s Sys=0.00s Real=0.00s
[134.514s][info][gc,marking     ] GC(434) Concurrent Clear Claimed Marks
[134.514s][info][gc,marking     ] GC(434) Concurrent Clear Claimed Marks 0.041ms
[134.514s][info][gc,marking     ] GC(434) Concurrent Cleanup for Next Mark
[134.514s][info][gc,marking     ] GC(434) Concurrent Cleanup for Next Mark 0.485ms
[134.514s][info][gc             ] GC(434) Concurrent Mark Cycle 52.013ms
[134.557s][info][gc,start       ] GC(435) Pause Young (Prepare Mixed) (G1 Evacuation Pause)
[134.557s][info][gc,task        ] GC(435) Using 19 workers of 33 for evacuation
[134.584s][info][gc,phases      ] GC(435)   Pre Evacuate Collection Set: 0.1ms
[134.584s][info][gc,phases      ] GC(435)   Merge Heap Roots: 0.2ms
[134.584s][info][gc,phases      ] GC(435)   Evacuate Collection Set: 25.9ms
[134.584s][info][gc,phases      ] GC(435)   Post Evacuate Collection Set: 0.4ms
[134.584s][info][gc,phases      ] GC(435)   Other: 0.1ms
[134.584s][info][gc,heap        ] GC(435) Eden regions: 103->0(177)
[134.584s][info][gc,heap        ] GC(435) Survivor regions: 19->16(16)
[134.584s][info][gc,heap        ] GC(435) Old regions: 348->397
[134.584s][info][gc,heap        ] GC(435) Archive regions: 0->0
[134.584s][info][gc,heap        ] GC(435) Humongous regions: 1->1
[134.584s][info][gc,metaspace   ] GC(435) Metaspace: 16657K(17088K)->16657K(17088K) NonClass: 14233K(14464K)->14233K(14464K) Class: 2423K(2624K)->2423K(2624K)
[134.584s][info][gc             ] GC(435) Pause Young (Prepare Mixed) (G1 Evacuation Pause) 468M->412M(795M) 27.039ms
[134.584s][info][gc,cpu         ] GC(435) User=0.30s Sys=0.00s Real=0.01s
[134.733s][info][gc,start       ] GC(436) Pause Young (Mixed) (G1 Evacuation Pause)
[134.798s][info][gc,task        ] GC(436) Using 19 workers of 33 for evacuation
[134.833s][info][gc,phases      ] GC(436)   Pre Evacuate Collection Set: 0.2ms
[134.833s][info][gc,phases      ] GC(436)   Merge Heap Roots: 0.2ms
[134.833s][info][gc,phases      ] GC(436)   Evacuate Collection Set: 34.1ms
[134.833s][info][gc,phases      ] GC(436)   Post Evacuate Collection Set: 0.5ms
[134.833s][info][gc,phases      ] GC(436)   Other: 0.2ms
[134.833s][info][gc,heap        ] GC(436) Eden regions: 177->0(182)
[134.833s][info][gc,heap        ] GC(436) Survivor regions: 16->25(25)
[134.833s][info][gc,heap        ] GC(436) Old regions: 397->385
[134.833s][info][gc,heap        ] GC(436) Archive regions: 0->0
[134.833s][info][gc,heap        ] GC(436) Humongous regions: 1->1
[134.833s][info][gc,metaspace   ] GC(436) Metaspace: 16657K(17088K)->16657K(17088K) NonClass: 14233K(14464K)->14233K(14464K) Class: 2423K(2624K)->2423K(2624K)
[134.833s][info][gc             ] GC(436) Pause Young (Mixed) (G1 Evacuation Pause) 589M->409M(795M) 100.843ms
[134.833s][info][gc,cpu         ] GC(436) User=0.59s Sys=0.00s Real=0.10s
[134.990s][info][gc,start       ] GC(437) Pause Young (Mixed) (G1 Evacuation Pause)
[134.990s][info][gc,task        ] GC(437) Using 19 workers of 33 for evacuation
[135.028s][info][gc,phases      ] GC(437)   Pre Evacuate Collection Set: 0.2ms
[135.028s][info][gc,phases      ] GC(437)   Merge Heap Roots: 0.2ms
[135.028s][info][gc,phases      ] GC(437)   Evacuate Collection Set: 36.9ms
[135.028s][info][gc,phases      ] GC(437)   Post Evacuate Collection Set: 0.4ms
[135.028s][info][gc,phases      ] GC(437)   Other: 0.2ms
[135.028s][info][gc,heap        ] GC(437) Eden regions: 182->0(181)
[135.028s][info][gc,heap        ] GC(437) Survivor regions: 25->26(26)
[135.028s][info][gc,heap        ] GC(437) Old regions: 385->392
[135.028s][info][gc,heap        ] GC(437) Archive regions: 0->0
[135.028s][info][gc,heap        ] GC(437) Humongous regions: 1->1
[135.028s][info][gc,metaspace   ] GC(437) Metaspace: 16657K(17088K)->16657K(17088K) NonClass: 14233K(14464K)->14233K(14464K) Class: 2423K(2624K)->2423K(2624K)
[135.028s][info][gc             ] GC(437) Pause Young (Mixed) (G1 Evacuation Pause) 591M->417M(795M) 38.120ms
[135.028s][info][gc,cpu         ] GC(437) User=0.59s Sys=0.00s Real=0.03s
[135.185s][info][gc,start       ] GC(438) Pause Young (Mixed) (G1 Evacuation Pause)
[135.185s][info][gc,task        ] GC(438) Using 19 workers of 33 for evacuation
[135.220s][info][gc,phases      ] GC(438)   Pre Evacuate Collection Set: 0.2ms
[135.220s][info][gc,phases      ] GC(438)   Merge Heap Roots: 0.2ms
[135.220s][info][gc,phases      ] GC(438)   Evacuate Collection Set: 34.6ms
[135.220s][info][gc,phases      ] GC(438)   Post Evacuate Collection Set: 0.7ms
[135.220s][info][gc,phases      ] GC(438)   Other: 0.1ms
[135.220s][info][gc,heap        ] GC(438) Eden regions: 181->0(176)
[135.220s][info][gc,heap        ] GC(438) Survivor regions: 26->26(26)
[135.220s][info][gc,heap        ] GC(438) Old regions: 392->459
[135.220s][info][gc,heap        ] GC(438) Archive regions: 0->0
[135.220s][info][gc,heap        ] GC(438) Humongous regions: 1->1
[135.220s][info][gc,metaspace   ] GC(438) Metaspace: 16657K(17088K)->16657K(17088K) NonClass: 14233K(14464K)->14233K(14464K) Class: 2423K(2624K)->2423K(2624K)
[135.221s][info][gc             ] GC(438) Pause Young (Mixed) (G1 Evacuation Pause) 598M->484M(846M) 35.972ms
[135.221s][info][gc,cpu         ] GC(438) User=0.59s Sys=0.00s Real=0.03s
[135.392s][info][gc,start       ] GC(439) Pause Young (Concurrent Start) (G1 Evacuation Pause)
[135.393s][info][gc,task        ] GC(439) Using 20 workers of 33 for evacuation
[135.429s][info][gc,phases      ] GC(439)   Pre Evacuate Collection Set: 0.3ms
[135.429s][info][gc,phases      ] GC(439)   Merge Heap Roots: 0.1ms
[135.429s][info][gc,phases      ] GC(439)   Evacuate Collection Set: 35.5ms
[135.429s][info][gc,phases      ] GC(439)   Post Evacuate Collection Set: 0.4ms
[135.429s][info][gc,phases      ] GC(439)   Other: 0.1ms
[135.429s][info][gc,heap        ] GC(439) Eden regions: 176->0(139)
[135.429s][info][gc,heap        ] GC(439) Survivor regions: 26->26(26)
[135.429s][info][gc,heap        ] GC(439) Old regions: 459->536
[135.429s][info][gc,heap        ] GC(439) Archive regions: 0->0
[135.429s][info][gc,heap        ] GC(439) Humongous regions: 1->1
[135.429s][info][gc,metaspace   ] GC(439) Metaspace: 16657K(17088K)->16657K(17088K) NonClass: 14233K(14464K)->14233K(14464K) Class: 2423K(2624K)->2423K(2624K)
[135.429s][info][gc             ] GC(439) Pause Young (Concurrent Start) (G1 Evacuation Pause) 660M->560M(846M) 36.713ms
[135.429s][info][gc             ] GC(440) Concurrent Mark Cycle
[135.429s][info][gc,cpu         ] GC(439) User=0.61s Sys=0.02s Real=0.03s
[135.429s][info][gc,marking     ] GC(440) Concurrent Scan Root Regions
[135.441s][info][gc,marking     ] GC(440) Concurrent Scan Root Regions 11.831ms
[135.441s][info][gc,marking     ] GC(440) Concurrent Mark
[135.441s][info][gc,marking     ] GC(440) Concurrent Mark From Roots
[135.441s][info][gc,task        ] GC(440) Using 8 workers of 8 for marking
[135.532s][info][gc,marking     ] GC(440) Concurrent Mark From Roots 90.733ms
[135.532s][info][gc,marking     ] GC(440) Concurrent Preclean
[135.532s][info][gc,marking     ] GC(440) Concurrent Preclean 0.100ms
[135.532s][info][gc,start       ] GC(440) Pause Remark
[135.533s][info][gc             ] GC(440) Pause Remark 592M->525M(880M) 1.252ms
[135.533s][info][gc,cpu         ] GC(440) User=0.00s Sys=0.00s Real=0.00s
[135.533s][info][gc,marking     ] GC(440) Concurrent Mark 92.381ms
[135.534s][info][gc,marking     ] GC(440) Concurrent Rebuild Remembered Sets and Scrub Regions
[135.702s][info][gc,marking     ] GC(440) Concurrent Rebuild Remembered Sets and Scrub Regions 168.455ms
[135.702s][info][gc,start       ] GC(440) Pause Cleanup
[135.703s][info][gc             ] GC(440) Pause Cleanup 560M->560M(880M) 0.360ms
[135.703s][info][gc,cpu         ] GC(440) User=0.00s Sys=0.00s Real=0.00s
[135.703s][info][gc,marking     ] GC(440) Concurrent Clear Claimed Marks
[135.703s][info][gc,marking     ] GC(440) Concurrent Clear Claimed Marks 0.039ms
[135.703s][info][gc,marking     ] GC(440) Concurrent Cleanup for Next Mark
[135.703s][info][gc,marking     ] GC(440) Concurrent Cleanup for Next Mark 0.702ms
[135.703s][info][gc             ] GC(440) Concurrent Mark Cycle 274.165ms
[136.076s][info][gc,start       ] GC(441) Pause Young (Prepare Mixed) (G1 Evacuation Pause)
[136.076s][info][gc,task        ] GC(441) Using 21 workers of 33 for evacuation
[136.130s][info][gc,phases      ] GC(441)   Pre Evacuate Collection Set: 0.2ms
[136.130s][info][gc,phases      ] GC(441)   Merge Heap Roots: 2.2ms
[136.130s][info][gc,phases      ] GC(441)   Evacuate Collection Set: 50.5ms
[136.130s][info][gc,phases      ] GC(441)   Post Evacuate Collection Set: 0.8ms
[136.130s][info][gc,phases      ] GC(441)   Other: 0.1ms
[136.130s][info][gc,heap        ] GC(441) Eden regions: 139->0(162)
[136.130s][info][gc,heap        ] GC(441) Survivor regions: 26->21(21)
[136.130s][info][gc,heap        ] GC(441) Old regions: 470->522
[136.130s][info][gc,heap        ] GC(441) Archive regions: 0->0
[136.130s][info][gc,heap        ] GC(441) Humongous regions: 6->6
[136.130s][info][gc,metaspace   ] GC(441) Metaspace: 16657K(17088K)->16657K(17088K) NonClass: 14233K(14464K)->14233K(14464K) Class: 2423K(2624K)->2423K(2624K)
[136.130s][info][gc             ] GC(441) Pause Young (Prepare Mixed) (G1 Evacuation Pause) 638M->547M(880M) 54.266ms
[136.130s][info][gc,cpu         ] GC(441) User=1.31s Sys=0.00s Real=0.06s
[136.413s][info][gc,start       ] GC(442) Pause Young (Mixed) (G1 Evacuation Pause)
[136.413s][info][gc,task        ] GC(442) Using 21 workers of 33 for evacuation
[136.444s][info][gc,phases      ] GC(442)   Pre Evacuate Collection Set: 0.2ms
[136.444s][info][gc,phases      ] GC(442)   Merge Heap Roots: 1.2ms
[136.444s][info][gc,phases      ] GC(442)   Evacuate Collection Set: 29.1ms
[136.444s][info][gc,phases      ] GC(442)   Post Evacuate Collection Set: 0.5ms
[136.444s][info][gc,phases      ] GC(442)   Other: 0.2ms
[136.444s][info][gc,heap        ] GC(442) Eden regions: 162->0(180)
[136.444s][info][gc,heap        ] GC(442) Survivor regions: 21->6(23)
[136.444s][info][gc,heap        ] GC(442) Old regions: 522->531
[136.444s][info][gc,heap        ] GC(442) Archive regions: 0->0
[136.444s][info][gc,heap        ] GC(442) Humongous regions: 6->6
[136.444s][info][gc,metaspace   ] GC(442) Metaspace: 16657K(17088K)->16657K(17088K) NonClass: 14233K(14464K)->14233K(14464K) Class: 2423K(2624K)->2423K(2624K)
[136.444s][info][gc             ] GC(442) Pause Young (Mixed) (G1 Evacuation Pause) 709M->540M(880M) 31.489ms
[136.444s][info][gc,cpu         ] GC(442) User=0.66s Sys=0.00s Real=0.03s
[136.757s][info][gc,start       ] GC(443) Pause Young (Concurrent Start) (G1 Evacuation Pause)
[136.758s][info][gc,task        ] GC(443) Using 21 workers of 33 for evacuation
[136.768s][info][gc,phases      ] GC(443)   Pre Evacuate Collection Set: 0.3ms
[136.768s][info][gc,phases      ] GC(443)   Merge Heap Roots: 0.4ms
[136.768s][info][gc,phases      ] GC(443)   Evacuate Collection Set: 9.0ms
[136.768s][info][gc,phases      ] GC(443)   Post Evacuate Collection Set: 0.6ms
[136.768s][info][gc,phases      ] GC(443)   Other: 0.2ms
[136.768s][info][gc,heap        ] GC(443) Eden regions: 180->0(197)
[136.768s][info][gc,heap        ] GC(443) Survivor regions: 6->4(24)
[136.768s][info][gc,heap        ] GC(443) Old regions: 531->531
[136.768s][info][gc,heap        ] GC(443) Archive regions: 0->0
[136.768s][info][gc,heap        ] GC(443) Humongous regions: 6->6
[136.768s][info][gc,metaspace   ] GC(443) Metaspace: 16657K(17088K)->16657K(17088K) NonClass: 14233K(14464K)->14233K(14464K) Class: 2423K(2624K)->2423K(2624K)
[136.768s][info][gc             ] GC(443) Pause Young (Concurrent Start) (G1 Evacuation Pause) 720M->538M(880M) 10.988ms
[136.768s][info][gc             ] GC(444) Concurrent Mark Cycle
[136.768s][info][gc,cpu         ] GC(443) User=0.00s Sys=0.02s Real=0.02s
[136.769s][info][gc,marking     ] GC(444) Concurrent Scan Root Regions
[136.777s][info][gc,marking     ] GC(444) Concurrent Scan Root Regions 8.660ms
[136.777s][info][gc,marking     ] GC(444) Concurrent Mark
[136.777s][info][gc,marking     ] GC(444) Concurrent Mark From Roots
[136.777s][info][gc,task        ] GC(444) Using 8 workers of 8 for marking
[136.901s][info][gc,marking     ] GC(444) Concurrent Mark From Roots 124.234ms
[136.902s][info][gc,marking     ] GC(444) Concurrent Preclean
[136.902s][info][gc,marking     ] GC(444) Concurrent Preclean 0.107ms
[136.902s][info][gc,start       ] GC(444) Pause Remark
[136.904s][info][gc             ] GC(444) Pause Remark 600M->595M(999M) 1.781ms
[136.904s][info][gc,cpu         ] GC(444) User=0.00s Sys=0.00s Real=0.00s
[136.904s][info][gc,marking     ] GC(444) Concurrent Mark 126.427ms
[136.904s][info][gc,marking     ] GC(444) Concurrent Rebuild Remembered Sets and Scrub Regions
[137.078s][info][gc,marking     ] GC(444) Concurrent Rebuild Remembered Sets and Scrub Regions 174.178ms
[137.078s][info][gc,start       ] GC(444) Pause Cleanup
[137.079s][info][gc             ] GC(444) Pause Cleanup 665M->665M(999M) 0.590ms
[137.079s][info][gc,cpu         ] GC(444) User=0.00s Sys=0.00s Real=0.00s
[137.079s][info][gc,marking     ] GC(444) Concurrent Clear Claimed Marks
[137.079s][info][gc,marking     ] GC(444) Concurrent Clear Claimed Marks 0.041ms
[137.079s][info][gc,marking     ] GC(444) Concurrent Cleanup for Next Mark
[137.080s][info][gc,marking     ] GC(444) Concurrent Cleanup for Next Mark 0.875ms
[137.080s][info][gc             ] GC(444) Concurrent Mark Cycle 311.252ms
[138.373s][info][gc,start       ] GC(445) Pause Young (Prepare Mixed) (G1 Evacuation Pause)
[138.373s][info][gc,task        ] GC(445) Using 24 workers of 33 for evacuation
[138.379s][info][gc,phases      ] GC(445)   Pre Evacuate Collection Set: 0.2ms
[138.379s][info][gc,phases      ] GC(445)   Merge Heap Roots: 0.4ms
[138.379s][info][gc,phases      ] GC(445)   Evacuate Collection Set: 4.1ms
[138.379s][info][gc,phases      ] GC(445)   Post Evacuate Collection Set: 0.7ms
[138.379s][info][gc,phases      ] GC(445)   Other: 0.2ms
[138.379s][info][gc,heap        ] GC(445) Eden regions: 197->0(287)
[138.379s][info][gc,heap        ] GC(445) Survivor regions: 4->3(26)
[138.379s][info][gc,heap        ] GC(445) Old regions: 529->529
[138.379s][info][gc,heap        ] GC(445) Archive regions: 0->0
[138.379s][info][gc,heap        ] GC(445) Humongous regions: 3->3
[138.379s][info][gc,metaspace   ] GC(445) Metaspace: 16658K(17088K)->16658K(17088K) NonClass: 14234K(14464K)->14234K(14464K) Class: 2423K(2624K)->2423K(2624K)
[138.379s][info][gc             ] GC(445) Pause Young (Prepare Mixed) (G1 Evacuation Pause) 730M->532M(999M) 6.129ms
[138.379s][info][gc,cpu         ] GC(445) User=0.38s Sys=0.00s Real=0.02s
[138.613s][info][gc,start       ] GC(446) Pause Full (System.gc())
[138.613s][info][gc,task        ] GC(446) Using 24 workers of 33 for full compaction
[138.614s][info][gc,phases,start] GC(446) Phase 1: Mark live objects
[138.625s][info][gc,phases      ] GC(446) Phase 1: Mark live objects 10.645ms
[138.625s][info][gc,phases,start] GC(446) Phase 2: Prepare compaction
[138.626s][info][gc,phases      ] GC(446) Phase 2: Prepare compaction 1.247ms
[138.626s][info][gc,phases,start] GC(446) Phase 3: Adjust pointers
[138.630s][info][gc,phases      ] GC(446) Phase 3: Adjust pointers 3.746ms
[138.630s][info][gc,phases,start] GC(446) Phase 4: Compact heap
[138.630s][info][gc,phases      ] GC(446) Phase 4: Compact heap 0.607ms
[138.635s][info][gc,heap        ] GC(446) Eden regions: 15->0(50)
[138.635s][info][gc,heap        ] GC(446) Survivor regions: 3->0(26)
[138.635s][info][gc,heap        ] GC(446) Old regions: 529->32
[138.635s][info][gc,heap        ] GC(446) Archive regions: 0->0
[138.635s][info][gc,heap        ] GC(446) Humongous regions: 3->0
[138.636s][info][gc,metaspace   ] GC(446) Metaspace: 16658K(17088K)->16658K(17088K) NonClass: 14234K(14464K)->14234K(14464K) Class: 2423K(2624K)->2423K(2624K)
[138.636s][info][gc             ] GC(446) Pause Full (System.gc()) 547M->18M(107M) 22.851ms
[138.636s][info][gc,cpu         ] GC(446) User=0.02s Sys=0.00s Real=0.02s
[139.692s][info][gc,start       ] GC(447) Pause Young (Concurrent Start) (G1 Evacuation Pause)
[139.692s][info][gc,task        ] GC(447) Using 13 workers of 33 for evacuation
[139.748s][info][gc,phases      ] GC(447)   Pre Evacuate Collection Set: 0.3ms
[139.748s][info][gc,phases      ] GC(447)   Merge Heap Roots: 0.1ms
[139.748s][info][gc,phases      ] GC(447)   Evacuate Collection Set: 47.9ms
[139.748s][info][gc,phases      ] GC(447)   Post Evacuate Collection Set: 7.3ms
[139.748s][info][gc,phases      ] GC(447)   Other: 0.2ms
[139.748s][info][gc,heap        ] GC(447) Eden regions: 50->0(332)
[139.748s][info][gc,heap        ] GC(447) Survivor regions: 0->7(7)
[139.748s][info][gc,heap        ] GC(447) Old regions: 32->39
[139.748s][info][gc,heap        ] GC(447) Archive regions: 0->0
[139.748s][info][gc,heap        ] GC(447) Humongous regions: 0->0
[139.748s][info][gc,metaspace   ] GC(447) Metaspace: 16664K(17088K)->16664K(17088K) NonClass: 14240K(14464K)->14240K(14464K) Class: 2423K(2624K)->2423K(2624K)
[139.749s][info][gc             ] GC(447) Pause Young (Concurrent Start) (G1 Evacuation Pause) 68M->32M(566M) 56.329ms
[139.749s][info][gc             ] GC(448) Concurrent Mark Cycle
[139.749s][info][gc,cpu         ] GC(447) User=0.81s Sys=0.00s Real=0.06s
[139.749s][info][gc,marking     ] GC(448) Concurrent Scan Root Regions
[139.753s][info][gc,marking     ] GC(448) Concurrent Scan Root Regions 4.241ms
[139.753s][info][gc,marking     ] GC(448) Concurrent Mark
[139.753s][info][gc,marking     ] GC(448) Concurrent Mark From Roots
[139.753s][info][gc,task        ] GC(448) Using 8 workers of 8 for marking
[139.761s][info][gc,marking     ] GC(448) Concurrent Mark From Roots 8.288ms
[139.761s][info][gc,marking     ] GC(448) Concurrent Preclean
[139.761s][info][gc,marking     ] GC(448) Concurrent Preclean 0.056ms
[139.761s][info][gc,start       ] GC(448) Pause Remark
[139.762s][info][gc             ] GC(448) Pause Remark 33M->33M(157M) 1.037ms
[139.762s][info][gc,cpu         ] GC(448) User=0.00s Sys=0.00s Real=0.00s
[139.763s][info][gc,marking     ] GC(448) Concurrent Mark 9.616ms
[139.763s][info][gc,marking     ] GC(448) Concurrent Rebuild Remembered Sets and Scrub Regions
[139.770s][info][gc,marking     ] GC(448) Concurrent Rebuild Remembered Sets and Scrub Regions 6.995ms
[139.770s][info][gc,start       ] GC(448) Pause Cleanup
[139.770s][info][gc             ] GC(448) Pause Cleanup 33M->33M(157M) 0.127ms
[139.770s][info][gc,cpu         ] GC(448) User=0.00s Sys=0.00s Real=0.00s
[139.770s][info][gc,marking     ] GC(448) Concurrent Clear Claimed Marks
[139.770s][info][gc,marking     ] GC(448) Concurrent Clear Claimed Marks 0.017ms
[139.770s][info][gc,marking     ] GC(448) Concurrent Cleanup for Next Mark
[139.770s][info][gc,marking     ] GC(448) Concurrent Cleanup for Next Mark 0.371ms
[139.770s][info][gc             ] GC(448) Concurrent Mark Cycle 21.642ms
[140.567s][info][gc,start       ] GC(449) Pause Young (Prepare Mixed) (G1 Evacuation Pause)
[140.567s][info][gc,task        ] GC(449) Using 8 workers of 33 for evacuation
[140.596s][info][gc,phases      ] GC(449)   Pre Evacuate Collection Set: 0.1ms
[140.596s][info][gc,phases      ] GC(449)   Merge Heap Roots: 0.4ms
[140.596s][info][gc,phases      ] GC(449)   Evacuate Collection Set: 27.3ms
[140.596s][info][gc,phases      ] GC(449)   Post Evacuate Collection Set: 0.4ms
[140.596s][info][gc,phases      ] GC(449)   Other: 0.1ms
[140.596s][info][gc,heap        ] GC(449) Eden regions: 87->0(64)
[140.596s][info][gc,heap        ] GC(449) Survivor regions: 7->12(12)
[140.596s][info][gc,heap        ] GC(449) Old regions: 39->56
[140.596s][info][gc,heap        ] GC(449) Archive regions: 0->0
[140.596s][info][gc,heap        ] GC(449) Humongous regions: 0->0
[140.596s][info][gc,metaspace   ] GC(449) Metaspace: 16664K(17088K)->16664K(17088K) NonClass: 14240K(14464K)->14240K(14464K) Class: 2423K(2624K)->2423K(2624K)
[140.596s][info][gc             ] GC(449) Pause Young (Prepare Mixed) (G1 Evacuation Pause) 119M->54M(162M) 28.512ms
[140.596s][info][gc,cpu         ] GC(449) User=0.25s Sys=0.00s Real=0.03s
[140.604s][info][gc,start       ] GC(450) Pause Young (Mixed) (G1 Evacuation Pause)
[140.604s][info][gc,task        ] GC(450) Using 5 workers of 33 for evacuation
[140.608s][info][gc,phases      ] GC(450)   Pre Evacuate Collection Set: 0.1ms
[140.608s][info][gc,phases      ] GC(450)   Merge Heap Roots: 0.1ms
[140.608s][info][gc,phases      ] GC(450)   Evacuate Collection Set: 4.0ms
[140.608s][info][gc,phases      ] GC(450)   Post Evacuate Collection Set: 0.3ms
[140.608s][info][gc,phases      ] GC(450)   Other: 0.1ms
[140.608s][info][gc,heap        ] GC(450) Eden regions: 64->0(69)
[140.608s][info][gc,heap        ] GC(450) Survivor regions: 12->2(10)
[140.608s][info][gc,heap        ] GC(450) Old regions: 56->62
[140.608s][info][gc,heap        ] GC(450) Archive regions: 0->0
[140.608s][info][gc,heap        ] GC(450) Humongous regions: 0->0
[140.608s][info][gc,metaspace   ] GC(450) Metaspace: 16664K(17088K)->16664K(17088K) NonClass: 14240K(14464K)->14240K(14464K) Class: 2423K(2624K)->2423K(2624K)
[140.608s][info][gc             ] GC(450) Pause Young (Mixed) (G1 Evacuation Pause) 118M->56M(162M) 4.780ms
[140.608s][info][gc,cpu         ] GC(450) User=0.08s Sys=0.00s Real=0.01s
[140.617s][info][gc,start       ] GC(451) Pause Young (Concurrent Start) (G1 Evacuation Pause)
[140.617s][info][gc,task        ] GC(451) Using 4 workers of 33 for evacuation
[140.619s][info][gc,phases      ] GC(451)   Pre Evacuate Collection Set: 0.2ms
[140.619s][info][gc,phases      ] GC(451)   Merge Heap Roots: 0.1ms
[140.619s][info][gc,phases      ] GC(451)   Evacuate Collection Set: 1.4ms
[140.619s][info][gc,phases      ] GC(451)   Post Evacuate Collection Set: 0.2ms
[140.619s][info][gc,phases      ] GC(451)   Other: 0.1ms
[140.619s][info][gc,heap        ] GC(451) Eden regions: 69->0(72)
[140.619s][info][gc,heap        ] GC(451) Survivor regions: 2->2(9)
[140.619s][info][gc,heap        ] GC(451) Old regions: 62->62
[140.619s][info][gc,heap        ] GC(451) Archive regions: 0->0
[140.619s][info][gc,heap        ] GC(451) Humongous regions: 0->0
[140.619s][info][gc,metaspace   ] GC(451) Metaspace: 16664K(17088K)->16664K(17088K) NonClass: 14240K(14464K)->14240K(14464K) Class: 2423K(2624K)->2423K(2624K)
[140.619s][info][gc             ] GC(451) Pause Young (Concurrent Start) (G1 Evacuation Pause) 125M->55M(162M) 2.137ms
[140.619s][info][gc             ] GC(452) Concurrent Mark Cycle
[140.619s][info][gc,cpu         ] GC(451) User=0.00s Sys=0.00s Real=0.00s
[140.619s][info][gc,marking     ] GC(452) Concurrent Scan Root Regions
[140.621s][info][gc,marking     ] GC(452) Concurrent Scan Root Regions 1.658ms
[140.621s][info][gc,marking     ] GC(452) Concurrent Mark
[140.621s][info][gc,marking     ] GC(452) Concurrent Mark From Roots
[140.621s][info][gc,task        ] GC(452) Using 8 workers of 8 for marking
[140.639s][info][gc,start       ] GC(453) Pause Young (Normal) (G1 Evacuation Pause)
[140.639s][info][gc,task        ] GC(453) Using 3 workers of 33 for evacuation
[140.641s][info][gc,phases      ] GC(453)   Pre Evacuate Collection Set: 0.1ms
[140.641s][info][gc,phases      ] GC(453)   Merge Heap Roots: 0.1ms
[140.641s][info][gc,phases      ] GC(453)   Evacuate Collection Set: 1.4ms
[140.641s][info][gc,phases      ] GC(453)   Post Evacuate Collection Set: 0.2ms
[140.641s][info][gc,phases      ] GC(453)   Other: 0.1ms
[140.641s][info][gc,heap        ] GC(453) Eden regions: 72->0(74)
[140.641s][info][gc,heap        ] GC(453) Survivor regions: 2->2(10)
[140.641s][info][gc,heap        ] GC(453) Old regions: 62->62
[140.641s][info][gc,heap        ] GC(453) Archive regions: 0->0
[140.641s][info][gc,heap        ] GC(453) Humongous regions: 0->0
[140.641s][info][gc,metaspace   ] GC(453) Metaspace: 16664K(17088K)->16664K(17088K) NonClass: 14240K(14464K)->14240K(14464K) Class: 2423K(2624K)->2423K(2624K)
[140.641s][info][gc             ] GC(453) Pause Young (Normal) (G1 Evacuation Pause) 127M->55M(162M) 2.095ms
[140.641s][info][gc,cpu         ] GC(453) User=0.00s Sys=0.00s Real=0.00s
[140.641s][info][gc,marking     ] GC(452) Concurrent Mark From Roots 19.772ms
[140.641s][info][gc,marking     ] GC(452) Concurrent Preclean
[140.641s][info][gc,marking     ] GC(452) Concurrent Preclean 0.099ms
[140.641s][info][gc,start       ] GC(452) Pause Remark
[140.643s][info][gc             ] GC(452) Pause Remark 57M->30M(130M) 1.996ms
[140.643s][info][gc,cpu         ] GC(452) User=0.00s Sys=0.00s Real=0.00s
[140.643s][info][gc,marking     ] GC(452) Concurrent Mark 22.186ms
[140.643s][info][gc,marking     ] GC(452) Concurrent Rebuild Remembered Sets and Scrub Regions
[140.647s][info][gc,marking     ] GC(452) Concurrent Rebuild Remembered Sets and Scrub Regions 4.002ms
[140.647s][info][gc,start       ] GC(452) Pause Cleanup
[140.648s][info][gc             ] GC(452) Pause Cleanup 59M->59M(130M) 0.171ms
[140.648s][info][gc,cpu         ] GC(452) User=0.00s Sys=0.00s Real=0.00s
[140.648s][info][gc,marking     ] GC(452) Concurrent Clear Claimed Marks
[140.648s][info][gc,marking     ] GC(452) Concurrent Clear Claimed Marks 0.035ms
[140.648s][info][gc,marking     ] GC(452) Concurrent Cleanup for Next Mark
[140.648s][info][gc,marking     ] GC(452) Concurrent Cleanup for Next Mark 0.301ms
[140.648s][info][gc             ] GC(452) Concurrent Mark Cycle 28.874ms
[140.654s][info][gc,start       ] GC(454) Pause Young (Prepare Mixed) (G1 Evacuation Pause)
[140.654s][info][gc,task        ] GC(454) Using 3 workers of 33 for evacuation
[140.659s][info][gc,phases      ] GC(454)   Pre Evacuate Collection Set: 0.1ms
[140.659s][info][gc,phases      ] GC(454)   Merge Heap Roots: 0.1ms
[140.659s][info][gc,phases      ] GC(454)   Evacuate Collection Set: 1.5ms
[140.659s][info][gc,phases      ] GC(454)   Post Evacuate Collection Set: 2.8ms
[140.659s][info][gc,phases      ] GC(454)   Other: 0.1ms
[140.659s][info][gc,heap        ] GC(454) Eden regions: 74->0(322)
[140.659s][info][gc,heap        ] GC(454) Survivor regions: 2->2(10)
[140.659s][info][gc,heap        ] GC(454) Old regions: 35->35
[140.659s][info][gc,heap        ] GC(454) Archive regions: 0->0
[140.659s][info][gc,heap        ] GC(454) Humongous regions: 0->0
[140.659s][info][gc,metaspace   ] GC(454) Metaspace: 16664K(17088K)->16664K(17088K) NonClass: 14240K(14464K)->14240K(14464K) Class: 2423K(2624K)->2423K(2624K)
[140.659s][info][gc             ] GC(454) Pause Young (Prepare Mixed) (G1 Evacuation Pause) 102M->28M(577M) 4.779ms
[140.659s][info][gc,cpu         ] GC(454) User=0.00s Sys=0.02s Real=0.02s
[140.851s][info][gc,start       ] GC(455) Pause Young (Mixed) (G1 Evacuation Pause)
[140.851s][info][gc,task        ] GC(455) Using 13 workers of 33 for evacuation
[140.853s][info][gc,phases      ] GC(455)   Pre Evacuate Collection Set: 0.1ms
[140.853s][info][gc,phases      ] GC(455)   Merge Heap Roots: 0.1ms
[140.853s][info][gc,phases      ] GC(455)   Evacuate Collection Set: 0.7ms
[140.853s][info][gc,phases      ] GC(455)   Post Evacuate Collection Set: 0.4ms
[140.853s][info][gc,phases      ] GC(455)   Other: 0.1ms
[140.853s][info][gc,heap        ] GC(455) Eden regions: 322->0(344)
[140.853s][info][gc,heap        ] GC(455) Survivor regions: 2->2(41)
[140.853s][info][gc,heap        ] GC(455) Old regions: 35->26
[140.853s][info][gc,heap        ] GC(455) Archive regions: 0->0
[140.853s][info][gc,heap        ] GC(455) Humongous regions: 0->0
[140.853s][info][gc,metaspace   ] GC(455) Metaspace: 16664K(17088K)->16664K(17088K) NonClass: 14240K(14464K)->14240K(14464K) Class: 2423K(2624K)->2423K(2624K)
[140.853s][info][gc             ] GC(455) Pause Young (Mixed) (G1 Evacuation Pause) 350M->22M(577M) 1.534ms
[140.853s][info][gc,cpu         ] GC(455) User=0.00s Sys=0.00s Real=0.00s
[140.898s][info][gc,start       ] GC(456) Pause Young (Concurrent Start) (G1 Evacuation Pause)
[140.898s][info][gc,task        ] GC(456) Using 13 workers of 33 for evacuation
[140.899s][info][gc,phases      ] GC(456)   Pre Evacuate Collection Set: 0.2ms
[140.899s][info][gc,phases      ] GC(456)   Merge Heap Roots: 0.1ms
[140.899s][info][gc,phases      ] GC(456)   Evacuate Collection Set: 0.6ms
[140.899s][info][gc,phases      ] GC(456)   Post Evacuate Collection Set: 0.4ms
[140.899s][info][gc,phases      ] GC(456)   Other: 0.1ms
[140.899s][info][gc,heap        ] GC(456) Eden regions: 344->0(344)
[140.899s][info][gc,heap        ] GC(456) Survivor regions: 2->2(44)
[140.899s][info][gc,heap        ] GC(456) Old regions: 26->26
[140.899s][info][gc,heap        ] GC(456) Archive regions: 0->0
[140.899s][info][gc,heap        ] GC(456) Humongous regions: 0->0
[140.899s][info][gc,metaspace   ] GC(456) Metaspace: 16664K(17088K)->16664K(17088K) NonClass: 14240K(14464K)->14240K(14464K) Class: 2423K(2624K)->2423K(2624K)
[140.899s][info][gc             ] GC(456) Pause Young (Concurrent Start) (G1 Evacuation Pause) 366M->22M(577M) 1.548ms
[140.899s][info][gc             ] GC(457) Concurrent Mark Cycle
[140.899s][info][gc,cpu         ] GC(456) User=0.00s Sys=0.00s Real=0.00s
[140.899s][info][gc,marking     ] GC(457) Concurrent Scan Root Regions
[140.901s][info][gc,marking     ] GC(457) Concurrent Scan Root Regions 1.963ms
[140.902s][info][gc,marking     ] GC(457) Concurrent Mark
[140.902s][info][gc,marking     ] GC(457) Concurrent Mark From Roots
[140.902s][info][gc,task        ] GC(457) Using 8 workers of 8 for marking
[140.910s][info][gc,marking     ] GC(457) Concurrent Mark From Roots 8.541ms
[140.910s][info][gc,marking     ] GC(457) Concurrent Preclean
[140.910s][info][gc,marking     ] GC(457) Concurrent Preclean 0.098ms
[140.910s][info][gc,start       ] GC(457) Pause Remark
[140.911s][info][gc             ] GC(457) Pause Remark 116M->116M(407M) 0.928ms
[140.911s][info][gc,cpu         ] GC(457) User=0.00s Sys=0.00s Real=0.00s
[140.911s][info][gc,marking     ] GC(457) Concurrent Mark 9.934ms
[140.911s][info][gc,marking     ] GC(457) Concurrent Rebuild Remembered Sets and Scrub Regions
[140.914s][info][gc,marking     ] GC(457) Concurrent Rebuild Remembered Sets and Scrub Regions 2.618ms
[140.914s][info][gc,start       ] GC(457) Pause Cleanup
[140.914s][info][gc             ] GC(457) Pause Cleanup 137M->137M(407M) 0.115ms
[140.914s][info][gc,cpu         ] GC(457) User=0.00s Sys=0.00s Real=0.00s
[140.914s][info][gc,marking     ] GC(457) Concurrent Clear Claimed Marks
[140.915s][info][gc,marking     ] GC(457) Concurrent Clear Claimed Marks 0.107ms
[140.915s][info][gc,marking     ] GC(457) Concurrent Cleanup for Next Mark
[140.916s][info][gc,marking     ] GC(457) Concurrent Cleanup for Next Mark 1.215ms
[140.916s][info][gc             ] GC(457) Concurrent Mark Cycle 16.406ms
[140.951s][info][gc,start       ] GC(458) Pause Young (Prepare Mixed) (G1 Evacuation Pause)
[140.951s][info][gc,task        ] GC(458) Using 11 workers of 33 for evacuation
[140.953s][info][gc,phases      ] GC(458)   Pre Evacuate Collection Set: 0.1ms
[140.953s][info][gc,phases      ] GC(458)   Merge Heap Roots: 0.1ms
[140.953s][info][gc,phases      ] GC(458)   Evacuate Collection Set: 0.6ms
[140.953s][info][gc,phases      ] GC(458)   Post Evacuate Collection Set: 0.3ms
[140.953s][info][gc,phases      ] GC(458)   Other: 0.1ms
[140.953s][info][gc,heap        ] GC(458) Eden regions: 247->0(242)
[140.953s][info][gc,heap        ] GC(458) Survivor regions: 2->2(32)
[140.953s][info][gc,heap        ] GC(458) Old regions: 26->26
[140.953s][info][gc,heap        ] GC(458) Archive regions: 0->0
[140.953s][info][gc,heap        ] GC(458) Humongous regions: 0->0
[140.953s][info][gc,metaspace   ] GC(458) Metaspace: 16664K(17088K)->16664K(17088K) NonClass: 14240K(14464K)->14240K(14464K) Class: 2423K(2624K)->2423K(2624K)
[140.953s][info][gc             ] GC(458) Pause Young (Prepare Mixed) (G1 Evacuation Pause) 269M->22M(407M) 1.374ms
[140.953s][info][gc,cpu         ] GC(458) User=0.00s Sys=0.00s Real=0.00s
[140.981s][info][gc,start       ] GC(459) Pause Young (Mixed) (G1 Evacuation Pause)
[140.981s][info][gc,task        ] GC(459) Using 10 workers of 33 for evacuation
[140.982s][info][gc,phases      ] GC(459)   Pre Evacuate Collection Set: 0.1ms
[140.982s][info][gc,phases      ] GC(459)   Merge Heap Roots: 0.1ms
[140.982s][info][gc,phases      ] GC(459)   Evacuate Collection Set: 0.7ms
[140.982s][info][gc,phases      ] GC(459)   Post Evacuate Collection Set: 0.3ms
[140.982s][info][gc,phases      ] GC(459)   Other: 0.1ms
[140.982s][info][gc,heap        ] GC(459) Eden regions: 242->0(242)
[140.982s][info][gc,heap        ] GC(459) Survivor regions: 2->2(31)
[140.982s][info][gc,heap        ] GC(459) Old regions: 26->25
[140.982s][info][gc,heap        ] GC(459) Archive regions: 0->0
[140.982s][info][gc,heap        ] GC(459) Humongous regions: 0->0
[140.982s][info][gc,metaspace   ] GC(459) Metaspace: 16664K(17088K)->16664K(17088K) NonClass: 14240K(14464K)->14240K(14464K) Class: 2423K(2624K)->2423K(2624K)
[140.982s][info][gc             ] GC(459) Pause Young (Mixed) (G1 Evacuation Pause) 264M->21M(407M) 1.503ms
[140.982s][info][gc,cpu         ] GC(459) User=0.02s Sys=0.00s Real=0.01s
[141.010s][info][gc,start       ] GC(460) Pause Young (Concurrent Start) (G1 Evacuation Pause)
[141.010s][info][gc,task        ] GC(460) Using 9 workers of 33 for evacuation
[141.011s][info][gc,phases      ] GC(460)   Pre Evacuate Collection Set: 0.2ms
[141.011s][info][gc,phases      ] GC(460)   Merge Heap Roots: 0.1ms
[141.011s][info][gc,phases      ] GC(460)   Evacuate Collection Set: 0.7ms
[141.011s][info][gc,phases      ] GC(460)   Post Evacuate Collection Set: 0.3ms
[141.011s][info][gc,phases      ] GC(460)   Other: 0.1ms
[141.011s][info][gc,heap        ] GC(460) Eden regions: 242->0(242)
[141.011s][info][gc,heap        ] GC(460) Survivor regions: 2->2(31)
[141.011s][info][gc,heap        ] GC(460) Old regions: 25->25
[141.011s][info][gc,heap        ] GC(460) Archive regions: 0->0
[141.011s][info][gc,heap        ] GC(460) Humongous regions: 0->0
[141.011s][info][gc,metaspace   ] GC(460) Metaspace: 16664K(17088K)->16664K(17088K) NonClass: 14240K(14464K)->14240K(14464K) Class: 2423K(2624K)->2423K(2624K)
[141.011s][info][gc             ] GC(460) Pause Young (Concurrent Start) (G1 Evacuation Pause) 263M->21M(407M) 1.581ms
[141.011s][info][gc             ] GC(461) Concurrent Mark Cycle
[141.011s][info][gc,cpu         ] GC(460) User=0.00s Sys=0.00s Real=0.00s
[141.011s][info][gc,marking     ] GC(461) Concurrent Scan Root Regions
[141.013s][info][gc,marking     ] GC(461) Concurrent Scan Root Regions 1.901ms
[141.013s][info][gc,marking     ] GC(461) Concurrent Mark
[141.013s][info][gc,marking     ] GC(461) Concurrent Mark From Roots
[141.013s][info][gc,task        ] GC(461) Using 8 workers of 8 for marking
[141.021s][info][gc,marking     ] GC(461) Concurrent Mark From Roots 7.849ms
[141.021s][info][gc,marking     ] GC(461) Concurrent Preclean
[141.021s][info][gc,marking     ] GC(461) Concurrent Preclean 0.107ms
[141.032s][info][gc,start       ] GC(461) Pause Remark
[141.033s][info][gc             ] GC(461) Pause Remark 107M->107M(377M) 0.983ms
[141.033s][info][gc,cpu         ] GC(461) User=0.00s Sys=0.00s Real=0.00s
[141.033s][info][gc,marking     ] GC(461) Concurrent Mark 20.261ms
[141.033s][info][gc,marking     ] GC(461) Concurrent Rebuild Remembered Sets and Scrub Regions
[141.036s][info][gc,marking     ] GC(461) Concurrent Rebuild Remembered Sets and Scrub Regions 2.607ms
[141.036s][info][gc,start       ] GC(461) Pause Cleanup
[141.036s][info][gc             ] GC(461) Pause Cleanup 128M->128M(377M) 0.117ms
[141.036s][info][gc,cpu         ] GC(461) User=0.00s Sys=0.00s Real=0.00s
[141.036s][info][gc,marking     ] GC(461) Concurrent Clear Claimed Marks
[141.036s][info][gc,marking     ] GC(461) Concurrent Clear Claimed Marks 0.036ms
[141.036s][info][gc,marking     ] GC(461) Concurrent Cleanup for Next Mark
[141.037s][info][gc,marking     ] GC(461) Concurrent Cleanup for Next Mark 0.566ms
[141.037s][info][gc             ] GC(461) Concurrent Mark Cycle 25.929ms
[141.058s][info][gc,start       ] GC(462) Pause Young (Prepare Mixed) (G1 Evacuation Pause)
[141.058s][info][gc,task        ] GC(462) Using 9 workers of 33 for evacuation
[141.059s][info][gc,phases      ] GC(462)   Pre Evacuate Collection Set: 0.1ms
[141.059s][info][gc,phases      ] GC(462)   Merge Heap Roots: 0.1ms
[141.059s][info][gc,phases      ] GC(462)   Evacuate Collection Set: 0.6ms
[141.059s][info][gc,phases      ] GC(462)   Post Evacuate Collection Set: 0.3ms
[141.059s][info][gc,phases      ] GC(462)   Other: 0.1ms
[141.059s][info][gc,heap        ] GC(462) Eden regions: 242->0(224)
[141.059s][info][gc,heap        ] GC(462) Survivor regions: 2->2(31)
[141.059s][info][gc,heap        ] GC(462) Old regions: 25->25
[141.059s][info][gc,heap        ] GC(462) Archive regions: 0->0
[141.059s][info][gc,heap        ] GC(462) Humongous regions: 0->0
[141.059s][info][gc,metaspace   ] GC(462) Metaspace: 16664K(17088K)->16664K(17088K) NonClass: 14240K(14464K)->14240K(14464K) Class: 2423K(2624K)->2423K(2624K)
[141.059s][info][gc             ] GC(462) Pause Young (Prepare Mixed) (G1 Evacuation Pause) 263M->21M(377M) 1.401ms
[141.059s][info][gc,cpu         ] GC(462) User=0.00s Sys=0.00s Real=0.00s
[141.086s][info][gc,start       ] GC(463) Pause Young (Mixed) (G1 Evacuation Pause)
[141.086s][info][gc,task        ] GC(463) Using 9 workers of 33 for evacuation
[141.087s][info][gc,phases      ] GC(463)   Pre Evacuate Collection Set: 0.1ms
[141.087s][info][gc,phases      ] GC(463)   Merge Heap Roots: 0.1ms
[141.087s][info][gc,phases      ] GC(463)   Evacuate Collection Set: 0.6ms
[141.087s][info][gc,phases      ] GC(463)   Post Evacuate Collection Set: 0.3ms
[141.087s][info][gc,phases      ] GC(463)   Other: 0.1ms
[141.088s][info][gc,heap        ] GC(463) Eden regions: 224->0(224)
[141.088s][info][gc,heap        ] GC(463) Survivor regions: 2->2(29)
[141.088s][info][gc,heap        ] GC(463) Old regions: 25->24
[141.088s][info][gc,heap        ] GC(463) Archive regions: 0->0
[141.088s][info][gc,heap        ] GC(463) Humongous regions: 0->0
[141.088s][info][gc,metaspace   ] GC(463) Metaspace: 16664K(17088K)->16664K(17088K) NonClass: 14240K(14464K)->14240K(14464K) Class: 2423K(2624K)->2423K(2624K)
[141.088s][info][gc             ] GC(463) Pause Young (Mixed) (G1 Evacuation Pause) 245M->20M(377M) 1.420ms
[141.088s][info][gc,cpu         ] GC(463) User=0.00s Sys=0.00s Real=0.00s
[141.114s][info][gc,start       ] GC(464) Pause Young (Concurrent Start) (G1 Evacuation Pause)
[141.114s][info][gc,task        ] GC(464) Using 9 workers of 33 for evacuation
[141.116s][info][gc,phases      ] GC(464)   Pre Evacuate Collection Set: 0.2ms
[141.116s][info][gc,phases      ] GC(464)   Merge Heap Roots: 0.1ms
[141.116s][info][gc,phases      ] GC(464)   Evacuate Collection Set: 0.6ms
[141.116s][info][gc,phases      ] GC(464)   Post Evacuate Collection Set: 0.3ms
[141.116s][info][gc,phases      ] GC(464)   Other: 0.1ms
[141.116s][info][gc,heap        ] GC(464) Eden regions: 224->0(224)
[141.116s][info][gc,heap        ] GC(464) Survivor regions: 2->2(29)
[141.116s][info][gc,heap        ] GC(464) Old regions: 24->24
[141.116s][info][gc,heap        ] GC(464) Archive regions: 0->0
[141.116s][info][gc,heap        ] GC(464) Humongous regions: 0->0
[141.116s][info][gc,metaspace   ] GC(464) Metaspace: 16664K(17088K)->16664K(17088K) NonClass: 14240K(14464K)->14240K(14464K) Class: 2423K(2624K)->2423K(2624K)
[141.116s][info][gc             ] GC(464) Pause Young (Concurrent Start) (G1 Evacuation Pause) 244M->20M(377M) 1.511ms
[141.116s][info][gc             ] GC(465) Concurrent Mark Cycle
[141.116s][info][gc,cpu         ] GC(464) User=0.00s Sys=0.00s Real=0.00s
[141.116s][info][gc,marking     ] GC(465) Concurrent Scan Root Regions
[141.118s][info][gc,marking     ] GC(465) Concurrent Scan Root Regions 1.814ms
[141.118s][info][gc,marking     ] GC(465) Concurrent Mark
[141.118s][info][gc,marking     ] GC(465) Concurrent Mark From Roots
[141.118s][info][gc,task        ] GC(465) Using 8 workers of 8 for marking
[141.126s][info][gc,marking     ] GC(465) Concurrent Mark From Roots 7.863ms
[141.126s][info][gc,marking     ] GC(465) Concurrent Preclean
[141.126s][info][gc,marking     ] GC(465) Concurrent Preclean 0.095ms
[141.126s][info][gc,start       ] GC(465) Pause Remark
[141.127s][info][gc             ] GC(465) Pause Remark 102M->102M(364M) 0.980ms
[141.127s][info][gc,cpu         ] GC(465) User=0.00s Sys=0.00s Real=0.00s
[141.127s][info][gc,marking     ] GC(465) Concurrent Mark 9.438ms
[141.127s][info][gc,marking     ] GC(465) Concurrent Rebuild Remembered Sets and Scrub Regions
[141.130s][info][gc,marking     ] GC(465) Concurrent Rebuild Remembered Sets and Scrub Regions 2.875ms
[141.130s][info][gc,start       ] GC(465) Pause Cleanup
[141.130s][info][gc             ] GC(465) Pause Cleanup 127M->127M(364M) 0.117ms
[141.130s][info][gc,cpu         ] GC(465) User=0.00s Sys=0.00s Real=0.00s
[141.131s][info][gc,marking     ] GC(465) Concurrent Clear Claimed Marks
[141.131s][info][gc,marking     ] GC(465) Concurrent Clear Claimed Marks 0.059ms
[141.131s][info][gc,marking     ] GC(465) Concurrent Cleanup for Next Mark
[141.131s][info][gc,marking     ] GC(465) Concurrent Cleanup for Next Mark 0.702ms
[141.131s][info][gc             ] GC(465) Concurrent Mark Cycle 15.563ms
[141.144s][info][gc,start       ] GC(466) Pause Young (Prepare Mixed) (G1 Evacuation Pause)
[141.144s][info][gc,task        ] GC(466) Using 8 workers of 33 for evacuation
[141.145s][info][gc,phases      ] GC(466)   Pre Evacuate Collection Set: 0.1ms
[141.145s][info][gc,phases      ] GC(466)   Merge Heap Roots: 0.1ms
[141.145s][info][gc,phases      ] GC(466)   Evacuate Collection Set: 0.7ms
[141.145s][info][gc,phases      ] GC(466)   Post Evacuate Collection Set: 0.3ms
[141.145s][info][gc,phases      ] GC(466)   Other: 0.1ms
[141.145s][info][gc,heap        ] GC(466) Eden regions: 224->0(216)
[141.145s][info][gc,heap        ] GC(466) Survivor regions: 2->2(29)
[141.145s][info][gc,heap        ] GC(466) Old regions: 24->24
[141.145s][info][gc,heap        ] GC(466) Archive regions: 0->0
[141.145s][info][gc,heap        ] GC(466) Humongous regions: 0->0
[141.145s][info][gc,metaspace   ] GC(466) Metaspace: 16664K(17088K)->16664K(17088K) NonClass: 14240K(14464K)->14240K(14464K) Class: 2423K(2624K)->2423K(2624K)
[141.145s][info][gc             ] GC(466) Pause Young (Prepare Mixed) (G1 Evacuation Pause) 244M->20M(364M) 1.436ms
[141.145s][info][gc,cpu         ] GC(466) User=0.00s Sys=0.00s Real=0.00s
[141.171s][info][gc,start       ] GC(467) Pause Young (Mixed) (G1 Evacuation Pause)
[141.171s][info][gc,task        ] GC(467) Using 8 workers of 33 for evacuation
[141.172s][info][gc,phases      ] GC(467)   Pre Evacuate Collection Set: 0.1ms
[141.172s][info][gc,phases      ] GC(467)   Merge Heap Roots: 0.1ms
[141.172s][info][gc,phases      ] GC(467)   Evacuate Collection Set: 0.8ms
[141.172s][info][gc,phases      ] GC(467)   Post Evacuate Collection Set: 0.3ms
[141.172s][info][gc,phases      ] GC(467)   Other: 0.1ms
[141.172s][info][gc,heap        ] GC(467) Eden regions: 216->0(216)
[141.172s][info][gc,heap        ] GC(467) Survivor regions: 2->2(28)
[141.172s][info][gc,heap        ] GC(467) Old regions: 24->23
[141.172s][info][gc,heap        ] GC(467) Archive regions: 0->0
[141.172s][info][gc,heap        ] GC(467) Humongous regions: 0->0
[141.172s][info][gc,metaspace   ] GC(467) Metaspace: 16664K(17088K)->16664K(17088K) NonClass: 14240K(14464K)->14240K(14464K) Class: 2423K(2624K)->2423K(2624K)
[141.172s][info][gc             ] GC(467) Pause Young (Mixed) (G1 Evacuation Pause) 236M->20M(364M) 1.574ms
[141.172s][info][gc,cpu         ] GC(467) User=0.00s Sys=0.00s Real=0.00s
[141.197s][info][gc,start       ] GC(468) Pause Young (Concurrent Start) (G1 Evacuation Pause)
[141.197s][info][gc,task        ] GC(468) Using 8 workers of 33 for evacuation
[141.198s][info][gc,phases      ] GC(468)   Pre Evacuate Collection Set: 0.2ms
[141.198s][info][gc,phases      ] GC(468)   Merge Heap Roots: 0.1ms
[141.198s][info][gc,phases      ] GC(468)   Evacuate Collection Set: 0.6ms
[141.198s][info][gc,phases      ] GC(468)   Post Evacuate Collection Set: 0.3ms
[141.198s][info][gc,phases      ] GC(468)   Other: 0.1ms
[141.198s][info][gc,heap        ] GC(468) Eden regions: 216->0(216)
[141.198s][info][gc,heap        ] GC(468) Survivor regions: 2->2(28)
[141.198s][info][gc,heap        ] GC(468) Old regions: 23->23
[141.198s][info][gc,heap        ] GC(468) Archive regions: 0->0
[141.198s][info][gc,heap        ] GC(468) Humongous regions: 0->0
[141.198s][info][gc,metaspace   ] GC(468) Metaspace: 16664K(17088K)->16664K(17088K) NonClass: 14240K(14464K)->14240K(14464K) Class: 2423K(2624K)->2423K(2624K)
[141.198s][info][gc             ] GC(468) Pause Young (Concurrent Start) (G1 Evacuation Pause) 236M->20M(364M) 1.499ms
[141.198s][info][gc             ] GC(469) Concurrent Mark Cycle
[141.198s][info][gc,cpu         ] GC(468) User=0.00s Sys=0.00s Real=0.00s
[141.198s][info][gc,marking     ] GC(469) Concurrent Scan Root Regions
[141.200s][info][gc,marking     ] GC(469) Concurrent Scan Root Regions 1.835ms
[141.200s][info][gc,marking     ] GC(469) Concurrent Mark
[141.200s][info][gc,marking     ] GC(469) Concurrent Mark From Roots
[141.200s][info][gc,task        ] GC(469) Using 8 workers of 8 for marking
[141.209s][info][gc,marking     ] GC(469) Concurrent Mark From Roots 8.525ms
[141.209s][info][gc,marking     ] GC(469) Concurrent Preclean
[141.209s][info][gc,marking     ] GC(469) Concurrent Preclean 0.107ms
[141.209s][info][gc,start       ] GC(469) Pause Remark
[141.210s][info][gc             ] GC(469) Pause Remark 109M->109M(364M) 0.961ms
[141.210s][info][gc,cpu         ] GC(469) User=0.00s Sys=0.00s Real=0.00s
[141.210s][info][gc,marking     ] GC(469) Concurrent Mark 10.011ms
[141.210s][info][gc,marking     ] GC(469) Concurrent Rebuild Remembered Sets and Scrub Regions
[141.213s][info][gc,marking     ] GC(469) Concurrent Rebuild Remembered Sets and Scrub Regions 2.689ms
[141.213s][info][gc,start       ] GC(469) Pause Cleanup
[141.213s][info][gc             ] GC(469) Pause Cleanup 132M->132M(364M) 0.107ms
[141.213s][info][gc,cpu         ] GC(469) User=0.00s Sys=0.00s Real=0.00s
[141.213s][info][gc,marking     ] GC(469) Concurrent Clear Claimed Marks
[141.214s][info][gc,marking     ] GC(469) Concurrent Clear Claimed Marks 0.053ms
[141.214s][info][gc,marking     ] GC(469) Concurrent Cleanup for Next Mark
[141.214s][info][gc,marking     ] GC(469) Concurrent Cleanup for Next Mark 0.563ms
[141.214s][info][gc             ] GC(469) Concurrent Mark Cycle 15.735ms
[141.314s][info][gc,start       ] GC(470) Pause Young (Prepare Mixed) (G1 Evacuation Pause)
[141.314s][info][gc,task        ] GC(470) Using 8 workers of 33 for evacuation
[141.352s][info][gc,phases      ] GC(470)   Pre Evacuate Collection Set: 0.2ms
[141.352s][info][gc,phases      ] GC(470)   Merge Heap Roots: 0.1ms
[141.352s][info][gc,phases      ] GC(470)   Evacuate Collection Set: 36.8ms
[141.352s][info][gc,phases      ] GC(470)   Post Evacuate Collection Set: 0.5ms
[141.352s][info][gc,phases      ] GC(470)   Other: 0.1ms
[141.352s][info][gc,heap        ] GC(470) Eden regions: 216->0(190)
[141.352s][info][gc,heap        ] GC(470) Survivor regions: 2->28(28)
[141.352s][info][gc,heap        ] GC(470) Old regions: 23->60
[141.352s][info][gc,heap        ] GC(470) Archive regions: 0->0
[141.352s][info][gc,heap        ] GC(470) Humongous regions: 1->1
[141.352s][info][gc,metaspace   ] GC(470) Metaspace: 16664K(17088K)->16664K(17088K) NonClass: 14240K(14464K)->14240K(14464K) Class: 2423K(2624K)->2423K(2624K)
[141.352s][info][gc             ] GC(470) Pause Young (Prepare Mixed) (G1 Evacuation Pause) 237M->85M(364M) 38.272ms
[141.352s][info][gc,cpu         ] GC(470) User=0.38s Sys=0.00s Real=0.05s
[141.563s][info][gc,start       ] GC(471) Pause Young (Mixed) (G1 Evacuation Pause)
[141.563s][info][gc,task        ] GC(471) Using 8 workers of 33 for evacuation
[141.638s][info][gc,phases      ] GC(471)   Pre Evacuate Collection Set: 0.2ms
[141.639s][info][gc,phases      ] GC(471)   Merge Heap Roots: 0.4ms
[141.639s][info][gc,phases      ] GC(471)   Evacuate Collection Set: 74.3ms
[141.639s][info][gc,phases      ] GC(471)   Post Evacuate Collection Set: 0.7ms
[141.639s][info][gc,phases      ] GC(471)   Other: 0.2ms
[141.639s][info][gc,heap        ] GC(471) Eden regions: 190->0(105)
[141.639s][info][gc,heap        ] GC(471) Survivor regions: 28->28(28)
[141.639s][info][gc,heap        ] GC(471) Old regions: 60->183
[141.639s][info][gc,heap        ] GC(471) Archive regions: 0->0
[141.639s][info][gc,heap        ] GC(471) Humongous regions: 1->1
[141.639s][info][gc,metaspace   ] GC(471) Metaspace: 16664K(17088K)->16664K(17088K) NonClass: 14240K(14464K)->14240K(14464K) Class: 2423K(2624K)->2423K(2624K)
[141.639s][info][gc             ] GC(471) Pause Young (Mixed) (G1 Evacuation Pause) 275M->208M(431M) 76.228ms
[141.639s][info][gc,cpu         ] GC(471) User=0.61s Sys=0.02s Real=0.08s
[141.763s][info][gc,start       ] GC(472) Pause Young (Concurrent Start) (G1 Evacuation Pause)
[141.763s][info][gc,task        ] GC(472) Using 10 workers of 33 for evacuation
[141.813s][info][gc,phases      ] GC(472)   Pre Evacuate Collection Set: 0.3ms
[141.813s][info][gc,phases      ] GC(472)   Merge Heap Roots: 0.9ms
[141.813s][info][gc,phases      ] GC(472)   Evacuate Collection Set: 48.5ms
[141.813s][info][gc,phases      ] GC(472)   Post Evacuate Collection Set: 0.6ms
[141.813s][info][gc,phases      ] GC(472)   Other: 0.1ms
[141.813s][info][gc,heap        ] GC(472) Eden regions: 105->0(64)
[141.814s][info][gc,heap        ] GC(472) Survivor regions: 28->17(17)
[141.814s][info][gc,heap        ] GC(472) Old regions: 183->264
[141.814s][info][gc,heap        ] GC(472) Archive regions: 0->0
[141.814s][info][gc,heap        ] GC(472) Humongous regions: 1->1
[141.814s][info][gc,metaspace   ] GC(472) Metaspace: 16664K(17088K)->16664K(17088K) NonClass: 14240K(14464K)->14240K(14464K) Class: 2423K(2624K)->2423K(2624K)
[141.814s][info][gc             ] GC(472) Pause Young (Concurrent Start) (G1 Evacuation Pause) 313M->278M(431M) 51.005ms
[141.814s][info][gc             ] GC(473) Concurrent Mark Cycle
[141.814s][info][gc,cpu         ] GC(472) User=0.47s Sys=0.00s Real=0.05s
[141.814s][info][gc,marking     ] GC(473) Concurrent Scan Root Regions
[141.824s][info][gc,marking     ] GC(473) Concurrent Scan Root Regions 10.416ms
[141.824s][info][gc,marking     ] GC(473) Concurrent Mark
[141.824s][info][gc,marking     ] GC(473) Concurrent Mark From Roots
[141.824s][info][gc,task        ] GC(473) Using 8 workers of 8 for marking
[141.878s][info][gc,marking     ] GC(473) Concurrent Mark From Roots 53.703ms
[141.878s][info][gc,marking     ] GC(473) Concurrent Preclean
[141.878s][info][gc,marking     ] GC(473) Concurrent Preclean 0.104ms
[141.878s][info][gc,start       ] GC(473) Pause Remark
[141.880s][info][gc             ] GC(473) Pause Remark 330M->330M(559M) 1.822ms
[141.880s][info][gc,cpu         ] GC(473) User=0.00s Sys=0.00s Real=0.00s
[141.880s][info][gc,marking     ] GC(473) Concurrent Mark 55.915ms
[141.880s][info][gc,marking     ] GC(473) Concurrent Rebuild Remembered Sets and Scrub Regions
[141.894s][info][gc,start       ] GC(474) Pause Young (Normal) (G1 Evacuation Pause)
[141.894s][info][gc,task        ] GC(474) Using 13 workers of 33 for evacuation
[141.927s][info][gc,phases      ] GC(474)   Pre Evacuate Collection Set: 0.1ms
[141.927s][info][gc,phases      ] GC(474)   Merge Heap Roots: 0.6ms
[141.927s][info][gc,phases      ] GC(474)   Evacuate Collection Set: 31.8ms
[141.927s][info][gc,phases      ] GC(474)   Post Evacuate Collection Set: 0.6ms
[141.927s][info][gc,phases      ] GC(474)   Other: 0.1ms
[141.927s][info][gc,heap        ] GC(474) Eden regions: 64->0(97)
[141.927s][info][gc,heap        ] GC(474) Survivor regions: 17->11(11)
[141.927s][info][gc,heap        ] GC(474) Old regions: 264->315
[141.927s][info][gc,heap        ] GC(474) Archive regions: 0->0
[141.927s][info][gc,heap        ] GC(474) Humongous regions: 1->1
[141.927s][info][gc,metaspace   ] GC(474) Metaspace: 16664K(17088K)->16664K(17088K) NonClass: 14240K(14464K)->14240K(14464K) Class: 2423K(2624K)->2423K(2624K)
[141.927s][info][gc             ] GC(474) Pause Young (Normal) (G1 Evacuation Pause) 342M->324M(559M) 33.413ms
[141.927s][info][gc,cpu         ] GC(474) User=0.41s Sys=0.00s Real=0.03s
[141.980s][info][gc,marking     ] GC(473) Concurrent Rebuild Remembered Sets and Scrub Regions 99.299ms
[141.980s][info][gc,start       ] GC(473) Pause Cleanup
[141.980s][info][gc             ] GC(473) Pause Cleanup 371M->371M(559M) 0.199ms
[141.980s][info][gc,cpu         ] GC(473) User=0.00s Sys=0.00s Real=0.00s
[141.980s][info][gc,marking     ] GC(473) Concurrent Clear Claimed Marks
[141.980s][info][gc,marking     ] GC(473) Concurrent Clear Claimed Marks 0.067ms
[141.980s][info][gc,marking     ] GC(473) Concurrent Cleanup for Next Mark
[141.981s][info][gc,marking     ] GC(473) Concurrent Cleanup for Next Mark 1.112ms
[141.981s][info][gc             ] GC(473) Concurrent Mark Cycle 167.431ms
[142.042s][info][gc,start       ] GC(475) Pause Young (Prepare Mixed) (G1 Evacuation Pause)
[142.042s][info][gc,task        ] GC(475) Using 13 workers of 33 for evacuation
[142.091s][info][gc,phases      ] GC(475)   Pre Evacuate Collection Set: 0.1ms
[142.091s][info][gc,phases      ] GC(475)   Merge Heap Roots: 1.4ms
[142.091s][info][gc,phases      ] GC(475)   Evacuate Collection Set: 46.3ms
[142.091s][info][gc,phases      ] GC(475)   Post Evacuate Collection Set: 0.4ms
[142.091s][info][gc,phases      ] GC(475)   Other: 0.2ms
[142.091s][info][gc,heap        ] GC(475) Eden regions: 97->0(66)
[142.091s][info][gc,heap        ] GC(475) Survivor regions: 11->14(14)
[142.091s][info][gc,heap        ] GC(475) Old regions: 315->379
[142.091s][info][gc,heap        ] GC(475) Archive regions: 0->0
[142.091s][info][gc,heap        ] GC(475) Humongous regions: 1->1
[142.091s][info][gc,metaspace   ] GC(475) Metaspace: 16664K(17088K)->16664K(17088K) NonClass: 14240K(14464K)->14240K(14464K) Class: 2423K(2624K)->2423K(2624K)
[142.091s][info][gc             ] GC(475) Pause Young (Prepare Mixed) (G1 Evacuation Pause) 421M->391M(559M) 48.895ms
[142.091s][info][gc,cpu         ] GC(475) User=0.56s Sys=0.05s Real=0.05s
[142.163s][info][gc,start       ] GC(476) Pause Young (Mixed) (G1 Evacuation Pause)
[142.163s][info][gc,task        ] GC(476) Using 13 workers of 33 for evacuation
[142.192s][info][gc,phases      ] GC(476)   Pre Evacuate Collection Set: 0.1ms
[142.192s][info][gc,phases      ] GC(476)   Merge Heap Roots: 0.2ms
[142.192s][info][gc,phases      ] GC(476)   Evacuate Collection Set: 28.8ms
[142.192s][info][gc,phases      ] GC(476)   Post Evacuate Collection Set: 0.3ms
[142.193s][info][gc,phases      ] GC(476)   Other: 0.1ms
[142.193s][info][gc,heap        ] GC(476) Eden regions: 66->0(47)
[142.193s][info][gc,heap        ] GC(476) Survivor regions: 14->10(10)
[142.193s][info][gc,heap        ] GC(476) Old regions: 379->427
[142.193s][info][gc,heap        ] GC(476) Archive regions: 0->0
[142.193s][info][gc,heap        ] GC(476) Humongous regions: 1->1
[142.193s][info][gc,metaspace   ] GC(476) Metaspace: 16664K(17088K)->16664K(17088K) NonClass: 14240K(14464K)->14240K(14464K) Class: 2423K(2624K)->2423K(2624K)
[142.193s][info][gc             ] GC(476) Pause Young (Mixed) (G1 Evacuation Pause) 457M->435M(559M) 30.151ms
[142.193s][info][gc,cpu         ] GC(476) User=0.36s Sys=0.05s Real=0.03s
[142.241s][info][gc,start       ] GC(477) Pause Young (Concurrent Start) (G1 Humongous Allocation)
[142.242s][info][gc,task        ] GC(477) Using 13 workers of 33 for evacuation
[142.263s][info][gc,phases      ] GC(477)   Pre Evacuate Collection Set: 0.3ms
[142.263s][info][gc,phases      ] GC(477)   Merge Heap Roots: 0.2ms
[142.263s][info][gc,phases      ] GC(477)   Evacuate Collection Set: 18.7ms
[142.263s][info][gc,phases      ] GC(477)   Post Evacuate Collection Set: 1.9ms
[142.263s][info][gc,phases      ] GC(477)   Other: 0.1ms
[142.263s][info][gc,heap        ] GC(477) Eden regions: 44->0(102)
[142.263s][info][gc,heap        ] GC(477) Survivor regions: 10->8(8)
[142.263s][info][gc,heap        ] GC(477) Old regions: 427->461
[142.263s][info][gc,heap        ] GC(477) Archive regions: 0->0
[142.263s][info][gc,heap        ] GC(477) Humongous regions: 1->1
[142.263s][info][gc,metaspace   ] GC(477) Metaspace: 16664K(17088K)->16664K(17088K) NonClass: 14240K(14464K)->14240K(14464K) Class: 2423K(2624K)->2423K(2624K)
[142.263s][info][gc             ] GC(477) Pause Young (Concurrent Start) (G1 Humongous Allocation) 478M->467M(727M) 21.646ms
[142.263s][info][gc             ] GC(478) Concurrent Mark Cycle
[142.263s][info][gc,cpu         ] GC(477) User=0.19s Sys=0.02s Real=0.02s
[142.263s][info][gc,marking     ] GC(478) Concurrent Scan Root Regions
[142.270s][info][gc,marking     ] GC(478) Concurrent Scan Root Regions 6.588ms
[142.270s][info][gc,marking     ] GC(478) Concurrent Mark
[142.270s][info][gc,marking     ] GC(478) Concurrent Mark From Roots
[142.270s][info][gc,task        ] GC(478) Using 8 workers of 8 for marking
[142.408s][info][gc,marking     ] GC(478) Concurrent Mark From Roots 138.008ms
[142.408s][info][gc,marking     ] GC(478) Concurrent Preclean
[142.408s][info][gc,marking     ] GC(478) Concurrent Preclean 0.080ms
[142.408s][info][gc,start       ] GC(478) Pause Remark
[142.410s][info][gc             ] GC(478) Pause Remark 501M->501M(840M) 2.190ms
[142.410s][info][gc,cpu         ] GC(478) User=0.00s Sys=0.00s Real=0.00s
[142.410s][info][gc,marking     ] GC(478) Concurrent Mark 140.586ms
[142.410s][info][gc,marking     ] GC(478) Concurrent Rebuild Remembered Sets and Scrub Regions
[142.459s][info][gc,marking     ] GC(478) Concurrent Rebuild Remembered Sets and Scrub Regions 48.708ms
[142.459s][info][gc,start       ] GC(478) Pause Cleanup
[142.460s][info][gc             ] GC(478) Pause Cleanup 507M->507M(840M) 0.376ms
[142.460s][info][gc,cpu         ] GC(478) User=0.00s Sys=0.00s Real=0.00s
[142.460s][info][gc,marking     ] GC(478) Concurrent Clear Claimed Marks
[142.460s][info][gc,marking     ] GC(478) Concurrent Clear Claimed Marks 0.060ms
[142.460s][info][gc,marking     ] GC(478) Concurrent Cleanup for Next Mark
[142.461s][info][gc,marking     ] GC(478) Concurrent Cleanup for Next Mark 1.313ms
[142.461s][info][gc             ] GC(478) Concurrent Mark Cycle 198.210ms
[143.472s][info][gc,start       ] GC(479) Pause Young (Prepare Mixed) (G1 Evacuation Pause)
[143.473s][info][gc,task        ] GC(479) Using 20 workers of 33 for evacuation
[143.502s][info][gc,phases      ] GC(479)   Pre Evacuate Collection Set: 0.2ms
[143.502s][info][gc,phases      ] GC(479)   Merge Heap Roots: 2.0ms
[143.502s][info][gc,phases      ] GC(479)   Evacuate Collection Set: 26.5ms
[143.502s][info][gc,phases      ] GC(479)   Post Evacuate Collection Set: 0.5ms
[143.502s][info][gc,phases      ] GC(479)   Other: 0.1ms
[143.502s][info][gc,heap        ] GC(479) Eden regions: 102->0(161)
[143.502s][info][gc,heap        ] GC(479) Survivor regions: 8->9(14)
[143.502s][info][gc,heap        ] GC(479) Old regions: 461->472
[143.502s][info][gc,heap        ] GC(479) Archive regions: 0->0
[143.502s][info][gc,heap        ] GC(479) Humongous regions: 2->2
[143.502s][info][gc,metaspace   ] GC(479) Metaspace: 16664K(17088K)->16664K(17088K) NonClass: 14240K(14464K)->14240K(14464K) Class: 2423K(2624K)->2423K(2624K)
[143.502s][info][gc             ] GC(479) Pause Young (Prepare Mixed) (G1 Evacuation Pause) 570M->479M(840M) 29.725ms
[143.502s][info][gc,cpu         ] GC(479) User=0.61s Sys=0.02s Real=0.03s
[148.936s][info][gc,start       ] GC(480) Pause Young (Mixed) (G1 Evacuation Pause)
[148.936s][info][gc,task        ] GC(480) Using 20 workers of 33 for evacuation
[148.970s][info][gc,phases      ] GC(480)   Pre Evacuate Collection Set: 0.2ms
[148.970s][info][gc,phases      ] GC(480)   Merge Heap Roots: 0.3ms
[148.970s][info][gc,phases      ] GC(480)   Evacuate Collection Set: 33.5ms
[148.970s][info][gc,phases      ] GC(480)   Post Evacuate Collection Set: 0.6ms
[148.970s][info][gc,phases      ] GC(480)   Other: 0.1ms
[148.970s][info][gc,heap        ] GC(480) Eden regions: 161->0(135)
[148.970s][info][gc,heap        ] GC(480) Survivor regions: 9->22(22)
[148.970s][info][gc,heap        ] GC(480) Old regions: 472->521
[148.970s][info][gc,heap        ] GC(480) Archive regions: 0->0
[148.970s][info][gc,heap        ] GC(480) Humongous regions: 2->2
[148.970s][info][gc,metaspace   ] GC(480) Metaspace: 16664K(17088K)->16664K(17088K) NonClass: 14240K(14464K)->14240K(14464K) Class: 2423K(2624K)->2423K(2624K)
[148.970s][info][gc             ] GC(480) Pause Young (Mixed) (G1 Evacuation Pause) 640M->542M(840M) 34.966ms
[148.971s][info][gc,cpu         ] GC(480) User=0.58s Sys=0.05s Real=0.03s
[149.083s][info][gc,start       ] GC(481) Pause Young (Concurrent Start) (G1 Evacuation Pause)
[149.083s][info][gc,task        ] GC(481) Using 20 workers of 33 for evacuation
[149.121s][info][gc,phases      ] GC(481)   Pre Evacuate Collection Set: 0.3ms
[149.121s][info][gc,phases      ] GC(481)   Merge Heap Roots: 0.8ms
[149.121s][info][gc,phases      ] GC(481)   Evacuate Collection Set: 36.2ms
[149.121s][info][gc,phases      ] GC(481)   Post Evacuate Collection Set: 0.4ms
[149.121s][info][gc,phases      ] GC(481)   Other: 0.1ms
[149.121s][info][gc,heap        ] GC(481) Eden regions: 135->0(109)
[149.121s][info][gc,heap        ] GC(481) Survivor regions: 22->20(20)
[149.121s][info][gc,heap        ] GC(481) Old regions: 521->583
[149.121s][info][gc,heap        ] GC(481) Archive regions: 0->0
[149.121s][info][gc,heap        ] GC(481) Humongous regions: 2->2
[149.121s][info][gc,metaspace   ] GC(481) Metaspace: 16664K(17088K)->16664K(17088K) NonClass: 14240K(14464K)->14240K(14464K) Class: 2423K(2624K)->2423K(2624K)
[149.121s][info][gc             ] GC(481) Pause Young (Concurrent Start) (G1 Evacuation Pause) 677M->601M(840M) 38.014ms
[149.121s][info][gc             ] GC(482) Concurrent Mark Cycle
[149.121s][info][gc,cpu         ] GC(481) User=0.61s Sys=0.02s Real=0.03s
[149.121s][info][gc,marking     ] GC(482) Concurrent Scan Root Regions
[149.130s][info][gc,marking     ] GC(482) Concurrent Scan Root Regions 8.974ms
[149.130s][info][gc,marking     ] GC(482) Concurrent Mark
[149.130s][info][gc,marking     ] GC(482) Concurrent Mark From Roots
[149.130s][info][gc,task        ] GC(482) Using 8 workers of 8 for marking
[149.176s][info][gc,marking     ] GC(482) Concurrent Mark From Roots 46.268ms
[149.176s][info][gc,marking     ] GC(482) Concurrent Preclean
[149.176s][info][gc,marking     ] GC(482) Concurrent Preclean 0.100ms
[149.176s][info][gc,start       ] GC(482) Pause Remark
[149.178s][info][gc             ] GC(482) Pause Remark 657M->654M(1024M) 2.077ms
[149.179s][info][gc,cpu         ] GC(482) User=0.00s Sys=0.00s Real=0.00s
[149.179s][info][gc,marking     ] GC(482) Concurrent Mark 48.712ms
[149.179s][info][gc,marking     ] GC(482) Concurrent Rebuild Remembered Sets and Scrub Regions
[149.227s][info][gc,marking     ] GC(482) Concurrent Rebuild Remembered Sets and Scrub Regions 48.268ms
[149.227s][info][gc,start       ] GC(482) Pause Cleanup
[149.228s][info][gc             ] GC(482) Pause Cleanup 693M->693M(1024M) 0.456ms
[149.228s][info][gc,cpu         ] GC(482) User=0.00s Sys=0.00s Real=0.00s
[149.228s][info][gc,marking     ] GC(482) Concurrent Clear Claimed Marks
[149.228s][info][gc,marking     ] GC(482) Concurrent Clear Claimed Marks 0.044ms
[149.228s][info][gc,marking     ] GC(482) Concurrent Cleanup for Next Mark
[149.229s][info][gc,marking     ] GC(482) Concurrent Cleanup for Next Mark 0.968ms
[149.229s][info][gc             ] GC(482) Concurrent Mark Cycle 107.856ms
[149.245s][info][gc,start       ] GC(483) Pause Young (Prepare Mixed) (G1 Evacuation Pause)
[149.245s][info][gc,task        ] GC(483) Using 24 workers of 33 for evacuation
[149.266s][info][gc,phases      ] GC(483)   Pre Evacuate Collection Set: 0.1ms
[149.266s][info][gc,phases      ] GC(483)   Merge Heap Roots: 0.2ms
[149.266s][info][gc,phases      ] GC(483)   Evacuate Collection Set: 19.9ms
[149.266s][info][gc,phases      ] GC(483)   Post Evacuate Collection Set: 0.5ms
[149.266s][info][gc,phases      ] GC(483)   Other: 0.1ms
[149.266s][info][gc,heap        ] GC(483) Eden regions: 109->0(177)
[149.266s][info][gc,heap        ] GC(483) Survivor regions: 20->17(17)
[149.266s][info][gc,heap        ] GC(483) Old regions: 581->634
[149.266s][info][gc,heap        ] GC(483) Archive regions: 0->0
[149.266s][info][gc,heap        ] GC(483) Humongous regions: 1->1
[149.266s][info][gc,metaspace   ] GC(483) Metaspace: 16664K(17088K)->16664K(17088K) NonClass: 14240K(14464K)->14240K(14464K) Class: 2423K(2624K)->2423K(2624K)
[149.266s][info][gc             ] GC(483) Pause Young (Prepare Mixed) (G1 Evacuation Pause) 707M->649M(1024M) 20.941ms
[149.266s][info][gc,cpu         ] GC(483) User=0.36s Sys=0.02s Real=0.02s
[149.454s][info][gc,start       ] GC(484) Pause Young (Mixed) (G1 Evacuation Pause)
[149.455s][info][gc,task        ] GC(484) Using 24 workers of 33 for evacuation
[149.486s][info][gc,phases      ] GC(484)   Pre Evacuate Collection Set: 0.2ms
[149.486s][info][gc,phases      ] GC(484)   Merge Heap Roots: 0.2ms
[149.486s][info][gc,phases      ] GC(484)   Evacuate Collection Set: 30.4ms
[149.486s][info][gc,phases      ] GC(484)   Post Evacuate Collection Set: 0.5ms
[149.486s][info][gc,phases      ] GC(484)   Other: 0.2ms
[149.486s][info][gc,heap        ] GC(484) Eden regions: 177->0(191)
[149.486s][info][gc,heap        ] GC(484) Survivor regions: 17->25(25)
[149.486s][info][gc,heap        ] GC(484) Old regions: 634->603
[149.486s][info][gc,heap        ] GC(484) Archive regions: 0->0
[149.486s][info][gc,heap        ] GC(484) Humongous regions: 1->1
[149.486s][info][gc,metaspace   ] GC(484) Metaspace: 16664K(17088K)->16664K(17088K) NonClass: 14240K(14464K)->14240K(14464K) Class: 2423K(2624K)->2423K(2624K)
[149.486s][info][gc             ] GC(484) Pause Young (Mixed) (G1 Evacuation Pause) 826M->625M(1024M) 31.824ms
[149.486s][info][gc,cpu         ] GC(484) User=0.72s Sys=0.03s Real=0.03s
[149.652s][info][gc,start       ] GC(485) Pause Young (Mixed) (G1 Evacuation Pause)
[149.652s][info][gc,task        ] GC(485) Using 24 workers of 33 for evacuation
[149.689s][info][gc,phases      ] GC(485)   Pre Evacuate Collection Set: 0.2ms
[149.689s][info][gc,phases      ] GC(485)   Merge Heap Roots: 0.3ms
[149.689s][info][gc,phases      ] GC(485)   Evacuate Collection Set: 36.0ms
[149.689s][info][gc,phases      ] GC(485)   Post Evacuate Collection Set: 0.5ms
[149.689s][info][gc,phases      ] GC(485)   Other: 0.2ms
[149.689s][info][gc,heap        ] GC(485) Eden regions: 191->0(201)
[149.689s][info][gc,heap        ] GC(485) Survivor regions: 25->27(27)
[149.689s][info][gc,heap        ] GC(485) Old regions: 603->586
[149.689s][info][gc,heap        ] GC(485) Archive regions: 0->0
[149.689s][info][gc,heap        ] GC(485) Humongous regions: 1->1
[149.689s][info][gc,metaspace   ] GC(485) Metaspace: 16664K(17088K)->16664K(17088K) NonClass: 14240K(14464K)->14240K(14464K) Class: 2423K(2624K)->2423K(2624K)
[149.689s][info][gc             ] GC(485) Pause Young (Mixed) (G1 Evacuation Pause) 816M->610M(1024M) 37.524ms
[149.689s][info][gc,cpu         ] GC(485) User=0.75s Sys=0.00s Real=0.03s
[149.864s][info][gc,start       ] GC(486) Pause Young (Mixed) (G1 Evacuation Pause)
[149.864s][info][gc,task        ] GC(486) Using 24 workers of 33 for evacuation
[149.904s][info][gc,phases      ] GC(486)   Pre Evacuate Collection Set: 0.2ms
[149.904s][info][gc,phases      ] GC(486)   Merge Heap Roots: 0.3ms
[149.904s][info][gc,phases      ] GC(486)   Evacuate Collection Set: 38.9ms
[149.904s][info][gc,phases      ] GC(486)   Post Evacuate Collection Set: 0.5ms
[149.904s][info][gc,phases      ] GC(486)   Other: 0.2ms
[149.904s][info][gc,heap        ] GC(486) Eden regions: 201->0(201)
[149.904s][info][gc,heap        ] GC(486) Survivor regions: 27->29(29)
[149.904s][info][gc,heap        ] GC(486) Old regions: 586->587
[149.904s][info][gc,heap        ] GC(486) Archive regions: 0->0
[149.904s][info][gc,heap        ] GC(486) Humongous regions: 1->1
[149.904s][info][gc,metaspace   ] GC(486) Metaspace: 16664K(17088K)->16664K(17088K) NonClass: 14240K(14464K)->14240K(14464K) Class: 2423K(2624K)->2423K(2624K)
[149.904s][info][gc             ] GC(486) Pause Young (Mixed) (G1 Evacuation Pause) 811M->615M(1024M) 40.371ms
[149.904s][info][gc,cpu         ] GC(486) User=0.75s Sys=0.00s Real=0.03s
[150.572s][info][gc,start       ] GC(487) Pause Young (Mixed) (G1 Evacuation Pause)
[150.572s][info][gc,task        ] GC(487) Using 24 workers of 33 for evacuation
[150.629s][info][gc,phases      ] GC(487)   Pre Evacuate Collection Set: 0.2ms
[150.629s][info][gc,phases      ] GC(487)   Merge Heap Roots: 1.8ms
[150.629s][info][gc,phases      ] GC(487)   Evacuate Collection Set: 52.8ms
[150.629s][info][gc,phases      ] GC(487)   Post Evacuate Collection Set: 1.2ms
[150.629s][info][gc,phases      ] GC(487)   Other: 0.2ms
[150.629s][info][gc,heap        ] GC(487) Eden regions: 201->0(173)
[150.629s][info][gc,heap        ] GC(487) Survivor regions: 29->29(29)
[150.629s][info][gc,heap        ] GC(487) Old regions: 587->638
[150.629s][info][gc,heap        ] GC(487) Archive regions: 0->0
[150.629s][info][gc,heap        ] GC(487) Humongous regions: 7->7
[150.629s][info][gc,metaspace   ] GC(487) Metaspace: 16664K(17088K)->16664K(17088K) NonClass: 14240K(14464K)->14240K(14464K) Class: 2423K(2624K)->2423K(2624K)
[150.629s][info][gc             ] GC(487) Pause Young (Mixed) (G1 Evacuation Pause) 822M->673M(1024M) 56.598ms
[150.629s][info][gc,cpu         ] GC(487) User=1.13s Sys=0.00s Real=0.05s
[150.926s][info][gc,start       ] GC(488) Pause Young (Concurrent Start) (G1 Evacuation Pause)
[150.926s][info][gc,task        ] GC(488) Using 24 workers of 33 for evacuation
[150.960s][info][gc,phases      ] GC(488)   Pre Evacuate Collection Set: 0.4ms
[150.960s][info][gc,phases      ] GC(488)   Merge Heap Roots: 1.4ms
[150.960s][info][gc,phases      ] GC(488)   Evacuate Collection Set: 31.2ms
[150.960s][info][gc,phases      ] GC(488)   Post Evacuate Collection Set: 0.5ms
[150.960s][info][gc,phases      ] GC(488)   Other: 0.1ms
[150.960s][info][gc,heap        ] GC(488) Eden regions: 173->0(187)
[150.960s][info][gc,heap        ] GC(488) Survivor regions: 29->6(26)
[150.960s][info][gc,heap        ] GC(488) Old regions: 638->665
[150.960s][info][gc,heap        ] GC(488) Archive regions: 0->0
[150.960s][info][gc,heap        ] GC(488) Humongous regions: 7->7
[150.960s][info][gc,metaspace   ] GC(488) Metaspace: 16664K(17088K)->16664K(17088K) NonClass: 14240K(14464K)->14240K(14464K) Class: 2423K(2624K)->2423K(2624K)
[150.960s][info][gc             ] GC(488) Pause Young (Concurrent Start) (G1 Evacuation Pause) 846M->676M(1024M) 33.962ms
[150.960s][info][gc             ] GC(489) Concurrent Mark Cycle
[150.960s][info][gc,cpu         ] GC(488) User=1.13s Sys=0.00s Real=0.05s
[150.960s][info][gc,marking     ] GC(489) Concurrent Scan Root Regions
[150.966s][info][gc,marking     ] GC(489) Concurrent Scan Root Regions 6.269ms
[150.966s][info][gc,marking     ] GC(489) Concurrent Mark
[150.966s][info][gc,marking     ] GC(489) Concurrent Mark From Roots
[150.966s][info][gc,task        ] GC(489) Using 8 workers of 8 for marking
[151.079s][info][gc,marking     ] GC(489) Concurrent Mark From Roots 112.737ms
[151.079s][info][gc,marking     ] GC(489) Concurrent Preclean
[151.079s][info][gc,marking     ] GC(489) Concurrent Preclean 0.096ms
[151.079s][info][gc,start       ] GC(489) Pause Remark
[151.081s][info][gc             ] GC(489) Pause Remark 735M->627M(1024M) 1.218ms
[151.081s][info][gc,cpu         ] GC(489) User=0.00s Sys=0.00s Real=0.00s
[151.081s][info][gc,marking     ] GC(489) Concurrent Mark 114.342ms
[151.081s][info][gc,marking     ] GC(489) Concurrent Rebuild Remembered Sets and Scrub Regions
[151.264s][info][gc,marking     ] GC(489) Concurrent Rebuild Remembered Sets and Scrub Regions 183.609ms
[151.265s][info][gc,start       ] GC(489) Pause Cleanup
[151.265s][info][gc             ] GC(489) Pause Cleanup 738M->738M(1024M) 0.592ms
[151.265s][info][gc,cpu         ] GC(489) User=0.00s Sys=0.00s Real=0.00s
[151.265s][info][gc,marking     ] GC(489) Concurrent Clear Claimed Marks
[151.265s][info][gc,marking     ] GC(489) Concurrent Clear Claimed Marks 0.043ms
[151.265s][info][gc,marking     ] GC(489) Concurrent Cleanup for Next Mark
[151.266s][info][gc,marking     ] GC(489) Concurrent Cleanup for Next Mark 0.716ms
[151.266s][info][gc             ] GC(489) Concurrent Mark Cycle 305.999ms
[151.296s][info][gc,start       ] GC(490) Pause Young (Prepare Mixed) (G1 Evacuation Pause)
[151.296s][info][gc,task        ] GC(490) Using 24 workers of 33 for evacuation
[151.305s][info][gc,phases      ] GC(490)   Pre Evacuate Collection Set: 0.1ms
[151.305s][info][gc,phases      ] GC(490)   Merge Heap Roots: 0.4ms
[151.305s][info][gc,phases      ] GC(490)   Evacuate Collection Set: 7.8ms
[151.305s][info][gc,phases      ] GC(490)   Post Evacuate Collection Set: 0.5ms
[151.305s][info][gc,phases      ] GC(490)   Other: 0.1ms
[151.305s][info][gc,heap        ] GC(490) Eden regions: 187->0(274)
[151.305s][info][gc,heap        ] GC(490) Survivor regions: 6->4(25)
[151.305s][info][gc,heap        ] GC(490) Old regions: 561->561
[151.305s][info][gc,heap        ] GC(490) Archive regions: 0->0
[151.305s][info][gc,heap        ] GC(490) Humongous regions: 3->3
[151.305s][info][gc,metaspace   ] GC(490) Metaspace: 16664K(17088K)->16664K(17088K) NonClass: 14240K(14464K)->14240K(14464K) Class: 2423K(2624K)->2423K(2624K)
[151.305s][info][gc             ] GC(490) Pause Young (Prepare Mixed) (G1 Evacuation Pause) 755M->566M(1024M) 9.373ms
[151.305s][info][gc,cpu         ] GC(490) User=0.00s Sys=0.00s Real=0.00s
[153.011s][info][gc,heap,exit   ] Heap
[153.011s][info][gc,heap,exit   ]  garbage-first heap   total 1048576K, used 783874K [0x00000000c0000000, 0x0000000100000000)
[153.011s][info][gc,heap,exit   ]   region size 1024K, 204 young (208896K), 4 survivors (4096K)
[153.011s][info][gc,heap,exit   ]  Metaspace       used 16754K, committed 17152K, reserved 1114112K
[153.011s][info][gc,heap,exit   ]   class space    used 2439K, committed 2624K, reserved 1048576K
