[0.016s][info][gc,init] CardTable entry size: 512
[0.016s][info][gc     ] Using Parallel
[0.027s][info][gc,init] Version: 20+36-2344 (release)
[0.027s][info][gc,init] CPUs: 48 total, 48 available
[0.027s][info][gc,init] Memory: 382G
[0.027s][info][gc,init] Large Page Support: Disabled
[0.027s][info][gc,init] NUMA Support: Disabled
[0.027s][info][gc,init] Compressed Oops: Enabled (32-bit)
[0.027s][info][gc,init] Alignments: Space 512K, Generation 512K, Heap 2M
[0.028s][info][gc,init] Heap Min Capacity: 8M
[0.028s][info][gc,init] Heap Initial Capacity: 2G
[0.046s][info][gc,init] Heap Max Capacity: 2G
[0.046s][info][gc,init] Pre-touch: Disabled
[0.046s][info][gc,init] Parallel Workers: 33
[0.048s][info][gc,metaspace] CDS archive(s) mapped at: [0x0000000800000000-0x0000000800c60000-0x0000000800c60000), size 12976128, SharedBaseAddress: 0x0000000800000000, ArchiveRelocationMode: 0.
[0.048s][info][gc,metaspace] Compressed class space mapped at: 0x0000000801000000-0x0000000841000000, reserved size: 1073741824
[0.048s][info][gc,metaspace] Narrow klass base: 0x0000000800000000, Narrow klass shift: 0, Narrow klass range: 0x100000000
[1.366s][info][gc,start    ] GC(0) Pause Young (System.gc())
[1.376s][info][gc,heap     ] GC(0) PSYoungGen: 136461K(611840K)->5455K(611840K) Eden: 136461K(524800K)->0K(524800K) From: 0K(87040K)->5455K(87040K)
[1.376s][info][gc,heap     ] GC(0) ParOldGen: 0K(1398272K)->16K(1398272K)
[1.376s][info][gc,metaspace] GC(0) Metaspace: 14220K(14464K)->14220K(14464K) NonClass: 12163K(12288K)->12163K(12288K) Class: 2057K(2176K)->2057K(2176K)
[1.376s][info][gc          ] GC(0) Pause Young (System.gc()) 133M->5M(1963M) 10.320ms
[1.376s][info][gc,cpu      ] GC(0) User=0.02s Sys=0.03s Real=0.02s
[1.376s][info][gc,start    ] GC(1) Pause Full (System.gc())
[1.376s][info][gc,phases,start] GC(1) Marking Phase
[1.386s][info][gc,phases      ] GC(1) Marking Phase 9.496ms
[1.386s][info][gc,phases,start] GC(1) Summary Phase
[1.386s][info][gc,phases      ] GC(1) Summary Phase 0.019ms
[1.386s][info][gc,phases,start] GC(1) Adjust Roots
[1.388s][info][gc,phases      ] GC(1) Adjust Roots 2.225ms
[1.388s][info][gc,phases,start] GC(1) Compaction Phase
[1.393s][info][gc,phases      ] GC(1) Compaction Phase 5.368ms
[1.393s][info][gc,phases,start] GC(1) Post Compact
[1.396s][info][gc,phases      ] GC(1) Post Compact 2.187ms
[1.396s][info][gc,heap        ] GC(1) PSYoungGen: 5455K(611840K)->0K(611840K) Eden: 0K(524800K)->0K(524800K) From: 5455K(87040K)->0K(87040K)
[1.396s][info][gc,heap        ] GC(1) ParOldGen: 16K(1398272K)->4730K(1398272K)
[1.396s][info][gc,metaspace   ] GC(1) Metaspace: 14220K(14464K)->14220K(14464K) NonClass: 12163K(12288K)->12163K(12288K) Class: 2057K(2176K)->2057K(2176K)
[1.396s][info][gc             ] GC(1) Pause Full (System.gc()) 5M->4M(1963M) 19.587ms
[1.396s][info][gc,cpu         ] GC(1) User=0.02s Sys=0.00s Real=0.01s
[3.970s][info][gc,start       ] GC(2) Pause Young (Allocation Failure)
[3.972s][info][gc,heap        ] GC(2) PSYoungGen: 524800K(611840K)->2416K(611840K) Eden: 524800K(524800K)->0K(524800K) From: 0K(87040K)->2416K(87040K)
[3.972s][info][gc,heap        ] GC(2) ParOldGen: 4730K(1398272K)->4738K(1398272K)
[3.972s][info][gc,metaspace   ] GC(2) Metaspace: 15828K(16128K)->15828K(16128K) NonClass: 13559K(13696K)->13559K(13696K) Class: 2268K(2432K)->2268K(2432K)
[3.972s][info][gc             ] GC(2) Pause Young (Allocation Failure) 517M->6M(1963M) 1.622ms
[3.972s][info][gc,cpu         ] GC(2) User=0.00s Sys=0.00s Real=0.00s
[4.141s][info][gc,start       ] GC(3) Pause Young (Allocation Failure)
[4.142s][info][gc,heap        ] GC(3) PSYoungGen: 527216K(611840K)->2304K(611840K) Eden: 524800K(524800K)->0K(524800K) From: 2416K(87040K)->2304K(87040K)
[4.142s][info][gc,heap        ] GC(3) ParOldGen: 4738K(1398272K)->4746K(1398272K)
[4.142s][info][gc,metaspace   ] GC(3) Metaspace: 15829K(16128K)->15829K(16128K) NonClass: 13560K(13696K)->13560K(13696K) Class: 2268K(2432K)->2268K(2432K)
[4.142s][info][gc             ] GC(3) Pause Young (Allocation Failure) 519M->6M(1963M) 1.251ms
[4.142s][info][gc,cpu         ] GC(3) User=0.00s Sys=0.00s Real=0.00s
[4.282s][info][gc,start       ] GC(4) Pause Young (Allocation Failure)
[4.284s][info][gc,heap        ] GC(4) PSYoungGen: 527104K(611840K)->2320K(611840K) Eden: 524800K(524800K)->0K(524800K) From: 2304K(87040K)->2320K(87040K)
[4.284s][info][gc,heap        ] GC(4) ParOldGen: 4746K(1398272K)->4754K(1398272K)
[4.284s][info][gc,metaspace   ] GC(4) Metaspace: 15831K(16128K)->15831K(16128K) NonClass: 13562K(13696K)->13562K(13696K) Class: 2268K(2432K)->2268K(2432K)
[4.284s][info][gc             ] GC(4) Pause Young (Allocation Failure) 519M->6M(1963M) 1.314ms
[4.284s][info][gc,cpu         ] GC(4) User=0.45s Sys=0.02s Real=0.02s
[4.355s][info][gc,start       ] GC(5) Pause Young (Allocation Failure)
[4.357s][info][gc,heap        ] GC(5) PSYoungGen: 527120K(611840K)->2192K(611840K) Eden: 524800K(524800K)->0K(524800K) From: 2320K(87040K)->2192K(87040K)
[4.357s][info][gc,heap        ] GC(5) ParOldGen: 4754K(1398272K)->4762K(1398272K)
[4.357s][info][gc,metaspace   ] GC(5) Metaspace: 15836K(16128K)->15836K(16128K) NonClass: 13568K(13696K)->13568K(13696K) Class: 2268K(2432K)->2268K(2432K)
[4.357s][info][gc             ] GC(5) Pause Young (Allocation Failure) 519M->6M(1963M) 1.145ms
[4.357s][info][gc,cpu         ] GC(5) User=0.00s Sys=0.00s Real=0.00s
[4.409s][info][gc,start       ] GC(6) Pause Young (Allocation Failure)
[4.410s][info][gc,heap        ] GC(6) PSYoungGen: 526992K(611840K)->2272K(527360K) Eden: 524800K(524800K)->0K(524800K) From: 2192K(87040K)->2272K(2560K)
[4.410s][info][gc,heap        ] GC(6) ParOldGen: 4762K(1398272K)->4762K(1398272K)
[4.410s][info][gc,metaspace   ] GC(6) Metaspace: 15838K(16128K)->15838K(16128K) NonClass: 13570K(13696K)->13570K(13696K) Class: 2268K(2432K)->2268K(2432K)
[4.410s][info][gc             ] GC(6) Pause Young (Allocation Failure) 519M->6M(1880M) 1.373ms
[4.410s][info][gc,cpu         ] GC(6) User=0.00s Sys=0.00s Real=0.00s
[4.462s][info][gc,start       ] GC(7) Pause Young (Allocation Failure)
[4.463s][info][gc,heap        ] GC(7) PSYoungGen: 527072K(527360K)->2288K(608768K) Eden: 524800K(524800K)->0K(603136K) From: 2272K(2560K)->2288K(5632K)
[4.463s][info][gc,heap        ] GC(7) ParOldGen: 4762K(1398272K)->4770K(1398272K)
[4.463s][info][gc,metaspace   ] GC(7) Metaspace: 15839K(16128K)->15839K(16128K) NonClass: 13570K(13696K)->13570K(13696K) Class: 2268K(2432K)->2268K(2432K)
[4.463s][info][gc             ] GC(7) Pause Young (Allocation Failure) 519M->6M(1960M) 1.706ms
[4.463s][info][gc,cpu         ] GC(7) User=0.00s Sys=0.00s Real=0.00s
[4.808s][info][gc,start       ] GC(8) Pause Young (Allocation Failure)
[4.933s][info][gc,heap        ] GC(8) PSYoungGen: 605424K(608768K)->5090K(532992K) Eden: 603136K(603136K)->0K(527872K) From: 2288K(5632K)->5090K(5120K)
[4.933s][info][gc,heap        ] GC(8) ParOldGen: 4770K(1398272K)->186218K(1398272K)
[4.933s][info][gc,metaspace   ] GC(8) Metaspace: 16061K(16384K)->16061K(16384K) NonClass: 13738K(13888K)->13738K(13888K) Class: 2322K(2496K)->2322K(2496K)
[4.933s][info][gc             ] GC(8) Pause Young (Allocation Failure) 595M->186M(1886M) 125.288ms
[4.933s][info][gc,cpu         ] GC(8) User=0.53s Sys=3.59s Real=0.13s
[5.710s][info][gc,start       ] GC(9) Pause Young (Allocation Failure)
[5.884s][info][gc,heap        ] GC(9) PSYoungGen: 532962K(532992K)->85475K(613376K) Eden: 527872K(527872K)->0K(527872K) From: 5090K(5120K)->85475K(85504K)
[5.884s][info][gc,heap        ] GC(9) ParOldGen: 186218K(1398272K)->401599K(1398272K)
[5.884s][info][gc,metaspace   ] GC(9) Metaspace: 16090K(16448K)->16090K(16448K) NonClass: 13767K(13952K)->13767K(13952K) Class: 2322K(2496K)->2322K(2496K)
[5.884s][info][gc             ] GC(9) Pause Young (Allocation Failure) 702M->475M(1964M) 173.463ms
[5.884s][info][gc,cpu         ] GC(9) User=1.34s Sys=4.33s Real=0.17s
[13.142s][info][gc,start       ] GC(10) Pause Young (Allocation Failure)
[13.314s][info][gc,heap        ] GC(10) PSYoungGen: 613347K(613376K)->85475K(318464K) Eden: 527872K(527872K)->0K(232960K) From: 85475K(85504K)->85475K(85504K)
[13.314s][info][gc,heap        ] GC(10) ParOldGen: 401599K(1398272K)->587551K(1398272K)
[13.314s][info][gc,metaspace   ] GC(10) Metaspace: 16686K(17216K)->16686K(17216K) NonClass: 14234K(14528K)->14234K(14528K) Class: 2452K(2688K)->2452K(2688K)
[13.314s][info][gc             ] GC(10) Pause Young (Allocation Failure) 991M->657M(1676M) 172.204ms
[13.314s][info][gc,cpu         ] GC(10) User=1.77s Sys=3.91s Real=0.17s
[13.487s][info][gc,start       ] GC(11) Pause Young (Allocation Failure)
[13.565s][info][gc,heap        ] GC(11) PSYoungGen: 318435K(318464K)->102976K(465920K) Eden: 232960K(232960K)->0K(232960K) From: 85475K(85504K)->102976K(232960K)
[13.565s][info][gc,heap        ] GC(11) ParOldGen: 587551K(1398272K)->668442K(1398272K)
[13.565s][info][gc,metaspace   ] GC(11) Metaspace: 16686K(17216K)->16686K(17216K) NonClass: 14234K(14528K)->14234K(14528K) Class: 2452K(2688K)->2452K(2688K)
[13.565s][info][gc             ] GC(11) Pause Young (Allocation Failure) 884M->753M(1820M) 78.102ms
[13.565s][info][gc,cpu         ] GC(11) User=1.55s Sys=1.03s Real=0.08s
[13.743s][info][gc,start       ] GC(12) Pause Young (Allocation Failure)
[13.818s][info][gc,heap        ] GC(12) PSYoungGen: 335936K(465920K)->98496K(465920K) Eden: 232960K(232960K)->0K(232960K) From: 102976K(232960K)->98496K(232960K)
[13.818s][info][gc,heap        ] GC(12) ParOldGen: 668442K(1398272K)->767906K(1398272K)
[13.818s][info][gc,metaspace   ] GC(12) Metaspace: 16686K(17216K)->16686K(17216K) NonClass: 14234K(14528K)->14234K(14528K) Class: 2452K(2688K)->2452K(2688K)
[13.818s][info][gc             ] GC(12) Pause Young (Allocation Failure) 980M->846M(1820M) 74.745ms
[13.818s][info][gc,cpu         ] GC(12) User=1.56s Sys=1.02s Real=0.08s
[14.570s][info][gc,start       ] GC(13) Pause Young (Allocation Failure)
[14.658s][info][gc,heap        ] GC(13) PSYoungGen: 331456K(465920K)->183510K(465920K) Eden: 232960K(232960K)->0K(232960K) From: 98496K(232960K)->183510K(232960K)
[14.658s][info][gc,heap        ] GC(13) ParOldGen: 767906K(1398272K)->862418K(1398272K)
[14.658s][info][gc,metaspace   ] GC(13) Metaspace: 16730K(17280K)->16730K(17280K) NonClass: 14272K(14592K)->14272K(14592K) Class: 2457K(2688K)->2457K(2688K)
[14.658s][info][gc             ] GC(13) Pause Young (Allocation Failure) 1073M->1021M(1820M) 88.481ms
[14.659s][info][gc,cpu         ] GC(13) User=1.47s Sys=1.11s Real=0.08s
[15.044s][info][gc,start       ] GC(14) Pause Young (Allocation Failure)
[15.114s][info][gc,heap        ] GC(14) PSYoungGen: 416470K(465920K)->4032K(465920K) Eden: 232960K(232960K)->0K(232960K) From: 183510K(232960K)->4032K(232960K)
[15.114s][info][gc,heap        ] GC(14) ParOldGen: 862418K(1398272K)->967776K(1398272K)
[15.114s][info][gc,metaspace   ] GC(14) Metaspace: 16730K(17280K)->16730K(17280K) NonClass: 14272K(14592K)->14272K(14592K) Class: 2457K(2688K)->2457K(2688K)
[15.114s][info][gc             ] GC(14) Pause Young (Allocation Failure) 1248M->949M(1820M) 69.876ms
[15.114s][info][gc,cpu         ] GC(14) User=1.39s Sys=1.19s Real=0.08s
[15.473s][info][gc,start       ] GC(15) Pause Young (Allocation Failure)
[15.476s][info][gc,heap        ] GC(15) PSYoungGen: 236992K(465920K)->1152K(465920K) Eden: 232960K(232960K)->0K(232960K) From: 4032K(232960K)->1152K(232960K)
[15.477s][info][gc,heap        ] GC(15) ParOldGen: 967776K(1398272K)->968024K(1398272K)
[15.477s][info][gc,metaspace   ] GC(15) Metaspace: 16730K(17280K)->16730K(17280K) NonClass: 14272K(14592K)->14272K(14592K) Class: 2457K(2688K)->2457K(2688K)
[15.477s][info][gc             ] GC(15) Pause Young (Allocation Failure) 1176M->946M(1820M) 3.184ms
[15.477s][info][gc,cpu         ] GC(15) User=0.00s Sys=0.00s Real=0.00s
[17.005s][info][gc,start       ] GC(16) Pause Young (System.gc())
[17.008s][info][gc,heap        ] GC(16) PSYoungGen: 119286K(465920K)->288K(465920K) Eden: 118134K(232960K)->0K(232960K) From: 1152K(232960K)->288K(232960K)
[17.008s][info][gc,heap        ] GC(16) ParOldGen: 968024K(1398272K)->968032K(1398272K)
[17.008s][info][gc,metaspace   ] GC(16) Metaspace: 17002K(17536K)->17002K(17536K) NonClass: 14480K(14784K)->14480K(14784K) Class: 2521K(2752K)->2521K(2752K)
[17.008s][info][gc             ] GC(16) Pause Young (System.gc()) 1061M->945M(1820M) 3.049ms
[17.008s][info][gc,cpu         ] GC(16) User=0.00s Sys=0.00s Real=0.00s
[17.009s][info][gc,start       ] GC(17) Pause Full (System.gc())
[17.009s][info][gc,phases,start] GC(17) Marking Phase
[17.032s][info][gc,phases      ] GC(17) Marking Phase 23.022ms
[17.032s][info][gc,phases,start] GC(17) Summary Phase
[17.032s][info][gc,phases      ] GC(17) Summary Phase 0.052ms
[17.032s][info][gc,phases,start] GC(17) Adjust Roots
[17.040s][info][gc,phases      ] GC(17) Adjust Roots 8.703ms
[17.040s][info][gc,phases,start] GC(17) Compaction Phase
[17.051s][info][gc,phases      ] GC(17) Compaction Phase 10.441ms
[17.051s][info][gc,phases,start] GC(17) Post Compact
[17.069s][info][gc,phases      ] GC(17) Post Compact 18.254ms
[17.069s][info][gc,heap        ] GC(17) PSYoungGen: 288K(465920K)->0K(465920K) Eden: 0K(232960K)->0K(232960K) From: 288K(232960K)->0K(232960K)
[17.069s][info][gc,heap        ] GC(17) ParOldGen: 968032K(1398272K)->7167K(1398272K)
[17.069s][info][gc,metaspace   ] GC(17) Metaspace: 17002K(17536K)->16686K(17536K) NonClass: 14480K(14784K)->14259K(14784K) Class: 2521K(2752K)->2426K(2752K)
[17.069s][info][gc             ] GC(17) Pause Full (System.gc()) 945M->6M(1820M) 60.706ms
[17.069s][info][gc,cpu         ] GC(17) User=0.69s Sys=0.00s Real=0.06s
[18.851s][info][gc,start       ] GC(18) Pause Young (Allocation Failure)
[18.852s][info][gc,heap        ] GC(18) PSYoungGen: 232960K(465920K)->2112K(465920K) Eden: 232960K(232960K)->0K(232960K) From: 0K(232960K)->2112K(232960K)
[18.852s][info][gc,heap        ] GC(18) ParOldGen: 7167K(1398272K)->7167K(1398272K)
[18.852s][info][gc,metaspace   ] GC(18) Metaspace: 16686K(17536K)->16686K(17536K) NonClass: 14259K(14784K)->14259K(14784K) Class: 2426K(2752K)->2426K(2752K)
[18.852s][info][gc             ] GC(18) Pause Young (Allocation Failure) 234M->9M(1820M) 0.845ms
[18.852s][info][gc,cpu         ] GC(18) User=0.00s Sys=0.00s Real=0.00s
[18.876s][info][gc,start       ] GC(19) Pause Young (Allocation Failure)
[18.877s][info][gc,heap        ] GC(19) PSYoungGen: 235072K(465920K)->1664K(465920K) Eden: 232960K(232960K)->0K(232960K) From: 2112K(232960K)->1664K(232960K)
[18.877s][info][gc,heap        ] GC(19) ParOldGen: 7167K(1398272K)->7639K(1398272K)
[18.877s][info][gc,metaspace   ] GC(19) Metaspace: 16686K(17536K)->16686K(17536K) NonClass: 14259K(14784K)->14259K(14784K) Class: 2426K(2752K)->2426K(2752K)
[18.877s][info][gc             ] GC(19) Pause Young (Allocation Failure) 236M->9M(1820M) 0.813ms
[18.877s][info][gc,cpu         ] GC(19) User=0.00s Sys=0.00s Real=0.00s
[18.901s][info][gc,start       ] GC(20) Pause Young (Allocation Failure)
[18.904s][info][gc,heap        ] GC(20) PSYoungGen: 234624K(465920K)->1600K(235008K) Eden: 232960K(232960K)->0K(232960K) From: 1664K(232960K)->1600K(2048K)
[18.904s][info][gc,heap        ] GC(20) ParOldGen: 7639K(1398272K)->7887K(1398272K)
[18.904s][info][gc,metaspace   ] GC(20) Metaspace: 16687K(17536K)->16687K(17536K) NonClass: 14260K(14784K)->14260K(14784K) Class: 2426K(2752K)->2426K(2752K)
[18.904s][info][gc             ] GC(20) Pause Young (Allocation Failure) 236M->9M(1595M) 2.554ms
[18.904s][info][gc,cpu         ] GC(20) User=0.00s Sys=0.00s Real=0.00s
[18.929s][info][gc,start       ] GC(21) Pause Young (Allocation Failure)
[18.930s][info][gc,heap        ] GC(21) PSYoungGen: 234560K(235008K)->1664K(467456K) Eden: 232960K(232960K)->0K(242176K) From: 1600K(2048K)->1664K(225280K)
[18.930s][info][gc,heap        ] GC(21) ParOldGen: 7887K(1398272K)->8111K(1398272K)
[18.930s][info][gc,metaspace   ] GC(21) Metaspace: 16687K(17536K)->16687K(17536K) NonClass: 14260K(14784K)->14260K(14784K) Class: 2426K(2752K)->2426K(2752K)
[18.930s][info][gc             ] GC(21) Pause Young (Allocation Failure) 236M->9M(1822M) 0.809ms
[18.930s][info][gc,cpu         ] GC(21) User=0.00s Sys=0.00s Real=0.00s
[18.955s][info][gc,start       ] GC(22) Pause Young (Allocation Failure)
[18.959s][info][gc,heap        ] GC(22) PSYoungGen: 243840K(467456K)->1536K(458240K) Eden: 242176K(242176K)->0K(242176K) From: 1664K(225280K)->1536K(216064K)
[18.959s][info][gc,heap        ] GC(22) ParOldGen: 8111K(1398272K)->8383K(1398272K)
[18.959s][info][gc,metaspace   ] GC(22) Metaspace: 16687K(17536K)->16687K(17536K) NonClass: 14260K(14784K)->14260K(14784K) Class: 2426K(2752K)->2426K(2752K)
[18.959s][info][gc             ] GC(22) Pause Young (Allocation Failure) 246M->9M(1813M) 3.347ms
[18.959s][info][gc,cpu         ] GC(22) User=0.00s Sys=0.00s Real=0.00s
[18.985s][info][gc,start       ] GC(23) Pause Young (Allocation Failure)
[18.986s][info][gc,heap        ] GC(23) PSYoungGen: 243712K(458240K)->1728K(472576K) Eden: 242176K(242176K)->0K(267776K) From: 1536K(216064K)->1728K(204800K)
[18.986s][info][gc,heap        ] GC(23) ParOldGen: 8383K(1398272K)->8639K(1398272K)
[18.986s][info][gc,metaspace   ] GC(23) Metaspace: 16687K(17536K)->16687K(17536K) NonClass: 14260K(14784K)->14260K(14784K) Class: 2426K(2752K)->2426K(2752K)
[18.986s][info][gc             ] GC(23) Pause Young (Allocation Failure) 246M->10M(1827M) 0.906ms
[18.986s][info][gc,cpu         ] GC(23) User=0.00s Sys=0.00s Real=0.00s
[19.014s][info][gc,start       ] GC(24) Pause Young (Allocation Failure)
[19.014s][info][gc,heap        ] GC(24) PSYoungGen: 269504K(472576K)->1664K(463872K) Eden: 267776K(267776K)->0K(267776K) From: 1728K(204800K)->1664K(196096K)
[19.015s][info][gc,heap        ] GC(24) ParOldGen: 8639K(1398272K)->8895K(1398272K)
[19.015s][info][gc,metaspace   ] GC(24) Metaspace: 16687K(17536K)->16687K(17536K) NonClass: 14260K(14784K)->14260K(14784K) Class: 2426K(2752K)->2426K(2752K)
[19.015s][info][gc             ] GC(24) Pause Young (Allocation Failure) 271M->10M(1818M) 0.751ms
[19.015s][info][gc,cpu         ] GC(24) User=0.00s Sys=0.00s Real=0.00s
[19.042s][info][gc,start       ] GC(25) Pause Young (Allocation Failure)
[19.043s][info][gc,heap        ] GC(25) PSYoungGen: 269440K(463872K)->1568K(492544K) Eden: 267776K(267776K)->0K(308224K) From: 1664K(196096K)->1568K(184320K)
[19.043s][info][gc,heap        ] GC(25) ParOldGen: 8895K(1398272K)->9175K(1398272K)
[19.043s][info][gc,metaspace   ] GC(25) Metaspace: 16687K(17536K)->16687K(17536K) NonClass: 14260K(14784K)->14260K(14784K) Class: 2426K(2752K)->2426K(2752K)
[19.043s][info][gc             ] GC(25) Pause Young (Allocation Failure) 271M->10M(1846M) 0.742ms
[19.043s][info][gc,cpu         ] GC(25) User=0.00s Sys=0.00s Real=0.00s
[19.075s][info][gc,start       ] GC(26) Pause Young (Allocation Failure)
[19.076s][info][gc,heap        ] GC(26) PSYoungGen: 309792K(492544K)->1824K(484352K) Eden: 308224K(308224K)->0K(308224K) From: 1568K(184320K)->1824K(176128K)
[19.076s][info][gc,heap        ] GC(26) ParOldGen: 9175K(1398272K)->9367K(1398272K)
[19.076s][info][gc,metaspace   ] GC(26) Metaspace: 16687K(17536K)->16687K(17536K) NonClass: 14260K(14784K)->14260K(14784K) Class: 2426K(2752K)->2426K(2752K)
[19.076s][info][gc             ] GC(26) Pause Young (Allocation Failure) 311M->10M(1838M) 0.773ms
[19.076s][info][gc,cpu         ] GC(26) User=0.00s Sys=0.00s Real=0.00s
[19.107s][info][gc,start       ] GC(27) Pause Young (Allocation Failure)
[19.108s][info][gc,heap        ] GC(27) PSYoungGen: 310048K(484352K)->1536K(513024K) Eden: 308224K(308224K)->0K(348160K) From: 1824K(176128K)->1536K(164864K)
[19.108s][info][gc,heap        ] GC(27) ParOldGen: 9367K(1398272K)->9671K(1398272K)
[19.108s][info][gc,metaspace   ] GC(27) Metaspace: 16687K(17536K)->16687K(17536K) NonClass: 14260K(14784K)->14260K(14784K) Class: 2426K(2752K)->2426K(2752K)
[19.108s][info][gc             ] GC(27) Pause Young (Allocation Failure) 311M->10M(1866M) 0.812ms
[19.108s][info][gc,cpu         ] GC(27) User=0.00s Sys=0.00s Real=0.00s
[19.145s][info][gc,start       ] GC(28) Pause Young (Allocation Failure)
[19.145s][info][gc,heap        ] GC(28) PSYoungGen: 349696K(513024K)->1536K(504832K) Eden: 348160K(348160K)->0K(348160K) From: 1536K(164864K)->1536K(156672K)
[19.145s][info][gc,heap        ] GC(28) ParOldGen: 9671K(1398272K)->9887K(1398272K)
[19.145s][info][gc,metaspace   ] GC(28) Metaspace: 16687K(17536K)->16687K(17536K) NonClass: 14260K(14784K)->14260K(14784K) Class: 2426K(2752K)->2426K(2752K)
[19.145s][info][gc             ] GC(28) Pause Young (Allocation Failure) 350M->11M(1858M) 0.752ms
[19.145s][info][gc,cpu         ] GC(28) User=0.00s Sys=0.00s Real=0.00s
[19.189s][info][gc,start       ] GC(29) Pause Young (Allocation Failure)
[19.189s][info][gc,heap        ] GC(29) PSYoungGen: 349696K(504832K)->1376K(533504K) Eden: 348160K(348160K)->0K(386048K) From: 1536K(156672K)->1376K(147456K)
[19.189s][info][gc,heap        ] GC(29) ParOldGen: 9887K(1398272K)->9983K(1398272K)
[19.189s][info][gc,metaspace   ] GC(29) Metaspace: 16687K(17536K)->16687K(17536K) NonClass: 14260K(14784K)->14260K(14784K) Class: 2426K(2752K)->2426K(2752K)
[19.189s][info][gc             ] GC(29) Pause Young (Allocation Failure) 351M->11M(1886M) 0.625ms
[19.189s][info][gc,cpu         ] GC(29) User=0.00s Sys=0.00s Real=0.00s
[19.509s][info][gc,start       ] GC(30) Pause Young (Allocation Failure)
[19.566s][info][gc,heap        ] GC(30) PSYoungGen: 387424K(533504K)->138723K(524800K) Eden: 386048K(386048K)->0K(386048K) From: 1376K(147456K)->138723K(138752K)
[19.566s][info][gc,heap        ] GC(30) ParOldGen: 9983K(1398272K)->110655K(1398272K)
[19.566s][info][gc,metaspace   ] GC(30) Metaspace: 16687K(17536K)->16687K(17536K) NonClass: 14260K(14784K)->14260K(14784K) Class: 2426K(2752K)->2426K(2752K)
[19.566s][info][gc             ] GC(30) Pause Young (Allocation Failure) 388M->243M(1878M) 56.685ms
[19.566s][info][gc,cpu         ] GC(30) User=1.56s Sys=0.00s Real=0.06s
[20.089s][info][gc,start       ] GC(31) Pause Young (Allocation Failure)
[20.184s][info][gc,heap        ] GC(31) PSYoungGen: 524771K(524800K)->174064K(407040K) Eden: 386048K(386048K)->0K(232960K) From: 138723K(138752K)->174064K(174080K)
[20.184s][info][gc,heap        ] GC(31) ParOldGen: 110655K(1398272K)->298914K(1398272K)
[20.184s][info][gc,metaspace   ] GC(31) Metaspace: 16687K(17536K)->16687K(17536K) NonClass: 14260K(14784K)->14260K(14784K) Class: 2426K(2752K)->2426K(2752K)
[20.184s][info][gc             ] GC(31) Pause Young (Allocation Failure) 620M->461M(1763M) 95.576ms
[20.184s][info][gc,cpu         ] GC(31) User=2.72s Sys=0.41s Real=0.09s
[27.976s][info][gc,start       ] GC(32) Pause Young (Allocation Failure)
[28.007s][info][gc,heap        ] GC(32) PSYoungGen: 407024K(407040K)->55040K(465920K) Eden: 232960K(232960K)->0K(232960K) From: 174064K(174080K)->55040K(232960K)
[28.007s][info][gc,heap        ] GC(32) ParOldGen: 298914K(1398272K)->340338K(1398272K)
[28.007s][info][gc,metaspace   ] GC(32) Metaspace: 16690K(17536K)->16690K(17536K) NonClass: 14263K(14784K)->14263K(14784K) Class: 2426K(2752K)->2426K(2752K)
[28.007s][info][gc             ] GC(32) Pause Young (Allocation Failure) 689M->386M(1820M) 31.622ms
[28.007s][info][gc,cpu         ] GC(32) User=1.03s Sys=0.00s Real=0.03s
[28.190s][info][gc,start       ] GC(33) Pause Young (Allocation Failure)
[28.226s][info][gc,heap        ] GC(33) PSYoungGen: 288000K(465920K)->98176K(465920K) Eden: 232960K(232960K)->0K(232960K) From: 55040K(232960K)->98176K(232960K)
[28.226s][info][gc,heap        ] GC(33) ParOldGen: 340338K(1398272K)->393610K(1398272K)
[28.226s][info][gc,metaspace   ] GC(33) Metaspace: 16690K(17536K)->16690K(17536K) NonClass: 14263K(14784K)->14263K(14784K) Class: 2426K(2752K)->2426K(2752K)
[28.226s][info][gc             ] GC(33) Pause Young (Allocation Failure) 613M->480M(1820M) 36.224ms
[28.227s][info][gc,cpu         ] GC(33) User=1.55s Sys=0.00s Real=0.05s
[28.417s][info][gc,start       ] GC(34) Pause Young (Allocation Failure)
[28.461s][info][gc,heap        ] GC(34) PSYoungGen: 331136K(465920K)->97984K(465920K) Eden: 232960K(232960K)->0K(232960K) From: 98176K(232960K)->97984K(232960K)
[28.461s][info][gc,heap        ] GC(34) ParOldGen: 393610K(1398272K)->489098K(1398272K)
[28.461s][info][gc,metaspace   ] GC(34) Metaspace: 16690K(17536K)->16690K(17536K) NonClass: 14263K(14784K)->14263K(14784K) Class: 2426K(2752K)->2426K(2752K)
[28.461s][info][gc             ] GC(34) Pause Young (Allocation Failure) 707M->573M(1820M) 44.760ms
[28.461s][info][gc,cpu         ] GC(34) User=1.55s Sys=0.00s Real=0.05s
[28.655s][info][gc,start       ] GC(35) Pause Young (Allocation Failure)
[28.701s][info][gc,heap        ] GC(35) PSYoungGen: 330944K(465920K)->97984K(465920K) Eden: 232960K(232960K)->0K(232960K) From: 97984K(232960K)->97984K(232960K)
[28.701s][info][gc,heap        ] GC(35) ParOldGen: 489098K(1398272K)->583890K(1398272K)
[28.701s][info][gc,metaspace   ] GC(35) Metaspace: 16690K(17536K)->16690K(17536K) NonClass: 14263K(14784K)->14263K(14784K) Class: 2426K(2752K)->2426K(2752K)
[28.701s][info][gc             ] GC(35) Pause Young (Allocation Failure) 800M->665M(1820M) 45.730ms
[28.701s][info][gc,cpu         ] GC(35) User=1.55s Sys=0.00s Real=0.05s
[28.966s][info][gc,start       ] GC(36) Pause Young (Allocation Failure)
[29.027s][info][gc,heap        ] GC(36) PSYoungGen: 330944K(465920K)->198440K(465920K) Eden: 232960K(232960K)->0K(232960K) From: 97984K(232960K)->198440K(232960K)
[29.027s][info][gc,heap        ] GC(36) ParOldGen: 583890K(1398272K)->678194K(1398272K)
[29.027s][info][gc,metaspace   ] GC(36) Metaspace: 16690K(17536K)->16690K(17536K) NonClass: 14263K(14784K)->14263K(14784K) Class: 2426K(2752K)->2426K(2752K)
[29.027s][info][gc             ] GC(36) Pause Young (Allocation Failure) 893M->856M(1820M) 61.478ms
[29.027s][info][gc,cpu         ] GC(36) User=1.56s Sys=0.02s Real=0.06s
[29.663s][info][gc,start       ] GC(37) Pause Young (Allocation Failure)
[29.714s][info][gc,heap        ] GC(37) PSYoungGen: 431400K(465920K)->35104K(465920K) Eden: 232960K(232960K)->0K(232960K) From: 198440K(232960K)->35104K(232960K)
[29.715s][info][gc,heap        ] GC(37) ParOldGen: 678194K(1398272K)->801384K(1398272K)
[29.715s][info][gc,metaspace   ] GC(37) Metaspace: 16690K(17536K)->16690K(17536K) NonClass: 14263K(14784K)->14263K(14784K) Class: 2426K(2752K)->2426K(2752K)
[29.715s][info][gc             ] GC(37) Pause Young (Allocation Failure) 1083M->816M(1820M) 51.513ms
[29.715s][info][gc,cpu         ] GC(37) User=1.58s Sys=0.00s Real=0.06s
[30.063s][info][gc,start       ] GC(38) Pause Young (Allocation Failure)
[30.083s][info][gc,heap        ] GC(38) PSYoungGen: 268064K(465920K)->2560K(465920K) Eden: 232960K(232960K)->0K(232960K) From: 35104K(232960K)->2560K(232960K)
[30.083s][info][gc,heap        ] GC(38) ParOldGen: 801384K(1398272K)->814312K(1398272K)
[30.083s][info][gc,metaspace   ] GC(38) Metaspace: 16690K(17536K)->16690K(17536K) NonClass: 14263K(14784K)->14263K(14784K) Class: 2426K(2752K)->2426K(2752K)
[30.083s][info][gc             ] GC(38) Pause Young (Allocation Failure) 1044M->797M(1820M) 19.624ms
[30.083s][info][gc,cpu         ] GC(38) User=0.52s Sys=0.00s Real=0.02s
[31.691s][info][gc,start       ] GC(39) Pause Young (System.gc())
[31.692s][info][gc,heap        ] GC(39) PSYoungGen: 214009K(465920K)->64K(465920K) Eden: 211449K(232960K)->0K(232960K) From: 2560K(232960K)->64K(232960K)
[31.692s][info][gc,heap        ] GC(39) ParOldGen: 814312K(1398272K)->814312K(1398272K)
[31.692s][info][gc,metaspace   ] GC(39) Metaspace: 16690K(17536K)->16690K(17536K) NonClass: 14263K(14784K)->14263K(14784K) Class: 2426K(2752K)->2426K(2752K)
[31.692s][info][gc             ] GC(39) Pause Young (System.gc()) 1004M->795M(1820M) 1.597ms
[31.693s][info][gc,cpu         ] GC(39) User=0.48s Sys=0.00s Real=0.01s
[31.693s][info][gc,start       ] GC(40) Pause Full (System.gc())
[31.693s][info][gc,phases,start] GC(40) Marking Phase
[31.710s][info][gc,phases      ] GC(40) Marking Phase 17.417ms
[31.710s][info][gc,phases,start] GC(40) Summary Phase
[31.710s][info][gc,phases      ] GC(40) Summary Phase 0.030ms
[31.710s][info][gc,phases,start] GC(40) Adjust Roots
[31.716s][info][gc,phases      ] GC(40) Adjust Roots 5.605ms
[31.716s][info][gc,phases,start] GC(40) Compaction Phase
[31.720s][info][gc,phases      ] GC(40) Compaction Phase 3.998ms
[31.720s][info][gc,phases,start] GC(40) Post Compact
[31.725s][info][gc,phases      ] GC(40) Post Compact 4.771ms
[31.725s][info][gc,heap        ] GC(40) PSYoungGen: 64K(465920K)->0K(465920K) Eden: 0K(232960K)->0K(232960K) From: 64K(232960K)->0K(232960K)
[31.725s][info][gc,heap        ] GC(40) ParOldGen: 814312K(1398272K)->8817K(1398272K)
[31.725s][info][gc,metaspace   ] GC(40) Metaspace: 16690K(17536K)->16690K(17536K) NonClass: 14263K(14784K)->14263K(14784K) Class: 2426K(2752K)->2426K(2752K)
[31.725s][info][gc             ] GC(40) Pause Full (System.gc()) 795M->8M(1820M) 32.090ms
[31.725s][info][gc,cpu         ] GC(40) User=0.03s Sys=0.00s Real=0.03s
[33.391s][info][gc,start       ] GC(41) Pause Young (Allocation Failure)
[33.392s][info][gc,heap        ] GC(41) PSYoungGen: 232960K(465920K)->2144K(465920K) Eden: 232960K(232960K)->0K(232960K) From: 0K(232960K)->2144K(232960K)
[33.392s][info][gc,heap        ] GC(41) ParOldGen: 8817K(1398272K)->8817K(1398272K)
[33.392s][info][gc,metaspace   ] GC(41) Metaspace: 16690K(17536K)->16690K(17536K) NonClass: 14263K(14784K)->14263K(14784K) Class: 2426K(2752K)->2426K(2752K)
[33.392s][info][gc             ] GC(41) Pause Young (Allocation Failure) 236M->10M(1820M) 0.914ms
[33.392s][info][gc,cpu         ] GC(41) User=0.00s Sys=0.00s Real=0.00s
[33.416s][info][gc,start       ] GC(42) Pause Young (Allocation Failure)
[33.417s][info][gc,heap        ] GC(42) PSYoungGen: 235104K(465920K)->1760K(465920K) Eden: 232960K(232960K)->0K(232960K) From: 2144K(232960K)->1760K(232960K)
[33.417s][info][gc,heap        ] GC(42) ParOldGen: 8817K(1398272K)->9377K(1398272K)
[33.417s][info][gc,metaspace   ] GC(42) Metaspace: 16690K(17536K)->16690K(17536K) NonClass: 14263K(14784K)->14263K(14784K) Class: 2426K(2752K)->2426K(2752K)
[33.417s][info][gc             ] GC(42) Pause Young (Allocation Failure) 238M->10M(1820M) 0.842ms
[33.417s][info][gc,cpu         ] GC(42) User=0.00s Sys=0.00s Real=0.00s
[33.441s][info][gc,start       ] GC(43) Pause Young (Allocation Failure)
[33.453s][info][gc,heap        ] GC(43) PSYoungGen: 234720K(465920K)->1664K(465920K) Eden: 232960K(232960K)->0K(232960K) From: 1760K(232960K)->1664K(232960K)
[33.453s][info][gc,heap        ] GC(43) ParOldGen: 9377K(1398272K)->9633K(1398272K)
[33.453s][info][gc,metaspace   ] GC(43) Metaspace: 16690K(17536K)->16690K(17536K) NonClass: 14263K(14784K)->14263K(14784K) Class: 2426K(2752K)->2426K(2752K)
[33.453s][info][gc             ] GC(43) Pause Young (Allocation Failure) 238M->11M(1820M) 12.764ms
[33.453s][info][gc,cpu         ] GC(43) User=0.00s Sys=0.00s Real=0.00s
[33.478s][info][gc,start       ] GC(44) Pause Young (Allocation Failure)
[33.480s][info][gc,heap        ] GC(44) PSYoungGen: 234624K(465920K)->1664K(451584K) Eden: 232960K(232960K)->0K(232960K) From: 1664K(232960K)->1664K(218624K)
[33.480s][info][gc,heap        ] GC(44) ParOldGen: 9633K(1398272K)->9897K(1398272K)
[33.480s][info][gc,metaspace   ] GC(44) Metaspace: 16690K(17536K)->16690K(17536K) NonClass: 14263K(14784K)->14263K(14784K) Class: 2426K(2752K)->2426K(2752K)
[33.480s][info][gc             ] GC(44) Pause Young (Allocation Failure) 238M->11M(1806M) 2.365ms
[33.480s][info][gc,cpu         ] GC(44) User=0.00s Sys=0.00s Real=0.00s
[33.505s][info][gc,start       ] GC(45) Pause Young (Allocation Failure)
[33.505s][info][gc,heap        ] GC(45) PSYoungGen: 234624K(451584K)->1568K(458752K) Eden: 232960K(232960K)->0K(232960K) From: 1664K(218624K)->1568K(225792K)
[33.505s][info][gc,heap        ] GC(45) ParOldGen: 9897K(1398272K)->10169K(1398272K)
[33.505s][info][gc,metaspace   ] GC(45) Metaspace: 16690K(17536K)->16690K(17536K) NonClass: 14263K(14784K)->14263K(14784K) Class: 2426K(2752K)->2426K(2752K)
[33.505s][info][gc             ] GC(45) Pause Young (Allocation Failure) 238M->11M(1813M) 0.843ms
[33.505s][info][gc,cpu         ] GC(45) User=0.00s Sys=0.00s Real=0.00s
[33.530s][info][gc,start       ] GC(46) Pause Young (Allocation Failure)
[33.534s][info][gc,heap        ] GC(46) PSYoungGen: 234528K(458752K)->1696K(456192K) Eden: 232960K(232960K)->0K(258048K) From: 1568K(225792K)->1696K(198144K)
[33.534s][info][gc,heap        ] GC(46) ParOldGen: 10169K(1398272K)->10417K(1398272K)
[33.534s][info][gc,metaspace   ] GC(46) Metaspace: 16690K(17536K)->16690K(17536K) NonClass: 14263K(14784K)->14263K(14784K) Class: 2426K(2752K)->2426K(2752K)
[33.534s][info][gc             ] GC(46) Pause Young (Allocation Failure) 238M->11M(1811M) 3.985ms
[33.534s][info][gc,cpu         ] GC(46) User=0.00s Sys=0.02s Real=0.02s
[33.562s][info][gc,start       ] GC(47) Pause Young (Allocation Failure)
[33.562s][info][gc,heap        ] GC(47) PSYoungGen: 259744K(456192K)->1600K(462848K) Eden: 258048K(258048K)->0K(258048K) From: 1696K(198144K)->1600K(204800K)
[33.562s][info][gc,heap        ] GC(47) ParOldGen: 10417K(1398272K)->10689K(1398272K)
[33.562s][info][gc,metaspace   ] GC(47) Metaspace: 16690K(17536K)->16690K(17536K) NonClass: 14263K(14784K)->14263K(14784K) Class: 2426K(2752K)->2426K(2752K)
[33.562s][info][gc             ] GC(47) Pause Young (Allocation Failure) 263M->12M(1817M) 0.807ms
[33.562s][info][gc,cpu         ] GC(47) User=0.00s Sys=0.00s Real=0.00s
[33.589s][info][gc,start       ] GC(48) Pause Young (Allocation Failure)
[33.590s][info][gc,heap        ] GC(48) PSYoungGen: 259648K(462848K)->1504K(477696K) Eden: 258048K(258048K)->0K(300032K) From: 1600K(204800K)->1504K(177664K)
[33.590s][info][gc,heap        ] GC(48) ParOldGen: 10689K(1398272K)->10921K(1398272K)
[33.590s][info][gc,metaspace   ] GC(48) Metaspace: 16690K(17536K)->16690K(17536K) NonClass: 14263K(14784K)->14263K(14784K) Class: 2426K(2752K)->2426K(2752K)
[33.590s][info][gc             ] GC(48) Pause Young (Allocation Failure) 264M->12M(1832M) 0.815ms
[33.590s][info][gc,cpu         ] GC(48) User=0.00s Sys=0.00s Real=0.00s
[33.622s][info][gc,start       ] GC(49) Pause Young (Allocation Failure)
[33.623s][info][gc,heap        ] GC(49) PSYoungGen: 301536K(477696K)->1824K(483840K) Eden: 300032K(300032K)->0K(300032K) From: 1504K(177664K)->1824K(183808K)
[33.623s][info][gc,heap        ] GC(49) ParOldGen: 10921K(1398272K)->11137K(1398272K)
[33.623s][info][gc,metaspace   ] GC(49) Metaspace: 16690K(17536K)->16690K(17536K) NonClass: 14263K(14784K)->14263K(14784K) Class: 2426K(2752K)->2426K(2752K)
[33.623s][info][gc             ] GC(49) Pause Young (Allocation Failure) 305M->12M(1838M) 0.804ms
[33.623s][info][gc,cpu         ] GC(49) User=0.00s Sys=0.00s Real=0.00s
[33.695s][info][gc,start       ] GC(50) Pause Young (Allocation Failure)
[33.696s][info][gc,heap        ] GC(50) PSYoungGen: 301856K(483840K)->1568K(498688K) Eden: 300032K(300032K)->0K(341504K) From: 1824K(183808K)->1568K(157184K)
[33.696s][info][gc,heap        ] GC(50) ParOldGen: 11137K(1398272K)->11425K(1398272K)
[33.696s][info][gc,metaspace   ] GC(50) Metaspace: 16690K(17536K)->16690K(17536K) NonClass: 14263K(14784K)->14263K(14784K) Class: 2426K(2752K)->2426K(2752K)
[33.696s][info][gc             ] GC(50) Pause Young (Allocation Failure) 305M->12M(1852M) 0.831ms
[33.696s][info][gc,cpu         ] GC(50) User=0.00s Sys=0.00s Real=0.00s
[33.747s][info][gc,start       ] GC(51) Pause Young (Allocation Failure)
[33.748s][info][gc,heap        ] GC(51) PSYoungGen: 343072K(498688K)->1728K(504832K) Eden: 341504K(341504K)->0K(341504K) From: 1568K(157184K)->1728K(163328K)
[33.748s][info][gc,heap        ] GC(51) ParOldGen: 11425K(1398272K)->11585K(1398272K)
[33.748s][info][gc,metaspace   ] GC(51) Metaspace: 16690K(17536K)->16690K(17536K) NonClass: 14263K(14784K)->14263K(14784K) Class: 2426K(2752K)->2426K(2752K)
[33.748s][info][gc             ] GC(51) Pause Young (Allocation Failure) 346M->13M(1858M) 0.843ms
[33.748s][info][gc,cpu         ] GC(51) User=0.00s Sys=0.00s Real=0.00s
[33.785s][info][gc,start       ] GC(52) Pause Young (Allocation Failure)
[33.786s][info][gc,heap        ] GC(52) PSYoungGen: 343232K(504832K)->1440K(520704K) Eden: 341504K(341504K)->0K(381952K) From: 1728K(163328K)->1440K(138752K)
[33.786s][info][gc,heap        ] GC(52) ParOldGen: 11585K(1398272K)->11777K(1398272K)
[33.786s][info][gc,metaspace   ] GC(52) Metaspace: 16690K(17536K)->16690K(17536K) NonClass: 14263K(14784K)->14263K(14784K) Class: 2426K(2752K)->2426K(2752K)
[33.786s][info][gc             ] GC(52) Pause Young (Allocation Failure) 346M->12M(1874M) 0.784ms
[33.786s][info][gc,cpu         ] GC(52) User=0.00s Sys=0.00s Real=0.00s
[34.047s][info][gc,start       ] GC(53) Pause Young (Allocation Failure)
[34.091s][info][gc,heap        ] GC(53) PSYoungGen: 383392K(520704K)->144355K(526336K) Eden: 381952K(381952K)->0K(381952K) From: 1440K(138752K)->144355K(144384K)
[34.091s][info][gc,heap        ] GC(53) ParOldGen: 11777K(1398272K)->68481K(1398272K)
[34.091s][info][gc,metaspace   ] GC(53) Metaspace: 16690K(17536K)->16690K(17536K) NonClass: 14263K(14784K)->14263K(14784K) Class: 2426K(2752K)->2426K(2752K)
[34.091s][info][gc             ] GC(53) Pause Young (Allocation Failure) 385M->207M(1879M) 43.679ms
[34.091s][info][gc,cpu         ] GC(53) User=1.55s Sys=0.00s Real=0.05s
[34.484s][info][gc,start       ] GC(54) Pause Young (Allocation Failure)
[34.581s][info][gc,heap        ] GC(54) PSYoungGen: 526307K(526336K)->172544K(405504K) Eden: 381952K(381952K)->0K(232960K) From: 144355K(144384K)->172544K(172544K)
[34.581s][info][gc,heap        ] GC(54) ParOldGen: 68481K(1398272K)->287340K(1398272K)
[34.581s][info][gc,metaspace   ] GC(54) Metaspace: 16690K(17536K)->16690K(17536K) NonClass: 14263K(14784K)->14263K(14784K) Class: 2426K(2752K)->2426K(2752K)
[34.581s][info][gc             ] GC(54) Pause Young (Allocation Failure) 580M->449M(1761M) 97.022ms
[34.581s][info][gc,cpu         ] GC(54) User=2.67s Sys=0.42s Real=0.09s
[39.200s][info][gc,start       ] GC(55) Pause Young (Allocation Failure)
[39.269s][info][gc,heap        ] GC(55) PSYoungGen: 405504K(405504K)->73280K(465920K) Eden: 232960K(232960K)->0K(232960K) From: 172544K(172544K)->73280K(232960K)
[39.269s][info][gc,heap        ] GC(55) ParOldGen: 287340K(1398272K)->444628K(1398272K)
[39.269s][info][gc,metaspace   ] GC(55) Metaspace: 16691K(17536K)->16691K(17536K) NonClass: 14264K(14784K)->14264K(14784K) Class: 2426K(2752K)->2426K(2752K)
[39.269s][info][gc             ] GC(55) Pause Young (Allocation Failure) 676M->505M(1820M) 69.214ms
[39.269s][info][gc,cpu         ] GC(55) User=2.08s Sys=0.00s Real=0.08s
[39.453s][info][gc,start       ] GC(56) Pause Young (Allocation Failure)
[39.493s][info][gc,heap        ] GC(56) PSYoungGen: 306240K(465920K)->97632K(465920K) Eden: 232960K(232960K)->0K(232960K) From: 73280K(232960K)->97632K(232960K)
[39.494s][info][gc,heap        ] GC(56) ParOldGen: 444628K(1398272K)->516316K(1398272K)
[39.494s][info][gc,metaspace   ] GC(56) Metaspace: 16691K(17536K)->16691K(17536K) NonClass: 14264K(14784K)->14264K(14784K) Class: 2426K(2752K)->2426K(2752K)
[39.494s][info][gc             ] GC(56) Pause Young (Allocation Failure) 733M->599M(1820M) 40.784ms
[39.494s][info][gc,cpu         ] GC(56) User=1.55s Sys=0.00s Real=0.05s
[39.683s][info][gc,start       ] GC(57) Pause Young (Allocation Failure)
[39.727s][info][gc,heap        ] GC(57) PSYoungGen: 330592K(465920K)->97536K(465920K) Eden: 232960K(232960K)->0K(232960K) From: 97632K(232960K)->97536K(232960K)
[39.727s][info][gc,heap        ] GC(57) ParOldGen: 516316K(1398272K)->611284K(1398272K)
[39.727s][info][gc,metaspace   ] GC(57) Metaspace: 16692K(17536K)->16692K(17536K) NonClass: 14265K(14784K)->14265K(14784K) Class: 2426K(2752K)->2426K(2752K)
[39.727s][info][gc             ] GC(57) Pause Young (Allocation Failure) 827M->692M(1820M) 44.053ms
[39.727s][info][gc,cpu         ] GC(57) User=1.55s Sys=0.00s Real=0.05s
[39.919s][info][gc,start       ] GC(58) Pause Young (Allocation Failure)
[39.966s][info][gc,heap        ] GC(58) PSYoungGen: 330496K(465920K)->97536K(465920K) Eden: 232960K(232960K)->0K(232960K) From: 97536K(232960K)->97536K(232960K)
[39.966s][info][gc,heap        ] GC(58) ParOldGen: 611284K(1398272K)->705524K(1398272K)
[39.966s][info][gc,metaspace   ] GC(58) Metaspace: 16692K(17536K)->16692K(17536K) NonClass: 14265K(14784K)->14265K(14784K) Class: 2426K(2752K)->2426K(2752K)
[39.966s][info][gc             ] GC(58) Pause Young (Allocation Failure) 919M->784M(1820M) 47.156ms
[39.966s][info][gc,cpu         ] GC(58) User=1.55s Sys=0.00s Real=0.05s
[40.196s][info][gc,start       ] GC(59) Pause Young (Allocation Failure)
[40.255s][info][gc,heap        ] GC(59) PSYoungGen: 330496K(465920K)->194952K(465920K) Eden: 232960K(232960K)->0K(232960K) From: 97536K(232960K)->194952K(232960K)
[40.255s][info][gc,heap        ] GC(59) ParOldGen: 705524K(1398272K)->799292K(1398272K)
[40.255s][info][gc,metaspace   ] GC(59) Metaspace: 16692K(17536K)->16692K(17536K) NonClass: 14265K(14784K)->14265K(14784K) Class: 2426K(2752K)->2426K(2752K)
[40.255s][info][gc             ] GC(59) Pause Young (Allocation Failure) 1011M->970M(1820M) 59.366ms
[40.255s][info][gc,cpu         ] GC(59) User=2.06s Sys=0.00s Real=0.06s
[40.924s][info][gc,start       ] GC(60) Pause Young (Allocation Failure)
[40.980s][info][gc,heap        ] GC(60) PSYoungGen: 427912K(465920K)->36096K(465920K) Eden: 232960K(232960K)->0K(232960K) From: 194952K(232960K)->36096K(232960K)
[40.980s][info][gc,heap        ] GC(60) ParOldGen: 799292K(1398272K)->926282K(1398272K)
[40.980s][info][gc,metaspace   ] GC(60) Metaspace: 16692K(17536K)->16692K(17536K) NonClass: 14265K(14784K)->14265K(14784K) Class: 2426K(2752K)->2426K(2752K)
[40.980s][info][gc             ] GC(60) Pause Young (Allocation Failure) 1198M->939M(1820M) 55.914ms
[40.980s][info][gc,cpu         ] GC(60) User=2.05s Sys=0.02s Real=0.06s
[41.329s][info][gc,start       ] GC(61) Pause Young (Allocation Failure)
[41.349s][info][gc,heap        ] GC(61) PSYoungGen: 269056K(465920K)->2688K(465920K) Eden: 232960K(232960K)->0K(232960K) From: 36096K(232960K)->2688K(232960K)
[41.350s][info][gc,heap        ] GC(61) ParOldGen: 926282K(1398272K)->940394K(1398272K)
[41.350s][info][gc,metaspace   ] GC(61) Metaspace: 16692K(17536K)->16692K(17536K) NonClass: 14265K(14784K)->14265K(14784K) Class: 2426K(2752K)->2426K(2752K)
[41.350s][info][gc             ] GC(61) Pause Young (Allocation Failure) 1167M->920M(1820M) 20.871ms
[41.350s][info][gc,cpu         ] GC(61) User=0.52s Sys=0.00s Real=0.02s
[43.062s][info][gc,start       ] GC(62) Pause Young (System.gc())
[43.063s][info][gc,heap        ] GC(62) PSYoungGen: 231156K(465920K)->64K(465920K) Eden: 228468K(232960K)->0K(232960K) From: 2688K(232960K)->64K(232960K)
[43.063s][info][gc,heap        ] GC(62) ParOldGen: 940394K(1398272K)->940394K(1398272K)
[43.064s][info][gc,metaspace   ] GC(62) Metaspace: 16692K(17536K)->16692K(17536K) NonClass: 14265K(14784K)->14265K(14784K) Class: 2426K(2752K)->2426K(2752K)
[43.064s][info][gc             ] GC(62) Pause Young (System.gc()) 1144M->918M(1820M) 1.646ms
[43.064s][info][gc,cpu         ] GC(62) User=0.00s Sys=0.00s Real=0.00s
[43.064s][info][gc,start       ] GC(63) Pause Full (System.gc())
[43.064s][info][gc,phases,start] GC(63) Marking Phase
[43.081s][info][gc,phases      ] GC(63) Marking Phase 17.207ms
[43.081s][info][gc,phases,start] GC(63) Summary Phase
[43.081s][info][gc,phases      ] GC(63) Summary Phase 0.034ms
[43.081s][info][gc,phases,start] GC(63) Adjust Roots
[43.087s][info][gc,phases      ] GC(63) Adjust Roots 5.439ms
[43.087s][info][gc,phases,start] GC(63) Compaction Phase
[43.092s][info][gc,phases      ] GC(63) Compaction Phase 4.935ms
[43.092s][info][gc,phases,start] GC(63) Post Compact
[43.098s][info][gc,phases      ] GC(63) Post Compact 6.323ms
[43.098s][info][gc,heap        ] GC(63) PSYoungGen: 64K(465920K)->0K(465920K) Eden: 0K(232960K)->0K(232960K) From: 64K(232960K)->0K(232960K)
[43.098s][info][gc,heap        ] GC(63) ParOldGen: 940394K(1398272K)->10733K(1398272K)
[43.098s][info][gc,metaspace   ] GC(63) Metaspace: 16692K(17536K)->16692K(17536K) NonClass: 14265K(14784K)->14265K(14784K) Class: 2426K(2752K)->2426K(2752K)
[43.098s][info][gc             ] GC(63) Pause Full (System.gc()) 918M->10M(1820M) 34.328ms
[43.098s][info][gc,cpu         ] GC(63) User=0.72s Sys=0.00s Real=0.03s
[44.785s][info][gc,start       ] GC(64) Pause Young (Allocation Failure)
[44.786s][info][gc,heap        ] GC(64) PSYoungGen: 232960K(465920K)->2144K(465920K) Eden: 232960K(232960K)->0K(232960K) From: 0K(232960K)->2144K(232960K)
[44.786s][info][gc,heap        ] GC(64) ParOldGen: 10733K(1398272K)->10733K(1398272K)
[44.786s][info][gc,metaspace   ] GC(64) Metaspace: 16692K(17536K)->16692K(17536K) NonClass: 14265K(14784K)->14265K(14784K) Class: 2426K(2752K)->2426K(2752K)
[44.786s][info][gc             ] GC(64) Pause Young (Allocation Failure) 237M->12M(1820M) 1.043ms
[44.786s][info][gc,cpu         ] GC(64) User=0.00s Sys=0.00s Real=0.00s
[44.810s][info][gc,start       ] GC(65) Pause Young (Allocation Failure)
[44.811s][info][gc,heap        ] GC(65) PSYoungGen: 235104K(465920K)->1696K(465920K) Eden: 232960K(232960K)->0K(232960K) From: 2144K(232960K)->1696K(232960K)
[44.811s][info][gc,heap        ] GC(65) ParOldGen: 10733K(1398272K)->11301K(1398272K)
[44.811s][info][gc,metaspace   ] GC(65) Metaspace: 16692K(17536K)->16692K(17536K) NonClass: 14265K(14784K)->14265K(14784K) Class: 2426K(2752K)->2426K(2752K)
[44.811s][info][gc             ] GC(65) Pause Young (Allocation Failure) 240M->12M(1820M) 0.812ms
[44.811s][info][gc,cpu         ] GC(65) User=0.00s Sys=0.00s Real=0.00s
[44.836s][info][gc,start       ] GC(66) Pause Young (Allocation Failure)
[44.837s][info][gc,heap        ] GC(66) PSYoungGen: 234656K(465920K)->1632K(465920K) Eden: 232960K(232960K)->0K(232960K) From: 1696K(232960K)->1632K(232960K)
[44.837s][info][gc,heap        ] GC(66) ParOldGen: 11301K(1398272K)->11549K(1398272K)
[44.837s][info][gc,metaspace   ] GC(66) Metaspace: 16694K(17536K)->16694K(17536K) NonClass: 14267K(14784K)->14267K(14784K) Class: 2426K(2752K)->2426K(2752K)
[44.837s][info][gc             ] GC(66) Pause Young (Allocation Failure) 240M->12M(1820M) 0.829ms
[44.837s][info][gc,cpu         ] GC(66) User=0.00s Sys=0.00s Real=0.00s
[44.862s][info][gc,start       ] GC(67) Pause Young (Allocation Failure)
[44.865s][info][gc,heap        ] GC(67) PSYoungGen: 234592K(465920K)->1664K(449536K) Eden: 232960K(232960K)->0K(232960K) From: 1632K(232960K)->1664K(216576K)
[44.865s][info][gc,heap        ] GC(67) ParOldGen: 11549K(1398272K)->11813K(1398272K)
[44.865s][info][gc,metaspace   ] GC(67) Metaspace: 16694K(17536K)->16694K(17536K) NonClass: 14267K(14784K)->14267K(14784K) Class: 2426K(2752K)->2426K(2752K)
[44.865s][info][gc             ] GC(67) Pause Young (Allocation Failure) 240M->13M(1804M) 3.690ms
[44.865s][info][gc,cpu         ] GC(67) User=0.00s Sys=0.00s Real=0.00s
[44.890s][info][gc,start       ] GC(68) Pause Young (Allocation Failure)
[44.891s][info][gc,heap        ] GC(68) PSYoungGen: 234624K(449536K)->1664K(457728K) Eden: 232960K(232960K)->0K(232960K) From: 1664K(216576K)->1664K(224768K)
[44.891s][info][gc,heap        ] GC(68) ParOldGen: 11813K(1398272K)->12069K(1398272K)
[44.891s][info][gc,metaspace   ] GC(68) Metaspace: 16694K(17536K)->16694K(17536K) NonClass: 14267K(14784K)->14267K(14784K) Class: 2426K(2752K)->2426K(2752K)
[44.891s][info][gc             ] GC(68) Pause Young (Allocation Failure) 240M->13M(1812M) 0.838ms
[44.891s][info][gc,cpu         ] GC(68) User=0.00s Sys=0.00s Real=0.02s
[44.915s][info][gc,start       ] GC(69) Pause Young (Allocation Failure)
[44.917s][info][gc,heap        ] GC(69) PSYoungGen: 234624K(457728K)->1920K(455680K) Eden: 232960K(232960K)->0K(259584K) From: 1664K(224768K)->1920K(196096K)
[44.917s][info][gc,heap        ] GC(69) ParOldGen: 12069K(1398272K)->12341K(1398272K)
[44.917s][info][gc,metaspace   ] GC(69) Metaspace: 16694K(17536K)->16694K(17536K) NonClass: 14267K(14784K)->14267K(14784K) Class: 2426K(2752K)->2426K(2752K)
[44.917s][info][gc             ] GC(69) Pause Young (Allocation Failure) 240M->13M(1810M) 2.454ms
[44.917s][info][gc,cpu         ] GC(69) User=0.00s Sys=0.00s Real=0.00s
[44.945s][info][gc,start       ] GC(70) Pause Young (Allocation Failure)
[44.946s][info][gc,heap        ] GC(70) PSYoungGen: 261504K(455680K)->1664K(463872K) Eden: 259584K(259584K)->0K(259584K) From: 1920K(196096K)->1664K(204288K)
[44.946s][info][gc,heap        ] GC(70) ParOldGen: 12341K(1398272K)->12605K(1398272K)
[44.946s][info][gc,metaspace   ] GC(70) Metaspace: 16694K(17536K)->16694K(17536K) NonClass: 14267K(14784K)->14267K(14784K) Class: 2426K(2752K)->2426K(2752K)
[44.946s][info][gc             ] GC(70) Pause Young (Allocation Failure) 267M->13M(1818M) 0.938ms
[44.946s][info][gc,cpu         ] GC(70) User=0.00s Sys=0.00s Real=0.00s
[44.973s][info][gc,start       ] GC(71) Pause Young (Allocation Failure)
[44.974s][info][gc,heap        ] GC(71) PSYoungGen: 261248K(463872K)->1664K(475136K) Eden: 259584K(259584K)->0K(300544K) From: 1664K(204288K)->1664K(174592K)
[44.974s][info][gc,heap        ] GC(71) ParOldGen: 12605K(1398272K)->12869K(1398272K)
[44.974s][info][gc,metaspace   ] GC(71) Metaspace: 16694K(17536K)->16694K(17536K) NonClass: 14267K(14784K)->14267K(14784K) Class: 2426K(2752K)->2426K(2752K)
[44.974s][info][gc             ] GC(71) Pause Young (Allocation Failure) 267M->14M(1829M) 1.018ms
[44.974s][info][gc,cpu         ] GC(71) User=0.00s Sys=0.00s Real=0.00s
[45.005s][info][gc,start       ] GC(72) Pause Young (Allocation Failure)
[45.006s][info][gc,heap        ] GC(72) PSYoungGen: 302208K(475136K)->1600K(483840K) Eden: 300544K(300544K)->0K(300544K) From: 1664K(174592K)->1600K(183296K)
[45.006s][info][gc,heap        ] GC(72) ParOldGen: 12869K(1398272K)->13133K(1398272K)
[45.006s][info][gc,metaspace   ] GC(72) Metaspace: 16694K(17536K)->16694K(17536K) NonClass: 14267K(14784K)->14267K(14784K) Class: 2426K(2752K)->2426K(2752K)
[45.006s][info][gc             ] GC(72) Pause Young (Allocation Failure) 307M->14M(1838M) 0.928ms
[45.006s][info][gc,cpu         ] GC(72) User=0.52s Sys=0.00s Real=0.02s
[45.038s][info][gc,start       ] GC(73) Pause Young (Allocation Failure)
[45.039s][info][gc,heap        ] GC(73) PSYoungGen: 302144K(483840K)->1728K(496128K) Eden: 300544K(300544K)->0K(342016K) From: 1600K(183296K)->1728K(154112K)
[45.039s][info][gc,heap        ] GC(73) ParOldGen: 13133K(1398272K)->13397K(1398272K)
[45.039s][info][gc,metaspace   ] GC(73) Metaspace: 16694K(17536K)->16694K(17536K) NonClass: 14267K(14784K)->14267K(14784K) Class: 2426K(2752K)->2426K(2752K)
[45.039s][info][gc             ] GC(73) Pause Young (Allocation Failure) 307M->14M(1850M) 0.882ms
[45.039s][info][gc,cpu         ] GC(73) User=0.00s Sys=0.02s Real=0.02s
[45.075s][info][gc,start       ] GC(74) Pause Young (Allocation Failure)
[45.076s][info][gc,heap        ] GC(74) PSYoungGen: 343744K(496128K)->1664K(505344K) Eden: 342016K(342016K)->0K(342016K) From: 1728K(154112K)->1664K(163328K)
[45.076s][info][gc,heap        ] GC(74) ParOldGen: 13397K(1398272K)->13605K(1398272K)
[45.076s][info][gc,metaspace   ] GC(74) Metaspace: 16694K(17536K)->16694K(17536K) NonClass: 14267K(14784K)->14267K(14784K) Class: 2426K(2752K)->2426K(2752K)
[45.076s][info][gc             ] GC(74) Pause Young (Allocation Failure) 348M->14M(1859M) 0.871ms
[45.076s][info][gc,cpu         ] GC(74) User=0.00s Sys=0.00s Real=0.00s
[45.113s][info][gc,start       ] GC(75) Pause Young (Allocation Failure)
[45.114s][info][gc,heap        ] GC(75) PSYoungGen: 343680K(505344K)->1376K(517632K) Eden: 342016K(342016K)->0K(381952K) From: 1664K(163328K)->1376K(135680K)
[45.114s][info][gc,heap        ] GC(75) ParOldGen: 13605K(1398272K)->13725K(1398272K)
[45.114s][info][gc,metaspace   ] GC(75) Metaspace: 16694K(17536K)->16694K(17536K) NonClass: 14267K(14784K)->14267K(14784K) Class: 2426K(2752K)->2426K(2752K)
[45.114s][info][gc             ] GC(75) Pause Young (Allocation Failure) 348M->14M(1871M) 0.781ms
[45.114s][info][gc,cpu         ] GC(75) User=0.00s Sys=0.00s Real=0.00s
[45.371s][info][gc,start       ] GC(76) Pause Young (Allocation Failure)
[45.411s][info][gc,heap        ] GC(76) PSYoungGen: 383328K(517632K)->144370K(526336K) Eden: 381952K(381952K)->0K(381952K) From: 1376K(135680K)->144370K(144384K)
[45.411s][info][gc,heap        ] GC(76) ParOldGen: 13725K(1398272K)->65061K(1398272K)
[45.411s][info][gc,metaspace   ] GC(76) Metaspace: 16694K(17536K)->16694K(17536K) NonClass: 14267K(14784K)->14267K(14784K) Class: 2426K(2752K)->2426K(2752K)
[45.411s][info][gc             ] GC(76) Pause Young (Allocation Failure) 387M->204M(1879M) 40.626ms
[45.411s][info][gc,cpu         ] GC(76) User=1.03s Sys=0.00s Real=0.03s
[45.801s][info][gc,start       ] GC(77) Pause Young (Allocation Failure)
[45.895s][info][gc,heap        ] GC(77) PSYoungGen: 526322K(526336K)->172544K(405504K) Eden: 381952K(381952K)->0K(232960K) From: 144370K(144384K)->172544K(172544K)
[45.895s][info][gc,heap        ] GC(77) ParOldGen: 65061K(1398272K)->284304K(1398272K)
[45.895s][info][gc,metaspace   ] GC(77) Metaspace: 16694K(17536K)->16694K(17536K) NonClass: 14267K(14784K)->14267K(14784K) Class: 2426K(2752K)->2426K(2752K)
[45.895s][info][gc             ] GC(77) Pause Young (Allocation Failure) 577M->446M(1761M) 94.743ms
[45.895s][info][gc,cpu         ] GC(77) User=2.67s Sys=0.42s Real=0.10s
[52.049s][info][gc,start       ] GC(78) Pause Young (Allocation Failure)
[52.115s][info][gc,heap        ] GC(78) PSYoungGen: 405504K(405504K)->59200K(465920K) Eden: 232960K(232960K)->0K(232960K) From: 172544K(172544K)->59200K(232960K)
[52.115s][info][gc,heap        ] GC(78) ParOldGen: 284304K(1398272K)->442248K(1398272K)
[52.115s][info][gc,metaspace   ] GC(78) Metaspace: 16695K(17536K)->16695K(17536K) NonClass: 14268K(14784K)->14268K(14784K) Class: 2426K(2752K)->2426K(2752K)
[52.115s][info][gc             ] GC(78) Pause Young (Allocation Failure) 673M->489M(1820M) 66.388ms
[52.115s][info][gc,cpu         ] GC(78) User=2.06s Sys=0.00s Real=0.06s
[52.295s][info][gc,start       ] GC(79) Pause Young (Allocation Failure)
[52.333s][info][gc,heap        ] GC(79) PSYoungGen: 292160K(465920K)->97312K(465920K) Eden: 232960K(232960K)->0K(232960K) From: 59200K(232960K)->97312K(232960K)
[52.333s][info][gc,heap        ] GC(79) ParOldGen: 442248K(1398272K)->500312K(1398272K)
[52.333s][info][gc,metaspace   ] GC(79) Metaspace: 16695K(17536K)->16695K(17536K) NonClass: 14268K(14784K)->14268K(14784K) Class: 2426K(2752K)->2426K(2752K)
[52.333s][info][gc             ] GC(79) Pause Young (Allocation Failure) 717M->583M(1820M) 37.816ms
[52.333s][info][gc,cpu         ] GC(79) User=1.55s Sys=0.00s Real=0.05s
[52.520s][info][gc,start       ] GC(80) Pause Young (Allocation Failure)
[52.565s][info][gc,heap        ] GC(80) PSYoungGen: 330272K(465920K)->96992K(465920K) Eden: 232960K(232960K)->0K(232960K) From: 97312K(232960K)->96992K(232960K)
[52.565s][info][gc,heap        ] GC(80) ParOldGen: 500312K(1398272K)->595088K(1398272K)
[52.565s][info][gc,metaspace   ] GC(80) Metaspace: 16695K(17536K)->16695K(17536K) NonClass: 14268K(14784K)->14268K(14784K) Class: 2426K(2752K)->2426K(2752K)
[52.565s][info][gc             ] GC(80) Pause Young (Allocation Failure) 811M->675M(1820M) 45.751ms
[52.565s][info][gc,cpu         ] GC(80) User=1.55s Sys=0.00s Real=0.05s
[52.756s][info][gc,start       ] GC(81) Pause Young (Allocation Failure)
[52.800s][info][gc,heap        ] GC(81) PSYoungGen: 329952K(465920K)->96896K(465920K) Eden: 232960K(232960K)->0K(232960K) From: 96992K(232960K)->96896K(232960K)
[52.813s][info][gc,heap        ] GC(81) ParOldGen: 595088K(1398272K)->688896K(1398272K)
[52.813s][info][gc,metaspace   ] GC(81) Metaspace: 16695K(17536K)->16695K(17536K) NonClass: 14268K(14784K)->14268K(14784K) Class: 2426K(2752K)->2426K(2752K)
[52.813s][info][gc             ] GC(81) Pause Young (Allocation Failure) 903M->767M(1820M) 57.207ms
[52.813s][info][gc,cpu         ] GC(81) User=1.55s Sys=0.00s Real=0.06s
[53.011s][info][gc,start       ] GC(82) Pause Young (Allocation Failure)
[53.057s][info][gc,heap        ] GC(82) PSYoungGen: 329856K(465920K)->97088K(465920K) Eden: 232960K(232960K)->0K(232960K) From: 96896K(232960K)->97088K(232960K)
[53.057s][info][gc,heap        ] GC(82) ParOldGen: 688896K(1398272K)->782216K(1398272K)
[53.057s][info][gc,metaspace   ] GC(82) Metaspace: 16695K(17536K)->16695K(17536K) NonClass: 14268K(14784K)->14268K(14784K) Class: 2426K(2752K)->2426K(2752K)
[53.057s][info][gc             ] GC(82) Pause Young (Allocation Failure) 994M->858M(1820M) 46.420ms
[53.057s][info][gc,cpu         ] GC(82) User=1.55s Sys=0.00s Real=0.05s
[53.745s][info][gc,start       ] GC(83) Pause Young (Allocation Failure)
[53.806s][info][gc,heap        ] GC(83) PSYoungGen: 330048K(465920K)->150568K(465920K) Eden: 232960K(232960K)->0K(232960K) From: 97088K(232960K)->150568K(232960K)
[53.806s][info][gc,heap        ] GC(83) ParOldGen: 782216K(1398272K)->874536K(1398272K)
[53.806s][info][gc,metaspace   ] GC(83) Metaspace: 16695K(17536K)->16695K(17536K) NonClass: 14268K(14784K)->14268K(14784K) Class: 2426K(2752K)->2426K(2752K)
[53.806s][info][gc             ] GC(83) Pause Young (Allocation Failure) 1086M->1001M(1820M) 61.546ms
[53.806s][info][gc,cpu         ] GC(83) User=2.05s Sys=0.00s Real=0.06s
[54.167s][info][gc,start       ] GC(84) Pause Young (Allocation Failure)
[54.199s][info][gc,heap        ] GC(84) PSYoungGen: 383528K(465920K)->3360K(465920K) Eden: 232960K(232960K)->0K(232960K) From: 150568K(232960K)->3360K(232960K)
[54.199s][info][gc,heap        ] GC(84) ParOldGen: 874536K(1398272K)->912476K(1398272K)
[54.199s][info][gc,metaspace   ] GC(84) Metaspace: 16695K(17536K)->16695K(17536K) NonClass: 14268K(14784K)->14268K(14784K) Class: 2426K(2752K)->2426K(2752K)
[54.199s][info][gc             ] GC(84) Pause Young (Allocation Failure) 1228M->894M(1820M) 32.279ms
[54.199s][info][gc,cpu         ] GC(84) User=1.03s Sys=0.00s Real=0.03s
[55.270s][info][gc,start       ] GC(85) Pause Young (Allocation Failure)
[55.272s][info][gc,heap        ] GC(85) PSYoungGen: 236320K(465920K)->2688K(465920K) Eden: 232960K(232960K)->0K(232960K) From: 3360K(232960K)->2688K(232960K)
[55.273s][info][gc,heap        ] GC(85) ParOldGen: 912476K(1398272K)->912476K(1398272K)
[55.273s][info][gc,metaspace   ] GC(85) Metaspace: 16697K(17536K)->16697K(17536K) NonClass: 14270K(14784K)->14270K(14784K) Class: 2426K(2752K)->2426K(2752K)
[55.273s][info][gc             ] GC(85) Pause Young (Allocation Failure) 1121M->893M(1820M) 2.166ms
[55.273s][info][gc,cpu         ] GC(85) User=0.00s Sys=0.00s Real=0.00s
[55.950s][info][gc,start       ] GC(86) Pause Young (System.gc())
[55.952s][info][gc,heap        ] GC(86) PSYoungGen: 47103K(465920K)->224K(465920K) Eden: 44415K(232960K)->0K(232960K) From: 2688K(232960K)->224K(232960K)
[55.952s][info][gc,heap        ] GC(86) ParOldGen: 912476K(1398272K)->912548K(1398272K)
[55.952s][info][gc,metaspace   ] GC(86) Metaspace: 16697K(17536K)->16697K(17536K) NonClass: 14270K(14784K)->14270K(14784K) Class: 2426K(2752K)->2426K(2752K)
[55.952s][info][gc             ] GC(86) Pause Young (System.gc()) 937M->891M(1820M) 1.590ms
[55.952s][info][gc,cpu         ] GC(86) User=0.00s Sys=0.00s Real=0.00s
[55.952s][info][gc,start       ] GC(87) Pause Full (System.gc())
[55.952s][info][gc,phases,start] GC(87) Marking Phase
[55.967s][info][gc,phases      ] GC(87) Marking Phase 15.116ms
[55.967s][info][gc,phases,start] GC(87) Summary Phase
[55.967s][info][gc,phases      ] GC(87) Summary Phase 0.038ms
[55.967s][info][gc,phases,start] GC(87) Adjust Roots
[55.972s][info][gc,phases      ] GC(87) Adjust Roots 5.300ms
[55.972s][info][gc,phases,start] GC(87) Compaction Phase
[55.979s][info][gc,phases      ] GC(87) Compaction Phase 6.370ms
[55.979s][info][gc,phases,start] GC(87) Post Compact
[55.985s][info][gc,phases      ] GC(87) Post Compact 5.834ms
[55.985s][info][gc,heap        ] GC(87) PSYoungGen: 224K(465920K)->0K(465920K) Eden: 0K(232960K)->0K(232960K) From: 224K(232960K)->0K(232960K)
[55.985s][info][gc,heap        ] GC(87) ParOldGen: 912548K(1398272K)->12170K(1398272K)
[55.985s][info][gc,metaspace   ] GC(87) Metaspace: 16697K(17536K)->16697K(17536K) NonClass: 14270K(14784K)->14270K(14784K) Class: 2426K(2752K)->2426K(2752K)
[55.985s][info][gc             ] GC(87) Pause Full (System.gc()) 891M->11M(1820M) 32.990ms
[55.985s][info][gc,cpu         ] GC(87) User=0.53s Sys=0.00s Real=0.03s
[57.722s][info][gc,start       ] GC(88) Pause Young (Allocation Failure)
[57.723s][info][gc,heap        ] GC(88) PSYoungGen: 232960K(465920K)->2080K(465920K) Eden: 232960K(232960K)->0K(232960K) From: 0K(232960K)->2080K(232960K)
[57.723s][info][gc,heap        ] GC(88) ParOldGen: 12170K(1398272K)->12170K(1398272K)
[57.723s][info][gc,metaspace   ] GC(88) Metaspace: 16698K(17536K)->16698K(17536K) NonClass: 14271K(14784K)->14271K(14784K) Class: 2426K(2752K)->2426K(2752K)
[57.723s][info][gc             ] GC(88) Pause Young (Allocation Failure) 239M->13M(1820M) 0.908ms
[57.723s][info][gc,cpu         ] GC(88) User=0.00s Sys=0.00s Real=0.00s
[57.748s][info][gc,start       ] GC(89) Pause Young (Allocation Failure)
[57.750s][info][gc,heap        ] GC(89) PSYoungGen: 235040K(465920K)->1664K(235008K) Eden: 232960K(232960K)->0K(232960K) From: 2080K(232960K)->1664K(2048K)
[57.750s][info][gc,heap        ] GC(89) ParOldGen: 12170K(1398272K)->12562K(1398272K)
[57.750s][info][gc,metaspace   ] GC(89) Metaspace: 16698K(17536K)->16698K(17536K) NonClass: 14271K(14784K)->14271K(14784K) Class: 2426K(2752K)->2426K(2752K)
[57.750s][info][gc             ] GC(89) Pause Young (Allocation Failure) 241M->13M(1595M) 2.269ms
[57.750s][info][gc,cpu         ] GC(89) User=0.00s Sys=0.00s Real=0.00s
[57.775s][info][gc,start       ] GC(90) Pause Young (Allocation Failure)
[57.776s][info][gc,heap        ] GC(90) PSYoungGen: 234624K(235008K)->1600K(467968K) Eden: 232960K(232960K)->0K(241664K) From: 1664K(2048K)->1600K(226304K)
[57.776s][info][gc,heap        ] GC(90) ParOldGen: 12562K(1398272K)->12826K(1398272K)
[57.776s][info][gc,metaspace   ] GC(90) Metaspace: 16698K(17536K)->16698K(17536K) NonClass: 14271K(14784K)->14271K(14784K) Class: 2426K(2752K)->2426K(2752K)
[57.776s][info][gc             ] GC(90) Pause Young (Allocation Failure) 241M->14M(1822M) 0.827ms
[57.776s][info][gc,cpu         ] GC(90) User=0.00s Sys=0.00s Real=0.00s
[57.801s][info][gc,start       ] GC(91) Pause Young (Allocation Failure)
[57.804s][info][gc,heap        ] GC(91) PSYoungGen: 243264K(467968K)->1664K(459264K) Eden: 241664K(241664K)->0K(241664K) From: 1600K(226304K)->1664K(217600K)
[57.804s][info][gc,heap        ] GC(91) ParOldGen: 12826K(1398272K)->13010K(1398272K)
[57.804s][info][gc,metaspace   ] GC(91) Metaspace: 16698K(17536K)->16698K(17536K) NonClass: 14271K(14784K)->14271K(14784K) Class: 2426K(2752K)->2426K(2752K)
[57.804s][info][gc             ] GC(91) Pause Young (Allocation Failure) 250M->14M(1814M) 2.304ms
[57.804s][info][gc,cpu         ] GC(91) User=0.00s Sys=0.00s Real=0.00s
[57.830s][info][gc,start       ] GC(92) Pause Young (Allocation Failure)
[57.830s][info][gc,heap        ] GC(92) PSYoungGen: 243328K(459264K)->1760K(472064K) Eden: 241664K(241664K)->0K(264192K) From: 1664K(217600K)->1760K(207872K)
[57.830s][info][gc,heap        ] GC(92) ParOldGen: 13010K(1398272K)->13250K(1398272K)
[57.830s][info][gc,metaspace   ] GC(92) Metaspace: 16698K(17536K)->16698K(17536K) NonClass: 14271K(14784K)->14271K(14784K) Class: 2426K(2752K)->2426K(2752K)
[57.830s][info][gc             ] GC(92) Pause Young (Allocation Failure) 250M->14M(1826M) 0.831ms
[57.831s][info][gc,cpu         ] GC(92) User=0.00s Sys=0.00s Real=0.00s
[57.859s][info][gc,start       ] GC(93) Pause Young (Allocation Failure)
[57.859s][info][gc,heap        ] GC(93) PSYoungGen: 265952K(472064K)->1760K(463360K) Eden: 264192K(264192K)->0K(264192K) From: 1760K(207872K)->1760K(199168K)
[57.859s][info][gc,heap        ] GC(93) ParOldGen: 13250K(1398272K)->13514K(1398272K)
[57.859s][info][gc,metaspace   ] GC(93) Metaspace: 16698K(17536K)->16698K(17536K) NonClass: 14271K(14784K)->14271K(14784K) Class: 2426K(2752K)->2426K(2752K)
[57.859s][info][gc             ] GC(93) Pause Young (Allocation Failure) 272M->14M(1818M) 0.860ms
[57.859s][info][gc,cpu         ] GC(93) User=0.00s Sys=0.00s Real=0.00s
[57.888s][info][gc,start       ] GC(94) Pause Young (Allocation Failure)
[57.889s][info][gc,heap        ] GC(94) PSYoungGen: 265952K(463360K)->1760K(489984K) Eden: 264192K(264192K)->0K(301568K) From: 1760K(199168K)->1760K(188416K)
[57.889s][info][gc,heap        ] GC(94) ParOldGen: 13514K(1398272K)->13786K(1398272K)
[57.889s][info][gc,metaspace   ] GC(94) Metaspace: 16698K(17536K)->16698K(17536K) NonClass: 14271K(14784K)->14271K(14784K) Class: 2426K(2752K)->2426K(2752K)
[57.889s][info][gc             ] GC(94) Pause Young (Allocation Failure) 272M->15M(1844M) 0.943ms
[57.889s][info][gc,cpu         ] GC(94) User=0.00s Sys=0.00s Real=0.00s
[57.921s][info][gc,start       ] GC(95) Pause Young (Allocation Failure)
[57.921s][info][gc,heap        ] GC(95) PSYoungGen: 303328K(489984K)->1760K(481280K) Eden: 301568K(301568K)->0K(301568K) From: 1760K(188416K)->1760K(179712K)
[57.921s][info][gc,heap        ] GC(95) ParOldGen: 13786K(1398272K)->14034K(1398272K)
[57.921s][info][gc,metaspace   ] GC(95) Metaspace: 16698K(17536K)->16698K(17536K) NonClass: 14271K(14784K)->14271K(14784K) Class: 2426K(2752K)->2426K(2752K)
[57.921s][info][gc             ] GC(95) Pause Young (Allocation Failure) 309M->15M(1835M) 0.791ms
[57.921s][info][gc,cpu         ] GC(95) User=0.00s Sys=0.00s Real=0.00s
[57.954s][info][gc,start       ] GC(96) Pause Young (Allocation Failure)
[57.954s][info][gc,heap        ] GC(96) PSYoungGen: 303328K(481280K)->1632K(509440K) Eden: 301568K(301568K)->0K(340480K) From: 1760K(179712K)->1632K(168960K)
[57.954s][info][gc,heap        ] GC(96) ParOldGen: 14034K(1398272K)->14266K(1398272K)
[57.954s][info][gc,metaspace   ] GC(96) Metaspace: 16698K(17536K)->16698K(17536K) NonClass: 14271K(14784K)->14271K(14784K) Class: 2426K(2752K)->2426K(2752K)
[57.954s][info][gc             ] GC(96) Pause Young (Allocation Failure) 309M->15M(1863M) 0.795ms
[57.954s][info][gc,cpu         ] GC(96) User=0.00s Sys=0.00s Real=0.00s
[57.990s][info][gc,start       ] GC(97) Pause Young (Allocation Failure)
[57.991s][info][gc,heap        ] GC(97) PSYoungGen: 342112K(509440K)->1696K(500736K) Eden: 340480K(340480K)->0K(340480K) From: 1632K(168960K)->1696K(160256K)
[57.991s][info][gc,heap        ] GC(97) ParOldGen: 14266K(1398272K)->14522K(1398272K)
[57.991s][info][gc,metaspace   ] GC(97) Metaspace: 16698K(17536K)->16698K(17536K) NonClass: 14271K(14784K)->14271K(14784K) Class: 2426K(2752K)->2426K(2752K)
[57.991s][info][gc             ] GC(97) Pause Young (Allocation Failure) 348M->15M(1854M) 0.832ms
[57.991s][info][gc,cpu         ] GC(97) User=0.00s Sys=0.00s Real=0.00s
[58.028s][info][gc,start       ] GC(98) Pause Young (Allocation Failure)
[58.029s][info][gc,heap        ] GC(98) PSYoungGen: 342176K(500736K)->1568K(529408K) Eden: 340480K(340480K)->0K(378368K) From: 1696K(160256K)->1568K(151040K)
[58.029s][info][gc,heap        ] GC(98) ParOldGen: 14522K(1398272K)->14762K(1398272K)
[58.029s][info][gc,metaspace   ] GC(98) Metaspace: 16698K(17536K)->16698K(17536K) NonClass: 14271K(14784K)->14271K(14784K) Class: 2426K(2752K)->2426K(2752K)
[58.029s][info][gc             ] GC(98) Pause Young (Allocation Failure) 348M->15M(1882M) 0.819ms
[58.029s][info][gc,cpu         ] GC(98) User=0.00s Sys=0.00s Real=0.00s
[58.096s][info][gc,start       ] GC(99) Pause Young (Allocation Failure)
[58.111s][info][gc,heap        ] GC(99) PSYoungGen: 379936K(529408K)->55139K(520704K) Eden: 378368K(378368K)->0K(378368K) From: 1568K(151040K)->55139K(142336K)
[58.111s][info][gc,heap        ] GC(99) ParOldGen: 14762K(1398272K)->14818K(1398272K)
[58.111s][info][gc,metaspace   ] GC(99) Metaspace: 16698K(17536K)->16698K(17536K) NonClass: 14271K(14784K)->14271K(14784K) Class: 2426K(2752K)->2426K(2752K)
[58.111s][info][gc             ] GC(99) Pause Young (Allocation Failure) 385M->68M(1874M) 15.296ms
[58.111s][info][gc,cpu         ] GC(99) User=0.52s Sys=0.00s Real=0.02s
[58.481s][info][gc,start       ] GC(100) Pause Young (Allocation Failure)
[58.553s][info][gc,heap        ] GC(100) PSYoungGen: 433507K(520704K)->142848K(379904K) Eden: 378368K(378368K)->0K(237056K) From: 55139K(142336K)->142848K(142848K)
[58.553s][info][gc,heap        ] GC(100) ParOldGen: 14818K(1398272K)->166877K(1398272K)
[58.553s][info][gc,metaspace   ] GC(100) Metaspace: 16698K(17536K)->16698K(17536K) NonClass: 14271K(14784K)->14271K(14784K) Class: 2426K(2752K)->2426K(2752K)
[58.553s][info][gc             ] GC(100) Pause Young (Allocation Failure) 437M->302M(1736M) 72.376ms
[58.553s][info][gc,cpu         ] GC(100) User=2.16s Sys=0.42s Real=0.08s
[58.794s][info][gc,start       ] GC(101) Pause Young (Allocation Failure)
[58.859s][info][gc,heap        ] GC(101) PSYoungGen: 379904K(379904K)->154752K(392192K) Eden: 237056K(237056K)->0K(237056K) From: 142848K(142848K)->154752K(155136K)
[58.859s][info][gc,heap        ] GC(101) ParOldGen: 166877K(1398272K)->309429K(1398272K)
[58.859s][info][gc,metaspace   ] GC(101) Metaspace: 16698K(17536K)->16698K(17536K) NonClass: 14271K(14784K)->14271K(14784K) Class: 2426K(2752K)->2426K(2752K)
[58.859s][info][gc             ] GC(101) Pause Young (Allocation Failure) 533M->453M(1748M) 64.536ms
[58.859s][info][gc,cpu         ] GC(101) User=2.06s Sys=0.00s Real=0.06s
[66.234s][info][gc,start       ] GC(102) Pause Young (Allocation Failure)
[66.295s][info][gc,heap        ] GC(102) PSYoungGen: 391808K(392192K)->49088K(465920K) Eden: 237056K(237056K)->0K(232960K) From: 154752K(155136K)->49088K(232960K)
[66.295s][info][gc,heap        ] GC(102) ParOldGen: 309429K(1398272K)->449613K(1398272K)
[66.295s][info][gc,metaspace   ] GC(102) Metaspace: 16700K(17536K)->16700K(17536K) NonClass: 14273K(14784K)->14273K(14784K) Class: 2426K(2752K)->2426K(2752K)
[66.295s][info][gc             ] GC(102) Pause Young (Allocation Failure) 684M->487M(1820M) 61.538ms
[66.295s][info][gc,cpu         ] GC(102) User=2.06s Sys=0.00s Real=0.06s
[66.472s][info][gc,start       ] GC(103) Pause Young (Allocation Failure)
[66.508s][info][gc,heap        ] GC(103) PSYoungGen: 282048K(465920K)->96896K(330240K) Eden: 232960K(232960K)->0K(232960K) From: 49088K(232960K)->96896K(97280K)
[66.508s][info][gc,heap        ] GC(103) ParOldGen: 449613K(1398272K)->497709K(1398272K)
[66.508s][info][gc,metaspace   ] GC(103) Metaspace: 16700K(17536K)->16700K(17536K) NonClass: 14273K(14784K)->14273K(14784K) Class: 2426K(2752K)->2426K(2752K)
[66.508s][info][gc             ] GC(103) Pause Young (Allocation Failure) 714M->580M(1688M) 35.728ms
[66.508s][info][gc,cpu         ] GC(103) User=1.03s Sys=0.00s Real=0.04s
[66.693s][info][gc,start       ] GC(104) Pause Young (Allocation Failure)
[66.738s][info][gc,heap        ] GC(104) PSYoungGen: 329856K(330240K)->96480K(467968K) Eden: 232960K(232960K)->0K(237568K) From: 96896K(97280K)->96480K(230400K)
[66.739s][info][gc,heap        ] GC(104) ParOldGen: 497709K(1398272K)->592069K(1398272K)
[66.739s][info][gc,metaspace   ] GC(104) Metaspace: 16700K(17536K)->16700K(17536K) NonClass: 14273K(14784K)->14273K(14784K) Class: 2426K(2752K)->2426K(2752K)
[66.739s][info][gc             ] GC(104) Pause Young (Allocation Failure) 808M->672M(1822M) 45.060ms
[66.739s][info][gc,cpu         ] GC(104) User=1.03s Sys=0.00s Real=0.03s
[66.933s][info][gc,start       ] GC(105) Pause Young (Allocation Failure)
[66.979s][info][gc,heap        ] GC(105) PSYoungGen: 334048K(467968K)->98400K(463360K) Eden: 237568K(237568K)->0K(237568K) From: 96480K(230400K)->98400K(225792K)
[66.979s][info][gc,heap        ] GC(105) ParOldGen: 592069K(1398272K)->685413K(1398272K)
[66.979s][info][gc,metaspace   ] GC(105) Metaspace: 16700K(17536K)->16700K(17536K) NonClass: 14273K(14784K)->14273K(14784K) Class: 2426K(2752K)->2426K(2752K)
[66.979s][info][gc             ] GC(105) Pause Young (Allocation Failure) 904M->765M(1818M) 46.272ms
[66.979s][info][gc,cpu         ] GC(105) User=1.03s Sys=0.00s Real=0.04s
[67.178s][info][gc,start       ] GC(106) Pause Young (Allocation Failure)
[67.223s][info][gc,heap        ] GC(106) PSYoungGen: 335968K(463360K)->98368K(468480K) Eden: 237568K(237568K)->0K(247296K) From: 98400K(225792K)->98368K(221184K)
[67.223s][info][gc,heap        ] GC(106) ParOldGen: 685413K(1398272K)->780085K(1398272K)
[67.223s][info][gc,metaspace   ] GC(106) Metaspace: 16700K(17536K)->16700K(17536K) NonClass: 14273K(14784K)->14273K(14784K) Class: 2426K(2752K)->2426K(2752K)
[67.223s][info][gc             ] GC(106) Pause Young (Allocation Failure) 997M->857M(1823M) 45.502ms
[67.223s][info][gc,cpu         ] GC(106) User=1.55s Sys=0.00s Real=0.05s
[67.870s][info][gc,start       ] GC(107) Pause Young (Allocation Failure)
[67.930s][info][gc,heap        ] GC(107) PSYoungGen: 345664K(468480K)->154248K(463872K) Eden: 247296K(247296K)->0K(247296K) From: 98368K(221184K)->154248K(216576K)
[67.930s][info][gc,heap        ] GC(107) ParOldGen: 780085K(1398272K)->873645K(1398272K)
[67.930s][info][gc,metaspace   ] GC(107) Metaspace: 16700K(17536K)->16700K(17536K) NonClass: 14273K(14784K)->14273K(14784K) Class: 2426K(2752K)->2426K(2752K)
[67.930s][info][gc             ] GC(107) Pause Young (Allocation Failure) 1099M->1003M(1818M) 60.152ms
[67.930s][info][gc,cpu         ] GC(107) User=2.06s Sys=0.00s Real=0.06s
[68.310s][info][gc,start       ] GC(108) Pause Young (Allocation Failure)
[68.343s][info][gc,heap        ] GC(108) PSYoungGen: 401544K(463872K)->3296K(468480K) Eden: 247296K(247296K)->0K(236544K) From: 154248K(216576K)->3296K(231936K)
[68.343s][info][gc,heap        ] GC(108) ParOldGen: 873645K(1398272K)->914193K(1398272K)
[68.343s][info][gc,metaspace   ] GC(108) Metaspace: 16700K(17536K)->16700K(17536K) NonClass: 14273K(14784K)->14273K(14784K) Class: 2426K(2752K)->2426K(2752K)
[68.343s][info][gc             ] GC(108) Pause Young (Allocation Failure) 1245M->895M(1823M) 32.745ms
[68.343s][info][gc,cpu         ] GC(108) User=1.03s Sys=0.00s Real=0.03s
[69.631s][info][gc,start       ] GC(109) Pause Young (Allocation Failure)
[69.633s][info][gc,heap        ] GC(109) PSYoungGen: 239840K(468480K)->2688K(239616K) Eden: 236544K(236544K)->0K(236544K) From: 3296K(231936K)->2688K(3072K)
[69.633s][info][gc,heap        ] GC(109) ParOldGen: 914193K(1398272K)->914193K(1398272K)
[69.633s][info][gc,metaspace   ] GC(109) Metaspace: 16700K(17536K)->16700K(17536K) NonClass: 14273K(14784K)->14273K(14784K) Class: 2426K(2752K)->2426K(2752K)
[69.633s][info][gc             ] GC(109) Pause Young (Allocation Failure) 1126M->895M(1599M) 2.018ms
[69.633s][info][gc,cpu         ] GC(109) User=0.00s Sys=0.00s Real=0.00s
[70.087s][info][gc,start       ] GC(110) Pause Young (System.gc())
[70.089s][info][gc,heap        ] GC(110) PSYoungGen: 32469K(239616K)->192K(454144K) Eden: 29781K(236544K)->0K(236544K) From: 2688K(3072K)->192K(217600K)
[70.089s][info][gc,heap        ] GC(110) ParOldGen: 914193K(1398272K)->914225K(1398272K)
[70.089s][info][gc,metaspace   ] GC(110) Metaspace: 16700K(17536K)->16700K(17536K) NonClass: 14274K(14784K)->14274K(14784K) Class: 2426K(2752K)->2426K(2752K)
[70.090s][info][gc             ] GC(110) Pause Young (System.gc()) 924M->892M(1809M) 2.174ms
[70.090s][info][gc,cpu         ] GC(110) User=0.00s Sys=0.00s Real=0.00s
[70.090s][info][gc,start       ] GC(111) Pause Full (System.gc())
[70.090s][info][gc,phases,start] GC(111) Marking Phase
[70.106s][info][gc,phases      ] GC(111) Marking Phase 16.184ms
[70.106s][info][gc,phases,start] GC(111) Summary Phase
[70.106s][info][gc,phases      ] GC(111) Summary Phase 0.033ms
[70.106s][info][gc,phases,start] GC(111) Adjust Roots
[70.108s][info][gc,phases      ] GC(111) Adjust Roots 2.251ms
[70.108s][info][gc,phases,start] GC(111) Compaction Phase
[70.113s][info][gc,phases      ] GC(111) Compaction Phase 4.665ms
[70.113s][info][gc,phases,start] GC(111) Post Compact
[70.118s][info][gc,phases      ] GC(111) Post Compact 5.406ms
[70.118s][info][gc,heap        ] GC(111) PSYoungGen: 192K(454144K)->0K(454144K) Eden: 0K(236544K)->0K(236544K) From: 192K(217600K)->0K(217600K)
[70.118s][info][gc,heap        ] GC(111) ParOldGen: 914225K(1398272K)->13294K(1398272K)
[70.118s][info][gc,metaspace   ] GC(111) Metaspace: 16700K(17536K)->16700K(17536K) NonClass: 14274K(14784K)->14274K(14784K) Class: 2426K(2752K)->2426K(2752K)
[70.118s][info][gc             ] GC(111) Pause Full (System.gc()) 892M->12M(1809M) 28.817ms
[70.118s][info][gc,cpu         ] GC(111) User=0.14s Sys=0.00s Real=0.02s
[71.800s][info][gc,start       ] GC(112) Pause Young (Allocation Failure)
[71.801s][info][gc,heap        ] GC(112) PSYoungGen: 236544K(454144K)->2144K(458752K) Eden: 236544K(236544K)->0K(236544K) From: 0K(217600K)->2144K(222208K)
[71.801s][info][gc,heap        ] GC(112) ParOldGen: 13294K(1398272K)->13294K(1398272K)
[71.801s][info][gc,metaspace   ] GC(112) Metaspace: 16700K(17536K)->16700K(17536K) NonClass: 14274K(14784K)->14274K(14784K) Class: 2426K(2752K)->2426K(2752K)
[71.801s][info][gc             ] GC(112) Pause Young (Allocation Failure) 243M->15M(1813M) 1.174ms
[71.801s][info][gc,cpu         ] GC(112) User=0.00s Sys=0.00s Real=0.00s
[71.826s][info][gc,start       ] GC(113) Pause Young (Allocation Failure)
[71.827s][info][gc,heap        ] GC(113) PSYoungGen: 238688K(458752K)->1696K(464384K) Eden: 236544K(236544K)->0K(261120K) From: 2144K(222208K)->1696K(203264K)
[71.827s][info][gc,heap        ] GC(113) ParOldGen: 13294K(1398272K)->13838K(1398272K)
[71.827s][info][gc,metaspace   ] GC(113) Metaspace: 16700K(17536K)->16700K(17536K) NonClass: 14274K(14784K)->14274K(14784K) Class: 2426K(2752K)->2426K(2752K)
[71.827s][info][gc             ] GC(113) Pause Young (Allocation Failure) 246M->15M(1819M) 1.498ms
[71.828s][info][gc,cpu         ] GC(113) User=0.00s Sys=0.00s Real=0.00s
[71.855s][info][gc,start       ] GC(114) Pause Young (Allocation Failure)
[71.856s][info][gc,heap        ] GC(114) PSYoungGen: 262816K(464384K)->1792K(469504K) Eden: 261120K(261120K)->0K(261120K) From: 1696K(203264K)->1792K(208384K)
[71.856s][info][gc,heap        ] GC(114) ParOldGen: 13838K(1398272K)->14062K(1398272K)
[71.856s][info][gc,metaspace   ] GC(114) Metaspace: 16700K(17536K)->16700K(17536K) NonClass: 14274K(14784K)->14274K(14784K) Class: 2426K(2752K)->2426K(2752K)
[71.856s][info][gc             ] GC(114) Pause Young (Allocation Failure) 270M->15M(1824M) 0.856ms
[71.856s][info][gc,cpu         ] GC(114) User=0.00s Sys=0.00s Real=0.00s
[71.884s][info][gc,start       ] GC(115) Pause Young (Allocation Failure)
[71.885s][info][gc,heap        ] GC(115) PSYoungGen: 262912K(469504K)->1824K(475648K) Eden: 261120K(261120K)->0K(289792K) From: 1792K(208384K)->1824K(185856K)
[71.885s][info][gc,heap        ] GC(115) ParOldGen: 14062K(1398272K)->14318K(1398272K)
[71.885s][info][gc,metaspace   ] GC(115) Metaspace: 16700K(17536K)->16700K(17536K) NonClass: 14274K(14784K)->14274K(14784K) Class: 2426K(2752K)->2426K(2752K)
[71.885s][info][gc             ] GC(115) Pause Young (Allocation Failure) 270M->15M(1830M) 1.375ms
[71.885s][info][gc,cpu         ] GC(115) User=0.00s Sys=0.00s Real=0.00s
[71.917s][info][gc,start       ] GC(116) Pause Young (Allocation Failure)
[71.917s][info][gc,heap        ] GC(116) PSYoungGen: 291616K(475648K)->1760K(481792K) Eden: 289792K(289792K)->0K(289792K) From: 1824K(185856K)->1760K(192000K)
[71.918s][info][gc,heap        ] GC(116) ParOldGen: 14318K(1398272K)->14582K(1398272K)
[71.918s][info][gc,metaspace   ] GC(116) Metaspace: 16700K(17536K)->16700K(17536K) NonClass: 14274K(14784K)->14274K(14784K) Class: 2426K(2752K)->2426K(2752K)
[71.918s][info][gc             ] GC(116) Pause Young (Allocation Failure) 298M->15M(1836M) 0.917ms
[71.918s][info][gc,cpu         ] GC(116) User=0.13s Sys=0.03s Real=0.02s
[71.949s][info][gc,start       ] GC(117) Pause Young (Allocation Failure)
[71.950s][info][gc,heap        ] GC(117) PSYoungGen: 291552K(481792K)->1760K(492032K) Eden: 289792K(289792K)->0K(323584K) From: 1760K(192000K)->1760K(168448K)
[71.950s][info][gc,heap        ] GC(117) ParOldGen: 14582K(1398272K)->14846K(1398272K)
[71.950s][info][gc,metaspace   ] GC(117) Metaspace: 16700K(17536K)->16700K(17536K) NonClass: 14274K(14784K)->14274K(14784K) Class: 2426K(2752K)->2426K(2752K)
[71.950s][info][gc             ] GC(117) Pause Young (Allocation Failure) 298M->16M(1846M) 1.153ms
[71.950s][info][gc,cpu         ] GC(117) User=0.41s Sys=0.02s Real=0.02s
[71.985s][info][gc,start       ] GC(118) Pause Young (Allocation Failure)
[71.986s][info][gc,heap        ] GC(118) PSYoungGen: 325344K(492032K)->1696K(498176K) Eden: 323584K(323584K)->0K(323584K) From: 1760K(168448K)->1696K(174592K)
[71.986s][info][gc,heap        ] GC(118) ParOldGen: 14846K(1398272K)->15118K(1398272K)
[71.986s][info][gc,metaspace   ] GC(118) Metaspace: 16700K(17536K)->16700K(17536K) NonClass: 14274K(14784K)->14274K(14784K) Class: 2426K(2752K)->2426K(2752K)
[71.986s][info][gc             ] GC(118) Pause Young (Allocation Failure) 332M->16M(1852M) 0.838ms
[71.986s][info][gc,cpu         ] GC(118) User=0.00s Sys=0.00s Real=0.00s
[72.021s][info][gc,start       ] GC(119) Pause Young (Allocation Failure)
[72.021s][info][gc,heap        ] GC(119) PSYoungGen: 325280K(498176K)->1600K(509440K) Eden: 323584K(323584K)->0K(358400K) From: 1696K(174592K)->1600K(151040K)
[72.021s][info][gc,heap        ] GC(119) ParOldGen: 15118K(1398272K)->15302K(1398272K)
[72.021s][info][gc,metaspace   ] GC(119) Metaspace: 16700K(17536K)->16700K(17536K) NonClass: 14274K(14784K)->14274K(14784K) Class: 2426K(2752K)->2426K(2752K)
[72.021s][info][gc             ] GC(119) Pause Young (Allocation Failure) 332M->16M(1863M) 0.862ms
[72.021s][info][gc,cpu         ] GC(119) User=0.00s Sys=0.00s Real=0.00s
[72.060s][info][gc,start       ] GC(120) Pause Young (Allocation Failure)
[72.061s][info][gc,heap        ] GC(120) PSYoungGen: 360000K(509440K)->1536K(515584K) Eden: 358400K(358400K)->0K(358400K) From: 1600K(151040K)->1536K(157184K)
[72.061s][info][gc,heap        ] GC(120) ParOldGen: 15302K(1398272K)->15478K(1398272K)
[72.061s][info][gc,metaspace   ] GC(120) Metaspace: 16700K(17536K)->16700K(17536K) NonClass: 14274K(14784K)->14274K(14784K) Class: 2426K(2752K)->2426K(2752K)
[72.061s][info][gc             ] GC(120) Pause Young (Allocation Failure) 366M->16M(1869M) 0.845ms
[72.061s][info][gc,cpu         ] GC(120) User=0.00s Sys=0.00s Real=0.00s
[72.100s][info][gc,start       ] GC(121) Pause Young (Allocation Failure)
[72.101s][info][gc,heap        ] GC(121) PSYoungGen: 359936K(515584K)->1568K(526848K) Eden: 358400K(358400K)->0K(393216K) From: 1536K(157184K)->1568K(133632K)
[72.101s][info][gc,heap        ] GC(121) ParOldGen: 15478K(1398272K)->15702K(1398272K)
[72.101s][info][gc,metaspace   ] GC(121) Metaspace: 16700K(17536K)->16700K(17536K) NonClass: 14274K(14784K)->14274K(14784K) Class: 2426K(2752K)->2426K(2752K)
[72.101s][info][gc             ] GC(121) Pause Young (Allocation Failure) 366M->16M(1880M) 0.848ms
[72.101s][info][gc,cpu         ] GC(121) User=0.00s Sys=0.00s Real=0.00s
[72.144s][info][gc,start       ] GC(122) Pause Young (Allocation Failure)
[72.145s][info][gc,heap        ] GC(122) PSYoungGen: 394784K(526848K)->1056K(532992K) Eden: 393216K(393216K)->0K(393216K) From: 1568K(133632K)->1056K(139776K)
[72.145s][info][gc,heap        ] GC(122) ParOldGen: 15702K(1398272K)->15814K(1398272K)
[72.145s][info][gc,metaspace   ] GC(122) Metaspace: 16700K(17536K)->16700K(17536K) NonClass: 14274K(14784K)->14274K(14784K) Class: 2426K(2752K)->2426K(2752K)
[72.145s][info][gc             ] GC(122) Pause Young (Allocation Failure) 400M->16M(1886M) 0.805ms
[72.145s][info][gc,cpu         ] GC(122) User=0.00s Sys=0.00s Real=0.00s
[72.521s][info][gc,start       ] GC(123) Pause Young (Allocation Failure)
[72.597s][info][gc,heap        ] GC(123) PSYoungGen: 394272K(532992K)->131555K(397312K) Eden: 393216K(393216K)->0K(265728K) From: 1056K(139776K)->131555K(131584K)
[72.597s][info][gc,heap        ] GC(123) ParOldGen: 15814K(1398272K)->163862K(1398272K)
[72.597s][info][gc,metaspace   ] GC(123) Metaspace: 16700K(17536K)->16700K(17536K) NonClass: 14274K(14784K)->14274K(14784K) Class: 2426K(2752K)->2426K(2752K)
[72.597s][info][gc             ] GC(123) Pause Young (Allocation Failure) 400M->288M(1753M) 76.832ms
[72.597s][info][gc,cpu         ] GC(123) User=2.06s Sys=0.00s Real=0.06s
[72.870s][info][gc,start       ] GC(124) Pause Young (Allocation Failure)
[72.935s][info][gc,heap        ] GC(124) PSYoungGen: 397283K(397312K)->173728K(439808K) Eden: 265728K(265728K)->0K(265728K) From: 131555K(131584K)->173728K(174080K)
[72.935s][info][gc,heap        ] GC(124) ParOldGen: 163862K(1398272K)->295001K(1398272K)
[72.935s][info][gc,metaspace   ] GC(124) Metaspace: 16700K(17536K)->16700K(17536K) NonClass: 14274K(14784K)->14274K(14784K) Class: 2426K(2752K)->2426K(2752K)
[72.935s][info][gc             ] GC(124) Pause Young (Allocation Failure) 547M->457M(1795M) 64.755ms
[72.935s][info][gc,cpu         ] GC(124) User=2.05s Sys=0.00s Real=0.06s
[79.156s][info][gc,start       ] GC(125) Pause Young (Allocation Failure)
[79.225s][info][gc,heap        ] GC(125) PSYoungGen: 439456K(439808K)->81632K(465920K) Eden: 265728K(265728K)->0K(232960K) From: 173728K(174080K)->81632K(232960K)
[79.225s][info][gc,heap        ] GC(125) ParOldGen: 295001K(1398272K)->452721K(1398272K)
[79.225s][info][gc,metaspace   ] GC(125) Metaspace: 16706K(17536K)->16706K(17536K) NonClass: 14279K(14784K)->14279K(14784K) Class: 2426K(2752K)->2426K(2752K)
[79.225s][info][gc             ] GC(125) Pause Young (Allocation Failure) 717M->521M(1820M) 68.929ms
[79.225s][info][gc,cpu         ] GC(125) User=2.50s Sys=0.00s Real=0.08s
[79.408s][info][gc,start       ] GC(126) Pause Young (Allocation Failure)
[79.450s][info][gc,heap        ] GC(126) PSYoungGen: 314592K(465920K)->96448K(329728K) Eden: 232960K(232960K)->0K(232960K) From: 81632K(232960K)->96448K(96768K)
[79.450s][info][gc,heap        ] GC(126) ParOldGen: 452721K(1398272K)->532537K(1398272K)
[79.450s][info][gc,metaspace   ] GC(126) Metaspace: 16706K(17536K)->16706K(17536K) NonClass: 14279K(14784K)->14279K(14784K) Class: 2426K(2752K)->2426K(2752K)
[79.450s][info][gc             ] GC(126) Pause Young (Allocation Failure) 749M->614M(1687M) 42.112ms
[79.450s][info][gc,cpu         ] GC(126) User=1.55s Sys=0.00s Real=0.05s
[79.639s][info][gc,start       ] GC(127) Pause Young (Allocation Failure)
[79.683s][info][gc,heap        ] GC(127) PSYoungGen: 329408K(329728K)->96544K(469504K) Eden: 232960K(232960K)->0K(237568K) From: 96448K(96768K)->96544K(231936K)
[79.683s][info][gc,heap        ] GC(127) ParOldGen: 532537K(1398272K)->626265K(1398272K)
[79.683s][info][gc,metaspace   ] GC(127) Metaspace: 16706K(17536K)->16706K(17536K) NonClass: 14279K(14784K)->14279K(14784K) Class: 2426K(2752K)->2426K(2752K)
[79.683s][info][gc             ] GC(127) Pause Young (Allocation Failure) 841M->705M(1824M) 44.217ms
[79.683s][info][gc,cpu         ] GC(127) User=1.55s Sys=0.00s Real=0.05s
[79.881s][info][gc,start       ] GC(128) Pause Young (Allocation Failure)
[79.925s][info][gc,heap        ] GC(128) PSYoungGen: 334112K(469504K)->98272K(335872K) Eden: 237568K(237568K)->0K(237568K) From: 96544K(231936K)->98272K(98304K)
[79.925s][info][gc,heap        ] GC(128) ParOldGen: 626265K(1398272K)->719425K(1398272K)
[79.925s][info][gc,metaspace   ] GC(128) Metaspace: 16706K(17536K)->16706K(17536K) NonClass: 14279K(14784K)->14279K(14784K) Class: 2426K(2752K)->2426K(2752K)
[79.925s][info][gc             ] GC(128) Pause Young (Allocation Failure) 937M->798M(1693M) 44.533ms
[79.925s][info][gc,cpu         ] GC(128) User=1.55s Sys=0.00s Real=0.05s
[80.194s][info][gc,start       ] GC(129) Pause Young (Allocation Failure)
[80.261s][info][gc,heap        ] GC(129) PSYoungGen: 335840K(335872K)->204360K(452096K) Eden: 237568K(237568K)->0K(229376K) From: 98272K(98304K)->204360K(222720K)
[80.261s][info][gc,heap        ] GC(129) ParOldGen: 719425K(1398272K)->813985K(1398272K)
[80.261s][info][gc,metaspace   ] GC(129) Metaspace: 16706K(17536K)->16706K(17536K) NonClass: 14279K(14784K)->14279K(14784K) Class: 2426K(2752K)->2426K(2752K)
[80.261s][info][gc             ] GC(129) Pause Young (Allocation Failure) 1030M->994M(1807M) 66.485ms
[80.261s][info][gc,cpu         ] GC(129) User=2.06s Sys=0.00s Real=0.06s
[80.912s][info][gc,start       ] GC(130) Pause Young (Allocation Failure)
[80.964s][info][gc,heap        ] GC(130) PSYoungGen: 433736K(452096K)->23488K(462336K) Eden: 229376K(229376K)->0K(229376K) From: 204360K(222720K)->23488K(232960K)
[80.964s][info][gc,heap        ] GC(130) ParOldGen: 813985K(1398272K)->938389K(1398272K)
[80.964s][info][gc,metaspace   ] GC(130) Metaspace: 16706K(17536K)->16706K(17536K) NonClass: 14279K(14784K)->14279K(14784K) Class: 2426K(2752K)->2426K(2752K)
[80.964s][info][gc             ] GC(130) Pause Young (Allocation Failure) 1218M->939M(1817M) 51.217ms
[80.964s][info][gc,cpu         ] GC(130) User=1.55s Sys=0.00s Real=0.05s
[81.297s][info][gc,start       ] GC(131) Pause Young (Allocation Failure)
[81.314s][info][gc,heap        ] GC(131) PSYoungGen: 252864K(462336K)->2624K(465920K) Eden: 229376K(229376K)->0K(232960K) From: 23488K(232960K)->2624K(232960K)
[81.314s][info][gc,heap        ] GC(131) ParOldGen: 938389K(1398272K)->951493K(1398272K)
[81.314s][info][gc,metaspace   ] GC(131) Metaspace: 16706K(17536K)->16706K(17536K) NonClass: 14279K(14784K)->14279K(14784K) Class: 2426K(2752K)->2426K(2752K)
[81.314s][info][gc             ] GC(131) Pause Young (Allocation Failure) 1163M->931M(1820M) 16.809ms
[81.314s][info][gc,cpu         ] GC(131) User=0.52s Sys=0.00s Real=0.02s
[82.980s][info][gc,start       ] GC(132) Pause Young (System.gc())
[82.981s][info][gc,heap        ] GC(132) PSYoungGen: 218487K(465920K)->96K(465920K) Eden: 215863K(232960K)->0K(232960K) From: 2624K(232960K)->96K(232960K)
[82.981s][info][gc,heap        ] GC(132) ParOldGen: 951493K(1398272K)->951493K(1398272K)
[82.981s][info][gc,metaspace   ] GC(132) Metaspace: 16706K(17536K)->16706K(17536K) NonClass: 14279K(14784K)->14279K(14784K) Class: 2426K(2752K)->2426K(2752K)
[82.981s][info][gc             ] GC(132) Pause Young (System.gc()) 1142M->929M(1820M) 1.761ms
[82.981s][info][gc,cpu         ] GC(132) User=0.02s Sys=0.00s Real=0.02s
[82.982s][info][gc,start       ] GC(133) Pause Full (System.gc())
[82.982s][info][gc,phases,start] GC(133) Marking Phase
[82.997s][info][gc,phases      ] GC(133) Marking Phase 14.907ms
[82.997s][info][gc,phases,start] GC(133) Summary Phase
[82.997s][info][gc,phases      ] GC(133) Summary Phase 0.024ms
[82.997s][info][gc,phases,start] GC(133) Adjust Roots
[82.999s][info][gc,phases      ] GC(133) Adjust Roots 2.257ms
[82.999s][info][gc,phases,start] GC(133) Compaction Phase
[83.004s][info][gc,phases      ] GC(133) Compaction Phase 5.042ms
[83.004s][info][gc,phases,start] GC(133) Post Compact
[83.010s][info][gc,phases      ] GC(133) Post Compact 6.140ms
[83.010s][info][gc,heap        ] GC(133) PSYoungGen: 96K(465920K)->0K(465920K) Eden: 0K(232960K)->0K(232960K) From: 96K(232960K)->0K(232960K)
[83.010s][info][gc,heap        ] GC(133) ParOldGen: 951493K(1398272K)->15330K(1398272K)
[83.010s][info][gc,metaspace   ] GC(133) Metaspace: 16706K(17536K)->16706K(17536K) NonClass: 14279K(14784K)->14279K(14784K) Class: 2426K(2752K)->2426K(2752K)
[83.010s][info][gc             ] GC(133) Pause Full (System.gc()) 929M->14M(1820M) 28.713ms
[83.010s][info][gc,cpu         ] GC(133) User=0.02s Sys=0.00s Real=0.02s
[84.836s][info][gc,start       ] GC(134) Pause Young (Allocation Failure)
[84.837s][info][gc,heap        ] GC(134) PSYoungGen: 232960K(465920K)->2080K(465920K) Eden: 232960K(232960K)->0K(232960K) From: 0K(232960K)->2080K(232960K)
[84.837s][info][gc,heap        ] GC(134) ParOldGen: 15330K(1398272K)->15330K(1398272K)
[84.837s][info][gc,metaspace   ] GC(134) Metaspace: 16709K(17536K)->16709K(17536K) NonClass: 14282K(14784K)->14282K(14784K) Class: 2426K(2752K)->2426K(2752K)
[84.837s][info][gc             ] GC(134) Pause Young (Allocation Failure) 242M->17M(1820M) 0.893ms
[84.837s][info][gc,cpu         ] GC(134) User=0.00s Sys=0.00s Real=0.00s
[84.861s][info][gc,start       ] GC(135) Pause Young (Allocation Failure)
[84.863s][info][gc,heap        ] GC(135) PSYoungGen: 235040K(465920K)->1632K(235008K) Eden: 232960K(232960K)->0K(232960K) From: 2080K(232960K)->1632K(2048K)
[84.863s][info][gc,heap        ] GC(135) ParOldGen: 15330K(1398272K)->15850K(1398272K)
[84.863s][info][gc,metaspace   ] GC(135) Metaspace: 16709K(17536K)->16709K(17536K) NonClass: 14282K(14784K)->14282K(14784K) Class: 2426K(2752K)->2426K(2752K)
[84.863s][info][gc             ] GC(135) Pause Young (Allocation Failure) 244M->17M(1595M) 2.002ms
[84.863s][info][gc,cpu         ] GC(135) User=0.00s Sys=0.00s Real=0.00s
[84.887s][info][gc,start       ] GC(136) Pause Young (Allocation Failure)
[84.888s][info][gc,heap        ] GC(136) PSYoungGen: 234592K(235008K)->1664K(466432K) Eden: 232960K(232960K)->0K(241664K) From: 1632K(2048K)->1664K(224768K)
[84.888s][info][gc,heap        ] GC(136) ParOldGen: 15850K(1398272K)->16098K(1398272K)
[84.888s][info][gc,metaspace   ] GC(136) Metaspace: 16709K(17536K)->16709K(17536K) NonClass: 14282K(14784K)->14282K(14784K) Class: 2426K(2752K)->2426K(2752K)
[84.888s][info][gc             ] GC(136) Pause Young (Allocation Failure) 244M->17M(1821M) 0.904ms
[84.888s][info][gc,cpu         ] GC(136) User=0.00s Sys=0.00s Real=0.00s
[84.914s][info][gc,start       ] GC(137) Pause Young (Allocation Failure)
[84.916s][info][gc,heap        ] GC(137) PSYoungGen: 243328K(466432K)->1632K(457728K) Eden: 241664K(241664K)->0K(241664K) From: 1664K(224768K)->1632K(216064K)
[84.916s][info][gc,heap        ] GC(137) ParOldGen: 16098K(1398272K)->16362K(1398272K)
[84.916s][info][gc,metaspace   ] GC(137) Metaspace: 16709K(17536K)->16709K(17536K) NonClass: 14282K(14784K)->14282K(14784K) Class: 2426K(2752K)->2426K(2752K)
[84.916s][info][gc             ] GC(137) Pause Young (Allocation Failure) 253M->17M(1812M) 2.118ms
[84.916s][info][gc,cpu         ] GC(137) User=0.00s Sys=0.00s Real=0.00s
[84.942s][info][gc,start       ] GC(138) Pause Young (Allocation Failure)
[84.943s][info][gc,heap        ] GC(138) PSYoungGen: 243296K(457728K)->1600K(473088K) Eden: 241664K(241664K)->0K(267776K) From: 1632K(216064K)->1600K(205312K)
[84.943s][info][gc,heap        ] GC(138) ParOldGen: 16362K(1398272K)->16666K(1398272K)
[84.943s][info][gc,metaspace   ] GC(138) Metaspace: 16709K(17536K)->16709K(17536K) NonClass: 14282K(14784K)->14282K(14784K) Class: 2426K(2752K)->2426K(2752K)
[84.943s][info][gc             ] GC(138) Pause Young (Allocation Failure) 253M->17M(1827M) 1.045ms
[84.943s][info][gc,cpu         ] GC(138) User=0.00s Sys=0.00s Real=0.00s
[84.972s][info][gc,start       ] GC(139) Pause Young (Allocation Failure)
[84.972s][info][gc,heap        ] GC(139) PSYoungGen: 269376K(473088K)->1728K(464896K) Eden: 267776K(267776K)->0K(267776K) From: 1600K(205312K)->1728K(197120K)
[84.972s][info][gc,heap        ] GC(139) ParOldGen: 16666K(1398272K)->16898K(1398272K)
[84.972s][info][gc,metaspace   ] GC(139) Metaspace: 16709K(17536K)->16709K(17536K) NonClass: 14282K(14784K)->14282K(14784K) Class: 2426K(2752K)->2426K(2752K)
[84.973s][info][gc             ] GC(139) Pause Young (Allocation Failure) 279M->18M(1819M) 0.844ms
[84.973s][info][gc,cpu         ] GC(139) User=0.00s Sys=0.00s Real=0.00s
[85.001s][info][gc,start       ] GC(140) Pause Young (Allocation Failure)
[85.002s][info][gc,heap        ] GC(140) PSYoungGen: 269504K(464896K)->1472K(492544K) Eden: 267776K(267776K)->0K(305664K) From: 1728K(197120K)->1472K(186880K)
[85.002s][info][gc,heap        ] GC(140) ParOldGen: 16898K(1398272K)->17178K(1398272K)
[85.002s][info][gc,metaspace   ] GC(140) Metaspace: 16709K(17536K)->16709K(17536K) NonClass: 14282K(14784K)->14282K(14784K) Class: 2426K(2752K)->2426K(2752K)
[85.002s][info][gc             ] GC(140) Pause Young (Allocation Failure) 279M->18M(1846M) 0.823ms
[85.002s][info][gc,cpu         ] GC(140) User=0.00s Sys=0.00s Real=0.00s
[85.035s][info][gc,start       ] GC(141) Pause Young (Allocation Failure)
[85.036s][info][gc,heap        ] GC(141) PSYoungGen: 307136K(492544K)->1888K(483840K) Eden: 305664K(305664K)->0K(305664K) From: 1472K(186880K)->1888K(178176K)
[85.036s][info][gc,heap        ] GC(141) ParOldGen: 17178K(1398272K)->17330K(1398272K)
[85.036s][info][gc,metaspace   ] GC(141) Metaspace: 16709K(17536K)->16709K(17536K) NonClass: 14282K(14784K)->14282K(14784K) Class: 2426K(2752K)->2426K(2752K)
[85.036s][info][gc             ] GC(141) Pause Young (Allocation Failure) 316M->18M(1838M) 0.812ms
[85.036s][info][gc,cpu         ] GC(141) User=0.00s Sys=0.00s Real=0.00s
[85.069s][info][gc,start       ] GC(142) Pause Young (Allocation Failure)
[85.070s][info][gc,heap        ] GC(142) PSYoungGen: 307552K(483840K)->1632K(510976K) Eden: 305664K(305664K)->0K(343552K) From: 1888K(178176K)->1632K(167424K)
[85.070s][info][gc,heap        ] GC(142) ParOldGen: 17330K(1398272K)->17602K(1398272K)
[85.070s][info][gc,metaspace   ] GC(142) Metaspace: 16709K(17536K)->16709K(17536K) NonClass: 14282K(14784K)->14282K(14784K) Class: 2426K(2752K)->2426K(2752K)
[85.070s][info][gc             ] GC(142) Pause Young (Allocation Failure) 317M->18M(1864M) 0.902ms
[85.070s][info][gc,cpu         ] GC(142) User=0.00s Sys=0.00s Real=0.00s
[85.107s][info][gc,start       ] GC(143) Pause Young (Allocation Failure)
[85.108s][info][gc,heap        ] GC(143) PSYoungGen: 345184K(510976K)->1888K(502272K) Eden: 343552K(343552K)->0K(343552K) From: 1632K(167424K)->1888K(158720K)
[85.108s][info][gc,heap        ] GC(143) ParOldGen: 17602K(1398272K)->17874K(1398272K)
[85.108s][info][gc,metaspace   ] GC(143) Metaspace: 16709K(17536K)->16709K(17536K) NonClass: 14282K(14784K)->14282K(14784K) Class: 2426K(2752K)->2426K(2752K)
[85.108s][info][gc             ] GC(143) Pause Young (Allocation Failure) 354M->19M(1856M) 0.886ms
[85.108s][info][gc,cpu         ] GC(143) User=0.00s Sys=0.00s Real=0.00s
[85.145s][info][gc,start       ] GC(144) Pause Young (Allocation Failure)
[85.146s][info][gc,heap        ] GC(144) PSYoungGen: 345440K(502272K)->1472K(530944K) Eden: 343552K(343552K)->0K(381440K) From: 1888K(158720K)->1472K(149504K)
[85.146s][info][gc,heap        ] GC(144) ParOldGen: 17874K(1398272K)->18122K(1398272K)
[85.146s][info][gc,metaspace   ] GC(144) Metaspace: 16709K(17536K)->16709K(17536K) NonClass: 14282K(14784K)->14282K(14784K) Class: 2426K(2752K)->2426K(2752K)
[85.146s][info][gc             ] GC(144) Pause Young (Allocation Failure) 354M->19M(1884M) 0.802ms
[85.146s][info][gc,cpu         ] GC(144) User=0.00s Sys=0.00s Real=0.00s
[85.232s][info][gc,start       ] GC(145) Pause Young (Allocation Failure)
[85.251s][info][gc,heap        ] GC(145) PSYoungGen: 382912K(530944K)->69859K(522240K) Eden: 381440K(381440K)->0K(381440K) From: 1472K(149504K)->69859K(140800K)
[85.251s][info][gc,heap        ] GC(145) ParOldGen: 18122K(1398272K)->18202K(1398272K)
[85.251s][info][gc,metaspace   ] GC(145) Metaspace: 16709K(17536K)->16709K(17536K) NonClass: 14282K(14784K)->14282K(14784K) Class: 2426K(2752K)->2426K(2752K)
[85.251s][info][gc             ] GC(145) Pause Young (Allocation Failure) 391M->85M(1875M) 18.736ms
[85.251s][info][gc,cpu         ] GC(145) User=0.52s Sys=0.00s Real=0.02s
[85.627s][info][gc,start       ] GC(146) Pause Young (Allocation Failure)
[85.707s][info][gc,heap        ] GC(146) PSYoungGen: 451299K(522240K)->146944K(379904K) Eden: 381440K(381440K)->0K(232960K) From: 69859K(140800K)->146944K(146944K)
[85.707s][info][gc,heap        ] GC(146) ParOldGen: 18202K(1398272K)->183773K(1398272K)
[85.707s][info][gc,metaspace   ] GC(146) Metaspace: 16709K(17536K)->16709K(17536K) NonClass: 14282K(14784K)->14282K(14784K) Class: 2426K(2752K)->2426K(2752K)
[85.707s][info][gc             ] GC(146) Pause Young (Allocation Failure) 458M->322M(1736M) 80.573ms
[85.707s][info][gc,cpu         ] GC(146) User=2.17s Sys=0.41s Real=0.08s
[85.945s][info][gc,start       ] GC(147) Pause Young (Allocation Failure)
[86.011s][info][gc,heap        ] GC(147) PSYoungGen: 379904K(379904K)->151936K(465920K) Eden: 232960K(232960K)->0K(232960K) From: 146944K(146944K)->151936K(232960K)
[86.011s][info][gc,heap        ] GC(147) ParOldGen: 183773K(1398272K)->330333K(1398272K)
[86.011s][info][gc,metaspace   ] GC(147) Metaspace: 16709K(17536K)->16709K(17536K) NonClass: 14282K(14784K)->14282K(14784K) Class: 2426K(2752K)->2426K(2752K)
[86.011s][info][gc             ] GC(147) Pause Young (Allocation Failure) 550M->470M(1820M) 65.657ms
[86.011s][info][gc,cpu         ] GC(147) User=2.06s Sys=0.00s Real=0.06s
[91.901s][info][gc,start       ] GC(148) Pause Young (Allocation Failure)
[91.966s][info][gc,heap        ] GC(148) PSYoungGen: 384896K(465920K)->65952K(465920K) Eden: 232960K(232960K)->0K(232960K) From: 151936K(232960K)->65952K(232960K)
[91.966s][info][gc,heap        ] GC(148) ParOldGen: 330333K(1398272K)->468733K(1398272K)
[91.966s][info][gc,metaspace   ] GC(148) Metaspace: 16709K(17536K)->16709K(17536K) NonClass: 14282K(14784K)->14282K(14784K) Class: 2426K(2752K)->2426K(2752K)
[91.966s][info][gc             ] GC(148) Pause Young (Allocation Failure) 698M->522M(1820M) 64.397ms
[91.966s][info][gc,cpu         ] GC(148) User=2.06s Sys=0.00s Real=0.06s
[92.146s][info][gc,start       ] GC(149) Pause Young (Allocation Failure)
[92.183s][info][gc,heap        ] GC(149) PSYoungGen: 298912K(465920K)->95936K(465920K) Eden: 232960K(232960K)->0K(232960K) From: 65952K(232960K)->95936K(232960K)
[92.184s][info][gc,heap        ] GC(149) ParOldGen: 468733K(1398272K)->532861K(1398272K)
[92.184s][info][gc,metaspace   ] GC(149) Metaspace: 16709K(17536K)->16709K(17536K) NonClass: 14282K(14784K)->14282K(14784K) Class: 2426K(2752K)->2426K(2752K)
[92.184s][info][gc             ] GC(149) Pause Young (Allocation Failure) 749M->614M(1820M) 37.828ms
[92.184s][info][gc,cpu         ] GC(149) User=1.03s Sys=0.00s Real=0.03s
[92.371s][info][gc,start       ] GC(150) Pause Young (Allocation Failure)
[92.419s][info][gc,heap        ] GC(150) PSYoungGen: 328896K(465920K)->96000K(454656K) Eden: 232960K(232960K)->0K(232960K) From: 95936K(232960K)->96000K(221696K)
[92.419s][info][gc,heap        ] GC(150) ParOldGen: 532861K(1398272K)->626125K(1398272K)
[92.419s][info][gc,metaspace   ] GC(150) Metaspace: 16709K(17536K)->16709K(17536K) NonClass: 14282K(14784K)->14282K(14784K) Class: 2426K(2752K)->2426K(2752K)
[92.419s][info][gc             ] GC(150) Pause Young (Allocation Failure) 841M->705M(1809M) 47.548ms
[92.419s][info][gc,cpu         ] GC(150) User=1.55s Sys=0.02s Real=0.06s
[92.609s][info][gc,start       ] GC(151) Pause Young (Allocation Failure)
[92.653s][info][gc,heap        ] GC(151) PSYoungGen: 328960K(454656K)->96000K(460288K) Eden: 232960K(232960K)->0K(232960K) From: 96000K(221696K)->96000K(227328K)
[92.653s][info][gc,heap        ] GC(151) ParOldGen: 626125K(1398272K)->718821K(1398272K)
[92.653s][info][gc,metaspace   ] GC(151) Metaspace: 16709K(17536K)->16709K(17536K) NonClass: 14282K(14784K)->14282K(14784K) Class: 2426K(2752K)->2426K(2752K)
[92.653s][info][gc             ] GC(151) Pause Young (Allocation Failure) 932M->795M(1815M) 44.264ms
[92.653s][info][gc,cpu         ] GC(151) User=1.03s Sys=0.00s Real=0.03s
[92.898s][info][gc,start       ] GC(152) Pause Young (Allocation Failure)
[92.956s][info][gc,heap        ] GC(152) PSYoungGen: 328960K(460288K)->194376K(454144K) Eden: 232960K(232960K)->0K(232960K) From: 96000K(227328K)->194376K(221184K)
[92.956s][info][gc,heap        ] GC(152) ParOldGen: 718821K(1398272K)->811069K(1398272K)
[92.956s][info][gc,metaspace   ] GC(152) Metaspace: 16709K(17536K)->16709K(17536K) NonClass: 14282K(14784K)->14282K(14784K) Class: 2426K(2752K)->2426K(2752K)
[92.956s][info][gc             ] GC(152) Pause Young (Allocation Failure) 1023M->981M(1809M) 57.922ms
[92.956s][info][gc,cpu         ] GC(152) User=2.06s Sys=0.00s Real=0.06s
[93.609s][info][gc,start       ] GC(153) Pause Young (Allocation Failure)
[93.664s][info][gc,heap        ] GC(153) PSYoungGen: 427336K(454144K)->36192K(465920K) Eden: 232960K(232960K)->0K(232960K) From: 194376K(221184K)->36192K(232960K)
[93.664s][info][gc,heap        ] GC(153) ParOldGen: 811069K(1398272K)->935419K(1398272K)
[93.664s][info][gc,metaspace   ] GC(153) Metaspace: 16709K(17536K)->16709K(17536K) NonClass: 14282K(14784K)->14282K(14784K) Class: 2426K(2752K)->2426K(2752K)
[93.664s][info][gc             ] GC(153) Pause Young (Allocation Failure) 1209M->948M(1820M) 55.202ms
[93.664s][info][gc,cpu         ] GC(153) User=2.06s Sys=0.00s Real=0.06s
[94.011s][info][gc,start       ] GC(154) Pause Young (Allocation Failure)
[94.033s][info][gc,heap        ] GC(154) PSYoungGen: 269152K(465920K)->2784K(465920K) Eden: 232960K(232960K)->0K(232960K) From: 36192K(232960K)->2784K(232960K)
[94.033s][info][gc,heap        ] GC(154) ParOldGen: 935419K(1398272K)->950251K(1398272K)
[94.033s][info][gc,metaspace   ] GC(154) Metaspace: 16709K(17536K)->16709K(17536K) NonClass: 14282K(14784K)->14282K(14784K) Class: 2426K(2752K)->2426K(2752K)
[94.033s][info][gc             ] GC(154) Pause Young (Allocation Failure) 1176M->930M(1820M) 22.429ms
[94.033s][info][gc,cpu         ] GC(154) User=1.03s Sys=0.00s Real=0.03s
[95.642s][info][gc,start       ] GC(155) Pause Young (Allocation Failure)
[95.644s][info][gc,heap        ] GC(155) PSYoungGen: 235744K(465920K)->2688K(465920K) Eden: 232960K(232960K)->0K(232960K) From: 2784K(232960K)->2688K(232960K)
[95.644s][info][gc,heap        ] GC(155) ParOldGen: 950251K(1398272K)->950251K(1398272K)
[95.644s][info][gc,metaspace   ] GC(155) Metaspace: 16709K(17536K)->16709K(17536K) NonClass: 14282K(14784K)->14282K(14784K) Class: 2426K(2752K)->2426K(2752K)
[95.644s][info][gc             ] GC(155) Pause Young (Allocation Failure) 1158M->930M(1820M) 2.190ms
[95.644s][info][gc,cpu         ] GC(155) User=0.00s Sys=0.00s Real=0.00s
[95.779s][info][gc,start       ] GC(156) Pause Young (System.gc())
[95.780s][info][gc,heap        ] GC(156) PSYoungGen: 13073K(465920K)->160K(458752K) Eden: 10385K(232960K)->0K(232960K) From: 2688K(232960K)->160K(225792K)
[95.780s][info][gc,heap        ] GC(156) ParOldGen: 950251K(1398272K)->950307K(1398272K)
[95.780s][info][gc,metaspace   ] GC(156) Metaspace: 16711K(17536K)->16711K(17536K) NonClass: 14284K(14784K)->14284K(14784K) Class: 2426K(2752K)->2426K(2752K)
[95.780s][info][gc             ] GC(156) Pause Young (System.gc()) 940M->928M(1813M) 1.736ms
[95.781s][info][gc,cpu         ] GC(156) User=0.00s Sys=0.00s Real=0.00s
[95.781s][info][gc,start       ] GC(157) Pause Full (System.gc())
[95.781s][info][gc,phases,start] GC(157) Marking Phase
[95.798s][info][gc,phases      ] GC(157) Marking Phase 17.598ms
[95.798s][info][gc,phases,start] GC(157) Summary Phase
[95.798s][info][gc,phases      ] GC(157) Summary Phase 0.033ms
[95.798s][info][gc,phases,start] GC(157) Adjust Roots
[95.803s][info][gc,phases      ] GC(157) Adjust Roots 5.052ms
[95.803s][info][gc,phases,start] GC(157) Compaction Phase
[95.809s][info][gc,phases      ] GC(157) Compaction Phase 5.256ms
[95.809s][info][gc,phases,start] GC(157) Post Compact
[95.815s][info][gc,phases      ] GC(157) Post Compact 5.892ms
[95.815s][info][gc,heap        ] GC(157) PSYoungGen: 160K(458752K)->0K(458752K) Eden: 0K(232960K)->0K(232960K) From: 160K(225792K)->0K(225792K)
[95.815s][info][gc,heap        ] GC(157) ParOldGen: 950307K(1398272K)->17056K(1398272K)
[95.815s][info][gc,metaspace   ] GC(157) Metaspace: 16711K(17536K)->16711K(17536K) NonClass: 14284K(14784K)->14284K(14784K) Class: 2426K(2752K)->2426K(2752K)
[95.815s][info][gc             ] GC(157) Pause Full (System.gc()) 928M->16M(1813M) 34.138ms
[95.815s][info][gc,cpu         ] GC(157) User=0.53s Sys=0.00s Real=0.03s
[97.551s][info][gc,start       ] GC(158) Pause Young (Allocation Failure)
[97.552s][info][gc,heap        ] GC(158) PSYoungGen: 232960K(458752K)->2144K(462336K) Eden: 232960K(232960K)->0K(232960K) From: 0K(225792K)->2144K(229376K)
[97.552s][info][gc,heap        ] GC(158) ParOldGen: 17056K(1398272K)->17056K(1398272K)
[97.552s][info][gc,metaspace   ] GC(158) Metaspace: 16713K(17536K)->16713K(17536K) NonClass: 14286K(14784K)->14286K(14784K) Class: 2426K(2752K)->2426K(2752K)
[97.552s][info][gc             ] GC(158) Pause Young (Allocation Failure) 244M->18M(1817M) 1.037ms
[97.552s][info][gc,cpu         ] GC(158) User=0.00s Sys=0.00s Real=0.00s
[97.577s][info][gc,start       ] GC(159) Pause Young (Allocation Failure)
[97.579s][info][gc,heap        ] GC(159) PSYoungGen: 235104K(462336K)->1632K(456704K) Eden: 232960K(232960K)->0K(247296K) From: 2144K(229376K)->1632K(209408K)
[97.579s][info][gc,heap        ] GC(159) ParOldGen: 17056K(1398272K)->17584K(1398272K)
[97.579s][info][gc,metaspace   ] GC(159) Metaspace: 16713K(17536K)->16713K(17536K) NonClass: 14286K(14784K)->14286K(14784K) Class: 2426K(2752K)->2426K(2752K)
[97.579s][info][gc             ] GC(159) Pause Young (Allocation Failure) 246M->18M(1811M) 2.272ms
[97.579s][info][gc,cpu         ] GC(159) User=0.00s Sys=0.00s Real=0.00s
[97.605s][info][gc,start       ] GC(160) Pause Young (Allocation Failure)
[97.605s][info][gc,heap        ] GC(160) PSYoungGen: 248928K(456704K)->1600K(461312K) Eden: 247296K(247296K)->0K(247296K) From: 1632K(209408K)->1600K(214016K)
[97.606s][info][gc,heap        ] GC(160) ParOldGen: 17584K(1398272K)->17832K(1398272K)
[97.606s][info][gc,metaspace   ] GC(160) Metaspace: 16713K(17536K)->16713K(17536K) NonClass: 14286K(14784K)->14286K(14784K) Class: 2426K(2752K)->2426K(2752K)
[97.606s][info][gc             ] GC(160) Pause Young (Allocation Failure) 260M->18M(1816M) 0.922ms
[97.606s][info][gc,cpu         ] GC(160) User=0.00s Sys=0.00s Real=0.00s
[97.632s][info][gc,start       ] GC(161) Pause Young (Allocation Failure)
[97.633s][info][gc,heap        ] GC(161) PSYoungGen: 248896K(461312K)->1824K(470528K) Eden: 247296K(247296K)->0K(279552K) From: 1600K(214016K)->1824K(190976K)
[97.633s][info][gc,heap        ] GC(161) ParOldGen: 17832K(1398272K)->18088K(1398272K)
[97.633s][info][gc,metaspace   ] GC(161) Metaspace: 16713K(17536K)->16713K(17536K) NonClass: 14286K(14784K)->14286K(14784K) Class: 2426K(2752K)->2426K(2752K)
[97.633s][info][gc             ] GC(161) Pause Young (Allocation Failure) 260M->19M(1825M) 1.323ms
[97.633s][info][gc,cpu         ] GC(161) User=0.00s Sys=0.00s Real=0.00s
[97.662s][info][gc,start       ] GC(162) Pause Young (Allocation Failure)
[97.663s][info][gc,heap        ] GC(162) PSYoungGen: 281376K(470528K)->1536K(475648K) Eden: 279552K(279552K)->0K(279552K) From: 1824K(190976K)->1536K(196096K)
[97.663s][info][gc,heap        ] GC(162) ParOldGen: 18088K(1398272K)->18368K(1398272K)
[97.663s][info][gc,metaspace   ] GC(162) Metaspace: 16713K(17536K)->16713K(17536K) NonClass: 14286K(14784K)->14286K(14784K) Class: 2426K(2752K)->2426K(2752K)
[97.663s][info][gc             ] GC(162) Pause Young (Allocation Failure) 292M->19M(1830M) 0.991ms
[97.663s][info][gc,cpu         ] GC(162) User=0.00s Sys=0.00s Real=0.01s
[97.692s][info][gc,start       ] GC(163) Pause Young (Allocation Failure)
[97.693s][info][gc,heap        ] GC(163) PSYoungGen: 281088K(475648K)->1728K(488448K) Eden: 279552K(279552K)->0K(315904K) From: 1536K(196096K)->1728K(172544K)
[97.693s][info][gc,heap        ] GC(163) ParOldGen: 18368K(1398272K)->18616K(1398272K)
[97.693s][info][gc,metaspace   ] GC(163) Metaspace: 16713K(17536K)->16713K(17536K) NonClass: 14286K(14784K)->14286K(14784K) Class: 2426K(2752K)->2426K(2752K)
[97.693s][info][gc             ] GC(163) Pause Young (Allocation Failure) 292M->19M(1842M) 0.967ms
[97.693s][info][gc,cpu         ] GC(163) User=0.00s Sys=0.00s Real=0.00s
[97.726s][info][gc,start       ] GC(164) Pause Young (Allocation Failure)
[97.727s][info][gc,heap        ] GC(164) PSYoungGen: 317632K(488448K)->1760K(493568K) Eden: 315904K(315904K)->0K(315904K) From: 1728K(172544K)->1760K(177664K)
[97.727s][info][gc,heap        ] GC(164) ParOldGen: 18616K(1398272K)->18880K(1398272K)
[97.727s][info][gc,metaspace   ] GC(164) Metaspace: 16713K(17536K)->16713K(17536K) NonClass: 14286K(14784K)->14286K(14784K) Class: 2426K(2752K)->2426K(2752K)
[97.727s][info][gc             ] GC(164) Pause Young (Allocation Failure) 328M->20M(1847M) 0.929ms
[97.727s][info][gc,cpu         ] GC(164) User=0.00s Sys=0.00s Real=0.00s
[97.761s][info][gc,start       ] GC(165) Pause Young (Allocation Failure)
[97.761s][info][gc,heap        ] GC(165) PSYoungGen: 317664K(493568K)->1792K(506880K) Eden: 315904K(315904K)->0K(352768K) From: 1760K(177664K)->1792K(154112K)
[97.761s][info][gc,heap        ] GC(165) ParOldGen: 18880K(1398272K)->19128K(1398272K)
[97.762s][info][gc,metaspace   ] GC(165) Metaspace: 16713K(17536K)->16713K(17536K) NonClass: 14286K(14784K)->14286K(14784K) Class: 2426K(2752K)->2426K(2752K)
[97.762s][info][gc             ] GC(165) Pause Young (Allocation Failure) 328M->20M(1860M) 0.879ms
[97.762s][info][gc,cpu         ] GC(165) User=0.00s Sys=0.00s Real=0.00s
[97.798s][info][gc,start       ] GC(166) Pause Young (Allocation Failure)
[97.799s][info][gc,heap        ] GC(166) PSYoungGen: 354560K(506880K)->1696K(512000K) Eden: 352768K(352768K)->0K(352768K) From: 1792K(154112K)->1696K(159232K)
[97.799s][info][gc,heap        ] GC(166) ParOldGen: 19128K(1398272K)->19376K(1398272K)
[97.799s][info][gc,metaspace   ] GC(166) Metaspace: 16713K(17536K)->16713K(17536K) NonClass: 14286K(14784K)->14286K(14784K) Class: 2426K(2752K)->2426K(2752K)
[97.799s][info][gc             ] GC(166) Pause Young (Allocation Failure) 364M->20M(1865M) 0.926ms
[97.799s][info][gc,cpu         ] GC(166) User=0.00s Sys=0.00s Real=0.00s
[97.836s][info][gc,start       ] GC(167) Pause Young (Allocation Failure)
[97.836s][info][gc,heap        ] GC(167) PSYoungGen: 354463K(512000K)->1632K(526336K) Eden: 352767K(352768K)->0K(389632K) From: 1696K(159232K)->1632K(136704K)
[97.836s][info][gc,heap        ] GC(167) ParOldGen: 19376K(1398272K)->19600K(1398272K)
[97.836s][info][gc,metaspace   ] GC(167) Metaspace: 16713K(17536K)->16713K(17536K) NonClass: 14286K(14784K)->14286K(14784K) Class: 2426K(2752K)->2426K(2752K)
[97.836s][info][gc             ] GC(167) Pause Young (Allocation Failure) 365M->20M(1879M) 0.831ms
[97.836s][info][gc,cpu         ] GC(167) User=0.00s Sys=0.00s Real=0.00s
[97.878s][info][gc,start       ] GC(168) Pause Young (Allocation Failure)
[97.878s][info][gc,heap        ] GC(168) PSYoungGen: 391264K(526336K)->1504K(530944K) Eden: 389632K(389632K)->0K(389632K) From: 1632K(136704K)->1504K(141312K)
[97.878s][info][gc,heap        ] GC(168) ParOldGen: 19600K(1398272K)->19720K(1398272K)
[97.878s][info][gc,metaspace   ] GC(168) Metaspace: 16713K(17536K)->16713K(17536K) NonClass: 14286K(14784K)->14286K(14784K) Class: 2426K(2752K)->2426K(2752K)
[97.878s][info][gc             ] GC(168) Pause Young (Allocation Failure) 401M->20M(1884M) 0.861ms
[97.878s][info][gc,cpu         ] GC(168) User=0.00s Sys=0.00s Real=0.00s
[98.170s][info][gc,start       ] GC(169) Pause Young (Allocation Failure)
[98.227s][info][gc,heap        ] GC(169) PSYoungGen: 391136K(530944K)->132579K(440320K) Eden: 389632K(389632K)->0K(307712K) From: 1504K(141312K)->132579K(132608K)
[98.227s][info][gc,heap        ] GC(169) ParOldGen: 19720K(1398272K)->106984K(1398272K)
[98.227s][info][gc,metaspace   ] GC(169) Metaspace: 16713K(17536K)->16713K(17536K) NonClass: 14286K(14784K)->14286K(14784K) Class: 2426K(2752K)->2426K(2752K)
[98.227s][info][gc             ] GC(169) Pause Young (Allocation Failure) 401M->233M(1795M) 56.599ms
[98.227s][info][gc,cpu         ] GC(169) User=1.61s Sys=0.45s Real=0.06s
[98.538s][info][gc,start       ] GC(170) Pause Young (Allocation Failure)
[98.601s][info][gc,heap        ] GC(170) PSYoungGen: 440291K(440320K)->195584K(503296K) Eden: 307712K(307712K)->0K(307712K) From: 132579K(132608K)->195584K(195584K)
[98.610s][info][gc,heap        ] GC(170) ParOldGen: 106984K(1398272K)->243307K(1398272K)
[98.610s][info][gc,metaspace   ] GC(170) Metaspace: 16713K(17536K)->16713K(17536K) NonClass: 14286K(14784K)->14286K(14784K) Class: 2426K(2752K)->2426K(2752K)
[98.610s][info][gc             ] GC(170) Pause Young (Allocation Failure) 534M->428M(1857M) 71.709ms
[98.610s][info][gc,cpu         ] GC(170) User=2.06s Sys=0.00s Real=0.08s
[104.839s][info][gc,start       ] GC(171) Pause Young (Allocation Failure)
[104.917s][info][gc,heap        ] GC(171) PSYoungGen: 503296K(503296K)->105536K(428544K) Eden: 307712K(307712K)->0K(232960K) From: 195584K(195584K)->105536K(195584K)
[104.917s][info][gc,heap        ] GC(171) ParOldGen: 243307K(1398272K)->422187K(1398272K)
[104.917s][info][gc,metaspace   ] GC(171) Metaspace: 16713K(17536K)->16713K(17536K) NonClass: 14286K(14784K)->14286K(14784K) Class: 2426K(2752K)->2426K(2752K)
[104.917s][info][gc             ] GC(171) Pause Young (Allocation Failure) 729M->515M(1784M) 78.314ms
[104.917s][info][gc,cpu         ] GC(171) User=2.58s Sys=0.00s Real=0.08s
[105.105s][info][gc,start       ] GC(172) Pause Young (Allocation Failure)
[105.156s][info][gc,heap        ] GC(172) PSYoungGen: 338496K(428544K)->99264K(465920K) Eden: 232960K(232960K)->0K(232960K) From: 105536K(195584K)->99264K(232960K)
[105.156s][info][gc,heap        ] GC(172) ParOldGen: 422187K(1398272K)->526139K(1398272K)
[105.156s][info][gc,metaspace   ] GC(172) Metaspace: 16713K(17536K)->16713K(17536K) NonClass: 14286K(14784K)->14286K(14784K) Class: 2426K(2752K)->2426K(2752K)
[105.156s][info][gc             ] GC(172) Pause Young (Allocation Failure) 742M->610M(1820M) 50.271ms
[105.156s][info][gc,cpu         ] GC(172) User=1.55s Sys=0.00s Real=0.05s
[105.351s][info][gc,start       ] GC(173) Pause Young (Allocation Failure)
[105.398s][info][gc,heap        ] GC(173) PSYoungGen: 332224K(465920K)->99232K(465920K) Eden: 232960K(232960K)->0K(232960K) From: 99264K(232960K)->99232K(232960K)
[105.398s][info][gc,heap        ] GC(173) ParOldGen: 526139K(1398272K)->622675K(1398272K)
[105.398s][info][gc,metaspace   ] GC(173) Metaspace: 16713K(17536K)->16713K(17536K) NonClass: 14286K(14784K)->14286K(14784K) Class: 2426K(2752K)->2426K(2752K)
[105.398s][info][gc             ] GC(173) Pause Young (Allocation Failure) 838M->704M(1820M) 47.750ms
[105.398s][info][gc,cpu         ] GC(173) User=1.55s Sys=0.00s Real=0.05s
[105.597s][info][gc,start       ] GC(174) Pause Young (Allocation Failure)
[105.642s][info][gc,heap        ] GC(174) PSYoungGen: 332192K(465920K)->99040K(465920K) Eden: 232960K(232960K)->0K(232960K) From: 99232K(232960K)->99040K(232960K)
[105.642s][info][gc,heap        ] GC(174) ParOldGen: 622675K(1398272K)->718499K(1398272K)
[105.642s][info][gc,metaspace   ] GC(174) Metaspace: 16713K(17536K)->16713K(17536K) NonClass: 14286K(14784K)->14286K(14784K) Class: 2426K(2752K)->2426K(2752K)
[105.642s][info][gc             ] GC(174) Pause Young (Allocation Failure) 932M->798M(1820M) 44.946ms
[105.642s][info][gc,cpu         ] GC(174) User=1.55s Sys=0.00s Real=0.05s
[105.922s][info][gc,start       ] GC(175) Pause Young (Allocation Failure)
[105.990s][info][gc,heap        ] GC(175) PSYoungGen: 332000K(465920K)->205256K(465920K) Eden: 232960K(232960K)->0K(232960K) From: 99040K(232960K)->205256K(232960K)
[105.990s][info][gc,heap        ] GC(175) ParOldGen: 718499K(1398272K)->813883K(1398272K)
[105.990s][info][gc,metaspace   ] GC(175) Metaspace: 16713K(17536K)->16713K(17536K) NonClass: 14286K(14784K)->14286K(14784K) Class: 2426K(2752K)->2426K(2752K)
[105.990s][info][gc             ] GC(175) Pause Young (Allocation Failure) 1025M->995M(1820M) 68.474ms
[105.990s][info][gc,cpu         ] GC(175) User=2.58s Sys=0.00s Real=0.08s
[106.710s][info][gc,start       ] GC(176) Pause Young (Allocation Failure)
[106.762s][info][gc,heap        ] GC(176) PSYoungGen: 438216K(465920K)->22272K(465920K) Eden: 232960K(232960K)->0K(232960K) From: 205256K(232960K)->22272K(232960K)
[106.762s][info][gc,heap        ] GC(176) ParOldGen: 813883K(1398272K)->920413K(1398272K)
[106.762s][info][gc,metaspace   ] GC(176) Metaspace: 16713K(17536K)->16713K(17536K) NonClass: 14286K(14784K)->14286K(14784K) Class: 2426K(2752K)->2426K(2752K)
[106.762s][info][gc             ] GC(176) Pause Young (Allocation Failure) 1222M->920M(1820M) 52.207ms
[106.762s][info][gc,cpu         ] GC(176) User=1.84s Sys=0.03s Real=0.06s
[107.145s][info][gc,start       ] GC(177) Pause Young (Allocation Failure)
[107.159s][info][gc,heap        ] GC(177) PSYoungGen: 255232K(465920K)->2336K(465920K) Eden: 232960K(232960K)->0K(232960K) From: 22272K(232960K)->2336K(232960K)
[107.159s][info][gc,heap        ] GC(177) ParOldGen: 920413K(1398272K)->930949K(1398272K)
[107.159s][info][gc,metaspace   ] GC(177) Metaspace: 16713K(17536K)->16713K(17536K) NonClass: 14286K(14784K)->14286K(14784K) Class: 2426K(2752K)->2426K(2752K)
[107.159s][info][gc             ] GC(177) Pause Young (Allocation Failure) 1148M->911M(1820M) 13.857ms
[107.159s][info][gc,cpu         ] GC(177) User=0.52s Sys=0.00s Real=0.01s
[108.767s][info][gc,start       ] GC(178) Pause Young (System.gc())
[108.768s][info][gc,heap        ] GC(178) PSYoungGen: 178670K(465920K)->96K(465920K) Eden: 176334K(232960K)->0K(232960K) From: 2336K(232960K)->96K(232960K)
[108.768s][info][gc,heap        ] GC(178) ParOldGen: 930949K(1398272K)->930949K(1398272K)
[108.769s][info][gc,metaspace   ] GC(178) Metaspace: 16715K(17536K)->16715K(17536K) NonClass: 14288K(14784K)->14288K(14784K) Class: 2426K(2752K)->2426K(2752K)
[108.769s][info][gc             ] GC(178) Pause Young (System.gc()) 1083M->909M(1820M) 1.651ms
[108.769s][info][gc,cpu         ] GC(178) User=0.00s Sys=0.00s Real=0.00s
[108.769s][info][gc,start       ] GC(179) Pause Full (System.gc())
[108.769s][info][gc,phases,start] GC(179) Marking Phase
[108.785s][info][gc,phases      ] GC(179) Marking Phase 16.425ms
[108.785s][info][gc,phases,start] GC(179) Summary Phase
[108.785s][info][gc,phases      ] GC(179) Summary Phase 0.033ms
[108.785s][info][gc,phases,start] GC(179) Adjust Roots
[108.789s][info][gc,phases      ] GC(179) Adjust Roots 4.040ms
[108.789s][info][gc,phases,start] GC(179) Compaction Phase
[108.797s][info][gc,phases      ] GC(179) Compaction Phase 7.466ms
[108.797s][info][gc,phases,start] GC(179) Post Compact
[108.802s][info][gc,phases      ] GC(179) Post Compact 5.476ms
[108.802s][info][gc,heap        ] GC(179) PSYoungGen: 96K(465920K)->0K(465920K) Eden: 0K(232960K)->0K(232960K) From: 96K(232960K)->0K(232960K)
[108.802s][info][gc,heap        ] GC(179) ParOldGen: 930949K(1398272K)->18705K(1398272K)
[108.802s][info][gc,metaspace   ] GC(179) Metaspace: 16715K(17536K)->16715K(17536K) NonClass: 14288K(14784K)->14288K(14784K) Class: 2426K(2752K)->2426K(2752K)
[108.803s][info][gc             ] GC(179) Pause Full (System.gc()) 909M->18M(1820M) 33.758ms
[108.803s][info][gc,cpu         ] GC(179) User=0.61s Sys=0.25s Real=0.03s
[110.529s][info][gc,start       ] GC(180) Pause Young (Allocation Failure)
[110.530s][info][gc,heap        ] GC(180) PSYoungGen: 232960K(465920K)->2112K(465920K) Eden: 232960K(232960K)->0K(232960K) From: 0K(232960K)->2112K(232960K)
[110.530s][info][gc,heap        ] GC(180) ParOldGen: 18705K(1398272K)->18705K(1398272K)
[110.530s][info][gc,metaspace   ] GC(180) Metaspace: 16715K(17536K)->16715K(17536K) NonClass: 14289K(14784K)->14289K(14784K) Class: 2426K(2752K)->2426K(2752K)
[110.530s][info][gc             ] GC(180) Pause Young (Allocation Failure) 245M->20M(1820M) 1.021ms
[110.530s][info][gc,cpu         ] GC(180) User=0.00s Sys=0.00s Real=0.00s
[110.554s][info][gc,start       ] GC(181) Pause Young (Allocation Failure)
[110.555s][info][gc,heap        ] GC(181) PSYoungGen: 235072K(465920K)->1664K(465920K) Eden: 232960K(232960K)->0K(232960K) From: 2112K(232960K)->1664K(232960K)
[110.555s][info][gc,heap        ] GC(181) ParOldGen: 18705K(1398272K)->19241K(1398272K)
[110.555s][info][gc,metaspace   ] GC(181) Metaspace: 16715K(17536K)->16715K(17536K) NonClass: 14289K(14784K)->14289K(14784K) Class: 2426K(2752K)->2426K(2752K)
[110.555s][info][gc             ] GC(181) Pause Young (Allocation Failure) 247M->20M(1820M) 0.887ms
[110.555s][info][gc,cpu         ] GC(181) User=0.00s Sys=0.00s Real=0.00s
[110.579s][info][gc,start       ] GC(182) Pause Young (Allocation Failure)
[110.580s][info][gc,heap        ] GC(182) PSYoungGen: 234624K(465920K)->1664K(465920K) Eden: 232960K(232960K)->0K(232960K) From: 1664K(232960K)->1664K(232960K)
[110.580s][info][gc,heap        ] GC(182) ParOldGen: 19241K(1398272K)->19473K(1398272K)
[110.580s][info][gc,metaspace   ] GC(182) Metaspace: 16715K(17536K)->16715K(17536K) NonClass: 14289K(14784K)->14289K(14784K) Class: 2426K(2752K)->2426K(2752K)
[110.580s][info][gc             ] GC(182) Pause Young (Allocation Failure) 247M->20M(1820M) 0.801ms
[110.580s][info][gc,cpu         ] GC(182) User=0.00s Sys=0.00s Real=0.00s
[110.604s][info][gc,start       ] GC(183) Pause Young (Allocation Failure)
[110.608s][info][gc,heap        ] GC(183) PSYoungGen: 234624K(465920K)->1760K(235008K) Eden: 232960K(232960K)->0K(232960K) From: 1664K(232960K)->1760K(2048K)
[110.608s][info][gc,heap        ] GC(183) ParOldGen: 19473K(1398272K)->19697K(1398272K)
[110.608s][info][gc,metaspace   ] GC(183) Metaspace: 16715K(17536K)->16715K(17536K) NonClass: 14289K(14784K)->14289K(14784K) Class: 2426K(2752K)->2426K(2752K)
[110.608s][info][gc             ] GC(183) Pause Young (Allocation Failure) 248M->20M(1595M) 3.366ms
[110.608s][info][gc,cpu         ] GC(183) User=0.00s Sys=0.00s Real=0.00s
[110.633s][info][gc,start       ] GC(184) Pause Young (Allocation Failure)
[110.633s][info][gc,heap        ] GC(184) PSYoungGen: 234720K(235008K)->1568K(468480K) Eden: 232960K(232960K)->0K(243200K) From: 1760K(2048K)->1568K(225280K)
[110.633s][info][gc,heap        ] GC(184) ParOldGen: 19697K(1398272K)->19993K(1398272K)
[110.633s][info][gc,metaspace   ] GC(184) Metaspace: 16715K(17536K)->16715K(17536K) NonClass: 14289K(14784K)->14289K(14784K) Class: 2426K(2752K)->2426K(2752K)
[110.633s][info][gc             ] GC(184) Pause Young (Allocation Failure) 248M->21M(1823M) 0.852ms
[110.633s][info][gc,cpu         ] GC(184) User=0.00s Sys=0.00s Real=0.00s
[110.659s][info][gc,start       ] GC(185) Pause Young (Allocation Failure)
[110.661s][info][gc,heap        ] GC(185) PSYoungGen: 244768K(468480K)->1728K(458240K) Eden: 243200K(243200K)->0K(243200K) From: 1568K(225280K)->1728K(215040K)
[110.662s][info][gc,heap        ] GC(185) ParOldGen: 19993K(1398272K)->20233K(1398272K)
[110.662s][info][gc,metaspace   ] GC(185) Metaspace: 16715K(17536K)->16715K(17536K) NonClass: 14289K(14784K)->14289K(14784K) Class: 2426K(2752K)->2426K(2752K)
[110.662s][info][gc             ] GC(185) Pause Young (Allocation Failure) 258M->21M(1813M) 2.664ms
[110.662s][info][gc,cpu         ] GC(185) User=0.00s Sys=0.00s Real=0.00s
[110.687s][info][gc,start       ] GC(186) Pause Young (Allocation Failure)
[110.688s][info][gc,heap        ] GC(186) PSYoungGen: 244928K(458240K)->1696K(473088K) Eden: 243200K(243200K)->0K(269312K) From: 1728K(215040K)->1696K(203776K)
[110.688s][info][gc,heap        ] GC(186) ParOldGen: 20233K(1398272K)->20489K(1398272K)
[110.688s][info][gc,metaspace   ] GC(186) Metaspace: 16715K(17536K)->16715K(17536K) NonClass: 14289K(14784K)->14289K(14784K) Class: 2426K(2752K)->2426K(2752K)
[110.688s][info][gc             ] GC(186) Pause Young (Allocation Failure) 258M->21M(1827M) 0.876ms
[110.688s][info][gc,cpu         ] GC(186) User=0.00s Sys=0.00s Real=0.00s
[110.716s][info][gc,start       ] GC(187) Pause Young (Allocation Failure)
[110.717s][info][gc,heap        ] GC(187) PSYoungGen: 271008K(473088K)->1696K(462848K) Eden: 269312K(269312K)->0K(269312K) From: 1696K(203776K)->1696K(193536K)
[110.717s][info][gc,heap        ] GC(187) ParOldGen: 20489K(1398272K)->20737K(1398272K)
[110.717s][info][gc,metaspace   ] GC(187) Metaspace: 16715K(17536K)->16715K(17536K) NonClass: 14289K(14784K)->14289K(14784K) Class: 2426K(2752K)->2426K(2752K)
[110.717s][info][gc             ] GC(187) Pause Young (Allocation Failure) 284M->21M(1817M) 0.847ms
[110.717s][info][gc,cpu         ] GC(187) User=0.00s Sys=0.00s Real=0.00s
[110.745s][info][gc,start       ] GC(188) Pause Young (Allocation Failure)
[110.746s][info][gc,heap        ] GC(188) PSYoungGen: 271008K(462848K)->1664K(495104K) Eden: 269312K(269312K)->0K(311808K) From: 1696K(193536K)->1664K(183296K)
[110.746s][info][gc,heap        ] GC(188) ParOldGen: 20737K(1398272K)->21025K(1398272K)
[110.746s][info][gc,metaspace   ] GC(188) Metaspace: 16715K(17536K)->16715K(17536K) NonClass: 14289K(14784K)->14289K(14784K) Class: 2426K(2752K)->2426K(2752K)
[110.746s][info][gc             ] GC(188) Pause Young (Allocation Failure) 284M->22M(1849M) 0.807ms
[110.746s][info][gc,cpu         ] GC(188) User=0.00s Sys=0.00s Real=0.00s
[110.779s][info][gc,start       ] GC(189) Pause Young (Allocation Failure)
[110.779s][info][gc,heap        ] GC(189) PSYoungGen: 313472K(495104K)->1696K(484864K) Eden: 311808K(311808K)->0K(311808K) From: 1664K(183296K)->1696K(173056K)
[110.779s][info][gc,heap        ] GC(189) ParOldGen: 21025K(1398272K)->21265K(1398272K)
[110.779s][info][gc,metaspace   ] GC(189) Metaspace: 16715K(17536K)->16715K(17536K) NonClass: 14289K(14784K)->14289K(14784K) Class: 2426K(2752K)->2426K(2752K)
[110.779s][info][gc             ] GC(189) Pause Young (Allocation Failure) 326M->22M(1839M) 0.838ms
[110.779s][info][gc,cpu         ] GC(189) User=0.00s Sys=0.00s Real=0.00s
[110.812s][info][gc,start       ] GC(190) Pause Young (Allocation Failure)
[110.813s][info][gc,heap        ] GC(190) PSYoungGen: 313504K(484864K)->1728K(515072K) Eden: 311808K(311808K)->0K(352256K) From: 1696K(173056K)->1728K(162816K)
[110.813s][info][gc,heap        ] GC(190) ParOldGen: 21265K(1398272K)->21513K(1398272K)
[110.813s][info][gc,metaspace   ] GC(190) Metaspace: 16715K(17536K)->16715K(17536K) NonClass: 14289K(14784K)->14289K(14784K) Class: 2426K(2752K)->2426K(2752K)
[110.813s][info][gc             ] GC(190) Pause Young (Allocation Failure) 326M->22M(1868M) 0.866ms
[110.813s][info][gc,cpu         ] GC(190) User=0.00s Sys=0.00s Real=0.00s
[110.850s][info][gc,start       ] GC(191) Pause Young (Allocation Failure)
[110.851s][info][gc,heap        ] GC(191) PSYoungGen: 353984K(515072K)->1472K(505344K) Eden: 352256K(352256K)->0K(352256K) From: 1728K(162816K)->1472K(153088K)
[110.851s][info][gc,heap        ] GC(191) ParOldGen: 21513K(1398272K)->21729K(1398272K)
[110.851s][info][gc,metaspace   ] GC(191) Metaspace: 16715K(17536K)->16715K(17536K) NonClass: 14289K(14784K)->14289K(14784K) Class: 2426K(2752K)->2426K(2752K)
[110.851s][info][gc             ] GC(191) Pause Young (Allocation Failure) 366M->22M(1859M) 0.773ms
[110.851s][info][gc,cpu         ] GC(191) User=0.00s Sys=0.00s Real=0.00s
[111.034s][info][gc,start       ] GC(192) Pause Young (Allocation Failure)
[111.060s][info][gc,heap        ] GC(192) PSYoungGen: 353728K(505344K)->143843K(487424K) Eden: 352256K(352256K)->0K(343552K) From: 1472K(153088K)->143843K(143872K)
[111.060s][info][gc,heap        ] GC(192) ParOldGen: 21729K(1398272K)->23049K(1398272K)
[111.060s][info][gc,metaspace   ] GC(192) Metaspace: 16715K(17536K)->16715K(17536K) NonClass: 14289K(14784K)->14289K(14784K) Class: 2426K(2752K)->2426K(2752K)
[111.060s][info][gc             ] GC(192) Pause Young (Allocation Failure) 366M->162M(1841M) 25.957ms
[111.060s][info][gc,cpu         ] GC(192) User=0.52s Sys=0.00s Real=0.02s
[111.404s][info][gc,start       ] GC(193) Pause Young (Allocation Failure)
[111.477s][info][gc,heap        ] GC(193) PSYoungGen: 487395K(487424K)->177664K(521216K) Eden: 343552K(343552K)->0K(343552K) From: 143843K(143872K)->177664K(177664K)
[111.477s][info][gc,heap        ] GC(193) ParOldGen: 23049K(1398272K)->209644K(1398272K)
[111.477s][info][gc,metaspace   ] GC(193) Metaspace: 16715K(17536K)->16715K(17536K) NonClass: 14289K(14784K)->14289K(14784K) Class: 2426K(2752K)->2426K(2752K)
[111.477s][info][gc             ] GC(193) Pause Young (Allocation Failure) 498M->378M(1874M) 72.906ms
[111.477s][info][gc,cpu         ] GC(193) User=2.58s Sys=0.00s Real=0.08s
[117.956s][info][gc,start       ] GC(194) Pause Young (Allocation Failure)
[118.030s][info][gc,heap        ] GC(194) PSYoungGen: 521216K(521216K)->131872K(410624K) Eden: 343552K(343552K)->0K(232960K) From: 177664K(177664K)->131872K(177664K)
[118.030s][info][gc,heap        ] GC(194) ParOldGen: 209644K(1398272K)->373228K(1398272K)
[118.030s][info][gc,metaspace   ] GC(194) Metaspace: 16717K(17536K)->16717K(17536K) NonClass: 14290K(14784K)->14290K(14784K) Class: 2426K(2752K)->2426K(2752K)
[118.030s][info][gc             ] GC(194) Pause Young (Allocation Failure) 713M->493M(1766M) 73.671ms
[118.030s][info][gc,cpu         ] GC(194) User=2.06s Sys=0.00s Real=0.06s
[118.216s][info][gc,start       ] GC(195) Pause Young (Allocation Failure)
[118.270s][info][gc,heap        ] GC(195) PSYoungGen: 364832K(410624K)->99424K(465920K) Eden: 232960K(232960K)->0K(232960K) From: 131872K(177664K)->99424K(232960K)
[118.270s][info][gc,heap        ] GC(195) ParOldGen: 373228K(1398272K)->504132K(1398272K)
[118.271s][info][gc,metaspace   ] GC(195) Metaspace: 16717K(17536K)->16717K(17536K) NonClass: 14290K(14784K)->14290K(14784K) Class: 2426K(2752K)->2426K(2752K)
[118.271s][info][gc             ] GC(195) Pause Young (Allocation Failure) 720M->589M(1820M) 54.826ms
[118.271s][info][gc,cpu         ] GC(195) User=2.06s Sys=0.00s Real=0.06s
[118.463s][info][gc,start       ] GC(196) Pause Young (Allocation Failure)
[118.511s][info][gc,heap        ] GC(196) PSYoungGen: 332384K(465920K)->99200K(465920K) Eden: 232960K(232960K)->0K(232960K) From: 99424K(232960K)->99200K(232960K)
[118.511s][info][gc,heap        ] GC(196) ParOldGen: 504132K(1398272K)->601012K(1398272K)
[118.511s][info][gc,metaspace   ] GC(196) Metaspace: 16717K(17536K)->16717K(17536K) NonClass: 14290K(14784K)->14290K(14784K) Class: 2426K(2752K)->2426K(2752K)
[118.511s][info][gc             ] GC(196) Pause Young (Allocation Failure) 816M->683M(1820M) 47.340ms
[118.511s][info][gc,cpu         ] GC(196) User=1.55s Sys=0.00s Real=0.05s
[118.708s][info][gc,start       ] GC(197) Pause Young (Allocation Failure)
[118.753s][info][gc,heap        ] GC(197) PSYoungGen: 332160K(465920K)->99168K(465920K) Eden: 232960K(232960K)->0K(232960K) From: 99200K(232960K)->99168K(232960K)
[118.753s][info][gc,heap        ] GC(197) ParOldGen: 601012K(1398272K)->696956K(1398272K)
[118.753s][info][gc,metaspace   ] GC(197) Metaspace: 16717K(17536K)->16717K(17536K) NonClass: 14290K(14784K)->14290K(14784K) Class: 2426K(2752K)->2426K(2752K)
[118.753s][info][gc             ] GC(197) Pause Young (Allocation Failure) 911M->777M(1820M) 45.233ms
[118.753s][info][gc,cpu         ] GC(197) User=1.55s Sys=0.00s Real=0.04s
[118.954s][info][gc,start       ] GC(198) Pause Young (Allocation Failure)
[119.001s][info][gc,heap        ] GC(198) PSYoungGen: 332128K(465920K)->99168K(465920K) Eden: 232960K(232960K)->0K(232960K) From: 99168K(232960K)->99168K(232960K)
[119.001s][info][gc,heap        ] GC(198) ParOldGen: 696956K(1398272K)->792340K(1398272K)
[119.001s][info][gc,metaspace   ] GC(198) Metaspace: 16717K(17536K)->16717K(17536K) NonClass: 14290K(14784K)->14290K(14784K) Class: 2426K(2752K)->2426K(2752K)
[119.001s][info][gc             ] GC(198) Pause Young (Allocation Failure) 1004M->870M(1820M) 46.853ms
[119.001s][info][gc,cpu         ] GC(198) User=1.03s Sys=0.00s Real=0.03s
[119.673s][info][gc,start       ] GC(199) Pause Young (Allocation Failure)
[119.728s][info][gc,heap        ] GC(199) PSYoungGen: 332128K(465920K)->44337K(465920K) Eden: 232960K(232960K)->0K(232960K) From: 99168K(232960K)->44337K(232960K)
[119.728s][info][gc,heap        ] GC(199) ParOldGen: 792340K(1398272K)->886484K(1398272K)
[119.728s][info][gc,metaspace   ] GC(199) Metaspace: 16717K(17536K)->16717K(17536K) NonClass: 14290K(14784K)->14290K(14784K) Class: 2426K(2752K)->2426K(2752K)
[119.728s][info][gc             ] GC(199) Pause Young (Allocation Failure) 1098M->909M(1820M) 54.432ms
[119.728s][info][gc,cpu         ] GC(199) User=2.06s Sys=0.00s Real=0.06s
[120.097s][info][gc,start       ] GC(200) Pause Young (Allocation Failure)
[120.123s][info][gc,heap        ] GC(200) PSYoungGen: 277297K(465920K)->2752K(462848K) Eden: 232960K(232960K)->0K(232960K) From: 44337K(232960K)->2752K(229888K)
[120.123s][info][gc,heap        ] GC(200) ParOldGen: 886484K(1398272K)->911111K(1398272K)
[120.123s][info][gc,metaspace   ] GC(200) Metaspace: 16717K(17536K)->16717K(17536K) NonClass: 14290K(14784K)->14290K(14784K) Class: 2426K(2752K)->2426K(2752K)
[120.123s][info][gc             ] GC(200) Pause Young (Allocation Failure) 1136M->892M(1817M) 26.013ms
[120.123s][info][gc,cpu         ] GC(200) User=0.55s Sys=0.00s Real=0.03s
[121.829s][info][gc,start       ] GC(201) Pause Young (System.gc())
[121.830s][info][gc,heap        ] GC(201) PSYoungGen: 231206K(462848K)->96K(233472K) Eden: 228454K(232960K)->0K(232960K) From: 2752K(229888K)->96K(512K)
[121.830s][info][gc,heap        ] GC(201) ParOldGen: 911111K(1398272K)->911111K(1398272K)
[121.830s][info][gc,metaspace   ] GC(201) Metaspace: 16717K(17536K)->16717K(17536K) NonClass: 14290K(14784K)->14290K(14784K) Class: 2426K(2752K)->2426K(2752K)
[121.831s][info][gc             ] GC(201) Pause Young (System.gc()) 1115M->889M(1593M) 1.744ms
[121.831s][info][gc,cpu         ] GC(201) User=0.00s Sys=0.00s Real=0.02s
[121.831s][info][gc,start       ] GC(202) Pause Full (System.gc())
[121.831s][info][gc,phases,start] GC(202) Marking Phase
[121.849s][info][gc,phases      ] GC(202) Marking Phase 17.867ms
[121.849s][info][gc,phases,start] GC(202) Summary Phase
[121.849s][info][gc,phases      ] GC(202) Summary Phase 0.031ms
[121.849s][info][gc,phases,start] GC(202) Adjust Roots
[121.853s][info][gc,phases      ] GC(202) Adjust Roots 3.943ms
[121.853s][info][gc,phases,start] GC(202) Compaction Phase
[121.862s][info][gc,phases      ] GC(202) Compaction Phase 9.222ms
[121.862s][info][gc,phases,start] GC(202) Post Compact
[121.867s][info][gc,phases      ] GC(202) Post Compact 5.332ms
[121.867s][info][gc,heap        ] GC(202) PSYoungGen: 96K(233472K)->0K(233472K) Eden: 0K(232960K)->0K(232960K) From: 96K(512K)->0K(512K)
[121.867s][info][gc,heap        ] GC(202) ParOldGen: 911111K(1398272K)->20072K(1398272K)
[121.867s][info][gc,metaspace   ] GC(202) Metaspace: 16717K(17536K)->16717K(17536K) NonClass: 14290K(14784K)->14290K(14784K) Class: 2426K(2752K)->2426K(2752K)
[121.867s][info][gc             ] GC(202) Pause Full (System.gc()) 889M->19M(1593M) 36.694ms
[121.867s][info][gc,cpu         ] GC(202) User=0.41s Sys=0.03s Real=0.03s
[123.480s][info][gc,start       ] GC(203) Pause Young (Allocation Failure)
[123.481s][info][gc,heap        ] GC(203) PSYoungGen: 232960K(233472K)->2112K(465920K) Eden: 232960K(232960K)->0K(238592K) From: 0K(512K)->2112K(227328K)
[123.481s][info][gc,heap        ] GC(203) ParOldGen: 20072K(1398272K)->20072K(1398272K)
[123.481s][info][gc,metaspace   ] GC(203) Metaspace: 16723K(17536K)->16723K(17536K) NonClass: 14296K(14784K)->14296K(14784K) Class: 2426K(2752K)->2426K(2752K)
[123.481s][info][gc             ] GC(203) Pause Young (Allocation Failure) 247M->21M(1820M) 1.137ms
[123.481s][info][gc,cpu         ] GC(203) User=0.00s Sys=0.00s Real=0.00s
[123.505s][info][gc,start       ] GC(204) Pause Young (Allocation Failure)
[123.507s][info][gc,heap        ] GC(204) PSYoungGen: 240704K(465920K)->1696K(460288K) Eden: 238592K(238592K)->0K(238592K) From: 2112K(227328K)->1696K(221696K)
[123.507s][info][gc,heap        ] GC(204) ParOldGen: 20072K(1398272K)->20584K(1398272K)
[123.507s][info][gc,metaspace   ] GC(204) Metaspace: 16723K(17536K)->16723K(17536K) NonClass: 14296K(14784K)->14296K(14784K) Class: 2426K(2752K)->2426K(2752K)
[123.507s][info][gc             ] GC(204) Pause Young (Allocation Failure) 254M->21M(1815M) 1.885ms
[123.507s][info][gc,cpu         ] GC(204) User=0.00s Sys=0.00s Real=0.00s
[123.532s][info][gc,start       ] GC(205) Pause Young (Allocation Failure)
[123.533s][info][gc,heap        ] GC(205) PSYoungGen: 240288K(460288K)->1824K(469504K) Eden: 238592K(238592K)->0K(257536K) From: 1696K(221696K)->1824K(211968K)
[123.533s][info][gc,heap        ] GC(205) ParOldGen: 20584K(1398272K)->20776K(1398272K)
[123.533s][info][gc,metaspace   ] GC(205) Metaspace: 16723K(17536K)->16723K(17536K) NonClass: 14296K(14784K)->14296K(14784K) Class: 2426K(2752K)->2426K(2752K)
[123.533s][info][gc             ] GC(205) Pause Young (Allocation Failure) 254M->22M(1824M) 1.055ms
[123.533s][info][gc,cpu         ] GC(205) User=0.00s Sys=0.00s Real=0.00s
[123.559s][info][gc,start       ] GC(206) Pause Young (Allocation Failure)
[123.560s][info][gc,heap        ] GC(206) PSYoungGen: 259360K(469504K)->1792K(464384K) Eden: 257536K(257536K)->0K(257536K) From: 1824K(211968K)->1792K(206848K)
[123.560s][info][gc,heap        ] GC(206) ParOldGen: 20776K(1398272K)->21056K(1398272K)
[123.560s][info][gc,metaspace   ] GC(206) Metaspace: 16723K(17536K)->16723K(17536K) NonClass: 14296K(14784K)->14296K(14784K) Class: 2426K(2752K)->2426K(2752K)
[123.560s][info][gc             ] GC(206) Pause Young (Allocation Failure) 273M->22M(1819M) 0.808ms
[123.560s][info][gc,cpu         ] GC(206) User=0.00s Sys=0.00s Real=0.00s
[123.586s][info][gc,start       ] GC(207) Pause Young (Allocation Failure)
[123.587s][info][gc,heap        ] GC(207) PSYoungGen: 259328K(464384K)->1760K(483328K) Eden: 257536K(257536K)->0K(288768K) From: 1792K(206848K)->1760K(194560K)
[123.587s][info][gc,heap        ] GC(207) ParOldGen: 21056K(1398272K)->21328K(1398272K)
[123.587s][info][gc,metaspace   ] GC(207) Metaspace: 16723K(17536K)->16723K(17536K) NonClass: 14296K(14784K)->14296K(14784K) Class: 2426K(2752K)->2426K(2752K)
[123.587s][info][gc             ] GC(207) Pause Young (Allocation Failure) 273M->22M(1837M) 1.178ms
[123.587s][info][gc,cpu         ] GC(207) User=0.00s Sys=0.00s Real=0.00s
[123.617s][info][gc,start       ] GC(208) Pause Young (Allocation Failure)
[123.618s][info][gc,heap        ] GC(208) PSYoungGen: 290528K(483328K)->1728K(478720K) Eden: 288768K(288768K)->0K(288768K) From: 1760K(194560K)->1728K(189952K)
[123.618s][info][gc,heap        ] GC(208) ParOldGen: 21328K(1398272K)->21592K(1398272K)
[123.618s][info][gc,metaspace   ] GC(208) Metaspace: 16723K(17536K)->16723K(17536K) NonClass: 14296K(14784K)->14296K(14784K) Class: 2426K(2752K)->2426K(2752K)
[123.618s][info][gc             ] GC(208) Pause Young (Allocation Failure) 304M->22M(1833M) 0.820ms
[123.618s][info][gc,cpu         ] GC(208) User=0.00s Sys=0.00s Real=0.00s
[123.648s][info][gc,start       ] GC(209) Pause Young (Allocation Failure)
[123.649s][info][gc,heap        ] GC(209) PSYoungGen: 290496K(478720K)->1792K(500224K) Eden: 288768K(288768K)->0K(323072K) From: 1728K(189952K)->1792K(177152K)
[123.649s][info][gc,heap        ] GC(209) ParOldGen: 21592K(1398272K)->21840K(1398272K)
[123.649s][info][gc,metaspace   ] GC(209) Metaspace: 16723K(17536K)->16723K(17536K) NonClass: 14296K(14784K)->14296K(14784K) Class: 2426K(2752K)->2426K(2752K)
[123.649s][info][gc             ] GC(209) Pause Young (Allocation Failure) 304M->23M(1854M) 0.826ms
[123.649s][info][gc,cpu         ] GC(209) User=0.00s Sys=0.00s Real=0.00s
[123.683s][info][gc,start       ] GC(210) Pause Young (Allocation Failure)
[123.684s][info][gc,heap        ] GC(210) PSYoungGen: 324864K(500224K)->1440K(495104K) Eden: 323072K(323072K)->0K(323072K) From: 1792K(177152K)->1440K(172032K)
[123.684s][info][gc,heap        ] GC(210) ParOldGen: 21840K(1398272K)->22072K(1398272K)
[123.684s][info][gc,metaspace   ] GC(210) Metaspace: 16723K(17536K)->16723K(17536K) NonClass: 14296K(14784K)->14296K(14784K) Class: 2426K(2752K)->2426K(2752K)
[123.684s][info][gc             ] GC(210) Pause Young (Allocation Failure) 338M->22M(1849M) 0.846ms
[123.684s][info][gc,cpu         ] GC(210) User=0.00s Sys=0.00s Real=0.00s
[123.717s][info][gc,start       ] GC(211) Pause Young (Allocation Failure)
[123.718s][info][gc,heap        ] GC(211) PSYoungGen: 324512K(495104K)->1696K(518144K) Eden: 323072K(323072K)->0K(358400K) From: 1440K(172032K)->1696K(159744K)
[123.718s][info][gc,heap        ] GC(211) ParOldGen: 22072K(1398272K)->22312K(1398272K)
[123.718s][info][gc,metaspace   ] GC(211) Metaspace: 16723K(17536K)->16723K(17536K) NonClass: 14296K(14784K)->14296K(14784K) Class: 2426K(2752K)->2426K(2752K)
[123.718s][info][gc             ] GC(211) Pause Young (Allocation Failure) 338M->23M(1871M) 0.790ms
[123.718s][info][gc,cpu         ] GC(211) User=0.00s Sys=0.00s Real=0.00s
[123.756s][info][gc,start       ] GC(212) Pause Young (Allocation Failure)
[123.757s][info][gc,heap        ] GC(212) PSYoungGen: 360096K(518144K)->1632K(512512K) Eden: 358400K(358400K)->0K(358400K) From: 1696K(159744K)->1632K(154112K)
[123.757s][info][gc,heap        ] GC(212) ParOldGen: 22312K(1398272K)->22568K(1398272K)
[123.757s][info][gc,metaspace   ] GC(212) Metaspace: 16723K(17536K)->16723K(17536K) NonClass: 14296K(14784K)->14296K(14784K) Class: 2426K(2752K)->2426K(2752K)
[123.757s][info][gc             ] GC(212) Pause Young (Allocation Failure) 373M->23M(1866M) 0.830ms
[123.757s][info][gc,cpu         ] GC(212) User=0.00s Sys=0.00s Real=0.00s
[123.795s][info][gc,start       ] GC(213) Pause Young (Allocation Failure)
[123.795s][info][gc,heap        ] GC(213) PSYoungGen: 360032K(512512K)->1696K(536064K) Eden: 358400K(358400K)->0K(393728K) From: 1632K(154112K)->1696K(142336K)
[123.795s][info][gc,heap        ] GC(213) ParOldGen: 22568K(1398272K)->22768K(1398272K)
[123.795s][info][gc,metaspace   ] GC(213) Metaspace: 16723K(17536K)->16723K(17536K) NonClass: 14296K(14784K)->14296K(14784K) Class: 2426K(2752K)->2426K(2752K)
[123.795s][info][gc             ] GC(213) Pause Young (Allocation Failure) 373M->23M(1889M) 0.827ms
[123.795s][info][gc,cpu         ] GC(213) User=0.00s Sys=0.00s Real=0.00s
[124.021s][info][gc,start       ] GC(214) Pause Young (Allocation Failure)
[124.057s][info][gc,heap        ] GC(214) PSYoungGen: 395424K(536064K)->136675K(530432K) Eden: 393728K(393728K)->0K(393728K) From: 1696K(142336K)->136675K(136704K)
[124.057s][info][gc,heap        ] GC(214) ParOldGen: 22768K(1398272K)->60264K(1398272K)
[124.057s][info][gc,metaspace   ] GC(214) Metaspace: 16723K(17536K)->16723K(17536K) NonClass: 14296K(14784K)->14296K(14784K) Class: 2426K(2752K)->2426K(2752K)
[124.057s][info][gc             ] GC(214) Pause Young (Allocation Failure) 408M->192M(1883M) 35.667ms
[124.057s][info][gc,cpu         ] GC(214) User=1.55s Sys=0.00s Real=0.05s
[124.456s][info][gc,start       ] GC(215) Pause Young (Allocation Failure)
[124.549s][info][gc,heap        ] GC(215) PSYoungGen: 530403K(530432K)->168448K(401408K) Eden: 393728K(393728K)->0K(232960K) From: 136675K(136704K)->168448K(168448K)
[124.549s][info][gc,heap        ] GC(215) ParOldGen: 60264K(1398272K)->282196K(1398272K)
[124.549s][info][gc,metaspace   ] GC(215) Metaspace: 16723K(17536K)->16723K(17536K) NonClass: 14296K(14784K)->14296K(14784K) Class: 2426K(2752K)->2426K(2752K)
[124.549s][info][gc             ] GC(215) Pause Young (Allocation Failure) 576M->440M(1757M) 93.163ms
[124.549s][info][gc,cpu         ] GC(215) User=2.78s Sys=0.31s Real=0.09s
[131.455s][info][gc,start       ] GC(216) Pause Young (Allocation Failure)
[131.522s][info][gc,heap        ] GC(216) PSYoungGen: 401408K(401408K)->66912K(465920K) Eden: 232960K(232960K)->0K(232960K) From: 168448K(168448K)->66912K(232960K)
[131.522s][info][gc,heap        ] GC(216) ParOldGen: 282196K(1398272K)->436380K(1398272K)
[131.522s][info][gc,metaspace   ] GC(216) Metaspace: 16723K(17536K)->16723K(17536K) NonClass: 14296K(14784K)->14296K(14784K) Class: 2426K(2752K)->2426K(2752K)
[131.522s][info][gc             ] GC(216) Pause Young (Allocation Failure) 667M->491M(1820M) 67.592ms
[131.522s][info][gc,cpu         ] GC(216) User=2.06s Sys=0.00s Real=0.06s
[131.706s][info][gc,start       ] GC(217) Pause Young (Allocation Failure)
[131.748s][info][gc,heap        ] GC(217) PSYoungGen: 299872K(465920K)->99680K(465920K) Eden: 232960K(232960K)->0K(232960K) From: 66912K(232960K)->99680K(232960K)
[131.748s][info][gc,heap        ] GC(217) ParOldGen: 436380K(1398272K)->502476K(1398272K)
[131.748s][info][gc,metaspace   ] GC(217) Metaspace: 16723K(17536K)->16723K(17536K) NonClass: 14296K(14784K)->14296K(14784K) Class: 2426K(2752K)->2426K(2752K)
[131.748s][info][gc             ] GC(217) Pause Young (Allocation Failure) 718M->588M(1820M) 42.008ms
[131.748s][info][gc,cpu         ] GC(217) User=1.55s Sys=0.00s Real=0.05s
[131.941s][info][gc,start       ] GC(218) Pause Young (Allocation Failure)
[131.988s][info][gc,heap        ] GC(218) PSYoungGen: 332640K(465920K)->99136K(465920K) Eden: 232960K(232960K)->0K(232960K) From: 99680K(232960K)->99136K(232960K)
[131.988s][info][gc,heap        ] GC(218) ParOldGen: 502476K(1398272K)->599668K(1398272K)
[131.988s][info][gc,metaspace   ] GC(218) Metaspace: 16723K(17536K)->16723K(17536K) NonClass: 14296K(14784K)->14296K(14784K) Class: 2426K(2752K)->2426K(2752K)
[131.988s][info][gc             ] GC(218) Pause Young (Allocation Failure) 815M->682M(1820M) 46.649ms
[131.988s][info][gc,cpu         ] GC(218) User=1.55s Sys=0.00s Real=0.05s
[132.185s][info][gc,start       ] GC(219) Pause Young (Allocation Failure)
[132.232s][info][gc,heap        ] GC(219) PSYoungGen: 332096K(465920K)->99232K(465920K) Eden: 232960K(232960K)->0K(232960K) From: 99136K(232960K)->99232K(232960K)
[132.232s][info][gc,heap        ] GC(219) ParOldGen: 599668K(1398272K)->695708K(1398272K)
[132.232s][info][gc,metaspace   ] GC(219) Metaspace: 16723K(17536K)->16723K(17536K) NonClass: 14296K(14784K)->14296K(14784K) Class: 2426K(2752K)->2426K(2752K)
[132.232s][info][gc             ] GC(219) Pause Young (Allocation Failure) 909M->776M(1820M) 46.909ms
[132.232s][info][gc,cpu         ] GC(219) User=1.55s Sys=0.00s Real=0.05s
[132.432s][info][gc,start       ] GC(220) Pause Young (Allocation Failure)
[132.479s][info][gc,heap        ] GC(220) PSYoungGen: 332192K(465920K)->99072K(465920K) Eden: 232960K(232960K)->0K(232960K) From: 99232K(232960K)->99072K(232960K)
[132.479s][info][gc,heap        ] GC(220) ParOldGen: 695708K(1398272K)->791148K(1398272K)
[132.479s][info][gc,metaspace   ] GC(220) Metaspace: 16723K(17536K)->16723K(17536K) NonClass: 14296K(14784K)->14296K(14784K) Class: 2426K(2752K)->2426K(2752K)
[132.479s][info][gc             ] GC(220) Pause Young (Allocation Failure) 1003M->869M(1820M) 46.825ms
[132.479s][info][gc,cpu         ] GC(220) User=1.55s Sys=0.00s Real=0.05s
[133.094s][info][gc,start       ] GC(221) Pause Young (Allocation Failure)
[133.153s][info][gc,heap        ] GC(221) PSYoungGen: 332032K(465920K)->139699K(465920K) Eden: 232960K(232960K)->0K(232960K) From: 99072K(232960K)->139699K(232960K)
[133.153s][info][gc,heap        ] GC(221) ParOldGen: 791148K(1398272K)->885452K(1398272K)
[133.153s][info][gc,metaspace   ] GC(221) Metaspace: 16723K(17536K)->16723K(17536K) NonClass: 14296K(14784K)->14296K(14784K) Class: 2426K(2752K)->2426K(2752K)
[133.153s][info][gc             ] GC(221) Pause Young (Allocation Failure) 1096M->1001M(1820M) 58.943ms
[133.153s][info][gc,cpu         ] GC(221) User=1.58s Sys=0.00s Real=0.06s
[133.517s][info][gc,start       ] GC(222) Pause Young (Allocation Failure)
[133.545s][info][gc,heap        ] GC(222) PSYoungGen: 372659K(465920K)->3136K(465920K) Eden: 232960K(232960K)->0K(232960K) From: 139699K(232960K)->3136K(232960K)
[133.545s][info][gc,heap        ] GC(222) ParOldGen: 885452K(1398272K)->920423K(1398272K)
[133.545s][info][gc,metaspace   ] GC(222) Metaspace: 16723K(17536K)->16723K(17536K) NonClass: 14296K(14784K)->14296K(14784K) Class: 2426K(2752K)->2426K(2752K)
[133.545s][info][gc             ] GC(222) Pause Young (Allocation Failure) 1228M->901M(1820M) 27.555ms
[133.545s][info][gc,cpu         ] GC(222) User=1.03s Sys=0.00s Real=0.03s
[135.042s][info][gc,start       ] GC(223) Pause Young (Allocation Failure)
[135.044s][info][gc,heap        ] GC(223) PSYoungGen: 236096K(465920K)->2720K(465920K) Eden: 232960K(232960K)->0K(232960K) From: 3136K(232960K)->2720K(232960K)
[135.045s][info][gc,heap        ] GC(223) ParOldGen: 920423K(1398272K)->920423K(1398272K)
[135.045s][info][gc,metaspace   ] GC(223) Metaspace: 16723K(17536K)->16723K(17536K) NonClass: 14296K(14784K)->14296K(14784K) Class: 2426K(2752K)->2426K(2752K)
[135.045s][info][gc             ] GC(223) Pause Young (Allocation Failure) 1129M->901M(1820M) 2.173ms
[135.045s][info][gc,cpu         ] GC(223) User=0.00s Sys=0.00s Real=0.00s
[135.327s][info][gc,heap,exit   ] Heap
[135.327s][info][gc,heap,exit   ]  PSYoungGen      total 465920K, used 23935K [0x00000000d5580000, 0x0000000100000000, 0x0000000100000000)
[135.327s][info][gc,heap,exit   ]   eden space 232960K, 9% used [0x00000000d5580000,0x00000000d6a37c50,0x00000000e3900000)
[135.327s][info][gc,heap,exit   ]   from space 232960K, 1% used [0x00000000f1c80000,0x00000000f1f28000,0x0000000100000000)
[135.327s][info][gc,heap,exit   ]   to   space 232960K, 0% used [0x00000000e3900000,0x00000000e3900000,0x00000000f1c80000)
[135.328s][info][gc,heap,exit   ]  ParOldGen       total 1398272K, used 920423K [0x0000000080000000, 0x00000000d5580000, 0x00000000d5580000)
[135.328s][info][gc,heap,exit   ]   object space 1398272K, 65% used [0x0000000080000000,0x00000000b82d9da0,0x00000000d5580000)
[135.328s][info][gc,heap,exit   ]  Metaspace       used 16801K, committed 17600K, reserved 1114112K
[135.328s][info][gc,heap,exit   ]   class space    used 2442K, committed 2752K, reserved 1048576K
