[0.019s][info][gc,init] CardTable entry size: 512
[0.019s][info][gc     ] Using Parallel
[0.024s][info][gc,init] Version: 20+36-2344 (release)
[0.024s][info][gc,init] CPUs: 48 total, 48 available
[0.024s][info][gc,init] Memory: 382G
[0.024s][info][gc,init] Large Page Support: Disabled
[0.024s][info][gc,init] NUMA Support: Disabled
[0.024s][info][gc,init] Compressed Oops: Enabled (32-bit)
[0.024s][info][gc,init] Alignments: Space 512K, Generation 512K, Heap 2M
[0.024s][info][gc,init] Heap Min Capacity: 8M
[0.024s][info][gc,init] Heap Initial Capacity: 1G
[0.040s][info][gc,init] Heap Max Capacity: 1G
[0.040s][info][gc,init] Pre-touch: Disabled
[0.040s][info][gc,init] Parallel Workers: 33
[0.041s][info][gc,metaspace] CDS archive(s) mapped at: [0x0000000800000000-0x0000000800c60000-0x0000000800c60000), size 12976128, SharedBaseAddress: 0x0000000800000000, ArchiveRelocationMode: 0.
[0.041s][info][gc,metaspace] Compressed class space mapped at: 0x0000000801000000-0x0000000841000000, reserved size: 1073741824
[0.041s][info][gc,metaspace] Narrow klass base: 0x0000000800000000, Narrow klass shift: 0, Narrow klass range: 0x100000000
[1.383s][info][gc,start    ] GC(0) Pause Young (System.gc())
[1.390s][info][gc,heap     ] GC(0) PSYoungGen: 84015K(305664K)->5151K(305664K) Eden: 84015K(262144K)->0K(262144K) From: 0K(43520K)->5151K(43520K)
[1.390s][info][gc,heap     ] GC(0) ParOldGen: 0K(699392K)->16K(699392K)
[1.390s][info][gc,metaspace] GC(0) Metaspace: 14218K(14464K)->14218K(14464K) NonClass: 12163K(12288K)->12163K(12288K) Class: 2054K(2176K)->2054K(2176K)
[1.390s][info][gc          ] GC(0) Pause Young (System.gc()) 82M->5M(981M) 6.783ms
[1.390s][info][gc,cpu      ] GC(0) User=0.00s Sys=0.00s Real=0.00s
[1.390s][info][gc,start    ] GC(1) Pause Full (System.gc())
[1.391s][info][gc,phases,start] GC(1) Marking Phase
[1.399s][info][gc,phases      ] GC(1) Marking Phase 8.284ms
[1.399s][info][gc,phases,start] GC(1) Summary Phase
[1.399s][info][gc,phases      ] GC(1) Summary Phase 0.022ms
[1.399s][info][gc,phases,start] GC(1) Adjust Roots
[1.401s][info][gc,phases      ] GC(1) Adjust Roots 2.512ms
[1.401s][info][gc,phases,start] GC(1) Compaction Phase
[1.407s][info][gc,phases      ] GC(1) Compaction Phase 5.719ms
[1.407s][info][gc,phases,start] GC(1) Post Compact
[1.409s][info][gc,phases      ] GC(1) Post Compact 2.072ms
[1.409s][info][gc,heap        ] GC(1) PSYoungGen: 5151K(305664K)->0K(305664K) Eden: 0K(262144K)->0K(262144K) From: 5151K(43520K)->0K(43520K)
[1.409s][info][gc,heap        ] GC(1) ParOldGen: 16K(699392K)->4730K(699392K)
[1.409s][info][gc,metaspace   ] GC(1) Metaspace: 14218K(14464K)->14218K(14464K) NonClass: 12163K(12288K)->12163K(12288K) Class: 2054K(2176K)->2054K(2176K)
[1.409s][info][gc             ] GC(1) Pause Full (System.gc()) 5M->4M(981M) 18.941ms
[1.409s][info][gc,cpu         ] GC(1) User=0.38s Sys=0.00s Real=0.03s
[5.477s][info][gc,start       ] GC(2) Pause Young (Allocation Failure)
[5.478s][info][gc,heap        ] GC(2) PSYoungGen: 262144K(305664K)->2256K(305664K) Eden: 262144K(262144K)->0K(262144K) From: 0K(43520K)->2256K(43520K)
[5.478s][info][gc,heap        ] GC(2) ParOldGen: 4730K(699392K)->4738K(699392K)
[5.478s][info][gc,metaspace   ] GC(2) Metaspace: 15809K(16064K)->15809K(16064K) NonClass: 13549K(13696K)->13549K(13696K) Class: 2260K(2368K)->2260K(2368K)
[5.478s][info][gc             ] GC(2) Pause Young (Allocation Failure) 260M->6M(981M) 1.347ms
[5.478s][info][gc,cpu         ] GC(2) User=0.00s Sys=0.00s Real=0.00s
[5.589s][info][gc,start       ] GC(3) Pause Young (Allocation Failure)
[5.590s][info][gc,heap        ] GC(3) PSYoungGen: 264400K(305664K)->2224K(305664K) Eden: 262144K(262144K)->0K(262144K) From: 2256K(43520K)->2224K(43520K)
[5.590s][info][gc,heap        ] GC(3) ParOldGen: 4738K(699392K)->4746K(699392K)
[5.590s][info][gc,metaspace   ] GC(3) Metaspace: 15812K(16064K)->15812K(16064K) NonClass: 13551K(13696K)->13551K(13696K) Class: 2260K(2368K)->2260K(2368K)
[5.590s][info][gc             ] GC(3) Pause Young (Allocation Failure) 262M->6M(981M) 1.130ms
[5.590s][info][gc,cpu         ] GC(3) User=0.00s Sys=0.00s Real=0.00s
[5.688s][info][gc,start       ] GC(4) Pause Young (Allocation Failure)
[5.689s][info][gc,heap        ] GC(4) PSYoungGen: 264368K(305664K)->2224K(305664K) Eden: 262144K(262144K)->0K(262144K) From: 2224K(43520K)->2224K(43520K)
[5.689s][info][gc,heap        ] GC(4) ParOldGen: 4746K(699392K)->4754K(699392K)
[5.689s][info][gc,metaspace   ] GC(4) Metaspace: 15818K(16064K)->15818K(16064K) NonClass: 13557K(13696K)->13557K(13696K) Class: 2260K(2368K)->2260K(2368K)
[5.689s][info][gc             ] GC(4) Pause Young (Allocation Failure) 262M->6M(981M) 0.832ms
[5.689s][info][gc,cpu         ] GC(4) User=0.00s Sys=0.00s Real=0.00s
[5.719s][info][gc,start       ] GC(5) Pause Young (Allocation Failure)
[5.720s][info][gc,heap        ] GC(5) PSYoungGen: 264368K(305664K)->2160K(305664K) Eden: 262144K(262144K)->0K(262144K) From: 2224K(43520K)->2160K(43520K)
[5.720s][info][gc,heap        ] GC(5) ParOldGen: 4754K(699392K)->4762K(699392K)
[5.720s][info][gc,metaspace   ] GC(5) Metaspace: 15819K(16064K)->15819K(16064K) NonClass: 13559K(13696K)->13559K(13696K) Class: 2260K(2368K)->2260K(2368K)
[5.720s][info][gc             ] GC(5) Pause Young (Allocation Failure) 262M->6M(981M) 0.953ms
[5.720s][info][gc,cpu         ] GC(5) User=0.00s Sys=0.00s Real=0.00s
[5.745s][info][gc,start       ] GC(6) Pause Young (Allocation Failure)
[5.746s][info][gc,heap        ] GC(6) PSYoungGen: 264304K(305664K)->2224K(264704K) Eden: 262144K(262144K)->0K(262144K) From: 2160K(43520K)->2224K(2560K)
[5.746s][info][gc,heap        ] GC(6) ParOldGen: 4762K(699392K)->4770K(699392K)
[5.746s][info][gc,metaspace   ] GC(6) Metaspace: 15819K(16064K)->15819K(16064K) NonClass: 13559K(13696K)->13559K(13696K) Class: 2260K(2368K)->2260K(2368K)
[5.746s][info][gc             ] GC(6) Pause Young (Allocation Failure) 262M->6M(941M) 1.024ms
[5.746s][info][gc,cpu         ] GC(6) User=0.00s Sys=0.00s Real=0.00s
[5.836s][info][gc,start       ] GC(7) Pause Young (Allocation Failure)
[5.837s][info][gc,heap        ] GC(7) PSYoungGen: 264368K(264704K)->2128K(303104K) Eden: 262144K(262144K)->0K(297984K) From: 2224K(2560K)->2128K(5120K)
[5.837s][info][gc,heap        ] GC(7) ParOldGen: 4770K(699392K)->4778K(699392K)
[5.837s][info][gc,metaspace   ] GC(7) Metaspace: 15820K(16064K)->15820K(16064K) NonClass: 13559K(13696K)->13559K(13696K) Class: 2260K(2368K)->2260K(2368K)
[5.837s][info][gc             ] GC(7) Pause Young (Allocation Failure) 262M->6M(979M) 1.113ms
[5.837s][info][gc,cpu         ] GC(7) User=0.00s Sys=0.00s Real=0.00s
[5.942s][info][gc,start       ] GC(8) Pause Young (Allocation Failure)
[5.943s][info][gc,heap        ] GC(8) PSYoungGen: 300112K(303104K)->1664K(344064K) Eden: 297984K(297984K)->0K(338944K) From: 2128K(5120K)->1664K(5120K)
[5.943s][info][gc,heap        ] GC(8) ParOldGen: 4778K(699392K)->5370K(699392K)
[5.943s][info][gc,metaspace   ] GC(8) Metaspace: 15820K(16064K)->15820K(16064K) NonClass: 13559K(13696K)->13559K(13696K) Class: 2260K(2368K)->2260K(2368K)
[5.943s][info][gc             ] GC(8) Pause Young (Allocation Failure) 297M->6M(1019M) 0.906ms
[5.943s][info][gc,cpu         ] GC(8) User=0.00s Sys=0.00s Real=0.00s
[5.989s][info][gc,start       ] GC(9) Pause Young (Allocation Failure)
[5.990s][info][gc,heap        ] GC(9) PSYoungGen: 340608K(344064K)->1632K(340992K) Eden: 338944K(338944K)->0K(338944K) From: 1664K(5120K)->1632K(2048K)
[5.990s][info][gc,heap        ] GC(9) ParOldGen: 5370K(699392K)->5426K(699392K)
[5.990s][info][gc,metaspace   ] GC(9) Metaspace: 15821K(16064K)->15821K(16064K) NonClass: 13560K(13696K)->13560K(13696K) Class: 2260K(2368K)->2260K(2368K)
[5.990s][info][gc             ] GC(9) Pause Young (Allocation Failure) 337M->6M(1016M) 1.073ms
[5.990s][info][gc,cpu         ] GC(9) User=0.00s Sys=0.00s Real=0.00s
[6.024s][info][gc,start       ] GC(10) Pause Young (Allocation Failure)
[6.025s][info][gc,heap        ] GC(10) PSYoungGen: 340576K(340992K)->1696K(343552K) Eden: 338944K(338944K)->0K(338944K) From: 1632K(2048K)->1696K(4608K)
[6.025s][info][gc,heap        ] GC(10) ParOldGen: 5426K(699392K)->5578K(699392K)
[6.025s][info][gc,metaspace   ] GC(10) Metaspace: 15823K(16064K)->15823K(16064K) NonClass: 13563K(13696K)->13563K(13696K) Class: 2260K(2368K)->2260K(2368K)
[6.025s][info][gc             ] GC(10) Pause Young (Allocation Failure) 337M->7M(1018M) 0.763ms
[6.025s][info][gc,cpu         ] GC(10) User=0.00s Sys=0.00s Real=0.00s
[6.060s][info][gc,start       ] GC(11) Pause Young (Allocation Failure)
[6.060s][info][gc,heap        ] GC(11) PSYoungGen: 340640K(343552K)->1568K(343552K) Eden: 338944K(338944K)->0K(338944K) From: 1696K(4608K)->1568K(4608K)
[6.060s][info][gc,heap        ] GC(11) ParOldGen: 5578K(699392K)->5706K(699392K)
[6.060s][info][gc,metaspace   ] GC(11) Metaspace: 15823K(16064K)->15823K(16064K) NonClass: 13563K(13696K)->13563K(13696K) Class: 2260K(2368K)->2260K(2368K)
[6.060s][info][gc             ] GC(11) Pause Young (Allocation Failure) 338M->7M(1018M) 0.605ms
[6.060s][info][gc,cpu         ] GC(11) User=0.00s Sys=0.00s Real=0.00s
[6.096s][info][gc,start       ] GC(12) Pause Young (Allocation Failure)
[6.097s][info][gc,heap        ] GC(12) PSYoungGen: 340512K(343552K)->1504K(344576K) Eden: 338944K(338944K)->0K(339968K) From: 1568K(4608K)->1504K(4608K)
[6.097s][info][gc,heap        ] GC(12) ParOldGen: 5706K(699392K)->5890K(699392K)
[6.097s][info][gc,metaspace   ] GC(12) Metaspace: 15824K(16064K)->15824K(16064K) NonClass: 13564K(13696K)->13564K(13696K) Class: 2260K(2368K)->2260K(2368K)
[6.097s][info][gc             ] GC(12) Pause Young (Allocation Failure) 338M->7M(1019M) 0.572ms
[6.097s][info][gc,cpu         ] GC(12) User=0.00s Sys=0.00s Real=0.00s
[6.362s][info][gc,start       ] GC(13) Pause Young (Allocation Failure)
[6.420s][info][gc,heap        ] GC(13) PSYoungGen: 341472K(344576K)->4593K(344576K) Eden: 339968K(339968K)->0K(339968K) From: 1504K(4608K)->4593K(4608K)
[6.420s][info][gc,heap        ] GC(13) ParOldGen: 5890K(699392K)->133278K(699392K)
[6.420s][info][gc,metaspace   ] GC(13) Metaspace: 16041K(16320K)->16041K(16320K) NonClass: 13727K(13888K)->13727K(13888K) Class: 2314K(2432K)->2314K(2432K)
[6.420s][info][gc             ] GC(13) Pause Young (Allocation Failure) 339M->134M(1019M) 58.316ms
[6.420s][info][gc,cpu         ] GC(13) User=0.80s Sys=0.70s Real=0.06s
[6.771s][info][gc,start       ] GC(14) Pause Young (Allocation Failure)
[6.866s][info][gc,heap        ] GC(14) PSYoungGen: 344561K(344576K)->4608K(121344K) Eden: 339968K(339968K)->0K(116736K) From: 4593K(4608K)->4608K(4608K)
[6.866s][info][gc,heap        ] GC(14) ParOldGen: 133278K(699392K)->346470K(699392K)
[6.866s][info][gc,metaspace   ] GC(14) Metaspace: 16047K(16320K)->16047K(16320K) NonClass: 13733K(13888K)->13733K(13888K) Class: 2314K(2432K)->2314K(2432K)
[6.866s][info][gc             ] GC(14) Pause Young (Allocation Failure) 466M->342M(801M) 94.410ms
[6.866s][info][gc,cpu         ] GC(14) User=1.89s Sys=0.36s Real=0.09s
[6.991s][info][gc,start       ] GC(15) Pause Young (Allocation Failure)
[7.017s][info][gc,heap        ] GC(15) PSYoungGen: 121344K(121344K)->77376K(232960K) Eden: 116736K(116736K)->0K(116736K) From: 4608K(4608K)->77376K(116224K)
[7.017s][info][gc,heap        ] GC(15) ParOldGen: 346470K(699392K)->351110K(699392K)
[7.017s][info][gc,metaspace   ] GC(15) Metaspace: 16047K(16320K)->16047K(16320K) NonClass: 13733K(13888K)->13733K(13888K) Class: 2314K(2432K)->2314K(2432K)
[7.017s][info][gc             ] GC(15) Pause Young (Allocation Failure) 456M->418M(910M) 26.015ms
[7.017s][info][gc,cpu         ] GC(15) User=0.33s Sys=0.00s Real=0.02s
[7.310s][info][gc,start       ] GC(16) Pause Young (Allocation Failure)
[7.357s][info][gc,heap        ] GC(16) PSYoungGen: 194112K(232960K)->43152K(232960K) Eden: 116736K(116736K)->0K(116736K) From: 77376K(116224K)->43152K(116224K)
[7.357s][info][gc,heap        ] GC(16) ParOldGen: 351110K(699392K)->424830K(699392K)
[7.357s][info][gc,metaspace   ] GC(16) Metaspace: 16070K(16320K)->16070K(16320K) NonClass: 13756K(13888K)->13756K(13888K) Class: 2314K(2432K)->2314K(2432K)
[7.357s][info][gc             ] GC(16) Pause Young (Allocation Failure) 532M->457M(910M) 47.730ms
[7.357s][info][gc,cpu         ] GC(16) User=0.94s Sys=0.05s Real=0.05s
[14.687s][info][gc,start       ] GC(17) Pause Young (Allocation Failure)
[14.720s][info][gc,heap        ] GC(17) PSYoungGen: 159888K(232960K)->38048K(155136K) Eden: 116735K(116736K)->0K(116736K) From: 43152K(116224K)->38048K(38400K)
[14.720s][info][gc,heap        ] GC(17) ParOldGen: 424830K(699392K)->462886K(699392K)
[14.720s][info][gc,metaspace   ] GC(17) Metaspace: 16609K(17088K)->16609K(17088K) NonClass: 14171K(14464K)->14171K(14464K) Class: 2437K(2624K)->2437K(2624K)
[14.720s][info][gc             ] GC(17) Pause Young (Allocation Failure) 571M->489M(834M) 33.414ms
[14.720s][info][gc,cpu         ] GC(17) User=0.66s Sys=0.00s Real=0.03s
[14.802s][info][gc,start       ] GC(18) Pause Young (Allocation Failure)
[14.833s][info][gc,heap        ] GC(18) PSYoungGen: 154784K(155136K)->50304K(235008K) Eden: 116736K(116736K)->0K(120320K) From: 38048K(38400K)->50304K(114688K)
[14.833s][info][gc,heap        ] GC(18) ParOldGen: 462886K(699392K)->499782K(699392K)
[14.833s][info][gc,metaspace   ] GC(18) Metaspace: 16609K(17088K)->16609K(17088K) NonClass: 14171K(14464K)->14171K(14464K) Class: 2437K(2624K)->2437K(2624K)
[14.833s][info][gc             ] GC(18) Pause Young (Allocation Failure) 603M->537M(912M) 31.066ms
[14.833s][info][gc,cpu         ] GC(18) User=0.58s Sys=0.05s Real=0.03s
[14.923s][info][gc,start       ] GC(19) Pause Young (Allocation Failure)
[14.956s][info][gc,heap        ] GC(19) PSYoungGen: 170624K(235008K)->52064K(231424K) Eden: 120320K(120320K)->0K(120320K) From: 50304K(114688K)->52064K(111104K)
[14.956s][info][gc,heap        ] GC(19) ParOldGen: 499782K(699392K)->548190K(699392K)
[14.956s][info][gc,metaspace   ] GC(19) Metaspace: 16609K(17088K)->16609K(17088K) NonClass: 14171K(14464K)->14171K(14464K) Class: 2437K(2624K)->2437K(2624K)
[14.956s][info][gc             ] GC(19) Pause Young (Allocation Failure) 654M->586M(909M) 33.768ms
[14.956s][info][gc,cpu         ] GC(19) User=0.64s Sys=0.02s Real=0.03s
[15.047s][info][gc,start       ] GC(20) Pause Young (Allocation Failure)
[15.082s][info][gc,heap        ] GC(20) PSYoungGen: 172384K(231424K)->52128K(235008K) Eden: 120320K(120320K)->0K(126464K) From: 52064K(111104K)->52128K(108544K)
[15.082s][info][gc,heap        ] GC(20) ParOldGen: 548190K(699392K)->597934K(699392K)
[15.082s][info][gc,metaspace   ] GC(20) Metaspace: 16609K(17088K)->16609K(17088K) NonClass: 14171K(14464K)->14171K(14464K) Class: 2437K(2624K)->2437K(2624K)
[15.082s][info][gc             ] GC(20) Pause Young (Allocation Failure) 703M->634M(912M) 34.533ms
[15.082s][info][gc,cpu         ] GC(20) User=0.83s Sys=0.16s Real=0.05s
[15.082s][info][gc,start       ] GC(21) Pause Full (Ergonomics)
[15.082s][info][gc,phases,start] GC(21) Marking Phase
[15.127s][info][gc,phases      ] GC(21) Marking Phase 44.847ms
[15.127s][info][gc,phases,start] GC(21) Summary Phase
[15.127s][info][gc,phases      ] GC(21) Summary Phase 0.030ms
[15.127s][info][gc,phases,start] GC(21) Adjust Roots
[15.130s][info][gc,phases      ] GC(21) Adjust Roots 3.102ms
[15.130s][info][gc,phases,start] GC(21) Compaction Phase
[15.208s][info][gc,phases      ] GC(21) Compaction Phase 77.745ms
[15.208s][info][gc,phases,start] GC(21) Post Compact
[15.218s][info][gc,phases      ] GC(21) Post Compact 10.160ms
[15.222s][info][gc,heap        ] GC(21) PSYoungGen: 52128K(235008K)->0K(231936K) Eden: 0K(126464K)->0K(126464K) From: 52128K(108544K)->0K(105472K)
[15.222s][info][gc,heap        ] GC(21) ParOldGen: 597934K(699392K)->189190K(567808K)
[15.222s][info][gc,metaspace   ] GC(21) Metaspace: 16609K(17088K)->16356K(17024K) NonClass: 14171K(14464K)->13995K(14400K) Class: 2437K(2624K)->2361K(2624K)
[15.222s][info][gc             ] GC(21) Pause Full (Ergonomics) 634M->184M(781M) 139.943ms
[15.222s][info][gc,cpu         ] GC(21) User=2.00s Sys=0.00s Real=0.13s
[15.322s][info][gc,start       ] GC(22) Pause Young (Allocation Failure)
[15.341s][info][gc,heap        ] GC(22) PSYoungGen: 126464K(231936K)->54688K(241664K) Eden: 126464K(126464K)->0K(137216K) From: 0K(105472K)->54688K(104448K)
[15.341s][info][gc,heap        ] GC(22) ParOldGen: 189190K(567808K)->189190K(567808K)
[15.341s][info][gc,metaspace   ] GC(22) Metaspace: 16356K(17024K)->16356K(17024K) NonClass: 13995K(14400K)->13995K(14400K) Class: 2361K(2624K)->2361K(2624K)
[15.341s][info][gc             ] GC(22) Pause Young (Allocation Failure) 308M->238M(790M) 18.661ms
[15.341s][info][gc,cpu         ] GC(22) User=0.30s Sys=0.00s Real=0.02s
[15.446s][info][gc,start       ] GC(23) Pause Young (Allocation Failure)
[15.481s][info][gc,heap        ] GC(23) PSYoungGen: 191904K(241664K)->59296K(240640K) Eden: 137216K(137216K)->0K(137216K) From: 54688K(104448K)->59296K(103424K)
[15.481s][info][gc,heap        ] GC(23) ParOldGen: 189190K(567808K)->241094K(567808K)
[15.481s][info][gc,metaspace   ] GC(23) Metaspace: 16356K(17024K)->16356K(17024K) NonClass: 13995K(14400K)->13995K(14400K) Class: 2361K(2624K)->2361K(2624K)
[15.481s][info][gc             ] GC(23) Pause Young (Allocation Failure) 372M->293M(789M) 34.960ms
[15.481s][info][gc,cpu         ] GC(23) User=0.59s Sys=0.00s Real=0.03s
[15.587s][info][gc,start       ] GC(24) Pause Young (Allocation Failure)
[15.624s][info][gc,heap        ] GC(24) PSYoungGen: 196512K(240640K)->59296K(244736K) Eden: 137216K(137216K)->0K(142336K) From: 59296K(103424K)->59296K(102400K)
[15.624s][info][gc,heap        ] GC(24) ParOldGen: 241094K(567808K)->297262K(567808K)
[15.624s][info][gc,metaspace   ] GC(24) Metaspace: 16356K(17024K)->16356K(17024K) NonClass: 13995K(14400K)->13995K(14400K) Class: 2361K(2624K)->2361K(2624K)
[15.624s][info][gc             ] GC(24) Pause Young (Allocation Failure) 427M->348M(793M) 37.423ms
[15.624s][info][gc,cpu         ] GC(24) User=0.56s Sys=0.00s Real=0.03s
[15.735s][info][gc,start       ] GC(25) Pause Young (Allocation Failure)
[15.772s][info][gc,heap        ] GC(25) PSYoungGen: 201632K(244736K)->61472K(244736K) Eden: 142336K(142336K)->0K(142336K) From: 59296K(102400K)->61472K(102400K)
[15.772s][info][gc,heap        ] GC(25) ParOldGen: 297262K(567808K)->353286K(567808K)
[15.772s][info][gc,metaspace   ] GC(25) Metaspace: 16356K(17024K)->16356K(17024K) NonClass: 13995K(14400K)->13995K(14400K) Class: 2361K(2624K)->2361K(2624K)
[15.772s][info][gc             ] GC(25) Pause Young (Allocation Failure) 487M->405M(793M) 37.206ms
[15.772s][info][gc,cpu         ] GC(25) User=0.89s Sys=0.00s Real=0.05s
[16.356s][info][gc,start       ] GC(26) Pause Young (Allocation Failure)
[16.419s][info][gc,heap        ] GC(26) PSYoungGen: 203808K(244736K)->102384K(219136K) Eden: 142336K(142336K)->0K(116736K) From: 61472K(102400K)->102384K(102400K)
[16.419s][info][gc,heap        ] GC(26) ParOldGen: 353286K(567808K)->426230K(567808K)
[16.419s][info][gc,metaspace   ] GC(26) Metaspace: 16380K(17024K)->16380K(17024K) NonClass: 14013K(14400K)->14013K(14400K) Class: 2366K(2624K)->2366K(2624K)
[16.419s][info][gc             ] GC(26) Pause Young (Allocation Failure) 544M->516M(768M) 63.239ms
[16.419s][info][gc,cpu         ] GC(26) User=1.19s Sys=0.00s Real=0.06s
[16.593s][info][gc,start       ] GC(27) Pause Young (Allocation Failure)
[16.637s][info][gc,heap        ] GC(27) PSYoungGen: 219120K(219136K)->3904K(232960K) Eden: 116736K(116736K)->0K(116736K) From: 102384K(102400K)->3904K(116224K)
[16.637s][info][gc,heap        ] GC(27) ParOldGen: 426230K(567808K)->466960K(567808K)
[16.637s][info][gc,metaspace   ] GC(27) Metaspace: 16380K(17024K)->16380K(17024K) NonClass: 14013K(14400K)->14013K(14400K) Class: 2366K(2624K)->2366K(2624K)
[16.637s][info][gc             ] GC(27) Pause Young (Allocation Failure) 630M->459M(782M) 44.263ms
[16.637s][info][gc,cpu         ] GC(27) User=0.84s Sys=0.00s Real=0.05s
[16.637s][info][gc,start       ] GC(28) Pause Full (Ergonomics)
[16.637s][info][gc,phases,start] GC(28) Marking Phase
[16.735s][info][gc,phases      ] GC(28) Marking Phase 98.267ms
[16.736s][info][gc,phases,start] GC(28) Summary Phase
[16.736s][info][gc,phases      ] GC(28) Summary Phase 0.021ms
[16.736s][info][gc,phases,start] GC(28) Adjust Roots
[16.738s][info][gc,phases      ] GC(28) Adjust Roots 2.917ms
[16.739s][info][gc,phases,start] GC(28) Compaction Phase
[17.051s][info][gc,phases      ] GC(28) Compaction Phase 312.601ms
[17.051s][info][gc,phases,start] GC(28) Post Compact
[17.054s][info][gc,phases      ] GC(28) Post Compact 2.555ms
[17.055s][info][gc,heap        ] GC(28) PSYoungGen: 3904K(232960K)->0K(232960K) Eden: 0K(116736K)->0K(116736K) From: 3904K(116224K)->0K(116224K)
[17.055s][info][gc,heap        ] GC(28) ParOldGen: 466960K(567808K)->443189K(699392K)
[17.055s][info][gc,metaspace   ] GC(28) Metaspace: 16380K(17024K)->16380K(17024K) NonClass: 14013K(14400K)->14013K(14400K) Class: 2366K(2624K)->2366K(2624K)
[17.055s][info][gc             ] GC(28) Pause Full (Ergonomics) 459M->432M(910M) 417.920ms
[17.055s][info][gc,cpu         ] GC(28) User=5.70s Sys=0.00s Real=0.42s
[17.230s][info][gc,start       ] GC(29) Pause Young (Allocation Failure)
[17.232s][info][gc,heap        ] GC(29) PSYoungGen: 116736K(232960K)->3648K(232960K) Eden: 116736K(116736K)->0K(116736K) From: 0K(116224K)->3648K(116224K)
[17.232s][info][gc,heap        ] GC(29) ParOldGen: 443189K(699392K)->443189K(699392K)
[17.232s][info][gc,metaspace   ] GC(29) Metaspace: 16380K(17024K)->16380K(17024K) NonClass: 14013K(14400K)->14013K(14400K) Class: 2366K(2624K)->2366K(2624K)
[17.232s][info][gc             ] GC(29) Pause Young (Allocation Failure) 546M->436M(910M) 2.026ms
[17.233s][info][gc,cpu         ] GC(29) User=0.00s Sys=0.00s Real=0.00s
[17.398s][info][gc,start       ] GC(30) Pause Young (Allocation Failure)
[17.400s][info][gc,heap        ] GC(30) PSYoungGen: 120384K(232960K)->2944K(232960K) Eden: 116736K(116736K)->0K(116736K) From: 3648K(116224K)->2944K(116224K)
[17.400s][info][gc,heap        ] GC(30) ParOldGen: 443189K(699392K)->443373K(699392K)
[17.400s][info][gc,metaspace   ] GC(30) Metaspace: 16380K(17024K)->16380K(17024K) NonClass: 14013K(14400K)->14013K(14400K) Class: 2366K(2624K)->2366K(2624K)
[17.400s][info][gc             ] GC(30) Pause Young (Allocation Failure) 550M->435M(910M) 1.849ms
[17.400s][info][gc,cpu         ] GC(30) User=0.00s Sys=0.00s Real=0.00s
[17.563s][info][gc,start       ] GC(31) Pause Young (Allocation Failure)
[17.564s][info][gc,heap        ] GC(31) PSYoungGen: 119680K(232960K)->864K(232960K) Eden: 116736K(116736K)->0K(116736K) From: 2944K(116224K)->864K(116224K)
[17.564s][info][gc,heap        ] GC(31) ParOldGen: 443373K(699392K)->443541K(699392K)
[17.565s][info][gc,metaspace   ] GC(31) Metaspace: 16380K(17024K)->16380K(17024K) NonClass: 14013K(14400K)->14013K(14400K) Class: 2366K(2624K)->2366K(2624K)
[17.565s][info][gc             ] GC(31) Pause Young (Allocation Failure) 549M->433M(910M) 1.158ms
[17.565s][info][gc,cpu         ] GC(31) User=0.00s Sys=0.00s Real=0.00s
[19.096s][info][gc,start       ] GC(32) Pause Young (System.gc())
[19.097s][info][gc,heap        ] GC(32) PSYoungGen: 117045K(232960K)->704K(232960K) Eden: 116181K(116736K)->0K(116736K) From: 864K(116224K)->704K(116224K)
[19.097s][info][gc,heap        ] GC(32) ParOldGen: 443541K(699392K)->443549K(699392K)
[19.097s][info][gc,metaspace   ] GC(32) Metaspace: 16802K(17280K)->16802K(17280K) NonClass: 14321K(14592K)->14321K(14592K) Class: 2481K(2688K)->2481K(2688K)
[19.097s][info][gc             ] GC(32) Pause Young (System.gc()) 547M->433M(910M) 0.887ms
[19.097s][info][gc,cpu         ] GC(32) User=0.00s Sys=0.00s Real=0.00s
[19.097s][info][gc,start       ] GC(33) Pause Full (System.gc())
[19.097s][info][gc,phases,start] GC(33) Marking Phase
[19.110s][info][gc,phases      ] GC(33) Marking Phase 12.725ms
[19.110s][info][gc,phases,start] GC(33) Summary Phase
[19.110s][info][gc,phases      ] GC(33) Summary Phase 0.018ms
[19.110s][info][gc,phases,start] GC(33) Adjust Roots
[19.115s][info][gc,phases      ] GC(33) Adjust Roots 5.500ms
[19.116s][info][gc,phases,start] GC(33) Compaction Phase
[19.121s][info][gc,phases      ] GC(33) Compaction Phase 5.357ms
[19.121s][info][gc,phases,start] GC(33) Post Compact
[19.124s][info][gc,phases      ] GC(33) Post Compact 2.996ms
[19.124s][info][gc,heap        ] GC(33) PSYoungGen: 704K(232960K)->0K(232960K) Eden: 0K(116736K)->0K(116736K) From: 704K(116224K)->0K(116224K)
[19.124s][info][gc,heap        ] GC(33) ParOldGen: 443549K(699392K)->6667K(699392K)
[19.124s][info][gc,metaspace   ] GC(33) Metaspace: 16802K(17280K)->16609K(17280K) NonClass: 14321K(14592K)->14187K(14592K) Class: 2481K(2688K)->2422K(2688K)
[19.124s][info][gc             ] GC(33) Pause Full (System.gc()) 433M->6M(910M) 26.821ms
[19.124s][info][gc,cpu         ] GC(33) User=0.03s Sys=0.00s Real=0.03s
[21.198s][info][gc,start       ] GC(34) Pause Young (Allocation Failure)
[21.199s][info][gc,heap        ] GC(34) PSYoungGen: 116736K(232960K)->1664K(232960K) Eden: 116736K(116736K)->0K(116736K) From: 0K(116224K)->1664K(116224K)
[21.199s][info][gc,heap        ] GC(34) ParOldGen: 6667K(699392K)->6667K(699392K)
[21.199s][info][gc,metaspace   ] GC(34) Metaspace: 16610K(17280K)->16610K(17280K) NonClass: 14188K(14592K)->14188K(14592K) Class: 2422K(2688K)->2422K(2688K)
[21.199s][info][gc             ] GC(34) Pause Young (Allocation Failure) 120M->8M(910M) 1.136ms
[21.199s][info][gc,cpu         ] GC(34) User=0.00s Sys=0.00s Real=0.00s
[21.216s][info][gc,start       ] GC(35) Pause Young (Allocation Failure)
[21.217s][info][gc,heap        ] GC(35) PSYoungGen: 118400K(232960K)->1312K(232960K) Eden: 116736K(116736K)->0K(116736K) From: 1664K(116224K)->1312K(116224K)
[21.217s][info][gc,heap        ] GC(35) ParOldGen: 6667K(699392K)->7203K(699392K)
[21.217s][info][gc,metaspace   ] GC(35) Metaspace: 16610K(17280K)->16610K(17280K) NonClass: 14188K(14592K)->14188K(14592K) Class: 2422K(2688K)->2422K(2688K)
[21.217s][info][gc             ] GC(35) Pause Young (Allocation Failure) 122M->8M(910M) 0.674ms
[21.217s][info][gc,cpu         ] GC(35) User=0.00s Sys=0.00s Real=0.00s
[21.231s][info][gc,start       ] GC(36) Pause Young (Allocation Failure)
[21.231s][info][gc,heap        ] GC(36) PSYoungGen: 118048K(232960K)->1344K(232960K) Eden: 116736K(116736K)->0K(116736K) From: 1312K(116224K)->1344K(116224K)
[21.231s][info][gc,heap        ] GC(36) ParOldGen: 7203K(699392K)->7387K(699392K)
[21.231s][info][gc,metaspace   ] GC(36) Metaspace: 16610K(17280K)->16610K(17280K) NonClass: 14188K(14592K)->14188K(14592K) Class: 2422K(2688K)->2422K(2688K)
[21.231s][info][gc             ] GC(36) Pause Young (Allocation Failure) 122M->8M(910M) 0.561ms
[21.231s][info][gc,cpu         ] GC(36) User=0.00s Sys=0.00s Real=0.00s
[21.244s][info][gc,start       ] GC(37) Pause Young (Allocation Failure)
[21.245s][info][gc,heap        ] GC(37) PSYoungGen: 118080K(232960K)->1376K(232960K) Eden: 116736K(116736K)->0K(116736K) From: 1344K(116224K)->1376K(116224K)
[21.245s][info][gc,heap        ] GC(37) ParOldGen: 7387K(699392K)->7555K(699392K)
[21.245s][info][gc,metaspace   ] GC(37) Metaspace: 16610K(17280K)->16610K(17280K) NonClass: 14188K(14592K)->14188K(14592K) Class: 2422K(2688K)->2422K(2688K)
[21.245s][info][gc             ] GC(37) Pause Young (Allocation Failure) 122M->8M(910M) 0.588ms
[21.245s][info][gc,cpu         ] GC(37) User=0.00s Sys=0.00s Real=0.00s
[21.257s][info][gc,start       ] GC(38) Pause Young (Allocation Failure)
[21.258s][info][gc,heap        ] GC(38) PSYoungGen: 118111K(232960K)->1440K(118272K) Eden: 116735K(116736K)->0K(116736K) From: 1376K(116224K)->1440K(1536K)
[21.258s][info][gc,heap        ] GC(38) ParOldGen: 7555K(699392K)->7763K(699392K)
[21.258s][info][gc,metaspace   ] GC(38) Metaspace: 16610K(17280K)->16610K(17280K) NonClass: 14188K(14592K)->14188K(14592K) Class: 2422K(2688K)->2422K(2688K)
[21.258s][info][gc             ] GC(38) Pause Young (Allocation Failure) 122M->8M(798M) 1.260ms
[21.258s][info][gc,cpu         ] GC(38) User=0.00s Sys=0.00s Real=0.00s
[21.270s][info][gc,start       ] GC(39) Pause Young (Allocation Failure)
[21.272s][info][gc,heap        ] GC(39) PSYoungGen: 118176K(118272K)->1664K(232960K) Eden: 116736K(116736K)->0K(122368K) From: 1440K(1536K)->1664K(110592K)
[21.272s][info][gc,heap        ] GC(39) ParOldGen: 7763K(699392K)->7763K(699392K)
[21.272s][info][gc,metaspace   ] GC(39) Metaspace: 16610K(17280K)->16610K(17280K) NonClass: 14188K(14592K)->14188K(14592K) Class: 2422K(2688K)->2422K(2688K)
[21.272s][info][gc             ] GC(39) Pause Young (Allocation Failure) 122M->9M(910M) 1.508ms
[21.272s][info][gc,cpu         ] GC(39) User=0.00s Sys=0.00s Real=0.00s
[21.284s][info][gc,start       ] GC(40) Pause Young (Allocation Failure)
[21.285s][info][gc,heap        ] GC(40) PSYoungGen: 124032K(232960K)->1536K(230912K) Eden: 122368K(122368K)->0K(122368K) From: 1664K(110592K)->1536K(108544K)
[21.285s][info][gc,heap        ] GC(40) ParOldGen: 7763K(699392K)->7763K(699392K)
[21.285s][info][gc,metaspace   ] GC(40) Metaspace: 16610K(17280K)->16610K(17280K) NonClass: 14188K(14592K)->14188K(14592K) Class: 2422K(2688K)->2422K(2688K)
[21.285s][info][gc             ] GC(40) Pause Young (Allocation Failure) 128M->9M(908M) 1.397ms
[21.286s][info][gc,cpu         ] GC(40) User=0.00s Sys=0.00s Real=0.00s
[21.298s][info][gc,start       ] GC(41) Pause Young (Allocation Failure)
[21.300s][info][gc,heap        ] GC(41) PSYoungGen: 123904K(230912K)->1664K(221696K) Eden: 122368K(122368K)->0K(130048K) From: 1536K(108544K)->1664K(91648K)
[21.300s][info][gc,heap        ] GC(41) ParOldGen: 7763K(699392K)->7763K(699392K)
[21.300s][info][gc,metaspace   ] GC(41) Metaspace: 16610K(17280K)->16610K(17280K) NonClass: 14188K(14592K)->14188K(14592K) Class: 2422K(2688K)->2422K(2688K)
[21.300s][info][gc             ] GC(41) Pause Young (Allocation Failure) 128M->9M(899M) 2.213ms
[21.300s][info][gc,cpu         ] GC(41) User=0.00s Sys=0.00s Real=0.00s
[21.313s][info][gc,start       ] GC(42) Pause Young (Allocation Failure)
[21.315s][info][gc,heap        ] GC(42) PSYoungGen: 131712K(221696K)->1696K(227328K) Eden: 130048K(130048K)->0K(130048K) From: 1664K(91648K)->1696K(97280K)
[21.315s][info][gc,heap        ] GC(42) ParOldGen: 7763K(699392K)->7763K(699392K)
[21.315s][info][gc,metaspace   ] GC(42) Metaspace: 16610K(17280K)->16610K(17280K) NonClass: 14188K(14592K)->14188K(14592K) Class: 2422K(2688K)->2422K(2688K)
[21.315s][info][gc             ] GC(42) Pause Young (Allocation Failure) 136M->9M(905M) 1.198ms
[21.315s][info][gc,cpu         ] GC(42) User=0.00s Sys=0.00s Real=0.00s
[21.328s][info][gc,start       ] GC(43) Pause Young (Allocation Failure)
[21.330s][info][gc,heap        ] GC(43) PSYoungGen: 131744K(227328K)->1568K(219136K) Eden: 130048K(130048K)->0K(137728K) From: 1696K(97280K)->1568K(81408K)
[21.330s][info][gc,heap        ] GC(43) ParOldGen: 7763K(699392K)->7763K(699392K)
[21.330s][info][gc,metaspace   ] GC(43) Metaspace: 16610K(17280K)->16610K(17280K) NonClass: 14188K(14592K)->14188K(14592K) Class: 2422K(2688K)->2422K(2688K)
[21.330s][info][gc             ] GC(43) Pause Young (Allocation Failure) 136M->9M(897M) 2.576ms
[21.330s][info][gc,cpu         ] GC(43) User=0.00s Sys=0.00s Real=0.00s
[21.344s][info][gc,start       ] GC(44) Pause Young (Allocation Failure)
[21.346s][info][gc,heap        ] GC(44) PSYoungGen: 139296K(219136K)->1632K(224256K) Eden: 137728K(137728K)->0K(137728K) From: 1568K(81408K)->1632K(86528K)
[21.346s][info][gc,heap        ] GC(44) ParOldGen: 7763K(699392K)->7763K(699392K)
[21.346s][info][gc,metaspace   ] GC(44) Metaspace: 16610K(17280K)->16610K(17280K) NonClass: 14188K(14592K)->14188K(14592K) Class: 2422K(2688K)->2422K(2688K)
[21.346s][info][gc             ] GC(44) Pause Young (Allocation Failure) 143M->9M(902M) 1.364ms
[21.346s][info][gc,cpu         ] GC(44) User=0.00s Sys=0.00s Real=0.00s
[21.360s][info][gc,start       ] GC(45) Pause Young (Allocation Failure)
[21.362s][info][gc,heap        ] GC(45) PSYoungGen: 139360K(224256K)->1696K(216576K) Eden: 137728K(137728K)->0K(145408K) From: 1632K(86528K)->1696K(71168K)
[21.362s][info][gc,heap        ] GC(45) ParOldGen: 7763K(699392K)->7763K(699392K)
[21.362s][info][gc,metaspace   ] GC(45) Metaspace: 16610K(17280K)->16610K(17280K) NonClass: 14188K(14592K)->14188K(14592K) Class: 2422K(2688K)->2422K(2688K)
[21.362s][info][gc             ] GC(45) Pause Young (Allocation Failure) 143M->9M(894M) 2.140ms
[21.362s][info][gc,cpu         ] GC(45) User=0.00s Sys=0.00s Real=0.00s
[21.377s][info][gc,start       ] GC(46) Pause Young (Allocation Failure)
[21.378s][info][gc,heap        ] GC(46) PSYoungGen: 147104K(216576K)->1632K(221696K) Eden: 145408K(145408K)->0K(145408K) From: 1696K(71168K)->1632K(76288K)
[21.378s][info][gc,heap        ] GC(46) ParOldGen: 7763K(699392K)->7763K(699392K)
[21.378s][info][gc,metaspace   ] GC(46) Metaspace: 16610K(17280K)->16610K(17280K) NonClass: 14188K(14592K)->14188K(14592K) Class: 2422K(2688K)->2422K(2688K)
[21.378s][info][gc             ] GC(46) Pause Young (Allocation Failure) 151M->9M(899M) 1.244ms
[21.378s][info][gc,cpu         ] GC(46) User=0.00s Sys=0.00s Real=0.00s
[21.392s][info][gc,start       ] GC(47) Pause Young (Allocation Failure)
[21.394s][info][gc,heap        ] GC(47) PSYoungGen: 147040K(221696K)->1664K(214528K) Eden: 145408K(145408K)->0K(152064K) From: 1632K(76288K)->1664K(62464K)
[21.395s][info][gc,heap        ] GC(47) ParOldGen: 7763K(699392K)->7763K(699392K)
[21.395s][info][gc,metaspace   ] GC(47) Metaspace: 16610K(17280K)->16610K(17280K) NonClass: 14188K(14592K)->14188K(14592K) Class: 2422K(2688K)->2422K(2688K)
[21.395s][info][gc             ] GC(47) Pause Young (Allocation Failure) 151M->9M(892M) 2.092ms
[21.395s][info][gc,cpu         ] GC(47) User=0.00s Sys=0.00s Real=0.00s
[21.410s][info][gc,start       ] GC(48) Pause Young (Allocation Failure)
[21.411s][info][gc,heap        ] GC(48) PSYoungGen: 153728K(214528K)->1504K(219136K) Eden: 152064K(152064K)->0K(152064K) From: 1664K(62464K)->1504K(67072K)
[21.411s][info][gc,heap        ] GC(48) ParOldGen: 7763K(699392K)->7763K(699392K)
[21.411s][info][gc,metaspace   ] GC(48) Metaspace: 16610K(17280K)->16610K(17280K) NonClass: 14188K(14592K)->14188K(14592K) Class: 2422K(2688K)->2422K(2688K)
[21.411s][info][gc             ] GC(48) Pause Young (Allocation Failure) 157M->9M(897M) 0.859ms
[21.411s][info][gc,cpu         ] GC(48) User=0.00s Sys=0.00s Real=0.00s
[21.426s][info][gc,start       ] GC(49) Pause Young (Allocation Failure)
[21.428s][info][gc,heap        ] GC(49) PSYoungGen: 153568K(219136K)->1600K(212992K) Eden: 152064K(152064K)->0K(158720K) From: 1504K(67072K)->1600K(54272K)
[21.428s][info][gc,heap        ] GC(49) ParOldGen: 7763K(699392K)->7763K(699392K)
[21.428s][info][gc,metaspace   ] GC(49) Metaspace: 16610K(17280K)->16610K(17280K) NonClass: 14188K(14592K)->14188K(14592K) Class: 2422K(2688K)->2422K(2688K)
[21.428s][info][gc             ] GC(49) Pause Young (Allocation Failure) 157M->9M(891M) 2.031ms
[21.429s][info][gc,cpu         ] GC(49) User=0.00s Sys=0.00s Real=0.00s
[21.445s][info][gc,start       ] GC(50) Pause Young (Allocation Failure)
[21.446s][info][gc,heap        ] GC(50) PSYoungGen: 160320K(212992K)->1664K(217600K) Eden: 158720K(158720K)->0K(158720K) From: 1600K(54272K)->1664K(58880K)
[21.446s][info][gc,heap        ] GC(50) ParOldGen: 7763K(699392K)->7763K(699392K)
[21.446s][info][gc,metaspace   ] GC(50) Metaspace: 16610K(17280K)->16610K(17280K) NonClass: 14188K(14592K)->14188K(14592K) Class: 2422K(2688K)->2422K(2688K)
[21.446s][info][gc             ] GC(50) Pause Young (Allocation Failure) 164M->9M(895M) 0.973ms
[21.446s][info][gc,cpu         ] GC(50) User=0.00s Sys=0.00s Real=0.00s
[21.462s][info][gc,start       ] GC(51) Pause Young (Allocation Failure)
[21.464s][info][gc,heap        ] GC(51) PSYoungGen: 160384K(217600K)->1568K(213504K) Eden: 158720K(158720K)->0K(165888K) From: 1664K(58880K)->1568K(47616K)
[21.464s][info][gc,heap        ] GC(51) ParOldGen: 7763K(699392K)->7763K(699392K)
[21.464s][info][gc,metaspace   ] GC(51) Metaspace: 16610K(17280K)->16610K(17280K) NonClass: 14188K(14592K)->14188K(14592K) Class: 2422K(2688K)->2422K(2688K)
[21.464s][info][gc             ] GC(51) Pause Young (Allocation Failure) 164M->9M(891M) 1.753ms
[21.464s][info][gc,cpu         ] GC(51) User=0.00s Sys=0.00s Real=0.00s
[21.481s][info][gc,start       ] GC(52) Pause Young (Allocation Failure)
[21.481s][info][gc,heap        ] GC(52) PSYoungGen: 167456K(213504K)->1600K(217088K) Eden: 165888K(165888K)->0K(165888K) From: 1568K(47616K)->1600K(51200K)
[21.481s][info][gc,heap        ] GC(52) ParOldGen: 7763K(699392K)->7763K(699392K)
[21.481s][info][gc,metaspace   ] GC(52) Metaspace: 16610K(17280K)->16610K(17280K) NonClass: 14188K(14592K)->14188K(14592K) Class: 2422K(2688K)->2422K(2688K)
[21.481s][info][gc             ] GC(52) Pause Young (Allocation Failure) 171M->9M(895M) 0.613ms
[21.481s][info][gc,cpu         ] GC(52) User=0.00s Sys=0.00s Real=0.00s
[21.498s][info][gc,start       ] GC(53) Pause Young (Allocation Failure)
[21.500s][info][gc,heap        ] GC(53) PSYoungGen: 167488K(217088K)->1472K(213504K) Eden: 165888K(165888K)->0K(173056K) From: 1600K(51200K)->1472K(40448K)
[21.500s][info][gc,heap        ] GC(53) ParOldGen: 7763K(699392K)->7883K(699392K)
[21.500s][info][gc,metaspace   ] GC(53) Metaspace: 16610K(17280K)->16610K(17280K) NonClass: 14188K(14592K)->14188K(14592K) Class: 2422K(2688K)->2422K(2688K)
[21.500s][info][gc             ] GC(53) Pause Young (Allocation Failure) 171M->9M(891M) 2.002ms
[21.500s][info][gc,cpu         ] GC(53) User=0.00s Sys=0.00s Real=0.00s
[21.518s][info][gc,start       ] GC(54) Pause Young (Allocation Failure)
[21.519s][info][gc,heap        ] GC(54) PSYoungGen: 174528K(213504K)->1440K(217088K) Eden: 173056K(173056K)->0K(173056K) From: 1472K(40448K)->1440K(44032K)
[21.519s][info][gc,heap        ] GC(54) ParOldGen: 7883K(699392K)->7963K(699392K)
[21.519s][info][gc,metaspace   ] GC(54) Metaspace: 16610K(17280K)->16610K(17280K) NonClass: 14188K(14592K)->14188K(14592K) Class: 2422K(2688K)->2422K(2688K)
[21.519s][info][gc             ] GC(54) Pause Young (Allocation Failure) 178M->9M(895M) 0.576ms
[21.519s][info][gc,cpu         ] GC(54) User=0.00s Sys=0.00s Real=0.00s
[21.537s][info][gc,start       ] GC(55) Pause Young (Allocation Failure)
[21.538s][info][gc,heap        ] GC(55) PSYoungGen: 174496K(217088K)->1440K(215040K) Eden: 173056K(173056K)->0K(179712K) From: 1440K(44032K)->1440K(35328K)
[21.538s][info][gc,heap        ] GC(55) ParOldGen: 7963K(699392K)->8011K(699392K)
[21.538s][info][gc,metaspace   ] GC(55) Metaspace: 16610K(17280K)->16610K(17280K) NonClass: 14188K(14592K)->14188K(14592K) Class: 2422K(2688K)->2422K(2688K)
[21.538s][info][gc             ] GC(55) Pause Young (Allocation Failure) 178M->9M(893M) 1.518ms
[21.538s][info][gc,cpu         ] GC(55) User=0.00s Sys=0.00s Real=0.00s
[21.557s][info][gc,start       ] GC(56) Pause Young (Allocation Failure)
[21.558s][info][gc,heap        ] GC(56) PSYoungGen: 181152K(215040K)->1408K(218112K) Eden: 179712K(179712K)->0K(179712K) From: 1440K(35328K)->1408K(38400K)
[21.558s][info][gc,heap        ] GC(56) ParOldGen: 8011K(699392K)->8059K(699392K)
[21.558s][info][gc,metaspace   ] GC(56) Metaspace: 16610K(17280K)->16610K(17280K) NonClass: 14188K(14592K)->14188K(14592K) Class: 2422K(2688K)->2422K(2688K)
[21.558s][info][gc             ] GC(56) Pause Young (Allocation Failure) 184M->9M(896M) 0.542ms
[21.558s][info][gc,cpu         ] GC(56) User=0.00s Sys=0.00s Real=0.00s
[21.661s][info][gc,start       ] GC(57) Pause Young (Allocation Failure)
[21.694s][info][gc,heap        ] GC(57) PSYoungGen: 181120K(218112K)->35836K(195072K) Eden: 179712K(179712K)->0K(159232K) From: 1408K(38400K)->35836K(35840K)
[21.694s][info][gc,heap        ] GC(57) ParOldGen: 8059K(699392K)->58715K(699392K)
[21.694s][info][gc,metaspace   ] GC(57) Metaspace: 16610K(17280K)->16610K(17280K) NonClass: 14188K(14592K)->14188K(14592K) Class: 2422K(2688K)->2422K(2688K)
[21.694s][info][gc             ] GC(57) Pause Young (Allocation Failure) 184M->92M(873M) 32.848ms
[21.694s][info][gc,cpu         ] GC(57) User=0.66s Sys=0.00s Real=0.03s
[21.851s][info][gc,start       ] GC(58) Pause Young (Allocation Failure)
[21.901s][info][gc,heap        ] GC(58) PSYoungGen: 195068K(195072K)->62955K(222208K) Eden: 159232K(159232K)->0K(159232K) From: 35836K(35840K)->62955K(62976K)
[21.901s][info][gc,heap        ] GC(58) ParOldGen: 58715K(699392K)->132203K(699392K)
[21.901s][info][gc,metaspace   ] GC(58) Metaspace: 16610K(17280K)->16610K(17280K) NonClass: 14188K(14592K)->14188K(14592K) Class: 2422K(2688K)->2422K(2688K)
[21.901s][info][gc             ] GC(58) Pause Young (Allocation Failure) 247M->190M(900M) 49.263ms
[21.901s][info][gc,cpu         ] GC(58) User=0.94s Sys=0.00s Real=0.05s
[22.066s][info][gc,start       ] GC(59) Pause Young (Allocation Failure)
[22.127s][info][gc,heap        ] GC(59) PSYoungGen: 222187K(222208K)->103420K(220160K) Eden: 159232K(159232K)->0K(116736K) From: 62955K(62976K)->103420K(103424K)
[22.127s][info][gc,heap        ] GC(59) ParOldGen: 132203K(699392K)->196283K(699392K)
[22.127s][info][gc,metaspace   ] GC(59) Metaspace: 16610K(17280K)->16610K(17280K) NonClass: 14188K(14592K)->14188K(14592K) Class: 2422K(2688K)->2422K(2688K)
[22.127s][info][gc             ] GC(59) Pause Young (Allocation Failure) 346M->292M(898M) 60.829ms
[22.127s][info][gc,cpu         ] GC(59) User=0.81s Sys=0.50s Real=0.06s
[22.250s][info][gc,start       ] GC(60) Pause Young (Allocation Failure)
[22.304s][info][gc,heap        ] GC(60) PSYoungGen: 220156K(220160K)->116220K(232960K) Eden: 116736K(116736K)->0K(116736K) From: 103420K(103424K)->116220K(116224K)
[22.304s][info][gc,heap        ] GC(60) ParOldGen: 196283K(699392K)->259899K(699392K)
[22.304s][info][gc,metaspace   ] GC(60) Metaspace: 16610K(17280K)->16610K(17280K) NonClass: 14188K(14592K)->14188K(14592K) Class: 2422K(2688K)->2422K(2688K)
[22.304s][info][gc             ] GC(60) Pause Young (Allocation Failure) 406M->367M(910M) 54.550ms
[22.304s][info][gc,cpu         ] GC(60) User=1.31s Sys=0.00s Real=0.06s
[22.427s][info][gc,start       ] GC(61) Pause Young (Allocation Failure)
[22.490s][info][gc,heap        ] GC(61) PSYoungGen: 232956K(232960K)->116220K(232960K) Eden: 116736K(116736K)->0K(116736K) From: 116220K(116224K)->116220K(116224K)
[22.491s][info][gc,heap        ] GC(61) ParOldGen: 259899K(699392K)->336547K(699392K)
[22.491s][info][gc,metaspace   ] GC(61) Metaspace: 16610K(17280K)->16610K(17280K) NonClass: 14188K(14592K)->14188K(14592K) Class: 2422K(2688K)->2422K(2688K)
[22.491s][info][gc             ] GC(61) Pause Young (Allocation Failure) 481M->442M(910M) 63.480ms
[22.491s][info][gc,cpu         ] GC(61) User=1.31s Sys=0.00s Real=0.06s
[23.085s][info][gc,start       ] GC(62) Pause Young (Allocation Failure)
[23.126s][info][gc,heap        ] GC(62) PSYoungGen: 232956K(232960K)->116220K(232960K) Eden: 116736K(116736K)->0K(116736K) From: 116220K(116224K)->116220K(116224K)
[23.126s][info][gc,heap        ] GC(62) ParOldGen: 336547K(699392K)->347995K(699392K)
[23.126s][info][gc,metaspace   ] GC(62) Metaspace: 16613K(17280K)->16613K(17280K) NonClass: 14191K(14592K)->14191K(14592K) Class: 2422K(2688K)->2422K(2688K)
[23.126s][info][gc             ] GC(62) Pause Young (Allocation Failure) 556M->453M(910M) 40.888ms
[23.126s][info][gc,cpu         ] GC(62) User=0.66s Sys=0.00s Real=0.03s
[30.836s][info][gc,start       ] GC(63) Pause Young (Allocation Failure)
[30.888s][info][gc,heap        ] GC(63) PSYoungGen: 232956K(232960K)->116220K(232960K) Eden: 116736K(116736K)->0K(116736K) From: 116220K(116224K)->116220K(116224K)
[30.888s][info][gc,heap        ] GC(63) ParOldGen: 347995K(699392K)->386547K(699392K)
[30.888s][info][gc,metaspace   ] GC(63) Metaspace: 16616K(17280K)->16616K(17280K) NonClass: 14193K(14592K)->14193K(14592K) Class: 2422K(2688K)->2422K(2688K)
[30.888s][info][gc             ] GC(63) Pause Young (Allocation Failure) 567M->490M(910M) 52.445ms
[30.888s][info][gc,cpu         ] GC(63) User=0.98s Sys=0.00s Real=0.05s
[30.981s][info][gc,start       ] GC(64) Pause Young (Allocation Failure)
[31.041s][info][gc,heap        ] GC(64) PSYoungGen: 232956K(232960K)->116220K(232960K) Eden: 116736K(116736K)->0K(116736K) From: 116220K(116224K)->116220K(116224K)
[31.041s][info][gc,heap        ] GC(64) ParOldGen: 386547K(699392K)->436651K(699392K)
[31.041s][info][gc,metaspace   ] GC(64) Metaspace: 16616K(17280K)->16616K(17280K) NonClass: 14193K(14592K)->14193K(14592K) Class: 2422K(2688K)->2422K(2688K)
[31.041s][info][gc             ] GC(64) Pause Young (Allocation Failure) 604M->539M(910M) 59.583ms
[31.041s][info][gc,cpu         ] GC(64) User=1.31s Sys=0.00s Real=0.06s
[31.136s][info][gc,start       ] GC(65) Pause Young (Allocation Failure)
[31.190s][info][gc,heap        ] GC(65) PSYoungGen: 232956K(232960K)->116224K(232960K) Eden: 116736K(116736K)->0K(116736K) From: 116220K(116224K)->116224K(116224K)
[31.199s][info][gc,heap        ] GC(65) ParOldGen: 436651K(699392K)->486583K(699392K)
[31.199s][info][gc,metaspace   ] GC(65) Metaspace: 16616K(17280K)->16616K(17280K) NonClass: 14193K(14592K)->14193K(14592K) Class: 2422K(2688K)->2422K(2688K)
[31.199s][info][gc             ] GC(65) Pause Young (Allocation Failure) 653M->588M(910M) 63.444ms
[31.199s][info][gc,cpu         ] GC(65) User=1.31s Sys=0.00s Real=0.06s
[31.299s][info][gc,start       ] GC(66) Pause Young (Allocation Failure)
[31.348s][info][gc,heap        ] GC(66) PSYoungGen: 232960K(232960K)->116224K(232960K) Eden: 116736K(116736K)->0K(116736K) From: 116224K(116224K)->116224K(116224K)
[31.348s][info][gc,heap        ] GC(66) ParOldGen: 486583K(699392K)->535431K(699392K)
[31.348s][info][gc,metaspace   ] GC(66) Metaspace: 16616K(17280K)->16616K(17280K) NonClass: 14193K(14592K)->14193K(14592K) Class: 2422K(2688K)->2422K(2688K)
[31.348s][info][gc             ] GC(66) Pause Young (Allocation Failure) 702M->636M(910M) 48.446ms
[31.348s][info][gc,cpu         ] GC(66) User=0.98s Sys=0.00s Real=0.05s
[31.447s][info][gc,start       ] GC(67) Pause Young (Allocation Failure)
[31.501s][info][gc,heap        ] GC(67) PSYoungGen: 232960K(232960K)->116224K(232960K) Eden: 116736K(116736K)->0K(116736K) From: 116224K(116224K)->116224K(116224K)
[31.501s][info][gc,heap        ] GC(67) ParOldGen: 535431K(699392K)->584167K(699392K)
[31.501s][info][gc,metaspace   ] GC(67) Metaspace: 16616K(17280K)->16616K(17280K) NonClass: 14193K(14592K)->14193K(14592K) Class: 2422K(2688K)->2422K(2688K)
[31.501s][info][gc             ] GC(67) Pause Young (Allocation Failure) 750M->683M(910M) 54.070ms
[31.501s][info][gc,cpu         ] GC(67) User=1.30s Sys=0.02s Real=0.06s
[31.600s][info][gc,start       ] GC(68) Pause Young (Allocation Failure)
[31.653s][info][gc,heap        ] GC(68) PSYoungGen: 232960K(232960K)->116224K(232960K) Eden: 116736K(116736K)->0K(116736K) From: 116224K(116224K)->116224K(116224K)
[31.653s][info][gc,heap        ] GC(68) ParOldGen: 584167K(699392K)->634135K(699392K)
[31.653s][info][gc,metaspace   ] GC(68) Metaspace: 16616K(17280K)->16616K(17280K) NonClass: 14193K(14592K)->14193K(14592K) Class: 2422K(2688K)->2422K(2688K)
[31.653s][info][gc             ] GC(68) Pause Young (Allocation Failure) 797M->732M(910M) 52.941ms
[31.653s][info][gc,cpu         ] GC(68) User=0.97s Sys=0.02s Real=0.05s
[31.653s][info][gc,start       ] GC(69) Pause Full (Ergonomics)
[31.653s][info][gc,phases,start] GC(69) Marking Phase
[31.708s][info][gc,phases      ] GC(69) Marking Phase 55.362ms
[31.708s][info][gc,phases,start] GC(69) Summary Phase
[31.708s][info][gc,phases      ] GC(69) Summary Phase 0.028ms
[31.708s][info][gc,phases,start] GC(69) Adjust Roots
[31.710s][info][gc,phases      ] GC(69) Adjust Roots 1.969ms
[31.710s][info][gc,phases,start] GC(69) Compaction Phase
[31.806s][info][gc,phases      ] GC(69) Compaction Phase 95.705ms
[31.806s][info][gc,phases,start] GC(69) Post Compact
[31.810s][info][gc,phases      ] GC(69) Post Compact 3.495ms
[31.810s][info][gc,heap        ] GC(69) PSYoungGen: 116224K(232960K)->0K(232960K) Eden: 0K(116736K)->0K(116736K) From: 116224K(116224K)->0K(116224K)
[31.810s][info][gc,heap        ] GC(69) ParOldGen: 634135K(699392K)->284625K(699392K)
[31.810s][info][gc,metaspace   ] GC(69) Metaspace: 16616K(17280K)->16616K(17280K) NonClass: 14193K(14592K)->14193K(14592K) Class: 2422K(2688K)->2422K(2688K)
[31.810s][info][gc             ] GC(69) Pause Full (Ergonomics) 732M->277M(910M) 156.785ms
[31.810s][info][gc,cpu         ] GC(69) User=2.97s Sys=0.00s Real=0.16s
[31.912s][info][gc,start       ] GC(70) Pause Young (Allocation Failure)
[31.928s][info][gc,heap        ] GC(70) PSYoungGen: 116736K(232960K)->50656K(232960K) Eden: 116736K(116736K)->0K(116736K) From: 0K(116224K)->50656K(116224K)
[31.928s][info][gc,heap        ] GC(70) ParOldGen: 284625K(699392K)->284625K(699392K)
[31.928s][info][gc,metaspace   ] GC(70) Metaspace: 16616K(17280K)->16616K(17280K) NonClass: 14193K(14592K)->14193K(14592K) Class: 2422K(2688K)->2422K(2688K)
[31.928s][info][gc             ] GC(70) Pause Young (Allocation Failure) 391M->327M(910M) 16.425ms
[31.928s][info][gc,cpu         ] GC(70) User=0.33s Sys=0.00s Real=0.02s
[32.028s][info][gc,start       ] GC(71) Pause Young (Allocation Failure)
[32.055s][info][gc,heap        ] GC(71) PSYoungGen: 167392K(232960K)->98112K(232960K) Eden: 116736K(116736K)->0K(116736K) From: 50656K(116224K)->98112K(116224K)
[32.055s][info][gc,heap        ] GC(71) ParOldGen: 284625K(699392K)->284625K(699392K)
[32.055s][info][gc,metaspace   ] GC(71) Metaspace: 16616K(17280K)->16616K(17280K) NonClass: 14193K(14592K)->14193K(14592K) Class: 2422K(2688K)->2422K(2688K)
[32.056s][info][gc             ] GC(71) Pause Young (Allocation Failure) 441M->373M(910M) 27.452ms
[32.056s][info][gc,cpu         ] GC(71) User=0.33s Sys=0.00s Real=0.02s
[32.157s][info][gc,start       ] GC(72) Pause Young (Allocation Failure)
[32.204s][info][gc,heap        ] GC(72) PSYoungGen: 214848K(232960K)->50784K(232960K) Eden: 116736K(116736K)->0K(116736K) From: 98112K(116224K)->50784K(116224K)
[32.204s][info][gc,heap        ] GC(72) ParOldGen: 284625K(699392K)->379329K(699392K)
[32.204s][info][gc,metaspace   ] GC(72) Metaspace: 16616K(17280K)->16616K(17280K) NonClass: 14193K(14592K)->14193K(14592K) Class: 2422K(2688K)->2422K(2688K)
[32.204s][info][gc             ] GC(72) Pause Young (Allocation Failure) 487M->420M(910M) 47.439ms
[32.204s][info][gc,cpu         ] GC(72) User=0.98s Sys=0.00s Real=0.05s
[32.785s][info][gc,start       ] GC(73) Pause Young (Allocation Failure)
[32.836s][info][gc,heap        ] GC(73) PSYoungGen: 167520K(232960K)->108563K(232960K) Eden: 116736K(116736K)->0K(116736K) From: 50784K(116224K)->108563K(116224K)
[32.836s][info][gc,heap        ] GC(73) ParOldGen: 379329K(699392K)->427393K(699392K)
[32.836s][info][gc,metaspace   ] GC(73) Metaspace: 16616K(17280K)->16616K(17280K) NonClass: 14193K(14592K)->14193K(14592K) Class: 2422K(2688K)->2422K(2688K)
[32.836s][info][gc             ] GC(73) Pause Young (Allocation Failure) 534M->523M(910M) 51.515ms
[32.836s][info][gc,cpu         ] GC(73) User=0.98s Sys=0.00s Real=0.05s
[33.031s][info][gc,start       ] GC(74) Pause Young (Allocation Failure)
[33.069s][info][gc,heap        ] GC(74) PSYoungGen: 225299K(232960K)->3904K(232960K) Eden: 116736K(116736K)->0K(116736K) From: 108563K(116224K)->3904K(116224K)
[33.069s][info][gc,heap        ] GC(74) ParOldGen: 427393K(699392K)->471670K(699392K)
[33.069s][info][gc,metaspace   ] GC(74) Metaspace: 16616K(17280K)->16616K(17280K) NonClass: 14193K(14592K)->14193K(14592K) Class: 2422K(2688K)->2422K(2688K)
[33.069s][info][gc             ] GC(74) Pause Young (Allocation Failure) 637M->464M(910M) 38.150ms
[33.069s][info][gc,cpu         ] GC(74) User=0.66s Sys=0.00s Real=0.03s
[33.263s][info][gc,start       ] GC(75) Pause Young (Allocation Failure)
[33.266s][info][gc,heap        ] GC(75) PSYoungGen: 120640K(232960K)->3552K(232960K) Eden: 116736K(116736K)->0K(116736K) From: 3904K(116224K)->3552K(116224K)
[33.266s][info][gc,heap        ] GC(75) ParOldGen: 471670K(699392K)->472070K(699392K)
[33.266s][info][gc,metaspace   ] GC(75) Metaspace: 16616K(17280K)->16616K(17280K) NonClass: 14193K(14592K)->14193K(14592K) Class: 2422K(2688K)->2422K(2688K)
[33.266s][info][gc             ] GC(75) Pause Young (Allocation Failure) 578M->464M(910M) 2.709ms
[33.266s][info][gc,cpu         ] GC(75) User=0.33s Sys=0.00s Real=0.02s
[33.447s][info][gc,start       ] GC(76) Pause Young (Allocation Failure)
[33.449s][info][gc,heap        ] GC(76) PSYoungGen: 120288K(232960K)->2944K(232960K) Eden: 116736K(116736K)->0K(116736K) From: 3552K(116224K)->2944K(116224K)
[33.450s][info][gc,heap        ] GC(76) ParOldGen: 472070K(699392K)->472278K(699392K)
[33.450s][info][gc,metaspace   ] GC(76) Metaspace: 16616K(17280K)->16616K(17280K) NonClass: 14193K(14592K)->14193K(14592K) Class: 2422K(2688K)->2422K(2688K)
[33.450s][info][gc             ] GC(76) Pause Young (Allocation Failure) 578M->464M(910M) 2.286ms
[33.450s][info][gc,cpu         ] GC(76) User=0.00s Sys=0.00s Real=0.00s
[33.611s][info][gc,start       ] GC(77) Pause Young (Allocation Failure)
[33.613s][info][gc,heap        ] GC(77) PSYoungGen: 119680K(232960K)->1536K(232960K) Eden: 116736K(116736K)->0K(116736K) From: 2944K(116224K)->1536K(116224K)
[33.613s][info][gc,heap        ] GC(77) ParOldGen: 472278K(699392K)->472446K(699392K)
[33.613s][info][gc,metaspace   ] GC(77) Metaspace: 16616K(17280K)->16616K(17280K) NonClass: 14193K(14592K)->14193K(14592K) Class: 2422K(2688K)->2422K(2688K)
[33.613s][info][gc             ] GC(77) Pause Young (Allocation Failure) 578M->462M(910M) 1.657ms
[33.613s][info][gc,cpu         ] GC(77) User=0.00s Sys=0.00s Real=0.02s
[35.087s][info][gc,start       ] GC(78) Pause Young (Allocation Failure)
[35.088s][info][gc,heap        ] GC(78) PSYoungGen: 118272K(232960K)->2208K(232960K) Eden: 116736K(116736K)->0K(116736K) From: 1536K(116224K)->2208K(116224K)
[35.089s][info][gc,heap        ] GC(78) ParOldGen: 472446K(699392K)->472446K(699392K)
[35.089s][info][gc,metaspace   ] GC(78) Metaspace: 16616K(17280K)->16616K(17280K) NonClass: 14193K(14592K)->14193K(14592K) Class: 2422K(2688K)->2422K(2688K)
[35.089s][info][gc             ] GC(78) Pause Young (Allocation Failure) 576M->463M(910M) 1.884ms
[35.089s][info][gc,cpu         ] GC(78) User=0.33s Sys=0.00s Real=0.02s
[35.091s][info][gc,start       ] GC(79) Pause Young (System.gc())
[35.092s][info][gc,heap        ] GC(79) PSYoungGen: 3351K(232960K)->96K(232960K) Eden: 1143K(116736K)->0K(116736K) From: 2208K(116224K)->96K(116224K)
[35.092s][info][gc,heap        ] GC(79) ParOldGen: 472446K(699392K)->472478K(699392K)
[35.092s][info][gc,metaspace   ] GC(79) Metaspace: 16616K(17280K)->16616K(17280K) NonClass: 14193K(14592K)->14193K(14592K) Class: 2422K(2688K)->2422K(2688K)
[35.092s][info][gc             ] GC(79) Pause Young (System.gc()) 464M->461M(910M) 1.159ms
[35.092s][info][gc,cpu         ] GC(79) User=0.00s Sys=0.00s Real=0.00s
[35.093s][info][gc,start       ] GC(80) Pause Full (System.gc())
[35.093s][info][gc,phases,start] GC(80) Marking Phase
[35.105s][info][gc,phases      ] GC(80) Marking Phase 11.916ms
[35.105s][info][gc,phases,start] GC(80) Summary Phase
[35.105s][info][gc,phases      ] GC(80) Summary Phase 0.028ms
[35.105s][info][gc,phases,start] GC(80) Adjust Roots
[35.107s][info][gc,phases      ] GC(80) Adjust Roots 2.312ms
[35.107s][info][gc,phases,start] GC(80) Compaction Phase
[35.114s][info][gc,phases      ] GC(80) Compaction Phase 6.889ms
[35.114s][info][gc,phases,start] GC(80) Post Compact
[35.117s][info][gc,phases      ] GC(80) Post Compact 2.899ms
[35.117s][info][gc,heap        ] GC(80) PSYoungGen: 96K(232960K)->0K(232960K) Eden: 0K(116736K)->0K(116736K) From: 96K(116224K)->0K(116224K)
[35.117s][info][gc,heap        ] GC(80) ParOldGen: 472478K(699392K)->8094K(699392K)
[35.117s][info][gc,metaspace   ] GC(80) Metaspace: 16616K(17280K)->16616K(17280K) NonClass: 14193K(14592K)->14193K(14592K) Class: 2422K(2688K)->2422K(2688K)
[35.117s][info][gc             ] GC(80) Pause Full (System.gc()) 461M->7M(910M) 24.323ms
[35.117s][info][gc,cpu         ] GC(80) User=0.05s Sys=0.00s Real=0.02s
[37.602s][info][gc,start       ] GC(81) Pause Young (Allocation Failure)
[37.603s][info][gc,heap        ] GC(81) PSYoungGen: 116736K(232960K)->1568K(232960K) Eden: 116736K(116736K)->0K(116736K) From: 0K(116224K)->1568K(116224K)
[37.603s][info][gc,heap        ] GC(81) ParOldGen: 8094K(699392K)->8094K(699392K)
[37.603s][info][gc,metaspace   ] GC(81) Metaspace: 16617K(17280K)->16617K(17280K) NonClass: 14194K(14592K)->14194K(14592K) Class: 2422K(2688K)->2422K(2688K)
[37.603s][info][gc             ] GC(81) Pause Young (Allocation Failure) 121M->9M(910M) 1.345ms
[37.603s][info][gc,cpu         ] GC(81) User=0.00s Sys=0.00s Real=0.00s
[37.618s][info][gc,start       ] GC(82) Pause Young (Allocation Failure)
[37.619s][info][gc,heap        ] GC(82) PSYoungGen: 118304K(232960K)->1408K(232960K) Eden: 116736K(116736K)->0K(116736K) From: 1568K(116224K)->1408K(116224K)
[37.619s][info][gc,heap        ] GC(82) ParOldGen: 8094K(699392K)->8654K(699392K)
[37.619s][info][gc,metaspace   ] GC(82) Metaspace: 16617K(17280K)->16617K(17280K) NonClass: 14194K(14592K)->14194K(14592K) Class: 2422K(2688K)->2422K(2688K)
[37.619s][info][gc             ] GC(82) Pause Young (Allocation Failure) 123M->9M(910M) 0.736ms
[37.619s][info][gc,cpu         ] GC(82) User=0.00s Sys=0.00s Real=0.00s
[37.632s][info][gc,start       ] GC(83) Pause Young (Allocation Failure)
[37.632s][info][gc,heap        ] GC(83) PSYoungGen: 118144K(232960K)->1408K(232960K) Eden: 116736K(116736K)->0K(116736K) From: 1408K(116224K)->1408K(116224K)
[37.632s][info][gc,heap        ] GC(83) ParOldGen: 8654K(699392K)->8838K(699392K)
[37.632s][info][gc,metaspace   ] GC(83) Metaspace: 16617K(17280K)->16617K(17280K) NonClass: 14194K(14592K)->14194K(14592K) Class: 2422K(2688K)->2422K(2688K)
[37.632s][info][gc             ] GC(83) Pause Young (Allocation Failure) 123M->10M(910M) 0.565ms
[37.632s][info][gc,cpu         ] GC(83) User=0.00s Sys=0.00s Real=0.00s
[37.644s][info][gc,start       ] GC(84) Pause Young (Allocation Failure)
[37.644s][info][gc,heap        ] GC(84) PSYoungGen: 118144K(232960K)->1376K(232960K) Eden: 116736K(116736K)->0K(116736K) From: 1408K(116224K)->1376K(116224K)
[37.644s][info][gc,heap        ] GC(84) ParOldGen: 8838K(699392K)->9030K(699392K)
[37.644s][info][gc,metaspace   ] GC(84) Metaspace: 16617K(17280K)->16617K(17280K) NonClass: 14194K(14592K)->14194K(14592K) Class: 2422K(2688K)->2422K(2688K)
[37.644s][info][gc             ] GC(84) Pause Young (Allocation Failure) 124M->10M(910M) 0.545ms
[37.644s][info][gc,cpu         ] GC(84) User=0.00s Sys=0.00s Real=0.00s
[37.656s][info][gc,start       ] GC(85) Pause Young (Allocation Failure)
[37.656s][info][gc,heap        ] GC(85) PSYoungGen: 118112K(232960K)->1408K(232960K) Eden: 116736K(116736K)->0K(116736K) From: 1376K(116224K)->1408K(116224K)
[37.656s][info][gc,heap        ] GC(85) ParOldGen: 9030K(699392K)->9206K(699392K)
[37.656s][info][gc,metaspace   ] GC(85) Metaspace: 16617K(17280K)->16617K(17280K) NonClass: 14194K(14592K)->14194K(14592K) Class: 2422K(2688K)->2422K(2688K)
[37.656s][info][gc             ] GC(85) Pause Young (Allocation Failure) 124M->10M(910M) 0.548ms
[37.656s][info][gc,cpu         ] GC(85) User=0.00s Sys=0.00s Real=0.00s
[37.667s][info][gc,start       ] GC(86) Pause Young (Allocation Failure)
[37.668s][info][gc,heap        ] GC(86) PSYoungGen: 118144K(232960K)->1344K(232960K) Eden: 116736K(116736K)->0K(116736K) From: 1408K(116224K)->1344K(116224K)
[37.668s][info][gc,heap        ] GC(86) ParOldGen: 9206K(699392K)->9398K(699392K)
[37.668s][info][gc,metaspace   ] GC(86) Metaspace: 16617K(17280K)->16617K(17280K) NonClass: 14194K(14592K)->14194K(14592K) Class: 2422K(2688K)->2422K(2688K)
[37.668s][info][gc             ] GC(86) Pause Young (Allocation Failure) 124M->10M(910M) 0.606ms
[37.668s][info][gc,cpu         ] GC(86) User=0.00s Sys=0.00s Real=0.00s
[37.679s][info][gc,start       ] GC(87) Pause Young (Allocation Failure)
[37.680s][info][gc,heap        ] GC(87) PSYoungGen: 118080K(232960K)->1376K(232960K) Eden: 116736K(116736K)->0K(116736K) From: 1344K(116224K)->1376K(116224K)
[37.680s][info][gc,heap        ] GC(87) ParOldGen: 9398K(699392K)->9590K(699392K)
[37.680s][info][gc,metaspace   ] GC(87) Metaspace: 16617K(17280K)->16617K(17280K) NonClass: 14194K(14592K)->14194K(14592K) Class: 2422K(2688K)->2422K(2688K)
[37.680s][info][gc             ] GC(87) Pause Young (Allocation Failure) 124M->10M(910M) 0.596ms
[37.680s][info][gc,cpu         ] GC(87) User=0.00s Sys=0.00s Real=0.00s
[37.691s][info][gc,start       ] GC(88) Pause Young (Allocation Failure)
[37.692s][info][gc,heap        ] GC(88) PSYoungGen: 118112K(232960K)->1376K(232960K) Eden: 116736K(116736K)->0K(116736K) From: 1376K(116224K)->1376K(116224K)
[37.692s][info][gc,heap        ] GC(88) ParOldGen: 9590K(699392K)->9790K(699392K)
[37.692s][info][gc,metaspace   ] GC(88) Metaspace: 16617K(17280K)->16617K(17280K) NonClass: 14194K(14592K)->14194K(14592K) Class: 2422K(2688K)->2422K(2688K)
[37.692s][info][gc             ] GC(88) Pause Young (Allocation Failure) 124M->10M(910M) 0.579ms
[37.692s][info][gc,cpu         ] GC(88) User=0.00s Sys=0.00s Real=0.00s
[37.703s][info][gc,start       ] GC(89) Pause Young (Allocation Failure)
[37.704s][info][gc,heap        ] GC(89) PSYoungGen: 118112K(232960K)->1376K(232960K) Eden: 116736K(116736K)->0K(116736K) From: 1376K(116224K)->1376K(116224K)
[37.704s][info][gc,heap        ] GC(89) ParOldGen: 9790K(699392K)->10030K(699392K)
[37.704s][info][gc,metaspace   ] GC(89) Metaspace: 16617K(17280K)->16617K(17280K) NonClass: 14194K(14592K)->14194K(14592K) Class: 2422K(2688K)->2422K(2688K)
[37.704s][info][gc             ] GC(89) Pause Young (Allocation Failure) 124M->11M(910M) 0.563ms
[37.704s][info][gc,cpu         ] GC(89) User=0.00s Sys=0.00s Real=0.00s
[37.715s][info][gc,start       ] GC(90) Pause Young (Allocation Failure)
[37.716s][info][gc,heap        ] GC(90) PSYoungGen: 118112K(232960K)->1440K(232960K) Eden: 116736K(116736K)->0K(116736K) From: 1376K(116224K)->1440K(116224K)
[37.716s][info][gc,heap        ] GC(90) ParOldGen: 10030K(699392K)->10214K(699392K)
[37.716s][info][gc,metaspace   ] GC(90) Metaspace: 16617K(17280K)->16617K(17280K) NonClass: 14194K(14592K)->14194K(14592K) Class: 2422K(2688K)->2422K(2688K)
[37.716s][info][gc             ] GC(90) Pause Young (Allocation Failure) 125M->11M(910M) 0.534ms
[37.716s][info][gc,cpu         ] GC(90) User=0.00s Sys=0.00s Real=0.00s
[37.727s][info][gc,start       ] GC(91) Pause Young (Allocation Failure)
[37.727s][info][gc,heap        ] GC(91) PSYoungGen: 118176K(232960K)->1408K(232960K) Eden: 116736K(116736K)->0K(116736K) From: 1440K(116224K)->1408K(116224K)
[37.728s][info][gc,heap        ] GC(91) ParOldGen: 10214K(699392K)->10414K(699392K)
[37.728s][info][gc,metaspace   ] GC(91) Metaspace: 16617K(17280K)->16617K(17280K) NonClass: 14194K(14592K)->14194K(14592K) Class: 2422K(2688K)->2422K(2688K)
[37.728s][info][gc             ] GC(91) Pause Young (Allocation Failure) 125M->11M(910M) 0.561ms
[37.728s][info][gc,cpu         ] GC(91) User=0.00s Sys=0.00s Real=0.00s
[37.739s][info][gc,start       ] GC(92) Pause Young (Allocation Failure)
[37.739s][info][gc,heap        ] GC(92) PSYoungGen: 118144K(232960K)->1408K(232960K) Eden: 116736K(116736K)->0K(116736K) From: 1408K(116224K)->1408K(116224K)
[37.739s][info][gc,heap        ] GC(92) ParOldGen: 10414K(699392K)->10598K(699392K)
[37.739s][info][gc,metaspace   ] GC(92) Metaspace: 16617K(17280K)->16617K(17280K) NonClass: 14194K(14592K)->14194K(14592K) Class: 2422K(2688K)->2422K(2688K)
[37.739s][info][gc             ] GC(92) Pause Young (Allocation Failure) 125M->11M(910M) 0.549ms
[37.739s][info][gc,cpu         ] GC(92) User=0.00s Sys=0.00s Real=0.00s
[37.751s][info][gc,start       ] GC(93) Pause Young (Allocation Failure)
[37.752s][info][gc,heap        ] GC(93) PSYoungGen: 118144K(232960K)->1376K(118272K) Eden: 116736K(116736K)->0K(116736K) From: 1408K(116224K)->1376K(1536K)
[37.752s][info][gc,heap        ] GC(93) ParOldGen: 10598K(699392K)->10854K(699392K)
[37.752s][info][gc,metaspace   ] GC(93) Metaspace: 16617K(17280K)->16617K(17280K) NonClass: 14194K(14592K)->14194K(14592K) Class: 2422K(2688K)->2422K(2688K)
[37.752s][info][gc             ] GC(93) Pause Young (Allocation Failure) 125M->11M(798M) 1.611ms
[37.752s][info][gc,cpu         ] GC(93) User=0.00s Sys=0.00s Real=0.00s
[37.764s][info][gc,start       ] GC(94) Pause Young (Allocation Failure)
[37.766s][info][gc,heap        ] GC(94) PSYoungGen: 118112K(118272K)->1440K(230400K) Eden: 116736K(116736K)->0K(124416K) From: 1376K(1536K)->1440K(105984K)
[37.766s][info][gc,heap        ] GC(94) ParOldGen: 10854K(699392K)->10854K(699392K)
[37.766s][info][gc,metaspace   ] GC(94) Metaspace: 16617K(17280K)->16617K(17280K) NonClass: 14194K(14592K)->14194K(14592K) Class: 2422K(2688K)->2422K(2688K)
[37.766s][info][gc             ] GC(94) Pause Young (Allocation Failure) 125M->12M(908M) 2.202ms
[37.766s][info][gc,cpu         ] GC(94) User=0.00s Sys=0.00s Real=0.00s
[37.778s][info][gc,start       ] GC(95) Pause Young (Allocation Failure)
[37.781s][info][gc,heap        ] GC(95) PSYoungGen: 125856K(230400K)->1408K(230400K) Eden: 124416K(124416K)->0K(124416K) From: 1440K(105984K)->1408K(105984K)
[37.781s][info][gc,heap        ] GC(95) ParOldGen: 10854K(699392K)->10854K(699392K)
[37.781s][info][gc,metaspace   ] GC(95) Metaspace: 16617K(17280K)->16617K(17280K) NonClass: 14194K(14592K)->14194K(14592K) Class: 2422K(2688K)->2422K(2688K)
[37.781s][info][gc             ] GC(95) Pause Young (Allocation Failure) 133M->11M(908M) 3.179ms
[37.781s][info][gc,cpu         ] GC(95) User=0.00s Sys=0.00s Real=0.00s
[37.793s][info][gc,start       ] GC(96) Pause Young (Allocation Failure)
[37.796s][info][gc,heap        ] GC(96) PSYoungGen: 125824K(230400K)->1344K(217600K) Eden: 124416K(124416K)->0K(132096K) From: 1408K(105984K)->1344K(85504K)
[37.796s][info][gc,heap        ] GC(96) ParOldGen: 10854K(699392K)->10854K(699392K)
[37.796s][info][gc,metaspace   ] GC(96) Metaspace: 16617K(17280K)->16617K(17280K) NonClass: 14194K(14592K)->14194K(14592K) Class: 2422K(2688K)->2422K(2688K)
[37.796s][info][gc             ] GC(96) Pause Young (Allocation Failure) 133M->11M(895M) 2.843ms
[37.796s][info][gc,cpu         ] GC(96) User=0.00s Sys=0.00s Real=0.00s
[37.809s][info][gc,start       ] GC(97) Pause Young (Allocation Failure)
[37.811s][info][gc,heap        ] GC(97) PSYoungGen: 133440K(217600K)->1504K(224256K) Eden: 132096K(132096K)->0K(132096K) From: 1344K(85504K)->1504K(92160K)
[37.811s][info][gc,heap        ] GC(97) ParOldGen: 10854K(699392K)->10854K(699392K)
[37.811s][info][gc,metaspace   ] GC(97) Metaspace: 16617K(17280K)->16617K(17280K) NonClass: 14194K(14592K)->14194K(14592K) Class: 2422K(2688K)->2422K(2688K)
[37.811s][info][gc             ] GC(97) Pause Young (Allocation Failure) 140M->12M(902M) 1.607ms
[37.811s][info][gc,cpu         ] GC(97) User=0.00s Sys=0.00s Real=0.00s
[37.824s][info][gc,start       ] GC(98) Pause Young (Allocation Failure)
[37.826s][info][gc,heap        ] GC(98) PSYoungGen: 133600K(224256K)->1408K(213504K) Eden: 132096K(132096K)->0K(139776K) From: 1504K(92160K)->1408K(73728K)
[37.826s][info][gc,heap        ] GC(98) ParOldGen: 10854K(699392K)->10854K(699392K)
[37.826s][info][gc,metaspace   ] GC(98) Metaspace: 16617K(17280K)->16617K(17280K) NonClass: 14194K(14592K)->14194K(14592K) Class: 2422K(2688K)->2422K(2688K)
[37.826s][info][gc             ] GC(98) Pause Young (Allocation Failure) 141M->11M(891M) 2.718ms
[37.826s][info][gc,cpu         ] GC(98) User=0.00s Sys=0.00s Real=0.00s
[37.840s][info][gc,start       ] GC(99) Pause Young (Allocation Failure)
[37.841s][info][gc,heap        ] GC(99) PSYoungGen: 141184K(213504K)->1472K(219648K) Eden: 139776K(139776K)->0K(139776K) From: 1408K(73728K)->1472K(79872K)
[37.841s][info][gc,heap        ] GC(99) ParOldGen: 10854K(699392K)->10854K(699392K)
[37.841s][info][gc,metaspace   ] GC(99) Metaspace: 16617K(17280K)->16617K(17280K) NonClass: 14194K(14592K)->14194K(14592K) Class: 2422K(2688K)->2422K(2688K)
[37.842s][info][gc             ] GC(99) Pause Young (Allocation Failure) 148M->12M(897M) 1.318ms
[37.842s][info][gc,cpu         ] GC(99) User=0.00s Sys=0.00s Real=0.00s
[37.855s][info][gc,start       ] GC(100) Pause Young (Allocation Failure)
[37.857s][info][gc,heap        ] GC(100) PSYoungGen: 141248K(219648K)->1600K(211456K) Eden: 139776K(139776K)->0K(147456K) From: 1472K(79872K)->1600K(64000K)
[37.857s][info][gc,heap        ] GC(100) ParOldGen: 10854K(699392K)->10854K(699392K)
[37.857s][info][gc,metaspace   ] GC(100) Metaspace: 16617K(17280K)->16617K(17280K) NonClass: 14194K(14592K)->14194K(14592K) Class: 2422K(2688K)->2422K(2688K)
[37.857s][info][gc             ] GC(100) Pause Young (Allocation Failure) 148M->12M(889M) 1.960ms
[37.857s][info][gc,cpu         ] GC(100) User=0.00s Sys=0.00s Real=0.00s
[37.872s][info][gc,start       ] GC(101) Pause Young (Allocation Failure)
[37.872s][info][gc,heap        ] GC(101) PSYoungGen: 149056K(211456K)->1632K(216576K) Eden: 147456K(147456K)->0K(147456K) From: 1600K(64000K)->1632K(69120K)
[37.873s][info][gc,heap        ] GC(101) ParOldGen: 10854K(699392K)->10854K(699392K)
[37.873s][info][gc,metaspace   ] GC(101) Metaspace: 16617K(17280K)->16617K(17280K) NonClass: 14194K(14592K)->14194K(14592K) Class: 2422K(2688K)->2422K(2688K)
[37.873s][info][gc             ] GC(101) Pause Young (Allocation Failure) 156M->12M(894M) 0.824ms
[37.873s][info][gc,cpu         ] GC(101) User=0.00s Sys=0.00s Real=0.00s
[37.887s][info][gc,start       ] GC(102) Pause Young (Allocation Failure)
[37.888s][info][gc,heap        ] GC(102) PSYoungGen: 149088K(216576K)->1536K(210432K) Eden: 147456K(147456K)->0K(155648K) From: 1632K(69120K)->1536K(54784K)
[37.888s][info][gc,heap        ] GC(102) ParOldGen: 10854K(699392K)->10854K(699392K)
[37.888s][info][gc,metaspace   ] GC(102) Metaspace: 16617K(17280K)->16617K(17280K) NonClass: 14194K(14592K)->14194K(14592K) Class: 2422K(2688K)->2422K(2688K)
[37.888s][info][gc             ] GC(102) Pause Young (Allocation Failure) 156M->12M(888M) 1.488ms
[37.889s][info][gc,cpu         ] GC(102) User=0.00s Sys=0.00s Real=0.00s
[37.904s][info][gc,start       ] GC(103) Pause Young (Allocation Failure)
[37.904s][info][gc,heap        ] GC(103) PSYoungGen: 157184K(210432K)->1504K(215040K) Eden: 155648K(155648K)->0K(155648K) From: 1536K(54784K)->1504K(59392K)
[37.905s][info][gc,heap        ] GC(103) ParOldGen: 10854K(699392K)->10854K(699392K)
[37.905s][info][gc,metaspace   ] GC(103) Metaspace: 16617K(17280K)->16617K(17280K) NonClass: 14194K(14592K)->14194K(14592K) Class: 2422K(2688K)->2422K(2688K)
[37.905s][info][gc             ] GC(103) Pause Young (Allocation Failure) 164M->12M(893M) 0.560ms
[37.905s][info][gc,cpu         ] GC(103) User=0.00s Sys=0.00s Real=0.00s
[37.920s][info][gc,start       ] GC(104) Pause Young (Allocation Failure)
[37.921s][info][gc,heap        ] GC(104) PSYoungGen: 157152K(215040K)->1376K(210944K) Eden: 155648K(155648K)->0K(163840K) From: 1504K(59392K)->1376K(47104K)
[37.922s][info][gc,heap        ] GC(104) ParOldGen: 10854K(699392K)->10854K(699392K)
[37.922s][info][gc,metaspace   ] GC(104) Metaspace: 16617K(17280K)->16617K(17280K) NonClass: 14194K(14592K)->14194K(14592K) Class: 2422K(2688K)->2422K(2688K)
[37.922s][info][gc             ] GC(104) Pause Young (Allocation Failure) 164M->11M(889M) 1.374ms
[37.922s][info][gc,cpu         ] GC(104) User=0.00s Sys=0.00s Real=0.00s
[37.938s][info][gc,start       ] GC(105) Pause Young (Allocation Failure)
[37.939s][info][gc,heap        ] GC(105) PSYoungGen: 165216K(210944K)->1408K(215040K) Eden: 163840K(163840K)->0K(163840K) From: 1376K(47104K)->1408K(51200K)
[37.939s][info][gc,heap        ] GC(105) ParOldGen: 10854K(699392K)->10854K(699392K)
[37.939s][info][gc,metaspace   ] GC(105) Metaspace: 16617K(17280K)->16617K(17280K) NonClass: 14194K(14592K)->14194K(14592K) Class: 2422K(2688K)->2422K(2688K)
[37.939s][info][gc             ] GC(105) Pause Young (Allocation Failure) 171M->11M(893M) 0.588ms
[37.939s][info][gc,cpu         ] GC(105) User=0.00s Sys=0.00s Real=0.00s
[37.979s][info][gc,start       ] GC(106) Pause Young (Allocation Failure)
[37.990s][info][gc,heap        ] GC(106) PSYoungGen: 165248K(215040K)->40796K(209920K) Eden: 163840K(163840K)->0K(162816K) From: 1408K(51200K)->40796K(47104K)
[37.990s][info][gc,heap        ] GC(106) ParOldGen: 10854K(699392K)->10854K(699392K)
[37.990s][info][gc,metaspace   ] GC(106) Metaspace: 16617K(17280K)->16617K(17280K) NonClass: 14194K(14592K)->14194K(14592K) Class: 2422K(2688K)->2422K(2688K)
[37.990s][info][gc             ] GC(106) Pause Young (Allocation Failure) 171M->50M(888M) 11.238ms
[37.990s][info][gc,cpu         ] GC(106) User=0.00s Sys=0.02s Real=0.02s
[38.147s][info][gc,start       ] GC(107) Pause Young (Allocation Failure)
[38.196s][info][gc,heap        ] GC(107) PSYoungGen: 203612K(209920K)->56316K(219136K) Eden: 162816K(162816K)->0K(162816K) From: 40796K(47104K)->56316K(56320K)
[38.196s][info][gc,heap        ] GC(107) ParOldGen: 10854K(699392K)->97694K(699392K)
[38.196s][info][gc,metaspace   ] GC(107) Metaspace: 16617K(17280K)->16617K(17280K) NonClass: 14194K(14592K)->14194K(14592K) Class: 2422K(2688K)->2422K(2688K)
[38.196s][info][gc             ] GC(107) Pause Young (Allocation Failure) 209M->150M(897M) 48.812ms
[38.196s][info][gc,cpu         ] GC(107) User=0.98s Sys=0.02s Real=0.06s
[38.364s][info][gc,start       ] GC(108) Pause Young (Allocation Failure)
[38.421s][info][gc,heap        ] GC(108) PSYoungGen: 219132K(219136K)->101372K(218112K) Eden: 162816K(162816K)->0K(116736K) From: 56316K(56320K)->101372K(101376K)
[38.421s][info][gc,heap        ] GC(108) ParOldGen: 97694K(699392K)->159198K(699392K)
[38.421s][info][gc,metaspace   ] GC(108) Metaspace: 16617K(17280K)->16617K(17280K) NonClass: 14194K(14592K)->14194K(14592K) Class: 2422K(2688K)->2422K(2688K)
[38.421s][info][gc             ] GC(108) Pause Young (Allocation Failure) 309M->254M(896M) 57.659ms
[38.421s][info][gc,cpu         ] GC(108) User=1.09s Sys=0.22s Real=0.06s
[38.543s][info][gc,start       ] GC(109) Pause Young (Allocation Failure)
[38.599s][info][gc,heap        ] GC(109) PSYoungGen: 218108K(218112K)->116220K(232960K) Eden: 116736K(116736K)->0K(116736K) From: 101372K(101376K)->116220K(116224K)
[38.599s][info][gc,heap        ] GC(109) ParOldGen: 159198K(699392K)->220214K(699392K)
[38.599s][info][gc,metaspace   ] GC(109) Metaspace: 16617K(17280K)->16617K(17280K) NonClass: 14194K(14592K)->14194K(14592K) Class: 2422K(2688K)->2422K(2688K)
[38.599s][info][gc             ] GC(109) Pause Young (Allocation Failure) 368M->328M(910M) 56.152ms
[38.599s][info][gc,cpu         ] GC(109) User=0.98s Sys=0.00s Real=0.05s
[38.721s][info][gc,start       ] GC(110) Pause Young (Allocation Failure)
[38.784s][info][gc,heap        ] GC(110) PSYoungGen: 232956K(232960K)->116220K(232960K) Eden: 116736K(116736K)->0K(116736K) From: 116220K(116224K)->116220K(116224K)
[38.784s][info][gc,heap        ] GC(110) ParOldGen: 220214K(699392K)->296846K(699392K)
[38.785s][info][gc,metaspace   ] GC(110) Metaspace: 16617K(17280K)->16617K(17280K) NonClass: 14194K(14592K)->14194K(14592K) Class: 2422K(2688K)->2422K(2688K)
[38.785s][info][gc             ] GC(110) Pause Young (Allocation Failure) 442M->403M(910M) 63.401ms
[38.785s][info][gc,cpu         ] GC(110) User=1.31s Sys=0.00s Real=0.06s
[38.976s][info][gc,start       ] GC(111) Pause Young (Allocation Failure)
[39.032s][info][gc,heap        ] GC(111) PSYoungGen: 232956K(232960K)->116220K(232960K) Eden: 116736K(116736K)->0K(116736K) From: 116220K(116224K)->116220K(116224K)
[39.033s][info][gc,heap        ] GC(111) ParOldGen: 296846K(699392K)->355791K(699392K)
[39.033s][info][gc,metaspace   ] GC(111) Metaspace: 16617K(17280K)->16617K(17280K) NonClass: 14194K(14592K)->14194K(14592K) Class: 2422K(2688K)->2422K(2688K)
[39.033s][info][gc             ] GC(111) Pause Young (Allocation Failure) 517M->460M(910M) 57.007ms
[39.033s][info][gc,cpu         ] GC(111) User=1.28s Sys=0.03s Real=0.06s
[46.572s][info][gc,start       ] GC(112) Pause Young (Allocation Failure)
[46.624s][info][gc,heap        ] GC(112) PSYoungGen: 232956K(232960K)->116220K(232960K) Eden: 116736K(116736K)->0K(116736K) From: 116220K(116224K)->116220K(116224K)
[46.624s][info][gc,heap        ] GC(112) ParOldGen: 355791K(699392K)->377399K(699392K)
[46.624s][info][gc,metaspace   ] GC(112) Metaspace: 16617K(17280K)->16617K(17280K) NonClass: 14195K(14592K)->14195K(14592K) Class: 2422K(2688K)->2422K(2688K)
[46.624s][info][gc             ] GC(112) Pause Young (Allocation Failure) 574M->482M(910M) 52.372ms
[46.624s][info][gc,cpu         ] GC(112) User=0.98s Sys=0.00s Real=0.05s
[46.715s][info][gc,start       ] GC(113) Pause Young (Allocation Failure)
[46.772s][info][gc,heap        ] GC(113) PSYoungGen: 232956K(232960K)->116220K(232960K) Eden: 116736K(116736K)->0K(116736K) From: 116220K(116224K)->116220K(116224K)
[46.772s][info][gc,heap        ] GC(113) ParOldGen: 377399K(699392K)->427263K(699392K)
[46.772s][info][gc,metaspace   ] GC(113) Metaspace: 16617K(17280K)->16617K(17280K) NonClass: 14195K(14592K)->14195K(14592K) Class: 2422K(2688K)->2422K(2688K)
[46.772s][info][gc             ] GC(113) Pause Young (Allocation Failure) 596M->530M(910M) 57.045ms
[46.772s][info][gc,cpu         ] GC(113) User=1.31s Sys=0.00s Real=0.06s
[46.866s][info][gc,start       ] GC(114) Pause Young (Allocation Failure)
[46.920s][info][gc,heap        ] GC(114) PSYoungGen: 232956K(232960K)->116224K(232960K) Eden: 116736K(116736K)->0K(116736K) From: 116220K(116224K)->116224K(116224K)
[46.920s][info][gc,heap        ] GC(114) ParOldGen: 427263K(699392K)->476883K(699392K)
[46.920s][info][gc,metaspace   ] GC(114) Metaspace: 16617K(17280K)->16617K(17280K) NonClass: 14195K(14592K)->14195K(14592K) Class: 2422K(2688K)->2422K(2688K)
[46.920s][info][gc             ] GC(114) Pause Young (Allocation Failure) 644M->579M(910M) 53.533ms
[46.920s][info][gc,cpu         ] GC(114) User=1.00s Sys=0.00s Real=0.06s
[47.016s][info][gc,start       ] GC(115) Pause Young (Allocation Failure)
[47.065s][info][gc,heap        ] GC(115) PSYoungGen: 232960K(232960K)->116224K(232960K) Eden: 116736K(116736K)->0K(116736K) From: 116224K(116224K)->116224K(116224K)
[47.065s][info][gc,heap        ] GC(115) ParOldGen: 476883K(699392K)->526395K(699392K)
[47.065s][info][gc,metaspace   ] GC(115) Metaspace: 16617K(17280K)->16617K(17280K) NonClass: 14195K(14592K)->14195K(14592K) Class: 2422K(2688K)->2422K(2688K)
[47.065s][info][gc             ] GC(115) Pause Young (Allocation Failure) 693M->627M(910M) 49.229ms
[47.065s][info][gc,cpu         ] GC(115) User=0.97s Sys=0.02s Real=0.05s
[47.164s][info][gc,start       ] GC(116) Pause Young (Allocation Failure)
[47.216s][info][gc,heap        ] GC(116) PSYoungGen: 232960K(232960K)->116224K(232960K) Eden: 116736K(116736K)->0K(116736K) From: 116224K(116224K)->116224K(116224K)
[47.216s][info][gc,heap        ] GC(116) ParOldGen: 526395K(699392K)->575347K(699392K)
[47.216s][info][gc,metaspace   ] GC(116) Metaspace: 16617K(17280K)->16617K(17280K) NonClass: 14195K(14592K)->14195K(14592K) Class: 2422K(2688K)->2422K(2688K)
[47.216s][info][gc             ] GC(116) Pause Young (Allocation Failure) 741M->675M(910M) 52.006ms
[47.216s][info][gc,cpu         ] GC(116) User=0.98s Sys=0.00s Real=0.05s
[47.314s][info][gc,start       ] GC(117) Pause Young (Allocation Failure)
[47.367s][info][gc,heap        ] GC(117) PSYoungGen: 232960K(232960K)->116224K(232960K) Eden: 116736K(116736K)->0K(116736K) From: 116224K(116224K)->116224K(116224K)
[47.367s][info][gc,heap        ] GC(117) ParOldGen: 575347K(699392K)->624371K(699392K)
[47.367s][info][gc,metaspace   ] GC(117) Metaspace: 16617K(17280K)->16617K(17280K) NonClass: 14195K(14592K)->14195K(14592K) Class: 2422K(2688K)->2422K(2688K)
[47.367s][info][gc             ] GC(117) Pause Young (Allocation Failure) 789M->723M(910M) 53.138ms
[47.367s][info][gc,cpu         ] GC(117) User=1.31s Sys=0.00s Real=0.06s
[47.368s][info][gc,start       ] GC(118) Pause Full (Ergonomics)
[47.368s][info][gc,phases,start] GC(118) Marking Phase
[47.419s][info][gc,phases      ] GC(118) Marking Phase 51.791ms
[47.419s][info][gc,phases,start] GC(118) Summary Phase
[47.419s][info][gc,phases      ] GC(118) Summary Phase 0.033ms
[47.419s][info][gc,phases,start] GC(118) Adjust Roots
[47.421s][info][gc,phases      ] GC(118) Adjust Roots 1.912ms
[47.421s][info][gc,phases,start] GC(118) Compaction Phase
[47.509s][info][gc,phases      ] GC(118) Compaction Phase 87.818ms
[47.509s][info][gc,phases,start] GC(118) Post Compact
[47.513s][info][gc,phases      ] GC(118) Post Compact 3.455ms
[47.513s][info][gc,heap        ] GC(118) PSYoungGen: 116224K(232960K)->0K(232960K) Eden: 0K(116736K)->0K(116736K) From: 116224K(116224K)->0K(116224K)
[47.513s][info][gc,heap        ] GC(118) ParOldGen: 624371K(699392K)->271703K(699392K)
[47.513s][info][gc,metaspace   ] GC(118) Metaspace: 16617K(17280K)->16617K(17280K) NonClass: 14195K(14592K)->14195K(14592K) Class: 2422K(2688K)->2422K(2688K)
[47.513s][info][gc             ] GC(118) Pause Full (Ergonomics) 723M->265M(910M) 145.231ms
[47.513s][info][gc,cpu         ] GC(118) User=2.86s Sys=0.00s Real=0.14s
[47.613s][info][gc,start       ] GC(119) Pause Young (Allocation Failure)
[47.629s][info][gc,heap        ] GC(119) PSYoungGen: 116736K(232960K)->50336K(232960K) Eden: 116736K(116736K)->0K(116736K) From: 0K(116224K)->50336K(116224K)
[47.629s][info][gc,heap        ] GC(119) ParOldGen: 271703K(699392K)->271703K(699392K)
[47.629s][info][gc,metaspace   ] GC(119) Metaspace: 16617K(17280K)->16617K(17280K) NonClass: 14195K(14592K)->14195K(14592K) Class: 2422K(2688K)->2422K(2688K)
[47.629s][info][gc             ] GC(119) Pause Young (Allocation Failure) 379M->314M(910M) 16.093ms
[47.629s][info][gc,cpu         ] GC(119) User=0.33s Sys=0.00s Real=0.02s
[47.729s][info][gc,start       ] GC(120) Pause Young (Allocation Failure)
[47.755s][info][gc,heap        ] GC(120) PSYoungGen: 167072K(232960K)->97536K(232960K) Eden: 116736K(116736K)->0K(116736K) From: 50336K(116224K)->97536K(116224K)
[47.755s][info][gc,heap        ] GC(120) ParOldGen: 271703K(699392K)->271703K(699392K)
[47.755s][info][gc,metaspace   ] GC(120) Metaspace: 16617K(17280K)->16617K(17280K) NonClass: 14195K(14592K)->14195K(14592K) Class: 2422K(2688K)->2422K(2688K)
[47.755s][info][gc             ] GC(120) Pause Young (Allocation Failure) 428M->360M(910M) 25.824ms
[47.755s][info][gc,cpu         ] GC(120) User=0.66s Sys=0.00s Real=0.03s
[47.856s][info][gc,start       ] GC(121) Pause Young (Allocation Failure)
[47.894s][info][gc,heap        ] GC(121) PSYoungGen: 214272K(232960K)->97568K(232960K) Eden: 116736K(116736K)->0K(116736K) From: 97536K(116224K)->97568K(116224K)
[47.894s][info][gc,heap        ] GC(121) ParOldGen: 271703K(699392K)->318751K(699392K)
[47.894s][info][gc,metaspace   ] GC(121) Metaspace: 16617K(17280K)->16617K(17280K) NonClass: 14195K(14592K)->14195K(14592K) Class: 2422K(2688K)->2422K(2688K)
[47.894s][info][gc             ] GC(121) Pause Young (Allocation Failure) 474M->406M(910M) 38.492ms
[47.894s][info][gc,cpu         ] GC(121) User=0.98s Sys=0.00s Real=0.05s
[48.288s][info][gc,start       ] GC(122) Pause Young (Allocation Failure)
[48.365s][info][gc,heap        ] GC(122) PSYoungGen: 214304K(232960K)->116197K(232960K) Eden: 116736K(116736K)->0K(116736K) From: 97568K(116224K)->116197K(116224K)
[48.365s][info][gc,heap        ] GC(122) ParOldGen: 318751K(699392K)->425207K(699392K)
[48.365s][info][gc,metaspace   ] GC(122) Metaspace: 16617K(17280K)->16617K(17280K) NonClass: 14195K(14592K)->14195K(14592K) Class: 2422K(2688K)->2422K(2688K)
[48.365s][info][gc             ] GC(122) Pause Young (Allocation Failure) 520M->528M(910M) 77.482ms
[48.365s][info][gc,cpu         ] GC(122) User=1.72s Sys=0.00s Real=0.09s
[48.799s][info][gc,start       ] GC(123) Pause Young (Allocation Failure)
[48.849s][info][gc,heap        ] GC(123) PSYoungGen: 232933K(232960K)->4320K(232960K) Eden: 116736K(116736K)->0K(116736K) From: 116197K(116224K)->4320K(116224K)
[48.849s][info][gc,heap        ] GC(123) ParOldGen: 425207K(699392K)->481062K(699392K)
[48.849s][info][gc,metaspace   ] GC(123) Metaspace: 16617K(17280K)->16617K(17280K) NonClass: 14195K(14592K)->14195K(14592K) Class: 2422K(2688K)->2422K(2688K)
[48.849s][info][gc             ] GC(123) Pause Young (Allocation Failure) 642M->474M(910M) 50.555ms
[48.849s][info][gc,cpu         ] GC(123) User=1.31s Sys=0.00s Real=0.06s
[49.041s][info][gc,start       ] GC(124) Pause Young (Allocation Failure)
[49.044s][info][gc,heap        ] GC(124) PSYoungGen: 121056K(232960K)->3904K(232960K) Eden: 116736K(116736K)->0K(116736K) From: 4320K(116224K)->3904K(116224K)
[49.044s][info][gc,heap        ] GC(124) ParOldGen: 481062K(699392K)->481510K(699392K)
[49.044s][info][gc,metaspace   ] GC(124) Metaspace: 16617K(17280K)->16617K(17280K) NonClass: 14195K(14592K)->14195K(14592K) Class: 2422K(2688K)->2422K(2688K)
[49.044s][info][gc             ] GC(124) Pause Young (Allocation Failure) 588M->474M(910M) 2.977ms
[49.044s][info][gc,cpu         ] GC(124) User=0.33s Sys=0.00s Real=0.02s
[49.240s][info][gc,start       ] GC(125) Pause Young (Allocation Failure)
[49.242s][info][gc,heap        ] GC(125) PSYoungGen: 120640K(232960K)->3200K(232960K) Eden: 116736K(116736K)->0K(116736K) From: 3904K(116224K)->3200K(116224K)
[49.242s][info][gc,heap        ] GC(125) ParOldGen: 481510K(699392K)->481814K(699392K)
[49.242s][info][gc,metaspace   ] GC(125) Metaspace: 16617K(17280K)->16617K(17280K) NonClass: 14195K(14592K)->14195K(14592K) Class: 2422K(2688K)->2422K(2688K)
[49.242s][info][gc             ] GC(125) Pause Young (Allocation Failure) 588M->473M(910M) 2.625ms
[49.242s][info][gc,cpu         ] GC(125) User=0.00s Sys=0.00s Real=0.00s
[49.405s][info][gc,start       ] GC(126) Pause Young (Allocation Failure)
[49.410s][info][gc,heap        ] GC(126) PSYoungGen: 119936K(232960K)->2272K(232960K) Eden: 116736K(116736K)->0K(116736K) From: 3200K(116224K)->2272K(116224K)
[49.410s][info][gc,heap        ] GC(126) ParOldGen: 481814K(699392K)->481982K(699392K)
[49.410s][info][gc,metaspace   ] GC(126) Metaspace: 16617K(17280K)->16617K(17280K) NonClass: 14195K(14592K)->14195K(14592K) Class: 2422K(2688K)->2422K(2688K)
[49.410s][info][gc             ] GC(126) Pause Young (Allocation Failure) 587M->472M(910M) 5.166ms
[49.410s][info][gc,cpu         ] GC(126) User=0.00s Sys=0.00s Real=0.00s
[50.332s][info][gc,start       ] GC(127) Pause Young (Allocation Failure)
[50.334s][info][gc,heap        ] GC(127) PSYoungGen: 119008K(232960K)->2496K(232960K) Eden: 116736K(116736K)->0K(116736K) From: 2272K(116224K)->2496K(116224K)
[50.334s][info][gc,heap        ] GC(127) ParOldGen: 481982K(699392K)->481982K(699392K)
[50.334s][info][gc,metaspace   ] GC(127) Metaspace: 16617K(17280K)->16617K(17280K) NonClass: 14195K(14592K)->14195K(14592K) Class: 2422K(2688K)->2422K(2688K)
[50.334s][info][gc             ] GC(127) Pause Young (Allocation Failure) 586M->473M(910M) 2.103ms
[50.335s][info][gc,cpu         ] GC(127) User=0.00s Sys=0.00s Real=0.00s
[51.045s][info][gc,start       ] GC(128) Pause Young (System.gc())
[51.047s][info][gc,heap        ] GC(128) PSYoungGen: 47740K(232960K)->32K(232960K) Eden: 45244K(116736K)->0K(116736K) From: 2496K(116224K)->32K(116224K)
[51.047s][info][gc,heap        ] GC(128) ParOldGen: 481982K(699392K)->481990K(699392K)
[51.047s][info][gc,metaspace   ] GC(128) Metaspace: 16617K(17280K)->16617K(17280K) NonClass: 14195K(14592K)->14195K(14592K) Class: 2422K(2688K)->2422K(2688K)
[51.047s][info][gc             ] GC(128) Pause Young (System.gc()) 517M->470M(910M) 1.400ms
[51.047s][info][gc,cpu         ] GC(128) User=0.00s Sys=0.00s Real=0.00s
[51.047s][info][gc,start       ] GC(129) Pause Full (System.gc())
[51.047s][info][gc,phases,start] GC(129) Marking Phase
[51.057s][info][gc,phases      ] GC(129) Marking Phase 10.336ms
[51.057s][info][gc,phases,start] GC(129) Summary Phase
[51.057s][info][gc,phases      ] GC(129) Summary Phase 0.014ms
[51.057s][info][gc,phases,start] GC(129) Adjust Roots
[51.062s][info][gc,phases      ] GC(129) Adjust Roots 5.049ms
[51.062s][info][gc,phases,start] GC(129) Compaction Phase
[51.069s][info][gc,phases      ] GC(129) Compaction Phase 6.791ms
[51.069s][info][gc,phases,start] GC(129) Post Compact
[51.072s][info][gc,phases      ] GC(129) Post Compact 2.529ms
[51.072s][info][gc,heap        ] GC(129) PSYoungGen: 32K(232960K)->0K(232960K) Eden: 0K(116736K)->0K(116736K) From: 32K(116224K)->0K(116224K)
[51.072s][info][gc,heap        ] GC(129) ParOldGen: 481990K(699392K)->9503K(699392K)
[51.072s][info][gc,metaspace   ] GC(129) Metaspace: 16617K(17280K)->16617K(17280K) NonClass: 14195K(14592K)->14195K(14592K) Class: 2422K(2688K)->2422K(2688K)
[51.072s][info][gc             ] GC(129) Pause Full (System.gc()) 470M->9M(910M) 24.893ms
[51.072s][info][gc,cpu         ] GC(129) User=0.52s Sys=0.00s Real=0.03s
[53.683s][info][gc,start       ] GC(130) Pause Young (Allocation Failure)
[53.684s][info][gc,heap        ] GC(130) PSYoungGen: 116736K(232960K)->1920K(232960K) Eden: 116736K(116736K)->0K(116736K) From: 0K(116224K)->1920K(116224K)
[53.684s][info][gc,heap        ] GC(130) ParOldGen: 9503K(699392K)->9503K(699392K)
[53.684s][info][gc,metaspace   ] GC(130) Metaspace: 16618K(17280K)->16618K(17280K) NonClass: 14196K(14592K)->14196K(14592K) Class: 2422K(2688K)->2422K(2688K)
[53.684s][info][gc             ] GC(130) Pause Young (Allocation Failure) 123M->11M(910M) 1.395ms
[53.684s][info][gc,cpu         ] GC(130) User=0.00s Sys=0.00s Real=0.00s
[53.701s][info][gc,start       ] GC(131) Pause Young (Allocation Failure)
[53.701s][info][gc,heap        ] GC(131) PSYoungGen: 118656K(232960K)->1344K(232960K) Eden: 116736K(116736K)->0K(116736K) From: 1920K(116224K)->1344K(116224K)
[53.701s][info][gc,heap        ] GC(131) ParOldGen: 9503K(699392K)->10079K(699392K)
[53.701s][info][gc,metaspace   ] GC(131) Metaspace: 16618K(17280K)->16618K(17280K) NonClass: 14196K(14592K)->14196K(14592K) Class: 2422K(2688K)->2422K(2688K)
[53.701s][info][gc             ] GC(131) Pause Young (Allocation Failure) 125M->11M(910M) 0.949ms
[53.701s][info][gc,cpu         ] GC(131) User=0.00s Sys=0.00s Real=0.00s
[53.715s][info][gc,start       ] GC(132) Pause Young (Allocation Failure)
[53.715s][info][gc,heap        ] GC(132) PSYoungGen: 118080K(232960K)->1376K(232960K) Eden: 116736K(116736K)->0K(116736K) From: 1344K(116224K)->1376K(116224K)
[53.715s][info][gc,heap        ] GC(132) ParOldGen: 10079K(699392K)->10247K(699392K)
[53.715s][info][gc,metaspace   ] GC(132) Metaspace: 16618K(17280K)->16618K(17280K) NonClass: 14196K(14592K)->14196K(14592K) Class: 2422K(2688K)->2422K(2688K)
[53.715s][info][gc             ] GC(132) Pause Young (Allocation Failure) 125M->11M(910M) 0.587ms
[53.715s][info][gc,cpu         ] GC(132) User=0.00s Sys=0.00s Real=0.00s
[53.727s][info][gc,start       ] GC(133) Pause Young (Allocation Failure)
[53.728s][info][gc,heap        ] GC(133) PSYoungGen: 118112K(232960K)->1376K(232960K) Eden: 116736K(116736K)->0K(116736K) From: 1376K(116224K)->1376K(116224K)
[53.728s][info][gc,heap        ] GC(133) ParOldGen: 10247K(699392K)->10439K(699392K)
[53.728s][info][gc,metaspace   ] GC(133) Metaspace: 16618K(17280K)->16618K(17280K) NonClass: 14196K(14592K)->14196K(14592K) Class: 2422K(2688K)->2422K(2688K)
[53.728s][info][gc             ] GC(133) Pause Young (Allocation Failure) 125M->11M(910M) 0.595ms
[53.728s][info][gc,cpu         ] GC(133) User=0.00s Sys=0.00s Real=0.00s
[53.740s][info][gc,start       ] GC(134) Pause Young (Allocation Failure)
[53.740s][info][gc,heap        ] GC(134) PSYoungGen: 118112K(232960K)->1376K(232960K) Eden: 116736K(116736K)->0K(116736K) From: 1376K(116224K)->1376K(116224K)
[53.740s][info][gc,heap        ] GC(134) ParOldGen: 10439K(699392K)->10623K(699392K)
[53.740s][info][gc,metaspace   ] GC(134) Metaspace: 16618K(17280K)->16618K(17280K) NonClass: 14196K(14592K)->14196K(14592K) Class: 2422K(2688K)->2422K(2688K)
[53.740s][info][gc             ] GC(134) Pause Young (Allocation Failure) 125M->11M(910M) 0.594ms
[53.740s][info][gc,cpu         ] GC(134) User=0.00s Sys=0.00s Real=0.00s
[53.752s][info][gc,start       ] GC(135) Pause Young (Allocation Failure)
[53.753s][info][gc,heap        ] GC(135) PSYoungGen: 118112K(232960K)->1376K(232960K) Eden: 116736K(116736K)->0K(116736K) From: 1376K(116224K)->1376K(116224K)
[53.753s][info][gc,heap        ] GC(135) ParOldGen: 10623K(699392K)->10815K(699392K)
[53.753s][info][gc,metaspace   ] GC(135) Metaspace: 16618K(17280K)->16618K(17280K) NonClass: 14196K(14592K)->14196K(14592K) Class: 2422K(2688K)->2422K(2688K)
[53.753s][info][gc             ] GC(135) Pause Young (Allocation Failure) 125M->11M(910M) 0.589ms
[53.753s][info][gc,cpu         ] GC(135) User=0.00s Sys=0.00s Real=0.00s
[53.764s][info][gc,start       ] GC(136) Pause Young (Allocation Failure)
[53.765s][info][gc,heap        ] GC(136) PSYoungGen: 118112K(232960K)->1376K(232960K) Eden: 116736K(116736K)->0K(116736K) From: 1376K(116224K)->1376K(116224K)
[53.765s][info][gc,heap        ] GC(136) ParOldGen: 10815K(699392K)->11015K(699392K)
[53.765s][info][gc,metaspace   ] GC(136) Metaspace: 16620K(17280K)->16620K(17280K) NonClass: 14198K(14592K)->14198K(14592K) Class: 2422K(2688K)->2422K(2688K)
[53.765s][info][gc             ] GC(136) Pause Young (Allocation Failure) 125M->12M(910M) 0.570ms
[53.765s][info][gc,cpu         ] GC(136) User=0.00s Sys=0.00s Real=0.00s
[53.776s][info][gc,start       ] GC(137) Pause Young (Allocation Failure)
[53.777s][info][gc,heap        ] GC(137) PSYoungGen: 118112K(232960K)->1376K(232960K) Eden: 116736K(116736K)->0K(116736K) From: 1376K(116224K)->1376K(116224K)
[53.777s][info][gc,heap        ] GC(137) ParOldGen: 11015K(699392K)->11183K(699392K)
[53.777s][info][gc,metaspace   ] GC(137) Metaspace: 16620K(17280K)->16620K(17280K) NonClass: 14198K(14592K)->14198K(14592K) Class: 2422K(2688K)->2422K(2688K)
[53.777s][info][gc             ] GC(137) Pause Young (Allocation Failure) 126M->12M(910M) 0.560ms
[53.777s][info][gc,cpu         ] GC(137) User=0.00s Sys=0.00s Real=0.00s
[53.788s][info][gc,start       ] GC(138) Pause Young (Allocation Failure)
[53.789s][info][gc,heap        ] GC(138) PSYoungGen: 118112K(232960K)->1376K(232960K) Eden: 116736K(116736K)->0K(116736K) From: 1376K(116224K)->1376K(116224K)
[53.789s][info][gc,heap        ] GC(138) ParOldGen: 11183K(699392K)->11399K(699392K)
[53.789s][info][gc,metaspace   ] GC(138) Metaspace: 16620K(17280K)->16620K(17280K) NonClass: 14198K(14592K)->14198K(14592K) Class: 2422K(2688K)->2422K(2688K)
[53.789s][info][gc             ] GC(138) Pause Young (Allocation Failure) 126M->12M(910M) 0.557ms
[53.789s][info][gc,cpu         ] GC(138) User=0.00s Sys=0.00s Real=0.00s
[53.800s][info][gc,start       ] GC(139) Pause Young (Allocation Failure)
[53.801s][info][gc,heap        ] GC(139) PSYoungGen: 118112K(232960K)->1344K(232960K) Eden: 116736K(116736K)->0K(116736K) From: 1376K(116224K)->1344K(116224K)
[53.801s][info][gc,heap        ] GC(139) ParOldGen: 11399K(699392K)->11567K(699392K)
[53.801s][info][gc,metaspace   ] GC(139) Metaspace: 16620K(17280K)->16620K(17280K) NonClass: 14198K(14592K)->14198K(14592K) Class: 2422K(2688K)->2422K(2688K)
[53.801s][info][gc             ] GC(139) Pause Young (Allocation Failure) 126M->12M(910M) 0.573ms
[53.801s][info][gc,cpu         ] GC(139) User=0.00s Sys=0.00s Real=0.00s
[53.813s][info][gc,start       ] GC(140) Pause Young (Allocation Failure)
[53.813s][info][gc,heap        ] GC(140) PSYoungGen: 118080K(232960K)->1376K(232960K) Eden: 116736K(116736K)->0K(116736K) From: 1344K(116224K)->1376K(116224K)
[53.813s][info][gc,heap        ] GC(140) ParOldGen: 11567K(699392K)->11735K(699392K)
[53.813s][info][gc,metaspace   ] GC(140) Metaspace: 16620K(17280K)->16620K(17280K) NonClass: 14198K(14592K)->14198K(14592K) Class: 2422K(2688K)->2422K(2688K)
[53.813s][info][gc             ] GC(140) Pause Young (Allocation Failure) 126M->12M(910M) 0.582ms
[53.813s][info][gc,cpu         ] GC(140) User=0.00s Sys=0.00s Real=0.00s
[53.825s][info][gc,start       ] GC(141) Pause Young (Allocation Failure)
[53.825s][info][gc,heap        ] GC(141) PSYoungGen: 118112K(232960K)->1376K(232960K) Eden: 116736K(116736K)->0K(116736K) From: 1376K(116224K)->1376K(116224K)
[53.825s][info][gc,heap        ] GC(141) ParOldGen: 11735K(699392K)->11911K(699392K)
[53.825s][info][gc,metaspace   ] GC(141) Metaspace: 16620K(17280K)->16620K(17280K) NonClass: 14198K(14592K)->14198K(14592K) Class: 2422K(2688K)->2422K(2688K)
[53.825s][info][gc             ] GC(141) Pause Young (Allocation Failure) 126M->12M(910M) 0.567ms
[53.825s][info][gc,cpu         ] GC(141) User=0.00s Sys=0.00s Real=0.00s
[53.837s][info][gc,start       ] GC(142) Pause Young (Allocation Failure)
[53.837s][info][gc,heap        ] GC(142) PSYoungGen: 118112K(232960K)->1408K(232960K) Eden: 116736K(116736K)->0K(116736K) From: 1376K(116224K)->1408K(116224K)
[53.837s][info][gc,heap        ] GC(142) ParOldGen: 11911K(699392K)->12095K(699392K)
[53.837s][info][gc,metaspace   ] GC(142) Metaspace: 16620K(17280K)->16620K(17280K) NonClass: 14198K(14592K)->14198K(14592K) Class: 2422K(2688K)->2422K(2688K)
[53.837s][info][gc             ] GC(142) Pause Young (Allocation Failure) 126M->13M(910M) 0.588ms
[53.838s][info][gc,cpu         ] GC(142) User=0.00s Sys=0.00s Real=0.00s
[53.849s][info][gc,start       ] GC(143) Pause Young (Allocation Failure)
[53.849s][info][gc,heap        ] GC(143) PSYoungGen: 118144K(232960K)->1408K(232960K) Eden: 116736K(116736K)->0K(116736K) From: 1408K(116224K)->1408K(116224K)
[53.849s][info][gc,heap        ] GC(143) ParOldGen: 12095K(699392K)->12319K(699392K)
[53.849s][info][gc,metaspace   ] GC(143) Metaspace: 16620K(17280K)->16620K(17280K) NonClass: 14198K(14592K)->14198K(14592K) Class: 2422K(2688K)->2422K(2688K)
[53.849s][info][gc             ] GC(143) Pause Young (Allocation Failure) 127M->13M(910M) 0.598ms
[53.849s][info][gc,cpu         ] GC(143) User=0.00s Sys=0.00s Real=0.00s
[53.861s][info][gc,start       ] GC(144) Pause Young (Allocation Failure)
[53.862s][info][gc,heap        ] GC(144) PSYoungGen: 118144K(232960K)->1376K(118272K) Eden: 116736K(116736K)->0K(116736K) From: 1408K(116224K)->1376K(1536K)
[53.863s][info][gc,heap        ] GC(144) ParOldGen: 12319K(699392K)->12527K(699392K)
[53.863s][info][gc,metaspace   ] GC(144) Metaspace: 16620K(17280K)->16620K(17280K) NonClass: 14198K(14592K)->14198K(14592K) Class: 2422K(2688K)->2422K(2688K)
[53.863s][info][gc             ] GC(144) Pause Young (Allocation Failure) 127M->13M(798M) 1.612ms
[53.863s][info][gc,cpu         ] GC(144) User=0.00s Sys=0.00s Real=0.00s
[53.874s][info][gc,start       ] GC(145) Pause Young (Allocation Failure)
[53.876s][info][gc,heap        ] GC(145) PSYoungGen: 118112K(118272K)->1344K(231936K) Eden: 116736K(116736K)->0K(124416K) From: 1376K(1536K)->1344K(107520K)
[53.876s][info][gc,heap        ] GC(145) ParOldGen: 12527K(699392K)->12527K(699392K)
[53.876s][info][gc,metaspace   ] GC(145) Metaspace: 16620K(17280K)->16620K(17280K) NonClass: 14198K(14592K)->14198K(14592K) Class: 2422K(2688K)->2422K(2688K)
[53.876s][info][gc             ] GC(145) Pause Young (Allocation Failure) 127M->13M(909M) 1.706ms
[53.876s][info][gc,cpu         ] GC(145) User=0.00s Sys=0.00s Real=0.00s
[53.888s][info][gc,start       ] GC(146) Pause Young (Allocation Failure)
[53.890s][info][gc,heap        ] GC(146) PSYoungGen: 125760K(231936K)->1408K(230912K) Eden: 124416K(124416K)->0K(124416K) From: 1344K(107520K)->1408K(106496K)
[53.890s][info][gc,heap        ] GC(146) ParOldGen: 12527K(699392K)->12527K(699392K)
[53.890s][info][gc,metaspace   ] GC(146) Metaspace: 16620K(17280K)->16620K(17280K) NonClass: 14198K(14592K)->14198K(14592K) Class: 2422K(2688K)->2422K(2688K)
[53.890s][info][gc             ] GC(146) Pause Young (Allocation Failure) 135M->13M(908M) 1.752ms
[53.890s][info][gc,cpu         ] GC(146) User=0.00s Sys=0.00s Real=0.00s
[53.902s][info][gc,start       ] GC(147) Pause Young (Allocation Failure)
[53.905s][info][gc,heap        ] GC(147) PSYoungGen: 125824K(230912K)->1408K(218112K) Eden: 124416K(124416K)->0K(133120K) From: 1408K(106496K)->1408K(84992K)
[53.905s][info][gc,heap        ] GC(147) ParOldGen: 12527K(699392K)->12527K(699392K)
[53.905s][info][gc,metaspace   ] GC(147) Metaspace: 16620K(17280K)->16620K(17280K) NonClass: 14198K(14592K)->14198K(14592K) Class: 2422K(2688K)->2422K(2688K)
[53.905s][info][gc             ] GC(147) Pause Young (Allocation Failure) 135M->13M(896M) 2.538ms
[53.905s][info][gc,cpu         ] GC(147) User=0.00s Sys=0.00s Real=0.00s
[53.918s][info][gc,start       ] GC(148) Pause Young (Allocation Failure)
[53.919s][info][gc,heap        ] GC(148) PSYoungGen: 134528K(218112K)->1568K(225280K) Eden: 133120K(133120K)->0K(133120K) From: 1408K(84992K)->1568K(92160K)
[53.919s][info][gc,heap        ] GC(148) ParOldGen: 12527K(699392K)->12527K(699392K)
[53.919s][info][gc,metaspace   ] GC(148) Metaspace: 16620K(17280K)->16620K(17280K) NonClass: 14198K(14592K)->14198K(14592K) Class: 2422K(2688K)->2422K(2688K)
[53.919s][info][gc             ] GC(148) Pause Young (Allocation Failure) 143M->13M(903M) 1.332ms
[53.919s][info][gc,cpu         ] GC(148) User=0.00s Sys=0.00s Real=0.00s
[53.933s][info][gc,start       ] GC(149) Pause Young (Allocation Failure)
[53.935s][info][gc,heap        ] GC(149) PSYoungGen: 134688K(225280K)->1600K(215552K) Eden: 133120K(133120K)->0K(142336K) From: 1568K(92160K)->1600K(73216K)
[53.935s][info][gc,heap        ] GC(149) ParOldGen: 12527K(699392K)->12527K(699392K)
[53.935s][info][gc,metaspace   ] GC(149) Metaspace: 16620K(17280K)->16620K(17280K) NonClass: 14198K(14592K)->14198K(14592K) Class: 2422K(2688K)->2422K(2688K)
[53.935s][info][gc             ] GC(149) Pause Young (Allocation Failure) 143M->13M(893M) 2.385ms
[53.935s][info][gc,cpu         ] GC(149) User=0.00s Sys=0.00s Real=0.00s
[53.949s][info][gc,start       ] GC(150) Pause Young (Allocation Failure)
[53.950s][info][gc,heap        ] GC(150) PSYoungGen: 143936K(215552K)->1568K(221696K) Eden: 142336K(142336K)->0K(142336K) From: 1600K(73216K)->1568K(79360K)
[53.950s][info][gc,heap        ] GC(150) ParOldGen: 12527K(699392K)->12527K(699392K)
[53.950s][info][gc,metaspace   ] GC(150) Metaspace: 16620K(17280K)->16620K(17280K) NonClass: 14198K(14592K)->14198K(14592K) Class: 2422K(2688K)->2422K(2688K)
[53.950s][info][gc             ] GC(150) Pause Young (Allocation Failure) 152M->13M(899M) 1.025ms
[53.950s][info][gc,cpu         ] GC(150) User=0.00s Sys=0.00s Real=0.00s
[53.964s][info][gc,start       ] GC(151) Pause Young (Allocation Failure)
[53.966s][info][gc,heap        ] GC(151) PSYoungGen: 143904K(221696K)->1504K(214528K) Eden: 142336K(142336K)->0K(152064K) From: 1568K(79360K)->1504K(62464K)
[53.966s][info][gc,heap        ] GC(151) ParOldGen: 12527K(699392K)->12527K(699392K)
[53.966s][info][gc,metaspace   ] GC(151) Metaspace: 16620K(17280K)->16620K(17280K) NonClass: 14198K(14592K)->14198K(14592K) Class: 2422K(2688K)->2422K(2688K)
[53.966s][info][gc             ] GC(151) Pause Young (Allocation Failure) 152M->13M(892M) 1.871ms
[53.966s][info][gc,cpu         ] GC(151) User=0.00s Sys=0.00s Real=0.00s
[53.981s][info][gc,start       ] GC(152) Pause Young (Allocation Failure)
[53.982s][info][gc,heap        ] GC(152) PSYoungGen: 153568K(214528K)->1504K(220160K) Eden: 152064K(152064K)->0K(152064K) From: 1504K(62464K)->1504K(68096K)
[53.982s][info][gc,heap        ] GC(152) ParOldGen: 12527K(699392K)->12527K(699392K)
[53.982s][info][gc,metaspace   ] GC(152) Metaspace: 16620K(17280K)->16620K(17280K) NonClass: 14198K(14592K)->14198K(14592K) Class: 2422K(2688K)->2422K(2688K)
[53.982s][info][gc             ] GC(152) Pause Young (Allocation Failure) 162M->13M(898M) 0.610ms
[53.982s][info][gc,cpu         ] GC(152) User=0.00s Sys=0.00s Real=0.00s
[53.997s][info][gc,start       ] GC(153) Pause Young (Allocation Failure)
[53.999s][info][gc,heap        ] GC(153) PSYoungGen: 153568K(220160K)->1472K(216064K) Eden: 152064K(152064K)->0K(161792K) From: 1504K(68096K)->1472K(54272K)
[53.999s][info][gc,heap        ] GC(153) ParOldGen: 12527K(699392K)->12527K(699392K)
[53.999s][info][gc,metaspace   ] GC(153) Metaspace: 16620K(17280K)->16620K(17280K) NonClass: 14198K(14592K)->14198K(14592K) Class: 2422K(2688K)->2422K(2688K)
[53.999s][info][gc             ] GC(153) Pause Young (Allocation Failure) 162M->13M(894M) 1.512ms
[53.999s][info][gc,cpu         ] GC(153) User=0.00s Sys=0.02s Real=0.02s
[54.016s][info][gc,start       ] GC(154) Pause Young (Allocation Failure)
[54.016s][info][gc,heap        ] GC(154) PSYoungGen: 163264K(216064K)->1376K(220672K) Eden: 161792K(161792K)->0K(161792K) From: 1472K(54272K)->1376K(58880K)
[54.016s][info][gc,heap        ] GC(154) ParOldGen: 12527K(699392K)->12527K(699392K)
[54.016s][info][gc,metaspace   ] GC(154) Metaspace: 16620K(17280K)->16620K(17280K) NonClass: 14198K(14592K)->14198K(14592K) Class: 2422K(2688K)->2422K(2688K)
[54.016s][info][gc             ] GC(154) Pause Young (Allocation Failure) 171M->13M(898M) 0.584ms
[54.016s][info][gc,cpu         ] GC(154) User=0.00s Sys=0.00s Real=0.00s
[54.033s][info][gc,start       ] GC(155) Pause Young (Allocation Failure)
[54.034s][info][gc,heap        ] GC(155) PSYoungGen: 163167K(220672K)->1344K(217088K) Eden: 161791K(161792K)->0K(171520K) From: 1376K(58880K)->1344K(45568K)
[54.034s][info][gc,heap        ] GC(155) ParOldGen: 12527K(699392K)->12527K(699392K)
[54.034s][info][gc,metaspace   ] GC(155) Metaspace: 16620K(17280K)->16620K(17280K) NonClass: 14198K(14592K)->14198K(14592K) Class: 2422K(2688K)->2422K(2688K)
[54.034s][info][gc             ] GC(155) Pause Young (Allocation Failure) 171M->13M(895M) 1.302ms
[54.034s][info][gc,cpu         ] GC(155) User=0.00s Sys=0.00s Real=0.00s
[54.169s][info][gc,start       ] GC(156) Pause Young (Allocation Failure)
[54.207s][info][gc,heap        ] GC(156) PSYoungGen: 172864K(217088K)->50172K(221696K) Eden: 171520K(171520K)->0K(171520K) From: 1344K(45568K)->50172K(50176K)
[54.207s][info][gc,heap        ] GC(156) ParOldGen: 12527K(699392K)->72031K(699392K)
[54.207s][info][gc,metaspace   ] GC(156) Metaspace: 16620K(17280K)->16620K(17280K) NonClass: 14198K(14592K)->14198K(14592K) Class: 2422K(2688K)->2422K(2688K)
[54.207s][info][gc             ] GC(156) Pause Young (Allocation Failure) 181M->119M(899M) 37.682ms
[54.207s][info][gc,cpu         ] GC(156) User=0.66s Sys=0.00s Real=0.03s
[54.379s][info][gc,start       ] GC(157) Pause Young (Allocation Failure)
[54.439s][info][gc,heap        ] GC(157) PSYoungGen: 221692K(221696K)->84476K(201216K) Eden: 171520K(171520K)->0K(116736K) From: 50172K(50176K)->84476K(84480K)
[54.439s][info][gc,heap        ] GC(157) ParOldGen: 72031K(699392K)->148815K(699392K)
[54.439s][info][gc,metaspace   ] GC(157) Metaspace: 16620K(17280K)->16620K(17280K) NonClass: 14198K(14592K)->14198K(14592K) Class: 2422K(2688K)->2422K(2688K)
[54.439s][info][gc             ] GC(157) Pause Young (Allocation Failure) 286M->227M(879M) 59.572ms
[54.439s][info][gc,cpu         ] GC(157) User=0.95s Sys=0.36s Real=0.06s
[54.558s][info][gc,start       ] GC(158) Pause Young (Allocation Failure)
[54.607s][info][gc,heap        ] GC(158) PSYoungGen: 201212K(201216K)->116220K(232960K) Eden: 116736K(116736K)->0K(116736K) From: 84476K(84480K)->116220K(116224K)
[54.608s][info][gc,heap        ] GC(158) ParOldGen: 148815K(699392K)->192983K(699392K)
[54.608s][info][gc,metaspace   ] GC(158) Metaspace: 16620K(17280K)->16620K(17280K) NonClass: 14198K(14592K)->14198K(14592K) Class: 2422K(2688K)->2422K(2688K)
[54.608s][info][gc             ] GC(158) Pause Young (Allocation Failure) 341M->301M(910M) 49.077ms
[54.608s][info][gc,cpu         ] GC(158) User=0.98s Sys=0.00s Real=0.05s
[54.728s][info][gc,start       ] GC(159) Pause Young (Allocation Failure)
[54.788s][info][gc,heap        ] GC(159) PSYoungGen: 232956K(232960K)->116220K(232960K) Eden: 116736K(116736K)->0K(116736K) From: 116220K(116224K)->116220K(116224K)
[54.788s][info][gc,heap        ] GC(159) ParOldGen: 192983K(699392K)->268895K(699392K)
[54.788s][info][gc,metaspace   ] GC(159) Metaspace: 16622K(17280K)->16622K(17280K) NonClass: 14199K(14592K)->14199K(14592K) Class: 2422K(2688K)->2422K(2688K)
[54.788s][info][gc             ] GC(159) Pause Young (Allocation Failure) 415M->376M(910M) 59.804ms
[54.788s][info][gc,cpu         ] GC(159) User=1.31s Sys=0.00s Real=0.06s
[54.911s][info][gc,start       ] GC(160) Pause Young (Allocation Failure)
[55.011s][info][gc,heap        ] GC(160) PSYoungGen: 232956K(232960K)->116220K(232960K) Eden: 116736K(116736K)->0K(116736K) From: 116220K(116224K)->116220K(116224K)
[55.011s][info][gc,heap        ] GC(160) ParOldGen: 268895K(699392K)->345343K(699392K)
[55.011s][info][gc,metaspace   ] GC(160) Metaspace: 16622K(17280K)->16622K(17280K) NonClass: 14199K(14592K)->14199K(14592K) Class: 2422K(2688K)->2422K(2688K)
[55.011s][info][gc             ] GC(160) Pause Young (Allocation Failure) 490M->450M(910M) 99.689ms
[55.011s][info][gc,cpu         ] GC(160) User=1.31s Sys=0.00s Real=0.09s
[55.933s][info][gc,start       ] GC(161) Pause Young (Allocation Failure)
[55.978s][info][gc,heap        ] GC(161) PSYoungGen: 232956K(232960K)->116220K(232960K) Eden: 116736K(116736K)->0K(116736K) From: 116220K(116224K)->116220K(116224K)
[55.978s][info][gc,heap        ] GC(161) ParOldGen: 345343K(699392K)->352135K(699392K)
[55.978s][info][gc,metaspace   ] GC(161) Metaspace: 16622K(17280K)->16622K(17280K) NonClass: 14199K(14592K)->14199K(14592K) Class: 2422K(2688K)->2422K(2688K)
[55.978s][info][gc             ] GC(161) Pause Young (Allocation Failure) 564M->457M(910M) 44.908ms
[55.978s][info][gc,cpu         ] GC(161) User=0.64s Sys=0.02s Real=0.03s
[62.904s][info][gc,start       ] GC(162) Pause Young (Allocation Failure)
[62.959s][info][gc,heap        ] GC(162) PSYoungGen: 232956K(232960K)->116220K(232960K) Eden: 116735K(116736K)->0K(116736K) From: 116220K(116224K)->116220K(116224K)
[62.959s][info][gc,heap        ] GC(162) ParOldGen: 352135K(699392K)->400887K(699392K)
[62.959s][info][gc,metaspace   ] GC(162) Metaspace: 16623K(17280K)->16623K(17280K) NonClass: 14200K(14592K)->14200K(14592K) Class: 2422K(2688K)->2422K(2688K)
[62.959s][info][gc             ] GC(162) Pause Young (Allocation Failure) 571M->504M(910M) 54.915ms
[62.959s][info][gc,cpu         ] GC(162) User=0.98s Sys=0.00s Real=0.05s
[63.052s][info][gc,start       ] GC(163) Pause Young (Allocation Failure)
[63.105s][info][gc,heap        ] GC(163) PSYoungGen: 232956K(232960K)->111264K(232960K) Eden: 116736K(116736K)->0K(116736K) From: 116220K(116224K)->111264K(116224K)
[63.105s][info][gc,heap        ] GC(163) ParOldGen: 400887K(699392K)->455500K(699392K)
[63.105s][info][gc,metaspace   ] GC(163) Metaspace: 16623K(17280K)->16623K(17280K) NonClass: 14200K(14592K)->14200K(14592K) Class: 2422K(2688K)->2422K(2688K)
[63.105s][info][gc             ] GC(163) Pause Young (Allocation Failure) 618M->553M(910M) 53.313ms
[63.105s][info][gc,cpu         ] GC(163) User=0.98s Sys=0.00s Real=0.05s
[63.201s][info][gc,start       ] GC(164) Pause Young (Allocation Failure)
[63.247s][info][gc,heap        ] GC(164) PSYoungGen: 228000K(232960K)->116224K(232960K) Eden: 116736K(116736K)->0K(116736K) From: 111264K(116224K)->116224K(116224K)
[63.247s][info][gc,heap        ] GC(164) ParOldGen: 455500K(699392K)->497932K(699392K)
[63.247s][info][gc,metaspace   ] GC(164) Metaspace: 16623K(17280K)->16623K(17280K) NonClass: 14200K(14592K)->14200K(14592K) Class: 2422K(2688K)->2422K(2688K)
[63.247s][info][gc             ] GC(164) Pause Young (Allocation Failure) 667M->599M(910M) 46.631ms
[63.247s][info][gc,cpu         ] GC(164) User=0.98s Sys=0.00s Real=0.05s
[63.344s][info][gc,start       ] GC(165) Pause Young (Allocation Failure)
[63.395s][info][gc,heap        ] GC(165) PSYoungGen: 232960K(232960K)->116224K(232960K) Eden: 116736K(116736K)->0K(116736K) From: 116224K(116224K)->116224K(116224K)
[63.395s][info][gc,heap        ] GC(165) ParOldGen: 497932K(699392K)->545812K(699392K)
[63.395s][info][gc,metaspace   ] GC(165) Metaspace: 16623K(17280K)->16623K(17280K) NonClass: 14200K(14592K)->14200K(14592K) Class: 2422K(2688K)->2422K(2688K)
[63.395s][info][gc             ] GC(165) Pause Young (Allocation Failure) 713M->646M(910M) 50.772ms
[63.395s][info][gc,cpu         ] GC(165) User=0.98s Sys=0.00s Real=0.05s
[63.492s][info][gc,start       ] GC(166) Pause Young (Allocation Failure)
[63.539s][info][gc,heap        ] GC(166) PSYoungGen: 232960K(232960K)->116224K(232960K) Eden: 116736K(116736K)->0K(116736K) From: 116224K(116224K)->116224K(116224K)
[63.539s][info][gc,heap        ] GC(166) ParOldGen: 545812K(699392K)->595332K(699392K)
[63.539s][info][gc,metaspace   ] GC(166) Metaspace: 16623K(17280K)->16623K(17280K) NonClass: 14200K(14592K)->14200K(14592K) Class: 2422K(2688K)->2422K(2688K)
[63.539s][info][gc             ] GC(166) Pause Young (Allocation Failure) 760M->694M(910M) 47.318ms
[63.539s][info][gc,cpu         ] GC(166) User=0.98s Sys=0.00s Real=0.05s
[63.638s][info][gc,start       ] GC(167) Pause Young (Allocation Failure)
[63.683s][info][gc,heap        ] GC(167) PSYoungGen: 232960K(232960K)->96672K(232960K) Eden: 116736K(116736K)->0K(116736K) From: 116224K(116224K)->96672K(116224K)
[63.683s][info][gc,heap        ] GC(167) ParOldGen: 595332K(699392K)->662612K(699392K)
[63.683s][info][gc,metaspace   ] GC(167) Metaspace: 16623K(17280K)->16623K(17280K) NonClass: 14200K(14592K)->14200K(14592K) Class: 2422K(2688K)->2422K(2688K)
[63.683s][info][gc             ] GC(167) Pause Young (Allocation Failure) 808M->741M(910M) 45.725ms
[63.683s][info][gc,cpu         ] GC(167) User=0.63s Sys=0.03s Real=0.03s
[63.684s][info][gc,start       ] GC(168) Pause Full (Ergonomics)
[63.684s][info][gc,phases,start] GC(168) Marking Phase
[63.743s][info][gc,phases      ] GC(168) Marking Phase 59.326ms
[63.743s][info][gc,phases,start] GC(168) Summary Phase
[63.743s][info][gc,phases      ] GC(168) Summary Phase 0.032ms
[63.743s][info][gc,phases,start] GC(168) Adjust Roots
[63.745s][info][gc,phases      ] GC(168) Adjust Roots 1.925ms
[63.745s][info][gc,phases,start] GC(168) Compaction Phase
[63.844s][info][gc,phases      ] GC(168) Compaction Phase 99.413ms
[63.844s][info][gc,phases,start] GC(168) Post Compact
[63.848s][info][gc,phases      ] GC(168) Post Compact 3.479ms
[63.848s][info][gc,heap        ] GC(168) PSYoungGen: 96672K(232960K)->0K(232960K) Eden: 0K(116736K)->0K(116736K) From: 96672K(116224K)->0K(116224K)
[63.848s][info][gc,heap        ] GC(168) ParOldGen: 662612K(699392K)->294614K(699392K)
[63.848s][info][gc,metaspace   ] GC(168) Metaspace: 16623K(17280K)->16623K(17280K) NonClass: 14200K(14592K)->14200K(14592K) Class: 2422K(2688K)->2422K(2688K)
[63.848s][info][gc             ] GC(168) Pause Full (Ergonomics) 741M->287M(910M) 164.400ms
[63.848s][info][gc,cpu         ] GC(168) User=3.53s Sys=0.00s Real=0.17s
[63.947s][info][gc,start       ] GC(169) Pause Young (Allocation Failure)
[63.964s][info][gc,heap        ] GC(169) PSYoungGen: 116736K(232960K)->50112K(232960K) Eden: 116736K(116736K)->0K(116736K) From: 0K(116224K)->50112K(116224K)
[63.964s][info][gc,heap        ] GC(169) ParOldGen: 294614K(699392K)->294614K(699392K)
[63.964s][info][gc,metaspace   ] GC(169) Metaspace: 16623K(17280K)->16623K(17280K) NonClass: 14200K(14592K)->14200K(14592K) Class: 2422K(2688K)->2422K(2688K)
[63.964s][info][gc             ] GC(169) Pause Young (Allocation Failure) 401M->336M(910M) 17.176ms
[63.964s][info][gc,cpu         ] GC(169) User=0.33s Sys=0.00s Real=0.02s
[64.067s][info][gc,start       ] GC(170) Pause Young (Allocation Failure)
[64.099s][info][gc,heap        ] GC(170) PSYoungGen: 166848K(232960K)->50240K(232960K) Eden: 116736K(116736K)->0K(116736K) From: 50112K(116224K)->50240K(116224K)
[64.099s][info][gc,heap        ] GC(170) ParOldGen: 294614K(699392K)->341670K(699392K)
[64.099s][info][gc,metaspace   ] GC(170) Metaspace: 16623K(17280K)->16623K(17280K) NonClass: 14200K(14592K)->14200K(14592K) Class: 2422K(2688K)->2422K(2688K)
[64.099s][info][gc             ] GC(170) Pause Young (Allocation Failure) 450M->382M(910M) 31.778ms
[64.099s][info][gc,cpu         ] GC(170) User=0.66s Sys=0.00s Real=0.03s
[64.233s][info][gc,start       ] GC(171) Pause Young (Allocation Failure)
[64.269s][info][gc,heap        ] GC(171) PSYoungGen: 166976K(232960K)->112083K(232960K) Eden: 116736K(116736K)->0K(116736K) From: 50240K(116224K)->112083K(116224K)
[64.269s][info][gc,heap        ] GC(171) ParOldGen: 341670K(699392K)->388734K(699392K)
[64.269s][info][gc,metaspace   ] GC(171) Metaspace: 16623K(17280K)->16623K(17280K) NonClass: 14200K(14592K)->14200K(14592K) Class: 2422K(2688K)->2422K(2688K)
[64.270s][info][gc             ] GC(171) Pause Young (Allocation Failure) 496M->489M(910M) 36.737ms
[64.270s][info][gc,cpu         ] GC(171) User=0.69s Sys=0.00s Real=0.05s
[64.889s][info][gc,start       ] GC(172) Pause Young (Allocation Failure)
[64.940s][info][gc,heap        ] GC(172) PSYoungGen: 228819K(232960K)->42080K(232960K) Eden: 116736K(116736K)->0K(116736K) From: 112083K(116224K)->42080K(116224K)
[64.940s][info][gc,heap        ] GC(172) ParOldGen: 388734K(699392K)->494698K(699392K)
[64.940s][info][gc,metaspace   ] GC(172) Metaspace: 16623K(17280K)->16623K(17280K) NonClass: 14200K(14592K)->14200K(14592K) Class: 2422K(2688K)->2422K(2688K)
[64.940s][info][gc             ] GC(172) Pause Young (Allocation Failure) 603M->524M(910M) 50.623ms
[64.940s][info][gc,cpu         ] GC(172) User=0.98s Sys=0.00s Real=0.05s
[65.142s][info][gc,start       ] GC(173) Pause Young (Allocation Failure)
[65.178s][info][gc,heap        ] GC(173) PSYoungGen: 158816K(232960K)->3904K(232960K) Eden: 116736K(116736K)->0K(116736K) From: 42080K(116224K)->3904K(116224K)
[65.178s][info][gc,heap        ] GC(173) ParOldGen: 494698K(699392K)->525266K(699392K)
[65.178s][info][gc,metaspace   ] GC(173) Metaspace: 16623K(17280K)->16623K(17280K) NonClass: 14200K(14592K)->14200K(14592K) Class: 2422K(2688K)->2422K(2688K)
[65.178s][info][gc             ] GC(173) Pause Young (Allocation Failure) 638M->516M(910M) 36.651ms
[65.178s][info][gc,cpu         ] GC(173) User=0.66s Sys=0.00s Real=0.03s
[65.374s][info][gc,start       ] GC(174) Pause Young (Allocation Failure)
[65.376s][info][gc,heap        ] GC(174) PSYoungGen: 120640K(232960K)->3328K(232960K) Eden: 116736K(116736K)->0K(116736K) From: 3904K(116224K)->3328K(116224K)
[65.376s][info][gc,heap        ] GC(174) ParOldGen: 525266K(699392K)->525650K(699392K)
[65.376s][info][gc,metaspace   ] GC(174) Metaspace: 16623K(17280K)->16623K(17280K) NonClass: 14200K(14592K)->14200K(14592K) Class: 2422K(2688K)->2422K(2688K)
[65.376s][info][gc             ] GC(174) Pause Young (Allocation Failure) 630M->516M(910M) 2.700ms
[65.376s][info][gc,cpu         ] GC(174) User=0.00s Sys=0.00s Real=0.00s
[65.538s][info][gc,start       ] GC(175) Pause Young (Allocation Failure)
[65.541s][info][gc,heap        ] GC(175) PSYoungGen: 120064K(232960K)->2624K(232960K) Eden: 116736K(116736K)->0K(116736K) From: 3328K(116224K)->2624K(116224K)
[65.541s][info][gc,heap        ] GC(175) ParOldGen: 525650K(699392K)->525834K(699392K)
[65.541s][info][gc,metaspace   ] GC(175) Metaspace: 16623K(17280K)->16623K(17280K) NonClass: 14200K(14592K)->14200K(14592K) Class: 2422K(2688K)->2422K(2688K)
[65.541s][info][gc             ] GC(175) Pause Young (Allocation Failure) 630M->516M(910M) 2.342ms
[65.541s][info][gc,cpu         ] GC(175) User=0.00s Sys=0.00s Real=0.00s
[65.716s][info][gc,start       ] GC(176) Pause Young (Allocation Failure)
[65.717s][info][gc,heap        ] GC(176) PSYoungGen: 119360K(232960K)->1056K(232960K) Eden: 116736K(116736K)->0K(116736K) From: 2624K(116224K)->1056K(116224K)
[65.717s][info][gc,heap        ] GC(176) ParOldGen: 525834K(699392K)->526002K(699392K)
[65.717s][info][gc,metaspace   ] GC(176) Metaspace: 16623K(17280K)->16623K(17280K) NonClass: 14200K(14592K)->14200K(14592K) Class: 2422K(2688K)->2422K(2688K)
[65.717s][info][gc             ] GC(176) Pause Young (Allocation Failure) 630M->514M(910M) 1.705ms
[65.717s][info][gc,cpu         ] GC(176) User=0.00s Sys=0.00s Real=0.00s
[67.225s][info][gc,start       ] GC(177) Pause Young (System.gc())
[67.226s][info][gc,heap        ] GC(177) PSYoungGen: 112655K(232960K)->32K(232960K) Eden: 111599K(116736K)->0K(116736K) From: 1056K(116224K)->32K(116224K)
[67.226s][info][gc,heap        ] GC(177) ParOldGen: 526002K(699392K)->526002K(699392K)
[67.226s][info][gc,metaspace   ] GC(177) Metaspace: 16623K(17280K)->16623K(17280K) NonClass: 14201K(14592K)->14201K(14592K) Class: 2422K(2688K)->2422K(2688K)
[67.226s][info][gc             ] GC(177) Pause Young (System.gc()) 623M->513M(910M) 1.559ms
[67.226s][info][gc,cpu         ] GC(177) User=0.33s Sys=0.00s Real=0.02s
[67.226s][info][gc,start       ] GC(178) Pause Full (System.gc())
[67.226s][info][gc,phases,start] GC(178) Marking Phase
[67.240s][info][gc,phases      ] GC(178) Marking Phase 13.640ms
[67.240s][info][gc,phases,start] GC(178) Summary Phase
[67.240s][info][gc,phases      ] GC(178) Summary Phase 0.028ms
[67.240s][info][gc,phases,start] GC(178) Adjust Roots
[67.245s][info][gc,phases      ] GC(178) Adjust Roots 4.381ms
[67.246s][info][gc,phases,start] GC(178) Compaction Phase
[67.252s][info][gc,phases      ] GC(178) Compaction Phase 6.088ms
[67.252s][info][gc,phases,start] GC(178) Post Compact
[67.255s][info][gc,phases      ] GC(178) Post Compact 2.756ms
[67.255s][info][gc,heap        ] GC(178) PSYoungGen: 32K(232960K)->0K(232960K) Eden: 0K(116736K)->0K(116736K) From: 32K(116224K)->0K(116224K)
[67.255s][info][gc,heap        ] GC(178) ParOldGen: 526002K(699392K)->10752K(699392K)
[67.255s][info][gc,metaspace   ] GC(178) Metaspace: 16623K(17280K)->16623K(17280K) NonClass: 14201K(14592K)->14201K(14592K) Class: 2422K(2688K)->2422K(2688K)
[67.255s][info][gc             ] GC(178) Pause Full (System.gc()) 513M->10M(910M) 28.906ms
[67.255s][info][gc,cpu         ] GC(178) User=0.02s Sys=0.00s Real=0.02s
[69.074s][info][gc,start       ] GC(179) Pause Young (Allocation Failure)
[69.075s][info][gc,heap        ] GC(179) PSYoungGen: 116736K(232960K)->1664K(232960K) Eden: 116736K(116736K)->0K(116736K) From: 0K(116224K)->1664K(116224K)
[69.075s][info][gc,heap        ] GC(179) ParOldGen: 10752K(699392K)->10752K(699392K)
[69.075s][info][gc,metaspace   ] GC(179) Metaspace: 16625K(17280K)->16625K(17280K) NonClass: 14202K(14592K)->14202K(14592K) Class: 2422K(2688K)->2422K(2688K)
[69.075s][info][gc             ] GC(179) Pause Young (Allocation Failure) 124M->12M(910M) 1.432ms
[69.075s][info][gc,cpu         ] GC(179) User=0.00s Sys=0.00s Real=0.00s
[69.091s][info][gc,start       ] GC(180) Pause Young (Allocation Failure)
[69.091s][info][gc,heap        ] GC(180) PSYoungGen: 118400K(232960K)->1344K(232960K) Eden: 116736K(116736K)->0K(116736K) From: 1664K(116224K)->1344K(116224K)
[69.091s][info][gc,heap        ] GC(180) ParOldGen: 10752K(699392K)->11280K(699392K)
[69.091s][info][gc,metaspace   ] GC(180) Metaspace: 16625K(17280K)->16625K(17280K) NonClass: 14202K(14592K)->14202K(14592K) Class: 2422K(2688K)->2422K(2688K)
[69.092s][info][gc             ] GC(180) Pause Young (Allocation Failure) 126M->12M(910M) 0.739ms
[69.092s][info][gc,cpu         ] GC(180) User=0.00s Sys=0.00s Real=0.00s
[69.104s][info][gc,start       ] GC(181) Pause Young (Allocation Failure)
[69.105s][info][gc,heap        ] GC(181) PSYoungGen: 118080K(232960K)->1376K(232960K) Eden: 116736K(116736K)->0K(116736K) From: 1344K(116224K)->1376K(116224K)
[69.105s][info][gc,heap        ] GC(181) ParOldGen: 11280K(699392K)->11448K(699392K)
[69.105s][info][gc,metaspace   ] GC(181) Metaspace: 16625K(17280K)->16625K(17280K) NonClass: 14202K(14592K)->14202K(14592K) Class: 2422K(2688K)->2422K(2688K)
[69.105s][info][gc             ] GC(181) Pause Young (Allocation Failure) 126M->12M(910M) 0.570ms
[69.105s][info][gc,cpu         ] GC(181) User=0.00s Sys=0.00s Real=0.00s
[69.117s][info][gc,start       ] GC(182) Pause Young (Allocation Failure)
[69.117s][info][gc,heap        ] GC(182) PSYoungGen: 118112K(232960K)->1440K(232960K) Eden: 116736K(116736K)->0K(116736K) From: 1376K(116224K)->1440K(116224K)
[69.117s][info][gc,heap        ] GC(182) ParOldGen: 11448K(699392K)->11600K(699392K)
[69.117s][info][gc,metaspace   ] GC(182) Metaspace: 16625K(17280K)->16625K(17280K) NonClass: 14202K(14592K)->14202K(14592K) Class: 2422K(2688K)->2422K(2688K)
[69.117s][info][gc             ] GC(182) Pause Young (Allocation Failure) 126M->12M(910M) 0.582ms
[69.117s][info][gc,cpu         ] GC(182) User=0.00s Sys=0.00s Real=0.00s
[69.129s][info][gc,start       ] GC(183) Pause Young (Allocation Failure)
[69.130s][info][gc,heap        ] GC(183) PSYoungGen: 118176K(232960K)->1408K(232960K) Eden: 116736K(116736K)->0K(116736K) From: 1440K(116224K)->1408K(116224K)
[69.130s][info][gc,heap        ] GC(183) ParOldGen: 11600K(699392K)->11800K(699392K)
[69.130s][info][gc,metaspace   ] GC(183) Metaspace: 16625K(17280K)->16625K(17280K) NonClass: 14202K(14592K)->14202K(14592K) Class: 2422K(2688K)->2422K(2688K)
[69.130s][info][gc             ] GC(183) Pause Young (Allocation Failure) 126M->12M(910M) 0.591ms
[69.130s][info][gc,cpu         ] GC(183) User=0.00s Sys=0.00s Real=0.00s
[69.141s][info][gc,start       ] GC(184) Pause Young (Allocation Failure)
[69.142s][info][gc,heap        ] GC(184) PSYoungGen: 118144K(232960K)->1376K(232960K) Eden: 116736K(116736K)->0K(116736K) From: 1408K(116224K)->1376K(116224K)
[69.142s][info][gc,heap        ] GC(184) ParOldGen: 11800K(699392K)->11992K(699392K)
[69.142s][info][gc,metaspace   ] GC(184) Metaspace: 16625K(17280K)->16625K(17280K) NonClass: 14202K(14592K)->14202K(14592K) Class: 2422K(2688K)->2422K(2688K)
[69.142s][info][gc             ] GC(184) Pause Young (Allocation Failure) 126M->13M(910M) 0.583ms
[69.142s][info][gc,cpu         ] GC(184) User=0.00s Sys=0.00s Real=0.00s
[69.154s][info][gc,start       ] GC(185) Pause Young (Allocation Failure)
[69.154s][info][gc,heap        ] GC(185) PSYoungGen: 118112K(232960K)->1344K(232960K) Eden: 116736K(116736K)->0K(116736K) From: 1376K(116224K)->1344K(116224K)
[69.154s][info][gc,heap        ] GC(185) ParOldGen: 11992K(699392K)->12192K(699392K)
[69.154s][info][gc,metaspace   ] GC(185) Metaspace: 16625K(17280K)->16625K(17280K) NonClass: 14202K(14592K)->14202K(14592K) Class: 2422K(2688K)->2422K(2688K)
[69.154s][info][gc             ] GC(185) Pause Young (Allocation Failure) 127M->13M(910M) 0.542ms
[69.154s][info][gc,cpu         ] GC(185) User=0.00s Sys=0.00s Real=0.00s
[69.166s][info][gc,start       ] GC(186) Pause Young (Allocation Failure)
[69.166s][info][gc,heap        ] GC(186) PSYoungGen: 118080K(232960K)->1376K(232960K) Eden: 116736K(116736K)->0K(116736K) From: 1344K(116224K)->1376K(116224K)
[69.166s][info][gc,heap        ] GC(186) ParOldGen: 12192K(699392K)->12368K(699392K)
[69.166s][info][gc,metaspace   ] GC(186) Metaspace: 16625K(17280K)->16625K(17280K) NonClass: 14202K(14592K)->14202K(14592K) Class: 2422K(2688K)->2422K(2688K)
[69.166s][info][gc             ] GC(186) Pause Young (Allocation Failure) 127M->13M(910M) 0.576ms
[69.166s][info][gc,cpu         ] GC(186) User=0.00s Sys=0.00s Real=0.00s
[69.178s][info][gc,start       ] GC(187) Pause Young (Allocation Failure)
[69.179s][info][gc,heap        ] GC(187) PSYoungGen: 118112K(232960K)->1344K(232960K) Eden: 116736K(116736K)->0K(116736K) From: 1376K(116224K)->1344K(116224K)
[69.179s][info][gc,heap        ] GC(187) ParOldGen: 12368K(699392K)->12616K(699392K)
[69.179s][info][gc,metaspace   ] GC(187) Metaspace: 16625K(17280K)->16625K(17280K) NonClass: 14202K(14592K)->14202K(14592K) Class: 2422K(2688K)->2422K(2688K)
[69.179s][info][gc             ] GC(187) Pause Young (Allocation Failure) 127M->13M(910M) 0.656ms
[69.179s][info][gc,cpu         ] GC(187) User=0.00s Sys=0.00s Real=0.00s
[69.190s][info][gc,start       ] GC(188) Pause Young (Allocation Failure)
[69.191s][info][gc,heap        ] GC(188) PSYoungGen: 118080K(232960K)->1440K(232960K) Eden: 116736K(116736K)->0K(116736K) From: 1344K(116224K)->1440K(116224K)
[69.191s][info][gc,heap        ] GC(188) ParOldGen: 12616K(699392K)->12784K(699392K)
[69.191s][info][gc,metaspace   ] GC(188) Metaspace: 16625K(17280K)->16625K(17280K) NonClass: 14202K(14592K)->14202K(14592K) Class: 2422K(2688K)->2422K(2688K)
[69.191s][info][gc             ] GC(188) Pause Young (Allocation Failure) 127M->13M(910M) 0.555ms
[69.191s][info][gc,cpu         ] GC(188) User=0.00s Sys=0.00s Real=0.00s
[69.202s][info][gc,start       ] GC(189) Pause Young (Allocation Failure)
[69.203s][info][gc,heap        ] GC(189) PSYoungGen: 118176K(232960K)->1408K(232960K) Eden: 116736K(116736K)->0K(116736K) From: 1440K(116224K)->1408K(116224K)
[69.203s][info][gc,heap        ] GC(189) ParOldGen: 12784K(699392K)->13032K(699392K)
[69.203s][info][gc,metaspace   ] GC(189) Metaspace: 16625K(17280K)->16625K(17280K) NonClass: 14202K(14592K)->14202K(14592K) Class: 2422K(2688K)->2422K(2688K)
[69.203s][info][gc             ] GC(189) Pause Young (Allocation Failure) 127M->14M(910M) 0.554ms
[69.203s][info][gc,cpu         ] GC(189) User=0.00s Sys=0.00s Real=0.00s
[69.214s][info][gc,start       ] GC(190) Pause Young (Allocation Failure)
[69.215s][info][gc,heap        ] GC(190) PSYoungGen: 118144K(232960K)->1376K(232960K) Eden: 116736K(116736K)->0K(116736K) From: 1408K(116224K)->1376K(116224K)
[69.215s][info][gc,heap        ] GC(190) ParOldGen: 13032K(699392K)->13224K(699392K)
[69.215s][info][gc,metaspace   ] GC(190) Metaspace: 16625K(17280K)->16625K(17280K) NonClass: 14202K(14592K)->14202K(14592K) Class: 2422K(2688K)->2422K(2688K)
[69.215s][info][gc             ] GC(190) Pause Young (Allocation Failure) 128M->14M(910M) 0.571ms
[69.215s][info][gc,cpu         ] GC(190) User=0.00s Sys=0.00s Real=0.00s
[69.227s][info][gc,start       ] GC(191) Pause Young (Allocation Failure)
[69.228s][info][gc,heap        ] GC(191) PSYoungGen: 118112K(232960K)->1408K(118272K) Eden: 116736K(116736K)->0K(116736K) From: 1376K(116224K)->1408K(1536K)
[69.229s][info][gc,heap        ] GC(191) ParOldGen: 13224K(699392K)->13448K(699392K)
[69.229s][info][gc,metaspace   ] GC(191) Metaspace: 16625K(17280K)->16625K(17280K) NonClass: 14202K(14592K)->14202K(14592K) Class: 2422K(2688K)->2422K(2688K)
[69.229s][info][gc             ] GC(191) Pause Young (Allocation Failure) 128M->14M(798M) 2.108ms
[69.229s][info][gc,cpu         ] GC(191) User=0.00s Sys=0.00s Real=0.00s
[69.240s][info][gc,start       ] GC(192) Pause Young (Allocation Failure)
[69.242s][info][gc,heap        ] GC(192) PSYoungGen: 118144K(118272K)->1344K(230400K) Eden: 116736K(116736K)->0K(123904K) From: 1408K(1536K)->1344K(106496K)
[69.242s][info][gc,heap        ] GC(192) ParOldGen: 13448K(699392K)->13448K(699392K)
[69.242s][info][gc,metaspace   ] GC(192) Metaspace: 16625K(17280K)->16625K(17280K) NonClass: 14202K(14592K)->14202K(14592K) Class: 2422K(2688K)->2422K(2688K)
[69.242s][info][gc             ] GC(192) Pause Young (Allocation Failure) 128M->14M(908M) 1.528ms
[69.242s][info][gc,cpu         ] GC(192) User=0.00s Sys=0.00s Real=0.00s
[69.254s][info][gc,start       ] GC(193) Pause Young (Allocation Failure)
[69.256s][info][gc,heap        ] GC(193) PSYoungGen: 125248K(230400K)->1472K(227840K) Eden: 123904K(123904K)->0K(123904K) From: 1344K(106496K)->1472K(103936K)
[69.256s][info][gc,heap        ] GC(193) ParOldGen: 13448K(699392K)->13448K(699392K)
[69.256s][info][gc,metaspace   ] GC(193) Metaspace: 16625K(17280K)->16625K(17280K) NonClass: 14202K(14592K)->14202K(14592K) Class: 2422K(2688K)->2422K(2688K)
[69.256s][info][gc             ] GC(193) Pause Young (Allocation Failure) 135M->14M(905M) 1.782ms
[69.256s][info][gc,cpu         ] GC(193) User=0.00s Sys=0.00s Real=0.00s
[69.268s][info][gc,start       ] GC(194) Pause Young (Allocation Failure)
[69.271s][info][gc,heap        ] GC(194) PSYoungGen: 125376K(227840K)->1632K(217600K) Eden: 123904K(123904K)->0K(134144K) From: 1472K(103936K)->1632K(83456K)
[69.271s][info][gc,heap        ] GC(194) ParOldGen: 13448K(699392K)->13448K(699392K)
[69.271s][info][gc,metaspace   ] GC(194) Metaspace: 16625K(17280K)->16625K(17280K) NonClass: 14202K(14592K)->14202K(14592K) Class: 2422K(2688K)->2422K(2688K)
[69.271s][info][gc             ] GC(194) Pause Young (Allocation Failure) 135M->14M(895M) 2.744ms
[69.271s][info][gc,cpu         ] GC(194) User=0.00s Sys=0.00s Real=0.00s
[69.284s][info][gc,start       ] GC(195) Pause Young (Allocation Failure)
[69.285s][info][gc,heap        ] GC(195) PSYoungGen: 135776K(217600K)->1472K(224256K) Eden: 134144K(134144K)->0K(134144K) From: 1632K(83456K)->1472K(90112K)
[69.285s][info][gc,heap        ] GC(195) ParOldGen: 13448K(699392K)->13448K(699392K)
[69.285s][info][gc,metaspace   ] GC(195) Metaspace: 16625K(17280K)->16625K(17280K) NonClass: 14202K(14592K)->14202K(14592K) Class: 2422K(2688K)->2422K(2688K)
[69.285s][info][gc             ] GC(195) Pause Young (Allocation Failure) 145M->14M(902M) 0.991ms
[69.285s][info][gc,cpu         ] GC(195) User=0.00s Sys=0.00s Real=0.00s
[69.298s][info][gc,start       ] GC(196) Pause Young (Allocation Failure)
[69.301s][info][gc,heap        ] GC(196) PSYoungGen: 135616K(224256K)->1504K(217600K) Eden: 134144K(134144K)->0K(144896K) From: 1472K(90112K)->1504K(72704K)
[69.301s][info][gc,heap        ] GC(196) ParOldGen: 13448K(699392K)->13448K(699392K)
[69.301s][info][gc,metaspace   ] GC(196) Metaspace: 16625K(17280K)->16625K(17280K) NonClass: 14202K(14592K)->14202K(14592K) Class: 2422K(2688K)->2422K(2688K)
[69.301s][info][gc             ] GC(196) Pause Young (Allocation Failure) 145M->14M(895M) 2.420ms
[69.301s][info][gc,cpu         ] GC(196) User=0.00s Sys=0.00s Real=0.00s
[69.315s][info][gc,start       ] GC(197) Pause Young (Allocation Failure)
[69.316s][info][gc,heap        ] GC(197) PSYoungGen: 146400K(217600K)->1504K(223232K) Eden: 144896K(144896K)->0K(144896K) From: 1504K(72704K)->1504K(78336K)
[69.316s][info][gc,heap        ] GC(197) ParOldGen: 13448K(699392K)->13448K(699392K)
[69.316s][info][gc,metaspace   ] GC(197) Metaspace: 16625K(17280K)->16625K(17280K) NonClass: 14202K(14592K)->14202K(14592K) Class: 2422K(2688K)->2422K(2688K)
[69.316s][info][gc             ] GC(197) Pause Young (Allocation Failure) 156M->14M(901M) 0.576ms
[69.316s][info][gc,cpu         ] GC(197) User=0.00s Sys=0.00s Real=0.00s
[69.330s][info][gc,start       ] GC(198) Pause Young (Allocation Failure)
[69.332s][info][gc,heap        ] GC(198) PSYoungGen: 146400K(223232K)->1472K(218624K) Eden: 144896K(144896K)->0K(156160K) From: 1504K(78336K)->1472K(62464K)
[69.332s][info][gc,heap        ] GC(198) ParOldGen: 13448K(699392K)->13448K(699392K)
[69.332s][info][gc,metaspace   ] GC(198) Metaspace: 16625K(17280K)->16625K(17280K) NonClass: 14202K(14592K)->14202K(14592K) Class: 2422K(2688K)->2422K(2688K)
[69.332s][info][gc             ] GC(198) Pause Young (Allocation Failure) 156M->14M(896M) 1.543ms
[69.332s][info][gc,cpu         ] GC(198) User=0.00s Sys=0.00s Real=0.00s
[69.347s][info][gc,start       ] GC(199) Pause Young (Allocation Failure)
[69.348s][info][gc,heap        ] GC(199) PSYoungGen: 157632K(218624K)->1472K(223744K) Eden: 156160K(156160K)->0K(156160K) From: 1472K(62464K)->1472K(67584K)
[69.348s][info][gc,heap        ] GC(199) ParOldGen: 13448K(699392K)->13448K(699392K)
[69.348s][info][gc,metaspace   ] GC(199) Metaspace: 16625K(17280K)->16625K(17280K) NonClass: 14202K(14592K)->14202K(14592K) Class: 2422K(2688K)->2422K(2688K)
[69.348s][info][gc             ] GC(199) Pause Young (Allocation Failure) 167M->14M(901M) 0.593ms
[69.348s][info][gc,cpu         ] GC(199) User=0.00s Sys=0.00s Real=0.00s
[69.364s][info][gc,start       ] GC(200) Pause Young (Allocation Failure)
[69.365s][info][gc,heap        ] GC(200) PSYoungGen: 157632K(223744K)->1504K(221696K) Eden: 156160K(156160K)->0K(167936K) From: 1472K(67584K)->1504K(53760K)
[69.365s][info][gc,heap        ] GC(200) ParOldGen: 13448K(699392K)->13448K(699392K)
[69.365s][info][gc,metaspace   ] GC(200) Metaspace: 16625K(17280K)->16625K(17280K) NonClass: 14202K(14592K)->14202K(14592K) Class: 2422K(2688K)->2422K(2688K)
[69.365s][info][gc             ] GC(200) Pause Young (Allocation Failure) 167M->14M(899M) 1.318ms
[69.365s][info][gc,cpu         ] GC(200) User=0.00s Sys=0.00s Real=0.00s
[69.382s][info][gc,start       ] GC(201) Pause Young (Allocation Failure)
[69.382s][info][gc,heap        ] GC(201) PSYoungGen: 169440K(221696K)->1440K(226304K) Eden: 167936K(167936K)->0K(167936K) From: 1504K(53760K)->1440K(58368K)
[69.382s][info][gc,heap        ] GC(201) ParOldGen: 13448K(699392K)->13448K(699392K)
[69.382s][info][gc,metaspace   ] GC(201) Metaspace: 16625K(17280K)->16625K(17280K) NonClass: 14202K(14592K)->14202K(14592K) Class: 2422K(2688K)->2422K(2688K)
[69.382s][info][gc             ] GC(201) Pause Young (Allocation Failure) 178M->14M(904M) 0.611ms
[69.383s][info][gc,cpu         ] GC(201) User=0.00s Sys=0.00s Real=0.00s
[69.399s][info][gc,start       ] GC(202) Pause Young (Allocation Failure)
[69.401s][info][gc,heap        ] GC(202) PSYoungGen: 169376K(226304K)->1408K(225280K) Eden: 167936K(167936K)->0K(179712K) From: 1440K(58368K)->1408K(45568K)
[69.401s][info][gc,heap        ] GC(202) ParOldGen: 13448K(699392K)->13448K(699392K)
[69.401s][info][gc,metaspace   ] GC(202) Metaspace: 16625K(17280K)->16625K(17280K) NonClass: 14202K(14592K)->14202K(14592K) Class: 2422K(2688K)->2422K(2688K)
[69.401s][info][gc             ] GC(202) Pause Young (Allocation Failure) 178M->14M(903M) 1.138ms
[69.401s][info][gc,cpu         ] GC(202) User=0.00s Sys=0.00s Real=0.00s
[69.419s][info][gc,start       ] GC(203) Pause Young (Allocation Failure)
[69.420s][info][gc,heap        ] GC(203) PSYoungGen: 181120K(225280K)->1408K(229888K) Eden: 179712K(179712K)->0K(179712K) From: 1408K(45568K)->1408K(50176K)
[69.420s][info][gc,heap        ] GC(203) ParOldGen: 13448K(699392K)->13448K(699392K)
[69.420s][info][gc,metaspace   ] GC(203) Metaspace: 16625K(17280K)->16625K(17280K) NonClass: 14202K(14592K)->14202K(14592K) Class: 2422K(2688K)->2422K(2688K)
[69.420s][info][gc             ] GC(203) Pause Young (Allocation Failure) 190M->14M(907M) 0.595ms
[69.420s][info][gc,cpu         ] GC(203) User=0.00s Sys=0.00s Real=0.00s
[69.539s][info][gc,start       ] GC(204) Pause Young (Allocation Failure)
[69.569s][info][gc,heap        ] GC(204) PSYoungGen: 181120K(229888K)->46588K(212480K) Eden: 179712K(179712K)->0K(165888K) From: 1408K(50176K)->46588K(46592K)
[69.569s][info][gc,heap        ] GC(204) ParOldGen: 13448K(699392K)->53640K(699392K)
[69.569s][info][gc,metaspace   ] GC(204) Metaspace: 16625K(17280K)->16625K(17280K) NonClass: 14202K(14592K)->14202K(14592K) Class: 2422K(2688K)->2422K(2688K)
[69.569s][info][gc             ] GC(204) Pause Young (Allocation Failure) 190M->97M(890M) 30.010ms
[69.569s][info][gc,cpu         ] GC(204) User=0.34s Sys=0.00s Real=0.03s
[69.733s][info][gc,start       ] GC(205) Pause Young (Allocation Failure)
[69.784s][info][gc,heap        ] GC(205) PSYoungGen: 212476K(212480K)->72700K(238592K) Eden: 165888K(165888K)->0K(165888K) From: 46588K(46592K)->72700K(72704K)
[69.784s][info][gc,heap        ] GC(205) ParOldGen: 53640K(699392K)->133904K(699392K)
[69.784s][info][gc,metaspace   ] GC(205) Metaspace: 16625K(17280K)->16625K(17280K) NonClass: 14202K(14592K)->14202K(14592K) Class: 2422K(2688K)->2422K(2688K)
[69.784s][info][gc             ] GC(205) Pause Young (Allocation Failure) 259M->201M(916M) 51.195ms
[69.784s][info][gc,cpu         ] GC(205) User=0.98s Sys=0.00s Real=0.05s
[69.955s][info][gc,start       ] GC(206) Pause Young (Allocation Failure)
[70.016s][info][gc,heap        ] GC(206) PSYoungGen: 238588K(238592K)->110572K(227328K) Eden: 165888K(165888K)->0K(116736K) From: 72700K(72704K)->110572K(110592K)
[70.016s][info][gc,heap        ] GC(206) ParOldGen: 133904K(699392K)->205088K(699392K)
[70.016s][info][gc,metaspace   ] GC(206) Metaspace: 16625K(17280K)->16625K(17280K) NonClass: 14202K(14592K)->14202K(14592K) Class: 2422K(2688K)->2422K(2688K)
[70.016s][info][gc             ] GC(206) Pause Young (Allocation Failure) 363M->308M(905M) 61.353ms
[70.016s][info][gc,cpu         ] GC(206) User=1.22s Sys=0.16s Real=0.06s
[70.138s][info][gc,start       ] GC(207) Pause Young (Allocation Failure)
[70.196s][info][gc,heap        ] GC(207) PSYoungGen: 227308K(227328K)->116220K(232960K) Eden: 116736K(116736K)->0K(116736K) From: 110572K(110592K)->116220K(116224K)
[70.196s][info][gc,heap        ] GC(207) ParOldGen: 205088K(699392K)->274688K(699392K)
[70.196s][info][gc,metaspace   ] GC(207) Metaspace: 16625K(17280K)->16625K(17280K) NonClass: 14202K(14592K)->14202K(14592K) Class: 2422K(2688K)->2422K(2688K)
[70.196s][info][gc             ] GC(207) Pause Young (Allocation Failure) 422M->381M(910M) 57.918ms
[70.196s][info][gc,cpu         ] GC(207) User=1.31s Sys=0.00s Real=0.06s
[70.318s][info][gc,start       ] GC(208) Pause Young (Allocation Failure)
[70.381s][info][gc,heap        ] GC(208) PSYoungGen: 232956K(232960K)->116220K(232960K) Eden: 116736K(116736K)->0K(116736K) From: 116220K(116224K)->116220K(116224K)
[70.381s][info][gc,heap        ] GC(208) ParOldGen: 274688K(699392K)->351072K(699392K)
[70.381s][info][gc,metaspace   ] GC(208) Metaspace: 16625K(17280K)->16625K(17280K) NonClass: 14202K(14592K)->14202K(14592K) Class: 2422K(2688K)->2422K(2688K)
[70.381s][info][gc             ] GC(208) Pause Young (Allocation Failure) 495M->456M(910M) 62.659ms
[70.381s][info][gc,cpu         ] GC(208) User=1.31s Sys=0.00s Real=0.06s
[77.849s][info][gc,start       ] GC(209) Pause Young (Allocation Failure)
[77.897s][info][gc,heap        ] GC(209) PSYoungGen: 232956K(232960K)->116203K(232960K) Eden: 116736K(116736K)->0K(116736K) From: 116220K(116224K)->116203K(116224K)
[77.897s][info][gc,heap        ] GC(209) ParOldGen: 351072K(699392K)->358112K(699392K)
[77.897s][info][gc,metaspace   ] GC(209) Metaspace: 16628K(17280K)->16628K(17280K) NonClass: 14206K(14592K)->14206K(14592K) Class: 2422K(2688K)->2422K(2688K)
[77.897s][info][gc             ] GC(209) Pause Young (Allocation Failure) 570M->463M(910M) 47.924ms
[77.897s][info][gc,cpu         ] GC(209) User=0.98s Sys=0.00s Real=0.05s
[77.982s][info][gc,start       ] GC(210) Pause Young (Allocation Failure)
[78.039s][info][gc,heap        ] GC(210) PSYoungGen: 232939K(232960K)->116220K(232960K) Eden: 116736K(116736K)->0K(116736K) From: 116203K(116224K)->116220K(116224K)
[78.039s][info][gc,heap        ] GC(210) ParOldGen: 358112K(699392K)->409480K(699392K)
[78.039s][info][gc,metaspace   ] GC(210) Metaspace: 16628K(17280K)->16628K(17280K) NonClass: 14206K(14592K)->14206K(14592K) Class: 2422K(2688K)->2422K(2688K)
[78.039s][info][gc             ] GC(210) Pause Young (Allocation Failure) 577M->513M(910M) 56.861ms
[78.039s][info][gc,cpu         ] GC(210) User=0.98s Sys=0.00s Real=0.05s
[78.133s][info][gc,start       ] GC(211) Pause Young (Allocation Failure)
[78.187s][info][gc,heap        ] GC(211) PSYoungGen: 232956K(232960K)->116224K(232960K) Eden: 116736K(116736K)->0K(116736K) From: 116220K(116224K)->116224K(116224K)
[78.187s][info][gc,heap        ] GC(211) ParOldGen: 409480K(699392K)->458820K(699392K)
[78.187s][info][gc,metaspace   ] GC(211) Metaspace: 16628K(17280K)->16628K(17280K) NonClass: 14206K(14592K)->14206K(14592K) Class: 2422K(2688K)->2422K(2688K)
[78.187s][info][gc             ] GC(211) Pause Young (Allocation Failure) 627M->561M(910M) 54.115ms
[78.187s][info][gc,cpu         ] GC(211) User=1.31s Sys=0.00s Real=0.06s
[78.282s][info][gc,start       ] GC(212) Pause Young (Allocation Failure)
[78.330s][info][gc,heap        ] GC(212) PSYoungGen: 232960K(232960K)->116224K(232960K) Eden: 116736K(116736K)->0K(116736K) From: 116224K(116224K)->116224K(116224K)
[78.330s][info][gc,heap        ] GC(212) ParOldGen: 458820K(699392K)->507372K(699392K)
[78.330s][info][gc,metaspace   ] GC(212) Metaspace: 16628K(17280K)->16628K(17280K) NonClass: 14206K(14592K)->14206K(14592K) Class: 2422K(2688K)->2422K(2688K)
[78.330s][info][gc             ] GC(212) Pause Young (Allocation Failure) 675M->608M(910M) 47.945ms
[78.330s][info][gc,cpu         ] GC(212) User=0.98s Sys=0.00s Real=0.05s
[78.438s][info][gc,start       ] GC(213) Pause Young (Allocation Failure)
[78.490s][info][gc,heap        ] GC(213) PSYoungGen: 232960K(232960K)->116224K(232960K) Eden: 116736K(116736K)->0K(116736K) From: 116224K(116224K)->116224K(116224K)
[78.490s][info][gc,heap        ] GC(213) ParOldGen: 507372K(699392K)->555716K(699392K)
[78.490s][info][gc,metaspace   ] GC(213) Metaspace: 16628K(17280K)->16628K(17280K) NonClass: 14206K(14592K)->14206K(14592K) Class: 2422K(2688K)->2422K(2688K)
[78.490s][info][gc             ] GC(213) Pause Young (Allocation Failure) 722M->656M(910M) 51.875ms
[78.490s][info][gc,cpu         ] GC(213) User=0.98s Sys=0.00s Real=0.05s
[78.588s][info][gc,start       ] GC(214) Pause Young (Allocation Failure)
[78.640s][info][gc,heap        ] GC(214) PSYoungGen: 232960K(232960K)->116224K(232960K) Eden: 116736K(116736K)->0K(116736K) From: 116224K(116224K)->116224K(116224K)
[78.641s][info][gc,heap        ] GC(214) ParOldGen: 555716K(699392K)->604692K(699392K)
[78.641s][info][gc,metaspace   ] GC(214) Metaspace: 16628K(17280K)->16628K(17280K) NonClass: 14206K(14592K)->14206K(14592K) Class: 2422K(2688K)->2422K(2688K)
[78.641s][info][gc             ] GC(214) Pause Young (Allocation Failure) 770M->704M(910M) 52.465ms
[78.641s][info][gc,cpu         ] GC(214) User=0.98s Sys=0.00s Real=0.05s
[78.641s][info][gc,start       ] GC(215) Pause Full (Ergonomics)
[78.641s][info][gc,phases,start] GC(215) Marking Phase
[78.691s][info][gc,phases      ] GC(215) Marking Phase 50.013ms
[78.691s][info][gc,phases,start] GC(215) Summary Phase
[78.691s][info][gc,phases      ] GC(215) Summary Phase 0.027ms
[78.691s][info][gc,phases,start] GC(215) Adjust Roots
[78.693s][info][gc,phases      ] GC(215) Adjust Roots 1.888ms
[78.693s][info][gc,phases,start] GC(215) Compaction Phase
[78.777s][info][gc,phases      ] GC(215) Compaction Phase 84.005ms
[78.777s][info][gc,phases,start] GC(215) Post Compact
[78.780s][info][gc,phases      ] GC(215) Post Compact 3.343ms
[78.780s][info][gc,heap        ] GC(215) PSYoungGen: 116224K(232960K)->0K(232960K) Eden: 0K(116736K)->0K(116736K) From: 116224K(116224K)->0K(116224K)
[78.780s][info][gc,heap        ] GC(215) ParOldGen: 604692K(699392K)->255161K(699392K)
[78.780s][info][gc,metaspace   ] GC(215) Metaspace: 16628K(17280K)->16628K(17280K) NonClass: 14206K(14592K)->14206K(14592K) Class: 2422K(2688K)->2422K(2688K)
[78.780s][info][gc             ] GC(215) Pause Full (Ergonomics) 704M->249M(910M) 139.502ms
[78.780s][info][gc,cpu         ] GC(215) User=2.95s Sys=0.00s Real=0.14s
[78.879s][info][gc,start       ] GC(216) Pause Young (Allocation Failure)
[78.896s][info][gc,heap        ] GC(216) PSYoungGen: 116736K(232960K)->50048K(232960K) Eden: 116736K(116736K)->0K(116736K) From: 0K(116224K)->50048K(116224K)
[78.897s][info][gc,heap        ] GC(216) ParOldGen: 255161K(699392K)->255161K(699392K)
[78.897s][info][gc,metaspace   ] GC(216) Metaspace: 16628K(17280K)->16628K(17280K) NonClass: 14206K(14592K)->14206K(14592K) Class: 2422K(2688K)->2422K(2688K)
[78.897s][info][gc             ] GC(216) Pause Young (Allocation Failure) 363M->298M(910M) 17.447ms
[78.897s][info][gc,cpu         ] GC(216) User=0.33s Sys=0.00s Real=0.02s
[78.995s][info][gc,start       ] GC(217) Pause Young (Allocation Failure)
[79.019s][info][gc,heap        ] GC(217) PSYoungGen: 166784K(232960K)->96864K(232960K) Eden: 116736K(116736K)->0K(116736K) From: 50048K(116224K)->96864K(116224K)
[79.019s][info][gc,heap        ] GC(217) ParOldGen: 255161K(699392K)->255161K(699392K)
[79.019s][info][gc,metaspace   ] GC(217) Metaspace: 16628K(17280K)->16628K(17280K) NonClass: 14206K(14592K)->14206K(14592K) Class: 2422K(2688K)->2422K(2688K)
[79.019s][info][gc             ] GC(217) Pause Young (Allocation Failure) 412M->343M(910M) 24.400ms
[79.019s][info][gc,cpu         ] GC(217) User=0.66s Sys=0.00s Real=0.03s
[79.118s][info][gc,start       ] GC(218) Pause Young (Allocation Failure)
[79.163s][info][gc,heap        ] GC(218) PSYoungGen: 213600K(232960K)->50272K(232960K) Eden: 116736K(116736K)->0K(116736K) From: 96864K(116224K)->50272K(116224K)
[79.163s][info][gc,heap        ] GC(218) ParOldGen: 255161K(699392K)->348969K(699392K)
[79.163s][info][gc,metaspace   ] GC(218) Metaspace: 16628K(17280K)->16628K(17280K) NonClass: 14206K(14592K)->14206K(14592K) Class: 2422K(2688K)->2422K(2688K)
[79.163s][info][gc             ] GC(218) Pause Young (Allocation Failure) 457M->389M(910M) 44.923ms
[79.163s][info][gc,cpu         ] GC(218) User=0.98s Sys=0.00s Real=0.05s
[79.317s][info][gc,start       ] GC(219) Pause Young (Allocation Failure)
[79.357s][info][gc,heap        ] GC(219) PSYoungGen: 167008K(232960K)->116147K(232960K) Eden: 116736K(116736K)->0K(116736K) From: 50272K(116224K)->116147K(116224K)
[79.357s][info][gc,heap        ] GC(219) ParOldGen: 348969K(699392K)->396121K(699392K)
[79.357s][info][gc,metaspace   ] GC(219) Metaspace: 16628K(17280K)->16628K(17280K) NonClass: 14206K(14592K)->14206K(14592K) Class: 2422K(2688K)->2422K(2688K)
[79.357s][info][gc             ] GC(219) Pause Young (Allocation Failure) 503M->500M(910M) 40.536ms
[79.357s][info][gc,cpu         ] GC(219) User=0.67s Sys=0.00s Real=0.05s
[79.932s][info][gc,start       ] GC(220) Pause Young (Allocation Failure)
[79.980s][info][gc,heap        ] GC(220) PSYoungGen: 232883K(232960K)->33216K(232960K) Eden: 116736K(116736K)->0K(116736K) From: 116147K(116224K)->33216K(116224K)
[79.980s][info][gc,heap        ] GC(220) ParOldGen: 396121K(699392K)->505181K(699392K)
[79.980s][info][gc,metaspace   ] GC(220) Metaspace: 16628K(17280K)->16628K(17280K) NonClass: 14206K(14592K)->14206K(14592K) Class: 2422K(2688K)->2422K(2688K)
[79.980s][info][gc             ] GC(220) Pause Young (Allocation Failure) 614M->525M(910M) 48.810ms
[79.980s][info][gc,cpu         ] GC(220) User=0.98s Sys=0.00s Real=0.05s
[80.172s][info][gc,start       ] GC(221) Pause Young (Allocation Failure)
[80.205s][info][gc,heap        ] GC(221) PSYoungGen: 149952K(232960K)->3776K(232960K) Eden: 116736K(116736K)->0K(116736K) From: 33216K(116224K)->3776K(116224K)
[80.206s][info][gc,heap        ] GC(221) ParOldGen: 505181K(699392K)->534925K(699392K)
[80.206s][info][gc,metaspace   ] GC(221) Metaspace: 16628K(17280K)->16628K(17280K) NonClass: 14206K(14592K)->14206K(14592K) Class: 2422K(2688K)->2422K(2688K)
[80.206s][info][gc             ] GC(221) Pause Young (Allocation Failure) 639M->526M(910M) 33.568ms
[80.206s][info][gc,cpu         ] GC(221) User=0.66s Sys=0.00s Real=0.03s
[80.399s][info][gc,start       ] GC(222) Pause Young (Allocation Failure)
[80.401s][info][gc,heap        ] GC(222) PSYoungGen: 120512K(232960K)->3200K(232960K) Eden: 116736K(116736K)->0K(116736K) From: 3776K(116224K)->3200K(116224K)
[80.401s][info][gc,heap        ] GC(222) ParOldGen: 534925K(699392K)->535317K(699392K)
[80.401s][info][gc,metaspace   ] GC(222) Metaspace: 16628K(17280K)->16628K(17280K) NonClass: 14206K(14592K)->14206K(14592K) Class: 2422K(2688K)->2422K(2688K)
[80.401s][info][gc             ] GC(222) Pause Young (Allocation Failure) 640M->525M(910M) 2.653ms
[80.401s][info][gc,cpu         ] GC(222) User=0.00s Sys=0.00s Real=0.00s
[80.565s][info][gc,start       ] GC(223) Pause Young (Allocation Failure)
[80.567s][info][gc,heap        ] GC(223) PSYoungGen: 119936K(232960K)->2464K(232960K) Eden: 116736K(116736K)->0K(116736K) From: 3200K(116224K)->2464K(116224K)
[80.567s][info][gc,heap        ] GC(223) ParOldGen: 535317K(699392K)->535501K(699392K)
[80.567s][info][gc,metaspace   ] GC(223) Metaspace: 16628K(17280K)->16628K(17280K) NonClass: 14206K(14592K)->14206K(14592K) Class: 2422K(2688K)->2422K(2688K)
[80.567s][info][gc             ] GC(223) Pause Young (Allocation Failure) 639M->525M(910M) 2.324ms
[80.567s][info][gc,cpu         ] GC(223) User=0.00s Sys=0.00s Real=0.00s
[80.739s][info][gc,start       ] GC(224) Pause Young (Allocation Failure)
[80.740s][info][gc,heap        ] GC(224) PSYoungGen: 119200K(232960K)->864K(232960K) Eden: 116736K(116736K)->0K(116736K) From: 2464K(116224K)->864K(116224K)
[80.740s][info][gc,heap        ] GC(224) ParOldGen: 535501K(699392K)->535661K(699392K)
[80.740s][info][gc,metaspace   ] GC(224) Metaspace: 16628K(17280K)->16628K(17280K) NonClass: 14206K(14592K)->14206K(14592K) Class: 2422K(2688K)->2422K(2688K)
[80.740s][info][gc             ] GC(224) Pause Young (Allocation Failure) 639M->523M(910M) 1.525ms
[80.740s][info][gc,cpu         ] GC(224) User=0.00s Sys=0.00s Real=0.00s
[82.294s][info][gc,start       ] GC(225) Pause Young (System.gc())
[82.295s][info][gc,heap        ] GC(225) PSYoungGen: 103094K(232960K)->96K(232960K) Eden: 102230K(116736K)->0K(116736K) From: 864K(116224K)->96K(116224K)
[82.295s][info][gc,heap        ] GC(225) ParOldGen: 535661K(699392K)->535661K(699392K)
[82.295s][info][gc,metaspace   ] GC(225) Metaspace: 16629K(17280K)->16629K(17280K) NonClass: 14206K(14592K)->14206K(14592K) Class: 2422K(2688K)->2422K(2688K)
[82.295s][info][gc             ] GC(225) Pause Young (System.gc()) 623M->523M(910M) 1.468ms
[82.295s][info][gc,cpu         ] GC(225) User=0.00s Sys=0.00s Real=0.00s
[82.296s][info][gc,start       ] GC(226) Pause Full (System.gc())
[82.296s][info][gc,phases,start] GC(226) Marking Phase
[82.310s][info][gc,phases      ] GC(226) Marking Phase 14.352ms
[82.310s][info][gc,phases,start] GC(226) Summary Phase
[82.310s][info][gc,phases      ] GC(226) Summary Phase 0.037ms
[82.310s][info][gc,phases,start] GC(226) Adjust Roots
[82.315s][info][gc,phases      ] GC(226) Adjust Roots 5.132ms
[82.315s][info][gc,phases,start] GC(226) Compaction Phase
[82.321s][info][gc,phases      ] GC(226) Compaction Phase 5.861ms
[82.321s][info][gc,phases,start] GC(226) Post Compact
[82.325s][info][gc,phases      ] GC(226) Post Compact 3.515ms
[82.325s][info][gc,heap        ] GC(226) PSYoungGen: 96K(232960K)->0K(232960K) Eden: 0K(116736K)->0K(116736K) From: 96K(116224K)->0K(116224K)
[82.325s][info][gc,heap        ] GC(226) ParOldGen: 535661K(699392K)->12287K(699392K)
[82.325s][info][gc,metaspace   ] GC(226) Metaspace: 16629K(17280K)->16629K(17280K) NonClass: 14206K(14592K)->14206K(14592K) Class: 2422K(2688K)->2422K(2688K)
[82.325s][info][gc             ] GC(226) Pause Full (System.gc()) 523M->11M(910M) 29.295ms
[82.325s][info][gc,cpu         ] GC(226) User=0.06s Sys=0.00s Real=0.03s
[85.636s][info][gc,start       ] GC(227) Pause Young (Allocation Failure)
[85.637s][info][gc,heap        ] GC(227) PSYoungGen: 116736K(232960K)->2016K(232960K) Eden: 116736K(116736K)->0K(116736K) From: 0K(116224K)->2016K(116224K)
[85.637s][info][gc,heap        ] GC(227) ParOldGen: 12287K(699392K)->12287K(699392K)
[85.637s][info][gc,metaspace   ] GC(227) Metaspace: 16634K(17280K)->16634K(17280K) NonClass: 14211K(14592K)->14211K(14592K) Class: 2422K(2688K)->2422K(2688K)
[85.637s][info][gc             ] GC(227) Pause Young (Allocation Failure) 125M->13M(910M) 1.688ms
[85.637s][info][gc,cpu         ] GC(227) User=0.00s Sys=0.00s Real=0.00s
[85.653s][info][gc,start       ] GC(228) Pause Young (Allocation Failure)
[85.654s][info][gc,heap        ] GC(228) PSYoungGen: 118752K(232960K)->1376K(232960K) Eden: 116736K(116736K)->0K(116736K) From: 2016K(116224K)->1376K(116224K)
[85.654s][info][gc,heap        ] GC(228) ParOldGen: 12287K(699392K)->12907K(699392K)
[85.654s][info][gc,metaspace   ] GC(228) Metaspace: 16634K(17280K)->16634K(17280K) NonClass: 14211K(14592K)->14211K(14592K) Class: 2422K(2688K)->2422K(2688K)
[85.654s][info][gc             ] GC(228) Pause Young (Allocation Failure) 127M->13M(910M) 0.932ms
[85.654s][info][gc,cpu         ] GC(228) User=0.31s Sys=0.02s Real=0.01s
[85.667s][info][gc,start       ] GC(229) Pause Young (Allocation Failure)
[85.668s][info][gc,heap        ] GC(229) PSYoungGen: 118112K(232960K)->1408K(232960K) Eden: 116736K(116736K)->0K(116736K) From: 1376K(116224K)->1408K(116224K)
[85.668s][info][gc,heap        ] GC(229) ParOldGen: 12907K(699392K)->13075K(699392K)
[85.668s][info][gc,metaspace   ] GC(229) Metaspace: 16634K(17280K)->16634K(17280K) NonClass: 14211K(14592K)->14211K(14592K) Class: 2422K(2688K)->2422K(2688K)
[85.668s][info][gc             ] GC(229) Pause Young (Allocation Failure) 127M->14M(910M) 0.609ms
[85.668s][info][gc,cpu         ] GC(229) User=0.00s Sys=0.00s Real=0.00s
[85.680s][info][gc,start       ] GC(230) Pause Young (Allocation Failure)
[85.680s][info][gc,heap        ] GC(230) PSYoungGen: 118144K(232960K)->1376K(232960K) Eden: 116736K(116736K)->0K(116736K) From: 1408K(116224K)->1376K(116224K)
[85.680s][info][gc,heap        ] GC(230) ParOldGen: 13075K(699392K)->13259K(699392K)
[85.680s][info][gc,metaspace   ] GC(230) Metaspace: 16634K(17280K)->16634K(17280K) NonClass: 14211K(14592K)->14211K(14592K) Class: 2422K(2688K)->2422K(2688K)
[85.680s][info][gc             ] GC(230) Pause Young (Allocation Failure) 128M->14M(910M) 0.643ms
[85.680s][info][gc,cpu         ] GC(230) User=0.00s Sys=0.00s Real=0.00s
[85.693s][info][gc,start       ] GC(231) Pause Young (Allocation Failure)
[85.693s][info][gc,heap        ] GC(231) PSYoungGen: 118112K(232960K)->1440K(232960K) Eden: 116736K(116736K)->0K(116736K) From: 1376K(116224K)->1440K(116224K)
[85.693s][info][gc,heap        ] GC(231) ParOldGen: 13259K(699392K)->13427K(699392K)
[85.693s][info][gc,metaspace   ] GC(231) Metaspace: 16634K(17280K)->16634K(17280K) NonClass: 14211K(14592K)->14211K(14592K) Class: 2422K(2688K)->2422K(2688K)
[85.693s][info][gc             ] GC(231) Pause Young (Allocation Failure) 128M->14M(910M) 0.640ms
[85.693s][info][gc,cpu         ] GC(231) User=0.00s Sys=0.00s Real=0.00s
[85.705s][info][gc,start       ] GC(232) Pause Young (Allocation Failure)
[85.706s][info][gc,heap        ] GC(232) PSYoungGen: 118176K(232960K)->1440K(232960K) Eden: 116736K(116736K)->0K(116736K) From: 1440K(116224K)->1440K(116224K)
[85.706s][info][gc,heap        ] GC(232) ParOldGen: 13427K(699392K)->13659K(699392K)
[85.706s][info][gc,metaspace   ] GC(232) Metaspace: 16634K(17280K)->16634K(17280K) NonClass: 14211K(14592K)->14211K(14592K) Class: 2422K(2688K)->2422K(2688K)
[85.706s][info][gc             ] GC(232) Pause Young (Allocation Failure) 128M->14M(910M) 0.608ms
[85.706s][info][gc,cpu         ] GC(232) User=0.00s Sys=0.00s Real=0.00s
[85.718s][info][gc,start       ] GC(233) Pause Young (Allocation Failure)
[85.718s][info][gc,heap        ] GC(233) PSYoungGen: 118176K(232960K)->1344K(232960K) Eden: 116736K(116736K)->0K(116736K) From: 1440K(116224K)->1344K(116224K)
[85.718s][info][gc,heap        ] GC(233) ParOldGen: 13659K(699392K)->13867K(699392K)
[85.718s][info][gc,metaspace   ] GC(233) Metaspace: 16634K(17280K)->16634K(17280K) NonClass: 14211K(14592K)->14211K(14592K) Class: 2422K(2688K)->2422K(2688K)
[85.718s][info][gc             ] GC(233) Pause Young (Allocation Failure) 128M->14M(910M) 0.604ms
[85.718s][info][gc,cpu         ] GC(233) User=0.00s Sys=0.00s Real=0.00s
[85.730s][info][gc,start       ] GC(234) Pause Young (Allocation Failure)
[85.731s][info][gc,heap        ] GC(234) PSYoungGen: 118080K(232960K)->1408K(232960K) Eden: 116736K(116736K)->0K(116736K) From: 1344K(116224K)->1408K(116224K)
[85.731s][info][gc,heap        ] GC(234) ParOldGen: 13867K(699392K)->14035K(699392K)
[85.731s][info][gc,metaspace   ] GC(234) Metaspace: 16634K(17280K)->16634K(17280K) NonClass: 14211K(14592K)->14211K(14592K) Class: 2422K(2688K)->2422K(2688K)
[85.731s][info][gc             ] GC(234) Pause Young (Allocation Failure) 128M->15M(910M) 0.590ms
[85.731s][info][gc,cpu         ] GC(234) User=0.00s Sys=0.00s Real=0.00s
[85.743s][info][gc,start       ] GC(235) Pause Young (Allocation Failure)
[85.743s][info][gc,heap        ] GC(235) PSYoungGen: 118144K(232960K)->1376K(232960K) Eden: 116736K(116736K)->0K(116736K) From: 1408K(116224K)->1376K(116224K)
[85.743s][info][gc,heap        ] GC(235) ParOldGen: 14035K(699392K)->14251K(699392K)
[85.743s][info][gc,metaspace   ] GC(235) Metaspace: 16634K(17280K)->16634K(17280K) NonClass: 14211K(14592K)->14211K(14592K) Class: 2422K(2688K)->2422K(2688K)
[85.743s][info][gc             ] GC(235) Pause Young (Allocation Failure) 129M->15M(910M) 0.614ms
[85.743s][info][gc,cpu         ] GC(235) User=0.00s Sys=0.00s Real=0.00s
[85.755s][info][gc,start       ] GC(236) Pause Young (Allocation Failure)
[85.756s][info][gc,heap        ] GC(236) PSYoungGen: 118112K(232960K)->1376K(232960K) Eden: 116736K(116736K)->0K(116736K) From: 1376K(116224K)->1376K(116224K)
[85.756s][info][gc,heap        ] GC(236) ParOldGen: 14251K(699392K)->14467K(699392K)
[85.756s][info][gc,metaspace   ] GC(236) Metaspace: 16634K(17280K)->16634K(17280K) NonClass: 14211K(14592K)->14211K(14592K) Class: 2422K(2688K)->2422K(2688K)
[85.756s][info][gc             ] GC(236) Pause Young (Allocation Failure) 129M->15M(910M) 0.578ms
[85.756s][info][gc,cpu         ] GC(236) User=0.00s Sys=0.00s Real=0.00s
[85.768s][info][gc,start       ] GC(237) Pause Young (Allocation Failure)
[85.768s][info][gc,heap        ] GC(237) PSYoungGen: 118112K(232960K)->1376K(232960K) Eden: 116736K(116736K)->0K(116736K) From: 1376K(116224K)->1376K(116224K)
[85.768s][info][gc,heap        ] GC(237) ParOldGen: 14467K(699392K)->14635K(699392K)
[85.768s][info][gc,metaspace   ] GC(237) Metaspace: 16634K(17280K)->16634K(17280K) NonClass: 14211K(14592K)->14211K(14592K) Class: 2422K(2688K)->2422K(2688K)
[85.768s][info][gc             ] GC(237) Pause Young (Allocation Failure) 129M->15M(910M) 0.609ms
[85.768s][info][gc,cpu         ] GC(237) User=0.00s Sys=0.00s Real=0.00s
[85.780s][info][gc,start       ] GC(238) Pause Young (Allocation Failure)
[85.780s][info][gc,heap        ] GC(238) PSYoungGen: 118112K(232960K)->1344K(232960K) Eden: 116736K(116736K)->0K(116736K) From: 1376K(116224K)->1344K(116224K)
[85.780s][info][gc,heap        ] GC(238) ParOldGen: 14635K(699392K)->14835K(699392K)
[85.780s][info][gc,metaspace   ] GC(238) Metaspace: 16634K(17280K)->16634K(17280K) NonClass: 14211K(14592K)->14211K(14592K) Class: 2422K(2688K)->2422K(2688K)
[85.780s][info][gc             ] GC(238) Pause Young (Allocation Failure) 129M->15M(910M) 0.571ms
[85.780s][info][gc,cpu         ] GC(238) User=0.00s Sys=0.00s Real=0.00s
[85.792s][info][gc,start       ] GC(239) Pause Young (Allocation Failure)
[85.793s][info][gc,heap        ] GC(239) PSYoungGen: 118080K(232960K)->1440K(228864K) Eden: 116736K(116736K)->0K(116736K) From: 1344K(116224K)->1440K(112128K)
[85.793s][info][gc,heap        ] GC(239) ParOldGen: 14835K(699392K)->15019K(699392K)
[85.793s][info][gc,metaspace   ] GC(239) Metaspace: 16634K(17280K)->16634K(17280K) NonClass: 14211K(14592K)->14211K(14592K) Class: 2422K(2688K)->2422K(2688K)
[85.793s][info][gc             ] GC(239) Pause Young (Allocation Failure) 129M->16M(906M) 1.368ms
[85.793s][info][gc,cpu         ] GC(239) User=0.00s Sys=0.00s Real=0.00s
[85.805s][info][gc,start       ] GC(240) Pause Young (Allocation Failure)
[85.807s][info][gc,heap        ] GC(240) PSYoungGen: 118176K(228864K)->1376K(118272K) Eden: 116736K(116736K)->0K(116736K) From: 1440K(112128K)->1376K(1536K)
[85.807s][info][gc,heap        ] GC(240) ParOldGen: 15019K(699392K)->15227K(699392K)
[85.807s][info][gc,metaspace   ] GC(240) Metaspace: 16634K(17280K)->16634K(17280K) NonClass: 14211K(14592K)->14211K(14592K) Class: 2422K(2688K)->2422K(2688K)
[85.807s][info][gc             ] GC(240) Pause Young (Allocation Failure) 130M->16M(798M) 1.699ms
[85.807s][info][gc,cpu         ] GC(240) User=0.00s Sys=0.00s Real=0.00s
[85.819s][info][gc,start       ] GC(241) Pause Young (Allocation Failure)
[85.820s][info][gc,heap        ] GC(241) PSYoungGen: 118112K(118272K)->1376K(225792K) Eden: 116736K(116736K)->0K(128000K) From: 1376K(1536K)->1376K(97792K)
[85.820s][info][gc,heap        ] GC(241) ParOldGen: 15227K(699392K)->15227K(699392K)
[85.820s][info][gc,metaspace   ] GC(241) Metaspace: 16634K(17280K)->16634K(17280K) NonClass: 14211K(14592K)->14211K(14592K) Class: 2422K(2688K)->2422K(2688K)
[85.820s][info][gc             ] GC(241) Pause Young (Allocation Failure) 130M->16M(903M) 1.767ms
[85.820s][info][gc,cpu         ] GC(241) User=0.31s Sys=0.00s Real=0.02s
[85.833s][info][gc,start       ] GC(242) Pause Young (Allocation Failure)
[85.834s][info][gc,heap        ] GC(242) PSYoungGen: 129376K(225792K)->1472K(227840K) Eden: 128000K(128000K)->0K(128000K) From: 1376K(97792K)->1472K(99840K)
[85.834s][info][gc,heap        ] GC(242) ParOldGen: 15227K(699392K)->15227K(699392K)
[85.834s][info][gc,metaspace   ] GC(242) Metaspace: 16634K(17280K)->16634K(17280K) NonClass: 14211K(14592K)->14211K(14592K) Class: 2422K(2688K)->2422K(2688K)
[85.834s][info][gc             ] GC(242) Pause Young (Allocation Failure) 141M->16M(905M) 1.081ms
[85.834s][info][gc,cpu         ] GC(242) User=0.00s Sys=0.00s Real=0.00s
[85.847s][info][gc,start       ] GC(243) Pause Young (Allocation Failure)
[85.849s][info][gc,heap        ] GC(243) PSYoungGen: 129472K(227840K)->1504K(219648K) Eden: 128000K(128000K)->0K(139776K) From: 1472K(99840K)->1504K(79872K)
[85.849s][info][gc,heap        ] GC(243) ParOldGen: 15227K(699392K)->15227K(699392K)
[85.849s][info][gc,metaspace   ] GC(243) Metaspace: 16634K(17280K)->16634K(17280K) NonClass: 14211K(14592K)->14211K(14592K) Class: 2422K(2688K)->2422K(2688K)
[85.849s][info][gc             ] GC(243) Pause Young (Allocation Failure) 141M->16M(897M) 2.133ms
[85.849s][info][gc,cpu         ] GC(243) User=0.00s Sys=0.00s Real=0.00s
[85.863s][info][gc,start       ] GC(244) Pause Young (Allocation Failure)
[85.864s][info][gc,heap        ] GC(244) PSYoungGen: 141280K(219648K)->1568K(226304K) Eden: 139776K(139776K)->0K(139776K) From: 1504K(79872K)->1568K(86528K)
[85.864s][info][gc,heap        ] GC(244) ParOldGen: 15227K(699392K)->15227K(699392K)
[85.864s][info][gc,metaspace   ] GC(244) Metaspace: 16634K(17280K)->16634K(17280K) NonClass: 14211K(14592K)->14211K(14592K) Class: 2422K(2688K)->2422K(2688K)
[85.864s][info][gc             ] GC(244) Pause Young (Allocation Failure) 152M->16M(904M) 0.616ms
[85.864s][info][gc,cpu         ] GC(244) User=0.00s Sys=0.00s Real=0.00s
[85.878s][info][gc,start       ] GC(245) Pause Young (Allocation Failure)
[85.880s][info][gc,heap        ] GC(245) PSYoungGen: 141344K(226304K)->1536K(221184K) Eden: 139776K(139776K)->0K(152576K) From: 1568K(86528K)->1536K(68608K)
[85.880s][info][gc,heap        ] GC(245) ParOldGen: 15227K(699392K)->15227K(699392K)
[85.880s][info][gc,metaspace   ] GC(245) Metaspace: 16634K(17280K)->16634K(17280K) NonClass: 14211K(14592K)->14211K(14592K) Class: 2422K(2688K)->2422K(2688K)
[85.880s][info][gc             ] GC(245) Pause Young (Allocation Failure) 152M->16M(899M) 1.829ms
[85.880s][info][gc,cpu         ] GC(245) User=0.00s Sys=0.00s Real=0.00s
[85.895s][info][gc,start       ] GC(246) Pause Young (Allocation Failure)
[85.896s][info][gc,heap        ] GC(246) PSYoungGen: 154112K(221184K)->1472K(227328K) Eden: 152576K(152576K)->0K(152576K) From: 1536K(68608K)->1472K(74752K)
[85.896s][info][gc,heap        ] GC(246) ParOldGen: 15227K(699392K)->15227K(699392K)
[85.896s][info][gc,metaspace   ] GC(246) Metaspace: 16634K(17280K)->16634K(17280K) NonClass: 14211K(14592K)->14211K(14592K) Class: 2422K(2688K)->2422K(2688K)
[85.896s][info][gc             ] GC(246) Pause Young (Allocation Failure) 165M->16M(905M) 0.613ms
[85.896s][info][gc,cpu         ] GC(246) User=0.00s Sys=0.00s Real=0.00s
[85.911s][info][gc,start       ] GC(247) Pause Young (Allocation Failure)
[85.913s][info][gc,heap        ] GC(247) PSYoungGen: 154048K(227328K)->1472K(225280K) Eden: 152576K(152576K)->0K(165888K) From: 1472K(74752K)->1472K(59392K)
[85.913s][info][gc,heap        ] GC(247) ParOldGen: 15227K(699392K)->15227K(699392K)
[85.913s][info][gc,metaspace   ] GC(247) Metaspace: 16634K(17280K)->16634K(17280K) NonClass: 14211K(14592K)->14211K(14592K) Class: 2422K(2688K)->2422K(2688K)
[85.913s][info][gc             ] GC(247) Pause Young (Allocation Failure) 165M->16M(903M) 1.399ms
[85.913s][info][gc,cpu         ] GC(247) User=0.00s Sys=0.02s Real=0.02s
[85.930s][info][gc,start       ] GC(248) Pause Young (Allocation Failure)
[85.930s][info][gc,heap        ] GC(248) PSYoungGen: 167360K(225280K)->1440K(230400K) Eden: 165888K(165888K)->0K(165888K) From: 1472K(59392K)->1440K(64512K)
[85.930s][info][gc,heap        ] GC(248) ParOldGen: 15227K(699392K)->15227K(699392K)
[85.930s][info][gc,metaspace   ] GC(248) Metaspace: 16634K(17280K)->16634K(17280K) NonClass: 14211K(14592K)->14211K(14592K) Class: 2422K(2688K)->2422K(2688K)
[85.930s][info][gc             ] GC(248) Pause Young (Allocation Failure) 178M->16M(908M) 0.628ms
[85.930s][info][gc,cpu         ] GC(248) User=0.00s Sys=0.00s Real=0.00s
[85.948s][info][gc,start       ] GC(249) Pause Young (Allocation Failure)
[85.949s][info][gc,heap        ] GC(249) PSYoungGen: 167328K(230400K)->1440K(231424K) Eden: 165888K(165888K)->0K(179712K) From: 1440K(64512K)->1440K(51712K)
[85.949s][info][gc,heap        ] GC(249) ParOldGen: 15227K(699392K)->15227K(699392K)
[85.949s][info][gc,metaspace   ] GC(249) Metaspace: 16634K(17280K)->16634K(17280K) NonClass: 14211K(14592K)->14211K(14592K) Class: 2422K(2688K)->2422K(2688K)
[85.949s][info][gc             ] GC(249) Pause Young (Allocation Failure) 178M->16M(909M) 0.993ms
[85.949s][info][gc,cpu         ] GC(249) User=0.00s Sys=0.00s Real=0.00s
[85.967s][info][gc,start       ] GC(250) Pause Young (Allocation Failure)
[85.968s][info][gc,heap        ] GC(250) PSYoungGen: 181152K(231424K)->1344K(235520K) Eden: 179712K(179712K)->0K(179712K) From: 1440K(51712K)->1344K(55808K)
[85.968s][info][gc,heap        ] GC(250) ParOldGen: 15227K(699392K)->15227K(699392K)
[85.968s][info][gc,metaspace   ] GC(250) Metaspace: 16634K(17280K)->16634K(17280K) NonClass: 14211K(14592K)->14211K(14592K) Class: 2422K(2688K)->2422K(2688K)
[85.968s][info][gc             ] GC(250) Pause Young (Allocation Failure) 191M->16M(913M) 0.589ms
[85.968s][info][gc,cpu         ] GC(250) User=0.00s Sys=0.00s Real=0.00s
[85.987s][info][gc,start       ] GC(251) Pause Young (Allocation Failure)
[85.988s][info][gc,heap        ] GC(251) PSYoungGen: 181056K(235520K)->1376K(237568K) Eden: 179712K(179712K)->0K(194048K) From: 1344K(55808K)->1376K(43520K)
[85.988s][info][gc,heap        ] GC(251) ParOldGen: 15227K(699392K)->15227K(699392K)
[85.988s][info][gc,metaspace   ] GC(251) Metaspace: 16634K(17280K)->16634K(17280K) NonClass: 14211K(14592K)->14211K(14592K) Class: 2422K(2688K)->2422K(2688K)
[85.988s][info][gc             ] GC(251) Pause Young (Allocation Failure) 191M->16M(915M) 0.853ms
[85.988s][info][gc,cpu         ] GC(251) User=0.00s Sys=0.00s Real=0.00s
[86.124s][info][gc,start       ] GC(252) Pause Young (Allocation Failure)
[86.162s][info][gc,heap        ] GC(252) PSYoungGen: 195424K(237568K)->47612K(241664K) Eden: 194048K(194048K)->0K(194048K) From: 1376K(43520K)->47612K(47616K)
[86.162s][info][gc,heap        ] GC(252) ParOldGen: 15227K(699392K)->77435K(699392K)
[86.162s][info][gc,metaspace   ] GC(252) Metaspace: 16634K(17280K)->16634K(17280K) NonClass: 14211K(14592K)->14211K(14592K) Class: 2422K(2688K)->2422K(2688K)
[86.162s][info][gc             ] GC(252) Pause Young (Allocation Failure) 205M->122M(919M) 37.384ms
[86.162s][info][gc,cpu         ] GC(252) User=0.66s Sys=0.00s Real=0.03s
[86.358s][info][gc,start       ] GC(253) Pause Young (Allocation Failure)
[86.419s][info][gc,heap        ] GC(253) PSYoungGen: 241660K(241664K)->82412K(199168K) Eden: 194048K(194048K)->0K(116736K) From: 47612K(47616K)->82412K(82432K)
[86.419s][info][gc,heap        ] GC(253) ParOldGen: 77435K(699392K)->169331K(699392K)
[86.419s][info][gc,metaspace   ] GC(253) Metaspace: 16634K(17280K)->16634K(17280K) NonClass: 14211K(14592K)->14211K(14592K) Class: 2422K(2688K)->2422K(2688K)
[86.419s][info][gc             ] GC(253) Pause Young (Allocation Failure) 311M->245M(877M) 60.389ms
[86.419s][info][gc,cpu         ] GC(253) User=1.30s Sys=0.08s Real=0.05s
[86.540s][info][gc,start       ] GC(254) Pause Young (Allocation Failure)
[86.587s][info][gc,heap        ] GC(254) PSYoungGen: 199148K(199168K)->116220K(232960K) Eden: 116736K(116736K)->0K(116736K) From: 82412K(82432K)->116220K(116224K)
[86.587s][info][gc,heap        ] GC(254) ParOldGen: 169331K(699392K)->211251K(699392K)
[86.587s][info][gc,metaspace   ] GC(254) Metaspace: 16634K(17280K)->16634K(17280K) NonClass: 14211K(14592K)->14211K(14592K) Class: 2422K(2688K)->2422K(2688K)
[86.588s][info][gc             ] GC(254) Pause Young (Allocation Failure) 359M->319M(910M) 47.639ms
[86.588s][info][gc,cpu         ] GC(254) User=0.98s Sys=0.00s Real=0.05s
[86.709s][info][gc,start       ] GC(255) Pause Young (Allocation Failure)
[86.770s][info][gc,heap        ] GC(255) PSYoungGen: 232956K(232960K)->116220K(232960K) Eden: 116736K(116736K)->0K(116736K) From: 116220K(116224K)->116220K(116224K)
[86.770s][info][gc,heap        ] GC(255) ParOldGen: 211251K(699392K)->287019K(699392K)
[86.770s][info][gc,metaspace   ] GC(255) Metaspace: 16634K(17280K)->16634K(17280K) NonClass: 14211K(14592K)->14211K(14592K) Class: 2422K(2688K)->2422K(2688K)
[86.770s][info][gc             ] GC(255) Pause Young (Allocation Failure) 433M->393M(910M) 60.649ms
[86.770s][info][gc,cpu         ] GC(255) User=1.31s Sys=0.00s Real=0.06s
[86.916s][info][gc,start       ] GC(256) Pause Young (Allocation Failure)
[86.985s][info][gc,heap        ] GC(256) PSYoungGen: 232956K(232960K)->116220K(232960K) Eden: 116736K(116736K)->0K(116736K) From: 116220K(116224K)->116220K(116224K)
[86.985s][info][gc,heap        ] GC(256) ParOldGen: 287019K(699392K)->359796K(699392K)
[86.985s][info][gc,metaspace   ] GC(256) Metaspace: 16634K(17280K)->16634K(17280K) NonClass: 14211K(14592K)->14211K(14592K) Class: 2422K(2688K)->2422K(2688K)
[86.985s][info][gc             ] GC(256) Pause Young (Allocation Failure) 507M->464M(910M) 69.410ms
[86.985s][info][gc,cpu         ] GC(256) User=1.31s Sys=0.00s Real=0.08s
[88.289s][info][gc,start       ] GC(257) Pause Young (Allocation Failure)
[88.330s][info][gc,heap        ] GC(257) PSYoungGen: 232956K(232960K)->114748K(232960K) Eden: 116735K(116736K)->0K(116736K) From: 116220K(116224K)->114748K(116224K)
[88.330s][info][gc,heap        ] GC(257) ParOldGen: 359796K(699392K)->359796K(699392K)
[88.330s][info][gc,metaspace   ] GC(257) Metaspace: 16634K(17280K)->16634K(17280K) NonClass: 14211K(14592K)->14211K(14592K) Class: 2422K(2688K)->2422K(2688K)
[88.330s][info][gc             ] GC(257) Pause Young (Allocation Failure) 578M->463M(910M) 41.657ms
[88.330s][info][gc,cpu         ] GC(257) User=0.98s Sys=0.00s Real=0.05s
[95.630s][info][gc,start       ] GC(258) Pause Young (Allocation Failure)
[95.685s][info][gc,heap        ] GC(258) PSYoungGen: 231484K(232960K)->116220K(232960K) Eden: 116736K(116736K)->0K(116736K) From: 114748K(116224K)->116220K(116224K)
[95.685s][info][gc,heap        ] GC(258) ParOldGen: 359796K(699392K)->393492K(699392K)
[95.685s][info][gc,metaspace   ] GC(258) Metaspace: 16634K(17280K)->16634K(17280K) NonClass: 14211K(14592K)->14211K(14592K) Class: 2422K(2688K)->2422K(2688K)
[95.685s][info][gc             ] GC(258) Pause Young (Allocation Failure) 577M->497M(910M) 54.505ms
[95.685s][info][gc,cpu         ] GC(258) User=1.31s Sys=0.00s Real=0.06s
[95.776s][info][gc,start       ] GC(259) Pause Young (Allocation Failure)
[95.827s][info][gc,heap        ] GC(259) PSYoungGen: 232956K(232960K)->111360K(232960K) Eden: 116736K(116736K)->0K(116736K) From: 116220K(116224K)->111360K(116224K)
[95.827s][info][gc,heap        ] GC(259) ParOldGen: 393492K(699392K)->447976K(699392K)
[95.827s][info][gc,metaspace   ] GC(259) Metaspace: 16634K(17280K)->16634K(17280K) NonClass: 14211K(14592K)->14211K(14592K) Class: 2422K(2688K)->2422K(2688K)
[95.827s][info][gc             ] GC(259) Pause Young (Allocation Failure) 611M->546M(910M) 51.758ms
[95.828s][info][gc,cpu         ] GC(259) User=1.31s Sys=0.00s Real=0.06s
[95.921s][info][gc,start       ] GC(260) Pause Young (Allocation Failure)
[95.966s][info][gc,heap        ] GC(260) PSYoungGen: 228096K(232960K)->116224K(232960K) Eden: 116736K(116736K)->0K(116736K) From: 111360K(116224K)->116224K(116224K)
[95.966s][info][gc,heap        ] GC(260) ParOldGen: 447976K(699392K)->490232K(699392K)
[95.966s][info][gc,metaspace   ] GC(260) Metaspace: 16634K(17280K)->16634K(17280K) NonClass: 14211K(14592K)->14211K(14592K) Class: 2422K(2688K)->2422K(2688K)
[95.966s][info][gc             ] GC(260) Pause Young (Allocation Failure) 660M->592M(910M) 45.193ms
[95.966s][info][gc,cpu         ] GC(260) User=0.97s Sys=0.02s Real=0.05s
[96.061s][info][gc,start       ] GC(261) Pause Young (Allocation Failure)
[96.111s][info][gc,heap        ] GC(261) PSYoungGen: 232960K(232960K)->116224K(232960K) Eden: 116736K(116736K)->0K(116736K) From: 116224K(116224K)->116224K(116224K)
[96.111s][info][gc,heap        ] GC(261) ParOldGen: 490232K(699392K)->538832K(699392K)
[96.111s][info][gc,metaspace   ] GC(261) Metaspace: 16634K(17280K)->16634K(17280K) NonClass: 14211K(14592K)->14211K(14592K) Class: 2422K(2688K)->2422K(2688K)
[96.111s][info][gc             ] GC(261) Pause Young (Allocation Failure) 706M->639M(910M) 49.340ms
[96.111s][info][gc,cpu         ] GC(261) User=0.98s Sys=0.00s Real=0.04s
[96.207s][info][gc,start       ] GC(262) Pause Young (Allocation Failure)
[96.251s][info][gc,heap        ] GC(262) PSYoungGen: 232960K(232960K)->114976K(232960K) Eden: 116736K(116736K)->0K(116736K) From: 116224K(116224K)->114976K(116224K)
[96.251s][info][gc,heap        ] GC(262) ParOldGen: 538832K(699392K)->589680K(699392K)
[96.251s][info][gc,metaspace   ] GC(262) Metaspace: 16634K(17280K)->16634K(17280K) NonClass: 14211K(14592K)->14211K(14592K) Class: 2422K(2688K)->2422K(2688K)
[96.251s][info][gc             ] GC(262) Pause Young (Allocation Failure) 753M->688M(910M) 44.311ms
[96.251s][info][gc,cpu         ] GC(262) User=0.98s Sys=0.00s Real=0.05s
[96.349s][info][gc,start       ] GC(263) Pause Young (Allocation Failure)
[96.393s][info][gc,heap        ] GC(263) PSYoungGen: 231712K(232960K)->96448K(232960K) Eden: 116736K(116736K)->0K(116736K) From: 114976K(116224K)->96448K(116224K)
[96.393s][info][gc,heap        ] GC(263) ParOldGen: 589680K(699392K)->655224K(699392K)
[96.393s][info][gc,metaspace   ] GC(263) Metaspace: 16634K(17280K)->16634K(17280K) NonClass: 14211K(14592K)->14211K(14592K) Class: 2422K(2688K)->2422K(2688K)
[96.393s][info][gc             ] GC(263) Pause Young (Allocation Failure) 802M->734M(910M) 44.004ms
[96.393s][info][gc,cpu         ] GC(263) User=0.98s Sys=0.00s Real=0.05s
[96.393s][info][gc,start       ] GC(264) Pause Full (Ergonomics)
[96.393s][info][gc,phases,start] GC(264) Marking Phase
[96.449s][info][gc,phases      ] GC(264) Marking Phase 55.867ms
[96.449s][info][gc,phases,start] GC(264) Summary Phase
[96.449s][info][gc,phases      ] GC(264) Summary Phase 0.032ms
[96.449s][info][gc,phases,start] GC(264) Adjust Roots
[96.451s][info][gc,phases      ] GC(264) Adjust Roots 1.956ms
[96.451s][info][gc,phases,start] GC(264) Compaction Phase
[96.543s][info][gc,phases      ] GC(264) Compaction Phase 92.444ms
[96.543s][info][gc,phases,start] GC(264) Post Compact
[96.547s][info][gc,phases      ] GC(264) Post Compact 3.452ms
[96.547s][info][gc,heap        ] GC(264) PSYoungGen: 96448K(232960K)->0K(232960K) Eden: 0K(116736K)->0K(116736K) From: 96448K(116224K)->0K(116224K)
[96.547s][info][gc,heap        ] GC(264) ParOldGen: 655224K(699392K)->283367K(699392K)
[96.547s][info][gc,metaspace   ] GC(264) Metaspace: 16634K(17280K)->16634K(17280K) NonClass: 14211K(14592K)->14211K(14592K) Class: 2422K(2688K)->2422K(2688K)
[96.547s][info][gc             ] GC(264) Pause Full (Ergonomics) 734M->276M(910M) 153.988ms
[96.547s][info][gc,cpu         ] GC(264) User=2.95s Sys=0.00s Real=0.14s
[96.646s][info][gc,start       ] GC(265) Pause Young (Allocation Failure)
[96.663s][info][gc,heap        ] GC(265) PSYoungGen: 116736K(232960K)->49792K(232960K) Eden: 116736K(116736K)->0K(116736K) From: 0K(116224K)->49792K(116224K)
[96.663s][info][gc,heap        ] GC(265) ParOldGen: 283367K(699392K)->283367K(699392K)
[96.664s][info][gc,metaspace   ] GC(265) Metaspace: 16634K(17280K)->16634K(17280K) NonClass: 14211K(14592K)->14211K(14592K) Class: 2422K(2688K)->2422K(2688K)
[96.664s][info][gc             ] GC(265) Pause Young (Allocation Failure) 390M->325M(910M) 17.535ms
[96.664s][info][gc,cpu         ] GC(265) User=0.33s Sys=0.00s Real=0.02s
[96.762s][info][gc,start       ] GC(266) Pause Young (Allocation Failure)
[96.791s][info][gc,heap        ] GC(266) PSYoungGen: 166528K(232960K)->49920K(232960K) Eden: 116736K(116736K)->0K(116736K) From: 49792K(116224K)->49920K(116224K)
[96.791s][info][gc,heap        ] GC(266) ParOldGen: 283367K(699392K)->330215K(699392K)
[96.791s][info][gc,metaspace   ] GC(266) Metaspace: 16634K(17280K)->16634K(17280K) NonClass: 14211K(14592K)->14211K(14592K) Class: 2422K(2688K)->2422K(2688K)
[96.791s][info][gc             ] GC(266) Pause Young (Allocation Failure) 439M->371M(910M) 29.317ms
[96.792s][info][gc,cpu         ] GC(266) User=0.66s Sys=0.00s Real=0.03s
[96.890s][info][gc,start       ] GC(267) Pause Young (Allocation Failure)
[96.921s][info][gc,heap        ] GC(267) PSYoungGen: 166656K(232960K)->49984K(232960K) Eden: 116736K(116736K)->0K(116736K) From: 49920K(116224K)->49984K(116224K)
[96.921s][info][gc,heap        ] GC(267) ParOldGen: 330215K(699392K)->376975K(699392K)
[96.921s][info][gc,metaspace   ] GC(267) Metaspace: 16634K(17280K)->16634K(17280K) NonClass: 14211K(14592K)->14211K(14592K) Class: 2422K(2688K)->2422K(2688K)
[96.921s][info][gc             ] GC(267) Pause Young (Allocation Failure) 485M->416M(910M) 30.687ms
[96.921s][info][gc,cpu         ] GC(267) User=0.66s Sys=0.00s Real=0.03s
[97.531s][info][gc,start       ] GC(268) Pause Young (Allocation Failure)
[97.585s][info][gc,heap        ] GC(268) PSYoungGen: 166720K(232960K)->116211K(232960K) Eden: 116736K(116736K)->0K(116736K) From: 49984K(116224K)->116211K(116224K)
[97.585s][info][gc,heap        ] GC(268) ParOldGen: 376975K(699392K)->425367K(699392K)
[97.585s][info][gc,metaspace   ] GC(268) Metaspace: 16634K(17280K)->16634K(17280K) NonClass: 14211K(14592K)->14211K(14592K) Class: 2422K(2688K)->2422K(2688K)
[97.585s][info][gc             ] GC(268) Pause Young (Allocation Failure) 530M->528M(910M) 54.422ms
[97.585s][info][gc,cpu         ] GC(268) User=1.31s Sys=0.00s Real=0.06s
[97.784s][info][gc,start       ] GC(269) Pause Young (Allocation Failure)
[97.832s][info][gc,heap        ] GC(269) PSYoungGen: 232947K(232960K)->4352K(232960K) Eden: 116736K(116736K)->0K(116736K) From: 116211K(116224K)->4352K(116224K)
[97.832s][info][gc,heap        ] GC(269) ParOldGen: 425367K(699392K)->493389K(699392K)
[97.832s][info][gc,metaspace   ] GC(269) Metaspace: 16634K(17280K)->16634K(17280K) NonClass: 14211K(14592K)->14211K(14592K) Class: 2422K(2688K)->2422K(2688K)
[97.832s][info][gc             ] GC(269) Pause Young (Allocation Failure) 642M->486M(910M) 47.370ms
[97.832s][info][gc,cpu         ] GC(269) User=0.66s Sys=0.00s Real=0.03s
[98.027s][info][gc,start       ] GC(270) Pause Young (Allocation Failure)
[98.030s][info][gc,heap        ] GC(270) PSYoungGen: 121088K(232960K)->3584K(232960K) Eden: 116736K(116736K)->0K(116736K) From: 4352K(116224K)->3584K(116224K)
[98.030s][info][gc,heap        ] GC(270) ParOldGen: 493389K(699392K)->493853K(699392K)
[98.030s][info][gc,metaspace   ] GC(270) Metaspace: 16634K(17280K)->16634K(17280K) NonClass: 14211K(14592K)->14211K(14592K) Class: 2422K(2688K)->2422K(2688K)
[98.030s][info][gc             ] GC(270) Pause Young (Allocation Failure) 600M->485M(910M) 2.763ms
[98.030s][info][gc,cpu         ] GC(270) User=0.00s Sys=0.00s Real=0.00s
[98.185s][info][gc,start       ] GC(271) Pause Young (Allocation Failure)
[98.187s][info][gc,heap        ] GC(271) PSYoungGen: 120320K(232960K)->3040K(232960K) Eden: 116736K(116736K)->0K(116736K) From: 3584K(116224K)->3040K(116224K)
[98.187s][info][gc,heap        ] GC(271) ParOldGen: 493853K(699392K)->494157K(699392K)
[98.187s][info][gc,metaspace   ] GC(271) Metaspace: 16634K(17280K)->16634K(17280K) NonClass: 14211K(14592K)->14211K(14592K) Class: 2422K(2688K)->2422K(2688K)
[98.188s][info][gc             ] GC(271) Pause Young (Allocation Failure) 599M->485M(910M) 2.757ms
[98.188s][info][gc,cpu         ] GC(271) User=0.00s Sys=0.00s Real=0.00s
[98.343s][info][gc,start       ] GC(272) Pause Young (Allocation Failure)
[98.345s][info][gc,heap        ] GC(272) PSYoungGen: 119776K(232960K)->2176K(232960K) Eden: 116736K(116736K)->0K(116736K) From: 3040K(116224K)->2176K(116224K)
[98.345s][info][gc,heap        ] GC(272) ParOldGen: 494157K(699392K)->494325K(699392K)
[98.345s][info][gc,metaspace   ] GC(272) Metaspace: 16634K(17280K)->16634K(17280K) NonClass: 14211K(14592K)->14211K(14592K) Class: 2422K(2688K)->2422K(2688K)
[98.345s][info][gc             ] GC(272) Pause Young (Allocation Failure) 599M->484M(910M) 2.265ms
[98.345s][info][gc,cpu         ] GC(272) User=0.00s Sys=0.00s Real=0.00s
[99.274s][info][gc,start       ] GC(273) Pause Young (Allocation Failure)
[99.276s][info][gc,heap        ] GC(273) PSYoungGen: 118912K(232960K)->2496K(232960K) Eden: 116736K(116736K)->0K(116736K) From: 2176K(116224K)->2496K(116224K)
[99.276s][info][gc,heap        ] GC(273) ParOldGen: 494325K(699392K)->494325K(699392K)
[99.277s][info][gc,metaspace   ] GC(273) Metaspace: 16634K(17280K)->16634K(17280K) NonClass: 14211K(14592K)->14211K(14592K) Class: 2422K(2688K)->2422K(2688K)
[99.277s][info][gc             ] GC(273) Pause Young (Allocation Failure) 598M->485M(910M) 2.239ms
[99.277s][info][gc,cpu         ] GC(273) User=0.00s Sys=0.00s Real=0.00s
[99.903s][info][gc,start       ] GC(274) Pause Young (System.gc())
[99.905s][info][gc,heap        ] GC(274) PSYoungGen: 45498K(232960K)->64K(232960K) Eden: 43002K(116736K)->0K(116736K) From: 2496K(116224K)->64K(116224K)
[99.905s][info][gc,heap        ] GC(274) ParOldGen: 494325K(699392K)->494341K(699392K)
[99.905s][info][gc,metaspace   ] GC(274) Metaspace: 16634K(17280K)->16634K(17280K) NonClass: 14211K(14592K)->14211K(14592K) Class: 2422K(2688K)->2422K(2688K)
[99.905s][info][gc             ] GC(274) Pause Young (System.gc()) 527M->482M(910M) 1.535ms
[99.905s][info][gc,cpu         ] GC(274) User=0.00s Sys=0.00s Real=0.00s
[99.905s][info][gc,start       ] GC(275) Pause Full (System.gc())
[99.905s][info][gc,phases,start] GC(275) Marking Phase
[99.920s][info][gc,phases      ] GC(275) Marking Phase 15.369ms
[99.920s][info][gc,phases,start] GC(275) Summary Phase
[99.920s][info][gc,phases      ] GC(275) Summary Phase 0.026ms
[99.920s][info][gc,phases,start] GC(275) Adjust Roots
[99.926s][info][gc,phases      ] GC(275) Adjust Roots 5.360ms
[99.926s][info][gc,phases,start] GC(275) Compaction Phase
[99.933s][info][gc,phases      ] GC(275) Compaction Phase 6.936ms
[99.933s][info][gc,phases,start] GC(275) Post Compact
[99.936s][info][gc,phases      ] GC(275) Post Compact 3.132ms
[99.936s][info][gc,heap        ] GC(275) PSYoungGen: 64K(232960K)->0K(232960K) Eden: 0K(116736K)->0K(116736K) From: 64K(116224K)->0K(116224K)
[99.936s][info][gc,heap        ] GC(275) ParOldGen: 494341K(699392K)->13671K(699392K)
[99.936s][info][gc,metaspace   ] GC(275) Metaspace: 16634K(17280K)->16634K(17280K) NonClass: 14211K(14592K)->14211K(14592K) Class: 2422K(2688K)->2422K(2688K)
[99.936s][info][gc             ] GC(275) Pause Full (System.gc()) 482M->13M(910M) 31.118ms
[99.936s][info][gc,cpu         ] GC(275) User=0.59s Sys=0.00s Real=0.03s
[101.951s][info][gc,start       ] GC(276) Pause Young (Allocation Failure)
[101.952s][info][gc,heap        ] GC(276) PSYoungGen: 116736K(232960K)->2016K(232960K) Eden: 116736K(116736K)->0K(116736K) From: 0K(116224K)->2016K(116224K)
[101.952s][info][gc,heap        ] GC(276) ParOldGen: 13671K(699392K)->13671K(699392K)
[101.952s][info][gc,metaspace   ] GC(276) Metaspace: 16637K(17280K)->16637K(17280K) NonClass: 14215K(14592K)->14215K(14592K) Class: 2422K(2688K)->2422K(2688K)
[101.952s][info][gc             ] GC(276) Pause Young (Allocation Failure) 127M->15M(910M) 1.669ms
[101.952s][info][gc,cpu         ] GC(276) User=0.00s Sys=0.00s Real=0.00s
[101.969s][info][gc,start       ] GC(277) Pause Young (Allocation Failure)
[101.970s][info][gc,heap        ] GC(277) PSYoungGen: 118751K(232960K)->1344K(232960K) Eden: 116735K(116736K)->0K(116736K) From: 2016K(116224K)->1344K(116224K)
[101.970s][info][gc,heap        ] GC(277) ParOldGen: 13671K(699392K)->14335K(699392K)
[101.970s][info][gc,metaspace   ] GC(277) Metaspace: 16637K(17280K)->16637K(17280K) NonClass: 14215K(14592K)->14215K(14592K) Class: 2422K(2688K)->2422K(2688K)
[101.970s][info][gc             ] GC(277) Pause Young (Allocation Failure) 129M->15M(910M) 0.852ms
[101.970s][info][gc,cpu         ] GC(277) User=0.00s Sys=0.00s Real=0.00s
[101.983s][info][gc,start       ] GC(278) Pause Young (Allocation Failure)
[101.983s][info][gc,heap        ] GC(278) PSYoungGen: 118080K(232960K)->1376K(232960K) Eden: 116736K(116736K)->0K(116736K) From: 1344K(116224K)->1376K(116224K)
[101.983s][info][gc,heap        ] GC(278) ParOldGen: 14335K(699392K)->14503K(699392K)
[101.983s][info][gc,metaspace   ] GC(278) Metaspace: 16637K(17280K)->16637K(17280K) NonClass: 14215K(14592K)->14215K(14592K) Class: 2422K(2688K)->2422K(2688K)
[101.983s][info][gc             ] GC(278) Pause Young (Allocation Failure) 129M->15M(910M) 0.591ms
[101.983s][info][gc,cpu         ] GC(278) User=0.00s Sys=0.00s Real=0.00s
[101.995s][info][gc,start       ] GC(279) Pause Young (Allocation Failure)
[101.996s][info][gc,heap        ] GC(279) PSYoungGen: 118112K(232960K)->1408K(232960K) Eden: 116736K(116736K)->0K(116736K) From: 1376K(116224K)->1408K(116224K)
[101.996s][info][gc,heap        ] GC(279) ParOldGen: 14503K(699392K)->14663K(699392K)
[101.996s][info][gc,metaspace   ] GC(279) Metaspace: 16637K(17280K)->16637K(17280K) NonClass: 14215K(14592K)->14215K(14592K) Class: 2422K(2688K)->2422K(2688K)
[101.996s][info][gc             ] GC(279) Pause Young (Allocation Failure) 129M->15M(910M) 0.630ms
[101.996s][info][gc,cpu         ] GC(279) User=0.00s Sys=0.00s Real=0.00s
[102.007s][info][gc,start       ] GC(280) Pause Young (Allocation Failure)
[102.008s][info][gc,heap        ] GC(280) PSYoungGen: 118144K(232960K)->1376K(232960K) Eden: 116736K(116736K)->0K(116736K) From: 1408K(116224K)->1376K(116224K)
[102.008s][info][gc,heap        ] GC(280) ParOldGen: 14663K(699392K)->14855K(699392K)
[102.008s][info][gc,metaspace   ] GC(280) Metaspace: 16637K(17280K)->16637K(17280K) NonClass: 14215K(14592K)->14215K(14592K) Class: 2422K(2688K)->2422K(2688K)
[102.008s][info][gc             ] GC(280) Pause Young (Allocation Failure) 129M->15M(910M) 0.616ms
[102.008s][info][gc,cpu         ] GC(280) User=0.00s Sys=0.00s Real=0.00s
[102.019s][info][gc,start       ] GC(281) Pause Young (Allocation Failure)
[102.020s][info][gc,heap        ] GC(281) PSYoungGen: 118112K(232960K)->1376K(232960K) Eden: 116736K(116736K)->0K(116736K) From: 1376K(116224K)->1376K(116224K)
[102.020s][info][gc,heap        ] GC(281) ParOldGen: 14855K(699392K)->15063K(699392K)
[102.020s][info][gc,metaspace   ] GC(281) Metaspace: 16637K(17280K)->16637K(17280K) NonClass: 14215K(14592K)->14215K(14592K) Class: 2422K(2688K)->2422K(2688K)
[102.020s][info][gc             ] GC(281) Pause Young (Allocation Failure) 129M->16M(910M) 0.609ms
[102.020s][info][gc,cpu         ] GC(281) User=0.00s Sys=0.00s Real=0.00s
[102.031s][info][gc,start       ] GC(282) Pause Young (Allocation Failure)
[102.032s][info][gc,heap        ] GC(282) PSYoungGen: 118112K(232960K)->1376K(232960K) Eden: 116736K(116736K)->0K(116736K) From: 1376K(116224K)->1376K(116224K)
[102.032s][info][gc,heap        ] GC(282) ParOldGen: 15063K(699392K)->15255K(699392K)
[102.032s][info][gc,metaspace   ] GC(282) Metaspace: 16637K(17280K)->16637K(17280K) NonClass: 14215K(14592K)->14215K(14592K) Class: 2422K(2688K)->2422K(2688K)
[102.032s][info][gc             ] GC(282) Pause Young (Allocation Failure) 130M->16M(910M) 0.579ms
[102.032s][info][gc,cpu         ] GC(282) User=0.00s Sys=0.00s Real=0.00s
[102.043s][info][gc,start       ] GC(283) Pause Young (Allocation Failure)
[102.044s][info][gc,heap        ] GC(283) PSYoungGen: 118112K(232960K)->1440K(232960K) Eden: 116736K(116736K)->0K(116736K) From: 1376K(116224K)->1440K(116224K)
[102.044s][info][gc,heap        ] GC(283) ParOldGen: 15255K(699392K)->15431K(699392K)
[102.044s][info][gc,metaspace   ] GC(283) Metaspace: 16637K(17280K)->16637K(17280K) NonClass: 14215K(14592K)->14215K(14592K) Class: 2422K(2688K)->2422K(2688K)
[102.044s][info][gc             ] GC(283) Pause Young (Allocation Failure) 130M->16M(910M) 0.589ms
[102.044s][info][gc,cpu         ] GC(283) User=0.00s Sys=0.00s Real=0.00s
[102.055s][info][gc,start       ] GC(284) Pause Young (Allocation Failure)
[102.055s][info][gc,heap        ] GC(284) PSYoungGen: 118176K(232960K)->1376K(232960K) Eden: 116736K(116736K)->0K(116736K) From: 1440K(116224K)->1376K(116224K)
[102.055s][info][gc,heap        ] GC(284) ParOldGen: 15431K(699392K)->15639K(699392K)
[102.055s][info][gc,metaspace   ] GC(284) Metaspace: 16637K(17280K)->16637K(17280K) NonClass: 14215K(14592K)->14215K(14592K) Class: 2422K(2688K)->2422K(2688K)
[102.055s][info][gc             ] GC(284) Pause Young (Allocation Failure) 130M->16M(910M) 0.585ms
[102.055s][info][gc,cpu         ] GC(284) User=0.00s Sys=0.00s Real=0.00s
[102.067s][info][gc,start       ] GC(285) Pause Young (Allocation Failure)
[102.067s][info][gc,heap        ] GC(285) PSYoungGen: 118112K(232960K)->1376K(232960K) Eden: 116736K(116736K)->0K(116736K) From: 1376K(116224K)->1376K(116224K)
[102.067s][info][gc,heap        ] GC(285) ParOldGen: 15639K(699392K)->15839K(699392K)
[102.067s][info][gc,metaspace   ] GC(285) Metaspace: 16637K(17280K)->16637K(17280K) NonClass: 14215K(14592K)->14215K(14592K) Class: 2422K(2688K)->2422K(2688K)
[102.067s][info][gc             ] GC(285) Pause Young (Allocation Failure) 130M->16M(910M) 0.578ms
[102.067s][info][gc,cpu         ] GC(285) User=0.00s Sys=0.00s Real=0.00s
[102.078s][info][gc,start       ] GC(286) Pause Young (Allocation Failure)
[102.079s][info][gc,heap        ] GC(286) PSYoungGen: 118112K(232960K)->1376K(232960K) Eden: 116736K(116736K)->0K(116736K) From: 1376K(116224K)->1376K(116224K)
[102.079s][info][gc,heap        ] GC(286) ParOldGen: 15839K(699392K)->16007K(699392K)
[102.079s][info][gc,metaspace   ] GC(286) Metaspace: 16637K(17280K)->16637K(17280K) NonClass: 14215K(14592K)->14215K(14592K) Class: 2422K(2688K)->2422K(2688K)
[102.079s][info][gc             ] GC(286) Pause Young (Allocation Failure) 130M->16M(910M) 0.558ms
[102.079s][info][gc,cpu         ] GC(286) User=0.00s Sys=0.00s Real=0.00s
[102.090s][info][gc,start       ] GC(287) Pause Young (Allocation Failure)
[102.091s][info][gc,heap        ] GC(287) PSYoungGen: 118112K(232960K)->1440K(118272K) Eden: 116736K(116736K)->0K(116736K) From: 1376K(116224K)->1440K(1536K)
[102.091s][info][gc,heap        ] GC(287) ParOldGen: 16007K(699392K)->16183K(699392K)
[102.091s][info][gc,metaspace   ] GC(287) Metaspace: 16637K(17280K)->16637K(17280K) NonClass: 14215K(14592K)->14215K(14592K) Class: 2422K(2688K)->2422K(2688K)
[102.091s][info][gc             ] GC(287) Pause Young (Allocation Failure) 130M->17M(798M) 1.238ms
[102.091s][info][gc,cpu         ] GC(287) User=0.00s Sys=0.00s Real=0.00s
[102.103s][info][gc,start       ] GC(288) Pause Young (Allocation Failure)
[102.104s][info][gc,heap        ] GC(288) PSYoungGen: 118176K(118272K)->1376K(236032K) Eden: 116736K(116736K)->0K(123904K) From: 1440K(1536K)->1376K(112128K)
[102.104s][info][gc,heap        ] GC(288) ParOldGen: 16183K(699392K)->16431K(699392K)
[102.104s][info][gc,metaspace   ] GC(288) Metaspace: 16637K(17280K)->16637K(17280K) NonClass: 14215K(14592K)->14215K(14592K) Class: 2422K(2688K)->2422K(2688K)
[102.104s][info][gc             ] GC(288) Pause Young (Allocation Failure) 131M->17M(913M) 0.827ms
[102.104s][info][gc,cpu         ] GC(288) User=0.00s Sys=0.00s Real=0.00s
[102.115s][info][gc,start       ] GC(289) Pause Young (Allocation Failure)
[102.117s][info][gc,heap        ] GC(289) PSYoungGen: 125280K(236032K)->1344K(125440K) Eden: 123904K(123904K)->0K(123904K) From: 1376K(112128K)->1344K(1536K)
[102.117s][info][gc,heap        ] GC(289) ParOldGen: 16431K(699392K)->16647K(699392K)
[102.117s][info][gc,metaspace   ] GC(289) Metaspace: 16637K(17280K)->16637K(17280K) NonClass: 14215K(14592K)->14215K(14592K) Class: 2422K(2688K)->2422K(2688K)
[102.117s][info][gc             ] GC(289) Pause Young (Allocation Failure) 138M->17M(805M) 1.934ms
[102.117s][info][gc,cpu         ] GC(289) User=0.00s Sys=0.00s Real=0.00s
[102.129s][info][gc,start       ] GC(290) Pause Young (Allocation Failure)
[102.131s][info][gc,heap        ] GC(290) PSYoungGen: 125248K(125440K)->1376K(229888K) Eden: 123904K(123904K)->0K(137216K) From: 1344K(1536K)->1376K(92672K)
[102.131s][info][gc,heap        ] GC(290) ParOldGen: 16647K(699392K)->16855K(699392K)
[102.131s][info][gc,metaspace   ] GC(290) Metaspace: 16637K(17280K)->16637K(17280K) NonClass: 14215K(14592K)->14215K(14592K) Class: 2422K(2688K)->2422K(2688K)
[102.131s][info][gc             ] GC(290) Pause Young (Allocation Failure) 138M->17M(907M) 1.308ms
[102.131s][info][gc,cpu         ] GC(290) User=0.00s Sys=0.00s Real=0.00s
[102.144s][info][gc,start       ] GC(291) Pause Young (Allocation Failure)
[102.145s][info][gc,heap        ] GC(291) PSYoungGen: 138592K(229888K)->1344K(229888K) Eden: 137216K(137216K)->0K(137216K) From: 1376K(92672K)->1344K(92672K)
[102.145s][info][gc,heap        ] GC(291) ParOldGen: 16855K(699392K)->17007K(699392K)
[102.145s][info][gc,metaspace   ] GC(291) Metaspace: 16637K(17280K)->16637K(17280K) NonClass: 14215K(14592K)->14215K(14592K) Class: 2422K(2688K)->2422K(2688K)
[102.145s][info][gc             ] GC(291) Pause Young (Allocation Failure) 151M->17M(907M) 0.632ms
[102.145s][info][gc,cpu         ] GC(291) User=0.00s Sys=0.00s Real=0.00s
[102.158s][info][gc,start       ] GC(292) Pause Young (Allocation Failure)
[102.160s][info][gc,heap        ] GC(292) PSYoungGen: 138560K(229888K)->1376K(225280K) Eden: 137216K(137216K)->0K(151552K) From: 1344K(92672K)->1376K(73728K)
[102.160s][info][gc,heap        ] GC(292) ParOldGen: 17007K(699392K)->17199K(699392K)
[102.160s][info][gc,metaspace   ] GC(292) Metaspace: 16637K(17280K)->16637K(17280K) NonClass: 14215K(14592K)->14215K(14592K) Class: 2422K(2688K)->2422K(2688K)
[102.160s][info][gc             ] GC(292) Pause Young (Allocation Failure) 151M->18M(903M) 1.703ms
[102.160s][info][gc,cpu         ] GC(292) User=0.00s Sys=0.00s Real=0.00s
[102.175s][info][gc,start       ] GC(293) Pause Young (Allocation Failure)
[102.175s][info][gc,heap        ] GC(293) PSYoungGen: 152928K(225280K)->1376K(231936K) Eden: 151552K(151552K)->0K(151552K) From: 1376K(73728K)->1376K(80384K)
[102.175s][info][gc,heap        ] GC(293) ParOldGen: 17199K(699392K)->17359K(699392K)
[102.175s][info][gc,metaspace   ] GC(293) Metaspace: 16637K(17280K)->16637K(17280K) NonClass: 14215K(14592K)->14215K(14592K) Class: 2422K(2688K)->2422K(2688K)
[102.175s][info][gc             ] GC(293) Pause Young (Allocation Failure) 166M->18M(909M) 0.642ms
[102.175s][info][gc,cpu         ] GC(293) User=0.00s Sys=0.00s Real=0.00s
[102.190s][info][gc,start       ] GC(294) Pause Young (Allocation Failure)
[102.191s][info][gc,heap        ] GC(294) PSYoungGen: 152928K(231936K)->1408K(230912K) Eden: 151552K(151552K)->0K(166912K) From: 1376K(80384K)->1408K(64000K)
[102.191s][info][gc,heap        ] GC(294) ParOldGen: 17359K(699392K)->17583K(699392K)
[102.192s][info][gc,metaspace   ] GC(294) Metaspace: 16637K(17280K)->16637K(17280K) NonClass: 14215K(14592K)->14215K(14592K) Class: 2422K(2688K)->2422K(2688K)
[102.192s][info][gc             ] GC(294) Pause Young (Allocation Failure) 166M->18M(908M) 1.310ms
[102.192s][info][gc,cpu         ] GC(294) User=0.00s Sys=0.00s Real=0.00s
[102.208s][info][gc,start       ] GC(295) Pause Young (Allocation Failure)
[102.209s][info][gc,heap        ] GC(295) PSYoungGen: 168320K(230912K)->1376K(236544K) Eden: 166912K(166912K)->0K(166912K) From: 1408K(64000K)->1376K(69632K)
[102.209s][info][gc,heap        ] GC(295) ParOldGen: 17583K(699392K)->17767K(699392K)
[102.209s][info][gc,metaspace   ] GC(295) Metaspace: 16637K(17280K)->16637K(17280K) NonClass: 14215K(14592K)->14215K(14592K) Class: 2422K(2688K)->2422K(2688K)
[102.209s][info][gc             ] GC(295) Pause Young (Allocation Failure) 181M->18M(914M) 0.645ms
[102.209s][info][gc,cpu         ] GC(295) User=0.00s Sys=0.00s Real=0.00s
[102.225s][info][gc,start       ] GC(296) Pause Young (Allocation Failure)
[102.226s][info][gc,heap        ] GC(296) PSYoungGen: 168288K(236544K)->1408K(238592K) Eden: 166912K(166912K)->0K(183296K) From: 1376K(69632K)->1408K(55296K)
[102.226s][info][gc,heap        ] GC(296) ParOldGen: 17767K(699392K)->17911K(699392K)
[102.226s][info][gc,metaspace   ] GC(296) Metaspace: 16637K(17280K)->16637K(17280K) NonClass: 14215K(14592K)->14215K(14592K) Class: 2422K(2688K)->2422K(2688K)
[102.226s][info][gc             ] GC(296) Pause Young (Allocation Failure) 181M->18M(916M) 0.977ms
[102.226s][info][gc,cpu         ] GC(296) User=0.00s Sys=0.00s Real=0.00s
[102.245s][info][gc,start       ] GC(297) Pause Young (Allocation Failure)
[102.245s][info][gc,heap        ] GC(297) PSYoungGen: 184704K(238592K)->1472K(243200K) Eden: 183296K(183296K)->0K(183296K) From: 1408K(55296K)->1472K(59904K)
[102.245s][info][gc,heap        ] GC(297) ParOldGen: 17911K(699392K)->17911K(699392K)
[102.245s][info][gc,metaspace   ] GC(297) Metaspace: 16637K(17280K)->16637K(17280K) NonClass: 14215K(14592K)->14215K(14592K) Class: 2422K(2688K)->2422K(2688K)
[102.245s][info][gc             ] GC(297) Pause Young (Allocation Failure) 197M->18M(920M) 0.636ms
[102.245s][info][gc,cpu         ] GC(297) User=0.00s Sys=0.00s Real=0.00s
[102.264s][info][gc,start       ] GC(298) Pause Young (Allocation Failure)
[102.265s][info][gc,heap        ] GC(298) PSYoungGen: 184768K(243200K)->1408K(246784K) Eden: 183296K(183296K)->0K(199680K) From: 1472K(59904K)->1408K(47104K)
[102.265s][info][gc,heap        ] GC(298) ParOldGen: 17911K(699392K)->17911K(699392K)
[102.265s][info][gc,metaspace   ] GC(298) Metaspace: 16637K(17280K)->16637K(17280K) NonClass: 14215K(14592K)->14215K(14592K) Class: 2422K(2688K)->2422K(2688K)
[102.265s][info][gc             ] GC(298) Pause Young (Allocation Failure) 197M->18M(924M) 0.601ms
[102.265s][info][gc,cpu         ] GC(298) User=0.00s Sys=0.00s Real=0.00s
[102.285s][info][gc,start       ] GC(299) Pause Young (Allocation Failure)
[102.286s][info][gc,heap        ] GC(299) PSYoungGen: 201088K(246784K)->1472K(251392K) Eden: 199680K(199680K)->0K(199680K) From: 1408K(47104K)->1472K(51712K)
[102.286s][info][gc,heap        ] GC(299) ParOldGen: 17911K(699392K)->17911K(699392K)
[102.286s][info][gc,metaspace   ] GC(299) Metaspace: 16637K(17280K)->16637K(17280K) NonClass: 14215K(14592K)->14215K(14592K) Class: 2422K(2688K)->2422K(2688K)
[102.286s][info][gc             ] GC(299) Pause Young (Allocation Failure) 213M->18M(928M) 0.630ms
[102.286s][info][gc,cpu         ] GC(299) User=0.00s Sys=0.00s Real=0.00s
[102.388s][info][gc,start       ] GC(300) Pause Young (Allocation Failure)
[102.417s][info][gc,heap        ] GC(300) PSYoungGen: 201152K(251392K)->47596K(239104K) Eden: 199680K(199680K)->0K(191488K) From: 1472K(51712K)->47596K(47616K)
[102.417s][info][gc,heap        ] GC(300) ParOldGen: 17911K(699392K)->55775K(699392K)
[102.417s][info][gc,metaspace   ] GC(300) Metaspace: 16637K(17280K)->16637K(17280K) NonClass: 14215K(14592K)->14215K(14592K) Class: 2422K(2688K)->2422K(2688K)
[102.417s][info][gc             ] GC(300) Pause Young (Allocation Failure) 213M->100M(916M) 29.023ms
[102.417s][info][gc,cpu         ] GC(300) User=0.63s Sys=0.06s Real=0.03s
[102.608s][info][gc,start       ] GC(301) Pause Young (Allocation Failure)
[102.662s][info][gc,heap        ] GC(301) PSYoungGen: 239084K(239104K)->73196K(264704K) Eden: 191488K(191488K)->0K(191488K) From: 47596K(47616K)->73196K(73216K)
[102.662s][info][gc,heap        ] GC(301) ParOldGen: 55775K(699392K)->152903K(699392K)
[102.662s][info][gc,metaspace   ] GC(301) Metaspace: 16637K(17280K)->16637K(17280K) NonClass: 14215K(14592K)->14215K(14592K) Class: 2422K(2688K)->2422K(2688K)
[102.662s][info][gc             ] GC(301) Pause Young (Allocation Failure) 287M->220M(941M) 53.751ms
[102.662s][info][gc,cpu         ] GC(301) User=1.03s Sys=0.00s Real=0.05s
[102.863s][info][gc,start       ] GC(302) Pause Young (Allocation Failure)
[102.931s][info][gc,heap        ] GC(302) PSYoungGen: 264684K(264704K)->84460K(201216K) Eden: 191488K(191488K)->0K(116736K) From: 73196K(73216K)->84460K(84480K)
[102.931s][info][gc,heap        ] GC(302) ParOldGen: 152903K(699392K)->266559K(699392K)
[102.931s][info][gc,metaspace   ] GC(302) Metaspace: 16637K(17280K)->16637K(17280K) NonClass: 14215K(14592K)->14215K(14592K) Class: 2422K(2688K)->2422K(2688K)
[102.931s][info][gc             ] GC(302) Pause Young (Allocation Failure) 407M->342M(879M) 68.055ms
[102.931s][info][gc,cpu         ] GC(302) User=1.34s Sys=0.03s Real=0.06s
[103.053s][info][gc,start       ] GC(303) Pause Young (Allocation Failure)
[103.099s][info][gc,heap        ] GC(303) PSYoungGen: 201196K(201216K)->106592K(232960K) Eden: 116736K(116736K)->0K(116736K) From: 84460K(84480K)->106592K(116224K)
[103.099s][info][gc,heap        ] GC(303) ParOldGen: 266559K(699392K)->319756K(699392K)
[103.099s][info][gc,metaspace   ] GC(303) Metaspace: 16637K(17280K)->16637K(17280K) NonClass: 14215K(14592K)->14215K(14592K) Class: 2422K(2688K)->2422K(2688K)
[103.099s][info][gc             ] GC(303) Pause Young (Allocation Failure) 456M->416M(910M) 45.886ms
[103.099s][info][gc,cpu         ] GC(303) User=0.98s Sys=0.00s Real=0.05s
[103.312s][info][gc,start       ] GC(304) Pause Young (Allocation Failure)
[103.368s][info][gc,heap        ] GC(304) PSYoungGen: 223328K(232960K)->54896K(232960K) Eden: 116736K(116736K)->0K(116736K) From: 106592K(116224K)->54896K(116224K)
[103.368s][info][gc,heap        ] GC(304) ParOldGen: 319756K(699392K)->423412K(699392K)
[103.368s][info][gc,metaspace   ] GC(304) Metaspace: 16637K(17280K)->16637K(17280K) NonClass: 14215K(14592K)->14215K(14592K) Class: 2422K(2688K)->2422K(2688K)
[103.368s][info][gc             ] GC(304) Pause Young (Allocation Failure) 530M->467M(910M) 55.806ms
[103.368s][info][gc,cpu         ] GC(304) User=1.31s Sys=0.00s Real=0.05s
[112.330s][info][gc,start       ] GC(305) Pause Young (Allocation Failure)
[112.369s][info][gc,heap        ] GC(305) PSYoungGen: 171632K(232960K)->13536K(232960K) Eden: 116736K(116736K)->0K(116736K) From: 54896K(116224K)->13536K(116224K)
[112.369s][info][gc,heap        ] GC(305) ParOldGen: 423412K(699392K)->471964K(699392K)
[112.369s][info][gc,metaspace   ] GC(305) Metaspace: 16637K(17280K)->16637K(17280K) NonClass: 14215K(14592K)->14215K(14592K) Class: 2422K(2688K)->2422K(2688K)
[112.369s][info][gc             ] GC(305) Pause Young (Allocation Failure) 581M->474M(910M) 38.827ms
[112.369s][info][gc,cpu         ] GC(305) User=0.98s Sys=0.00s Real=0.05s
[112.457s][info][gc,start       ] GC(306) Pause Young (Allocation Failure)
[112.480s][info][gc,heap        ] GC(306) PSYoungGen: 130272K(232960K)->51552K(232960K) Eden: 116736K(116736K)->0K(116736K) From: 13536K(116224K)->51552K(116224K)
[112.480s][info][gc,heap        ] GC(306) ParOldGen: 471964K(699392K)->485124K(699392K)
[112.480s][info][gc,metaspace   ] GC(306) Metaspace: 16637K(17280K)->16637K(17280K) NonClass: 14215K(14592K)->14215K(14592K) Class: 2422K(2688K)->2422K(2688K)
[112.480s][info][gc             ] GC(306) Pause Young (Allocation Failure) 588M->524M(910M) 22.780ms
[112.480s][info][gc,cpu         ] GC(306) User=0.33s Sys=0.00s Real=0.02s
[112.575s][info][gc,start       ] GC(307) Pause Young (Allocation Failure)
[112.607s][info][gc,heap        ] GC(307) PSYoungGen: 168288K(232960K)->50688K(232960K) Eden: 116736K(116736K)->0K(116736K) From: 51552K(116224K)->50688K(116224K)
[112.607s][info][gc,heap        ] GC(307) ParOldGen: 485124K(699392K)->535028K(699392K)
[112.607s][info][gc,metaspace   ] GC(307) Metaspace: 16637K(17280K)->16637K(17280K) NonClass: 14215K(14592K)->14215K(14592K) Class: 2422K(2688K)->2422K(2688K)
[112.607s][info][gc             ] GC(307) Pause Young (Allocation Failure) 638M->571M(910M) 32.026ms
[112.607s][info][gc,cpu         ] GC(307) User=0.66s Sys=0.00s Real=0.03s
[112.705s][info][gc,start       ] GC(308) Pause Young (Allocation Failure)
[112.737s][info][gc,heap        ] GC(308) PSYoungGen: 167424K(232960K)->50816K(232960K) Eden: 116736K(116736K)->0K(116736K) From: 50688K(116224K)->50816K(116224K)
[112.737s][info][gc,heap        ] GC(308) ParOldGen: 535028K(699392K)->583676K(699392K)
[112.737s][info][gc,metaspace   ] GC(308) Metaspace: 16637K(17280K)->16637K(17280K) NonClass: 14215K(14592K)->14215K(14592K) Class: 2422K(2688K)->2422K(2688K)
[112.737s][info][gc             ] GC(308) Pause Young (Allocation Failure) 685M->619M(910M) 31.660ms
[112.737s][info][gc,cpu         ] GC(308) User=0.66s Sys=0.00s Real=0.03s
[112.836s][info][gc,start       ] GC(309) Pause Young (Allocation Failure)
[112.869s][info][gc,heap        ] GC(309) PSYoungGen: 167552K(232960K)->50976K(232960K) Eden: 116736K(116736K)->0K(116736K) From: 50816K(116224K)->50976K(116224K)
[112.869s][info][gc,heap        ] GC(309) ParOldGen: 583676K(699392K)->632156K(699392K)
[112.869s][info][gc,metaspace   ] GC(309) Metaspace: 16637K(17280K)->16637K(17280K) NonClass: 14215K(14592K)->14215K(14592K) Class: 2422K(2688K)->2422K(2688K)
[112.869s][info][gc             ] GC(309) Pause Young (Allocation Failure) 733M->667M(910M) 32.275ms
[112.869s][info][gc,cpu         ] GC(309) User=0.66s Sys=0.00s Real=0.03s
[112.869s][info][gc,start       ] GC(310) Pause Full (Ergonomics)
[112.869s][info][gc,phases,start] GC(310) Marking Phase
[112.911s][info][gc,phases      ] GC(310) Marking Phase 42.343ms
[112.911s][info][gc,phases,start] GC(310) Summary Phase
[112.911s][info][gc,phases      ] GC(310) Summary Phase 0.029ms
[112.911s][info][gc,phases,start] GC(310) Adjust Roots
[112.913s][info][gc,phases      ] GC(310) Adjust Roots 1.927ms
[112.913s][info][gc,phases,start] GC(310) Compaction Phase
[112.995s][info][gc,phases      ] GC(310) Compaction Phase 81.536ms
[112.995s][info][gc,phases,start] GC(310) Post Compact
[112.998s][info][gc,phases      ] GC(310) Post Compact 3.130ms
[112.998s][info][gc,heap        ] GC(310) PSYoungGen: 50976K(232960K)->0K(232960K) Eden: 0K(116736K)->0K(116736K) From: 50976K(116224K)->0K(116224K)
[112.998s][info][gc,heap        ] GC(310) ParOldGen: 632156K(699392K)->220058K(699392K)
[112.998s][info][gc,metaspace   ] GC(310) Metaspace: 16637K(17280K)->16637K(17280K) NonClass: 14215K(14592K)->14215K(14592K) Class: 2422K(2688K)->2422K(2688K)
[112.998s][info][gc             ] GC(310) Pause Full (Ergonomics) 667M->214M(910M) 129.212ms
[112.998s][info][gc,cpu         ] GC(310) User=2.64s Sys=0.00s Real=0.14s
[113.101s][info][gc,start       ] GC(311) Pause Young (Allocation Failure)
[113.117s][info][gc,heap        ] GC(311) PSYoungGen: 116736K(232960K)->51040K(232960K) Eden: 116736K(116736K)->0K(116736K) From: 0K(116224K)->51040K(116224K)
[113.117s][info][gc,heap        ] GC(311) ParOldGen: 220058K(699392K)->220058K(699392K)
[113.117s][info][gc,metaspace   ] GC(311) Metaspace: 16637K(17280K)->16637K(17280K) NonClass: 14215K(14592K)->14215K(14592K) Class: 2422K(2688K)->2422K(2688K)
[113.117s][info][gc             ] GC(311) Pause Young (Allocation Failure) 328M->264M(910M) 16.460ms
[113.117s][info][gc,cpu         ] GC(311) User=0.33s Sys=0.00s Real=0.02s
[113.218s][info][gc,start       ] GC(312) Pause Young (Allocation Failure)
[113.248s][info][gc,heap        ] GC(312) PSYoungGen: 167776K(232960K)->51200K(232960K) Eden: 116736K(116736K)->0K(116736K) From: 51040K(116224K)->51200K(116224K)
[113.248s][info][gc,heap        ] GC(312) ParOldGen: 220058K(699392K)->268322K(699392K)
[113.248s][info][gc,metaspace   ] GC(312) Metaspace: 16637K(17280K)->16637K(17280K) NonClass: 14215K(14592K)->14215K(14592K) Class: 2422K(2688K)->2422K(2688K)
[113.248s][info][gc             ] GC(312) Pause Young (Allocation Failure) 378M->312M(910M) 30.267ms
[113.248s][info][gc,cpu         ] GC(312) User=0.66s Sys=0.00s Real=0.03s
[113.350s][info][gc,start       ] GC(313) Pause Young (Allocation Failure)
[113.382s][info][gc,heap        ] GC(313) PSYoungGen: 167936K(232960K)->51200K(167936K) Eden: 116736K(116736K)->0K(116736K) From: 51200K(116224K)->51200K(51200K)
[113.382s][info][gc,heap        ] GC(313) ParOldGen: 268322K(699392K)->316466K(699392K)
[113.382s][info][gc,metaspace   ] GC(313) Metaspace: 16637K(17280K)->16637K(17280K) NonClass: 14215K(14592K)->14215K(14592K) Class: 2422K(2688K)->2422K(2688K)
[113.382s][info][gc             ] GC(313) Pause Young (Allocation Failure) 426M->359M(847M) 32.695ms
[113.382s][info][gc,cpu         ] GC(313) User=0.66s Sys=0.00s Real=0.03s
[113.484s][info][gc,start       ] GC(314) Pause Young (Allocation Failure)
[113.516s][info][gc,heap        ] GC(314) PSYoungGen: 167936K(167936K)->51328K(232960K) Eden: 116736K(116736K)->0K(122368K) From: 51200K(51200K)->51328K(110592K)
[113.516s][info][gc,heap        ] GC(314) ParOldGen: 316466K(699392K)->364530K(699392K)
[113.516s][info][gc,metaspace   ] GC(314) Metaspace: 16637K(17280K)->16637K(17280K) NonClass: 14215K(14592K)->14215K(14592K) Class: 2422K(2688K)->2422K(2688K)
[113.516s][info][gc             ] GC(314) Pause Young (Allocation Failure) 473M->406M(910M) 31.951ms
[113.516s][info][gc,cpu         ] GC(314) User=0.63s Sys=0.00s Real=0.03s
[113.711s][info][gc,start       ] GC(315) Pause Young (Allocation Failure)
[113.783s][info][gc,heap        ] GC(315) PSYoungGen: 173696K(232960K)->104947K(227328K) Eden: 122368K(122368K)->0K(122368K) From: 51328K(110592K)->104947K(104960K)
[113.783s][info][gc,heap        ] GC(315) ParOldGen: 364530K(699392K)->438090K(699392K)
[113.783s][info][gc,metaspace   ] GC(315) Metaspace: 16637K(17280K)->16637K(17280K) NonClass: 14215K(14592K)->14215K(14592K) Class: 2422K(2688K)->2422K(2688K)
[113.783s][info][gc             ] GC(315) Pause Young (Allocation Failure) 525M->530M(905M) 72.019ms
[113.783s][info][gc,cpu         ] GC(315) User=1.31s Sys=0.00s Real=0.08s
[114.252s][info][gc,start       ] GC(316) Pause Young (Allocation Failure)
[114.296s][info][gc,heap        ] GC(316) PSYoungGen: 227315K(227328K)->7360K(232960K) Eden: 122368K(122368K)->0K(116736K) From: 104947K(104960K)->7360K(116224K)
[114.296s][info][gc,heap        ] GC(316) ParOldGen: 438090K(699392K)->488474K(699392K)
[114.296s][info][gc,metaspace   ] GC(316) Metaspace: 16637K(17280K)->16637K(17280K) NonClass: 14215K(14592K)->14215K(14592K) Class: 2422K(2688K)->2422K(2688K)
[114.296s][info][gc             ] GC(316) Pause Young (Allocation Failure) 649M->484M(910M) 44.282ms
[114.296s][info][gc,cpu         ] GC(316) User=0.98s Sys=0.00s Real=0.05s
[114.483s][info][gc,start       ] GC(317) Pause Young (Allocation Failure)
[114.487s][info][gc,heap        ] GC(317) PSYoungGen: 124096K(232960K)->3840K(232960K) Eden: 116736K(116736K)->0K(116736K) From: 7360K(116224K)->3840K(116224K)
[114.487s][info][gc,heap        ] GC(317) ParOldGen: 488474K(699392K)->492074K(699392K)
[114.487s][info][gc,metaspace   ] GC(317) Metaspace: 16637K(17280K)->16637K(17280K) NonClass: 14215K(14592K)->14215K(14592K) Class: 2422K(2688K)->2422K(2688K)
[114.487s][info][gc             ] GC(317) Pause Young (Allocation Failure) 598M->484M(910M) 4.077ms
[114.487s][info][gc,cpu         ] GC(317) User=0.00s Sys=0.00s Real=0.00s
[114.674s][info][gc,start       ] GC(318) Pause Young (Allocation Failure)
[114.677s][info][gc,heap        ] GC(318) PSYoungGen: 120576K(232960K)->3136K(232960K) Eden: 116736K(116736K)->0K(116736K) From: 3840K(116224K)->3136K(116224K)
[114.677s][info][gc,heap        ] GC(318) ParOldGen: 492074K(699392K)->492370K(699392K)
[114.677s][info][gc,metaspace   ] GC(318) Metaspace: 16637K(17280K)->16637K(17280K) NonClass: 14215K(14592K)->14215K(14592K) Class: 2422K(2688K)->2422K(2688K)
[114.677s][info][gc             ] GC(318) Pause Young (Allocation Failure) 598M->483M(910M) 2.462ms
[114.677s][info][gc,cpu         ] GC(318) User=0.00s Sys=0.00s Real=0.00s
[114.869s][info][gc,start       ] GC(319) Pause Young (Allocation Failure)
[114.870s][info][gc,heap        ] GC(319) PSYoungGen: 119872K(232960K)->1920K(232960K) Eden: 116736K(116736K)->0K(116736K) From: 3136K(116224K)->1920K(116224K)
[114.870s][info][gc,heap        ] GC(319) ParOldGen: 492370K(699392K)->492538K(699392K)
[114.870s][info][gc,metaspace   ] GC(319) Metaspace: 16637K(17280K)->16637K(17280K) NonClass: 14215K(14592K)->14215K(14592K) Class: 2422K(2688K)->2422K(2688K)
[114.871s][info][gc             ] GC(319) Pause Young (Allocation Failure) 597M->482M(910M) 1.968ms
[114.871s][info][gc,cpu         ] GC(319) User=0.00s Sys=0.00s Real=0.00s
[115.981s][info][gc,start       ] GC(320) Pause Young (Allocation Failure)
[115.983s][info][gc,heap        ] GC(320) PSYoungGen: 118656K(232960K)->2496K(232960K) Eden: 116736K(116736K)->0K(116736K) From: 1920K(116224K)->2496K(116224K)
[115.983s][info][gc,heap        ] GC(320) ParOldGen: 492538K(699392K)->492538K(699392K)
[115.983s][info][gc,metaspace   ] GC(320) Metaspace: 16637K(17280K)->16637K(17280K) NonClass: 14215K(14592K)->14215K(14592K) Class: 2422K(2688K)->2422K(2688K)
[115.983s][info][gc             ] GC(320) Pause Young (Allocation Failure) 596M->483M(910M) 1.954ms
[115.983s][info][gc,cpu         ] GC(320) User=0.00s Sys=0.00s Real=0.00s
[116.477s][info][gc,start       ] GC(321) Pause Young (System.gc())
[116.478s][info][gc,heap        ] GC(321) PSYoungGen: 36046K(232960K)->128K(232960K) Eden: 33550K(116736K)->0K(116736K) From: 2496K(116224K)->128K(116224K)
[116.478s][info][gc,heap        ] GC(321) ParOldGen: 492538K(699392K)->492562K(699392K)
[116.478s][info][gc,metaspace   ] GC(321) Metaspace: 16640K(17280K)->16640K(17280K) NonClass: 14218K(14592K)->14218K(14592K) Class: 2422K(2688K)->2422K(2688K)
[116.478s][info][gc             ] GC(321) Pause Young (System.gc()) 516M->481M(910M) 1.462ms
[116.479s][info][gc,cpu         ] GC(321) User=0.00s Sys=0.00s Real=0.00s
[116.479s][info][gc,start       ] GC(322) Pause Full (System.gc())
[116.479s][info][gc,phases,start] GC(322) Marking Phase
[116.493s][info][gc,phases      ] GC(322) Marking Phase 14.739ms
[116.493s][info][gc,phases,start] GC(322) Summary Phase
[116.494s][info][gc,phases      ] GC(322) Summary Phase 0.033ms
[116.494s][info][gc,phases,start] GC(322) Adjust Roots
[116.496s][info][gc,phases      ] GC(322) Adjust Roots 2.033ms
[116.496s][info][gc,phases,start] GC(322) Compaction Phase
[116.503s][info][gc,phases      ] GC(322) Compaction Phase 6.876ms
[116.503s][info][gc,phases,start] GC(322) Post Compact
[116.506s][info][gc,phases      ] GC(322) Post Compact 3.200ms
[116.506s][info][gc,heap        ] GC(322) PSYoungGen: 128K(232960K)->0K(232960K) Eden: 0K(116736K)->0K(116736K) From: 128K(116224K)->0K(116224K)
[116.506s][info][gc,heap        ] GC(322) ParOldGen: 492562K(699392K)->15674K(699392K)
[116.506s][info][gc,metaspace   ] GC(322) Metaspace: 16640K(17280K)->16640K(17280K) NonClass: 14218K(14592K)->14218K(14592K) Class: 2422K(2688K)->2422K(2688K)
[116.506s][info][gc             ] GC(322) Pause Full (System.gc()) 481M->15M(910M) 27.247ms
[116.506s][info][gc,cpu         ] GC(322) User=0.34s Sys=0.00s Real=0.03s
[119.772s][info][gc,start       ] GC(323) Pause Young (Allocation Failure)
[119.773s][info][gc,heap        ] GC(323) PSYoungGen: 116736K(232960K)->1664K(232960K) Eden: 116736K(116736K)->0K(116736K) From: 0K(116224K)->1664K(116224K)
[119.773s][info][gc,heap        ] GC(323) ParOldGen: 15674K(699392K)->15674K(699392K)
[119.773s][info][gc,metaspace   ] GC(323) Metaspace: 16641K(17280K)->16641K(17280K) NonClass: 14219K(14592K)->14219K(14592K) Class: 2422K(2688K)->2422K(2688K)
[119.773s][info][gc             ] GC(323) Pause Young (Allocation Failure) 129M->16M(910M) 1.579ms
[119.773s][info][gc,cpu         ] GC(323) User=0.33s Sys=0.00s Real=0.02s
[119.790s][info][gc,start       ] GC(324) Pause Young (Allocation Failure)
[119.790s][info][gc,heap        ] GC(324) PSYoungGen: 118400K(232960K)->1312K(232960K) Eden: 116736K(116736K)->0K(116736K) From: 1664K(116224K)->1312K(116224K)
[119.790s][info][gc,heap        ] GC(324) ParOldGen: 15674K(699392K)->16290K(699392K)
[119.790s][info][gc,metaspace   ] GC(324) Metaspace: 16641K(17280K)->16641K(17280K) NonClass: 14219K(14592K)->14219K(14592K) Class: 2422K(2688K)->2422K(2688K)
[119.790s][info][gc             ] GC(324) Pause Young (Allocation Failure) 130M->17M(910M) 0.852ms
[119.790s][info][gc,cpu         ] GC(324) User=0.00s Sys=0.00s Real=0.00s
[119.803s][info][gc,start       ] GC(325) Pause Young (Allocation Failure)
[119.804s][info][gc,heap        ] GC(325) PSYoungGen: 118048K(232960K)->1408K(232960K) Eden: 116736K(116736K)->0K(116736K) From: 1312K(116224K)->1408K(116224K)
[119.804s][info][gc,heap        ] GC(325) ParOldGen: 16290K(699392K)->16474K(699392K)
[119.804s][info][gc,metaspace   ] GC(325) Metaspace: 16641K(17280K)->16641K(17280K) NonClass: 14219K(14592K)->14219K(14592K) Class: 2422K(2688K)->2422K(2688K)
[119.804s][info][gc             ] GC(325) Pause Young (Allocation Failure) 131M->17M(910M) 0.608ms
[119.804s][info][gc,cpu         ] GC(325) User=0.00s Sys=0.00s Real=0.00s
[119.816s][info][gc,start       ] GC(326) Pause Young (Allocation Failure)
[119.817s][info][gc,heap        ] GC(326) PSYoungGen: 118144K(232960K)->1440K(232960K) Eden: 116736K(116736K)->0K(116736K) From: 1408K(116224K)->1440K(116224K)
[119.817s][info][gc,heap        ] GC(326) ParOldGen: 16474K(699392K)->16682K(699392K)
[119.817s][info][gc,metaspace   ] GC(326) Metaspace: 16641K(17280K)->16641K(17280K) NonClass: 14219K(14592K)->14219K(14592K) Class: 2422K(2688K)->2422K(2688K)
[119.817s][info][gc             ] GC(326) Pause Young (Allocation Failure) 131M->17M(910M) 0.617ms
[119.817s][info][gc,cpu         ] GC(326) User=0.00s Sys=0.00s Real=0.00s
[119.828s][info][gc,start       ] GC(327) Pause Young (Allocation Failure)
[119.829s][info][gc,heap        ] GC(327) PSYoungGen: 118176K(232960K)->1408K(222720K) Eden: 116736K(116736K)->0K(116736K) From: 1440K(116224K)->1408K(105984K)
[119.829s][info][gc,heap        ] GC(327) ParOldGen: 16682K(699392K)->16866K(699392K)
[119.829s][info][gc,metaspace   ] GC(327) Metaspace: 16641K(17280K)->16641K(17280K) NonClass: 14219K(14592K)->14219K(14592K) Class: 2422K(2688K)->2422K(2688K)
[119.829s][info][gc             ] GC(327) Pause Young (Allocation Failure) 131M->17M(900M) 1.170ms
[119.829s][info][gc,cpu         ] GC(327) User=0.00s Sys=0.00s Real=0.00s
[119.841s][info][gc,start       ] GC(328) Pause Young (Allocation Failure)
[119.842s][info][gc,heap        ] GC(328) PSYoungGen: 118144K(222720K)->1376K(227840K) Eden: 116736K(116736K)->0K(116736K) From: 1408K(105984K)->1376K(111104K)
[119.842s][info][gc,heap        ] GC(328) ParOldGen: 16866K(699392K)->17082K(699392K)
[119.842s][info][gc,metaspace   ] GC(328) Metaspace: 16641K(17280K)->16641K(17280K) NonClass: 14219K(14592K)->14219K(14592K) Class: 2422K(2688K)->2422K(2688K)
[119.842s][info][gc             ] GC(328) Pause Young (Allocation Failure) 131M->18M(905M) 0.651ms
[119.842s][info][gc,cpu         ] GC(328) User=0.00s Sys=0.00s Real=0.00s
[119.853s][info][gc,start       ] GC(329) Pause Young (Allocation Failure)
[119.874s][info][gc,heap        ] GC(329) PSYoungGen: 118112K(227840K)->1376K(223232K) Eden: 116736K(116736K)->0K(130048K) From: 1376K(111104K)->1376K(93184K)
[119.898s][info][gc,heap        ] GC(329) ParOldGen: 17082K(699392K)->17274K(699392K)
[119.898s][info][gc,metaspace   ] GC(329) Metaspace: 16641K(17280K)->16641K(17280K) NonClass: 14219K(14592K)->14219K(14592K) Class: 2422K(2688K)->2422K(2688K)
[119.898s][info][gc             ] GC(329) Pause Young (Allocation Failure) 132M->18M(901M) 44.229ms
[119.898s][info][gc,cpu         ] GC(329) User=0.00s Sys=0.02s Real=0.05s
[119.916s][info][gc,start       ] GC(330) Pause Young (Allocation Failure)
[119.917s][info][gc,heap        ] GC(330) PSYoungGen: 131424K(223232K)->1440K(229888K) Eden: 130048K(130048K)->0K(130048K) From: 1376K(93184K)->1440K(99840K)
[119.917s][info][gc,heap        ] GC(330) ParOldGen: 17274K(699392K)->17466K(699392K)
[119.917s][info][gc,metaspace   ] GC(330) Metaspace: 16641K(17280K)->16641K(17280K) NonClass: 14219K(14592K)->14219K(14592K) Class: 2422K(2688K)->2422K(2688K)
[119.917s][info][gc             ] GC(330) Pause Young (Allocation Failure) 145M->18M(907M) 0.972ms
[119.917s][info][gc,cpu         ] GC(330) User=0.00s Sys=0.00s Real=0.00s
[119.931s][info][gc,start       ] GC(331) Pause Young (Allocation Failure)
[119.933s][info][gc,heap        ] GC(331) PSYoungGen: 131488K(229888K)->1408K(228352K) Eden: 130048K(130048K)->0K(144384K) From: 1440K(99840K)->1408K(83968K)
[119.933s][info][gc,heap        ] GC(331) ParOldGen: 17466K(699392K)->17778K(699392K)
[119.933s][info][gc,metaspace   ] GC(331) Metaspace: 16641K(17280K)->16641K(17280K) NonClass: 14219K(14592K)->14219K(14592K) Class: 2422K(2688K)->2422K(2688K)
[119.933s][info][gc             ] GC(331) Pause Young (Allocation Failure) 145M->18M(906M) 1.643ms
[119.933s][info][gc,cpu         ] GC(331) User=0.00s Sys=0.00s Real=0.00s
[119.947s][info][gc,start       ] GC(332) Pause Young (Allocation Failure)
[119.947s][info][gc,heap        ] GC(332) PSYoungGen: 145792K(228352K)->1408K(233472K) Eden: 144384K(144384K)->0K(144384K) From: 1408K(83968K)->1408K(89088K)
[119.947s][info][gc,heap        ] GC(332) ParOldGen: 17778K(699392K)->17962K(699392K)
[119.947s][info][gc,metaspace   ] GC(332) Metaspace: 16641K(17280K)->16641K(17280K) NonClass: 14219K(14592K)->14219K(14592K) Class: 2422K(2688K)->2422K(2688K)
[119.948s][info][gc             ] GC(332) Pause Young (Allocation Failure) 159M->18M(911M) 0.670ms
[119.948s][info][gc,cpu         ] GC(332) User=0.00s Sys=0.00s Real=0.00s
[119.962s][info][gc,start       ] GC(333) Pause Young (Allocation Failure)
[119.963s][info][gc,heap        ] GC(333) PSYoungGen: 145792K(233472K)->1440K(233984K) Eden: 144384K(144384K)->0K(160256K) From: 1408K(89088K)->1440K(73728K)
[119.963s][info][gc,heap        ] GC(333) ParOldGen: 17962K(699392K)->18130K(699392K)
[119.963s][info][gc,metaspace   ] GC(333) Metaspace: 16641K(17280K)->16641K(17280K) NonClass: 14219K(14592K)->14219K(14592K) Class: 2422K(2688K)->2422K(2688K)
[119.963s][info][gc             ] GC(333) Pause Young (Allocation Failure) 159M->19M(911M) 1.125ms
[119.963s][info][gc,cpu         ] GC(333) User=0.00s Sys=0.00s Real=0.00s
[119.979s][info][gc,start       ] GC(334) Pause Young (Allocation Failure)
[119.979s][info][gc,heap        ] GC(334) PSYoungGen: 161696K(233984K)->1376K(239104K) Eden: 160256K(160256K)->0K(160256K) From: 1440K(73728K)->1376K(78848K)
[119.979s][info][gc,heap        ] GC(334) ParOldGen: 18130K(699392K)->18330K(699392K)
[119.979s][info][gc,metaspace   ] GC(334) Metaspace: 16641K(17280K)->16641K(17280K) NonClass: 14219K(14592K)->14219K(14592K) Class: 2422K(2688K)->2422K(2688K)
[119.979s][info][gc             ] GC(334) Pause Young (Allocation Failure) 175M->19M(916M) 0.680ms
[119.979s][info][gc,cpu         ] GC(334) User=0.33s Sys=0.00s Real=0.02s
[119.995s][info][gc,start       ] GC(335) Pause Young (Allocation Failure)
[119.996s][info][gc,heap        ] GC(335) PSYoungGen: 161632K(239104K)->1504K(242176K) Eden: 160256K(160256K)->0K(177664K) From: 1376K(78848K)->1504K(64512K)
[119.996s][info][gc,heap        ] GC(335) ParOldGen: 18330K(699392K)->18538K(699392K)
[119.996s][info][gc,metaspace   ] GC(335) Metaspace: 16641K(17280K)->16641K(17280K) NonClass: 14219K(14592K)->14219K(14592K) Class: 2422K(2688K)->2422K(2688K)
[119.996s][info][gc             ] GC(335) Pause Young (Allocation Failure) 175M->19M(919M) 0.888ms
[119.996s][info][gc,cpu         ] GC(335) User=0.00s Sys=0.00s Real=0.00s
[120.013s][info][gc,start       ] GC(336) Pause Young (Allocation Failure)
[120.014s][info][gc,heap        ] GC(336) PSYoungGen: 179168K(242176K)->1408K(246784K) Eden: 177664K(177664K)->0K(177664K) From: 1504K(64512K)->1408K(69120K)
[120.014s][info][gc,heap        ] GC(336) ParOldGen: 18538K(699392K)->18730K(699392K)
[120.014s][info][gc,metaspace   ] GC(336) Metaspace: 16641K(17280K)->16641K(17280K) NonClass: 14219K(14592K)->14219K(14592K) Class: 2422K(2688K)->2422K(2688K)
[120.014s][info][gc             ] GC(336) Pause Young (Allocation Failure) 193M->19M(924M) 0.686ms
[120.014s][info][gc,cpu         ] GC(336) User=0.00s Sys=0.00s Real=0.00s
[120.032s][info][gc,start       ] GC(337) Pause Young (Allocation Failure)
[120.032s][info][gc,heap        ] GC(337) PSYoungGen: 179072K(246784K)->1504K(251904K) Eden: 177664K(177664K)->0K(196096K) From: 1408K(69120K)->1504K(55808K)
[120.032s][info][gc,heap        ] GC(337) ParOldGen: 18730K(699392K)->18922K(699392K)
[120.032s][info][gc,metaspace   ] GC(337) Metaspace: 16641K(17280K)->16641K(17280K) NonClass: 14219K(14592K)->14219K(14592K) Class: 2422K(2688K)->2422K(2688K)
[120.032s][info][gc             ] GC(337) Pause Young (Allocation Failure) 193M->19M(929M) 0.656ms
[120.032s][info][gc,cpu         ] GC(337) User=0.00s Sys=0.00s Real=0.00s
[120.052s][info][gc,start       ] GC(338) Pause Young (Allocation Failure)
[120.052s][info][gc,heap        ] GC(338) PSYoungGen: 197600K(251904K)->1472K(256512K) Eden: 196096K(196096K)->0K(196096K) From: 1504K(55808K)->1472K(60416K)
[120.052s][info][gc,heap        ] GC(338) ParOldGen: 18922K(699392K)->19154K(699392K)
[120.052s][info][gc,metaspace   ] GC(338) Metaspace: 16641K(17280K)->16641K(17280K) NonClass: 14219K(14592K)->14219K(14592K) Class: 2422K(2688K)->2422K(2688K)
[120.052s][info][gc             ] GC(338) Pause Young (Allocation Failure) 211M->20M(933M) 0.693ms
[120.052s][info][gc,cpu         ] GC(338) User=0.00s Sys=0.00s Real=0.00s
[120.072s][info][gc,start       ] GC(339) Pause Young (Allocation Failure)
[120.073s][info][gc,heap        ] GC(339) PSYoungGen: 197568K(256512K)->1472K(265216K) Eden: 196096K(196096K)->0K(216064K) From: 1472K(60416K)->1472K(49152K)
[120.073s][info][gc,heap        ] GC(339) ParOldGen: 19154K(699392K)->19362K(699392K)
[120.073s][info][gc,metaspace   ] GC(339) Metaspace: 16641K(17280K)->16641K(17280K) NonClass: 14219K(14592K)->14219K(14592K) Class: 2422K(2688K)->2422K(2688K)
[120.073s][info][gc             ] GC(339) Pause Young (Allocation Failure) 211M->20M(942M) 0.694ms
[120.073s][info][gc,cpu         ] GC(339) User=0.00s Sys=0.02s Real=0.02s
[120.094s][info][gc,start       ] GC(340) Pause Young (Allocation Failure)
[120.095s][info][gc,heap        ] GC(340) PSYoungGen: 217536K(265216K)->1440K(268800K) Eden: 216064K(216064K)->0K(216064K) From: 1472K(49152K)->1440K(52736K)
[120.095s][info][gc,heap        ] GC(340) ParOldGen: 19362K(699392K)->19522K(699392K)
[120.095s][info][gc,metaspace   ] GC(340) Metaspace: 16641K(17280K)->16641K(17280K) NonClass: 14219K(14592K)->14219K(14592K) Class: 2422K(2688K)->2422K(2688K)
[120.095s][info][gc             ] GC(340) Pause Young (Allocation Failure) 231M->20M(945M) 0.695ms
[120.095s][info][gc,cpu         ] GC(340) User=0.00s Sys=0.00s Real=0.00s
[120.117s][info][gc,start       ] GC(341) Pause Young (Allocation Failure)
[120.117s][info][gc,heap        ] GC(341) PSYoungGen: 217504K(268800K)->1472K(278528K) Eden: 216064K(216064K)->0K(237056K) From: 1440K(52736K)->1472K(41472K)
[120.117s][info][gc,heap        ] GC(341) ParOldGen: 19522K(699392K)->19682K(699392K)
[120.117s][info][gc,metaspace   ] GC(341) Metaspace: 16641K(17280K)->16641K(17280K) NonClass: 14219K(14592K)->14219K(14592K) Class: 2422K(2688K)->2422K(2688K)
[120.117s][info][gc             ] GC(341) Pause Young (Allocation Failure) 231M->20M(955M) 0.643ms
[120.117s][info][gc,cpu         ] GC(341) User=0.00s Sys=0.00s Real=0.00s
[120.142s][info][gc,start       ] GC(342) Pause Young (Allocation Failure)
[120.142s][info][gc,heap        ] GC(342) PSYoungGen: 238528K(278528K)->1472K(282624K) Eden: 237056K(237056K)->0K(237056K) From: 1472K(41472K)->1472K(45568K)
[120.142s][info][gc,heap        ] GC(342) ParOldGen: 19682K(699392K)->19682K(699392K)
[120.142s][info][gc,metaspace   ] GC(342) Metaspace: 16641K(17280K)->16641K(17280K) NonClass: 14219K(14592K)->14219K(14592K) Class: 2422K(2688K)->2422K(2688K)
[120.142s][info][gc             ] GC(342) Pause Young (Allocation Failure) 252M->20M(959M) 0.664ms
[120.142s][info][gc,cpu         ] GC(342) User=0.00s Sys=0.00s Real=0.00s
[120.171s][info][gc,start       ] GC(343) Pause Young (Allocation Failure)
[120.178s][info][gc,heap        ] GC(343) PSYoungGen: 238528K(282624K)->28157K(296960K) Eden: 237056K(237056K)->0K(254464K) From: 1472K(45568K)->28157K(42496K)
[120.178s][info][gc,heap        ] GC(343) ParOldGen: 19682K(699392K)->19682K(699392K)
[120.178s][info][gc,metaspace   ] GC(343) Metaspace: 16641K(17280K)->16641K(17280K) NonClass: 14219K(14592K)->14219K(14592K) Class: 2422K(2688K)->2422K(2688K)
[120.178s][info][gc             ] GC(343) Pause Young (Allocation Failure) 252M->46M(973M) 6.605ms
[120.178s][info][gc,cpu         ] GC(343) User=0.00s Sys=0.00s Real=0.00s
[120.428s][info][gc,start       ] GC(344) Pause Young (Allocation Failure)
[120.492s][info][gc,heap        ] GC(344) PSYoungGen: 282621K(296960K)->47101K(301568K) Eden: 254464K(254464K)->0K(254464K) From: 28157K(42496K)->47101K(47104K)
[120.492s][info][gc,heap        ] GC(344) ParOldGen: 19682K(699392K)->162354K(699392K)
[120.492s][info][gc,metaspace   ] GC(344) Metaspace: 16641K(17280K)->16641K(17280K) NonClass: 14219K(14592K)->14219K(14592K) Class: 2422K(2688K)->2422K(2688K)
[120.492s][info][gc             ] GC(344) Pause Young (Allocation Failure) 295M->204M(977M) 63.962ms
[120.492s][info][gc,cpu         ] GC(344) User=1.44s Sys=0.00s Real=0.06s
[120.757s][info][gc,start       ] GC(345) Pause Young (Allocation Failure)
[120.827s][info][gc,heap        ] GC(345) PSYoungGen: 301565K(301568K)->47616K(164352K) Eden: 254464K(254464K)->0K(116736K) From: 47101K(47104K)->47616K(47616K)
[120.827s][info][gc,heap        ] GC(345) ParOldGen: 162354K(699392K)->327359K(699392K)
[120.827s][info][gc,metaspace   ] GC(345) Metaspace: 16641K(17280K)->16641K(17280K) NonClass: 14219K(14592K)->14219K(14592K) Class: 2422K(2688K)->2422K(2688K)
[120.827s][info][gc             ] GC(345) Pause Young (Allocation Failure) 453M->366M(843M) 70.688ms
[120.827s][info][gc,cpu         ] GC(345) User=1.75s Sys=0.05s Real=0.08s
[120.950s][info][gc,start       ] GC(346) Pause Young (Allocation Failure)
[120.985s][info][gc,heap        ] GC(346) PSYoungGen: 164352K(164352K)->76576K(232960K) Eden: 116736K(116736K)->0K(116736K) From: 47616K(47616K)->76576K(116224K)
[120.985s][info][gc,heap        ] GC(346) ParOldGen: 327359K(699392K)->374719K(699392K)
[120.985s][info][gc,metaspace   ] GC(346) Metaspace: 16641K(17280K)->16641K(17280K) NonClass: 14219K(14592K)->14219K(14592K) Class: 2422K(2688K)->2422K(2688K)
[120.985s][info][gc             ] GC(346) Pause Young (Allocation Failure) 480M->440M(910M) 35.154ms
[120.985s][info][gc,cpu         ] GC(346) User=0.98s Sys=0.00s Real=0.05s
[121.252s][info][gc,start       ] GC(347) Pause Young (Allocation Failure)
[121.302s][info][gc,heap        ] GC(347) PSYoungGen: 193312K(232960K)->35216K(232960K) Eden: 116736K(116736K)->0K(116736K) From: 76576K(116224K)->35216K(116224K)
[121.302s][info][gc,heap        ] GC(347) ParOldGen: 374719K(699392K)->446703K(699392K)
[121.302s][info][gc,metaspace   ] GC(347) Metaspace: 16641K(17280K)->16641K(17280K) NonClass: 14219K(14592K)->14219K(14592K) Class: 2422K(2688K)->2422K(2688K)
[121.302s][info][gc             ] GC(347) Pause Young (Allocation Failure) 554M->470M(910M) 50.295ms
[121.302s][info][gc,cpu         ] GC(347) User=0.98s Sys=0.00s Real=0.05s
[129.968s][info][gc,start       ] GC(348) Pause Young (Allocation Failure)
[129.999s][info][gc,heap        ] GC(348) PSYoungGen: 151952K(232960K)->34208K(232960K) Eden: 116736K(116736K)->0K(116736K) From: 35216K(116224K)->34208K(116224K)
[129.999s][info][gc,heap        ] GC(348) ParOldGen: 446703K(699392K)->478007K(699392K)
[129.999s][info][gc,metaspace   ] GC(348) Metaspace: 16643K(17280K)->16643K(17280K) NonClass: 14220K(14592K)->14220K(14592K) Class: 2422K(2688K)->2422K(2688K)
[129.999s][info][gc             ] GC(348) Pause Young (Allocation Failure) 584M->500M(910M) 30.543ms
[129.999s][info][gc,cpu         ] GC(348) User=0.33s Sys=0.00s Real=0.02s
[130.088s][info][gc,start       ] GC(349) Pause Young (Allocation Failure)
[130.115s][info][gc,heap        ] GC(349) PSYoungGen: 150944K(232960K)->49184K(232960K) Eden: 116736K(116736K)->0K(116736K) From: 34208K(116224K)->49184K(116224K)
[130.128s][info][gc,heap        ] GC(349) ParOldGen: 478007K(699392K)->511159K(699392K)
[130.128s][info][gc,metaspace   ] GC(349) Metaspace: 16643K(17280K)->16643K(17280K) NonClass: 14220K(14592K)->14220K(14592K) Class: 2422K(2688K)->2422K(2688K)
[130.128s][info][gc             ] GC(349) Pause Young (Allocation Failure) 614M->547M(910M) 40.184ms
[130.128s][info][gc,cpu         ] GC(349) User=0.66s Sys=0.00s Real=0.05s
[130.225s][info][gc,start       ] GC(350) Pause Young (Allocation Failure)
[130.255s][info][gc,heap        ] GC(350) PSYoungGen: 165920K(232960K)->49088K(232960K) Eden: 116736K(116736K)->0K(116736K) From: 49184K(116224K)->49088K(116224K)
[130.255s][info][gc,heap        ] GC(350) ParOldGen: 511159K(699392K)->558471K(699392K)
[130.255s][info][gc,metaspace   ] GC(350) Metaspace: 16643K(17280K)->16643K(17280K) NonClass: 14220K(14592K)->14220K(14592K) Class: 2422K(2688K)->2422K(2688K)
[130.256s][info][gc             ] GC(350) Pause Young (Allocation Failure) 661M->593M(910M) 30.269ms
[130.256s][info][gc,cpu         ] GC(350) User=0.66s Sys=0.00s Real=0.03s
[130.351s][info][gc,start       ] GC(351) Pause Young (Allocation Failure)
[130.383s][info][gc,heap        ] GC(351) PSYoungGen: 165824K(232960K)->49248K(232960K) Eden: 116736K(116736K)->0K(116736K) From: 49088K(116224K)->49248K(116224K)
[130.383s][info][gc,heap        ] GC(351) ParOldGen: 558471K(699392K)->605391K(699392K)
[130.383s][info][gc,metaspace   ] GC(351) Metaspace: 16643K(17280K)->16643K(17280K) NonClass: 14220K(14592K)->14220K(14592K) Class: 2422K(2688K)->2422K(2688K)
[130.383s][info][gc             ] GC(351) Pause Young (Allocation Failure) 707M->639M(910M) 31.723ms
[130.383s][info][gc,cpu         ] GC(351) User=0.66s Sys=0.00s Real=0.03s
[130.383s][info][gc,start       ] GC(352) Pause Full (Ergonomics)
[130.383s][info][gc,phases,start] GC(352) Marking Phase
[130.424s][info][gc,phases      ] GC(352) Marking Phase 40.694ms
[130.424s][info][gc,phases,start] GC(352) Summary Phase
[130.424s][info][gc,phases      ] GC(352) Summary Phase 0.027ms
[130.424s][info][gc,phases,start] GC(352) Adjust Roots
[130.426s][info][gc,phases      ] GC(352) Adjust Roots 1.967ms
[130.426s][info][gc,phases,start] GC(352) Compaction Phase
[130.498s][info][gc,phases      ] GC(352) Compaction Phase 71.920ms
[130.498s][info][gc,phases,start] GC(352) Post Compact
[130.501s][info][gc,phases      ] GC(352) Post Compact 3.018ms
[130.501s][info][gc,heap        ] GC(352) PSYoungGen: 49248K(232960K)->0K(232960K) Eden: 0K(116736K)->0K(116736K) From: 49248K(116224K)->0K(116224K)
[130.501s][info][gc,heap        ] GC(352) ParOldGen: 605391K(699392K)->189967K(699392K)
[130.501s][info][gc,metaspace   ] GC(352) Metaspace: 16643K(17280K)->16643K(17280K) NonClass: 14220K(14592K)->14220K(14592K) Class: 2422K(2688K)->2422K(2688K)
[130.501s][info][gc             ] GC(352) Pause Full (Ergonomics) 639M->185M(910M) 117.846ms
[130.501s][info][gc,cpu         ] GC(352) User=2.00s Sys=0.00s Real=0.13s
[130.599s][info][gc,start       ] GC(353) Pause Young (Allocation Failure)
[130.615s][info][gc,heap        ] GC(353) PSYoungGen: 116736K(232960K)->49376K(232960K) Eden: 116736K(116736K)->0K(116736K) From: 0K(116224K)->49376K(116224K)
[130.615s][info][gc,heap        ] GC(353) ParOldGen: 189967K(699392K)->189967K(699392K)
[130.615s][info][gc,metaspace   ] GC(353) Metaspace: 16643K(17280K)->16643K(17280K) NonClass: 14220K(14592K)->14220K(14592K) Class: 2422K(2688K)->2422K(2688K)
[130.615s][info][gc             ] GC(353) Pause Young (Allocation Failure) 299M->233M(910M) 15.436ms
[130.615s][info][gc,cpu         ] GC(353) User=0.33s Sys=0.00s Real=0.02s
[130.712s][info][gc,start       ] GC(354) Pause Young (Allocation Failure)
[130.746s][info][gc,heap        ] GC(354) PSYoungGen: 166112K(232960K)->49408K(166400K) Eden: 116736K(116736K)->0K(116736K) From: 49376K(116224K)->49408K(49664K)
[130.746s][info][gc,heap        ] GC(354) ParOldGen: 189967K(699392K)->236687K(699392K)
[130.746s][info][gc,metaspace   ] GC(354) Metaspace: 16643K(17280K)->16643K(17280K) NonClass: 14220K(14592K)->14220K(14592K) Class: 2422K(2688K)->2422K(2688K)
[130.746s][info][gc             ] GC(354) Pause Young (Allocation Failure) 347M->279M(845M) 33.252ms
[130.746s][info][gc,cpu         ] GC(354) User=0.66s Sys=0.00s Real=0.03s
[130.848s][info][gc,start       ] GC(355) Pause Young (Allocation Failure)
[130.879s][info][gc,heap        ] GC(355) PSYoungGen: 166144K(166400K)->49536K(235520K) Eden: 116736K(116736K)->0K(122368K) From: 49408K(49664K)->49536K(113152K)
[130.879s][info][gc,heap        ] GC(355) ParOldGen: 236687K(699392K)->283351K(699392K)
[130.879s][info][gc,metaspace   ] GC(355) Metaspace: 16643K(17280K)->16643K(17280K) NonClass: 14220K(14592K)->14220K(14592K) Class: 2422K(2688K)->2422K(2688K)
[130.879s][info][gc             ] GC(355) Pause Young (Allocation Failure) 393M->325M(913M) 30.849ms
[130.879s][info][gc,cpu         ] GC(355) User=0.63s Sys=0.00s Real=0.03s
[130.982s][info][gc,start       ] GC(356) Pause Young (Allocation Failure)
[131.015s][info][gc,heap        ] GC(356) PSYoungGen: 171904K(235520K)->52032K(229888K) Eden: 122368K(122368K)->0K(122368K) From: 49536K(113152K)->52032K(107520K)
[131.015s][info][gc,heap        ] GC(356) ParOldGen: 283351K(699392K)->329903K(699392K)
[131.015s][info][gc,metaspace   ] GC(356) Metaspace: 16643K(17280K)->16643K(17280K) NonClass: 14220K(14592K)->14220K(14592K) Class: 2422K(2688K)->2422K(2688K)
[131.015s][info][gc             ] GC(356) Pause Young (Allocation Failure) 444M->372M(907M) 32.669ms
[131.015s][info][gc,cpu         ] GC(356) User=0.66s Sys=0.00s Real=0.03s
[131.119s][info][gc,start       ] GC(357) Pause Young (Allocation Failure)
[131.149s][info][gc,heap        ] GC(357) PSYoungGen: 174400K(229888K)->51968K(236032K) Eden: 122368K(122368K)->0K(132608K) From: 52032K(107520K)->51968K(103424K)
[131.150s][info][gc,heap        ] GC(357) ParOldGen: 329903K(699392K)->378607K(699392K)
[131.150s][info][gc,metaspace   ] GC(357) Metaspace: 16643K(17280K)->16643K(17280K) NonClass: 14220K(14592K)->14220K(14592K) Class: 2422K(2688K)->2422K(2688K)
[131.150s][info][gc             ] GC(357) Pause Young (Allocation Failure) 492M->420M(913M) 30.826ms
[131.150s][info][gc,cpu         ] GC(357) User=0.66s Sys=0.00s Real=0.03s
[131.668s][info][gc,start       ] GC(358) Pause Young (Allocation Failure)
[131.728s][info][gc,heap        ] GC(358) PSYoungGen: 184576K(236032K)->99315K(231936K) Eden: 132608K(132608K)->0K(132608K) From: 51968K(103424K)->99315K(99328K)
[131.728s][info][gc,heap        ] GC(358) ParOldGen: 378607K(699392K)->447119K(699392K)
[131.728s][info][gc,metaspace   ] GC(358) Metaspace: 16643K(17280K)->16643K(17280K) NonClass: 14220K(14592K)->14220K(14592K) Class: 2422K(2688K)->2422K(2688K)
[131.728s][info][gc             ] GC(358) Pause Young (Allocation Failure) 549M->533M(909M) 59.772ms
[131.728s][info][gc,cpu         ] GC(358) User=1.31s Sys=0.00s Real=0.06s
[131.932s][info][gc,start       ] GC(359) Pause Young (Allocation Failure)
[131.971s][info][gc,heap        ] GC(359) PSYoungGen: 231923K(231936K)->4192K(232960K) Eden: 132608K(132608K)->0K(116736K) From: 99315K(99328K)->4192K(116224K)
[131.972s][info][gc,heap        ] GC(359) ParOldGen: 447119K(699392K)->487325K(699392K)
[131.972s][info][gc,metaspace   ] GC(359) Metaspace: 16643K(17280K)->16643K(17280K) NonClass: 14220K(14592K)->14220K(14592K) Class: 2422K(2688K)->2422K(2688K)
[131.972s][info][gc             ] GC(359) Pause Young (Allocation Failure) 663M->479M(910M) 39.693ms
[131.972s][info][gc,cpu         ] GC(359) User=0.98s Sys=0.00s Real=0.05s
[132.143s][info][gc,start       ] GC(360) Pause Young (Allocation Failure)
[132.145s][info][gc,heap        ] GC(360) PSYoungGen: 120928K(232960K)->3424K(232960K) Eden: 116736K(116736K)->0K(116736K) From: 4192K(116224K)->3424K(116224K)
[132.145s][info][gc,heap        ] GC(360) ParOldGen: 487325K(699392K)->487789K(699392K)
[132.145s][info][gc,metaspace   ] GC(360) Metaspace: 16643K(17280K)->16643K(17280K) NonClass: 14220K(14592K)->14220K(14592K) Class: 2422K(2688K)->2422K(2688K)
[132.145s][info][gc             ] GC(360) Pause Young (Allocation Failure) 593M->479M(910M) 2.752ms
[132.145s][info][gc,cpu         ] GC(360) User=0.00s Sys=0.00s Real=0.00s
[132.307s][info][gc,start       ] GC(361) Pause Young (Allocation Failure)
[132.309s][info][gc,heap        ] GC(361) PSYoungGen: 120160K(232960K)->2944K(232960K) Eden: 116736K(116736K)->0K(116736K) From: 3424K(116224K)->2944K(116224K)
[132.309s][info][gc,heap        ] GC(361) ParOldGen: 487789K(699392K)->487997K(699392K)
[132.309s][info][gc,metaspace   ] GC(361) Metaspace: 16643K(17280K)->16643K(17280K) NonClass: 14220K(14592K)->14220K(14592K) Class: 2422K(2688K)->2422K(2688K)
[132.310s][info][gc             ] GC(361) Pause Young (Allocation Failure) 593M->479M(910M) 2.309ms
[132.310s][info][gc,cpu         ] GC(361) User=0.00s Sys=0.00s Real=0.00s
[132.479s][info][gc,start       ] GC(362) Pause Young (Allocation Failure)
[132.481s][info][gc,heap        ] GC(362) PSYoungGen: 119680K(232960K)->1632K(232960K) Eden: 116736K(116736K)->0K(116736K) From: 2944K(116224K)->1632K(116224K)
[132.481s][info][gc,heap        ] GC(362) ParOldGen: 487997K(699392K)->488165K(699392K)
[132.481s][info][gc,metaspace   ] GC(362) Metaspace: 16643K(17280K)->16643K(17280K) NonClass: 14220K(14592K)->14220K(14592K) Class: 2422K(2688K)->2422K(2688K)
[132.481s][info][gc             ] GC(362) Pause Young (Allocation Failure) 593M->478M(910M) 1.952ms
[132.481s][info][gc,cpu         ] GC(362) User=0.00s Sys=0.00s Real=0.00s
[133.748s][info][gc,start       ] GC(363) Pause Young (Allocation Failure)
[133.750s][info][gc,heap        ] GC(363) PSYoungGen: 118368K(232960K)->2496K(232960K) Eden: 116736K(116736K)->0K(116736K) From: 1632K(116224K)->2496K(116224K)
[133.750s][info][gc,heap        ] GC(363) ParOldGen: 488165K(699392K)->488165K(699392K)
[133.750s][info][gc,metaspace   ] GC(363) Metaspace: 16643K(17280K)->16643K(17280K) NonClass: 14220K(14592K)->14220K(14592K) Class: 2422K(2688K)->2422K(2688K)
[133.750s][info][gc             ] GC(363) Pause Young (Allocation Failure) 592M->479M(910M) 2.115ms
[133.750s][info][gc,cpu         ] GC(363) User=0.00s Sys=0.00s Real=0.00s
[134.003s][info][gc,start       ] GC(364) Pause Young (System.gc())
[134.004s][info][gc,heap        ] GC(364) PSYoungGen: 19330K(232960K)->96K(232960K) Eden: 16834K(116736K)->0K(116736K) From: 2496K(116224K)->96K(116224K)
[134.004s][info][gc,heap        ] GC(364) ParOldGen: 488165K(699392K)->488189K(699392K)
[134.004s][info][gc,metaspace   ] GC(364) Metaspace: 16644K(17280K)->16644K(17280K) NonClass: 14222K(14592K)->14222K(14592K) Class: 2422K(2688K)->2422K(2688K)
[134.004s][info][gc             ] GC(364) Pause Young (System.gc()) 495M->476M(910M) 1.419ms
[134.004s][info][gc,cpu         ] GC(364) User=0.00s Sys=0.00s Real=0.00s
[134.004s][info][gc,start       ] GC(365) Pause Full (System.gc())
[134.004s][info][gc,phases,start] GC(365) Marking Phase
[134.017s][info][gc,phases      ] GC(365) Marking Phase 13.015ms
[134.017s][info][gc,phases,start] GC(365) Summary Phase
[134.017s][info][gc,phases      ] GC(365) Summary Phase 0.016ms
[134.017s][info][gc,phases,start] GC(365) Adjust Roots
[134.022s][info][gc,phases      ] GC(365) Adjust Roots 4.462ms
[134.022s][info][gc,phases,start] GC(365) Compaction Phase
[134.028s][info][gc,phases      ] GC(365) Compaction Phase 5.666ms
[134.028s][info][gc,phases,start] GC(365) Post Compact
[134.031s][info][gc,phases      ] GC(365) Post Compact 3.159ms
[134.031s][info][gc,heap        ] GC(365) PSYoungGen: 96K(232960K)->0K(232960K) Eden: 0K(116736K)->0K(116736K) From: 96K(116224K)->0K(116224K)
[134.031s][info][gc,heap        ] GC(365) ParOldGen: 488189K(699392K)->16930K(699392K)
[134.031s][info][gc,metaspace   ] GC(365) Metaspace: 16644K(17280K)->16644K(17280K) NonClass: 14222K(14592K)->14222K(14592K) Class: 2422K(2688K)->2422K(2688K)
[134.031s][info][gc             ] GC(365) Pause Full (System.gc()) 476M->16M(910M) 26.669ms
[134.031s][info][gc,cpu         ] GC(365) User=0.55s Sys=0.09s Real=0.03s
[136.287s][info][gc,start       ] GC(366) Pause Young (Allocation Failure)
[136.288s][info][gc,heap        ] GC(366) PSYoungGen: 116736K(232960K)->1792K(232960K) Eden: 116736K(116736K)->0K(116736K) From: 0K(116224K)->1792K(116224K)
[136.288s][info][gc,heap        ] GC(366) ParOldGen: 16930K(699392K)->16930K(699392K)
[136.288s][info][gc,metaspace   ] GC(366) Metaspace: 16645K(17280K)->16645K(17280K) NonClass: 14223K(14592K)->14223K(14592K) Class: 2422K(2688K)->2422K(2688K)
[136.288s][info][gc             ] GC(366) Pause Young (Allocation Failure) 130M->18M(910M) 1.456ms
[136.288s][info][gc,cpu         ] GC(366) User=0.00s Sys=0.00s Real=0.00s
[136.304s][info][gc,start       ] GC(367) Pause Young (Allocation Failure)
[136.305s][info][gc,heap        ] GC(367) PSYoungGen: 118528K(232960K)->1312K(232960K) Eden: 116736K(116736K)->0K(116736K) From: 1792K(116224K)->1312K(116224K)
[136.305s][info][gc,heap        ] GC(367) ParOldGen: 16930K(699392K)->17570K(699392K)
[136.305s][info][gc,metaspace   ] GC(367) Metaspace: 16645K(17280K)->16645K(17280K) NonClass: 14223K(14592K)->14223K(14592K) Class: 2422K(2688K)->2422K(2688K)
[136.305s][info][gc             ] GC(367) Pause Young (Allocation Failure) 132M->18M(910M) 0.847ms
[136.305s][info][gc,cpu         ] GC(367) User=0.33s Sys=0.00s Real=0.02s
[136.317s][info][gc,start       ] GC(368) Pause Young (Allocation Failure)
[136.318s][info][gc,heap        ] GC(368) PSYoungGen: 118048K(232960K)->1408K(232960K) Eden: 116736K(116736K)->0K(116736K) From: 1312K(116224K)->1408K(116224K)
[136.318s][info][gc,heap        ] GC(368) ParOldGen: 17570K(699392K)->17738K(699392K)
[136.318s][info][gc,metaspace   ] GC(368) Metaspace: 16645K(17280K)->16645K(17280K) NonClass: 14223K(14592K)->14223K(14592K) Class: 2422K(2688K)->2422K(2688K)
[136.318s][info][gc             ] GC(368) Pause Young (Allocation Failure) 132M->18M(910M) 0.613ms
[136.318s][info][gc,cpu         ] GC(368) User=0.00s Sys=0.00s Real=0.00s
[136.330s][info][gc,start       ] GC(369) Pause Young (Allocation Failure)
[136.331s][info][gc,heap        ] GC(369) PSYoungGen: 118144K(232960K)->1408K(118272K) Eden: 116736K(116736K)->0K(116736K) From: 1408K(116224K)->1408K(1536K)
[136.331s][info][gc,heap        ] GC(369) ParOldGen: 17738K(699392K)->17906K(699392K)
[136.331s][info][gc,metaspace   ] GC(369) Metaspace: 16645K(17280K)->16645K(17280K) NonClass: 14223K(14592K)->14223K(14592K) Class: 2422K(2688K)->2422K(2688K)
[136.331s][info][gc             ] GC(369) Pause Young (Allocation Failure) 132M->18M(798M) 1.611ms
[136.331s][info][gc,cpu         ] GC(369) User=0.00s Sys=0.00s Real=0.00s
[136.343s][info][gc,start       ] GC(370) Pause Young (Allocation Failure)
[136.343s][info][gc,heap        ] GC(370) PSYoungGen: 118144K(118272K)->1408K(233472K) Eden: 116736K(116736K)->0K(122368K) From: 1408K(1536K)->1408K(111104K)
[136.343s][info][gc,heap        ] GC(370) ParOldGen: 17906K(699392K)->18082K(699392K)
[136.343s][info][gc,metaspace   ] GC(370) Metaspace: 16645K(17280K)->16645K(17280K) NonClass: 14223K(14592K)->14223K(14592K) Class: 2422K(2688K)->2422K(2688K)
[136.344s][info][gc             ] GC(370) Pause Young (Allocation Failure) 132M->19M(911M) 0.646ms
[136.344s][info][gc,cpu         ] GC(370) User=0.00s Sys=0.00s Real=0.00s
[136.355s][info][gc,start       ] GC(371) Pause Young (Allocation Failure)
[136.356s][info][gc,heap        ] GC(371) PSYoungGen: 123776K(233472K)->1376K(227840K) Eden: 122368K(122368K)->0K(122368K) From: 1408K(111104K)->1376K(105472K)
[136.356s][info][gc,heap        ] GC(371) ParOldGen: 18082K(699392K)->18330K(699392K)
[136.356s][info][gc,metaspace   ] GC(371) Metaspace: 16645K(17280K)->16645K(17280K) NonClass: 14223K(14592K)->14223K(14592K) Class: 2422K(2688K)->2422K(2688K)
[136.356s][info][gc             ] GC(371) Pause Young (Allocation Failure) 138M->19M(905M) 0.927ms
[136.356s][info][gc,cpu         ] GC(371) User=0.00s Sys=0.00s Real=0.00s
[136.368s][info][gc,start       ] GC(372) Pause Young (Allocation Failure)
[136.369s][info][gc,heap        ] GC(372) PSYoungGen: 123744K(227840K)->1440K(232960K) Eden: 122368K(122368K)->0K(138240K) From: 1376K(105472K)->1440K(94720K)
[136.369s][info][gc,heap        ] GC(372) ParOldGen: 18330K(699392K)->18514K(699392K)
[136.369s][info][gc,metaspace   ] GC(372) Metaspace: 16645K(17280K)->16645K(17280K) NonClass: 14223K(14592K)->14223K(14592K) Class: 2422K(2688K)->2422K(2688K)
[136.369s][info][gc             ] GC(372) Pause Young (Allocation Failure) 138M->19M(910M) 1.235ms
[136.369s][info][gc,cpu         ] GC(372) User=0.00s Sys=0.00s Real=0.00s
[136.383s][info][gc,start       ] GC(373) Pause Young (Allocation Failure)
[136.383s][info][gc,heap        ] GC(373) PSYoungGen: 139680K(232960K)->1408K(232960K) Eden: 138240K(138240K)->0K(138240K) From: 1440K(94720K)->1408K(94720K)
[136.383s][info][gc,heap        ] GC(373) ParOldGen: 18514K(699392K)->18754K(699392K)
[136.383s][info][gc,metaspace   ] GC(373) Metaspace: 16645K(17280K)->16645K(17280K) NonClass: 14223K(14592K)->14223K(14592K) Class: 2422K(2688K)->2422K(2688K)
[136.383s][info][gc             ] GC(373) Pause Young (Allocation Failure) 154M->19M(910M) 0.672ms
[136.383s][info][gc,cpu         ] GC(373) User=0.00s Sys=0.00s Real=0.00s
[136.397s][info][gc,start       ] GC(374) Pause Young (Allocation Failure)
[136.398s][info][gc,heap        ] GC(374) PSYoungGen: 139648K(232960K)->1408K(235008K) Eden: 138240K(138240K)->0K(155648K) From: 1408K(94720K)->1408K(79360K)
[136.398s][info][gc,heap        ] GC(374) ParOldGen: 18754K(699392K)->18930K(699392K)
[136.398s][info][gc,metaspace   ] GC(374) Metaspace: 16645K(17280K)->16645K(17280K) NonClass: 14223K(14592K)->14223K(14592K) Class: 2422K(2688K)->2422K(2688K)
[136.398s][info][gc             ] GC(374) Pause Young (Allocation Failure) 154M->19M(912M) 1.016ms
[136.398s][info][gc,cpu         ] GC(374) User=0.00s Sys=0.00s Real=0.00s
[136.413s][info][gc,start       ] GC(375) Pause Young (Allocation Failure)
[136.414s][info][gc,heap        ] GC(375) PSYoungGen: 157056K(235008K)->1440K(240128K) Eden: 155648K(155648K)->0K(155648K) From: 1408K(79360K)->1440K(84480K)
[136.414s][info][gc,heap        ] GC(375) ParOldGen: 18930K(699392K)->19138K(699392K)
[136.414s][info][gc,metaspace   ] GC(375) Metaspace: 16645K(17280K)->16645K(17280K) NonClass: 14223K(14592K)->14223K(14592K) Class: 2422K(2688K)->2422K(2688K)
[136.414s][info][gc             ] GC(375) Pause Young (Allocation Failure) 171M->20M(917M) 0.707ms
[136.414s][info][gc,cpu         ] GC(375) User=0.00s Sys=0.00s Real=0.00s
[136.429s][info][gc,start       ] GC(376) Pause Young (Allocation Failure)
[136.429s][info][gc,heap        ] GC(376) PSYoungGen: 157088K(240128K)->1440K(244224K) Eden: 155648K(155648K)->0K(174592K) From: 1440K(84480K)->1440K(69632K)
[136.430s][info][gc,heap        ] GC(376) ParOldGen: 19138K(699392K)->19306K(699392K)
[136.430s][info][gc,metaspace   ] GC(376) Metaspace: 16645K(17280K)->16645K(17280K) NonClass: 14223K(14592K)->14223K(14592K) Class: 2422K(2688K)->2422K(2688K)
[136.430s][info][gc             ] GC(376) Pause Young (Allocation Failure) 172M->20M(921M) 0.771ms
[136.430s][info][gc,cpu         ] GC(376) User=0.00s Sys=0.00s Real=0.00s
[136.446s][info][gc,start       ] GC(377) Pause Young (Allocation Failure)
[136.447s][info][gc,heap        ] GC(377) PSYoungGen: 176032K(244224K)->1472K(249344K) Eden: 174592K(174592K)->0K(174592K) From: 1440K(69632K)->1472K(74752K)
[136.447s][info][gc,heap        ] GC(377) ParOldGen: 19306K(699392K)->19554K(699392K)
[136.447s][info][gc,metaspace   ] GC(377) Metaspace: 16645K(17280K)->16645K(17280K) NonClass: 14223K(14592K)->14223K(14592K) Class: 2422K(2688K)->2422K(2688K)
[136.447s][info][gc             ] GC(377) Pause Young (Allocation Failure) 190M->20M(926M) 0.725ms
[136.447s][info][gc,cpu         ] GC(377) User=0.00s Sys=0.00s Real=0.00s
[136.464s][info][gc,start       ] GC(378) Pause Young (Allocation Failure)
[136.465s][info][gc,heap        ] GC(378) PSYoungGen: 176064K(249344K)->1472K(256000K) Eden: 174592K(174592K)->0K(195584K) From: 1472K(74752K)->1472K(60416K)
[136.465s][info][gc,heap        ] GC(378) ParOldGen: 19554K(699392K)->19738K(699392K)
[136.465s][info][gc,metaspace   ] GC(378) Metaspace: 16645K(17280K)->16645K(17280K) NonClass: 14223K(14592K)->14223K(14592K) Class: 2422K(2688K)->2422K(2688K)
[136.465s][info][gc             ] GC(378) Pause Young (Allocation Failure) 191M->20M(933M) 0.689ms
[136.465s][info][gc,cpu         ] GC(378) User=0.00s Sys=0.00s Real=0.00s
[136.484s][info][gc,start       ] GC(379) Pause Young (Allocation Failure)
[136.485s][info][gc,heap        ] GC(379) PSYoungGen: 197056K(256000K)->1440K(261120K) Eden: 195584K(195584K)->0K(195584K) From: 1472K(60416K)->1440K(65536K)
[136.485s][info][gc,heap        ] GC(379) ParOldGen: 19738K(699392K)->19922K(699392K)
[136.485s][info][gc,metaspace   ] GC(379) Metaspace: 16645K(17280K)->16645K(17280K) NonClass: 14223K(14592K)->14223K(14592K) Class: 2422K(2688K)->2422K(2688K)
[136.485s][info][gc             ] GC(379) Pause Young (Allocation Failure) 211M->20M(938M) 0.716ms
[136.485s][info][gc,cpu         ] GC(379) User=0.00s Sys=0.00s Real=0.00s
[136.504s][info][gc,start       ] GC(380) Pause Young (Allocation Failure)
[136.505s][info][gc,heap        ] GC(380) PSYoungGen: 197024K(261120K)->1472K(269824K) Eden: 195584K(195584K)->0K(217600K) From: 1440K(65536K)->1472K(52224K)
[136.505s][info][gc,heap        ] GC(380) ParOldGen: 19922K(699392K)->20090K(699392K)
[136.505s][info][gc,metaspace   ] GC(380) Metaspace: 16645K(17280K)->16645K(17280K) NonClass: 14223K(14592K)->14223K(14592K) Class: 2422K(2688K)->2422K(2688K)
[136.505s][info][gc             ] GC(380) Pause Young (Allocation Failure) 211M->21M(946M) 0.659ms
[136.505s][info][gc,cpu         ] GC(380) User=0.00s Sys=0.00s Real=0.00s
[136.527s][info][gc,start       ] GC(381) Pause Young (Allocation Failure)
[136.528s][info][gc,heap        ] GC(381) PSYoungGen: 219072K(269824K)->1472K(274944K) Eden: 217600K(217600K)->0K(217600K) From: 1472K(52224K)->1472K(57344K)
[136.528s][info][gc,heap        ] GC(381) ParOldGen: 20090K(699392K)->20298K(699392K)
[136.528s][info][gc,metaspace   ] GC(381) Metaspace: 16645K(17280K)->16645K(17280K) NonClass: 14223K(14592K)->14223K(14592K) Class: 2422K(2688K)->2422K(2688K)
[136.528s][info][gc             ] GC(381) Pause Young (Allocation Failure) 233M->21M(951M) 0.718ms
[136.528s][info][gc,cpu         ] GC(381) User=0.00s Sys=0.00s Real=0.00s
[136.549s][info][gc,start       ] GC(382) Pause Young (Allocation Failure)
[136.550s][info][gc,heap        ] GC(382) PSYoungGen: 219072K(274944K)->1440K(283136K) Eden: 217600K(217600K)->0K(238080K) From: 1472K(57344K)->1440K(45056K)
[136.550s][info][gc,heap        ] GC(382) ParOldGen: 20298K(699392K)->20474K(699392K)
[136.550s][info][gc,metaspace   ] GC(382) Metaspace: 16645K(17280K)->16645K(17280K) NonClass: 14223K(14592K)->14223K(14592K) Class: 2422K(2688K)->2422K(2688K)
[136.550s][info][gc             ] GC(382) Pause Young (Allocation Failure) 233M->21M(959M) 0.699ms
[136.550s][info][gc,cpu         ] GC(382) User=0.00s Sys=0.00s Real=0.00s
[136.574s][info][gc,start       ] GC(383) Pause Young (Allocation Failure)
[136.574s][info][gc,heap        ] GC(383) PSYoungGen: 239520K(283136K)->1472K(288256K) Eden: 238080K(238080K)->0K(238080K) From: 1440K(45056K)->1472K(50176K)
[136.574s][info][gc,heap        ] GC(383) ParOldGen: 20474K(699392K)->20634K(699392K)
[136.574s][info][gc,metaspace   ] GC(383) Metaspace: 16645K(17280K)->16645K(17280K) NonClass: 14223K(14592K)->14223K(14592K) Class: 2422K(2688K)->2422K(2688K)
[136.575s][info][gc             ] GC(383) Pause Young (Allocation Failure) 253M->21M(964M) 0.718ms
[136.575s][info][gc,cpu         ] GC(383) User=0.00s Sys=0.00s Real=0.00s
[136.598s][info][gc,start       ] GC(384) Pause Young (Allocation Failure)
[136.599s][info][gc,heap        ] GC(384) PSYoungGen: 239552K(288256K)->1472K(291328K) Eden: 238080K(238080K)->0K(252416K) From: 1472K(50176K)->1472K(38912K)
[136.599s][info][gc,heap        ] GC(384) ParOldGen: 20634K(699392K)->20786K(699392K)
[136.599s][info][gc,metaspace   ] GC(384) Metaspace: 16645K(17280K)->16645K(17280K) NonClass: 14223K(14592K)->14223K(14592K) Class: 2422K(2688K)->2422K(2688K)
[136.599s][info][gc             ] GC(384) Pause Young (Allocation Failure) 254M->21M(967M) 0.682ms
[136.599s][info][gc,cpu         ] GC(384) User=0.00s Sys=0.00s Real=0.00s
[136.625s][info][gc,start       ] GC(385) Pause Young (Allocation Failure)
[136.626s][info][gc,heap        ] GC(385) PSYoungGen: 253888K(291328K)->1184K(295936K) Eden: 252416K(252416K)->0K(252416K) From: 1472K(38912K)->1184K(43520K)
[136.626s][info][gc,heap        ] GC(385) ParOldGen: 20786K(699392K)->20906K(699392K)
[136.626s][info][gc,metaspace   ] GC(385) Metaspace: 16645K(17280K)->16645K(17280K) NonClass: 14223K(14592K)->14223K(14592K) Class: 2422K(2688K)->2422K(2688K)
[136.626s][info][gc             ] GC(385) Pause Young (Allocation Failure) 268M->21M(972M) 0.635ms
[136.626s][info][gc,cpu         ] GC(385) User=0.00s Sys=0.00s Real=0.00s
[136.855s][info][gc,start       ] GC(386) Pause Young (Allocation Failure)
[136.917s][info][gc,heap        ] GC(386) PSYoungGen: 253600K(295936K)->40445K(192000K) Eden: 252416K(252416K)->0K(151552K) From: 1184K(43520K)->40445K(40448K)
[136.917s][info][gc,heap        ] GC(386) ParOldGen: 20906K(699392K)->153426K(699392K)
[136.917s][info][gc,metaspace   ] GC(386) Metaspace: 16645K(17280K)->16645K(17280K) NonClass: 14223K(14592K)->14223K(14592K) Class: 2422K(2688K)->2422K(2688K)
[136.917s][info][gc             ] GC(386) Pause Young (Allocation Failure) 268M->189M(870M) 62.366ms
[136.917s][info][gc,cpu         ] GC(386) User=1.31s Sys=0.13s Real=0.06s
[137.074s][info][gc,start       ] GC(387) Pause Young (Allocation Failure)
[137.112s][info][gc,heap        ] GC(387) PSYoungGen: 191997K(192000K)->98816K(250368K) Eden: 151552K(151552K)->0K(151552K) From: 40445K(40448K)->98816K(98816K)
[137.112s][info][gc,heap        ] GC(387) ParOldGen: 153426K(699392K)->192270K(699392K)
[137.112s][info][gc,metaspace   ] GC(387) Metaspace: 16645K(17280K)->16645K(17280K) NonClass: 14223K(14592K)->14223K(14592K) Class: 2422K(2688K)->2422K(2688K)
[137.112s][info][gc             ] GC(387) Pause Young (Allocation Failure) 337M->284M(927M) 37.797ms
[137.112s][info][gc,cpu         ] GC(387) User=0.98s Sys=0.00s Real=0.05s
[137.272s][info][gc,start       ] GC(388) Pause Young (Allocation Failure)
[137.322s][info][gc,heap        ] GC(388) PSYoungGen: 250368K(250368K)->98816K(215552K) Eden: 151552K(151552K)->0K(116736K) From: 98816K(98816K)->98816K(98816K)
[137.322s][info][gc,heap        ] GC(388) ParOldGen: 192270K(699392K)->290758K(699392K)
[137.322s][info][gc,metaspace   ] GC(388) Metaspace: 16645K(17280K)->16645K(17280K) NonClass: 14223K(14592K)->14223K(14592K) Class: 2422K(2688K)->2422K(2688K)
[137.322s][info][gc             ] GC(388) Pause Young (Allocation Failure) 432M->380M(893M) 49.758ms
[137.322s][info][gc,cpu         ] GC(388) User=1.03s Sys=0.00s Real=0.05s
[137.446s][info][gc,start       ] GC(389) Pause Young (Allocation Failure)
[137.496s][info][gc,heap        ] GC(389) PSYoungGen: 215552K(215552K)->77248K(232960K) Eden: 116736K(116736K)->0K(116736K) From: 98816K(98816K)->77248K(116224K)
[137.496s][info][gc,heap        ] GC(389) ParOldGen: 290758K(699392K)->388462K(699392K)
[137.496s][info][gc,metaspace   ] GC(389) Metaspace: 16645K(17280K)->16645K(17280K) NonClass: 14223K(14592K)->14223K(14592K) Class: 2422K(2688K)->2422K(2688K)
[137.496s][info][gc             ] GC(389) Pause Young (Allocation Failure) 494M->454M(910M) 50.445ms
[137.496s][info][gc,cpu         ] GC(389) User=0.98s Sys=0.00s Real=0.05s
[138.055s][info][gc,start       ] GC(390) Pause Young (Allocation Failure)
[138.099s][info][gc,heap        ] GC(390) PSYoungGen: 193984K(232960K)->18496K(232960K) Eden: 116736K(116736K)->0K(116736K) From: 77248K(116224K)->18496K(116224K)
[138.099s][info][gc,heap        ] GC(390) ParOldGen: 388462K(699392K)->458366K(699392K)
[138.099s][info][gc,metaspace   ] GC(390) Metaspace: 16645K(17280K)->16645K(17280K) NonClass: 14223K(14592K)->14223K(14592K) Class: 2422K(2688K)->2422K(2688K)
[138.099s][info][gc             ] GC(390) Pause Young (Allocation Failure) 568M->465M(910M) 44.087ms
[138.099s][info][gc,cpu         ] GC(390) User=0.98s Sys=0.00s Real=0.05s
[146.455s][info][gc,start       ] GC(391) Pause Young (Allocation Failure)
[146.478s][info][gc,heap        ] GC(391) PSYoungGen: 135232K(232960K)->36960K(232960K) Eden: 116736K(116736K)->0K(116736K) From: 18496K(116224K)->36960K(116224K)
[146.478s][info][gc,heap        ] GC(391) ParOldGen: 458366K(699392K)->476526K(699392K)
[146.478s][info][gc,metaspace   ] GC(391) Metaspace: 16646K(17280K)->16646K(17280K) NonClass: 14224K(14592K)->14224K(14592K) Class: 2422K(2688K)->2422K(2688K)
[146.478s][info][gc             ] GC(391) Pause Young (Allocation Failure) 579M->501M(910M) 23.833ms
[146.478s][info][gc,cpu         ] GC(391) User=0.66s Sys=0.00s Real=0.03s
[146.567s][info][gc,start       ] GC(392) Pause Young (Allocation Failure)
[146.594s][info][gc,heap        ] GC(392) PSYoungGen: 153696K(232960K)->48960K(232960K) Eden: 116736K(116736K)->0K(116736K) From: 36960K(116224K)->48960K(116224K)
[146.594s][info][gc,heap        ] GC(392) ParOldGen: 476526K(699392K)->512326K(699392K)
[146.594s][info][gc,metaspace   ] GC(392) Metaspace: 16646K(17280K)->16646K(17280K) NonClass: 14224K(14592K)->14224K(14592K) Class: 2422K(2688K)->2422K(2688K)
[146.594s][info][gc             ] GC(392) Pause Young (Allocation Failure) 615M->548M(910M) 26.617ms
[146.594s][info][gc,cpu         ] GC(392) User=0.66s Sys=0.00s Real=0.03s
[146.687s][info][gc,start       ] GC(393) Pause Young (Allocation Failure)
[146.717s][info][gc,heap        ] GC(393) PSYoungGen: 165696K(232960K)->48832K(232960K) Eden: 116736K(116736K)->0K(116736K) From: 48960K(116224K)->48832K(116224K)
[146.717s][info][gc,heap        ] GC(393) ParOldGen: 512326K(699392K)->559326K(699392K)
[146.717s][info][gc,metaspace   ] GC(393) Metaspace: 16646K(17280K)->16646K(17280K) NonClass: 14224K(14592K)->14224K(14592K) Class: 2422K(2688K)->2422K(2688K)
[146.717s][info][gc             ] GC(393) Pause Young (Allocation Failure) 662M->593M(910M) 29.886ms
[146.717s][info][gc,cpu         ] GC(393) User=0.66s Sys=0.00s Real=0.03s
[146.812s][info][gc,start       ] GC(394) Pause Young (Allocation Failure)
[146.844s][info][gc,heap        ] GC(394) PSYoungGen: 165568K(232960K)->48992K(232960K) Eden: 116736K(116736K)->0K(116736K) From: 48832K(116224K)->48992K(116224K)
[146.844s][info][gc,heap        ] GC(394) ParOldGen: 559326K(699392K)->606022K(699392K)
[146.844s][info][gc,metaspace   ] GC(394) Metaspace: 16646K(17280K)->16646K(17280K) NonClass: 14224K(14592K)->14224K(14592K) Class: 2422K(2688K)->2422K(2688K)
[146.844s][info][gc             ] GC(394) Pause Young (Allocation Failure) 707M->639M(910M) 31.991ms
[146.844s][info][gc,cpu         ] GC(394) User=0.66s Sys=0.00s Real=0.03s
[146.844s][info][gc,start       ] GC(395) Pause Full (Ergonomics)
[146.844s][info][gc,phases,start] GC(395) Marking Phase
[146.885s][info][gc,phases      ] GC(395) Marking Phase 40.736ms
[146.885s][info][gc,phases,start] GC(395) Summary Phase
[146.885s][info][gc,phases      ] GC(395) Summary Phase 0.025ms
[146.885s][info][gc,phases,start] GC(395) Adjust Roots
[146.887s][info][gc,phases      ] GC(395) Adjust Roots 1.945ms
[146.887s][info][gc,phases,start] GC(395) Compaction Phase
[146.954s][info][gc,phases      ] GC(395) Compaction Phase 66.718ms
[146.954s][info][gc,phases,start] GC(395) Post Compact
[146.957s][info][gc,phases      ] GC(395) Post Compact 2.987ms
[146.957s][info][gc,heap        ] GC(395) PSYoungGen: 48992K(232960K)->0K(232960K) Eden: 0K(116736K)->0K(116736K) From: 48992K(116224K)->0K(116224K)
[146.957s][info][gc,heap        ] GC(395) ParOldGen: 606022K(699392K)->194478K(699392K)
[146.957s][info][gc,metaspace   ] GC(395) Metaspace: 16646K(17280K)->16646K(17280K) NonClass: 14224K(14592K)->14224K(14592K) Class: 2422K(2688K)->2422K(2688K)
[146.957s][info][gc             ] GC(395) Pause Full (Ergonomics) 639M->189M(910M) 112.660ms
[146.957s][info][gc,cpu         ] GC(395) User=1.98s Sys=0.00s Real=0.11s
[147.055s][info][gc,start       ] GC(396) Pause Young (Allocation Failure)
[147.072s][info][gc,heap        ] GC(396) PSYoungGen: 116736K(232960K)->49120K(232960K) Eden: 116736K(116736K)->0K(116736K) From: 0K(116224K)->49120K(116224K)
[147.072s][info][gc,heap        ] GC(396) ParOldGen: 194478K(699392K)->194478K(699392K)
[147.072s][info][gc,metaspace   ] GC(396) Metaspace: 16646K(17280K)->16646K(17280K) NonClass: 14224K(14592K)->14224K(14592K) Class: 2422K(2688K)->2422K(2688K)
[147.073s][info][gc             ] GC(396) Pause Young (Allocation Failure) 303M->237M(910M) 17.263ms
[147.073s][info][gc,cpu         ] GC(396) User=0.33s Sys=0.00s Real=0.02s
[147.168s][info][gc,start       ] GC(397) Pause Young (Allocation Failure)
[147.199s][info][gc,heap        ] GC(397) PSYoungGen: 165856K(232960K)->49120K(232960K) Eden: 116736K(116736K)->0K(116736K) From: 49120K(116224K)->49120K(116224K)
[147.199s][info][gc,heap        ] GC(397) ParOldGen: 194478K(699392K)->240950K(699392K)
[147.199s][info][gc,metaspace   ] GC(397) Metaspace: 16646K(17280K)->16646K(17280K) NonClass: 14224K(14592K)->14224K(14592K) Class: 2422K(2688K)->2422K(2688K)
[147.199s][info][gc             ] GC(397) Pause Young (Allocation Failure) 351M->283M(910M) 31.416ms
[147.199s][info][gc,cpu         ] GC(397) User=0.66s Sys=0.00s Real=0.03s
[147.297s][info][gc,start       ] GC(398) Pause Young (Allocation Failure)
[147.330s][info][gc,heap        ] GC(398) PSYoungGen: 165856K(232960K)->49312K(222720K) Eden: 116736K(116736K)->0K(116736K) From: 49120K(116224K)->49312K(105984K)
[147.330s][info][gc,heap        ] GC(398) ParOldGen: 240950K(699392K)->287342K(699392K)
[147.330s][info][gc,metaspace   ] GC(398) Metaspace: 16646K(17280K)->16646K(17280K) NonClass: 14224K(14592K)->14224K(14592K) Class: 2422K(2688K)->2422K(2688K)
[147.330s][info][gc             ] GC(398) Pause Young (Allocation Failure) 397M->328M(900M) 33.360ms
[147.330s][info][gc,cpu         ] GC(398) User=0.66s Sys=0.00s Real=0.03s
[147.427s][info][gc,start       ] GC(399) Pause Young (Allocation Failure)
[147.459s][info][gc,heap        ] GC(399) PSYoungGen: 166048K(222720K)->49344K(227840K) Eden: 116736K(116736K)->0K(116736K) From: 49312K(105984K)->49344K(111104K)
[147.459s][info][gc,heap        ] GC(399) ParOldGen: 287342K(699392K)->333678K(699392K)
[147.459s][info][gc,metaspace   ] GC(399) Metaspace: 16646K(17280K)->16646K(17280K) NonClass: 14224K(14592K)->14224K(14592K) Class: 2422K(2688K)->2422K(2688K)
[147.459s][info][gc             ] GC(399) Pause Young (Allocation Failure) 442M->374M(905M) 31.599ms
[147.459s][info][gc,cpu         ] GC(399) User=0.66s Sys=0.00s Real=0.03s
[147.557s][info][gc,start       ] GC(400) Pause Young (Allocation Failure)
[147.590s][info][gc,heap        ] GC(400) PSYoungGen: 166080K(227840K)->49472K(227328K) Eden: 116736K(116736K)->0K(132608K) From: 49344K(111104K)->49472K(94720K)
[147.591s][info][gc,heap        ] GC(400) ParOldGen: 333678K(699392K)->379942K(699392K)
[147.591s][info][gc,metaspace   ] GC(400) Metaspace: 16646K(17280K)->16646K(17280K) NonClass: 14224K(14592K)->14224K(14592K) Class: 2422K(2688K)->2422K(2688K)
[147.591s][info][gc             ] GC(400) Pause Young (Allocation Failure) 488M->419M(905M) 33.228ms
[147.591s][info][gc,cpu         ] GC(400) User=0.66s Sys=0.00s Real=0.03s
[148.126s][info][gc,start       ] GC(401) Pause Young (Allocation Failure)
[148.184s][info][gc,heap        ] GC(401) PSYoungGen: 182080K(227328K)->99827K(232448K) Eden: 132608K(132608K)->0K(132608K) From: 49472K(94720K)->99827K(99840K)
[148.184s][info][gc,heap        ] GC(401) ParOldGen: 379942K(699392K)->448574K(699392K)
[148.184s][info][gc,metaspace   ] GC(401) Metaspace: 16646K(17280K)->16646K(17280K) NonClass: 14224K(14592K)->14224K(14592K) Class: 2422K(2688K)->2422K(2688K)
[148.184s][info][gc             ] GC(401) Pause Young (Allocation Failure) 548M->535M(910M) 58.773ms
[148.184s][info][gc,cpu         ] GC(401) User=1.31s Sys=0.00s Real=0.06s
[148.392s][info][gc,start       ] GC(402) Pause Young (Allocation Failure)
[148.434s][info][gc,heap        ] GC(402) PSYoungGen: 232435K(232448K)->4032K(232960K) Eden: 132608K(132608K)->0K(116736K) From: 99827K(99840K)->4032K(116224K)
[148.434s][info][gc,heap        ] GC(402) ParOldGen: 448574K(699392K)->483705K(699392K)
[148.434s][info][gc,metaspace   ] GC(402) Metaspace: 16646K(17280K)->16646K(17280K) NonClass: 14224K(14592K)->14224K(14592K) Class: 2422K(2688K)->2422K(2688K)
[148.434s][info][gc             ] GC(402) Pause Young (Allocation Failure) 665M->476M(910M) 41.565ms
[148.434s][info][gc,cpu         ] GC(402) User=0.98s Sys=0.00s Real=0.05s
[148.604s][info][gc,start       ] GC(403) Pause Young (Allocation Failure)
[148.607s][info][gc,heap        ] GC(403) PSYoungGen: 120768K(232960K)->3680K(232960K) Eden: 116736K(116736K)->0K(116736K) From: 4032K(116224K)->3680K(116224K)
[148.607s][info][gc,heap        ] GC(403) ParOldGen: 483705K(699392K)->484249K(699392K)
[148.607s][info][gc,metaspace   ] GC(403) Metaspace: 16646K(17280K)->16646K(17280K) NonClass: 14224K(14592K)->14224K(14592K) Class: 2422K(2688K)->2422K(2688K)
[148.607s][info][gc             ] GC(403) Pause Young (Allocation Failure) 590M->476M(910M) 2.784ms
[148.607s][info][gc,cpu         ] GC(403) User=0.00s Sys=0.00s Real=0.00s
[148.769s][info][gc,start       ] GC(404) Pause Young (Allocation Failure)
[148.771s][info][gc,heap        ] GC(404) PSYoungGen: 120416K(232960K)->3008K(232960K) Eden: 116736K(116736K)->0K(116736K) From: 3680K(116224K)->3008K(116224K)
[148.771s][info][gc,heap        ] GC(404) ParOldGen: 484249K(699392K)->484449K(699392K)
[148.771s][info][gc,metaspace   ] GC(404) Metaspace: 16646K(17280K)->16646K(17280K) NonClass: 14224K(14592K)->14224K(14592K) Class: 2422K(2688K)->2422K(2688K)
[148.771s][info][gc             ] GC(404) Pause Young (Allocation Failure) 590M->476M(910M) 2.329ms
[148.771s][info][gc,cpu         ] GC(404) User=0.00s Sys=0.00s Real=0.00s
[148.944s][info][gc,start       ] GC(405) Pause Young (Allocation Failure)
[148.946s][info][gc,heap        ] GC(405) PSYoungGen: 119744K(232960K)->1984K(232960K) Eden: 116736K(116736K)->0K(116736K) From: 3008K(116224K)->1984K(116224K)
[148.946s][info][gc,heap        ] GC(405) ParOldGen: 484449K(699392K)->484617K(699392K)
[148.946s][info][gc,metaspace   ] GC(405) Metaspace: 16646K(17280K)->16646K(17280K) NonClass: 14224K(14592K)->14224K(14592K) Class: 2422K(2688K)->2422K(2688K)
[148.946s][info][gc             ] GC(405) Pause Young (Allocation Failure) 590M->475M(910M) 2.060ms
[148.946s][info][gc,cpu         ] GC(405) User=0.00s Sys=0.00s Real=0.00s
[150.047s][info][gc,start       ] GC(406) Pause Young (Allocation Failure)
[150.049s][info][gc,heap        ] GC(406) PSYoungGen: 118720K(232960K)->2528K(232960K) Eden: 116736K(116736K)->0K(116736K) From: 1984K(116224K)->2528K(116224K)
[150.166s][info][gc,heap        ] GC(406) ParOldGen: 484617K(699392K)->484617K(699392K)
[150.166s][info][gc,metaspace   ] GC(406) Metaspace: 16646K(17280K)->16646K(17280K) NonClass: 14224K(14592K)->14224K(14592K) Class: 2422K(2688K)->2422K(2688K)
[150.166s][info][gc             ] GC(406) Pause Young (Allocation Failure) 589M->475M(910M) 118.992ms
[150.166s][info][gc,cpu         ] GC(406) User=0.00s Sys=0.00s Real=0.11s
[150.646s][info][gc,start       ] GC(407) Pause Young (System.gc())
[150.647s][info][gc,heap        ] GC(407) PSYoungGen: 33197K(232960K)->128K(232960K) Eden: 30669K(116736K)->0K(116736K) From: 2528K(116224K)->128K(116224K)
[150.647s][info][gc,heap        ] GC(407) ParOldGen: 484617K(699392K)->484649K(699392K)
[150.648s][info][gc,metaspace   ] GC(407) Metaspace: 16647K(17280K)->16647K(17280K) NonClass: 14224K(14592K)->14224K(14592K) Class: 2422K(2688K)->2422K(2688K)
[150.648s][info][gc             ] GC(407) Pause Young (System.gc()) 505M->473M(910M) 1.452ms
[150.648s][info][gc,cpu         ] GC(407) User=0.00s Sys=0.00s Real=0.00s
[150.648s][info][gc,start       ] GC(408) Pause Full (System.gc())
[150.648s][info][gc,phases,start] GC(408) Marking Phase
[150.663s][info][gc,phases      ] GC(408) Marking Phase 14.882ms
[150.663s][info][gc,phases,start] GC(408) Summary Phase
[150.663s][info][gc,phases      ] GC(408) Summary Phase 0.024ms
[150.663s][info][gc,phases,start] GC(408) Adjust Roots
[150.665s][info][gc,phases      ] GC(408) Adjust Roots 2.134ms
[150.665s][info][gc,phases,start] GC(408) Compaction Phase
[150.672s][info][gc,phases      ] GC(408) Compaction Phase 6.639ms
[150.672s][info][gc,phases,start] GC(408) Post Compact
[150.675s][info][gc,phases      ] GC(408) Post Compact 2.977ms
[150.675s][info][gc,heap        ] GC(408) PSYoungGen: 128K(232960K)->0K(232960K) Eden: 0K(116736K)->0K(116736K) From: 128K(116224K)->0K(116224K)
[150.675s][info][gc,heap        ] GC(408) ParOldGen: 484649K(699392K)->18604K(699392K)
[150.675s][info][gc,metaspace   ] GC(408) Metaspace: 16647K(17280K)->16647K(17280K) NonClass: 14224K(14592K)->14224K(14592K) Class: 2422K(2688K)->2422K(2688K)
[150.675s][info][gc             ] GC(408) Pause Full (System.gc()) 473M->18M(910M) 26.950ms
[150.675s][info][gc,cpu         ] GC(408) User=0.34s Sys=0.00s Real=0.03s
[153.627s][info][gc,start       ] GC(409) Pause Young (Allocation Failure)
[153.628s][info][gc,heap        ] GC(409) PSYoungGen: 116736K(232960K)->2016K(232960K) Eden: 116736K(116736K)->0K(116736K) From: 0K(116224K)->2016K(116224K)
[153.628s][info][gc,heap        ] GC(409) ParOldGen: 18604K(699392K)->18604K(699392K)
[153.628s][info][gc,metaspace   ] GC(409) Metaspace: 16653K(17344K)->16653K(17344K) NonClass: 14230K(14656K)->14230K(14656K) Class: 2422K(2688K)->2422K(2688K)
[153.628s][info][gc             ] GC(409) Pause Young (Allocation Failure) 132M->20M(910M) 1.484ms
[153.628s][info][gc,cpu         ] GC(409) User=0.00s Sys=0.00s Real=0.00s
[153.644s][info][gc,start       ] GC(410) Pause Young (Allocation Failure)
[153.645s][info][gc,heap        ] GC(410) PSYoungGen: 118752K(232960K)->1376K(232960K) Eden: 116736K(116736K)->0K(116736K) From: 2016K(116224K)->1376K(116224K)
[153.645s][info][gc,heap        ] GC(410) ParOldGen: 18604K(699392K)->19212K(699392K)
[153.645s][info][gc,metaspace   ] GC(410) Metaspace: 16653K(17344K)->16653K(17344K) NonClass: 14230K(14656K)->14230K(14656K) Class: 2422K(2688K)->2422K(2688K)
[153.645s][info][gc             ] GC(410) Pause Young (Allocation Failure) 134M->20M(910M) 0.867ms
[153.645s][info][gc,cpu         ] GC(410) User=0.00s Sys=0.00s Real=0.00s
[153.658s][info][gc,start       ] GC(411) Pause Young (Allocation Failure)
[153.658s][info][gc,heap        ] GC(411) PSYoungGen: 118112K(232960K)->1440K(232960K) Eden: 116736K(116736K)->0K(116736K) From: 1376K(116224K)->1440K(116224K)
[153.658s][info][gc,heap        ] GC(411) ParOldGen: 19212K(699392K)->19380K(699392K)
[153.658s][info][gc,metaspace   ] GC(411) Metaspace: 16653K(17344K)->16653K(17344K) NonClass: 14230K(14656K)->14230K(14656K) Class: 2422K(2688K)->2422K(2688K)
[153.658s][info][gc             ] GC(411) Pause Young (Allocation Failure) 134M->20M(910M) 0.636ms
[153.658s][info][gc,cpu         ] GC(411) User=0.00s Sys=0.00s Real=0.00s
[153.670s][info][gc,start       ] GC(412) Pause Young (Allocation Failure)
[153.671s][info][gc,heap        ] GC(412) PSYoungGen: 118176K(232960K)->1344K(118272K) Eden: 116736K(116736K)->0K(116736K) From: 1440K(116224K)->1344K(1536K)
[153.671s][info][gc,heap        ] GC(412) ParOldGen: 19380K(699392K)->19596K(699392K)
[153.671s][info][gc,metaspace   ] GC(412) Metaspace: 16653K(17344K)->16653K(17344K) NonClass: 14230K(14656K)->14230K(14656K) Class: 2422K(2688K)->2422K(2688K)
[153.671s][info][gc             ] GC(412) Pause Young (Allocation Failure) 134M->20M(798M) 1.565ms
[153.671s][info][gc,cpu         ] GC(412) User=0.00s Sys=0.00s Real=0.00s
[153.683s][info][gc,start       ] GC(413) Pause Young (Allocation Failure)
[153.683s][info][gc,heap        ] GC(413) PSYoungGen: 118080K(118272K)->1408K(233472K) Eden: 116736K(116736K)->0K(121856K) From: 1344K(1536K)->1408K(111616K)
[153.683s][info][gc,heap        ] GC(413) ParOldGen: 19596K(699392K)->19772K(699392K)
[153.683s][info][gc,metaspace   ] GC(413) Metaspace: 16653K(17344K)->16653K(17344K) NonClass: 14230K(14656K)->14230K(14656K) Class: 2422K(2688K)->2422K(2688K)
[153.683s][info][gc             ] GC(413) Pause Young (Allocation Failure) 134M->20M(911M) 0.659ms
[153.683s][info][gc,cpu         ] GC(413) User=0.00s Sys=0.00s Real=0.00s
[153.695s][info][gc,start       ] GC(414) Pause Young (Allocation Failure)
[153.696s][info][gc,heap        ] GC(414) PSYoungGen: 123264K(233472K)->1376K(228352K) Eden: 121856K(121856K)->0K(121856K) From: 1408K(111616K)->1376K(106496K)
[153.696s][info][gc,heap        ] GC(414) ParOldGen: 19772K(699392K)->19996K(699392K)
[153.696s][info][gc,metaspace   ] GC(414) Metaspace: 16653K(17344K)->16653K(17344K) NonClass: 14230K(14656K)->14230K(14656K) Class: 2422K(2688K)->2422K(2688K)
[153.696s][info][gc             ] GC(414) Pause Young (Allocation Failure) 139M->20M(906M) 0.668ms
[153.696s][info][gc,cpu         ] GC(414) User=0.00s Sys=0.00s Real=0.00s
[153.707s][info][gc,start       ] GC(415) Pause Young (Allocation Failure)
[153.708s][info][gc,heap        ] GC(415) PSYoungGen: 123232K(228352K)->1440K(234496K) Eden: 121856K(121856K)->0K(136192K) From: 1376K(106496K)->1440K(98304K)
[153.708s][info][gc,heap        ] GC(415) ParOldGen: 19996K(699392K)->20180K(699392K)
[153.708s][info][gc,metaspace   ] GC(415) Metaspace: 16653K(17344K)->16653K(17344K) NonClass: 14230K(14656K)->14230K(14656K) Class: 2422K(2688K)->2422K(2688K)
[153.708s][info][gc             ] GC(415) Pause Young (Allocation Failure) 139M->21M(912M) 0.857ms
[153.708s][info][gc,cpu         ] GC(415) User=0.00s Sys=0.00s Real=0.00s
[153.721s][info][gc,start       ] GC(416) Pause Young (Allocation Failure)
[153.722s][info][gc,heap        ] GC(416) PSYoungGen: 137632K(234496K)->1408K(231936K) Eden: 136192K(136192K)->0K(136192K) From: 1440K(98304K)->1408K(95744K)
[153.722s][info][gc,heap        ] GC(416) ParOldGen: 20180K(699392K)->20380K(699392K)
[153.722s][info][gc,metaspace   ] GC(416) Metaspace: 16653K(17344K)->16653K(17344K) NonClass: 14230K(14656K)->14230K(14656K) Class: 2422K(2688K)->2422K(2688K)
[153.722s][info][gc             ] GC(416) Pause Young (Allocation Failure) 154M->21M(909M) 0.663ms
[153.722s][info][gc,cpu         ] GC(416) User=0.00s Sys=0.00s Real=0.00s
[153.735s][info][gc,start       ] GC(417) Pause Young (Allocation Failure)
[153.736s][info][gc,heap        ] GC(417) PSYoungGen: 137600K(231936K)->1440K(234496K) Eden: 136192K(136192K)->0K(154624K) From: 1408K(95744K)->1440K(79872K)
[153.736s][info][gc,heap        ] GC(417) ParOldGen: 20380K(699392K)->20588K(699392K)
[153.736s][info][gc,metaspace   ] GC(417) Metaspace: 16653K(17344K)->16653K(17344K) NonClass: 14230K(14656K)->14230K(14656K) Class: 2422K(2688K)->2422K(2688K)
[153.736s][info][gc             ] GC(417) Pause Young (Allocation Failure) 154M->21M(912M) 1.151ms
[153.736s][info][gc,cpu         ] GC(417) User=0.00s Sys=0.00s Real=0.00s
[153.751s][info][gc,start       ] GC(418) Pause Young (Allocation Failure)
[153.752s][info][gc,heap        ] GC(418) PSYoungGen: 156064K(234496K)->1376K(240128K) Eden: 154624K(154624K)->0K(154624K) From: 1440K(79872K)->1376K(85504K)
[153.752s][info][gc,heap        ] GC(418) ParOldGen: 20588K(699392K)->20764K(699392K)
[153.752s][info][gc,metaspace   ] GC(418) Metaspace: 16653K(17344K)->16653K(17344K) NonClass: 14230K(14656K)->14230K(14656K) Class: 2422K(2688K)->2422K(2688K)
[153.752s][info][gc             ] GC(418) Pause Young (Allocation Failure) 172M->21M(917M) 0.629ms
[153.752s][info][gc,cpu         ] GC(418) User=0.00s Sys=0.00s Real=0.00s
[153.767s][info][gc,start       ] GC(419) Pause Young (Allocation Failure)
[153.767s][info][gc,heap        ] GC(419) PSYoungGen: 156000K(240128K)->1440K(245248K) Eden: 154624K(154624K)->0K(175104K) From: 1376K(85504K)->1440K(70144K)
[153.767s][info][gc,heap        ] GC(419) ParOldGen: 20764K(699392K)->20924K(699392K)
[153.767s][info][gc,metaspace   ] GC(419) Metaspace: 16653K(17344K)->16653K(17344K) NonClass: 14230K(14656K)->14230K(14656K) Class: 2422K(2688K)->2422K(2688K)
[153.767s][info][gc             ] GC(419) Pause Young (Allocation Failure) 172M->21M(922M) 0.645ms
[153.767s][info][gc,cpu         ] GC(419) User=0.00s Sys=0.00s Real=0.00s
[153.784s][info][gc,start       ] GC(420) Pause Young (Allocation Failure)
[153.785s][info][gc,heap        ] GC(420) PSYoungGen: 176544K(245248K)->1440K(250368K) Eden: 175104K(175104K)->0K(175104K) From: 1440K(70144K)->1440K(75264K)
[153.785s][info][gc,heap        ] GC(420) ParOldGen: 20924K(699392K)->21100K(699392K)
[153.785s][info][gc,metaspace   ] GC(420) Metaspace: 16653K(17344K)->16653K(17344K) NonClass: 14230K(14656K)->14230K(14656K) Class: 2422K(2688K)->2422K(2688K)
[153.785s][info][gc             ] GC(420) Pause Young (Allocation Failure) 192M->22M(927M) 0.645ms
[153.785s][info][gc,cpu         ] GC(420) User=0.00s Sys=0.00s Real=0.00s
[153.802s][info][gc,start       ] GC(421) Pause Young (Allocation Failure)
[153.803s][info][gc,heap        ] GC(421) PSYoungGen: 176544K(250368K)->1472K(258048K) Eden: 175104K(175104K)->0K(197120K) From: 1440K(75264K)->1472K(60928K)
[153.803s][info][gc,heap        ] GC(421) ParOldGen: 21100K(699392K)->21276K(699392K)
[153.803s][info][gc,metaspace   ] GC(421) Metaspace: 16653K(17344K)->16653K(17344K) NonClass: 14230K(14656K)->14230K(14656K) Class: 2422K(2688K)->2422K(2688K)
[153.803s][info][gc             ] GC(421) Pause Young (Allocation Failure) 193M->22M(935M) 0.667ms
[153.803s][info][gc,cpu         ] GC(421) User=0.00s Sys=0.00s Real=0.00s
[153.822s][info][gc,start       ] GC(422) Pause Young (Allocation Failure)
[153.823s][info][gc,heap        ] GC(422) PSYoungGen: 198592K(258048K)->1440K(263168K) Eden: 197120K(197120K)->0K(197120K) From: 1472K(60928K)->1440K(66048K)
[153.823s][info][gc,heap        ] GC(422) ParOldGen: 21276K(699392K)->21476K(699392K)
[153.823s][info][gc,metaspace   ] GC(422) Metaspace: 16653K(17344K)->16653K(17344K) NonClass: 14230K(14656K)->14230K(14656K) Class: 2422K(2688K)->2422K(2688K)
[153.823s][info][gc             ] GC(422) Pause Young (Allocation Failure) 214M->22M(940M) 0.690ms
[153.823s][info][gc,cpu         ] GC(422) User=0.00s Sys=0.00s Real=0.00s
[153.843s][info][gc,start       ] GC(423) Pause Young (Allocation Failure)
[153.843s][info][gc,heap        ] GC(423) PSYoungGen: 198560K(263168K)->1440K(273920K) Eden: 197120K(197120K)->0K(220672K) From: 1440K(66048K)->1440K(53248K)
[153.843s][info][gc,heap        ] GC(423) ParOldGen: 21476K(699392K)->21644K(699392K)
[153.843s][info][gc,metaspace   ] GC(423) Metaspace: 16653K(17344K)->16653K(17344K) NonClass: 14230K(14656K)->14230K(14656K) Class: 2422K(2688K)->2422K(2688K)
[153.843s][info][gc             ] GC(423) Pause Young (Allocation Failure) 214M->22M(950M) 0.656ms
[153.843s][info][gc,cpu         ] GC(423) User=0.00s Sys=0.00s Real=0.00s
[153.865s][info][gc,start       ] GC(424) Pause Young (Allocation Failure)
[153.866s][info][gc,heap        ] GC(424) PSYoungGen: 222112K(273920K)->1440K(278528K) Eden: 220672K(220672K)->0K(220672K) From: 1440K(53248K)->1440K(57856K)
[153.866s][info][gc,heap        ] GC(424) ParOldGen: 21644K(699392K)->21860K(699392K)
[153.866s][info][gc,metaspace   ] GC(424) Metaspace: 16653K(17344K)->16653K(17344K) NonClass: 14230K(14656K)->14230K(14656K) Class: 2422K(2688K)->2422K(2688K)
[153.866s][info][gc             ] GC(424) Pause Young (Allocation Failure) 238M->22M(955M) 0.696ms
[153.866s][info][gc,cpu         ] GC(424) User=0.00s Sys=0.00s Real=0.00s
[153.888s][info][gc,start       ] GC(425) Pause Young (Allocation Failure)
[153.888s][info][gc,heap        ] GC(425) PSYoungGen: 222112K(278528K)->1472K(283136K) Eden: 220672K(220672K)->0K(237056K) From: 1440K(57856K)->1472K(46080K)
[153.888s][info][gc,heap        ] GC(425) ParOldGen: 21860K(699392K)->21988K(699392K)
[153.888s][info][gc,metaspace   ] GC(425) Metaspace: 16653K(17344K)->16653K(17344K) NonClass: 14230K(14656K)->14230K(14656K) Class: 2422K(2688K)->2422K(2688K)
[153.888s][info][gc             ] GC(425) Pause Young (Allocation Failure) 238M->22M(959M) 0.673ms
[153.888s][info][gc,cpu         ] GC(425) User=0.00s Sys=0.00s Real=0.00s
[153.912s][info][gc,start       ] GC(426) Pause Young (Allocation Failure)
[153.913s][info][gc,heap        ] GC(426) PSYoungGen: 238528K(283136K)->1504K(287744K) Eden: 237056K(237056K)->0K(237056K) From: 1472K(46080K)->1504K(50688K)
[153.913s][info][gc,heap        ] GC(426) ParOldGen: 21988K(699392K)->22188K(699392K)
[153.913s][info][gc,metaspace   ] GC(426) Metaspace: 16653K(17344K)->16653K(17344K) NonClass: 14230K(14656K)->14230K(14656K) Class: 2422K(2688K)->2422K(2688K)
[153.913s][info][gc             ] GC(426) Pause Young (Allocation Failure) 254M->23M(964M) 0.650ms
[153.913s][info][gc,cpu         ] GC(426) User=0.00s Sys=0.00s Real=0.00s
[153.937s][info][gc,start       ] GC(427) Pause Young (Allocation Failure)
[153.937s][info][gc,heap        ] GC(427) PSYoungGen: 238560K(287744K)->1472K(290304K) Eden: 237056K(237056K)->0K(251392K) From: 1504K(50688K)->1472K(38912K)
[153.937s][info][gc,heap        ] GC(427) ParOldGen: 22188K(699392K)->22356K(699392K)
[153.937s][info][gc,metaspace   ] GC(427) Metaspace: 16653K(17344K)->16653K(17344K) NonClass: 14230K(14656K)->14230K(14656K) Class: 2422K(2688K)->2422K(2688K)
[153.937s][info][gc             ] GC(427) Pause Young (Allocation Failure) 254M->23M(966M) 0.658ms
[153.937s][info][gc,cpu         ] GC(427) User=0.00s Sys=0.00s Real=0.00s
[153.963s][info][gc,start       ] GC(428) Pause Young (Allocation Failure)
[153.963s][info][gc,heap        ] GC(428) PSYoungGen: 252864K(290304K)->992K(294912K) Eden: 251392K(251392K)->0K(251392K) From: 1472K(38912K)->992K(43520K)
[153.963s][info][gc,heap        ] GC(428) ParOldGen: 22356K(699392K)->22468K(699392K)
[153.963s][info][gc,metaspace   ] GC(428) Metaspace: 16653K(17344K)->16653K(17344K) NonClass: 14230K(14656K)->14230K(14656K) Class: 2422K(2688K)->2422K(2688K)
[153.963s][info][gc             ] GC(428) Pause Young (Allocation Failure) 268M->22M(971M) 0.584ms
[153.963s][info][gc,cpu         ] GC(428) User=0.00s Sys=0.00s Real=0.00s
[154.190s][info][gc,start       ] GC(429) Pause Young (Allocation Failure)
[154.252s][info][gc,heap        ] GC(429) PSYoungGen: 252384K(294912K)->40957K(192512K) Eden: 251392K(251392K)->0K(151552K) From: 992K(43520K)->40957K(40960K)
[154.252s][info][gc,heap        ] GC(429) ParOldGen: 22468K(699392K)->153132K(699392K)
[154.252s][info][gc,metaspace   ] GC(429) Metaspace: 16653K(17344K)->16653K(17344K) NonClass: 14230K(14656K)->14230K(14656K) Class: 2422K(2688K)->2422K(2688K)
[154.252s][info][gc             ] GC(429) Pause Young (Allocation Failure) 268M->189M(871M) 61.925ms
[154.252s][info][gc,cpu         ] GC(429) User=1.22s Sys=0.22s Real=0.06s
[154.408s][info][gc,start       ] GC(430) Pause Young (Allocation Failure)
[154.443s][info][gc,heap        ] GC(430) PSYoungGen: 192509K(192512K)->98816K(250368K) Eden: 151552K(151552K)->0K(151552K) From: 40957K(40960K)->98816K(98816K)
[154.443s][info][gc,heap        ] GC(430) ParOldGen: 153132K(699392K)->192473K(699392K)
[154.443s][info][gc,metaspace   ] GC(430) Metaspace: 16653K(17344K)->16653K(17344K) NonClass: 14230K(14656K)->14230K(14656K) Class: 2422K(2688K)->2422K(2688K)
[154.443s][info][gc             ] GC(430) Pause Young (Allocation Failure) 337M->284M(927M) 35.422ms
[154.443s][info][gc,cpu         ] GC(430) User=0.98s Sys=0.00s Real=0.05s
[154.603s][info][gc,start       ] GC(431) Pause Young (Allocation Failure)
[154.654s][info][gc,heap        ] GC(431) PSYoungGen: 250368K(250368K)->98816K(215552K) Eden: 151552K(151552K)->0K(116736K) From: 98816K(98816K)->98816K(98816K)
[154.654s][info][gc,heap        ] GC(431) ParOldGen: 192473K(699392K)->291273K(699392K)
[154.654s][info][gc,metaspace   ] GC(431) Metaspace: 16653K(17344K)->16653K(17344K) NonClass: 14230K(14656K)->14230K(14656K) Class: 2422K(2688K)->2422K(2688K)
[154.654s][info][gc             ] GC(431) Pause Young (Allocation Failure) 432M->380M(893M) 50.543ms
[154.654s][info][gc,cpu         ] GC(431) User=1.03s Sys=0.00s Real=0.05s
[154.777s][info][gc,start       ] GC(432) Pause Young (Allocation Failure)
[154.848s][info][gc,heap        ] GC(432) PSYoungGen: 215552K(215552K)->77248K(232960K) Eden: 116736K(116736K)->0K(116736K) From: 98816K(98816K)->77248K(116224K)
[154.848s][info][gc,heap        ] GC(432) ParOldGen: 291273K(699392K)->388849K(699392K)
[154.848s][info][gc,metaspace   ] GC(432) Metaspace: 16653K(17344K)->16653K(17344K) NonClass: 14230K(14656K)->14230K(14656K) Class: 2422K(2688K)->2422K(2688K)
[154.848s][info][gc             ] GC(432) Pause Young (Allocation Failure) 494M->455M(910M) 71.074ms
[154.848s][info][gc,cpu         ] GC(432) User=0.98s Sys=0.00s Real=0.06s
[156.060s][info][gc,start       ] GC(433) Pause Young (Allocation Failure)
[156.107s][info][gc,heap        ] GC(433) PSYoungGen: 193984K(232960K)->20192K(232960K) Eden: 116736K(116736K)->0K(116736K) From: 77248K(116224K)->20192K(116224K)
[156.107s][info][gc,heap        ] GC(433) ParOldGen: 388849K(699392K)->458753K(699392K)
[156.107s][info][gc,metaspace   ] GC(433) Metaspace: 16653K(17344K)->16653K(17344K) NonClass: 14230K(14656K)->14230K(14656K) Class: 2422K(2688K)->2422K(2688K)
[156.107s][info][gc             ] GC(433) Pause Young (Allocation Failure) 569M->467M(910M) 47.694ms
[156.107s][info][gc,cpu         ] GC(433) User=1.00s Sys=0.00s Real=0.06s
[162.469s][info][gc,start       ] GC(434) Pause Young (Allocation Failure)
[162.497s][info][gc,heap        ] GC(434) PSYoungGen: 136928K(232960K)->50752K(232960K) Eden: 116736K(116736K)->0K(116736K) From: 20192K(116224K)->50752K(116224K)
[162.498s][info][gc,heap        ] GC(434) ParOldGen: 458753K(699392K)->478777K(699392K)
[162.498s][info][gc,metaspace   ] GC(434) Metaspace: 16653K(17344K)->16653K(17344K) NonClass: 14231K(14656K)->14231K(14656K) Class: 2422K(2688K)->2422K(2688K)
[162.498s][info][gc             ] GC(434) Pause Young (Allocation Failure) 581M->517M(910M) 28.157ms
[162.498s][info][gc,cpu         ] GC(434) User=0.33s Sys=0.00s Real=0.01s
[162.591s][info][gc,start       ] GC(435) Pause Young (Allocation Failure)
[162.624s][info][gc,heap        ] GC(435) PSYoungGen: 167488K(232960K)->50816K(232960K) Eden: 116736K(116736K)->0K(116736K) From: 50752K(116224K)->50816K(116224K)
[162.624s][info][gc,heap        ] GC(435) ParOldGen: 478777K(699392K)->528017K(699392K)
[162.624s][info][gc,metaspace   ] GC(435) Metaspace: 16653K(17344K)->16653K(17344K) NonClass: 14231K(14656K)->14231K(14656K) Class: 2422K(2688K)->2422K(2688K)
[162.624s][info][gc             ] GC(435) Pause Young (Allocation Failure) 631M->565M(910M) 33.216ms
[162.624s][info][gc,cpu         ] GC(435) User=0.98s Sys=0.00s Real=0.05s
[162.718s][info][gc,start       ] GC(436) Pause Young (Allocation Failure)
[162.749s][info][gc,heap        ] GC(436) PSYoungGen: 167552K(232960K)->50784K(232960K) Eden: 116736K(116736K)->0K(116736K) From: 50816K(116224K)->50784K(116224K)
[162.749s][info][gc,heap        ] GC(436) ParOldGen: 528017K(699392K)->576721K(699392K)
[162.749s][info][gc,metaspace   ] GC(436) Metaspace: 16653K(17344K)->16653K(17344K) NonClass: 14231K(14656K)->14231K(14656K) Class: 2422K(2688K)->2422K(2688K)
[162.749s][info][gc             ] GC(436) Pause Young (Allocation Failure) 679M->612M(910M) 30.881ms
[162.749s][info][gc,cpu         ] GC(436) User=0.66s Sys=0.00s Real=0.03s
[162.844s][info][gc,start       ] GC(437) Pause Young (Allocation Failure)
[162.876s][info][gc,heap        ] GC(437) PSYoungGen: 167520K(232960K)->50976K(232960K) Eden: 116736K(116736K)->0K(116736K) From: 50784K(116224K)->50976K(116224K)
[162.876s][info][gc,heap        ] GC(437) ParOldGen: 576721K(699392K)->625225K(699392K)
[162.876s][info][gc,metaspace   ] GC(437) Metaspace: 16653K(17344K)->16653K(17344K) NonClass: 14231K(14656K)->14231K(14656K) Class: 2422K(2688K)->2422K(2688K)
[162.876s][info][gc             ] GC(437) Pause Young (Allocation Failure) 726M->660M(910M) 32.458ms
[162.876s][info][gc,cpu         ] GC(437) User=0.66s Sys=0.00s Real=0.03s
[162.876s][info][gc,start       ] GC(438) Pause Full (Ergonomics)
[162.876s][info][gc,phases,start] GC(438) Marking Phase
[162.919s][info][gc,phases      ] GC(438) Marking Phase 43.392ms
[162.920s][info][gc,phases,start] GC(438) Summary Phase
[162.920s][info][gc,phases      ] GC(438) Summary Phase 0.027ms
[162.920s][info][gc,phases,start] GC(438) Adjust Roots
[162.922s][info][gc,phases      ] GC(438) Adjust Roots 1.970ms
[162.922s][info][gc,phases,start] GC(438) Compaction Phase
[162.990s][info][gc,phases      ] GC(438) Compaction Phase 68.385ms
[162.990s][info][gc,phases,start] GC(438) Post Compact
[162.993s][info][gc,phases      ] GC(438) Post Compact 3.072ms
[162.993s][info][gc,heap        ] GC(438) PSYoungGen: 50976K(232960K)->0K(232960K) Eden: 0K(116736K)->0K(116736K) From: 50976K(116224K)->0K(116224K)
[162.993s][info][gc,heap        ] GC(438) ParOldGen: 625225K(699392K)->215799K(699392K)
[162.993s][info][gc,metaspace   ] GC(438) Metaspace: 16653K(17344K)->16653K(17344K) NonClass: 14231K(14656K)->14231K(14656K) Class: 2422K(2688K)->2422K(2688K)
[162.993s][info][gc             ] GC(438) Pause Full (Ergonomics) 660M->210M(910M) 117.072ms
[162.993s][info][gc,cpu         ] GC(438) User=2.16s Sys=0.00s Real=0.11s
[163.089s][info][gc,start       ] GC(439) Pause Young (Allocation Failure)
[163.105s][info][gc,heap        ] GC(439) PSYoungGen: 116736K(232960K)->51008K(232960K) Eden: 116736K(116736K)->0K(116736K) From: 0K(116224K)->51008K(116224K)
[163.105s][info][gc,heap        ] GC(439) ParOldGen: 215799K(699392K)->215799K(699392K)
[163.105s][info][gc,metaspace   ] GC(439) Metaspace: 16653K(17344K)->16653K(17344K) NonClass: 14231K(14656K)->14231K(14656K) Class: 2422K(2688K)->2422K(2688K)
[163.105s][info][gc             ] GC(439) Pause Young (Allocation Failure) 324M->260M(910M) 15.244ms
[163.105s][info][gc,cpu         ] GC(439) User=0.33s Sys=0.00s Real=0.02s
[163.201s][info][gc,start       ] GC(440) Pause Young (Allocation Failure)
[163.231s][info][gc,heap        ] GC(440) PSYoungGen: 167744K(232960K)->51104K(232960K) Eden: 116736K(116736K)->0K(116736K) From: 51008K(116224K)->51104K(116224K)
[163.231s][info][gc,heap        ] GC(440) ParOldGen: 215799K(699392K)->264087K(699392K)
[163.231s][info][gc,metaspace   ] GC(440) Metaspace: 16653K(17344K)->16653K(17344K) NonClass: 14231K(14656K)->14231K(14656K) Class: 2422K(2688K)->2422K(2688K)
[163.231s][info][gc             ] GC(440) Pause Young (Allocation Failure) 374M->307M(910M) 29.733ms
[163.231s][info][gc,cpu         ] GC(440) User=0.66s Sys=0.00s Real=0.03s
[163.328s][info][gc,start       ] GC(441) Pause Young (Allocation Failure)
[163.360s][info][gc,heap        ] GC(441) PSYoungGen: 167840K(232960K)->51264K(223744K) Eden: 116736K(116736K)->0K(116736K) From: 51104K(116224K)->51264K(107008K)
[163.360s][info][gc,heap        ] GC(441) ParOldGen: 264087K(699392K)->312279K(699392K)
[163.360s][info][gc,metaspace   ] GC(441) Metaspace: 16653K(17344K)->16653K(17344K) NonClass: 14231K(14656K)->14231K(14656K) Class: 2422K(2688K)->2422K(2688K)
[163.360s][info][gc             ] GC(441) Pause Young (Allocation Failure) 421M->355M(901M) 32.194ms
[163.360s][info][gc,cpu         ] GC(441) User=0.66s Sys=0.00s Real=0.03s
[163.458s][info][gc,start       ] GC(442) Pause Young (Allocation Failure)
[163.490s][info][gc,heap        ] GC(442) PSYoungGen: 168000K(223744K)->51328K(228352K) Eden: 116736K(116736K)->0K(116736K) From: 51264K(107008K)->51328K(111616K)
[163.490s][info][gc,heap        ] GC(442) ParOldGen: 312279K(699392K)->360359K(699392K)
[163.490s][info][gc,metaspace   ] GC(442) Metaspace: 16653K(17344K)->16653K(17344K) NonClass: 14231K(14656K)->14231K(14656K) Class: 2422K(2688K)->2422K(2688K)
[163.490s][info][gc             ] GC(442) Pause Young (Allocation Failure) 469M->402M(906M) 31.732ms
[163.490s][info][gc,cpu         ] GC(442) User=0.66s Sys=0.00s Real=0.03s
[163.658s][info][gc,start       ] GC(443) Pause Young (Allocation Failure)
[163.712s][info][gc,heap        ] GC(443) PSYoungGen: 168064K(228352K)->105971K(222720K) Eden: 116736K(116736K)->0K(116736K) From: 51328K(111616K)->105971K(105984K)
[163.712s][info][gc,heap        ] GC(443) ParOldGen: 360359K(699392K)->423007K(699392K)
[163.712s][info][gc,metaspace   ] GC(443) Metaspace: 16653K(17344K)->16653K(17344K) NonClass: 14231K(14656K)->14231K(14656K) Class: 2422K(2688K)->2422K(2688K)
[163.712s][info][gc             ] GC(443) Pause Young (Allocation Failure) 516M->516M(900M) 53.803ms
[163.712s][info][gc,cpu         ] GC(443) User=1.31s Sys=0.00s Real=0.06s
[164.224s][info][gc,start       ] GC(444) Pause Young (Allocation Failure)
[164.271s][info][gc,heap        ] GC(444) PSYoungGen: 222707K(222720K)->25344K(232960K) Eden: 116736K(116736K)->0K(116736K) From: 105971K(105984K)->25344K(116224K)
[164.271s][info][gc,heap        ] GC(444) ParOldGen: 423007K(699392K)->476263K(699392K)
[164.271s][info][gc,metaspace   ] GC(444) Metaspace: 16653K(17344K)->16653K(17344K) NonClass: 14231K(14656K)->14231K(14656K) Class: 2422K(2688K)->2422K(2688K)
[164.271s][info][gc             ] GC(444) Pause Young (Allocation Failure) 630M->489M(910M) 46.876ms
[164.271s][info][gc,cpu         ] GC(444) User=0.98s Sys=0.00s Real=0.05s
[164.461s][info][gc,start       ] GC(445) Pause Young (Allocation Failure)
[164.487s][info][gc,heap        ] GC(445) PSYoungGen: 142080K(232960K)->3680K(232960K) Eden: 116736K(116736K)->0K(116736K) From: 25344K(116224K)->3680K(116224K)
[164.487s][info][gc,heap        ] GC(445) ParOldGen: 476263K(699392K)->497967K(699392K)
[164.487s][info][gc,metaspace   ] GC(445) Metaspace: 16653K(17344K)->16653K(17344K) NonClass: 14231K(14656K)->14231K(14656K) Class: 2422K(2688K)->2422K(2688K)
[164.487s][info][gc             ] GC(445) Pause Young (Allocation Failure) 603M->489M(910M) 26.023ms
[164.487s][info][gc,cpu         ] GC(445) User=0.33s Sys=0.00s Real=0.02s
[164.676s][info][gc,start       ] GC(446) Pause Young (Allocation Failure)
[164.679s][info][gc,heap        ] GC(446) PSYoungGen: 120416K(232960K)->3200K(232960K) Eden: 116736K(116736K)->0K(116736K) From: 3680K(116224K)->3200K(116224K)
[164.679s][info][gc,heap        ] GC(446) ParOldGen: 497967K(699392K)->498327K(699392K)
[164.679s][info][gc,metaspace   ] GC(446) Metaspace: 16653K(17344K)->16653K(17344K) NonClass: 14231K(14656K)->14231K(14656K) Class: 2422K(2688K)->2422K(2688K)
[164.679s][info][gc             ] GC(446) Pause Young (Allocation Failure) 603M->489M(910M) 2.590ms
[164.679s][info][gc,cpu         ] GC(446) User=0.36s Sys=0.03s Real=0.02s
[164.852s][info][gc,start       ] GC(447) Pause Young (Allocation Failure)
[164.854s][info][gc,heap        ] GC(447) PSYoungGen: 119936K(232960K)->2464K(232960K) Eden: 116736K(116736K)->0K(116736K) From: 3200K(116224K)->2464K(116224K)
[164.854s][info][gc,heap        ] GC(447) ParOldGen: 498327K(699392K)->498495K(699392K)
[164.854s][info][gc,metaspace   ] GC(447) Metaspace: 16653K(17344K)->16653K(17344K) NonClass: 14231K(14656K)->14231K(14656K) Class: 2422K(2688K)->2422K(2688K)
[164.854s][info][gc             ] GC(447) Pause Young (Allocation Failure) 603M->489M(910M) 2.203ms
[164.854s][info][gc,cpu         ] GC(447) User=0.00s Sys=0.00s Real=0.00s
[165.501s][info][gc,start       ] GC(448) Pause Young (Allocation Failure)
[165.503s][info][gc,heap        ] GC(448) PSYoungGen: 119200K(232960K)->2464K(232960K) Eden: 116736K(116736K)->0K(116736K) From: 2464K(116224K)->2464K(116224K)
[165.503s][info][gc,heap        ] GC(448) ParOldGen: 498495K(699392K)->498495K(699392K)
[165.503s][info][gc,metaspace   ] GC(448) Metaspace: 16653K(17344K)->16653K(17344K) NonClass: 14231K(14656K)->14231K(14656K) Class: 2422K(2688K)->2422K(2688K)
[165.503s][info][gc             ] GC(448) Pause Young (Allocation Failure) 603M->489M(910M) 2.123ms
[165.503s][info][gc,cpu         ] GC(448) User=0.00s Sys=0.00s Real=0.00s
[166.519s][info][gc,heap,exit   ] Heap
[166.519s][info][gc,heap,exit   ]  PSYoungGen      total 232960K, used 70339K [0x00000000eab00000, 0x0000000100000000, 0x0000000100000000)
[166.520s][info][gc,heap,exit   ]   eden space 116736K, 58% used [0x00000000eab00000,0x00000000eed48e48,0x00000000f1d00000)
[166.520s][info][gc,heap,exit   ]   from space 116224K, 2% used [0x00000000f1d00000,0x00000000f1f68000,0x00000000f8e80000)
[166.520s][info][gc,heap,exit   ]   to   space 116224K, 0% used [0x00000000f8e80000,0x00000000f8e80000,0x0000000100000000)
[166.520s][info][gc,heap,exit   ]  ParOldGen       total 699392K, used 498495K [0x00000000c0000000, 0x00000000eab00000, 0x00000000eab00000)
[166.520s][info][gc,heap,exit   ]   object space 699392K, 71% used [0x00000000c0000000,0x00000000de6cff18,0x00000000eab00000)
[166.520s][info][gc,heap,exit   ]  Metaspace       used 16754K, committed 17344K, reserved 1114112K
[166.520s][info][gc,heap,exit   ]   class space    used 2438K, committed 2688K, reserved 1048576K
