[0.017s][info][gc,init] CardTable entry size: 512
[0.018s][info][gc     ] Using Serial
[0.022s][info][gc,init] Version: 20+36-2344 (release)
[0.022s][info][gc,init] CPUs: 48 total, 48 available
[0.022s][info][gc,init] Memory: 382G
[0.022s][info][gc,init] Large Page Support: Disabled
[0.022s][info][gc,init] NUMA Support: Disabled
[0.022s][info][gc,init] Compressed Oops: Enabled (32-bit)
[0.022s][info][gc,init] Heap Min Capacity: 8M
[0.022s][info][gc,init] Heap Initial Capacity: 1G
[0.022s][info][gc,init] Heap Max Capacity: 1G
[0.022s][info][gc,init] Pre-touch: Disabled
[0.041s][info][gc,metaspace] CDS archive(s) mapped at: [0x0000000800000000-0x0000000800c60000-0x0000000800c60000), size 12976128, SharedBaseAddress: 0x0000000800000000, ArchiveRelocationMode: 0.
[0.041s][info][gc,metaspace] Compressed class space mapped at: 0x0000000801000000-0x0000000841000000, reserved size: 1073741824
[0.041s][info][gc,metaspace] Narrow klass base: 0x0000000800000000, Narrow klass shift: 0, Narrow klass range: 0x100000000
[1.502s][info][gc,start    ] GC(0) Pause Full (System.gc())
[1.503s][info][gc,phases,start] GC(0) Phase 1: Mark live objects
[1.516s][info][gc,phases      ] GC(0) Phase 1: Mark live objects 13.841ms
[1.516s][info][gc,phases,start] GC(0) Phase 2: Compute new object addresses
[1.524s][info][gc,phases      ] GC(0) Phase 2: Compute new object addresses 7.263ms
[1.524s][info][gc,phases,start] GC(0) Phase 3: Adjust pointers
[1.529s][info][gc,phases      ] GC(0) Phase 3: Adjust pointers 5.074ms
[1.529s][info][gc,phases,start] GC(0) Phase 4: Move objects
[1.533s][info][gc,phases      ] GC(0) Phase 4: Move objects 4.041ms
[1.534s][info][gc,heap        ] GC(0) DefNew: 89552K(314560K)->0K(314560K) Eden: 89552K(279616K)->0K(279616K) From: 0K(34944K)->0K(34944K)
[1.534s][info][gc,heap        ] GC(0) Tenured: 0K(699072K)->4729K(699072K)
[1.534s][info][gc,metaspace   ] GC(0) Metaspace: 14219K(14464K)->14219K(14464K) NonClass: 12164K(12288K)->12164K(12288K) Class: 2055K(2176K)->2055K(2176K)
[1.534s][info][gc             ] GC(0) Pause Full (System.gc()) 87M->4M(989M) 31.750ms
[1.534s][info][gc,cpu         ] GC(0) User=0.03s Sys=0.00s Real=0.03s
[4.468s][info][gc,start       ] GC(1) Pause Young (Allocation Failure)
[4.476s][info][gc,heap        ] GC(1) DefNew: 279616K(314560K)->1781K(314560K) Eden: 279616K(279616K)->0K(279616K) From: 0K(34944K)->1781K(34944K)
[4.476s][info][gc,heap        ] GC(1) Tenured: 4729K(699072K)->4729K(699072K)
[4.476s][info][gc,metaspace   ] GC(1) Metaspace: 15823K(16064K)->15823K(16064K) NonClass: 13564K(13696K)->13564K(13696K) Class: 2258K(2368K)->2258K(2368K)
[4.476s][info][gc             ] GC(1) Pause Young (Allocation Failure) 277M->6M(989M) 7.695ms
[4.476s][info][gc,cpu         ] GC(1) User=0.02s Sys=0.00s Real=0.02s
[4.591s][info][gc,start       ] GC(2) Pause Young (Allocation Failure)
[4.600s][info][gc,heap        ] GC(2) DefNew: 281397K(314560K)->1780K(314560K) Eden: 279616K(279616K)->0K(279616K) From: 1781K(34944K)->1780K(34944K)
[4.600s][info][gc,heap        ] GC(2) Tenured: 4729K(699072K)->4729K(699072K)
[4.600s][info][gc,metaspace   ] GC(2) Metaspace: 15826K(16064K)->15826K(16064K) NonClass: 13567K(13696K)->13567K(13696K) Class: 2258K(2368K)->2258K(2368K)
[4.600s][info][gc             ] GC(2) Pause Young (Allocation Failure) 279M->6M(989M) 8.653ms
[4.600s][info][gc,cpu         ] GC(2) User=0.00s Sys=0.00s Real=0.00s
[4.670s][info][gc,start       ] GC(3) Pause Young (Allocation Failure)
[4.676s][info][gc,heap        ] GC(3) DefNew: 281396K(314560K)->1892K(314560K) Eden: 279616K(279616K)->0K(279616K) From: 1780K(34944K)->1892K(34944K)
[4.676s][info][gc,heap        ] GC(3) Tenured: 4729K(699072K)->4729K(699072K)
[4.676s][info][gc,metaspace   ] GC(3) Metaspace: 15827K(16064K)->15827K(16064K) NonClass: 13568K(13696K)->13568K(13696K) Class: 2258K(2368K)->2258K(2368K)
[4.676s][info][gc             ] GC(3) Pause Young (Allocation Failure) 279M->6M(989M) 5.792ms
[4.676s][info][gc,cpu         ] GC(3) User=0.00s Sys=0.00s Real=0.00s
[4.775s][info][gc,start       ] GC(4) Pause Young (Allocation Failure)
[4.781s][info][gc,heap        ] GC(4) DefNew: 281508K(314560K)->1823K(314560K) Eden: 279616K(279616K)->0K(279616K) From: 1892K(34944K)->1823K(34944K)
[4.781s][info][gc,heap        ] GC(4) Tenured: 4729K(699072K)->4729K(699072K)
[4.781s][info][gc,metaspace   ] GC(4) Metaspace: 15833K(16064K)->15833K(16064K) NonClass: 13574K(13696K)->13574K(13696K) Class: 2258K(2368K)->2258K(2368K)
[4.781s][info][gc             ] GC(4) Pause Young (Allocation Failure) 279M->6M(989M) 5.770ms
[4.781s][info][gc,cpu         ] GC(4) User=0.00s Sys=0.00s Real=0.00s
[4.865s][info][gc,start       ] GC(5) Pause Young (Allocation Failure)
[4.870s][info][gc,heap        ] GC(5) DefNew: 281439K(314560K)->1843K(314560K) Eden: 279616K(279616K)->0K(279616K) From: 1823K(34944K)->1843K(34944K)
[4.870s][info][gc,heap        ] GC(5) Tenured: 4729K(699072K)->4729K(699072K)
[4.871s][info][gc,metaspace   ] GC(5) Metaspace: 15833K(16064K)->15833K(16064K) NonClass: 13574K(13696K)->13574K(13696K) Class: 2258K(2368K)->2258K(2368K)
[4.871s][info][gc             ] GC(5) Pause Young (Allocation Failure) 279M->6M(989M) 5.748ms
[4.871s][info][gc,cpu         ] GC(5) User=0.00s Sys=0.00s Real=0.00s
[4.907s][info][gc,start       ] GC(6) Pause Young (Allocation Failure)
[4.913s][info][gc,heap        ] GC(6) DefNew: 281459K(314560K)->1784K(314560K) Eden: 279616K(279616K)->0K(279616K) From: 1843K(34944K)->1784K(34944K)
[4.913s][info][gc,heap        ] GC(6) Tenured: 4729K(699072K)->4729K(699072K)
[4.913s][info][gc,metaspace   ] GC(6) Metaspace: 15833K(16064K)->15833K(16064K) NonClass: 13574K(13696K)->13574K(13696K) Class: 2258K(2368K)->2258K(2368K)
[4.913s][info][gc             ] GC(6) Pause Young (Allocation Failure) 279M->6M(989M) 5.582ms
[4.913s][info][gc,cpu         ] GC(6) User=0.00s Sys=0.00s Real=0.00s
[4.946s][info][gc,start       ] GC(7) Pause Young (Allocation Failure)
[4.952s][info][gc,heap        ] GC(7) DefNew: 281400K(314560K)->1785K(314560K) Eden: 279616K(279616K)->0K(279616K) From: 1784K(34944K)->1785K(34944K)
[4.952s][info][gc,heap        ] GC(7) Tenured: 4729K(699072K)->4729K(699072K)
[4.952s][info][gc,metaspace   ] GC(7) Metaspace: 15834K(16064K)->15834K(16064K) NonClass: 13575K(13696K)->13575K(13696K) Class: 2258K(2368K)->2258K(2368K)
[4.952s][info][gc             ] GC(7) Pause Young (Allocation Failure) 279M->6M(989M) 5.590ms
[4.952s][info][gc,cpu         ] GC(7) User=0.00s Sys=0.00s Real=0.00s
[4.986s][info][gc,start       ] GC(8) Pause Young (Allocation Failure)
[4.992s][info][gc,heap        ] GC(8) DefNew: 281401K(314560K)->1751K(314560K) Eden: 279616K(279616K)->0K(279616K) From: 1785K(34944K)->1751K(34944K)
[4.992s][info][gc,heap        ] GC(8) Tenured: 4729K(699072K)->4729K(699072K)
[4.992s][info][gc,metaspace   ] GC(8) Metaspace: 15834K(16064K)->15834K(16064K) NonClass: 13575K(13696K)->13575K(13696K) Class: 2258K(2368K)->2258K(2368K)
[4.992s][info][gc             ] GC(8) Pause Young (Allocation Failure) 279M->6M(989M) 5.531ms
[4.992s][info][gc,cpu         ] GC(8) User=0.00s Sys=0.00s Real=0.00s
[5.026s][info][gc,start       ] GC(9) Pause Young (Allocation Failure)
[5.032s][info][gc,heap        ] GC(9) DefNew: 281367K(314560K)->1745K(314560K) Eden: 279616K(279616K)->0K(279616K) From: 1751K(34944K)->1745K(34944K)
[5.032s][info][gc,heap        ] GC(9) Tenured: 4729K(699072K)->4729K(699072K)
[5.032s][info][gc,metaspace   ] GC(9) Metaspace: 15837K(16064K)->15837K(16064K) NonClass: 13578K(13696K)->13578K(13696K) Class: 2258K(2368K)->2258K(2368K)
[5.032s][info][gc             ] GC(9) Pause Young (Allocation Failure) 279M->6M(989M) 5.476ms
[5.032s][info][gc,cpu         ] GC(9) User=0.00s Sys=0.00s Real=0.00s
[5.067s][info][gc,start       ] GC(10) Pause Young (Allocation Failure)
[5.072s][info][gc,heap        ] GC(10) DefNew: 281361K(314560K)->1727K(314560K) Eden: 279616K(279616K)->0K(279616K) From: 1745K(34944K)->1727K(34944K)
[5.072s][info][gc,heap        ] GC(10) Tenured: 4729K(699072K)->4729K(699072K)
[5.072s][info][gc,metaspace   ] GC(10) Metaspace: 15837K(16064K)->15837K(16064K) NonClass: 13578K(13696K)->13578K(13696K) Class: 2258K(2368K)->2258K(2368K)
[5.072s][info][gc             ] GC(10) Pause Young (Allocation Failure) 279M->6M(989M) 5.543ms
[5.072s][info][gc,cpu         ] GC(10) User=0.00s Sys=0.00s Real=0.00s
[5.107s][info][gc,start       ] GC(11) Pause Young (Allocation Failure)
[5.112s][info][gc,heap        ] GC(11) DefNew: 281343K(314560K)->1589K(314560K) Eden: 279616K(279616K)->0K(279616K) From: 1727K(34944K)->1589K(34944K)
[5.112s][info][gc,heap        ] GC(11) Tenured: 4729K(699072K)->4729K(699072K)
[5.112s][info][gc,metaspace   ] GC(11) Metaspace: 15837K(16064K)->15837K(16064K) NonClass: 13578K(13696K)->13578K(13696K) Class: 2258K(2368K)->2258K(2368K)
[5.112s][info][gc             ] GC(11) Pause Young (Allocation Failure) 279M->6M(989M) 5.186ms
[5.112s][info][gc,cpu         ] GC(11) User=0.00s Sys=0.00s Real=0.00s
[5.148s][info][gc,start       ] GC(12) Pause Young (Allocation Failure)
[5.155s][info][gc,heap        ] GC(12) DefNew: 281205K(314560K)->1337K(314560K) Eden: 279616K(279616K)->0K(279616K) From: 1589K(34944K)->1337K(34944K)
[5.155s][info][gc,heap        ] GC(12) Tenured: 4729K(699072K)->4729K(699072K)
[5.155s][info][gc,metaspace   ] GC(12) Metaspace: 15838K(16064K)->15838K(16064K) NonClass: 13579K(13696K)->13579K(13696K) Class: 2258K(2368K)->2258K(2368K)
[5.155s][info][gc             ] GC(12) Pause Young (Allocation Failure) 279M->5M(989M) 7.202ms
[5.155s][info][gc,cpu         ] GC(12) User=0.00s Sys=0.00s Real=0.00s
[5.413s][info][gc,start       ] GC(13) Pause Young (Allocation Failure)
[5.846s][info][gc,heap        ] GC(13) DefNew: 280953K(314560K)->34944K(314560K) Eden: 279616K(279616K)->0K(279616K) From: 1337K(34944K)->34944K(34944K)
[5.846s][info][gc,heap        ] GC(13) Tenured: 4729K(699072K)->105078K(699072K)
[5.846s][info][gc,metaspace   ] GC(13) Metaspace: 16084K(16384K)->16084K(16384K) NonClass: 13763K(13888K)->13763K(13888K) Class: 2320K(2496K)->2320K(2496K)
[5.846s][info][gc             ] GC(13) Pause Young (Allocation Failure) 278M->136M(989M) 433.819ms
[5.846s][info][gc,cpu         ] GC(13) User=0.41s Sys=0.02s Real=0.43s
[6.153s][info][gc,start       ] GC(14) Pause Young (Allocation Failure)
[7.008s][info][gc,heap        ] GC(14) DefNew: 314560K(314560K)->34944K(314560K) Eden: 279616K(279616K)->0K(279616K) From: 34944K(34944K)->34944K(34944K)
[7.008s][info][gc,heap        ] GC(14) Tenured: 105078K(699072K)->284144K(699072K)
[7.008s][info][gc,metaspace   ] GC(14) Metaspace: 16089K(16384K)->16089K(16384K) NonClass: 13768K(13888K)->13768K(13888K) Class: 2320K(2496K)->2320K(2496K)
[7.009s][info][gc             ] GC(14) Pause Young (Allocation Failure) 409M->311M(989M) 855.502ms
[7.009s][info][gc,cpu         ] GC(14) User=0.81s Sys=0.03s Real=0.85s
[7.711s][info][gc,start       ] GC(15) Pause Young (Allocation Failure)
[8.203s][info][gc,heap        ] GC(15) DefNew: 314560K(314560K)->34944K(314560K) Eden: 279616K(279616K)->0K(279616K) From: 34944K(34944K)->34944K(34944K)
[8.203s][info][gc,heap        ] GC(15) Tenured: 284144K(699072K)->394297K(699072K)
[8.203s][info][gc,metaspace   ] GC(15) Metaspace: 16480K(16960K)->16480K(16960K) NonClass: 14074K(14336K)->14074K(14336K) Class: 2406K(2624K)->2406K(2624K)
[8.203s][info][gc             ] GC(15) Pause Young (Allocation Failure) 584M->419M(989M) 492.451ms
[8.203s][info][gc,cpu         ] GC(15) User=0.45s Sys=0.03s Real=0.48s
[13.448s][info][gc,start       ] GC(16) Pause Young (Allocation Failure)
[13.906s][info][gc,heap        ] GC(16) DefNew: 314560K(314560K)->34944K(314560K) Eden: 279616K(279616K)->0K(279616K) From: 34944K(34944K)->34944K(34944K)
[13.906s][info][gc,heap        ] GC(16) Tenured: 394297K(699072K)->511696K(699072K)
[13.906s][info][gc,metaspace   ] GC(16) Metaspace: 16580K(17024K)->16580K(17024K) NonClass: 14158K(14400K)->14158K(14400K) Class: 2421K(2624K)->2421K(2624K)
[13.906s][info][gc             ] GC(16) Pause Young (Allocation Failure) 692M->533M(989M) 458.345ms
[13.906s][info][gc,cpu         ] GC(16) User=0.42s Sys=0.02s Real=0.44s
[14.124s][info][gc,start       ] GC(17) Pause Young (Allocation Failure)
[14.695s][info][gc,heap        ] GC(17) DefNew: 314560K(314560K)->34944K(314560K) Eden: 279616K(279616K)->0K(279616K) From: 34944K(34944K)->34944K(34944K)
[14.695s][info][gc,heap        ] GC(17) Tenured: 511696K(699072K)->628246K(699072K)
[14.695s][info][gc,metaspace   ] GC(17) Metaspace: 16580K(17024K)->16580K(17024K) NonClass: 14158K(14400K)->14158K(14400K) Class: 2421K(2624K)->2421K(2624K)
[14.695s][info][gc             ] GC(17) Pause Young (Allocation Failure) 806M->647M(989M) 570.578ms
[14.695s][info][gc,cpu         ] GC(17) User=0.56s Sys=0.00s Real=0.56s
[14.917s][info][gc,start       ] GC(18) Pause Young (Allocation Failure)
[14.917s][info][gc             ] GC(18) Pause Young (Allocation Failure) 920M->920M(989M) 0.173ms
[14.917s][info][gc,cpu         ] GC(18) User=0.00s Sys=0.00s Real=0.00s
[14.917s][info][gc,start       ] GC(19) Pause Full (Allocation Failure)
[14.917s][info][gc,phases,start] GC(19) Phase 1: Mark live objects
[15.401s][info][gc,phases      ] GC(19) Phase 1: Mark live objects 483.020ms
[15.401s][info][gc,phases,start] GC(19) Phase 2: Compute new object addresses
[15.690s][info][gc,phases      ] GC(19) Phase 2: Compute new object addresses 289.590ms
[15.690s][info][gc,phases,start] GC(19) Phase 3: Adjust pointers
[15.971s][info][gc,phases      ] GC(19) Phase 3: Adjust pointers 281.079ms
[15.971s][info][gc,phases,start] GC(19) Phase 4: Move objects
[16.113s][info][gc,phases      ] GC(19) Phase 4: Move objects 142.123ms
[16.114s][info][gc,heap        ] GC(19) DefNew: 314560K(314560K)->0K(314560K) Eden: 279616K(279616K)->0K(279616K) From: 34944K(34944K)->0K(34944K)
[16.114s][info][gc,heap        ] GC(19) Tenured: 628246K(699072K)->376801K(699072K)
[16.114s][info][gc,metaspace   ] GC(19) Metaspace: 16580K(17024K)->16381K(16960K) NonClass: 14158K(14400K)->14020K(14336K) Class: 2421K(2624K)->2360K(2624K)
[16.114s][info][gc             ] GC(19) Pause Full (Allocation Failure) 920M->367M(989M) 1196.936ms
[16.114s][info][gc,cpu         ] GC(19) User=1.19s Sys=0.00s Real=1.19s
[17.006s][info][gc,start       ] GC(20) Pause Young (Allocation Failure)
[17.488s][info][gc,heap        ] GC(20) DefNew: 279616K(314560K)->34944K(314560K) Eden: 279616K(279616K)->0K(279616K) From: 0K(34944K)->34944K(34944K)
[17.488s][info][gc,heap        ] GC(20) Tenured: 376801K(699072K)->470737K(699072K)
[17.488s][info][gc,metaspace   ] GC(20) Metaspace: 16406K(17024K)->16406K(17024K) NonClass: 14040K(14400K)->14040K(14400K) Class: 2366K(2624K)->2366K(2624K)
[17.488s][info][gc             ] GC(20) Pause Young (Allocation Failure) 641M->493M(989M) 482.324ms
[17.488s][info][gc,cpu         ] GC(20) User=0.47s Sys=0.00s Real=0.48s
[18.066s][info][gc,start       ] GC(21) Pause Young (Allocation Failure)
[18.258s][info][gc,heap        ] GC(21) DefNew: 314560K(314560K)->3373K(314560K) Eden: 279616K(279616K)->0K(279616K) From: 34944K(34944K)->3373K(34944K)
[18.258s][info][gc,heap        ] GC(21) Tenured: 470737K(699072K)->493612K(699072K)
[18.258s][info][gc,metaspace   ] GC(21) Metaspace: 16406K(17024K)->16406K(17024K) NonClass: 14040K(14400K)->14040K(14400K) Class: 2366K(2624K)->2366K(2624K)
[18.258s][info][gc             ] GC(21) Pause Young (Allocation Failure) 766M->485M(989M) 191.850ms
[18.258s][info][gc,cpu         ] GC(21) User=0.19s Sys=0.00s Real=0.19s
[19.347s][info][gc,start       ] GC(22) Pause Young (Allocation Failure)
[19.354s][info][gc,heap        ] GC(22) DefNew: 282989K(314560K)->2134K(314560K) Eden: 279616K(279616K)->0K(279616K) From: 3373K(34944K)->2134K(34944K)
[19.354s][info][gc,heap        ] GC(22) Tenured: 493612K(699072K)->493612K(699072K)
[19.354s][info][gc,metaspace   ] GC(22) Metaspace: 16714K(17088K)->16714K(17088K) NonClass: 14263K(14464K)->14263K(14464K) Class: 2450K(2624K)->2450K(2624K)
[19.354s][info][gc             ] GC(22) Pause Young (Allocation Failure) 758M->484M(989M) 7.928ms
[19.354s][info][gc,cpu         ] GC(22) User=0.00s Sys=0.00s Real=0.00s
[20.011s][info][gc,start       ] GC(23) Pause Full (System.gc())
[20.012s][info][gc,phases,start] GC(23) Phase 1: Mark live objects
[20.040s][info][gc,phases      ] GC(23) Phase 1: Mark live objects 28.372ms
[20.040s][info][gc,phases,start] GC(23) Phase 2: Compute new object addresses
[20.189s][info][gc,phases      ] GC(23) Phase 2: Compute new object addresses 149.326ms
[20.189s][info][gc,phases,start] GC(23) Phase 3: Adjust pointers
[20.196s][info][gc,phases      ] GC(23) Phase 3: Adjust pointers 6.880ms
[20.196s][info][gc,phases,start] GC(23) Phase 4: Move objects
[20.197s][info][gc,phases      ] GC(23) Phase 4: Move objects 1.164ms
[20.198s][info][gc,heap        ] GC(23) DefNew: 51482K(314560K)->0K(314560K) Eden: 49348K(279616K)->0K(279616K) From: 2134K(34944K)->0K(34944K)
[20.198s][info][gc,heap        ] GC(23) Tenured: 493612K(699072K)->39544K(699072K)
[20.198s][info][gc,metaspace   ] GC(23) Metaspace: 16722K(17088K)->16620K(17088K) NonClass: 14268K(14464K)->14199K(14464K) Class: 2453K(2624K)->2421K(2624K)
[20.198s][info][gc             ] GC(23) Pause Full (System.gc()) 532M->38M(989M) 186.769ms
[20.198s][info][gc,cpu         ] GC(23) User=0.19s Sys=0.00s Real=0.19s
[22.152s][info][gc,start       ] GC(24) Pause Young (Allocation Failure)
[22.157s][info][gc,heap        ] GC(24) DefNew: 279616K(314560K)->1557K(314560K) Eden: 279616K(279616K)->0K(279616K) From: 0K(34944K)->1557K(34944K)
[22.157s][info][gc,heap        ] GC(24) Tenured: 39544K(699072K)->39544K(699072K)
[22.157s][info][gc,metaspace   ] GC(24) Metaspace: 16621K(17088K)->16621K(17088K) NonClass: 14199K(14464K)->14199K(14464K) Class: 2421K(2624K)->2421K(2624K)
[22.157s][info][gc             ] GC(24) Pause Young (Allocation Failure) 311M->40M(989M) 5.018ms
[22.157s][info][gc,cpu         ] GC(24) User=0.00s Sys=0.00s Real=0.00s
[22.190s][info][gc,start       ] GC(25) Pause Young (Allocation Failure)
[22.194s][info][gc,heap        ] GC(25) DefNew: 281173K(314560K)->1582K(314560K) Eden: 279616K(279616K)->0K(279616K) From: 1557K(34944K)->1582K(34944K)
[22.194s][info][gc,heap        ] GC(25) Tenured: 39544K(699072K)->39544K(699072K)
[22.194s][info][gc,metaspace   ] GC(25) Metaspace: 16623K(17088K)->16623K(17088K) NonClass: 14201K(14464K)->14201K(14464K) Class: 2421K(2624K)->2421K(2624K)
[22.194s][info][gc             ] GC(25) Pause Young (Allocation Failure) 313M->40M(989M) 4.288ms
[22.194s][info][gc,cpu         ] GC(25) User=0.00s Sys=0.00s Real=0.00s
[22.227s][info][gc,start       ] GC(26) Pause Young (Allocation Failure)
[22.232s][info][gc,heap        ] GC(26) DefNew: 281198K(314560K)->1569K(314560K) Eden: 279616K(279616K)->0K(279616K) From: 1582K(34944K)->1569K(34944K)
[22.232s][info][gc,heap        ] GC(26) Tenured: 39544K(699072K)->39544K(699072K)
[22.232s][info][gc,metaspace   ] GC(26) Metaspace: 16623K(17088K)->16623K(17088K) NonClass: 14201K(14464K)->14201K(14464K) Class: 2421K(2624K)->2421K(2624K)
[22.232s][info][gc             ] GC(26) Pause Young (Allocation Failure) 313M->40M(989M) 4.307ms
[22.232s][info][gc,cpu         ] GC(26) User=0.00s Sys=0.00s Real=0.00s
[22.264s][info][gc,start       ] GC(27) Pause Young (Allocation Failure)
[22.268s][info][gc,heap        ] GC(27) DefNew: 281185K(314560K)->1566K(314560K) Eden: 279616K(279616K)->0K(279616K) From: 1569K(34944K)->1566K(34944K)
[22.268s][info][gc,heap        ] GC(27) Tenured: 39544K(699072K)->39544K(699072K)
[22.268s][info][gc,metaspace   ] GC(27) Metaspace: 16623K(17088K)->16623K(17088K) NonClass: 14201K(14464K)->14201K(14464K) Class: 2421K(2624K)->2421K(2624K)
[22.268s][info][gc             ] GC(27) Pause Young (Allocation Failure) 313M->40M(989M) 4.321ms
[22.268s][info][gc,cpu         ] GC(27) User=0.00s Sys=0.00s Real=0.00s
[22.300s][info][gc,start       ] GC(28) Pause Young (Allocation Failure)
[22.304s][info][gc,heap        ] GC(28) DefNew: 281182K(314560K)->1482K(314560K) Eden: 279616K(279616K)->0K(279616K) From: 1566K(34944K)->1482K(34944K)
[22.304s][info][gc,heap        ] GC(28) Tenured: 39544K(699072K)->39544K(699072K)
[22.304s][info][gc,metaspace   ] GC(28) Metaspace: 16623K(17088K)->16623K(17088K) NonClass: 14201K(14464K)->14201K(14464K) Class: 2421K(2624K)->2421K(2624K)
[22.304s][info][gc             ] GC(28) Pause Young (Allocation Failure) 313M->40M(989M) 4.118ms
[22.304s][info][gc,cpu         ] GC(28) User=0.00s Sys=0.00s Real=0.00s
[22.336s][info][gc,start       ] GC(29) Pause Young (Allocation Failure)
[22.340s][info][gc,heap        ] GC(29) DefNew: 281098K(314560K)->1426K(314560K) Eden: 279616K(279616K)->0K(279616K) From: 1482K(34944K)->1426K(34944K)
[22.340s][info][gc,heap        ] GC(29) Tenured: 39544K(699072K)->39544K(699072K)
[22.340s][info][gc,metaspace   ] GC(29) Metaspace: 16623K(17088K)->16623K(17088K) NonClass: 14201K(14464K)->14201K(14464K) Class: 2421K(2624K)->2421K(2624K)
[22.340s][info][gc             ] GC(29) Pause Young (Allocation Failure) 313M->40M(989M) 3.995ms
[22.340s][info][gc,cpu         ] GC(29) User=0.02s Sys=0.00s Real=0.02s
[22.372s][info][gc,start       ] GC(30) Pause Young (Allocation Failure)
[22.376s][info][gc,heap        ] GC(30) DefNew: 281042K(314560K)->1389K(314560K) Eden: 279616K(279616K)->0K(279616K) From: 1426K(34944K)->1389K(34944K)
[22.376s][info][gc,heap        ] GC(30) Tenured: 39544K(699072K)->39544K(699072K)
[22.376s][info][gc,metaspace   ] GC(30) Metaspace: 16623K(17088K)->16623K(17088K) NonClass: 14201K(14464K)->14201K(14464K) Class: 2421K(2624K)->2421K(2624K)
[22.376s][info][gc             ] GC(30) Pause Young (Allocation Failure) 313M->39M(989M) 3.893ms
[22.376s][info][gc,cpu         ] GC(30) User=0.00s Sys=0.00s Real=0.00s
[22.409s][info][gc,start       ] GC(31) Pause Young (Allocation Failure)
[22.412s][info][gc,heap        ] GC(31) DefNew: 281005K(314560K)->1329K(314560K) Eden: 279616K(279616K)->0K(279616K) From: 1389K(34944K)->1329K(34944K)
[22.412s][info][gc,heap        ] GC(31) Tenured: 39544K(699072K)->39544K(699072K)
[22.412s][info][gc,metaspace   ] GC(31) Metaspace: 16623K(17088K)->16623K(17088K) NonClass: 14201K(14464K)->14201K(14464K) Class: 2421K(2624K)->2421K(2624K)
[22.412s][info][gc             ] GC(31) Pause Young (Allocation Failure) 313M->39M(989M) 3.789ms
[22.412s][info][gc,cpu         ] GC(31) User=0.00s Sys=0.00s Real=0.00s
[22.445s][info][gc,start       ] GC(32) Pause Young (Allocation Failure)
[22.449s][info][gc,heap        ] GC(32) DefNew: 280945K(314560K)->1319K(314560K) Eden: 279616K(279616K)->0K(279616K) From: 1329K(34944K)->1319K(34944K)
[22.449s][info][gc,heap        ] GC(32) Tenured: 39544K(699072K)->39544K(699072K)
[22.449s][info][gc,metaspace   ] GC(32) Metaspace: 16623K(17088K)->16623K(17088K) NonClass: 14201K(14464K)->14201K(14464K) Class: 2421K(2624K)->2421K(2624K)
[22.449s][info][gc             ] GC(32) Pause Young (Allocation Failure) 312M->39M(989M) 3.821ms
[22.449s][info][gc,cpu         ] GC(32) User=0.00s Sys=0.00s Real=0.00s
[22.481s][info][gc,start       ] GC(33) Pause Young (Allocation Failure)
[22.485s][info][gc,heap        ] GC(33) DefNew: 280935K(314560K)->1289K(314560K) Eden: 279616K(279616K)->0K(279616K) From: 1319K(34944K)->1289K(34944K)
[22.485s][info][gc,heap        ] GC(33) Tenured: 39544K(699072K)->39544K(699072K)
[22.485s][info][gc,metaspace   ] GC(33) Metaspace: 16623K(17088K)->16623K(17088K) NonClass: 14201K(14464K)->14201K(14464K) Class: 2421K(2624K)->2421K(2624K)
[22.485s][info][gc             ] GC(33) Pause Young (Allocation Failure) 312M->39M(989M) 3.972ms
[22.485s][info][gc,cpu         ] GC(33) User=0.00s Sys=0.00s Real=0.00s
[22.518s][info][gc,start       ] GC(34) Pause Young (Allocation Failure)
[22.521s][info][gc,heap        ] GC(34) DefNew: 280905K(314560K)->1108K(314560K) Eden: 279616K(279616K)->0K(279616K) From: 1289K(34944K)->1108K(34944K)
[22.521s][info][gc,heap        ] GC(34) Tenured: 39544K(699072K)->39544K(699072K)
[22.521s][info][gc,metaspace   ] GC(34) Metaspace: 16623K(17088K)->16623K(17088K) NonClass: 14201K(14464K)->14201K(14464K) Class: 2421K(2624K)->2421K(2624K)
[22.522s][info][gc             ] GC(34) Pause Young (Allocation Failure) 312M->39M(989M) 3.480ms
[22.522s][info][gc,cpu         ] GC(34) User=0.02s Sys=0.00s Real=0.02s
[22.564s][info][gc,start       ] GC(35) Pause Young (Allocation Failure)
[22.582s][info][gc,heap        ] GC(35) DefNew: 280724K(314560K)->10472K(314560K) Eden: 279616K(279616K)->0K(279616K) From: 1108K(34944K)->10472K(34944K)
[22.582s][info][gc,heap        ] GC(35) Tenured: 39544K(699072K)->39544K(699072K)
[22.582s][info][gc,metaspace   ] GC(35) Metaspace: 16623K(17088K)->16623K(17088K) NonClass: 14201K(14464K)->14201K(14464K) Class: 2421K(2624K)->2421K(2624K)
[22.582s][info][gc             ] GC(35) Pause Young (Allocation Failure) 312M->48M(989M) 18.264ms
[22.582s][info][gc,cpu         ] GC(35) User=0.02s Sys=0.00s Real=0.02s
[22.862s][info][gc,start       ] GC(36) Pause Young (Allocation Failure)
[23.405s][info][gc,heap        ] GC(36) DefNew: 290088K(314560K)->34944K(314560K) Eden: 279616K(279616K)->0K(279616K) From: 10472K(34944K)->34944K(34944K)
[23.405s][info][gc,heap        ] GC(36) Tenured: 39544K(699072K)->191551K(699072K)
[23.405s][info][gc,metaspace   ] GC(36) Metaspace: 16623K(17088K)->16623K(17088K) NonClass: 14201K(14464K)->14201K(14464K) Class: 2421K(2624K)->2421K(2624K)
[23.405s][info][gc             ] GC(36) Pause Young (Allocation Failure) 321M->221M(989M) 542.887ms
[23.405s][info][gc,cpu         ] GC(36) User=0.55s Sys=0.00s Real=0.55s
[23.708s][info][gc,start       ] GC(37) Pause Young (Allocation Failure)
[24.514s][info][gc,heap        ] GC(37) DefNew: 314560K(314560K)->34944K(314560K) Eden: 279616K(279616K)->0K(279616K) From: 34944K(34944K)->34944K(34944K)
[24.515s][info][gc,heap        ] GC(37) Tenured: 191551K(699072K)->373868K(699072K)
[24.515s][info][gc,metaspace   ] GC(37) Metaspace: 16623K(17088K)->16623K(17088K) NonClass: 14201K(14464K)->14201K(14464K) Class: 2421K(2624K)->2421K(2624K)
[24.515s][info][gc             ] GC(37) Pause Young (Allocation Failure) 494M->399M(989M) 806.728ms
[24.515s][info][gc,cpu         ] GC(37) User=0.81s Sys=0.00s Real=0.81s
[31.422s][info][gc,start       ] GC(38) Pause Young (Allocation Failure)
[31.868s][info][gc,heap        ] GC(38) DefNew: 314560K(314560K)->34943K(314560K) Eden: 279616K(279616K)->0K(279616K) From: 34944K(34944K)->34943K(34944K)
[31.868s][info][gc,heap        ] GC(38) Tenured: 373868K(699072K)->458602K(699072K)
[31.868s][info][gc,metaspace   ] GC(38) Metaspace: 16631K(17088K)->16631K(17088K) NonClass: 14209K(14464K)->14209K(14464K) Class: 2421K(2624K)->2421K(2624K)
[31.869s][info][gc             ] GC(38) Pause Young (Allocation Failure) 672M->481M(989M) 446.623ms
[31.869s][info][gc,cpu         ] GC(38) User=0.47s Sys=0.00s Real=0.45s
[32.100s][info][gc,start       ] GC(39) Pause Young (Allocation Failure)
[32.603s][info][gc,heap        ] GC(39) DefNew: 314559K(314560K)->34944K(314560K) Eden: 279616K(279616K)->0K(279616K) From: 34943K(34944K)->34944K(34944K)
[32.603s][info][gc,heap        ] GC(39) Tenured: 458602K(699072K)->575416K(699072K)
[32.603s][info][gc,metaspace   ] GC(39) Metaspace: 16631K(17088K)->16631K(17088K) NonClass: 14209K(14464K)->14209K(14464K) Class: 2421K(2624K)->2421K(2624K)
[32.603s][info][gc             ] GC(39) Pause Young (Allocation Failure) 755M->596M(989M) 502.613ms
[32.603s][info][gc,cpu         ] GC(39) User=0.50s Sys=0.00s Real=0.50s
[32.842s][info][gc,start       ] GC(40) Pause Young (Allocation Failure)
[32.855s][info][gc             ] GC(40) Pause Young (Allocation Failure) 869M->869M(989M) 13.059ms
[32.855s][info][gc,cpu         ] GC(40) User=0.00s Sys=0.00s Real=0.02s
[32.855s][info][gc,start       ] GC(41) Pause Full (Allocation Failure)
[32.855s][info][gc,phases,start] GC(41) Phase 1: Mark live objects
[33.188s][info][gc,phases      ] GC(41) Phase 1: Mark live objects 333.272ms
[33.188s][info][gc,phases,start] GC(41) Phase 2: Compute new object addresses
[33.446s][info][gc,phases      ] GC(41) Phase 2: Compute new object addresses 258.038ms
[33.446s][info][gc,phases,start] GC(41) Phase 3: Adjust pointers
[33.637s][info][gc,phases      ] GC(41) Phase 3: Adjust pointers 190.856ms
[33.637s][info][gc,phases,start] GC(41) Phase 4: Move objects
[33.753s][info][gc,phases      ] GC(41) Phase 4: Move objects 115.891ms
[33.754s][info][gc,heap        ] GC(41) DefNew: 314560K(314560K)->0K(314560K) Eden: 279616K(279616K)->0K(279616K) From: 34944K(34944K)->0K(34944K)
[33.754s][info][gc,heap        ] GC(41) Tenured: 575416K(699072K)->268052K(699072K)
[33.754s][info][gc,metaspace   ] GC(41) Metaspace: 16631K(17088K)->16631K(17088K) NonClass: 14209K(14464K)->14209K(14464K) Class: 2421K(2624K)->2421K(2624K)
[33.754s][info][gc             ] GC(41) Pause Full (Allocation Failure) 869M->261M(989M) 898.718ms
[33.754s][info][gc,cpu         ] GC(41) User=0.89s Sys=0.00s Real=0.89s
[34.000s][info][gc,start       ] GC(42) Pause Young (Allocation Failure)
[34.350s][info][gc,heap        ] GC(42) DefNew: 279616K(314560K)->34944K(314560K) Eden: 279616K(279616K)->0K(279616K) From: 0K(34944K)->34944K(34944K)
[34.350s][info][gc,heap        ] GC(42) Tenured: 268052K(699072K)->349399K(699072K)
[34.350s][info][gc,metaspace   ] GC(42) Metaspace: 16631K(17088K)->16631K(17088K) NonClass: 14209K(14464K)->14209K(14464K) Class: 2421K(2624K)->2421K(2624K)
[34.350s][info][gc             ] GC(42) Pause Young (Allocation Failure) 534M->375M(989M) 350.447ms
[34.350s][info][gc,cpu         ] GC(42) User=0.36s Sys=0.00s Real=0.36s
[35.123s][info][gc,start       ] GC(43) Pause Young (Allocation Failure)
[35.602s][info][gc,heap        ] GC(43) DefNew: 314560K(314560K)->34943K(314560K) Eden: 279616K(279616K)->0K(279616K) From: 34944K(34944K)->34943K(34944K)
[35.602s][info][gc,heap        ] GC(43) Tenured: 349399K(699072K)->444355K(699072K)
[35.603s][info][gc,metaspace   ] GC(43) Metaspace: 16631K(17088K)->16631K(17088K) NonClass: 14209K(14464K)->14209K(14464K) Class: 2421K(2624K)->2421K(2624K)
[35.603s][info][gc             ] GC(43) Pause Young (Allocation Failure) 648M->468M(989M) 479.300ms
[35.603s][info][gc,cpu         ] GC(43) User=0.48s Sys=0.00s Real=0.48s
[36.058s][info][gc,start       ] GC(44) Pause Young (Allocation Failure)
[36.245s][info][gc,heap        ] GC(44) DefNew: 314559K(314560K)->2748K(314560K) Eden: 279616K(279616K)->0K(279616K) From: 34943K(34944K)->2748K(34944K)
[36.245s][info][gc,heap        ] GC(44) Tenured: 444355K(699072K)->467210K(699072K)
[36.245s][info][gc,metaspace   ] GC(44) Metaspace: 16631K(17088K)->16631K(17088K) NonClass: 14209K(14464K)->14209K(14464K) Class: 2421K(2624K)->2421K(2624K)
[36.245s][info][gc             ] GC(44) Pause Young (Allocation Failure) 741M->458M(989M) 187.173ms
[36.245s][info][gc,cpu         ] GC(44) User=0.19s Sys=0.00s Real=0.19s
[38.013s][info][gc,start       ] GC(45) Pause Full (System.gc())
[38.014s][info][gc,phases,start] GC(45) Phase 1: Mark live objects
[38.036s][info][gc,phases      ] GC(45) Phase 1: Mark live objects 22.603ms
[38.036s][info][gc,phases,start] GC(45) Phase 2: Compute new object addresses
[38.238s][info][gc,phases      ] GC(45) Phase 2: Compute new object addresses 201.596ms
[38.238s][info][gc,phases,start] GC(45) Phase 3: Adjust pointers
[38.245s][info][gc,phases      ] GC(45) Phase 3: Adjust pointers 7.700ms
[38.246s][info][gc,phases,start] GC(45) Phase 4: Move objects
[38.246s][info][gc,phases      ] GC(45) Phase 4: Move objects 0.013ms
[38.246s][info][gc,heap        ] GC(45) DefNew: 254421K(314560K)->0K(314560K) Eden: 251673K(279616K)->0K(279616K) From: 2748K(34944K)->0K(34944K)
[38.246s][info][gc,heap        ] GC(45) Tenured: 467210K(699072K)->35459K(699072K)
[38.246s][info][gc,metaspace   ] GC(45) Metaspace: 16631K(17088K)->16631K(17088K) NonClass: 14209K(14464K)->14209K(14464K) Class: 2421K(2624K)->2421K(2624K)
[38.246s][info][gc             ] GC(45) Pause Full (System.gc()) 704M->34M(989M) 232.476ms
[38.246s][info][gc,cpu         ] GC(45) User=0.22s Sys=0.00s Real=0.22s
[39.878s][info][gc,start       ] GC(46) Pause Young (Allocation Failure)
[39.883s][info][gc,heap        ] GC(46) DefNew: 279616K(314560K)->1505K(314560K) Eden: 279616K(279616K)->0K(279616K) From: 0K(34944K)->1505K(34944K)
[39.883s][info][gc,heap        ] GC(46) Tenured: 35459K(699072K)->35459K(699072K)
[39.883s][info][gc,metaspace   ] GC(46) Metaspace: 16631K(17088K)->16631K(17088K) NonClass: 14210K(14464K)->14210K(14464K) Class: 2421K(2624K)->2421K(2624K)
[39.883s][info][gc             ] GC(46) Pause Young (Allocation Failure) 307M->36M(989M) 4.967ms
[39.883s][info][gc,cpu         ] GC(46) User=0.02s Sys=0.00s Real=0.01s
[39.914s][info][gc,start       ] GC(47) Pause Young (Allocation Failure)
[39.918s][info][gc,heap        ] GC(47) DefNew: 281121K(314560K)->1481K(314560K) Eden: 279616K(279616K)->0K(279616K) From: 1505K(34944K)->1481K(34944K)
[39.918s][info][gc,heap        ] GC(47) Tenured: 35459K(699072K)->35459K(699072K)
[39.918s][info][gc,metaspace   ] GC(47) Metaspace: 16631K(17088K)->16631K(17088K) NonClass: 14210K(14464K)->14210K(14464K) Class: 2421K(2624K)->2421K(2624K)
[39.918s][info][gc             ] GC(47) Pause Young (Allocation Failure) 309M->36M(989M) 4.146ms
[39.918s][info][gc,cpu         ] GC(47) User=0.02s Sys=0.00s Real=0.02s
[39.949s][info][gc,start       ] GC(48) Pause Young (Allocation Failure)
[39.953s][info][gc,heap        ] GC(48) DefNew: 281097K(314560K)->1394K(314560K) Eden: 279616K(279616K)->0K(279616K) From: 1481K(34944K)->1394K(34944K)
[39.953s][info][gc,heap        ] GC(48) Tenured: 35459K(699072K)->35459K(699072K)
[39.953s][info][gc,metaspace   ] GC(48) Metaspace: 16631K(17088K)->16631K(17088K) NonClass: 14210K(14464K)->14210K(14464K) Class: 2421K(2624K)->2421K(2624K)
[39.953s][info][gc             ] GC(48) Pause Young (Allocation Failure) 309M->35M(989M) 3.949ms
[39.953s][info][gc,cpu         ] GC(48) User=0.00s Sys=0.00s Real=0.00s
[39.984s][info][gc,start       ] GC(49) Pause Young (Allocation Failure)
[39.988s][info][gc,heap        ] GC(49) DefNew: 281010K(314560K)->1503K(314560K) Eden: 279616K(279616K)->0K(279616K) From: 1394K(34944K)->1503K(34944K)
[39.988s][info][gc,heap        ] GC(49) Tenured: 35459K(699072K)->35459K(699072K)
[39.988s][info][gc,metaspace   ] GC(49) Metaspace: 16631K(17088K)->16631K(17088K) NonClass: 14210K(14464K)->14210K(14464K) Class: 2421K(2624K)->2421K(2624K)
[39.988s][info][gc             ] GC(49) Pause Young (Allocation Failure) 309M->36M(989M) 4.225ms
[39.988s][info][gc,cpu         ] GC(49) User=0.02s Sys=0.00s Real=0.02s
[40.019s][info][gc,start       ] GC(50) Pause Young (Allocation Failure)
[40.023s][info][gc,heap        ] GC(50) DefNew: 281119K(314560K)->1484K(314560K) Eden: 279616K(279616K)->0K(279616K) From: 1503K(34944K)->1484K(34944K)
[40.023s][info][gc,heap        ] GC(50) Tenured: 35459K(699072K)->35459K(699072K)
[40.023s][info][gc,metaspace   ] GC(50) Metaspace: 16631K(17088K)->16631K(17088K) NonClass: 14210K(14464K)->14210K(14464K) Class: 2421K(2624K)->2421K(2624K)
[40.023s][info][gc             ] GC(50) Pause Young (Allocation Failure) 309M->36M(989M) 4.182ms
[40.023s][info][gc,cpu         ] GC(50) User=0.02s Sys=0.00s Real=0.02s
[40.052s][info][gc,start       ] GC(51) Pause Young (Allocation Failure)
[40.056s][info][gc,heap        ] GC(51) DefNew: 281100K(314560K)->1451K(314560K) Eden: 279616K(279616K)->0K(279616K) From: 1484K(34944K)->1451K(34944K)
[40.056s][info][gc,heap        ] GC(51) Tenured: 35459K(699072K)->35459K(699072K)
[40.056s][info][gc,metaspace   ] GC(51) Metaspace: 16631K(17088K)->16631K(17088K) NonClass: 14210K(14464K)->14210K(14464K) Class: 2421K(2624K)->2421K(2624K)
[40.056s][info][gc             ] GC(51) Pause Young (Allocation Failure) 309M->36M(989M) 4.101ms
[40.056s][info][gc,cpu         ] GC(51) User=0.02s Sys=0.00s Real=0.02s
[40.087s][info][gc,start       ] GC(52) Pause Young (Allocation Failure)
[40.091s][info][gc,heap        ] GC(52) DefNew: 281067K(314560K)->1425K(314560K) Eden: 279616K(279616K)->0K(279616K) From: 1451K(34944K)->1425K(34944K)
[40.091s][info][gc,heap        ] GC(52) Tenured: 35459K(699072K)->35459K(699072K)
[40.091s][info][gc,metaspace   ] GC(52) Metaspace: 16631K(17088K)->16631K(17088K) NonClass: 14210K(14464K)->14210K(14464K) Class: 2421K(2624K)->2421K(2624K)
[40.091s][info][gc             ] GC(52) Pause Young (Allocation Failure) 309M->36M(989M) 4.034ms
[40.091s][info][gc,cpu         ] GC(52) User=0.02s Sys=0.00s Real=0.02s
[40.122s][info][gc,start       ] GC(53) Pause Young (Allocation Failure)
[40.126s][info][gc,heap        ] GC(53) DefNew: 281041K(314560K)->1400K(314560K) Eden: 279616K(279616K)->0K(279616K) From: 1425K(34944K)->1400K(34944K)
[40.126s][info][gc,heap        ] GC(53) Tenured: 35459K(699072K)->35459K(699072K)
[40.126s][info][gc,metaspace   ] GC(53) Metaspace: 16631K(17088K)->16631K(17088K) NonClass: 14210K(14464K)->14210K(14464K) Class: 2421K(2624K)->2421K(2624K)
[40.126s][info][gc             ] GC(53) Pause Young (Allocation Failure) 309M->35M(989M) 4.005ms
[40.126s][info][gc,cpu         ] GC(53) User=0.02s Sys=0.00s Real=0.02s
[40.157s][info][gc,start       ] GC(54) Pause Young (Allocation Failure)
[40.161s][info][gc,heap        ] GC(54) DefNew: 281016K(314560K)->1198K(314560K) Eden: 279616K(279616K)->0K(279616K) From: 1400K(34944K)->1198K(34944K)
[40.161s][info][gc,heap        ] GC(54) Tenured: 35459K(699072K)->35459K(699072K)
[40.161s][info][gc,metaspace   ] GC(54) Metaspace: 16631K(17088K)->16631K(17088K) NonClass: 14210K(14464K)->14210K(14464K) Class: 2421K(2624K)->2421K(2624K)
[40.161s][info][gc             ] GC(54) Pause Young (Allocation Failure) 309M->35M(989M) 3.487ms
[40.161s][info][gc,cpu         ] GC(54) User=0.02s Sys=0.00s Real=0.02s
[40.193s][info][gc,start       ] GC(55) Pause Young (Allocation Failure)
[40.196s][info][gc,heap        ] GC(55) DefNew: 280814K(314560K)->1241K(314560K) Eden: 279616K(279616K)->0K(279616K) From: 1198K(34944K)->1241K(34944K)
[40.196s][info][gc,heap        ] GC(55) Tenured: 35459K(699072K)->35459K(699072K)
[40.196s][info][gc,metaspace   ] GC(55) Metaspace: 16631K(17088K)->16631K(17088K) NonClass: 14210K(14464K)->14210K(14464K) Class: 2421K(2624K)->2421K(2624K)
[40.196s][info][gc             ] GC(55) Pause Young (Allocation Failure) 308M->35M(989M) 3.647ms
[40.196s][info][gc,cpu         ] GC(55) User=0.00s Sys=0.00s Real=0.00s
[40.229s][info][gc,start       ] GC(56) Pause Young (Allocation Failure)
[40.233s][info][gc,heap        ] GC(56) DefNew: 280857K(314560K)->1247K(314560K) Eden: 279616K(279616K)->0K(279616K) From: 1241K(34944K)->1247K(34944K)
[40.233s][info][gc,heap        ] GC(56) Tenured: 35459K(699072K)->35459K(699072K)
[40.233s][info][gc,metaspace   ] GC(56) Metaspace: 16631K(17088K)->16631K(17088K) NonClass: 14210K(14464K)->14210K(14464K) Class: 2421K(2624K)->2421K(2624K)
[40.233s][info][gc             ] GC(56) Pause Young (Allocation Failure) 308M->35M(989M) 3.616ms
[40.233s][info][gc,cpu         ] GC(56) User=0.00s Sys=0.00s Real=0.00s
[40.269s][info][gc,start       ] GC(57) Pause Young (Allocation Failure)
[40.276s][info][gc,heap        ] GC(57) DefNew: 280863K(314560K)->5266K(314560K) Eden: 279616K(279616K)->0K(279616K) From: 1247K(34944K)->5266K(34944K)
[40.276s][info][gc,heap        ] GC(57) Tenured: 35459K(699072K)->35459K(699072K)
[40.276s][info][gc,metaspace   ] GC(57) Metaspace: 16631K(17088K)->16631K(17088K) NonClass: 14210K(14464K)->14210K(14464K) Class: 2421K(2624K)->2421K(2624K)
[40.276s][info][gc             ] GC(57) Pause Young (Allocation Failure) 308M->39M(989M) 6.535ms
[40.276s][info][gc,cpu         ] GC(57) User=0.00s Sys=0.00s Real=0.00s
[40.547s][info][gc,start       ] GC(58) Pause Young (Allocation Failure)
[41.083s][info][gc,heap        ] GC(58) DefNew: 284882K(314560K)->34943K(314560K) Eden: 279616K(279616K)->0K(279616K) From: 5266K(34944K)->34943K(34944K)
[41.083s][info][gc,heap        ] GC(58) Tenured: 35459K(699072K)->183291K(699072K)
[41.083s][info][gc,metaspace   ] GC(58) Metaspace: 16631K(17088K)->16631K(17088K) NonClass: 14210K(14464K)->14210K(14464K) Class: 2421K(2624K)->2421K(2624K)
[41.083s][info][gc             ] GC(58) Pause Young (Allocation Failure) 312M->213M(989M) 536.186ms
[41.083s][info][gc,cpu         ] GC(58) User=0.55s Sys=0.02s Real=0.55s
[41.381s][info][gc,start       ] GC(59) Pause Young (Allocation Failure)
[42.188s][info][gc,heap        ] GC(59) DefNew: 314559K(314560K)->34943K(314560K) Eden: 279616K(279616K)->0K(279616K) From: 34943K(34944K)->34943K(34944K)
[42.188s][info][gc,heap        ] GC(59) Tenured: 183291K(699072K)->364723K(699072K)
[42.188s][info][gc,metaspace   ] GC(59) Metaspace: 16631K(17088K)->16631K(17088K) NonClass: 14210K(14464K)->14210K(14464K) Class: 2421K(2624K)->2421K(2624K)
[42.188s][info][gc             ] GC(59) Pause Young (Allocation Failure) 486M->390M(989M) 806.371ms
[42.188s][info][gc,cpu         ] GC(59) User=0.81s Sys=0.00s Real=0.82s
[49.380s][info][gc,start       ] GC(60) Pause Young (Allocation Failure)
[49.792s][info][gc,heap        ] GC(60) DefNew: 314559K(314560K)->34943K(314560K) Eden: 279616K(279616K)->0K(279616K) From: 34943K(34944K)->34943K(34944K)
[49.792s][info][gc,heap        ] GC(60) Tenured: 364723K(699072K)->447667K(699072K)
[49.792s][info][gc,metaspace   ] GC(60) Metaspace: 16633K(17088K)->16633K(17088K) NonClass: 14211K(14464K)->14211K(14464K) Class: 2421K(2624K)->2421K(2624K)
[49.792s][info][gc             ] GC(60) Pause Young (Allocation Failure) 663M->471M(989M) 412.370ms
[49.792s][info][gc,cpu         ] GC(60) User=0.41s Sys=0.00s Real=0.41s
[50.023s][info][gc,start       ] GC(61) Pause Young (Allocation Failure)
[50.523s][info][gc,heap        ] GC(61) DefNew: 314559K(314560K)->34944K(314560K) Eden: 279616K(279616K)->0K(279616K) From: 34943K(34944K)->34944K(34944K)
[50.523s][info][gc,heap        ] GC(61) Tenured: 447667K(699072K)->564131K(699072K)
[50.523s][info][gc,metaspace   ] GC(61) Metaspace: 16633K(17088K)->16633K(17088K) NonClass: 14211K(14464K)->14211K(14464K) Class: 2421K(2624K)->2421K(2624K)
[50.523s][info][gc             ] GC(61) Pause Young (Allocation Failure) 744M->585M(989M) 500.517ms
[50.523s][info][gc,cpu         ] GC(61) User=0.50s Sys=0.00s Real=0.50s
[50.760s][info][gc,start       ] GC(62) Pause Young (Allocation Failure)
[50.760s][info][gc             ] GC(62) Pause Young (Allocation Failure) 858M->858M(989M) 0.170ms
[50.760s][info][gc,cpu         ] GC(62) User=0.00s Sys=0.00s Real=0.00s
[50.760s][info][gc,start       ] GC(63) Pause Full (Allocation Failure)
[50.760s][info][gc,phases,start] GC(63) Phase 1: Mark live objects
[51.079s][info][gc,phases      ] GC(63) Phase 1: Mark live objects 318.780ms
[51.079s][info][gc,phases,start] GC(63) Phase 2: Compute new object addresses
[51.334s][info][gc,phases      ] GC(63) Phase 2: Compute new object addresses 254.277ms
[51.334s][info][gc,phases,start] GC(63) Phase 3: Adjust pointers
[51.519s][info][gc,phases      ] GC(63) Phase 3: Adjust pointers 185.526ms
[51.519s][info][gc,phases,start] GC(63) Phase 4: Move objects
[51.630s][info][gc,phases      ] GC(63) Phase 4: Move objects 111.070ms
[51.631s][info][gc,heap        ] GC(63) DefNew: 314560K(314560K)->0K(314560K) Eden: 279616K(279616K)->0K(279616K) From: 34944K(34944K)->0K(34944K)
[51.631s][info][gc,heap        ] GC(63) Tenured: 564131K(699072K)->284893K(699072K)
[51.631s][info][gc,metaspace   ] GC(63) Metaspace: 16633K(17088K)->16633K(17088K) NonClass: 14211K(14464K)->14211K(14464K) Class: 2421K(2624K)->2421K(2624K)
[51.631s][info][gc             ] GC(63) Pause Full (Allocation Failure) 858M->278M(989M) 870.296ms
[51.631s][info][gc,cpu         ] GC(63) User=0.86s Sys=0.00s Real=0.86s
[51.873s][info][gc,start       ] GC(64) Pause Young (Allocation Failure)
[52.224s][info][gc,heap        ] GC(64) DefNew: 279616K(314560K)->34944K(314560K) Eden: 279616K(279616K)->0K(279616K) From: 0K(34944K)->34944K(34944K)
[52.224s][info][gc,heap        ] GC(64) Tenured: 284893K(699072K)->365620K(699072K)
[52.224s][info][gc,metaspace   ] GC(64) Metaspace: 16633K(17088K)->16633K(17088K) NonClass: 14211K(14464K)->14211K(14464K) Class: 2421K(2624K)->2421K(2624K)
[52.224s][info][gc             ] GC(64) Pause Young (Allocation Failure) 551M->391M(989M) 350.463ms
[52.224s][info][gc,cpu         ] GC(64) User=0.36s Sys=0.00s Real=0.36s
[52.942s][info][gc,start       ] GC(65) Pause Young (Allocation Failure)
[53.448s][info][gc,heap        ] GC(65) DefNew: 314560K(314560K)->34944K(314560K) Eden: 279616K(279616K)->0K(279616K) From: 34944K(34944K)->34944K(34944K)
[53.448s][info][gc,heap        ] GC(65) Tenured: 365620K(699072K)->469718K(699072K)
[53.448s][info][gc,metaspace   ] GC(65) Metaspace: 16633K(17088K)->16633K(17088K) NonClass: 14211K(14464K)->14211K(14464K) Class: 2421K(2624K)->2421K(2624K)
[53.448s][info][gc             ] GC(65) Pause Young (Allocation Failure) 664M->492M(989M) 505.868ms
[53.448s][info][gc,cpu         ] GC(65) User=0.52s Sys=0.00s Real=0.51s
[53.903s][info][gc,start       ] GC(66) Pause Young (Allocation Failure)
[54.094s][info][gc,heap        ] GC(66) DefNew: 314560K(314560K)->2941K(314560K) Eden: 279616K(279616K)->0K(279616K) From: 34944K(34944K)->2941K(34944K)
[54.094s][info][gc,heap        ] GC(66) Tenured: 469718K(699072K)->493142K(699072K)
[54.094s][info][gc,metaspace   ] GC(66) Metaspace: 16633K(17088K)->16633K(17088K) NonClass: 14211K(14464K)->14211K(14464K) Class: 2421K(2624K)->2421K(2624K)
[54.094s][info][gc             ] GC(66) Pause Young (Allocation Failure) 765M->484M(989M) 191.399ms
[54.094s][info][gc,cpu         ] GC(66) User=0.19s Sys=0.00s Real=0.19s
[55.900s][info][gc,start       ] GC(67) Pause Full (System.gc())
[55.900s][info][gc,phases,start] GC(67) Phase 1: Mark live objects
[55.925s][info][gc,phases      ] GC(67) Phase 1: Mark live objects 24.530ms
[55.925s][info][gc,phases,start] GC(67) Phase 2: Compute new object addresses
[56.133s][info][gc,phases      ] GC(67) Phase 2: Compute new object addresses 207.948ms
[56.133s][info][gc,phases,start] GC(67) Phase 3: Adjust pointers
[56.141s][info][gc,phases      ] GC(67) Phase 3: Adjust pointers 8.246ms
[56.141s][info][gc,phases,start] GC(67) Phase 4: Move objects
[56.142s][info][gc,phases      ] GC(67) Phase 4: Move objects 0.354ms
[56.142s][info][gc,heap        ] GC(67) DefNew: 281976K(314560K)->0K(314560K) Eden: 279035K(279616K)->0K(279616K) From: 2941K(34944K)->0K(34944K)
[56.142s][info][gc,heap        ] GC(67) Tenured: 493142K(699072K)->48135K(699072K)
[56.142s][info][gc,metaspace   ] GC(67) Metaspace: 16633K(17088K)->16633K(17088K) NonClass: 14211K(14464K)->14211K(14464K) Class: 2421K(2624K)->2421K(2624K)
[56.142s][info][gc             ] GC(67) Pause Full (System.gc()) 756M->47M(989M) 241.666ms
[56.142s][info][gc,cpu         ] GC(67) User=0.23s Sys=0.00s Real=0.23s
[57.787s][info][gc,start       ] GC(68) Pause Young (Allocation Failure)
[57.792s][info][gc,heap        ] GC(68) DefNew: 279616K(314560K)->1498K(314560K) Eden: 279616K(279616K)->0K(279616K) From: 0K(34944K)->1498K(34944K)
[57.792s][info][gc,heap        ] GC(68) Tenured: 48135K(699072K)->48135K(699072K)
[57.792s][info][gc,metaspace   ] GC(68) Metaspace: 16634K(17088K)->16634K(17088K) NonClass: 14212K(14464K)->14212K(14464K) Class: 2421K(2624K)->2421K(2624K)
[57.792s][info][gc             ] GC(68) Pause Young (Allocation Failure) 320M->48M(989M) 4.404ms
[57.792s][info][gc,cpu         ] GC(68) User=0.02s Sys=0.00s Real=0.02s
[57.823s][info][gc,start       ] GC(69) Pause Young (Allocation Failure)
[57.827s][info][gc,heap        ] GC(69) DefNew: 281114K(314560K)->1540K(314560K) Eden: 279616K(279616K)->0K(279616K) From: 1498K(34944K)->1540K(34944K)
[57.827s][info][gc,heap        ] GC(69) Tenured: 48135K(699072K)->48135K(699072K)
[57.827s][info][gc,metaspace   ] GC(69) Metaspace: 16634K(17088K)->16634K(17088K) NonClass: 14212K(14464K)->14212K(14464K) Class: 2421K(2624K)->2421K(2624K)
[57.827s][info][gc             ] GC(69) Pause Young (Allocation Failure) 321M->48M(989M) 4.339ms
[57.827s][info][gc,cpu         ] GC(69) User=0.00s Sys=0.00s Real=0.00s
[57.859s][info][gc,start       ] GC(70) Pause Young (Allocation Failure)
[57.863s][info][gc,heap        ] GC(70) DefNew: 281156K(314560K)->1532K(314560K) Eden: 279616K(279616K)->0K(279616K) From: 1540K(34944K)->1532K(34944K)
[57.863s][info][gc,heap        ] GC(70) Tenured: 48135K(699072K)->48135K(699072K)
[57.863s][info][gc,metaspace   ] GC(70) Metaspace: 16634K(17088K)->16634K(17088K) NonClass: 14212K(14464K)->14212K(14464K) Class: 2421K(2624K)->2421K(2624K)
[57.863s][info][gc             ] GC(70) Pause Young (Allocation Failure) 321M->48M(989M) 4.294ms
[57.863s][info][gc,cpu         ] GC(70) User=0.02s Sys=0.00s Real=0.01s
[57.893s][info][gc,start       ] GC(71) Pause Young (Allocation Failure)
[57.897s][info][gc,heap        ] GC(71) DefNew: 281148K(314560K)->1448K(314560K) Eden: 279616K(279616K)->0K(279616K) From: 1532K(34944K)->1448K(34944K)
[57.897s][info][gc,heap        ] GC(71) Tenured: 48135K(699072K)->48135K(699072K)
[57.897s][info][gc,metaspace   ] GC(71) Metaspace: 16634K(17088K)->16634K(17088K) NonClass: 14212K(14464K)->14212K(14464K) Class: 2421K(2624K)->2421K(2624K)
[57.897s][info][gc             ] GC(71) Pause Young (Allocation Failure) 321M->48M(989M) 4.119ms
[57.897s][info][gc,cpu         ] GC(71) User=0.02s Sys=0.00s Real=0.02s
[57.928s][info][gc,start       ] GC(72) Pause Young (Allocation Failure)
[57.932s][info][gc,heap        ] GC(72) DefNew: 281064K(314560K)->1486K(314560K) Eden: 279616K(279616K)->0K(279616K) From: 1448K(34944K)->1486K(34944K)
[57.932s][info][gc,heap        ] GC(72) Tenured: 48135K(699072K)->48135K(699072K)
[57.932s][info][gc,metaspace   ] GC(72) Metaspace: 16634K(17088K)->16634K(17088K) NonClass: 14212K(14464K)->14212K(14464K) Class: 2421K(2624K)->2421K(2624K)
[57.932s][info][gc             ] GC(72) Pause Young (Allocation Failure) 321M->48M(989M) 4.146ms
[57.932s][info][gc,cpu         ] GC(72) User=0.00s Sys=0.00s Real=0.00s
[57.964s][info][gc,start       ] GC(73) Pause Young (Allocation Failure)
[57.968s][info][gc,heap        ] GC(73) DefNew: 281102K(314560K)->1498K(314560K) Eden: 279616K(279616K)->0K(279616K) From: 1486K(34944K)->1498K(34944K)
[57.968s][info][gc,heap        ] GC(73) Tenured: 48135K(699072K)->48135K(699072K)
[57.968s][info][gc,metaspace   ] GC(73) Metaspace: 16634K(17088K)->16634K(17088K) NonClass: 14212K(14464K)->14212K(14464K) Class: 2421K(2624K)->2421K(2624K)
[57.968s][info][gc             ] GC(73) Pause Young (Allocation Failure) 321M->48M(989M) 4.236ms
[57.968s][info][gc,cpu         ] GC(73) User=0.00s Sys=0.00s Real=0.00s
[57.999s][info][gc,start       ] GC(74) Pause Young (Allocation Failure)
[58.019s][info][gc,heap        ] GC(74) DefNew: 281114K(314560K)->1488K(314560K) Eden: 279616K(279616K)->0K(279616K) From: 1498K(34944K)->1488K(34944K)
[58.032s][info][gc,heap        ] GC(74) Tenured: 48135K(699072K)->48135K(699072K)
[58.032s][info][gc,metaspace   ] GC(74) Metaspace: 16634K(17088K)->16634K(17088K) NonClass: 14212K(14464K)->14212K(14464K) Class: 2421K(2624K)->2421K(2624K)
[58.032s][info][gc             ] GC(74) Pause Young (Allocation Failure) 321M->48M(989M) 33.334ms
[58.032s][info][gc,cpu         ] GC(74) User=0.00s Sys=0.00s Real=0.03s
[58.067s][info][gc,start       ] GC(75) Pause Young (Allocation Failure)
[58.072s][info][gc,heap        ] GC(75) DefNew: 281104K(314560K)->1477K(314560K) Eden: 279616K(279616K)->0K(279616K) From: 1488K(34944K)->1477K(34944K)
[58.072s][info][gc,heap        ] GC(75) Tenured: 48135K(699072K)->48135K(699072K)
[58.072s][info][gc,metaspace   ] GC(75) Metaspace: 16634K(17088K)->16634K(17088K) NonClass: 14212K(14464K)->14212K(14464K) Class: 2421K(2624K)->2421K(2624K)
[58.072s][info][gc             ] GC(75) Pause Young (Allocation Failure) 321M->48M(989M) 4.440ms
[58.072s][info][gc,cpu         ] GC(75) User=0.00s Sys=0.00s Real=0.00s
[58.104s][info][gc,start       ] GC(76) Pause Young (Allocation Failure)
[58.107s][info][gc,heap        ] GC(76) DefNew: 281093K(314560K)->1252K(314560K) Eden: 279616K(279616K)->0K(279616K) From: 1477K(34944K)->1252K(34944K)
[58.107s][info][gc,heap        ] GC(76) Tenured: 48135K(699072K)->48135K(699072K)
[58.107s][info][gc,metaspace   ] GC(76) Metaspace: 16634K(17088K)->16634K(17088K) NonClass: 14212K(14464K)->14212K(14464K) Class: 2421K(2624K)->2421K(2624K)
[58.107s][info][gc             ] GC(76) Pause Young (Allocation Failure) 321M->48M(989M) 3.698ms
[58.107s][info][gc,cpu         ] GC(76) User=0.00s Sys=0.02s Real=0.02s
[58.138s][info][gc,start       ] GC(77) Pause Young (Allocation Failure)
[58.142s][info][gc,heap        ] GC(77) DefNew: 280868K(314560K)->1295K(314560K) Eden: 279616K(279616K)->0K(279616K) From: 1252K(34944K)->1295K(34944K)
[58.142s][info][gc,heap        ] GC(77) Tenured: 48135K(699072K)->48135K(699072K)
[58.142s][info][gc,metaspace   ] GC(77) Metaspace: 16634K(17088K)->16634K(17088K) NonClass: 14212K(14464K)->14212K(14464K) Class: 2421K(2624K)->2421K(2624K)
[58.142s][info][gc             ] GC(77) Pause Young (Allocation Failure) 321M->48M(989M) 3.856ms
[58.142s][info][gc,cpu         ] GC(77) User=0.02s Sys=0.00s Real=0.02s
[58.174s][info][gc,start       ] GC(78) Pause Young (Allocation Failure)
[58.177s][info][gc,heap        ] GC(78) DefNew: 280911K(314560K)->1236K(314560K) Eden: 279616K(279616K)->0K(279616K) From: 1295K(34944K)->1236K(34944K)
[58.177s][info][gc,heap        ] GC(78) Tenured: 48135K(699072K)->48135K(699072K)
[58.177s][info][gc,metaspace   ] GC(78) Metaspace: 16634K(17088K)->16634K(17088K) NonClass: 14212K(14464K)->14212K(14464K) Class: 2421K(2624K)->2421K(2624K)
[58.177s][info][gc             ] GC(78) Pause Young (Allocation Failure) 321M->48M(989M) 3.669ms
[58.177s][info][gc,cpu         ] GC(78) User=0.02s Sys=0.00s Real=0.01s
[58.216s][info][gc,start       ] GC(79) Pause Young (Allocation Failure)
[58.228s][info][gc,heap        ] GC(79) DefNew: 280852K(314560K)->7900K(314560K) Eden: 279616K(279616K)->0K(279616K) From: 1236K(34944K)->7900K(34944K)
[58.228s][info][gc,heap        ] GC(79) Tenured: 48135K(699072K)->48135K(699072K)
[58.228s][info][gc,metaspace   ] GC(79) Metaspace: 16634K(17088K)->16634K(17088K) NonClass: 14212K(14464K)->14212K(14464K) Class: 2421K(2624K)->2421K(2624K)
[58.228s][info][gc             ] GC(79) Pause Young (Allocation Failure) 321M->54M(989M) 12.540ms
[58.228s][info][gc,cpu         ] GC(79) User=0.02s Sys=0.00s Real=0.02s
[58.502s][info][gc,start       ] GC(80) Pause Young (Allocation Failure)
[59.049s][info][gc,heap        ] GC(80) DefNew: 287516K(314560K)->34944K(314560K) Eden: 279616K(279616K)->0K(279616K) From: 7900K(34944K)->34944K(34944K)
[59.049s][info][gc,heap        ] GC(80) Tenured: 48135K(699072K)->198322K(699072K)
[59.049s][info][gc,metaspace   ] GC(80) Metaspace: 16634K(17088K)->16634K(17088K) NonClass: 14212K(14464K)->14212K(14464K) Class: 2421K(2624K)->2421K(2624K)
[59.049s][info][gc             ] GC(80) Pause Young (Allocation Failure) 327M->227M(989M) 547.200ms
[59.049s][info][gc,cpu         ] GC(80) User=0.55s Sys=0.00s Real=0.55s
[59.349s][info][gc,start       ] GC(81) Pause Young (Allocation Failure)
[60.152s][info][gc,heap        ] GC(81) DefNew: 314560K(314560K)->34943K(314560K) Eden: 279616K(279616K)->0K(279616K) From: 34944K(34944K)->34943K(34944K)
[60.152s][info][gc,heap        ] GC(81) Tenured: 198322K(699072K)->380685K(699072K)
[60.152s][info][gc,metaspace   ] GC(81) Metaspace: 16634K(17088K)->16634K(17088K) NonClass: 14212K(14464K)->14212K(14464K) Class: 2421K(2624K)->2421K(2624K)
[60.152s][info][gc             ] GC(81) Pause Young (Allocation Failure) 500M->405M(989M) 803.679ms
[60.152s][info][gc,cpu         ] GC(81) User=0.81s Sys=0.00s Real=0.81s
[67.192s][info][gc,start       ] GC(82) Pause Young (Allocation Failure)
[67.649s][info][gc,heap        ] GC(82) DefNew: 314559K(314560K)->34944K(314560K) Eden: 279616K(279616K)->0K(279616K) From: 34943K(34944K)->34944K(34944K)
[67.649s][info][gc,heap        ] GC(82) Tenured: 380685K(699072K)->470893K(699072K)
[67.649s][info][gc,metaspace   ] GC(82) Metaspace: 16637K(17088K)->16637K(17088K) NonClass: 14215K(14464K)->14215K(14464K) Class: 2421K(2624K)->2421K(2624K)
[67.649s][info][gc             ] GC(82) Pause Young (Allocation Failure) 678M->493M(989M) 457.142ms
[67.649s][info][gc,cpu         ] GC(82) User=0.45s Sys=0.00s Real=0.46s
[67.900s][info][gc,start       ] GC(83) Pause Young (Allocation Failure)
[67.900s][info][gc             ] GC(83) Pause Young (Allocation Failure) 767M->767M(989M) 0.179ms
[67.901s][info][gc,cpu         ] GC(83) User=0.00s Sys=0.00s Real=0.00s
[67.901s][info][gc,start       ] GC(84) Pause Full (Allocation Failure)
[67.901s][info][gc,phases,start] GC(84) Phase 1: Mark live objects
[68.129s][info][gc,phases      ] GC(84) Phase 1: Mark live objects 228.176ms
[68.129s][info][gc,phases,start] GC(84) Phase 2: Compute new object addresses
[68.349s][info][gc,phases      ] GC(84) Phase 2: Compute new object addresses 220.056ms
[68.349s][info][gc,phases,start] GC(84) Phase 3: Adjust pointers
[68.477s][info][gc,phases      ] GC(84) Phase 3: Adjust pointers 128.163ms
[68.477s][info][gc,phases,start] GC(84) Phase 4: Move objects
[68.557s][info][gc,phases      ] GC(84) Phase 4: Move objects 79.345ms
[68.557s][info][gc,heap        ] GC(84) DefNew: 314560K(314560K)->0K(314560K) Eden: 279616K(279616K)->0K(279616K) From: 34944K(34944K)->0K(34944K)
[68.557s][info][gc,heap        ] GC(84) Tenured: 470893K(699072K)->162971K(699072K)
[68.557s][info][gc,metaspace   ] GC(84) Metaspace: 16637K(17088K)->16637K(17088K) NonClass: 14215K(14464K)->14215K(14464K) Class: 2421K(2624K)->2421K(2624K)
[68.557s][info][gc             ] GC(84) Pause Full (Allocation Failure) 767M->159M(989M) 656.390ms
[68.557s][info][gc,cpu         ] GC(84) User=0.64s Sys=0.00s Real=0.65s
[68.834s][info][gc,start       ] GC(85) Pause Young (Allocation Failure)
[69.186s][info][gc,heap        ] GC(85) DefNew: 279616K(314560K)->34944K(314560K) Eden: 279616K(279616K)->0K(279616K) From: 0K(34944K)->34944K(34944K)
[69.186s][info][gc,heap        ] GC(85) Tenured: 162971K(699072K)->245726K(699072K)
[69.186s][info][gc,metaspace   ] GC(85) Metaspace: 16637K(17088K)->16637K(17088K) NonClass: 14215K(14464K)->14215K(14464K) Class: 2421K(2624K)->2421K(2624K)
[69.186s][info][gc             ] GC(85) Pause Young (Allocation Failure) 432M->274M(989M) 351.788ms
[69.186s][info][gc,cpu         ] GC(85) User=0.36s Sys=0.00s Real=0.36s
[69.443s][info][gc,start       ] GC(86) Pause Young (Allocation Failure)
[69.914s][info][gc,heap        ] GC(86) DefNew: 314560K(314560K)->34943K(314560K) Eden: 279616K(279616K)->0K(279616K) From: 34944K(34944K)->34943K(34944K)
[69.914s][info][gc,heap        ] GC(86) Tenured: 245726K(699072K)->363232K(699072K)
[69.914s][info][gc,metaspace   ] GC(86) Metaspace: 16637K(17088K)->16637K(17088K) NonClass: 14215K(14464K)->14215K(14464K) Class: 2421K(2624K)->2421K(2624K)
[69.914s][info][gc             ] GC(86) Pause Young (Allocation Failure) 547M->388M(989M) 470.511ms
[69.914s][info][gc,cpu         ] GC(86) User=0.47s Sys=0.00s Real=0.47s
[70.498s][info][gc,start       ] GC(87) Pause Young (Allocation Failure)
[70.914s][info][gc,heap        ] GC(87) DefNew: 314559K(314560K)->34944K(314560K) Eden: 279616K(279616K)->0K(279616K) From: 34943K(34944K)->34944K(34944K)
[70.914s][info][gc,heap        ] GC(87) Tenured: 363232K(699072K)->450131K(699072K)
[70.914s][info][gc,metaspace   ] GC(87) Metaspace: 16637K(17088K)->16637K(17088K) NonClass: 14215K(14464K)->14215K(14464K) Class: 2421K(2624K)->2421K(2624K)
[70.914s][info][gc             ] GC(87) Pause Young (Allocation Failure) 661M->473M(989M) 416.193ms
[70.914s][info][gc,cpu         ] GC(87) User=0.41s Sys=0.00s Real=0.41s
[71.400s][info][gc,start       ] GC(88) Pause Young (Allocation Failure)
[71.553s][info][gc,heap        ] GC(88) DefNew: 314560K(314560K)->2633K(314560K) Eden: 279616K(279616K)->0K(279616K) From: 34944K(34944K)->2633K(34944K)
[71.553s][info][gc,heap        ] GC(88) Tenured: 450131K(699072K)->472244K(699072K)
[71.553s][info][gc,metaspace   ] GC(88) Metaspace: 16637K(17088K)->16637K(17088K) NonClass: 14215K(14464K)->14215K(14464K) Class: 2421K(2624K)->2421K(2624K)
[71.553s][info][gc             ] GC(88) Pause Young (Allocation Failure) 746M->463M(989M) 153.628ms
[71.553s][info][gc,cpu         ] GC(88) User=0.16s Sys=0.00s Real=0.16s
[73.325s][info][gc,start       ] GC(89) Pause Full (System.gc())
[73.325s][info][gc,phases,start] GC(89) Phase 1: Mark live objects
[73.351s][info][gc,phases      ] GC(89) Phase 1: Mark live objects 25.670ms
[73.351s][info][gc,phases,start] GC(89) Phase 2: Compute new object addresses
[73.549s][info][gc,phases      ] GC(89) Phase 2: Compute new object addresses 197.700ms
[73.549s][info][gc,phases,start] GC(89) Phase 3: Adjust pointers
[73.558s][info][gc,phases      ] GC(89) Phase 3: Adjust pointers 8.726ms
[73.558s][info][gc,phases,start] GC(89) Phase 4: Move objects
[73.558s][info][gc,phases      ] GC(89) Phase 4: Move objects 0.016ms
[73.558s][info][gc,heap        ] GC(89) DefNew: 236661K(314560K)->0K(314560K) Eden: 234028K(279616K)->0K(279616K) From: 2633K(34944K)->0K(34944K)
[73.558s][info][gc,heap        ] GC(89) Tenured: 472244K(699072K)->42233K(699072K)
[73.558s][info][gc,metaspace   ] GC(89) Metaspace: 16637K(17088K)->16637K(17088K) NonClass: 14216K(14464K)->14216K(14464K) Class: 2421K(2624K)->2421K(2624K)
[73.558s][info][gc             ] GC(89) Pause Full (System.gc()) 692M->41M(989M) 232.690ms
[73.558s][info][gc,cpu         ] GC(89) User=0.22s Sys=0.00s Real=0.22s
[75.181s][info][gc,start       ] GC(90) Pause Young (Allocation Failure)
[75.185s][info][gc,heap        ] GC(90) DefNew: 279616K(314560K)->1497K(314560K) Eden: 279616K(279616K)->0K(279616K) From: 0K(34944K)->1497K(34944K)
[75.185s][info][gc,heap        ] GC(90) Tenured: 42233K(699072K)->42233K(699072K)
[75.186s][info][gc,metaspace   ] GC(90) Metaspace: 16640K(17088K)->16640K(17088K) NonClass: 14219K(14464K)->14219K(14464K) Class: 2421K(2624K)->2421K(2624K)
[75.186s][info][gc             ] GC(90) Pause Young (Allocation Failure) 314M->42M(989M) 5.020ms
[75.186s][info][gc,cpu         ] GC(90) User=0.00s Sys=0.00s Real=0.00s
[75.216s][info][gc,start       ] GC(91) Pause Young (Allocation Failure)
[75.220s][info][gc,heap        ] GC(91) DefNew: 281113K(314560K)->1519K(314560K) Eden: 279616K(279616K)->0K(279616K) From: 1497K(34944K)->1519K(34944K)
[75.220s][info][gc,heap        ] GC(91) Tenured: 42233K(699072K)->42233K(699072K)
[75.220s][info][gc,metaspace   ] GC(91) Metaspace: 16640K(17088K)->16640K(17088K) NonClass: 14219K(14464K)->14219K(14464K) Class: 2421K(2624K)->2421K(2624K)
[75.220s][info][gc             ] GC(91) Pause Young (Allocation Failure) 315M->42M(989M) 4.269ms
[75.220s][info][gc,cpu         ] GC(91) User=0.02s Sys=0.00s Real=0.02s
[75.250s][info][gc,start       ] GC(92) Pause Young (Allocation Failure)
[75.255s][info][gc,heap        ] GC(92) DefNew: 281135K(314560K)->1564K(314560K) Eden: 279616K(279616K)->0K(279616K) From: 1519K(34944K)->1564K(34944K)
[75.255s][info][gc,heap        ] GC(92) Tenured: 42233K(699072K)->42233K(699072K)
[75.255s][info][gc,metaspace   ] GC(92) Metaspace: 16640K(17088K)->16640K(17088K) NonClass: 14219K(14464K)->14219K(14464K) Class: 2421K(2624K)->2421K(2624K)
[75.255s][info][gc             ] GC(92) Pause Young (Allocation Failure) 315M->42M(989M) 4.383ms
[75.255s][info][gc,cpu         ] GC(92) User=0.02s Sys=0.00s Real=0.02s
[75.285s][info][gc,start       ] GC(93) Pause Young (Allocation Failure)
[75.289s][info][gc,heap        ] GC(93) DefNew: 281180K(314560K)->1466K(314560K) Eden: 279616K(279616K)->0K(279616K) From: 1564K(34944K)->1466K(34944K)
[75.289s][info][gc,heap        ] GC(93) Tenured: 42233K(699072K)->42233K(699072K)
[75.289s][info][gc,metaspace   ] GC(93) Metaspace: 16640K(17088K)->16640K(17088K) NonClass: 14219K(14464K)->14219K(14464K) Class: 2421K(2624K)->2421K(2624K)
[75.289s][info][gc             ] GC(93) Pause Young (Allocation Failure) 315M->42M(989M) 4.158ms
[75.289s][info][gc,cpu         ] GC(93) User=0.02s Sys=0.00s Real=0.02s
[75.319s][info][gc,start       ] GC(94) Pause Young (Allocation Failure)
[75.323s][info][gc,heap        ] GC(94) DefNew: 281082K(314560K)->1542K(314560K) Eden: 279616K(279616K)->0K(279616K) From: 1466K(34944K)->1542K(34944K)
[75.323s][info][gc,heap        ] GC(94) Tenured: 42233K(699072K)->42233K(699072K)
[75.323s][info][gc,metaspace   ] GC(94) Metaspace: 16640K(17088K)->16640K(17088K) NonClass: 14219K(14464K)->14219K(14464K) Class: 2421K(2624K)->2421K(2624K)
[75.323s][info][gc             ] GC(94) Pause Young (Allocation Failure) 315M->42M(989M) 4.384ms
[75.324s][info][gc,cpu         ] GC(94) User=0.02s Sys=0.00s Real=0.02s
[75.353s][info][gc,start       ] GC(95) Pause Young (Allocation Failure)
[75.357s][info][gc,heap        ] GC(95) DefNew: 281158K(314560K)->1529K(314560K) Eden: 279616K(279616K)->0K(279616K) From: 1542K(34944K)->1529K(34944K)
[75.358s][info][gc,heap        ] GC(95) Tenured: 42233K(699072K)->42233K(699072K)
[75.358s][info][gc,metaspace   ] GC(95) Metaspace: 16640K(17088K)->16640K(17088K) NonClass: 14219K(14464K)->14219K(14464K) Class: 2421K(2624K)->2421K(2624K)
[75.358s][info][gc             ] GC(95) Pause Young (Allocation Failure) 315M->42M(989M) 4.328ms
[75.358s][info][gc,cpu         ] GC(95) User=0.02s Sys=0.00s Real=0.02s
[75.387s][info][gc,start       ] GC(96) Pause Young (Allocation Failure)
[75.391s][info][gc,heap        ] GC(96) DefNew: 281145K(314560K)->1605K(314560K) Eden: 279616K(279616K)->0K(279616K) From: 1529K(34944K)->1605K(34944K)
[75.391s][info][gc,heap        ] GC(96) Tenured: 42233K(699072K)->42233K(699072K)
[75.391s][info][gc,metaspace   ] GC(96) Metaspace: 16640K(17088K)->16640K(17088K) NonClass: 14219K(14464K)->14219K(14464K) Class: 2421K(2624K)->2421K(2624K)
[75.391s][info][gc             ] GC(96) Pause Young (Allocation Failure) 315M->42M(989M) 4.480ms
[75.391s][info][gc,cpu         ] GC(96) User=0.02s Sys=0.00s Real=0.01s
[75.422s][info][gc,start       ] GC(97) Pause Young (Allocation Failure)
[75.426s][info][gc,heap        ] GC(97) DefNew: 281221K(314560K)->1486K(314560K) Eden: 279616K(279616K)->0K(279616K) From: 1605K(34944K)->1486K(34944K)
[75.426s][info][gc,heap        ] GC(97) Tenured: 42233K(699072K)->42233K(699072K)
[75.426s][info][gc,metaspace   ] GC(97) Metaspace: 16640K(17088K)->16640K(17088K) NonClass: 14219K(14464K)->14219K(14464K) Class: 2421K(2624K)->2421K(2624K)
[75.426s][info][gc             ] GC(97) Pause Young (Allocation Failure) 315M->42M(989M) 4.249ms
[75.426s][info][gc,cpu         ] GC(97) User=0.02s Sys=0.00s Real=0.02s
[75.457s][info][gc,start       ] GC(98) Pause Young (Allocation Failure)
[75.461s][info][gc,heap        ] GC(98) DefNew: 281102K(314560K)->1313K(314560K) Eden: 279616K(279616K)->0K(279616K) From: 1486K(34944K)->1313K(34944K)
[75.461s][info][gc,heap        ] GC(98) Tenured: 42233K(699072K)->42233K(699072K)
[75.461s][info][gc,metaspace   ] GC(98) Metaspace: 16640K(17088K)->16640K(17088K) NonClass: 14219K(14464K)->14219K(14464K) Class: 2421K(2624K)->2421K(2624K)
[75.461s][info][gc             ] GC(98) Pause Young (Allocation Failure) 315M->42M(989M) 3.918ms
[75.461s][info][gc,cpu         ] GC(98) User=0.02s Sys=0.00s Real=0.02s
[75.492s][info][gc,start       ] GC(99) Pause Young (Allocation Failure)
[75.496s][info][gc,heap        ] GC(99) DefNew: 280929K(314560K)->1321K(314560K) Eden: 279616K(279616K)->0K(279616K) From: 1313K(34944K)->1321K(34944K)
[75.496s][info][gc,heap        ] GC(99) Tenured: 42233K(699072K)->42233K(699072K)
[75.496s][info][gc,metaspace   ] GC(99) Metaspace: 16640K(17088K)->16640K(17088K) NonClass: 14219K(14464K)->14219K(14464K) Class: 2421K(2624K)->2421K(2624K)
[75.496s][info][gc             ] GC(99) Pause Young (Allocation Failure) 315M->42M(989M) 3.866ms
[75.496s][info][gc,cpu         ] GC(99) User=0.02s Sys=0.00s Real=0.02s
[75.526s][info][gc,start       ] GC(100) Pause Young (Allocation Failure)
[75.530s][info][gc,heap        ] GC(100) DefNew: 280937K(314560K)->1325K(314560K) Eden: 279616K(279616K)->0K(279616K) From: 1321K(34944K)->1325K(34944K)
[75.530s][info][gc,heap        ] GC(100) Tenured: 42233K(699072K)->42233K(699072K)
[75.530s][info][gc,metaspace   ] GC(100) Metaspace: 16640K(17088K)->16640K(17088K) NonClass: 14219K(14464K)->14219K(14464K) Class: 2421K(2624K)->2421K(2624K)
[75.530s][info][gc             ] GC(100) Pause Young (Allocation Failure) 315M->42M(989M) 3.837ms
[75.530s][info][gc,cpu         ] GC(100) User=0.00s Sys=0.00s Real=0.00s
[75.562s][info][gc,start       ] GC(101) Pause Young (Allocation Failure)
[75.564s][info][gc,heap        ] GC(101) DefNew: 280941K(314560K)->709K(314560K) Eden: 279616K(279616K)->0K(279616K) From: 1325K(34944K)->709K(34944K)
[75.565s][info][gc,heap        ] GC(101) Tenured: 42233K(699072K)->42233K(699072K)
[75.565s][info][gc,metaspace   ] GC(101) Metaspace: 16640K(17088K)->16640K(17088K) NonClass: 14219K(14464K)->14219K(14464K) Class: 2421K(2624K)->2421K(2624K)
[75.565s][info][gc             ] GC(101) Pause Young (Allocation Failure) 315M->41M(989M) 2.500ms
[75.565s][info][gc,cpu         ] GC(101) User=0.00s Sys=0.00s Real=0.00s
[75.829s][info][gc,start       ] GC(102) Pause Young (Allocation Failure)
[76.351s][info][gc,heap        ] GC(102) DefNew: 280325K(314560K)->34943K(314560K) Eden: 279616K(279616K)->0K(279616K) From: 709K(34944K)->34943K(34944K)
[76.351s][info][gc,heap        ] GC(102) Tenured: 42233K(699072K)->183315K(699072K)
[76.351s][info][gc,metaspace   ] GC(102) Metaspace: 16640K(17088K)->16640K(17088K) NonClass: 14219K(14464K)->14219K(14464K) Class: 2421K(2624K)->2421K(2624K)
[76.351s][info][gc             ] GC(102) Pause Young (Allocation Failure) 314M->213M(989M) 521.918ms
[76.351s][info][gc,cpu         ] GC(102) User=0.52s Sys=0.00s Real=0.52s
[76.650s][info][gc,start       ] GC(103) Pause Young (Allocation Failure)
[77.474s][info][gc,heap        ] GC(103) DefNew: 314559K(314560K)->34943K(314560K) Eden: 279616K(279616K)->0K(279616K) From: 34943K(34944K)->34943K(34944K)
[77.474s][info][gc,heap        ] GC(103) Tenured: 183315K(699072K)->365638K(699072K)
[77.474s][info][gc,metaspace   ] GC(103) Metaspace: 16640K(17088K)->16640K(17088K) NonClass: 14219K(14464K)->14219K(14464K) Class: 2421K(2624K)->2421K(2624K)
[77.474s][info][gc             ] GC(103) Pause Young (Allocation Failure) 486M->391M(989M) 823.331ms
[77.474s][info][gc,cpu         ] GC(103) User=0.83s Sys=0.00s Real=0.83s
[83.554s][info][gc,start       ] GC(104) Pause Young (Allocation Failure)
[84.005s][info][gc,heap        ] GC(104) DefNew: 314559K(314560K)->34944K(314560K) Eden: 279616K(279616K)->0K(279616K) From: 34943K(34944K)->34944K(34944K)
[84.005s][info][gc,heap        ] GC(104) Tenured: 365638K(699072K)->463072K(699072K)
[84.005s][info][gc,metaspace   ] GC(104) Metaspace: 16647K(17152K)->16647K(17152K) NonClass: 14225K(14528K)->14225K(14528K) Class: 2421K(2624K)->2421K(2624K)
[84.005s][info][gc             ] GC(104) Pause Young (Allocation Failure) 664M->486M(989M) 450.558ms
[84.005s][info][gc,cpu         ] GC(104) User=0.45s Sys=0.00s Real=0.45s
[84.231s][info][gc,start       ] GC(105) Pause Young (Allocation Failure)
[84.231s][info][gc             ] GC(105) Pause Young (Allocation Failure) 759M->759M(989M) 0.192ms
[84.231s][info][gc,cpu         ] GC(105) User=0.00s Sys=0.00s Real=0.00s
[84.231s][info][gc,start       ] GC(106) Pause Full (Allocation Failure)
[84.231s][info][gc,phases,start] GC(106) Phase 1: Mark live objects
[84.452s][info][gc,phases      ] GC(106) Phase 1: Mark live objects 221.169ms
[84.452s][info][gc,phases,start] GC(106) Phase 2: Compute new object addresses
[84.669s][info][gc,phases      ] GC(106) Phase 2: Compute new object addresses 216.183ms
[84.669s][info][gc,phases,start] GC(106) Phase 3: Adjust pointers
[84.796s][info][gc,phases      ] GC(106) Phase 3: Adjust pointers 127.022ms
[84.796s][info][gc,phases,start] GC(106) Phase 4: Move objects
[84.873s][info][gc,phases      ] GC(106) Phase 4: Move objects 77.362ms
[84.873s][info][gc,heap        ] GC(106) DefNew: 314560K(314560K)->0K(314560K) Eden: 279616K(279616K)->0K(279616K) From: 34944K(34944K)->0K(34944K)
[84.873s][info][gc,heap        ] GC(106) Tenured: 463072K(699072K)->186021K(699072K)
[84.873s][info][gc,metaspace   ] GC(106) Metaspace: 16647K(17152K)->16647K(17152K) NonClass: 14225K(14528K)->14225K(14528K) Class: 2421K(2624K)->2421K(2624K)
[84.873s][info][gc             ] GC(106) Pause Full (Allocation Failure) 759M->181M(989M) 642.375ms
[84.873s][info][gc,cpu         ] GC(106) User=0.63s Sys=0.00s Real=0.63s
[85.110s][info][gc,start       ] GC(107) Pause Young (Allocation Failure)
[85.451s][info][gc,heap        ] GC(107) DefNew: 279616K(314560K)->34944K(314560K) Eden: 279616K(279616K)->0K(279616K) From: 0K(34944K)->34944K(34944K)
[85.451s][info][gc,heap        ] GC(107) Tenured: 186021K(699072K)->265570K(699072K)
[85.451s][info][gc,metaspace   ] GC(107) Metaspace: 16647K(17152K)->16647K(17152K) NonClass: 14225K(14528K)->14225K(14528K) Class: 2421K(2624K)->2421K(2624K)
[85.451s][info][gc             ] GC(107) Pause Young (Allocation Failure) 454M->293M(989M) 340.926ms
[85.451s][info][gc,cpu         ] GC(107) User=0.36s Sys=0.00s Real=0.35s
[85.703s][info][gc,start       ] GC(108) Pause Young (Allocation Failure)
[86.160s][info][gc,heap        ] GC(108) DefNew: 314560K(314560K)->34943K(314560K) Eden: 279616K(279616K)->0K(279616K) From: 34944K(34944K)->34943K(34944K)
[86.160s][info][gc,heap        ] GC(108) Tenured: 265570K(699072K)->379992K(699072K)
[86.160s][info][gc,metaspace   ] GC(108) Metaspace: 16647K(17152K)->16647K(17152K) NonClass: 14225K(14528K)->14225K(14528K) Class: 2421K(2624K)->2421K(2624K)
[86.160s][info][gc             ] GC(108) Pause Young (Allocation Failure) 566M->405M(989M) 456.954ms
[86.160s][info][gc,cpu         ] GC(108) User=0.45s Sys=0.00s Real=0.45s
[86.722s][info][gc,start       ] GC(109) Pause Young (Allocation Failure)
[87.177s][info][gc,heap        ] GC(109) DefNew: 314559K(314560K)->34943K(314560K) Eden: 279616K(279616K)->0K(279616K) From: 34943K(34944K)->34943K(34944K)
[87.177s][info][gc,heap        ] GC(109) Tenured: 379992K(699072K)->481091K(699072K)
[87.177s][info][gc,metaspace   ] GC(109) Metaspace: 16647K(17152K)->16647K(17152K) NonClass: 14225K(14528K)->14225K(14528K) Class: 2421K(2624K)->2421K(2624K)
[87.177s][info][gc             ] GC(109) Pause Young (Allocation Failure) 678M->503M(989M) 455.306ms
[87.177s][info][gc,cpu         ] GC(109) User=0.45s Sys=0.00s Real=0.45s
[87.619s][info][gc,start       ] GC(110) Pause Young (Allocation Failure)
[87.699s][info][gc             ] GC(110) Pause Young (Allocation Failure) 777M->777M(989M) 79.159ms
[87.699s][info][gc,cpu         ] GC(110) User=0.00s Sys=0.00s Real=0.08s
[87.699s][info][gc,start       ] GC(111) Pause Full (Allocation Failure)
[87.699s][info][gc,phases,start] GC(111) Phase 1: Mark live objects
[88.153s][info][gc,phases      ] GC(111) Phase 1: Mark live objects 454.430ms
[88.153s][info][gc,phases,start] GC(111) Phase 2: Compute new object addresses
[88.387s][info][gc,phases      ] GC(111) Phase 2: Compute new object addresses 233.706ms
[88.387s][info][gc,phases,start] GC(111) Phase 3: Adjust pointers
[88.677s][info][gc,phases      ] GC(111) Phase 3: Adjust pointers 289.907ms
[88.677s][info][gc,phases,start] GC(111) Phase 4: Move objects
[88.793s][info][gc,phases      ] GC(111) Phase 4: Move objects 115.621ms
[88.793s][info][gc,heap        ] GC(111) DefNew: 314559K(314560K)->0K(314560K) Eden: 279616K(279616K)->0K(279616K) From: 34943K(34944K)->0K(34944K)
[88.793s][info][gc,heap        ] GC(111) Tenured: 481091K(699072K)->457700K(699072K)
[88.793s][info][gc,metaspace   ] GC(111) Metaspace: 16647K(17152K)->16647K(17152K) NonClass: 14225K(14528K)->14225K(14528K) Class: 2421K(2624K)->2421K(2624K)
[88.793s][info][gc             ] GC(111) Pause Full (Allocation Failure) 777M->446M(989M) 1094.345ms
[88.793s][info][gc,cpu         ] GC(111) User=1.09s Sys=0.00s Real=1.09s
[90.513s][info][gc,start       ] GC(112) Pause Young (Allocation Failure)
[90.521s][info][gc,heap        ] GC(112) DefNew: 279616K(314560K)->2074K(314560K) Eden: 279616K(279616K)->0K(279616K) From: 0K(34944K)->2074K(34944K)
[90.521s][info][gc,heap        ] GC(112) Tenured: 457700K(699072K)->457700K(699072K)
[90.521s][info][gc,metaspace   ] GC(112) Metaspace: 16647K(17152K)->16647K(17152K) NonClass: 14225K(14528K)->14225K(14528K) Class: 2421K(2624K)->2421K(2624K)
[90.521s][info][gc             ] GC(112) Pause Young (Allocation Failure) 720M->448M(989M) 7.309ms
[90.521s][info][gc,cpu         ] GC(112) User=0.00s Sys=0.00s Real=0.00s
[90.644s][info][gc,start       ] GC(113) Pause Full (System.gc())
[90.644s][info][gc,phases,start] GC(113) Phase 1: Mark live objects
[90.671s][info][gc,phases      ] GC(113) Phase 1: Mark live objects 26.763ms
[90.671s][info][gc,phases,start] GC(113) Phase 2: Compute new object addresses
[90.792s][info][gc,phases      ] GC(113) Phase 2: Compute new object addresses 120.858ms
[90.792s][info][gc,phases,start] GC(113) Phase 3: Adjust pointers
[90.802s][info][gc,phases      ] GC(113) Phase 3: Adjust pointers 9.734ms
[90.802s][info][gc,phases,start] GC(113) Phase 4: Move objects
[90.804s][info][gc,phases      ] GC(113) Phase 4: Move objects 2.222ms
[90.804s][info][gc,heap        ] GC(113) DefNew: 13126K(314560K)->0K(314560K) Eden: 11051K(279616K)->0K(279616K) From: 2074K(34944K)->0K(34944K)
[90.804s][info][gc,heap        ] GC(113) Tenured: 457700K(699072K)->17717K(699072K)
[90.804s][info][gc,metaspace   ] GC(113) Metaspace: 16647K(17152K)->16647K(17152K) NonClass: 14225K(14528K)->14225K(14528K) Class: 2421K(2624K)->2421K(2624K)
[90.804s][info][gc             ] GC(113) Pause Full (System.gc()) 459M->17M(989M) 160.182ms
[90.804s][info][gc,cpu         ] GC(113) User=0.16s Sys=0.00s Real=0.16s
[92.640s][info][gc,start       ] GC(114) Pause Young (Allocation Failure)
[92.645s][info][gc,heap        ] GC(114) DefNew: 279507K(314560K)->1440K(314560K) Eden: 279507K(279616K)->0K(279616K) From: 0K(34944K)->1440K(34944K)
[92.645s][info][gc,heap        ] GC(114) Tenured: 17717K(699072K)->17717K(699072K)
[92.645s][info][gc,metaspace   ] GC(114) Metaspace: 16647K(17152K)->16647K(17152K) NonClass: 14225K(14528K)->14225K(14528K) Class: 2421K(2624K)->2421K(2624K)
[92.645s][info][gc             ] GC(114) Pause Young (Allocation Failure) 290M->18M(989M) 4.410ms
[92.645s][info][gc,cpu         ] GC(114) User=0.02s Sys=0.00s Real=0.01s
[92.677s][info][gc,start       ] GC(115) Pause Young (Allocation Failure)
[92.681s][info][gc,heap        ] GC(115) DefNew: 281056K(314560K)->1479K(314560K) Eden: 279616K(279616K)->0K(279616K) From: 1440K(34944K)->1479K(34944K)
[92.681s][info][gc,heap        ] GC(115) Tenured: 17717K(699072K)->17717K(699072K)
[92.681s][info][gc,metaspace   ] GC(115) Metaspace: 16647K(17152K)->16647K(17152K) NonClass: 14225K(14528K)->14225K(14528K) Class: 2421K(2624K)->2421K(2624K)
[92.681s][info][gc             ] GC(115) Pause Young (Allocation Failure) 291M->18M(989M) 4.216ms
[92.681s][info][gc,cpu         ] GC(115) User=0.00s Sys=0.00s Real=0.00s
[92.711s][info][gc,start       ] GC(116) Pause Young (Allocation Failure)
[92.716s][info][gc,heap        ] GC(116) DefNew: 281095K(314560K)->1567K(314560K) Eden: 279616K(279616K)->0K(279616K) From: 1479K(34944K)->1567K(34944K)
[92.716s][info][gc,heap        ] GC(116) Tenured: 17717K(699072K)->17717K(699072K)
[92.716s][info][gc,metaspace   ] GC(116) Metaspace: 16647K(17152K)->16647K(17152K) NonClass: 14225K(14528K)->14225K(14528K) Class: 2421K(2624K)->2421K(2624K)
[92.716s][info][gc             ] GC(116) Pause Young (Allocation Failure) 291M->18M(989M) 4.377ms
[92.716s][info][gc,cpu         ] GC(116) User=0.00s Sys=0.00s Real=0.00s
[92.747s][info][gc,start       ] GC(117) Pause Young (Allocation Failure)
[92.751s][info][gc,heap        ] GC(117) DefNew: 281183K(314560K)->1513K(314560K) Eden: 279616K(279616K)->0K(279616K) From: 1567K(34944K)->1513K(34944K)
[92.751s][info][gc,heap        ] GC(117) Tenured: 17717K(699072K)->17717K(699072K)
[92.751s][info][gc,metaspace   ] GC(117) Metaspace: 16647K(17152K)->16647K(17152K) NonClass: 14225K(14528K)->14225K(14528K) Class: 2421K(2624K)->2421K(2624K)
[92.751s][info][gc             ] GC(117) Pause Young (Allocation Failure) 291M->18M(989M) 4.285ms
[92.751s][info][gc,cpu         ] GC(117) User=0.02s Sys=0.00s Real=0.02s
[92.782s][info][gc,start       ] GC(118) Pause Young (Allocation Failure)
[92.786s][info][gc,heap        ] GC(118) DefNew: 281129K(314560K)->1403K(314560K) Eden: 279616K(279616K)->0K(279616K) From: 1513K(34944K)->1403K(34944K)
[92.786s][info][gc,heap        ] GC(118) Tenured: 17717K(699072K)->17717K(699072K)
[92.786s][info][gc,metaspace   ] GC(118) Metaspace: 16647K(17152K)->16647K(17152K) NonClass: 14225K(14528K)->14225K(14528K) Class: 2421K(2624K)->2421K(2624K)
[92.786s][info][gc             ] GC(118) Pause Young (Allocation Failure) 291M->18M(989M) 4.011ms
[92.786s][info][gc,cpu         ] GC(118) User=0.00s Sys=0.00s Real=0.00s
[92.817s][info][gc,start       ] GC(119) Pause Young (Allocation Failure)
[92.821s][info][gc,heap        ] GC(119) DefNew: 281019K(314560K)->1532K(314560K) Eden: 279616K(279616K)->0K(279616K) From: 1403K(34944K)->1532K(34944K)
[92.821s][info][gc,heap        ] GC(119) Tenured: 17717K(699072K)->17717K(699072K)
[92.821s][info][gc,metaspace   ] GC(119) Metaspace: 16647K(17152K)->16647K(17152K) NonClass: 14225K(14528K)->14225K(14528K) Class: 2421K(2624K)->2421K(2624K)
[92.821s][info][gc             ] GC(119) Pause Young (Allocation Failure) 291M->18M(989M) 4.399ms
[92.821s][info][gc,cpu         ] GC(119) User=0.02s Sys=0.00s Real=0.02s
[92.852s][info][gc,start       ] GC(120) Pause Young (Allocation Failure)
[92.857s][info][gc,heap        ] GC(120) DefNew: 281148K(314560K)->1513K(314560K) Eden: 279616K(279616K)->0K(279616K) From: 1532K(34944K)->1513K(34944K)
[92.857s][info][gc,heap        ] GC(120) Tenured: 17717K(699072K)->17717K(699072K)
[92.857s][info][gc,metaspace   ] GC(120) Metaspace: 16647K(17152K)->16647K(17152K) NonClass: 14225K(14528K)->14225K(14528K) Class: 2421K(2624K)->2421K(2624K)
[92.857s][info][gc             ] GC(120) Pause Young (Allocation Failure) 291M->18M(989M) 4.323ms
[92.857s][info][gc,cpu         ] GC(120) User=0.02s Sys=0.00s Real=0.01s
[92.886s][info][gc,start       ] GC(121) Pause Young (Allocation Failure)
[92.890s][info][gc,heap        ] GC(121) DefNew: 281129K(314560K)->1450K(314560K) Eden: 279615K(279616K)->0K(279616K) From: 1513K(34944K)->1450K(34944K)
[92.890s][info][gc,heap        ] GC(121) Tenured: 17717K(699072K)->17717K(699072K)
[92.890s][info][gc,metaspace   ] GC(121) Metaspace: 16647K(17152K)->16647K(17152K) NonClass: 14225K(14528K)->14225K(14528K) Class: 2421K(2624K)->2421K(2624K)
[92.890s][info][gc             ] GC(121) Pause Young (Allocation Failure) 291M->18M(989M) 4.219ms
[92.890s][info][gc,cpu         ] GC(121) User=0.02s Sys=0.00s Real=0.02s
[92.920s][info][gc,start       ] GC(122) Pause Young (Allocation Failure)
[92.924s][info][gc,heap        ] GC(122) DefNew: 281066K(314560K)->1414K(314560K) Eden: 279616K(279616K)->0K(279616K) From: 1450K(34944K)->1414K(34944K)
[92.924s][info][gc,heap        ] GC(122) Tenured: 17717K(699072K)->17717K(699072K)
[92.924s][info][gc,metaspace   ] GC(122) Metaspace: 16647K(17152K)->16647K(17152K) NonClass: 14225K(14528K)->14225K(14528K) Class: 2421K(2624K)->2421K(2624K)
[92.925s][info][gc             ] GC(122) Pause Young (Allocation Failure) 291M->18M(989M) 4.095ms
[92.925s][info][gc,cpu         ] GC(122) User=0.02s Sys=0.00s Real=0.02s
[92.956s][info][gc,start       ] GC(123) Pause Young (Allocation Failure)
[92.960s][info][gc,heap        ] GC(123) DefNew: 281030K(314560K)->1341K(314560K) Eden: 279616K(279616K)->0K(279616K) From: 1414K(34944K)->1341K(34944K)
[92.960s][info][gc,heap        ] GC(123) Tenured: 17717K(699072K)->17717K(699072K)
[92.960s][info][gc,metaspace   ] GC(123) Metaspace: 16647K(17152K)->16647K(17152K) NonClass: 14225K(14528K)->14225K(14528K) Class: 2421K(2624K)->2421K(2624K)
[92.960s][info][gc             ] GC(123) Pause Young (Allocation Failure) 291M->18M(989M) 3.911ms
[92.960s][info][gc,cpu         ] GC(123) User=0.02s Sys=0.00s Real=0.02s
[92.991s][info][gc,start       ] GC(124) Pause Young (Allocation Failure)
[92.995s][info][gc,heap        ] GC(124) DefNew: 280957K(314560K)->1228K(314560K) Eden: 279616K(279616K)->0K(279616K) From: 1341K(34944K)->1228K(34944K)
[92.995s][info][gc,heap        ] GC(124) Tenured: 17717K(699072K)->17717K(699072K)
[92.995s][info][gc,metaspace   ] GC(124) Metaspace: 16647K(17152K)->16647K(17152K) NonClass: 14225K(14528K)->14225K(14528K) Class: 2421K(2624K)->2421K(2624K)
[92.995s][info][gc             ] GC(124) Pause Young (Allocation Failure) 291M->18M(989M) 3.641ms
[92.995s][info][gc,cpu         ] GC(124) User=0.02s Sys=0.00s Real=0.02s
[93.026s][info][gc,start       ] GC(125) Pause Young (Allocation Failure)
[93.029s][info][gc,heap        ] GC(125) DefNew: 280844K(314560K)->726K(314560K) Eden: 279615K(279616K)->0K(279616K) From: 1228K(34944K)->726K(34944K)
[93.029s][info][gc,heap        ] GC(125) Tenured: 17717K(699072K)->17717K(699072K)
[93.029s][info][gc,metaspace   ] GC(125) Metaspace: 16647K(17152K)->16647K(17152K) NonClass: 14225K(14528K)->14225K(14528K) Class: 2421K(2624K)->2421K(2624K)
[93.029s][info][gc             ] GC(125) Pause Young (Allocation Failure) 291M->18M(989M) 2.533ms
[93.029s][info][gc,cpu         ] GC(125) User=0.00s Sys=0.00s Real=0.00s
[93.291s][info][gc,start       ] GC(126) Pause Young (Allocation Failure)
[93.813s][info][gc,heap        ] GC(126) DefNew: 280342K(314560K)->34944K(314560K) Eden: 279616K(279616K)->0K(279616K) From: 726K(34944K)->34944K(34944K)
[93.813s][info][gc,heap        ] GC(126) Tenured: 17717K(699072K)->155778K(699072K)
[93.813s][info][gc,metaspace   ] GC(126) Metaspace: 16647K(17152K)->16647K(17152K) NonClass: 14225K(14528K)->14225K(14528K) Class: 2421K(2624K)->2421K(2624K)
[93.813s][info][gc             ] GC(126) Pause Young (Allocation Failure) 291M->186M(989M) 522.127ms
[93.813s][info][gc,cpu         ] GC(126) User=0.52s Sys=0.00s Real=0.52s
[94.114s][info][gc,start       ] GC(127) Pause Young (Allocation Failure)
[94.895s][info][gc,heap        ] GC(127) DefNew: 314560K(314560K)->34943K(314560K) Eden: 279616K(279616K)->0K(279616K) From: 34944K(34944K)->34943K(34944K)
[94.895s][info][gc,heap        ] GC(127) Tenured: 155778K(699072K)->338659K(699072K)
[94.895s][info][gc,metaspace   ] GC(127) Metaspace: 16647K(17152K)->16647K(17152K) NonClass: 14225K(14528K)->14225K(14528K) Class: 2421K(2624K)->2421K(2624K)
[94.895s][info][gc             ] GC(127) Pause Young (Allocation Failure) 459M->364M(989M) 781.184ms
[94.895s][info][gc,cpu         ] GC(127) User=0.78s Sys=0.00s Real=0.78s
[102.252s][info][gc,start       ] GC(128) Pause Young (Allocation Failure)
[102.692s][info][gc,heap        ] GC(128) DefNew: 314559K(314560K)->34944K(314560K) Eden: 279616K(279616K)->0K(279616K) From: 34943K(34944K)->34944K(34944K)
[102.692s][info][gc,heap        ] GC(128) Tenured: 338659K(699072K)->420480K(699072K)
[102.692s][info][gc,metaspace   ] GC(128) Metaspace: 16647K(17152K)->16647K(17152K) NonClass: 14225K(14528K)->14225K(14528K) Class: 2421K(2624K)->2421K(2624K)
[102.692s][info][gc             ] GC(128) Pause Young (Allocation Failure) 637M->444M(989M) 440.084ms
[102.692s][info][gc,cpu         ] GC(128) User=0.44s Sys=0.00s Real=0.44s
[102.926s][info][gc,start       ] GC(129) Pause Young (Allocation Failure)
[103.430s][info][gc,heap        ] GC(129) DefNew: 314560K(314560K)->34944K(314560K) Eden: 279616K(279616K)->0K(279616K) From: 34944K(34944K)->34944K(34944K)
[103.430s][info][gc,heap        ] GC(129) Tenured: 420480K(699072K)->539374K(699072K)
[103.430s][info][gc,metaspace   ] GC(129) Metaspace: 16647K(17152K)->16647K(17152K) NonClass: 14225K(14528K)->14225K(14528K) Class: 2421K(2624K)->2421K(2624K)
[103.430s][info][gc             ] GC(129) Pause Young (Allocation Failure) 717M->560M(989M) 504.474ms
[103.430s][info][gc,cpu         ] GC(129) User=0.50s Sys=0.00s Real=0.50s
[103.674s][info][gc,start       ] GC(130) Pause Young (Allocation Failure)
[103.674s][info][gc             ] GC(130) Pause Young (Allocation Failure) 833M->833M(989M) 0.188ms
[103.674s][info][gc,cpu         ] GC(130) User=0.00s Sys=0.00s Real=0.00s
[103.674s][info][gc,start       ] GC(131) Pause Full (Allocation Failure)
[103.674s][info][gc,phases,start] GC(131) Phase 1: Mark live objects
[103.985s][info][gc,phases      ] GC(131) Phase 1: Mark live objects 310.923ms
[103.985s][info][gc,phases,start] GC(131) Phase 2: Compute new object addresses
[104.241s][info][gc,phases      ] GC(131) Phase 2: Compute new object addresses 255.551ms
[104.241s][info][gc,phases,start] GC(131) Phase 3: Adjust pointers
[104.423s][info][gc,phases      ] GC(131) Phase 3: Adjust pointers 181.885ms
[104.423s][info][gc,phases,start] GC(131) Phase 4: Move objects
[104.532s][info][gc,phases      ] GC(131) Phase 4: Move objects 108.742ms
[104.532s][info][gc,heap        ] GC(131) DefNew: 314560K(314560K)->0K(314560K) Eden: 279616K(279616K)->0K(279616K) From: 34944K(34944K)->0K(34944K)
[104.532s][info][gc,heap        ] GC(131) Tenured: 539374K(699072K)->263507K(699072K)
[104.532s][info][gc,metaspace   ] GC(131) Metaspace: 16647K(17152K)->16647K(17152K) NonClass: 14225K(14528K)->14225K(14528K) Class: 2421K(2624K)->2421K(2624K)
[104.532s][info][gc             ] GC(131) Pause Full (Allocation Failure) 833M->257M(989M) 857.780ms
[104.532s][info][gc,cpu         ] GC(131) User=0.86s Sys=0.00s Real=0.86s
[104.779s][info][gc,start       ] GC(132) Pause Young (Allocation Failure)
[105.136s][info][gc,heap        ] GC(132) DefNew: 279616K(314560K)->34944K(314560K) Eden: 279616K(279616K)->0K(279616K) From: 0K(34944K)->34944K(34944K)
[105.136s][info][gc,heap        ] GC(132) Tenured: 263507K(699072K)->346149K(699072K)
[105.136s][info][gc,metaspace   ] GC(132) Metaspace: 16647K(17152K)->16647K(17152K) NonClass: 14225K(14528K)->14225K(14528K) Class: 2421K(2624K)->2421K(2624K)
[105.136s][info][gc             ] GC(132) Pause Young (Allocation Failure) 530M->372M(989M) 356.587ms
[105.136s][info][gc,cpu         ] GC(132) User=0.36s Sys=0.00s Real=0.36s
[105.835s][info][gc,start       ] GC(133) Pause Young (Allocation Failure)
[106.368s][info][gc,heap        ] GC(133) DefNew: 314560K(314560K)->34943K(314560K) Eden: 279616K(279616K)->0K(279616K) From: 34944K(34944K)->34943K(34944K)
[106.368s][info][gc,heap        ] GC(133) Tenured: 346149K(699072K)->453684K(699072K)
[106.368s][info][gc,metaspace   ] GC(133) Metaspace: 16647K(17152K)->16647K(17152K) NonClass: 14225K(14528K)->14225K(14528K) Class: 2421K(2624K)->2421K(2624K)
[106.368s][info][gc             ] GC(133) Pause Young (Allocation Failure) 645M->477M(989M) 533.394ms
[106.368s][info][gc,cpu         ] GC(133) User=0.53s Sys=0.00s Real=0.53s
[106.866s][info][gc,start       ] GC(134) Pause Young (Allocation Failure)
[106.866s][info][gc             ] GC(134) Pause Young (Allocation Failure) 750M->750M(989M) 0.221ms
[106.866s][info][gc,cpu         ] GC(134) User=0.00s Sys=0.00s Real=0.00s
[106.866s][info][gc,start       ] GC(135) Pause Full (Allocation Failure)
[106.866s][info][gc,phases,start] GC(135) Phase 1: Mark live objects
[107.398s][info][gc,phases      ] GC(135) Phase 1: Mark live objects 531.763ms
[107.398s][info][gc,phases,start] GC(135) Phase 2: Compute new object addresses
[107.645s][info][gc,phases      ] GC(135) Phase 2: Compute new object addresses 247.149ms
[107.645s][info][gc,phases,start] GC(135) Phase 3: Adjust pointers
[107.903s][info][gc,phases      ] GC(135) Phase 3: Adjust pointers 258.446ms
[107.903s][info][gc,phases,start] GC(135) Phase 4: Move objects
[107.957s][info][gc,phases      ] GC(135) Phase 4: Move objects 53.673ms
[107.957s][info][gc,heap        ] GC(135) DefNew: 314559K(314560K)->0K(314560K) Eden: 279616K(279616K)->0K(279616K) From: 34943K(34944K)->0K(34944K)
[107.957s][info][gc,heap        ] GC(135) Tenured: 453684K(699072K)->456611K(699072K)
[107.957s][info][gc,metaspace   ] GC(135) Metaspace: 16647K(17152K)->16647K(17152K) NonClass: 14225K(14528K)->14225K(14528K) Class: 2421K(2624K)->2421K(2624K)
[107.958s][info][gc             ] GC(135) Pause Full (Allocation Failure) 750M->445M(989M) 1091.701ms
[107.958s][info][gc,cpu         ] GC(135) User=1.09s Sys=0.00s Real=1.09s
[109.757s][info][gc,start       ] GC(136) Pause Full (System.gc())
[109.757s][info][gc,phases,start] GC(136) Phase 1: Mark live objects
[109.784s][info][gc,phases      ] GC(136) Phase 1: Mark live objects 26.710ms
[109.784s][info][gc,phases,start] GC(136) Phase 2: Compute new object addresses
[109.979s][info][gc,phases      ] GC(136) Phase 2: Compute new object addresses 195.203ms
[109.979s][info][gc,phases,start] GC(136) Phase 3: Adjust pointers
[109.989s][info][gc,phases      ] GC(136) Phase 3: Adjust pointers 10.231ms
[109.990s][info][gc,phases,start] GC(136) Phase 4: Move objects
[109.990s][info][gc,phases      ] GC(136) Phase 4: Move objects 0.013ms
[109.990s][info][gc,heap        ] GC(136) DefNew: 279501K(314560K)->0K(314560K) Eden: 279501K(279616K)->0K(279616K) From: 0K(34944K)->0K(34944K)
[109.990s][info][gc,heap        ] GC(136) Tenured: 456611K(699072K)->29180K(699072K)
[109.990s][info][gc,metaspace   ] GC(136) Metaspace: 16647K(17152K)->16647K(17152K) NonClass: 14225K(14528K)->14225K(14528K) Class: 2421K(2624K)->2421K(2624K)
[109.990s][info][gc             ] GC(136) Pause Full (System.gc()) 718M->28M(989M) 232.723ms
[109.990s][info][gc,cpu         ] GC(136) User=0.23s Sys=0.00s Real=0.23s
[111.851s][info][gc,start       ] GC(137) Pause Young (Allocation Failure)
[111.856s][info][gc,heap        ] GC(137) DefNew: 279616K(314560K)->1490K(314560K) Eden: 279616K(279616K)->0K(279616K) From: 0K(34944K)->1490K(34944K)
[111.856s][info][gc,heap        ] GC(137) Tenured: 29180K(699072K)->29180K(699072K)
[111.856s][info][gc,metaspace   ] GC(137) Metaspace: 16651K(17152K)->16651K(17152K) NonClass: 14229K(14528K)->14229K(14528K) Class: 2421K(2624K)->2421K(2624K)
[111.856s][info][gc             ] GC(137) Pause Young (Allocation Failure) 301M->29M(989M) 4.826ms
[111.856s][info][gc,cpu         ] GC(137) User=0.02s Sys=0.00s Real=0.02s
[111.887s][info][gc,start       ] GC(138) Pause Young (Allocation Failure)
[111.891s][info][gc,heap        ] GC(138) DefNew: 281106K(314560K)->1481K(314560K) Eden: 279616K(279616K)->0K(279616K) From: 1490K(34944K)->1481K(34944K)
[111.891s][info][gc,heap        ] GC(138) Tenured: 29180K(699072K)->29180K(699072K)
[111.891s][info][gc,metaspace   ] GC(138) Metaspace: 16651K(17152K)->16651K(17152K) NonClass: 14229K(14528K)->14229K(14528K) Class: 2421K(2624K)->2421K(2624K)
[111.891s][info][gc             ] GC(138) Pause Young (Allocation Failure) 303M->29M(989M) 4.283ms
[111.891s][info][gc,cpu         ] GC(138) User=0.02s Sys=0.00s Real=0.01s
[111.920s][info][gc,start       ] GC(139) Pause Young (Allocation Failure)
[111.924s][info][gc,heap        ] GC(139) DefNew: 281097K(314560K)->1478K(314560K) Eden: 279616K(279616K)->0K(279616K) From: 1481K(34944K)->1478K(34944K)
[111.924s][info][gc,heap        ] GC(139) Tenured: 29180K(699072K)->29180K(699072K)
[111.924s][info][gc,metaspace   ] GC(139) Metaspace: 16651K(17152K)->16651K(17152K) NonClass: 14229K(14528K)->14229K(14528K) Class: 2421K(2624K)->2421K(2624K)
[111.925s][info][gc             ] GC(139) Pause Young (Allocation Failure) 303M->29M(989M) 4.306ms
[111.925s][info][gc,cpu         ] GC(139) User=0.02s Sys=0.00s Real=0.02s
[111.955s][info][gc,start       ] GC(140) Pause Young (Allocation Failure)
[111.959s][info][gc,heap        ] GC(140) DefNew: 281094K(314560K)->1410K(314560K) Eden: 279616K(279616K)->0K(279616K) From: 1478K(34944K)->1410K(34944K)
[111.959s][info][gc,heap        ] GC(140) Tenured: 29180K(699072K)->29180K(699072K)
[111.959s][info][gc,metaspace   ] GC(140) Metaspace: 16651K(17152K)->16651K(17152K) NonClass: 14229K(14528K)->14229K(14528K) Class: 2421K(2624K)->2421K(2624K)
[111.959s][info][gc             ] GC(140) Pause Young (Allocation Failure) 303M->29M(989M) 4.164ms
[111.959s][info][gc,cpu         ] GC(140) User=0.02s Sys=0.00s Real=0.02s
[111.990s][info][gc,start       ] GC(141) Pause Young (Allocation Failure)
[111.994s][info][gc,heap        ] GC(141) DefNew: 281026K(314560K)->1467K(314560K) Eden: 279616K(279616K)->0K(279616K) From: 1410K(34944K)->1467K(34944K)
[111.994s][info][gc,heap        ] GC(141) Tenured: 29180K(699072K)->29180K(699072K)
[111.994s][info][gc,metaspace   ] GC(141) Metaspace: 16651K(17152K)->16651K(17152K) NonClass: 14229K(14528K)->14229K(14528K) Class: 2421K(2624K)->2421K(2624K)
[111.994s][info][gc             ] GC(141) Pause Young (Allocation Failure) 302M->29M(989M) 4.209ms
[111.994s][info][gc,cpu         ] GC(141) User=0.02s Sys=0.00s Real=0.01s
[112.024s][info][gc,start       ] GC(142) Pause Young (Allocation Failure)
[112.028s][info][gc,heap        ] GC(142) DefNew: 281083K(314560K)->1473K(314560K) Eden: 279616K(279616K)->0K(279616K) From: 1467K(34944K)->1473K(34944K)
[112.028s][info][gc,heap        ] GC(142) Tenured: 29180K(699072K)->29180K(699072K)
[112.028s][info][gc,metaspace   ] GC(142) Metaspace: 16651K(17152K)->16651K(17152K) NonClass: 14229K(14528K)->14229K(14528K) Class: 2421K(2624K)->2421K(2624K)
[112.028s][info][gc             ] GC(142) Pause Young (Allocation Failure) 302M->29M(989M) 4.280ms
[112.028s][info][gc,cpu         ] GC(142) User=0.02s Sys=0.00s Real=0.02s
[112.058s][info][gc,start       ] GC(143) Pause Young (Allocation Failure)
[112.062s][info][gc,heap        ] GC(143) DefNew: 281089K(314560K)->1386K(314560K) Eden: 279616K(279616K)->0K(279616K) From: 1473K(34944K)->1386K(34944K)
[112.062s][info][gc,heap        ] GC(143) Tenured: 29180K(699072K)->29180K(699072K)
[112.062s][info][gc,metaspace   ] GC(143) Metaspace: 16651K(17152K)->16651K(17152K) NonClass: 14229K(14528K)->14229K(14528K) Class: 2421K(2624K)->2421K(2624K)
[112.062s][info][gc             ] GC(143) Pause Young (Allocation Failure) 302M->29M(989M) 4.052ms
[112.062s][info][gc,cpu         ] GC(143) User=0.02s Sys=0.00s Real=0.01s
[112.093s][info][gc,start       ] GC(144) Pause Young (Allocation Failure)
[112.097s][info][gc,heap        ] GC(144) DefNew: 281002K(314560K)->1455K(314560K) Eden: 279616K(279616K)->0K(279616K) From: 1386K(34944K)->1455K(34944K)
[112.097s][info][gc,heap        ] GC(144) Tenured: 29180K(699072K)->29180K(699072K)
[112.097s][info][gc,metaspace   ] GC(144) Metaspace: 16651K(17152K)->16651K(17152K) NonClass: 14229K(14528K)->14229K(14528K) Class: 2421K(2624K)->2421K(2624K)
[112.097s][info][gc             ] GC(144) Pause Young (Allocation Failure) 302M->29M(989M) 4.186ms
[112.097s][info][gc,cpu         ] GC(144) User=0.02s Sys=0.00s Real=0.02s
[112.128s][info][gc,start       ] GC(145) Pause Young (Allocation Failure)
[112.132s][info][gc,heap        ] GC(145) DefNew: 281071K(314560K)->1307K(314560K) Eden: 279616K(279616K)->0K(279616K) From: 1455K(34944K)->1307K(34944K)
[112.132s][info][gc,heap        ] GC(145) Tenured: 29180K(699072K)->29180K(699072K)
[112.132s][info][gc,metaspace   ] GC(145) Metaspace: 16651K(17152K)->16651K(17152K) NonClass: 14229K(14528K)->14229K(14528K) Class: 2421K(2624K)->2421K(2624K)
[112.132s][info][gc             ] GC(145) Pause Young (Allocation Failure) 302M->29M(989M) 3.957ms
[112.132s][info][gc,cpu         ] GC(145) User=0.02s Sys=0.00s Real=0.02s
[112.162s][info][gc,start       ] GC(146) Pause Young (Allocation Failure)
[112.166s][info][gc,heap        ] GC(146) DefNew: 280923K(314560K)->1308K(314560K) Eden: 279616K(279616K)->0K(279616K) From: 1307K(34944K)->1308K(34944K)
[112.166s][info][gc,heap        ] GC(146) Tenured: 29180K(699072K)->29180K(699072K)
[112.166s][info][gc,metaspace   ] GC(146) Metaspace: 16651K(17152K)->16651K(17152K) NonClass: 14229K(14528K)->14229K(14528K) Class: 2421K(2624K)->2421K(2624K)
[112.166s][info][gc             ] GC(146) Pause Young (Allocation Failure) 302M->29M(989M) 3.908ms
[112.166s][info][gc,cpu         ] GC(146) User=0.02s Sys=0.00s Real=0.02s
[112.197s][info][gc,start       ] GC(147) Pause Young (Allocation Failure)
[112.200s][info][gc,heap        ] GC(147) DefNew: 280924K(314560K)->1280K(314560K) Eden: 279616K(279616K)->0K(279616K) From: 1308K(34944K)->1280K(34944K)
[112.200s][info][gc,heap        ] GC(147) Tenured: 29180K(699072K)->29180K(699072K)
[112.200s][info][gc,metaspace   ] GC(147) Metaspace: 16651K(17152K)->16651K(17152K) NonClass: 14229K(14528K)->14229K(14528K) Class: 2421K(2624K)->2421K(2624K)
[112.200s][info][gc             ] GC(147) Pause Young (Allocation Failure) 302M->29M(989M) 3.826ms
[112.200s][info][gc,cpu         ] GC(147) User=0.03s Sys=0.00s Real=0.01s
[112.233s][info][gc,start       ] GC(148) Pause Young (Allocation Failure)
[112.236s][info][gc,heap        ] GC(148) DefNew: 280896K(314560K)->760K(314560K) Eden: 279616K(279616K)->0K(279616K) From: 1280K(34944K)->760K(34944K)
[112.236s][info][gc,heap        ] GC(148) Tenured: 29180K(699072K)->29180K(699072K)
[112.236s][info][gc,metaspace   ] GC(148) Metaspace: 16651K(17152K)->16651K(17152K) NonClass: 14229K(14528K)->14229K(14528K) Class: 2421K(2624K)->2421K(2624K)
[112.236s][info][gc             ] GC(148) Pause Young (Allocation Failure) 302M->29M(989M) 2.690ms
[112.236s][info][gc,cpu         ] GC(148) User=0.00s Sys=0.00s Real=0.00s
[112.495s][info][gc,start       ] GC(149) Pause Young (Allocation Failure)
[113.007s][info][gc,heap        ] GC(149) DefNew: 280376K(314560K)->34943K(314560K) Eden: 279616K(279616K)->0K(279616K) From: 760K(34944K)->34943K(34944K)
[113.007s][info][gc,heap        ] GC(149) Tenured: 29180K(699072K)->166677K(699072K)
[113.007s][info][gc,metaspace   ] GC(149) Metaspace: 16651K(17152K)->16651K(17152K) NonClass: 14229K(14528K)->14229K(14528K) Class: 2421K(2624K)->2421K(2624K)
[113.007s][info][gc             ] GC(149) Pause Young (Allocation Failure) 302M->196M(989M) 511.647ms
[113.007s][info][gc,cpu         ] GC(149) User=0.52s Sys=0.00s Real=0.52s
[113.304s][info][gc,start       ] GC(150) Pause Young (Allocation Failure)
[114.073s][info][gc,heap        ] GC(150) DefNew: 314559K(314560K)->34943K(314560K) Eden: 279616K(279616K)->0K(279616K) From: 34943K(34944K)->34943K(34944K)
[114.074s][info][gc,heap        ] GC(150) Tenured: 166677K(699072K)->348494K(699072K)
[114.074s][info][gc,metaspace   ] GC(150) Metaspace: 16651K(17152K)->16651K(17152K) NonClass: 14229K(14528K)->14229K(14528K) Class: 2421K(2624K)->2421K(2624K)
[114.074s][info][gc             ] GC(150) Pause Young (Allocation Failure) 469M->374M(989M) 769.111ms
[114.074s][info][gc,cpu         ] GC(150) User=0.75s Sys=0.00s Real=0.76s
[121.901s][info][gc,start       ] GC(151) Pause Young (Allocation Failure)
[122.313s][info][gc,heap        ] GC(151) DefNew: 314559K(314560K)->34943K(314560K) Eden: 279616K(279616K)->0K(279616K) From: 34943K(34944K)->34943K(34944K)
[122.313s][info][gc,heap        ] GC(151) Tenured: 348494K(699072K)->425710K(699072K)
[122.313s][info][gc,metaspace   ] GC(151) Metaspace: 16651K(17152K)->16651K(17152K) NonClass: 14229K(14528K)->14229K(14528K) Class: 2421K(2624K)->2421K(2624K)
[122.313s][info][gc             ] GC(151) Pause Young (Allocation Failure) 647M->449M(989M) 412.025ms
[122.313s][info][gc,cpu         ] GC(151) User=0.39s Sys=0.00s Real=0.40s
[122.543s][info][gc,start       ] GC(152) Pause Young (Allocation Failure)
[123.045s][info][gc,heap        ] GC(152) DefNew: 314559K(314560K)->34944K(314560K) Eden: 279616K(279616K)->0K(279616K) From: 34943K(34944K)->34944K(34944K)
[123.045s][info][gc,heap        ] GC(152) Tenured: 425710K(699072K)->544777K(699072K)
[123.045s][info][gc,metaspace   ] GC(152) Metaspace: 16651K(17152K)->16651K(17152K) NonClass: 14229K(14528K)->14229K(14528K) Class: 2421K(2624K)->2421K(2624K)
[123.045s][info][gc             ] GC(152) Pause Young (Allocation Failure) 722M->566M(989M) 501.836ms
[123.045s][info][gc,cpu         ] GC(152) User=0.52s Sys=0.00s Real=0.51s
[123.286s][info][gc,start       ] GC(153) Pause Young (Allocation Failure)
[123.287s][info][gc             ] GC(153) Pause Young (Allocation Failure) 839M->839M(989M) 0.196ms
[123.287s][info][gc,cpu         ] GC(153) User=0.00s Sys=0.00s Real=0.00s
[123.287s][info][gc,start       ] GC(154) Pause Full (Allocation Failure)
[123.287s][info][gc,phases,start] GC(154) Phase 1: Mark live objects
[123.582s][info][gc,phases      ] GC(154) Phase 1: Mark live objects 295.043ms
[123.582s][info][gc,phases,start] GC(154) Phase 2: Compute new object addresses
[123.833s][info][gc,phases      ] GC(154) Phase 2: Compute new object addresses 251.167ms
[123.833s][info][gc,phases,start] GC(154) Phase 3: Adjust pointers
[124.010s][info][gc,phases      ] GC(154) Phase 3: Adjust pointers 177.340ms
[124.010s][info][gc,phases,start] GC(154) Phase 4: Move objects
[124.120s][info][gc,phases      ] GC(154) Phase 4: Move objects 109.887ms
[124.121s][info][gc,heap        ] GC(154) DefNew: 314560K(314560K)->0K(314560K) Eden: 279616K(279616K)->0K(279616K) From: 34944K(34944K)->0K(34944K)
[124.121s][info][gc,heap        ] GC(154) Tenured: 544777K(699072K)->259276K(699072K)
[124.121s][info][gc,metaspace   ] GC(154) Metaspace: 16651K(17152K)->16651K(17152K) NonClass: 14229K(14528K)->14229K(14528K) Class: 2421K(2624K)->2421K(2624K)
[124.121s][info][gc             ] GC(154) Pause Full (Allocation Failure) 839M->253M(989M) 834.128ms
[124.121s][info][gc,cpu         ] GC(154) User=0.84s Sys=0.00s Real=0.84s
[124.367s][info][gc,start       ] GC(155) Pause Young (Allocation Failure)
[124.725s][info][gc,heap        ] GC(155) DefNew: 279616K(314560K)->34944K(314560K) Eden: 279616K(279616K)->0K(279616K) From: 0K(34944K)->34944K(34944K)
[124.725s][info][gc,heap        ] GC(155) Tenured: 259276K(699072K)->341925K(699072K)
[124.725s][info][gc,metaspace   ] GC(155) Metaspace: 16651K(17152K)->16651K(17152K) NonClass: 14229K(14528K)->14229K(14528K) Class: 2421K(2624K)->2421K(2624K)
[124.725s][info][gc             ] GC(155) Pause Young (Allocation Failure) 526M->368M(989M) 357.853ms
[124.725s][info][gc,cpu         ] GC(155) User=0.36s Sys=0.00s Real=0.37s
[125.431s][info][gc,start       ] GC(156) Pause Young (Allocation Failure)
[125.987s][info][gc,heap        ] GC(156) DefNew: 314560K(314560K)->34943K(314560K) Eden: 279616K(279616K)->0K(279616K) From: 34944K(34944K)->34943K(34944K)
[125.987s][info][gc,heap        ] GC(156) Tenured: 341925K(699072K)->456962K(699072K)
[125.987s][info][gc,metaspace   ] GC(156) Metaspace: 16651K(17152K)->16651K(17152K) NonClass: 14229K(14528K)->14229K(14528K) Class: 2421K(2624K)->2421K(2624K)
[125.987s][info][gc             ] GC(156) Pause Young (Allocation Failure) 641M->480M(989M) 556.055ms
[125.987s][info][gc,cpu         ] GC(156) User=0.56s Sys=0.00s Real=0.56s
[126.468s][info][gc,start       ] GC(157) Pause Young (Allocation Failure)
[126.469s][info][gc             ] GC(157) Pause Young (Allocation Failure) 753M->753M(989M) 0.221ms
[126.469s][info][gc,cpu         ] GC(157) User=0.00s Sys=0.00s Real=0.00s
[126.469s][info][gc,start       ] GC(158) Pause Full (Allocation Failure)
[126.469s][info][gc,phases,start] GC(158) Phase 1: Mark live objects
[127.026s][info][gc,phases      ] GC(158) Phase 1: Mark live objects 557.638ms
[127.026s][info][gc,phases,start] GC(158) Phase 2: Compute new object addresses
[127.273s][info][gc,phases      ] GC(158) Phase 2: Compute new object addresses 246.205ms
[127.273s][info][gc,phases,start] GC(158) Phase 3: Adjust pointers
[127.532s][info][gc,phases      ] GC(158) Phase 3: Adjust pointers 258.946ms
[127.556s][info][gc,phases,start] GC(158) Phase 4: Move objects
[127.620s][info][gc,phases      ] GC(158) Phase 4: Move objects 64.036ms
[127.621s][info][gc,heap        ] GC(158) DefNew: 314559K(314560K)->0K(314560K) Eden: 279616K(279616K)->0K(279616K) From: 34943K(34944K)->0K(34944K)
[127.621s][info][gc,heap        ] GC(158) Tenured: 456962K(699072K)->463169K(699072K)
[127.621s][info][gc,metaspace   ] GC(158) Metaspace: 16651K(17152K)->16651K(17152K) NonClass: 14229K(14528K)->14229K(14528K) Class: 2421K(2624K)->2421K(2624K)
[127.621s][info][gc             ] GC(158) Pause Full (Allocation Failure) 753M->452M(989M) 1151.937ms
[127.621s][info][gc,cpu         ] GC(158) User=1.13s Sys=0.00s Real=1.14s
[129.295s][info][gc,start       ] GC(159) Pause Young (Allocation Failure)
[129.296s][info][gc             ] GC(159) Pause Young (Allocation Failure) 725M->725M(989M) 0.212ms
[129.296s][info][gc,cpu         ] GC(159) User=0.00s Sys=0.00s Real=0.00s
[129.296s][info][gc,start       ] GC(160) Pause Full (Allocation Failure)
[129.296s][info][gc,phases,start] GC(160) Phase 1: Mark live objects
[129.326s][info][gc,phases      ] GC(160) Phase 1: Mark live objects 30.126ms
[129.326s][info][gc,phases,start] GC(160) Phase 2: Compute new object addresses
[129.522s][info][gc,phases      ] GC(160) Phase 2: Compute new object addresses 195.879ms
[129.522s][info][gc,phases,start] GC(160) Phase 3: Adjust pointers
[129.534s][info][gc,phases      ] GC(160) Phase 3: Adjust pointers 12.460ms
[129.534s][info][gc,phases,start] GC(160) Phase 4: Move objects
[129.535s][info][gc,phases      ] GC(160) Phase 4: Move objects 0.678ms
[129.535s][info][gc,heap        ] GC(160) DefNew: 279616K(314560K)->0K(314560K) Eden: 279616K(279616K)->0K(279616K) From: 0K(34944K)->0K(34944K)
[129.535s][info][gc,heap        ] GC(160) Tenured: 463169K(699072K)->58372K(699072K)
[129.535s][info][gc,metaspace   ] GC(160) Metaspace: 16652K(17152K)->16652K(17152K) NonClass: 14230K(14528K)->14230K(14528K) Class: 2421K(2624K)->2421K(2624K)
[129.535s][info][gc             ] GC(160) Pause Full (Allocation Failure) 725M->57M(989M) 239.668ms
[129.535s][info][gc,cpu         ] GC(160) User=0.23s Sys=0.00s Real=0.23s
[129.784s][info][gc,start       ] GC(161) Pause Full (System.gc())
[129.784s][info][gc,phases,start] GC(161) Phase 1: Mark live objects
[129.813s][info][gc,phases      ] GC(161) Phase 1: Mark live objects 29.664ms
[129.813s][info][gc,phases,start] GC(161) Phase 2: Compute new object addresses
[129.825s][info][gc,phases      ] GC(161) Phase 2: Compute new object addresses 11.854ms
[129.825s][info][gc,phases,start] GC(161) Phase 3: Adjust pointers
[129.836s][info][gc,phases      ] GC(161) Phase 3: Adjust pointers 10.781ms
[129.836s][info][gc,phases,start] GC(161) Phase 4: Move objects
[129.836s][info][gc,phases      ] GC(161) Phase 4: Move objects 0.012ms
[129.836s][info][gc,heap        ] GC(161) DefNew: 17876K(314560K)->0K(314560K) Eden: 17876K(279616K)->0K(279616K) From: 0K(34944K)->0K(34944K)
[129.836s][info][gc,heap        ] GC(161) Tenured: 58372K(699072K)->56656K(699072K)
[129.836s][info][gc,metaspace   ] GC(161) Metaspace: 16655K(17152K)->16655K(17152K) NonClass: 14233K(14528K)->14233K(14528K) Class: 2421K(2624K)->2421K(2624K)
[129.836s][info][gc             ] GC(161) Pause Full (System.gc()) 74M->55M(989M) 52.692ms
[129.836s][info][gc,cpu         ] GC(161) User=0.06s Sys=0.00s Real=0.06s
[131.712s][info][gc,start       ] GC(162) Pause Young (Allocation Failure)
[131.717s][info][gc,heap        ] GC(162) DefNew: 279616K(314560K)->1533K(314560K) Eden: 279616K(279616K)->0K(279616K) From: 0K(34944K)->1533K(34944K)
[131.717s][info][gc,heap        ] GC(162) Tenured: 56656K(699072K)->56656K(699072K)
[131.717s][info][gc,metaspace   ] GC(162) Metaspace: 16656K(17152K)->16656K(17152K) NonClass: 14234K(14528K)->14234K(14528K) Class: 2421K(2624K)->2421K(2624K)
[131.717s][info][gc             ] GC(162) Pause Young (Allocation Failure) 328M->56M(989M) 5.028ms
[131.717s][info][gc,cpu         ] GC(162) User=0.00s Sys=0.00s Real=0.00s
[131.748s][info][gc,start       ] GC(163) Pause Young (Allocation Failure)
[131.752s][info][gc,heap        ] GC(163) DefNew: 281149K(314560K)->1538K(314560K) Eden: 279616K(279616K)->0K(279616K) From: 1533K(34944K)->1538K(34944K)
[131.752s][info][gc,heap        ] GC(163) Tenured: 56656K(699072K)->56656K(699072K)
[131.752s][info][gc,metaspace   ] GC(163) Metaspace: 16656K(17152K)->16656K(17152K) NonClass: 14234K(14528K)->14234K(14528K) Class: 2421K(2624K)->2421K(2624K)
[131.752s][info][gc             ] GC(163) Pause Young (Allocation Failure) 329M->56M(989M) 4.392ms
[131.752s][info][gc,cpu         ] GC(163) User=0.02s Sys=0.00s Real=0.01s
[131.784s][info][gc,start       ] GC(164) Pause Young (Allocation Failure)
[131.788s][info][gc,heap        ] GC(164) DefNew: 281154K(314560K)->1509K(314560K) Eden: 279616K(279616K)->0K(279616K) From: 1538K(34944K)->1509K(34944K)
[131.788s][info][gc,heap        ] GC(164) Tenured: 56656K(699072K)->56656K(699072K)
[131.788s][info][gc,metaspace   ] GC(164) Metaspace: 16656K(17152K)->16656K(17152K) NonClass: 14234K(14528K)->14234K(14528K) Class: 2421K(2624K)->2421K(2624K)
[131.788s][info][gc             ] GC(164) Pause Young (Allocation Failure) 329M->56M(989M) 4.377ms
[131.788s][info][gc,cpu         ] GC(164) User=0.02s Sys=0.00s Real=0.02s
[131.818s][info][gc,start       ] GC(165) Pause Young (Allocation Failure)
[131.822s][info][gc,heap        ] GC(165) DefNew: 281125K(314560K)->1524K(314560K) Eden: 279616K(279616K)->0K(279616K) From: 1509K(34944K)->1524K(34944K)
[131.822s][info][gc,heap        ] GC(165) Tenured: 56656K(699072K)->56656K(699072K)
[131.822s][info][gc,metaspace   ] GC(165) Metaspace: 16656K(17152K)->16656K(17152K) NonClass: 14234K(14528K)->14234K(14528K) Class: 2421K(2624K)->2421K(2624K)
[131.822s][info][gc             ] GC(165) Pause Young (Allocation Failure) 329M->56M(989M) 4.418ms
[131.822s][info][gc,cpu         ] GC(165) User=0.02s Sys=0.00s Real=0.02s
[131.852s][info][gc,start       ] GC(166) Pause Young (Allocation Failure)
[131.856s][info][gc,heap        ] GC(166) DefNew: 281140K(314560K)->1479K(314560K) Eden: 279616K(279616K)->0K(279616K) From: 1524K(34944K)->1479K(34944K)
[131.856s][info][gc,heap        ] GC(166) Tenured: 56656K(699072K)->56656K(699072K)
[131.856s][info][gc,metaspace   ] GC(166) Metaspace: 16656K(17152K)->16656K(17152K) NonClass: 14234K(14528K)->14234K(14528K) Class: 2421K(2624K)->2421K(2624K)
[131.856s][info][gc             ] GC(166) Pause Young (Allocation Failure) 329M->56M(989M) 4.332ms
[131.856s][info][gc,cpu         ] GC(166) User=0.02s Sys=0.00s Real=0.02s
[131.886s][info][gc,start       ] GC(167) Pause Young (Allocation Failure)
[131.890s][info][gc,heap        ] GC(167) DefNew: 281095K(314560K)->1526K(314560K) Eden: 279616K(279616K)->0K(279616K) From: 1479K(34944K)->1526K(34944K)
[131.890s][info][gc,heap        ] GC(167) Tenured: 56656K(699072K)->56656K(699072K)
[131.890s][info][gc,metaspace   ] GC(167) Metaspace: 16656K(17152K)->16656K(17152K) NonClass: 14234K(14528K)->14234K(14528K) Class: 2421K(2624K)->2421K(2624K)
[131.891s][info][gc             ] GC(167) Pause Young (Allocation Failure) 329M->56M(989M) 4.470ms
[131.891s][info][gc,cpu         ] GC(167) User=0.02s Sys=0.00s Real=0.01s
[131.920s][info][gc,start       ] GC(168) Pause Young (Allocation Failure)
[131.925s][info][gc,heap        ] GC(168) DefNew: 281142K(314560K)->1485K(314560K) Eden: 279616K(279616K)->0K(279616K) From: 1526K(34944K)->1485K(34944K)
[131.925s][info][gc,heap        ] GC(168) Tenured: 56656K(699072K)->56656K(699072K)
[131.925s][info][gc,metaspace   ] GC(168) Metaspace: 16656K(17152K)->16656K(17152K) NonClass: 14234K(14528K)->14234K(14528K) Class: 2421K(2624K)->2421K(2624K)
[131.925s][info][gc             ] GC(168) Pause Young (Allocation Failure) 329M->56M(989M) 4.433ms
[131.925s][info][gc,cpu         ] GC(168) User=0.02s Sys=0.00s Real=0.02s
[131.956s][info][gc,start       ] GC(169) Pause Young (Allocation Failure)
[131.960s][info][gc,heap        ] GC(169) DefNew: 281101K(314560K)->1370K(314560K) Eden: 279616K(279616K)->0K(279616K) From: 1485K(34944K)->1370K(34944K)
[131.960s][info][gc,heap        ] GC(169) Tenured: 56656K(699072K)->56656K(699072K)
[131.960s][info][gc,metaspace   ] GC(169) Metaspace: 16656K(17152K)->16656K(17152K) NonClass: 14234K(14528K)->14234K(14528K) Class: 2421K(2624K)->2421K(2624K)
[131.960s][info][gc             ] GC(169) Pause Young (Allocation Failure) 329M->56M(989M) 4.109ms
[131.960s][info][gc,cpu         ] GC(169) User=0.02s Sys=0.00s Real=0.02s
[131.991s][info][gc,start       ] GC(170) Pause Young (Allocation Failure)
[131.995s][info][gc,heap        ] GC(170) DefNew: 280986K(314560K)->1312K(314560K) Eden: 279616K(279616K)->0K(279616K) From: 1370K(34944K)->1312K(34944K)
[131.995s][info][gc,heap        ] GC(170) Tenured: 56656K(699072K)->56656K(699072K)
[131.995s][info][gc,metaspace   ] GC(170) Metaspace: 16656K(17152K)->16656K(17152K) NonClass: 14234K(14528K)->14234K(14528K) Class: 2421K(2624K)->2421K(2624K)
[131.995s][info][gc             ] GC(170) Pause Young (Allocation Failure) 329M->56M(989M) 3.981ms
[131.995s][info][gc,cpu         ] GC(170) User=0.02s Sys=0.00s Real=0.02s
[132.026s][info][gc,start       ] GC(171) Pause Young (Allocation Failure)
[132.029s][info][gc,heap        ] GC(171) DefNew: 280928K(314560K)->1089K(314560K) Eden: 279616K(279616K)->0K(279616K) From: 1312K(34944K)->1089K(34944K)
[132.029s][info][gc,heap        ] GC(171) Tenured: 56656K(699072K)->56656K(699072K)
[132.029s][info][gc,metaspace   ] GC(171) Metaspace: 16656K(17152K)->16656K(17152K) NonClass: 14234K(14528K)->14234K(14528K) Class: 2421K(2624K)->2421K(2624K)
[132.029s][info][gc             ] GC(171) Pause Young (Allocation Failure) 329M->56M(989M) 3.460ms
[132.029s][info][gc,cpu         ] GC(171) User=0.02s Sys=0.00s Real=0.02s
[132.060s][info][gc,start       ] GC(172) Pause Young (Allocation Failure)
[132.063s][info][gc,heap        ] GC(172) DefNew: 280705K(314560K)->1147K(314560K) Eden: 279616K(279616K)->0K(279616K) From: 1089K(34944K)->1147K(34944K)
[132.063s][info][gc,heap        ] GC(172) Tenured: 56656K(699072K)->56656K(699072K)
[132.063s][info][gc,metaspace   ] GC(172) Metaspace: 16656K(17152K)->16656K(17152K) NonClass: 14234K(14528K)->14234K(14528K) Class: 2421K(2624K)->2421K(2624K)
[132.063s][info][gc             ] GC(172) Pause Young (Allocation Failure) 329M->56M(989M) 3.507ms
[132.063s][info][gc,cpu         ] GC(172) User=0.02s Sys=0.00s Real=0.02s
[132.095s][info][gc,start       ] GC(173) Pause Young (Allocation Failure)
[132.098s][info][gc,heap        ] GC(173) DefNew: 280763K(314560K)->712K(314560K) Eden: 279616K(279616K)->0K(279616K) From: 1147K(34944K)->712K(34944K)
[132.098s][info][gc,heap        ] GC(173) Tenured: 56656K(699072K)->56656K(699072K)
[132.098s][info][gc,metaspace   ] GC(173) Metaspace: 16656K(17152K)->16656K(17152K) NonClass: 14234K(14528K)->14234K(14528K) Class: 2421K(2624K)->2421K(2624K)
[132.098s][info][gc             ] GC(173) Pause Young (Allocation Failure) 329M->56M(989M) 2.671ms
[132.098s][info][gc,cpu         ] GC(173) User=0.00s Sys=0.00s Real=0.00s
[132.359s][info][gc,start       ] GC(174) Pause Young (Allocation Failure)
[132.874s][info][gc,heap        ] GC(174) DefNew: 280328K(314560K)->34944K(314560K) Eden: 279616K(279616K)->0K(279616K) From: 712K(34944K)->34944K(34944K)
[132.874s][info][gc,heap        ] GC(174) Tenured: 56656K(699072K)->193888K(699072K)
[132.874s][info][gc,metaspace   ] GC(174) Metaspace: 16656K(17152K)->16656K(17152K) NonClass: 14234K(14528K)->14234K(14528K) Class: 2421K(2624K)->2421K(2624K)
[132.874s][info][gc             ] GC(174) Pause Young (Allocation Failure) 329M->223M(989M) 515.624ms
[132.874s][info][gc,cpu         ] GC(174) User=0.52s Sys=0.00s Real=0.52s
[133.175s][info][gc,start       ] GC(175) Pause Young (Allocation Failure)
[133.959s][info][gc,heap        ] GC(175) DefNew: 314560K(314560K)->34944K(314560K) Eden: 279616K(279616K)->0K(279616K) From: 34944K(34944K)->34944K(34944K)
[133.959s][info][gc,heap        ] GC(175) Tenured: 193888K(699072K)->375871K(699072K)
[133.959s][info][gc,metaspace   ] GC(175) Metaspace: 16656K(17152K)->16656K(17152K) NonClass: 14234K(14528K)->14234K(14528K) Class: 2421K(2624K)->2421K(2624K)
[133.959s][info][gc             ] GC(175) Pause Young (Allocation Failure) 496M->401M(989M) 783.844ms
[133.959s][info][gc,cpu         ] GC(175) User=0.77s Sys=0.00s Real=0.79s
[140.434s][info][gc,start       ] GC(176) Pause Young (Allocation Failure)
[140.913s][info][gc,heap        ] GC(176) DefNew: 314560K(314560K)->34943K(314560K) Eden: 279616K(279616K)->0K(279616K) From: 34944K(34944K)->34943K(34944K)
[140.913s][info][gc,heap        ] GC(176) Tenured: 375871K(699072K)->472904K(699072K)
[140.913s][info][gc,metaspace   ] GC(176) Metaspace: 16656K(17152K)->16656K(17152K) NonClass: 14234K(14528K)->14234K(14528K) Class: 2421K(2624K)->2421K(2624K)
[140.913s][info][gc             ] GC(176) Pause Young (Allocation Failure) 674M->495M(989M) 478.935ms
[140.913s][info][gc,cpu         ] GC(176) User=0.47s Sys=0.00s Real=0.47s
[141.144s][info][gc,start       ] GC(177) Pause Young (Allocation Failure)
[141.144s][info][gc             ] GC(177) Pause Young (Allocation Failure) 769M->769M(989M) 0.177ms
[141.144s][info][gc,cpu         ] GC(177) User=0.00s Sys=0.00s Real=0.00s
[141.144s][info][gc,start       ] GC(178) Pause Full (Allocation Failure)
[141.144s][info][gc,phases,start] GC(178) Phase 1: Mark live objects
[141.360s][info][gc,phases      ] GC(178) Phase 1: Mark live objects 215.628ms
[141.360s][info][gc,phases,start] GC(178) Phase 2: Compute new object addresses
[141.577s][info][gc,phases      ] GC(178) Phase 2: Compute new object addresses 216.647ms
[141.577s][info][gc,phases,start] GC(178) Phase 3: Adjust pointers
[141.704s][info][gc,phases      ] GC(178) Phase 3: Adjust pointers 126.793ms
[141.704s][info][gc,phases,start] GC(178) Phase 4: Move objects
[141.781s][info][gc,phases      ] GC(178) Phase 4: Move objects 77.350ms
[141.781s][info][gc,heap        ] GC(178) DefNew: 314559K(314560K)->0K(314560K) Eden: 279616K(279616K)->0K(279616K) From: 34943K(34944K)->0K(34944K)
[141.781s][info][gc,heap        ] GC(178) Tenured: 472904K(699072K)->160482K(699072K)
[141.781s][info][gc,metaspace   ] GC(178) Metaspace: 16656K(17152K)->16656K(17152K) NonClass: 14234K(14528K)->14234K(14528K) Class: 2421K(2624K)->2421K(2624K)
[141.781s][info][gc             ] GC(178) Pause Full (Allocation Failure) 769M->156M(989M) 637.136ms
[141.781s][info][gc,cpu         ] GC(178) User=0.64s Sys=0.00s Real=0.64s
[142.019s][info][gc,start       ] GC(179) Pause Young (Allocation Failure)
[142.359s][info][gc,heap        ] GC(179) DefNew: 279616K(314560K)->34943K(314560K) Eden: 279616K(279616K)->0K(279616K) From: 0K(34944K)->34943K(34944K)
[142.360s][info][gc,heap        ] GC(179) Tenured: 160482K(699072K)->239411K(699072K)
[142.360s][info][gc,metaspace   ] GC(179) Metaspace: 16656K(17152K)->16656K(17152K) NonClass: 14234K(14528K)->14234K(14528K) Class: 2421K(2624K)->2421K(2624K)
[142.360s][info][gc             ] GC(179) Pause Young (Allocation Failure) 429M->267M(989M) 340.748ms
[142.360s][info][gc,cpu         ] GC(179) User=0.34s Sys=0.00s Real=0.34s
[142.601s][info][gc,start       ] GC(180) Pause Young (Allocation Failure)
[143.058s][info][gc,heap        ] GC(180) DefNew: 314559K(314560K)->34944K(314560K) Eden: 279616K(279616K)->0K(279616K) From: 34943K(34944K)->34944K(34944K)
[143.058s][info][gc,heap        ] GC(180) Tenured: 239411K(699072K)->353114K(699072K)
[143.058s][info][gc,metaspace   ] GC(180) Metaspace: 16656K(17152K)->16656K(17152K) NonClass: 14234K(14528K)->14234K(14528K) Class: 2421K(2624K)->2421K(2624K)
[143.058s][info][gc             ] GC(180) Pause Young (Allocation Failure) 540M->378M(989M) 457.418ms
[143.058s][info][gc,cpu         ] GC(180) User=0.47s Sys=0.00s Real=0.46s
[143.631s][info][gc,start       ] GC(181) Pause Young (Allocation Failure)
[144.116s][info][gc,heap        ] GC(181) DefNew: 314560K(314560K)->34944K(314560K) Eden: 279616K(279616K)->0K(279616K) From: 34944K(34944K)->34944K(34944K)
[144.189s][info][gc,heap        ] GC(181) Tenured: 353114K(699072K)->461269K(699072K)
[144.208s][info][gc,metaspace   ] GC(181) Metaspace: 16656K(17152K)->16656K(17152K) NonClass: 14234K(14528K)->14234K(14528K) Class: 2421K(2624K)->2421K(2624K)
[144.208s][info][gc             ] GC(181) Pause Young (Allocation Failure) 652M->484M(989M) 576.895ms
[144.208s][info][gc,cpu         ] GC(181) User=0.48s Sys=0.00s Real=0.59s
[144.632s][info][gc,start       ] GC(182) Pause Young (Allocation Failure)
[144.632s][info][gc             ] GC(182) Pause Young (Allocation Failure) 757M->757M(989M) 0.198ms
[144.632s][info][gc,cpu         ] GC(182) User=0.00s Sys=0.00s Real=0.00s
[144.632s][info][gc,start       ] GC(183) Pause Full (Allocation Failure)
[144.632s][info][gc,phases,start] GC(183) Phase 1: Mark live objects
[145.100s][info][gc,phases      ] GC(183) Phase 1: Mark live objects 467.863ms
[145.100s][info][gc,phases,start] GC(183) Phase 2: Compute new object addresses
[145.341s][info][gc,phases      ] GC(183) Phase 2: Compute new object addresses 240.413ms
[145.341s][info][gc,phases,start] GC(183) Phase 3: Adjust pointers
[145.617s][info][gc,phases      ] GC(183) Phase 3: Adjust pointers 276.596ms
[145.617s][info][gc,phases,start] GC(183) Phase 4: Move objects
[145.669s][info][gc,phases      ] GC(183) Phase 4: Move objects 52.245ms
[145.670s][info][gc,heap        ] GC(183) DefNew: 314560K(314560K)->0K(314560K) Eden: 279616K(279616K)->0K(279616K) From: 34944K(34944K)->0K(34944K)
[145.670s][info][gc,heap        ] GC(183) Tenured: 461269K(699072K)->467133K(699072K)
[145.670s][info][gc,metaspace   ] GC(183) Metaspace: 16656K(17152K)->16656K(17152K) NonClass: 14234K(14528K)->14234K(14528K) Class: 2421K(2624K)->2421K(2624K)
[145.670s][info][gc             ] GC(183) Pause Full (Allocation Failure) 757M->456M(989M) 1037.830ms
[145.670s][info][gc,cpu         ] GC(183) User=1.03s Sys=0.00s Real=1.03s
[146.987s][info][gc,start       ] GC(184) Pause Young (Allocation Failure)
[146.987s][info][gc             ] GC(184) Pause Young (Allocation Failure) 729M->729M(989M) 0.214ms
[146.987s][info][gc,cpu         ] GC(184) User=0.00s Sys=0.00s Real=0.00s
[146.987s][info][gc,start       ] GC(185) Pause Full (Allocation Failure)
[146.987s][info][gc,phases,start] GC(185) Phase 1: Mark live objects
[147.020s][info][gc,phases      ] GC(185) Phase 1: Mark live objects 33.159ms
[147.020s][info][gc,phases,start] GC(185) Phase 2: Compute new object addresses
[147.210s][info][gc,phases      ] GC(185) Phase 2: Compute new object addresses 190.342ms
[147.211s][info][gc,phases,start] GC(185) Phase 3: Adjust pointers
[147.224s][info][gc,phases      ] GC(185) Phase 3: Adjust pointers 13.296ms
[147.224s][info][gc,phases,start] GC(185) Phase 4: Move objects
[147.225s][info][gc,phases      ] GC(185) Phase 4: Move objects 0.744ms
[147.225s][info][gc,heap        ] GC(185) DefNew: 279616K(314560K)->0K(314560K) Eden: 279616K(279616K)->0K(279616K) From: 0K(34944K)->0K(34944K)
[147.225s][info][gc,heap        ] GC(185) Tenured: 467133K(699072K)->47589K(699072K)
[147.225s][info][gc,metaspace   ] GC(185) Metaspace: 16656K(17152K)->16656K(17152K) NonClass: 14234K(14528K)->14234K(14528K) Class: 2421K(2624K)->2421K(2624K)
[147.225s][info][gc             ] GC(185) Pause Full (Allocation Failure) 729M->46M(989M) 238.075ms
[147.225s][info][gc,cpu         ] GC(185) User=0.25s Sys=0.00s Real=0.24s
[147.864s][info][gc,start       ] GC(186) Pause Full (System.gc())
[147.864s][info][gc,phases,start] GC(186) Phase 1: Mark live objects
[147.893s][info][gc,phases      ] GC(186) Phase 1: Mark live objects 29.218ms
[147.893s][info][gc,phases,start] GC(186) Phase 2: Compute new object addresses
[147.914s][info][gc,phases      ] GC(186) Phase 2: Compute new object addresses 21.200ms
[147.914s][info][gc,phases,start] GC(186) Phase 3: Adjust pointers
[147.926s][info][gc,phases      ] GC(186) Phase 3: Adjust pointers 11.485ms
[147.926s][info][gc,phases,start] GC(186) Phase 4: Move objects
[147.926s][info][gc,phases      ] GC(186) Phase 4: Move objects 0.012ms
[147.926s][info][gc,heap        ] GC(186) DefNew: 40677K(314560K)->0K(314560K) Eden: 40677K(279616K)->0K(279616K) From: 0K(34944K)->0K(34944K)
[147.926s][info][gc,heap        ] GC(186) Tenured: 47589K(699072K)->47590K(699072K)
[147.926s][info][gc,metaspace   ] GC(186) Metaspace: 16658K(17152K)->16658K(17152K) NonClass: 14236K(14528K)->14236K(14528K) Class: 2421K(2624K)->2421K(2624K)
[147.926s][info][gc             ] GC(186) Pause Full (System.gc()) 86M->46M(989M) 62.317ms
[147.926s][info][gc,cpu         ] GC(186) User=0.06s Sys=0.00s Real=0.06s
[150.002s][info][gc,start       ] GC(187) Pause Young (Allocation Failure)
[150.007s][info][gc,heap        ] GC(187) DefNew: 279616K(314560K)->1514K(314560K) Eden: 279616K(279616K)->0K(279616K) From: 0K(34944K)->1514K(34944K)
[150.007s][info][gc,heap        ] GC(187) Tenured: 47590K(699072K)->47590K(699072K)
[150.007s][info][gc,metaspace   ] GC(187) Metaspace: 16659K(17152K)->16659K(17152K) NonClass: 14237K(14528K)->14237K(14528K) Class: 2421K(2624K)->2421K(2624K)
[150.007s][info][gc             ] GC(187) Pause Young (Allocation Failure) 319M->47M(989M) 5.135ms
[150.007s][info][gc,cpu         ] GC(187) User=0.02s Sys=0.00s Real=0.02s
[150.037s][info][gc,start       ] GC(188) Pause Young (Allocation Failure)
[150.041s][info][gc,heap        ] GC(188) DefNew: 281130K(314560K)->1490K(314560K) Eden: 279616K(279616K)->0K(279616K) From: 1514K(34944K)->1490K(34944K)
[150.042s][info][gc,heap        ] GC(188) Tenured: 47590K(699072K)->47590K(699072K)
[150.042s][info][gc,metaspace   ] GC(188) Metaspace: 16659K(17152K)->16659K(17152K) NonClass: 14237K(14528K)->14237K(14528K) Class: 2421K(2624K)->2421K(2624K)
[150.042s][info][gc             ] GC(188) Pause Young (Allocation Failure) 321M->47M(989M) 4.248ms
[150.042s][info][gc,cpu         ] GC(188) User=0.00s Sys=0.00s Real=0.00s
[150.072s][info][gc,start       ] GC(189) Pause Young (Allocation Failure)
[150.076s][info][gc,heap        ] GC(189) DefNew: 281106K(314560K)->1497K(314560K) Eden: 279616K(279616K)->0K(279616K) From: 1490K(34944K)->1497K(34944K)
[150.076s][info][gc,heap        ] GC(189) Tenured: 47590K(699072K)->47590K(699072K)
[150.076s][info][gc,metaspace   ] GC(189) Metaspace: 16659K(17152K)->16659K(17152K) NonClass: 14237K(14528K)->14237K(14528K) Class: 2421K(2624K)->2421K(2624K)
[150.076s][info][gc             ] GC(189) Pause Young (Allocation Failure) 320M->47M(989M) 4.475ms
[150.076s][info][gc,cpu         ] GC(189) User=0.02s Sys=0.00s Real=0.02s
[150.105s][info][gc,start       ] GC(190) Pause Young (Allocation Failure)
[150.110s][info][gc,heap        ] GC(190) DefNew: 281113K(314560K)->1500K(314560K) Eden: 279616K(279616K)->0K(279616K) From: 1497K(34944K)->1500K(34944K)
[150.110s][info][gc,heap        ] GC(190) Tenured: 47590K(699072K)->47590K(699072K)
[150.110s][info][gc,metaspace   ] GC(190) Metaspace: 16659K(17152K)->16659K(17152K) NonClass: 14237K(14528K)->14237K(14528K) Class: 2421K(2624K)->2421K(2624K)
[150.110s][info][gc             ] GC(190) Pause Young (Allocation Failure) 321M->47M(989M) 4.358ms
[150.110s][info][gc,cpu         ] GC(190) User=0.02s Sys=0.00s Real=0.02s
[150.140s][info][gc,start       ] GC(191) Pause Young (Allocation Failure)
[150.144s][info][gc,heap        ] GC(191) DefNew: 281116K(314560K)->1570K(314560K) Eden: 279616K(279616K)->0K(279616K) From: 1500K(34944K)->1570K(34944K)
[150.144s][info][gc,heap        ] GC(191) Tenured: 47590K(699072K)->47590K(699072K)
[150.144s][info][gc,metaspace   ] GC(191) Metaspace: 16659K(17152K)->16659K(17152K) NonClass: 14237K(14528K)->14237K(14528K) Class: 2421K(2624K)->2421K(2624K)
[150.145s][info][gc             ] GC(191) Pause Young (Allocation Failure) 321M->48M(989M) 4.565ms
[150.145s][info][gc,cpu         ] GC(191) User=0.02s Sys=0.00s Real=0.01s
[150.175s][info][gc,start       ] GC(192) Pause Young (Allocation Failure)
[150.179s][info][gc,heap        ] GC(192) DefNew: 281186K(314560K)->1525K(314560K) Eden: 279616K(279616K)->0K(279616K) From: 1570K(34944K)->1525K(34944K)
[150.179s][info][gc,heap        ] GC(192) Tenured: 47590K(699072K)->47590K(699072K)
[150.179s][info][gc,metaspace   ] GC(192) Metaspace: 16659K(17152K)->16659K(17152K) NonClass: 14237K(14528K)->14237K(14528K) Class: 2421K(2624K)->2421K(2624K)
[150.179s][info][gc             ] GC(192) Pause Young (Allocation Failure) 321M->47M(989M) 4.467ms
[150.179s][info][gc,cpu         ] GC(192) User=0.02s Sys=0.00s Real=0.02s
[150.210s][info][gc,start       ] GC(193) Pause Young (Allocation Failure)
[150.214s][info][gc,heap        ] GC(193) DefNew: 281141K(314560K)->1483K(314560K) Eden: 279615K(279616K)->0K(279616K) From: 1525K(34944K)->1483K(34944K)
[150.214s][info][gc,heap        ] GC(193) Tenured: 47590K(699072K)->47590K(699072K)
[150.214s][info][gc,metaspace   ] GC(193) Metaspace: 16659K(17152K)->16659K(17152K) NonClass: 14237K(14528K)->14237K(14528K) Class: 2421K(2624K)->2421K(2624K)
[150.214s][info][gc             ] GC(193) Pause Young (Allocation Failure) 321M->47M(989M) 4.416ms
[150.214s][info][gc,cpu         ] GC(193) User=0.00s Sys=0.00s Real=0.00s
[150.243s][info][gc,start       ] GC(194) Pause Young (Allocation Failure)
[150.247s][info][gc,heap        ] GC(194) DefNew: 281099K(314560K)->1466K(314560K) Eden: 279616K(279616K)->0K(279616K) From: 1483K(34944K)->1466K(34944K)
[150.247s][info][gc,heap        ] GC(194) Tenured: 47590K(699072K)->47590K(699072K)
[150.247s][info][gc,metaspace   ] GC(194) Metaspace: 16659K(17152K)->16659K(17152K) NonClass: 14237K(14528K)->14237K(14528K) Class: 2421K(2624K)->2421K(2624K)
[150.247s][info][gc             ] GC(194) Pause Young (Allocation Failure) 320M->47M(989M) 4.300ms
[150.248s][info][gc,cpu         ] GC(194) User=0.02s Sys=0.00s Real=0.02s
[150.278s][info][gc,start       ] GC(195) Pause Young (Allocation Failure)
[150.282s][info][gc,heap        ] GC(195) DefNew: 281082K(314560K)->1429K(314560K) Eden: 279616K(279616K)->0K(279616K) From: 1466K(34944K)->1429K(34944K)
[150.282s][info][gc,heap        ] GC(195) Tenured: 47590K(699072K)->47590K(699072K)
[150.282s][info][gc,metaspace   ] GC(195) Metaspace: 16659K(17152K)->16659K(17152K) NonClass: 14237K(14528K)->14237K(14528K) Class: 2421K(2624K)->2421K(2624K)
[150.282s][info][gc             ] GC(195) Pause Young (Allocation Failure) 320M->47M(989M) 4.188ms
[150.282s][info][gc,cpu         ] GC(195) User=0.00s Sys=0.00s Real=0.00s
[150.313s][info][gc,start       ] GC(196) Pause Young (Allocation Failure)
[150.316s][info][gc,heap        ] GC(196) DefNew: 281045K(314560K)->1230K(314560K) Eden: 279616K(279616K)->0K(279616K) From: 1429K(34944K)->1230K(34944K)
[150.316s][info][gc,heap        ] GC(196) Tenured: 47590K(699072K)->47590K(699072K)
[150.316s][info][gc,metaspace   ] GC(196) Metaspace: 16659K(17152K)->16659K(17152K) NonClass: 14237K(14528K)->14237K(14528K) Class: 2421K(2624K)->2421K(2624K)
[150.316s][info][gc             ] GC(196) Pause Young (Allocation Failure) 320M->47M(989M) 3.721ms
[150.316s][info][gc,cpu         ] GC(196) User=0.02s Sys=0.00s Real=0.02s
[150.347s][info][gc,start       ] GC(197) Pause Young (Allocation Failure)
[150.351s][info][gc,heap        ] GC(197) DefNew: 280846K(314560K)->1181K(314560K) Eden: 279616K(279616K)->0K(279616K) From: 1230K(34944K)->1181K(34944K)
[150.351s][info][gc,heap        ] GC(197) Tenured: 47590K(699072K)->47590K(699072K)
[150.351s][info][gc,metaspace   ] GC(197) Metaspace: 16659K(17152K)->16659K(17152K) NonClass: 14237K(14528K)->14237K(14528K) Class: 2421K(2624K)->2421K(2624K)
[150.351s][info][gc             ] GC(197) Pause Young (Allocation Failure) 320M->47M(989M) 3.617ms
[150.351s][info][gc,cpu         ] GC(197) User=0.02s Sys=0.00s Real=0.02s
[150.383s][info][gc,start       ] GC(198) Pause Young (Allocation Failure)
[150.385s][info][gc,heap        ] GC(198) DefNew: 280797K(314560K)->680K(314560K) Eden: 279616K(279616K)->0K(279616K) From: 1181K(34944K)->680K(34944K)
[150.385s][info][gc,heap        ] GC(198) Tenured: 47590K(699072K)->47590K(699072K)
[150.385s][info][gc,metaspace   ] GC(198) Metaspace: 16659K(17152K)->16659K(17152K) NonClass: 14237K(14528K)->14237K(14528K) Class: 2421K(2624K)->2421K(2624K)
[150.385s][info][gc             ] GC(198) Pause Young (Allocation Failure) 320M->47M(989M) 2.528ms
[150.385s][info][gc,cpu         ] GC(198) User=0.00s Sys=0.00s Real=0.00s
[150.652s][info][gc,start       ] GC(199) Pause Young (Allocation Failure)
[151.174s][info][gc,heap        ] GC(199) DefNew: 280296K(314560K)->34943K(314560K) Eden: 279616K(279616K)->0K(279616K) From: 680K(34944K)->34943K(34944K)
[151.174s][info][gc,heap        ] GC(199) Tenured: 47590K(699072K)->188181K(699072K)
[151.174s][info][gc,metaspace   ] GC(199) Metaspace: 16659K(17152K)->16659K(17152K) NonClass: 14237K(14528K)->14237K(14528K) Class: 2421K(2624K)->2421K(2624K)
[151.174s][info][gc             ] GC(199) Pause Young (Allocation Failure) 320M->217M(989M) 522.134ms
[151.174s][info][gc,cpu         ] GC(199) User=0.52s Sys=0.00s Real=0.52s
[151.472s][info][gc,start       ] GC(200) Pause Young (Allocation Failure)
[152.281s][info][gc,heap        ] GC(200) DefNew: 314559K(314560K)->34943K(314560K) Eden: 279616K(279616K)->0K(279616K) From: 34943K(34944K)->34943K(34944K)
[152.281s][info][gc,heap        ] GC(200) Tenured: 188181K(699072K)->369734K(699072K)
[152.281s][info][gc,metaspace   ] GC(200) Metaspace: 16659K(17152K)->16659K(17152K) NonClass: 14237K(14528K)->14237K(14528K) Class: 2421K(2624K)->2421K(2624K)
[152.281s][info][gc             ] GC(200) Pause Young (Allocation Failure) 490M->395M(989M) 808.831ms
[152.281s][info][gc,cpu         ] GC(200) User=0.80s Sys=0.00s Real=0.80s
[159.553s][info][gc,start       ] GC(201) Pause Young (Allocation Failure)
[159.984s][info][gc,heap        ] GC(201) DefNew: 314559K(314560K)->34944K(314560K) Eden: 279616K(279616K)->0K(279616K) From: 34943K(34944K)->34944K(34944K)
[159.985s][info][gc,heap        ] GC(201) Tenured: 369734K(699072K)->454830K(699072K)
[159.985s][info][gc,metaspace   ] GC(201) Metaspace: 16659K(17152K)->16659K(17152K) NonClass: 14237K(14528K)->14237K(14528K) Class: 2421K(2624K)->2421K(2624K)
[159.985s][info][gc             ] GC(201) Pause Young (Allocation Failure) 668M->478M(989M) 432.052ms
[159.985s][info][gc,cpu         ] GC(201) User=0.44s Sys=0.00s Real=0.43s
[160.206s][info][gc,start       ] GC(202) Pause Young (Allocation Failure)
[160.206s][info][gc             ] GC(202) Pause Young (Allocation Failure) 751M->751M(989M) 0.182ms
[160.206s][info][gc,cpu         ] GC(202) User=0.00s Sys=0.00s Real=0.00s
[160.206s][info][gc,start       ] GC(203) Pause Full (Allocation Failure)
[160.206s][info][gc,phases,start] GC(203) Phase 1: Mark live objects
[160.403s][info][gc,phases      ] GC(203) Phase 1: Mark live objects 197.118ms
[160.403s][info][gc,phases,start] GC(203) Phase 2: Compute new object addresses
[160.613s][info][gc,phases      ] GC(203) Phase 2: Compute new object addresses 210.469ms
[160.614s][info][gc,phases,start] GC(203) Phase 3: Adjust pointers
[160.734s][info][gc,phases      ] GC(203) Phase 3: Adjust pointers 120.611ms
[160.734s][info][gc,phases,start] GC(203) Phase 4: Move objects
[160.815s][info][gc,phases      ] GC(203) Phase 4: Move objects 80.852ms
[160.816s][info][gc,heap        ] GC(203) DefNew: 314560K(314560K)->0K(314560K) Eden: 279616K(279616K)->0K(279616K) From: 34944K(34944K)->0K(34944K)
[160.816s][info][gc,heap        ] GC(203) Tenured: 454830K(699072K)->151930K(699072K)
[160.816s][info][gc,metaspace   ] GC(203) Metaspace: 16659K(17152K)->16659K(17152K) NonClass: 14237K(14528K)->14237K(14528K) Class: 2421K(2624K)->2421K(2624K)
[160.816s][info][gc             ] GC(203) Pause Full (Allocation Failure) 751M->148M(989M) 609.868ms
[160.816s][info][gc,cpu         ] GC(203) User=0.61s Sys=0.00s Real=0.61s
[161.049s][info][gc,start       ] GC(204) Pause Young (Allocation Failure)
[161.386s][info][gc,heap        ] GC(204) DefNew: 279616K(314560K)->34944K(314560K) Eden: 279616K(279616K)->0K(279616K) From: 0K(34944K)->34944K(34944K)
[161.386s][info][gc,heap        ] GC(204) Tenured: 151930K(699072K)->230252K(699072K)
[161.386s][info][gc,metaspace   ] GC(204) Metaspace: 16659K(17152K)->16659K(17152K) NonClass: 14237K(14528K)->14237K(14528K) Class: 2421K(2624K)->2421K(2624K)
[161.386s][info][gc             ] GC(204) Pause Young (Allocation Failure) 421M->258M(989M) 336.728ms
[161.386s][info][gc,cpu         ] GC(204) User=0.34s Sys=0.00s Real=0.33s
[161.626s][info][gc,start       ] GC(205) Pause Young (Allocation Failure)
[162.081s][info][gc,heap        ] GC(205) DefNew: 314560K(314560K)->34944K(314560K) Eden: 279616K(279616K)->0K(279616K) From: 34944K(34944K)->34944K(34944K)
[162.081s][info][gc,heap        ] GC(205) Tenured: 230252K(699072K)->343415K(699072K)
[162.081s][info][gc,metaspace   ] GC(205) Metaspace: 16659K(17152K)->16659K(17152K) NonClass: 14237K(14528K)->14237K(14528K) Class: 2421K(2624K)->2421K(2624K)
[162.081s][info][gc             ] GC(205) Pause Young (Allocation Failure) 532M->369M(989M) 455.034ms
[162.081s][info][gc,cpu         ] GC(205) User=0.45s Sys=0.00s Real=0.46s
[162.647s][info][gc,start       ] GC(206) Pause Young (Allocation Failure)
[163.161s][info][gc,heap        ] GC(206) DefNew: 314560K(314560K)->34944K(314560K) Eden: 279616K(279616K)->0K(279616K) From: 34944K(34944K)->34944K(34944K)
[163.161s][info][gc,heap        ] GC(206) Tenured: 343415K(699072K)->465275K(699072K)
[163.161s][info][gc,metaspace   ] GC(206) Metaspace: 16659K(17152K)->16659K(17152K) NonClass: 14237K(14528K)->14237K(14528K) Class: 2421K(2624K)->2421K(2624K)
[163.161s][info][gc             ] GC(206) Pause Young (Allocation Failure) 642M->488M(989M) 513.429ms
[163.161s][info][gc,cpu         ] GC(206) User=0.52s Sys=0.00s Real=0.52s
[163.574s][info][gc,start       ] GC(207) Pause Young (Allocation Failure)
[163.574s][info][gc             ] GC(207) Pause Young (Allocation Failure) 761M->761M(989M) 0.214ms
[163.574s][info][gc,cpu         ] GC(207) User=0.00s Sys=0.00s Real=0.00s
[163.574s][info][gc,start       ] GC(208) Pause Full (Allocation Failure)
[163.574s][info][gc,phases,start] GC(208) Phase 1: Mark live objects
[164.046s][info][gc,phases      ] GC(208) Phase 1: Mark live objects 472.235ms
[164.046s][info][gc,phases,start] GC(208) Phase 2: Compute new object addresses
[164.289s][info][gc,phases      ] GC(208) Phase 2: Compute new object addresses 242.764ms
[164.289s][info][gc,phases,start] GC(208) Phase 3: Adjust pointers
[164.577s][info][gc,phases      ] GC(208) Phase 3: Adjust pointers 287.409ms
[164.577s][info][gc,phases,start] GC(208) Phase 4: Move objects
[164.631s][info][gc,phases      ] GC(208) Phase 4: Move objects 54.698ms
[164.632s][info][gc,heap        ] GC(208) DefNew: 314560K(314560K)->0K(314560K) Eden: 279616K(279616K)->0K(279616K) From: 34944K(34944K)->0K(34944K)
[164.632s][info][gc,heap        ] GC(208) Tenured: 465275K(699072K)->474738K(699072K)
[164.632s][info][gc,metaspace   ] GC(208) Metaspace: 16659K(17152K)->16659K(17152K) NonClass: 14237K(14528K)->14237K(14528K) Class: 2421K(2624K)->2421K(2624K)
[164.632s][info][gc             ] GC(208) Pause Full (Allocation Failure) 761M->463M(989M) 1057.834ms
[164.632s][info][gc,cpu         ] GC(208) User=1.06s Sys=0.00s Real=1.05s
[165.319s][info][gc,start       ] GC(209) Pause Young (Allocation Failure)
[165.319s][info][gc             ] GC(209) Pause Young (Allocation Failure) 736M->736M(989M) 0.197ms
[165.319s][info][gc,cpu         ] GC(209) User=0.00s Sys=0.00s Real=0.00s
[165.319s][info][gc,start       ] GC(210) Pause Full (Allocation Failure)
[165.319s][info][gc,phases,start] GC(210) Phase 1: Mark live objects
[165.352s][info][gc,phases      ] GC(210) Phase 1: Mark live objects 33.432ms
[165.352s][info][gc,phases,start] GC(210) Phase 2: Compute new object addresses
[165.538s][info][gc,phases      ] GC(210) Phase 2: Compute new object addresses 185.339ms
[165.538s][info][gc,phases,start] GC(210) Phase 3: Adjust pointers
[165.551s][info][gc,phases      ] GC(210) Phase 3: Adjust pointers 13.778ms
[165.552s][info][gc,phases,start] GC(210) Phase 4: Move objects
[165.552s][info][gc,phases      ] GC(210) Phase 4: Move objects 0.686ms
[165.552s][info][gc,heap        ] GC(210) DefNew: 279616K(314560K)->0K(314560K) Eden: 279616K(279616K)->0K(279616K) From: 0K(34944K)->0K(34944K)
[165.552s][info][gc,heap        ] GC(210) Tenured: 474738K(699072K)->38860K(699072K)
[165.552s][info][gc,metaspace   ] GC(210) Metaspace: 16659K(17152K)->16659K(17152K) NonClass: 14237K(14528K)->14237K(14528K) Class: 2421K(2624K)->2421K(2624K)
[165.553s][info][gc             ] GC(210) Pause Full (Allocation Failure) 736M->37M(989M) 233.753ms
[165.553s][info][gc,cpu         ] GC(210) User=0.23s Sys=0.00s Real=0.23s
[166.754s][info][gc,start       ] GC(211) Pause Full (System.gc())
[166.754s][info][gc,phases,start] GC(211) Phase 1: Mark live objects
[166.786s][info][gc,phases      ] GC(211) Phase 1: Mark live objects 32.285ms
[166.786s][info][gc,phases,start] GC(211) Phase 2: Compute new object addresses
[166.822s][info][gc,phases      ] GC(211) Phase 2: Compute new object addresses 35.530ms
[166.822s][info][gc,phases,start] GC(211) Phase 3: Adjust pointers
[166.835s][info][gc,phases      ] GC(211) Phase 3: Adjust pointers 12.602ms
[166.835s][info][gc,phases,start] GC(211) Phase 4: Move objects
[166.835s][info][gc,phases      ] GC(211) Phase 4: Move objects 0.012ms
[166.835s][info][gc,heap        ] GC(211) DefNew: 77116K(314560K)->0K(314560K) Eden: 77116K(279616K)->0K(279616K) From: 0K(34944K)->0K(34944K)
[166.835s][info][gc,heap        ] GC(211) Tenured: 38860K(699072K)->38861K(699072K)
[166.835s][info][gc,metaspace   ] GC(211) Metaspace: 16659K(17152K)->16659K(17152K) NonClass: 14237K(14528K)->14237K(14528K) Class: 2421K(2624K)->2421K(2624K)
[166.835s][info][gc             ] GC(211) Pause Full (System.gc()) 113M->37M(989M) 80.901ms
[166.835s][info][gc,cpu         ] GC(211) User=0.08s Sys=0.00s Real=0.08s
[168.564s][info][gc,start       ] GC(212) Pause Young (Allocation Failure)
[168.569s][info][gc,heap        ] GC(212) DefNew: 279616K(314560K)->1524K(314560K) Eden: 279616K(279616K)->0K(279616K) From: 0K(34944K)->1524K(34944K)
[168.569s][info][gc,heap        ] GC(212) Tenured: 38861K(699072K)->38861K(699072K)
[168.569s][info][gc,metaspace   ] GC(212) Metaspace: 16665K(17152K)->16665K(17152K) NonClass: 14243K(14528K)->14243K(14528K) Class: 2421K(2624K)->2421K(2624K)
[168.569s][info][gc             ] GC(212) Pause Young (Allocation Failure) 311M->39M(989M) 5.087ms
[168.569s][info][gc,cpu         ] GC(212) User=0.00s Sys=0.00s Real=0.00s
[168.599s][info][gc,start       ] GC(213) Pause Young (Allocation Failure)
[168.603s][info][gc,heap        ] GC(213) DefNew: 281140K(314560K)->1526K(314560K) Eden: 279616K(279616K)->0K(279616K) From: 1524K(34944K)->1526K(34944K)
[168.603s][info][gc,heap        ] GC(213) Tenured: 38861K(699072K)->38861K(699072K)
[168.603s][info][gc,metaspace   ] GC(213) Metaspace: 16665K(17152K)->16665K(17152K) NonClass: 14243K(14528K)->14243K(14528K) Class: 2421K(2624K)->2421K(2624K)
[168.603s][info][gc             ] GC(213) Pause Young (Allocation Failure) 312M->39M(989M) 4.452ms
[168.603s][info][gc,cpu         ] GC(213) User=0.02s Sys=0.00s Real=0.01s
[168.634s][info][gc,start       ] GC(214) Pause Young (Allocation Failure)
[168.638s][info][gc,heap        ] GC(214) DefNew: 281142K(314560K)->1447K(314560K) Eden: 279616K(279616K)->0K(279616K) From: 1526K(34944K)->1447K(34944K)
[168.638s][info][gc,heap        ] GC(214) Tenured: 38861K(699072K)->38861K(699072K)
[168.638s][info][gc,metaspace   ] GC(214) Metaspace: 16665K(17152K)->16665K(17152K) NonClass: 14243K(14528K)->14243K(14528K) Class: 2421K(2624K)->2421K(2624K)
[168.638s][info][gc             ] GC(214) Pause Young (Allocation Failure) 312M->39M(989M) 4.236ms
[168.638s][info][gc,cpu         ] GC(214) User=0.02s Sys=0.00s Real=0.02s
[168.667s][info][gc,start       ] GC(215) Pause Young (Allocation Failure)
[168.671s][info][gc,heap        ] GC(215) DefNew: 281063K(314560K)->1455K(314560K) Eden: 279616K(279616K)->0K(279616K) From: 1447K(34944K)->1455K(34944K)
[168.671s][info][gc,heap        ] GC(215) Tenured: 38861K(699072K)->38861K(699072K)
[168.671s][info][gc,metaspace   ] GC(215) Metaspace: 16665K(17152K)->16665K(17152K) NonClass: 14243K(14528K)->14243K(14528K) Class: 2421K(2624K)->2421K(2624K)
[168.671s][info][gc             ] GC(215) Pause Young (Allocation Failure) 312M->39M(989M) 4.262ms
[168.671s][info][gc,cpu         ] GC(215) User=0.02s Sys=0.00s Real=0.01s
[168.701s][info][gc,start       ] GC(216) Pause Young (Allocation Failure)
[168.705s][info][gc,heap        ] GC(216) DefNew: 281071K(314560K)->1389K(314560K) Eden: 279616K(279616K)->0K(279616K) From: 1455K(34944K)->1389K(34944K)
[168.705s][info][gc,heap        ] GC(216) Tenured: 38861K(699072K)->38861K(699072K)
[168.705s][info][gc,metaspace   ] GC(216) Metaspace: 16665K(17152K)->16665K(17152K) NonClass: 14243K(14528K)->14243K(14528K) Class: 2421K(2624K)->2421K(2624K)
[168.706s][info][gc             ] GC(216) Pause Young (Allocation Failure) 312M->39M(989M) 4.162ms
[168.706s][info][gc,cpu         ] GC(216) User=0.02s Sys=0.00s Real=0.02s
[168.735s][info][gc,start       ] GC(217) Pause Young (Allocation Failure)
[168.739s][info][gc,heap        ] GC(217) DefNew: 281005K(314560K)->1475K(314560K) Eden: 279616K(279616K)->0K(279616K) From: 1389K(34944K)->1475K(34944K)
[168.739s][info][gc,heap        ] GC(217) Tenured: 38861K(699072K)->38861K(699072K)
[168.739s][info][gc,metaspace   ] GC(217) Metaspace: 16665K(17152K)->16665K(17152K) NonClass: 14243K(14528K)->14243K(14528K) Class: 2421K(2624K)->2421K(2624K)
[168.739s][info][gc             ] GC(217) Pause Young (Allocation Failure) 312M->39M(989M) 4.303ms
[168.739s][info][gc,cpu         ] GC(217) User=0.02s Sys=0.00s Real=0.02s
[168.770s][info][gc,start       ] GC(218) Pause Young (Allocation Failure)
[168.774s][info][gc,heap        ] GC(218) DefNew: 281091K(314560K)->1433K(314560K) Eden: 279616K(279616K)->0K(279616K) From: 1475K(34944K)->1433K(34944K)
[168.774s][info][gc,heap        ] GC(218) Tenured: 38861K(699072K)->38861K(699072K)
[168.774s][info][gc,metaspace   ] GC(218) Metaspace: 16665K(17152K)->16665K(17152K) NonClass: 14243K(14528K)->14243K(14528K) Class: 2421K(2624K)->2421K(2624K)
[168.774s][info][gc             ] GC(218) Pause Young (Allocation Failure) 312M->39M(989M) 4.280ms
[168.774s][info][gc,cpu         ] GC(218) User=0.02s Sys=0.00s Real=0.02s
[168.805s][info][gc,start       ] GC(219) Pause Young (Allocation Failure)
[168.809s][info][gc,heap        ] GC(219) DefNew: 281049K(314560K)->1303K(314560K) Eden: 279616K(279616K)->0K(279616K) From: 1433K(34944K)->1303K(34944K)
[168.809s][info][gc,heap        ] GC(219) Tenured: 38861K(699072K)->38861K(699072K)
[168.809s][info][gc,metaspace   ] GC(219) Metaspace: 16665K(17152K)->16665K(17152K) NonClass: 14243K(14528K)->14243K(14528K) Class: 2421K(2624K)->2421K(2624K)
[168.809s][info][gc             ] GC(219) Pause Young (Allocation Failure) 312M->39M(989M) 3.960ms
[168.809s][info][gc,cpu         ] GC(219) User=0.02s Sys=0.00s Real=0.02s
[168.840s][info][gc,start       ] GC(220) Pause Young (Allocation Failure)
[168.844s][info][gc,heap        ] GC(220) DefNew: 280919K(314560K)->1265K(314560K) Eden: 279616K(279616K)->0K(279616K) From: 1303K(34944K)->1265K(34944K)
[168.844s][info][gc,heap        ] GC(220) Tenured: 38861K(699072K)->38861K(699072K)
[168.844s][info][gc,metaspace   ] GC(220) Metaspace: 16665K(17152K)->16665K(17152K) NonClass: 14243K(14528K)->14243K(14528K) Class: 2421K(2624K)->2421K(2624K)
[168.844s][info][gc             ] GC(220) Pause Young (Allocation Failure) 312M->39M(989M) 3.885ms
[168.844s][info][gc,cpu         ] GC(220) User=0.02s Sys=0.00s Real=0.01s
[168.872s][info][gc,start       ] GC(221) Pause Young (Allocation Failure)
[168.876s][info][gc,heap        ] GC(221) DefNew: 280881K(314560K)->1269K(314560K) Eden: 279616K(279616K)->0K(279616K) From: 1265K(34944K)->1269K(34944K)
[168.876s][info][gc,heap        ] GC(221) Tenured: 38861K(699072K)->38861K(699072K)
[168.876s][info][gc,metaspace   ] GC(221) Metaspace: 16665K(17152K)->16665K(17152K) NonClass: 14243K(14528K)->14243K(14528K) Class: 2421K(2624K)->2421K(2624K)
[168.876s][info][gc             ] GC(221) Pause Young (Allocation Failure) 312M->39M(989M) 3.904ms
[168.876s][info][gc,cpu         ] GC(221) User=0.02s Sys=0.00s Real=0.02s
[168.907s][info][gc,start       ] GC(222) Pause Young (Allocation Failure)
[168.910s][info][gc,heap        ] GC(222) DefNew: 280885K(314560K)->1134K(314560K) Eden: 279616K(279616K)->0K(279616K) From: 1269K(34944K)->1134K(34944K)
[168.910s][info][gc,heap        ] GC(222) Tenured: 38861K(699072K)->38861K(699072K)
[168.910s][info][gc,metaspace   ] GC(222) Metaspace: 16665K(17152K)->16665K(17152K) NonClass: 14243K(14528K)->14243K(14528K) Class: 2421K(2624K)->2421K(2624K)
[168.910s][info][gc             ] GC(222) Pause Young (Allocation Failure) 312M->39M(989M) 3.513ms
[168.910s][info][gc,cpu         ] GC(222) User=0.00s Sys=0.00s Real=0.00s
[168.941s][info][gc,start       ] GC(223) Pause Young (Allocation Failure)
[168.943s][info][gc,heap        ] GC(223) DefNew: 280750K(314560K)->581K(314560K) Eden: 279616K(279616K)->0K(279616K) From: 1134K(34944K)->581K(34944K)
[168.943s][info][gc,heap        ] GC(223) Tenured: 38861K(699072K)->38861K(699072K)
[168.943s][info][gc,metaspace   ] GC(223) Metaspace: 16665K(17152K)->16665K(17152K) NonClass: 14243K(14528K)->14243K(14528K) Class: 2421K(2624K)->2421K(2624K)
[168.943s][info][gc             ] GC(223) Pause Young (Allocation Failure) 312M->38M(989M) 2.340ms
[168.943s][info][gc,cpu         ] GC(223) User=0.02s Sys=0.00s Real=0.02s
[169.206s][info][gc,start       ] GC(224) Pause Young (Allocation Failure)
[169.728s][info][gc,heap        ] GC(224) DefNew: 280197K(314560K)->34943K(314560K) Eden: 279616K(279616K)->0K(279616K) From: 581K(34944K)->34943K(34944K)
[169.729s][info][gc,heap        ] GC(224) Tenured: 38861K(699072K)->177914K(699072K)
[169.729s][info][gc,metaspace   ] GC(224) Metaspace: 16665K(17152K)->16665K(17152K) NonClass: 14243K(14528K)->14243K(14528K) Class: 2421K(2624K)->2421K(2624K)
[169.729s][info][gc             ] GC(224) Pause Young (Allocation Failure) 311M->207M(989M) 522.355ms
[169.729s][info][gc,cpu         ] GC(224) User=0.53s Sys=0.00s Real=0.53s
[170.043s][info][gc,start       ] GC(225) Pause Young (Allocation Failure)
[170.822s][info][gc,heap        ] GC(225) DefNew: 314559K(314560K)->34943K(314560K) Eden: 279616K(279616K)->0K(279616K) From: 34943K(34944K)->34943K(34944K)
[170.822s][info][gc,heap        ] GC(225) Tenured: 177914K(699072K)->360097K(699072K)
[170.822s][info][gc,metaspace   ] GC(225) Metaspace: 16665K(17152K)->16665K(17152K) NonClass: 14243K(14528K)->14243K(14528K) Class: 2421K(2624K)->2421K(2624K)
[170.822s][info][gc             ] GC(225) Pause Young (Allocation Failure) 480M->385M(989M) 779.290ms
[170.822s][info][gc,cpu         ] GC(225) User=0.78s Sys=0.00s Real=0.78s
[177.298s][info][gc,start       ] GC(226) Pause Young (Allocation Failure)
[177.757s][info][gc,heap        ] GC(226) DefNew: 314559K(314560K)->34944K(314560K) Eden: 279616K(279616K)->0K(279616K) From: 34943K(34944K)->34944K(34944K)
[177.757s][info][gc,heap        ] GC(226) Tenured: 360097K(699072K)->458250K(699072K)
[177.757s][info][gc,metaspace   ] GC(226) Metaspace: 16665K(17152K)->16665K(17152K) NonClass: 14243K(14528K)->14243K(14528K) Class: 2421K(2624K)->2421K(2624K)
[177.757s][info][gc             ] GC(226) Pause Young (Allocation Failure) 658M->481M(989M) 458.531ms
[177.757s][info][gc,cpu         ] GC(226) User=0.45s Sys=0.00s Real=0.45s
[177.994s][info][gc,start       ] GC(227) Pause Young (Allocation Failure)
[177.994s][info][gc             ] GC(227) Pause Young (Allocation Failure) 754M->754M(989M) 0.197ms
[177.994s][info][gc,cpu         ] GC(227) User=0.02s Sys=0.00s Real=0.02s
[177.994s][info][gc,start       ] GC(228) Pause Full (Allocation Failure)
[177.994s][info][gc,phases,start] GC(228) Phase 1: Mark live objects
[178.235s][info][gc,phases      ] GC(228) Phase 1: Mark live objects 240.247ms
[178.235s][info][gc,phases,start] GC(228) Phase 2: Compute new object addresses
[178.452s][info][gc,phases      ] GC(228) Phase 2: Compute new object addresses 217.535ms
[178.452s][info][gc,phases,start] GC(228) Phase 3: Adjust pointers
[178.585s][info][gc,phases      ] GC(228) Phase 3: Adjust pointers 132.786ms
[178.585s][info][gc,phases,start] GC(228) Phase 4: Move objects
[178.662s][info][gc,phases      ] GC(228) Phase 4: Move objects 77.154ms
[178.663s][info][gc,heap        ] GC(228) DefNew: 314560K(314560K)->0K(314560K) Eden: 279616K(279616K)->0K(279616K) From: 34944K(34944K)->0K(34944K)
[178.663s][info][gc,heap        ] GC(228) Tenured: 458250K(699072K)->170376K(699072K)
[178.663s][info][gc,metaspace   ] GC(228) Metaspace: 16665K(17152K)->16665K(17152K) NonClass: 14243K(14528K)->14243K(14528K) Class: 2421K(2624K)->2421K(2624K)
[178.663s][info][gc             ] GC(228) Pause Full (Allocation Failure) 754M->166M(989M) 668.458ms
[178.663s][info][gc,cpu         ] GC(228) User=0.66s Sys=0.00s Real=0.66s
[178.908s][info][gc,start       ] GC(229) Pause Young (Allocation Failure)
[179.259s][info][gc,heap        ] GC(229) DefNew: 279616K(314560K)->34944K(314560K) Eden: 279616K(279616K)->0K(279616K) From: 0K(34944K)->34944K(34944K)
[179.259s][info][gc,heap        ] GC(229) Tenured: 170376K(699072K)->253137K(699072K)
[179.259s][info][gc,metaspace   ] GC(229) Metaspace: 16665K(17152K)->16665K(17152K) NonClass: 14243K(14528K)->14243K(14528K) Class: 2421K(2624K)->2421K(2624K)
[179.259s][info][gc             ] GC(229) Pause Young (Allocation Failure) 439M->281M(989M) 351.209ms
[179.259s][info][gc,cpu         ] GC(229) User=0.36s Sys=0.00s Real=0.36s
[179.507s][info][gc,start       ] GC(230) Pause Young (Allocation Failure)
[179.987s][info][gc,heap        ] GC(230) DefNew: 314560K(314560K)->34944K(314560K) Eden: 279616K(279616K)->0K(279616K) From: 34944K(34944K)->34944K(34944K)
[179.987s][info][gc,heap        ] GC(230) Tenured: 253137K(699072K)->370703K(699072K)
[179.987s][info][gc,metaspace   ] GC(230) Metaspace: 16665K(17152K)->16665K(17152K) NonClass: 14243K(14528K)->14243K(14528K) Class: 2421K(2624K)->2421K(2624K)
[179.987s][info][gc             ] GC(230) Pause Young (Allocation Failure) 554M->396M(989M) 480.351ms
[179.987s][info][gc,cpu         ] GC(230) User=0.48s Sys=0.00s Real=0.49s
[180.588s][info][gc,start       ] GC(231) Pause Young (Allocation Failure)
[181.023s][info][gc,heap        ] GC(231) DefNew: 314560K(314560K)->34943K(314560K) Eden: 279616K(279616K)->0K(279616K) From: 34944K(34944K)->34943K(34944K)
[181.023s][info][gc,heap        ] GC(231) Tenured: 370703K(699072K)->461143K(699072K)
[181.023s][info][gc,metaspace   ] GC(231) Metaspace: 16665K(17152K)->16665K(17152K) NonClass: 14243K(14528K)->14243K(14528K) Class: 2421K(2624K)->2421K(2624K)
[181.023s][info][gc             ] GC(231) Pause Young (Allocation Failure) 669M->484M(989M) 434.880ms
[181.023s][info][gc,cpu         ] GC(231) User=0.44s Sys=0.00s Real=0.44s
[181.510s][info][gc,start       ] GC(232) Pause Young (Allocation Failure)
[181.510s][info][gc             ] GC(232) Pause Young (Allocation Failure) 757M->757M(989M) 0.191ms
[181.510s][info][gc,cpu         ] GC(232) User=0.00s Sys=0.00s Real=0.00s
[181.510s][info][gc,start       ] GC(233) Pause Full (Allocation Failure)
[181.510s][info][gc,phases,start] GC(233) Phase 1: Mark live objects
[181.972s][info][gc,phases      ] GC(233) Phase 1: Mark live objects 461.550ms
[181.972s][info][gc,phases,start] GC(233) Phase 2: Compute new object addresses
[182.214s][info][gc,phases      ] GC(233) Phase 2: Compute new object addresses 242.215ms
[182.214s][info][gc,phases,start] GC(233) Phase 3: Adjust pointers
[182.494s][info][gc,phases      ] GC(233) Phase 3: Adjust pointers 279.691ms
[182.494s][info][gc,phases,start] GC(233) Phase 4: Move objects
[182.569s][info][gc,phases      ] GC(233) Phase 4: Move objects 75.445ms
[182.570s][info][gc,heap        ] GC(233) DefNew: 314559K(314560K)->0K(314560K) Eden: 279616K(279616K)->0K(279616K) From: 34943K(34944K)->0K(34944K)
[182.570s][info][gc,heap        ] GC(233) Tenured: 461143K(699072K)->445147K(699072K)
[182.570s][info][gc,metaspace   ] GC(233) Metaspace: 16665K(17152K)->16665K(17152K) NonClass: 14243K(14528K)->14243K(14528K) Class: 2421K(2624K)->2421K(2624K)
[182.570s][info][gc             ] GC(233) Pause Full (Allocation Failure) 757M->434M(989M) 1059.654ms
[182.570s][info][gc,cpu         ] GC(233) User=1.05s Sys=0.00s Real=1.06s
[184.448s][info][gc,heap,exit   ] Heap
[184.448s][info][gc,heap,exit   ]  def new generation   total 314560K, used 247212K [0x00000000c0000000, 0x00000000d5550000, 0x00000000d5550000)
[184.448s][info][gc,heap,exit   ]   eden space 279616K,  88% used [0x00000000c0000000, 0x00000000cf16b2d8, 0x00000000d1110000)
[184.448s][info][gc,heap,exit   ]   from space 34944K,   0% used [0x00000000d1110000, 0x00000000d1110000, 0x00000000d3330000)
[184.448s][info][gc,heap,exit   ]   to   space 34944K,   0% used [0x00000000d3330000, 0x00000000d3330000, 0x00000000d5550000)
[184.448s][info][gc,heap,exit   ]  tenured generation   total 699072K, used 445147K [0x00000000d5550000, 0x0000000100000000, 0x0000000100000000)
[184.448s][info][gc,heap,exit   ]    the space 699072K,  63% used [0x00000000d5550000, 0x00000000f0806d30, 0x00000000f0806e00, 0x0000000100000000)
[184.448s][info][gc,heap,exit   ]  Metaspace       used 16752K, committed 17216K, reserved 1114112K
[184.448s][info][gc,heap,exit   ]   class space    used 2436K, committed 2624K, reserved 1048576K
