[0.018s][info][gc,init] CardTable entry size: 512
[0.018s][info][gc     ] Using Serial
[0.021s][info][gc,init] Version: 20+36-2344 (release)
[0.021s][info][gc,init] CPUs: 48 total, 48 available
[0.021s][info][gc,init] Memory: 382G
[0.021s][info][gc,init] Large Page Support: Disabled
[0.021s][info][gc,init] NUMA Support: Disabled
[0.021s][info][gc,init] Compressed Oops: Enabled (32-bit)
[0.021s][info][gc,init] Heap Min Capacity: 8M
[0.021s][info][gc,init] Heap Initial Capacity: 512M
[0.021s][info][gc,init] Heap Max Capacity: 512M
[0.021s][info][gc,init] Pre-touch: Disabled
[0.028s][info][gc,metaspace] CDS archive(s) mapped at: [0x0000000800000000-0x0000000800c60000-0x0000000800c60000), size 12976128, SharedBaseAddress: 0x0000000800000000, ArchiveRelocationMode: 0.
[0.028s][info][gc,metaspace] Compressed class space mapped at: 0x0000000801000000-0x0000000841000000, reserved size: 1073741824
[0.028s][info][gc,metaspace] Narrow klass base: 0x0000000800000000, Narrow klass shift: 0, Narrow klass range: 0x100000000
[1.606s][info][gc,start    ] GC(0) Pause Full (System.gc())
[1.606s][info][gc,phases,start] GC(0) Phase 1: Mark live objects
[1.621s][info][gc,phases      ] GC(0) Phase 1: Mark live objects 14.839ms
[1.621s][info][gc,phases,start] GC(0) Phase 2: Compute new object addresses
[1.629s][info][gc,phases      ] GC(0) Phase 2: Compute new object addresses 7.761ms
[1.629s][info][gc,phases,start] GC(0) Phase 3: Adjust pointers
[1.634s][info][gc,phases      ] GC(0) Phase 3: Adjust pointers 5.749ms
[1.634s][info][gc,phases,start] GC(0) Phase 4: Move objects
[1.638s][info][gc,phases      ] GC(0) Phase 4: Move objects 3.692ms
[1.639s][info][gc,heap        ] GC(0) DefNew: 61610K(157248K)->0K(157248K) Eden: 61610K(139776K)->0K(139776K) From: 0K(17472K)->0K(17472K)
[1.639s][info][gc,heap        ] GC(0) Tenured: 0K(349568K)->4729K(349568K)
[1.639s][info][gc,metaspace   ] GC(0) Metaspace: 14219K(14464K)->14219K(14464K) NonClass: 12164K(12288K)->12164K(12288K) Class: 2055K(2176K)->2055K(2176K)
[1.639s][info][gc             ] GC(0) Pause Full (System.gc()) 60M->4M(494M) 33.714ms
[1.639s][info][gc,cpu         ] GC(0) User=0.03s Sys=0.00s Real=0.03s
[4.205s][info][gc,start       ] GC(1) Pause Young (Allocation Failure)
[4.212s][info][gc,heap        ] GC(1) DefNew: 139776K(157248K)->1845K(157248K) Eden: 139776K(139776K)->0K(139776K) From: 0K(17472K)->1845K(17472K)
[4.212s][info][gc,heap        ] GC(1) Tenured: 4729K(349568K)->4729K(349568K)
[4.212s][info][gc,metaspace   ] GC(1) Metaspace: 15828K(16064K)->15828K(16064K) NonClass: 13567K(13696K)->13567K(13696K) Class: 2261K(2368K)->2261K(2368K)
[4.212s][info][gc             ] GC(1) Pause Young (Allocation Failure) 141M->6M(494M) 7.216ms
[4.212s][info][gc,cpu         ] GC(1) User=0.00s Sys=0.00s Real=0.00s
[4.324s][info][gc,start       ] GC(2) Pause Young (Allocation Failure)
[4.330s][info][gc,heap        ] GC(2) DefNew: 141621K(157248K)->1893K(157248K) Eden: 139776K(139776K)->0K(139776K) From: 1845K(17472K)->1893K(17472K)
[4.330s][info][gc,heap        ] GC(2) Tenured: 4729K(349568K)->4729K(349568K)
[4.330s][info][gc,metaspace   ] GC(2) Metaspace: 15832K(16064K)->15832K(16064K) NonClass: 13571K(13696K)->13571K(13696K) Class: 2261K(2368K)->2261K(2368K)
[4.330s][info][gc             ] GC(2) Pause Young (Allocation Failure) 142M->6M(494M) 6.404ms
[4.330s][info][gc,cpu         ] GC(2) User=0.05s Sys=0.00s Real=0.02s
[4.386s][info][gc,start       ] GC(3) Pause Young (Allocation Failure)
[4.392s][info][gc,heap        ] GC(3) DefNew: 141669K(157248K)->1822K(157248K) Eden: 139776K(139776K)->0K(139776K) From: 1893K(17472K)->1822K(17472K)
[4.392s][info][gc,heap        ] GC(3) Tenured: 4729K(349568K)->4729K(349568K)
[4.392s][info][gc,metaspace   ] GC(3) Metaspace: 15837K(16064K)->15837K(16064K) NonClass: 13576K(13696K)->13576K(13696K) Class: 2261K(2368K)->2261K(2368K)
[4.392s][info][gc             ] GC(3) Pause Young (Allocation Failure) 142M->6M(494M) 5.384ms
[4.392s][info][gc,cpu         ] GC(3) User=0.00s Sys=0.00s Real=0.00s
[4.442s][info][gc,start       ] GC(4) Pause Young (Allocation Failure)
[4.447s][info][gc,heap        ] GC(4) DefNew: 141598K(157248K)->1896K(157248K) Eden: 139776K(139776K)->0K(139776K) From: 1822K(17472K)->1896K(17472K)
[4.447s][info][gc,heap        ] GC(4) Tenured: 4729K(349568K)->4729K(349568K)
[4.447s][info][gc,metaspace   ] GC(4) Metaspace: 15839K(16064K)->15839K(16064K) NonClass: 13578K(13696K)->13578K(13696K) Class: 2261K(2368K)->2261K(2368K)
[4.447s][info][gc             ] GC(4) Pause Young (Allocation Failure) 142M->6M(494M) 5.802ms
[4.448s][info][gc,cpu         ] GC(4) User=0.00s Sys=0.00s Real=0.01s
[4.476s][info][gc,start       ] GC(5) Pause Young (Allocation Failure)
[4.481s][info][gc,heap        ] GC(5) DefNew: 141672K(157248K)->1903K(157248K) Eden: 139776K(139776K)->0K(139776K) From: 1896K(17472K)->1903K(17472K)
[4.481s][info][gc,heap        ] GC(5) Tenured: 4729K(349568K)->4729K(349568K)
[4.481s][info][gc,metaspace   ] GC(5) Metaspace: 15839K(16064K)->15839K(16064K) NonClass: 13578K(13696K)->13578K(13696K) Class: 2261K(2368K)->2261K(2368K)
[4.481s][info][gc             ] GC(5) Pause Young (Allocation Failure) 142M->6M(494M) 5.739ms
[4.481s][info][gc,cpu         ] GC(5) User=0.02s Sys=0.00s Real=0.01s
[4.532s][info][gc,start       ] GC(6) Pause Young (Allocation Failure)
[4.538s][info][gc,heap        ] GC(6) DefNew: 141679K(157248K)->1895K(157248K) Eden: 139776K(139776K)->0K(139776K) From: 1903K(17472K)->1895K(17472K)
[4.538s][info][gc,heap        ] GC(6) Tenured: 4729K(349568K)->4729K(349568K)
[4.538s][info][gc,metaspace   ] GC(6) Metaspace: 15839K(16064K)->15839K(16064K) NonClass: 13578K(13696K)->13578K(13696K) Class: 2261K(2368K)->2261K(2368K)
[4.538s][info][gc             ] GC(6) Pause Young (Allocation Failure) 142M->6M(494M) 5.500ms
[4.538s][info][gc,cpu         ] GC(6) User=0.00s Sys=0.00s Real=0.00s
[4.587s][info][gc,start       ] GC(7) Pause Young (Allocation Failure)
[4.593s][info][gc,heap        ] GC(7) DefNew: 141671K(157248K)->1839K(157248K) Eden: 139776K(139776K)->0K(139776K) From: 1895K(17472K)->1839K(17472K)
[4.593s][info][gc,heap        ] GC(7) Tenured: 4729K(349568K)->4729K(349568K)
[4.593s][info][gc,metaspace   ] GC(7) Metaspace: 15843K(16064K)->15843K(16064K) NonClass: 13582K(13696K)->13582K(13696K) Class: 2261K(2368K)->2261K(2368K)
[4.593s][info][gc             ] GC(7) Pause Young (Allocation Failure) 142M->6M(494M) 5.546ms
[4.593s][info][gc,cpu         ] GC(7) User=0.00s Sys=0.00s Real=0.00s
[4.643s][info][gc,start       ] GC(8) Pause Young (Allocation Failure)
[4.648s][info][gc,heap        ] GC(8) DefNew: 141615K(157248K)->1823K(157248K) Eden: 139776K(139776K)->0K(139776K) From: 1839K(17472K)->1823K(17472K)
[4.648s][info][gc,heap        ] GC(8) Tenured: 4729K(349568K)->4729K(349568K)
[4.649s][info][gc,metaspace   ] GC(8) Metaspace: 15843K(16064K)->15843K(16064K) NonClass: 13582K(13696K)->13582K(13696K) Class: 2261K(2368K)->2261K(2368K)
[4.649s][info][gc             ] GC(8) Pause Young (Allocation Failure) 142M->6M(494M) 5.571ms
[4.649s][info][gc,cpu         ] GC(8) User=0.03s Sys=0.00s Real=0.01s
[4.684s][info][gc,start       ] GC(9) Pause Young (Allocation Failure)
[4.690s][info][gc,heap        ] GC(9) DefNew: 141599K(157248K)->1935K(157248K) Eden: 139776K(139776K)->0K(139776K) From: 1823K(17472K)->1935K(17472K)
[4.690s][info][gc,heap        ] GC(9) Tenured: 4729K(349568K)->4729K(349568K)
[4.690s][info][gc,metaspace   ] GC(9) Metaspace: 15844K(16064K)->15844K(16064K) NonClass: 13583K(13696K)->13583K(13696K) Class: 2261K(2368K)->2261K(2368K)
[4.690s][info][gc             ] GC(9) Pause Young (Allocation Failure) 142M->6M(494M) 5.908ms
[4.690s][info][gc,cpu         ] GC(9) User=0.02s Sys=0.00s Real=0.01s
[4.707s][info][gc,start       ] GC(10) Pause Young (Allocation Failure)
[4.712s][info][gc,heap        ] GC(10) DefNew: 141711K(157248K)->1822K(157248K) Eden: 139776K(139776K)->0K(139776K) From: 1935K(17472K)->1822K(17472K)
[4.712s][info][gc,heap        ] GC(10) Tenured: 4729K(349568K)->4729K(349568K)
[4.712s][info][gc,metaspace   ] GC(10) Metaspace: 15845K(16064K)->15845K(16064K) NonClass: 13584K(13696K)->13584K(13696K) Class: 2261K(2368K)->2261K(2368K)
[4.713s][info][gc             ] GC(10) Pause Young (Allocation Failure) 143M->6M(494M) 5.754ms
[4.713s][info][gc,cpu         ] GC(10) User=0.02s Sys=0.00s Real=0.02s
[4.729s][info][gc,start       ] GC(11) Pause Young (Allocation Failure)
[4.734s][info][gc,heap        ] GC(11) DefNew: 141598K(157248K)->1783K(157248K) Eden: 139776K(139776K)->0K(139776K) From: 1822K(17472K)->1783K(17472K)
[4.734s][info][gc,heap        ] GC(11) Tenured: 4729K(349568K)->4729K(349568K)
[4.734s][info][gc,metaspace   ] GC(11) Metaspace: 15845K(16064K)->15845K(16064K) NonClass: 13584K(13696K)->13584K(13696K) Class: 2261K(2368K)->2261K(2368K)
[4.734s][info][gc             ] GC(11) Pause Young (Allocation Failure) 142M->6M(494M) 5.442ms
[4.734s][info][gc,cpu         ] GC(11) User=0.00s Sys=0.00s Real=0.00s
[4.751s][info][gc,start       ] GC(12) Pause Young (Allocation Failure)
[4.757s][info][gc,heap        ] GC(12) DefNew: 141559K(157248K)->1819K(157248K) Eden: 139776K(139776K)->0K(139776K) From: 1783K(17472K)->1819K(17472K)
[4.757s][info][gc,heap        ] GC(12) Tenured: 4729K(349568K)->4729K(349568K)
[4.757s][info][gc,metaspace   ] GC(12) Metaspace: 15845K(16064K)->15845K(16064K) NonClass: 13584K(13696K)->13584K(13696K) Class: 2261K(2368K)->2261K(2368K)
[4.757s][info][gc             ] GC(12) Pause Young (Allocation Failure) 142M->6M(494M) 5.441ms
[4.757s][info][gc,cpu         ] GC(12) User=0.00s Sys=0.00s Real=0.00s
[4.773s][info][gc,start       ] GC(13) Pause Young (Allocation Failure)
[4.779s][info][gc,heap        ] GC(13) DefNew: 141595K(157248K)->1843K(157248K) Eden: 139776K(139776K)->0K(139776K) From: 1819K(17472K)->1843K(17472K)
[4.779s][info][gc,heap        ] GC(13) Tenured: 4729K(349568K)->4729K(349568K)
[4.779s][info][gc,metaspace   ] GC(13) Metaspace: 15845K(16064K)->15845K(16064K) NonClass: 13584K(13696K)->13584K(13696K) Class: 2261K(2368K)->2261K(2368K)
[4.779s][info][gc             ] GC(13) Pause Young (Allocation Failure) 142M->6M(494M) 5.547ms
[4.779s][info][gc,cpu         ] GC(13) User=0.02s Sys=0.00s Real=0.02s
[4.795s][info][gc,start       ] GC(14) Pause Young (Allocation Failure)
[4.800s][info][gc,heap        ] GC(14) DefNew: 141619K(157248K)->1789K(157248K) Eden: 139776K(139776K)->0K(139776K) From: 1843K(17472K)->1789K(17472K)
[4.801s][info][gc,heap        ] GC(14) Tenured: 4729K(349568K)->4729K(349568K)
[4.801s][info][gc,metaspace   ] GC(14) Metaspace: 15845K(16064K)->15845K(16064K) NonClass: 13584K(13696K)->13584K(13696K) Class: 2261K(2368K)->2261K(2368K)
[4.801s][info][gc             ] GC(14) Pause Young (Allocation Failure) 142M->6M(494M) 5.370ms
[4.801s][info][gc,cpu         ] GC(14) User=0.00s Sys=0.00s Real=0.00s
[4.817s][info][gc,start       ] GC(15) Pause Young (Allocation Failure)
[4.823s][info][gc,heap        ] GC(15) DefNew: 141565K(157248K)->1775K(157248K) Eden: 139776K(139776K)->0K(139776K) From: 1789K(17472K)->1775K(17472K)
[4.823s][info][gc,heap        ] GC(15) Tenured: 4729K(349568K)->4729K(349568K)
[4.823s][info][gc,metaspace   ] GC(15) Metaspace: 15845K(16064K)->15845K(16064K) NonClass: 13584K(13696K)->13584K(13696K) Class: 2261K(2368K)->2261K(2368K)
[4.823s][info][gc             ] GC(15) Pause Young (Allocation Failure) 142M->6M(494M) 5.345ms
[4.823s][info][gc,cpu         ] GC(15) User=0.00s Sys=0.00s Real=0.00s
[4.839s][info][gc,start       ] GC(16) Pause Young (Allocation Failure)
[4.845s][info][gc,heap        ] GC(16) DefNew: 141551K(157248K)->1390K(157248K) Eden: 139776K(139776K)->0K(139776K) From: 1775K(17472K)->1390K(17472K)
[4.845s][info][gc,heap        ] GC(16) Tenured: 4729K(349568K)->5221K(349568K)
[4.845s][info][gc,metaspace   ] GC(16) Metaspace: 15845K(16064K)->15845K(16064K) NonClass: 13584K(13696K)->13584K(13696K) Class: 2261K(2368K)->2261K(2368K)
[4.845s][info][gc             ] GC(16) Pause Young (Allocation Failure) 142M->6M(494M) 5.873ms
[4.845s][info][gc,cpu         ] GC(16) User=0.02s Sys=0.00s Real=0.02s
[4.862s][info][gc,start       ] GC(17) Pause Young (Allocation Failure)
[4.865s][info][gc,heap        ] GC(17) DefNew: 141166K(157248K)->1275K(157248K) Eden: 139776K(139776K)->0K(139776K) From: 1390K(17472K)->1275K(17472K)
[4.865s][info][gc,heap        ] GC(17) Tenured: 5221K(349568K)->5224K(349568K)
[4.865s][info][gc,metaspace   ] GC(17) Metaspace: 15845K(16064K)->15845K(16064K) NonClass: 13584K(13696K)->13584K(13696K) Class: 2261K(2368K)->2261K(2368K)
[4.865s][info][gc             ] GC(17) Pause Young (Allocation Failure) 142M->6M(494M) 3.650ms
[4.865s][info][gc,cpu         ] GC(17) User=0.00s Sys=0.00s Real=0.00s
[4.882s][info][gc,start       ] GC(18) Pause Young (Allocation Failure)
[4.886s][info][gc,heap        ] GC(18) DefNew: 141051K(157248K)->1190K(157248K) Eden: 139776K(139776K)->0K(139776K) From: 1275K(17472K)->1190K(17472K)
[4.886s][info][gc,heap        ] GC(18) Tenured: 5224K(349568K)->5224K(349568K)
[4.886s][info][gc,metaspace   ] GC(18) Metaspace: 15845K(16064K)->15845K(16064K) NonClass: 13584K(13696K)->13584K(13696K) Class: 2261K(2368K)->2261K(2368K)
[4.886s][info][gc             ] GC(18) Pause Young (Allocation Failure) 142M->6M(494M) 3.389ms
[4.886s][info][gc,cpu         ] GC(18) User=0.00s Sys=0.00s Real=0.00s
[4.902s][info][gc,start       ] GC(19) Pause Young (Allocation Failure)
[4.906s][info][gc,heap        ] GC(19) DefNew: 140966K(157248K)->1315K(157248K) Eden: 139776K(139776K)->0K(139776K) From: 1190K(17472K)->1315K(17472K)
[4.906s][info][gc,heap        ] GC(19) Tenured: 5224K(349568K)->5224K(349568K)
[4.906s][info][gc,metaspace   ] GC(19) Metaspace: 15845K(16064K)->15845K(16064K) NonClass: 13584K(13696K)->13584K(13696K) Class: 2261K(2368K)->2261K(2368K)
[4.906s][info][gc             ] GC(19) Pause Young (Allocation Failure) 142M->6M(494M) 3.685ms
[4.906s][info][gc,cpu         ] GC(19) User=0.00s Sys=0.00s Real=0.00s
[4.923s][info][gc,start       ] GC(20) Pause Young (Allocation Failure)
[4.927s][info][gc,heap        ] GC(20) DefNew: 141091K(157248K)->1264K(157248K) Eden: 139776K(139776K)->0K(139776K) From: 1315K(17472K)->1264K(17472K)
[4.927s][info][gc,heap        ] GC(20) Tenured: 5224K(349568K)->5224K(349568K)
[4.927s][info][gc,metaspace   ] GC(20) Metaspace: 15845K(16064K)->15845K(16064K) NonClass: 13584K(13696K)->13584K(13696K) Class: 2261K(2368K)->2261K(2368K)
[4.927s][info][gc             ] GC(20) Pause Young (Allocation Failure) 142M->6M(494M) 3.683ms
[4.927s][info][gc,cpu         ] GC(20) User=0.00s Sys=0.00s Real=0.00s
[4.944s][info][gc,start       ] GC(21) Pause Young (Allocation Failure)
[4.947s][info][gc,heap        ] GC(21) DefNew: 141040K(157248K)->1176K(157248K) Eden: 139776K(139776K)->0K(139776K) From: 1264K(17472K)->1176K(17472K)
[4.947s][info][gc,heap        ] GC(21) Tenured: 5224K(349568K)->5224K(349568K)
[4.947s][info][gc,metaspace   ] GC(21) Metaspace: 15845K(16064K)->15845K(16064K) NonClass: 13584K(13696K)->13584K(13696K) Class: 2261K(2368K)->2261K(2368K)
[4.947s][info][gc             ] GC(21) Pause Young (Allocation Failure) 142M->6M(494M) 3.464ms
[4.947s][info][gc,cpu         ] GC(21) User=0.00s Sys=0.00s Real=0.00s
[4.964s][info][gc,start       ] GC(22) Pause Young (Allocation Failure)
[4.967s][info][gc,heap        ] GC(22) DefNew: 140952K(157248K)->1184K(157248K) Eden: 139776K(139776K)->0K(139776K) From: 1176K(17472K)->1184K(17472K)
[4.967s][info][gc,heap        ] GC(22) Tenured: 5224K(349568K)->5224K(349568K)
[4.967s][info][gc,metaspace   ] GC(22) Metaspace: 15845K(16064K)->15845K(16064K) NonClass: 13584K(13696K)->13584K(13696K) Class: 2261K(2368K)->2261K(2368K)
[4.967s][info][gc             ] GC(22) Pause Young (Allocation Failure) 142M->6M(494M) 3.429ms
[4.967s][info][gc,cpu         ] GC(22) User=0.00s Sys=0.00s Real=0.00s
[4.985s][info][gc,start       ] GC(23) Pause Young (Allocation Failure)
[4.988s][info][gc,heap        ] GC(23) DefNew: 140960K(157248K)->1107K(157248K) Eden: 139776K(139776K)->0K(139776K) From: 1184K(17472K)->1107K(17472K)
[4.988s][info][gc,heap        ] GC(23) Tenured: 5224K(349568K)->5225K(349568K)
[4.988s][info][gc,metaspace   ] GC(23) Metaspace: 15845K(16064K)->15845K(16064K) NonClass: 13584K(13696K)->13584K(13696K) Class: 2261K(2368K)->2261K(2368K)
[4.988s][info][gc             ] GC(23) Pause Young (Allocation Failure) 142M->6M(494M) 3.323ms
[4.988s][info][gc,cpu         ] GC(23) User=0.00s Sys=0.00s Real=0.00s
[5.005s][info][gc,start       ] GC(24) Pause Young (Allocation Failure)
[5.008s][info][gc,heap        ] GC(24) DefNew: 140883K(157248K)->907K(157248K) Eden: 139776K(139776K)->0K(139776K) From: 1107K(17472K)->907K(17472K)
[5.008s][info][gc,heap        ] GC(24) Tenured: 5225K(349568K)->5225K(349568K)
[5.008s][info][gc,metaspace   ] GC(24) Metaspace: 15845K(16064K)->15845K(16064K) NonClass: 13584K(13696K)->13584K(13696K) Class: 2261K(2368K)->2261K(2368K)
[5.008s][info][gc             ] GC(24) Pause Young (Allocation Failure) 142M->5M(494M) 2.775ms
[5.008s][info][gc,cpu         ] GC(24) User=0.00s Sys=0.00s Real=0.00s
[5.171s][info][gc,start       ] GC(25) Pause Young (Allocation Failure)
[5.404s][info][gc,heap        ] GC(25) DefNew: 140683K(157248K)->17471K(157248K) Eden: 139776K(139776K)->0K(139776K) From: 907K(17472K)->17471K(17472K)
[5.404s][info][gc,heap        ] GC(25) Tenured: 5225K(349568K)->58956K(349568K)
[5.404s][info][gc,metaspace   ] GC(25) Metaspace: 16055K(16320K)->16055K(16320K) NonClass: 13742K(13888K)->13742K(13888K) Class: 2313K(2432K)->2313K(2432K)
[5.404s][info][gc             ] GC(25) Pause Young (Allocation Failure) 142M->74M(494M) 233.751ms
[5.404s][info][gc,cpu         ] GC(25) User=0.28s Sys=0.08s Real=0.23s
[5.566s][info][gc,start       ] GC(26) Pause Young (Allocation Failure)
[5.956s][info][gc,heap        ] GC(26) DefNew: 157247K(157248K)->17472K(157248K) Eden: 139776K(139776K)->0K(139776K) From: 17471K(17472K)->17472K(17472K)
[5.956s][info][gc,heap        ] GC(26) Tenured: 58956K(349568K)->146737K(349568K)
[5.956s][info][gc,metaspace   ] GC(26) Metaspace: 16061K(16320K)->16061K(16320K) NonClass: 13748K(13888K)->13748K(13888K) Class: 2313K(2432K)->2313K(2432K)
[5.956s][info][gc             ] GC(26) Pause Young (Allocation Failure) 211M->160M(494M) 390.289ms
[5.956s][info][gc,cpu         ] GC(26) User=0.44s Sys=0.06s Real=0.39s
[6.119s][info][gc,start       ] GC(27) Pause Young (Allocation Failure)
[6.509s][info][gc,heap        ] GC(27) DefNew: 157248K(157248K)->17471K(157248K) Eden: 139776K(139776K)->0K(139776K) From: 17472K(17472K)->17471K(17472K)
[6.509s][info][gc,heap        ] GC(27) Tenured: 146737K(349568K)->237270K(349568K)
[6.509s][info][gc,metaspace   ] GC(27) Metaspace: 16061K(16320K)->16061K(16320K) NonClass: 13748K(13888K)->13748K(13888K) Class: 2313K(2432K)->2313K(2432K)
[6.509s][info][gc             ] GC(27) Pause Young (Allocation Failure) 296M->248M(494M) 389.771ms
[6.509s][info][gc,cpu         ] GC(27) User=0.36s Sys=0.03s Real=0.39s
[6.669s][info][gc,start       ] GC(28) Pause Young (Allocation Failure)
[7.094s][info][gc,heap        ] GC(28) DefNew: 157247K(157248K)->17471K(157248K) Eden: 139776K(139776K)->0K(139776K) From: 17471K(17472K)->17471K(17472K)
[7.094s][info][gc,heap        ] GC(28) Tenured: 237270K(349568K)->327578K(349568K)
[7.094s][info][gc,metaspace   ] GC(28) Metaspace: 16061K(16320K)->16061K(16320K) NonClass: 13748K(13888K)->13748K(13888K) Class: 2313K(2432K)->2313K(2432K)
[7.094s][info][gc             ] GC(28) Pause Young (Allocation Failure) 385M->336M(494M) 424.537ms
[7.094s][info][gc,cpu         ] GC(28) User=0.42s Sys=0.02s Real=0.44s
[7.252s][info][gc,start       ] GC(29) Pause Young (Allocation Failure)
[7.253s][info][gc             ] GC(29) Pause Young (Allocation Failure) 473M->473M(494M) 0.211ms
[7.253s][info][gc,cpu         ] GC(29) User=0.00s Sys=0.00s Real=0.00s
[7.253s][info][gc,start       ] GC(30) Pause Full (Allocation Failure)
[7.253s][info][gc,phases,start] GC(30) Phase 1: Mark live objects
[7.955s][info][gc,phases      ] GC(30) Phase 1: Mark live objects 702.278ms
[7.955s][info][gc,phases,start] GC(30) Phase 2: Compute new object addresses
[8.142s][info][gc,phases      ] GC(30) Phase 2: Compute new object addresses 186.507ms
[8.142s][info][gc,phases,start] GC(30) Phase 3: Adjust pointers
[8.467s][info][gc,phases      ] GC(30) Phase 3: Adjust pointers 325.718ms
[8.467s][info][gc,phases,start] GC(30) Phase 4: Move objects
[8.518s][info][gc,phases      ] GC(30) Phase 4: Move objects 50.471ms
[8.524s][info][gc,heap        ] GC(30) DefNew: 157247K(157248K)->86323K(157248K) Eden: 139776K(139776K)->86323K(139776K) From: 17471K(17472K)->0K(17472K)
[8.524s][info][gc,heap        ] GC(30) Tenured: 327578K(349568K)->349567K(349568K)
[8.524s][info][gc,metaspace   ] GC(30) Metaspace: 16061K(16320K)->16019K(16320K) NonClass: 13748K(13888K)->13718K(13888K) Class: 2313K(2432K)->2301K(2432K)
[8.525s][info][gc             ] GC(30) Pause Full (Allocation Failure) 473M->425M(494M) 1271.851ms
[8.525s][info][gc,cpu         ] GC(30) User=1.27s Sys=0.00s Real=1.27s
[9.420s][info][gc,start       ] GC(31) Pause Full (Allocation Failure)
[9.420s][info][gc,phases,start] GC(31) Phase 1: Mark live objects
[10.048s][info][gc,phases      ] GC(31) Phase 1: Mark live objects 627.978ms
[10.048s][info][gc,phases,start] GC(31) Phase 2: Compute new object addresses
[10.251s][info][gc,phases      ] GC(31) Phase 2: Compute new object addresses 203.621ms
[10.252s][info][gc,phases,start] GC(31) Phase 3: Adjust pointers
[10.542s][info][gc,phases      ] GC(31) Phase 3: Adjust pointers 290.401ms
[10.542s][info][gc,phases,start] GC(31) Phase 4: Move objects
[10.627s][info][gc,phases      ] GC(31) Phase 4: Move objects 85.038ms
[10.633s][info][gc,heap        ] GC(31) DefNew: 157248K(157248K)->80809K(157248K) Eden: 139776K(139776K)->80809K(139776K) From: 17472K(17472K)->0K(17472K)
[10.633s][info][gc,heap        ] GC(31) Tenured: 349567K(349568K)->349567K(349568K)
[10.633s][info][gc,metaspace   ] GC(31) Metaspace: 16021K(16320K)->16021K(16320K) NonClass: 13720K(13888K)->13720K(13888K) Class: 2301K(2432K)->2301K(2432K)
[10.633s][info][gc             ] GC(31) Pause Full (Allocation Failure) 494M->420M(494M) 1212.994ms
[10.633s][info][gc,cpu         ] GC(31) User=1.22s Sys=0.00s Real=1.21s
[12.636s][info][gc,start       ] GC(32) Pause Full (Allocation Failure)
[12.636s][info][gc,phases,start] GC(32) Phase 1: Mark live objects
[12.648s][info][gc,phases      ] GC(32) Phase 1: Mark live objects 11.577ms
[12.648s][info][gc,phases,start] GC(32) Phase 2: Compute new object addresses
[12.803s][info][gc,phases      ] GC(32) Phase 2: Compute new object addresses 155.380ms
[12.803s][info][gc,phases,start] GC(32) Phase 3: Adjust pointers
[12.811s][info][gc,phases      ] GC(32) Phase 3: Adjust pointers 7.079ms
[12.811s][info][gc,phases,start] GC(32) Phase 4: Move objects
[12.812s][info][gc,phases      ] GC(32) Phase 4: Move objects 1.630ms
[12.813s][info][gc,heap        ] GC(32) DefNew: 157248K(157248K)->0K(157248K) Eden: 139776K(139776K)->0K(139776K) From: 17472K(17472K)->0K(17472K)
[12.813s][info][gc,heap        ] GC(32) Tenured: 349567K(349568K)->5660K(349568K)
[12.813s][info][gc,metaspace   ] GC(32) Metaspace: 16357K(16704K)->16249K(16640K) NonClass: 13977K(14144K)->13902K(14144K) Class: 2379K(2560K)->2346K(2496K)
[12.813s][info][gc             ] GC(32) Pause Full (Allocation Failure) 494M->5M(494M) 176.396ms
[12.813s][info][gc,cpu         ] GC(32) User=0.19s Sys=0.00s Real=0.19s
[18.671s][info][gc,start       ] GC(33) Pause Young (Allocation Failure)
[18.823s][info][gc,heap        ] GC(33) DefNew: 139776K(157248K)->17471K(157248K) Eden: 139776K(139776K)->0K(139776K) From: 0K(17472K)->17471K(17472K)
[18.823s][info][gc,heap        ] GC(33) Tenured: 5660K(349568K)->36393K(349568K)
[18.823s][info][gc,metaspace   ] GC(33) Metaspace: 16356K(16640K)->16356K(16640K) NonClass: 13993K(14144K)->13993K(14144K) Class: 2362K(2496K)->2362K(2496K)
[18.824s][info][gc             ] GC(33) Pause Young (Allocation Failure) 142M->52M(494M) 152.625ms
[18.824s][info][gc,cpu         ] GC(33) User=0.17s Sys=0.00s Real=0.17s
[18.941s][info][gc,start       ] GC(34) Pause Young (Allocation Failure)
[19.220s][info][gc,heap        ] GC(34) DefNew: 157247K(157248K)->17472K(157248K) Eden: 139776K(139776K)->0K(139776K) From: 17471K(17472K)->17472K(17472K)
[19.220s][info][gc,heap        ] GC(34) Tenured: 36393K(349568K)->94562K(349568K)
[19.220s][info][gc,metaspace   ] GC(34) Metaspace: 16356K(16640K)->16356K(16640K) NonClass: 13993K(14144K)->13993K(14144K) Class: 2362K(2496K)->2362K(2496K)
[19.220s][info][gc             ] GC(34) Pause Young (Allocation Failure) 189M->109M(494M) 278.921ms
[19.220s][info][gc,cpu         ] GC(34) User=0.28s Sys=0.00s Real=0.28s
[19.338s][info][gc,start       ] GC(35) Pause Young (Allocation Failure)
[19.575s][info][gc,heap        ] GC(35) DefNew: 157248K(157248K)->17472K(157248K) Eden: 139776K(139776K)->0K(139776K) From: 17472K(17472K)->17472K(17472K)
[19.575s][info][gc,heap        ] GC(35) Tenured: 94562K(349568K)->152169K(349568K)
[19.575s][info][gc,metaspace   ] GC(35) Metaspace: 16356K(16640K)->16356K(16640K) NonClass: 13993K(14144K)->13993K(14144K) Class: 2362K(2496K)->2362K(2496K)
[19.575s][info][gc             ] GC(35) Pause Young (Allocation Failure) 245M->165M(494M) 237.138ms
[19.575s][info][gc,cpu         ] GC(35) User=0.23s Sys=0.00s Real=0.23s
[19.709s][info][gc,start       ] GC(36) Pause Young (Allocation Failure)
[19.952s][info][gc,heap        ] GC(36) DefNew: 157248K(157248K)->17472K(157248K) Eden: 139776K(139776K)->0K(139776K) From: 17472K(17472K)->17472K(17472K)
[19.952s][info][gc,heap        ] GC(36) Tenured: 152169K(349568K)->211958K(349568K)
[19.952s][info][gc,metaspace   ] GC(36) Metaspace: 16356K(16640K)->16356K(16640K) NonClass: 13993K(14144K)->13993K(14144K) Class: 2362K(2496K)->2362K(2496K)
[19.952s][info][gc             ] GC(36) Pause Young (Allocation Failure) 302M->224M(494M) 243.303ms
[19.952s][info][gc,cpu         ] GC(36) User=0.25s Sys=0.00s Real=0.25s
[20.074s][info][gc,start       ] GC(37) Pause Young (Allocation Failure)
[20.319s][info][gc,heap        ] GC(37) DefNew: 157248K(157248K)->17471K(157248K) Eden: 139776K(139776K)->0K(139776K) From: 17472K(17472K)->17471K(17472K)
[20.319s][info][gc,heap        ] GC(37) Tenured: 211958K(349568K)->271852K(349568K)
[20.319s][info][gc,metaspace   ] GC(37) Metaspace: 16356K(16640K)->16356K(16640K) NonClass: 13993K(14144K)->13993K(14144K) Class: 2362K(2496K)->2362K(2496K)
[20.319s][info][gc             ] GC(37) Pause Young (Allocation Failure) 360M->282M(494M) 245.753ms
[20.319s][info][gc,cpu         ] GC(37) User=0.25s Sys=0.00s Real=0.24s
[20.446s][info][gc,start       ] GC(38) Pause Young (Allocation Failure)
[20.447s][info][gc             ] GC(38) Pause Young (Allocation Failure) 419M->419M(494M) 0.216ms
[20.447s][info][gc,cpu         ] GC(38) User=0.00s Sys=0.00s Real=0.00s
[20.447s][info][gc,start       ] GC(39) Pause Full (Allocation Failure)
[20.447s][info][gc,phases,start] GC(39) Phase 1: Mark live objects
[20.987s][info][gc,phases      ] GC(39) Phase 1: Mark live objects 539.892ms
[20.987s][info][gc,phases,start] GC(39) Phase 2: Compute new object addresses
[21.136s][info][gc,phases      ] GC(39) Phase 2: Compute new object addresses 149.276ms
[21.136s][info][gc,phases,start] GC(39) Phase 3: Adjust pointers
[21.420s][info][gc,phases      ] GC(39) Phase 3: Adjust pointers 283.917ms
[21.420s][info][gc,phases,start] GC(39) Phase 4: Move objects
[21.459s][info][gc,phases      ] GC(39) Phase 4: Move objects 39.160ms
[21.459s][info][gc,heap        ] GC(39) DefNew: 157247K(157248K)->0K(157248K) Eden: 139776K(139776K)->0K(139776K) From: 17471K(17472K)->0K(17472K)
[21.459s][info][gc,heap        ] GC(39) Tenured: 271852K(349568K)->349297K(349568K)
[21.459s][info][gc,metaspace   ] GC(39) Metaspace: 16356K(16640K)->16356K(16640K) NonClass: 13993K(14144K)->13993K(14144K) Class: 2362K(2496K)->2362K(2496K)
[21.459s][info][gc             ] GC(39) Pause Full (Allocation Failure) 419M->341M(494M) 1012.805ms
[21.459s][info][gc,cpu         ] GC(39) User=1.00s Sys=0.00s Real=1.01s
[21.582s][info][gc,start       ] GC(40) Pause Young (Allocation Failure)
[21.582s][info][gc             ] GC(40) Pause Young (Allocation Failure) 477M->477M(494M) 0.219ms
[21.582s][info][gc,cpu         ] GC(40) User=0.00s Sys=0.00s Real=0.00s
[21.582s][info][gc,start       ] GC(41) Pause Full (Allocation Failure)
[21.582s][info][gc,phases,start] GC(41) Phase 1: Mark live objects
[22.200s][info][gc,phases      ] GC(41) Phase 1: Mark live objects 618.151ms
[22.201s][info][gc,phases,start] GC(41) Phase 2: Compute new object addresses
[22.371s][info][gc,phases      ] GC(41) Phase 2: Compute new object addresses 170.897ms
[22.371s][info][gc,phases,start] GC(41) Phase 3: Adjust pointers
[22.678s][info][gc,phases      ] GC(41) Phase 3: Adjust pointers 306.804ms
[22.678s][info][gc,phases,start] GC(41) Phase 4: Move objects
[22.713s][info][gc,phases      ] GC(41) Phase 4: Move objects 34.268ms
[22.713s][info][gc,heap        ] GC(41) DefNew: 139776K(157248K)->59747K(157248K) Eden: 139776K(139776K)->59747K(139776K) From: 0K(17472K)->0K(17472K)
[22.713s][info][gc,heap        ] GC(41) Tenured: 349297K(349568K)->349567K(349568K)
[22.713s][info][gc,metaspace   ] GC(41) Metaspace: 16356K(16640K)->16356K(16640K) NonClass: 13993K(14144K)->13993K(14144K) Class: 2362K(2496K)->2362K(2496K)
[22.713s][info][gc             ] GC(41) Pause Full (Allocation Failure) 477M->399M(494M) 1130.693ms
[22.713s][info][gc,cpu         ] GC(41) User=1.14s Sys=0.00s Real=1.14s
[23.022s][info][gc,start       ] GC(42) Pause Full (Allocation Failure)
[23.023s][info][gc,phases,start] GC(42) Phase 1: Mark live objects
[23.641s][info][gc,phases      ] GC(42) Phase 1: Mark live objects 618.328ms
[23.641s][info][gc,phases,start] GC(42) Phase 2: Compute new object addresses
[23.825s][info][gc,phases      ] GC(42) Phase 2: Compute new object addresses 184.536ms
[23.825s][info][gc,phases,start] GC(42) Phase 3: Adjust pointers
[24.177s][info][gc,phases      ] GC(42) Phase 3: Adjust pointers 351.026ms
[24.177s][info][gc,phases,start] GC(42) Phase 4: Move objects
[24.224s][info][gc,phases      ] GC(42) Phase 4: Move objects 47.496ms
[24.224s][info][gc,heap        ] GC(42) DefNew: 157248K(157248K)->111621K(157248K) Eden: 139776K(139776K)->111621K(139776K) From: 17472K(17472K)->0K(17472K)
[24.224s][info][gc,heap        ] GC(42) Tenured: 349567K(349568K)->349567K(349568K)
[24.224s][info][gc,metaspace   ] GC(42) Metaspace: 16369K(16640K)->16369K(16640K) NonClass: 14005K(14144K)->14005K(14144K) Class: 2364K(2496K)->2364K(2496K)
[24.224s][info][gc             ] GC(42) Pause Full (Allocation Failure) 494M->450M(494M) 1202.061ms
[24.224s][info][gc,cpu         ] GC(42) User=1.22s Sys=0.00s Real=1.22s
[24.748s][info][gc,start       ] GC(43) Pause Full (Allocation Failure)
[24.748s][info][gc,phases,start] GC(43) Phase 1: Mark live objects
[25.370s][info][gc,phases      ] GC(43) Phase 1: Mark live objects 621.880ms
[25.370s][info][gc,phases,start] GC(43) Phase 2: Compute new object addresses
[25.571s][info][gc,phases      ] GC(43) Phase 2: Compute new object addresses 200.992ms
[25.571s][info][gc,phases,start] GC(43) Phase 3: Adjust pointers
[25.969s][info][gc,phases      ] GC(43) Phase 3: Adjust pointers 397.918ms
[25.969s][info][gc,phases,start] GC(43) Phase 4: Move objects
[26.125s][info][gc,phases      ] GC(43) Phase 4: Move objects 156.010ms
[26.126s][info][gc,heap        ] GC(43) DefNew: 157247K(157248K)->117590K(157248K) Eden: 139776K(139776K)->117590K(139776K) From: 17471K(17472K)->0K(17472K)
[26.126s][info][gc,heap        ] GC(43) Tenured: 349567K(349568K)->349567K(349568K)
[26.126s][info][gc,metaspace   ] GC(43) Metaspace: 16389K(16640K)->16389K(16640K) NonClass: 14022K(14144K)->14022K(14144K) Class: 2367K(2496K)->2367K(2496K)
[26.126s][info][gc             ] GC(43) Pause Full (Allocation Failure) 494M->456M(494M) 1377.503ms
[26.126s][info][gc,cpu         ] GC(43) User=1.38s Sys=0.00s Real=1.37s
[26.260s][info][gc,start       ] GC(44) Pause Full (Allocation Failure)
[26.260s][info][gc,phases,start] GC(44) Phase 1: Mark live objects
[26.857s][info][gc,phases      ] GC(44) Phase 1: Mark live objects 597.065ms
[26.857s][info][gc,phases,start] GC(44) Phase 2: Compute new object addresses
[27.049s][info][gc,phases      ] GC(44) Phase 2: Compute new object addresses 191.212ms
[27.049s][info][gc,phases,start] GC(44) Phase 3: Adjust pointers
[27.385s][info][gc,phases      ] GC(44) Phase 3: Adjust pointers 336.427ms
[27.385s][info][gc,phases,start] GC(44) Phase 4: Move objects
[27.431s][info][gc,phases      ] GC(44) Phase 4: Move objects 45.565ms
[27.431s][info][gc,heap        ] GC(44) DefNew: 157247K(157248K)->114723K(157248K) Eden: 139776K(139776K)->114723K(139776K) From: 17471K(17472K)->0K(17472K)
[27.431s][info][gc,heap        ] GC(44) Tenured: 349567K(349568K)->349567K(349568K)
[27.431s][info][gc,metaspace   ] GC(44) Metaspace: 16389K(16640K)->16389K(16640K) NonClass: 14022K(14144K)->14022K(14144K) Class: 2367K(2496K)->2367K(2496K)
[27.431s][info][gc             ] GC(44) Pause Full (Allocation Failure) 494M->453M(494M) 1170.980ms
[27.431s][info][gc,cpu         ] GC(44) User=1.17s Sys=0.00s Real=1.17s
[27.567s][info][gc,start       ] GC(45) Pause Full (Allocation Failure)
[27.568s][info][gc,phases,start] GC(45) Phase 1: Mark live objects
[28.177s][info][gc,phases      ] GC(45) Phase 1: Mark live objects 609.193ms
[28.177s][info][gc,phases,start] GC(45) Phase 2: Compute new object addresses
[28.372s][info][gc,phases      ] GC(45) Phase 2: Compute new object addresses 194.744ms
[28.372s][info][gc,phases,start] GC(45) Phase 3: Adjust pointers
[28.699s][info][gc,phases      ] GC(45) Phase 3: Adjust pointers 327.538ms
[28.699s][info][gc,phases,start] GC(45) Phase 4: Move objects
[28.744s][info][gc,phases      ] GC(45) Phase 4: Move objects 44.390ms
[28.744s][info][gc,heap        ] GC(45) DefNew: 157247K(157248K)->111393K(157248K) Eden: 139776K(139776K)->111393K(139776K) From: 17471K(17472K)->0K(17472K)
[28.744s][info][gc,heap        ] GC(45) Tenured: 349567K(349568K)->349567K(349568K)
[28.744s][info][gc,metaspace   ] GC(45) Metaspace: 16389K(16640K)->16389K(16640K) NonClass: 14022K(14144K)->14022K(14144K) Class: 2367K(2496K)->2367K(2496K)
[28.744s][info][gc             ] GC(45) Pause Full (Allocation Failure) 494M->450M(494M) 1176.467ms
[28.744s][info][gc,cpu         ] GC(45) User=1.17s Sys=0.00s Real=1.18s
[28.881s][info][gc,start       ] GC(46) Pause Full (Allocation Failure)
[28.882s][info][gc,phases,start] GC(46) Phase 1: Mark live objects
[29.442s][info][gc,phases      ] GC(46) Phase 1: Mark live objects 559.998ms
[29.442s][info][gc,phases,start] GC(46) Phase 2: Compute new object addresses
[29.635s][info][gc,phases      ] GC(46) Phase 2: Compute new object addresses 193.221ms
[29.635s][info][gc,phases,start] GC(46) Phase 3: Adjust pointers
[29.949s][info][gc,phases      ] GC(46) Phase 3: Adjust pointers 313.966ms
[29.949s][info][gc,phases,start] GC(46) Phase 4: Move objects
[29.997s][info][gc,phases      ] GC(46) Phase 4: Move objects 47.882ms
[29.998s][info][gc,heap        ] GC(46) DefNew: 157247K(157248K)->107656K(157248K) Eden: 139776K(139776K)->107656K(139776K) From: 17471K(17472K)->0K(17472K)
[29.998s][info][gc,heap        ] GC(46) Tenured: 349567K(349568K)->349567K(349568K)
[29.998s][info][gc,metaspace   ] GC(46) Metaspace: 16389K(16640K)->16389K(16640K) NonClass: 14022K(14144K)->14022K(14144K) Class: 2367K(2496K)->2367K(2496K)
[29.998s][info][gc             ] GC(46) Pause Full (Allocation Failure) 494M->446M(494M) 1116.414ms
[29.998s][info][gc,cpu         ] GC(46) User=1.09s Sys=0.00s Real=1.10s
[30.143s][info][gc,start       ] GC(47) Pause Full (Allocation Failure)
[30.143s][info][gc,phases,start] GC(47) Phase 1: Mark live objects
[30.683s][info][gc,phases      ] GC(47) Phase 1: Mark live objects 539.946ms
[30.683s][info][gc,phases,start] GC(47) Phase 2: Compute new object addresses
[30.868s][info][gc,phases      ] GC(47) Phase 2: Compute new object addresses 184.896ms
[30.868s][info][gc,phases,start] GC(47) Phase 3: Adjust pointers
[31.186s][info][gc,phases      ] GC(47) Phase 3: Adjust pointers 318.063ms
[31.186s][info][gc,phases,start] GC(47) Phase 4: Move objects
[31.337s][info][gc,phases      ] GC(47) Phase 4: Move objects 150.635ms
[31.337s][info][gc,heap        ] GC(47) DefNew: 157247K(157248K)->86467K(157248K) Eden: 139776K(139776K)->86467K(139776K) From: 17471K(17472K)->0K(17472K)
[31.337s][info][gc,heap        ] GC(47) Tenured: 349567K(349568K)->349567K(349568K)
[31.337s][info][gc,metaspace   ] GC(47) Metaspace: 16389K(16640K)->16389K(16640K) NonClass: 14022K(14144K)->14022K(14144K) Class: 2367K(2496K)->2367K(2496K)
[31.337s][info][gc             ] GC(47) Pause Full (Allocation Failure) 494M->425M(494M) 1194.278ms
[31.337s][info][gc,cpu         ] GC(47) User=1.22s Sys=0.00s Real=1.20s
[31.515s][info][gc,start       ] GC(48) Pause Full (Allocation Failure)
[31.515s][info][gc,phases,start] GC(48) Phase 1: Mark live objects
[32.024s][info][gc,phases      ] GC(48) Phase 1: Mark live objects 509.357ms
[32.024s][info][gc,phases,start] GC(48) Phase 2: Compute new object addresses
[32.209s][info][gc,phases      ] GC(48) Phase 2: Compute new object addresses 185.054ms
[32.209s][info][gc,phases,start] GC(48) Phase 3: Adjust pointers
[32.472s][info][gc,phases      ] GC(48) Phase 3: Adjust pointers 262.170ms
[32.472s][info][gc,phases,start] GC(48) Phase 4: Move objects
[32.504s][info][gc,phases      ] GC(48) Phase 4: Move objects 32.366ms
[32.504s][info][gc,heap        ] GC(48) DefNew: 157247K(157248K)->80376K(157248K) Eden: 139776K(139776K)->80376K(139776K) From: 17471K(17472K)->0K(17472K)
[32.504s][info][gc,heap        ] GC(48) Tenured: 349568K(349568K)->349568K(349568K)
[32.504s][info][gc,metaspace   ] GC(48) Metaspace: 16389K(16640K)->16389K(16640K) NonClass: 14022K(14144K)->14022K(14144K) Class: 2367K(2496K)->2367K(2496K)
[32.504s][info][gc             ] GC(48) Pause Full (Allocation Failure) 494M->419M(494M) 989.610ms
[32.504s][info][gc,cpu         ] GC(48) User=1.00s Sys=0.00s Real=0.99s
[32.682s][info][gc,start       ] GC(49) Pause Full (Allocation Failure)
[32.682s][info][gc,phases,start] GC(49) Phase 1: Mark live objects
[33.169s][info][gc,phases      ] GC(49) Phase 1: Mark live objects 486.748ms
[33.169s][info][gc,phases,start] GC(49) Phase 2: Compute new object addresses
[33.353s][info][gc,phases      ] GC(49) Phase 2: Compute new object addresses 184.256ms
[33.353s][info][gc,phases,start] GC(49) Phase 3: Adjust pointers
[33.625s][info][gc,phases      ] GC(49) Phase 3: Adjust pointers 271.551ms
[33.625s][info][gc,phases,start] GC(49) Phase 4: Move objects
[33.654s][info][gc,phases      ] GC(49) Phase 4: Move objects 29.476ms
[33.655s][info][gc,heap        ] GC(49) DefNew: 157248K(157248K)->73525K(157248K) Eden: 139776K(139776K)->73525K(139776K) From: 17472K(17472K)->0K(17472K)
[33.655s][info][gc,heap        ] GC(49) Tenured: 349568K(349568K)->349568K(349568K)
[33.655s][info][gc,metaspace   ] GC(49) Metaspace: 16389K(16640K)->16389K(16640K) NonClass: 14022K(14144K)->14022K(14144K) Class: 2367K(2496K)->2367K(2496K)
[33.655s][info][gc             ] GC(49) Pause Full (Allocation Failure) 494M->413M(494M) 972.613ms
[33.655s][info][gc,cpu         ] GC(49) User=0.95s Sys=0.00s Real=0.96s
[33.812s][info][gc,start       ] GC(50) Pause Full (Allocation Failure)
[33.812s][info][gc,phases,start] GC(50) Phase 1: Mark live objects
[34.285s][info][gc,phases      ] GC(50) Phase 1: Mark live objects 473.183ms
[34.285s][info][gc,phases,start] GC(50) Phase 2: Compute new object addresses
[34.460s][info][gc,phases      ] GC(50) Phase 2: Compute new object addresses 174.541ms
[34.460s][info][gc,phases,start] GC(50) Phase 3: Adjust pointers
[34.690s][info][gc,phases      ] GC(50) Phase 3: Adjust pointers 230.020ms
[34.690s][info][gc,phases,start] GC(50) Phase 4: Move objects
[34.742s][info][gc,phases      ] GC(50) Phase 4: Move objects 52.244ms
[34.742s][info][gc,heap        ] GC(50) DefNew: 157247K(157248K)->63017K(157248K) Eden: 139776K(139776K)->63017K(139776K) From: 17471K(17472K)->0K(17472K)
[34.742s][info][gc,heap        ] GC(50) Tenured: 349568K(349568K)->349567K(349568K)
[34.742s][info][gc,metaspace   ] GC(50) Metaspace: 16389K(16640K)->16389K(16640K) NonClass: 14022K(14144K)->14022K(14144K) Class: 2367K(2496K)->2367K(2496K)
[34.742s][info][gc             ] GC(50) Pause Full (Allocation Failure) 494M->402M(494M) 930.656ms
[34.742s][info][gc,cpu         ] GC(50) User=0.95s Sys=0.00s Real=0.94s
[34.904s][info][gc,start       ] GC(51) Pause Full (Allocation Failure)
[34.904s][info][gc,phases,start] GC(51) Phase 1: Mark live objects
[35.304s][info][gc,phases      ] GC(51) Phase 1: Mark live objects 399.879ms
[35.304s][info][gc,phases,start] GC(51) Phase 2: Compute new object addresses
[35.467s][info][gc,phases      ] GC(51) Phase 2: Compute new object addresses 162.278ms
[35.467s][info][gc,phases,start] GC(51) Phase 3: Adjust pointers
[35.690s][info][gc,phases      ] GC(51) Phase 3: Adjust pointers 223.223ms
[35.690s][info][gc,phases,start] GC(51) Phase 4: Move objects
[35.777s][info][gc,phases      ] GC(51) Phase 4: Move objects 86.995ms
[35.777s][info][gc,heap        ] GC(51) DefNew: 157247K(157248K)->27507K(157248K) Eden: 139776K(139776K)->27507K(139776K) From: 17471K(17472K)->0K(17472K)
[35.777s][info][gc,heap        ] GC(51) Tenured: 349567K(349568K)->349568K(349568K)
[35.777s][info][gc,metaspace   ] GC(51) Metaspace: 16389K(16640K)->16389K(16640K) NonClass: 14022K(14144K)->14022K(14144K) Class: 2367K(2496K)->2367K(2496K)
[35.777s][info][gc             ] GC(51) Pause Full (Allocation Failure) 494M->368M(494M) 872.961ms
[35.777s][info][gc,cpu         ] GC(51) User=0.88s Sys=0.00s Real=0.87s
[37.328s][info][gc,start       ] GC(52) Pause Full (System.gc())
[37.328s][info][gc,phases,start] GC(52) Phase 1: Mark live objects
[37.350s][info][gc,phases      ] GC(52) Phase 1: Mark live objects 21.918ms
[37.350s][info][gc,phases,start] GC(52) Phase 2: Compute new object addresses
[37.493s][info][gc,phases      ] GC(52) Phase 2: Compute new object addresses 143.064ms
[37.494s][info][gc,phases,start] GC(52) Phase 3: Adjust pointers
[37.499s][info][gc,phases      ] GC(52) Phase 3: Adjust pointers 5.412ms
[37.499s][info][gc,phases,start] GC(52) Phase 4: Move objects
[37.499s][info][gc,phases      ] GC(52) Phase 4: Move objects 0.185ms
[37.500s][info][gc,heap        ] GC(52) DefNew: 134922K(157248K)->0K(157248K) Eden: 134922K(139776K)->0K(139776K) From: 0K(17472K)->0K(17472K)
[37.500s][info][gc,heap        ] GC(52) Tenured: 349568K(349568K)->23020K(349568K)
[37.500s][info][gc,metaspace   ] GC(52) Metaspace: 16828K(17280K)->16632K(17280K) NonClass: 14346K(14592K)->14209K(14592K) Class: 2482K(2688K)->2422K(2688K)
[37.500s][info][gc             ] GC(52) Pause Full (System.gc()) 473M->22M(494M) 171.531ms
[37.500s][info][gc,cpu         ] GC(52) User=0.17s Sys=0.00s Real=0.17s
[39.552s][info][gc,start       ] GC(53) Pause Young (Allocation Failure)
[39.559s][info][gc,heap        ] GC(53) DefNew: 139776K(157248K)->1538K(157248K) Eden: 139776K(139776K)->0K(139776K) From: 0K(17472K)->1538K(17472K)
[39.559s][info][gc,heap        ] GC(53) Tenured: 23020K(349568K)->23020K(349568K)
[39.559s][info][gc,metaspace   ] GC(53) Metaspace: 16633K(17280K)->16633K(17280K) NonClass: 14210K(14592K)->14210K(14592K) Class: 2422K(2688K)->2422K(2688K)
[39.559s][info][gc             ] GC(53) Pause Young (Allocation Failure) 158M->23M(494M) 6.955ms
[39.559s][info][gc,cpu         ] GC(53) User=0.00s Sys=0.00s Real=0.00s
[39.581s][info][gc,start       ] GC(54) Pause Young (Allocation Failure)
[39.585s][info][gc,heap        ] GC(54) DefNew: 141314K(157248K)->1563K(157248K) Eden: 139776K(139776K)->0K(139776K) From: 1538K(17472K)->1563K(17472K)
[39.585s][info][gc,heap        ] GC(54) Tenured: 23020K(349568K)->23020K(349568K)
[39.585s][info][gc,metaspace   ] GC(54) Metaspace: 16633K(17280K)->16633K(17280K) NonClass: 14210K(14592K)->14210K(14592K) Class: 2422K(2688K)->2422K(2688K)
[39.585s][info][gc             ] GC(54) Pause Young (Allocation Failure) 160M->24M(494M) 4.222ms
[39.585s][info][gc,cpu         ] GC(54) User=0.00s Sys=0.00s Real=0.01s
[39.602s][info][gc,start       ] GC(55) Pause Young (Allocation Failure)
[39.607s][info][gc,heap        ] GC(55) DefNew: 141339K(157248K)->1556K(157248K) Eden: 139776K(139776K)->0K(139776K) From: 1563K(17472K)->1556K(17472K)
[39.607s][info][gc,heap        ] GC(55) Tenured: 23020K(349568K)->23020K(349568K)
[39.607s][info][gc,metaspace   ] GC(55) Metaspace: 16635K(17280K)->16635K(17280K) NonClass: 14212K(14592K)->14212K(14592K) Class: 2422K(2688K)->2422K(2688K)
[39.607s][info][gc             ] GC(55) Pause Young (Allocation Failure) 160M->24M(494M) 4.275ms
[39.607s][info][gc,cpu         ] GC(55) User=0.00s Sys=0.00s Real=0.00s
[39.623s][info][gc,start       ] GC(56) Pause Young (Allocation Failure)
[39.627s][info][gc,heap        ] GC(56) DefNew: 141332K(157248K)->1534K(157248K) Eden: 139776K(139776K)->0K(139776K) From: 1556K(17472K)->1534K(17472K)
[39.627s][info][gc,heap        ] GC(56) Tenured: 23020K(349568K)->23020K(349568K)
[39.627s][info][gc,metaspace   ] GC(56) Metaspace: 16635K(17280K)->16635K(17280K) NonClass: 14212K(14592K)->14212K(14592K) Class: 2422K(2688K)->2422K(2688K)
[39.627s][info][gc             ] GC(56) Pause Young (Allocation Failure) 160M->23M(494M) 4.266ms
[39.627s][info][gc,cpu         ] GC(56) User=0.02s Sys=0.00s Real=0.00s
[39.643s][info][gc,start       ] GC(57) Pause Young (Allocation Failure)
[39.647s][info][gc,heap        ] GC(57) DefNew: 141310K(157248K)->1498K(157248K) Eden: 139776K(139776K)->0K(139776K) From: 1534K(17472K)->1498K(17472K)
[39.647s][info][gc,heap        ] GC(57) Tenured: 23020K(349568K)->23020K(349568K)
[39.647s][info][gc,metaspace   ] GC(57) Metaspace: 16635K(17280K)->16635K(17280K) NonClass: 14212K(14592K)->14212K(14592K) Class: 2422K(2688K)->2422K(2688K)
[39.647s][info][gc             ] GC(57) Pause Young (Allocation Failure) 160M->23M(494M) 4.092ms
[39.647s][info][gc,cpu         ] GC(57) User=0.02s Sys=0.00s Real=0.02s
[39.662s][info][gc,start       ] GC(58) Pause Young (Allocation Failure)
[39.666s][info][gc,heap        ] GC(58) DefNew: 141274K(157248K)->1532K(157248K) Eden: 139776K(139776K)->0K(139776K) From: 1498K(17472K)->1532K(17472K)
[39.666s][info][gc,heap        ] GC(58) Tenured: 23020K(349568K)->23020K(349568K)
[39.666s][info][gc,metaspace   ] GC(58) Metaspace: 16635K(17280K)->16635K(17280K) NonClass: 14212K(14592K)->14212K(14592K) Class: 2422K(2688K)->2422K(2688K)
[39.666s][info][gc             ] GC(58) Pause Young (Allocation Failure) 160M->23M(494M) 4.206ms
[39.666s][info][gc,cpu         ] GC(58) User=0.02s Sys=0.00s Real=0.02s
[39.682s][info][gc,start       ] GC(59) Pause Young (Allocation Failure)
[39.686s][info][gc,heap        ] GC(59) DefNew: 141308K(157248K)->1540K(157248K) Eden: 139776K(139776K)->0K(139776K) From: 1532K(17472K)->1540K(17472K)
[39.686s][info][gc,heap        ] GC(59) Tenured: 23020K(349568K)->23020K(349568K)
[39.686s][info][gc,metaspace   ] GC(59) Metaspace: 16635K(17280K)->16635K(17280K) NonClass: 14212K(14592K)->14212K(14592K) Class: 2422K(2688K)->2422K(2688K)
[39.686s][info][gc             ] GC(59) Pause Young (Allocation Failure) 160M->23M(494M) 4.170ms
[39.686s][info][gc,cpu         ] GC(59) User=0.02s Sys=0.00s Real=0.01s
[39.702s][info][gc,start       ] GC(60) Pause Young (Allocation Failure)
[39.706s][info][gc,heap        ] GC(60) DefNew: 141316K(157248K)->1523K(157248K) Eden: 139776K(139776K)->0K(139776K) From: 1540K(17472K)->1523K(17472K)
[39.706s][info][gc,heap        ] GC(60) Tenured: 23020K(349568K)->23020K(349568K)
[39.706s][info][gc,metaspace   ] GC(60) Metaspace: 16635K(17280K)->16635K(17280K) NonClass: 14212K(14592K)->14212K(14592K) Class: 2422K(2688K)->2422K(2688K)
[39.706s][info][gc             ] GC(60) Pause Young (Allocation Failure) 160M->23M(494M) 4.140ms
[39.706s][info][gc,cpu         ] GC(60) User=0.02s Sys=0.00s Real=0.02s
[39.721s][info][gc,start       ] GC(61) Pause Young (Allocation Failure)
[39.725s][info][gc,heap        ] GC(61) DefNew: 141299K(157248K)->1515K(157248K) Eden: 139776K(139776K)->0K(139776K) From: 1523K(17472K)->1515K(17472K)
[39.725s][info][gc,heap        ] GC(61) Tenured: 23020K(349568K)->23020K(349568K)
[39.725s][info][gc,metaspace   ] GC(61) Metaspace: 16635K(17280K)->16635K(17280K) NonClass: 14212K(14592K)->14212K(14592K) Class: 2422K(2688K)->2422K(2688K)
[39.725s][info][gc             ] GC(61) Pause Young (Allocation Failure) 160M->23M(494M) 4.112ms
[39.725s][info][gc,cpu         ] GC(61) User=0.02s Sys=0.00s Real=0.02s
[39.740s][info][gc,start       ] GC(62) Pause Young (Allocation Failure)
[39.744s][info][gc,heap        ] GC(62) DefNew: 141291K(157248K)->1483K(157248K) Eden: 139776K(139776K)->0K(139776K) From: 1515K(17472K)->1483K(17472K)
[39.744s][info][gc,heap        ] GC(62) Tenured: 23020K(349568K)->23020K(349568K)
[39.744s][info][gc,metaspace   ] GC(62) Metaspace: 16635K(17280K)->16635K(17280K) NonClass: 14212K(14592K)->14212K(14592K) Class: 2422K(2688K)->2422K(2688K)
[39.744s][info][gc             ] GC(62) Pause Young (Allocation Failure) 160M->23M(494M) 4.089ms
[39.744s][info][gc,cpu         ] GC(62) User=0.02s Sys=0.00s Real=0.01s
[39.760s][info][gc,start       ] GC(63) Pause Young (Allocation Failure)
[39.764s][info][gc,heap        ] GC(63) DefNew: 141259K(157248K)->1444K(157248K) Eden: 139776K(139776K)->0K(139776K) From: 1483K(17472K)->1444K(17472K)
[39.764s][info][gc,heap        ] GC(63) Tenured: 23020K(349568K)->23020K(349568K)
[39.764s][info][gc,metaspace   ] GC(63) Metaspace: 16635K(17280K)->16635K(17280K) NonClass: 14212K(14592K)->14212K(14592K) Class: 2422K(2688K)->2422K(2688K)
[39.764s][info][gc             ] GC(63) Pause Young (Allocation Failure) 160M->23M(494M) 3.965ms
[39.764s][info][gc,cpu         ] GC(63) User=0.00s Sys=0.00s Real=0.00s
[39.780s][info][gc,start       ] GC(64) Pause Young (Allocation Failure)
[39.783s][info][gc,heap        ] GC(64) DefNew: 141220K(157248K)->1371K(157248K) Eden: 139776K(139776K)->0K(139776K) From: 1444K(17472K)->1371K(17472K)
[39.783s][info][gc,heap        ] GC(64) Tenured: 23020K(349568K)->23020K(349568K)
[39.783s][info][gc,metaspace   ] GC(64) Metaspace: 16635K(17280K)->16635K(17280K) NonClass: 14212K(14592K)->14212K(14592K) Class: 2422K(2688K)->2422K(2688K)
[39.783s][info][gc             ] GC(64) Pause Young (Allocation Failure) 160M->23M(494M) 3.817ms
[39.783s][info][gc,cpu         ] GC(64) User=0.00s Sys=0.00s Real=0.00s
[39.799s][info][gc,start       ] GC(65) Pause Young (Allocation Failure)
[39.803s][info][gc,heap        ] GC(65) DefNew: 141147K(157248K)->1369K(157248K) Eden: 139776K(139776K)->0K(139776K) From: 1371K(17472K)->1369K(17472K)
[39.803s][info][gc,heap        ] GC(65) Tenured: 23020K(349568K)->23020K(349568K)
[39.803s][info][gc,metaspace   ] GC(65) Metaspace: 16635K(17280K)->16635K(17280K) NonClass: 14212K(14592K)->14212K(14592K) Class: 2422K(2688K)->2422K(2688K)
[39.803s][info][gc             ] GC(65) Pause Young (Allocation Failure) 160M->23M(494M) 3.943ms
[39.803s][info][gc,cpu         ] GC(65) User=0.02s Sys=0.00s Real=0.02s
[39.818s][info][gc,start       ] GC(66) Pause Young (Allocation Failure)
[39.822s][info][gc,heap        ] GC(66) DefNew: 141145K(157248K)->1499K(157248K) Eden: 139776K(139776K)->0K(139776K) From: 1369K(17472K)->1499K(17472K)
[39.822s][info][gc,heap        ] GC(66) Tenured: 23020K(349568K)->23020K(349568K)
[39.822s][info][gc,metaspace   ] GC(66) Metaspace: 16635K(17280K)->16635K(17280K) NonClass: 14212K(14592K)->14212K(14592K) Class: 2422K(2688K)->2422K(2688K)
[39.822s][info][gc             ] GC(66) Pause Young (Allocation Failure) 160M->23M(494M) 4.131ms
[39.822s][info][gc,cpu         ] GC(66) User=0.02s Sys=0.00s Real=0.02s
[39.838s][info][gc,start       ] GC(67) Pause Young (Allocation Failure)
[39.842s][info][gc,heap        ] GC(67) DefNew: 141275K(157248K)->1487K(157248K) Eden: 139776K(139776K)->0K(139776K) From: 1499K(17472K)->1487K(17472K)
[39.842s][info][gc,heap        ] GC(67) Tenured: 23020K(349568K)->23020K(349568K)
[39.842s][info][gc,metaspace   ] GC(67) Metaspace: 16635K(17280K)->16635K(17280K) NonClass: 14212K(14592K)->14212K(14592K) Class: 2422K(2688K)->2422K(2688K)
[39.842s][info][gc             ] GC(67) Pause Young (Allocation Failure) 160M->23M(494M) 4.122ms
[39.842s][info][gc,cpu         ] GC(67) User=0.02s Sys=0.00s Real=0.02s
[39.857s][info][gc,start       ] GC(68) Pause Young (Allocation Failure)
[39.861s][info][gc,heap        ] GC(68) DefNew: 141263K(157248K)->1346K(157248K) Eden: 139776K(139776K)->0K(139776K) From: 1487K(17472K)->1346K(17472K)
[39.861s][info][gc,heap        ] GC(68) Tenured: 23020K(349568K)->23136K(349568K)
[39.861s][info][gc,metaspace   ] GC(68) Metaspace: 16635K(17280K)->16635K(17280K) NonClass: 14212K(14592K)->14212K(14592K) Class: 2422K(2688K)->2422K(2688K)
[39.861s][info][gc             ] GC(68) Pause Young (Allocation Failure) 160M->23M(494M) 4.148ms
[39.861s][info][gc,cpu         ] GC(68) User=0.03s Sys=0.00s Real=0.00s
[39.878s][info][gc,start       ] GC(69) Pause Young (Allocation Failure)
[39.881s][info][gc,heap        ] GC(69) DefNew: 141122K(157248K)->1285K(157248K) Eden: 139776K(139776K)->0K(139776K) From: 1346K(17472K)->1285K(17472K)
[39.881s][info][gc,heap        ] GC(69) Tenured: 23136K(349568K)->23136K(349568K)
[39.881s][info][gc,metaspace   ] GC(69) Metaspace: 16635K(17280K)->16635K(17280K) NonClass: 14212K(14592K)->14212K(14592K) Class: 2422K(2688K)->2422K(2688K)
[39.881s][info][gc             ] GC(69) Pause Young (Allocation Failure) 160M->23M(494M) 3.685ms
[39.881s][info][gc,cpu         ] GC(69) User=0.00s Sys=0.00s Real=0.00s
[39.897s][info][gc,start       ] GC(70) Pause Young (Allocation Failure)
[39.901s][info][gc,heap        ] GC(70) DefNew: 141061K(157248K)->1291K(157248K) Eden: 139776K(139776K)->0K(139776K) From: 1285K(17472K)->1291K(17472K)
[39.901s][info][gc,heap        ] GC(70) Tenured: 23136K(349568K)->23136K(349568K)
[39.901s][info][gc,metaspace   ] GC(70) Metaspace: 16635K(17280K)->16635K(17280K) NonClass: 14212K(14592K)->14212K(14592K) Class: 2422K(2688K)->2422K(2688K)
[39.901s][info][gc             ] GC(70) Pause Young (Allocation Failure) 160M->23M(494M) 3.713ms
[39.901s][info][gc,cpu         ] GC(70) User=0.00s Sys=0.00s Real=0.00s
[39.918s][info][gc,start       ] GC(71) Pause Young (Allocation Failure)
[39.922s][info][gc,heap        ] GC(71) DefNew: 141067K(157248K)->1262K(157248K) Eden: 139776K(139776K)->0K(139776K) From: 1291K(17472K)->1262K(17472K)
[39.922s][info][gc,heap        ] GC(71) Tenured: 23136K(349568K)->23136K(349568K)
[39.922s][info][gc,metaspace   ] GC(71) Metaspace: 16635K(17280K)->16635K(17280K) NonClass: 14212K(14592K)->14212K(14592K) Class: 2422K(2688K)->2422K(2688K)
[39.922s][info][gc             ] GC(71) Pause Young (Allocation Failure) 160M->23M(494M) 3.752ms
[39.922s][info][gc,cpu         ] GC(71) User=0.00s Sys=0.00s Real=0.00s
[39.938s][info][gc,start       ] GC(72) Pause Young (Allocation Failure)
[39.942s][info][gc,heap        ] GC(72) DefNew: 141038K(157248K)->1265K(157248K) Eden: 139776K(139776K)->0K(139776K) From: 1262K(17472K)->1265K(17472K)
[39.942s][info][gc,heap        ] GC(72) Tenured: 23136K(349568K)->23136K(349568K)
[39.942s][info][gc,metaspace   ] GC(72) Metaspace: 16635K(17280K)->16635K(17280K) NonClass: 14212K(14592K)->14212K(14592K) Class: 2422K(2688K)->2422K(2688K)
[39.942s][info][gc             ] GC(72) Pause Young (Allocation Failure) 160M->23M(494M) 3.734ms
[39.942s][info][gc,cpu         ] GC(72) User=0.02s Sys=0.00s Real=0.00s
[39.958s][info][gc,start       ] GC(73) Pause Young (Allocation Failure)
[39.962s][info][gc,heap        ] GC(73) DefNew: 141041K(157248K)->1213K(157248K) Eden: 139776K(139776K)->0K(139776K) From: 1265K(17472K)->1213K(17472K)
[39.962s][info][gc,heap        ] GC(73) Tenured: 23136K(349568K)->23136K(349568K)
[39.962s][info][gc,metaspace   ] GC(73) Metaspace: 16635K(17280K)->16635K(17280K) NonClass: 14212K(14592K)->14212K(14592K) Class: 2422K(2688K)->2422K(2688K)
[39.962s][info][gc             ] GC(73) Pause Young (Allocation Failure) 160M->23M(494M) 3.520ms
[39.962s][info][gc,cpu         ] GC(73) User=0.00s Sys=0.00s Real=0.00s
[39.978s][info][gc,start       ] GC(74) Pause Young (Allocation Failure)
[39.981s][info][gc,heap        ] GC(74) DefNew: 140989K(157248K)->1248K(157248K) Eden: 139776K(139776K)->0K(139776K) From: 1213K(17472K)->1248K(17472K)
[39.981s][info][gc,heap        ] GC(74) Tenured: 23136K(349568K)->23136K(349568K)
[39.981s][info][gc,metaspace   ] GC(74) Metaspace: 16635K(17280K)->16635K(17280K) NonClass: 14212K(14592K)->14212K(14592K) Class: 2422K(2688K)->2422K(2688K)
[39.982s][info][gc             ] GC(74) Pause Young (Allocation Failure) 160M->23M(494M) 3.630ms
[39.982s][info][gc,cpu         ] GC(74) User=0.00s Sys=0.00s Real=0.00s
[39.998s][info][gc,start       ] GC(75) Pause Young (Allocation Failure)
[40.001s][info][gc,heap        ] GC(75) DefNew: 141024K(157248K)->1053K(157248K) Eden: 139776K(139776K)->0K(139776K) From: 1248K(17472K)->1053K(17472K)
[40.001s][info][gc,heap        ] GC(75) Tenured: 23136K(349568K)->23136K(349568K)
[40.001s][info][gc,metaspace   ] GC(75) Metaspace: 16635K(17280K)->16635K(17280K) NonClass: 14212K(14592K)->14212K(14592K) Class: 2422K(2688K)->2422K(2688K)
[40.001s][info][gc             ] GC(75) Pause Young (Allocation Failure) 160M->23M(494M) 3.243ms
[40.001s][info][gc,cpu         ] GC(75) User=0.00s Sys=0.00s Real=0.00s
[40.018s][info][gc,start       ] GC(76) Pause Young (Allocation Failure)
[40.021s][info][gc,heap        ] GC(76) DefNew: 140829K(157248K)->742K(157248K) Eden: 139775K(139776K)->0K(139776K) From: 1053K(17472K)->742K(17472K)
[40.021s][info][gc,heap        ] GC(76) Tenured: 23136K(349568K)->23136K(349568K)
[40.021s][info][gc,metaspace   ] GC(76) Metaspace: 16635K(17280K)->16635K(17280K) NonClass: 14212K(14592K)->14212K(14592K) Class: 2422K(2688K)->2422K(2688K)
[40.021s][info][gc             ] GC(76) Pause Young (Allocation Failure) 160M->23M(494M) 2.472ms
[40.021s][info][gc,cpu         ] GC(76) User=0.00s Sys=0.00s Real=0.00s
[40.142s][info][gc,start       ] GC(77) Pause Young (Allocation Failure)
[40.382s][info][gc,heap        ] GC(77) DefNew: 140518K(157248K)->17472K(157248K) Eden: 139776K(139776K)->0K(139776K) From: 742K(17472K)->17472K(17472K)
[40.382s][info][gc,heap        ] GC(77) Tenured: 23136K(349568K)->88220K(349568K)
[40.382s][info][gc,metaspace   ] GC(77) Metaspace: 16635K(17280K)->16635K(17280K) NonClass: 14212K(14592K)->14212K(14592K) Class: 2422K(2688K)->2422K(2688K)
[40.382s][info][gc             ] GC(77) Pause Young (Allocation Failure) 159M->103M(494M) 240.102ms
[40.382s][info][gc,cpu         ] GC(77) User=0.25s Sys=0.00s Real=0.24s
[40.531s][info][gc,start       ] GC(78) Pause Young (Allocation Failure)
[40.888s][info][gc,heap        ] GC(78) DefNew: 157248K(157248K)->17472K(157248K) Eden: 139776K(139776K)->0K(139776K) From: 17472K(17472K)->17472K(17472K)
[40.889s][info][gc,heap        ] GC(78) Tenured: 88220K(349568K)->177816K(349568K)
[40.889s][info][gc,metaspace   ] GC(78) Metaspace: 16635K(17280K)->16635K(17280K) NonClass: 14212K(14592K)->14212K(14592K) Class: 2422K(2688K)->2422K(2688K)
[40.889s][info][gc             ] GC(78) Pause Young (Allocation Failure) 239M->190M(494M) 357.168ms
[40.889s][info][gc,cpu         ] GC(78) User=0.36s Sys=0.00s Real=0.37s
[41.049s][info][gc,start       ] GC(79) Pause Young (Allocation Failure)
[41.427s][info][gc,heap        ] GC(79) DefNew: 157248K(157248K)->17471K(157248K) Eden: 139776K(139776K)->0K(139776K) From: 17472K(17472K)->17471K(17472K)
[41.427s][info][gc,heap        ] GC(79) Tenured: 177816K(349568K)->268932K(349568K)
[41.427s][info][gc,metaspace   ] GC(79) Metaspace: 16635K(17280K)->16635K(17280K) NonClass: 14212K(14592K)->14212K(14592K) Class: 2422K(2688K)->2422K(2688K)
[41.428s][info][gc             ] GC(79) Pause Young (Allocation Failure) 327M->279M(494M) 378.587ms
[41.428s][info][gc,cpu         ] GC(79) User=0.36s Sys=0.00s Real=0.37s
[41.584s][info][gc,start       ] GC(80) Pause Young (Allocation Failure)
[41.584s][info][gc             ] GC(80) Pause Young (Allocation Failure) 416M->416M(494M) 0.243ms
[41.584s][info][gc,cpu         ] GC(80) User=0.00s Sys=0.00s Real=0.00s
[41.584s][info][gc,start       ] GC(81) Pause Full (Allocation Failure)
[41.584s][info][gc,phases,start] GC(81) Phase 1: Mark live objects
[42.158s][info][gc,phases      ] GC(81) Phase 1: Mark live objects 573.576ms
[42.158s][info][gc,phases,start] GC(81) Phase 2: Compute new object addresses
[42.314s][info][gc,phases      ] GC(81) Phase 2: Compute new object addresses 156.320ms
[42.314s][info][gc,phases,start] GC(81) Phase 3: Adjust pointers
[42.591s][info][gc,phases      ] GC(81) Phase 3: Adjust pointers 277.251ms
[42.591s][info][gc,phases,start] GC(81) Phase 4: Move objects
[42.699s][info][gc,phases      ] GC(81) Phase 4: Move objects 107.348ms
[42.704s][info][gc,heap        ] GC(81) DefNew: 157247K(157248K)->25280K(157248K) Eden: 139776K(139776K)->25280K(139776K) From: 17471K(17472K)->0K(17472K)
[42.704s][info][gc,heap        ] GC(81) Tenured: 268932K(349568K)->349567K(349568K)
[42.704s][info][gc,metaspace   ] GC(81) Metaspace: 16635K(17280K)->16635K(17280K) NonClass: 14212K(14592K)->14212K(14592K) Class: 2422K(2688K)->2422K(2688K)
[42.704s][info][gc             ] GC(81) Pause Full (Allocation Failure) 416M->366M(494M) 1120.154ms
[42.704s][info][gc,cpu         ] GC(81) User=1.13s Sys=0.00s Real=1.13s
[43.034s][info][gc,start       ] GC(82) Pause Full (Allocation Failure)
[43.034s][info][gc,phases,start] GC(82) Phase 1: Mark live objects
[43.691s][info][gc,phases      ] GC(82) Phase 1: Mark live objects 656.635ms
[43.691s][info][gc,phases,start] GC(82) Phase 2: Compute new object addresses
[43.928s][info][gc,phases      ] GC(82) Phase 2: Compute new object addresses 237.652ms
[43.928s][info][gc,phases,start] GC(82) Phase 3: Adjust pointers
[44.251s][info][gc,phases      ] GC(82) Phase 3: Adjust pointers 322.216ms
[44.277s][info][gc,phases,start] GC(82) Phase 4: Move objects
[44.431s][info][gc,phases      ] GC(82) Phase 4: Move objects 154.249ms
[44.438s][info][gc,heap        ] GC(82) DefNew: 157247K(157248K)->107434K(157248K) Eden: 139776K(139776K)->107434K(139776K) From: 17471K(17472K)->0K(17472K)
[44.438s][info][gc,heap        ] GC(82) Tenured: 349567K(349568K)->349567K(349568K)
[44.438s][info][gc,metaspace   ] GC(82) Metaspace: 16635K(17280K)->16635K(17280K) NonClass: 14212K(14592K)->14212K(14592K) Class: 2422K(2688K)->2422K(2688K)
[44.438s][info][gc             ] GC(82) Pause Full (Allocation Failure) 494M->446M(494M) 1403.825ms
[44.438s][info][gc,cpu         ] GC(82) User=1.36s Sys=0.00s Real=1.40s
[46.565s][info][gc,start       ] GC(83) Pause Full (Allocation Failure)
[46.565s][info][gc,phases,start] GC(83) Phase 1: Mark live objects
[47.168s][info][gc,phases      ] GC(83) Phase 1: Mark live objects 602.716ms
[47.168s][info][gc,phases,start] GC(83) Phase 2: Compute new object addresses
[47.362s][info][gc,phases      ] GC(83) Phase 2: Compute new object addresses 193.903ms
[47.362s][info][gc,phases,start] GC(83) Phase 3: Adjust pointers
[47.658s][info][gc,phases      ] GC(83) Phase 3: Adjust pointers 296.548ms
[47.658s][info][gc,phases,start] GC(83) Phase 4: Move objects
[47.818s][info][gc,phases      ] GC(83) Phase 4: Move objects 159.263ms
[47.823s][info][gc,heap        ] GC(83) DefNew: 157247K(157248K)->68485K(157248K) Eden: 139776K(139776K)->68485K(139776K) From: 17471K(17472K)->0K(17472K)
[47.823s][info][gc,heap        ] GC(83) Tenured: 349567K(349568K)->349567K(349568K)
[47.823s][info][gc,metaspace   ] GC(83) Metaspace: 16637K(17280K)->16637K(17280K) NonClass: 14214K(14592K)->14214K(14592K) Class: 2422K(2688K)->2422K(2688K)
[47.823s][info][gc             ] GC(83) Pause Full (Allocation Failure) 494M->408M(494M) 1258.332ms
[47.823s][info][gc,cpu         ] GC(83) User=1.25s Sys=0.00s Real=1.26s
[53.068s][info][gc,start       ] GC(84) Pause Full (Allocation Failure)
[53.068s][info][gc,phases,start] GC(84) Phase 1: Mark live objects
[53.110s][info][gc,phases      ] GC(84) Phase 1: Mark live objects 41.521ms
[53.110s][info][gc,phases,start] GC(84) Phase 2: Compute new object addresses
[53.258s][info][gc,phases      ] GC(84) Phase 2: Compute new object addresses 147.904ms
[53.258s][info][gc,phases,start] GC(84) Phase 3: Adjust pointers
[53.278s][info][gc,phases      ] GC(84) Phase 3: Adjust pointers 20.067ms
[53.278s][info][gc,phases,start] GC(84) Phase 4: Move objects
[53.287s][info][gc,phases      ] GC(84) Phase 4: Move objects 9.537ms
[53.287s][info][gc,heap        ] GC(84) DefNew: 157247K(157248K)->0K(157248K) Eden: 139776K(139776K)->0K(139776K) From: 17471K(17472K)->0K(17472K)
[53.288s][info][gc,heap        ] GC(84) Tenured: 349567K(349568K)->26189K(349568K)
[53.288s][info][gc,metaspace   ] GC(84) Metaspace: 16651K(17344K)->16651K(17344K) NonClass: 14229K(14656K)->14229K(14656K) Class: 2422K(2688K)->2422K(2688K)
[53.288s][info][gc             ] GC(84) Pause Full (Allocation Failure) 494M->25M(494M) 219.681ms
[53.288s][info][gc,cpu         ] GC(84) User=0.22s Sys=0.00s Real=0.22s
[53.410s][info][gc,start       ] GC(85) Pause Young (Allocation Failure)
[53.592s][info][gc,heap        ] GC(85) DefNew: 139776K(157248K)->17472K(157248K) Eden: 139776K(139776K)->0K(139776K) From: 0K(17472K)->17472K(17472K)
[53.592s][info][gc,heap        ] GC(85) Tenured: 26189K(349568K)->68471K(349568K)
[53.592s][info][gc,metaspace   ] GC(85) Metaspace: 16651K(17344K)->16651K(17344K) NonClass: 14229K(14656K)->14229K(14656K) Class: 2422K(2688K)->2422K(2688K)
[53.592s][info][gc             ] GC(85) Pause Young (Allocation Failure) 162M->83M(494M) 182.397ms
[53.592s][info][gc,cpu         ] GC(85) User=0.19s Sys=0.00s Real=0.19s
[53.719s][info][gc,start       ] GC(86) Pause Young (Allocation Failure)
[53.981s][info][gc,heap        ] GC(86) DefNew: 157248K(157248K)->17471K(157248K) Eden: 139776K(139776K)->0K(139776K) From: 17472K(17472K)->17471K(17472K)
[53.999s][info][gc,heap        ] GC(86) Tenured: 68471K(349568K)->127751K(349568K)
[53.999s][info][gc,metaspace   ] GC(86) Metaspace: 16651K(17344K)->16651K(17344K) NonClass: 14229K(14656K)->14229K(14656K) Class: 2422K(2688K)->2422K(2688K)
[53.999s][info][gc             ] GC(86) Pause Young (Allocation Failure) 220M->141M(494M) 280.338ms
[53.999s][info][gc,cpu         ] GC(86) User=0.27s Sys=0.00s Real=0.28s
[54.130s][info][gc,start       ] GC(87) Pause Young (Allocation Failure)
[54.366s][info][gc,heap        ] GC(87) DefNew: 157247K(157248K)->17472K(157248K) Eden: 139776K(139776K)->0K(139776K) From: 17471K(17472K)->17472K(17472K)
[54.366s][info][gc,heap        ] GC(87) Tenured: 127751K(349568K)->184912K(349568K)
[54.366s][info][gc,metaspace   ] GC(87) Metaspace: 16651K(17344K)->16651K(17344K) NonClass: 14229K(14656K)->14229K(14656K) Class: 2422K(2688K)->2422K(2688K)
[54.367s][info][gc             ] GC(87) Pause Young (Allocation Failure) 278M->197M(494M) 236.503ms
[54.367s][info][gc,cpu         ] GC(87) User=0.23s Sys=0.00s Real=0.23s
[54.499s][info][gc,start       ] GC(88) Pause Young (Allocation Failure)
[54.743s][info][gc,heap        ] GC(88) DefNew: 157248K(157248K)->17472K(157248K) Eden: 139776K(139776K)->0K(139776K) From: 17472K(17472K)->17472K(17472K)
[54.743s][info][gc,heap        ] GC(88) Tenured: 184912K(349568K)->244410K(349568K)
[54.743s][info][gc,metaspace   ] GC(88) Metaspace: 16651K(17344K)->16651K(17344K) NonClass: 14229K(14656K)->14229K(14656K) Class: 2422K(2688K)->2422K(2688K)
[54.743s][info][gc             ] GC(88) Pause Young (Allocation Failure) 334M->255M(494M) 244.417ms
[54.743s][info][gc,cpu         ] GC(88) User=0.23s Sys=0.00s Real=0.24s
[54.877s][info][gc,start       ] GC(89) Pause Young (Allocation Failure)
[54.877s][info][gc             ] GC(89) Pause Young (Allocation Failure) 392M->392M(494M) 0.166ms
[54.877s][info][gc,cpu         ] GC(89) User=0.00s Sys=0.00s Real=0.00s
[54.877s][info][gc,start       ] GC(90) Pause Full (Allocation Failure)
[54.877s][info][gc,phases,start] GC(90) Phase 1: Mark live objects
[55.352s][info][gc,phases      ] GC(90) Phase 1: Mark live objects 474.897ms
[55.352s][info][gc,phases,start] GC(90) Phase 2: Compute new object addresses
[55.491s][info][gc,phases      ] GC(90) Phase 2: Compute new object addresses 138.590ms
[55.491s][info][gc,phases,start] GC(90) Phase 3: Adjust pointers
[55.732s][info][gc,phases      ] GC(90) Phase 3: Adjust pointers 241.222ms
[55.732s][info][gc,phases,start] GC(90) Phase 4: Move objects
[55.771s][info][gc,phases      ] GC(90) Phase 4: Move objects 38.970ms
[55.771s][info][gc,heap        ] GC(90) DefNew: 157248K(157248K)->0K(157248K) Eden: 139776K(139776K)->0K(139776K) From: 17472K(17472K)->0K(17472K)
[55.771s][info][gc,heap        ] GC(90) Tenured: 244410K(349568K)->321249K(349568K)
[55.771s][info][gc,metaspace   ] GC(90) Metaspace: 16651K(17344K)->16651K(17344K) NonClass: 14229K(14656K)->14229K(14656K) Class: 2422K(2688K)->2422K(2688K)
[55.771s][info][gc             ] GC(90) Pause Full (Allocation Failure) 392M->313M(494M) 894.225ms
[55.772s][info][gc,cpu         ] GC(90) User=0.91s Sys=0.00s Real=0.90s
[55.903s][info][gc,start       ] GC(91) Pause Young (Allocation Failure)
[55.903s][info][gc             ] GC(91) Pause Young (Allocation Failure) 450M->450M(494M) 0.223ms
[55.903s][info][gc,cpu         ] GC(91) User=0.00s Sys=0.00s Real=0.00s
[55.903s][info][gc,start       ] GC(92) Pause Full (Allocation Failure)
[55.903s][info][gc,phases,start] GC(92) Phase 1: Mark live objects
[56.463s][info][gc,phases      ] GC(92) Phase 1: Mark live objects 559.698ms
[56.463s][info][gc,phases,start] GC(92) Phase 2: Compute new object addresses
[56.626s][info][gc,phases      ] GC(92) Phase 2: Compute new object addresses 162.934ms
[56.626s][info][gc,phases,start] GC(92) Phase 3: Adjust pointers
[56.897s][info][gc,phases      ] GC(92) Phase 3: Adjust pointers 270.958ms
[56.897s][info][gc,phases,start] GC(92) Phase 4: Move objects
[56.931s][info][gc,phases      ] GC(92) Phase 4: Move objects 33.728ms
[56.931s][info][gc,heap        ] GC(92) DefNew: 139776K(157248K)->31396K(157248K) Eden: 139776K(139776K)->31396K(139776K) From: 0K(17472K)->0K(17472K)
[56.931s][info][gc,heap        ] GC(92) Tenured: 321249K(349568K)->349567K(349568K)
[56.931s][info][gc,metaspace   ] GC(92) Metaspace: 16651K(17344K)->16651K(17344K) NonClass: 14229K(14656K)->14229K(14656K) Class: 2422K(2688K)->2422K(2688K)
[56.931s][info][gc             ] GC(92) Pause Full (Allocation Failure) 450M->372M(494M) 1027.887ms
[56.931s][info][gc,cpu         ] GC(92) User=1.02s Sys=0.00s Real=1.02s
[57.142s][info][gc,start       ] GC(93) Pause Full (Allocation Failure)
[57.142s][info][gc,phases,start] GC(93) Phase 1: Mark live objects
[57.761s][info][gc,phases      ] GC(93) Phase 1: Mark live objects 618.897ms
[57.761s][info][gc,phases,start] GC(93) Phase 2: Compute new object addresses
[57.938s][info][gc,phases      ] GC(93) Phase 2: Compute new object addresses 177.502ms
[57.939s][info][gc,phases,start] GC(93) Phase 3: Adjust pointers
[58.273s][info][gc,phases      ] GC(93) Phase 3: Adjust pointers 334.614ms
[58.273s][info][gc,phases,start] GC(93) Phase 4: Move objects
[58.423s][info][gc,phases      ] GC(93) Phase 4: Move objects 149.639ms
[58.423s][info][gc,heap        ] GC(93) DefNew: 157247K(157248K)->70276K(157248K) Eden: 139776K(139776K)->70276K(139776K) From: 17471K(17472K)->0K(17472K)
[58.423s][info][gc,heap        ] GC(93) Tenured: 349568K(349568K)->349568K(349568K)
[58.423s][info][gc,metaspace   ] GC(93) Metaspace: 16651K(17344K)->16651K(17344K) NonClass: 14229K(14656K)->14229K(14656K) Class: 2422K(2688K)->2422K(2688K)
[58.423s][info][gc             ] GC(93) Pause Full (Allocation Failure) 494M->410M(494M) 1281.342ms
[58.423s][info][gc,cpu         ] GC(93) User=1.28s Sys=0.00s Real=1.28s
[58.769s][info][gc,start       ] GC(94) Pause Full (Allocation Failure)
[58.769s][info][gc,phases,start] GC(94) Phase 1: Mark live objects
[59.396s][info][gc,phases      ] GC(94) Phase 1: Mark live objects 626.251ms
[59.396s][info][gc,phases,start] GC(94) Phase 2: Compute new object addresses
[59.589s][info][gc,phases      ] GC(94) Phase 2: Compute new object addresses 193.143ms
[59.589s][info][gc,phases,start] GC(94) Phase 3: Adjust pointers
[59.931s][info][gc,phases      ] GC(94) Phase 3: Adjust pointers 342.498ms
[59.931s][info][gc,phases,start] GC(94) Phase 4: Move objects
[59.983s][info][gc,phases      ] GC(94) Phase 4: Move objects 51.737ms
[59.983s][info][gc,heap        ] GC(94) DefNew: 157248K(157248K)->125323K(157248K) Eden: 139776K(139776K)->125323K(139776K) From: 17472K(17472K)->0K(17472K)
[59.983s][info][gc,heap        ] GC(94) Tenured: 349568K(349568K)->349568K(349568K)
[59.983s][info][gc,metaspace   ] GC(94) Metaspace: 16651K(17344K)->16651K(17344K) NonClass: 14229K(14656K)->14229K(14656K) Class: 2422K(2688K)->2422K(2688K)
[59.984s][info][gc             ] GC(94) Pause Full (Allocation Failure) 494M->463M(494M) 1214.296ms
[59.984s][info][gc,cpu         ] GC(94) User=1.22s Sys=0.00s Real=1.21s
[60.279s][info][gc,start       ] GC(95) Pause Full (Allocation Failure)
[60.279s][info][gc,phases,start] GC(95) Phase 1: Mark live objects
[60.862s][info][gc,phases      ] GC(95) Phase 1: Mark live objects 582.417ms
[60.862s][info][gc,phases,start] GC(95) Phase 2: Compute new object addresses
[61.074s][info][gc,phases      ] GC(95) Phase 2: Compute new object addresses 212.630ms
[61.074s][info][gc,phases,start] GC(95) Phase 3: Adjust pointers
[61.406s][info][gc,phases      ] GC(95) Phase 3: Adjust pointers 331.500ms
[61.406s][info][gc,phases,start] GC(95) Phase 4: Move objects
[61.452s][info][gc,phases      ] GC(95) Phase 4: Move objects 46.045ms
[61.452s][info][gc,heap        ] GC(95) DefNew: 157248K(157248K)->121425K(157248K) Eden: 139776K(139776K)->121425K(139776K) From: 17472K(17472K)->0K(17472K)
[61.453s][info][gc,heap        ] GC(95) Tenured: 349568K(349568K)->349568K(349568K)
[61.453s][info][gc,metaspace   ] GC(95) Metaspace: 16651K(17344K)->16643K(17344K) NonClass: 14229K(14656K)->14223K(14656K) Class: 2422K(2688K)->2420K(2688K)
[61.453s][info][gc             ] GC(95) Pause Full (Allocation Failure) 494M->459M(494M) 1173.389ms
[61.453s][info][gc,cpu         ] GC(95) User=1.17s Sys=0.00s Real=1.17s
[61.574s][info][gc,start       ] GC(96) Pause Full (Allocation Failure)
[61.574s][info][gc,phases,start] GC(96) Phase 1: Mark live objects
[62.155s][info][gc,phases      ] GC(96) Phase 1: Mark live objects 580.832ms
[62.155s][info][gc,phases,start] GC(96) Phase 2: Compute new object addresses
[62.347s][info][gc,phases      ] GC(96) Phase 2: Compute new object addresses 192.225ms
[62.347s][info][gc,phases,start] GC(96) Phase 3: Adjust pointers
[62.654s][info][gc,phases      ] GC(96) Phase 3: Adjust pointers 306.510ms
[62.654s][info][gc,phases,start] GC(96) Phase 4: Move objects
[62.699s][info][gc,phases      ] GC(96) Phase 4: Move objects 45.087ms
[62.699s][info][gc,heap        ] GC(96) DefNew: 157247K(157248K)->118723K(157248K) Eden: 139776K(139776K)->118723K(139776K) From: 17471K(17472K)->0K(17472K)
[62.699s][info][gc,heap        ] GC(96) Tenured: 349568K(349568K)->349568K(349568K)
[62.699s][info][gc,metaspace   ] GC(96) Metaspace: 16643K(17344K)->16643K(17344K) NonClass: 14223K(14656K)->14223K(14656K) Class: 2420K(2688K)->2420K(2688K)
[62.699s][info][gc             ] GC(96) Pause Full (Allocation Failure) 494M->457M(494M) 1125.325ms
[62.699s][info][gc,cpu         ] GC(96) User=1.14s Sys=0.00s Real=1.13s
[62.823s][info][gc,start       ] GC(97) Pause Full (Allocation Failure)
[62.823s][info][gc,phases,start] GC(97) Phase 1: Mark live objects
[63.370s][info][gc,phases      ] GC(97) Phase 1: Mark live objects 546.558ms
[63.370s][info][gc,phases,start] GC(97) Phase 2: Compute new object addresses
[63.558s][info][gc,phases      ] GC(97) Phase 2: Compute new object addresses 188.209ms
[63.558s][info][gc,phases,start] GC(97) Phase 3: Adjust pointers
[63.883s][info][gc,phases      ] GC(97) Phase 3: Adjust pointers 324.323ms
[63.883s][info][gc,phases,start] GC(97) Phase 4: Move objects
[64.041s][info][gc,phases      ] GC(97) Phase 4: Move objects 157.960ms
[64.041s][info][gc,heap        ] GC(97) DefNew: 157247K(157248K)->102710K(157248K) Eden: 139776K(139776K)->102710K(139776K) From: 17471K(17472K)->0K(17472K)
[64.041s][info][gc,heap        ] GC(97) Tenured: 349568K(349568K)->349567K(349568K)
[64.041s][info][gc,metaspace   ] GC(97) Metaspace: 16643K(17344K)->16643K(17344K) NonClass: 14223K(14656K)->14223K(14656K) Class: 2420K(2688K)->2420K(2688K)
[64.041s][info][gc             ] GC(97) Pause Full (Allocation Failure) 494M->441M(494M) 1217.681ms
[64.041s][info][gc,cpu         ] GC(97) User=1.22s Sys=0.00s Real=1.22s
[64.200s][info][gc,start       ] GC(98) Pause Full (Allocation Failure)
[64.200s][info][gc,phases,start] GC(98) Phase 1: Mark live objects
[64.743s][info][gc,phases      ] GC(98) Phase 1: Mark live objects 542.904ms
[64.743s][info][gc,phases,start] GC(98) Phase 2: Compute new object addresses
[64.934s][info][gc,phases      ] GC(98) Phase 2: Compute new object addresses 191.103ms
[64.934s][info][gc,phases,start] GC(98) Phase 3: Adjust pointers
[65.209s][info][gc,phases      ] GC(98) Phase 3: Adjust pointers 274.379ms
[65.209s][info][gc,phases,start] GC(98) Phase 4: Move objects
[65.249s][info][gc,phases      ] GC(98) Phase 4: Move objects 39.900ms
[65.249s][info][gc,heap        ] GC(98) DefNew: 157247K(157248K)->98321K(157248K) Eden: 139776K(139776K)->98321K(139776K) From: 17471K(17472K)->0K(17472K)
[65.249s][info][gc,heap        ] GC(98) Tenured: 349567K(349568K)->349567K(349568K)
[65.249s][info][gc,metaspace   ] GC(98) Metaspace: 16643K(17344K)->16643K(17344K) NonClass: 14223K(14656K)->14223K(14656K) Class: 2420K(2688K)->2420K(2688K)
[65.249s][info][gc             ] GC(98) Pause Full (Allocation Failure) 494M->437M(494M) 1048.978ms
[65.249s][info][gc,cpu         ] GC(98) User=1.05s Sys=0.00s Real=1.05s
[65.411s][info][gc,start       ] GC(99) Pause Full (Allocation Failure)
[65.411s][info][gc,phases,start] GC(99) Phase 1: Mark live objects
[65.911s][info][gc,phases      ] GC(99) Phase 1: Mark live objects 499.325ms
[65.911s][info][gc,phases,start] GC(99) Phase 2: Compute new object addresses
[66.101s][info][gc,phases      ] GC(99) Phase 2: Compute new object addresses 190.147ms
[66.101s][info][gc,phases,start] GC(99) Phase 3: Adjust pointers
[66.353s][info][gc,phases      ] GC(99) Phase 3: Adjust pointers 251.817ms
[66.353s][info][gc,phases,start] GC(99) Phase 4: Move objects
[66.390s][info][gc,phases      ] GC(99) Phase 4: Move objects 37.202ms
[66.390s][info][gc,heap        ] GC(99) DefNew: 157247K(157248K)->93392K(157248K) Eden: 139776K(139776K)->93392K(139776K) From: 17471K(17472K)->0K(17472K)
[66.390s][info][gc,heap        ] GC(99) Tenured: 349567K(349568K)->349567K(349568K)
[66.390s][info][gc,metaspace   ] GC(99) Metaspace: 16643K(17344K)->16643K(17344K) NonClass: 14223K(14656K)->14223K(14656K) Class: 2420K(2688K)->2420K(2688K)
[66.390s][info][gc             ] GC(99) Pause Full (Allocation Failure) 494M->432M(494M) 979.186ms
[66.390s][info][gc,cpu         ] GC(99) User=0.97s Sys=0.00s Real=0.97s
[66.555s][info][gc,start       ] GC(100) Pause Full (Allocation Failure)
[66.555s][info][gc,phases,start] GC(100) Phase 1: Mark live objects
[67.025s][info][gc,phases      ] GC(100) Phase 1: Mark live objects 469.896ms
[67.025s][info][gc,phases,start] GC(100) Phase 2: Compute new object addresses
[67.212s][info][gc,phases      ] GC(100) Phase 2: Compute new object addresses 187.008ms
[67.212s][info][gc,phases,start] GC(100) Phase 3: Adjust pointers
[67.445s][info][gc,phases      ] GC(100) Phase 3: Adjust pointers 233.270ms
[67.445s][info][gc,phases,start] GC(100) Phase 4: Move objects
[67.480s][info][gc,phases      ] GC(100) Phase 4: Move objects 34.603ms
[67.480s][info][gc,heap        ] GC(100) DefNew: 157247K(157248K)->87857K(157248K) Eden: 139776K(139776K)->87857K(139776K) From: 17471K(17472K)->0K(17472K)
[67.480s][info][gc,heap        ] GC(100) Tenured: 349567K(349568K)->349567K(349568K)
[67.480s][info][gc,metaspace   ] GC(100) Metaspace: 16643K(17344K)->16643K(17344K) NonClass: 14223K(14656K)->14223K(14656K) Class: 2420K(2688K)->2420K(2688K)
[67.480s][info][gc             ] GC(100) Pause Full (Allocation Failure) 494M->427M(494M) 925.426ms
[67.480s][info][gc,cpu         ] GC(100) User=0.92s Sys=0.00s Real=0.92s
[67.633s][info][gc,start       ] GC(101) Pause Full (Allocation Failure)
[67.633s][info][gc,phases,start] GC(101) Phase 1: Mark live objects
[68.075s][info][gc,phases      ] GC(101) Phase 1: Mark live objects 442.040ms
[68.075s][info][gc,phases,start] GC(101) Phase 2: Compute new object addresses
[68.252s][info][gc,phases      ] GC(101) Phase 2: Compute new object addresses 177.047ms
[68.252s][info][gc,phases,start] GC(101) Phase 3: Adjust pointers
[68.483s][info][gc,phases      ] GC(101) Phase 3: Adjust pointers 230.788ms
[68.483s][info][gc,phases,start] GC(101) Phase 4: Move objects
[68.611s][info][gc,phases      ] GC(101) Phase 4: Move objects 128.424ms
[68.612s][info][gc,heap        ] GC(101) DefNew: 157247K(157248K)->59556K(157248K) Eden: 139776K(139776K)->59556K(139776K) From: 17471K(17472K)->0K(17472K)
[68.612s][info][gc,heap        ] GC(101) Tenured: 349567K(349568K)->349567K(349568K)
[68.612s][info][gc,metaspace   ] GC(101) Metaspace: 16643K(17344K)->16643K(17344K) NonClass: 14223K(14656K)->14223K(14656K) Class: 2420K(2688K)->2420K(2688K)
[68.612s][info][gc             ] GC(101) Pause Full (Allocation Failure) 494M->399M(494M) 978.982ms
[68.612s][info][gc,cpu         ] GC(101) User=0.98s Sys=0.00s Real=0.98s
[68.787s][info][gc,start       ] GC(102) Pause Full (Allocation Failure)
[68.787s][info][gc,phases,start] GC(102) Phase 1: Mark live objects
[69.215s][info][gc,phases      ] GC(102) Phase 1: Mark live objects 428.032ms
[69.221s][info][gc,phases,start] GC(102) Phase 2: Compute new object addresses
[69.396s][info][gc,phases      ] GC(102) Phase 2: Compute new object addresses 175.033ms
[69.396s][info][gc,phases,start] GC(102) Phase 3: Adjust pointers
[69.593s][info][gc,phases      ] GC(102) Phase 3: Adjust pointers 196.824ms
[69.593s][info][gc,phases,start] GC(102) Phase 4: Move objects
[69.613s][info][gc,phases      ] GC(102) Phase 4: Move objects 20.071ms
[69.613s][info][gc,heap        ] GC(102) DefNew: 157247K(157248K)->50664K(157248K) Eden: 139776K(139776K)->50664K(139776K) From: 17471K(17472K)->0K(17472K)
[69.613s][info][gc,heap        ] GC(102) Tenured: 349567K(349568K)->349567K(349568K)
[69.613s][info][gc,metaspace   ] GC(102) Metaspace: 16643K(17344K)->16643K(17344K) NonClass: 14223K(14656K)->14223K(14656K) Class: 2420K(2688K)->2420K(2688K)
[69.613s][info][gc             ] GC(102) Pause Full (Allocation Failure) 494M->390M(494M) 826.114ms
[69.613s][info][gc,cpu         ] GC(102) User=0.81s Sys=0.00s Real=0.84s
[70.303s][info][gc,start       ] GC(103) Pause Full (Allocation Failure)
[70.303s][info][gc,phases,start] GC(103) Phase 1: Mark live objects
[70.324s][info][gc,phases      ] GC(103) Phase 1: Mark live objects 20.662ms
[70.324s][info][gc,phases,start] GC(103) Phase 2: Compute new object addresses
[70.465s][info][gc,phases      ] GC(103) Phase 2: Compute new object addresses 140.621ms
[70.465s][info][gc,phases,start] GC(103) Phase 3: Adjust pointers
[70.471s][info][gc,phases      ] GC(103) Phase 3: Adjust pointers 5.942ms
[70.471s][info][gc,phases,start] GC(103) Phase 4: Move objects
[70.471s][info][gc,phases      ] GC(103) Phase 4: Move objects 0.730ms
[70.472s][info][gc,heap        ] GC(103) DefNew: 157248K(157248K)->0K(157248K) Eden: 139776K(139776K)->0K(139776K) From: 17472K(17472K)->0K(17472K)
[70.472s][info][gc,heap        ] GC(103) Tenured: 349568K(349568K)->9156K(349568K)
[70.472s][info][gc,metaspace   ] GC(103) Metaspace: 16643K(17344K)->16643K(17344K) NonClass: 14223K(14656K)->14223K(14656K) Class: 2420K(2688K)->2420K(2688K)
[70.472s][info][gc             ] GC(103) Pause Full (Allocation Failure) 494M->8M(494M) 168.467ms
[70.472s][info][gc,cpu         ] GC(103) User=0.17s Sys=0.00s Real=0.17s
[71.572s][info][gc,start       ] GC(104) Pause Full (System.gc())
[71.572s][info][gc,phases,start] GC(104) Phase 1: Mark live objects
[71.589s][info][gc,phases      ] GC(104) Phase 1: Mark live objects 17.111ms
[71.589s][info][gc,phases,start] GC(104) Phase 2: Compute new object addresses
[71.621s][info][gc,phases      ] GC(104) Phase 2: Compute new object addresses 31.851ms
[71.621s][info][gc,phases,start] GC(104) Phase 3: Adjust pointers
[71.626s][info][gc,phases      ] GC(104) Phase 3: Adjust pointers 4.819ms
[71.626s][info][gc,phases,start] GC(104) Phase 4: Move objects
[71.626s][info][gc,phases      ] GC(104) Phase 4: Move objects 0.011ms
[71.626s][info][gc,heap        ] GC(104) DefNew: 69889K(157248K)->0K(157248K) Eden: 69889K(139776K)->0K(139776K) From: 0K(17472K)->0K(17472K)
[71.626s][info][gc,heap        ] GC(104) Tenured: 9156K(349568K)->9156K(349568K)
[71.626s][info][gc,metaspace   ] GC(104) Metaspace: 16644K(17344K)->16644K(17344K) NonClass: 14224K(14656K)->14224K(14656K) Class: 2420K(2688K)->2420K(2688K)
[71.626s][info][gc             ] GC(104) Pause Full (System.gc()) 77M->8M(494M) 54.209ms
[71.626s][info][gc,cpu         ] GC(104) User=0.06s Sys=0.00s Real=0.06s
[73.408s][info][gc,start       ] GC(105) Pause Young (Allocation Failure)
[73.415s][info][gc,heap        ] GC(105) DefNew: 139776K(157248K)->1428K(157248K) Eden: 139776K(139776K)->0K(139776K) From: 0K(17472K)->1428K(17472K)
[73.415s][info][gc,heap        ] GC(105) Tenured: 9156K(349568K)->9156K(349568K)
[73.415s][info][gc,metaspace   ] GC(105) Metaspace: 16645K(17344K)->16645K(17344K) NonClass: 14224K(14656K)->14224K(14656K) Class: 2420K(2688K)->2420K(2688K)
[73.415s][info][gc             ] GC(105) Pause Young (Allocation Failure) 145M->10M(494M) 6.941ms
[73.415s][info][gc,cpu         ] GC(105) User=0.02s Sys=0.00s Real=0.02s
[73.438s][info][gc,start       ] GC(106) Pause Young (Allocation Failure)
[73.442s][info][gc,heap        ] GC(106) DefNew: 141204K(157248K)->1437K(157248K) Eden: 139776K(139776K)->0K(139776K) From: 1428K(17472K)->1437K(17472K)
[73.442s][info][gc,heap        ] GC(106) Tenured: 9156K(349568K)->9156K(349568K)
[73.442s][info][gc,metaspace   ] GC(106) Metaspace: 16645K(17344K)->16645K(17344K) NonClass: 14224K(14656K)->14224K(14656K) Class: 2420K(2688K)->2420K(2688K)
[73.442s][info][gc             ] GC(106) Pause Young (Allocation Failure) 146M->10M(494M) 4.034ms
[73.442s][info][gc,cpu         ] GC(106) User=0.00s Sys=0.00s Real=0.00s
[73.460s][info][gc,start       ] GC(107) Pause Young (Allocation Failure)
[73.464s][info][gc,heap        ] GC(107) DefNew: 141213K(157248K)->1442K(157248K) Eden: 139776K(139776K)->0K(139776K) From: 1437K(17472K)->1442K(17472K)
[73.464s][info][gc,heap        ] GC(107) Tenured: 9156K(349568K)->9156K(349568K)
[73.464s][info][gc,metaspace   ] GC(107) Metaspace: 16645K(17344K)->16645K(17344K) NonClass: 14224K(14656K)->14224K(14656K) Class: 2420K(2688K)->2420K(2688K)
[73.464s][info][gc             ] GC(107) Pause Young (Allocation Failure) 146M->10M(494M) 3.939ms
[73.464s][info][gc,cpu         ] GC(107) User=0.00s Sys=0.00s Real=0.00s
[73.480s][info][gc,start       ] GC(108) Pause Young (Allocation Failure)
[73.484s][info][gc,heap        ] GC(108) DefNew: 141218K(157248K)->1469K(157248K) Eden: 139776K(139776K)->0K(139776K) From: 1442K(17472K)->1469K(17472K)
[73.484s][info][gc,heap        ] GC(108) Tenured: 9156K(349568K)->9156K(349568K)
[73.484s][info][gc,metaspace   ] GC(108) Metaspace: 16645K(17344K)->16645K(17344K) NonClass: 14224K(14656K)->14224K(14656K) Class: 2420K(2688K)->2420K(2688K)
[73.484s][info][gc             ] GC(108) Pause Young (Allocation Failure) 146M->10M(494M) 4.044ms
[73.484s][info][gc,cpu         ] GC(108) User=0.00s Sys=0.00s Real=0.00s
[73.501s][info][gc,start       ] GC(109) Pause Young (Allocation Failure)
[73.505s][info][gc,heap        ] GC(109) DefNew: 141245K(157248K)->1524K(157248K) Eden: 139776K(139776K)->0K(139776K) From: 1469K(17472K)->1524K(17472K)
[73.505s][info][gc,heap        ] GC(109) Tenured: 9156K(349568K)->9156K(349568K)
[73.505s][info][gc,metaspace   ] GC(109) Metaspace: 16645K(17344K)->16645K(17344K) NonClass: 14224K(14656K)->14224K(14656K) Class: 2420K(2688K)->2420K(2688K)
[73.505s][info][gc             ] GC(109) Pause Young (Allocation Failure) 146M->10M(494M) 4.140ms
[73.505s][info][gc,cpu         ] GC(109) User=0.00s Sys=0.00s Real=0.00s
[73.521s][info][gc,start       ] GC(110) Pause Young (Allocation Failure)
[73.525s][info][gc,heap        ] GC(110) DefNew: 141300K(157248K)->1479K(157248K) Eden: 139776K(139776K)->0K(139776K) From: 1524K(17472K)->1479K(17472K)
[73.525s][info][gc,heap        ] GC(110) Tenured: 9156K(349568K)->9156K(349568K)
[73.525s][info][gc,metaspace   ] GC(110) Metaspace: 16645K(17344K)->16645K(17344K) NonClass: 14224K(14656K)->14224K(14656K) Class: 2420K(2688K)->2420K(2688K)
[73.525s][info][gc             ] GC(110) Pause Young (Allocation Failure) 146M->10M(494M) 4.077ms
[73.525s][info][gc,cpu         ] GC(110) User=0.00s Sys=0.00s Real=0.00s
[73.541s][info][gc,start       ] GC(111) Pause Young (Allocation Failure)
[73.546s][info][gc,heap        ] GC(111) DefNew: 141255K(157248K)->1505K(157248K) Eden: 139776K(139776K)->0K(139776K) From: 1479K(17472K)->1505K(17472K)
[73.546s][info][gc,heap        ] GC(111) Tenured: 9156K(349568K)->9156K(349568K)
[73.546s][info][gc,metaspace   ] GC(111) Metaspace: 16645K(17344K)->16645K(17344K) NonClass: 14224K(14656K)->14224K(14656K) Class: 2420K(2688K)->2420K(2688K)
[73.546s][info][gc             ] GC(111) Pause Young (Allocation Failure) 146M->10M(494M) 4.379ms
[73.546s][info][gc,cpu         ] GC(111) User=0.02s Sys=0.00s Real=0.02s
[73.561s][info][gc,start       ] GC(112) Pause Young (Allocation Failure)
[73.565s][info][gc,heap        ] GC(112) DefNew: 141281K(157248K)->1488K(157248K) Eden: 139776K(139776K)->0K(139776K) From: 1505K(17472K)->1488K(17472K)
[73.565s][info][gc,heap        ] GC(112) Tenured: 9156K(349568K)->9156K(349568K)
[73.565s][info][gc,metaspace   ] GC(112) Metaspace: 16645K(17344K)->16645K(17344K) NonClass: 14224K(14656K)->14224K(14656K) Class: 2420K(2688K)->2420K(2688K)
[73.565s][info][gc             ] GC(112) Pause Young (Allocation Failure) 146M->10M(494M) 4.067ms
[73.565s][info][gc,cpu         ] GC(112) User=0.00s Sys=0.00s Real=0.00s
[73.581s][info][gc,start       ] GC(113) Pause Young (Allocation Failure)
[73.585s][info][gc,heap        ] GC(113) DefNew: 141264K(157248K)->1459K(157248K) Eden: 139776K(139776K)->0K(139776K) From: 1488K(17472K)->1459K(17472K)
[73.585s][info][gc,heap        ] GC(113) Tenured: 9156K(349568K)->9156K(349568K)
[73.585s][info][gc,metaspace   ] GC(113) Metaspace: 16645K(17344K)->16645K(17344K) NonClass: 14224K(14656K)->14224K(14656K) Class: 2420K(2688K)->2420K(2688K)
[73.585s][info][gc             ] GC(113) Pause Young (Allocation Failure) 146M->10M(494M) 4.004ms
[73.585s][info][gc,cpu         ] GC(113) User=0.00s Sys=0.00s Real=0.00s
[73.601s][info][gc,start       ] GC(114) Pause Young (Allocation Failure)
[73.605s][info][gc,heap        ] GC(114) DefNew: 141235K(157248K)->1457K(157248K) Eden: 139776K(139776K)->0K(139776K) From: 1459K(17472K)->1457K(17472K)
[73.605s][info][gc,heap        ] GC(114) Tenured: 9156K(349568K)->9156K(349568K)
[73.605s][info][gc,metaspace   ] GC(114) Metaspace: 16645K(17344K)->16645K(17344K) NonClass: 14224K(14656K)->14224K(14656K) Class: 2420K(2688K)->2420K(2688K)
[73.605s][info][gc             ] GC(114) Pause Young (Allocation Failure) 146M->10M(494M) 3.981ms
[73.605s][info][gc,cpu         ] GC(114) User=0.00s Sys=0.00s Real=0.00s
[73.621s][info][gc,start       ] GC(115) Pause Young (Allocation Failure)
[73.626s][info][gc,heap        ] GC(115) DefNew: 141233K(157248K)->1423K(157248K) Eden: 139776K(139776K)->0K(139776K) From: 1457K(17472K)->1423K(17472K)
[73.626s][info][gc,heap        ] GC(115) Tenured: 9156K(349568K)->9156K(349568K)
[73.626s][info][gc,metaspace   ] GC(115) Metaspace: 16645K(17344K)->16645K(17344K) NonClass: 14224K(14656K)->14224K(14656K) Class: 2420K(2688K)->2420K(2688K)
[73.626s][info][gc             ] GC(115) Pause Young (Allocation Failure) 146M->10M(494M) 4.256ms
[73.626s][info][gc,cpu         ] GC(115) User=0.02s Sys=0.00s Real=0.02s
[73.641s][info][gc,start       ] GC(116) Pause Young (Allocation Failure)
[73.645s][info][gc,heap        ] GC(116) DefNew: 141199K(157248K)->1428K(157248K) Eden: 139776K(139776K)->0K(139776K) From: 1423K(17472K)->1428K(17472K)
[73.645s][info][gc,heap        ] GC(116) Tenured: 9156K(349568K)->9156K(349568K)
[73.646s][info][gc,metaspace   ] GC(116) Metaspace: 16645K(17344K)->16645K(17344K) NonClass: 14224K(14656K)->14224K(14656K) Class: 2420K(2688K)->2420K(2688K)
[73.646s][info][gc             ] GC(116) Pause Young (Allocation Failure) 146M->10M(494M) 4.250ms
[73.646s][info][gc,cpu         ] GC(116) User=0.02s Sys=0.00s Real=0.02s
[73.662s][info][gc,start       ] GC(117) Pause Young (Allocation Failure)
[73.666s][info][gc,heap        ] GC(117) DefNew: 141204K(157248K)->1438K(157248K) Eden: 139776K(139776K)->0K(139776K) From: 1428K(17472K)->1438K(17472K)
[73.666s][info][gc,heap        ] GC(117) Tenured: 9156K(349568K)->9156K(349568K)
[73.666s][info][gc,metaspace   ] GC(117) Metaspace: 16645K(17344K)->16645K(17344K) NonClass: 14224K(14656K)->14224K(14656K) Class: 2420K(2688K)->2420K(2688K)
[73.666s][info][gc             ] GC(117) Pause Young (Allocation Failure) 146M->10M(494M) 4.004ms
[73.666s][info][gc,cpu         ] GC(117) User=0.00s Sys=0.00s Real=0.00s
[73.682s][info][gc,start       ] GC(118) Pause Young (Allocation Failure)
[73.686s][info][gc,heap        ] GC(118) DefNew: 141214K(157248K)->1460K(157248K) Eden: 139776K(139776K)->0K(139776K) From: 1438K(17472K)->1460K(17472K)
[73.686s][info][gc,heap        ] GC(118) Tenured: 9156K(349568K)->9156K(349568K)
[73.686s][info][gc,metaspace   ] GC(118) Metaspace: 16645K(17344K)->16645K(17344K) NonClass: 14224K(14656K)->14224K(14656K) Class: 2420K(2688K)->2420K(2688K)
[73.686s][info][gc             ] GC(118) Pause Young (Allocation Failure) 146M->10M(494M) 4.076ms
[73.686s][info][gc,cpu         ] GC(118) User=0.00s Sys=0.00s Real=0.00s
[73.702s][info][gc,start       ] GC(119) Pause Young (Allocation Failure)
[73.706s][info][gc,heap        ] GC(119) DefNew: 141236K(157248K)->1412K(157248K) Eden: 139776K(139776K)->0K(139776K) From: 1460K(17472K)->1412K(17472K)
[73.706s][info][gc,heap        ] GC(119) Tenured: 9156K(349568K)->9156K(349568K)
[73.706s][info][gc,metaspace   ] GC(119) Metaspace: 16645K(17344K)->16645K(17344K) NonClass: 14224K(14656K)->14224K(14656K) Class: 2420K(2688K)->2420K(2688K)
[73.706s][info][gc             ] GC(119) Pause Young (Allocation Failure) 146M->10M(494M) 3.963ms
[73.706s][info][gc,cpu         ] GC(119) User=0.00s Sys=0.00s Real=0.00s
[73.722s][info][gc,start       ] GC(120) Pause Young (Allocation Failure)
[73.726s][info][gc,heap        ] GC(120) DefNew: 141188K(157248K)->1305K(157248K) Eden: 139776K(139776K)->0K(139776K) From: 1412K(17472K)->1305K(17472K)
[73.726s][info][gc,heap        ] GC(120) Tenured: 9156K(349568K)->9224K(349568K)
[73.726s][info][gc,metaspace   ] GC(120) Metaspace: 16645K(17344K)->16645K(17344K) NonClass: 14224K(14656K)->14224K(14656K) Class: 2420K(2688K)->2420K(2688K)
[73.726s][info][gc             ] GC(120) Pause Young (Allocation Failure) 146M->10M(494M) 3.925ms
[73.726s][info][gc,cpu         ] GC(120) User=0.00s Sys=0.00s Real=0.00s
[73.745s][info][gc,start       ] GC(121) Pause Young (Allocation Failure)
[73.749s][info][gc,heap        ] GC(121) DefNew: 141081K(157248K)->1235K(157248K) Eden: 139776K(139776K)->0K(139776K) From: 1305K(17472K)->1235K(17472K)
[73.749s][info][gc,heap        ] GC(121) Tenured: 9224K(349568K)->9224K(349568K)
[73.749s][info][gc,metaspace   ] GC(121) Metaspace: 16645K(17344K)->16645K(17344K) NonClass: 14224K(14656K)->14224K(14656K) Class: 2420K(2688K)->2420K(2688K)
[73.749s][info][gc             ] GC(121) Pause Young (Allocation Failure) 146M->10M(494M) 3.587ms
[73.749s][info][gc,cpu         ] GC(121) User=0.00s Sys=0.00s Real=0.00s
[73.768s][info][gc,start       ] GC(122) Pause Young (Allocation Failure)
[73.771s][info][gc,heap        ] GC(122) DefNew: 141011K(157248K)->1179K(157248K) Eden: 139776K(139776K)->0K(139776K) From: 1235K(17472K)->1179K(17472K)
[73.771s][info][gc,heap        ] GC(122) Tenured: 9224K(349568K)->9224K(349568K)
[73.771s][info][gc,metaspace   ] GC(122) Metaspace: 16645K(17344K)->16645K(17344K) NonClass: 14224K(14656K)->14224K(14656K) Class: 2420K(2688K)->2420K(2688K)
[73.771s][info][gc             ] GC(122) Pause Young (Allocation Failure) 146M->10M(494M) 3.485ms
[73.771s][info][gc,cpu         ] GC(122) User=0.00s Sys=0.00s Real=0.00s
[73.791s][info][gc,start       ] GC(123) Pause Young (Allocation Failure)
[73.794s][info][gc,heap        ] GC(123) DefNew: 140955K(157248K)->1222K(157248K) Eden: 139776K(139776K)->0K(139776K) From: 1179K(17472K)->1222K(17472K)
[73.794s][info][gc,heap        ] GC(123) Tenured: 9224K(349568K)->9224K(349568K)
[73.794s][info][gc,metaspace   ] GC(123) Metaspace: 16645K(17344K)->16645K(17344K) NonClass: 14224K(14656K)->14224K(14656K) Class: 2420K(2688K)->2420K(2688K)
[73.794s][info][gc             ] GC(123) Pause Young (Allocation Failure) 146M->10M(494M) 3.499ms
[73.794s][info][gc,cpu         ] GC(123) User=0.00s Sys=0.00s Real=0.00s
[73.813s][info][gc,start       ] GC(124) Pause Young (Allocation Failure)
[73.816s][info][gc,heap        ] GC(124) DefNew: 140998K(157248K)->1147K(157248K) Eden: 139776K(139776K)->0K(139776K) From: 1222K(17472K)->1147K(17472K)
[73.816s][info][gc,heap        ] GC(124) Tenured: 9224K(349568K)->9224K(349568K)
[73.816s][info][gc,metaspace   ] GC(124) Metaspace: 16645K(17344K)->16645K(17344K) NonClass: 14224K(14656K)->14224K(14656K) Class: 2420K(2688K)->2420K(2688K)
[73.816s][info][gc             ] GC(124) Pause Young (Allocation Failure) 146M->10M(494M) 3.345ms
[73.816s][info][gc,cpu         ] GC(124) User=0.00s Sys=0.00s Real=0.00s
[73.835s][info][gc,start       ] GC(125) Pause Young (Allocation Failure)
[73.839s][info][gc,heap        ] GC(125) DefNew: 140923K(157248K)->1126K(157248K) Eden: 139776K(139776K)->0K(139776K) From: 1147K(17472K)->1126K(17472K)
[73.839s][info][gc,heap        ] GC(125) Tenured: 9224K(349568K)->9224K(349568K)
[73.839s][info][gc,metaspace   ] GC(125) Metaspace: 16645K(17344K)->16645K(17344K) NonClass: 14224K(14656K)->14224K(14656K) Class: 2420K(2688K)->2420K(2688K)
[73.839s][info][gc             ] GC(125) Pause Young (Allocation Failure) 146M->10M(494M) 3.326ms
[73.839s][info][gc,cpu         ] GC(125) User=0.00s Sys=0.00s Real=0.00s
[73.858s][info][gc,start       ] GC(126) Pause Young (Allocation Failure)
[73.861s][info][gc,heap        ] GC(126) DefNew: 140902K(157248K)->1165K(157248K) Eden: 139776K(139776K)->0K(139776K) From: 1126K(17472K)->1165K(17472K)
[73.862s][info][gc,heap        ] GC(126) Tenured: 9224K(349568K)->9224K(349568K)
[73.862s][info][gc,metaspace   ] GC(126) Metaspace: 16645K(17344K)->16645K(17344K) NonClass: 14224K(14656K)->14224K(14656K) Class: 2420K(2688K)->2420K(2688K)
[73.862s][info][gc             ] GC(126) Pause Young (Allocation Failure) 146M->10M(494M) 3.456ms
[73.862s][info][gc,cpu         ] GC(126) User=0.00s Sys=0.00s Real=0.00s
[73.881s][info][gc,start       ] GC(127) Pause Young (Allocation Failure)
[73.884s][info][gc,heap        ] GC(127) DefNew: 140941K(157248K)->1073K(157248K) Eden: 139776K(139776K)->0K(139776K) From: 1165K(17472K)->1073K(17472K)
[73.884s][info][gc,heap        ] GC(127) Tenured: 9224K(349568K)->9224K(349568K)
[73.884s][info][gc,metaspace   ] GC(127) Metaspace: 16645K(17344K)->16645K(17344K) NonClass: 14224K(14656K)->14224K(14656K) Class: 2420K(2688K)->2420K(2688K)
[73.884s][info][gc             ] GC(127) Pause Young (Allocation Failure) 146M->10M(494M) 3.213ms
[73.884s][info][gc,cpu         ] GC(127) User=0.00s Sys=0.00s Real=0.00s
[73.903s][info][gc,start       ] GC(128) Pause Young (Allocation Failure)
[73.905s][info][gc,heap        ] GC(128) DefNew: 140849K(157248K)->567K(157248K) Eden: 139776K(139776K)->0K(139776K) From: 1073K(17472K)->567K(17472K)
[73.905s][info][gc,heap        ] GC(128) Tenured: 9224K(349568K)->9224K(349568K)
[73.905s][info][gc,metaspace   ] GC(128) Metaspace: 16645K(17344K)->16645K(17344K) NonClass: 14224K(14656K)->14224K(14656K) Class: 2420K(2688K)->2420K(2688K)
[73.905s][info][gc             ] GC(128) Pause Young (Allocation Failure) 146M->9M(494M) 2.087ms
[73.905s][info][gc,cpu         ] GC(128) User=0.00s Sys=0.00s Real=0.00s
[74.032s][info][gc,start       ] GC(129) Pause Young (Allocation Failure)
[74.294s][info][gc,heap        ] GC(129) DefNew: 140343K(157248K)->17471K(157248K) Eden: 139776K(139776K)->0K(139776K) From: 567K(17472K)->17471K(17472K)
[74.294s][info][gc,heap        ] GC(129) Tenured: 9224K(349568K)->80071K(349568K)
[74.294s][info][gc,metaspace   ] GC(129) Metaspace: 16645K(17344K)->16645K(17344K) NonClass: 14224K(14656K)->14224K(14656K) Class: 2420K(2688K)->2420K(2688K)
[74.294s][info][gc             ] GC(129) Pause Young (Allocation Failure) 146M->95M(494M) 261.243ms
[74.294s][info][gc,cpu         ] GC(129) User=0.25s Sys=0.00s Real=0.25s
[74.448s][info][gc,start       ] GC(130) Pause Young (Allocation Failure)
[74.810s][info][gc,heap        ] GC(130) DefNew: 157247K(157248K)->17471K(157248K) Eden: 139776K(139776K)->0K(139776K) From: 17471K(17472K)->17471K(17472K)
[74.810s][info][gc,heap        ] GC(130) Tenured: 80071K(349568K)->170213K(349568K)
[74.810s][info][gc,metaspace   ] GC(130) Metaspace: 16645K(17344K)->16645K(17344K) NonClass: 14224K(14656K)->14224K(14656K) Class: 2420K(2688K)->2420K(2688K)
[74.810s][info][gc             ] GC(130) Pause Young (Allocation Failure) 231M->183M(494M) 362.672ms
[74.810s][info][gc,cpu         ] GC(130) User=0.36s Sys=0.00s Real=0.36s
[74.964s][info][gc,start       ] GC(131) Pause Young (Allocation Failure)
[75.332s][info][gc,heap        ] GC(131) DefNew: 157247K(157248K)->17472K(157248K) Eden: 139776K(139776K)->0K(139776K) From: 17471K(17472K)->17472K(17472K)
[75.332s][info][gc,heap        ] GC(131) Tenured: 170213K(349568K)->261018K(349568K)
[75.332s][info][gc,metaspace   ] GC(131) Metaspace: 16645K(17344K)->16645K(17344K) NonClass: 14224K(14656K)->14224K(14656K) Class: 2420K(2688K)->2420K(2688K)
[75.333s][info][gc             ] GC(131) Pause Young (Allocation Failure) 319M->271M(494M) 368.030ms
[75.333s][info][gc,cpu         ] GC(131) User=0.39s Sys=0.00s Real=0.38s
[75.490s][info][gc,start       ] GC(132) Pause Young (Allocation Failure)
[75.490s][info][gc             ] GC(132) Pause Young (Allocation Failure) 408M->408M(494M) 0.233ms
[75.490s][info][gc,cpu         ] GC(132) User=0.00s Sys=0.00s Real=0.00s
[75.490s][info][gc,start       ] GC(133) Pause Full (Allocation Failure)
[75.490s][info][gc,phases,start] GC(133) Phase 1: Mark live objects
[76.074s][info][gc,phases      ] GC(133) Phase 1: Mark live objects 583.275ms
[76.074s][info][gc,phases,start] GC(133) Phase 2: Compute new object addresses
[76.233s][info][gc,phases      ] GC(133) Phase 2: Compute new object addresses 158.905ms
[76.233s][info][gc,phases,start] GC(133) Phase 3: Adjust pointers
[76.517s][info][gc,phases      ] GC(133) Phase 3: Adjust pointers 284.703ms
[76.517s][info][gc,phases,start] GC(133) Phase 4: Move objects
[76.645s][info][gc,phases      ] GC(133) Phase 4: Move objects 127.985ms
[76.651s][info][gc,heap        ] GC(133) DefNew: 157248K(157248K)->13850K(157248K) Eden: 139776K(139776K)->13850K(139776K) From: 17472K(17472K)->0K(17472K)
[76.651s][info][gc,heap        ] GC(133) Tenured: 261018K(349568K)->349568K(349568K)
[76.651s][info][gc,metaspace   ] GC(133) Metaspace: 16645K(17344K)->16645K(17344K) NonClass: 14224K(14656K)->14224K(14656K) Class: 2420K(2688K)->2420K(2688K)
[76.651s][info][gc             ] GC(133) Pause Full (Allocation Failure) 408M->354M(494M) 1160.603ms
[76.651s][info][gc,cpu         ] GC(133) User=1.16s Sys=0.00s Real=1.16s
[78.253s][info][gc,start       ] GC(134) Pause Full (Allocation Failure)
[78.253s][info][gc,phases,start] GC(134) Phase 1: Mark live objects
[78.881s][info][gc,phases      ] GC(134) Phase 1: Mark live objects 628.789ms
[78.882s][info][gc,phases,start] GC(134) Phase 2: Compute new object addresses
[79.086s][info][gc,phases      ] GC(134) Phase 2: Compute new object addresses 204.885ms
[79.086s][info][gc,phases,start] GC(134) Phase 3: Adjust pointers
[79.399s][info][gc,phases      ] GC(134) Phase 3: Adjust pointers 312.880ms
[79.399s][info][gc,phases,start] GC(134) Phase 4: Move objects
[79.442s][info][gc,phases      ] GC(134) Phase 4: Move objects 42.514ms
[79.448s][info][gc,heap        ] GC(134) DefNew: 157247K(157248K)->95195K(157248K) Eden: 139776K(139776K)->95195K(139776K) From: 17471K(17472K)->0K(17472K)
[79.448s][info][gc,heap        ] GC(134) Tenured: 349568K(349568K)->349568K(349568K)
[79.448s][info][gc,metaspace   ] GC(134) Metaspace: 16645K(17344K)->16645K(17344K) NonClass: 14224K(14656K)->14224K(14656K) Class: 2420K(2688K)->2420K(2688K)
[79.448s][info][gc             ] GC(134) Pause Full (Allocation Failure) 494M->434M(494M) 1195.353ms
[79.448s][info][gc,cpu         ] GC(134) User=1.19s Sys=0.00s Real=1.19s
[81.155s][info][gc,start       ] GC(135) Pause Full (Allocation Failure)
[81.156s][info][gc,phases,start] GC(135) Phase 1: Mark live objects
[81.173s][info][gc,phases      ] GC(135) Phase 1: Mark live objects 17.610ms
[81.173s][info][gc,phases,start] GC(135) Phase 2: Compute new object addresses
[81.343s][info][gc,phases      ] GC(135) Phase 2: Compute new object addresses 169.250ms
[81.343s][info][gc,phases,start] GC(135) Phase 3: Adjust pointers
[81.349s][info][gc,phases      ] GC(135) Phase 3: Adjust pointers 6.033ms
[81.349s][info][gc,phases,start] GC(135) Phase 4: Move objects
[81.349s][info][gc,phases      ] GC(135) Phase 4: Move objects 0.238ms
[81.349s][info][gc,heap        ] GC(135) DefNew: 157248K(157248K)->0K(157248K) Eden: 139776K(139776K)->0K(139776K) From: 17472K(17472K)->0K(17472K)
[81.349s][info][gc,heap        ] GC(135) Tenured: 349568K(349568K)->7620K(349568K)
[81.349s][info][gc,metaspace   ] GC(135) Metaspace: 16673K(17344K)->16673K(17344K) NonClass: 14252K(14656K)->14252K(14656K) Class: 2420K(2688K)->2420K(2688K)
[81.349s][info][gc             ] GC(135) Pause Full (Allocation Failure) 494M->7M(494M) 193.670ms
[81.349s][info][gc,cpu         ] GC(135) User=0.20s Sys=0.00s Real=0.20s
[87.015s][info][gc,start       ] GC(136) Pause Young (Allocation Failure)
[87.166s][info][gc,heap        ] GC(136) DefNew: 139776K(157248K)->17472K(157248K) Eden: 139776K(139776K)->0K(139776K) From: 0K(17472K)->17472K(17472K)
[87.166s][info][gc,heap        ] GC(136) Tenured: 7620K(349568K)->44293K(349568K)
[87.166s][info][gc,metaspace   ] GC(136) Metaspace: 16673K(17344K)->16673K(17344K) NonClass: 14252K(14656K)->14252K(14656K) Class: 2420K(2688K)->2420K(2688K)
[87.166s][info][gc             ] GC(136) Pause Young (Allocation Failure) 143M->60M(494M) 151.015ms
[87.166s][info][gc,cpu         ] GC(136) User=0.14s Sys=0.00s Real=0.14s
[87.295s][info][gc,start       ] GC(137) Pause Young (Allocation Failure)
[87.551s][info][gc,heap        ] GC(137) DefNew: 157248K(157248K)->17472K(157248K) Eden: 139776K(139776K)->0K(139776K) From: 17472K(17472K)->17472K(17472K)
[87.551s][info][gc,heap        ] GC(137) Tenured: 44293K(349568K)->102503K(349568K)
[87.551s][info][gc,metaspace   ] GC(137) Metaspace: 16673K(17344K)->16673K(17344K) NonClass: 14252K(14656K)->14252K(14656K) Class: 2420K(2688K)->2420K(2688K)
[87.551s][info][gc             ] GC(137) Pause Young (Allocation Failure) 196M->117M(494M) 255.719ms
[87.551s][info][gc,cpu         ] GC(137) User=0.28s Sys=0.00s Real=0.27s
[87.678s][info][gc,start       ] GC(138) Pause Young (Allocation Failure)
[87.904s][info][gc,heap        ] GC(138) DefNew: 157248K(157248K)->17472K(157248K) Eden: 139776K(139776K)->0K(139776K) From: 17472K(17472K)->17472K(17472K)
[87.904s][info][gc,heap        ] GC(138) Tenured: 102503K(349568K)->159438K(349568K)
[87.904s][info][gc,metaspace   ] GC(138) Metaspace: 16673K(17344K)->16673K(17344K) NonClass: 14252K(14656K)->14252K(14656K) Class: 2420K(2688K)->2420K(2688K)
[87.904s][info][gc             ] GC(138) Pause Young (Allocation Failure) 253M->172M(494M) 226.045ms
[87.904s][info][gc,cpu         ] GC(138) User=0.22s Sys=0.00s Real=0.22s
[88.035s][info][gc,start       ] GC(139) Pause Young (Allocation Failure)
[88.283s][info][gc,heap        ] GC(139) DefNew: 157248K(157248K)->17472K(157248K) Eden: 139776K(139776K)->0K(139776K) From: 17472K(17472K)->17472K(17472K)
[88.283s][info][gc,heap        ] GC(139) Tenured: 159438K(349568K)->218527K(349568K)
[88.283s][info][gc,metaspace   ] GC(139) Metaspace: 16673K(17344K)->16673K(17344K) NonClass: 14252K(14656K)->14252K(14656K) Class: 2420K(2688K)->2420K(2688K)
[88.283s][info][gc             ] GC(139) Pause Young (Allocation Failure) 309M->230M(494M) 247.781ms
[88.283s][info][gc,cpu         ] GC(139) User=0.23s Sys=0.00s Real=0.23s
[88.413s][info][gc,start       ] GC(140) Pause Young (Allocation Failure)
[88.648s][info][gc,heap        ] GC(140) DefNew: 157248K(157248K)->17472K(157248K) Eden: 139776K(139776K)->0K(139776K) From: 17472K(17472K)->17472K(17472K)
[88.648s][info][gc,heap        ] GC(140) Tenured: 218527K(349568K)->277540K(349568K)
[88.648s][info][gc,metaspace   ] GC(140) Metaspace: 16673K(17344K)->16673K(17344K) NonClass: 14252K(14656K)->14252K(14656K) Class: 2420K(2688K)->2420K(2688K)
[88.648s][info][gc             ] GC(140) Pause Young (Allocation Failure) 366M->288M(494M) 234.974ms
[88.648s][info][gc,cpu         ] GC(140) User=0.23s Sys=0.00s Real=0.23s
[88.782s][info][gc,start       ] GC(141) Pause Young (Allocation Failure)
[88.782s][info][gc             ] GC(141) Pause Young (Allocation Failure) 424M->424M(494M) 0.118ms
[88.782s][info][gc,cpu         ] GC(141) User=0.00s Sys=0.00s Real=0.00s
[88.782s][info][gc,start       ] GC(142) Pause Full (Allocation Failure)
[88.782s][info][gc,phases,start] GC(142) Phase 1: Mark live objects
[89.312s][info][gc,phases      ] GC(142) Phase 1: Mark live objects 530.273ms
[89.312s][info][gc,phases,start] GC(142) Phase 2: Compute new object addresses
[89.463s][info][gc,phases      ] GC(142) Phase 2: Compute new object addresses 150.937ms
[89.463s][info][gc,phases,start] GC(142) Phase 3: Adjust pointers
[89.741s][info][gc,phases      ] GC(142) Phase 3: Adjust pointers 277.900ms
[89.741s][info][gc,phases,start] GC(142) Phase 4: Move objects
[89.780s][info][gc,phases      ] GC(142) Phase 4: Move objects 38.706ms
[89.780s][info][gc,heap        ] GC(142) DefNew: 157248K(157248K)->3876K(157248K) Eden: 139776K(139776K)->3876K(139776K) From: 17472K(17472K)->0K(17472K)
[89.780s][info][gc,heap        ] GC(142) Tenured: 277540K(349568K)->349568K(349568K)
[89.780s][info][gc,metaspace   ] GC(142) Metaspace: 16673K(17344K)->16673K(17344K) NonClass: 14252K(14656K)->14252K(14656K) Class: 2420K(2688K)->2420K(2688K)
[89.780s][info][gc             ] GC(142) Pause Full (Allocation Failure) 424M->345M(494M) 998.358ms
[89.780s][info][gc,cpu         ] GC(142) User=1.00s Sys=0.00s Real=1.01s
[89.979s][info][gc,start       ] GC(143) Pause Full (Allocation Failure)
[89.979s][info][gc,phases,start] GC(143) Phase 1: Mark live objects
[90.608s][info][gc,phases      ] GC(143) Phase 1: Mark live objects 628.855ms
[90.608s][info][gc,phases,start] GC(143) Phase 2: Compute new object addresses
[90.782s][info][gc,phases      ] GC(143) Phase 2: Compute new object addresses 173.606ms
[90.782s][info][gc,phases,start] GC(143) Phase 3: Adjust pointers
[91.123s][info][gc,phases      ] GC(143) Phase 3: Adjust pointers 340.913ms
[91.123s][info][gc,phases,start] GC(143) Phase 4: Move objects
[91.283s][info][gc,phases      ] GC(143) Phase 4: Move objects 160.358ms
[91.283s][info][gc,heap        ] GC(143) DefNew: 157247K(157248K)->56615K(157248K) Eden: 139776K(139776K)->56615K(139776K) From: 17471K(17472K)->0K(17472K)
[91.283s][info][gc,heap        ] GC(143) Tenured: 349568K(349568K)->349567K(349568K)
[91.283s][info][gc,metaspace   ] GC(143) Metaspace: 16673K(17344K)->16673K(17344K) NonClass: 14252K(14656K)->14252K(14656K) Class: 2420K(2688K)->2420K(2688K)
[91.283s][info][gc             ] GC(143) Pause Full (Allocation Failure) 494M->396M(494M) 1304.428ms
[91.283s][info][gc,cpu         ] GC(143) User=1.31s Sys=0.00s Real=1.31s
[91.555s][info][gc,start       ] GC(144) Pause Full (Allocation Failure)
[91.555s][info][gc,phases,start] GC(144) Phase 1: Mark live objects
[92.174s][info][gc,phases      ] GC(144) Phase 1: Mark live objects 618.900ms
[92.174s][info][gc,phases,start] GC(144) Phase 2: Compute new object addresses
[92.360s][info][gc,phases      ] GC(144) Phase 2: Compute new object addresses 185.854ms
[92.360s][info][gc,phases,start] GC(144) Phase 3: Adjust pointers
[92.707s][info][gc,phases      ] GC(144) Phase 3: Adjust pointers 346.518ms
[92.707s][info][gc,phases,start] GC(144) Phase 4: Move objects
[92.754s][info][gc,phases      ] GC(144) Phase 4: Move objects 47.425ms
[92.755s][info][gc,heap        ] GC(144) DefNew: 157247K(157248K)->110119K(157248K) Eden: 139776K(139776K)->110119K(139776K) From: 17471K(17472K)->0K(17472K)
[92.755s][info][gc,heap        ] GC(144) Tenured: 349568K(349568K)->349568K(349568K)
[92.755s][info][gc,metaspace   ] GC(144) Metaspace: 16673K(17344K)->16673K(17344K) NonClass: 14252K(14656K)->14252K(14656K) Class: 2420K(2688K)->2420K(2688K)
[92.755s][info][gc             ] GC(144) Pause Full (Allocation Failure) 494M->448M(494M) 1199.389ms
[92.755s][info][gc,cpu         ] GC(144) User=1.20s Sys=0.00s Real=1.20s
[93.265s][info][gc,start       ] GC(145) Pause Full (Allocation Failure)
[93.265s][info][gc,phases,start] GC(145) Phase 1: Mark live objects
[93.893s][info][gc,phases      ] GC(145) Phase 1: Mark live objects 627.965ms
[93.893s][info][gc,phases,start] GC(145) Phase 2: Compute new object addresses
[94.087s][info][gc,phases      ] GC(145) Phase 2: Compute new object addresses 193.675ms
[94.087s][info][gc,phases,start] GC(145) Phase 3: Adjust pointers
[94.446s][info][gc,phases      ] GC(145) Phase 3: Adjust pointers 358.953ms
[94.446s][info][gc,phases,start] GC(145) Phase 4: Move objects
[94.493s][info][gc,phases      ] GC(145) Phase 4: Move objects 47.222ms
[94.494s][info][gc,heap        ] GC(145) DefNew: 157247K(157248K)->124460K(157248K) Eden: 139776K(139776K)->124460K(139776K) From: 17471K(17472K)->0K(17472K)
[94.494s][info][gc,heap        ] GC(145) Tenured: 349568K(349568K)->349568K(349568K)
[94.494s][info][gc,metaspace   ] GC(145) Metaspace: 16673K(17344K)->16673K(17344K) NonClass: 14252K(14656K)->14252K(14656K) Class: 2420K(2688K)->2420K(2688K)
[94.494s][info][gc             ] GC(145) Pause Full (Allocation Failure) 494M->462M(494M) 1228.504ms
[94.494s][info][gc,cpu         ] GC(145) User=1.23s Sys=0.00s Real=1.23s
[94.607s][info][gc,start       ] GC(146) Pause Full (Allocation Failure)
[94.607s][info][gc,phases,start] GC(146) Phase 1: Mark live objects
[95.227s][info][gc,phases      ] GC(146) Phase 1: Mark live objects 620.503ms
[95.227s][info][gc,phases,start] GC(146) Phase 2: Compute new object addresses
[95.420s][info][gc,phases      ] GC(146) Phase 2: Compute new object addresses 192.338ms
[95.420s][info][gc,phases,start] GC(146) Phase 3: Adjust pointers
[95.759s][info][gc,phases      ] GC(146) Phase 3: Adjust pointers 339.114ms
[95.759s][info][gc,phases,start] GC(146) Phase 4: Move objects
[95.806s][info][gc,phases      ] GC(146) Phase 4: Move objects 47.475ms
[95.807s][info][gc,heap        ] GC(146) DefNew: 157247K(157248K)->122047K(157248K) Eden: 139776K(139776K)->122047K(139776K) From: 17471K(17472K)->0K(17472K)
[95.807s][info][gc,heap        ] GC(146) Tenured: 349568K(349568K)->349568K(349568K)
[95.807s][info][gc,metaspace   ] GC(146) Metaspace: 16673K(17344K)->16673K(17344K) NonClass: 14252K(14656K)->14252K(14656K) Class: 2420K(2688K)->2420K(2688K)
[95.807s][info][gc             ] GC(146) Pause Full (Allocation Failure) 494M->460M(494M) 1200.054ms
[95.807s][info][gc,cpu         ] GC(146) User=1.20s Sys=0.00s Real=1.20s
[95.931s][info][gc,start       ] GC(147) Pause Full (Allocation Failure)
[95.931s][info][gc,phases,start] GC(147) Phase 1: Mark live objects
[96.520s][info][gc,phases      ] GC(147) Phase 1: Mark live objects 588.851ms
[96.520s][info][gc,phases,start] GC(147) Phase 2: Compute new object addresses
[96.708s][info][gc,phases      ] GC(147) Phase 2: Compute new object addresses 188.071ms
[96.708s][info][gc,phases,start] GC(147) Phase 3: Adjust pointers
[97.075s][info][gc,phases      ] GC(147) Phase 3: Adjust pointers 366.705ms
[97.075s][info][gc,phases,start] GC(147) Phase 4: Move objects
[97.233s][info][gc,phases      ] GC(147) Phase 4: Move objects 158.131ms
[97.233s][info][gc,heap        ] GC(147) DefNew: 157248K(157248K)->108835K(157248K) Eden: 139776K(139776K)->108835K(139776K) From: 17472K(17472K)->0K(17472K)
[97.233s][info][gc,heap        ] GC(147) Tenured: 349568K(349568K)->349567K(349568K)
[97.233s][info][gc,metaspace   ] GC(147) Metaspace: 16673K(17344K)->16673K(17344K) NonClass: 14252K(14656K)->14252K(14656K) Class: 2420K(2688K)->2420K(2688K)
[97.233s][info][gc             ] GC(147) Pause Full (Allocation Failure) 494M->447M(494M) 1302.434ms
[97.233s][info][gc,cpu         ] GC(147) User=1.31s Sys=0.00s Real=1.31s
[97.380s][info][gc,start       ] GC(148) Pause Full (Allocation Failure)
[97.380s][info][gc,phases,start] GC(148) Phase 1: Mark live objects
[97.950s][info][gc,phases      ] GC(148) Phase 1: Mark live objects 570.054ms
[97.950s][info][gc,phases,start] GC(148) Phase 2: Compute new object addresses
[98.140s][info][gc,phases      ] GC(148) Phase 2: Compute new object addresses 190.510ms
[98.140s][info][gc,phases,start] GC(148) Phase 3: Adjust pointers
[98.447s][info][gc,phases      ] GC(148) Phase 3: Adjust pointers 306.662ms
[98.458s][info][gc,phases,start] GC(148) Phase 4: Move objects
[98.514s][info][gc,phases      ] GC(148) Phase 4: Move objects 55.593ms
[98.514s][info][gc,heap        ] GC(148) DefNew: 157247K(157248K)->105027K(157248K) Eden: 139776K(139776K)->105027K(139776K) From: 17471K(17472K)->0K(17472K)
[98.514s][info][gc,heap        ] GC(148) Tenured: 349567K(349568K)->349567K(349568K)
[98.514s][info][gc,metaspace   ] GC(148) Metaspace: 16673K(17344K)->16673K(17344K) NonClass: 14252K(14656K)->14252K(14656K) Class: 2420K(2688K)->2420K(2688K)
[98.514s][info][gc             ] GC(148) Pause Full (Allocation Failure) 494M->443M(494M) 1134.461ms
[98.514s][info][gc,cpu         ] GC(148) User=1.13s Sys=0.00s Real=1.14s
[98.665s][info][gc,start       ] GC(149) Pause Full (Allocation Failure)
[98.665s][info][gc,phases,start] GC(149) Phase 1: Mark live objects
[99.212s][info][gc,phases      ] GC(149) Phase 1: Mark live objects 546.229ms
[99.212s][info][gc,phases,start] GC(149) Phase 2: Compute new object addresses
[99.401s][info][gc,phases      ] GC(149) Phase 2: Compute new object addresses 189.227ms
[99.401s][info][gc,phases,start] GC(149) Phase 3: Adjust pointers
[99.697s][info][gc,phases      ] GC(149) Phase 3: Adjust pointers 295.652ms
[99.697s][info][gc,phases,start] GC(149) Phase 4: Move objects
[99.736s][info][gc,phases      ] GC(149) Phase 4: Move objects 39.711ms
[99.737s][info][gc,heap        ] GC(149) DefNew: 157247K(157248K)->100763K(157248K) Eden: 139776K(139776K)->100763K(139776K) From: 17471K(17472K)->0K(17472K)
[99.737s][info][gc,heap        ] GC(149) Tenured: 349567K(349568K)->349567K(349568K)
[99.737s][info][gc,metaspace   ] GC(149) Metaspace: 16673K(17344K)->16673K(17344K) NonClass: 14252K(14656K)->14252K(14656K) Class: 2420K(2688K)->2420K(2688K)
[99.737s][info][gc             ] GC(149) Pause Full (Allocation Failure) 494M->439M(494M) 1071.465ms
[99.737s][info][gc,cpu         ] GC(149) User=1.08s Sys=0.00s Real=1.07s
[99.887s][info][gc,start       ] GC(150) Pause Full (Allocation Failure)
[99.887s][info][gc,phases,start] GC(150) Phase 1: Mark live objects
[100.433s][info][gc,phases      ] GC(150) Phase 1: Mark live objects 545.883ms
[100.433s][info][gc,phases,start] GC(150) Phase 2: Compute new object addresses
[100.619s][info][gc,phases      ] GC(150) Phase 2: Compute new object addresses 185.879ms
[100.619s][info][gc,phases,start] GC(150) Phase 3: Adjust pointers
[100.889s][info][gc,phases      ] GC(150) Phase 3: Adjust pointers 269.597ms
[100.889s][info][gc,phases,start] GC(150) Phase 4: Move objects
[100.926s][info][gc,phases      ] GC(150) Phase 4: Move objects 37.453ms
[100.926s][info][gc,heap        ] GC(150) DefNew: 157247K(157248K)->95985K(157248K) Eden: 139776K(139776K)->95985K(139776K) From: 17471K(17472K)->0K(17472K)
[100.927s][info][gc,heap        ] GC(150) Tenured: 349567K(349568K)->349567K(349568K)
[100.927s][info][gc,metaspace   ] GC(150) Metaspace: 16673K(17344K)->16673K(17344K) NonClass: 14252K(14656K)->14252K(14656K) Class: 2420K(2688K)->2420K(2688K)
[100.927s][info][gc             ] GC(150) Pause Full (Allocation Failure) 494M->435M(494M) 1039.474ms
[100.927s][info][gc,cpu         ] GC(150) User=1.05s Sys=0.00s Real=1.05s
[101.090s][info][gc,start       ] GC(151) Pause Full (Allocation Failure)
[101.090s][info][gc,phases,start] GC(151) Phase 1: Mark live objects
[101.586s][info][gc,phases      ] GC(151) Phase 1: Mark live objects 496.326ms
[101.586s][info][gc,phases,start] GC(151) Phase 2: Compute new object addresses
[101.766s][info][gc,phases      ] GC(151) Phase 2: Compute new object addresses 179.095ms
[101.766s][info][gc,phases,start] GC(151) Phase 3: Adjust pointers
[102.044s][info][gc,phases      ] GC(151) Phase 3: Adjust pointers 278.198ms
[102.044s][info][gc,phases,start] GC(151) Phase 4: Move objects
[102.186s][info][gc,phases      ] GC(151) Phase 4: Move objects 142.058ms
[102.186s][info][gc,heap        ] GC(151) DefNew: 157247K(157248K)->71053K(157248K) Eden: 139776K(139776K)->71053K(139776K) From: 17471K(17472K)->0K(17472K)
[102.186s][info][gc,heap        ] GC(151) Tenured: 349567K(349568K)->349568K(349568K)
[102.186s][info][gc,metaspace   ] GC(151) Metaspace: 16673K(17344K)->16673K(17344K) NonClass: 14252K(14656K)->14252K(14656K) Class: 2420K(2688K)->2420K(2688K)
[102.186s][info][gc             ] GC(151) Pause Full (Allocation Failure) 494M->410M(494M) 1096.322ms
[102.186s][info][gc,cpu         ] GC(151) User=1.09s Sys=0.00s Real=1.09s
[102.368s][info][gc,start       ] GC(152) Pause Full (Allocation Failure)
[102.368s][info][gc,phases,start] GC(152) Phase 1: Mark live objects
[102.828s][info][gc,phases      ] GC(152) Phase 1: Mark live objects 459.925ms
[102.828s][info][gc,phases,start] GC(152) Phase 2: Compute new object addresses
[103.007s][info][gc,phases      ] GC(152) Phase 2: Compute new object addresses 178.978ms
[103.007s][info][gc,phases,start] GC(152) Phase 3: Adjust pointers
[103.232s][info][gc,phases      ] GC(152) Phase 3: Adjust pointers 225.110ms
[103.232s][info][gc,phases,start] GC(152) Phase 4: Move objects
[103.257s][info][gc,phases      ] GC(152) Phase 4: Move objects 25.472ms
[103.258s][info][gc,heap        ] GC(152) DefNew: 157247K(157248K)->63446K(157248K) Eden: 139776K(139776K)->63446K(139776K) From: 17471K(17472K)->0K(17472K)
[103.258s][info][gc,heap        ] GC(152) Tenured: 349568K(349568K)->349568K(349568K)
[103.258s][info][gc,metaspace   ] GC(152) Metaspace: 16673K(17344K)->16673K(17344K) NonClass: 14252K(14656K)->14252K(14656K) Class: 2420K(2688K)->2420K(2688K)
[103.258s][info][gc             ] GC(152) Pause Full (Allocation Failure) 494M->403M(494M) 890.136ms
[103.258s][info][gc,cpu         ] GC(152) User=0.89s Sys=0.00s Real=0.89s
[103.425s][info][gc,start       ] GC(153) Pause Full (Allocation Failure)
[103.425s][info][gc,phases,start] GC(153) Phase 1: Mark live objects
[103.848s][info][gc,phases      ] GC(153) Phase 1: Mark live objects 422.119ms
[103.848s][info][gc,phases,start] GC(153) Phase 2: Compute new object addresses
[104.021s][info][gc,phases      ] GC(153) Phase 2: Compute new object addresses 173.481ms
[104.021s][info][gc,phases,start] GC(153) Phase 3: Adjust pointers
[104.235s][info][gc,phases      ] GC(153) Phase 3: Adjust pointers 213.735ms
[104.235s][info][gc,phases,start] GC(153) Phase 4: Move objects
[104.255s][info][gc,phases      ] GC(153) Phase 4: Move objects 20.247ms
[104.256s][info][gc,heap        ] GC(153) DefNew: 157247K(157248K)->54670K(157248K) Eden: 139776K(139776K)->54670K(139776K) From: 17471K(17472K)->0K(17472K)
[104.256s][info][gc,heap        ] GC(153) Tenured: 349568K(349568K)->349568K(349568K)
[104.256s][info][gc,metaspace   ] GC(153) Metaspace: 16673K(17344K)->16673K(17344K) NonClass: 14252K(14656K)->14252K(14656K) Class: 2420K(2688K)->2420K(2688K)
[104.256s][info][gc             ] GC(153) Pause Full (Allocation Failure) 494M->394M(494M) 830.215ms
[104.256s][info][gc,cpu         ] GC(153) User=0.83s Sys=0.00s Real=0.83s
[105.338s][info][gc,start       ] GC(154) Pause Full (Allocation Failure)
[105.338s][info][gc,phases,start] GC(154) Phase 1: Mark live objects
[105.361s][info][gc,phases      ] GC(154) Phase 1: Mark live objects 23.417ms
[105.366s][info][gc,phases,start] GC(154) Phase 2: Compute new object addresses
[105.513s][info][gc,phases      ] GC(154) Phase 2: Compute new object addresses 146.385ms
[105.513s][info][gc,phases,start] GC(154) Phase 3: Adjust pointers
[105.520s][info][gc,phases      ] GC(154) Phase 3: Adjust pointers 6.963ms
[105.520s][info][gc,phases,start] GC(154) Phase 4: Move objects
[105.521s][info][gc,phases      ] GC(154) Phase 4: Move objects 1.021ms
[105.521s][info][gc,heap        ] GC(154) DefNew: 157247K(157248K)->0K(157248K) Eden: 139776K(139776K)->0K(139776K) From: 17471K(17472K)->0K(17472K)
[105.521s][info][gc,heap        ] GC(154) Tenured: 349568K(349568K)->17627K(349568K)
[105.521s][info][gc,metaspace   ] GC(154) Metaspace: 16674K(17344K)->16674K(17344K) NonClass: 14254K(14656K)->14254K(14656K) Class: 2420K(2688K)->2420K(2688K)
[105.521s][info][gc             ] GC(154) Pause Full (Allocation Failure) 494M->17M(494M) 183.222ms
[105.521s][info][gc,cpu         ] GC(154) User=0.16s Sys=0.00s Real=0.18s
[106.157s][info][gc,start       ] GC(155) Pause Full (System.gc())
[106.157s][info][gc,phases,start] GC(155) Phase 1: Mark live objects
[106.176s][info][gc,phases      ] GC(155) Phase 1: Mark live objects 18.693ms
[106.176s][info][gc,phases,start] GC(155) Phase 2: Compute new object addresses
[106.197s][info][gc,phases      ] GC(155) Phase 2: Compute new object addresses 21.013ms
[106.197s][info][gc,phases,start] GC(155) Phase 3: Adjust pointers
[106.202s][info][gc,phases      ] GC(155) Phase 3: Adjust pointers 5.852ms
[106.203s][info][gc,phases,start] GC(155) Phase 4: Move objects
[106.203s][info][gc,phases      ] GC(155) Phase 4: Move objects 0.501ms
[106.203s][info][gc,heap        ] GC(155) DefNew: 41400K(157248K)->0K(157248K) Eden: 41400K(139776K)->0K(139776K) From: 0K(17472K)->0K(17472K)
[106.203s][info][gc,heap        ] GC(155) Tenured: 17627K(349568K)->9359K(349568K)
[106.203s][info][gc,metaspace   ] GC(155) Metaspace: 16674K(17344K)->16674K(17344K) NonClass: 14254K(14656K)->14254K(14656K) Class: 2420K(2688K)->2420K(2688K)
[106.203s][info][gc             ] GC(155) Pause Full (System.gc()) 57M->9M(494M) 46.477ms
[106.203s][info][gc,cpu         ] GC(155) User=0.05s Sys=0.00s Real=0.05s
[107.965s][info][gc,start       ] GC(156) Pause Young (Allocation Failure)
[107.972s][info][gc,heap        ] GC(156) DefNew: 139776K(157248K)->1452K(157248K) Eden: 139776K(139776K)->0K(139776K) From: 0K(17472K)->1452K(17472K)
[107.972s][info][gc,heap        ] GC(156) Tenured: 9359K(349568K)->9359K(349568K)
[107.972s][info][gc,metaspace   ] GC(156) Metaspace: 16675K(17344K)->16675K(17344K) NonClass: 14255K(14656K)->14255K(14656K) Class: 2420K(2688K)->2420K(2688K)
[107.972s][info][gc             ] GC(156) Pause Young (Allocation Failure) 145M->10M(494M) 6.446ms
[107.972s][info][gc,cpu         ] GC(156) User=0.00s Sys=0.00s Real=0.00s
[107.994s][info][gc,start       ] GC(157) Pause Young (Allocation Failure)
[107.999s][info][gc,heap        ] GC(157) DefNew: 141228K(157248K)->1428K(157248K) Eden: 139776K(139776K)->0K(139776K) From: 1452K(17472K)->1428K(17472K)
[107.999s][info][gc,heap        ] GC(157) Tenured: 9359K(349568K)->9359K(349568K)
[107.999s][info][gc,metaspace   ] GC(157) Metaspace: 16675K(17344K)->16675K(17344K) NonClass: 14255K(14656K)->14255K(14656K) Class: 2420K(2688K)->2420K(2688K)
[107.999s][info][gc             ] GC(157) Pause Young (Allocation Failure) 147M->10M(494M) 5.262ms
[107.999s][info][gc,cpu         ] GC(157) User=0.00s Sys=0.00s Real=0.00s
[108.017s][info][gc,start       ] GC(158) Pause Young (Allocation Failure)
[108.021s][info][gc,heap        ] GC(158) DefNew: 141204K(157248K)->1520K(157248K) Eden: 139776K(139776K)->0K(139776K) From: 1428K(17472K)->1520K(17472K)
[108.021s][info][gc,heap        ] GC(158) Tenured: 9359K(349568K)->9359K(349568K)
[108.021s][info][gc,metaspace   ] GC(158) Metaspace: 16675K(17344K)->16675K(17344K) NonClass: 14255K(14656K)->14255K(14656K) Class: 2420K(2688K)->2420K(2688K)
[108.021s][info][gc             ] GC(158) Pause Young (Allocation Failure) 147M->10M(494M) 4.358ms
[108.021s][info][gc,cpu         ] GC(158) User=0.00s Sys=0.00s Real=0.00s
[108.037s][info][gc,start       ] GC(159) Pause Young (Allocation Failure)
[108.041s][info][gc,heap        ] GC(159) DefNew: 141296K(157248K)->1534K(157248K) Eden: 139776K(139776K)->0K(139776K) From: 1520K(17472K)->1534K(17472K)
[108.041s][info][gc,heap        ] GC(159) Tenured: 9359K(349568K)->9359K(349568K)
[108.041s][info][gc,metaspace   ] GC(159) Metaspace: 16675K(17344K)->16675K(17344K) NonClass: 14255K(14656K)->14255K(14656K) Class: 2420K(2688K)->2420K(2688K)
[108.041s][info][gc             ] GC(159) Pause Young (Allocation Failure) 147M->10M(494M) 4.520ms
[108.041s][info][gc,cpu         ] GC(159) User=0.02s Sys=0.02s Real=0.02s
[108.058s][info][gc,start       ] GC(160) Pause Young (Allocation Failure)
[108.062s][info][gc,heap        ] GC(160) DefNew: 141310K(157248K)->1548K(157248K) Eden: 139776K(139776K)->0K(139776K) From: 1534K(17472K)->1548K(17472K)
[108.062s][info][gc,heap        ] GC(160) Tenured: 9359K(349568K)->9359K(349568K)
[108.062s][info][gc,metaspace   ] GC(160) Metaspace: 16675K(17344K)->16675K(17344K) NonClass: 14255K(14656K)->14255K(14656K) Class: 2420K(2688K)->2420K(2688K)
[108.062s][info][gc             ] GC(160) Pause Young (Allocation Failure) 147M->10M(494M) 4.444ms
[108.062s][info][gc,cpu         ] GC(160) User=0.00s Sys=0.00s Real=0.00s
[108.078s][info][gc,start       ] GC(161) Pause Young (Allocation Failure)
[108.082s][info][gc,heap        ] GC(161) DefNew: 141324K(157248K)->1503K(157248K) Eden: 139776K(139776K)->0K(139776K) From: 1548K(17472K)->1503K(17472K)
[108.082s][info][gc,heap        ] GC(161) Tenured: 9359K(349568K)->9359K(349568K)
[108.082s][info][gc,metaspace   ] GC(161) Metaspace: 16675K(17344K)->16675K(17344K) NonClass: 14255K(14656K)->14255K(14656K) Class: 2420K(2688K)->2420K(2688K)
[108.082s][info][gc             ] GC(161) Pause Young (Allocation Failure) 147M->10M(494M) 4.181ms
[108.082s][info][gc,cpu         ] GC(161) User=0.00s Sys=0.00s Real=0.00s
[108.097s][info][gc,start       ] GC(162) Pause Young (Allocation Failure)
[108.101s][info][gc,heap        ] GC(162) DefNew: 141279K(157248K)->1548K(157248K) Eden: 139776K(139776K)->0K(139776K) From: 1503K(17472K)->1548K(17472K)
[108.101s][info][gc,heap        ] GC(162) Tenured: 9359K(349568K)->9359K(349568K)
[108.101s][info][gc,metaspace   ] GC(162) Metaspace: 16675K(17344K)->16675K(17344K) NonClass: 14255K(14656K)->14255K(14656K) Class: 2420K(2688K)->2420K(2688K)
[108.101s][info][gc             ] GC(162) Pause Young (Allocation Failure) 147M->10M(494M) 4.239ms
[108.101s][info][gc,cpu         ] GC(162) User=0.02s Sys=0.00s Real=0.01s
[108.116s][info][gc,start       ] GC(163) Pause Young (Allocation Failure)
[108.120s][info][gc,heap        ] GC(163) DefNew: 141324K(157248K)->1539K(157248K) Eden: 139776K(139776K)->0K(139776K) From: 1548K(17472K)->1539K(17472K)
[108.120s][info][gc,heap        ] GC(163) Tenured: 9359K(349568K)->9359K(349568K)
[108.120s][info][gc,metaspace   ] GC(163) Metaspace: 16675K(17344K)->16675K(17344K) NonClass: 14255K(14656K)->14255K(14656K) Class: 2420K(2688K)->2420K(2688K)
[108.120s][info][gc             ] GC(163) Pause Young (Allocation Failure) 147M->10M(494M) 4.195ms
[108.120s][info][gc,cpu         ] GC(163) User=0.02s Sys=0.00s Real=0.02s
[108.135s][info][gc,start       ] GC(164) Pause Young (Allocation Failure)
[108.139s][info][gc,heap        ] GC(164) DefNew: 141315K(157248K)->1510K(157248K) Eden: 139776K(139776K)->0K(139776K) From: 1539K(17472K)->1510K(17472K)
[108.139s][info][gc,heap        ] GC(164) Tenured: 9359K(349568K)->9359K(349568K)
[108.139s][info][gc,metaspace   ] GC(164) Metaspace: 16675K(17344K)->16675K(17344K) NonClass: 14255K(14656K)->14255K(14656K) Class: 2420K(2688K)->2420K(2688K)
[108.139s][info][gc             ] GC(164) Pause Young (Allocation Failure) 147M->10M(494M) 4.142ms
[108.139s][info][gc,cpu         ] GC(164) User=0.02s Sys=0.00s Real=0.02s
[108.154s][info][gc,start       ] GC(165) Pause Young (Allocation Failure)
[108.158s][info][gc,heap        ] GC(165) DefNew: 141286K(157248K)->1592K(157248K) Eden: 139776K(139776K)->0K(139776K) From: 1510K(17472K)->1592K(17472K)
[108.158s][info][gc,heap        ] GC(165) Tenured: 9359K(349568K)->9359K(349568K)
[108.158s][info][gc,metaspace   ] GC(165) Metaspace: 16675K(17344K)->16675K(17344K) NonClass: 14255K(14656K)->14255K(14656K) Class: 2420K(2688K)->2420K(2688K)
[108.158s][info][gc             ] GC(165) Pause Young (Allocation Failure) 147M->10M(494M) 4.268ms
[108.159s][info][gc,cpu         ] GC(165) User=0.00s Sys=0.00s Real=0.00s
[108.173s][info][gc,start       ] GC(166) Pause Young (Allocation Failure)
[108.178s][info][gc,heap        ] GC(166) DefNew: 141368K(157248K)->1532K(157248K) Eden: 139776K(139776K)->0K(139776K) From: 1592K(17472K)->1532K(17472K)
[108.178s][info][gc,heap        ] GC(166) Tenured: 9359K(349568K)->9359K(349568K)
[108.178s][info][gc,metaspace   ] GC(166) Metaspace: 16675K(17344K)->16675K(17344K) NonClass: 14255K(14656K)->14255K(14656K) Class: 2420K(2688K)->2420K(2688K)
[108.178s][info][gc             ] GC(166) Pause Young (Allocation Failure) 147M->10M(494M) 4.218ms
[108.178s][info][gc,cpu         ] GC(166) User=0.02s Sys=0.00s Real=0.02s
[108.193s][info][gc,start       ] GC(167) Pause Young (Allocation Failure)
[108.197s][info][gc,heap        ] GC(167) DefNew: 141308K(157248K)->1559K(157248K) Eden: 139776K(139776K)->0K(139776K) From: 1532K(17472K)->1559K(17472K)
[108.197s][info][gc,heap        ] GC(167) Tenured: 9359K(349568K)->9359K(349568K)
[108.197s][info][gc,metaspace   ] GC(167) Metaspace: 16675K(17344K)->16675K(17344K) NonClass: 14255K(14656K)->14255K(14656K) Class: 2420K(2688K)->2420K(2688K)
[108.197s][info][gc             ] GC(167) Pause Young (Allocation Failure) 147M->10M(494M) 4.195ms
[108.197s][info][gc,cpu         ] GC(167) User=0.02s Sys=0.00s Real=0.01s
[108.213s][info][gc,start       ] GC(168) Pause Young (Allocation Failure)
[108.217s][info][gc,heap        ] GC(168) DefNew: 141335K(157248K)->1458K(157248K) Eden: 139776K(139776K)->0K(139776K) From: 1559K(17472K)->1458K(17472K)
[108.217s][info][gc,heap        ] GC(168) Tenured: 9359K(349568K)->9359K(349568K)
[108.217s][info][gc,metaspace   ] GC(168) Metaspace: 16675K(17344K)->16675K(17344K) NonClass: 14255K(14656K)->14255K(14656K) Class: 2420K(2688K)->2420K(2688K)
[108.217s][info][gc             ] GC(168) Pause Young (Allocation Failure) 147M->10M(494M) 4.059ms
[108.217s][info][gc,cpu         ] GC(168) User=0.02s Sys=0.00s Real=0.02s
[108.232s][info][gc,start       ] GC(169) Pause Young (Allocation Failure)
[108.236s][info][gc,heap        ] GC(169) DefNew: 141234K(157248K)->1466K(157248K) Eden: 139776K(139776K)->0K(139776K) From: 1458K(17472K)->1466K(17472K)
[108.236s][info][gc,heap        ] GC(169) Tenured: 9359K(349568K)->9359K(349568K)
[108.236s][info][gc,metaspace   ] GC(169) Metaspace: 16675K(17344K)->16675K(17344K) NonClass: 14255K(14656K)->14255K(14656K) Class: 2420K(2688K)->2420K(2688K)
[108.236s][info][gc             ] GC(169) Pause Young (Allocation Failure) 147M->10M(494M) 4.075ms
[108.236s][info][gc,cpu         ] GC(169) User=0.02s Sys=0.00s Real=0.01s
[108.252s][info][gc,start       ] GC(170) Pause Young (Allocation Failure)
[108.256s][info][gc,heap        ] GC(170) DefNew: 141242K(157248K)->1500K(157248K) Eden: 139776K(139776K)->0K(139776K) From: 1466K(17472K)->1500K(17472K)
[108.256s][info][gc,heap        ] GC(170) Tenured: 9359K(349568K)->9359K(349568K)
[108.256s][info][gc,metaspace   ] GC(170) Metaspace: 16675K(17344K)->16675K(17344K) NonClass: 14255K(14656K)->14255K(14656K) Class: 2420K(2688K)->2420K(2688K)
[108.256s][info][gc             ] GC(170) Pause Young (Allocation Failure) 147M->10M(494M) 4.105ms
[108.256s][info][gc,cpu         ] GC(170) User=0.00s Sys=0.00s Real=0.00s
[108.271s][info][gc,start       ] GC(171) Pause Young (Allocation Failure)
[108.275s][info][gc,heap        ] GC(171) DefNew: 141276K(157248K)->1338K(157248K) Eden: 139776K(139776K)->0K(139776K) From: 1500K(17472K)->1338K(17472K)
[108.275s][info][gc,heap        ] GC(171) Tenured: 9359K(349568K)->9492K(349568K)
[108.275s][info][gc,metaspace   ] GC(171) Metaspace: 16675K(17344K)->16675K(17344K) NonClass: 14255K(14656K)->14255K(14656K) Class: 2420K(2688K)->2420K(2688K)
[108.275s][info][gc             ] GC(171) Pause Young (Allocation Failure) 147M->10M(494M) 4.065ms
[108.275s][info][gc,cpu         ] GC(171) User=0.00s Sys=0.00s Real=0.00s
[108.291s][info][gc,start       ] GC(172) Pause Young (Allocation Failure)
[108.295s][info][gc,heap        ] GC(172) DefNew: 141114K(157248K)->1295K(157248K) Eden: 139776K(139776K)->0K(139776K) From: 1338K(17472K)->1295K(17472K)
[108.295s][info][gc,heap        ] GC(172) Tenured: 9492K(349568K)->9492K(349568K)
[108.295s][info][gc,metaspace   ] GC(172) Metaspace: 16675K(17344K)->16675K(17344K) NonClass: 14255K(14656K)->14255K(14656K) Class: 2420K(2688K)->2420K(2688K)
[108.295s][info][gc             ] GC(172) Pause Young (Allocation Failure) 147M->10M(494M) 3.739ms
[108.295s][info][gc,cpu         ] GC(172) User=0.00s Sys=0.00s Real=0.00s
[108.311s][info][gc,start       ] GC(173) Pause Young (Allocation Failure)
[108.314s][info][gc,heap        ] GC(173) DefNew: 141071K(157248K)->1217K(157248K) Eden: 139776K(139776K)->0K(139776K) From: 1295K(17472K)->1217K(17472K)
[108.314s][info][gc,heap        ] GC(173) Tenured: 9492K(349568K)->9496K(349568K)
[108.314s][info][gc,metaspace   ] GC(173) Metaspace: 16675K(17344K)->16675K(17344K) NonClass: 14255K(14656K)->14255K(14656K) Class: 2420K(2688K)->2420K(2688K)
[108.314s][info][gc             ] GC(173) Pause Young (Allocation Failure) 147M->10M(494M) 3.538ms
[108.314s][info][gc,cpu         ] GC(173) User=0.00s Sys=0.00s Real=0.00s
[108.330s][info][gc,start       ] GC(174) Pause Young (Allocation Failure)
[108.334s][info][gc,heap        ] GC(174) DefNew: 140993K(157248K)->1198K(157248K) Eden: 139775K(139776K)->0K(139776K) From: 1217K(17472K)->1198K(17472K)
[108.334s][info][gc,heap        ] GC(174) Tenured: 9496K(349568K)->9497K(349568K)
[108.334s][info][gc,metaspace   ] GC(174) Metaspace: 16675K(17344K)->16675K(17344K) NonClass: 14255K(14656K)->14255K(14656K) Class: 2420K(2688K)->2420K(2688K)
[108.334s][info][gc             ] GC(174) Pause Young (Allocation Failure) 146M->10M(494M) 3.559ms
[108.334s][info][gc,cpu         ] GC(174) User=0.00s Sys=0.00s Real=0.00s
[108.350s][info][gc,start       ] GC(175) Pause Young (Allocation Failure)
[108.354s][info][gc,heap        ] GC(175) DefNew: 140974K(157248K)->1168K(157248K) Eden: 139776K(139776K)->0K(139776K) From: 1198K(17472K)->1168K(17472K)
[108.354s][info][gc,heap        ] GC(175) Tenured: 9497K(349568K)->9497K(349568K)
[108.354s][info][gc,metaspace   ] GC(175) Metaspace: 16675K(17344K)->16675K(17344K) NonClass: 14255K(14656K)->14255K(14656K) Class: 2420K(2688K)->2420K(2688K)
[108.354s][info][gc             ] GC(175) Pause Young (Allocation Failure) 146M->10M(494M) 3.464ms
[108.354s][info][gc,cpu         ] GC(175) User=0.00s Sys=0.00s Real=0.00s
[108.370s][info][gc,start       ] GC(176) Pause Young (Allocation Failure)
[108.373s][info][gc,heap        ] GC(176) DefNew: 140944K(157248K)->1238K(157248K) Eden: 139776K(139776K)->0K(139776K) From: 1168K(17472K)->1238K(17472K)
[108.373s][info][gc,heap        ] GC(176) Tenured: 9497K(349568K)->9497K(349568K)
[108.373s][info][gc,metaspace   ] GC(176) Metaspace: 16675K(17344K)->16675K(17344K) NonClass: 14255K(14656K)->14255K(14656K) Class: 2420K(2688K)->2420K(2688K)
[108.373s][info][gc             ] GC(176) Pause Young (Allocation Failure) 146M->10M(494M) 3.535ms
[108.373s][info][gc,cpu         ] GC(176) User=0.00s Sys=0.00s Real=0.00s
[108.389s][info][gc,start       ] GC(177) Pause Young (Allocation Failure)
[108.393s][info][gc,heap        ] GC(177) DefNew: 141014K(157248K)->1164K(157248K) Eden: 139776K(139776K)->0K(139776K) From: 1238K(17472K)->1164K(17472K)
[108.393s][info][gc,heap        ] GC(177) Tenured: 9497K(349568K)->9497K(349568K)
[108.393s][info][gc,metaspace   ] GC(177) Metaspace: 16675K(17344K)->16675K(17344K) NonClass: 14255K(14656K)->14255K(14656K) Class: 2420K(2688K)->2420K(2688K)
[108.393s][info][gc             ] GC(177) Pause Young (Allocation Failure) 146M->10M(494M) 3.403ms
[108.393s][info][gc,cpu         ] GC(177) User=0.00s Sys=0.00s Real=0.00s
[108.409s][info][gc,start       ] GC(178) Pause Young (Allocation Failure)
[108.412s][info][gc,heap        ] GC(178) DefNew: 140940K(157248K)->1045K(157248K) Eden: 139776K(139776K)->0K(139776K) From: 1164K(17472K)->1045K(17472K)
[108.412s][info][gc,heap        ] GC(178) Tenured: 9497K(349568K)->9497K(349568K)
[108.412s][info][gc,metaspace   ] GC(178) Metaspace: 16675K(17344K)->16675K(17344K) NonClass: 14255K(14656K)->14255K(14656K) Class: 2420K(2688K)->2420K(2688K)
[108.412s][info][gc             ] GC(178) Pause Young (Allocation Failure) 146M->10M(494M) 3.321ms
[108.412s][info][gc,cpu         ] GC(178) User=0.00s Sys=0.00s Real=0.00s
[108.429s][info][gc,start       ] GC(179) Pause Young (Allocation Failure)
[108.431s][info][gc,heap        ] GC(179) DefNew: 140821K(157248K)->603K(157248K) Eden: 139776K(139776K)->0K(139776K) From: 1045K(17472K)->603K(17472K)
[108.431s][info][gc,heap        ] GC(179) Tenured: 9497K(349568K)->9497K(349568K)
[108.431s][info][gc,metaspace   ] GC(179) Metaspace: 16675K(17344K)->16675K(17344K) NonClass: 14255K(14656K)->14255K(14656K) Class: 2420K(2688K)->2420K(2688K)
[108.431s][info][gc             ] GC(179) Pause Young (Allocation Failure) 146M->9M(494M) 2.171ms
[108.431s][info][gc,cpu         ] GC(179) User=0.00s Sys=0.00s Real=0.00s
[108.573s][info][gc,start       ] GC(180) Pause Young (Allocation Failure)
[108.829s][info][gc,heap        ] GC(180) DefNew: 140379K(157248K)->17472K(157248K) Eden: 139776K(139776K)->0K(139776K) From: 603K(17472K)->17472K(17472K)
[108.829s][info][gc,heap        ] GC(180) Tenured: 9497K(349568K)->79134K(349568K)
[108.829s][info][gc,metaspace   ] GC(180) Metaspace: 16675K(17344K)->16675K(17344K) NonClass: 14255K(14656K)->14255K(14656K) Class: 2420K(2688K)->2420K(2688K)
[108.829s][info][gc             ] GC(180) Pause Young (Allocation Failure) 146M->94M(494M) 256.147ms
[108.829s][info][gc,cpu         ] GC(180) User=0.27s Sys=0.00s Real=0.27s
[108.981s][info][gc,start       ] GC(181) Pause Young (Allocation Failure)
[109.335s][info][gc,heap        ] GC(181) DefNew: 157248K(157248K)->17472K(157248K) Eden: 139776K(139776K)->0K(139776K) From: 17472K(17472K)->17472K(17472K)
[109.335s][info][gc,heap        ] GC(181) Tenured: 79134K(349568K)->169303K(349568K)
[109.335s][info][gc,metaspace   ] GC(181) Metaspace: 16675K(17344K)->16675K(17344K) NonClass: 14255K(14656K)->14255K(14656K) Class: 2420K(2688K)->2420K(2688K)
[109.335s][info][gc             ] GC(181) Pause Young (Allocation Failure) 230M->182M(494M) 353.799ms
[109.335s][info][gc,cpu         ] GC(181) User=0.38s Sys=0.00s Real=0.36s
[109.491s][info][gc,start       ] GC(182) Pause Young (Allocation Failure)
[109.850s][info][gc,heap        ] GC(182) DefNew: 157248K(157248K)->17472K(157248K) Eden: 139776K(139776K)->0K(139776K) From: 17472K(17472K)->17472K(17472K)
[109.850s][info][gc,heap        ] GC(182) Tenured: 169303K(349568K)->259968K(349568K)
[109.850s][info][gc,metaspace   ] GC(182) Metaspace: 16675K(17344K)->16675K(17344K) NonClass: 14255K(14656K)->14255K(14656K) Class: 2420K(2688K)->2420K(2688K)
[109.850s][info][gc             ] GC(182) Pause Young (Allocation Failure) 318M->270M(494M) 359.273ms
[109.850s][info][gc,cpu         ] GC(182) User=0.34s Sys=0.00s Real=0.36s
[110.008s][info][gc,start       ] GC(183) Pause Young (Allocation Failure)
[110.009s][info][gc             ] GC(183) Pause Young (Allocation Failure) 407M->407M(494M) 0.231ms
[110.009s][info][gc,cpu         ] GC(183) User=0.00s Sys=0.00s Real=0.00s
[110.009s][info][gc,start       ] GC(184) Pause Full (Allocation Failure)
[110.009s][info][gc,phases,start] GC(184) Phase 1: Mark live objects
[110.601s][info][gc,phases      ] GC(184) Phase 1: Mark live objects 592.027ms
[110.601s][info][gc,phases,start] GC(184) Phase 2: Compute new object addresses
[110.760s][info][gc,phases      ] GC(184) Phase 2: Compute new object addresses 159.522ms
[110.761s][info][gc,phases,start] GC(184) Phase 3: Adjust pointers
[111.027s][info][gc,phases      ] GC(184) Phase 3: Adjust pointers 266.858ms
[111.027s][info][gc,phases,start] GC(184) Phase 4: Move objects
[111.071s][info][gc,phases      ] GC(184) Phase 4: Move objects 43.432ms
[111.076s][info][gc,heap        ] GC(184) DefNew: 157248K(157248K)->17833K(157248K) Eden: 139776K(139776K)->17833K(139776K) From: 17472K(17472K)->0K(17472K)
[111.076s][info][gc,heap        ] GC(184) Tenured: 259968K(349568K)->349567K(349568K)
[111.076s][info][gc,metaspace   ] GC(184) Metaspace: 16675K(17344K)->16675K(17344K) NonClass: 14255K(14656K)->14255K(14656K) Class: 2420K(2688K)->2420K(2688K)
[111.076s][info][gc             ] GC(184) Pause Full (Allocation Failure) 407M->358M(494M) 1067.523ms
[111.076s][info][gc,cpu         ] GC(184) User=1.08s Sys=0.00s Real=1.07s
[112.353s][info][gc,start       ] GC(185) Pause Full (Allocation Failure)
[112.353s][info][gc,phases,start] GC(185) Phase 1: Mark live objects
[112.964s][info][gc,phases      ] GC(185) Phase 1: Mark live objects 611.420ms
[112.964s][info][gc,phases,start] GC(185) Phase 2: Compute new object addresses
[113.168s][info][gc,phases      ] GC(185) Phase 2: Compute new object addresses 203.295ms
[113.181s][info][gc,phases,start] GC(185) Phase 3: Adjust pointers
[113.490s][info][gc,phases      ] GC(185) Phase 3: Adjust pointers 308.175ms
[113.490s][info][gc,phases,start] GC(185) Phase 4: Move objects
[113.532s][info][gc,phases      ] GC(185) Phase 4: Move objects 42.680ms
[113.538s][info][gc,heap        ] GC(185) DefNew: 157248K(157248K)->97827K(157248K) Eden: 139776K(139776K)->97827K(139776K) From: 17472K(17472K)->0K(17472K)
[113.538s][info][gc,heap        ] GC(185) Tenured: 349567K(349568K)->349567K(349568K)
[113.538s][info][gc,metaspace   ] GC(185) Metaspace: 16675K(17344K)->16675K(17344K) NonClass: 14255K(14656K)->14255K(14656K) Class: 2420K(2688K)->2420K(2688K)
[113.538s][info][gc             ] GC(185) Pause Full (Allocation Failure) 494M->436M(494M) 1185.788ms
[113.538s][info][gc,cpu         ] GC(185) User=1.19s Sys=0.00s Real=1.19s
[115.337s][info][gc,start       ] GC(186) Pause Full (Allocation Failure)
[115.337s][info][gc,phases,start] GC(186) Phase 1: Mark live objects
[115.871s][info][gc,phases      ] GC(186) Phase 1: Mark live objects 534.207ms
[115.871s][info][gc,phases,start] GC(186) Phase 2: Compute new object addresses
[116.075s][info][gc,phases      ] GC(186) Phase 2: Compute new object addresses 204.387ms
[116.075s][info][gc,phases,start] GC(186) Phase 3: Adjust pointers
[116.338s][info][gc,phases      ] GC(186) Phase 3: Adjust pointers 262.328ms
[116.338s][info][gc,phases,start] GC(186) Phase 4: Move objects
[116.443s][info][gc,phases      ] GC(186) Phase 4: Move objects 104.617ms
[116.448s][info][gc,heap        ] GC(186) DefNew: 157248K(157248K)->76779K(157248K) Eden: 139776K(139776K)->76779K(139776K) From: 17472K(17472K)->0K(17472K)
[116.448s][info][gc,heap        ] GC(186) Tenured: 349567K(349568K)->349567K(349568K)
[116.448s][info][gc,metaspace   ] GC(186) Metaspace: 16675K(17344K)->16675K(17344K) NonClass: 14255K(14656K)->14255K(14656K) Class: 2420K(2688K)->2420K(2688K)
[116.448s][info][gc             ] GC(186) Pause Full (Allocation Failure) 494M->416M(494M) 1111.330ms
[116.448s][info][gc,cpu         ] GC(186) User=1.09s Sys=0.00s Real=1.10s
[122.544s][info][gc,start       ] GC(187) Pause Full (Allocation Failure)
[122.544s][info][gc,phases,start] GC(187) Phase 1: Mark live objects
[122.594s][info][gc,phases      ] GC(187) Phase 1: Mark live objects 49.623ms
[122.594s][info][gc,phases,start] GC(187) Phase 2: Compute new object addresses
[122.741s][info][gc,phases      ] GC(187) Phase 2: Compute new object addresses 147.565ms
[122.741s][info][gc,phases,start] GC(187) Phase 3: Adjust pointers
[122.767s][info][gc,phases      ] GC(187) Phase 3: Adjust pointers 25.957ms
[122.767s][info][gc,phases,start] GC(187) Phase 4: Move objects
[122.781s][info][gc,phases      ] GC(187) Phase 4: Move objects 13.515ms
[122.781s][info][gc,heap        ] GC(187) DefNew: 157247K(157248K)->0K(157248K) Eden: 139776K(139776K)->0K(139776K) From: 17471K(17472K)->0K(17472K)
[122.781s][info][gc,heap        ] GC(187) Tenured: 349567K(349568K)->33125K(349568K)
[122.781s][info][gc,metaspace   ] GC(187) Metaspace: 16675K(17344K)->16675K(17344K) NonClass: 14255K(14656K)->14255K(14656K) Class: 2420K(2688K)->2420K(2688K)
[122.781s][info][gc             ] GC(187) Pause Full (Allocation Failure) 494M->32M(494M) 237.380ms
[122.781s][info][gc,cpu         ] GC(187) User=0.23s Sys=0.00s Real=0.24s
[122.902s][info][gc,start       ] GC(188) Pause Young (Allocation Failure)
[123.078s][info][gc,heap        ] GC(188) DefNew: 139776K(157248K)->17472K(157248K) Eden: 139776K(139776K)->0K(139776K) From: 0K(17472K)->17472K(17472K)
[123.079s][info][gc,heap        ] GC(188) Tenured: 33125K(349568K)->74612K(349568K)
[123.079s][info][gc,metaspace   ] GC(188) Metaspace: 16675K(17344K)->16675K(17344K) NonClass: 14255K(14656K)->14255K(14656K) Class: 2420K(2688K)->2420K(2688K)
[123.079s][info][gc             ] GC(188) Pause Young (Allocation Failure) 168M->89M(494M) 176.348ms
[123.079s][info][gc,cpu         ] GC(188) User=0.17s Sys=0.00s Real=0.18s
[123.207s][info][gc,start       ] GC(189) Pause Young (Allocation Failure)
[123.444s][info][gc,heap        ] GC(189) DefNew: 157248K(157248K)->17471K(157248K) Eden: 139776K(139776K)->0K(139776K) From: 17472K(17472K)->17471K(17472K)
[123.444s][info][gc,heap        ] GC(189) Tenured: 74612K(349568K)->133263K(349568K)
[123.444s][info][gc,metaspace   ] GC(189) Metaspace: 16675K(17344K)->16675K(17344K) NonClass: 14255K(14656K)->14255K(14656K) Class: 2420K(2688K)->2420K(2688K)
[123.444s][info][gc             ] GC(189) Pause Young (Allocation Failure) 226M->147M(494M) 236.707ms
[123.444s][info][gc,cpu         ] GC(189) User=0.23s Sys=0.00s Real=0.24s
[123.574s][info][gc,start       ] GC(190) Pause Young (Allocation Failure)
[123.827s][info][gc,heap        ] GC(190) DefNew: 157247K(157248K)->17471K(157248K) Eden: 139776K(139776K)->0K(139776K) From: 17471K(17472K)->17471K(17472K)
[123.827s][info][gc,heap        ] GC(190) Tenured: 133263K(349568K)->191789K(349568K)
[123.827s][info][gc,metaspace   ] GC(190) Metaspace: 16675K(17344K)->16675K(17344K) NonClass: 14255K(14656K)->14255K(14656K) Class: 2420K(2688K)->2420K(2688K)
[123.827s][info][gc             ] GC(190) Pause Young (Allocation Failure) 283M->204M(494M) 252.709ms
[123.827s][info][gc,cpu         ] GC(190) User=0.25s Sys=0.00s Real=0.24s
[123.957s][info][gc,start       ] GC(191) Pause Young (Allocation Failure)
[124.192s][info][gc,heap        ] GC(191) DefNew: 157247K(157248K)->17472K(157248K) Eden: 139776K(139776K)->0K(139776K) From: 17471K(17472K)->17472K(17472K)
[124.192s][info][gc,heap        ] GC(191) Tenured: 191789K(349568K)->250650K(349568K)
[124.192s][info][gc,metaspace   ] GC(191) Metaspace: 16675K(17344K)->16675K(17344K) NonClass: 14255K(14656K)->14255K(14656K) Class: 2420K(2688K)->2420K(2688K)
[124.192s][info][gc             ] GC(191) Pause Young (Allocation Failure) 340M->261M(494M) 234.836ms
[124.192s][info][gc,cpu         ] GC(191) User=0.22s Sys=0.00s Real=0.23s
[124.321s][info][gc,start       ] GC(192) Pause Young (Allocation Failure)
[124.321s][info][gc             ] GC(192) Pause Young (Allocation Failure) 398M->398M(494M) 0.228ms
[124.321s][info][gc,cpu         ] GC(192) User=0.00s Sys=0.00s Real=0.00s
[124.321s][info][gc,start       ] GC(193) Pause Full (Allocation Failure)
[124.321s][info][gc,phases,start] GC(193) Phase 1: Mark live objects
[124.843s][info][gc,phases      ] GC(193) Phase 1: Mark live objects 521.442ms
[124.843s][info][gc,phases,start] GC(193) Phase 2: Compute new object addresses
[124.986s][info][gc,phases      ] GC(193) Phase 2: Compute new object addresses 143.493ms
[124.987s][info][gc,phases,start] GC(193) Phase 3: Adjust pointers
[125.242s][info][gc,phases      ] GC(193) Phase 3: Adjust pointers 255.829ms
[125.242s][info][gc,phases,start] GC(193) Phase 4: Move objects
[125.293s][info][gc,phases      ] GC(193) Phase 4: Move objects 50.057ms
[125.293s][info][gc,heap        ] GC(193) DefNew: 157248K(157248K)->0K(157248K) Eden: 139776K(139776K)->0K(139776K) From: 17472K(17472K)->0K(17472K)
[125.293s][info][gc,heap        ] GC(193) Tenured: 250650K(349568K)->326853K(349568K)
[125.293s][info][gc,metaspace   ] GC(193) Metaspace: 16675K(17344K)->16675K(17344K) NonClass: 14255K(14656K)->14255K(14656K) Class: 2420K(2688K)->2420K(2688K)
[125.293s][info][gc             ] GC(193) Pause Full (Allocation Failure) 398M->319M(494M) 971.473ms
[125.293s][info][gc,cpu         ] GC(193) User=0.97s Sys=0.00s Real=0.97s
[125.435s][info][gc,start       ] GC(194) Pause Young (Allocation Failure)
[125.436s][info][gc             ] GC(194) Pause Young (Allocation Failure) 455M->455M(494M) 0.233ms
[125.436s][info][gc,cpu         ] GC(194) User=0.00s Sys=0.00s Real=0.00s
[125.436s][info][gc,start       ] GC(195) Pause Full (Allocation Failure)
[125.436s][info][gc,phases,start] GC(195) Phase 1: Mark live objects
[126.033s][info][gc,phases      ] GC(195) Phase 1: Mark live objects 597.106ms
[126.033s][info][gc,phases,start] GC(195) Phase 2: Compute new object addresses
[126.196s][info][gc,phases      ] GC(195) Phase 2: Compute new object addresses 163.403ms
[126.196s][info][gc,phases,start] GC(195) Phase 3: Adjust pointers
[126.468s][info][gc,phases      ] GC(195) Phase 3: Adjust pointers 271.314ms
[126.468s][info][gc,phases,start] GC(195) Phase 4: Move objects
[126.503s][info][gc,phases      ] GC(195) Phase 4: Move objects 35.234ms
[126.503s][info][gc,heap        ] GC(195) DefNew: 139776K(157248K)->36371K(157248K) Eden: 139776K(139776K)->36371K(139776K) From: 0K(17472K)->0K(17472K)
[126.503s][info][gc,heap        ] GC(195) Tenured: 326853K(349568K)->349567K(349568K)
[126.503s][info][gc,metaspace   ] GC(195) Metaspace: 16675K(17344K)->16675K(17344K) NonClass: 14255K(14656K)->14255K(14656K) Class: 2420K(2688K)->2420K(2688K)
[126.504s][info][gc             ] GC(195) Pause Full (Allocation Failure) 455M->376M(494M) 1067.912ms
[126.504s][info][gc,cpu         ] GC(195) User=1.06s Sys=0.02s Real=1.07s
[126.692s][info][gc,start       ] GC(196) Pause Full (Allocation Failure)
[126.693s][info][gc,phases,start] GC(196) Phase 1: Mark live objects
[127.342s][info][gc,phases      ] GC(196) Phase 1: Mark live objects 649.228ms
[127.342s][info][gc,phases,start] GC(196) Phase 2: Compute new object addresses
[127.534s][info][gc,phases      ] GC(196) Phase 2: Compute new object addresses 191.993ms
[127.534s][info][gc,phases,start] GC(196) Phase 3: Adjust pointers
[127.832s][info][gc,phases      ] GC(196) Phase 3: Adjust pointers 298.196ms
[127.832s][info][gc,phases,start] GC(196) Phase 4: Move objects
[127.873s][info][gc,phases      ] GC(196) Phase 4: Move objects 41.137ms
[127.874s][info][gc,heap        ] GC(196) DefNew: 157248K(157248K)->85153K(157248K) Eden: 139776K(139776K)->85153K(139776K) From: 17472K(17472K)->0K(17472K)
[127.874s][info][gc,heap        ] GC(196) Tenured: 349568K(349568K)->349568K(349568K)
[127.874s][info][gc,metaspace   ] GC(196) Metaspace: 16675K(17344K)->16675K(17344K) NonClass: 14255K(14656K)->14255K(14656K) Class: 2420K(2688K)->2420K(2688K)
[127.874s][info][gc             ] GC(196) Pause Full (Allocation Failure) 494M->424M(494M) 1181.273ms
[127.874s][info][gc,cpu         ] GC(196) User=1.17s Sys=0.00s Real=1.18s
[128.133s][info][gc,start       ] GC(197) Pause Full (Allocation Failure)
[128.133s][info][gc,phases,start] GC(197) Phase 1: Mark live objects
[128.689s][info][gc,phases      ] GC(197) Phase 1: Mark live objects 556.557ms
[128.689s][info][gc,phases,start] GC(197) Phase 2: Compute new object addresses
[128.883s][info][gc,phases      ] GC(197) Phase 2: Compute new object addresses 193.495ms
[128.883s][info][gc,phases,start] GC(197) Phase 3: Adjust pointers
[129.231s][info][gc,phases      ] GC(197) Phase 3: Adjust pointers 347.601ms
[129.231s][info][gc,phases,start] GC(197) Phase 4: Move objects
[129.390s][info][gc,phases      ] GC(197) Phase 4: Move objects 159.323ms
[129.390s][info][gc,heap        ] GC(197) DefNew: 157247K(157248K)->110302K(157248K) Eden: 139776K(139776K)->110302K(139776K) From: 17471K(17472K)->0K(17472K)
[129.390s][info][gc,heap        ] GC(197) Tenured: 349568K(349568K)->349568K(349568K)
[129.390s][info][gc,metaspace   ] GC(197) Metaspace: 16675K(17344K)->16675K(17344K) NonClass: 14255K(14656K)->14255K(14656K) Class: 2420K(2688K)->2420K(2688K)
[129.390s][info][gc             ] GC(197) Pause Full (Allocation Failure) 494M->449M(494M) 1257.677ms
[129.390s][info][gc,cpu         ] GC(197) User=1.25s Sys=0.00s Real=1.26s
[129.828s][info][gc,start       ] GC(198) Pause Full (Allocation Failure)
[129.828s][info][gc,phases,start] GC(198) Phase 1: Mark live objects
[130.398s][info][gc,phases      ] GC(198) Phase 1: Mark live objects 569.631ms
[130.398s][info][gc,phases,start] GC(198) Phase 2: Compute new object addresses
[130.607s][info][gc,phases      ] GC(198) Phase 2: Compute new object addresses 209.455ms
[130.607s][info][gc,phases,start] GC(198) Phase 3: Adjust pointers
[130.927s][info][gc,phases      ] GC(198) Phase 3: Adjust pointers 319.981ms
[130.927s][info][gc,phases,start] GC(198) Phase 4: Move objects
[130.975s][info][gc,phases      ] GC(198) Phase 4: Move objects 47.373ms
[130.975s][info][gc,heap        ] GC(198) DefNew: 157247K(157248K)->123001K(157248K) Eden: 139776K(139776K)->123001K(139776K) From: 17471K(17472K)->0K(17472K)
[130.975s][info][gc,heap        ] GC(198) Tenured: 349568K(349568K)->349568K(349568K)
[130.975s][info][gc,metaspace   ] GC(198) Metaspace: 16675K(17344K)->16675K(17344K) NonClass: 14255K(14656K)->14255K(14656K) Class: 2420K(2688K)->2420K(2688K)
[130.975s][info][gc             ] GC(198) Pause Full (Allocation Failure) 494M->461M(494M) 1147.224ms
[130.975s][info][gc,cpu         ] GC(198) User=1.16s Sys=0.00s Real=1.15s
[131.086s][info][gc,start       ] GC(199) Pause Full (Allocation Failure)
[131.086s][info][gc,phases,start] GC(199) Phase 1: Mark live objects
[131.639s][info][gc,phases      ] GC(199) Phase 1: Mark live objects 552.736ms
[131.639s][info][gc,phases,start] GC(199) Phase 2: Compute new object addresses
[131.835s][info][gc,phases      ] GC(199) Phase 2: Compute new object addresses 195.645ms
[131.835s][info][gc,phases,start] GC(199) Phase 3: Adjust pointers
[132.139s][info][gc,phases      ] GC(199) Phase 3: Adjust pointers 304.463ms
[132.139s][info][gc,phases,start] GC(199) Phase 4: Move objects
[132.186s][info][gc,phases      ] GC(199) Phase 4: Move objects 47.213ms
[132.187s][info][gc,heap        ] GC(199) DefNew: 157247K(157248K)->120471K(157248K) Eden: 139776K(139776K)->120471K(139776K) From: 17471K(17472K)->0K(17472K)
[132.187s][info][gc,heap        ] GC(199) Tenured: 349568K(349568K)->349568K(349568K)
[132.187s][info][gc,metaspace   ] GC(199) Metaspace: 16675K(17344K)->16675K(17344K) NonClass: 14255K(14656K)->14255K(14656K) Class: 2420K(2688K)->2420K(2688K)
[132.187s][info][gc             ] GC(199) Pause Full (Allocation Failure) 494M->459M(494M) 1100.799ms
[132.187s][info][gc,cpu         ] GC(199) User=1.09s Sys=0.00s Real=1.10s
[132.308s][info][gc,start       ] GC(200) Pause Full (Allocation Failure)
[132.308s][info][gc,phases,start] GC(200) Phase 1: Mark live objects
[132.846s][info][gc,phases      ] GC(200) Phase 1: Mark live objects 537.289ms
[132.846s][info][gc,phases,start] GC(200) Phase 2: Compute new object addresses
[133.052s][info][gc,phases      ] GC(200) Phase 2: Compute new object addresses 206.532ms
[133.052s][info][gc,phases,start] GC(200) Phase 3: Adjust pointers
[133.353s][info][gc,phases      ] GC(200) Phase 3: Adjust pointers 300.994ms
[133.353s][info][gc,phases,start] GC(200) Phase 4: Move objects
[133.400s][info][gc,phases      ] GC(200) Phase 4: Move objects 46.966ms
[133.401s][info][gc,heap        ] GC(200) DefNew: 157248K(157248K)->117641K(157248K) Eden: 139776K(139776K)->117641K(139776K) From: 17472K(17472K)->0K(17472K)
[133.401s][info][gc,heap        ] GC(200) Tenured: 349568K(349568K)->349568K(349568K)
[133.401s][info][gc,metaspace   ] GC(200) Metaspace: 16675K(17344K)->16675K(17344K) NonClass: 14255K(14656K)->14255K(14656K) Class: 2420K(2688K)->2420K(2688K)
[133.401s][info][gc             ] GC(200) Pause Full (Allocation Failure) 494M->456M(494M) 1092.530ms
[133.401s][info][gc,cpu         ] GC(200) User=1.09s Sys=0.00s Real=1.09s
[133.541s][info][gc,start       ] GC(201) Pause Full (Allocation Failure)
[133.542s][info][gc,phases,start] GC(201) Phase 1: Mark live objects
[134.049s][info][gc,phases      ] GC(201) Phase 1: Mark live objects 507.595ms
[134.049s][info][gc,phases,start] GC(201) Phase 2: Compute new object addresses
[134.249s][info][gc,phases      ] GC(201) Phase 2: Compute new object addresses 199.653ms
[134.249s][info][gc,phases,start] GC(201) Phase 3: Adjust pointers
[134.552s][info][gc,phases      ] GC(201) Phase 3: Adjust pointers 303.043ms
[134.552s][info][gc,phases,start] GC(201) Phase 4: Move objects
[134.707s][info][gc,phases      ] GC(201) Phase 4: Move objects 154.871ms
[134.707s][info][gc,heap        ] GC(201) DefNew: 157247K(157248K)->102907K(157248K) Eden: 139776K(139776K)->102907K(139776K) From: 17471K(17472K)->0K(17472K)
[134.707s][info][gc,heap        ] GC(201) Tenured: 349568K(349568K)->349567K(349568K)
[134.707s][info][gc,metaspace   ] GC(201) Metaspace: 16675K(17344K)->16675K(17344K) NonClass: 14255K(14656K)->14255K(14656K) Class: 2420K(2688K)->2420K(2688K)
[134.707s][info][gc             ] GC(201) Pause Full (Allocation Failure) 494M->441M(494M) 1165.897ms
[134.707s][info][gc,cpu         ] GC(201) User=1.17s Sys=0.00s Real=1.17s
[134.854s][info][gc,start       ] GC(202) Pause Full (Allocation Failure)
[134.854s][info][gc,phases,start] GC(202) Phase 1: Mark live objects
[135.335s][info][gc,phases      ] GC(202) Phase 1: Mark live objects 481.289ms
[135.335s][info][gc,phases,start] GC(202) Phase 2: Compute new object addresses
[135.521s][info][gc,phases      ] GC(202) Phase 2: Compute new object addresses 185.876ms
[135.521s][info][gc,phases,start] GC(202) Phase 3: Adjust pointers
[135.777s][info][gc,phases      ] GC(202) Phase 3: Adjust pointers 255.950ms
[135.777s][info][gc,phases,start] GC(202) Phase 4: Move objects
[135.816s][info][gc,phases      ] GC(202) Phase 4: Move objects 39.004ms
[135.817s][info][gc,heap        ] GC(202) DefNew: 157247K(157248K)->98485K(157248K) Eden: 139776K(139776K)->98485K(139776K) From: 17471K(17472K)->0K(17472K)
[135.817s][info][gc,heap        ] GC(202) Tenured: 349567K(349568K)->349567K(349568K)
[135.817s][info][gc,metaspace   ] GC(202) Metaspace: 16675K(17344K)->16675K(17344K) NonClass: 14255K(14656K)->14255K(14656K) Class: 2420K(2688K)->2420K(2688K)
[135.817s][info][gc             ] GC(202) Pause Full (Allocation Failure) 494M->437M(494M) 962.853ms
[135.817s][info][gc,cpu         ] GC(202) User=0.98s Sys=0.00s Real=0.98s
[135.974s][info][gc,start       ] GC(203) Pause Full (Allocation Failure)
[135.974s][info][gc,phases,start] GC(203) Phase 1: Mark live objects
[136.468s][info][gc,phases      ] GC(203) Phase 1: Mark live objects 493.446ms
[136.468s][info][gc,phases,start] GC(203) Phase 2: Compute new object addresses
[136.656s][info][gc,phases      ] GC(203) Phase 2: Compute new object addresses 187.992ms
[136.656s][info][gc,phases,start] GC(203) Phase 3: Adjust pointers
[136.900s][info][gc,phases      ] GC(203) Phase 3: Adjust pointers 243.888ms
[136.900s][info][gc,phases,start] GC(203) Phase 4: Move objects
[136.938s][info][gc,phases      ] GC(203) Phase 4: Move objects 37.537ms
[136.938s][info][gc,heap        ] GC(203) DefNew: 157247K(157248K)->93530K(157248K) Eden: 139776K(139776K)->93530K(139776K) From: 17471K(17472K)->0K(17472K)
[136.938s][info][gc,heap        ] GC(203) Tenured: 349567K(349568K)->349567K(349568K)
[136.938s][info][gc,metaspace   ] GC(203) Metaspace: 16675K(17344K)->16675K(17344K) NonClass: 14255K(14656K)->14255K(14656K) Class: 2420K(2688K)->2420K(2688K)
[136.938s][info][gc             ] GC(203) Pause Full (Allocation Failure) 494M->432M(494M) 963.590ms
[136.938s][info][gc,cpu         ] GC(203) User=0.95s Sys=0.00s Real=0.96s
[137.109s][info][gc,start       ] GC(204) Pause Full (Allocation Failure)
[137.109s][info][gc,phases,start] GC(204) Phase 1: Mark live objects
[137.549s][info][gc,phases      ] GC(204) Phase 1: Mark live objects 439.466ms
[137.549s][info][gc,phases,start] GC(204) Phase 2: Compute new object addresses
[137.750s][info][gc,phases      ] GC(204) Phase 2: Compute new object addresses 201.454ms
[137.750s][info][gc,phases,start] GC(204) Phase 3: Adjust pointers
[137.995s][info][gc,phases      ] GC(204) Phase 3: Adjust pointers 245.044ms
[137.995s][info][gc,phases,start] GC(204) Phase 4: Move objects
[138.029s][info][gc,phases      ] GC(204) Phase 4: Move objects 34.044ms
[138.030s][info][gc,heap        ] GC(204) DefNew: 157247K(157248K)->87994K(157248K) Eden: 139776K(139776K)->87994K(139776K) From: 17471K(17472K)->0K(17472K)
[138.030s][info][gc,heap        ] GC(204) Tenured: 349567K(349568K)->349567K(349568K)
[138.030s][info][gc,metaspace   ] GC(204) Metaspace: 16675K(17344K)->16675K(17344K) NonClass: 14255K(14656K)->14255K(14656K) Class: 2420K(2688K)->2420K(2688K)
[138.030s][info][gc             ] GC(204) Pause Full (Allocation Failure) 494M->427M(494M) 921.014ms
[138.030s][info][gc,cpu         ] GC(204) User=0.92s Sys=0.00s Real=0.92s
[138.167s][info][gc,start       ] GC(205) Pause Full (Allocation Failure)
[138.167s][info][gc,phases,start] GC(205) Phase 1: Mark live objects
[138.605s][info][gc,phases      ] GC(205) Phase 1: Mark live objects 438.154ms
[138.605s][info][gc,phases,start] GC(205) Phase 2: Compute new object addresses
[138.796s][info][gc,phases      ] GC(205) Phase 2: Compute new object addresses 190.612ms
[138.796s][info][gc,phases,start] GC(205) Phase 3: Adjust pointers
[139.024s][info][gc,phases      ] GC(205) Phase 3: Adjust pointers 228.254ms
[139.024s][info][gc,phases,start] GC(205) Phase 4: Move objects
[139.156s][info][gc,phases      ] GC(205) Phase 4: Move objects 132.041ms
[139.157s][info][gc,heap        ] GC(205) DefNew: 157247K(157248K)->60318K(157248K) Eden: 139776K(139776K)->60318K(139776K) From: 17471K(17472K)->0K(17472K)
[139.157s][info][gc,heap        ] GC(205) Tenured: 349567K(349568K)->349568K(349568K)
[139.157s][info][gc,metaspace   ] GC(205) Metaspace: 16675K(17344K)->16675K(17344K) NonClass: 14255K(14656K)->14255K(14656K) Class: 2420K(2688K)->2420K(2688K)
[139.157s][info][gc             ] GC(205) Pause Full (Allocation Failure) 494M->400M(494M) 989.816ms
[139.157s][info][gc,cpu         ] GC(205) User=0.98s Sys=0.00s Real=0.99s
[139.343s][info][gc,start       ] GC(206) Pause Full (Allocation Failure)
[139.343s][info][gc,phases,start] GC(206) Phase 1: Mark live objects
[139.748s][info][gc,phases      ] GC(206) Phase 1: Mark live objects 404.870ms
[139.748s][info][gc,phases,start] GC(206) Phase 2: Compute new object addresses
[139.921s][info][gc,phases      ] GC(206) Phase 2: Compute new object addresses 172.870ms
[139.921s][info][gc,phases,start] GC(206) Phase 3: Adjust pointers
[140.126s][info][gc,phases      ] GC(206) Phase 3: Adjust pointers 205.543ms
[140.126s][info][gc,phases,start] GC(206) Phase 4: Move objects
[140.147s][info][gc,phases      ] GC(206) Phase 4: Move objects 20.296ms
[140.147s][info][gc,heap        ] GC(206) DefNew: 157247K(157248K)->51405K(157248K) Eden: 139776K(139776K)->51405K(139776K) From: 17471K(17472K)->0K(17472K)
[140.147s][info][gc,heap        ] GC(206) Tenured: 349568K(349568K)->349568K(349568K)
[140.147s][info][gc,metaspace   ] GC(206) Metaspace: 16675K(17344K)->16675K(17344K) NonClass: 14255K(14656K)->14255K(14656K) Class: 2420K(2688K)->2420K(2688K)
[140.147s][info][gc             ] GC(206) Pause Full (Allocation Failure) 494M->391M(494M) 804.290ms
[140.147s][info][gc,cpu         ] GC(206) User=0.81s Sys=0.00s Real=0.80s
[141.197s][info][gc,start       ] GC(207) Pause Full (Allocation Failure)
[141.198s][info][gc,phases,start] GC(207) Phase 1: Mark live objects
[141.222s][info][gc,phases      ] GC(207) Phase 1: Mark live objects 24.115ms
[141.222s][info][gc,phases,start] GC(207) Phase 2: Compute new object addresses
[141.362s][info][gc,phases      ] GC(207) Phase 2: Compute new object addresses 140.594ms
[141.362s][info][gc,phases,start] GC(207) Phase 3: Adjust pointers
[141.370s][info][gc,phases      ] GC(207) Phase 3: Adjust pointers 7.428ms
[141.370s][info][gc,phases,start] GC(207) Phase 4: Move objects
[141.370s][info][gc,phases      ] GC(207) Phase 4: Move objects 0.682ms
[141.371s][info][gc,heap        ] GC(207) DefNew: 157247K(157248K)->0K(157248K) Eden: 139776K(139776K)->0K(139776K) From: 17471K(17472K)->0K(17472K)
[141.371s][info][gc,heap        ] GC(207) Tenured: 349568K(349568K)->12792K(349568K)
[141.371s][info][gc,metaspace   ] GC(207) Metaspace: 16675K(17344K)->16675K(17344K) NonClass: 14255K(14656K)->14255K(14656K) Class: 2420K(2688K)->2420K(2688K)
[141.371s][info][gc             ] GC(207) Pause Full (Allocation Failure) 494M->12M(494M) 173.382ms
[141.371s][info][gc,cpu         ] GC(207) User=0.17s Sys=0.00s Real=0.17s
[142.126s][info][gc,start       ] GC(208) Pause Full (System.gc())
[142.127s][info][gc,phases,start] GC(208) Phase 1: Mark live objects
[142.147s][info][gc,phases      ] GC(208) Phase 1: Mark live objects 20.644ms
[142.147s][info][gc,phases,start] GC(208) Phase 2: Compute new object addresses
[142.171s][info][gc,phases      ] GC(208) Phase 2: Compute new object addresses 23.686ms
[142.171s][info][gc,phases,start] GC(208) Phase 3: Adjust pointers
[142.177s][info][gc,phases      ] GC(208) Phase 3: Adjust pointers 6.368ms
[142.177s][info][gc,phases,start] GC(208) Phase 4: Move objects
[142.177s][info][gc,phases      ] GC(208) Phase 4: Move objects 0.011ms
[142.178s][info][gc,heap        ] GC(208) DefNew: 47640K(157248K)->0K(157248K) Eden: 47640K(139776K)->0K(139776K) From: 0K(17472K)->0K(17472K)
[142.178s][info][gc,heap        ] GC(208) Tenured: 12792K(349568K)->12792K(349568K)
[142.178s][info][gc,metaspace   ] GC(208) Metaspace: 16676K(17344K)->16676K(17344K) NonClass: 14255K(14656K)->14255K(14656K) Class: 2420K(2688K)->2420K(2688K)
[142.178s][info][gc             ] GC(208) Pause Full (System.gc()) 59M->12M(494M) 51.151ms
[142.178s][info][gc,cpu         ] GC(208) User=0.05s Sys=0.00s Real=0.05s
[144.056s][info][gc,start       ] GC(209) Pause Young (Allocation Failure)
[144.060s][info][gc,heap        ] GC(209) DefNew: 139776K(157248K)->1529K(157248K) Eden: 139776K(139776K)->0K(139776K) From: 0K(17472K)->1529K(17472K)
[144.060s][info][gc,heap        ] GC(209) Tenured: 12792K(349568K)->12792K(349568K)
[144.060s][info][gc,metaspace   ] GC(209) Metaspace: 16677K(17344K)->16677K(17344K) NonClass: 14257K(14656K)->14257K(14656K) Class: 2420K(2688K)->2420K(2688K)
[144.060s][info][gc             ] GC(209) Pause Young (Allocation Failure) 148M->13M(494M) 4.655ms
[144.060s][info][gc,cpu         ] GC(209) User=0.02s Sys=0.00s Real=0.02s
[144.081s][info][gc,start       ] GC(210) Pause Young (Allocation Failure)
[144.085s][info][gc,heap        ] GC(210) DefNew: 141305K(157248K)->1548K(157248K) Eden: 139776K(139776K)->0K(139776K) From: 1529K(17472K)->1548K(17472K)
[144.085s][info][gc,heap        ] GC(210) Tenured: 12792K(349568K)->12792K(349568K)
[144.085s][info][gc,metaspace   ] GC(210) Metaspace: 16677K(17344K)->16677K(17344K) NonClass: 14257K(14656K)->14257K(14656K) Class: 2420K(2688K)->2420K(2688K)
[144.085s][info][gc             ] GC(210) Pause Young (Allocation Failure) 150M->14M(494M) 4.219ms
[144.085s][info][gc,cpu         ] GC(210) User=0.00s Sys=0.00s Real=0.00s
[144.102s][info][gc,start       ] GC(211) Pause Young (Allocation Failure)
[144.107s][info][gc,heap        ] GC(211) DefNew: 141324K(157248K)->1574K(157248K) Eden: 139776K(139776K)->0K(139776K) From: 1548K(17472K)->1574K(17472K)
[144.107s][info][gc,heap        ] GC(211) Tenured: 12792K(349568K)->12792K(349568K)
[144.107s][info][gc,metaspace   ] GC(211) Metaspace: 16677K(17344K)->16677K(17344K) NonClass: 14257K(14656K)->14257K(14656K) Class: 2420K(2688K)->2420K(2688K)
[144.107s][info][gc             ] GC(211) Pause Young (Allocation Failure) 150M->14M(494M) 4.292ms
[144.107s][info][gc,cpu         ] GC(211) User=0.00s Sys=0.00s Real=0.00s
[144.122s][info][gc,start       ] GC(212) Pause Young (Allocation Failure)
[144.127s][info][gc,heap        ] GC(212) DefNew: 141350K(157248K)->1589K(157248K) Eden: 139776K(139776K)->0K(139776K) From: 1574K(17472K)->1589K(17472K)
[144.127s][info][gc,heap        ] GC(212) Tenured: 12792K(349568K)->12792K(349568K)
[144.127s][info][gc,metaspace   ] GC(212) Metaspace: 16677K(17344K)->16677K(17344K) NonClass: 14257K(14656K)->14257K(14656K) Class: 2420K(2688K)->2420K(2688K)
[144.127s][info][gc             ] GC(212) Pause Young (Allocation Failure) 150M->14M(494M) 4.354ms
[144.127s][info][gc,cpu         ] GC(212) User=0.02s Sys=0.00s Real=0.02s
[144.142s][info][gc,start       ] GC(213) Pause Young (Allocation Failure)
[144.146s][info][gc,heap        ] GC(213) DefNew: 141365K(157248K)->1504K(157248K) Eden: 139776K(139776K)->0K(139776K) From: 1589K(17472K)->1504K(17472K)
[144.146s][info][gc,heap        ] GC(213) Tenured: 12792K(349568K)->12792K(349568K)
[144.146s][info][gc,metaspace   ] GC(213) Metaspace: 16677K(17344K)->16677K(17344K) NonClass: 14257K(14656K)->14257K(14656K) Class: 2420K(2688K)->2420K(2688K)
[144.147s][info][gc             ] GC(213) Pause Young (Allocation Failure) 150M->13M(494M) 4.218ms
[144.147s][info][gc,cpu         ] GC(213) User=0.02s Sys=0.00s Real=0.02s
[144.162s][info][gc,start       ] GC(214) Pause Young (Allocation Failure)
[144.166s][info][gc,heap        ] GC(214) DefNew: 141280K(157248K)->1567K(157248K) Eden: 139776K(139776K)->0K(139776K) From: 1504K(17472K)->1567K(17472K)
[144.166s][info][gc,heap        ] GC(214) Tenured: 12792K(349568K)->12792K(349568K)
[144.166s][info][gc,metaspace   ] GC(214) Metaspace: 16677K(17344K)->16677K(17344K) NonClass: 14257K(14656K)->14257K(14656K) Class: 2420K(2688K)->2420K(2688K)
[144.166s][info][gc             ] GC(214) Pause Young (Allocation Failure) 150M->14M(494M) 4.441ms
[144.166s][info][gc,cpu         ] GC(214) User=0.02s Sys=0.00s Real=0.02s
[144.182s][info][gc,start       ] GC(215) Pause Young (Allocation Failure)
[144.186s][info][gc,heap        ] GC(215) DefNew: 141343K(157248K)->1397K(157248K) Eden: 139776K(139776K)->0K(139776K) From: 1567K(17472K)->1397K(17472K)
[144.186s][info][gc,heap        ] GC(215) Tenured: 12792K(349568K)->12792K(349568K)
[144.186s][info][gc,metaspace   ] GC(215) Metaspace: 16677K(17344K)->16677K(17344K) NonClass: 14257K(14656K)->14257K(14656K) Class: 2420K(2688K)->2420K(2688K)
[144.186s][info][gc             ] GC(215) Pause Young (Allocation Failure) 150M->13M(494M) 4.204ms
[144.186s][info][gc,cpu         ] GC(215) User=0.00s Sys=0.00s Real=0.00s
[144.201s][info][gc,start       ] GC(216) Pause Young (Allocation Failure)
[144.206s][info][gc,heap        ] GC(216) DefNew: 141173K(157248K)->1542K(157248K) Eden: 139776K(139776K)->0K(139776K) From: 1397K(17472K)->1542K(17472K)
[144.206s][info][gc,heap        ] GC(216) Tenured: 12792K(349568K)->12792K(349568K)
[144.206s][info][gc,metaspace   ] GC(216) Metaspace: 16677K(17344K)->16677K(17344K) NonClass: 14257K(14656K)->14257K(14656K) Class: 2420K(2688K)->2420K(2688K)
[144.206s][info][gc             ] GC(216) Pause Young (Allocation Failure) 150M->13M(494M) 4.308ms
[144.206s][info][gc,cpu         ] GC(216) User=0.02s Sys=0.00s Real=0.01s
[144.221s][info][gc,start       ] GC(217) Pause Young (Allocation Failure)
[144.225s][info][gc,heap        ] GC(217) DefNew: 141318K(157248K)->1545K(157248K) Eden: 139776K(139776K)->0K(139776K) From: 1542K(17472K)->1545K(17472K)
[144.225s][info][gc,heap        ] GC(217) Tenured: 12792K(349568K)->12792K(349568K)
[144.225s][info][gc,metaspace   ] GC(217) Metaspace: 16677K(17344K)->16677K(17344K) NonClass: 14257K(14656K)->14257K(14656K) Class: 2420K(2688K)->2420K(2688K)
[144.225s][info][gc             ] GC(217) Pause Young (Allocation Failure) 150M->14M(494M) 4.255ms
[144.225s][info][gc,cpu         ] GC(217) User=0.00s Sys=0.00s Real=0.00s
[144.241s][info][gc,start       ] GC(218) Pause Young (Allocation Failure)
[144.245s][info][gc,heap        ] GC(218) DefNew: 141321K(157248K)->1516K(157248K) Eden: 139776K(139776K)->0K(139776K) From: 1545K(17472K)->1516K(17472K)
[144.245s][info][gc,heap        ] GC(218) Tenured: 12792K(349568K)->12792K(349568K)
[144.245s][info][gc,metaspace   ] GC(218) Metaspace: 16677K(17344K)->16677K(17344K) NonClass: 14257K(14656K)->14257K(14656K) Class: 2420K(2688K)->2420K(2688K)
[144.245s][info][gc             ] GC(218) Pause Young (Allocation Failure) 150M->13M(494M) 4.149ms
[144.245s][info][gc,cpu         ] GC(218) User=0.00s Sys=0.00s Real=0.00s
[144.260s][info][gc,start       ] GC(219) Pause Young (Allocation Failure)
[144.264s][info][gc,heap        ] GC(219) DefNew: 141292K(157248K)->1521K(157248K) Eden: 139776K(139776K)->0K(139776K) From: 1516K(17472K)->1521K(17472K)
[144.264s][info][gc,heap        ] GC(219) Tenured: 12792K(349568K)->12792K(349568K)
[144.264s][info][gc,metaspace   ] GC(219) Metaspace: 16677K(17344K)->16677K(17344K) NonClass: 14257K(14656K)->14257K(14656K) Class: 2420K(2688K)->2420K(2688K)
[144.264s][info][gc             ] GC(219) Pause Young (Allocation Failure) 150M->13M(494M) 4.329ms
[144.264s][info][gc,cpu         ] GC(219) User=0.00s Sys=0.00s Real=0.00s
[144.279s][info][gc,start       ] GC(220) Pause Young (Allocation Failure)
[144.284s][info][gc,heap        ] GC(220) DefNew: 141297K(157248K)->1563K(157248K) Eden: 139776K(139776K)->0K(139776K) From: 1521K(17472K)->1563K(17472K)
[144.284s][info][gc,heap        ] GC(220) Tenured: 12792K(349568K)->12792K(349568K)
[144.284s][info][gc,metaspace   ] GC(220) Metaspace: 16677K(17344K)->16677K(17344K) NonClass: 14257K(14656K)->14257K(14656K) Class: 2420K(2688K)->2420K(2688K)
[144.284s][info][gc             ] GC(220) Pause Young (Allocation Failure) 150M->14M(494M) 4.283ms
[144.284s][info][gc,cpu         ] GC(220) User=0.02s Sys=0.00s Real=0.02s
[144.299s][info][gc,start       ] GC(221) Pause Young (Allocation Failure)
[144.303s][info][gc,heap        ] GC(221) DefNew: 141339K(157248K)->1504K(157248K) Eden: 139776K(139776K)->0K(139776K) From: 1563K(17472K)->1504K(17472K)
[144.303s][info][gc,heap        ] GC(221) Tenured: 12792K(349568K)->12792K(349568K)
[144.303s][info][gc,metaspace   ] GC(221) Metaspace: 16677K(17344K)->16677K(17344K) NonClass: 14257K(14656K)->14257K(14656K) Class: 2420K(2688K)->2420K(2688K)
[144.303s][info][gc             ] GC(221) Pause Young (Allocation Failure) 150M->13M(494M) 4.302ms
[144.303s][info][gc,cpu         ] GC(221) User=0.02s Sys=0.00s Real=0.02s
[144.318s][info][gc,start       ] GC(222) Pause Young (Allocation Failure)
[144.322s][info][gc,heap        ] GC(222) DefNew: 141280K(157248K)->1480K(157248K) Eden: 139776K(139776K)->0K(139776K) From: 1504K(17472K)->1480K(17472K)
[144.322s][info][gc,heap        ] GC(222) Tenured: 12792K(349568K)->12792K(349568K)
[144.322s][info][gc,metaspace   ] GC(222) Metaspace: 16677K(17344K)->16677K(17344K) NonClass: 14257K(14656K)->14257K(14656K) Class: 2420K(2688K)->2420K(2688K)
[144.322s][info][gc             ] GC(222) Pause Young (Allocation Failure) 150M->13M(494M) 4.132ms
[144.322s][info][gc,cpu         ] GC(222) User=0.02s Sys=0.00s Real=0.02s
[144.337s][info][gc,start       ] GC(223) Pause Young (Allocation Failure)
[144.342s][info][gc,heap        ] GC(223) DefNew: 141256K(157248K)->1436K(157248K) Eden: 139776K(139776K)->0K(139776K) From: 1480K(17472K)->1436K(17472K)
[144.342s][info][gc,heap        ] GC(223) Tenured: 12792K(349568K)->12792K(349568K)
[144.342s][info][gc,metaspace   ] GC(223) Metaspace: 16677K(17344K)->16677K(17344K) NonClass: 14257K(14656K)->14257K(14656K) Class: 2420K(2688K)->2420K(2688K)
[144.342s][info][gc             ] GC(223) Pause Young (Allocation Failure) 150M->13M(494M) 4.339ms
[144.342s][info][gc,cpu         ] GC(223) User=0.02s Sys=0.00s Real=0.02s
[144.358s][info][gc,start       ] GC(224) Pause Young (Allocation Failure)
[144.362s][info][gc,heap        ] GC(224) DefNew: 141212K(157248K)->1244K(157248K) Eden: 139776K(139776K)->0K(139776K) From: 1436K(17472K)->1244K(17472K)
[144.362s][info][gc,heap        ] GC(224) Tenured: 12792K(349568K)->12932K(349568K)
[144.362s][info][gc,metaspace   ] GC(224) Metaspace: 16677K(17344K)->16677K(17344K) NonClass: 14257K(14656K)->14257K(14656K) Class: 2420K(2688K)->2420K(2688K)
[144.362s][info][gc             ] GC(224) Pause Young (Allocation Failure) 150M->13M(494M) 3.996ms
[144.362s][info][gc,cpu         ] GC(224) User=0.00s Sys=0.00s Real=0.00s
[144.378s][info][gc,start       ] GC(225) Pause Young (Allocation Failure)
[144.382s][info][gc,heap        ] GC(225) DefNew: 141020K(157248K)->1232K(157248K) Eden: 139776K(139776K)->0K(139776K) From: 1244K(17472K)->1232K(17472K)
[144.382s][info][gc,heap        ] GC(225) Tenured: 12932K(349568K)->12932K(349568K)
[144.382s][info][gc,metaspace   ] GC(225) Metaspace: 16677K(17344K)->16677K(17344K) NonClass: 14257K(14656K)->14257K(14656K) Class: 2420K(2688K)->2420K(2688K)
[144.382s][info][gc             ] GC(225) Pause Young (Allocation Failure) 150M->13M(494M) 3.608ms
[144.382s][info][gc,cpu         ] GC(225) User=0.00s Sys=0.00s Real=0.00s
[144.398s][info][gc,start       ] GC(226) Pause Young (Allocation Failure)
[144.401s][info][gc,heap        ] GC(226) DefNew: 141008K(157248K)->1130K(157248K) Eden: 139776K(139776K)->0K(139776K) From: 1232K(17472K)->1130K(17472K)
[144.401s][info][gc,heap        ] GC(226) Tenured: 12932K(349568K)->12932K(349568K)
[144.401s][info][gc,metaspace   ] GC(226) Metaspace: 16677K(17344K)->16677K(17344K) NonClass: 14257K(14656K)->14257K(14656K) Class: 2420K(2688K)->2420K(2688K)
[144.401s][info][gc             ] GC(226) Pause Young (Allocation Failure) 150M->13M(494M) 3.427ms
[144.401s][info][gc,cpu         ] GC(226) User=0.00s Sys=0.00s Real=0.00s
[144.418s][info][gc,start       ] GC(227) Pause Young (Allocation Failure)
[144.421s][info][gc,heap        ] GC(227) DefNew: 140906K(157248K)->1235K(157248K) Eden: 139776K(139776K)->0K(139776K) From: 1130K(17472K)->1235K(17472K)
[144.421s][info][gc,heap        ] GC(227) Tenured: 12932K(349568K)->12932K(349568K)
[144.421s][info][gc,metaspace   ] GC(227) Metaspace: 16677K(17344K)->16677K(17344K) NonClass: 14257K(14656K)->14257K(14656K) Class: 2420K(2688K)->2420K(2688K)
[144.421s][info][gc             ] GC(227) Pause Young (Allocation Failure) 150M->13M(494M) 3.617ms
[144.421s][info][gc,cpu         ] GC(227) User=0.00s Sys=0.00s Real=0.00s
[144.437s][info][gc,start       ] GC(228) Pause Young (Allocation Failure)
[144.441s][info][gc,heap        ] GC(228) DefNew: 141011K(157248K)->1221K(157248K) Eden: 139776K(139776K)->0K(139776K) From: 1235K(17472K)->1221K(17472K)
[144.441s][info][gc,heap        ] GC(228) Tenured: 12932K(349568K)->12932K(349568K)
[144.441s][info][gc,metaspace   ] GC(228) Metaspace: 16677K(17344K)->16677K(17344K) NonClass: 14257K(14656K)->14257K(14656K) Class: 2420K(2688K)->2420K(2688K)
[144.441s][info][gc             ] GC(228) Pause Young (Allocation Failure) 150M->13M(494M) 3.532ms
[144.441s][info][gc,cpu         ] GC(228) User=0.00s Sys=0.00s Real=0.00s
[144.457s][info][gc,start       ] GC(229) Pause Young (Allocation Failure)
[144.461s][info][gc,heap        ] GC(229) DefNew: 140997K(157248K)->1270K(157248K) Eden: 139776K(139776K)->0K(139776K) From: 1221K(17472K)->1270K(17472K)
[144.461s][info][gc,heap        ] GC(229) Tenured: 12932K(349568K)->12932K(349568K)
[144.461s][info][gc,metaspace   ] GC(229) Metaspace: 16677K(17344K)->16677K(17344K) NonClass: 14257K(14656K)->14257K(14656K) Class: 2420K(2688K)->2420K(2688K)
[144.461s][info][gc             ] GC(229) Pause Young (Allocation Failure) 150M->13M(494M) 3.666ms
[144.461s][info][gc,cpu         ] GC(229) User=0.00s Sys=0.00s Real=0.00s
[144.477s][info][gc,start       ] GC(230) Pause Young (Allocation Failure)
[144.491s][info][gc,heap        ] GC(230) DefNew: 141046K(157248K)->1240K(157248K) Eden: 139776K(139776K)->0K(139776K) From: 1270K(17472K)->1240K(17472K)
[144.491s][info][gc,heap        ] GC(230) Tenured: 12932K(349568K)->12932K(349568K)
[144.491s][info][gc,metaspace   ] GC(230) Metaspace: 16677K(17344K)->16677K(17344K) NonClass: 14257K(14656K)->14257K(14656K) Class: 2420K(2688K)->2420K(2688K)
[144.491s][info][gc             ] GC(230) Pause Young (Allocation Failure) 150M->13M(494M) 14.028ms
[144.491s][info][gc,cpu         ] GC(230) User=0.00s Sys=0.00s Real=0.00s
[144.508s][info][gc,start       ] GC(231) Pause Young (Allocation Failure)
[144.511s][info][gc,heap        ] GC(231) DefNew: 141016K(157248K)->969K(157248K) Eden: 139776K(139776K)->0K(139776K) From: 1240K(17472K)->969K(17472K)
[144.511s][info][gc,heap        ] GC(231) Tenured: 12932K(349568K)->12934K(349568K)
[144.511s][info][gc,metaspace   ] GC(231) Metaspace: 16677K(17344K)->16677K(17344K) NonClass: 14257K(14656K)->14257K(14656K) Class: 2420K(2688K)->2420K(2688K)
[144.511s][info][gc             ] GC(231) Pause Young (Allocation Failure) 150M->13M(494M) 3.197ms
[144.511s][info][gc,cpu         ] GC(231) User=0.00s Sys=0.00s Real=0.00s
[144.528s][info][gc,start       ] GC(232) Pause Young (Allocation Failure)
[144.531s][info][gc,heap        ] GC(232) DefNew: 140745K(157248K)->809K(157248K) Eden: 139776K(139776K)->0K(139776K) From: 969K(17472K)->809K(17472K)
[144.531s][info][gc,heap        ] GC(232) Tenured: 12934K(349568K)->12934K(349568K)
[144.531s][info][gc,metaspace   ] GC(232) Metaspace: 16677K(17344K)->16677K(17344K) NonClass: 14257K(14656K)->14257K(14656K) Class: 2420K(2688K)->2420K(2688K)
[144.531s][info][gc             ] GC(232) Pause Young (Allocation Failure) 150M->13M(494M) 2.715ms
[144.531s][info][gc,cpu         ] GC(232) User=0.00s Sys=0.00s Real=0.00s
[144.642s][info][gc,start       ] GC(233) Pause Young (Allocation Failure)
[144.866s][info][gc,heap        ] GC(233) DefNew: 140585K(157248K)->17472K(157248K) Eden: 139776K(139776K)->0K(139776K) From: 809K(17472K)->17472K(17472K)
[144.866s][info][gc,heap        ] GC(233) Tenured: 12934K(349568K)->71047K(349568K)
[144.866s][info][gc,metaspace   ] GC(233) Metaspace: 16677K(17344K)->16677K(17344K) NonClass: 14257K(14656K)->14257K(14656K) Class: 2420K(2688K)->2420K(2688K)
[144.866s][info][gc             ] GC(233) Pause Young (Allocation Failure) 149M->86M(494M) 224.027ms
[144.866s][info][gc,cpu         ] GC(233) User=0.22s Sys=0.00s Real=0.22s
[145.032s][info][gc,start       ] GC(234) Pause Young (Allocation Failure)
[145.386s][info][gc,heap        ] GC(234) DefNew: 157248K(157248K)->17472K(157248K) Eden: 139776K(139776K)->0K(139776K) From: 17472K(17472K)->17472K(17472K)
[145.386s][info][gc,heap        ] GC(234) Tenured: 71047K(349568K)->160280K(349568K)
[145.386s][info][gc,metaspace   ] GC(234) Metaspace: 16677K(17344K)->16677K(17344K) NonClass: 14257K(14656K)->14257K(14656K) Class: 2420K(2688K)->2420K(2688K)
[145.386s][info][gc             ] GC(234) Pause Young (Allocation Failure) 222M->173M(494M) 354.212ms
[145.386s][info][gc,cpu         ] GC(234) User=0.34s Sys=0.00s Real=0.34s
[145.542s][info][gc,start       ] GC(235) Pause Young (Allocation Failure)
[145.926s][info][gc,heap        ] GC(235) DefNew: 157248K(157248K)->17472K(157248K) Eden: 139776K(139776K)->0K(139776K) From: 17472K(17472K)->17472K(17472K)
[145.926s][info][gc,heap        ] GC(235) Tenured: 160280K(349568K)->251157K(349568K)
[145.926s][info][gc,metaspace   ] GC(235) Metaspace: 16677K(17344K)->16677K(17344K) NonClass: 14257K(14656K)->14257K(14656K) Class: 2420K(2688K)->2420K(2688K)
[145.926s][info][gc             ] GC(235) Pause Young (Allocation Failure) 310M->262M(494M) 384.166ms
[145.926s][info][gc,cpu         ] GC(235) User=0.39s Sys=0.00s Real=0.39s
[146.081s][info][gc,start       ] GC(236) Pause Young (Allocation Failure)
[146.081s][info][gc             ] GC(236) Pause Young (Allocation Failure) 398M->398M(494M) 0.230ms
[146.081s][info][gc,cpu         ] GC(236) User=0.00s Sys=0.00s Real=0.00s
[146.081s][info][gc,start       ] GC(237) Pause Full (Allocation Failure)
[146.081s][info][gc,phases,start] GC(237) Phase 1: Mark live objects
[146.658s][info][gc,phases      ] GC(237) Phase 1: Mark live objects 576.902ms
[146.658s][info][gc,phases,start] GC(237) Phase 2: Compute new object addresses
[146.813s][info][gc,phases      ] GC(237) Phase 2: Compute new object addresses 155.198ms
[146.814s][info][gc,phases,start] GC(237) Phase 3: Adjust pointers
[147.091s][info][gc,phases      ] GC(237) Phase 3: Adjust pointers 277.619ms
[147.091s][info][gc,phases,start] GC(237) Phase 4: Move objects
[147.225s][info][gc,phases      ] GC(237) Phase 4: Move objects 134.215ms
[147.231s][info][gc,heap        ] GC(237) DefNew: 157247K(157248K)->3951K(157248K) Eden: 139775K(139776K)->3951K(139776K) From: 17472K(17472K)->0K(17472K)
[147.231s][info][gc,heap        ] GC(237) Tenured: 251157K(349568K)->349567K(349568K)
[147.231s][info][gc,metaspace   ] GC(237) Metaspace: 16677K(17344K)->16677K(17344K) NonClass: 14257K(14656K)->14257K(14656K) Class: 2420K(2688K)->2420K(2688K)
[147.231s][info][gc             ] GC(237) Pause Full (Allocation Failure) 398M->345M(494M) 1149.637ms
[147.231s][info][gc,cpu         ] GC(237) User=1.16s Sys=0.00s Real=1.14s
[147.867s][info][gc,start       ] GC(238) Pause Full (Allocation Failure)
[147.867s][info][gc,phases,start] GC(238) Phase 1: Mark live objects
[148.484s][info][gc,phases      ] GC(238) Phase 1: Mark live objects 616.975ms
[148.484s][info][gc,phases,start] GC(238) Phase 2: Compute new object addresses
[148.709s][info][gc,phases      ] GC(238) Phase 2: Compute new object addresses 224.457ms
[148.713s][info][gc,phases,start] GC(238) Phase 3: Adjust pointers
[149.019s][info][gc,phases      ] GC(238) Phase 3: Adjust pointers 306.352ms
[149.019s][info][gc,phases,start] GC(238) Phase 4: Move objects
[149.062s][info][gc,phases      ] GC(238) Phase 4: Move objects 42.574ms
[149.068s][info][gc,heap        ] GC(238) DefNew: 157247K(157248K)->98633K(157248K) Eden: 139776K(139776K)->98633K(139776K) From: 17471K(17472K)->0K(17472K)
[149.068s][info][gc,heap        ] GC(238) Tenured: 349568K(349568K)->349568K(349568K)
[149.068s][info][gc,metaspace   ] GC(238) Metaspace: 16677K(17344K)->16677K(17344K) NonClass: 14257K(14656K)->14257K(14656K) Class: 2420K(2688K)->2420K(2688K)
[149.068s][info][gc             ] GC(238) Pause Full (Allocation Failure) 494M->437M(494M) 1200.541ms
[149.068s][info][gc,cpu         ] GC(238) User=1.20s Sys=0.00s Real=1.20s
[151.070s][info][gc,start       ] GC(239) Pause Full (Allocation Failure)
[151.070s][info][gc,phases,start] GC(239) Phase 1: Mark live objects
[151.620s][info][gc,phases      ] GC(239) Phase 1: Mark live objects 550.069ms
[151.621s][info][gc,phases,start] GC(239) Phase 2: Compute new object addresses
[151.828s][info][gc,phases      ] GC(239) Phase 2: Compute new object addresses 207.037ms
[151.828s][info][gc,phases,start] GC(239) Phase 3: Adjust pointers
[152.104s][info][gc,phases      ] GC(239) Phase 3: Adjust pointers 276.478ms
[152.104s][info][gc,phases,start] GC(239) Phase 4: Move objects
[152.186s][info][gc,phases      ] GC(239) Phase 4: Move objects 82.065ms
[152.192s][info][gc,heap        ] GC(239) DefNew: 157248K(157248K)->83807K(157248K) Eden: 139776K(139776K)->83807K(139776K) From: 17472K(17472K)->0K(17472K)
[152.192s][info][gc,heap        ] GC(239) Tenured: 349568K(349568K)->349567K(349568K)
[152.192s][info][gc,metaspace   ] GC(239) Metaspace: 16677K(17344K)->16677K(17344K) NonClass: 14257K(14656K)->14257K(14656K) Class: 2420K(2688K)->2420K(2688K)
[152.192s][info][gc             ] GC(239) Pause Full (Allocation Failure) 494M->423M(494M) 1121.516ms
[152.192s][info][gc,cpu         ] GC(239) User=1.13s Sys=0.00s Real=1.12s
[158.766s][info][gc,start       ] GC(240) Pause Full (Allocation Failure)
[158.766s][info][gc,phases,start] GC(240) Phase 1: Mark live objects
[158.806s][info][gc,phases      ] GC(240) Phase 1: Mark live objects 40.214ms
[158.807s][info][gc,phases,start] GC(240) Phase 2: Compute new object addresses
[158.950s][info][gc,phases      ] GC(240) Phase 2: Compute new object addresses 143.982ms
[158.951s][info][gc,phases,start] GC(240) Phase 3: Adjust pointers
[158.968s][info][gc,phases      ] GC(240) Phase 3: Adjust pointers 17.891ms
[158.968s][info][gc,phases,start] GC(240) Phase 4: Move objects
[158.976s][info][gc,phases      ] GC(240) Phase 4: Move objects 7.134ms
[158.976s][info][gc,heap        ] GC(240) DefNew: 157247K(157248K)->0K(157248K) Eden: 139776K(139776K)->0K(139776K) From: 17471K(17472K)->0K(17472K)
[158.976s][info][gc,heap        ] GC(240) Tenured: 349567K(349568K)->26340K(349568K)
[158.976s][info][gc,metaspace   ] GC(240) Metaspace: 16679K(17344K)->16679K(17344K) NonClass: 14258K(14656K)->14258K(14656K) Class: 2420K(2688K)->2420K(2688K)
[158.976s][info][gc             ] GC(240) Pause Full (Allocation Failure) 494M->25M(494M) 209.833ms
[158.976s][info][gc,cpu         ] GC(240) User=0.20s Sys=0.00s Real=0.20s
[159.094s][info][gc,start       ] GC(241) Pause Young (Allocation Failure)
[159.269s][info][gc,heap        ] GC(241) DefNew: 139776K(157248K)->17472K(157248K) Eden: 139776K(139776K)->0K(139776K) From: 0K(17472K)->17472K(17472K)
[159.269s][info][gc,heap        ] GC(241) Tenured: 26340K(349568K)->68105K(349568K)
[159.269s][info][gc,metaspace   ] GC(241) Metaspace: 16679K(17344K)->16679K(17344K) NonClass: 14258K(14656K)->14258K(14656K) Class: 2420K(2688K)->2420K(2688K)
[159.269s][info][gc             ] GC(241) Pause Young (Allocation Failure) 162M->83M(494M) 174.755ms
[159.269s][info][gc,cpu         ] GC(241) User=0.17s Sys=0.00s Real=0.17s
[159.406s][info][gc,start       ] GC(242) Pause Young (Allocation Failure)
[159.667s][info][gc,heap        ] GC(242) DefNew: 157248K(157248K)->17472K(157248K) Eden: 139776K(139776K)->0K(139776K) From: 17472K(17472K)->17472K(17472K)
[159.667s][info][gc,heap        ] GC(242) Tenured: 68105K(349568K)->126720K(349568K)
[159.667s][info][gc,metaspace   ] GC(242) Metaspace: 16679K(17344K)->16679K(17344K) NonClass: 14258K(14656K)->14258K(14656K) Class: 2420K(2688K)->2420K(2688K)
[159.667s][info][gc             ] GC(242) Pause Young (Allocation Failure) 220M->140M(494M) 261.015ms
[159.667s][info][gc,cpu         ] GC(242) User=0.27s Sys=0.00s Real=0.26s
[159.795s][info][gc,start       ] GC(243) Pause Young (Allocation Failure)
[160.033s][info][gc,heap        ] GC(243) DefNew: 157248K(157248K)->17472K(157248K) Eden: 139776K(139776K)->0K(139776K) From: 17472K(17472K)->17472K(17472K)
[160.034s][info][gc,heap        ] GC(243) Tenured: 126720K(349568K)->183254K(349568K)
[160.034s][info][gc,metaspace   ] GC(243) Metaspace: 16679K(17344K)->16679K(17344K) NonClass: 14258K(14656K)->14258K(14656K) Class: 2420K(2688K)->2420K(2688K)
[160.034s][info][gc             ] GC(243) Pause Young (Allocation Failure) 277M->196M(494M) 238.723ms
[160.034s][info][gc,cpu         ] GC(243) User=0.23s Sys=0.00s Real=0.23s
[160.164s][info][gc,start       ] GC(244) Pause Young (Allocation Failure)
[160.414s][info][gc,heap        ] GC(244) DefNew: 157248K(157248K)->17471K(157248K) Eden: 139776K(139776K)->0K(139776K) From: 17472K(17472K)->17471K(17472K)
[160.414s][info][gc,heap        ] GC(244) Tenured: 183254K(349568K)->242094K(349568K)
[160.414s][info][gc,metaspace   ] GC(244) Metaspace: 16679K(17344K)->16679K(17344K) NonClass: 14258K(14656K)->14258K(14656K) Class: 2420K(2688K)->2420K(2688K)
[160.414s][info][gc             ] GC(244) Pause Young (Allocation Failure) 332M->253M(494M) 249.612ms
[160.414s][info][gc,cpu         ] GC(244) User=0.25s Sys=0.00s Real=0.25s
[160.544s][info][gc,start       ] GC(245) Pause Young (Allocation Failure)
[160.545s][info][gc             ] GC(245) Pause Young (Allocation Failure) 389M->389M(494M) 0.165ms
[160.545s][info][gc,cpu         ] GC(245) User=0.00s Sys=0.00s Real=0.00s
[160.545s][info][gc,start       ] GC(246) Pause Full (Allocation Failure)
[160.545s][info][gc,phases,start] GC(246) Phase 1: Mark live objects
[161.004s][info][gc,phases      ] GC(246) Phase 1: Mark live objects 459.551ms
[161.004s][info][gc,phases,start] GC(246) Phase 2: Compute new object addresses
[161.140s][info][gc,phases      ] GC(246) Phase 2: Compute new object addresses 135.555ms
[161.140s][info][gc,phases,start] GC(246) Phase 3: Adjust pointers
[161.402s][info][gc,phases      ] GC(246) Phase 3: Adjust pointers 262.252ms
[161.402s][info][gc,phases,start] GC(246) Phase 4: Move objects
[161.514s][info][gc,phases      ] GC(246) Phase 4: Move objects 111.575ms
[161.514s][info][gc,heap        ] GC(246) DefNew: 157247K(157248K)->0K(157248K) Eden: 139776K(139776K)->0K(139776K) From: 17471K(17472K)->0K(17472K)
[161.514s][info][gc,heap        ] GC(246) Tenured: 242094K(349568K)->310564K(349568K)
[161.514s][info][gc,metaspace   ] GC(246) Metaspace: 16679K(17344K)->16679K(17344K) NonClass: 14258K(14656K)->14258K(14656K) Class: 2420K(2688K)->2420K(2688K)
[161.514s][info][gc             ] GC(246) Pause Full (Allocation Failure) 389M->303M(494M) 969.543ms
[161.514s][info][gc,cpu         ] GC(246) User=0.98s Sys=0.00s Real=0.98s
[161.644s][info][gc,start       ] GC(247) Pause Young (Allocation Failure)
[161.644s][info][gc             ] GC(247) Pause Young (Allocation Failure) 439M->439M(494M) 0.344ms
[161.644s][info][gc,cpu         ] GC(247) User=0.00s Sys=0.00s Real=0.00s
[161.644s][info][gc,start       ] GC(248) Pause Full (Allocation Failure)
[161.644s][info][gc,phases,start] GC(248) Phase 1: Mark live objects
[162.178s][info][gc,phases      ] GC(248) Phase 1: Mark live objects 533.038ms
[162.178s][info][gc,phases,start] GC(248) Phase 2: Compute new object addresses
[162.335s][info][gc,phases      ] GC(248) Phase 2: Compute new object addresses 157.822ms
[162.335s][info][gc,phases,start] GC(248) Phase 3: Adjust pointers
[162.609s][info][gc,phases      ] GC(248) Phase 3: Adjust pointers 273.198ms
[162.609s][info][gc,phases,start] GC(248) Phase 4: Move objects
[162.642s][info][gc,phases      ] GC(248) Phase 4: Move objects 33.345ms
[162.642s][info][gc,heap        ] GC(248) DefNew: 139776K(157248K)->20062K(157248K) Eden: 139776K(139776K)->20062K(139776K) From: 0K(17472K)->0K(17472K)
[162.642s][info][gc,heap        ] GC(248) Tenured: 310564K(349568K)->349567K(349568K)
[162.642s][info][gc,metaspace   ] GC(248) Metaspace: 16679K(17344K)->16679K(17344K) NonClass: 14258K(14656K)->14258K(14656K) Class: 2420K(2688K)->2420K(2688K)
[162.642s][info][gc             ] GC(248) Pause Full (Allocation Failure) 439M->360M(494M) 998.008ms
[162.642s][info][gc,cpu         ] GC(248) User=1.00s Sys=0.00s Real=0.99s
[162.826s][info][gc,start       ] GC(249) Pause Full (Allocation Failure)
[162.826s][info][gc,phases,start] GC(249) Phase 1: Mark live objects
[163.431s][info][gc,phases      ] GC(249) Phase 1: Mark live objects 604.724ms
[163.431s][info][gc,phases,start] GC(249) Phase 2: Compute new object addresses
[163.630s][info][gc,phases      ] GC(249) Phase 2: Compute new object addresses 198.813ms
[163.630s][info][gc,phases,start] GC(249) Phase 3: Adjust pointers
[163.935s][info][gc,phases      ] GC(249) Phase 3: Adjust pointers 304.956ms
[163.935s][info][gc,phases,start] GC(249) Phase 4: Move objects
[163.974s][info][gc,phases      ] GC(249) Phase 4: Move objects 38.700ms
[163.974s][info][gc,heap        ] GC(249) DefNew: 157248K(157248K)->76067K(157248K) Eden: 139776K(139776K)->76067K(139776K) From: 17472K(17472K)->0K(17472K)
[163.974s][info][gc,heap        ] GC(249) Tenured: 349568K(349568K)->349568K(349568K)
[163.974s][info][gc,metaspace   ] GC(249) Metaspace: 16679K(17344K)->16679K(17344K) NonClass: 14258K(14656K)->14258K(14656K) Class: 2420K(2688K)->2420K(2688K)
[163.974s][info][gc             ] GC(249) Pause Full (Allocation Failure) 494M->415M(494M) 1147.894ms
[163.974s][info][gc,cpu         ] GC(249) User=1.16s Sys=0.00s Real=1.15s
[164.226s][info][gc,start       ] GC(250) Pause Full (Allocation Failure)
[164.226s][info][gc,phases,start] GC(250) Phase 1: Mark live objects
[164.844s][info][gc,phases      ] GC(250) Phase 1: Mark live objects 618.105ms
[164.844s][info][gc,phases,start] GC(250) Phase 2: Compute new object addresses
[165.037s][info][gc,phases      ] GC(250) Phase 2: Compute new object addresses 192.336ms
[165.037s][info][gc,phases,start] GC(250) Phase 3: Adjust pointers
[165.380s][info][gc,phases      ] GC(250) Phase 3: Adjust pointers 343.361ms
[165.380s][info][gc,phases,start] GC(250) Phase 4: Move objects
[165.430s][info][gc,phases      ] GC(250) Phase 4: Move objects 49.993ms
[165.430s][info][gc,heap        ] GC(250) DefNew: 157247K(157248K)->123722K(157248K) Eden: 139776K(139776K)->123722K(139776K) From: 17471K(17472K)->0K(17472K)
[165.430s][info][gc,heap        ] GC(250) Tenured: 349568K(349568K)->349568K(349568K)
[165.430s][info][gc,metaspace   ] GC(250) Metaspace: 16679K(17344K)->16679K(17344K) NonClass: 14258K(14656K)->14258K(14656K) Class: 2420K(2688K)->2420K(2688K)
[165.430s][info][gc             ] GC(250) Pause Full (Allocation Failure) 494M->462M(494M) 1204.522ms
[165.431s][info][gc,cpu         ] GC(250) User=1.22s Sys=0.00s Real=1.22s
[165.892s][info][gc,start       ] GC(251) Pause Full (Allocation Failure)
[165.893s][info][gc,phases,start] GC(251) Phase 1: Mark live objects
[166.508s][info][gc,phases      ] GC(251) Phase 1: Mark live objects 615.597ms
[166.508s][info][gc,phases,start] GC(251) Phase 2: Compute new object addresses
[166.731s][info][gc,phases      ] GC(251) Phase 2: Compute new object addresses 223.034ms
[166.731s][info][gc,phases,start] GC(251) Phase 3: Adjust pointers
[167.101s][info][gc,phases      ] GC(251) Phase 3: Adjust pointers 369.798ms
[167.101s][info][gc,phases,start] GC(251) Phase 4: Move objects
[167.259s][info][gc,phases      ] GC(251) Phase 4: Move objects 157.458ms
[167.259s][info][gc,heap        ] GC(251) DefNew: 157247K(157248K)->125142K(157248K) Eden: 139776K(139776K)->125142K(139776K) From: 17471K(17472K)->0K(17472K)
[167.259s][info][gc,heap        ] GC(251) Tenured: 349568K(349568K)->349567K(349568K)
[167.259s][info][gc,metaspace   ] GC(251) Metaspace: 16679K(17344K)->16679K(17344K) NonClass: 14258K(14656K)->14258K(14656K) Class: 2420K(2688K)->2420K(2688K)
[167.259s][info][gc             ] GC(251) Pause Full (Allocation Failure) 494M->463M(494M) 1366.630ms
[167.259s][info][gc,cpu         ] GC(251) User=1.36s Sys=0.00s Real=1.36s
[167.367s][info][gc,start       ] GC(252) Pause Full (Allocation Failure)
[167.367s][info][gc,phases,start] GC(252) Phase 1: Mark live objects
[167.984s][info][gc,phases      ] GC(252) Phase 1: Mark live objects 616.861ms
[167.984s][info][gc,phases,start] GC(252) Phase 2: Compute new object addresses
[168.179s][info][gc,phases      ] GC(252) Phase 2: Compute new object addresses 194.696ms
[168.179s][info][gc,phases,start] GC(252) Phase 3: Adjust pointers
[168.504s][info][gc,phases      ] GC(252) Phase 3: Adjust pointers 325.249ms
[168.504s][info][gc,phases,start] GC(252) Phase 4: Move objects
[168.551s][info][gc,phases      ] GC(252) Phase 4: Move objects 47.224ms
[168.551s][info][gc,heap        ] GC(252) DefNew: 157247K(157248K)->122821K(157248K) Eden: 139776K(139776K)->122821K(139776K) From: 17471K(17472K)->0K(17472K)
[168.551s][info][gc,heap        ] GC(252) Tenured: 349567K(349568K)->349567K(349568K)
[168.551s][info][gc,metaspace   ] GC(252) Metaspace: 16679K(17344K)->16679K(17344K) NonClass: 14258K(14656K)->14258K(14656K) Class: 2420K(2688K)->2420K(2688K)
[168.551s][info][gc             ] GC(252) Pause Full (Allocation Failure) 494M->461M(494M) 1184.722ms
[168.552s][info][gc,cpu         ] GC(252) User=1.19s Sys=0.00s Real=1.19s
[168.664s][info][gc,start       ] GC(253) Pause Full (Allocation Failure)
[168.664s][info][gc,phases,start] GC(253) Phase 1: Mark live objects
[169.236s][info][gc,phases      ] GC(253) Phase 1: Mark live objects 571.957ms
[169.236s][info][gc,phases,start] GC(253) Phase 2: Compute new object addresses
[169.430s][info][gc,phases      ] GC(253) Phase 2: Compute new object addresses 194.094ms
[169.430s][info][gc,phases,start] GC(253) Phase 3: Adjust pointers
[169.759s][info][gc,phases      ] GC(253) Phase 3: Adjust pointers 328.633ms
[169.759s][info][gc,phases,start] GC(253) Phase 4: Move objects
[169.805s][info][gc,phases      ] GC(253) Phase 4: Move objects 46.661ms
[169.806s][info][gc,heap        ] GC(253) DefNew: 157247K(157248K)->120222K(157248K) Eden: 139776K(139776K)->120222K(139776K) From: 17471K(17472K)->0K(17472K)
[169.806s][info][gc,heap        ] GC(253) Tenured: 349567K(349568K)->349567K(349568K)
[169.806s][info][gc,metaspace   ] GC(253) Metaspace: 16679K(17344K)->16679K(17344K) NonClass: 14258K(14656K)->14258K(14656K) Class: 2420K(2688K)->2420K(2688K)
[169.806s][info][gc             ] GC(253) Pause Full (Allocation Failure) 494M->458M(494M) 1142.013ms
[169.806s][info][gc,cpu         ] GC(253) User=1.14s Sys=0.00s Real=1.14s
[169.936s][info][gc,start       ] GC(254) Pause Full (Allocation Failure)
[169.936s][info][gc,phases,start] GC(254) Phase 1: Mark live objects
[170.505s][info][gc,phases      ] GC(254) Phase 1: Mark live objects 568.178ms
[170.505s][info][gc,phases,start] GC(254) Phase 2: Compute new object addresses
[170.710s][info][gc,phases      ] GC(254) Phase 2: Compute new object addresses 205.798ms
[170.710s][info][gc,phases,start] GC(254) Phase 3: Adjust pointers
[171.011s][info][gc,phases      ] GC(254) Phase 3: Adjust pointers 300.376ms
[171.011s][info][gc,phases,start] GC(254) Phase 4: Move objects
[171.056s][info][gc,phases      ] GC(254) Phase 4: Move objects 44.920ms
[171.056s][info][gc,heap        ] GC(254) DefNew: 157247K(157248K)->117338K(157248K) Eden: 139776K(139776K)->117338K(139776K) From: 17471K(17472K)->0K(17472K)
[171.056s][info][gc,heap        ] GC(254) Tenured: 349567K(349568K)->349567K(349568K)
[171.056s][info][gc,metaspace   ] GC(254) Metaspace: 16679K(17344K)->16679K(17344K) NonClass: 14258K(14656K)->14258K(14656K) Class: 2420K(2688K)->2420K(2688K)
[171.056s][info][gc             ] GC(254) Pause Full (Allocation Failure) 494M->455M(494M) 1120.024ms
[171.056s][info][gc,cpu         ] GC(254) User=1.13s Sys=0.00s Real=1.12s
[171.183s][info][gc,start       ] GC(255) Pause Full (Allocation Failure)
[171.183s][info][gc,phases,start] GC(255) Phase 1: Mark live objects
[171.749s][info][gc,phases      ] GC(255) Phase 1: Mark live objects 565.531ms
[171.749s][info][gc,phases,start] GC(255) Phase 2: Compute new object addresses
[171.936s][info][gc,phases      ] GC(255) Phase 2: Compute new object addresses 186.710ms
[171.936s][info][gc,phases,start] GC(255) Phase 3: Adjust pointers
[172.250s][info][gc,phases      ] GC(255) Phase 3: Adjust pointers 313.904ms
[172.250s][info][gc,phases,start] GC(255) Phase 4: Move objects
[172.404s][info][gc,phases      ] GC(255) Phase 4: Move objects 153.812ms
[172.404s][info][gc,heap        ] GC(255) DefNew: 157247K(157248K)->100661K(157248K) Eden: 139776K(139776K)->100661K(139776K) From: 17471K(17472K)->0K(17472K)
[172.404s][info][gc,heap        ] GC(255) Tenured: 349567K(349568K)->349567K(349568K)
[172.404s][info][gc,metaspace   ] GC(255) Metaspace: 16679K(17344K)->16679K(17344K) NonClass: 14258K(14656K)->14258K(14656K) Class: 2420K(2688K)->2420K(2688K)
[172.404s][info][gc             ] GC(255) Pause Full (Allocation Failure) 494M->439M(494M) 1220.625ms
[172.404s][info][gc,cpu         ] GC(255) User=1.22s Sys=0.00s Real=1.22s
[172.552s][info][gc,start       ] GC(256) Pause Full (Allocation Failure)
[172.553s][info][gc,phases,start] GC(256) Phase 1: Mark live objects
[173.081s][info][gc,phases      ] GC(256) Phase 1: Mark live objects 528.233ms
[173.081s][info][gc,phases,start] GC(256) Phase 2: Compute new object addresses
[173.270s][info][gc,phases      ] GC(256) Phase 2: Compute new object addresses 189.532ms
[173.270s][info][gc,phases,start] GC(256) Phase 3: Adjust pointers
[173.539s][info][gc,phases      ] GC(256) Phase 3: Adjust pointers 268.923ms
[173.540s][info][gc,phases,start] GC(256) Phase 4: Move objects
[173.581s][info][gc,phases      ] GC(256) Phase 4: Move objects 41.647ms
[173.581s][info][gc,heap        ] GC(256) DefNew: 157247K(157248K)->96036K(157248K) Eden: 139776K(139776K)->96036K(139776K) From: 17471K(17472K)->0K(17472K)
[173.581s][info][gc,heap        ] GC(256) Tenured: 349568K(349568K)->349568K(349568K)
[173.581s][info][gc,metaspace   ] GC(256) Metaspace: 16679K(17344K)->16679K(17344K) NonClass: 14258K(14656K)->14258K(14656K) Class: 2420K(2688K)->2420K(2688K)
[173.582s][info][gc             ] GC(256) Pause Full (Allocation Failure) 494M->435M(494M) 1029.111ms
[173.582s][info][gc,cpu         ] GC(256) User=1.05s Sys=0.00s Real=1.04s
[173.753s][info][gc,start       ] GC(257) Pause Full (Allocation Failure)
[173.753s][info][gc,phases,start] GC(257) Phase 1: Mark live objects
[174.259s][info][gc,phases      ] GC(257) Phase 1: Mark live objects 505.632ms
[174.259s][info][gc,phases,start] GC(257) Phase 2: Compute new object addresses
[174.446s][info][gc,phases      ] GC(257) Phase 2: Compute new object addresses 187.047ms
[174.446s][info][gc,phases,start] GC(257) Phase 3: Adjust pointers
[174.691s][info][gc,phases      ] GC(257) Phase 3: Adjust pointers 244.870ms
[174.691s][info][gc,phases,start] GC(257) Phase 4: Move objects
[174.727s][info][gc,phases      ] GC(257) Phase 4: Move objects 35.655ms
[174.727s][info][gc,heap        ] GC(257) DefNew: 157247K(157248K)->90856K(157248K) Eden: 139776K(139776K)->90856K(139776K) From: 17471K(17472K)->0K(17472K)
[174.727s][info][gc,heap        ] GC(257) Tenured: 349568K(349568K)->349568K(349568K)
[174.727s][info][gc,metaspace   ] GC(257) Metaspace: 16679K(17344K)->16679K(17344K) NonClass: 14258K(14656K)->14258K(14656K) Class: 2420K(2688K)->2420K(2688K)
[174.727s][info][gc             ] GC(257) Pause Full (Allocation Failure) 494M->430M(494M) 974.192ms
[174.727s][info][gc,cpu         ] GC(257) User=0.97s Sys=0.00s Real=0.98s
[174.867s][info][gc,start       ] GC(258) Pause Full (Allocation Failure)
[174.868s][info][gc,phases,start] GC(258) Phase 1: Mark live objects
[175.333s][info][gc,phases      ] GC(258) Phase 1: Mark live objects 465.881ms
[175.334s][info][gc,phases,start] GC(258) Phase 2: Compute new object addresses
[175.515s][info][gc,phases      ] GC(258) Phase 2: Compute new object addresses 181.712ms
[175.515s][info][gc,phases,start] GC(258) Phase 3: Adjust pointers
[175.752s][info][gc,phases      ] GC(258) Phase 3: Adjust pointers 237.161ms
[175.753s][info][gc,phases,start] GC(258) Phase 4: Move objects
[175.784s][info][gc,phases      ] GC(258) Phase 4: Move objects 31.090ms
[175.784s][info][gc,heap        ] GC(258) DefNew: 157247K(157248K)->85091K(157248K) Eden: 139776K(139776K)->85091K(139776K) From: 17471K(17472K)->0K(17472K)
[175.784s][info][gc,heap        ] GC(258) Tenured: 349568K(349568K)->349568K(349568K)
[175.784s][info][gc,metaspace   ] GC(258) Metaspace: 16679K(17344K)->16679K(17344K) NonClass: 14258K(14656K)->14258K(14656K) Class: 2420K(2688K)->2420K(2688K)
[175.784s][info][gc             ] GC(258) Pause Full (Allocation Failure) 494M->424M(494M) 916.510ms
[175.784s][info][gc,cpu         ] GC(258) User=0.91s Sys=0.00s Real=0.91s
[175.927s][info][gc,start       ] GC(259) Pause Full (Allocation Failure)
[175.927s][info][gc,phases,start] GC(259) Phase 1: Mark live objects
[176.365s][info][gc,phases      ] GC(259) Phase 1: Mark live objects 438.534ms
[176.365s][info][gc,phases,start] GC(259) Phase 2: Compute new object addresses
[176.539s][info][gc,phases      ] GC(259) Phase 2: Compute new object addresses 173.489ms
[176.546s][info][gc,phases,start] GC(259) Phase 3: Adjust pointers
[176.793s][info][gc,phases      ] GC(259) Phase 3: Adjust pointers 247.468ms
[176.793s][info][gc,phases,start] GC(259) Phase 4: Move objects
[176.914s][info][gc,phases      ] GC(259) Phase 4: Move objects 120.257ms
[176.914s][info][gc,heap        ] GC(259) DefNew: 157247K(157248K)->56790K(157248K) Eden: 139776K(139776K)->56790K(139776K) From: 17471K(17472K)->0K(17472K)
[176.914s][info][gc,heap        ] GC(259) Tenured: 349568K(349568K)->349567K(349568K)
[176.914s][info][gc,metaspace   ] GC(259) Metaspace: 16679K(17344K)->16679K(17344K) NonClass: 14258K(14656K)->14258K(14656K) Class: 2420K(2688K)->2420K(2688K)
[176.914s][info][gc             ] GC(259) Pause Full (Allocation Failure) 494M->396M(494M) 987.281ms
[176.914s][info][gc,cpu         ] GC(259) User=0.98s Sys=0.00s Real=0.98s
[177.087s][info][gc,start       ] GC(260) Pause Full (Allocation Failure)
[177.088s][info][gc,phases,start] GC(260) Phase 1: Mark live objects
[177.493s][info][gc,phases      ] GC(260) Phase 1: Mark live objects 405.214ms
[177.493s][info][gc,phases,start] GC(260) Phase 2: Compute new object addresses
[177.662s][info][gc,phases      ] GC(260) Phase 2: Compute new object addresses 168.910ms
[177.662s][info][gc,phases,start] GC(260) Phase 3: Adjust pointers
[177.856s][info][gc,phases      ] GC(260) Phase 3: Adjust pointers 194.500ms
[177.856s][info][gc,phases,start] GC(260) Phase 4: Move objects
[177.874s][info][gc,phases      ] GC(260) Phase 4: Move objects 17.672ms
[177.874s][info][gc,heap        ] GC(260) DefNew: 157247K(157248K)->46569K(157248K) Eden: 139776K(139776K)->46569K(139776K) From: 17471K(17472K)->0K(17472K)
[177.874s][info][gc,heap        ] GC(260) Tenured: 349567K(349568K)->349567K(349568K)
[177.874s][info][gc,metaspace   ] GC(260) Metaspace: 16679K(17344K)->16679K(17344K) NonClass: 14258K(14656K)->14258K(14656K) Class: 2420K(2688K)->2420K(2688K)
[177.874s][info][gc             ] GC(260) Pause Full (Allocation Failure) 494M->386M(494M) 786.989ms
[177.874s][info][gc,cpu         ] GC(260) User=0.80s Sys=0.00s Real=0.79s
[179.419s][info][gc,start       ] GC(261) Pause Full (Allocation Failure)
[179.419s][info][gc,phases,start] GC(261) Phase 1: Mark live objects
[179.444s][info][gc,phases      ] GC(261) Phase 1: Mark live objects 24.285ms
[179.444s][info][gc,phases,start] GC(261) Phase 2: Compute new object addresses
[179.589s][info][gc,phases      ] GC(261) Phase 2: Compute new object addresses 145.809ms
[179.590s][info][gc,phases,start] GC(261) Phase 3: Adjust pointers
[179.598s][info][gc,phases      ] GC(261) Phase 3: Adjust pointers 8.579ms
[179.598s][info][gc,phases,start] GC(261) Phase 4: Move objects
[179.599s][info][gc,phases      ] GC(261) Phase 4: Move objects 0.698ms
[179.599s][info][gc,heap        ] GC(261) DefNew: 157247K(157248K)->0K(157248K) Eden: 139776K(139776K)->0K(139776K) From: 17471K(17472K)->0K(17472K)
[179.599s][info][gc,heap        ] GC(261) Tenured: 349567K(349568K)->15105K(349568K)
[179.599s][info][gc,metaspace   ] GC(261) Metaspace: 16679K(17344K)->16679K(17344K) NonClass: 14258K(14656K)->14258K(14656K) Class: 2420K(2688K)->2420K(2688K)
[179.599s][info][gc             ] GC(261) Pause Full (Allocation Failure) 494M->14M(494M) 179.942ms
[179.599s][info][gc,cpu         ] GC(261) User=0.19s Sys=0.00s Real=0.19s
[179.772s][info][gc,start       ] GC(262) Pause Full (System.gc())
[179.772s][info][gc,phases,start] GC(262) Phase 1: Mark live objects
[179.793s][info][gc,phases      ] GC(262) Phase 1: Mark live objects 21.556ms
[179.793s][info][gc,phases,start] GC(262) Phase 2: Compute new object addresses
[179.802s][info][gc,phases      ] GC(262) Phase 2: Compute new object addresses 9.147ms
[179.802s][info][gc,phases,start] GC(262) Phase 3: Adjust pointers
[179.809s][info][gc,phases      ] GC(262) Phase 3: Adjust pointers 6.928ms
[179.809s][info][gc,phases,start] GC(262) Phase 4: Move objects
[179.809s][info][gc,phases      ] GC(262) Phase 4: Move objects 0.011ms
[179.809s][info][gc,heap        ] GC(262) DefNew: 11504K(157248K)->0K(157248K) Eden: 11504K(139776K)->0K(139776K) From: 0K(17472K)->0K(17472K)
[179.810s][info][gc,heap        ] GC(262) Tenured: 15105K(349568K)->15105K(349568K)
[179.810s][info][gc,metaspace   ] GC(262) Metaspace: 16679K(17344K)->16679K(17344K) NonClass: 14259K(14656K)->14259K(14656K) Class: 2420K(2688K)->2420K(2688K)
[179.810s][info][gc             ] GC(262) Pause Full (System.gc()) 25M->14M(494M) 38.028ms
[179.810s][info][gc,cpu         ] GC(262) User=0.03s Sys=0.00s Real=0.03s
[181.752s][info][gc,start       ] GC(263) Pause Young (Allocation Failure)
[181.758s][info][gc,heap        ] GC(263) DefNew: 139776K(157248K)->1437K(157248K) Eden: 139776K(139776K)->0K(139776K) From: 0K(17472K)->1437K(17472K)
[181.758s][info][gc,heap        ] GC(263) Tenured: 15105K(349568K)->15105K(349568K)
[181.758s][info][gc,metaspace   ] GC(263) Metaspace: 16679K(17344K)->16679K(17344K) NonClass: 14259K(14656K)->14259K(14656K) Class: 2420K(2688K)->2420K(2688K)
[181.758s][info][gc             ] GC(263) Pause Young (Allocation Failure) 151M->16M(494M) 6.124ms
[181.758s][info][gc,cpu         ] GC(263) User=0.02s Sys=0.00s Real=0.02s
[181.778s][info][gc,start       ] GC(264) Pause Young (Allocation Failure)
[181.783s][info][gc,heap        ] GC(264) DefNew: 141213K(157248K)->1553K(157248K) Eden: 139776K(139776K)->0K(139776K) From: 1437K(17472K)->1553K(17472K)
[181.783s][info][gc,heap        ] GC(264) Tenured: 15105K(349568K)->15105K(349568K)
[181.783s][info][gc,metaspace   ] GC(264) Metaspace: 16679K(17344K)->16679K(17344K) NonClass: 14259K(14656K)->14259K(14656K) Class: 2420K(2688K)->2420K(2688K)
[181.783s][info][gc             ] GC(264) Pause Young (Allocation Failure) 152M->16M(494M) 4.391ms
[181.783s][info][gc,cpu         ] GC(264) User=0.00s Sys=0.00s Real=0.00s
[181.800s][info][gc,start       ] GC(265) Pause Young (Allocation Failure)
[181.804s][info][gc,heap        ] GC(265) DefNew: 141329K(157248K)->1494K(157248K) Eden: 139776K(139776K)->0K(139776K) From: 1553K(17472K)->1494K(17472K)
[181.804s][info][gc,heap        ] GC(265) Tenured: 15105K(349568K)->15105K(349568K)
[181.804s][info][gc,metaspace   ] GC(265) Metaspace: 16679K(17344K)->16679K(17344K) NonClass: 14259K(14656K)->14259K(14656K) Class: 2420K(2688K)->2420K(2688K)
[181.804s][info][gc             ] GC(265) Pause Young (Allocation Failure) 152M->16M(494M) 4.190ms
[181.804s][info][gc,cpu         ] GC(265) User=0.00s Sys=0.00s Real=0.00s
[181.819s][info][gc,start       ] GC(266) Pause Young (Allocation Failure)
[181.824s][info][gc,heap        ] GC(266) DefNew: 141270K(157248K)->1592K(157248K) Eden: 139776K(139776K)->0K(139776K) From: 1494K(17472K)->1592K(17472K)
[181.824s][info][gc,heap        ] GC(266) Tenured: 15105K(349568K)->15105K(349568K)
[181.824s][info][gc,metaspace   ] GC(266) Metaspace: 16679K(17344K)->16679K(17344K) NonClass: 14259K(14656K)->14259K(14656K) Class: 2420K(2688K)->2420K(2688K)
[181.824s][info][gc             ] GC(266) Pause Young (Allocation Failure) 152M->16M(494M) 4.426ms
[181.824s][info][gc,cpu         ] GC(266) User=0.02s Sys=0.00s Real=0.01s
[181.839s][info][gc,start       ] GC(267) Pause Young (Allocation Failure)
[181.843s][info][gc,heap        ] GC(267) DefNew: 141368K(157248K)->1529K(157248K) Eden: 139776K(139776K)->0K(139776K) From: 1592K(17472K)->1529K(17472K)
[181.843s][info][gc,heap        ] GC(267) Tenured: 15105K(349568K)->15105K(349568K)
[181.843s][info][gc,metaspace   ] GC(267) Metaspace: 16679K(17344K)->16679K(17344K) NonClass: 14259K(14656K)->14259K(14656K) Class: 2420K(2688K)->2420K(2688K)
[181.843s][info][gc             ] GC(267) Pause Young (Allocation Failure) 152M->16M(494M) 4.180ms
[181.843s][info][gc,cpu         ] GC(267) User=0.00s Sys=0.00s Real=0.00s
[181.858s][info][gc,start       ] GC(268) Pause Young (Allocation Failure)
[181.862s][info][gc,heap        ] GC(268) DefNew: 141305K(157248K)->1559K(157248K) Eden: 139776K(139776K)->0K(139776K) From: 1529K(17472K)->1559K(17472K)
[181.882s][info][gc,heap        ] GC(268) Tenured: 15105K(349568K)->15105K(349568K)
[181.882s][info][gc,metaspace   ] GC(268) Metaspace: 16679K(17344K)->16679K(17344K) NonClass: 14259K(14656K)->14259K(14656K) Class: 2420K(2688K)->2420K(2688K)
[181.882s][info][gc             ] GC(268) Pause Young (Allocation Failure) 152M->16M(494M) 23.724ms
[181.882s][info][gc,cpu         ] GC(268) User=0.02s Sys=0.00s Real=0.03s
[181.899s][info][gc,start       ] GC(269) Pause Young (Allocation Failure)
[181.903s][info][gc,heap        ] GC(269) DefNew: 141335K(157248K)->1487K(157248K) Eden: 139776K(139776K)->0K(139776K) From: 1559K(17472K)->1487K(17472K)
[181.904s][info][gc,heap        ] GC(269) Tenured: 15105K(349568K)->15105K(349568K)
[181.904s][info][gc,metaspace   ] GC(269) Metaspace: 16679K(17344K)->16679K(17344K) NonClass: 14259K(14656K)->14259K(14656K) Class: 2420K(2688K)->2420K(2688K)
[181.904s][info][gc             ] GC(269) Pause Young (Allocation Failure) 152M->16M(494M) 4.456ms
[181.904s][info][gc,cpu         ] GC(269) User=0.00s Sys=0.00s Real=0.00s
[181.920s][info][gc,start       ] GC(270) Pause Young (Allocation Failure)
[181.924s][info][gc,heap        ] GC(270) DefNew: 141263K(157248K)->1516K(157248K) Eden: 139776K(139776K)->0K(139776K) From: 1487K(17472K)->1516K(17472K)
[181.924s][info][gc,heap        ] GC(270) Tenured: 15105K(349568K)->15105K(349568K)
[181.924s][info][gc,metaspace   ] GC(270) Metaspace: 16679K(17344K)->16679K(17344K) NonClass: 14259K(14656K)->14259K(14656K) Class: 2420K(2688K)->2420K(2688K)
[181.924s][info][gc             ] GC(270) Pause Young (Allocation Failure) 152M->16M(494M) 4.227ms
[181.924s][info][gc,cpu         ] GC(270) User=0.00s Sys=0.00s Real=0.00s
[181.939s][info][gc,start       ] GC(271) Pause Young (Allocation Failure)
[181.944s][info][gc,heap        ] GC(271) DefNew: 141292K(157248K)->1544K(157248K) Eden: 139776K(139776K)->0K(139776K) From: 1516K(17472K)->1544K(17472K)
[181.944s][info][gc,heap        ] GC(271) Tenured: 15105K(349568K)->15105K(349568K)
[181.944s][info][gc,metaspace   ] GC(271) Metaspace: 16679K(17344K)->16679K(17344K) NonClass: 14259K(14656K)->14259K(14656K) Class: 2420K(2688K)->2420K(2688K)
[181.944s][info][gc             ] GC(271) Pause Young (Allocation Failure) 152M->16M(494M) 4.239ms
[181.944s][info][gc,cpu         ] GC(271) User=0.00s Sys=0.00s Real=0.00s
[181.959s][info][gc,start       ] GC(272) Pause Young (Allocation Failure)
[181.963s][info][gc,heap        ] GC(272) DefNew: 141320K(157248K)->1548K(157248K) Eden: 139776K(139776K)->0K(139776K) From: 1544K(17472K)->1548K(17472K)
[181.963s][info][gc,heap        ] GC(272) Tenured: 15105K(349568K)->15105K(349568K)
[181.963s][info][gc,metaspace   ] GC(272) Metaspace: 16679K(17344K)->16679K(17344K) NonClass: 14259K(14656K)->14259K(14656K) Class: 2420K(2688K)->2420K(2688K)
[181.963s][info][gc             ] GC(272) Pause Young (Allocation Failure) 152M->16M(494M) 4.338ms
[181.963s][info][gc,cpu         ] GC(272) User=0.02s Sys=0.00s Real=0.02s
[181.978s][info][gc,start       ] GC(273) Pause Young (Allocation Failure)
[181.983s][info][gc,heap        ] GC(273) DefNew: 141324K(157248K)->1496K(157248K) Eden: 139776K(139776K)->0K(139776K) From: 1548K(17472K)->1496K(17472K)
[181.983s][info][gc,heap        ] GC(273) Tenured: 15105K(349568K)->15105K(349568K)
[181.983s][info][gc,metaspace   ] GC(273) Metaspace: 16679K(17344K)->16679K(17344K) NonClass: 14259K(14656K)->14259K(14656K) Class: 2420K(2688K)->2420K(2688K)
[181.983s][info][gc             ] GC(273) Pause Young (Allocation Failure) 152M->16M(494M) 4.250ms
[181.983s][info][gc,cpu         ] GC(273) User=0.02s Sys=0.00s Real=0.02s
[181.998s][info][gc,start       ] GC(274) Pause Young (Allocation Failure)
[182.002s][info][gc,heap        ] GC(274) DefNew: 141272K(157248K)->1499K(157248K) Eden: 139776K(139776K)->0K(139776K) From: 1496K(17472K)->1499K(17472K)
[182.002s][info][gc,heap        ] GC(274) Tenured: 15105K(349568K)->15105K(349568K)
[182.002s][info][gc,metaspace   ] GC(274) Metaspace: 16679K(17344K)->16679K(17344K) NonClass: 14259K(14656K)->14259K(14656K) Class: 2420K(2688K)->2420K(2688K)
[182.002s][info][gc             ] GC(274) Pause Young (Allocation Failure) 152M->16M(494M) 4.218ms
[182.002s][info][gc,cpu         ] GC(274) User=0.02s Sys=0.00s Real=0.02s
[182.018s][info][gc,start       ] GC(275) Pause Young (Allocation Failure)
[182.022s][info][gc,heap        ] GC(275) DefNew: 141275K(157248K)->1485K(157248K) Eden: 139776K(139776K)->0K(139776K) From: 1499K(17472K)->1485K(17472K)
[182.022s][info][gc,heap        ] GC(275) Tenured: 15105K(349568K)->15105K(349568K)
[182.022s][info][gc,metaspace   ] GC(275) Metaspace: 16679K(17344K)->16679K(17344K) NonClass: 14259K(14656K)->14259K(14656K) Class: 2420K(2688K)->2420K(2688K)
[182.022s][info][gc             ] GC(275) Pause Young (Allocation Failure) 152M->16M(494M) 4.156ms
[182.022s][info][gc,cpu         ] GC(275) User=0.00s Sys=0.00s Real=0.00s
[182.038s][info][gc,start       ] GC(276) Pause Young (Allocation Failure)
[182.042s][info][gc,heap        ] GC(276) DefNew: 141261K(157248K)->1469K(157248K) Eden: 139776K(139776K)->0K(139776K) From: 1485K(17472K)->1469K(17472K)
[182.042s][info][gc,heap        ] GC(276) Tenured: 15105K(349568K)->15105K(349568K)
[182.042s][info][gc,metaspace   ] GC(276) Metaspace: 16679K(17344K)->16679K(17344K) NonClass: 14259K(14656K)->14259K(14656K) Class: 2420K(2688K)->2420K(2688K)
[182.042s][info][gc             ] GC(276) Pause Young (Allocation Failure) 152M->16M(494M) 4.260ms
[182.042s][info][gc,cpu         ] GC(276) User=0.00s Sys=0.02s Real=0.02s
[182.057s][info][gc,start       ] GC(277) Pause Young (Allocation Failure)
[182.061s][info][gc,heap        ] GC(277) DefNew: 141245K(157248K)->1486K(157248K) Eden: 139776K(139776K)->0K(139776K) From: 1469K(17472K)->1486K(17472K)
[182.061s][info][gc,heap        ] GC(277) Tenured: 15105K(349568K)->15105K(349568K)
[182.061s][info][gc,metaspace   ] GC(277) Metaspace: 16679K(17344K)->16679K(17344K) NonClass: 14259K(14656K)->14259K(14656K) Class: 2420K(2688K)->2420K(2688K)
[182.061s][info][gc             ] GC(277) Pause Young (Allocation Failure) 152M->16M(494M) 4.184ms
[182.061s][info][gc,cpu         ] GC(277) User=0.00s Sys=0.00s Real=0.00s
[182.077s][info][gc,start       ] GC(278) Pause Young (Allocation Failure)
[182.081s][info][gc,heap        ] GC(278) DefNew: 141262K(157248K)->1323K(157248K) Eden: 139776K(139776K)->0K(139776K) From: 1486K(17472K)->1323K(17472K)
[182.081s][info][gc,heap        ] GC(278) Tenured: 15105K(349568K)->15238K(349568K)
[182.081s][info][gc,metaspace   ] GC(278) Metaspace: 16679K(17344K)->16679K(17344K) NonClass: 14259K(14656K)->14259K(14656K) Class: 2420K(2688K)->2420K(2688K)
[182.081s][info][gc             ] GC(278) Pause Young (Allocation Failure) 152M->16M(494M) 4.107ms
[182.081s][info][gc,cpu         ] GC(278) User=0.02s Sys=0.00s Real=0.02s
[182.098s][info][gc,start       ] GC(279) Pause Young (Allocation Failure)
[182.101s][info][gc,heap        ] GC(279) DefNew: 141099K(157248K)->1174K(157248K) Eden: 139776K(139776K)->0K(139776K) From: 1323K(17472K)->1174K(17472K)
[182.101s][info][gc,heap        ] GC(279) Tenured: 15238K(349568K)->15248K(349568K)
[182.101s][info][gc,metaspace   ] GC(279) Metaspace: 16679K(17344K)->16679K(17344K) NonClass: 14259K(14656K)->14259K(14656K) Class: 2420K(2688K)->2420K(2688K)
[182.101s][info][gc             ] GC(279) Pause Young (Allocation Failure) 152M->16M(494M) 3.516ms
[182.101s][info][gc,cpu         ] GC(279) User=0.00s Sys=0.00s Real=0.00s
[182.119s][info][gc,start       ] GC(280) Pause Young (Allocation Failure)
[182.122s][info][gc,heap        ] GC(280) DefNew: 140950K(157248K)->1224K(157248K) Eden: 139776K(139776K)->0K(139776K) From: 1174K(17472K)->1224K(17472K)
[182.122s][info][gc,heap        ] GC(280) Tenured: 15248K(349568K)->15248K(349568K)
[182.122s][info][gc,metaspace   ] GC(280) Metaspace: 16679K(17344K)->16679K(17344K) NonClass: 14259K(14656K)->14259K(14656K) Class: 2420K(2688K)->2420K(2688K)
[182.122s][info][gc             ] GC(280) Pause Young (Allocation Failure) 152M->16M(494M) 3.617ms
[182.122s][info][gc,cpu         ] GC(280) User=0.00s Sys=0.00s Real=0.00s
[182.139s][info][gc,start       ] GC(281) Pause Young (Allocation Failure)
[182.143s][info][gc,heap        ] GC(281) DefNew: 141000K(157248K)->1261K(157248K) Eden: 139776K(139776K)->0K(139776K) From: 1224K(17472K)->1261K(17472K)
[182.143s][info][gc,heap        ] GC(281) Tenured: 15248K(349568K)->15248K(349568K)
[182.143s][info][gc,metaspace   ] GC(281) Metaspace: 16679K(17344K)->16679K(17344K) NonClass: 14259K(14656K)->14259K(14656K) Class: 2420K(2688K)->2420K(2688K)
[182.143s][info][gc             ] GC(281) Pause Young (Allocation Failure) 152M->16M(494M) 3.705ms
[182.143s][info][gc,cpu         ] GC(281) User=0.00s Sys=0.00s Real=0.00s
[182.160s][info][gc,start       ] GC(282) Pause Young (Allocation Failure)
[182.163s][info][gc,heap        ] GC(282) DefNew: 141037K(157248K)->1088K(157248K) Eden: 139776K(139776K)->0K(139776K) From: 1261K(17472K)->1088K(17472K)
[182.163s][info][gc,heap        ] GC(282) Tenured: 15248K(349568K)->15248K(349568K)
[182.163s][info][gc,metaspace   ] GC(282) Metaspace: 16679K(17344K)->16679K(17344K) NonClass: 14259K(14656K)->14259K(14656K) Class: 2420K(2688K)->2420K(2688K)
[182.163s][info][gc             ] GC(282) Pause Young (Allocation Failure) 152M->15M(494M) 3.279ms
[182.163s][info][gc,cpu         ] GC(282) User=0.00s Sys=0.00s Real=0.00s
[182.180s][info][gc,start       ] GC(283) Pause Young (Allocation Failure)
[182.183s][info][gc,heap        ] GC(283) DefNew: 140864K(157248K)->1166K(157248K) Eden: 139776K(139776K)->0K(139776K) From: 1088K(17472K)->1166K(17472K)
[182.183s][info][gc,heap        ] GC(283) Tenured: 15248K(349568K)->15248K(349568K)
[182.183s][info][gc,metaspace   ] GC(283) Metaspace: 16679K(17344K)->16679K(17344K) NonClass: 14259K(14656K)->14259K(14656K) Class: 2420K(2688K)->2420K(2688K)
[182.183s][info][gc             ] GC(283) Pause Young (Allocation Failure) 152M->16M(494M) 3.478ms
[182.183s][info][gc,cpu         ] GC(283) User=0.00s Sys=0.00s Real=0.00s
[182.200s][info][gc,start       ] GC(284) Pause Young (Allocation Failure)
[182.204s][info][gc,heap        ] GC(284) DefNew: 140942K(157248K)->1099K(157248K) Eden: 139776K(139776K)->0K(139776K) From: 1166K(17472K)->1099K(17472K)
[182.204s][info][gc,heap        ] GC(284) Tenured: 15248K(349568K)->15248K(349568K)
[182.204s][info][gc,metaspace   ] GC(284) Metaspace: 16679K(17344K)->16679K(17344K) NonClass: 14259K(14656K)->14259K(14656K) Class: 2420K(2688K)->2420K(2688K)
[182.204s][info][gc             ] GC(284) Pause Young (Allocation Failure) 152M->15M(494M) 3.329ms
[182.204s][info][gc,cpu         ] GC(284) User=0.00s Sys=0.00s Real=0.00s
[182.221s][info][gc,start       ] GC(285) Pause Young (Allocation Failure)
[182.224s][info][gc,heap        ] GC(285) DefNew: 140875K(157248K)->1047K(157248K) Eden: 139776K(139776K)->0K(139776K) From: 1099K(17472K)->1047K(17472K)
[182.224s][info][gc,heap        ] GC(285) Tenured: 15248K(349568K)->15248K(349568K)
[182.224s][info][gc,metaspace   ] GC(285) Metaspace: 16679K(17344K)->16679K(17344K) NonClass: 14259K(14656K)->14259K(14656K) Class: 2420K(2688K)->2420K(2688K)
[182.224s][info][gc             ] GC(285) Pause Young (Allocation Failure) 152M->15M(494M) 3.191ms
[182.224s][info][gc,cpu         ] GC(285) User=0.00s Sys=0.00s Real=0.00s
[182.242s][info][gc,start       ] GC(286) Pause Young (Allocation Failure)
[182.244s][info][gc,heap        ] GC(286) DefNew: 140823K(157248K)->890K(157248K) Eden: 139776K(139776K)->0K(139776K) From: 1047K(17472K)->890K(17472K)
[182.244s][info][gc,heap        ] GC(286) Tenured: 15248K(349568K)->15248K(349568K)
[182.244s][info][gc,metaspace   ] GC(286) Metaspace: 16679K(17344K)->16679K(17344K) NonClass: 14259K(14656K)->14259K(14656K) Class: 2420K(2688K)->2420K(2688K)
[182.245s][info][gc             ] GC(286) Pause Young (Allocation Failure) 152M->15M(494M) 2.932ms
[182.245s][info][gc,cpu         ] GC(286) User=0.00s Sys=0.00s Real=0.00s
[182.354s][info][gc,start       ] GC(287) Pause Young (Allocation Failure)
[182.571s][info][gc,heap        ] GC(287) DefNew: 140666K(157248K)->17472K(157248K) Eden: 139776K(139776K)->0K(139776K) From: 890K(17472K)->17472K(17472K)
[182.571s][info][gc,heap        ] GC(287) Tenured: 15248K(349568K)->72674K(349568K)
[182.571s][info][gc,metaspace   ] GC(287) Metaspace: 16679K(17344K)->16679K(17344K) NonClass: 14259K(14656K)->14259K(14656K) Class: 2420K(2688K)->2420K(2688K)
[182.571s][info][gc             ] GC(287) Pause Young (Allocation Failure) 152M->88M(494M) 217.655ms
[182.571s][info][gc,cpu         ] GC(287) User=0.22s Sys=0.00s Real=0.22s
[182.722s][info][gc,start       ] GC(288) Pause Young (Allocation Failure)
[183.093s][info][gc,heap        ] GC(288) DefNew: 157248K(157248K)->17472K(157248K) Eden: 139776K(139776K)->0K(139776K) From: 17472K(17472K)->17472K(17472K)
[183.093s][info][gc,heap        ] GC(288) Tenured: 72674K(349568K)->162208K(349568K)
[183.093s][info][gc,metaspace   ] GC(288) Metaspace: 16679K(17344K)->16679K(17344K) NonClass: 14259K(14656K)->14259K(14656K) Class: 2420K(2688K)->2420K(2688K)
[183.093s][info][gc             ] GC(288) Pause Young (Allocation Failure) 224M->175M(494M) 371.538ms
[183.093s][info][gc,cpu         ] GC(288) User=0.38s Sys=0.00s Real=0.38s
[183.251s][info][gc,start       ] GC(289) Pause Young (Allocation Failure)
[183.621s][info][gc,heap        ] GC(289) DefNew: 157248K(157248K)->17471K(157248K) Eden: 139776K(139776K)->0K(139776K) From: 17472K(17472K)->17471K(17472K)
[183.621s][info][gc,heap        ] GC(289) Tenured: 162208K(349568K)->253178K(349568K)
[183.621s][info][gc,metaspace   ] GC(289) Metaspace: 16679K(17344K)->16679K(17344K) NonClass: 14259K(14656K)->14259K(14656K) Class: 2420K(2688K)->2420K(2688K)
[183.621s][info][gc             ] GC(289) Pause Young (Allocation Failure) 311M->264M(494M) 370.693ms
[183.622s][info][gc,cpu         ] GC(289) User=0.38s Sys=0.00s Real=0.37s
[183.794s][info][gc,start       ] GC(290) Pause Young (Allocation Failure)
[183.794s][info][gc             ] GC(290) Pause Young (Allocation Failure) 400M->400M(494M) 0.234ms
[183.794s][info][gc,cpu         ] GC(290) User=0.00s Sys=0.00s Real=0.00s
[183.794s][info][gc,start       ] GC(291) Pause Full (Allocation Failure)
[183.794s][info][gc,phases,start] GC(291) Phase 1: Mark live objects
[184.351s][info][gc,phases      ] GC(291) Phase 1: Mark live objects 556.630ms
[184.351s][info][gc,phases,start] GC(291) Phase 2: Compute new object addresses
[184.519s][info][gc,phases      ] GC(291) Phase 2: Compute new object addresses 167.853ms
[184.519s][info][gc,phases,start] GC(291) Phase 3: Adjust pointers
[184.798s][info][gc,phases      ] GC(291) Phase 3: Adjust pointers 279.199ms
[184.798s][info][gc,phases,start] GC(291) Phase 4: Move objects
[184.935s][info][gc,phases      ] GC(291) Phase 4: Move objects 137.449ms
[184.941s][info][gc,heap        ] GC(291) DefNew: 157247K(157248K)->6153K(157248K) Eden: 139776K(139776K)->6153K(139776K) From: 17471K(17472K)->0K(17472K)
[184.941s][info][gc,heap        ] GC(291) Tenured: 253178K(349568K)->349567K(349568K)
[184.941s][info][gc,metaspace   ] GC(291) Metaspace: 16679K(17344K)->16679K(17344K) NonClass: 14259K(14656K)->14259K(14656K) Class: 2420K(2688K)->2420K(2688K)
[184.941s][info][gc             ] GC(291) Pause Full (Allocation Failure) 400M->347M(494M) 1146.704ms
[184.941s][info][gc,cpu         ] GC(291) User=1.14s Sys=0.00s Real=1.14s
[185.487s][info][gc,start       ] GC(292) Pause Full (Allocation Failure)
[185.487s][info][gc,phases,start] GC(292) Phase 1: Mark live objects
[186.125s][info][gc,phases      ] GC(292) Phase 1: Mark live objects 637.788ms
[186.125s][info][gc,phases,start] GC(292) Phase 2: Compute new object addresses
[186.326s][info][gc,phases      ] GC(292) Phase 2: Compute new object addresses 200.912ms
[186.326s][info][gc,phases,start] GC(292) Phase 3: Adjust pointers
[186.655s][info][gc,phases      ] GC(292) Phase 3: Adjust pointers 329.109ms
[186.655s][info][gc,phases,start] GC(292) Phase 4: Move objects
[186.700s][info][gc,phases      ] GC(292) Phase 4: Move objects 44.328ms
[186.706s][info][gc,heap        ] GC(292) DefNew: 157248K(157248K)->100828K(157248K) Eden: 139776K(139776K)->100828K(139776K) From: 17472K(17472K)->0K(17472K)
[186.706s][info][gc,heap        ] GC(292) Tenured: 349567K(349568K)->349567K(349568K)
[186.706s][info][gc,metaspace   ] GC(292) Metaspace: 16679K(17344K)->16679K(17344K) NonClass: 14259K(14656K)->14259K(14656K) Class: 2420K(2688K)->2420K(2688K)
[186.706s][info][gc             ] GC(292) Pause Full (Allocation Failure) 494M->439M(494M) 1218.784ms
[186.706s][info][gc,cpu         ] GC(292) User=1.22s Sys=0.00s Real=1.22s
[188.651s][info][gc,start       ] GC(293) Pause Full (Allocation Failure)
[188.651s][info][gc,phases,start] GC(293) Phase 1: Mark live objects
[189.226s][info][gc,phases      ] GC(293) Phase 1: Mark live objects 574.621ms
[189.226s][info][gc,phases,start] GC(293) Phase 2: Compute new object addresses
[189.433s][info][gc,phases      ] GC(293) Phase 2: Compute new object addresses 206.955ms
[189.433s][info][gc,phases,start] GC(293) Phase 3: Adjust pointers
[189.711s][info][gc,phases      ] GC(293) Phase 3: Adjust pointers 278.549ms
[189.711s][info][gc,phases,start] GC(293) Phase 4: Move objects
[189.807s][info][gc,phases      ] GC(293) Phase 4: Move objects 95.954ms
[189.813s][info][gc,heap        ] GC(293) DefNew: 157248K(157248K)->89154K(157248K) Eden: 139776K(139776K)->89154K(139776K) From: 17472K(17472K)->0K(17472K)
[189.813s][info][gc,heap        ] GC(293) Tenured: 349568K(349568K)->349568K(349568K)
[189.813s][info][gc,metaspace   ] GC(293) Metaspace: 16679K(17344K)->16679K(17344K) NonClass: 14259K(14656K)->14259K(14656K) Class: 2420K(2688K)->2420K(2688K)
[189.813s][info][gc             ] GC(293) Pause Full (Allocation Failure) 494M->428M(494M) 1161.957ms
[189.813s][info][gc,cpu         ] GC(293) User=1.17s Sys=0.00s Real=1.16s
[191.540s][info][gc,start       ] GC(294) Pause Full (Allocation Failure)
[191.540s][info][gc,phases,start] GC(294) Phase 1: Mark live objects
[191.559s][info][gc,phases      ] GC(294) Phase 1: Mark live objects 19.546ms
[191.559s][info][gc,phases,start] GC(294) Phase 2: Compute new object addresses
[191.714s][info][gc,phases      ] GC(294) Phase 2: Compute new object addresses 154.293ms
[191.714s][info][gc,phases,start] GC(294) Phase 3: Adjust pointers
[191.726s][info][gc,phases      ] GC(294) Phase 3: Adjust pointers 11.917ms
[191.726s][info][gc,phases,start] GC(294) Phase 4: Move objects
[191.726s][info][gc,phases      ] GC(294) Phase 4: Move objects 0.473ms
[191.726s][info][gc,heap        ] GC(294) DefNew: 157248K(157248K)->0K(157248K) Eden: 139776K(139776K)->0K(139776K) From: 17472K(17472K)->0K(17472K)
[191.726s][info][gc,heap        ] GC(294) Tenured: 349568K(349568K)->14593K(349568K)
[191.726s][info][gc,metaspace   ] GC(294) Metaspace: 16679K(17344K)->16679K(17344K) NonClass: 14259K(14656K)->14259K(14656K) Class: 2420K(2688K)->2420K(2688K)
[191.726s][info][gc             ] GC(294) Pause Full (Allocation Failure) 494M->14M(494M) 186.812ms
[191.726s][info][gc,cpu         ] GC(294) User=0.19s Sys=0.00s Real=0.19s
[199.114s][info][gc,start       ] GC(295) Pause Young (Allocation Failure)
[199.217s][info][gc,heap        ] GC(295) DefNew: 139776K(157248K)->17472K(157248K) Eden: 139776K(139776K)->0K(139776K) From: 0K(17472K)->17472K(17472K)
[199.217s][info][gc,heap        ] GC(295) Tenured: 14593K(349568K)->31342K(349568K)
[199.217s][info][gc,metaspace   ] GC(295) Metaspace: 16679K(17344K)->16679K(17344K) NonClass: 14259K(14656K)->14259K(14656K) Class: 2420K(2688K)->2420K(2688K)
[199.217s][info][gc             ] GC(295) Pause Young (Allocation Failure) 150M->47M(494M) 102.419ms
[199.217s][info][gc,cpu         ] GC(295) User=0.11s Sys=0.00s Real=0.11s
[199.337s][info][gc,start       ] GC(296) Pause Young (Allocation Failure)
[199.590s][info][gc,heap        ] GC(296) DefNew: 157248K(157248K)->17472K(157248K) Eden: 139776K(139776K)->0K(139776K) From: 17472K(17472K)->17472K(17472K)
[199.590s][info][gc,heap        ] GC(296) Tenured: 31342K(349568K)->88740K(349568K)
[199.590s][info][gc,metaspace   ] GC(296) Metaspace: 16679K(17344K)->16679K(17344K) NonClass: 14259K(14656K)->14259K(14656K) Class: 2420K(2688K)->2420K(2688K)
[199.590s][info][gc             ] GC(296) Pause Young (Allocation Failure) 184M->103M(494M) 253.028ms
[199.590s][info][gc,cpu         ] GC(296) User=0.25s Sys=0.00s Real=0.25s
[199.714s][info][gc,start       ] GC(297) Pause Young (Allocation Failure)
[199.954s][info][gc,heap        ] GC(297) DefNew: 157248K(157248K)->17472K(157248K) Eden: 139776K(139776K)->0K(139776K) From: 17472K(17472K)->17472K(17472K)
[199.963s][info][gc,heap        ] GC(297) Tenured: 88740K(349568K)->144816K(349568K)
[199.963s][info][gc,metaspace   ] GC(297) Metaspace: 16679K(17344K)->16679K(17344K) NonClass: 14259K(14656K)->14259K(14656K) Class: 2420K(2688K)->2420K(2688K)
[199.963s][info][gc             ] GC(297) Pause Young (Allocation Failure) 240M->158M(494M) 249.177ms
[199.963s][info][gc,cpu         ] GC(297) User=0.23s Sys=0.00s Real=0.25s
[200.080s][info][gc,start       ] GC(298) Pause Young (Allocation Failure)
[200.324s][info][gc,heap        ] GC(298) DefNew: 157248K(157248K)->17472K(157248K) Eden: 139776K(139776K)->0K(139776K) From: 17472K(17472K)->17472K(17472K)
[200.324s][info][gc,heap        ] GC(298) Tenured: 144816K(349568K)->202914K(349568K)
[200.324s][info][gc,metaspace   ] GC(298) Metaspace: 16679K(17344K)->16679K(17344K) NonClass: 14259K(14656K)->14259K(14656K) Class: 2420K(2688K)->2420K(2688K)
[200.324s][info][gc             ] GC(298) Pause Young (Allocation Failure) 294M->215M(494M) 243.688ms
[200.324s][info][gc,cpu         ] GC(298) User=0.23s Sys=0.00s Real=0.24s
[200.452s][info][gc,start       ] GC(299) Pause Young (Allocation Failure)
[200.699s][info][gc,heap        ] GC(299) DefNew: 157248K(157248K)->17472K(157248K) Eden: 139776K(139776K)->0K(139776K) From: 17472K(17472K)->17472K(17472K)
[200.699s][info][gc,heap        ] GC(299) Tenured: 202914K(349568K)->260950K(349568K)
[200.699s][info][gc,metaspace   ] GC(299) Metaspace: 16679K(17344K)->16679K(17344K) NonClass: 14259K(14656K)->14259K(14656K) Class: 2420K(2688K)->2420K(2688K)
[200.699s][info][gc             ] GC(299) Pause Young (Allocation Failure) 351M->271M(494M) 247.139ms
[200.699s][info][gc,cpu         ] GC(299) User=0.23s Sys=0.00s Real=0.25s
[200.830s][info][gc,start       ] GC(300) Pause Young (Allocation Failure)
[200.830s][info][gc             ] GC(300) Pause Young (Allocation Failure) 408M->408M(494M) 0.212ms
[200.830s][info][gc,cpu         ] GC(300) User=0.00s Sys=0.00s Real=0.00s
[200.830s][info][gc,start       ] GC(301) Pause Full (Allocation Failure)
[200.830s][info][gc,phases,start] GC(301) Phase 1: Mark live objects
[201.333s][info][gc,phases      ] GC(301) Phase 1: Mark live objects 503.262ms
[201.333s][info][gc,phases,start] GC(301) Phase 2: Compute new object addresses
[201.489s][info][gc,phases      ] GC(301) Phase 2: Compute new object addresses 155.573ms
[201.489s][info][gc,phases,start] GC(301) Phase 3: Adjust pointers
[201.776s][info][gc,phases      ] GC(301) Phase 3: Adjust pointers 287.400ms
[201.776s][info][gc,phases,start] GC(301) Phase 4: Move objects
[201.892s][info][gc,phases      ] GC(301) Phase 4: Move objects 115.528ms
[201.892s][info][gc,heap        ] GC(301) DefNew: 157248K(157248K)->0K(157248K) Eden: 139776K(139776K)->0K(139776K) From: 17472K(17472K)->0K(17472K)
[201.892s][info][gc,heap        ] GC(301) Tenured: 260950K(349568K)->328040K(349568K)
[201.892s][info][gc,metaspace   ] GC(301) Metaspace: 16679K(17344K)->16679K(17344K) NonClass: 14259K(14656K)->14259K(14656K) Class: 2420K(2688K)->2420K(2688K)
[201.892s][info][gc             ] GC(301) Pause Full (Allocation Failure) 408M->320M(494M) 1062.416ms
[201.892s][info][gc,cpu         ] GC(301) User=1.05s Sys=0.00s Real=1.06s
[202.021s][info][gc,start       ] GC(302) Pause Young (Allocation Failure)
[202.022s][info][gc             ] GC(302) Pause Young (Allocation Failure) 456M->456M(494M) 0.217ms
[202.022s][info][gc,cpu         ] GC(302) User=0.00s Sys=0.00s Real=0.00s
[202.022s][info][gc,start       ] GC(303) Pause Full (Allocation Failure)
[202.022s][info][gc,phases,start] GC(303) Phase 1: Mark live objects
[202.612s][info][gc,phases      ] GC(303) Phase 1: Mark live objects 590.646ms
[202.612s][info][gc,phases,start] GC(303) Phase 2: Compute new object addresses
[202.790s][info][gc,phases      ] GC(303) Phase 2: Compute new object addresses 177.876ms
[202.790s][info][gc,phases,start] GC(303) Phase 3: Adjust pointers
[203.085s][info][gc,phases      ] GC(303) Phase 3: Adjust pointers 294.642ms
[203.085s][info][gc,phases,start] GC(303) Phase 4: Move objects
[203.119s][info][gc,phases      ] GC(303) Phase 4: Move objects 33.714ms
[203.119s][info][gc,heap        ] GC(303) DefNew: 139776K(157248K)->36955K(157248K) Eden: 139776K(139776K)->36955K(139776K) From: 0K(17472K)->0K(17472K)
[203.119s][info][gc,heap        ] GC(303) Tenured: 328040K(349568K)->349568K(349568K)
[203.119s][info][gc,metaspace   ] GC(303) Metaspace: 16679K(17344K)->16679K(17344K) NonClass: 14259K(14656K)->14259K(14656K) Class: 2420K(2688K)->2420K(2688K)
[203.119s][info][gc             ] GC(303) Pause Full (Allocation Failure) 456M->377M(494M) 1097.547ms
[203.119s][info][gc,cpu         ] GC(303) User=1.09s Sys=0.00s Real=1.10s
[203.287s][info][gc,start       ] GC(304) Pause Full (Allocation Failure)
[203.287s][info][gc,phases,start] GC(304) Phase 1: Mark live objects
[203.953s][info][gc,phases      ] GC(304) Phase 1: Mark live objects 665.807ms
[203.953s][info][gc,phases,start] GC(304) Phase 2: Compute new object addresses
[204.133s][info][gc,phases      ] GC(304) Phase 2: Compute new object addresses 180.082ms
[204.133s][info][gc,phases,start] GC(304) Phase 3: Adjust pointers
[204.468s][info][gc,phases      ] GC(304) Phase 3: Adjust pointers 334.456ms
[204.468s][info][gc,phases,start] GC(304) Phase 4: Move objects
[204.508s][info][gc,phases      ] GC(304) Phase 4: Move objects 40.532ms
[204.508s][info][gc,heap        ] GC(304) DefNew: 157247K(157248K)->84952K(157248K) Eden: 139776K(139776K)->84952K(139776K) From: 17471K(17472K)->0K(17472K)
[204.509s][info][gc,heap        ] GC(304) Tenured: 349568K(349568K)->349568K(349568K)
[204.509s][info][gc,metaspace   ] GC(304) Metaspace: 16679K(17344K)->16679K(17344K) NonClass: 14259K(14656K)->14259K(14656K) Class: 2420K(2688K)->2420K(2688K)
[204.509s][info][gc             ] GC(304) Pause Full (Allocation Failure) 494M->424M(494M) 1221.589ms
[204.509s][info][gc,cpu         ] GC(304) User=1.22s Sys=0.00s Real=1.22s
[204.761s][info][gc,start       ] GC(305) Pause Full (Allocation Failure)
[204.761s][info][gc,phases,start] GC(305) Phase 1: Mark live objects
[205.392s][info][gc,phases      ] GC(305) Phase 1: Mark live objects 631.058ms
[205.400s][info][gc,phases,start] GC(305) Phase 2: Compute new object addresses
[205.605s][info][gc,phases      ] GC(305) Phase 2: Compute new object addresses 205.273ms
[205.605s][info][gc,phases,start] GC(305) Phase 3: Adjust pointers
[205.958s][info][gc,phases      ] GC(305) Phase 3: Adjust pointers 352.353ms
[205.958s][info][gc,phases,start] GC(305) Phase 4: Move objects
[206.022s][info][gc,phases      ] GC(305) Phase 4: Move objects 64.313ms
[206.022s][info][gc,heap        ] GC(305) DefNew: 157247K(157248K)->131957K(157248K) Eden: 139776K(139776K)->131957K(139776K) From: 17471K(17472K)->0K(17472K)
[206.022s][info][gc,heap        ] GC(305) Tenured: 349568K(349568K)->349568K(349568K)
[206.022s][info][gc,metaspace   ] GC(305) Metaspace: 16679K(17344K)->16679K(17344K) NonClass: 14259K(14656K)->14259K(14656K) Class: 2420K(2688K)->2420K(2688K)
[206.022s][info][gc             ] GC(305) Pause Full (Allocation Failure) 494M->470M(494M) 1261.415ms
[206.022s][info][gc,cpu         ] GC(305) User=1.23s Sys=0.00s Real=1.25s
[206.492s][info][gc,start       ] GC(306) Pause Full (Allocation Failure)
[206.492s][info][gc,phases,start] GC(306) Phase 1: Mark live objects
[207.137s][info][gc,phases      ] GC(306) Phase 1: Mark live objects 644.385ms
[207.137s][info][gc,phases,start] GC(306) Phase 2: Compute new object addresses
[207.328s][info][gc,phases      ] GC(306) Phase 2: Compute new object addresses 191.625ms
[207.328s][info][gc,phases,start] GC(306) Phase 3: Adjust pointers
[207.712s][info][gc,phases      ] GC(306) Phase 3: Adjust pointers 383.032ms
[207.712s][info][gc,phases,start] GC(306) Phase 4: Move objects
[207.868s][info][gc,phases      ] GC(306) Phase 4: Move objects 156.858ms
[207.869s][info][gc,heap        ] GC(306) DefNew: 157247K(157248K)->126901K(157248K) Eden: 139776K(139776K)->126901K(139776K) From: 17471K(17472K)->0K(17472K)
[207.869s][info][gc,heap        ] GC(306) Tenured: 349568K(349568K)->349567K(349568K)
[207.869s][info][gc,metaspace   ] GC(306) Metaspace: 16679K(17344K)->16679K(17344K) NonClass: 14259K(14656K)->14259K(14656K) Class: 2420K(2688K)->2420K(2688K)
[207.869s][info][gc             ] GC(306) Pause Full (Allocation Failure) 494M->465M(494M) 1376.644ms
[207.869s][info][gc,cpu         ] GC(306) User=1.36s Sys=0.00s Real=1.37s
[207.981s][info][gc,start       ] GC(307) Pause Full (Allocation Failure)
[207.982s][info][gc,phases,start] GC(307) Phase 1: Mark live objects
[208.589s][info][gc,phases      ] GC(307) Phase 1: Mark live objects 607.411ms
[208.589s][info][gc,phases,start] GC(307) Phase 2: Compute new object addresses
[208.797s][info][gc,phases      ] GC(307) Phase 2: Compute new object addresses 208.374ms
[208.797s][info][gc,phases,start] GC(307) Phase 3: Adjust pointers
[209.126s][info][gc,phases      ] GC(307) Phase 3: Adjust pointers 328.458ms
[209.126s][info][gc,phases,start] GC(307) Phase 4: Move objects
[209.176s][info][gc,phases      ] GC(307) Phase 4: Move objects 49.784ms
[209.176s][info][gc,heap        ] GC(307) DefNew: 157247K(157248K)->124760K(157248K) Eden: 139775K(139776K)->124760K(139776K) From: 17471K(17472K)->0K(17472K)
[209.176s][info][gc,heap        ] GC(307) Tenured: 349567K(349568K)->349567K(349568K)
[209.176s][info][gc,metaspace   ] GC(307) Metaspace: 16679K(17344K)->16679K(17344K) NonClass: 14259K(14656K)->14259K(14656K) Class: 2420K(2688K)->2420K(2688K)
[209.176s][info][gc             ] GC(307) Pause Full (Allocation Failure) 494M->463M(494M) 1194.967ms
[209.176s][info][gc,cpu         ] GC(307) User=1.20s Sys=0.00s Real=1.20s
[209.293s][info][gc,start       ] GC(308) Pause Full (Allocation Failure)
[209.293s][info][gc,phases,start] GC(308) Phase 1: Mark live objects
[209.888s][info][gc,phases      ] GC(308) Phase 1: Mark live objects 594.843ms
[209.888s][info][gc,phases,start] GC(308) Phase 2: Compute new object addresses
[210.080s][info][gc,phases      ] GC(308) Phase 2: Compute new object addresses 192.202ms
[210.080s][info][gc,phases,start] GC(308) Phase 3: Adjust pointers
[210.408s][info][gc,phases      ] GC(308) Phase 3: Adjust pointers 327.408ms
[210.408s][info][gc,phases,start] GC(308) Phase 4: Move objects
[210.455s][info][gc,phases      ] GC(308) Phase 4: Move objects 47.041ms
[210.455s][info][gc,heap        ] GC(308) DefNew: 157247K(157248K)->122334K(157248K) Eden: 139776K(139776K)->122334K(139776K) From: 17471K(17472K)->0K(17472K)
[210.455s][info][gc,heap        ] GC(308) Tenured: 349567K(349568K)->349567K(349568K)
[210.455s][info][gc,metaspace   ] GC(308) Metaspace: 16679K(17344K)->16679K(17344K) NonClass: 14259K(14656K)->14259K(14656K) Class: 2420K(2688K)->2420K(2688K)
[210.455s][info][gc             ] GC(308) Pause Full (Allocation Failure) 494M->460M(494M) 1162.203ms
[210.455s][info][gc,cpu         ] GC(308) User=1.16s Sys=0.00s Real=1.15s
[210.574s][info][gc,start       ] GC(309) Pause Full (Allocation Failure)
[210.574s][info][gc,phases,start] GC(309) Phase 1: Mark live objects
[211.159s][info][gc,phases      ] GC(309) Phase 1: Mark live objects 584.361ms
[211.159s][info][gc,phases,start] GC(309) Phase 2: Compute new object addresses
[211.369s][info][gc,phases      ] GC(309) Phase 2: Compute new object addresses 210.543ms
[211.369s][info][gc,phases,start] GC(309) Phase 3: Adjust pointers
[211.671s][info][gc,phases      ] GC(309) Phase 3: Adjust pointers 301.386ms
[211.671s][info][gc,phases,start] GC(309) Phase 4: Move objects
[211.717s][info][gc,phases      ] GC(309) Phase 4: Move objects 45.972ms
[211.717s][info][gc,heap        ] GC(309) DefNew: 157247K(157248K)->119644K(157248K) Eden: 139776K(139776K)->119644K(139776K) From: 17471K(17472K)->0K(17472K)
[211.717s][info][gc,heap        ] GC(309) Tenured: 349567K(349568K)->349567K(349568K)
[211.717s][info][gc,metaspace   ] GC(309) Metaspace: 16679K(17344K)->16679K(17344K) NonClass: 14259K(14656K)->14259K(14656K) Class: 2420K(2688K)->2420K(2688K)
[211.717s][info][gc             ] GC(309) Pause Full (Allocation Failure) 494M->458M(494M) 1142.963ms
[211.717s][info][gc,cpu         ] GC(309) User=1.14s Sys=0.00s Real=1.15s
[211.869s][info][gc,start       ] GC(310) Pause Full (Allocation Failure)
[211.869s][info][gc,phases,start] GC(310) Phase 1: Mark live objects
[212.427s][info][gc,phases      ] GC(310) Phase 1: Mark live objects 557.858ms
[212.427s][info][gc,phases,start] GC(310) Phase 2: Compute new object addresses
[212.630s][info][gc,phases      ] GC(310) Phase 2: Compute new object addresses 203.408ms
[212.630s][info][gc,phases,start] GC(310) Phase 3: Adjust pointers
[212.957s][info][gc,phases      ] GC(310) Phase 3: Adjust pointers 327.199ms
[212.958s][info][gc,phases,start] GC(310) Phase 4: Move objects
[213.126s][info][gc,phases      ] GC(310) Phase 4: Move objects 168.033ms
[213.126s][info][gc,heap        ] GC(310) DefNew: 157247K(157248K)->104145K(157248K) Eden: 139776K(139776K)->104145K(139776K) From: 17471K(17472K)->0K(17472K)
[213.126s][info][gc,heap        ] GC(310) Tenured: 349567K(349568K)->349567K(349568K)
[213.126s][info][gc,metaspace   ] GC(310) Metaspace: 16679K(17344K)->16679K(17344K) NonClass: 14259K(14656K)->14259K(14656K) Class: 2420K(2688K)->2420K(2688K)
[213.126s][info][gc             ] GC(310) Pause Full (Allocation Failure) 494M->443M(494M) 1257.223ms
[213.126s][info][gc,cpu         ] GC(310) User=1.25s Sys=0.00s Real=1.26s
[213.277s][info][gc,start       ] GC(311) Pause Full (Allocation Failure)
[213.277s][info][gc,phases,start] GC(311) Phase 1: Mark live objects
[213.825s][info][gc,phases      ] GC(311) Phase 1: Mark live objects 548.484ms
[213.825s][info][gc,phases,start] GC(311) Phase 2: Compute new object addresses
[214.039s][info][gc,phases      ] GC(311) Phase 2: Compute new object addresses 213.536ms
[214.039s][info][gc,phases,start] GC(311) Phase 3: Adjust pointers
[214.318s][info][gc,phases      ] GC(311) Phase 3: Adjust pointers 279.075ms
[214.318s][info][gc,phases,start] GC(311) Phase 4: Move objects
[214.358s][info][gc,phases      ] GC(311) Phase 4: Move objects 39.534ms
[214.358s][info][gc,heap        ] GC(311) DefNew: 157247K(157248K)->99866K(157248K) Eden: 139776K(139776K)->99866K(139776K) From: 17471K(17472K)->0K(17472K)
[214.358s][info][gc,heap        ] GC(311) Tenured: 349567K(349568K)->349567K(349568K)
[214.358s][info][gc,metaspace   ] GC(311) Metaspace: 16679K(17344K)->16679K(17344K) NonClass: 14259K(14656K)->14259K(14656K) Class: 2420K(2688K)->2420K(2688K)
[214.358s][info][gc             ] GC(311) Pause Full (Allocation Failure) 494M->438M(494M) 1081.385ms
[214.358s][info][gc,cpu         ] GC(311) User=1.08s Sys=0.00s Real=1.08s
[214.509s][info][gc,start       ] GC(312) Pause Full (Allocation Failure)
[214.509s][info][gc,phases,start] GC(312) Phase 1: Mark live objects
[215.022s][info][gc,phases      ] GC(312) Phase 1: Mark live objects 512.821ms
[215.022s][info][gc,phases,start] GC(312) Phase 2: Compute new object addresses
[215.235s][info][gc,phases      ] GC(312) Phase 2: Compute new object addresses 212.450ms
[215.235s][info][gc,phases,start] GC(312) Phase 3: Adjust pointers
[215.488s][info][gc,phases      ] GC(312) Phase 3: Adjust pointers 253.786ms
[215.489s][info][gc,phases,start] GC(312) Phase 4: Move objects
[215.526s][info][gc,phases      ] GC(312) Phase 4: Move objects 36.992ms
[215.526s][info][gc,heap        ] GC(312) DefNew: 157247K(157248K)->95087K(157248K) Eden: 139776K(139776K)->95087K(139776K) From: 17471K(17472K)->0K(17472K)
[215.526s][info][gc,heap        ] GC(312) Tenured: 349567K(349568K)->349567K(349568K)
[215.526s][info][gc,metaspace   ] GC(312) Metaspace: 16679K(17344K)->16679K(17344K) NonClass: 14259K(14656K)->14259K(14656K) Class: 2420K(2688K)->2420K(2688K)
[215.526s][info][gc             ] GC(312) Pause Full (Allocation Failure) 494M->434M(494M) 1016.778ms
[215.526s][info][gc,cpu         ] GC(312) User=1.02s Sys=0.00s Real=1.02s
[215.676s][info][gc,start       ] GC(313) Pause Full (Allocation Failure)
[215.676s][info][gc,phases,start] GC(313) Phase 1: Mark live objects
[216.184s][info][gc,phases      ] GC(313) Phase 1: Mark live objects 507.809ms
[216.184s][info][gc,phases,start] GC(313) Phase 2: Compute new object addresses
[216.366s][info][gc,phases      ] GC(313) Phase 2: Compute new object addresses 181.986ms
[216.366s][info][gc,phases,start] GC(313) Phase 3: Adjust pointers
[216.606s][info][gc,phases      ] GC(313) Phase 3: Adjust pointers 239.875ms
[216.606s][info][gc,phases,start] GC(313) Phase 4: Move objects
[216.641s][info][gc,phases      ] GC(313) Phase 4: Move objects 34.933ms
[216.641s][info][gc,heap        ] GC(313) DefNew: 157247K(157248K)->89771K(157248K) Eden: 139776K(139776K)->89771K(139776K) From: 17471K(17472K)->0K(17472K)
[216.641s][info][gc,heap        ] GC(313) Tenured: 349567K(349568K)->349567K(349568K)
[216.641s][info][gc,metaspace   ] GC(313) Metaspace: 16679K(17344K)->16679K(17344K) NonClass: 14259K(14656K)->14259K(14656K) Class: 2420K(2688K)->2420K(2688K)
[216.641s][info][gc             ] GC(313) Pause Full (Allocation Failure) 494M->429M(494M) 965.334ms
[216.641s][info][gc,cpu         ] GC(313) User=0.97s Sys=0.00s Real=0.97s
[216.783s][info][gc,start       ] GC(314) Pause Full (Allocation Failure)
[216.783s][info][gc,phases,start] GC(314) Phase 1: Mark live objects
[217.254s][info][gc,phases      ] GC(314) Phase 1: Mark live objects 471.019ms
[217.254s][info][gc,phases,start] GC(314) Phase 2: Compute new object addresses
[217.431s][info][gc,phases      ] GC(314) Phase 2: Compute new object addresses 177.298ms
[217.431s][info][gc,phases,start] GC(314) Phase 3: Adjust pointers
[217.670s][info][gc,phases      ] GC(314) Phase 3: Adjust pointers 238.715ms
[217.670s][info][gc,phases,start] GC(314) Phase 4: Move objects
[217.783s][info][gc,phases      ] GC(314) Phase 4: Move objects 113.004ms
[217.783s][info][gc,heap        ] GC(314) DefNew: 157247K(157248K)->63475K(157248K) Eden: 139776K(139776K)->63475K(139776K) From: 17471K(17472K)->0K(17472K)
[217.783s][info][gc,heap        ] GC(314) Tenured: 349567K(349568K)->349567K(349568K)
[217.783s][info][gc,metaspace   ] GC(314) Metaspace: 16679K(17344K)->16679K(17344K) NonClass: 14259K(14656K)->14259K(14656K) Class: 2420K(2688K)->2420K(2688K)
[217.783s][info][gc             ] GC(314) Pause Full (Allocation Failure) 494M->403M(494M) 1000.751ms
[217.783s][info][gc,cpu         ] GC(314) User=1.00s Sys=0.00s Real=1.00s
[217.960s][info][gc,start       ] GC(315) Pause Full (Allocation Failure)
[217.960s][info][gc,phases,start] GC(315) Phase 1: Mark live objects
[218.391s][info][gc,phases      ] GC(315) Phase 1: Mark live objects 430.671ms
[218.391s][info][gc,phases,start] GC(315) Phase 2: Compute new object addresses
[218.563s][info][gc,phases      ] GC(315) Phase 2: Compute new object addresses 172.041ms
[218.563s][info][gc,phases,start] GC(315) Phase 3: Adjust pointers
[218.770s][info][gc,phases      ] GC(315) Phase 3: Adjust pointers 207.215ms
[218.770s][info][gc,phases,start] GC(315) Phase 4: Move objects
[218.802s][info][gc,phases      ] GC(315) Phase 4: Move objects 32.146ms
[218.803s][info][gc,heap        ] GC(315) DefNew: 157247K(157248K)->55017K(157248K) Eden: 139776K(139776K)->55017K(139776K) From: 17471K(17472K)->0K(17472K)
[218.803s][info][gc,heap        ] GC(315) Tenured: 349567K(349568K)->349567K(349568K)
[218.803s][info][gc,metaspace   ] GC(315) Metaspace: 16679K(17344K)->16679K(17344K) NonClass: 14259K(14656K)->14259K(14656K) Class: 2420K(2688K)->2420K(2688K)
[218.803s][info][gc             ] GC(315) Pause Full (Allocation Failure) 494M->395M(494M) 842.888ms
[218.803s][info][gc,cpu         ] GC(315) User=0.84s Sys=0.00s Real=0.84s
[219.726s][info][gc,start       ] GC(316) Pause Full (Allocation Failure)
[219.727s][info][gc,phases,start] GC(316) Phase 1: Mark live objects
[219.753s][info][gc,phases      ] GC(316) Phase 1: Mark live objects 26.192ms
[219.753s][info][gc,phases,start] GC(316) Phase 2: Compute new object addresses
[219.893s][info][gc,phases      ] GC(316) Phase 2: Compute new object addresses 140.076ms
[219.893s][info][gc,phases,start] GC(316) Phase 3: Adjust pointers
[219.902s][info][gc,phases      ] GC(316) Phase 3: Adjust pointers 9.406ms
[219.902s][info][gc,phases,start] GC(316) Phase 4: Move objects
[219.903s][info][gc,phases      ] GC(316) Phase 4: Move objects 0.868ms
[219.903s][info][gc,heap        ] GC(316) DefNew: 157247K(157248K)->0K(157248K) Eden: 139776K(139776K)->0K(139776K) From: 17471K(17472K)->0K(17472K)
[219.903s][info][gc,heap        ] GC(316) Tenured: 349568K(349568K)->32932K(349568K)
[219.903s][info][gc,metaspace   ] GC(316) Metaspace: 16679K(17344K)->16679K(17344K) NonClass: 14259K(14656K)->14259K(14656K) Class: 2420K(2688K)->2420K(2688K)
[219.904s][info][gc             ] GC(316) Pause Full (Allocation Failure) 494M->32M(494M) 177.112ms
[219.904s][info][gc,cpu         ] GC(316) User=0.19s Sys=0.00s Real=0.19s
[220.756s][info][gc,start       ] GC(317) Pause Full (System.gc())
[220.756s][info][gc,phases,start] GC(317) Phase 1: Mark live objects
[220.770s][info][gc,phases      ] GC(317) Phase 1: Mark live objects 13.977ms
[220.770s][info][gc,phases,start] GC(317) Phase 2: Compute new object addresses
[220.795s][info][gc,phases      ] GC(317) Phase 2: Compute new object addresses 24.758ms
[220.795s][info][gc,phases,start] GC(317) Phase 3: Adjust pointers
[220.803s][info][gc,phases      ] GC(317) Phase 3: Adjust pointers 8.246ms
[220.803s][info][gc,phases,start] GC(317) Phase 4: Move objects
[220.803s][info][gc,phases      ] GC(317) Phase 4: Move objects 0.011ms
[220.803s][info][gc,heap        ] GC(317) DefNew: 54822K(157248K)->0K(157248K) Eden: 54822K(139776K)->0K(139776K) From: 0K(17472K)->0K(17472K)
[220.803s][info][gc,heap        ] GC(317) Tenured: 32932K(349568K)->31958K(349568K)
[220.803s][info][gc,metaspace   ] GC(317) Metaspace: 16679K(17344K)->16679K(17344K) NonClass: 14259K(14656K)->14259K(14656K) Class: 2420K(2688K)->2420K(2688K)
[220.803s][info][gc             ] GC(317) Pause Full (System.gc()) 85M->31M(494M) 47.339ms
[220.803s][info][gc,cpu         ] GC(317) User=0.06s Sys=0.00s Real=0.05s
[222.582s][info][gc,start       ] GC(318) Pause Young (Allocation Failure)
[222.589s][info][gc,heap        ] GC(318) DefNew: 139776K(157248K)->1485K(157248K) Eden: 139776K(139776K)->0K(139776K) From: 0K(17472K)->1485K(17472K)
[222.589s][info][gc,heap        ] GC(318) Tenured: 31958K(349568K)->31958K(349568K)
[222.589s][info][gc,metaspace   ] GC(318) Metaspace: 16683K(17344K)->16683K(17344K) NonClass: 14262K(14656K)->14262K(14656K) Class: 2420K(2688K)->2420K(2688K)
[222.589s][info][gc             ] GC(318) Pause Young (Allocation Failure) 167M->32M(494M) 6.594ms
[222.589s][info][gc,cpu         ] GC(318) User=0.02s Sys=0.00s Real=0.01s
[222.611s][info][gc,start       ] GC(319) Pause Young (Allocation Failure)
[222.616s][info][gc,heap        ] GC(319) DefNew: 141261K(157248K)->1463K(157248K) Eden: 139776K(139776K)->0K(139776K) From: 1485K(17472K)->1463K(17472K)
[222.616s][info][gc,heap        ] GC(319) Tenured: 31958K(349568K)->31958K(349568K)
[222.616s][info][gc,metaspace   ] GC(319) Metaspace: 16683K(17344K)->16683K(17344K) NonClass: 14262K(14656K)->14262K(14656K) Class: 2420K(2688K)->2420K(2688K)
[222.617s][info][gc             ] GC(319) Pause Young (Allocation Failure) 169M->32M(494M) 5.360ms
[222.617s][info][gc,cpu         ] GC(319) User=0.02s Sys=0.00s Real=0.01s
[222.634s][info][gc,start       ] GC(320) Pause Young (Allocation Failure)
[222.638s][info][gc,heap        ] GC(320) DefNew: 141239K(157248K)->1475K(157248K) Eden: 139776K(139776K)->0K(139776K) From: 1463K(17472K)->1475K(17472K)
[222.639s][info][gc,heap        ] GC(320) Tenured: 31958K(349568K)->31958K(349568K)
[222.639s][info][gc,metaspace   ] GC(320) Metaspace: 16683K(17344K)->16683K(17344K) NonClass: 14262K(14656K)->14262K(14656K) Class: 2420K(2688K)->2420K(2688K)
[222.639s][info][gc             ] GC(320) Pause Young (Allocation Failure) 169M->32M(494M) 4.226ms
[222.639s][info][gc,cpu         ] GC(320) User=0.00s Sys=0.00s Real=0.00s
[222.655s][info][gc,start       ] GC(321) Pause Young (Allocation Failure)
[222.659s][info][gc,heap        ] GC(321) DefNew: 141251K(157248K)->1480K(157248K) Eden: 139776K(139776K)->0K(139776K) From: 1475K(17472K)->1480K(17472K)
[222.659s][info][gc,heap        ] GC(321) Tenured: 31958K(349568K)->31958K(349568K)
[222.659s][info][gc,metaspace   ] GC(321) Metaspace: 16683K(17344K)->16683K(17344K) NonClass: 14262K(14656K)->14262K(14656K) Class: 2420K(2688K)->2420K(2688K)
[222.659s][info][gc             ] GC(321) Pause Young (Allocation Failure) 169M->32M(494M) 4.330ms
[222.659s][info][gc,cpu         ] GC(321) User=0.00s Sys=0.00s Real=0.00s
[222.674s][info][gc,start       ] GC(322) Pause Young (Allocation Failure)
[222.678s][info][gc,heap        ] GC(322) DefNew: 141256K(157248K)->1429K(157248K) Eden: 139776K(139776K)->0K(139776K) From: 1480K(17472K)->1429K(17472K)
[222.678s][info][gc,heap        ] GC(322) Tenured: 31958K(349568K)->31958K(349568K)
[222.678s][info][gc,metaspace   ] GC(322) Metaspace: 16683K(17344K)->16683K(17344K) NonClass: 14262K(14656K)->14262K(14656K) Class: 2420K(2688K)->2420K(2688K)
[222.678s][info][gc             ] GC(322) Pause Young (Allocation Failure) 169M->32M(494M) 4.061ms
[222.678s][info][gc,cpu         ] GC(322) User=0.00s Sys=0.00s Real=0.00s
[222.694s][info][gc,start       ] GC(323) Pause Young (Allocation Failure)
[222.698s][info][gc,heap        ] GC(323) DefNew: 141205K(157248K)->1418K(157248K) Eden: 139776K(139776K)->0K(139776K) From: 1429K(17472K)->1418K(17472K)
[222.698s][info][gc,heap        ] GC(323) Tenured: 31958K(349568K)->31958K(349568K)
[222.698s][info][gc,metaspace   ] GC(323) Metaspace: 16683K(17344K)->16683K(17344K) NonClass: 14262K(14656K)->14262K(14656K) Class: 2420K(2688K)->2420K(2688K)
[222.698s][info][gc             ] GC(323) Pause Young (Allocation Failure) 169M->32M(494M) 4.059ms
[222.698s][info][gc,cpu         ] GC(323) User=0.02s Sys=0.00s Real=0.02s
[222.713s][info][gc,start       ] GC(324) Pause Young (Allocation Failure)
[222.717s][info][gc,heap        ] GC(324) DefNew: 141194K(157248K)->1484K(157248K) Eden: 139776K(139776K)->0K(139776K) From: 1418K(17472K)->1484K(17472K)
[222.717s][info][gc,heap        ] GC(324) Tenured: 31958K(349568K)->31958K(349568K)
[222.717s][info][gc,metaspace   ] GC(324) Metaspace: 16683K(17344K)->16683K(17344K) NonClass: 14262K(14656K)->14262K(14656K) Class: 2420K(2688K)->2420K(2688K)
[222.717s][info][gc             ] GC(324) Pause Young (Allocation Failure) 169M->32M(494M) 4.087ms
[222.717s][info][gc,cpu         ] GC(324) User=0.00s Sys=0.00s Real=0.00s
[222.733s][info][gc,start       ] GC(325) Pause Young (Allocation Failure)
[222.737s][info][gc,heap        ] GC(325) DefNew: 141260K(157248K)->1411K(157248K) Eden: 139776K(139776K)->0K(139776K) From: 1484K(17472K)->1411K(17472K)
[222.737s][info][gc,heap        ] GC(325) Tenured: 31958K(349568K)->31958K(349568K)
[222.737s][info][gc,metaspace   ] GC(325) Metaspace: 16683K(17344K)->16683K(17344K) NonClass: 14262K(14656K)->14262K(14656K) Class: 2420K(2688K)->2420K(2688K)
[222.737s][info][gc             ] GC(325) Pause Young (Allocation Failure) 169M->32M(494M) 4.046ms
[222.737s][info][gc,cpu         ] GC(325) User=0.02s Sys=0.00s Real=0.02s
[222.753s][info][gc,start       ] GC(326) Pause Young (Allocation Failure)
[222.756s][info][gc,heap        ] GC(326) DefNew: 141187K(157248K)->1354K(157248K) Eden: 139776K(139776K)->0K(139776K) From: 1411K(17472K)->1354K(17472K)
[222.756s][info][gc,heap        ] GC(326) Tenured: 31958K(349568K)->31958K(349568K)
[222.756s][info][gc,metaspace   ] GC(326) Metaspace: 16683K(17344K)->16683K(17344K) NonClass: 14262K(14656K)->14262K(14656K) Class: 2420K(2688K)->2420K(2688K)
[222.756s][info][gc             ] GC(326) Pause Young (Allocation Failure) 169M->32M(494M) 3.907ms
[222.756s][info][gc,cpu         ] GC(326) User=0.00s Sys=0.00s Real=0.00s
[222.772s][info][gc,start       ] GC(327) Pause Young (Allocation Failure)
[222.776s][info][gc,heap        ] GC(327) DefNew: 141130K(157248K)->1498K(157248K) Eden: 139776K(139776K)->0K(139776K) From: 1354K(17472K)->1498K(17472K)
[222.776s][info][gc,heap        ] GC(327) Tenured: 31958K(349568K)->31958K(349568K)
[222.776s][info][gc,metaspace   ] GC(327) Metaspace: 16683K(17344K)->16683K(17344K) NonClass: 14262K(14656K)->14262K(14656K) Class: 2420K(2688K)->2420K(2688K)
[222.776s][info][gc             ] GC(327) Pause Young (Allocation Failure) 169M->32M(494M) 4.253ms
[222.776s][info][gc,cpu         ] GC(327) User=0.02s Sys=0.00s Real=0.02s
[222.791s][info][gc,start       ] GC(328) Pause Young (Allocation Failure)
[222.795s][info][gc,heap        ] GC(328) DefNew: 141274K(157248K)->1493K(157248K) Eden: 139776K(139776K)->0K(139776K) From: 1498K(17472K)->1493K(17472K)
[222.795s][info][gc,heap        ] GC(328) Tenured: 31958K(349568K)->31958K(349568K)
[222.795s][info][gc,metaspace   ] GC(328) Metaspace: 16683K(17344K)->16683K(17344K) NonClass: 14262K(14656K)->14262K(14656K) Class: 2420K(2688K)->2420K(2688K)
[222.795s][info][gc             ] GC(328) Pause Young (Allocation Failure) 169M->32M(494M) 4.181ms
[222.795s][info][gc,cpu         ] GC(328) User=0.02s Sys=0.00s Real=0.02s
[222.810s][info][gc,start       ] GC(329) Pause Young (Allocation Failure)
[222.815s][info][gc,heap        ] GC(329) DefNew: 141269K(157248K)->1504K(157248K) Eden: 139776K(139776K)->0K(139776K) From: 1493K(17472K)->1504K(17472K)
[222.815s][info][gc,heap        ] GC(329) Tenured: 31958K(349568K)->31958K(349568K)
[222.815s][info][gc,metaspace   ] GC(329) Metaspace: 16683K(17344K)->16683K(17344K) NonClass: 14262K(14656K)->14262K(14656K) Class: 2420K(2688K)->2420K(2688K)
[222.815s][info][gc             ] GC(329) Pause Young (Allocation Failure) 169M->32M(494M) 4.343ms
[222.815s][info][gc,cpu         ] GC(329) User=0.00s Sys=0.00s Real=0.00s
[222.830s][info][gc,start       ] GC(330) Pause Young (Allocation Failure)
[222.834s][info][gc,heap        ] GC(330) DefNew: 141280K(157248K)->1460K(157248K) Eden: 139776K(139776K)->0K(139776K) From: 1504K(17472K)->1460K(17472K)
[222.834s][info][gc,heap        ] GC(330) Tenured: 31958K(349568K)->31958K(349568K)
[222.834s][info][gc,metaspace   ] GC(330) Metaspace: 16683K(17344K)->16683K(17344K) NonClass: 14262K(14656K)->14262K(14656K) Class: 2420K(2688K)->2420K(2688K)
[222.835s][info][gc             ] GC(330) Pause Young (Allocation Failure) 169M->32M(494M) 4.270ms
[222.835s][info][gc,cpu         ] GC(330) User=0.02s Sys=0.00s Real=0.02s
[222.850s][info][gc,start       ] GC(331) Pause Young (Allocation Failure)
[222.854s][info][gc,heap        ] GC(331) DefNew: 141236K(157248K)->1516K(157248K) Eden: 139776K(139776K)->0K(139776K) From: 1460K(17472K)->1516K(17472K)
[222.854s][info][gc,heap        ] GC(331) Tenured: 31958K(349568K)->31958K(349568K)
[222.854s][info][gc,metaspace   ] GC(331) Metaspace: 16683K(17344K)->16683K(17344K) NonClass: 14262K(14656K)->14262K(14656K) Class: 2420K(2688K)->2420K(2688K)
[222.854s][info][gc             ] GC(331) Pause Young (Allocation Failure) 169M->32M(494M) 4.262ms
[222.854s][info][gc,cpu         ] GC(331) User=0.02s Sys=0.00s Real=0.02s
[222.870s][info][gc,start       ] GC(332) Pause Young (Allocation Failure)
[222.874s][info][gc,heap        ] GC(332) DefNew: 141292K(157248K)->1521K(157248K) Eden: 139776K(139776K)->0K(139776K) From: 1516K(17472K)->1521K(17472K)
[222.874s][info][gc,heap        ] GC(332) Tenured: 31958K(349568K)->31958K(349568K)
[222.874s][info][gc,metaspace   ] GC(332) Metaspace: 16683K(17344K)->16683K(17344K) NonClass: 14262K(14656K)->14262K(14656K) Class: 2420K(2688K)->2420K(2688K)
[222.874s][info][gc             ] GC(332) Pause Young (Allocation Failure) 169M->32M(494M) 4.262ms
[222.874s][info][gc,cpu         ] GC(332) User=0.00s Sys=0.00s Real=0.00s
[222.889s][info][gc,start       ] GC(333) Pause Young (Allocation Failure)
[222.893s][info][gc,heap        ] GC(333) DefNew: 141297K(157248K)->1285K(157248K) Eden: 139776K(139776K)->0K(139776K) From: 1521K(17472K)->1285K(17472K)
[222.893s][info][gc,heap        ] GC(333) Tenured: 31958K(349568K)->32062K(349568K)
[222.893s][info][gc,metaspace   ] GC(333) Metaspace: 16683K(17344K)->16683K(17344K) NonClass: 14262K(14656K)->14262K(14656K) Class: 2420K(2688K)->2420K(2688K)
[222.893s][info][gc             ] GC(333) Pause Young (Allocation Failure) 169M->32M(494M) 4.102ms
[222.893s][info][gc,cpu         ] GC(333) User=0.02s Sys=0.00s Real=0.02s
[222.910s][info][gc,start       ] GC(334) Pause Young (Allocation Failure)
[222.913s][info][gc,heap        ] GC(334) DefNew: 141061K(157248K)->1248K(157248K) Eden: 139776K(139776K)->0K(139776K) From: 1285K(17472K)->1248K(17472K)
[222.913s][info][gc,heap        ] GC(334) Tenured: 32062K(349568K)->32063K(349568K)
[222.913s][info][gc,metaspace   ] GC(334) Metaspace: 16683K(17344K)->16683K(17344K) NonClass: 14262K(14656K)->14262K(14656K) Class: 2420K(2688K)->2420K(2688K)
[222.913s][info][gc             ] GC(334) Pause Young (Allocation Failure) 169M->32M(494M) 3.714ms
[222.913s][info][gc,cpu         ] GC(334) User=0.00s Sys=0.00s Real=0.00s
[222.930s][info][gc,start       ] GC(335) Pause Young (Allocation Failure)
[222.934s][info][gc,heap        ] GC(335) DefNew: 141024K(157248K)->1350K(157248K) Eden: 139776K(139776K)->0K(139776K) From: 1248K(17472K)->1350K(17472K)
[222.934s][info][gc,heap        ] GC(335) Tenured: 32063K(349568K)->32063K(349568K)
[222.934s][info][gc,metaspace   ] GC(335) Metaspace: 16683K(17344K)->16683K(17344K) NonClass: 14262K(14656K)->14262K(14656K) Class: 2420K(2688K)->2420K(2688K)
[222.934s][info][gc             ] GC(335) Pause Young (Allocation Failure) 169M->32M(494M) 3.937ms
[222.934s][info][gc,cpu         ] GC(335) User=0.00s Sys=0.00s Real=0.00s
[222.950s][info][gc,start       ] GC(336) Pause Young (Allocation Failure)
[222.954s][info][gc,heap        ] GC(336) DefNew: 141126K(157248K)->1279K(157248K) Eden: 139776K(139776K)->0K(139776K) From: 1350K(17472K)->1279K(17472K)
[222.954s][info][gc,heap        ] GC(336) Tenured: 32063K(349568K)->32063K(349568K)
[222.954s][info][gc,metaspace   ] GC(336) Metaspace: 16683K(17344K)->16683K(17344K) NonClass: 14262K(14656K)->14262K(14656K) Class: 2420K(2688K)->2420K(2688K)
[222.954s][info][gc             ] GC(336) Pause Young (Allocation Failure) 169M->32M(494M) 3.809ms
[222.954s][info][gc,cpu         ] GC(336) User=0.00s Sys=0.00s Real=0.00s
[222.971s][info][gc,start       ] GC(337) Pause Young (Allocation Failure)
[222.974s][info][gc,heap        ] GC(337) DefNew: 141055K(157248K)->1175K(157248K) Eden: 139776K(139776K)->0K(139776K) From: 1279K(17472K)->1175K(17472K)
[222.974s][info][gc,heap        ] GC(337) Tenured: 32063K(349568K)->32064K(349568K)
[222.974s][info][gc,metaspace   ] GC(337) Metaspace: 16683K(17344K)->16683K(17344K) NonClass: 14262K(14656K)->14262K(14656K) Class: 2420K(2688K)->2420K(2688K)
[222.974s][info][gc             ] GC(337) Pause Young (Allocation Failure) 169M->32M(494M) 3.618ms
[222.974s][info][gc,cpu         ] GC(337) User=0.00s Sys=0.00s Real=0.00s
[222.991s][info][gc,start       ] GC(338) Pause Young (Allocation Failure)
[222.994s][info][gc,heap        ] GC(338) DefNew: 140951K(157248K)->1256K(157248K) Eden: 139776K(139776K)->0K(139776K) From: 1175K(17472K)->1256K(17472K)
[222.995s][info][gc,heap        ] GC(338) Tenured: 32064K(349568K)->32064K(349568K)
[222.995s][info][gc,metaspace   ] GC(338) Metaspace: 16683K(17344K)->16683K(17344K) NonClass: 14262K(14656K)->14262K(14656K) Class: 2420K(2688K)->2420K(2688K)
[222.995s][info][gc             ] GC(338) Pause Young (Allocation Failure) 168M->32M(494M) 3.705ms
[222.995s][info][gc,cpu         ] GC(338) User=0.00s Sys=0.00s Real=0.00s
[223.011s][info][gc,start       ] GC(339) Pause Young (Allocation Failure)
[223.015s][info][gc,heap        ] GC(339) DefNew: 141032K(157248K)->1149K(157248K) Eden: 139776K(139776K)->0K(139776K) From: 1256K(17472K)->1149K(17472K)
[223.015s][info][gc,heap        ] GC(339) Tenured: 32064K(349568K)->32064K(349568K)
[223.015s][info][gc,metaspace   ] GC(339) Metaspace: 16683K(17344K)->16683K(17344K) NonClass: 14262K(14656K)->14262K(14656K) Class: 2420K(2688K)->2420K(2688K)
[223.015s][info][gc             ] GC(339) Pause Young (Allocation Failure) 169M->32M(494M) 3.468ms
[223.015s][info][gc,cpu         ] GC(339) User=0.00s Sys=0.00s Real=0.00s
[223.031s][info][gc,start       ] GC(340) Pause Young (Allocation Failure)
[223.035s][info][gc,heap        ] GC(340) DefNew: 140925K(157248K)->1194K(157248K) Eden: 139776K(139776K)->0K(139776K) From: 1149K(17472K)->1194K(17472K)
[223.035s][info][gc,heap        ] GC(340) Tenured: 32064K(349568K)->32064K(349568K)
[223.035s][info][gc,metaspace   ] GC(340) Metaspace: 16683K(17344K)->16683K(17344K) NonClass: 14262K(14656K)->14262K(14656K) Class: 2420K(2688K)->2420K(2688K)
[223.035s][info][gc             ] GC(340) Pause Young (Allocation Failure) 168M->32M(494M) 3.622ms
[223.035s][info][gc,cpu         ] GC(340) User=0.00s Sys=0.00s Real=0.00s
[223.052s][info][gc,start       ] GC(341) Pause Young (Allocation Failure)
[223.055s][info][gc,heap        ] GC(341) DefNew: 140970K(157248K)->875K(157248K) Eden: 139776K(139776K)->0K(139776K) From: 1194K(17472K)->875K(17472K)
[223.055s][info][gc,heap        ] GC(341) Tenured: 32064K(349568K)->32068K(349568K)
[223.055s][info][gc,metaspace   ] GC(341) Metaspace: 16683K(17344K)->16683K(17344K) NonClass: 14262K(14656K)->14262K(14656K) Class: 2420K(2688K)->2420K(2688K)
[223.055s][info][gc             ] GC(341) Pause Young (Allocation Failure) 168M->32M(494M) 2.896ms
[223.055s][info][gc,cpu         ] GC(341) User=0.00s Sys=0.00s Real=0.00s
[223.163s][info][gc,start       ] GC(342) Pause Young (Allocation Failure)
[223.387s][info][gc,heap        ] GC(342) DefNew: 140651K(157248K)->17472K(157248K) Eden: 139776K(139776K)->0K(139776K) From: 875K(17472K)->17472K(17472K)
[223.387s][info][gc,heap        ] GC(342) Tenured: 32068K(349568K)->87881K(349568K)
[223.387s][info][gc,metaspace   ] GC(342) Metaspace: 16683K(17344K)->16683K(17344K) NonClass: 14263K(14656K)->14263K(14656K) Class: 2420K(2688K)->2420K(2688K)
[223.387s][info][gc             ] GC(342) Pause Young (Allocation Failure) 168M->102M(494M) 223.618ms
[223.387s][info][gc,cpu         ] GC(342) User=0.23s Sys=0.00s Real=0.23s
[223.537s][info][gc,start       ] GC(343) Pause Young (Allocation Failure)
[223.885s][info][gc,heap        ] GC(343) DefNew: 157248K(157248K)->17472K(157248K) Eden: 139776K(139776K)->0K(139776K) From: 17472K(17472K)->17472K(17472K)
[223.885s][info][gc,heap        ] GC(343) Tenured: 87881K(349568K)->177185K(349568K)
[223.885s][info][gc,metaspace   ] GC(343) Metaspace: 16683K(17344K)->16683K(17344K) NonClass: 14263K(14656K)->14263K(14656K) Class: 2420K(2688K)->2420K(2688K)
[223.885s][info][gc             ] GC(343) Pause Young (Allocation Failure) 239M->190M(494M) 348.347ms
[223.885s][info][gc,cpu         ] GC(343) User=0.34s Sys=0.00s Real=0.35s
[224.044s][info][gc,start       ] GC(344) Pause Young (Allocation Failure)
[224.416s][info][gc,heap        ] GC(344) DefNew: 157248K(157248K)->17472K(157248K) Eden: 139776K(139776K)->0K(139776K) From: 17472K(17472K)->17472K(17472K)
[224.416s][info][gc,heap        ] GC(344) Tenured: 177185K(349568K)->268452K(349568K)
[224.416s][info][gc,metaspace   ] GC(344) Metaspace: 16683K(17344K)->16683K(17344K) NonClass: 14263K(14656K)->14263K(14656K) Class: 2420K(2688K)->2420K(2688K)
[224.416s][info][gc             ] GC(344) Pause Young (Allocation Failure) 326M->279M(494M) 371.472ms
[224.416s][info][gc,cpu         ] GC(344) User=0.38s Sys=0.00s Real=0.38s
[224.576s][info][gc,start       ] GC(345) Pause Young (Allocation Failure)
[224.576s][info][gc             ] GC(345) Pause Young (Allocation Failure) 415M->415M(494M) 0.229ms
[224.576s][info][gc,cpu         ] GC(345) User=0.00s Sys=0.00s Real=0.00s
[224.576s][info][gc,start       ] GC(346) Pause Full (Allocation Failure)
[224.577s][info][gc,phases,start] GC(346) Phase 1: Mark live objects
[225.157s][info][gc,phases      ] GC(346) Phase 1: Mark live objects 580.898ms
[225.157s][info][gc,phases,start] GC(346) Phase 2: Compute new object addresses
[225.326s][info][gc,phases      ] GC(346) Phase 2: Compute new object addresses 168.578ms
[225.326s][info][gc,phases,start] GC(346) Phase 3: Adjust pointers
[225.606s][info][gc,phases      ] GC(346) Phase 3: Adjust pointers 280.247ms
[225.606s][info][gc,phases,start] GC(346) Phase 4: Move objects
[225.733s][info][gc,phases      ] GC(346) Phase 4: Move objects 126.735ms
[225.738s][info][gc,heap        ] GC(346) DefNew: 157248K(157248K)->7563K(157248K) Eden: 139776K(139776K)->7563K(139776K) From: 17472K(17472K)->0K(17472K)
[225.738s][info][gc,heap        ] GC(346) Tenured: 268452K(349568K)->349567K(349568K)
[225.738s][info][gc,metaspace   ] GC(346) Metaspace: 16683K(17344K)->16683K(17344K) NonClass: 14263K(14656K)->14263K(14656K) Class: 2420K(2688K)->2420K(2688K)
[225.738s][info][gc             ] GC(346) Pause Full (Allocation Failure) 415M->348M(494M) 1162.008ms
[225.738s][info][gc,cpu         ] GC(346) User=1.17s Sys=0.00s Real=1.17s
[226.193s][info][gc,start       ] GC(347) Pause Full (Allocation Failure)
[226.193s][info][gc,phases,start] GC(347) Phase 1: Mark live objects
[226.888s][info][gc,phases      ] GC(347) Phase 1: Mark live objects 694.644ms
[226.888s][info][gc,phases,start] GC(347) Phase 2: Compute new object addresses
[227.087s][info][gc,phases      ] GC(347) Phase 2: Compute new object addresses 199.668ms
[227.088s][info][gc,phases,start] GC(347) Phase 3: Adjust pointers
[227.391s][info][gc,phases      ] GC(347) Phase 3: Adjust pointers 303.714ms
[227.391s][info][gc,phases,start] GC(347) Phase 4: Move objects
[227.435s][info][gc,phases      ] GC(347) Phase 4: Move objects 43.797ms
[227.441s][info][gc,heap        ] GC(347) DefNew: 157247K(157248K)->101912K(157248K) Eden: 139776K(139776K)->101912K(139776K) From: 17471K(17472K)->0K(17472K)
[227.441s][info][gc,heap        ] GC(347) Tenured: 349568K(349568K)->349568K(349568K)
[227.441s][info][gc,metaspace   ] GC(347) Metaspace: 16683K(17344K)->16683K(17344K) NonClass: 14263K(14656K)->14263K(14656K) Class: 2420K(2688K)->2420K(2688K)
[227.441s][info][gc             ] GC(347) Pause Full (Allocation Failure) 494M->440M(494M) 1248.443ms
[227.441s][info][gc,cpu         ] GC(347) User=1.25s Sys=0.00s Real=1.25s
[229.484s][info][gc,start       ] GC(348) Pause Full (Allocation Failure)
[229.484s][info][gc,phases,start] GC(348) Phase 1: Mark live objects
[230.072s][info][gc,phases      ] GC(348) Phase 1: Mark live objects 587.511ms
[230.072s][info][gc,phases,start] GC(348) Phase 2: Compute new object addresses
[230.278s][info][gc,phases      ] GC(348) Phase 2: Compute new object addresses 206.444ms
[230.278s][info][gc,phases,start] GC(348) Phase 3: Adjust pointers
[230.558s][info][gc,phases      ] GC(348) Phase 3: Adjust pointers 279.198ms
[230.558s][info][gc,phases,start] GC(348) Phase 4: Move objects
[230.653s][info][gc,phases      ] GC(348) Phase 4: Move objects 95.099ms
[230.658s][info][gc,heap        ] GC(348) DefNew: 157248K(157248K)->91217K(157248K) Eden: 139776K(139776K)->91217K(139776K) From: 17472K(17472K)->0K(17472K)
[230.658s][info][gc,heap        ] GC(348) Tenured: 349568K(349568K)->349567K(349568K)
[230.658s][info][gc,metaspace   ] GC(348) Metaspace: 16683K(17344K)->16683K(17344K) NonClass: 14263K(14656K)->14263K(14656K) Class: 2420K(2688K)->2420K(2688K)
[230.658s][info][gc             ] GC(348) Pause Full (Allocation Failure) 494M->430M(494M) 1174.162ms
[230.659s][info][gc,cpu         ] GC(348) User=1.19s Sys=0.00s Real=1.19s
[237.102s][info][gc,start       ] GC(349) Pause Full (Allocation Failure)
[237.102s][info][gc,phases,start] GC(349) Phase 1: Mark live objects
[237.140s][info][gc,phases      ] GC(349) Phase 1: Mark live objects 38.248ms
[237.140s][info][gc,phases,start] GC(349) Phase 2: Compute new object addresses
[237.287s][info][gc,phases      ] GC(349) Phase 2: Compute new object addresses 147.044ms
[237.287s][info][gc,phases,start] GC(349) Phase 3: Adjust pointers
[237.303s][info][gc,phases      ] GC(349) Phase 3: Adjust pointers 16.235ms
[237.303s][info][gc,phases,start] GC(349) Phase 4: Move objects
[237.308s][info][gc,phases      ] GC(349) Phase 4: Move objects 4.929ms
[237.309s][info][gc,heap        ] GC(349) DefNew: 157247K(157248K)->0K(157248K) Eden: 139776K(139776K)->0K(139776K) From: 17471K(17472K)->0K(17472K)
[237.309s][info][gc,heap        ] GC(349) Tenured: 349568K(349568K)->25917K(349568K)
[237.309s][info][gc,metaspace   ] GC(349) Metaspace: 16683K(17344K)->16683K(17344K) NonClass: 14263K(14656K)->14263K(14656K) Class: 2420K(2688K)->2420K(2688K)
[237.309s][info][gc             ] GC(349) Pause Full (Allocation Failure) 494M->25M(494M) 207.079ms
[237.309s][info][gc,cpu         ] GC(349) User=0.19s Sys=0.00s Real=0.20s
[237.425s][info][gc,start       ] GC(350) Pause Young (Allocation Failure)
[237.602s][info][gc,heap        ] GC(350) DefNew: 139776K(157248K)->17472K(157248K) Eden: 139776K(139776K)->0K(139776K) From: 0K(17472K)->17472K(17472K)
[237.602s][info][gc,heap        ] GC(350) Tenured: 25917K(349568K)->67191K(349568K)
[237.602s][info][gc,metaspace   ] GC(350) Metaspace: 16683K(17344K)->16683K(17344K) NonClass: 14263K(14656K)->14263K(14656K) Class: 2420K(2688K)->2420K(2688K)
[237.602s][info][gc             ] GC(350) Pause Young (Allocation Failure) 161M->82M(494M) 177.317ms
[237.602s][info][gc,cpu         ] GC(350) User=0.17s Sys=0.00s Real=0.17s
[237.728s][info][gc,start       ] GC(351) Pause Young (Allocation Failure)
[237.984s][info][gc,heap        ] GC(351) DefNew: 157248K(157248K)->17472K(157248K) Eden: 139776K(139776K)->0K(139776K) From: 17472K(17472K)->17472K(17472K)
[237.991s][info][gc,heap        ] GC(351) Tenured: 67191K(349568K)->125157K(349568K)
[237.991s][info][gc,metaspace   ] GC(351) Metaspace: 16683K(17344K)->16683K(17344K) NonClass: 14263K(14656K)->14263K(14656K) Class: 2420K(2688K)->2420K(2688K)
[237.991s][info][gc             ] GC(351) Pause Young (Allocation Failure) 219M->139M(494M) 263.068ms
[237.991s][info][gc,cpu         ] GC(351) User=0.27s Sys=0.00s Real=0.27s
[238.117s][info][gc,start       ] GC(352) Pause Young (Allocation Failure)
[238.360s][info][gc,heap        ] GC(352) DefNew: 157248K(157248K)->17472K(157248K) Eden: 139776K(139776K)->0K(139776K) From: 17472K(17472K)->17472K(17472K)
[238.360s][info][gc,heap        ] GC(352) Tenured: 125157K(349568K)->181118K(349568K)
[238.360s][info][gc,metaspace   ] GC(352) Metaspace: 16683K(17344K)->16683K(17344K) NonClass: 14263K(14656K)->14263K(14656K) Class: 2420K(2688K)->2420K(2688K)
[238.360s][info][gc             ] GC(352) Pause Young (Allocation Failure) 275M->193M(494M) 242.747ms
[238.360s][info][gc,cpu         ] GC(352) User=0.23s Sys=0.00s Real=0.23s
[238.489s][info][gc,start       ] GC(353) Pause Young (Allocation Failure)
[238.725s][info][gc,heap        ] GC(353) DefNew: 157248K(157248K)->17471K(157248K) Eden: 139776K(139776K)->0K(139776K) From: 17472K(17472K)->17471K(17472K)
[238.725s][info][gc,heap        ] GC(353) Tenured: 181118K(349568K)->238429K(349568K)
[238.725s][info][gc,metaspace   ] GC(353) Metaspace: 16683K(17344K)->16683K(17344K) NonClass: 14263K(14656K)->14263K(14656K) Class: 2420K(2688K)->2420K(2688K)
[238.725s][info][gc             ] GC(353) Pause Young (Allocation Failure) 330M->249M(494M) 236.254ms
[238.725s][info][gc,cpu         ] GC(353) User=0.23s Sys=0.00s Real=0.23s
[238.853s][info][gc,start       ] GC(354) Pause Young (Allocation Failure)
[238.853s][info][gc             ] GC(354) Pause Young (Allocation Failure) 386M->386M(494M) 0.165ms
[238.853s][info][gc,cpu         ] GC(354) User=0.00s Sys=0.00s Real=0.00s
[238.853s][info][gc,start       ] GC(355) Pause Full (Allocation Failure)
[238.853s][info][gc,phases,start] GC(355) Phase 1: Mark live objects
[239.314s][info][gc,phases      ] GC(355) Phase 1: Mark live objects 460.286ms
[239.314s][info][gc,phases,start] GC(355) Phase 2: Compute new object addresses
[239.449s][info][gc,phases      ] GC(355) Phase 2: Compute new object addresses 135.368ms
[239.561s][info][gc,phases,start] GC(355) Phase 3: Adjust pointers
[239.824s][info][gc,phases      ] GC(355) Phase 3: Adjust pointers 262.913ms
[239.824s][info][gc,phases,start] GC(355) Phase 4: Move objects
[239.935s][info][gc,phases      ] GC(355) Phase 4: Move objects 110.805ms
[239.935s][info][gc,heap        ] GC(355) DefNew: 157247K(157248K)->0K(157248K) Eden: 139776K(139776K)->0K(139776K) From: 17471K(17472K)->0K(17472K)
[239.935s][info][gc,heap        ] GC(355) Tenured: 238429K(349568K)->307417K(349568K)
[239.935s][info][gc,metaspace   ] GC(355) Metaspace: 16683K(17344K)->16683K(17344K) NonClass: 14263K(14656K)->14263K(14656K) Class: 2420K(2688K)->2420K(2688K)
[239.935s][info][gc             ] GC(355) Pause Full (Allocation Failure) 386M->300M(494M) 1081.981ms
[239.935s][info][gc,cpu         ] GC(355) User=0.98s Sys=0.00s Real=1.08s
[240.066s][info][gc,start       ] GC(356) Pause Young (Allocation Failure)
[240.066s][info][gc             ] GC(356) Pause Young (Allocation Failure) 436M->436M(494M) 0.223ms
[240.066s][info][gc,cpu         ] GC(356) User=0.00s Sys=0.00s Real=0.00s
[240.067s][info][gc,start       ] GC(357) Pause Full (Allocation Failure)
[240.067s][info][gc,phases,start] GC(357) Phase 1: Mark live objects
[240.604s][info][gc,phases      ] GC(357) Phase 1: Mark live objects 537.058ms
[240.604s][info][gc,phases,start] GC(357) Phase 2: Compute new object addresses
[240.760s][info][gc,phases      ] GC(357) Phase 2: Compute new object addresses 155.886ms
[240.760s][info][gc,phases,start] GC(357) Phase 3: Adjust pointers
[241.009s][info][gc,phases      ] GC(357) Phase 3: Adjust pointers 249.526ms
[241.009s][info][gc,phases,start] GC(357) Phase 4: Move objects
[241.043s][info][gc,phases      ] GC(357) Phase 4: Move objects 33.502ms
[241.043s][info][gc,heap        ] GC(357) DefNew: 139776K(157248K)->16287K(157248K) Eden: 139776K(139776K)->16287K(139776K) From: 0K(17472K)->0K(17472K)
[241.043s][info][gc,heap        ] GC(357) Tenured: 307417K(349568K)->349567K(349568K)
[241.043s][info][gc,metaspace   ] GC(357) Metaspace: 16683K(17344K)->16683K(17344K) NonClass: 14263K(14656K)->14263K(14656K) Class: 2420K(2688K)->2420K(2688K)
[241.043s][info][gc             ] GC(357) Pause Full (Allocation Failure) 436M->357M(494M) 976.618ms
[241.043s][info][gc,cpu         ] GC(357) User=0.97s Sys=0.00s Real=0.97s
[241.230s][info][gc,start       ] GC(358) Pause Full (Allocation Failure)
[241.230s][info][gc,phases,start] GC(358) Phase 1: Mark live objects
[241.825s][info][gc,phases      ] GC(358) Phase 1: Mark live objects 594.860ms
[241.825s][info][gc,phases,start] GC(358) Phase 2: Compute new object addresses
[242.018s][info][gc,phases      ] GC(358) Phase 2: Compute new object addresses 193.219ms
[242.018s][info][gc,phases,start] GC(358) Phase 3: Adjust pointers
[242.299s][info][gc,phases      ] GC(358) Phase 3: Adjust pointers 280.605ms
[242.299s][info][gc,phases,start] GC(358) Phase 4: Move objects
[242.344s][info][gc,phases      ] GC(358) Phase 4: Move objects 45.674ms
[242.345s][info][gc,heap        ] GC(358) DefNew: 157247K(157248K)->73441K(157248K) Eden: 139776K(139776K)->73441K(139776K) From: 17471K(17472K)->0K(17472K)
[242.345s][info][gc,heap        ] GC(358) Tenured: 349567K(349568K)->349567K(349568K)
[242.345s][info][gc,metaspace   ] GC(358) Metaspace: 16683K(17344K)->16683K(17344K) NonClass: 14263K(14656K)->14263K(14656K) Class: 2420K(2688K)->2420K(2688K)
[242.345s][info][gc             ] GC(358) Pause Full (Allocation Failure) 494M->413M(494M) 1115.342ms
[242.345s][info][gc,cpu         ] GC(358) User=1.09s Sys=0.02s Real=1.11s
[242.597s][info][gc,start       ] GC(359) Pause Full (Allocation Failure)
[242.597s][info][gc,phases,start] GC(359) Phase 1: Mark live objects
[243.169s][info][gc,phases      ] GC(359) Phase 1: Mark live objects 571.213ms
[243.169s][info][gc,phases,start] GC(359) Phase 2: Compute new object addresses
[243.369s][info][gc,phases      ] GC(359) Phase 2: Compute new object addresses 200.418ms
[243.369s][info][gc,phases,start] GC(359) Phase 3: Adjust pointers
[243.675s][info][gc,phases      ] GC(359) Phase 3: Adjust pointers 305.856ms
[243.675s][info][gc,phases,start] GC(359) Phase 4: Move objects
[243.723s][info][gc,phases      ] GC(359) Phase 4: Move objects 47.850ms
[243.723s][info][gc,heap        ] GC(359) DefNew: 157247K(157248K)->117498K(157248K) Eden: 139776K(139776K)->117498K(139776K) From: 17471K(17472K)->0K(17472K)
[243.723s][info][gc,heap        ] GC(359) Tenured: 349567K(349568K)->349567K(349568K)
[243.723s][info][gc,metaspace   ] GC(359) Metaspace: 16683K(17344K)->16683K(17344K) NonClass: 14263K(14656K)->14263K(14656K) Class: 2420K(2688K)->2420K(2688K)
[243.723s][info][gc             ] GC(359) Pause Full (Allocation Failure) 494M->456M(494M) 1126.091ms
[243.723s][info][gc,cpu         ] GC(359) User=1.13s Sys=0.00s Real=1.13s
[244.104s][info][gc,start       ] GC(360) Pause Full (Allocation Failure)
[244.104s][info][gc,phases,start] GC(360) Phase 1: Mark live objects
[244.694s][info][gc,phases      ] GC(360) Phase 1: Mark live objects 589.761ms
[244.694s][info][gc,phases,start] GC(360) Phase 2: Compute new object addresses
[244.886s][info][gc,phases      ] GC(360) Phase 2: Compute new object addresses 192.176ms
[244.886s][info][gc,phases,start] GC(360) Phase 3: Adjust pointers
[245.266s][info][gc,phases      ] GC(360) Phase 3: Adjust pointers 380.138ms
[245.267s][info][gc,phases,start] GC(360) Phase 4: Move objects
[245.425s][info][gc,phases      ] GC(360) Phase 4: Move objects 157.997ms
[245.425s][info][gc,heap        ] GC(360) DefNew: 157247K(157248K)->131407K(157248K) Eden: 139776K(139776K)->131407K(139776K) From: 17471K(17472K)->0K(17472K)
[245.425s][info][gc,heap        ] GC(360) Tenured: 349567K(349568K)->349567K(349568K)
[245.425s][info][gc,metaspace   ] GC(360) Metaspace: 16683K(17344K)->16683K(17344K) NonClass: 14263K(14656K)->14263K(14656K) Class: 2420K(2688K)->2420K(2688K)
[245.425s][info][gc             ] GC(360) Pause Full (Allocation Failure) 494M->469M(494M) 1320.841ms
[245.425s][info][gc,cpu         ] GC(360) User=1.31s Sys=0.00s Real=1.31s
[245.585s][info][gc,start       ] GC(361) Pause Full (Allocation Failure)
[245.586s][info][gc,phases,start] GC(361) Phase 1: Mark live objects
[246.164s][info][gc,phases      ] GC(361) Phase 1: Mark live objects 578.313ms
[246.164s][info][gc,phases,start] GC(361) Phase 2: Compute new object addresses
[246.370s][info][gc,phases      ] GC(361) Phase 2: Compute new object addresses 206.276ms
[246.482s][info][gc,phases,start] GC(361) Phase 3: Adjust pointers
[246.802s][info][gc,phases      ] GC(361) Phase 3: Adjust pointers 319.590ms
[246.802s][info][gc,phases,start] GC(361) Phase 4: Move objects
[246.849s][info][gc,phases      ] GC(361) Phase 4: Move objects 47.593ms
[246.850s][info][gc,heap        ] GC(361) DefNew: 157247K(157248K)->127302K(157248K) Eden: 139776K(139776K)->127302K(139776K) From: 17471K(17472K)->0K(17472K)
[246.850s][info][gc,heap        ] GC(361) Tenured: 349567K(349568K)->349567K(349568K)
[246.850s][info][gc,metaspace   ] GC(361) Metaspace: 16683K(17344K)->16683K(17344K) NonClass: 14263K(14656K)->14263K(14656K) Class: 2420K(2688K)->2420K(2688K)
[246.850s][info][gc             ] GC(361) Pause Full (Allocation Failure) 494M->465M(494M) 1264.566ms
[246.850s][info][gc,cpu         ] GC(361) User=1.16s Sys=0.00s Real=1.27s
[246.958s][info][gc,start       ] GC(362) Pause Full (Allocation Failure)
[246.959s][info][gc,phases,start] GC(362) Phase 1: Mark live objects
[247.517s][info][gc,phases      ] GC(362) Phase 1: Mark live objects 558.328ms
[247.517s][info][gc,phases,start] GC(362) Phase 2: Compute new object addresses
[247.709s][info][gc,phases      ] GC(362) Phase 2: Compute new object addresses 192.551ms
[247.710s][info][gc,phases,start] GC(362) Phase 3: Adjust pointers
[248.005s][info][gc,phases      ] GC(362) Phase 3: Adjust pointers 295.639ms
[248.005s][info][gc,phases,start] GC(362) Phase 4: Move objects
[248.054s][info][gc,phases      ] GC(362) Phase 4: Move objects 48.280ms
[248.054s][info][gc,heap        ] GC(362) DefNew: 157247K(157248K)->125094K(157248K) Eden: 139776K(139776K)->125094K(139776K) From: 17471K(17472K)->0K(17472K)
[248.054s][info][gc,heap        ] GC(362) Tenured: 349567K(349568K)->349567K(349568K)
[248.054s][info][gc,metaspace   ] GC(362) Metaspace: 16683K(17344K)->16683K(17344K) NonClass: 14263K(14656K)->14263K(14656K) Class: 2420K(2688K)->2420K(2688K)
[248.054s][info][gc             ] GC(362) Pause Full (Allocation Failure) 494M->463M(494M) 1095.499ms
[248.054s][info][gc,cpu         ] GC(362) User=1.09s Sys=0.00s Real=1.09s
[248.165s][info][gc,start       ] GC(363) Pause Full (Allocation Failure)
[248.165s][info][gc,phases,start] GC(363) Phase 1: Mark live objects
[248.712s][info][gc,phases      ] GC(363) Phase 1: Mark live objects 546.309ms
[248.712s][info][gc,phases,start] GC(363) Phase 2: Compute new object addresses
[248.919s][info][gc,phases      ] GC(363) Phase 2: Compute new object addresses 207.093ms
[248.919s][info][gc,phases,start] GC(363) Phase 3: Adjust pointers
[249.205s][info][gc,phases      ] GC(363) Phase 3: Adjust pointers 286.365ms
[249.205s][info][gc,phases,start] GC(363) Phase 4: Move objects
[249.253s][info][gc,phases      ] GC(363) Phase 4: Move objects 47.577ms
[249.253s][info][gc,heap        ] GC(363) DefNew: 157247K(157248K)->122649K(157248K) Eden: 139776K(139776K)->122649K(139776K) From: 17471K(17472K)->0K(17472K)
[249.253s][info][gc,heap        ] GC(363) Tenured: 349567K(349568K)->349567K(349568K)
[249.253s][info][gc,metaspace   ] GC(363) Metaspace: 16683K(17344K)->16683K(17344K) NonClass: 14263K(14656K)->14263K(14656K) Class: 2420K(2688K)->2420K(2688K)
[249.253s][info][gc             ] GC(363) Pause Full (Allocation Failure) 494M->461M(494M) 1088.064ms
[249.253s][info][gc,cpu         ] GC(363) User=1.09s Sys=0.00s Real=1.09s
[249.365s][info][gc,start       ] GC(364) Pause Full (Allocation Failure)
[249.365s][info][gc,phases,start] GC(364) Phase 1: Mark live objects
[249.897s][info][gc,phases      ] GC(364) Phase 1: Mark live objects 532.307ms
[249.897s][info][gc,phases,start] GC(364) Phase 2: Compute new object addresses
[250.099s][info][gc,phases      ] GC(364) Phase 2: Compute new object addresses 201.293ms
[250.099s][info][gc,phases,start] GC(364) Phase 3: Adjust pointers
[250.404s][info][gc,phases      ] GC(364) Phase 3: Adjust pointers 305.334ms
[250.418s][info][gc,phases,start] GC(364) Phase 4: Move objects
[250.576s][info][gc,phases      ] GC(364) Phase 4: Move objects 157.713ms
[250.576s][info][gc,heap        ] GC(364) DefNew: 157247K(157248K)->109058K(157248K) Eden: 139776K(139776K)->109058K(139776K) From: 17471K(17472K)->0K(17472K)
[250.576s][info][gc,heap        ] GC(364) Tenured: 349567K(349568K)->349567K(349568K)
[250.576s][info][gc,metaspace   ] GC(364) Metaspace: 16683K(17344K)->16683K(17344K) NonClass: 14263K(14656K)->14263K(14656K) Class: 2420K(2688K)->2420K(2688K)
[250.576s][info][gc             ] GC(364) Pause Full (Allocation Failure) 494M->447M(494M) 1211.426ms
[250.576s][info][gc,cpu         ] GC(364) User=1.20s Sys=0.00s Real=1.22s
[250.721s][info][gc,start       ] GC(365) Pause Full (Allocation Failure)
[250.721s][info][gc,phases,start] GC(365) Phase 1: Mark live objects
[251.249s][info][gc,phases      ] GC(365) Phase 1: Mark live objects 527.609ms
[251.249s][info][gc,phases,start] GC(365) Phase 2: Compute new object addresses
[251.439s][info][gc,phases      ] GC(365) Phase 2: Compute new object addresses 190.388ms
[251.439s][info][gc,phases,start] GC(365) Phase 3: Adjust pointers
[251.709s][info][gc,phases      ] GC(365) Phase 3: Adjust pointers 270.081ms
[251.709s][info][gc,phases,start] GC(365) Phase 4: Move objects
[251.752s][info][gc,phases      ] GC(365) Phase 4: Move objects 42.427ms
[251.752s][info][gc,heap        ] GC(365) DefNew: 157247K(157248K)->105212K(157248K) Eden: 139776K(139776K)->105212K(139776K) From: 17471K(17472K)->0K(17472K)
[251.752s][info][gc,heap        ] GC(365) Tenured: 349567K(349568K)->349567K(349568K)
[251.752s][info][gc,metaspace   ] GC(365) Metaspace: 16683K(17344K)->16683K(17344K) NonClass: 14263K(14656K)->14263K(14656K) Class: 2420K(2688K)->2420K(2688K)
[251.752s][info][gc             ] GC(365) Pause Full (Allocation Failure) 494M->444M(494M) 1031.278ms
[251.752s][info][gc,cpu         ] GC(365) User=1.03s Sys=0.00s Real=1.03s
[251.898s][info][gc,start       ] GC(366) Pause Full (Allocation Failure)
[251.898s][info][gc,phases,start] GC(366) Phase 1: Mark live objects
[252.402s][info][gc,phases      ] GC(366) Phase 1: Mark live objects 504.152ms
[252.402s][info][gc,phases,start] GC(366) Phase 2: Compute new object addresses
[252.604s][info][gc,phases      ] GC(366) Phase 2: Compute new object addresses 201.960ms
[252.604s][info][gc,phases,start] GC(366) Phase 3: Adjust pointers
[252.845s][info][gc,phases      ] GC(366) Phase 3: Adjust pointers 240.609ms
[252.845s][info][gc,phases,start] GC(366) Phase 4: Move objects
[252.885s][info][gc,phases      ] GC(366) Phase 4: Move objects 39.589ms
[252.885s][info][gc,heap        ] GC(366) DefNew: 157247K(157248K)->100939K(157248K) Eden: 139776K(139776K)->100939K(139776K) From: 17471K(17472K)->0K(17472K)
[252.885s][info][gc,heap        ] GC(366) Tenured: 349567K(349568K)->349567K(349568K)
[252.885s][info][gc,metaspace   ] GC(366) Metaspace: 16683K(17344K)->16683K(17344K) NonClass: 14263K(14656K)->14263K(14656K) Class: 2420K(2688K)->2420K(2688K)
[252.885s][info][gc             ] GC(366) Pause Full (Allocation Failure) 494M->439M(494M) 987.078ms
[252.885s][info][gc,cpu         ] GC(366) User=0.98s Sys=0.00s Real=0.98s
[253.041s][info][gc,start       ] GC(367) Pause Full (Allocation Failure)
[253.041s][info][gc,phases,start] GC(367) Phase 1: Mark live objects
[253.541s][info][gc,phases      ] GC(367) Phase 1: Mark live objects 499.428ms
[253.541s][info][gc,phases,start] GC(367) Phase 2: Compute new object addresses
[253.727s][info][gc,phases      ] GC(367) Phase 2: Compute new object addresses 186.591ms
[253.727s][info][gc,phases,start] GC(367) Phase 3: Adjust pointers
[253.953s][info][gc,phases      ] GC(367) Phase 3: Adjust pointers 225.978ms
[253.953s][info][gc,phases,start] GC(367) Phase 4: Move objects
[253.990s][info][gc,phases      ] GC(367) Phase 4: Move objects 37.229ms
[253.991s][info][gc,heap        ] GC(367) DefNew: 157247K(157248K)->96177K(157248K) Eden: 139776K(139776K)->96177K(139776K) From: 17471K(17472K)->0K(17472K)
[253.991s][info][gc,heap        ] GC(367) Tenured: 349567K(349568K)->349567K(349568K)
[253.991s][info][gc,metaspace   ] GC(367) Metaspace: 16683K(17344K)->16683K(17344K) NonClass: 14263K(14656K)->14263K(14656K) Class: 2420K(2688K)->2420K(2688K)
[253.991s][info][gc             ] GC(367) Pause Full (Allocation Failure) 494M->435M(494M) 949.993ms
[253.991s][info][gc,cpu         ] GC(367) User=0.94s Sys=0.00s Real=0.94s
[254.132s][info][gc,start       ] GC(368) Pause Full (Allocation Failure)
[254.132s][info][gc,phases,start] GC(368) Phase 1: Mark live objects
[254.580s][info][gc,phases      ] GC(368) Phase 1: Mark live objects 448.278ms
[254.580s][info][gc,phases,start] GC(368) Phase 2: Compute new object addresses
[254.772s][info][gc,phases      ] GC(368) Phase 2: Compute new object addresses 191.240ms
[254.772s][info][gc,phases,start] GC(368) Phase 3: Adjust pointers
[254.998s][info][gc,phases      ] GC(368) Phase 3: Adjust pointers 226.184ms
[254.998s][info][gc,phases,start] GC(368) Phase 4: Move objects
[255.140s][info][gc,phases      ] GC(368) Phase 4: Move objects 141.562ms
[255.140s][info][gc,heap        ] GC(368) DefNew: 157247K(157248K)->72183K(157248K) Eden: 139776K(139776K)->72183K(139776K) From: 17471K(17472K)->0K(17472K)
[255.140s][info][gc,heap        ] GC(368) Tenured: 349567K(349568K)->349567K(349568K)
[255.140s][info][gc,metaspace   ] GC(368) Metaspace: 16683K(17344K)->16683K(17344K) NonClass: 14263K(14656K)->14263K(14656K) Class: 2420K(2688K)->2420K(2688K)
[255.140s][info][gc             ] GC(368) Pause Full (Allocation Failure) 494M->411M(494M) 1008.323ms
[255.140s][info][gc,cpu         ] GC(368) User=1.00s Sys=0.00s Real=1.01s
[255.297s][info][gc,start       ] GC(369) Pause Full (Allocation Failure)
[255.298s][info][gc,phases,start] GC(369) Phase 1: Mark live objects
[255.717s][info][gc,phases      ] GC(369) Phase 1: Mark live objects 418.990ms
[255.717s][info][gc,phases,start] GC(369) Phase 2: Compute new object addresses
[255.892s][info][gc,phases      ] GC(369) Phase 2: Compute new object addresses 175.596ms
[255.892s][info][gc,phases,start] GC(369) Phase 3: Adjust pointers
[256.112s][info][gc,phases      ] GC(369) Phase 3: Adjust pointers 220.046ms
[256.112s][info][gc,phases,start] GC(369) Phase 4: Move objects
[256.138s][info][gc,phases      ] GC(369) Phase 4: Move objects 25.952ms
[256.139s][info][gc,heap        ] GC(369) DefNew: 157247K(157248K)->64717K(157248K) Eden: 139776K(139776K)->64717K(139776K) From: 17471K(17472K)->0K(17472K)
[256.139s][info][gc,heap        ] GC(369) Tenured: 349567K(349568K)->349567K(349568K)
[256.139s][info][gc,metaspace   ] GC(369) Metaspace: 16683K(17344K)->16683K(17344K) NonClass: 14263K(14656K)->14263K(14656K) Class: 2420K(2688K)->2420K(2688K)
[256.139s][info][gc             ] GC(369) Pause Full (Allocation Failure) 494M->404M(494M) 841.326ms
[256.139s][info][gc,cpu         ] GC(369) User=0.84s Sys=0.00s Real=0.84s
[256.305s][info][gc,start       ] GC(370) Pause Full (Allocation Failure)
[256.305s][info][gc,phases,start] GC(370) Phase 1: Mark live objects
[256.678s][info][gc,phases      ] GC(370) Phase 1: Mark live objects 372.372ms
[256.678s][info][gc,phases,start] GC(370) Phase 2: Compute new object addresses
[256.847s][info][gc,phases      ] GC(370) Phase 2: Compute new object addresses 169.508ms
[256.847s][info][gc,phases,start] GC(370) Phase 3: Adjust pointers
[257.046s][info][gc,phases      ] GC(370) Phase 3: Adjust pointers 198.922ms
[257.046s][info][gc,phases,start] GC(370) Phase 4: Move objects
[257.066s][info][gc,phases      ] GC(370) Phase 4: Move objects 20.238ms
[257.067s][info][gc,heap        ] GC(370) DefNew: 157247K(157248K)->53829K(157248K) Eden: 139776K(139776K)->53829K(139776K) From: 17471K(17472K)->0K(17472K)
[257.067s][info][gc,heap        ] GC(370) Tenured: 349567K(349568K)->349567K(349568K)
[257.067s][info][gc,metaspace   ] GC(370) Metaspace: 16683K(17344K)->16683K(17344K) NonClass: 14263K(14656K)->14263K(14656K) Class: 2420K(2688K)->2420K(2688K)
[257.067s][info][gc             ] GC(370) Pause Full (Allocation Failure) 494M->393M(494M) 761.832ms
[257.067s][info][gc,cpu         ] GC(370) User=0.77s Sys=0.00s Real=0.76s
[258.538s][info][gc,start       ] GC(371) Pause Full (Allocation Failure)
[258.538s][info][gc,phases,start] GC(371) Phase 1: Mark live objects
[258.566s][info][gc,phases      ] GC(371) Phase 1: Mark live objects 28.086ms
[258.566s][info][gc,phases,start] GC(371) Phase 2: Compute new object addresses
[258.709s][info][gc,phases      ] GC(371) Phase 2: Compute new object addresses 142.823ms
[258.709s][info][gc,phases,start] GC(371) Phase 3: Adjust pointers
[258.719s][info][gc,phases      ] GC(371) Phase 3: Adjust pointers 9.747ms
[258.719s][info][gc,phases,start] GC(371) Phase 4: Move objects
[258.720s][info][gc,phases      ] GC(371) Phase 4: Move objects 0.692ms
[258.720s][info][gc,heap        ] GC(371) DefNew: 157247K(157248K)->0K(157248K) Eden: 139776K(139776K)->0K(139776K) From: 17471K(17472K)->0K(17472K)
[258.720s][info][gc,heap        ] GC(371) Tenured: 349567K(349568K)->18930K(349568K)
[258.720s][info][gc,metaspace   ] GC(371) Metaspace: 16683K(17344K)->16683K(17344K) NonClass: 14263K(14656K)->14263K(14656K) Class: 2420K(2688K)->2420K(2688K)
[258.720s][info][gc             ] GC(371) Pause Full (Allocation Failure) 494M->18M(494M) 181.924ms
[258.720s][info][gc,cpu         ] GC(371) User=0.17s Sys=0.00s Real=0.17s
[259.003s][info][gc,start       ] GC(372) Pause Full (System.gc())
[259.003s][info][gc,phases,start] GC(372) Phase 1: Mark live objects
[259.030s][info][gc,phases      ] GC(372) Phase 1: Mark live objects 27.083ms
[259.030s][info][gc,phases,start] GC(372) Phase 2: Compute new object addresses
[259.042s][info][gc,phases      ] GC(372) Phase 2: Compute new object addresses 12.067ms
[259.042s][info][gc,phases,start] GC(372) Phase 3: Adjust pointers
[259.051s][info][gc,phases      ] GC(372) Phase 3: Adjust pointers 8.682ms
[259.051s][info][gc,phases,start] GC(372) Phase 4: Move objects
[259.051s][info][gc,phases      ] GC(372) Phase 4: Move objects 0.288ms
[259.051s][info][gc,heap        ] GC(372) DefNew: 16553K(157248K)->0K(157248K) Eden: 16553K(139776K)->0K(139776K) From: 0K(17472K)->0K(17472K)
[259.051s][info][gc,heap        ] GC(372) Tenured: 18930K(349568K)->16855K(349568K)
[259.051s][info][gc,metaspace   ] GC(372) Metaspace: 16685K(17344K)->16685K(17344K) NonClass: 14264K(14656K)->14264K(14656K) Class: 2420K(2688K)->2420K(2688K)
[259.051s][info][gc             ] GC(372) Pause Full (System.gc()) 34M->16M(494M) 48.544ms
[259.051s][info][gc,cpu         ] GC(372) User=0.05s Sys=0.00s Real=0.05s
[260.820s][info][gc,start       ] GC(373) Pause Young (Allocation Failure)
[260.826s][info][gc,heap        ] GC(373) DefNew: 139776K(157248K)->1455K(157248K) Eden: 139776K(139776K)->0K(139776K) From: 0K(17472K)->1455K(17472K)
[260.826s][info][gc,heap        ] GC(373) Tenured: 16855K(349568K)->16855K(349568K)
[260.826s][info][gc,metaspace   ] GC(373) Metaspace: 16687K(17344K)->16687K(17344K) NonClass: 14267K(14656K)->14267K(14656K) Class: 2420K(2688K)->2420K(2688K)
[260.826s][info][gc             ] GC(373) Pause Young (Allocation Failure) 152M->17M(494M) 6.135ms
[260.826s][info][gc,cpu         ] GC(373) User=0.00s Sys=0.00s Real=0.00s
[260.848s][info][gc,start       ] GC(374) Pause Young (Allocation Failure)
[260.852s][info][gc,heap        ] GC(374) DefNew: 141231K(157248K)->1515K(157248K) Eden: 139776K(139776K)->0K(139776K) From: 1455K(17472K)->1515K(17472K)
[260.852s][info][gc,heap        ] GC(374) Tenured: 16855K(349568K)->16855K(349568K)
[260.852s][info][gc,metaspace   ] GC(374) Metaspace: 16687K(17344K)->16687K(17344K) NonClass: 14267K(14656K)->14267K(14656K) Class: 2420K(2688K)->2420K(2688K)
[260.852s][info][gc             ] GC(374) Pause Young (Allocation Failure) 154M->17M(494M) 4.235ms
[260.852s][info][gc,cpu         ] GC(374) User=0.00s Sys=0.00s Real=0.00s
[260.869s][info][gc,start       ] GC(375) Pause Young (Allocation Failure)
[260.873s][info][gc,heap        ] GC(375) DefNew: 141291K(157248K)->1486K(157248K) Eden: 139776K(139776K)->0K(139776K) From: 1515K(17472K)->1486K(17472K)
[260.873s][info][gc,heap        ] GC(375) Tenured: 16855K(349568K)->16855K(349568K)
[260.873s][info][gc,metaspace   ] GC(375) Metaspace: 16687K(17344K)->16687K(17344K) NonClass: 14267K(14656K)->14267K(14656K) Class: 2420K(2688K)->2420K(2688K)
[260.873s][info][gc             ] GC(375) Pause Young (Allocation Failure) 154M->17M(494M) 4.138ms
[260.873s][info][gc,cpu         ] GC(375) User=0.00s Sys=0.00s Real=0.00s
[260.888s][info][gc,start       ] GC(376) Pause Young (Allocation Failure)
[260.893s][info][gc,heap        ] GC(376) DefNew: 141262K(157248K)->1520K(157248K) Eden: 139776K(139776K)->0K(139776K) From: 1486K(17472K)->1520K(17472K)
[260.893s][info][gc,heap        ] GC(376) Tenured: 16855K(349568K)->16855K(349568K)
[260.893s][info][gc,metaspace   ] GC(376) Metaspace: 16687K(17344K)->16687K(17344K) NonClass: 14267K(14656K)->14267K(14656K) Class: 2420K(2688K)->2420K(2688K)
[260.893s][info][gc             ] GC(376) Pause Young (Allocation Failure) 154M->17M(494M) 4.276ms
[260.893s][info][gc,cpu         ] GC(376) User=0.02s Sys=0.00s Real=0.02s
[260.909s][info][gc,start       ] GC(377) Pause Young (Allocation Failure)
[260.913s][info][gc,heap        ] GC(377) DefNew: 141296K(157248K)->1459K(157248K) Eden: 139776K(139776K)->0K(139776K) From: 1520K(17472K)->1459K(17472K)
[260.913s][info][gc,heap        ] GC(377) Tenured: 16855K(349568K)->16855K(349568K)
[260.913s][info][gc,metaspace   ] GC(377) Metaspace: 16687K(17344K)->16687K(17344K) NonClass: 14267K(14656K)->14267K(14656K) Class: 2420K(2688K)->2420K(2688K)
[260.913s][info][gc             ] GC(377) Pause Young (Allocation Failure) 154M->17M(494M) 4.157ms
[260.913s][info][gc,cpu         ] GC(377) User=0.00s Sys=0.00s Real=0.00s
[260.928s][info][gc,start       ] GC(378) Pause Young (Allocation Failure)
[260.932s][info][gc,heap        ] GC(378) DefNew: 141235K(157248K)->1469K(157248K) Eden: 139776K(139776K)->0K(139776K) From: 1459K(17472K)->1469K(17472K)
[260.932s][info][gc,heap        ] GC(378) Tenured: 16855K(349568K)->16855K(349568K)
[260.932s][info][gc,metaspace   ] GC(378) Metaspace: 16687K(17344K)->16687K(17344K) NonClass: 14267K(14656K)->14267K(14656K) Class: 2420K(2688K)->2420K(2688K)
[260.932s][info][gc             ] GC(378) Pause Young (Allocation Failure) 154M->17M(494M) 4.130ms
[260.932s][info][gc,cpu         ] GC(378) User=0.02s Sys=0.00s Real=0.02s
[260.947s][info][gc,start       ] GC(379) Pause Young (Allocation Failure)
[260.952s][info][gc,heap        ] GC(379) DefNew: 141245K(157248K)->1480K(157248K) Eden: 139776K(139776K)->0K(139776K) From: 1469K(17472K)->1480K(17472K)
[260.952s][info][gc,heap        ] GC(379) Tenured: 16855K(349568K)->16855K(349568K)
[260.952s][info][gc,metaspace   ] GC(379) Metaspace: 16687K(17344K)->16687K(17344K) NonClass: 14267K(14656K)->14267K(14656K) Class: 2420K(2688K)->2420K(2688K)
[260.952s][info][gc             ] GC(379) Pause Young (Allocation Failure) 154M->17M(494M) 4.214ms
[260.952s][info][gc,cpu         ] GC(379) User=0.02s Sys=0.00s Real=0.01s
[260.966s][info][gc,start       ] GC(380) Pause Young (Allocation Failure)
[260.970s][info][gc,heap        ] GC(380) DefNew: 141256K(157248K)->1449K(157248K) Eden: 139776K(139776K)->0K(139776K) From: 1480K(17472K)->1449K(17472K)
[260.970s][info][gc,heap        ] GC(380) Tenured: 16855K(349568K)->16855K(349568K)
[260.970s][info][gc,metaspace   ] GC(380) Metaspace: 16687K(17344K)->16687K(17344K) NonClass: 14267K(14656K)->14267K(14656K) Class: 2420K(2688K)->2420K(2688K)
[260.970s][info][gc             ] GC(380) Pause Young (Allocation Failure) 154M->17M(494M) 4.084ms
[260.970s][info][gc,cpu         ] GC(380) User=0.00s Sys=0.00s Real=0.00s
[260.985s][info][gc,start       ] GC(381) Pause Young (Allocation Failure)
[260.989s][info][gc,heap        ] GC(381) DefNew: 141225K(157248K)->1514K(157248K) Eden: 139776K(139776K)->0K(139776K) From: 1449K(17472K)->1514K(17472K)
[260.989s][info][gc,heap        ] GC(381) Tenured: 16855K(349568K)->16855K(349568K)
[260.989s][info][gc,metaspace   ] GC(381) Metaspace: 16687K(17344K)->16687K(17344K) NonClass: 14267K(14656K)->14267K(14656K) Class: 2420K(2688K)->2420K(2688K)
[260.989s][info][gc             ] GC(381) Pause Young (Allocation Failure) 154M->17M(494M) 4.259ms
[260.989s][info][gc,cpu         ] GC(381) User=0.02s Sys=0.00s Real=0.02s
[261.005s][info][gc,start       ] GC(382) Pause Young (Allocation Failure)
[261.009s][info][gc,heap        ] GC(382) DefNew: 141290K(157248K)->1436K(157248K) Eden: 139776K(139776K)->0K(139776K) From: 1514K(17472K)->1436K(17472K)
[261.009s][info][gc,heap        ] GC(382) Tenured: 16855K(349568K)->16855K(349568K)
[261.009s][info][gc,metaspace   ] GC(382) Metaspace: 16687K(17344K)->16687K(17344K) NonClass: 14267K(14656K)->14267K(14656K) Class: 2420K(2688K)->2420K(2688K)
[261.009s][info][gc             ] GC(382) Pause Young (Allocation Failure) 154M->17M(494M) 4.041ms
[261.009s][info][gc,cpu         ] GC(382) User=0.00s Sys=0.00s Real=0.00s
[261.025s][info][gc,start       ] GC(383) Pause Young (Allocation Failure)
[261.029s][info][gc,heap        ] GC(383) DefNew: 141212K(157248K)->1410K(157248K) Eden: 139776K(139776K)->0K(139776K) From: 1436K(17472K)->1410K(17472K)
[261.029s][info][gc,heap        ] GC(383) Tenured: 16855K(349568K)->16855K(349568K)
[261.029s][info][gc,metaspace   ] GC(383) Metaspace: 16687K(17344K)->16687K(17344K) NonClass: 14267K(14656K)->14267K(14656K) Class: 2420K(2688K)->2420K(2688K)
[261.029s][info][gc             ] GC(383) Pause Young (Allocation Failure) 154M->17M(494M) 4.004ms
[261.029s][info][gc,cpu         ] GC(383) User=0.00s Sys=0.00s Real=0.00s
[261.044s][info][gc,start       ] GC(384) Pause Young (Allocation Failure)
[261.048s][info][gc,heap        ] GC(384) DefNew: 141186K(157248K)->1435K(157248K) Eden: 139776K(139776K)->0K(139776K) From: 1410K(17472K)->1435K(17472K)
[261.048s][info][gc,heap        ] GC(384) Tenured: 16855K(349568K)->16855K(349568K)
[261.048s][info][gc,metaspace   ] GC(384) Metaspace: 16687K(17344K)->16687K(17344K) NonClass: 14267K(14656K)->14267K(14656K) Class: 2420K(2688K)->2420K(2688K)
[261.048s][info][gc             ] GC(384) Pause Young (Allocation Failure) 154M->17M(494M) 4.593ms
[261.048s][info][gc,cpu         ] GC(384) User=0.02s Sys=0.00s Real=0.02s
[261.063s][info][gc,start       ] GC(385) Pause Young (Allocation Failure)
[261.067s][info][gc,heap        ] GC(385) DefNew: 141211K(157248K)->1346K(157248K) Eden: 139776K(139776K)->0K(139776K) From: 1435K(17472K)->1346K(17472K)
[261.067s][info][gc,heap        ] GC(385) Tenured: 16855K(349568K)->16855K(349568K)
[261.067s][info][gc,metaspace   ] GC(385) Metaspace: 16687K(17344K)->16687K(17344K) NonClass: 14267K(14656K)->14267K(14656K) Class: 2420K(2688K)->2420K(2688K)
[261.067s][info][gc             ] GC(385) Pause Young (Allocation Failure) 154M->17M(494M) 4.034ms
[261.067s][info][gc,cpu         ] GC(385) User=0.00s Sys=0.00s Real=0.00s
[261.082s][info][gc,start       ] GC(386) Pause Young (Allocation Failure)
[261.086s][info][gc,heap        ] GC(386) DefNew: 141122K(157248K)->1398K(157248K) Eden: 139776K(139776K)->0K(139776K) From: 1346K(17472K)->1398K(17472K)
[261.086s][info][gc,heap        ] GC(386) Tenured: 16855K(349568K)->16855K(349568K)
[261.086s][info][gc,metaspace   ] GC(386) Metaspace: 16687K(17344K)->16687K(17344K) NonClass: 14267K(14656K)->14267K(14656K) Class: 2420K(2688K)->2420K(2688K)
[261.086s][info][gc             ] GC(386) Pause Young (Allocation Failure) 154M->17M(494M) 4.046ms
[261.086s][info][gc,cpu         ] GC(386) User=0.02s Sys=0.00s Real=0.01s
[261.102s][info][gc,start       ] GC(387) Pause Young (Allocation Failure)
[261.106s][info][gc,heap        ] GC(387) DefNew: 141174K(157248K)->1400K(157248K) Eden: 139776K(139776K)->0K(139776K) From: 1398K(17472K)->1400K(17472K)
[261.106s][info][gc,heap        ] GC(387) Tenured: 16855K(349568K)->16855K(349568K)
[261.106s][info][gc,metaspace   ] GC(387) Metaspace: 16687K(17344K)->16687K(17344K) NonClass: 14267K(14656K)->14267K(14656K) Class: 2420K(2688K)->2420K(2688K)
[261.106s][info][gc             ] GC(387) Pause Young (Allocation Failure) 154M->17M(494M) 4.054ms
[261.106s][info][gc,cpu         ] GC(387) User=0.02s Sys=0.00s Real=0.01s
[261.121s][info][gc,start       ] GC(388) Pause Young (Allocation Failure)
[261.125s][info][gc,heap        ] GC(388) DefNew: 141176K(157248K)->1323K(157248K) Eden: 139775K(139776K)->0K(139776K) From: 1400K(17472K)->1323K(17472K)
[261.125s][info][gc,heap        ] GC(388) Tenured: 16855K(349568K)->16944K(349568K)
[261.125s][info][gc,metaspace   ] GC(388) Metaspace: 16687K(17344K)->16687K(17344K) NonClass: 14267K(14656K)->14267K(14656K) Class: 2420K(2688K)->2420K(2688K)
[261.125s][info][gc             ] GC(388) Pause Young (Allocation Failure) 154M->17M(494M) 4.141ms
[261.125s][info][gc,cpu         ] GC(388) User=0.00s Sys=0.00s Real=0.00s
[261.141s][info][gc,start       ] GC(389) Pause Young (Allocation Failure)
[261.145s][info][gc,heap        ] GC(389) DefNew: 141099K(157248K)->1281K(157248K) Eden: 139776K(139776K)->0K(139776K) From: 1323K(17472K)->1281K(17472K)
[261.145s][info][gc,heap        ] GC(389) Tenured: 16944K(349568K)->16944K(349568K)
[261.145s][info][gc,metaspace   ] GC(389) Metaspace: 16687K(17344K)->16687K(17344K) NonClass: 14267K(14656K)->14267K(14656K) Class: 2420K(2688K)->2420K(2688K)
[261.145s][info][gc             ] GC(389) Pause Young (Allocation Failure) 154M->17M(494M) 3.829ms
[261.145s][info][gc,cpu         ] GC(389) User=0.00s Sys=0.00s Real=0.00s
[261.160s][info][gc,start       ] GC(390) Pause Young (Allocation Failure)
[261.164s][info][gc,heap        ] GC(390) DefNew: 141057K(157248K)->1227K(157248K) Eden: 139776K(139776K)->0K(139776K) From: 1281K(17472K)->1227K(17472K)
[261.164s][info][gc,heap        ] GC(390) Tenured: 16944K(349568K)->16944K(349568K)
[261.164s][info][gc,metaspace   ] GC(390) Metaspace: 16687K(17344K)->16687K(17344K) NonClass: 14267K(14656K)->14267K(14656K) Class: 2420K(2688K)->2420K(2688K)
[261.164s][info][gc             ] GC(390) Pause Young (Allocation Failure) 154M->17M(494M) 3.717ms
[261.164s][info][gc,cpu         ] GC(390) User=0.02s Sys=0.00s Real=0.02s
[261.180s][info][gc,start       ] GC(391) Pause Young (Allocation Failure)
[261.184s][info][gc,heap        ] GC(391) DefNew: 141003K(157248K)->1149K(157248K) Eden: 139776K(139776K)->0K(139776K) From: 1227K(17472K)->1149K(17472K)
[261.184s][info][gc,heap        ] GC(391) Tenured: 16944K(349568K)->16944K(349568K)
[261.184s][info][gc,metaspace   ] GC(391) Metaspace: 16687K(17344K)->16687K(17344K) NonClass: 14267K(14656K)->14267K(14656K) Class: 2420K(2688K)->2420K(2688K)
[261.184s][info][gc             ] GC(391) Pause Young (Allocation Failure) 154M->17M(494M) 3.549ms
[261.184s][info][gc,cpu         ] GC(391) User=0.00s Sys=0.00s Real=0.00s
[261.200s][info][gc,start       ] GC(392) Pause Young (Allocation Failure)
[261.203s][info][gc,heap        ] GC(392) DefNew: 140925K(157248K)->1007K(157248K) Eden: 139776K(139776K)->0K(139776K) From: 1149K(17472K)->1007K(17472K)
[261.203s][info][gc,heap        ] GC(392) Tenured: 16944K(349568K)->16944K(349568K)
[261.203s][info][gc,metaspace   ] GC(392) Metaspace: 16687K(17344K)->16687K(17344K) NonClass: 14267K(14656K)->14267K(14656K) Class: 2420K(2688K)->2420K(2688K)
[261.203s][info][gc             ] GC(392) Pause Young (Allocation Failure) 154M->17M(494M) 3.174ms
[261.203s][info][gc,cpu         ] GC(392) User=0.00s Sys=0.00s Real=0.00s
[261.219s][info][gc,start       ] GC(393) Pause Young (Allocation Failure)
[261.223s][info][gc,heap        ] GC(393) DefNew: 140783K(157248K)->1049K(157248K) Eden: 139776K(139776K)->0K(139776K) From: 1007K(17472K)->1049K(17472K)
[261.223s][info][gc,heap        ] GC(393) Tenured: 16944K(349568K)->16944K(349568K)
[261.223s][info][gc,metaspace   ] GC(393) Metaspace: 16687K(17344K)->16687K(17344K) NonClass: 14267K(14656K)->14267K(14656K) Class: 2420K(2688K)->2420K(2688K)
[261.223s][info][gc             ] GC(393) Pause Young (Allocation Failure) 154M->17M(494M) 3.409ms
[261.223s][info][gc,cpu         ] GC(393) User=0.02s Sys=0.00s Real=0.01s
[261.239s][info][gc,start       ] GC(394) Pause Young (Allocation Failure)
[261.243s][info][gc,heap        ] GC(394) DefNew: 140825K(157248K)->1160K(157248K) Eden: 139776K(139776K)->0K(139776K) From: 1049K(17472K)->1160K(17472K)
[261.243s][info][gc,heap        ] GC(394) Tenured: 16944K(349568K)->16944K(349568K)
[261.243s][info][gc,metaspace   ] GC(394) Metaspace: 16687K(17344K)->16687K(17344K) NonClass: 14267K(14656K)->14267K(14656K) Class: 2420K(2688K)->2420K(2688K)
[261.243s][info][gc             ] GC(394) Pause Young (Allocation Failure) 154M->17M(494M) 3.616ms
[261.243s][info][gc,cpu         ] GC(394) User=0.00s Sys=0.00s Real=0.00s
[261.259s][info][gc,start       ] GC(395) Pause Young (Allocation Failure)
[261.262s][info][gc,heap        ] GC(395) DefNew: 140936K(157248K)->1099K(157248K) Eden: 139776K(139776K)->0K(139776K) From: 1160K(17472K)->1099K(17472K)
[261.262s][info][gc,heap        ] GC(395) Tenured: 16944K(349568K)->16944K(349568K)
[261.262s][info][gc,metaspace   ] GC(395) Metaspace: 16687K(17344K)->16687K(17344K) NonClass: 14267K(14656K)->14267K(14656K) Class: 2420K(2688K)->2420K(2688K)
[261.263s][info][gc             ] GC(395) Pause Young (Allocation Failure) 154M->17M(494M) 3.390ms
[261.263s][info][gc,cpu         ] GC(395) User=0.00s Sys=0.00s Real=0.00s
[261.279s][info][gc,start       ] GC(396) Pause Young (Allocation Failure)
[261.281s][info][gc,heap        ] GC(396) DefNew: 140875K(157248K)->631K(157248K) Eden: 139776K(139776K)->0K(139776K) From: 1099K(17472K)->631K(17472K)
[261.282s][info][gc,heap        ] GC(396) Tenured: 16944K(349568K)->16944K(349568K)
[261.282s][info][gc,metaspace   ] GC(396) Metaspace: 16687K(17344K)->16687K(17344K) NonClass: 14267K(14656K)->14267K(14656K) Class: 2420K(2688K)->2420K(2688K)
[261.282s][info][gc             ] GC(396) Pause Young (Allocation Failure) 154M->17M(494M) 2.344ms
[261.282s][info][gc,cpu         ] GC(396) User=0.00s Sys=0.00s Real=0.00s
[261.407s][info][gc,start       ] GC(397) Pause Young (Allocation Failure)
[261.628s][info][gc,heap        ] GC(397) DefNew: 140407K(157248K)->17471K(157248K) Eden: 139776K(139776K)->0K(139776K) From: 631K(17472K)->17471K(17472K)
[261.628s][info][gc,heap        ] GC(397) Tenured: 16944K(349568K)->75646K(349568K)
[261.628s][info][gc,metaspace   ] GC(397) Metaspace: 16687K(17344K)->16687K(17344K) NonClass: 14267K(14656K)->14267K(14656K) Class: 2420K(2688K)->2420K(2688K)
[261.628s][info][gc             ] GC(397) Pause Young (Allocation Failure) 153M->90M(494M) 220.490ms
[261.628s][info][gc,cpu         ] GC(397) User=0.22s Sys=0.00s Real=0.22s
[261.780s][info][gc,start       ] GC(398) Pause Young (Allocation Failure)
[262.148s][info][gc,heap        ] GC(398) DefNew: 157247K(157248K)->17472K(157248K) Eden: 139776K(139776K)->0K(139776K) From: 17471K(17472K)->17472K(17472K)
[262.148s][info][gc,heap        ] GC(398) Tenured: 75646K(349568K)->165196K(349568K)
[262.148s][info][gc,metaspace   ] GC(398) Metaspace: 16687K(17344K)->16687K(17344K) NonClass: 14267K(14656K)->14267K(14656K) Class: 2420K(2688K)->2420K(2688K)
[262.148s][info][gc             ] GC(398) Pause Young (Allocation Failure) 227M->178M(494M) 367.970ms
[262.148s][info][gc,cpu         ] GC(398) User=0.38s Sys=0.00s Real=0.37s
[262.306s][info][gc,start       ] GC(399) Pause Young (Allocation Failure)
[262.673s][info][gc,heap        ] GC(399) DefNew: 157248K(157248K)->17472K(157248K) Eden: 139776K(139776K)->0K(139776K) From: 17472K(17472K)->17472K(17472K)
[262.673s][info][gc,heap        ] GC(399) Tenured: 165196K(349568K)->255650K(349568K)
[262.673s][info][gc,metaspace   ] GC(399) Metaspace: 16687K(17344K)->16687K(17344K) NonClass: 14267K(14656K)->14267K(14656K) Class: 2420K(2688K)->2420K(2688K)
[262.673s][info][gc             ] GC(399) Pause Young (Allocation Failure) 314M->266M(494M) 366.887ms
[262.673s][info][gc,cpu         ] GC(399) User=0.38s Sys=0.00s Real=0.38s
[262.830s][info][gc,start       ] GC(400) Pause Young (Allocation Failure)
[262.830s][info][gc             ] GC(400) Pause Young (Allocation Failure) 403M->403M(494M) 0.230ms
[262.830s][info][gc,cpu         ] GC(400) User=0.00s Sys=0.00s Real=0.00s
[262.830s][info][gc,start       ] GC(401) Pause Full (Allocation Failure)
[262.830s][info][gc,phases,start] GC(401) Phase 1: Mark live objects
[263.404s][info][gc,phases      ] GC(401) Phase 1: Mark live objects 573.822ms
[263.404s][info][gc,phases,start] GC(401) Phase 2: Compute new object addresses
[263.576s][info][gc,phases      ] GC(401) Phase 2: Compute new object addresses 171.842ms
[263.576s][info][gc,phases,start] GC(401) Phase 3: Adjust pointers
[263.844s][info][gc,phases      ] GC(401) Phase 3: Adjust pointers 267.673ms
[263.844s][info][gc,phases,start] GC(401) Phase 4: Move objects
[263.887s][info][gc,phases      ] GC(401) Phase 4: Move objects 43.414ms
[263.892s][info][gc,heap        ] GC(401) DefNew: 157248K(157248K)->13310K(157248K) Eden: 139776K(139776K)->13310K(139776K) From: 17472K(17472K)->0K(17472K)
[263.892s][info][gc,heap        ] GC(401) Tenured: 255650K(349568K)->349568K(349568K)
[263.892s][info][gc,metaspace   ] GC(401) Metaspace: 16687K(17344K)->16687K(17344K) NonClass: 14267K(14656K)->14267K(14656K) Class: 2420K(2688K)->2420K(2688K)
[263.892s][info][gc             ] GC(401) Pause Full (Allocation Failure) 403M->354M(494M) 1062.238ms
[263.892s][info][gc,cpu         ] GC(401) User=1.06s Sys=0.00s Real=1.06s
[264.280s][info][gc,start       ] GC(402) Pause Full (Allocation Failure)
[264.280s][info][gc,phases,start] GC(402) Phase 1: Mark live objects
[264.940s][info][gc,phases      ] GC(402) Phase 1: Mark live objects 660.297ms
[264.940s][info][gc,phases,start] GC(402) Phase 2: Compute new object addresses
[265.168s][info][gc,phases      ] GC(402) Phase 2: Compute new object addresses 227.636ms
[265.168s][info][gc,phases,start] GC(402) Phase 3: Adjust pointers
[265.478s][info][gc,phases      ] GC(402) Phase 3: Adjust pointers 309.892ms
[265.478s][info][gc,phases,start] GC(402) Phase 4: Move objects
[265.522s][info][gc,phases      ] GC(402) Phase 4: Move objects 44.035ms
[265.528s][info][gc,heap        ] GC(402) DefNew: 157248K(157248K)->106310K(157248K) Eden: 139776K(139776K)->106310K(139776K) From: 17472K(17472K)->0K(17472K)
[265.528s][info][gc,heap        ] GC(402) Tenured: 349568K(349568K)->349568K(349568K)
[265.528s][info][gc,metaspace   ] GC(402) Metaspace: 16687K(17344K)->16687K(17344K) NonClass: 14267K(14656K)->14267K(14656K) Class: 2420K(2688K)->2420K(2688K)
[265.528s][info][gc             ] GC(402) Pause Full (Allocation Failure) 494M->445M(494M) 1248.581ms
[265.528s][info][gc,cpu         ] GC(402) User=1.25s Sys=0.00s Real=1.25s
[267.670s][info][gc,start       ] GC(403) Pause Full (Allocation Failure)
[267.670s][info][gc,phases,start] GC(403) Phase 1: Mark live objects
[268.274s][info][gc,phases      ] GC(403) Phase 1: Mark live objects 603.504ms
[268.274s][info][gc,phases,start] GC(403) Phase 2: Compute new object addresses
[268.494s][info][gc,phases      ] GC(403) Phase 2: Compute new object addresses 220.209ms
[268.494s][info][gc,phases,start] GC(403) Phase 3: Adjust pointers
[268.778s][info][gc,phases      ] GC(403) Phase 3: Adjust pointers 284.583ms
[268.779s][info][gc,phases,start] GC(403) Phase 4: Move objects
[268.877s][info][gc,phases      ] GC(403) Phase 4: Move objects 98.612ms
[268.883s][info][gc,heap        ] GC(403) DefNew: 157247K(157248K)->96787K(157248K) Eden: 139776K(139776K)->96787K(139776K) From: 17471K(17472K)->0K(17472K)
[268.883s][info][gc,heap        ] GC(403) Tenured: 349568K(349568K)->349568K(349568K)
[268.883s][info][gc,metaspace   ] GC(403) Metaspace: 16687K(17344K)->16687K(17344K) NonClass: 14267K(14656K)->14267K(14656K) Class: 2420K(2688K)->2420K(2688K)
[268.883s][info][gc             ] GC(403) Pause Full (Allocation Failure) 494M->435M(494M) 1212.828ms
[268.883s][info][gc,cpu         ] GC(403) User=1.22s Sys=0.00s Real=1.22s
[270.075s][info][gc,start       ] GC(404) Pause Full (Allocation Failure)
[270.075s][info][gc,phases,start] GC(404) Phase 1: Mark live objects
[270.094s][info][gc,phases      ] GC(404) Phase 1: Mark live objects 19.588ms
[270.094s][info][gc,phases,start] GC(404) Phase 2: Compute new object addresses
[270.241s][info][gc,phases      ] GC(404) Phase 2: Compute new object addresses 146.587ms
[270.241s][info][gc,phases,start] GC(404) Phase 3: Adjust pointers
[270.251s][info][gc,phases      ] GC(404) Phase 3: Adjust pointers 10.155ms
[270.251s][info][gc,phases,start] GC(404) Phase 4: Move objects
[270.252s][info][gc,phases      ] GC(404) Phase 4: Move objects 0.784ms
[270.252s][info][gc,heap        ] GC(404) DefNew: 157248K(157248K)->0K(157248K) Eden: 139776K(139776K)->0K(139776K) From: 17472K(17472K)->0K(17472K)
[270.252s][info][gc,heap        ] GC(404) Tenured: 349568K(349568K)->18590K(349568K)
[270.252s][info][gc,metaspace   ] GC(404) Metaspace: 16687K(17344K)->16687K(17344K) NonClass: 14267K(14656K)->14267K(14656K) Class: 2420K(2688K)->2420K(2688K)
[270.252s][info][gc             ] GC(404) Pause Full (Allocation Failure) 494M->18M(494M) 177.630ms
[270.252s][info][gc,cpu         ] GC(404) User=0.17s Sys=0.00s Real=0.17s
[275.797s][info][gc,start       ] GC(405) Pause Young (Allocation Failure)
[275.976s][info][gc,heap        ] GC(405) DefNew: 139776K(157248K)->17471K(157248K) Eden: 139776K(139776K)->0K(139776K) From: 0K(17472K)->17471K(17472K)
[275.976s][info][gc,heap        ] GC(405) Tenured: 18590K(349568K)->57963K(349568K)
[275.976s][info][gc,metaspace   ] GC(405) Metaspace: 16688K(17344K)->16688K(17344K) NonClass: 14267K(14656K)->14267K(14656K) Class: 2420K(2688K)->2420K(2688K)
[275.976s][info][gc             ] GC(405) Pause Young (Allocation Failure) 154M->73M(494M) 178.818ms
[275.976s][info][gc,cpu         ] GC(405) User=0.19s Sys=0.00s Real=0.19s
[276.098s][info][gc,start       ] GC(406) Pause Young (Allocation Failure)
[276.379s][info][gc,heap        ] GC(406) DefNew: 157247K(157248K)->17472K(157248K) Eden: 139776K(139776K)->0K(139776K) From: 17471K(17472K)->17472K(17472K)
[276.379s][info][gc,heap        ] GC(406) Tenured: 57963K(349568K)->114405K(349568K)
[276.379s][info][gc,metaspace   ] GC(406) Metaspace: 16688K(17344K)->16688K(17344K) NonClass: 14267K(14656K)->14267K(14656K) Class: 2420K(2688K)->2420K(2688K)
[276.380s][info][gc             ] GC(406) Pause Young (Allocation Failure) 210M->128M(494M) 281.644ms
[276.380s][info][gc,cpu         ] GC(406) User=0.28s Sys=0.00s Real=0.28s
[276.503s][info][gc,start       ] GC(407) Pause Young (Allocation Failure)
[276.735s][info][gc,heap        ] GC(407) DefNew: 157248K(157248K)->17472K(157248K) Eden: 139776K(139776K)->0K(139776K) From: 17472K(17472K)->17472K(17472K)
[276.735s][info][gc,heap        ] GC(407) Tenured: 114405K(349568K)->170371K(349568K)
[276.735s][info][gc,metaspace   ] GC(407) Metaspace: 16688K(17344K)->16688K(17344K) NonClass: 14267K(14656K)->14267K(14656K) Class: 2420K(2688K)->2420K(2688K)
[276.735s][info][gc             ] GC(407) Pause Young (Allocation Failure) 265M->183M(494M) 231.802ms
[276.735s][info][gc,cpu         ] GC(407) User=0.23s Sys=0.00s Real=0.23s
[276.876s][info][gc,start       ] GC(408) Pause Young (Allocation Failure)
[277.128s][info][gc,heap        ] GC(408) DefNew: 157248K(157248K)->17472K(157248K) Eden: 139776K(139776K)->0K(139776K) From: 17472K(17472K)->17472K(17472K)
[277.128s][info][gc,heap        ] GC(408) Tenured: 170371K(349568K)->228468K(349568K)
[277.128s][info][gc,metaspace   ] GC(408) Metaspace: 16688K(17344K)->16688K(17344K) NonClass: 14267K(14656K)->14267K(14656K) Class: 2420K(2688K)->2420K(2688K)
[277.128s][info][gc             ] GC(408) Pause Young (Allocation Failure) 319M->240M(494M) 251.618ms
[277.128s][info][gc,cpu         ] GC(408) User=0.25s Sys=0.00s Real=0.25s
[277.252s][info][gc,start       ] GC(409) Pause Young (Allocation Failure)
[277.253s][info][gc             ] GC(409) Pause Young (Allocation Failure) 376M->376M(494M) 0.220ms
[277.253s][info][gc,cpu         ] GC(409) User=0.00s Sys=0.00s Real=0.00s
[277.253s][info][gc,start       ] GC(410) Pause Full (Allocation Failure)
[277.253s][info][gc,phases,start] GC(410) Phase 1: Mark live objects
[277.704s][info][gc,phases      ] GC(410) Phase 1: Mark live objects 450.819ms
[277.704s][info][gc,phases,start] GC(410) Phase 2: Compute new object addresses
[277.833s][info][gc,phases      ] GC(410) Phase 2: Compute new object addresses 129.167ms
[277.833s][info][gc,phases,start] GC(410) Phase 3: Adjust pointers
[278.082s][info][gc,phases      ] GC(410) Phase 3: Adjust pointers 248.597ms
[278.082s][info][gc,phases,start] GC(410) Phase 4: Move objects
[278.130s][info][gc,phases      ] GC(410) Phase 4: Move objects 47.911ms
[278.130s][info][gc,heap        ] GC(410) DefNew: 157248K(157248K)->0K(157248K) Eden: 139776K(139776K)->0K(139776K) From: 17472K(17472K)->0K(17472K)
[278.130s][info][gc,heap        ] GC(410) Tenured: 228468K(349568K)->304235K(349568K)
[278.130s][info][gc,metaspace   ] GC(410) Metaspace: 16688K(17344K)->16688K(17344K) NonClass: 14267K(14656K)->14267K(14656K) Class: 2420K(2688K)->2420K(2688K)
[278.130s][info][gc             ] GC(410) Pause Full (Allocation Failure) 376M->297M(494M) 877.179ms
[278.130s][info][gc,cpu         ] GC(410) User=0.88s Sys=0.00s Real=0.88s
[278.259s][info][gc,start       ] GC(411) Pause Young (Allocation Failure)
[278.259s][info][gc             ] GC(411) Pause Young (Allocation Failure) 433M->433M(494M) 0.220ms
[278.259s][info][gc,cpu         ] GC(411) User=0.00s Sys=0.00s Real=0.00s
[278.259s][info][gc,start       ] GC(412) Pause Full (Allocation Failure)
[278.259s][info][gc,phases,start] GC(412) Phase 1: Mark live objects
[278.793s][info][gc,phases      ] GC(412) Phase 1: Mark live objects 533.753ms
[278.793s][info][gc,phases,start] GC(412) Phase 2: Compute new object addresses
[278.961s][info][gc,phases      ] GC(412) Phase 2: Compute new object addresses 168.082ms
[278.961s][info][gc,phases,start] GC(412) Phase 3: Adjust pointers
[279.238s][info][gc,phases      ] GC(412) Phase 3: Adjust pointers 276.691ms
[279.238s][info][gc,phases,start] GC(412) Phase 4: Move objects
[279.271s][info][gc,phases      ] GC(412) Phase 4: Move objects 33.556ms
[279.272s][info][gc,heap        ] GC(412) DefNew: 139776K(157248K)->13101K(157248K) Eden: 139776K(139776K)->13101K(139776K) From: 0K(17472K)->0K(17472K)
[279.272s][info][gc,heap        ] GC(412) Tenured: 304235K(349568K)->349567K(349568K)
[279.272s][info][gc,metaspace   ] GC(412) Metaspace: 16688K(17344K)->16688K(17344K) NonClass: 14267K(14656K)->14267K(14656K) Class: 2420K(2688K)->2420K(2688K)
[279.272s][info][gc             ] GC(412) Pause Full (Allocation Failure) 433M->354M(494M) 1012.753ms
[279.272s][info][gc,cpu         ] GC(412) User=1.02s Sys=0.00s Real=1.02s
[279.474s][info][gc,start       ] GC(413) Pause Full (Allocation Failure)
[279.474s][info][gc,phases,start] GC(413) Phase 1: Mark live objects
[280.081s][info][gc,phases      ] GC(413) Phase 1: Mark live objects 606.949ms
[280.081s][info][gc,phases,start] GC(413) Phase 2: Compute new object addresses
[280.270s][info][gc,phases      ] GC(413) Phase 2: Compute new object addresses 189.093ms
[280.270s][info][gc,phases,start] GC(413) Phase 3: Adjust pointers
[280.572s][info][gc,phases      ] GC(413) Phase 3: Adjust pointers 301.982ms
[280.572s][info][gc,phases,start] GC(413) Phase 4: Move objects
[280.620s][info][gc,phases      ] GC(413) Phase 4: Move objects 48.327ms
[280.621s][info][gc,heap        ] GC(413) DefNew: 157248K(157248K)->71742K(157248K) Eden: 139776K(139776K)->71742K(139776K) From: 17472K(17472K)->0K(17472K)
[280.621s][info][gc,heap        ] GC(413) Tenured: 349567K(349568K)->349567K(349568K)
[280.621s][info][gc,metaspace   ] GC(413) Metaspace: 16688K(17344K)->16688K(17344K) NonClass: 14267K(14656K)->14267K(14656K) Class: 2420K(2688K)->2420K(2688K)
[280.621s][info][gc             ] GC(413) Pause Full (Allocation Failure) 494M->411M(494M) 1147.152ms
[280.621s][info][gc,cpu         ] GC(413) User=1.16s Sys=0.00s Real=1.15s
[280.819s][info][gc,start       ] GC(414) Pause Full (Allocation Failure)
[280.819s][info][gc,phases,start] GC(414) Phase 1: Mark live objects
[281.403s][info][gc,phases      ] GC(414) Phase 1: Mark live objects 584.565ms
[281.404s][info][gc,phases,start] GC(414) Phase 2: Compute new object addresses
[281.587s][info][gc,phases      ] GC(414) Phase 2: Compute new object addresses 183.296ms
[281.587s][info][gc,phases,start] GC(414) Phase 3: Adjust pointers
[281.948s][info][gc,phases      ] GC(414) Phase 3: Adjust pointers 361.195ms
[281.948s][info][gc,phases,start] GC(414) Phase 4: Move objects
[282.101s][info][gc,phases      ] GC(414) Phase 4: Move objects 152.648ms
[282.105s][info][gc,heap        ] GC(414) DefNew: 157247K(157248K)->96020K(157248K) Eden: 139776K(139776K)->96020K(139776K) From: 17471K(17472K)->0K(17472K)
[282.105s][info][gc,heap        ] GC(414) Tenured: 349567K(349568K)->349567K(349568K)
[282.105s][info][gc,metaspace   ] GC(414) Metaspace: 16688K(17344K)->16688K(17344K) NonClass: 14267K(14656K)->14267K(14656K) Class: 2420K(2688K)->2420K(2688K)
[282.105s][info][gc             ] GC(414) Pause Full (Allocation Failure) 494M->435M(494M) 1286.360ms
[282.105s][info][gc,cpu         ] GC(414) User=1.30s Sys=0.00s Real=1.30s
[282.512s][info][gc,start       ] GC(415) Pause Full (Allocation Failure)
[282.512s][info][gc,phases,start] GC(415) Phase 1: Mark live objects
[283.142s][info][gc,phases      ] GC(415) Phase 1: Mark live objects 629.262ms
[283.142s][info][gc,phases,start] GC(415) Phase 2: Compute new object addresses
[283.348s][info][gc,phases      ] GC(415) Phase 2: Compute new object addresses 206.110ms
[283.348s][info][gc,phases,start] GC(415) Phase 3: Adjust pointers
[283.684s][info][gc,phases      ] GC(415) Phase 3: Adjust pointers 336.305ms
[283.684s][info][gc,phases,start] GC(415) Phase 4: Move objects
[283.706s][info][gc,phases      ] GC(415) Phase 4: Move objects 22.159ms
[283.707s][info][gc,heap        ] GC(415) DefNew: 157248K(157248K)->132741K(157248K) Eden: 139776K(139776K)->132741K(139776K) From: 17472K(17472K)->0K(17472K)
[283.707s][info][gc,heap        ] GC(415) Tenured: 349567K(349568K)->349567K(349568K)
[283.707s][info][gc,metaspace   ] GC(415) Metaspace: 16688K(17344K)->16688K(17344K) NonClass: 14267K(14656K)->14267K(14656K) Class: 2420K(2688K)->2420K(2688K)
[283.707s][info][gc             ] GC(415) Pause Full (Allocation Failure) 494M->471M(494M) 1194.613ms
[283.707s][info][gc,cpu         ] GC(415) User=1.19s Sys=0.00s Real=1.20s
[283.874s][info][gc,start       ] GC(416) Pause Full (Allocation Failure)
[283.874s][info][gc,phases,start] GC(416) Phase 1: Mark live objects
[284.477s][info][gc,phases      ] GC(416) Phase 1: Mark live objects 602.159ms
[284.477s][info][gc,phases,start] GC(416) Phase 2: Compute new object addresses
[284.669s][info][gc,phases      ] GC(416) Phase 2: Compute new object addresses 192.576ms
[284.669s][info][gc,phases,start] GC(416) Phase 3: Adjust pointers
[285.013s][info][gc,phases      ] GC(416) Phase 3: Adjust pointers 343.934ms
[285.013s][info][gc,phases,start] GC(416) Phase 4: Move objects
[285.061s][info][gc,phases      ] GC(416) Phase 4: Move objects 48.199ms
[285.062s][info][gc,heap        ] GC(416) DefNew: 157248K(157248K)->128618K(157248K) Eden: 139776K(139776K)->128618K(139776K) From: 17472K(17472K)->0K(17472K)
[285.062s][info][gc,heap        ] GC(416) Tenured: 349567K(349568K)->349567K(349568K)
[285.062s][info][gc,metaspace   ] GC(416) Metaspace: 16688K(17344K)->16688K(17344K) NonClass: 14267K(14656K)->14267K(14656K) Class: 2420K(2688K)->2420K(2688K)
[285.062s][info][gc             ] GC(416) Pause Full (Allocation Failure) 494M->466M(494M) 1187.649ms
[285.062s][info][gc,cpu         ] GC(416) User=1.19s Sys=0.00s Real=1.19s
[285.184s][info][gc,start       ] GC(417) Pause Full (Allocation Failure)
[285.184s][info][gc,phases,start] GC(417) Phase 1: Mark live objects
[285.798s][info][gc,phases      ] GC(417) Phase 1: Mark live objects 613.784ms
[285.798s][info][gc,phases,start] GC(417) Phase 2: Compute new object addresses
[285.994s][info][gc,phases      ] GC(417) Phase 2: Compute new object addresses 195.511ms
[285.994s][info][gc,phases,start] GC(417) Phase 3: Adjust pointers
[286.326s][info][gc,phases      ] GC(417) Phase 3: Adjust pointers 332.421ms
[286.326s][info][gc,phases,start] GC(417) Phase 4: Move objects
[286.375s][info][gc,phases      ] GC(417) Phase 4: Move objects 48.561ms
[286.375s][info][gc,heap        ] GC(417) DefNew: 157247K(157248K)->126532K(157248K) Eden: 139776K(139776K)->126532K(139776K) From: 17471K(17472K)->0K(17472K)
[286.375s][info][gc,heap        ] GC(417) Tenured: 349567K(349568K)->349567K(349568K)
[286.375s][info][gc,metaspace   ] GC(417) Metaspace: 16688K(17344K)->16688K(17344K) NonClass: 14267K(14656K)->14267K(14656K) Class: 2420K(2688K)->2420K(2688K)
[286.375s][info][gc             ] GC(417) Pause Full (Allocation Failure) 494M->464M(494M) 1191.051ms
[286.375s][info][gc,cpu         ] GC(417) User=1.20s Sys=0.00s Real=1.20s
[286.500s][info][gc,start       ] GC(418) Pause Full (Allocation Failure)
[286.500s][info][gc,phases,start] GC(418) Phase 1: Mark live objects
[287.082s][info][gc,phases      ] GC(418) Phase 1: Mark live objects 581.460ms
[287.082s][info][gc,phases,start] GC(418) Phase 2: Compute new object addresses
[287.272s][info][gc,phases      ] GC(418) Phase 2: Compute new object addresses 189.890ms
[287.272s][info][gc,phases,start] GC(418) Phase 3: Adjust pointers
[287.640s][info][gc,phases      ] GC(418) Phase 3: Adjust pointers 367.975ms
[287.640s][info][gc,phases,start] GC(418) Phase 4: Move objects
[287.794s][info][gc,phases      ] GC(418) Phase 4: Move objects 154.562ms
[287.795s][info][gc,heap        ] GC(418) DefNew: 157247K(157248K)->117052K(157248K) Eden: 139776K(139776K)->117052K(139776K) From: 17471K(17472K)->0K(17472K)
[287.795s][info][gc,heap        ] GC(418) Tenured: 349567K(349568K)->349567K(349568K)
[287.795s][info][gc,metaspace   ] GC(418) Metaspace: 16688K(17344K)->16688K(17344K) NonClass: 14267K(14656K)->14267K(14656K) Class: 2420K(2688K)->2420K(2688K)
[287.795s][info][gc             ] GC(418) Pause Full (Allocation Failure) 494M->455M(494M) 1294.660ms
[287.795s][info][gc,cpu         ] GC(418) User=1.30s Sys=0.00s Real=1.29s
[287.922s][info][gc,start       ] GC(419) Pause Full (Allocation Failure)
[287.923s][info][gc,phases,start] GC(419) Phase 1: Mark live objects
[288.479s][info][gc,phases      ] GC(419) Phase 1: Mark live objects 556.328ms
[288.479s][info][gc,phases,start] GC(419) Phase 2: Compute new object addresses
[288.669s][info][gc,phases      ] GC(419) Phase 2: Compute new object addresses 189.891ms
[288.669s][info][gc,phases,start] GC(419) Phase 3: Adjust pointers
[288.977s][info][gc,phases      ] GC(419) Phase 3: Adjust pointers 308.507ms
[288.977s][info][gc,phases,start] GC(419) Phase 4: Move objects
[289.022s][info][gc,phases      ] GC(419) Phase 4: Move objects 44.606ms
[289.022s][info][gc,heap        ] GC(419) DefNew: 157247K(157248K)->113970K(157248K) Eden: 139776K(139776K)->113970K(139776K) From: 17471K(17472K)->0K(17472K)
[289.022s][info][gc,heap        ] GC(419) Tenured: 349567K(349568K)->349567K(349568K)
[289.022s][info][gc,metaspace   ] GC(419) Metaspace: 16688K(17344K)->16688K(17344K) NonClass: 14267K(14656K)->14267K(14656K) Class: 2420K(2688K)->2420K(2688K)
[289.022s][info][gc             ] GC(419) Pause Full (Allocation Failure) 494M->452M(494M) 1100.059ms
[289.022s][info][gc,cpu         ] GC(419) User=1.11s Sys=0.00s Real=1.11s
[289.157s][info][gc,start       ] GC(420) Pause Full (Allocation Failure)
[289.157s][info][gc,phases,start] GC(420) Phase 1: Mark live objects
[289.715s][info][gc,phases      ] GC(420) Phase 1: Mark live objects 558.142ms
[289.715s][info][gc,phases,start] GC(420) Phase 2: Compute new object addresses
[289.907s][info][gc,phases      ] GC(420) Phase 2: Compute new object addresses 191.221ms
[289.907s][info][gc,phases,start] GC(420) Phase 3: Adjust pointers
[290.198s][info][gc,phases      ] GC(420) Phase 3: Adjust pointers 291.844ms
[290.199s][info][gc,phases,start] GC(420) Phase 4: Move objects
[290.242s][info][gc,phases      ] GC(420) Phase 4: Move objects 43.415ms
[290.242s][info][gc,heap        ] GC(420) DefNew: 157247K(157248K)->110537K(157248K) Eden: 139776K(139776K)->110537K(139776K) From: 17471K(17472K)->0K(17472K)
[290.242s][info][gc,heap        ] GC(420) Tenured: 349567K(349568K)->349567K(349568K)
[290.242s][info][gc,metaspace   ] GC(420) Metaspace: 16688K(17344K)->16688K(17344K) NonClass: 14267K(14656K)->14267K(14656K) Class: 2420K(2688K)->2420K(2688K)
[290.242s][info][gc             ] GC(420) Pause Full (Allocation Failure) 494M->449M(494M) 1085.404ms
[290.242s][info][gc,cpu         ] GC(420) User=1.08s Sys=0.00s Real=1.08s
[290.380s][info][gc,start       ] GC(421) Pause Full (Allocation Failure)
[290.380s][info][gc,phases,start] GC(421) Phase 1: Mark live objects
[290.898s][info][gc,phases      ] GC(421) Phase 1: Mark live objects 518.191ms
[290.898s][info][gc,phases,start] GC(421) Phase 2: Compute new object addresses
[291.104s][info][gc,phases      ] GC(421) Phase 2: Compute new object addresses 205.350ms
[291.104s][info][gc,phases,start] GC(421) Phase 3: Adjust pointers
[291.382s][info][gc,phases      ] GC(421) Phase 3: Adjust pointers 278.560ms
[291.382s][info][gc,phases,start] GC(421) Phase 4: Move objects
[291.424s][info][gc,phases      ] GC(421) Phase 4: Move objects 41.428ms
[291.424s][info][gc,heap        ] GC(421) DefNew: 157247K(157248K)->106740K(157248K) Eden: 139776K(139776K)->106740K(139776K) From: 17471K(17472K)->0K(17472K)
[291.424s][info][gc,heap        ] GC(421) Tenured: 349567K(349568K)->349567K(349568K)
[291.424s][info][gc,metaspace   ] GC(421) Metaspace: 16688K(17344K)->16688K(17344K) NonClass: 14267K(14656K)->14267K(14656K) Class: 2420K(2688K)->2420K(2688K)
[291.424s][info][gc             ] GC(421) Pause Full (Allocation Failure) 494M->445M(494M) 1044.306ms
[291.424s][info][gc,cpu         ] GC(421) User=1.06s Sys=0.00s Real=1.05s
[291.556s][info][gc,start       ] GC(422) Pause Full (Allocation Failure)
[291.557s][info][gc,phases,start] GC(422) Phase 1: Mark live objects
[292.067s][info][gc,phases      ] GC(422) Phase 1: Mark live objects 510.825ms
[292.067s][info][gc,phases,start] GC(422) Phase 2: Compute new object addresses
[292.264s][info][gc,phases      ] GC(422) Phase 2: Compute new object addresses 196.608ms
[292.264s][info][gc,phases,start] GC(422) Phase 3: Adjust pointers
[292.549s][info][gc,phases      ] GC(422) Phase 3: Adjust pointers 284.931ms
[292.549s][info][gc,phases,start] GC(422) Phase 4: Move objects
[292.694s][info][gc,phases      ] GC(422) Phase 4: Move objects 145.111ms
[292.695s][info][gc,heap        ] GC(422) DefNew: 157247K(157248K)->86750K(157248K) Eden: 139776K(139776K)->86750K(139776K) From: 17471K(17472K)->0K(17472K)
[292.695s][info][gc,heap        ] GC(422) Tenured: 349567K(349568K)->349567K(349568K)
[292.695s][info][gc,metaspace   ] GC(422) Metaspace: 16688K(17344K)->16688K(17344K) NonClass: 14267K(14656K)->14267K(14656K) Class: 2420K(2688K)->2420K(2688K)
[292.695s][info][gc             ] GC(422) Pause Full (Allocation Failure) 494M->426M(494M) 1138.218ms
[292.695s][info][gc,cpu         ] GC(422) User=1.14s Sys=0.00s Real=1.14s
[292.859s][info][gc,start       ] GC(423) Pause Full (Allocation Failure)
[292.859s][info][gc,phases,start] GC(423) Phase 1: Mark live objects
[293.342s][info][gc,phases      ] GC(423) Phase 1: Mark live objects 483.287ms
[293.342s][info][gc,phases,start] GC(423) Phase 2: Compute new object addresses
[293.537s][info][gc,phases      ] GC(423) Phase 2: Compute new object addresses 194.554ms
[293.537s][info][gc,phases,start] GC(423) Phase 3: Adjust pointers
[293.777s][info][gc,phases      ] GC(423) Phase 3: Adjust pointers 240.047ms
[293.777s][info][gc,phases,start] GC(423) Phase 4: Move objects
[293.813s][info][gc,phases      ] GC(423) Phase 4: Move objects 35.583ms
[293.813s][info][gc,heap        ] GC(423) DefNew: 157247K(157248K)->80796K(157248K) Eden: 139776K(139776K)->80796K(139776K) From: 17471K(17472K)->0K(17472K)
[293.813s][info][gc,heap        ] GC(423) Tenured: 349567K(349568K)->349567K(349568K)
[293.813s][info][gc,metaspace   ] GC(423) Metaspace: 16688K(17344K)->16688K(17344K) NonClass: 14267K(14656K)->14267K(14656K) Class: 2420K(2688K)->2420K(2688K)
[293.813s][info][gc             ] GC(423) Pause Full (Allocation Failure) 494M->420M(494M) 954.269ms
[293.813s][info][gc,cpu         ] GC(423) User=0.94s Sys=0.00s Real=0.94s
[293.972s][info][gc,start       ] GC(424) Pause Full (Allocation Failure)
[293.972s][info][gc,phases,start] GC(424) Phase 1: Mark live objects
[294.433s][info][gc,phases      ] GC(424) Phase 1: Mark live objects 461.145ms
[294.433s][info][gc,phases,start] GC(424) Phase 2: Compute new object addresses
[294.610s][info][gc,phases      ] GC(424) Phase 2: Compute new object addresses 176.923ms
[294.610s][info][gc,phases,start] GC(424) Phase 3: Adjust pointers
[294.837s][info][gc,phases      ] GC(424) Phase 3: Adjust pointers 226.237ms
[294.837s][info][gc,phases,start] GC(424) Phase 4: Move objects
[294.865s][info][gc,phases      ] GC(424) Phase 4: Move objects 28.706ms
[294.866s][info][gc,heap        ] GC(424) DefNew: 157248K(157248K)->74151K(157248K) Eden: 139776K(139776K)->74151K(139776K) From: 17472K(17472K)->0K(17472K)
[294.866s][info][gc,heap        ] GC(424) Tenured: 349567K(349568K)->349567K(349568K)
[294.866s][info][gc,metaspace   ] GC(424) Metaspace: 16688K(17344K)->16688K(17344K) NonClass: 14267K(14656K)->14267K(14656K) Class: 2420K(2688K)->2420K(2688K)
[294.866s][info][gc             ] GC(424) Pause Full (Allocation Failure) 494M->413M(494M) 893.716ms
[294.866s][info][gc,cpu         ] GC(424) User=0.89s Sys=0.00s Real=0.90s
[295.018s][info][gc,start       ] GC(425) Pause Full (Allocation Failure)
[295.018s][info][gc,phases,start] GC(425) Phase 1: Mark live objects
[295.440s][info][gc,phases      ] GC(425) Phase 1: Mark live objects 421.946ms
[295.440s][info][gc,phases,start] GC(425) Phase 2: Compute new object addresses
[295.614s][info][gc,phases      ] GC(425) Phase 2: Compute new object addresses 174.274ms
[295.614s][info][gc,phases,start] GC(425) Phase 3: Adjust pointers
[295.830s][info][gc,phases      ] GC(425) Phase 3: Adjust pointers 216.102ms
[295.830s][info][gc,phases,start] GC(425) Phase 4: Move objects
[295.858s][info][gc,phases      ] GC(425) Phase 4: Move objects 27.361ms
[295.858s][info][gc,heap        ] GC(425) DefNew: 157248K(157248K)->65526K(157248K) Eden: 139776K(139776K)->65526K(139776K) From: 17472K(17472K)->0K(17472K)
[295.858s][info][gc,heap        ] GC(425) Tenured: 349567K(349568K)->349567K(349568K)
[295.858s][info][gc,metaspace   ] GC(425) Metaspace: 16688K(17344K)->16688K(17344K) NonClass: 14267K(14656K)->14267K(14656K) Class: 2420K(2688K)->2420K(2688K)
[295.858s][info][gc             ] GC(425) Pause Full (Allocation Failure) 494M->405M(494M) 840.438ms
[295.858s][info][gc,cpu         ] GC(425) User=0.84s Sys=0.00s Real=0.84s
[296.729s][info][gc,start       ] GC(426) Pause Full (Allocation Failure)
[296.729s][info][gc,phases,start] GC(426) Phase 1: Mark live objects
[296.757s][info][gc,phases      ] GC(426) Phase 1: Mark live objects 28.175ms
[296.757s][info][gc,phases,start] GC(426) Phase 2: Compute new object addresses
[296.892s][info][gc,phases      ] GC(426) Phase 2: Compute new object addresses 134.473ms
[296.892s][info][gc,phases,start] GC(426) Phase 3: Adjust pointers
[296.902s][info][gc,phases      ] GC(426) Phase 3: Adjust pointers 10.606ms
[296.902s][info][gc,phases,start] GC(426) Phase 4: Move objects
[296.903s][info][gc,phases      ] GC(426) Phase 4: Move objects 0.700ms
[296.903s][info][gc,heap        ] GC(426) DefNew: 157247K(157248K)->0K(157248K) Eden: 139776K(139776K)->0K(139776K) From: 17471K(17472K)->0K(17472K)
[296.903s][info][gc,heap        ] GC(426) Tenured: 349567K(349568K)->20627K(349568K)
[296.903s][info][gc,metaspace   ] GC(426) Metaspace: 16688K(17344K)->16688K(17344K) NonClass: 14267K(14656K)->14267K(14656K) Class: 2420K(2688K)->2420K(2688K)
[296.903s][info][gc             ] GC(426) Pause Full (Allocation Failure) 494M->20M(494M) 174.543ms
[296.903s][info][gc,cpu         ] GC(426) User=0.17s Sys=0.00s Real=0.18s
[297.770s][info][gc,start       ] GC(427) Pause Full (System.gc())
[297.770s][info][gc,phases,start] GC(427) Phase 1: Mark live objects
[297.793s][info][gc,phases      ] GC(427) Phase 1: Mark live objects 23.326ms
[297.793s][info][gc,phases,start] GC(427) Phase 2: Compute new object addresses
[297.819s][info][gc,phases      ] GC(427) Phase 2: Compute new object addresses 25.925ms
[297.819s][info][gc,phases,start] GC(427) Phase 3: Adjust pointers
[297.829s][info][gc,phases      ] GC(427) Phase 3: Adjust pointers 9.424ms
[297.829s][info][gc,phases,start] GC(427) Phase 4: Move objects
[297.829s][info][gc,phases      ] GC(427) Phase 4: Move objects 0.012ms
[297.829s][info][gc,heap        ] GC(427) DefNew: 55880K(157248K)->0K(157248K) Eden: 55880K(139776K)->0K(139776K) From: 0K(17472K)->0K(17472K)
[297.829s][info][gc,heap        ] GC(427) Tenured: 20627K(349568K)->20628K(349568K)
[297.829s][info][gc,metaspace   ] GC(427) Metaspace: 16689K(17344K)->16689K(17344K) NonClass: 14269K(14656K)->14269K(14656K) Class: 2420K(2688K)->2420K(2688K)
[297.829s][info][gc             ] GC(427) Pause Full (System.gc()) 74M->20M(494M) 59.151ms
[297.829s][info][gc,cpu         ] GC(427) User=0.05s Sys=0.00s Real=0.05s
[299.605s][info][gc,start       ] GC(428) Pause Young (Allocation Failure)
[299.609s][info][gc,heap        ] GC(428) DefNew: 139776K(157248K)->1520K(157248K) Eden: 139776K(139776K)->0K(139776K) From: 0K(17472K)->1520K(17472K)
[299.609s][info][gc,heap        ] GC(428) Tenured: 20628K(349568K)->20628K(349568K)
[299.609s][info][gc,metaspace   ] GC(428) Metaspace: 16690K(17344K)->16690K(17344K) NonClass: 14270K(14656K)->14270K(14656K) Class: 2420K(2688K)->2420K(2688K)
[299.609s][info][gc             ] GC(428) Pause Young (Allocation Failure) 156M->21M(494M) 4.641ms
[299.609s][info][gc,cpu         ] GC(428) User=0.00s Sys=0.00s Real=0.00s
[299.630s][info][gc,start       ] GC(429) Pause Young (Allocation Failure)
[299.634s][info][gc,heap        ] GC(429) DefNew: 141296K(157248K)->1564K(157248K) Eden: 139776K(139776K)->0K(139776K) From: 1520K(17472K)->1564K(17472K)
[299.634s][info][gc,heap        ] GC(429) Tenured: 20628K(349568K)->20628K(349568K)
[299.634s][info][gc,metaspace   ] GC(429) Metaspace: 16690K(17344K)->16690K(17344K) NonClass: 14270K(14656K)->14270K(14656K) Class: 2420K(2688K)->2420K(2688K)
[299.634s][info][gc             ] GC(429) Pause Young (Allocation Failure) 158M->21M(494M) 4.338ms
[299.634s][info][gc,cpu         ] GC(429) User=0.00s Sys=0.00s Real=0.00s
[299.651s][info][gc,start       ] GC(430) Pause Young (Allocation Failure)
[299.655s][info][gc,heap        ] GC(430) DefNew: 141340K(157248K)->1522K(157248K) Eden: 139776K(139776K)->0K(139776K) From: 1564K(17472K)->1522K(17472K)
[299.655s][info][gc,heap        ] GC(430) Tenured: 20628K(349568K)->20628K(349568K)
[299.655s][info][gc,metaspace   ] GC(430) Metaspace: 16690K(17344K)->16690K(17344K) NonClass: 14270K(14656K)->14270K(14656K) Class: 2420K(2688K)->2420K(2688K)
[299.655s][info][gc             ] GC(430) Pause Young (Allocation Failure) 158M->21M(494M) 4.238ms
[299.655s][info][gc,cpu         ] GC(430) User=0.00s Sys=0.00s Real=0.00s
[299.670s][info][gc,start       ] GC(431) Pause Young (Allocation Failure)
[299.675s][info][gc,heap        ] GC(431) DefNew: 141298K(157248K)->1516K(157248K) Eden: 139776K(139776K)->0K(139776K) From: 1522K(17472K)->1516K(17472K)
[299.675s][info][gc,heap        ] GC(431) Tenured: 20628K(349568K)->20628K(349568K)
[299.675s][info][gc,metaspace   ] GC(431) Metaspace: 16690K(17344K)->16690K(17344K) NonClass: 14270K(14656K)->14270K(14656K) Class: 2420K(2688K)->2420K(2688K)
[299.675s][info][gc             ] GC(431) Pause Young (Allocation Failure) 158M->21M(494M) 4.349ms
[299.675s][info][gc,cpu         ] GC(431) User=0.02s Sys=0.00s Real=0.01s
[299.690s][info][gc,start       ] GC(432) Pause Young (Allocation Failure)
[299.694s][info][gc,heap        ] GC(432) DefNew: 141292K(157248K)->1530K(157248K) Eden: 139776K(139776K)->0K(139776K) From: 1516K(17472K)->1530K(17472K)
[299.694s][info][gc,heap        ] GC(432) Tenured: 20628K(349568K)->20628K(349568K)
[299.694s][info][gc,metaspace   ] GC(432) Metaspace: 16690K(17344K)->16690K(17344K) NonClass: 14270K(14656K)->14270K(14656K) Class: 2420K(2688K)->2420K(2688K)
[299.694s][info][gc             ] GC(432) Pause Young (Allocation Failure) 158M->21M(494M) 4.321ms
[299.694s][info][gc,cpu         ] GC(432) User=0.00s Sys=0.00s Real=0.00s
[299.709s][info][gc,start       ] GC(433) Pause Young (Allocation Failure)
[299.713s][info][gc,heap        ] GC(433) DefNew: 141306K(157248K)->1450K(157248K) Eden: 139776K(139776K)->0K(139776K) From: 1530K(17472K)->1450K(17472K)
[299.713s][info][gc,heap        ] GC(433) Tenured: 20628K(349568K)->20628K(349568K)
[299.713s][info][gc,metaspace   ] GC(433) Metaspace: 16690K(17344K)->16690K(17344K) NonClass: 14270K(14656K)->14270K(14656K) Class: 2420K(2688K)->2420K(2688K)
[299.713s][info][gc             ] GC(433) Pause Young (Allocation Failure) 158M->21M(494M) 4.105ms
[299.713s][info][gc,cpu         ] GC(433) User=0.02s Sys=0.00s Real=0.02s
[299.728s][info][gc,start       ] GC(434) Pause Young (Allocation Failure)
[299.733s][info][gc,heap        ] GC(434) DefNew: 141226K(157248K)->1501K(157248K) Eden: 139776K(139776K)->0K(139776K) From: 1450K(17472K)->1501K(17472K)
[299.733s][info][gc,heap        ] GC(434) Tenured: 20628K(349568K)->20628K(349568K)
[299.733s][info][gc,metaspace   ] GC(434) Metaspace: 16690K(17344K)->16690K(17344K) NonClass: 14270K(14656K)->14270K(14656K) Class: 2420K(2688K)->2420K(2688K)
[299.733s][info][gc             ] GC(434) Pause Young (Allocation Failure) 158M->21M(494M) 4.336ms
[299.733s][info][gc,cpu         ] GC(434) User=0.00s Sys=0.00s Real=0.00s
[299.748s][info][gc,start       ] GC(435) Pause Young (Allocation Failure)
[299.752s][info][gc,heap        ] GC(435) DefNew: 141277K(157248K)->1532K(157248K) Eden: 139776K(139776K)->0K(139776K) From: 1501K(17472K)->1532K(17472K)
[299.752s][info][gc,heap        ] GC(435) Tenured: 20628K(349568K)->20628K(349568K)
[299.752s][info][gc,metaspace   ] GC(435) Metaspace: 16690K(17344K)->16690K(17344K) NonClass: 14270K(14656K)->14270K(14656K) Class: 2420K(2688K)->2420K(2688K)
[299.752s][info][gc             ] GC(435) Pause Young (Allocation Failure) 158M->21M(494M) 4.431ms
[299.752s][info][gc,cpu         ] GC(435) User=0.02s Sys=0.00s Real=0.02s
[299.767s][info][gc,start       ] GC(436) Pause Young (Allocation Failure)
[299.772s][info][gc,heap        ] GC(436) DefNew: 141308K(157248K)->1546K(157248K) Eden: 139776K(139776K)->0K(139776K) From: 1532K(17472K)->1546K(17472K)
[299.772s][info][gc,heap        ] GC(436) Tenured: 20628K(349568K)->20628K(349568K)
[299.772s][info][gc,metaspace   ] GC(436) Metaspace: 16690K(17344K)->16690K(17344K) NonClass: 14270K(14656K)->14270K(14656K) Class: 2420K(2688K)->2420K(2688K)
[299.772s][info][gc             ] GC(436) Pause Young (Allocation Failure) 158M->21M(494M) 4.315ms
[299.772s][info][gc,cpu         ] GC(436) User=0.00s Sys=0.00s Real=0.00s
[299.787s][info][gc,start       ] GC(437) Pause Young (Allocation Failure)
[299.791s][info][gc,heap        ] GC(437) DefNew: 141322K(157248K)->1485K(157248K) Eden: 139776K(139776K)->0K(139776K) From: 1546K(17472K)->1485K(17472K)
[299.791s][info][gc,heap        ] GC(437) Tenured: 20628K(349568K)->20628K(349568K)
[299.791s][info][gc,metaspace   ] GC(437) Metaspace: 16690K(17344K)->16690K(17344K) NonClass: 14270K(14656K)->14270K(14656K) Class: 2420K(2688K)->2420K(2688K)
[299.791s][info][gc             ] GC(437) Pause Young (Allocation Failure) 158M->21M(494M) 4.347ms
[299.791s][info][gc,cpu         ] GC(437) User=0.02s Sys=0.00s Real=0.02s
[299.806s][info][gc,start       ] GC(438) Pause Young (Allocation Failure)
[299.810s][info][gc,heap        ] GC(438) DefNew: 141261K(157248K)->1535K(157248K) Eden: 139776K(139776K)->0K(139776K) From: 1485K(17472K)->1535K(17472K)
[299.811s][info][gc,heap        ] GC(438) Tenured: 20628K(349568K)->20628K(349568K)
[299.811s][info][gc,metaspace   ] GC(438) Metaspace: 16690K(17344K)->16690K(17344K) NonClass: 14270K(14656K)->14270K(14656K) Class: 2420K(2688K)->2420K(2688K)
[299.811s][info][gc             ] GC(438) Pause Young (Allocation Failure) 158M->21M(494M) 4.353ms
[299.811s][info][gc,cpu         ] GC(438) User=0.02s Sys=0.00s Real=0.02s
[299.826s][info][gc,start       ] GC(439) Pause Young (Allocation Failure)
[299.830s][info][gc,heap        ] GC(439) DefNew: 141311K(157248K)->1512K(157248K) Eden: 139776K(139776K)->0K(139776K) From: 1535K(17472K)->1512K(17472K)
[299.830s][info][gc,heap        ] GC(439) Tenured: 20628K(349568K)->20628K(349568K)
[299.830s][info][gc,metaspace   ] GC(439) Metaspace: 16690K(17344K)->16690K(17344K) NonClass: 14270K(14656K)->14270K(14656K) Class: 2420K(2688K)->2420K(2688K)
[299.830s][info][gc             ] GC(439) Pause Young (Allocation Failure) 158M->21M(494M) 4.229ms
[299.830s][info][gc,cpu         ] GC(439) User=0.00s Sys=0.00s Real=0.00s
[299.845s][info][gc,start       ] GC(440) Pause Young (Allocation Failure)
[299.850s][info][gc,heap        ] GC(440) DefNew: 141288K(157248K)->1545K(157248K) Eden: 139776K(139776K)->0K(139776K) From: 1512K(17472K)->1545K(17472K)
[299.850s][info][gc,heap        ] GC(440) Tenured: 20628K(349568K)->20628K(349568K)
[299.850s][info][gc,metaspace   ] GC(440) Metaspace: 16690K(17344K)->16690K(17344K) NonClass: 14270K(14656K)->14270K(14656K) Class: 2420K(2688K)->2420K(2688K)
[299.850s][info][gc             ] GC(440) Pause Young (Allocation Failure) 158M->21M(494M) 4.434ms
[299.850s][info][gc,cpu         ] GC(440) User=0.02s Sys=0.00s Real=0.02s
[299.866s][info][gc,start       ] GC(441) Pause Young (Allocation Failure)
[299.870s][info][gc,heap        ] GC(441) DefNew: 141321K(157248K)->1505K(157248K) Eden: 139776K(139776K)->0K(139776K) From: 1545K(17472K)->1505K(17472K)
[299.870s][info][gc,heap        ] GC(441) Tenured: 20628K(349568K)->20628K(349568K)
[299.870s][info][gc,metaspace   ] GC(441) Metaspace: 16690K(17344K)->16690K(17344K) NonClass: 14270K(14656K)->14270K(14656K) Class: 2420K(2688K)->2420K(2688K)
[299.870s][info][gc             ] GC(441) Pause Young (Allocation Failure) 158M->21M(494M) 4.239ms
[299.870s][info][gc,cpu         ] GC(441) User=0.00s Sys=0.00s Real=0.00s
[299.885s][info][gc,start       ] GC(442) Pause Young (Allocation Failure)
[299.889s][info][gc,heap        ] GC(442) DefNew: 141281K(157248K)->1425K(157248K) Eden: 139776K(139776K)->0K(139776K) From: 1505K(17472K)->1425K(17472K)
[299.889s][info][gc,heap        ] GC(442) Tenured: 20628K(349568K)->20628K(349568K)
[299.889s][info][gc,metaspace   ] GC(442) Metaspace: 16690K(17344K)->16690K(17344K) NonClass: 14270K(14656K)->14270K(14656K) Class: 2420K(2688K)->2420K(2688K)
[299.889s][info][gc             ] GC(442) Pause Young (Allocation Failure) 158M->21M(494M) 4.142ms
[299.889s][info][gc,cpu         ] GC(442) User=0.00s Sys=0.00s Real=0.00s
[299.904s][info][gc,start       ] GC(443) Pause Young (Allocation Failure)
[299.908s][info][gc,heap        ] GC(443) DefNew: 141201K(157248K)->1270K(157248K) Eden: 139776K(139776K)->0K(139776K) From: 1425K(17472K)->1270K(17472K)
[299.908s][info][gc,heap        ] GC(443) Tenured: 20628K(349568K)->20743K(349568K)
[299.908s][info][gc,metaspace   ] GC(443) Metaspace: 16690K(17344K)->16690K(17344K) NonClass: 14270K(14656K)->14270K(14656K) Class: 2420K(2688K)->2420K(2688K)
[299.908s][info][gc             ] GC(443) Pause Young (Allocation Failure) 158M->21M(494M) 4.102ms
[299.908s][info][gc,cpu         ] GC(443) User=0.02s Sys=0.00s Real=0.02s
[299.925s][info][gc,start       ] GC(444) Pause Young (Allocation Failure)
[299.929s][info][gc,heap        ] GC(444) DefNew: 141046K(157248K)->1176K(157248K) Eden: 139776K(139776K)->0K(139776K) From: 1270K(17472K)->1176K(17472K)
[299.929s][info][gc,heap        ] GC(444) Tenured: 20743K(349568K)->20743K(349568K)
[299.929s][info][gc,metaspace   ] GC(444) Metaspace: 16690K(17344K)->16690K(17344K) NonClass: 14270K(14656K)->14270K(14656K) Class: 2420K(2688K)->2420K(2688K)
[299.929s][info][gc             ] GC(444) Pause Young (Allocation Failure) 157M->21M(494M) 3.598ms
[299.929s][info][gc,cpu         ] GC(444) User=0.00s Sys=0.00s Real=0.00s
[299.946s][info][gc,start       ] GC(445) Pause Young (Allocation Failure)
[299.950s][info][gc,heap        ] GC(445) DefNew: 140952K(157248K)->1251K(157248K) Eden: 139776K(139776K)->0K(139776K) From: 1176K(17472K)->1251K(17472K)
[299.950s][info][gc,heap        ] GC(445) Tenured: 20743K(349568K)->20743K(349568K)
[299.950s][info][gc,metaspace   ] GC(445) Metaspace: 16690K(17344K)->16690K(17344K) NonClass: 14270K(14656K)->14270K(14656K) Class: 2420K(2688K)->2420K(2688K)
[299.950s][info][gc             ] GC(445) Pause Young (Allocation Failure) 157M->21M(494M) 3.720ms
[299.950s][info][gc,cpu         ] GC(445) User=0.00s Sys=0.00s Real=0.00s
[299.967s][info][gc,start       ] GC(446) Pause Young (Allocation Failure)
[299.971s][info][gc,heap        ] GC(446) DefNew: 141027K(157248K)->1293K(157248K) Eden: 139776K(139776K)->0K(139776K) From: 1251K(17472K)->1293K(17472K)
[299.971s][info][gc,heap        ] GC(446) Tenured: 20743K(349568K)->20743K(349568K)
[299.971s][info][gc,metaspace   ] GC(446) Metaspace: 16690K(17344K)->16690K(17344K) NonClass: 14270K(14656K)->14270K(14656K) Class: 2420K(2688K)->2420K(2688K)
[299.971s][info][gc             ] GC(446) Pause Young (Allocation Failure) 157M->21M(494M) 3.786ms
[299.971s][info][gc,cpu         ] GC(446) User=0.00s Sys=0.00s Real=0.00s
[299.989s][info][gc,start       ] GC(447) Pause Young (Allocation Failure)
[299.992s][info][gc,heap        ] GC(447) DefNew: 141069K(157248K)->1213K(157248K) Eden: 139776K(139776K)->0K(139776K) From: 1293K(17472K)->1213K(17472K)
[299.992s][info][gc,heap        ] GC(447) Tenured: 20743K(349568K)->20743K(349568K)
[299.993s][info][gc,metaspace   ] GC(447) Metaspace: 16691K(17344K)->16691K(17344K) NonClass: 14271K(14656K)->14271K(14656K) Class: 2420K(2688K)->2420K(2688K)
[299.993s][info][gc             ] GC(447) Pause Young (Allocation Failure) 158M->21M(494M) 3.684ms
[299.993s][info][gc,cpu         ] GC(447) User=0.00s Sys=0.00s Real=0.00s
[300.010s][info][gc,start       ] GC(448) Pause Young (Allocation Failure)
[300.014s][info][gc,heap        ] GC(448) DefNew: 140989K(157248K)->1203K(157248K) Eden: 139776K(139776K)->0K(139776K) From: 1213K(17472K)->1203K(17472K)
[300.014s][info][gc,heap        ] GC(448) Tenured: 20743K(349568K)->20743K(349568K)
[300.014s][info][gc,metaspace   ] GC(448) Metaspace: 16691K(17344K)->16691K(17344K) NonClass: 14271K(14656K)->14271K(14656K) Class: 2420K(2688K)->2420K(2688K)
[300.014s][info][gc             ] GC(448) Pause Young (Allocation Failure) 157M->21M(494M) 3.653ms
[300.014s][info][gc,cpu         ] GC(448) User=0.00s Sys=0.00s Real=0.00s
[300.031s][info][gc,start       ] GC(449) Pause Young (Allocation Failure)
[300.035s][info][gc,heap        ] GC(449) DefNew: 140979K(157248K)->1141K(157248K) Eden: 139776K(139776K)->0K(139776K) From: 1203K(17472K)->1141K(17472K)
[300.035s][info][gc,heap        ] GC(449) Tenured: 20743K(349568K)->20745K(349568K)
[300.035s][info][gc,metaspace   ] GC(449) Metaspace: 16691K(17344K)->16691K(17344K) NonClass: 14271K(14656K)->14271K(14656K) Class: 2420K(2688K)->2420K(2688K)
[300.035s][info][gc             ] GC(449) Pause Young (Allocation Failure) 157M->21M(494M) 3.485ms
[300.035s][info][gc,cpu         ] GC(449) User=0.00s Sys=0.00s Real=0.00s
[300.052s][info][gc,start       ] GC(450) Pause Young (Allocation Failure)
[300.056s][info][gc,heap        ] GC(450) DefNew: 140917K(157248K)->1107K(157248K) Eden: 139776K(139776K)->0K(139776K) From: 1141K(17472K)->1107K(17472K)
[300.056s][info][gc,heap        ] GC(450) Tenured: 20745K(349568K)->20747K(349568K)
[300.056s][info][gc,metaspace   ] GC(450) Metaspace: 16691K(17344K)->16691K(17344K) NonClass: 14271K(14656K)->14271K(14656K) Class: 2420K(2688K)->2420K(2688K)
[300.056s][info][gc             ] GC(450) Pause Young (Allocation Failure) 157M->21M(494M) 3.477ms
[300.056s][info][gc,cpu         ] GC(450) User=0.00s Sys=0.00s Real=0.00s
[300.074s][info][gc,start       ] GC(451) Pause Young (Allocation Failure)
[300.076s][info][gc,heap        ] GC(451) DefNew: 140883K(157248K)->780K(157248K) Eden: 139776K(139776K)->0K(139776K) From: 1107K(17472K)->780K(17472K)
[300.077s][info][gc,heap        ] GC(451) Tenured: 20747K(349568K)->20747K(349568K)
[300.077s][info][gc,metaspace   ] GC(451) Metaspace: 16691K(17344K)->16691K(17344K) NonClass: 14271K(14656K)->14271K(14656K) Class: 2420K(2688K)->2420K(2688K)
[300.077s][info][gc             ] GC(451) Pause Young (Allocation Failure) 157M->21M(494M) 2.691ms
[300.077s][info][gc,cpu         ] GC(451) User=0.00s Sys=0.00s Real=0.00s
[300.196s][info][gc,start       ] GC(452) Pause Young (Allocation Failure)
[300.431s][info][gc,heap        ] GC(452) DefNew: 140556K(157248K)->17471K(157248K) Eden: 139776K(139776K)->0K(139776K) From: 780K(17472K)->17471K(17472K)
[300.431s][info][gc,heap        ] GC(452) Tenured: 20747K(349568K)->84139K(349568K)
[300.431s][info][gc,metaspace   ] GC(452) Metaspace: 16691K(17344K)->16691K(17344K) NonClass: 14271K(14656K)->14271K(14656K) Class: 2420K(2688K)->2420K(2688K)
[300.431s][info][gc             ] GC(452) Pause Young (Allocation Failure) 157M->99M(494M) 234.666ms
[300.431s][info][gc,cpu         ] GC(452) User=0.23s Sys=0.00s Real=0.24s
[300.584s][info][gc,start       ] GC(453) Pause Young (Allocation Failure)
[300.937s][info][gc,heap        ] GC(453) DefNew: 157247K(157248K)->17471K(157248K) Eden: 139776K(139776K)->0K(139776K) From: 17471K(17472K)->17471K(17472K)
[300.937s][info][gc,heap        ] GC(453) Tenured: 84139K(349568K)->173252K(349568K)
[300.937s][info][gc,metaspace   ] GC(453) Metaspace: 16691K(17344K)->16691K(17344K) NonClass: 14271K(14656K)->14271K(14656K) Class: 2420K(2688K)->2420K(2688K)
[300.937s][info][gc             ] GC(453) Pause Young (Allocation Failure) 235M->186M(494M) 353.626ms
[300.937s][info][gc,cpu         ] GC(453) User=0.36s Sys=0.00s Real=0.36s
[301.092s][info][gc,start       ] GC(454) Pause Young (Allocation Failure)
[301.459s][info][gc,heap        ] GC(454) DefNew: 157247K(157248K)->17472K(157248K) Eden: 139776K(139776K)->0K(139776K) From: 17471K(17472K)->17472K(17472K)
[301.459s][info][gc,heap        ] GC(454) Tenured: 173252K(349568K)->263747K(349568K)
[301.459s][info][gc,metaspace   ] GC(454) Metaspace: 16691K(17344K)->16691K(17344K) NonClass: 14271K(14656K)->14271K(14656K) Class: 2420K(2688K)->2420K(2688K)
[301.460s][info][gc             ] GC(454) Pause Young (Allocation Failure) 322M->274M(494M) 367.145ms
[301.460s][info][gc,cpu         ] GC(454) User=0.36s Sys=0.00s Real=0.36s
[301.617s][info][gc,start       ] GC(455) Pause Young (Allocation Failure)
[301.628s][info][gc             ] GC(455) Pause Young (Allocation Failure) 411M->411M(494M) 11.321ms
[301.628s][info][gc,cpu         ] GC(455) User=0.00s Sys=0.00s Real=0.02s
[301.628s][info][gc,start       ] GC(456) Pause Full (Allocation Failure)
[301.628s][info][gc,phases,start] GC(456) Phase 1: Mark live objects
[302.208s][info][gc,phases      ] GC(456) Phase 1: Mark live objects 580.083ms
[302.208s][info][gc,phases,start] GC(456) Phase 2: Compute new object addresses
[302.372s][info][gc,phases      ] GC(456) Phase 2: Compute new object addresses 163.847ms
[302.372s][info][gc,phases,start] GC(456) Phase 3: Adjust pointers
[302.643s][info][gc,phases      ] GC(456) Phase 3: Adjust pointers 270.979ms
[302.643s][info][gc,phases,start] GC(456) Phase 4: Move objects
[302.687s][info][gc,phases      ] GC(456) Phase 4: Move objects 43.642ms
[302.692s][info][gc,heap        ] GC(456) DefNew: 157248K(157248K)->21645K(157248K) Eden: 139776K(139776K)->21645K(139776K) From: 17472K(17472K)->0K(17472K)
[302.692s][info][gc,heap        ] GC(456) Tenured: 263747K(349568K)->349567K(349568K)
[302.692s][info][gc,metaspace   ] GC(456) Metaspace: 16691K(17344K)->16691K(17344K) NonClass: 14271K(14656K)->14271K(14656K) Class: 2420K(2688K)->2420K(2688K)
[302.692s][info][gc             ] GC(456) Pause Full (Allocation Failure) 411M->362M(494M) 1064.077ms
[302.692s][info][gc,cpu         ] GC(456) User=1.06s Sys=0.00s Real=1.06s
[303.030s][info][gc,start       ] GC(457) Pause Full (Allocation Failure)
[303.030s][info][gc,phases,start] GC(457) Phase 1: Mark live objects
[303.715s][info][gc,phases      ] GC(457) Phase 1: Mark live objects 684.982ms
[303.715s][info][gc,phases,start] GC(457) Phase 2: Compute new object addresses
[303.910s][info][gc,phases      ] GC(457) Phase 2: Compute new object addresses 195.252ms
[303.910s][info][gc,phases,start] GC(457) Phase 3: Adjust pointers
[304.221s][info][gc,phases      ] GC(457) Phase 3: Adjust pointers 310.154ms
[304.221s][info][gc,phases,start] GC(457) Phase 4: Move objects
[304.265s][info][gc,phases      ] GC(457) Phase 4: Move objects 44.442ms
[304.272s][info][gc,heap        ] GC(457) DefNew: 157248K(157248K)->109274K(157248K) Eden: 139776K(139776K)->109274K(139776K) From: 17472K(17472K)->0K(17472K)
[304.272s][info][gc,heap        ] GC(457) Tenured: 349567K(349568K)->349567K(349568K)
[304.272s][info][gc,metaspace   ] GC(457) Metaspace: 16691K(17344K)->16691K(17344K) NonClass: 14271K(14656K)->14271K(14656K) Class: 2420K(2688K)->2420K(2688K)
[304.272s][info][gc             ] GC(457) Pause Full (Allocation Failure) 494M->448M(494M) 1241.677ms
[304.272s][info][gc,cpu         ] GC(457) User=1.25s Sys=0.00s Real=1.25s
[305.707s][info][gc,start       ] GC(458) Pause Full (Allocation Failure)
[305.707s][info][gc,phases,start] GC(458) Phase 1: Mark live objects
[306.307s][info][gc,phases      ] GC(458) Phase 1: Mark live objects 599.717ms
[306.307s][info][gc,phases,start] GC(458) Phase 2: Compute new object addresses
[306.520s][info][gc,phases      ] GC(458) Phase 2: Compute new object addresses 213.423ms
[306.520s][info][gc,phases,start] GC(458) Phase 3: Adjust pointers
[306.812s][info][gc,phases      ] GC(458) Phase 3: Adjust pointers 291.693ms
[306.812s][info][gc,phases,start] GC(458) Phase 4: Move objects
[306.967s][info][gc,phases      ] GC(458) Phase 4: Move objects 155.126ms
[306.972s][info][gc,heap        ] GC(458) DefNew: 157247K(157248K)->81373K(157248K) Eden: 139776K(139776K)->81373K(139776K) From: 17471K(17472K)->0K(17472K)
[306.973s][info][gc,heap        ] GC(458) Tenured: 349568K(349568K)->349567K(349568K)
[306.973s][info][gc,metaspace   ] GC(458) Metaspace: 16691K(17344K)->16691K(17344K) NonClass: 14271K(14656K)->14271K(14656K) Class: 2420K(2688K)->2420K(2688K)
[306.973s][info][gc             ] GC(458) Pause Full (Allocation Failure) 494M->420M(494M) 1265.878ms
[306.973s][info][gc,cpu         ] GC(458) User=1.27s Sys=0.00s Real=1.26s
[308.542s][info][gc,start       ] GC(459) Pause Full (Allocation Failure)
[308.542s][info][gc,phases,start] GC(459) Phase 1: Mark live objects
[308.570s][info][gc,phases      ] GC(459) Phase 1: Mark live objects 27.618ms
[308.570s][info][gc,phases,start] GC(459) Phase 2: Compute new object addresses
[308.714s][info][gc,phases      ] GC(459) Phase 2: Compute new object addresses 144.042ms
[308.714s][info][gc,phases,start] GC(459) Phase 3: Adjust pointers
[308.725s][info][gc,phases      ] GC(459) Phase 3: Adjust pointers 10.558ms
[308.725s][info][gc,phases,start] GC(459) Phase 4: Move objects
[308.725s][info][gc,phases      ] GC(459) Phase 4: Move objects 0.391ms
[308.725s][info][gc,heap        ] GC(459) DefNew: 157248K(157248K)->0K(157248K) Eden: 139776K(139776K)->0K(139776K) From: 17472K(17472K)->0K(17472K)
[308.725s][info][gc,heap        ] GC(459) Tenured: 349567K(349568K)->20057K(349568K)
[308.725s][info][gc,metaspace   ] GC(459) Metaspace: 16691K(17344K)->16691K(17344K) NonClass: 14271K(14656K)->14271K(14656K) Class: 2420K(2688K)->2420K(2688K)
[308.725s][info][gc             ] GC(459) Pause Full (Allocation Failure) 494M->19M(494M) 183.201ms
[308.725s][info][gc,cpu         ] GC(459) User=0.19s Sys=0.00s Real=0.19s
[314.729s][info][gc,start       ] GC(460) Pause Young (Allocation Failure)
[314.882s][info][gc,heap        ] GC(460) DefNew: 139776K(157248K)->17472K(157248K) Eden: 139776K(139776K)->0K(139776K) From: 0K(17472K)->17472K(17472K)
[314.882s][info][gc,heap        ] GC(460) Tenured: 20057K(349568K)->54917K(349568K)
[314.882s][info][gc,metaspace   ] GC(460) Metaspace: 16691K(17344K)->16691K(17344K) NonClass: 14271K(14656K)->14271K(14656K) Class: 2420K(2688K)->2420K(2688K)
[314.882s][info][gc             ] GC(460) Pause Young (Allocation Failure) 156M->70M(494M) 153.023ms
[314.882s][info][gc,cpu         ] GC(460) User=0.16s Sys=0.00s Real=0.16s
[315.009s][info][gc,start       ] GC(461) Pause Young (Allocation Failure)
[315.268s][info][gc,heap        ] GC(461) DefNew: 157248K(157248K)->17472K(157248K) Eden: 139776K(139776K)->0K(139776K) From: 17472K(17472K)->17472K(17472K)
[315.268s][info][gc,heap        ] GC(461) Tenured: 54917K(349568K)->112168K(349568K)
[315.268s][info][gc,metaspace   ] GC(461) Metaspace: 16691K(17344K)->16691K(17344K) NonClass: 14271K(14656K)->14271K(14656K) Class: 2420K(2688K)->2420K(2688K)
[315.268s][info][gc             ] GC(461) Pause Young (Allocation Failure) 207M->126M(494M) 258.734ms
[315.268s][info][gc,cpu         ] GC(461) User=0.25s Sys=0.00s Real=0.25s
[315.395s][info][gc,start       ] GC(462) Pause Young (Allocation Failure)
[315.630s][info][gc,heap        ] GC(462) DefNew: 157248K(157248K)->17471K(157248K) Eden: 139776K(139776K)->0K(139776K) From: 17472K(17472K)->17471K(17472K)
[315.630s][info][gc,heap        ] GC(462) Tenured: 112168K(349568K)->168159K(349568K)
[315.630s][info][gc,metaspace   ] GC(462) Metaspace: 16691K(17344K)->16691K(17344K) NonClass: 14271K(14656K)->14271K(14656K) Class: 2420K(2688K)->2420K(2688K)
[315.630s][info][gc             ] GC(462) Pause Young (Allocation Failure) 263M->181M(494M) 234.995ms
[315.630s][info][gc,cpu         ] GC(462) User=0.23s Sys=0.00s Real=0.24s
[315.770s][info][gc,start       ] GC(463) Pause Young (Allocation Failure)
[316.007s][info][gc,heap        ] GC(463) DefNew: 157247K(157248K)->17471K(157248K) Eden: 139776K(139776K)->0K(139776K) From: 17471K(17472K)->17471K(17472K)
[316.007s][info][gc,heap        ] GC(463) Tenured: 168159K(349568K)->226251K(349568K)
[316.007s][info][gc,metaspace   ] GC(463) Metaspace: 16691K(17344K)->16691K(17344K) NonClass: 14271K(14656K)->14271K(14656K) Class: 2420K(2688K)->2420K(2688K)
[316.007s][info][gc             ] GC(463) Pause Young (Allocation Failure) 317M->238M(494M) 237.640ms
[316.007s][info][gc,cpu         ] GC(463) User=0.23s Sys=0.00s Real=0.23s
[316.137s][info][gc,start       ] GC(464) Pause Young (Allocation Failure)
[316.371s][info][gc,heap        ] GC(464) DefNew: 157247K(157248K)->17472K(157248K) Eden: 139776K(139776K)->0K(139776K) From: 17471K(17472K)->17472K(17472K)
[316.371s][info][gc,heap        ] GC(464) Tenured: 226251K(349568K)->284531K(349568K)
[316.371s][info][gc,metaspace   ] GC(464) Metaspace: 16691K(17344K)->16691K(17344K) NonClass: 14271K(14656K)->14271K(14656K) Class: 2420K(2688K)->2420K(2688K)
[316.371s][info][gc             ] GC(464) Pause Young (Allocation Failure) 374M->294M(494M) 233.444ms
[316.371s][info][gc,cpu         ] GC(464) User=0.25s Sys=0.00s Real=0.24s
[316.504s][info][gc,start       ] GC(465) Pause Young (Allocation Failure)
[316.505s][info][gc             ] GC(465) Pause Young (Allocation Failure) 431M->431M(494M) 0.214ms
[316.505s][info][gc,cpu         ] GC(465) User=0.00s Sys=0.00s Real=0.00s
[316.505s][info][gc,start       ] GC(466) Pause Full (Allocation Failure)
[316.505s][info][gc,phases,start] GC(466) Phase 1: Mark live objects
[317.058s][info][gc,phases      ] GC(466) Phase 1: Mark live objects 553.242ms
[317.058s][info][gc,phases,start] GC(466) Phase 2: Compute new object addresses
[317.208s][info][gc,phases      ] GC(466) Phase 2: Compute new object addresses 149.676ms
[317.208s][info][gc,phases,start] GC(466) Phase 3: Adjust pointers
[317.490s][info][gc,phases      ] GC(466) Phase 3: Adjust pointers 281.853ms
[317.490s][info][gc,phases,start] GC(466) Phase 4: Move objects
[317.529s][info][gc,phases      ] GC(466) Phase 4: Move objects 38.886ms
[317.529s][info][gc,heap        ] GC(466) DefNew: 157248K(157248K)->10666K(157248K) Eden: 139776K(139776K)->10666K(139776K) From: 17472K(17472K)->0K(17472K)
[317.529s][info][gc,heap        ] GC(466) Tenured: 284531K(349568K)->349567K(349568K)
[317.529s][info][gc,metaspace   ] GC(466) Metaspace: 16691K(17344K)->16691K(17344K) NonClass: 14271K(14656K)->14271K(14656K) Class: 2420K(2688K)->2420K(2688K)
[317.529s][info][gc             ] GC(466) Pause Full (Allocation Failure) 431M->351M(494M) 1024.353ms
[317.529s][info][gc,cpu         ] GC(466) User=1.03s Sys=0.00s Real=1.03s
[317.721s][info][gc,start       ] GC(467) Pause Full (Allocation Failure)
[317.722s][info][gc,phases,start] GC(467) Phase 1: Mark live objects
[318.343s][info][gc,phases      ] GC(467) Phase 1: Mark live objects 620.934ms
[318.343s][info][gc,phases,start] GC(467) Phase 2: Compute new object addresses
[318.529s][info][gc,phases      ] GC(467) Phase 2: Compute new object addresses 185.883ms
[318.529s][info][gc,phases,start] GC(467) Phase 3: Adjust pointers
[318.847s][info][gc,phases      ] GC(467) Phase 3: Adjust pointers 318.555ms
[318.847s][info][gc,phases,start] GC(467) Phase 4: Move objects
[318.883s][info][gc,phases      ] GC(467) Phase 4: Move objects 35.930ms
[318.884s][info][gc,heap        ] GC(467) DefNew: 157247K(157248K)->71897K(157248K) Eden: 139776K(139776K)->71897K(139776K) From: 17471K(17472K)->0K(17472K)
[318.884s][info][gc,heap        ] GC(467) Tenured: 349567K(349568K)->349567K(349568K)
[318.884s][info][gc,metaspace   ] GC(467) Metaspace: 16691K(17344K)->16691K(17344K) NonClass: 14271K(14656K)->14271K(14656K) Class: 2420K(2688K)->2420K(2688K)
[318.884s][info][gc             ] GC(467) Pause Full (Allocation Failure) 494M->411M(494M) 1162.148ms
[318.884s][info][gc,cpu         ] GC(467) User=1.17s Sys=0.00s Real=1.17s
[319.018s][info][gc,start       ] GC(468) Pause Full (Allocation Failure)
[319.019s][info][gc,phases,start] GC(468) Phase 1: Mark live objects
[319.679s][info][gc,phases      ] GC(468) Phase 1: Mark live objects 659.979ms
[319.679s][info][gc,phases,start] GC(468) Phase 2: Compute new object addresses
[319.856s][info][gc,phases      ] GC(468) Phase 2: Compute new object addresses 177.333ms
[319.856s][info][gc,phases,start] GC(468) Phase 3: Adjust pointers
[320.204s][info][gc,phases      ] GC(468) Phase 3: Adjust pointers 348.209ms
[320.204s][info][gc,phases,start] GC(468) Phase 4: Move objects
[320.357s][info][gc,phases      ] GC(468) Phase 4: Move objects 152.455ms
[320.357s][info][gc,heap        ] GC(468) DefNew: 155293K(157248K)->91633K(157248K) Eden: 139776K(139776K)->91633K(139776K) From: 15517K(17472K)->0K(17472K)
[320.357s][info][gc,heap        ] GC(468) Tenured: 349567K(349568K)->349567K(349568K)
[320.357s][info][gc,metaspace   ] GC(468) Metaspace: 16691K(17344K)->16691K(17344K) NonClass: 14271K(14656K)->14271K(14656K) Class: 2420K(2688K)->2420K(2688K)
[320.357s][info][gc             ] GC(468) Pause Full (Allocation Failure) 493M->430M(494M) 1339.018ms
[320.357s][info][gc,cpu         ] GC(468) User=1.33s Sys=0.00s Real=1.33s
[320.647s][info][gc,start       ] GC(469) Pause Full (Allocation Failure)
[320.648s][info][gc,phases,start] GC(469) Phase 1: Mark live objects
[321.274s][info][gc,phases      ] GC(469) Phase 1: Mark live objects 626.767ms
[321.274s][info][gc,phases,start] GC(469) Phase 2: Compute new object addresses
[321.464s][info][gc,phases      ] GC(469) Phase 2: Compute new object addresses 189.939ms
[321.464s][info][gc,phases,start] GC(469) Phase 3: Adjust pointers
[321.833s][info][gc,phases      ] GC(469) Phase 3: Adjust pointers 368.502ms
[321.833s][info][gc,phases,start] GC(469) Phase 4: Move objects
[321.886s][info][gc,phases      ] GC(469) Phase 4: Move objects 52.624ms
[321.886s][info][gc,heap        ] GC(469) DefNew: 157248K(157248K)->138050K(157248K) Eden: 139776K(139776K)->138050K(139776K) From: 17472K(17472K)->0K(17472K)
[321.886s][info][gc,heap        ] GC(469) Tenured: 349567K(349568K)->349567K(349568K)
[321.886s][info][gc,metaspace   ] GC(469) Metaspace: 16691K(17344K)->16691K(17344K) NonClass: 14271K(14656K)->14271K(14656K) Class: 2420K(2688K)->2420K(2688K)
[321.886s][info][gc             ] GC(469) Pause Full (Allocation Failure) 494M->476M(494M) 1238.625ms
[321.886s][info][gc,cpu         ] GC(469) User=1.25s Sys=0.00s Real=1.24s
[322.212s][info][gc,start       ] GC(470) Pause Full (Allocation Failure)
[322.212s][info][gc,phases,start] GC(470) Phase 1: Mark live objects
[322.832s][info][gc,phases      ] GC(470) Phase 1: Mark live objects 619.936ms
[322.832s][info][gc,phases,start] GC(470) Phase 2: Compute new object addresses
[323.022s][info][gc,phases      ] GC(470) Phase 2: Compute new object addresses 189.820ms
[323.022s][info][gc,phases,start] GC(470) Phase 3: Adjust pointers
[323.382s][info][gc,phases      ] GC(470) Phase 3: Adjust pointers 359.892ms
[323.382s][info][gc,phases,start] GC(470) Phase 4: Move objects
[323.431s][info][gc,phases      ] GC(470) Phase 4: Move objects 49.083ms
[323.432s][info][gc,heap        ] GC(470) DefNew: 157247K(157248K)->135201K(157248K) Eden: 139776K(139776K)->135201K(139776K) From: 17471K(17472K)->0K(17472K)
[323.432s][info][gc,heap        ] GC(470) Tenured: 349567K(349568K)->349567K(349568K)
[323.432s][info][gc,metaspace   ] GC(470) Metaspace: 16691K(17344K)->16691K(17344K) NonClass: 14271K(14656K)->14271K(14656K) Class: 2420K(2688K)->2420K(2688K)
[323.432s][info][gc             ] GC(470) Pause Full (Allocation Failure) 494M->473M(494M) 1219.678ms
[323.432s][info][gc,cpu         ] GC(470) User=1.23s Sys=0.00s Real=1.23s
[323.528s][info][gc,start       ] GC(471) Pause Full (Allocation Failure)
[323.528s][info][gc,phases,start] GC(471) Phase 1: Mark live objects
[324.146s][info][gc,phases      ] GC(471) Phase 1: Mark live objects 618.360ms
[324.146s][info][gc,phases,start] GC(471) Phase 2: Compute new object addresses
[324.336s][info][gc,phases      ] GC(471) Phase 2: Compute new object addresses 189.629ms
[324.336s][info][gc,phases,start] GC(471) Phase 3: Adjust pointers
[324.675s][info][gc,phases      ] GC(471) Phase 3: Adjust pointers 338.973ms
[324.675s][info][gc,phases,start] GC(471) Phase 4: Move objects
[324.725s][info][gc,phases      ] GC(471) Phase 4: Move objects 50.037ms
[324.726s][info][gc,heap        ] GC(471) DefNew: 157247K(157248K)->133607K(157248K) Eden: 139776K(139776K)->133607K(139776K) From: 17471K(17472K)->0K(17472K)
[324.726s][info][gc,heap        ] GC(471) Tenured: 349567K(349568K)->349567K(349568K)
[324.726s][info][gc,metaspace   ] GC(471) Metaspace: 16691K(17344K)->16691K(17344K) NonClass: 14271K(14656K)->14271K(14656K) Class: 2420K(2688K)->2420K(2688K)
[324.726s][info][gc             ] GC(471) Pause Full (Allocation Failure) 494M->471M(494M) 1197.734ms
[324.726s][info][gc,cpu         ] GC(471) User=1.19s Sys=0.00s Real=1.18s
[324.822s][info][gc,start       ] GC(472) Pause Full (Allocation Failure)
[324.822s][info][gc,phases,start] GC(472) Phase 1: Mark live objects
[325.432s][info][gc,phases      ] GC(472) Phase 1: Mark live objects 610.284ms
[325.432s][info][gc,phases,start] GC(472) Phase 2: Compute new object addresses
[325.621s][info][gc,phases      ] GC(472) Phase 2: Compute new object addresses 188.818ms
[325.621s][info][gc,phases,start] GC(472) Phase 3: Adjust pointers
[326.003s][info][gc,phases      ] GC(472) Phase 3: Adjust pointers 381.711ms
[326.003s][info][gc,phases,start] GC(472) Phase 4: Move objects
[326.155s][info][gc,phases      ] GC(472) Phase 4: Move objects 152.591ms
[326.156s][info][gc,heap        ] GC(472) DefNew: 157247K(157248K)->124487K(157248K) Eden: 139776K(139776K)->124487K(139776K) From: 17471K(17472K)->0K(17472K)
[326.156s][info][gc,heap        ] GC(472) Tenured: 349567K(349568K)->349567K(349568K)
[326.156s][info][gc,metaspace   ] GC(472) Metaspace: 16691K(17344K)->16691K(17344K) NonClass: 14271K(14656K)->14271K(14656K) Class: 2420K(2688K)->2420K(2688K)
[326.156s][info][gc             ] GC(472) Pause Full (Allocation Failure) 494M->462M(494M) 1334.135ms
[326.156s][info][gc,cpu         ] GC(472) User=1.33s Sys=0.00s Real=1.33s
[326.270s][info][gc,start       ] GC(473) Pause Full (Allocation Failure)
[326.270s][info][gc,phases,start] GC(473) Phase 1: Mark live objects
[326.851s][info][gc,phases      ] GC(473) Phase 1: Mark live objects 580.935ms
[326.851s][info][gc,phases,start] GC(473) Phase 2: Compute new object addresses
[327.055s][info][gc,phases      ] GC(473) Phase 2: Compute new object addresses 203.446ms
[327.055s][info][gc,phases,start] GC(473) Phase 3: Adjust pointers
[327.378s][info][gc,phases      ] GC(473) Phase 3: Adjust pointers 323.112ms
[327.378s][info][gc,phases,start] GC(473) Phase 4: Move objects
[327.434s][info][gc,phases      ] GC(473) Phase 4: Move objects 56.208ms
[327.435s][info][gc,heap        ] GC(473) DefNew: 157248K(157248K)->122022K(157248K) Eden: 139776K(139776K)->122022K(139776K) From: 17472K(17472K)->0K(17472K)
[327.435s][info][gc,heap        ] GC(473) Tenured: 349567K(349568K)->349567K(349568K)
[327.435s][info][gc,metaspace   ] GC(473) Metaspace: 16691K(17344K)->16691K(17344K) NonClass: 14271K(14656K)->14271K(14656K) Class: 2420K(2688K)->2420K(2688K)
[327.435s][info][gc             ] GC(473) Pause Full (Allocation Failure) 494M->460M(494M) 1164.774ms
[327.435s][info][gc,cpu         ] GC(473) User=1.17s Sys=0.00s Real=1.17s
[327.553s][info][gc,start       ] GC(474) Pause Full (Allocation Failure)
[327.553s][info][gc,phases,start] GC(474) Phase 1: Mark live objects
[328.113s][info][gc,phases      ] GC(474) Phase 1: Mark live objects 559.482ms
[328.113s][info][gc,phases,start] GC(474) Phase 2: Compute new object addresses
[328.303s][info][gc,phases      ] GC(474) Phase 2: Compute new object addresses 189.776ms
[328.303s][info][gc,phases,start] GC(474) Phase 3: Adjust pointers
[328.632s][info][gc,phases      ] GC(474) Phase 3: Adjust pointers 329.090ms
[328.634s][info][gc,phases,start] GC(474) Phase 4: Move objects
[328.680s][info][gc,phases      ] GC(474) Phase 4: Move objects 45.836ms
[328.681s][info][gc,heap        ] GC(474) DefNew: 157247K(157248K)->119295K(157248K) Eden: 139776K(139776K)->119295K(139776K) From: 17471K(17472K)->0K(17472K)
[328.681s][info][gc,heap        ] GC(474) Tenured: 349567K(349568K)->349567K(349568K)
[328.681s][info][gc,metaspace   ] GC(474) Metaspace: 16691K(17344K)->16691K(17344K) NonClass: 14271K(14656K)->14271K(14656K) Class: 2420K(2688K)->2420K(2688K)
[328.681s][info][gc             ] GC(474) Pause Full (Allocation Failure) 494M->457M(494M) 1127.324ms
[328.681s][info][gc,cpu         ] GC(474) User=1.11s Sys=0.00s Real=1.12s
[328.803s][info][gc,start       ] GC(475) Pause Full (Allocation Failure)
[328.803s][info][gc,phases,start] GC(475) Phase 1: Mark live objects
[329.362s][info][gc,phases      ] GC(475) Phase 1: Mark live objects 558.195ms
[329.362s][info][gc,phases,start] GC(475) Phase 2: Compute new object addresses
[329.565s][info][gc,phases      ] GC(475) Phase 2: Compute new object addresses 203.728ms
[329.565s][info][gc,phases,start] GC(475) Phase 3: Adjust pointers
[329.864s][info][gc,phases      ] GC(475) Phase 3: Adjust pointers 298.753ms
[329.864s][info][gc,phases,start] GC(475) Phase 4: Move objects
[329.907s][info][gc,phases      ] GC(475) Phase 4: Move objects 42.944ms
[329.908s][info][gc,heap        ] GC(475) DefNew: 157247K(157248K)->116271K(157248K) Eden: 139776K(139776K)->116271K(139776K) From: 17471K(17472K)->0K(17472K)
[329.908s][info][gc,heap        ] GC(475) Tenured: 349567K(349568K)->349567K(349568K)
[329.908s][info][gc,metaspace   ] GC(475) Metaspace: 16691K(17344K)->16691K(17344K) NonClass: 14271K(14656K)->14271K(14656K) Class: 2420K(2688K)->2420K(2688K)
[329.908s][info][gc             ] GC(475) Pause Full (Allocation Failure) 494M->454M(494M) 1104.366ms
[329.908s][info][gc,cpu         ] GC(475) User=1.11s Sys=0.00s Real=1.11s
[330.034s][info][gc,start       ] GC(476) Pause Full (Allocation Failure)
[330.034s][info][gc,phases,start] GC(476) Phase 1: Mark live objects
[330.582s][info][gc,phases      ] GC(476) Phase 1: Mark live objects 548.082ms
[330.582s][info][gc,phases,start] GC(476) Phase 2: Compute new object addresses
[330.797s][info][gc,phases      ] GC(476) Phase 2: Compute new object addresses 214.372ms
[330.797s][info][gc,phases,start] GC(476) Phase 3: Adjust pointers
[331.105s][info][gc,phases      ] GC(476) Phase 3: Adjust pointers 308.558ms
[331.105s][info][gc,phases,start] GC(476) Phase 4: Move objects
[331.253s][info][gc,phases      ] GC(476) Phase 4: Move objects 147.350ms
[331.253s][info][gc,heap        ] GC(476) DefNew: 157247K(157248K)->99865K(157248K) Eden: 139776K(139776K)->99865K(139776K) From: 17471K(17472K)->0K(17472K)
[331.253s][info][gc,heap        ] GC(476) Tenured: 349567K(349568K)->349568K(349568K)
[331.253s][info][gc,metaspace   ] GC(476) Metaspace: 16691K(17344K)->16691K(17344K) NonClass: 14271K(14656K)->14271K(14656K) Class: 2420K(2688K)->2420K(2688K)
[331.253s][info][gc             ] GC(476) Pause Full (Allocation Failure) 494M->438M(494M) 1219.130ms
[331.253s][info][gc,cpu         ] GC(476) User=1.20s Sys=0.00s Real=1.20s
[331.417s][info][gc,start       ] GC(477) Pause Full (Allocation Failure)
[331.417s][info][gc,phases,start] GC(477) Phase 1: Mark live objects
[331.940s][info][gc,phases      ] GC(477) Phase 1: Mark live objects 523.689ms
[331.940s][info][gc,phases,start] GC(477) Phase 2: Compute new object addresses
[332.122s][info][gc,phases      ] GC(477) Phase 2: Compute new object addresses 181.793ms
[332.122s][info][gc,phases,start] GC(477) Phase 3: Adjust pointers
[332.384s][info][gc,phases      ] GC(477) Phase 3: Adjust pointers 261.339ms
[332.384s][info][gc,phases,start] GC(477) Phase 4: Move objects
[332.424s][info][gc,phases      ] GC(477) Phase 4: Move objects 40.090ms
[332.424s][info][gc,heap        ] GC(477) DefNew: 157247K(157248K)->95123K(157248K) Eden: 139776K(139776K)->95123K(139776K) From: 17471K(17472K)->0K(17472K)
[332.424s][info][gc,heap        ] GC(477) Tenured: 349568K(349568K)->349568K(349568K)
[332.424s][info][gc,metaspace   ] GC(477) Metaspace: 16691K(17344K)->16691K(17344K) NonClass: 14271K(14656K)->14271K(14656K) Class: 2420K(2688K)->2420K(2688K)
[332.425s][info][gc             ] GC(477) Pause Full (Allocation Failure) 494M->434M(494M) 1007.952ms
[332.425s][info][gc,cpu         ] GC(477) User=1.02s Sys=0.00s Real=1.02s
[332.580s][info][gc,start       ] GC(478) Pause Full (Allocation Failure)
[332.580s][info][gc,phases,start] GC(478) Phase 1: Mark live objects
[333.057s][info][gc,phases      ] GC(478) Phase 1: Mark live objects 476.881ms
[333.057s][info][gc,phases,start] GC(478) Phase 2: Compute new object addresses
[333.238s][info][gc,phases      ] GC(478) Phase 2: Compute new object addresses 180.508ms
[333.238s][info][gc,phases,start] GC(478) Phase 3: Adjust pointers
[333.508s][info][gc,phases      ] GC(478) Phase 3: Adjust pointers 270.512ms
[333.509s][info][gc,phases,start] GC(478) Phase 4: Move objects
[333.542s][info][gc,phases      ] GC(478) Phase 4: Move objects 33.091ms
[333.542s][info][gc,heap        ] GC(478) DefNew: 157248K(157248K)->89854K(157248K) Eden: 139776K(139776K)->89854K(139776K) From: 17472K(17472K)->0K(17472K)
[333.542s][info][gc,heap        ] GC(478) Tenured: 349568K(349568K)->349568K(349568K)
[333.542s][info][gc,metaspace   ] GC(478) Metaspace: 16691K(17344K)->16691K(17344K) NonClass: 14271K(14656K)->14271K(14656K) Class: 2420K(2688K)->2420K(2688K)
[333.542s][info][gc             ] GC(478) Pause Full (Allocation Failure) 494M->429M(494M) 961.784ms
[333.542s][info][gc,cpu         ] GC(478) User=0.97s Sys=0.00s Real=0.96s
[333.688s][info][gc,start       ] GC(479) Pause Full (Allocation Failure)
[333.688s][info][gc,phases,start] GC(479) Phase 1: Mark live objects
[334.167s][info][gc,phases      ] GC(479) Phase 1: Mark live objects 479.359ms
[334.167s][info][gc,phases,start] GC(479) Phase 2: Compute new object addresses
[334.342s][info][gc,phases      ] GC(479) Phase 2: Compute new object addresses 174.473ms
[334.342s][info][gc,phases,start] GC(479) Phase 3: Adjust pointers
[334.586s][info][gc,phases      ] GC(479) Phase 3: Adjust pointers 244.108ms
[334.586s][info][gc,phases,start] GC(479) Phase 4: Move objects
[334.618s][info][gc,phases      ] GC(479) Phase 4: Move objects 31.468ms
[334.618s][info][gc,heap        ] GC(479) DefNew: 157248K(157248K)->83996K(157248K) Eden: 139776K(139776K)->83996K(139776K) From: 17472K(17472K)->0K(17472K)
[334.618s][info][gc,heap        ] GC(479) Tenured: 349568K(349568K)->349568K(349568K)
[334.618s][info][gc,metaspace   ] GC(479) Metaspace: 16691K(17344K)->16691K(17344K) NonClass: 14271K(14656K)->14271K(14656K) Class: 2420K(2688K)->2420K(2688K)
[334.618s][info][gc             ] GC(479) Pause Full (Allocation Failure) 494M->423M(494M) 930.153ms
[334.618s][info][gc,cpu         ] GC(479) User=0.94s Sys=0.00s Real=0.93s
[334.757s][info][gc,start       ] GC(480) Pause Full (Allocation Failure)
[334.757s][info][gc,phases,start] GC(480) Phase 1: Mark live objects
[335.184s][info][gc,phases      ] GC(480) Phase 1: Mark live objects 426.849ms
[335.184s][info][gc,phases,start] GC(480) Phase 2: Compute new object addresses
[335.352s][info][gc,phases      ] GC(480) Phase 2: Compute new object addresses 167.685ms
[335.352s][info][gc,phases,start] GC(480) Phase 3: Adjust pointers
[335.614s][info][gc,phases      ] GC(480) Phase 3: Adjust pointers 261.956ms
[335.614s][info][gc,phases,start] GC(480) Phase 4: Move objects
[335.716s][info][gc,phases      ] GC(480) Phase 4: Move objects 102.652ms
[335.717s][info][gc,heap        ] GC(480) DefNew: 157247K(157248K)->56258K(157248K) Eden: 139776K(139776K)->56258K(139776K) From: 17471K(17472K)->0K(17472K)
[335.717s][info][gc,heap        ] GC(480) Tenured: 349568K(349568K)->349567K(349568K)
[335.717s][info][gc,metaspace   ] GC(480) Metaspace: 16691K(17344K)->16691K(17344K) NonClass: 14271K(14656K)->14271K(14656K) Class: 2420K(2688K)->2420K(2688K)
[335.717s][info][gc             ] GC(480) Pause Full (Allocation Failure) 494M->396M(494M) 959.913ms
[335.717s][info][gc,cpu         ] GC(480) User=0.95s Sys=0.00s Real=0.95s
[336.232s][info][gc,start       ] GC(481) Pause Full (Allocation Failure)
[336.232s][info][gc,phases,start] GC(481) Phase 1: Mark live objects
[336.263s][info][gc,phases      ] GC(481) Phase 1: Mark live objects 31.509ms
[336.263s][info][gc,phases,start] GC(481) Phase 2: Compute new object addresses
[336.401s][info][gc,phases      ] GC(481) Phase 2: Compute new object addresses 137.548ms
[336.401s][info][gc,phases,start] GC(481) Phase 3: Adjust pointers
[336.413s][info][gc,phases      ] GC(481) Phase 3: Adjust pointers 11.865ms
[336.413s][info][gc,phases,start] GC(481) Phase 4: Move objects
[336.414s][info][gc,phases      ] GC(481) Phase 4: Move objects 0.989ms
[336.414s][info][gc,heap        ] GC(481) DefNew: 157247K(157248K)->0K(157248K) Eden: 139776K(139776K)->0K(139776K) From: 17471K(17472K)->0K(17472K)
[336.414s][info][gc,heap        ] GC(481) Tenured: 349567K(349568K)->28370K(349568K)
[336.414s][info][gc,metaspace   ] GC(481) Metaspace: 16691K(17344K)->16691K(17344K) NonClass: 14271K(14656K)->14271K(14656K) Class: 2420K(2688K)->2420K(2688K)
[336.414s][info][gc             ] GC(481) Pause Full (Allocation Failure) 494M->27M(494M) 182.497ms
[336.414s][info][gc,cpu         ] GC(481) User=0.17s Sys=0.00s Real=0.17s
[337.644s][info][gc,start       ] GC(482) Pause Full (System.gc())
[337.644s][info][gc,phases,start] GC(482) Phase 1: Mark live objects
[337.673s][info][gc,phases      ] GC(482) Phase 1: Mark live objects 28.817ms
[337.673s][info][gc,phases,start] GC(482) Phase 2: Compute new object addresses
[337.714s][info][gc,phases      ] GC(482) Phase 2: Compute new object addresses 40.483ms
[337.714s][info][gc,phases,start] GC(482) Phase 3: Adjust pointers
[337.725s][info][gc,phases      ] GC(482) Phase 3: Adjust pointers 11.448ms
[337.725s][info][gc,phases,start] GC(482) Phase 4: Move objects
[337.725s][info][gc,phases      ] GC(482) Phase 4: Move objects 0.012ms
[337.725s][info][gc,heap        ] GC(482) DefNew: 77541K(157248K)->0K(157248K) Eden: 77541K(139776K)->0K(139776K) From: 0K(17472K)->0K(17472K)
[337.725s][info][gc,heap        ] GC(482) Tenured: 28370K(349568K)->28371K(349568K)
[337.725s][info][gc,metaspace   ] GC(482) Metaspace: 16691K(17344K)->16691K(17344K) NonClass: 14271K(14656K)->14271K(14656K) Class: 2420K(2688K)->2420K(2688K)
[337.725s][info][gc             ] GC(482) Pause Full (System.gc()) 103M->27M(494M) 81.247ms
[337.725s][info][gc,cpu         ] GC(482) User=0.08s Sys=0.00s Real=0.08s
[339.453s][info][gc,start       ] GC(483) Pause Young (Allocation Failure)
[339.460s][info][gc,heap        ] GC(483) DefNew: 139776K(157248K)->1521K(157248K) Eden: 139776K(139776K)->0K(139776K) From: 0K(17472K)->1521K(17472K)
[339.460s][info][gc,heap        ] GC(483) Tenured: 28371K(349568K)->28371K(349568K)
[339.460s][info][gc,metaspace   ] GC(483) Metaspace: 16697K(17344K)->16697K(17344K) NonClass: 14277K(14656K)->14277K(14656K) Class: 2420K(2688K)->2420K(2688K)
[339.460s][info][gc             ] GC(483) Pause Young (Allocation Failure) 164M->29M(494M) 7.680ms
[339.460s][info][gc,cpu         ] GC(483) User=0.02s Sys=0.00s Real=0.01s
[339.482s][info][gc,start       ] GC(484) Pause Young (Allocation Failure)
[339.487s][info][gc,heap        ] GC(484) DefNew: 141297K(157248K)->1463K(157248K) Eden: 139776K(139776K)->0K(139776K) From: 1521K(17472K)->1463K(17472K)
[339.487s][info][gc,heap        ] GC(484) Tenured: 28371K(349568K)->28371K(349568K)
[339.487s][info][gc,metaspace   ] GC(484) Metaspace: 16697K(17344K)->16697K(17344K) NonClass: 14277K(14656K)->14277K(14656K) Class: 2420K(2688K)->2420K(2688K)
[339.488s][info][gc             ] GC(484) Pause Young (Allocation Failure) 165M->29M(494M) 5.250ms
[339.488s][info][gc,cpu         ] GC(484) User=0.02s Sys=0.00s Real=0.02s
[339.504s][info][gc,start       ] GC(485) Pause Young (Allocation Failure)
[339.509s][info][gc,heap        ] GC(485) DefNew: 141239K(157248K)->1435K(157248K) Eden: 139776K(139776K)->0K(139776K) From: 1463K(17472K)->1435K(17472K)
[339.509s][info][gc,heap        ] GC(485) Tenured: 28371K(349568K)->28371K(349568K)
[339.509s][info][gc,metaspace   ] GC(485) Metaspace: 16697K(17344K)->16697K(17344K) NonClass: 14277K(14656K)->14277K(14656K) Class: 2420K(2688K)->2420K(2688K)
[339.509s][info][gc             ] GC(485) Pause Young (Allocation Failure) 165M->29M(494M) 4.210ms
[339.509s][info][gc,cpu         ] GC(485) User=0.00s Sys=0.00s Real=0.00s
[339.524s][info][gc,start       ] GC(486) Pause Young (Allocation Failure)
[339.528s][info][gc,heap        ] GC(486) DefNew: 141211K(157248K)->1406K(157248K) Eden: 139776K(139776K)->0K(139776K) From: 1435K(17472K)->1406K(17472K)
[339.528s][info][gc,heap        ] GC(486) Tenured: 28371K(349568K)->28371K(349568K)
[339.528s][info][gc,metaspace   ] GC(486) Metaspace: 16697K(17344K)->16697K(17344K) NonClass: 14277K(14656K)->14277K(14656K) Class: 2420K(2688K)->2420K(2688K)
[339.528s][info][gc             ] GC(486) Pause Young (Allocation Failure) 165M->29M(494M) 4.067ms
[339.528s][info][gc,cpu         ] GC(486) User=0.02s Sys=0.00s Real=0.02s
[339.543s][info][gc,start       ] GC(487) Pause Young (Allocation Failure)
[339.547s][info][gc,heap        ] GC(487) DefNew: 141182K(157248K)->1431K(157248K) Eden: 139776K(139776K)->0K(139776K) From: 1406K(17472K)->1431K(17472K)
[339.547s][info][gc,heap        ] GC(487) Tenured: 28371K(349568K)->28371K(349568K)
[339.547s][info][gc,metaspace   ] GC(487) Metaspace: 16697K(17344K)->16697K(17344K) NonClass: 14277K(14656K)->14277K(14656K) Class: 2420K(2688K)->2420K(2688K)
[339.547s][info][gc             ] GC(487) Pause Young (Allocation Failure) 165M->29M(494M) 4.282ms
[339.547s][info][gc,cpu         ] GC(487) User=0.02s Sys=0.00s Real=0.02s
[339.562s][info][gc,start       ] GC(488) Pause Young (Allocation Failure)
[339.566s][info][gc,heap        ] GC(488) DefNew: 141207K(157248K)->1410K(157248K) Eden: 139776K(139776K)->0K(139776K) From: 1431K(17472K)->1410K(17472K)
[339.566s][info][gc,heap        ] GC(488) Tenured: 28371K(349568K)->28371K(349568K)
[339.566s][info][gc,metaspace   ] GC(488) Metaspace: 16697K(17344K)->16697K(17344K) NonClass: 14277K(14656K)->14277K(14656K) Class: 2420K(2688K)->2420K(2688K)
[339.566s][info][gc             ] GC(488) Pause Young (Allocation Failure) 165M->29M(494M) 4.098ms
[339.566s][info][gc,cpu         ] GC(488) User=0.02s Sys=0.00s Real=0.02s
[339.582s][info][gc,start       ] GC(489) Pause Young (Allocation Failure)
[339.586s][info][gc,heap        ] GC(489) DefNew: 141186K(157248K)->1440K(157248K) Eden: 139776K(139776K)->0K(139776K) From: 1410K(17472K)->1440K(17472K)
[339.586s][info][gc,heap        ] GC(489) Tenured: 28371K(349568K)->28371K(349568K)
[339.586s][info][gc,metaspace   ] GC(489) Metaspace: 16697K(17344K)->16697K(17344K) NonClass: 14277K(14656K)->14277K(14656K) Class: 2420K(2688K)->2420K(2688K)
[339.586s][info][gc             ] GC(489) Pause Young (Allocation Failure) 165M->29M(494M) 4.097ms
[339.586s][info][gc,cpu         ] GC(489) User=0.02s Sys=0.00s Real=0.02s
[339.601s][info][gc,start       ] GC(490) Pause Young (Allocation Failure)
[339.605s][info][gc,heap        ] GC(490) DefNew: 141216K(157248K)->1402K(157248K) Eden: 139776K(139776K)->0K(139776K) From: 1440K(17472K)->1402K(17472K)
[339.605s][info][gc,heap        ] GC(490) Tenured: 28371K(349568K)->28371K(349568K)
[339.605s][info][gc,metaspace   ] GC(490) Metaspace: 16697K(17344K)->16697K(17344K) NonClass: 14277K(14656K)->14277K(14656K) Class: 2420K(2688K)->2420K(2688K)
[339.605s][info][gc             ] GC(490) Pause Young (Allocation Failure) 165M->29M(494M) 4.084ms
[339.606s][info][gc,cpu         ] GC(490) User=0.02s Sys=0.00s Real=0.02s
[339.621s][info][gc,start       ] GC(491) Pause Young (Allocation Failure)
[339.625s][info][gc,heap        ] GC(491) DefNew: 141178K(157248K)->1420K(157248K) Eden: 139776K(139776K)->0K(139776K) From: 1402K(17472K)->1420K(17472K)
[339.625s][info][gc,heap        ] GC(491) Tenured: 28371K(349568K)->28371K(349568K)
[339.625s][info][gc,metaspace   ] GC(491) Metaspace: 16697K(17344K)->16697K(17344K) NonClass: 14277K(14656K)->14277K(14656K) Class: 2420K(2688K)->2420K(2688K)
[339.625s][info][gc             ] GC(491) Pause Young (Allocation Failure) 165M->29M(494M) 4.106ms
[339.625s][info][gc,cpu         ] GC(491) User=0.00s Sys=0.00s Real=0.00s
[339.640s][info][gc,start       ] GC(492) Pause Young (Allocation Failure)
[339.644s][info][gc,heap        ] GC(492) DefNew: 141196K(157248K)->1442K(157248K) Eden: 139776K(139776K)->0K(139776K) From: 1420K(17472K)->1442K(17472K)
[339.644s][info][gc,heap        ] GC(492) Tenured: 28371K(349568K)->28371K(349568K)
[339.644s][info][gc,metaspace   ] GC(492) Metaspace: 16697K(17344K)->16697K(17344K) NonClass: 14277K(14656K)->14277K(14656K) Class: 2420K(2688K)->2420K(2688K)
[339.644s][info][gc             ] GC(492) Pause Young (Allocation Failure) 165M->29M(494M) 4.140ms
[339.644s][info][gc,cpu         ] GC(492) User=0.02s Sys=0.00s Real=0.02s
[339.659s][info][gc,start       ] GC(493) Pause Young (Allocation Failure)
[339.664s][info][gc,heap        ] GC(493) DefNew: 141218K(157248K)->1430K(157248K) Eden: 139776K(139776K)->0K(139776K) From: 1442K(17472K)->1430K(17472K)
[339.664s][info][gc,heap        ] GC(493) Tenured: 28371K(349568K)->28371K(349568K)
[339.664s][info][gc,metaspace   ] GC(493) Metaspace: 16697K(17344K)->16697K(17344K) NonClass: 14277K(14656K)->14277K(14656K) Class: 2420K(2688K)->2420K(2688K)
[339.664s][info][gc             ] GC(493) Pause Young (Allocation Failure) 165M->29M(494M) 4.176ms
[339.664s][info][gc,cpu         ] GC(493) User=0.02s Sys=0.00s Real=0.01s
[339.679s][info][gc,start       ] GC(494) Pause Young (Allocation Failure)
[339.683s][info][gc,heap        ] GC(494) DefNew: 141206K(157248K)->1304K(157248K) Eden: 139776K(139776K)->0K(139776K) From: 1430K(17472K)->1304K(17472K)
[339.697s][info][gc,heap        ] GC(494) Tenured: 28371K(349568K)->28371K(349568K)
[339.697s][info][gc,metaspace   ] GC(494) Metaspace: 16697K(17344K)->16697K(17344K) NonClass: 14277K(14656K)->14277K(14656K) Class: 2420K(2688K)->2420K(2688K)
[339.697s][info][gc             ] GC(494) Pause Young (Allocation Failure) 165M->28M(494M) 18.288ms
[339.697s][info][gc,cpu         ] GC(494) User=0.02s Sys=0.00s Real=0.03s
[339.714s][info][gc,start       ] GC(495) Pause Young (Allocation Failure)
[339.718s][info][gc,heap        ] GC(495) DefNew: 141080K(157248K)->1367K(157248K) Eden: 139776K(139776K)->0K(139776K) From: 1304K(17472K)->1367K(17472K)
[339.718s][info][gc,heap        ] GC(495) Tenured: 28371K(349568K)->28371K(349568K)
[339.718s][info][gc,metaspace   ] GC(495) Metaspace: 16697K(17344K)->16697K(17344K) NonClass: 14277K(14656K)->14277K(14656K) Class: 2420K(2688K)->2420K(2688K)
[339.718s][info][gc             ] GC(495) Pause Young (Allocation Failure) 165M->29M(494M) 4.022ms
[339.718s][info][gc,cpu         ] GC(495) User=0.00s Sys=0.00s Real=0.00s
[339.734s][info][gc,start       ] GC(496) Pause Young (Allocation Failure)
[339.738s][info][gc,heap        ] GC(496) DefNew: 141143K(157248K)->1364K(157248K) Eden: 139776K(139776K)->0K(139776K) From: 1367K(17472K)->1364K(17472K)
[339.738s][info][gc,heap        ] GC(496) Tenured: 28371K(349568K)->28371K(349568K)
[339.738s][info][gc,metaspace   ] GC(496) Metaspace: 16697K(17344K)->16697K(17344K) NonClass: 14277K(14656K)->14277K(14656K) Class: 2420K(2688K)->2420K(2688K)
[339.738s][info][gc             ] GC(496) Pause Young (Allocation Failure) 165M->29M(494M) 4.000ms
[339.738s][info][gc,cpu         ] GC(496) User=0.00s Sys=0.00s Real=0.00s
[339.753s][info][gc,start       ] GC(497) Pause Young (Allocation Failure)
[339.756s][info][gc,heap        ] GC(497) DefNew: 141140K(157248K)->1274K(157248K) Eden: 139776K(139776K)->0K(139776K) From: 1364K(17472K)->1274K(17472K)
[339.756s][info][gc,heap        ] GC(497) Tenured: 28371K(349568K)->28371K(349568K)
[339.756s][info][gc,metaspace   ] GC(497) Metaspace: 16697K(17344K)->16697K(17344K) NonClass: 14277K(14656K)->14277K(14656K) Class: 2420K(2688K)->2420K(2688K)
[339.756s][info][gc             ] GC(497) Pause Young (Allocation Failure) 165M->28M(494M) 3.807ms
[339.756s][info][gc,cpu         ] GC(497) User=0.02s Sys=0.00s Real=0.02s
[339.772s][info][gc,start       ] GC(498) Pause Young (Allocation Failure)
[339.776s][info][gc,heap        ] GC(498) DefNew: 141050K(157248K)->1141K(157248K) Eden: 139776K(139776K)->0K(139776K) From: 1274K(17472K)->1141K(17472K)
[339.776s][info][gc,heap        ] GC(498) Tenured: 28371K(349568K)->28437K(349568K)
[339.776s][info][gc,metaspace   ] GC(498) Metaspace: 16697K(17344K)->16697K(17344K) NonClass: 14277K(14656K)->14277K(14656K) Class: 2420K(2688K)->2420K(2688K)
[339.776s][info][gc             ] GC(498) Pause Young (Allocation Failure) 165M->28M(494M) 3.684ms
[339.776s][info][gc,cpu         ] GC(498) User=0.02s Sys=0.00s Real=0.02s
[339.794s][info][gc,start       ] GC(499) Pause Young (Allocation Failure)
[339.798s][info][gc,heap        ] GC(499) DefNew: 140917K(157248K)->1189K(157248K) Eden: 139776K(139776K)->0K(139776K) From: 1141K(17472K)->1189K(17472K)
[339.798s][info][gc,heap        ] GC(499) Tenured: 28437K(349568K)->28437K(349568K)
[339.798s][info][gc,metaspace   ] GC(499) Metaspace: 16697K(17344K)->16697K(17344K) NonClass: 14277K(14656K)->14277K(14656K) Class: 2420K(2688K)->2420K(2688K)
[339.798s][info][gc             ] GC(499) Pause Young (Allocation Failure) 165M->28M(494M) 3.592ms
[339.798s][info][gc,cpu         ] GC(499) User=0.00s Sys=0.00s Real=0.00s
[339.816s][info][gc,start       ] GC(500) Pause Young (Allocation Failure)
[339.819s][info][gc,heap        ] GC(500) DefNew: 140965K(157248K)->1169K(157248K) Eden: 139776K(139776K)->0K(139776K) From: 1189K(17472K)->1169K(17472K)
[339.819s][info][gc,heap        ] GC(500) Tenured: 28437K(349568K)->28437K(349568K)
[339.819s][info][gc,metaspace   ] GC(500) Metaspace: 16697K(17344K)->16697K(17344K) NonClass: 14277K(14656K)->14277K(14656K) Class: 2420K(2688K)->2420K(2688K)
[339.819s][info][gc             ] GC(500) Pause Young (Allocation Failure) 165M->28M(494M) 3.610ms
[339.819s][info][gc,cpu         ] GC(500) User=0.00s Sys=0.00s Real=0.00s
[339.838s][info][gc,start       ] GC(501) Pause Young (Allocation Failure)
[339.842s][info][gc,heap        ] GC(501) DefNew: 140945K(157248K)->1183K(157248K) Eden: 139776K(139776K)->0K(139776K) From: 1169K(17472K)->1183K(17472K)
[339.842s][info][gc,heap        ] GC(501) Tenured: 28437K(349568K)->28437K(349568K)
[339.842s][info][gc,metaspace   ] GC(501) Metaspace: 16697K(17344K)->16697K(17344K) NonClass: 14277K(14656K)->14277K(14656K) Class: 2420K(2688K)->2420K(2688K)
[339.842s][info][gc             ] GC(501) Pause Young (Allocation Failure) 165M->28M(494M) 3.603ms
[339.842s][info][gc,cpu         ] GC(501) User=0.00s Sys=0.00s Real=0.00s
[339.860s][info][gc,start       ] GC(502) Pause Young (Allocation Failure)
[339.864s][info][gc,heap        ] GC(502) DefNew: 140959K(157248K)->1242K(157248K) Eden: 139776K(139776K)->0K(139776K) From: 1183K(17472K)->1242K(17472K)
[339.864s][info][gc,heap        ] GC(502) Tenured: 28437K(349568K)->28437K(349568K)
[339.864s][info][gc,metaspace   ] GC(502) Metaspace: 16697K(17344K)->16697K(17344K) NonClass: 14277K(14656K)->14277K(14656K) Class: 2420K(2688K)->2420K(2688K)
[339.864s][info][gc             ] GC(502) Pause Young (Allocation Failure) 165M->28M(494M) 3.808ms
[339.864s][info][gc,cpu         ] GC(502) User=0.00s Sys=0.00s Real=0.00s
[339.882s][info][gc,start       ] GC(503) Pause Young (Allocation Failure)
[339.886s][info][gc,heap        ] GC(503) DefNew: 141018K(157248K)->1269K(157248K) Eden: 139776K(139776K)->0K(139776K) From: 1242K(17472K)->1269K(17472K)
[339.886s][info][gc,heap        ] GC(503) Tenured: 28437K(349568K)->28437K(349568K)
[339.886s][info][gc,metaspace   ] GC(503) Metaspace: 16697K(17344K)->16697K(17344K) NonClass: 14277K(14656K)->14277K(14656K) Class: 2420K(2688K)->2420K(2688K)
[339.886s][info][gc             ] GC(503) Pause Young (Allocation Failure) 165M->29M(494M) 3.770ms
[339.886s][info][gc,cpu         ] GC(503) User=0.00s Sys=0.00s Real=0.00s
[339.904s][info][gc,start       ] GC(504) Pause Young (Allocation Failure)
[339.907s][info][gc,heap        ] GC(504) DefNew: 141045K(157248K)->1188K(157248K) Eden: 139776K(139776K)->0K(139776K) From: 1269K(17472K)->1188K(17472K)
[339.907s][info][gc,heap        ] GC(504) Tenured: 28437K(349568K)->28437K(349568K)
[339.907s][info][gc,metaspace   ] GC(504) Metaspace: 16697K(17344K)->16697K(17344K) NonClass: 14277K(14656K)->14277K(14656K) Class: 2420K(2688K)->2420K(2688K)
[339.907s][info][gc             ] GC(504) Pause Young (Allocation Failure) 165M->28M(494M) 3.577ms
[339.907s][info][gc,cpu         ] GC(504) User=0.00s Sys=0.00s Real=0.00s
[339.926s][info][gc,start       ] GC(505) Pause Young (Allocation Failure)
[339.929s][info][gc,heap        ] GC(505) DefNew: 140964K(157248K)->1087K(157248K) Eden: 139776K(139776K)->0K(139776K) From: 1188K(17472K)->1087K(17472K)
[339.929s][info][gc,heap        ] GC(505) Tenured: 28437K(349568K)->28437K(349568K)
[339.929s][info][gc,metaspace   ] GC(505) Metaspace: 16697K(17344K)->16697K(17344K) NonClass: 14277K(14656K)->14277K(14656K) Class: 2420K(2688K)->2420K(2688K)
[339.929s][info][gc             ] GC(505) Pause Young (Allocation Failure) 165M->28M(494M) 3.344ms
[339.929s][info][gc,cpu         ] GC(505) User=0.00s Sys=0.00s Real=0.00s
[339.948s][info][gc,start       ] GC(506) Pause Young (Allocation Failure)
[339.951s][info][gc,heap        ] GC(506) DefNew: 140863K(157248K)->777K(157248K) Eden: 139776K(139776K)->0K(139776K) From: 1087K(17472K)->777K(17472K)
[339.951s][info][gc,heap        ] GC(506) Tenured: 28437K(349568K)->28437K(349568K)
[339.951s][info][gc,metaspace   ] GC(506) Metaspace: 16697K(17344K)->16697K(17344K) NonClass: 14277K(14656K)->14277K(14656K) Class: 2420K(2688K)->2420K(2688K)
[339.951s][info][gc             ] GC(506) Pause Young (Allocation Failure) 165M->28M(494M) 2.716ms
[339.951s][info][gc,cpu         ] GC(506) User=0.00s Sys=0.00s Real=0.00s
[340.069s][info][gc,start       ] GC(507) Pause Young (Allocation Failure)
[340.309s][info][gc,heap        ] GC(507) DefNew: 140553K(157248K)->17471K(157248K) Eden: 139776K(139776K)->0K(139776K) From: 777K(17472K)->17471K(17472K)
[340.309s][info][gc,heap        ] GC(507) Tenured: 28437K(349568K)->91557K(349568K)
[340.309s][info][gc,metaspace   ] GC(507) Metaspace: 16697K(17344K)->16697K(17344K) NonClass: 14277K(14656K)->14277K(14656K) Class: 2420K(2688K)->2420K(2688K)
[340.309s][info][gc             ] GC(507) Pause Young (Allocation Failure) 165M->106M(494M) 239.623ms
[340.309s][info][gc,cpu         ] GC(507) User=0.23s Sys=0.00s Real=0.23s
[340.460s][info][gc,start       ] GC(508) Pause Young (Allocation Failure)
[340.830s][info][gc,heap        ] GC(508) DefNew: 157247K(157248K)->17471K(157248K) Eden: 139776K(139776K)->0K(139776K) From: 17471K(17472K)->17471K(17472K)
[340.830s][info][gc,heap        ] GC(508) Tenured: 91557K(349568K)->181274K(349568K)
[340.830s][info][gc,metaspace   ] GC(508) Metaspace: 16697K(17344K)->16697K(17344K) NonClass: 14277K(14656K)->14277K(14656K) Class: 2420K(2688K)->2420K(2688K)
[340.830s][info][gc             ] GC(508) Pause Young (Allocation Failure) 242M->194M(494M) 369.861ms
[340.830s][info][gc,cpu         ] GC(508) User=0.38s Sys=0.00s Real=0.38s
[340.988s][info][gc,start       ] GC(509) Pause Young (Allocation Failure)
[341.370s][info][gc,heap        ] GC(509) DefNew: 157247K(157248K)->17471K(157248K) Eden: 139776K(139776K)->0K(139776K) From: 17471K(17472K)->17471K(17472K)
[341.370s][info][gc,heap        ] GC(509) Tenured: 181274K(349568K)->272476K(349568K)
[341.370s][info][gc,metaspace   ] GC(509) Metaspace: 16697K(17344K)->16697K(17344K) NonClass: 14277K(14656K)->14277K(14656K) Class: 2420K(2688K)->2420K(2688K)
[341.370s][info][gc             ] GC(509) Pause Young (Allocation Failure) 330M->283M(494M) 381.959ms
[341.370s][info][gc,cpu         ] GC(509) User=0.39s Sys=0.00s Real=0.38s
[341.530s][info][gc,start       ] GC(510) Pause Young (Allocation Failure)
[341.530s][info][gc             ] GC(510) Pause Young (Allocation Failure) 419M->419M(494M) 0.196ms
[341.530s][info][gc,cpu         ] GC(510) User=0.00s Sys=0.00s Real=0.00s
[341.530s][info][gc,start       ] GC(511) Pause Full (Allocation Failure)
[341.531s][info][gc,phases,start] GC(511) Phase 1: Mark live objects
[342.114s][info][gc,phases      ] GC(511) Phase 1: Mark live objects 583.477ms
[342.114s][info][gc,phases,start] GC(511) Phase 2: Compute new object addresses
[342.275s][info][gc,phases      ] GC(511) Phase 2: Compute new object addresses 161.116ms
[342.275s][info][gc,phases,start] GC(511) Phase 3: Adjust pointers
[342.548s][info][gc,phases      ] GC(511) Phase 3: Adjust pointers 272.775ms
[342.548s][info][gc,phases,start] GC(511) Phase 4: Move objects
[342.595s][info][gc,phases      ] GC(511) Phase 4: Move objects 47.247ms
[342.602s][info][gc,heap        ] GC(511) DefNew: 157247K(157248K)->31087K(157248K) Eden: 139776K(139776K)->31087K(139776K) From: 17471K(17472K)->0K(17472K)
[342.602s][info][gc,heap        ] GC(511) Tenured: 272476K(349568K)->349567K(349568K)
[342.602s][info][gc,metaspace   ] GC(511) Metaspace: 16697K(17344K)->16697K(17344K) NonClass: 14277K(14656K)->14277K(14656K) Class: 2420K(2688K)->2420K(2688K)
[342.602s][info][gc             ] GC(511) Pause Full (Allocation Failure) 419M->371M(494M) 1071.337ms
[342.602s][info][gc,cpu         ] GC(511) User=1.06s Sys=0.00s Real=1.07s
[342.842s][info][gc,start       ] GC(512) Pause Full (Allocation Failure)
[342.843s][info][gc,phases,start] GC(512) Phase 1: Mark live objects
[343.522s][info][gc,phases      ] GC(512) Phase 1: Mark live objects 679.334ms
[343.522s][info][gc,phases,start] GC(512) Phase 2: Compute new object addresses
[343.756s][info][gc,phases      ] GC(512) Phase 2: Compute new object addresses 234.497ms
[343.757s][info][gc,phases,start] GC(512) Phase 3: Adjust pointers
[344.094s][info][gc,phases      ] GC(512) Phase 3: Adjust pointers 337.798ms
[344.094s][info][gc,phases,start] GC(512) Phase 4: Move objects
[344.267s][info][gc,phases      ] GC(512) Phase 4: Move objects 172.381ms
[344.273s][info][gc,heap        ] GC(512) DefNew: 157248K(157248K)->103277K(157248K) Eden: 139776K(139776K)->103277K(139776K) From: 17472K(17472K)->0K(17472K)
[344.273s][info][gc,heap        ] GC(512) Tenured: 349567K(349568K)->349567K(349568K)
[344.273s][info][gc,metaspace   ] GC(512) Metaspace: 16697K(17344K)->16697K(17344K) NonClass: 14277K(14656K)->14277K(14656K) Class: 2420K(2688K)->2420K(2688K)
[344.273s][info][gc             ] GC(512) Pause Full (Allocation Failure) 494M->442M(494M) 1430.919ms
[344.273s][info][gc,cpu         ] GC(512) User=1.44s Sys=0.00s Real=1.44s
[346.017s][info][gc,start       ] GC(513) Pause Full (Allocation Failure)
[346.017s][info][gc,phases,start] GC(513) Phase 1: Mark live objects
[346.635s][info][gc,phases      ] GC(513) Phase 1: Mark live objects 618.436ms
[346.636s][info][gc,phases,start] GC(513) Phase 2: Compute new object addresses
[346.842s][info][gc,phases      ] GC(513) Phase 2: Compute new object addresses 206.949ms
[346.843s][info][gc,phases,start] GC(513) Phase 3: Adjust pointers
[347.150s][info][gc,phases      ] GC(513) Phase 3: Adjust pointers 307.935ms
[347.151s][info][gc,phases,start] GC(513) Phase 4: Move objects
[347.230s][info][gc,phases      ] GC(513) Phase 4: Move objects 79.760ms
[347.236s][info][gc,heap        ] GC(513) DefNew: 157248K(157248K)->101887K(157248K) Eden: 139776K(139776K)->101887K(139776K) From: 17472K(17472K)->0K(17472K)
[347.236s][info][gc,heap        ] GC(513) Tenured: 349567K(349568K)->349568K(349568K)
[347.236s][info][gc,metaspace   ] GC(513) Metaspace: 16697K(17344K)->16697K(17344K) NonClass: 14277K(14656K)->14277K(14656K) Class: 2420K(2688K)->2420K(2688K)
[347.236s][info][gc             ] GC(513) Pause Full (Allocation Failure) 494M->440M(494M) 1219.184ms
[347.236s][info][gc,cpu         ] GC(513) User=1.20s Sys=0.00s Real=1.22s
[348.119s][info][gc,start       ] GC(514) Pause Full (Allocation Failure)
[348.119s][info][gc,phases,start] GC(514) Phase 1: Mark live objects
[348.146s][info][gc,phases      ] GC(514) Phase 1: Mark live objects 27.416ms
[348.146s][info][gc,phases,start] GC(514) Phase 2: Compute new object addresses
[348.290s][info][gc,phases      ] GC(514) Phase 2: Compute new object addresses 143.577ms
[348.290s][info][gc,phases,start] GC(514) Phase 3: Adjust pointers
[348.301s][info][gc,phases      ] GC(514) Phase 3: Adjust pointers 11.566ms
[348.301s][info][gc,phases,start] GC(514) Phase 4: Move objects
[348.302s][info][gc,phases      ] GC(514) Phase 4: Move objects 0.206ms
[348.302s][info][gc,heap        ] GC(514) DefNew: 157247K(157248K)->0K(157248K) Eden: 139776K(139776K)->0K(139776K) From: 17471K(17472K)->0K(17472K)
[348.302s][info][gc,heap        ] GC(514) Tenured: 349568K(349568K)->21850K(349568K)
[348.302s][info][gc,metaspace   ] GC(514) Metaspace: 16697K(17344K)->16697K(17344K) NonClass: 14277K(14656K)->14277K(14656K) Class: 2420K(2688K)->2420K(2688K)
[348.302s][info][gc             ] GC(514) Pause Full (Allocation Failure) 494M->21M(494M) 183.350ms
[348.302s][info][gc,cpu         ] GC(514) User=0.19s Sys=0.00s Real=0.18s
[355.636s][info][gc,start       ] GC(515) Pause Young (Allocation Failure)
[355.753s][info][gc,heap        ] GC(515) DefNew: 139776K(157248K)->17472K(157248K) Eden: 139776K(139776K)->0K(139776K) From: 0K(17472K)->17472K(17472K)
[355.753s][info][gc,heap        ] GC(515) Tenured: 21850K(349568K)->43651K(349568K)
[355.753s][info][gc,metaspace   ] GC(515) Metaspace: 16697K(17344K)->16697K(17344K) NonClass: 14277K(14656K)->14277K(14656K) Class: 2420K(2688K)->2420K(2688K)
[355.753s][info][gc             ] GC(515) Pause Young (Allocation Failure) 157M->59M(494M) 117.141ms
[355.753s][info][gc,cpu         ] GC(515) User=0.11s Sys=0.00s Real=0.11s
[355.877s][info][gc,start       ] GC(516) Pause Young (Allocation Failure)
[356.130s][info][gc,heap        ] GC(516) DefNew: 157248K(157248K)->17472K(157248K) Eden: 139776K(139776K)->0K(139776K) From: 17472K(17472K)->17472K(17472K)
[356.130s][info][gc,heap        ] GC(516) Tenured: 43651K(349568K)->100288K(349568K)
[356.130s][info][gc,metaspace   ] GC(516) Metaspace: 16697K(17344K)->16697K(17344K) NonClass: 14277K(14656K)->14277K(14656K) Class: 2420K(2688K)->2420K(2688K)
[356.130s][info][gc             ] GC(516) Pause Young (Allocation Failure) 196M->115M(494M) 252.939ms
[356.130s][info][gc,cpu         ] GC(516) User=0.27s Sys=0.00s Real=0.26s
[356.266s][info][gc,start       ] GC(517) Pause Young (Allocation Failure)
[356.498s][info][gc,heap        ] GC(517) DefNew: 157248K(157248K)->17472K(157248K) Eden: 139776K(139776K)->0K(139776K) From: 17472K(17472K)->17472K(17472K)
[356.498s][info][gc,heap        ] GC(517) Tenured: 100288K(349568K)->156038K(349568K)
[356.498s][info][gc,metaspace   ] GC(517) Metaspace: 16697K(17344K)->16697K(17344K) NonClass: 14277K(14656K)->14277K(14656K) Class: 2420K(2688K)->2420K(2688K)
[356.498s][info][gc             ] GC(517) Pause Young (Allocation Failure) 251M->169M(494M) 232.655ms
[356.498s][info][gc,cpu         ] GC(517) User=0.23s Sys=0.00s Real=0.23s
[356.627s][info][gc,start       ] GC(518) Pause Young (Allocation Failure)
[356.868s][info][gc,heap        ] GC(518) DefNew: 157248K(157248K)->17471K(157248K) Eden: 139776K(139776K)->0K(139776K) From: 17472K(17472K)->17471K(17472K)
[356.868s][info][gc,heap        ] GC(518) Tenured: 156038K(349568K)->213831K(349568K)
[356.868s][info][gc,metaspace   ] GC(518) Metaspace: 16697K(17344K)->16697K(17344K) NonClass: 14277K(14656K)->14277K(14656K) Class: 2420K(2688K)->2420K(2688K)
[356.868s][info][gc             ] GC(518) Pause Young (Allocation Failure) 305M->225M(494M) 240.925ms
[356.868s][info][gc,cpu         ] GC(518) User=0.23s Sys=0.00s Real=0.23s
[356.997s][info][gc,start       ] GC(519) Pause Young (Allocation Failure)
[357.241s][info][gc,heap        ] GC(519) DefNew: 157247K(157248K)->17472K(157248K) Eden: 139776K(139776K)->0K(139776K) From: 17471K(17472K)->17472K(17472K)
[357.241s][info][gc,heap        ] GC(519) Tenured: 213831K(349568K)->271781K(349568K)
[357.241s][info][gc,metaspace   ] GC(519) Metaspace: 16697K(17344K)->16697K(17344K) NonClass: 14277K(14656K)->14277K(14656K) Class: 2420K(2688K)->2420K(2688K)
[357.241s][info][gc             ] GC(519) Pause Young (Allocation Failure) 362M->282M(494M) 244.234ms
[357.242s][info][gc,cpu         ] GC(519) User=0.25s Sys=0.00s Real=0.24s
[357.372s][info][gc,start       ] GC(520) Pause Young (Allocation Failure)
[357.372s][info][gc             ] GC(520) Pause Young (Allocation Failure) 418M->418M(494M) 0.215ms
[357.372s][info][gc,cpu         ] GC(520) User=0.00s Sys=0.00s Real=0.00s
[357.372s][info][gc,start       ] GC(521) Pause Full (Allocation Failure)
[357.373s][info][gc,phases,start] GC(521) Phase 1: Mark live objects
[357.890s][info][gc,phases      ] GC(521) Phase 1: Mark live objects 517.123ms
[357.890s][info][gc,phases,start] GC(521) Phase 2: Compute new object addresses
[358.037s][info][gc,phases      ] GC(521) Phase 2: Compute new object addresses 147.585ms
[358.037s][info][gc,phases,start] GC(521) Phase 3: Adjust pointers
[358.318s][info][gc,phases      ] GC(521) Phase 3: Adjust pointers 280.949ms
[358.318s][info][gc,phases,start] GC(521) Phase 4: Move objects
[358.357s][info][gc,phases      ] GC(521) Phase 4: Move objects 38.921ms
[358.358s][info][gc,heap        ] GC(521) DefNew: 157248K(157248K)->0K(157248K) Eden: 139776K(139776K)->0K(139776K) From: 17472K(17472K)->0K(17472K)
[358.358s][info][gc,heap        ] GC(521) Tenured: 271781K(349568K)->347308K(349568K)
[358.358s][info][gc,metaspace   ] GC(521) Metaspace: 16697K(17344K)->16697K(17344K) NonClass: 14277K(14656K)->14277K(14656K) Class: 2420K(2688K)->2420K(2688K)
[358.358s][info][gc             ] GC(521) Pause Full (Allocation Failure) 418M->339M(494M) 985.242ms
[358.358s][info][gc,cpu         ] GC(521) User=0.98s Sys=0.00s Real=0.99s
[358.488s][info][gc,start       ] GC(522) Pause Young (Allocation Failure)
[358.488s][info][gc             ] GC(522) Pause Young (Allocation Failure) 475M->475M(494M) 0.212ms
[358.488s][info][gc,cpu         ] GC(522) User=0.00s Sys=0.00s Real=0.00s
[358.488s][info][gc,start       ] GC(523) Pause Full (Allocation Failure)
[358.488s][info][gc,phases,start] GC(523) Phase 1: Mark live objects
[359.085s][info][gc,phases      ] GC(523) Phase 1: Mark live objects 596.565ms
[359.085s][info][gc,phases,start] GC(523) Phase 2: Compute new object addresses
[359.248s][info][gc,phases      ] GC(523) Phase 2: Compute new object addresses 163.554ms
[359.248s][info][gc,phases,start] GC(523) Phase 3: Adjust pointers
[359.575s][info][gc,phases      ] GC(523) Phase 3: Adjust pointers 326.397ms
[359.575s][info][gc,phases,start] GC(523) Phase 4: Move objects
[359.710s][info][gc,phases      ] GC(523) Phase 4: Move objects 135.069ms
[359.710s][info][gc,heap        ] GC(523) DefNew: 139776K(157248K)->43978K(157248K) Eden: 139776K(139776K)->43978K(139776K) From: 0K(17472K)->0K(17472K)
[359.710s][info][gc,heap        ] GC(523) Tenured: 347308K(349568K)->349567K(349568K)
[359.710s][info][gc,metaspace   ] GC(523) Metaspace: 16697K(17344K)->16697K(17344K) NonClass: 14277K(14656K)->14277K(14656K) Class: 2420K(2688K)->2420K(2688K)
[359.710s][info][gc             ] GC(523) Pause Full (Allocation Failure) 475M->384M(494M) 1222.319ms
[359.710s][info][gc,cpu         ] GC(523) User=1.22s Sys=0.00s Real=1.22s
[359.888s][info][gc,start       ] GC(524) Pause Full (Allocation Failure)
[359.888s][info][gc,phases,start] GC(524) Phase 1: Mark live objects
[360.545s][info][gc,phases      ] GC(524) Phase 1: Mark live objects 656.959ms
[360.545s][info][gc,phases,start] GC(524) Phase 2: Compute new object addresses
[360.735s][info][gc,phases      ] GC(524) Phase 2: Compute new object addresses 190.491ms
[360.735s][info][gc,phases,start] GC(524) Phase 3: Adjust pointers
[361.053s][info][gc,phases      ] GC(524) Phase 3: Adjust pointers 318.117ms
[361.053s][info][gc,phases,start] GC(524) Phase 4: Move objects
[361.095s][info][gc,phases      ] GC(524) Phase 4: Move objects 41.147ms
[361.095s][info][gc,heap        ] GC(524) DefNew: 157247K(157248K)->88796K(157248K) Eden: 139776K(139776K)->88796K(139776K) From: 17471K(17472K)->0K(17472K)
[361.095s][info][gc,heap        ] GC(524) Tenured: 349567K(349568K)->349567K(349568K)
[361.095s][info][gc,metaspace   ] GC(524) Metaspace: 16697K(17344K)->16697K(17344K) NonClass: 14277K(14656K)->14277K(14656K) Class: 2420K(2688K)->2420K(2688K)
[361.095s][info][gc             ] GC(524) Pause Full (Allocation Failure) 494M->428M(494M) 1207.526ms
[361.095s][info][gc,cpu         ] GC(524) User=1.22s Sys=0.00s Real=1.22s
[361.317s][info][gc,start       ] GC(525) Pause Full (Allocation Failure)
[361.317s][info][gc,phases,start] GC(525) Phase 1: Mark live objects
[361.958s][info][gc,phases      ] GC(525) Phase 1: Mark live objects 640.609ms
[361.958s][info][gc,phases,start] GC(525) Phase 2: Compute new object addresses
[362.160s][info][gc,phases      ] GC(525) Phase 2: Compute new object addresses 201.906ms
[362.160s][info][gc,phases,start] GC(525) Phase 3: Adjust pointers
[362.515s][info][gc,phases      ] GC(525) Phase 3: Adjust pointers 354.956ms
[362.515s][info][gc,phases,start] GC(525) Phase 4: Move objects
[362.567s][info][gc,phases      ] GC(525) Phase 4: Move objects 51.447ms
[362.567s][info][gc,heap        ] GC(525) DefNew: 157248K(157248K)->131722K(157248K) Eden: 139776K(139776K)->131722K(139776K) From: 17472K(17472K)->0K(17472K)
[362.567s][info][gc,heap        ] GC(525) Tenured: 349567K(349568K)->349567K(349568K)
[362.567s][info][gc,metaspace   ] GC(525) Metaspace: 16697K(17344K)->16697K(17344K) NonClass: 14277K(14656K)->14277K(14656K) Class: 2420K(2688K)->2420K(2688K)
[362.567s][info][gc             ] GC(525) Pause Full (Allocation Failure) 494M->470M(494M) 1249.719ms
[362.567s][info][gc,cpu         ] GC(525) User=1.25s Sys=0.00s Real=1.25s
[362.956s][info][gc,start       ] GC(526) Pause Full (Allocation Failure)
[362.957s][info][gc,phases,start] GC(526) Phase 1: Mark live objects
[363.585s][info][gc,phases      ] GC(526) Phase 1: Mark live objects 627.958ms
[363.585s][info][gc,phases,start] GC(526) Phase 2: Compute new object addresses
[363.796s][info][gc,phases      ] GC(526) Phase 2: Compute new object addresses 211.210ms
[363.796s][info][gc,phases,start] GC(526) Phase 3: Adjust pointers
[364.157s][info][gc,phases      ] GC(526) Phase 3: Adjust pointers 361.031ms
[364.157s][info][gc,phases,start] GC(526) Phase 4: Move objects
[364.177s][info][gc,phases      ] GC(526) Phase 4: Move objects 19.746ms
[364.177s][info][gc,heap        ] GC(526) DefNew: 157247K(157248K)->139793K(157248K) Eden: 139776K(139776K)->139775K(139776K) From: 17471K(17472K)->17K(17472K)
[364.177s][info][gc,heap        ] GC(526) Tenured: 349567K(349568K)->349567K(349568K)
[364.177s][info][gc,metaspace   ] GC(526) Metaspace: 16697K(17344K)->16697K(17344K) NonClass: 14277K(14656K)->14277K(14656K) Class: 2420K(2688K)->2420K(2688K)
[364.177s][info][gc             ] GC(526) Pause Full (Allocation Failure) 494M->477M(494M) 1220.774ms
[364.177s][info][gc,cpu         ] GC(526) User=1.22s Sys=0.00s Real=1.22s
[364.326s][info][gc,start       ] GC(527) Pause Full (Allocation Failure)
[364.326s][info][gc,phases,start] GC(527) Phase 1: Mark live objects
[364.961s][info][gc,phases      ] GC(527) Phase 1: Mark live objects 635.138ms
[364.961s][info][gc,phases,start] GC(527) Phase 2: Compute new object addresses
[365.165s][info][gc,phases      ] GC(527) Phase 2: Compute new object addresses 203.971ms
[365.165s][info][gc,phases,start] GC(527) Phase 3: Adjust pointers
[365.556s][info][gc,phases      ] GC(527) Phase 3: Adjust pointers 390.521ms
[365.556s][info][gc,phases,start] GC(527) Phase 4: Move objects
[365.711s][info][gc,phases      ] GC(527) Phase 4: Move objects 154.882ms
[365.711s][info][gc,heap        ] GC(527) DefNew: 157247K(157248K)->134161K(157248K) Eden: 139775K(139776K)->134161K(139776K) From: 17471K(17472K)->0K(17472K)
[365.711s][info][gc,heap        ] GC(527) Tenured: 349567K(349568K)->349567K(349568K)
[365.711s][info][gc,metaspace   ] GC(527) Metaspace: 16697K(17344K)->16697K(17344K) NonClass: 14277K(14656K)->14277K(14656K) Class: 2420K(2688K)->2420K(2688K)
[365.711s][info][gc             ] GC(527) Pause Full (Allocation Failure) 494M->472M(494M) 1385.297ms
[365.711s][info][gc,cpu         ] GC(527) User=1.39s Sys=0.00s Real=1.39s
[365.811s][info][gc,start       ] GC(528) Pause Full (Allocation Failure)
[365.811s][info][gc,phases,start] GC(528) Phase 1: Mark live objects
[366.415s][info][gc,phases      ] GC(528) Phase 1: Mark live objects 604.393ms
[366.445s][info][gc,phases,start] GC(528) Phase 2: Compute new object addresses
[366.647s][info][gc,phases      ] GC(528) Phase 2: Compute new object addresses 202.432ms
[366.647s][info][gc,phases,start] GC(528) Phase 3: Adjust pointers
[366.986s][info][gc,phases      ] GC(528) Phase 3: Adjust pointers 338.535ms
[366.986s][info][gc,phases,start] GC(528) Phase 4: Move objects
[367.036s][info][gc,phases      ] GC(528) Phase 4: Move objects 50.194ms
[367.037s][info][gc,heap        ] GC(528) DefNew: 157247K(157248K)->132509K(157248K) Eden: 139776K(139776K)->132509K(139776K) From: 17471K(17472K)->0K(17472K)
[367.037s][info][gc,heap        ] GC(528) Tenured: 349568K(349568K)->349568K(349568K)
[367.037s][info][gc,metaspace   ] GC(528) Metaspace: 16697K(17344K)->16697K(17344K) NonClass: 14277K(14656K)->14277K(14656K) Class: 2420K(2688K)->2420K(2688K)
[367.037s][info][gc             ] GC(528) Pause Full (Allocation Failure) 494M->470M(494M) 1225.859ms
[367.037s][info][gc,cpu         ] GC(528) User=1.20s Sys=0.00s Real=1.23s
[367.139s][info][gc,start       ] GC(529) Pause Full (Allocation Failure)
[367.139s][info][gc,phases,start] GC(529) Phase 1: Mark live objects
[367.751s][info][gc,phases      ] GC(529) Phase 1: Mark live objects 611.901ms
[367.751s][info][gc,phases,start] GC(529) Phase 2: Compute new object addresses
[367.944s][info][gc,phases      ] GC(529) Phase 2: Compute new object addresses 192.925ms
[367.944s][info][gc,phases,start] GC(529) Phase 3: Adjust pointers
[368.274s][info][gc,phases      ] GC(529) Phase 3: Adjust pointers 330.065ms
[368.274s][info][gc,phases,start] GC(529) Phase 4: Move objects
[368.323s][info][gc,phases      ] GC(529) Phase 4: Move objects 49.347ms
[368.324s][info][gc,heap        ] GC(529) DefNew: 157247K(157248K)->130678K(157248K) Eden: 139776K(139776K)->130678K(139776K) From: 17471K(17472K)->0K(17472K)
[368.324s][info][gc,heap        ] GC(529) Tenured: 349568K(349568K)->349568K(349568K)
[368.324s][info][gc,metaspace   ] GC(529) Metaspace: 16697K(17344K)->16697K(17344K) NonClass: 14277K(14656K)->14277K(14656K) Class: 2420K(2688K)->2420K(2688K)
[368.324s][info][gc             ] GC(529) Pause Full (Allocation Failure) 494M->468M(494M) 1184.964ms
[368.324s][info][gc,cpu         ] GC(529) User=1.19s Sys=0.00s Real=1.19s
[368.427s][info][gc,start       ] GC(530) Pause Full (Allocation Failure)
[368.428s][info][gc,phases,start] GC(530) Phase 1: Mark live objects
[369.012s][info][gc,phases      ] GC(530) Phase 1: Mark live objects 584.147ms
[369.012s][info][gc,phases,start] GC(530) Phase 2: Compute new object addresses
[369.217s][info][gc,phases      ] GC(530) Phase 2: Compute new object addresses 205.634ms
[369.218s][info][gc,phases,start] GC(530) Phase 3: Adjust pointers
[369.539s][info][gc,phases      ] GC(530) Phase 3: Adjust pointers 321.459ms
[369.539s][info][gc,phases,start] GC(530) Phase 4: Move objects
[369.588s][info][gc,phases      ] GC(530) Phase 4: Move objects 48.535ms
[369.588s][info][gc,heap        ] GC(530) DefNew: 157247K(157248K)->128674K(157248K) Eden: 139776K(139776K)->128674K(139776K) From: 17471K(17472K)->0K(17472K)
[369.588s][info][gc,heap        ] GC(530) Tenured: 349568K(349568K)->349568K(349568K)
[369.588s][info][gc,metaspace   ] GC(530) Metaspace: 16697K(17344K)->16697K(17344K) NonClass: 14277K(14656K)->14277K(14656K) Class: 2420K(2688K)->2420K(2688K)
[369.588s][info][gc             ] GC(530) Pause Full (Allocation Failure) 494M->467M(494M) 1160.586ms
[369.588s][info][gc,cpu         ] GC(530) User=1.14s Sys=0.00s Real=1.15s
[369.694s][info][gc,start       ] GC(531) Pause Full (Allocation Failure)
[369.694s][info][gc,phases,start] GC(531) Phase 1: Mark live objects
[370.265s][info][gc,phases      ] GC(531) Phase 1: Mark live objects 571.341ms
[370.265s][info][gc,phases,start] GC(531) Phase 2: Compute new object addresses
[370.453s][info][gc,phases      ] GC(531) Phase 2: Compute new object addresses 187.763ms
[370.453s][info][gc,phases,start] GC(531) Phase 3: Adjust pointers
[370.784s][info][gc,phases      ] GC(531) Phase 3: Adjust pointers 330.999ms
[370.784s][info][gc,phases,start] GC(531) Phase 4: Move objects
[370.936s][info][gc,phases      ] GC(531) Phase 4: Move objects 152.175ms
[370.937s][info][gc,heap        ] GC(531) DefNew: 157247K(157248K)->117156K(157248K) Eden: 139776K(139776K)->117156K(139776K) From: 17471K(17472K)->0K(17472K)
[370.937s][info][gc,heap        ] GC(531) Tenured: 349568K(349568K)->349567K(349568K)
[370.937s][info][gc,metaspace   ] GC(531) Metaspace: 16697K(17344K)->16697K(17344K) NonClass: 14277K(14656K)->14277K(14656K) Class: 2420K(2688K)->2420K(2688K)
[370.937s][info][gc             ] GC(531) Pause Full (Allocation Failure) 494M->455M(494M) 1243.093ms
[370.937s][info][gc,cpu         ] GC(531) User=1.25s Sys=0.00s Real=1.24s
[371.066s][info][gc,start       ] GC(532) Pause Full (Allocation Failure)
[371.066s][info][gc,phases,start] GC(532) Phase 1: Mark live objects
[371.620s][info][gc,phases      ] GC(532) Phase 1: Mark live objects 553.716ms
[371.663s][info][gc,phases,start] GC(532) Phase 2: Compute new object addresses
[371.863s][info][gc,phases      ] GC(532) Phase 2: Compute new object addresses 200.532ms
[371.863s][info][gc,phases,start] GC(532) Phase 3: Adjust pointers
[372.151s][info][gc,phases      ] GC(532) Phase 3: Adjust pointers 287.892ms
[372.151s][info][gc,phases,start] GC(532) Phase 4: Move objects
[372.195s][info][gc,phases      ] GC(532) Phase 4: Move objects 43.936ms
[372.195s][info][gc,heap        ] GC(532) DefNew: 157247K(157248K)->114009K(157248K) Eden: 139776K(139776K)->114009K(139776K) From: 17471K(17472K)->0K(17472K)
[372.196s][info][gc,heap        ] GC(532) Tenured: 349567K(349568K)->349567K(349568K)
[372.196s][info][gc,metaspace   ] GC(532) Metaspace: 16697K(17344K)->16697K(17344K) NonClass: 14277K(14656K)->14277K(14656K) Class: 2420K(2688K)->2420K(2688K)
[372.196s][info][gc             ] GC(532) Pause Full (Allocation Failure) 494M->452M(494M) 1129.430ms
[372.196s][info][gc,cpu         ] GC(532) User=1.09s Sys=0.00s Real=1.12s
[372.321s][info][gc,start       ] GC(533) Pause Full (Allocation Failure)
[372.321s][info][gc,phases,start] GC(533) Phase 1: Mark live objects
[372.857s][info][gc,phases      ] GC(533) Phase 1: Mark live objects 536.552ms
[372.857s][info][gc,phases,start] GC(533) Phase 2: Compute new object addresses
[373.044s][info][gc,phases      ] GC(533) Phase 2: Compute new object addresses 186.608ms
[373.100s][info][gc,phases,start] GC(533) Phase 3: Adjust pointers
[373.389s][info][gc,phases      ] GC(533) Phase 3: Adjust pointers 288.977ms
[373.389s][info][gc,phases,start] GC(533) Phase 4: Move objects
[373.431s][info][gc,phases      ] GC(533) Phase 4: Move objects 42.324ms
[373.432s][info][gc,heap        ] GC(533) DefNew: 157247K(157248K)->110535K(157248K) Eden: 139776K(139776K)->110535K(139776K) From: 17471K(17472K)->0K(17472K)
[373.432s][info][gc,heap        ] GC(533) Tenured: 349567K(349568K)->349567K(349568K)
[373.432s][info][gc,metaspace   ] GC(533) Metaspace: 16697K(17344K)->16697K(17344K) NonClass: 14277K(14656K)->14277K(14656K) Class: 2420K(2688K)->2420K(2688K)
[373.432s][info][gc             ] GC(533) Pause Full (Allocation Failure) 494M->449M(494M) 1111.231ms
[373.432s][info][gc,cpu         ] GC(533) User=1.03s Sys=0.00s Real=1.11s
[373.564s][info][gc,start       ] GC(534) Pause Full (Allocation Failure)
[373.564s][info][gc,phases,start] GC(534) Phase 1: Mark live objects
[374.082s][info][gc,phases      ] GC(534) Phase 1: Mark live objects 517.779ms
[374.082s][info][gc,phases,start] GC(534) Phase 2: Compute new object addresses
[374.266s][info][gc,phases      ] GC(534) Phase 2: Compute new object addresses 184.405ms
[374.266s][info][gc,phases,start] GC(534) Phase 3: Adjust pointers
[374.531s][info][gc,phases      ] GC(534) Phase 3: Adjust pointers 265.428ms
[374.532s][info][gc,phases,start] GC(534) Phase 4: Move objects
[374.572s][info][gc,phases      ] GC(534) Phase 4: Move objects 40.891ms
[374.573s][info][gc,heap        ] GC(534) DefNew: 157247K(157248K)->106686K(157248K) Eden: 139776K(139776K)->106686K(139776K) From: 17471K(17472K)->0K(17472K)
[374.573s][info][gc,heap        ] GC(534) Tenured: 349567K(349568K)->349567K(349568K)
[374.573s][info][gc,metaspace   ] GC(534) Metaspace: 16697K(17344K)->16697K(17344K) NonClass: 14277K(14656K)->14277K(14656K) Class: 2420K(2688K)->2420K(2688K)
[374.573s][info][gc             ] GC(534) Pause Full (Allocation Failure) 494M->445M(494M) 1009.259ms
[374.573s][info][gc,cpu         ] GC(534) User=1.00s Sys=0.00s Real=1.00s
[374.710s][info][gc,start       ] GC(535) Pause Full (Allocation Failure)
[374.711s][info][gc,phases,start] GC(535) Phase 1: Mark live objects
[375.210s][info][gc,phases      ] GC(535) Phase 1: Mark live objects 499.111ms
[375.210s][info][gc,phases,start] GC(535) Phase 2: Compute new object addresses
[375.389s][info][gc,phases      ] GC(535) Phase 2: Compute new object addresses 179.066ms
[375.389s][info][gc,phases,start] GC(535) Phase 3: Adjust pointers
[375.657s][info][gc,phases      ] GC(535) Phase 3: Adjust pointers 268.570ms
[375.657s][info][gc,phases,start] GC(535) Phase 4: Move objects
[375.793s][info][gc,phases      ] GC(535) Phase 4: Move objects 135.569ms
[375.793s][info][gc,heap        ] GC(535) DefNew: 157247K(157248K)->87172K(157248K) Eden: 139776K(139776K)->87172K(139776K) From: 17471K(17472K)->0K(17472K)
[375.793s][info][gc,heap        ] GC(535) Tenured: 349567K(349568K)->349567K(349568K)
[375.793s][info][gc,metaspace   ] GC(535) Metaspace: 16697K(17344K)->16697K(17344K) NonClass: 14277K(14656K)->14277K(14656K) Class: 2420K(2688K)->2420K(2688K)
[375.793s][info][gc             ] GC(535) Pause Full (Allocation Failure) 494M->426M(494M) 1083.082ms
[375.794s][info][gc,cpu         ] GC(535) User=1.08s Sys=0.00s Real=1.08s
[375.945s][info][gc,start       ] GC(536) Pause Full (Allocation Failure)
[375.945s][info][gc,phases,start] GC(536) Phase 1: Mark live objects
[376.416s][info][gc,phases      ] GC(536) Phase 1: Mark live objects 470.698ms
[376.416s][info][gc,phases,start] GC(536) Phase 2: Compute new object addresses
[376.593s][info][gc,phases      ] GC(536) Phase 2: Compute new object addresses 177.030ms
[376.593s][info][gc,phases,start] GC(536) Phase 3: Adjust pointers
[376.825s][info][gc,phases      ] GC(536) Phase 3: Adjust pointers 232.009ms
[376.825s][info][gc,phases,start] GC(536) Phase 4: Move objects
[376.856s][info][gc,phases      ] GC(536) Phase 4: Move objects 31.345ms
[376.857s][info][gc,heap        ] GC(536) DefNew: 157247K(157248K)->81219K(157248K) Eden: 139776K(139776K)->81219K(139776K) From: 17471K(17472K)->0K(17472K)
[376.857s][info][gc,heap        ] GC(536) Tenured: 349567K(349568K)->349567K(349568K)
[376.857s][info][gc,metaspace   ] GC(536) Metaspace: 16697K(17344K)->16697K(17344K) NonClass: 14277K(14656K)->14277K(14656K) Class: 2420K(2688K)->2420K(2688K)
[376.857s][info][gc             ] GC(536) Pause Full (Allocation Failure) 494M->420M(494M) 911.870ms
[376.857s][info][gc,cpu         ] GC(536) User=0.91s Sys=0.00s Real=0.90s
[376.998s][info][gc,start       ] GC(537) Pause Full (Allocation Failure)
[376.998s][info][gc,phases,start] GC(537) Phase 1: Mark live objects
[377.441s][info][gc,phases      ] GC(537) Phase 1: Mark live objects 442.436ms
[377.441s][info][gc,phases,start] GC(537) Phase 2: Compute new object addresses
[377.615s][info][gc,phases      ] GC(537) Phase 2: Compute new object addresses 173.992ms
[377.615s][info][gc,phases,start] GC(537) Phase 3: Adjust pointers
[377.838s][info][gc,phases      ] GC(537) Phase 3: Adjust pointers 222.814ms
[377.838s][info][gc,phases,start] GC(537) Phase 4: Move objects
[377.866s][info][gc,phases      ] GC(537) Phase 4: Move objects 28.129ms
[377.866s][info][gc,heap        ] GC(537) DefNew: 157247K(157248K)->74572K(157248K) Eden: 139776K(139776K)->74572K(139776K) From: 17471K(17472K)->0K(17472K)
[377.866s][info][gc,heap        ] GC(537) Tenured: 349567K(349568K)->349567K(349568K)
[377.866s][info][gc,metaspace   ] GC(537) Metaspace: 16697K(17344K)->16697K(17344K) NonClass: 14277K(14656K)->14277K(14656K) Class: 2420K(2688K)->2420K(2688K)
[377.866s][info][gc             ] GC(537) Pause Full (Allocation Failure) 494M->414M(494M) 868.122ms
[377.866s][info][gc,cpu         ] GC(537) User=0.88s Sys=0.00s Real=0.87s
[378.017s][info][gc,start       ] GC(538) Pause Full (Allocation Failure)
[378.017s][info][gc,phases,start] GC(538) Phase 1: Mark live objects
[378.440s][info][gc,phases      ] GC(538) Phase 1: Mark live objects 422.784ms
[378.440s][info][gc,phases,start] GC(538) Phase 2: Compute new object addresses
[378.609s][info][gc,phases      ] GC(538) Phase 2: Compute new object addresses 168.691ms
[378.609s][info][gc,phases,start] GC(538) Phase 3: Adjust pointers
[378.819s][info][gc,phases      ] GC(538) Phase 3: Adjust pointers 210.012ms
[378.819s][info][gc,phases,start] GC(538) Phase 4: Move objects
[378.842s][info][gc,phases      ] GC(538) Phase 4: Move objects 23.418ms
[378.843s][info][gc,heap        ] GC(538) DefNew: 157247K(157248K)->63277K(157248K) Eden: 139776K(139776K)->63277K(139776K) From: 17471K(17472K)->0K(17472K)
[378.843s][info][gc,heap        ] GC(538) Tenured: 349567K(349568K)->349567K(349568K)
[378.843s][info][gc,metaspace   ] GC(538) Metaspace: 16697K(17344K)->16697K(17344K) NonClass: 14277K(14656K)->14277K(14656K) Class: 2420K(2688K)->2420K(2688K)
[378.843s][info][gc             ] GC(538) Pause Full (Allocation Failure) 494M->403M(494M) 825.676ms
[378.843s][info][gc,cpu         ] GC(538) User=0.83s Sys=0.00s Real=0.82s
[380.168s][info][gc,start       ] GC(539) Pause Full (Allocation Failure)
[380.168s][info][gc,phases,start] GC(539) Phase 1: Mark live objects
[380.201s][info][gc,phases      ] GC(539) Phase 1: Mark live objects 33.438ms
[380.201s][info][gc,phases,start] GC(539) Phase 2: Compute new object addresses
[380.342s][info][gc,phases      ] GC(539) Phase 2: Compute new object addresses 140.540ms
[380.342s][info][gc,phases,start] GC(539) Phase 3: Adjust pointers
[380.358s][info][gc,phases      ] GC(539) Phase 3: Adjust pointers 15.599ms
[380.358s][info][gc,phases,start] GC(539) Phase 4: Move objects
[380.360s][info][gc,phases      ] GC(539) Phase 4: Move objects 2.470ms
[380.360s][info][gc,heap        ] GC(539) DefNew: 157247K(157248K)->0K(157248K) Eden: 139776K(139776K)->0K(139776K) From: 17471K(17472K)->0K(17472K)
[380.361s][info][gc,heap        ] GC(539) Tenured: 349567K(349568K)->26345K(349568K)
[380.361s][info][gc,metaspace   ] GC(539) Metaspace: 16697K(17344K)->16697K(17344K) NonClass: 14277K(14656K)->14277K(14656K) Class: 2420K(2688K)->2420K(2688K)
[380.361s][info][gc             ] GC(539) Pause Full (Allocation Failure) 494M->25M(494M) 193.082ms
[380.361s][info][gc,cpu         ] GC(539) User=0.19s Sys=0.00s Real=0.19s
[380.762s][info][gc,heap,exit   ] Heap
[380.762s][info][gc,heap,exit   ]  def new generation   total 157248K, used 27000K [0x00000000e0000000, 0x00000000eaaa0000, 0x00000000eaaa0000)
[380.762s][info][gc,heap,exit   ]   eden space 139776K,  19% used [0x00000000e0000000, 0x00000000e1a5e338, 0x00000000e8880000)
[380.762s][info][gc,heap,exit   ]   from space 17472K,   0% used [0x00000000e8880000, 0x00000000e8880000, 0x00000000e9990000)
[380.762s][info][gc,heap,exit   ]   to   space 17472K,   0% used [0x00000000e9990000, 0x00000000e9990000, 0x00000000eaaa0000)
[380.762s][info][gc,heap,exit   ]  tenured generation   total 349568K, used 26345K [0x00000000eaaa0000, 0x0000000100000000, 0x0000000100000000)
[380.762s][info][gc,heap,exit   ]    the space 349568K,   7% used [0x00000000eaaa0000, 0x00000000ec45a530, 0x00000000ec45a600, 0x0000000100000000)
[380.762s][info][gc,heap,exit   ]  Metaspace       used 16788K, committed 17408K, reserved 1114112K
[380.762s][info][gc,heap,exit   ]   class space    used 2437K, committed 2688K, reserved 1048576K
