[0.018s][info][gc,init] Initializing The Z Garbage Collector
[0.018s][info][gc,init] Version: 20+36-2344 (release)
[0.018s][info][gc,init] NUMA Support: Disabled
[0.018s][info][gc,init] CPUs: 48 total, 48 available
[0.019s][info][gc,init] Memory: 391843M
[0.019s][info][gc,init] Large Page Support: Disabled
[0.019s][info][gc,init] GC Workers: 5 (dynamic)
[0.020s][info][gc,init] Address Space Type: Contiguous/Unrestricted/Complete
[0.020s][info][gc,init] Address Space Size: 8192M x 3 = 24576M
[0.020s][info][gc,init] Min Capacity: 8M
[0.020s][info][gc,init] Initial Capacity: 512M
[0.035s][info][gc,init] Max Capacity: 512M
[0.035s][info][gc,init] Medium Page Size: 16M
[0.035s][info][gc,init] Pre-touch: Disabled
[0.036s][info][gc,init] Uncommit: Enabled
[0.036s][info][gc,init] Uncommit Delay: 300s
[0.066s][info][gc,init] Runtime Workers: 5
[0.067s][info][gc     ] Using The Z Garbage Collector
[0.068s][info][gc,metaspace] CDS archive(s) mapped at: [0x0000000800000000-0x0000000800c60000-0x0000000800c60000), size 12976128, SharedBaseAddress: 0x0000000800000000, ArchiveRelocationMode: 0.
[0.068s][info][gc,metaspace] Compressed class space mapped at: 0x0000000801000000-0x0000000841000000, reserved size: 1073741824
[0.068s][info][gc,metaspace] Narrow klass base: 0x0000000800000000, Narrow klass shift: 0, Narrow klass range: 0x100000000
[1.474s][info][gc,start    ] GC(0) Garbage Collection (System.gc())
[1.474s][info][gc,task     ] GC(0) Using 5 workers
[1.474s][info][gc,phases   ] GC(0) Pause Mark Start 0.016ms
[1.495s][info][gc,phases   ] GC(0) Concurrent Mark 20.459ms
[1.495s][info][gc,phases   ] GC(0) Pause Mark End 0.027ms
[1.495s][info][gc,phases   ] GC(0) Concurrent Mark Free 0.001ms
[1.497s][info][gc,phases   ] GC(0) Concurrent Process Non-Strong References 1.614ms
[1.497s][info][gc,phases   ] GC(0) Concurrent Reset Relocation Set 0.001ms
[1.512s][info][gc,phases   ] GC(0) Concurrent Select Relocation Set 14.710ms
[1.512s][info][gc,phases   ] GC(0) Pause Relocate Start 0.039ms
[1.516s][info][gc,phases   ] GC(0) Concurrent Relocate 4.545ms
[1.516s][info][gc,load     ] GC(0) Load: 0.00/0.00/0.00
[1.516s][info][gc,mmu      ] GC(0) MMU: 2ms/98.0%, 5ms/99.2%, 10ms/99.6%, 20ms/99.7%, 50ms/99.8%, 100ms/99.9%
[1.516s][info][gc,marking  ] GC(0) Mark: 4 stripe(s), 1 proactive flush(es), 1 terminate flush(es), 0 completion(s), 0 continuation(s) 
[1.517s][info][gc,marking  ] GC(0) Mark Stack Usage: 32M
[1.517s][info][gc,nmethod  ] GC(0) NMethods: 1158 registered, 133 unregistered
[1.517s][info][gc,metaspace] GC(0) Metaspace: 13M used, 14M committed, 1088M reserved
[1.517s][info][gc,ref      ] GC(0) Soft: 194 encountered, 0 discovered, 0 enqueued
[1.517s][info][gc,ref      ] GC(0) Weak: 899 encountered, 380 discovered, 283 enqueued
[1.517s][info][gc,ref      ] GC(0) Final: 0 encountered, 0 discovered, 0 enqueued
[1.517s][info][gc,ref      ] GC(0) Phantom: 242 encountered, 232 discovered, 207 enqueued
[1.517s][info][gc,reloc    ] GC(0) Small Pages: 21 / 42M, Empty: 0M, Relocated: 4M, In-Place: 0
[1.517s][info][gc,reloc    ] GC(0) Medium Pages: 0 / 0M, Empty: 0M, Relocated: 0M, In-Place: 0
[1.517s][info][gc,reloc    ] GC(0) Large Pages: 0 / 0M, Empty: 0M, Relocated: 0M, In-Place: 0
[1.517s][info][gc,reloc    ] GC(0) Forwarding Usage: 1M
[1.517s][info][gc,heap     ] GC(0) Min Capacity: 8M(2%)
[1.517s][info][gc,heap     ] GC(0) Max Capacity: 512M(100%)
[1.517s][info][gc,heap     ] GC(0) Soft Max Capacity: 512M(100%)
[1.517s][info][gc,heap     ] GC(0)                Mark Start          Mark End        Relocate Start      Relocate End           High               Low         
[1.517s][info][gc,heap     ] GC(0)  Capacity:      512M (100%)        512M (100%)        512M (100%)        512M (100%)        512M (100%)        512M (100%)   
[1.517s][info][gc,heap     ] GC(0)      Free:      470M (92%)         470M (92%)         468M (91%)         498M (97%)         498M (97%)         458M (89%)    
[1.517s][info][gc,heap     ] GC(0)      Used:       42M (8%)           42M (8%)           44M (9%)           14M (3%)           54M (11%)          14M (3%)     
[1.517s][info][gc,heap     ] GC(0)      Live:         -                 5M (1%)            5M (1%)            5M (1%)             -                  -          
[1.517s][info][gc,heap     ] GC(0) Allocated:         -                 0M (0%)            2M (0%)            2M (0%)             -                  -          
[1.517s][info][gc,heap     ] GC(0)   Garbage:         -                36M (7%)           36M (7%)            6M (1%)             -                  -          
[1.517s][info][gc,heap     ] GC(0) Reclaimed:         -                  -                 0M (0%)           30M (6%)             -                  -          
[1.517s][info][gc          ] GC(0) Garbage Collection (System.gc()) 42M(8%)->14M(3%)
[2.802s][info][gc,start    ] GC(1) Garbage Collection (Warmup)
[2.802s][info][gc,task     ] GC(1) Using 5 workers
[2.802s][info][gc,phases   ] GC(1) Pause Mark Start 0.009ms
[2.899s][info][gc,phases   ] GC(1) Concurrent Mark 92.253ms
[2.899s][info][gc,phases   ] GC(1) Pause Mark End 0.016ms
[2.935s][info][gc,phases   ] GC(1) Concurrent Mark Free 0.001ms
[2.941s][info][gc,phases   ] GC(1) Concurrent Process Non-Strong References 5.801ms
[2.941s][info][gc,phases   ] GC(1) Concurrent Reset Relocation Set 0.004ms
[2.950s][info][gc,phases   ] GC(1) Concurrent Select Relocation Set 8.417ms
[2.950s][info][gc,phases   ] GC(1) Pause Relocate Start 0.006ms
[2.963s][info][gc,phases   ] GC(1) Concurrent Relocate 12.654ms
[2.963s][info][gc,load     ] GC(1) Load: 0.00/0.00/0.00
[2.963s][info][gc,mmu      ] GC(1) MMU: 2ms/98.0%, 5ms/99.2%, 10ms/99.6%, 20ms/99.7%, 50ms/99.8%, 100ms/99.9%
[2.963s][info][gc,marking  ] GC(1) Mark: 4 stripe(s), 3 proactive flush(es), 1 terminate flush(es), 0 completion(s), 0 continuation(s) 
[2.963s][info][gc,marking  ] GC(1) Mark Stack Usage: 32M
[2.963s][info][gc,nmethod  ] GC(1) NMethods: 2008 registered, 215 unregistered
[2.963s][info][gc,metaspace] GC(1) Metaspace: 15M used, 15M committed, 1088M reserved
[2.963s][info][gc,ref      ] GC(1) Soft: 225 encountered, 0 discovered, 0 enqueued
[2.963s][info][gc,ref      ] GC(1) Weak: 908 encountered, 467 discovered, 82 enqueued
[2.963s][info][gc,ref      ] GC(1) Final: 0 encountered, 0 discovered, 0 enqueued
[2.963s][info][gc,ref      ] GC(1) Phantom: 65 encountered, 47 discovered, 29 enqueued
[2.963s][info][gc,reloc    ] GC(1) Small Pages: 26 / 52M, Empty: 0M, Relocated: 12M, In-Place: 0
[2.963s][info][gc,reloc    ] GC(1) Medium Pages: 0 / 0M, Empty: 0M, Relocated: 0M, In-Place: 0
[2.963s][info][gc,reloc    ] GC(1) Large Pages: 0 / 0M, Empty: 0M, Relocated: 0M, In-Place: 0
[2.963s][info][gc,reloc    ] GC(1) Forwarding Usage: 4M
[2.963s][info][gc,heap     ] GC(1) Min Capacity: 8M(2%)
[2.963s][info][gc,heap     ] GC(1) Max Capacity: 512M(100%)
[2.963s][info][gc,heap     ] GC(1) Soft Max Capacity: 512M(100%)
[2.963s][info][gc,heap     ] GC(1)                Mark Start          Mark End        Relocate Start      Relocate End           High               Low         
[2.963s][info][gc,heap     ] GC(1)  Capacity:      512M (100%)        512M (100%)        512M (100%)        512M (100%)        512M (100%)        512M (100%)   
[2.963s][info][gc,heap     ] GC(1)      Free:      460M (90%)         446M (87%)         442M (86%)         474M (93%)         474M (93%)         434M (85%)    
[2.963s][info][gc,heap     ] GC(1)      Used:       52M (10%)          66M (13%)          70M (14%)          38M (7%)           78M (15%)          38M (7%)     
[2.963s][info][gc,heap     ] GC(1)      Live:         -                12M (2%)           12M (2%)           12M (2%)             -                  -          
[2.963s][info][gc,heap     ] GC(1) Allocated:         -                14M (3%)           18M (4%)           18M (4%)             -                  -          
[2.963s][info][gc,heap     ] GC(1)   Garbage:         -                39M (8%)           39M (8%)            7M (1%)             -                  -          
[2.963s][info][gc,heap     ] GC(1) Reclaimed:         -                  -                 0M (0%)           32M (6%)             -                  -          
[2.963s][info][gc          ] GC(1) Garbage Collection (Warmup) 52M(10%)->38M(7%)
[3.594s][info][gc,start    ] GC(2) Garbage Collection (Warmup)
[3.594s][info][gc,task     ] GC(2) Using 5 workers
[3.594s][info][gc,phases   ] GC(2) Pause Mark Start 0.015ms
[3.766s][info][gc,phases   ] GC(2) Concurrent Mark 171.445ms
[3.766s][info][gc,phases   ] GC(2) Pause Mark End 0.017ms
[3.766s][info][gc,phases   ] GC(2) Concurrent Mark Free 0.001ms
[3.768s][info][gc,phases   ] GC(2) Concurrent Process Non-Strong References 2.198ms
[3.768s][info][gc,phases   ] GC(2) Concurrent Reset Relocation Set 0.006ms
[3.773s][info][gc,phases   ] GC(2) Concurrent Select Relocation Set 4.962ms
[3.773s][info][gc,phases   ] GC(2) Pause Relocate Start 0.008ms
[3.776s][info][gc,phases   ] GC(2) Concurrent Relocate 2.129ms
[3.776s][info][gc,load     ] GC(2) Load: 0.00/0.00/0.00
[3.776s][info][gc,mmu      ] GC(2) MMU: 2ms/98.0%, 5ms/99.2%, 10ms/99.6%, 20ms/99.7%, 50ms/99.8%, 100ms/99.9%
[3.776s][info][gc,marking  ] GC(2) Mark: 4 stripe(s), 10 proactive flush(es), 1 terminate flush(es), 0 completion(s), 0 continuation(s) 
[3.776s][info][gc,marking  ] GC(2) Mark Stack Usage: 32M
[3.776s][info][gc,nmethod  ] GC(2) NMethods: 2089 registered, 248 unregistered
[3.776s][info][gc,metaspace] GC(2) Metaspace: 15M used, 15M committed, 1088M reserved
[3.776s][info][gc,ref      ] GC(2) Soft: 225 encountered, 0 discovered, 0 enqueued
[3.776s][info][gc,ref      ] GC(2) Weak: 841 encountered, 295 discovered, 10 enqueued
[3.776s][info][gc,ref      ] GC(2) Final: 0 encountered, 0 discovered, 0 enqueued
[3.776s][info][gc,ref      ] GC(2) Phantom: 39 encountered, 22 discovered, 3 enqueued
[3.776s][info][gc,reloc    ] GC(2) Small Pages: 54 / 108M, Empty: 10M, Relocated: 3M, In-Place: 0
[3.776s][info][gc,reloc    ] GC(2) Medium Pages: 0 / 0M, Empty: 0M, Relocated: 0M, In-Place: 0
[3.776s][info][gc,reloc    ] GC(2) Large Pages: 0 / 0M, Empty: 0M, Relocated: 0M, In-Place: 0
[3.776s][info][gc,reloc    ] GC(2) Forwarding Usage: 1M
[3.776s][info][gc,heap     ] GC(2) Min Capacity: 8M(2%)
[3.776s][info][gc,heap     ] GC(2) Max Capacity: 512M(100%)
[3.776s][info][gc,heap     ] GC(2) Soft Max Capacity: 512M(100%)
[3.776s][info][gc,heap     ] GC(2)                Mark Start          Mark End        Relocate Start      Relocate End           High               Low         
[3.776s][info][gc,heap     ] GC(2)  Capacity:      512M (100%)        512M (100%)        512M (100%)        512M (100%)        512M (100%)        512M (100%)   
[3.776s][info][gc,heap     ] GC(2)      Free:      404M (79%)         402M (79%)         412M (80%)         432M (84%)         432M (84%)         402M (79%)    
[3.776s][info][gc,heap     ] GC(2)      Used:      108M (21%)         110M (21%)         100M (20%)          80M (16%)         110M (21%)          80M (16%)    
[3.776s][info][gc,heap     ] GC(2)      Live:         -                68M (13%)          68M (13%)          68M (13%)            -                  -          
[3.776s][info][gc,heap     ] GC(2) Allocated:         -                 2M (0%)            2M (0%)            1M (0%)             -                  -          
[3.776s][info][gc,heap     ] GC(2)   Garbage:         -                39M (8%)           29M (6%)            9M (2%)             -                  -          
[3.776s][info][gc,heap     ] GC(2) Reclaimed:         -                  -                10M (2%)           29M (6%)             -                  -          
[3.776s][info][gc          ] GC(2) Garbage Collection (Warmup) 108M(21%)->80M(16%)
[4.093s][info][gc,start    ] GC(3) Garbage Collection (Warmup)
[4.093s][info][gc,task     ] GC(3) Using 5 workers
[4.093s][info][gc,phases   ] GC(3) Pause Mark Start 0.010ms
[4.217s][info][gc,phases   ] GC(3) Concurrent Mark 85.198ms
[4.218s][info][gc,phases   ] GC(3) Pause Mark End 0.016ms
[4.224s][info][gc,phases   ] GC(3) Concurrent Mark Free 0.001ms
[4.233s][info][gc,phases   ] GC(3) Concurrent Process Non-Strong References 9.426ms
[4.233s][info][gc,phases   ] GC(3) Concurrent Reset Relocation Set 0.003ms
[4.243s][info][gc,phases   ] GC(3) Concurrent Select Relocation Set 9.438ms
[4.243s][info][gc,phases   ] GC(3) Pause Relocate Start 0.008ms
[4.248s][info][gc,phases   ] GC(3) Concurrent Relocate 4.084ms
[4.248s][info][gc,load     ] GC(3) Load: 0.00/0.00/0.00
[4.248s][info][gc,mmu      ] GC(3) MMU: 2ms/98.0%, 5ms/99.2%, 10ms/99.6%, 20ms/99.7%, 50ms/99.8%, 100ms/99.9%
[4.248s][info][gc,marking  ] GC(3) Mark: 4 stripe(s), 3 proactive flush(es), 1 terminate flush(es), 0 completion(s), 0 continuation(s) 
[4.248s][info][gc,marking  ] GC(3) Mark Stack Usage: 32M
[4.248s][info][gc,nmethod  ] GC(3) NMethods: 2206 registered, 335 unregistered
[4.248s][info][gc,metaspace] GC(3) Metaspace: 15M used, 15M committed, 1088M reserved
[4.248s][info][gc,ref      ] GC(3) Soft: 231 encountered, 0 discovered, 0 enqueued
[4.248s][info][gc,ref      ] GC(3) Weak: 860 encountered, 367 discovered, 8 enqueued
[4.248s][info][gc,ref      ] GC(3) Final: 0 encountered, 0 discovered, 0 enqueued
[4.248s][info][gc,ref      ] GC(3) Phantom: 40 encountered, 20 discovered, 4 enqueued
[4.248s][info][gc,reloc    ] GC(3) Small Pages: 98 / 196M, Empty: 64M, Relocated: 5M, In-Place: 0
[4.248s][info][gc,reloc    ] GC(3) Medium Pages: 0 / 0M, Empty: 0M, Relocated: 0M, In-Place: 0
[4.248s][info][gc,reloc    ] GC(3) Large Pages: 0 / 0M, Empty: 0M, Relocated: 0M, In-Place: 0
[4.248s][info][gc,reloc    ] GC(3) Forwarding Usage: 2M
[4.248s][info][gc,heap     ] GC(3) Min Capacity: 8M(2%)
[4.248s][info][gc,heap     ] GC(3) Max Capacity: 512M(100%)
[4.248s][info][gc,heap     ] GC(3) Soft Max Capacity: 512M(100%)
[4.248s][info][gc,heap     ] GC(3)                Mark Start          Mark End        Relocate Start      Relocate End           High               Low         
[4.248s][info][gc,heap     ] GC(3)  Capacity:      512M (100%)        512M (100%)        512M (100%)        512M (100%)        512M (100%)        512M (100%)   
[4.248s][info][gc,heap     ] GC(3)      Free:      316M (62%)          64M (13%)          64M (13%)         168M (33%)         316M (62%)          14M (3%)     
[4.248s][info][gc,heap     ] GC(3)      Used:      196M (38%)         448M (88%)         448M (88%)         344M (67%)         498M (97%)         196M (38%)    
[4.248s][info][gc,heap     ] GC(3)      Live:         -                 8M (2%)            8M (2%)            8M (2%)             -                  -          
[4.248s][info][gc,heap     ] GC(3) Allocated:         -               252M (49%)         316M (62%)         329M (64%)            -                  -          
[4.248s][info][gc,heap     ] GC(3)   Garbage:         -               187M (37%)         123M (24%)           5M (1%)             -                  -          
[4.248s][info][gc,heap     ] GC(3) Reclaimed:         -                  -                64M (13%)         181M (36%)            -                  -          
[4.248s][info][gc          ] GC(3) Garbage Collection (Warmup) 196M(38%)->344M(67%)
[4.296s][info][gc,start    ] GC(4) Garbage Collection (Allocation Rate)
[4.296s][info][gc,task     ] GC(4) Using 5 workers
[4.296s][info][gc,phases   ] GC(4) Pause Mark Start 0.010ms
[4.311s][info][gc,phases   ] GC(4) Concurrent Mark 15.166ms
[4.311s][info][gc,phases   ] GC(4) Pause Mark End 0.015ms
[4.311s][info][gc,phases   ] GC(4) Concurrent Mark Free 0.001ms
[4.313s][info][gc,phases   ] GC(4) Concurrent Process Non-Strong References 1.349ms
[4.313s][info][gc,phases   ] GC(4) Concurrent Reset Relocation Set 0.008ms
[4.313s][info][gc          ] Allocation Stall (reactors-io-scheduler-ForkJoinPool-1-worker-34) 15.549ms
[4.313s][info][gc          ] Allocation Stall (reactors-io-scheduler-ForkJoinPool-1-worker-14) 16.856ms
[4.313s][info][gc          ] Allocation Stall (reactors-io-scheduler-ForkJoinPool-1-worker-18) 16.879ms
[4.313s][info][gc          ] Allocation Stall (reactors-io-scheduler-ForkJoinPool-1-worker-9) 16.815ms
[4.313s][info][gc          ] Allocation Stall (reactors-io-scheduler-ForkJoinPool-1-worker-45) 16.845ms
[4.313s][info][gc          ] Allocation Stall (reactors-io-scheduler-ForkJoinPool-1-worker-40) 15.492ms
[4.313s][info][gc          ] Allocation Stall (reactors-io-scheduler-ForkJoinPool-1-worker-3) 15.431ms
[4.313s][info][gc          ] Allocation Stall (reactors-io-scheduler-ForkJoinPool-1-worker-19) 16.853ms
[4.313s][info][gc          ] Allocation Stall (reactors-io-scheduler-ForkJoinPool-1-worker-23) 16.889ms
[4.313s][info][gc          ] Allocation Stall (reactors-io-scheduler-ForkJoinPool-1-worker-21) 16.914ms
[4.313s][info][gc          ] Allocation Stall (reactors-io-scheduler-ForkJoinPool-1-worker-6) 15.403ms
[4.313s][info][gc          ] Allocation Stall (reactors-io-scheduler-ForkJoinPool-1-worker-2) 16.934ms
[4.313s][info][gc          ] Allocation Stall (reactors-io-scheduler-ForkJoinPool-1-worker-27) 16.903ms
[4.313s][info][gc          ] Allocation Stall (reactors-io-scheduler-ForkJoinPool-1-worker-36) 16.869ms
[4.313s][info][gc          ] Allocation Stall (reactors-io-scheduler-ForkJoinPool-1-worker-24) 16.961ms
[4.313s][info][gc          ] Allocation Stall (reactors-io-scheduler-ForkJoinPool-1-worker-35) 16.889ms
[4.313s][info][gc          ] Allocation Stall (reactors-io-scheduler-reanimator) 16.862ms
[4.313s][info][gc          ] Allocation Stall (reactors-io-scheduler-ForkJoinPool-1-worker-48) 16.900ms
[4.313s][info][gc          ] Allocation Stall (reactors-io-scheduler-ForkJoinPool-1-worker-4) 16.893ms
[4.313s][info][gc          ] Allocation Stall (reactors-io-scheduler-ForkJoinPool-1-worker-13) 16.963ms
[4.313s][info][gc          ] Allocation Stall (reactors-io-scheduler-ForkJoinPool-1-worker-31) 16.905ms
[4.313s][info][gc          ] Allocation Stall (reactors-io-scheduler-ForkJoinPool-1-worker-30) 16.861ms
[4.313s][info][gc          ] Allocation Stall (reactors-io-scheduler-ForkJoinPool-1-worker-17) 16.939ms
[4.313s][info][gc          ] Allocation Stall (reactors-io-scheduler-ForkJoinPool-1-worker-1) 16.941ms
[4.313s][info][gc          ] Allocation Stall (reactors-io-scheduler-ForkJoinPool-1-worker-41) 16.910ms
[4.313s][info][gc          ] Allocation Stall (reactors-io-scheduler-ForkJoinPool-1-worker-38) 15.444ms
[4.313s][info][gc          ] Allocation Stall (reactors-io-scheduler-ForkJoinPool-1-worker-22) 16.911ms
[4.313s][info][gc          ] Allocation Stall (reactors-io-scheduler-ForkJoinPool-1-worker-11) 16.982ms
[4.313s][info][gc          ] Allocation Stall (reactors-io-scheduler-ForkJoinPool-1-worker-5) 16.981ms
[4.313s][info][gc          ] Allocation Stall (reactors-io-scheduler-ForkJoinPool-1-worker-12) 16.895ms
[4.313s][info][gc          ] Allocation Stall (reactors-io-scheduler-ForkJoinPool-1-worker-25) 16.968ms
[4.313s][info][gc          ] Allocation Stall (reactors-io-scheduler-ForkJoinPool-1-worker-8) 16.988ms
[4.313s][info][gc          ] Allocation Stall (reactors-io-scheduler-ForkJoinPool-1-worker-32) 16.915ms
[4.313s][info][gc          ] Allocation Stall (reactors-io-scheduler-ForkJoinPool-1-worker-26) 16.951ms
[4.313s][info][gc          ] Allocation Stall (reactors-io-scheduler-ForkJoinPool-1-worker-44) 16.998ms
[4.313s][info][gc          ] Allocation Stall (reactors-io-scheduler-ForkJoinPool-1-worker-10) 16.928ms
[4.313s][info][gc          ] Allocation Stall (reactors-io-scheduler-ForkJoinPool-1-worker-28) 16.997ms
[4.313s][info][gc          ] Allocation Stall (reactors-io-scheduler-ForkJoinPool-1-worker-20) 16.982ms
[4.313s][info][gc          ] Allocation Stall (reactors-io-scheduler-ForkJoinPool-1-worker-15) 15.414ms
[4.313s][info][gc          ] Allocation Stall (reactors-io-scheduler-ForkJoinPool-1-worker-39) 15.403ms
[4.313s][info][gc          ] Allocation Stall (reactors-io-scheduler-ForkJoinPool-1-worker-7) 16.952ms
[4.313s][info][gc          ] Allocation Stall (reactors-io-scheduler-ForkJoinPool-1-worker-37) 17.006ms
[4.313s][info][gc          ] Allocation Stall (reactors-io-scheduler-ForkJoinPool-1-worker-43) 16.988ms
[4.313s][info][gc          ] Allocation Stall (reactors-io-scheduler-ForkJoinPool-1-worker-29) 16.977ms
[4.313s][info][gc          ] Allocation Stall (reactors-io-scheduler-ForkJoinPool-1-worker-47) 15.429ms
[4.313s][info][gc          ] Allocation Stall (reactors-io-scheduler-ForkJoinPool-1-worker-46) 16.976ms
[4.313s][info][gc          ] Allocation Stall (reactors-io-scheduler-ForkJoinPool-1-worker-16) 16.902ms
[4.313s][info][gc          ] Allocation Stall (reactors-io-scheduler-ForkJoinPool-1-worker-42) 16.982ms
[4.313s][info][gc          ] Allocation Stall (reactors-io-scheduler-ForkJoinPool-1-worker-33) 16.954ms
[4.329s][info][gc,phases   ] GC(4) Concurrent Select Relocation Set 16.009ms
[4.350s][info][gc,phases   ] GC(4) Pause Relocate Start 0.008ms
[4.359s][info][gc,phases   ] GC(4) Concurrent Relocate 9.012ms
[4.360s][info][gc,load     ] GC(4) Load: 0.00/0.00/0.00
[4.360s][info][gc,mmu      ] GC(4) MMU: 2ms/98.0%, 5ms/99.2%, 10ms/99.6%, 20ms/99.7%, 50ms/99.8%, 100ms/99.9%
[4.360s][info][gc,marking  ] GC(4) Mark: 4 stripe(s), 2 proactive flush(es), 1 terminate flush(es), 0 completion(s), 0 continuation(s) 
[4.360s][info][gc,marking  ] GC(4) Mark Stack Usage: 32M
[4.360s][info][gc,nmethod  ] GC(4) NMethods: 2134 registered, 423 unregistered
[4.360s][info][gc,metaspace] GC(4) Metaspace: 15M used, 15M committed, 1088M reserved
[4.360s][info][gc,ref      ] GC(4) Soft: 231 encountered, 0 discovered, 0 enqueued
[4.360s][info][gc,ref      ] GC(4) Weak: 852 encountered, 391 discovered, 0 enqueued
[4.360s][info][gc,ref      ] GC(4) Final: 0 encountered, 0 discovered, 0 enqueued
[4.360s][info][gc,ref      ] GC(4) Phantom: 36 encountered, 21 discovered, 0 enqueued
[4.360s][info][gc,reloc    ] GC(4) Small Pages: 255 / 510M, Empty: 228M, Relocated: 5M, In-Place: 0
[4.360s][info][gc,reloc    ] GC(4) Medium Pages: 0 / 0M, Empty: 0M, Relocated: 0M, In-Place: 0
[4.360s][info][gc,reloc    ] GC(4) Large Pages: 0 / 0M, Empty: 0M, Relocated: 0M, In-Place: 0
[4.360s][info][gc,reloc    ] GC(4) Forwarding Usage: 2M
[4.360s][info][gc,heap     ] GC(4) Min Capacity: 8M(2%)
[4.360s][info][gc,heap     ] GC(4) Max Capacity: 512M(100%)
[4.360s][info][gc,heap     ] GC(4) Soft Max Capacity: 512M(100%)
[4.360s][info][gc,heap     ] GC(4)                Mark Start          Mark End        Relocate Start      Relocate End           High               Low         
[4.360s][info][gc,heap     ] GC(4)  Capacity:      512M (100%)        512M (100%)        512M (100%)        512M (100%)        512M (100%)        512M (100%)   
[4.360s][info][gc,heap     ] GC(4)      Free:        2M (0%)            0M (0%)          126M (25%)         364M (71%)         384M (75%)           0M (0%)     
[4.360s][info][gc,heap     ] GC(4)      Used:      510M (100%)        512M (100%)        386M (75%)         148M (29%)         512M (100%)        128M (25%)    
[4.360s][info][gc,heap     ] GC(4)      Live:         -                 8M (2%)            8M (2%)            8M (2%)             -                  -          
[4.360s][info][gc,heap     ] GC(4) Allocated:         -                 2M (0%)          104M (20%)         133M (26%)            -                  -          
[4.360s][info][gc,heap     ] GC(4)   Garbage:         -               501M (98%)         273M (53%)           5M (1%)             -                  -          
[4.360s][info][gc,heap     ] GC(4) Reclaimed:         -                  -               228M (45%)         495M (97%)            -                  -          
[4.360s][info][gc          ] GC(4) Garbage Collection (Allocation Rate) 510M(100%)->148M(29%)
[4.389s][info][gc,start    ] GC(5) Garbage Collection (Allocation Stall)
[4.389s][info][gc,ref      ] GC(5) Clearing All SoftReferences
[4.389s][info][gc,task     ] GC(5) Using 5 workers
[4.390s][info][gc,ref      ] GC(5) Clearing All SoftReferences
[4.390s][info][gc,phases   ] GC(5) Pause Mark Start 0.043ms
[4.452s][info][gc,phases   ] GC(5) Concurrent Mark 46.840ms
[4.452s][info][gc,phases   ] GC(5) Pause Mark End 0.013ms
[4.452s][info][gc,phases   ] GC(5) Concurrent Mark Free 0.001ms
[4.456s][info][gc,phases   ] GC(5) Concurrent Process Non-Strong References 4.405ms
[4.456s][info][gc,phases   ] GC(5) Concurrent Reset Relocation Set 0.021ms
[4.459s][info][gc          ] Allocation Stall (reactors-io-scheduler-ForkJoinPool-1-worker-30) 31.790ms
[4.459s][info][gc          ] Allocation Stall (reactors-io-scheduler-ForkJoinPool-1-worker-32) 31.680ms
[4.459s][info][gc          ] Allocation Stall (reactors-io-scheduler-ForkJoinPool-1-worker-28) 31.609ms
[4.459s][info][gc          ] Allocation Stall (reactors-io-scheduler-ForkJoinPool-1-worker-14) 31.539ms
[4.459s][info][gc          ] Allocation Stall (reactors-io-scheduler-ForkJoinPool-1-worker-16) 31.608ms
[4.459s][info][gc          ] Allocation Stall (reactors-io-scheduler-ForkJoinPool-1-worker-33) 31.485ms
[4.459s][info][gc          ] Allocation Stall (reactors-io-scheduler-ForkJoinPool-1-worker-31) 32.183ms
[4.459s][info][gc          ] Allocation Stall (reactors-io-scheduler-ForkJoinPool-1-worker-5) 31.376ms
[4.459s][info][gc          ] Allocation Stall (reactors-io-scheduler-ForkJoinPool-1-worker-35) 32.144ms
[4.459s][info][gc          ] Allocation Stall (reactors-io-scheduler-ForkJoinPool-1-worker-24) 31.792ms
[4.459s][info][gc          ] Allocation Stall (reactors-io-scheduler-ForkJoinPool-1-worker-48) 31.945ms
[4.459s][info][gc          ] Allocation Stall (reactors-io-scheduler-ForkJoinPool-1-worker-11) 31.481ms
[4.459s][info][gc          ] Allocation Stall (reactors-io-scheduler-ForkJoinPool-1-worker-22) 31.765ms
[4.459s][info][gc          ] Allocation Stall (reactors-io-scheduler-ForkJoinPool-1-worker-17) 31.605ms
[4.459s][info][gc          ] Allocation Stall (reactors-io-scheduler-ForkJoinPool-1-worker-40) 31.346ms
[4.459s][info][gc          ] Allocation Stall (reactors-io-scheduler-ForkJoinPool-1-worker-44) 32.020ms
[4.459s][info][gc          ] Allocation Stall (reactors-io-scheduler-ForkJoinPool-1-worker-7) 32.039ms
[4.459s][info][gc          ] Allocation Stall (reactors-io-scheduler-ForkJoinPool-1-worker-6) 32.003ms
[4.459s][info][gc          ] Allocation Stall (reactors-io-scheduler-ForkJoinPool-1-worker-19) 31.770ms
[4.459s][info][gc          ] Allocation Stall (reactors-io-scheduler-ForkJoinPool-1-worker-15) 31.503ms
[4.459s][info][gc          ] Allocation Stall (reactors-io-scheduler-ForkJoinPool-1-worker-36) 31.729ms
[4.459s][info][gc          ] Allocation Stall (reactors-io-scheduler-ForkJoinPool-1-worker-29) 31.870ms
[4.459s][info][gc          ] Allocation Stall (reactors-io-scheduler-ForkJoinPool-1-worker-37) 31.724ms
[4.459s][info][gc          ] Allocation Stall (reactors-io-scheduler-ForkJoinPool-1-worker-18) 31.334ms
[4.459s][info][gc          ] Allocation Stall (reactors-io-scheduler-ForkJoinPool-1-worker-23) 31.433ms
[4.459s][info][gc          ] Allocation Stall (reactors-io-scheduler-ForkJoinPool-1-worker-20) 31.828ms
[4.459s][info][gc          ] Allocation Stall (reactors-io-scheduler-ForkJoinPool-1-worker-12) 32.017ms
[4.459s][info][gc          ] Allocation Stall (reactors-io-scheduler-ForkJoinPool-1-worker-41) 32.069ms
[4.459s][info][gc          ] Allocation Stall (reactors-io-scheduler-ForkJoinPool-1-worker-34) 31.665ms
[4.459s][info][gc          ] Allocation Stall (reactors-io-scheduler-ForkJoinPool-1-worker-46) 31.887ms
[4.459s][info][gc          ] Allocation Stall (reactors-io-scheduler-ForkJoinPool-1-worker-43) 32.038ms
[4.459s][info][gc          ] Allocation Stall (reactors-io-scheduler-ForkJoinPool-1-worker-42) 31.739ms
[4.459s][info][gc          ] Allocation Stall (reactors-io-scheduler-ForkJoinPool-1-worker-45) 31.345ms
[4.459s][info][gc          ] Allocation Stall (reactors-io-scheduler-ForkJoinPool-1-worker-38) 31.332ms
[4.459s][info][gc          ] Allocation Stall (reactors-io-scheduler-ForkJoinPool-1-worker-26) 31.370ms
[4.459s][info][gc          ] Allocation Stall (reactors-io-scheduler-ForkJoinPool-1-worker-13) 31.403ms
[4.459s][info][gc          ] Allocation Stall (reactors-io-scheduler-ForkJoinPool-1-worker-39) 31.444ms
[4.459s][info][gc          ] Allocation Stall (reactors-io-scheduler-ForkJoinPool-1-worker-25) 31.483ms
[4.459s][info][gc          ] Allocation Stall (reactors-io-scheduler-ForkJoinPool-1-worker-1) 31.537ms
[4.460s][info][gc          ] Allocation Stall (reactors-io-scheduler-ForkJoinPool-1-worker-3) 31.643ms
[4.460s][info][gc          ] Allocation Stall (reactors-io-scheduler-ForkJoinPool-1-worker-27) 31.652ms
[4.460s][info][gc          ] Allocation Stall (reactors-io-scheduler-ForkJoinPool-1-worker-21) 31.708ms
[4.460s][info][gc          ] Allocation Stall (reactors-io-scheduler-ForkJoinPool-1-worker-10) 31.764ms
[4.460s][info][gc          ] Allocation Stall (reactors-io-scheduler-ForkJoinPool-1-worker-2) 31.780ms
[4.460s][info][gc          ] Allocation Stall (reactors-io-scheduler-ForkJoinPool-1-worker-47) 31.878ms
[4.460s][info][gc          ] Allocation Stall (reactors-io-scheduler-ForkJoinPool-1-worker-9) 31.939ms
[4.460s][info][gc          ] Allocation Stall (reactors-io-scheduler-ForkJoinPool-1-worker-8) 31.967ms
[4.460s][info][gc          ] Allocation Stall (reactors-io-scheduler-ForkJoinPool-1-worker-4) 32.092ms
[4.460s][info][gc          ] Allocation Stall (reactors-io-scheduler-ForkJoinPool-1-worker-31) 0.134ms
[4.460s][info][gc          ] Allocation Stall (reactors-io-scheduler-ForkJoinPool-1-worker-5) 0.193ms
[4.466s][info][gc,phases   ] GC(5) Concurrent Select Relocation Set 9.098ms
[4.466s][info][gc,phases   ] GC(5) Pause Relocate Start 0.009ms
[4.477s][info][gc,phases   ] GC(5) Concurrent Relocate 11.092ms
[4.477s][info][gc,load     ] GC(5) Load: 0.00/0.00/0.00
[4.477s][info][gc,mmu      ] GC(5) MMU: 2ms/97.8%, 5ms/99.1%, 10ms/99.6%, 20ms/99.7%, 50ms/99.8%, 100ms/99.9%
[4.477s][info][gc,marking  ] GC(5) Mark: 4 stripe(s), 3 proactive flush(es), 1 terminate flush(es), 0 completion(s), 0 continuation(s) 
[4.477s][info][gc,marking  ] GC(5) Mark Stack Usage: 32M
[4.477s][info][gc,nmethod  ] GC(5) NMethods: 2136 registered, 424 unregistered
[4.477s][info][gc,metaspace] GC(5) Metaspace: 15M used, 15M committed, 1088M reserved
[4.477s][info][gc,ref      ] GC(5) Soft: 226 encountered, 126 discovered, 74 enqueued
[4.477s][info][gc,ref      ] GC(5) Weak: 852 encountered, 120 discovered, 17 enqueued
[4.477s][info][gc,ref      ] GC(5) Final: 0 encountered, 0 discovered, 0 enqueued
[4.477s][info][gc,ref      ] GC(5) Phantom: 36 encountered, 26 discovered, 0 enqueued
[4.477s][info][gc,reloc    ] GC(5) Small Pages: 148 / 296M, Empty: 64M, Relocated: 6M, In-Place: 0
[4.477s][info][gc,reloc    ] GC(5) Medium Pages: 0 / 0M, Empty: 0M, Relocated: 0M, In-Place: 0
[4.477s][info][gc,reloc    ] GC(5) Large Pages: 0 / 0M, Empty: 0M, Relocated: 0M, In-Place: 0
[4.477s][info][gc,reloc    ] GC(5) Forwarding Usage: 2M
[4.477s][info][gc,heap     ] GC(5) Min Capacity: 8M(2%)
[4.477s][info][gc,heap     ] GC(5) Max Capacity: 512M(100%)
[4.477s][info][gc,heap     ] GC(5) Soft Max Capacity: 512M(100%)
[4.477s][info][gc,heap     ] GC(5)                Mark Start          Mark End        Relocate Start      Relocate End           High               Low         
[4.477s][info][gc,heap     ] GC(5)  Capacity:      512M (100%)        512M (100%)        512M (100%)        512M (100%)        512M (100%)        512M (100%)   
[4.478s][info][gc,heap     ] GC(5)      Free:      216M (42%)           0M (0%)           22M (4%)          204M (40%)         228M (45%)           0M (0%)     
[4.478s][info][gc,heap     ] GC(5)      Used:      296M (58%)         512M (100%)        490M (96%)         308M (60%)         512M (100%)        284M (55%)    
[4.478s][info][gc,heap     ] GC(5)      Live:         -                 6M (1%)            6M (1%)            6M (1%)             -                  -          
[4.478s][info][gc,heap     ] GC(5) Allocated:         -               216M (42%)         258M (50%)         297M (58%)            -                  -          
[4.478s][info][gc,heap     ] GC(5)   Garbage:         -               289M (56%)         225M (44%)           3M (1%)             -                  -          
[4.478s][info][gc,heap     ] GC(5) Reclaimed:         -                  -                64M (13%)         285M (56%)            -                  -          
[4.478s][info][gc          ] GC(5) Garbage Collection (Allocation Stall) 296M(58%)->308M(60%)
[4.499s][info][gc,start    ] GC(6) Garbage Collection (Allocation Stall)
[4.499s][info][gc,ref      ] GC(6) Clearing All SoftReferences
[4.499s][info][gc,task     ] GC(6) Using 5 workers
[4.499s][info][gc,ref      ] GC(6) Clearing All SoftReferences
[4.499s][info][gc,phases   ] GC(6) Pause Mark Start 0.042ms
[4.530s][info][gc,phases   ] GC(6) Concurrent Mark 15.567ms
[4.530s][info][gc,phases   ] GC(6) Pause Mark End 0.013ms
[4.530s][info][gc,phases   ] GC(6) Concurrent Mark Free 0.000ms
[4.531s][info][gc,phases   ] GC(6) Concurrent Process Non-Strong References 1.046ms
[4.531s][info][gc,phases   ] GC(6) Concurrent Reset Relocation Set 0.016ms
[4.531s][info][gc          ] Allocation Stall (reactors-io-scheduler-ForkJoinPool-1-worker-36) 11.536ms
[4.531s][info][gc          ] Allocation Stall (reactors-io-scheduler-ForkJoinPool-1-worker-16) 11.838ms
[4.531s][info][gc          ] Allocation Stall (reactors-io-scheduler-ForkJoinPool-1-worker-27) 11.729ms
[4.531s][info][gc          ] Allocation Stall (reactors-io-scheduler-ForkJoinPool-1-worker-21) 12.783ms
[4.531s][info][gc          ] Allocation Stall (reactors-io-scheduler-ForkJoinPool-1-worker-19) 11.693ms
[4.531s][info][gc          ] Allocation Stall (reactors-io-scheduler-ForkJoinPool-1-worker-12) 11.480ms
[4.531s][info][gc          ] Allocation Stall (reactors-io-scheduler-ForkJoinPool-1-worker-30) 11.746ms
[4.531s][info][gc          ] Allocation Stall (reactors-io-scheduler-ForkJoinPool-1-worker-22) 11.882ms
[4.531s][info][gc          ] Allocation Stall (reactors-io-scheduler-ForkJoinPool-1-worker-26) 11.617ms
[4.531s][info][gc          ] Allocation Stall (reactors-io-scheduler-ForkJoinPool-1-worker-15) 11.548ms
[4.531s][info][gc          ] Allocation Stall (reactors-io-scheduler-ForkJoinPool-1-worker-35) 11.567ms
[4.531s][info][gc          ] Allocation Stall (reactors-io-scheduler-ForkJoinPool-1-worker-31) 11.533ms
[4.531s][info][gc          ] Allocation Stall (reactors-io-scheduler-ForkJoinPool-1-worker-47) 12.119ms
[4.531s][info][gc          ] Allocation Stall (reactors-io-scheduler-ForkJoinPool-1-worker-11) 11.665ms
[4.531s][info][gc          ] Allocation Stall (reactors-io-scheduler-ForkJoinPool-1-worker-25) 12.146ms
[4.531s][info][gc          ] Allocation Stall (reactors-io-scheduler-ForkJoinPool-1-worker-20) 11.949ms
[4.531s][info][gc          ] Allocation Stall (reactors-io-scheduler-ForkJoinPool-1-worker-6) 11.541ms
[4.531s][info][gc          ] Allocation Stall (reactors-io-scheduler-ForkJoinPool-1-worker-1) 12.233ms
[4.531s][info][gc          ] Allocation Stall (reactors-io-scheduler-ForkJoinPool-1-worker-2) 12.277ms
[4.531s][info][gc          ] Allocation Stall (reactors-io-scheduler-ForkJoinPool-1-worker-14) 12.079ms
[4.531s][info][gc          ] Allocation Stall (reactors-io-scheduler-ForkJoinPool-1-worker-42) 12.384ms
[4.531s][info][gc          ] Allocation Stall (reactors-io-scheduler-ForkJoinPool-1-worker-5) 11.784ms
[4.531s][info][gc          ] Allocation Stall (reactors-io-scheduler-ForkJoinPool-1-worker-41) 11.687ms
[4.531s][info][gc          ] Allocation Stall (reactors-io-scheduler-ForkJoinPool-1-worker-37) 12.460ms
[4.531s][info][gc          ] Allocation Stall (reactors-io-scheduler-ForkJoinPool-1-worker-28) 11.532ms
[4.531s][info][gc          ] Allocation Stall (reactors-io-scheduler-ForkJoinPool-1-worker-4) 11.824ms
[4.531s][info][gc          ] Allocation Stall (reactors-io-scheduler-ForkJoinPool-1-worker-17) 12.672ms
[4.531s][info][gc          ] Allocation Stall (reactors-io-scheduler-ForkJoinPool-1-worker-18) 11.888ms
[4.531s][info][gc          ] Allocation Stall (reactors-io-scheduler-ForkJoinPool-1-worker-29) 12.006ms
[4.531s][info][gc          ] Allocation Stall (reactors-io-scheduler-ForkJoinPool-1-worker-32) 11.590ms
[4.531s][info][gc          ] Allocation Stall (reactors-io-scheduler-ForkJoinPool-1-worker-13) 12.591ms
[4.531s][info][gc          ] Allocation Stall (reactors-io-scheduler-ForkJoinPool-1-worker-7) 11.893ms
[4.531s][info][gc          ] Allocation Stall (reactors-io-scheduler-ForkJoinPool-1-worker-34) 12.083ms
[4.531s][info][gc          ] Allocation Stall (reactors-io-scheduler-ForkJoinPool-1-worker-40) 12.597ms
[4.531s][info][gc          ] Allocation Stall (reactors-io-scheduler-ForkJoinPool-1-worker-23) 11.821ms
[4.531s][info][gc          ] Allocation Stall (reactors-io-scheduler-ForkJoinPool-1-worker-46) 11.569ms
[4.531s][info][gc          ] Allocation Stall (reactors-io-scheduler-ForkJoinPool-1-worker-24) 11.451ms
[4.531s][info][gc          ] Allocation Stall (reactors-io-scheduler-ForkJoinPool-1-worker-9) 12.723ms
[4.531s][info][gc          ] Allocation Stall (reactors-io-scheduler-ForkJoinPool-1-worker-45) 11.524ms
[4.531s][info][gc          ] Allocation Stall (reactors-io-scheduler-reanimator) 12.744ms
[4.531s][info][gc          ] Allocation Stall (reactors-io-scheduler-ForkJoinPool-1-worker-43) 12.812ms
[4.531s][info][gc          ] Allocation Stall (reactors-io-scheduler-ForkJoinPool-1-worker-48) 11.624ms
[4.531s][info][gc          ] Allocation Stall (reactors-io-scheduler-ForkJoinPool-1-worker-10) 11.434ms
[4.531s][info][gc          ] Allocation Stall (reactors-io-scheduler-ForkJoinPool-1-worker-39) 12.255ms
[4.531s][info][gc          ] Allocation Stall (reactors-io-scheduler-ForkJoinPool-1-worker-3) 11.649ms
[4.531s][info][gc          ] Allocation Stall (reactors-io-scheduler-ForkJoinPool-1-worker-44) 12.785ms
[4.531s][info][gc          ] Allocation Stall (reactors-io-scheduler-ForkJoinPool-1-worker-33) 12.672ms
[4.531s][info][gc          ] Allocation Stall (reactors-io-scheduler-ForkJoinPool-1-worker-8) 11.493ms
[4.531s][info][gc          ] Allocation Stall (reactors-io-scheduler-ForkJoinPool-1-worker-38) 11.782ms
[4.547s][info][gc,phases   ] GC(6) Concurrent Select Relocation Set 15.950ms
[4.547s][info][gc,phases   ] GC(6) Pause Relocate Start 0.008ms
[4.556s][info][gc,phases   ] GC(6) Concurrent Relocate 8.502ms
[4.556s][info][gc,load     ] GC(6) Load: 0.00/0.00/0.00
[4.556s][info][gc,mmu      ] GC(6) MMU: 2ms/97.8%, 5ms/99.1%, 10ms/99.6%, 20ms/99.7%, 50ms/99.8%, 100ms/99.9%
[4.556s][info][gc,marking  ] GC(6) Mark: 4 stripe(s), 2 proactive flush(es), 1 terminate flush(es), 0 completion(s), 0 continuation(s) 
[4.556s][info][gc,marking  ] GC(6) Mark Stack Usage: 32M
[4.556s][info][gc,nmethod  ] GC(6) NMethods: 2135 registered, 425 unregistered
[4.556s][info][gc,metaspace] GC(6) Metaspace: 15M used, 15M committed, 1088M reserved
[4.556s][info][gc,ref      ] GC(6) Soft: 152 encountered, 61 discovered, 0 enqueued
[4.556s][info][gc,ref      ] GC(6) Weak: 835 encountered, 503 discovered, 0 enqueued
[4.556s][info][gc,ref      ] GC(6) Final: 0 encountered, 0 discovered, 0 enqueued
[4.556s][info][gc,ref      ] GC(6) Phantom: 36 encountered, 20 discovered, 0 enqueued
[4.556s][info][gc,reloc    ] GC(6) Small Pages: 207 / 414M, Empty: 190M, Relocated: 6M, In-Place: 0
[4.556s][info][gc,reloc    ] GC(6) Medium Pages: 0 / 0M, Empty: 0M, Relocated: 0M, In-Place: 0
[4.556s][info][gc,reloc    ] GC(6) Large Pages: 0 / 0M, Empty: 0M, Relocated: 0M, In-Place: 0
[4.556s][info][gc,reloc    ] GC(6) Forwarding Usage: 2M
[4.556s][info][gc,heap     ] GC(6) Min Capacity: 8M(2%)
[4.556s][info][gc,heap     ] GC(6) Max Capacity: 512M(100%)
[4.556s][info][gc,heap     ] GC(6) Soft Max Capacity: 512M(100%)
[4.556s][info][gc,heap     ] GC(6)                Mark Start          Mark End        Relocate Start      Relocate End           High               Low         
[4.556s][info][gc,heap     ] GC(6)  Capacity:      512M (100%)        512M (100%)        512M (100%)        512M (100%)        512M (100%)        512M (100%)   
[4.556s][info][gc,heap     ] GC(6)      Free:       98M (19%)           0M (0%)          134M (26%)         302M (59%)         328M (64%)           0M (0%)     
[4.556s][info][gc,heap     ] GC(6)      Used:      414M (81%)         512M (100%)        378M (74%)         210M (41%)         512M (100%)        184M (36%)    
[4.556s][info][gc,heap     ] GC(6)      Live:         -                 6M (1%)            6M (1%)            6M (1%)             -                  -          
[4.556s][info][gc,heap     ] GC(6) Allocated:         -                98M (19%)         154M (30%)         197M (39%)            -                  -          
[4.556s][info][gc,heap     ] GC(6)   Garbage:         -               407M (80%)         217M (42%)           5M (1%)             -                  -          
[4.556s][info][gc,heap     ] GC(6) Reclaimed:         -                  -               190M (37%)         401M (78%)            -                  -          
[4.556s][info][gc          ] GC(6) Garbage Collection (Allocation Stall) 414M(81%)->210M(41%)
[4.592s][info][gc,start    ] GC(7) Garbage Collection (Allocation Stall)
[4.592s][info][gc,ref      ] GC(7) Clearing All SoftReferences
[4.592s][info][gc,task     ] GC(7) Using 5 workers
[4.593s][info][gc,ref      ] GC(7) Clearing All SoftReferences
[4.593s][info][gc,phases   ] GC(7) Pause Mark Start 0.048ms
[4.624s][info][gc,phases   ] GC(7) Concurrent Mark 8.690ms
[4.624s][info][gc,phases   ] GC(7) Pause Mark End 0.013ms
[4.624s][info][gc,phases   ] GC(7) Concurrent Mark Free 0.001ms
[4.625s][info][gc,phases   ] GC(7) Concurrent Process Non-Strong References 0.945ms
[4.625s][info][gc,phases   ] GC(7) Concurrent Reset Relocation Set 0.015ms
[4.625s][info][gc          ] Allocation Stall (reactors-io-scheduler-ForkJoinPool-1-worker-24) 9.085ms
[4.625s][info][gc          ] Allocation Stall (reactors-io-scheduler-ForkJoinPool-1-worker-25) 8.969ms
[4.625s][info][gc          ] Allocation Stall (reactors-io-scheduler-ForkJoinPool-1-worker-48) 9.073ms
[4.625s][info][gc          ] Allocation Stall (reactors-io-scheduler-ForkJoinPool-1-worker-10) 8.973ms
[4.625s][info][gc          ] Allocation Stall (reactors-io-scheduler-ForkJoinPool-1-worker-41) 8.912ms
[4.625s][info][gc          ] Allocation Stall (reactors-io-scheduler-ForkJoinPool-1-worker-40) 8.858ms
[4.625s][info][gc          ] Allocation Stall (reactors-io-scheduler-ForkJoinPool-1-worker-15) 9.000ms
[4.625s][info][gc          ] Allocation Stall (reactors-io-scheduler-ForkJoinPool-1-worker-28) 8.794ms
[4.625s][info][gc          ] Allocation Stall (reactors-io-scheduler-ForkJoinPool-1-worker-19) 9.111ms
[4.625s][info][gc          ] Allocation Stall (reactors-io-scheduler-ForkJoinPool-1-worker-5) 8.860ms
[4.625s][info][gc          ] Allocation Stall (reactors-io-scheduler-ForkJoinPool-1-worker-30) 9.208ms
[4.625s][info][gc          ] Allocation Stall (reactors-io-scheduler-ForkJoinPool-1-worker-33) 8.851ms
[4.625s][info][gc          ] Allocation Stall (reactors-io-scheduler-ForkJoinPool-1-worker-18) 9.120ms
[4.625s][info][gc          ] Allocation Stall (reactors-io-scheduler-ForkJoinPool-1-worker-45) 8.880ms
[4.625s][info][gc          ] Allocation Stall (reactors-io-scheduler-ForkJoinPool-1-worker-4) 9.139ms
[4.625s][info][gc          ] Allocation Stall (reactors-io-scheduler-ForkJoinPool-1-worker-26) 10.123ms
[4.625s][info][gc          ] Allocation Stall (reactors-io-scheduler-ForkJoinPool-1-worker-35) 8.970ms
[4.625s][info][gc          ] Allocation Stall (reactors-io-scheduler-ForkJoinPool-1-worker-46) 9.051ms
[4.625s][info][gc          ] Allocation Stall (reactors-io-scheduler-ForkJoinPool-1-worker-22) 9.221ms
[4.625s][info][gc          ] Allocation Stall (reactors-io-scheduler-ForkJoinPool-1-worker-27) 8.912ms
[4.625s][info][gc          ] Allocation Stall (reactors-io-scheduler-ForkJoinPool-1-worker-2) 9.005ms
[4.625s][info][gc          ] Allocation Stall (reactors-io-scheduler-ForkJoinPool-1-worker-37) 9.097ms
[4.625s][info][gc          ] Allocation Stall (reactors-io-scheduler-ForkJoinPool-1-worker-43) 9.361ms
[4.625s][info][gc          ] Allocation Stall (reactors-io-scheduler-ForkJoinPool-1-worker-12) 9.363ms
[4.625s][info][gc          ] Allocation Stall (reactors-io-scheduler-ForkJoinPool-1-worker-21) 8.985ms
[4.625s][info][gc          ] Allocation Stall (reactors-io-scheduler-ForkJoinPool-1-worker-8) 8.894ms
[4.625s][info][gc          ] Allocation Stall (reactors-io-scheduler-ForkJoinPool-1-worker-36) 9.277ms
[4.625s][info][gc          ] Allocation Stall (reactors-io-scheduler-ForkJoinPool-1-worker-23) 8.938ms
[4.625s][info][gc          ] Allocation Stall (reactors-io-scheduler-ForkJoinPool-1-worker-17) 9.433ms
[4.625s][info][gc          ] Allocation Stall (reactors-io-scheduler-ForkJoinPool-1-worker-42) 9.462ms
[4.625s][info][gc          ] Allocation Stall (reactors-io-scheduler-ForkJoinPool-1-worker-3) 9.548ms
[4.625s][info][gc          ] Allocation Stall (reactors-io-scheduler-ForkJoinPool-1-worker-13) 9.156ms
[4.625s][info][gc          ] Allocation Stall (reactors-io-scheduler-ForkJoinPool-1-worker-39) 9.374ms
[4.625s][info][gc          ] Allocation Stall (reactors-io-scheduler-ForkJoinPool-1-worker-29) 9.644ms
[4.625s][info][gc          ] Allocation Stall (reactors-io-scheduler-ForkJoinPool-1-worker-32) 9.000ms
[4.625s][info][gc          ] Allocation Stall (reactors-io-scheduler-ForkJoinPool-1-worker-38) 9.685ms
[4.625s][info][gc          ] Allocation Stall (reactors-io-scheduler-ForkJoinPool-1-worker-47) 9.612ms
[4.625s][info][gc          ] Allocation Stall (reactors-io-scheduler-ForkJoinPool-1-worker-20) 9.782ms
[4.625s][info][gc          ] Allocation Stall (reactors-io-scheduler-ForkJoinPool-1-worker-31) 8.876ms
[4.625s][info][gc          ] Allocation Stall (reactors-io-scheduler-ForkJoinPool-1-worker-11) 10.106ms
[4.625s][info][gc          ] Allocation Stall (reactors-io-scheduler-ForkJoinPool-1-worker-1) 9.088ms
[4.625s][info][gc          ] Allocation Stall (reactors-io-scheduler-ForkJoinPool-1-worker-14) 9.794ms
[4.625s][info][gc          ] Allocation Stall (reactors-io-scheduler-ForkJoinPool-1-worker-6) 9.436ms
[4.625s][info][gc          ] Allocation Stall (reactors-io-scheduler-ForkJoinPool-1-worker-16) 9.314ms
[4.625s][info][gc          ] Allocation Stall (reactors-io-scheduler-ForkJoinPool-1-worker-9) 9.803ms
[4.625s][info][gc          ] Allocation Stall (reactors-io-scheduler-ForkJoinPool-1-worker-34) 10.026ms
[4.625s][info][gc          ] Allocation Stall (reactors-io-scheduler-ForkJoinPool-1-worker-7) 9.722ms
[4.625s][info][gc          ] Allocation Stall (reactors-io-scheduler-ForkJoinPool-1-worker-44) 10.087ms
[4.631s][info][gc,phases   ] GC(7) Concurrent Select Relocation Set 6.050ms
[4.631s][info][gc,phases   ] GC(7) Pause Relocate Start 0.008ms
[4.657s][info][gc          ] Allocation Stall (reactors-io-scheduler-ForkJoinPool-1-worker-35) 0.439ms
[4.657s][info][gc          ] Allocation Stall (reactors-io-scheduler-ForkJoinPool-1-worker-22) 0.156ms
[4.657s][info][gc          ] Allocation Stall (reactors-io-scheduler-ForkJoinPool-1-worker-42) 0.267ms
[4.657s][info][gc          ] Allocation Stall (reactors-io-scheduler-ForkJoinPool-1-worker-38) 0.167ms
[4.657s][info][gc          ] Allocation Stall (reactors-io-scheduler-ForkJoinPool-1-worker-10) 0.118ms
[4.657s][info][gc          ] Allocation Stall (reactors-io-scheduler-ForkJoinPool-1-worker-44) 0.164ms
[4.657s][info][gc          ] Allocation Stall (reactors-io-scheduler-ForkJoinPool-1-worker-48) 0.129ms
[4.664s][info][gc          ] Relocation Stall (reactors-io-scheduler-ForkJoinPool-1-worker-2) 6.965ms
[4.664s][info][gc,phases   ] GC(7) Concurrent Relocate 7.014ms
[4.664s][info][gc,load     ] GC(7) Load: 0.00/0.00/0.00
[4.664s][info][gc,mmu      ] GC(7) MMU: 2ms/97.6%, 5ms/99.1%, 10ms/99.5%, 20ms/99.7%, 50ms/99.8%, 100ms/99.9%
[4.664s][info][gc,marking  ] GC(7) Mark: 4 stripe(s), 2 proactive flush(es), 1 terminate flush(es), 0 completion(s), 0 continuation(s) 
[4.664s][info][gc,marking  ] GC(7) Mark Stack Usage: 32M
[4.664s][info][gc,nmethod  ] GC(7) NMethods: 2135 registered, 425 unregistered
[4.664s][info][gc,metaspace] GC(7) Metaspace: 15M used, 15M committed, 1088M reserved
[4.664s][info][gc,ref      ] GC(7) Soft: 152 encountered, 45 discovered, 0 enqueued
[4.664s][info][gc,ref      ] GC(7) Weak: 835 encountered, 206 discovered, 0 enqueued
[4.664s][info][gc,ref      ] GC(7) Final: 0 encountered, 0 discovered, 0 enqueued
[4.664s][info][gc,ref      ] GC(7) Phantom: 36 encountered, 18 discovered, 0 enqueued
[4.665s][info][gc,reloc    ] GC(7) Small Pages: 199 / 398M, Empty: 160M, Relocated: 4M, In-Place: 5
[4.665s][info][gc,reloc    ] GC(7) Medium Pages: 0 / 0M, Empty: 0M, Relocated: 0M, In-Place: 0
[4.665s][info][gc,reloc    ] GC(7) Large Pages: 0 / 0M, Empty: 0M, Relocated: 0M, In-Place: 0
[4.665s][info][gc,reloc    ] GC(7) Forwarding Usage: 2M
[4.665s][info][gc,heap     ] GC(7) Min Capacity: 8M(2%)
[4.665s][info][gc,heap     ] GC(7) Max Capacity: 512M(100%)
[4.665s][info][gc,heap     ] GC(7) Soft Max Capacity: 512M(100%)
[4.665s][info][gc,heap     ] GC(7)                Mark Start          Mark End        Relocate Start      Relocate End           High               Low         
[4.665s][info][gc,heap     ] GC(7)  Capacity:      512M (100%)        512M (100%)        512M (100%)        512M (100%)        512M (100%)        512M (100%)   
[4.665s][info][gc,heap     ] GC(7)      Free:      114M (22%)           0M (0%)          122M (24%)         190M (37%)         204M (40%)           0M (0%)     
[4.665s][info][gc,heap     ] GC(7)      Used:      398M (78%)         512M (100%)        390M (76%)         322M (63%)         512M (100%)        308M (60%)    
[4.665s][info][gc,heap     ] GC(7)      Live:         -                 6M (1%)            6M (1%)            6M (1%)             -                  -          
[4.665s][info][gc,heap     ] GC(7) Allocated:         -               114M (22%)         152M (30%)         309M (61%)            -                  -          
[4.665s][info][gc,heap     ] GC(7)   Garbage:         -               391M (76%)         231M (45%)           5M (1%)             -                  -          
[4.665s][info][gc,heap     ] GC(7) Reclaimed:         -                  -               160M (31%)         385M (75%)            -                  -          
[4.665s][info][gc          ] GC(7) Garbage Collection (Allocation Stall) 398M(78%)->322M(63%)
[4.702s][info][gc,start    ] GC(8) Garbage Collection (Allocation Stall)
[4.702s][info][gc,ref      ] GC(8) Clearing All SoftReferences
[4.702s][info][gc,task     ] GC(8) Using 5 workers
[4.702s][info][gc,ref      ] GC(8) Clearing All SoftReferences
[4.702s][info][gc,phases   ] GC(8) Pause Mark Start 0.044ms
[4.702s][info][gc          ] Allocation Stall (reactors-io-scheduler-ForkJoinPool-1-worker-29) 0.051ms
[4.702s][info][gc          ] Allocation Stall (reactors-io-scheduler-ForkJoinPool-1-worker-21) 0.069ms
[4.702s][info][gc          ] Allocation Stall (reactors-io-scheduler-ForkJoinPool-1-worker-40) 0.037ms
[4.702s][info][gc          ] Allocation Stall (reactors-io-scheduler-ForkJoinPool-1-worker-13) 0.051ms
[4.702s][info][gc          ] Allocation Stall (reactors-io-scheduler-ForkJoinPool-1-worker-30) 0.161ms
[4.702s][info][gc          ] Allocation Stall (reactors-io-scheduler-ForkJoinPool-1-worker-46) 0.212ms
[4.702s][info][gc          ] Allocation Stall (reactors-io-scheduler-ForkJoinPool-1-worker-19) 0.238ms
[4.702s][info][gc          ] Allocation Stall (reactors-io-scheduler-ForkJoinPool-1-worker-32) 0.269ms
[4.702s][info][gc          ] Allocation Stall (reactors-io-scheduler-ForkJoinPool-1-worker-39) 0.325ms
[4.703s][info][gc          ] Allocation Stall (reactors-io-scheduler-ForkJoinPool-1-worker-22) 0.361ms
[4.703s][info][gc          ] Allocation Stall (reactors-io-scheduler-ForkJoinPool-1-worker-38) 0.437ms
[4.703s][info][gc          ] Allocation Stall (reactors-io-scheduler-ForkJoinPool-1-worker-48) 0.500ms
[4.703s][info][gc          ] Allocation Stall (reactors-io-scheduler-ForkJoinPool-1-worker-20) 0.532ms
[4.703s][info][gc          ] Allocation Stall (reactors-io-scheduler-ForkJoinPool-1-worker-26) 0.562ms
[4.703s][info][gc          ] Allocation Stall (reactors-io-scheduler-ForkJoinPool-1-worker-4) 0.595ms
[4.703s][info][gc          ] Allocation Stall (reactors-io-scheduler-ForkJoinPool-1-worker-6) 0.648ms
[4.703s][info][gc          ] Allocation Stall (reactors-io-scheduler-ForkJoinPool-1-worker-17) 0.682ms
[4.703s][info][gc          ] Allocation Stall (reactors-io-scheduler-ForkJoinPool-1-worker-11) 0.765ms
[4.703s][info][gc          ] Allocation Stall (reactors-io-scheduler-ForkJoinPool-1-worker-3) 0.825ms
[4.704s][info][gc          ] Allocation Stall (reactors-io-scheduler-ForkJoinPool-1-worker-18) 1.669ms
[4.717s][info][gc,phases   ] GC(8) Concurrent Mark 15.075ms
[4.717s][info][gc,phases   ] GC(8) Pause Mark End 0.009ms
[4.717s][info][gc,phases   ] GC(8) Concurrent Mark Free 0.001ms
[4.718s][info][gc,phases   ] GC(8) Concurrent Process Non-Strong References 1.066ms
[4.718s][info][gc,phases   ] GC(8) Concurrent Reset Relocation Set 0.015ms
[4.719s][info][gc          ] Allocation Stall (reactors-io-scheduler-ForkJoinPool-1-worker-4) 14.150ms
[4.719s][info][gc          ] Allocation Stall (reactors-io-scheduler-ForkJoinPool-1-worker-24) 13.300ms
[4.719s][info][gc          ] Allocation Stall (reactors-io-scheduler-ForkJoinPool-1-worker-20) 14.169ms
[4.719s][info][gc          ] Allocation Stall (reactors-io-scheduler-ForkJoinPool-1-worker-2) 14.239ms
[4.719s][info][gc          ] Allocation Stall (reactors-io-scheduler-ForkJoinPool-1-worker-9) 14.229ms
[4.719s][info][gc          ] Allocation Stall (reactors-io-scheduler-ForkJoinPool-1-worker-44) 13.715ms
[4.719s][info][gc          ] Allocation Stall (reactors-io-scheduler-ForkJoinPool-1-worker-36) 14.165ms
[4.719s][info][gc          ] Allocation Stall (reactors-io-scheduler-ForkJoinPool-1-worker-26) 13.884ms
[4.719s][info][gc          ] Allocation Stall (reactors-io-scheduler-ForkJoinPool-1-worker-7) 14.788ms
[4.719s][info][gc          ] Allocation Stall (reactors-io-scheduler-ForkJoinPool-1-worker-6) 14.122ms
[4.719s][info][gc          ] Allocation Stall (reactors-io-scheduler-ForkJoinPool-1-worker-10) 16.436ms
[4.719s][info][gc          ] Allocation Stall (reactors-io-scheduler-ForkJoinPool-1-worker-5) 13.833ms
[4.719s][info][gc          ] Allocation Stall (reactors-io-scheduler-ForkJoinPool-1-worker-14) 14.304ms
[4.719s][info][gc          ] Allocation Stall (reactors-io-scheduler-ForkJoinPool-1-worker-33) 13.273ms
[4.719s][info][gc          ] Allocation Stall (reactors-io-scheduler-ForkJoinPool-1-worker-30) 14.239ms
[4.719s][info][gc          ] Allocation Stall (reactors-io-scheduler-ForkJoinPool-1-worker-19) 14.233ms
[4.719s][info][gc          ] Allocation Stall (reactors-io-scheduler-ForkJoinPool-1-worker-48) 14.227ms
[4.719s][info][gc          ] Allocation Stall (reactors-io-scheduler-ForkJoinPool-1-worker-35) 13.381ms
[4.719s][info][gc          ] Allocation Stall (reactors-io-scheduler-ForkJoinPool-1-worker-41) 14.161ms
[4.719s][info][gc          ] Allocation Stall (reactors-io-scheduler-ForkJoinPool-1-worker-21) 14.469ms
[4.719s][info][gc          ] Allocation Stall (reactors-io-scheduler-ForkJoinPool-1-worker-22) 14.068ms
[4.719s][info][gc          ] Allocation Stall (reactors-io-scheduler-ForkJoinPool-1-worker-45) 14.780ms
[4.719s][info][gc          ] Allocation Stall (reactors-io-scheduler-ForkJoinPool-1-worker-39) 14.391ms
[4.719s][info][gc          ] Allocation Stall (reactors-io-scheduler-ForkJoinPool-1-worker-32) 13.908ms
[4.719s][info][gc          ] Allocation Stall (reactors-io-scheduler-ForkJoinPool-1-worker-27) 13.288ms
[4.719s][info][gc          ] Allocation Stall (reactors-io-scheduler-ForkJoinPool-1-worker-11) 14.133ms
[4.719s][info][gc          ] Allocation Stall (reactors-io-scheduler-ForkJoinPool-1-worker-18) 13.446ms
[4.719s][info][gc          ] Allocation Stall (reactors-io-scheduler-ForkJoinPool-1-worker-47) 14.564ms
[4.719s][info][gc          ] Allocation Stall (reactors-io-scheduler-ForkJoinPool-1-worker-46) 14.445ms
[4.719s][info][gc          ] Allocation Stall (reactors-io-scheduler-ForkJoinPool-1-worker-8) 14.588ms
[4.719s][info][gc          ] Allocation Stall (reactors-io-scheduler-ForkJoinPool-1-worker-25) 16.494ms
[4.719s][info][gc          ] Allocation Stall (reactors-io-scheduler-ForkJoinPool-1-worker-37) 14.625ms
[4.719s][info][gc          ] Allocation Stall (reactors-io-scheduler-ForkJoinPool-1-worker-29) 14.621ms
[4.719s][info][gc          ] Allocation Stall (reactors-io-scheduler-ForkJoinPool-1-worker-15) 14.612ms
[4.719s][info][gc          ] Allocation Stall (reactors-io-scheduler-ForkJoinPool-1-worker-38) 14.111ms
[4.719s][info][gc          ] Allocation Stall (reactors-io-scheduler-ForkJoinPool-1-worker-12) 13.403ms
[4.719s][info][gc          ] Allocation Stall (reactors-io-scheduler-ForkJoinPool-1-worker-31) 13.943ms
[4.719s][info][gc          ] Allocation Stall (reactors-io-scheduler-ForkJoinPool-1-worker-28) 14.591ms
[4.719s][info][gc          ] Allocation Stall (reactors-io-scheduler-ForkJoinPool-1-worker-16) 16.503ms
[4.719s][info][gc          ] Allocation Stall (reactors-io-scheduler-ForkJoinPool-1-worker-3) 14.039ms
[4.719s][info][gc          ] Allocation Stall (reactors-io-scheduler-ForkJoinPool-1-worker-40) 14.346ms
[4.719s][info][gc          ] Allocation Stall (reactors-io-scheduler-ForkJoinPool-1-worker-34) 13.373ms
[4.719s][info][gc          ] Allocation Stall (reactors-io-scheduler-ForkJoinPool-1-worker-23) 13.784ms
[4.719s][info][gc          ] Allocation Stall (reactors-io-scheduler-ForkJoinPool-1-worker-13) 14.319ms
[4.719s][info][gc          ] Allocation Stall (reactors-io-scheduler-ForkJoinPool-1-worker-43) 14.324ms
[4.719s][info][gc          ] Allocation Stall (reactors-io-scheduler-ForkJoinPool-1-worker-17) 14.146ms
[4.719s][info][gc          ] Allocation Stall (reactors-io-scheduler-ForkJoinPool-1-worker-1) 13.472ms
[4.719s][info][gc          ] Allocation Stall (reactors-io-scheduler-ForkJoinPool-1-worker-42) 14.382ms
[4.728s][info][gc,phases   ] GC(8) Concurrent Select Relocation Set 9.403ms
[4.728s][info][gc,phases   ] GC(8) Pause Relocate Start 0.007ms
[4.736s][info][gc,phases   ] GC(8) Concurrent Relocate 7.618ms
[4.736s][info][gc,load     ] GC(8) Load: 0.00/0.00/0.00
[4.736s][info][gc,mmu      ] GC(8) MMU: 2ms/97.6%, 5ms/99.1%, 10ms/99.5%, 20ms/99.7%, 50ms/99.8%, 100ms/99.9%
[4.736s][info][gc,marking  ] GC(8) Mark: 4 stripe(s), 2 proactive flush(es), 1 terminate flush(es), 0 completion(s), 0 continuation(s) 
[4.736s][info][gc,marking  ] GC(8) Mark Stack Usage: 32M
[4.736s][info][gc,nmethod  ] GC(8) NMethods: 2135 registered, 425 unregistered
[4.736s][info][gc,metaspace] GC(8) Metaspace: 15M used, 15M committed, 1088M reserved
[4.736s][info][gc,ref      ] GC(8) Soft: 152 encountered, 59 discovered, 0 enqueued
[4.736s][info][gc,ref      ] GC(8) Weak: 835 encountered, 365 discovered, 0 enqueued
[4.736s][info][gc,ref      ] GC(8) Final: 0 encountered, 0 discovered, 0 enqueued
[4.736s][info][gc,ref      ] GC(8) Phantom: 36 encountered, 19 discovered, 0 enqueued
[4.736s][info][gc,reloc    ] GC(8) Small Pages: 249 / 498M, Empty: 208M, Relocated: 5M, In-Place: 0
[4.736s][info][gc,reloc    ] GC(8) Medium Pages: 0 / 0M, Empty: 0M, Relocated: 0M, In-Place: 0
[4.736s][info][gc,reloc    ] GC(8) Large Pages: 0 / 0M, Empty: 0M, Relocated: 0M, In-Place: 0
[4.736s][info][gc,reloc    ] GC(8) Forwarding Usage: 2M
[4.736s][info][gc,heap     ] GC(8) Min Capacity: 8M(2%)
[4.736s][info][gc,heap     ] GC(8) Max Capacity: 512M(100%)
[4.736s][info][gc,heap     ] GC(8) Soft Max Capacity: 512M(100%)
[4.736s][info][gc,heap     ] GC(8)                Mark Start          Mark End        Relocate Start      Relocate End           High               Low         
[4.736s][info][gc,heap     ] GC(8)  Capacity:      512M (100%)        512M (100%)        512M (100%)        512M (100%)        512M (100%)        512M (100%)   
[4.736s][info][gc,heap     ] GC(8)      Free:       14M (3%)            0M (0%)          160M (31%)         400M (78%)         422M (82%)           0M (0%)     
[4.736s][info][gc,heap     ] GC(8)      Used:      498M (97%)         512M (100%)        352M (69%)         112M (22%)         512M (100%)         90M (18%)    
[4.736s][info][gc,heap     ] GC(8)      Live:         -                 6M (1%)            6M (1%)            6M (1%)             -                  -          
[4.736s][info][gc,heap     ] GC(8) Allocated:         -                14M (3%)           62M (12%)          99M (20%)            -                  -          
[4.736s][info][gc,heap     ] GC(8)   Garbage:         -               491M (96%)         283M (55%)           5M (1%)             -                  -          
[4.736s][info][gc,heap     ] GC(8) Reclaimed:         -                  -               208M (41%)         485M (95%)            -                  -          
[4.736s][info][gc          ] GC(8) Garbage Collection (Allocation Stall) 498M(97%)->112M(22%)
[4.795s][info][gc,start    ] GC(9) Garbage Collection (Allocation Stall)
[4.796s][info][gc,ref      ] GC(9) Clearing All SoftReferences
[4.796s][info][gc,task     ] GC(9) Using 5 workers
[4.796s][info][gc,ref      ] GC(9) Clearing All SoftReferences
[4.796s][info][gc,phases   ] GC(9) Pause Mark Start 0.050ms
[4.827s][info][gc,phases   ] GC(9) Concurrent Mark 13.295ms
[4.827s][info][gc,phases   ] GC(9) Pause Mark End 0.012ms
[4.827s][info][gc,phases   ] GC(9) Concurrent Mark Free 0.001ms
[4.828s][info][gc,phases   ] GC(9) Concurrent Process Non-Strong References 0.931ms
[4.828s][info][gc,phases   ] GC(9) Concurrent Reset Relocation Set 0.018ms
[4.828s][info][gc          ] Allocation Stall (reactors-io-scheduler-ForkJoinPool-1-worker-30) 13.570ms
[4.828s][info][gc          ] Allocation Stall (reactors-io-scheduler-ForkJoinPool-1-worker-23) 13.413ms
[4.828s][info][gc          ] Allocation Stall (reactors-io-scheduler-ForkJoinPool-1-worker-35) 13.383ms
[4.828s][info][gc          ] Allocation Stall (reactors-io-scheduler-ForkJoinPool-1-worker-19) 13.332ms
[4.828s][info][gc          ] Allocation Stall (reactors-io-scheduler-ForkJoinPool-1-worker-6) 13.540ms
[4.828s][info][gc          ] Allocation Stall (reactors-io-scheduler-ForkJoinPool-1-worker-8) 14.648ms
[4.828s][info][gc          ] Allocation Stall (reactors-io-scheduler-ForkJoinPool-1-worker-3) 14.561ms
[4.828s][info][gc          ] Allocation Stall (reactors-io-scheduler-ForkJoinPool-1-worker-37) 13.397ms
[4.828s][info][gc          ] Allocation Stall (reactors-io-scheduler-ForkJoinPool-1-worker-32) 14.247ms
[4.828s][info][gc          ] Allocation Stall (reactors-io-scheduler-ForkJoinPool-1-worker-11) 13.766ms
[4.828s][info][gc          ] Allocation Stall (reactors-io-scheduler-ForkJoinPool-1-worker-45) 13.366ms
[4.828s][info][gc          ] Allocation Stall (reactors-io-scheduler-ForkJoinPool-1-worker-9) 13.774ms
[4.828s][info][gc          ] Allocation Stall (reactors-io-scheduler-ForkJoinPool-1-worker-33) 13.384ms
[4.828s][info][gc          ] Allocation Stall (reactors-io-scheduler-ForkJoinPool-1-worker-26) 13.798ms
[4.828s][info][gc          ] Allocation Stall (reactors-io-scheduler-ForkJoinPool-1-worker-31) 13.769ms
[4.828s][info][gc          ] Allocation Stall (reactors-io-scheduler-ForkJoinPool-1-worker-4) 13.530ms
[4.828s][info][gc          ] Allocation Stall (reactors-io-scheduler-ForkJoinPool-1-worker-38) 13.549ms
[4.828s][info][gc          ] Allocation Stall (reactors-io-scheduler-ForkJoinPool-1-worker-5) 13.518ms
[4.828s][info][gc          ] Allocation Stall (reactors-io-scheduler-ForkJoinPool-1-worker-34) 14.739ms
[4.828s][info][gc          ] Allocation Stall (reactors-io-scheduler-ForkJoinPool-1-worker-46) 14.613ms
[4.828s][info][gc          ] Allocation Stall (reactors-io-scheduler-ForkJoinPool-1-worker-29) 13.620ms
[4.828s][info][gc          ] Allocation Stall (reactors-io-scheduler-ForkJoinPool-1-worker-44) 14.188ms
[4.828s][info][gc          ] Allocation Stall (reactors-io-scheduler-ForkJoinPool-1-worker-2) 13.555ms
[4.828s][info][gc          ] Allocation Stall (reactors-io-scheduler-ForkJoinPool-1-worker-20) 14.698ms
[4.828s][info][gc          ] Allocation Stall (reactors-io-scheduler-ForkJoinPool-1-worker-18) 14.605ms
[4.828s][info][gc          ] Allocation Stall (reactors-io-scheduler-ForkJoinPool-1-worker-36) 13.406ms
[4.828s][info][gc          ] Allocation Stall (reactors-io-scheduler-ForkJoinPool-1-worker-13) 13.477ms
[4.828s][info][gc          ] Allocation Stall (reactors-io-scheduler-ForkJoinPool-1-worker-15) 13.755ms
[4.828s][info][gc          ] Allocation Stall (reactors-io-scheduler-ForkJoinPool-1-worker-17) 13.397ms
[4.828s][info][gc          ] Allocation Stall (reactors-io-scheduler-ForkJoinPool-1-worker-25) 14.109ms
[4.828s][info][gc          ] Allocation Stall (reactors-io-scheduler-ForkJoinPool-1-worker-42) 13.506ms
[4.828s][info][gc          ] Allocation Stall (reactors-io-scheduler-ForkJoinPool-1-worker-14) 14.632ms
[4.828s][info][gc          ] Allocation Stall (reactors-io-scheduler-ForkJoinPool-1-worker-22) 14.404ms
[4.828s][info][gc          ] Allocation Stall (reactors-io-scheduler-ForkJoinPool-1-worker-41) 13.498ms
[4.828s][info][gc          ] Allocation Stall (reactors-io-scheduler-ForkJoinPool-1-worker-40) 13.431ms
[4.828s][info][gc          ] Allocation Stall (reactors-io-scheduler-ForkJoinPool-1-worker-43) 14.670ms
[4.828s][info][gc          ] Allocation Stall (reactors-io-scheduler-ForkJoinPool-1-worker-28) 14.403ms
[4.828s][info][gc          ] Allocation Stall (reactors-io-scheduler-ForkJoinPool-1-worker-1) 14.683ms
[4.828s][info][gc          ] Allocation Stall (reactors-io-scheduler-ForkJoinPool-1-worker-27) 14.741ms
[4.828s][info][gc          ] Allocation Stall (reactors-io-scheduler-ForkJoinPool-1-worker-47) 14.618ms
[4.828s][info][gc          ] Allocation Stall (reactors-io-scheduler-ForkJoinPool-1-worker-21) 13.809ms
[4.828s][info][gc          ] Allocation Stall (reactors-io-scheduler-ForkJoinPool-1-worker-7) 14.259ms
[4.828s][info][gc          ] Allocation Stall (reactors-io-scheduler-ForkJoinPool-1-worker-12) 13.505ms
[4.828s][info][gc          ] Allocation Stall (reactors-io-scheduler-ForkJoinPool-1-worker-39) 13.552ms
[4.828s][info][gc          ] Allocation Stall (reactors-io-scheduler-ForkJoinPool-1-worker-16) 13.781ms
[4.828s][info][gc          ] Allocation Stall (reactors-io-scheduler-ForkJoinPool-1-worker-10) 13.418ms
[4.828s][info][gc          ] Allocation Stall (reactors-io-scheduler-ForkJoinPool-1-worker-24) 13.743ms
[4.828s][info][gc          ] Allocation Stall (reactors-io-scheduler-ForkJoinPool-1-worker-48) 13.575ms
[4.834s][info][gc,phases   ] GC(9) Concurrent Select Relocation Set 6.310ms
[4.834s][info][gc,phases   ] GC(9) Pause Relocate Start 0.009ms
[4.858s][info][gc          ] Allocation Stall (reactors-io-scheduler-ForkJoinPool-1-worker-20) 2.142ms
[4.859s][info][gc          ] Relocation Stall (reactors-io-scheduler-ForkJoinPool-1-worker-26) 2.887ms
[4.861s][info][gc          ] Allocation Stall (reactors-io-scheduler-ForkJoinPool-1-worker-3) 5.139ms
[4.863s][info][gc          ] Relocation Stall (reactors-io-scheduler-ForkJoinPool-1-worker-33) 7.250ms
[4.863s][info][gc          ] Allocation Stall (reactors-io-scheduler-ForkJoinPool-1-worker-31) 7.218ms
[4.863s][info][gc,phases   ] GC(9) Concurrent Relocate 7.231ms
[4.864s][info][gc,load     ] GC(9) Load: 0.00/0.00/0.00
[4.864s][info][gc,mmu      ] GC(9) MMU: 2ms/97.5%, 5ms/99.0%, 10ms/99.5%, 20ms/99.7%, 50ms/99.8%, 100ms/99.9%
[4.864s][info][gc,marking  ] GC(9) Mark: 4 stripe(s), 2 proactive flush(es), 1 terminate flush(es), 0 completion(s), 0 continuation(s) 
[4.864s][info][gc,marking  ] GC(9) Mark Stack Usage: 32M
[4.864s][info][gc,nmethod  ] GC(9) NMethods: 2135 registered, 425 unregistered
[4.865s][info][gc,metaspace] GC(9) Metaspace: 15M used, 15M committed, 1088M reserved
[4.865s][info][gc,ref      ] GC(9) Soft: 152 encountered, 52 discovered, 0 enqueued
[4.865s][info][gc,ref      ] GC(9) Weak: 835 encountered, 270 discovered, 0 enqueued
[4.865s][info][gc,ref      ] GC(9) Final: 0 encountered, 0 discovered, 0 enqueued
[4.865s][info][gc,ref      ] GC(9) Phantom: 36 encountered, 16 discovered, 0 enqueued
[4.865s][info][gc,reloc    ] GC(9) Small Pages: 208 / 416M, Empty: 158M, Relocated: 4M, In-Place: 5
[4.865s][info][gc,reloc    ] GC(9) Medium Pages: 0 / 0M, Empty: 0M, Relocated: 0M, In-Place: 0
[4.865s][info][gc,reloc    ] GC(9) Large Pages: 0 / 0M, Empty: 0M, Relocated: 0M, In-Place: 0
[4.865s][info][gc,reloc    ] GC(9) Forwarding Usage: 2M
[4.865s][info][gc,heap     ] GC(9) Min Capacity: 8M(2%)
[4.865s][info][gc,heap     ] GC(9) Max Capacity: 512M(100%)
[4.865s][info][gc,heap     ] GC(9) Soft Max Capacity: 512M(100%)
[4.865s][info][gc,heap     ] GC(9)                Mark Start          Mark End        Relocate Start      Relocate End           High               Low         
[4.865s][info][gc,heap     ] GC(9)  Capacity:      512M (100%)        512M (100%)        512M (100%)        512M (100%)        512M (100%)        512M (100%)   
[4.865s][info][gc,heap     ] GC(9)      Free:       96M (19%)           0M (0%)          118M (23%)         204M (40%)         222M (43%)           0M (0%)     
[4.865s][info][gc,heap     ] GC(9)      Used:      416M (81%)         512M (100%)        394M (77%)         308M (60%)         512M (100%)        290M (57%)    
[4.865s][info][gc,heap     ] GC(9)      Live:         -                 6M (1%)            6M (1%)            6M (1%)             -                  -          
[4.865s][info][gc,heap     ] GC(9) Allocated:         -                96M (19%)         136M (27%)         295M (58%)            -                  -          
[4.865s][info][gc,heap     ] GC(9)   Garbage:         -               409M (80%)         251M (49%)           5M (1%)             -                  -          
[4.865s][info][gc,heap     ] GC(9) Reclaimed:         -                  -               158M (31%)         403M (79%)            -                  -          
[4.865s][info][gc          ] GC(9) Garbage Collection (Allocation Stall) 416M(81%)->308M(60%)
[4.889s][info][gc,start    ] GC(10) Garbage Collection (Allocation Stall)
[4.889s][info][gc,ref      ] GC(10) Clearing All SoftReferences
[4.889s][info][gc,task     ] GC(10) Using 5 workers
[4.889s][info][gc,ref      ] GC(10) Clearing All SoftReferences
[4.889s][info][gc,phases   ] GC(10) Pause Mark Start 0.042ms
[4.920s][info][gc,phases   ] GC(10) Concurrent Mark 19.038ms
[4.920s][info][gc,phases   ] GC(10) Pause Mark End 0.014ms
[4.920s][info][gc,phases   ] GC(10) Concurrent Mark Free 0.001ms
[4.922s][info][gc,phases   ] GC(10) Concurrent Process Non-Strong References 1.033ms
[4.922s][info][gc,phases   ] GC(10) Concurrent Reset Relocation Set 0.015ms
[4.922s][info][gc          ] Allocation Stall (reactors-io-scheduler-ForkJoinPool-1-worker-28) 19.034ms
[4.922s][info][gc          ] Allocation Stall (reactors-io-scheduler-ForkJoinPool-1-worker-16) 19.747ms
[4.922s][info][gc          ] Allocation Stall (reactors-io-scheduler-ForkJoinPool-1-worker-25) 19.994ms
[4.922s][info][gc          ] Allocation Stall (reactors-io-scheduler-ForkJoinPool-1-worker-27) 19.252ms
[4.922s][info][gc          ] Allocation Stall (reactors-io-scheduler-ForkJoinPool-1-worker-36) 19.072ms
[4.922s][info][gc          ] Allocation Stall (reactors-io-scheduler-ForkJoinPool-1-worker-19) 19.803ms
[4.922s][info][gc          ] Allocation Stall (reactors-io-scheduler-ForkJoinPool-1-worker-17) 19.127ms
[4.922s][info][gc          ] Allocation Stall (reactors-io-scheduler-ForkJoinPool-1-worker-12) 19.046ms
[4.922s][info][gc          ] Allocation Stall (reactors-io-scheduler-ForkJoinPool-1-worker-11) 19.164ms
[4.922s][info][gc          ] Allocation Stall (reactors-io-scheduler-ForkJoinPool-1-worker-21) 19.691ms
[4.922s][info][gc          ] Allocation Stall (reactors-io-scheduler-ForkJoinPool-1-worker-31) 19.608ms
[4.922s][info][gc          ] Allocation Stall (reactors-io-scheduler-ForkJoinPool-1-worker-4) 19.040ms
[4.922s][info][gc          ] Allocation Stall (reactors-io-scheduler-ForkJoinPool-1-worker-47) 19.683ms
[4.922s][info][gc          ] Allocation Stall (reactors-io-scheduler-ForkJoinPool-1-worker-43) 19.831ms
[4.922s][info][gc          ] Allocation Stall (reactors-io-scheduler-ForkJoinPool-1-worker-32) 20.115ms
[4.922s][info][gc          ] Allocation Stall (reactors-io-scheduler-ForkJoinPool-1-worker-26) 19.080ms
[4.922s][info][gc          ] Allocation Stall (reactors-io-scheduler-ForkJoinPool-1-worker-46) 20.500ms
[4.922s][info][gc          ] Allocation Stall (reactors-io-scheduler-ForkJoinPool-1-worker-8) 19.141ms
[4.922s][info][gc          ] Allocation Stall (reactors-io-scheduler-ForkJoinPool-1-worker-42) 19.671ms
[4.922s][info][gc          ] Allocation Stall (reactors-io-scheduler-ForkJoinPool-1-worker-10) 20.506ms
[4.922s][info][gc          ] Allocation Stall (reactors-io-scheduler-ForkJoinPool-1-worker-35) 19.209ms
[4.922s][info][gc          ] Allocation Stall (reactors-io-scheduler-ForkJoinPool-1-worker-41) 20.077ms
[4.922s][info][gc          ] Allocation Stall (reactors-io-scheduler-ForkJoinPool-1-worker-20) 19.682ms
[4.922s][info][gc          ] Allocation Stall (reactors-io-scheduler-ForkJoinPool-1-worker-14) 19.850ms
[4.922s][info][gc          ] Allocation Stall (reactors-io-scheduler-ForkJoinPool-1-worker-39) 19.401ms
[4.922s][info][gc          ] Allocation Stall (reactors-io-scheduler-ForkJoinPool-1-worker-40) 20.448ms
[4.922s][info][gc          ] Allocation Stall (reactors-io-scheduler-ForkJoinPool-1-worker-34) 20.192ms
[4.922s][info][gc          ] Allocation Stall (reactors-io-scheduler-ForkJoinPool-1-worker-29) 19.969ms
[4.922s][info][gc          ] Allocation Stall (reactors-io-scheduler-ForkJoinPool-1-worker-6) 20.308ms
[4.922s][info][gc          ] Allocation Stall (reactors-io-scheduler-ForkJoinPool-1-worker-9) 20.486ms
[4.922s][info][gc          ] Allocation Stall (reactors-io-scheduler-ForkJoinPool-1-worker-18) 20.419ms
[4.922s][info][gc          ] Allocation Stall (reactors-io-scheduler-ForkJoinPool-1-worker-3) 19.934ms
[4.922s][info][gc          ] Allocation Stall (reactors-io-scheduler-ForkJoinPool-1-worker-30) 20.087ms
[4.922s][info][gc          ] Allocation Stall (reactors-io-scheduler-ForkJoinPool-1-worker-7) 19.664ms
[4.922s][info][gc          ] Allocation Stall (reactors-io-scheduler-ForkJoinPool-1-worker-1) 20.199ms
[4.922s][info][gc          ] Allocation Stall (reactors-io-scheduler-ForkJoinPool-1-worker-13) 19.857ms
[4.922s][info][gc          ] Allocation Stall (reactors-io-scheduler-ForkJoinPool-1-worker-5) 19.146ms
[4.922s][info][gc          ] Allocation Stall (reactors-io-scheduler-ForkJoinPool-1-worker-2) 20.111ms
[4.922s][info][gc          ] Allocation Stall (reactors-io-scheduler-ForkJoinPool-1-worker-23) 19.085ms
[4.922s][info][gc          ] Allocation Stall (reactors-io-scheduler-ForkJoinPool-1-worker-45) 19.777ms
[4.922s][info][gc          ] Allocation Stall (reactors-io-scheduler-ForkJoinPool-1-worker-24) 20.569ms
[4.922s][info][gc          ] Allocation Stall (reactors-io-scheduler-ForkJoinPool-1-worker-33) 19.266ms
[4.922s][info][gc          ] Allocation Stall (reactors-io-scheduler-ForkJoinPool-1-worker-38) 20.508ms
[4.922s][info][gc          ] Allocation Stall (reactors-io-scheduler-ForkJoinPool-1-worker-22) 20.502ms
[4.922s][info][gc          ] Allocation Stall (reactors-io-scheduler-ForkJoinPool-1-worker-15) 19.168ms
[4.922s][info][gc          ] Allocation Stall (reactors-io-scheduler-ForkJoinPool-1-worker-44) 19.398ms
[4.922s][info][gc          ] Allocation Stall (reactors-io-scheduler-ForkJoinPool-1-worker-37) 19.934ms
[4.922s][info][gc          ] Allocation Stall (reactors-io-scheduler-ForkJoinPool-1-worker-48) 20.513ms
[4.930s][info][gc,phases   ] GC(10) Concurrent Select Relocation Set 8.698ms
[4.931s][info][gc,phases   ] GC(10) Pause Relocate Start 0.009ms
[4.937s][info][gc,phases   ] GC(10) Concurrent Relocate 6.197ms
[4.937s][info][gc,load     ] GC(10) Load: 0.00/0.00/0.00
[4.937s][info][gc,mmu      ] GC(10) MMU: 2ms/97.5%, 5ms/99.0%, 10ms/99.5%, 20ms/99.7%, 50ms/99.8%, 100ms/99.9%
[4.937s][info][gc,marking  ] GC(10) Mark: 4 stripe(s), 2 proactive flush(es), 1 terminate flush(es), 0 completion(s), 0 continuation(s) 
[4.937s][info][gc,marking  ] GC(10) Mark Stack Usage: 32M
[4.937s][info][gc,nmethod  ] GC(10) NMethods: 2135 registered, 425 unregistered
[4.937s][info][gc,metaspace] GC(10) Metaspace: 15M used, 15M committed, 1088M reserved
[4.937s][info][gc,ref      ] GC(10) Soft: 152 encountered, 69 discovered, 0 enqueued
[4.937s][info][gc,ref      ] GC(10) Weak: 835 encountered, 183 discovered, 0 enqueued
[4.937s][info][gc,ref      ] GC(10) Final: 0 encountered, 0 discovered, 0 enqueued
[4.937s][info][gc,ref      ] GC(10) Phantom: 36 encountered, 24 discovered, 0 enqueued
[4.937s][info][gc,reloc    ] GC(10) Small Pages: 224 / 448M, Empty: 182M, Relocated: 4M, In-Place: 0
[4.937s][info][gc,reloc    ] GC(10) Medium Pages: 0 / 0M, Empty: 0M, Relocated: 0M, In-Place: 0
[4.937s][info][gc,reloc    ] GC(10) Large Pages: 0 / 0M, Empty: 0M, Relocated: 0M, In-Place: 0
[4.937s][info][gc,reloc    ] GC(10) Forwarding Usage: 2M
[4.937s][info][gc,heap     ] GC(10) Min Capacity: 8M(2%)
[4.937s][info][gc,heap     ] GC(10) Max Capacity: 512M(100%)
[4.937s][info][gc,heap     ] GC(10) Soft Max Capacity: 512M(100%)
[4.937s][info][gc,heap     ] GC(10)                Mark Start          Mark End        Relocate Start      Relocate End           High               Low         
[4.937s][info][gc,heap     ] GC(10)  Capacity:      512M (100%)        512M (100%)        512M (100%)        512M (100%)        512M (100%)        512M (100%)   
[4.937s][info][gc,heap     ] GC(10)      Free:       64M (13%)           0M (0%)          134M (26%)         360M (70%)         378M (74%)           0M (0%)     
[4.937s][info][gc,heap     ] GC(10)      Used:      448M (88%)         512M (100%)        378M (74%)         152M (30%)         512M (100%)        134M (26%)    
[4.937s][info][gc,heap     ] GC(10)      Live:         -                 6M (1%)            6M (1%)            6M (1%)             -                  -          
[4.937s][info][gc,heap     ] GC(10) Allocated:         -                64M (13%)         112M (22%)         139M (27%)            -                  -          
[4.937s][info][gc,heap     ] GC(10)   Garbage:         -               441M (86%)         259M (51%)           5M (1%)             -                  -          
[4.937s][info][gc,heap     ] GC(10) Reclaimed:         -                  -               182M (36%)         435M (85%)            -                  -          
[4.937s][info][gc          ] GC(10) Garbage Collection (Allocation Stall) 448M(88%)->152M(30%)
[4.999s][info][gc,start    ] GC(11) Garbage Collection (Allocation Stall)
[4.999s][info][gc,ref      ] GC(11) Clearing All SoftReferences
[4.999s][info][gc,task     ] GC(11) Using 5 workers
[4.999s][info][gc,ref      ] GC(11) Clearing All SoftReferences
[4.999s][info][gc,phases   ] GC(11) Pause Mark Start 0.047ms
[5.014s][info][gc,phases   ] GC(11) Concurrent Mark 10.992ms
[5.014s][info][gc,phases   ] GC(11) Pause Mark End 0.012ms
[5.014s][info][gc,phases   ] GC(11) Concurrent Mark Free 0.001ms
[5.015s][info][gc,phases   ] GC(11) Concurrent Process Non-Strong References 0.970ms
[5.015s][info][gc,phases   ] GC(11) Concurrent Reset Relocation Set 0.019ms
[5.015s][info][gc          ] Allocation Stall (reactors-io-scheduler-ForkJoinPool-1-worker-44) 11.975ms
[5.015s][info][gc          ] Allocation Stall (reactors-io-scheduler-ForkJoinPool-1-worker-8) 12.003ms
[5.015s][info][gc          ] Allocation Stall (reactors-io-scheduler-ForkJoinPool-1-worker-1) 11.642ms
[5.015s][info][gc          ] Allocation Stall (reactors-io-scheduler-ForkJoinPool-1-worker-46) 11.612ms
[5.015s][info][gc          ] Allocation Stall (reactors-io-scheduler-ForkJoinPool-1-worker-3) 11.623ms
[5.015s][info][gc          ] Allocation Stall (reactors-io-scheduler-ForkJoinPool-1-worker-25) 11.916ms
[5.015s][info][gc          ] Allocation Stall (reactors-io-scheduler-ForkJoinPool-1-worker-38) 11.860ms
[5.015s][info][gc          ] Allocation Stall (reactors-io-scheduler-ForkJoinPool-1-worker-6) 12.018ms
[5.015s][info][gc          ] Allocation Stall (reactors-io-scheduler-ForkJoinPool-1-worker-15) 11.629ms
[5.015s][info][gc          ] Allocation Stall (reactors-io-scheduler-ForkJoinPool-1-worker-24) 11.898ms
[5.015s][info][gc          ] Allocation Stall (reactors-io-scheduler-ForkJoinPool-1-worker-40) 12.311ms
[5.015s][info][gc          ] Allocation Stall (reactors-io-scheduler-ForkJoinPool-1-worker-23) 11.607ms
[5.015s][info][gc          ] Allocation Stall (reactors-io-scheduler-ForkJoinPool-1-worker-30) 11.710ms
[5.015s][info][gc          ] Allocation Stall (reactors-io-scheduler-ForkJoinPool-1-worker-37) 11.945ms
[5.015s][info][gc          ] Allocation Stall (reactors-io-scheduler-ForkJoinPool-1-worker-10) 12.281ms
[5.015s][info][gc          ] Allocation Stall (reactors-io-scheduler-ForkJoinPool-1-worker-28) 11.693ms
[5.015s][info][gc          ] Allocation Stall (reactors-io-scheduler-ForkJoinPool-1-worker-12) 12.420ms
[5.015s][info][gc          ] Allocation Stall (reactors-io-scheduler-ForkJoinPool-1-worker-22) 11.951ms
[5.015s][info][gc          ] Allocation Stall (reactors-io-scheduler-ForkJoinPool-1-worker-29) 12.348ms
[5.015s][info][gc          ] Allocation Stall (reactors-io-scheduler-ForkJoinPool-1-worker-7) 12.392ms
[5.015s][info][gc          ] Allocation Stall (reactors-io-scheduler-ForkJoinPool-1-worker-34) 12.368ms
[5.015s][info][gc          ] Allocation Stall (reactors-io-scheduler-ForkJoinPool-1-worker-27) 12.409ms
[5.015s][info][gc          ] Allocation Stall (reactors-io-scheduler-ForkJoinPool-1-worker-4) 12.299ms
[5.015s][info][gc          ] Allocation Stall (reactors-io-scheduler-ForkJoinPool-1-worker-16) 12.398ms
[5.015s][info][gc          ] Allocation Stall (reactors-io-scheduler-ForkJoinPool-1-worker-20) 12.289ms
[5.015s][info][gc          ] Allocation Stall (reactors-io-scheduler-ForkJoinPool-1-worker-5) 11.809ms
[5.015s][info][gc          ] Allocation Stall (reactors-io-scheduler-ForkJoinPool-1-worker-32) 11.903ms
[5.015s][info][gc          ] Allocation Stall (reactors-io-scheduler-ForkJoinPool-1-worker-45) 12.261ms
[5.015s][info][gc          ] Allocation Stall (reactors-io-scheduler-ForkJoinPool-1-worker-31) 12.310ms
[5.015s][info][gc          ] Allocation Stall (reactors-io-scheduler-ForkJoinPool-1-worker-35) 12.152ms
[5.015s][info][gc          ] Allocation Stall (reactors-io-scheduler-ForkJoinPool-1-worker-11) 12.315ms
[5.015s][info][gc          ] Allocation Stall (reactors-io-scheduler-ForkJoinPool-1-worker-41) 11.578ms
[5.015s][info][gc          ] Allocation Stall (reactors-io-scheduler-ForkJoinPool-1-worker-14) 12.438ms
[5.015s][info][gc          ] Allocation Stall (reactors-io-scheduler-ForkJoinPool-1-worker-9) 11.894ms
[5.015s][info][gc          ] Allocation Stall (reactors-io-scheduler-ForkJoinPool-1-worker-47) 11.986ms
[5.015s][info][gc          ] Allocation Stall (reactors-io-scheduler-ForkJoinPool-1-worker-39) 11.996ms
[5.015s][info][gc          ] Allocation Stall (reactors-io-scheduler-ForkJoinPool-1-worker-48) 12.347ms
[5.015s][info][gc          ] Allocation Stall (reactors-io-scheduler-ForkJoinPool-1-worker-21) 12.079ms
[5.015s][info][gc          ] Allocation Stall (reactors-io-scheduler-ForkJoinPool-1-worker-13) 11.692ms
[5.015s][info][gc          ] Allocation Stall (reactors-io-scheduler-ForkJoinPool-1-worker-26) 12.468ms
[5.015s][info][gc          ] Allocation Stall (reactors-io-scheduler-ForkJoinPool-1-worker-42) 11.988ms
[5.015s][info][gc          ] Allocation Stall (reactors-io-scheduler-ForkJoinPool-1-worker-17) 12.261ms
[5.015s][info][gc          ] Allocation Stall (reactors-io-scheduler-ForkJoinPool-1-worker-33) 11.851ms
[5.015s][info][gc          ] Allocation Stall (reactors-io-scheduler-ForkJoinPool-1-worker-36) 12.272ms
[5.015s][info][gc          ] Allocation Stall (reactors-io-scheduler-ForkJoinPool-1-worker-19) 12.136ms
[5.015s][info][gc          ] Allocation Stall (reactors-io-scheduler-ForkJoinPool-1-worker-18) 11.710ms
[5.015s][info][gc          ] Allocation Stall (reactors-io-scheduler-ForkJoinPool-1-worker-43) 12.252ms
[5.015s][info][gc          ] Allocation Stall (reactors-io-scheduler-ForkJoinPool-1-worker-2) 12.286ms
[5.021s][info][gc,phases   ] GC(11) Concurrent Select Relocation Set 5.748ms
[5.021s][info][gc,phases   ] GC(11) Pause Relocate Start 0.008ms
[5.026s][info][gc,phases   ] GC(11) Concurrent Relocate 4.418ms
[5.026s][info][gc,load     ] GC(11) Load: 0.00/0.00/0.00
[5.026s][info][gc,mmu      ] GC(11) MMU: 2ms/97.5%, 5ms/99.0%, 10ms/99.5%, 20ms/99.7%, 50ms/99.8%, 100ms/99.9%
[5.026s][info][gc,marking  ] GC(11) Mark: 4 stripe(s), 2 proactive flush(es), 1 terminate flush(es), 0 completion(s), 0 continuation(s) 
[5.026s][info][gc,marking  ] GC(11) Mark Stack Usage: 32M
[5.026s][info][gc,nmethod  ] GC(11) NMethods: 2135 registered, 425 unregistered
[5.026s][info][gc,metaspace] GC(11) Metaspace: 15M used, 15M committed, 1088M reserved
[5.026s][info][gc,ref      ] GC(11) Soft: 152 encountered, 54 discovered, 0 enqueued
[5.026s][info][gc,ref      ] GC(11) Weak: 835 encountered, 437 discovered, 0 enqueued
[5.026s][info][gc,ref      ] GC(11) Final: 0 encountered, 0 discovered, 0 enqueued
[5.026s][info][gc,ref      ] GC(11) Phantom: 36 encountered, 17 discovered, 0 enqueued
[5.026s][info][gc,reloc    ] GC(11) Small Pages: 243 / 486M, Empty: 308M, Relocated: 4M, In-Place: 0
[5.026s][info][gc,reloc    ] GC(11) Medium Pages: 0 / 0M, Empty: 0M, Relocated: 0M, In-Place: 0
[5.026s][info][gc,reloc    ] GC(11) Large Pages: 0 / 0M, Empty: 0M, Relocated: 0M, In-Place: 0
[5.026s][info][gc,reloc    ] GC(11) Forwarding Usage: 2M
[5.026s][info][gc,heap     ] GC(11) Min Capacity: 8M(2%)
[5.026s][info][gc,heap     ] GC(11) Max Capacity: 512M(100%)
[5.026s][info][gc,heap     ] GC(11) Soft Max Capacity: 512M(100%)
[5.026s][info][gc,heap     ] GC(11)                Mark Start          Mark End        Relocate Start      Relocate End           High               Low         
[5.026s][info][gc,heap     ] GC(11)  Capacity:      512M (100%)        512M (100%)        512M (100%)        512M (100%)        512M (100%)        512M (100%)   
[5.026s][info][gc,heap     ] GC(11)      Free:       26M (5%)            0M (0%)          270M (53%)         414M (81%)         424M (83%)           0M (0%)     
[5.026s][info][gc,heap     ] GC(11)      Used:      486M (95%)         512M (100%)        242M (47%)          98M (19%)         512M (100%)         88M (17%)    
[5.026s][info][gc,heap     ] GC(11)      Live:         -                 6M (1%)            6M (1%)            6M (1%)             -                  -          
[5.026s][info][gc,heap     ] GC(11) Allocated:         -                26M (5%)           64M (13%)          85M (17%)            -                  -          
[5.026s][info][gc,heap     ] GC(11)   Garbage:         -               479M (94%)         171M (34%)           5M (1%)             -                  -          
[5.026s][info][gc,heap     ] GC(11) Reclaimed:         -                  -               308M (60%)         473M (93%)            -                  -          
[5.026s][info][gc          ] GC(11) Garbage Collection (Allocation Stall) 486M(95%)->98M(19%)
[5.092s][info][gc,start    ] GC(12) Garbage Collection (Allocation Stall)
[5.092s][info][gc,ref      ] GC(12) Clearing All SoftReferences
[5.092s][info][gc,task     ] GC(12) Using 5 workers
[5.093s][info][gc,ref      ] GC(12) Clearing All SoftReferences
[5.093s][info][gc,phases   ] GC(12) Pause Mark Start 0.048ms
[5.123s][info][gc,phases   ] GC(12) Concurrent Mark 19.569ms
[5.124s][info][gc,phases   ] GC(12) Pause Mark End 0.017ms
[5.124s][info][gc,phases   ] GC(12) Concurrent Mark Free 0.001ms
[5.125s][info][gc,phases   ] GC(12) Concurrent Process Non-Strong References 1.158ms
[5.125s][info][gc,phases   ] GC(12) Concurrent Reset Relocation Set 0.013ms
[5.125s][info][gc          ] Allocation Stall (reactors-io-scheduler-ForkJoinPool-1-worker-40) 20.655ms
[5.125s][info][gc          ] Allocation Stall (reactors-io-scheduler-ForkJoinPool-1-worker-37) 20.011ms
[5.125s][info][gc          ] Allocation Stall (reactors-io-scheduler-ForkJoinPool-1-worker-16) 20.155ms
[5.125s][info][gc          ] Allocation Stall (reactors-io-scheduler-ForkJoinPool-1-worker-14) 19.939ms
[5.125s][info][gc          ] Allocation Stall (reactors-io-scheduler-ForkJoinPool-1-worker-48) 19.901ms
[5.125s][info][gc          ] Allocation Stall (reactors-io-scheduler-ForkJoinPool-1-worker-6) 20.201ms
[5.125s][info][gc          ] Allocation Stall (reactors-io-scheduler-ForkJoinPool-1-worker-15) 20.006ms
[5.125s][info][gc          ] Allocation Stall (reactors-io-scheduler-ForkJoinPool-1-worker-24) 20.199ms
[5.125s][info][gc          ] Allocation Stall (reactors-io-scheduler-ForkJoinPool-1-worker-22) 20.787ms
[5.125s][info][gc          ] Allocation Stall (reactors-io-scheduler-ForkJoinPool-1-worker-17) 20.016ms
[5.125s][info][gc          ] Allocation Stall (reactors-io-scheduler-ForkJoinPool-1-worker-23) 20.000ms
[5.125s][info][gc          ] Allocation Stall (reactors-io-scheduler-ForkJoinPool-1-worker-33) 20.244ms
[5.125s][info][gc          ] Allocation Stall (reactors-io-scheduler-ForkJoinPool-1-worker-43) 20.126ms
[5.125s][info][gc          ] Allocation Stall (reactors-io-scheduler-ForkJoinPool-1-worker-47) 20.407ms
[5.125s][info][gc          ] Allocation Stall (reactors-io-scheduler-ForkJoinPool-1-worker-46) 20.011ms
[5.125s][info][gc          ] Allocation Stall (reactors-io-scheduler-ForkJoinPool-1-worker-31) 20.401ms
[5.125s][info][gc          ] Allocation Stall (reactors-io-scheduler-ForkJoinPool-1-worker-26) 21.212ms
[5.125s][info][gc          ] Allocation Stall (reactors-io-scheduler-ForkJoinPool-1-worker-19) 20.078ms
[5.125s][info][gc          ] Allocation Stall (reactors-io-scheduler-ForkJoinPool-1-worker-35) 20.044ms
[5.125s][info][gc          ] Allocation Stall (reactors-io-scheduler-ForkJoinPool-1-worker-20) 20.008ms
[5.125s][info][gc          ] Allocation Stall (reactors-io-scheduler-ForkJoinPool-1-worker-4) 20.666ms
[5.125s][info][gc          ] Allocation Stall (reactors-io-scheduler-ForkJoinPool-1-worker-41) 20.158ms
[5.125s][info][gc          ] Allocation Stall (reactors-io-scheduler-ForkJoinPool-1-worker-12) 20.215ms
[5.125s][info][gc          ] Allocation Stall (reactors-io-scheduler-ForkJoinPool-1-worker-21) 20.570ms
[5.125s][info][gc          ] Allocation Stall (reactors-io-scheduler-ForkJoinPool-1-worker-1) 20.095ms
[5.125s][info][gc          ] Allocation Stall (reactors-io-scheduler-ForkJoinPool-1-worker-34) 20.000ms
[5.125s][info][gc          ] Allocation Stall (reactors-io-scheduler-ForkJoinPool-1-worker-10) 20.130ms
[5.125s][info][gc          ] Allocation Stall (reactors-io-scheduler-ForkJoinPool-1-worker-25) 21.147ms
[5.125s][info][gc          ] Allocation Stall (reactors-io-scheduler-ForkJoinPool-1-worker-7) 20.426ms
[5.125s][info][gc          ] Allocation Stall (reactors-io-scheduler-ForkJoinPool-1-worker-45) 20.137ms
[5.125s][info][gc          ] Allocation Stall (reactors-io-scheduler-ForkJoinPool-1-worker-38) 19.963ms
[5.125s][info][gc          ] Allocation Stall (reactors-io-scheduler-ForkJoinPool-1-worker-8) 20.608ms
[5.125s][info][gc          ] Allocation Stall (reactors-io-scheduler-ForkJoinPool-1-worker-36) 20.047ms
[5.125s][info][gc          ] Allocation Stall (reactors-io-scheduler-ForkJoinPool-1-worker-44) 20.017ms
[5.125s][info][gc          ] Allocation Stall (reactors-io-scheduler-ForkJoinPool-1-worker-32) 21.306ms
[5.125s][info][gc          ] Allocation Stall (reactors-io-scheduler-ForkJoinPool-1-worker-3) 20.052ms
[5.125s][info][gc          ] Allocation Stall (reactors-io-scheduler-ForkJoinPool-1-worker-18) 21.267ms
[5.125s][info][gc          ] Allocation Stall (reactors-io-scheduler-ForkJoinPool-1-worker-9) 20.734ms
[5.125s][info][gc          ] Allocation Stall (reactors-io-scheduler-ForkJoinPool-1-worker-5) 20.919ms
[5.125s][info][gc          ] Allocation Stall (reactors-io-scheduler-ForkJoinPool-1-worker-11) 20.296ms
[5.125s][info][gc          ] Allocation Stall (reactors-io-scheduler-ForkJoinPool-1-worker-13) 20.604ms
[5.125s][info][gc          ] Allocation Stall (reactors-io-scheduler-ForkJoinPool-1-worker-39) 20.921ms
[5.125s][info][gc          ] Allocation Stall (reactors-io-scheduler-ForkJoinPool-1-worker-27) 20.968ms
[5.125s][info][gc          ] Allocation Stall (reactors-io-scheduler-ForkJoinPool-1-worker-30) 20.650ms
[5.125s][info][gc          ] Allocation Stall (reactors-io-scheduler-ForkJoinPool-1-worker-2) 20.770ms
[5.125s][info][gc          ] Allocation Stall (reactors-io-scheduler-ForkJoinPool-1-worker-42) 20.996ms
[5.125s][info][gc          ] Allocation Stall (reactors-io-scheduler-ForkJoinPool-1-worker-29) 21.073ms
[5.125s][info][gc          ] Allocation Stall (reactors-io-scheduler-ForkJoinPool-1-worker-28) 20.677ms
[5.135s][info][gc,phases   ] GC(12) Concurrent Select Relocation Set 9.838ms
[5.135s][info][gc,phases   ] GC(12) Pause Relocate Start 0.008ms
[5.140s][info][gc,phases   ] GC(12) Concurrent Relocate 5.012ms
[5.140s][info][gc,load     ] GC(12) Load: 0.00/0.00/0.00
[5.140s][info][gc,mmu      ] GC(12) MMU: 2ms/97.5%, 5ms/99.0%, 10ms/99.5%, 20ms/99.7%, 50ms/99.8%, 100ms/99.9%
[5.140s][info][gc,marking  ] GC(12) Mark: 4 stripe(s), 2 proactive flush(es), 1 terminate flush(es), 0 completion(s), 0 continuation(s) 
[5.140s][info][gc,marking  ] GC(12) Mark Stack Usage: 32M
[5.140s][info][gc,nmethod  ] GC(12) NMethods: 2135 registered, 426 unregistered
[5.140s][info][gc,metaspace] GC(12) Metaspace: 15M used, 15M committed, 1088M reserved
[5.140s][info][gc,ref      ] GC(12) Soft: 152 encountered, 50 discovered, 0 enqueued
[5.140s][info][gc,ref      ] GC(12) Weak: 835 encountered, 45 discovered, 0 enqueued
[5.140s][info][gc,ref      ] GC(12) Final: 0 encountered, 0 discovered, 0 enqueued
[5.140s][info][gc,ref      ] GC(12) Phantom: 36 encountered, 32 discovered, 0 enqueued
[5.140s][info][gc,reloc    ] GC(12) Small Pages: 224 / 448M, Empty: 278M, Relocated: 4M, In-Place: 0
[5.140s][info][gc,reloc    ] GC(12) Medium Pages: 0 / 0M, Empty: 0M, Relocated: 0M, In-Place: 0
[5.140s][info][gc,reloc    ] GC(12) Large Pages: 0 / 0M, Empty: 0M, Relocated: 0M, In-Place: 0
[5.140s][info][gc,reloc    ] GC(12) Forwarding Usage: 2M
[5.141s][info][gc,heap     ] GC(12) Min Capacity: 8M(2%)
[5.141s][info][gc,heap     ] GC(12) Max Capacity: 512M(100%)
[5.141s][info][gc,heap     ] GC(12) Soft Max Capacity: 512M(100%)
[5.141s][info][gc,heap     ] GC(12)                Mark Start          Mark End        Relocate Start      Relocate End           High               Low         
[5.141s][info][gc,heap     ] GC(12)  Capacity:      512M (100%)        512M (100%)        512M (100%)        512M (100%)        512M (100%)        512M (100%)   
[5.141s][info][gc,heap     ] GC(12)      Free:       64M (13%)           0M (0%)          222M (43%)         354M (69%)         366M (71%)           0M (0%)     
[5.141s][info][gc,heap     ] GC(12)      Used:      448M (88%)         512M (100%)        290M (57%)         158M (31%)         512M (100%)        146M (29%)    
[5.141s][info][gc,heap     ] GC(12)      Live:         -                 6M (1%)            6M (1%)            6M (1%)             -                  -          
[5.141s][info][gc,heap     ] GC(12) Allocated:         -                64M (13%)         120M (23%)         145M (28%)            -                  -          
[5.141s][info][gc,heap     ] GC(12)   Garbage:         -               441M (86%)         163M (32%)           5M (1%)             -                  -          
[5.141s][info][gc,heap     ] GC(12) Reclaimed:         -                  -               278M (54%)         435M (85%)            -                  -          
[5.141s][info][gc          ] GC(12) Garbage Collection (Allocation Stall) 448M(88%)->158M(31%)
[5.202s][info][gc,start    ] GC(13) Garbage Collection (Allocation Stall)
[5.202s][info][gc,ref      ] GC(13) Clearing All SoftReferences
[5.202s][info][gc,task     ] GC(13) Using 5 workers
[5.202s][info][gc,ref      ] GC(13) Clearing All SoftReferences
[5.202s][info][gc,phases   ] GC(13) Pause Mark Start 0.046ms
[5.217s][info][gc,phases   ] GC(13) Concurrent Mark 14.693ms
[5.217s][info][gc,phases   ] GC(13) Pause Mark End 0.009ms
[5.217s][info][gc,phases   ] GC(13) Concurrent Mark Free 0.001ms
[5.218s][info][gc,phases   ] GC(13) Concurrent Process Non-Strong References 0.947ms
[5.218s][info][gc,phases   ] GC(13) Concurrent Reset Relocation Set 0.014ms
[5.221s][info][gc,phases   ] GC(13) Concurrent Select Relocation Set 2.614ms
[5.221s][info][gc,phases   ] GC(13) Pause Relocate Start 0.004ms
[5.222s][info][gc,phases   ] GC(13) Concurrent Relocate 1.366ms
[5.222s][info][gc,load     ] GC(13) Load: 0.00/0.00/0.00
[5.222s][info][gc,mmu      ] GC(13) MMU: 2ms/97.5%, 5ms/99.0%, 10ms/99.5%, 20ms/99.7%, 50ms/99.8%, 100ms/99.9%
[5.222s][info][gc,marking  ] GC(13) Mark: 4 stripe(s), 2 proactive flush(es), 1 terminate flush(es), 0 completion(s), 0 continuation(s) 
[5.222s][info][gc,marking  ] GC(13) Mark Stack Usage: 32M
[5.222s][info][gc,nmethod  ] GC(13) NMethods: 2147 registered, 426 unregistered
[5.222s][info][gc,metaspace] GC(13) Metaspace: 15M used, 15M committed, 1088M reserved
[5.222s][info][gc,ref      ] GC(13) Soft: 152 encountered, 68 discovered, 0 enqueued
[5.222s][info][gc,ref      ] GC(13) Weak: 835 encountered, 364 discovered, 0 enqueued
[5.222s][info][gc,ref      ] GC(13) Final: 0 encountered, 0 discovered, 0 enqueued
[5.223s][info][gc,ref      ] GC(13) Phantom: 36 encountered, 28 discovered, 0 enqueued
[5.223s][info][gc,reloc    ] GC(13) Small Pages: 234 / 468M, Empty: 404M, Relocated: 2M, In-Place: 0
[5.223s][info][gc,reloc    ] GC(13) Medium Pages: 0 / 0M, Empty: 0M, Relocated: 0M, In-Place: 0
[5.223s][info][gc,reloc    ] GC(13) Large Pages: 0 / 0M, Empty: 0M, Relocated: 0M, In-Place: 0
[5.223s][info][gc,reloc    ] GC(13) Forwarding Usage: 0M
[5.223s][info][gc,heap     ] GC(13) Min Capacity: 8M(2%)
[5.223s][info][gc,heap     ] GC(13) Max Capacity: 512M(100%)
[5.223s][info][gc,heap     ] GC(13) Soft Max Capacity: 512M(100%)
[5.223s][info][gc,heap     ] GC(13)                Mark Start          Mark End        Relocate Start      Relocate End           High               Low         
[5.223s][info][gc,heap     ] GC(13)  Capacity:      512M (100%)        512M (100%)        512M (100%)        512M (100%)        512M (100%)        512M (100%)   
[5.223s][info][gc,heap     ] GC(13)      Free:       44M (9%)           14M (3%)          416M (81%)         466M (91%)         466M (91%)          12M (2%)     
[5.223s][info][gc,heap     ] GC(13)      Used:      468M (91%)         498M (97%)          96M (19%)          46M (9%)          500M (98%)          46M (9%)     
[5.223s][info][gc,heap     ] GC(13)      Live:         -                 5M (1%)            5M (1%)            5M (1%)             -                  -          
[5.223s][info][gc,heap     ] GC(13) Allocated:         -                30M (6%)           32M (6%)           31M (6%)             -                  -          
[5.223s][info][gc,heap     ] GC(13)   Garbage:         -               462M (90%)          58M (11%)           8M (2%)             -                  -          
[5.223s][info][gc,heap     ] GC(13) Reclaimed:         -                  -               404M (79%)         453M (89%)            -                  -          
[5.223s][info][gc          ] GC(13) Garbage Collection (Allocation Stall) 468M(91%)->46M(9%)
[5.295s][info][gc,start    ] GC(14) Garbage Collection (Allocation Rate)
[5.295s][info][gc,task     ] GC(14) Using 5 workers
[5.296s][info][gc,phases   ] GC(14) Pause Mark Start 0.013ms
[5.358s][info][gc,phases   ] GC(14) Concurrent Mark 62.066ms
[5.358s][info][gc,phases   ] GC(14) Pause Mark End 0.016ms
[5.358s][info][gc,phases   ] GC(14) Concurrent Mark Free 0.001ms
[5.368s][info][gc,phases   ] GC(14) Concurrent Process Non-Strong References 9.846ms
[5.368s][info][gc,phases   ] GC(14) Concurrent Reset Relocation Set 0.006ms
[5.377s][info][gc,phases   ] GC(14) Concurrent Select Relocation Set 9.156ms
[5.377s][info][gc,phases   ] GC(14) Pause Relocate Start 0.010ms
[5.394s][info][gc,phases   ] GC(14) Concurrent Relocate 16.638ms
[5.394s][info][gc,load     ] GC(14) Load: 0.00/0.00/0.00
[5.394s][info][gc,mmu      ] GC(14) MMU: 2ms/97.5%, 5ms/99.0%, 10ms/99.5%, 20ms/99.7%, 50ms/99.8%, 100ms/99.9%
[5.394s][info][gc,marking  ] GC(14) Mark: 4 stripe(s), 6 proactive flush(es), 1 terminate flush(es), 0 completion(s), 0 continuation(s) 
[5.394s][info][gc,marking  ] GC(14) Mark Stack Usage: 32M
[5.394s][info][gc,nmethod  ] GC(14) NMethods: 1231 registered, 0 unregistered
[5.394s][info][gc,metaspace] GC(14) Metaspace: 15M used, 15M committed, 1088M reserved
[5.394s][info][gc,ref      ] GC(14) Soft: 158 encountered, 0 discovered, 0 enqueued
[5.394s][info][gc,ref      ] GC(14) Weak: 874 encountered, 496 discovered, 25 enqueued
[5.394s][info][gc,ref      ] GC(14) Final: 0 encountered, 0 discovered, 0 enqueued
[5.394s][info][gc,ref      ] GC(14) Phantom: 57 encountered, 42 discovered, 21 enqueued
[5.394s][info][gc,reloc    ] GC(14) Small Pages: 47 / 94M, Empty: 2M, Relocated: 24M, In-Place: 0
[5.394s][info][gc,reloc    ] GC(14) Medium Pages: 1 / 16M, Empty: 0M, Relocated: 0M, In-Place: 0
[5.394s][info][gc,reloc    ] GC(14) Large Pages: 0 / 0M, Empty: 0M, Relocated: 0M, In-Place: 0
[5.394s][info][gc,reloc    ] GC(14) Forwarding Usage: 10M
[5.394s][info][gc,heap     ] GC(14) Min Capacity: 8M(2%)
[5.395s][info][gc,heap     ] GC(14) Max Capacity: 512M(100%)
[5.395s][info][gc,heap     ] GC(14) Soft Max Capacity: 512M(100%)
[5.395s][info][gc,heap     ] GC(14)                Mark Start          Mark End        Relocate Start      Relocate End           High               Low         
[5.395s][info][gc,heap     ] GC(14)  Capacity:      512M (100%)        512M (100%)        512M (100%)        512M (100%)        512M (100%)        512M (100%)   
[5.395s][info][gc,heap     ] GC(14)      Free:      402M (79%)         338M (66%)         316M (62%)         326M (64%)         402M (79%)         306M (60%)    
[5.395s][info][gc,heap     ] GC(14)      Used:      110M (21%)         174M (34%)         196M (38%)         186M (36%)         206M (40%)         110M (21%)    
[5.395s][info][gc,heap     ] GC(14)      Live:         -                51M (10%)          51M (10%)          51M (10%)            -                  -          
[5.395s][info][gc,heap     ] GC(14) Allocated:         -                64M (13%)          88M (17%)         105M (21%)            -                  -          
[5.395s][info][gc,heap     ] GC(14)   Garbage:         -                58M (11%)          56M (11%)          28M (6%)             -                  -          
[5.395s][info][gc,heap     ] GC(14) Reclaimed:         -                  -                 2M (0%)           29M (6%)             -                  -          
[5.395s][info][gc          ] GC(14) Garbage Collection (Allocation Rate) 110M(21%)->186M(36%)
[5.498s][info][gc,start    ] GC(15) Garbage Collection (Allocation Rate)
[5.498s][info][gc,task     ] GC(15) Using 5 workers
[5.499s][info][gc,phases   ] GC(15) Pause Mark Start 0.017ms
[5.639s][info][gc,phases   ] GC(15) Concurrent Mark 140.218ms
[5.639s][info][gc,phases   ] GC(15) Pause Mark End 0.021ms
[5.639s][info][gc,phases   ] GC(15) Concurrent Mark Free 0.001ms
[5.640s][info][gc,phases   ] GC(15) Concurrent Process Non-Strong References 1.014ms
[5.640s][info][gc,phases   ] GC(15) Concurrent Reset Relocation Set 0.006ms
[5.664s][info][gc,phases   ] GC(15) Concurrent Select Relocation Set 23.455ms
[5.664s][info][gc,phases   ] GC(15) Pause Relocate Start 0.012ms
[5.698s][info][gc,phases   ] GC(15) Concurrent Relocate 34.027ms
[5.698s][info][gc,load     ] GC(15) Load: 0.00/0.00/0.00
[5.698s][info][gc,mmu      ] GC(15) MMU: 2ms/97.5%, 5ms/99.0%, 10ms/99.5%, 20ms/99.7%, 50ms/99.8%, 100ms/99.9%
[5.698s][info][gc,marking  ] GC(15) Mark: 4 stripe(s), 3 proactive flush(es), 1 terminate flush(es), 0 completion(s), 0 continuation(s) 
[5.698s][info][gc,marking  ] GC(15) Mark Stack Usage: 32M
[5.698s][info][gc,nmethod  ] GC(15) NMethods: 1238 registered, 1 unregistered
[5.698s][info][gc,metaspace] GC(15) Metaspace: 15M used, 15M committed, 1088M reserved
[5.698s][info][gc,ref      ] GC(15) Soft: 158 encountered, 0 discovered, 0 enqueued
[5.698s][info][gc,ref      ] GC(15) Weak: 849 encountered, 387 discovered, 0 enqueued
[5.698s][info][gc,ref      ] GC(15) Final: 0 encountered, 0 discovered, 0 enqueued
[5.698s][info][gc,ref      ] GC(15) Phantom: 36 encountered, 30 discovered, 0 enqueued
[5.699s][info][gc,reloc    ] GC(15) Small Pages: 146 / 292M, Empty: 0M, Relocated: 69M, In-Place: 0
[5.699s][info][gc,reloc    ] GC(15) Medium Pages: 1 / 16M, Empty: 0M, Relocated: 0M, In-Place: 0
[5.699s][info][gc,reloc    ] GC(15) Large Pages: 0 / 0M, Empty: 0M, Relocated: 0M, In-Place: 0
[5.699s][info][gc,reloc    ] GC(15) Forwarding Usage: 30M
[5.699s][info][gc,heap     ] GC(15) Min Capacity: 8M(2%)
[5.699s][info][gc,heap     ] GC(15) Max Capacity: 512M(100%)
[5.699s][info][gc,heap     ] GC(15) Soft Max Capacity: 512M(100%)
[5.699s][info][gc,heap     ] GC(15)                Mark Start          Mark End        Relocate Start      Relocate End           High               Low         
[5.699s][info][gc,heap     ] GC(15)  Capacity:      512M (100%)        512M (100%)        512M (100%)        512M (100%)        512M (100%)        512M (100%)   
[5.699s][info][gc,heap     ] GC(15)      Free:      204M (40%)          58M (11%)          38M (7%)           54M (11%)         204M (40%)          28M (5%)     
[5.699s][info][gc,heap     ] GC(15)      Used:      308M (60%)         454M (89%)         474M (93%)         458M (89%)         484M (95%)         308M (60%)    
[5.699s][info][gc,heap     ] GC(15)      Live:         -               194M (38%)         194M (38%)         194M (38%)            -                  -          
[5.699s][info][gc,heap     ] GC(15) Allocated:         -               146M (29%)         166M (32%)         199M (39%)            -                  -          
[5.699s][info][gc,heap     ] GC(15)   Garbage:         -               113M (22%)         113M (22%)          64M (13%)            -                  -          
[5.699s][info][gc,heap     ] GC(15) Reclaimed:         -                  -                 0M (0%)           49M (10%)            -                  -          
[5.699s][info][gc          ] GC(15) Garbage Collection (Allocation Rate) 308M(60%)->458M(89%)
[5.701s][info][gc,start    ] GC(16) Garbage Collection (Allocation Rate)
[5.701s][info][gc,task     ] GC(16) Using 5 workers
[5.702s][info][gc,phases   ] GC(16) Pause Mark Start 0.014ms
[5.967s][info][gc,phases   ] GC(16) Concurrent Mark 265.334ms
[5.967s][info][gc,phases   ] GC(16) Pause Mark End 0.021ms
[5.967s][info][gc,phases   ] GC(16) Concurrent Mark Free 0.002ms
[5.968s][info][gc,phases   ] GC(16) Concurrent Process Non-Strong References 0.911ms
[5.968s][info][gc,phases   ] GC(16) Concurrent Reset Relocation Set 0.014ms
[5.973s][info][gc,phases   ] GC(16) Concurrent Select Relocation Set 4.727ms
[5.973s][info][gc,phases   ] GC(16) Pause Relocate Start 0.009ms
[5.977s][info][gc          ] Allocation Stall (reactors-io-scheduler-reanimator) 181.533ms
[5.997s][info][gc          ] Relocation Stall (main) 20.726ms
[5.997s][info][gc          ] Allocation Stall (main) 235.850ms
[6.008s][info][gc,phases   ] GC(16) Concurrent Relocate 34.483ms
[6.008s][info][gc,load     ] GC(16) Load: 0.00/0.00/0.00
[6.008s][info][gc,mmu      ] GC(16) MMU: 2ms/97.5%, 5ms/99.0%, 10ms/99.5%, 20ms/99.7%, 50ms/99.8%, 100ms/99.9%
[6.008s][info][gc,marking  ] GC(16) Mark: 4 stripe(s), 3 proactive flush(es), 1 terminate flush(es), 0 completion(s), 0 continuation(s) 
[6.008s][info][gc,marking  ] GC(16) Mark Stack Usage: 32M
[6.008s][info][gc,nmethod  ] GC(16) NMethods: 1237 registered, 2 unregistered
[6.008s][info][gc,metaspace] GC(16) Metaspace: 15M used, 15M committed, 1088M reserved
[6.008s][info][gc,ref      ] GC(16) Soft: 158 encountered, 0 discovered, 0 enqueued
[6.008s][info][gc,ref      ] GC(16) Weak: 849 encountered, 334 discovered, 0 enqueued
[6.008s][info][gc,ref      ] GC(16) Final: 0 encountered, 0 discovered, 0 enqueued
[6.008s][info][gc,ref      ] GC(16) Phantom: 36 encountered, 16 discovered, 0 enqueued
[6.008s][info][gc,reloc    ] GC(16) Small Pages: 222 / 444M, Empty: 0M, Relocated: 69M, In-Place: 6
[6.008s][info][gc,reloc    ] GC(16) Medium Pages: 1 / 16M, Empty: 0M, Relocated: 0M, In-Place: 0
[6.008s][info][gc,reloc    ] GC(16) Large Pages: 0 / 0M, Empty: 0M, Relocated: 0M, In-Place: 0
[6.008s][info][gc,reloc    ] GC(16) Forwarding Usage: 29M
[6.008s][info][gc,heap     ] GC(16) Min Capacity: 8M(2%)
[6.008s][info][gc,heap     ] GC(16) Max Capacity: 512M(100%)
[6.008s][info][gc,heap     ] GC(16) Soft Max Capacity: 512M(100%)
[6.008s][info][gc,heap     ] GC(16)                Mark Start          Mark End        Relocate Start      Relocate End           High               Low         
[6.008s][info][gc,heap     ] GC(16)  Capacity:      512M (100%)        512M (100%)        512M (100%)        512M (100%)        512M (100%)        512M (100%)   
[6.008s][info][gc,heap     ] GC(16)      Free:       52M (10%)           0M (0%)            0M (0%)           42M (8%)           52M (10%)           0M (0%)     
[6.008s][info][gc,heap     ] GC(16)      Used:      460M (90%)         512M (100%)        512M (100%)        470M (92%)         512M (100%)        460M (90%)    
[6.008s][info][gc,heap     ] GC(16)      Live:         -               323M (63%)         323M (63%)         323M (63%)            -                  -          
[6.009s][info][gc,heap     ] GC(16) Allocated:         -                52M (10%)          52M (10%)          57M (11%)            -                  -          
[6.009s][info][gc,heap     ] GC(16)   Garbage:         -               136M (27%)         136M (27%)          88M (17%)            -                  -          
[6.009s][info][gc,heap     ] GC(16) Reclaimed:         -                  -                 0M (0%)           47M (9%)             -                  -          
[6.009s][info][gc          ] GC(16) Garbage Collection (Allocation Rate) 460M(90%)->470M(92%)
[6.050s][info][gc,start    ] GC(17) Garbage Collection (Allocation Stall)
[6.050s][info][gc,ref      ] GC(17) Clearing All SoftReferences
[6.050s][info][gc,task     ] GC(17) Using 5 workers
[6.051s][info][gc,ref      ] GC(17) Clearing All SoftReferences
[6.051s][info][gc,phases   ] GC(17) Pause Mark Start 0.089ms
[6.303s][info][gc,phases   ] GC(17) Concurrent Mark 252.396ms
[6.303s][info][gc,phases   ] GC(17) Pause Mark End 0.015ms
[6.303s][info][gc,phases   ] GC(17) Concurrent Mark Free 0.001ms
[6.308s][info][gc,phases   ] GC(17) Concurrent Process Non-Strong References 4.763ms
[6.308s][info][gc,phases   ] GC(17) Concurrent Reset Relocation Set 0.012ms
[6.316s][info][gc,phases   ] GC(17) Concurrent Select Relocation Set 8.232ms
[6.317s][info][gc,phases   ] GC(17) Pause Relocate Start 0.005ms
[6.320s][info][gc          ] Allocation Stall (main) 269.552ms
[6.322s][info][gc          ] Allocation Stall (reactors-io-scheduler-reanimator) 144.226ms
[6.323s][info][gc          ] Allocation Stall (reactors-io-scheduler-ForkJoinPool-1-worker-42) 2.436ms
[6.323s][info][gc          ] Allocation Stall (reactors-io-scheduler-ForkJoinPool-1-worker-1) 2.344ms
[6.324s][info][gc          ] Allocation Stall (reactors-io-scheduler-ForkJoinPool-1-worker-44) 2.343ms
[6.324s][info][gc          ] Allocation Stall (reactors-io-scheduler-ForkJoinPool-1-worker-34) 2.278ms
[6.324s][info][gc          ] Allocation Stall (reactors-io-scheduler-ForkJoinPool-1-worker-48) 2.246ms
[6.324s][info][gc          ] Allocation Stall (reactors-io-scheduler-ForkJoinPool-1-worker-37) 2.201ms
[6.324s][info][gc          ] Allocation Stall (reactors-io-scheduler-ForkJoinPool-1-worker-29) 2.822ms
[6.324s][info][gc          ] Allocation Stall (reactors-io-scheduler-ForkJoinPool-1-worker-25) 2.794ms
[6.325s][info][gc          ] Allocation Stall (reactors-io-scheduler-ForkJoinPool-1-worker-24) 2.788ms
[6.325s][info][gc          ] Allocation Stall (reactors-io-scheduler-ForkJoinPool-1-worker-27) 2.771ms
[6.325s][info][gc          ] Allocation Stall (reactors-io-scheduler-ForkJoinPool-1-worker-15) 2.792ms
[6.325s][info][gc          ] Allocation Stall (reactors-io-scheduler-ForkJoinPool-1-worker-23) 2.729ms
[6.325s][info][gc          ] Allocation Stall (reactors-io-scheduler-ForkJoinPool-1-worker-46) 2.684ms
[6.325s][info][gc          ] Allocation Stall (reactors-io-scheduler-ForkJoinPool-1-worker-19) 2.609ms
[6.327s][info][gc          ] Relocation Stall (main) 6.120ms
[6.328s][info][gc,phases   ] GC(17) Concurrent Relocate 11.392ms
[6.328s][info][gc,load     ] GC(17) Load: 0.00/0.00/0.00
[6.328s][info][gc,mmu      ] GC(17) MMU: 2ms/95.6%, 5ms/98.2%, 10ms/99.1%, 20ms/99.6%, 50ms/99.8%, 100ms/99.9%
[6.328s][info][gc,marking  ] GC(17) Mark: 4 stripe(s), 2 proactive flush(es), 1 terminate flush(es), 0 completion(s), 0 continuation(s) 
[6.328s][info][gc,marking  ] GC(17) Mark Stack Usage: 32M
[6.328s][info][gc,nmethod  ] GC(17) NMethods: 1253 registered, 3 unregistered
[6.328s][info][gc,metaspace] GC(17) Metaspace: 15M used, 15M committed, 1088M reserved
[6.328s][info][gc,ref      ] GC(17) Soft: 158 encountered, 62 discovered, 6 enqueued
[6.328s][info][gc,ref      ] GC(17) Weak: 849 encountered, 429 discovered, 4 enqueued
[6.328s][info][gc,ref      ] GC(17) Final: 0 encountered, 0 discovered, 0 enqueued
[6.328s][info][gc,ref      ] GC(17) Phantom: 36 encountered, 29 discovered, 0 enqueued
[6.328s][info][gc,reloc    ] GC(17) Small Pages: 248 / 496M, Empty: 0M, Relocated: 17M, In-Place: 12
[6.328s][info][gc,reloc    ] GC(17) Medium Pages: 1 / 16M, Empty: 0M, Relocated: 0M, In-Place: 0
[6.328s][info][gc,reloc    ] GC(17) Large Pages: 0 / 0M, Empty: 0M, Relocated: 0M, In-Place: 0
[6.328s][info][gc,reloc    ] GC(17) Forwarding Usage: 7M
[6.328s][info][gc,heap     ] GC(17) Min Capacity: 8M(2%)
[6.328s][info][gc,heap     ] GC(17) Max Capacity: 512M(100%)
[6.328s][info][gc,heap     ] GC(17) Soft Max Capacity: 512M(100%)
[6.328s][info][gc,heap     ] GC(17)                Mark Start          Mark End        Relocate Start      Relocate End           High               Low         
[6.328s][info][gc,heap     ] GC(17)  Capacity:      512M (100%)        512M (100%)        512M (100%)        512M (100%)        512M (100%)        512M (100%)   
[6.329s][info][gc,heap     ] GC(17)      Free:        0M (0%)            0M (0%)            0M (0%)            0M (0%)            2M (0%)            0M (0%)     
[6.329s][info][gc,heap     ] GC(17)      Used:      512M (100%)        512M (100%)        512M (100%)        512M (100%)        512M (100%)        510M (100%)   
[6.329s][info][gc,heap     ] GC(17)      Live:         -               387M (76%)         387M (76%)         387M (76%)            -                  -          
[6.329s][info][gc,heap     ] GC(17) Allocated:         -                 0M (0%)            0M (0%)            7M (2%)             -                  -          
[6.329s][info][gc,heap     ] GC(17)   Garbage:         -               124M (24%)         124M (24%)         116M (23%)            -                  -          
[6.329s][info][gc,heap     ] GC(17) Reclaimed:         -                  -                 0M (0%)            7M (2%)             -                  -          
[6.329s][info][gc          ] GC(17) Garbage Collection (Allocation Stall) 512M(100%)->512M(100%)
[6.329s][info][gc,start    ] GC(18) Garbage Collection (Allocation Stall)
[6.329s][info][gc,ref      ] GC(18) Clearing All SoftReferences
[6.329s][info][gc,task     ] GC(18) Using 5 workers
[6.329s][info][gc,ref      ] GC(18) Clearing All SoftReferences
[6.329s][info][gc,phases   ] GC(18) Pause Mark Start 0.051ms
[6.556s][info][gc,phases   ] GC(18) Concurrent Mark 226.541ms
[6.556s][info][gc,phases   ] GC(18) Pause Mark End 0.015ms
[6.556s][info][gc,phases   ] GC(18) Concurrent Mark Free 0.001ms
[6.561s][info][gc,phases   ] GC(18) Concurrent Process Non-Strong References 4.802ms
[6.561s][info][gc,phases   ] GC(18) Concurrent Reset Relocation Set 0.003ms
[6.565s][info][gc,phases   ] GC(18) Concurrent Select Relocation Set 4.794ms
[6.566s][info][gc,phases   ] GC(18) Pause Relocate Start 0.006ms
[6.566s][info][gc          ] Allocation Stall (reactors-io-scheduler-ForkJoinPool-1-worker-32) 244.124ms
[6.567s][info][gc          ] Allocation Stall (reactors-io-scheduler-ForkJoinPool-1-worker-18) 245.044ms
[6.567s][info][gc          ] Allocation Stall (main) 238.422ms
[6.568s][info][gc          ] Allocation Stall (reactors-io-scheduler-reanimator) 43.379ms
[6.571s][info][gc          ] Allocation Stall (reactors-io-scheduler-ForkJoinPool-1-worker-45) 0.755ms
[6.571s][info][gc,phases   ] GC(18) Concurrent Relocate 4.990ms
[6.571s][info][gc,load     ] GC(18) Load: 0.00/0.00/0.00
[6.571s][info][gc,mmu      ] GC(18) MMU: 2ms/95.6%, 5ms/98.2%, 10ms/99.1%, 20ms/99.6%, 50ms/99.8%, 100ms/99.9%
[6.571s][info][gc,marking  ] GC(18) Mark: 4 stripe(s), 2 proactive flush(es), 1 terminate flush(es), 0 completion(s), 0 continuation(s) 
[6.571s][info][gc,marking  ] GC(18) Mark Stack Usage: 32M
[6.571s][info][gc,nmethod  ] GC(18) NMethods: 1262 registered, 10 unregistered
[6.571s][info][gc,metaspace] GC(18) Metaspace: 15M used, 15M committed, 1088M reserved
[6.571s][info][gc,ref      ] GC(18) Soft: 154 encountered, 47 discovered, 2 enqueued
[6.571s][info][gc,ref      ] GC(18) Weak: 849 encountered, 413 discovered, 2 enqueued
[6.571s][info][gc,ref      ] GC(18) Final: 0 encountered, 0 discovered, 0 enqueued
[6.571s][info][gc,ref      ] GC(18) Phantom: 36 encountered, 31 discovered, 0 enqueued
[6.571s][info][gc,reloc    ] GC(18) Small Pages: 248 / 496M, Empty: 0M, Relocated: 6M, In-Place: 5
[6.571s][info][gc,reloc    ] GC(18) Medium Pages: 1 / 16M, Empty: 0M, Relocated: 0M, In-Place: 0
[6.571s][info][gc,reloc    ] GC(18) Large Pages: 0 / 0M, Empty: 0M, Relocated: 0M, In-Place: 0
[6.571s][info][gc,reloc    ] GC(18) Forwarding Usage: 3M
[6.571s][info][gc,heap     ] GC(18) Min Capacity: 8M(2%)
[6.571s][info][gc,heap     ] GC(18) Max Capacity: 512M(100%)
[6.571s][info][gc,heap     ] GC(18) Soft Max Capacity: 512M(100%)
[6.571s][info][gc,heap     ] GC(18)                Mark Start          Mark End        Relocate Start      Relocate End           High               Low         
[6.571s][info][gc,heap     ] GC(18)  Capacity:      512M (100%)        512M (100%)        512M (100%)        512M (100%)        512M (100%)        512M (100%)   
[6.571s][info][gc,heap     ] GC(18)      Free:        0M (0%)            0M (0%)            0M (0%)            0M (0%)            4M (1%)            0M (0%)     
[6.571s][info][gc,heap     ] GC(18)      Used:      512M (100%)        512M (100%)        512M (100%)        512M (100%)        512M (100%)        508M (99%)    
[6.571s][info][gc,heap     ] GC(18)      Live:         -               388M (76%)         388M (76%)         388M (76%)            -                  -          
[6.571s][info][gc,heap     ] GC(18) Allocated:         -                 0M (0%)            0M (0%)           11M (2%)             -                  -          
[6.572s][info][gc,heap     ] GC(18)   Garbage:         -               123M (24%)         123M (24%)         111M (22%)            -                  -          
[6.572s][info][gc,heap     ] GC(18) Reclaimed:         -                  -                 0M (0%)           11M (2%)             -                  -          
[6.572s][info][gc          ] GC(18) Garbage Collection (Allocation Stall) 512M(100%)->512M(100%)
[6.572s][info][gc,start    ] GC(19) Garbage Collection (Allocation Stall)
[6.572s][info][gc,ref      ] GC(19) Clearing All SoftReferences
[6.572s][info][gc,task     ] GC(19) Using 5 workers
[6.572s][info][gc,ref      ] GC(19) Clearing All SoftReferences
[6.572s][info][gc,phases   ] GC(19) Pause Mark Start 0.068ms
[6.790s][info][gc,phases   ] GC(19) Concurrent Mark 217.920ms
[6.790s][info][gc,phases   ] GC(19) Pause Mark End 0.015ms
[6.790s][info][gc,phases   ] GC(19) Concurrent Mark Free 0.001ms
[6.795s][info][gc,phases   ] GC(19) Concurrent Process Non-Strong References 5.029ms
[6.795s][info][gc,phases   ] GC(19) Concurrent Reset Relocation Set 0.002ms
[6.799s][info][gc,phases   ] GC(19) Concurrent Select Relocation Set 3.709ms
[6.799s][info][gc,phases   ] GC(19) Pause Relocate Start 0.005ms
[6.799s][info][gc          ] Allocation Stall (reactors-io-scheduler-ForkJoinPool-1-worker-13) 229.431ms
[6.801s][info][gc          ] Allocation Stall (reactors-io-scheduler-ForkJoinPool-1-worker-11) 230.847ms
[6.801s][info][gc          ] Allocation Stall (main) 230.723ms
[6.801s][info][gc          ] Allocation Stall (reactors-io-scheduler-reanimator) 26.863ms
[6.803s][info][gc          ] Allocation Stall (reactors-io-scheduler-ForkJoinPool-1-worker-48) 1.090ms
[6.803s][info][gc,phases   ] GC(19) Concurrent Relocate 4.312ms
[6.803s][info][gc,load     ] GC(19) Load: 0.00/0.00/0.00
[6.803s][info][gc,mmu      ] GC(19) MMU: 2ms/95.6%, 5ms/98.2%, 10ms/99.1%, 20ms/99.6%, 50ms/99.8%, 100ms/99.9%
[6.804s][info][gc,marking  ] GC(19) Mark: 4 stripe(s), 2 proactive flush(es), 1 terminate flush(es), 0 completion(s), 0 continuation(s) 
[6.804s][info][gc,marking  ] GC(19) Mark Stack Usage: 32M
[6.804s][info][gc,nmethod  ] GC(19) NMethods: 1279 registered, 13 unregistered
[6.804s][info][gc,metaspace] GC(19) Metaspace: 15M used, 15M committed, 1088M reserved
[6.804s][info][gc,ref      ] GC(19) Soft: 154 encountered, 44 discovered, 2 enqueued
[6.804s][info][gc,ref      ] GC(19) Weak: 849 encountered, 414 discovered, 4 enqueued
[6.804s][info][gc,ref      ] GC(19) Final: 0 encountered, 0 discovered, 0 enqueued
[6.804s][info][gc,ref      ] GC(19) Phantom: 36 encountered, 30 discovered, 0 enqueued
[6.804s][info][gc,reloc    ] GC(19) Small Pages: 248 / 496M, Empty: 0M, Relocated: 5M, In-Place: 5
[6.804s][info][gc,reloc    ] GC(19) Medium Pages: 1 / 16M, Empty: 0M, Relocated: 0M, In-Place: 0
[6.804s][info][gc,reloc    ] GC(19) Large Pages: 0 / 0M, Empty: 0M, Relocated: 0M, In-Place: 0
[6.804s][info][gc,reloc    ] GC(19) Forwarding Usage: 2M
[6.804s][info][gc,heap     ] GC(19) Min Capacity: 8M(2%)
[6.804s][info][gc,heap     ] GC(19) Max Capacity: 512M(100%)
[6.804s][info][gc,heap     ] GC(19) Soft Max Capacity: 512M(100%)
[6.804s][info][gc,heap     ] GC(19)                Mark Start          Mark End        Relocate Start      Relocate End           High               Low         
[6.804s][info][gc,heap     ] GC(19)  Capacity:      512M (100%)        512M (100%)        512M (100%)        512M (100%)        512M (100%)        512M (100%)   
[6.804s][info][gc,heap     ] GC(19)      Free:        0M (0%)            0M (0%)            0M (0%)            0M (0%)            6M (1%)            0M (0%)     
[6.804s][info][gc,heap     ] GC(19)      Used:      512M (100%)        512M (100%)        512M (100%)        512M (100%)        512M (100%)        506M (99%)    
[6.804s][info][gc,heap     ] GC(19)      Live:         -               388M (76%)         388M (76%)         388M (76%)            -                  -          
[6.804s][info][gc,heap     ] GC(19) Allocated:         -                 0M (0%)            0M (0%)           10M (2%)             -                  -          
[6.804s][info][gc,heap     ] GC(19)   Garbage:         -               123M (24%)         123M (24%)         113M (22%)            -                  -          
[6.804s][info][gc,heap     ] GC(19) Reclaimed:         -                  -                 0M (0%)           10M (2%)             -                  -          
[6.804s][info][gc          ] GC(19) Garbage Collection (Allocation Stall) 512M(100%)->512M(100%)
[6.804s][info][gc,start    ] GC(20) Garbage Collection (Allocation Stall)
[6.804s][info][gc,ref      ] GC(20) Clearing All SoftReferences
[6.804s][info][gc,task     ] GC(20) Using 5 workers
[6.804s][info][gc,ref      ] GC(20) Clearing All SoftReferences
[6.804s][info][gc,phases   ] GC(20) Pause Mark Start 0.037ms
[7.019s][info][gc,phases   ] GC(20) Concurrent Mark 214.249ms
[7.019s][info][gc,phases   ] GC(20) Pause Mark End 0.019ms
[7.019s][info][gc,phases   ] GC(20) Concurrent Mark Free 0.001ms
[7.024s][info][gc,phases   ] GC(20) Concurrent Process Non-Strong References 4.889ms
[7.024s][info][gc,phases   ] GC(20) Concurrent Reset Relocation Set 0.003ms
[7.032s][info][gc,phases   ] GC(20) Concurrent Select Relocation Set 7.969ms
[7.032s][info][gc,phases   ] GC(20) Pause Relocate Start 0.006ms
[7.033s][info][gc          ] Allocation Stall (main) 230.526ms
[7.035s][info][gc          ] Allocation Stall (C1 CompilerThread1) 231.435ms
[7.035s][info][gc          ] Allocation Stall (reactors-io-scheduler-reanimator) 32.394ms
[7.035s][info][gc          ] Allocation Stall (reactors-io-scheduler-ForkJoinPool-1-worker-39) 1.612ms
[7.036s][info][gc          ] Allocation Stall (reactors-io-scheduler-ForkJoinPool-1-worker-13) 1.591ms
[7.036s][info][gc          ] Allocation Stall (reactors-io-scheduler-ForkJoinPool-1-worker-6) 1.573ms
[7.036s][info][gc          ] Allocation Stall (reactors-io-scheduler-ForkJoinPool-1-worker-15) 1.605ms
[7.036s][info][gc          ] Allocation Stall (reactors-io-scheduler-ForkJoinPool-1-worker-34) 1.784ms
[7.036s][info][gc          ] Allocation Stall (reactors-io-scheduler-ForkJoinPool-1-worker-32) 1.799ms
[7.036s][info][gc          ] Allocation Stall (reactors-io-scheduler-ForkJoinPool-1-worker-27) 1.797ms
[7.036s][info][gc          ] Allocation Stall (reactors-io-scheduler-ForkJoinPool-1-worker-26) 1.800ms
[7.036s][info][gc          ] Allocation Stall (main) 1.803ms
[7.036s][info][gc          ] Allocation Stall (reactors-io-scheduler-ForkJoinPool-1-worker-29) 1.782ms
[7.036s][info][gc          ] Allocation Stall (reactors-io-scheduler-ForkJoinPool-1-worker-31) 1.856ms
[7.037s][info][gc,phases   ] GC(20) Concurrent Relocate 5.397ms
[7.037s][info][gc,load     ] GC(20) Load: 0.00/0.00/0.00
[7.038s][info][gc,mmu      ] GC(20) MMU: 2ms/95.6%, 5ms/98.2%, 10ms/99.1%, 20ms/99.6%, 50ms/99.8%, 100ms/99.9%
[7.038s][info][gc,marking  ] GC(20) Mark: 4 stripe(s), 2 proactive flush(es), 1 terminate flush(es), 0 completion(s), 0 continuation(s) 
[7.038s][info][gc,marking  ] GC(20) Mark Stack Usage: 32M
[7.038s][info][gc,nmethod  ] GC(20) NMethods: 1286 registered, 14 unregistered
[7.038s][info][gc,metaspace] GC(20) Metaspace: 15M used, 15M committed, 1088M reserved
[7.038s][info][gc,ref      ] GC(20) Soft: 154 encountered, 46 discovered, 2 enqueued
[7.038s][info][gc,ref      ] GC(20) Weak: 849 encountered, 369 discovered, 4 enqueued
[7.038s][info][gc,ref      ] GC(20) Final: 0 encountered, 0 discovered, 0 enqueued
[7.038s][info][gc,ref      ] GC(20) Phantom: 36 encountered, 31 discovered, 0 enqueued
[7.038s][info][gc,reloc    ] GC(20) Small Pages: 248 / 496M, Empty: 0M, Relocated: 6M, In-Place: 5
[7.038s][info][gc,reloc    ] GC(20) Medium Pages: 1 / 16M, Empty: 0M, Relocated: 0M, In-Place: 0
[7.038s][info][gc,reloc    ] GC(20) Large Pages: 0 / 0M, Empty: 0M, Relocated: 0M, In-Place: 0
[7.038s][info][gc,reloc    ] GC(20) Forwarding Usage: 3M
[7.038s][info][gc,heap     ] GC(20) Min Capacity: 8M(2%)
[7.038s][info][gc,heap     ] GC(20) Max Capacity: 512M(100%)
[7.038s][info][gc,heap     ] GC(20) Soft Max Capacity: 512M(100%)
[7.038s][info][gc,heap     ] GC(20)                Mark Start          Mark End        Relocate Start      Relocate End           High               Low         
[7.038s][info][gc,heap     ] GC(20)  Capacity:      512M (100%)        512M (100%)        512M (100%)        512M (100%)        512M (100%)        512M (100%)   
[7.038s][info][gc,heap     ] GC(20)      Free:        0M (0%)            0M (0%)            0M (0%)            4M (1%)            4M (1%)            0M (0%)     
[7.038s][info][gc,heap     ] GC(20)      Used:      512M (100%)        512M (100%)        512M (100%)        508M (99%)         512M (100%)        508M (99%)    
[7.038s][info][gc,heap     ] GC(20)      Live:         -               389M (76%)         389M (76%)         389M (76%)            -                  -          
[7.038s][info][gc,heap     ] GC(20) Allocated:         -                 0M (0%)            0M (0%)            7M (2%)             -                  -          
[7.038s][info][gc,heap     ] GC(20)   Garbage:         -               122M (24%)         122M (24%)         110M (22%)            -                  -          
[7.038s][info][gc,heap     ] GC(20) Reclaimed:         -                  -                 0M (0%)           11M (2%)             -                  -          
[7.038s][info][gc          ] GC(20) Garbage Collection (Allocation Stall) 512M(100%)->508M(99%)
[7.047s][info][gc,start    ] GC(21) Garbage Collection (Allocation Stall)
[7.047s][info][gc,ref      ] GC(21) Clearing All SoftReferences
[7.047s][info][gc,task     ] GC(21) Using 5 workers
[7.047s][info][gc,ref      ] GC(21) Clearing All SoftReferences
[7.048s][info][gc,phases   ] GC(21) Pause Mark Start 0.079ms
[7.252s][info][gc,phases   ] GC(21) Concurrent Mark 204.724ms
[7.253s][info][gc,phases   ] GC(21) Pause Mark End 0.014ms
[7.253s][info][gc,phases   ] GC(21) Concurrent Mark Free 0.001ms
[7.258s][info][gc,phases   ] GC(21) Concurrent Process Non-Strong References 4.800ms
[7.258s][info][gc,phases   ] GC(21) Concurrent Reset Relocation Set 0.002ms
[7.265s][info][gc,phases   ] GC(21) Concurrent Select Relocation Set 7.349ms
[7.265s][info][gc,phases   ] GC(21) Pause Relocate Start 0.007ms
[7.268s][info][gc          ] Allocation Stall (main) 220.627ms
[7.269s][info][gc          ] Allocation Stall (reactors-io-scheduler-reanimator) 31.636ms
[7.269s][info][gc,phases   ] GC(21) Concurrent Relocate 3.712ms
[7.269s][info][gc,load     ] GC(21) Load: 0.00/0.00/0.00
[7.269s][info][gc,mmu      ] GC(21) MMU: 2ms/95.6%, 5ms/98.2%, 10ms/99.1%, 20ms/99.6%, 50ms/99.8%, 100ms/99.9%
[7.269s][info][gc,marking  ] GC(21) Mark: 4 stripe(s), 1 proactive flush(es), 1 terminate flush(es), 0 completion(s), 0 continuation(s) 
[7.269s][info][gc,marking  ] GC(21) Mark Stack Usage: 32M
[7.269s][info][gc,nmethod  ] GC(21) NMethods: 1287 registered, 16 unregistered
[7.269s][info][gc,metaspace] GC(21) Metaspace: 15M used, 15M committed, 1088M reserved
[7.269s][info][gc,ref      ] GC(21) Soft: 154 encountered, 49 discovered, 2 enqueued
[7.269s][info][gc,ref      ] GC(21) Weak: 849 encountered, 260 discovered, 4 enqueued
[7.269s][info][gc,ref      ] GC(21) Final: 0 encountered, 0 discovered, 0 enqueued
[7.269s][info][gc,ref      ] GC(21) Phantom: 36 encountered, 21 discovered, 0 enqueued
[7.269s][info][gc,reloc    ] GC(21) Small Pages: 248 / 496M, Empty: 0M, Relocated: 6M, In-Place: 5
[7.269s][info][gc,reloc    ] GC(21) Medium Pages: 1 / 16M, Empty: 0M, Relocated: 0M, In-Place: 0
[7.269s][info][gc,reloc    ] GC(21) Large Pages: 0 / 0M, Empty: 0M, Relocated: 0M, In-Place: 0
[7.269s][info][gc,reloc    ] GC(21) Forwarding Usage: 3M
[7.269s][info][gc,heap     ] GC(21) Min Capacity: 8M(2%)
[7.269s][info][gc,heap     ] GC(21) Max Capacity: 512M(100%)
[7.269s][info][gc,heap     ] GC(21) Soft Max Capacity: 512M(100%)
[7.269s][info][gc,heap     ] GC(21)                Mark Start          Mark End        Relocate Start      Relocate End           High               Low         
[7.270s][info][gc,heap     ] GC(21)  Capacity:      512M (100%)        512M (100%)        512M (100%)        512M (100%)        512M (100%)        512M (100%)   
[7.270s][info][gc,heap     ] GC(21)      Free:        0M (0%)            0M (0%)            0M (0%)            4M (1%)            4M (1%)            0M (0%)     
[7.270s][info][gc,heap     ] GC(21)      Used:      512M (100%)        512M (100%)        512M (100%)        508M (99%)         512M (100%)        508M (99%)    
[7.270s][info][gc,heap     ] GC(21)      Live:         -               394M (77%)         394M (77%)         394M (77%)            -                  -          
[7.270s][info][gc,heap     ] GC(21) Allocated:         -                 0M (0%)            0M (0%)            2M (0%)             -                  -          
[7.270s][info][gc,heap     ] GC(21)   Garbage:         -               117M (23%)         117M (23%)         111M (22%)            -                  -          
[7.270s][info][gc,heap     ] GC(21) Reclaimed:         -                  -                 0M (0%)            6M (1%)             -                  -          
[7.270s][info][gc          ] GC(21) Garbage Collection (Allocation Stall) 512M(100%)->508M(99%)
[7.271s][info][gc,start    ] GC(22) Garbage Collection (Allocation Stall)
[7.271s][info][gc,ref      ] GC(22) Clearing All SoftReferences
[7.271s][info][gc,task     ] GC(22) Using 5 workers
[7.271s][info][gc,ref      ] GC(22) Clearing All SoftReferences
[7.271s][info][gc,phases   ] GC(22) Pause Mark Start 0.065ms
[7.488s][info][gc,phases   ] GC(22) Concurrent Mark 216.682ms
[7.488s][info][gc,phases   ] GC(22) Pause Mark End 0.018ms
[7.488s][info][gc,phases   ] GC(22) Concurrent Mark Free 0.002ms
[7.493s][info][gc,phases   ] GC(22) Concurrent Process Non-Strong References 5.068ms
[7.493s][info][gc,phases   ] GC(22) Concurrent Reset Relocation Set 0.002ms
[7.497s][info][gc,phases   ] GC(22) Concurrent Select Relocation Set 4.109ms
[7.497s][info][gc,phases   ] GC(22) Pause Relocate Start 0.006ms
[7.499s][info][gc,phases   ] GC(22) Concurrent Relocate 1.883ms
[7.499s][info][gc,load     ] GC(22) Load: 0.00/0.00/0.00
[7.499s][info][gc,mmu      ] GC(22) MMU: 2ms/95.6%, 5ms/98.2%, 10ms/99.1%, 20ms/99.6%, 50ms/99.8%, 100ms/99.9%
[7.499s][info][gc,marking  ] GC(22) Mark: 4 stripe(s), 2 proactive flush(es), 1 terminate flush(es), 0 completion(s), 0 continuation(s) 
[7.499s][info][gc,marking  ] GC(22) Mark Stack Usage: 32M
[7.499s][info][gc,nmethod  ] GC(22) NMethods: 1295 registered, 18 unregistered
[7.499s][info][gc,metaspace] GC(22) Metaspace: 15M used, 15M committed, 1088M reserved
[7.499s][info][gc,ref      ] GC(22) Soft: 155 encountered, 58 discovered, 1 enqueued
[7.500s][info][gc,ref      ] GC(22) Weak: 849 encountered, 393 discovered, 2 enqueued
[7.500s][info][gc,ref      ] GC(22) Final: 0 encountered, 0 discovered, 0 enqueued
[7.500s][info][gc,ref      ] GC(22) Phantom: 36 encountered, 30 discovered, 0 enqueued
[7.500s][info][gc,reloc    ] GC(22) Small Pages: 248 / 496M, Empty: 0M, Relocated: 1M, In-Place: 4
[7.500s][info][gc,reloc    ] GC(22) Medium Pages: 1 / 16M, Empty: 0M, Relocated: 0M, In-Place: 0
[7.500s][info][gc,reloc    ] GC(22) Large Pages: 0 / 0M, Empty: 0M, Relocated: 0M, In-Place: 0
[7.500s][info][gc,reloc    ] GC(22) Forwarding Usage: 0M
[7.500s][info][gc,heap     ] GC(22) Min Capacity: 8M(2%)
[7.500s][info][gc,heap     ] GC(22) Max Capacity: 512M(100%)
[7.500s][info][gc,heap     ] GC(22) Soft Max Capacity: 512M(100%)
[7.500s][info][gc,heap     ] GC(22)                Mark Start          Mark End        Relocate Start      Relocate End           High               Low         
[7.500s][info][gc,heap     ] GC(22)  Capacity:      512M (100%)        512M (100%)        512M (100%)        512M (100%)        512M (100%)        512M (100%)   
[7.500s][info][gc,heap     ] GC(22)      Free:        0M (0%)            0M (0%)            0M (0%)            0M (0%)            0M (0%)            0M (0%)     
[7.500s][info][gc,heap     ] GC(22)      Used:      512M (100%)        512M (100%)        512M (100%)        512M (100%)        512M (100%)        512M (100%)   
[7.500s][info][gc,heap     ] GC(22)      Live:         -               394M (77%)         394M (77%)         394M (77%)            -                  -          
[7.500s][info][gc,heap     ] GC(22) Allocated:         -                 0M (0%)            0M (0%)            0M (0%)             -                  -          
[7.500s][info][gc,heap     ] GC(22)   Garbage:         -               117M (23%)         117M (23%)         117M (23%)            -                  -          
[7.500s][info][gc,heap     ] GC(22) Reclaimed:         -                  -                 0M (0%)            0M (0%)             -                  -          
[7.500s][info][gc          ] GC(22) Garbage Collection (Allocation Stall) 512M(100%)->512M(100%)
[7.500s][info][gc          ] Allocation Stall (reactors-io-scheduler-ForkJoinPool-1-worker-20) 229.554ms
[7.500s][info][gc          ] Allocation Stall (reactors-io-scheduler-ForkJoinPool-1-worker-23) 229.536ms
[7.500s][info][gc          ] Allocation Stall (reactors-io-scheduler-ForkJoinPool-1-worker-3) 229.568ms
[7.500s][info][gc          ] Allocation Stall (reactors-io-scheduler-ForkJoinPool-1-worker-14) 229.528ms
[7.500s][info][gc          ] Allocation Stall (reactors-io-scheduler-ForkJoinPool-1-worker-33) 229.583ms
[7.500s][info][gc          ] Allocation Stall (reactors-io-scheduler-ForkJoinPool-1-worker-9) 229.530ms
[7.500s][info][gc          ] Allocation Stall (reactors-io-scheduler-ForkJoinPool-1-worker-17) 229.559ms
[7.500s][info][gc          ] Allocation Stall (reactors-io-scheduler-ForkJoinPool-1-worker-44) 229.556ms
[7.500s][info][gc          ] Allocation Stall (main) 229.527ms
[7.500s][info][gc          ] Allocation Stall (reactors-io-scheduler-ForkJoinPool-1-worker-8) 229.530ms
[7.500s][info][gc,start    ] GC(23) Garbage Collection (Allocation Stall)
[7.501s][info][gc,ref      ] GC(23) Clearing All SoftReferences
[7.501s][info][gc,task     ] GC(23) Using 5 workers
[7.501s][info][gc,ref      ] GC(23) Clearing All SoftReferences
[7.501s][info][gc,phases   ] GC(23) Pause Mark Start 0.032ms
[7.706s][info][gc,phases   ] GC(23) Concurrent Mark 205.557ms
[7.706s][info][gc,phases   ] GC(23) Pause Mark End 0.012ms
[7.707s][info][gc,phases   ] GC(23) Concurrent Mark Free 0.001ms
[7.707s][info][gc,phases   ] GC(23) Concurrent Process Non-Strong References 0.648ms
[7.707s][info][gc,phases   ] GC(23) Concurrent Reset Relocation Set 0.001ms
[7.711s][info][gc,phases   ] GC(23) Concurrent Select Relocation Set 3.488ms
[7.711s][info][gc,phases   ] GC(23) Pause Relocate Start 0.005ms
[7.712s][info][gc,phases   ] GC(23) Concurrent Relocate 1.218ms
[7.712s][info][gc,load     ] GC(23) Load: 0.00/0.00/0.00
[7.712s][info][gc,mmu      ] GC(23) MMU: 2ms/95.6%, 5ms/98.2%, 10ms/99.1%, 20ms/99.6%, 50ms/99.8%, 100ms/99.9%
[7.712s][info][gc,marking  ] GC(23) Mark: 4 stripe(s), 1 proactive flush(es), 1 terminate flush(es), 0 completion(s), 0 continuation(s) 
[7.712s][info][gc,marking  ] GC(23) Mark Stack Usage: 32M
[7.712s][info][gc,nmethod  ] GC(23) NMethods: 1295 registered, 18 unregistered
[7.712s][info][gc,metaspace] GC(23) Metaspace: 15M used, 15M committed, 1088M reserved
[7.712s][info][gc,ref      ] GC(23) Soft: 154 encountered, 52 discovered, 0 enqueued
[7.712s][info][gc,ref      ] GC(23) Weak: 847 encountered, 308 discovered, 0 enqueued
[7.712s][info][gc,ref      ] GC(23) Final: 0 encountered, 0 discovered, 0 enqueued
[7.712s][info][gc,ref      ] GC(23) Phantom: 36 encountered, 24 discovered, 0 enqueued
[7.712s][info][gc,reloc    ] GC(23) Small Pages: 248 / 496M, Empty: 0M, Relocated: 1M, In-Place: 4
[7.712s][info][gc,reloc    ] GC(23) Medium Pages: 1 / 16M, Empty: 0M, Relocated: 0M, In-Place: 0
[7.712s][info][gc,reloc    ] GC(23) Large Pages: 0 / 0M, Empty: 0M, Relocated: 0M, In-Place: 0
[7.713s][info][gc,reloc    ] GC(23) Forwarding Usage: 0M
[7.713s][info][gc,heap     ] GC(23) Min Capacity: 8M(2%)
[7.713s][info][gc,heap     ] GC(23) Max Capacity: 512M(100%)
[7.713s][info][gc,heap     ] GC(23) Soft Max Capacity: 512M(100%)
[7.713s][info][gc,heap     ] GC(23)                Mark Start          Mark End        Relocate Start      Relocate End           High               Low         
[7.713s][info][gc,heap     ] GC(23)  Capacity:      512M (100%)        512M (100%)        512M (100%)        512M (100%)        512M (100%)        512M (100%)   
[7.713s][info][gc,heap     ] GC(23)      Free:        0M (0%)            0M (0%)            0M (0%)            0M (0%)            0M (0%)            0M (0%)     
[7.713s][info][gc,heap     ] GC(23)      Used:      512M (100%)        512M (100%)        512M (100%)        512M (100%)        512M (100%)        512M (100%)   
[7.713s][info][gc,heap     ] GC(23)      Live:         -               394M (77%)         394M (77%)         394M (77%)            -                  -          
[7.713s][info][gc,heap     ] GC(23) Allocated:         -                 0M (0%)            0M (0%)            0M (0%)             -                  -          
[7.713s][info][gc,heap     ] GC(23)   Garbage:         -               117M (23%)         117M (23%)         117M (23%)            -                  -          
[7.713s][info][gc,heap     ] GC(23) Reclaimed:         -                  -                 0M (0%)            0M (0%)             -                  -          
[7.713s][info][gc          ] GC(23) Garbage Collection (Allocation Stall) 512M(100%)->512M(100%)
[7.713s][info][gc          ] Allocation Stall (reactors-io-scheduler-ForkJoinPool-1-worker-20) 212.773ms
[7.713s][info][gc          ] Allocation Stall (reactors-io-scheduler-ForkJoinPool-1-worker-23) 212.733ms
[7.713s][info][gc          ] Allocation Stall (reactors-io-scheduler-ForkJoinPool-1-worker-33) 212.599ms
[7.713s][info][gc          ] Allocation Stall (reactors-io-scheduler-ForkJoinPool-1-worker-17) 212.507ms
[7.713s][info][gc          ] Allocation Stall (reactors-io-scheduler-ForkJoinPool-1-worker-8) 212.378ms
[7.713s][info][gc          ] Allocation Stall (reactors-io-scheduler-ForkJoinPool-1-worker-30) 441.914ms
[7.713s][info][gc          ] Out Of Memory (reactors-io-scheduler-ForkJoinPool-1-worker-20)
[7.713s][info][gc          ] Allocation Stall (reactors-io-scheduler-ForkJoinPool-1-worker-3) 212.683ms
[7.713s][info][gc          ] Allocation Stall (reactors-io-scheduler-ForkJoinPool-1-worker-14) 212.651ms
[7.713s][info][gc          ] Allocation Stall (reactors-io-scheduler-ForkJoinPool-1-worker-9) 212.577ms
[7.713s][info][gc          ] Allocation Stall (reactors-io-scheduler-ForkJoinPool-1-worker-44) 212.478ms
[7.713s][info][gc          ] Allocation Stall (main) 212.437ms
[7.713s][info][gc          ] Out Of Memory (reactors-io-scheduler-ForkJoinPool-1-worker-23)
[7.713s][info][gc          ] Allocation Stall (reactors-io-scheduler-ForkJoinPool-1-worker-29) 441.972ms
[7.713s][info][gc          ] Allocation Stall (reactors-io-scheduler-reanimator) 240.967ms
[7.713s][info][gc          ] Out Of Memory (reactors-io-scheduler-ForkJoinPool-1-worker-33)
[7.713s][info][gc          ] Out Of Memory (reactors-io-scheduler-ForkJoinPool-1-worker-17)
[7.713s][info][gc          ] Out Of Memory (reactors-io-scheduler-ForkJoinPool-1-worker-8)
[7.713s][info][gc,start    ] GC(24) Garbage Collection (Allocation Stall)
[7.713s][info][gc          ] Out Of Memory (reactors-io-scheduler-ForkJoinPool-1-worker-3)
[7.713s][info][gc          ] Out Of Memory (reactors-io-scheduler-ForkJoinPool-1-worker-14)
[7.713s][info][gc          ] Out Of Memory (reactors-io-scheduler-ForkJoinPool-1-worker-9)
[7.713s][info][gc          ] Out Of Memory (reactors-io-scheduler-ForkJoinPool-1-worker-44)
[7.713s][info][gc          ] Out Of Memory (main)
[7.714s][info][gc,ref      ] GC(24) Clearing All SoftReferences
[7.714s][info][gc,task     ] GC(24) Using 5 workers
[7.714s][info][gc,ref      ] GC(24) Clearing All SoftReferences
[7.714s][info][gc,phases   ] GC(24) Pause Mark Start 0.023ms
[7.941s][info][gc,phases   ] GC(24) Concurrent Mark 226.738ms
[7.941s][info][gc,phases   ] GC(24) Pause Mark End 0.014ms
[7.941s][info][gc,phases   ] GC(24) Concurrent Mark Free 0.001ms
[7.942s][info][gc,phases   ] GC(24) Concurrent Process Non-Strong References 1.032ms
[7.942s][info][gc,phases   ] GC(24) Concurrent Reset Relocation Set 0.001ms
[7.944s][info][gc,phases   ] GC(24) Concurrent Select Relocation Set 2.440ms
[7.944s][info][gc,phases   ] GC(24) Pause Relocate Start 0.004ms
[7.947s][info][gc,phases   ] GC(24) Concurrent Relocate 2.727ms
[7.947s][info][gc,load     ] GC(24) Load: 0.00/0.00/0.00
[7.947s][info][gc,mmu      ] GC(24) MMU: 2ms/95.6%, 5ms/98.2%, 10ms/99.1%, 20ms/99.6%, 50ms/99.8%, 100ms/99.9%
[7.947s][info][gc,marking  ] GC(24) Mark: 4 stripe(s), 3 proactive flush(es), 1 terminate flush(es), 0 completion(s), 0 continuation(s) 
[7.947s][info][gc,marking  ] GC(24) Mark Stack Usage: 32M
[7.947s][info][gc,nmethod  ] GC(24) NMethods: 1295 registered, 18 unregistered
[7.947s][info][gc,metaspace] GC(24) Metaspace: 15M used, 15M committed, 1088M reserved
[7.947s][info][gc,ref      ] GC(24) Soft: 154 encountered, 44 discovered, 0 enqueued
[7.947s][info][gc,ref      ] GC(24) Weak: 847 encountered, 378 discovered, 0 enqueued
[7.947s][info][gc,ref      ] GC(24) Final: 0 encountered, 0 discovered, 0 enqueued
[7.947s][info][gc,ref      ] GC(24) Phantom: 36 encountered, 23 discovered, 0 enqueued
[7.947s][info][gc,reloc    ] GC(24) Small Pages: 248 / 496M, Empty: 0M, Relocated: 1M, In-Place: 4
[7.947s][info][gc,reloc    ] GC(24) Medium Pages: 1 / 16M, Empty: 0M, Relocated: 0M, In-Place: 0
[7.947s][info][gc,reloc    ] GC(24) Large Pages: 0 / 0M, Empty: 0M, Relocated: 0M, In-Place: 0
[7.947s][info][gc,reloc    ] GC(24) Forwarding Usage: 0M
[7.947s][info][gc,heap     ] GC(24) Min Capacity: 8M(2%)
[7.947s][info][gc,heap     ] GC(24) Max Capacity: 512M(100%)
[7.947s][info][gc,heap     ] GC(24) Soft Max Capacity: 512M(100%)
[7.947s][info][gc,heap     ] GC(24)                Mark Start          Mark End        Relocate Start      Relocate End           High               Low         
[7.947s][info][gc,heap     ] GC(24)  Capacity:      512M (100%)        512M (100%)        512M (100%)        512M (100%)        512M (100%)        512M (100%)   
[7.947s][info][gc,heap     ] GC(24)      Free:        0M (0%)            0M (0%)            0M (0%)            0M (0%)            0M (0%)            0M (0%)     
[7.948s][info][gc,heap     ] GC(24)      Used:      512M (100%)        512M (100%)        512M (100%)        512M (100%)        512M (100%)        512M (100%)   
[7.948s][info][gc,heap     ] GC(24)      Live:         -               394M (77%)         394M (77%)         394M (77%)            -                  -          
[7.948s][info][gc,heap     ] GC(24) Allocated:         -                 0M (0%)            0M (0%)            0M (0%)             -                  -          
[7.948s][info][gc,heap     ] GC(24)   Garbage:         -               117M (23%)         117M (23%)         117M (23%)            -                  -          
[7.948s][info][gc,heap     ] GC(24) Reclaimed:         -                  -                 0M (0%)            0M (0%)             -                  -          
[7.948s][info][gc          ] GC(24) Garbage Collection (Allocation Stall) 512M(100%)->512M(100%)
[7.948s][info][gc          ] Allocation Stall (reactors-io-scheduler-ForkJoinPool-1-worker-29) 234.191ms
[7.948s][info][gc,start    ] GC(25) Garbage Collection (Allocation Stall)
[7.948s][info][gc          ] Allocation Stall (reactors-io-scheduler-ForkJoinPool-1-worker-20) 234.393ms
[7.948s][info][gc          ] Allocation Stall (reactors-io-scheduler-ForkJoinPool-1-worker-17) 234.080ms
[7.948s][info][gc          ] Allocation Stall (reactors-io-scheduler-ForkJoinPool-1-worker-30) 234.529ms
[7.948s][info][gc          ] Out Of Memory (reactors-io-scheduler-ForkJoinPool-1-worker-29)
[7.948s][info][gc          ] Allocation Stall (reactors-io-scheduler-ForkJoinPool-1-worker-44) 233.988ms
[7.948s][info][gc          ] Allocation Stall (reactors-io-scheduler-reanimator) 234.203ms
[7.948s][info][gc,ref      ] GC(25) Clearing All SoftReferences
[7.948s][info][gc          ] Allocation Stall (reactors-io-scheduler-ForkJoinPool-1-worker-23) 234.291ms
[7.948s][info][gc          ] Allocation Stall (reactors-io-scheduler-ForkJoinPool-1-worker-33) 234.113ms
[7.948s][info][gc          ] Allocation Stall (reactors-io-scheduler-ForkJoinPool-1-worker-3) 234.132ms
[7.948s][info][gc          ] Allocation Stall (reactors-io-scheduler-ForkJoinPool-1-worker-14) 234.069ms
[7.948s][info][gc          ] Allocation Stall (reactors-io-scheduler-ForkJoinPool-1-worker-8) 234.201ms
[7.948s][info][gc          ] Allocation Stall (reactors-io-scheduler-ForkJoinPool-1-worker-9) 234.072ms
[7.948s][info][gc          ] Out Of Memory (reactors-io-scheduler-ForkJoinPool-1-worker-30)
[7.948s][info][gc          ] Out Of Memory (reactors-io-scheduler-reanimator)
[7.948s][info][gc,task     ] GC(25) Using 5 workers
[7.948s][info][gc,ref      ] GC(25) Clearing All SoftReferences
[7.948s][info][gc,phases   ] GC(25) Pause Mark Start 0.024ms
[8.153s][info][gc,phases   ] GC(25) Concurrent Mark 204.254ms
[8.153s][info][gc,phases   ] GC(25) Pause Mark End 0.015ms
[8.153s][info][gc,phases   ] GC(25) Concurrent Mark Free 0.001ms
[8.158s][info][gc,phases   ] GC(25) Concurrent Process Non-Strong References 5.072ms
[8.158s][info][gc,phases   ] GC(25) Concurrent Reset Relocation Set 0.002ms
[8.162s][info][gc,phases   ] GC(25) Concurrent Select Relocation Set 3.511ms
[8.162s][info][gc,phases   ] GC(25) Pause Relocate Start 0.005ms
[8.164s][info][gc,phases   ] GC(25) Concurrent Relocate 1.861ms
[8.164s][info][gc,load     ] GC(25) Load: 0.00/0.00/0.00
[8.164s][info][gc,mmu      ] GC(25) MMU: 2ms/95.6%, 5ms/98.2%, 10ms/99.1%, 20ms/99.6%, 50ms/99.8%, 100ms/99.9%
[8.164s][info][gc,marking  ] GC(25) Mark: 4 stripe(s), 2 proactive flush(es), 1 terminate flush(es), 0 completion(s), 0 continuation(s) 
[8.164s][info][gc,marking  ] GC(25) Mark Stack Usage: 32M
[8.164s][info][gc,nmethod  ] GC(25) NMethods: 1295 registered, 18 unregistered
[8.164s][info][gc,metaspace] GC(25) Metaspace: 15M used, 15M committed, 1088M reserved
[8.164s][info][gc,ref      ] GC(25) Soft: 154 encountered, 43 discovered, 0 enqueued
[8.164s][info][gc,ref      ] GC(25) Weak: 847 encountered, 336 discovered, 0 enqueued
[8.164s][info][gc,ref      ] GC(25) Final: 0 encountered, 0 discovered, 0 enqueued
[8.164s][info][gc,ref      ] GC(25) Phantom: 36 encountered, 33 discovered, 0 enqueued
[8.164s][info][gc,reloc    ] GC(25) Small Pages: 248 / 496M, Empty: 0M, Relocated: 1M, In-Place: 4
[8.164s][info][gc,reloc    ] GC(25) Medium Pages: 1 / 16M, Empty: 0M, Relocated: 0M, In-Place: 0
[8.164s][info][gc,reloc    ] GC(25) Large Pages: 0 / 0M, Empty: 0M, Relocated: 0M, In-Place: 0
[8.164s][info][gc,reloc    ] GC(25) Forwarding Usage: 0M
[8.164s][info][gc,heap     ] GC(25) Min Capacity: 8M(2%)
[8.164s][info][gc,heap     ] GC(25) Max Capacity: 512M(100%)
[8.164s][info][gc,heap     ] GC(25) Soft Max Capacity: 512M(100%)
[8.164s][info][gc,heap     ] GC(25)                Mark Start          Mark End        Relocate Start      Relocate End           High               Low         
[8.164s][info][gc,heap     ] GC(25)  Capacity:      512M (100%)        512M (100%)        512M (100%)        512M (100%)        512M (100%)        512M (100%)   
[8.164s][info][gc,heap     ] GC(25)      Free:        0M (0%)            0M (0%)            0M (0%)            0M (0%)            0M (0%)            0M (0%)     
[8.164s][info][gc,heap     ] GC(25)      Used:      512M (100%)        512M (100%)        512M (100%)        512M (100%)        512M (100%)        512M (100%)   
[8.164s][info][gc,heap     ] GC(25)      Live:         -               394M (77%)         394M (77%)         394M (77%)            -                  -          
[8.164s][info][gc,heap     ] GC(25) Allocated:         -                 0M (0%)            0M (0%)            0M (0%)             -                  -          
[8.164s][info][gc,heap     ] GC(25)   Garbage:         -               117M (23%)         117M (23%)         117M (23%)            -                  -          
[8.165s][info][gc,heap     ] GC(25) Reclaimed:         -                  -                 0M (0%)            0M (0%)             -                  -          
[8.165s][info][gc          ] GC(25) Garbage Collection (Allocation Stall) 512M(100%)->512M(100%)
[8.165s][info][gc          ] Allocation Stall (main) 450.181ms
[8.165s][info][gc          ] Allocation Stall (reactors-io-scheduler-ForkJoinPool-1-worker-20) 216.931ms
[8.165s][info][gc          ] Allocation Stall (reactors-io-scheduler-ForkJoinPool-1-worker-23) 216.664ms
[8.165s][info][gc          ] Allocation Stall (reactors-io-scheduler-ForkJoinPool-1-worker-17) 216.915ms
[8.165s][info][gc          ] Allocation Stall (reactors-io-scheduler-ForkJoinPool-1-worker-33) 216.642ms
[8.165s][info][gc          ] Allocation Stall (reactors-io-scheduler-ForkJoinPool-1-worker-29) 216.682ms
[8.165s][info][gc          ] Allocation Stall (reactors-io-scheduler-ForkJoinPool-1-worker-44) 216.822ms
[8.165s][info][gc,start    ] GC(26) Garbage Collection (Allocation Stall)
[8.165s][info][gc          ] Allocation Stall (reactors-io-scheduler-ForkJoinPool-1-worker-8) 216.514ms
[8.165s][info][gc          ] Out Of Memory (reactors-io-scheduler-ForkJoinPool-1-worker-20)
[8.165s][info][gc          ] Allocation Stall (reactors-io-scheduler-ForkJoinPool-1-worker-14) 216.597ms
[8.165s][info][gc          ] Allocation Stall (reactors-io-scheduler-ForkJoinPool-1-worker-3) 216.643ms
[8.165s][info][gc          ] Out Of Memory (reactors-io-scheduler-ForkJoinPool-1-worker-23)
[8.165s][info][gc          ] Allocation Stall (reactors-io-scheduler-ForkJoinPool-1-worker-9) 216.511ms
[8.165s][info][gc          ] Out Of Memory (reactors-io-scheduler-ForkJoinPool-1-worker-17)
[8.165s][info][gc          ] Out Of Memory (reactors-io-scheduler-ForkJoinPool-1-worker-33)
[8.165s][info][gc          ] Out Of Memory (reactors-io-scheduler-ForkJoinPool-1-worker-44)
[8.165s][info][gc,ref      ] GC(26) Clearing All SoftReferences
[8.165s][info][gc          ] Out Of Memory (reactors-io-scheduler-ForkJoinPool-1-worker-8)
[8.165s][info][gc          ] Out Of Memory (reactors-io-scheduler-ForkJoinPool-1-worker-14)
[8.165s][info][gc          ] Out Of Memory (reactors-io-scheduler-ForkJoinPool-1-worker-3)
[8.165s][info][gc          ] Out Of Memory (reactors-io-scheduler-ForkJoinPool-1-worker-9)
[8.165s][info][gc,task     ] GC(26) Using 5 workers
[8.166s][info][gc,ref      ] GC(26) Clearing All SoftReferences
[8.166s][info][gc,phases   ] GC(26) Pause Mark Start 0.042ms
[8.356s][info][gc,phases   ] GC(26) Concurrent Mark 189.928ms
[8.356s][info][gc,phases   ] GC(26) Pause Mark End 0.013ms
[8.356s][info][gc,phases   ] GC(26) Concurrent Mark Free 0.001ms
[8.361s][info][gc,phases   ] GC(26) Concurrent Process Non-Strong References 4.578ms
[8.361s][info][gc,phases   ] GC(26) Concurrent Reset Relocation Set 0.001ms
[8.364s][info][gc,phases   ] GC(26) Concurrent Select Relocation Set 3.442ms
[8.364s][info][gc,phases   ] GC(26) Pause Relocate Start 0.005ms
[8.366s][info][gc,phases   ] GC(26) Concurrent Relocate 1.474ms
[8.366s][info][gc,load     ] GC(26) Load: 0.00/0.00/0.00
[8.366s][info][gc,mmu      ] GC(26) MMU: 2ms/95.6%, 5ms/98.2%, 10ms/99.1%, 20ms/99.6%, 50ms/99.8%, 100ms/99.9%
[8.366s][info][gc,marking  ] GC(26) Mark: 4 stripe(s), 2 proactive flush(es), 1 terminate flush(es), 0 completion(s), 0 continuation(s) 
[8.366s][info][gc,marking  ] GC(26) Mark Stack Usage: 32M
[8.366s][info][gc,nmethod  ] GC(26) NMethods: 1294 registered, 19 unregistered
[8.366s][info][gc,metaspace] GC(26) Metaspace: 15M used, 15M committed, 1088M reserved
[8.366s][info][gc,ref      ] GC(26) Soft: 154 encountered, 56 discovered, 0 enqueued
[8.366s][info][gc,ref      ] GC(26) Weak: 847 encountered, 425 discovered, 0 enqueued
[8.366s][info][gc,ref      ] GC(26) Final: 0 encountered, 0 discovered, 0 enqueued
[8.366s][info][gc,ref      ] GC(26) Phantom: 36 encountered, 31 discovered, 0 enqueued
[8.366s][info][gc,reloc    ] GC(26) Small Pages: 248 / 496M, Empty: 0M, Relocated: 1M, In-Place: 4
[8.366s][info][gc,reloc    ] GC(26) Medium Pages: 1 / 16M, Empty: 0M, Relocated: 0M, In-Place: 0
[8.366s][info][gc,reloc    ] GC(26) Large Pages: 0 / 0M, Empty: 0M, Relocated: 0M, In-Place: 0
[8.366s][info][gc,reloc    ] GC(26) Forwarding Usage: 0M
[8.366s][info][gc,heap     ] GC(26) Min Capacity: 8M(2%)
[8.366s][info][gc,heap     ] GC(26) Max Capacity: 512M(100%)
[8.366s][info][gc,heap     ] GC(26) Soft Max Capacity: 512M(100%)
[8.366s][info][gc,heap     ] GC(26)                Mark Start          Mark End        Relocate Start      Relocate End           High               Low         
[8.366s][info][gc,heap     ] GC(26)  Capacity:      512M (100%)        512M (100%)        512M (100%)        512M (100%)        512M (100%)        512M (100%)   
[8.366s][info][gc,heap     ] GC(26)      Free:        0M (0%)            0M (0%)            0M (0%)            0M (0%)            0M (0%)            0M (0%)     
[8.366s][info][gc,heap     ] GC(26)      Used:      512M (100%)        512M (100%)        512M (100%)        512M (100%)        512M (100%)        512M (100%)   
[8.366s][info][gc,heap     ] GC(26)      Live:         -               394M (77%)         394M (77%)         394M (77%)            -                  -          
[8.366s][info][gc,heap     ] GC(26) Allocated:         -                 0M (0%)            0M (0%)            0M (0%)             -                  -          
[8.367s][info][gc,heap     ] GC(26)   Garbage:         -               117M (23%)         117M (23%)         117M (23%)            -                  -          
[8.367s][info][gc,heap     ] GC(26) Reclaimed:         -                  -                 0M (0%)            0M (0%)             -                  -          
[8.367s][info][gc          ] GC(26) Garbage Collection (Allocation Stall) 512M(100%)->512M(100%)
[8.367s][info][gc          ] Allocation Stall (reactors-io-scheduler-ForkJoinPool-1-worker-20) 201.105ms
[8.367s][info][gc          ] Allocation Stall (main) 201.945ms
[8.367s][info][gc          ] Allocation Stall (reactors-io-scheduler-reanimator) 418.060ms
[8.367s][info][gc          ] Allocation Stall (reactors-io-scheduler-ForkJoinPool-1-worker-29) 201.741ms
[8.367s][info][gc,start    ] GC(27) Garbage Collection (Allocation Stall)
[8.367s][info][gc          ] Out Of Memory (main)
[8.367s][info][gc          ] Out Of Memory (reactors-io-scheduler-ForkJoinPool-1-worker-29)
[8.367s][info][gc,ref      ] GC(27) Clearing All SoftReferences
[8.367s][info][gc,task     ] GC(27) Using 5 workers
[8.367s][info][gc,ref      ] GC(27) Clearing All SoftReferences
[8.367s][info][gc,phases   ] GC(27) Pause Mark Start 0.066ms
[8.597s][info][gc,phases   ] GC(27) Concurrent Mark 229.959ms
[8.597s][info][gc,phases   ] GC(27) Pause Mark End 0.020ms
[8.598s][info][gc,phases   ] GC(27) Concurrent Mark Free 0.001ms
[8.599s][info][gc,phases   ] GC(27) Concurrent Process Non-Strong References 0.957ms
[8.599s][info][gc,phases   ] GC(27) Concurrent Reset Relocation Set 0.001ms
[8.602s][info][gc,phases   ] GC(27) Concurrent Select Relocation Set 3.489ms
[8.602s][info][gc,phases   ] GC(27) Pause Relocate Start 0.006ms
[8.604s][info][gc,phases   ] GC(27) Concurrent Relocate 2.048ms
[8.604s][info][gc,load     ] GC(27) Load: 0.00/0.00/0.00
[8.604s][info][gc,mmu      ] GC(27) MMU: 2ms/95.6%, 5ms/98.2%, 10ms/99.1%, 20ms/99.6%, 50ms/99.8%, 100ms/99.9%
[8.604s][info][gc,marking  ] GC(27) Mark: 4 stripe(s), 2 proactive flush(es), 1 terminate flush(es), 0 completion(s), 0 continuation(s) 
[8.604s][info][gc,marking  ] GC(27) Mark Stack Usage: 32M
[8.604s][info][gc,nmethod  ] GC(27) NMethods: 1294 registered, 19 unregistered
[8.605s][info][gc,metaspace] GC(27) Metaspace: 15M used, 15M committed, 1088M reserved
[8.605s][info][gc,ref      ] GC(27) Soft: 154 encountered, 55 discovered, 0 enqueued
[8.605s][info][gc,ref      ] GC(27) Weak: 847 encountered, 259 discovered, 0 enqueued
[8.605s][info][gc,ref      ] GC(27) Final: 0 encountered, 0 discovered, 0 enqueued
[8.605s][info][gc,ref      ] GC(27) Phantom: 36 encountered, 31 discovered, 0 enqueued
[8.605s][info][gc,reloc    ] GC(27) Small Pages: 248 / 496M, Empty: 0M, Relocated: 1M, In-Place: 4
[8.605s][info][gc,reloc    ] GC(27) Medium Pages: 1 / 16M, Empty: 0M, Relocated: 0M, In-Place: 0
[8.605s][info][gc,reloc    ] GC(27) Large Pages: 0 / 0M, Empty: 0M, Relocated: 0M, In-Place: 0
[8.605s][info][gc,reloc    ] GC(27) Forwarding Usage: 0M
[8.605s][info][gc,heap     ] GC(27) Min Capacity: 8M(2%)
[8.605s][info][gc,heap     ] GC(27) Max Capacity: 512M(100%)
[8.605s][info][gc,heap     ] GC(27) Soft Max Capacity: 512M(100%)
[8.605s][info][gc,heap     ] GC(27)                Mark Start          Mark End        Relocate Start      Relocate End           High               Low         
[8.605s][info][gc,heap     ] GC(27)  Capacity:      512M (100%)        512M (100%)        512M (100%)        512M (100%)        512M (100%)        512M (100%)   
[8.605s][info][gc,heap     ] GC(27)      Free:        0M (0%)            0M (0%)            0M (0%)            0M (0%)            0M (0%)            0M (0%)     
[8.605s][info][gc,heap     ] GC(27)      Used:      512M (100%)        512M (100%)        512M (100%)        512M (100%)        512M (100%)        512M (100%)   
[8.605s][info][gc,heap     ] GC(27)      Live:         -               393M (77%)         393M (77%)         393M (77%)            -                  -          
[8.605s][info][gc,heap     ] GC(27) Allocated:         -                 0M (0%)            0M (0%)            0M (0%)             -                  -          
[8.605s][info][gc,heap     ] GC(27)   Garbage:         -               118M (23%)         118M (23%)         118M (23%)            -                  -          
[8.605s][info][gc,heap     ] GC(27) Reclaimed:         -                  -                 0M (0%)            0M (0%)             -                  -          
[8.605s][info][gc          ] GC(27) Garbage Collection (Allocation Stall) 512M(100%)->512M(100%)
[8.605s][info][gc          ] Allocation Stall (reactors-io-scheduler-ForkJoinPool-1-worker-20) 238.519ms
[8.605s][info][gc          ] Allocation Stall (reactors-io-scheduler-reanimator) 238.399ms
[8.605s][info][gc          ] Allocation Stall (reactors-io-scheduler-ForkJoinPool-1-worker-30) 238.067ms
[8.605s][info][gc          ] Out Of Memory (reactors-io-scheduler-ForkJoinPool-1-worker-20)
[8.605s][info][gc          ] Out Of Memory (reactors-io-scheduler-reanimator)
[8.605s][info][gc,start    ] GC(28) Garbage Collection (Allocation Stall)
[8.605s][info][gc,ref      ] GC(28) Clearing All SoftReferences
[8.606s][info][gc,task     ] GC(28) Using 5 workers
[8.606s][info][gc,ref      ] GC(28) Clearing All SoftReferences
[8.606s][info][gc,phases   ] GC(28) Pause Mark Start 0.052ms
[8.832s][info][gc,phases   ] GC(28) Concurrent Mark 225.829ms
[8.832s][info][gc,phases   ] GC(28) Pause Mark End 0.013ms
[8.832s][info][gc,phases   ] GC(28) Concurrent Mark Free 0.002ms
[8.833s][info][gc,phases   ] GC(28) Concurrent Process Non-Strong References 0.769ms
[8.833s][info][gc,phases   ] GC(28) Concurrent Reset Relocation Set 0.001ms
[8.836s][info][gc,phases   ] GC(28) Concurrent Select Relocation Set 3.459ms
[8.836s][info][gc,phases   ] GC(28) Pause Relocate Start 0.005ms
[8.838s][info][gc,phases   ] GC(28) Concurrent Relocate 1.473ms
[8.838s][info][gc,load     ] GC(28) Load: 0.00/0.00/0.00
[8.838s][info][gc,mmu      ] GC(28) MMU: 2ms/95.6%, 5ms/98.2%, 10ms/99.1%, 20ms/99.6%, 50ms/99.8%, 100ms/99.9%
[8.838s][info][gc,marking  ] GC(28) Mark: 4 stripe(s), 3 proactive flush(es), 1 terminate flush(es), 0 completion(s), 0 continuation(s) 
[8.838s][info][gc,marking  ] GC(28) Mark Stack Usage: 32M
[8.838s][info][gc,nmethod  ] GC(28) NMethods: 1294 registered, 19 unregistered
[8.838s][info][gc,metaspace] GC(28) Metaspace: 15M used, 15M committed, 1088M reserved
[8.838s][info][gc,ref      ] GC(28) Soft: 154 encountered, 61 discovered, 0 enqueued
[8.838s][info][gc,ref      ] GC(28) Weak: 847 encountered, 365 discovered, 0 enqueued
[8.838s][info][gc,ref      ] GC(28) Final: 0 encountered, 0 discovered, 0 enqueued
[8.838s][info][gc,ref      ] GC(28) Phantom: 36 encountered, 30 discovered, 0 enqueued
[8.838s][info][gc,reloc    ] GC(28) Small Pages: 248 / 496M, Empty: 0M, Relocated: 1M, In-Place: 4
[8.838s][info][gc,reloc    ] GC(28) Medium Pages: 1 / 16M, Empty: 0M, Relocated: 0M, In-Place: 0
[8.838s][info][gc,reloc    ] GC(28) Large Pages: 0 / 0M, Empty: 0M, Relocated: 0M, In-Place: 0
[8.838s][info][gc,reloc    ] GC(28) Forwarding Usage: 0M
[8.838s][info][gc,heap     ] GC(28) Min Capacity: 8M(2%)
[8.838s][info][gc,heap     ] GC(28) Max Capacity: 512M(100%)
[8.838s][info][gc,heap     ] GC(28) Soft Max Capacity: 512M(100%)
[8.838s][info][gc,heap     ] GC(28)                Mark Start          Mark End        Relocate Start      Relocate End           High               Low         
[8.838s][info][gc,heap     ] GC(28)  Capacity:      512M (100%)        512M (100%)        512M (100%)        512M (100%)        512M (100%)        512M (100%)   
[8.838s][info][gc,heap     ] GC(28)      Free:        0M (0%)            0M (0%)            0M (0%)            0M (0%)            0M (0%)            0M (0%)     
[8.838s][info][gc,heap     ] GC(28)      Used:      512M (100%)        512M (100%)        512M (100%)        512M (100%)        512M (100%)        512M (100%)   
[8.838s][info][gc,heap     ] GC(28)      Live:         -               393M (77%)         393M (77%)         393M (77%)            -                  -          
[8.838s][info][gc,heap     ] GC(28) Allocated:         -                 0M (0%)            0M (0%)            0M (0%)             -                  -          
[8.839s][info][gc,heap     ] GC(28)   Garbage:         -               118M (23%)         118M (23%)         118M (23%)            -                  -          
[8.839s][info][gc,heap     ] GC(28) Reclaimed:         -                  -                 0M (0%)            0M (0%)             -                  -          
[8.839s][info][gc          ] GC(28) Garbage Collection (Allocation Stall) 512M(100%)->512M(100%)
[8.839s][info][gc          ] Allocation Stall (reactors-io-scheduler-ForkJoinPool-1-worker-8) 233.033ms
[8.839s][info][gc          ] Allocation Stall (reactors-io-scheduler-ForkJoinPool-1-worker-30) 233.282ms
[8.839s][info][gc          ] Allocation Stall (main) 470.895ms
[8.839s][info][gc,start    ] GC(29) Garbage Collection (Allocation Stall)
[8.839s][info][gc          ] Out Of Memory (reactors-io-scheduler-ForkJoinPool-1-worker-30)
[8.839s][info][gc          ] Allocation Stall (reactors-io-scheduler-ForkJoinPool-1-worker-29) 471.146ms
[8.839s][info][gc,ref      ] GC(29) Clearing All SoftReferences
[8.839s][info][gc,task     ] GC(29) Using 5 workers
[8.839s][info][gc,ref      ] GC(29) Clearing All SoftReferences
[8.839s][info][gc,phases   ] GC(29) Pause Mark Start 0.025ms
[9.082s][info][gc,phases   ] GC(29) Concurrent Mark 242.494ms
[9.082s][info][gc,phases   ] GC(29) Pause Mark End 0.014ms
[9.082s][info][gc,phases   ] GC(29) Concurrent Mark Free 0.001ms
[9.083s][info][gc,phases   ] GC(29) Concurrent Process Non-Strong References 0.731ms
[9.083s][info][gc,phases   ] GC(29) Concurrent Reset Relocation Set 0.001ms
[9.086s][info][gc,phases   ] GC(29) Concurrent Select Relocation Set 3.466ms
[9.086s][info][gc,phases   ] GC(29) Pause Relocate Start 0.005ms
[9.089s][info][gc,phases   ] GC(29) Concurrent Relocate 2.635ms
[9.089s][info][gc,load     ] GC(29) Load: 0.00/0.00/0.00
[9.089s][info][gc,mmu      ] GC(29) MMU: 2ms/95.6%, 5ms/98.2%, 10ms/99.1%, 20ms/99.6%, 50ms/99.8%, 100ms/99.9%
[9.089s][info][gc,marking  ] GC(29) Mark: 4 stripe(s), 2 proactive flush(es), 1 terminate flush(es), 0 completion(s), 0 continuation(s) 
[9.089s][info][gc,marking  ] GC(29) Mark Stack Usage: 32M
[9.089s][info][gc,nmethod  ] GC(29) NMethods: 1294 registered, 19 unregistered
[9.089s][info][gc,metaspace] GC(29) Metaspace: 15M used, 15M committed, 1088M reserved
[9.089s][info][gc,ref      ] GC(29) Soft: 153 encountered, 50 discovered, 1 enqueued
[9.089s][info][gc,ref      ] GC(29) Weak: 847 encountered, 289 discovered, 0 enqueued
[9.089s][info][gc,ref      ] GC(29) Final: 0 encountered, 0 discovered, 0 enqueued
[9.089s][info][gc,ref      ] GC(29) Phantom: 36 encountered, 34 discovered, 0 enqueued
[9.089s][info][gc,reloc    ] GC(29) Small Pages: 248 / 496M, Empty: 0M, Relocated: 1M, In-Place: 4
[9.089s][info][gc,reloc    ] GC(29) Medium Pages: 1 / 16M, Empty: 0M, Relocated: 0M, In-Place: 0
[9.089s][info][gc,reloc    ] GC(29) Large Pages: 0 / 0M, Empty: 0M, Relocated: 0M, In-Place: 0
[9.089s][info][gc,reloc    ] GC(29) Forwarding Usage: 0M
[9.089s][info][gc,heap     ] GC(29) Min Capacity: 8M(2%)
[9.089s][info][gc,heap     ] GC(29) Max Capacity: 512M(100%)
[9.089s][info][gc,heap     ] GC(29) Soft Max Capacity: 512M(100%)
[9.089s][info][gc,heap     ] GC(29)                Mark Start          Mark End        Relocate Start      Relocate End           High               Low         
[9.089s][info][gc,heap     ] GC(29)  Capacity:      512M (100%)        512M (100%)        512M (100%)        512M (100%)        512M (100%)        512M (100%)   
[9.089s][info][gc,heap     ] GC(29)      Free:        0M (0%)            0M (0%)            0M (0%)            0M (0%)            0M (0%)            0M (0%)     
[9.089s][info][gc,heap     ] GC(29)      Used:      512M (100%)        512M (100%)        512M (100%)        512M (100%)        512M (100%)        512M (100%)   
[9.089s][info][gc,heap     ] GC(29)      Live:         -               393M (77%)         393M (77%)         393M (77%)            -                  -          
[9.090s][info][gc,heap     ] GC(29) Allocated:         -                 0M (0%)            0M (0%)            0M (0%)             -                  -          
[9.090s][info][gc,heap     ] GC(29)   Garbage:         -               118M (23%)         118M (23%)         118M (23%)            -                  -          
[9.090s][info][gc,heap     ] GC(29) Reclaimed:         -                  -                 0M (0%)            0M (0%)             -                  -          
[9.090s][info][gc          ] GC(29) Garbage Collection (Allocation Stall) 512M(100%)->512M(100%)
[9.090s][info][gc          ] Allocation Stall (reactors-io-scheduler-ForkJoinPool-1-worker-8) 251.038ms
[9.090s][info][gc          ] Allocation Stall (reactors-io-scheduler-reanimator) 483.905ms
[9.090s][info][gc          ] Allocation Stall (main) 250.944ms
[9.090s][info][gc          ] Allocation Stall (reactors-io-scheduler-ForkJoinPool-1-worker-20) 483.858ms
[9.090s][info][gc,start    ] GC(30) Garbage Collection (Allocation Stall)
[9.090s][info][gc          ] Out Of Memory (reactors-io-scheduler-ForkJoinPool-1-worker-8)
[9.090s][info][gc          ] Allocation Stall (reactors-io-scheduler-ForkJoinPool-1-worker-29) 250.927ms
[9.090s][info][gc          ] Out Of Memory (main)
[9.090s][info][gc,ref      ] GC(30) Clearing All SoftReferences
[9.090s][info][gc          ] Out Of Memory (reactors-io-scheduler-ForkJoinPool-1-worker-29)
[9.090s][info][gc,task     ] GC(30) Using 5 workers
[9.090s][info][gc,ref      ] GC(30) Clearing All SoftReferences
[9.090s][info][gc,phases   ] GC(30) Pause Mark Start 0.035ms
[9.322s][info][gc,phases   ] GC(30) Concurrent Mark 231.556ms
[9.322s][info][gc,phases   ] GC(30) Pause Mark End 0.021ms
[9.322s][info][gc,phases   ] GC(30) Concurrent Mark Free 0.001ms
[9.327s][info][gc,phases   ] GC(30) Concurrent Process Non-Strong References 4.840ms
[9.327s][info][gc,phases   ] GC(30) Concurrent Reset Relocation Set 0.001ms
[9.331s][info][gc,phases   ] GC(30) Concurrent Select Relocation Set 3.589ms
[9.331s][info][gc,phases   ] GC(30) Pause Relocate Start 0.007ms
[9.333s][info][gc,phases   ] GC(30) Concurrent Relocate 1.856ms
[9.333s][info][gc,load     ] GC(30) Load: 0.00/0.00/0.00
[9.333s][info][gc,mmu      ] GC(30) MMU: 2ms/95.6%, 5ms/98.2%, 10ms/99.1%, 20ms/99.6%, 50ms/99.8%, 100ms/99.9%
[9.333s][info][gc,marking  ] GC(30) Mark: 4 stripe(s), 2 proactive flush(es), 1 terminate flush(es), 0 completion(s), 0 continuation(s) 
[9.333s][info][gc,marking  ] GC(30) Mark Stack Usage: 32M
[9.333s][info][gc,nmethod  ] GC(30) NMethods: 1294 registered, 19 unregistered
[9.333s][info][gc,metaspace] GC(30) Metaspace: 15M used, 15M committed, 1088M reserved
[9.333s][info][gc,ref      ] GC(30) Soft: 152 encountered, 59 discovered, 0 enqueued
[9.333s][info][gc,ref      ] GC(30) Weak: 847 encountered, 313 discovered, 2 enqueued
[9.333s][info][gc,ref      ] GC(30) Final: 0 encountered, 0 discovered, 0 enqueued
[9.333s][info][gc,ref      ] GC(30) Phantom: 35 encountered, 22 discovered, 0 enqueued
[9.333s][info][gc,reloc    ] GC(30) Small Pages: 248 / 496M, Empty: 0M, Relocated: 1M, In-Place: 4
[9.333s][info][gc,reloc    ] GC(30) Medium Pages: 1 / 16M, Empty: 0M, Relocated: 0M, In-Place: 0
[9.333s][info][gc,reloc    ] GC(30) Large Pages: 0 / 0M, Empty: 0M, Relocated: 0M, In-Place: 0
[9.333s][info][gc,reloc    ] GC(30) Forwarding Usage: 0M
[9.333s][info][gc,heap     ] GC(30) Min Capacity: 8M(2%)
[9.333s][info][gc,heap     ] GC(30) Max Capacity: 512M(100%)
[9.333s][info][gc,heap     ] GC(30) Soft Max Capacity: 512M(100%)
[9.333s][info][gc,heap     ] GC(30)                Mark Start          Mark End        Relocate Start      Relocate End           High               Low         
[9.333s][info][gc,heap     ] GC(30)  Capacity:      512M (100%)        512M (100%)        512M (100%)        512M (100%)        512M (100%)        512M (100%)   
[9.333s][info][gc,heap     ] GC(30)      Free:        0M (0%)            0M (0%)            0M (0%)            0M (0%)            0M (0%)            0M (0%)     
[9.333s][info][gc,heap     ] GC(30)      Used:      512M (100%)        512M (100%)        512M (100%)        512M (100%)        512M (100%)        512M (100%)   
[9.333s][info][gc,heap     ] GC(30)      Live:         -               393M (77%)         393M (77%)         393M (77%)            -                  -          
[9.333s][info][gc,heap     ] GC(30) Allocated:         -                 0M (0%)            0M (0%)            0M (0%)             -                  -          
[9.334s][info][gc,heap     ] GC(30)   Garbage:         -               118M (23%)         118M (23%)         118M (23%)            -                  -          
[9.334s][info][gc,heap     ] GC(30) Reclaimed:         -                  -                 0M (0%)            0M (0%)             -                  -          
[9.334s][info][gc          ] GC(30) Garbage Collection (Allocation Stall) 512M(100%)->512M(100%)
[9.334s][info][gc          ] Allocation Stall (reactors-io-scheduler-ForkJoinPool-1-worker-44) 243.462ms
[9.334s][info][gc          ] Allocation Stall (reactors-io-scheduler-ForkJoinPool-1-worker-8) 243.525ms
[9.334s][info][gc,start    ] GC(31) Garbage Collection (Allocation Stall)
[9.334s][info][gc          ] Allocation Stall (reactors-io-scheduler-reanimator) 243.827ms
[9.334s][info][gc          ] Allocation Stall (reactors-io-scheduler-ForkJoinPool-1-worker-20) 243.769ms
[9.334s][info][gc          ] Allocation Stall (reactors-io-scheduler-ForkJoinPool-1-worker-30) 494.609ms
[9.334s][info][gc,ref      ] GC(31) Clearing All SoftReferences
[9.334s][info][gc          ] Out Of Memory (reactors-io-scheduler-reanimator)
[9.334s][info][gc          ] Out Of Memory (reactors-io-scheduler-ForkJoinPool-1-worker-20)
[9.334s][info][gc,task     ] GC(31) Using 5 workers
[9.334s][info][gc,ref      ] GC(31) Clearing All SoftReferences
[9.334s][info][gc,phases   ] GC(31) Pause Mark Start 0.053ms
[9.562s][info][gc,phases   ] GC(31) Concurrent Mark 227.908ms
[9.563s][info][gc,phases   ] GC(31) Pause Mark End 0.016ms
[9.563s][info][gc,phases   ] GC(31) Concurrent Mark Free 0.002ms
[9.563s][info][gc,phases   ] GC(31) Concurrent Process Non-Strong References 0.830ms
[9.564s][info][gc,phases   ] GC(31) Concurrent Reset Relocation Set 0.001ms
[9.567s][info][gc,phases   ] GC(31) Concurrent Select Relocation Set 3.556ms
[9.567s][info][gc,phases   ] GC(31) Pause Relocate Start 0.004ms
[9.570s][info][gc,phases   ] GC(31) Concurrent Relocate 2.633ms
[9.570s][info][gc,load     ] GC(31) Load: 0.00/0.00/0.00
[9.570s][info][gc,mmu      ] GC(31) MMU: 2ms/95.6%, 5ms/98.2%, 10ms/99.1%, 20ms/99.6%, 50ms/99.8%, 100ms/99.9%
[9.570s][info][gc,marking  ] GC(31) Mark: 4 stripe(s), 3 proactive flush(es), 1 terminate flush(es), 0 completion(s), 0 continuation(s) 
[9.570s][info][gc,marking  ] GC(31) Mark Stack Usage: 32M
[9.570s][info][gc,nmethod  ] GC(31) NMethods: 1294 registered, 19 unregistered
[9.570s][info][gc,metaspace] GC(31) Metaspace: 15M used, 15M committed, 1088M reserved
[9.570s][info][gc,ref      ] GC(31) Soft: 152 encountered, 51 discovered, 0 enqueued
[9.570s][info][gc,ref      ] GC(31) Weak: 845 encountered, 417 discovered, 0 enqueued
[9.570s][info][gc,ref      ] GC(31) Final: 0 encountered, 0 discovered, 0 enqueued
[9.570s][info][gc,ref      ] GC(31) Phantom: 35 encountered, 25 discovered, 0 enqueued
[9.570s][info][gc,reloc    ] GC(31) Small Pages: 248 / 496M, Empty: 0M, Relocated: 1M, In-Place: 4
[9.570s][info][gc,reloc    ] GC(31) Medium Pages: 1 / 16M, Empty: 0M, Relocated: 0M, In-Place: 0
[9.570s][info][gc,reloc    ] GC(31) Large Pages: 0 / 0M, Empty: 0M, Relocated: 0M, In-Place: 0
[9.570s][info][gc,reloc    ] GC(31) Forwarding Usage: 0M
[9.570s][info][gc,heap     ] GC(31) Min Capacity: 8M(2%)
[9.570s][info][gc,heap     ] GC(31) Max Capacity: 512M(100%)
[9.570s][info][gc,heap     ] GC(31) Soft Max Capacity: 512M(100%)
[9.570s][info][gc,heap     ] GC(31)                Mark Start          Mark End        Relocate Start      Relocate End           High               Low         
[9.570s][info][gc,heap     ] GC(31)  Capacity:      512M (100%)        512M (100%)        512M (100%)        512M (100%)        512M (100%)        512M (100%)   
[9.570s][info][gc,heap     ] GC(31)      Free:        0M (0%)            0M (0%)            0M (0%)            0M (0%)            0M (0%)            0M (0%)     
[9.571s][info][gc,heap     ] GC(31)      Used:      512M (100%)        512M (100%)        512M (100%)        512M (100%)        512M (100%)        512M (100%)   
[9.571s][info][gc,heap     ] GC(31)      Live:         -               393M (77%)         393M (77%)         393M (77%)            -                  -          
[9.571s][info][gc,heap     ] GC(31) Allocated:         -                 0M (0%)            0M (0%)            0M (0%)             -                  -          
[9.571s][info][gc,heap     ] GC(31)   Garbage:         -               118M (23%)         118M (23%)         118M (23%)            -                  -          
[9.571s][info][gc,heap     ] GC(31) Reclaimed:         -                  -                 0M (0%)            0M (0%)             -                  -          
[9.571s][info][gc          ] GC(31) Garbage Collection (Allocation Stall) 512M(100%)->512M(100%)
[9.571s][info][gc          ] Allocation Stall (reactors-io-scheduler-ForkJoinPool-1-worker-44) 237.055ms
[9.571s][info][gc          ] Allocation Stall (main) 480.016ms
[9.571s][info][gc          ] Allocation Stall (reactors-io-scheduler-ForkJoinPool-1-worker-8) 237.021ms
[9.571s][info][gc,start    ] GC(32) Garbage Collection (Allocation Stall)
[9.571s][info][gc          ] Allocation Stall (reactors-io-scheduler-ForkJoinPool-1-worker-30) 236.871ms
[9.571s][info][gc          ] Out Of Memory (reactors-io-scheduler-ForkJoinPool-1-worker-44)
[9.571s][info][gc          ] Out Of Memory (reactors-io-scheduler-ForkJoinPool-1-worker-8)
[9.571s][info][gc,ref      ] GC(32) Clearing All SoftReferences
[9.571s][info][gc          ] Out Of Memory (reactors-io-scheduler-ForkJoinPool-1-worker-30)
[9.571s][info][gc,task     ] GC(32) Using 5 workers
[9.571s][info][gc,ref      ] GC(32) Clearing All SoftReferences
[9.571s][info][gc,phases   ] GC(32) Pause Mark Start 0.027ms
[9.797s][info][gc,phases   ] GC(32) Concurrent Mark 225.322ms
[9.797s][info][gc,phases   ] GC(32) Pause Mark End 0.013ms
[9.797s][info][gc,phases   ] GC(32) Concurrent Mark Free 0.001ms
[9.798s][info][gc,phases   ] GC(32) Concurrent Process Non-Strong References 0.810ms
[9.798s][info][gc,phases   ] GC(32) Concurrent Reset Relocation Set 0.001ms
[9.801s][info][gc,phases   ] GC(32) Concurrent Select Relocation Set 3.552ms
[9.801s][info][gc,phases   ] GC(32) Pause Relocate Start 0.004ms
[9.803s][info][gc,phases   ] GC(32) Concurrent Relocate 2.065ms
[9.804s][info][gc,load     ] GC(32) Load: 0.00/0.00/0.00
[9.804s][info][gc,mmu      ] GC(32) MMU: 2ms/95.6%, 5ms/98.2%, 10ms/99.1%, 20ms/99.6%, 50ms/99.8%, 100ms/99.9%
[9.804s][info][gc,marking  ] GC(32) Mark: 4 stripe(s), 2 proactive flush(es), 1 terminate flush(es), 0 completion(s), 0 continuation(s) 
[9.804s][info][gc,marking  ] GC(32) Mark Stack Usage: 32M
[9.804s][info][gc,nmethod  ] GC(32) NMethods: 1293 registered, 20 unregistered
[9.804s][info][gc,metaspace] GC(32) Metaspace: 15M used, 15M committed, 1088M reserved
[9.804s][info][gc,ref      ] GC(32) Soft: 152 encountered, 53 discovered, 0 enqueued
[9.804s][info][gc,ref      ] GC(32) Weak: 845 encountered, 384 discovered, 0 enqueued
[9.804s][info][gc,ref      ] GC(32) Final: 0 encountered, 0 discovered, 0 enqueued
[9.804s][info][gc,ref      ] GC(32) Phantom: 35 encountered, 24 discovered, 0 enqueued
[9.804s][info][gc,reloc    ] GC(32) Small Pages: 248 / 496M, Empty: 0M, Relocated: 1M, In-Place: 4
[9.804s][info][gc,reloc    ] GC(32) Medium Pages: 1 / 16M, Empty: 0M, Relocated: 0M, In-Place: 0
[9.804s][info][gc,reloc    ] GC(32) Large Pages: 0 / 0M, Empty: 0M, Relocated: 0M, In-Place: 0
[9.804s][info][gc,reloc    ] GC(32) Forwarding Usage: 0M
[9.804s][info][gc,heap     ] GC(32) Min Capacity: 8M(2%)
[9.804s][info][gc,heap     ] GC(32) Max Capacity: 512M(100%)
[9.804s][info][gc,heap     ] GC(32) Soft Max Capacity: 512M(100%)
[9.804s][info][gc,heap     ] GC(32)                Mark Start          Mark End        Relocate Start      Relocate End           High               Low         
[9.804s][info][gc,heap     ] GC(32)  Capacity:      512M (100%)        512M (100%)        512M (100%)        512M (100%)        512M (100%)        512M (100%)   
[9.804s][info][gc,heap     ] GC(32)      Free:        0M (0%)            0M (0%)            0M (0%)            0M (0%)            0M (0%)            0M (0%)     
[9.804s][info][gc,heap     ] GC(32)      Used:      512M (100%)        512M (100%)        512M (100%)        512M (100%)        512M (100%)        512M (100%)   
[9.804s][info][gc,heap     ] GC(32)      Live:         -               393M (77%)         393M (77%)         393M (77%)            -                  -          
[9.804s][info][gc,heap     ] GC(32) Allocated:         -                 0M (0%)            0M (0%)            0M (0%)             -                  -          
[9.804s][info][gc,heap     ] GC(32)   Garbage:         -               118M (23%)         118M (23%)         118M (23%)            -                  -          
[9.804s][info][gc,heap     ] GC(32) Reclaimed:         -                  -                 0M (0%)            0M (0%)             -                  -          
[9.804s][info][gc          ] GC(32) Garbage Collection (Allocation Stall) 512M(100%)->512M(100%)
[9.804s][info][gc          ] Allocation Stall (reactors-io-scheduler-ForkJoinPool-1-worker-20) 469.702ms
[9.804s][info][gc          ] Allocation Stall (reactors-io-scheduler-ForkJoinPool-1-worker-33) 233.188ms
[9.804s][info][gc          ] Allocation Stall (main) 233.483ms
[9.804s][info][gc,start    ] GC(33) Garbage Collection (Allocation Stall)
[9.805s][info][gc          ] Out Of Memory (main)
[9.805s][info][gc,ref      ] GC(33) Clearing All SoftReferences
[9.805s][info][gc,task     ] GC(33) Using 5 workers
[9.805s][info][gc,ref      ] GC(33) Clearing All SoftReferences
[9.805s][info][gc,phases   ] GC(33) Pause Mark Start 0.025ms
[10.031s][info][gc,phases   ] GC(33) Concurrent Mark 226.186ms
[10.031s][info][gc,phases   ] GC(33) Pause Mark End 0.019ms
[10.031s][info][gc,phases   ] GC(33) Concurrent Mark Free 0.001ms
[10.032s][info][gc,phases   ] GC(33) Concurrent Process Non-Strong References 0.905ms
[10.032s][info][gc,phases   ] GC(33) Concurrent Reset Relocation Set 0.001ms
[10.036s][info][gc,phases   ] GC(33) Concurrent Select Relocation Set 3.555ms
[10.036s][info][gc,phases   ] GC(33) Pause Relocate Start 0.008ms
[10.038s][info][gc,phases   ] GC(33) Concurrent Relocate 1.595ms
[10.038s][info][gc,load     ] GC(33) Load: 0.00/0.00/0.00
[10.038s][info][gc,mmu      ] GC(33) MMU: 2ms/95.6%, 5ms/98.2%, 10ms/99.1%, 20ms/99.6%, 50ms/99.8%, 100ms/99.9%
[10.038s][info][gc,marking  ] GC(33) Mark: 4 stripe(s), 2 proactive flush(es), 1 terminate flush(es), 0 completion(s), 0 continuation(s) 
[10.038s][info][gc,marking  ] GC(33) Mark Stack Usage: 32M
[10.038s][info][gc,nmethod  ] GC(33) NMethods: 1293 registered, 20 unregistered
[10.038s][info][gc,metaspace] GC(33) Metaspace: 15M used, 15M committed, 1088M reserved
[10.038s][info][gc,ref      ] GC(33) Soft: 152 encountered, 59 discovered, 0 enqueued
[10.038s][info][gc,ref      ] GC(33) Weak: 845 encountered, 395 discovered, 0 enqueued
[10.038s][info][gc,ref      ] GC(33) Final: 0 encountered, 0 discovered, 0 enqueued
[10.038s][info][gc,ref      ] GC(33) Phantom: 35 encountered, 29 discovered, 0 enqueued
[10.038s][info][gc,reloc    ] GC(33) Small Pages: 248 / 496M, Empty: 0M, Relocated: 1M, In-Place: 4
[10.038s][info][gc,reloc    ] GC(33) Medium Pages: 1 / 16M, Empty: 0M, Relocated: 0M, In-Place: 0
[10.038s][info][gc,reloc    ] GC(33) Large Pages: 0 / 0M, Empty: 0M, Relocated: 0M, In-Place: 0
[10.038s][info][gc,reloc    ] GC(33) Forwarding Usage: 0M
[10.038s][info][gc,heap     ] GC(33) Min Capacity: 8M(2%)
[10.038s][info][gc,heap     ] GC(33) Max Capacity: 512M(100%)
[10.038s][info][gc,heap     ] GC(33) Soft Max Capacity: 512M(100%)
[10.038s][info][gc,heap     ] GC(33)                Mark Start          Mark End        Relocate Start      Relocate End           High               Low         
[10.038s][info][gc,heap     ] GC(33)  Capacity:      512M (100%)        512M (100%)        512M (100%)        512M (100%)        512M (100%)        512M (100%)   
[10.038s][info][gc,heap     ] GC(33)      Free:        0M (0%)            0M (0%)            0M (0%)            0M (0%)            0M (0%)            0M (0%)     
[10.038s][info][gc,heap     ] GC(33)      Used:      512M (100%)        512M (100%)        512M (100%)        512M (100%)        512M (100%)        512M (100%)   
[10.038s][info][gc,heap     ] GC(33)      Live:         -               393M (77%)         393M (77%)         393M (77%)            -                  -          
[10.038s][info][gc,heap     ] GC(33) Allocated:         -                 0M (0%)            0M (0%)            0M (0%)             -                  -          
[10.038s][info][gc,heap     ] GC(33)   Garbage:         -               118M (23%)         118M (23%)         118M (23%)            -                  -          
[10.038s][info][gc,heap     ] GC(33) Reclaimed:         -                  -                 0M (0%)            0M (0%)             -                  -          
[10.038s][info][gc          ] GC(33) Garbage Collection (Allocation Stall) 512M(100%)->512M(100%)
[10.038s][info][gc          ] Allocation Stall (reactors-io-scheduler-ForkJoinPool-1-worker-8) 467.006ms
[10.038s][info][gc          ] Allocation Stall (reactors-io-scheduler-ForkJoinPool-1-worker-33) 233.951ms
[10.038s][info][gc          ] Allocation Stall (reactors-io-scheduler-ForkJoinPool-1-worker-44) 467.095ms
[10.038s][info][gc          ] Allocation Stall (reactors-io-scheduler-ForkJoinPool-1-worker-20) 234.024ms
[10.038s][info][gc,start    ] GC(34) Garbage Collection (Allocation Stall)
[10.039s][info][gc          ] Out Of Memory (reactors-io-scheduler-ForkJoinPool-1-worker-33)
[10.039s][info][gc          ] Out Of Memory (reactors-io-scheduler-ForkJoinPool-1-worker-20)
[10.039s][info][gc,ref      ] GC(34) Clearing All SoftReferences
[10.039s][info][gc,task     ] GC(34) Using 5 workers
[10.039s][info][gc,ref      ] GC(34) Clearing All SoftReferences
[10.039s][info][gc,phases   ] GC(34) Pause Mark Start 0.071ms
[10.094s][info][gc,stats    ] === Garbage Collection Statistics =======================================================================================================================
[10.094s][info][gc,stats    ]                                                              Last 10s              Last 10m              Last 10h                Total
[10.094s][info][gc,stats    ]                                                              Avg / Max             Avg / Max             Avg / Max             Avg / Max
[10.094s][info][gc,stats    ]   Collector: Garbage Collection Cycle                    165.805 / 306.444     165.805 / 306.444     165.805 / 306.444     165.805 / 306.444     ms
[10.094s][info][gc,stats    ]  Contention: Mark Segment Reset Contention                     6 / 11                6 / 11                6 / 11                6 / 11          ops/s
[10.094s][info][gc,stats    ]  Contention: Mark SeqNum Reset Contention                      2 / 9                 2 / 9                 2 / 9                 2 / 9           ops/s
[10.094s][info][gc,stats    ]    Critical: Allocation Stall                                 58 / 418              58 / 418              58 / 418              58 / 418         ops/s
[10.094s][info][gc,stats    ]    Critical: Allocation Stall                             53.090 / 494.609      53.090 / 494.609      53.090 / 494.609      53.090 / 494.609     ms
[10.094s][info][gc,stats    ]    Critical: GC Locker Stall                                   0 / 0                 0 / 0                 0 / 0                 0 / 0           ops/s
[10.094s][info][gc,stats    ]    Critical: GC Locker Stall                               0.000 / 0.000         0.000 / 0.000         0.000 / 0.000         0.000 / 0.000       ms
[10.094s][info][gc,stats    ]    Critical: Relocation Stall                                  0 / 3                 0 / 3                 0 / 3                 0 / 3           ops/s
[10.094s][info][gc,stats    ]    Critical: Relocation Stall                              8.790 / 20.726        8.790 / 20.726        8.790 / 20.726        8.790 / 20.726      ms
[10.094s][info][gc,stats    ]      Memory: Allocation Rate                                 732 / 5588            732 / 5588            732 / 5588            732 / 5588        MB/s
[10.094s][info][gc,stats    ]      Memory: Defragment                                        0 / 0                 0 / 0                 0 / 0                 0 / 0           ops/s
[10.094s][info][gc,stats    ]      Memory: Out Of Memory                                     3 / 17                3 / 17                3 / 17                3 / 17          ops/s
[10.094s][info][gc,stats    ]      Memory: Page Cache Flush                                  1 / 16                1 / 16                1 / 16                1 / 16          MB/s
[10.094s][info][gc,stats    ]      Memory: Page Cache Hit L1                               354 / 2674            354 / 2674            354 / 2674            354 / 2674        ops/s
[10.094s][info][gc,stats    ]      Memory: Page Cache Hit L2                                 0 / 0                 0 / 0                 0 / 0                 0 / 0           ops/s
[10.094s][info][gc,stats    ]      Memory: Page Cache Hit L3                                25 / 156              25 / 156              25 / 156              25 / 156         ops/s
[10.094s][info][gc,stats    ]      Memory: Page Cache Miss                                   0 / 1                 0 / 1                 0 / 1                 0 / 1           ops/s
[10.094s][info][gc,stats    ]      Memory: Uncommit                                          0 / 0                 0 / 0                 0 / 0                 0 / 0           MB/s
[10.094s][info][gc,stats    ]      Memory: Undo Object Allocation Failed                   112 / 874             112 / 874             112 / 874             112 / 874         ops/s
[10.094s][info][gc,stats    ]      Memory: Undo Object Allocation Succeeded                 12 / 95               12 / 95               12 / 95               12 / 95          ops/s
[10.094s][info][gc,stats    ]      Memory: Undo Page Allocation                            104 / 893             104 / 893             104 / 893             104 / 893         ops/s
[10.094s][info][gc,stats    ]       Phase: Concurrent Mark                             140.710 / 265.334     140.710 / 265.334     140.710 / 265.334     140.710 / 265.334     ms
[10.094s][info][gc,stats    ]       Phase: Concurrent Mark Continue                      0.000 / 0.000         0.000 / 0.000         0.000 / 0.000         0.000 / 0.000       ms
[10.094s][info][gc,stats    ]       Phase: Concurrent Mark Free                          0.001 / 0.002         0.001 / 0.002         0.001 / 0.002         0.001 / 0.002       ms
[10.095s][info][gc,stats    ]       Phase: Concurrent Process Non-Strong References      2.800 / 9.846         2.800 / 9.846         2.800 / 9.846         2.800 / 9.846       ms
[10.095s][info][gc,stats    ]       Phase: Concurrent Relocate                           6.744 / 34.483        6.744 / 34.483        6.744 / 34.483        6.744 / 34.483      ms
[10.095s][info][gc,stats    ]       Phase: Concurrent Reset Relocation Set               0.007 / 0.021         0.007 / 0.021         0.007 / 0.021         0.007 / 0.021       ms
[10.095s][info][gc,stats    ]       Phase: Concurrent Select Relocation Set              7.009 / 23.455        7.009 / 23.455        7.009 / 23.455        7.009 / 23.455      ms
[10.095s][info][gc,stats    ]       Phase: Pause Mark End                                0.015 / 0.027         0.015 / 0.027         0.015 / 0.027         0.015 / 0.027       ms
[10.095s][info][gc,stats    ]       Phase: Pause Mark Start                              0.039 / 0.089         0.039 / 0.089         0.039 / 0.089         0.039 / 0.089       ms
[10.095s][info][gc,stats    ]       Phase: Pause Relocate Start                          0.008 / 0.039         0.008 / 0.039         0.008 / 0.039         0.008 / 0.039       ms
[10.095s][info][gc,stats    ]    Subphase: Concurrent Classes Purge                      0.213 / 4.445         0.213 / 4.445         0.213 / 4.445         0.213 / 4.445       ms
[10.095s][info][gc,stats    ]    Subphase: Concurrent Classes Unlink                     2.101 / 4.987         2.101 / 4.987         2.101 / 4.987         2.101 / 4.987       ms
[10.095s][info][gc,stats    ]    Subphase: Concurrent Mark                             137.633 / 264.706     137.633 / 264.706     137.633 / 264.706     137.633 / 264.706     ms
[10.095s][info][gc,stats    ]    Subphase: Concurrent Mark Try Flush                     1.309 / 18.108        1.309 / 18.108        1.309 / 18.108        1.309 / 18.108      ms
[10.095s][info][gc,stats    ]    Subphase: Concurrent Mark Try Terminate                 9.063 / 16.325        9.063 / 16.325        9.063 / 16.325        9.063 / 16.325      ms
[10.095s][info][gc,stats    ]    Subphase: Concurrent References Enqueue                 0.002 / 0.004         0.002 / 0.004         0.002 / 0.004         0.002 / 0.004       ms
[10.095s][info][gc,stats    ]    Subphase: Concurrent References Process                 0.058 / 0.334         0.058 / 0.334         0.058 / 0.334         0.058 / 0.334       ms
[10.095s][info][gc,stats    ]    Subphase: Concurrent Roots ClassLoaderDataGraph         0.086 / 0.898         0.086 / 0.898         0.086 / 0.898         0.086 / 0.898       ms
[10.095s][info][gc,stats    ]    Subphase: Concurrent Roots CodeCache                    0.000 / 0.000         0.000 / 0.000         0.000 / 0.000         0.000 / 0.000       ms
[10.095s][info][gc,stats    ]    Subphase: Concurrent Roots JavaThreads                  0.713 / 1.334         0.713 / 1.334         0.713 / 1.334         0.713 / 1.334       ms
[10.095s][info][gc,stats    ]    Subphase: Concurrent Roots OopStorageSet                0.023 / 0.157         0.023 / 0.157         0.023 / 0.157         0.023 / 0.157       ms
[10.095s][info][gc,stats    ]    Subphase: Concurrent Weak Roots OopStorageSet           0.154 / 0.448         0.154 / 0.448         0.154 / 0.448         0.154 / 0.448       ms
[10.095s][info][gc,stats    ]    Subphase: Pause Mark Try Complete                       0.000 / 0.000         0.000 / 0.000         0.000 / 0.000         0.000 / 0.000       ms
[10.095s][info][gc,stats    ]      System: Java Threads                                     65 / 74               65 / 74               65 / 74               65 / 74          threads
[10.095s][info][gc,stats    ] =========================================================================================================================================================
[10.265s][info][gc,phases   ] GC(34) Concurrent Mark 225.987ms
[10.265s][info][gc,phases   ] GC(34) Pause Mark End 0.021ms
[10.266s][info][gc,phases   ] GC(34) Concurrent Mark Free 0.001ms
[10.266s][info][gc,phases   ] GC(34) Concurrent Process Non-Strong References 0.868ms
[10.266s][info][gc,phases   ] GC(34) Concurrent Reset Relocation Set 0.002ms
[10.270s][info][gc,phases   ] GC(34) Concurrent Select Relocation Set 3.575ms
[10.270s][info][gc,phases   ] GC(34) Pause Relocate Start 0.007ms
[10.273s][info][gc,phases   ] GC(34) Concurrent Relocate 2.652ms
[10.273s][info][gc,load     ] GC(34) Load: 0.00/0.00/0.00
[10.273s][info][gc,mmu      ] GC(34) MMU: 2ms/95.6%, 5ms/98.2%, 10ms/99.0%, 20ms/99.5%, 50ms/99.8%, 100ms/99.9%
[10.273s][info][gc,marking  ] GC(34) Mark: 4 stripe(s), 2 proactive flush(es), 1 terminate flush(es), 0 completion(s), 0 continuation(s) 
[10.273s][info][gc,marking  ] GC(34) Mark Stack Usage: 32M
[10.273s][info][gc,nmethod  ] GC(34) NMethods: 1293 registered, 20 unregistered
[10.273s][info][gc,metaspace] GC(34) Metaspace: 15M used, 15M committed, 1088M reserved
[10.273s][info][gc,ref      ] GC(34) Soft: 152 encountered, 54 discovered, 0 enqueued
[10.273s][info][gc,ref      ] GC(34) Weak: 844 encountered, 378 discovered, 0 enqueued
[10.273s][info][gc,ref      ] GC(34) Final: 0 encountered, 0 discovered, 0 enqueued
[10.273s][info][gc,ref      ] GC(34) Phantom: 35 encountered, 26 discovered, 0 enqueued
[10.273s][info][gc,reloc    ] GC(34) Small Pages: 248 / 496M, Empty: 0M, Relocated: 1M, In-Place: 4
[10.273s][info][gc,reloc    ] GC(34) Medium Pages: 1 / 16M, Empty: 0M, Relocated: 0M, In-Place: 0
[10.273s][info][gc,reloc    ] GC(34) Large Pages: 0 / 0M, Empty: 0M, Relocated: 0M, In-Place: 0
[10.273s][info][gc,reloc    ] GC(34) Forwarding Usage: 0M
[10.273s][info][gc,heap     ] GC(34) Min Capacity: 8M(2%)
[10.273s][info][gc,heap     ] GC(34) Max Capacity: 512M(100%)
[10.273s][info][gc,heap     ] GC(34) Soft Max Capacity: 512M(100%)
[10.273s][info][gc,heap     ] GC(34)                Mark Start          Mark End        Relocate Start      Relocate End           High               Low         
[10.273s][info][gc,heap     ] GC(34)  Capacity:      512M (100%)        512M (100%)        512M (100%)        512M (100%)        512M (100%)        512M (100%)   
[10.274s][info][gc,heap     ] GC(34)      Free:        0M (0%)            0M (0%)            0M (0%)            0M (0%)            0M (0%)            0M (0%)     
[10.274s][info][gc,heap     ] GC(34)      Used:      512M (100%)        512M (100%)        512M (100%)        512M (100%)        512M (100%)        512M (100%)   
[10.274s][info][gc,heap     ] GC(34)      Live:         -               393M (77%)         393M (77%)         393M (77%)            -                  -          
[10.274s][info][gc,heap     ] GC(34) Allocated:         -                 0M (0%)            0M (0%)            0M (0%)             -                  -          
[10.274s][info][gc,heap     ] GC(34)   Garbage:         -               118M (23%)         118M (23%)         118M (23%)            -                  -          
[10.274s][info][gc,heap     ] GC(34) Reclaimed:         -                  -                 0M (0%)            0M (0%)             -                  -          
[10.274s][info][gc          ] GC(34) Garbage Collection (Allocation Stall) 512M(100%)->512M(100%)
[10.274s][info][gc          ] Allocation Stall (reactors-io-scheduler-ForkJoinPool-1-worker-8) 235.315ms
[10.274s][info][gc          ] Allocation Stall (reactors-io-scheduler-ForkJoinPool-1-worker-44) 235.222ms
[10.274s][info][gc          ] Allocation Stall (reactors-io-scheduler-ForkJoinPool-1-worker-30) 234.917ms
[10.274s][info][gc          ] Out Of Memory (reactors-io-scheduler-ForkJoinPool-1-worker-8)
[10.274s][info][gc,start    ] GC(35) Garbage Collection (Allocation Stall)
[10.274s][info][gc          ] Allocation Stall (main) 468.580ms
[10.274s][info][gc          ] Out Of Memory (reactors-io-scheduler-ForkJoinPool-1-worker-44)
[10.274s][info][gc,ref      ] GC(35) Clearing All SoftReferences
[10.274s][info][gc,task     ] GC(35) Using 5 workers
[10.274s][info][gc,ref      ] GC(35) Clearing All SoftReferences
[10.274s][info][gc,phases   ] GC(35) Pause Mark Start 0.043ms
[10.506s][info][gc,phases   ] GC(35) Concurrent Mark 231.999ms
[10.506s][info][gc,phases   ] GC(35) Pause Mark End 0.014ms
[10.507s][info][gc,phases   ] GC(35) Concurrent Mark Free 0.001ms
[10.507s][info][gc,phases   ] GC(35) Concurrent Process Non-Strong References 0.823ms
[10.507s][info][gc,phases   ] GC(35) Concurrent Reset Relocation Set 0.002ms
[10.511s][info][gc,phases   ] GC(35) Concurrent Select Relocation Set 3.599ms
[10.511s][info][gc,phases   ] GC(35) Pause Relocate Start 0.005ms
[10.514s][info][gc,phases   ] GC(35) Concurrent Relocate 2.660ms
[10.514s][info][gc,load     ] GC(35) Load: 0.00/0.00/0.00
[10.514s][info][gc,mmu      ] GC(35) MMU: 2ms/95.6%, 5ms/98.2%, 10ms/99.0%, 20ms/99.5%, 50ms/99.8%, 100ms/99.9%
[10.514s][info][gc,marking  ] GC(35) Mark: 4 stripe(s), 2 proactive flush(es), 1 terminate flush(es), 0 completion(s), 0 continuation(s) 
[10.514s][info][gc,marking  ] GC(35) Mark Stack Usage: 32M
[10.514s][info][gc,nmethod  ] GC(35) NMethods: 1293 registered, 20 unregistered
[10.514s][info][gc,metaspace] GC(35) Metaspace: 15M used, 15M committed, 1088M reserved
[10.514s][info][gc,ref      ] GC(35) Soft: 152 encountered, 66 discovered, 0 enqueued
[10.514s][info][gc,ref      ] GC(35) Weak: 843 encountered, 375 discovered, 0 enqueued
[10.514s][info][gc,ref      ] GC(35) Final: 0 encountered, 0 discovered, 0 enqueued
[10.514s][info][gc,ref      ] GC(35) Phantom: 35 encountered, 30 discovered, 0 enqueued
[10.514s][info][gc,reloc    ] GC(35) Small Pages: 248 / 496M, Empty: 0M, Relocated: 1M, In-Place: 4
[10.514s][info][gc,reloc    ] GC(35) Medium Pages: 1 / 16M, Empty: 0M, Relocated: 0M, In-Place: 0
[10.514s][info][gc,reloc    ] GC(35) Large Pages: 0 / 0M, Empty: 0M, Relocated: 0M, In-Place: 0
[10.514s][info][gc,reloc    ] GC(35) Forwarding Usage: 0M
[10.514s][info][gc,heap     ] GC(35) Min Capacity: 8M(2%)
[10.514s][info][gc,heap     ] GC(35) Max Capacity: 512M(100%)
[10.514s][info][gc,heap     ] GC(35) Soft Max Capacity: 512M(100%)
[10.514s][info][gc,heap     ] GC(35)                Mark Start          Mark End        Relocate Start      Relocate End           High               Low         
[10.514s][info][gc,heap     ] GC(35)  Capacity:      512M (100%)        512M (100%)        512M (100%)        512M (100%)        512M (100%)        512M (100%)   
[10.514s][info][gc,heap     ] GC(35)      Free:        0M (0%)            0M (0%)            0M (0%)            0M (0%)            0M (0%)            0M (0%)     
[10.514s][info][gc,heap     ] GC(35)      Used:      512M (100%)        512M (100%)        512M (100%)        512M (100%)        512M (100%)        512M (100%)   
[10.515s][info][gc,heap     ] GC(35)      Live:         -               393M (77%)         393M (77%)         393M (77%)            -                  -          
[10.515s][info][gc,heap     ] GC(35) Allocated:         -                 0M (0%)            0M (0%)            0M (0%)             -                  -          
[10.515s][info][gc,heap     ] GC(35)   Garbage:         -               118M (23%)         118M (23%)         118M (23%)            -                  -          
[10.515s][info][gc,heap     ] GC(35) Reclaimed:         -                  -                 0M (0%)            0M (0%)             -                  -          
[10.515s][info][gc          ] GC(35) Garbage Collection (Allocation Stall) 512M(100%)->512M(100%)
[10.515s][info][gc          ] Allocation Stall (reactors-io-scheduler-ForkJoinPool-1-worker-30) 240.788ms
[10.515s][info][gc,start    ] GC(36) Garbage Collection (Allocation Stall)
[10.515s][info][gc          ] Out Of Memory (reactors-io-scheduler-ForkJoinPool-1-worker-30)
[10.515s][info][gc          ] Allocation Stall (main) 240.734ms
[10.515s][info][gc          ] Allocation Stall (reactors-io-scheduler-ForkJoinPool-1-worker-33) 475.455ms
[10.515s][info][gc,ref      ] GC(36) Clearing All SoftReferences
[10.515s][info][gc          ] Out Of Memory (main)
[10.515s][info][gc,task     ] GC(36) Using 5 workers
[10.515s][info][gc,ref      ] GC(36) Clearing All SoftReferences
[10.515s][info][gc,phases   ] GC(36) Pause Mark Start 0.045ms
[10.741s][info][gc,phases   ] GC(36) Concurrent Mark 225.461ms
[10.741s][info][gc,phases   ] GC(36) Pause Mark End 0.013ms
[10.741s][info][gc,phases   ] GC(36) Concurrent Mark Free 0.001ms
[10.742s][info][gc,phases   ] GC(36) Concurrent Process Non-Strong References 0.701ms
[10.742s][info][gc,phases   ] GC(36) Concurrent Reset Relocation Set 0.001ms
[10.745s][info][gc,phases   ] GC(36) Concurrent Select Relocation Set 3.585ms
[10.745s][info][gc,phases   ] GC(36) Pause Relocate Start 0.005ms
[10.747s][info][gc,phases   ] GC(36) Concurrent Relocate 1.535ms
[10.747s][info][gc,load     ] GC(36) Load: 0.00/0.00/0.00
[10.747s][info][gc,mmu      ] GC(36) MMU: 2ms/95.6%, 5ms/98.2%, 10ms/99.0%, 20ms/99.5%, 50ms/99.8%, 100ms/99.9%
[10.747s][info][gc,marking  ] GC(36) Mark: 4 stripe(s), 2 proactive flush(es), 1 terminate flush(es), 0 completion(s), 0 continuation(s) 
[10.747s][info][gc,marking  ] GC(36) Mark Stack Usage: 32M
[10.747s][info][gc,nmethod  ] GC(36) NMethods: 1293 registered, 20 unregistered
[10.747s][info][gc,metaspace] GC(36) Metaspace: 15M used, 15M committed, 1088M reserved
[10.747s][info][gc,ref      ] GC(36) Soft: 152 encountered, 48 discovered, 0 enqueued
[10.747s][info][gc,ref      ] GC(36) Weak: 842 encountered, 328 discovered, 0 enqueued
[10.747s][info][gc,ref      ] GC(36) Final: 0 encountered, 0 discovered, 0 enqueued
[10.747s][info][gc,ref      ] GC(36) Phantom: 35 encountered, 25 discovered, 0 enqueued
[10.747s][info][gc,reloc    ] GC(36) Small Pages: 248 / 496M, Empty: 0M, Relocated: 1M, In-Place: 4
[10.747s][info][gc,reloc    ] GC(36) Medium Pages: 1 / 16M, Empty: 0M, Relocated: 0M, In-Place: 0
[10.747s][info][gc,reloc    ] GC(36) Large Pages: 0 / 0M, Empty: 0M, Relocated: 0M, In-Place: 0
[10.747s][info][gc,reloc    ] GC(36) Forwarding Usage: 0M
[10.747s][info][gc,heap     ] GC(36) Min Capacity: 8M(2%)
[10.747s][info][gc,heap     ] GC(36) Max Capacity: 512M(100%)
[10.747s][info][gc,heap     ] GC(36) Soft Max Capacity: 512M(100%)
[10.747s][info][gc,heap     ] GC(36)                Mark Start          Mark End        Relocate Start      Relocate End           High               Low         
[10.747s][info][gc,heap     ] GC(36)  Capacity:      512M (100%)        512M (100%)        512M (100%)        512M (100%)        512M (100%)        512M (100%)   
[10.747s][info][gc,heap     ] GC(36)      Free:        0M (0%)            0M (0%)            0M (0%)            0M (0%)            0M (0%)            0M (0%)     
[10.748s][info][gc,heap     ] GC(36)      Used:      512M (100%)        512M (100%)        512M (100%)        512M (100%)        512M (100%)        512M (100%)   
[10.748s][info][gc,heap     ] GC(36)      Live:         -               393M (77%)         393M (77%)         393M (77%)            -                  -          
[10.748s][info][gc,heap     ] GC(36) Allocated:         -                 0M (0%)            0M (0%)            0M (0%)             -                  -          
[10.748s][info][gc,heap     ] GC(36)   Garbage:         -               118M (23%)         118M (23%)         118M (23%)            -                  -          
[10.748s][info][gc,heap     ] GC(36) Reclaimed:         -                  -                 0M (0%)            0M (0%)             -                  -          
[10.748s][info][gc          ] GC(36) Garbage Collection (Allocation Stall) 512M(100%)->512M(100%)
[10.748s][info][gc          ] Allocation Stall (reactors-io-scheduler-ForkJoinPool-1-worker-3) 232.718ms
[10.748s][info][gc          ] Allocation Stall (reactors-io-scheduler-ForkJoinPool-1-worker-44) 473.354ms
[10.748s][info][gc          ] Allocation Stall (reactors-io-scheduler-ForkJoinPool-1-worker-30) 232.812ms
[10.748s][info][gc          ] Allocation Stall (reactors-io-scheduler-ForkJoinPool-1-worker-33) 232.867ms
[10.748s][info][gc,start    ] GC(37) Garbage Collection (Allocation Stall)
[10.748s][info][gc          ] Out Of Memory (reactors-io-scheduler-ForkJoinPool-1-worker-33)
[10.748s][info][gc,ref      ] GC(37) Clearing All SoftReferences
[10.748s][info][gc,task     ] GC(37) Using 5 workers
[10.748s][info][gc,ref      ] GC(37) Clearing All SoftReferences
[10.748s][info][gc,phases   ] GC(37) Pause Mark Start 0.029ms
[10.975s][info][gc,phases   ] GC(37) Concurrent Mark 226.757ms
[10.975s][info][gc,phases   ] GC(37) Pause Mark End 0.017ms
[10.975s][info][gc,phases   ] GC(37) Concurrent Mark Free 0.001ms
[10.976s][info][gc,phases   ] GC(37) Concurrent Process Non-Strong References 0.813ms
[10.976s][info][gc,phases   ] GC(37) Concurrent Reset Relocation Set 0.002ms
[10.980s][info][gc,phases   ] GC(37) Concurrent Select Relocation Set 3.550ms
[10.980s][info][gc,phases   ] GC(37) Pause Relocate Start 0.009ms
[10.981s][info][gc,phases   ] GC(37) Concurrent Relocate 1.466ms
[10.981s][info][gc,load     ] GC(37) Load: 0.00/0.00/0.00
[10.981s][info][gc,mmu      ] GC(37) MMU: 2ms/95.6%, 5ms/98.2%, 10ms/99.0%, 20ms/99.5%, 50ms/99.8%, 100ms/99.9%
[10.981s][info][gc,marking  ] GC(37) Mark: 4 stripe(s), 2 proactive flush(es), 1 terminate flush(es), 0 completion(s), 0 continuation(s) 
[10.981s][info][gc,marking  ] GC(37) Mark Stack Usage: 32M
[10.982s][info][gc,nmethod  ] GC(37) NMethods: 1293 registered, 20 unregistered
[10.982s][info][gc,metaspace] GC(37) Metaspace: 15M used, 15M committed, 1088M reserved
[10.982s][info][gc,ref      ] GC(37) Soft: 152 encountered, 52 discovered, 0 enqueued
[10.982s][info][gc,ref      ] GC(37) Weak: 842 encountered, 264 discovered, 0 enqueued
[10.982s][info][gc,ref      ] GC(37) Final: 0 encountered, 0 discovered, 0 enqueued
[10.982s][info][gc,ref      ] GC(37) Phantom: 35 encountered, 28 discovered, 0 enqueued
[10.982s][info][gc,reloc    ] GC(37) Small Pages: 248 / 496M, Empty: 0M, Relocated: 1M, In-Place: 4
[10.982s][info][gc,reloc    ] GC(37) Medium Pages: 1 / 16M, Empty: 0M, Relocated: 0M, In-Place: 0
[10.982s][info][gc,reloc    ] GC(37) Large Pages: 0 / 0M, Empty: 0M, Relocated: 0M, In-Place: 0
[10.982s][info][gc,reloc    ] GC(37) Forwarding Usage: 0M
[10.982s][info][gc,heap     ] GC(37) Min Capacity: 8M(2%)
[10.982s][info][gc,heap     ] GC(37) Max Capacity: 512M(100%)
[10.982s][info][gc,heap     ] GC(37) Soft Max Capacity: 512M(100%)
[10.982s][info][gc,heap     ] GC(37)                Mark Start          Mark End        Relocate Start      Relocate End           High               Low         
[10.982s][info][gc,heap     ] GC(37)  Capacity:      512M (100%)        512M (100%)        512M (100%)        512M (100%)        512M (100%)        512M (100%)   
[10.982s][info][gc,heap     ] GC(37)      Free:        0M (0%)            0M (0%)            0M (0%)            0M (0%)            0M (0%)            0M (0%)     
[10.982s][info][gc,heap     ] GC(37)      Used:      512M (100%)        512M (100%)        512M (100%)        512M (100%)        512M (100%)        512M (100%)   
[10.982s][info][gc,heap     ] GC(37)      Live:         -               393M (77%)         393M (77%)         393M (77%)            -                  -          
[10.982s][info][gc,heap     ] GC(37) Allocated:         -                 0M (0%)            0M (0%)            0M (0%)             -                  -          
[10.982s][info][gc,heap     ] GC(37)   Garbage:         -               118M (23%)         118M (23%)         118M (23%)            -                  -          
[10.982s][info][gc,heap     ] GC(37) Reclaimed:         -                  -                 0M (0%)            0M (0%)             -                  -          
[10.982s][info][gc          ] GC(37) Garbage Collection (Allocation Stall) 512M(100%)->512M(100%)
[10.982s][info][gc          ] Allocation Stall (reactors-io-scheduler-ForkJoinPool-1-worker-3) 234.434ms
[10.982s][info][gc          ] Allocation Stall (reactors-io-scheduler-ForkJoinPool-1-worker-44) 234.410ms
[10.982s][info][gc          ] Allocation Stall (reactors-io-scheduler-ForkJoinPool-1-worker-30) 234.392ms
[10.982s][info][gc          ] Out Of Memory (reactors-io-scheduler-ForkJoinPool-1-worker-3)
[10.982s][info][gc          ] Out Of Memory (reactors-io-scheduler-ForkJoinPool-1-worker-44)
[10.982s][info][gc,start    ] GC(38) Garbage Collection (Allocation Stall)
[10.982s][info][gc          ] Out Of Memory (reactors-io-scheduler-ForkJoinPool-1-worker-30)
[10.982s][info][gc,ref      ] GC(38) Clearing All SoftReferences
[10.982s][info][gc          ] Allocation Stall (main) 466.871ms
[10.982s][info][gc,task     ] GC(38) Using 5 workers
[10.983s][info][gc,ref      ] GC(38) Clearing All SoftReferences
[10.983s][info][gc,phases   ] GC(38) Pause Mark Start 0.033ms
[11.225s][info][gc,phases   ] GC(38) Concurrent Mark 242.175ms
[11.225s][info][gc,phases   ] GC(38) Pause Mark End 0.013ms
[11.225s][info][gc,phases   ] GC(38) Concurrent Mark Free 0.002ms
[11.226s][info][gc,phases   ] GC(38) Concurrent Process Non-Strong References 0.910ms
[11.226s][info][gc,phases   ] GC(38) Concurrent Reset Relocation Set 0.002ms
[11.230s][info][gc,phases   ] GC(38) Concurrent Select Relocation Set 3.489ms
[11.230s][info][gc,phases   ] GC(38) Pause Relocate Start 0.006ms
[11.232s][info][gc,phases   ] GC(38) Concurrent Relocate 2.631ms
[11.232s][info][gc,load     ] GC(38) Load: 0.00/0.00/0.00
[11.232s][info][gc,mmu      ] GC(38) MMU: 2ms/95.6%, 5ms/98.2%, 10ms/99.0%, 20ms/99.5%, 50ms/99.8%, 100ms/99.9%
[11.233s][info][gc,marking  ] GC(38) Mark: 4 stripe(s), 2 proactive flush(es), 1 terminate flush(es), 0 completion(s), 0 continuation(s) 
[11.233s][info][gc,marking  ] GC(38) Mark Stack Usage: 32M
[11.233s][info][gc,nmethod  ] GC(38) NMethods: 1293 registered, 20 unregistered
[11.233s][info][gc,metaspace] GC(38) Metaspace: 15M used, 15M committed, 1088M reserved
[11.233s][info][gc,ref      ] GC(38) Soft: 152 encountered, 53 discovered, 0 enqueued
[11.233s][info][gc,ref      ] GC(38) Weak: 841 encountered, 379 discovered, 0 enqueued
[11.233s][info][gc,ref      ] GC(38) Final: 0 encountered, 0 discovered, 0 enqueued
[11.233s][info][gc,ref      ] GC(38) Phantom: 35 encountered, 28 discovered, 0 enqueued
[11.233s][info][gc,reloc    ] GC(38) Small Pages: 248 / 496M, Empty: 0M, Relocated: 1M, In-Place: 4
[11.233s][info][gc,reloc    ] GC(38) Medium Pages: 1 / 16M, Empty: 0M, Relocated: 0M, In-Place: 0
[11.233s][info][gc,reloc    ] GC(38) Large Pages: 0 / 0M, Empty: 0M, Relocated: 0M, In-Place: 0
[11.233s][info][gc,reloc    ] GC(38) Forwarding Usage: 0M
[11.233s][info][gc,heap     ] GC(38) Min Capacity: 8M(2%)
[11.233s][info][gc,heap     ] GC(38) Max Capacity: 512M(100%)
[11.233s][info][gc,heap     ] GC(38) Soft Max Capacity: 512M(100%)
[11.233s][info][gc,heap     ] GC(38)                Mark Start          Mark End        Relocate Start      Relocate End           High               Low         
[11.233s][info][gc,heap     ] GC(38)  Capacity:      512M (100%)        512M (100%)        512M (100%)        512M (100%)        512M (100%)        512M (100%)   
[11.233s][info][gc,heap     ] GC(38)      Free:        0M (0%)            0M (0%)            0M (0%)            0M (0%)            0M (0%)            0M (0%)     
[11.233s][info][gc,heap     ] GC(38)      Used:      512M (100%)        512M (100%)        512M (100%)        512M (100%)        512M (100%)        512M (100%)   
[11.233s][info][gc,heap     ] GC(38)      Live:         -               393M (77%)         393M (77%)         393M (77%)            -                  -          
[11.233s][info][gc,heap     ] GC(38) Allocated:         -                 0M (0%)            0M (0%)            0M (0%)             -                  -          
[11.233s][info][gc,heap     ] GC(38)   Garbage:         -               118M (23%)         118M (23%)         118M (23%)            -                  -          
[11.233s][info][gc,heap     ] GC(38) Reclaimed:         -                  -                 0M (0%)            0M (0%)             -                  -          
[11.233s][info][gc          ] GC(38) Garbage Collection (Allocation Stall) 512M(100%)->512M(100%)
[11.233s][info][gc          ] Allocation Stall (reactors-io-scheduler-ForkJoinPool-1-worker-17) 250.807ms
[11.233s][info][gc          ] Allocation Stall (reactors-io-scheduler-ForkJoinPool-1-worker-3) 250.881ms
[11.233s][info][gc,start    ] GC(39) Garbage Collection (Allocation Stall)
[11.233s][info][gc          ] Allocation Stall (reactors-io-scheduler-ForkJoinPool-1-worker-33) 484.960ms
[11.233s][info][gc          ] Allocation Stall (main) 250.814ms
[11.233s][info][gc,ref      ] GC(39) Clearing All SoftReferences
[11.234s][info][gc          ] Out Of Memory (main)
[11.234s][info][gc,task     ] GC(39) Using 5 workers
[11.234s][info][gc,ref      ] GC(39) Clearing All SoftReferences
[11.234s][info][gc,phases   ] GC(39) Pause Mark Start 0.026ms
[11.466s][info][gc,phases   ] GC(39) Concurrent Mark 231.768ms
[11.466s][info][gc,phases   ] GC(39) Pause Mark End 0.021ms
[11.466s][info][gc,phases   ] GC(39) Concurrent Mark Free 0.001ms
[11.467s][info][gc,phases   ] GC(39) Concurrent Process Non-Strong References 0.974ms
[11.467s][info][gc,phases   ] GC(39) Concurrent Reset Relocation Set 0.001ms
[11.470s][info][gc,phases   ] GC(39) Concurrent Select Relocation Set 3.559ms
[11.470s][info][gc,phases   ] GC(39) Pause Relocate Start 0.006ms
[11.472s][info][gc,phases   ] GC(39) Concurrent Relocate 1.477ms
[11.472s][info][gc,load     ] GC(39) Load: 0.00/0.00/0.00
[11.472s][info][gc,mmu      ] GC(39) MMU: 2ms/95.6%, 5ms/98.2%, 10ms/99.0%, 20ms/99.5%, 50ms/99.8%, 100ms/99.9%
[11.472s][info][gc,marking  ] GC(39) Mark: 4 stripe(s), 2 proactive flush(es), 1 terminate flush(es), 0 completion(s), 0 continuation(s) 
[11.472s][info][gc,marking  ] GC(39) Mark Stack Usage: 32M
[11.472s][info][gc,nmethod  ] GC(39) NMethods: 1293 registered, 20 unregistered
[11.472s][info][gc,metaspace] GC(39) Metaspace: 15M used, 15M committed, 1088M reserved
[11.472s][info][gc,ref      ] GC(39) Soft: 152 encountered, 45 discovered, 0 enqueued
[11.472s][info][gc,ref      ] GC(39) Weak: 841 encountered, 436 discovered, 0 enqueued
[11.472s][info][gc,ref      ] GC(39) Final: 0 encountered, 0 discovered, 0 enqueued
[11.472s][info][gc,ref      ] GC(39) Phantom: 35 encountered, 27 discovered, 0 enqueued
[11.472s][info][gc,reloc    ] GC(39) Small Pages: 248 / 496M, Empty: 0M, Relocated: 1M, In-Place: 4
[11.472s][info][gc,reloc    ] GC(39) Medium Pages: 1 / 16M, Empty: 0M, Relocated: 0M, In-Place: 0
[11.472s][info][gc,reloc    ] GC(39) Large Pages: 0 / 0M, Empty: 0M, Relocated: 0M, In-Place: 0
[11.472s][info][gc,reloc    ] GC(39) Forwarding Usage: 0M
[11.472s][info][gc,heap     ] GC(39) Min Capacity: 8M(2%)
[11.473s][info][gc,heap     ] GC(39) Max Capacity: 512M(100%)
[11.473s][info][gc,heap     ] GC(39) Soft Max Capacity: 512M(100%)
[11.473s][info][gc,heap     ] GC(39)                Mark Start          Mark End        Relocate Start      Relocate End           High               Low         
[11.473s][info][gc,heap     ] GC(39)  Capacity:      512M (100%)        512M (100%)        512M (100%)        512M (100%)        512M (100%)        512M (100%)   
[11.473s][info][gc,heap     ] GC(39)      Free:        0M (0%)            0M (0%)            0M (0%)            0M (0%)            0M (0%)            0M (0%)     
[11.473s][info][gc,heap     ] GC(39)      Used:      512M (100%)        512M (100%)        512M (100%)        512M (100%)        512M (100%)        512M (100%)   
[11.473s][info][gc,heap     ] GC(39)      Live:         -               393M (77%)         393M (77%)         393M (77%)            -                  -          
[11.473s][info][gc,heap     ] GC(39) Allocated:         -                 0M (0%)            0M (0%)            0M (0%)             -                  -          
[11.473s][info][gc,heap     ] GC(39)   Garbage:         -               118M (23%)         118M (23%)         118M (23%)            -                  -          
[11.473s][info][gc,heap     ] GC(39) Reclaimed:         -                  -                 0M (0%)            0M (0%)             -                  -          
[11.473s][info][gc          ] GC(39) Garbage Collection (Allocation Stall) 512M(100%)->512M(100%)
[11.473s][info][gc          ] Allocation Stall (reactors-io-scheduler-ForkJoinPool-1-worker-33) 239.428ms
[11.473s][info][gc          ] Allocation Stall (reactors-io-scheduler-ForkJoinPool-1-worker-30) 489.976ms
[11.473s][info][gc          ] Allocation Stall (reactors-io-scheduler-ForkJoinPool-1-worker-17) 239.553ms
[11.473s][info][gc          ] Allocation Stall (reactors-io-scheduler-ForkJoinPool-1-worker-3) 239.516ms
[11.473s][info][gc          ] Out Of Memory (reactors-io-scheduler-ForkJoinPool-1-worker-33)
[11.473s][info][gc,start    ] GC(40) Garbage Collection (Allocation Stall)
[11.473s][info][gc          ] Out Of Memory (reactors-io-scheduler-ForkJoinPool-1-worker-17)
[11.473s][info][gc          ] Out Of Memory (reactors-io-scheduler-ForkJoinPool-1-worker-3)
[11.473s][info][gc,ref      ] GC(40) Clearing All SoftReferences
[11.473s][info][gc,task     ] GC(40) Using 5 workers
[11.474s][info][gc,ref      ] GC(40) Clearing All SoftReferences
[11.474s][info][gc,phases   ] GC(40) Pause Mark Start 0.047ms
[11.703s][info][gc,phases   ] GC(40) Concurrent Mark 228.906ms
[11.703s][info][gc,phases   ] GC(40) Pause Mark End 0.018ms
[11.703s][info][gc,phases   ] GC(40) Concurrent Mark Free 0.001ms
[11.704s][info][gc,phases   ] GC(40) Concurrent Process Non-Strong References 0.907ms
[11.704s][info][gc,phases   ] GC(40) Concurrent Reset Relocation Set 0.001ms
[11.707s][info][gc,phases   ] GC(40) Concurrent Select Relocation Set 3.519ms
[11.707s][info][gc,phases   ] GC(40) Pause Relocate Start 0.006ms
[11.710s][info][gc,phases   ] GC(40) Concurrent Relocate 2.646ms
[11.710s][info][gc,load     ] GC(40) Load: 0.00/0.00/0.00
[11.710s][info][gc,mmu      ] GC(40) MMU: 2ms/95.6%, 5ms/98.2%, 10ms/99.0%, 20ms/99.5%, 50ms/99.8%, 100ms/99.9%
[11.710s][info][gc,marking  ] GC(40) Mark: 4 stripe(s), 3 proactive flush(es), 1 terminate flush(es), 0 completion(s), 0 continuation(s) 
[11.710s][info][gc,marking  ] GC(40) Mark Stack Usage: 32M
[11.710s][info][gc,nmethod  ] GC(40) NMethods: 1293 registered, 20 unregistered
[11.710s][info][gc,metaspace] GC(40) Metaspace: 15M used, 15M committed, 1088M reserved
[11.710s][info][gc,ref      ] GC(40) Soft: 152 encountered, 67 discovered, 0 enqueued
[11.710s][info][gc,ref      ] GC(40) Weak: 840 encountered, 367 discovered, 0 enqueued
[11.710s][info][gc,ref      ] GC(40) Final: 0 encountered, 0 discovered, 0 enqueued
[11.711s][info][gc,ref      ] GC(40) Phantom: 35 encountered, 33 discovered, 0 enqueued
[11.711s][info][gc,reloc    ] GC(40) Small Pages: 248 / 496M, Empty: 0M, Relocated: 1M, In-Place: 4
[11.711s][info][gc,reloc    ] GC(40) Medium Pages: 1 / 16M, Empty: 0M, Relocated: 0M, In-Place: 0
[11.711s][info][gc,reloc    ] GC(40) Large Pages: 0 / 0M, Empty: 0M, Relocated: 0M, In-Place: 0
[11.711s][info][gc,reloc    ] GC(40) Forwarding Usage: 0M
[11.711s][info][gc,heap     ] GC(40) Min Capacity: 8M(2%)
[11.711s][info][gc,heap     ] GC(40) Max Capacity: 512M(100%)
[11.711s][info][gc,heap     ] GC(40) Soft Max Capacity: 512M(100%)
[11.711s][info][gc,heap     ] GC(40)                Mark Start          Mark End        Relocate Start      Relocate End           High               Low         
[11.711s][info][gc,heap     ] GC(40)  Capacity:      512M (100%)        512M (100%)        512M (100%)        512M (100%)        512M (100%)        512M (100%)   
[11.711s][info][gc,heap     ] GC(40)      Free:        0M (0%)            0M (0%)            0M (0%)            0M (0%)            0M (0%)            0M (0%)     
[11.711s][info][gc,heap     ] GC(40)      Used:      512M (100%)        512M (100%)        512M (100%)        512M (100%)        512M (100%)        512M (100%)   
[11.711s][info][gc,heap     ] GC(40)      Live:         -               393M (77%)         393M (77%)         393M (77%)            -                  -          
[11.711s][info][gc,heap     ] GC(40) Allocated:         -                 0M (0%)            0M (0%)            0M (0%)             -                  -          
[11.711s][info][gc,heap     ] GC(40)   Garbage:         -               118M (23%)         118M (23%)         118M (23%)            -                  -          
[11.711s][info][gc,heap     ] GC(40) Reclaimed:         -                  -                 0M (0%)            0M (0%)             -                  -          
[11.711s][info][gc          ] GC(40) Garbage Collection (Allocation Stall) 512M(100%)->512M(100%)
[11.711s][info][gc          ] Allocation Stall (reactors-io-scheduler-ForkJoinPool-1-worker-30) 238.087ms
[11.711s][info][gc          ] Allocation Stall (reactors-io-scheduler-ForkJoinPool-1-worker-29) 237.707ms
[11.711s][info][gc          ] Allocation Stall (reactors-io-scheduler-ForkJoinPool-1-worker-17) 237.811ms
[11.711s][info][gc          ] Out Of Memory (reactors-io-scheduler-ForkJoinPool-1-worker-30)
[11.711s][info][gc,start    ] GC(41) Garbage Collection (Allocation Stall)
[11.711s][info][gc          ] Allocation Stall (main) 476.990ms
[11.711s][info][gc,ref      ] GC(41) Clearing All SoftReferences
[11.711s][info][gc,task     ] GC(41) Using 5 workers
[11.712s][info][gc,ref      ] GC(41) Clearing All SoftReferences
[11.712s][info][gc,phases   ] GC(41) Pause Mark Start 0.035ms
[11.937s][info][gc,phases   ] GC(41) Concurrent Mark 225.179ms
[11.937s][info][gc,phases   ] GC(41) Pause Mark End 0.013ms
[11.937s][info][gc,phases   ] GC(41) Concurrent Mark Free 0.001ms
[11.938s][info][gc,phases   ] GC(41) Concurrent Process Non-Strong References 0.786ms
[11.938s][info][gc,phases   ] GC(41) Concurrent Reset Relocation Set 0.001ms
[11.942s][info][gc,phases   ] GC(41) Concurrent Select Relocation Set 3.550ms
[11.942s][info][gc,phases   ] GC(41) Pause Relocate Start 0.005ms
[11.943s][info][gc,phases   ] GC(41) Concurrent Relocate 1.537ms
[11.943s][info][gc,load     ] GC(41) Load: 0.00/0.00/0.00
[11.943s][info][gc,mmu      ] GC(41) MMU: 2ms/95.6%, 5ms/98.2%, 10ms/99.0%, 20ms/99.5%, 50ms/99.8%, 100ms/99.9%
[11.943s][info][gc,marking  ] GC(41) Mark: 4 stripe(s), 1 proactive flush(es), 1 terminate flush(es), 0 completion(s), 0 continuation(s) 
[11.943s][info][gc,marking  ] GC(41) Mark Stack Usage: 32M
[11.943s][info][gc,nmethod  ] GC(41) NMethods: 1293 registered, 20 unregistered
[11.943s][info][gc,metaspace] GC(41) Metaspace: 15M used, 15M committed, 1088M reserved
[11.943s][info][gc,ref      ] GC(41) Soft: 152 encountered, 55 discovered, 0 enqueued
[11.943s][info][gc,ref      ] GC(41) Weak: 839 encountered, 403 discovered, 0 enqueued
[11.943s][info][gc,ref      ] GC(41) Final: 0 encountered, 0 discovered, 0 enqueued
[11.944s][info][gc,ref      ] GC(41) Phantom: 35 encountered, 26 discovered, 0 enqueued
[11.944s][info][gc,reloc    ] GC(41) Small Pages: 248 / 496M, Empty: 0M, Relocated: 1M, In-Place: 4
[11.944s][info][gc,reloc    ] GC(41) Medium Pages: 1 / 16M, Empty: 0M, Relocated: 0M, In-Place: 0
[11.944s][info][gc,reloc    ] GC(41) Large Pages: 0 / 0M, Empty: 0M, Relocated: 0M, In-Place: 0
[11.944s][info][gc,reloc    ] GC(41) Forwarding Usage: 0M
[11.944s][info][gc,heap     ] GC(41) Min Capacity: 8M(2%)
[11.944s][info][gc,heap     ] GC(41) Max Capacity: 512M(100%)
[11.944s][info][gc,heap     ] GC(41) Soft Max Capacity: 512M(100%)
[11.944s][info][gc,heap     ] GC(41)                Mark Start          Mark End        Relocate Start      Relocate End           High               Low         
[11.944s][info][gc,heap     ] GC(41)  Capacity:      512M (100%)        512M (100%)        512M (100%)        512M (100%)        512M (100%)        512M (100%)   
[11.944s][info][gc,heap     ] GC(41)      Free:        0M (0%)            0M (0%)            0M (0%)            0M (0%)            0M (0%)            0M (0%)     
[11.944s][info][gc,heap     ] GC(41)      Used:      512M (100%)        512M (100%)        512M (100%)        512M (100%)        512M (100%)        512M (100%)   
[11.944s][info][gc,heap     ] GC(41)      Live:         -               393M (77%)         393M (77%)         393M (77%)            -                  -          
[11.944s][info][gc,heap     ] GC(41) Allocated:         -                 0M (0%)            0M (0%)            0M (0%)             -                  -          
[11.944s][info][gc,heap     ] GC(41)   Garbage:         -               118M (23%)         118M (23%)         118M (23%)            -                  -          
[11.944s][info][gc,heap     ] GC(41) Reclaimed:         -                  -                 0M (0%)            0M (0%)             -                  -          
[11.944s][info][gc          ] GC(41) Garbage Collection (Allocation Stall) 512M(100%)->512M(100%)
[11.944s][info][gc          ] Allocation Stall (reactors-io-scheduler-ForkJoinPool-1-worker-29) 232.880ms
[11.944s][info][gc          ] Allocation Stall (reactors-io-scheduler-ForkJoinPool-1-worker-17) 232.832ms
[11.944s][info][gc          ] Allocation Stall (reactors-io-scheduler-ForkJoinPool-1-worker-3) 470.271ms
[11.944s][info][gc          ] Out Of Memory (reactors-io-scheduler-ForkJoinPool-1-worker-29)
[11.944s][info][gc          ] Allocation Stall (main) 232.790ms
[11.944s][info][gc          ] Out Of Memory (reactors-io-scheduler-ForkJoinPool-1-worker-17)
[11.944s][info][gc,start    ] GC(42) Garbage Collection (Allocation Stall)
[11.944s][info][gc          ] Out Of Memory (main)
[11.944s][info][gc,ref      ] GC(42) Clearing All SoftReferences
[11.945s][info][gc,task     ] GC(42) Using 5 workers
[11.945s][info][gc,ref      ] GC(42) Clearing All SoftReferences
[11.945s][info][gc,phases   ] GC(42) Pause Mark Start 0.022ms
[12.172s][info][gc,phases   ] GC(42) Concurrent Mark 227.683ms
[12.172s][info][gc,phases   ] GC(42) Pause Mark End 0.016ms
[12.173s][info][gc,phases   ] GC(42) Concurrent Mark Free 0.002ms
[12.173s][info][gc,phases   ] GC(42) Concurrent Process Non-Strong References 0.797ms
[12.173s][info][gc,phases   ] GC(42) Concurrent Reset Relocation Set 0.001ms
[12.177s][info][gc,phases   ] GC(42) Concurrent Select Relocation Set 3.605ms
[12.177s][info][gc,phases   ] GC(42) Pause Relocate Start 0.005ms
[12.179s][info][gc,phases   ] GC(42) Concurrent Relocate 1.509ms
[12.179s][info][gc,load     ] GC(42) Load: 0.00/0.00/0.00
[12.179s][info][gc,mmu      ] GC(42) MMU: 2ms/95.6%, 5ms/98.2%, 10ms/99.0%, 20ms/99.5%, 50ms/99.8%, 100ms/99.9%
[12.179s][info][gc,marking  ] GC(42) Mark: 4 stripe(s), 3 proactive flush(es), 1 terminate flush(es), 0 completion(s), 0 continuation(s) 
[12.179s][info][gc,marking  ] GC(42) Mark Stack Usage: 32M
[12.179s][info][gc,nmethod  ] GC(42) NMethods: 1293 registered, 20 unregistered
[12.179s][info][gc,metaspace] GC(42) Metaspace: 15M used, 15M committed, 1088M reserved
[12.179s][info][gc,ref      ] GC(42) Soft: 152 encountered, 47 discovered, 0 enqueued
[12.179s][info][gc,ref      ] GC(42) Weak: 839 encountered, 262 discovered, 0 enqueued
[12.179s][info][gc,ref      ] GC(42) Final: 0 encountered, 0 discovered, 0 enqueued
[12.179s][info][gc,ref      ] GC(42) Phantom: 35 encountered, 19 discovered, 0 enqueued
[12.179s][info][gc,reloc    ] GC(42) Small Pages: 248 / 496M, Empty: 0M, Relocated: 1M, In-Place: 4
[12.179s][info][gc,reloc    ] GC(42) Medium Pages: 1 / 16M, Empty: 0M, Relocated: 0M, In-Place: 0
[12.179s][info][gc,reloc    ] GC(42) Large Pages: 0 / 0M, Empty: 0M, Relocated: 0M, In-Place: 0
[12.179s][info][gc,reloc    ] GC(42) Forwarding Usage: 0M
[12.179s][info][gc,heap     ] GC(42) Min Capacity: 8M(2%)
[12.179s][info][gc,heap     ] GC(42) Max Capacity: 512M(100%)
[12.179s][info][gc,heap     ] GC(42) Soft Max Capacity: 512M(100%)
[12.179s][info][gc,heap     ] GC(42)                Mark Start          Mark End        Relocate Start      Relocate End           High               Low         
[12.179s][info][gc,heap     ] GC(42)  Capacity:      512M (100%)        512M (100%)        512M (100%)        512M (100%)        512M (100%)        512M (100%)   
[12.179s][info][gc,heap     ] GC(42)      Free:        0M (0%)            0M (0%)            0M (0%)            0M (0%)            0M (0%)            0M (0%)     
[12.179s][info][gc,heap     ] GC(42)      Used:      512M (100%)        512M (100%)        512M (100%)        512M (100%)        512M (100%)        512M (100%)   
[12.179s][info][gc,heap     ] GC(42)      Live:         -               393M (77%)         393M (77%)         393M (77%)            -                  -          
[12.179s][info][gc,heap     ] GC(42) Allocated:         -                 0M (0%)            0M (0%)            0M (0%)             -                  -          
[12.179s][info][gc,heap     ] GC(42)   Garbage:         -               118M (23%)         118M (23%)         118M (23%)            -                  -          
[12.179s][info][gc,heap     ] GC(42) Reclaimed:         -                  -                 0M (0%)            0M (0%)             -                  -          
[12.179s][info][gc          ] GC(42) Garbage Collection (Allocation Stall) 512M(100%)->512M(100%)
[12.180s][info][gc          ] Allocation Stall (reactors-io-scheduler-ForkJoinPool-1-worker-29) 235.096ms
[12.180s][info][gc          ] Allocation Stall (reactors-io-scheduler-ForkJoinPool-1-worker-9) 235.060ms
[12.180s][info][gc,start    ] GC(43) Garbage Collection (Allocation Stall)
[12.180s][info][gc          ] Allocation Stall (reactors-io-scheduler-ForkJoinPool-1-worker-3) 235.280ms
[12.180s][info][gc,ref      ] GC(43) Clearing All SoftReferences
[12.180s][info][gc          ] Out Of Memory (reactors-io-scheduler-ForkJoinPool-1-worker-3)
[12.180s][info][gc,task     ] GC(43) Using 5 workers
[12.180s][info][gc,ref      ] GC(43) Clearing All SoftReferences
[12.180s][info][gc,phases   ] GC(43) Pause Mark Start 0.043ms
[12.413s][info][gc,phases   ] GC(43) Concurrent Mark 232.690ms
[12.413s][info][gc,phases   ] GC(43) Pause Mark End 0.016ms
[12.413s][info][gc,phases   ] GC(43) Concurrent Mark Free 0.002ms
[12.418s][info][gc,phases   ] GC(43) Concurrent Process Non-Strong References 4.861ms
[12.418s][info][gc,phases   ] GC(43) Concurrent Reset Relocation Set 0.001ms
[12.422s][info][gc,phases   ] GC(43) Concurrent Select Relocation Set 3.483ms
[12.422s][info][gc,phases   ] GC(43) Pause Relocate Start 0.007ms
[12.424s][info][gc,phases   ] GC(43) Concurrent Relocate 2.421ms
[12.424s][info][gc,load     ] GC(43) Load: 0.00/0.00/0.00
[12.424s][info][gc,mmu      ] GC(43) MMU: 2ms/95.6%, 5ms/98.2%, 10ms/99.0%, 20ms/99.5%, 50ms/99.8%, 100ms/99.9%
[12.424s][info][gc,marking  ] GC(43) Mark: 4 stripe(s), 1 proactive flush(es), 1 terminate flush(es), 0 completion(s), 0 continuation(s) 
[12.424s][info][gc,marking  ] GC(43) Mark Stack Usage: 32M
[12.424s][info][gc,nmethod  ] GC(43) NMethods: 1292 registered, 21 unregistered
[12.424s][info][gc,metaspace] GC(43) Metaspace: 15M used, 15M committed, 1088M reserved
[12.425s][info][gc,ref      ] GC(43) Soft: 152 encountered, 51 discovered, 1 enqueued
[12.425s][info][gc,ref      ] GC(43) Weak: 837 encountered, 463 discovered, 1 enqueued
[12.425s][info][gc,ref      ] GC(43) Final: 0 encountered, 0 discovered, 0 enqueued
[12.425s][info][gc,ref      ] GC(43) Phantom: 35 encountered, 17 discovered, 0 enqueued
[12.425s][info][gc,reloc    ] GC(43) Small Pages: 248 / 496M, Empty: 0M, Relocated: 1M, In-Place: 4
[12.425s][info][gc,reloc    ] GC(43) Medium Pages: 1 / 16M, Empty: 0M, Relocated: 0M, In-Place: 0
[12.425s][info][gc,reloc    ] GC(43) Large Pages: 0 / 0M, Empty: 0M, Relocated: 0M, In-Place: 0
[12.425s][info][gc,reloc    ] GC(43) Forwarding Usage: 0M
[12.425s][info][gc,heap     ] GC(43) Min Capacity: 8M(2%)
[12.425s][info][gc,heap     ] GC(43) Max Capacity: 512M(100%)
[12.425s][info][gc,heap     ] GC(43) Soft Max Capacity: 512M(100%)
[12.425s][info][gc,heap     ] GC(43)                Mark Start          Mark End        Relocate Start      Relocate End           High               Low         
[12.425s][info][gc,heap     ] GC(43)  Capacity:      512M (100%)        512M (100%)        512M (100%)        512M (100%)        512M (100%)        512M (100%)   
[12.425s][info][gc,heap     ] GC(43)      Free:        0M (0%)            0M (0%)            0M (0%)            0M (0%)            0M (0%)            0M (0%)     
[12.425s][info][gc,heap     ] GC(43)      Used:      512M (100%)        512M (100%)        512M (100%)        512M (100%)        512M (100%)        512M (100%)   
[12.425s][info][gc,heap     ] GC(43)      Live:         -               393M (77%)         393M (77%)         393M (77%)            -                  -          
[12.425s][info][gc,heap     ] GC(43) Allocated:         -                 0M (0%)            0M (0%)            0M (0%)             -                  -          
[12.425s][info][gc,heap     ] GC(43)   Garbage:         -               118M (23%)         118M (23%)         118M (23%)            -                  -          
[12.425s][info][gc,heap     ] GC(43) Reclaimed:         -                  -                 0M (0%)            0M (0%)             -                  -          
[12.425s][info][gc          ] GC(43) Garbage Collection (Allocation Stall) 512M(100%)->512M(100%)
[12.425s][info][gc          ] Allocation Stall (reactors-io-scheduler-ForkJoinPool-1-worker-9) 245.533ms
[12.425s][info][gc          ] Allocation Stall (main) 480.451ms
[12.425s][info][gc          ] Allocation Stall (reactors-io-scheduler-ForkJoinPool-1-worker-17) 480.552ms
[12.425s][info][gc          ] Allocation Stall (reactors-io-scheduler-ForkJoinPool-1-worker-29) 245.634ms
[12.425s][info][gc          ] Out Of Memory (reactors-io-scheduler-ForkJoinPool-1-worker-9)
[12.425s][info][gc,start    ] GC(44) Garbage Collection (Allocation Stall)
[12.425s][info][gc          ] Out Of Memory (reactors-io-scheduler-ForkJoinPool-1-worker-29)
[12.426s][info][gc,ref      ] GC(44) Clearing All SoftReferences
[12.426s][info][gc,task     ] GC(44) Using 5 workers
[12.426s][info][gc,ref      ] GC(44) Clearing All SoftReferences
[12.426s][info][gc,phases   ] GC(44) Pause Mark Start 0.035ms
[12.647s][info][gc,phases   ] GC(44) Concurrent Mark 221.460ms
[12.647s][info][gc,phases   ] GC(44) Pause Mark End 0.011ms
[12.648s][info][gc,phases   ] GC(44) Concurrent Mark Free 0.001ms
[12.648s][info][gc,phases   ] GC(44) Concurrent Process Non-Strong References 0.661ms
[12.648s][info][gc,phases   ] GC(44) Concurrent Reset Relocation Set 0.002ms
[12.652s][info][gc,phases   ] GC(44) Concurrent Select Relocation Set 3.518ms
[12.652s][info][gc,phases   ] GC(44) Pause Relocate Start 0.005ms
[12.653s][info][gc,phases   ] GC(44) Concurrent Relocate 1.471ms
[12.653s][info][gc,load     ] GC(44) Load: 0.00/0.00/0.00
[12.653s][info][gc,mmu      ] GC(44) MMU: 2ms/95.6%, 5ms/98.2%, 10ms/99.0%, 20ms/99.5%, 50ms/99.8%, 100ms/99.9%
[12.654s][info][gc,marking  ] GC(44) Mark: 4 stripe(s), 2 proactive flush(es), 1 terminate flush(es), 0 completion(s), 0 continuation(s) 
[12.654s][info][gc,marking  ] GC(44) Mark Stack Usage: 32M
[12.654s][info][gc,nmethod  ] GC(44) NMethods: 1292 registered, 21 unregistered
[12.654s][info][gc,metaspace] GC(44) Metaspace: 15M used, 15M committed, 1088M reserved
[12.654s][info][gc,ref      ] GC(44) Soft: 151 encountered, 66 discovered, 0 enqueued
[12.654s][info][gc,ref      ] GC(44) Weak: 835 encountered, 411 discovered, 0 enqueued
[12.654s][info][gc,ref      ] GC(44) Final: 0 encountered, 0 discovered, 0 enqueued
[12.654s][info][gc,ref      ] GC(44) Phantom: 35 encountered, 29 discovered, 0 enqueued
[12.654s][info][gc,reloc    ] GC(44) Small Pages: 248 / 496M, Empty: 0M, Relocated: 1M, In-Place: 4
[12.654s][info][gc,reloc    ] GC(44) Medium Pages: 1 / 16M, Empty: 0M, Relocated: 0M, In-Place: 0
[12.654s][info][gc,reloc    ] GC(44) Large Pages: 0 / 0M, Empty: 0M, Relocated: 0M, In-Place: 0
[12.654s][info][gc,reloc    ] GC(44) Forwarding Usage: 0M
[12.654s][info][gc,heap     ] GC(44) Min Capacity: 8M(2%)
[12.654s][info][gc,heap     ] GC(44) Max Capacity: 512M(100%)
[12.654s][info][gc,heap     ] GC(44) Soft Max Capacity: 512M(100%)
[12.654s][info][gc,heap     ] GC(44)                Mark Start          Mark End        Relocate Start      Relocate End           High               Low         
[12.654s][info][gc,heap     ] GC(44)  Capacity:      512M (100%)        512M (100%)        512M (100%)        512M (100%)        512M (100%)        512M (100%)   
[12.654s][info][gc,heap     ] GC(44)      Free:        0M (0%)            0M (0%)            0M (0%)            0M (0%)            0M (0%)            0M (0%)     
[12.654s][info][gc,heap     ] GC(44)      Used:      512M (100%)        512M (100%)        512M (100%)        512M (100%)        512M (100%)        512M (100%)   
[12.654s][info][gc,heap     ] GC(44)      Live:         -               393M (77%)         393M (77%)         393M (77%)            -                  -          
[12.654s][info][gc,heap     ] GC(44) Allocated:         -                 0M (0%)            0M (0%)            0M (0%)             -                  -          
[12.654s][info][gc,heap     ] GC(44)   Garbage:         -               118M (23%)         118M (23%)         118M (23%)            -                  -          
[12.654s][info][gc,heap     ] GC(44) Reclaimed:         -                  -                 0M (0%)            0M (0%)             -                  -          
[12.654s][info][gc          ] GC(44) Garbage Collection (Allocation Stall) 512M(100%)->512M(100%)
[12.654s][info][gc          ] Allocation Stall (reactors-io-scheduler-ForkJoinPool-1-worker-17) 228.886ms
[12.654s][info][gc          ] Allocation Stall (reactors-io-scheduler-ForkJoinPool-1-worker-14) 228.564ms
[12.654s][info][gc          ] Allocation Stall (main) 228.963ms
[12.654s][info][gc          ] Out Of Memory (reactors-io-scheduler-ForkJoinPool-1-worker-17)
[12.654s][info][gc,start    ] GC(45) Garbage Collection (Allocation Stall)
[12.654s][info][gc          ] Allocation Stall (reactors-io-scheduler-ForkJoinPool-1-worker-9) 228.725ms
[12.654s][info][gc          ] Out Of Memory (main)
[12.655s][info][gc,ref      ] GC(45) Clearing All SoftReferences
[12.655s][info][gc,task     ] GC(45) Using 5 workers
[12.655s][info][gc,ref      ] GC(45) Clearing All SoftReferences
[12.655s][info][gc,phases   ] GC(45) Pause Mark Start 0.024ms
[12.873s][info][gc,phases   ] GC(45) Concurrent Mark 218.278ms
[12.874s][info][gc,phases   ] GC(45) Pause Mark End 0.019ms
[12.874s][info][gc,phases   ] GC(45) Concurrent Mark Free 0.002ms
[12.875s][info][gc,phases   ] GC(45) Concurrent Process Non-Strong References 0.856ms
[12.875s][info][gc,phases   ] GC(45) Concurrent Reset Relocation Set 0.002ms
[12.878s][info][gc,phases   ] GC(45) Concurrent Select Relocation Set 3.523ms
[12.878s][info][gc,phases   ] GC(45) Pause Relocate Start 0.006ms
[12.881s][info][gc,phases   ] GC(45) Concurrent Relocate 2.433ms
[12.881s][info][gc,load     ] GC(45) Load: 0.00/0.00/0.00
[12.881s][info][gc,mmu      ] GC(45) MMU: 2ms/95.6%, 5ms/98.2%, 10ms/99.0%, 20ms/99.5%, 50ms/99.8%, 100ms/99.9%
[12.881s][info][gc,marking  ] GC(45) Mark: 4 stripe(s), 2 proactive flush(es), 1 terminate flush(es), 0 completion(s), 0 continuation(s) 
[12.881s][info][gc,marking  ] GC(45) Mark Stack Usage: 32M
[12.881s][info][gc,nmethod  ] GC(45) NMethods: 1292 registered, 21 unregistered
[12.881s][info][gc,metaspace] GC(45) Metaspace: 15M used, 15M committed, 1088M reserved
[12.881s][info][gc,ref      ] GC(45) Soft: 151 encountered, 43 discovered, 0 enqueued
[12.881s][info][gc,ref      ] GC(45) Weak: 834 encountered, 194 discovered, 0 enqueued
[12.881s][info][gc,ref      ] GC(45) Final: 0 encountered, 0 discovered, 0 enqueued
[12.881s][info][gc,ref      ] GC(45) Phantom: 35 encountered, 28 discovered, 0 enqueued
[12.881s][info][gc,reloc    ] GC(45) Small Pages: 248 / 496M, Empty: 0M, Relocated: 1M, In-Place: 4
[12.881s][info][gc,reloc    ] GC(45) Medium Pages: 1 / 16M, Empty: 0M, Relocated: 0M, In-Place: 0
[12.881s][info][gc,reloc    ] GC(45) Large Pages: 0 / 0M, Empty: 0M, Relocated: 0M, In-Place: 0
[12.881s][info][gc,reloc    ] GC(45) Forwarding Usage: 0M
[12.881s][info][gc,heap     ] GC(45) Min Capacity: 8M(2%)
[12.881s][info][gc,heap     ] GC(45) Max Capacity: 512M(100%)
[12.881s][info][gc,heap     ] GC(45) Soft Max Capacity: 512M(100%)
[12.881s][info][gc,heap     ] GC(45)                Mark Start          Mark End        Relocate Start      Relocate End           High               Low         
[12.881s][info][gc,heap     ] GC(45)  Capacity:      512M (100%)        512M (100%)        512M (100%)        512M (100%)        512M (100%)        512M (100%)   
[12.881s][info][gc,heap     ] GC(45)      Free:        0M (0%)            0M (0%)            0M (0%)            0M (0%)            0M (0%)            0M (0%)     
[12.881s][info][gc,heap     ] GC(45)      Used:      512M (100%)        512M (100%)        512M (100%)        512M (100%)        512M (100%)        512M (100%)   
[12.882s][info][gc,heap     ] GC(45)      Live:         -               393M (77%)         393M (77%)         393M (77%)            -                  -          
[12.882s][info][gc,heap     ] GC(45) Allocated:         -                 0M (0%)            0M (0%)            0M (0%)             -                  -          
[12.882s][info][gc,heap     ] GC(45)   Garbage:         -               118M (23%)         118M (23%)         118M (23%)            -                  -          
[12.882s][info][gc,heap     ] GC(45) Reclaimed:         -                  -                 0M (0%)            0M (0%)             -                  -          
[12.882s][info][gc          ] GC(45) Garbage Collection (Allocation Stall) 512M(100%)->512M(100%)
[12.882s][info][gc          ] Allocation Stall (reactors-io-scheduler-ForkJoinPool-1-worker-29) 455.771ms
[12.882s][info][gc          ] Allocation Stall (reactors-io-scheduler-ForkJoinPool-1-worker-9) 227.178ms
[12.882s][info][gc          ] Allocation Stall (reactors-io-scheduler-ForkJoinPool-1-worker-14) 227.357ms
[12.882s][info][gc,start    ] GC(46) Garbage Collection (Allocation Stall)
[12.882s][info][gc          ] Out Of Memory (reactors-io-scheduler-ForkJoinPool-1-worker-9)
[12.882s][info][gc          ] Out Of Memory (reactors-io-scheduler-ForkJoinPool-1-worker-14)
[12.882s][info][gc,ref      ] GC(46) Clearing All SoftReferences
[12.882s][info][gc,task     ] GC(46) Using 5 workers
[12.882s][info][gc,ref      ] GC(46) Clearing All SoftReferences
[12.882s][info][gc,phases   ] GC(46) Pause Mark Start 0.042ms
[13.123s][info][gc,phases   ] GC(46) Concurrent Mark 241.197ms
[13.124s][info][gc,phases   ] GC(46) Pause Mark End 0.015ms
[13.124s][info][gc,phases   ] GC(46) Concurrent Mark Free 0.001ms
[13.125s][info][gc,phases   ] GC(46) Concurrent Process Non-Strong References 0.940ms
[13.125s][info][gc,phases   ] GC(46) Concurrent Reset Relocation Set 0.002ms
[13.128s][info][gc,phases   ] GC(46) Concurrent Select Relocation Set 3.527ms
[13.128s][info][gc,phases   ] GC(46) Pause Relocate Start 0.005ms
[13.130s][info][gc,phases   ] GC(46) Concurrent Relocate 1.487ms
[13.130s][info][gc,load     ] GC(46) Load: 0.00/0.00/0.00
[13.130s][info][gc,mmu      ] GC(46) MMU: 2ms/95.6%, 5ms/98.2%, 10ms/99.0%, 20ms/99.5%, 50ms/99.8%, 100ms/99.9%
[13.130s][info][gc,marking  ] GC(46) Mark: 4 stripe(s), 2 proactive flush(es), 1 terminate flush(es), 0 completion(s), 0 continuation(s) 
[13.130s][info][gc,marking  ] GC(46) Mark Stack Usage: 32M
[13.130s][info][gc,nmethod  ] GC(46) NMethods: 1292 registered, 21 unregistered
[13.130s][info][gc,metaspace] GC(46) Metaspace: 15M used, 15M committed, 1088M reserved
[13.130s][info][gc,ref      ] GC(46) Soft: 151 encountered, 69 discovered, 0 enqueued
[13.130s][info][gc,ref      ] GC(46) Weak: 833 encountered, 355 discovered, 0 enqueued
[13.130s][info][gc,ref      ] GC(46) Final: 0 encountered, 0 discovered, 0 enqueued
[13.130s][info][gc,ref      ] GC(46) Phantom: 35 encountered, 20 discovered, 0 enqueued
[13.130s][info][gc,reloc    ] GC(46) Small Pages: 248 / 496M, Empty: 0M, Relocated: 1M, In-Place: 4
[13.130s][info][gc,reloc    ] GC(46) Medium Pages: 1 / 16M, Empty: 0M, Relocated: 0M, In-Place: 0
[13.130s][info][gc,reloc    ] GC(46) Large Pages: 0 / 0M, Empty: 0M, Relocated: 0M, In-Place: 0
[13.130s][info][gc,reloc    ] GC(46) Forwarding Usage: 0M
[13.130s][info][gc,heap     ] GC(46) Min Capacity: 8M(2%)
[13.130s][info][gc,heap     ] GC(46) Max Capacity: 512M(100%)
[13.130s][info][gc,heap     ] GC(46) Soft Max Capacity: 512M(100%)
[13.130s][info][gc,heap     ] GC(46)                Mark Start          Mark End        Relocate Start      Relocate End           High               Low         
[13.130s][info][gc,heap     ] GC(46)  Capacity:      512M (100%)        512M (100%)        512M (100%)        512M (100%)        512M (100%)        512M (100%)   
[13.130s][info][gc,heap     ] GC(46)      Free:        0M (0%)            0M (0%)            0M (0%)            0M (0%)            0M (0%)            0M (0%)     
[13.130s][info][gc,heap     ] GC(46)      Used:      512M (100%)        512M (100%)        512M (100%)        512M (100%)        512M (100%)        512M (100%)   
[13.131s][info][gc,heap     ] GC(46)      Live:         -               393M (77%)         393M (77%)         393M (77%)            -                  -          
[13.131s][info][gc,heap     ] GC(46) Allocated:         -                 0M (0%)            0M (0%)            0M (0%)             -                  -          
[13.131s][info][gc,heap     ] GC(46)   Garbage:         -               118M (23%)         118M (23%)         118M (23%)            -                  -          
[13.131s][info][gc,heap     ] GC(46) Reclaimed:         -                  -                 0M (0%)            0M (0%)             -                  -          
[13.131s][info][gc          ] GC(46) Garbage Collection (Allocation Stall) 512M(100%)->512M(100%)
[13.131s][info][gc          ] Allocation Stall (reactors-io-scheduler-ForkJoinPool-1-worker-29) 248.939ms
[13.131s][info][gc          ] Allocation Stall (reactors-io-scheduler-ForkJoinPool-1-worker-23) 248.620ms
[13.131s][info][gc          ] Allocation Stall (main) 475.438ms
[13.131s][info][gc,start    ] GC(47) Garbage Collection (Allocation Stall)
[13.131s][info][gc          ] Out Of Memory (reactors-io-scheduler-ForkJoinPool-1-worker-29)
[13.131s][info][gc,ref      ] GC(47) Clearing All SoftReferences
[13.131s][info][gc,task     ] GC(47) Using 5 workers
[13.131s][info][gc,ref      ] GC(47) Clearing All SoftReferences
[13.131s][info][gc,phases   ] GC(47) Pause Mark Start 0.029ms
[13.358s][info][gc,phases   ] GC(47) Concurrent Mark 226.488ms
[13.358s][info][gc,phases   ] GC(47) Pause Mark End 0.013ms
[13.358s][info][gc,phases   ] GC(47) Concurrent Mark Free 0.001ms
[13.359s][info][gc,phases   ] GC(47) Concurrent Process Non-Strong References 0.928ms
[13.359s][info][gc,phases   ] GC(47) Concurrent Reset Relocation Set 0.001ms
[13.362s][info][gc,phases   ] GC(47) Concurrent Select Relocation Set 3.474ms
[13.363s][info][gc,phases   ] GC(47) Pause Relocate Start 0.005ms
[13.364s][info][gc,phases   ] GC(47) Concurrent Relocate 1.416ms
[13.364s][info][gc,load     ] GC(47) Load: 0.00/0.00/0.00
[13.364s][info][gc,mmu      ] GC(47) MMU: 2ms/95.6%, 5ms/98.2%, 10ms/99.0%, 20ms/99.5%, 50ms/99.8%, 100ms/99.9%
[13.364s][info][gc,marking  ] GC(47) Mark: 4 stripe(s), 3 proactive flush(es), 1 terminate flush(es), 0 completion(s), 0 continuation(s) 
[13.364s][info][gc,marking  ] GC(47) Mark Stack Usage: 32M
[13.364s][info][gc,nmethod  ] GC(47) NMethods: 1292 registered, 21 unregistered
[13.364s][info][gc,metaspace] GC(47) Metaspace: 15M used, 15M committed, 1088M reserved
[13.364s][info][gc,ref      ] GC(47) Soft: 151 encountered, 65 discovered, 0 enqueued
[13.364s][info][gc,ref      ] GC(47) Weak: 832 encountered, 491 discovered, 0 enqueued
[13.364s][info][gc,ref      ] GC(47) Final: 0 encountered, 0 discovered, 0 enqueued
[13.364s][info][gc,ref      ] GC(47) Phantom: 35 encountered, 19 discovered, 0 enqueued
[13.364s][info][gc,reloc    ] GC(47) Small Pages: 248 / 496M, Empty: 0M, Relocated: 1M, In-Place: 4
[13.364s][info][gc,reloc    ] GC(47) Medium Pages: 1 / 16M, Empty: 0M, Relocated: 0M, In-Place: 0
[13.364s][info][gc,reloc    ] GC(47) Large Pages: 0 / 0M, Empty: 0M, Relocated: 0M, In-Place: 0
[13.364s][info][gc,reloc    ] GC(47) Forwarding Usage: 0M
[13.364s][info][gc,heap     ] GC(47) Min Capacity: 8M(2%)
[13.364s][info][gc,heap     ] GC(47) Max Capacity: 512M(100%)
[13.364s][info][gc,heap     ] GC(47) Soft Max Capacity: 512M(100%)
[13.365s][info][gc,heap     ] GC(47)                Mark Start          Mark End        Relocate Start      Relocate End           High               Low         
[13.365s][info][gc,heap     ] GC(47)  Capacity:      512M (100%)        512M (100%)        512M (100%)        512M (100%)        512M (100%)        512M (100%)   
[13.365s][info][gc,heap     ] GC(47)      Free:        0M (0%)            0M (0%)            0M (0%)            0M (0%)            0M (0%)            0M (0%)     
[13.365s][info][gc,heap     ] GC(47)      Used:      512M (100%)        512M (100%)        512M (100%)        512M (100%)        512M (100%)        512M (100%)   
[13.365s][info][gc,heap     ] GC(47)      Live:         -               393M (77%)         393M (77%)         393M (77%)            -                  -          
[13.365s][info][gc,heap     ] GC(47) Allocated:         -                 0M (0%)            0M (0%)            0M (0%)             -                  -          
[13.365s][info][gc,heap     ] GC(47)   Garbage:         -               118M (23%)         118M (23%)         118M (23%)            -                  -          
[13.365s][info][gc,heap     ] GC(47) Reclaimed:         -                  -                 0M (0%)            0M (0%)             -                  -          
[13.365s][info][gc          ] GC(47) Garbage Collection (Allocation Stall) 512M(100%)->512M(100%)
[13.365s][info][gc          ] Allocation Stall (reactors-io-scheduler-ForkJoinPool-1-worker-23) 234.027ms
[13.365s][info][gc          ] Allocation Stall (reactors-io-scheduler-ForkJoinPool-1-worker-9) 482.617ms
[13.365s][info][gc          ] Allocation Stall (main) 233.988ms
[13.365s][info][gc          ] Out Of Memory (reactors-io-scheduler-ForkJoinPool-1-worker-23)
[13.365s][info][gc          ] Allocation Stall (reactors-io-scheduler-ForkJoinPool-1-worker-14) 482.628ms
[13.365s][info][gc,start    ] GC(48) Garbage Collection (Allocation Stall)
[13.365s][info][gc          ] Out Of Memory (main)
[13.365s][info][gc,ref      ] GC(48) Clearing All SoftReferences
[13.365s][info][gc,task     ] GC(48) Using 5 workers
[13.365s][info][gc,ref      ] GC(48) Clearing All SoftReferences
[13.365s][info][gc,phases   ] GC(48) Pause Mark Start 0.028ms
[13.584s][info][gc,phases   ] GC(48) Concurrent Mark 218.786ms
[13.584s][info][gc,phases   ] GC(48) Pause Mark End 0.013ms
[13.584s][info][gc,phases   ] GC(48) Concurrent Mark Free 0.001ms
[13.585s][info][gc,phases   ] GC(48) Concurrent Process Non-Strong References 0.668ms
[13.585s][info][gc,phases   ] GC(48) Concurrent Reset Relocation Set 0.001ms
[13.589s][info][gc,phases   ] GC(48) Concurrent Select Relocation Set 3.435ms
[13.589s][info][gc,phases   ] GC(48) Pause Relocate Start 0.005ms
[13.590s][info][gc,phases   ] GC(48) Concurrent Relocate 1.466ms
[13.590s][info][gc,load     ] GC(48) Load: 0.00/0.00/0.00
[13.590s][info][gc,mmu      ] GC(48) MMU: 2ms/95.6%, 5ms/98.2%, 10ms/99.0%, 20ms/99.5%, 50ms/99.8%, 100ms/99.9%
[13.590s][info][gc,marking  ] GC(48) Mark: 4 stripe(s), 1 proactive flush(es), 1 terminate flush(es), 0 completion(s), 0 continuation(s) 
[13.590s][info][gc,marking  ] GC(48) Mark Stack Usage: 32M
[13.590s][info][gc,nmethod  ] GC(48) NMethods: 1292 registered, 21 unregistered
[13.590s][info][gc,metaspace] GC(48) Metaspace: 15M used, 15M committed, 1088M reserved
[13.590s][info][gc,ref      ] GC(48) Soft: 151 encountered, 46 discovered, 0 enqueued
[13.590s][info][gc,ref      ] GC(48) Weak: 824 encountered, 287 discovered, 0 enqueued
[13.590s][info][gc,ref      ] GC(48) Final: 0 encountered, 0 discovered, 0 enqueued
[13.590s][info][gc,ref      ] GC(48) Phantom: 35 encountered, 18 discovered, 3 enqueued
[13.590s][info][gc,reloc    ] GC(48) Small Pages: 248 / 496M, Empty: 0M, Relocated: 1M, In-Place: 4
[13.590s][info][gc,reloc    ] GC(48) Medium Pages: 1 / 16M, Empty: 0M, Relocated: 0M, In-Place: 0
[13.591s][info][gc,reloc    ] GC(48) Large Pages: 0 / 0M, Empty: 0M, Relocated: 0M, In-Place: 0
[13.591s][info][gc,reloc    ] GC(48) Forwarding Usage: 0M
[13.591s][info][gc,heap     ] GC(48) Min Capacity: 8M(2%)
[13.591s][info][gc,heap     ] GC(48) Max Capacity: 512M(100%)
[13.591s][info][gc,heap     ] GC(48) Soft Max Capacity: 512M(100%)
[13.591s][info][gc,heap     ] GC(48)                Mark Start          Mark End        Relocate Start      Relocate End           High               Low         
[13.591s][info][gc,heap     ] GC(48)  Capacity:      512M (100%)        512M (100%)        512M (100%)        512M (100%)        512M (100%)        512M (100%)   
[13.591s][info][gc,heap     ] GC(48)      Free:        0M (0%)            0M (0%)            0M (0%)            0M (0%)            0M (0%)            0M (0%)     
[13.591s][info][gc,heap     ] GC(48)      Used:      512M (100%)        512M (100%)        512M (100%)        512M (100%)        512M (100%)        512M (100%)   
[13.591s][info][gc,heap     ] GC(48)      Live:         -               393M (77%)         393M (77%)         393M (77%)            -                  -          
[13.591s][info][gc,heap     ] GC(48) Allocated:         -                 0M (0%)            0M (0%)            0M (0%)             -                  -          
[13.591s][info][gc,heap     ] GC(48)   Garbage:         -               118M (23%)         118M (23%)         118M (23%)            -                  -          
[13.591s][info][gc,heap     ] GC(48) Reclaimed:         -                  -                 0M (0%)            0M (0%)             -                  -          
[13.591s][info][gc          ] GC(48) Garbage Collection (Allocation Stall) 512M(100%)->512M(100%)
[13.591s][info][gc,start    ] GC(49) Garbage Collection (Allocation Stall)
[13.591s][info][gc,ref      ] GC(49) Clearing All SoftReferences
[13.591s][info][gc          ] Allocation Stall (reactors-io-scheduler-ForkJoinPool-1-worker-23) 226.088ms
[13.591s][info][gc          ] Allocation Stall (reactors-io-scheduler-ForkJoinPool-1-worker-9) 226.270ms
[13.591s][info][gc,task     ] GC(49) Using 5 workers
[13.591s][info][gc          ] Allocation Stall (reactors-io-scheduler-ForkJoinPool-1-worker-14) 226.137ms
[13.591s][info][gc          ] Out Of Memory (reactors-io-scheduler-ForkJoinPool-1-worker-9)
[13.591s][info][gc          ] Out Of Memory (reactors-io-scheduler-ForkJoinPool-1-worker-14)
[13.592s][info][gc,ref      ] GC(49) Clearing All SoftReferences
[13.592s][info][gc,phases   ] GC(49) Pause Mark Start 0.022ms
[13.818s][info][gc,phases   ] GC(49) Concurrent Mark 226.829ms
[13.819s][info][gc,phases   ] GC(49) Pause Mark End 0.012ms
[13.819s][info][gc,phases   ] GC(49) Concurrent Mark Free 0.001ms
[13.819s][info][gc,phases   ] GC(49) Concurrent Process Non-Strong References 0.814ms
[13.819s][info][gc,phases   ] GC(49) Concurrent Reset Relocation Set 0.001ms
[13.823s][info][gc,phases   ] GC(49) Concurrent Select Relocation Set 3.459ms
[13.823s][info][gc,phases   ] GC(49) Pause Relocate Start 0.004ms
[13.825s][info][gc,phases   ] GC(49) Concurrent Relocate 1.542ms
[13.825s][info][gc,load     ] GC(49) Load: 0.00/0.00/0.00
[13.825s][info][gc,mmu      ] GC(49) MMU: 2ms/95.6%, 5ms/98.2%, 10ms/99.0%, 20ms/99.5%, 50ms/99.8%, 100ms/99.9%
[13.825s][info][gc,marking  ] GC(49) Mark: 4 stripe(s), 2 proactive flush(es), 1 terminate flush(es), 0 completion(s), 0 continuation(s) 
[13.825s][info][gc,marking  ] GC(49) Mark Stack Usage: 32M
[13.825s][info][gc,nmethod  ] GC(49) NMethods: 1292 registered, 21 unregistered
[13.825s][info][gc,metaspace] GC(49) Metaspace: 15M used, 15M committed, 1088M reserved
[13.825s][info][gc,ref      ] GC(49) Soft: 151 encountered, 67 discovered, 0 enqueued
[13.825s][info][gc,ref      ] GC(49) Weak: 823 encountered, 391 discovered, 0 enqueued
[13.825s][info][gc,ref      ] GC(49) Final: 0 encountered, 0 discovered, 0 enqueued
[13.825s][info][gc,ref      ] GC(49) Phantom: 32 encountered, 15 discovered, 0 enqueued
[13.825s][info][gc,reloc    ] GC(49) Small Pages: 248 / 496M, Empty: 0M, Relocated: 1M, In-Place: 4
[13.825s][info][gc,reloc    ] GC(49) Medium Pages: 1 / 16M, Empty: 0M, Relocated: 0M, In-Place: 0
[13.825s][info][gc,reloc    ] GC(49) Large Pages: 0 / 0M, Empty: 0M, Relocated: 0M, In-Place: 0
[13.825s][info][gc,reloc    ] GC(49) Forwarding Usage: 0M
[13.825s][info][gc,heap     ] GC(49) Min Capacity: 8M(2%)
[13.825s][info][gc,heap     ] GC(49) Max Capacity: 512M(100%)
[13.825s][info][gc,heap     ] GC(49) Soft Max Capacity: 512M(100%)
[13.825s][info][gc,heap     ] GC(49)                Mark Start          Mark End        Relocate Start      Relocate End           High               Low         
[13.825s][info][gc,heap     ] GC(49)  Capacity:      512M (100%)        512M (100%)        512M (100%)        512M (100%)        512M (100%)        512M (100%)   
[13.825s][info][gc,heap     ] GC(49)      Free:        0M (0%)            0M (0%)            0M (0%)            0M (0%)            0M (0%)            0M (0%)     
[13.825s][info][gc,heap     ] GC(49)      Used:      512M (100%)        512M (100%)        512M (100%)        512M (100%)        512M (100%)        512M (100%)   
[13.825s][info][gc,heap     ] GC(49)      Live:         -               393M (77%)         393M (77%)         393M (77%)            -                  -          
[13.825s][info][gc,heap     ] GC(49) Allocated:         -                 0M (0%)            0M (0%)            0M (0%)             -                  -          
[13.826s][info][gc,heap     ] GC(49)   Garbage:         -               118M (23%)         118M (23%)         118M (23%)            -                  -          
[13.826s][info][gc,heap     ] GC(49) Reclaimed:         -                  -                 0M (0%)            0M (0%)             -                  -          
[13.826s][info][gc          ] GC(49) Garbage Collection (Allocation Stall) 512M(100%)->512M(100%)
[13.826s][info][gc          ] Allocation Stall (Unknown thread) 459.572ms
[13.826s][info][gc          ] Allocation Stall (reactors-io-scheduler-ForkJoinPool-1-worker-23) 234.415ms
[13.826s][info][gc,start    ] GC(50) Garbage Collection (Allocation Stall)
[13.826s][info][gc          ] Out Of Memory (reactors-io-scheduler-ForkJoinPool-1-worker-23)
[13.826s][info][gc          ] Allocation Stall (Common-Cleaner) 240.275ms
[13.826s][info][gc,ref      ] GC(50) Clearing All SoftReferences
[13.826s][info][gc,task     ] GC(50) Using 5 workers
[13.826s][info][gc,ref      ] GC(50) Clearing All SoftReferences
[13.826s][info][gc,phases   ] GC(50) Pause Mark Start 0.022ms
[13.834s][info][gc,phases   ] GC(50) Concurrent Mark 8.004ms
[13.834s][info][gc,phases   ] GC(50) Pause Mark End 0.010ms
[13.834s][info][gc,phases   ] GC(50) Concurrent Mark Free 0.001ms
[13.835s][info][gc,phases   ] GC(50) Concurrent Process Non-Strong References 0.798ms
[13.835s][info][gc,phases   ] GC(50) Concurrent Reset Relocation Set 0.001ms
[13.835s][info][gc          ] Allocation Stall (Unknown thread) 9.361ms
[13.835s][info][gc          ] Allocation Stall (reactors-io-scheduler-ForkJoinPool-1-worker-23) 9.046ms
[13.835s][info][gc          ] Allocation Stall (Reference Handler) 0.047ms
[13.835s][info][gc          ] Allocation Stall (Common-Cleaner) 9.218ms
[13.835s][info][gc          ] Allocation Stall (reactors-io-scheduler-ForkJoinPool-1-worker-14) 243.215ms
[13.839s][info][gc,phases   ] GC(50) Concurrent Select Relocation Set 3.670ms
[13.839s][info][gc,phases   ] GC(50) Pause Relocate Start 0.006ms
[13.841s][info][gc,phases   ] GC(50) Concurrent Relocate 1.866ms
[13.841s][info][gc,load     ] GC(50) Load: 0.00/0.00/0.00
[13.841s][info][gc,mmu      ] GC(50) MMU: 2ms/95.6%, 5ms/98.2%, 10ms/99.0%, 20ms/99.5%, 50ms/99.8%, 100ms/99.9%
[13.841s][info][gc,marking  ] GC(50) Mark: 4 stripe(s), 2 proactive flush(es), 1 terminate flush(es), 0 completion(s), 0 continuation(s) 
[13.841s][info][gc,marking  ] GC(50) Mark Stack Usage: 32M
[13.841s][info][gc,nmethod  ] GC(50) NMethods: 1296 registered, 21 unregistered
[13.841s][info][gc,metaspace] GC(50) Metaspace: 15M used, 15M committed, 1088M reserved
[13.841s][info][gc,ref      ] GC(50) Soft: 151 encountered, 51 discovered, 0 enqueued
[13.841s][info][gc,ref      ] GC(50) Weak: 822 encountered, 458 discovered, 13 enqueued
[13.841s][info][gc,ref      ] GC(50) Final: 0 encountered, 0 discovered, 0 enqueued
[13.841s][info][gc,ref      ] GC(50) Phantom: 32 encountered, 30 discovered, 1 enqueued
[13.841s][info][gc,reloc    ] GC(50) Small Pages: 248 / 496M, Empty: 450M, Relocated: 2M, In-Place: 0
[13.841s][info][gc,reloc    ] GC(50) Medium Pages: 1 / 16M, Empty: 16M, Relocated: 0M, In-Place: 0
[13.841s][info][gc,reloc    ] GC(50) Large Pages: 0 / 0M, Empty: 0M, Relocated: 0M, In-Place: 0
[13.841s][info][gc,reloc    ] GC(50) Forwarding Usage: 0M
[13.841s][info][gc,heap     ] GC(50) Min Capacity: 8M(2%)
[13.841s][info][gc,heap     ] GC(50) Max Capacity: 512M(100%)
[13.841s][info][gc,heap     ] GC(50) Soft Max Capacity: 512M(100%)
[13.841s][info][gc,heap     ] GC(50)                Mark Start          Mark End        Relocate Start      Relocate End           High               Low         
[13.841s][info][gc,heap     ] GC(50)  Capacity:      512M (100%)        512M (100%)        512M (100%)        512M (100%)        512M (100%)        512M (100%)   
[13.841s][info][gc,heap     ] GC(50)      Free:        0M (0%)            0M (0%)          464M (91%)         496M (97%)         496M (97%)           0M (0%)     
[13.842s][info][gc,heap     ] GC(50)      Used:      512M (100%)        512M (100%)         48M (9%)           16M (3%)          512M (100%)         16M (3%)     
[13.842s][info][gc,heap     ] GC(50)      Live:         -                 4M (1%)            4M (1%)            4M (1%)             -                  -          
[13.842s][info][gc,heap     ] GC(50) Allocated:         -                 0M (0%)            2M (0%)            3M (1%)             -                  -          
[13.842s][info][gc,heap     ] GC(50)   Garbage:         -               507M (99%)          41M (8%)            7M (1%)             -                  -          
[13.842s][info][gc,heap     ] GC(50) Reclaimed:         -                  -               466M (91%)         499M (98%)            -                  -          
[13.842s][info][gc          ] GC(50) Garbage Collection (Allocation Stall) 512M(100%)->16M(3%)
[13.847s][info][gc,heap,exit] Heap
[13.847s][info][gc,heap,exit]  ZHeap           used 16M, capacity 512M, max capacity 512M
[13.847s][info][gc,heap,exit]  Metaspace       used 16012K, committed 16320K, reserved 1114112K
[13.847s][info][gc,heap,exit]   class space    used 2284K, committed 2432K, reserved 1048576K
