[0.017s][info][gc,init] Initializing The Z Garbage Collector
[0.017s][info][gc,init] Version: 20+36-2344 (release)
[0.017s][info][gc,init] NUMA Support: Disabled
[0.017s][info][gc,init] CPUs: 48 total, 48 available
[0.018s][info][gc,init] Memory: 391843M
[0.018s][info][gc,init] Large Page Support: Disabled
[0.018s][info][gc,init] GC Workers: 12 (dynamic)
[0.019s][info][gc,init] Address Space Type: Contiguous/Unrestricted/Complete
[0.019s][info][gc,init] Address Space Size: 65536M x 3 = 196608M
[0.019s][info][gc,init] Min Capacity: 8M
[0.020s][info][gc,init] Initial Capacity: 2048M
[0.038s][info][gc,init] Max Capacity: 4096M
[0.038s][info][gc,init] Medium Page Size: 32M
[0.038s][info][gc,init] Pre-touch: Disabled
[0.039s][info][gc,init] Uncommit: Enabled
[0.039s][info][gc,init] Uncommit Delay: 300s
[0.119s][info][gc,init] Runtime Workers: 29
[0.122s][info][gc     ] Using The Z Garbage Collector
[0.123s][info][gc,metaspace] CDS archive(s) mapped at: [0x0000000800000000-0x0000000800c60000-0x0000000800c60000), size 12976128, SharedBaseAddress: 0x0000000800000000, ArchiveRelocationMode: 0.
[0.123s][info][gc,metaspace] Compressed class space mapped at: 0x0000000801000000-0x0000000841000000, reserved size: 1073741824
[0.123s][info][gc,metaspace] Narrow klass base: 0x0000000800000000, Narrow klass shift: 0, Narrow klass range: 0x100000000
[1.489s][info][gc,start    ] GC(0) Garbage Collection (System.gc())
[1.489s][info][gc,task     ] GC(0) Using 12 workers
[1.489s][info][gc,phases   ] GC(0) Pause Mark Start 0.017ms
[1.504s][info][gc,phases   ] GC(0) Concurrent Mark 15.001ms
[1.504s][info][gc,phases   ] GC(0) Pause Mark End 0.034ms
[1.504s][info][gc,phases   ] GC(0) Concurrent Mark Free 0.001ms
[1.505s][info][gc,phases   ] GC(0) Concurrent Process Non-Strong References 1.089ms
[1.505s][info][gc,phases   ] GC(0) Concurrent Reset Relocation Set 0.001ms
[1.521s][info][gc,phases   ] GC(0) Concurrent Select Relocation Set 15.499ms
[1.521s][info][gc,phases   ] GC(0) Pause Relocate Start 0.020ms
[1.525s][info][gc,phases   ] GC(0) Concurrent Relocate 4.056ms
[1.525s][info][gc,load     ] GC(0) Load: 0.00/0.00/0.00
[1.525s][info][gc,mmu      ] GC(0) MMU: 2ms/98.3%, 5ms/99.3%, 10ms/99.7%, 20ms/99.7%, 50ms/99.9%, 100ms/99.9%
[1.525s][info][gc,marking  ] GC(0) Mark: 8 stripe(s), 2 proactive flush(es), 1 terminate flush(es), 0 completion(s), 0 continuation(s) 
[1.525s][info][gc,marking  ] GC(0) Mark Stack Usage: 32M
[1.525s][info][gc,nmethod  ] GC(0) NMethods: 1154 registered, 136 unregistered
[1.525s][info][gc,metaspace] GC(0) Metaspace: 13M used, 14M committed, 1088M reserved
[1.525s][info][gc,ref      ] GC(0) Soft: 194 encountered, 0 discovered, 0 enqueued
[1.525s][info][gc,ref      ] GC(0) Weak: 899 encountered, 488 discovered, 283 enqueued
[1.525s][info][gc,ref      ] GC(0) Final: 0 encountered, 0 discovered, 0 enqueued
[1.525s][info][gc,ref      ] GC(0) Phantom: 242 encountered, 226 discovered, 207 enqueued
[1.526s][info][gc,reloc    ] GC(0) Small Pages: 29 / 58M, Empty: 0M, Relocated: 3M, In-Place: 0
[1.526s][info][gc,reloc    ] GC(0) Medium Pages: 0 / 0M, Empty: 0M, Relocated: 0M, In-Place: 0
[1.526s][info][gc,reloc    ] GC(0) Large Pages: 0 / 0M, Empty: 0M, Relocated: 0M, In-Place: 0
[1.526s][info][gc,reloc    ] GC(0) Forwarding Usage: 1M
[1.526s][info][gc,heap     ] GC(0) Min Capacity: 8M(0%)
[1.526s][info][gc,heap     ] GC(0) Max Capacity: 4096M(100%)
[1.526s][info][gc,heap     ] GC(0) Soft Max Capacity: 4096M(100%)
[1.526s][info][gc,heap     ] GC(0)                Mark Start          Mark End        Relocate Start      Relocate End           High               Low         
[1.526s][info][gc,heap     ] GC(0)  Capacity:     2048M (50%)        2048M (50%)        2048M (50%)        2048M (50%)        2048M (50%)        2048M (50%)    
[1.526s][info][gc,heap     ] GC(0)      Free:     4038M (99%)        4038M (99%)        4034M (98%)        4064M (99%)        4064M (99%)        4020M (98%)    
[1.526s][info][gc,heap     ] GC(0)      Used:       58M (1%)           58M (1%)           62M (2%)           32M (1%)           76M (2%)           32M (1%)     
[1.526s][info][gc,heap     ] GC(0)      Live:         -                 5M (0%)            5M (0%)            5M (0%)             -                  -          
[1.526s][info][gc,heap     ] GC(0) Allocated:         -                 0M (0%)            4M (0%)            4M (0%)             -                  -          
[1.526s][info][gc,heap     ] GC(0)   Garbage:         -                52M (1%)           52M (1%)           22M (1%)             -                  -          
[1.526s][info][gc,heap     ] GC(0) Reclaimed:         -                  -                 0M (0%)           30M (1%)             -                  -          
[1.526s][info][gc          ] GC(0) Garbage Collection (System.gc()) 58M(1%)->32M(1%)
[4.257s][info][gc,start    ] GC(1) Garbage Collection (Warmup)
[4.257s][info][gc,task     ] GC(1) Using 12 workers
[4.257s][info][gc,phases   ] GC(1) Pause Mark Start 0.011ms
[4.398s][info][gc,phases   ] GC(1) Concurrent Mark 140.089ms
[4.398s][info][gc,phases   ] GC(1) Pause Mark End 0.024ms
[4.440s][info][gc,phases   ] GC(1) Concurrent Mark Free 0.002ms
[4.494s][info][gc,phases   ] GC(1) Concurrent Process Non-Strong References 53.633ms
[4.494s][info][gc,phases   ] GC(1) Concurrent Reset Relocation Set 0.006ms
[4.576s][info][gc,phases   ] GC(1) Concurrent Select Relocation Set 81.981ms
[4.576s][info][gc,phases   ] GC(1) Pause Relocate Start 0.009ms
[4.582s][info][gc,phases   ] GC(1) Concurrent Relocate 5.390ms
[4.582s][info][gc,load     ] GC(1) Load: 0.00/0.00/0.00
[4.582s][info][gc,mmu      ] GC(1) MMU: 2ms/98.3%, 5ms/99.3%, 10ms/99.7%, 20ms/99.7%, 50ms/99.9%, 100ms/99.9%
[4.582s][info][gc,marking  ] GC(1) Mark: 8 stripe(s), 3 proactive flush(es), 1 terminate flush(es), 0 completion(s), 0 continuation(s) 
[4.582s][info][gc,marking  ] GC(1) Mark Stack Usage: 32M
[4.582s][info][gc,nmethod  ] GC(1) NMethods: 2119 registered, 354 unregistered
[4.582s][info][gc,metaspace] GC(1) Metaspace: 15M used, 15M committed, 1088M reserved
[4.582s][info][gc,ref      ] GC(1) Soft: 231 encountered, 0 discovered, 0 enqueued
[4.582s][info][gc,ref      ] GC(1) Weak: 953 encountered, 149 discovered, 95 enqueued
[4.582s][info][gc,ref      ] GC(1) Final: 0 encountered, 0 discovered, 0 enqueued
[4.582s][info][gc,ref      ] GC(1) Phantom: 75 encountered, 58 discovered, 40 enqueued
[4.582s][info][gc,reloc    ] GC(1) Small Pages: 212 / 424M, Empty: 92M, Relocated: 6M, In-Place: 0
[4.582s][info][gc,reloc    ] GC(1) Medium Pages: 0 / 0M, Empty: 0M, Relocated: 0M, In-Place: 0
[4.582s][info][gc,reloc    ] GC(1) Large Pages: 0 / 0M, Empty: 0M, Relocated: 0M, In-Place: 0
[4.582s][info][gc,reloc    ] GC(1) Forwarding Usage: 2M
[4.582s][info][gc,heap     ] GC(1) Min Capacity: 8M(0%)
[4.582s][info][gc,heap     ] GC(1) Max Capacity: 4096M(100%)
[4.582s][info][gc,heap     ] GC(1) Soft Max Capacity: 4096M(100%)
[4.582s][info][gc,heap     ] GC(1)                Mark Start          Mark End        Relocate Start      Relocate End           High               Low         
[4.582s][info][gc,heap     ] GC(1)  Capacity:     2048M (50%)        2048M (50%)        2048M (50%)        2048M (50%)        2048M (50%)        2048M (50%)    
[4.582s][info][gc,heap     ] GC(1)      Free:     3672M (90%)        3422M (84%)        3246M (79%)        3542M (86%)        3672M (90%)        3232M (79%)    
[4.582s][info][gc,heap     ] GC(1)      Used:      424M (10%)         674M (16%)         850M (21%)         554M (14%)         864M (21%)         424M (10%)    
[4.582s][info][gc,heap     ] GC(1)      Live:         -                 8M (0%)            8M (0%)            8M (0%)             -                  -          
[4.582s][info][gc,heap     ] GC(1) Allocated:         -               250M (6%)          518M (13%)         527M (13%)            -                  -          
[4.582s][info][gc,heap     ] GC(1)   Garbage:         -               415M (10%)         323M (8%)           17M (0%)             -                  -          
[4.582s][info][gc,heap     ] GC(1) Reclaimed:         -                  -                92M (2%)          397M (10%)            -                  -          
[4.583s][info][gc          ] GC(1) Garbage Collection (Warmup) 424M(10%)->554M(14%)
[4.755s][info][gc,start    ] GC(2) Garbage Collection (Warmup)
[4.756s][info][gc,task     ] GC(2) Using 12 workers
[4.756s][info][gc,phases   ] GC(2) Pause Mark Start 0.013ms
[4.896s][info][gc,phases   ] GC(2) Concurrent Mark 139.863ms
[4.896s][info][gc,phases   ] GC(2) Pause Mark End 0.024ms
[4.912s][info][gc,phases   ] GC(2) Concurrent Mark Free 0.002ms
[4.940s][info][gc,phases   ] GC(2) Concurrent Process Non-Strong References 28.267ms
[4.940s][info][gc,phases   ] GC(2) Concurrent Reset Relocation Set 0.031ms
[5.067s][info][gc,phases   ] GC(2) Concurrent Select Relocation Set 127.111ms
[5.068s][info][gc,phases   ] GC(2) Pause Relocate Start 0.008ms
[5.096s][info][gc,phases   ] GC(2) Concurrent Relocate 28.506ms
[5.096s][info][gc,load     ] GC(2) Load: 0.00/0.00/0.00
[5.096s][info][gc,mmu      ] GC(2) MMU: 2ms/98.3%, 5ms/99.3%, 10ms/99.7%, 20ms/99.7%, 50ms/99.9%, 100ms/99.9%
[5.096s][info][gc,marking  ] GC(2) Mark: 8 stripe(s), 3 proactive flush(es), 1 terminate flush(es), 0 completion(s), 0 continuation(s) 
[5.096s][info][gc,marking  ] GC(2) Mark Stack Usage: 32M
[5.096s][info][gc,nmethod  ] GC(2) NMethods: 2106 registered, 405 unregistered
[5.096s][info][gc,metaspace] GC(2) Metaspace: 15M used, 15M committed, 1088M reserved
[5.096s][info][gc,ref      ] GC(2) Soft: 231 encountered, 0 discovered, 0 enqueued
[5.096s][info][gc,ref      ] GC(2) Weak: 858 encountered, 140 discovered, 0 enqueued
[5.096s][info][gc,ref      ] GC(2) Final: 0 encountered, 0 discovered, 0 enqueued
[5.097s][info][gc,ref      ] GC(2) Phantom: 35 encountered, 22 discovered, 0 enqueued
[5.097s][info][gc,reloc    ] GC(2) Small Pages: 509 / 1018M, Empty: 558M, Relocated: 6M, In-Place: 0
[5.097s][info][gc,reloc    ] GC(2) Medium Pages: 0 / 0M, Empty: 0M, Relocated: 0M, In-Place: 0
[5.097s][info][gc,reloc    ] GC(2) Large Pages: 0 / 0M, Empty: 0M, Relocated: 0M, In-Place: 0
[5.097s][info][gc,reloc    ] GC(2) Forwarding Usage: 2M
[5.097s][info][gc,heap     ] GC(2) Min Capacity: 8M(0%)
[5.097s][info][gc,heap     ] GC(2) Max Capacity: 4096M(100%)
[5.097s][info][gc,heap     ] GC(2) Soft Max Capacity: 4096M(100%)
[5.097s][info][gc,heap     ] GC(2)                Mark Start          Mark End        Relocate Start      Relocate End           High               Low         
[5.097s][info][gc,heap     ] GC(2)  Capacity:     2048M (50%)        2048M (50%)        2048M (50%)        2048M (50%)        2048M (50%)        2048M (50%)    
[5.097s][info][gc,heap     ] GC(2)      Free:     3078M (75%)        2836M (69%)        3162M (77%)        3534M (86%)        3580M (87%)        2782M (68%)    
[5.097s][info][gc,heap     ] GC(2)      Used:     1018M (25%)        1260M (31%)         934M (23%)         562M (14%)        1314M (32%)         516M (13%)    
[5.097s][info][gc,heap     ] GC(2)      Live:         -                 8M (0%)            8M (0%)            8M (0%)             -                  -          
[5.097s][info][gc,heap     ] GC(2) Allocated:         -               242M (6%)          474M (12%)         533M (13%)            -                  -          
[5.097s][info][gc,heap     ] GC(2)   Garbage:         -              1009M (25%)         451M (11%)          19M (0%)             -                  -          
[5.097s][info][gc,heap     ] GC(2) Reclaimed:         -                  -               558M (14%)         989M (24%)            -                  -          
[5.097s][info][gc          ] GC(2) Garbage Collection (Warmup) 1018M(25%)->562M(14%)
[5.146s][info][gc,start    ] GC(3) Garbage Collection (Allocation Rate)
[5.146s][info][gc,task     ] GC(3) Using 12 workers
[5.146s][info][gc,phases   ] GC(3) Pause Mark Start 0.010ms
[5.552s][info][gc,phases   ] GC(3) Concurrent Mark 324.257ms
[5.552s][info][gc,phases   ] GC(3) Pause Mark End 0.019ms
[5.554s][info][gc,phases   ] GC(3) Concurrent Mark Free 0.001ms
[5.559s][info][gc,phases   ] GC(3) Concurrent Process Non-Strong References 4.970ms
[5.559s][info][gc,phases   ] GC(3) Concurrent Reset Relocation Set 0.036ms
[5.565s][info][gc,phases   ] GC(3) Concurrent Select Relocation Set 6.231ms
[5.565s][info][gc,phases   ] GC(3) Pause Relocate Start 0.007ms
[5.723s][info][gc,phases   ] GC(3) Concurrent Relocate 30.096ms
[5.723s][info][gc,load     ] GC(3) Load: 0.00/0.00/0.00
[5.723s][info][gc,mmu      ] GC(3) MMU: 2ms/98.3%, 5ms/99.3%, 10ms/99.7%, 20ms/99.7%, 50ms/99.9%, 100ms/99.9%
[5.723s][info][gc,marking  ] GC(3) Mark: 8 stripe(s), 2 proactive flush(es), 1 terminate flush(es), 0 completion(s), 0 continuation(s) 
[5.723s][info][gc,marking  ] GC(3) Mark Stack Usage: 32M
[5.723s][info][gc,nmethod  ] GC(3) NMethods: 2106 registered, 406 unregistered
[5.723s][info][gc,metaspace] GC(3) Metaspace: 15M used, 15M committed, 1088M reserved
[5.723s][info][gc,ref      ] GC(3) Soft: 231 encountered, 0 discovered, 0 enqueued
[5.723s][info][gc,ref      ] GC(3) Weak: 858 encountered, 212 discovered, 0 enqueued
[5.723s][info][gc,ref      ] GC(3) Final: 0 encountered, 0 discovered, 0 enqueued
[5.723s][info][gc,ref      ] GC(3) Phantom: 35 encountered, 24 discovered, 0 enqueued
[5.723s][info][gc,reloc    ] GC(3) Small Pages: 407 / 814M, Empty: 390M, Relocated: 6M, In-Place: 0
[5.723s][info][gc,reloc    ] GC(3) Medium Pages: 0 / 0M, Empty: 0M, Relocated: 0M, In-Place: 0
[5.723s][info][gc,reloc    ] GC(3) Large Pages: 0 / 0M, Empty: 0M, Relocated: 0M, In-Place: 0
[5.723s][info][gc,reloc    ] GC(3) Forwarding Usage: 2M
[5.723s][info][gc,heap     ] GC(3) Min Capacity: 8M(0%)
[5.723s][info][gc,heap     ] GC(3) Max Capacity: 4096M(100%)
[5.723s][info][gc,heap     ] GC(3) Soft Max Capacity: 4096M(100%)
[5.723s][info][gc,heap     ] GC(3)                Mark Start          Mark End        Relocate Start      Relocate End           High               Low         
[5.723s][info][gc,heap     ] GC(3)  Capacity:     2048M (50%)        2048M (50%)        2048M (50%)        2048M (50%)        2048M (50%)        2048M (50%)    
[5.723s][info][gc,heap     ] GC(3)      Free:     3282M (80%)        2276M (56%)        2632M (64%)        2728M (67%)        3282M (80%)        2256M (55%)    
[5.723s][info][gc,heap     ] GC(3)      Used:      814M (20%)        1820M (44%)        1464M (36%)        1368M (33%)        1840M (45%)         814M (20%)    
[5.723s][info][gc,heap     ] GC(3)      Live:         -                 8M (0%)            8M (0%)            8M (0%)             -                  -          
[5.723s][info][gc,heap     ] GC(3) Allocated:         -              1006M (25%)        1040M (25%)        1341M (33%)            -                  -          
[5.723s][info][gc,heap     ] GC(3)   Garbage:         -               805M (20%)         415M (10%)          17M (0%)             -                  -          
[5.723s][info][gc,heap     ] GC(3) Reclaimed:         -                  -               390M (10%)         787M (19%)            -                  -          
[5.723s][info][gc          ] GC(3) Garbage Collection (Allocation Rate) 814M(20%)->1368M(33%)
[5.755s][info][gc,start    ] GC(4) Garbage Collection (Warmup)
[5.755s][info][gc,task     ] GC(4) Using 12 workers
[5.756s][info][gc,phases   ] GC(4) Pause Mark Start 0.011ms
[5.865s][info][gc,phases   ] GC(4) Concurrent Mark 84.817ms
[5.865s][info][gc,phases   ] GC(4) Pause Mark End 0.024ms
[5.914s][info][gc,phases   ] GC(4) Concurrent Mark Free 0.001ms
[5.987s][info][gc,phases   ] GC(4) Concurrent Process Non-Strong References 72.793ms
[5.987s][info][gc,phases   ] GC(4) Concurrent Reset Relocation Set 0.043ms
[6.136s][info][gc,phases   ] GC(4) Concurrent Select Relocation Set 148.744ms
[6.136s][info][gc,phases   ] GC(4) Pause Relocate Start 0.009ms
[6.184s][info][gc,phases   ] GC(4) Concurrent Relocate 25.713ms
[6.185s][info][gc,load     ] GC(4) Load: 0.00/0.00/0.00
[6.185s][info][gc,mmu      ] GC(4) MMU: 2ms/98.3%, 5ms/99.3%, 10ms/99.7%, 20ms/99.7%, 50ms/99.9%, 100ms/99.9%
[6.185s][info][gc,marking  ] GC(4) Mark: 8 stripe(s), 2 proactive flush(es), 1 terminate flush(es), 0 completion(s), 0 continuation(s) 
[6.185s][info][gc,marking  ] GC(4) Mark Stack Usage: 32M
[6.185s][info][gc,nmethod  ] GC(4) NMethods: 2105 registered, 407 unregistered
[6.185s][info][gc,metaspace] GC(4) Metaspace: 15M used, 15M committed, 1088M reserved
[6.185s][info][gc,ref      ] GC(4) Soft: 231 encountered, 0 discovered, 0 enqueued
[6.185s][info][gc,ref      ] GC(4) Weak: 858 encountered, 121 discovered, 0 enqueued
[6.185s][info][gc,ref      ] GC(4) Final: 0 encountered, 0 discovered, 0 enqueued
[6.185s][info][gc,ref      ] GC(4) Phantom: 35 encountered, 25 discovered, 0 enqueued
[6.185s][info][gc,reloc    ] GC(4) Small Pages: 809 / 1618M, Empty: 1128M, Relocated: 6M, In-Place: 0
[6.185s][info][gc,reloc    ] GC(4) Medium Pages: 0 / 0M, Empty: 0M, Relocated: 0M, In-Place: 0
[6.185s][info][gc,reloc    ] GC(4) Large Pages: 0 / 0M, Empty: 0M, Relocated: 0M, In-Place: 0
[6.185s][info][gc,reloc    ] GC(4) Forwarding Usage: 2M
[6.185s][info][gc,heap     ] GC(4) Min Capacity: 8M(0%)
[6.185s][info][gc,heap     ] GC(4) Max Capacity: 4096M(100%)
[6.185s][info][gc,heap     ] GC(4) Soft Max Capacity: 4096M(100%)
[6.185s][info][gc,heap     ] GC(4)                Mark Start          Mark End        Relocate Start      Relocate End           High               Low         
[6.185s][info][gc,heap     ] GC(4)  Capacity:     2048M (50%)        2048M (50%)        2168M (53%)        2168M (53%)        2168M (53%)        2048M (50%)    
[6.185s][info][gc,heap     ] GC(4)      Free:     2478M (60%)        2098M (51%)        2870M (70%)        3252M (79%)        3288M (80%)        1928M (47%)    
[6.185s][info][gc,heap     ] GC(4)      Used:     1618M (40%)        1998M (49%)        1226M (30%)         844M (21%)        2168M (53%)         808M (20%)    
[6.185s][info][gc,heap     ] GC(4)      Live:         -                 8M (0%)            8M (0%)            8M (0%)             -                  -          
[6.185s][info][gc,heap     ] GC(4) Allocated:         -               380M (9%)          736M (18%)         817M (20%)            -                  -          
[6.185s][info][gc,heap     ] GC(4)   Garbage:         -              1609M (39%)         481M (12%)          17M (0%)             -                  -          
[6.185s][info][gc,heap     ] GC(4) Reclaimed:         -                  -              1128M (28%)        1591M (39%)            -                  -          
[6.185s][info][gc          ] GC(4) Garbage Collection (Warmup) 1618M(40%)->844M(21%)
[6.253s][info][gc,start    ] GC(5) Garbage Collection (Allocation Rate)
[6.253s][info][gc,task     ] GC(5) Using 12 workers
[6.253s][info][gc,phases   ] GC(5) Pause Mark Start 0.009ms
[6.284s][info][gc,phases   ] GC(5) Concurrent Mark 30.963ms
[6.284s][info][gc,phases   ] GC(5) Pause Mark End 0.026ms
[6.284s][info][gc,phases   ] GC(5) Concurrent Mark Free 0.001ms
[6.290s][info][gc,phases   ] GC(5) Concurrent Process Non-Strong References 6.114ms
[6.290s][info][gc,phases   ] GC(5) Concurrent Reset Relocation Set 0.036ms
[6.294s][info][gc,phases   ] GC(5) Concurrent Select Relocation Set 3.968ms
[6.294s][info][gc,phases   ] GC(5) Pause Relocate Start 0.007ms
[6.300s][info][gc,phases   ] GC(5) Concurrent Relocate 5.070ms
[6.300s][info][gc,load     ] GC(5) Load: 0.00/0.00/0.00
[6.300s][info][gc,mmu      ] GC(5) MMU: 2ms/98.3%, 5ms/99.3%, 10ms/99.7%, 20ms/99.7%, 50ms/99.9%, 100ms/99.9%
[6.300s][info][gc,marking  ] GC(5) Mark: 8 stripe(s), 4 proactive flush(es), 1 terminate flush(es), 0 completion(s), 0 continuation(s) 
[6.300s][info][gc,marking  ] GC(5) Mark Stack Usage: 32M
[6.300s][info][gc,nmethod  ] GC(5) NMethods: 2177 registered, 428 unregistered
[6.300s][info][gc,metaspace] GC(5) Metaspace: 15M used, 15M committed, 1088M reserved
[6.300s][info][gc,ref      ] GC(5) Soft: 232 encountered, 0 discovered, 0 enqueued
[6.300s][info][gc,ref      ] GC(5) Weak: 923 encountered, 145 discovered, 54 enqueued
[6.300s][info][gc,ref      ] GC(5) Final: 0 encountered, 0 discovered, 0 enqueued
[6.300s][info][gc,ref      ] GC(5) Phantom: 86 encountered, 72 discovered, 51 enqueued
[6.300s][info][gc,reloc    ] GC(5) Small Pages: 473 / 946M, Empty: 738M, Relocated: 3M, In-Place: 0
[6.300s][info][gc,reloc    ] GC(5) Medium Pages: 1 / 32M, Empty: 0M, Relocated: 0M, In-Place: 0
[6.300s][info][gc,reloc    ] GC(5) Large Pages: 0 / 0M, Empty: 0M, Relocated: 0M, In-Place: 0
[6.300s][info][gc,reloc    ] GC(5) Forwarding Usage: 1M
[6.300s][info][gc,heap     ] GC(5) Min Capacity: 8M(0%)
[6.300s][info][gc,heap     ] GC(5) Max Capacity: 4096M(100%)
[6.300s][info][gc,heap     ] GC(5) Soft Max Capacity: 4096M(100%)
[6.300s][info][gc,heap     ] GC(5)                Mark Start          Mark End        Relocate Start      Relocate End           High               Low         
[6.300s][info][gc,heap     ] GC(5)  Capacity:     2200M (54%)        2200M (54%)        2200M (54%)        2200M (54%)        2200M (54%)        2200M (54%)    
[6.300s][info][gc,heap     ] GC(5)      Free:     3118M (76%)        3086M (75%)        3812M (93%)        3970M (97%)        3970M (97%)        3080M (75%)    
[6.300s][info][gc,heap     ] GC(5)      Used:      978M (24%)        1010M (25%)         284M (7%)          126M (3%)         1016M (25%)         126M (3%)     
[6.300s][info][gc,heap     ] GC(5)      Live:         -                16M (0%)           16M (0%)           16M (0%)             -                  -          
[6.300s][info][gc,heap     ] GC(5) Allocated:         -                32M (1%)           44M (1%)           55M (1%)             -                  -          
[6.300s][info][gc,heap     ] GC(5)   Garbage:         -               961M (23%)         223M (5%)           53M (1%)             -                  -          
[6.300s][info][gc,heap     ] GC(5) Reclaimed:         -                  -               738M (18%)         907M (22%)            -                  -          
[6.300s][info][gc          ] GC(5) Garbage Collection (Allocation Rate) 978M(24%)->126M(3%)
[6.649s][info][gc,start    ] GC(6) Garbage Collection (Allocation Rate)
[6.649s][info][gc,task     ] GC(6) Using 9 workers
[6.650s][info][gc,phases   ] GC(6) Pause Mark Start 0.016ms
[6.746s][info][gc,phases   ] GC(6) Concurrent Mark 95.842ms
[6.746s][info][gc,phases   ] GC(6) Pause Mark End 0.017ms
[6.746s][info][gc,phases   ] GC(6) Concurrent Mark Free 0.001ms
[6.747s][info][gc,phases   ] GC(6) Concurrent Process Non-Strong References 0.867ms
[6.747s][info][gc,phases   ] GC(6) Concurrent Reset Relocation Set 0.013ms
[6.755s][info][gc,phases   ] GC(6) Concurrent Select Relocation Set 8.174ms
[6.755s][info][gc,phases   ] GC(6) Pause Relocate Start 0.007ms
[6.764s][info][gc,phases   ] GC(6) Concurrent Relocate 8.727ms
[6.764s][info][gc,load     ] GC(6) Load: 0.00/0.00/0.00
[6.764s][info][gc,mmu      ] GC(6) MMU: 2ms/98.3%, 5ms/99.3%, 10ms/99.7%, 20ms/99.7%, 50ms/99.9%, 100ms/99.9%
[6.764s][info][gc,marking  ] GC(6) Mark: 8 stripe(s), 2 proactive flush(es), 1 terminate flush(es), 0 completion(s), 0 continuation(s) 
[6.764s][info][gc,marking  ] GC(6) Mark Stack Usage: 32M
[6.764s][info][gc,nmethod  ] GC(6) NMethods: 2176 registered, 447 unregistered
[6.764s][info][gc,metaspace] GC(6) Metaspace: 15M used, 15M committed, 1088M reserved
[6.764s][info][gc,ref      ] GC(6) Soft: 232 encountered, 0 discovered, 0 enqueued
[6.764s][info][gc,ref      ] GC(6) Weak: 869 encountered, 67 discovered, 0 enqueued
[6.764s][info][gc,ref      ] GC(6) Final: 0 encountered, 0 discovered, 0 enqueued
[6.764s][info][gc,ref      ] GC(6) Phantom: 35 encountered, 25 discovered, 0 enqueued
[6.764s][info][gc,reloc    ] GC(6) Small Pages: 226 / 452M, Empty: 2M, Relocated: 15M, In-Place: 0
[6.764s][info][gc,reloc    ] GC(6) Medium Pages: 1 / 32M, Empty: 0M, Relocated: 0M, In-Place: 0
[6.764s][info][gc,reloc    ] GC(6) Large Pages: 0 / 0M, Empty: 0M, Relocated: 0M, In-Place: 0
[6.764s][info][gc,reloc    ] GC(6) Forwarding Usage: 10M
[6.764s][info][gc,heap     ] GC(6) Min Capacity: 8M(0%)
[6.764s][info][gc,heap     ] GC(6) Max Capacity: 4096M(100%)
[6.764s][info][gc,heap     ] GC(6) Soft Max Capacity: 4096M(100%)
[6.764s][info][gc,heap     ] GC(6)                Mark Start          Mark End        Relocate Start      Relocate End           High               Low         
[6.764s][info][gc,heap     ] GC(6)  Capacity:     2200M (54%)        2200M (54%)        2200M (54%)        2200M (54%)        2200M (54%)        2200M (54%)    
[6.765s][info][gc,heap     ] GC(6)      Free:     3612M (88%)        3486M (85%)        3478M (85%)        3580M (87%)        3612M (88%)        3460M (84%)    
[6.765s][info][gc,heap     ] GC(6)      Used:      484M (12%)         610M (15%)         618M (15%)         516M (13%)         636M (16%)         484M (12%)    
[6.765s][info][gc,heap     ] GC(6)      Live:         -               246M (6%)          246M (6%)          246M (6%)             -                  -          
[6.765s][info][gc,heap     ] GC(6) Allocated:         -               126M (3%)          136M (3%)          139M (3%)             -                  -          
[6.765s][info][gc,heap     ] GC(6)   Garbage:         -               237M (6%)          235M (6%)          129M (3%)             -                  -          
[6.765s][info][gc,heap     ] GC(6) Reclaimed:         -                  -                 2M (0%)          107M (3%)             -                  -          
[6.765s][info][gc          ] GC(6) Garbage Collection (Allocation Rate) 484M(12%)->516M(13%)
[10.150s][info][gc,stats    ] === Garbage Collection Statistics =======================================================================================================================
[10.150s][info][gc,stats    ]                                                              Last 10s              Last 10m              Last 10h                Total
[10.150s][info][gc,stats    ]                                                              Avg / Max             Avg / Max             Avg / Max             Avg / Max
[10.150s][info][gc,stats    ]   Collector: Garbage Collection Cycle                    267.250 / 577.032     267.250 / 577.032     267.250 / 577.032     267.250 / 577.032     ms
[10.150s][info][gc,stats    ]  Contention: Mark Segment Reset Contention                     4 / 32                4 / 32                4 / 32                4 / 32          ops/s
[10.150s][info][gc,stats    ]  Contention: Mark SeqNum Reset Contention                      0 / 2                 0 / 2                 0 / 2                 0 / 2           ops/s
[10.150s][info][gc,stats    ]    Critical: Allocation Stall                                  0 / 0                 0 / 0                 0 / 0                 0 / 0           ops/s
[10.150s][info][gc,stats    ]    Critical: Allocation Stall                              0.000 / 0.000         0.000 / 0.000         0.000 / 0.000         0.000 / 0.000       ms
[10.150s][info][gc,stats    ]    Critical: GC Locker Stall                                   0 / 0                 0 / 0                 0 / 0                 0 / 0           ops/s
[10.150s][info][gc,stats    ]    Critical: GC Locker Stall                               0.000 / 0.000         0.000 / 0.000         0.000 / 0.000         0.000 / 0.000       ms
[10.150s][info][gc,stats    ]    Critical: Relocation Stall                                  0 / 0                 0 / 0                 0 / 0                 0 / 0           ops/s
[10.150s][info][gc,stats    ]    Critical: Relocation Stall                              0.000 / 0.000         0.000 / 0.000         0.000 / 0.000         0.000 / 0.000       ms
[10.150s][info][gc,stats    ]      Memory: Allocation Rate                                 606 / 2396            606 / 2396            606 / 2396            606 / 2396        MB/s
[10.151s][info][gc,stats    ]      Memory: Defragment                                        0 / 0                 0 / 0                 0 / 0                 0 / 0           ops/s
[10.151s][info][gc,stats    ]      Memory: Out Of Memory                                     0 / 0                 0 / 0                 0 / 0                 0 / 0           ops/s
[10.151s][info][gc,stats    ]      Memory: Page Cache Flush                                  0 / 0                 0 / 0                 0 / 0                 0 / 0           MB/s
[10.151s][info][gc,stats    ]      Memory: Page Cache Hit L1                               200 / 793             200 / 793             200 / 793             200 / 793         ops/s
[10.151s][info][gc,stats    ]      Memory: Page Cache Hit L2                                 0 / 0                 0 / 0                 0 / 0                 0 / 0           ops/s
[10.151s][info][gc,stats    ]      Memory: Page Cache Hit L3                               102 / 525             102 / 525             102 / 525             102 / 525         ops/s
[10.151s][info][gc,stats    ]      Memory: Page Cache Miss                                   6 / 60                6 / 60                6 / 60                6 / 60          ops/s
[10.151s][info][gc,stats    ]      Memory: Uncommit                                          0 / 0                 0 / 0                 0 / 0                 0 / 0           MB/s
[10.151s][info][gc,stats    ]      Memory: Undo Object Allocation Failed                     0 / 1                 0 / 1                 0 / 1                 0 / 1           ops/s
[10.151s][info][gc,stats    ]      Memory: Undo Object Allocation Succeeded                 14 / 75               14 / 75               14 / 75               14 / 75          ops/s
[10.151s][info][gc,stats    ]      Memory: Undo Page Allocation                              4 / 31                4 / 31                4 / 31                4 / 31          ops/s
[10.151s][info][gc,stats    ]       Phase: Concurrent Mark                             118.690 / 324.257     118.690 / 324.257     118.690 / 324.257     118.690 / 324.257     ms
[10.151s][info][gc,stats    ]       Phase: Concurrent Mark Continue                      0.000 / 0.000         0.000 / 0.000         0.000 / 0.000         0.000 / 0.000       ms
[10.151s][info][gc,stats    ]       Phase: Concurrent Mark Free                          0.001 / 0.002         0.001 / 0.002         0.001 / 0.002         0.001 / 0.002       ms
[10.151s][info][gc,stats    ]       Phase: Concurrent Process Non-Strong References     23.962 / 72.793       23.962 / 72.793       23.962 / 72.793       23.962 / 72.793      ms
[10.151s][info][gc,stats    ]       Phase: Concurrent Relocate                          15.365 / 30.096       15.365 / 30.096       15.365 / 30.096       15.365 / 30.096      ms
[10.151s][info][gc,stats    ]       Phase: Concurrent Reset Relocation Set               0.024 / 0.043         0.024 / 0.043         0.024 / 0.043         0.024 / 0.043       ms
[10.151s][info][gc,stats    ]       Phase: Concurrent Select Relocation Set             55.958 / 148.744      55.958 / 148.744      55.958 / 148.744      55.958 / 148.744     ms
[10.151s][info][gc,stats    ]       Phase: Pause Mark End                                0.024 / 0.034         0.024 / 0.034         0.024 / 0.034         0.024 / 0.034       ms
[10.151s][info][gc,stats    ]       Phase: Pause Mark Start                              0.012 / 0.017         0.012 / 0.017         0.012 / 0.017         0.012 / 0.017       ms
[10.151s][info][gc,stats    ]       Phase: Pause Relocate Start                          0.010 / 0.020         0.010 / 0.020         0.010 / 0.020         0.010 / 0.020       ms
[10.151s][info][gc,stats    ]    Subphase: Concurrent Classes Purge                      0.561 / 2.525         0.561 / 2.525         0.561 / 2.525         0.561 / 2.525       ms
[10.151s][info][gc,stats    ]    Subphase: Concurrent Classes Unlink                     6.675 / 37.314        6.675 / 37.314        6.675 / 37.314        6.675 / 37.314      ms
[10.151s][info][gc,stats    ]    Subphase: Concurrent Mark                              75.602 / 138.119      75.602 / 138.119      75.602 / 138.119      75.602 / 138.119     ms
[10.151s][info][gc,stats    ]    Subphase: Concurrent Mark Try Flush                    10.029 / 39.493       10.029 / 39.493       10.029 / 39.493       10.029 / 39.493      ms
[10.152s][info][gc,stats    ]    Subphase: Concurrent Mark Try Terminate                12.863 / 31.254       12.863 / 31.254       12.863 / 31.254       12.863 / 31.254      ms
[10.152s][info][gc,stats    ]    Subphase: Concurrent References Enqueue                 0.002 / 0.004         0.002 / 0.004         0.002 / 0.004         0.002 / 0.004       ms
[10.152s][info][gc,stats    ]    Subphase: Concurrent References Process                 0.137 / 0.330         0.137 / 0.330         0.137 / 0.330         0.137 / 0.330       ms
[10.152s][info][gc,stats    ]    Subphase: Concurrent Roots ClassLoaderDataGraph         0.144 / 1.367         0.144 / 1.367         0.144 / 1.367         0.144 / 1.367       ms
[10.152s][info][gc,stats    ]    Subphase: Concurrent Roots CodeCache                    0.000 / 0.000         0.000 / 0.000         0.000 / 0.000         0.000 / 0.000       ms
[10.152s][info][gc,stats    ]    Subphase: Concurrent Roots JavaThreads                 43.780 / 275.651      43.780 / 275.651      43.780 / 275.651      43.780 / 275.651     ms
[10.152s][info][gc,stats    ]    Subphase: Concurrent Roots OopStorageSet                0.291 / 2.056         0.291 / 2.056         0.291 / 2.056         0.291 / 2.056       ms
[10.152s][info][gc,stats    ]    Subphase: Concurrent Weak Roots OopStorageSet           0.118 / 0.210         0.118 / 0.210         0.118 / 0.210         0.118 / 0.210       ms
[10.152s][info][gc,stats    ]    Subphase: Pause Mark Try Complete                       0.000 / 0.000         0.000 / 0.000         0.000 / 0.000         0.000 / 0.000       ms
[10.152s][info][gc,stats    ]      System: Java Threads                                     63 / 74               63 / 74               63 / 74               63 / 74          threads
[10.152s][info][gc,stats    ] =========================================================================================================================================================
[14.355s][info][gc,start    ] GC(7) Garbage Collection (Allocation Rate)
[14.355s][info][gc,task     ] GC(7) Using 9 workers
[14.355s][info][gc,phases   ] GC(7) Pause Mark Start 0.028ms
[14.495s][info][gc,phases   ] GC(7) Concurrent Mark 140.112ms
[14.496s][info][gc,phases   ] GC(7) Pause Mark End 0.021ms
[14.496s][info][gc,phases   ] GC(7) Concurrent Mark Free 0.001ms
[14.502s][info][gc,phases   ] GC(7) Concurrent Process Non-Strong References 6.679ms
[14.502s][info][gc,phases   ] GC(7) Concurrent Reset Relocation Set 0.014ms
[14.570s][info][gc,phases   ] GC(7) Concurrent Select Relocation Set 67.590ms
[14.570s][info][gc,phases   ] GC(7) Pause Relocate Start 0.012ms
[14.648s][info][gc,phases   ] GC(7) Concurrent Relocate 77.320ms
[14.648s][info][gc,load     ] GC(7) Load: 0.00/0.00/0.00
[14.648s][info][gc,mmu      ] GC(7) MMU: 2ms/98.3%, 5ms/99.3%, 10ms/99.7%, 20ms/99.7%, 50ms/99.9%, 100ms/99.9%
[14.648s][info][gc,marking  ] GC(7) Mark: 8 stripe(s), 2 proactive flush(es), 1 terminate flush(es), 0 completion(s), 0 continuation(s) 
[14.648s][info][gc,marking  ] GC(7) Mark Stack Usage: 32M
[14.648s][info][gc,nmethod  ] GC(7) NMethods: 2312 registered, 539 unregistered
[14.648s][info][gc,metaspace] GC(7) Metaspace: 15M used, 16M committed, 1088M reserved
[14.648s][info][gc,ref      ] GC(7) Soft: 243 encountered, 0 discovered, 0 enqueued
[14.648s][info][gc,ref      ] GC(7) Weak: 1016 encountered, 118 discovered, 78 enqueued
[14.648s][info][gc,ref      ] GC(7) Final: 0 encountered, 0 discovered, 0 enqueued
[14.648s][info][gc,ref      ] GC(7) Phantom: 102 encountered, 94 discovered, 67 enqueued
[14.648s][info][gc,reloc    ] GC(7) Small Pages: 931 / 1862M, Empty: 928M, Relocated: 290M, In-Place: 0
[14.648s][info][gc,reloc    ] GC(7) Medium Pages: 2 / 64M, Empty: 64M, Relocated: 0M, In-Place: 0
[14.648s][info][gc,reloc    ] GC(7) Large Pages: 0 / 0M, Empty: 0M, Relocated: 0M, In-Place: 0
[14.648s][info][gc,reloc    ] GC(7) Forwarding Usage: 192M
[14.648s][info][gc,heap     ] GC(7) Min Capacity: 8M(0%)
[14.648s][info][gc,heap     ] GC(7) Max Capacity: 4096M(100%)
[14.648s][info][gc,heap     ] GC(7) Soft Max Capacity: 4096M(100%)
[14.648s][info][gc,heap     ] GC(7)                Mark Start          Mark End        Relocate Start      Relocate End           High               Low         
[14.648s][info][gc,heap     ] GC(7)  Capacity:     2232M (54%)        2232M (54%)        2232M (54%)        2232M (54%)        2232M (54%)        2232M (54%)    
[14.648s][info][gc,heap     ] GC(7)      Free:     2170M (53%)        2040M (50%)        2968M (72%)        3554M (87%)        3554M (87%)        2030M (50%)    
[14.648s][info][gc,heap     ] GC(7)      Used:     1926M (47%)        2056M (50%)        1128M (28%)         542M (13%)        2066M (50%)         542M (13%)    
[14.649s][info][gc,heap     ] GC(7)      Live:         -               291M (7%)          291M (7%)          291M (7%)             -                  -          
[14.649s][info][gc,heap     ] GC(7) Allocated:         -               130M (3%)          194M (5%)          239M (6%)             -                  -          
[14.649s][info][gc,heap     ] GC(7)   Garbage:         -              1634M (40%)         642M (16%)          10M (0%)             -                  -          
[14.649s][info][gc,heap     ] GC(7) Reclaimed:         -                  -               992M (24%)        1623M (40%)            -                  -          
[14.649s][info][gc          ] GC(7) Garbage Collection (Allocation Rate) 1926M(47%)->542M(13%)
[18.643s][info][gc,start    ] GC(8) Garbage Collection (System.gc())
[18.643s][info][gc,task     ] GC(8) Using 12 workers
[18.643s][info][gc,phases   ] GC(8) Pause Mark Start 0.016ms
[18.654s][info][gc,phases   ] GC(8) Concurrent Mark 10.637ms
[18.654s][info][gc,phases   ] GC(8) Pause Mark End 0.023ms
[18.654s][info][gc,phases   ] GC(8) Concurrent Mark Free 0.001ms
[18.660s][info][gc,phases   ] GC(8) Concurrent Process Non-Strong References 5.477ms
[18.660s][info][gc,phases   ] GC(8) Concurrent Reset Relocation Set 0.128ms
[18.690s][info][gc,phases   ] GC(8) Concurrent Select Relocation Set 29.707ms
[18.690s][info][gc,phases   ] GC(8) Pause Relocate Start 0.009ms
[18.692s][info][gc,phases   ] GC(8) Concurrent Relocate 2.059ms
[18.692s][info][gc,load     ] GC(8) Load: 0.00/0.00/0.00
[18.692s][info][gc,mmu      ] GC(8) MMU: 2ms/98.3%, 5ms/99.3%, 10ms/99.7%, 20ms/99.7%, 50ms/99.9%, 100ms/99.9%
[18.692s][info][gc,marking  ] GC(8) Mark: 8 stripe(s), 2 proactive flush(es), 1 terminate flush(es), 0 completion(s), 0 continuation(s) 
[18.692s][info][gc,marking  ] GC(8) Mark Stack Usage: 32M
[18.692s][info][gc,nmethod  ] GC(8) NMethods: 2388 registered, 63 unregistered
[18.692s][info][gc,metaspace] GC(8) Metaspace: 16M used, 16M committed, 1088M reserved
[18.692s][info][gc,ref      ] GC(8) Soft: 250 encountered, 0 discovered, 0 enqueued
[18.692s][info][gc,ref      ] GC(8) Weak: 1010 encountered, 128 discovered, 37 enqueued
[18.692s][info][gc,ref      ] GC(8) Final: 0 encountered, 0 discovered, 0 enqueued
[18.692s][info][gc,ref      ] GC(8) Phantom: 59 encountered, 44 discovered, 24 enqueued
[18.692s][info][gc,reloc    ] GC(8) Small Pages: 1066 / 2132M, Empty: 2038M, Relocated: 6M, In-Place: 0
[18.692s][info][gc,reloc    ] GC(8) Medium Pages: 0 / 0M, Empty: 0M, Relocated: 0M, In-Place: 0
[18.692s][info][gc,reloc    ] GC(8) Large Pages: 2 / 12M, Empty: 12M, Relocated: 0M, In-Place: 0
[18.692s][info][gc,reloc    ] GC(8) Forwarding Usage: 1M
[18.692s][info][gc,heap     ] GC(8) Min Capacity: 8M(0%)
[18.692s][info][gc,heap     ] GC(8) Max Capacity: 4096M(100%)
[18.692s][info][gc,heap     ] GC(8) Soft Max Capacity: 4096M(100%)
[18.692s][info][gc,heap     ] GC(8)                Mark Start          Mark End        Relocate Start      Relocate End           High               Low         
[18.692s][info][gc,heap     ] GC(8)  Capacity:     2232M (54%)        2232M (54%)        2232M (54%)        2232M (54%)        2232M (54%)        2232M (54%)    
[18.692s][info][gc,heap     ] GC(8)      Free:     1952M (48%)        1952M (48%)        3998M (98%)        4064M (99%)        4064M (99%)        1950M (48%)    
[18.692s][info][gc,heap     ] GC(8)      Used:     2144M (52%)        2144M (52%)          98M (2%)           32M (1%)         2146M (52%)          32M (1%)     
[18.692s][info][gc,heap     ] GC(8)      Live:         -                 9M (0%)            9M (0%)            9M (0%)             -                  -          
[18.692s][info][gc,heap     ] GC(8) Allocated:         -                 0M (0%)            4M (0%)            4M (0%)             -                  -          
[18.692s][info][gc,heap     ] GC(8)   Garbage:         -              2134M (52%)          84M (2%)           18M (0%)             -                  -          
[18.692s][info][gc,heap     ] GC(8) Reclaimed:         -                  -              2050M (50%)        2116M (52%)            -                  -          
[18.692s][info][gc          ] GC(8) Garbage Collection (System.gc()) 2144M(52%)->32M(1%)
[20.149s][info][gc,stats    ] === Garbage Collection Statistics =======================================================================================================================
[20.149s][info][gc,stats    ]                                                              Last 10s              Last 10m              Last 10h                Total
[20.149s][info][gc,stats    ]                                                              Avg / Max             Avg / Max             Avg / Max             Avg / Max
[20.149s][info][gc,stats    ]   Collector: Garbage Collection Cycle                    170.959 / 292.880     245.852 / 577.032     245.852 / 577.032     245.852 / 577.032     ms
[20.149s][info][gc,stats    ]  Contention: Mark Segment Reset Contention                     1 / 7                 2 / 32                2 / 32                2 / 32          ops/s
[20.149s][info][gc,stats    ]  Contention: Mark SeqNum Reset Contention                      0 / 2                 0 / 2                 0 / 2                 0 / 2           ops/s
[20.149s][info][gc,stats    ]    Critical: Allocation Stall                                  0 / 0                 0 / 0                 0 / 0                 0 / 0           ops/s
[20.149s][info][gc,stats    ]    Critical: Allocation Stall                              0.000 / 0.000         0.000 / 0.000         0.000 / 0.000         0.000 / 0.000       ms
[20.149s][info][gc,stats    ]    Critical: GC Locker Stall                                   0 / 0                 0 / 0                 0 / 0                 0 / 0           ops/s
[20.149s][info][gc,stats    ]    Critical: GC Locker Stall                               0.000 / 0.000         0.000 / 0.000         0.000 / 0.000         0.000 / 0.000       ms
[20.149s][info][gc,stats    ]    Critical: Relocation Stall                                  0 / 0                 0 / 0                 0 / 0                 0 / 0           ops/s
[20.149s][info][gc,stats    ]    Critical: Relocation Stall                              0.000 / 0.000         0.000 / 0.000         0.000 / 0.000         0.000 / 0.000       ms
[20.149s][info][gc,stats    ]      Memory: Allocation Rate                                 276 / 970             441 / 2396            441 / 2396            441 / 2396        MB/s
[20.149s][info][gc,stats    ]      Memory: Defragment                                        0 / 0                 0 / 0                 0 / 0                 0 / 0           ops/s
[20.149s][info][gc,stats    ]      Memory: Out Of Memory                                     0 / 0                 0 / 0                 0 / 0                 0 / 0           ops/s
[20.149s][info][gc,stats    ]      Memory: Page Cache Flush                                  0 / 0                 0 / 0                 0 / 0                 0 / 0           MB/s
[20.149s][info][gc,stats    ]      Memory: Page Cache Hit L1                               153 / 632             177 / 793             177 / 793             177 / 793         ops/s
[20.149s][info][gc,stats    ]      Memory: Page Cache Hit L2                                 0 / 0                 0 / 0                 0 / 0                 0 / 0           ops/s
[20.149s][info][gc,stats    ]      Memory: Page Cache Hit L3                                 0 / 1                51 / 525              51 / 525              51 / 525         ops/s
[20.149s][info][gc,stats    ]      Memory: Page Cache Miss                                   0 / 0                 3 / 60                3 / 60                3 / 60          ops/s
[20.149s][info][gc,stats    ]      Memory: Uncommit                                          0 / 0                 0 / 0                 0 / 0                 0 / 0           MB/s
[20.149s][info][gc,stats    ]      Memory: Undo Object Allocation Failed                     0 / 0                 0 / 1                 0 / 1                 0 / 1           ops/s
[20.149s][info][gc,stats    ]      Memory: Undo Object Allocation Succeeded                  0 / 0                 7 / 75                7 / 75                7 / 75          ops/s
[20.149s][info][gc,stats    ]      Memory: Undo Page Allocation                              0 / 0                 2 / 31                2 / 31                2 / 31          ops/s
[20.149s][info][gc,stats    ]       Phase: Concurrent Mark                              75.375 / 140.112     109.064 / 324.257     109.064 / 324.257     109.064 / 324.257     ms
[20.150s][info][gc,stats    ]       Phase: Concurrent Mark Continue                      0.000 / 0.000         0.000 / 0.000         0.000 / 0.000         0.000 / 0.000       ms
[20.150s][info][gc,stats    ]       Phase: Concurrent Mark Free                          0.001 / 0.001         0.001 / 0.002         0.001 / 0.002         0.001 / 0.002       ms
[20.150s][info][gc,stats    ]       Phase: Concurrent Process Non-Strong References      6.078 / 6.679        19.987 / 72.793       19.987 / 72.793       19.987 / 72.793      ms
[20.150s][info][gc,stats    ]       Phase: Concurrent Relocate                          39.690 / 77.320       20.771 / 77.320       20.771 / 77.320       20.771 / 77.320      ms
[20.150s][info][gc,stats    ]       Phase: Concurrent Reset Relocation Set               0.071 / 0.128         0.034 / 0.128         0.034 / 0.128         0.034 / 0.128       ms
[20.150s][info][gc,stats    ]       Phase: Concurrent Select Relocation Set             48.648 / 67.590       54.334 / 148.744      54.334 / 148.744      54.334 / 148.744     ms
[20.150s][info][gc,stats    ]       Phase: Pause Mark End                                0.022 / 0.023         0.023 / 0.034         0.023 / 0.034         0.023 / 0.034       ms
[20.150s][info][gc,stats    ]       Phase: Pause Mark Start                              0.022 / 0.028         0.014 / 0.028         0.014 / 0.028         0.014 / 0.028       ms
[20.150s][info][gc,stats    ]       Phase: Pause Relocate Start                          0.011 / 0.012         0.010 / 0.020         0.010 / 0.020         0.010 / 0.020       ms
[20.150s][info][gc,stats    ]    Subphase: Concurrent Classes Purge                      0.522 / 0.709         0.552 / 2.525         0.552 / 2.525         0.552 / 2.525       ms
[20.150s][info][gc,stats    ]    Subphase: Concurrent Classes Unlink                     5.268 / 5.713         6.363 / 37.314        6.363 / 37.314        6.363 / 37.314      ms
[20.150s][info][gc,stats    ]    Subphase: Concurrent Mark                              64.656 / 139.126      73.348 / 139.126      73.348 / 139.126      73.348 / 139.126     ms
[20.150s][info][gc,stats    ]    Subphase: Concurrent Mark Try Flush                     0.069 / 0.102         8.101 / 39.493        8.101 / 39.493        8.101 / 39.493      ms
[20.150s][info][gc,stats    ]    Subphase: Concurrent Mark Try Terminate                 5.103 / 7.493        12.309 / 31.254       12.309 / 31.254       12.309 / 31.254      ms
[20.150s][info][gc,stats    ]    Subphase: Concurrent References Enqueue                 0.004 / 0.004         0.002 / 0.004         0.002 / 0.004         0.002 / 0.004       ms
[20.150s][info][gc,stats    ]    Subphase: Concurrent References Process                 0.038 / 0.045         0.115 / 0.330         0.115 / 0.330         0.115 / 0.330       ms
[20.150s][info][gc,stats    ]    Subphase: Concurrent Roots ClassLoaderDataGraph         0.085 / 0.495         0.129 / 1.367         0.129 / 1.367         0.129 / 1.367       ms
[20.150s][info][gc,stats    ]    Subphase: Concurrent Roots CodeCache                    0.000 / 0.000         0.000 / 0.000         0.000 / 0.000         0.000 / 0.000       ms
[20.150s][info][gc,stats    ]    Subphase: Concurrent Roots JavaThreads                  0.759 / 0.897        34.561 / 275.651      34.561 / 275.651      34.561 / 275.651     ms
[20.150s][info][gc,stats    ]    Subphase: Concurrent Roots OopStorageSet                0.027 / 0.091         0.236 / 2.056         0.236 / 2.056         0.236 / 2.056       ms
[20.150s][info][gc,stats    ]    Subphase: Concurrent Weak Roots OopStorageSet           0.132 / 0.158         0.121 / 0.210         0.121 / 0.210         0.121 / 0.210       ms
[20.150s][info][gc,stats    ]    Subphase: Pause Mark Try Complete                       0.000 / 0.000         0.000 / 0.000         0.000 / 0.000         0.000 / 0.000       ms
[20.150s][info][gc,stats    ]      System: Java Threads                                     66 / 67               64 / 74               64 / 74               64 / 74          threads
[20.150s][info][gc,stats    ] =========================================================================================================================================================
[20.648s][info][gc,start    ] GC(9) Garbage Collection (Allocation Rate)
[20.648s][info][gc,task     ] GC(9) Using 12 workers
[20.664s][info][gc,phases   ] GC(9) Pause Mark Start 0.011ms
[20.898s][info][gc,phases   ] GC(9) Concurrent Mark 234.134ms
[20.914s][info][gc,phases   ] GC(9) Pause Mark End 0.025ms
[20.930s][info][gc,phases   ] GC(9) Concurrent Mark Free 0.001ms
[20.949s][info][gc,phases   ] GC(9) Concurrent Process Non-Strong References 19.564ms
[20.949s][info][gc,phases   ] GC(9) Concurrent Reset Relocation Set 0.005ms
[21.072s][info][gc,phases   ] GC(9) Concurrent Select Relocation Set 122.533ms
[21.072s][info][gc,phases   ] GC(9) Pause Relocate Start 0.009ms
[21.122s][info][gc,phases   ] GC(9) Concurrent Relocate 4.816ms
[21.134s][info][gc,load     ] GC(9) Load: 0.00/0.00/0.00
[21.134s][info][gc,mmu      ] GC(9) MMU: 2ms/98.3%, 5ms/99.3%, 10ms/99.7%, 20ms/99.7%, 50ms/99.9%, 100ms/99.9%
[21.134s][info][gc,marking  ] GC(9) Mark: 8 stripe(s), 3 proactive flush(es), 1 terminate flush(es), 0 completion(s), 0 continuation(s) 
[21.134s][info][gc,marking  ] GC(9) Mark Stack Usage: 32M
[21.134s][info][gc,nmethod  ] GC(9) NMethods: 2392 registered, 74 unregistered
[21.134s][info][gc,metaspace] GC(9) Metaspace: 16M used, 16M committed, 1088M reserved
[21.134s][info][gc,ref      ] GC(9) Soft: 250 encountered, 0 discovered, 0 enqueued
[21.134s][info][gc,ref      ] GC(9) Weak: 978 encountered, 36 discovered, 4 enqueued
[21.134s][info][gc,ref      ] GC(9) Final: 0 encountered, 0 discovered, 0 enqueued
[21.134s][info][gc,ref      ] GC(9) Phantom: 35 encountered, 25 discovered, 0 enqueued
[21.134s][info][gc,reloc    ] GC(9) Small Pages: 1131 / 2262M, Empty: 1762M, Relocated: 8M, In-Place: 0
[21.134s][info][gc,reloc    ] GC(9) Medium Pages: 0 / 0M, Empty: 0M, Relocated: 0M, In-Place: 0
[21.134s][info][gc,reloc    ] GC(9) Large Pages: 0 / 0M, Empty: 0M, Relocated: 0M, In-Place: 0
[21.134s][info][gc,reloc    ] GC(9) Forwarding Usage: 2M
[21.134s][info][gc,heap     ] GC(9) Min Capacity: 8M(0%)
[21.134s][info][gc,heap     ] GC(9) Max Capacity: 4096M(100%)
[21.134s][info][gc,heap     ] GC(9) Soft Max Capacity: 4096M(100%)
[21.134s][info][gc,heap     ] GC(9)                Mark Start          Mark End        Relocate Start      Relocate End           High               Low         
[21.134s][info][gc,heap     ] GC(9)  Capacity:     2262M (55%)        2664M (65%)        2670M (65%)        2670M (65%)        2670M (65%)        2262M (55%)    
[21.134s][info][gc,heap     ] GC(9)      Free:     1834M (45%)        1454M (35%)        2968M (72%)        3014M (74%)        3184M (78%)        1426M (35%)    
[21.134s][info][gc,heap     ] GC(9)      Used:     2262M (55%)        2642M (65%)        1128M (28%)        1082M (26%)        2670M (65%)         912M (22%)    
[21.134s][info][gc,heap     ] GC(9)      Live:         -                11M (0%)           11M (0%)           11M (0%)             -                  -          
[21.134s][info][gc,heap     ] GC(9) Allocated:         -               380M (9%)          628M (15%)        1053M (26%)            -                  -          
[21.134s][info][gc,heap     ] GC(9)   Garbage:         -              2250M (55%)         488M (12%)          17M (0%)             -                  -          
[21.134s][info][gc,heap     ] GC(9) Reclaimed:         -                  -              1762M (43%)        2233M (55%)            -                  -          
[21.134s][info][gc          ] GC(9) Garbage Collection (Allocation Rate) 2262M(55%)->1082M(26%)
[21.148s][info][gc,start    ] GC(10) Garbage Collection (Allocation Rate)
[21.148s][info][gc,task     ] GC(10) Using 12 workers
[21.149s][info][gc,phases   ] GC(10) Pause Mark Start 0.010ms
[21.383s][info][gc,phases   ] GC(10) Concurrent Mark 124.652ms
[21.383s][info][gc,phases   ] GC(10) Pause Mark End 0.022ms
[21.398s][info][gc,phases   ] GC(10) Concurrent Mark Free 0.004ms
[21.445s][info][gc,phases   ] GC(10) Concurrent Process Non-Strong References 46.820ms
[21.445s][info][gc,phases   ] GC(10) Concurrent Reset Relocation Set 0.040ms
[21.451s][info][gc,phases   ] GC(10) Concurrent Select Relocation Set 6.013ms
[21.451s][info][gc,phases   ] GC(10) Pause Relocate Start 0.008ms
[21.458s][info][gc,phases   ] GC(10) Concurrent Relocate 5.699ms
[21.458s][info][gc,load     ] GC(10) Load: 0.00/0.00/0.00
[21.458s][info][gc,mmu      ] GC(10) MMU: 2ms/98.3%, 5ms/99.3%, 10ms/99.7%, 20ms/99.7%, 50ms/99.9%, 100ms/99.9%
[21.458s][info][gc,marking  ] GC(10) Mark: 8 stripe(s), 3 proactive flush(es), 1 terminate flush(es), 0 completion(s), 0 continuation(s) 
[21.458s][info][gc,marking  ] GC(10) Mark Stack Usage: 32M
[21.458s][info][gc,nmethod  ] GC(10) NMethods: 2391 registered, 75 unregistered
[21.458s][info][gc,metaspace] GC(10) Metaspace: 16M used, 16M committed, 1088M reserved
[21.458s][info][gc,ref      ] GC(10) Soft: 250 encountered, 0 discovered, 0 enqueued
[21.458s][info][gc,ref      ] GC(10) Weak: 974 encountered, 131 discovered, 0 enqueued
[21.458s][info][gc,ref      ] GC(10) Final: 0 encountered, 0 discovered, 0 enqueued
[21.458s][info][gc,ref      ] GC(10) Phantom: 35 encountered, 19 discovered, 0 enqueued
[21.458s][info][gc,reloc    ] GC(10) Small Pages: 656 / 1312M, Empty: 830M, Relocated: 8M, In-Place: 0
[21.458s][info][gc,reloc    ] GC(10) Medium Pages: 0 / 0M, Empty: 0M, Relocated: 0M, In-Place: 0
[21.458s][info][gc,reloc    ] GC(10) Large Pages: 0 / 0M, Empty: 0M, Relocated: 0M, In-Place: 0
[21.458s][info][gc,reloc    ] GC(10) Forwarding Usage: 2M
[21.458s][info][gc,heap     ] GC(10) Min Capacity: 8M(0%)
[21.458s][info][gc,heap     ] GC(10) Max Capacity: 4096M(100%)
[21.458s][info][gc,heap     ] GC(10) Soft Max Capacity: 4096M(100%)
[21.458s][info][gc,heap     ] GC(10)                Mark Start          Mark End        Relocate Start      Relocate End           High               Low         
[21.458s][info][gc,heap     ] GC(10)  Capacity:     2670M (65%)        2670M (65%)        2670M (65%)        2670M (65%)        2670M (65%)        2670M (65%)    
[21.458s][info][gc,heap     ] GC(10)      Free:     2784M (68%)        2230M (54%)        2744M (67%)        3158M (77%)        3174M (77%)        1932M (47%)    
[21.458s][info][gc,heap     ] GC(10)      Used:     1312M (32%)        1866M (46%)        1352M (33%)         938M (23%)        2164M (53%)         922M (23%)    
[21.458s][info][gc,heap     ] GC(10)      Live:         -                10M (0%)           10M (0%)           10M (0%)             -                  -          
[21.458s][info][gc,heap     ] GC(10) Allocated:         -               554M (14%)         870M (21%)         909M (22%)            -                  -          
[21.458s][info][gc,heap     ] GC(10)   Garbage:         -              1301M (32%)         471M (11%)          17M (0%)             -                  -          
[21.458s][info][gc,heap     ] GC(10) Reclaimed:         -                  -               830M (20%)        1283M (31%)            -                  -          
[21.458s][info][gc          ] GC(10) Garbage Collection (Allocation Rate) 1312M(32%)->938M(23%)
[21.554s][info][gc,start    ] GC(11) Garbage Collection (Allocation Rate)
[21.555s][info][gc,task     ] GC(11) Using 12 workers
[21.555s][info][gc,phases   ] GC(11) Pause Mark Start 0.017ms
[21.601s][info][gc,phases   ] GC(11) Concurrent Mark 46.404ms
[21.601s][info][gc,phases   ] GC(11) Pause Mark End 0.019ms
[21.601s][info][gc,phases   ] GC(11) Concurrent Mark Free 0.001ms
[21.602s][info][gc,phases   ] GC(11) Concurrent Process Non-Strong References 0.785ms
[21.602s][info][gc,phases   ] GC(11) Concurrent Reset Relocation Set 0.041ms
[21.610s][info][gc,phases   ] GC(11) Concurrent Select Relocation Set 7.655ms
[21.610s][info][gc,phases   ] GC(11) Pause Relocate Start 0.007ms
[21.616s][info][gc,phases   ] GC(11) Concurrent Relocate 5.737ms
[21.616s][info][gc,load     ] GC(11) Load: 0.00/0.00/0.00
[21.616s][info][gc,mmu      ] GC(11) MMU: 2ms/98.3%, 5ms/99.3%, 10ms/99.7%, 20ms/99.7%, 50ms/99.9%, 100ms/99.9%
[21.616s][info][gc,marking  ] GC(11) Mark: 8 stripe(s), 2 proactive flush(es), 1 terminate flush(es), 0 completion(s), 0 continuation(s) 
[21.616s][info][gc,marking  ] GC(11) Mark Stack Usage: 32M
[21.616s][info][gc,nmethod  ] GC(11) NMethods: 2391 registered, 75 unregistered
[21.616s][info][gc,metaspace] GC(11) Metaspace: 16M used, 16M committed, 1088M reserved
[21.616s][info][gc,ref      ] GC(11) Soft: 250 encountered, 0 discovered, 0 enqueued
[21.616s][info][gc,ref      ] GC(11) Weak: 976 encountered, 113 discovered, 0 enqueued
[21.616s][info][gc,ref      ] GC(11) Final: 0 encountered, 0 discovered, 0 enqueued
[21.616s][info][gc,ref      ] GC(11) Phantom: 35 encountered, 19 discovered, 0 enqueued
[21.616s][info][gc,reloc    ] GC(11) Small Pages: 613 / 1226M, Empty: 988M, Relocated: 12M, In-Place: 0
[21.616s][info][gc,reloc    ] GC(11) Medium Pages: 1 / 32M, Empty: 0M, Relocated: 0M, In-Place: 0
[21.616s][info][gc,reloc    ] GC(11) Large Pages: 0 / 0M, Empty: 0M, Relocated: 0M, In-Place: 0
[21.616s][info][gc,reloc    ] GC(11) Forwarding Usage: 4M
[21.616s][info][gc,heap     ] GC(11) Min Capacity: 8M(0%)
[21.616s][info][gc,heap     ] GC(11) Max Capacity: 4096M(100%)
[21.616s][info][gc,heap     ] GC(11) Soft Max Capacity: 4096M(100%)
[21.616s][info][gc,heap     ] GC(11)                Mark Start          Mark End        Relocate Start      Relocate End           High               Low         
[21.616s][info][gc,heap     ] GC(11)  Capacity:     2702M (66%)        2702M (66%)        2702M (66%)        2702M (66%)        2702M (66%)        2702M (66%)    
[21.616s][info][gc,heap     ] GC(11)      Free:     2838M (69%)        2768M (68%)        3746M (91%)        3864M (94%)        3864M (94%)        2768M (68%)    
[21.617s][info][gc,heap     ] GC(11)      Used:     1258M (31%)        1328M (32%)         350M (9%)          232M (6%)         1328M (32%)         232M (6%)     
[21.617s][info][gc,heap     ] GC(11)      Live:         -                71M (2%)           71M (2%)           71M (2%)             -                  -          
[21.617s][info][gc,heap     ] GC(11) Allocated:         -                70M (2%)           80M (2%)           97M (2%)             -                  -          
[21.617s][info][gc,heap     ] GC(11)   Garbage:         -              1186M (29%)         198M (5%)           62M (2%)             -                  -          
[21.617s][info][gc,heap     ] GC(11) Reclaimed:         -                  -               988M (24%)        1123M (27%)            -                  -          
[21.617s][info][gc          ] GC(11) Garbage Collection (Allocation Rate) 1258M(31%)->232M(6%)
[21.648s][info][gc,start    ] GC(12) Garbage Collection (Allocation Rate)
[21.648s][info][gc,task     ] GC(12) Using 12 workers
[21.648s][info][gc,phases   ] GC(12) Pause Mark Start 0.016ms
[21.711s][info][gc,phases   ] GC(12) Concurrent Mark 62.016ms
[21.711s][info][gc,phases   ] GC(12) Pause Mark End 0.017ms
[21.711s][info][gc,phases   ] GC(12) Concurrent Mark Free 0.001ms
[21.711s][info][gc,phases   ] GC(12) Concurrent Process Non-Strong References 0.704ms
[21.712s][info][gc,phases   ] GC(12) Concurrent Reset Relocation Set 0.007ms
[21.714s][info][gc,phases   ] GC(12) Concurrent Select Relocation Set 2.397ms
[21.714s][info][gc,phases   ] GC(12) Pause Relocate Start 0.006ms
[21.716s][info][gc,phases   ] GC(12) Concurrent Relocate 2.458ms
[21.717s][info][gc,load     ] GC(12) Load: 0.00/0.00/0.00
[21.717s][info][gc,mmu      ] GC(12) MMU: 2ms/98.3%, 5ms/99.3%, 10ms/99.7%, 20ms/99.7%, 50ms/99.9%, 100ms/99.9%
[21.717s][info][gc,marking  ] GC(12) Mark: 8 stripe(s), 2 proactive flush(es), 1 terminate flush(es), 0 completion(s), 0 continuation(s) 
[21.717s][info][gc,marking  ] GC(12) Mark Stack Usage: 32M
[21.717s][info][gc,nmethod  ] GC(12) NMethods: 2391 registered, 75 unregistered
[21.717s][info][gc,metaspace] GC(12) Metaspace: 16M used, 16M committed, 1088M reserved
[21.717s][info][gc,ref      ] GC(12) Soft: 250 encountered, 0 discovered, 0 enqueued
[21.717s][info][gc,ref      ] GC(12) Weak: 976 encountered, 496 discovered, 0 enqueued
[21.717s][info][gc,ref      ] GC(12) Final: 0 encountered, 0 discovered, 0 enqueued
[21.717s][info][gc,ref      ] GC(12) Phantom: 35 encountered, 25 discovered, 0 enqueued
[21.717s][info][gc,reloc    ] GC(12) Small Pages: 129 / 258M, Empty: 0M, Relocated: 6M, In-Place: 0
[21.717s][info][gc,reloc    ] GC(12) Medium Pages: 1 / 32M, Empty: 0M, Relocated: 0M, In-Place: 0
[21.717s][info][gc,reloc    ] GC(12) Large Pages: 0 / 0M, Empty: 0M, Relocated: 0M, In-Place: 0
[21.717s][info][gc,reloc    ] GC(12) Forwarding Usage: 4M
[21.717s][info][gc,heap     ] GC(12) Min Capacity: 8M(0%)
[21.717s][info][gc,heap     ] GC(12) Max Capacity: 4096M(100%)
[21.717s][info][gc,heap     ] GC(12) Soft Max Capacity: 4096M(100%)
[21.717s][info][gc,heap     ] GC(12)                Mark Start          Mark End        Relocate Start      Relocate End           High               Low         
[21.717s][info][gc,heap     ] GC(12)  Capacity:     2702M (66%)        2702M (66%)        2702M (66%)        2702M (66%)        2702M (66%)        2702M (66%)    
[21.717s][info][gc,heap     ] GC(12)      Free:     3806M (93%)        3752M (92%)        3750M (92%)        3802M (93%)        3806M (93%)        3734M (91%)    
[21.717s][info][gc,heap     ] GC(12)      Used:      290M (7%)          344M (8%)          346M (8%)          294M (7%)          362M (9%)          290M (7%)     
[21.717s][info][gc,heap     ] GC(12)      Live:         -               135M (3%)          135M (3%)          135M (3%)             -                  -          
[21.717s][info][gc,heap     ] GC(12) Allocated:         -                54M (1%)           56M (1%)           59M (1%)             -                  -          
[21.717s][info][gc,heap     ] GC(12)   Garbage:         -               154M (4%)          154M (4%)           98M (2%)             -                  -          
[21.717s][info][gc,heap     ] GC(12) Reclaimed:         -                  -                 0M (0%)           55M (1%)             -                  -          
[21.717s][info][gc          ] GC(12) Garbage Collection (Allocation Rate) 290M(7%)->294M(7%)
[30.056s][info][gc,start    ] GC(13) Garbage Collection (Allocation Rate)
[30.057s][info][gc,task     ] GC(13) Using 12 workers
[30.057s][info][gc,phases   ] GC(13) Pause Mark Start 0.012ms
[30.150s][info][gc,stats    ] === Garbage Collection Statistics =======================================================================================================================
[30.150s][info][gc,stats    ]                                                              Last 10s              Last 10m              Last 10h                Total
[30.150s][info][gc,stats    ]                                                              Avg / Max             Avg / Max             Avg / Max             Avg / Max
[30.150s][info][gc,stats    ]   Collector: Garbage Collection Cycle                    231.205 / 485.300     241.345 / 577.032     241.345 / 577.032     241.345 / 577.032     ms
[30.150s][info][gc,stats    ]  Contention: Mark Segment Reset Contention                     4 / 26                3 / 32                3 / 32                3 / 32          ops/s
[30.150s][info][gc,stats    ]  Contention: Mark SeqNum Reset Contention                      0 / 2                 0 / 2                 0 / 2                 0 / 2           ops/s
[30.150s][info][gc,stats    ]    Critical: Allocation Stall                                  0 / 0                 0 / 0                 0 / 0                 0 / 0           ops/s
[30.150s][info][gc,stats    ]    Critical: Allocation Stall                              0.000 / 0.000         0.000 / 0.000         0.000 / 0.000         0.000 / 0.000       ms
[30.150s][info][gc,stats    ]    Critical: GC Locker Stall                                   0 / 0                 0 / 0                 0 / 0                 0 / 0           ops/s
[30.150s][info][gc,stats    ]    Critical: GC Locker Stall                               0.000 / 0.000         0.000 / 0.000         0.000 / 0.000         0.000 / 0.000       ms
[30.150s][info][gc,stats    ]    Critical: Relocation Stall                                  0 / 0                 0 / 0                 0 / 0                 0 / 0           ops/s
[30.150s][info][gc,stats    ]    Critical: Relocation Stall                              0.000 / 0.000         0.000 / 0.000         0.000 / 0.000         0.000 / 0.000       ms
[30.150s][info][gc,stats    ]      Memory: Allocation Rate                                 710 / 3516            531 / 3516            531 / 3516            531 / 3516        MB/s
[30.150s][info][gc,stats    ]      Memory: Defragment                                        3 / 32                1 / 32                1 / 32                1 / 32          ops/s
[30.150s][info][gc,stats    ]      Memory: Out Of Memory                                     0 / 0                 0 / 0                 0 / 0                 0 / 0           ops/s
[30.150s][info][gc,stats    ]      Memory: Page Cache Flush                                  6 / 64                2 / 64                2 / 64                2 / 64          MB/s
[30.151s][info][gc,stats    ]      Memory: Page Cache Hit L1                               332 / 1523            228 / 1523            228 / 1523            228 / 1523        ops/s
[30.151s][info][gc,stats    ]      Memory: Page Cache Hit L2                                 0 / 0                 0 / 0                 0 / 0                 0 / 0           ops/s
[30.151s][info][gc,stats    ]      Memory: Page Cache Hit L3                                 2 / 28               35 / 525              35 / 525              35 / 525         ops/s
[30.151s][info][gc,stats    ]      Memory: Page Cache Miss                                  22 / 219               9 / 219               9 / 219               9 / 219         ops/s
[30.151s][info][gc,stats    ]      Memory: Uncommit                                          0 / 0                 0 / 0                 0 / 0                 0 / 0           MB/s
[30.151s][info][gc,stats    ]      Memory: Undo Object Allocation Failed                     0 / 1                 0 / 1                 0 / 1                 0 / 1           ops/s
[30.151s][info][gc,stats    ]      Memory: Undo Object Allocation Succeeded                 22 / 134              12 / 134              12 / 134              12 / 134         ops/s
[30.151s][info][gc,stats    ]      Memory: Undo Page Allocation                              7 / 77                4 / 77                4 / 77                4 / 77          ops/s
[30.151s][info][gc,stats    ]       Phase: Concurrent Mark                             116.801 / 234.134     111.445 / 324.257     111.445 / 324.257     111.445 / 324.257     ms
[30.151s][info][gc,stats    ]       Phase: Concurrent Mark Continue                      0.000 / 0.000         0.000 / 0.000         0.000 / 0.000         0.000 / 0.000       ms
[30.151s][info][gc,stats    ]       Phase: Concurrent Mark Free                          0.002 / 0.004         0.001 / 0.004         0.001 / 0.004         0.001 / 0.004       ms
[30.151s][info][gc,stats    ]       Phase: Concurrent Process Non-Strong References     16.968 / 46.820       19.058 / 72.793       19.058 / 72.793       19.058 / 72.793      ms
[30.151s][info][gc,stats    ]       Phase: Concurrent Relocate                           4.678 / 5.737        15.819 / 77.320       15.819 / 77.320       15.819 / 77.320      ms
[30.151s][info][gc,stats    ]       Phase: Concurrent Reset Relocation Set               0.023 / 0.041         0.031 / 0.128         0.031 / 0.128         0.031 / 0.128       ms
[30.151s][info][gc,stats    ]       Phase: Concurrent Select Relocation Set             34.650 / 122.533      48.277 / 148.744      48.277 / 148.744      48.277 / 148.744     ms
[30.151s][info][gc,stats    ]       Phase: Pause Mark End                                0.021 / 0.025         0.023 / 0.034         0.023 / 0.034         0.023 / 0.034       ms
[30.151s][info][gc,stats    ]       Phase: Pause Mark Start                              0.013 / 0.017         0.014 / 0.028         0.014 / 0.028         0.014 / 0.028       ms
[30.151s][info][gc,stats    ]       Phase: Pause Relocate Start                          0.007 / 0.009         0.009 / 0.020         0.009 / 0.020         0.009 / 0.020       ms
[30.151s][info][gc,stats    ]    Subphase: Concurrent Classes Purge                      0.024 / 0.065         0.390 / 2.525         0.390 / 2.525         0.390 / 2.525       ms
[30.151s][info][gc,stats    ]    Subphase: Concurrent Classes Unlink                     1.241 / 3.196         4.787 / 37.314        4.787 / 37.314        4.787 / 37.314      ms
[30.151s][info][gc,stats    ]    Subphase: Concurrent Mark                             112.817 / 233.226      85.978 / 233.226      85.978 / 233.226      85.978 / 233.226     ms
[30.151s][info][gc,stats    ]    Subphase: Concurrent Mark Try Flush                    21.850 / 62.493       12.379 / 62.493       12.379 / 62.493       12.379 / 62.493      ms
[30.151s][info][gc,stats    ]    Subphase: Concurrent Mark Try Terminate                14.402 / 62.495       13.252 / 62.495       13.252 / 62.495       13.252 / 62.495      ms
[30.151s][info][gc,stats    ]    Subphase: Concurrent References Enqueue                 0.001 / 0.004         0.002 / 0.004         0.002 / 0.004         0.002 / 0.004       ms
[30.151s][info][gc,stats    ]    Subphase: Concurrent References Process                 0.151 / 0.447         0.126 / 0.447         0.126 / 0.447         0.126 / 0.447       ms
[30.151s][info][gc,stats    ]    Subphase: Concurrent Roots ClassLoaderDataGraph         0.059 / 0.483         0.100 / 1.367         0.100 / 1.367         0.100 / 1.367       ms
[30.151s][info][gc,stats    ]    Subphase: Concurrent Roots CodeCache                    0.000 / 0.000         0.000 / 0.000         0.000 / 0.000         0.000 / 0.000       ms
[30.151s][info][gc,stats    ]    Subphase: Concurrent Roots JavaThreads                  1.354 / 5.242        21.951 / 275.651      21.951 / 275.651      21.951 / 275.651     ms
[30.151s][info][gc,stats    ]    Subphase: Concurrent Roots OopStorageSet                0.078 / 0.838         0.176 / 2.056         0.176 / 2.056         0.176 / 2.056       ms
[30.151s][info][gc,stats    ]    Subphase: Concurrent Weak Roots OopStorageSet           0.148 / 0.209         0.130 / 0.210         0.130 / 0.210         0.130 / 0.210       ms
[30.151s][info][gc,stats    ]    Subphase: Pause Mark Try Complete                       0.000 / 0.000         0.000 / 0.000         0.000 / 0.000         0.000 / 0.000       ms
[30.151s][info][gc,stats    ]      System: Java Threads                                     62 / 62               63 / 74               63 / 74               63 / 74          threads
[30.151s][info][gc,stats    ] =========================================================================================================================================================
[30.213s][info][gc,phases   ] GC(13) Concurrent Mark 155.775ms
[30.213s][info][gc,phases   ] GC(13) Pause Mark End 0.020ms
[30.213s][info][gc,phases   ] GC(13) Concurrent Mark Free 0.001ms
[30.214s][info][gc,phases   ] GC(13) Concurrent Process Non-Strong References 0.803ms
[30.214s][info][gc,phases   ] GC(13) Concurrent Reset Relocation Set 0.010ms
[30.287s][info][gc,phases   ] GC(13) Concurrent Select Relocation Set 72.717ms
[30.287s][info][gc,phases   ] GC(13) Pause Relocate Start 0.009ms
[30.389s][info][gc,phases   ] GC(13) Concurrent Relocate 102.653ms
[30.390s][info][gc,load     ] GC(13) Load: 0.00/0.00/0.00
[30.390s][info][gc,mmu      ] GC(13) MMU: 2ms/98.3%, 5ms/99.3%, 10ms/99.7%, 20ms/99.7%, 50ms/99.9%, 100ms/99.9%
[30.390s][info][gc,marking  ] GC(13) Mark: 8 stripe(s), 2 proactive flush(es), 1 terminate flush(es), 0 completion(s), 0 continuation(s) 
[30.390s][info][gc,marking  ] GC(13) Mark Stack Usage: 32M
[30.390s][info][gc,nmethod  ] GC(13) NMethods: 2418 registered, 85 unregistered
[30.390s][info][gc,metaspace] GC(13) Metaspace: 16M used, 16M committed, 1088M reserved
[30.390s][info][gc,ref      ] GC(13) Soft: 250 encountered, 0 discovered, 0 enqueued
[30.390s][info][gc,ref      ] GC(13) Weak: 979 encountered, 620 discovered, 5 enqueued
[30.390s][info][gc,ref      ] GC(13) Final: 0 encountered, 0 discovered, 0 enqueued
[30.390s][info][gc,ref      ] GC(13) Phantom: 35 encountered, 15 discovered, 0 enqueued
[30.390s][info][gc,reloc    ] GC(13) Small Pages: 1150 / 2300M, Empty: 994M, Relocated: 428M, In-Place: 0
[30.390s][info][gc,reloc    ] GC(13) Medium Pages: 2 / 64M, Empty: 64M, Relocated: 0M, In-Place: 0
[30.390s][info][gc,reloc    ] GC(13) Large Pages: 0 / 0M, Empty: 0M, Relocated: 0M, In-Place: 0
[30.390s][info][gc,reloc    ] GC(13) Forwarding Usage: 279M
[30.390s][info][gc,heap     ] GC(13) Min Capacity: 8M(0%)
[30.390s][info][gc,heap     ] GC(13) Max Capacity: 4096M(100%)
[30.390s][info][gc,heap     ] GC(13) Soft Max Capacity: 4096M(100%)
[30.390s][info][gc,heap     ] GC(13)                Mark Start          Mark End        Relocate Start      Relocate End           High               Low         
[30.390s][info][gc,heap     ] GC(13)  Capacity:     2734M (67%)        2734M (67%)        2734M (67%)        2734M (67%)        2734M (67%)        2734M (67%)    
[30.390s][info][gc,heap     ] GC(13)      Free:     1732M (42%)        1586M (39%)        2572M (63%)        3384M (83%)        3384M (83%)        1586M (39%)    
[30.390s][info][gc,heap     ] GC(13)      Used:     2364M (58%)        2510M (61%)        1524M (37%)         712M (17%)        2510M (61%)         712M (17%)    
[30.390s][info][gc,heap     ] GC(13)      Live:         -               432M (11%)         432M (11%)         432M (11%)            -                  -          
[30.390s][info][gc,heap     ] GC(13) Allocated:         -               146M (4%)          218M (5%)          266M (7%)             -                  -          
[30.390s][info][gc,heap     ] GC(13)   Garbage:         -              1931M (47%)         873M (21%)          13M (0%)             -                  -          
[30.390s][info][gc,heap     ] GC(13) Reclaimed:         -                  -              1058M (26%)        1918M (47%)            -                  -          
[30.390s][info][gc          ] GC(13) Garbage Collection (Allocation Rate) 2364M(58%)->712M(17%)
[32.859s][info][gc,start    ] GC(14) Garbage Collection (Allocation Rate)
[32.859s][info][gc,task     ] GC(14) Using 4 workers
[32.859s][info][gc,phases   ] GC(14) Pause Mark Start 0.016ms
[32.890s][info][gc,phases   ] GC(14) Concurrent Mark 30.846ms
[32.890s][info][gc,phases   ] GC(14) Pause Mark End 0.020ms
[32.891s][info][gc,phases   ] GC(14) Concurrent Mark Free 0.001ms
[32.893s][info][gc,phases   ] GC(14) Concurrent Process Non-Strong References 2.531ms
[32.893s][info][gc,phases   ] GC(14) Concurrent Reset Relocation Set 0.176ms
[32.962s][info][gc,phases   ] GC(14) Concurrent Select Relocation Set 69.087ms
[32.963s][info][gc,phases   ] GC(14) Pause Relocate Start 0.007ms
[32.970s][info][gc,phases   ] GC(14) Concurrent Relocate 7.394ms
[32.970s][info][gc,load     ] GC(14) Load: 0.00/0.00/0.00
[32.970s][info][gc,mmu      ] GC(14) MMU: 2ms/98.3%, 5ms/99.3%, 10ms/99.7%, 20ms/99.7%, 50ms/99.9%, 100ms/99.9%
[32.970s][info][gc,marking  ] GC(14) Mark: 4 stripe(s), 2 proactive flush(es), 1 terminate flush(es), 0 completion(s), 0 continuation(s) 
[32.970s][info][gc,marking  ] GC(14) Mark Stack Usage: 32M
[32.970s][info][gc,nmethod  ] GC(14) NMethods: 2422 registered, 91 unregistered
[32.970s][info][gc,metaspace] GC(14) Metaspace: 16M used, 16M committed, 1088M reserved
[32.970s][info][gc,ref      ] GC(14) Soft: 250 encountered, 0 discovered, 0 enqueued
[32.970s][info][gc,ref      ] GC(14) Weak: 978 encountered, 543 discovered, 3 enqueued
[32.970s][info][gc,ref      ] GC(14) Final: 0 encountered, 0 discovered, 0 enqueued
[32.970s][info][gc,ref      ] GC(14) Phantom: 35 encountered, 25 discovered, 0 enqueued
[32.970s][info][gc,reloc    ] GC(14) Small Pages: 905 / 1810M, Empty: 1724M, Relocated: 10M, In-Place: 0
[32.970s][info][gc,reloc    ] GC(14) Medium Pages: 0 / 0M, Empty: 0M, Relocated: 0M, In-Place: 0
[32.970s][info][gc,reloc    ] GC(14) Large Pages: 2 / 12M, Empty: 12M, Relocated: 0M, In-Place: 0
[32.970s][info][gc,reloc    ] GC(14) Forwarding Usage: 3M
[32.970s][info][gc,heap     ] GC(14) Min Capacity: 8M(0%)
[32.970s][info][gc,heap     ] GC(14) Max Capacity: 4096M(100%)
[32.970s][info][gc,heap     ] GC(14) Soft Max Capacity: 4096M(100%)
[32.970s][info][gc,heap     ] GC(14)                Mark Start          Mark End        Relocate Start      Relocate End           High               Low         
[32.970s][info][gc,heap     ] GC(14)  Capacity:     2734M (67%)        2734M (67%)        2734M (67%)        2734M (67%)        2734M (67%)        2734M (67%)    
[32.970s][info][gc,heap     ] GC(14)      Free:     2274M (56%)        2272M (55%)        4006M (98%)        4070M (99%)        4070M (99%)        2272M (55%)    
[32.970s][info][gc,heap     ] GC(14)      Used:     1822M (44%)        1824M (45%)          90M (2%)           26M (1%)         1824M (45%)          26M (1%)     
[32.970s][info][gc,heap     ] GC(14)      Live:         -                13M (0%)           13M (0%)           13M (0%)             -                  -          
[32.970s][info][gc,heap     ] GC(14) Allocated:         -                 2M (0%)            4M (0%)            7M (0%)             -                  -          
[32.970s][info][gc,heap     ] GC(14)   Garbage:         -              1808M (44%)          72M (2%)            5M (0%)             -                  -          
[32.970s][info][gc,heap     ] GC(14) Reclaimed:         -                  -              1736M (42%)        1803M (44%)            -                  -          
[32.970s][info][gc          ] GC(14) Garbage Collection (Allocation Rate) 1822M(44%)->26M(1%)
[33.156s][info][gc,start    ] GC(15) Garbage Collection (Allocation Rate)
[33.156s][info][gc,task     ] GC(15) Using 6 workers
[33.156s][info][gc,phases   ] GC(15) Pause Mark Start 0.014ms
[33.171s][info][gc,phases   ] GC(15) Concurrent Mark 15.241ms
[33.172s][info][gc,phases   ] GC(15) Pause Mark End 0.019ms
[33.186s][info][gc,phases   ] GC(15) Concurrent Mark Free 0.001ms
[33.188s][info][gc,phases   ] GC(15) Concurrent Process Non-Strong References 1.763ms
[33.188s][info][gc,phases   ] GC(15) Concurrent Reset Relocation Set 0.006ms
[33.194s][info][gc,phases   ] GC(15) Concurrent Select Relocation Set 5.716ms
[33.194s][info][gc,phases   ] GC(15) Pause Relocate Start 0.007ms
[33.196s][info][gc,phases   ] GC(15) Concurrent Relocate 2.102ms
[33.196s][info][gc,load     ] GC(15) Load: 0.00/0.00/0.00
[33.196s][info][gc,mmu      ] GC(15) MMU: 2ms/98.3%, 5ms/99.3%, 10ms/99.7%, 20ms/99.7%, 50ms/99.9%, 100ms/99.9%
[33.196s][info][gc,marking  ] GC(15) Mark: 4 stripe(s), 2 proactive flush(es), 1 terminate flush(es), 0 completion(s), 0 continuation(s) 
[33.196s][info][gc,marking  ] GC(15) Mark Stack Usage: 32M
[33.196s][info][gc,nmethod  ] GC(15) NMethods: 2422 registered, 91 unregistered
[33.196s][info][gc,metaspace] GC(15) Metaspace: 16M used, 16M committed, 1088M reserved
[33.196s][info][gc,ref      ] GC(15) Soft: 250 encountered, 0 discovered, 0 enqueued
[33.196s][info][gc,ref      ] GC(15) Weak: 975 encountered, 104 discovered, 0 enqueued
[33.196s][info][gc,ref      ] GC(15) Final: 0 encountered, 0 discovered, 0 enqueued
[33.196s][info][gc,ref      ] GC(15) Phantom: 35 encountered, 23 discovered, 0 enqueued
[33.196s][info][gc,reloc    ] GC(15) Small Pages: 20 / 40M, Empty: 16M, Relocated: 1M, In-Place: 0
[33.196s][info][gc,reloc    ] GC(15) Medium Pages: 0 / 0M, Empty: 0M, Relocated: 0M, In-Place: 0
[33.196s][info][gc,reloc    ] GC(15) Large Pages: 0 / 0M, Empty: 0M, Relocated: 0M, In-Place: 0
[33.196s][info][gc,reloc    ] GC(15) Forwarding Usage: 0M
[33.196s][info][gc,heap     ] GC(15) Min Capacity: 8M(0%)
[33.197s][info][gc,heap     ] GC(15) Max Capacity: 4096M(100%)
[33.197s][info][gc,heap     ] GC(15) Soft Max Capacity: 4096M(100%)
[33.197s][info][gc,heap     ] GC(15)                Mark Start          Mark End        Relocate Start      Relocate End           High               Low         
[33.197s][info][gc,heap     ] GC(15)  Capacity:     2734M (67%)        2734M (67%)        2734M (67%)        2734M (67%)        2734M (67%)        2734M (67%)    
[33.197s][info][gc,heap     ] GC(15)      Free:     4056M (99%)        4054M (99%)        4068M (99%)        4066M (99%)        4068M (99%)        4052M (99%)    
[33.197s][info][gc,heap     ] GC(15)      Used:       40M (1%)           42M (1%)           28M (1%)           30M (1%)           44M (1%)           28M (1%)     
[33.197s][info][gc,heap     ] GC(15)      Live:         -                13M (0%)           13M (0%)           13M (0%)             -                  -          
[33.197s][info][gc,heap     ] GC(15) Allocated:         -                 2M (0%)            4M (0%)            5M (0%)             -                  -          
[33.197s][info][gc,heap     ] GC(15)   Garbage:         -                26M (1%)           10M (0%)           10M (0%)             -                  -          
[33.197s][info][gc,heap     ] GC(15) Reclaimed:         -                  -                16M (0%)           15M (0%)             -                  -          
[33.197s][info][gc          ] GC(15) Garbage Collection (Allocation Rate) 40M(1%)->30M(1%)
[34.056s][info][gc,start    ] GC(16) Garbage Collection (System.gc())
[34.056s][info][gc,task     ] GC(16) Using 12 workers
[34.057s][info][gc,phases   ] GC(16) Pause Mark Start 0.015ms
[34.076s][info][gc,phases   ] GC(16) Concurrent Mark 19.208ms
[34.076s][info][gc,phases   ] GC(16) Pause Mark End 0.022ms
[34.076s][info][gc,phases   ] GC(16) Concurrent Mark Free 0.001ms
[34.077s][info][gc,phases   ] GC(16) Concurrent Process Non-Strong References 1.001ms
[34.077s][info][gc,phases   ] GC(16) Concurrent Reset Relocation Set 0.001ms
[34.081s][info][gc,phases   ] GC(16) Concurrent Select Relocation Set 3.741ms
[34.081s][info][gc,phases   ] GC(16) Pause Relocate Start 0.006ms
[34.082s][info][gc,phases   ] GC(16) Concurrent Relocate 1.050ms
[34.082s][info][gc,load     ] GC(16) Load: 0.00/0.00/0.00
[34.082s][info][gc,mmu      ] GC(16) MMU: 2ms/98.3%, 5ms/99.3%, 10ms/99.7%, 20ms/99.7%, 50ms/99.9%, 100ms/99.9%
[34.082s][info][gc,marking  ] GC(16) Mark: 8 stripe(s), 1 proactive flush(es), 1 terminate flush(es), 0 completion(s), 0 continuation(s) 
[34.082s][info][gc,marking  ] GC(16) Mark Stack Usage: 32M
[34.082s][info][gc,nmethod  ] GC(16) NMethods: 2424 registered, 92 unregistered
[34.082s][info][gc,metaspace] GC(16) Metaspace: 16M used, 16M committed, 1088M reserved
[34.082s][info][gc,ref      ] GC(16) Soft: 250 encountered, 0 discovered, 0 enqueued
[34.082s][info][gc,ref      ] GC(16) Weak: 976 encountered, 107 discovered, 0 enqueued
[34.083s][info][gc,ref      ] GC(16) Final: 0 encountered, 0 discovered, 0 enqueued
[34.083s][info][gc,ref      ] GC(16) Phantom: 35 encountered, 20 discovered, 0 enqueued
[34.083s][info][gc,reloc    ] GC(16) Small Pages: 44 / 88M, Empty: 58M, Relocated: 0M, In-Place: 0
[34.083s][info][gc,reloc    ] GC(16) Medium Pages: 0 / 0M, Empty: 0M, Relocated: 0M, In-Place: 0
[34.083s][info][gc,reloc    ] GC(16) Large Pages: 0 / 0M, Empty: 0M, Relocated: 0M, In-Place: 0
[34.083s][info][gc,reloc    ] GC(16) Forwarding Usage: 0M
[34.083s][info][gc,heap     ] GC(16) Min Capacity: 8M(0%)
[34.083s][info][gc,heap     ] GC(16) Max Capacity: 4096M(100%)
[34.083s][info][gc,heap     ] GC(16) Soft Max Capacity: 4096M(100%)
[34.083s][info][gc,heap     ] GC(16)                Mark Start          Mark End        Relocate Start      Relocate End           High               Low         
[34.083s][info][gc,heap     ] GC(16)  Capacity:     2734M (67%)        2734M (67%)        2734M (67%)        2734M (67%)        2734M (67%)        2734M (67%)    
[34.083s][info][gc,heap     ] GC(16)      Free:     4008M (98%)        4008M (98%)        4066M (99%)        4066M (99%)        4066M (99%)        4008M (98%)    
[34.083s][info][gc,heap     ] GC(16)      Used:       88M (2%)           88M (2%)           30M (1%)           30M (1%)           88M (2%)           30M (1%)     
[34.083s][info][gc,heap     ] GC(16)      Live:         -                10M (0%)           10M (0%)           10M (0%)             -                  -          
[34.083s][info][gc,heap     ] GC(16) Allocated:         -                 0M (0%)            0M (0%)            0M (0%)             -                  -          
[34.083s][info][gc,heap     ] GC(16)   Garbage:         -                77M (2%)           19M (0%)           19M (0%)             -                  -          
[34.083s][info][gc,heap     ] GC(16) Reclaimed:         -                  -                58M (1%)           58M (1%)             -                  -          
[34.083s][info][gc          ] GC(16) Garbage Collection (System.gc()) 88M(2%)->30M(1%)
[36.144s][info][gc,start    ] GC(17) Garbage Collection (Allocation Rate)
[36.144s][info][gc,task     ] GC(17) Using 12 workers
[36.144s][info][gc,phases   ] GC(17) Pause Mark Start 0.010ms
[36.301s][info][gc,phases   ] GC(17) Concurrent Mark 146.772ms
[36.304s][info][gc,phases   ] GC(17) Pause Mark End 0.026ms
[36.324s][info][gc,phases   ] GC(17) Concurrent Mark Free 0.001ms
[36.342s][info][gc,phases   ] GC(17) Concurrent Process Non-Strong References 18.057ms
[36.342s][info][gc,phases   ] GC(17) Concurrent Reset Relocation Set 0.001ms
[36.373s][info][gc,phases   ] GC(17) Concurrent Select Relocation Set 31.311ms
[36.373s][info][gc,phases   ] GC(17) Pause Relocate Start 0.010ms
[36.392s][info][gc,phases   ] GC(17) Concurrent Relocate 3.634ms
[36.392s][info][gc,load     ] GC(17) Load: 0.00/0.00/0.00
[36.392s][info][gc,mmu      ] GC(17) MMU: 2ms/98.3%, 5ms/99.3%, 10ms/99.7%, 20ms/99.7%, 50ms/99.9%, 100ms/99.9%
[36.392s][info][gc,marking  ] GC(17) Mark: 8 stripe(s), 3 proactive flush(es), 1 terminate flush(es), 0 completion(s), 0 continuation(s) 
[36.392s][info][gc,marking  ] GC(17) Mark Stack Usage: 32M
[36.392s][info][gc,nmethod  ] GC(17) NMethods: 2430 registered, 95 unregistered
[36.393s][info][gc,metaspace] GC(17) Metaspace: 16M used, 16M committed, 1088M reserved
[36.393s][info][gc,ref      ] GC(17) Soft: 250 encountered, 0 discovered, 0 enqueued
[36.393s][info][gc,ref      ] GC(17) Weak: 987 encountered, 119 discovered, 3 enqueued
[36.393s][info][gc,ref      ] GC(17) Final: 0 encountered, 0 discovered, 0 enqueued
[36.393s][info][gc,ref      ] GC(17) Phantom: 35 encountered, 23 discovered, 0 enqueued
[36.393s][info][gc,reloc    ] GC(17) Small Pages: 1123 / 2246M, Empty: 1782M, Relocated: 2M, In-Place: 0
[36.393s][info][gc,reloc    ] GC(17) Medium Pages: 0 / 0M, Empty: 0M, Relocated: 0M, In-Place: 0
[36.393s][info][gc,reloc    ] GC(17) Large Pages: 0 / 0M, Empty: 0M, Relocated: 0M, In-Place: 0
[36.393s][info][gc,reloc    ] GC(17) Forwarding Usage: 1M
[36.393s][info][gc,heap     ] GC(17) Min Capacity: 8M(0%)
[36.393s][info][gc,heap     ] GC(17) Max Capacity: 4096M(100%)
[36.393s][info][gc,heap     ] GC(17) Soft Max Capacity: 4096M(100%)
[36.393s][info][gc,heap     ] GC(17)                Mark Start          Mark End        Relocate Start      Relocate End           High               Low         
[36.393s][info][gc,heap     ] GC(17)  Capacity:     2734M (67%)        2902M (71%)        2922M (71%)        2922M (71%)        2922M (71%)        2734M (67%)    
[36.393s][info][gc,heap     ] GC(17)      Free:     1850M (45%)        1206M (29%)        2792M (68%)        3044M (74%)        3066M (75%)        1174M (29%)    
[36.393s][info][gc,heap     ] GC(17)      Used:     2246M (55%)        2890M (71%)        1304M (32%)        1052M (26%)        2922M (71%)        1030M (25%)    
[36.393s][info][gc,heap     ] GC(17)      Live:         -                12M (0%)           12M (0%)           12M (0%)             -                  -          
[36.393s][info][gc,heap     ] GC(17) Allocated:         -               644M (16%)         840M (21%)        1015M (25%)            -                  -          
[36.393s][info][gc,heap     ] GC(17)   Garbage:         -              2233M (55%)         451M (11%)          23M (1%)             -                  -          
[36.393s][info][gc,heap     ] GC(17) Reclaimed:         -                  -              1782M (44%)        2209M (54%)            -                  -          
[36.393s][info][gc          ] GC(17) Garbage Collection (Allocation Rate) 2246M(55%)->1052M(26%)
[36.451s][info][gc,start    ] GC(18) Garbage Collection (Allocation Rate)
[36.451s][info][gc,task     ] GC(18) Using 12 workers
[36.452s][info][gc,phases   ] GC(18) Pause Mark Start 0.011ms
[36.560s][info][gc,phases   ] GC(18) Concurrent Mark 81.852ms
[36.561s][info][gc,phases   ] GC(18) Pause Mark End 0.024ms
[36.561s][info][gc,phases   ] GC(18) Concurrent Mark Free 0.001ms
[36.561s][info][gc,phases   ] GC(18) Concurrent Process Non-Strong References 0.687ms
[36.561s][info][gc,phases   ] GC(18) Concurrent Reset Relocation Set 0.030ms
[36.564s][info][gc,phases   ] GC(18) Concurrent Select Relocation Set 2.587ms
[36.564s][info][gc,phases   ] GC(18) Pause Relocate Start 0.005ms
[36.565s][info][gc,phases   ] GC(18) Concurrent Relocate 1.263ms
[36.565s][info][gc,load     ] GC(18) Load: 0.00/0.00/0.00
[36.565s][info][gc,mmu      ] GC(18) MMU: 2ms/98.3%, 5ms/99.3%, 10ms/99.7%, 20ms/99.7%, 50ms/99.9%, 100ms/99.9%
[36.566s][info][gc,marking  ] GC(18) Mark: 8 stripe(s), 3 proactive flush(es), 1 terminate flush(es), 0 completion(s), 0 continuation(s) 
[36.566s][info][gc,marking  ] GC(18) Mark Stack Usage: 32M
[36.566s][info][gc,nmethod  ] GC(18) NMethods: 2429 registered, 96 unregistered
[36.566s][info][gc,metaspace] GC(18) Metaspace: 16M used, 16M committed, 1088M reserved
[36.566s][info][gc,ref      ] GC(18) Soft: 250 encountered, 0 discovered, 0 enqueued
[36.566s][info][gc,ref      ] GC(18) Weak: 984 encountered, 85 discovered, 0 enqueued
[36.566s][info][gc,ref      ] GC(18) Final: 0 encountered, 0 discovered, 0 enqueued
[36.566s][info][gc,ref      ] GC(18) Phantom: 35 encountered, 20 discovered, 0 enqueued
[36.566s][info][gc,reloc    ] GC(18) Small Pages: 783 / 1566M, Empty: 1090M, Relocated: 2M, In-Place: 0
[36.566s][info][gc,reloc    ] GC(18) Medium Pages: 0 / 0M, Empty: 0M, Relocated: 0M, In-Place: 0
[36.566s][info][gc,reloc    ] GC(18) Large Pages: 0 / 0M, Empty: 0M, Relocated: 0M, In-Place: 0
[36.566s][info][gc,reloc    ] GC(18) Forwarding Usage: 1M
[36.566s][info][gc,heap     ] GC(18) Min Capacity: 8M(0%)
[36.566s][info][gc,heap     ] GC(18) Max Capacity: 4096M(100%)
[36.566s][info][gc,heap     ] GC(18) Soft Max Capacity: 4096M(100%)
[36.566s][info][gc,heap     ] GC(18)                Mark Start          Mark End        Relocate Start      Relocate End           High               Low         
[36.566s][info][gc,heap     ] GC(18)  Capacity:     2922M (71%)        2954M (72%)        2954M (72%)        2954M (72%)        2954M (72%)        2922M (71%)    
[36.566s][info][gc,heap     ] GC(18)      Free:     2530M (62%)        1586M (39%)        2672M (65%)        3112M (76%)        3112M (76%)        1584M (39%)    
[36.566s][info][gc,heap     ] GC(18)      Used:     1566M (38%)        2510M (61%)        1424M (35%)         984M (24%)        2512M (61%)         984M (24%)    
[36.566s][info][gc,heap     ] GC(18)      Live:         -                12M (0%)           12M (0%)           12M (0%)             -                  -          
[36.566s][info][gc,heap     ] GC(18) Allocated:         -               944M (23%)         948M (23%)         947M (23%)            -                  -          
[36.566s][info][gc,heap     ] GC(18)   Garbage:         -              1553M (38%)         463M (11%)          23M (1%)             -                  -          
[36.566s][info][gc,heap     ] GC(18) Reclaimed:         -                  -              1090M (27%)        1529M (37%)            -                  -          
[36.566s][info][gc          ] GC(18) Garbage Collection (Allocation Rate) 1566M(38%)->984M(24%)
[36.654s][info][gc,start    ] GC(19) Garbage Collection (Allocation Rate)
[36.654s][info][gc,task     ] GC(19) Using 12 workers
[36.655s][info][gc,phases   ] GC(19) Pause Mark Start 0.017ms
[36.701s][info][gc,phases   ] GC(19) Concurrent Mark 46.370ms
[36.701s][info][gc,phases   ] GC(19) Pause Mark End 0.018ms
[36.701s][info][gc,phases   ] GC(19) Concurrent Mark Free 0.001ms
[36.702s][info][gc,phases   ] GC(19) Concurrent Process Non-Strong References 0.656ms
[36.702s][info][gc,phases   ] GC(19) Concurrent Reset Relocation Set 0.026ms
[36.706s][info][gc,phases   ] GC(19) Concurrent Select Relocation Set 4.322ms
[36.706s][info][gc,phases   ] GC(19) Pause Relocate Start 0.005ms
[36.710s][info][gc,phases   ] GC(19) Concurrent Relocate 3.551ms
[36.710s][info][gc,load     ] GC(19) Load: 0.00/0.00/0.00
[36.710s][info][gc,mmu      ] GC(19) MMU: 2ms/98.3%, 5ms/99.3%, 10ms/99.7%, 20ms/99.7%, 50ms/99.9%, 100ms/99.9%
[36.710s][info][gc,marking  ] GC(19) Mark: 8 stripe(s), 2 proactive flush(es), 1 terminate flush(es), 0 completion(s), 0 continuation(s) 
[36.710s][info][gc,marking  ] GC(19) Mark Stack Usage: 32M
[36.710s][info][gc,nmethod  ] GC(19) NMethods: 2429 registered, 96 unregistered
[36.710s][info][gc,metaspace] GC(19) Metaspace: 16M used, 16M committed, 1088M reserved
[36.710s][info][gc,ref      ] GC(19) Soft: 250 encountered, 0 discovered, 0 enqueued
[36.710s][info][gc,ref      ] GC(19) Weak: 985 encountered, 334 discovered, 0 enqueued
[36.710s][info][gc,ref      ] GC(19) Final: 0 encountered, 0 discovered, 0 enqueued
[36.710s][info][gc,ref      ] GC(19) Phantom: 35 encountered, 12 discovered, 0 enqueued
[36.710s][info][gc,reloc    ] GC(19) Small Pages: 534 / 1068M, Empty: 852M, Relocated: 6M, In-Place: 0
[36.710s][info][gc,reloc    ] GC(19) Medium Pages: 1 / 32M, Empty: 0M, Relocated: 0M, In-Place: 0
[36.710s][info][gc,reloc    ] GC(19) Large Pages: 0 / 0M, Empty: 0M, Relocated: 0M, In-Place: 0
[36.710s][info][gc,reloc    ] GC(19) Forwarding Usage: 4M
[36.710s][info][gc,heap     ] GC(19) Min Capacity: 8M(0%)
[36.710s][info][gc,heap     ] GC(19) Max Capacity: 4096M(100%)
[36.710s][info][gc,heap     ] GC(19) Soft Max Capacity: 4096M(100%)
[36.710s][info][gc,heap     ] GC(19)                Mark Start          Mark End        Relocate Start      Relocate End           High               Low         
[36.710s][info][gc,heap     ] GC(19)  Capacity:     2954M (72%)        2954M (72%)        2954M (72%)        2954M (72%)        2954M (72%)        2954M (72%)    
[36.710s][info][gc,heap     ] GC(19)      Free:     2996M (73%)        2922M (71%)        3766M (92%)        3828M (93%)        3828M (93%)        2918M (71%)    
[36.710s][info][gc,heap     ] GC(19)      Used:     1100M (27%)        1174M (29%)         330M (8%)          268M (7%)         1178M (29%)         268M (7%)     
[36.710s][info][gc,heap     ] GC(19)      Live:         -               101M (2%)          101M (2%)          101M (2%)             -                  -          
[36.710s][info][gc,heap     ] GC(19) Allocated:         -                74M (2%)           82M (2%)           83M (2%)             -                  -          
[36.710s][info][gc,heap     ] GC(19)   Garbage:         -               998M (24%)         146M (4%)           82M (2%)             -                  -          
[36.710s][info][gc,heap     ] GC(19) Reclaimed:         -                  -               852M (21%)         915M (22%)            -                  -          
[36.710s][info][gc          ] GC(19) Garbage Collection (Allocation Rate) 1100M(27%)->268M(7%)
[36.748s][info][gc,start    ] GC(20) Garbage Collection (Allocation Rate)
[36.748s][info][gc,task     ] GC(20) Using 12 workers
[36.748s][info][gc,phases   ] GC(20) Pause Mark Start 0.016ms
[36.826s][info][gc,phases   ] GC(20) Concurrent Mark 77.649ms
[36.826s][info][gc,phases   ] GC(20) Pause Mark End 0.026ms
[36.826s][info][gc,phases   ] GC(20) Concurrent Mark Free 0.001ms
[36.827s][info][gc,phases   ] GC(20) Concurrent Process Non-Strong References 0.728ms
[36.827s][info][gc,phases   ] GC(20) Concurrent Reset Relocation Set 0.006ms
[36.835s][info][gc,phases   ] GC(20) Concurrent Select Relocation Set 7.938ms
[36.835s][info][gc,phases   ] GC(20) Pause Relocate Start 0.010ms
[36.840s][info][gc,phases   ] GC(20) Concurrent Relocate 4.283ms
[36.840s][info][gc,load     ] GC(20) Load: 0.00/0.00/0.00
[36.840s][info][gc,mmu      ] GC(20) MMU: 2ms/98.3%, 5ms/99.3%, 10ms/99.6%, 20ms/99.7%, 50ms/99.9%, 100ms/99.9%
[36.840s][info][gc,marking  ] GC(20) Mark: 8 stripe(s), 2 proactive flush(es), 1 terminate flush(es), 0 completion(s), 0 continuation(s) 
[36.840s][info][gc,marking  ] GC(20) Mark Stack Usage: 32M
[36.840s][info][gc,nmethod  ] GC(20) NMethods: 2429 registered, 96 unregistered
[36.840s][info][gc,metaspace] GC(20) Metaspace: 16M used, 16M committed, 1088M reserved
[36.840s][info][gc,ref      ] GC(20) Soft: 250 encountered, 0 discovered, 0 enqueued
[36.840s][info][gc,ref      ] GC(20) Weak: 985 encountered, 92 discovered, 0 enqueued
[36.840s][info][gc,ref      ] GC(20) Final: 0 encountered, 0 discovered, 0 enqueued
[36.840s][info][gc,ref      ] GC(20) Phantom: 35 encountered, 15 discovered, 0 enqueued
[36.840s][info][gc,reloc    ] GC(20) Small Pages: 143 / 286M, Empty: 0M, Relocated: 8M, In-Place: 0
[36.840s][info][gc,reloc    ] GC(20) Medium Pages: 1 / 32M, Empty: 0M, Relocated: 0M, In-Place: 0
[36.840s][info][gc,reloc    ] GC(20) Large Pages: 0 / 0M, Empty: 0M, Relocated: 0M, In-Place: 0
[36.840s][info][gc,reloc    ] GC(20) Forwarding Usage: 6M
[36.840s][info][gc,heap     ] GC(20) Min Capacity: 8M(0%)
[36.840s][info][gc,heap     ] GC(20) Max Capacity: 4096M(100%)
[36.840s][info][gc,heap     ] GC(20) Soft Max Capacity: 4096M(100%)
[36.840s][info][gc,heap     ] GC(20)                Mark Start          Mark End        Relocate Start      Relocate End           High               Low         
[36.840s][info][gc,heap     ] GC(20)  Capacity:     2954M (72%)        2954M (72%)        2954M (72%)        2954M (72%)        2954M (72%)        2954M (72%)    
[36.840s][info][gc,heap     ] GC(20)      Free:     3778M (92%)        3694M (90%)        3682M (90%)        3674M (90%)        3778M (92%)        3636M (89%)    
[36.840s][info][gc,heap     ] GC(20)      Used:      318M (8%)          402M (10%)         414M (10%)         422M (10%)         460M (11%)         318M (8%)     
[36.840s][info][gc,heap     ] GC(20)      Live:         -               172M (4%)          172M (4%)          172M (4%)             -                  -          
[36.840s][info][gc,heap     ] GC(20) Allocated:         -                84M (2%)           96M (2%)          139M (3%)             -                  -          
[36.840s][info][gc,heap     ] GC(20)   Garbage:         -               145M (4%)          145M (4%)          109M (3%)             -                  -          
[36.840s][info][gc,heap     ] GC(20) Reclaimed:         -                  -                 0M (0%)           35M (1%)             -                  -          
[36.840s][info][gc          ] GC(20) Garbage Collection (Allocation Rate) 318M(8%)->422M(10%)
[36.857s][info][gc,start    ] GC(21) Garbage Collection (Allocation Rate)
[36.857s][info][gc,task     ] GC(21) Using 12 workers
[36.858s][info][gc,phases   ] GC(21) Pause Mark Start 0.013ms
[36.942s][info][gc,phases   ] GC(21) Concurrent Mark 84.791ms
[36.943s][info][gc,phases   ] GC(21) Pause Mark End 0.019ms
[36.943s][info][gc,phases   ] GC(21) Concurrent Mark Free 0.001ms
[36.943s][info][gc,phases   ] GC(21) Concurrent Process Non-Strong References 0.708ms
[36.943s][info][gc,phases   ] GC(21) Concurrent Reset Relocation Set 0.004ms
[36.954s][info][gc,phases   ] GC(21) Concurrent Select Relocation Set 10.329ms
[36.954s][info][gc,phases   ] GC(21) Pause Relocate Start 0.009ms
[36.961s][info][gc,phases   ] GC(21) Concurrent Relocate 7.197ms
[36.961s][info][gc,load     ] GC(21) Load: 0.00/0.00/0.00
[36.961s][info][gc,mmu      ] GC(21) MMU: 2ms/98.3%, 5ms/99.3%, 10ms/99.6%, 20ms/99.7%, 50ms/99.9%, 100ms/99.9%
[36.961s][info][gc,marking  ] GC(21) Mark: 8 stripe(s), 2 proactive flush(es), 1 terminate flush(es), 0 completion(s), 0 continuation(s) 
[36.961s][info][gc,marking  ] GC(21) Mark Stack Usage: 32M
[36.961s][info][gc,nmethod  ] GC(21) NMethods: 2429 registered, 96 unregistered
[36.961s][info][gc,metaspace] GC(21) Metaspace: 16M used, 16M committed, 1088M reserved
[36.961s][info][gc,ref      ] GC(21) Soft: 250 encountered, 0 discovered, 0 enqueued
[36.961s][info][gc,ref      ] GC(21) Weak: 985 encountered, 144 discovered, 0 enqueued
[36.961s][info][gc,ref      ] GC(21) Final: 0 encountered, 0 discovered, 0 enqueued
[36.961s][info][gc,ref      ] GC(21) Phantom: 35 encountered, 20 discovered, 0 enqueued
[36.961s][info][gc,reloc    ] GC(21) Small Pages: 206 / 412M, Empty: 0M, Relocated: 15M, In-Place: 0
[36.961s][info][gc,reloc    ] GC(21) Medium Pages: 1 / 32M, Empty: 0M, Relocated: 0M, In-Place: 0
[36.962s][info][gc,reloc    ] GC(21) Large Pages: 0 / 0M, Empty: 0M, Relocated: 0M, In-Place: 0
[36.962s][info][gc,reloc    ] GC(21) Forwarding Usage: 11M
[36.962s][info][gc,heap     ] GC(21) Min Capacity: 8M(0%)
[36.962s][info][gc,heap     ] GC(21) Max Capacity: 4096M(100%)
[36.962s][info][gc,heap     ] GC(21) Soft Max Capacity: 4096M(100%)
[36.962s][info][gc,heap     ] GC(21)                Mark Start          Mark End        Relocate Start      Relocate End           High               Low         
[36.962s][info][gc,heap     ] GC(21)  Capacity:     2954M (72%)        2954M (72%)        2954M (72%)        2954M (72%)        2954M (72%)        2954M (72%)    
[36.962s][info][gc,heap     ] GC(21)      Free:     3652M (89%)        3564M (87%)        3552M (87%)        3594M (88%)        3652M (89%)        3540M (86%)    
[36.962s][info][gc,heap     ] GC(21)      Used:      444M (11%)         532M (13%)         544M (13%)         502M (12%)         556M (14%)         444M (11%)    
[36.962s][info][gc,heap     ] GC(21)      Live:         -               239M (6%)          239M (6%)          239M (6%)             -                  -          
[36.962s][info][gc,heap     ] GC(21) Allocated:         -                88M (2%)          100M (2%)          135M (3%)             -                  -          
[36.962s][info][gc,heap     ] GC(21)   Garbage:         -               204M (5%)          204M (5%)          126M (3%)             -                  -          
[36.962s][info][gc,heap     ] GC(21) Reclaimed:         -                  -                 0M (0%)           77M (2%)             -                  -          
[36.962s][info][gc          ] GC(21) Garbage Collection (Allocation Rate) 444M(11%)->502M(12%)
[37.746s][info][gc,start    ] GC(22) Garbage Collection (Allocation Rate)
[37.746s][info][gc,task     ] GC(22) Using 12 workers
[37.747s][info][gc,phases   ] GC(22) Pause Mark Start 0.021ms
[37.902s][info][gc,phases   ] GC(22) Concurrent Mark 155.659ms
[37.903s][info][gc,phases   ] GC(22) Pause Mark End 0.019ms
[37.903s][info][gc,phases   ] GC(22) Concurrent Mark Free 0.001ms
[37.903s][info][gc,phases   ] GC(22) Concurrent Process Non-Strong References 0.640ms
[37.903s][info][gc,phases   ] GC(22) Concurrent Reset Relocation Set 0.012ms
[37.921s][info][gc,phases   ] GC(22) Concurrent Select Relocation Set 17.764ms
[37.921s][info][gc,phases   ] GC(22) Pause Relocate Start 0.009ms
[37.939s][info][gc,phases   ] GC(22) Concurrent Relocate 17.258ms
[37.939s][info][gc,load     ] GC(22) Load: 0.00/0.00/0.00
[37.939s][info][gc,mmu      ] GC(22) MMU: 2ms/98.3%, 5ms/99.3%, 10ms/99.6%, 20ms/99.7%, 50ms/99.9%, 100ms/99.9%
[37.939s][info][gc,marking  ] GC(22) Mark: 8 stripe(s), 2 proactive flush(es), 1 terminate flush(es), 0 completion(s), 0 continuation(s) 
[37.939s][info][gc,marking  ] GC(22) Mark Stack Usage: 32M
[37.939s][info][gc,nmethod  ] GC(22) NMethods: 2432 registered, 96 unregistered
[37.939s][info][gc,metaspace] GC(22) Metaspace: 16M used, 16M committed, 1088M reserved
[37.939s][info][gc,ref      ] GC(22) Soft: 250 encountered, 0 discovered, 0 enqueued
[37.939s][info][gc,ref      ] GC(22) Weak: 985 encountered, 130 discovered, 0 enqueued
[37.939s][info][gc,ref      ] GC(22) Final: 0 encountered, 0 discovered, 0 enqueued
[37.939s][info][gc,ref      ] GC(22) Phantom: 35 encountered, 19 discovered, 0 enqueued
[37.939s][info][gc,reloc    ] GC(22) Small Pages: 514 / 1028M, Empty: 0M, Relocated: 50M, In-Place: 0
[37.939s][info][gc,reloc    ] GC(22) Medium Pages: 2 / 64M, Empty: 0M, Relocated: 3M, In-Place: 0
[37.939s][info][gc,reloc    ] GC(22) Large Pages: 0 / 0M, Empty: 0M, Relocated: 0M, In-Place: 0
[37.939s][info][gc,reloc    ] GC(22) Forwarding Usage: 27M
[37.939s][info][gc,heap     ] GC(22) Min Capacity: 8M(0%)
[37.939s][info][gc,heap     ] GC(22) Max Capacity: 4096M(100%)
[37.939s][info][gc,heap     ] GC(22) Soft Max Capacity: 4096M(100%)
[37.939s][info][gc,heap     ] GC(22)                Mark Start          Mark End        Relocate Start      Relocate End           High               Low         
[37.939s][info][gc,heap     ] GC(22)  Capacity:     2986M (73%)        2986M (73%)        2986M (73%)        3018M (74%)        3018M (74%)        2986M (73%)    
[37.939s][info][gc,heap     ] GC(22)      Free:     3004M (73%)        2908M (71%)        2908M (71%)        3158M (77%)        3158M (77%)        2854M (70%)    
[37.939s][info][gc,heap     ] GC(22)      Used:     1092M (27%)        1188M (29%)        1188M (29%)         938M (23%)        1242M (30%)         938M (23%)    
[37.939s][info][gc,heap     ] GC(22)      Live:         -               571M (14%)         571M (14%)         571M (14%)            -                  -          
[37.939s][info][gc,heap     ] GC(22) Allocated:         -                96M (2%)           96M (2%)           97M (2%)             -                  -          
[37.939s][info][gc,heap     ] GC(22)   Garbage:         -               520M (13%)         520M (13%)         268M (7%)             -                  -          
[37.939s][info][gc,heap     ] GC(22) Reclaimed:         -                  -                 0M (0%)          251M (6%)             -                  -          
[37.939s][info][gc          ] GC(22) Garbage Collection (Allocation Rate) 1092M(27%)->938M(23%)
[37.949s][info][gc,start    ] GC(23) Garbage Collection (Allocation Rate)
[37.949s][info][gc,task     ] GC(23) Using 12 workers
[37.949s][info][gc,phases   ] GC(23) Pause Mark Start 0.009ms
[37.965s][info][gc,phases   ] GC(23) Concurrent Mark 15.413ms
[37.965s][info][gc,phases   ] GC(23) Pause Mark End 0.016ms
[37.965s][info][gc,phases   ] GC(23) Concurrent Mark Free 0.000ms
[37.966s][info][gc,phases   ] GC(23) Concurrent Process Non-Strong References 0.742ms
[37.966s][info][gc,phases   ] GC(23) Concurrent Reset Relocation Set 0.034ms
[37.975s][info][gc,phases   ] GC(23) Concurrent Select Relocation Set 8.603ms
[37.975s][info][gc,phases   ] GC(23) Pause Relocate Start 0.006ms
[37.976s][info][gc,phases   ] GC(23) Concurrent Relocate 1.596ms
[37.976s][info][gc,load     ] GC(23) Load: 0.00/0.00/0.00
[37.976s][info][gc,mmu      ] GC(23) MMU: 2ms/98.3%, 5ms/99.3%, 10ms/99.6%, 20ms/99.7%, 50ms/99.9%, 100ms/99.9%
[37.976s][info][gc,marking  ] GC(23) Mark: 8 stripe(s), 2 proactive flush(es), 1 terminate flush(es), 0 completion(s), 0 continuation(s) 
[37.976s][info][gc,marking  ] GC(23) Mark Stack Usage: 32M
[37.976s][info][gc,nmethod  ] GC(23) NMethods: 2431 registered, 97 unregistered
[37.976s][info][gc,metaspace] GC(23) Metaspace: 16M used, 16M committed, 1088M reserved
[37.976s][info][gc,ref      ] GC(23) Soft: 250 encountered, 0 discovered, 0 enqueued
[37.976s][info][gc,ref      ] GC(23) Weak: 987 encountered, 126 discovered, 5 enqueued
[37.976s][info][gc,ref      ] GC(23) Final: 0 encountered, 0 discovered, 0 enqueued
[37.976s][info][gc,ref      ] GC(23) Phantom: 35 encountered, 18 discovered, 0 enqueued
[37.976s][info][gc,reloc    ] GC(23) Small Pages: 453 / 906M, Empty: 798M, Relocated: 2M, In-Place: 0
[37.976s][info][gc,reloc    ] GC(23) Medium Pages: 1 / 32M, Empty: 32M, Relocated: 0M, In-Place: 0
[37.976s][info][gc,reloc    ] GC(23) Large Pages: 0 / 0M, Empty: 0M, Relocated: 0M, In-Place: 0
[37.976s][info][gc,reloc    ] GC(23) Forwarding Usage: 0M
[37.976s][info][gc,heap     ] GC(23) Min Capacity: 8M(0%)
[37.976s][info][gc,heap     ] GC(23) Max Capacity: 4096M(100%)
[37.977s][info][gc,heap     ] GC(23) Soft Max Capacity: 4096M(100%)
[37.977s][info][gc,heap     ] GC(23)                Mark Start          Mark End        Relocate Start      Relocate End           High               Low         
[37.977s][info][gc,heap     ] GC(23)  Capacity:     3018M (74%)        3018M (74%)        3018M (74%)        3018M (74%)        3018M (74%)        3018M (74%)    
[37.977s][info][gc,heap     ] GC(23)      Free:     3158M (77%)        3156M (77%)        3986M (97%)        4044M (99%)        4044M (99%)        3156M (77%)    
[37.977s][info][gc,heap     ] GC(23)      Used:      938M (23%)         940M (23%)         110M (3%)           52M (1%)          940M (23%)          52M (1%)     
[37.977s][info][gc,heap     ] GC(23)      Live:         -                11M (0%)           11M (0%)           11M (0%)             -                  -          
[37.977s][info][gc,heap     ] GC(23) Allocated:         -                 2M (0%)            2M (0%)           17M (0%)             -                  -          
[37.977s][info][gc,heap     ] GC(23)   Garbage:         -               926M (23%)          96M (2%)           22M (1%)             -                  -          
[37.977s][info][gc,heap     ] GC(23) Reclaimed:         -                  -               830M (20%)         903M (22%)            -                  -          
[37.977s][info][gc          ] GC(23) Garbage Collection (Allocation Rate) 938M(23%)->52M(1%)
[40.148s][info][gc,stats    ] === Garbage Collection Statistics =======================================================================================================================
[40.148s][info][gc,stats    ]                                                              Last 10s              Last 10m              Last 10h                Total
[40.148s][info][gc,stats    ]                                                              Avg / Max             Avg / Max             Avg / Max             Avg / Max
[40.148s][info][gc,stats    ]   Collector: Garbage Collection Cycle                    122.204 / 333.038     186.739 / 577.032     186.739 / 577.032     186.739 / 577.032     ms
[40.148s][info][gc,stats    ]  Contention: Mark Segment Reset Contention                     4 / 24                3 / 32                3 / 32                3 / 32          ops/s
[40.148s][info][gc,stats    ]  Contention: Mark SeqNum Reset Contention                      0 / 1                 0 / 2                 0 / 2                 0 / 2           ops/s
[40.148s][info][gc,stats    ]    Critical: Allocation Stall                                  0 / 0                 0 / 0                 0 / 0                 0 / 0           ops/s
[40.148s][info][gc,stats    ]    Critical: Allocation Stall                              0.000 / 0.000         0.000 / 0.000         0.000 / 0.000         0.000 / 0.000       ms
[40.148s][info][gc,stats    ]    Critical: GC Locker Stall                                   0 / 0                 0 / 0                 0 / 0                 0 / 0           ops/s
[40.148s][info][gc,stats    ]    Critical: GC Locker Stall                               0.000 / 0.000         0.000 / 0.000         0.000 / 0.000         0.000 / 0.000       ms
[40.148s][info][gc,stats    ]    Critical: Relocation Stall                                  0 / 0                 0 / 0                 0 / 0                 0 / 0           ops/s
[40.148s][info][gc,stats    ]    Critical: Relocation Stall                              0.000 / 0.000         0.000 / 0.000         0.000 / 0.000         0.000 / 0.000       ms
[40.149s][info][gc,stats    ]      Memory: Allocation Rate                                 742 / 3310            583 / 3516            583 / 3516            583 / 3516        MB/s
[40.149s][info][gc,stats    ]      Memory: Defragment                                        3 / 32                1 / 32                1 / 32                1 / 32          ops/s
[40.149s][info][gc,stats    ]      Memory: Out Of Memory                                     0 / 0                 0 / 0                 0 / 0                 0 / 0           ops/s
[40.149s][info][gc,stats    ]      Memory: Page Cache Flush                                  6 / 64                3 / 64                3 / 64                3 / 64          MB/s
[40.149s][info][gc,stats    ]      Memory: Page Cache Hit L1                               389 / 1578            268 / 1578            268 / 1578            268 / 1578        ops/s
[40.149s][info][gc,stats    ]      Memory: Page Cache Hit L2                                 0 / 0                 0 / 0                 0 / 0                 0 / 0           ops/s
[40.149s][info][gc,stats    ]      Memory: Page Cache Hit L3                                 3 / 28               27 / 525              27 / 525              27 / 525         ops/s
[40.149s][info][gc,stats    ]      Memory: Page Cache Miss                                   9 / 95                9 / 219               9 / 219               9 / 219         ops/s
[40.149s][info][gc,stats    ]      Memory: Uncommit                                          0 / 0                 0 / 0                 0 / 0                 0 / 0           MB/s
[40.149s][info][gc,stats    ]      Memory: Undo Object Allocation Failed                     0 / 0                 0 / 1                 0 / 1                 0 / 1           ops/s
[40.149s][info][gc,stats    ]      Memory: Undo Object Allocation Succeeded                  7 / 41               10 / 134              10 / 134              10 / 134         ops/s
[40.149s][info][gc,stats    ]      Memory: Undo Page Allocation                              2 / 27                3 / 77                3 / 77                3 / 77          ops/s
[40.149s][info][gc,stats    ]       Phase: Concurrent Mark                              75.416 / 155.775      94.932 / 324.257      94.932 / 324.257      94.932 / 324.257     ms
[40.149s][info][gc,stats    ]       Phase: Concurrent Mark Continue                      0.000 / 0.000         0.000 / 0.000         0.000 / 0.000         0.000 / 0.000       ms
[40.149s][info][gc,stats    ]       Phase: Concurrent Mark Free                          0.001 / 0.001         0.001 / 0.004         0.001 / 0.004         0.001 / 0.004       ms
[40.149s][info][gc,stats    ]       Phase: Concurrent Process Non-Strong References      2.574 / 18.057       11.503 / 72.793       11.503 / 72.793       11.503 / 72.793      ms
[40.149s][info][gc,stats    ]       Phase: Concurrent Relocate                          13.817 / 102.653      14.901 / 102.653      14.901 / 102.653      14.901 / 102.653     ms
[40.149s][info][gc,stats    ]       Phase: Concurrent Reset Relocation Set               0.028 / 0.176         0.029 / 0.176         0.029 / 0.176         0.029 / 0.176       ms
[40.149s][info][gc,stats    ]       Phase: Concurrent Select Relocation Set             21.283 / 72.717       35.905 / 148.744      35.905 / 148.744      35.905 / 148.744     ms
[40.149s][info][gc,stats    ]       Phase: Pause Mark End                                0.021 / 0.026         0.022 / 0.034         0.022 / 0.034         0.022 / 0.034       ms
[40.149s][info][gc,stats    ]       Phase: Pause Mark Start                              0.014 / 0.021         0.014 / 0.028         0.014 / 0.028         0.014 / 0.028       ms
[40.149s][info][gc,stats    ]       Phase: Pause Relocate Start                          0.008 / 0.010         0.008 / 0.020         0.008 / 0.020         0.008 / 0.020       ms
[40.149s][info][gc,stats    ]    Subphase: Concurrent Classes Purge                      0.019 / 0.073         0.220 / 2.525         0.220 / 2.525         0.220 / 2.525       ms
[40.149s][info][gc,stats    ]    Subphase: Concurrent Classes Unlink                     0.719 / 1.843         2.922 / 37.314        2.922 / 37.314        2.922 / 37.314      ms
[40.149s][info][gc,stats    ]    Subphase: Concurrent Mark                              78.593 / 154.441      82.726 / 233.226      82.726 / 233.226      82.726 / 233.226     ms
[40.149s][info][gc,stats    ]    Subphase: Concurrent Mark Try Flush                     5.411 / 62.491        9.380 / 62.493        9.380 / 62.493        9.380 / 62.493      ms
[40.149s][info][gc,stats    ]    Subphase: Concurrent Mark Try Terminate                13.025 / 62.492       13.182 / 62.495       13.182 / 62.495       13.182 / 62.495      ms
[40.149s][info][gc,stats    ]    Subphase: Concurrent References Enqueue                 0.002 / 0.005         0.002 / 0.005         0.002 / 0.005         0.002 / 0.005       ms
[40.150s][info][gc,stats    ]    Subphase: Concurrent References Process                 0.082 / 0.519         0.106 / 0.519         0.106 / 0.519         0.106 / 0.519       ms
[40.150s][info][gc,stats    ]    Subphase: Concurrent Roots ClassLoaderDataGraph         0.049 / 0.484         0.072 / 1.367         0.072 / 1.367         0.072 / 1.367       ms
[40.150s][info][gc,stats    ]    Subphase: Concurrent Roots CodeCache                    0.000 / 0.000         0.000 / 0.000         0.000 / 0.000         0.000 / 0.000       ms
[40.150s][info][gc,stats    ]    Subphase: Concurrent Roots JavaThreads                  0.723 / 7.123        13.428 / 275.651      13.428 / 275.651      13.428 / 275.651     ms
[40.150s][info][gc,stats    ]    Subphase: Concurrent Roots OopStorageSet                0.017 / 0.069         0.113 / 2.056         0.113 / 2.056         0.113 / 2.056       ms
[40.150s][info][gc,stats    ]    Subphase: Concurrent Weak Roots OopStorageSet           0.103 / 0.464         0.118 / 0.464         0.118 / 0.464         0.118 / 0.464       ms
[40.150s][info][gc,stats    ]    Subphase: Pause Mark Try Complete                       0.000 / 0.000         0.000 / 0.000         0.000 / 0.000         0.000 / 0.000       ms
[40.150s][info][gc,stats    ]      System: Java Threads                                     62 / 62               62 / 74               62 / 74               62 / 74          threads
[40.150s][info][gc,stats    ] =========================================================================================================================================================
[47.489s][info][gc,start    ] GC(24) Garbage Collection (System.gc())
[47.489s][info][gc,task     ] GC(24) Using 12 workers
[47.489s][info][gc,phases   ] GC(24) Pause Mark Start 0.018ms
[47.504s][info][gc,phases   ] GC(24) Concurrent Mark 15.074ms
[47.504s][info][gc,phases   ] GC(24) Pause Mark End 0.024ms
[47.504s][info][gc,phases   ] GC(24) Concurrent Mark Free 0.001ms
[47.506s][info][gc,phases   ] GC(24) Concurrent Process Non-Strong References 1.012ms
[47.506s][info][gc,phases   ] GC(24) Concurrent Reset Relocation Set 0.006ms
[47.512s][info][gc,phases   ] GC(24) Concurrent Select Relocation Set 6.054ms
[47.512s][info][gc,phases   ] GC(24) Pause Relocate Start 0.006ms
[47.513s][info][gc,phases   ] GC(24) Concurrent Relocate 1.016ms
[47.513s][info][gc,load     ] GC(24) Load: 0.00/0.00/0.00
[47.513s][info][gc,mmu      ] GC(24) MMU: 2ms/98.3%, 5ms/99.3%, 10ms/99.6%, 20ms/99.7%, 50ms/99.9%, 100ms/99.9%
[47.513s][info][gc,marking  ] GC(24) Mark: 8 stripe(s), 1 proactive flush(es), 1 terminate flush(es), 0 completion(s), 0 continuation(s) 
[47.513s][info][gc,marking  ] GC(24) Mark Stack Usage: 32M
[47.513s][info][gc,nmethod  ] GC(24) NMethods: 2437 registered, 99 unregistered
[47.513s][info][gc,metaspace] GC(24) Metaspace: 16M used, 16M committed, 1088M reserved
[47.513s][info][gc,ref      ] GC(24) Soft: 250 encountered, 0 discovered, 0 enqueued
[47.513s][info][gc,ref      ] GC(24) Weak: 992 encountered, 79 discovered, 5 enqueued
[47.513s][info][gc,ref      ] GC(24) Final: 0 encountered, 0 discovered, 0 enqueued
[47.513s][info][gc,ref      ] GC(24) Phantom: 35 encountered, 30 discovered, 0 enqueued
[47.513s][info][gc,reloc    ] GC(24) Small Pages: 1300 / 2600M, Empty: 2518M, Relocated: 3M, In-Place: 0
[47.513s][info][gc,reloc    ] GC(24) Medium Pages: 0 / 0M, Empty: 0M, Relocated: 0M, In-Place: 0
[47.513s][info][gc,reloc    ] GC(24) Large Pages: 2 / 12M, Empty: 12M, Relocated: 0M, In-Place: 0
[47.513s][info][gc,reloc    ] GC(24) Forwarding Usage: 0M
[47.513s][info][gc,heap     ] GC(24) Min Capacity: 8M(0%)
[47.513s][info][gc,heap     ] GC(24) Max Capacity: 4096M(100%)
[47.513s][info][gc,heap     ] GC(24) Soft Max Capacity: 4096M(100%)
[47.513s][info][gc,heap     ] GC(24)                Mark Start          Mark End        Relocate Start      Relocate End           High               Low         
[47.513s][info][gc,heap     ] GC(24)  Capacity:     3018M (74%)        3018M (74%)        3018M (74%)        3018M (74%)        3018M (74%)        3018M (74%)    
[47.514s][info][gc,heap     ] GC(24)      Free:     1484M (36%)        1484M (36%)        4014M (98%)        4060M (99%)        4060M (99%)        1484M (36%)    
[47.514s][info][gc,heap     ] GC(24)      Used:     2612M (64%)        2612M (64%)          82M (2%)           36M (1%)         2612M (64%)          36M (1%)     
[47.514s][info][gc,heap     ] GC(24)      Live:         -                13M (0%)           13M (0%)           13M (0%)             -                  -          
[47.514s][info][gc,heap     ] GC(24) Allocated:         -                 0M (0%)            0M (0%)            0M (0%)             -                  -          
[47.514s][info][gc,heap     ] GC(24)   Garbage:         -              2598M (63%)          68M (2%)           22M (1%)             -                  -          
[47.514s][info][gc,heap     ] GC(24) Reclaimed:         -                  -              2530M (62%)        2576M (63%)            -                  -          
[47.514s][info][gc          ] GC(24) Garbage Collection (System.gc()) 2612M(64%)->36M(1%)
[49.456s][info][gc,start    ] GC(25) Garbage Collection (Allocation Rate)
[49.456s][info][gc,task     ] GC(25) Using 12 workers
[49.456s][info][gc,phases   ] GC(25) Pause Mark Start 0.014ms
[49.806s][info][gc,phases   ] GC(25) Concurrent Mark 327.081ms
[49.837s][info][gc,phases   ] GC(25) Pause Mark End 0.024ms
[49.851s][info][gc,phases   ] GC(25) Concurrent Mark Free 0.001ms
[49.868s][info][gc,phases   ] GC(25) Concurrent Process Non-Strong References 17.465ms
[49.868s][info][gc,phases   ] GC(25) Concurrent Reset Relocation Set 0.009ms
[49.898s][info][gc,phases   ] GC(25) Concurrent Select Relocation Set 29.831ms
[49.899s][info][gc,phases   ] GC(25) Pause Relocate Start 0.009ms
[49.902s][info][gc,phases   ] GC(25) Concurrent Relocate 2.263ms
[49.902s][info][gc,load     ] GC(25) Load: 0.00/0.00/0.00
[49.902s][info][gc,mmu      ] GC(25) MMU: 2ms/98.3%, 5ms/99.3%, 10ms/99.6%, 20ms/99.7%, 50ms/99.9%, 100ms/99.9%
[49.902s][info][gc,marking  ] GC(25) Mark: 8 stripe(s), 3 proactive flush(es), 1 terminate flush(es), 0 completion(s), 0 continuation(s) 
[49.902s][info][gc,marking  ] GC(25) Mark Stack Usage: 32M
[49.902s][info][gc,nmethod  ] GC(25) NMethods: 2438 registered, 102 unregistered
[49.902s][info][gc,metaspace] GC(25) Metaspace: 16M used, 16M committed, 1088M reserved
[49.902s][info][gc,ref      ] GC(25) Soft: 250 encountered, 0 discovered, 0 enqueued
[49.902s][info][gc,ref      ] GC(25) Weak: 992 encountered, 55 discovered, 5 enqueued
[49.902s][info][gc,ref      ] GC(25) Final: 0 encountered, 0 discovered, 0 enqueued
[49.902s][info][gc,ref      ] GC(25) Phantom: 35 encountered, 18 discovered, 0 enqueued
[49.902s][info][gc,reloc    ] GC(25) Small Pages: 1343 / 2686M, Empty: 2258M, Relocated: 6M, In-Place: 0
[49.902s][info][gc,reloc    ] GC(25) Medium Pages: 0 / 0M, Empty: 0M, Relocated: 0M, In-Place: 0
[49.902s][info][gc,reloc    ] GC(25) Large Pages: 0 / 0M, Empty: 0M, Relocated: 0M, In-Place: 0
[49.902s][info][gc,reloc    ] GC(25) Forwarding Usage: 2M
[49.902s][info][gc,heap     ] GC(25) Min Capacity: 8M(0%)
[49.902s][info][gc,heap     ] GC(25) Max Capacity: 4096M(100%)
[49.902s][info][gc,heap     ] GC(25) Soft Max Capacity: 4096M(100%)
[49.902s][info][gc,heap     ] GC(25)                Mark Start          Mark End        Relocate Start      Relocate End           High               Low         
[49.902s][info][gc,heap     ] GC(25)  Capacity:     3018M (74%)        3468M (85%)        3480M (85%)        3480M (85%)        3480M (85%)        3018M (74%)    
[49.902s][info][gc,heap     ] GC(25)      Free:     1410M (34%)         644M (16%)        2732M (67%)        3098M (76%)        3098M (76%)         616M (15%)    
[49.902s][info][gc,heap     ] GC(25)      Used:     2686M (66%)        3452M (84%)        1364M (33%)         998M (24%)        3480M (85%)         998M (24%)    
[49.902s][info][gc,heap     ] GC(25)      Live:         -                15M (0%)           15M (0%)           15M (0%)             -                  -          
[49.902s][info][gc,heap     ] GC(25) Allocated:         -               766M (19%)         936M (23%)         963M (24%)            -                  -          
[49.902s][info][gc,heap     ] GC(25)   Garbage:         -              2670M (65%)         412M (10%)          18M (0%)             -                  -          
[49.902s][info][gc,heap     ] GC(25) Reclaimed:         -                  -              2258M (55%)        2651M (65%)            -                  -          
[49.902s][info][gc          ] GC(25) Garbage Collection (Allocation Rate) 2686M(66%)->998M(24%)
[49.946s][info][gc,start    ] GC(26) Garbage Collection (Allocation Rate)
[49.947s][info][gc,task     ] GC(26) Using 12 workers
[49.947s][info][gc,phases   ] GC(26) Pause Mark Start 0.012ms
[50.072s][info][gc,phases   ] GC(26) Concurrent Mark 94.420ms
[50.072s][info][gc,phases   ] GC(26) Pause Mark End 0.023ms
[50.150s][info][gc,stats    ] === Garbage Collection Statistics =======================================================================================================================
[50.150s][info][gc,stats    ]                                                              Last 10s              Last 10m              Last 10h                Total
[50.150s][info][gc,stats    ]                                                              Avg / Max             Avg / Max             Avg / Max             Avg / Max
[50.150s][info][gc,stats    ]   Collector: Garbage Collection Cycle                    235.038 / 445.867     190.454 / 577.032     190.454 / 577.032     190.454 / 577.032     ms
[50.150s][info][gc,stats    ]  Contention: Mark Segment Reset Contention                     1 / 18                3 / 32                3 / 32                3 / 32          ops/s
[50.150s][info][gc,stats    ]  Contention: Mark SeqNum Reset Contention                      0 / 0                 0 / 2                 0 / 2                 0 / 2           ops/s
[50.150s][info][gc,stats    ]    Critical: Allocation Stall                                  0 / 0                 0 / 0                 0 / 0                 0 / 0           ops/s
[50.150s][info][gc,stats    ]    Critical: Allocation Stall                              0.000 / 0.000         0.000 / 0.000         0.000 / 0.000         0.000 / 0.000       ms
[50.150s][info][gc,stats    ]    Critical: GC Locker Stall                                   0 / 0                 0 / 0                 0 / 0                 0 / 0           ops/s
[50.150s][info][gc,stats    ]    Critical: GC Locker Stall                               0.000 / 0.000         0.000 / 0.000         0.000 / 0.000         0.000 / 0.000       ms
[50.150s][info][gc,stats    ]    Critical: Relocation Stall                                  0 / 0                 0 / 0                 0 / 0                 0 / 0           ops/s
[50.150s][info][gc,stats    ]    Critical: Relocation Stall                              0.000 / 0.000         0.000 / 0.000         0.000 / 0.000         0.000 / 0.000       ms
[50.150s][info][gc,stats    ]      Memory: Allocation Rate                                 735 / 4654            614 / 4654            614 / 4654            614 / 4654        MB/s
[50.150s][info][gc,stats    ]      Memory: Defragment                                        4 / 48                2 / 48                2 / 48                2 / 48          ops/s
[50.150s][info][gc,stats    ]      Memory: Out Of Memory                                     0 / 0                 0 / 0                 0 / 0                 0 / 0           ops/s
[50.150s][info][gc,stats    ]      Memory: Page Cache Flush                                  9 / 96                4 / 96                4 / 96                4 / 96          MB/s
[50.150s][info][gc,stats    ]      Memory: Page Cache Hit L1                               342 / 2065            283 / 2065            283 / 2065            283 / 2065        ops/s
[50.150s][info][gc,stats    ]      Memory: Page Cache Hit L2                                 0 / 0                 0 / 0                 0 / 0                 0 / 0           ops/s
[50.150s][info][gc,stats    ]      Memory: Page Cache Hit L3                                 4 / 43               22 / 525              22 / 525              22 / 525         ops/s
[50.150s][info][gc,stats    ]      Memory: Page Cache Miss                                  23 / 231              12 / 231              12 / 231              12 / 231         ops/s
[50.150s][info][gc,stats    ]      Memory: Uncommit                                          0 / 0                 0 / 0                 0 / 0                 0 / 0           MB/s
[50.150s][info][gc,stats    ]      Memory: Undo Object Allocation Failed                     0 / 0                 0 / 1                 0 / 1                 0 / 1           ops/s
[50.150s][info][gc,stats    ]      Memory: Undo Object Allocation Succeeded                  2 / 21                9 / 134               9 / 134               9 / 134         ops/s
[50.150s][info][gc,stats    ]      Memory: Undo Page Allocation                             10 / 104               5 / 104               5 / 104               5 / 104         ops/s
[50.150s][info][gc,stats    ]       Phase: Concurrent Mark                             145.525 / 327.081     100.553 / 327.081     100.553 / 327.081     100.553 / 327.081     ms
[50.150s][info][gc,stats    ]       Phase: Concurrent Mark Continue                      0.000 / 0.000         0.000 / 0.000         0.000 / 0.000         0.000 / 0.000       ms
[50.150s][info][gc,stats    ]       Phase: Concurrent Mark Free                          0.001 / 0.001         0.001 / 0.004         0.001 / 0.004         0.001 / 0.004       ms
[50.150s][info][gc,stats    ]       Phase: Concurrent Process Non-Strong References      9.239 / 17.465       11.329 / 72.793       11.329 / 72.793       11.329 / 72.793      ms
[50.150s][info][gc,stats    ]       Phase: Concurrent Relocate                           1.639 / 2.263        13.881 / 102.653      13.881 / 102.653      13.881 / 102.653     ms
[50.150s][info][gc,stats    ]       Phase: Concurrent Reset Relocation Set               0.007 / 0.009         0.028 / 0.176         0.028 / 0.176         0.028 / 0.176       ms
[50.150s][info][gc,stats    ]       Phase: Concurrent Select Relocation Set             17.942 / 29.831       34.523 / 148.744      34.523 / 148.744      34.523 / 148.744     ms
[50.150s][info][gc,stats    ]       Phase: Pause Mark End                                0.024 / 0.024         0.022 / 0.034         0.022 / 0.034         0.022 / 0.034       ms
[50.150s][info][gc,stats    ]       Phase: Pause Mark Start                              0.015 / 0.018         0.014 / 0.028         0.014 / 0.028         0.014 / 0.028       ms
[50.150s][info][gc,stats    ]       Phase: Pause Relocate Start                          0.008 / 0.009         0.008 / 0.020         0.008 / 0.020         0.008 / 0.020       ms
[50.150s][info][gc,stats    ]    Subphase: Concurrent Classes Purge                      0.024 / 0.025         0.205 / 2.525         0.205 / 2.525         0.205 / 2.525       ms
[50.151s][info][gc,stats    ]    Subphase: Concurrent Classes Unlink                     0.684 / 0.714         2.750 / 37.314        2.750 / 37.314        2.750 / 37.314      ms
[50.151s][info][gc,stats    ]    Subphase: Concurrent Mark                             134.486 / 325.823      88.856 / 325.823      88.856 / 325.823      88.856 / 325.823     ms
[50.151s][info][gc,stats    ]    Subphase: Concurrent Mark Try Flush                    41.337 / 84.361       12.648 / 84.361       12.648 / 84.361       12.648 / 84.361      ms
[50.151s][info][gc,stats    ]    Subphase: Concurrent Mark Try Terminate                10.704 / 78.096       12.389 / 78.096       12.389 / 78.096       12.389 / 78.096      ms
[50.151s][info][gc,stats    ]    Subphase: Concurrent References Enqueue                 0.004 / 0.004         0.002 / 0.005         0.002 / 0.005         0.002 / 0.005       ms
[50.151s][info][gc,stats    ]    Subphase: Concurrent References Process                 0.100 / 0.165         0.105 / 0.519         0.105 / 0.519         0.105 / 0.519       ms
[50.151s][info][gc,stats    ]    Subphase: Concurrent Roots ClassLoaderDataGraph         0.050 / 0.438         0.070 / 1.367         0.070 / 1.367         0.070 / 1.367       ms
[50.151s][info][gc,stats    ]    Subphase: Concurrent Roots CodeCache                    0.000 / 0.000         0.000 / 0.000         0.000 / 0.000         0.000 / 0.000       ms
[50.151s][info][gc,stats    ]    Subphase: Concurrent Roots JavaThreads                  3.008 / 8.377        12.177 / 275.651      12.177 / 275.651      12.177 / 275.651     ms
[50.151s][info][gc,stats    ]    Subphase: Concurrent Roots OopStorageSet                0.063 / 0.473         0.108 / 2.056         0.108 / 2.056         0.108 / 2.056       ms
[50.151s][info][gc,stats    ]    Subphase: Concurrent Weak Roots OopStorageSet           0.105 / 0.131         0.117 / 0.464         0.117 / 0.464         0.117 / 0.464       ms
[50.151s][info][gc,stats    ]    Subphase: Pause Mark Try Complete                       0.000 / 0.000         0.000 / 0.000         0.000 / 0.000         0.000 / 0.000       ms
[50.151s][info][gc,stats    ]      System: Java Threads                                     62 / 62               62 / 74               62 / 74               62 / 74          threads
[50.151s][info][gc,stats    ] =========================================================================================================================================================
[50.156s][info][gc,phases   ] GC(26) Concurrent Mark Free 0.003ms
[50.158s][info][gc,phases   ] GC(26) Concurrent Process Non-Strong References 1.652ms
[50.158s][info][gc,phases   ] GC(26) Concurrent Reset Relocation Set 0.031ms
[50.160s][info][gc,phases   ] GC(26) Concurrent Select Relocation Set 2.410ms
[50.160s][info][gc,phases   ] GC(26) Pause Relocate Start 0.007ms
[50.162s][info][gc,phases   ] GC(26) Concurrent Relocate 1.180ms
[50.162s][info][gc,load     ] GC(26) Load: 0.00/0.00/0.00
[50.162s][info][gc,mmu      ] GC(26) MMU: 2ms/98.3%, 5ms/99.3%, 10ms/99.6%, 20ms/99.7%, 50ms/99.9%, 100ms/99.9%
[50.162s][info][gc,marking  ] GC(26) Mark: 8 stripe(s), 2 proactive flush(es), 1 terminate flush(es), 0 completion(s), 0 continuation(s) 
[50.162s][info][gc,marking  ] GC(26) Mark Stack Usage: 32M
[50.162s][info][gc,nmethod  ] GC(26) NMethods: 2438 registered, 102 unregistered
[50.162s][info][gc,metaspace] GC(26) Metaspace: 16M used, 16M committed, 1088M reserved
[50.162s][info][gc,ref      ] GC(26) Soft: 250 encountered, 0 discovered, 0 enqueued
[50.162s][info][gc,ref      ] GC(26) Weak: 987 encountered, 180 discovered, 0 enqueued
[50.162s][info][gc,ref      ] GC(26) Final: 0 encountered, 0 discovered, 0 enqueued
[50.162s][info][gc,ref      ] GC(26) Phantom: 35 encountered, 17 discovered, 0 enqueued
[50.162s][info][gc,reloc    ] GC(26) Small Pages: 709 / 1418M, Empty: 1026M, Relocated: 5M, In-Place: 0
[50.162s][info][gc,reloc    ] GC(26) Medium Pages: 0 / 0M, Empty: 0M, Relocated: 0M, In-Place: 0
[50.162s][info][gc,reloc    ] GC(26) Large Pages: 0 / 0M, Empty: 0M, Relocated: 0M, In-Place: 0
[50.162s][info][gc,reloc    ] GC(26) Forwarding Usage: 1M
[50.162s][info][gc,heap     ] GC(26) Min Capacity: 8M(0%)
[50.162s][info][gc,heap     ] GC(26) Max Capacity: 4096M(100%)
[50.162s][info][gc,heap     ] GC(26) Soft Max Capacity: 4096M(100%)
[50.162s][info][gc,heap     ] GC(26)                Mark Start          Mark End        Relocate Start      Relocate End           High               Low         
[50.162s][info][gc,heap     ] GC(26)  Capacity:     3480M (85%)        3480M (85%)        3512M (86%)        3512M (86%)        3512M (86%)        3480M (85%)    
[50.162s][info][gc,heap     ] GC(26)      Free:     2678M (65%)        2424M (59%)        3044M (74%)        3398M (83%)        3398M (83%)        2020M (49%)    
[50.162s][info][gc,heap     ] GC(26)      Used:     1418M (35%)        1672M (41%)        1052M (26%)         698M (17%)        2076M (51%)         698M (17%)    
[50.162s][info][gc,heap     ] GC(26)      Live:         -                14M (0%)           14M (0%)           14M (0%)             -                  -          
[50.162s][info][gc,heap     ] GC(26) Allocated:         -               254M (6%)          660M (16%)         661M (16%)            -                  -          
[50.162s][info][gc,heap     ] GC(26)   Garbage:         -              1403M (34%)         377M (9%)           21M (1%)             -                  -          
[50.162s][info][gc,heap     ] GC(26) Reclaimed:         -                  -              1026M (25%)        1381M (34%)            -                  -          
[50.162s][info][gc          ] GC(26) Garbage Collection (Allocation Rate) 1418M(35%)->698M(17%)
[50.259s][info][gc,start    ] GC(27) Garbage Collection (Allocation Rate)
[50.259s][info][gc,task     ] GC(27) Using 12 workers
[50.259s][info][gc,phases   ] GC(27) Pause Mark Start 0.018ms
[50.312s][info][gc,phases   ] GC(27) Concurrent Mark 53.072ms
[50.312s][info][gc,phases   ] GC(27) Pause Mark End 0.020ms
[50.313s][info][gc,phases   ] GC(27) Concurrent Mark Free 0.001ms
[50.313s][info][gc,phases   ] GC(27) Concurrent Process Non-Strong References 0.725ms
[50.313s][info][gc,phases   ] GC(27) Concurrent Reset Relocation Set 0.026ms
[50.318s][info][gc,phases   ] GC(27) Concurrent Select Relocation Set 5.152ms
[50.319s][info][gc,phases   ] GC(27) Pause Relocate Start 0.007ms
[50.323s][info][gc,phases   ] GC(27) Concurrent Relocate 4.735ms
[50.323s][info][gc,load     ] GC(27) Load: 0.00/0.00/0.00
[50.323s][info][gc,mmu      ] GC(27) MMU: 2ms/98.3%, 5ms/99.3%, 10ms/99.6%, 20ms/99.7%, 50ms/99.9%, 100ms/99.9%
[50.323s][info][gc,marking  ] GC(27) Mark: 8 stripe(s), 3 proactive flush(es), 2 terminate flush(es), 0 completion(s), 0 continuation(s) 
[50.324s][info][gc,marking  ] GC(27) Mark Stack Usage: 32M
[50.324s][info][gc,nmethod  ] GC(27) NMethods: 2438 registered, 102 unregistered
[50.324s][info][gc,metaspace] GC(27) Metaspace: 16M used, 16M committed, 1088M reserved
[50.324s][info][gc,ref      ] GC(27) Soft: 250 encountered, 0 discovered, 0 enqueued
[50.324s][info][gc,ref      ] GC(27) Weak: 989 encountered, 96 discovered, 0 enqueued
[50.324s][info][gc,ref      ] GC(27) Final: 0 encountered, 0 discovered, 0 enqueued
[50.324s][info][gc,ref      ] GC(27) Phantom: 35 encountered, 20 discovered, 0 enqueued
[50.324s][info][gc,reloc    ] GC(27) Small Pages: 401 / 802M, Empty: 544M, Relocated: 8M, In-Place: 0
[50.324s][info][gc,reloc    ] GC(27) Medium Pages: 1 / 32M, Empty: 0M, Relocated: 0M, In-Place: 0
[50.324s][info][gc,reloc    ] GC(27) Large Pages: 0 / 0M, Empty: 0M, Relocated: 0M, In-Place: 0
[50.324s][info][gc,reloc    ] GC(27) Forwarding Usage: 4M
[50.324s][info][gc,heap     ] GC(27) Min Capacity: 8M(0%)
[50.324s][info][gc,heap     ] GC(27) Max Capacity: 4096M(100%)
[50.324s][info][gc,heap     ] GC(27) Soft Max Capacity: 4096M(100%)
[50.324s][info][gc,heap     ] GC(27)                Mark Start          Mark End        Relocate Start      Relocate End           High               Low         
[50.324s][info][gc,heap     ] GC(27)  Capacity:     3512M (86%)        3512M (86%)        3512M (86%)        3512M (86%)        3512M (86%)        3512M (86%)    
[50.324s][info][gc,heap     ] GC(27)      Free:     3262M (80%)        3146M (77%)        3684M (90%)        3782M (92%)        3782M (92%)        3144M (77%)    
[50.324s][info][gc,heap     ] GC(27)      Used:      834M (20%)         950M (23%)         412M (10%)         314M (8%)          952M (23%)         314M (8%)     
[50.324s][info][gc,heap     ] GC(27)      Live:         -               105M (3%)          105M (3%)          105M (3%)             -                  -          
[50.324s][info][gc,heap     ] GC(27) Allocated:         -               116M (3%)          122M (3%)          127M (3%)             -                  -          
[50.324s][info][gc,heap     ] GC(27)   Garbage:         -               728M (18%)         184M (5%)           80M (2%)             -                  -          
[50.324s][info][gc,heap     ] GC(27) Reclaimed:         -                  -               544M (13%)         647M (16%)            -                  -          
[50.324s][info][gc          ] GC(27) Garbage Collection (Allocation Rate) 834M(20%)->314M(8%)
[50.359s][info][gc,start    ] GC(28) Garbage Collection (Allocation Rate)
[50.359s][info][gc,task     ] GC(28) Using 12 workers
[50.359s][info][gc,phases   ] GC(28) Pause Mark Start 0.017ms
[50.437s][info][gc,phases   ] GC(28) Concurrent Mark 77.716ms
[50.437s][info][gc,phases   ] GC(28) Pause Mark End 0.020ms
[50.437s][info][gc,phases   ] GC(28) Concurrent Mark Free 0.001ms
[50.438s][info][gc,phases   ] GC(28) Concurrent Process Non-Strong References 0.707ms
[50.438s][info][gc,phases   ] GC(28) Concurrent Reset Relocation Set 0.005ms
[50.445s][info][gc,phases   ] GC(28) Concurrent Select Relocation Set 6.803ms
[50.445s][info][gc,phases   ] GC(28) Pause Relocate Start 0.008ms
[50.450s][info][gc,phases   ] GC(28) Concurrent Relocate 4.416ms
[50.450s][info][gc,load     ] GC(28) Load: 0.00/0.00/0.00
[50.450s][info][gc,mmu      ] GC(28) MMU: 2ms/98.3%, 5ms/99.3%, 10ms/99.6%, 20ms/99.7%, 50ms/99.9%, 100ms/99.9%
[50.450s][info][gc,marking  ] GC(28) Mark: 8 stripe(s), 2 proactive flush(es), 1 terminate flush(es), 0 completion(s), 0 continuation(s) 
[50.450s][info][gc,marking  ] GC(28) Mark Stack Usage: 32M
[50.450s][info][gc,nmethod  ] GC(28) NMethods: 2438 registered, 102 unregistered
[50.450s][info][gc,metaspace] GC(28) Metaspace: 16M used, 16M committed, 1088M reserved
[50.450s][info][gc,ref      ] GC(28) Soft: 250 encountered, 0 discovered, 0 enqueued
[50.450s][info][gc,ref      ] GC(28) Weak: 989 encountered, 214 discovered, 0 enqueued
[50.450s][info][gc,ref      ] GC(28) Final: 0 encountered, 0 discovered, 0 enqueued
[50.450s][info][gc,ref      ] GC(28) Phantom: 35 encountered, 23 discovered, 0 enqueued
[50.450s][info][gc,reloc    ] GC(28) Small Pages: 160 / 320M, Empty: 0M, Relocated: 11M, In-Place: 0
[50.450s][info][gc,reloc    ] GC(28) Medium Pages: 1 / 32M, Empty: 0M, Relocated: 0M, In-Place: 0
[50.450s][info][gc,reloc    ] GC(28) Large Pages: 0 / 0M, Empty: 0M, Relocated: 0M, In-Place: 0
[50.450s][info][gc,reloc    ] GC(28) Forwarding Usage: 7M
[50.450s][info][gc,heap     ] GC(28) Min Capacity: 8M(0%)
[50.450s][info][gc,heap     ] GC(28) Max Capacity: 4096M(100%)
[50.450s][info][gc,heap     ] GC(28) Soft Max Capacity: 4096M(100%)
[50.450s][info][gc,heap     ] GC(28)                Mark Start          Mark End        Relocate Start      Relocate End           High               Low         
[50.450s][info][gc,heap     ] GC(28)  Capacity:     3512M (86%)        3512M (86%)        3512M (86%)        3512M (86%)        3512M (86%)        3512M (86%)    
[50.450s][info][gc,heap     ] GC(28)      Free:     3744M (91%)        3690M (90%)        3684M (90%)        3738M (91%)        3744M (91%)        3668M (90%)    
[50.450s][info][gc,heap     ] GC(28)      Used:      352M (9%)          406M (10%)         412M (10%)         358M (9%)          428M (10%)         352M (9%)     
[50.450s][info][gc,heap     ] GC(28)      Live:         -               175M (4%)          175M (4%)          175M (4%)             -                  -          
[50.450s][info][gc,heap     ] GC(28) Allocated:         -                54M (1%)           60M (1%)           75M (2%)             -                  -          
[50.450s][info][gc,heap     ] GC(28)   Garbage:         -               176M (4%)          176M (4%)          106M (3%)             -                  -          
[50.450s][info][gc,heap     ] GC(28) Reclaimed:         -                  -                 0M (0%)           69M (2%)             -                  -          
[50.450s][info][gc          ] GC(28) Garbage Collection (Allocation Rate) 352M(9%)->358M(9%)
[50.750s][info][gc,start    ] GC(29) Garbage Collection (Allocation Rate)
[50.750s][info][gc,task     ] GC(29) Using 12 workers
[50.750s][info][gc,phases   ] GC(29) Pause Mark Start 0.017ms
[50.875s][info][gc,phases   ] GC(29) Concurrent Mark 124.517ms
[50.875s][info][gc,phases   ] GC(29) Pause Mark End 0.019ms
[50.875s][info][gc,phases   ] GC(29) Concurrent Mark Free 0.001ms
[50.875s][info][gc,phases   ] GC(29) Concurrent Process Non-Strong References 0.598ms
[50.875s][info][gc,phases   ] GC(29) Concurrent Reset Relocation Set 0.005ms
[50.886s][info][gc,phases   ] GC(29) Concurrent Select Relocation Set 10.052ms
[50.886s][info][gc,phases   ] GC(29) Pause Relocate Start 0.007ms
[50.895s][info][gc,phases   ] GC(29) Concurrent Relocate 9.446ms
[50.895s][info][gc,load     ] GC(29) Load: 0.00/0.00/0.00
[50.895s][info][gc,mmu      ] GC(29) MMU: 2ms/98.3%, 5ms/99.3%, 10ms/99.6%, 20ms/99.7%, 50ms/99.9%, 100ms/99.9%
[50.895s][info][gc,marking  ] GC(29) Mark: 8 stripe(s), 3 proactive flush(es), 1 terminate flush(es), 0 completion(s), 0 continuation(s) 
[50.895s][info][gc,marking  ] GC(29) Mark Stack Usage: 32M
[50.895s][info][gc,nmethod  ] GC(29) NMethods: 2438 registered, 102 unregistered
[50.895s][info][gc,metaspace] GC(29) Metaspace: 16M used, 16M committed, 1088M reserved
[50.895s][info][gc,ref      ] GC(29) Soft: 250 encountered, 0 discovered, 0 enqueued
[50.895s][info][gc,ref      ] GC(29) Weak: 989 encountered, 195 discovered, 0 enqueued
[50.895s][info][gc,ref      ] GC(29) Final: 0 encountered, 0 discovered, 0 enqueued
[50.895s][info][gc,ref      ] GC(29) Phantom: 35 encountered, 19 discovered, 0 enqueued
[50.895s][info][gc,reloc    ] GC(29) Small Pages: 349 / 698M, Empty: 2M, Relocated: 20M, In-Place: 0
[50.895s][info][gc,reloc    ] GC(29) Medium Pages: 1 / 32M, Empty: 0M, Relocated: 0M, In-Place: 0
[50.895s][info][gc,reloc    ] GC(29) Large Pages: 0 / 0M, Empty: 0M, Relocated: 0M, In-Place: 0
[50.895s][info][gc,reloc    ] GC(29) Forwarding Usage: 14M
[50.895s][info][gc,heap     ] GC(29) Min Capacity: 8M(0%)
[50.895s][info][gc,heap     ] GC(29) Max Capacity: 4096M(100%)
[50.895s][info][gc,heap     ] GC(29) Soft Max Capacity: 4096M(100%)
[50.895s][info][gc,heap     ] GC(29)                Mark Start          Mark End        Relocate Start      Relocate End           High               Low         
[50.896s][info][gc,heap     ] GC(29)  Capacity:     3512M (86%)        3512M (86%)        3512M (86%)        3512M (86%)        3512M (86%)        3512M (86%)    
[50.896s][info][gc,heap     ] GC(29)      Free:     3366M (82%)        3232M (79%)        3224M (79%)        3298M (81%)        3366M (82%)        3198M (78%)    
[50.896s][info][gc,heap     ] GC(29)      Used:      730M (18%)         864M (21%)         872M (21%)         798M (19%)         898M (22%)         730M (18%)    
[50.896s][info][gc,heap     ] GC(29)      Live:         -               448M (11%)         448M (11%)         448M (11%)            -                  -          
[50.896s][info][gc,heap     ] GC(29) Allocated:         -               134M (3%)          144M (4%)          151M (4%)             -                  -          
[50.896s][info][gc,heap     ] GC(29)   Garbage:         -               281M (7%)          279M (7%)          197M (5%)             -                  -          
[50.896s][info][gc,heap     ] GC(29) Reclaimed:         -                  -                 2M (0%)           83M (2%)             -                  -          
[50.896s][info][gc          ] GC(29) Garbage Collection (Allocation Rate) 730M(18%)->798M(19%)
[50.953s][info][gc,start    ] GC(30) Garbage Collection (Allocation Rate)
[50.953s][info][gc,task     ] GC(30) Using 12 workers
[50.953s][info][gc,phases   ] GC(30) Pause Mark Start 0.016ms
[51.140s][info][gc,phases   ] GC(30) Concurrent Mark 186.996ms
[51.140s][info][gc,phases   ] GC(30) Pause Mark End 0.020ms
[51.156s][info][gc,phases   ] GC(30) Concurrent Mark Free 0.001ms
[51.157s][info][gc,phases   ] GC(30) Concurrent Process Non-Strong References 0.886ms
[51.157s][info][gc,phases   ] GC(30) Concurrent Reset Relocation Set 0.010ms
[51.160s][info][gc,phases   ] GC(30) Concurrent Select Relocation Set 3.723ms
[51.161s][info][gc,phases   ] GC(30) Pause Relocate Start 0.009ms
[51.169s][info][gc,phases   ] GC(30) Concurrent Relocate 8.192ms
[51.169s][info][gc,load     ] GC(30) Load: 0.00/0.00/0.00
[51.169s][info][gc,mmu      ] GC(30) MMU: 2ms/98.3%, 5ms/99.3%, 10ms/99.6%, 20ms/99.7%, 50ms/99.9%, 100ms/99.9%
[51.169s][info][gc,marking  ] GC(30) Mark: 8 stripe(s), 3 proactive flush(es), 1 terminate flush(es), 0 completion(s), 0 continuation(s) 
[51.169s][info][gc,marking  ] GC(30) Mark Stack Usage: 32M
[51.169s][info][gc,nmethod  ] GC(30) NMethods: 2438 registered, 102 unregistered
[51.169s][info][gc,metaspace] GC(30) Metaspace: 16M used, 16M committed, 1088M reserved
[51.169s][info][gc,ref      ] GC(30) Soft: 250 encountered, 0 discovered, 0 enqueued
[51.169s][info][gc,ref      ] GC(30) Weak: 989 encountered, 195 discovered, 0 enqueued
[51.169s][info][gc,ref      ] GC(30) Final: 0 encountered, 0 discovered, 0 enqueued
[51.169s][info][gc,ref      ] GC(30) Phantom: 35 encountered, 25 discovered, 0 enqueued
[51.169s][info][gc,reloc    ] GC(30) Small Pages: 417 / 834M, Empty: 0M, Relocated: 11M, In-Place: 0
[51.169s][info][gc,reloc    ] GC(30) Medium Pages: 1 / 32M, Empty: 0M, Relocated: 0M, In-Place: 0
[51.169s][info][gc,reloc    ] GC(30) Large Pages: 0 / 0M, Empty: 0M, Relocated: 0M, In-Place: 0
[51.169s][info][gc,reloc    ] GC(30) Forwarding Usage: 8M
[51.169s][info][gc,heap     ] GC(30) Min Capacity: 8M(0%)
[51.169s][info][gc,heap     ] GC(30) Max Capacity: 4096M(100%)
[51.169s][info][gc,heap     ] GC(30) Soft Max Capacity: 4096M(100%)
[51.169s][info][gc,heap     ] GC(30)                Mark Start          Mark End        Relocate Start      Relocate End           High               Low         
[51.169s][info][gc,heap     ] GC(30)  Capacity:     3512M (86%)        3544M (87%)        3544M (87%)        3544M (87%)        3544M (87%)        3512M (86%)    
[51.169s][info][gc,heap     ] GC(30)      Free:     3230M (79%)        3076M (75%)        3076M (75%)        3106M (76%)        3230M (79%)        3048M (74%)    
[51.169s][info][gc,heap     ] GC(30)      Used:      866M (21%)        1020M (25%)        1020M (25%)         990M (24%)        1048M (26%)         866M (21%)    
[51.169s][info][gc,heap     ] GC(30)      Live:         -               581M (14%)         581M (14%)         581M (14%)            -                  -          
[51.169s][info][gc,heap     ] GC(30) Allocated:         -               154M (4%)          154M (4%)          159M (4%)             -                  -          
[51.169s][info][gc,heap     ] GC(30)   Garbage:         -               284M (7%)          284M (7%)          248M (6%)             -                  -          
[51.169s][info][gc,heap     ] GC(30) Reclaimed:         -                  -                 0M (0%)           35M (1%)             -                  -          
[51.169s][info][gc          ] GC(30) Garbage Collection (Allocation Rate) 866M(21%)->990M(24%)
[58.148s][info][gc,start    ] GC(31) Garbage Collection (Allocation Rate)
[58.149s][info][gc,task     ] GC(31) Using 12 workers
[58.149s][info][gc,phases   ] GC(31) Pause Mark Start 0.018ms
[58.305s][info][gc,phases   ] GC(31) Concurrent Mark 155.742ms
[58.305s][info][gc,phases   ] GC(31) Pause Mark End 0.021ms
[58.305s][info][gc,phases   ] GC(31) Concurrent Mark Free 0.001ms
[58.305s][info][gc,phases   ] GC(31) Concurrent Process Non-Strong References 0.589ms
[58.305s][info][gc,phases   ] GC(31) Concurrent Reset Relocation Set 0.006ms
[58.380s][info][gc,phases   ] GC(31) Concurrent Select Relocation Set 74.465ms
[58.380s][info][gc,phases   ] GC(31) Pause Relocate Start 0.011ms
[58.486s][info][gc,phases   ] GC(31) Concurrent Relocate 105.412ms
[58.486s][info][gc,load     ] GC(31) Load: 0.00/0.00/0.00
[58.486s][info][gc,mmu      ] GC(31) MMU: 2ms/98.3%, 5ms/99.3%, 10ms/99.6%, 20ms/99.7%, 50ms/99.9%, 100ms/99.9%
[58.486s][info][gc,marking  ] GC(31) Mark: 8 stripe(s), 2 proactive flush(es), 1 terminate flush(es), 0 completion(s), 0 continuation(s) 
[58.486s][info][gc,marking  ] GC(31) Mark Stack Usage: 32M
[58.486s][info][gc,nmethod  ] GC(31) NMethods: 2445 registered, 102 unregistered
[58.486s][info][gc,metaspace] GC(31) Metaspace: 16M used, 16M committed, 1088M reserved
[58.486s][info][gc,ref      ] GC(31) Soft: 250 encountered, 0 discovered, 0 enqueued
[58.486s][info][gc,ref      ] GC(31) Weak: 992 encountered, 320 discovered, 5 enqueued
[58.486s][info][gc,ref      ] GC(31) Final: 0 encountered, 0 discovered, 0 enqueued
[58.486s][info][gc,ref      ] GC(31) Phantom: 35 encountered, 18 discovered, 0 enqueued
[58.486s][info][gc,reloc    ] GC(31) Small Pages: 1146 / 2292M, Empty: 880M, Relocated: 473M, In-Place: 0
[58.486s][info][gc,reloc    ] GC(31) Medium Pages: 2 / 64M, Empty: 64M, Relocated: 0M, In-Place: 0
[58.486s][info][gc,reloc    ] GC(31) Large Pages: 0 / 0M, Empty: 0M, Relocated: 0M, In-Place: 0
[58.486s][info][gc,reloc    ] GC(31) Forwarding Usage: 319M
[58.486s][info][gc,heap     ] GC(31) Min Capacity: 8M(0%)
[58.486s][info][gc,heap     ] GC(31) Max Capacity: 4096M(100%)
[58.486s][info][gc,heap     ] GC(31) Soft Max Capacity: 4096M(100%)
[58.486s][info][gc,heap     ] GC(31)                Mark Start          Mark End        Relocate Start      Relocate End           High               Low         
[58.486s][info][gc,heap     ] GC(31)  Capacity:     3544M (87%)        3544M (87%)        3544M (87%)        3544M (87%)        3544M (87%)        3544M (87%)    
[58.486s][info][gc,heap     ] GC(31)      Free:     1740M (42%)        1588M (39%)        2464M (60%)        3374M (82%)        3374M (82%)        1588M (39%)    
[58.486s][info][gc,heap     ] GC(31)      Used:     2356M (58%)        2508M (61%)        1632M (40%)         722M (18%)        2508M (61%)         722M (18%)    
[58.486s][info][gc,heap     ] GC(31)      Live:         -               486M (12%)         486M (12%)         486M (12%)            -                  -          
[58.486s][info][gc,heap     ] GC(31) Allocated:         -               152M (4%)          220M (5%)          221M (5%)             -                  -          
[58.486s][info][gc,heap     ] GC(31)   Garbage:         -              1869M (46%)         925M (23%)          14M (0%)             -                  -          
[58.486s][info][gc,heap     ] GC(31) Reclaimed:         -                  -               944M (23%)        1855M (45%)            -                  -          
[58.486s][info][gc          ] GC(31) Garbage Collection (Allocation Rate) 2356M(58%)->722M(18%)
[60.154s][info][gc,stats    ] === Garbage Collection Statistics =======================================================================================================================
[60.155s][info][gc,stats    ]                                                              Last 10s              Last 10m              Last 10h                Total
[60.155s][info][gc,stats    ]                                                              Avg / Max             Avg / Max             Avg / Max             Avg / Max
[60.155s][info][gc,stats    ]   Collector: Garbage Collection Cycle                    178.245 / 337.200     188.165 / 577.032     188.165 / 577.032     188.165 / 577.032     ms
[60.155s][info][gc,stats    ]  Contention: Mark Segment Reset Contention                     2 / 16                3 / 32                3 / 32                3 / 32          ops/s
[60.155s][info][gc,stats    ]  Contention: Mark SeqNum Reset Contention                      0 / 1                 0 / 2                 0 / 2                 0 / 2           ops/s
[60.155s][info][gc,stats    ]    Critical: Allocation Stall                                  0 / 0                 0 / 0                 0 / 0                 0 / 0           ops/s
[60.155s][info][gc,stats    ]    Critical: Allocation Stall                              0.000 / 0.000         0.000 / 0.000         0.000 / 0.000         0.000 / 0.000       ms
[60.155s][info][gc,stats    ]    Critical: GC Locker Stall                                   0 / 0                 0 / 0                 0 / 0                 0 / 0           ops/s
[60.155s][info][gc,stats    ]    Critical: GC Locker Stall                               0.000 / 0.000         0.000 / 0.000         0.000 / 0.000         0.000 / 0.000       ms
[60.155s][info][gc,stats    ]    Critical: Relocation Stall                                  0 / 0                 0 / 0                 0 / 0                 0 / 0           ops/s
[60.155s][info][gc,stats    ]    Critical: Relocation Stall                              0.000 / 0.000         0.000 / 0.000         0.000 / 0.000         0.000 / 0.000       ms
[60.155s][info][gc,stats    ]      Memory: Allocation Rate                                 346 / 1226            569 / 4654            569 / 4654            569 / 4654        MB/s
[60.155s][info][gc,stats    ]      Memory: Defragment                                        0 / 0                 1 / 48                1 / 48                1 / 48          ops/s
[60.155s][info][gc,stats    ]      Memory: Out Of Memory                                     0 / 0                 0 / 0                 0 / 0                 0 / 0           ops/s
[60.155s][info][gc,stats    ]      Memory: Page Cache Flush                                  0 / 0                 3 / 96                3 / 96                3 / 96          MB/s
[60.155s][info][gc,stats    ]      Memory: Page Cache Hit L1                               199 / 626             269 / 2065            269 / 2065            269 / 2065        ops/s
[60.155s][info][gc,stats    ]      Memory: Page Cache Hit L2                                 0 / 0                 0 / 0                 0 / 0                 0 / 0           ops/s
[60.155s][info][gc,stats    ]      Memory: Page Cache Hit L3                                 0 / 2                18 / 525              18 / 525              18 / 525         ops/s
[60.155s][info][gc,stats    ]      Memory: Page Cache Miss                                   0 / 2                10 / 231              10 / 231              10 / 231         ops/s
[60.155s][info][gc,stats    ]      Memory: Uncommit                                          0 / 0                 0 / 0                 0 / 0                 0 / 0           MB/s
[60.155s][info][gc,stats    ]      Memory: Undo Object Allocation Failed                     0 / 0                 0 / 1                 0 / 1                 0 / 1           ops/s
[60.155s][info][gc,stats    ]      Memory: Undo Object Allocation Succeeded                  1 / 7                 7 / 134               7 / 134               7 / 134         ops/s
[60.155s][info][gc,stats    ]      Memory: Undo Page Allocation                              0 / 1                 4 / 104               4 / 104               4 / 104         ops/s
[60.155s][info][gc,stats    ]       Phase: Concurrent Mark                             119.609 / 186.996     103.531 / 327.081     103.531 / 327.081     103.531 / 327.081     ms
[60.155s][info][gc,stats    ]       Phase: Concurrent Mark Continue                      0.000 / 0.000         0.000 / 0.000         0.000 / 0.000         0.000 / 0.000       ms
[60.155s][info][gc,stats    ]       Phase: Concurrent Mark Free                          0.001 / 0.003         0.001 / 0.004         0.001 / 0.004         0.001 / 0.004       ms
[60.155s][info][gc,stats    ]       Phase: Concurrent Process Non-Strong References      0.860 / 1.652         9.366 / 72.793        9.366 / 72.793        9.366 / 72.793      ms
[60.155s][info][gc,stats    ]       Phase: Concurrent Relocate                          22.230 / 105.412      15.447 / 105.412      15.447 / 105.412      15.447 / 105.412     ms
[60.156s][info][gc,stats    ]       Phase: Concurrent Reset Relocation Set               0.014 / 0.031         0.025 / 0.176         0.025 / 0.176         0.025 / 0.176       ms
[60.156s][info][gc,stats    ]       Phase: Concurrent Select Relocation Set             17.101 / 74.465       31.256 / 148.744      31.256 / 148.744      31.256 / 148.744     ms
[60.156s][info][gc,stats    ]       Phase: Pause Mark End                                0.020 / 0.021         0.022 / 0.034         0.022 / 0.034         0.022 / 0.034       ms
[60.156s][info][gc,stats    ]       Phase: Pause Mark Start                              0.017 / 0.018         0.015 / 0.028         0.015 / 0.028         0.015 / 0.028       ms
[60.156s][info][gc,stats    ]       Phase: Pause Relocate Start                          0.008 / 0.011         0.008 / 0.020         0.008 / 0.020         0.008 / 0.020       ms
[60.156s][info][gc,stats    ]    Subphase: Concurrent Classes Purge                      0.004 / 0.005         0.167 / 2.525         0.167 / 2.525         0.167 / 2.525       ms
[60.156s][info][gc,stats    ]    Subphase: Concurrent Classes Unlink                     0.485 / 0.629         2.325 / 37.314        2.325 / 37.314        2.325 / 37.314      ms
[60.156s][info][gc,stats    ]    Subphase: Concurrent Mark                             117.690 / 185.676      93.609 / 325.823      93.609 / 325.823      93.609 / 325.823     ms
[60.156s][info][gc,stats    ]    Subphase: Concurrent Mark Try Flush                     0.064 / 0.122        10.414 / 84.361       10.414 / 84.361       10.414 / 84.361      ms
[60.156s][info][gc,stats    ]    Subphase: Concurrent Mark Try Terminate                 8.619 / 15.549       12.199 / 78.096       12.199 / 78.096       12.199 / 78.096      ms
[60.156s][info][gc,stats    ]    Subphase: Concurrent References Enqueue                 0.000 / 0.001         0.002 / 0.005         0.002 / 0.005         0.002 / 0.005       ms
[60.156s][info][gc,stats    ]    Subphase: Concurrent References Process                 0.032 / 0.052         0.091 / 0.519         0.091 / 0.519         0.091 / 0.519       ms
[60.156s][info][gc,stats    ]    Subphase: Concurrent Roots ClassLoaderDataGraph         0.046 / 0.468         0.065 / 1.367         0.065 / 1.367         0.065 / 1.367       ms
[60.156s][info][gc,stats    ]    Subphase: Concurrent Roots CodeCache                    0.000 / 0.000         0.000 / 0.000         0.000 / 0.000         0.000 / 0.000       ms
[60.156s][info][gc,stats    ]    Subphase: Concurrent Roots JavaThreads                  0.794 / 1.357        10.280 / 275.651      10.280 / 275.651      10.280 / 275.651     ms
[60.156s][info][gc,stats    ]    Subphase: Concurrent Roots OopStorageSet                0.014 / 0.052         0.092 / 2.056         0.092 / 2.056         0.092 / 2.056       ms
[60.156s][info][gc,stats    ]    Subphase: Concurrent Weak Roots OopStorageSet           0.080 / 0.108         0.109 / 0.464         0.109 / 0.464         0.109 / 0.464       ms
[60.156s][info][gc,stats    ]    Subphase: Pause Mark Try Complete                       0.000 / 0.000         0.000 / 0.000         0.000 / 0.000         0.000 / 0.000       ms
[60.156s][info][gc,stats    ]      System: Java Threads                                     62 / 62               62 / 74               62 / 74               62 / 74          threads
[60.156s][info][gc,stats    ] =========================================================================================================================================================
[60.849s][info][gc,start    ] GC(32) Garbage Collection (Allocation Rate)
[60.849s][info][gc,task     ] GC(32) Using 3 workers
[60.849s][info][gc,phases   ] GC(32) Pause Mark Start 0.017ms
[60.896s][info][gc,phases   ] GC(32) Concurrent Mark 46.486ms
[60.896s][info][gc,phases   ] GC(32) Pause Mark End 0.024ms
[60.896s][info][gc,phases   ] GC(32) Concurrent Mark Free 0.001ms
[60.899s][info][gc,phases   ] GC(32) Concurrent Process Non-Strong References 3.209ms
[60.899s][info][gc,phases   ] GC(32) Concurrent Reset Relocation Set 0.192ms
[60.938s][info][gc,phases   ] GC(32) Concurrent Select Relocation Set 38.925ms
[60.938s][info][gc,phases   ] GC(32) Pause Relocate Start 0.011ms
[60.943s][info][gc,phases   ] GC(32) Concurrent Relocate 4.047ms
[60.943s][info][gc,load     ] GC(32) Load: 0.00/0.00/0.00
[60.943s][info][gc,mmu      ] GC(32) MMU: 2ms/98.3%, 5ms/99.3%, 10ms/99.6%, 20ms/99.7%, 50ms/99.9%, 100ms/99.9%
[60.943s][info][gc,marking  ] GC(32) Mark: 2 stripe(s), 3 proactive flush(es), 1 terminate flush(es), 0 completion(s), 0 continuation(s) 
[60.943s][info][gc,marking  ] GC(32) Mark Stack Usage: 32M
[60.943s][info][gc,nmethod  ] GC(32) NMethods: 2443 registered, 105 unregistered
[60.943s][info][gc,metaspace] GC(32) Metaspace: 16M used, 16M committed, 1088M reserved
[60.943s][info][gc,ref      ] GC(32) Soft: 250 encountered, 0 discovered, 0 enqueued
[60.943s][info][gc,ref      ] GC(32) Weak: 991 encountered, 386 discovered, 3 enqueued
[60.943s][info][gc,ref      ] GC(32) Final: 0 encountered, 0 discovered, 0 enqueued
[60.943s][info][gc,ref      ] GC(32) Phantom: 35 encountered, 25 discovered, 0 enqueued
[60.943s][info][gc,reloc    ] GC(32) Small Pages: 848 / 1696M, Empty: 1624M, Relocated: 5M, In-Place: 0
[60.943s][info][gc,reloc    ] GC(32) Medium Pages: 0 / 0M, Empty: 0M, Relocated: 0M, In-Place: 0
[60.943s][info][gc,reloc    ] GC(32) Large Pages: 2 / 12M, Empty: 12M, Relocated: 0M, In-Place: 0
[60.943s][info][gc,reloc    ] GC(32) Forwarding Usage: 1M
[60.943s][info][gc,heap     ] GC(32) Min Capacity: 8M(0%)
[60.943s][info][gc,heap     ] GC(32) Max Capacity: 4096M(100%)
[60.943s][info][gc,heap     ] GC(32) Soft Max Capacity: 4096M(100%)
[60.943s][info][gc,heap     ] GC(32)                Mark Start          Mark End        Relocate Start      Relocate End           High               Low         
[60.943s][info][gc,heap     ] GC(32)  Capacity:     3544M (87%)        3544M (87%)        3544M (87%)        3544M (87%)        3544M (87%)        3544M (87%)    
[60.943s][info][gc,heap     ] GC(32)      Free:     2388M (58%)        2386M (58%)        4018M (98%)        4064M (99%)        4064M (99%)        2386M (58%)    
[60.943s][info][gc,heap     ] GC(32)      Used:     1708M (42%)        1710M (42%)          78M (2%)           32M (1%)         1710M (42%)          32M (1%)     
[60.943s][info][gc,heap     ] GC(32)      Live:         -                19M (0%)           19M (0%)           19M (0%)             -                  -          
[60.943s][info][gc,heap     ] GC(32) Allocated:         -                 2M (0%)            6M (0%)            7M (0%)             -                  -          
[60.943s][info][gc,heap     ] GC(32)   Garbage:         -              1688M (41%)          52M (1%)            4M (0%)             -                  -          
[60.943s][info][gc,heap     ] GC(32) Reclaimed:         -                  -              1636M (40%)        1683M (41%)            -                  -          
[60.943s][info][gc          ] GC(32) Garbage Collection (Allocation Rate) 1708M(42%)->32M(1%)
[61.153s][info][gc,start    ] GC(33) Garbage Collection (Allocation Rate)
[61.153s][info][gc,task     ] GC(33) Using 6 workers
[61.153s][info][gc,phases   ] GC(33) Pause Mark Start 0.015ms
[61.184s][info][gc,phases   ] GC(33) Concurrent Mark 30.898ms
[61.184s][info][gc,phases   ] GC(33) Pause Mark End 0.021ms
[61.184s][info][gc,phases   ] GC(33) Concurrent Mark Free 0.001ms
[61.186s][info][gc,phases   ] GC(33) Concurrent Process Non-Strong References 1.716ms
[61.186s][info][gc,phases   ] GC(33) Concurrent Reset Relocation Set 0.004ms
[61.190s][info][gc,phases   ] GC(33) Concurrent Select Relocation Set 3.850ms
[61.190s][info][gc,phases   ] GC(33) Pause Relocate Start 0.009ms
[61.191s][info][gc,phases   ] GC(33) Concurrent Relocate 0.848ms
[61.191s][info][gc,load     ] GC(33) Load: 0.00/0.00/0.00
[61.191s][info][gc,mmu      ] GC(33) MMU: 2ms/98.3%, 5ms/99.3%, 10ms/99.6%, 20ms/99.7%, 50ms/99.9%, 100ms/99.9%
[61.191s][info][gc,marking  ] GC(33) Mark: 4 stripe(s), 3 proactive flush(es), 1 terminate flush(es), 0 completion(s), 0 continuation(s) 
[61.191s][info][gc,marking  ] GC(33) Mark Stack Usage: 32M
[61.191s][info][gc,nmethod  ] GC(33) NMethods: 2443 registered, 105 unregistered
[61.191s][info][gc,metaspace] GC(33) Metaspace: 16M used, 16M committed, 1088M reserved
[61.191s][info][gc,ref      ] GC(33) Soft: 250 encountered, 0 discovered, 0 enqueued
[61.191s][info][gc,ref      ] GC(33) Weak: 988 encountered, 274 discovered, 0 enqueued
[61.191s][info][gc,ref      ] GC(33) Final: 0 encountered, 0 discovered, 0 enqueued
[61.191s][info][gc,ref      ] GC(33) Phantom: 35 encountered, 22 discovered, 0 enqueued
[61.191s][info][gc,reloc    ] GC(33) Small Pages: 22 / 44M, Empty: 14M, Relocated: 1M, In-Place: 0
[61.191s][info][gc,reloc    ] GC(33) Medium Pages: 0 / 0M, Empty: 0M, Relocated: 0M, In-Place: 0
[61.191s][info][gc,reloc    ] GC(33) Large Pages: 0 / 0M, Empty: 0M, Relocated: 0M, In-Place: 0
[61.191s][info][gc,reloc    ] GC(33) Forwarding Usage: 0M
[61.191s][info][gc,heap     ] GC(33) Min Capacity: 8M(0%)
[61.191s][info][gc,heap     ] GC(33) Max Capacity: 4096M(100%)
[61.191s][info][gc,heap     ] GC(33) Soft Max Capacity: 4096M(100%)
[61.191s][info][gc,heap     ] GC(33)                Mark Start          Mark End        Relocate Start      Relocate End           High               Low         
[61.191s][info][gc,heap     ] GC(33)  Capacity:     3544M (87%)        3544M (87%)        3544M (87%)        3544M (87%)        3544M (87%)        3544M (87%)    
[61.191s][info][gc,heap     ] GC(33)      Free:     4052M (99%)        4050M (99%)        4062M (99%)        4062M (99%)        4062M (99%)        4048M (99%)    
[61.191s][info][gc,heap     ] GC(33)      Used:       44M (1%)           46M (1%)           34M (1%)           34M (1%)           48M (1%)           34M (1%)     
[61.191s][info][gc,heap     ] GC(33)      Live:         -                19M (0%)           19M (0%)           19M (0%)             -                  -          
[61.191s][info][gc,heap     ] GC(33) Allocated:         -                 2M (0%)            4M (0%)            3M (0%)             -                  -          
[61.191s][info][gc,heap     ] GC(33)   Garbage:         -                24M (1%)           10M (0%)           10M (0%)             -                  -          
[61.192s][info][gc,heap     ] GC(33) Reclaimed:         -                  -                14M (0%)           13M (0%)             -                  -          
[61.192s][info][gc          ] GC(33) Garbage Collection (Allocation Rate) 44M(1%)->34M(1%)
[62.150s][info][gc,start    ] GC(34) Garbage Collection (System.gc())
[62.150s][info][gc,task     ] GC(34) Using 12 workers
[62.150s][info][gc,phases   ] GC(34) Pause Mark Start 0.017ms
[62.165s][info][gc,phases   ] GC(34) Concurrent Mark 15.168ms
[62.165s][info][gc,phases   ] GC(34) Pause Mark End 0.023ms
[62.175s][info][gc,phases   ] GC(34) Concurrent Mark Free 0.001ms
[62.176s][info][gc,phases   ] GC(34) Concurrent Process Non-Strong References 1.019ms
[62.176s][info][gc,phases   ] GC(34) Concurrent Reset Relocation Set 0.001ms
[62.191s][info][gc,phases   ] GC(34) Concurrent Select Relocation Set 14.731ms
[62.191s][info][gc,phases   ] GC(34) Pause Relocate Start 0.008ms
[62.192s][info][gc,phases   ] GC(34) Concurrent Relocate 1.467ms
[62.192s][info][gc,load     ] GC(34) Load: 0.00/0.00/0.00
[62.192s][info][gc,mmu      ] GC(34) MMU: 2ms/98.3%, 5ms/99.3%, 10ms/99.6%, 20ms/99.7%, 50ms/99.9%, 100ms/99.9%
[62.192s][info][gc,marking  ] GC(34) Mark: 8 stripe(s), 2 proactive flush(es), 1 terminate flush(es), 0 completion(s), 0 continuation(s) 
[62.192s][info][gc,marking  ] GC(34) Mark Stack Usage: 32M
[62.192s][info][gc,nmethod  ] GC(34) NMethods: 2447 registered, 105 unregistered
[62.192s][info][gc,metaspace] GC(34) Metaspace: 16M used, 16M committed, 1088M reserved
[62.192s][info][gc,ref      ] GC(34) Soft: 250 encountered, 0 discovered, 0 enqueued
[62.192s][info][gc,ref      ] GC(34) Weak: 988 encountered, 283 discovered, 0 enqueued
[62.192s][info][gc,ref      ] GC(34) Final: 0 encountered, 0 discovered, 0 enqueued
[62.192s][info][gc,ref      ] GC(34) Phantom: 35 encountered, 21 discovered, 0 enqueued
[62.192s][info][gc,reloc    ] GC(34) Small Pages: 49 / 98M, Empty: 64M, Relocated: 1M, In-Place: 0
[62.192s][info][gc,reloc    ] GC(34) Medium Pages: 0 / 0M, Empty: 0M, Relocated: 0M, In-Place: 0
[62.192s][info][gc,reloc    ] GC(34) Large Pages: 0 / 0M, Empty: 0M, Relocated: 0M, In-Place: 0
[62.192s][info][gc,reloc    ] GC(34) Forwarding Usage: 0M
[62.192s][info][gc,heap     ] GC(34) Min Capacity: 8M(0%)
[62.192s][info][gc,heap     ] GC(34) Max Capacity: 4096M(100%)
[62.193s][info][gc,heap     ] GC(34) Soft Max Capacity: 4096M(100%)
[62.193s][info][gc,heap     ] GC(34)                Mark Start          Mark End        Relocate Start      Relocate End           High               Low         
[62.193s][info][gc,heap     ] GC(34)  Capacity:     3544M (87%)        3544M (87%)        3544M (87%)        3544M (87%)        3544M (87%)        3544M (87%)    
[62.193s][info][gc,heap     ] GC(34)      Free:     3998M (98%)        3996M (98%)        4060M (99%)        4058M (99%)        4060M (99%)        3996M (98%)    
[62.193s][info][gc,heap     ] GC(34)      Used:       98M (2%)          100M (2%)           36M (1%)           38M (1%)          100M (2%)           36M (1%)     
[62.193s][info][gc,heap     ] GC(34)      Live:         -                16M (0%)           16M (0%)           16M (0%)             -                  -          
[62.193s][info][gc,heap     ] GC(34) Allocated:         -                 2M (0%)            2M (0%)            3M (0%)             -                  -          
[62.193s][info][gc,heap     ] GC(34)   Garbage:         -                81M (2%)           17M (0%)           17M (0%)             -                  -          
[62.193s][info][gc,heap     ] GC(34) Reclaimed:         -                  -                64M (2%)           63M (2%)             -                  -          
[62.193s][info][gc          ] GC(34) Garbage Collection (System.gc()) 98M(2%)->38M(1%)
[64.143s][info][gc,start    ] GC(35) Garbage Collection (Allocation Rate)
[64.144s][info][gc,task     ] GC(35) Using 12 workers
[64.144s][info][gc,phases   ] GC(35) Pause Mark Start 0.013ms
[64.291s][info][gc,phases   ] GC(35) Concurrent Mark 22.409ms
[64.292s][info][gc,phases   ] GC(35) Pause Mark End 0.024ms
[64.293s][info][gc,phases   ] GC(35) Concurrent Mark Free 0.001ms
[64.349s][info][gc,phases   ] GC(35) Concurrent Process Non-Strong References 56.174ms
[64.349s][info][gc,phases   ] GC(35) Concurrent Reset Relocation Set 0.003ms
[64.392s][info][gc,phases   ] GC(35) Concurrent Select Relocation Set 42.829ms
[64.393s][info][gc,phases   ] GC(35) Pause Relocate Start 0.009ms
[64.410s][info][gc,phases   ] GC(35) Concurrent Relocate 8.325ms
[64.411s][info][gc,load     ] GC(35) Load: 0.00/0.00/0.00
[64.411s][info][gc,mmu      ] GC(35) MMU: 2ms/98.3%, 5ms/99.3%, 10ms/99.6%, 20ms/99.7%, 50ms/99.9%, 100ms/99.9%
[64.411s][info][gc,marking  ] GC(35) Mark: 8 stripe(s), 2 proactive flush(es), 1 terminate flush(es), 0 completion(s), 0 continuation(s) 
[64.411s][info][gc,marking  ] GC(35) Mark Stack Usage: 32M
[64.411s][info][gc,nmethod  ] GC(35) NMethods: 2451 registered, 115 unregistered
[64.411s][info][gc,metaspace] GC(35) Metaspace: 16M used, 16M committed, 1088M reserved
[64.411s][info][gc,ref      ] GC(35) Soft: 250 encountered, 0 discovered, 0 enqueued
[64.411s][info][gc,ref      ] GC(35) Weak: 996 encountered, 109 discovered, 3 enqueued
[64.411s][info][gc,ref      ] GC(35) Final: 0 encountered, 0 discovered, 0 enqueued
[64.411s][info][gc,ref      ] GC(35) Phantom: 35 encountered, 19 discovered, 0 enqueued
[64.411s][info][gc,reloc    ] GC(35) Small Pages: 1229 / 2458M, Empty: 1928M, Relocated: 4M, In-Place: 0
[64.411s][info][gc,reloc    ] GC(35) Medium Pages: 0 / 0M, Empty: 0M, Relocated: 0M, In-Place: 0
[64.411s][info][gc,reloc    ] GC(35) Large Pages: 0 / 0M, Empty: 0M, Relocated: 0M, In-Place: 0
[64.411s][info][gc,reloc    ] GC(35) Forwarding Usage: 1M
[64.411s][info][gc,heap     ] GC(35) Min Capacity: 8M(0%)
[64.411s][info][gc,heap     ] GC(35) Max Capacity: 4096M(100%)
[64.411s][info][gc,heap     ] GC(35) Soft Max Capacity: 4096M(100%)
[64.411s][info][gc,heap     ] GC(35)                Mark Start          Mark End        Relocate Start      Relocate End           High               Low         
[64.411s][info][gc,heap     ] GC(35)  Capacity:     3544M (87%)        3544M (87%)        3644M (89%)        3644M (89%)        3644M (89%)        3544M (87%)    
[64.411s][info][gc,heap     ] GC(35)      Free:     1638M (40%)         598M (15%)        2158M (53%)        2492M (61%)        2552M (62%)         452M (11%)    
[64.411s][info][gc,heap     ] GC(35)      Used:     2458M (60%)        3498M (85%)        1938M (47%)        1604M (39%)        3644M (89%)        1544M (38%)    
[64.411s][info][gc,heap     ] GC(35)      Live:         -                18M (0%)           18M (0%)           18M (0%)             -                  -          
[64.411s][info][gc,heap     ] GC(35) Allocated:         -              1040M (25%)        1408M (34%)        1563M (38%)            -                  -          
[64.411s][info][gc,heap     ] GC(35)   Garbage:         -              2439M (60%)         511M (12%)          21M (1%)             -                  -          
[64.411s][info][gc,heap     ] GC(35) Reclaimed:         -                  -              1928M (47%)        2417M (59%)            -                  -          
[64.411s][info][gc          ] GC(35) Garbage Collection (Allocation Rate) 2458M(60%)->1604M(39%)
[64.453s][info][gc,start    ] GC(36) Garbage Collection (Allocation Rate)
[64.453s][info][gc,task     ] GC(36) Using 12 workers
[64.453s][info][gc,phases   ] GC(36) Pause Mark Start 0.011ms
[64.593s][info][gc,phases   ] GC(36) Concurrent Mark 78.098ms
[64.593s][info][gc,phases   ] GC(36) Pause Mark End 0.021ms
[64.594s][info][gc,phases   ] GC(36) Concurrent Mark Free 0.001ms
[64.594s][info][gc,phases   ] GC(36) Concurrent Process Non-Strong References 0.754ms
[64.594s][info][gc,phases   ] GC(36) Concurrent Reset Relocation Set 0.039ms
[64.597s][info][gc,phases   ] GC(36) Concurrent Select Relocation Set 2.737ms
[64.597s][info][gc,phases   ] GC(36) Pause Relocate Start 0.005ms
[64.599s][info][gc,phases   ] GC(36) Concurrent Relocate 1.516ms
[64.599s][info][gc,load     ] GC(36) Load: 0.00/0.00/0.00
[64.599s][info][gc,mmu      ] GC(36) MMU: 2ms/98.3%, 5ms/99.3%, 10ms/99.6%, 20ms/99.7%, 50ms/99.9%, 100ms/99.9%
[64.599s][info][gc,marking  ] GC(36) Mark: 8 stripe(s), 2 proactive flush(es), 1 terminate flush(es), 0 completion(s), 0 continuation(s) 
[64.599s][info][gc,marking  ] GC(36) Mark Stack Usage: 32M
[64.599s][info][gc,nmethod  ] GC(36) NMethods: 2455 registered, 115 unregistered
[64.599s][info][gc,metaspace] GC(36) Metaspace: 16M used, 16M committed, 1088M reserved
[64.599s][info][gc,ref      ] GC(36) Soft: 250 encountered, 0 discovered, 0 enqueued
[64.599s][info][gc,ref      ] GC(36) Weak: 993 encountered, 523 discovered, 0 enqueued
[64.599s][info][gc,ref      ] GC(36) Final: 0 encountered, 0 discovered, 0 enqueued
[64.599s][info][gc,ref      ] GC(36) Phantom: 35 encountered, 25 discovered, 0 enqueued
[64.599s][info][gc,reloc    ] GC(36) Small Pages: 971 / 1942M, Empty: 1554M, Relocated: 3M, In-Place: 0
[64.599s][info][gc,reloc    ] GC(36) Medium Pages: 0 / 0M, Empty: 0M, Relocated: 0M, In-Place: 0
[64.599s][info][gc,reloc    ] GC(36) Large Pages: 0 / 0M, Empty: 0M, Relocated: 0M, In-Place: 0
[64.599s][info][gc,reloc    ] GC(36) Forwarding Usage: 1M
[64.599s][info][gc,heap     ] GC(36) Min Capacity: 8M(0%)
[64.599s][info][gc,heap     ] GC(36) Max Capacity: 4096M(100%)
[64.599s][info][gc,heap     ] GC(36) Soft Max Capacity: 4096M(100%)
[64.599s][info][gc,heap     ] GC(36)                Mark Start          Mark End        Relocate Start      Relocate End           High               Low         
[64.599s][info][gc,heap     ] GC(36)  Capacity:     3644M (89%)        3676M (90%)        3676M (90%)        3676M (90%)        3676M (90%)        3644M (89%)    
[64.599s][info][gc,heap     ] GC(36)      Free:     2154M (53%)        1784M (44%)        3336M (81%)        3674M (90%)        3674M (90%)        1784M (44%)    
[64.599s][info][gc,heap     ] GC(36)      Used:     1942M (47%)        2312M (56%)         760M (19%)         422M (10%)        2312M (56%)         422M (10%)    
[64.599s][info][gc,heap     ] GC(36)      Live:         -                18M (0%)           18M (0%)           18M (0%)             -                  -          
[64.599s][info][gc,heap     ] GC(36) Allocated:         -               370M (9%)          372M (9%)          379M (9%)             -                  -          
[64.599s][info][gc,heap     ] GC(36)   Garbage:         -              1923M (47%)         369M (9%)           23M (1%)             -                  -          
[64.599s][info][gc,heap     ] GC(36) Reclaimed:         -                  -              1554M (38%)        1899M (46%)            -                  -          
[64.599s][info][gc          ] GC(36) Garbage Collection (Allocation Rate) 1942M(47%)->422M(10%)
[64.656s][info][gc,start    ] GC(37) Garbage Collection (Allocation Rate)
[64.656s][info][gc,task     ] GC(37) Using 12 workers
[64.656s][info][gc,phases   ] GC(37) Pause Mark Start 0.015ms
[64.703s][info][gc,phases   ] GC(37) Concurrent Mark 46.469ms
[64.703s][info][gc,phases   ] GC(37) Pause Mark End 0.021ms
[64.703s][info][gc,phases   ] GC(37) Concurrent Mark Free 0.001ms
[64.704s][info][gc,phases   ] GC(37) Concurrent Process Non-Strong References 0.724ms
[64.704s][info][gc,phases   ] GC(37) Concurrent Reset Relocation Set 0.030ms
[64.710s][info][gc,phases   ] GC(37) Concurrent Select Relocation Set 5.921ms
[64.710s][info][gc,phases   ] GC(37) Pause Relocate Start 0.008ms
[64.713s][info][gc,phases   ] GC(37) Concurrent Relocate 2.721ms
[64.713s][info][gc,load     ] GC(37) Load: 0.00/0.00/0.00
[64.713s][info][gc,mmu      ] GC(37) MMU: 2ms/98.3%, 5ms/99.3%, 10ms/99.6%, 20ms/99.7%, 50ms/99.9%, 100ms/99.9%
[64.713s][info][gc,marking  ] GC(37) Mark: 8 stripe(s), 2 proactive flush(es), 1 terminate flush(es), 0 completion(s), 0 continuation(s) 
[64.713s][info][gc,marking  ] GC(37) Mark Stack Usage: 32M
[64.713s][info][gc,nmethod  ] GC(37) NMethods: 2455 registered, 115 unregistered
[64.713s][info][gc,metaspace] GC(37) Metaspace: 16M used, 16M committed, 1088M reserved
[64.713s][info][gc,ref      ] GC(37) Soft: 250 encountered, 0 discovered, 0 enqueued
[64.713s][info][gc,ref      ] GC(37) Weak: 994 encountered, 194 discovered, 0 enqueued
[64.713s][info][gc,ref      ] GC(37) Final: 0 encountered, 0 discovered, 0 enqueued
[64.713s][info][gc,ref      ] GC(37) Phantom: 35 encountered, 19 discovered, 0 enqueued
[64.713s][info][gc,reloc    ] GC(37) Small Pages: 236 / 472M, Empty: 284M, Relocated: 5M, In-Place: 0
[64.713s][info][gc,reloc    ] GC(37) Medium Pages: 1 / 32M, Empty: 0M, Relocated: 0M, In-Place: 0
[64.713s][info][gc,reloc    ] GC(37) Large Pages: 0 / 0M, Empty: 0M, Relocated: 0M, In-Place: 0
[64.713s][info][gc,reloc    ] GC(37) Forwarding Usage: 3M
[64.713s][info][gc,heap     ] GC(37) Min Capacity: 8M(0%)
[64.713s][info][gc,heap     ] GC(37) Max Capacity: 4096M(100%)
[64.713s][info][gc,heap     ] GC(37) Soft Max Capacity: 4096M(100%)
[64.713s][info][gc,heap     ] GC(37)                Mark Start          Mark End        Relocate Start      Relocate End           High               Low         
[64.713s][info][gc,heap     ] GC(37)  Capacity:     3676M (90%)        3676M (90%)        3676M (90%)        3676M (90%)        3676M (90%)        3676M (90%)    
[64.713s][info][gc,heap     ] GC(37)      Free:     3592M (88%)        3508M (86%)        3786M (92%)        3834M (94%)        3834M (94%)        3506M (86%)    
[64.713s][info][gc,heap     ] GC(37)      Used:      504M (12%)         588M (14%)         310M (8%)          262M (6%)          590M (14%)         262M (6%)     
[64.713s][info][gc,heap     ] GC(37)      Live:         -                82M (2%)           82M (2%)           82M (2%)             -                  -          
[64.713s][info][gc,heap     ] GC(37) Allocated:         -                84M (2%)           90M (2%)          105M (3%)             -                  -          
[64.713s][info][gc,heap     ] GC(37)   Garbage:         -               421M (10%)         137M (3%)           73M (2%)             -                  -          
[64.713s][info][gc,heap     ] GC(37) Reclaimed:         -                  -               284M (7%)          347M (8%)             -                  -          
[64.714s][info][gc          ] GC(37) Garbage Collection (Allocation Rate) 504M(12%)->262M(6%)
[64.750s][info][gc,start    ] GC(38) Garbage Collection (Allocation Rate)
[64.750s][info][gc,task     ] GC(38) Using 12 workers
[64.750s][info][gc,phases   ] GC(38) Pause Mark Start 0.021ms
[64.812s][info][gc,phases   ] GC(38) Concurrent Mark 62.032ms
[64.812s][info][gc,phases   ] GC(38) Pause Mark End 0.021ms
[64.812s][info][gc,phases   ] GC(38) Concurrent Mark Free 0.001ms
[64.813s][info][gc,phases   ] GC(38) Concurrent Process Non-Strong References 0.708ms
[64.813s][info][gc,phases   ] GC(38) Concurrent Reset Relocation Set 0.004ms
[64.819s][info][gc,phases   ] GC(38) Concurrent Select Relocation Set 6.091ms
[64.819s][info][gc,phases   ] GC(38) Pause Relocate Start 0.007ms
[64.822s][info][gc,phases   ] GC(38) Concurrent Relocate 2.976ms
[64.822s][info][gc,load     ] GC(38) Load: 0.00/0.00/0.00
[64.822s][info][gc,mmu      ] GC(38) MMU: 2ms/98.3%, 5ms/99.3%, 10ms/99.6%, 20ms/99.7%, 50ms/99.9%, 100ms/99.9%
[64.822s][info][gc,marking  ] GC(38) Mark: 8 stripe(s), 2 proactive flush(es), 1 terminate flush(es), 0 completion(s), 0 continuation(s) 
[64.822s][info][gc,marking  ] GC(38) Mark Stack Usage: 32M
[64.822s][info][gc,nmethod  ] GC(38) NMethods: 2455 registered, 115 unregistered
[64.822s][info][gc,metaspace] GC(38) Metaspace: 16M used, 16M committed, 1088M reserved
[64.822s][info][gc,ref      ] GC(38) Soft: 250 encountered, 0 discovered, 0 enqueued
[64.822s][info][gc,ref      ] GC(38) Weak: 994 encountered, 275 discovered, 0 enqueued
[64.822s][info][gc,ref      ] GC(38) Final: 0 encountered, 0 discovered, 0 enqueued
[64.822s][info][gc,ref      ] GC(38) Phantom: 35 encountered, 21 discovered, 0 enqueued
[64.822s][info][gc,reloc    ] GC(38) Small Pages: 137 / 274M, Empty: 0M, Relocated: 8M, In-Place: 0
[64.822s][info][gc,reloc    ] GC(38) Medium Pages: 1 / 32M, Empty: 0M, Relocated: 0M, In-Place: 0
[64.822s][info][gc,reloc    ] GC(38) Large Pages: 0 / 0M, Empty: 0M, Relocated: 0M, In-Place: 0
[64.822s][info][gc,reloc    ] GC(38) Forwarding Usage: 6M
[64.822s][info][gc,heap     ] GC(38) Min Capacity: 8M(0%)
[64.822s][info][gc,heap     ] GC(38) Max Capacity: 4096M(100%)
[64.822s][info][gc,heap     ] GC(38) Soft Max Capacity: 4096M(100%)
[64.822s][info][gc,heap     ] GC(38)                Mark Start          Mark End        Relocate Start      Relocate End           High               Low         
[64.822s][info][gc,heap     ] GC(38)  Capacity:     3676M (90%)        3676M (90%)        3676M (90%)        3676M (90%)        3676M (90%)        3676M (90%)    
[64.822s][info][gc,heap     ] GC(38)      Free:     3790M (93%)        3718M (91%)        3708M (91%)        3760M (92%)        3790M (93%)        3686M (90%)    
[64.822s][info][gc,heap     ] GC(38)      Used:      306M (7%)          378M (9%)          388M (9%)          336M (8%)          410M (10%)         306M (7%)     
[64.822s][info][gc,heap     ] GC(38)      Live:         -               153M (4%)          153M (4%)          153M (4%)             -                  -          
[64.822s][info][gc,heap     ] GC(38) Allocated:         -                72M (2%)           82M (2%)           81M (2%)             -                  -          
[64.823s][info][gc,heap     ] GC(38)   Garbage:         -               152M (4%)          152M (4%)          100M (2%)             -                  -          
[64.823s][info][gc,heap     ] GC(38) Reclaimed:         -                  -                 0M (0%)           51M (1%)             -                  -          
[64.823s][info][gc          ] GC(38) Garbage Collection (Allocation Rate) 306M(7%)->336M(8%)
[64.859s][info][gc,start    ] GC(39) Garbage Collection (Allocation Rate)
[64.859s][info][gc,task     ] GC(39) Using 12 workers
[64.859s][info][gc,phases   ] GC(39) Pause Mark Start 0.015ms
[64.927s][info][gc,phases   ] GC(39) Concurrent Mark 68.061ms
[64.927s][info][gc,phases   ] GC(39) Pause Mark End 0.020ms
[64.928s][info][gc,phases   ] GC(39) Concurrent Mark Free 0.001ms
[64.928s][info][gc,phases   ] GC(39) Concurrent Process Non-Strong References 0.661ms
[64.928s][info][gc,phases   ] GC(39) Concurrent Reset Relocation Set 0.004ms
[64.938s][info][gc,phases   ] GC(39) Concurrent Select Relocation Set 9.744ms
[64.938s][info][gc,phases   ] GC(39) Pause Relocate Start 0.008ms
[64.944s][info][gc,phases   ] GC(39) Concurrent Relocate 5.819ms
[64.944s][info][gc,load     ] GC(39) Load: 0.00/0.00/0.00
[64.944s][info][gc,mmu      ] GC(39) MMU: 2ms/98.3%, 5ms/99.3%, 10ms/99.6%, 20ms/99.7%, 50ms/99.9%, 100ms/99.9%
[64.944s][info][gc,marking  ] GC(39) Mark: 8 stripe(s), 2 proactive flush(es), 2 terminate flush(es), 0 completion(s), 0 continuation(s) 
[64.944s][info][gc,marking  ] GC(39) Mark Stack Usage: 32M
[64.944s][info][gc,nmethod  ] GC(39) NMethods: 2455 registered, 115 unregistered
[64.944s][info][gc,metaspace] GC(39) Metaspace: 16M used, 16M committed, 1088M reserved
[64.944s][info][gc,ref      ] GC(39) Soft: 250 encountered, 0 discovered, 0 enqueued
[64.944s][info][gc,ref      ] GC(39) Weak: 994 encountered, 275 discovered, 0 enqueued
[64.944s][info][gc,ref      ] GC(39) Final: 0 encountered, 0 discovered, 0 enqueued
[64.944s][info][gc,ref      ] GC(39) Phantom: 35 encountered, 21 discovered, 0 enqueued
[64.944s][info][gc,reloc    ] GC(39) Small Pages: 169 / 338M, Empty: 2M, Relocated: 13M, In-Place: 0
[64.944s][info][gc,reloc    ] GC(39) Medium Pages: 1 / 32M, Empty: 0M, Relocated: 0M, In-Place: 0
[64.945s][info][gc,reloc    ] GC(39) Large Pages: 0 / 0M, Empty: 0M, Relocated: 0M, In-Place: 0
[64.945s][info][gc,reloc    ] GC(39) Forwarding Usage: 8M
[64.945s][info][gc,heap     ] GC(39) Min Capacity: 8M(0%)
[64.945s][info][gc,heap     ] GC(39) Max Capacity: 4096M(100%)
[64.945s][info][gc,heap     ] GC(39) Soft Max Capacity: 4096M(100%)
[64.945s][info][gc,heap     ] GC(39)                Mark Start          Mark End        Relocate Start      Relocate End           High               Low         
[64.945s][info][gc,heap     ] GC(39)  Capacity:     3676M (90%)        3676M (90%)        3676M (90%)        3676M (90%)        3676M (90%)        3676M (90%)    
[64.945s][info][gc,heap     ] GC(39)      Free:     3726M (91%)        3656M (89%)        3646M (89%)        3644M (89%)        3726M (91%)        3606M (88%)    
[64.945s][info][gc,heap     ] GC(39)      Used:      370M (9%)          440M (11%)         450M (11%)         452M (11%)         490M (12%)         370M (9%)     
[64.945s][info][gc,heap     ] GC(39)      Live:         -               214M (5%)          214M (5%)          214M (5%)             -                  -          
[64.945s][info][gc,heap     ] GC(39) Allocated:         -                70M (2%)           82M (2%)          121M (3%)             -                  -          
[64.945s][info][gc,heap     ] GC(39)   Garbage:         -               155M (4%)          153M (4%)          115M (3%)             -                  -          
[64.945s][info][gc,heap     ] GC(39) Reclaimed:         -                  -                 2M (0%)           39M (1%)             -                  -          
[64.945s][info][gc          ] GC(39) Garbage Collection (Allocation Rate) 370M(9%)->452M(11%)
[65.653s][info][gc,start    ] GC(40) Garbage Collection (Allocation Rate)
[65.653s][info][gc,task     ] GC(40) Using 12 workers
[65.653s][info][gc,phases   ] GC(40) Pause Mark Start 0.013ms
[65.840s][info][gc,phases   ] GC(40) Concurrent Mark 187.087ms
[65.840s][info][gc,phases   ] GC(40) Pause Mark End 0.019ms
[65.840s][info][gc,phases   ] GC(40) Concurrent Mark Free 0.000ms
[65.841s][info][gc,phases   ] GC(40) Concurrent Process Non-Strong References 0.647ms
[65.841s][info][gc,phases   ] GC(40) Concurrent Reset Relocation Set 0.007ms
[65.857s][info][gc,phases   ] GC(40) Concurrent Select Relocation Set 16.461ms
[65.858s][info][gc,phases   ] GC(40) Pause Relocate Start 0.010ms
[65.875s][info][gc,phases   ] GC(40) Concurrent Relocate 17.613ms
[65.875s][info][gc,load     ] GC(40) Load: 0.00/0.00/0.00
[65.875s][info][gc,mmu      ] GC(40) MMU: 2ms/98.3%, 5ms/99.3%, 10ms/99.6%, 20ms/99.7%, 50ms/99.9%, 100ms/99.9%
[65.875s][info][gc,marking  ] GC(40) Mark: 8 stripe(s), 3 proactive flush(es), 1 terminate flush(es), 0 completion(s), 0 continuation(s) 
[65.875s][info][gc,marking  ] GC(40) Mark Stack Usage: 32M
[65.875s][info][gc,nmethod  ] GC(40) NMethods: 2458 registered, 115 unregistered
[65.876s][info][gc,metaspace] GC(40) Metaspace: 16M used, 16M committed, 1088M reserved
[65.876s][info][gc,ref      ] GC(40) Soft: 250 encountered, 0 discovered, 0 enqueued
[65.876s][info][gc,ref      ] GC(40) Weak: 993 encountered, 257 discovered, 9 enqueued
[65.876s][info][gc,ref      ] GC(40) Final: 0 encountered, 0 discovered, 0 enqueued
[65.876s][info][gc,ref      ] GC(40) Phantom: 35 encountered, 21 discovered, 0 enqueued
[65.876s][info][gc,reloc    ] GC(40) Small Pages: 512 / 1024M, Empty: 4M, Relocated: 43M, In-Place: 0
[65.876s][info][gc,reloc    ] GC(40) Medium Pages: 2 / 64M, Empty: 0M, Relocated: 3M, In-Place: 0
[65.876s][info][gc,reloc    ] GC(40) Large Pages: 0 / 0M, Empty: 0M, Relocated: 0M, In-Place: 0
[65.876s][info][gc,reloc    ] GC(40) Forwarding Usage: 25M
[65.876s][info][gc,heap     ] GC(40) Min Capacity: 8M(0%)
[65.876s][info][gc,heap     ] GC(40) Max Capacity: 4096M(100%)
[65.876s][info][gc,heap     ] GC(40) Soft Max Capacity: 4096M(100%)
[65.876s][info][gc,heap     ] GC(40)                Mark Start          Mark End        Relocate Start      Relocate End           High               Low         
[65.876s][info][gc,heap     ] GC(40)  Capacity:     3708M (91%)        3708M (91%)        3708M (91%)        3740M (91%)        3740M (91%)        3708M (91%)    
[65.876s][info][gc,heap     ] GC(40)      Free:     3008M (73%)        2920M (71%)        2924M (71%)        3148M (77%)        3148M (77%)        2870M (70%)    
[65.876s][info][gc,heap     ] GC(40)      Used:     1088M (27%)        1176M (29%)        1172M (29%)         948M (23%)        1226M (30%)         948M (23%)    
[65.876s][info][gc,heap     ] GC(40)      Live:         -               580M (14%)         580M (14%)         580M (14%)            -                  -          
[65.876s][info][gc,heap     ] GC(40) Allocated:         -                88M (2%)           88M (2%)           91M (2%)             -                  -          
[65.876s][info][gc,heap     ] GC(40)   Garbage:         -               507M (12%)         503M (12%)         275M (7%)             -                  -          
[65.876s][info][gc,heap     ] GC(40) Reclaimed:         -                  -                 4M (0%)          231M (6%)             -                  -          
[65.876s][info][gc          ] GC(40) Garbage Collection (Allocation Rate) 1088M(27%)->948M(23%)
[65.945s][info][gc,start    ] GC(41) Garbage Collection (Allocation Rate)
[65.945s][info][gc,task     ] GC(41) Using 12 workers
[65.945s][info][gc,phases   ] GC(41) Pause Mark Start 0.012ms
[65.972s][info][gc,phases   ] GC(41) Concurrent Mark 26.318ms
[65.972s][info][gc,phases   ] GC(41) Pause Mark End 0.018ms
[65.972s][info][gc,phases   ] GC(41) Concurrent Mark Free 0.001ms
[65.973s][info][gc,phases   ] GC(41) Concurrent Process Non-Strong References 0.969ms
[65.973s][info][gc,phases   ] GC(41) Concurrent Reset Relocation Set 0.022ms
[65.978s][info][gc,phases   ] GC(41) Concurrent Select Relocation Set 5.405ms
[65.979s][info][gc,phases   ] GC(41) Pause Relocate Start 0.009ms
[65.981s][info][gc,phases   ] GC(41) Concurrent Relocate 2.545ms
[65.981s][info][gc,load     ] GC(41) Load: 0.00/0.00/0.00
[65.981s][info][gc,mmu      ] GC(41) MMU: 2ms/98.3%, 5ms/99.3%, 10ms/99.6%, 20ms/99.7%, 50ms/99.9%, 100ms/99.9%
[65.981s][info][gc,marking  ] GC(41) Mark: 8 stripe(s), 3 proactive flush(es), 1 terminate flush(es), 0 completion(s), 0 continuation(s) 
[65.981s][info][gc,marking  ] GC(41) Mark Stack Usage: 32M
[65.981s][info][gc,nmethod  ] GC(41) NMethods: 2458 registered, 115 unregistered
[65.981s][info][gc,metaspace] GC(41) Metaspace: 16M used, 16M committed, 1088M reserved
[65.981s][info][gc,ref      ] GC(41) Soft: 250 encountered, 0 discovered, 0 enqueued
[65.981s][info][gc,ref      ] GC(41) Weak: 994 encountered, 47 discovered, 3 enqueued
[65.981s][info][gc,ref      ] GC(41) Final: 0 encountered, 0 discovered, 0 enqueued
[65.981s][info][gc,ref      ] GC(41) Phantom: 35 encountered, 21 discovered, 0 enqueued
[65.981s][info][gc,reloc    ] GC(41) Small Pages: 459 / 918M, Empty: 830M, Relocated: 1M, In-Place: 0
[65.981s][info][gc,reloc    ] GC(41) Medium Pages: 1 / 32M, Empty: 32M, Relocated: 0M, In-Place: 0
[65.981s][info][gc,reloc    ] GC(41) Large Pages: 0 / 0M, Empty: 0M, Relocated: 0M, In-Place: 0
[65.981s][info][gc,reloc    ] GC(41) Forwarding Usage: 0M
[65.981s][info][gc,heap     ] GC(41) Min Capacity: 8M(0%)
[65.981s][info][gc,heap     ] GC(41) Max Capacity: 4096M(100%)
[65.981s][info][gc,heap     ] GC(41) Soft Max Capacity: 4096M(100%)
[65.981s][info][gc,heap     ] GC(41)                Mark Start          Mark End        Relocate Start      Relocate End           High               Low         
[65.981s][info][gc,heap     ] GC(41)  Capacity:     3740M (91%)        3740M (91%)        3740M (91%)        3740M (91%)        3740M (91%)        3740M (91%)    
[65.981s][info][gc,heap     ] GC(41)      Free:     3146M (77%)        3140M (77%)        4002M (98%)        4046M (99%)        4046M (99%)        3140M (77%)    
[65.981s][info][gc,heap     ] GC(41)      Used:      950M (23%)         956M (23%)          94M (2%)           50M (1%)          956M (23%)          50M (1%)     
[65.981s][info][gc,heap     ] GC(41)      Live:         -                17M (0%)           17M (0%)           17M (0%)             -                  -          
[65.981s][info][gc,heap     ] GC(41) Allocated:         -                 6M (0%)            6M (0%)            5M (0%)             -                  -          
[65.981s][info][gc,heap     ] GC(41)   Garbage:         -               932M (23%)          70M (2%)           26M (1%)             -                  -          
[65.981s][info][gc,heap     ] GC(41) Reclaimed:         -                  -               862M (21%)         905M (22%)            -                  -          
[65.981s][info][gc          ] GC(41) Garbage Collection (Allocation Rate) 950M(23%)->50M(1%)
[70.145s][info][gc,stats    ] === Garbage Collection Statistics =======================================================================================================================
[70.145s][info][gc,stats    ]                                                              Last 10s              Last 10m              Last 10h                Total
[70.145s][info][gc,stats    ]                                                              Avg / Max             Avg / Max             Avg / Max             Avg / Max
[70.145s][info][gc,stats    ]   Collector: Garbage Collection Cycle                    106.183 / 267.235     168.645 / 577.032     168.645 / 577.032     168.645 / 577.032     ms
[70.145s][info][gc,stats    ]  Contention: Mark Segment Reset Contention                     3 / 22                3 / 32                3 / 32                3 / 32          ops/s
[70.145s][info][gc,stats    ]  Contention: Mark SeqNum Reset Contention                      0 / 1                 0 / 2                 0 / 2                 0 / 2           ops/s
[70.145s][info][gc,stats    ]    Critical: Allocation Stall                                  0 / 0                 0 / 0                 0 / 0                 0 / 0           ops/s
[70.145s][info][gc,stats    ]    Critical: Allocation Stall                              0.000 / 0.000         0.000 / 0.000         0.000 / 0.000         0.000 / 0.000       ms
[70.145s][info][gc,stats    ]    Critical: GC Locker Stall                                   0 / 0                 0 / 0                 0 / 0                 0 / 0           ops/s
[70.145s][info][gc,stats    ]    Critical: GC Locker Stall                               0.000 / 0.000         0.000 / 0.000         0.000 / 0.000         0.000 / 0.000       ms
[70.145s][info][gc,stats    ]    Critical: Relocation Stall                                  0 / 0                 0 / 0                 0 / 0                 0 / 0           ops/s
[70.145s][info][gc,stats    ]    Critical: Relocation Stall                              0.000 / 0.000         0.000 / 0.000         0.000 / 0.000         0.000 / 0.000       ms
[70.145s][info][gc,stats    ]      Memory: Allocation Rate                                 639 / 3026            579 / 4654            579 / 4654            579 / 4654        MB/s
[70.146s][info][gc,stats    ]      Memory: Defragment                                        3 / 32                2 / 48                2 / 48                2 / 48          ops/s
[70.146s][info][gc,stats    ]      Memory: Out Of Memory                                     0 / 0                 0 / 0                 0 / 0                 0 / 0           ops/s
[70.146s][info][gc,stats    ]      Memory: Page Cache Flush                                  6 / 64                4 / 96                4 / 96                4 / 96          MB/s
[70.146s][info][gc,stats    ]      Memory: Page Cache Hit L1                               320 / 1479            276 / 2065            276 / 2065            276 / 2065        ops/s
[70.146s][info][gc,stats    ]      Memory: Page Cache Hit L2                                 0 / 0                 0 / 0                 0 / 0                 0 / 0           ops/s
[70.146s][info][gc,stats    ]      Memory: Page Cache Hit L3                                 2 / 28               16 / 525              16 / 525              16 / 525         ops/s
[70.146s][info][gc,stats    ]      Memory: Page Cache Miss                                   5 / 51                9 / 231               9 / 231               9 / 231         ops/s
[70.146s][info][gc,stats    ]      Memory: Uncommit                                          0 / 0                 0 / 0                 0 / 0                 0 / 0           MB/s
[70.146s][info][gc,stats    ]      Memory: Undo Object Allocation Failed                     0 / 1                 0 / 1                 0 / 1                 0 / 1           ops/s
[70.146s][info][gc,stats    ]      Memory: Undo Object Allocation Succeeded                  5 / 27                7 / 134               7 / 134               7 / 134         ops/s
[70.146s][info][gc,stats    ]      Memory: Undo Page Allocation                              1 / 16                3 / 104               3 / 104               3 / 104         ops/s
[70.146s][info][gc,stats    ]       Phase: Concurrent Mark                              58.303 / 187.087      92.762 / 327.081      92.762 / 327.081      92.762 / 327.081     ms
[70.146s][info][gc,stats    ]       Phase: Concurrent Mark Continue                      0.000 / 0.000         0.000 / 0.000         0.000 / 0.000         0.000 / 0.000       ms
[70.146s][info][gc,stats    ]       Phase: Concurrent Mark Free                          0.001 / 0.001         0.001 / 0.004         0.001 / 0.004         0.001 / 0.004       ms
[70.146s][info][gc,stats    ]       Phase: Concurrent Process Non-Strong References      6.658 / 56.174        8.721 / 72.793        8.721 / 72.793        8.721 / 72.793      ms
[70.146s][info][gc,stats    ]       Phase: Concurrent Relocate                           4.788 / 17.613       12.909 / 105.412      12.909 / 105.412      12.909 / 105.412     ms
[70.146s][info][gc,stats    ]       Phase: Concurrent Reset Relocation Set               0.030 / 0.192         0.026 / 0.192         0.026 / 0.192         0.026 / 0.192       ms
[70.146s][info][gc,stats    ]       Phase: Concurrent Select Relocation Set             14.669 / 42.829       27.307 / 148.744      27.307 / 148.744      27.307 / 148.744     ms
[70.146s][info][gc,stats    ]       Phase: Pause Mark End                                0.021 / 0.024         0.022 / 0.034         0.022 / 0.034         0.022 / 0.034       ms
[70.146s][info][gc,stats    ]       Phase: Pause Mark Start                              0.015 / 0.021         0.015 / 0.028         0.015 / 0.028         0.015 / 0.028       ms
[70.146s][info][gc,stats    ]       Phase: Pause Relocate Start                          0.008 / 0.011         0.008 / 0.020         0.008 / 0.020         0.008 / 0.020       ms
[70.146s][info][gc,stats    ]    Subphase: Concurrent Classes Purge                      2.155 / 21.494        0.640 / 21.494        0.640 / 21.494        0.640 / 21.494      ms
[70.146s][info][gc,stats    ]    Subphase: Concurrent Classes Unlink                     0.846 / 2.462         1.973 / 37.314        1.973 / 37.314        1.973 / 37.314      ms
[70.146s][info][gc,stats    ]    Subphase: Concurrent Mark                              56.782 / 182.279      85.364 / 325.823      85.364 / 325.823      85.364 / 325.823     ms
[70.146s][info][gc,stats    ]    Subphase: Concurrent Mark Try Flush                     1.895 / 31.286        8.314 / 84.361        8.314 / 84.361        8.314 / 84.361      ms
[70.146s][info][gc,stats    ]    Subphase: Concurrent Mark Try Terminate                 6.625 / 16.585       11.336 / 78.096       11.336 / 78.096       11.336 / 78.096      ms
[70.146s][info][gc,stats    ]    Subphase: Concurrent References Enqueue                 0.001 / 0.003         0.001 / 0.005         0.001 / 0.005         0.001 / 0.005       ms
[70.146s][info][gc,stats    ]    Subphase: Concurrent References Process                 0.047 / 0.070         0.081 / 0.519         0.081 / 0.519         0.081 / 0.519       ms
[70.146s][info][gc,stats    ]    Subphase: Concurrent Roots ClassLoaderDataGraph         0.036 / 0.323         0.057 / 1.367         0.057 / 1.367         0.057 / 1.367       ms
[70.147s][info][gc,stats    ]    Subphase: Concurrent Roots CodeCache                    0.000 / 0.000         0.000 / 0.000         0.000 / 0.000         0.000 / 0.000       ms
[70.147s][info][gc,stats    ]    Subphase: Concurrent Roots JavaThreads                  1.168 / 4.705         8.223 / 275.651       8.223 / 275.651       8.223 / 275.651     ms
[70.147s][info][gc,stats    ]    Subphase: Concurrent Roots OopStorageSet                0.026 / 0.420         0.078 / 2.056         0.078 / 2.056         0.078 / 2.056       ms
[70.147s][info][gc,stats    ]    Subphase: Concurrent Weak Roots OopStorageSet           0.120 / 0.552         0.112 / 0.552         0.112 / 0.552         0.112 / 0.552       ms
[70.147s][info][gc,stats    ]    Subphase: Pause Mark Try Complete                       0.000 / 0.000         0.000 / 0.000         0.000 / 0.000         0.000 / 0.000       ms
[70.147s][info][gc,stats    ]      System: Java Threads                                     62 / 62               62 / 74               62 / 74               62 / 74          threads
[70.147s][info][gc,stats    ] =========================================================================================================================================================
[75.440s][info][gc,start    ] GC(42) Garbage Collection (System.gc())
[75.440s][info][gc,task     ] GC(42) Using 12 workers
[75.440s][info][gc,phases   ] GC(42) Pause Mark Start 0.017ms
[75.462s][info][gc,phases   ] GC(42) Concurrent Mark 21.601ms
[75.462s][info][gc,phases   ] GC(42) Pause Mark End 0.027ms
[75.462s][info][gc,phases   ] GC(42) Concurrent Mark Free 0.001ms
[75.463s][info][gc,phases   ] GC(42) Concurrent Process Non-Strong References 1.014ms
[75.463s][info][gc,phases   ] GC(42) Concurrent Reset Relocation Set 0.005ms
[75.469s][info][gc,phases   ] GC(42) Concurrent Select Relocation Set 5.680ms
[75.469s][info][gc,phases   ] GC(42) Pause Relocate Start 0.006ms
[75.470s][info][gc,phases   ] GC(42) Concurrent Relocate 1.330ms
[75.470s][info][gc,load     ] GC(42) Load: 0.00/0.00/0.00
[75.471s][info][gc,mmu      ] GC(42) MMU: 2ms/98.3%, 5ms/99.3%, 10ms/99.6%, 20ms/99.7%, 50ms/99.9%, 100ms/99.9%
[75.471s][info][gc,marking  ] GC(42) Mark: 8 stripe(s), 1 proactive flush(es), 1 terminate flush(es), 0 completion(s), 0 continuation(s) 
[75.471s][info][gc,marking  ] GC(42) Mark Stack Usage: 32M
[75.471s][info][gc,nmethod  ] GC(42) NMethods: 2466 registered, 115 unregistered
[75.471s][info][gc,metaspace] GC(42) Metaspace: 16M used, 16M committed, 1088M reserved
[75.471s][info][gc,ref      ] GC(42) Soft: 250 encountered, 0 discovered, 0 enqueued
[75.471s][info][gc,ref      ] GC(42) Weak: 1000 encountered, 58 discovered, 5 enqueued
[75.471s][info][gc,ref      ] GC(42) Final: 0 encountered, 0 discovered, 0 enqueued
[75.471s][info][gc,ref      ] GC(42) Phantom: 35 encountered, 20 discovered, 0 enqueued
[75.471s][info][gc,reloc    ] GC(42) Small Pages: 1351 / 2702M, Empty: 2624M, Relocated: 3M, In-Place: 0
[75.471s][info][gc,reloc    ] GC(42) Medium Pages: 0 / 0M, Empty: 0M, Relocated: 0M, In-Place: 0
[75.471s][info][gc,reloc    ] GC(42) Large Pages: 2 / 12M, Empty: 12M, Relocated: 0M, In-Place: 0
[75.471s][info][gc,reloc    ] GC(42) Forwarding Usage: 0M
[75.471s][info][gc,heap     ] GC(42) Min Capacity: 8M(0%)
[75.471s][info][gc,heap     ] GC(42) Max Capacity: 4096M(100%)
[75.471s][info][gc,heap     ] GC(42) Soft Max Capacity: 4096M(100%)
[75.471s][info][gc,heap     ] GC(42)                Mark Start          Mark End        Relocate Start      Relocate End           High               Low         
[75.471s][info][gc,heap     ] GC(42)  Capacity:     3740M (91%)        3740M (91%)        3740M (91%)        3740M (91%)        3740M (91%)        3740M (91%)    
[75.471s][info][gc,heap     ] GC(42)      Free:     1382M (34%)        1380M (34%)        4016M (98%)        4052M (99%)        4052M (99%)        1380M (34%)    
[75.471s][info][gc,heap     ] GC(42)      Used:     2714M (66%)        2716M (66%)          80M (2%)           44M (1%)         2716M (66%)          44M (1%)     
[75.471s][info][gc,heap     ] GC(42)      Live:         -                18M (0%)           18M (0%)           18M (0%)             -                  -          
[75.471s][info][gc,heap     ] GC(42) Allocated:         -                 2M (0%)            2M (0%)            2M (0%)             -                  -          
[75.471s][info][gc,heap     ] GC(42)   Garbage:         -              2695M (66%)          59M (1%)           23M (1%)             -                  -          
[75.471s][info][gc,heap     ] GC(42) Reclaimed:         -                  -              2636M (64%)        2672M (65%)            -                  -          
[75.471s][info][gc          ] GC(42) Garbage Collection (System.gc()) 2714M(66%)->44M(1%)
[77.755s][info][gc,start    ] GC(43) Garbage Collection (Allocation Rate)
[77.755s][info][gc,task     ] GC(43) Using 12 workers
[77.755s][info][gc,phases   ] GC(43) Pause Mark Start 0.012ms
[78.036s][info][gc,phases   ] GC(43) Concurrent Mark 171.806ms
[78.052s][info][gc,phases   ] GC(43) Pause Mark End 0.025ms
[78.089s][info][gc,phases   ] GC(43) Concurrent Mark Free 0.001ms
[78.099s][info][gc,phases   ] GC(43) Concurrent Process Non-Strong References 9.963ms
[78.099s][info][gc,phases   ] GC(43) Concurrent Reset Relocation Set 0.004ms
[78.130s][info][gc,phases   ] GC(43) Concurrent Select Relocation Set 31.624ms
[78.131s][info][gc,phases   ] GC(43) Pause Relocate Start 0.008ms
[78.196s][info][gc,phases   ] GC(43) Concurrent Relocate 2.614ms
[78.196s][info][gc,load     ] GC(43) Load: 0.00/0.00/0.00
[78.196s][info][gc,mmu      ] GC(43) MMU: 2ms/98.3%, 5ms/99.3%, 10ms/99.6%, 20ms/99.7%, 50ms/99.9%, 100ms/99.9%
[78.197s][info][gc,marking  ] GC(43) Mark: 8 stripe(s), 2 proactive flush(es), 1 terminate flush(es), 0 completion(s), 0 continuation(s) 
[78.197s][info][gc,marking  ] GC(43) Mark Stack Usage: 32M
[78.197s][info][gc,nmethod  ] GC(43) NMethods: 2471 registered, 126 unregistered
[78.197s][info][gc,metaspace] GC(43) Metaspace: 16M used, 16M committed, 1088M reserved
[78.197s][info][gc,ref      ] GC(43) Soft: 250 encountered, 0 discovered, 0 enqueued
[78.197s][info][gc,ref      ] GC(43) Weak: 1000 encountered, 161 discovered, 5 enqueued
[78.197s][info][gc,ref      ] GC(43) Final: 0 encountered, 0 discovered, 0 enqueued
[78.197s][info][gc,ref      ] GC(43) Phantom: 35 encountered, 18 discovered, 0 enqueued
[78.197s][info][gc,reloc    ] GC(43) Small Pages: 1321 / 2642M, Empty: 2188M, Relocated: 6M, In-Place: 0
[78.197s][info][gc,reloc    ] GC(43) Medium Pages: 0 / 0M, Empty: 0M, Relocated: 0M, In-Place: 0
[78.197s][info][gc,reloc    ] GC(43) Large Pages: 0 / 0M, Empty: 0M, Relocated: 0M, In-Place: 0
[78.197s][info][gc,reloc    ] GC(43) Forwarding Usage: 2M
[78.197s][info][gc,heap     ] GC(43) Min Capacity: 8M(0%)
[78.197s][info][gc,heap     ] GC(43) Max Capacity: 4096M(100%)
[78.197s][info][gc,heap     ] GC(43) Soft Max Capacity: 4096M(100%)
[78.197s][info][gc,heap     ] GC(43)                Mark Start          Mark End        Relocate Start      Relocate End           High               Low         
[78.197s][info][gc,heap     ] GC(43)  Capacity:     3740M (91%)        3974M (97%)        3996M (98%)        4028M (98%)        4028M (98%)        3740M (91%)    
[78.197s][info][gc,heap     ] GC(43)      Free:     1454M (35%)         142M (3%)         2164M (53%)        2004M (49%)        2282M (56%)         100M (2%)     
[78.197s][info][gc,heap     ] GC(43)      Used:     2642M (65%)        3954M (97%)        1932M (47%)        2092M (51%)        3996M (98%)        1814M (44%)    
[78.197s][info][gc,heap     ] GC(43)      Live:         -                20M (0%)           20M (0%)           20M (0%)             -                  -          
[78.197s][info][gc,heap     ] GC(43) Allocated:         -              1312M (32%)        1478M (36%)        2051M (50%)            -                  -          
[78.197s][info][gc,heap     ] GC(43)   Garbage:         -              2621M (64%)         433M (11%)          19M (0%)             -                  -          
[78.197s][info][gc,heap     ] GC(43) Reclaimed:         -                  -              2188M (53%)        2601M (64%)            -                  -          
[78.197s][info][gc          ] GC(43) Garbage Collection (Allocation Rate) 2642M(65%)->2092M(51%)
[78.255s][info][gc,start    ] GC(44) Garbage Collection (Allocation Rate)
[78.255s][info][gc,task     ] GC(44) Using 12 workers
[78.255s][info][gc,phases   ] GC(44) Pause Mark Start 0.017ms
[78.288s][info][gc,phases   ] GC(44) Concurrent Mark 32.577ms
[78.288s][info][gc,phases   ] GC(44) Pause Mark End 0.019ms
[78.288s][info][gc,phases   ] GC(44) Concurrent Mark Free 0.001ms
[78.289s][info][gc,phases   ] GC(44) Concurrent Process Non-Strong References 0.711ms
[78.289s][info][gc,phases   ] GC(44) Concurrent Reset Relocation Set 0.035ms
[78.297s][info][gc,phases   ] GC(44) Concurrent Select Relocation Set 7.997ms
[78.297s][info][gc,phases   ] GC(44) Pause Relocate Start 0.007ms
[78.299s][info][gc,phases   ] GC(44) Concurrent Relocate 2.163ms
[78.299s][info][gc,load     ] GC(44) Load: 0.00/0.00/0.00
[78.299s][info][gc,mmu      ] GC(44) MMU: 2ms/98.3%, 5ms/99.3%, 10ms/99.6%, 20ms/99.7%, 50ms/99.9%, 100ms/99.9%
[78.299s][info][gc,marking  ] GC(44) Mark: 8 stripe(s), 2 proactive flush(es), 1 terminate flush(es), 0 completion(s), 0 continuation(s) 
[78.299s][info][gc,marking  ] GC(44) Mark Stack Usage: 32M
[78.299s][info][gc,nmethod  ] GC(44) NMethods: 2474 registered, 127 unregistered
[78.299s][info][gc,metaspace] GC(44) Metaspace: 16M used, 16M committed, 1088M reserved
[78.299s][info][gc,ref      ] GC(44) Soft: 250 encountered, 0 discovered, 0 enqueued
[78.300s][info][gc,ref      ] GC(44) Weak: 996 encountered, 104 discovered, 0 enqueued
[78.300s][info][gc,ref      ] GC(44) Final: 0 encountered, 0 discovered, 0 enqueued
[78.300s][info][gc,ref      ] GC(44) Phantom: 35 encountered, 20 discovered, 0 enqueued
[78.300s][info][gc,reloc    ] GC(44) Small Pages: 1072 / 2144M, Empty: 1884M, Relocated: 6M, In-Place: 0
[78.300s][info][gc,reloc    ] GC(44) Medium Pages: 1 / 32M, Empty: 0M, Relocated: 0M, In-Place: 0
[78.300s][info][gc,reloc    ] GC(44) Large Pages: 0 / 0M, Empty: 0M, Relocated: 0M, In-Place: 0
[78.300s][info][gc,reloc    ] GC(44) Forwarding Usage: 3M
[78.300s][info][gc,heap     ] GC(44) Min Capacity: 8M(0%)
[78.300s][info][gc,heap     ] GC(44) Max Capacity: 4096M(100%)
[78.300s][info][gc,heap     ] GC(44) Soft Max Capacity: 4096M(100%)
[78.300s][info][gc,heap     ] GC(44)                Mark Start          Mark End        Relocate Start      Relocate End           High               Low         
[78.300s][info][gc,heap     ] GC(44)  Capacity:     4028M (98%)        4028M (98%)        4028M (98%)        4028M (98%)        4028M (98%)        4028M (98%)    
[78.300s][info][gc,heap     ] GC(44)      Free:     1920M (47%)        1880M (46%)        3756M (92%)        3898M (95%)        3898M (95%)        1878M (46%)    
[78.300s][info][gc,heap     ] GC(44)      Used:     2176M (53%)        2216M (54%)         340M (8%)          198M (5%)         2218M (54%)         198M (5%)     
[78.300s][info][gc,heap     ] GC(44)      Live:         -                78M (2%)           78M (2%)           78M (2%)             -                  -          
[78.300s][info][gc,heap     ] GC(44) Allocated:         -                40M (1%)           48M (1%)           49M (1%)             -                  -          
[78.300s][info][gc,heap     ] GC(44)   Garbage:         -              2097M (51%)         213M (5%)           69M (2%)             -                  -          
[78.300s][info][gc,heap     ] GC(44) Reclaimed:         -                  -              1884M (46%)        2027M (50%)            -                  -          
[78.300s][info][gc          ] GC(44) Garbage Collection (Allocation Rate) 2176M(53%)->198M(5%)
[78.358s][info][gc,start    ] GC(45) Garbage Collection (Allocation Rate)
[78.359s][info][gc,task     ] GC(45) Using 12 workers
[78.359s][info][gc,phases   ] GC(45) Pause Mark Start 0.014ms
[78.405s][info][gc,phases   ] GC(45) Concurrent Mark 46.429ms
[78.405s][info][gc,phases   ] GC(45) Pause Mark End 0.020ms
[78.405s][info][gc,phases   ] GC(45) Concurrent Mark Free 0.001ms
[78.406s][info][gc,phases   ] GC(45) Concurrent Process Non-Strong References 0.588ms
[78.406s][info][gc,phases   ] GC(45) Concurrent Reset Relocation Set 0.007ms
[78.413s][info][gc,phases   ] GC(45) Concurrent Select Relocation Set 6.447ms
[78.413s][info][gc,phases   ] GC(45) Pause Relocate Start 0.007ms
[78.416s][info][gc,phases   ] GC(45) Concurrent Relocate 3.592ms
[78.416s][info][gc,load     ] GC(45) Load: 0.00/0.00/0.00
[78.416s][info][gc,mmu      ] GC(45) MMU: 2ms/98.3%, 5ms/99.3%, 10ms/99.6%, 20ms/99.7%, 50ms/99.9%, 100ms/99.9%
[78.416s][info][gc,marking  ] GC(45) Mark: 8 stripe(s), 2 proactive flush(es), 1 terminate flush(es), 0 completion(s), 0 continuation(s) 
[78.416s][info][gc,marking  ] GC(45) Mark Stack Usage: 32M
[78.416s][info][gc,nmethod  ] GC(45) NMethods: 2474 registered, 127 unregistered
[78.416s][info][gc,metaspace] GC(45) Metaspace: 16M used, 16M committed, 1088M reserved
[78.416s][info][gc,ref      ] GC(45) Soft: 250 encountered, 0 discovered, 0 enqueued
[78.416s][info][gc,ref      ] GC(45) Weak: 996 encountered, 69 discovered, 0 enqueued
[78.416s][info][gc,ref      ] GC(45) Final: 0 encountered, 0 discovered, 0 enqueued
[78.416s][info][gc,ref      ] GC(45) Phantom: 35 encountered, 20 discovered, 0 enqueued
[78.416s][info][gc,reloc    ] GC(45) Small Pages: 123 / 246M, Empty: 0M, Relocated: 10M, In-Place: 0
[78.416s][info][gc,reloc    ] GC(45) Medium Pages: 1 / 32M, Empty: 0M, Relocated: 0M, In-Place: 0
[78.416s][info][gc,reloc    ] GC(45) Large Pages: 0 / 0M, Empty: 0M, Relocated: 0M, In-Place: 0
[78.416s][info][gc,reloc    ] GC(45) Forwarding Usage: 6M
[78.416s][info][gc,heap     ] GC(45) Min Capacity: 8M(0%)
[78.416s][info][gc,heap     ] GC(45) Max Capacity: 4096M(100%)
[78.417s][info][gc,heap     ] GC(45) Soft Max Capacity: 4096M(100%)
[78.417s][info][gc,heap     ] GC(45)                Mark Start          Mark End        Relocate Start      Relocate End           High               Low         
[78.417s][info][gc,heap     ] GC(45)  Capacity:     4028M (98%)        4028M (98%)        4028M (98%)        4028M (98%)        4028M (98%)        4028M (98%)    
[78.417s][info][gc,heap     ] GC(45)      Free:     3818M (93%)        3772M (92%)        3764M (92%)        3784M (92%)        3818M (93%)        3740M (91%)    
[78.417s][info][gc,heap     ] GC(45)      Used:      278M (7%)          324M (8%)          332M (8%)          312M (8%)          356M (9%)          278M (7%)     
[78.417s][info][gc,heap     ] GC(45)      Live:         -               147M (4%)          147M (4%)          147M (4%)             -                  -          
[78.417s][info][gc,heap     ] GC(45) Allocated:         -                46M (1%)           54M (1%)           67M (2%)             -                  -          
[78.417s][info][gc,heap     ] GC(45)   Garbage:         -               130M (3%)          130M (3%)           96M (2%)             -                  -          
[78.417s][info][gc,heap     ] GC(45) Reclaimed:         -                  -                 0M (0%)           33M (1%)             -                  -          
[78.417s][info][gc          ] GC(45) Garbage Collection (Allocation Rate) 278M(7%)->312M(8%)
[78.452s][info][gc,start    ] GC(46) Garbage Collection (Allocation Rate)
[78.452s][info][gc,task     ] GC(46) Using 12 workers
[78.452s][info][gc,phases   ] GC(46) Pause Mark Start 0.017ms
[78.530s][info][gc,phases   ] GC(46) Concurrent Mark 77.642ms
[78.530s][info][gc,phases   ] GC(46) Pause Mark End 0.019ms
[78.530s][info][gc,phases   ] GC(46) Concurrent Mark Free 0.001ms
[78.531s][info][gc,phases   ] GC(46) Concurrent Process Non-Strong References 0.735ms
[78.531s][info][gc,phases   ] GC(46) Concurrent Reset Relocation Set 0.006ms
[78.545s][info][gc,phases   ] GC(46) Concurrent Select Relocation Set 13.257ms
[78.545s][info][gc,phases   ] GC(46) Pause Relocate Start 0.010ms
[78.550s][info][gc,phases   ] GC(46) Concurrent Relocate 4.797ms
[78.550s][info][gc,load     ] GC(46) Load: 0.00/0.00/0.00
[78.550s][info][gc,mmu      ] GC(46) MMU: 2ms/98.3%, 5ms/99.3%, 10ms/99.6%, 20ms/99.7%, 50ms/99.9%, 100ms/99.9%
[78.550s][info][gc,marking  ] GC(46) Mark: 8 stripe(s), 4 proactive flush(es), 1 terminate flush(es), 0 completion(s), 0 continuation(s) 
[78.550s][info][gc,marking  ] GC(46) Mark Stack Usage: 32M
[78.550s][info][gc,nmethod  ] GC(46) NMethods: 2474 registered, 127 unregistered
[78.550s][info][gc,metaspace] GC(46) Metaspace: 16M used, 16M committed, 1088M reserved
[78.550s][info][gc,ref      ] GC(46) Soft: 250 encountered, 0 discovered, 0 enqueued
[78.550s][info][gc,ref      ] GC(46) Weak: 996 encountered, 155 discovered, 0 enqueued
[78.550s][info][gc,ref      ] GC(46) Final: 0 encountered, 0 discovered, 0 enqueued
[78.550s][info][gc,ref      ] GC(46) Phantom: 35 encountered, 32 discovered, 0 enqueued
[78.550s][info][gc,reloc    ] GC(46) Small Pages: 159 / 318M, Empty: 0M, Relocated: 8M, In-Place: 0
[78.550s][info][gc,reloc    ] GC(46) Medium Pages: 1 / 32M, Empty: 0M, Relocated: 0M, In-Place: 0
[78.550s][info][gc,reloc    ] GC(46) Large Pages: 0 / 0M, Empty: 0M, Relocated: 0M, In-Place: 0
[78.550s][info][gc,reloc    ] GC(46) Forwarding Usage: 6M
[78.550s][info][gc,heap     ] GC(46) Min Capacity: 8M(0%)
[78.550s][info][gc,heap     ] GC(46) Max Capacity: 4096M(100%)
[78.550s][info][gc,heap     ] GC(46) Soft Max Capacity: 4096M(100%)
[78.550s][info][gc,heap     ] GC(46)                Mark Start          Mark End        Relocate Start      Relocate End           High               Low         
[78.550s][info][gc,heap     ] GC(46)  Capacity:     4028M (98%)        4028M (98%)        4028M (98%)        4028M (98%)        4028M (98%)        4028M (98%)    
[78.550s][info][gc,heap     ] GC(46)      Free:     3746M (91%)        3664M (89%)        3650M (89%)        3684M (90%)        3746M (91%)        3626M (89%)    
[78.550s][info][gc,heap     ] GC(46)      Used:      350M (9%)          432M (11%)         446M (11%)         412M (10%)         470M (11%)         350M (9%)     
[78.550s][info][gc,heap     ] GC(46)      Live:         -               198M (5%)          198M (5%)          198M (5%)             -                  -          
[78.550s][info][gc,heap     ] GC(46) Allocated:         -                82M (2%)           96M (2%)           95M (2%)             -                  -          
[78.550s][info][gc,heap     ] GC(46)   Garbage:         -               151M (4%)          151M (4%)          117M (3%)             -                  -          
[78.550s][info][gc,heap     ] GC(46) Reclaimed:         -                  -                 0M (0%)           33M (1%)             -                  -          
[78.550s][info][gc          ] GC(46) Garbage Collection (Allocation Rate) 350M(9%)->412M(10%)
[78.944s][info][gc,start    ] GC(47) Garbage Collection (Allocation Rate)
[78.944s][info][gc,task     ] GC(47) Using 12 workers
[78.944s][info][gc,phases   ] GC(47) Pause Mark Start 0.016ms
[79.084s][info][gc,phases   ] GC(47) Concurrent Mark 140.159ms
[79.084s][info][gc,phases   ] GC(47) Pause Mark End 0.020ms
[79.084s][info][gc,phases   ] GC(47) Concurrent Mark Free 0.001ms
[79.085s][info][gc,phases   ] GC(47) Concurrent Process Non-Strong References 0.729ms
[79.085s][info][gc,phases   ] GC(47) Concurrent Reset Relocation Set 0.004ms
[79.097s][info][gc,phases   ] GC(47) Concurrent Select Relocation Set 11.527ms
[79.097s][info][gc,phases   ] GC(47) Pause Relocate Start 0.010ms
[79.107s][info][gc,phases   ] GC(47) Concurrent Relocate 10.104ms
[79.107s][info][gc,load     ] GC(47) Load: 0.00/0.00/0.00
[79.107s][info][gc,mmu      ] GC(47) MMU: 2ms/98.3%, 5ms/99.3%, 10ms/99.6%, 20ms/99.7%, 50ms/99.9%, 100ms/99.9%
[79.107s][info][gc,marking  ] GC(47) Mark: 8 stripe(s), 2 proactive flush(es), 1 terminate flush(es), 0 completion(s), 0 continuation(s) 
[79.107s][info][gc,marking  ] GC(47) Mark Stack Usage: 32M
[79.107s][info][gc,nmethod  ] GC(47) NMethods: 2474 registered, 127 unregistered
[79.107s][info][gc,metaspace] GC(47) Metaspace: 16M used, 16M committed, 1088M reserved
[79.107s][info][gc,ref      ] GC(47) Soft: 250 encountered, 0 discovered, 0 enqueued
[79.107s][info][gc,ref      ] GC(47) Weak: 996 encountered, 228 discovered, 0 enqueued
[79.107s][info][gc,ref      ] GC(47) Final: 0 encountered, 0 discovered, 0 enqueued
[79.107s][info][gc,ref      ] GC(47) Phantom: 35 encountered, 23 discovered, 0 enqueued
[79.107s][info][gc,reloc    ] GC(47) Small Pages: 379 / 758M, Empty: 2M, Relocated: 20M, In-Place: 0
[79.107s][info][gc,reloc    ] GC(47) Medium Pages: 1 / 32M, Empty: 0M, Relocated: 0M, In-Place: 0
[79.107s][info][gc,reloc    ] GC(47) Large Pages: 0 / 0M, Empty: 0M, Relocated: 0M, In-Place: 0
[79.107s][info][gc,reloc    ] GC(47) Forwarding Usage: 15M
[79.107s][info][gc,heap     ] GC(47) Min Capacity: 8M(0%)
[79.107s][info][gc,heap     ] GC(47) Max Capacity: 4096M(100%)
[79.107s][info][gc,heap     ] GC(47) Soft Max Capacity: 4096M(100%)
[79.107s][info][gc,heap     ] GC(47)                Mark Start          Mark End        Relocate Start      Relocate End           High               Low         
[79.107s][info][gc,heap     ] GC(47)  Capacity:     4028M (98%)        4028M (98%)        4028M (98%)        4028M (98%)        4028M (98%)        4028M (98%)    
[79.107s][info][gc,heap     ] GC(47)      Free:     3306M (81%)        3164M (77%)        3152M (77%)        3200M (78%)        3306M (81%)        3120M (76%)    
[79.107s][info][gc,heap     ] GC(47)      Used:      790M (19%)         932M (23%)         944M (23%)         896M (22%)         976M (24%)         790M (19%)    
[79.107s][info][gc,heap     ] GC(47)      Live:         -               489M (12%)         489M (12%)         489M (12%)            -                  -          
[79.107s][info][gc,heap     ] GC(47) Allocated:         -               142M (3%)          156M (4%)          191M (5%)             -                  -          
[79.107s][info][gc,heap     ] GC(47)   Garbage:         -               300M (7%)          298M (7%)          214M (5%)             -                  -          
[79.107s][info][gc,heap     ] GC(47) Reclaimed:         -                  -                 2M (0%)           85M (2%)             -                  -          
[79.107s][info][gc          ] GC(47) Garbage Collection (Allocation Rate) 790M(19%)->896M(22%)
[79.147s][info][gc,start    ] GC(48) Garbage Collection (Allocation Rate)
[79.147s][info][gc,task     ] GC(48) Using 12 workers
[79.147s][info][gc,phases   ] GC(48) Pause Mark Start 0.015ms
[79.350s][info][gc,phases   ] GC(48) Concurrent Mark 202.713ms
[79.350s][info][gc,phases   ] GC(48) Pause Mark End 0.020ms
[79.350s][info][gc,phases   ] GC(48) Concurrent Mark Free 0.001ms
[79.351s][info][gc,phases   ] GC(48) Concurrent Process Non-Strong References 0.775ms
[79.351s][info][gc,phases   ] GC(48) Concurrent Reset Relocation Set 0.019ms
[79.357s][info][gc,phases   ] GC(48) Concurrent Select Relocation Set 6.287ms
[79.357s][info][gc,phases   ] GC(48) Pause Relocate Start 0.008ms
[79.364s][info][gc,phases   ] GC(48) Concurrent Relocate 6.301ms
[79.364s][info][gc,load     ] GC(48) Load: 0.00/0.00/0.00
[79.364s][info][gc,mmu      ] GC(48) MMU: 2ms/98.3%, 5ms/99.3%, 10ms/99.6%, 20ms/99.7%, 50ms/99.9%, 100ms/99.9%
[79.364s][info][gc,marking  ] GC(48) Mark: 8 stripe(s), 3 proactive flush(es), 1 terminate flush(es), 0 completion(s), 0 continuation(s) 
[79.364s][info][gc,marking  ] GC(48) Mark Stack Usage: 32M
[79.364s][info][gc,nmethod  ] GC(48) NMethods: 2475 registered, 127 unregistered
[79.364s][info][gc,metaspace] GC(48) Metaspace: 16M used, 16M committed, 1088M reserved
[79.364s][info][gc,ref      ] GC(48) Soft: 250 encountered, 0 discovered, 0 enqueued
[79.364s][info][gc,ref      ] GC(48) Weak: 996 encountered, 107 discovered, 0 enqueued
[79.364s][info][gc,ref      ] GC(48) Final: 0 encountered, 0 discovered, 0 enqueued
[79.364s][info][gc,ref      ] GC(48) Phantom: 35 encountered, 26 discovered, 0 enqueued
[79.364s][info][gc,reloc    ] GC(48) Small Pages: 451 / 902M, Empty: 2M, Relocated: 11M, In-Place: 0
[79.364s][info][gc,reloc    ] GC(48) Medium Pages: 1 / 32M, Empty: 0M, Relocated: 0M, In-Place: 0
[79.364s][info][gc,reloc    ] GC(48) Large Pages: 0 / 0M, Empty: 0M, Relocated: 0M, In-Place: 0
[79.364s][info][gc,reloc    ] GC(48) Forwarding Usage: 8M
[79.364s][info][gc,heap     ] GC(48) Min Capacity: 8M(0%)
[79.364s][info][gc,heap     ] GC(48) Max Capacity: 4096M(100%)
[79.364s][info][gc,heap     ] GC(48) Soft Max Capacity: 4096M(100%)
[79.364s][info][gc,heap     ] GC(48)                Mark Start          Mark End        Relocate Start      Relocate End           High               Low         
[79.364s][info][gc,heap     ] GC(48)  Capacity:     4028M (98%)        4060M (99%)        4060M (99%)        4060M (99%)        4060M (99%)        4028M (98%)    
[79.364s][info][gc,heap     ] GC(48)      Free:     3162M (77%)        3042M (74%)        3042M (74%)        3098M (76%)        3162M (77%)        3018M (74%)    
[79.364s][info][gc,heap     ] GC(48)      Used:      934M (23%)        1054M (26%)        1054M (26%)         998M (24%)        1078M (26%)         934M (23%)    
[79.364s][info][gc,heap     ] GC(48)      Live:         -               612M (15%)         612M (15%)         612M (15%)            -                  -          
[79.364s][info][gc,heap     ] GC(48) Allocated:         -               120M (3%)          122M (3%)          127M (3%)             -                  -          
[79.364s][info][gc,heap     ] GC(48)   Garbage:         -               321M (8%)          319M (8%)          257M (6%)             -                  -          
[79.364s][info][gc,heap     ] GC(48) Reclaimed:         -                  -                 2M (0%)           63M (2%)             -                  -          
[79.364s][info][gc          ] GC(48) Garbage Collection (Allocation Rate) 934M(23%)->998M(24%)
[79.459s][info][gc,start    ] GC(49) Garbage Collection (Allocation Rate)
[79.459s][info][gc,task     ] GC(49) Using 12 workers
[79.459s][info][gc,phases   ] GC(49) Pause Mark Start 0.015ms
[79.621s][info][gc,phases   ] GC(49) Concurrent Mark 161.954ms
[79.621s][info][gc,phases   ] GC(49) Pause Mark End 0.021ms
[79.622s][info][gc,phases   ] GC(49) Concurrent Mark Free 0.001ms
[79.622s][info][gc,phases   ] GC(49) Concurrent Process Non-Strong References 0.678ms
[79.622s][info][gc,phases   ] GC(49) Concurrent Reset Relocation Set 0.008ms
[79.643s][info][gc,phases   ] GC(49) Concurrent Select Relocation Set 20.887ms
[79.643s][info][gc,phases   ] GC(49) Pause Relocate Start 0.011ms
[79.664s][info][gc,phases   ] GC(49) Concurrent Relocate 20.446ms
[79.664s][info][gc,load     ] GC(49) Load: 0.00/0.00/0.00
[79.664s][info][gc,mmu      ] GC(49) MMU: 2ms/98.3%, 5ms/99.3%, 10ms/99.6%, 20ms/99.7%, 50ms/99.9%, 100ms/99.9%
[79.664s][info][gc,marking  ] GC(49) Mark: 8 stripe(s), 3 proactive flush(es), 1 terminate flush(es), 0 completion(s), 0 continuation(s) 
[79.664s][info][gc,marking  ] GC(49) Mark Stack Usage: 32M
[79.664s][info][gc,nmethod  ] GC(49) NMethods: 2475 registered, 127 unregistered
[79.664s][info][gc,metaspace] GC(49) Metaspace: 16M used, 16M committed, 1088M reserved
[79.664s][info][gc,ref      ] GC(49) Soft: 250 encountered, 0 discovered, 0 enqueued
[79.664s][info][gc,ref      ] GC(49) Weak: 995 encountered, 253 discovered, 7 enqueued
[79.664s][info][gc,ref      ] GC(49) Final: 0 encountered, 0 discovered, 0 enqueued
[79.664s][info][gc,ref      ] GC(49) Phantom: 35 encountered, 21 discovered, 0 enqueued
[79.664s][info][gc,reloc    ] GC(49) Small Pages: 479 / 958M, Empty: 0M, Relocated: 54M, In-Place: 0
[79.664s][info][gc,reloc    ] GC(49) Medium Pages: 2 / 64M, Empty: 0M, Relocated: 3M, In-Place: 0
[79.664s][info][gc,reloc    ] GC(49) Large Pages: 0 / 0M, Empty: 0M, Relocated: 0M, In-Place: 0
[79.664s][info][gc,reloc    ] GC(49) Forwarding Usage: 29M
[79.664s][info][gc,heap     ] GC(49) Min Capacity: 8M(0%)
[79.664s][info][gc,heap     ] GC(49) Max Capacity: 4096M(100%)
[79.664s][info][gc,heap     ] GC(49) Soft Max Capacity: 4096M(100%)
[79.664s][info][gc,heap     ] GC(49)                Mark Start          Mark End        Relocate Start      Relocate End           High               Low         
[79.664s][info][gc,heap     ] GC(49)  Capacity:     4060M (99%)        4060M (99%)        4060M (99%)        4092M (100%)       4092M (100%)       4060M (99%)    
[79.664s][info][gc,heap     ] GC(49)      Free:     3074M (75%)        2978M (73%)        2978M (73%)        3150M (77%)        3150M (77%)        2928M (71%)    
[79.664s][info][gc,heap     ] GC(49)      Used:     1022M (25%)        1118M (27%)        1118M (27%)         946M (23%)        1168M (29%)         946M (23%)    
[79.664s][info][gc,heap     ] GC(49)      Live:         -               583M (14%)         583M (14%)         583M (14%)            -                  -          
[79.664s][info][gc,heap     ] GC(49) Allocated:         -                96M (2%)           96M (2%)           99M (2%)             -                  -          
[79.664s][info][gc,heap     ] GC(49)   Garbage:         -               438M (11%)         438M (11%)         262M (6%)             -                  -          
[79.664s][info][gc,heap     ] GC(49) Reclaimed:         -                  -                 0M (0%)          175M (4%)             -                  -          
[79.664s][info][gc          ] GC(49) Garbage Collection (Allocation Rate) 1022M(25%)->946M(23%)
[80.145s][info][gc,stats    ] === Garbage Collection Statistics =======================================================================================================================
[80.145s][info][gc,stats    ]                                                              Last 10s              Last 10m              Last 10h                Total
[80.145s][info][gc,stats    ]                                                              Avg / Max             Avg / Max             Avg / Max             Avg / Max
[80.145s][info][gc,stats    ]   Collector: Garbage Collection Cycle                    157.244 / 441.597     166.821 / 577.032     166.821 / 577.032     166.821 / 577.032     ms
[80.145s][info][gc,stats    ]  Contention: Mark Segment Reset Contention                     3 / 16                3 / 32                3 / 32                3 / 32          ops/s
[80.145s][info][gc,stats    ]  Contention: Mark SeqNum Reset Contention                      0 / 2                 0 / 2                 0 / 2                 0 / 2           ops/s
[80.145s][info][gc,stats    ]    Critical: Allocation Stall                                  0 / 0                 0 / 0                 0 / 0                 0 / 0           ops/s
[80.145s][info][gc,stats    ]    Critical: Allocation Stall                              0.000 / 0.000         0.000 / 0.000         0.000 / 0.000         0.000 / 0.000       ms
[80.145s][info][gc,stats    ]    Critical: GC Locker Stall                                   0 / 0                 0 / 0                 0 / 0                 0 / 0           ops/s
[80.145s][info][gc,stats    ]    Critical: GC Locker Stall                               0.000 / 0.000         0.000 / 0.000         0.000 / 0.000         0.000 / 0.000       ms
[80.145s][info][gc,stats    ]    Critical: Relocation Stall                                  0 / 0                 0 / 0                 0 / 0                 0 / 0           ops/s
[80.145s][info][gc,stats    ]    Critical: Relocation Stall                              0.000 / 0.000         0.000 / 0.000         0.000 / 0.000         0.000 / 0.000       ms
[80.145s][info][gc,stats    ]      Memory: Allocation Rate                                 869 / 4152            615 / 4654            615 / 4654            615 / 4654        MB/s
[80.145s][info][gc,stats    ]      Memory: Defragment                                        4 / 48                2 / 48                2 / 48                2 / 48          ops/s
[80.145s][info][gc,stats    ]      Memory: Out Of Memory                                     0 / 0                 0 / 0                 0 / 0                 0 / 0           ops/s
[80.145s][info][gc,stats    ]      Memory: Page Cache Flush                                  9 / 96                4 / 96                4 / 96                4 / 96          MB/s
[80.145s][info][gc,stats    ]      Memory: Page Cache Hit L1                               426 / 1905            295 / 2065            295 / 2065            295 / 2065        ops/s
[80.145s][info][gc,stats    ]      Memory: Page Cache Hit L2                                 0 / 0                 0 / 0                 0 / 0                 0 / 0           ops/s
[80.145s][info][gc,stats    ]      Memory: Page Cache Hit L3                                 4 / 43               15 / 525              15 / 525              15 / 525         ops/s
[80.145s][info][gc,stats    ]      Memory: Page Cache Miss                                  13 / 128               9 / 231               9 / 231               9 / 231         ops/s
[80.145s][info][gc,stats    ]      Memory: Uncommit                                          0 / 0                 0 / 0                 0 / 0                 0 / 0           MB/s
[80.145s][info][gc,stats    ]      Memory: Undo Object Allocation Failed                     0 / 0                 0 / 1                 0 / 1                 0 / 1           ops/s
[80.145s][info][gc,stats    ]      Memory: Undo Object Allocation Succeeded                  4 / 18                7 / 134               7 / 134               7 / 134         ops/s
[80.145s][info][gc,stats    ]      Memory: Undo Page Allocation                              5 / 50                4 / 104               4 / 104               4 / 104         ops/s
[80.146s][info][gc,stats    ]       Phase: Concurrent Mark                             106.860 / 202.713      95.018 / 327.081      95.018 / 327.081      95.018 / 327.081     ms
[80.146s][info][gc,stats    ]       Phase: Concurrent Mark Continue                      0.000 / 0.000         0.000 / 0.000         0.000 / 0.000         0.000 / 0.000       ms
[80.146s][info][gc,stats    ]       Phase: Concurrent Mark Free                          0.001 / 0.001         0.001 / 0.004         0.001 / 0.004         0.001 / 0.004       ms
[80.146s][info][gc,stats    ]       Phase: Concurrent Process Non-Strong References      1.899 / 9.963         7.630 / 72.793        7.630 / 72.793        7.630 / 72.793      ms
[80.146s][info][gc,stats    ]       Phase: Concurrent Relocate                           6.418 / 20.446       11.870 / 105.412      11.870 / 105.412      11.870 / 105.412     ms
[80.146s][info][gc,stats    ]       Phase: Concurrent Reset Relocation Set               0.011 / 0.035         0.024 / 0.192         0.024 / 0.192         0.024 / 0.192       ms
[80.146s][info][gc,stats    ]       Phase: Concurrent Select Relocation Set             12.963 / 31.624       25.012 / 148.744      25.012 / 148.744      25.012 / 148.744     ms
[80.146s][info][gc,stats    ]       Phase: Pause Mark End                                0.021 / 0.027         0.021 / 0.034         0.021 / 0.034         0.021 / 0.034       ms
[80.146s][info][gc,stats    ]       Phase: Pause Mark Start                              0.015 / 0.017         0.015 / 0.028         0.015 / 0.028         0.015 / 0.028       ms
[80.146s][info][gc,stats    ]       Phase: Pause Relocate Start                          0.009 / 0.011         0.008 / 0.020         0.008 / 0.020         0.008 / 0.020       ms
[80.146s][info][gc,stats    ]    Subphase: Concurrent Classes Purge                      0.013 / 0.052         0.540 / 21.494        0.540 / 21.494        0.540 / 21.494      ms
[80.146s][info][gc,stats    ]    Subphase: Concurrent Classes Unlink                     0.525 / 0.714         1.742 / 37.314        1.742 / 37.314        1.742 / 37.314      ms
[80.146s][info][gc,stats    ]    Subphase: Concurrent Mark                             104.816 / 201.519      88.669 / 325.823      88.669 / 325.823      88.669 / 325.823     ms
[80.146s][info][gc,stats    ]    Subphase: Concurrent Mark Try Flush                     5.665 / 62.475        7.891 / 84.361        7.891 / 84.361        7.891 / 84.361      ms
[80.146s][info][gc,stats    ]    Subphase: Concurrent Mark Try Terminate                11.958 / 62.476       11.417 / 78.096       11.417 / 78.096       11.417 / 78.096      ms
[80.146s][info][gc,stats    ]    Subphase: Concurrent References Enqueue                 0.001 / 0.003         0.001 / 0.005         0.001 / 0.005         0.001 / 0.005       ms
[80.146s][info][gc,stats    ]    Subphase: Concurrent References Process                 0.045 / 0.126         0.075 / 0.519         0.075 / 0.519         0.075 / 0.519       ms
[80.146s][info][gc,stats    ]    Subphase: Concurrent Roots ClassLoaderDataGraph         0.033 / 0.351         0.052 / 1.367         0.052 / 1.367         0.052 / 1.367       ms
[80.146s][info][gc,stats    ]    Subphase: Concurrent Roots CodeCache                    0.000 / 0.000         0.000 / 0.000         0.000 / 0.000         0.000 / 0.000       ms
[80.146s][info][gc,stats    ]    Subphase: Concurrent Roots JavaThreads                  0.671 / 1.108         6.941 / 275.651       6.941 / 275.651       6.941 / 275.651     ms
[80.146s][info][gc,stats    ]    Subphase: Concurrent Roots OopStorageSet                0.014 / 0.055         0.067 / 2.056         0.067 / 2.056         0.067 / 2.056       ms
[80.146s][info][gc,stats    ]    Subphase: Concurrent Weak Roots OopStorageSet           0.095 / 0.136         0.109 / 0.552         0.109 / 0.552         0.109 / 0.552       ms
[80.146s][info][gc,stats    ]    Subphase: Pause Mark Try Complete                       0.000 / 0.000         0.000 / 0.000         0.000 / 0.000         0.000 / 0.000       ms
[80.146s][info][gc,stats    ]      System: Java Threads                                     62 / 64               62 / 74               62 / 74               62 / 74          threads
[80.146s][info][gc,stats    ] =========================================================================================================================================================
[86.455s][info][gc,start    ] GC(50) Garbage Collection (Allocation Rate)
[86.455s][info][gc,task     ] GC(50) Using 12 workers
[86.455s][info][gc,phases   ] GC(50) Pause Mark Start 0.018ms
[86.611s][info][gc,phases   ] GC(50) Concurrent Mark 155.738ms
[86.611s][info][gc,phases   ] GC(50) Pause Mark End 0.019ms
[86.611s][info][gc,phases   ] GC(50) Concurrent Mark Free 0.001ms
[86.612s][info][gc,phases   ] GC(50) Concurrent Process Non-Strong References 0.693ms
[86.612s][info][gc,phases   ] GC(50) Concurrent Reset Relocation Set 0.028ms
[86.707s][info][gc,phases   ] GC(50) Concurrent Select Relocation Set 95.215ms
[86.707s][info][gc,phases   ] GC(50) Pause Relocate Start 0.009ms
[86.800s][info][gc,phases   ] GC(50) Concurrent Relocate 92.650ms
[86.800s][info][gc,load     ] GC(50) Load: 0.00/0.00/0.00
[86.800s][info][gc,mmu      ] GC(50) MMU: 2ms/98.3%, 5ms/99.3%, 10ms/99.6%, 20ms/99.7%, 50ms/99.9%, 100ms/99.9%
[86.800s][info][gc,marking  ] GC(50) Mark: 8 stripe(s), 2 proactive flush(es), 1 terminate flush(es), 0 completion(s), 0 continuation(s) 
[86.800s][info][gc,marking  ] GC(50) Mark Stack Usage: 32M
[86.800s][info][gc,nmethod  ] GC(50) NMethods: 2477 registered, 127 unregistered
[86.800s][info][gc,metaspace] GC(50) Metaspace: 16M used, 16M committed, 1088M reserved
[86.800s][info][gc,ref      ] GC(50) Soft: 250 encountered, 0 discovered, 0 enqueued
[86.800s][info][gc,ref      ] GC(50) Weak: 997 encountered, 319 discovered, 5 enqueued
[86.800s][info][gc,ref      ] GC(50) Final: 0 encountered, 0 discovered, 0 enqueued
[86.800s][info][gc,ref      ] GC(50) Phantom: 35 encountered, 22 discovered, 0 enqueued
[86.800s][info][gc,reloc    ] GC(50) Small Pages: 1082 / 2164M, Empty: 800M, Relocated: 437M, In-Place: 0
[86.800s][info][gc,reloc    ] GC(50) Medium Pages: 1 / 32M, Empty: 32M, Relocated: 0M, In-Place: 0
[86.800s][info][gc,reloc    ] GC(50) Large Pages: 0 / 0M, Empty: 0M, Relocated: 0M, In-Place: 0
[86.800s][info][gc,reloc    ] GC(50) Forwarding Usage: 183M
[86.800s][info][gc,heap     ] GC(50) Min Capacity: 8M(0%)
[86.800s][info][gc,heap     ] GC(50) Max Capacity: 4096M(100%)
[86.800s][info][gc,heap     ] GC(50) Soft Max Capacity: 4096M(100%)
[86.800s][info][gc,heap     ] GC(50)                Mark Start          Mark End        Relocate Start      Relocate End           High               Low         
[86.800s][info][gc,heap     ] GC(50)  Capacity:     4092M (100%)       4092M (100%)       4092M (100%)       4092M (100%)       4092M (100%)       4092M (100%)   
[86.800s][info][gc,heap     ] GC(50)      Free:     1900M (46%)        1802M (44%)        2512M (61%)        3366M (82%)        3366M (82%)        1800M (44%)    
[86.800s][info][gc,heap     ] GC(50)      Used:     2196M (54%)        2294M (56%)        1584M (39%)         730M (18%)        2296M (56%)         730M (18%)    
[86.800s][info][gc,heap     ] GC(50)      Live:         -               452M (11%)         452M (11%)         452M (11%)            -                  -          
[86.800s][info][gc,heap     ] GC(50) Allocated:         -                98M (2%)          220M (5%)          262M (6%)             -                  -          
[86.800s][info][gc,heap     ] GC(50)   Garbage:         -              1743M (43%)         911M (22%)          14M (0%)             -                  -          
[86.800s][info][gc,heap     ] GC(50) Reclaimed:         -                  -               832M (20%)        1728M (42%)            -                  -          
[86.800s][info][gc          ] GC(50) Garbage Collection (Allocation Rate) 2196M(54%)->730M(18%)
[89.257s][info][gc,start    ] GC(51) Garbage Collection (Allocation Rate)
[89.257s][info][gc,task     ] GC(51) Using 3 workers
[89.258s][info][gc,phases   ] GC(51) Pause Mark Start 0.016ms
[89.288s][info][gc,phases   ] GC(51) Concurrent Mark 30.814ms
[89.289s][info][gc,phases   ] GC(51) Pause Mark End 0.020ms
[89.289s][info][gc,phases   ] GC(51) Concurrent Mark Free 0.001ms
[89.292s][info][gc,phases   ] GC(51) Concurrent Process Non-Strong References 3.252ms
[89.292s][info][gc,phases   ] GC(51) Concurrent Reset Relocation Set 0.169ms
[89.320s][info][gc,phases   ] GC(51) Concurrent Select Relocation Set 27.458ms
[89.320s][info][gc,phases   ] GC(51) Pause Relocate Start 0.010ms
[89.325s][info][gc,phases   ] GC(51) Concurrent Relocate 5.343ms
[89.325s][info][gc,load     ] GC(51) Load: 0.00/0.00/0.00
[89.325s][info][gc,mmu      ] GC(51) MMU: 2ms/98.3%, 5ms/99.3%, 10ms/99.6%, 20ms/99.7%, 50ms/99.9%, 100ms/99.9%
[89.325s][info][gc,marking  ] GC(51) Mark: 2 stripe(s), 2 proactive flush(es), 1 terminate flush(es), 0 completion(s), 0 continuation(s) 
[89.325s][info][gc,marking  ] GC(51) Mark Stack Usage: 32M
[89.325s][info][gc,nmethod  ] GC(51) NMethods: 2480 registered, 129 unregistered
[89.325s][info][gc,metaspace] GC(51) Metaspace: 16M used, 16M committed, 1088M reserved
[89.325s][info][gc,ref      ] GC(51) Soft: 250 encountered, 0 discovered, 0 enqueued
[89.325s][info][gc,ref      ] GC(51) Weak: 996 encountered, 297 discovered, 3 enqueued
[89.325s][info][gc,ref      ] GC(51) Final: 0 encountered, 0 discovered, 0 enqueued
[89.325s][info][gc,ref      ] GC(51) Phantom: 35 encountered, 28 discovered, 0 enqueued
[89.325s][info][gc,reloc    ] GC(51) Small Pages: 919 / 1838M, Empty: 1764M, Relocated: 8M, In-Place: 0
[89.325s][info][gc,reloc    ] GC(51) Medium Pages: 0 / 0M, Empty: 0M, Relocated: 0M, In-Place: 0
[89.325s][info][gc,reloc    ] GC(51) Large Pages: 2 / 12M, Empty: 12M, Relocated: 0M, In-Place: 0
[89.326s][info][gc,reloc    ] GC(51) Forwarding Usage: 2M
[89.326s][info][gc,heap     ] GC(51) Min Capacity: 8M(0%)
[89.326s][info][gc,heap     ] GC(51) Max Capacity: 4096M(100%)
[89.326s][info][gc,heap     ] GC(51) Soft Max Capacity: 4096M(100%)
[89.326s][info][gc,heap     ] GC(51)                Mark Start          Mark End        Relocate Start      Relocate End           High               Low         
[89.326s][info][gc,heap     ] GC(51)  Capacity:     4092M (100%)       4092M (100%)       4092M (100%)       4092M (100%)       4092M (100%)       4092M (100%)   
[89.326s][info][gc,heap     ] GC(51)      Free:     2246M (55%)        2244M (55%)        4020M (98%)        4062M (99%)        4062M (99%)        2244M (55%)    
[89.326s][info][gc,heap     ] GC(51)      Used:     1850M (45%)        1852M (45%)          76M (2%)           34M (1%)         1852M (45%)          34M (1%)     
[89.326s][info][gc,heap     ] GC(51)      Live:         -                23M (1%)           23M (1%)           23M (1%)             -                  -          
[89.326s][info][gc,heap     ] GC(51) Allocated:         -                 2M (0%)            2M (0%)            5M (0%)             -                  -          
[89.326s][info][gc,heap     ] GC(51)   Garbage:         -              1826M (45%)          50M (1%)            4M (0%)             -                  -          
[89.326s][info][gc,heap     ] GC(51) Reclaimed:         -                  -              1776M (43%)        1821M (44%)            -                  -          
[89.326s][info][gc          ] GC(51) Garbage Collection (Allocation Rate) 1850M(45%)->34M(1%)
[89.554s][info][gc,start    ] GC(52) Garbage Collection (Allocation Rate)
[89.554s][info][gc,task     ] GC(52) Using 6 workers
[89.554s][info][gc,phases   ] GC(52) Pause Mark Start 0.016ms
[89.585s][info][gc,phases   ] GC(52) Concurrent Mark 30.890ms
[89.585s][info][gc,phases   ] GC(52) Pause Mark End 0.022ms
[89.586s][info][gc,phases   ] GC(52) Concurrent Mark Free 0.001ms
[89.587s][info][gc,phases   ] GC(52) Concurrent Process Non-Strong References 1.775ms
[89.587s][info][gc,phases   ] GC(52) Concurrent Reset Relocation Set 0.005ms
[89.591s][info][gc,phases   ] GC(52) Concurrent Select Relocation Set 3.885ms
[89.592s][info][gc,phases   ] GC(52) Pause Relocate Start 0.007ms
[89.593s][info][gc,phases   ] GC(52) Concurrent Relocate 1.466ms
[89.593s][info][gc,load     ] GC(52) Load: 0.00/0.00/0.00
[89.593s][info][gc,mmu      ] GC(52) MMU: 2ms/98.3%, 5ms/99.3%, 10ms/99.6%, 20ms/99.7%, 50ms/99.9%, 100ms/99.9%
[89.593s][info][gc,marking  ] GC(52) Mark: 4 stripe(s), 4 proactive flush(es), 1 terminate flush(es), 0 completion(s), 0 continuation(s) 
[89.593s][info][gc,marking  ] GC(52) Mark Stack Usage: 32M
[89.593s][info][gc,nmethod  ] GC(52) NMethods: 2480 registered, 129 unregistered
[89.593s][info][gc,metaspace] GC(52) Metaspace: 16M used, 16M committed, 1088M reserved
[89.593s][info][gc,ref      ] GC(52) Soft: 250 encountered, 0 discovered, 0 enqueued
[89.593s][info][gc,ref      ] GC(52) Weak: 993 encountered, 96 discovered, 0 enqueued
[89.593s][info][gc,ref      ] GC(52) Final: 0 encountered, 0 discovered, 0 enqueued
[89.593s][info][gc,ref      ] GC(52) Phantom: 35 encountered, 26 discovered, 0 enqueued
[89.593s][info][gc,reloc    ] GC(52) Small Pages: 24 / 48M, Empty: 14M, Relocated: 1M, In-Place: 0
[89.593s][info][gc,reloc    ] GC(52) Medium Pages: 0 / 0M, Empty: 0M, Relocated: 0M, In-Place: 0
[89.593s][info][gc,reloc    ] GC(52) Large Pages: 0 / 0M, Empty: 0M, Relocated: 0M, In-Place: 0
[89.593s][info][gc,reloc    ] GC(52) Forwarding Usage: 0M
[89.593s][info][gc,heap     ] GC(52) Min Capacity: 8M(0%)
[89.594s][info][gc,heap     ] GC(52) Max Capacity: 4096M(100%)
[89.594s][info][gc,heap     ] GC(52) Soft Max Capacity: 4096M(100%)
[89.594s][info][gc,heap     ] GC(52)                Mark Start          Mark End        Relocate Start      Relocate End           High               Low         
[89.594s][info][gc,heap     ] GC(52)  Capacity:     4092M (100%)       4092M (100%)       4092M (100%)       4092M (100%)       4092M (100%)       4092M (100%)   
[89.594s][info][gc,heap     ] GC(52)      Free:     4048M (99%)        4046M (99%)        4058M (99%)        4056M (99%)        4058M (99%)        4044M (99%)    
[89.594s][info][gc,heap     ] GC(52)      Used:       48M (1%)           50M (1%)           38M (1%)           40M (1%)           52M (1%)           38M (1%)     
[89.594s][info][gc,heap     ] GC(52)      Live:         -                23M (1%)           23M (1%)           23M (1%)             -                  -          
[89.594s][info][gc,heap     ] GC(52) Allocated:         -                 2M (0%)            4M (0%)            5M (0%)             -                  -          
[89.594s][info][gc,heap     ] GC(52)   Garbage:         -                24M (1%)           10M (0%)           10M (0%)             -                  -          
[89.594s][info][gc,heap     ] GC(52) Reclaimed:         -                  -                14M (0%)           13M (0%)             -                  -          
[89.594s][info][gc          ] GC(52) Garbage Collection (Allocation Rate) 48M(1%)->40M(1%)
[90.155s][info][gc,stats    ] === Garbage Collection Statistics =======================================================================================================================
[90.156s][info][gc,stats    ]                                                              Last 10s              Last 10m              Last 10h                Total
[90.156s][info][gc,stats    ]                                                              Avg / Max             Avg / Max             Avg / Max             Avg / Max
[90.156s][info][gc,stats    ]   Collector: Garbage Collection Cycle                    150.797 / 345.290     165.914 / 577.032     165.914 / 577.032     165.914 / 577.032     ms
[90.156s][info][gc,stats    ]  Contention: Mark Segment Reset Contention                     1 / 8                 3 / 32                3 / 32                3 / 32          ops/s
[90.156s][info][gc,stats    ]  Contention: Mark SeqNum Reset Contention                      0 / 0                 0 / 2                 0 / 2                 0 / 2           ops/s
[90.156s][info][gc,stats    ]    Critical: Allocation Stall                                  0 / 0                 0 / 0                 0 / 0                 0 / 0           ops/s
[90.156s][info][gc,stats    ]    Critical: Allocation Stall                              0.000 / 0.000         0.000 / 0.000         0.000 / 0.000         0.000 / 0.000       ms
[90.156s][info][gc,stats    ]    Critical: GC Locker Stall                                   0 / 0                 0 / 0                 0 / 0                 0 / 0           ops/s
[90.156s][info][gc,stats    ]    Critical: GC Locker Stall                               0.000 / 0.000         0.000 / 0.000         0.000 / 0.000         0.000 / 0.000       ms
[90.156s][info][gc,stats    ]    Critical: Relocation Stall                                  0 / 0                 0 / 0                 0 / 0                 0 / 0           ops/s
[90.156s][info][gc,stats    ]    Critical: Relocation Stall                              0.000 / 0.000         0.000 / 0.000         0.000 / 0.000         0.000 / 0.000       ms
[90.156s][info][gc,stats    ]      Memory: Allocation Rate                                 268 / 832             577 / 4654            577 / 4654            577 / 4654        MB/s
[90.156s][info][gc,stats    ]      Memory: Defragment                                        0 / 0                 2 / 48                2 / 48                2 / 48          ops/s
[90.156s][info][gc,stats    ]      Memory: Out Of Memory                                     0 / 0                 0 / 0                 0 / 0                 0 / 0           ops/s
[90.156s][info][gc,stats    ]      Memory: Page Cache Flush                                  0 / 0                 4 / 96                4 / 96                4 / 96          MB/s
[90.156s][info][gc,stats    ]      Memory: Page Cache Hit L1                               156 / 636             280 / 2065            280 / 2065            280 / 2065        ops/s
[90.156s][info][gc,stats    ]      Memory: Page Cache Hit L2                                 0 / 0                 0 / 0                 0 / 0                 0 / 0           ops/s
[90.156s][info][gc,stats    ]      Memory: Page Cache Hit L3                                 0 / 1                13 / 525              13 / 525              13 / 525         ops/s
[90.156s][info][gc,stats    ]      Memory: Page Cache Miss                                   0 / 0                 8 / 231               8 / 231               8 / 231         ops/s
[90.156s][info][gc,stats    ]      Memory: Uncommit                                          0 / 0                 0 / 0                 0 / 0                 0 / 0           MB/s
[90.156s][info][gc,stats    ]      Memory: Undo Object Allocation Failed                     0 / 0                 0 / 1                 0 / 1                 0 / 1           ops/s
[90.156s][info][gc,stats    ]      Memory: Undo Object Allocation Succeeded                  0 / 1                 6 / 134               6 / 134               6 / 134         ops/s
[90.156s][info][gc,stats    ]      Memory: Undo Page Allocation                              0 / 0                 3 / 104               3 / 104               3 / 104         ops/s
[90.156s][info][gc,stats    ]       Phase: Concurrent Mark                              72.481 / 155.738      93.742 / 327.081      93.742 / 327.081      93.742 / 327.081     ms
[90.156s][info][gc,stats    ]       Phase: Concurrent Mark Continue                      0.000 / 0.000         0.000 / 0.000         0.000 / 0.000         0.000 / 0.000       ms
[90.156s][info][gc,stats    ]       Phase: Concurrent Mark Free                          0.001 / 0.001         0.001 / 0.004         0.001 / 0.004         0.001 / 0.004       ms
[90.156s][info][gc,stats    ]       Phase: Concurrent Process Non-Strong References      1.907 / 3.252         7.306 / 72.793        7.306 / 72.793        7.306 / 72.793      ms
[90.156s][info][gc,stats    ]       Phase: Concurrent Relocate                          33.153 / 92.650       13.075 / 105.412      13.075 / 105.412      13.075 / 105.412     ms
[90.156s][info][gc,stats    ]       Phase: Concurrent Reset Relocation Set               0.067 / 0.169         0.026 / 0.192         0.026 / 0.192         0.026 / 0.192       ms
[90.156s][info][gc,stats    ]       Phase: Concurrent Select Relocation Set             42.186 / 95.215       25.984 / 148.744      25.984 / 148.744      25.984 / 148.744     ms
[90.157s][info][gc,stats    ]       Phase: Pause Mark End                                0.020 / 0.022         0.021 / 0.034         0.021 / 0.034         0.021 / 0.034       ms
[90.157s][info][gc,stats    ]       Phase: Pause Mark Start                              0.017 / 0.018         0.015 / 0.028         0.015 / 0.028         0.015 / 0.028       ms
[90.157s][info][gc,stats    ]       Phase: Pause Relocate Start                          0.009 / 0.010         0.008 / 0.020         0.008 / 0.020         0.008 / 0.020       ms
[90.157s][info][gc,stats    ]    Subphase: Concurrent Classes Purge                      0.010 / 0.023         0.510 / 21.494        0.510 / 21.494        0.510 / 21.494      ms
[90.157s][info][gc,stats    ]    Subphase: Concurrent Classes Unlink                     1.430 / 2.483         1.724 / 37.314        1.724 / 37.314        1.724 / 37.314      ms
[90.157s][info][gc,stats    ]    Subphase: Concurrent Mark                              99.432 / 154.338      89.055 / 325.823      89.055 / 325.823      89.055 / 325.823     ms
[90.157s][info][gc,stats    ]    Subphase: Concurrent Mark Try Flush                     0.059 / 0.110         7.412 / 84.361        7.412 / 84.361        7.412 / 84.361      ms
[90.157s][info][gc,stats    ]    Subphase: Concurrent Mark Try Terminate                 7.819 / 15.657       11.359 / 78.096       11.359 / 78.096       11.359 / 78.096      ms
[90.157s][info][gc,stats    ]    Subphase: Concurrent References Enqueue                 0.002 / 0.003         0.001 / 0.005         0.001 / 0.005         0.001 / 0.005       ms
[90.157s][info][gc,stats    ]    Subphase: Concurrent References Process                 0.035 / 0.047         0.073 / 0.519         0.073 / 0.519         0.073 / 0.519       ms
[90.157s][info][gc,stats    ]    Subphase: Concurrent Roots ClassLoaderDataGraph         0.057 / 0.309         0.053 / 1.367         0.053 / 1.367         0.053 / 1.367       ms
[90.157s][info][gc,stats    ]    Subphase: Concurrent Roots CodeCache                    0.000 / 0.000         0.000 / 0.000         0.000 / 0.000         0.000 / 0.000       ms
[90.157s][info][gc,stats    ]    Subphase: Concurrent Roots JavaThreads                  0.883 / 1.480         6.722 / 275.651       6.722 / 275.651       6.722 / 275.651     ms
[90.157s][info][gc,stats    ]    Subphase: Concurrent Roots OopStorageSet                0.017 / 0.033         0.065 / 2.056         0.065 / 2.056         0.065 / 2.056       ms
[90.157s][info][gc,stats    ]    Subphase: Concurrent Weak Roots OopStorageSet           0.224 / 0.601         0.113 / 0.601         0.113 / 0.601         0.113 / 0.601       ms
[90.157s][info][gc,stats    ]    Subphase: Pause Mark Try Complete                       0.000 / 0.000         0.000 / 0.000         0.000 / 0.000         0.000 / 0.000       ms
[90.157s][info][gc,stats    ]      System: Java Threads                                     62 / 62               62 / 74               62 / 74               62 / 74          threads
[90.157s][info][gc,stats    ] =========================================================================================================================================================
[90.521s][info][gc,start    ] GC(53) Garbage Collection (System.gc())
[90.521s][info][gc,task     ] GC(53) Using 12 workers
[90.521s][info][gc,phases   ] GC(53) Pause Mark Start 0.017ms
[90.537s][info][gc,phases   ] GC(53) Concurrent Mark 16.228ms
[90.537s][info][gc,phases   ] GC(53) Pause Mark End 0.023ms
[90.537s][info][gc,phases   ] GC(53) Concurrent Mark Free 0.001ms
[90.539s][info][gc,phases   ] GC(53) Concurrent Process Non-Strong References 1.005ms
[90.539s][info][gc,phases   ] GC(53) Concurrent Reset Relocation Set 0.001ms
[90.542s][info][gc,phases   ] GC(53) Concurrent Select Relocation Set 3.462ms
[90.542s][info][gc,phases   ] GC(53) Pause Relocate Start 0.006ms
[90.544s][info][gc,phases   ] GC(53) Concurrent Relocate 1.471ms
[90.544s][info][gc,load     ] GC(53) Load: 0.00/0.00/0.00
[90.544s][info][gc,mmu      ] GC(53) MMU: 2ms/98.3%, 5ms/99.3%, 10ms/99.6%, 20ms/99.7%, 50ms/99.9%, 100ms/99.9%
[90.544s][info][gc,marking  ] GC(53) Mark: 8 stripe(s), 1 proactive flush(es), 1 terminate flush(es), 0 completion(s), 0 continuation(s) 
[90.544s][info][gc,marking  ] GC(53) Mark Stack Usage: 32M
[90.544s][info][gc,nmethod  ] GC(53) NMethods: 2480 registered, 129 unregistered
[90.544s][info][gc,metaspace] GC(53) Metaspace: 16M used, 16M committed, 1088M reserved
[90.544s][info][gc,ref      ] GC(53) Soft: 250 encountered, 0 discovered, 0 enqueued
[90.544s][info][gc,ref      ] GC(53) Weak: 994 encountered, 85 discovered, 0 enqueued
[90.544s][info][gc,ref      ] GC(53) Final: 0 encountered, 0 discovered, 0 enqueued
[90.544s][info][gc,ref      ] GC(53) Phantom: 35 encountered, 28 discovered, 0 enqueued
[90.544s][info][gc,reloc    ] GC(53) Small Pages: 49 / 98M, Empty: 58M, Relocated: 1M, In-Place: 0
[90.544s][info][gc,reloc    ] GC(53) Medium Pages: 0 / 0M, Empty: 0M, Relocated: 0M, In-Place: 0
[90.544s][info][gc,reloc    ] GC(53) Large Pages: 0 / 0M, Empty: 0M, Relocated: 0M, In-Place: 0
[90.544s][info][gc,reloc    ] GC(53) Forwarding Usage: 0M
[90.544s][info][gc,heap     ] GC(53) Min Capacity: 8M(0%)
[90.544s][info][gc,heap     ] GC(53) Max Capacity: 4096M(100%)
[90.544s][info][gc,heap     ] GC(53) Soft Max Capacity: 4096M(100%)
[90.544s][info][gc,heap     ] GC(53)                Mark Start          Mark End        Relocate Start      Relocate End           High               Low         
[90.544s][info][gc,heap     ] GC(53)  Capacity:     4092M (100%)       4092M (100%)       4092M (100%)       4092M (100%)       4092M (100%)       4092M (100%)   
[90.544s][info][gc,heap     ] GC(53)      Free:     3998M (98%)        3998M (98%)        4056M (99%)        4056M (99%)        4056M (99%)        3998M (98%)    
[90.544s][info][gc,heap     ] GC(53)      Used:       98M (2%)           98M (2%)           40M (1%)           40M (1%)           98M (2%)           40M (1%)     
[90.544s][info][gc,heap     ] GC(53)      Live:         -                20M (1%)           20M (1%)           20M (1%)             -                  -          
[90.544s][info][gc,heap     ] GC(53) Allocated:         -                 0M (0%)            0M (0%)            0M (0%)             -                  -          
[90.544s][info][gc,heap     ] GC(53)   Garbage:         -                77M (2%)           19M (0%)           19M (0%)             -                  -          
[90.544s][info][gc,heap     ] GC(53) Reclaimed:         -                  -                58M (1%)           58M (1%)             -                  -          
[90.545s][info][gc          ] GC(53) Garbage Collection (System.gc()) 98M(2%)->40M(1%)
[92.652s][info][gc,start    ] GC(54) Garbage Collection (Allocation Rate)
[92.652s][info][gc,task     ] GC(54) Using 12 workers
[92.652s][info][gc,phases   ] GC(54) Pause Mark Start 0.012ms
[92.761s][info][gc,phases   ] GC(54) Concurrent Mark 62.548ms
[92.761s][info][gc,phases   ] GC(54) Pause Mark End 0.027ms
[92.777s][info][gc,phases   ] GC(54) Concurrent Mark Free 0.004ms
[92.808s][info][gc,phases   ] GC(54) Concurrent Process Non-Strong References 31.078ms
[92.808s][info][gc,phases   ] GC(54) Concurrent Reset Relocation Set 0.005ms
[92.824s][info][gc,phases   ] GC(54) Concurrent Select Relocation Set 15.785ms
[92.824s][info][gc,phases   ] GC(54) Pause Relocate Start 0.010ms
[92.893s][info][gc,phases   ] GC(54) Concurrent Relocate 1.362ms
[92.906s][info][gc,load     ] GC(54) Load: 0.00/0.00/0.00
[92.906s][info][gc,mmu      ] GC(54) MMU: 2ms/98.3%, 5ms/99.3%, 10ms/99.6%, 20ms/99.7%, 50ms/99.9%, 100ms/99.9%
[92.906s][info][gc,marking  ] GC(54) Mark: 8 stripe(s), 2 proactive flush(es), 1 terminate flush(es), 0 completion(s), 0 continuation(s) 
[92.906s][info][gc,marking  ] GC(54) Mark Stack Usage: 32M
[92.906s][info][gc,nmethod  ] GC(54) NMethods: 2486 registered, 129 unregistered
[92.906s][info][gc,metaspace] GC(54) Metaspace: 16M used, 16M committed, 1088M reserved
[92.906s][info][gc,ref      ] GC(54) Soft: 250 encountered, 0 discovered, 0 enqueued
[92.906s][info][gc,ref      ] GC(54) Weak: 1002 encountered, 139 discovered, 3 enqueued
[92.906s][info][gc,ref      ] GC(54) Final: 0 encountered, 0 discovered, 0 enqueued
[92.906s][info][gc,ref      ] GC(54) Phantom: 35 encountered, 19 discovered, 0 enqueued
[92.906s][info][gc,reloc    ] GC(54) Small Pages: 1292 / 2584M, Empty: 2176M, Relocated: 3M, In-Place: 0
[92.906s][info][gc,reloc    ] GC(54) Medium Pages: 0 / 0M, Empty: 0M, Relocated: 0M, In-Place: 0
[92.906s][info][gc,reloc    ] GC(54) Large Pages: 0 / 0M, Empty: 0M, Relocated: 0M, In-Place: 0
[92.906s][info][gc,reloc    ] GC(54) Forwarding Usage: 1M
[92.906s][info][gc,heap     ] GC(54) Min Capacity: 8M(0%)
[92.906s][info][gc,heap     ] GC(54) Max Capacity: 4096M(100%)
[92.906s][info][gc,heap     ] GC(54) Soft Max Capacity: 4096M(100%)
[92.906s][info][gc,heap     ] GC(54)                Mark Start          Mark End        Relocate Start      Relocate End           High               Low         
[92.906s][info][gc,heap     ] GC(54)  Capacity:     4092M (100%)       4092M (100%)       4092M (100%)       4092M (100%)       4092M (100%)       4092M (100%)   
[92.906s][info][gc,heap     ] GC(54)      Free:     1512M (37%)         548M (13%)        2178M (53%)        1918M (47%)        2300M (56%)         136M (3%)     
[92.906s][info][gc,heap     ] GC(54)      Used:     2584M (63%)        3548M (87%)        1918M (47%)        2178M (53%)        3960M (97%)        1796M (44%)    
[92.906s][info][gc,heap     ] GC(54)      Live:         -                22M (1%)           22M (1%)           22M (1%)             -                  -          
[92.906s][info][gc,heap     ] GC(54) Allocated:         -               964M (24%)        1510M (37%)        2131M (52%)            -                  -          
[92.906s][info][gc,heap     ] GC(54)   Garbage:         -              2561M (63%)         385M (9%)           23M (1%)             -                  -          
[92.906s][info][gc,heap     ] GC(54) Reclaimed:         -                  -              2176M (53%)        2537M (62%)            -                  -          
[92.906s][info][gc          ] GC(54) Garbage Collection (Allocation Rate) 2584M(63%)->2178M(53%)
[92.959s][info][gc,start    ] GC(55) Garbage Collection (Allocation Rate)
[92.959s][info][gc,task     ] GC(55) Using 12 workers
[92.959s][info][gc,phases   ] GC(55) Pause Mark Start 0.017ms
[93.006s][info][gc,phases   ] GC(55) Concurrent Mark 46.389ms
[93.006s][info][gc,phases   ] GC(55) Pause Mark End 0.023ms
[93.006s][info][gc,phases   ] GC(55) Concurrent Mark Free 0.001ms
[93.007s][info][gc,phases   ] GC(55) Concurrent Process Non-Strong References 0.761ms
[93.007s][info][gc,phases   ] GC(55) Concurrent Reset Relocation Set 0.032ms
[93.011s][info][gc,phases   ] GC(55) Concurrent Select Relocation Set 4.333ms
[93.012s][info][gc,phases   ] GC(55) Pause Relocate Start 0.006ms
[93.016s][info][gc,phases   ] GC(55) Concurrent Relocate 4.656ms
[93.016s][info][gc,load     ] GC(55) Load: 0.00/0.00/0.00
[93.016s][info][gc,mmu      ] GC(55) MMU: 2ms/98.3%, 5ms/99.3%, 10ms/99.6%, 20ms/99.7%, 50ms/99.9%, 100ms/99.9%
[93.016s][info][gc,marking  ] GC(55) Mark: 8 stripe(s), 2 proactive flush(es), 1 terminate flush(es), 0 completion(s), 0 continuation(s) 
[93.016s][info][gc,marking  ] GC(55) Mark Stack Usage: 32M
[93.016s][info][gc,nmethod  ] GC(55) NMethods: 2486 registered, 129 unregistered
[93.016s][info][gc,metaspace] GC(55) Metaspace: 16M used, 16M committed, 1088M reserved
[93.016s][info][gc,ref      ] GC(55) Soft: 250 encountered, 0 discovered, 0 enqueued
[93.016s][info][gc,ref      ] GC(55) Weak: 1000 encountered, 218 discovered, 0 enqueued
[93.016s][info][gc,ref      ] GC(55) Final: 0 encountered, 0 discovered, 0 enqueued
[93.016s][info][gc,ref      ] GC(55) Phantom: 35 encountered, 21 discovered, 0 enqueued
[93.016s][info][gc,reloc    ] GC(55) Small Pages: 1123 / 2246M, Empty: 2000M, Relocated: 6M, In-Place: 0
[93.016s][info][gc,reloc    ] GC(55) Medium Pages: 1 / 32M, Empty: 0M, Relocated: 0M, In-Place: 0
[93.016s][info][gc,reloc    ] GC(55) Large Pages: 0 / 0M, Empty: 0M, Relocated: 0M, In-Place: 0
[93.016s][info][gc,reloc    ] GC(55) Forwarding Usage: 3M
[93.017s][info][gc,heap     ] GC(55) Min Capacity: 8M(0%)
[93.017s][info][gc,heap     ] GC(55) Max Capacity: 4096M(100%)
[93.017s][info][gc,heap     ] GC(55) Soft Max Capacity: 4096M(100%)
[93.017s][info][gc,heap     ] GC(55)                Mark Start          Mark End        Relocate Start      Relocate End           High               Low         
[93.017s][info][gc,heap     ] GC(55)  Capacity:     4092M (100%)       4092M (100%)       4092M (100%)       4092M (100%)       4092M (100%)       4092M (100%)   
[93.017s][info][gc,heap     ] GC(55)      Free:     1818M (44%)        1752M (43%)        3746M (91%)        3850M (94%)        3850M (94%)        1752M (43%)    
[93.017s][info][gc,heap     ] GC(55)      Used:     2278M (56%)        2344M (57%)         350M (9%)          246M (6%)         2344M (57%)         246M (6%)     
[93.017s][info][gc,heap     ] GC(55)      Live:         -                88M (2%)           88M (2%)           88M (2%)             -                  -          
[93.017s][info][gc,heap     ] GC(55) Allocated:         -                66M (2%)           72M (2%)           85M (2%)             -                  -          
[93.017s][info][gc,heap     ] GC(55)   Garbage:         -              2189M (53%)         189M (5%)           71M (2%)             -                  -          
[93.017s][info][gc,heap     ] GC(55) Reclaimed:         -                  -              2000M (49%)        2117M (52%)            -                  -          
[93.017s][info][gc          ] GC(55) Garbage Collection (Allocation Rate) 2278M(56%)->246M(6%)
[93.053s][info][gc,start    ] GC(56) Garbage Collection (Allocation Rate)
[93.053s][info][gc,task     ] GC(56) Using 12 workers
[93.053s][info][gc,phases   ] GC(56) Pause Mark Start 0.017ms
[93.115s][info][gc,phases   ] GC(56) Concurrent Mark 62.104ms
[93.116s][info][gc,phases   ] GC(56) Pause Mark End 0.018ms
[93.116s][info][gc,phases   ] GC(56) Concurrent Mark Free 0.001ms
[93.116s][info][gc,phases   ] GC(56) Concurrent Process Non-Strong References 0.672ms
[93.116s][info][gc,phases   ] GC(56) Concurrent Reset Relocation Set 0.006ms
[93.122s][info][gc,phases   ] GC(56) Concurrent Select Relocation Set 5.411ms
[93.122s][info][gc,phases   ] GC(56) Pause Relocate Start 0.007ms
[93.127s][info][gc,phases   ] GC(56) Concurrent Relocate 4.994ms
[93.127s][info][gc,load     ] GC(56) Load: 0.00/0.00/0.00
[93.127s][info][gc,mmu      ] GC(56) MMU: 2ms/98.3%, 5ms/99.3%, 10ms/99.6%, 20ms/99.7%, 50ms/99.9%, 100ms/99.9%
[93.127s][info][gc,marking  ] GC(56) Mark: 8 stripe(s), 2 proactive flush(es), 1 terminate flush(es), 0 completion(s), 0 continuation(s) 
[93.127s][info][gc,marking  ] GC(56) Mark Stack Usage: 32M
[93.127s][info][gc,nmethod  ] GC(56) NMethods: 2486 registered, 129 unregistered
[93.127s][info][gc,metaspace] GC(56) Metaspace: 16M used, 16M committed, 1088M reserved
[93.127s][info][gc,ref      ] GC(56) Soft: 250 encountered, 0 discovered, 0 enqueued
[93.127s][info][gc,ref      ] GC(56) Weak: 1000 encountered, 53 discovered, 0 enqueued
[93.127s][info][gc,ref      ] GC(56) Final: 0 encountered, 0 discovered, 0 enqueued
[93.127s][info][gc,ref      ] GC(56) Phantom: 35 encountered, 22 discovered, 0 enqueued
[93.127s][info][gc,reloc    ] GC(56) Small Pages: 132 / 264M, Empty: 0M, Relocated: 10M, In-Place: 0
[93.127s][info][gc,reloc    ] GC(56) Medium Pages: 1 / 32M, Empty: 0M, Relocated: 0M, In-Place: 0
[93.127s][info][gc,reloc    ] GC(56) Large Pages: 0 / 0M, Empty: 0M, Relocated: 0M, In-Place: 0
[93.127s][info][gc,reloc    ] GC(56) Forwarding Usage: 6M
[93.127s][info][gc,heap     ] GC(56) Min Capacity: 8M(0%)
[93.127s][info][gc,heap     ] GC(56) Max Capacity: 4096M(100%)
[93.127s][info][gc,heap     ] GC(56) Soft Max Capacity: 4096M(100%)
[93.128s][info][gc,heap     ] GC(56)                Mark Start          Mark End        Relocate Start      Relocate End           High               Low         
[93.128s][info][gc,heap     ] GC(56)  Capacity:     4092M (100%)       4092M (100%)       4092M (100%)       4092M (100%)       4092M (100%)       4092M (100%)   
[93.128s][info][gc,heap     ] GC(56)      Free:     3800M (93%)        3714M (91%)        3708M (91%)        3738M (91%)        3800M (93%)        3682M (90%)    
[93.128s][info][gc,heap     ] GC(56)      Used:      296M (7%)          382M (9%)          388M (9%)          358M (9%)          414M (10%)         296M (7%)     
[93.128s][info][gc,heap     ] GC(56)      Live:         -               158M (4%)          158M (4%)          158M (4%)             -                  -          
[93.128s][info][gc,heap     ] GC(56) Allocated:         -                86M (2%)           92M (2%)          103M (3%)             -                  -          
[93.128s][info][gc,heap     ] GC(56)   Garbage:         -               137M (3%)          137M (3%)           95M (2%)             -                  -          
[93.128s][info][gc,heap     ] GC(56) Reclaimed:         -                  -                 0M (0%)           41M (1%)             -                  -          
[93.128s][info][gc          ] GC(56) Garbage Collection (Allocation Rate) 296M(7%)->358M(9%)
[93.147s][info][gc,start    ] GC(57) Garbage Collection (Allocation Rate)
[93.147s][info][gc,task     ] GC(57) Using 12 workers
[93.147s][info][gc,phases   ] GC(57) Pause Mark Start 0.014ms
[93.225s][info][gc,phases   ] GC(57) Concurrent Mark 77.697ms
[93.225s][info][gc,phases   ] GC(57) Pause Mark End 0.021ms
[93.225s][info][gc,phases   ] GC(57) Concurrent Mark Free 0.001ms
[93.226s][info][gc,phases   ] GC(57) Concurrent Process Non-Strong References 0.741ms
[93.226s][info][gc,phases   ] GC(57) Concurrent Reset Relocation Set 0.006ms
[93.237s][info][gc,phases   ] GC(57) Concurrent Select Relocation Set 11.330ms
[93.237s][info][gc,phases   ] GC(57) Pause Relocate Start 0.009ms
[93.243s][info][gc,phases   ] GC(57) Concurrent Relocate 5.308ms
[93.243s][info][gc,load     ] GC(57) Load: 0.00/0.00/0.00
[93.243s][info][gc,mmu      ] GC(57) MMU: 2ms/98.3%, 5ms/99.3%, 10ms/99.6%, 20ms/99.7%, 50ms/99.9%, 100ms/99.9%
[93.243s][info][gc,marking  ] GC(57) Mark: 8 stripe(s), 3 proactive flush(es), 1 terminate flush(es), 0 completion(s), 0 continuation(s) 
[93.243s][info][gc,marking  ] GC(57) Mark Stack Usage: 32M
[93.243s][info][gc,nmethod  ] GC(57) NMethods: 2486 registered, 129 unregistered
[93.243s][info][gc,metaspace] GC(57) Metaspace: 16M used, 16M committed, 1088M reserved
[93.243s][info][gc,ref      ] GC(57) Soft: 250 encountered, 0 discovered, 0 enqueued
[93.243s][info][gc,ref      ] GC(57) Weak: 1000 encountered, 50 discovered, 0 enqueued
[93.243s][info][gc,ref      ] GC(57) Final: 0 encountered, 0 discovered, 0 enqueued
[93.243s][info][gc,ref      ] GC(57) Phantom: 35 encountered, 20 discovered, 0 enqueued
[93.243s][info][gc,reloc    ] GC(57) Small Pages: 178 / 356M, Empty: 0M, Relocated: 12M, In-Place: 0
[93.243s][info][gc,reloc    ] GC(57) Medium Pages: 1 / 32M, Empty: 0M, Relocated: 0M, In-Place: 0
[93.243s][info][gc,reloc    ] GC(57) Large Pages: 0 / 0M, Empty: 0M, Relocated: 0M, In-Place: 0
[93.243s][info][gc,reloc    ] GC(57) Forwarding Usage: 7M
[93.243s][info][gc,heap     ] GC(57) Min Capacity: 8M(0%)
[93.243s][info][gc,heap     ] GC(57) Max Capacity: 4096M(100%)
[93.243s][info][gc,heap     ] GC(57) Soft Max Capacity: 4096M(100%)
[93.243s][info][gc,heap     ] GC(57)                Mark Start          Mark End        Relocate Start      Relocate End           High               Low         
[93.243s][info][gc,heap     ] GC(57)  Capacity:     4092M (100%)       4092M (100%)       4092M (100%)       4092M (100%)       4092M (100%)       4092M (100%)   
[93.243s][info][gc,heap     ] GC(57)      Free:     3708M (91%)        3608M (88%)        3594M (88%)        3608M (88%)        3708M (91%)        3568M (87%)    
[93.243s][info][gc,heap     ] GC(57)      Used:      388M (9%)          488M (12%)         502M (12%)         488M (12%)         528M (13%)         388M (9%)     
[93.243s][info][gc,heap     ] GC(57)      Live:         -               222M (5%)          222M (5%)          222M (5%)             -                  -          
[93.243s][info][gc,heap     ] GC(57) Allocated:         -               100M (2%)          114M (3%)          147M (4%)             -                  -          
[93.243s][info][gc,heap     ] GC(57)   Garbage:         -               165M (4%)          165M (4%)          117M (3%)             -                  -          
[93.243s][info][gc,heap     ] GC(57) Reclaimed:         -                  -                 0M (0%)           47M (1%)             -                  -          
[93.243s][info][gc          ] GC(57) Garbage Collection (Allocation Rate) 388M(9%)->488M(12%)
[93.256s][info][gc,start    ] GC(58) Garbage Collection (Allocation Rate)
[93.256s][info][gc,task     ] GC(58) Using 12 workers
[93.256s][info][gc,phases   ] GC(58) Pause Mark Start 0.014ms
[93.350s][info][gc,phases   ] GC(58) Concurrent Mark 93.393ms
[93.350s][info][gc,phases   ] GC(58) Pause Mark End 0.018ms
[93.350s][info][gc,phases   ] GC(58) Concurrent Mark Free 0.001ms
[93.351s][info][gc,phases   ] GC(58) Concurrent Process Non-Strong References 0.650ms
[93.351s][info][gc,phases   ] GC(58) Concurrent Reset Relocation Set 0.005ms
[93.365s][info][gc,phases   ] GC(58) Concurrent Select Relocation Set 14.282ms
[93.365s][info][gc,phases   ] GC(58) Pause Relocate Start 0.007ms
[93.371s][info][gc,phases   ] GC(58) Concurrent Relocate 5.689ms
[93.371s][info][gc,load     ] GC(58) Load: 0.00/0.00/0.00
[93.371s][info][gc,mmu      ] GC(58) MMU: 2ms/98.3%, 5ms/99.3%, 10ms/99.6%, 20ms/99.7%, 50ms/99.9%, 100ms/99.9%
[93.371s][info][gc,marking  ] GC(58) Mark: 8 stripe(s), 2 proactive flush(es), 2 terminate flush(es), 0 completion(s), 0 continuation(s) 
[93.371s][info][gc,marking  ] GC(58) Mark Stack Usage: 32M
[93.371s][info][gc,nmethod  ] GC(58) NMethods: 2486 registered, 129 unregistered
[93.371s][info][gc,metaspace] GC(58) Metaspace: 16M used, 16M committed, 1088M reserved
[93.371s][info][gc,ref      ] GC(58) Soft: 250 encountered, 0 discovered, 0 enqueued
[93.371s][info][gc,ref      ] GC(58) Weak: 1000 encountered, 261 discovered, 0 enqueued
[93.371s][info][gc,ref      ] GC(58) Final: 0 encountered, 0 discovered, 0 enqueued
[93.371s][info][gc,ref      ] GC(58) Phantom: 35 encountered, 23 discovered, 0 enqueued
[93.371s][info][gc,reloc    ] GC(58) Small Pages: 236 / 472M, Empty: 0M, Relocated: 11M, In-Place: 0
[93.371s][info][gc,reloc    ] GC(58) Medium Pages: 1 / 32M, Empty: 0M, Relocated: 0M, In-Place: 0
[93.371s][info][gc,reloc    ] GC(58) Large Pages: 0 / 0M, Empty: 0M, Relocated: 0M, In-Place: 0
[93.371s][info][gc,reloc    ] GC(58) Forwarding Usage: 9M
[93.371s][info][gc,heap     ] GC(58) Min Capacity: 8M(0%)
[93.371s][info][gc,heap     ] GC(58) Max Capacity: 4096M(100%)
[93.371s][info][gc,heap     ] GC(58) Soft Max Capacity: 4096M(100%)
[93.371s][info][gc,heap     ] GC(58)                Mark Start          Mark End        Relocate Start      Relocate End           High               Low         
[93.371s][info][gc,heap     ] GC(58)  Capacity:     4092M (100%)       4092M (100%)       4092M (100%)       4092M (100%)       4092M (100%)       4092M (100%)   
[93.371s][info][gc,heap     ] GC(58)      Free:     3592M (88%)        3446M (84%)        3428M (84%)        3488M (85%)        3592M (88%)        3414M (83%)    
[93.371s][info][gc,heap     ] GC(58)      Used:      504M (12%)         650M (16%)         668M (16%)         608M (15%)         682M (17%)         504M (12%)    
[93.371s][info][gc,heap     ] GC(58)      Live:         -               297M (7%)          297M (7%)          297M (7%)             -                  -          
[93.371s][info][gc,heap     ] GC(58) Allocated:         -               146M (4%)          164M (4%)          165M (4%)             -                  -          
[93.371s][info][gc,heap     ] GC(58)   Garbage:         -               206M (5%)          206M (5%)          144M (4%)             -                  -          
[93.371s][info][gc,heap     ] GC(58) Reclaimed:         -                  -                 0M (0%)           61M (2%)             -                  -          
[93.371s][info][gc          ] GC(58) Garbage Collection (Allocation Rate) 504M(12%)->608M(15%)
[93.459s][info][gc,start    ] GC(59) Garbage Collection (Allocation Rate)
[93.459s][info][gc,task     ] GC(59) Using 12 workers
[93.459s][info][gc,phases   ] GC(59) Pause Mark Start 0.016ms
[93.584s][info][gc,phases   ] GC(59) Concurrent Mark 124.561ms
[93.584s][info][gc,phases   ] GC(59) Pause Mark End 0.017ms
[93.584s][info][gc,phases   ] GC(59) Concurrent Mark Free 0.001ms
[93.585s][info][gc,phases   ] GC(59) Concurrent Process Non-Strong References 0.616ms
[93.585s][info][gc,phases   ] GC(59) Concurrent Reset Relocation Set 0.004ms
[93.596s][info][gc,phases   ] GC(59) Concurrent Select Relocation Set 10.941ms
[93.596s][info][gc,phases   ] GC(59) Pause Relocate Start 0.008ms
[93.604s][info][gc,phases   ] GC(59) Concurrent Relocate 8.068ms
[93.604s][info][gc,load     ] GC(59) Load: 0.00/0.00/0.00
[93.604s][info][gc,mmu      ] GC(59) MMU: 2ms/98.3%, 5ms/99.3%, 10ms/99.6%, 20ms/99.7%, 50ms/99.9%, 100ms/99.9%
[93.604s][info][gc,marking  ] GC(59) Mark: 8 stripe(s), 3 proactive flush(es), 1 terminate flush(es), 0 completion(s), 0 continuation(s) 
[93.604s][info][gc,marking  ] GC(59) Mark Stack Usage: 32M
[93.604s][info][gc,nmethod  ] GC(59) NMethods: 2486 registered, 129 unregistered
[93.604s][info][gc,metaspace] GC(59) Metaspace: 16M used, 16M committed, 1088M reserved
[93.604s][info][gc,ref      ] GC(59) Soft: 250 encountered, 0 discovered, 0 enqueued
[93.604s][info][gc,ref      ] GC(59) Weak: 1000 encountered, 215 discovered, 0 enqueued
[93.604s][info][gc,ref      ] GC(59) Final: 0 encountered, 0 discovered, 0 enqueued
[93.604s][info][gc,ref      ] GC(59) Phantom: 35 encountered, 22 discovered, 0 enqueued
[93.604s][info][gc,reloc    ] GC(59) Small Pages: 341 / 682M, Empty: 2M, Relocated: 15M, In-Place: 0
[93.604s][info][gc,reloc    ] GC(59) Medium Pages: 1 / 32M, Empty: 0M, Relocated: 0M, In-Place: 0
[93.605s][info][gc,reloc    ] GC(59) Large Pages: 0 / 0M, Empty: 0M, Relocated: 0M, In-Place: 0
[93.605s][info][gc,reloc    ] GC(59) Forwarding Usage: 11M
[93.605s][info][gc,heap     ] GC(59) Min Capacity: 8M(0%)
[93.605s][info][gc,heap     ] GC(59) Max Capacity: 4096M(100%)
[93.605s][info][gc,heap     ] GC(59) Soft Max Capacity: 4096M(100%)
[93.605s][info][gc,heap     ] GC(59)                Mark Start          Mark End        Relocate Start      Relocate End           High               Low         
[93.605s][info][gc,heap     ] GC(59)  Capacity:     4092M (100%)       4092M (100%)       4092M (100%)       4092M (100%)       4092M (100%)       4092M (100%)   
[93.605s][info][gc,heap     ] GC(59)      Free:     3382M (83%)        3256M (79%)        3244M (79%)        3300M (81%)        3382M (83%)        3226M (79%)    
[93.605s][info][gc,heap     ] GC(59)      Used:      714M (17%)         840M (21%)         852M (21%)         796M (19%)         870M (21%)         714M (17%)    
[93.605s][info][gc,heap     ] GC(59)      Live:         -               438M (11%)         438M (11%)         438M (11%)            -                  -          
[93.605s][info][gc,heap     ] GC(59) Allocated:         -               126M (3%)          140M (3%)          163M (4%)             -                  -          
[93.605s][info][gc,heap     ] GC(59)   Garbage:         -               275M (7%)          273M (7%)          193M (5%)             -                  -          
[93.605s][info][gc,heap     ] GC(59) Reclaimed:         -                  -                 2M (0%)           81M (2%)             -                  -          
[93.605s][info][gc          ] GC(59) Garbage Collection (Allocation Rate) 714M(17%)->796M(19%)
[93.849s][info][gc,start    ] GC(60) Garbage Collection (Allocation Rate)
[93.850s][info][gc,task     ] GC(60) Using 12 workers
[93.850s][info][gc,phases   ] GC(60) Pause Mark Start 0.010ms
[94.021s][info][gc,phases   ] GC(60) Concurrent Mark 171.568ms
[94.022s][info][gc,phases   ] GC(60) Pause Mark End 0.021ms
[94.022s][info][gc,phases   ] GC(60) Concurrent Mark Free 0.001ms
[94.022s][info][gc,phases   ] GC(60) Concurrent Process Non-Strong References 0.669ms
[94.022s][info][gc,phases   ] GC(60) Concurrent Reset Relocation Set 0.012ms
[94.038s][info][gc,phases   ] GC(60) Concurrent Select Relocation Set 15.435ms
[94.038s][info][gc,phases   ] GC(60) Pause Relocate Start 0.010ms
[94.055s][info][gc,phases   ] GC(60) Concurrent Relocate 17.119ms
[94.055s][info][gc,load     ] GC(60) Load: 0.00/0.00/0.00
[94.055s][info][gc,mmu      ] GC(60) MMU: 2ms/98.3%, 5ms/99.3%, 10ms/99.6%, 20ms/99.7%, 50ms/99.9%, 100ms/99.9%
[94.055s][info][gc,marking  ] GC(60) Mark: 8 stripe(s), 3 proactive flush(es), 1 terminate flush(es), 0 completion(s), 0 continuation(s) 
[94.055s][info][gc,marking  ] GC(60) Mark Stack Usage: 32M
[94.055s][info][gc,nmethod  ] GC(60) NMethods: 2486 registered, 129 unregistered
[94.055s][info][gc,metaspace] GC(60) Metaspace: 16M used, 16M committed, 1088M reserved
[94.055s][info][gc,ref      ] GC(60) Soft: 250 encountered, 0 discovered, 0 enqueued
[94.055s][info][gc,ref      ] GC(60) Weak: 999 encountered, 57 discovered, 9 enqueued
[94.055s][info][gc,ref      ] GC(60) Final: 0 encountered, 0 discovered, 0 enqueued
[94.055s][info][gc,ref      ] GC(60) Phantom: 35 encountered, 25 discovered, 0 enqueued
[94.055s][info][gc,reloc    ] GC(60) Small Pages: 480 / 960M, Empty: 0M, Relocated: 57M, In-Place: 0
[94.055s][info][gc,reloc    ] GC(60) Medium Pages: 2 / 64M, Empty: 0M, Relocated: 3M, In-Place: 0
[94.055s][info][gc,reloc    ] GC(60) Large Pages: 0 / 0M, Empty: 0M, Relocated: 0M, In-Place: 0
[94.055s][info][gc,reloc    ] GC(60) Forwarding Usage: 31M
[94.055s][info][gc,heap     ] GC(60) Min Capacity: 8M(0%)
[94.055s][info][gc,heap     ] GC(60) Max Capacity: 4096M(100%)
[94.055s][info][gc,heap     ] GC(60) Soft Max Capacity: 4096M(100%)
[94.055s][info][gc,heap     ] GC(60)                Mark Start          Mark End        Relocate Start      Relocate End           High               Low         
[94.055s][info][gc,heap     ] GC(60)  Capacity:     4092M (100%)       4092M (100%)       4092M (100%)       4096M (100%)       4096M (100%)       4092M (100%)   
[94.055s][info][gc,heap     ] GC(60)      Free:     3072M (75%)        2970M (73%)        2964M (72%)        3098M (76%)        3098M (76%)        2888M (71%)    
[94.055s][info][gc,heap     ] GC(60)      Used:     1024M (25%)        1126M (27%)        1132M (28%)         998M (24%)        1208M (29%)         998M (24%)    
[94.055s][info][gc,heap     ] GC(60)      Live:         -               601M (15%)         601M (15%)         601M (15%)            -                  -          
[94.055s][info][gc,heap     ] GC(60) Allocated:         -               102M (2%)          108M (3%)          143M (4%)             -                  -          
[94.055s][info][gc,heap     ] GC(60)   Garbage:         -               422M (10%)         422M (10%)         252M (6%)             -                  -          
[94.056s][info][gc,heap     ] GC(60) Reclaimed:         -                  -                 0M (0%)          169M (4%)             -                  -          
[94.056s][info][gc          ] GC(60) Garbage Collection (Allocation Rate) 1024M(25%)->998M(24%)
[94.158s][info][gc,start    ] GC(61) Garbage Collection (Allocation Rate)
[94.158s][info][gc,task     ] GC(61) Using 12 workers
[94.159s][info][gc,phases   ] GC(61) Pause Mark Start 0.015ms
[94.325s][info][gc,phases   ] GC(61) Concurrent Mark 165.800ms
[94.325s][info][gc,phases   ] GC(61) Pause Mark End 0.019ms
[94.345s][info][gc,phases   ] GC(61) Concurrent Mark Free 0.001ms
[94.346s][info][gc,phases   ] GC(61) Concurrent Process Non-Strong References 0.941ms
[94.346s][info][gc,phases   ] GC(61) Concurrent Reset Relocation Set 0.024ms
[94.353s][info][gc,phases   ] GC(61) Concurrent Select Relocation Set 6.458ms
[94.353s][info][gc,phases   ] GC(61) Pause Relocate Start 0.012ms
[94.369s][info][gc,phases   ] GC(61) Concurrent Relocate 15.634ms
[94.369s][info][gc,load     ] GC(61) Load: 0.00/0.00/0.00
[94.369s][info][gc,mmu      ] GC(61) MMU: 2ms/98.3%, 5ms/99.3%, 10ms/99.6%, 20ms/99.7%, 50ms/99.9%, 100ms/99.9%
[94.369s][info][gc,marking  ] GC(61) Mark: 8 stripe(s), 2 proactive flush(es), 1 terminate flush(es), 0 completion(s), 0 continuation(s) 
[94.369s][info][gc,marking  ] GC(61) Mark Stack Usage: 32M
[94.369s][info][gc,nmethod  ] GC(61) NMethods: 2489 registered, 129 unregistered
[94.369s][info][gc,metaspace] GC(61) Metaspace: 16M used, 16M committed, 1088M reserved
[94.369s][info][gc,ref      ] GC(61) Soft: 250 encountered, 0 discovered, 0 enqueued
[94.369s][info][gc,ref      ] GC(61) Weak: 990 encountered, 132 discovered, 0 enqueued
[94.369s][info][gc,ref      ] GC(61) Final: 0 encountered, 0 discovered, 0 enqueued
[94.369s][info][gc,ref      ] GC(61) Phantom: 35 encountered, 24 discovered, 0 enqueued
[94.369s][info][gc,reloc    ] GC(61) Small Pages: 478 / 956M, Empty: 2M, Relocated: 27M, In-Place: 0
[94.369s][info][gc,reloc    ] GC(61) Medium Pages: 2 / 64M, Empty: 0M, Relocated: 3M, In-Place: 0
[94.369s][info][gc,reloc    ] GC(61) Large Pages: 0 / 0M, Empty: 0M, Relocated: 0M, In-Place: 0
[94.369s][info][gc,reloc    ] GC(61) Forwarding Usage: 16M
[94.369s][info][gc,heap     ] GC(61) Min Capacity: 8M(0%)
[94.369s][info][gc,heap     ] GC(61) Max Capacity: 4096M(100%)
[94.369s][info][gc,heap     ] GC(61) Soft Max Capacity: 4096M(100%)
[94.369s][info][gc,heap     ] GC(61)                Mark Start          Mark End        Relocate Start      Relocate End           High               Low         
[94.369s][info][gc,heap     ] GC(61)  Capacity:     4096M (100%)       4096M (100%)       4096M (100%)       4096M (100%)       4096M (100%)       4096M (100%)   
[94.369s][info][gc,heap     ] GC(61)      Free:     3076M (75%)        2994M (73%)        2996M (73%)        3170M (77%)        3170M (77%)        2944M (72%)    
[94.369s][info][gc,heap     ] GC(61)      Used:     1020M (25%)        1102M (27%)        1100M (27%)         926M (23%)        1152M (28%)         926M (23%)    
[94.369s][info][gc,heap     ] GC(61)      Live:         -               568M (14%)         568M (14%)         568M (14%)            -                  -          
[94.369s][info][gc,heap     ] GC(61) Allocated:         -                82M (2%)           82M (2%)           81M (2%)             -                  -          
[94.369s][info][gc,heap     ] GC(61)   Garbage:         -               451M (11%)         449M (11%)         275M (7%)             -                  -          
[94.369s][info][gc,heap     ] GC(61) Reclaimed:         -                  -                 2M (0%)          175M (4%)             -                  -          
[94.369s][info][gc          ] GC(61) Garbage Collection (Allocation Rate) 1020M(25%)->926M(23%)
[94.450s][info][gc,start    ] GC(62) Garbage Collection (Allocation Rate)
[94.450s][info][gc,task     ] GC(62) Using 12 workers
[94.450s][info][gc,phases   ] GC(62) Pause Mark Start 0.013ms
[94.472s][info][gc,phases   ] GC(62) Concurrent Mark 22.008ms
[94.472s][info][gc,phases   ] GC(62) Pause Mark End 0.021ms
[94.472s][info][gc,phases   ] GC(62) Concurrent Mark Free 0.001ms
[94.473s][info][gc,phases   ] GC(62) Concurrent Process Non-Strong References 0.962ms
[94.473s][info][gc,phases   ] GC(62) Concurrent Reset Relocation Set 0.021ms
[94.480s][info][gc,phases   ] GC(62) Concurrent Select Relocation Set 6.791ms
[94.480s][info][gc,phases   ] GC(62) Pause Relocate Start 0.008ms
[94.482s][info][gc,phases   ] GC(62) Concurrent Relocate 1.999ms
[94.482s][info][gc,load     ] GC(62) Load: 0.00/0.00/0.00
[94.482s][info][gc,mmu      ] GC(62) MMU: 2ms/98.3%, 5ms/99.3%, 10ms/99.6%, 20ms/99.7%, 50ms/99.9%, 100ms/99.9%
[94.482s][info][gc,marking  ] GC(62) Mark: 8 stripe(s), 3 proactive flush(es), 1 terminate flush(es), 0 completion(s), 0 continuation(s) 
[94.482s][info][gc,marking  ] GC(62) Mark Stack Usage: 32M
[94.482s][info][gc,nmethod  ] GC(62) NMethods: 2489 registered, 129 unregistered
[94.482s][info][gc,metaspace] GC(62) Metaspace: 16M used, 16M committed, 1088M reserved
[94.482s][info][gc,ref      ] GC(62) Soft: 250 encountered, 0 discovered, 0 enqueued
[94.482s][info][gc,ref      ] GC(62) Weak: 1000 encountered, 66 discovered, 3 enqueued
[94.482s][info][gc,ref      ] GC(62) Final: 0 encountered, 0 discovered, 0 enqueued
[94.482s][info][gc,ref      ] GC(62) Phantom: 35 encountered, 24 discovered, 0 enqueued
[94.482s][info][gc,reloc    ] GC(62) Small Pages: 448 / 896M, Empty: 788M, Relocated: 3M, In-Place: 0
[94.482s][info][gc,reloc    ] GC(62) Medium Pages: 1 / 32M, Empty: 32M, Relocated: 0M, In-Place: 0
[94.482s][info][gc,reloc    ] GC(62) Large Pages: 0 / 0M, Empty: 0M, Relocated: 0M, In-Place: 0
[94.483s][info][gc,reloc    ] GC(62) Forwarding Usage: 0M
[94.483s][info][gc,heap     ] GC(62) Min Capacity: 8M(0%)
[94.483s][info][gc,heap     ] GC(62) Max Capacity: 4096M(100%)
[94.483s][info][gc,heap     ] GC(62) Soft Max Capacity: 4096M(100%)
[94.483s][info][gc,heap     ] GC(62)                Mark Start          Mark End        Relocate Start      Relocate End           High               Low         
[94.483s][info][gc,heap     ] GC(62)  Capacity:     4096M (100%)       4096M (100%)       4096M (100%)       4096M (100%)       4096M (100%)       4096M (100%)   
[94.483s][info][gc,heap     ] GC(62)      Free:     3168M (77%)        3162M (77%)        3982M (97%)        4044M (99%)        4044M (99%)        3162M (77%)    
[94.483s][info][gc,heap     ] GC(62)      Used:      928M (23%)         934M (23%)         114M (3%)           52M (1%)          934M (23%)          52M (1%)     
[94.483s][info][gc,heap     ] GC(62)      Live:         -                22M (1%)           22M (1%)           22M (1%)             -                  -          
[94.483s][info][gc,heap     ] GC(62) Allocated:         -                 6M (0%)            6M (0%)            5M (0%)             -                  -          
[94.483s][info][gc,heap     ] GC(62)   Garbage:         -               905M (22%)          85M (2%)           23M (1%)             -                  -          
[94.483s][info][gc,heap     ] GC(62) Reclaimed:         -                  -               820M (20%)         881M (22%)            -                  -          
[94.483s][info][gc          ] GC(62) Garbage Collection (Allocation Rate) 928M(23%)->52M(1%)
[100.156s][info][gc,stats    ] === Garbage Collection Statistics =======================================================================================================================
[100.157s][info][gc,stats    ]                                                              Last 10s              Last 10m              Last 10h                Total
[100.157s][info][gc,stats    ]                                                              Avg / Max             Avg / Max             Avg / Max             Avg / Max
[100.157s][info][gc,stats    ]   Collector: Garbage Collection Cycle                    121.425 / 254.471     158.853 / 577.032     158.853 / 577.032     158.853 / 577.032     ms
[100.157s][info][gc,stats    ]  Contention: Mark Segment Reset Contention                     5 / 20                3 / 32                3 / 32                3 / 32          ops/s
[100.157s][info][gc,stats    ]  Contention: Mark SeqNum Reset Contention                      1 / 5                 0 / 5                 0 / 5                 0 / 5           ops/s
[100.157s][info][gc,stats    ]    Critical: Allocation Stall                                  0 / 0                 0 / 0                 0 / 0                 0 / 0           ops/s
[100.157s][info][gc,stats    ]    Critical: Allocation Stall                              0.000 / 0.000         0.000 / 0.000         0.000 / 0.000         0.000 / 0.000       ms
[100.157s][info][gc,stats    ]    Critical: GC Locker Stall                                   0 / 0                 0 / 0                 0 / 0                 0 / 0           ops/s
[100.157s][info][gc,stats    ]    Critical: GC Locker Stall                               0.000 / 0.000         0.000 / 0.000         0.000 / 0.000         0.000 / 0.000       ms
[100.157s][info][gc,stats    ]    Critical: Relocation Stall                                  0 / 0                 0 / 0                 0 / 0                 0 / 0           ops/s
[100.157s][info][gc,stats    ]    Critical: Relocation Stall                              0.000 / 0.000         0.000 / 0.000         0.000 / 0.000         0.000 / 0.000       ms
[100.157s][info][gc,stats    ]      Memory: Allocation Rate                                 678 / 4884            587 / 4884            587 / 4884            587 / 4884        MB/s
[100.157s][info][gc,stats    ]      Memory: Defragment                                        0 / 0                 1 / 48                1 / 48                1 / 48          ops/s
[100.157s][info][gc,stats    ]      Memory: Out Of Memory                                     0 / 0                 0 / 0                 0 / 0                 0 / 0           ops/s
[100.157s][info][gc,stats    ]      Memory: Page Cache Flush                                  6 / 60                4 / 96                4 / 96                4 / 96          MB/s
[100.157s][info][gc,stats    ]      Memory: Page Cache Hit L1                               349 / 2463            287 / 2463            287 / 2463            287 / 2463        ops/s
[100.157s][info][gc,stats    ]      Memory: Page Cache Hit L2                                 0 / 0                 0 / 0                 0 / 0                 0 / 0           ops/s
[100.157s][info][gc,stats    ]      Memory: Page Cache Hit L3                                 0 / 0                12 / 525              12 / 525              12 / 525         ops/s
[100.157s][info][gc,stats    ]      Memory: Page Cache Miss                                   0 / 2                 8 / 231               8 / 231               8 / 231         ops/s
[100.157s][info][gc,stats    ]      Memory: Uncommit                                          0 / 0                 0 / 0                 0 / 0                 0 / 0           MB/s
[100.157s][info][gc,stats    ]      Memory: Undo Object Allocation Failed                     0 / 0                 0 / 1                 0 / 1                 0 / 1           ops/s
[100.157s][info][gc,stats    ]      Memory: Undo Object Allocation Succeeded                  4 / 26                6 / 134               6 / 134               6 / 134         ops/s
[100.157s][info][gc,stats    ]      Memory: Undo Page Allocation                              0 / 0                 3 / 104               3 / 104               3 / 104         ops/s
[100.157s][info][gc,stats    ]       Phase: Concurrent Mark                              84.229 / 171.568      92.232 / 327.081      92.232 / 327.081      92.232 / 327.081     ms
[100.157s][info][gc,stats    ]       Phase: Concurrent Mark Continue                      0.000 / 0.000         0.000 / 0.000         0.000 / 0.000         0.000 / 0.000       ms
[100.157s][info][gc,stats    ]       Phase: Concurrent Mark Free                          0.001 / 0.004         0.001 / 0.004         0.001 / 0.004         0.001 / 0.004       ms
[100.157s][info][gc,stats    ]       Phase: Concurrent Process Non-Strong References      3.809 / 31.078        6.751 / 72.793        6.751 / 72.793        6.751 / 72.793      ms
[100.158s][info][gc,stats    ]       Phase: Concurrent Relocate                           6.630 / 17.119       12.052 / 105.412      12.052 / 105.412      12.052 / 105.412     ms
[100.158s][info][gc,stats    ]       Phase: Concurrent Reset Relocation Set               0.011 / 0.032         0.024 / 0.192         0.024 / 0.192         0.024 / 0.192       ms
[100.158s][info][gc,stats    ]       Phase: Concurrent Select Relocation Set              9.423 / 15.785       23.355 / 148.744      23.355 / 148.744      23.355 / 148.744     ms
[100.158s][info][gc,stats    ]       Phase: Pause Mark End                                0.021 / 0.027         0.021 / 0.034         0.021 / 0.034         0.021 / 0.034       ms
[100.158s][info][gc,stats    ]       Phase: Pause Mark Start                              0.014 / 0.017         0.015 / 0.028         0.015 / 0.028         0.015 / 0.028       ms
[100.158s][info][gc,stats    ]       Phase: Pause Relocate Start                          0.008 / 0.012         0.008 / 0.020         0.008 / 0.020         0.008 / 0.020       ms
[100.158s][info][gc,stats    ]    Subphase: Concurrent Classes Purge                      0.005 / 0.012         0.430 / 21.494        0.430 / 21.494        0.430 / 21.494      ms
[100.158s][info][gc,stats    ]    Subphase: Concurrent Classes Unlink                     0.596 / 1.025         1.545 / 37.314        1.545 / 37.314        1.545 / 37.314      ms
[100.158s][info][gc,stats    ]    Subphase: Concurrent Mark                              81.362 / 170.541      87.747 / 325.823      87.747 / 325.823      87.747 / 325.823     ms
[100.158s][info][gc,stats    ]    Subphase: Concurrent Mark Try Flush                     1.300 / 15.647        6.441 / 84.361        6.441 / 84.361        6.441 / 84.361      ms
[100.158s][info][gc,stats    ]    Subphase: Concurrent Mark Try Terminate                 8.863 / 16.565       11.134 / 78.096       11.134 / 78.096       11.134 / 78.096      ms
[100.158s][info][gc,stats    ]    Subphase: Concurrent References Enqueue                 0.002 / 0.009         0.002 / 0.009         0.002 / 0.009         0.002 / 0.009       ms
[100.158s][info][gc,stats    ]    Subphase: Concurrent References Process                 0.035 / 0.080         0.067 / 0.519         0.067 / 0.519         0.067 / 0.519       ms
[100.158s][info][gc,stats    ]    Subphase: Concurrent Roots ClassLoaderDataGraph         0.035 / 0.342         0.049 / 1.367         0.049 / 1.367         0.049 / 1.367       ms
[100.158s][info][gc,stats    ]    Subphase: Concurrent Roots CodeCache                    0.000 / 0.000         0.000 / 0.000         0.000 / 0.000         0.000 / 0.000       ms
[100.158s][info][gc,stats    ]    Subphase: Concurrent Roots JavaThreads                  0.700 / 1.387         5.691 / 275.651       5.691 / 275.651       5.691 / 275.651     ms
[100.158s][info][gc,stats    ]    Subphase: Concurrent Roots OopStorageSet                0.013 / 0.051         0.056 / 2.056         0.056 / 2.056         0.056 / 2.056       ms
[100.158s][info][gc,stats    ]    Subphase: Concurrent Weak Roots OopStorageSet           0.112 / 0.223         0.113 / 0.601         0.113 / 0.601         0.113 / 0.601       ms
[100.158s][info][gc,stats    ]    Subphase: Pause Mark Try Complete                       0.000 / 0.000         0.000 / 0.000         0.000 / 0.000         0.000 / 0.000       ms
[100.158s][info][gc,stats    ]      System: Java Threads                                     62 / 62               62 / 74               62 / 74               62 / 74          threads
[100.158s][info][gc,stats    ] =========================================================================================================================================================
[104.093s][info][gc,start    ] GC(63) Garbage Collection (System.gc())
[104.093s][info][gc,task     ] GC(63) Using 12 workers
[104.093s][info][gc,phases   ] GC(63) Pause Mark Start 0.017ms
[104.106s][info][gc,phases   ] GC(63) Concurrent Mark 13.382ms
[104.106s][info][gc,phases   ] GC(63) Pause Mark End 0.022ms
[104.107s][info][gc,phases   ] GC(63) Concurrent Mark Free 0.001ms
[104.108s][info][gc,phases   ] GC(63) Concurrent Process Non-Strong References 1.011ms
[104.108s][info][gc,phases   ] GC(63) Concurrent Reset Relocation Set 0.006ms
[104.113s][info][gc,phases   ] GC(63) Concurrent Select Relocation Set 5.416ms
[104.113s][info][gc,phases   ] GC(63) Pause Relocate Start 0.007ms
[104.115s][info][gc,phases   ] GC(63) Concurrent Relocate 1.492ms
[104.115s][info][gc,load     ] GC(63) Load: 0.00/0.00/0.00
[104.115s][info][gc,mmu      ] GC(63) MMU: 2ms/98.3%, 5ms/99.3%, 10ms/99.6%, 20ms/99.7%, 50ms/99.9%, 100ms/99.9%
[104.115s][info][gc,marking  ] GC(63) Mark: 8 stripe(s), 3 proactive flush(es), 1 terminate flush(es), 0 completion(s), 0 continuation(s) 
[104.115s][info][gc,marking  ] GC(63) Mark Stack Usage: 32M
[104.115s][info][gc,nmethod  ] GC(63) NMethods: 2494 registered, 129 unregistered
[104.115s][info][gc,metaspace] GC(63) Metaspace: 16M used, 16M committed, 1088M reserved
[104.115s][info][gc,ref      ] GC(63) Soft: 250 encountered, 0 discovered, 0 enqueued
[104.115s][info][gc,ref      ] GC(63) Weak: 1006 encountered, 155 discovered, 5 enqueued
[104.115s][info][gc,ref      ] GC(63) Final: 0 encountered, 0 discovered, 0 enqueued
[104.115s][info][gc,ref      ] GC(63) Phantom: 35 encountered, 22 discovered, 0 enqueued
[104.115s][info][gc,reloc    ] GC(63) Small Pages: 1361 / 2722M, Empty: 2656M, Relocated: 2M, In-Place: 0
[104.115s][info][gc,reloc    ] GC(63) Medium Pages: 0 / 0M, Empty: 0M, Relocated: 0M, In-Place: 0
[104.115s][info][gc,reloc    ] GC(63) Large Pages: 2 / 12M, Empty: 12M, Relocated: 0M, In-Place: 0
[104.115s][info][gc,reloc    ] GC(63) Forwarding Usage: 0M
[104.115s][info][gc,heap     ] GC(63) Min Capacity: 8M(0%)
[104.115s][info][gc,heap     ] GC(63) Max Capacity: 4096M(100%)
[104.115s][info][gc,heap     ] GC(63) Soft Max Capacity: 4096M(100%)
[104.115s][info][gc,heap     ] GC(63)                Mark Start          Mark End        Relocate Start      Relocate End           High               Low         
[104.115s][info][gc,heap     ] GC(63)  Capacity:     4096M (100%)       4096M (100%)       4096M (100%)       4096M (100%)       4096M (100%)       4096M (100%)   
[104.115s][info][gc,heap     ] GC(63)      Free:     1362M (33%)        1362M (33%)        4030M (98%)        4046M (99%)        4046M (99%)        1362M (33%)    
[104.115s][info][gc,heap     ] GC(63)      Used:     2734M (67%)        2734M (67%)          66M (2%)           50M (1%)         2734M (67%)          50M (1%)     
[104.115s][info][gc,heap     ] GC(63)      Live:         -                25M (1%)           25M (1%)           25M (1%)             -                  -          
[104.116s][info][gc,heap     ] GC(63) Allocated:         -                 0M (0%)            0M (0%)            0M (0%)             -                  -          
[104.116s][info][gc,heap     ] GC(63)   Garbage:         -              2708M (66%)          40M (1%)           24M (1%)             -                  -          
[104.116s][info][gc,heap     ] GC(63) Reclaimed:         -                  -              2668M (65%)        2684M (66%)            -                  -          
[104.116s][info][gc          ] GC(63) Garbage Collection (System.gc()) 2734M(67%)->50M(1%)
[106.057s][info][gc,start    ] GC(64) Garbage Collection (Allocation Rate)
[106.057s][info][gc,task     ] GC(64) Using 12 workers
[106.057s][info][gc,phases   ] GC(64) Pause Mark Start 0.016ms
[106.291s][info][gc,phases   ] GC(64) Concurrent Mark 62.438ms
[106.307s][info][gc,phases   ] GC(64) Pause Mark End 0.028ms
[106.314s][info][gc,phases   ] GC(64) Concurrent Mark Free 0.001ms
[106.338s][info][gc,phases   ] GC(64) Concurrent Process Non-Strong References 23.885ms
[106.338s][info][gc,phases   ] GC(64) Concurrent Reset Relocation Set 0.003ms
[106.367s][info][gc,phases   ] GC(64) Concurrent Select Relocation Set 29.590ms
[106.368s][info][gc,phases   ] GC(64) Pause Relocate Start 0.008ms
[106.436s][info][gc,phases   ] GC(64) Concurrent Relocate 1.691ms
[106.436s][info][gc,load     ] GC(64) Load: 0.00/0.00/0.00
[106.436s][info][gc,mmu      ] GC(64) MMU: 2ms/98.3%, 5ms/99.3%, 10ms/99.6%, 20ms/99.7%, 50ms/99.9%, 100ms/99.9%
[106.436s][info][gc,marking  ] GC(64) Mark: 8 stripe(s), 3 proactive flush(es), 1 terminate flush(es), 0 completion(s), 0 continuation(s) 
[106.436s][info][gc,marking  ] GC(64) Mark Stack Usage: 32M
[106.436s][info][gc,nmethod  ] GC(64) NMethods: 2494 registered, 130 unregistered
[106.436s][info][gc,metaspace] GC(64) Metaspace: 16M used, 16M committed, 1088M reserved
[106.436s][info][gc,ref      ] GC(64) Soft: 250 encountered, 0 discovered, 0 enqueued
[106.436s][info][gc,ref      ] GC(64) Weak: 1006 encountered, 73 discovered, 5 enqueued
[106.436s][info][gc,ref      ] GC(64) Final: 0 encountered, 0 discovered, 0 enqueued
[106.436s][info][gc,ref      ] GC(64) Phantom: 35 encountered, 22 discovered, 0 enqueued
[106.436s][info][gc,reloc    ] GC(64) Small Pages: 1059 / 2118M, Empty: 1598M, Relocated: 4M, In-Place: 0
[106.436s][info][gc,reloc    ] GC(64) Medium Pages: 0 / 0M, Empty: 0M, Relocated: 0M, In-Place: 0
[106.436s][info][gc,reloc    ] GC(64) Large Pages: 0 / 0M, Empty: 0M, Relocated: 0M, In-Place: 0
[106.436s][info][gc,reloc    ] GC(64) Forwarding Usage: 1M
[106.436s][info][gc,heap     ] GC(64) Min Capacity: 8M(0%)
[106.436s][info][gc,heap     ] GC(64) Max Capacity: 4096M(100%)
[106.436s][info][gc,heap     ] GC(64) Soft Max Capacity: 4096M(100%)
[106.436s][info][gc,heap     ] GC(64)                Mark Start          Mark End        Relocate Start      Relocate End           High               Low         
[106.436s][info][gc,heap     ] GC(64)  Capacity:     4096M (100%)       4096M (100%)       4096M (100%)       4096M (100%)       4096M (100%)       4096M (100%)   
[106.436s][info][gc,heap     ] GC(64)      Free:     1978M (48%)          40M (1%)         1554M (38%)        1448M (35%)        1978M (48%)          12M (0%)     
[106.436s][info][gc,heap     ] GC(64)      Used:     2118M (52%)        4056M (99%)        2542M (62%)        2648M (65%)        4084M (100%)       2118M (52%)    
[106.436s][info][gc,heap     ] GC(64)      Live:         -                27M (1%)           27M (1%)           27M (1%)             -                  -          
[106.436s][info][gc,heap     ] GC(64) Allocated:         -              1938M (47%)        2022M (49%)        2597M (63%)            -                  -          
[106.436s][info][gc,heap     ] GC(64)   Garbage:         -              2090M (51%)         492M (12%)          22M (1%)             -                  -          
[106.436s][info][gc,heap     ] GC(64) Reclaimed:         -                  -              1598M (39%)        2067M (50%)            -                  -          
[106.436s][info][gc          ] GC(64) Garbage Collection (Allocation Rate) 2118M(52%)->2648M(65%)
[106.447s][info][gc,start    ] GC(65) Garbage Collection (Allocation Rate)
[106.447s][info][gc,task     ] GC(65) Using 12 workers
[106.447s][info][gc,phases   ] GC(65) Pause Mark Start 0.009ms
[106.463s][info][gc,phases   ] GC(65) Concurrent Mark 15.391ms
[106.463s][info][gc,phases   ] GC(65) Pause Mark End 0.018ms
[106.463s][info][gc,phases   ] GC(65) Concurrent Mark Free 0.001ms
[106.464s][info][gc,phases   ] GC(65) Concurrent Process Non-Strong References 0.696ms
[106.464s][info][gc,phases   ] GC(65) Concurrent Reset Relocation Set 0.038ms
[106.470s][info][gc,phases   ] GC(65) Concurrent Select Relocation Set 5.725ms
[106.470s][info][gc,phases   ] GC(65) Pause Relocate Start 0.006ms
[106.475s][info][gc,phases   ] GC(65) Concurrent Relocate 5.062ms
[106.475s][info][gc,load     ] GC(65) Load: 0.00/0.00/0.00
[106.475s][info][gc,mmu      ] GC(65) MMU: 2ms/98.3%, 5ms/99.3%, 10ms/99.6%, 20ms/99.7%, 50ms/99.9%, 100ms/99.9%
[106.475s][info][gc,marking  ] GC(65) Mark: 8 stripe(s), 2 proactive flush(es), 1 terminate flush(es), 0 completion(s), 0 continuation(s) 
[106.475s][info][gc,marking  ] GC(65) Mark Stack Usage: 32M
[106.475s][info][gc,nmethod  ] GC(65) NMethods: 2494 registered, 130 unregistered
[106.475s][info][gc,metaspace] GC(65) Metaspace: 16M used, 16M committed, 1088M reserved
[106.475s][info][gc,ref      ] GC(65) Soft: 250 encountered, 0 discovered, 0 enqueued
[106.475s][info][gc,ref      ] GC(65) Weak: 1002 encountered, 112 discovered, 0 enqueued
[106.475s][info][gc,ref      ] GC(65) Final: 0 encountered, 0 discovered, 0 enqueued
[106.475s][info][gc,ref      ] GC(65) Phantom: 35 encountered, 18 discovered, 0 enqueued
[106.475s][info][gc,reloc    ] GC(65) Small Pages: 1317 / 2634M, Empty: 2480M, Relocated: 5M, In-Place: 0
[106.475s][info][gc,reloc    ] GC(65) Medium Pages: 1 / 32M, Empty: 0M, Relocated: 0M, In-Place: 0
[106.475s][info][gc,reloc    ] GC(65) Large Pages: 0 / 0M, Empty: 0M, Relocated: 0M, In-Place: 0
[106.475s][info][gc,reloc    ] GC(65) Forwarding Usage: 2M
[106.475s][info][gc,heap     ] GC(65) Min Capacity: 8M(0%)
[106.475s][info][gc,heap     ] GC(65) Max Capacity: 4096M(100%)
[106.475s][info][gc,heap     ] GC(65) Soft Max Capacity: 4096M(100%)
[106.475s][info][gc,heap     ] GC(65)                Mark Start          Mark End        Relocate Start      Relocate End           High               Low         
[106.475s][info][gc,heap     ] GC(65)  Capacity:     4096M (100%)       4096M (100%)       4096M (100%)       4096M (100%)       4096M (100%)       4096M (100%)   
[106.475s][info][gc,heap     ] GC(65)      Free:     1430M (35%)        1376M (34%)        3848M (94%)        3932M (96%)        3936M (96%)        1374M (34%)    
[106.475s][info][gc,heap     ] GC(65)      Used:     2666M (65%)        2720M (66%)         248M (6%)          164M (4%)         2722M (66%)         160M (4%)     
[106.475s][info][gc,heap     ] GC(65)      Live:         -                39M (1%)           39M (1%)           39M (1%)             -                  -          
[106.475s][info][gc,heap     ] GC(65) Allocated:         -                54M (1%)           62M (2%)           69M (2%)             -                  -          
[106.475s][info][gc,heap     ] GC(65)   Garbage:         -              2626M (64%)         146M (4%)           54M (1%)             -                  -          
[106.475s][info][gc,heap     ] GC(65) Reclaimed:         -                  -              2480M (61%)        2571M (63%)            -                  -          
[106.475s][info][gc          ] GC(65) Garbage Collection (Allocation Rate) 2666M(65%)->164M(4%)
[106.557s][info][gc,start    ] GC(66) Garbage Collection (Allocation Rate)
[106.557s][info][gc,task     ] GC(66) Using 12 workers
[106.557s][info][gc,phases   ] GC(66) Pause Mark Start 0.017ms
[106.603s][info][gc,phases   ] GC(66) Concurrent Mark 46.401ms
[106.604s][info][gc,phases   ] GC(66) Pause Mark End 0.019ms
[106.604s][info][gc,phases   ] GC(66) Concurrent Mark Free 0.001ms
[106.604s][info][gc,phases   ] GC(66) Concurrent Process Non-Strong References 0.704ms
[106.604s][info][gc,phases   ] GC(66) Concurrent Reset Relocation Set 0.006ms
[106.612s][info][gc,phases   ] GC(66) Concurrent Select Relocation Set 7.284ms
[106.612s][info][gc,phases   ] GC(66) Pause Relocate Start 0.005ms
[106.616s][info][gc,phases   ] GC(66) Concurrent Relocate 3.967ms
[106.616s][info][gc,load     ] GC(66) Load: 0.00/0.00/0.00
[106.616s][info][gc,mmu      ] GC(66) MMU: 2ms/98.3%, 5ms/99.3%, 10ms/99.6%, 20ms/99.7%, 50ms/99.9%, 100ms/99.9%
[106.616s][info][gc,marking  ] GC(66) Mark: 8 stripe(s), 2 proactive flush(es), 1 terminate flush(es), 0 completion(s), 0 continuation(s) 
[106.616s][info][gc,marking  ] GC(66) Mark Stack Usage: 32M
[106.616s][info][gc,nmethod  ] GC(66) NMethods: 2494 registered, 130 unregistered
[106.616s][info][gc,metaspace] GC(66) Metaspace: 16M used, 16M committed, 1088M reserved
[106.616s][info][gc,ref      ] GC(66) Soft: 250 encountered, 0 discovered, 0 enqueued
[106.616s][info][gc,ref      ] GC(66) Weak: 1002 encountered, 143 discovered, 0 enqueued
[106.616s][info][gc,ref      ] GC(66) Final: 0 encountered, 0 discovered, 0 enqueued
[106.616s][info][gc,ref      ] GC(66) Phantom: 35 encountered, 23 discovered, 0 enqueued
[106.616s][info][gc,reloc    ] GC(66) Small Pages: 116 / 232M, Empty: 0M, Relocated: 10M, In-Place: 0
[106.616s][info][gc,reloc    ] GC(66) Medium Pages: 1 / 32M, Empty: 0M, Relocated: 0M, In-Place: 0
[106.616s][info][gc,reloc    ] GC(66) Large Pages: 0 / 0M, Empty: 0M, Relocated: 0M, In-Place: 0
[106.616s][info][gc,reloc    ] GC(66) Forwarding Usage: 4M
[106.616s][info][gc,heap     ] GC(66) Min Capacity: 8M(0%)
[106.616s][info][gc,heap     ] GC(66) Max Capacity: 4096M(100%)
[106.617s][info][gc,heap     ] GC(66) Soft Max Capacity: 4096M(100%)
[106.617s][info][gc,heap     ] GC(66)                Mark Start          Mark End        Relocate Start      Relocate End           High               Low         
[106.617s][info][gc,heap     ] GC(66)  Capacity:     4096M (100%)       4096M (100%)       4096M (100%)       4096M (100%)       4096M (100%)       4096M (100%)   
[106.617s][info][gc,heap     ] GC(66)      Free:     3832M (94%)        3778M (92%)        3762M (92%)        3808M (93%)        3832M (94%)        3744M (91%)    
[106.617s][info][gc,heap     ] GC(66)      Used:      264M (6%)          318M (8%)          334M (8%)          288M (7%)          352M (9%)          264M (6%)     
[106.617s][info][gc,heap     ] GC(66)      Live:         -               127M (3%)          127M (3%)          127M (3%)             -                  -          
[106.617s][info][gc,heap     ] GC(66) Allocated:         -                54M (1%)           70M (2%)           75M (2%)             -                  -          
[106.617s][info][gc,heap     ] GC(66)   Garbage:         -               136M (3%)          136M (3%)           84M (2%)             -                  -          
[106.617s][info][gc,heap     ] GC(66) Reclaimed:         -                  -                 0M (0%)           51M (1%)             -                  -          
[106.617s][info][gc          ] GC(66) Garbage Collection (Allocation Rate) 264M(6%)->288M(7%)
[106.650s][info][gc,start    ] GC(67) Garbage Collection (Allocation Rate)
[106.650s][info][gc,task     ] GC(67) Using 12 workers
[106.651s][info][gc,phases   ] GC(67) Pause Mark Start 0.015ms
[106.728s][info][gc,phases   ] GC(67) Concurrent Mark 77.660ms
[106.733s][info][gc,phases   ] GC(67) Pause Mark End 0.020ms
[106.733s][info][gc,phases   ] GC(67) Concurrent Mark Free 0.001ms
[106.733s][info][gc,phases   ] GC(67) Concurrent Process Non-Strong References 0.750ms
[106.733s][info][gc,phases   ] GC(67) Concurrent Reset Relocation Set 0.006ms
[106.744s][info][gc,phases   ] GC(67) Concurrent Select Relocation Set 10.882ms
[106.745s][info][gc,phases   ] GC(67) Pause Relocate Start 0.009ms
[106.750s][info][gc,phases   ] GC(67) Concurrent Relocate 5.735ms
[106.750s][info][gc,load     ] GC(67) Load: 0.00/0.00/0.00
[106.750s][info][gc,mmu      ] GC(67) MMU: 2ms/98.3%, 5ms/99.3%, 10ms/99.6%, 20ms/99.7%, 50ms/99.9%, 100ms/99.9%
[106.750s][info][gc,marking  ] GC(67) Mark: 8 stripe(s), 2 proactive flush(es), 1 terminate flush(es), 0 completion(s), 0 continuation(s) 
[106.751s][info][gc,marking  ] GC(67) Mark Stack Usage: 32M
[106.751s][info][gc,nmethod  ] GC(67) NMethods: 2494 registered, 130 unregistered
[106.751s][info][gc,metaspace] GC(67) Metaspace: 16M used, 16M committed, 1088M reserved
[106.751s][info][gc,ref      ] GC(67) Soft: 250 encountered, 0 discovered, 0 enqueued
[106.751s][info][gc,ref      ] GC(67) Weak: 1002 encountered, 211 discovered, 0 enqueued
[106.751s][info][gc,ref      ] GC(67) Final: 0 encountered, 0 discovered, 0 enqueued
[106.751s][info][gc,ref      ] GC(67) Phantom: 35 encountered, 23 discovered, 0 enqueued
[106.751s][info][gc,reloc    ] GC(67) Small Pages: 149 / 298M, Empty: 2M, Relocated: 10M, In-Place: 0
[106.751s][info][gc,reloc    ] GC(67) Medium Pages: 1 / 32M, Empty: 0M, Relocated: 0M, In-Place: 0
[106.751s][info][gc,reloc    ] GC(67) Large Pages: 0 / 0M, Empty: 0M, Relocated: 0M, In-Place: 0
[106.751s][info][gc,reloc    ] GC(67) Forwarding Usage: 6M
[106.751s][info][gc,heap     ] GC(67) Min Capacity: 8M(0%)
[106.751s][info][gc,heap     ] GC(67) Max Capacity: 4096M(100%)
[106.751s][info][gc,heap     ] GC(67) Soft Max Capacity: 4096M(100%)
[106.751s][info][gc,heap     ] GC(67)                Mark Start          Mark End        Relocate Start      Relocate End           High               Low         
[106.751s][info][gc,heap     ] GC(67)  Capacity:     4096M (100%)       4096M (100%)       4096M (100%)       4096M (100%)       4096M (100%)       4096M (100%)   
[106.751s][info][gc,heap     ] GC(67)      Free:     3766M (92%)        3666M (90%)        3652M (89%)        3650M (89%)        3766M (92%)        3610M (88%)    
[106.751s][info][gc,heap     ] GC(67)      Used:      330M (8%)          430M (10%)         444M (11%)         446M (11%)         486M (12%)         330M (8%)     
[106.751s][info][gc,heap     ] GC(67)      Live:         -               190M (5%)          190M (5%)          190M (5%)             -                  -          
[106.751s][info][gc,heap     ] GC(67) Allocated:         -               100M (2%)          116M (3%)          147M (4%)             -                  -          
[106.751s][info][gc,heap     ] GC(67)   Garbage:         -               139M (3%)          137M (3%)          108M (3%)             -                  -          
[106.751s][info][gc,heap     ] GC(67) Reclaimed:         -                  -                 2M (0%)           31M (1%)             -                  -          
[106.751s][info][gc          ] GC(67) Garbage Collection (Allocation Rate) 330M(8%)->446M(11%)
[106.853s][info][gc,start    ] GC(68) Garbage Collection (Allocation Rate)
[106.853s][info][gc,task     ] GC(68) Using 12 workers
[106.854s][info][gc,phases   ] GC(68) Pause Mark Start 0.021ms
[106.963s][info][gc,phases   ] GC(68) Concurrent Mark 108.778ms
[106.963s][info][gc,phases   ] GC(68) Pause Mark End 0.018ms
[106.963s][info][gc,phases   ] GC(68) Concurrent Mark Free 0.002ms
[106.964s][info][gc,phases   ] GC(68) Concurrent Process Non-Strong References 0.700ms
[106.964s][info][gc,phases   ] GC(68) Concurrent Reset Relocation Set 0.005ms
[106.978s][info][gc,phases   ] GC(68) Concurrent Select Relocation Set 14.016ms
[106.978s][info][gc,phases   ] GC(68) Pause Relocate Start 0.009ms
[106.985s][info][gc,phases   ] GC(68) Concurrent Relocate 7.549ms
[106.986s][info][gc,load     ] GC(68) Load: 0.00/0.00/0.00
[106.986s][info][gc,mmu      ] GC(68) MMU: 2ms/98.3%, 5ms/99.3%, 10ms/99.6%, 20ms/99.7%, 50ms/99.9%, 100ms/99.9%
[106.986s][info][gc,marking  ] GC(68) Mark: 8 stripe(s), 3 proactive flush(es), 1 terminate flush(es), 0 completion(s), 0 continuation(s) 
[106.986s][info][gc,marking  ] GC(68) Mark Stack Usage: 32M
[106.986s][info][gc,nmethod  ] GC(68) NMethods: 2494 registered, 130 unregistered
[106.986s][info][gc,metaspace] GC(68) Metaspace: 16M used, 16M committed, 1088M reserved
[106.986s][info][gc,ref      ] GC(68) Soft: 250 encountered, 0 discovered, 0 enqueued
[106.986s][info][gc,ref      ] GC(68) Weak: 1002 encountered, 188 discovered, 0 enqueued
[106.986s][info][gc,ref      ] GC(68) Final: 0 encountered, 0 discovered, 0 enqueued
[106.986s][info][gc,ref      ] GC(68) Phantom: 35 encountered, 19 discovered, 0 enqueued
[106.986s][info][gc,reloc    ] GC(68) Small Pages: 268 / 536M, Empty: 2M, Relocated: 15M, In-Place: 0
[106.986s][info][gc,reloc    ] GC(68) Medium Pages: 1 / 32M, Empty: 0M, Relocated: 0M, In-Place: 0
[106.986s][info][gc,reloc    ] GC(68) Large Pages: 0 / 0M, Empty: 0M, Relocated: 0M, In-Place: 0
[106.986s][info][gc,reloc    ] GC(68) Forwarding Usage: 10M
[106.986s][info][gc,heap     ] GC(68) Min Capacity: 8M(0%)
[106.986s][info][gc,heap     ] GC(68) Max Capacity: 4096M(100%)
[106.986s][info][gc,heap     ] GC(68) Soft Max Capacity: 4096M(100%)
[106.986s][info][gc,heap     ] GC(68)                Mark Start          Mark End        Relocate Start      Relocate End           High               Low         
[106.986s][info][gc,heap     ] GC(68)  Capacity:     4096M (100%)       4096M (100%)       4096M (100%)       4096M (100%)       4096M (100%)       4096M (100%)   
[106.986s][info][gc,heap     ] GC(68)      Free:     3528M (86%)        3358M (82%)        3342M (82%)        3402M (83%)        3528M (86%)        3328M (81%)    
[106.986s][info][gc,heap     ] GC(68)      Used:      568M (14%)         738M (18%)         754M (18%)         694M (17%)         768M (19%)         568M (14%)    
[106.986s][info][gc,heap     ] GC(68)      Live:         -               335M (8%)          335M (8%)          335M (8%)             -                  -          
[106.986s][info][gc,heap     ] GC(68) Allocated:         -               170M (4%)          188M (5%)          201M (5%)             -                  -          
[106.986s][info][gc,heap     ] GC(68)   Garbage:         -               232M (6%)          230M (6%)          156M (4%)             -                  -          
[106.986s][info][gc,heap     ] GC(68) Reclaimed:         -                  -                 2M (0%)           75M (2%)             -                  -          
[106.986s][info][gc          ] GC(68) Garbage Collection (Allocation Rate) 568M(14%)->694M(17%)
[107.244s][info][gc,start    ] GC(69) Garbage Collection (Allocation Rate)
[107.244s][info][gc,task     ] GC(69) Using 12 workers
[107.244s][info][gc,phases   ] GC(69) Pause Mark Start 0.011ms
[107.431s][info][gc,phases   ] GC(69) Concurrent Mark 187.123ms
[107.432s][info][gc,phases   ] GC(69) Pause Mark End 0.022ms
[107.432s][info][gc,phases   ] GC(69) Concurrent Mark Free 0.001ms
[107.432s][info][gc,phases   ] GC(69) Concurrent Process Non-Strong References 0.730ms
[107.432s][info][gc,phases   ] GC(69) Concurrent Reset Relocation Set 0.012ms
[107.446s][info][gc,phases   ] GC(69) Concurrent Select Relocation Set 13.418ms
[107.446s][info][gc,phases   ] GC(69) Pause Relocate Start 0.008ms
[107.457s][info][gc,phases   ] GC(69) Concurrent Relocate 10.893ms
[107.457s][info][gc,load     ] GC(69) Load: 0.00/0.00/0.00
[107.457s][info][gc,mmu      ] GC(69) MMU: 2ms/98.3%, 5ms/99.3%, 10ms/99.6%, 20ms/99.7%, 50ms/99.9%, 100ms/99.9%
[107.457s][info][gc,marking  ] GC(69) Mark: 8 stripe(s), 3 proactive flush(es), 1 terminate flush(es), 0 completion(s), 0 continuation(s) 
[107.457s][info][gc,marking  ] GC(69) Mark Stack Usage: 32M
[107.457s][info][gc,nmethod  ] GC(69) NMethods: 2494 registered, 130 unregistered
[107.457s][info][gc,metaspace] GC(69) Metaspace: 16M used, 16M committed, 1088M reserved
[107.457s][info][gc,ref      ] GC(69) Soft: 250 encountered, 0 discovered, 0 enqueued
[107.457s][info][gc,ref      ] GC(69) Weak: 1001 encountered, 186 discovered, 7 enqueued
[107.457s][info][gc,ref      ] GC(69) Final: 0 encountered, 0 discovered, 0 enqueued
[107.457s][info][gc,ref      ] GC(69) Phantom: 35 encountered, 23 discovered, 0 enqueued
[107.457s][info][gc,reloc    ] GC(69) Small Pages: 475 / 950M, Empty: 0M, Relocated: 19M, In-Place: 0
[107.457s][info][gc,reloc    ] GC(69) Medium Pages: 2 / 64M, Empty: 0M, Relocated: 3M, In-Place: 0
[107.457s][info][gc,reloc    ] GC(69) Large Pages: 0 / 0M, Empty: 0M, Relocated: 0M, In-Place: 0
[107.457s][info][gc,reloc    ] GC(69) Forwarding Usage: 14M
[107.457s][info][gc,heap     ] GC(69) Min Capacity: 8M(0%)
[107.457s][info][gc,heap     ] GC(69) Max Capacity: 4096M(100%)
[107.457s][info][gc,heap     ] GC(69) Soft Max Capacity: 4096M(100%)
[107.457s][info][gc,heap     ] GC(69)                Mark Start          Mark End        Relocate Start      Relocate End           High               Low         
[107.457s][info][gc,heap     ] GC(69)  Capacity:     4096M (100%)       4096M (100%)       4096M (100%)       4096M (100%)       4096M (100%)       4096M (100%)   
[107.457s][info][gc,heap     ] GC(69)      Free:     3082M (75%)        2988M (73%)        2978M (73%)        3078M (75%)        3082M (75%)        2896M (71%)    
[107.457s][info][gc,heap     ] GC(69)      Used:     1014M (25%)        1108M (27%)        1118M (27%)        1018M (25%)        1200M (29%)        1014M (25%)    
[107.457s][info][gc,heap     ] GC(69)      Live:         -               623M (15%)         623M (15%)         623M (15%)            -                  -          
[107.457s][info][gc,heap     ] GC(69) Allocated:         -                94M (2%)          104M (3%)          139M (3%)             -                  -          
[107.457s][info][gc,heap     ] GC(69)   Garbage:         -               390M (10%)         390M (10%)         254M (6%)             -                  -          
[107.457s][info][gc,heap     ] GC(69) Reclaimed:         -                  -                 0M (0%)          135M (3%)             -                  -          
[107.457s][info][gc          ] GC(69) Garbage Collection (Allocation Rate) 1014M(25%)->1018M(25%)
[107.556s][info][gc,start    ] GC(70) Garbage Collection (Allocation Rate)
[107.556s][info][gc,task     ] GC(70) Using 12 workers
[107.557s][info][gc,phases   ] GC(70) Pause Mark Start 0.011ms
[107.697s][info][gc,phases   ] GC(70) Concurrent Mark 140.202ms
[107.697s][info][gc,phases   ] GC(70) Pause Mark End 0.018ms
[107.697s][info][gc,phases   ] GC(70) Concurrent Mark Free 0.000ms
[107.698s][info][gc,phases   ] GC(70) Concurrent Process Non-Strong References 0.631ms
[107.698s][info][gc,phases   ] GC(70) Concurrent Reset Relocation Set 0.015ms
[107.714s][info][gc,phases   ] GC(70) Concurrent Select Relocation Set 15.755ms
[107.714s][info][gc,phases   ] GC(70) Pause Relocate Start 0.009ms
[107.729s][info][gc,phases   ] GC(70) Concurrent Relocate 15.010ms
[107.729s][info][gc,load     ] GC(70) Load: 0.00/0.00/0.00
[107.729s][info][gc,mmu      ] GC(70) MMU: 2ms/98.3%, 5ms/99.3%, 10ms/99.6%, 20ms/99.7%, 50ms/99.9%, 100ms/99.9%
[107.729s][info][gc,marking  ] GC(70) Mark: 8 stripe(s), 2 proactive flush(es), 1 terminate flush(es), 0 completion(s), 0 continuation(s) 
[107.729s][info][gc,marking  ] GC(70) Mark Stack Usage: 32M
[107.729s][info][gc,nmethod  ] GC(70) NMethods: 2494 registered, 130 unregistered
[107.729s][info][gc,metaspace] GC(70) Metaspace: 16M used, 16M committed, 1088M reserved
[107.729s][info][gc,ref      ] GC(70) Soft: 250 encountered, 0 discovered, 0 enqueued
[107.729s][info][gc,ref      ] GC(70) Weak: 994 encountered, 57 discovered, 0 enqueued
[107.729s][info][gc,ref      ] GC(70) Final: 0 encountered, 0 discovered, 0 enqueued
[107.729s][info][gc,ref      ] GC(70) Phantom: 35 encountered, 21 discovered, 0 enqueued
[107.729s][info][gc,reloc    ] GC(70) Small Pages: 496 / 992M, Empty: 2M, Relocated: 47M, In-Place: 0
[107.729s][info][gc,reloc    ] GC(70) Medium Pages: 2 / 64M, Empty: 32M, Relocated: 0M, In-Place: 0
[107.729s][info][gc,reloc    ] GC(70) Large Pages: 0 / 0M, Empty: 0M, Relocated: 0M, In-Place: 0
[107.729s][info][gc,reloc    ] GC(70) Forwarding Usage: 26M
[107.729s][info][gc,heap     ] GC(70) Min Capacity: 8M(0%)
[107.729s][info][gc,heap     ] GC(70) Max Capacity: 4096M(100%)
[107.729s][info][gc,heap     ] GC(70) Soft Max Capacity: 4096M(100%)
[107.729s][info][gc,heap     ] GC(70)                Mark Start          Mark End        Relocate Start      Relocate End           High               Low         
[107.729s][info][gc,heap     ] GC(70)  Capacity:     4096M (100%)       4096M (100%)       4096M (100%)       4096M (100%)       4096M (100%)       4096M (100%)   
[107.729s][info][gc,heap     ] GC(70)      Free:     3040M (74%)        2958M (72%)        2992M (73%)        3158M (77%)        3158M (77%)        2958M (72%)    
[107.729s][info][gc,heap     ] GC(70)      Used:     1056M (26%)        1138M (28%)        1104M (27%)         938M (23%)        1138M (28%)         938M (23%)    
[107.729s][info][gc,heap     ] GC(70)      Live:         -               580M (14%)         580M (14%)         580M (14%)            -                  -          
[107.729s][info][gc,heap     ] GC(70) Allocated:         -                82M (2%)           82M (2%)           85M (2%)             -                  -          
[107.729s][info][gc,heap     ] GC(70)   Garbage:         -               475M (12%)         441M (11%)         271M (7%)             -                  -          
[107.729s][info][gc,heap     ] GC(70) Reclaimed:         -                  -                34M (1%)          203M (5%)             -                  -          
[107.729s][info][gc          ] GC(70) Garbage Collection (Allocation Rate) 1056M(26%)->938M(23%)
[107.759s][info][gc,start    ] GC(71) Garbage Collection (Allocation Rate)
[107.759s][info][gc,task     ] GC(71) Using 12 workers
[107.759s][info][gc,phases   ] GC(71) Pause Mark Start 0.011ms
[107.791s][info][gc,phases   ] GC(71) Concurrent Mark 31.033ms
[107.791s][info][gc,phases   ] GC(71) Pause Mark End 0.017ms
[107.791s][info][gc,phases   ] GC(71) Concurrent Mark Free 0.001ms
[107.792s][info][gc,phases   ] GC(71) Concurrent Process Non-Strong References 0.830ms
[107.792s][info][gc,phases   ] GC(71) Concurrent Reset Relocation Set 0.020ms
[107.797s][info][gc,phases   ] GC(71) Concurrent Select Relocation Set 5.278ms
[107.797s][info][gc,phases   ] GC(71) Pause Relocate Start 0.005ms
[107.799s][info][gc,phases   ] GC(71) Concurrent Relocate 1.656ms
[107.799s][info][gc,load     ] GC(71) Load: 0.00/0.00/0.00
[107.799s][info][gc,mmu      ] GC(71) MMU: 2ms/98.3%, 5ms/99.3%, 10ms/99.6%, 20ms/99.7%, 50ms/99.9%, 100ms/99.9%
[107.799s][info][gc,marking  ] GC(71) Mark: 8 stripe(s), 3 proactive flush(es), 1 terminate flush(es), 0 completion(s), 0 continuation(s) 
[107.799s][info][gc,marking  ] GC(71) Mark Stack Usage: 32M
[107.799s][info][gc,nmethod  ] GC(71) NMethods: 2494 registered, 130 unregistered
[107.799s][info][gc,metaspace] GC(71) Metaspace: 16M used, 16M committed, 1088M reserved
[107.799s][info][gc,ref      ] GC(71) Soft: 250 encountered, 0 discovered, 0 enqueued
[107.799s][info][gc,ref      ] GC(71) Weak: 1004 encountered, 91 discovered, 3 enqueued
[107.799s][info][gc,ref      ] GC(71) Final: 0 encountered, 0 discovered, 0 enqueued
[107.799s][info][gc,ref      ] GC(71) Phantom: 35 encountered, 22 discovered, 0 enqueued
[107.799s][info][gc,reloc    ] GC(71) Small Pages: 454 / 908M, Empty: 814M, Relocated: 4M, In-Place: 0
[107.799s][info][gc,reloc    ] GC(71) Medium Pages: 1 / 32M, Empty: 32M, Relocated: 0M, In-Place: 0
[107.799s][info][gc,reloc    ] GC(71) Large Pages: 0 / 0M, Empty: 0M, Relocated: 0M, In-Place: 0
[107.799s][info][gc,reloc    ] GC(71) Forwarding Usage: 1M
[107.799s][info][gc,heap     ] GC(71) Min Capacity: 8M(0%)
[107.799s][info][gc,heap     ] GC(71) Max Capacity: 4096M(100%)
[107.799s][info][gc,heap     ] GC(71) Soft Max Capacity: 4096M(100%)
[107.799s][info][gc,heap     ] GC(71)                Mark Start          Mark End        Relocate Start      Relocate End           High               Low         
[107.799s][info][gc,heap     ] GC(71)  Capacity:     4096M (100%)       4096M (100%)       4096M (100%)       4096M (100%)       4096M (100%)       4096M (100%)   
[107.800s][info][gc,heap     ] GC(71)      Free:     3156M (77%)        3154M (77%)        4000M (98%)        4026M (98%)        4026M (98%)        3154M (77%)    
[107.800s][info][gc,heap     ] GC(71)      Used:      940M (23%)         942M (23%)          96M (2%)           70M (2%)          942M (23%)          70M (2%)     
[107.800s][info][gc,heap     ] GC(71)      Live:         -                26M (1%)           26M (1%)           26M (1%)             -                  -          
[107.800s][info][gc,heap     ] GC(71) Allocated:         -                 2M (0%)            2M (0%)           21M (1%)             -                  -          
[107.800s][info][gc,heap     ] GC(71)   Garbage:         -               913M (22%)          67M (2%)           22M (1%)             -                  -          
[107.800s][info][gc,heap     ] GC(71) Reclaimed:         -                  -               846M (21%)         891M (22%)            -                  -          
[107.800s][info][gc          ] GC(71) Garbage Collection (Allocation Rate) 940M(23%)->70M(2%)
[110.152s][info][gc,stats    ] === Garbage Collection Statistics =======================================================================================================================
[110.152s][info][gc,stats    ]                                                              Last 10s              Last 10m              Last 10h                Total
[110.152s][info][gc,stats    ]                                                              Avg / Max             Avg / Max             Avg / Max             Avg / Max
[110.152s][info][gc,stats    ]   Collector: Garbage Collection Cycle                    127.415 / 379.516     154.923 / 577.032     154.923 / 577.032     154.923 / 577.032     ms
[110.152s][info][gc,stats    ]  Contention: Mark Segment Reset Contention                     4 / 26                3 / 32                3 / 32                3 / 32          ops/s
[110.152s][info][gc,stats    ]  Contention: Mark SeqNum Reset Contention                      0 / 2                 0 / 5                 0 / 5                 0 / 5           ops/s
[110.152s][info][gc,stats    ]    Critical: Allocation Stall                                  0 / 0                 0 / 0                 0 / 0                 0 / 0           ops/s
[110.152s][info][gc,stats    ]    Critical: Allocation Stall                              0.000 / 0.000         0.000 / 0.000         0.000 / 0.000         0.000 / 0.000       ms
[110.152s][info][gc,stats    ]    Critical: GC Locker Stall                                   0 / 0                 0 / 0                 0 / 0                 0 / 0           ops/s
[110.152s][info][gc,stats    ]    Critical: GC Locker Stall                               0.000 / 0.000         0.000 / 0.000         0.000 / 0.000         0.000 / 0.000       ms
[110.152s][info][gc,stats    ]    Critical: Relocation Stall                                  0 / 0                 0 / 0                 0 / 0                 0 / 0           ops/s
[110.152s][info][gc,stats    ]    Critical: Relocation Stall                              0.000 / 0.000         0.000 / 0.000         0.000 / 0.000         0.000 / 0.000       ms
[110.152s][info][gc,stats    ]      Memory: Allocation Rate                                 815 / 2794            608 / 4884            608 / 4884            608 / 4884        MB/s
[110.153s][info][gc,stats    ]      Memory: Defragment                                        5 / 58                2 / 58                2 / 58                2 / 58          ops/s
[110.153s][info][gc,stats    ]      Memory: Out Of Memory                                     0 / 0                 0 / 0                 0 / 0                 0 / 0           ops/s
[110.153s][info][gc,stats    ]      Memory: Page Cache Flush                                 24 / 148               6 / 148               6 / 148               6 / 148         MB/s
[110.153s][info][gc,stats    ]      Memory: Page Cache Hit L1                               410 / 1397            298 / 2463            298 / 2463            298 / 2463        ops/s
[110.153s][info][gc,stats    ]      Memory: Page Cache Hit L2                                 0 / 0                 0 / 0                 0 / 0                 0 / 0           ops/s
[110.153s][info][gc,stats    ]      Memory: Page Cache Hit L3                                 5 / 53               11 / 525              11 / 525              11 / 525         ops/s
[110.153s][info][gc,stats    ]      Memory: Page Cache Miss                                   0 / 3                 7 / 231               7 / 231               7 / 231         ops/s
[110.153s][info][gc,stats    ]      Memory: Uncommit                                          0 / 0                 0 / 0                 0 / 0                 0 / 0           MB/s
[110.153s][info][gc,stats    ]      Memory: Undo Object Allocation Failed                     0 / 0                 0 / 1                 0 / 1                 0 / 1           ops/s
[110.153s][info][gc,stats    ]      Memory: Undo Object Allocation Succeeded                  5 / 27                6 / 134               6 / 134               6 / 134         ops/s
[110.153s][info][gc,stats    ]      Memory: Undo Page Allocation                              0 / 7                 3 / 104               3 / 104               3 / 104         ops/s
[110.153s][info][gc,stats    ]       Phase: Concurrent Mark                              75.823 / 187.123      90.181 / 327.081      90.181 / 327.081      90.181 / 327.081     ms
[110.153s][info][gc,stats    ]       Phase: Concurrent Mark Continue                      0.000 / 0.000         0.000 / 0.000         0.000 / 0.000         0.000 / 0.000       ms
[110.153s][info][gc,stats    ]       Phase: Concurrent Mark Free                          0.001 / 0.002         0.001 / 0.004         0.001 / 0.004         0.001 / 0.004       ms
[110.153s][info][gc,stats    ]       Phase: Concurrent Process Non-Strong References      3.326 / 23.885        6.323 / 72.793        6.323 / 72.793        6.323 / 72.793      ms
[110.153s][info][gc,stats    ]       Phase: Concurrent Relocate                           5.895 / 15.010       11.282 / 105.412      11.282 / 105.412      11.282 / 105.412     ms
[110.153s][info][gc,stats    ]       Phase: Concurrent Reset Relocation Set               0.012 / 0.038         0.023 / 0.192         0.023 / 0.192         0.023 / 0.192       ms
[110.153s][info][gc,stats    ]       Phase: Concurrent Select Relocation Set             11.929 / 29.590       21.927 / 148.744      21.927 / 148.744      21.927 / 148.744     ms
[110.153s][info][gc,stats    ]       Phase: Pause Mark End                                0.020 / 0.028         0.021 / 0.034         0.021 / 0.034         0.021 / 0.034       ms
[110.153s][info][gc,stats    ]       Phase: Pause Mark Start                              0.014 / 0.021         0.015 / 0.028         0.015 / 0.028         0.015 / 0.028       ms
[110.153s][info][gc,stats    ]       Phase: Pause Relocate Start                          0.007 / 0.009         0.008 / 0.020         0.008 / 0.020         0.008 / 0.020       ms
[110.153s][info][gc,stats    ]    Subphase: Concurrent Classes Purge                      0.006 / 0.016         0.377 / 21.494        0.377 / 21.494        0.377 / 21.494      ms
[110.153s][info][gc,stats    ]    Subphase: Concurrent Classes Unlink                     0.555 / 0.797         1.421 / 37.314        1.421 / 37.314        1.421 / 37.314      ms
[110.153s][info][gc,stats    ]    Subphase: Concurrent Mark                              74.051 / 185.923      85.930 / 325.823      85.930 / 325.823      85.930 / 325.823     ms
[110.153s][info][gc,stats    ]    Subphase: Concurrent Mark Try Flush                     1.356 / 25.929        5.780 / 84.361        5.780 / 84.361        5.780 / 84.361      ms
[110.153s][info][gc,stats    ]    Subphase: Concurrent Mark Try Terminate                 9.370 / 15.637       11.003 / 78.096       11.003 / 78.096       11.003 / 78.096      ms
[110.153s][info][gc,stats    ]    Subphase: Concurrent References Enqueue                 0.002 / 0.011         0.002 / 0.011         0.002 / 0.011         0.002 / 0.011       ms
[110.153s][info][gc,stats    ]    Subphase: Concurrent References Process                 0.042 / 0.151         0.064 / 0.519         0.064 / 0.519         0.064 / 0.519       ms
[110.153s][info][gc,stats    ]    Subphase: Concurrent Roots ClassLoaderDataGraph         0.032 / 0.377         0.047 / 1.367         0.047 / 1.367         0.047 / 1.367       ms
[110.154s][info][gc,stats    ]    Subphase: Concurrent Roots CodeCache                    0.000 / 0.000         0.000 / 0.000         0.000 / 0.000         0.000 / 0.000       ms
[110.154s][info][gc,stats    ]    Subphase: Concurrent Roots JavaThreads                  0.642 / 1.414         5.017 / 275.651       5.017 / 275.651       5.017 / 275.651     ms
[110.154s][info][gc,stats    ]    Subphase: Concurrent Roots OopStorageSet                0.013 / 0.061         0.050 / 2.056         0.050 / 2.056         0.050 / 2.056       ms
[110.154s][info][gc,stats    ]    Subphase: Concurrent Weak Roots OopStorageSet           0.111 / 0.170         0.113 / 0.601         0.113 / 0.601         0.113 / 0.601       ms
[110.154s][info][gc,stats    ]    Subphase: Pause Mark Try Complete                       0.000 / 0.000         0.000 / 0.000         0.000 / 0.000         0.000 / 0.000       ms
[110.154s][info][gc,stats    ]      System: Java Threads                                     62 / 62               62 / 74               62 / 74               62 / 74          threads
[110.154s][info][gc,stats    ] =========================================================================================================================================================
[117.712s][info][gc,start    ] GC(72) Garbage Collection (System.gc())
[117.712s][info][gc,task     ] GC(72) Using 12 workers
[117.712s][info][gc,phases   ] GC(72) Pause Mark Start 0.017ms
[117.735s][info][gc,phases   ] GC(72) Concurrent Mark 22.569ms
[117.735s][info][gc,phases   ] GC(72) Pause Mark End 0.026ms
[117.735s][info][gc,phases   ] GC(72) Concurrent Mark Free 0.001ms
[117.736s][info][gc,phases   ] GC(72) Concurrent Process Non-Strong References 1.051ms
[117.736s][info][gc,phases   ] GC(72) Concurrent Reset Relocation Set 0.005ms
[117.743s][info][gc,phases   ] GC(72) Concurrent Select Relocation Set 6.109ms
[117.743s][info][gc,phases   ] GC(72) Pause Relocate Start 0.007ms
[117.744s][info][gc,phases   ] GC(72) Concurrent Relocate 1.519ms
[117.744s][info][gc,load     ] GC(72) Load: 0.00/0.00/0.00
[117.744s][info][gc,mmu      ] GC(72) MMU: 2ms/98.3%, 5ms/99.3%, 10ms/99.6%, 20ms/99.7%, 50ms/99.9%, 100ms/99.9%
[117.744s][info][gc,marking  ] GC(72) Mark: 8 stripe(s), 2 proactive flush(es), 1 terminate flush(es), 0 completion(s), 0 continuation(s) 
[117.744s][info][gc,marking  ] GC(72) Mark Stack Usage: 32M
[117.745s][info][gc,nmethod  ] GC(72) NMethods: 2496 registered, 130 unregistered
[117.745s][info][gc,metaspace] GC(72) Metaspace: 16M used, 16M committed, 1088M reserved
[117.745s][info][gc,ref      ] GC(72) Soft: 250 encountered, 0 discovered, 0 enqueued
[117.745s][info][gc,ref      ] GC(72) Weak: 1004 encountered, 128 discovered, 4 enqueued
[117.745s][info][gc,ref      ] GC(72) Final: 0 encountered, 0 discovered, 0 enqueued
[117.745s][info][gc,ref      ] GC(72) Phantom: 35 encountered, 26 discovered, 0 enqueued
[117.745s][info][gc,reloc    ] GC(72) Small Pages: 1322 / 2644M, Empty: 2536M, Relocated: 4M, In-Place: 0
[117.745s][info][gc,reloc    ] GC(72) Medium Pages: 0 / 0M, Empty: 0M, Relocated: 0M, In-Place: 0
[117.745s][info][gc,reloc    ] GC(72) Large Pages: 2 / 12M, Empty: 12M, Relocated: 0M, In-Place: 0
[117.745s][info][gc,reloc    ] GC(72) Forwarding Usage: 1M
[117.745s][info][gc,heap     ] GC(72) Min Capacity: 8M(0%)
[117.745s][info][gc,heap     ] GC(72) Max Capacity: 4096M(100%)
[117.745s][info][gc,heap     ] GC(72) Soft Max Capacity: 4096M(100%)
[117.745s][info][gc,heap     ] GC(72)                Mark Start          Mark End        Relocate Start      Relocate End           High               Low         
[117.745s][info][gc,heap     ] GC(72)  Capacity:     4096M (100%)       4096M (100%)       4096M (100%)       4096M (100%)       4096M (100%)       4096M (100%)   
[117.745s][info][gc,heap     ] GC(72)      Free:     1440M (35%)        1440M (35%)        3988M (97%)        4044M (99%)        4044M (99%)        1440M (35%)    
[117.745s][info][gc,heap     ] GC(72)      Used:     2656M (65%)        2656M (65%)         108M (3%)           52M (1%)         2656M (65%)          52M (1%)     
[117.745s][info][gc,heap     ] GC(72)      Live:         -                29M (1%)           29M (1%)           29M (1%)             -                  -          
[117.745s][info][gc,heap     ] GC(72) Allocated:         -                 0M (0%)            0M (0%)            0M (0%)             -                  -          
[117.745s][info][gc,heap     ] GC(72)   Garbage:         -              2626M (64%)          78M (2%)           22M (1%)             -                  -          
[117.745s][info][gc,heap     ] GC(72) Reclaimed:         -                  -              2548M (62%)        2604M (64%)            -                  -          
[117.745s][info][gc          ] GC(72) Garbage Collection (System.gc()) 2656M(65%)->52M(1%)
[119.659s][info][gc,start    ] GC(73) Garbage Collection (Allocation Rate)
[119.659s][info][gc,task     ] GC(73) Using 12 workers
[119.659s][info][gc,phases   ] GC(73) Pause Mark Start 0.011ms
[119.901s][info][gc          ] Allocation Stall (reactors-io-scheduler-ForkJoinPool-1-worker-34) 0.036ms
[119.901s][info][gc          ] Allocation Stall (reactors-io-scheduler-ForkJoinPool-1-worker-27) 0.033ms
[119.901s][info][gc          ] Allocation Stall (reactors-io-scheduler-ForkJoinPool-1-worker-38) 0.037ms
[119.910s][info][gc          ] Allocation Stall (reactors-io-scheduler-ForkJoinPool-1-worker-44) 2.556ms
[119.911s][info][gc          ] Allocation Stall (reactors-io-scheduler-ForkJoinPool-1-worker-18) 1.306ms
[119.912s][info][gc          ] Allocation Stall (reactors-io-scheduler-ForkJoinPool-1-worker-40) 2.483ms
[119.915s][info][gc          ] Allocation Stall (reactors-io-scheduler-ForkJoinPool-1-worker-30) 4.930ms
[119.940s][info][gc,phases   ] GC(73) Concurrent Mark 109.301ms
[119.940s][info][gc,phases   ] GC(73) Pause Mark End 0.024ms
[119.940s][info][gc,phases   ] GC(73) Concurrent Mark Free 0.001ms
[119.941s][info][gc,phases   ] GC(73) Concurrent Process Non-Strong References 0.877ms
[119.941s][info][gc,phases   ] GC(73) Concurrent Reset Relocation Set 0.006ms
[119.941s][info][gc          ] Allocation Stall (reactors-io-scheduler-ForkJoinPool-1-worker-3) 3.807ms
[119.941s][info][gc          ] Allocation Stall (reactors-io-scheduler-ForkJoinPool-1-worker-1) 18.146ms
[119.941s][info][gc          ] Allocation Stall (reactors-io-scheduler-ForkJoinPool-1-worker-22) 1.951ms
[119.941s][info][gc          ] Allocation Stall (reactors-io-scheduler-ForkJoinPool-1-worker-37) 15.674ms
[119.941s][info][gc          ] Allocation Stall (reactors-io-scheduler-ForkJoinPool-1-worker-23) 17.517ms
[119.941s][info][gc          ] Allocation Stall (reactors-io-scheduler-ForkJoinPool-1-worker-46) 1.383ms
[119.941s][info][gc          ] Allocation Stall (reactors-io-scheduler-ForkJoinPool-1-worker-26) 0.981ms
[119.941s][info][gc          ] Allocation Stall (reactors-io-scheduler-ForkJoinPool-1-worker-21) 2.362ms
[119.941s][info][gc          ] Allocation Stall (reactors-io-scheduler-ForkJoinPool-1-worker-47) 22.398ms
[119.941s][info][gc          ] Allocation Stall (reactors-io-scheduler-ForkJoinPool-1-worker-38) 1.351ms
[119.941s][info][gc          ] Allocation Stall (reactors-io-scheduler-ForkJoinPool-1-worker-9) 2.437ms
[119.941s][info][gc          ] Allocation Stall (reactors-io-scheduler-ForkJoinPool-1-worker-45) 8.122ms
[119.941s][info][gc          ] Allocation Stall (reactors-io-scheduler-ForkJoinPool-1-worker-30) 19.177ms
[119.941s][info][gc          ] Allocation Stall (reactors-io-scheduler-ForkJoinPool-1-worker-48) 2.695ms
[119.941s][info][gc          ] Allocation Stall (reactors-io-scheduler-ForkJoinPool-1-worker-29) 15.826ms
[119.941s][info][gc          ] Allocation Stall (reactors-io-scheduler-ForkJoinPool-1-worker-12) 0.183ms
[119.941s][info][gc          ] Allocation Stall (reactors-io-scheduler-ForkJoinPool-1-worker-33) 21.872ms
[119.941s][info][gc          ] Allocation Stall (reactors-io-scheduler-ForkJoinPool-1-worker-34) 30.751ms
[119.941s][info][gc          ] Allocation Stall (reactors-io-scheduler-ForkJoinPool-1-worker-15) 4.013ms
[119.941s][info][gc          ] Allocation Stall (reactors-io-scheduler-ForkJoinPool-1-worker-35) 6.285ms
[119.941s][info][gc          ] Allocation Stall (reactors-io-scheduler-ForkJoinPool-1-worker-42) 21.289ms
[119.941s][info][gc          ] Allocation Stall (reactors-io-scheduler-ForkJoinPool-1-worker-5) 17.567ms
[119.941s][info][gc          ] Allocation Stall (reactors-io-scheduler-ForkJoinPool-1-worker-8) 0.403ms
[119.941s][info][gc          ] Allocation Stall (reactors-io-scheduler-ForkJoinPool-1-worker-11) 18.726ms
[119.941s][info][gc          ] Allocation Stall (reactors-io-scheduler-ForkJoinPool-1-worker-41) 0.297ms
[119.941s][info][gc          ] Allocation Stall (reactors-io-scheduler-ForkJoinPool-1-worker-40) 17.454ms
[119.941s][info][gc          ] Allocation Stall (reactors-io-scheduler-ForkJoinPool-1-worker-43) 6.093ms
[119.941s][info][gc          ] Allocation Stall (reactors-io-scheduler-ForkJoinPool-1-worker-36) 22.889ms
[119.941s][info][gc          ] Allocation Stall (reactors-io-scheduler-ForkJoinPool-1-worker-28) 1.440ms
[119.941s][info][gc          ] Allocation Stall (reactors-io-scheduler-ForkJoinPool-1-worker-16) 0.777ms
[119.941s][info][gc          ] Allocation Stall (reactors-io-scheduler-ForkJoinPool-1-worker-44) 17.976ms
[119.941s][info][gc          ] Allocation Stall (reactors-io-scheduler-ForkJoinPool-1-worker-6) 22.574ms
[119.941s][info][gc          ] Allocation Stall (reactors-io-scheduler-ForkJoinPool-1-worker-24) 20.025ms
[119.941s][info][gc          ] Allocation Stall (reactors-io-scheduler-ForkJoinPool-1-worker-25) 25.662ms
[119.941s][info][gc          ] Allocation Stall (reactors-io-scheduler-ForkJoinPool-1-worker-2) 11.337ms
[119.941s][info][gc          ] Allocation Stall (reactors-io-scheduler-ForkJoinPool-1-worker-13) 9.550ms
[119.941s][info][gc          ] Allocation Stall (reactors-io-scheduler-ForkJoinPool-1-worker-39) 21.640ms
[119.941s][info][gc          ] Allocation Stall (reactors-io-scheduler-ForkJoinPool-1-worker-14) 12.015ms
[119.954s][info][gc,phases   ] GC(73) Concurrent Select Relocation Set 12.343ms
[119.954s][info][gc,phases   ] GC(73) Pause Relocate Start 0.007ms
[120.007s][info][gc,phases   ] GC(73) Concurrent Relocate 1.640ms
[120.007s][info][gc,load     ] GC(73) Load: 0.00/0.00/0.00
[120.007s][info][gc,mmu      ] GC(73) MMU: 2ms/98.3%, 5ms/99.3%, 10ms/99.6%, 20ms/99.7%, 50ms/99.9%, 100ms/99.9%
[120.007s][info][gc,marking  ] GC(73) Mark: 8 stripe(s), 2 proactive flush(es), 1 terminate flush(es), 0 completion(s), 0 continuation(s) 
[120.007s][info][gc,marking  ] GC(73) Mark Stack Usage: 32M
[120.007s][info][gc,nmethod  ] GC(73) NMethods: 2501 registered, 130 unregistered
[120.007s][info][gc,metaspace] GC(73) Metaspace: 16M used, 16M committed, 1088M reserved
[120.007s][info][gc,ref      ] GC(73) Soft: 250 encountered, 0 discovered, 0 enqueued
[120.007s][info][gc,ref      ] GC(73) Weak: 1009 encountered, 121 discovered, 3 enqueued
[120.007s][info][gc,ref      ] GC(73) Final: 0 encountered, 0 discovered, 0 enqueued
[120.007s][info][gc,ref      ] GC(73) Phantom: 35 encountered, 20 discovered, 0 enqueued
[120.007s][info][gc,reloc    ] GC(73) Small Pages: 1102 / 2204M, Empty: 1728M, Relocated: 6M, In-Place: 0
[120.007s][info][gc,reloc    ] GC(73) Medium Pages: 0 / 0M, Empty: 0M, Relocated: 0M, In-Place: 0
[120.007s][info][gc,reloc    ] GC(73) Large Pages: 0 / 0M, Empty: 0M, Relocated: 0M, In-Place: 0
[120.007s][info][gc,reloc    ] GC(73) Forwarding Usage: 2M
[120.007s][info][gc,heap     ] GC(73) Min Capacity: 8M(0%)
[120.007s][info][gc,heap     ] GC(73) Max Capacity: 4096M(100%)
[120.007s][info][gc,heap     ] GC(73) Soft Max Capacity: 4096M(100%)
[120.007s][info][gc,heap     ] GC(73)                Mark Start          Mark End        Relocate Start      Relocate End           High               Low         
[120.007s][info][gc,heap     ] GC(73)  Capacity:     4096M (100%)       4096M (100%)       4096M (100%)       4096M (100%)       4096M (100%)       4096M (100%)   
[120.007s][info][gc,heap     ] GC(73)      Free:     1892M (46%)           0M (0%)         1570M (38%)        1526M (37%)        1892M (46%)           0M (0%)     
[120.007s][info][gc,heap     ] GC(73)      Used:     2204M (54%)        4096M (100%)       2526M (62%)        2570M (63%)        4096M (100%)       2204M (54%)    
[120.007s][info][gc,heap     ] GC(73)      Live:         -                30M (1%)           30M (1%)           30M (1%)             -                  -          
[120.007s][info][gc,heap     ] GC(73) Allocated:         -              1892M (46%)        2050M (50%)        2517M (61%)            -                  -          
[120.007s][info][gc,heap     ] GC(73)   Garbage:         -              2173M (53%)         445M (11%)          21M (1%)             -                  -          
[120.007s][info][gc,heap     ] GC(73) Reclaimed:         -                  -              1728M (42%)        2151M (53%)            -                  -          
[120.007s][info][gc          ] GC(73) Garbage Collection (Allocation Rate) 2204M(54%)->2570M(63%)
[120.049s][info][gc,start    ] GC(74) Garbage Collection (Allocation Stall)
[120.049s][info][gc,ref      ] GC(74) Clearing All SoftReferences
[120.049s][info][gc,task     ] GC(74) Using 12 workers
[120.050s][info][gc,ref      ] GC(74) Clearing All SoftReferences
[120.050s][info][gc,phases   ] GC(74) Pause Mark Start 0.101ms
[120.081s][info][gc,phases   ] GC(74) Concurrent Mark 30.733ms
[120.081s][info][gc,phases   ] GC(74) Pause Mark End 0.019ms
[120.081s][info][gc,phases   ] GC(74) Concurrent Mark Free 0.001ms
[120.086s][info][gc,phases   ] GC(74) Concurrent Process Non-Strong References 5.162ms
[120.086s][info][gc,phases   ] GC(74) Concurrent Reset Relocation Set 0.046ms
[120.093s][info][gc,phases   ] GC(74) Concurrent Select Relocation Set 7.222ms
[120.094s][info][gc,phases   ] GC(74) Pause Relocate Start 0.010ms
[120.096s][info][gc,phases   ] GC(74) Concurrent Relocate 2.274ms
[120.096s][info][gc,load     ] GC(74) Load: 0.00/0.00/0.00
[120.096s][info][gc,mmu      ] GC(74) MMU: 2ms/94.9%, 5ms/98.0%, 10ms/99.0%, 20ms/99.5%, 50ms/99.7%, 100ms/99.9%
[120.096s][info][gc,marking  ] GC(74) Mark: 8 stripe(s), 2 proactive flush(es), 1 terminate flush(es), 0 completion(s), 0 continuation(s) 
[120.096s][info][gc,marking  ] GC(74) Mark Stack Usage: 32M
[120.096s][info][gc,nmethod  ] GC(74) NMethods: 2501 registered, 130 unregistered
[120.096s][info][gc,metaspace] GC(74) Metaspace: 16M used, 16M committed, 1088M reserved
[120.096s][info][gc,ref      ] GC(74) Soft: 245 encountered, 161 discovered, 74 enqueued
[120.096s][info][gc,ref      ] GC(74) Weak: 1007 encountered, 124 discovered, 16 enqueued
[120.096s][info][gc,ref      ] GC(74) Final: 0 encountered, 0 discovered, 0 enqueued
[120.096s][info][gc,ref      ] GC(74) Phantom: 35 encountered, 21 discovered, 0 enqueued
[120.096s][info][gc,reloc    ] GC(74) Small Pages: 1298 / 2596M, Empty: 2364M, Relocated: 5M, In-Place: 0
[120.096s][info][gc,reloc    ] GC(74) Medium Pages: 1 / 32M, Empty: 0M, Relocated: 0M, In-Place: 0
[120.096s][info][gc,reloc    ] GC(74) Large Pages: 0 / 0M, Empty: 0M, Relocated: 0M, In-Place: 0
[120.096s][info][gc,reloc    ] GC(74) Forwarding Usage: 2M
[120.096s][info][gc,heap     ] GC(74) Min Capacity: 8M(0%)
[120.096s][info][gc,heap     ] GC(74) Max Capacity: 4096M(100%)
[120.096s][info][gc,heap     ] GC(74) Soft Max Capacity: 4096M(100%)
[120.096s][info][gc,heap     ] GC(74)                Mark Start          Mark End        Relocate Start      Relocate End           High               Low         
[120.096s][info][gc,heap     ] GC(74)  Capacity:     4096M (100%)       4096M (100%)       4096M (100%)       4096M (100%)       4096M (100%)       4096M (100%)   
[120.096s][info][gc,heap     ] GC(74)      Free:     1468M (36%)        1402M (34%)        3750M (92%)        3872M (95%)        3872M (95%)        1394M (34%)    
[120.096s][info][gc,heap     ] GC(74)      Used:     2628M (64%)        2694M (66%)         346M (8%)          224M (5%)         2702M (66%)         224M (5%)     
[120.096s][info][gc,heap     ] GC(74)      Live:         -                72M (2%)           72M (2%)           72M (2%)             -                  -          
[120.096s][info][gc,heap     ] GC(74) Allocated:         -                66M (2%)           82M (2%)           81M (2%)             -                  -          
[120.096s][info][gc,heap     ] GC(74)   Garbage:         -              2555M (62%)         191M (5%)           69M (2%)             -                  -          
[120.097s][info][gc,heap     ] GC(74) Reclaimed:         -                  -              2364M (58%)        2485M (61%)            -                  -          
[120.097s][info][gc          ] GC(74) Garbage Collection (Allocation Stall) 2628M(64%)->224M(5%)
[120.159s][info][gc,start    ] GC(75) Garbage Collection (Allocation Rate)
[120.159s][info][gc,stats    ] === Garbage Collection Statistics =======================================================================================================================
[120.159s][info][gc,task     ] GC(75) Using 12 workers
[120.159s][info][gc,stats    ]                                                              Last 10s              Last 10m              Last 10h                Total
[120.159s][info][gc,stats    ]                                                              Avg / Max             Avg / Max             Avg / Max             Avg / Max
[120.159s][info][gc,stats    ]   Collector: Garbage Collection Cycle                    142.331 / 348.083     154.419 / 577.032     154.419 / 577.032     154.419 / 577.032     ms
[120.159s][info][gc,stats    ]  Contention: Mark Segment Reset Contention                     1 / 12                3 / 32                3 / 32                3 / 32          ops/s
[120.159s][info][gc,stats    ]  Contention: Mark SeqNum Reset Contention                      0 / 2                 0 / 5                 0 / 5                 0 / 5           ops/s
[120.159s][info][gc,phases   ] GC(75) Pause Mark Start 0.017ms
[120.159s][info][gc,stats    ]    Critical: Allocation Stall                                  4 / 45                0 / 45                0 / 45                0 / 45          ops/s
[120.159s][info][gc,stats    ]    Critical: Allocation Stall                             10.134 / 30.751       10.134 / 30.751       10.134 / 30.751       10.134 / 30.751      ms
[120.159s][info][gc,stats    ]    Critical: GC Locker Stall                                   0 / 0                 0 / 0                 0 / 0                 0 / 0           ops/s
[120.159s][info][gc,stats    ]    Critical: GC Locker Stall                               0.000 / 0.000         0.000 / 0.000         0.000 / 0.000         0.000 / 0.000       ms
[120.159s][info][gc,stats    ]    Critical: Relocation Stall                                  0 / 0                 0 / 0                 0 / 0                 0 / 0           ops/s
[120.159s][info][gc,stats    ]    Critical: Relocation Stall                              0.000 / 0.000         0.000 / 0.000         0.000 / 0.000         0.000 / 0.000       ms
[120.159s][info][gc,stats    ]      Memory: Allocation Rate                                 748 / 4776            619 / 4884            619 / 4884            619 / 4884        MB/s
[120.159s][info][gc,stats    ]      Memory: Defragment                                        6 / 64                2 / 64                2 / 64                2 / 64          ops/s
[120.160s][info][gc,stats    ]      Memory: Out Of Memory                                     0 / 0                 0 / 0                 0 / 0                 0 / 0           ops/s
[120.160s][info][gc,stats    ]      Memory: Page Cache Flush                                 16 / 160               7 / 160               7 / 160               7 / 160         MB/s
[120.160s][info][gc,stats    ]      Memory: Page Cache Hit L1                               369 / 2338            304 / 2463            304 / 2463            304 / 2463        ops/s
[120.160s][info][gc,stats    ]      Memory: Page Cache Hit L2                                 0 / 0                 0 / 0                 0 / 0                 0 / 0           ops/s
[120.160s][info][gc,stats    ]      Memory: Page Cache Hit L3                                 6 / 58               11 / 525              11 / 525              11 / 525         ops/s
[120.160s][info][gc,stats    ]      Memory: Page Cache Miss                                   0 / 1                 6 / 231               6 / 231               6 / 231         ops/s
[120.160s][info][gc,stats    ]      Memory: Uncommit                                          0 / 0                 0 / 0                 0 / 0                 0 / 0           MB/s
[120.160s][info][gc,stats    ]      Memory: Undo Object Allocation Failed                     0 / 0                 0 / 1                 0 / 1                 0 / 1           ops/s
[120.160s][info][gc,stats    ]      Memory: Undo Object Allocation Succeeded                  1 / 15                5 / 134               5 / 134               5 / 134         ops/s
[120.160s][info][gc,stats    ]      Memory: Undo Page Allocation                              2 / 27                3 / 104               3 / 104               3 / 104         ops/s
[120.160s][info][gc,stats    ]       Phase: Concurrent Mark                              54.201 / 109.301      88.742 / 327.081      88.742 / 327.081      88.742 / 327.081     ms
[120.160s][info][gc,stats    ]       Phase: Concurrent Mark Continue                      0.000 / 0.000         0.000 / 0.000         0.000 / 0.000         0.000 / 0.000       ms
[120.160s][info][gc,stats    ]       Phase: Concurrent Mark Free                          0.001 / 0.001         0.001 / 0.004         0.001 / 0.004         0.001 / 0.004       ms
[120.160s][info][gc,stats    ]       Phase: Concurrent Process Non-Strong References      2.363 / 5.162         6.164 / 72.793        6.164 / 72.793        6.164 / 72.793      ms
[120.160s][info][gc,stats    ]       Phase: Concurrent Relocate                           1.811 / 2.274        10.903 / 105.412      10.903 / 105.412      10.903 / 105.412     ms
[120.160s][info][gc,stats    ]       Phase: Concurrent Reset Relocation Set               0.019 / 0.046         0.022 / 0.192         0.022 / 0.192         0.022 / 0.192       ms
[120.160s][info][gc,stats    ]       Phase: Concurrent Select Relocation Set              8.558 / 12.343       21.392 / 148.744      21.392 / 148.744      21.392 / 148.744     ms
[120.160s][info][gc,stats    ]       Phase: Pause Mark End                                0.023 / 0.026         0.021 / 0.034         0.021 / 0.034         0.021 / 0.034       ms
[120.160s][info][gc,stats    ]       Phase: Pause Mark Start                              0.043 / 0.101         0.016 / 0.101         0.016 / 0.101         0.016 / 0.101       ms
[120.160s][info][gc,stats    ]       Phase: Pause Relocate Start                          0.008 / 0.010         0.008 / 0.020         0.008 / 0.020         0.008 / 0.020       ms
[120.160s][info][gc,stats    ]    Subphase: Concurrent Classes Purge                      0.020 / 0.054         0.363 / 21.494        0.363 / 21.494        0.363 / 21.494      ms
[120.160s][info][gc,stats    ]    Subphase: Concurrent Classes Unlink                     2.057 / 4.846         1.447 / 37.314        1.447 / 37.314        1.447 / 37.314      ms
[120.160s][info][gc,stats    ]    Subphase: Concurrent Mark                              52.169 / 108.207      84.500 / 325.823      84.500 / 325.823      84.500 / 325.823     ms
[120.160s][info][gc,stats    ]    Subphase: Concurrent Mark Try Flush                     9.830 / 62.473        5.923 / 84.361        5.923 / 84.361        5.923 / 84.361      ms
[120.160s][info][gc,stats    ]    Subphase: Concurrent Mark Try Terminate                12.177 / 15.692       11.058 / 78.096       11.058 / 78.096       11.058 / 78.096      ms
[120.160s][info][gc,stats    ]    Subphase: Concurrent References Enqueue                 0.004 / 0.005         0.002 / 0.011         0.002 / 0.011         0.002 / 0.011       ms
[120.160s][info][gc,stats    ]    Subphase: Concurrent References Process                 0.037 / 0.038         0.063 / 0.519         0.063 / 0.519         0.063 / 0.519       ms
[120.161s][info][gc,stats    ]    Subphase: Concurrent Roots ClassLoaderDataGraph         0.035 / 0.374         0.046 / 1.367         0.046 / 1.367         0.046 / 1.367       ms
[120.161s][info][gc,stats    ]    Subphase: Concurrent Roots CodeCache                    0.000 / 0.000         0.000 / 0.000         0.000 / 0.000         0.000 / 0.000       ms
[120.161s][info][gc,stats    ]    Subphase: Concurrent Roots JavaThreads                  0.652 / 1.101         4.836 / 275.651       4.836 / 275.651       4.836 / 275.651     ms
[120.161s][info][gc,stats    ]    Subphase: Concurrent Roots OopStorageSet                0.018 / 0.076         0.049 / 2.056         0.049 / 2.056         0.049 / 2.056       ms
[120.161s][info][gc,stats    ]    Subphase: Concurrent Weak Roots OopStorageSet           0.140 / 0.179         0.114 / 0.601         0.114 / 0.601         0.114 / 0.601       ms
[120.161s][info][gc,stats    ]    Subphase: Pause Mark Try Complete                       0.000 / 0.000         0.000 / 0.000         0.000 / 0.000         0.000 / 0.000       ms
[120.161s][info][gc,stats    ]      System: Java Threads                                     62 / 62               62 / 74               62 / 74               62 / 74          threads
[120.161s][info][gc,stats    ] =========================================================================================================================================================
[120.221s][info][gc,phases   ] GC(75) Concurrent Mark 61.894ms
[120.221s][info][gc,phases   ] GC(75) Pause Mark End 0.017ms
[120.221s][info][gc,phases   ] GC(75) Concurrent Mark Free 0.001ms
[120.222s][info][gc,phases   ] GC(75) Concurrent Process Non-Strong References 0.735ms
[120.222s][info][gc,phases   ] GC(75) Concurrent Reset Relocation Set 0.007ms
[120.230s][info][gc,phases   ] GC(75) Concurrent Select Relocation Set 8.178ms
[120.231s][info][gc,phases   ] GC(75) Pause Relocate Start 0.006ms
[120.236s][info][gc,phases   ] GC(75) Concurrent Relocate 5.340ms
[120.236s][info][gc,load     ] GC(75) Load: 0.00/0.00/0.00
[120.236s][info][gc,mmu      ] GC(75) MMU: 2ms/94.9%, 5ms/98.0%, 10ms/99.0%, 20ms/99.5%, 50ms/99.7%, 100ms/99.9%
[120.236s][info][gc,marking  ] GC(75) Mark: 8 stripe(s), 2 proactive flush(es), 1 terminate flush(es), 0 completion(s), 0 continuation(s) 
[120.236s][info][gc,marking  ] GC(75) Mark Stack Usage: 32M
[120.236s][info][gc,nmethod  ] GC(75) NMethods: 2501 registered, 130 unregistered
[120.236s][info][gc,metaspace] GC(75) Metaspace: 16M used, 16M committed, 1088M reserved
[120.236s][info][gc,ref      ] GC(75) Soft: 171 encountered, 0 discovered, 0 enqueued
[120.236s][info][gc,ref      ] GC(75) Weak: 991 encountered, 291 discovered, 0 enqueued
[120.236s][info][gc,ref      ] GC(75) Final: 0 encountered, 0 discovered, 0 enqueued
[120.236s][info][gc,ref      ] GC(75) Phantom: 35 encountered, 16 discovered, 0 enqueued
[120.236s][info][gc,reloc    ] GC(75) Small Pages: 133 / 266M, Empty: 0M, Relocated: 10M, In-Place: 0
[120.236s][info][gc,reloc    ] GC(75) Medium Pages: 1 / 32M, Empty: 0M, Relocated: 0M, In-Place: 0
[120.236s][info][gc,reloc    ] GC(75) Large Pages: 0 / 0M, Empty: 0M, Relocated: 0M, In-Place: 0
[120.236s][info][gc,reloc    ] GC(75) Forwarding Usage: 6M
[120.236s][info][gc,heap     ] GC(75) Min Capacity: 8M(0%)
[120.236s][info][gc,heap     ] GC(75) Max Capacity: 4096M(100%)
[120.236s][info][gc,heap     ] GC(75) Soft Max Capacity: 4096M(100%)
[120.236s][info][gc,heap     ] GC(75)                Mark Start          Mark End        Relocate Start      Relocate End           High               Low         
[120.236s][info][gc,heap     ] GC(75)  Capacity:     4096M (100%)       4096M (100%)       4096M (100%)       4096M (100%)       4096M (100%)       4096M (100%)   
[120.237s][info][gc,heap     ] GC(75)      Free:     3798M (93%)        3728M (91%)        3718M (91%)        3748M (92%)        3798M (93%)        3692M (90%)    
[120.237s][info][gc,heap     ] GC(75)      Used:      298M (7%)          368M (9%)          378M (9%)          348M (8%)          404M (10%)         298M (7%)     
[120.237s][info][gc,heap     ] GC(75)      Live:         -               160M (4%)          160M (4%)          160M (4%)             -                  -          
[120.237s][info][gc,heap     ] GC(75) Allocated:         -                70M (2%)           80M (2%)           89M (2%)             -                  -          
[120.237s][info][gc,heap     ] GC(75)   Garbage:         -               137M (3%)          137M (3%)           97M (2%)             -                  -          
[120.237s][info][gc,heap     ] GC(75) Reclaimed:         -                  -                 0M (0%)           39M (1%)             -                  -          
[120.237s][info][gc          ] GC(75) Garbage Collection (Allocation Rate) 298M(7%)->348M(8%)
[120.252s][info][gc,start    ] GC(76) Garbage Collection (Allocation Rate)
[120.252s][info][gc,task     ] GC(76) Using 12 workers
[120.253s][info][gc,phases   ] GC(76) Pause Mark Start 0.011ms
[120.315s][info][gc,phases   ] GC(76) Concurrent Mark 62.139ms
[120.315s][info][gc,phases   ] GC(76) Pause Mark End 0.017ms
[120.315s][info][gc,phases   ] GC(76) Concurrent Mark Free 0.001ms
[120.316s][info][gc,phases   ] GC(76) Concurrent Process Non-Strong References 0.617ms
[120.316s][info][gc,phases   ] GC(76) Concurrent Reset Relocation Set 0.003ms
[120.323s][info][gc,phases   ] GC(76) Concurrent Select Relocation Set 7.081ms
[120.323s][info][gc,phases   ] GC(76) Pause Relocate Start 0.008ms
[120.326s][info][gc,phases   ] GC(76) Concurrent Relocate 3.517ms
[120.327s][info][gc,load     ] GC(76) Load: 0.00/0.00/0.00
[120.327s][info][gc,mmu      ] GC(76) MMU: 2ms/94.9%, 5ms/98.0%, 10ms/99.0%, 20ms/99.5%, 50ms/99.7%, 100ms/99.9%
[120.327s][info][gc,marking  ] GC(76) Mark: 8 stripe(s), 3 proactive flush(es), 1 terminate flush(es), 0 completion(s), 0 continuation(s) 
[120.327s][info][gc,marking  ] GC(76) Mark Stack Usage: 32M
[120.327s][info][gc,nmethod  ] GC(76) NMethods: 2501 registered, 130 unregistered
[120.327s][info][gc,metaspace] GC(76) Metaspace: 16M used, 16M committed, 1088M reserved
[120.327s][info][gc,ref      ] GC(76) Soft: 171 encountered, 0 discovered, 0 enqueued
[120.327s][info][gc,ref      ] GC(76) Weak: 991 encountered, 173 discovered, 0 enqueued
[120.327s][info][gc,ref      ] GC(76) Final: 0 encountered, 0 discovered, 0 enqueued
[120.327s][info][gc,ref      ] GC(76) Phantom: 35 encountered, 24 discovered, 0 enqueued
[120.327s][info][gc,reloc    ] GC(76) Small Pages: 168 / 336M, Empty: 2M, Relocated: 10M, In-Place: 0
[120.327s][info][gc,reloc    ] GC(76) Medium Pages: 1 / 32M, Empty: 0M, Relocated: 0M, In-Place: 0
[120.327s][info][gc,reloc    ] GC(76) Large Pages: 0 / 0M, Empty: 0M, Relocated: 0M, In-Place: 0
[120.327s][info][gc,reloc    ] GC(76) Forwarding Usage: 7M
[120.327s][info][gc,heap     ] GC(76) Min Capacity: 8M(0%)
[120.327s][info][gc,heap     ] GC(76) Max Capacity: 4096M(100%)
[120.327s][info][gc,heap     ] GC(76) Soft Max Capacity: 4096M(100%)
[120.327s][info][gc,heap     ] GC(76)                Mark Start          Mark End        Relocate Start      Relocate End           High               Low         
[120.327s][info][gc,heap     ] GC(76)  Capacity:     4096M (100%)       4096M (100%)       4096M (100%)       4096M (100%)       4096M (100%)       4096M (100%)   
[120.327s][info][gc,heap     ] GC(76)      Free:     3728M (91%)        3642M (89%)        3636M (89%)        3658M (89%)        3728M (91%)        3610M (88%)    
[120.327s][info][gc,heap     ] GC(76)      Used:      368M (9%)          454M (11%)         460M (11%)         438M (11%)         486M (12%)         368M (9%)     
[120.327s][info][gc,heap     ] GC(76)      Live:         -               214M (5%)          214M (5%)          214M (5%)             -                  -          
[120.327s][info][gc,heap     ] GC(76) Allocated:         -                86M (2%)           94M (2%)          103M (3%)             -                  -          
[120.327s][info][gc,heap     ] GC(76)   Garbage:         -               153M (4%)          151M (4%)          119M (3%)             -                  -          
[120.327s][info][gc,heap     ] GC(76) Reclaimed:         -                  -                 2M (0%)           33M (1%)             -                  -          
[120.327s][info][gc          ] GC(76) Garbage Collection (Allocation Rate) 368M(9%)->438M(11%)
[120.346s][info][gc,start    ] GC(77) Garbage Collection (Allocation Rate)
[120.346s][info][gc,task     ] GC(77) Using 12 workers
[120.346s][info][gc,phases   ] GC(77) Pause Mark Start 0.012ms
[120.424s][info][gc,phases   ] GC(77) Concurrent Mark 77.804ms
[120.424s][info][gc,phases   ] GC(77) Pause Mark End 0.017ms
[120.424s][info][gc,phases   ] GC(77) Concurrent Mark Free 0.001ms
[120.425s][info][gc,phases   ] GC(77) Concurrent Process Non-Strong References 0.614ms
[120.425s][info][gc,phases   ] GC(77) Concurrent Reset Relocation Set 0.003ms
[120.433s][info][gc,phases   ] GC(77) Concurrent Select Relocation Set 7.867ms
[120.433s][info][gc,phases   ] GC(77) Pause Relocate Start 0.007ms
[120.438s][info][gc,phases   ] GC(77) Concurrent Relocate 4.930ms
[120.438s][info][gc,load     ] GC(77) Load: 0.00/0.00/0.00
[120.438s][info][gc,mmu      ] GC(77) MMU: 2ms/94.9%, 5ms/98.0%, 10ms/99.0%, 20ms/99.5%, 50ms/99.7%, 100ms/99.9%
[120.438s][info][gc,marking  ] GC(77) Mark: 8 stripe(s), 3 proactive flush(es), 1 terminate flush(es), 0 completion(s), 0 continuation(s) 
[120.438s][info][gc,marking  ] GC(77) Mark Stack Usage: 32M
[120.438s][info][gc,nmethod  ] GC(77) NMethods: 2501 registered, 130 unregistered
[120.438s][info][gc,metaspace] GC(77) Metaspace: 16M used, 16M committed, 1088M reserved
[120.438s][info][gc,ref      ] GC(77) Soft: 171 encountered, 0 discovered, 0 enqueued
[120.438s][info][gc,ref      ] GC(77) Weak: 991 encountered, 162 discovered, 0 enqueued
[120.438s][info][gc,ref      ] GC(77) Final: 0 encountered, 0 discovered, 0 enqueued
[120.438s][info][gc,ref      ] GC(77) Phantom: 35 encountered, 23 discovered, 0 enqueued
[120.438s][info][gc,reloc    ] GC(77) Small Pages: 213 / 426M, Empty: 0M, Relocated: 12M, In-Place: 0
[120.438s][info][gc,reloc    ] GC(77) Medium Pages: 1 / 32M, Empty: 0M, Relocated: 0M, In-Place: 0
[120.438s][info][gc,reloc    ] GC(77) Large Pages: 0 / 0M, Empty: 0M, Relocated: 0M, In-Place: 0
[120.438s][info][gc,reloc    ] GC(77) Forwarding Usage: 8M
[120.438s][info][gc,heap     ] GC(77) Min Capacity: 8M(0%)
[120.438s][info][gc,heap     ] GC(77) Max Capacity: 4096M(100%)
[120.438s][info][gc,heap     ] GC(77) Soft Max Capacity: 4096M(100%)
[120.438s][info][gc,heap     ] GC(77)                Mark Start          Mark End        Relocate Start      Relocate End           High               Low         
[120.438s][info][gc,heap     ] GC(77)  Capacity:     4096M (100%)       4096M (100%)       4096M (100%)       4096M (100%)       4096M (100%)       4096M (100%)   
[120.438s][info][gc,heap     ] GC(77)      Free:     3638M (89%)        3532M (86%)        3522M (86%)        3552M (87%)        3638M (89%)        3498M (85%)    
[120.438s][info][gc,heap     ] GC(77)      Used:      458M (11%)         564M (14%)         574M (14%)         544M (13%)         598M (15%)         458M (11%)    
[120.438s][info][gc,heap     ] GC(77)      Live:         -               276M (7%)          276M (7%)          276M (7%)             -                  -          
[120.438s][info][gc,heap     ] GC(77) Allocated:         -               106M (3%)          116M (3%)          125M (3%)             -                  -          
[120.438s][info][gc,heap     ] GC(77)   Garbage:         -               181M (4%)          181M (4%)          141M (3%)             -                  -          
[120.439s][info][gc,heap     ] GC(77) Reclaimed:         -                  -                 0M (0%)           39M (1%)             -                  -          
[120.439s][info][gc          ] GC(77) Garbage Collection (Allocation Rate) 458M(11%)->544M(13%)
[120.455s][info][gc,start    ] GC(78) Garbage Collection (Allocation Rate)
[120.456s][info][gc,task     ] GC(78) Using 12 workers
[120.456s][info][gc,phases   ] GC(78) Pause Mark Start 0.012ms
[120.565s][info][gc,phases   ] GC(78) Concurrent Mark 109.103ms
[120.565s][info][gc,phases   ] GC(78) Pause Mark End 0.021ms
[120.565s][info][gc,phases   ] GC(78) Concurrent Mark Free 0.001ms
[120.566s][info][gc,phases   ] GC(78) Concurrent Process Non-Strong References 0.681ms
[120.566s][info][gc,phases   ] GC(78) Concurrent Reset Relocation Set 0.007ms
[120.580s][info][gc,phases   ] GC(78) Concurrent Select Relocation Set 14.575ms
[120.581s][info][gc,phases   ] GC(78) Pause Relocate Start 0.011ms
[120.588s][info][gc,phases   ] GC(78) Concurrent Relocate 6.876ms
[120.588s][info][gc,load     ] GC(78) Load: 0.00/0.00/0.00
[120.588s][info][gc,mmu      ] GC(78) MMU: 2ms/94.9%, 5ms/98.0%, 10ms/99.0%, 20ms/99.5%, 50ms/99.7%, 100ms/99.9%
[120.588s][info][gc,marking  ] GC(78) Mark: 8 stripe(s), 2 proactive flush(es), 1 terminate flush(es), 0 completion(s), 0 continuation(s) 
[120.588s][info][gc,marking  ] GC(78) Mark Stack Usage: 32M
[120.588s][info][gc,nmethod  ] GC(78) NMethods: 2501 registered, 130 unregistered
[120.588s][info][gc,metaspace] GC(78) Metaspace: 16M used, 16M committed, 1088M reserved
[120.588s][info][gc,ref      ] GC(78) Soft: 171 encountered, 0 discovered, 0 enqueued
[120.588s][info][gc,ref      ] GC(78) Weak: 991 encountered, 127 discovered, 0 enqueued
[120.588s][info][gc,ref      ] GC(78) Final: 0 encountered, 0 discovered, 0 enqueued
[120.588s][info][gc,ref      ] GC(78) Phantom: 35 encountered, 23 discovered, 0 enqueued
[120.588s][info][gc,reloc    ] GC(78) Small Pages: 267 / 534M, Empty: 2M, Relocated: 13M, In-Place: 0
[120.588s][info][gc,reloc    ] GC(78) Medium Pages: 1 / 32M, Empty: 0M, Relocated: 0M, In-Place: 0
[120.588s][info][gc,reloc    ] GC(78) Large Pages: 0 / 0M, Empty: 0M, Relocated: 0M, In-Place: 0
[120.588s][info][gc,reloc    ] GC(78) Forwarding Usage: 9M
[120.588s][info][gc,heap     ] GC(78) Min Capacity: 8M(0%)
[120.588s][info][gc,heap     ] GC(78) Max Capacity: 4096M(100%)
[120.588s][info][gc,heap     ] GC(78) Soft Max Capacity: 4096M(100%)
[120.588s][info][gc,heap     ] GC(78)                Mark Start          Mark End        Relocate Start      Relocate End           High               Low         
[120.588s][info][gc,heap     ] GC(78)  Capacity:     4096M (100%)       4096M (100%)       4096M (100%)       4096M (100%)       4096M (100%)       4096M (100%)   
[120.588s][info][gc,heap     ] GC(78)      Free:     3530M (86%)        3410M (83%)        3392M (83%)        3406M (83%)        3530M (86%)        3368M (82%)    
[120.588s][info][gc,heap     ] GC(78)      Used:      566M (14%)         686M (17%)         704M (17%)         690M (17%)         728M (18%)         566M (14%)    
[120.588s][info][gc,heap     ] GC(78)      Live:         -               349M (9%)          349M (9%)          349M (9%)             -                  -          
[120.588s][info][gc,heap     ] GC(78) Allocated:         -               120M (3%)          140M (3%)          173M (4%)             -                  -          
[120.588s][info][gc,heap     ] GC(78)   Garbage:         -               216M (5%)          214M (5%)          166M (4%)             -                  -          
[120.588s][info][gc,heap     ] GC(78) Reclaimed:         -                  -                 2M (0%)           49M (1%)             -                  -          
[120.589s][info][gc          ] GC(78) Garbage Collection (Allocation Rate) 566M(14%)->690M(17%)
[120.955s][info][gc,start    ] GC(79) Garbage Collection (Allocation Rate)
[120.955s][info][gc,task     ] GC(79) Using 12 workers
[120.956s][info][gc,phases   ] GC(79) Pause Mark Start 0.015ms
[121.127s][info][gc,phases   ] GC(79) Concurrent Mark 171.483ms
[121.127s][info][gc,phases   ] GC(79) Pause Mark End 0.023ms
[121.127s][info][gc,phases   ] GC(79) Concurrent Mark Free 0.001ms
[121.128s][info][gc,phases   ] GC(79) Concurrent Process Non-Strong References 0.724ms
[121.128s][info][gc,phases   ] GC(79) Concurrent Reset Relocation Set 0.009ms
[121.145s][info][gc,phases   ] GC(79) Concurrent Select Relocation Set 16.355ms
[121.145s][info][gc,phases   ] GC(79) Pause Relocate Start 0.009ms
[121.166s][info][gc,phases   ] GC(79) Concurrent Relocate 21.077ms
[121.166s][info][gc,load     ] GC(79) Load: 0.00/0.00/0.00
[121.166s][info][gc,mmu      ] GC(79) MMU: 2ms/94.9%, 5ms/98.0%, 10ms/99.0%, 20ms/99.5%, 50ms/99.7%, 100ms/99.9%
[121.166s][info][gc,marking  ] GC(79) Mark: 8 stripe(s), 3 proactive flush(es), 1 terminate flush(es), 0 completion(s), 0 continuation(s) 
[121.166s][info][gc,marking  ] GC(79) Mark Stack Usage: 32M
[121.166s][info][gc,nmethod  ] GC(79) NMethods: 2501 registered, 130 unregistered
[121.166s][info][gc,metaspace] GC(79) Metaspace: 16M used, 16M committed, 1088M reserved
[121.166s][info][gc,ref      ] GC(79) Soft: 171 encountered, 0 discovered, 0 enqueued
[121.166s][info][gc,ref      ] GC(79) Weak: 990 encountered, 103 discovered, 9 enqueued
[121.166s][info][gc,ref      ] GC(79) Final: 0 encountered, 0 discovered, 0 enqueued
[121.166s][info][gc,ref      ] GC(79) Phantom: 35 encountered, 26 discovered, 0 enqueued
[121.166s][info][gc,reloc    ] GC(79) Small Pages: 500 / 1000M, Empty: 2M, Relocated: 62M, In-Place: 0
[121.166s][info][gc,reloc    ] GC(79) Medium Pages: 2 / 64M, Empty: 0M, Relocated: 3M, In-Place: 0
[121.166s][info][gc,reloc    ] GC(79) Large Pages: 0 / 0M, Empty: 0M, Relocated: 0M, In-Place: 0
[121.166s][info][gc,reloc    ] GC(79) Forwarding Usage: 33M
[121.166s][info][gc,heap     ] GC(79) Min Capacity: 8M(0%)
[121.166s][info][gc,heap     ] GC(79) Max Capacity: 4096M(100%)
[121.166s][info][gc,heap     ] GC(79) Soft Max Capacity: 4096M(100%)
[121.166s][info][gc,heap     ] GC(79)                Mark Start          Mark End        Relocate Start      Relocate End           High               Low         
[121.166s][info][gc,heap     ] GC(79)  Capacity:     4096M (100%)       4096M (100%)       4096M (100%)       4096M (100%)       4096M (100%)       4096M (100%)   
[121.166s][info][gc,heap     ] GC(79)      Free:     3032M (74%)        2920M (71%)        2916M (71%)        3110M (76%)        3110M (76%)        2810M (69%)    
[121.166s][info][gc,heap     ] GC(79)      Used:     1064M (26%)        1176M (29%)        1180M (29%)         986M (24%)        1286M (31%)         986M (24%)    
[121.166s][info][gc,heap     ] GC(79)      Live:         -               603M (15%)         603M (15%)         603M (15%)            -                  -          
[121.166s][info][gc,heap     ] GC(79) Allocated:         -               112M (3%)          118M (3%)          152M (4%)             -                  -          
[121.166s][info][gc,heap     ] GC(79)   Garbage:         -               460M (11%)         458M (11%)         230M (6%)             -                  -          
[121.166s][info][gc,heap     ] GC(79) Reclaimed:         -                  -                 2M (0%)          230M (6%)             -                  -          
[121.166s][info][gc          ] GC(79) Garbage Collection (Allocation Rate) 1064M(26%)->986M(24%)
[121.247s][info][gc,start    ] GC(80) Garbage Collection (Allocation Rate)
[121.247s][info][gc,task     ] GC(80) Using 12 workers
[121.247s][info][gc,phases   ] GC(80) Pause Mark Start 0.013ms
[121.278s][info][gc,phases   ] GC(80) Concurrent Mark 30.831ms
[121.278s][info][gc,phases   ] GC(80) Pause Mark End 0.019ms
[121.278s][info][gc,phases   ] GC(80) Concurrent Mark Free 0.001ms
[121.279s][info][gc,phases   ] GC(80) Concurrent Process Non-Strong References 0.965ms
[121.279s][info][gc,phases   ] GC(80) Concurrent Reset Relocation Set 0.025ms
[121.288s][info][gc,phases   ] GC(80) Concurrent Select Relocation Set 9.325ms
[121.289s][info][gc,phases   ] GC(80) Pause Relocate Start 0.006ms
[121.291s][info][gc,phases   ] GC(80) Concurrent Relocate 2.702ms
[121.292s][info][gc,load     ] GC(80) Load: 0.00/0.00/0.00
[121.292s][info][gc,mmu      ] GC(80) MMU: 2ms/94.9%, 5ms/98.0%, 10ms/99.0%, 20ms/99.5%, 50ms/99.7%, 100ms/99.9%
[121.292s][info][gc,marking  ] GC(80) Mark: 8 stripe(s), 3 proactive flush(es), 1 terminate flush(es), 0 completion(s), 0 continuation(s) 
[121.292s][info][gc,marking  ] GC(80) Mark Stack Usage: 32M
[121.292s][info][gc,nmethod  ] GC(80) NMethods: 2502 registered, 130 unregistered
[121.292s][info][gc,metaspace] GC(80) Metaspace: 16M used, 16M committed, 1088M reserved
[121.292s][info][gc,ref      ] GC(80) Soft: 171 encountered, 0 discovered, 0 enqueued
[121.292s][info][gc,ref      ] GC(80) Weak: 991 encountered, 121 discovered, 3 enqueued
[121.292s][info][gc,ref      ] GC(80) Final: 0 encountered, 0 discovered, 0 enqueued
[121.292s][info][gc,ref      ] GC(80) Phantom: 35 encountered, 23 discovered, 0 enqueued
[121.292s][info][gc,reloc    ] GC(80) Small Pages: 478 / 956M, Empty: 810M, Relocated: 5M, In-Place: 0
[121.292s][info][gc,reloc    ] GC(80) Medium Pages: 1 / 32M, Empty: 32M, Relocated: 0M, In-Place: 0
[121.292s][info][gc,reloc    ] GC(80) Large Pages: 0 / 0M, Empty: 0M, Relocated: 0M, In-Place: 0
[121.292s][info][gc,reloc    ] GC(80) Forwarding Usage: 1M
[121.292s][info][gc,heap     ] GC(80) Min Capacity: 8M(0%)
[121.292s][info][gc,heap     ] GC(80) Max Capacity: 4096M(100%)
[121.292s][info][gc,heap     ] GC(80) Soft Max Capacity: 4096M(100%)
[121.292s][info][gc,heap     ] GC(80)                Mark Start          Mark End        Relocate Start      Relocate End           High               Low         
[121.292s][info][gc,heap     ] GC(80)  Capacity:     4096M (100%)       4096M (100%)       4096M (100%)       4096M (100%)       4096M (100%)       4096M (100%)   
[121.292s][info][gc,heap     ] GC(80)      Free:     3108M (76%)        3100M (76%)        3940M (96%)        4006M (98%)        4006M (98%)        3100M (76%)    
[121.292s][info][gc,heap     ] GC(80)      Used:      988M (24%)         996M (24%)         156M (4%)           90M (2%)          996M (24%)          90M (2%)     
[121.292s][info][gc,heap     ] GC(80)      Live:         -                28M (1%)           28M (1%)           28M (1%)             -                  -          
[121.292s][info][gc,heap     ] GC(80) Allocated:         -                 8M (0%)           10M (0%)           37M (1%)             -                  -          
[121.292s][info][gc,heap     ] GC(80)   Garbage:         -               959M (23%)         117M (3%)           23M (1%)             -                  -          
[121.292s][info][gc,heap     ] GC(80) Reclaimed:         -                  -               842M (21%)         935M (23%)            -                  -          
[121.292s][info][gc          ] GC(80) Garbage Collection (Allocation Rate) 988M(24%)->90M(2%)
[121.352s][info][gc,start    ] GC(81) Garbage Collection (Allocation Rate)
[121.352s][info][gc,task     ] GC(81) Using 12 workers
[121.352s][info][gc,phases   ] GC(81) Pause Mark Start 0.013ms
[121.366s][info][gc,phases   ] GC(81) Concurrent Mark 13.953ms
[121.366s][info][gc,phases   ] GC(81) Pause Mark End 0.021ms
[121.366s][info][gc,phases   ] GC(81) Concurrent Mark Free 0.001ms
[121.367s][info][gc,phases   ] GC(81) Concurrent Process Non-Strong References 1.061ms
[121.367s][info][gc,phases   ] GC(81) Concurrent Reset Relocation Set 0.007ms
[121.374s][info][gc,phases   ] GC(81) Concurrent Select Relocation Set 6.698ms
[121.374s][info][gc,phases   ] GC(81) Pause Relocate Start 0.007ms
[121.376s][info][gc,phases   ] GC(81) Concurrent Relocate 1.537ms
[121.376s][info][gc,load     ] GC(81) Load: 0.00/0.00/0.00
[121.376s][info][gc,mmu      ] GC(81) MMU: 2ms/94.9%, 5ms/98.0%, 10ms/99.0%, 20ms/99.5%, 50ms/99.7%, 100ms/99.9%
[121.376s][info][gc,marking  ] GC(81) Mark: 8 stripe(s), 3 proactive flush(es), 1 terminate flush(es), 0 completion(s), 0 continuation(s) 
[121.376s][info][gc,marking  ] GC(81) Mark Stack Usage: 32M
[121.376s][info][gc,nmethod  ] GC(81) NMethods: 2502 registered, 130 unregistered
[121.376s][info][gc,metaspace] GC(81) Metaspace: 16M used, 16M committed, 1088M reserved
[121.376s][info][gc,ref      ] GC(81) Soft: 171 encountered, 0 discovered, 0 enqueued
[121.376s][info][gc,ref      ] GC(81) Weak: 988 encountered, 24 discovered, 0 enqueued
[121.376s][info][gc,ref      ] GC(81) Final: 0 encountered, 0 discovered, 0 enqueued
[121.376s][info][gc,ref      ] GC(81) Phantom: 35 encountered, 24 discovered, 0 enqueued
[121.376s][info][gc,reloc    ] GC(81) Small Pages: 49 / 98M, Empty: 4M, Relocated: 6M, In-Place: 0
[121.376s][info][gc,reloc    ] GC(81) Medium Pages: 0 / 0M, Empty: 0M, Relocated: 0M, In-Place: 0
[121.376s][info][gc,reloc    ] GC(81) Large Pages: 0 / 0M, Empty: 0M, Relocated: 0M, In-Place: 0
[121.376s][info][gc,reloc    ] GC(81) Forwarding Usage: 1M
[121.376s][info][gc,heap     ] GC(81) Min Capacity: 8M(0%)
[121.376s][info][gc,heap     ] GC(81) Max Capacity: 4096M(100%)
[121.376s][info][gc,heap     ] GC(81) Soft Max Capacity: 4096M(100%)
[121.376s][info][gc,heap     ] GC(81)                Mark Start          Mark End        Relocate Start      Relocate End           High               Low         
[121.377s][info][gc,heap     ] GC(81)  Capacity:     4096M (100%)       4096M (100%)       4096M (100%)       4096M (100%)       4096M (100%)       4096M (100%)   
[121.377s][info][gc,heap     ] GC(81)      Free:     3998M (98%)        3994M (98%)        3996M (98%)        4040M (99%)        4040M (99%)        3982M (97%)    
[121.377s][info][gc,heap     ] GC(81)      Used:       98M (2%)          102M (2%)          100M (2%)           56M (1%)          114M (3%)           56M (1%)     
[121.377s][info][gc,heap     ] GC(81)      Live:         -                28M (1%)           28M (1%)           28M (1%)             -                  -          
[121.377s][info][gc,heap     ] GC(81) Allocated:         -                 4M (0%)            6M (0%)            5M (0%)             -                  -          
[121.377s][info][gc,heap     ] GC(81)   Garbage:         -                69M (2%)           65M (2%)           21M (1%)             -                  -          
[121.377s][info][gc,heap     ] GC(81) Reclaimed:         -                  -                 4M (0%)           47M (1%)             -                  -          
[121.377s][info][gc          ] GC(81) Garbage Collection (Allocation Rate) 98M(2%)->56M(1%)
[130.157s][info][gc,stats    ] === Garbage Collection Statistics =======================================================================================================================
[130.157s][info][gc,stats    ]                                                              Last 10s              Last 10m              Last 10h                Total
[130.157s][info][gc,stats    ]                                                              Avg / Max             Avg / Max             Avg / Max             Avg / Max
[130.157s][info][gc,stats    ]   Collector: Garbage Collection Cycle                     93.649 / 210.681     149.231 / 577.032     149.231 / 577.032     149.231 / 577.032     ms
[130.157s][info][gc,stats    ]  Contention: Mark Segment Reset Contention                     2 / 23                3 / 32                3 / 32                3 / 32          ops/s
[130.157s][info][gc,stats    ]  Contention: Mark SeqNum Reset Contention                      0 / 2                 0 / 5                 0 / 5                 0 / 5           ops/s
[130.157s][info][gc,stats    ]    Critical: Allocation Stall                                  0 / 0                 0 / 45                0 / 45                0 / 45          ops/s
[130.157s][info][gc,stats    ]    Critical: Allocation Stall                              0.000 / 0.000        10.134 / 30.751       10.134 / 30.751       10.134 / 30.751      ms
[130.157s][info][gc,stats    ]    Critical: GC Locker Stall                                   0 / 0                 0 / 0                 0 / 0                 0 / 0           ops/s
[130.157s][info][gc,stats    ]    Critical: GC Locker Stall                               0.000 / 0.000         0.000 / 0.000         0.000 / 0.000         0.000 / 0.000       ms
[130.157s][info][gc,stats    ]    Critical: Relocation Stall                                  0 / 0                 0 / 0                 0 / 0                 0 / 0           ops/s
[130.157s][info][gc,stats    ]    Critical: Relocation Stall                              0.000 / 0.000         0.000 / 0.000         0.000 / 0.000         0.000 / 0.000       ms
[130.158s][info][gc,stats    ]      Memory: Allocation Rate                                 369 / 1118            600 / 4884            600 / 4884            600 / 4884        MB/s
[130.158s][info][gc,stats    ]      Memory: Defragment                                        0 / 0                 2 / 64                2 / 64                2 / 64          ops/s
[130.158s][info][gc,stats    ]      Memory: Out Of Memory                                     0 / 0                 0 / 0                 0 / 0                 0 / 0           ops/s
[130.158s][info][gc,stats    ]      Memory: Page Cache Flush                                 12 / 128               7 / 160               7 / 160               7 / 160         MB/s
[130.158s][info][gc,stats    ]      Memory: Page Cache Hit L1                               190 / 584             295 / 2463            295 / 2463            295 / 2463        ops/s
[130.158s][info][gc,stats    ]      Memory: Page Cache Hit L2                                 0 / 0                 0 / 0                 0 / 0                 0 / 0           ops/s
[130.158s][info][gc,stats    ]      Memory: Page Cache Hit L3                                 0 / 2                10 / 525              10 / 525              10 / 525         ops/s
[130.158s][info][gc,stats    ]      Memory: Page Cache Miss                                   0 / 4                 6 / 231               6 / 231               6 / 231         ops/s
[130.158s][info][gc,stats    ]      Memory: Uncommit                                          0 / 0                 0 / 0                 0 / 0                 0 / 0           MB/s
[130.158s][info][gc,stats    ]      Memory: Undo Object Allocation Failed                     0 / 0                 0 / 1                 0 / 1                 0 / 1           ops/s
[130.158s][info][gc,stats    ]      Memory: Undo Object Allocation Succeeded                  3 / 27                5 / 134               5 / 134               5 / 134         ops/s
[130.158s][info][gc,stats    ]      Memory: Undo Page Allocation                              0 / 2                 2 / 104               2 / 104               2 / 104         ops/s
[130.158s][info][gc,stats    ]       Phase: Concurrent Mark                              75.315 / 171.483      87.596 / 327.081      87.596 / 327.081      87.596 / 327.081     ms
[130.158s][info][gc,stats    ]       Phase: Concurrent Mark Continue                      0.000 / 0.000         0.000 / 0.000         0.000 / 0.000         0.000 / 0.000       ms
[130.158s][info][gc,stats    ]       Phase: Concurrent Mark Free                          0.001 / 0.001         0.001 / 0.004         0.001 / 0.004         0.001 / 0.004       ms
[130.158s][info][gc,stats    ]       Phase: Concurrent Process Non-Strong References      0.771 / 1.061         5.704 / 72.793        5.704 / 72.793        5.704 / 72.793      ms
[130.158s][info][gc,stats    ]       Phase: Concurrent Relocate                           6.568 / 21.077       10.533 / 105.412      10.533 / 105.412      10.533 / 105.412     ms
[130.158s][info][gc,stats    ]       Phase: Concurrent Reset Relocation Set               0.009 / 0.025         0.021 / 0.192         0.021 / 0.192         0.021 / 0.192       ms
[130.158s][info][gc,stats    ]       Phase: Concurrent Select Relocation Set             10.011 / 16.355       20.421 / 148.744      20.421 / 148.744      20.421 / 148.744     ms
[130.158s][info][gc,stats    ]       Phase: Pause Mark End                                0.019 / 0.023         0.021 / 0.034         0.021 / 0.034         0.021 / 0.034       ms
[130.158s][info][gc,stats    ]       Phase: Pause Mark Start                              0.013 / 0.017         0.016 / 0.101         0.016 / 0.101         0.016 / 0.101       ms
[130.158s][info][gc,stats    ]       Phase: Pause Relocate Start                          0.008 / 0.011         0.008 / 0.020         0.008 / 0.020         0.008 / 0.020       ms
[130.158s][info][gc,stats    ]    Subphase: Concurrent Classes Purge                      0.006 / 0.014         0.332 / 21.494        0.332 / 21.494        0.332 / 21.494      ms
[130.158s][info][gc,stats    ]    Subphase: Concurrent Classes Unlink                     0.534 / 0.751         1.369 / 37.314        1.369 / 37.314        1.369 / 37.314      ms
[130.158s][info][gc,stats    ]    Subphase: Concurrent Mark                              73.534 / 170.347      83.514 / 325.823      83.514 / 325.823      83.514 / 325.823     ms
[130.158s][info][gc,stats    ]    Subphase: Concurrent Mark Try Flush                     0.066 / 0.135         5.381 / 84.361        5.381 / 84.361        5.381 / 84.361      ms
[130.158s][info][gc,stats    ]    Subphase: Concurrent Mark Try Terminate                 6.930 / 14.230       10.859 / 78.096       10.859 / 78.096       10.859 / 78.096      ms
[130.158s][info][gc,stats    ]    Subphase: Concurrent References Enqueue                 0.001 / 0.004         0.002 / 0.011         0.002 / 0.011         0.002 / 0.011       ms
[130.158s][info][gc,stats    ]    Subphase: Concurrent References Process                 0.027 / 0.034         0.060 / 0.519         0.060 / 0.519         0.060 / 0.519       ms
[130.159s][info][gc,stats    ]    Subphase: Concurrent Roots ClassLoaderDataGraph         0.030 / 0.370         0.044 / 1.367         0.044 / 1.367         0.044 / 1.367       ms
[130.159s][info][gc,stats    ]    Subphase: Concurrent Roots CodeCache                    0.000 / 0.000         0.000 / 0.000         0.000 / 0.000         0.000 / 0.000       ms
[130.159s][info][gc,stats    ]    Subphase: Concurrent Roots JavaThreads                  0.679 / 1.239         4.460 / 275.651       4.460 / 275.651       4.460 / 275.651     ms
[130.159s][info][gc,stats    ]    Subphase: Concurrent Roots OopStorageSet                0.011 / 0.044         0.046 / 2.056         0.046 / 2.056         0.046 / 2.056       ms
[130.159s][info][gc,stats    ]    Subphase: Concurrent Weak Roots OopStorageSet           0.125 / 0.192         0.115 / 0.601         0.115 / 0.601         0.115 / 0.601       ms
[130.159s][info][gc,stats    ]    Subphase: Pause Mark Try Complete                       0.000 / 0.000         0.000 / 0.000         0.000 / 0.000         0.000 / 0.000       ms
[130.159s][info][gc,stats    ]      System: Java Threads                                     62 / 62               62 / 74               62 / 74               62 / 74          threads
[130.159s][info][gc,stats    ] =========================================================================================================================================================
[130.828s][info][gc,start    ] GC(82) Garbage Collection (System.gc())
[130.828s][info][gc,task     ] GC(82) Using 12 workers
[130.828s][info][gc,phases   ] GC(82) Pause Mark Start 0.015ms
[130.840s][info][gc,phases   ] GC(82) Concurrent Mark 12.175ms
[130.840s][info][gc,phases   ] GC(82) Pause Mark End 0.028ms
[130.841s][info][gc,phases   ] GC(82) Concurrent Mark Free 0.001ms
[130.842s][info][gc,phases   ] GC(82) Concurrent Process Non-Strong References 0.995ms
[130.842s][info][gc,phases   ] GC(82) Concurrent Reset Relocation Set 0.003ms
[130.845s][info][gc,phases   ] GC(82) Concurrent Select Relocation Set 3.578ms
[130.845s][info][gc,phases   ] GC(82) Pause Relocate Start 0.009ms
[130.847s][info][gc,phases   ] GC(82) Concurrent Relocate 2.123ms
[130.847s][info][gc,load     ] GC(82) Load: 0.00/0.00/0.00
[130.848s][info][gc,mmu      ] GC(82) MMU: 2ms/94.9%, 5ms/98.0%, 10ms/99.0%, 20ms/99.5%, 50ms/99.7%, 100ms/99.9%
[130.848s][info][gc,marking  ] GC(82) Mark: 8 stripe(s), 2 proactive flush(es), 1 terminate flush(es), 0 completion(s), 0 continuation(s) 
[130.848s][info][gc,marking  ] GC(82) Mark Stack Usage: 32M
[130.848s][info][gc,nmethod  ] GC(82) NMethods: 2503 registered, 130 unregistered
[130.848s][info][gc,metaspace] GC(82) Metaspace: 16M used, 16M committed, 1088M reserved
[130.848s][info][gc,ref      ] GC(82) Soft: 171 encountered, 0 discovered, 0 enqueued
[130.848s][info][gc,ref      ] GC(82) Weak: 994 encountered, 253 discovered, 5 enqueued
[130.848s][info][gc,ref      ] GC(82) Final: 0 encountered, 0 discovered, 0 enqueued
[130.848s][info][gc,ref      ] GC(82) Phantom: 35 encountered, 27 discovered, 0 enqueued
[130.848s][info][gc,reloc    ] GC(82) Small Pages: 1304 / 2608M, Empty: 2526M, Relocated: 6M, In-Place: 0
[130.848s][info][gc,reloc    ] GC(82) Medium Pages: 0 / 0M, Empty: 0M, Relocated: 0M, In-Place: 0
[130.848s][info][gc,reloc    ] GC(82) Large Pages: 2 / 12M, Empty: 12M, Relocated: 0M, In-Place: 0
[130.848s][info][gc,reloc    ] GC(82) Forwarding Usage: 1M
[130.848s][info][gc,heap     ] GC(82) Min Capacity: 8M(0%)
[130.848s][info][gc,heap     ] GC(82) Max Capacity: 4096M(100%)
[130.848s][info][gc,heap     ] GC(82) Soft Max Capacity: 4096M(100%)
[130.848s][info][gc,heap     ] GC(82)                Mark Start          Mark End        Relocate Start      Relocate End           High               Low         
[130.848s][info][gc,heap     ] GC(82)  Capacity:     4096M (100%)       4096M (100%)       4096M (100%)       4096M (100%)       4096M (100%)       4096M (100%)   
[130.848s][info][gc,heap     ] GC(82)      Free:     1476M (36%)        1476M (36%)        4014M (98%)        4044M (99%)        4044M (99%)        1476M (36%)    
[130.848s][info][gc,heap     ] GC(82)      Used:     2620M (64%)        2620M (64%)          82M (2%)           52M (1%)         2620M (64%)          52M (1%)     
[130.848s][info][gc,heap     ] GC(82)      Live:         -                30M (1%)           30M (1%)           30M (1%)             -                  -          
[130.848s][info][gc,heap     ] GC(82) Allocated:         -                 0M (0%)            0M (0%)            0M (0%)             -                  -          
[130.848s][info][gc,heap     ] GC(82)   Garbage:         -              2589M (63%)          51M (1%)           21M (1%)             -                  -          
[130.848s][info][gc,heap     ] GC(82) Reclaimed:         -                  -              2538M (62%)        2568M (63%)            -                  -          
[130.848s][info][gc          ] GC(82) Garbage Collection (System.gc()) 2620M(64%)->52M(1%)
[132.848s][info][gc,start    ] GC(83) Garbage Collection (Allocation Rate)
[132.848s][info][gc,task     ] GC(83) Using 12 workers
[132.849s][info][gc,phases   ] GC(83) Pause Mark Start 0.012ms
[133.036s][info][gc,phases   ] GC(83) Concurrent Mark 62.420ms
[133.036s][info][gc,phases   ] GC(83) Pause Mark End 0.022ms
[133.057s][info][gc,phases   ] GC(83) Concurrent Mark Free 0.001ms
[133.067s][info][gc,phases   ] GC(83) Concurrent Process Non-Strong References 10.076ms
[133.067s][info][gc,phases   ] GC(83) Concurrent Reset Relocation Set 0.003ms
[133.101s][info][gc,phases   ] GC(83) Concurrent Select Relocation Set 33.862ms
[133.101s][info][gc,phases   ] GC(83) Pause Relocate Start 0.008ms
[133.131s][info][gc,phases   ] GC(83) Concurrent Relocate 4.514ms
[133.131s][info][gc,load     ] GC(83) Load: 0.00/0.00/0.00
[133.131s][info][gc,mmu      ] GC(83) MMU: 2ms/94.9%, 5ms/98.0%, 10ms/99.0%, 20ms/99.5%, 50ms/99.7%, 100ms/99.9%
[133.131s][info][gc,marking  ] GC(83) Mark: 8 stripe(s), 2 proactive flush(es), 1 terminate flush(es), 0 completion(s), 0 continuation(s) 
[133.131s][info][gc,marking  ] GC(83) Mark Stack Usage: 32M
[133.131s][info][gc,nmethod  ] GC(83) NMethods: 2513 registered, 131 unregistered
[133.132s][info][gc,metaspace] GC(83) Metaspace: 16M used, 16M committed, 1088M reserved
[133.132s][info][gc,ref      ] GC(83) Soft: 171 encountered, 0 discovered, 0 enqueued
[133.132s][info][gc,ref      ] GC(83) Weak: 993 encountered, 143 discovered, 5 enqueued
[133.132s][info][gc,ref      ] GC(83) Final: 0 encountered, 0 discovered, 0 enqueued
[133.132s][info][gc,ref      ] GC(83) Phantom: 35 encountered, 25 discovered, 0 enqueued
[133.132s][info][gc,reloc    ] GC(83) Small Pages: 1247 / 2494M, Empty: 2022M, Relocated: 6M, In-Place: 0
[133.132s][info][gc,reloc    ] GC(83) Medium Pages: 0 / 0M, Empty: 0M, Relocated: 0M, In-Place: 0
[133.132s][info][gc,reloc    ] GC(83) Large Pages: 0 / 0M, Empty: 0M, Relocated: 0M, In-Place: 0
[133.132s][info][gc,reloc    ] GC(83) Forwarding Usage: 2M
[133.132s][info][gc,heap     ] GC(83) Min Capacity: 8M(0%)
[133.132s][info][gc,heap     ] GC(83) Max Capacity: 4096M(100%)
[133.132s][info][gc,heap     ] GC(83) Soft Max Capacity: 4096M(100%)
[133.132s][info][gc,heap     ] GC(83)                Mark Start          Mark End        Relocate Start      Relocate End           High               Low         
[133.132s][info][gc,heap     ] GC(83)  Capacity:     4096M (100%)       4096M (100%)       4096M (100%)       4096M (100%)       4096M (100%)       4096M (100%)   
[133.132s][info][gc,heap     ] GC(83)      Free:     1602M (39%)          68M (2%)         1892M (46%)        2058M (50%)        2064M (50%)          42M (1%)     
[133.132s][info][gc,heap     ] GC(83)      Used:     2494M (61%)        4028M (98%)        2204M (54%)        2038M (50%)        4054M (99%)        2032M (50%)    
[133.132s][info][gc,heap     ] GC(83)      Live:         -                31M (1%)           31M (1%)           31M (1%)             -                  -          
[133.132s][info][gc,heap     ] GC(83) Allocated:         -              1534M (37%)        1732M (42%)        1983M (48%)            -                  -          
[133.132s][info][gc,heap     ] GC(83)   Garbage:         -              2462M (60%)         440M (11%)          22M (1%)             -                  -          
[133.132s][info][gc,heap     ] GC(83) Reclaimed:         -                  -              2022M (49%)        2439M (60%)            -                  -          
[133.132s][info][gc          ] GC(83) Garbage Collection (Allocation Rate) 2494M(61%)->2038M(50%)
[133.145s][info][gc,start    ] GC(84) Garbage Collection (Allocation Rate)
[133.145s][info][gc,task     ] GC(84) Using 12 workers
[133.146s][info][gc,phases   ] GC(84) Pause Mark Start 0.010ms
[133.176s][info][gc,phases   ] GC(84) Concurrent Mark 28.318ms
[133.176s][info][gc,phases   ] GC(84) Pause Mark End 0.022ms
[133.176s][info][gc,phases   ] GC(84) Concurrent Mark Free 0.001ms
[133.177s][info][gc,phases   ] GC(84) Concurrent Process Non-Strong References 0.770ms
[133.177s][info][gc,phases   ] GC(84) Concurrent Reset Relocation Set 0.032ms
[133.180s][info][gc,phases   ] GC(84) Concurrent Select Relocation Set 3.074ms
[133.181s][info][gc,phases   ] GC(84) Pause Relocate Start 0.006ms
[133.182s][info][gc,phases   ] GC(84) Concurrent Relocate 1.741ms
[133.182s][info][gc,load     ] GC(84) Load: 0.00/0.00/0.00
[133.182s][info][gc,mmu      ] GC(84) MMU: 2ms/94.9%, 5ms/98.0%, 10ms/99.0%, 20ms/99.5%, 50ms/99.7%, 100ms/99.9%
[133.182s][info][gc,marking  ] GC(84) Mark: 8 stripe(s), 3 proactive flush(es), 1 terminate flush(es), 0 completion(s), 0 continuation(s) 
[133.182s][info][gc,marking  ] GC(84) Mark Stack Usage: 32M
[133.182s][info][gc,nmethod  ] GC(84) NMethods: 2514 registered, 131 unregistered
[133.182s][info][gc,metaspace] GC(84) Metaspace: 16M used, 16M committed, 1088M reserved
[133.183s][info][gc,ref      ] GC(84) Soft: 171 encountered, 0 discovered, 0 enqueued
[133.183s][info][gc,ref      ] GC(84) Weak: 988 encountered, 38 discovered, 0 enqueued
[133.183s][info][gc,ref      ] GC(84) Final: 0 encountered, 0 discovered, 0 enqueued
[133.183s][info][gc,ref      ] GC(84) Phantom: 35 encountered, 19 discovered, 0 enqueued
[133.183s][info][gc,reloc    ] GC(84) Small Pages: 1078 / 2156M, Empty: 1754M, Relocated: 6M, In-Place: 0
[133.183s][info][gc,reloc    ] GC(84) Medium Pages: 0 / 0M, Empty: 0M, Relocated: 0M, In-Place: 0
[133.183s][info][gc,reloc    ] GC(84) Large Pages: 0 / 0M, Empty: 0M, Relocated: 0M, In-Place: 0
[133.183s][info][gc,reloc    ] GC(84) Forwarding Usage: 2M
[133.183s][info][gc,heap     ] GC(84) Min Capacity: 8M(0%)
[133.183s][info][gc,heap     ] GC(84) Max Capacity: 4096M(100%)
[133.183s][info][gc,heap     ] GC(84) Soft Max Capacity: 4096M(100%)
[133.183s][info][gc,heap     ] GC(84)                Mark Start          Mark End        Relocate Start      Relocate End           High               Low         
[133.183s][info][gc,heap     ] GC(84)  Capacity:     4096M (100%)       4096M (100%)       4096M (100%)       4096M (100%)       4096M (100%)       4096M (100%)   
[133.183s][info][gc,heap     ] GC(84)      Free:     1940M (47%)        1724M (42%)        3474M (85%)        3820M (93%)        3820M (93%)        1722M (42%)    
[133.183s][info][gc,heap     ] GC(84)      Used:     2156M (53%)        2372M (58%)         622M (15%)         276M (7%)         2374M (58%)         276M (7%)     
[133.183s][info][gc,heap     ] GC(84)      Live:         -                31M (1%)           31M (1%)           31M (1%)             -                  -          
[133.183s][info][gc,heap     ] GC(84) Allocated:         -               216M (5%)          220M (5%)          221M (5%)             -                  -          
[133.183s][info][gc,heap     ] GC(84)   Garbage:         -              2124M (52%)         370M (9%)           22M (1%)             -                  -          
[133.183s][info][gc,heap     ] GC(84) Reclaimed:         -                  -              1754M (43%)        2101M (51%)            -                  -          
[133.183s][info][gc          ] GC(84) Garbage Collection (Allocation Rate) 2156M(53%)->276M(7%)
[133.254s][info][gc,start    ] GC(85) Garbage Collection (Allocation Rate)
[133.287s][info][gc,task     ] GC(85) Using 12 workers
[133.288s][info][gc,phases   ] GC(85) Pause Mark Start 0.017ms
[133.348s][info][gc,phases   ] GC(85) Concurrent Mark 60.250ms
[133.348s][info][gc,phases   ] GC(85) Pause Mark End 0.019ms
[133.348s][info][gc,phases   ] GC(85) Concurrent Mark Free 0.001ms
[133.349s][info][gc,phases   ] GC(85) Concurrent Process Non-Strong References 0.749ms
[133.349s][info][gc,phases   ] GC(85) Concurrent Reset Relocation Set 0.023ms
[133.354s][info][gc,phases   ] GC(85) Concurrent Select Relocation Set 5.090ms
[133.354s][info][gc,phases   ] GC(85) Pause Relocate Start 0.007ms
[133.358s][info][gc,phases   ] GC(85) Concurrent Relocate 3.713ms
[133.358s][info][gc,load     ] GC(85) Load: 0.00/0.00/0.00
[133.358s][info][gc,mmu      ] GC(85) MMU: 2ms/94.9%, 5ms/98.0%, 10ms/99.0%, 20ms/99.5%, 50ms/99.7%, 100ms/99.9%
[133.358s][info][gc,marking  ] GC(85) Mark: 8 stripe(s), 2 proactive flush(es), 1 terminate flush(es), 0 completion(s), 0 continuation(s) 
[133.358s][info][gc,marking  ] GC(85) Mark Stack Usage: 32M
[133.358s][info][gc,nmethod  ] GC(85) NMethods: 2514 registered, 131 unregistered
[133.358s][info][gc,metaspace] GC(85) Metaspace: 16M used, 16M committed, 1088M reserved
[133.358s][info][gc,ref      ] GC(85) Soft: 171 encountered, 0 discovered, 0 enqueued
[133.358s][info][gc,ref      ] GC(85) Weak: 989 encountered, 70 discovered, 0 enqueued
[133.358s][info][gc,ref      ] GC(85) Final: 0 encountered, 0 discovered, 0 enqueued
[133.358s][info][gc,ref      ] GC(85) Phantom: 35 encountered, 21 discovered, 0 enqueued
[133.358s][info][gc,reloc    ] GC(85) Small Pages: 192 / 384M, Empty: 78M, Relocated: 10M, In-Place: 0
[133.358s][info][gc,reloc    ] GC(85) Medium Pages: 1 / 32M, Empty: 0M, Relocated: 0M, In-Place: 0
[133.358s][info][gc,reloc    ] GC(85) Large Pages: 0 / 0M, Empty: 0M, Relocated: 0M, In-Place: 0
[133.358s][info][gc,reloc    ] GC(85) Forwarding Usage: 5M
[133.358s][info][gc,heap     ] GC(85) Min Capacity: 8M(0%)
[133.358s][info][gc,heap     ] GC(85) Max Capacity: 4096M(100%)
[133.358s][info][gc,heap     ] GC(85) Soft Max Capacity: 4096M(100%)
[133.358s][info][gc,heap     ] GC(85)                Mark Start          Mark End        Relocate Start      Relocate End           High               Low         
[133.358s][info][gc,heap     ] GC(85)  Capacity:     4096M (100%)       4096M (100%)       4096M (100%)       4096M (100%)       4096M (100%)       4096M (100%)   
[133.358s][info][gc,heap     ] GC(85)      Free:     3680M (90%)        3576M (87%)        3648M (89%)        3736M (91%)        3736M (91%)        3574M (87%)    
[133.358s][info][gc,heap     ] GC(85)      Used:      416M (10%)         520M (13%)         448M (11%)         360M (9%)          522M (13%)         360M (9%)     
[133.358s][info][gc,heap     ] GC(85)      Live:         -               150M (4%)          150M (4%)          150M (4%)             -                  -          
[133.358s][info][gc,heap     ] GC(85) Allocated:         -               104M (3%)          110M (3%)          115M (3%)             -                  -          
[133.358s][info][gc,heap     ] GC(85)   Garbage:         -               265M (6%)          187M (5%)           93M (2%)             -                  -          
[133.358s][info][gc,heap     ] GC(85) Reclaimed:         -                  -                78M (2%)          171M (4%)             -                  -          
[133.359s][info][gc          ] GC(85) Garbage Collection (Allocation Rate) 416M(10%)->360M(9%)
[133.457s][info][gc,start    ] GC(86) Garbage Collection (Allocation Rate)
[133.458s][info][gc,task     ] GC(86) Using 12 workers
[133.458s][info][gc,phases   ] GC(86) Pause Mark Start 0.016ms
[133.551s][info][gc,phases   ] GC(86) Concurrent Mark 93.307ms
[133.551s][info][gc,phases   ] GC(86) Pause Mark End 0.016ms
[133.551s][info][gc,phases   ] GC(86) Concurrent Mark Free 0.000ms
[133.552s][info][gc,phases   ] GC(86) Concurrent Process Non-Strong References 0.800ms
[133.552s][info][gc,phases   ] GC(86) Concurrent Reset Relocation Set 0.010ms
[133.564s][info][gc,phases   ] GC(86) Concurrent Select Relocation Set 12.204ms
[133.565s][info][gc,phases   ] GC(86) Pause Relocate Start 0.008ms
[133.577s][info][gc,phases   ] GC(86) Concurrent Relocate 11.848ms
[133.577s][info][gc,load     ] GC(86) Load: 0.00/0.00/0.00
[133.577s][info][gc,mmu      ] GC(86) MMU: 2ms/94.9%, 5ms/98.0%, 10ms/99.0%, 20ms/99.5%, 50ms/99.7%, 100ms/99.9%
[133.577s][info][gc,marking  ] GC(86) Mark: 8 stripe(s), 2 proactive flush(es), 1 terminate flush(es), 0 completion(s), 0 continuation(s) 
[133.577s][info][gc,marking  ] GC(86) Mark Stack Usage: 32M
[133.577s][info][gc,nmethod  ] GC(86) NMethods: 2514 registered, 131 unregistered
[133.577s][info][gc,metaspace] GC(86) Metaspace: 16M used, 16M committed, 1088M reserved
[133.577s][info][gc,ref      ] GC(86) Soft: 171 encountered, 0 discovered, 0 enqueued
[133.577s][info][gc,ref      ] GC(86) Weak: 989 encountered, 525 discovered, 0 enqueued
[133.577s][info][gc,ref      ] GC(86) Final: 0 encountered, 0 discovered, 0 enqueued
[133.577s][info][gc,ref      ] GC(86) Phantom: 35 encountered, 19 discovered, 0 enqueued
[133.577s][info][gc,reloc    ] GC(86) Small Pages: 229 / 458M, Empty: 2M, Relocated: 17M, In-Place: 0
[133.577s][info][gc,reloc    ] GC(86) Medium Pages: 1 / 32M, Empty: 0M, Relocated: 0M, In-Place: 0
[133.577s][info][gc,reloc    ] GC(86) Large Pages: 0 / 0M, Empty: 0M, Relocated: 0M, In-Place: 0
[133.577s][info][gc,reloc    ] GC(86) Forwarding Usage: 11M
[133.577s][info][gc,heap     ] GC(86) Min Capacity: 8M(0%)
[133.577s][info][gc,heap     ] GC(86) Max Capacity: 4096M(100%)
[133.577s][info][gc,heap     ] GC(86) Soft Max Capacity: 4096M(100%)
[133.577s][info][gc,heap     ] GC(86)                Mark Start          Mark End        Relocate Start      Relocate End           High               Low         
[133.577s][info][gc,heap     ] GC(86)  Capacity:     4096M (100%)       4096M (100%)       4096M (100%)       4096M (100%)       4096M (100%)       4096M (100%)   
[133.577s][info][gc,heap     ] GC(86)      Free:     3606M (88%)        3458M (84%)        3446M (84%)        3500M (85%)        3606M (88%)        3432M (84%)    
[133.577s][info][gc,heap     ] GC(86)      Used:      490M (12%)         638M (16%)         650M (16%)         596M (15%)         664M (16%)         490M (12%)    
[133.577s][info][gc,heap     ] GC(86)      Live:         -               280M (7%)          280M (7%)          280M (7%)             -                  -          
[133.577s][info][gc,heap     ] GC(86) Allocated:         -               148M (4%)          162M (4%)          181M (4%)             -                  -          
[133.577s][info][gc,heap     ] GC(86)   Garbage:         -               209M (5%)          207M (5%)          133M (3%)             -                  -          
[133.577s][info][gc,heap     ] GC(86) Reclaimed:         -                  -                 2M (0%)           75M (2%)             -                  -          
[133.577s][info][gc          ] GC(86) Garbage Collection (Allocation Rate) 490M(12%)->596M(15%)
[133.645s][info][gc,start    ] GC(87) Garbage Collection (Allocation Rate)
[133.645s][info][gc,task     ] GC(87) Using 12 workers
[133.645s][info][gc,phases   ] GC(87) Pause Mark Start 0.016ms
[133.770s][info][gc,phases   ] GC(87) Concurrent Mark 124.482ms
[133.770s][info][gc,phases   ] GC(87) Pause Mark End 0.017ms
[133.770s][info][gc,phases   ] GC(87) Concurrent Mark Free 0.001ms
[133.771s][info][gc,phases   ] GC(87) Concurrent Process Non-Strong References 0.640ms
[133.771s][info][gc,phases   ] GC(87) Concurrent Reset Relocation Set 0.006ms
[133.773s][info][gc,phases   ] GC(87) Concurrent Select Relocation Set 2.761ms
[133.774s][info][gc,phases   ] GC(87) Pause Relocate Start 0.006ms
[133.779s][info][gc,phases   ] GC(87) Concurrent Relocate 5.038ms
[133.779s][info][gc,load     ] GC(87) Load: 0.00/0.00/0.00
[133.779s][info][gc,mmu      ] GC(87) MMU: 2ms/94.9%, 5ms/98.0%, 10ms/99.0%, 20ms/99.5%, 50ms/99.7%, 100ms/99.9%
[133.779s][info][gc,marking  ] GC(87) Mark: 8 stripe(s), 2 proactive flush(es), 1 terminate flush(es), 0 completion(s), 0 continuation(s) 
[133.779s][info][gc,marking  ] GC(87) Mark Stack Usage: 32M
[133.779s][info][gc,nmethod  ] GC(87) NMethods: 2514 registered, 131 unregistered
[133.779s][info][gc,metaspace] GC(87) Metaspace: 16M used, 16M committed, 1088M reserved
[133.779s][info][gc,ref      ] GC(87) Soft: 171 encountered, 0 discovered, 0 enqueued
[133.779s][info][gc,ref      ] GC(87) Weak: 989 encountered, 57 discovered, 0 enqueued
[133.779s][info][gc,ref      ] GC(87) Final: 0 encountered, 0 discovered, 0 enqueued
[133.779s][info][gc,ref      ] GC(87) Phantom: 35 encountered, 21 discovered, 0 enqueued
[133.779s][info][gc,reloc    ] GC(87) Small Pages: 323 / 646M, Empty: 2M, Relocated: 11M, In-Place: 0
[133.779s][info][gc,reloc    ] GC(87) Medium Pages: 1 / 32M, Empty: 0M, Relocated: 0M, In-Place: 0
[133.779s][info][gc,reloc    ] GC(87) Large Pages: 0 / 0M, Empty: 0M, Relocated: 0M, In-Place: 0
[133.779s][info][gc,reloc    ] GC(87) Forwarding Usage: 8M
[133.779s][info][gc,heap     ] GC(87) Min Capacity: 8M(0%)
[133.779s][info][gc,heap     ] GC(87) Max Capacity: 4096M(100%)
[133.779s][info][gc,heap     ] GC(87) Soft Max Capacity: 4096M(100%)
[133.779s][info][gc,heap     ] GC(87)                Mark Start          Mark End        Relocate Start      Relocate End           High               Low         
[133.779s][info][gc,heap     ] GC(87)  Capacity:     4096M (100%)       4096M (100%)       4096M (100%)       4096M (100%)       4096M (100%)       4096M (100%)   
[133.779s][info][gc,heap     ] GC(87)      Free:     3418M (83%)        3234M (79%)        3230M (79%)        3290M (80%)        3418M (83%)        3212M (78%)    
[133.779s][info][gc,heap     ] GC(87)      Used:      678M (17%)         862M (21%)         866M (21%)         806M (20%)         884M (22%)         678M (17%)    
[133.779s][info][gc,heap     ] GC(87)      Live:         -               421M (10%)         421M (10%)         421M (10%)            -                  -          
[133.779s][info][gc,heap     ] GC(87) Allocated:         -               184M (4%)          190M (5%)          195M (5%)             -                  -          
[133.779s][info][gc,heap     ] GC(87)   Garbage:         -               256M (6%)          254M (6%)          188M (5%)             -                  -          
[133.779s][info][gc,heap     ] GC(87) Reclaimed:         -                  -                 2M (0%)           67M (2%)             -                  -          
[133.779s][info][gc          ] GC(87) Garbage Collection (Allocation Rate) 678M(17%)->806M(20%)
[134.051s][info][gc,start    ] GC(88) Garbage Collection (Allocation Rate)
[134.051s][info][gc,task     ] GC(88) Using 12 workers
[134.051s][info][gc,phases   ] GC(88) Pause Mark Start 0.015ms
[134.238s][info][gc,phases   ] GC(88) Concurrent Mark 187.074ms
[134.239s][info][gc,phases   ] GC(88) Pause Mark End 0.020ms
[134.239s][info][gc,phases   ] GC(88) Concurrent Mark Free 0.001ms
[134.240s][info][gc,phases   ] GC(88) Concurrent Process Non-Strong References 0.812ms
[134.240s][info][gc,phases   ] GC(88) Concurrent Reset Relocation Set 0.014ms
[134.260s][info][gc,phases   ] GC(88) Concurrent Select Relocation Set 19.997ms
[134.260s][info][gc,phases   ] GC(88) Pause Relocate Start 0.012ms
[134.277s][info][gc,phases   ] GC(88) Concurrent Relocate 16.743ms
[134.277s][info][gc,load     ] GC(88) Load: 0.00/0.00/0.00
[134.277s][info][gc,mmu      ] GC(88) MMU: 2ms/94.9%, 5ms/98.0%, 10ms/99.0%, 20ms/99.5%, 50ms/99.7%, 100ms/99.9%
[134.277s][info][gc,marking  ] GC(88) Mark: 8 stripe(s), 3 proactive flush(es), 1 terminate flush(es), 0 completion(s), 0 continuation(s) 
[134.277s][info][gc,marking  ] GC(88) Mark Stack Usage: 32M
[134.277s][info][gc,nmethod  ] GC(88) NMethods: 2514 registered, 131 unregistered
[134.277s][info][gc,metaspace] GC(88) Metaspace: 16M used, 16M committed, 1088M reserved
[134.277s][info][gc,ref      ] GC(88) Soft: 171 encountered, 0 discovered, 0 enqueued
[134.277s][info][gc,ref      ] GC(88) Weak: 988 encountered, 110 discovered, 7 enqueued
[134.277s][info][gc,ref      ] GC(88) Final: 0 encountered, 0 discovered, 0 enqueued
[134.277s][info][gc,ref      ] GC(88) Phantom: 35 encountered, 22 discovered, 0 enqueued
[134.277s][info][gc,reloc    ] GC(88) Small Pages: 490 / 980M, Empty: 2M, Relocated: 38M, In-Place: 0
[134.277s][info][gc,reloc    ] GC(88) Medium Pages: 2 / 64M, Empty: 0M, Relocated: 3M, In-Place: 0
[134.277s][info][gc,reloc    ] GC(88) Large Pages: 0 / 0M, Empty: 0M, Relocated: 0M, In-Place: 0
[134.277s][info][gc,reloc    ] GC(88) Forwarding Usage: 23M
[134.277s][info][gc,heap     ] GC(88) Min Capacity: 8M(0%)
[134.277s][info][gc,heap     ] GC(88) Max Capacity: 4096M(100%)
[134.277s][info][gc,heap     ] GC(88) Soft Max Capacity: 4096M(100%)
[134.277s][info][gc,heap     ] GC(88)                Mark Start          Mark End        Relocate Start      Relocate End           High               Low         
[134.277s][info][gc,heap     ] GC(88)  Capacity:     4096M (100%)       4096M (100%)       4096M (100%)       4096M (100%)       4096M (100%)       4096M (100%)   
[134.277s][info][gc,heap     ] GC(88)      Free:     3052M (75%)        2956M (72%)        2948M (72%)        3076M (75%)        3076M (75%)        2862M (70%)    
[134.277s][info][gc,heap     ] GC(88)      Used:     1044M (25%)        1140M (28%)        1148M (28%)        1020M (25%)        1234M (30%)        1020M (25%)    
[134.277s][info][gc,heap     ] GC(88)      Live:         -               609M (15%)         609M (15%)         609M (15%)            -                  -          
[134.277s][info][gc,heap     ] GC(88) Allocated:         -                96M (2%)          106M (3%)          139M (3%)             -                  -          
[134.277s][info][gc,heap     ] GC(88)   Garbage:         -               434M (11%)         432M (11%)         270M (7%)             -                  -          
[134.277s][info][gc,heap     ] GC(88) Reclaimed:         -                  -                 2M (0%)          163M (4%)             -                  -          
[134.277s][info][gc          ] GC(88) Garbage Collection (Allocation Rate) 1044M(25%)->1020M(25%)
[134.346s][info][gc,start    ] GC(89) Garbage Collection (Allocation Rate)
[134.346s][info][gc,task     ] GC(89) Using 12 workers
[134.346s][info][gc,phases   ] GC(89) Pause Mark Start 0.017ms
[134.377s][info][gc,phases   ] GC(89) Concurrent Mark 30.902ms
[134.378s][info][gc,phases   ] GC(89) Pause Mark End 0.025ms
[134.378s][info][gc,phases   ] GC(89) Concurrent Mark Free 0.001ms
[134.379s][info][gc,phases   ] GC(89) Concurrent Process Non-Strong References 1.029ms
[134.379s][info][gc,phases   ] GC(89) Concurrent Reset Relocation Set 0.023ms
[134.386s][info][gc,phases   ] GC(89) Concurrent Select Relocation Set 7.097ms
[134.386s][info][gc,phases   ] GC(89) Pause Relocate Start 0.008ms
[134.388s][info][gc,phases   ] GC(89) Concurrent Relocate 2.004ms
[134.388s][info][gc,load     ] GC(89) Load: 0.00/0.00/0.00
[134.388s][info][gc,mmu      ] GC(89) MMU: 2ms/94.9%, 5ms/98.0%, 10ms/99.0%, 20ms/99.5%, 50ms/99.7%, 100ms/99.9%
[134.388s][info][gc,marking  ] GC(89) Mark: 8 stripe(s), 5 proactive flush(es), 1 terminate flush(es), 0 completion(s), 0 continuation(s) 
[134.388s][info][gc,marking  ] GC(89) Mark Stack Usage: 32M
[134.388s][info][gc,nmethod  ] GC(89) NMethods: 2514 registered, 131 unregistered
[134.388s][info][gc,metaspace] GC(89) Metaspace: 16M used, 16M committed, 1088M reserved
[134.388s][info][gc,ref      ] GC(89) Soft: 171 encountered, 0 discovered, 0 enqueued
[134.388s][info][gc,ref      ] GC(89) Weak: 988 encountered, 88 discovered, 0 enqueued
[134.388s][info][gc,ref      ] GC(89) Final: 0 encountered, 0 discovered, 0 enqueued
[134.388s][info][gc,ref      ] GC(89) Phantom: 35 encountered, 20 discovered, 0 enqueued
[134.388s][info][gc,reloc    ] GC(89) Small Pages: 486 / 972M, Empty: 868M, Relocated: 5M, In-Place: 0
[134.388s][info][gc,reloc    ] GC(89) Medium Pages: 2 / 64M, Empty: 64M, Relocated: 0M, In-Place: 0
[134.388s][info][gc,reloc    ] GC(89) Large Pages: 0 / 0M, Empty: 0M, Relocated: 0M, In-Place: 0
[134.388s][info][gc,reloc    ] GC(89) Forwarding Usage: 1M
[134.388s][info][gc,heap     ] GC(89) Min Capacity: 8M(0%)
[134.388s][info][gc,heap     ] GC(89) Max Capacity: 4096M(100%)
[134.388s][info][gc,heap     ] GC(89) Soft Max Capacity: 4096M(100%)
[134.388s][info][gc,heap     ] GC(89)                Mark Start          Mark End        Relocate Start      Relocate End           High               Low         
[134.388s][info][gc,heap     ] GC(89)  Capacity:     4096M (100%)       4096M (100%)       4096M (100%)       4096M (100%)       4096M (100%)       4096M (100%)   
[134.388s][info][gc,heap     ] GC(89)      Free:     3060M (75%)        3042M (74%)        3974M (97%)        4016M (98%)        4016M (98%)        3042M (74%)    
[134.388s][info][gc,heap     ] GC(89)      Used:     1036M (25%)        1054M (26%)         122M (3%)           80M (2%)         1054M (26%)          80M (2%)     
[134.388s][info][gc,heap     ] GC(89)      Live:         -                30M (1%)           30M (1%)           30M (1%)             -                  -          
[134.388s][info][gc,heap     ] GC(89) Allocated:         -                18M (0%)           18M (0%)           25M (1%)             -                  -          
[134.389s][info][gc,heap     ] GC(89)   Garbage:         -              1005M (25%)          73M (2%)           23M (1%)             -                  -          
[134.389s][info][gc,heap     ] GC(89) Reclaimed:         -                  -               932M (23%)         981M (24%)            -                  -          
[134.389s][info][gc          ] GC(89) Garbage Collection (Allocation Rate) 1036M(25%)->80M(2%)
[134.455s][info][gc,start    ] GC(90) Garbage Collection (Allocation Rate)
[134.455s][info][gc,task     ] GC(90) Using 12 workers
[134.456s][info][gc,phases   ] GC(90) Pause Mark Start 0.008ms
[134.487s][info][gc,phases   ] GC(90) Concurrent Mark 30.952ms
[134.487s][info][gc,phases   ] GC(90) Pause Mark End 0.018ms
[134.487s][info][gc,phases   ] GC(90) Concurrent Mark Free 0.001ms
[134.488s][info][gc,phases   ] GC(90) Concurrent Process Non-Strong References 1.036ms
[134.488s][info][gc,phases   ] GC(90) Concurrent Reset Relocation Set 0.006ms
[134.492s][info][gc,phases   ] GC(90) Concurrent Select Relocation Set 4.177ms
[134.492s][info][gc,phases   ] GC(90) Pause Relocate Start 0.005ms
[134.494s][info][gc,phases   ] GC(90) Concurrent Relocate 1.705ms
[134.494s][info][gc,load     ] GC(90) Load: 0.00/0.00/0.00
[134.494s][info][gc,mmu      ] GC(90) MMU: 2ms/94.9%, 5ms/98.0%, 10ms/99.0%, 20ms/99.5%, 50ms/99.7%, 100ms/99.9%
[134.494s][info][gc,marking  ] GC(90) Mark: 8 stripe(s), 3 proactive flush(es), 1 terminate flush(es), 0 completion(s), 0 continuation(s) 
[134.494s][info][gc,marking  ] GC(90) Mark Stack Usage: 32M
[134.494s][info][gc,nmethod  ] GC(90) NMethods: 2514 registered, 131 unregistered
[134.494s][info][gc,metaspace] GC(90) Metaspace: 16M used, 16M committed, 1088M reserved
[134.494s][info][gc,ref      ] GC(90) Soft: 171 encountered, 0 discovered, 0 enqueued
[134.494s][info][gc,ref      ] GC(90) Weak: 991 encountered, 73 discovered, 3 enqueued
[134.494s][info][gc,ref      ] GC(90) Final: 0 encountered, 0 discovered, 0 enqueued
[134.494s][info][gc,ref      ] GC(90) Phantom: 35 encountered, 20 discovered, 0 enqueued
[134.494s][info][gc,reloc    ] GC(90) Small Pages: 43 / 86M, Empty: 6M, Relocated: 3M, In-Place: 0
[134.494s][info][gc,reloc    ] GC(90) Medium Pages: 0 / 0M, Empty: 0M, Relocated: 0M, In-Place: 0
[134.494s][info][gc,reloc    ] GC(90) Large Pages: 0 / 0M, Empty: 0M, Relocated: 0M, In-Place: 0
[134.494s][info][gc,reloc    ] GC(90) Forwarding Usage: 0M
[134.494s][info][gc,heap     ] GC(90) Min Capacity: 8M(0%)
[134.494s][info][gc,heap     ] GC(90) Max Capacity: 4096M(100%)
[134.494s][info][gc,heap     ] GC(90) Soft Max Capacity: 4096M(100%)
[134.494s][info][gc,heap     ] GC(90)                Mark Start          Mark End        Relocate Start      Relocate End           High               Low         
[134.495s][info][gc,heap     ] GC(90)  Capacity:     4096M (100%)       4096M (100%)       4096M (100%)       4096M (100%)       4096M (100%)       4096M (100%)   
[134.495s][info][gc,heap     ] GC(90)      Free:     4010M (98%)        4008M (98%)        4014M (98%)        4018M (98%)        4018M (98%)        3978M (97%)    
[134.495s][info][gc,heap     ] GC(90)      Used:       86M (2%)           88M (2%)           82M (2%)           78M (2%)          118M (3%)           78M (2%)     
[134.495s][info][gc,heap     ] GC(90)      Live:         -                30M (1%)           30M (1%)           30M (1%)             -                  -          
[134.495s][info][gc,heap     ] GC(90) Allocated:         -                 2M (0%)            2M (0%)           19M (0%)             -                  -          
[134.495s][info][gc,heap     ] GC(90)   Garbage:         -                55M (1%)           49M (1%)           27M (1%)             -                  -          
[134.495s][info][gc,heap     ] GC(90) Reclaimed:         -                  -                 6M (0%)           27M (1%)             -                  -          
[134.495s][info][gc          ] GC(90) Garbage Collection (Allocation Rate) 86M(2%)->78M(2%)
[140.157s][info][gc,stats    ] === Garbage Collection Statistics =======================================================================================================================
[140.157s][info][gc,stats    ]                                                              Last 10s              Last 10m              Last 10h                Total
[140.157s][info][gc,stats    ]                                                              Avg / Max             Avg / Max             Avg / Max             Avg / Max
[140.157s][info][gc,stats    ]   Collector: Garbage Collection Cycle                    111.514 / 283.151     145.501 / 577.032     145.501 / 577.032     145.501 / 577.032     ms
[140.157s][info][gc,stats    ]  Contention: Mark Segment Reset Contention                     3 / 23                3 / 32                3 / 32                3 / 32          ops/s
[140.157s][info][gc,stats    ]  Contention: Mark SeqNum Reset Contention                      0 / 7                 0 / 7                 0 / 7                 0 / 7           ops/s
[140.158s][info][gc,stats    ]    Critical: Allocation Stall                                  0 / 0                 0 / 45                0 / 45                0 / 45          ops/s
[140.158s][info][gc,stats    ]    Critical: Allocation Stall                              0.000 / 0.000        10.134 / 30.751       10.134 / 30.751       10.134 / 30.751      ms
[140.158s][info][gc,stats    ]    Critical: GC Locker Stall                                   0 / 0                 0 / 0                 0 / 0                 0 / 0           ops/s
[140.158s][info][gc,stats    ]    Critical: GC Locker Stall                               0.000 / 0.000         0.000 / 0.000         0.000 / 0.000         0.000 / 0.000       ms
[140.158s][info][gc,stats    ]    Critical: Relocation Stall                                  0 / 0                 0 / 0                 0 / 0                 0 / 0           ops/s
[140.158s][info][gc,stats    ]    Critical: Relocation Stall                              0.000 / 0.000         0.000 / 0.000         0.000 / 0.000         0.000 / 0.000       ms
[140.158s][info][gc,stats    ]      Memory: Allocation Rate                                 629 / 4414            602 / 4884            602 / 4884            602 / 4884        MB/s
[140.158s][info][gc,stats    ]      Memory: Defragment                                        5 / 59                2 / 64                2 / 64                2 / 64          ops/s
[140.158s][info][gc,stats    ]      Memory: Out Of Memory                                     0 / 0                 0 / 0                 0 / 0                 0 / 0           ops/s
[140.158s][info][gc,stats    ]      Memory: Page Cache Flush                                 21 / 118               8 / 160               8 / 160               8 / 160         MB/s
[140.158s][info][gc,stats    ]      Memory: Page Cache Hit L1                               316 / 2165            296 / 2463            296 / 2463            296 / 2463        ops/s
[140.158s][info][gc,stats    ]      Memory: Page Cache Hit L2                                 0 / 0                 0 / 0                 0 / 0                 0 / 0           ops/s
[140.158s][info][gc,stats    ]      Memory: Page Cache Hit L3                                 5 / 54                9 / 525               9 / 525               9 / 525         ops/s
[140.158s][info][gc,stats    ]      Memory: Page Cache Miss                                   0 / 2                 5 / 231               5 / 231               5 / 231         ops/s
[140.158s][info][gc,stats    ]      Memory: Uncommit                                          0 / 0                 0 / 0                 0 / 0                 0 / 0           MB/s
[140.158s][info][gc,stats    ]      Memory: Undo Object Allocation Failed                     0 / 0                 0 / 1                 0 / 1                 0 / 1           ops/s
[140.158s][info][gc,stats    ]      Memory: Undo Object Allocation Succeeded                  7 / 51                5 / 134               5 / 134               5 / 134         ops/s
[140.158s][info][gc,stats    ]      Memory: Undo Page Allocation                              1 / 10                2 / 104               2 / 104               2 / 104         ops/s
[140.158s][info][gc,stats    ]       Phase: Concurrent Mark                              69.987 / 187.074      85.854 / 327.081      85.854 / 327.081      85.854 / 327.081     ms
[140.158s][info][gc,stats    ]       Phase: Concurrent Mark Continue                      0.000 / 0.000         0.000 / 0.000         0.000 / 0.000         0.000 / 0.000       ms
[140.158s][info][gc,stats    ]       Phase: Concurrent Mark Free                          0.001 / 0.001         0.001 / 0.004         0.001 / 0.004         0.001 / 0.004       ms
[140.158s][info][gc,stats    ]       Phase: Concurrent Process Non-Strong References      1.879 / 10.076        5.326 / 72.793        5.326 / 72.793        5.326 / 72.793      ms
[140.158s][info][gc,stats    ]       Phase: Concurrent Relocate                           5.492 / 16.743       10.035 / 105.412      10.035 / 105.412      10.035 / 105.412     ms
[140.158s][info][gc,stats    ]       Phase: Concurrent Reset Relocation Set               0.013 / 0.032         0.021 / 0.192         0.021 / 0.192         0.021 / 0.192       ms
[140.158s][info][gc,stats    ]       Phase: Concurrent Select Relocation Set             10.204 / 33.862       19.410 / 148.744      19.410 / 148.744      19.410 / 148.744     ms
[140.158s][info][gc,stats    ]       Phase: Pause Mark End                                0.021 / 0.028         0.021 / 0.034         0.021 / 0.034         0.021 / 0.034       ms
[140.158s][info][gc,stats    ]       Phase: Pause Mark Start                              0.014 / 0.017         0.015 / 0.101         0.015 / 0.101         0.015 / 0.101       ms
[140.158s][info][gc,stats    ]       Phase: Pause Relocate Start                          0.008 / 0.012         0.008 / 0.020         0.008 / 0.020         0.008 / 0.020       ms
[140.158s][info][gc,stats    ]    Subphase: Concurrent Classes Purge                      0.006 / 0.017         0.300 / 21.494        0.300 / 21.494        0.300 / 21.494      ms
[140.159s][info][gc,stats    ]    Subphase: Concurrent Classes Unlink                     0.566 / 0.711         1.289 / 37.314        1.289 / 37.314        1.289 / 37.314      ms
[140.159s][info][gc,stats    ]    Subphase: Concurrent Mark                              67.862 / 185.698      81.892 / 325.823      81.892 / 325.823      81.892 / 325.823     ms
[140.159s][info][gc,stats    ]    Subphase: Concurrent Mark Try Flush                     1.410 / 26.938        4.963 / 84.361        4.963 / 84.361        4.963 / 84.361      ms
[140.159s][info][gc,stats    ]    Subphase: Concurrent Mark Try Terminate                 9.593 / 15.639       10.767 / 78.096       10.767 / 78.096       10.767 / 78.096      ms
[140.159s][info][gc,stats    ]    Subphase: Concurrent References Enqueue                 0.002 / 0.005         0.002 / 0.011         0.002 / 0.011         0.002 / 0.011       ms
[140.159s][info][gc,stats    ]    Subphase: Concurrent References Process                 0.039 / 0.106         0.058 / 0.519         0.058 / 0.519         0.058 / 0.519       ms
[140.159s][info][gc,stats    ]    Subphase: Concurrent Roots ClassLoaderDataGraph         0.040 / 0.382         0.044 / 1.367         0.044 / 1.367         0.044 / 1.367       ms
[140.159s][info][gc,stats    ]    Subphase: Concurrent Roots CodeCache                    0.000 / 0.000         0.000 / 0.000         0.000 / 0.000         0.000 / 0.000       ms
[140.159s][info][gc,stats    ]    Subphase: Concurrent Roots JavaThreads                  0.735 / 1.426         4.075 / 275.651       4.075 / 275.651       4.075 / 275.651     ms
[140.159s][info][gc,stats    ]    Subphase: Concurrent Roots OopStorageSet                0.017 / 0.073         0.043 / 2.056         0.043 / 2.056         0.043 / 2.056       ms
[140.159s][info][gc,stats    ]    Subphase: Concurrent Weak Roots OopStorageSet           0.139 / 0.194         0.117 / 0.601         0.117 / 0.601         0.117 / 0.601       ms
[140.159s][info][gc,stats    ]    Subphase: Pause Mark Try Complete                       0.000 / 0.000         0.000 / 0.000         0.000 / 0.000         0.000 / 0.000       ms
[140.159s][info][gc,stats    ]      System: Java Threads                                     62 / 62               62 / 74               62 / 74               62 / 74          threads
[140.159s][info][gc,stats    ] =========================================================================================================================================================
[144.481s][info][gc,heap,exit] Heap
[144.481s][info][gc,heap,exit]  ZHeap           used 2670M, capacity 4096M, max capacity 4096M
[144.481s][info][gc,heap,exit]  Metaspace       used 16644K, committed 16960K, reserved 1114112K
[144.481s][info][gc,heap,exit]   class space    used 2406K, committed 2560K, reserved 1048576K
