[0.016s][info][gc,init] Initializing The Z Garbage Collector
[0.016s][info][gc,init] Version: 20+36-2344 (release)
[0.016s][info][gc,init] NUMA Support: Disabled
[0.016s][info][gc,init] CPUs: 48 total, 48 available
[0.017s][info][gc,init] Memory: 391843M
[0.017s][info][gc,init] Large Page Support: Disabled
[0.017s][info][gc,init] GC Workers: 12 (dynamic)
[0.018s][info][gc,init] Address Space Type: Contiguous/Unrestricted/Complete
[0.018s][info][gc,init] Address Space Size: 32768M x 3 = 98304M
[0.018s][info][gc,init] Min Capacity: 8M
[0.018s][info][gc,init] Initial Capacity: 2048M
[0.025s][info][gc,init] Max Capacity: 2048M
[0.025s][info][gc,init] Medium Page Size: 32M
[0.025s][info][gc,init] Pre-touch: Disabled
[0.025s][info][gc,init] Uncommit: Enabled
[0.025s][info][gc,init] Uncommit Delay: 300s
[0.105s][info][gc,init] Runtime Workers: 20
[0.106s][info][gc     ] Using The Z Garbage Collector
[0.108s][info][gc,metaspace] CDS archive(s) mapped at: [0x0000000800000000-0x0000000800c60000-0x0000000800c60000), size 12976128, SharedBaseAddress: 0x0000000800000000, ArchiveRelocationMode: 0.
[0.108s][info][gc,metaspace] Compressed class space mapped at: 0x0000000801000000-0x0000000841000000, reserved size: 1073741824
[0.108s][info][gc,metaspace] Narrow klass base: 0x0000000800000000, Narrow klass shift: 0, Narrow klass range: 0x100000000
[1.589s][info][gc,start    ] GC(0) Garbage Collection (System.gc())
[1.590s][info][gc,task     ] GC(0) Using 12 workers
[1.590s][info][gc,phases   ] GC(0) Pause Mark Start 0.016ms
[1.611s][info][gc,phases   ] GC(0) Concurrent Mark 21.681ms
[1.612s][info][gc,phases   ] GC(0) Pause Mark End 0.026ms
[1.612s][info][gc,phases   ] GC(0) Concurrent Mark Free 0.001ms
[1.613s][info][gc,phases   ] GC(0) Concurrent Process Non-Strong References 1.162ms
[1.613s][info][gc,phases   ] GC(0) Concurrent Reset Relocation Set 0.001ms
[1.627s][info][gc,phases   ] GC(0) Concurrent Select Relocation Set 14.345ms
[1.627s][info][gc,phases   ] GC(0) Pause Relocate Start 0.017ms
[1.631s][info][gc,phases   ] GC(0) Concurrent Relocate 3.461ms
[1.631s][info][gc,load     ] GC(0) Load: 0.00/0.00/0.00
[1.631s][info][gc,mmu      ] GC(0) MMU: 2ms/98.7%, 5ms/99.5%, 10ms/99.7%, 20ms/99.8%, 50ms/99.9%, 100ms/99.9%
[1.631s][info][gc,marking  ] GC(0) Mark: 8 stripe(s), 1 proactive flush(es), 1 terminate flush(es), 0 completion(s), 0 continuation(s) 
[1.631s][info][gc,marking  ] GC(0) Mark Stack Usage: 32M
[1.631s][info][gc,nmethod  ] GC(0) NMethods: 1153 registered, 135 unregistered
[1.631s][info][gc,metaspace] GC(0) Metaspace: 13M used, 14M committed, 1088M reserved
[1.631s][info][gc,ref      ] GC(0) Soft: 194 encountered, 0 discovered, 0 enqueued
[1.631s][info][gc,ref      ] GC(0) Weak: 899 encountered, 494 discovered, 283 enqueued
[1.631s][info][gc,ref      ] GC(0) Final: 0 encountered, 0 discovered, 0 enqueued
[1.631s][info][gc,ref      ] GC(0) Phantom: 242 encountered, 223 discovered, 207 enqueued
[1.631s][info][gc,reloc    ] GC(0) Small Pages: 21 / 42M, Empty: 0M, Relocated: 4M, In-Place: 0
[1.631s][info][gc,reloc    ] GC(0) Medium Pages: 0 / 0M, Empty: 0M, Relocated: 0M, In-Place: 0
[1.631s][info][gc,reloc    ] GC(0) Large Pages: 0 / 0M, Empty: 0M, Relocated: 0M, In-Place: 0
[1.631s][info][gc,reloc    ] GC(0) Forwarding Usage: 1M
[1.631s][info][gc,heap     ] GC(0) Min Capacity: 8M(0%)
[1.631s][info][gc,heap     ] GC(0) Max Capacity: 2048M(100%)
[1.631s][info][gc,heap     ] GC(0) Soft Max Capacity: 2048M(100%)
[1.631s][info][gc,heap     ] GC(0)                Mark Start          Mark End        Relocate Start      Relocate End           High               Low         
[1.631s][info][gc,heap     ] GC(0)  Capacity:     2048M (100%)       2048M (100%)       2048M (100%)       2048M (100%)       2048M (100%)       2048M (100%)   
[1.631s][info][gc,heap     ] GC(0)      Free:     2006M (98%)        2006M (98%)        2004M (98%)        2020M (99%)        2020M (99%)        1984M (97%)    
[1.631s][info][gc,heap     ] GC(0)      Used:       42M (2%)           42M (2%)           44M (2%)           28M (1%)           64M (3%)           28M (1%)     
[1.632s][info][gc,heap     ] GC(0)      Live:         -                 5M (0%)            5M (0%)            5M (0%)             -                  -          
[1.632s][info][gc,heap     ] GC(0) Allocated:         -                 0M (0%)            2M (0%)            2M (0%)             -                  -          
[1.632s][info][gc,heap     ] GC(0)   Garbage:         -                36M (2%)           36M (2%)           20M (1%)             -                  -          
[1.632s][info][gc,heap     ] GC(0) Reclaimed:         -                  -                 0M (0%)           16M (1%)             -                  -          
[1.632s][info][gc          ] GC(0) Garbage Collection (System.gc()) 42M(2%)->28M(1%)
[4.242s][info][gc,start    ] GC(1) Garbage Collection (Warmup)
[4.242s][info][gc,task     ] GC(1) Using 12 workers
[4.243s][info][gc,phases   ] GC(1) Pause Mark Start 0.010ms
[4.367s][info][gc,phases   ] GC(1) Concurrent Mark 97.697ms
[4.368s][info][gc,phases   ] GC(1) Pause Mark End 0.018ms
[4.373s][info][gc,phases   ] GC(1) Concurrent Mark Free 0.001ms
[4.400s][info][gc,phases   ] GC(1) Concurrent Process Non-Strong References 27.194ms
[4.400s][info][gc,phases   ] GC(1) Concurrent Reset Relocation Set 0.004ms
[4.417s][info][gc,phases   ] GC(1) Concurrent Select Relocation Set 16.686ms
[4.417s][info][gc,phases   ] GC(1) Pause Relocate Start 0.007ms
[4.446s][info][gc,phases   ] GC(1) Concurrent Relocate 6.997ms
[4.446s][info][gc,load     ] GC(1) Load: 0.00/0.00/0.00
[4.446s][info][gc,mmu      ] GC(1) MMU: 2ms/98.7%, 5ms/99.5%, 10ms/99.7%, 20ms/99.8%, 50ms/99.9%, 100ms/99.9%
[4.446s][info][gc,marking  ] GC(1) Mark: 8 stripe(s), 3 proactive flush(es), 1 terminate flush(es), 0 completion(s), 0 continuation(s) 
[4.446s][info][gc,marking  ] GC(1) Mark Stack Usage: 32M
[4.446s][info][gc,nmethod  ] GC(1) NMethods: 2191 registered, 336 unregistered
[4.446s][info][gc,metaspace] GC(1) Metaspace: 15M used, 15M committed, 1088M reserved
[4.446s][info][gc,ref      ] GC(1) Soft: 231 encountered, 0 discovered, 0 enqueued
[4.446s][info][gc,ref      ] GC(1) Weak: 943 encountered, 301 discovered, 90 enqueued
[4.446s][info][gc,ref      ] GC(1) Final: 0 encountered, 0 discovered, 0 enqueued
[4.446s][info][gc,ref      ] GC(1) Phantom: 71 encountered, 48 discovered, 36 enqueued
[4.446s][info][gc,reloc    ] GC(1) Small Pages: 114 / 228M, Empty: 80M, Relocated: 8M, In-Place: 0
[4.446s][info][gc,reloc    ] GC(1) Medium Pages: 0 / 0M, Empty: 0M, Relocated: 0M, In-Place: 0
[4.446s][info][gc,reloc    ] GC(1) Large Pages: 0 / 0M, Empty: 0M, Relocated: 0M, In-Place: 0
[4.446s][info][gc,reloc    ] GC(1) Forwarding Usage: 3M
[4.446s][info][gc,heap     ] GC(1) Min Capacity: 8M(0%)
[4.446s][info][gc,heap     ] GC(1) Max Capacity: 2048M(100%)
[4.446s][info][gc,heap     ] GC(1) Soft Max Capacity: 2048M(100%)
[4.446s][info][gc,heap     ] GC(1)                Mark Start          Mark End        Relocate Start      Relocate End           High               Low         
[4.446s][info][gc,heap     ] GC(1)  Capacity:     2048M (100%)       2048M (100%)       2048M (100%)       2048M (100%)       2048M (100%)       2048M (100%)   
[4.446s][info][gc,heap     ] GC(1)      Free:     1820M (89%)        1594M (78%)        1566M (76%)        1600M (78%)        1820M (89%)        1486M (73%)    
[4.446s][info][gc,heap     ] GC(1)      Used:      228M (11%)         454M (22%)         482M (24%)         448M (22%)         562M (27%)         228M (11%)    
[4.446s][info][gc,heap     ] GC(1)      Live:         -                 8M (0%)            8M (0%)            8M (0%)             -                  -          
[4.446s][info][gc,heap     ] GC(1) Allocated:         -               226M (11%)         334M (16%)         423M (21%)            -                  -          
[4.446s][info][gc,heap     ] GC(1)   Garbage:         -               219M (11%)         139M (7%)           15M (1%)             -                  -          
[4.446s][info][gc,heap     ] GC(1) Reclaimed:         -                  -                80M (4%)          203M (10%)            -                  -          
[4.447s][info][gc          ] GC(1) Garbage Collection (Warmup) 228M(11%)->448M(22%)
[4.541s][info][gc,start    ] GC(2) Garbage Collection (Warmup)
[4.541s][info][gc,task     ] GC(2) Using 12 workers
[4.542s][info][gc,phases   ] GC(2) Pause Mark Start 0.010ms
[4.637s][info][gc,phases   ] GC(2) Concurrent Mark 82.302ms
[4.638s][info][gc,phases   ] GC(2) Pause Mark End 0.019ms
[4.643s][info][gc,phases   ] GC(2) Concurrent Mark Free 0.001ms
[4.645s][info][gc,phases   ] GC(2) Concurrent Process Non-Strong References 2.368ms
[4.645s][info][gc,phases   ] GC(2) Concurrent Reset Relocation Set 0.011ms
[4.648s][info][gc,phases   ] GC(2) Concurrent Select Relocation Set 3.467ms
[4.649s][info][gc,phases   ] GC(2) Pause Relocate Start 0.007ms
[4.654s][info][gc,phases   ] GC(2) Concurrent Relocate 5.047ms
[4.654s][info][gc,load     ] GC(2) Load: 0.00/0.00/0.00
[4.654s][info][gc,mmu      ] GC(2) MMU: 2ms/98.7%, 5ms/99.5%, 10ms/99.7%, 20ms/99.8%, 50ms/99.9%, 100ms/99.9%
[4.654s][info][gc,marking  ] GC(2) Mark: 8 stripe(s), 3 proactive flush(es), 1 terminate flush(es), 0 completion(s), 0 continuation(s) 
[4.654s][info][gc,marking  ] GC(2) Mark Stack Usage: 32M
[4.654s][info][gc,nmethod  ] GC(2) NMethods: 2133 registered, 425 unregistered
[4.654s][info][gc,metaspace] GC(2) Metaspace: 15M used, 15M committed, 1088M reserved
[4.654s][info][gc,ref      ] GC(2) Soft: 231 encountered, 0 discovered, 0 enqueued
[4.654s][info][gc,ref      ] GC(2) Weak: 853 encountered, 303 discovered, 0 enqueued
[4.654s][info][gc,ref      ] GC(2) Final: 0 encountered, 0 discovered, 0 enqueued
[4.654s][info][gc,ref      ] GC(2) Phantom: 35 encountered, 16 discovered, 0 enqueued
[4.654s][info][gc,reloc    ] GC(2) Small Pages: 345 / 690M, Empty: 396M, Relocated: 6M, In-Place: 0
[4.654s][info][gc,reloc    ] GC(2) Medium Pages: 0 / 0M, Empty: 0M, Relocated: 0M, In-Place: 0
[4.654s][info][gc,reloc    ] GC(2) Large Pages: 0 / 0M, Empty: 0M, Relocated: 0M, In-Place: 0
[4.654s][info][gc,reloc    ] GC(2) Forwarding Usage: 2M
[4.654s][info][gc,heap     ] GC(2) Min Capacity: 8M(0%)
[4.654s][info][gc,heap     ] GC(2) Max Capacity: 2048M(100%)
[4.654s][info][gc,heap     ] GC(2) Soft Max Capacity: 2048M(100%)
[4.654s][info][gc,heap     ] GC(2)                Mark Start          Mark End        Relocate Start      Relocate End           High               Low         
[4.654s][info][gc,heap     ] GC(2)  Capacity:     2048M (100%)       2048M (100%)       2048M (100%)       2048M (100%)       2048M (100%)       2048M (100%)   
[4.654s][info][gc,heap     ] GC(2)      Free:     1358M (66%)        1164M (57%)        1540M (75%)        1796M (88%)        1804M (88%)        1146M (56%)    
[4.654s][info][gc,heap     ] GC(2)      Used:      690M (34%)         884M (43%)         508M (25%)         252M (12%)         902M (44%)         244M (12%)    
[4.654s][info][gc,heap     ] GC(2)      Live:         -                 8M (0%)            8M (0%)            8M (0%)             -                  -          
[4.654s][info][gc,heap     ] GC(2) Allocated:         -               194M (9%)          214M (10%)         225M (11%)            -                  -          
[4.654s][info][gc,heap     ] GC(2)   Garbage:         -               681M (33%)         285M (14%)          17M (1%)             -                  -          
[4.654s][info][gc,heap     ] GC(2) Reclaimed:         -                  -               396M (19%)         663M (32%)            -                  -          
[4.654s][info][gc          ] GC(2) Garbage Collection (Warmup) 690M(34%)->252M(12%)
[4.734s][info][gc,start    ] GC(3) Garbage Collection (Allocation Rate)
[4.734s][info][gc,task     ] GC(3) Using 12 workers
[4.734s][info][gc,phases   ] GC(3) Pause Mark Start 0.009ms
[4.843s][info][gc,phases   ] GC(3) Concurrent Mark 78.262ms
[4.843s][info][gc,phases   ] GC(3) Pause Mark End 0.021ms
[4.853s][info][gc,phases   ] GC(3) Concurrent Mark Free 0.001ms
[4.859s][info][gc,phases   ] GC(3) Concurrent Process Non-Strong References 5.037ms
[4.859s][info][gc,phases   ] GC(3) Concurrent Reset Relocation Set 0.025ms
[4.862s][info][gc,phases   ] GC(3) Concurrent Select Relocation Set 3.222ms
[4.862s][info][gc,phases   ] GC(3) Pause Relocate Start 0.007ms
[4.871s][info][gc,phases   ] GC(3) Concurrent Relocate 8.824ms
[4.871s][info][gc,load     ] GC(3) Load: 0.00/0.00/0.00
[4.871s][info][gc,mmu      ] GC(3) MMU: 2ms/98.7%, 5ms/99.5%, 10ms/99.7%, 20ms/99.8%, 50ms/99.9%, 100ms/99.9%
[4.871s][info][gc,marking  ] GC(3) Mark: 8 stripe(s), 3 proactive flush(es), 1 terminate flush(es), 0 completion(s), 0 continuation(s) 
[4.871s][info][gc,marking  ] GC(3) Mark Stack Usage: 32M
[4.871s][info][gc,nmethod  ] GC(3) NMethods: 2132 registered, 427 unregistered
[4.871s][info][gc,metaspace] GC(3) Metaspace: 15M used, 15M committed, 1088M reserved
[4.871s][info][gc,ref      ] GC(3) Soft: 231 encountered, 0 discovered, 0 enqueued
[4.871s][info][gc,ref      ] GC(3) Weak: 853 encountered, 133 discovered, 0 enqueued
[4.871s][info][gc,ref      ] GC(3) Final: 0 encountered, 0 discovered, 0 enqueued
[4.871s][info][gc,ref      ] GC(3) Phantom: 35 encountered, 26 discovered, 0 enqueued
[4.871s][info][gc,reloc    ] GC(3) Small Pages: 296 / 592M, Empty: 318M, Relocated: 6M, In-Place: 0
[4.871s][info][gc,reloc    ] GC(3) Medium Pages: 0 / 0M, Empty: 0M, Relocated: 0M, In-Place: 0
[4.871s][info][gc,reloc    ] GC(3) Large Pages: 0 / 0M, Empty: 0M, Relocated: 0M, In-Place: 0
[4.871s][info][gc,reloc    ] GC(3) Forwarding Usage: 2M
[4.871s][info][gc,heap     ] GC(3) Min Capacity: 8M(0%)
[4.871s][info][gc,heap     ] GC(3) Max Capacity: 2048M(100%)
[4.871s][info][gc,heap     ] GC(3) Soft Max Capacity: 2048M(100%)
[4.871s][info][gc,heap     ] GC(3)                Mark Start          Mark End        Relocate Start      Relocate End           High               Low         
[4.871s][info][gc,heap     ] GC(3)  Capacity:     2048M (100%)       2048M (100%)       2048M (100%)       2048M (100%)       2048M (100%)       2048M (100%)   
[4.872s][info][gc,heap     ] GC(3)      Free:     1456M (71%)        1070M (52%)        1346M (66%)        1568M (77%)        1586M (77%)        1034M (50%)    
[4.872s][info][gc,heap     ] GC(3)      Used:      592M (29%)         978M (48%)         702M (34%)         480M (23%)        1014M (50%)         462M (23%)    
[4.872s][info][gc,heap     ] GC(3)      Live:         -                 8M (0%)            8M (0%)            8M (0%)             -                  -          
[4.872s][info][gc,heap     ] GC(3) Allocated:         -               386M (19%)         428M (21%)         453M (22%)            -                  -          
[4.872s][info][gc,heap     ] GC(3)   Garbage:         -               583M (29%)         265M (13%)          17M (1%)             -                  -          
[4.872s][info][gc,heap     ] GC(3) Reclaimed:         -                  -               318M (16%)         565M (28%)            -                  -          
[4.872s][info][gc          ] GC(3) Garbage Collection (Allocation Rate) 592M(29%)->480M(23%)
[4.937s][info][gc,start    ] GC(4) Garbage Collection (Warmup)
[4.937s][info][gc,task     ] GC(4) Using 12 workers
[4.937s][info][gc,phases   ] GC(4) Pause Mark Start 0.009ms
[5.002s][info][gc,phases   ] GC(4) Concurrent Mark 34.583ms
[5.003s][info][gc,phases   ] GC(4) Pause Mark End 0.020ms
[5.005s][info][gc,phases   ] GC(4) Concurrent Mark Free 0.001ms
[5.007s][info][gc,phases   ] GC(4) Concurrent Process Non-Strong References 2.083ms
[5.007s][info][gc,phases   ] GC(4) Concurrent Reset Relocation Set 0.020ms
[5.010s][info][gc,phases   ] GC(4) Concurrent Select Relocation Set 3.108ms
[5.010s][info][gc,phases   ] GC(4) Pause Relocate Start 0.006ms
[5.018s][info][gc,phases   ] GC(4) Concurrent Relocate 7.456ms
[5.018s][info][gc,load     ] GC(4) Load: 0.00/0.00/0.00
[5.018s][info][gc,mmu      ] GC(4) MMU: 2ms/98.7%, 5ms/99.5%, 10ms/99.7%, 20ms/99.8%, 50ms/99.9%, 100ms/99.9%
[5.018s][info][gc,marking  ] GC(4) Mark: 8 stripe(s), 2 proactive flush(es), 1 terminate flush(es), 0 completion(s), 0 continuation(s) 
[5.018s][info][gc,marking  ] GC(4) Mark Stack Usage: 32M
[5.018s][info][gc,nmethod  ] GC(4) NMethods: 2132 registered, 428 unregistered
[5.018s][info][gc,metaspace] GC(4) Metaspace: 15M used, 15M committed, 1088M reserved
[5.018s][info][gc,ref      ] GC(4) Soft: 231 encountered, 0 discovered, 0 enqueued
[5.018s][info][gc,ref      ] GC(4) Weak: 853 encountered, 132 discovered, 0 enqueued
[5.018s][info][gc,ref      ] GC(4) Final: 0 encountered, 0 discovered, 0 enqueued
[5.018s][info][gc,ref      ] GC(4) Phantom: 35 encountered, 15 discovered, 0 enqueued
[5.018s][info][gc,reloc    ] GC(4) Small Pages: 388 / 776M, Empty: 462M, Relocated: 6M, In-Place: 0
[5.018s][info][gc,reloc    ] GC(4) Medium Pages: 0 / 0M, Empty: 0M, Relocated: 0M, In-Place: 0
[5.018s][info][gc,reloc    ] GC(4) Large Pages: 0 / 0M, Empty: 0M, Relocated: 0M, In-Place: 0
[5.018s][info][gc,reloc    ] GC(4) Forwarding Usage: 2M
[5.018s][info][gc,heap     ] GC(4) Min Capacity: 8M(0%)
[5.018s][info][gc,heap     ] GC(4) Max Capacity: 2048M(100%)
[5.018s][info][gc,heap     ] GC(4) Soft Max Capacity: 2048M(100%)
[5.018s][info][gc,heap     ] GC(4)                Mark Start          Mark End        Relocate Start      Relocate End           High               Low         
[5.018s][info][gc,heap     ] GC(4)  Capacity:     2048M (100%)       2048M (100%)       2048M (100%)       2048M (100%)       2048M (100%)       2048M (100%)   
[5.018s][info][gc,heap     ] GC(4)      Free:     1272M (62%)        1038M (51%)        1482M (72%)        1740M (85%)        1760M (86%)        1022M (50%)    
[5.018s][info][gc,heap     ] GC(4)      Used:      776M (38%)        1010M (49%)         566M (28%)         308M (15%)        1026M (50%)         288M (14%)    
[5.018s][info][gc,heap     ] GC(4)      Live:         -                 8M (0%)            8M (0%)            8M (0%)             -                  -          
[5.018s][info][gc,heap     ] GC(4) Allocated:         -               234M (11%)         252M (12%)         281M (14%)            -                  -          
[5.018s][info][gc,heap     ] GC(4)   Garbage:         -               767M (37%)         305M (15%)          17M (1%)             -                  -          
[5.018s][info][gc,heap     ] GC(4) Reclaimed:         -                  -               462M (23%)         749M (37%)            -                  -          
[5.018s][info][gc          ] GC(4) Garbage Collection (Warmup) 776M(38%)->308M(15%)
[5.034s][info][gc,start    ] GC(5) Garbage Collection (Allocation Rate)
[5.034s][info][gc,task     ] GC(5) Using 12 workers
[5.034s][info][gc,phases   ] GC(5) Pause Mark Start 0.008ms
[5.176s][info][gc,phases   ] GC(5) Concurrent Mark 48.032ms
[5.176s][info][gc,phases   ] GC(5) Pause Mark End 0.019ms
[5.179s][info][gc,phases   ] GC(5) Concurrent Mark Free 0.001ms
[5.181s][info][gc,phases   ] GC(5) Concurrent Process Non-Strong References 1.590ms
[5.181s][info][gc,phases   ] GC(5) Concurrent Reset Relocation Set 0.025ms
[5.184s][info][gc,phases   ] GC(5) Concurrent Select Relocation Set 3.041ms
[5.184s][info][gc,phases   ] GC(5) Pause Relocate Start 0.006ms
[5.216s][info][gc,phases   ] GC(5) Concurrent Relocate 9.149ms
[5.216s][info][gc,load     ] GC(5) Load: 0.00/0.00/0.00
[5.216s][info][gc,mmu      ] GC(5) MMU: 2ms/98.7%, 5ms/99.5%, 10ms/99.7%, 20ms/99.8%, 50ms/99.9%, 100ms/99.9%
[5.216s][info][gc,marking  ] GC(5) Mark: 8 stripe(s), 2 proactive flush(es), 1 terminate flush(es), 0 completion(s), 0 continuation(s) 
[5.216s][info][gc,marking  ] GC(5) Mark Stack Usage: 32M
[5.216s][info][gc,nmethod  ] GC(5) NMethods: 2135 registered, 428 unregistered
[5.216s][info][gc,metaspace] GC(5) Metaspace: 15M used, 15M committed, 1088M reserved
[5.216s][info][gc,ref      ] GC(5) Soft: 231 encountered, 0 discovered, 0 enqueued
[5.216s][info][gc,ref      ] GC(5) Weak: 853 encountered, 44 discovered, 0 enqueued
[5.216s][info][gc,ref      ] GC(5) Final: 0 encountered, 0 discovered, 0 enqueued
[5.216s][info][gc,ref      ] GC(5) Phantom: 35 encountered, 27 discovered, 0 enqueued
[5.216s][info][gc,reloc    ] GC(5) Small Pages: 197 / 394M, Empty: 142M, Relocated: 6M, In-Place: 0
[5.216s][info][gc,reloc    ] GC(5) Medium Pages: 0 / 0M, Empty: 0M, Relocated: 0M, In-Place: 0
[5.216s][info][gc,reloc    ] GC(5) Large Pages: 0 / 0M, Empty: 0M, Relocated: 0M, In-Place: 0
[5.217s][info][gc,reloc    ] GC(5) Forwarding Usage: 2M
[5.217s][info][gc,heap     ] GC(5) Min Capacity: 8M(0%)
[5.217s][info][gc,heap     ] GC(5) Max Capacity: 2048M(100%)
[5.217s][info][gc,heap     ] GC(5) Soft Max Capacity: 2048M(100%)
[5.217s][info][gc,heap     ] GC(5)                Mark Start          Mark End        Relocate Start      Relocate End           High               Low         
[5.217s][info][gc,heap     ] GC(5)  Capacity:     2048M (100%)       2048M (100%)       2048M (100%)       2048M (100%)       2048M (100%)       2048M (100%)   
[5.217s][info][gc,heap     ] GC(5)      Free:     1654M (81%)        1000M (49%)        1126M (55%)        1264M (62%)        1654M (81%)         990M (48%)    
[5.217s][info][gc,heap     ] GC(5)      Used:      394M (19%)        1048M (51%)         922M (45%)         784M (38%)        1058M (52%)         394M (19%)    
[5.217s][info][gc,heap     ] GC(5)      Live:         -                 8M (0%)            8M (0%)            8M (0%)             -                  -          
[5.217s][info][gc,heap     ] GC(5) Allocated:         -               654M (32%)         670M (33%)         757M (37%)            -                  -          
[5.217s][info][gc,heap     ] GC(5)   Garbage:         -               385M (19%)         243M (12%)          17M (1%)             -                  -          
[5.217s][info][gc,heap     ] GC(5) Reclaimed:         -                  -               142M (7%)          367M (18%)            -                  -          
[5.217s][info][gc          ] GC(5) Garbage Collection (Allocation Rate) 394M(19%)->784M(38%)
[5.238s][info][gc,start    ] GC(6) Garbage Collection (Allocation Rate)
[5.238s][info][gc,task     ] GC(6) Using 12 workers
[5.254s][info][gc,phases   ] GC(6) Pause Mark Start 0.011ms
[5.316s][info][gc,phases   ] GC(6) Concurrent Mark 62.592ms
[5.317s][info][gc,phases   ] GC(6) Pause Mark End 0.018ms
[5.319s][info][gc,phases   ] GC(6) Concurrent Mark Free 0.000ms
[5.326s][info][gc,phases   ] GC(6) Concurrent Process Non-Strong References 7.368ms
[5.326s][info][gc,phases   ] GC(6) Concurrent Reset Relocation Set 0.026ms
[5.331s][info][gc,phases   ] GC(6) Concurrent Select Relocation Set 4.091ms
[5.331s][info][gc,phases   ] GC(6) Pause Relocate Start 0.007ms
[5.338s][info][gc,phases   ] GC(6) Concurrent Relocate 6.502ms
[5.338s][info][gc,load     ] GC(6) Load: 0.00/0.00/0.00
[5.338s][info][gc,mmu      ] GC(6) MMU: 2ms/98.7%, 5ms/99.5%, 10ms/99.7%, 20ms/99.8%, 50ms/99.9%, 100ms/99.9%
[5.338s][info][gc,marking  ] GC(6) Mark: 8 stripe(s), 3 proactive flush(es), 1 terminate flush(es), 0 completion(s), 0 continuation(s) 
[5.338s][info][gc,marking  ] GC(6) Mark Stack Usage: 32M
[5.338s][info][gc,nmethod  ] GC(6) NMethods: 2132 registered, 431 unregistered
[5.338s][info][gc,metaspace] GC(6) Metaspace: 15M used, 15M committed, 1088M reserved
[5.338s][info][gc,ref      ] GC(6) Soft: 231 encountered, 0 discovered, 0 enqueued
[5.338s][info][gc,ref      ] GC(6) Weak: 853 encountered, 23 discovered, 0 enqueued
[5.338s][info][gc,ref      ] GC(6) Final: 0 encountered, 0 discovered, 0 enqueued
[5.338s][info][gc,ref      ] GC(6) Phantom: 35 encountered, 24 discovered, 0 enqueued
[5.338s][info][gc,reloc    ] GC(6) Small Pages: 439 / 878M, Empty: 604M, Relocated: 5M, In-Place: 0
[5.338s][info][gc,reloc    ] GC(6) Medium Pages: 0 / 0M, Empty: 0M, Relocated: 0M, In-Place: 0
[5.338s][info][gc,reloc    ] GC(6) Large Pages: 0 / 0M, Empty: 0M, Relocated: 0M, In-Place: 0
[5.338s][info][gc,reloc    ] GC(6) Forwarding Usage: 1M
[5.338s][info][gc,heap     ] GC(6) Min Capacity: 8M(0%)
[5.338s][info][gc,heap     ] GC(6) Max Capacity: 2048M(100%)
[5.338s][info][gc,heap     ] GC(6) Soft Max Capacity: 2048M(100%)
[5.338s][info][gc,heap     ] GC(6)                Mark Start          Mark End        Relocate Start      Relocate End           High               Low         
[5.338s][info][gc,heap     ] GC(6)  Capacity:     2048M (100%)       2048M (100%)       2048M (100%)       2048M (100%)       2048M (100%)       2048M (100%)   
[5.338s][info][gc,heap     ] GC(6)      Free:     1170M (57%)         944M (46%)        1518M (74%)        1738M (85%)        1756M (86%)         922M (45%)    
[5.338s][info][gc,heap     ] GC(6)      Used:      878M (43%)        1104M (54%)         530M (26%)         310M (15%)        1126M (55%)         292M (14%)    
[5.338s][info][gc,heap     ] GC(6)      Live:         -                 7M (0%)            7M (0%)            7M (0%)             -                  -          
[5.338s][info][gc,heap     ] GC(6) Allocated:         -               226M (11%)         256M (13%)         281M (14%)            -                  -          
[5.338s][info][gc,heap     ] GC(6)   Garbage:         -               870M (42%)         266M (13%)          20M (1%)             -                  -          
[5.338s][info][gc,heap     ] GC(6) Reclaimed:         -                  -               604M (29%)         849M (42%)            -                  -          
[5.338s][info][gc          ] GC(6) Garbage Collection (Allocation Rate) 878M(43%)->310M(15%)
[5.441s][info][gc,start    ] GC(7) Garbage Collection (Allocation Rate)
[5.441s][info][gc,task     ] GC(7) Using 12 workers
[5.441s][info][gc,phases   ] GC(7) Pause Mark Start 0.010ms
[5.550s][info][gc,phases   ] GC(7) Concurrent Mark 46.576ms
[5.550s][info][gc,phases   ] GC(7) Pause Mark End 0.018ms
[5.551s][info][gc,phases   ] GC(7) Concurrent Mark Free 0.001ms
[5.551s][info][gc,phases   ] GC(7) Concurrent Process Non-Strong References 0.531ms
[5.551s][info][gc,phases   ] GC(7) Concurrent Reset Relocation Set 0.020ms
[5.555s][info][gc,phases   ] GC(7) Concurrent Select Relocation Set 4.275ms
[5.555s][info][gc,phases   ] GC(7) Pause Relocate Start 0.004ms
[5.558s][info][gc,phases   ] GC(7) Concurrent Relocate 2.373ms
[5.558s][info][gc,load     ] GC(7) Load: 0.00/0.00/0.00
[5.558s][info][gc,mmu      ] GC(7) MMU: 2ms/98.7%, 5ms/99.5%, 10ms/99.7%, 20ms/99.8%, 50ms/99.9%, 100ms/99.9%
[5.558s][info][gc,marking  ] GC(7) Mark: 8 stripe(s), 2 proactive flush(es), 1 terminate flush(es), 0 completion(s), 0 continuation(s) 
[5.558s][info][gc,marking  ] GC(7) Mark Stack Usage: 32M
[5.558s][info][gc,nmethod  ] GC(7) NMethods: 2144 registered, 431 unregistered
[5.558s][info][gc,metaspace] GC(7) Metaspace: 15M used, 15M committed, 1088M reserved
[5.558s][info][gc,ref      ] GC(7) Soft: 231 encountered, 0 discovered, 0 enqueued
[5.558s][info][gc,ref      ] GC(7) Weak: 853 encountered, 170 discovered, 0 enqueued
[5.558s][info][gc,ref      ] GC(7) Final: 0 encountered, 0 discovered, 0 enqueued
[5.558s][info][gc,ref      ] GC(7) Phantom: 35 encountered, 28 discovered, 0 enqueued
[5.558s][info][gc,reloc    ] GC(7) Small Pages: 399 / 798M, Empty: 610M, Relocated: 5M, In-Place: 0
[5.558s][info][gc,reloc    ] GC(7) Medium Pages: 0 / 0M, Empty: 0M, Relocated: 0M, In-Place: 0
[5.558s][info][gc,reloc    ] GC(7) Large Pages: 0 / 0M, Empty: 0M, Relocated: 0M, In-Place: 0
[5.558s][info][gc,reloc    ] GC(7) Forwarding Usage: 2M
[5.558s][info][gc,heap     ] GC(7) Min Capacity: 8M(0%)
[5.558s][info][gc,heap     ] GC(7) Max Capacity: 2048M(100%)
[5.558s][info][gc,heap     ] GC(7) Soft Max Capacity: 2048M(100%)
[5.558s][info][gc,heap     ] GC(7)                Mark Start          Mark End        Relocate Start      Relocate End           High               Low         
[5.558s][info][gc,heap     ] GC(7)  Capacity:     2048M (100%)       2048M (100%)       2048M (100%)       2048M (100%)       2048M (100%)       2048M (100%)   
[5.558s][info][gc,heap     ] GC(7)      Free:     1250M (61%)         816M (40%)        1424M (70%)        1584M (77%)        1584M (77%)         816M (40%)    
[5.558s][info][gc,heap     ] GC(7)      Used:      798M (39%)        1232M (60%)         624M (30%)         464M (23%)        1232M (60%)         464M (23%)    
[5.558s][info][gc,heap     ] GC(7)      Live:         -                 7M (0%)            7M (0%)            7M (0%)             -                  -          
[5.558s][info][gc,heap     ] GC(7) Allocated:         -               434M (21%)         436M (21%)         435M (21%)            -                  -          
[5.558s][info][gc,heap     ] GC(7)   Garbage:         -               790M (39%)         180M (9%)           20M (1%)             -                  -          
[5.558s][info][gc,heap     ] GC(7) Reclaimed:         -                  -               610M (30%)         769M (38%)            -                  -          
[5.558s][info][gc          ] GC(7) Garbage Collection (Allocation Rate) 798M(39%)->464M(23%)
[5.636s][info][gc,start    ] GC(8) Garbage Collection (Allocation Rate)
[5.636s][info][gc,task     ] GC(8) Using 12 workers
[5.636s][info][gc,phases   ] GC(8) Pause Mark Start 0.012ms
[5.667s][info][gc,phases   ] GC(8) Concurrent Mark 30.913ms
[5.667s][info][gc,phases   ] GC(8) Pause Mark End 0.019ms
[5.667s][info][gc,phases   ] GC(8) Concurrent Mark Free 0.001ms
[5.670s][info][gc,phases   ] GC(8) Concurrent Process Non-Strong References 3.398ms
[5.671s][info][gc,phases   ] GC(8) Concurrent Reset Relocation Set 0.014ms
[5.676s][info][gc,phases   ] GC(8) Concurrent Select Relocation Set 5.565ms
[5.676s][info][gc,phases   ] GC(8) Pause Relocate Start 0.009ms
[5.683s][info][gc,phases   ] GC(8) Concurrent Relocate 7.122ms
[5.683s][info][gc,load     ] GC(8) Load: 0.00/0.00/0.00
[5.683s][info][gc,mmu      ] GC(8) MMU: 2ms/98.7%, 5ms/99.5%, 10ms/99.7%, 20ms/99.8%, 50ms/99.9%, 100ms/99.9%
[5.683s][info][gc,marking  ] GC(8) Mark: 8 stripe(s), 2 proactive flush(es), 1 terminate flush(es), 0 completion(s), 0 continuation(s) 
[5.683s][info][gc,marking  ] GC(8) Mark Stack Usage: 32M
[5.683s][info][gc,nmethod  ] GC(8) NMethods: 2199 registered, 465 unregistered
[5.683s][info][gc,metaspace] GC(8) Metaspace: 15M used, 15M committed, 1088M reserved
[5.683s][info][gc,ref      ] GC(8) Soft: 232 encountered, 0 discovered, 0 enqueued
[5.684s][info][gc,ref      ] GC(8) Weak: 884 encountered, 144 discovered, 20 enqueued
[5.684s][info][gc,ref      ] GC(8) Final: 0 encountered, 0 discovered, 0 enqueued
[5.684s][info][gc,ref      ] GC(8) Phantom: 52 encountered, 37 discovered, 17 enqueued
[5.684s][info][gc,reloc    ] GC(8) Small Pages: 239 / 478M, Empty: 394M, Relocated: 15M, In-Place: 0
[5.684s][info][gc,reloc    ] GC(8) Medium Pages: 1 / 32M, Empty: 0M, Relocated: 0M, In-Place: 0
[5.684s][info][gc,reloc    ] GC(8) Large Pages: 0 / 0M, Empty: 0M, Relocated: 0M, In-Place: 0
[5.684s][info][gc,reloc    ] GC(8) Forwarding Usage: 7M
[5.684s][info][gc,heap     ] GC(8) Min Capacity: 8M(0%)
[5.684s][info][gc,heap     ] GC(8) Max Capacity: 2048M(100%)
[5.684s][info][gc,heap     ] GC(8) Soft Max Capacity: 2048M(100%)
[5.684s][info][gc,heap     ] GC(8)                Mark Start          Mark End        Relocate Start      Relocate End           High               Low         
[5.684s][info][gc,heap     ] GC(8)  Capacity:     2048M (100%)       2048M (100%)       2048M (100%)       2048M (100%)       2048M (100%)       2048M (100%)   
[5.684s][info][gc,heap     ] GC(8)      Free:     1538M (75%)        1516M (74%)        1906M (93%)        1930M (94%)        1930M (94%)        1514M (74%)    
[5.684s][info][gc,heap     ] GC(8)      Used:      510M (25%)         532M (26%)         142M (7%)          118M (6%)          534M (26%)         118M (6%)     
[5.684s][info][gc,heap     ] GC(8)      Live:         -                40M (2%)           40M (2%)           40M (2%)             -                  -          
[5.684s][info][gc,heap     ] GC(8) Allocated:         -                22M (1%)           26M (1%)           27M (1%)             -                  -          
[5.684s][info][gc,heap     ] GC(8)   Garbage:         -               469M (23%)          75M (4%)           49M (2%)             -                  -          
[5.684s][info][gc,heap     ] GC(8) Reclaimed:         -                  -               394M (19%)         419M (21%)            -                  -          
[5.684s][info][gc          ] GC(8) Garbage Collection (Allocation Rate) 510M(25%)->118M(6%)
[5.745s][info][gc,start    ] GC(9) Garbage Collection (Allocation Rate)
[5.745s][info][gc,task     ] GC(9) Using 12 workers
[5.745s][info][gc,phases   ] GC(9) Pause Mark Start 0.015ms
[5.792s][info][gc,phases   ] GC(9) Concurrent Mark 46.426ms
[5.792s][info][gc,phases   ] GC(9) Pause Mark End 0.017ms
[5.792s][info][gc,phases   ] GC(9) Concurrent Mark Free 0.001ms
[5.793s][info][gc,phases   ] GC(9) Concurrent Process Non-Strong References 0.718ms
[5.793s][info][gc,phases   ] GC(9) Concurrent Reset Relocation Set 0.004ms
[5.808s][info][gc,phases   ] GC(9) Concurrent Select Relocation Set 15.036ms
[5.808s][info][gc,phases   ] GC(9) Pause Relocate Start 0.009ms
[5.820s][info][gc,phases   ] GC(9) Concurrent Relocate 11.557ms
[5.820s][info][gc,load     ] GC(9) Load: 0.00/0.00/0.00
[5.820s][info][gc,mmu      ] GC(9) MMU: 2ms/98.7%, 5ms/99.5%, 10ms/99.7%, 20ms/99.8%, 50ms/99.9%, 100ms/99.9%
[5.820s][info][gc,marking  ] GC(9) Mark: 8 stripe(s), 2 proactive flush(es), 1 terminate flush(es), 0 completion(s), 0 continuation(s) 
[5.820s][info][gc,marking  ] GC(9) Mark Stack Usage: 32M
[5.820s][info][gc,nmethod  ] GC(9) NMethods: 2194 registered, 474 unregistered
[5.820s][info][gc,metaspace] GC(9) Metaspace: 15M used, 15M committed, 1088M reserved
[5.820s][info][gc,ref      ] GC(9) Soft: 232 encountered, 0 discovered, 0 enqueued
[5.820s][info][gc,ref      ] GC(9) Weak: 864 encountered, 93 discovered, 0 enqueued
[5.820s][info][gc,ref      ] GC(9) Final: 0 encountered, 0 discovered, 0 enqueued
[5.820s][info][gc,ref      ] GC(9) Phantom: 35 encountered, 22 discovered, 0 enqueued
[5.820s][info][gc,reloc    ] GC(9) Small Pages: 69 / 138M, Empty: 0M, Relocated: 33M, In-Place: 0
[5.820s][info][gc,reloc    ] GC(9) Medium Pages: 1 / 32M, Empty: 0M, Relocated: 0M, In-Place: 0
[5.820s][info][gc,reloc    ] GC(9) Large Pages: 0 / 0M, Empty: 0M, Relocated: 0M, In-Place: 0
[5.820s][info][gc,reloc    ] GC(9) Forwarding Usage: 14M
[5.820s][info][gc,heap     ] GC(9) Min Capacity: 8M(0%)
[5.820s][info][gc,heap     ] GC(9) Max Capacity: 2048M(100%)
[5.820s][info][gc,heap     ] GC(9) Soft Max Capacity: 2048M(100%)
[5.820s][info][gc,heap     ] GC(9)                Mark Start          Mark End        Relocate Start      Relocate End           High               Low         
[5.820s][info][gc,heap     ] GC(9)  Capacity:     2048M (100%)       2048M (100%)       2048M (100%)       2048M (100%)       2048M (100%)       2048M (100%)   
[5.820s][info][gc,heap     ] GC(9)      Free:     1878M (92%)        1834M (90%)        1816M (89%)        1830M (89%)        1878M (92%)        1790M (87%)    
[5.820s][info][gc,heap     ] GC(9)      Used:      170M (8%)          214M (10%)         232M (11%)         218M (11%)         258M (13%)         170M (8%)     
[5.820s][info][gc,heap     ] GC(9)      Live:         -                87M (4%)           87M (4%)           87M (4%)             -                  -          
[5.820s][info][gc,heap     ] GC(9) Allocated:         -                44M (2%)           62M (3%)           67M (3%)             -                  -          
[5.820s][info][gc,heap     ] GC(9)   Garbage:         -                82M (4%)           82M (4%)           62M (3%)             -                  -          
[5.820s][info][gc,heap     ] GC(9) Reclaimed:         -                  -                 0M (0%)           19M (1%)             -                  -          
[5.820s][info][gc          ] GC(9) Garbage Collection (Allocation Rate) 170M(8%)->218M(11%)
[5.839s][info][gc,start    ] GC(10) Garbage Collection (Allocation Rate)
[5.839s][info][gc,task     ] GC(10) Using 12 workers
[5.839s][info][gc,phases   ] GC(10) Pause Mark Start 0.017ms
[5.901s][info][gc,phases   ] GC(10) Concurrent Mark 62.140ms
[5.901s][info][gc,phases   ] GC(10) Pause Mark End 0.015ms
[5.901s][info][gc,phases   ] GC(10) Concurrent Mark Free 0.001ms
[5.902s][info][gc,phases   ] GC(10) Concurrent Process Non-Strong References 0.598ms
[5.902s][info][gc,phases   ] GC(10) Concurrent Reset Relocation Set 0.003ms
[5.918s][info][gc,phases   ] GC(10) Concurrent Select Relocation Set 15.910ms
[5.918s][info][gc,phases   ] GC(10) Pause Relocate Start 0.009ms
[5.936s][info][gc,phases   ] GC(10) Concurrent Relocate 17.539ms
[5.936s][info][gc,load     ] GC(10) Load: 0.00/0.00/0.00
[5.936s][info][gc,mmu      ] GC(10) MMU: 2ms/98.7%, 5ms/99.5%, 10ms/99.7%, 20ms/99.8%, 50ms/99.9%, 100ms/99.9%
[5.936s][info][gc,marking  ] GC(10) Mark: 8 stripe(s), 2 proactive flush(es), 2 terminate flush(es), 0 completion(s), 0 continuation(s) 
[5.936s][info][gc,marking  ] GC(10) Mark Stack Usage: 32M
[5.936s][info][gc,nmethod  ] GC(10) NMethods: 2195 registered, 475 unregistered
[5.936s][info][gc,metaspace] GC(10) Metaspace: 15M used, 15M committed, 1088M reserved
[5.936s][info][gc,ref      ] GC(10) Soft: 232 encountered, 0 discovered, 0 enqueued
[5.936s][info][gc,ref      ] GC(10) Weak: 864 encountered, 161 discovered, 0 enqueued
[5.936s][info][gc,ref      ] GC(10) Final: 0 encountered, 0 discovered, 0 enqueued
[5.936s][info][gc,ref      ] GC(10) Phantom: 35 encountered, 21 discovered, 0 enqueued
[5.936s][info][gc,reloc    ] GC(10) Small Pages: 103 / 206M, Empty: 0M, Relocated: 45M, In-Place: 0
[5.936s][info][gc,reloc    ] GC(10) Medium Pages: 1 / 32M, Empty: 0M, Relocated: 0M, In-Place: 0
[5.936s][info][gc,reloc    ] GC(10) Large Pages: 0 / 0M, Empty: 0M, Relocated: 0M, In-Place: 0
[5.936s][info][gc,reloc    ] GC(10) Forwarding Usage: 19M
[5.936s][info][gc,heap     ] GC(10) Min Capacity: 8M(0%)
[5.936s][info][gc,heap     ] GC(10) Max Capacity: 2048M(100%)
[5.936s][info][gc,heap     ] GC(10) Soft Max Capacity: 2048M(100%)
[5.936s][info][gc,heap     ] GC(10)                Mark Start          Mark End        Relocate Start      Relocate End           High               Low         
[5.936s][info][gc,heap     ] GC(10)  Capacity:     2048M (100%)       2048M (100%)       2048M (100%)       2048M (100%)       2048M (100%)       2048M (100%)   
[5.936s][info][gc,heap     ] GC(10)      Free:     1810M (88%)        1768M (86%)        1754M (86%)        1782M (87%)        1810M (88%)        1730M (84%)    
[5.936s][info][gc,heap     ] GC(10)      Used:      238M (12%)         280M (14%)         294M (14%)         266M (13%)         318M (16%)         238M (12%)    
[5.936s][info][gc,heap     ] GC(10)      Live:         -               138M (7%)          138M (7%)          138M (7%)             -                  -          
[5.936s][info][gc,heap     ] GC(10) Allocated:         -                42M (2%)           56M (3%)           61M (3%)             -                  -          
[5.936s][info][gc,heap     ] GC(10)   Garbage:         -                99M (5%)           99M (5%)           65M (3%)             -                  -          
[5.936s][info][gc,heap     ] GC(10) Reclaimed:         -                  -                 0M (0%)           33M (2%)             -                  -          
[5.936s][info][gc          ] GC(10) Garbage Collection (Allocation Rate) 238M(12%)->266M(13%)
[6.042s][info][gc,start    ] GC(11) Garbage Collection (Allocation Rate)
[6.042s][info][gc,task     ] GC(11) Using 12 workers
[6.042s][info][gc,phases   ] GC(11) Pause Mark Start 0.017ms
[6.135s][info][gc,phases   ] GC(11) Concurrent Mark 93.290ms
[6.136s][info][gc,phases   ] GC(11) Pause Mark End 0.018ms
[6.136s][info][gc,phases   ] GC(11) Concurrent Mark Free 0.001ms
[6.136s][info][gc,phases   ] GC(11) Concurrent Process Non-Strong References 0.634ms
[6.136s][info][gc,phases   ] GC(11) Concurrent Reset Relocation Set 0.006ms
[6.156s][info][gc,phases   ] GC(11) Concurrent Select Relocation Set 20.067ms
[6.157s][info][gc,phases   ] GC(11) Pause Relocate Start 0.011ms
[6.177s][info][gc,phases   ] GC(11) Concurrent Relocate 20.431ms
[6.177s][info][gc,load     ] GC(11) Load: 0.00/0.00/0.00
[6.177s][info][gc,mmu      ] GC(11) MMU: 2ms/98.7%, 5ms/99.5%, 10ms/99.7%, 20ms/99.8%, 50ms/99.9%, 100ms/99.9%
[6.177s][info][gc,marking  ] GC(11) Mark: 8 stripe(s), 3 proactive flush(es), 2 terminate flush(es), 0 completion(s), 0 continuation(s) 
[6.177s][info][gc,marking  ] GC(11) Mark Stack Usage: 32M
[6.177s][info][gc,nmethod  ] GC(11) NMethods: 2199 registered, 475 unregistered
[6.177s][info][gc,metaspace] GC(11) Metaspace: 15M used, 15M committed, 1088M reserved
[6.177s][info][gc,ref      ] GC(11) Soft: 232 encountered, 0 discovered, 0 enqueued
[6.177s][info][gc,ref      ] GC(11) Weak: 864 encountered, 204 discovered, 0 enqueued
[6.177s][info][gc,ref      ] GC(11) Final: 0 encountered, 0 discovered, 0 enqueued
[6.177s][info][gc,ref      ] GC(11) Phantom: 35 encountered, 27 discovered, 0 enqueued
[6.177s][info][gc,reloc    ] GC(11) Small Pages: 166 / 332M, Empty: 0M, Relocated: 52M, In-Place: 0
[6.177s][info][gc,reloc    ] GC(11) Medium Pages: 1 / 32M, Empty: 0M, Relocated: 0M, In-Place: 0
[6.178s][info][gc,reloc    ] GC(11) Large Pages: 0 / 0M, Empty: 0M, Relocated: 0M, In-Place: 0
[6.178s][info][gc,reloc    ] GC(11) Forwarding Usage: 22M
[6.178s][info][gc,heap     ] GC(11) Min Capacity: 8M(0%)
[6.178s][info][gc,heap     ] GC(11) Max Capacity: 2048M(100%)
[6.178s][info][gc,heap     ] GC(11) Soft Max Capacity: 2048M(100%)
[6.178s][info][gc,heap     ] GC(11)                Mark Start          Mark End        Relocate Start      Relocate End           High               Low         
[6.178s][info][gc,heap     ] GC(11)  Capacity:     2048M (100%)       2048M (100%)       2048M (100%)       2048M (100%)       2048M (100%)       2048M (100%)   
[6.178s][info][gc,heap     ] GC(11)      Free:     1684M (82%)        1590M (78%)        1562M (76%)        1572M (77%)        1684M (82%)        1538M (75%)    
[6.178s][info][gc,heap     ] GC(11)      Used:      364M (18%)         458M (22%)         486M (24%)         476M (23%)         510M (25%)         364M (18%)    
[6.178s][info][gc,heap     ] GC(11)      Live:         -               238M (12%)         238M (12%)         238M (12%)            -                  -          
[6.178s][info][gc,heap     ] GC(11) Allocated:         -                94M (5%)          122M (6%)          141M (7%)             -                  -          
[6.178s][info][gc,heap     ] GC(11)   Garbage:         -               125M (6%)          125M (6%)           95M (5%)             -                  -          
[6.178s][info][gc,heap     ] GC(11) Reclaimed:         -                  -                 0M (0%)           29M (1%)             -                  -          
[6.178s][info][gc          ] GC(11) Garbage Collection (Allocation Rate) 364M(18%)->476M(23%)
[6.236s][info][gc,start    ] GC(12) Garbage Collection (Allocation Rate)
[6.236s][info][gc,task     ] GC(12) Using 12 workers
[6.236s][info][gc,phases   ] GC(12) Pause Mark Start 0.016ms
[6.377s][info][gc,phases   ] GC(12) Concurrent Mark 140.134ms
[6.377s][info][gc,phases   ] GC(12) Pause Mark End 0.027ms
[6.377s][info][gc,phases   ] GC(12) Concurrent Mark Free 0.001ms
[6.378s][info][gc,phases   ] GC(12) Concurrent Process Non-Strong References 0.657ms
[6.378s][info][gc,phases   ] GC(12) Concurrent Reset Relocation Set 0.005ms
[6.402s][info][gc,phases   ] GC(12) Concurrent Select Relocation Set 24.159ms
[6.402s][info][gc,phases   ] GC(12) Pause Relocate Start 0.011ms
[6.426s][info][gc,phases   ] GC(12) Concurrent Relocate 23.747ms
[6.426s][info][gc,load     ] GC(12) Load: 0.00/0.00/0.00
[6.426s][info][gc,mmu      ] GC(12) MMU: 2ms/98.6%, 5ms/99.5%, 10ms/99.7%, 20ms/99.8%, 50ms/99.9%, 100ms/99.9%
[6.426s][info][gc,marking  ] GC(12) Mark: 8 stripe(s), 2 proactive flush(es), 1 terminate flush(es), 0 completion(s), 0 continuation(s) 
[6.426s][info][gc,marking  ] GC(12) Mark Stack Usage: 32M
[6.426s][info][gc,nmethod  ] GC(12) NMethods: 2197 registered, 478 unregistered
[6.426s][info][gc,metaspace] GC(12) Metaspace: 15M used, 15M committed, 1088M reserved
[6.426s][info][gc,ref      ] GC(12) Soft: 232 encountered, 0 discovered, 0 enqueued
[6.426s][info][gc,ref      ] GC(12) Weak: 864 encountered, 103 discovered, 0 enqueued
[6.426s][info][gc,ref      ] GC(12) Final: 0 encountered, 0 discovered, 0 enqueued
[6.426s][info][gc,ref      ] GC(12) Phantom: 35 encountered, 23 discovered, 0 enqueued
[6.426s][info][gc,reloc    ] GC(12) Small Pages: 253 / 506M, Empty: 0M, Relocated: 71M, In-Place: 0
[6.426s][info][gc,reloc    ] GC(12) Medium Pages: 1 / 32M, Empty: 0M, Relocated: 0M, In-Place: 0
[6.426s][info][gc,reloc    ] GC(12) Large Pages: 0 / 0M, Empty: 0M, Relocated: 0M, In-Place: 0
[6.426s][info][gc,reloc    ] GC(12) Forwarding Usage: 31M
[6.426s][info][gc,heap     ] GC(12) Min Capacity: 8M(0%)
[6.426s][info][gc,heap     ] GC(12) Max Capacity: 2048M(100%)
[6.426s][info][gc,heap     ] GC(12) Soft Max Capacity: 2048M(100%)
[6.426s][info][gc,heap     ] GC(12)                Mark Start          Mark End        Relocate Start      Relocate End           High               Low         
[6.426s][info][gc,heap     ] GC(12)  Capacity:     2048M (100%)       2048M (100%)       2048M (100%)       2048M (100%)       2048M (100%)       2048M (100%)   
[6.426s][info][gc,heap     ] GC(12)      Free:     1510M (74%)        1430M (70%)        1410M (69%)        1434M (70%)        1510M (74%)        1384M (68%)    
[6.426s][info][gc,heap     ] GC(12)      Used:      538M (26%)         618M (30%)         638M (31%)         614M (30%)         664M (32%)         538M (26%)    
[6.426s][info][gc,heap     ] GC(12)      Live:         -               365M (18%)         365M (18%)         365M (18%)            -                  -          
[6.426s][info][gc,heap     ] GC(12) Allocated:         -                80M (4%)          100M (5%)          123M (6%)             -                  -          
[6.426s][info][gc,heap     ] GC(12)   Garbage:         -               172M (8%)          172M (8%)          124M (6%)             -                  -          
[6.426s][info][gc,heap     ] GC(12) Reclaimed:         -                  -                 0M (0%)           47M (2%)             -                  -          
[6.426s][info][gc          ] GC(12) Garbage Collection (Allocation Rate) 538M(26%)->614M(30%)
[6.439s][info][gc,start    ] GC(13) Garbage Collection (Allocation Rate)
[6.439s][info][gc,task     ] GC(13) Using 12 workers
[6.439s][info][gc,phases   ] GC(13) Pause Mark Start 0.012ms
[6.580s][info][gc,phases   ] GC(13) Concurrent Mark 140.391ms
[6.580s][info][gc,phases   ] GC(13) Pause Mark End 0.022ms
[6.580s][info][gc,phases   ] GC(13) Concurrent Mark Free 0.001ms
[6.581s][info][gc,phases   ] GC(13) Concurrent Process Non-Strong References 0.583ms
[6.581s][info][gc,phases   ] GC(13) Concurrent Reset Relocation Set 0.007ms
[6.585s][info][gc,phases   ] GC(13) Concurrent Select Relocation Set 4.461ms
[6.585s][info][gc,phases   ] GC(13) Pause Relocate Start 0.006ms
[6.600s][info][gc,phases   ] GC(13) Concurrent Relocate 14.331ms
[6.600s][info][gc,load     ] GC(13) Load: 0.00/0.00/0.00
[6.600s][info][gc,mmu      ] GC(13) MMU: 2ms/98.6%, 5ms/99.5%, 10ms/99.7%, 20ms/99.8%, 50ms/99.9%, 100ms/99.9%
[6.600s][info][gc,marking  ] GC(13) Mark: 8 stripe(s), 2 proactive flush(es), 1 terminate flush(es), 0 completion(s), 0 continuation(s) 
[6.600s][info][gc,marking  ] GC(13) Mark Stack Usage: 32M
[6.600s][info][gc,nmethod  ] GC(13) NMethods: 2197 registered, 479 unregistered
[6.600s][info][gc,metaspace] GC(13) Metaspace: 15M used, 15M committed, 1088M reserved
[6.600s][info][gc,ref      ] GC(13) Soft: 232 encountered, 0 discovered, 0 enqueued
[6.600s][info][gc,ref      ] GC(13) Weak: 864 encountered, 113 discovered, 0 enqueued
[6.600s][info][gc,ref      ] GC(13) Final: 0 encountered, 0 discovered, 0 enqueued
[6.600s][info][gc,ref      ] GC(13) Phantom: 35 encountered, 21 discovered, 0 enqueued
[6.600s][info][gc,reloc    ] GC(13) Small Pages: 298 / 596M, Empty: 0M, Relocated: 43M, In-Place: 0
[6.600s][info][gc,reloc    ] GC(13) Medium Pages: 1 / 32M, Empty: 0M, Relocated: 0M, In-Place: 0
[6.600s][info][gc,reloc    ] GC(13) Large Pages: 0 / 0M, Empty: 0M, Relocated: 0M, In-Place: 0
[6.600s][info][gc,reloc    ] GC(13) Forwarding Usage: 18M
[6.600s][info][gc,heap     ] GC(13) Min Capacity: 8M(0%)
[6.600s][info][gc,heap     ] GC(13) Max Capacity: 2048M(100%)
[6.600s][info][gc,heap     ] GC(13) Soft Max Capacity: 2048M(100%)
[6.600s][info][gc,heap     ] GC(13)                Mark Start          Mark End        Relocate Start      Relocate End           High               Low         
[6.600s][info][gc,heap     ] GC(13)  Capacity:     2048M (100%)       2048M (100%)       2048M (100%)       2048M (100%)       2048M (100%)       2048M (100%)   
[6.600s][info][gc,heap     ] GC(13)      Free:     1420M (69%)        1322M (65%)        1316M (64%)        1328M (65%)        1420M (69%)        1292M (63%)    
[6.600s][info][gc,heap     ] GC(13)      Used:      628M (31%)         726M (35%)         732M (36%)         720M (35%)         756M (37%)         628M (31%)    
[6.600s][info][gc,heap     ] GC(13)      Live:         -               453M (22%)         453M (22%)         453M (22%)            -                  -          
[6.600s][info][gc,heap     ] GC(13) Allocated:         -                98M (5%)          104M (5%)          117M (6%)             -                  -          
[6.600s][info][gc,heap     ] GC(13)   Garbage:         -               174M (9%)          174M (9%)          149M (7%)             -                  -          
[6.600s][info][gc,heap     ] GC(13) Reclaimed:         -                  -                 0M (0%)           25M (1%)             -                  -          
[6.600s][info][gc          ] GC(13) Garbage Collection (Allocation Rate) 628M(31%)->720M(35%)
[6.642s][info][gc,start    ] GC(14) Garbage Collection (Allocation Rate)
[6.642s][info][gc,task     ] GC(14) Using 12 workers
[6.643s][info][gc,phases   ] GC(14) Pause Mark Start 0.017ms
[6.802s][info][gc,phases   ] GC(14) Concurrent Mark 159.344ms
[6.802s][info][gc,phases   ] GC(14) Pause Mark End 0.014ms
[6.802s][info][gc,phases   ] GC(14) Concurrent Mark Free 0.001ms
[6.803s][info][gc,phases   ] GC(14) Concurrent Process Non-Strong References 0.533ms
[6.803s][info][gc,phases   ] GC(14) Concurrent Reset Relocation Set 0.005ms
[6.826s][info][gc,phases   ] GC(14) Concurrent Select Relocation Set 23.559ms
[6.826s][info][gc,phases   ] GC(14) Pause Relocate Start 0.009ms
[6.841s][info][gc,phases   ] GC(14) Concurrent Relocate 14.438ms
[6.841s][info][gc,load     ] GC(14) Load: 0.00/0.00/0.00
[6.841s][info][gc,mmu      ] GC(14) MMU: 2ms/98.6%, 5ms/99.5%, 10ms/99.7%, 20ms/99.8%, 50ms/99.9%, 100ms/99.9%
[6.841s][info][gc,marking  ] GC(14) Mark: 8 stripe(s), 3 proactive flush(es), 1 terminate flush(es), 0 completion(s), 0 continuation(s) 
[6.841s][info][gc,marking  ] GC(14) Mark Stack Usage: 32M
[6.841s][info][gc,nmethod  ] GC(14) NMethods: 2234 registered, 480 unregistered
[6.841s][info][gc,metaspace] GC(14) Metaspace: 15M used, 15M committed, 1088M reserved
[6.841s][info][gc,ref      ] GC(14) Soft: 232 encountered, 0 discovered, 0 enqueued
[6.841s][info][gc,ref      ] GC(14) Weak: 864 encountered, 199 discovered, 0 enqueued
[6.841s][info][gc,ref      ] GC(14) Final: 0 encountered, 0 discovered, 0 enqueued
[6.841s][info][gc,ref      ] GC(14) Phantom: 35 encountered, 26 discovered, 0 enqueued
[6.841s][info][gc,reloc    ] GC(14) Small Pages: 366 / 732M, Empty: 0M, Relocated: 45M, In-Place: 0
[6.841s][info][gc,reloc    ] GC(14) Medium Pages: 1 / 32M, Empty: 0M, Relocated: 0M, In-Place: 0
[6.841s][info][gc,reloc    ] GC(14) Large Pages: 0 / 0M, Empty: 0M, Relocated: 0M, In-Place: 0
[6.841s][info][gc,reloc    ] GC(14) Forwarding Usage: 19M
[6.841s][info][gc,heap     ] GC(14) Min Capacity: 8M(0%)
[6.841s][info][gc,heap     ] GC(14) Max Capacity: 2048M(100%)
[6.841s][info][gc,heap     ] GC(14) Soft Max Capacity: 2048M(100%)
[6.841s][info][gc,heap     ] GC(14)                Mark Start          Mark End        Relocate Start      Relocate End           High               Low         
[6.841s][info][gc,heap     ] GC(14)  Capacity:     2048M (100%)       2048M (100%)       2048M (100%)       2048M (100%)       2048M (100%)       2048M (100%)   
[6.841s][info][gc,heap     ] GC(14)      Free:     1284M (63%)        1178M (58%)        1164M (57%)        1188M (58%)        1284M (63%)        1140M (56%)    
[6.841s][info][gc,heap     ] GC(14)      Used:      764M (37%)         870M (42%)         884M (43%)         860M (42%)         908M (44%)         764M (37%)    
[6.841s][info][gc,heap     ] GC(14)      Live:         -               556M (27%)         556M (27%)         556M (27%)            -                  -          
[6.841s][info][gc,heap     ] GC(14) Allocated:         -               106M (5%)          120M (6%)          121M (6%)             -                  -          
[6.841s][info][gc,heap     ] GC(14)   Garbage:         -               207M (10%)         207M (10%)         181M (9%)             -                  -          
[6.841s][info][gc,heap     ] GC(14) Reclaimed:         -                  -                 0M (0%)           25M (1%)             -                  -          
[6.841s][info][gc          ] GC(14) Garbage Collection (Allocation Rate) 764M(37%)->860M(42%)
[6.930s][info][gc,start    ] GC(15) Garbage Collection (Allocation Rate)
[6.930s][info][gc,task     ] GC(15) Using 12 workers
[6.931s][info][gc,phases   ] GC(15) Pause Mark Start 0.013ms
[7.118s][info][gc,phases   ] GC(15) Concurrent Mark 187.020ms
[7.118s][info][gc,phases   ] GC(15) Pause Mark End 0.020ms
[7.118s][info][gc,phases   ] GC(15) Concurrent Mark Free 0.001ms
[7.119s][info][gc,phases   ] GC(15) Concurrent Process Non-Strong References 0.825ms
[7.119s][info][gc,phases   ] GC(15) Concurrent Reset Relocation Set 0.013ms
[7.156s][info][gc,phases   ] GC(15) Concurrent Select Relocation Set 36.906ms
[7.156s][info][gc,phases   ] GC(15) Pause Relocate Start 0.009ms
[7.185s][info][gc,phases   ] GC(15) Concurrent Relocate 29.043ms
[7.185s][info][gc,load     ] GC(15) Load: 0.00/0.00/0.00
[7.185s][info][gc,mmu      ] GC(15) MMU: 2ms/98.6%, 5ms/99.5%, 10ms/99.7%, 20ms/99.8%, 50ms/99.9%, 100ms/99.9%
[7.185s][info][gc,marking  ] GC(15) Mark: 8 stripe(s), 3 proactive flush(es), 1 terminate flush(es), 0 completion(s), 0 continuation(s) 
[7.185s][info][gc,marking  ] GC(15) Mark Stack Usage: 32M
[7.185s][info][gc,nmethod  ] GC(15) NMethods: 2224 registered, 493 unregistered
[7.185s][info][gc,metaspace] GC(15) Metaspace: 15M used, 15M committed, 1088M reserved
[7.185s][info][gc,ref      ] GC(15) Soft: 232 encountered, 0 discovered, 0 enqueued
[7.185s][info][gc,ref      ] GC(15) Weak: 867 encountered, 281 discovered, 3 enqueued
[7.185s][info][gc,ref      ] GC(15) Final: 0 encountered, 0 discovered, 0 enqueued
[7.185s][info][gc,ref      ] GC(15) Phantom: 35 encountered, 19 discovered, 0 enqueued
[7.185s][info][gc,reloc    ] GC(15) Small Pages: 414 / 828M, Empty: 0M, Relocated: 120M, In-Place: 0
[7.185s][info][gc,reloc    ] GC(15) Medium Pages: 2 / 64M, Empty: 0M, Relocated: 3M, In-Place: 0
[7.185s][info][gc,reloc    ] GC(15) Large Pages: 0 / 0M, Empty: 0M, Relocated: 0M, In-Place: 0
[7.185s][info][gc,reloc    ] GC(15) Forwarding Usage: 49M
[7.185s][info][gc,heap     ] GC(15) Min Capacity: 8M(0%)
[7.185s][info][gc,heap     ] GC(15) Max Capacity: 2048M(100%)
[7.185s][info][gc,heap     ] GC(15) Soft Max Capacity: 2048M(100%)
[7.185s][info][gc,heap     ] GC(15)                Mark Start          Mark End        Relocate Start      Relocate End           High               Low         
[7.185s][info][gc,heap     ] GC(15)  Capacity:     2048M (100%)       2048M (100%)       2048M (100%)       2048M (100%)       2048M (100%)       2048M (100%)   
[7.185s][info][gc,heap     ] GC(15)      Free:     1156M (56%)        1094M (53%)        1074M (52%)        1178M (58%)        1178M (58%)         988M (48%)    
[7.185s][info][gc,heap     ] GC(15)      Used:      892M (44%)         954M (47%)         974M (48%)         870M (42%)        1060M (52%)         870M (42%)    
[7.185s][info][gc,heap     ] GC(15)      Live:         -               584M (29%)         584M (29%)         584M (29%)            -                  -          
[7.185s][info][gc,heap     ] GC(15) Allocated:         -                62M (3%)           82M (4%)          116M (6%)             -                  -          
[7.185s][info][gc,heap     ] GC(15)   Garbage:         -               307M (15%)         307M (15%)         169M (8%)             -                  -          
[7.185s][info][gc,heap     ] GC(15) Reclaimed:         -                  -                 0M (0%)          138M (7%)             -                  -          
[7.185s][info][gc          ] GC(15) Garbage Collection (Allocation Rate) 892M(44%)->870M(42%)
[7.238s][info][gc,start    ] GC(16) Garbage Collection (Allocation Rate)
[7.238s][info][gc,task     ] GC(16) Using 12 workers
[7.238s][info][gc,phases   ] GC(16) Pause Mark Start 0.014ms
[7.266s][info][gc,phases   ] GC(16) Concurrent Mark 28.052ms
[7.267s][info][gc,phases   ] GC(16) Pause Mark End 0.020ms
[7.267s][info][gc,phases   ] GC(16) Concurrent Mark Free 0.001ms
[7.268s][info][gc,phases   ] GC(16) Concurrent Process Non-Strong References 0.808ms
[7.268s][info][gc,phases   ] GC(16) Concurrent Reset Relocation Set 0.030ms
[7.278s][info][gc,phases   ] GC(16) Concurrent Select Relocation Set 10.373ms
[7.278s][info][gc,phases   ] GC(16) Pause Relocate Start 0.005ms
[7.281s][info][gc,phases   ] GC(16) Concurrent Relocate 2.799ms
[7.281s][info][gc,load     ] GC(16) Load: 0.00/0.00/0.00
[7.281s][info][gc,mmu      ] GC(16) MMU: 2ms/98.6%, 5ms/99.5%, 10ms/99.7%, 20ms/99.8%, 50ms/99.9%, 100ms/99.9%
[7.281s][info][gc,marking  ] GC(16) Mark: 8 stripe(s), 2 proactive flush(es), 1 terminate flush(es), 0 completion(s), 0 continuation(s) 
[7.281s][info][gc,marking  ] GC(16) Mark Stack Usage: 32M
[7.281s][info][gc,nmethod  ] GC(16) NMethods: 2290 registered, 509 unregistered
[7.281s][info][gc,metaspace] GC(16) Metaspace: 16M used, 16M committed, 1088M reserved
[7.281s][info][gc,ref      ] GC(16) Soft: 238 encountered, 0 discovered, 0 enqueued
[7.281s][info][gc,ref      ] GC(16) Weak: 896 encountered, 89 discovered, 9 enqueued
[7.281s][info][gc,ref      ] GC(16) Final: 0 encountered, 0 discovered, 0 enqueued
[7.281s][info][gc,ref      ] GC(16) Phantom: 39 encountered, 24 discovered, 4 enqueued
[7.281s][info][gc,reloc    ] GC(16) Small Pages: 405 / 810M, Empty: 742M, Relocated: 4M, In-Place: 0
[7.281s][info][gc,reloc    ] GC(16) Medium Pages: 2 / 64M, Empty: 64M, Relocated: 0M, In-Place: 0
[7.281s][info][gc,reloc    ] GC(16) Large Pages: 0 / 0M, Empty: 0M, Relocated: 0M, In-Place: 0
[7.281s][info][gc,reloc    ] GC(16) Forwarding Usage: 1M
[7.281s][info][gc,heap     ] GC(16) Min Capacity: 8M(0%)
[7.281s][info][gc,heap     ] GC(16) Max Capacity: 2048M(100%)
[7.281s][info][gc,heap     ] GC(16) Soft Max Capacity: 2048M(100%)
[7.281s][info][gc,heap     ] GC(16)                Mark Start          Mark End        Relocate Start      Relocate End           High               Low         
[7.281s][info][gc,heap     ] GC(16)  Capacity:     2048M (100%)       2048M (100%)       2048M (100%)       2048M (100%)       2048M (100%)       2048M (100%)   
[7.281s][info][gc,heap     ] GC(16)      Free:     1174M (57%)        1158M (57%)        1964M (96%)        2006M (98%)        2006M (98%)        1158M (57%)    
[7.281s][info][gc,heap     ] GC(16)      Used:      874M (43%)         890M (43%)          84M (4%)           42M (2%)          890M (43%)          42M (2%)     
[7.281s][info][gc,heap     ] GC(16)      Live:         -                 6M (0%)            6M (0%)            6M (0%)             -                  -          
[7.281s][info][gc,heap     ] GC(16) Allocated:         -                16M (1%)           16M (1%)           15M (1%)             -                  -          
[7.282s][info][gc,heap     ] GC(16)   Garbage:         -               867M (42%)          61M (3%)           19M (1%)             -                  -          
[7.282s][info][gc,heap     ] GC(16) Reclaimed:         -                  -               806M (39%)         847M (41%)            -                  -          
[7.282s][info][gc          ] GC(16) Garbage Collection (Allocation Rate) 874M(43%)->42M(2%)
[10.139s][info][gc,stats    ] === Garbage Collection Statistics =======================================================================================================================
[10.139s][info][gc,stats    ]                                                              Last 10s              Last 10m              Last 10h                Total
[10.139s][info][gc,stats    ]                                                              Avg / Max             Avg / Max             Avg / Max             Avg / Max
[10.139s][info][gc,stats    ]   Collector: Garbage Collection Cycle                    128.088 / 254.882     128.088 / 254.882     128.088 / 254.882     128.088 / 254.882     ms
[10.139s][info][gc,stats    ]  Contention: Mark Segment Reset Contention                    10 / 54               10 / 54               10 / 54               10 / 54          ops/s
[10.139s][info][gc,stats    ]  Contention: Mark SeqNum Reset Contention                      1 / 9                 1 / 9                 1 / 9                 1 / 9           ops/s
[10.139s][info][gc,stats    ]    Critical: Allocation Stall                                  0 / 0                 0 / 0                 0 / 0                 0 / 0           ops/s
[10.139s][info][gc,stats    ]    Critical: Allocation Stall                              0.000 / 0.000         0.000 / 0.000         0.000 / 0.000         0.000 / 0.000       ms
[10.139s][info][gc,stats    ]    Critical: GC Locker Stall                                   0 / 0                 0 / 0                 0 / 0                 0 / 0           ops/s
[10.139s][info][gc,stats    ]    Critical: GC Locker Stall                               0.000 / 0.000         0.000 / 0.000         0.000 / 0.000         0.000 / 0.000       ms
[10.139s][info][gc,stats    ]    Critical: Relocation Stall                                  0 / 0                 0 / 0                 0 / 0                 0 / 0           ops/s
[10.139s][info][gc,stats    ]    Critical: Relocation Stall                              0.000 / 0.000         0.000 / 0.000         0.000 / 0.000         0.000 / 0.000       ms
[10.139s][info][gc,stats    ]      Memory: Allocation Rate                                 719 / 3714            719 / 3714            719 / 3714            719 / 3714        MB/s
[10.139s][info][gc,stats    ]      Memory: Defragment                                        0 / 0                 0 / 0                 0 / 0                 0 / 0           ops/s
[10.139s][info][gc,stats    ]      Memory: Out Of Memory                                     0 / 0                 0 / 0                 0 / 0                 0 / 0           ops/s
[10.139s][info][gc,stats    ]      Memory: Page Cache Flush                                  0 / 0                 0 / 0                 0 / 0                 0 / 0           MB/s
[10.139s][info][gc,stats    ]      Memory: Page Cache Hit L1                               331 / 1467            331 / 1467            331 / 1467            331 / 1467        ops/s
[10.139s][info][gc,stats    ]      Memory: Page Cache Hit L2                                 0 / 0                 0 / 0                 0 / 0                 0 / 0           ops/s
[10.139s][info][gc,stats    ]      Memory: Page Cache Hit L3                                60 / 438              60 / 438              60 / 438              60 / 438         ops/s
[10.139s][info][gc,stats    ]      Memory: Page Cache Miss                                   0 / 1                 0 / 1                 0 / 1                 0 / 1           ops/s
[10.140s][info][gc,stats    ]      Memory: Uncommit                                          0 / 0                 0 / 0                 0 / 0                 0 / 0           MB/s
[10.140s][info][gc,stats    ]      Memory: Undo Object Allocation Failed                    23 / 165              23 / 165              23 / 165              23 / 165         ops/s
[10.140s][info][gc,stats    ]      Memory: Undo Object Allocation Succeeded                  5 / 38                5 / 38                5 / 38                5 / 38          ops/s
[10.140s][info][gc,stats    ]      Memory: Undo Page Allocation                             63 / 384              63 / 384              63 / 384              63 / 384         ops/s
[10.140s][info][gc,stats    ]       Phase: Concurrent Mark                              79.967 / 187.020      79.967 / 187.020      79.967 / 187.020      79.967 / 187.020     ms
[10.140s][info][gc,stats    ]       Phase: Concurrent Mark Continue                      0.000 / 0.000         0.000 / 0.000         0.000 / 0.000         0.000 / 0.000       ms
[10.140s][info][gc,stats    ]       Phase: Concurrent Mark Free                          0.001 / 0.001         0.001 / 0.001         0.001 / 0.001         0.001 / 0.001       ms
[10.140s][info][gc,stats    ]       Phase: Concurrent Process Non-Strong References      3.299 / 27.194        3.299 / 27.194        3.299 / 27.194        3.299 / 27.194      ms
[10.140s][info][gc,stats    ]       Phase: Concurrent Relocate                          11.224 / 29.043       11.224 / 29.043       11.224 / 29.043       11.224 / 29.043      ms
[10.140s][info][gc,stats    ]       Phase: Concurrent Reset Relocation Set               0.013 / 0.030         0.013 / 0.030         0.013 / 0.030         0.013 / 0.030       ms
[10.140s][info][gc,stats    ]       Phase: Concurrent Select Relocation Set             12.251 / 36.906       12.251 / 36.906       12.251 / 36.906       12.251 / 36.906      ms
[10.140s][info][gc,stats    ]       Phase: Pause Mark End                                0.019 / 0.027         0.019 / 0.027         0.019 / 0.027         0.019 / 0.027       ms
[10.140s][info][gc,stats    ]       Phase: Pause Mark Start                              0.013 / 0.017         0.013 / 0.017         0.013 / 0.017         0.013 / 0.017       ms
[10.140s][info][gc,stats    ]       Phase: Pause Relocate Start                          0.008 / 0.017         0.008 / 0.017         0.008 / 0.017         0.008 / 0.017       ms
[10.140s][info][gc,stats    ]    Subphase: Concurrent Classes Purge                      0.230 / 1.679         0.230 / 1.679         0.230 / 1.679         0.230 / 1.679       ms
[10.140s][info][gc,stats    ]    Subphase: Concurrent Classes Unlink                     2.017 / 24.520        2.017 / 24.520        2.017 / 24.520        2.017 / 24.520      ms
[10.140s][info][gc,stats    ]    Subphase: Concurrent Mark                              75.462 / 185.858      75.462 / 185.858      75.462 / 185.858      75.462 / 185.858     ms
[10.140s][info][gc,stats    ]    Subphase: Concurrent Mark Try Flush                     5.475 / 31.222        5.475 / 31.222        5.475 / 31.222        5.475 / 31.222      ms
[10.140s][info][gc,stats    ]    Subphase: Concurrent Mark Try Terminate                11.032 / 16.662       11.032 / 16.662       11.032 / 16.662       11.032 / 16.662      ms
[10.140s][info][gc,stats    ]    Subphase: Concurrent References Enqueue                 0.001 / 0.004         0.001 / 0.004         0.001 / 0.004         0.001 / 0.004       ms
[10.140s][info][gc,stats    ]    Subphase: Concurrent References Process                 0.111 / 0.527         0.111 / 0.527         0.111 / 0.527         0.111 / 0.527       ms
[10.140s][info][gc,stats    ]    Subphase: Concurrent Roots ClassLoaderDataGraph         0.075 / 1.030         0.075 / 1.030         0.075 / 1.030         0.075 / 1.030       ms
[10.140s][info][gc,stats    ]    Subphase: Concurrent Roots CodeCache                    0.000 / 0.000         0.000 / 0.000         0.000 / 0.000         0.000 / 0.000       ms
[10.140s][info][gc,stats    ]    Subphase: Concurrent Roots JavaThreads                  1.999 / 17.879        1.999 / 17.879        1.999 / 17.879        1.999 / 17.879      ms
[10.140s][info][gc,stats    ]    Subphase: Concurrent Roots OopStorageSet                0.045 / 0.569         0.045 / 0.569         0.045 / 0.569         0.045 / 0.569       ms
[10.140s][info][gc,stats    ]    Subphase: Concurrent Weak Roots OopStorageSet           0.095 / 0.177         0.095 / 0.177         0.095 / 0.177         0.095 / 0.177       ms
[10.140s][info][gc,stats    ]    Subphase: Pause Mark Try Complete                       0.000 / 0.000         0.000 / 0.000         0.000 / 0.000         0.000 / 0.000       ms
[10.141s][info][gc,stats    ]      System: Java Threads                                     65 / 75               65 / 75               65 / 75               65 / 75          threads
[10.141s][info][gc,stats    ] =========================================================================================================================================================
[15.843s][info][gc,start    ] GC(17) Garbage Collection (Allocation Rate)
[15.844s][info][gc,task     ] GC(17) Using 12 workers
[15.844s][info][gc,phases   ] GC(17) Pause Mark Start 0.018ms
[15.937s][info][gc,phases   ] GC(17) Concurrent Mark 93.255ms
[15.937s][info][gc,phases   ] GC(17) Pause Mark End 0.020ms
[15.937s][info][gc,phases   ] GC(17) Concurrent Mark Free 0.001ms
[15.943s][info][gc,phases   ] GC(17) Concurrent Process Non-Strong References 5.678ms
[15.943s][info][gc,phases   ] GC(17) Concurrent Reset Relocation Set 0.003ms
[15.986s][info][gc,phases   ] GC(17) Concurrent Select Relocation Set 42.883ms
[15.986s][info][gc,phases   ] GC(17) Pause Relocate Start 0.008ms
[16.042s][info][gc,phases   ] GC(17) Concurrent Relocate 56.047ms
[16.042s][info][gc,load     ] GC(17) Load: 0.00/0.00/0.00
[16.042s][info][gc,mmu      ] GC(17) MMU: 2ms/98.6%, 5ms/99.5%, 10ms/99.7%, 20ms/99.8%, 50ms/99.9%, 100ms/99.9%
[16.042s][info][gc,marking  ] GC(17) Mark: 8 stripe(s), 2 proactive flush(es), 1 terminate flush(es), 0 completion(s), 0 continuation(s) 
[16.042s][info][gc,marking  ] GC(17) Mark Stack Usage: 32M
[16.042s][info][gc,nmethod  ] GC(17) NMethods: 2319 registered, 60 unregistered
[16.042s][info][gc,metaspace] GC(17) Metaspace: 15M used, 16M committed, 1088M reserved
[16.042s][info][gc,ref      ] GC(17) Soft: 243 encountered, 0 discovered, 0 enqueued
[16.042s][info][gc,ref      ] GC(17) Weak: 1002 encountered, 204 discovered, 69 enqueued
[16.042s][info][gc,ref      ] GC(17) Final: 0 encountered, 0 discovered, 0 enqueued
[16.042s][info][gc,ref      ] GC(17) Phantom: 98 encountered, 79 discovered, 63 enqueued
[16.042s][info][gc,reloc    ] GC(17) Small Pages: 400 / 800M, Empty: 108M, Relocated: 244M, In-Place: 0
[16.042s][info][gc,reloc    ] GC(17) Medium Pages: 0 / 0M, Empty: 0M, Relocated: 0M, In-Place: 0
[16.042s][info][gc,reloc    ] GC(17) Large Pages: 0 / 0M, Empty: 0M, Relocated: 0M, In-Place: 0
[16.042s][info][gc,reloc    ] GC(17) Forwarding Usage: 160M
[16.042s][info][gc,heap     ] GC(17) Min Capacity: 8M(0%)
[16.042s][info][gc,heap     ] GC(17) Max Capacity: 2048M(100%)
[16.042s][info][gc,heap     ] GC(17) Soft Max Capacity: 2048M(100%)
[16.042s][info][gc,heap     ] GC(17)                Mark Start          Mark End        Relocate Start      Relocate End           High               Low         
[16.042s][info][gc,heap     ] GC(17)  Capacity:     2048M (100%)       2048M (100%)       2048M (100%)       2048M (100%)       2048M (100%)       2048M (100%)   
[16.042s][info][gc,heap     ] GC(17)      Free:     1248M (61%)        1138M (56%)        1174M (57%)        1574M (77%)        1574M (77%)        1124M (55%)    
[16.042s][info][gc,heap     ] GC(17)      Used:      800M (39%)         910M (44%)         874M (43%)         474M (23%)         924M (45%)         474M (23%)    
[16.043s][info][gc,heap     ] GC(17)      Live:         -               245M (12%)         245M (12%)         245M (12%)            -                  -          
[16.043s][info][gc,heap     ] GC(17) Allocated:         -               110M (5%)          182M (9%)          214M (10%)            -                  -          
[16.043s][info][gc,heap     ] GC(17)   Garbage:         -               554M (27%)         446M (22%)          13M (1%)             -                  -          
[16.043s][info][gc,heap     ] GC(17) Reclaimed:         -                  -               108M (5%)          540M (26%)            -                  -          
[16.043s][info][gc          ] GC(17) Garbage Collection (Allocation Rate) 800M(39%)->474M(23%)
[16.140s][info][gc,start    ] GC(18) Garbage Collection (Allocation Rate)
[16.140s][info][gc,task     ] GC(18) Using 12 workers
[16.140s][info][gc,phases   ] GC(18) Pause Mark Start 0.014ms
[16.312s][info][gc,phases   ] GC(18) Concurrent Mark 171.504ms
[16.361s][info][gc,phases   ] GC(18) Pause Mark End 0.025ms
[16.362s][info][gc,phases   ] GC(18) Concurrent Mark Free 0.001ms
[16.363s][info][gc,phases   ] GC(18) Concurrent Process Non-Strong References 1.110ms
[16.363s][info][gc,phases   ] GC(18) Concurrent Reset Relocation Set 0.096ms
[16.382s][info][gc,phases   ] GC(18) Concurrent Select Relocation Set 19.357ms
[16.382s][info][gc,phases   ] GC(18) Pause Relocate Start 0.010ms
[16.421s][info][gc,phases   ] GC(18) Concurrent Relocate 38.375ms
[16.421s][info][gc,load     ] GC(18) Load: 0.00/0.00/0.00
[16.421s][info][gc,mmu      ] GC(18) MMU: 2ms/98.6%, 5ms/99.5%, 10ms/99.7%, 20ms/99.8%, 50ms/99.9%, 100ms/99.9%
[16.421s][info][gc,marking  ] GC(18) Mark: 8 stripe(s), 2 proactive flush(es), 1 terminate flush(es), 0 completion(s), 0 continuation(s) 
[16.421s][info][gc,marking  ] GC(18) Mark Stack Usage: 32M
[16.421s][info][gc,nmethod  ] GC(18) NMethods: 2319 registered, 60 unregistered
[16.421s][info][gc,metaspace] GC(18) Metaspace: 15M used, 16M committed, 1088M reserved
[16.421s][info][gc,ref      ] GC(18) Soft: 243 encountered, 0 discovered, 0 enqueued
[16.421s][info][gc,ref      ] GC(18) Weak: 933 encountered, 274 discovered, 0 enqueued
[16.421s][info][gc,ref      ] GC(18) Final: 0 encountered, 0 discovered, 0 enqueued
[16.421s][info][gc,ref      ] GC(18) Phantom: 35 encountered, 15 discovered, 0 enqueued
[16.421s][info][gc,reloc    ] GC(18) Small Pages: 299 / 598M, Empty: 0M, Relocated: 132M, In-Place: 0
[16.421s][info][gc,reloc    ] GC(18) Medium Pages: 0 / 0M, Empty: 0M, Relocated: 0M, In-Place: 0
[16.421s][info][gc,reloc    ] GC(18) Large Pages: 0 / 0M, Empty: 0M, Relocated: 0M, In-Place: 0
[16.421s][info][gc,reloc    ] GC(18) Forwarding Usage: 86M
[16.421s][info][gc,heap     ] GC(18) Min Capacity: 8M(0%)
[16.421s][info][gc,heap     ] GC(18) Max Capacity: 2048M(100%)
[16.421s][info][gc,heap     ] GC(18) Soft Max Capacity: 2048M(100%)
[16.422s][info][gc,heap     ] GC(18)                Mark Start          Mark End        Relocate Start      Relocate End           High               Low         
[16.422s][info][gc,heap     ] GC(18)  Capacity:     2048M (100%)       2048M (100%)       2048M (100%)       2048M (100%)       2048M (100%)       2048M (100%)   
[16.422s][info][gc,heap     ] GC(18)      Free:     1450M (71%)        1232M (60%)        1204M (59%)        1392M (68%)        1450M (71%)        1180M (58%)    
[16.422s][info][gc,heap     ] GC(18)      Used:      598M (29%)         816M (40%)         844M (41%)         656M (32%)         868M (42%)         598M (29%)    
[16.422s][info][gc,heap     ] GC(18)      Live:         -               366M (18%)         366M (18%)         366M (18%)            -                  -          
[16.422s][info][gc,heap     ] GC(18) Allocated:         -               218M (11%)         246M (12%)         266M (13%)            -                  -          
[16.422s][info][gc,heap     ] GC(18)   Garbage:         -               231M (11%)         231M (11%)          22M (1%)             -                  -          
[16.422s][info][gc,heap     ] GC(18) Reclaimed:         -                  -                 0M (0%)          208M (10%)            -                  -          
[16.422s][info][gc          ] GC(18) Garbage Collection (Allocation Rate) 598M(29%)->656M(32%)
[16.437s][info][gc,start    ] GC(19) Garbage Collection (Allocation Rate)
[16.437s][info][gc,task     ] GC(19) Using 12 workers
[16.437s][info][gc,phases   ] GC(19) Pause Mark Start 0.013ms
[16.609s][info][gc,phases   ] GC(19) Concurrent Mark 171.540ms
[16.609s][info][gc,phases   ] GC(19) Pause Mark End 0.021ms
[16.609s][info][gc,phases   ] GC(19) Concurrent Mark Free 0.001ms
[16.610s][info][gc,phases   ] GC(19) Concurrent Process Non-Strong References 0.580ms
[16.610s][info][gc,phases   ] GC(19) Concurrent Reset Relocation Set 0.021ms
[16.616s][info][gc,phases   ] GC(19) Concurrent Select Relocation Set 6.219ms
[16.616s][info][gc,phases   ] GC(19) Pause Relocate Start 0.009ms
[16.647s][info][gc,phases   ] GC(19) Concurrent Relocate 30.548ms
[16.647s][info][gc,load     ] GC(19) Load: 0.00/0.00/0.00
[16.647s][info][gc,mmu      ] GC(19) MMU: 2ms/98.6%, 5ms/99.5%, 10ms/99.7%, 20ms/99.8%, 50ms/99.9%, 100ms/99.9%
[16.647s][info][gc,marking  ] GC(19) Mark: 8 stripe(s), 2 proactive flush(es), 1 terminate flush(es), 0 completion(s), 0 continuation(s) 
[16.647s][info][gc,marking  ] GC(19) Mark Stack Usage: 32M
[16.647s][info][gc,nmethod  ] GC(19) NMethods: 2319 registered, 60 unregistered
[16.647s][info][gc,metaspace] GC(19) Metaspace: 15M used, 16M committed, 1088M reserved
[16.647s][info][gc,ref      ] GC(19) Soft: 243 encountered, 0 discovered, 0 enqueued
[16.647s][info][gc,ref      ] GC(19) Weak: 933 encountered, 125 discovered, 0 enqueued
[16.647s][info][gc,ref      ] GC(19) Final: 0 encountered, 0 discovered, 0 enqueued
[16.647s][info][gc,ref      ] GC(19) Phantom: 35 encountered, 15 discovered, 0 enqueued
[16.647s][info][gc,reloc    ] GC(19) Small Pages: 337 / 674M, Empty: 0M, Relocated: 113M, In-Place: 0
[16.647s][info][gc,reloc    ] GC(19) Medium Pages: 0 / 0M, Empty: 0M, Relocated: 0M, In-Place: 0
[16.647s][info][gc,reloc    ] GC(19) Large Pages: 0 / 0M, Empty: 0M, Relocated: 0M, In-Place: 0
[16.647s][info][gc,reloc    ] GC(19) Forwarding Usage: 74M
[16.647s][info][gc,heap     ] GC(19) Min Capacity: 8M(0%)
[16.647s][info][gc,heap     ] GC(19) Max Capacity: 2048M(100%)
[16.647s][info][gc,heap     ] GC(19) Soft Max Capacity: 2048M(100%)
[16.647s][info][gc,heap     ] GC(19)                Mark Start          Mark End        Relocate Start      Relocate End           High               Low         
[16.647s][info][gc,heap     ] GC(19)  Capacity:     2048M (100%)       2048M (100%)       2048M (100%)       2048M (100%)       2048M (100%)       2048M (100%)   
[16.647s][info][gc,heap     ] GC(19)      Free:     1374M (67%)        1196M (58%)        1186M (58%)        1354M (66%)        1374M (67%)        1162M (57%)    
[16.647s][info][gc,heap     ] GC(19)      Used:      674M (33%)         852M (42%)         862M (42%)         694M (34%)         886M (43%)         674M (33%)    
[16.647s][info][gc,heap     ] GC(19)      Live:         -               467M (23%)         467M (23%)         467M (23%)            -                  -          
[16.647s][info][gc,heap     ] GC(19) Allocated:         -               178M (9%)          188M (9%)          209M (10%)            -                  -          
[16.647s][info][gc,heap     ] GC(19)   Garbage:         -               206M (10%)         206M (10%)          17M (1%)             -                  -          
[16.648s][info][gc,heap     ] GC(19) Reclaimed:         -                  -                 0M (0%)          189M (9%)             -                  -          
[16.648s][info][gc          ] GC(19) Garbage Collection (Allocation Rate) 674M(33%)->694M(34%)
[17.435s][info][gc,start    ] GC(20) Garbage Collection (Allocation Rate)
[17.436s][info][gc,task     ] GC(20) Using 12 workers
[17.436s][info][gc,phases   ] GC(20) Pause Mark Start 0.017ms
[17.639s][info][gc,phases   ] GC(20) Concurrent Mark 202.664ms
[17.639s][info][gc,phases   ] GC(20) Pause Mark End 0.015ms
[17.639s][info][gc,phases   ] GC(20) Concurrent Mark Free 0.001ms
[17.640s][info][gc,phases   ] GC(20) Concurrent Process Non-Strong References 0.788ms
[17.640s][info][gc,phases   ] GC(20) Concurrent Reset Relocation Set 0.025ms
[17.651s][info][gc,phases   ] GC(20) Concurrent Select Relocation Set 11.135ms
[17.651s][info][gc,phases   ] GC(20) Pause Relocate Start 0.008ms
[17.678s][info][gc,phases   ] GC(20) Concurrent Relocate 27.045ms
[17.678s][info][gc,load     ] GC(20) Load: 0.00/0.00/0.00
[17.678s][info][gc,mmu      ] GC(20) MMU: 2ms/98.6%, 5ms/99.5%, 10ms/99.7%, 20ms/99.8%, 50ms/99.9%, 100ms/99.9%
[17.678s][info][gc,marking  ] GC(20) Mark: 8 stripe(s), 2 proactive flush(es), 1 terminate flush(es), 0 completion(s), 0 continuation(s) 
[17.678s][info][gc,marking  ] GC(20) Mark Stack Usage: 32M
[17.678s][info][gc,nmethod  ] GC(20) NMethods: 2352 registered, 103 unregistered
[17.678s][info][gc,metaspace] GC(20) Metaspace: 15M used, 16M committed, 1088M reserved
[17.678s][info][gc,ref      ] GC(20) Soft: 244 encountered, 0 discovered, 0 enqueued
[17.678s][info][gc,ref      ] GC(20) Weak: 951 encountered, 282 discovered, 7 enqueued
[17.678s][info][gc,ref      ] GC(20) Final: 0 encountered, 0 discovered, 0 enqueued
[17.678s][info][gc,ref      ] GC(20) Phantom: 40 encountered, 19 discovered, 5 enqueued
[17.679s][info][gc,reloc    ] GC(20) Small Pages: 464 / 928M, Empty: 18M, Relocated: 103M, In-Place: 0
[17.679s][info][gc,reloc    ] GC(20) Medium Pages: 0 / 0M, Empty: 0M, Relocated: 0M, In-Place: 0
[17.679s][info][gc,reloc    ] GC(20) Large Pages: 2 / 12M, Empty: 6M, Relocated: 0M, In-Place: 0
[17.679s][info][gc,reloc    ] GC(20) Forwarding Usage: 41M
[17.679s][info][gc,heap     ] GC(20) Min Capacity: 8M(0%)
[17.679s][info][gc,heap     ] GC(20) Max Capacity: 2048M(100%)
[17.679s][info][gc,heap     ] GC(20) Soft Max Capacity: 2048M(100%)
[17.679s][info][gc,heap     ] GC(20)                Mark Start          Mark End        Relocate Start      Relocate End           High               Low         
[17.679s][info][gc,heap     ] GC(20)  Capacity:     2048M (100%)       2048M (100%)       2048M (100%)       2048M (100%)       2048M (100%)       2048M (100%)   
[17.679s][info][gc,heap     ] GC(20)      Free:     1108M (54%)         996M (49%)        1008M (49%)        1274M (62%)        1274M (62%)         984M (48%)    
[17.679s][info][gc,heap     ] GC(20)      Used:      940M (46%)        1052M (51%)        1040M (51%)         774M (38%)        1064M (52%)         774M (38%)    
[17.679s][info][gc,heap     ] GC(20)      Live:         -               599M (29%)         599M (29%)         599M (29%)            -                  -          
[17.679s][info][gc,heap     ] GC(20) Allocated:         -               112M (5%)          124M (6%)          133M (7%)             -                  -          
[17.679s][info][gc,heap     ] GC(20)   Garbage:         -               340M (17%)         316M (15%)          41M (2%)             -                  -          
[17.679s][info][gc,heap     ] GC(20) Reclaimed:         -                  -                24M (1%)          299M (15%)            -                  -          
[17.679s][info][gc          ] GC(20) Garbage Collection (Allocation Rate) 940M(46%)->774M(38%)
[18.545s][info][gc,start    ] GC(21) Garbage Collection (Allocation Rate)
[18.545s][info][gc,task     ] GC(21) Using 12 workers
[18.545s][info][gc,phases   ] GC(21) Pause Mark Start 0.017ms
[18.654s][info][gc,phases   ] GC(21) Concurrent Mark 108.963ms
[18.654s][info][gc,phases   ] GC(21) Pause Mark End 0.016ms
[18.654s][info][gc,phases   ] GC(21) Concurrent Mark Free 0.001ms
[18.655s][info][gc,phases   ] GC(21) Concurrent Process Non-Strong References 0.612ms
[18.655s][info][gc,phases   ] GC(21) Concurrent Reset Relocation Set 0.042ms
[18.665s][info][gc,phases   ] GC(21) Concurrent Select Relocation Set 10.522ms
[18.666s][info][gc,phases   ] GC(21) Pause Relocate Start 0.005ms
[18.670s][info][gc,phases   ] GC(21) Concurrent Relocate 4.332ms
[18.670s][info][gc,load     ] GC(21) Load: 0.00/0.00/0.00
[18.670s][info][gc,mmu      ] GC(21) MMU: 2ms/98.6%, 5ms/99.5%, 10ms/99.7%, 20ms/99.8%, 50ms/99.9%, 100ms/99.9%
[18.670s][info][gc,marking  ] GC(21) Mark: 8 stripe(s), 2 proactive flush(es), 1 terminate flush(es), 0 completion(s), 0 continuation(s) 
[18.670s][info][gc,marking  ] GC(21) Mark Stack Usage: 32M
[18.670s][info][gc,nmethod  ] GC(21) NMethods: 2413 registered, 103 unregistered
[18.670s][info][gc,metaspace] GC(21) Metaspace: 16M used, 16M committed, 1088M reserved
[18.670s][info][gc,ref      ] GC(21) Soft: 244 encountered, 0 discovered, 0 enqueued
[18.670s][info][gc,ref      ] GC(21) Weak: 941 encountered, 122 discovered, 0 enqueued
[18.670s][info][gc,ref      ] GC(21) Final: 0 encountered, 0 discovered, 0 enqueued
[18.670s][info][gc,ref      ] GC(21) Phantom: 35 encountered, 20 discovered, 0 enqueued
[18.670s][info][gc,reloc    ] GC(21) Small Pages: 684 / 1368M, Empty: 506M, Relocated: 12M, In-Place: 0
[18.670s][info][gc,reloc    ] GC(21) Medium Pages: 0 / 0M, Empty: 0M, Relocated: 0M, In-Place: 0
[18.670s][info][gc,reloc    ] GC(21) Large Pages: 1 / 6M, Empty: 0M, Relocated: 0M, In-Place: 0
[18.670s][info][gc,reloc    ] GC(21) Forwarding Usage: 5M
[18.670s][info][gc,heap     ] GC(21) Min Capacity: 8M(0%)
[18.670s][info][gc,heap     ] GC(21) Max Capacity: 2048M(100%)
[18.670s][info][gc,heap     ] GC(21) Soft Max Capacity: 2048M(100%)
[18.670s][info][gc,heap     ] GC(21)                Mark Start          Mark End        Relocate Start      Relocate End           High               Low         
[18.670s][info][gc,heap     ] GC(21)  Capacity:     2048M (100%)       2048M (100%)       2048M (100%)       2048M (100%)       2048M (100%)       2048M (100%)   
[18.670s][info][gc,heap     ] GC(21)      Free:      674M (33%)         642M (31%)        1148M (56%)        1434M (70%)        1434M (70%)         642M (31%)    
[18.670s][info][gc,heap     ] GC(21)      Used:     1374M (67%)        1406M (69%)         900M (44%)         614M (30%)        1406M (69%)         614M (30%)    
[18.671s][info][gc,heap     ] GC(21)      Live:         -               488M (24%)         488M (24%)         488M (24%)            -                  -          
[18.671s][info][gc,heap     ] GC(21) Allocated:         -                32M (2%)           32M (2%)           31M (2%)             -                  -          
[18.671s][info][gc,heap     ] GC(21)   Garbage:         -               885M (43%)         379M (19%)          93M (5%)             -                  -          
[18.671s][info][gc,heap     ] GC(21) Reclaimed:         -                  -               506M (25%)         791M (39%)            -                  -          
[18.671s][info][gc          ] GC(21) Garbage Collection (Allocation Rate) 1374M(67%)->614M(30%)
[20.138s][info][gc,stats    ] === Garbage Collection Statistics =======================================================================================================================
[20.138s][info][gc,stats    ]                                                              Last 10s              Last 10m              Last 10h                Total
[20.138s][info][gc,stats    ]                                                              Avg / Max             Avg / Max             Avg / Max             Avg / Max
[20.138s][info][gc,stats    ]   Collector: Garbage Collection Cycle                    211.517 / 280.799     147.049 / 280.799     147.049 / 280.799     147.049 / 280.799     ms
[20.138s][info][gc,stats    ]  Contention: Mark Segment Reset Contention                     1 / 8                 6 / 54                6 / 54                6 / 54          ops/s
[20.138s][info][gc,stats    ]  Contention: Mark SeqNum Reset Contention                      0 / 1                 0 / 9                 0 / 9                 0 / 9           ops/s
[20.138s][info][gc,stats    ]    Critical: Allocation Stall                                  0 / 0                 0 / 0                 0 / 0                 0 / 0           ops/s
[20.138s][info][gc,stats    ]    Critical: Allocation Stall                              0.000 / 0.000         0.000 / 0.000         0.000 / 0.000         0.000 / 0.000       ms
[20.138s][info][gc,stats    ]    Critical: GC Locker Stall                                   0 / 0                 0 / 0                 0 / 0                 0 / 0           ops/s
[20.138s][info][gc,stats    ]    Critical: GC Locker Stall                               0.000 / 0.000         0.000 / 0.000         0.000 / 0.000         0.000 / 0.000       ms
[20.138s][info][gc,stats    ]    Critical: Relocation Stall                                  0 / 0                 0 / 0                 0 / 0                 0 / 0           ops/s
[20.138s][info][gc,stats    ]    Critical: Relocation Stall                              0.000 / 0.000         0.000 / 0.000         0.000 / 0.000         0.000 / 0.000       ms
[20.138s][info][gc,stats    ]      Memory: Allocation Rate                                 257 / 976             488 / 3714            488 / 3714            488 / 3714        MB/s
[20.138s][info][gc,stats    ]      Memory: Defragment                                        0 / 0                 0 / 0                 0 / 0                 0 / 0           ops/s
[20.139s][info][gc,stats    ]      Memory: Out Of Memory                                     0 / 0                 0 / 0                 0 / 0                 0 / 0           ops/s
[20.139s][info][gc,stats    ]      Memory: Page Cache Flush                                  0 / 0                 0 / 0                 0 / 0                 0 / 0           MB/s
[20.139s][info][gc,stats    ]      Memory: Page Cache Hit L1                               151 / 616             241 / 1467            241 / 1467            241 / 1467        ops/s
[20.139s][info][gc,stats    ]      Memory: Page Cache Hit L2                                 0 / 0                 0 / 0                 0 / 0                 0 / 0           ops/s
[20.139s][info][gc,stats    ]      Memory: Page Cache Hit L3                                10 / 99               35 / 438              35 / 438              35 / 438         ops/s
[20.139s][info][gc,stats    ]      Memory: Page Cache Miss                                   0 / 0                 0 / 1                 0 / 1                 0 / 1           ops/s
[20.139s][info][gc,stats    ]      Memory: Uncommit                                          0 / 0                 0 / 0                 0 / 0                 0 / 0           MB/s
[20.139s][info][gc,stats    ]      Memory: Undo Object Allocation Failed                     0 / 0                11 / 165              11 / 165              11 / 165         ops/s
[20.139s][info][gc,stats    ]      Memory: Undo Object Allocation Succeeded                  0 / 1                 2 / 38                2 / 38                2 / 38          ops/s
[20.139s][info][gc,stats    ]      Memory: Undo Page Allocation                              0 / 4                31 / 384              31 / 384              31 / 384         ops/s
[20.139s][info][gc,stats    ]       Phase: Concurrent Mark                             149.585 / 202.664      95.789 / 202.664      95.789 / 202.664      95.789 / 202.664     ms
[20.139s][info][gc,stats    ]       Phase: Concurrent Mark Continue                      0.000 / 0.000         0.000 / 0.000         0.000 / 0.000         0.000 / 0.000       ms
[20.139s][info][gc,stats    ]       Phase: Concurrent Mark Free                          0.001 / 0.001         0.001 / 0.001         0.001 / 0.001         0.001 / 0.001       ms
[20.139s][info][gc,stats    ]       Phase: Concurrent Process Non-Strong References      1.753 / 5.678         2.948 / 27.194        2.948 / 27.194        2.948 / 27.194      ms
[20.139s][info][gc,stats    ]       Phase: Concurrent Relocate                          31.269 / 56.047       15.780 / 56.047       15.780 / 56.047       15.780 / 56.047      ms
[20.139s][info][gc,stats    ]       Phase: Concurrent Reset Relocation Set               0.037 / 0.096         0.018 / 0.096         0.018 / 0.096         0.018 / 0.096       ms
[20.139s][info][gc,stats    ]       Phase: Concurrent Select Relocation Set             18.023 / 42.883       13.563 / 42.883       13.563 / 42.883       13.563 / 42.883      ms
[20.139s][info][gc,stats    ]       Phase: Pause Mark End                                0.019 / 0.025         0.019 / 0.027         0.019 / 0.027         0.019 / 0.027       ms
[20.139s][info][gc,stats    ]       Phase: Pause Mark Start                              0.016 / 0.018         0.013 / 0.018         0.013 / 0.018         0.013 / 0.018       ms
[20.139s][info][gc,stats    ]       Phase: Pause Relocate Start                          0.008 / 0.010         0.008 / 0.017         0.008 / 0.017         0.008 / 0.017       ms
[20.139s][info][gc,stats    ]    Subphase: Concurrent Classes Purge                      0.181 / 0.675         0.219 / 1.679         0.219 / 1.679         0.219 / 1.679       ms
[20.139s][info][gc,stats    ]    Subphase: Concurrent Classes Unlink                     1.347 / 4.750         1.864 / 24.520        1.864 / 24.520        1.864 / 24.520      ms
[20.139s][info][gc,stats    ]    Subphase: Concurrent Mark                             147.429 / 201.565      91.818 / 201.565      91.818 / 201.565      91.818 / 201.565     ms
[20.139s][info][gc,stats    ]    Subphase: Concurrent Mark Try Flush                     0.053 / 0.122         4.376 / 31.222        4.376 / 31.222        4.376 / 31.222      ms
[20.139s][info][gc,stats    ]    Subphase: Concurrent Mark Try Terminate                 9.153 / 14.693       10.813 / 16.662       10.813 / 16.662       10.813 / 16.662      ms
[20.139s][info][gc,stats    ]    Subphase: Concurrent References Enqueue                 0.001 / 0.004         0.001 / 0.004         0.001 / 0.004         0.001 / 0.004       ms
[20.139s][info][gc,stats    ]    Subphase: Concurrent References Process                 0.034 / 0.053         0.094 / 0.527         0.094 / 0.527         0.094 / 0.527       ms
[20.139s][info][gc,stats    ]    Subphase: Concurrent Roots ClassLoaderDataGraph         0.049 / 0.652         0.067 / 1.030         0.067 / 1.030         0.067 / 1.030       ms
[20.140s][info][gc,stats    ]    Subphase: Concurrent Roots CodeCache                    0.000 / 0.000         0.000 / 0.000         0.000 / 0.000         0.000 / 0.000       ms
[20.140s][info][gc,stats    ]    Subphase: Concurrent Roots JavaThreads                  0.747 / 1.377         1.706 / 17.879        1.706 / 17.879        1.706 / 17.879      ms
[20.140s][info][gc,stats    ]    Subphase: Concurrent Roots OopStorageSet                0.012 / 0.046         0.037 / 0.569         0.037 / 0.569         0.037 / 0.569       ms
[20.140s][info][gc,stats    ]    Subphase: Concurrent Weak Roots OopStorageSet           0.104 / 0.228         0.097 / 0.228         0.097 / 0.228         0.097 / 0.228       ms
[20.140s][info][gc,stats    ]    Subphase: Pause Mark Try Complete                       0.000 / 0.000         0.000 / 0.000         0.000 / 0.000         0.000 / 0.000       ms
[20.140s][info][gc,stats    ]      System: Java Threads                                     65 / 67               65 / 75               65 / 75               65 / 75          threads
[20.140s][info][gc,stats    ] =========================================================================================================================================================
[20.195s][info][gc,start    ] GC(22) Garbage Collection (System.gc())
[20.196s][info][gc,task     ] GC(22) Using 12 workers
[20.196s][info][gc,phases   ] GC(22) Pause Mark Start 0.018ms
[20.216s][info][gc,phases   ] GC(22) Concurrent Mark 20.307ms
[20.216s][info][gc,phases   ] GC(22) Pause Mark End 0.019ms
[20.216s][info][gc,phases   ] GC(22) Concurrent Mark Free 0.001ms
[20.225s][info][gc,phases   ] GC(22) Concurrent Process Non-Strong References 8.684ms
[20.225s][info][gc,phases   ] GC(22) Concurrent Reset Relocation Set 0.020ms
[20.229s][info][gc,phases   ] GC(22) Concurrent Select Relocation Set 4.003ms
[20.229s][info][gc,phases   ] GC(22) Pause Relocate Start 0.008ms
[20.232s][info][gc,phases   ] GC(22) Concurrent Relocate 2.990ms
[20.232s][info][gc,load     ] GC(22) Load: 0.00/0.00/0.00
[20.232s][info][gc,mmu      ] GC(22) MMU: 2ms/98.6%, 5ms/99.5%, 10ms/99.7%, 20ms/99.8%, 50ms/99.9%, 100ms/99.9%
[20.232s][info][gc,marking  ] GC(22) Mark: 8 stripe(s), 2 proactive flush(es), 1 terminate flush(es), 0 completion(s), 0 continuation(s) 
[20.232s][info][gc,marking  ] GC(22) Mark Stack Usage: 32M
[20.232s][info][gc,nmethod  ] GC(22) NMethods: 2403 registered, 116 unregistered
[20.232s][info][gc,metaspace] GC(22) Metaspace: 16M used, 16M committed, 1088M reserved
[20.232s][info][gc,ref      ] GC(22) Soft: 250 encountered, 0 discovered, 0 enqueued
[20.233s][info][gc,ref      ] GC(22) Weak: 1031 encountered, 326 discovered, 63 enqueued
[20.233s][info][gc,ref      ] GC(22) Final: 0 encountered, 0 discovered, 0 enqueued
[20.233s][info][gc,ref      ] GC(22) Phantom: 87 encountered, 70 discovered, 52 enqueued
[20.233s][info][gc,reloc    ] GC(22) Small Pages: 342 / 684M, Empty: 606M, Relocated: 6M, In-Place: 0
[20.233s][info][gc,reloc    ] GC(22) Medium Pages: 0 / 0M, Empty: 0M, Relocated: 0M, In-Place: 0
[20.233s][info][gc,reloc    ] GC(22) Large Pages: 1 / 6M, Empty: 6M, Relocated: 0M, In-Place: 0
[20.233s][info][gc,reloc    ] GC(22) Forwarding Usage: 2M
[20.233s][info][gc,heap     ] GC(22) Min Capacity: 8M(0%)
[20.233s][info][gc,heap     ] GC(22) Max Capacity: 2048M(100%)
[20.233s][info][gc,heap     ] GC(22) Soft Max Capacity: 2048M(100%)
[20.233s][info][gc,heap     ] GC(22)                Mark Start          Mark End        Relocate Start      Relocate End           High               Low         
[20.233s][info][gc,heap     ] GC(22)  Capacity:     2048M (100%)       2048M (100%)       2048M (100%)       2048M (100%)       2048M (100%)       2048M (100%)   
[20.233s][info][gc,heap     ] GC(22)      Free:     1358M (66%)        1358M (66%)        1968M (96%)        2020M (99%)        2020M (99%)        1358M (66%)    
[20.233s][info][gc,heap     ] GC(22)      Used:      690M (34%)         690M (34%)          80M (4%)           28M (1%)          690M (34%)          28M (1%)     
[20.233s][info][gc,heap     ] GC(22)      Live:         -                 8M (0%)            8M (0%)            8M (0%)             -                  -          
[20.233s][info][gc,heap     ] GC(22) Allocated:         -                 0M (0%)            2M (0%)            2M (0%)             -                  -          
[20.233s][info][gc,heap     ] GC(22)   Garbage:         -               681M (33%)          69M (3%)           17M (1%)             -                  -          
[20.233s][info][gc,heap     ] GC(22) Reclaimed:         -                  -               612M (30%)         664M (32%)            -                  -          
[20.233s][info][gc          ] GC(22) Garbage Collection (System.gc()) 690M(34%)->28M(1%)
[22.131s][info][gc,start    ] GC(23) Garbage Collection (Allocation Rate)
[22.131s][info][gc,task     ] GC(23) Using 12 workers
[22.131s][info][gc,phases   ] GC(23) Pause Mark Start 0.009ms
[22.194s][info][gc,phases   ] GC(23) Concurrent Mark 47.907ms
[22.194s][info][gc,phases   ] GC(23) Pause Mark End 0.020ms
[22.198s][info][gc,phases   ] GC(23) Concurrent Mark Free 0.000ms
[22.201s][info][gc,phases   ] GC(23) Concurrent Process Non-Strong References 3.616ms
[22.201s][info][gc,phases   ] GC(23) Concurrent Reset Relocation Set 0.004ms
[22.229s][info][gc,phases   ] GC(23) Concurrent Select Relocation Set 27.918ms
[22.230s][info][gc,phases   ] GC(23) Pause Relocate Start 0.008ms
[22.278s][info][gc,phases   ] GC(23) Concurrent Relocate 6.514ms
[22.278s][info][gc,load     ] GC(23) Load: 0.00/0.00/0.00
[22.278s][info][gc,mmu      ] GC(23) MMU: 2ms/98.6%, 5ms/99.5%, 10ms/99.7%, 20ms/99.8%, 50ms/99.9%, 100ms/99.9%
[22.278s][info][gc,marking  ] GC(23) Mark: 8 stripe(s), 3 proactive flush(es), 1 terminate flush(es), 0 completion(s), 0 continuation(s) 
[22.278s][info][gc,marking  ] GC(23) Mark Stack Usage: 32M
[22.278s][info][gc,nmethod  ] GC(23) NMethods: 2409 registered, 136 unregistered
[22.278s][info][gc,metaspace] GC(23) Metaspace: 16M used, 16M committed, 1088M reserved
[22.278s][info][gc,ref      ] GC(23) Soft: 250 encountered, 0 discovered, 0 enqueued
[22.278s][info][gc,ref      ] GC(23) Weak: 975 encountered, 95 discovered, 4 enqueued
[22.278s][info][gc,ref      ] GC(23) Final: 0 encountered, 0 discovered, 0 enqueued
[22.278s][info][gc,ref      ] GC(23) Phantom: 35 encountered, 22 discovered, 0 enqueued
[22.278s][info][gc,reloc    ] GC(23) Small Pages: 645 / 1290M, Empty: 926M, Relocated: 10M, In-Place: 0
[22.278s][info][gc,reloc    ] GC(23) Medium Pages: 0 / 0M, Empty: 0M, Relocated: 0M, In-Place: 0
[22.278s][info][gc,reloc    ] GC(23) Large Pages: 0 / 0M, Empty: 0M, Relocated: 0M, In-Place: 0
[22.278s][info][gc,reloc    ] GC(23) Forwarding Usage: 3M
[22.278s][info][gc,heap     ] GC(23) Min Capacity: 8M(0%)
[22.278s][info][gc,heap     ] GC(23) Max Capacity: 2048M(100%)
[22.278s][info][gc,heap     ] GC(23) Soft Max Capacity: 2048M(100%)
[22.278s][info][gc,heap     ] GC(23)                Mark Start          Mark End        Relocate Start      Relocate End           High               Low         
[22.278s][info][gc,heap     ] GC(23)  Capacity:     2048M (100%)       2048M (100%)       2048M (100%)       2048M (100%)       2048M (100%)       2048M (100%)   
[22.278s][info][gc,heap     ] GC(23)      Free:      758M (37%)         536M (26%)        1374M (67%)        1468M (72%)        1480M (72%)         520M (25%)    
[22.278s][info][gc,heap     ] GC(23)      Used:     1290M (63%)        1512M (74%)         674M (33%)         580M (28%)        1528M (75%)         568M (28%)    
[22.278s][info][gc,heap     ] GC(23)      Live:         -                10M (1%)           10M (1%)           10M (1%)             -                  -          
[22.278s][info][gc,heap     ] GC(23) Allocated:         -               222M (11%)         310M (15%)         555M (27%)            -                  -          
[22.278s][info][gc,heap     ] GC(23)   Garbage:         -              1279M (62%)         353M (17%)          13M (1%)             -                  -          
[22.278s][info][gc,heap     ] GC(23) Reclaimed:         -                  -               926M (45%)        1265M (62%)            -                  -          
[22.278s][info][gc          ] GC(23) Garbage Collection (Allocation Rate) 1290M(63%)->580M(28%)
[22.334s][info][gc,start    ] GC(24) Garbage Collection (Allocation Rate)
[22.334s][info][gc,task     ] GC(24) Using 12 workers
[22.334s][info][gc,phases   ] GC(24) Pause Mark Start 0.009ms
[22.428s][info][gc,phases   ] GC(24) Concurrent Mark 78.141ms
[22.428s][info][gc,phases   ] GC(24) Pause Mark End 0.025ms
[22.475s][info][gc,phases   ] GC(24) Concurrent Mark Free 0.001ms
[22.490s][info][gc,phases   ] GC(24) Concurrent Process Non-Strong References 15.281ms
[22.490s][info][gc,phases   ] GC(24) Concurrent Reset Relocation Set 0.030ms
[22.493s][info][gc,phases   ] GC(24) Concurrent Select Relocation Set 3.139ms
[22.494s][info][gc,phases   ] GC(24) Pause Relocate Start 0.008ms
[22.502s][info][gc,phases   ] GC(24) Concurrent Relocate 7.874ms
[22.502s][info][gc,load     ] GC(24) Load: 0.00/0.00/0.00
[22.502s][info][gc,mmu      ] GC(24) MMU: 2ms/98.6%, 5ms/99.5%, 10ms/99.7%, 20ms/99.8%, 50ms/99.9%, 100ms/99.9%
[22.502s][info][gc,marking  ] GC(24) Mark: 8 stripe(s), 3 proactive flush(es), 1 terminate flush(es), 0 completion(s), 0 continuation(s) 
[22.502s][info][gc,marking  ] GC(24) Mark Stack Usage: 32M
[22.502s][info][gc,nmethod  ] GC(24) NMethods: 2409 registered, 136 unregistered
[22.502s][info][gc,metaspace] GC(24) Metaspace: 16M used, 16M committed, 1088M reserved
[22.502s][info][gc,ref      ] GC(24) Soft: 250 encountered, 0 discovered, 0 enqueued
[22.502s][info][gc,ref      ] GC(24) Weak: 971 encountered, 91 discovered, 0 enqueued
[22.502s][info][gc,ref      ] GC(24) Final: 0 encountered, 0 discovered, 0 enqueued
[22.502s][info][gc,ref      ] GC(24) Phantom: 35 encountered, 11 discovered, 0 enqueued
[22.502s][info][gc,reloc    ] GC(24) Small Pages: 435 / 870M, Empty: 506M, Relocated: 10M, In-Place: 0
[22.502s][info][gc,reloc    ] GC(24) Medium Pages: 0 / 0M, Empty: 0M, Relocated: 0M, In-Place: 0
[22.502s][info][gc,reloc    ] GC(24) Large Pages: 0 / 0M, Empty: 0M, Relocated: 0M, In-Place: 0
[22.502s][info][gc,reloc    ] GC(24) Forwarding Usage: 3M
[22.502s][info][gc,heap     ] GC(24) Min Capacity: 8M(0%)
[22.502s][info][gc,heap     ] GC(24) Max Capacity: 2048M(100%)
[22.502s][info][gc,heap     ] GC(24) Soft Max Capacity: 2048M(100%)
[22.502s][info][gc,heap     ] GC(24)                Mark Start          Mark End        Relocate Start      Relocate End           High               Low         
[22.502s][info][gc,heap     ] GC(24)  Capacity:     2048M (100%)       2048M (100%)       2048M (100%)       2048M (100%)       2048M (100%)       2048M (100%)   
[22.502s][info][gc,heap     ] GC(24)      Free:     1178M (58%)         698M (34%)         952M (46%)        1260M (62%)        1272M (62%)         452M (22%)    
[22.502s][info][gc,heap     ] GC(24)      Used:      870M (42%)        1350M (66%)        1096M (54%)         788M (38%)        1596M (78%)         776M (38%)    
[22.502s][info][gc,heap     ] GC(24)      Live:         -                10M (0%)           10M (0%)           10M (0%)             -                  -          
[22.502s][info][gc,heap     ] GC(24) Allocated:         -               480M (23%)         732M (36%)         761M (37%)            -                  -          
[22.502s][info][gc,heap     ] GC(24)   Garbage:         -               859M (42%)         353M (17%)          15M (1%)             -                  -          
[22.502s][info][gc,heap     ] GC(24) Reclaimed:         -                  -               506M (25%)         843M (41%)            -                  -          
[22.502s][info][gc          ] GC(24) Garbage Collection (Allocation Rate) 870M(42%)->788M(38%)
[22.537s][info][gc,start    ] GC(25) Garbage Collection (Allocation Rate)
[22.537s][info][gc,task     ] GC(25) Using 12 workers
[22.537s][info][gc,phases   ] GC(25) Pause Mark Start 0.008ms
[22.615s][info][gc,phases   ] GC(25) Concurrent Mark 62.685ms
[22.615s][info][gc,phases   ] GC(25) Pause Mark End 0.021ms
[22.676s][info][gc,phases   ] GC(25) Concurrent Mark Free 0.005ms
[22.680s][info][gc,phases   ] GC(25) Concurrent Process Non-Strong References 3.594ms
[22.680s][info][gc,phases   ] GC(25) Concurrent Reset Relocation Set 0.029ms
[22.684s][info][gc,phases   ] GC(25) Concurrent Select Relocation Set 4.070ms
[22.684s][info][gc,phases   ] GC(25) Pause Relocate Start 0.008ms
[22.694s][info][gc,phases   ] GC(25) Concurrent Relocate 9.700ms
[22.694s][info][gc,load     ] GC(25) Load: 0.00/0.00/0.00
[22.694s][info][gc,mmu      ] GC(25) MMU: 2ms/98.6%, 5ms/99.5%, 10ms/99.7%, 20ms/99.8%, 50ms/99.9%, 100ms/99.9%
[22.694s][info][gc,marking  ] GC(25) Mark: 8 stripe(s), 2 proactive flush(es), 1 terminate flush(es), 0 completion(s), 0 continuation(s) 
[22.694s][info][gc,marking  ] GC(25) Mark Stack Usage: 32M
[22.694s][info][gc,nmethod  ] GC(25) NMethods: 2409 registered, 136 unregistered
[22.694s][info][gc,metaspace] GC(25) Metaspace: 16M used, 16M committed, 1088M reserved
[22.694s][info][gc,ref      ] GC(25) Soft: 250 encountered, 0 discovered, 0 enqueued
[22.694s][info][gc,ref      ] GC(25) Weak: 971 encountered, 133 discovered, 0 enqueued
[22.694s][info][gc,ref      ] GC(25) Final: 0 encountered, 0 discovered, 0 enqueued
[22.694s][info][gc,ref      ] GC(25) Phantom: 35 encountered, 20 discovered, 0 enqueued
[22.694s][info][gc,reloc    ] GC(25) Small Pages: 482 / 964M, Empty: 680M, Relocated: 6M, In-Place: 0
[22.694s][info][gc,reloc    ] GC(25) Medium Pages: 0 / 0M, Empty: 0M, Relocated: 0M, In-Place: 0
[22.694s][info][gc,reloc    ] GC(25) Large Pages: 0 / 0M, Empty: 0M, Relocated: 0M, In-Place: 0
[22.694s][info][gc,reloc    ] GC(25) Forwarding Usage: 2M
[22.694s][info][gc,heap     ] GC(25) Min Capacity: 8M(0%)
[22.694s][info][gc,heap     ] GC(25) Max Capacity: 2048M(100%)
[22.694s][info][gc,heap     ] GC(25) Soft Max Capacity: 2048M(100%)
[22.694s][info][gc,heap     ] GC(25)                Mark Start          Mark End        Relocate Start      Relocate End           High               Low         
[22.694s][info][gc,heap     ] GC(25)  Capacity:     2048M (100%)       2048M (100%)       2048M (100%)       2048M (100%)       2048M (100%)       2048M (100%)   
[22.694s][info][gc,heap     ] GC(25)      Free:     1084M (53%)         732M (36%)        1106M (54%)        1334M (65%)        1348M (66%)         436M (21%)    
[22.694s][info][gc,heap     ] GC(25)      Used:      964M (47%)        1316M (64%)         942M (46%)         714M (35%)        1612M (79%)         700M (34%)    
[22.694s][info][gc,heap     ] GC(25)      Live:         -                10M (0%)           10M (0%)           10M (0%)             -                  -          
[22.694s][info][gc,heap     ] GC(25) Allocated:         -               352M (17%)         658M (32%)         685M (33%)            -                  -          
[22.694s][info][gc,heap     ] GC(25)   Garbage:         -               953M (47%)         273M (13%)          18M (1%)             -                  -          
[22.694s][info][gc,heap     ] GC(25) Reclaimed:         -                  -               680M (33%)         935M (46%)            -                  -          
[22.694s][info][gc          ] GC(25) Garbage Collection (Allocation Rate) 964M(47%)->714M(35%)
[22.740s][info][gc,start    ] GC(26) Garbage Collection (Allocation Rate)
[22.740s][info][gc,task     ] GC(26) Using 12 workers
[22.740s][info][gc,phases   ] GC(26) Pause Mark Start 0.009ms
[22.834s][info][gc,phases   ] GC(26) Concurrent Mark 78.138ms
[22.834s][info][gc,phases   ] GC(26) Pause Mark End 0.019ms
[22.838s][info][gc,phases   ] GC(26) Concurrent Mark Free 0.001ms
[22.838s][info][gc,phases   ] GC(26) Concurrent Process Non-Strong References 0.667ms
[22.838s][info][gc,phases   ] GC(26) Concurrent Reset Relocation Set 0.024ms
[22.841s][info][gc,phases   ] GC(26) Concurrent Select Relocation Set 2.385ms
[22.841s][info][gc,phases   ] GC(26) Pause Relocate Start 0.005ms
[22.843s][info][gc,phases   ] GC(26) Concurrent Relocate 1.689ms
[22.843s][info][gc,load     ] GC(26) Load: 0.00/0.00/0.00
[22.843s][info][gc,mmu      ] GC(26) MMU: 2ms/98.6%, 5ms/99.5%, 10ms/99.7%, 20ms/99.8%, 50ms/99.9%, 100ms/99.9%
[22.843s][info][gc,marking  ] GC(26) Mark: 8 stripe(s), 3 proactive flush(es), 1 terminate flush(es), 0 completion(s), 0 continuation(s) 
[22.843s][info][gc,marking  ] GC(26) Mark Stack Usage: 32M
[22.843s][info][gc,nmethod  ] GC(26) NMethods: 2410 registered, 136 unregistered
[22.843s][info][gc,metaspace] GC(26) Metaspace: 16M used, 16M committed, 1088M reserved
[22.843s][info][gc,ref      ] GC(26) Soft: 250 encountered, 0 discovered, 0 enqueued
[22.843s][info][gc,ref      ] GC(26) Weak: 971 encountered, 43 discovered, 0 enqueued
[22.843s][info][gc,ref      ] GC(26) Final: 0 encountered, 0 discovered, 0 enqueued
[22.843s][info][gc,ref      ] GC(26) Phantom: 35 encountered, 22 discovered, 0 enqueued
[22.843s][info][gc,reloc    ] GC(26) Small Pages: 490 / 980M, Empty: 746M, Relocated: 6M, In-Place: 0
[22.843s][info][gc,reloc    ] GC(26) Medium Pages: 0 / 0M, Empty: 0M, Relocated: 0M, In-Place: 0
[22.843s][info][gc,reloc    ] GC(26) Large Pages: 0 / 0M, Empty: 0M, Relocated: 0M, In-Place: 0
[22.843s][info][gc,reloc    ] GC(26) Forwarding Usage: 2M
[22.843s][info][gc,heap     ] GC(26) Min Capacity: 8M(0%)
[22.843s][info][gc,heap     ] GC(26) Max Capacity: 2048M(100%)
[22.843s][info][gc,heap     ] GC(26) Soft Max Capacity: 2048M(100%)
[22.843s][info][gc,heap     ] GC(26)                Mark Start          Mark End        Relocate Start      Relocate End           High               Low         
[22.843s][info][gc,heap     ] GC(26)  Capacity:     2048M (100%)       2048M (100%)       2048M (100%)       2048M (100%)       2048M (100%)       2048M (100%)   
[22.843s][info][gc,heap     ] GC(26)      Free:     1068M (52%)         532M (26%)        1224M (60%)        1426M (70%)        1426M (70%)         480M (23%)    
[22.843s][info][gc,heap     ] GC(26)      Used:      980M (48%)        1516M (74%)         824M (40%)         622M (30%)        1568M (77%)         622M (30%)    
[22.843s][info][gc,heap     ] GC(26)      Live:         -                 9M (0%)            9M (0%)            9M (0%)             -                  -          
[22.843s][info][gc,heap     ] GC(26) Allocated:         -               536M (26%)         590M (29%)         593M (29%)            -                  -          
[22.843s][info][gc,heap     ] GC(26)   Garbage:         -               970M (47%)         224M (11%)          18M (1%)             -                  -          
[22.843s][info][gc,heap     ] GC(26) Reclaimed:         -                  -               746M (36%)         951M (46%)            -                  -          
[22.843s][info][gc          ] GC(26) Garbage Collection (Allocation Rate) 980M(48%)->622M(30%)
[22.943s][info][gc,start    ] GC(27) Garbage Collection (Allocation Rate)
[22.943s][info][gc,task     ] GC(27) Using 12 workers
[22.943s][info][gc,phases   ] GC(27) Pause Mark Start 0.013ms
[22.990s][info][gc,phases   ] GC(27) Concurrent Mark 46.470ms
[22.990s][info][gc,phases   ] GC(27) Pause Mark End 0.019ms
[22.990s][info][gc,phases   ] GC(27) Concurrent Mark Free 0.001ms
[22.991s][info][gc,phases   ] GC(27) Concurrent Process Non-Strong References 0.683ms
[22.991s][info][gc,phases   ] GC(27) Concurrent Reset Relocation Set 0.021ms
[23.001s][info][gc,phases   ] GC(27) Concurrent Select Relocation Set 10.557ms
[23.002s][info][gc,phases   ] GC(27) Pause Relocate Start 0.009ms
[23.012s][info][gc,phases   ] GC(27) Concurrent Relocate 10.030ms
[23.012s][info][gc,load     ] GC(27) Load: 0.00/0.00/0.00
[23.012s][info][gc,mmu      ] GC(27) MMU: 2ms/98.6%, 5ms/99.5%, 10ms/99.7%, 20ms/99.8%, 50ms/99.9%, 100ms/99.9%
[23.012s][info][gc,marking  ] GC(27) Mark: 8 stripe(s), 2 proactive flush(es), 1 terminate flush(es), 0 completion(s), 0 continuation(s) 
[23.012s][info][gc,marking  ] GC(27) Mark Stack Usage: 32M
[23.012s][info][gc,nmethod  ] GC(27) NMethods: 2409 registered, 137 unregistered
[23.012s][info][gc,metaspace] GC(27) Metaspace: 16M used, 16M committed, 1088M reserved
[23.012s][info][gc,ref      ] GC(27) Soft: 250 encountered, 0 discovered, 0 enqueued
[23.012s][info][gc,ref      ] GC(27) Weak: 973 encountered, 76 discovered, 0 enqueued
[23.012s][info][gc,ref      ] GC(27) Final: 0 encountered, 0 discovered, 0 enqueued
[23.012s][info][gc,ref      ] GC(27) Phantom: 35 encountered, 18 discovered, 0 enqueued
[23.012s][info][gc,reloc    ] GC(27) Small Pages: 358 / 716M, Empty: 544M, Relocated: 38M, In-Place: 0
[23.012s][info][gc,reloc    ] GC(27) Medium Pages: 1 / 32M, Empty: 0M, Relocated: 0M, In-Place: 0
[23.012s][info][gc,reloc    ] GC(27) Large Pages: 0 / 0M, Empty: 0M, Relocated: 0M, In-Place: 0
[23.012s][info][gc,reloc    ] GC(27) Forwarding Usage: 16M
[23.012s][info][gc,heap     ] GC(27) Min Capacity: 8M(0%)
[23.012s][info][gc,heap     ] GC(27) Max Capacity: 2048M(100%)
[23.012s][info][gc,heap     ] GC(27) Soft Max Capacity: 2048M(100%)
[23.012s][info][gc,heap     ] GC(27)                Mark Start          Mark End        Relocate Start      Relocate End           High               Low         
[23.012s][info][gc,heap     ] GC(27)  Capacity:     2048M (100%)       2048M (100%)       2048M (100%)       2048M (100%)       2048M (100%)       2048M (100%)   
[23.012s][info][gc,heap     ] GC(27)      Free:     1300M (63%)        1256M (61%)        1786M (87%)        1816M (89%)        1816M (89%)        1254M (61%)    
[23.012s][info][gc,heap     ] GC(27)      Used:      748M (37%)         792M (39%)         262M (13%)         232M (11%)         794M (39%)         232M (11%)    
[23.012s][info][gc,heap     ] GC(27)      Live:         -                96M (5%)           96M (5%)           96M (5%)             -                  -          
[23.012s][info][gc,heap     ] GC(27) Allocated:         -                44M (2%)           58M (3%)           65M (3%)             -                  -          
[23.012s][info][gc,heap     ] GC(27)   Garbage:         -               651M (32%)         107M (5%)           70M (3%)             -                  -          
[23.012s][info][gc,heap     ] GC(27) Reclaimed:         -                  -               544M (27%)         581M (28%)            -                  -          
[23.012s][info][gc          ] GC(27) Garbage Collection (Allocation Rate) 748M(37%)->232M(11%)
[23.037s][info][gc,start    ] GC(28) Garbage Collection (Allocation Rate)
[23.037s][info][gc,task     ] GC(28) Using 12 workers
[23.037s][info][gc,phases   ] GC(28) Pause Mark Start 0.014ms
[23.099s][info][gc,phases   ] GC(28) Concurrent Mark 62.136ms
[23.099s][info][gc,phases   ] GC(28) Pause Mark End 0.018ms
[23.099s][info][gc,phases   ] GC(28) Concurrent Mark Free 0.002ms
[23.100s][info][gc,phases   ] GC(28) Concurrent Process Non-Strong References 0.653ms
[23.100s][info][gc,phases   ] GC(28) Concurrent Reset Relocation Set 0.005ms
[23.116s][info][gc,phases   ] GC(28) Concurrent Select Relocation Set 15.716ms
[23.116s][info][gc,phases   ] GC(28) Pause Relocate Start 0.009ms
[23.132s][info][gc,phases   ] GC(28) Concurrent Relocate 15.494ms
[23.132s][info][gc,load     ] GC(28) Load: 0.00/0.00/0.00
[23.132s][info][gc,mmu      ] GC(28) MMU: 2ms/98.6%, 5ms/99.5%, 10ms/99.7%, 20ms/99.8%, 50ms/99.9%, 100ms/99.9%
[23.132s][info][gc,marking  ] GC(28) Mark: 8 stripe(s), 3 proactive flush(es), 1 terminate flush(es), 0 completion(s), 0 continuation(s) 
[23.132s][info][gc,marking  ] GC(28) Mark Stack Usage: 32M
[23.132s][info][gc,nmethod  ] GC(28) NMethods: 2409 registered, 137 unregistered
[23.132s][info][gc,metaspace] GC(28) Metaspace: 16M used, 16M committed, 1088M reserved
[23.132s][info][gc,ref      ] GC(28) Soft: 250 encountered, 0 discovered, 0 enqueued
[23.132s][info][gc,ref      ] GC(28) Weak: 973 encountered, 90 discovered, 0 enqueued
[23.132s][info][gc,ref      ] GC(28) Final: 0 encountered, 0 discovered, 0 enqueued
[23.132s][info][gc,ref      ] GC(28) Phantom: 35 encountered, 23 discovered, 0 enqueued
[23.132s][info][gc,reloc    ] GC(28) Small Pages: 116 / 232M, Empty: 0M, Relocated: 47M, In-Place: 0
[23.132s][info][gc,reloc    ] GC(28) Medium Pages: 1 / 32M, Empty: 0M, Relocated: 0M, In-Place: 0
[23.132s][info][gc,reloc    ] GC(28) Large Pages: 0 / 0M, Empty: 0M, Relocated: 0M, In-Place: 0
[23.132s][info][gc,reloc    ] GC(28) Forwarding Usage: 20M
[23.132s][info][gc,heap     ] GC(28) Min Capacity: 8M(0%)
[23.132s][info][gc,heap     ] GC(28) Max Capacity: 2048M(100%)
[23.132s][info][gc,heap     ] GC(28) Soft Max Capacity: 2048M(100%)
[23.132s][info][gc,heap     ] GC(28)                Mark Start          Mark End        Relocate Start      Relocate End           High               Low         
[23.132s][info][gc,heap     ] GC(28)  Capacity:     2048M (100%)       2048M (100%)       2048M (100%)       2048M (100%)       2048M (100%)       2048M (100%)   
[23.132s][info][gc,heap     ] GC(28)      Free:     1784M (87%)        1728M (84%)        1708M (83%)        1740M (85%)        1784M (87%)        1684M (82%)    
[23.132s][info][gc,heap     ] GC(28)      Used:      264M (13%)         320M (16%)         340M (17%)         308M (15%)         364M (18%)         264M (13%)    
[23.132s][info][gc,heap     ] GC(28)      Live:         -               155M (8%)          155M (8%)          155M (8%)             -                  -          
[23.132s][info][gc,heap     ] GC(28) Allocated:         -                56M (3%)           76M (4%)           79M (4%)             -                  -          
[23.132s][info][gc,heap     ] GC(28)   Garbage:         -               108M (5%)          108M (5%)           72M (4%)             -                  -          
[23.132s][info][gc,heap     ] GC(28) Reclaimed:         -                  -                 0M (0%)           35M (2%)             -                  -          
[23.132s][info][gc          ] GC(28) Garbage Collection (Allocation Rate) 264M(13%)->308M(15%)
[23.240s][info][gc,start    ] GC(29) Garbage Collection (Allocation Rate)
[23.240s][info][gc,task     ] GC(29) Using 12 workers
[23.241s][info][gc,phases   ] GC(29) Pause Mark Start 0.015ms
[23.350s][info][gc,phases   ] GC(29) Concurrent Mark 108.927ms
[23.350s][info][gc,phases   ] GC(29) Pause Mark End 0.018ms
[23.350s][info][gc,phases   ] GC(29) Concurrent Mark Free 0.001ms
[23.350s][info][gc,phases   ] GC(29) Concurrent Process Non-Strong References 0.596ms
[23.351s][info][gc,phases   ] GC(29) Concurrent Reset Relocation Set 0.005ms
[23.376s][info][gc,phases   ] GC(29) Concurrent Select Relocation Set 25.637ms
[23.376s][info][gc,phases   ] GC(29) Pause Relocate Start 0.010ms
[23.402s][info][gc,phases   ] GC(29) Concurrent Relocate 25.064ms
[23.402s][info][gc,load     ] GC(29) Load: 0.00/0.00/0.00
[23.402s][info][gc,mmu      ] GC(29) MMU: 2ms/98.6%, 5ms/99.5%, 10ms/99.7%, 20ms/99.8%, 50ms/99.9%, 100ms/99.9%
[23.402s][info][gc,marking  ] GC(29) Mark: 8 stripe(s), 2 proactive flush(es), 2 terminate flush(es), 0 completion(s), 0 continuation(s) 
[23.402s][info][gc,marking  ] GC(29) Mark Stack Usage: 32M
[23.402s][info][gc,nmethod  ] GC(29) NMethods: 2409 registered, 137 unregistered
[23.402s][info][gc,metaspace] GC(29) Metaspace: 16M used, 16M committed, 1088M reserved
[23.402s][info][gc,ref      ] GC(29) Soft: 250 encountered, 0 discovered, 0 enqueued
[23.402s][info][gc,ref      ] GC(29) Weak: 973 encountered, 46 discovered, 0 enqueued
[23.402s][info][gc,ref      ] GC(29) Final: 0 encountered, 0 discovered, 0 enqueued
[23.402s][info][gc,ref      ] GC(29) Phantom: 35 encountered, 13 discovered, 0 enqueued
[23.402s][info][gc,reloc    ] GC(29) Small Pages: 204 / 408M, Empty: 0M, Relocated: 69M, In-Place: 0
[23.402s][info][gc,reloc    ] GC(29) Medium Pages: 1 / 32M, Empty: 0M, Relocated: 0M, In-Place: 0
[23.402s][info][gc,reloc    ] GC(29) Large Pages: 0 / 0M, Empty: 0M, Relocated: 0M, In-Place: 0
[23.402s][info][gc,reloc    ] GC(29) Forwarding Usage: 29M
[23.402s][info][gc,heap     ] GC(29) Min Capacity: 8M(0%)
[23.402s][info][gc,heap     ] GC(29) Max Capacity: 2048M(100%)
[23.402s][info][gc,heap     ] GC(29) Soft Max Capacity: 2048M(100%)
[23.402s][info][gc,heap     ] GC(29)                Mark Start          Mark End        Relocate Start      Relocate End           High               Low         
[23.402s][info][gc,heap     ] GC(29)  Capacity:     2048M (100%)       2048M (100%)       2048M (100%)       2048M (100%)       2048M (100%)       2048M (100%)   
[23.402s][info][gc,heap     ] GC(29)      Free:     1608M (79%)        1512M (74%)        1490M (73%)        1504M (73%)        1608M (79%)        1462M (71%)    
[23.402s][info][gc,heap     ] GC(29)      Used:      440M (21%)         536M (26%)         558M (27%)         544M (27%)         586M (29%)         440M (21%)    
[23.402s][info][gc,heap     ] GC(29)      Live:         -               290M (14%)         290M (14%)         290M (14%)            -                  -          
[23.402s][info][gc,heap     ] GC(29) Allocated:         -                96M (5%)          118M (6%)          145M (7%)             -                  -          
[23.402s][info][gc,heap     ] GC(29)   Garbage:         -               149M (7%)          149M (7%)          107M (5%)             -                  -          
[23.402s][info][gc,heap     ] GC(29) Reclaimed:         -                  -                 0M (0%)           41M (2%)             -                  -          
[23.402s][info][gc          ] GC(29) Garbage Collection (Allocation Rate) 440M(21%)->544M(27%)
[23.443s][info][gc,start    ] GC(30) Garbage Collection (Allocation Rate)
[23.443s][info][gc,task     ] GC(30) Using 12 workers
[23.444s][info][gc,phases   ] GC(30) Pause Mark Start 0.015ms
[23.584s][info][gc,phases   ] GC(30) Concurrent Mark 140.208ms
[23.584s][info][gc,phases   ] GC(30) Pause Mark End 0.018ms
[23.584s][info][gc,phases   ] GC(30) Concurrent Mark Free 0.001ms
[23.585s][info][gc,phases   ] GC(30) Concurrent Process Non-Strong References 0.594ms
[23.585s][info][gc,phases   ] GC(30) Concurrent Reset Relocation Set 0.011ms
[23.591s][info][gc,phases   ] GC(30) Concurrent Select Relocation Set 5.897ms
[23.591s][info][gc,phases   ] GC(30) Pause Relocate Start 0.007ms
[23.603s][info][gc,phases   ] GC(30) Concurrent Relocate 12.284ms
[23.603s][info][gc,load     ] GC(30) Load: 0.00/0.00/0.00
[23.603s][info][gc,mmu      ] GC(30) MMU: 2ms/98.6%, 5ms/99.5%, 10ms/99.7%, 20ms/99.8%, 50ms/99.9%, 100ms/99.9%
[23.603s][info][gc,marking  ] GC(30) Mark: 8 stripe(s), 2 proactive flush(es), 2 terminate flush(es), 0 completion(s), 0 continuation(s) 
[23.604s][info][gc,marking  ] GC(30) Mark Stack Usage: 32M
[23.604s][info][gc,nmethod  ] GC(30) NMethods: 2409 registered, 137 unregistered
[23.604s][info][gc,metaspace] GC(30) Metaspace: 16M used, 16M committed, 1088M reserved
[23.604s][info][gc,ref      ] GC(30) Soft: 250 encountered, 0 discovered, 0 enqueued
[23.604s][info][gc,ref      ] GC(30) Weak: 973 encountered, 86 discovered, 0 enqueued
[23.604s][info][gc,ref      ] GC(30) Final: 0 encountered, 0 discovered, 0 enqueued
[23.604s][info][gc,ref      ] GC(30) Phantom: 35 encountered, 15 discovered, 0 enqueued
[23.604s][info][gc,reloc    ] GC(30) Small Pages: 282 / 564M, Empty: 0M, Relocated: 45M, In-Place: 0
[23.604s][info][gc,reloc    ] GC(30) Medium Pages: 1 / 32M, Empty: 0M, Relocated: 0M, In-Place: 0
[23.604s][info][gc,reloc    ] GC(30) Large Pages: 0 / 0M, Empty: 0M, Relocated: 0M, In-Place: 0
[23.604s][info][gc,reloc    ] GC(30) Forwarding Usage: 20M
[23.604s][info][gc,heap     ] GC(30) Min Capacity: 8M(0%)
[23.604s][info][gc,heap     ] GC(30) Max Capacity: 2048M(100%)
[23.604s][info][gc,heap     ] GC(30) Soft Max Capacity: 2048M(100%)
[23.604s][info][gc,heap     ] GC(30)                Mark Start          Mark End        Relocate Start      Relocate End           High               Low         
[23.604s][info][gc,heap     ] GC(30)  Capacity:     2048M (100%)       2048M (100%)       2048M (100%)       2048M (100%)       2048M (100%)       2048M (100%)   
[23.604s][info][gc,heap     ] GC(30)      Free:     1452M (71%)        1306M (64%)        1296M (63%)        1316M (64%)        1452M (71%)        1272M (62%)    
[23.604s][info][gc,heap     ] GC(30)      Used:      596M (29%)         742M (36%)         752M (37%)         732M (36%)         776M (38%)         596M (29%)    
[23.604s][info][gc,heap     ] GC(30)      Live:         -               413M (20%)         413M (20%)         413M (20%)            -                  -          
[23.604s][info][gc,heap     ] GC(30) Allocated:         -               146M (7%)          156M (8%)          165M (8%)             -                  -          
[23.604s][info][gc,heap     ] GC(30)   Garbage:         -               182M (9%)          182M (9%)          152M (7%)             -                  -          
[23.604s][info][gc,heap     ] GC(30) Reclaimed:         -                  -                 0M (0%)           29M (1%)             -                  -          
[23.604s][info][gc          ] GC(30) Garbage Collection (Allocation Rate) 596M(29%)->732M(36%)
[23.631s][info][gc,start    ] GC(31) Garbage Collection (Allocation Rate)
[23.631s][info][gc,task     ] GC(31) Using 12 workers
[23.631s][info][gc,phases   ] GC(31) Pause Mark Start 0.012ms
[23.809s][info][gc,phases   ] GC(31) Concurrent Mark 177.477ms
[23.809s][info][gc,phases   ] GC(31) Pause Mark End 0.021ms
[23.809s][info][gc,phases   ] GC(31) Concurrent Mark Free 0.001ms
[23.809s][info][gc,phases   ] GC(31) Concurrent Process Non-Strong References 0.640ms
[23.810s][info][gc,phases   ] GC(31) Concurrent Reset Relocation Set 0.012ms
[23.812s][info][gc,phases   ] GC(31) Concurrent Select Relocation Set 2.863ms
[23.813s][info][gc,phases   ] GC(31) Pause Relocate Start 0.009ms
[23.837s][info][gc,phases   ] GC(31) Concurrent Relocate 23.924ms
[23.837s][info][gc,load     ] GC(31) Load: 0.00/0.00/0.00
[23.837s][info][gc,mmu      ] GC(31) MMU: 2ms/98.6%, 5ms/99.4%, 10ms/99.7%, 20ms/99.8%, 50ms/99.9%, 100ms/99.9%
[23.837s][info][gc,marking  ] GC(31) Mark: 8 stripe(s), 3 proactive flush(es), 1 terminate flush(es), 0 completion(s), 0 continuation(s) 
[23.837s][info][gc,marking  ] GC(31) Mark Stack Usage: 32M
[23.837s][info][gc,nmethod  ] GC(31) NMethods: 2410 registered, 137 unregistered
[23.837s][info][gc,metaspace] GC(31) Metaspace: 16M used, 16M committed, 1088M reserved
[23.837s][info][gc,ref      ] GC(31) Soft: 250 encountered, 0 discovered, 0 enqueued
[23.837s][info][gc,ref      ] GC(31) Weak: 973 encountered, 105 discovered, 0 enqueued
[23.837s][info][gc,ref      ] GC(31) Final: 0 encountered, 0 discovered, 0 enqueued
[23.837s][info][gc,ref      ] GC(31) Phantom: 35 encountered, 14 discovered, 0 enqueued
[23.837s][info][gc,reloc    ] GC(31) Small Pages: 366 / 732M, Empty: 0M, Relocated: 47M, In-Place: 0
[23.837s][info][gc,reloc    ] GC(31) Medium Pages: 1 / 32M, Empty: 0M, Relocated: 0M, In-Place: 0
[23.837s][info][gc,reloc    ] GC(31) Large Pages: 0 / 0M, Empty: 0M, Relocated: 0M, In-Place: 0
[23.837s][info][gc,reloc    ] GC(31) Forwarding Usage: 20M
[23.837s][info][gc,heap     ] GC(31) Min Capacity: 8M(0%)
[23.837s][info][gc,heap     ] GC(31) Max Capacity: 2048M(100%)
[23.837s][info][gc,heap     ] GC(31) Soft Max Capacity: 2048M(100%)
[23.837s][info][gc,heap     ] GC(31)                Mark Start          Mark End        Relocate Start      Relocate End           High               Low         
[23.837s][info][gc,heap     ] GC(31)  Capacity:     2048M (100%)       2048M (100%)       2048M (100%)       2048M (100%)       2048M (100%)       2048M (100%)   
[23.837s][info][gc,heap     ] GC(31)      Free:     1284M (63%)        1124M (55%)        1122M (55%)        1146M (56%)        1284M (63%)        1098M (54%)    
[23.837s][info][gc,heap     ] GC(31)      Used:      764M (37%)         924M (45%)         926M (45%)         902M (44%)         950M (46%)         764M (37%)    
[23.837s][info][gc,heap     ] GC(31)      Live:         -               539M (26%)         539M (26%)         539M (26%)            -                  -          
[23.837s][info][gc,heap     ] GC(31) Allocated:         -               160M (8%)          162M (8%)          165M (8%)             -                  -          
[23.837s][info][gc,heap     ] GC(31)   Garbage:         -               224M (11%)         224M (11%)         196M (10%)            -                  -          
[23.837s][info][gc,heap     ] GC(31) Reclaimed:         -                  -                 0M (0%)           27M (1%)             -                  -          
[23.837s][info][gc          ] GC(31) Garbage Collection (Allocation Rate) 764M(37%)->902M(44%)
[23.840s][info][gc,start    ] GC(32) Garbage Collection (Allocation Rate)
[23.840s][info][gc,task     ] GC(32) Using 12 workers
[23.840s][info][gc,phases   ] GC(32) Pause Mark Start 0.009ms
[24.012s][info][gc,phases   ] GC(32) Concurrent Mark 171.699ms
[24.012s][info][gc,phases   ] GC(32) Pause Mark End 0.021ms
[24.012s][info][gc,phases   ] GC(32) Concurrent Mark Free 0.001ms
[24.013s][info][gc,phases   ] GC(32) Concurrent Process Non-Strong References 0.608ms
[24.013s][info][gc,phases   ] GC(32) Concurrent Reset Relocation Set 0.008ms
[24.036s][info][gc,phases   ] GC(32) Concurrent Select Relocation Set 23.790ms
[24.037s][info][gc,phases   ] GC(32) Pause Relocate Start 0.009ms
[24.062s][info][gc,phases   ] GC(32) Concurrent Relocate 25.349ms
[24.062s][info][gc,load     ] GC(32) Load: 0.00/0.00/0.00
[24.062s][info][gc,mmu      ] GC(32) MMU: 2ms/98.6%, 5ms/99.4%, 10ms/99.7%, 20ms/99.8%, 50ms/99.9%, 100ms/99.9%
[24.062s][info][gc,marking  ] GC(32) Mark: 8 stripe(s), 3 proactive flush(es), 1 terminate flush(es), 0 completion(s), 0 continuation(s) 
[24.062s][info][gc,marking  ] GC(32) Mark Stack Usage: 32M
[24.062s][info][gc,nmethod  ] GC(32) NMethods: 2411 registered, 138 unregistered
[24.062s][info][gc,metaspace] GC(32) Metaspace: 16M used, 16M committed, 1088M reserved
[24.062s][info][gc,ref      ] GC(32) Soft: 250 encountered, 0 discovered, 0 enqueued
[24.062s][info][gc,ref      ] GC(32) Weak: 972 encountered, 160 discovered, 7 enqueued
[24.062s][info][gc,ref      ] GC(32) Final: 0 encountered, 0 discovered, 0 enqueued
[24.062s][info][gc,ref      ] GC(32) Phantom: 35 encountered, 16 discovered, 0 enqueued
[24.062s][info][gc,reloc    ] GC(32) Small Pages: 419 / 838M, Empty: 0M, Relocated: 97M, In-Place: 0
[24.062s][info][gc,reloc    ] GC(32) Medium Pages: 2 / 64M, Empty: 0M, Relocated: 3M, In-Place: 0
[24.062s][info][gc,reloc    ] GC(32) Large Pages: 0 / 0M, Empty: 0M, Relocated: 0M, In-Place: 0
[24.062s][info][gc,reloc    ] GC(32) Forwarding Usage: 41M
[24.062s][info][gc,heap     ] GC(32) Min Capacity: 8M(0%)
[24.062s][info][gc,heap     ] GC(32) Max Capacity: 2048M(100%)
[24.062s][info][gc,heap     ] GC(32) Soft Max Capacity: 2048M(100%)
[24.062s][info][gc,heap     ] GC(32)                Mark Start          Mark End        Relocate Start      Relocate End           High               Low         
[24.062s][info][gc,heap     ] GC(32)  Capacity:     2048M (100%)       2048M (100%)       2048M (100%)       2048M (100%)       2048M (100%)       2048M (100%)   
[24.062s][info][gc,heap     ] GC(32)      Free:     1146M (56%)        1086M (53%)        1074M (52%)        1152M (56%)        1152M (56%)         990M (48%)    
[24.062s][info][gc,heap     ] GC(32)      Used:      902M (44%)         962M (47%)         974M (48%)         896M (44%)        1058M (52%)         896M (44%)    
[24.062s][info][gc,heap     ] GC(32)      Live:         -               593M (29%)         593M (29%)         593M (29%)            -                  -          
[24.062s][info][gc,heap     ] GC(32) Allocated:         -                60M (3%)           72M (4%)          106M (5%)             -                  -          
[24.062s][info][gc,heap     ] GC(32)   Garbage:         -               308M (15%)         308M (15%)         195M (10%)            -                  -          
[24.062s][info][gc,heap     ] GC(32) Reclaimed:         -                  -                 0M (0%)          112M (6%)             -                  -          
[24.062s][info][gc          ] GC(32) Garbage Collection (Allocation Rate) 902M(44%)->896M(44%)
[24.137s][info][gc,start    ] GC(33) Garbage Collection (Allocation Rate)
[24.137s][info][gc,task     ] GC(33) Using 12 workers
[24.137s][info][gc,phases   ] GC(33) Pause Mark Start 0.017ms
[24.162s][info][gc,phases   ] GC(33) Concurrent Mark 25.152ms
[24.162s][info][gc,phases   ] GC(33) Pause Mark End 0.018ms
[24.162s][info][gc,phases   ] GC(33) Concurrent Mark Free 0.001ms
[24.163s][info][gc,phases   ] GC(33) Concurrent Process Non-Strong References 0.865ms
[24.163s][info][gc,phases   ] GC(33) Concurrent Reset Relocation Set 0.031ms
[24.173s][info][gc,phases   ] GC(33) Concurrent Select Relocation Set 9.320ms
[24.173s][info][gc,phases   ] GC(33) Pause Relocate Start 0.007ms
[24.180s][info][gc,phases   ] GC(33) Concurrent Relocate 7.416ms
[24.180s][info][gc,load     ] GC(33) Load: 0.00/0.00/0.00
[24.180s][info][gc,mmu      ] GC(33) MMU: 2ms/98.6%, 5ms/99.4%, 10ms/99.7%, 20ms/99.8%, 50ms/99.9%, 100ms/99.9%
[24.181s][info][gc,marking  ] GC(33) Mark: 8 stripe(s), 2 proactive flush(es), 1 terminate flush(es), 0 completion(s), 0 continuation(s) 
[24.181s][info][gc,marking  ] GC(33) Mark Stack Usage: 32M
[24.181s][info][gc,nmethod  ] GC(33) NMethods: 2423 registered, 139 unregistered
[24.181s][info][gc,metaspace] GC(33) Metaspace: 16M used, 16M committed, 1088M reserved
[24.181s][info][gc,ref      ] GC(33) Soft: 250 encountered, 0 discovered, 0 enqueued
[24.181s][info][gc,ref      ] GC(33) Weak: 965 encountered, 40 discovered, 0 enqueued
[24.181s][info][gc,ref      ] GC(33) Final: 0 encountered, 0 discovered, 0 enqueued
[24.181s][info][gc,ref      ] GC(33) Phantom: 35 encountered, 31 discovered, 0 enqueued
[24.181s][info][gc,reloc    ] GC(33) Small Pages: 430 / 860M, Empty: 686M, Relocated: 10M, In-Place: 0
[24.181s][info][gc,reloc    ] GC(33) Medium Pages: 2 / 64M, Empty: 32M, Relocated: 0M, In-Place: 0
[24.181s][info][gc,reloc    ] GC(33) Large Pages: 0 / 0M, Empty: 0M, Relocated: 0M, In-Place: 0
[24.181s][info][gc,reloc    ] GC(33) Forwarding Usage: 7M
[24.181s][info][gc,heap     ] GC(33) Min Capacity: 8M(0%)
[24.181s][info][gc,heap     ] GC(33) Max Capacity: 2048M(100%)
[24.181s][info][gc,heap     ] GC(33) Soft Max Capacity: 2048M(100%)
[24.181s][info][gc,heap     ] GC(33)                Mark Start          Mark End        Relocate Start      Relocate End           High               Low         
[24.181s][info][gc,heap     ] GC(33)  Capacity:     2048M (100%)       2048M (100%)       2048M (100%)       2048M (100%)       2048M (100%)       2048M (100%)   
[24.181s][info][gc,heap     ] GC(33)      Free:     1124M (55%)        1124M (55%)        1828M (89%)        1966M (96%)        1966M (96%)        1124M (55%)    
[24.181s][info][gc,heap     ] GC(33)      Used:      924M (45%)         924M (45%)         220M (11%)          82M (4%)          924M (45%)          82M (4%)     
[24.181s][info][gc,heap     ] GC(33)      Live:         -                21M (1%)           21M (1%)           21M (1%)             -                  -          
[24.181s][info][gc,heap     ] GC(33) Allocated:         -                 0M (0%)           14M (1%)           13M (1%)             -                  -          
[24.181s][info][gc,heap     ] GC(33)   Garbage:         -               902M (44%)         184M (9%)           46M (2%)             -                  -          
[24.181s][info][gc,heap     ] GC(33) Reclaimed:         -                  -               718M (35%)         855M (42%)            -                  -          
[24.181s][info][gc          ] GC(33) Garbage Collection (Allocation Rate) 924M(45%)->82M(4%)
[24.236s][info][gc,start    ] GC(34) Garbage Collection (Allocation Rate)
[24.236s][info][gc,task     ] GC(34) Using 12 workers
[24.237s][info][gc,phases   ] GC(34) Pause Mark Start 0.009ms
[24.252s][info][gc,phases   ] GC(34) Concurrent Mark 15.247ms
[24.252s][info][gc,phases   ] GC(34) Pause Mark End 0.015ms
[24.252s][info][gc,phases   ] GC(34) Concurrent Mark Free 0.000ms
[24.253s][info][gc,phases   ] GC(34) Concurrent Process Non-Strong References 0.783ms
[24.253s][info][gc,phases   ] GC(34) Concurrent Reset Relocation Set 0.013ms
[24.256s][info][gc,phases   ] GC(34) Concurrent Select Relocation Set 3.047ms
[24.256s][info][gc,phases   ] GC(34) Pause Relocate Start 0.006ms
[24.259s][info][gc,phases   ] GC(34) Concurrent Relocate 2.839ms
[24.259s][info][gc,load     ] GC(34) Load: 0.00/0.00/0.00
[24.259s][info][gc,mmu      ] GC(34) MMU: 2ms/98.6%, 5ms/99.4%, 10ms/99.7%, 20ms/99.8%, 50ms/99.9%, 100ms/99.9%
[24.259s][info][gc,marking  ] GC(34) Mark: 8 stripe(s), 2 proactive flush(es), 1 terminate flush(es), 0 completion(s), 0 continuation(s) 
[24.259s][info][gc,marking  ] GC(34) Mark Stack Usage: 32M
[24.259s][info][gc,nmethod  ] GC(34) NMethods: 2424 registered, 140 unregistered
[24.259s][info][gc,metaspace] GC(34) Metaspace: 16M used, 16M committed, 1088M reserved
[24.259s][info][gc,ref      ] GC(34) Soft: 250 encountered, 0 discovered, 0 enqueued
[24.259s][info][gc,ref      ] GC(34) Weak: 975 encountered, 100 discovered, 3 enqueued
[24.259s][info][gc,ref      ] GC(34) Final: 0 encountered, 0 discovered, 0 enqueued
[24.259s][info][gc,ref      ] GC(34) Phantom: 35 encountered, 23 discovered, 0 enqueued
[24.259s][info][gc,reloc    ] GC(34) Small Pages: 26 / 52M, Empty: 14M, Relocated: 4M, In-Place: 0
[24.259s][info][gc,reloc    ] GC(34) Medium Pages: 1 / 32M, Empty: 32M, Relocated: 0M, In-Place: 0
[24.259s][info][gc,reloc    ] GC(34) Large Pages: 0 / 0M, Empty: 0M, Relocated: 0M, In-Place: 0
[24.259s][info][gc,reloc    ] GC(34) Forwarding Usage: 1M
[24.259s][info][gc,heap     ] GC(34) Min Capacity: 8M(0%)
[24.259s][info][gc,heap     ] GC(34) Max Capacity: 2048M(100%)
[24.259s][info][gc,heap     ] GC(34) Soft Max Capacity: 2048M(100%)
[24.259s][info][gc,heap     ] GC(34)                Mark Start          Mark End        Relocate Start      Relocate End           High               Low         
[24.259s][info][gc,heap     ] GC(34)  Capacity:     2048M (100%)       2048M (100%)       2048M (100%)       2048M (100%)       2048M (100%)       2048M (100%)   
[24.259s][info][gc,heap     ] GC(34)      Free:     1964M (96%)        1962M (96%)        2008M (98%)        2016M (98%)        2016M (98%)        1962M (96%)    
[24.259s][info][gc,heap     ] GC(34)      Used:       84M (4%)           86M (4%)           40M (2%)           32M (2%)           86M (4%)           32M (2%)     
[24.259s][info][gc,heap     ] GC(34)      Live:         -                 9M (0%)            9M (0%)            9M (0%)             -                  -          
[24.259s][info][gc,heap     ] GC(34) Allocated:         -                 2M (0%)            2M (0%)            1M (0%)             -                  -          
[24.259s][info][gc,heap     ] GC(34)   Garbage:         -                74M (4%)           28M (1%)           21M (1%)             -                  -          
[24.259s][info][gc,heap     ] GC(34) Reclaimed:         -                  -                46M (2%)           53M (3%)             -                  -          
[24.259s][info][gc          ] GC(34) Garbage Collection (Allocation Rate) 84M(4%)->32M(2%)
[24.332s][info][gc,start    ] GC(35) Garbage Collection (Allocation Rate)
[24.332s][info][gc,task     ] GC(35) Using 12 workers
[24.333s][info][gc,phases   ] GC(35) Pause Mark Start 0.013ms
[24.340s][info][gc,phases   ] GC(35) Concurrent Mark 6.983ms
[24.340s][info][gc,phases   ] GC(35) Pause Mark End 0.020ms
[24.340s][info][gc,phases   ] GC(35) Concurrent Mark Free 0.001ms
[24.341s][info][gc,phases   ] GC(35) Concurrent Process Non-Strong References 0.859ms
[24.341s][info][gc,phases   ] GC(35) Concurrent Reset Relocation Set 0.003ms
[24.348s][info][gc,phases   ] GC(35) Concurrent Select Relocation Set 7.180ms
[24.348s][info][gc,phases   ] GC(35) Pause Relocate Start 0.007ms
[24.351s][info][gc,phases   ] GC(35) Concurrent Relocate 2.603ms
[24.351s][info][gc,load     ] GC(35) Load: 0.00/0.00/0.00
[24.351s][info][gc,mmu      ] GC(35) MMU: 2ms/98.6%, 5ms/99.4%, 10ms/99.7%, 20ms/99.8%, 50ms/99.9%, 100ms/99.9%
[24.351s][info][gc,marking  ] GC(35) Mark: 8 stripe(s), 2 proactive flush(es), 1 terminate flush(es), 0 completion(s), 0 continuation(s) 
[24.351s][info][gc,marking  ] GC(35) Mark Stack Usage: 32M
[24.351s][info][gc,nmethod  ] GC(35) NMethods: 2424 registered, 140 unregistered
[24.351s][info][gc,metaspace] GC(35) Metaspace: 16M used, 16M committed, 1088M reserved
[24.351s][info][gc,ref      ] GC(35) Soft: 250 encountered, 0 discovered, 0 enqueued
[24.351s][info][gc,ref      ] GC(35) Weak: 972 encountered, 52 discovered, 0 enqueued
[24.351s][info][gc,ref      ] GC(35) Final: 0 encountered, 0 discovered, 0 enqueued
[24.351s][info][gc,ref      ] GC(35) Phantom: 35 encountered, 26 discovered, 0 enqueued
[24.351s][info][gc,reloc    ] GC(35) Small Pages: 18 / 36M, Empty: 0M, Relocated: 4M, In-Place: 0
[24.351s][info][gc,reloc    ] GC(35) Medium Pages: 0 / 0M, Empty: 0M, Relocated: 0M, In-Place: 0
[24.351s][info][gc,reloc    ] GC(35) Large Pages: 0 / 0M, Empty: 0M, Relocated: 0M, In-Place: 0
[24.351s][info][gc,reloc    ] GC(35) Forwarding Usage: 1M
[24.351s][info][gc,heap     ] GC(35) Min Capacity: 8M(0%)
[24.351s][info][gc,heap     ] GC(35) Max Capacity: 2048M(100%)
[24.351s][info][gc,heap     ] GC(35) Soft Max Capacity: 2048M(100%)
[24.351s][info][gc,heap     ] GC(35)                Mark Start          Mark End        Relocate Start      Relocate End           High               Low         
[24.351s][info][gc,heap     ] GC(35)  Capacity:     2048M (100%)       2048M (100%)       2048M (100%)       2048M (100%)       2048M (100%)       2048M (100%)   
[24.351s][info][gc,heap     ] GC(35)      Free:     2012M (98%)        2010M (98%)        2010M (98%)        2014M (98%)        2014M (98%)        1986M (97%)    
[24.351s][info][gc,heap     ] GC(35)      Used:       36M (2%)           38M (2%)           38M (2%)           34M (2%)           62M (3%)           34M (2%)     
[24.351s][info][gc,heap     ] GC(35)      Live:         -                 9M (0%)            9M (0%)            9M (0%)             -                  -          
[24.352s][info][gc,heap     ] GC(35) Allocated:         -                 2M (0%)            2M (0%)            3M (0%)             -                  -          
[24.352s][info][gc,heap     ] GC(35)   Garbage:         -                26M (1%)           26M (1%)           20M (1%)             -                  -          
[24.352s][info][gc,heap     ] GC(35) Reclaimed:         -                  -                 0M (0%)            5M (0%)             -                  -          
[24.352s][info][gc          ] GC(35) Garbage Collection (Allocation Rate) 36M(2%)->34M(2%)
[30.137s][info][gc,stats    ] === Garbage Collection Statistics =======================================================================================================================
[30.137s][info][gc,stats    ]                                                              Last 10s              Last 10m              Last 10h                Total
[30.137s][info][gc,stats    ]                                                              Avg / Max             Avg / Max             Avg / Max             Avg / Max
[30.137s][info][gc,stats    ]   Collector: Garbage Collection Cycle                    114.973 / 222.249     134.575 / 280.799     134.575 / 280.799     134.575 / 280.799     ms
[30.137s][info][gc,stats    ]  Contention: Mark Segment Reset Contention                     7 / 32                6 / 54                6 / 54                6 / 54          ops/s
[30.137s][info][gc,stats    ]  Contention: Mark SeqNum Reset Contention                      1 / 5                 0 / 9                 0 / 9                 0 / 9           ops/s
[30.137s][info][gc,stats    ]    Critical: Allocation Stall                                  0 / 0                 0 / 0                 0 / 0                 0 / 0           ops/s
[30.137s][info][gc,stats    ]    Critical: Allocation Stall                              0.000 / 0.000         0.000 / 0.000         0.000 / 0.000         0.000 / 0.000       ms
[30.137s][info][gc,stats    ]    Critical: GC Locker Stall                                   0 / 0                 0 / 0                 0 / 0                 0 / 0           ops/s
[30.137s][info][gc,stats    ]    Critical: GC Locker Stall                               0.000 / 0.000         0.000 / 0.000         0.000 / 0.000         0.000 / 0.000       ms
[30.137s][info][gc,stats    ]    Critical: Relocation Stall                                  0 / 0                 0 / 0                 0 / 0                 0 / 0           ops/s
[30.137s][info][gc,stats    ]    Critical: Relocation Stall                              0.000 / 0.000         0.000 / 0.000         0.000 / 0.000         0.000 / 0.000       ms
[30.137s][info][gc,stats    ]      Memory: Allocation Rate                                 769 / 4480            582 / 4480            582 / 4480            582 / 4480        MB/s
[30.137s][info][gc,stats    ]      Memory: Defragment                                        0 / 0                 0 / 0                 0 / 0                 0 / 0           ops/s
[30.137s][info][gc,stats    ]      Memory: Out Of Memory                                     0 / 0                 0 / 0                 0 / 0                 0 / 0           ops/s
[30.137s][info][gc,stats    ]      Memory: Page Cache Flush                                  0 / 0                 0 / 0                 0 / 0                 0 / 0           MB/s
[30.137s][info][gc,stats    ]      Memory: Page Cache Hit L1                               400 / 2224            294 / 2224            294 / 2224            294 / 2224        ops/s
[30.137s][info][gc,stats    ]      Memory: Page Cache Hit L2                                 0 / 0                 0 / 0                 0 / 0                 0 / 0           ops/s
[30.137s][info][gc,stats    ]      Memory: Page Cache Hit L3                                10 / 105              27 / 438              27 / 438              27 / 438         ops/s
[30.137s][info][gc,stats    ]      Memory: Page Cache Miss                                   0 / 0                 0 / 1                 0 / 1                 0 / 1           ops/s
[30.137s][info][gc,stats    ]      Memory: Uncommit                                          0 / 0                 0 / 0                 0 / 0                 0 / 0           MB/s
[30.137s][info][gc,stats    ]      Memory: Undo Object Allocation Failed                    32 / 297              18 / 297              18 / 297              18 / 297         ops/s
[30.137s][info][gc,stats    ]      Memory: Undo Object Allocation Succeeded                 17 / 147               7 / 147               7 / 147               7 / 147         ops/s
[30.137s][info][gc,stats    ]      Memory: Undo Page Allocation                             60 / 422              41 / 422              41 / 422              41 / 422         ops/s
[30.137s][info][gc,stats    ]       Phase: Concurrent Mark                              74.391 / 177.477      87.468 / 202.664      87.468 / 202.664      87.468 / 202.664     ms
[30.137s][info][gc,stats    ]       Phase: Concurrent Mark Continue                      0.000 / 0.000         0.000 / 0.000         0.000 / 0.000         0.000 / 0.000       ms
[30.137s][info][gc,stats    ]       Phase: Concurrent Mark Free                          0.001 / 0.005         0.001 / 0.005         0.001 / 0.005         0.001 / 0.005       ms
[30.138s][info][gc,stats    ]       Phase: Concurrent Process Non-Strong References      2.723 / 15.281        2.861 / 27.194        2.861 / 27.194        2.861 / 27.194      ms
[30.138s][info][gc,stats    ]       Phase: Concurrent Relocate                          10.983 / 25.349       13.915 / 56.047       13.915 / 56.047       13.915 / 56.047      ms
[30.138s][info][gc,stats    ]       Phase: Concurrent Reset Relocation Set               0.015 / 0.031         0.017 / 0.096         0.017 / 0.096         0.017 / 0.096       ms
[30.138s][info][gc,stats    ]       Phase: Concurrent Select Relocation Set             10.394 / 27.918       12.331 / 42.883       12.331 / 42.883       12.331 / 42.883      ms
[30.138s][info][gc,stats    ]       Phase: Pause Mark End                                0.019 / 0.025         0.019 / 0.027         0.019 / 0.027         0.019 / 0.027       ms
[30.138s][info][gc,stats    ]       Phase: Pause Mark Start                              0.012 / 0.018         0.013 / 0.018         0.013 / 0.018         0.013 / 0.018       ms
[30.138s][info][gc,stats    ]       Phase: Pause Relocate Start                          0.008 / 0.010         0.008 / 0.017         0.008 / 0.017         0.008 / 0.017       ms
[30.138s][info][gc,stats    ]    Subphase: Concurrent Classes Purge                      0.114 / 0.882         0.178 / 1.679         0.178 / 1.679         0.178 / 1.679       ms
[30.138s][info][gc,stats    ]    Subphase: Concurrent Classes Unlink                     1.014 / 7.531         1.534 / 24.520        1.534 / 24.520        1.534 / 24.520      ms
[30.138s][info][gc,stats    ]    Subphase: Concurrent Mark                              72.251 / 176.634      84.209 / 201.565      84.209 / 201.565      84.209 / 201.565     ms
[30.138s][info][gc,stats    ]    Subphase: Concurrent Mark Try Flush                     3.879 / 15.649        4.175 / 31.222        4.175 / 31.222        4.175 / 31.222      ms
[30.138s][info][gc,stats    ]    Subphase: Concurrent Mark Try Terminate                10.453 / 16.684       10.673 / 16.684       10.673 / 16.684       10.673 / 16.684      ms
[30.138s][info][gc,stats    ]    Subphase: Concurrent References Enqueue                 0.001 / 0.004         0.001 / 0.004         0.001 / 0.004         0.001 / 0.004       ms
[30.138s][info][gc,stats    ]    Subphase: Concurrent References Process                 0.049 / 0.193         0.076 / 0.527         0.076 / 0.527         0.076 / 0.527       ms
[30.138s][info][gc,stats    ]    Subphase: Concurrent Roots ClassLoaderDataGraph         0.057 / 1.098         0.063 / 1.098         0.063 / 1.098         0.063 / 1.098       ms
[30.138s][info][gc,stats    ]    Subphase: Concurrent Roots CodeCache                    0.000 / 0.000         0.000 / 0.000         0.000 / 0.000         0.000 / 0.000       ms
[30.138s][info][gc,stats    ]    Subphase: Concurrent Roots JavaThreads                  0.789 / 3.940         1.347 / 17.879        1.347 / 17.879        1.347 / 17.879      ms
[30.138s][info][gc,stats    ]    Subphase: Concurrent Roots OopStorageSet                0.017 / 0.155         0.029 / 0.569         0.029 / 0.569         0.029 / 0.569       ms
[30.138s][info][gc,stats    ]    Subphase: Concurrent Weak Roots OopStorageSet           0.111 / 0.291         0.102 / 0.291         0.102 / 0.291         0.102 / 0.291       ms
[30.138s][info][gc,stats    ]    Subphase: Pause Mark Try Complete                       0.000 / 0.000         0.000 / 0.000         0.000 / 0.000         0.000 / 0.000       ms
[30.138s][info][gc,stats    ]      System: Java Threads                                     62 / 64               64 / 75               64 / 75               64 / 75          threads
[30.138s][info][gc,stats    ] =========================================================================================================================================================
[30.340s][info][gc,start    ] GC(36) Garbage Collection (Allocation Rate)
[30.340s][info][gc,task     ] GC(36) Using 12 workers
[30.340s][info][gc,phases   ] GC(36) Pause Mark Start 0.012ms
[30.472s][info][gc,phases   ] GC(36) Concurrent Mark 132.119ms
[30.472s][info][gc,phases   ] GC(36) Pause Mark End 0.016ms
[30.472s][info][gc,phases   ] GC(36) Concurrent Mark Free 0.001ms
[30.473s][info][gc,phases   ] GC(36) Concurrent Process Non-Strong References 0.659ms
[30.473s][info][gc,phases   ] GC(36) Concurrent Reset Relocation Set 0.002ms
[30.527s][info][gc,phases   ] GC(36) Concurrent Select Relocation Set 54.142ms
[30.527s][info][gc,phases   ] GC(36) Pause Relocate Start 0.008ms
[30.615s][info][gc,phases   ] GC(36) Concurrent Relocate 87.199ms
[30.615s][info][gc,load     ] GC(36) Load: 0.00/0.00/0.00
[30.615s][info][gc,mmu      ] GC(36) MMU: 2ms/98.6%, 5ms/99.4%, 10ms/99.7%, 20ms/99.8%, 50ms/99.9%, 100ms/99.9%
[30.615s][info][gc,marking  ] GC(36) Mark: 8 stripe(s), 3 proactive flush(es), 1 terminate flush(es), 0 completion(s), 0 continuation(s) 
[30.615s][info][gc,marking  ] GC(36) Mark Stack Usage: 32M
[30.615s][info][gc,nmethod  ] GC(36) NMethods: 2436 registered, 148 unregistered
[30.615s][info][gc,metaspace] GC(36) Metaspace: 16M used, 16M committed, 1088M reserved
[30.615s][info][gc,ref      ] GC(36) Soft: 250 encountered, 0 discovered, 0 enqueued
[30.615s][info][gc,ref      ] GC(36) Weak: 974 encountered, 220 discovered, 4 enqueued
[30.615s][info][gc,ref      ] GC(36) Final: 0 encountered, 0 discovered, 0 enqueued
[30.615s][info][gc,ref      ] GC(36) Phantom: 35 encountered, 23 discovered, 0 enqueued
[30.615s][info][gc,reloc    ] GC(36) Small Pages: 521 / 1042M, Empty: 4M, Relocated: 370M, In-Place: 0
[30.615s][info][gc,reloc    ] GC(36) Medium Pages: 0 / 0M, Empty: 0M, Relocated: 0M, In-Place: 0
[30.615s][info][gc,reloc    ] GC(36) Large Pages: 0 / 0M, Empty: 0M, Relocated: 0M, In-Place: 0
[30.615s][info][gc,reloc    ] GC(36) Forwarding Usage: 250M
[30.615s][info][gc,heap     ] GC(36) Min Capacity: 8M(0%)
[30.615s][info][gc,heap     ] GC(36) Max Capacity: 2048M(100%)
[30.615s][info][gc,heap     ] GC(36) Soft Max Capacity: 2048M(100%)
[30.615s][info][gc,heap     ] GC(36)                Mark Start          Mark End        Relocate Start      Relocate End           High               Low         
[30.615s][info][gc,heap     ] GC(36)  Capacity:     2048M (100%)       2048M (100%)       2048M (100%)       2048M (100%)       2048M (100%)       2048M (100%)   
[30.615s][info][gc,heap     ] GC(36)      Free:     1006M (49%)         912M (45%)         846M (41%)        1452M (71%)        1452M (71%)         824M (40%)    
[30.615s][info][gc,heap     ] GC(36)      Used:     1042M (51%)        1136M (55%)        1202M (59%)         596M (29%)        1224M (60%)         596M (29%)    
[30.615s][info][gc,heap     ] GC(36)      Live:         -               378M (18%)         378M (18%)         378M (18%)            -                  -          
[30.615s][info][gc,heap     ] GC(36) Allocated:         -                94M (5%)          164M (8%)          206M (10%)            -                  -          
[30.615s][info][gc,heap     ] GC(36)   Garbage:         -               663M (32%)         659M (32%)          11M (1%)             -                  -          
[30.615s][info][gc,heap     ] GC(36) Reclaimed:         -                  -                 4M (0%)          652M (32%)            -                  -          
[30.615s][info][gc          ] GC(36) Garbage Collection (Allocation Rate) 1042M(51%)->596M(29%)
[30.644s][info][gc,start    ] GC(37) Garbage Collection (Allocation Rate)
[30.644s][info][gc,task     ] GC(37) Using 12 workers
[30.644s][info][gc,phases   ] GC(37) Pause Mark Start 0.012ms
[30.878s][info][gc,phases   ] GC(37) Concurrent Mark 234.059ms
[30.878s][info][gc,phases   ] GC(37) Pause Mark End 0.018ms
[30.878s][info][gc,phases   ] GC(37) Concurrent Mark Free 0.001ms
[30.879s][info][gc,phases   ] GC(37) Concurrent Process Non-Strong References 0.667ms
[30.879s][info][gc,phases   ] GC(37) Concurrent Reset Relocation Set 0.063ms
[30.918s][info][gc,phases   ] GC(37) Concurrent Select Relocation Set 39.124ms
[30.918s][info][gc,phases   ] GC(37) Pause Relocate Start 0.010ms
[30.949s][info][gc,phases   ] GC(37) Concurrent Relocate 30.665ms
[30.949s][info][gc,load     ] GC(37) Load: 0.00/0.00/0.00
[30.949s][info][gc,mmu      ] GC(37) MMU: 2ms/98.6%, 5ms/99.4%, 10ms/99.7%, 20ms/99.8%, 50ms/99.9%, 100ms/99.9%
[30.949s][info][gc,marking  ] GC(37) Mark: 8 stripe(s), 2 proactive flush(es), 1 terminate flush(es), 0 completion(s), 0 continuation(s) 
[30.949s][info][gc,marking  ] GC(37) Mark Stack Usage: 32M
[30.949s][info][gc,nmethod  ] GC(37) NMethods: 2436 registered, 148 unregistered
[30.949s][info][gc,metaspace] GC(37) Metaspace: 16M used, 16M committed, 1088M reserved
[30.949s][info][gc,ref      ] GC(37) Soft: 250 encountered, 0 discovered, 0 enqueued
[30.950s][info][gc,ref      ] GC(37) Weak: 970 encountered, 156 discovered, 0 enqueued
[30.950s][info][gc,ref      ] GC(37) Final: 0 encountered, 0 discovered, 0 enqueued
[30.950s][info][gc,ref      ] GC(37) Phantom: 35 encountered, 13 discovered, 0 enqueued
[30.950s][info][gc,reloc    ] GC(37) Small Pages: 313 / 626M, Empty: 0M, Relocated: 97M, In-Place: 0
[30.950s][info][gc,reloc    ] GC(37) Medium Pages: 0 / 0M, Empty: 0M, Relocated: 0M, In-Place: 0
[30.950s][info][gc,reloc    ] GC(37) Large Pages: 0 / 0M, Empty: 0M, Relocated: 0M, In-Place: 0
[30.950s][info][gc,reloc    ] GC(37) Forwarding Usage: 62M
[30.950s][info][gc,heap     ] GC(37) Min Capacity: 8M(0%)
[30.950s][info][gc,heap     ] GC(37) Max Capacity: 2048M(100%)
[30.950s][info][gc,heap     ] GC(37) Soft Max Capacity: 2048M(100%)
[30.950s][info][gc,heap     ] GC(37)                Mark Start          Mark End        Relocate Start      Relocate End           High               Low         
[30.950s][info][gc,heap     ] GC(37)  Capacity:     2048M (100%)       2048M (100%)       2048M (100%)       2048M (100%)       2048M (100%)       2048M (100%)   
[30.950s][info][gc,heap     ] GC(37)      Free:     1422M (69%)        1180M (58%)        1144M (56%)        1286M (63%)        1422M (69%)        1120M (55%)    
[30.950s][info][gc,heap     ] GC(37)      Used:      626M (31%)         868M (42%)         904M (44%)         762M (37%)         928M (45%)         626M (31%)    
[30.950s][info][gc,heap     ] GC(37)      Live:         -               461M (23%)         461M (23%)         461M (23%)            -                  -          
[30.950s][info][gc,heap     ] GC(37) Allocated:         -               242M (12%)         278M (14%)         277M (14%)            -                  -          
[30.950s][info][gc,heap     ] GC(37)   Garbage:         -               164M (8%)          164M (8%)           23M (1%)             -                  -          
[30.950s][info][gc,heap     ] GC(37) Reclaimed:         -                  -                 0M (0%)          141M (7%)             -                  -          
[30.950s][info][gc          ] GC(37) Garbage Collection (Allocation Rate) 626M(31%)->762M(37%)
[31.041s][info][gc,start    ] GC(38) Garbage Collection (Allocation Rate)
[31.041s][info][gc,task     ] GC(38) Using 12 workers
[31.041s][info][gc,phases   ] GC(38) Pause Mark Start 0.017ms
[31.229s][info][gc,phases   ] GC(38) Concurrent Mark 187.117ms
[31.229s][info][gc,phases   ] GC(38) Pause Mark End 0.017ms
[31.229s][info][gc,phases   ] GC(38) Concurrent Mark Free 0.001ms
[31.229s][info][gc,phases   ] GC(38) Concurrent Process Non-Strong References 0.515ms
[31.229s][info][gc,phases   ] GC(38) Concurrent Reset Relocation Set 0.010ms
[31.285s][info][gc,phases   ] GC(38) Concurrent Select Relocation Set 55.687ms
[31.285s][info][gc,phases   ] GC(38) Pause Relocate Start 0.013ms
[31.320s][info][gc,phases   ] GC(38) Concurrent Relocate 34.463ms
[31.320s][info][gc,load     ] GC(38) Load: 0.00/0.00/0.00
[31.320s][info][gc,mmu      ] GC(38) MMU: 2ms/98.6%, 5ms/99.4%, 10ms/99.7%, 20ms/99.8%, 50ms/99.9%, 100ms/99.9%
[31.320s][info][gc,marking  ] GC(38) Mark: 8 stripe(s), 2 proactive flush(es), 1 terminate flush(es), 0 completion(s), 0 continuation(s) 
[31.320s][info][gc,marking  ] GC(38) Mark Stack Usage: 32M
[31.320s][info][gc,nmethod  ] GC(38) NMethods: 2438 registered, 148 unregistered
[31.320s][info][gc,metaspace] GC(38) Metaspace: 16M used, 16M committed, 1088M reserved
[31.320s][info][gc,ref      ] GC(38) Soft: 250 encountered, 0 discovered, 0 enqueued
[31.320s][info][gc,ref      ] GC(38) Weak: 970 encountered, 64 discovered, 0 enqueued
[31.320s][info][gc,ref      ] GC(38) Final: 0 encountered, 0 discovered, 0 enqueued
[31.320s][info][gc,ref      ] GC(38) Phantom: 35 encountered, 14 discovered, 0 enqueued
[31.320s][info][gc,reloc    ] GC(38) Small Pages: 406 / 812M, Empty: 0M, Relocated: 108M, In-Place: 0
[31.320s][info][gc,reloc    ] GC(38) Medium Pages: 0 / 0M, Empty: 0M, Relocated: 0M, In-Place: 0
[31.320s][info][gc,reloc    ] GC(38) Large Pages: 1 / 6M, Empty: 0M, Relocated: 0M, In-Place: 0
[31.320s][info][gc,reloc    ] GC(38) Forwarding Usage: 65M
[31.320s][info][gc,heap     ] GC(38) Min Capacity: 8M(0%)
[31.320s][info][gc,heap     ] GC(38) Max Capacity: 2048M(100%)
[31.320s][info][gc,heap     ] GC(38) Soft Max Capacity: 2048M(100%)
[31.320s][info][gc,heap     ] GC(38)                Mark Start          Mark End        Relocate Start      Relocate End           High               Low         
[31.320s][info][gc,heap     ] GC(38)  Capacity:     2048M (100%)       2048M (100%)       2048M (100%)       2048M (100%)       2048M (100%)       2048M (100%)   
[31.320s][info][gc,heap     ] GC(38)      Free:     1230M (60%)        1194M (58%)        1186M (58%)        1356M (66%)        1356M (66%)        1162M (57%)    
[31.320s][info][gc,heap     ] GC(38)      Used:      818M (40%)         854M (42%)         862M (42%)         692M (34%)         886M (43%)         692M (34%)    
[31.321s][info][gc,heap     ] GC(38)      Live:         -               597M (29%)         597M (29%)         597M (29%)            -                  -          
[31.321s][info][gc,heap     ] GC(38) Allocated:         -                36M (2%)           44M (2%)           48M (2%)             -                  -          
[31.321s][info][gc,heap     ] GC(38)   Garbage:         -               220M (11%)         220M (11%)          46M (2%)             -                  -          
[31.321s][info][gc,heap     ] GC(38) Reclaimed:         -                  -                 0M (0%)          174M (8%)             -                  -          
[31.321s][info][gc          ] GC(38) Garbage Collection (Allocation Rate) 818M(40%)->692M(34%)
[31.541s][info][gc,start    ] GC(39) Garbage Collection (Allocation Rate)
[31.541s][info][gc,task     ] GC(39) Using 12 workers
[31.541s][info][gc,phases   ] GC(39) Pause Mark Start 0.017ms
[31.752s][info][gc,phases   ] GC(39) Concurrent Mark 210.351ms
[31.752s][info][gc,phases   ] GC(39) Pause Mark End 0.022ms
[31.752s][info][gc,phases   ] GC(39) Concurrent Mark Free 0.001ms
[31.753s][info][gc,phases   ] GC(39) Concurrent Process Non-Strong References 0.683ms
[31.753s][info][gc,phases   ] GC(39) Concurrent Reset Relocation Set 0.029ms
[31.765s][info][gc,phases   ] GC(39) Concurrent Select Relocation Set 11.818ms
[31.765s][info][gc,phases   ] GC(39) Pause Relocate Start 0.008ms
[31.771s][info][gc,phases   ] GC(39) Concurrent Relocate 5.826ms
[31.771s][info][gc,load     ] GC(39) Load: 0.00/0.00/0.00
[31.771s][info][gc,mmu      ] GC(39) MMU: 2ms/98.6%, 5ms/99.4%, 10ms/99.7%, 20ms/99.8%, 50ms/99.9%, 100ms/99.9%
[31.771s][info][gc,marking  ] GC(39) Mark: 8 stripe(s), 3 proactive flush(es), 1 terminate flush(es), 0 completion(s), 0 continuation(s) 
[31.771s][info][gc,marking  ] GC(39) Mark Stack Usage: 32M
[31.771s][info][gc,nmethod  ] GC(39) NMethods: 2438 registered, 150 unregistered
[31.771s][info][gc,metaspace] GC(39) Metaspace: 16M used, 16M committed, 1088M reserved
[31.771s][info][gc,ref      ] GC(39) Soft: 250 encountered, 0 discovered, 0 enqueued
[31.771s][info][gc,ref      ] GC(39) Weak: 973 encountered, 129 discovered, 1 enqueued
[31.771s][info][gc,ref      ] GC(39) Final: 0 encountered, 0 discovered, 0 enqueued
[31.771s][info][gc,ref      ] GC(39) Phantom: 35 encountered, 14 discovered, 0 enqueued
[31.771s][info][gc,reloc    ] GC(39) Small Pages: 365 / 730M, Empty: 8M, Relocated: 13M, In-Place: 0
[31.771s][info][gc,reloc    ] GC(39) Medium Pages: 0 / 0M, Empty: 0M, Relocated: 0M, In-Place: 0
[31.771s][info][gc,reloc    ] GC(39) Large Pages: 2 / 12M, Empty: 6M, Relocated: 0M, In-Place: 0
[31.771s][info][gc,reloc    ] GC(39) Forwarding Usage: 4M
[31.771s][info][gc,heap     ] GC(39) Min Capacity: 8M(0%)
[31.771s][info][gc,heap     ] GC(39) Max Capacity: 2048M(100%)
[31.771s][info][gc,heap     ] GC(39) Soft Max Capacity: 2048M(100%)
[31.771s][info][gc,heap     ] GC(39)                Mark Start          Mark End        Relocate Start      Relocate End           High               Low         
[31.771s][info][gc,heap     ] GC(39)  Capacity:     2048M (100%)       2048M (100%)       2048M (100%)       2048M (100%)       2048M (100%)       2048M (100%)   
[31.771s][info][gc,heap     ] GC(39)      Free:     1306M (64%)        1180M (58%)        1184M (58%)        1232M (60%)        1306M (64%)        1160M (57%)    
[31.771s][info][gc,heap     ] GC(39)      Used:      742M (36%)         868M (42%)         864M (42%)         816M (40%)         888M (43%)         742M (36%)    
[31.771s][info][gc,heap     ] GC(39)      Live:         -               616M (30%)         616M (30%)         616M (30%)            -                  -          
[31.771s][info][gc,heap     ] GC(39) Allocated:         -               126M (6%)          136M (7%)          139M (7%)             -                  -          
[31.771s][info][gc,heap     ] GC(39)   Garbage:         -               125M (6%)          111M (5%)           59M (3%)             -                  -          
[31.771s][info][gc,heap     ] GC(39) Reclaimed:         -                  -                14M (1%)           65M (3%)             -                  -          
[31.771s][info][gc          ] GC(39) Garbage Collection (Allocation Rate) 742M(36%)->816M(40%)
[32.337s][info][gc,start    ] GC(40) Garbage Collection (Allocation Rate)
[32.338s][info][gc,task     ] GC(40) Using 6 workers
[32.338s][info][gc,phases   ] GC(40) Pause Mark Start 0.017ms
[32.540s][info][gc,phases   ] GC(40) Concurrent Mark 202.635ms
[32.541s][info][gc,phases   ] GC(40) Pause Mark End 0.023ms
[32.541s][info][gc,phases   ] GC(40) Concurrent Mark Free 0.001ms
[32.542s][info][gc,phases   ] GC(40) Concurrent Process Non-Strong References 1.222ms
[32.542s][info][gc,phases   ] GC(40) Concurrent Reset Relocation Set 0.008ms
[32.554s][info][gc,phases   ] GC(40) Concurrent Select Relocation Set 12.420ms
[32.555s][info][gc,phases   ] GC(40) Pause Relocate Start 0.009ms
[32.563s][info][gc,phases   ] GC(40) Concurrent Relocate 8.788ms
[32.564s][info][gc,load     ] GC(40) Load: 0.00/0.00/0.00
[32.564s][info][gc,mmu      ] GC(40) MMU: 2ms/98.6%, 5ms/99.4%, 10ms/99.7%, 20ms/99.8%, 50ms/99.9%, 100ms/99.9%
[32.564s][info][gc,marking  ] GC(40) Mark: 4 stripe(s), 2 proactive flush(es), 1 terminate flush(es), 0 completion(s), 0 continuation(s) 
[32.564s][info][gc,marking  ] GC(40) Mark Stack Usage: 32M
[32.564s][info][gc,nmethod  ] GC(40) NMethods: 2438 registered, 150 unregistered
[32.564s][info][gc,metaspace] GC(40) Metaspace: 16M used, 16M committed, 1088M reserved
[32.564s][info][gc,ref      ] GC(40) Soft: 250 encountered, 0 discovered, 0 enqueued
[32.564s][info][gc,ref      ] GC(40) Weak: 972 encountered, 233 discovered, 0 enqueued
[32.564s][info][gc,ref      ] GC(40) Final: 0 encountered, 0 discovered, 0 enqueued
[32.564s][info][gc,ref      ] GC(40) Phantom: 35 encountered, 20 discovered, 0 enqueued
[32.564s][info][gc,reloc    ] GC(40) Small Pages: 643 / 1286M, Empty: 58M, Relocated: 13M, In-Place: 0
[32.564s][info][gc,reloc    ] GC(40) Medium Pages: 0 / 0M, Empty: 0M, Relocated: 0M, In-Place: 0
[32.564s][info][gc,reloc    ] GC(40) Large Pages: 1 / 6M, Empty: 0M, Relocated: 0M, In-Place: 0
[32.564s][info][gc,reloc    ] GC(40) Forwarding Usage: 5M
[32.564s][info][gc,heap     ] GC(40) Min Capacity: 8M(0%)
[32.564s][info][gc,heap     ] GC(40) Max Capacity: 2048M(100%)
[32.564s][info][gc,heap     ] GC(40) Soft Max Capacity: 2048M(100%)
[32.564s][info][gc,heap     ] GC(40)                Mark Start          Mark End        Relocate Start      Relocate End           High               Low         
[32.564s][info][gc,heap     ] GC(40)  Capacity:     2048M (100%)       2048M (100%)       2048M (100%)       2048M (100%)       2048M (100%)       2048M (100%)   
[32.564s][info][gc,heap     ] GC(40)      Free:      756M (37%)         618M (30%)         662M (32%)        1280M (63%)        1282M (63%)         614M (30%)    
[32.564s][info][gc,heap     ] GC(40)      Used:     1292M (63%)        1430M (70%)        1386M (68%)         768M (38%)        1434M (70%)         766M (37%)    
[32.564s][info][gc,heap     ] GC(40)      Live:         -               526M (26%)         526M (26%)         526M (26%)            -                  -          
[32.564s][info][gc,heap     ] GC(40) Allocated:         -               138M (7%)          152M (7%)          157M (8%)             -                  -          
[32.564s][info][gc,heap     ] GC(40)   Garbage:         -               765M (37%)         707M (35%)          83M (4%)             -                  -          
[32.564s][info][gc,heap     ] GC(40) Reclaimed:         -                  -                58M (3%)          681M (33%)            -                  -          
[32.564s][info][gc          ] GC(40) Garbage Collection (Allocation Rate) 1292M(63%)->768M(38%)
[32.634s][info][gc,start    ] GC(41) Garbage Collection (Allocation Rate)
[32.634s][info][gc,task     ] GC(41) Using 6 workers
[32.634s][info][gc,phases   ] GC(41) Pause Mark Start 0.017ms
[32.790s][info][gc,phases   ] GC(41) Concurrent Mark 155.883ms
[32.791s][info][gc,phases   ] GC(41) Pause Mark End 0.017ms
[32.791s][info][gc,phases   ] GC(41) Concurrent Mark Free 0.001ms
[32.792s][info][gc,phases   ] GC(41) Concurrent Process Non-Strong References 1.253ms
[32.792s][info][gc,phases   ] GC(41) Concurrent Reset Relocation Set 0.053ms
[32.796s][info][gc,phases   ] GC(41) Concurrent Select Relocation Set 4.091ms
[32.796s][info][gc,phases   ] GC(41) Pause Relocate Start 0.004ms
[32.802s][info][gc,phases   ] GC(41) Concurrent Relocate 5.640ms
[32.802s][info][gc,load     ] GC(41) Load: 0.00/0.00/0.00
[32.802s][info][gc,mmu      ] GC(41) MMU: 2ms/98.6%, 5ms/99.4%, 10ms/99.7%, 20ms/99.8%, 50ms/99.9%, 100ms/99.9%
[32.802s][info][gc,marking  ] GC(41) Mark: 4 stripe(s), 2 proactive flush(es), 1 terminate flush(es), 0 completion(s), 0 continuation(s) 
[32.802s][info][gc,marking  ] GC(41) Mark Stack Usage: 32M
[32.802s][info][gc,nmethod  ] GC(41) NMethods: 2441 registered, 150 unregistered
[32.802s][info][gc,metaspace] GC(41) Metaspace: 16M used, 16M committed, 1088M reserved
[32.802s][info][gc,ref      ] GC(41) Soft: 250 encountered, 0 discovered, 0 enqueued
[32.802s][info][gc,ref      ] GC(41) Weak: 968 encountered, 363 discovered, 0 enqueued
[32.802s][info][gc,ref      ] GC(41) Final: 0 encountered, 0 discovered, 0 enqueued
[32.802s][info][gc,ref      ] GC(41) Phantom: 35 encountered, 26 discovered, 0 enqueued
[32.802s][info][gc,reloc    ] GC(41) Small Pages: 410 / 820M, Empty: 142M, Relocated: 10M, In-Place: 0
[32.802s][info][gc,reloc    ] GC(41) Medium Pages: 0 / 0M, Empty: 0M, Relocated: 0M, In-Place: 0
[32.802s][info][gc,reloc    ] GC(41) Large Pages: 1 / 6M, Empty: 0M, Relocated: 0M, In-Place: 0
[32.802s][info][gc,reloc    ] GC(41) Forwarding Usage: 3M
[32.802s][info][gc,heap     ] GC(41) Min Capacity: 8M(0%)
[32.802s][info][gc,heap     ] GC(41) Max Capacity: 2048M(100%)
[32.803s][info][gc,heap     ] GC(41) Soft Max Capacity: 2048M(100%)
[32.803s][info][gc,heap     ] GC(41)                Mark Start          Mark End        Relocate Start      Relocate End           High               Low         
[32.803s][info][gc,heap     ] GC(41)  Capacity:     2048M (100%)       2048M (100%)       2048M (100%)       2048M (100%)       2048M (100%)       2048M (100%)   
[32.803s][info][gc,heap     ] GC(41)      Free:     1222M (60%)        1212M (59%)        1354M (66%)        1456M (71%)        1456M (71%)        1212M (59%)    
[32.803s][info][gc,heap     ] GC(41)      Used:      826M (40%)         836M (41%)         694M (34%)         592M (29%)         836M (41%)         592M (29%)    
[32.803s][info][gc,heap     ] GC(41)      Live:         -               492M (24%)         492M (24%)         492M (24%)            -                  -          
[32.803s][info][gc,heap     ] GC(41) Allocated:         -                10M (0%)           10M (0%)           10M (0%)             -                  -          
[32.803s][info][gc,heap     ] GC(41)   Garbage:         -               333M (16%)         191M (9%)           89M (4%)             -                  -          
[32.803s][info][gc,heap     ] GC(41) Reclaimed:         -                  -               142M (7%)          244M (12%)            -                  -          
[32.803s][info][gc          ] GC(41) Garbage Collection (Allocation Rate) 826M(40%)->592M(29%)
[34.203s][info][gc,start    ] GC(42) Garbage Collection (System.gc())
[34.203s][info][gc,task     ] GC(42) Using 12 workers
[34.204s][info][gc,phases   ] GC(42) Pause Mark Start 0.017ms
[34.218s][info][gc,phases   ] GC(42) Concurrent Mark 14.806ms
[34.219s][info][gc,phases   ] GC(42) Pause Mark End 0.022ms
[34.219s][info][gc,phases   ] GC(42) Concurrent Mark Free 0.001ms
[34.220s][info][gc,phases   ] GC(42) Concurrent Process Non-Strong References 0.909ms
[34.220s][info][gc,phases   ] GC(42) Concurrent Reset Relocation Set 0.006ms
[34.224s][info][gc,phases   ] GC(42) Concurrent Select Relocation Set 4.044ms
[34.224s][info][gc,phases   ] GC(42) Pause Relocate Start 0.007ms
[34.227s][info][gc,phases   ] GC(42) Concurrent Relocate 2.604ms
[34.227s][info][gc,load     ] GC(42) Load: 0.00/0.00/0.00
[34.227s][info][gc,mmu      ] GC(42) MMU: 2ms/98.6%, 5ms/99.4%, 10ms/99.7%, 20ms/99.8%, 50ms/99.9%, 100ms/99.9%
[34.227s][info][gc,marking  ] GC(42) Mark: 8 stripe(s), 1 proactive flush(es), 1 terminate flush(es), 0 completion(s), 0 continuation(s) 
[34.227s][info][gc,marking  ] GC(42) Mark Stack Usage: 32M
[34.227s][info][gc,nmethod  ] GC(42) NMethods: 2441 registered, 152 unregistered
[34.227s][info][gc,metaspace] GC(42) Metaspace: 16M used, 16M committed, 1088M reserved
[34.227s][info][gc,ref      ] GC(42) Soft: 250 encountered, 0 discovered, 0 enqueued
[34.227s][info][gc,ref      ] GC(42) Weak: 974 encountered, 64 discovered, 6 enqueued
[34.227s][info][gc,ref      ] GC(42) Final: 0 encountered, 0 discovered, 0 enqueued
[34.227s][info][gc,ref      ] GC(42) Phantom: 35 encountered, 14 discovered, 0 enqueued
[34.227s][info][gc,reloc    ] GC(42) Small Pages: 331 / 662M, Empty: 606M, Relocated: 4M, In-Place: 0
[34.227s][info][gc,reloc    ] GC(42) Medium Pages: 0 / 0M, Empty: 0M, Relocated: 0M, In-Place: 0
[34.227s][info][gc,reloc    ] GC(42) Large Pages: 1 / 6M, Empty: 6M, Relocated: 0M, In-Place: 0
[34.227s][info][gc,reloc    ] GC(42) Forwarding Usage: 1M
[34.227s][info][gc,heap     ] GC(42) Min Capacity: 8M(0%)
[34.227s][info][gc,heap     ] GC(42) Max Capacity: 2048M(100%)
[34.227s][info][gc,heap     ] GC(42) Soft Max Capacity: 2048M(100%)
[34.227s][info][gc,heap     ] GC(42)                Mark Start          Mark End        Relocate Start      Relocate End           High               Low         
[34.227s][info][gc,heap     ] GC(42)  Capacity:     2048M (100%)       2048M (100%)       2048M (100%)       2048M (100%)       2048M (100%)       2048M (100%)   
[34.227s][info][gc,heap     ] GC(42)      Free:     1380M (67%)        1380M (67%)        1992M (97%)        2014M (98%)        2014M (98%)        1380M (67%)    
[34.227s][info][gc,heap     ] GC(42)      Used:      668M (33%)         668M (33%)          56M (3%)           34M (2%)          668M (33%)          34M (2%)     
[34.227s][info][gc,heap     ] GC(42)      Live:         -                12M (1%)           12M (1%)           12M (1%)             -                  -          
[34.227s][info][gc,heap     ] GC(42) Allocated:         -                 0M (0%)            0M (0%)            0M (0%)             -                  -          
[34.227s][info][gc,heap     ] GC(42)   Garbage:         -               655M (32%)          43M (2%)           21M (1%)             -                  -          
[34.227s][info][gc,heap     ] GC(42) Reclaimed:         -                  -               612M (30%)         634M (31%)            -                  -          
[34.227s][info][gc          ] GC(42) Garbage Collection (System.gc()) 668M(33%)->34M(2%)
[36.037s][info][gc,start    ] GC(43) Garbage Collection (Allocation Rate)
[36.037s][info][gc,task     ] GC(43) Using 12 workers
[36.037s][info][gc,phases   ] GC(43) Pause Mark Start 0.010ms
[36.162s][info][gc,phases   ] GC(43) Concurrent Mark 46.983ms
[36.162s][info][gc,phases   ] GC(43) Pause Mark End 0.023ms
[36.166s][info][gc,phases   ] GC(43) Concurrent Mark Free 0.000ms
[36.193s][info][gc,phases   ] GC(43) Concurrent Process Non-Strong References 27.626ms
[36.193s][info][gc,phases   ] GC(43) Concurrent Reset Relocation Set 0.003ms
[36.202s][info][gc,phases   ] GC(43) Concurrent Select Relocation Set 9.193ms
[36.203s][info][gc,phases   ] GC(43) Pause Relocate Start 0.008ms
[36.324s][info][gc,phases   ] GC(43) Concurrent Relocate 6.398ms
[36.324s][info][gc,load     ] GC(43) Load: 0.00/0.00/0.00
[36.324s][info][gc,mmu      ] GC(43) MMU: 2ms/98.6%, 5ms/99.4%, 10ms/99.7%, 20ms/99.8%, 50ms/99.9%, 100ms/99.9%
[36.324s][info][gc,marking  ] GC(43) Mark: 8 stripe(s), 3 proactive flush(es), 1 terminate flush(es), 0 completion(s), 0 continuation(s) 
[36.324s][info][gc,marking  ] GC(43) Mark Stack Usage: 32M
[36.324s][info][gc,nmethod  ] GC(43) NMethods: 1354 registered, 1245 unregistered
[36.324s][info][gc,metaspace] GC(43) Metaspace: 16M used, 16M committed, 1088M reserved
[36.324s][info][gc,ref      ] GC(43) Soft: 250 encountered, 0 discovered, 0 enqueued
[36.324s][info][gc,ref      ] GC(43) Weak: 982 encountered, 189 discovered, 2 enqueued
[36.324s][info][gc,ref      ] GC(43) Final: 0 encountered, 0 discovered, 0 enqueued
[36.324s][info][gc,ref      ] GC(43) Phantom: 35 encountered, 23 discovered, 0 enqueued
[36.324s][info][gc,reloc    ] GC(43) Small Pages: 455 / 910M, Empty: 608M, Relocated: 6M, In-Place: 0
[36.324s][info][gc,reloc    ] GC(43) Medium Pages: 0 / 0M, Empty: 0M, Relocated: 0M, In-Place: 0
[36.324s][info][gc,reloc    ] GC(43) Large Pages: 0 / 0M, Empty: 0M, Relocated: 0M, In-Place: 0
[36.324s][info][gc,reloc    ] GC(43) Forwarding Usage: 2M
[36.324s][info][gc,heap     ] GC(43) Min Capacity: 8M(0%)
[36.324s][info][gc,heap     ] GC(43) Max Capacity: 2048M(100%)
[36.324s][info][gc,heap     ] GC(43) Soft Max Capacity: 2048M(100%)
[36.324s][info][gc,heap     ] GC(43)                Mark Start          Mark End        Relocate Start      Relocate End           High               Low         
[36.324s][info][gc,heap     ] GC(43)  Capacity:     2048M (100%)       2048M (100%)       2048M (100%)       2048M (100%)       2048M (100%)       2048M (100%)   
[36.324s][info][gc,heap     ] GC(43)      Free:     1138M (56%)         368M (18%)         852M (42%)         530M (26%)        1138M (56%)         290M (14%)    
[36.324s][info][gc,heap     ] GC(43)      Used:      910M (44%)        1680M (82%)        1196M (58%)        1518M (74%)        1758M (86%)         910M (44%)    
[36.324s][info][gc,heap     ] GC(43)      Live:         -                14M (1%)           14M (1%)           14M (1%)             -                  -          
[36.324s][info][gc,heap     ] GC(43) Allocated:         -               770M (38%)         894M (44%)        1483M (72%)            -                  -          
[36.324s][info][gc,heap     ] GC(43)   Garbage:         -               895M (44%)         287M (14%)          19M (1%)             -                  -          
[36.324s][info][gc,heap     ] GC(43) Reclaimed:         -                  -               608M (30%)         875M (43%)            -                  -          
[36.324s][info][gc          ] GC(43) Garbage Collection (Allocation Rate) 910M(44%)->1518M(74%)
[36.333s][info][gc,start    ] GC(44) Garbage Collection (Allocation Rate)
[36.333s][info][gc,task     ] GC(44) Using 12 workers
[36.334s][info][gc,phases   ] GC(44) Pause Mark Start 0.008ms
[36.390s][info][gc,phases   ] GC(44) Concurrent Mark 15.325ms
[36.390s][info][gc,phases   ] GC(44) Pause Mark End 0.018ms
[36.399s][info][gc,phases   ] GC(44) Concurrent Mark Free 0.001ms
[36.405s][info][gc,phases   ] GC(44) Concurrent Process Non-Strong References 5.640ms
[36.405s][info][gc,phases   ] GC(44) Concurrent Reset Relocation Set 0.023ms
[36.424s][info][gc,phases   ] GC(44) Concurrent Select Relocation Set 19.017ms
[36.424s][info][gc,phases   ] GC(44) Pause Relocate Start 0.008ms
[36.435s][info][gc,phases   ] GC(44) Concurrent Relocate 9.963ms
[36.435s][info][gc,load     ] GC(44) Load: 0.00/0.00/0.00
[36.435s][info][gc,mmu      ] GC(44) MMU: 2ms/98.6%, 5ms/99.4%, 10ms/99.7%, 20ms/99.8%, 50ms/99.9%, 100ms/99.9%
[36.435s][info][gc,marking  ] GC(44) Mark: 8 stripe(s), 2 proactive flush(es), 1 terminate flush(es), 0 completion(s), 0 continuation(s) 
[36.435s][info][gc,marking  ] GC(44) Mark Stack Usage: 32M
[36.435s][info][gc,nmethod  ] GC(44) NMethods: 1354 registered, 1245 unregistered
[36.435s][info][gc,metaspace] GC(44) Metaspace: 16M used, 16M committed, 1088M reserved
[36.435s][info][gc,ref      ] GC(44) Soft: 250 encountered, 0 discovered, 0 enqueued
[36.435s][info][gc,ref      ] GC(44) Weak: 980 encountered, 122 discovered, 0 enqueued
[36.435s][info][gc,ref      ] GC(44) Final: 0 encountered, 0 discovered, 0 enqueued
[36.435s][info][gc,ref      ] GC(44) Phantom: 35 encountered, 14 discovered, 0 enqueued
[36.435s][info][gc,reloc    ] GC(44) Small Pages: 782 / 1564M, Empty: 1172M, Relocated: 6M, In-Place: 0
[36.435s][info][gc,reloc    ] GC(44) Medium Pages: 0 / 0M, Empty: 0M, Relocated: 0M, In-Place: 0
[36.435s][info][gc,reloc    ] GC(44) Large Pages: 0 / 0M, Empty: 0M, Relocated: 0M, In-Place: 0
[36.435s][info][gc,reloc    ] GC(44) Forwarding Usage: 2M
[36.435s][info][gc,heap     ] GC(44) Min Capacity: 8M(0%)
[36.435s][info][gc,heap     ] GC(44) Max Capacity: 2048M(100%)
[36.435s][info][gc,heap     ] GC(44) Soft Max Capacity: 2048M(100%)
[36.435s][info][gc,heap     ] GC(44)                Mark Start          Mark End        Relocate Start      Relocate End           High               Low         
[36.435s][info][gc,heap     ] GC(44)  Capacity:     2048M (100%)       2048M (100%)       2048M (100%)       2048M (100%)       2048M (100%)       2048M (100%)   
[36.435s][info][gc,heap     ] GC(44)      Free:      484M (24%)         246M (12%)        1342M (66%)        1672M (82%)        1684M (82%)         210M (10%)    
[36.435s][info][gc,heap     ] GC(44)      Used:     1564M (76%)        1802M (88%)         706M (34%)         376M (18%)        1838M (90%)         364M (18%)    
[36.435s][info][gc,heap     ] GC(44)      Live:         -                14M (1%)           14M (1%)           14M (1%)             -                  -          
[36.435s][info][gc,heap     ] GC(44) Allocated:         -               238M (12%)         314M (15%)         341M (17%)            -                  -          
[36.435s][info][gc,heap     ] GC(44)   Garbage:         -              1549M (76%)         377M (18%)          19M (1%)             -                  -          
[36.435s][info][gc,heap     ] GC(44) Reclaimed:         -                  -              1172M (57%)        1529M (75%)            -                  -          
[36.435s][info][gc          ] GC(44) Garbage Collection (Allocation Rate) 1564M(76%)->376M(18%)
[36.441s][info][gc,start    ] GC(45) Garbage Collection (Allocation Rate)
[36.441s][info][gc,task     ] GC(45) Using 12 workers
[36.441s][info][gc,phases   ] GC(45) Pause Mark Start 0.007ms
[36.581s][info][gc,phases   ] GC(45) Concurrent Mark 62.444ms
[36.582s][info][gc,phases   ] GC(45) Pause Mark End 0.025ms
[36.722s][info][gc,phases   ] GC(45) Concurrent Mark Free 0.006ms
[36.738s][info][gc,phases   ] GC(45) Concurrent Process Non-Strong References 15.455ms
[36.738s][info][gc,phases   ] GC(45) Concurrent Reset Relocation Set 0.077ms
[36.746s][info][gc,phases   ] GC(45) Concurrent Select Relocation Set 8.596ms
[36.747s][info][gc,phases   ] GC(45) Pause Relocate Start 0.007ms
[36.751s][info][gc,phases   ] GC(45) Concurrent Relocate 4.527ms
[36.751s][info][gc,load     ] GC(45) Load: 0.00/0.00/0.00
[36.751s][info][gc,mmu      ] GC(45) MMU: 2ms/98.6%, 5ms/99.4%, 10ms/99.7%, 20ms/99.8%, 50ms/99.9%, 100ms/99.9%
[36.751s][info][gc,marking  ] GC(45) Mark: 8 stripe(s), 2 proactive flush(es), 1 terminate flush(es), 0 completion(s), 0 continuation(s) 
[36.751s][info][gc,marking  ] GC(45) Mark Stack Usage: 32M
[36.751s][info][gc,nmethod  ] GC(45) NMethods: 1354 registered, 1245 unregistered
[36.751s][info][gc,metaspace] GC(45) Metaspace: 16M used, 16M committed, 1088M reserved
[36.751s][info][gc,ref      ] GC(45) Soft: 250 encountered, 0 discovered, 0 enqueued
[36.751s][info][gc,ref      ] GC(45) Weak: 980 encountered, 169 discovered, 0 enqueued
[36.751s][info][gc,ref      ] GC(45) Final: 0 encountered, 0 discovered, 0 enqueued
[36.751s][info][gc,ref      ] GC(45) Phantom: 35 encountered, 12 discovered, 0 enqueued
[36.751s][info][gc,reloc    ] GC(45) Small Pages: 202 / 404M, Empty: 194M, Relocated: 5M, In-Place: 0
[36.751s][info][gc,reloc    ] GC(45) Medium Pages: 0 / 0M, Empty: 0M, Relocated: 0M, In-Place: 0
[36.751s][info][gc,reloc    ] GC(45) Large Pages: 0 / 0M, Empty: 0M, Relocated: 0M, In-Place: 0
[36.752s][info][gc,reloc    ] GC(45) Forwarding Usage: 1M
[36.752s][info][gc,heap     ] GC(45) Min Capacity: 8M(0%)
[36.752s][info][gc,heap     ] GC(45) Max Capacity: 2048M(100%)
[36.752s][info][gc,heap     ] GC(45) Soft Max Capacity: 2048M(100%)
[36.752s][info][gc,heap     ] GC(45)                Mark Start          Mark End        Relocate Start      Relocate End           High               Low         
[36.752s][info][gc,heap     ] GC(45)  Capacity:     2048M (100%)       2048M (100%)       2048M (100%)       2048M (100%)       2048M (100%)       2048M (100%)   
[36.752s][info][gc,heap     ] GC(45)      Free:     1644M (80%)         966M (47%)         378M (18%)         530M (26%)        1644M (80%)         224M (11%)    
[36.752s][info][gc,heap     ] GC(45)      Used:      404M (20%)        1082M (53%)        1670M (82%)        1518M (74%)        1824M (89%)         404M (20%)    
[36.752s][info][gc,heap     ] GC(45)      Live:         -                14M (1%)           14M (1%)           14M (1%)             -                  -          
[36.752s][info][gc,heap     ] GC(45) Allocated:         -               678M (33%)        1460M (71%)        1481M (72%)            -                  -          
[36.752s][info][gc,heap     ] GC(45)   Garbage:         -               389M (19%)         195M (10%)          22M (1%)             -                  -          
[36.752s][info][gc,heap     ] GC(45) Reclaimed:         -                  -               194M (9%)          367M (18%)            -                  -          
[36.752s][info][gc          ] GC(45) Garbage Collection (Allocation Rate) 404M(20%)->1518M(74%)
[36.831s][info][gc,start    ] GC(46) Garbage Collection (Allocation Rate)
[36.831s][info][gc,task     ] GC(46) Using 12 workers
[36.831s][info][gc,phases   ] GC(46) Pause Mark Start 0.012ms
[36.862s][info][gc,phases   ] GC(46) Concurrent Mark 30.975ms
[36.863s][info][gc,phases   ] GC(46) Pause Mark End 0.021ms
[36.863s][info][gc,phases   ] GC(46) Concurrent Mark Free 0.001ms
[36.863s][info][gc,phases   ] GC(46) Concurrent Process Non-Strong References 0.688ms
[36.863s][info][gc,phases   ] GC(46) Concurrent Reset Relocation Set 0.018ms
[36.866s][info][gc,phases   ] GC(46) Concurrent Select Relocation Set 2.884ms
[36.867s][info][gc,phases   ] GC(46) Pause Relocate Start 0.006ms
[36.870s][info][gc,phases   ] GC(46) Concurrent Relocate 3.324ms
[36.870s][info][gc,load     ] GC(46) Load: 0.00/0.00/0.00
[36.870s][info][gc,mmu      ] GC(46) MMU: 2ms/98.6%, 5ms/99.4%, 10ms/99.7%, 20ms/99.8%, 50ms/99.9%, 100ms/99.9%
[36.870s][info][gc,marking  ] GC(46) Mark: 8 stripe(s), 3 proactive flush(es), 1 terminate flush(es), 0 completion(s), 0 continuation(s) 
[36.870s][info][gc,marking  ] GC(46) Mark Stack Usage: 32M
[36.870s][info][gc,nmethod  ] GC(46) NMethods: 1354 registered, 1245 unregistered
[36.870s][info][gc,metaspace] GC(46) Metaspace: 16M used, 16M committed, 1088M reserved
[36.870s][info][gc,ref      ] GC(46) Soft: 250 encountered, 0 discovered, 0 enqueued
[36.870s][info][gc,ref      ] GC(46) Weak: 981 encountered, 76 discovered, 0 enqueued
[36.870s][info][gc,ref      ] GC(46) Final: 0 encountered, 0 discovered, 0 enqueued
[36.870s][info][gc,ref      ] GC(46) Phantom: 35 encountered, 29 discovered, 0 enqueued
[36.870s][info][gc,reloc    ] GC(46) Small Pages: 920 / 1840M, Empty: 1768M, Relocated: 5M, In-Place: 0
[36.870s][info][gc,reloc    ] GC(46) Medium Pages: 1 / 32M, Empty: 0M, Relocated: 0M, In-Place: 0
[36.870s][info][gc,reloc    ] GC(46) Large Pages: 0 / 0M, Empty: 0M, Relocated: 0M, In-Place: 0
[36.870s][info][gc,reloc    ] GC(46) Forwarding Usage: 1M
[36.870s][info][gc,heap     ] GC(46) Min Capacity: 8M(0%)
[36.870s][info][gc,heap     ] GC(46) Max Capacity: 2048M(100%)
[36.870s][info][gc,heap     ] GC(46) Soft Max Capacity: 2048M(100%)
[36.870s][info][gc,heap     ] GC(46)                Mark Start          Mark End        Relocate Start      Relocate End           High               Low         
[36.870s][info][gc,heap     ] GC(46)  Capacity:     2048M (100%)       2048M (100%)       2048M (100%)       2048M (100%)       2048M (100%)       2048M (100%)   
[36.871s][info][gc,heap     ] GC(46)      Free:      176M (9%)          146M (7%)         1910M (93%)        1924M (94%)        1924M (94%)         146M (7%)     
[36.871s][info][gc,heap     ] GC(46)      Used:     1872M (91%)        1902M (93%)         138M (7%)          124M (6%)         1902M (93%)         124M (6%)     
[36.871s][info][gc,heap     ] GC(46)      Live:         -                30M (2%)           30M (2%)           30M (2%)             -                  -          
[36.871s][info][gc,heap     ] GC(46) Allocated:         -                30M (1%)           34M (2%)           35M (2%)             -                  -          
[36.871s][info][gc,heap     ] GC(46)   Garbage:         -              1841M (90%)          73M (4%)           57M (3%)             -                  -          
[36.871s][info][gc,heap     ] GC(46) Reclaimed:         -                  -              1768M (86%)        1783M (87%)            -                  -          
[36.871s][info][gc          ] GC(46) Garbage Collection (Allocation Rate) 1872M(91%)->124M(6%)
[36.941s][info][gc,start    ] GC(47) Garbage Collection (Allocation Rate)
[36.941s][info][gc,task     ] GC(47) Using 12 workers
[36.941s][info][gc,phases   ] GC(47) Pause Mark Start 0.016ms
[37.003s][info][gc,phases   ] GC(47) Concurrent Mark 62.056ms
[37.003s][info][gc,phases   ] GC(47) Pause Mark End 0.018ms
[37.003s][info][gc,phases   ] GC(47) Concurrent Mark Free 0.001ms
[37.004s][info][gc,phases   ] GC(47) Concurrent Process Non-Strong References 0.558ms
[37.004s][info][gc,phases   ] GC(47) Concurrent Reset Relocation Set 0.002ms
[37.015s][info][gc,phases   ] GC(47) Concurrent Select Relocation Set 10.671ms
[37.015s][info][gc,phases   ] GC(47) Pause Relocate Start 0.009ms
[37.034s][info][gc,phases   ] GC(47) Concurrent Relocate 19.581ms
[37.035s][info][gc,load     ] GC(47) Load: 0.00/0.00/0.00
[37.035s][info][gc,mmu      ] GC(47) MMU: 2ms/98.6%, 5ms/99.4%, 10ms/99.7%, 20ms/99.8%, 50ms/99.9%, 100ms/99.9%
[37.035s][info][gc,marking  ] GC(47) Mark: 8 stripe(s), 2 proactive flush(es), 1 terminate flush(es), 0 completion(s), 0 continuation(s) 
[37.035s][info][gc,marking  ] GC(47) Mark Stack Usage: 32M
[37.035s][info][gc,nmethod  ] GC(47) NMethods: 1354 registered, 1245 unregistered
[37.035s][info][gc,metaspace] GC(47) Metaspace: 16M used, 16M committed, 1088M reserved
[37.035s][info][gc,ref      ] GC(47) Soft: 250 encountered, 0 discovered, 0 enqueued
[37.035s][info][gc,ref      ] GC(47) Weak: 981 encountered, 94 discovered, 0 enqueued
[37.035s][info][gc,ref      ] GC(47) Final: 0 encountered, 0 discovered, 0 enqueued
[37.035s][info][gc,ref      ] GC(47) Phantom: 35 encountered, 14 discovered, 0 enqueued
[37.035s][info][gc,reloc    ] GC(47) Small Pages: 93 / 186M, Empty: 0M, Relocated: 62M, In-Place: 0
[37.035s][info][gc,reloc    ] GC(47) Medium Pages: 1 / 32M, Empty: 0M, Relocated: 0M, In-Place: 0
[37.035s][info][gc,reloc    ] GC(47) Large Pages: 0 / 0M, Empty: 0M, Relocated: 0M, In-Place: 0
[37.035s][info][gc,reloc    ] GC(47) Forwarding Usage: 26M
[37.035s][info][gc,heap     ] GC(47) Min Capacity: 8M(0%)
[37.035s][info][gc,heap     ] GC(47) Max Capacity: 2048M(100%)
[37.035s][info][gc,heap     ] GC(47) Soft Max Capacity: 2048M(100%)
[37.035s][info][gc,heap     ] GC(47)                Mark Start          Mark End        Relocate Start      Relocate End           High               Low         
[37.035s][info][gc,heap     ] GC(47)  Capacity:     2048M (100%)       2048M (100%)       2048M (100%)       2048M (100%)       2048M (100%)       2048M (100%)   
[37.035s][info][gc,heap     ] GC(47)      Free:     1830M (89%)        1768M (86%)        1758M (86%)        1796M (88%)        1830M (89%)        1732M (85%)    
[37.035s][info][gc,heap     ] GC(47)      Used:      218M (11%)         280M (14%)         290M (14%)         252M (12%)         316M (15%)         218M (11%)    
[37.035s][info][gc,heap     ] GC(47)      Live:         -               110M (5%)          110M (5%)          110M (5%)             -                  -          
[37.035s][info][gc,heap     ] GC(47) Allocated:         -                62M (3%)           72M (4%)           81M (4%)             -                  -          
[37.035s][info][gc,heap     ] GC(47)   Garbage:         -               107M (5%)          107M (5%)           60M (3%)             -                  -          
[37.035s][info][gc,heap     ] GC(47) Reclaimed:         -                  -                 0M (0%)           47M (2%)             -                  -          
[37.035s][info][gc          ] GC(47) Garbage Collection (Allocation Rate) 218M(11%)->252M(12%)
[37.144s][info][gc,start    ] GC(48) Garbage Collection (Allocation Rate)
[37.144s][info][gc,task     ] GC(48) Using 12 workers
[37.144s][info][gc,phases   ] GC(48) Pause Mark Start 0.017ms
[37.253s][info][gc,phases   ] GC(48) Concurrent Mark 108.922ms
[37.253s][info][gc,phases   ] GC(48) Pause Mark End 0.025ms
[37.253s][info][gc,phases   ] GC(48) Concurrent Mark Free 0.001ms
[37.254s][info][gc,phases   ] GC(48) Concurrent Process Non-Strong References 0.600ms
[37.254s][info][gc,phases   ] GC(48) Concurrent Reset Relocation Set 0.011ms
[37.288s][info][gc,phases   ] GC(48) Concurrent Select Relocation Set 33.746ms
[37.288s][info][gc,phases   ] GC(48) Pause Relocate Start 0.012ms
[37.313s][info][gc,phases   ] GC(48) Concurrent Relocate 25.134ms
[37.313s][info][gc,load     ] GC(48) Load: 0.00/0.00/0.00
[37.313s][info][gc,mmu      ] GC(48) MMU: 2ms/98.6%, 5ms/99.4%, 10ms/99.7%, 20ms/99.8%, 50ms/99.9%, 100ms/99.9%
[37.313s][info][gc,marking  ] GC(48) Mark: 8 stripe(s), 2 proactive flush(es), 1 terminate flush(es), 0 completion(s), 0 continuation(s) 
[37.313s][info][gc,marking  ] GC(48) Mark Stack Usage: 32M
[37.313s][info][gc,nmethod  ] GC(48) NMethods: 1354 registered, 1245 unregistered
[37.313s][info][gc,metaspace] GC(48) Metaspace: 16M used, 16M committed, 1088M reserved
[37.313s][info][gc,ref      ] GC(48) Soft: 250 encountered, 0 discovered, 0 enqueued
[37.313s][info][gc,ref      ] GC(48) Weak: 981 encountered, 132 discovered, 0 enqueued
[37.313s][info][gc,ref      ] GC(48) Final: 0 encountered, 0 discovered, 0 enqueued
[37.313s][info][gc,ref      ] GC(48) Phantom: 35 encountered, 25 discovered, 0 enqueued
[37.313s][info][gc,reloc    ] GC(48) Small Pages: 171 / 342M, Empty: 0M, Relocated: 66M, In-Place: 0
[37.313s][info][gc,reloc    ] GC(48) Medium Pages: 1 / 32M, Empty: 0M, Relocated: 0M, In-Place: 0
[37.313s][info][gc,reloc    ] GC(48) Large Pages: 0 / 0M, Empty: 0M, Relocated: 0M, In-Place: 0
[37.313s][info][gc,reloc    ] GC(48) Forwarding Usage: 28M
[37.313s][info][gc,heap     ] GC(48) Min Capacity: 8M(0%)
[37.313s][info][gc,heap     ] GC(48) Max Capacity: 2048M(100%)
[37.313s][info][gc,heap     ] GC(48) Soft Max Capacity: 2048M(100%)
[37.313s][info][gc,heap     ] GC(48)                Mark Start          Mark End        Relocate Start      Relocate End           High               Low         
[37.313s][info][gc,heap     ] GC(48)  Capacity:     2048M (100%)       2048M (100%)       2048M (100%)       2048M (100%)       2048M (100%)       2048M (100%)   
[37.313s][info][gc,heap     ] GC(48)      Free:     1674M (82%)        1588M (78%)        1552M (76%)        1568M (77%)        1674M (82%)        1528M (75%)    
[37.313s][info][gc,heap     ] GC(48)      Used:      374M (18%)         460M (22%)         496M (24%)         480M (23%)         520M (25%)         374M (18%)    
[37.313s][info][gc,heap     ] GC(48)      Live:         -               237M (12%)         237M (12%)         237M (12%)            -                  -          
[37.314s][info][gc,heap     ] GC(48) Allocated:         -                86M (4%)          122M (6%)          149M (7%)             -                  -          
[37.314s][info][gc,heap     ] GC(48)   Garbage:         -               136M (7%)          136M (7%)           92M (5%)             -                  -          
[37.314s][info][gc,heap     ] GC(48) Reclaimed:         -                  -                 0M (0%)           43M (2%)             -                  -          
[37.314s][info][gc          ] GC(48) Garbage Collection (Allocation Rate) 374M(18%)->480M(23%)
[37.331s][info][gc,start    ] GC(49) Garbage Collection (Allocation Rate)
[37.331s][info][gc,task     ] GC(49) Using 12 workers
[37.331s][info][gc,phases   ] GC(49) Pause Mark Start 0.011ms
[37.456s][info][gc,phases   ] GC(49) Concurrent Mark 124.669ms
[37.456s][info][gc,phases   ] GC(49) Pause Mark End 0.017ms
[37.456s][info][gc,phases   ] GC(49) Concurrent Mark Free 0.001ms
[37.457s][info][gc,phases   ] GC(49) Concurrent Process Non-Strong References 0.496ms
[37.457s][info][gc,phases   ] GC(49) Concurrent Reset Relocation Set 0.011ms
[37.462s][info][gc,phases   ] GC(49) Concurrent Select Relocation Set 4.945ms
[37.462s][info][gc,phases   ] GC(49) Pause Relocate Start 0.007ms
[37.478s][info][gc,phases   ] GC(49) Concurrent Relocate 16.248ms
[37.478s][info][gc,load     ] GC(49) Load: 0.00/0.00/0.00
[37.478s][info][gc,mmu      ] GC(49) MMU: 2ms/98.6%, 5ms/99.4%, 10ms/99.7%, 20ms/99.8%, 50ms/99.9%, 100ms/99.9%
[37.478s][info][gc,marking  ] GC(49) Mark: 8 stripe(s), 2 proactive flush(es), 1 terminate flush(es), 0 completion(s), 0 continuation(s) 
[37.478s][info][gc,marking  ] GC(49) Mark Stack Usage: 32M
[37.478s][info][gc,nmethod  ] GC(49) NMethods: 1354 registered, 1245 unregistered
[37.479s][info][gc,metaspace] GC(49) Metaspace: 16M used, 16M committed, 1088M reserved
[37.479s][info][gc,ref      ] GC(49) Soft: 250 encountered, 0 discovered, 0 enqueued
[37.479s][info][gc,ref      ] GC(49) Weak: 981 encountered, 141 discovered, 0 enqueued
[37.479s][info][gc,ref      ] GC(49) Final: 0 encountered, 0 discovered, 0 enqueued
[37.479s][info][gc,ref      ] GC(49) Phantom: 35 encountered, 15 discovered, 0 enqueued
[37.479s][info][gc,reloc    ] GC(49) Small Pages: 234 / 468M, Empty: 0M, Relocated: 57M, In-Place: 0
[37.479s][info][gc,reloc    ] GC(49) Medium Pages: 1 / 32M, Empty: 0M, Relocated: 0M, In-Place: 0
[37.479s][info][gc,reloc    ] GC(49) Large Pages: 0 / 0M, Empty: 0M, Relocated: 0M, In-Place: 0
[37.479s][info][gc,reloc    ] GC(49) Forwarding Usage: 24M
[37.479s][info][gc,heap     ] GC(49) Min Capacity: 8M(0%)
[37.479s][info][gc,heap     ] GC(49) Max Capacity: 2048M(100%)
[37.479s][info][gc,heap     ] GC(49) Soft Max Capacity: 2048M(100%)
[37.479s][info][gc,heap     ] GC(49)                Mark Start          Mark End        Relocate Start      Relocate End           High               Low         
[37.479s][info][gc,heap     ] GC(49)  Capacity:     2048M (100%)       2048M (100%)       2048M (100%)       2048M (100%)       2048M (100%)       2048M (100%)   
[37.479s][info][gc,heap     ] GC(49)      Free:     1548M (76%)        1424M (70%)        1418M (69%)        1442M (70%)        1548M (76%)        1394M (68%)    
[37.479s][info][gc,heap     ] GC(49)      Used:      500M (24%)         624M (30%)         630M (31%)         606M (30%)         654M (32%)         500M (24%)    
[37.479s][info][gc,heap     ] GC(49)      Live:         -               344M (17%)         344M (17%)         344M (17%)            -                  -          
[37.479s][info][gc,heap     ] GC(49) Allocated:         -               124M (6%)          130M (6%)          143M (7%)             -                  -          
[37.479s][info][gc,heap     ] GC(49)   Garbage:         -               155M (8%)          155M (8%)          117M (6%)             -                  -          
[37.479s][info][gc,heap     ] GC(49) Reclaimed:         -                  -                 0M (0%)           37M (2%)             -                  -          
[37.479s][info][gc          ] GC(49) Garbage Collection (Allocation Rate) 500M(24%)->606M(30%)
[37.534s][info][gc,start    ] GC(50) Garbage Collection (Allocation Rate)
[37.534s][info][gc,task     ] GC(50) Using 12 workers
[37.534s][info][gc,phases   ] GC(50) Pause Mark Start 0.016ms
[37.690s][info][gc,phases   ] GC(50) Concurrent Mark 155.793ms
[37.691s][info][gc,phases   ] GC(50) Pause Mark End 0.019ms
[37.691s][info][gc,phases   ] GC(50) Concurrent Mark Free 0.002ms
[37.691s][info][gc,phases   ] GC(50) Concurrent Process Non-Strong References 0.485ms
[37.691s][info][gc,phases   ] GC(50) Concurrent Reset Relocation Set 0.009ms
[37.697s][info][gc,phases   ] GC(50) Concurrent Select Relocation Set 5.409ms
[37.697s][info][gc,phases   ] GC(50) Pause Relocate Start 0.008ms
[37.710s][info][gc,phases   ] GC(50) Concurrent Relocate 12.931ms
[37.710s][info][gc,load     ] GC(50) Load: 0.00/0.00/0.00
[37.710s][info][gc,mmu      ] GC(50) MMU: 2ms/98.6%, 5ms/99.4%, 10ms/99.7%, 20ms/99.8%, 50ms/99.9%, 100ms/99.9%
[37.710s][info][gc,marking  ] GC(50) Mark: 8 stripe(s), 2 proactive flush(es), 1 terminate flush(es), 0 completion(s), 0 continuation(s) 
[37.710s][info][gc,marking  ] GC(50) Mark Stack Usage: 32M
[37.710s][info][gc,nmethod  ] GC(50) NMethods: 1356 registered, 1245 unregistered
[37.710s][info][gc,metaspace] GC(50) Metaspace: 16M used, 16M committed, 1088M reserved
[37.710s][info][gc,ref      ] GC(50) Soft: 250 encountered, 0 discovered, 0 enqueued
[37.710s][info][gc,ref      ] GC(50) Weak: 981 encountered, 106 discovered, 0 enqueued
[37.710s][info][gc,ref      ] GC(50) Final: 0 encountered, 0 discovered, 0 enqueued
[37.710s][info][gc,ref      ] GC(50) Phantom: 35 encountered, 17 discovered, 0 enqueued
[37.710s][info][gc,reloc    ] GC(50) Small Pages: 319 / 638M, Empty: 0M, Relocated: 38M, In-Place: 0
[37.710s][info][gc,reloc    ] GC(50) Medium Pages: 1 / 32M, Empty: 0M, Relocated: 0M, In-Place: 0
[37.710s][info][gc,reloc    ] GC(50) Large Pages: 0 / 0M, Empty: 0M, Relocated: 0M, In-Place: 0
[37.710s][info][gc,reloc    ] GC(50) Forwarding Usage: 17M
[37.710s][info][gc,heap     ] GC(50) Min Capacity: 8M(0%)
[37.710s][info][gc,heap     ] GC(50) Max Capacity: 2048M(100%)
[37.710s][info][gc,heap     ] GC(50) Soft Max Capacity: 2048M(100%)
[37.710s][info][gc,heap     ] GC(50)                Mark Start          Mark End        Relocate Start      Relocate End           High               Low         
[37.710s][info][gc,heap     ] GC(50)  Capacity:     2048M (100%)       2048M (100%)       2048M (100%)       2048M (100%)       2048M (100%)       2048M (100%)   
[37.710s][info][gc,heap     ] GC(50)      Free:     1378M (67%)        1258M (61%)        1250M (61%)        1260M (62%)        1378M (67%)        1226M (60%)    
[37.710s][info][gc,heap     ] GC(50)      Used:      670M (33%)         790M (39%)         798M (39%)         788M (38%)         822M (40%)         670M (33%)    
[37.710s][info][gc,heap     ] GC(50)      Live:         -               478M (23%)         478M (23%)         478M (23%)            -                  -          
[37.711s][info][gc,heap     ] GC(50) Allocated:         -               120M (6%)          128M (6%)          139M (7%)             -                  -          
[37.711s][info][gc,heap     ] GC(50)   Garbage:         -               191M (9%)          191M (9%)          169M (8%)             -                  -          
[37.711s][info][gc,heap     ] GC(50) Reclaimed:         -                  -                 0M (0%)           21M (1%)             -                  -          
[37.711s][info][gc          ] GC(50) Garbage Collection (Allocation Rate) 670M(33%)->788M(38%)
[37.737s][info][gc,start    ] GC(51) Garbage Collection (Allocation Rate)
[37.737s][info][gc,task     ] GC(51) Using 12 workers
[37.737s][info][gc,phases   ] GC(51) Pause Mark Start 0.015ms
[37.925s][info][gc,phases   ] GC(51) Concurrent Mark 187.095ms
[37.925s][info][gc,phases   ] GC(51) Pause Mark End 0.019ms
[37.925s][info][gc,phases   ] GC(51) Concurrent Mark Free 0.001ms
[37.925s][info][gc,phases   ] GC(51) Concurrent Process Non-Strong References 0.490ms
[37.925s][info][gc,phases   ] GC(51) Concurrent Reset Relocation Set 0.013ms
[37.930s][info][gc,phases   ] GC(51) Concurrent Select Relocation Set 4.599ms
[37.930s][info][gc,phases   ] GC(51) Pause Relocate Start 0.008ms
[37.941s][info][gc,phases   ] GC(51) Concurrent Relocate 11.099ms
[37.942s][info][gc,load     ] GC(51) Load: 0.00/0.00/0.00
[37.942s][info][gc,mmu      ] GC(51) MMU: 2ms/98.6%, 5ms/99.4%, 10ms/99.7%, 20ms/99.8%, 50ms/99.9%, 100ms/99.9%
[37.942s][info][gc,marking  ] GC(51) Mark: 8 stripe(s), 3 proactive flush(es), 1 terminate flush(es), 0 completion(s), 0 continuation(s) 
[37.942s][info][gc,marking  ] GC(51) Mark Stack Usage: 32M
[37.942s][info][gc,nmethod  ] GC(51) NMethods: 1356 registered, 1245 unregistered
[37.942s][info][gc,metaspace] GC(51) Metaspace: 16M used, 16M committed, 1088M reserved
[37.942s][info][gc,ref      ] GC(51) Soft: 250 encountered, 0 discovered, 0 enqueued
[37.942s][info][gc,ref      ] GC(51) Weak: 981 encountered, 88 discovered, 0 enqueued
[37.942s][info][gc,ref      ] GC(51) Final: 0 encountered, 0 discovered, 0 enqueued
[37.942s][info][gc,ref      ] GC(51) Phantom: 35 encountered, 25 discovered, 0 enqueued
[37.942s][info][gc,reloc    ] GC(51) Small Pages: 395 / 790M, Empty: 0M, Relocated: 40M, In-Place: 0
[37.942s][info][gc,reloc    ] GC(51) Medium Pages: 1 / 32M, Empty: 0M, Relocated: 0M, In-Place: 0
[37.942s][info][gc,reloc    ] GC(51) Large Pages: 0 / 0M, Empty: 0M, Relocated: 0M, In-Place: 0
[37.942s][info][gc,reloc    ] GC(51) Forwarding Usage: 16M
[37.942s][info][gc,heap     ] GC(51) Min Capacity: 8M(0%)
[37.942s][info][gc,heap     ] GC(51) Max Capacity: 2048M(100%)
[37.942s][info][gc,heap     ] GC(51) Soft Max Capacity: 2048M(100%)
[37.942s][info][gc,heap     ] GC(51)                Mark Start          Mark End        Relocate Start      Relocate End           High               Low         
[37.942s][info][gc,heap     ] GC(51)  Capacity:     2048M (100%)       2048M (100%)       2048M (100%)       2048M (100%)       2048M (100%)       2048M (100%)   
[37.942s][info][gc,heap     ] GC(51)      Free:     1226M (60%)        1116M (54%)        1112M (54%)        1136M (55%)        1226M (60%)        1088M (53%)    
[37.942s][info][gc,heap     ] GC(51)      Used:      822M (40%)         932M (46%)         936M (46%)         912M (45%)         960M (47%)         822M (40%)    
[37.942s][info][gc,heap     ] GC(51)      Live:         -               589M (29%)         589M (29%)         589M (29%)            -                  -          
[37.942s][info][gc,heap     ] GC(51) Allocated:         -               110M (5%)          114M (6%)          115M (6%)             -                  -          
[37.942s][info][gc,heap     ] GC(51)   Garbage:         -               232M (11%)         232M (11%)         206M (10%)            -                  -          
[37.942s][info][gc,heap     ] GC(51) Reclaimed:         -                  -                 0M (0%)           25M (1%)             -                  -          
[37.942s][info][gc          ] GC(51) Garbage Collection (Allocation Rate) 822M(40%)->912M(45%)
[38.034s][info][gc,start    ] GC(52) Garbage Collection (Allocation Rate)
[38.034s][info][gc,task     ] GC(52) Using 12 workers
[38.034s][info][gc,phases   ] GC(52) Pause Mark Start 0.011ms
[38.190s][info][gc,phases   ] GC(52) Concurrent Mark 155.746ms
[38.190s][info][gc,phases   ] GC(52) Pause Mark End 0.015ms
[38.190s][info][gc,phases   ] GC(52) Concurrent Mark Free 0.000ms
[38.191s][info][gc,phases   ] GC(52) Concurrent Process Non-Strong References 0.545ms
[38.191s][info][gc,phases   ] GC(52) Concurrent Reset Relocation Set 0.010ms
[38.230s][info][gc,phases   ] GC(52) Concurrent Select Relocation Set 38.996ms
[38.230s][info][gc,phases   ] GC(52) Pause Relocate Start 0.009ms
[38.288s][info][gc,phases   ] GC(52) Concurrent Relocate 57.995ms
[38.288s][info][gc,load     ] GC(52) Load: 0.00/0.00/0.00
[38.288s][info][gc,mmu      ] GC(52) MMU: 2ms/98.6%, 5ms/99.4%, 10ms/99.7%, 20ms/99.8%, 50ms/99.9%, 100ms/99.9%
[38.288s][info][gc,marking  ] GC(52) Mark: 8 stripe(s), 3 proactive flush(es), 1 terminate flush(es), 0 completion(s), 0 continuation(s) 
[38.288s][info][gc,marking  ] GC(52) Mark Stack Usage: 32M
[38.288s][info][gc,nmethod  ] GC(52) NMethods: 1358 registered, 1245 unregistered
[38.288s][info][gc,metaspace] GC(52) Metaspace: 16M used, 16M committed, 1088M reserved
[38.288s][info][gc,ref      ] GC(52) Soft: 250 encountered, 0 discovered, 0 enqueued
[38.288s][info][gc,ref      ] GC(52) Weak: 984 encountered, 361 discovered, 0 enqueued
[38.288s][info][gc,ref      ] GC(52) Final: 0 encountered, 0 discovered, 0 enqueued
[38.288s][info][gc,ref      ] GC(52) Phantom: 35 encountered, 15 discovered, 0 enqueued
[38.288s][info][gc,reloc    ] GC(52) Small Pages: 444 / 888M, Empty: 0M, Relocated: 236M, In-Place: 0
[38.288s][info][gc,reloc    ] GC(52) Medium Pages: 2 / 64M, Empty: 0M, Relocated: 3M, In-Place: 0
[38.288s][info][gc,reloc    ] GC(52) Large Pages: 0 / 0M, Empty: 0M, Relocated: 0M, In-Place: 0
[38.288s][info][gc,reloc    ] GC(52) Forwarding Usage: 99M
[38.289s][info][gc,heap     ] GC(52) Min Capacity: 8M(0%)
[38.289s][info][gc,heap     ] GC(52) Max Capacity: 2048M(100%)
[38.289s][info][gc,heap     ] GC(52) Soft Max Capacity: 2048M(100%)
[38.289s][info][gc,heap     ] GC(52)                Mark Start          Mark End        Relocate Start      Relocate End           High               Low         
[38.289s][info][gc,heap     ] GC(52)  Capacity:     2048M (100%)       2048M (100%)       2048M (100%)       2048M (100%)       2048M (100%)       2048M (100%)   
[38.289s][info][gc,heap     ] GC(52)      Free:     1096M (54%)        1050M (51%)        1048M (51%)        1296M (63%)        1298M (63%)         996M (49%)    
[38.289s][info][gc,heap     ] GC(52)      Used:      952M (46%)         998M (49%)        1000M (49%)         752M (37%)        1052M (51%)         750M (37%)    
[38.289s][info][gc,heap     ] GC(52)      Live:         -               572M (28%)         572M (28%)         572M (28%)            -                  -          
[38.289s][info][gc,heap     ] GC(52) Allocated:         -                46M (2%)           48M (2%)           52M (3%)             -                  -          
[38.289s][info][gc,heap     ] GC(52)   Garbage:         -               379M (19%)         379M (19%)         127M (6%)             -                  -          
[38.289s][info][gc,heap     ] GC(52) Reclaimed:         -                  -                 0M (0%)          252M (12%)            -                  -          
[38.289s][info][gc          ] GC(52) Garbage Collection (Allocation Rate) 952M(46%)->752M(37%)
[38.331s][info][gc,start    ] GC(53) Garbage Collection (Allocation Rate)
[38.331s][info][gc,task     ] GC(53) Using 12 workers
[38.331s][info][gc,phases   ] GC(53) Pause Mark Start 0.012ms
[38.346s][info][gc,phases   ] GC(53) Concurrent Mark 15.306ms
[38.347s][info][gc,phases   ] GC(53) Pause Mark End 0.017ms
[38.347s][info][gc,phases   ] GC(53) Concurrent Mark Free 0.001ms
[38.347s][info][gc,phases   ] GC(53) Concurrent Process Non-Strong References 0.721ms
[38.348s][info][gc,phases   ] GC(53) Concurrent Reset Relocation Set 0.060ms
[38.363s][info][gc,phases   ] GC(53) Concurrent Select Relocation Set 15.043ms
[38.363s][info][gc,phases   ] GC(53) Pause Relocate Start 0.008ms
[38.367s][info][gc,phases   ] GC(53) Concurrent Relocate 3.790ms
[38.367s][info][gc,load     ] GC(53) Load: 0.00/0.00/0.00
[38.367s][info][gc,mmu      ] GC(53) MMU: 2ms/98.6%, 5ms/99.4%, 10ms/99.7%, 20ms/99.8%, 50ms/99.9%, 100ms/99.9%
[38.367s][info][gc,marking  ] GC(53) Mark: 8 stripe(s), 2 proactive flush(es), 1 terminate flush(es), 0 completion(s), 0 continuation(s) 
[38.367s][info][gc,marking  ] GC(53) Mark Stack Usage: 32M
[38.367s][info][gc,nmethod  ] GC(53) NMethods: 1357 registered, 1246 unregistered
[38.367s][info][gc,metaspace] GC(53) Metaspace: 16M used, 16M committed, 1088M reserved
[38.367s][info][gc,ref      ] GC(53) Soft: 250 encountered, 0 discovered, 0 enqueued
[38.367s][info][gc,ref      ] GC(53) Weak: 984 encountered, 69 discovered, 3 enqueued
[38.367s][info][gc,ref      ] GC(53) Final: 0 encountered, 0 discovered, 0 enqueued
[38.367s][info][gc,ref      ] GC(53) Phantom: 35 encountered, 26 discovered, 0 enqueued
[38.367s][info][gc,reloc    ] GC(53) Small Pages: 361 / 722M, Empty: 664M, Relocated: 5M, In-Place: 0
[38.367s][info][gc,reloc    ] GC(53) Medium Pages: 1 / 32M, Empty: 32M, Relocated: 0M, In-Place: 0
[38.367s][info][gc,reloc    ] GC(53) Large Pages: 0 / 0M, Empty: 0M, Relocated: 0M, In-Place: 0
[38.367s][info][gc,reloc    ] GC(53) Forwarding Usage: 1M
[38.367s][info][gc,heap     ] GC(53) Min Capacity: 8M(0%)
[38.367s][info][gc,heap     ] GC(53) Max Capacity: 2048M(100%)
[38.367s][info][gc,heap     ] GC(53) Soft Max Capacity: 2048M(100%)
[38.367s][info][gc,heap     ] GC(53)                Mark Start          Mark End        Relocate Start      Relocate End           High               Low         
[38.367s][info][gc,heap     ] GC(53)  Capacity:     2048M (100%)       2048M (100%)       2048M (100%)       2048M (100%)       2048M (100%)       2048M (100%)   
[38.367s][info][gc,heap     ] GC(53)      Free:     1294M (63%)        1292M (63%)        1988M (97%)        2012M (98%)        2012M (98%)        1292M (63%)    
[38.367s][info][gc,heap     ] GC(53)      Used:      754M (37%)         756M (37%)          60M (3%)           36M (2%)          756M (37%)          36M (2%)     
[38.367s][info][gc,heap     ] GC(53)      Live:         -                13M (1%)           13M (1%)           13M (1%)             -                  -          
[38.367s][info][gc,heap     ] GC(53) Allocated:         -                 2M (0%)            2M (0%)            1M (0%)             -                  -          
[38.367s][info][gc,heap     ] GC(53)   Garbage:         -               740M (36%)          44M (2%)           21M (1%)             -                  -          
[38.368s][info][gc,heap     ] GC(53) Reclaimed:         -                  -               696M (34%)         719M (35%)            -                  -          
[38.368s][info][gc          ] GC(53) Garbage Collection (Allocation Rate) 754M(37%)->36M(2%)
[38.430s][info][gc,start    ] GC(54) Garbage Collection (Allocation Rate)
[38.430s][info][gc,task     ] GC(54) Using 12 workers
[38.430s][info][gc,phases   ] GC(54) Pause Mark Start 0.014ms
[38.446s][info][gc,phases   ] GC(54) Concurrent Mark 15.301ms
[38.471s][info][gc,phases   ] GC(54) Pause Mark End 0.018ms
[38.471s][info][gc,phases   ] GC(54) Concurrent Mark Free 0.001ms
[38.472s][info][gc,phases   ] GC(54) Concurrent Process Non-Strong References 0.728ms
[38.472s][info][gc,phases   ] GC(54) Concurrent Reset Relocation Set 0.003ms
[38.481s][info][gc,phases   ] GC(54) Concurrent Select Relocation Set 8.816ms
[38.481s][info][gc,phases   ] GC(54) Pause Relocate Start 0.007ms
[38.485s][info][gc,phases   ] GC(54) Concurrent Relocate 3.607ms
[38.485s][info][gc,load     ] GC(54) Load: 0.00/0.00/0.00
[38.485s][info][gc,mmu      ] GC(54) MMU: 2ms/98.6%, 5ms/99.4%, 10ms/99.7%, 20ms/99.8%, 50ms/99.9%, 100ms/99.9%
[38.485s][info][gc,marking  ] GC(54) Mark: 8 stripe(s), 2 proactive flush(es), 1 terminate flush(es), 0 completion(s), 0 continuation(s) 
[38.485s][info][gc,marking  ] GC(54) Mark Stack Usage: 32M
[38.485s][info][gc,nmethod  ] GC(54) NMethods: 1357 registered, 1246 unregistered
[38.485s][info][gc,metaspace] GC(54) Metaspace: 16M used, 16M committed, 1088M reserved
[38.485s][info][gc,ref      ] GC(54) Soft: 250 encountered, 0 discovered, 0 enqueued
[38.485s][info][gc,ref      ] GC(54) Weak: 981 encountered, 32 discovered, 0 enqueued
[38.485s][info][gc,ref      ] GC(54) Final: 0 encountered, 0 discovered, 0 enqueued
[38.485s][info][gc,ref      ] GC(54) Phantom: 35 encountered, 15 discovered, 0 enqueued
[38.485s][info][gc,reloc    ] GC(54) Small Pages: 20 / 40M, Empty: 0M, Relocated: 5M, In-Place: 0
[38.485s][info][gc,reloc    ] GC(54) Medium Pages: 0 / 0M, Empty: 0M, Relocated: 0M, In-Place: 0
[38.485s][info][gc,reloc    ] GC(54) Large Pages: 0 / 0M, Empty: 0M, Relocated: 0M, In-Place: 0
[38.485s][info][gc,reloc    ] GC(54) Forwarding Usage: 1M
[38.485s][info][gc,heap     ] GC(54) Min Capacity: 8M(0%)
[38.485s][info][gc,heap     ] GC(54) Max Capacity: 2048M(100%)
[38.485s][info][gc,heap     ] GC(54) Soft Max Capacity: 2048M(100%)
[38.485s][info][gc,heap     ] GC(54)                Mark Start          Mark End        Relocate Start      Relocate End           High               Low         
[38.485s][info][gc,heap     ] GC(54)  Capacity:     2048M (100%)       2048M (100%)       2048M (100%)       2048M (100%)       2048M (100%)       2048M (100%)   
[38.485s][info][gc,heap     ] GC(54)      Free:     2008M (98%)        2004M (98%)        2004M (98%)        2010M (98%)        2010M (98%)        1980M (97%)    
[38.485s][info][gc,heap     ] GC(54)      Used:       40M (2%)           44M (2%)           44M (2%)           38M (2%)           68M (3%)           38M (2%)     
[38.485s][info][gc,heap     ] GC(54)      Live:         -                13M (1%)           13M (1%)           13M (1%)             -                  -          
[38.486s][info][gc,heap     ] GC(54) Allocated:         -                 4M (0%)            4M (0%)            3M (0%)             -                  -          
[38.486s][info][gc,heap     ] GC(54)   Garbage:         -                26M (1%)           26M (1%)           20M (1%)             -                  -          
[38.486s][info][gc,heap     ] GC(54) Reclaimed:         -                  -                 0M (0%)            5M (0%)             -                  -          
[38.486s][info][gc          ] GC(54) Garbage Collection (Allocation Rate) 40M(2%)->38M(2%)
[40.136s][info][gc,stats    ] === Garbage Collection Statistics =======================================================================================================================
[40.136s][info][gc,stats    ]                                                              Last 10s              Last 10m              Last 10h                Total
[40.136s][info][gc,stats    ]                                                              Avg / Max             Avg / Max             Avg / Max             Avg / Max
[40.136s][info][gc,stats    ]   Collector: Garbage Collection Cycle                    177.879 / 310.643     149.534 / 310.643     149.534 / 310.643     149.534 / 310.643     ms
[40.136s][info][gc,stats    ]  Contention: Mark Segment Reset Contention                     7 / 21                6 / 54                6 / 54                6 / 54          ops/s
[40.136s][info][gc,stats    ]  Contention: Mark SeqNum Reset Contention                      1 / 3                 1 / 9                 1 / 9                 1 / 9           ops/s
[40.136s][info][gc,stats    ]    Critical: Allocation Stall                                  0 / 0                 0 / 0                 0 / 0                 0 / 0           ops/s
[40.136s][info][gc,stats    ]    Critical: Allocation Stall                              0.000 / 0.000         0.000 / 0.000         0.000 / 0.000         0.000 / 0.000       ms
[40.136s][info][gc,stats    ]    Critical: GC Locker Stall                                   0 / 0                 0 / 0                 0 / 0                 0 / 0           ops/s
[40.136s][info][gc,stats    ]    Critical: GC Locker Stall                               0.000 / 0.000         0.000 / 0.000         0.000 / 0.000         0.000 / 0.000       ms
[40.136s][info][gc,stats    ]    Critical: Relocation Stall                                  0 / 0                 0 / 0                 0 / 0                 0 / 0           ops/s
[40.136s][info][gc,stats    ]    Critical: Relocation Stall                              0.000 / 0.000         0.000 / 0.000         0.000 / 0.000         0.000 / 0.000       ms
[40.137s][info][gc,stats    ]      Memory: Allocation Rate                                 890 / 4132            659 / 4480            659 / 4480            659 / 4480        MB/s
[40.137s][info][gc,stats    ]      Memory: Defragment                                        0 / 0                 0 / 0                 0 / 0                 0 / 0           ops/s
[40.137s][info][gc,stats    ]      Memory: Out Of Memory                                     0 / 0                 0 / 0                 0 / 0                 0 / 0           ops/s
[40.137s][info][gc,stats    ]      Memory: Page Cache Flush                                  0 / 0                 0 / 0                 0 / 0                 0 / 0           MB/s
[40.137s][info][gc,stats    ]      Memory: Page Cache Hit L1                               499 / 2010            345 / 2224            345 / 2224            345 / 2224        ops/s
[40.137s][info][gc,stats    ]      Memory: Page Cache Hit L2                                 0 / 0                 0 / 0                 0 / 0                 0 / 0           ops/s
[40.137s][info][gc,stats    ]      Memory: Page Cache Hit L3                                12 / 127              23 / 438              23 / 438              23 / 438         ops/s
[40.137s][info][gc,stats    ]      Memory: Page Cache Miss                                   0 / 0                 0 / 1                 0 / 1                 0 / 1           ops/s
[40.137s][info][gc,stats    ]      Memory: Uncommit                                          0 / 0                 0 / 0                 0 / 0                 0 / 0           MB/s
[40.137s][info][gc,stats    ]      Memory: Undo Object Allocation Failed                    21 / 213              19 / 297              19 / 297              19 / 297         ops/s
[40.137s][info][gc,stats    ]      Memory: Undo Object Allocation Succeeded                  2 / 22                6 / 147               6 / 147               6 / 147         ops/s
[40.137s][info][gc,stats    ]      Memory: Undo Page Allocation                             64 / 361              47 / 422              47 / 422              47 / 422         ops/s
[40.137s][info][gc,stats    ]       Phase: Concurrent Mark                             111.452 / 234.059      95.753 / 234.059      95.753 / 234.059      95.753 / 234.059     ms
[40.137s][info][gc,stats    ]       Phase: Concurrent Mark Continue                      0.000 / 0.000         0.000 / 0.000         0.000 / 0.000         0.000 / 0.000       ms
[40.137s][info][gc,stats    ]       Phase: Concurrent Mark Free                          0.001 / 0.006         0.001 / 0.006         0.001 / 0.006         0.001 / 0.006       ms
[40.137s][info][gc,stats    ]       Phase: Concurrent Process Non-Strong References      3.155 / 27.626        2.962 / 27.626        2.962 / 27.626        2.962 / 27.626      ms
[40.137s][info][gc,stats    ]       Phase: Concurrent Relocate                          18.409 / 87.199       15.468 / 87.199       15.468 / 87.199       15.468 / 87.199      ms
[40.137s][info][gc,stats    ]       Phase: Concurrent Reset Relocation Set               0.022 / 0.077         0.019 / 0.096         0.019 / 0.096         0.019 / 0.096       ms
[40.137s][info][gc,stats    ]       Phase: Concurrent Select Relocation Set             18.065 / 55.687       14.312 / 55.687       14.312 / 55.687       14.312 / 55.687      ms
[40.137s][info][gc,stats    ]       Phase: Pause Mark End                                0.019 / 0.025         0.019 / 0.027         0.019 / 0.027         0.019 / 0.027       ms
[40.137s][info][gc,stats    ]       Phase: Pause Mark Start                              0.014 / 0.017         0.013 / 0.018         0.013 / 0.018         0.013 / 0.018       ms
[40.137s][info][gc,stats    ]       Phase: Pause Relocate Start                          0.008 / 0.013         0.008 / 0.017         0.008 / 0.017         0.008 / 0.017       ms
[40.137s][info][gc,stats    ]    Subphase: Concurrent Classes Purge                      0.172 / 3.083         0.176 / 3.083         0.176 / 3.083         0.176 / 3.083       ms
[40.137s][info][gc,stats    ]    Subphase: Concurrent Classes Unlink                     0.476 / 1.006         1.168 / 24.520        1.168 / 24.520        1.168 / 24.520      ms
[40.137s][info][gc,stats    ]    Subphase: Concurrent Mark                             104.137 / 233.096      90.852 / 233.096      90.852 / 233.096      90.852 / 233.096     ms
[40.137s][info][gc,stats    ]    Subphase: Concurrent Mark Try Flush                     1.249 / 15.620        3.200 / 31.222        3.200 / 31.222        3.200 / 31.222      ms
[40.137s][info][gc,stats    ]    Subphase: Concurrent Mark Try Terminate                 9.122 / 16.305       10.281 / 16.684       10.281 / 16.684       10.281 / 16.684      ms
[40.137s][info][gc,stats    ]    Subphase: Concurrent References Enqueue                 0.001 / 0.003         0.001 / 0.004         0.001 / 0.004         0.001 / 0.004       ms
[40.138s][info][gc,stats    ]    Subphase: Concurrent References Process                 0.071 / 0.600         0.074 / 0.600         0.074 / 0.600         0.074 / 0.600       ms
[40.138s][info][gc,stats    ]    Subphase: Concurrent Roots ClassLoaderDataGraph         0.041 / 0.590         0.055 / 1.098         0.055 / 1.098         0.055 / 1.098       ms
[40.138s][info][gc,stats    ]    Subphase: Concurrent Roots CodeCache                    0.000 / 0.000         0.000 / 0.000         0.000 / 0.000         0.000 / 0.000       ms
[40.138s][info][gc,stats    ]    Subphase: Concurrent Roots JavaThreads                  0.883 / 4.172         1.190 / 17.879        1.190 / 17.879        1.190 / 17.879      ms
[40.138s][info][gc,stats    ]    Subphase: Concurrent Roots OopStorageSet                0.014 / 0.084         0.024 / 0.569         0.024 / 0.569         0.024 / 0.569       ms
[40.138s][info][gc,stats    ]    Subphase: Concurrent Weak Roots OopStorageSet           0.093 / 0.222         0.099 / 0.291         0.099 / 0.291         0.099 / 0.291       ms
[40.138s][info][gc,stats    ]    Subphase: Pause Mark Try Complete                       0.000 / 0.000         0.000 / 0.000         0.000 / 0.000         0.000 / 0.000       ms
[40.138s][info][gc,stats    ]      System: Java Threads                                     62 / 62               63 / 75               63 / 75               63 / 75          threads
[40.138s][info][gc,stats    ] =========================================================================================================================================================
[44.442s][info][gc,start    ] GC(55) Garbage Collection (Allocation Rate)
[44.442s][info][gc,task     ] GC(55) Using 12 workers
[44.442s][info][gc,phases   ] GC(55) Pause Mark Start 0.019ms
[44.551s][info][gc,phases   ] GC(55) Concurrent Mark 108.911ms
[44.551s][info][gc,phases   ] GC(55) Pause Mark End 0.019ms
[44.551s][info][gc,phases   ] GC(55) Concurrent Mark Free 0.001ms
[44.552s][info][gc,phases   ] GC(55) Concurrent Process Non-Strong References 1.006ms
[44.552s][info][gc,phases   ] GC(55) Concurrent Reset Relocation Set 0.002ms
[44.595s][info][gc,phases   ] GC(55) Concurrent Select Relocation Set 42.476ms
[44.595s][info][gc,phases   ] GC(55) Pause Relocate Start 0.009ms
[44.663s][info][gc,phases   ] GC(55) Concurrent Relocate 68.194ms
[44.663s][info][gc,load     ] GC(55) Load: 0.00/0.00/0.00
[44.663s][info][gc,mmu      ] GC(55) MMU: 2ms/98.6%, 5ms/99.4%, 10ms/99.7%, 20ms/99.8%, 50ms/99.9%, 100ms/99.9%
[44.663s][info][gc,marking  ] GC(55) Mark: 8 stripe(s), 2 proactive flush(es), 1 terminate flush(es), 0 completion(s), 0 continuation(s) 
[44.663s][info][gc,marking  ] GC(55) Mark Stack Usage: 32M
[44.663s][info][gc,nmethod  ] GC(55) NMethods: 1303 registered, 1305 unregistered
[44.663s][info][gc,metaspace] GC(55) Metaspace: 16M used, 16M committed, 1088M reserved
[44.663s][info][gc,ref      ] GC(55) Soft: 250 encountered, 0 discovered, 0 enqueued
[44.663s][info][gc,ref      ] GC(55) Weak: 987 encountered, 41 discovered, 5 enqueued
[44.663s][info][gc,ref      ] GC(55) Final: 0 encountered, 0 discovered, 0 enqueued
[44.663s][info][gc,ref      ] GC(55) Phantom: 35 encountered, 16 discovered, 0 enqueued
[44.664s][info][gc,reloc    ] GC(55) Small Pages: 426 / 852M, Empty: 8M, Relocated: 295M, In-Place: 0
[44.664s][info][gc,reloc    ] GC(55) Medium Pages: 0 / 0M, Empty: 0M, Relocated: 0M, In-Place: 0
[44.664s][info][gc,reloc    ] GC(55) Large Pages: 0 / 0M, Empty: 0M, Relocated: 0M, In-Place: 0
[44.664s][info][gc,reloc    ] GC(55) Forwarding Usage: 157M
[44.664s][info][gc,heap     ] GC(55) Min Capacity: 8M(0%)
[44.664s][info][gc,heap     ] GC(55) Max Capacity: 2048M(100%)
[44.664s][info][gc,heap     ] GC(55) Soft Max Capacity: 2048M(100%)
[44.664s][info][gc,heap     ] GC(55)                Mark Start          Mark End        Relocate Start      Relocate End           High               Low         
[44.664s][info][gc,heap     ] GC(55)  Capacity:     2048M (100%)       2048M (100%)       2048M (100%)       2048M (100%)       2048M (100%)       2048M (100%)   
[44.664s][info][gc,heap     ] GC(55)      Free:     1196M (58%)        1078M (53%)        1028M (50%)        1516M (74%)        1516M (74%)        1004M (49%)    
[44.664s][info][gc,heap     ] GC(55)      Used:      852M (42%)         970M (47%)        1020M (50%)         532M (26%)        1044M (51%)         532M (26%)    
[44.664s][info][gc,heap     ] GC(55)      Live:         -               306M (15%)         306M (15%)         306M (15%)            -                  -          
[44.664s][info][gc,heap     ] GC(55) Allocated:         -               118M (6%)          176M (9%)          215M (11%)            -                  -          
[44.664s][info][gc,heap     ] GC(55)   Garbage:         -               545M (27%)         537M (26%)          10M (0%)             -                  -          
[44.664s][info][gc,heap     ] GC(55) Reclaimed:         -                  -                 8M (0%)          535M (26%)            -                  -          
[44.664s][info][gc          ] GC(55) Garbage Collection (Allocation Rate) 852M(42%)->532M(26%)
[44.738s][info][gc,start    ] GC(56) Garbage Collection (Allocation Rate)
[44.738s][info][gc,task     ] GC(56) Using 12 workers
[44.739s][info][gc,phases   ] GC(56) Pause Mark Start 0.015ms
[44.941s][info][gc,phases   ] GC(56) Concurrent Mark 202.757ms
[44.942s][info][gc,phases   ] GC(56) Pause Mark End 0.019ms
[44.942s][info][gc,phases   ] GC(56) Concurrent Mark Free 0.001ms
[44.942s][info][gc,phases   ] GC(56) Concurrent Process Non-Strong References 0.492ms
[44.942s][info][gc,phases   ] GC(56) Concurrent Reset Relocation Set 0.071ms
[44.971s][info][gc,phases   ] GC(56) Concurrent Select Relocation Set 28.238ms
[44.971s][info][gc,phases   ] GC(56) Pause Relocate Start 0.012ms
[45.004s][info][gc,phases   ] GC(56) Concurrent Relocate 33.151ms
[45.004s][info][gc,load     ] GC(56) Load: 0.00/0.00/0.00
[45.004s][info][gc,mmu      ] GC(56) MMU: 2ms/98.6%, 5ms/99.4%, 10ms/99.7%, 20ms/99.8%, 50ms/99.9%, 100ms/99.9%
[45.004s][info][gc,marking  ] GC(56) Mark: 8 stripe(s), 2 proactive flush(es), 1 terminate flush(es), 0 completion(s), 0 continuation(s) 
[45.004s][info][gc,marking  ] GC(56) Mark Stack Usage: 32M
[45.004s][info][gc,nmethod  ] GC(56) NMethods: 1303 registered, 1305 unregistered
[45.004s][info][gc,metaspace] GC(56) Metaspace: 16M used, 16M committed, 1088M reserved
[45.004s][info][gc,ref      ] GC(56) Soft: 250 encountered, 0 discovered, 0 enqueued
[45.004s][info][gc,ref      ] GC(56) Weak: 982 encountered, 106 discovered, 0 enqueued
[45.004s][info][gc,ref      ] GC(56) Final: 0 encountered, 0 discovered, 0 enqueued
[45.004s][info][gc,ref      ] GC(56) Phantom: 35 encountered, 15 discovered, 0 enqueued
[45.004s][info][gc,reloc    ] GC(56) Small Pages: 308 / 616M, Empty: 0M, Relocated: 115M, In-Place: 0
[45.004s][info][gc,reloc    ] GC(56) Medium Pages: 0 / 0M, Empty: 0M, Relocated: 0M, In-Place: 0
[45.004s][info][gc,reloc    ] GC(56) Large Pages: 0 / 0M, Empty: 0M, Relocated: 0M, In-Place: 0
[45.004s][info][gc,reloc    ] GC(56) Forwarding Usage: 61M
[45.004s][info][gc,heap     ] GC(56) Min Capacity: 8M(0%)
[45.004s][info][gc,heap     ] GC(56) Max Capacity: 2048M(100%)
[45.005s][info][gc,heap     ] GC(56) Soft Max Capacity: 2048M(100%)
[45.005s][info][gc,heap     ] GC(56)                Mark Start          Mark End        Relocate Start      Relocate End           High               Low         
[45.005s][info][gc,heap     ] GC(56)  Capacity:     2048M (100%)       2048M (100%)       2048M (100%)       2048M (100%)       2048M (100%)       2048M (100%)   
[45.005s][info][gc,heap     ] GC(56)      Free:     1432M (70%)        1220M (60%)        1182M (58%)        1340M (65%)        1432M (70%)        1158M (57%)    
[45.005s][info][gc,heap     ] GC(56)      Used:      616M (30%)         828M (40%)         866M (42%)         708M (35%)         890M (43%)         616M (30%)    
[45.005s][info][gc,heap     ] GC(56)      Live:         -               411M (20%)         411M (20%)         411M (20%)            -                  -          
[45.005s][info][gc,heap     ] GC(56) Allocated:         -               212M (10%)         250M (12%)         272M (13%)            -                  -          
[45.005s][info][gc,heap     ] GC(56)   Garbage:         -               204M (10%)         204M (10%)          23M (1%)             -                  -          
[45.005s][info][gc,heap     ] GC(56) Reclaimed:         -                  -                 0M (0%)          180M (9%)             -                  -          
[45.005s][info][gc          ] GC(56) Garbage Collection (Allocation Rate) 616M(30%)->708M(35%)
[45.035s][info][gc,start    ] GC(57) Garbage Collection (Allocation Rate)
[45.035s][info][gc,task     ] GC(57) Using 12 workers
[45.035s][info][gc,phases   ] GC(57) Pause Mark Start 0.013ms
[45.223s][info][gc,phases   ] GC(57) Concurrent Mark 187.144ms
[45.223s][info][gc,phases   ] GC(57) Pause Mark End 0.017ms
[45.223s][info][gc,phases   ] GC(57) Concurrent Mark Free 0.001ms
[45.223s][info][gc,phases   ] GC(57) Concurrent Process Non-Strong References 0.517ms
[45.223s][info][gc,phases   ] GC(57) Concurrent Reset Relocation Set 0.023ms
[45.290s][info][gc,phases   ] GC(57) Concurrent Select Relocation Set 66.382ms
[45.290s][info][gc,phases   ] GC(57) Pause Relocate Start 0.013ms
[45.325s][info][gc,phases   ] GC(57) Concurrent Relocate 35.235ms
[45.325s][info][gc,load     ] GC(57) Load: 0.00/0.00/0.00
[45.325s][info][gc,mmu      ] GC(57) MMU: 2ms/98.6%, 5ms/99.4%, 10ms/99.7%, 20ms/99.8%, 50ms/99.9%, 100ms/99.9%
[45.326s][info][gc,marking  ] GC(57) Mark: 8 stripe(s), 2 proactive flush(es), 1 terminate flush(es), 0 completion(s), 0 continuation(s) 
[45.326s][info][gc,marking  ] GC(57) Mark Stack Usage: 32M
[45.326s][info][gc,nmethod  ] GC(57) NMethods: 1303 registered, 1305 unregistered
[45.326s][info][gc,metaspace] GC(57) Metaspace: 16M used, 16M committed, 1088M reserved
[45.326s][info][gc,ref      ] GC(57) Soft: 250 encountered, 0 discovered, 0 enqueued
[45.326s][info][gc,ref      ] GC(57) Weak: 982 encountered, 150 discovered, 0 enqueued
[45.326s][info][gc,ref      ] GC(57) Final: 0 encountered, 0 discovered, 0 enqueued
[45.326s][info][gc,ref      ] GC(57) Phantom: 35 encountered, 19 discovered, 0 enqueued
[45.326s][info][gc,reloc    ] GC(57) Small Pages: 371 / 742M, Empty: 0M, Relocated: 122M, In-Place: 0
[45.326s][info][gc,reloc    ] GC(57) Medium Pages: 0 / 0M, Empty: 0M, Relocated: 0M, In-Place: 0
[45.326s][info][gc,reloc    ] GC(57) Large Pages: 0 / 0M, Empty: 0M, Relocated: 0M, In-Place: 0
[45.326s][info][gc,reloc    ] GC(57) Forwarding Usage: 62M
[45.326s][info][gc,heap     ] GC(57) Min Capacity: 8M(0%)
[45.326s][info][gc,heap     ] GC(57) Max Capacity: 2048M(100%)
[45.326s][info][gc,heap     ] GC(57) Soft Max Capacity: 2048M(100%)
[45.326s][info][gc,heap     ] GC(57)                Mark Start          Mark End        Relocate Start      Relocate End           High               Low         
[45.326s][info][gc,heap     ] GC(57)  Capacity:     2048M (100%)       2048M (100%)       2048M (100%)       2048M (100%)       2048M (100%)       2048M (100%)   
[45.326s][info][gc,heap     ] GC(57)      Free:     1306M (64%)        1168M (57%)        1114M (54%)        1308M (64%)        1308M (64%)        1090M (53%)    
[45.326s][info][gc,heap     ] GC(57)      Used:      742M (36%)         880M (43%)         934M (46%)         740M (36%)         958M (47%)         740M (36%)    
[45.326s][info][gc,heap     ] GC(57)      Live:         -               518M (25%)         518M (25%)         518M (25%)            -                  -          
[45.326s][info][gc,heap     ] GC(57) Allocated:         -               138M (7%)          192M (9%)          197M (10%)            -                  -          
[45.326s][info][gc,heap     ] GC(57)   Garbage:         -               223M (11%)         223M (11%)          24M (1%)             -                  -          
[45.326s][info][gc,heap     ] GC(57) Reclaimed:         -                  -                 0M (0%)          199M (10%)            -                  -          
[45.326s][info][gc          ] GC(57) Garbage Collection (Allocation Rate) 742M(36%)->740M(36%)
[45.733s][info][gc,start    ] GC(58) Garbage Collection (Allocation Rate)
[45.733s][info][gc,task     ] GC(58) Using 12 workers
[45.734s][info][gc,phases   ] GC(58) Pause Mark Start 0.016ms
[45.968s][info][gc,phases   ] GC(58) Concurrent Mark 233.957ms
[45.968s][info][gc,phases   ] GC(58) Pause Mark End 0.017ms
[45.968s][info][gc,phases   ] GC(58) Concurrent Mark Free 0.001ms
[45.968s][info][gc,phases   ] GC(58) Concurrent Process Non-Strong References 0.423ms
[45.968s][info][gc,phases   ] GC(58) Concurrent Reset Relocation Set 0.017ms
[45.976s][info][gc,phases   ] GC(58) Concurrent Select Relocation Set 7.989ms
[45.976s][info][gc,phases   ] GC(58) Pause Relocate Start 0.008ms
[45.993s][info][gc,phases   ] GC(58) Concurrent Relocate 16.927ms
[45.994s][info][gc,load     ] GC(58) Load: 0.00/0.00/0.00
[45.994s][info][gc,mmu      ] GC(58) MMU: 2ms/98.6%, 5ms/99.4%, 10ms/99.7%, 20ms/99.8%, 50ms/99.9%, 100ms/99.9%
[45.994s][info][gc,marking  ] GC(58) Mark: 8 stripe(s), 3 proactive flush(es), 1 terminate flush(es), 0 completion(s), 0 continuation(s) 
[45.994s][info][gc,marking  ] GC(58) Mark Stack Usage: 32M
[45.994s][info][gc,nmethod  ] GC(58) NMethods: 1303 registered, 1305 unregistered
[45.994s][info][gc,metaspace] GC(58) Metaspace: 16M used, 16M committed, 1088M reserved
[45.994s][info][gc,ref      ] GC(58) Soft: 250 encountered, 0 discovered, 0 enqueued
[45.994s][info][gc,ref      ] GC(58) Weak: 985 encountered, 141 discovered, 1 enqueued
[45.994s][info][gc,ref      ] GC(58) Final: 0 encountered, 0 discovered, 0 enqueued
[45.994s][info][gc,ref      ] GC(58) Phantom: 35 encountered, 17 discovered, 0 enqueued
[45.994s][info][gc,reloc    ] GC(58) Small Pages: 384 / 768M, Empty: 10M, Relocated: 52M, In-Place: 0
[45.994s][info][gc,reloc    ] GC(58) Medium Pages: 0 / 0M, Empty: 0M, Relocated: 0M, In-Place: 0
[45.994s][info][gc,reloc    ] GC(58) Large Pages: 2 / 12M, Empty: 6M, Relocated: 0M, In-Place: 0
[45.994s][info][gc,reloc    ] GC(58) Forwarding Usage: 32M
[45.994s][info][gc,heap     ] GC(58) Min Capacity: 8M(0%)
[45.994s][info][gc,heap     ] GC(58) Max Capacity: 2048M(100%)
[45.994s][info][gc,heap     ] GC(58) Soft Max Capacity: 2048M(100%)
[45.994s][info][gc,heap     ] GC(58)                Mark Start          Mark End        Relocate Start      Relocate End           High               Low         
[45.994s][info][gc,heap     ] GC(58)  Capacity:     2048M (100%)       2048M (100%)       2048M (100%)       2048M (100%)       2048M (100%)       2048M (100%)   
[45.994s][info][gc,heap     ] GC(58)      Free:     1268M (62%)        1148M (56%)        1158M (57%)        1234M (60%)        1268M (62%)        1134M (55%)    
[45.994s][info][gc,heap     ] GC(58)      Used:      780M (38%)         900M (44%)         890M (43%)         814M (40%)         914M (45%)         780M (38%)    
[45.994s][info][gc,heap     ] GC(58)      Live:         -               621M (30%)         621M (30%)         621M (30%)            -                  -          
[45.994s][info][gc,heap     ] GC(58) Allocated:         -               120M (6%)          126M (6%)          135M (7%)             -                  -          
[45.994s][info][gc,heap     ] GC(58)   Garbage:         -               158M (8%)          142M (7%)           56M (3%)             -                  -          
[45.994s][info][gc,heap     ] GC(58) Reclaimed:         -                  -                16M (1%)          101M (5%)             -                  -          
[45.994s][info][gc          ] GC(58) Garbage Collection (Allocation Rate) 780M(38%)->814M(40%)
[46.740s][info][gc,start    ] GC(59) Garbage Collection (Allocation Rate)
[46.740s][info][gc,task     ] GC(59) Using 12 workers
[46.740s][info][gc,phases   ] GC(59) Pause Mark Start 0.016ms
[46.871s][info][gc,phases   ] GC(59) Concurrent Mark 130.610ms
[46.871s][info][gc,phases   ] GC(59) Pause Mark End 0.021ms
[46.871s][info][gc,phases   ] GC(59) Concurrent Mark Free 0.001ms
[46.872s][info][gc,phases   ] GC(59) Concurrent Process Non-Strong References 0.481ms
[46.872s][info][gc,phases   ] GC(59) Concurrent Reset Relocation Set 0.010ms
[46.879s][info][gc,phases   ] GC(59) Concurrent Select Relocation Set 7.411ms
[46.879s][info][gc,phases   ] GC(59) Pause Relocate Start 0.007ms
[46.885s][info][gc,phases   ] GC(59) Concurrent Relocate 5.787ms
[46.885s][info][gc,load     ] GC(59) Load: 0.00/0.00/0.00
[46.885s][info][gc,mmu      ] GC(59) MMU: 2ms/98.6%, 5ms/99.4%, 10ms/99.7%, 20ms/99.8%, 50ms/99.9%, 100ms/99.9%
[46.885s][info][gc,marking  ] GC(59) Mark: 8 stripe(s), 2 proactive flush(es), 1 terminate flush(es), 0 completion(s), 0 continuation(s) 
[46.885s][info][gc,marking  ] GC(59) Mark Stack Usage: 32M
[46.885s][info][gc,nmethod  ] GC(59) NMethods: 1303 registered, 1305 unregistered
[46.885s][info][gc,metaspace] GC(59) Metaspace: 16M used, 16M committed, 1088M reserved
[46.885s][info][gc,ref      ] GC(59) Soft: 250 encountered, 0 discovered, 0 enqueued
[46.885s][info][gc,ref      ] GC(59) Weak: 984 encountered, 119 discovered, 0 enqueued
[46.885s][info][gc,ref      ] GC(59) Final: 0 encountered, 0 discovered, 0 enqueued
[46.885s][info][gc,ref      ] GC(59) Phantom: 35 encountered, 18 discovered, 0 enqueued
[46.885s][info][gc,reloc    ] GC(59) Small Pages: 715 / 1430M, Empty: 68M, Relocated: 15M, In-Place: 0
[46.885s][info][gc,reloc    ] GC(59) Medium Pages: 0 / 0M, Empty: 0M, Relocated: 0M, In-Place: 0
[46.885s][info][gc,reloc    ] GC(59) Large Pages: 1 / 6M, Empty: 0M, Relocated: 0M, In-Place: 0
[46.886s][info][gc,reloc    ] GC(59) Forwarding Usage: 7M
[46.886s][info][gc,heap     ] GC(59) Min Capacity: 8M(0%)
[46.886s][info][gc,heap     ] GC(59) Max Capacity: 2048M(100%)
[46.886s][info][gc,heap     ] GC(59) Soft Max Capacity: 2048M(100%)
[46.886s][info][gc,heap     ] GC(59)                Mark Start          Mark End        Relocate Start      Relocate End           High               Low         
[46.886s][info][gc,heap     ] GC(59)  Capacity:     2048M (100%)       2048M (100%)       2048M (100%)       2048M (100%)       2048M (100%)       2048M (100%)   
[46.886s][info][gc,heap     ] GC(59)      Free:      612M (30%)         516M (25%)         576M (28%)        1332M (65%)        1332M (65%)         512M (25%)    
[46.886s][info][gc,heap     ] GC(59)      Used:     1436M (70%)        1532M (75%)        1472M (72%)         716M (35%)        1536M (75%)         716M (35%)    
[46.886s][info][gc,heap     ] GC(59)      Live:         -               511M (25%)         511M (25%)         511M (25%)            -                  -          
[46.886s][info][gc,heap     ] GC(59) Allocated:         -                96M (5%)          104M (5%)          105M (5%)             -                  -          
[46.886s][info][gc,heap     ] GC(59)   Garbage:         -               924M (45%)         856M (42%)          98M (5%)             -                  -          
[46.886s][info][gc,heap     ] GC(59) Reclaimed:         -                  -                68M (3%)          825M (40%)            -                  -          
[46.886s][info][gc          ] GC(59) Garbage Collection (Allocation Rate) 1436M(70%)->716M(35%)
[48.547s][info][gc,start    ] GC(60) Garbage Collection (System.gc())
[48.547s][info][gc,task     ] GC(60) Using 12 workers
[48.548s][info][gc,phases   ] GC(60) Pause Mark Start 0.017ms
[48.565s][info][gc,phases   ] GC(60) Concurrent Mark 17.075ms
[48.565s][info][gc,phases   ] GC(60) Pause Mark End 0.021ms
[48.565s][info][gc,phases   ] GC(60) Concurrent Mark Free 0.001ms
[48.566s][info][gc,phases   ] GC(60) Concurrent Process Non-Strong References 0.670ms
[48.566s][info][gc,phases   ] GC(60) Concurrent Reset Relocation Set 0.048ms
[48.571s][info][gc,phases   ] GC(60) Concurrent Select Relocation Set 4.975ms
[48.571s][info][gc,phases   ] GC(60) Pause Relocate Start 0.007ms
[48.574s][info][gc,phases   ] GC(60) Concurrent Relocate 3.464ms
[48.575s][info][gc,load     ] GC(60) Load: 0.00/0.00/0.00
[48.575s][info][gc,mmu      ] GC(60) MMU: 2ms/98.6%, 5ms/99.4%, 10ms/99.7%, 20ms/99.8%, 50ms/99.9%, 100ms/99.9%
[48.575s][info][gc,marking  ] GC(60) Mark: 8 stripe(s), 1 proactive flush(es), 1 terminate flush(es), 0 completion(s), 0 continuation(s) 
[48.575s][info][gc,marking  ] GC(60) Mark Stack Usage: 32M
[48.575s][info][gc,nmethod  ] GC(60) NMethods: 1303 registered, 1305 unregistered
[48.575s][info][gc,metaspace] GC(60) Metaspace: 16M used, 16M committed, 1088M reserved
[48.575s][info][gc,ref      ] GC(60) Soft: 250 encountered, 0 discovered, 0 enqueued
[48.575s][info][gc,ref      ] GC(60) Weak: 985 encountered, 164 discovered, 8 enqueued
[48.575s][info][gc,ref      ] GC(60) Final: 0 encountered, 0 discovered, 0 enqueued
[48.575s][info][gc,ref      ] GC(60) Phantom: 35 encountered, 12 discovered, 0 enqueued
[48.575s][info][gc,reloc    ] GC(60) Small Pages: 406 / 812M, Empty: 762M, Relocated: 5M, In-Place: 0
[48.575s][info][gc,reloc    ] GC(60) Medium Pages: 0 / 0M, Empty: 0M, Relocated: 0M, In-Place: 0
[48.575s][info][gc,reloc    ] GC(60) Large Pages: 1 / 6M, Empty: 6M, Relocated: 0M, In-Place: 0
[48.575s][info][gc,reloc    ] GC(60) Forwarding Usage: 1M
[48.575s][info][gc,heap     ] GC(60) Min Capacity: 8M(0%)
[48.575s][info][gc,heap     ] GC(60) Max Capacity: 2048M(100%)
[48.575s][info][gc,heap     ] GC(60) Soft Max Capacity: 2048M(100%)
[48.575s][info][gc,heap     ] GC(60)                Mark Start          Mark End        Relocate Start      Relocate End           High               Low         
[48.575s][info][gc,heap     ] GC(60)  Capacity:     2048M (100%)       2048M (100%)       2048M (100%)       2048M (100%)       2048M (100%)       2048M (100%)   
[48.575s][info][gc,heap     ] GC(60)      Free:     1230M (60%)        1230M (60%)        1998M (98%)        2012M (98%)        2012M (98%)        1230M (60%)    
[48.575s][info][gc,heap     ] GC(60)      Used:      818M (40%)         818M (40%)          50M (2%)           36M (2%)          818M (40%)          36M (2%)     
[48.575s][info][gc,heap     ] GC(60)      Live:         -                14M (1%)           14M (1%)           14M (1%)             -                  -          
[48.575s][info][gc,heap     ] GC(60) Allocated:         -                 0M (0%)            0M (0%)            0M (0%)             -                  -          
[48.575s][info][gc,heap     ] GC(60)   Garbage:         -               803M (39%)          35M (2%)           21M (1%)             -                  -          
[48.575s][info][gc,heap     ] GC(60) Reclaimed:         -                  -               768M (38%)         782M (38%)            -                  -          
[48.575s][info][gc          ] GC(60) Garbage Collection (System.gc()) 818M(40%)->36M(2%)
[50.144s][info][gc,stats    ] === Garbage Collection Statistics =======================================================================================================================
[50.144s][info][gc,stats    ]                                                              Last 10s              Last 10m              Last 10h                Total
[50.144s][info][gc,stats    ]                                                              Avg / Max             Avg / Max             Avg / Max             Avg / Max
[50.144s][info][gc,stats    ]   Collector: Garbage Collection Cycle                    201.669 / 290.258     154.662 / 310.643     154.662 / 310.643     154.662 / 310.643     ms
[50.144s][info][gc,stats    ]  Contention: Mark Segment Reset Contention                     2 / 13                5 / 54                5 / 54                5 / 54          ops/s
[50.144s][info][gc,stats    ]  Contention: Mark SeqNum Reset Contention                      0 / 2                 0 / 9                 0 / 9                 0 / 9           ops/s
[50.144s][info][gc,stats    ]    Critical: Allocation Stall                                  0 / 0                 0 / 0                 0 / 0                 0 / 0           ops/s
[50.144s][info][gc,stats    ]    Critical: Allocation Stall                              0.000 / 0.000         0.000 / 0.000         0.000 / 0.000         0.000 / 0.000       ms
[50.144s][info][gc,stats    ]    Critical: GC Locker Stall                                   0 / 0                 0 / 0                 0 / 0                 0 / 0           ops/s
[50.144s][info][gc,stats    ]    Critical: GC Locker Stall                               0.000 / 0.000         0.000 / 0.000         0.000 / 0.000         0.000 / 0.000       ms
[50.144s][info][gc,stats    ]    Critical: Relocation Stall                                  0 / 0                 0 / 0                 0 / 0                 0 / 0           ops/s
[50.144s][info][gc,stats    ]    Critical: Relocation Stall                              0.000 / 0.000         0.000 / 0.000         0.000 / 0.000         0.000 / 0.000       ms
[50.145s][info][gc,stats    ]      Memory: Allocation Rate                                 284 / 1144            584 / 4480            584 / 4480            584 / 4480        MB/s
[50.145s][info][gc,stats    ]      Memory: Defragment                                        0 / 0                 0 / 0                 0 / 0                 0 / 0           ops/s
[50.145s][info][gc,stats    ]      Memory: Out Of Memory                                     0 / 0                 0 / 0                 0 / 0                 0 / 0           ops/s
[50.145s][info][gc,stats    ]      Memory: Page Cache Flush                                  0 / 0                 0 / 0                 0 / 0                 0 / 0           MB/s
[50.145s][info][gc,stats    ]      Memory: Page Cache Hit L1                               175 / 786             311 / 2224            311 / 2224            311 / 2224        ops/s
[50.145s][info][gc,stats    ]      Memory: Page Cache Hit L2                                 0 / 0                 0 / 0                 0 / 0                 0 / 0           ops/s
[50.145s][info][gc,stats    ]      Memory: Page Cache Hit L3                                 0 / 2                18 / 438              18 / 438              18 / 438         ops/s
[50.145s][info][gc,stats    ]      Memory: Page Cache Miss                                   0 / 0                 0 / 1                 0 / 1                 0 / 1           ops/s
[50.145s][info][gc,stats    ]      Memory: Uncommit                                          0 / 0                 0 / 0                 0 / 0                 0 / 0           MB/s
[50.145s][info][gc,stats    ]      Memory: Undo Object Allocation Failed                     0 / 0                15 / 297              15 / 297              15 / 297         ops/s
[50.145s][info][gc,stats    ]      Memory: Undo Object Allocation Succeeded                  0 / 2                 5 / 147               5 / 147               5 / 147         ops/s
[50.145s][info][gc,stats    ]      Memory: Undo Page Allocation                              1 / 14               38 / 422              38 / 422              38 / 422         ops/s
[50.145s][info][gc,stats    ]       Phase: Concurrent Mark                             146.742 / 233.957     100.768 / 234.059     100.768 / 234.059     100.768 / 234.059     ms
[50.145s][info][gc,stats    ]       Phase: Concurrent Mark Continue                      0.000 / 0.000         0.000 / 0.000         0.000 / 0.000         0.000 / 0.000       ms
[50.145s][info][gc,stats    ]       Phase: Concurrent Mark Free                          0.001 / 0.001         0.001 / 0.006         0.001 / 0.006         0.001 / 0.006       ms
[50.145s][info][gc,stats    ]       Phase: Concurrent Process Non-Strong References      0.598 / 1.006         2.730 / 27.626        2.730 / 27.626        2.730 / 27.626      ms
[50.145s][info][gc,stats    ]       Phase: Concurrent Relocate                          27.126 / 68.194       16.614 / 87.199       16.614 / 87.199       16.614 / 87.199      ms
[50.145s][info][gc,stats    ]       Phase: Concurrent Reset Relocation Set               0.029 / 0.071         0.020 / 0.096         0.020 / 0.096         0.020 / 0.096       ms
[50.145s][info][gc,stats    ]       Phase: Concurrent Select Relocation Set             26.245 / 66.382       15.486 / 66.382       15.486 / 66.382       15.486 / 66.382      ms
[50.145s][info][gc,stats    ]       Phase: Pause Mark End                                0.019 / 0.021         0.019 / 0.027         0.019 / 0.027         0.019 / 0.027       ms
[50.145s][info][gc,stats    ]       Phase: Pause Mark Start                              0.016 / 0.019         0.013 / 0.019         0.013 / 0.019         0.013 / 0.019       ms
[50.145s][info][gc,stats    ]       Phase: Pause Relocate Start                          0.009 / 0.013         0.008 / 0.017         0.008 / 0.017         0.008 / 0.017       ms
[50.145s][info][gc,stats    ]    Subphase: Concurrent Classes Purge                      0.074 / 0.429         0.166 / 3.083         0.166 / 3.083         0.166 / 3.083       ms
[50.145s][info][gc,stats    ]    Subphase: Concurrent Classes Unlink                     0.331 / 0.429         1.086 / 24.520        1.086 / 24.520        1.086 / 24.520      ms
[50.146s][info][gc,stats    ]    Subphase: Concurrent Mark                             144.530 / 232.613      96.219 / 233.096      96.219 / 233.096      96.219 / 233.096     ms
[50.146s][info][gc,stats    ]    Subphase: Concurrent Mark Try Flush                     0.059 / 0.121         2.923 / 31.222        2.923 / 31.222        2.923 / 31.222      ms
[50.146s][info][gc,stats    ]    Subphase: Concurrent Mark Try Terminate                10.226 / 16.504       10.278 / 16.684       10.278 / 16.684       10.278 / 16.684      ms
[50.146s][info][gc,stats    ]    Subphase: Concurrent References Enqueue                 0.002 / 0.004         0.001 / 0.004         0.001 / 0.004         0.001 / 0.004       ms
[50.146s][info][gc,stats    ]    Subphase: Concurrent References Process                 0.029 / 0.038         0.070 / 0.600         0.070 / 0.600         0.070 / 0.600       ms
[50.146s][info][gc,stats    ]    Subphase: Concurrent Roots ClassLoaderDataGraph         0.034 / 0.522         0.053 / 1.098         0.053 / 1.098         0.053 / 1.098       ms
[50.146s][info][gc,stats    ]    Subphase: Concurrent Roots CodeCache                    0.000 / 0.000         0.000 / 0.000         0.000 / 0.000         0.000 / 0.000       ms
[50.146s][info][gc,stats    ]    Subphase: Concurrent Roots JavaThreads                  0.746 / 1.323         1.145 / 17.879        1.145 / 17.879        1.145 / 17.879      ms
[50.146s][info][gc,stats    ]    Subphase: Concurrent Roots OopStorageSet                0.011 / 0.038         0.023 / 0.569         0.023 / 0.569         0.023 / 0.569       ms
[50.146s][info][gc,stats    ]    Subphase: Concurrent Weak Roots OopStorageSet           0.083 / 0.136         0.098 / 0.291         0.098 / 0.291         0.098 / 0.291       ms
[50.146s][info][gc,stats    ]    Subphase: Pause Mark Try Complete                       0.000 / 0.000         0.000 / 0.000         0.000 / 0.000         0.000 / 0.000       ms
[50.146s][info][gc,stats    ]      System: Java Threads                                     62 / 62               63 / 75               63 / 75               63 / 75          threads
[50.146s][info][gc,stats    ] =========================================================================================================================================================
[50.238s][info][gc,start    ] GC(61) Garbage Collection (Allocation Rate)
[50.238s][info][gc,task     ] GC(61) Using 12 workers
[50.238s][info][gc,phases   ] GC(61) Pause Mark Start 0.013ms
[50.394s][info][gc,phases   ] GC(61) Concurrent Mark 62.620ms
[50.394s][info][gc,phases   ] GC(61) Pause Mark End 0.021ms
[50.406s][info][gc,phases   ] GC(61) Concurrent Mark Free 0.001ms
[50.412s][info][gc,phases   ] GC(61) Concurrent Process Non-Strong References 5.743ms
[50.412s][info][gc,phases   ] GC(61) Concurrent Reset Relocation Set 0.003ms
[50.423s][info][gc,phases   ] GC(61) Concurrent Select Relocation Set 11.467ms
[50.424s][info][gc,phases   ] GC(61) Pause Relocate Start 0.008ms
[50.536s][info][gc,phases   ] GC(61) Concurrent Relocate 9.794ms
[50.536s][info][gc,load     ] GC(61) Load: 0.00/0.00/0.00
[50.536s][info][gc,mmu      ] GC(61) MMU: 2ms/98.6%, 5ms/99.4%, 10ms/99.7%, 20ms/99.8%, 50ms/99.9%, 100ms/99.9%
[50.536s][info][gc,marking  ] GC(61) Mark: 8 stripe(s), 3 proactive flush(es), 1 terminate flush(es), 0 completion(s), 0 continuation(s) 
[50.536s][info][gc,marking  ] GC(61) Mark Stack Usage: 32M
[50.536s][info][gc,nmethod  ] GC(61) NMethods: 633 registered, 1981 unregistered
[50.536s][info][gc,metaspace] GC(61) Metaspace: 16M used, 16M committed, 1088M reserved
[50.536s][info][gc,ref      ] GC(61) Soft: 250 encountered, 0 discovered, 0 enqueued
[50.536s][info][gc,ref      ] GC(61) Weak: 985 encountered, 125 discovered, 3 enqueued
[50.536s][info][gc,ref      ] GC(61) Final: 0 encountered, 0 discovered, 0 enqueued
[50.536s][info][gc,ref      ] GC(61) Phantom: 35 encountered, 12 discovered, 0 enqueued
[50.536s][info][gc,reloc    ] GC(61) Small Pages: 441 / 882M, Empty: 576M, Relocated: 8M, In-Place: 0
[50.536s][info][gc,reloc    ] GC(61) Medium Pages: 0 / 0M, Empty: 0M, Relocated: 0M, In-Place: 0
[50.536s][info][gc,reloc    ] GC(61) Large Pages: 0 / 0M, Empty: 0M, Relocated: 0M, In-Place: 0
[50.536s][info][gc,reloc    ] GC(61) Forwarding Usage: 3M
[50.536s][info][gc,heap     ] GC(61) Min Capacity: 8M(0%)
[50.536s][info][gc,heap     ] GC(61) Max Capacity: 2048M(100%)
[50.536s][info][gc,heap     ] GC(61) Soft Max Capacity: 2048M(100%)
[50.536s][info][gc,heap     ] GC(61)                Mark Start          Mark End        Relocate Start      Relocate End           High               Low         
[50.536s][info][gc,heap     ] GC(61)  Capacity:     2048M (100%)       2048M (100%)       2048M (100%)       2048M (100%)       2048M (100%)       2048M (100%)   
[50.536s][info][gc,heap     ] GC(61)      Free:     1166M (57%)         134M (7%)          588M (29%)         280M (14%)        1166M (57%)          50M (2%)     
[50.536s][info][gc,heap     ] GC(61)      Used:      882M (43%)        1914M (93%)        1460M (71%)        1768M (86%)        1998M (98%)         882M (43%)    
[50.536s][info][gc,heap     ] GC(61)      Live:         -                16M (1%)           16M (1%)           16M (1%)             -                  -          
[50.536s][info][gc,heap     ] GC(61) Allocated:         -              1032M (50%)        1154M (56%)        1733M (85%)            -                  -          
[50.536s][info][gc,heap     ] GC(61)   Garbage:         -               865M (42%)         289M (14%)          17M (1%)             -                  -          
[50.536s][info][gc,heap     ] GC(61) Reclaimed:         -                  -               576M (28%)         847M (41%)            -                  -          
[50.536s][info][gc          ] GC(61) Garbage Collection (Allocation Rate) 882M(43%)->1768M(86%)
[50.597s][info][gc,start    ] GC(62) Garbage Collection (Allocation Stall)
[50.597s][info][gc,ref      ] GC(62) Clearing All SoftReferences
[50.597s][info][gc,task     ] GC(62) Using 12 workers
[50.597s][info][gc,ref      ] GC(62) Clearing All SoftReferences
[50.597s][info][gc,phases   ] GC(62) Pause Mark Start 0.030ms
[50.612s][info][gc,phases   ] GC(62) Concurrent Mark 15.053ms
[50.613s][info][gc,phases   ] GC(62) Pause Mark End 0.011ms
[50.613s][info][gc,phases   ] GC(62) Concurrent Mark Free 0.001ms
[50.616s][info][gc,phases   ] GC(62) Concurrent Process Non-Strong References 3.157ms
[50.616s][info][gc,phases   ] GC(62) Concurrent Reset Relocation Set 0.019ms
[50.616s][info][gc          ] Allocation Stall (reactors-io-scheduler-ForkJoinPool-1-worker-5) 18.490ms
[50.616s][info][gc          ] Allocation Stall (reactors-io-scheduler-ForkJoinPool-1-worker-21) 18.423ms
[50.616s][info][gc          ] Allocation Stall (reactors-io-scheduler-ForkJoinPool-1-worker-14) 18.502ms
[50.616s][info][gc          ] Allocation Stall (reactors-io-scheduler-ForkJoinPool-1-worker-24) 18.506ms
[50.616s][info][gc          ] Allocation Stall (reactors-io-scheduler-ForkJoinPool-1-worker-9) 18.455ms
[50.616s][info][gc          ] Allocation Stall (reactors-io-scheduler-ForkJoinPool-1-worker-4) 18.460ms
[50.616s][info][gc          ] Allocation Stall (reactors-io-scheduler-ForkJoinPool-1-worker-6) 18.473ms
[50.616s][info][gc          ] Allocation Stall (reactors-io-scheduler-ForkJoinPool-1-worker-1) 18.448ms
[50.616s][info][gc          ] Allocation Stall (reactors-io-scheduler-ForkJoinPool-1-worker-23) 18.422ms
[50.616s][info][gc          ] Allocation Stall (reactors-io-scheduler-ForkJoinPool-1-worker-27) 18.520ms
[50.616s][info][gc          ] Allocation Stall (reactors-io-scheduler-ForkJoinPool-1-worker-28) 18.529ms
[50.616s][info][gc          ] Allocation Stall (reactors-io-scheduler-ForkJoinPool-1-worker-17) 18.484ms
[50.616s][info][gc          ] Allocation Stall (reactors-io-scheduler-ForkJoinPool-1-worker-46) 18.500ms
[50.616s][info][gc          ] Allocation Stall (reactors-io-scheduler-ForkJoinPool-1-worker-7) 18.498ms
[50.616s][info][gc          ] Allocation Stall (reactors-io-scheduler-ForkJoinPool-1-worker-43) 18.519ms
[50.616s][info][gc          ] Allocation Stall (reactors-io-scheduler-ForkJoinPool-1-worker-8) 18.551ms
[50.616s][info][gc          ] Allocation Stall (reactors-io-scheduler-ForkJoinPool-1-worker-20) 18.523ms
[50.616s][info][gc          ] Allocation Stall (reactors-io-scheduler-ForkJoinPool-1-worker-44) 18.529ms
[50.616s][info][gc          ] Allocation Stall (reactors-io-scheduler-ForkJoinPool-1-worker-45) 18.602ms
[50.616s][info][gc          ] Allocation Stall (reactors-io-scheduler-ForkJoinPool-1-worker-38) 18.529ms
[50.616s][info][gc          ] Allocation Stall (reactors-io-scheduler-ForkJoinPool-1-worker-2) 18.568ms
[50.616s][info][gc          ] Allocation Stall (reactors-io-scheduler-ForkJoinPool-1-worker-22) 18.582ms
[50.616s][info][gc          ] Allocation Stall (reactors-io-scheduler-ForkJoinPool-1-worker-33) 18.619ms
[50.616s][info][gc          ] Allocation Stall (reactors-io-scheduler-ForkJoinPool-1-worker-15) 18.461ms
[50.616s][info][gc          ] Allocation Stall (reactors-io-scheduler-ForkJoinPool-1-worker-18) 18.611ms
[50.616s][info][gc          ] Allocation Stall (reactors-io-scheduler-ForkJoinPool-1-worker-36) 18.580ms
[50.616s][info][gc          ] Allocation Stall (reactors-io-scheduler-ForkJoinPool-1-worker-29) 18.525ms
[50.616s][info][gc          ] Allocation Stall (reactors-io-scheduler-ForkJoinPool-1-worker-13) 18.531ms
[50.616s][info][gc          ] Allocation Stall (reactors-io-scheduler-ForkJoinPool-1-worker-39) 18.529ms
[50.616s][info][gc          ] Allocation Stall (reactors-io-scheduler-ForkJoinPool-1-worker-47) 18.627ms
[50.616s][info][gc          ] Allocation Stall (reactors-io-scheduler-ForkJoinPool-1-worker-40) 18.554ms
[50.616s][info][gc          ] Allocation Stall (reactors-io-scheduler-ForkJoinPool-1-worker-3) 18.623ms
[50.616s][info][gc          ] Allocation Stall (reactors-io-scheduler-ForkJoinPool-1-worker-42) 18.521ms
[50.616s][info][gc          ] Allocation Stall (reactors-io-scheduler-ForkJoinPool-1-worker-25) 18.668ms
[50.616s][info][gc          ] Allocation Stall (reactors-io-scheduler-ForkJoinPool-1-worker-41) 18.638ms
[50.616s][info][gc          ] Allocation Stall (reactors-io-scheduler-ForkJoinPool-1-worker-26) 19.061ms
[50.616s][info][gc          ] Allocation Stall (reactors-io-scheduler-ForkJoinPool-1-worker-11) 18.629ms
[50.616s][info][gc          ] Allocation Stall (reactors-io-scheduler-ForkJoinPool-1-worker-19) 18.647ms
[50.616s][info][gc          ] Allocation Stall (reactors-io-scheduler-ForkJoinPool-1-worker-12) 19.108ms
[50.616s][info][gc          ] Allocation Stall (reactors-io-scheduler-ForkJoinPool-1-worker-35) 18.573ms
[50.616s][info][gc          ] Allocation Stall (reactors-io-scheduler-ForkJoinPool-1-worker-16) 18.589ms
[50.616s][info][gc          ] Allocation Stall (reactors-io-scheduler-ForkJoinPool-1-worker-37) 18.659ms
[50.616s][info][gc          ] Allocation Stall (reactors-io-scheduler-ForkJoinPool-1-worker-10) 18.661ms
[50.616s][info][gc          ] Allocation Stall (reactors-io-scheduler-ForkJoinPool-1-worker-48) 18.667ms
[50.616s][info][gc          ] Allocation Stall (reactors-io-scheduler-ForkJoinPool-1-worker-34) 18.681ms
[50.616s][info][gc          ] Allocation Stall (reactors-io-scheduler-ForkJoinPool-1-worker-31) 19.219ms
[50.616s][info][gc          ] Allocation Stall (reactors-io-scheduler-ForkJoinPool-1-worker-30) 19.155ms
[50.616s][info][gc          ] Allocation Stall (reactors-io-scheduler-ForkJoinPool-1-worker-32) 18.695ms
[50.624s][info][gc,phases   ] GC(62) Concurrent Select Relocation Set 8.533ms
[50.625s][info][gc,phases   ] GC(62) Pause Relocate Start 0.006ms
[50.634s][info][gc,phases   ] GC(62) Concurrent Relocate 9.027ms
[50.634s][info][gc,load     ] GC(62) Load: 0.00/0.00/0.00
[50.634s][info][gc,mmu      ] GC(62) MMU: 2ms/98.5%, 5ms/99.4%, 10ms/99.7%, 20ms/99.8%, 50ms/99.9%, 100ms/99.9%
[50.634s][info][gc,marking  ] GC(62) Mark: 8 stripe(s), 3 proactive flush(es), 1 terminate flush(es), 0 completion(s), 0 continuation(s) 
[50.634s][info][gc,marking  ] GC(62) Mark Stack Usage: 32M
[50.634s][info][gc,nmethod  ] GC(62) NMethods: 668 registered, 0 unregistered
[50.634s][info][gc,metaspace] GC(62) Metaspace: 16M used, 16M committed, 1088M reserved
[50.634s][info][gc,ref      ] GC(62) Soft: 245 encountered, 118 discovered, 75 enqueued
[50.634s][info][gc,ref      ] GC(62) Weak: 982 encountered, 78 discovered, 17 enqueued
[50.634s][info][gc,ref      ] GC(62) Final: 0 encountered, 0 discovered, 0 enqueued
[50.634s][info][gc,ref      ] GC(62) Phantom: 35 encountered, 19 discovered, 0 enqueued
[50.634s][info][gc,reloc    ] GC(62) Small Pages: 1024 / 2048M, Empty: 1704M, Relocated: 8M, In-Place: 0
[50.634s][info][gc,reloc    ] GC(62) Medium Pages: 0 / 0M, Empty: 0M, Relocated: 0M, In-Place: 0
[50.634s][info][gc,reloc    ] GC(62) Large Pages: 0 / 0M, Empty: 0M, Relocated: 0M, In-Place: 0
[50.634s][info][gc,reloc    ] GC(62) Forwarding Usage: 3M
[50.634s][info][gc,heap     ] GC(62) Min Capacity: 8M(0%)
[50.634s][info][gc,heap     ] GC(62) Max Capacity: 2048M(100%)
[50.634s][info][gc,heap     ] GC(62) Soft Max Capacity: 2048M(100%)
[50.634s][info][gc,heap     ] GC(62)                Mark Start          Mark End        Relocate Start      Relocate End           High               Low         
[50.634s][info][gc,heap     ] GC(62)  Capacity:     2048M (100%)       2048M (100%)       2048M (100%)       2048M (100%)       2048M (100%)       2048M (100%)   
[50.634s][info][gc,heap     ] GC(62)      Free:        0M (0%)            0M (0%)         1690M (83%)        1976M (96%)        1988M (97%)           0M (0%)     
[50.634s][info][gc,heap     ] GC(62)      Used:     2048M (100%)       2048M (100%)        358M (17%)          72M (4%)         2048M (100%)         60M (3%)     
[50.634s][info][gc,heap     ] GC(62)      Live:         -                14M (1%)           14M (1%)           14M (1%)             -                  -          
[50.634s][info][gc,heap     ] GC(62) Allocated:         -                 0M (0%)           14M (1%)           39M (2%)             -                  -          
[50.634s][info][gc,heap     ] GC(62)   Garbage:         -              2033M (99%)         329M (16%)          17M (1%)             -                  -          
[50.634s][info][gc,heap     ] GC(62) Reclaimed:         -                  -              1704M (83%)        2015M (98%)            -                  -          
[50.634s][info][gc          ] GC(62) Garbage Collection (Allocation Stall) 2048M(100%)->72M(4%)
[50.742s][info][gc,start    ] GC(63) Garbage Collection (Allocation Stall)
[50.742s][info][gc,ref      ] GC(63) Clearing All SoftReferences
[50.742s][info][gc,task     ] GC(63) Using 12 workers
[50.742s][info][gc,ref      ] GC(63) Clearing All SoftReferences
[50.742s][info][gc,phases   ] GC(63) Pause Mark Start 0.025ms
[50.836s][info][gc,phases   ] GC(63) Concurrent Mark 78.145ms
[50.836s][info][gc,phases   ] GC(63) Pause Mark End 0.022ms
[50.929s][info][gc,phases   ] GC(63) Concurrent Mark Free 0.004ms
[50.936s][info][gc,phases   ] GC(63) Concurrent Process Non-Strong References 6.923ms
[50.937s][info][gc,phases   ] GC(63) Concurrent Reset Relocation Set 0.025ms
[50.942s][info][gc,phases   ] GC(63) Concurrent Select Relocation Set 5.721ms
[50.942s][info][gc,phases   ] GC(63) Pause Relocate Start 0.006ms
[50.945s][info][gc,phases   ] GC(63) Concurrent Relocate 2.173ms
[50.945s][info][gc,load     ] GC(63) Load: 0.00/0.00/0.00
[50.945s][info][gc,mmu      ] GC(63) MMU: 2ms/98.5%, 5ms/99.4%, 10ms/99.7%, 20ms/99.8%, 50ms/99.9%, 100ms/99.9%
[50.945s][info][gc,marking  ] GC(63) Mark: 8 stripe(s), 3 proactive flush(es), 1 terminate flush(es), 0 completion(s), 0 continuation(s) 
[50.945s][info][gc,marking  ] GC(63) Mark Stack Usage: 32M
[50.945s][info][gc,nmethod  ] GC(63) NMethods: 851 registered, 61 unregistered
[50.945s][info][gc,metaspace] GC(63) Metaspace: 16M used, 16M committed, 1088M reserved
[50.945s][info][gc,ref      ] GC(63) Soft: 172 encountered, 56 discovered, 1 enqueued
[50.945s][info][gc,ref      ] GC(63) Weak: 966 encountered, 92 discovered, 0 enqueued
[50.945s][info][gc,ref      ] GC(63) Final: 0 encountered, 0 discovered, 0 enqueued
[50.945s][info][gc,ref      ] GC(63) Phantom: 35 encountered, 15 discovered, 0 enqueued
[50.945s][info][gc,reloc    ] GC(63) Small Pages: 307 / 614M, Empty: 306M, Relocated: 8M, In-Place: 0
[50.945s][info][gc,reloc    ] GC(63) Medium Pages: 0 / 0M, Empty: 0M, Relocated: 0M, In-Place: 0
[50.945s][info][gc,reloc    ] GC(63) Large Pages: 0 / 0M, Empty: 0M, Relocated: 0M, In-Place: 0
[50.945s][info][gc,reloc    ] GC(63) Forwarding Usage: 3M
[50.945s][info][gc,heap     ] GC(63) Min Capacity: 8M(0%)
[50.945s][info][gc,heap     ] GC(63) Max Capacity: 2048M(100%)
[50.945s][info][gc,heap     ] GC(63) Soft Max Capacity: 2048M(100%)
[50.945s][info][gc,heap     ] GC(63)                Mark Start          Mark End        Relocate Start      Relocate End           High               Low         
[50.945s][info][gc,heap     ] GC(63)  Capacity:     2048M (100%)       2048M (100%)       2048M (100%)       2048M (100%)       2048M (100%)       2048M (100%)   
[50.945s][info][gc,heap     ] GC(63)      Free:     1434M (70%)         878M (43%)         562M (27%)         834M (41%)        1434M (70%)         264M (13%)    
[50.945s][info][gc,heap     ] GC(63)      Used:      614M (30%)        1170M (57%)        1486M (73%)        1214M (59%)        1784M (87%)         614M (30%)    
[50.945s][info][gc,heap     ] GC(63)      Live:         -                14M (1%)           14M (1%)           14M (1%)             -                  -          
[50.945s][info][gc,heap     ] GC(63) Allocated:         -               556M (27%)        1178M (58%)        1181M (58%)            -                  -          
[50.945s][info][gc,heap     ] GC(63)   Garbage:         -               599M (29%)         293M (14%)          17M (1%)             -                  -          
[50.945s][info][gc,heap     ] GC(63) Reclaimed:         -                  -               306M (15%)         581M (28%)            -                  -          
[50.945s][info][gc          ] GC(63) Garbage Collection (Allocation Stall) 614M(30%)->1214M(59%)
[51.039s][info][gc,start    ] GC(64) Garbage Collection (Allocation Rate)
[51.048s][info][gc,task     ] GC(64) Using 12 workers
[51.048s][info][gc,phases   ] GC(64) Pause Mark Start 0.017ms
[51.101s][info][gc,phases   ] GC(64) Concurrent Mark 52.772ms
[51.101s][info][gc,phases   ] GC(64) Pause Mark End 0.019ms
[51.101s][info][gc,phases   ] GC(64) Concurrent Mark Free 0.001ms
[51.102s][info][gc,phases   ] GC(64) Concurrent Process Non-Strong References 0.497ms
[51.102s][info][gc,phases   ] GC(64) Concurrent Reset Relocation Set 0.019ms
[51.113s][info][gc,phases   ] GC(64) Concurrent Select Relocation Set 10.972ms
[51.113s][info][gc,phases   ] GC(64) Pause Relocate Start 0.009ms
[51.132s][info][gc,phases   ] GC(64) Concurrent Relocate 19.206ms
[51.133s][info][gc,load     ] GC(64) Load: 0.00/0.00/0.00
[51.133s][info][gc,mmu      ] GC(64) MMU: 2ms/98.5%, 5ms/99.4%, 10ms/99.7%, 20ms/99.8%, 50ms/99.9%, 100ms/99.9%
[51.133s][info][gc,marking  ] GC(64) Mark: 8 stripe(s), 2 proactive flush(es), 1 terminate flush(es), 0 completion(s), 0 continuation(s) 
[51.133s][info][gc,marking  ] GC(64) Mark Stack Usage: 32M
[51.133s][info][gc,nmethod  ] GC(64) NMethods: 850 registered, 62 unregistered
[51.133s][info][gc,metaspace] GC(64) Metaspace: 16M used, 16M committed, 1088M reserved
[51.133s][info][gc,ref      ] GC(64) Soft: 171 encountered, 0 discovered, 0 enqueued
[51.133s][info][gc,ref      ] GC(64) Weak: 968 encountered, 77 discovered, 0 enqueued
[51.133s][info][gc,ref      ] GC(64) Final: 0 encountered, 0 discovered, 0 enqueued
[51.133s][info][gc,ref      ] GC(64) Phantom: 35 encountered, 18 discovered, 0 enqueued
[51.133s][info][gc,reloc    ] GC(64) Small Pages: 663 / 1326M, Empty: 1120M, Relocated: 62M, In-Place: 0
[51.133s][info][gc,reloc    ] GC(64) Medium Pages: 1 / 32M, Empty: 0M, Relocated: 0M, In-Place: 0
[51.133s][info][gc,reloc    ] GC(64) Large Pages: 0 / 0M, Empty: 0M, Relocated: 0M, In-Place: 0
[51.133s][info][gc,reloc    ] GC(64) Forwarding Usage: 26M
[51.133s][info][gc,heap     ] GC(64) Min Capacity: 8M(0%)
[51.133s][info][gc,heap     ] GC(64) Max Capacity: 2048M(100%)
[51.133s][info][gc,heap     ] GC(64) Soft Max Capacity: 2048M(100%)
[51.133s][info][gc,heap     ] GC(64)                Mark Start          Mark End        Relocate Start      Relocate End           High               Low         
[51.133s][info][gc,heap     ] GC(64)  Capacity:     2048M (100%)       2048M (100%)       2048M (100%)       2048M (100%)       2048M (100%)       2048M (100%)   
[51.133s][info][gc,heap     ] GC(64)      Free:      690M (34%)         642M (31%)        1746M (85%)        1786M (87%)        1786M (87%)         640M (31%)    
[51.133s][info][gc,heap     ] GC(64)      Used:     1358M (66%)        1406M (69%)         302M (15%)         262M (13%)        1408M (69%)         262M (13%)    
[51.133s][info][gc,heap     ] GC(64)      Live:         -               116M (6%)          116M (6%)          116M (6%)             -                  -          
[51.133s][info][gc,heap     ] GC(64) Allocated:         -                48M (2%)           64M (3%)           83M (4%)             -                  -          
[51.133s][info][gc,heap     ] GC(64)   Garbage:         -              1241M (61%)         121M (6%)           61M (3%)             -                  -          
[51.133s][info][gc,heap     ] GC(64) Reclaimed:         -                  -              1120M (55%)        1179M (58%)            -                  -          
[51.133s][info][gc          ] GC(64) Garbage Collection (Allocation Rate) 1358M(66%)->262M(13%)
[51.240s][info][gc,start    ] GC(65) Garbage Collection (Allocation Rate)
[51.240s][info][gc,task     ] GC(65) Using 12 workers
[51.240s][info][gc,phases   ] GC(65) Pause Mark Start 0.017ms
[51.350s][info][gc,phases   ] GC(65) Concurrent Mark 108.907ms
[51.350s][info][gc,phases   ] GC(65) Pause Mark End 0.022ms
[51.350s][info][gc,phases   ] GC(65) Concurrent Mark Free 0.001ms
[51.350s][info][gc,phases   ] GC(65) Concurrent Process Non-Strong References 0.522ms
[51.350s][info][gc,phases   ] GC(65) Concurrent Reset Relocation Set 0.009ms
[51.380s][info][gc,phases   ] GC(65) Concurrent Select Relocation Set 29.724ms
[51.380s][info][gc,phases   ] GC(65) Pause Relocate Start 0.012ms
[51.407s][info][gc,phases   ] GC(65) Concurrent Relocate 26.845ms
[51.407s][info][gc,load     ] GC(65) Load: 0.00/0.00/0.00
[51.407s][info][gc,mmu      ] GC(65) MMU: 2ms/98.5%, 5ms/99.4%, 10ms/99.7%, 20ms/99.8%, 50ms/99.9%, 100ms/99.9%
[51.407s][info][gc,marking  ] GC(65) Mark: 8 stripe(s), 2 proactive flush(es), 1 terminate flush(es), 0 completion(s), 0 continuation(s) 
[51.407s][info][gc,marking  ] GC(65) Mark Stack Usage: 32M
[51.407s][info][gc,nmethod  ] GC(65) NMethods: 851 registered, 62 unregistered
[51.407s][info][gc,metaspace] GC(65) Metaspace: 16M used, 16M committed, 1088M reserved
[51.407s][info][gc,ref      ] GC(65) Soft: 171 encountered, 0 discovered, 0 enqueued
[51.407s][info][gc,ref      ] GC(65) Weak: 968 encountered, 73 discovered, 0 enqueued
[51.407s][info][gc,ref      ] GC(65) Final: 0 encountered, 0 discovered, 0 enqueued
[51.407s][info][gc,ref      ] GC(65) Phantom: 35 encountered, 21 discovered, 0 enqueued
[51.407s][info][gc,reloc    ] GC(65) Small Pages: 184 / 368M, Empty: 0M, Relocated: 90M, In-Place: 0
[51.407s][info][gc,reloc    ] GC(65) Medium Pages: 1 / 32M, Empty: 0M, Relocated: 0M, In-Place: 0
[51.407s][info][gc,reloc    ] GC(65) Large Pages: 0 / 0M, Empty: 0M, Relocated: 0M, In-Place: 0
[51.407s][info][gc,reloc    ] GC(65) Forwarding Usage: 37M
[51.407s][info][gc,heap     ] GC(65) Min Capacity: 8M(0%)
[51.407s][info][gc,heap     ] GC(65) Max Capacity: 2048M(100%)
[51.407s][info][gc,heap     ] GC(65) Soft Max Capacity: 2048M(100%)
[51.407s][info][gc,heap     ] GC(65)                Mark Start          Mark End        Relocate Start      Relocate End           High               Low         
[51.407s][info][gc,heap     ] GC(65)  Capacity:     2048M (100%)       2048M (100%)       2048M (100%)       2048M (100%)       2048M (100%)       2048M (100%)   
[51.407s][info][gc,heap     ] GC(65)      Free:     1648M (80%)        1550M (76%)        1512M (74%)        1554M (76%)        1648M (80%)        1486M (73%)    
[51.407s][info][gc,heap     ] GC(65)      Used:      400M (20%)         498M (24%)         536M (26%)         494M (24%)         562M (27%)         400M (20%)    
[51.407s][info][gc,heap     ] GC(65)      Live:         -               255M (12%)         255M (12%)         255M (12%)            -                  -          
[51.407s][info][gc,heap     ] GC(65) Allocated:         -                98M (5%)          136M (7%)          153M (8%)             -                  -          
[51.407s][info][gc,heap     ] GC(65)   Garbage:         -               144M (7%)          144M (7%)           84M (4%)             -                  -          
[51.408s][info][gc,heap     ] GC(65) Reclaimed:         -                  -                 0M (0%)           59M (3%)             -                  -          
[51.408s][info][gc          ] GC(65) Garbage Collection (Allocation Rate) 400M(20%)->494M(24%)
[51.443s][info][gc,start    ] GC(66) Garbage Collection (Allocation Rate)
[51.443s][info][gc,task     ] GC(66) Using 12 workers
[51.444s][info][gc,phases   ] GC(66) Pause Mark Start 0.017ms
[51.568s][info][gc,phases   ] GC(66) Concurrent Mark 124.517ms
[51.568s][info][gc,phases   ] GC(66) Pause Mark End 0.015ms
[51.568s][info][gc,phases   ] GC(66) Concurrent Mark Free 0.001ms
[51.569s][info][gc,phases   ] GC(66) Concurrent Process Non-Strong References 0.329ms
[51.569s][info][gc,phases   ] GC(66) Concurrent Reset Relocation Set 0.014ms
[51.577s][info][gc,phases   ] GC(66) Concurrent Select Relocation Set 7.908ms
[51.577s][info][gc,phases   ] GC(66) Pause Relocate Start 0.008ms
[51.590s][info][gc,phases   ] GC(66) Concurrent Relocate 13.500ms
[51.591s][info][gc,load     ] GC(66) Load: 0.00/0.00/0.00
[51.591s][info][gc,mmu      ] GC(66) MMU: 2ms/98.5%, 5ms/99.4%, 10ms/99.7%, 20ms/99.8%, 50ms/99.9%, 100ms/99.9%
[51.591s][info][gc,marking  ] GC(66) Mark: 8 stripe(s), 3 proactive flush(es), 2 terminate flush(es), 0 completion(s), 0 continuation(s) 
[51.591s][info][gc,marking  ] GC(66) Mark Stack Usage: 32M
[51.591s][info][gc,nmethod  ] GC(66) NMethods: 851 registered, 62 unregistered
[51.591s][info][gc,metaspace] GC(66) Metaspace: 16M used, 16M committed, 1088M reserved
[51.591s][info][gc,ref      ] GC(66) Soft: 171 encountered, 0 discovered, 0 enqueued
[51.591s][info][gc,ref      ] GC(66) Weak: 968 encountered, 239 discovered, 0 enqueued
[51.591s][info][gc,ref      ] GC(66) Final: 0 encountered, 0 discovered, 0 enqueued
[51.591s][info][gc,ref      ] GC(66) Phantom: 35 encountered, 34 discovered, 0 enqueued
[51.591s][info][gc,reloc    ] GC(66) Small Pages: 251 / 502M, Empty: 0M, Relocated: 40M, In-Place: 0
[51.591s][info][gc,reloc    ] GC(66) Medium Pages: 1 / 32M, Empty: 0M, Relocated: 0M, In-Place: 0
[51.591s][info][gc,reloc    ] GC(66) Large Pages: 0 / 0M, Empty: 0M, Relocated: 0M, In-Place: 0
[51.591s][info][gc,reloc    ] GC(66) Forwarding Usage: 17M
[51.591s][info][gc,heap     ] GC(66) Min Capacity: 8M(0%)
[51.591s][info][gc,heap     ] GC(66) Max Capacity: 2048M(100%)
[51.591s][info][gc,heap     ] GC(66) Soft Max Capacity: 2048M(100%)
[51.591s][info][gc,heap     ] GC(66)                Mark Start          Mark End        Relocate Start      Relocate End           High               Low         
[51.591s][info][gc,heap     ] GC(66)  Capacity:     2048M (100%)       2048M (100%)       2048M (100%)       2048M (100%)       2048M (100%)       2048M (100%)   
[51.591s][info][gc,heap     ] GC(66)      Free:     1514M (74%)        1410M (69%)        1400M (68%)        1404M (69%)        1514M (74%)        1376M (67%)    
[51.591s][info][gc,heap     ] GC(66)      Used:      534M (26%)         638M (31%)         648M (32%)         644M (31%)         672M (33%)         534M (26%)    
[51.591s][info][gc,heap     ] GC(66)      Live:         -               379M (19%)         379M (19%)         379M (19%)            -                  -          
[51.591s][info][gc,heap     ] GC(66) Allocated:         -               104M (5%)          114M (6%)          129M (6%)             -                  -          
[51.591s][info][gc,heap     ] GC(66)   Garbage:         -               154M (8%)          154M (8%)          134M (7%)             -                  -          
[51.591s][info][gc,heap     ] GC(66) Reclaimed:         -                  -                 0M (0%)           19M (1%)             -                  -          
[51.591s][info][gc          ] GC(66) Garbage Collection (Allocation Rate) 534M(26%)->644M(31%)
[51.631s][info][gc,start    ] GC(67) Garbage Collection (Allocation Rate)
[51.631s][info][gc,task     ] GC(67) Using 12 workers
[51.631s][info][gc,phases   ] GC(67) Pause Mark Start 0.016ms
[51.772s][info][gc,phases   ] GC(67) Concurrent Mark 141.094ms
[51.772s][info][gc,phases   ] GC(67) Pause Mark End 0.017ms
[51.772s][info][gc,phases   ] GC(67) Concurrent Mark Free 0.001ms
[51.773s][info][gc,phases   ] GC(67) Concurrent Process Non-Strong References 0.349ms
[51.773s][info][gc,phases   ] GC(67) Concurrent Reset Relocation Set 0.006ms
[51.794s][info][gc,phases   ] GC(67) Concurrent Select Relocation Set 21.059ms
[51.794s][info][gc,phases   ] GC(67) Pause Relocate Start 0.009ms
[51.813s][info][gc,phases   ] GC(67) Concurrent Relocate 19.131ms
[51.813s][info][gc,load     ] GC(67) Load: 0.00/0.00/0.00
[51.813s][info][gc,mmu      ] GC(67) MMU: 2ms/98.5%, 5ms/99.4%, 10ms/99.7%, 20ms/99.8%, 50ms/99.9%, 100ms/99.9%
[51.813s][info][gc,marking  ] GC(67) Mark: 8 stripe(s), 3 proactive flush(es), 1 terminate flush(es), 0 completion(s), 0 continuation(s) 
[51.813s][info][gc,marking  ] GC(67) Mark Stack Usage: 32M
[51.814s][info][gc,nmethod  ] GC(67) NMethods: 851 registered, 62 unregistered
[51.814s][info][gc,metaspace] GC(67) Metaspace: 16M used, 16M committed, 1088M reserved
[51.814s][info][gc,ref      ] GC(67) Soft: 171 encountered, 0 discovered, 0 enqueued
[51.814s][info][gc,ref      ] GC(67) Weak: 968 encountered, 517 discovered, 0 enqueued
[51.814s][info][gc,ref      ] GC(67) Final: 0 encountered, 0 discovered, 0 enqueued
[51.814s][info][gc,ref      ] GC(67) Phantom: 35 encountered, 34 discovered, 0 enqueued
[51.814s][info][gc,reloc    ] GC(67) Small Pages: 330 / 660M, Empty: 0M, Relocated: 52M, In-Place: 0
[51.814s][info][gc,reloc    ] GC(67) Medium Pages: 1 / 32M, Empty: 0M, Relocated: 0M, In-Place: 0
[51.814s][info][gc,reloc    ] GC(67) Large Pages: 0 / 0M, Empty: 0M, Relocated: 0M, In-Place: 0
[51.814s][info][gc,reloc    ] GC(67) Forwarding Usage: 22M
[51.814s][info][gc,heap     ] GC(67) Min Capacity: 8M(0%)
[51.814s][info][gc,heap     ] GC(67) Max Capacity: 2048M(100%)
[51.814s][info][gc,heap     ] GC(67) Soft Max Capacity: 2048M(100%)
[51.814s][info][gc,heap     ] GC(67)                Mark Start          Mark End        Relocate Start      Relocate End           High               Low         
[51.814s][info][gc,heap     ] GC(67)  Capacity:     2048M (100%)       2048M (100%)       2048M (100%)       2048M (100%)       2048M (100%)       2048M (100%)   
[51.814s][info][gc,heap     ] GC(67)      Free:     1356M (66%)        1232M (60%)        1208M (59%)        1228M (60%)        1356M (66%)        1184M (58%)    
[51.814s][info][gc,heap     ] GC(67)      Used:      692M (34%)         816M (40%)         840M (41%)         820M (40%)         864M (42%)         692M (34%)    
[51.814s][info][gc,heap     ] GC(67)      Live:         -               492M (24%)         492M (24%)         492M (24%)            -                  -          
[51.814s][info][gc,heap     ] GC(67) Allocated:         -               124M (6%)          148M (7%)          165M (8%)             -                  -          
[51.814s][info][gc,heap     ] GC(67)   Garbage:         -               199M (10%)         199M (10%)         161M (8%)             -                  -          
[51.814s][info][gc,heap     ] GC(67) Reclaimed:         -                  -                 0M (0%)           37M (2%)             -                  -          
[51.814s][info][gc          ] GC(67) Garbage Collection (Allocation Rate) 692M(34%)->820M(40%)
[51.840s][info][gc,start    ] GC(68) Garbage Collection (Allocation Rate)
[51.840s][info][gc,task     ] GC(68) Using 12 workers
[51.840s][info][gc,phases   ] GC(68) Pause Mark Start 0.014ms
[52.027s][info][gc,phases   ] GC(68) Concurrent Mark 187.110ms
[52.027s][info][gc,phases   ] GC(68) Pause Mark End 0.018ms
[52.027s][info][gc,phases   ] GC(68) Concurrent Mark Free 0.001ms
[52.028s][info][gc,phases   ] GC(68) Concurrent Process Non-Strong References 0.372ms
[52.028s][info][gc,phases   ] GC(68) Concurrent Reset Relocation Set 0.010ms
[52.049s][info][gc,phases   ] GC(68) Concurrent Select Relocation Set 21.197ms
[52.049s][info][gc,phases   ] GC(68) Pause Relocate Start 0.009ms
[52.067s][info][gc,phases   ] GC(68) Concurrent Relocate 17.289ms
[52.067s][info][gc,load     ] GC(68) Load: 0.00/0.00/0.00
[52.067s][info][gc,mmu      ] GC(68) MMU: 2ms/98.5%, 5ms/99.4%, 10ms/99.7%, 20ms/99.8%, 50ms/99.9%, 100ms/99.9%
[52.067s][info][gc,marking  ] GC(68) Mark: 8 stripe(s), 3 proactive flush(es), 1 terminate flush(es), 0 completion(s), 0 continuation(s) 
[52.067s][info][gc,marking  ] GC(68) Mark Stack Usage: 32M
[52.067s][info][gc,nmethod  ] GC(68) NMethods: 851 registered, 62 unregistered
[52.067s][info][gc,metaspace] GC(68) Metaspace: 16M used, 16M committed, 1088M reserved
[52.067s][info][gc,ref      ] GC(68) Soft: 171 encountered, 0 discovered, 0 enqueued
[52.067s][info][gc,ref      ] GC(68) Weak: 971 encountered, 31 discovered, 2 enqueued
[52.067s][info][gc,ref      ] GC(68) Final: 0 encountered, 0 discovered, 0 enqueued
[52.067s][info][gc,ref      ] GC(68) Phantom: 35 encountered, 16 discovered, 0 enqueued
[52.067s][info][gc,reloc    ] GC(68) Small Pages: 401 / 802M, Empty: 0M, Relocated: 61M, In-Place: 0
[52.067s][info][gc,reloc    ] GC(68) Medium Pages: 2 / 64M, Empty: 0M, Relocated: 3M, In-Place: 0
[52.067s][info][gc,reloc    ] GC(68) Large Pages: 0 / 0M, Empty: 0M, Relocated: 0M, In-Place: 0
[52.067s][info][gc,reloc    ] GC(68) Forwarding Usage: 25M
[52.067s][info][gc,heap     ] GC(68) Min Capacity: 8M(0%)
[52.067s][info][gc,heap     ] GC(68) Max Capacity: 2048M(100%)
[52.067s][info][gc,heap     ] GC(68) Soft Max Capacity: 2048M(100%)
[52.067s][info][gc,heap     ] GC(68)                Mark Start          Mark End        Relocate Start      Relocate End           High               Low         
[52.067s][info][gc,heap     ] GC(68)  Capacity:     2048M (100%)       2048M (100%)       2048M (100%)       2048M (100%)       2048M (100%)       2048M (100%)   
[52.067s][info][gc,heap     ] GC(68)      Free:     1182M (58%)        1120M (55%)        1110M (54%)        1138M (56%)        1182M (58%)        1026M (50%)    
[52.067s][info][gc,heap     ] GC(68)      Used:      866M (42%)         928M (45%)         938M (46%)         910M (44%)        1022M (50%)         866M (42%)    
[52.067s][info][gc,heap     ] GC(68)      Live:         -               610M (30%)         610M (30%)         610M (30%)            -                  -          
[52.067s][info][gc,heap     ] GC(68) Allocated:         -                62M (3%)           72M (4%)          104M (5%)             -                  -          
[52.067s][info][gc,heap     ] GC(68)   Garbage:         -               255M (12%)         255M (12%)         195M (10%)            -                  -          
[52.067s][info][gc,heap     ] GC(68) Reclaimed:         -                  -                 0M (0%)           60M (3%)             -                  -          
[52.067s][info][gc          ] GC(68) Garbage Collection (Allocation Rate) 866M(42%)->910M(44%)
[52.137s][info][gc,start    ] GC(69) Garbage Collection (Allocation Rate)
[52.137s][info][gc,task     ] GC(69) Using 12 workers
[52.137s][info][gc,phases   ] GC(69) Pause Mark Start 0.011ms
[52.293s][info][gc,phases   ] GC(69) Concurrent Mark 155.861ms
[52.293s][info][gc,phases   ] GC(69) Pause Mark End 0.020ms
[52.293s][info][gc,phases   ] GC(69) Concurrent Mark Free 0.001ms
[52.293s][info][gc,phases   ] GC(69) Concurrent Process Non-Strong References 0.341ms
[52.293s][info][gc,phases   ] GC(69) Concurrent Reset Relocation Set 0.012ms
[52.329s][info][gc,phases   ] GC(69) Concurrent Select Relocation Set 35.466ms
[52.329s][info][gc,phases   ] GC(69) Pause Relocate Start 0.009ms
[52.381s][info][gc,phases   ] GC(69) Concurrent Relocate 51.784ms
[52.381s][info][gc,load     ] GC(69) Load: 0.00/0.00/0.00
[52.381s][info][gc,mmu      ] GC(69) MMU: 2ms/98.5%, 5ms/99.4%, 10ms/99.7%, 20ms/99.8%, 50ms/99.9%, 100ms/99.9%
[52.381s][info][gc,marking  ] GC(69) Mark: 8 stripe(s), 2 proactive flush(es), 1 terminate flush(es), 0 completion(s), 0 continuation(s) 
[52.381s][info][gc,marking  ] GC(69) Mark Stack Usage: 32M
[52.381s][info][gc,nmethod  ] GC(69) NMethods: 857 registered, 62 unregistered
[52.381s][info][gc,metaspace] GC(69) Metaspace: 16M used, 16M committed, 1088M reserved
[52.381s][info][gc,ref      ] GC(69) Soft: 171 encountered, 0 discovered, 0 enqueued
[52.381s][info][gc,ref      ] GC(69) Weak: 969 encountered, 77 discovered, 1 enqueued
[52.381s][info][gc,ref      ] GC(69) Final: 0 encountered, 0 discovered, 0 enqueued
[52.381s][info][gc,ref      ] GC(69) Phantom: 35 encountered, 27 discovered, 0 enqueued
[52.381s][info][gc,reloc    ] GC(69) Small Pages: 432 / 864M, Empty: 0M, Relocated: 201M, In-Place: 0
[52.381s][info][gc,reloc    ] GC(69) Medium Pages: 2 / 64M, Empty: 0M, Relocated: 3M, In-Place: 0
[52.381s][info][gc,reloc    ] GC(69) Large Pages: 0 / 0M, Empty: 0M, Relocated: 0M, In-Place: 0
[52.381s][info][gc,reloc    ] GC(69) Forwarding Usage: 84M
[52.381s][info][gc,heap     ] GC(69) Min Capacity: 8M(0%)
[52.381s][info][gc,heap     ] GC(69) Max Capacity: 2048M(100%)
[52.381s][info][gc,heap     ] GC(69) Soft Max Capacity: 2048M(100%)
[52.381s][info][gc,heap     ] GC(69)                Mark Start          Mark End        Relocate Start      Relocate End           High               Low         
[52.381s][info][gc,heap     ] GC(69)  Capacity:     2048M (100%)       2048M (100%)       2048M (100%)       2048M (100%)       2048M (100%)       2048M (100%)   
[52.381s][info][gc,heap     ] GC(69)      Free:     1120M (55%)        1074M (52%)        1070M (52%)        1296M (63%)        1296M (63%)        1018M (50%)    
[52.381s][info][gc,heap     ] GC(69)      Used:      928M (45%)         974M (48%)         978M (48%)         752M (37%)        1030M (50%)         752M (37%)    
[52.381s][info][gc,heap     ] GC(69)      Live:         -               573M (28%)         573M (28%)         573M (28%)            -                  -          
[52.381s][info][gc,heap     ] GC(69) Allocated:         -                46M (2%)           50M (2%)           51M (3%)             -                  -          
[52.381s][info][gc,heap     ] GC(69)   Garbage:         -               354M (17%)         354M (17%)         126M (6%)             -                  -          
[52.381s][info][gc,heap     ] GC(69) Reclaimed:         -                  -                 0M (0%)          227M (11%)            -                  -          
[52.381s][info][gc          ] GC(69) Garbage Collection (Allocation Rate) 928M(45%)->752M(37%)
[52.437s][info][gc,start    ] GC(70) Garbage Collection (Allocation Rate)
[52.437s][info][gc,task     ] GC(70) Using 12 workers
[52.437s][info][gc,phases   ] GC(70) Pause Mark Start 0.017ms
[52.452s][info][gc,phases   ] GC(70) Concurrent Mark 15.248ms
[52.453s][info][gc,phases   ] GC(70) Pause Mark End 0.021ms
[52.453s][info][gc,phases   ] GC(70) Concurrent Mark Free 0.001ms
[52.453s][info][gc,phases   ] GC(70) Concurrent Process Non-Strong References 0.532ms
[52.453s][info][gc,phases   ] GC(70) Concurrent Reset Relocation Set 0.058ms
[52.471s][info][gc,phases   ] GC(70) Concurrent Select Relocation Set 17.780ms
[52.471s][info][gc,phases   ] GC(70) Pause Relocate Start 0.006ms
[52.474s][info][gc,phases   ] GC(70) Concurrent Relocate 3.020ms
[52.475s][info][gc,load     ] GC(70) Load: 0.00/0.00/0.00
[52.475s][info][gc,mmu      ] GC(70) MMU: 2ms/98.5%, 5ms/99.4%, 10ms/99.7%, 20ms/99.8%, 50ms/99.9%, 100ms/99.9%
[52.475s][info][gc,marking  ] GC(70) Mark: 8 stripe(s), 3 proactive flush(es), 1 terminate flush(es), 0 completion(s), 0 continuation(s) 
[52.475s][info][gc,marking  ] GC(70) Mark Stack Usage: 32M
[52.475s][info][gc,nmethod  ] GC(70) NMethods: 857 registered, 62 unregistered
[52.475s][info][gc,metaspace] GC(70) Metaspace: 16M used, 16M committed, 1088M reserved
[52.475s][info][gc,ref      ] GC(70) Soft: 171 encountered, 0 discovered, 0 enqueued
[52.475s][info][gc,ref      ] GC(70) Weak: 968 encountered, 433 discovered, 2 enqueued
[52.475s][info][gc,ref      ] GC(70) Final: 0 encountered, 0 discovered, 0 enqueued
[52.475s][info][gc,ref      ] GC(70) Phantom: 35 encountered, 24 discovered, 0 enqueued
[52.475s][info][gc,reloc    ] GC(70) Small Pages: 361 / 722M, Empty: 652M, Relocated: 6M, In-Place: 0
[52.475s][info][gc,reloc    ] GC(70) Medium Pages: 1 / 32M, Empty: 32M, Relocated: 0M, In-Place: 0
[52.475s][info][gc,reloc    ] GC(70) Large Pages: 0 / 0M, Empty: 0M, Relocated: 0M, In-Place: 0
[52.475s][info][gc,reloc    ] GC(70) Forwarding Usage: 2M
[52.475s][info][gc,heap     ] GC(70) Min Capacity: 8M(0%)
[52.475s][info][gc,heap     ] GC(70) Max Capacity: 2048M(100%)
[52.475s][info][gc,heap     ] GC(70) Soft Max Capacity: 2048M(100%)
[52.475s][info][gc,heap     ] GC(70)                Mark Start          Mark End        Relocate Start      Relocate End           High               Low         
[52.475s][info][gc,heap     ] GC(70)  Capacity:     2048M (100%)       2048M (100%)       2048M (100%)       2048M (100%)       2048M (100%)       2048M (100%)   
[52.475s][info][gc,heap     ] GC(70)      Free:     1294M (63%)        1292M (63%)        1976M (96%)        2012M (98%)        2012M (98%)        1292M (63%)    
[52.475s][info][gc,heap     ] GC(70)      Used:      754M (37%)         756M (37%)          72M (4%)           36M (2%)          756M (37%)          36M (2%)     
[52.475s][info][gc,heap     ] GC(70)      Live:         -                13M (1%)           13M (1%)           13M (1%)             -                  -          
[52.475s][info][gc,heap     ] GC(70) Allocated:         -                 2M (0%)            2M (0%)            1M (0%)             -                  -          
[52.475s][info][gc,heap     ] GC(70)   Garbage:         -               740M (36%)          56M (3%)           20M (1%)             -                  -          
[52.476s][info][gc,heap     ] GC(70) Reclaimed:         -                  -               684M (33%)         719M (35%)            -                  -          
[52.476s][info][gc          ] GC(70) Garbage Collection (Allocation Rate) 754M(37%)->36M(2%)
[52.540s][info][gc,start    ] GC(71) Garbage Collection (Allocation Rate)
[52.540s][info][gc,task     ] GC(71) Using 12 workers
[52.540s][info][gc,phases   ] GC(71) Pause Mark Start 0.012ms
[52.555s][info][gc,phases   ] GC(71) Concurrent Mark 15.300ms
[52.556s][info][gc,phases   ] GC(71) Pause Mark End 0.024ms
[52.556s][info][gc,phases   ] GC(71) Concurrent Mark Free 0.001ms
[52.556s][info][gc,phases   ] GC(71) Concurrent Process Non-Strong References 0.634ms
[52.556s][info][gc,phases   ] GC(71) Concurrent Reset Relocation Set 0.005ms
[52.560s][info][gc,phases   ] GC(71) Concurrent Select Relocation Set 3.559ms
[52.560s][info][gc,phases   ] GC(71) Pause Relocate Start 0.006ms
[52.562s][info][gc,phases   ] GC(71) Concurrent Relocate 2.089ms
[52.562s][info][gc,load     ] GC(71) Load: 0.00/0.00/0.00
[52.562s][info][gc,mmu      ] GC(71) MMU: 2ms/98.5%, 5ms/99.4%, 10ms/99.7%, 20ms/99.8%, 50ms/99.9%, 100ms/99.9%
[52.562s][info][gc,marking  ] GC(71) Mark: 8 stripe(s), 2 proactive flush(es), 1 terminate flush(es), 0 completion(s), 0 continuation(s) 
[52.563s][info][gc,marking  ] GC(71) Mark Stack Usage: 32M
[52.563s][info][gc,nmethod  ] GC(71) NMethods: 857 registered, 62 unregistered
[52.563s][info][gc,metaspace] GC(71) Metaspace: 16M used, 16M committed, 1088M reserved
[52.563s][info][gc,ref      ] GC(71) Soft: 171 encountered, 0 discovered, 0 enqueued
[52.563s][info][gc,ref      ] GC(71) Weak: 966 encountered, 212 discovered, 0 enqueued
[52.563s][info][gc,ref      ] GC(71) Final: 0 encountered, 0 discovered, 0 enqueued
[52.563s][info][gc,ref      ] GC(71) Phantom: 35 encountered, 18 discovered, 0 enqueued
[52.563s][info][gc,reloc    ] GC(71) Small Pages: 20 / 40M, Empty: 0M, Relocated: 6M, In-Place: 0
[52.563s][info][gc,reloc    ] GC(71) Medium Pages: 0 / 0M, Empty: 0M, Relocated: 0M, In-Place: 0
[52.563s][info][gc,reloc    ] GC(71) Large Pages: 0 / 0M, Empty: 0M, Relocated: 0M, In-Place: 0
[52.563s][info][gc,reloc    ] GC(71) Forwarding Usage: 1M
[52.563s][info][gc,heap     ] GC(71) Min Capacity: 8M(0%)
[52.563s][info][gc,heap     ] GC(71) Max Capacity: 2048M(100%)
[52.563s][info][gc,heap     ] GC(71) Soft Max Capacity: 2048M(100%)
[52.563s][info][gc,heap     ] GC(71)                Mark Start          Mark End        Relocate Start      Relocate End           High               Low         
[52.563s][info][gc,heap     ] GC(71)  Capacity:     2048M (100%)       2048M (100%)       2048M (100%)       2048M (100%)       2048M (100%)       2048M (100%)   
[52.563s][info][gc,heap     ] GC(71)      Free:     2008M (98%)        2006M (98%)        2006M (98%)        2012M (98%)        2012M (98%)        1984M (97%)    
[52.563s][info][gc,heap     ] GC(71)      Used:       40M (2%)           42M (2%)           42M (2%)           36M (2%)           64M (3%)           36M (2%)     
[52.563s][info][gc,heap     ] GC(71)      Live:         -                14M (1%)           14M (1%)           14M (1%)             -                  -          
[52.563s][info][gc,heap     ] GC(71) Allocated:         -                 2M (0%)            2M (0%)            1M (0%)             -                  -          
[52.563s][info][gc,heap     ] GC(71)   Garbage:         -                25M (1%)           25M (1%)           19M (1%)             -                  -          
[52.563s][info][gc,heap     ] GC(71) Reclaimed:         -                  -                 0M (0%)            5M (0%)             -                  -          
[52.563s][info][gc          ] GC(71) Garbage Collection (Allocation Rate) 40M(2%)->36M(2%)
[58.341s][info][gc,start    ] GC(72) Garbage Collection (Allocation Rate)
[58.341s][info][gc,task     ] GC(72) Using 12 workers
[58.342s][info][gc,phases   ] GC(72) Pause Mark Start 0.017ms
[58.458s][info][gc,phases   ] GC(72) Concurrent Mark 116.573ms
[58.458s][info][gc,phases   ] GC(72) Pause Mark End 0.022ms
[58.458s][info][gc,phases   ] GC(72) Concurrent Mark Free 0.002ms
[58.459s][info][gc,phases   ] GC(72) Concurrent Process Non-Strong References 0.466ms
[58.459s][info][gc,phases   ] GC(72) Concurrent Reset Relocation Set 0.004ms
[58.504s][info][gc,phases   ] GC(72) Concurrent Select Relocation Set 44.749ms
[58.504s][info][gc,phases   ] GC(72) Pause Relocate Start 0.010ms
[58.573s][info][gc,phases   ] GC(72) Concurrent Relocate 68.911ms
[58.573s][info][gc,load     ] GC(72) Load: 0.00/0.00/0.00
[58.573s][info][gc,mmu      ] GC(72) MMU: 2ms/98.5%, 5ms/99.4%, 10ms/99.7%, 20ms/99.8%, 50ms/99.9%, 100ms/99.9%
[58.573s][info][gc,marking  ] GC(72) Mark: 8 stripe(s), 2 proactive flush(es), 1 terminate flush(es), 0 completion(s), 0 continuation(s) 
[58.573s][info][gc,marking  ] GC(72) Mark Stack Usage: 32M
[58.573s][info][gc,nmethod  ] GC(72) NMethods: 862 registered, 62 unregistered
[58.573s][info][gc,metaspace] GC(72) Metaspace: 16M used, 16M committed, 1088M reserved
[58.573s][info][gc,ref      ] GC(72) Soft: 171 encountered, 0 discovered, 0 enqueued
[58.573s][info][gc,ref      ] GC(72) Weak: 972 encountered, 74 discovered, 5 enqueued
[58.573s][info][gc,ref      ] GC(72) Final: 0 encountered, 0 discovered, 0 enqueued
[58.573s][info][gc,ref      ] GC(72) Phantom: 35 encountered, 26 discovered, 0 enqueued
[58.573s][info][gc,reloc    ] GC(72) Small Pages: 468 / 936M, Empty: 2M, Relocated: 328M, In-Place: 0
[58.573s][info][gc,reloc    ] GC(72) Medium Pages: 0 / 0M, Empty: 0M, Relocated: 0M, In-Place: 0
[58.573s][info][gc,reloc    ] GC(72) Large Pages: 0 / 0M, Empty: 0M, Relocated: 0M, In-Place: 0
[58.573s][info][gc,reloc    ] GC(72) Forwarding Usage: 152M
[58.573s][info][gc,heap     ] GC(72) Min Capacity: 8M(0%)
[58.573s][info][gc,heap     ] GC(72) Max Capacity: 2048M(100%)
[58.573s][info][gc,heap     ] GC(72) Soft Max Capacity: 2048M(100%)
[58.573s][info][gc,heap     ] GC(72)                Mark Start          Mark End        Relocate Start      Relocate End           High               Low         
[58.573s][info][gc,heap     ] GC(72)  Capacity:     2048M (100%)       2048M (100%)       2048M (100%)       2048M (100%)       2048M (100%)       2048M (100%)   
[58.573s][info][gc,heap     ] GC(72)      Free:     1112M (54%)        1016M (50%)         956M (47%)        1498M (73%)        1498M (73%)         932M (46%)    
[58.573s][info][gc,heap     ] GC(72)      Used:      936M (46%)        1032M (50%)        1092M (53%)         550M (27%)        1116M (54%)         550M (27%)    
[58.573s][info][gc,heap     ] GC(72)      Live:         -               338M (17%)         338M (17%)         338M (17%)            -                  -          
[58.573s][info][gc,heap     ] GC(72) Allocated:         -                96M (5%)          158M (8%)          193M (9%)             -                  -          
[58.573s][info][gc,heap     ] GC(72)   Garbage:         -               597M (29%)         595M (29%)          17M (1%)             -                  -          
[58.573s][info][gc,heap     ] GC(72) Reclaimed:         -                  -                 2M (0%)          579M (28%)            -                  -          
[58.573s][info][gc          ] GC(72) Garbage Collection (Allocation Rate) 936M(46%)->550M(27%)
[58.630s][info][gc,start    ] GC(73) Garbage Collection (Allocation Rate)
[58.630s][info][gc,task     ] GC(73) Using 12 workers
[58.630s][info][gc,phases   ] GC(73) Pause Mark Start 0.014ms
[58.864s][info][gc,phases   ] GC(73) Concurrent Mark 234.000ms
[58.865s][info][gc,phases   ] GC(73) Pause Mark End 0.022ms
[58.865s][info][gc,phases   ] GC(73) Concurrent Mark Free 0.001ms
[58.865s][info][gc,phases   ] GC(73) Concurrent Process Non-Strong References 0.507ms
[58.865s][info][gc,phases   ] GC(73) Concurrent Reset Relocation Set 0.074ms
[58.887s][info][gc,phases   ] GC(73) Concurrent Select Relocation Set 21.845ms
[58.887s][info][gc,phases   ] GC(73) Pause Relocate Start 0.009ms
[58.918s][info][gc,phases   ] GC(73) Concurrent Relocate 30.671ms
[58.918s][info][gc,load     ] GC(73) Load: 0.00/0.00/0.00
[58.918s][info][gc,mmu      ] GC(73) MMU: 2ms/98.5%, 5ms/99.4%, 10ms/99.7%, 20ms/99.8%, 50ms/99.9%, 100ms/99.9%
[58.918s][info][gc,marking  ] GC(73) Mark: 8 stripe(s), 3 proactive flush(es), 1 terminate flush(es), 0 completion(s), 0 continuation(s) 
[58.918s][info][gc,marking  ] GC(73) Mark Stack Usage: 32M
[58.918s][info][gc,nmethod  ] GC(73) NMethods: 862 registered, 62 unregistered
[58.918s][info][gc,metaspace] GC(73) Metaspace: 16M used, 16M committed, 1088M reserved
[58.918s][info][gc,ref      ] GC(73) Soft: 171 encountered, 0 discovered, 0 enqueued
[58.918s][info][gc,ref      ] GC(73) Weak: 967 encountered, 46 discovered, 0 enqueued
[58.918s][info][gc,ref      ] GC(73) Final: 0 encountered, 0 discovered, 0 enqueued
[58.918s][info][gc,ref      ] GC(73) Phantom: 35 encountered, 16 discovered, 0 enqueued
[58.918s][info][gc,reloc    ] GC(73) Small Pages: 306 / 612M, Empty: 0M, Relocated: 104M, In-Place: 0
[58.919s][info][gc,reloc    ] GC(73) Medium Pages: 0 / 0M, Empty: 0M, Relocated: 0M, In-Place: 0
[58.919s][info][gc,reloc    ] GC(73) Large Pages: 0 / 0M, Empty: 0M, Relocated: 0M, In-Place: 0
[58.919s][info][gc,reloc    ] GC(73) Forwarding Usage: 52M
[58.919s][info][gc,heap     ] GC(73) Min Capacity: 8M(0%)
[58.919s][info][gc,heap     ] GC(73) Max Capacity: 2048M(100%)
[58.919s][info][gc,heap     ] GC(73) Soft Max Capacity: 2048M(100%)
[58.919s][info][gc,heap     ] GC(73)                Mark Start          Mark End        Relocate Start      Relocate End           High               Low         
[58.919s][info][gc,heap     ] GC(73)  Capacity:     2048M (100%)       2048M (100%)       2048M (100%)       2048M (100%)       2048M (100%)       2048M (100%)   
[58.919s][info][gc,heap     ] GC(73)      Free:     1436M (70%)        1176M (57%)        1146M (56%)        1296M (63%)        1436M (70%)        1122M (55%)    
[58.919s][info][gc,heap     ] GC(73)      Used:      612M (30%)         872M (43%)         902M (44%)         752M (37%)         926M (45%)         612M (30%)    
[58.919s][info][gc,heap     ] GC(73)      Live:         -               427M (21%)         427M (21%)         427M (21%)            -                  -          
[58.919s][info][gc,heap     ] GC(73) Allocated:         -               260M (13%)         290M (14%)         307M (15%)            -                  -          
[58.919s][info][gc,heap     ] GC(73)   Garbage:         -               184M (9%)          184M (9%)           17M (1%)             -                  -          
[58.919s][info][gc,heap     ] GC(73) Reclaimed:         -                  -                 0M (0%)          167M (8%)             -                  -          
[58.919s][info][gc          ] GC(73) Garbage Collection (Allocation Rate) 612M(30%)->752M(37%)
[58.943s][info][gc,start    ] GC(74) Garbage Collection (Allocation Rate)
[58.943s][info][gc,task     ] GC(74) Using 12 workers
[58.943s][info][gc,phases   ] GC(74) Pause Mark Start 0.014ms
[59.122s][info][gc,phases   ] GC(74) Concurrent Mark 179.149ms
[59.122s][info][gc,phases   ] GC(74) Pause Mark End 0.017ms
[59.122s][info][gc,phases   ] GC(74) Concurrent Mark Free 0.001ms
[59.123s][info][gc,phases   ] GC(74) Concurrent Process Non-Strong References 0.373ms
[59.123s][info][gc,phases   ] GC(74) Concurrent Reset Relocation Set 0.016ms
[59.170s][info][gc,phases   ] GC(74) Concurrent Select Relocation Set 47.174ms
[59.170s][info][gc,phases   ] GC(74) Pause Relocate Start 0.012ms
[59.206s][info][gc,phases   ] GC(74) Concurrent Relocate 35.899ms
[59.206s][info][gc,load     ] GC(74) Load: 0.00/0.00/0.00
[59.206s][info][gc,mmu      ] GC(74) MMU: 2ms/98.5%, 5ms/99.4%, 10ms/99.7%, 20ms/99.8%, 50ms/99.9%, 100ms/99.9%
[59.206s][info][gc,marking  ] GC(74) Mark: 8 stripe(s), 2 proactive flush(es), 1 terminate flush(es), 0 completion(s), 0 continuation(s) 
[59.206s][info][gc,marking  ] GC(74) Mark Stack Usage: 32M
[59.206s][info][gc,nmethod  ] GC(74) NMethods: 862 registered, 62 unregistered
[59.206s][info][gc,metaspace] GC(74) Metaspace: 16M used, 16M committed, 1088M reserved
[59.206s][info][gc,ref      ] GC(74) Soft: 171 encountered, 0 discovered, 0 enqueued
[59.206s][info][gc,ref      ] GC(74) Weak: 967 encountered, 40 discovered, 0 enqueued
[59.206s][info][gc,ref      ] GC(74) Final: 0 encountered, 0 discovered, 0 enqueued
[59.206s][info][gc,ref      ] GC(74) Phantom: 35 encountered, 18 discovered, 0 enqueued
[59.206s][info][gc,reloc    ] GC(74) Small Pages: 390 / 780M, Empty: 0M, Relocated: 125M, In-Place: 0
[59.206s][info][gc,reloc    ] GC(74) Medium Pages: 0 / 0M, Empty: 0M, Relocated: 0M, In-Place: 0
[59.206s][info][gc,reloc    ] GC(74) Large Pages: 0 / 0M, Empty: 0M, Relocated: 0M, In-Place: 0
[59.206s][info][gc,reloc    ] GC(74) Forwarding Usage: 59M
[59.207s][info][gc,heap     ] GC(74) Min Capacity: 8M(0%)
[59.207s][info][gc,heap     ] GC(74) Max Capacity: 2048M(100%)
[59.207s][info][gc,heap     ] GC(74) Soft Max Capacity: 2048M(100%)
[59.207s][info][gc,heap     ] GC(74)                Mark Start          Mark End        Relocate Start      Relocate End           High               Low         
[59.207s][info][gc,heap     ] GC(74)  Capacity:     2048M (100%)       2048M (100%)       2048M (100%)       2048M (100%)       2048M (100%)       2048M (100%)   
[59.207s][info][gc,heap     ] GC(74)      Free:     1268M (62%)        1180M (58%)        1142M (56%)        1344M (66%)        1344M (66%)        1118M (55%)    
[59.207s][info][gc,heap     ] GC(74)      Used:      780M (38%)         868M (42%)         906M (44%)         704M (34%)         930M (45%)         704M (34%)    
[59.207s][info][gc,heap     ] GC(74)      Live:         -               543M (27%)         543M (27%)         543M (27%)            -                  -          
[59.207s][info][gc,heap     ] GC(74) Allocated:         -                88M (4%)          126M (6%)          132M (6%)             -                  -          
[59.207s][info][gc,heap     ] GC(74)   Garbage:         -               236M (12%)         236M (12%)          28M (1%)             -                  -          
[59.207s][info][gc,heap     ] GC(74) Reclaimed:         -                  -                 0M (0%)          208M (10%)            -                  -          
[59.207s][info][gc          ] GC(74) Garbage Collection (Allocation Rate) 780M(38%)->704M(34%)
[59.739s][info][gc,start    ] GC(75) Garbage Collection (Allocation Rate)
[59.739s][info][gc,task     ] GC(75) Using 12 workers
[59.739s][info][gc,phases   ] GC(75) Pause Mark Start 0.019ms
[59.942s][info][gc,phases   ] GC(75) Concurrent Mark 202.654ms
[59.942s][info][gc,phases   ] GC(75) Pause Mark End 0.016ms
[59.942s][info][gc,phases   ] GC(75) Concurrent Mark Free 0.001ms
[59.942s][info][gc,phases   ] GC(75) Concurrent Process Non-Strong References 0.363ms
[59.943s][info][gc,phases   ] GC(75) Concurrent Reset Relocation Set 0.029ms
[59.956s][info][gc,phases   ] GC(75) Concurrent Select Relocation Set 13.053ms
[59.956s][info][gc,phases   ] GC(75) Pause Relocate Start 0.005ms
[59.965s][info][gc,phases   ] GC(75) Concurrent Relocate 9.593ms
[59.965s][info][gc,load     ] GC(75) Load: 0.00/0.00/0.00
[59.965s][info][gc,mmu      ] GC(75) MMU: 2ms/98.5%, 5ms/99.4%, 10ms/99.7%, 20ms/99.8%, 50ms/99.9%, 100ms/99.9%
[59.966s][info][gc,marking  ] GC(75) Mark: 8 stripe(s), 2 proactive flush(es), 1 terminate flush(es), 0 completion(s), 0 continuation(s) 
[59.966s][info][gc,marking  ] GC(75) Mark Stack Usage: 32M
[59.966s][info][gc,nmethod  ] GC(75) NMethods: 861 registered, 63 unregistered
[59.966s][info][gc,metaspace] GC(75) Metaspace: 16M used, 16M committed, 1088M reserved
[59.966s][info][gc,ref      ] GC(75) Soft: 171 encountered, 0 discovered, 0 enqueued
[59.966s][info][gc,ref      ] GC(75) Weak: 968 encountered, 57 discovered, 0 enqueued
[59.966s][info][gc,ref      ] GC(75) Final: 0 encountered, 0 discovered, 0 enqueued
[59.966s][info][gc,ref      ] GC(75) Phantom: 35 encountered, 32 discovered, 0 enqueued
[59.966s][info][gc,reloc    ] GC(75) Small Pages: 422 / 844M, Empty: 18M, Relocated: 31M, In-Place: 0
[59.966s][info][gc,reloc    ] GC(75) Medium Pages: 0 / 0M, Empty: 0M, Relocated: 0M, In-Place: 0
[59.966s][info][gc,reloc    ] GC(75) Large Pages: 2 / 12M, Empty: 6M, Relocated: 0M, In-Place: 0
[59.966s][info][gc,reloc    ] GC(75) Forwarding Usage: 11M
[59.966s][info][gc,heap     ] GC(75) Min Capacity: 8M(0%)
[59.966s][info][gc,heap     ] GC(75) Max Capacity: 2048M(100%)
[59.966s][info][gc,heap     ] GC(75) Soft Max Capacity: 2048M(100%)
[59.966s][info][gc,heap     ] GC(75)                Mark Start          Mark End        Relocate Start      Relocate End           High               Low         
[59.966s][info][gc,heap     ] GC(75)  Capacity:     2048M (100%)       2048M (100%)       2048M (100%)       2048M (100%)       2048M (100%)       2048M (100%)   
[59.966s][info][gc,heap     ] GC(75)      Free:     1192M (58%)        1074M (52%)        1086M (53%)        1236M (60%)        1236M (60%)        1062M (52%)    
[59.966s][info][gc,heap     ] GC(75)      Used:      856M (42%)         974M (48%)         962M (47%)         812M (40%)         986M (48%)         812M (40%)    
[59.966s][info][gc,heap     ] GC(75)      Live:         -               608M (30%)         608M (30%)         608M (30%)            -                  -          
[59.966s][info][gc,heap     ] GC(75) Allocated:         -               118M (6%)          130M (6%)          133M (7%)             -                  -          
[59.966s][info][gc,heap     ] GC(75)   Garbage:         -               247M (12%)         223M (11%)          69M (3%)             -                  -          
[59.966s][info][gc,heap     ] GC(75) Reclaimed:         -                  -                24M (1%)          177M (9%)             -                  -          
[59.966s][info][gc          ] GC(75) Garbage Collection (Allocation Rate) 856M(42%)->812M(40%)
[60.145s][info][gc,stats    ] === Garbage Collection Statistics =======================================================================================================================
[60.145s][info][gc,stats    ]                                                              Last 10s              Last 10m              Last 10h                Total
[60.145s][info][gc,stats    ]                                                              Avg / Max             Avg / Max             Avg / Max             Avg / Max
[60.145s][info][gc,stats    ]   Collector: Garbage Collection Cycle                    178.039 / 298.441     159.276 / 310.643     159.276 / 310.643     159.276 / 310.643     ms
[60.145s][info][gc,stats    ]  Contention: Mark Segment Reset Contention                     5 / 15                5 / 54                5 / 54                5 / 54          ops/s
[60.145s][info][gc,stats    ]  Contention: Mark SeqNum Reset Contention                      0 / 3                 0 / 9                 0 / 9                 0 / 9           ops/s
[60.145s][info][gc,stats    ]    Critical: Allocation Stall                                  4 / 48                0 / 48                0 / 48                0 / 48          ops/s
[60.145s][info][gc,stats    ]    Critical: Allocation Stall                             18.603 / 19.219       18.603 / 19.219       18.603 / 19.219       18.603 / 19.219      ms
[60.145s][info][gc,stats    ]    Critical: GC Locker Stall                                   0 / 0                 0 / 0                 0 / 0                 0 / 0           ops/s
[60.145s][info][gc,stats    ]    Critical: GC Locker Stall                               0.000 / 0.000         0.000 / 0.000         0.000 / 0.000         0.000 / 0.000       ms
[60.145s][info][gc,stats    ]    Critical: Relocation Stall                                  0 / 0                 0 / 0                 0 / 0                 0 / 0           ops/s
[60.145s][info][gc,stats    ]    Critical: Relocation Stall                              0.000 / 0.000         0.000 / 0.000         0.000 / 0.000         0.000 / 0.000       ms
[60.145s][info][gc,stats    ]      Memory: Allocation Rate                                 893 / 5930            636 / 5930            636 / 5930            636 / 5930        MB/s
[60.145s][info][gc,stats    ]      Memory: Defragment                                        0 / 0                 0 / 0                 0 / 0                 0 / 0           ops/s
[60.146s][info][gc,stats    ]      Memory: Out Of Memory                                     0 / 0                 0 / 0                 0 / 0                 0 / 0           ops/s
[60.146s][info][gc,stats    ]      Memory: Page Cache Flush                                 12 / 96                2 / 96                2 / 96                2 / 96          MB/s
[60.146s][info][gc,stats    ]      Memory: Page Cache Hit L1                               500 / 2940            343 / 2940            343 / 2940            343 / 2940        ops/s
[60.146s][info][gc,stats    ]      Memory: Page Cache Hit L2                                 0 / 0                 0 / 0                 0 / 0                 0 / 0           ops/s
[60.146s][info][gc,stats    ]      Memory: Page Cache Hit L3                                 8 / 82               17 / 438              17 / 438              17 / 438         ops/s
[60.146s][info][gc,stats    ]      Memory: Page Cache Miss                                   0 / 3                 0 / 3                 0 / 3                 0 / 3           ops/s
[60.146s][info][gc,stats    ]      Memory: Uncommit                                          0 / 0                 0 / 0                 0 / 0                 0 / 0           MB/s
[60.146s][info][gc,stats    ]      Memory: Undo Object Allocation Failed                    20 / 194              16 / 297              16 / 297              16 / 297         ops/s
[60.146s][info][gc,stats    ]      Memory: Undo Object Allocation Succeeded                  3 / 21                4 / 147               4 / 147               4 / 147         ops/s
[60.146s][info][gc,stats    ]      Memory: Undo Page Allocation                             65 / 639              42 / 639              42 / 639              42 / 639         ops/s
[60.146s][info][gc,stats    ]       Phase: Concurrent Mark                             112.600 / 234.000     103.104 / 234.059     103.104 / 234.059     103.104 / 234.059     ms
[60.146s][info][gc,stats    ]       Phase: Concurrent Mark Continue                      0.000 / 0.000         0.000 / 0.000         0.000 / 0.000         0.000 / 0.000       ms
[60.146s][info][gc,stats    ]       Phase: Concurrent Mark Free                          0.001 / 0.004         0.001 / 0.006         0.001 / 0.006         0.001 / 0.006       ms
[60.146s][info][gc,stats    ]       Phase: Concurrent Process Non-Strong References      1.407 / 6.923         2.469 / 27.626        2.469 / 27.626        2.469 / 27.626      ms
[60.146s][info][gc,stats    ]       Phase: Concurrent Relocate                          21.262 / 68.911       17.532 / 87.199       17.532 / 87.199       17.532 / 87.199      ms
[60.146s][info][gc,stats    ]       Phase: Concurrent Reset Relocation Set               0.020 / 0.074         0.020 / 0.096         0.020 / 0.096         0.020 / 0.096       ms
[60.146s][info][gc,stats    ]       Phase: Concurrent Select Relocation Set             20.014 / 47.174       16.379 / 66.382       16.379 / 66.382       16.379 / 66.382      ms
[60.146s][info][gc,stats    ]       Phase: Pause Mark End                                0.019 / 0.024         0.019 / 0.027         0.019 / 0.027         0.019 / 0.027       ms
[60.146s][info][gc,stats    ]       Phase: Pause Mark Start                              0.017 / 0.030         0.014 / 0.030         0.014 / 0.030         0.014 / 0.030       ms
[60.146s][info][gc,stats    ]       Phase: Pause Relocate Start                          0.008 / 0.012         0.008 / 0.017         0.008 / 0.017         0.008 / 0.017       ms
[60.146s][info][gc,stats    ]    Subphase: Concurrent Classes Purge                      0.199 / 2.368         0.172 / 3.083         0.172 / 3.083         0.172 / 3.083       ms
[60.146s][info][gc,stats    ]    Subphase: Concurrent Classes Unlink                     0.778 / 5.906         1.025 / 24.520        1.025 / 24.520        1.025 / 24.520      ms
[60.146s][info][gc,stats    ]    Subphase: Concurrent Mark                             110.707 / 232.605      99.117 / 233.096      99.117 / 233.096      99.117 / 233.096     ms
[60.146s][info][gc,stats    ]    Subphase: Concurrent Mark Try Flush                     1.955 / 15.663        2.720 / 31.222        2.720 / 31.222        2.720 / 31.222      ms
[60.146s][info][gc,stats    ]    Subphase: Concurrent Mark Try Terminate                 9.786 / 16.119       10.187 / 16.684       10.187 / 16.684       10.187 / 16.684      ms
[60.147s][info][gc,stats    ]    Subphase: Concurrent References Enqueue                 0.001 / 0.004         0.001 / 0.004         0.001 / 0.004         0.001 / 0.004       ms
[60.147s][info][gc,stats    ]    Subphase: Concurrent References Process                 0.059 / 0.342         0.068 / 0.600         0.068 / 0.600         0.068 / 0.600       ms
[60.147s][info][gc,stats    ]    Subphase: Concurrent Roots ClassLoaderDataGraph         0.054 / 0.982         0.053 / 1.098         0.053 / 1.098         0.053 / 1.098       ms
[60.147s][info][gc,stats    ]    Subphase: Concurrent Roots CodeCache                    0.000 / 0.000         0.000 / 0.000         0.000 / 0.000         0.000 / 0.000       ms
[60.147s][info][gc,stats    ]    Subphase: Concurrent Roots JavaThreads                  0.691 / 1.296         1.054 / 17.879        1.054 / 17.879        1.054 / 17.879      ms
[60.147s][info][gc,stats    ]    Subphase: Concurrent Roots OopStorageSet                0.016 / 0.122         0.022 / 0.569         0.022 / 0.569         0.022 / 0.569       ms
[60.147s][info][gc,stats    ]    Subphase: Concurrent Weak Roots OopStorageSet           0.125 / 0.300         0.103 / 0.300         0.103 / 0.300         0.103 / 0.300       ms
[60.147s][info][gc,stats    ]    Subphase: Pause Mark Try Complete                       0.000 / 0.000         0.000 / 0.000         0.000 / 0.000         0.000 / 0.000       ms
[60.147s][info][gc,stats    ]      System: Java Threads                                     69 / 75               64 / 75               64 / 75               64 / 75          threads
[60.147s][info][gc,stats    ] =========================================================================================================================================================
[60.637s][info][gc,start    ] GC(76) Garbage Collection (Allocation Rate)
[60.637s][info][gc,task     ] GC(76) Using 12 workers
[60.637s][info][gc,phases   ] GC(76) Pause Mark Start 0.017ms
[60.746s][info][gc,phases   ] GC(76) Concurrent Mark 108.933ms
[60.746s][info][gc,phases   ] GC(76) Pause Mark End 0.017ms
[60.746s][info][gc,phases   ] GC(76) Concurrent Mark Free 0.001ms
[60.747s][info][gc,phases   ] GC(76) Concurrent Process Non-Strong References 0.365ms
[60.747s][info][gc,phases   ] GC(76) Concurrent Reset Relocation Set 0.012ms
[60.750s][info][gc,phases   ] GC(76) Concurrent Select Relocation Set 3.023ms
[60.750s][info][gc,phases   ] GC(76) Pause Relocate Start 0.005ms
[60.755s][info][gc,phases   ] GC(76) Concurrent Relocate 5.135ms
[60.755s][info][gc,load     ] GC(76) Load: 0.00/0.00/0.00
[60.755s][info][gc,mmu      ] GC(76) MMU: 2ms/98.5%, 5ms/99.4%, 10ms/99.7%, 20ms/99.8%, 50ms/99.9%, 100ms/99.9%
[60.755s][info][gc,marking  ] GC(76) Mark: 8 stripe(s), 2 proactive flush(es), 1 terminate flush(es), 0 completion(s), 0 continuation(s) 
[60.755s][info][gc,marking  ] GC(76) Mark Stack Usage: 32M
[60.755s][info][gc,nmethod  ] GC(76) NMethods: 861 registered, 63 unregistered
[60.755s][info][gc,metaspace] GC(76) Metaspace: 16M used, 16M committed, 1088M reserved
[60.755s][info][gc,ref      ] GC(76) Soft: 171 encountered, 0 discovered, 0 enqueued
[60.755s][info][gc,ref      ] GC(76) Weak: 968 encountered, 69 discovered, 0 enqueued
[60.755s][info][gc,ref      ] GC(76) Final: 0 encountered, 0 discovered, 0 enqueued
[60.755s][info][gc,ref      ] GC(76) Phantom: 35 encountered, 20 discovered, 0 enqueued
[60.755s][info][gc,reloc    ] GC(76) Small Pages: 693 / 1386M, Empty: 104M, Relocated: 13M, In-Place: 0
[60.755s][info][gc,reloc    ] GC(76) Medium Pages: 0 / 0M, Empty: 0M, Relocated: 0M, In-Place: 0
[60.755s][info][gc,reloc    ] GC(76) Large Pages: 1 / 6M, Empty: 0M, Relocated: 0M, In-Place: 0
[60.755s][info][gc,reloc    ] GC(76) Forwarding Usage: 6M
[60.755s][info][gc,heap     ] GC(76) Min Capacity: 8M(0%)
[60.755s][info][gc,heap     ] GC(76) Max Capacity: 2048M(100%)
[60.755s][info][gc,heap     ] GC(76) Soft Max Capacity: 2048M(100%)
[60.755s][info][gc,heap     ] GC(76)                Mark Start          Mark End        Relocate Start      Relocate End           High               Low         
[60.755s][info][gc,heap     ] GC(76)  Capacity:     2048M (100%)       2048M (100%)       2048M (100%)       2048M (100%)       2048M (100%)       2048M (100%)   
[60.755s][info][gc,heap     ] GC(76)      Free:      656M (32%)         582M (28%)         686M (33%)        1370M (67%)        1370M (67%)         582M (28%)    
[60.755s][info][gc,heap     ] GC(76)      Used:     1392M (68%)        1466M (72%)        1362M (67%)         678M (33%)        1466M (72%)         678M (33%)    
[60.755s][info][gc,heap     ] GC(76)      Live:         -               505M (25%)         505M (25%)         505M (25%)            -                  -          
[60.755s][info][gc,heap     ] GC(76) Allocated:         -                74M (4%)           74M (4%)           74M (4%)             -                  -          
[60.755s][info][gc,heap     ] GC(76)   Garbage:         -               886M (43%)         782M (38%)          98M (5%)             -                  -          
[60.755s][info][gc,heap     ] GC(76) Reclaimed:         -                  -               104M (5%)          788M (38%)            -                  -          
[60.755s][info][gc          ] GC(76) Garbage Collection (Allocation Rate) 1392M(68%)->678M(33%)
[62.340s][info][gc,start    ] GC(77) Garbage Collection (System.gc())
[62.340s][info][gc,task     ] GC(77) Using 12 workers
[62.340s][info][gc,phases   ] GC(77) Pause Mark Start 0.017ms
[62.360s][info][gc,phases   ] GC(77) Concurrent Mark 20.200ms
[62.360s][info][gc,phases   ] GC(77) Pause Mark End 0.020ms
[62.361s][info][gc,phases   ] GC(77) Concurrent Mark Free 0.002ms
[62.361s][info][gc,phases   ] GC(77) Concurrent Process Non-Strong References 0.575ms
[62.361s][info][gc,phases   ] GC(77) Concurrent Reset Relocation Set 0.038ms
[62.366s][info][gc,phases   ] GC(77) Concurrent Select Relocation Set 4.428ms
[62.366s][info][gc,phases   ] GC(77) Pause Relocate Start 0.006ms
[62.368s][info][gc,phases   ] GC(77) Concurrent Relocate 2.029ms
[62.368s][info][gc,load     ] GC(77) Load: 0.00/0.00/0.00
[62.368s][info][gc,mmu      ] GC(77) MMU: 2ms/98.5%, 5ms/99.4%, 10ms/99.7%, 20ms/99.8%, 50ms/99.9%, 100ms/99.9%
[62.368s][info][gc,marking  ] GC(77) Mark: 8 stripe(s), 4 proactive flush(es), 1 terminate flush(es), 0 completion(s), 0 continuation(s) 
[62.368s][info][gc,marking  ] GC(77) Mark Stack Usage: 32M
[62.368s][info][gc,nmethod  ] GC(77) NMethods: 869 registered, 69 unregistered
[62.368s][info][gc,metaspace] GC(77) Metaspace: 16M used, 16M committed, 1088M reserved
[62.368s][info][gc,ref      ] GC(77) Soft: 171 encountered, 0 discovered, 0 enqueued
[62.368s][info][gc,ref      ] GC(77) Weak: 971 encountered, 141 discovered, 3 enqueued
[62.368s][info][gc,ref      ] GC(77) Final: 0 encountered, 0 discovered, 0 enqueued
[62.368s][info][gc,ref      ] GC(77) Phantom: 35 encountered, 32 discovered, 0 enqueued
[62.368s][info][gc,reloc    ] GC(77) Small Pages: 375 / 750M, Empty: 676M, Relocated: 8M, In-Place: 0
[62.368s][info][gc,reloc    ] GC(77) Medium Pages: 0 / 0M, Empty: 0M, Relocated: 0M, In-Place: 0
[62.368s][info][gc,reloc    ] GC(77) Large Pages: 1 / 6M, Empty: 6M, Relocated: 0M, In-Place: 0
[62.368s][info][gc,reloc    ] GC(77) Forwarding Usage: 2M
[62.368s][info][gc,heap     ] GC(77) Min Capacity: 8M(0%)
[62.368s][info][gc,heap     ] GC(77) Max Capacity: 2048M(100%)
[62.368s][info][gc,heap     ] GC(77) Soft Max Capacity: 2048M(100%)
[62.368s][info][gc,heap     ] GC(77)                Mark Start          Mark End        Relocate Start      Relocate End           High               Low         
[62.369s][info][gc,heap     ] GC(77)  Capacity:     2048M (100%)       2048M (100%)       2048M (100%)       2048M (100%)       2048M (100%)       2048M (100%)   
[62.369s][info][gc,heap     ] GC(77)      Free:     1292M (63%)        1292M (63%)        1974M (96%)        2012M (98%)        2012M (98%)        1292M (63%)    
[62.369s][info][gc,heap     ] GC(77)      Used:      756M (37%)         756M (37%)          74M (4%)           36M (2%)          756M (37%)          36M (2%)     
[62.369s][info][gc,heap     ] GC(77)      Live:         -                17M (1%)           17M (1%)           17M (1%)             -                  -          
[62.369s][info][gc,heap     ] GC(77) Allocated:         -                 0M (0%)            0M (0%)            0M (0%)             -                  -          
[62.369s][info][gc,heap     ] GC(77)   Garbage:         -               738M (36%)          56M (3%)           18M (1%)             -                  -          
[62.369s][info][gc,heap     ] GC(77) Reclaimed:         -                  -               682M (33%)         720M (35%)            -                  -          
[62.369s][info][gc          ] GC(77) Garbage Collection (System.gc()) 756M(37%)->36M(2%)
[64.143s][info][gc,start    ] GC(78) Garbage Collection (Allocation Rate)
[64.143s][info][gc,task     ] GC(78) Using 12 workers
[64.143s][info][gc,phases   ] GC(78) Pause Mark Start 0.012ms
[64.290s][info][gc          ] Allocation Stall (reactors-io-scheduler-ForkJoinPool-1-worker-15) 2.912ms
[64.290s][info][gc          ] Allocation Stall (reactors-io-scheduler-ForkJoinPool-1-worker-4) 2.918ms
[64.290s][info][gc          ] Allocation Stall (reactors-io-scheduler-ForkJoinPool-1-worker-16) 2.918ms
[64.290s][info][gc          ] Allocation Stall (reactors-io-scheduler-ForkJoinPool-1-worker-32) 2.812ms
[64.290s][info][gc          ] Allocation Stall (reactors-io-scheduler-ForkJoinPool-1-worker-1) 2.925ms
[64.290s][info][gc          ] Allocation Stall (reactors-io-scheduler-ForkJoinPool-1-worker-39) 2.505ms
[64.290s][info][gc          ] Allocation Stall (reactors-io-scheduler-ForkJoinPool-1-worker-10) 2.485ms
[64.290s][info][gc          ] Allocation Stall (reactors-io-scheduler-ForkJoinPool-1-worker-12) 2.497ms
[64.290s][info][gc          ] Allocation Stall (reactors-io-scheduler-ForkJoinPool-1-worker-26) 2.516ms
[64.290s][info][gc          ] Allocation Stall (reactors-io-scheduler-ForkJoinPool-1-worker-41) 2.547ms
[64.290s][info][gc          ] Allocation Stall (reactors-io-scheduler-ForkJoinPool-1-worker-44) 2.528ms
[64.290s][info][gc          ] Allocation Stall (reactors-io-scheduler-ForkJoinPool-1-worker-20) 2.536ms
[64.290s][info][gc          ] Allocation Stall (reactors-io-scheduler-ForkJoinPool-1-worker-48) 0.969ms
[64.290s][info][gc          ] Allocation Stall (reactors-io-scheduler-ForkJoinPool-1-worker-18) 0.781ms
[64.290s][info][gc          ] Allocation Stall (reactors-io-scheduler-ForkJoinPool-1-worker-38) 0.804ms
[64.290s][info][gc          ] Allocation Stall (reactors-io-scheduler-ForkJoinPool-1-worker-9) 0.810ms
[64.290s][info][gc          ] Allocation Stall (reactors-io-scheduler-ForkJoinPool-1-worker-3) 0.815ms
[64.290s][info][gc          ] Allocation Stall (reactors-io-scheduler-ForkJoinPool-1-worker-40) 0.806ms
[64.291s][info][gc          ] Allocation Stall (reactors-io-scheduler-ForkJoinPool-1-worker-25) 0.827ms
[64.291s][info][gc          ] Allocation Stall (reactors-io-scheduler-ForkJoinPool-1-worker-22) 0.828ms
[64.291s][info][gc          ] Allocation Stall (reactors-io-scheduler-ForkJoinPool-1-worker-8) 0.845ms
[64.291s][info][gc          ] Allocation Stall (reactors-io-scheduler-ForkJoinPool-1-worker-31) 0.823ms
[64.291s][info][gc          ] Allocation Stall (reactors-io-scheduler-ForkJoinPool-1-worker-42) 0.850ms
[64.291s][info][gc          ] Allocation Stall (reactors-io-scheduler-ForkJoinPool-1-worker-7) 0.877ms
[64.291s][info][gc          ] Allocation Stall (reactors-io-scheduler-ForkJoinPool-1-worker-46) 0.895ms
[64.291s][info][gc          ] Allocation Stall (reactors-io-scheduler-ForkJoinPool-1-worker-24) 0.924ms
[64.291s][info][gc          ] Allocation Stall (reactors-io-scheduler-ForkJoinPool-1-worker-29) 0.950ms
[64.291s][info][gc          ] Allocation Stall (reactors-io-scheduler-ForkJoinPool-1-worker-5) 0.967ms
[64.346s][info][gc,phases   ] GC(78) Concurrent Mark 124.912ms
[64.346s][info][gc,phases   ] GC(78) Pause Mark End 0.018ms
[64.346s][info][gc,phases   ] GC(78) Concurrent Mark Free 0.001ms
[64.347s][info][gc,phases   ] GC(78) Concurrent Process Non-Strong References 0.499ms
[64.347s][info][gc,phases   ] GC(78) Concurrent Reset Relocation Set 0.004ms
[64.347s][info][gc          ] Allocation Stall (reactors-io-scheduler-ForkJoinPool-1-worker-43) 26.354ms
[64.347s][info][gc          ] Allocation Stall (reactors-io-scheduler-ForkJoinPool-1-worker-9) 25.542ms
[64.347s][info][gc          ] Allocation Stall (reactors-io-scheduler-ForkJoinPool-1-worker-3) 25.469ms
[64.347s][info][gc          ] Allocation Stall (reactors-io-scheduler-ForkJoinPool-1-worker-48) 25.586ms
[64.347s][info][gc          ] Allocation Stall (reactors-io-scheduler-ForkJoinPool-1-worker-16) 27.017ms
[64.347s][info][gc          ] Allocation Stall (reactors-io-scheduler-ForkJoinPool-1-worker-22) 26.333ms
[64.347s][info][gc          ] Allocation Stall (reactors-io-scheduler-ForkJoinPool-1-worker-13) 28.250ms
[64.347s][info][gc          ] Allocation Stall (reactors-io-scheduler-ForkJoinPool-1-worker-46) 26.200ms
[64.347s][info][gc          ] Allocation Stall (reactors-io-scheduler-ForkJoinPool-1-worker-5) 26.576ms
[64.347s][info][gc          ] Allocation Stall (reactors-io-scheduler-ForkJoinPool-1-worker-11) 28.255ms
[64.347s][info][gc          ] Allocation Stall (reactors-io-scheduler-ForkJoinPool-1-worker-31) 26.906ms
[64.347s][info][gc          ] Allocation Stall (reactors-io-scheduler-ForkJoinPool-1-worker-14) 26.206ms
[64.347s][info][gc          ] Allocation Stall (reactors-io-scheduler-ForkJoinPool-1-worker-35) 28.101ms
[64.347s][info][gc          ] Allocation Stall (reactors-io-scheduler-ForkJoinPool-1-worker-40) 25.495ms
[64.347s][info][gc          ] Allocation Stall (reactors-io-scheduler-ForkJoinPool-1-worker-20) 26.369ms
[64.347s][info][gc          ] Allocation Stall (reactors-io-scheduler-ForkJoinPool-1-worker-21) 26.711ms
[64.347s][info][gc          ] Allocation Stall (reactors-io-scheduler-ForkJoinPool-1-worker-24) 25.738ms
[64.347s][info][gc          ] Allocation Stall (reactors-io-scheduler-ForkJoinPool-1-worker-29) 28.625ms
[64.347s][info][gc          ] Allocation Stall (reactors-io-scheduler-ForkJoinPool-1-worker-10) 25.965ms
[64.347s][info][gc          ] Allocation Stall (reactors-io-scheduler-ForkJoinPool-1-worker-18) 25.941ms
[64.347s][info][gc          ] Allocation Stall (reactors-io-scheduler-ForkJoinPool-1-worker-26) 26.226ms
[64.347s][info][gc          ] Allocation Stall (reactors-io-scheduler-ForkJoinPool-1-worker-25) 26.531ms
[64.347s][info][gc          ] Allocation Stall (reactors-io-scheduler-ForkJoinPool-1-worker-39) 26.445ms
[64.347s][info][gc          ] Allocation Stall (reactors-io-scheduler-ForkJoinPool-1-worker-36) 25.629ms
[64.347s][info][gc          ] Allocation Stall (reactors-io-scheduler-ForkJoinPool-1-worker-34) 26.030ms
[64.347s][info][gc          ] Allocation Stall (reactors-io-scheduler-ForkJoinPool-1-worker-8) 25.905ms
[64.347s][info][gc          ] Allocation Stall (reactors-io-scheduler-ForkJoinPool-1-worker-28) 28.567ms
[64.347s][info][gc          ] Allocation Stall (reactors-io-scheduler-ForkJoinPool-1-worker-6) 26.579ms
[64.347s][info][gc          ] Allocation Stall (reactors-io-scheduler-ForkJoinPool-1-worker-41) 32.099ms
[64.347s][info][gc          ] Allocation Stall (reactors-io-scheduler-ForkJoinPool-1-worker-32) 25.493ms
[64.347s][info][gc          ] Allocation Stall (reactors-io-scheduler-ForkJoinPool-1-worker-38) 28.945ms
[64.347s][info][gc          ] Allocation Stall (reactors-io-scheduler-ForkJoinPool-1-worker-27) 29.316ms
[64.347s][info][gc          ] Allocation Stall (reactors-io-scheduler-ForkJoinPool-1-worker-15) 26.738ms
[64.347s][info][gc          ] Allocation Stall (reactors-io-scheduler-ForkJoinPool-1-worker-33) 26.700ms
[64.347s][info][gc          ] Allocation Stall (reactors-io-scheduler-ForkJoinPool-1-worker-42) 26.564ms
[64.347s][info][gc          ] Allocation Stall (reactors-io-scheduler-ForkJoinPool-1-worker-12) 32.215ms
[64.347s][info][gc          ] Allocation Stall (reactors-io-scheduler-ForkJoinPool-1-worker-47) 27.506ms
[64.347s][info][gc          ] Allocation Stall (reactors-io-scheduler-ForkJoinPool-1-worker-17) 26.634ms
[64.347s][info][gc          ] Allocation Stall (reactors-io-scheduler-ForkJoinPool-1-worker-7) 26.892ms
[64.347s][info][gc          ] Allocation Stall (reactors-io-scheduler-ForkJoinPool-1-worker-4) 28.627ms
[64.347s][info][gc          ] Allocation Stall (reactors-io-scheduler-ForkJoinPool-1-worker-44) 32.476ms
[64.347s][info][gc          ] Allocation Stall (reactors-io-scheduler-ForkJoinPool-1-worker-37) 26.907ms
[64.347s][info][gc          ] Allocation Stall (reactors-io-scheduler-ForkJoinPool-1-worker-2) 26.459ms
[64.347s][info][gc          ] Allocation Stall (reactors-io-scheduler-ForkJoinPool-1-worker-1) 27.022ms
[64.347s][info][gc          ] Allocation Stall (reactors-io-scheduler-ForkJoinPool-1-worker-30) 27.307ms
[64.347s][info][gc          ] Allocation Stall (reactors-io-scheduler-ForkJoinPool-1-worker-19) 26.990ms
[64.347s][info][gc          ] Allocation Stall (reactors-io-scheduler-ForkJoinPool-1-worker-23) 27.136ms
[64.347s][info][gc          ] Allocation Stall (reactors-io-scheduler-ForkJoinPool-1-worker-45) 25.742ms
[64.358s][info][gc,phases   ] GC(78) Concurrent Select Relocation Set 11.126ms
[64.358s][info][gc,phases   ] GC(78) Pause Relocate Start 0.009ms
[64.362s][info][gc,phases   ] GC(78) Concurrent Relocate 3.705ms
[64.362s][info][gc,load     ] GC(78) Load: 0.00/0.00/0.00
[64.362s][info][gc,mmu      ] GC(78) MMU: 2ms/98.5%, 5ms/99.4%, 10ms/99.7%, 20ms/99.8%, 50ms/99.9%, 100ms/99.9%
[64.362s][info][gc,marking  ] GC(78) Mark: 8 stripe(s), 3 proactive flush(es), 1 terminate flush(es), 0 completion(s), 0 continuation(s) 
[64.362s][info][gc,marking  ] GC(78) Mark Stack Usage: 32M
[64.362s][info][gc,nmethod  ] GC(78) NMethods: 878 registered, 79 unregistered
[64.362s][info][gc,metaspace] GC(78) Metaspace: 16M used, 16M committed, 1088M reserved
[64.362s][info][gc,ref      ] GC(78) Soft: 171 encountered, 0 discovered, 0 enqueued
[64.362s][info][gc,ref      ] GC(78) Weak: 979 encountered, 83 discovered, 3 enqueued
[64.362s][info][gc,ref      ] GC(78) Final: 0 encountered, 0 discovered, 0 enqueued
[64.362s][info][gc,ref      ] GC(78) Phantom: 35 encountered, 32 discovered, 0 enqueued
[64.362s][info][gc,reloc    ] GC(78) Small Pages: 617 / 1234M, Empty: 874M, Relocated: 8M, In-Place: 0
[64.362s][info][gc,reloc    ] GC(78) Medium Pages: 0 / 0M, Empty: 0M, Relocated: 0M, In-Place: 0
[64.362s][info][gc,reloc    ] GC(78) Large Pages: 0 / 0M, Empty: 0M, Relocated: 0M, In-Place: 0
[64.362s][info][gc,reloc    ] GC(78) Forwarding Usage: 2M
[64.362s][info][gc,heap     ] GC(78) Min Capacity: 8M(0%)
[64.362s][info][gc,heap     ] GC(78) Max Capacity: 2048M(100%)
[64.362s][info][gc,heap     ] GC(78) Soft Max Capacity: 2048M(100%)
[64.362s][info][gc,heap     ] GC(78)                Mark Start          Mark End        Relocate Start      Relocate End           High               Low         
[64.362s][info][gc,heap     ] GC(78)  Capacity:     2048M (100%)       2048M (100%)       2048M (100%)       2048M (100%)       2048M (100%)       2048M (100%)   
[64.362s][info][gc,heap     ] GC(78)      Free:      814M (40%)           0M (0%)          770M (38%)        1076M (53%)        1076M (53%)           0M (0%)     
[64.362s][info][gc,heap     ] GC(78)      Used:     1234M (60%)        2048M (100%)       1278M (62%)         972M (47%)        2048M (100%)        972M (47%)    
[64.362s][info][gc,heap     ] GC(78)      Live:         -                19M (1%)           19M (1%)           19M (1%)             -                  -          
[64.362s][info][gc,heap     ] GC(78) Allocated:         -               814M (40%)         918M (45%)         933M (46%)            -                  -          
[64.362s][info][gc,heap     ] GC(78)   Garbage:         -              1214M (59%)         340M (17%)          19M (1%)             -                  -          
[64.363s][info][gc,heap     ] GC(78) Reclaimed:         -                  -               874M (43%)        1195M (58%)            -                  -          
[64.363s][info][gc          ] GC(78) Garbage Collection (Allocation Rate) 1234M(60%)->972M(47%)
[64.440s][info][gc,start    ] GC(79) Garbage Collection (Allocation Stall)
[64.440s][info][gc,ref      ] GC(79) Clearing All SoftReferences
[64.440s][info][gc,task     ] GC(79) Using 12 workers
[64.440s][info][gc,ref      ] GC(79) Clearing All SoftReferences
[64.440s][info][gc,phases   ] GC(79) Pause Mark Start 0.029ms
[64.572s][info][gc,phases   ] GC(79) Concurrent Mark 35.703ms
[64.572s][info][gc,phases   ] GC(79) Pause Mark End 0.020ms
[64.572s][info][gc,phases   ] GC(79) Concurrent Mark Free 0.001ms
[64.572s][info][gc,phases   ] GC(79) Concurrent Process Non-Strong References 0.381ms
[64.572s][info][gc,phases   ] GC(79) Concurrent Reset Relocation Set 0.022ms
[64.573s][info][gc          ] Allocation Stall (reactors-io-scheduler-ForkJoinPool-1-worker-26) 13.777ms
[64.573s][info][gc          ] Allocation Stall (reactors-io-scheduler-ForkJoinPool-1-worker-38) 13.896ms
[64.573s][info][gc          ] Allocation Stall (reactors-io-scheduler-ForkJoinPool-1-worker-33) 13.863ms
[64.573s][info][gc          ] Allocation Stall (reactors-io-scheduler-ForkJoinPool-1-worker-32) 13.723ms
[64.573s][info][gc          ] Allocation Stall (reactors-io-scheduler-ForkJoinPool-1-worker-6) 13.799ms
[64.573s][info][gc          ] Allocation Stall (reactors-io-scheduler-ForkJoinPool-1-worker-8) 13.717ms
[64.573s][info][gc          ] Allocation Stall (reactors-io-scheduler-ForkJoinPool-1-worker-35) 13.800ms
[64.573s][info][gc          ] Allocation Stall (reactors-io-scheduler-ForkJoinPool-1-worker-13) 13.854ms
[64.573s][info][gc          ] Allocation Stall (reactors-io-scheduler-ForkJoinPool-1-worker-20) 14.426ms
[64.573s][info][gc          ] Allocation Stall (reactors-io-scheduler-ForkJoinPool-1-worker-18) 14.578ms
[64.573s][info][gc          ] Allocation Stall (reactors-io-scheduler-ForkJoinPool-1-worker-10) 14.050ms
[64.573s][info][gc          ] Allocation Stall (reactors-io-scheduler-ForkJoinPool-1-worker-1) 13.867ms
[64.573s][info][gc          ] Allocation Stall (reactors-io-scheduler-ForkJoinPool-1-worker-7) 14.185ms
[64.573s][info][gc          ] Allocation Stall (reactors-io-scheduler-ForkJoinPool-1-worker-36) 14.024ms
[64.573s][info][gc          ] Allocation Stall (reactors-io-scheduler-ForkJoinPool-1-worker-48) 14.149ms
[64.573s][info][gc          ] Allocation Stall (reactors-io-scheduler-ForkJoinPool-1-worker-43) 14.183ms
[64.573s][info][gc          ] Allocation Stall (reactors-io-scheduler-ForkJoinPool-1-worker-14) 14.620ms
[64.573s][info][gc          ] Allocation Stall (reactors-io-scheduler-reanimator) 14.612ms
[64.573s][info][gc          ] Allocation Stall (reactors-io-scheduler-ForkJoinPool-1-worker-15) 14.592ms
[64.573s][info][gc          ] Allocation Stall (reactors-io-scheduler-ForkJoinPool-1-worker-24) 14.444ms
[64.573s][info][gc          ] Allocation Stall (reactors-io-scheduler-ForkJoinPool-1-worker-37) 14.744ms
[64.573s][info][gc          ] Allocation Stall (reactors-io-scheduler-ForkJoinPool-1-worker-17) 14.778ms
[64.573s][info][gc          ] Allocation Stall (reactors-io-scheduler-ForkJoinPool-1-worker-12) 14.590ms
[64.573s][info][gc          ] Allocation Stall (reactors-io-scheduler-ForkJoinPool-1-worker-3) 14.685ms
[64.573s][info][gc          ] Allocation Stall (reactors-io-scheduler-ForkJoinPool-1-worker-22) 13.779ms
[64.573s][info][gc          ] Allocation Stall (reactors-io-scheduler-ForkJoinPool-1-worker-42) 14.125ms
[64.573s][info][gc          ] Allocation Stall (reactors-io-scheduler-ForkJoinPool-1-worker-47) 13.952ms
[64.573s][info][gc          ] Allocation Stall (reactors-io-scheduler-ForkJoinPool-1-worker-23) 14.802ms
[64.573s][info][gc          ] Allocation Stall (reactors-io-scheduler-ForkJoinPool-1-worker-29) 14.374ms
[64.573s][info][gc          ] Allocation Stall (reactors-io-scheduler-ForkJoinPool-1-worker-31) 14.038ms
[64.573s][info][gc          ] Allocation Stall (reactors-io-scheduler-ForkJoinPool-1-worker-28) 14.055ms
[64.573s][info][gc          ] Allocation Stall (reactors-io-scheduler-ForkJoinPool-1-worker-19) 13.810ms
[64.573s][info][gc          ] Allocation Stall (reactors-io-scheduler-ForkJoinPool-1-worker-46) 13.955ms
[64.573s][info][gc          ] Allocation Stall (reactors-io-scheduler-ForkJoinPool-1-worker-9) 14.218ms
[64.573s][info][gc          ] Allocation Stall (reactors-io-scheduler-ForkJoinPool-1-worker-2) 13.936ms
[64.573s][info][gc          ] Allocation Stall (reactors-io-scheduler-ForkJoinPool-1-worker-34) 13.929ms
[64.573s][info][gc          ] Allocation Stall (reactors-io-scheduler-ForkJoinPool-1-worker-4) 14.089ms
[64.573s][info][gc          ] Allocation Stall (reactors-io-scheduler-ForkJoinPool-1-worker-27) 13.905ms
[64.573s][info][gc          ] Allocation Stall (reactors-io-scheduler-ForkJoinPool-1-worker-40) 14.111ms
[64.573s][info][gc          ] Allocation Stall (reactors-io-scheduler-ForkJoinPool-1-worker-25) 13.803ms
[64.573s][info][gc          ] Allocation Stall (reactors-io-scheduler-ForkJoinPool-1-worker-21) 14.543ms
[64.573s][info][gc          ] Allocation Stall (reactors-io-scheduler-ForkJoinPool-1-worker-16) 14.251ms
[64.573s][info][gc          ] Allocation Stall (reactors-io-scheduler-ForkJoinPool-1-worker-5) 13.884ms
[64.573s][info][gc          ] Allocation Stall (reactors-io-scheduler-ForkJoinPool-1-worker-39) 14.091ms
[64.573s][info][gc          ] Allocation Stall (reactors-io-scheduler-ForkJoinPool-1-worker-45) 14.859ms
[64.573s][info][gc          ] Allocation Stall (reactors-io-scheduler-ForkJoinPool-1-worker-30) 14.092ms
[64.573s][info][gc          ] Allocation Stall (reactors-io-scheduler-ForkJoinPool-1-worker-44) 14.113ms
[64.573s][info][gc          ] Allocation Stall (reactors-io-scheduler-ForkJoinPool-1-worker-41) 13.978ms
[64.573s][info][gc          ] Allocation Stall (reactors-io-scheduler-ForkJoinPool-1-worker-11) 14.076ms
[64.584s][info][gc,phases   ] GC(79) Concurrent Select Relocation Set 11.873ms
[64.584s][info][gc,phases   ] GC(79) Pause Relocate Start 0.011ms
[64.590s][info][gc,phases   ] GC(79) Concurrent Relocate 3.717ms
[64.590s][info][gc,load     ] GC(79) Load: 0.00/0.00/0.00
[64.590s][info][gc,mmu      ] GC(79) MMU: 2ms/98.5%, 5ms/99.4%, 10ms/99.7%, 20ms/99.8%, 50ms/99.9%, 100ms/99.9%
[64.590s][info][gc,marking  ] GC(79) Mark: 8 stripe(s), 2 proactive flush(es), 1 terminate flush(es), 0 completion(s), 0 continuation(s) 
[64.590s][info][gc,marking  ] GC(79) Mark Stack Usage: 32M
[64.590s][info][gc,nmethod  ] GC(79) NMethods: 878 registered, 79 unregistered
[64.590s][info][gc,metaspace] GC(79) Metaspace: 16M used, 16M committed, 1088M reserved
[64.590s][info][gc,ref      ] GC(79) Soft: 171 encountered, 27 discovered, 0 enqueued
[64.590s][info][gc,ref      ] GC(79) Weak: 976 encountered, 170 discovered, 0 enqueued
[64.590s][info][gc,ref      ] GC(79) Final: 0 encountered, 0 discovered, 0 enqueued
[64.590s][info][gc,ref      ] GC(79) Phantom: 35 encountered, 17 discovered, 0 enqueued
[64.590s][info][gc,reloc    ] GC(79) Small Pages: 699 / 1398M, Empty: 1020M, Relocated: 8M, In-Place: 0
[64.590s][info][gc,reloc    ] GC(79) Medium Pages: 0 / 0M, Empty: 0M, Relocated: 0M, In-Place: 0
[64.590s][info][gc,reloc    ] GC(79) Large Pages: 0 / 0M, Empty: 0M, Relocated: 0M, In-Place: 0
[64.590s][info][gc,reloc    ] GC(79) Forwarding Usage: 2M
[64.590s][info][gc,heap     ] GC(79) Min Capacity: 8M(0%)
[64.590s][info][gc,heap     ] GC(79) Max Capacity: 2048M(100%)
[64.590s][info][gc,heap     ] GC(79) Soft Max Capacity: 2048M(100%)
[64.590s][info][gc,heap     ] GC(79)                Mark Start          Mark End        Relocate Start      Relocate End           High               Low         
[64.590s][info][gc,heap     ] GC(79)  Capacity:     2048M (100%)       2048M (100%)       2048M (100%)       2048M (100%)       2048M (100%)       2048M (100%)   
[64.590s][info][gc,heap     ] GC(79)      Free:      650M (32%)           0M (0%)          950M (46%)        1268M (62%)        1268M (62%)           0M (0%)     
[64.590s][info][gc,heap     ] GC(79)      Used:     1398M (68%)        2048M (100%)       1098M (54%)         780M (38%)        2048M (100%)        780M (38%)    
[64.590s][info][gc,heap     ] GC(79)      Live:         -                19M (1%)           19M (1%)           19M (1%)             -                  -          
[64.590s][info][gc,heap     ] GC(79) Allocated:         -               650M (32%)         720M (35%)         741M (36%)            -                  -          
[64.590s][info][gc,heap     ] GC(79)   Garbage:         -              1378M (67%)         358M (18%)          19M (1%)             -                  -          
[64.590s][info][gc,heap     ] GC(79) Reclaimed:         -                  -              1020M (50%)        1359M (66%)            -                  -          
[64.590s][info][gc          ] GC(79) Garbage Collection (Allocation Stall) 1398M(68%)->780M(38%)
[64.634s][info][gc,start    ] GC(80) Garbage Collection (Allocation Stall)
[64.634s][info][gc,ref      ] GC(80) Clearing All SoftReferences
[64.634s][info][gc,task     ] GC(80) Using 12 workers
[64.635s][info][gc,ref      ] GC(80) Clearing All SoftReferences
[64.635s][info][gc,phases   ] GC(80) Pause Mark Start 0.025ms
[64.806s][info][gc,phases   ] GC(80) Concurrent Mark 62.434ms
[64.806s][info][gc,phases   ] GC(80) Pause Mark End 0.020ms
[64.864s][info][gc,phases   ] GC(80) Concurrent Mark Free 0.003ms
[64.865s][info][gc,phases   ] GC(80) Concurrent Process Non-Strong References 0.754ms
[64.865s][info][gc,phases   ] GC(80) Concurrent Reset Relocation Set 0.027ms
[64.865s][info][gc          ] Allocation Stall (reactors-io-scheduler-ForkJoinPool-1-worker-37) 0.484ms
[64.865s][info][gc          ] Allocation Stall (reactors-io-scheduler-ForkJoinPool-1-worker-31) 0.510ms
[64.865s][info][gc          ] Allocation Stall (reactors-io-scheduler-ForkJoinPool-1-worker-33) 0.290ms
[64.865s][info][gc          ] Allocation Stall (reactors-io-scheduler-ForkJoinPool-1-worker-20) 0.196ms
[64.865s][info][gc          ] Allocation Stall (reactors-io-scheduler-ForkJoinPool-1-worker-47) 0.255ms
[64.865s][info][gc          ] Allocation Stall (reactors-io-scheduler-ForkJoinPool-1-worker-11) 0.455ms
[64.865s][info][gc          ] Allocation Stall (reactors-io-scheduler-ForkJoinPool-1-worker-8) 0.316ms
[64.865s][info][gc          ] Allocation Stall (reactors-io-scheduler-ForkJoinPool-1-worker-41) 0.375ms
[64.865s][info][gc          ] Allocation Stall (reactors-io-scheduler-ForkJoinPool-1-worker-4) 0.247ms
[64.865s][info][gc          ] Allocation Stall (reactors-io-scheduler-ForkJoinPool-1-worker-18) 0.337ms
[64.865s][info][gc          ] Allocation Stall (reactors-io-scheduler-ForkJoinPool-1-worker-1) 0.307ms
[64.865s][info][gc          ] Allocation Stall (reactors-io-scheduler-ForkJoinPool-1-worker-16) 0.505ms
[64.865s][info][gc          ] Allocation Stall (reactors-io-scheduler-ForkJoinPool-1-worker-29) 1.744ms
[64.865s][info][gc          ] Allocation Stall (reactors-io-scheduler-ForkJoinPool-1-worker-43) 0.522ms
[64.865s][info][gc          ] Allocation Stall (reactors-io-scheduler-ForkJoinPool-1-worker-7) 0.362ms
[64.865s][info][gc          ] Allocation Stall (reactors-io-scheduler-ForkJoinPool-1-worker-45) 0.617ms
[64.865s][info][gc          ] Allocation Stall (reactors-io-scheduler-ForkJoinPool-1-worker-32) 0.297ms
[64.865s][info][gc          ] Allocation Stall (reactors-io-scheduler-ForkJoinPool-1-worker-17) 0.322ms
[64.865s][info][gc          ] Allocation Stall (reactors-io-scheduler-ForkJoinPool-1-worker-5) 0.475ms
[64.865s][info][gc          ] Allocation Stall (reactors-io-scheduler-ForkJoinPool-1-worker-28) 0.353ms
[64.865s][info][gc          ] Allocation Stall (reactors-io-scheduler-ForkJoinPool-1-worker-42) 1.735ms
[64.865s][info][gc          ] Allocation Stall (reactors-io-scheduler-ForkJoinPool-1-worker-34) 0.466ms
[64.865s][info][gc          ] Allocation Stall (reactors-io-scheduler-ForkJoinPool-1-worker-2) 0.745ms
[64.865s][info][gc          ] Allocation Stall (reactors-io-scheduler-ForkJoinPool-1-worker-19) 0.612ms
[64.865s][info][gc          ] Allocation Stall (reactors-io-scheduler-ForkJoinPool-1-worker-23) 0.540ms
[64.865s][info][gc          ] Allocation Stall (reactors-io-scheduler-ForkJoinPool-1-worker-3) 0.860ms
[64.865s][info][gc          ] Allocation Stall (reactors-io-scheduler-ForkJoinPool-1-worker-40) 0.255ms
[64.865s][info][gc          ] Allocation Stall (reactors-io-scheduler-ForkJoinPool-1-worker-24) 0.899ms
[64.865s][info][gc          ] Allocation Stall (reactors-io-scheduler-ForkJoinPool-1-worker-6) 0.819ms
[64.865s][info][gc          ] Allocation Stall (reactors-io-scheduler-ForkJoinPool-1-worker-48) 0.398ms
[64.865s][info][gc          ] Allocation Stall (reactors-io-scheduler-ForkJoinPool-1-worker-14) 0.930ms
[64.865s][info][gc          ] Allocation Stall (reactors-io-scheduler-ForkJoinPool-1-worker-15) 0.757ms
[64.865s][info][gc          ] Allocation Stall (reactors-io-scheduler-ForkJoinPool-1-worker-27) 1.018ms
[64.865s][info][gc          ] Allocation Stall (reactors-io-scheduler-ForkJoinPool-1-worker-12) 0.780ms
[64.865s][info][gc          ] Allocation Stall (reactors-io-scheduler-ForkJoinPool-1-worker-36) 1.011ms
[64.865s][info][gc          ] Allocation Stall (reactors-io-scheduler-ForkJoinPool-1-worker-46) 0.923ms
[64.865s][info][gc          ] Allocation Stall (reactors-io-scheduler-ForkJoinPool-1-worker-10) 1.004ms
[64.865s][info][gc          ] Allocation Stall (reactors-io-scheduler-ForkJoinPool-1-worker-13) 0.762ms
[64.865s][info][gc          ] Allocation Stall (reactors-io-scheduler-ForkJoinPool-1-worker-26) 1.123ms
[64.865s][info][gc          ] Allocation Stall (reactors-io-scheduler-ForkJoinPool-1-worker-38) 0.260ms
[64.865s][info][gc          ] Allocation Stall (reactors-io-scheduler-ForkJoinPool-1-worker-9) 0.481ms
[64.865s][info][gc          ] Allocation Stall (reactors-io-scheduler-ForkJoinPool-1-worker-22) 1.015ms
[64.865s][info][gc          ] Allocation Stall (reactors-io-scheduler-ForkJoinPool-1-worker-44) 1.141ms
[64.865s][info][gc          ] Allocation Stall (reactors-io-scheduler-ForkJoinPool-1-worker-21) 1.180ms
[64.865s][info][gc          ] Allocation Stall (reactors-io-scheduler-ForkJoinPool-1-worker-35) 1.289ms
[64.865s][info][gc          ] Allocation Stall (reactors-io-scheduler-ForkJoinPool-1-worker-39) 1.228ms
[64.865s][info][gc          ] Allocation Stall (reactors-io-scheduler-ForkJoinPool-1-worker-25) 1.244ms
[64.865s][info][gc          ] Allocation Stall (reactors-io-scheduler-ForkJoinPool-1-worker-30) 1.402ms
[64.871s][info][gc,phases   ] GC(80) Concurrent Select Relocation Set 6.282ms
[64.871s][info][gc,phases   ] GC(80) Pause Relocate Start 0.008ms
[64.873s][info][gc,phases   ] GC(80) Concurrent Relocate 1.641ms
[64.873s][info][gc,load     ] GC(80) Load: 0.00/0.00/0.00
[64.873s][info][gc,mmu      ] GC(80) MMU: 2ms/98.5%, 5ms/99.4%, 10ms/99.7%, 20ms/99.8%, 50ms/99.9%, 100ms/99.9%
[64.873s][info][gc,marking  ] GC(80) Mark: 8 stripe(s), 2 proactive flush(es), 1 terminate flush(es), 0 completion(s), 0 continuation(s) 
[64.873s][info][gc,marking  ] GC(80) Mark Stack Usage: 32M
[64.873s][info][gc,nmethod  ] GC(80) NMethods: 878 registered, 79 unregistered
[64.873s][info][gc,metaspace] GC(80) Metaspace: 16M used, 16M committed, 1088M reserved
[64.873s][info][gc,ref      ] GC(80) Soft: 171 encountered, 84 discovered, 0 enqueued
[64.873s][info][gc,ref      ] GC(80) Weak: 976 encountered, 499 discovered, 0 enqueued
[64.873s][info][gc,ref      ] GC(80) Final: 0 encountered, 0 discovered, 0 enqueued
[64.873s][info][gc,ref      ] GC(80) Phantom: 35 encountered, 22 discovered, 0 enqueued
[64.873s][info][gc,reloc    ] GC(80) Small Pages: 496 / 992M, Empty: 734M, Relocated: 8M, In-Place: 0
[64.873s][info][gc,reloc    ] GC(80) Medium Pages: 0 / 0M, Empty: 0M, Relocated: 0M, In-Place: 0
[64.873s][info][gc,reloc    ] GC(80) Large Pages: 0 / 0M, Empty: 0M, Relocated: 0M, In-Place: 0
[64.873s][info][gc,reloc    ] GC(80) Forwarding Usage: 2M
[64.873s][info][gc,heap     ] GC(80) Min Capacity: 8M(0%)
[64.873s][info][gc,heap     ] GC(80) Max Capacity: 2048M(100%)
[64.873s][info][gc,heap     ] GC(80) Soft Max Capacity: 2048M(100%)
[64.873s][info][gc,heap     ] GC(80)                Mark Start          Mark End        Relocate Start      Relocate End           High               Low         
[64.873s][info][gc,heap     ] GC(80)  Capacity:     2048M (100%)       2048M (100%)       2048M (100%)       2048M (100%)       2048M (100%)       2048M (100%)   
[64.873s][info][gc,heap     ] GC(80)      Free:     1056M (52%)         262M (13%)         698M (34%)         886M (43%)        1056M (52%)           0M (0%)     
[64.873s][info][gc,heap     ] GC(80)      Used:      992M (48%)        1786M (87%)        1350M (66%)        1162M (57%)        2048M (100%)        992M (48%)    
[64.873s][info][gc,heap     ] GC(80)      Live:         -                18M (1%)           18M (1%)           18M (1%)             -                  -          
[64.873s][info][gc,heap     ] GC(80) Allocated:         -               794M (39%)        1092M (53%)        1123M (55%)            -                  -          
[64.873s][info][gc,heap     ] GC(80)   Garbage:         -               973M (48%)         239M (12%)          19M (1%)             -                  -          
[64.873s][info][gc,heap     ] GC(80) Reclaimed:         -                  -               734M (36%)         953M (47%)            -                  -          
[64.873s][info][gc          ] GC(80) Garbage Collection (Allocation Stall) 992M(48%)->1162M(57%)
[64.931s][info][gc,start    ] GC(81) Garbage Collection (Allocation Stall)
[64.931s][info][gc,ref      ] GC(81) Clearing All SoftReferences
[64.931s][info][gc,task     ] GC(81) Using 12 workers
[64.931s][info][gc,ref      ] GC(81) Clearing All SoftReferences
[64.931s][info][gc,phases   ] GC(81) Pause Mark Start 0.095ms
[64.978s][info][gc,phases   ] GC(81) Concurrent Mark 46.357ms
[64.978s][info][gc,phases   ] GC(81) Pause Mark End 0.020ms
[64.978s][info][gc,phases   ] GC(81) Concurrent Mark Free 0.001ms
[64.979s][info][gc,phases   ] GC(81) Concurrent Process Non-Strong References 0.458ms
[64.979s][info][gc,phases   ] GC(81) Concurrent Reset Relocation Set 0.017ms
[64.987s][info][gc,phases   ] GC(81) Concurrent Select Relocation Set 8.167ms
[64.987s][info][gc,phases   ] GC(81) Pause Relocate Start 0.008ms
[64.998s][info][gc,phases   ] GC(81) Concurrent Relocate 10.996ms
[65.029s][info][gc,load     ] GC(81) Load: 0.00/0.00/0.00
[65.029s][info][gc,mmu      ] GC(81) MMU: 2ms/95.2%, 5ms/98.1%, 10ms/99.0%, 20ms/99.5%, 50ms/99.8%, 100ms/99.9%
[65.029s][info][gc,marking  ] GC(81) Mark: 8 stripe(s), 2 proactive flush(es), 1 terminate flush(es), 0 completion(s), 0 continuation(s) 
[65.029s][info][gc,marking  ] GC(81) Mark Stack Usage: 32M
[65.029s][info][gc,nmethod  ] GC(81) NMethods: 878 registered, 79 unregistered
[65.029s][info][gc,metaspace] GC(81) Metaspace: 16M used, 16M committed, 1088M reserved
[65.029s][info][gc,ref      ] GC(81) Soft: 171 encountered, 77 discovered, 0 enqueued
[65.029s][info][gc,ref      ] GC(81) Weak: 977 encountered, 136 discovered, 0 enqueued
[65.029s][info][gc,ref      ] GC(81) Final: 0 encountered, 0 discovered, 0 enqueued
[65.029s][info][gc,ref      ] GC(81) Phantom: 35 encountered, 28 discovered, 0 enqueued
[65.029s][info][gc,reloc    ] GC(81) Small Pages: 608 / 1216M, Empty: 1076M, Relocated: 29M, In-Place: 0
[65.030s][info][gc,reloc    ] GC(81) Medium Pages: 1 / 32M, Empty: 0M, Relocated: 0M, In-Place: 0
[65.030s][info][gc,reloc    ] GC(81) Large Pages: 0 / 0M, Empty: 0M, Relocated: 0M, In-Place: 0
[65.030s][info][gc,reloc    ] GC(81) Forwarding Usage: 11M
[65.030s][info][gc,heap     ] GC(81) Min Capacity: 8M(0%)
[65.030s][info][gc,heap     ] GC(81) Max Capacity: 2048M(100%)
[65.030s][info][gc,heap     ] GC(81) Soft Max Capacity: 2048M(100%)
[65.030s][info][gc,heap     ] GC(81)                Mark Start          Mark End        Relocate Start      Relocate End           High               Low         
[65.030s][info][gc,heap     ] GC(81)  Capacity:     2048M (100%)       2048M (100%)       2048M (100%)       2048M (100%)       2048M (100%)       2048M (100%)   
[65.030s][info][gc,heap     ] GC(81)      Free:      800M (39%)         732M (36%)        1796M (88%)        1820M (89%)        1822M (89%)         732M (36%)    
[65.030s][info][gc,heap     ] GC(81)      Used:     1248M (61%)        1316M (64%)         252M (12%)         228M (11%)        1316M (64%)         226M (11%)    
[65.030s][info][gc,heap     ] GC(81)      Live:         -                75M (4%)           75M (4%)           75M (4%)             -                  -          
[65.030s][info][gc,heap     ] GC(81) Allocated:         -                68M (3%)           80M (4%)           91M (4%)             -                  -          
[65.030s][info][gc,heap     ] GC(81)   Garbage:         -              1172M (57%)          96M (5%)           60M (3%)             -                  -          
[65.030s][info][gc,heap     ] GC(81) Reclaimed:         -                  -              1076M (53%)        1111M (54%)            -                  -          
[65.030s][info][gc          ] GC(81) Garbage Collection (Allocation Stall) 1248M(61%)->228M(11%)
[65.040s][info][gc,start    ] GC(82) Garbage Collection (Allocation Rate)
[65.040s][info][gc,task     ] GC(82) Using 12 workers
[65.041s][info][gc,phases   ] GC(82) Pause Mark Start 0.018ms
[65.118s][info][gc,phases   ] GC(82) Concurrent Mark 77.770ms
[65.119s][info][gc,phases   ] GC(82) Pause Mark End 0.019ms
[65.119s][info][gc,phases   ] GC(82) Concurrent Mark Free 0.001ms
[65.119s][info][gc,phases   ] GC(82) Concurrent Process Non-Strong References 0.478ms
[65.119s][info][gc,phases   ] GC(82) Concurrent Reset Relocation Set 0.006ms
[65.144s][info][gc,phases   ] GC(82) Concurrent Select Relocation Set 24.573ms
[65.144s][info][gc,phases   ] GC(82) Pause Relocate Start 0.012ms
[65.167s][info][gc,phases   ] GC(82) Concurrent Relocate 23.045ms
[65.167s][info][gc,load     ] GC(82) Load: 0.00/0.00/0.00
[65.167s][info][gc,mmu      ] GC(82) MMU: 2ms/95.2%, 5ms/98.1%, 10ms/99.0%, 20ms/99.5%, 50ms/99.8%, 100ms/99.9%
[65.167s][info][gc,marking  ] GC(82) Mark: 8 stripe(s), 2 proactive flush(es), 1 terminate flush(es), 0 completion(s), 0 continuation(s) 
[65.167s][info][gc,marking  ] GC(82) Mark Stack Usage: 32M
[65.167s][info][gc,nmethod  ] GC(82) NMethods: 878 registered, 79 unregistered
[65.167s][info][gc,metaspace] GC(82) Metaspace: 16M used, 16M committed, 1088M reserved
[65.167s][info][gc,ref      ] GC(82) Soft: 171 encountered, 0 discovered, 0 enqueued
[65.167s][info][gc,ref      ] GC(82) Weak: 977 encountered, 81 discovered, 0 enqueued
[65.167s][info][gc,ref      ] GC(82) Final: 0 encountered, 0 discovered, 0 enqueued
[65.167s][info][gc,ref      ] GC(82) Phantom: 35 encountered, 19 discovered, 0 enqueued
[65.167s][info][gc,reloc    ] GC(82) Small Pages: 128 / 256M, Empty: 0M, Relocated: 73M, In-Place: 0
[65.167s][info][gc,reloc    ] GC(82) Medium Pages: 1 / 32M, Empty: 0M, Relocated: 0M, In-Place: 0
[65.168s][info][gc,reloc    ] GC(82) Large Pages: 0 / 0M, Empty: 0M, Relocated: 0M, In-Place: 0
[65.168s][info][gc,reloc    ] GC(82) Forwarding Usage: 31M
[65.168s][info][gc,heap     ] GC(82) Min Capacity: 8M(0%)
[65.168s][info][gc,heap     ] GC(82) Max Capacity: 2048M(100%)
[65.168s][info][gc,heap     ] GC(82) Soft Max Capacity: 2048M(100%)
[65.168s][info][gc,heap     ] GC(82)                Mark Start          Mark End        Relocate Start      Relocate End           High               Low         
[65.168s][info][gc,heap     ] GC(82)  Capacity:     2048M (100%)       2048M (100%)       2048M (100%)       2048M (100%)       2048M (100%)       2048M (100%)   
[65.168s][info][gc,heap     ] GC(82)      Free:     1760M (86%)        1662M (81%)        1630M (80%)        1662M (81%)        1760M (86%)        1604M (78%)    
[65.168s][info][gc,heap     ] GC(82)      Used:      288M (14%)         386M (19%)         418M (20%)         386M (19%)         444M (22%)         288M (14%)    
[65.168s][info][gc,heap     ] GC(82)      Live:         -               166M (8%)          166M (8%)          166M (8%)             -                  -          
[65.168s][info][gc,heap     ] GC(82) Allocated:         -                98M (5%)          130M (6%)          147M (7%)             -                  -          
[65.168s][info][gc,heap     ] GC(82)   Garbage:         -               121M (6%)          121M (6%)           71M (4%)             -                  -          
[65.168s][info][gc,heap     ] GC(82) Reclaimed:         -                  -                 0M (0%)           49M (2%)             -                  -          
[65.168s][info][gc          ] GC(82) Garbage Collection (Allocation Rate) 288M(14%)->386M(19%)
[65.240s][info][gc,start    ] GC(83) Garbage Collection (Allocation Rate)
[65.240s][info][gc,task     ] GC(83) Using 12 workers
[65.240s][info][gc,phases   ] GC(83) Pause Mark Start 0.017ms
[65.349s][info][gc,phases   ] GC(83) Concurrent Mark 108.922ms
[65.349s][info][gc,phases   ] GC(83) Pause Mark End 0.019ms
[65.349s][info][gc,phases   ] GC(83) Concurrent Mark Free 0.001ms
[65.350s][info][gc,phases   ] GC(83) Concurrent Process Non-Strong References 0.334ms
[65.350s][info][gc,phases   ] GC(83) Concurrent Reset Relocation Set 0.008ms
[65.354s][info][gc,phases   ] GC(83) Concurrent Select Relocation Set 3.637ms
[65.354s][info][gc,phases   ] GC(83) Pause Relocate Start 0.007ms
[65.373s][info][gc,phases   ] GC(83) Concurrent Relocate 19.098ms
[65.373s][info][gc,load     ] GC(83) Load: 0.00/0.00/0.00
[65.373s][info][gc,mmu      ] GC(83) MMU: 2ms/95.2%, 5ms/98.1%, 10ms/99.0%, 20ms/99.5%, 50ms/99.8%, 100ms/99.9%
[65.373s][info][gc,marking  ] GC(83) Mark: 8 stripe(s), 2 proactive flush(es), 1 terminate flush(es), 0 completion(s), 0 continuation(s) 
[65.373s][info][gc,marking  ] GC(83) Mark Stack Usage: 32M
[65.373s][info][gc,nmethod  ] GC(83) NMethods: 878 registered, 79 unregistered
[65.373s][info][gc,metaspace] GC(83) Metaspace: 16M used, 16M committed, 1088M reserved
[65.373s][info][gc,ref      ] GC(83) Soft: 171 encountered, 0 discovered, 0 enqueued
[65.373s][info][gc,ref      ] GC(83) Weak: 977 encountered, 66 discovered, 0 enqueued
[65.373s][info][gc,ref      ] GC(83) Final: 0 encountered, 0 discovered, 0 enqueued
[65.373s][info][gc,ref      ] GC(83) Phantom: 35 encountered, 18 discovered, 0 enqueued
[65.373s][info][gc,reloc    ] GC(83) Small Pages: 221 / 442M, Empty: 0M, Relocated: 66M, In-Place: 0
[65.373s][info][gc,reloc    ] GC(83) Medium Pages: 1 / 32M, Empty: 0M, Relocated: 0M, In-Place: 0
[65.373s][info][gc,reloc    ] GC(83) Large Pages: 0 / 0M, Empty: 0M, Relocated: 0M, In-Place: 0
[65.373s][info][gc,reloc    ] GC(83) Forwarding Usage: 28M
[65.373s][info][gc,heap     ] GC(83) Min Capacity: 8M(0%)
[65.373s][info][gc,heap     ] GC(83) Max Capacity: 2048M(100%)
[65.373s][info][gc,heap     ] GC(83) Soft Max Capacity: 2048M(100%)
[65.373s][info][gc,heap     ] GC(83)                Mark Start          Mark End        Relocate Start      Relocate End           High               Low         
[65.373s][info][gc,heap     ] GC(83)  Capacity:     2048M (100%)       2048M (100%)       2048M (100%)       2048M (100%)       2048M (100%)       2048M (100%)   
[65.373s][info][gc,heap     ] GC(83)      Free:     1574M (77%)        1476M (72%)        1472M (72%)        1500M (73%)        1574M (77%)        1446M (71%)    
[65.373s][info][gc,heap     ] GC(83)      Used:      474M (23%)         572M (28%)         576M (28%)         548M (27%)         602M (29%)         474M (23%)    
[65.373s][info][gc,heap     ] GC(83)      Live:         -               314M (15%)         314M (15%)         314M (15%)            -                  -          
[65.373s][info][gc,heap     ] GC(83) Allocated:         -                98M (5%)          102M (5%)          117M (6%)             -                  -          
[65.373s][info][gc,heap     ] GC(83)   Garbage:         -               159M (8%)          159M (8%)          115M (6%)             -                  -          
[65.374s][info][gc,heap     ] GC(83) Reclaimed:         -                  -                 0M (0%)           43M (2%)             -                  -          
[65.374s][info][gc          ] GC(83) Garbage Collection (Allocation Rate) 474M(23%)->548M(27%)
[65.443s][info][gc,start    ] GC(84) Garbage Collection (Allocation Rate)
[65.443s][info][gc,task     ] GC(84) Using 12 workers
[65.443s][info][gc,phases   ] GC(84) Pause Mark Start 0.016ms
[65.584s][info][gc,phases   ] GC(84) Concurrent Mark 140.157ms
[65.584s][info][gc,phases   ] GC(84) Pause Mark End 0.019ms
[65.584s][info][gc,phases   ] GC(84) Concurrent Mark Free 0.001ms
[65.584s][info][gc,phases   ] GC(84) Concurrent Process Non-Strong References 0.369ms
[65.584s][info][gc,phases   ] GC(84) Concurrent Reset Relocation Set 0.011ms
[65.590s][info][gc,phases   ] GC(84) Concurrent Select Relocation Set 5.819ms
[65.590s][info][gc,phases   ] GC(84) Pause Relocate Start 0.007ms
[65.604s][info][gc,phases   ] GC(84) Concurrent Relocate 13.750ms
[65.604s][info][gc,load     ] GC(84) Load: 0.00/0.00/0.00
[65.604s][info][gc,mmu      ] GC(84) MMU: 2ms/95.2%, 5ms/98.1%, 10ms/99.0%, 20ms/99.5%, 50ms/99.8%, 100ms/99.9%
[65.604s][info][gc,marking  ] GC(84) Mark: 8 stripe(s), 2 proactive flush(es), 1 terminate flush(es), 0 completion(s), 0 continuation(s) 
[65.604s][info][gc,marking  ] GC(84) Mark Stack Usage: 32M
[65.604s][info][gc,nmethod  ] GC(84) NMethods: 878 registered, 79 unregistered
[65.604s][info][gc,metaspace] GC(84) Metaspace: 16M used, 16M committed, 1088M reserved
[65.604s][info][gc,ref      ] GC(84) Soft: 171 encountered, 0 discovered, 0 enqueued
[65.604s][info][gc,ref      ] GC(84) Weak: 977 encountered, 59 discovered, 0 enqueued
[65.604s][info][gc,ref      ] GC(84) Final: 0 encountered, 0 discovered, 0 enqueued
[65.604s][info][gc,ref      ] GC(84) Phantom: 35 encountered, 22 discovered, 0 enqueued
[65.605s][info][gc,reloc    ] GC(84) Small Pages: 300 / 600M, Empty: 0M, Relocated: 45M, In-Place: 0
[65.605s][info][gc,reloc    ] GC(84) Medium Pages: 1 / 32M, Empty: 0M, Relocated: 0M, In-Place: 0
[65.605s][info][gc,reloc    ] GC(84) Large Pages: 0 / 0M, Empty: 0M, Relocated: 0M, In-Place: 0
[65.605s][info][gc,reloc    ] GC(84) Forwarding Usage: 19M
[65.605s][info][gc,heap     ] GC(84) Min Capacity: 8M(0%)
[65.605s][info][gc,heap     ] GC(84) Max Capacity: 2048M(100%)
[65.605s][info][gc,heap     ] GC(84) Soft Max Capacity: 2048M(100%)
[65.605s][info][gc,heap     ] GC(84)                Mark Start          Mark End        Relocate Start      Relocate End           High               Low         
[65.605s][info][gc,heap     ] GC(84)  Capacity:     2048M (100%)       2048M (100%)       2048M (100%)       2048M (100%)       2048M (100%)       2048M (100%)   
[65.605s][info][gc,heap     ] GC(84)      Free:     1416M (69%)        1280M (63%)        1272M (62%)        1284M (63%)        1416M (69%)        1248M (61%)    
[65.605s][info][gc,heap     ] GC(84)      Used:      632M (31%)         768M (38%)         776M (38%)         764M (37%)         800M (39%)         632M (31%)    
[65.605s][info][gc,heap     ] GC(84)      Live:         -               445M (22%)         445M (22%)         445M (22%)            -                  -          
[65.605s][info][gc,heap     ] GC(84) Allocated:         -               136M (7%)          144M (7%)          159M (8%)             -                  -          
[65.605s][info][gc,heap     ] GC(84)   Garbage:         -               186M (9%)          186M (9%)          159M (8%)             -                  -          
[65.605s][info][gc,heap     ] GC(84) Reclaimed:         -                  -                 0M (0%)           27M (1%)             -                  -          
[65.605s][info][gc          ] GC(84) Garbage Collection (Allocation Rate) 632M(31%)->764M(37%)
[65.631s][info][gc,start    ] GC(85) Garbage Collection (Allocation Rate)
[65.631s][info][gc,task     ] GC(85) Using 12 workers
[65.631s][info][gc,phases   ] GC(85) Pause Mark Start 0.013ms
[65.794s][info][gc,phases   ] GC(85) Concurrent Mark 162.811ms
[65.794s][info][gc,phases   ] GC(85) Pause Mark End 0.020ms
[65.794s][info][gc,phases   ] GC(85) Concurrent Mark Free 0.001ms
[65.794s][info][gc,phases   ] GC(85) Concurrent Process Non-Strong References 0.371ms
[65.794s][info][gc,phases   ] GC(85) Concurrent Reset Relocation Set 0.014ms
[65.824s][info][gc,phases   ] GC(85) Concurrent Select Relocation Set 29.427ms
[65.824s][info][gc,phases   ] GC(85) Pause Relocate Start 0.009ms
[65.839s][info][gc,phases   ] GC(85) Concurrent Relocate 14.656ms
[65.839s][info][gc,load     ] GC(85) Load: 0.00/0.00/0.00
[65.839s][info][gc,mmu      ] GC(85) MMU: 2ms/95.2%, 5ms/98.1%, 10ms/99.0%, 20ms/99.5%, 50ms/99.8%, 100ms/99.9%
[65.839s][info][gc,marking  ] GC(85) Mark: 8 stripe(s), 3 proactive flush(es), 1 terminate flush(es), 0 completion(s), 0 continuation(s) 
[65.839s][info][gc,marking  ] GC(85) Mark Stack Usage: 32M
[65.839s][info][gc,nmethod  ] GC(85) NMethods: 878 registered, 79 unregistered
[65.839s][info][gc,metaspace] GC(85) Metaspace: 16M used, 16M committed, 1088M reserved
[65.839s][info][gc,ref      ] GC(85) Soft: 171 encountered, 0 discovered, 0 enqueued
[65.839s][info][gc,ref      ] GC(85) Weak: 977 encountered, 60 discovered, 0 enqueued
[65.839s][info][gc,ref      ] GC(85) Final: 0 encountered, 0 discovered, 0 enqueued
[65.839s][info][gc,ref      ] GC(85) Phantom: 35 encountered, 29 discovered, 0 enqueued
[65.839s][info][gc,reloc    ] GC(85) Small Pages: 382 / 764M, Empty: 2M, Relocated: 45M, In-Place: 0
[65.839s][info][gc,reloc    ] GC(85) Medium Pages: 1 / 32M, Empty: 0M, Relocated: 0M, In-Place: 0
[65.839s][info][gc,reloc    ] GC(85) Large Pages: 0 / 0M, Empty: 0M, Relocated: 0M, In-Place: 0
[65.839s][info][gc,reloc    ] GC(85) Forwarding Usage: 20M
[65.839s][info][gc,heap     ] GC(85) Min Capacity: 8M(0%)
[65.839s][info][gc,heap     ] GC(85) Max Capacity: 2048M(100%)
[65.839s][info][gc,heap     ] GC(85) Soft Max Capacity: 2048M(100%)
[65.839s][info][gc,heap     ] GC(85)                Mark Start          Mark End        Relocate Start      Relocate End           High               Low         
[65.839s][info][gc,heap     ] GC(85)  Capacity:     2048M (100%)       2048M (100%)       2048M (100%)       2048M (100%)       2048M (100%)       2048M (100%)   
[65.839s][info][gc,heap     ] GC(85)      Free:     1252M (61%)        1118M (55%)        1104M (54%)        1128M (55%)        1252M (61%)        1080M (53%)    
[65.839s][info][gc,heap     ] GC(85)      Used:      796M (39%)         930M (45%)         944M (46%)         920M (45%)         968M (47%)         796M (39%)    
[65.839s][info][gc,heap     ] GC(85)      Live:         -               566M (28%)         566M (28%)         566M (28%)            -                  -          
[65.839s][info][gc,heap     ] GC(85) Allocated:         -               134M (7%)          150M (7%)          153M (7%)             -                  -          
[65.839s][info][gc,heap     ] GC(85)   Garbage:         -               229M (11%)         227M (11%)         200M (10%)            -                  -          
[65.839s][info][gc,heap     ] GC(85) Reclaimed:         -                  -                 2M (0%)           29M (1%)             -                  -          
[65.839s][info][gc          ] GC(85) Garbage Collection (Allocation Rate) 796M(39%)->920M(45%)
[65.840s][info][gc,start    ] GC(86) Garbage Collection (Allocation Rate)
[65.840s][info][gc,task     ] GC(86) Using 12 workers
[65.841s][info][gc,phases   ] GC(86) Pause Mark Start 0.009ms
[66.012s][info][gc,phases   ] GC(86) Concurrent Mark 171.660ms
[66.012s][info][gc,phases   ] GC(86) Pause Mark End 0.020ms
[66.012s][info][gc,phases   ] GC(86) Concurrent Mark Free 0.001ms
[66.013s][info][gc,phases   ] GC(86) Concurrent Process Non-Strong References 0.371ms
[66.013s][info][gc,phases   ] GC(86) Concurrent Reset Relocation Set 0.013ms
[66.048s][info][gc,phases   ] GC(86) Concurrent Select Relocation Set 35.403ms
[66.049s][info][gc,phases   ] GC(86) Pause Relocate Start 0.009ms
[66.076s][info][gc,phases   ] GC(86) Concurrent Relocate 27.078ms
[66.076s][info][gc,load     ] GC(86) Load: 0.00/0.00/0.00
[66.076s][info][gc,mmu      ] GC(86) MMU: 2ms/95.2%, 5ms/98.1%, 10ms/99.0%, 20ms/99.5%, 50ms/99.8%, 100ms/99.9%
[66.076s][info][gc,marking  ] GC(86) Mark: 8 stripe(s), 3 proactive flush(es), 1 terminate flush(es), 0 completion(s), 0 continuation(s) 
[66.076s][info][gc,marking  ] GC(86) Mark Stack Usage: 32M
[66.076s][info][gc,nmethod  ] GC(86) NMethods: 878 registered, 79 unregistered
[66.076s][info][gc,metaspace] GC(86) Metaspace: 16M used, 16M committed, 1088M reserved
[66.076s][info][gc,ref      ] GC(86) Soft: 171 encountered, 0 discovered, 0 enqueued
[66.076s][info][gc,ref      ] GC(86) Weak: 976 encountered, 57 discovered, 9 enqueued
[66.076s][info][gc,ref      ] GC(86) Final: 0 encountered, 0 discovered, 0 enqueued
[66.076s][info][gc,ref      ] GC(86) Phantom: 35 encountered, 17 discovered, 0 enqueued
[66.076s][info][gc,reloc    ] GC(86) Small Pages: 429 / 858M, Empty: 0M, Relocated: 115M, In-Place: 0
[66.076s][info][gc,reloc    ] GC(86) Medium Pages: 2 / 64M, Empty: 0M, Relocated: 3M, In-Place: 0
[66.076s][info][gc,reloc    ] GC(86) Large Pages: 0 / 0M, Empty: 0M, Relocated: 0M, In-Place: 0
[66.076s][info][gc,reloc    ] GC(86) Forwarding Usage: 48M
[66.076s][info][gc,heap     ] GC(86) Min Capacity: 8M(0%)
[66.076s][info][gc,heap     ] GC(86) Max Capacity: 2048M(100%)
[66.076s][info][gc,heap     ] GC(86) Soft Max Capacity: 2048M(100%)
[66.076s][info][gc,heap     ] GC(86)                Mark Start          Mark End        Relocate Start      Relocate End           High               Low         
[66.076s][info][gc,heap     ] GC(86)  Capacity:     2048M (100%)       2048M (100%)       2048M (100%)       2048M (100%)       2048M (100%)       2048M (100%)   
[66.076s][info][gc,heap     ] GC(86)      Free:     1126M (55%)        1064M (52%)        1040M (51%)        1148M (56%)        1148M (56%)         958M (47%)    
[66.076s][info][gc,heap     ] GC(86)      Used:      922M (45%)         984M (48%)        1008M (49%)         900M (44%)        1090M (53%)         900M (44%)    
[66.076s][info][gc,heap     ] GC(86)      Live:         -               595M (29%)         595M (29%)         595M (29%)            -                  -          
[66.076s][info][gc,heap     ] GC(86) Allocated:         -                62M (3%)           86M (4%)          117M (6%)             -                  -          
[66.076s][info][gc,heap     ] GC(86)   Garbage:         -               326M (16%)         326M (16%)         186M (9%)             -                  -          
[66.076s][info][gc,heap     ] GC(86) Reclaimed:         -                  -                 0M (0%)          139M (7%)             -                  -          
[66.076s][info][gc          ] GC(86) Garbage Collection (Allocation Rate) 922M(45%)->900M(44%)
[66.138s][info][gc,start    ] GC(87) Garbage Collection (Allocation Rate)
[66.138s][info][gc,task     ] GC(87) Using 12 workers
[66.138s][info][gc,phases   ] GC(87) Pause Mark Start 0.015ms
[66.153s][info][gc,phases   ] GC(87) Concurrent Mark 15.243ms
[66.153s][info][gc,phases   ] GC(87) Pause Mark End 0.021ms
[66.154s][info][gc,phases   ] GC(87) Concurrent Mark Free 0.001ms
[66.154s][info][gc,phases   ] GC(87) Concurrent Process Non-Strong References 0.533ms
[66.154s][info][gc,phases   ] GC(87) Concurrent Reset Relocation Set 0.026ms
[66.164s][info][gc,phases   ] GC(87) Concurrent Select Relocation Set 9.432ms
[66.164s][info][gc,phases   ] GC(87) Pause Relocate Start 0.007ms
[66.165s][info][gc,phases   ] GC(87) Concurrent Relocate 1.630ms
[66.166s][info][gc,load     ] GC(87) Load: 0.00/0.00/0.00
[66.166s][info][gc,mmu      ] GC(87) MMU: 2ms/95.2%, 5ms/98.1%, 10ms/99.0%, 20ms/99.5%, 50ms/99.8%, 100ms/99.9%
[66.166s][info][gc,marking  ] GC(87) Mark: 8 stripe(s), 2 proactive flush(es), 1 terminate flush(es), 0 completion(s), 0 continuation(s) 
[66.166s][info][gc,marking  ] GC(87) Mark Stack Usage: 32M
[66.166s][info][gc,nmethod  ] GC(87) NMethods: 878 registered, 79 unregistered
[66.166s][info][gc,metaspace] GC(87) Metaspace: 16M used, 16M committed, 1088M reserved
[66.166s][info][gc,ref      ] GC(87) Soft: 171 encountered, 0 discovered, 0 enqueued
[66.166s][info][gc,ref      ] GC(87) Weak: 977 encountered, 74 discovered, 3 enqueued
[66.166s][info][gc,ref      ] GC(87) Final: 0 encountered, 0 discovered, 0 enqueued
[66.166s][info][gc,ref      ] GC(87) Phantom: 35 encountered, 23 discovered, 0 enqueued
[66.166s][info][gc,reloc    ] GC(87) Small Pages: 421 / 842M, Empty: 762M, Relocated: 5M, In-Place: 0
[66.166s][info][gc,reloc    ] GC(87) Medium Pages: 2 / 64M, Empty: 64M, Relocated: 0M, In-Place: 0
[66.166s][info][gc,reloc    ] GC(87) Large Pages: 0 / 0M, Empty: 0M, Relocated: 0M, In-Place: 0
[66.166s][info][gc,reloc    ] GC(87) Forwarding Usage: 1M
[66.166s][info][gc,heap     ] GC(87) Min Capacity: 8M(0%)
[66.166s][info][gc,heap     ] GC(87) Max Capacity: 2048M(100%)
[66.166s][info][gc,heap     ] GC(87) Soft Max Capacity: 2048M(100%)
[66.166s][info][gc,heap     ] GC(87)                Mark Start          Mark End        Relocate Start      Relocate End           High               Low         
[66.166s][info][gc,heap     ] GC(87)  Capacity:     2048M (100%)       2048M (100%)       2048M (100%)       2048M (100%)       2048M (100%)       2048M (100%)   
[66.166s][info][gc,heap     ] GC(87)      Free:     1142M (56%)        1140M (56%)        1966M (96%)        2006M (98%)        2006M (98%)        1140M (56%)    
[66.166s][info][gc,heap     ] GC(87)      Used:      906M (44%)         908M (44%)          82M (4%)           42M (2%)          908M (44%)          42M (2%)     
[66.166s][info][gc,heap     ] GC(87)      Live:         -                17M (1%)           17M (1%)           17M (1%)             -                  -          
[66.166s][info][gc,heap     ] GC(87) Allocated:         -                 2M (0%)            2M (0%)            1M (0%)             -                  -          
[66.166s][info][gc,heap     ] GC(87)   Garbage:         -               888M (43%)          62M (3%)           22M (1%)             -                  -          
[66.166s][info][gc,heap     ] GC(87) Reclaimed:         -                  -               826M (40%)         865M (42%)            -                  -          
[66.166s][info][gc          ] GC(87) Garbage Collection (Allocation Rate) 906M(44%)->42M(2%)
[66.239s][info][gc,start    ] GC(88) Garbage Collection (Allocation Rate)
[66.239s][info][gc,task     ] GC(88) Using 12 workers
[66.239s][info][gc,phases   ] GC(88) Pause Mark Start 0.013ms
[66.254s][info][gc,phases   ] GC(88) Concurrent Mark 15.024ms
[66.254s][info][gc,phases   ] GC(88) Pause Mark End 0.020ms
[66.254s][info][gc,phases   ] GC(88) Concurrent Mark Free 0.001ms
[66.255s][info][gc,phases   ] GC(88) Concurrent Process Non-Strong References 0.664ms
[66.255s][info][gc,phases   ] GC(88) Concurrent Reset Relocation Set 0.004ms
[66.264s][info][gc,phases   ] GC(88) Concurrent Select Relocation Set 8.837ms
[66.264s][info][gc,phases   ] GC(88) Pause Relocate Start 0.007ms
[66.267s][info][gc,phases   ] GC(88) Concurrent Relocate 2.540ms
[66.267s][info][gc,load     ] GC(88) Load: 0.00/0.00/0.00
[66.267s][info][gc,mmu      ] GC(88) MMU: 2ms/95.2%, 5ms/98.1%, 10ms/99.0%, 20ms/99.5%, 50ms/99.8%, 100ms/99.9%
[66.267s][info][gc,marking  ] GC(88) Mark: 8 stripe(s), 2 proactive flush(es), 1 terminate flush(es), 0 completion(s), 0 continuation(s) 
[66.267s][info][gc,marking  ] GC(88) Mark Stack Usage: 32M
[66.267s][info][gc,nmethod  ] GC(88) NMethods: 878 registered, 79 unregistered
[66.267s][info][gc,metaspace] GC(88) Metaspace: 16M used, 16M committed, 1088M reserved
[66.267s][info][gc,ref      ] GC(88) Soft: 171 encountered, 0 discovered, 0 enqueued
[66.267s][info][gc,ref      ] GC(88) Weak: 974 encountered, 48 discovered, 0 enqueued
[66.267s][info][gc,ref      ] GC(88) Final: 0 encountered, 0 discovered, 0 enqueued
[66.267s][info][gc,ref      ] GC(88) Phantom: 35 encountered, 17 discovered, 0 enqueued
[66.267s][info][gc,reloc    ] GC(88) Small Pages: 23 / 46M, Empty: 0M, Relocated: 6M, In-Place: 0
[66.267s][info][gc,reloc    ] GC(88) Medium Pages: 0 / 0M, Empty: 0M, Relocated: 0M, In-Place: 0
[66.267s][info][gc,reloc    ] GC(88) Large Pages: 0 / 0M, Empty: 0M, Relocated: 0M, In-Place: 0
[66.267s][info][gc,reloc    ] GC(88) Forwarding Usage: 1M
[66.267s][info][gc,heap     ] GC(88) Min Capacity: 8M(0%)
[66.267s][info][gc,heap     ] GC(88) Max Capacity: 2048M(100%)
[66.267s][info][gc,heap     ] GC(88) Soft Max Capacity: 2048M(100%)
[66.267s][info][gc,heap     ] GC(88)                Mark Start          Mark End        Relocate Start      Relocate End           High               Low         
[66.267s][info][gc,heap     ] GC(88)  Capacity:     2048M (100%)       2048M (100%)       2048M (100%)       2048M (100%)       2048M (100%)       2048M (100%)   
[66.267s][info][gc,heap     ] GC(88)      Free:     2002M (98%)        2000M (98%)        2000M (98%)        2006M (98%)        2006M (98%)        1976M (96%)    
[66.268s][info][gc,heap     ] GC(88)      Used:       46M (2%)           48M (2%)           48M (2%)           42M (2%)           72M (4%)           42M (2%)     
[66.268s][info][gc,heap     ] GC(88)      Live:         -                19M (1%)           19M (1%)           19M (1%)             -                  -          
[66.268s][info][gc,heap     ] GC(88) Allocated:         -                 2M (0%)            2M (0%)            1M (0%)             -                  -          
[66.268s][info][gc,heap     ] GC(88)   Garbage:         -                26M (1%)           26M (1%)           20M (1%)             -                  -          
[66.268s][info][gc,heap     ] GC(88) Reclaimed:         -                  -                 0M (0%)            5M (0%)             -                  -          
[66.268s][info][gc          ] GC(88) Garbage Collection (Allocation Rate) 46M(2%)->42M(2%)
[66.334s][info][gc,start    ] GC(89) Garbage Collection (Allocation Rate)
[66.334s][info][gc,task     ] GC(89) Using 12 workers
[66.334s][info][gc,phases   ] GC(89) Pause Mark Start 0.012ms
[66.347s][info][gc,phases   ] GC(89) Concurrent Mark 13.259ms
[66.348s][info][gc,phases   ] GC(89) Pause Mark End 0.020ms
[66.348s][info][gc,phases   ] GC(89) Concurrent Mark Free 0.001ms
[66.348s][info][gc,phases   ] GC(89) Concurrent Process Non-Strong References 0.550ms
[66.348s][info][gc,phases   ] GC(89) Concurrent Reset Relocation Set 0.003ms
[66.352s][info][gc,phases   ] GC(89) Concurrent Select Relocation Set 3.512ms
[66.352s][info][gc,phases   ] GC(89) Pause Relocate Start 0.006ms
[66.354s][info][gc,phases   ] GC(89) Concurrent Relocate 2.240ms
[66.354s][info][gc,load     ] GC(89) Load: 0.00/0.00/0.00
[66.354s][info][gc,mmu      ] GC(89) MMU: 2ms/95.2%, 5ms/98.1%, 10ms/99.0%, 20ms/99.5%, 50ms/99.8%, 100ms/99.9%
[66.354s][info][gc,marking  ] GC(89) Mark: 8 stripe(s), 5 proactive flush(es), 1 terminate flush(es), 0 completion(s), 0 continuation(s) 
[66.354s][info][gc,marking  ] GC(89) Mark Stack Usage: 32M
[66.354s][info][gc,nmethod  ] GC(89) NMethods: 878 registered, 79 unregistered
[66.355s][info][gc,metaspace] GC(89) Metaspace: 16M used, 16M committed, 1088M reserved
[66.355s][info][gc,ref      ] GC(89) Soft: 171 encountered, 0 discovered, 0 enqueued
[66.355s][info][gc,ref      ] GC(89) Weak: 974 encountered, 233 discovered, 0 enqueued
[66.355s][info][gc,ref      ] GC(89) Final: 0 encountered, 0 discovered, 0 enqueued
[66.355s][info][gc,ref      ] GC(89) Phantom: 35 encountered, 21 discovered, 0 enqueued
[66.355s][info][gc,reloc    ] GC(89) Small Pages: 23 / 46M, Empty: 0M, Relocated: 6M, In-Place: 0
[66.355s][info][gc,reloc    ] GC(89) Medium Pages: 0 / 0M, Empty: 0M, Relocated: 0M, In-Place: 0
[66.355s][info][gc,reloc    ] GC(89) Large Pages: 0 / 0M, Empty: 0M, Relocated: 0M, In-Place: 0
[66.355s][info][gc,reloc    ] GC(89) Forwarding Usage: 1M
[66.355s][info][gc,heap     ] GC(89) Min Capacity: 8M(0%)
[66.355s][info][gc,heap     ] GC(89) Max Capacity: 2048M(100%)
[66.355s][info][gc,heap     ] GC(89) Soft Max Capacity: 2048M(100%)
[66.355s][info][gc,heap     ] GC(89)                Mark Start          Mark End        Relocate Start      Relocate End           High               Low         
[66.355s][info][gc,heap     ] GC(89)  Capacity:     2048M (100%)       2048M (100%)       2048M (100%)       2048M (100%)       2048M (100%)       2048M (100%)   
[66.355s][info][gc,heap     ] GC(89)      Free:     2002M (98%)        2000M (98%)        2000M (98%)        2006M (98%)        2006M (98%)        1976M (96%)    
[66.355s][info][gc,heap     ] GC(89)      Used:       46M (2%)           48M (2%)           48M (2%)           42M (2%)           72M (4%)           42M (2%)     
[66.355s][info][gc,heap     ] GC(89)      Live:         -                19M (1%)           19M (1%)           19M (1%)             -                  -          
[66.355s][info][gc,heap     ] GC(89) Allocated:         -                 2M (0%)            2M (0%)            1M (0%)             -                  -          
[66.355s][info][gc,heap     ] GC(89)   Garbage:         -                26M (1%)           26M (1%)           20M (1%)             -                  -          
[66.355s][info][gc,heap     ] GC(89) Reclaimed:         -                  -                 0M (0%)            5M (0%)             -                  -          
[66.355s][info][gc          ] GC(89) Garbage Collection (Allocation Rate) 46M(2%)->42M(2%)
[70.141s][info][gc,stats    ] === Garbage Collection Statistics =======================================================================================================================
[70.141s][info][gc,stats    ]                                                              Last 10s              Last 10m              Last 10h                Total
[70.141s][info][gc,stats    ]                                                              Avg / Max             Avg / Max             Avg / Max             Avg / Max
[70.141s][info][gc,stats    ]   Collector: Garbage Collection Cycle                    128.122 / 238.587     154.430 / 310.643     154.430 / 310.643     154.430 / 310.643     ms
[70.141s][info][gc,stats    ]  Contention: Mark Segment Reset Contention                     3 / 17                5 / 54                5 / 54                5 / 54          ops/s
[70.141s][info][gc,stats    ]  Contention: Mark SeqNum Reset Contention                      0 / 4                 0 / 9                 0 / 9                 0 / 9           ops/s
[70.141s][info][gc,stats    ]    Critical: Allocation Stall                                 17 / 173               3 / 173               3 / 173               3 / 173         ops/s
[70.141s][info][gc,stats    ]    Critical: Allocation Stall                             11.993 / 32.476       13.428 / 32.476       13.428 / 32.476       13.428 / 32.476      ms
[70.141s][info][gc,stats    ]    Critical: GC Locker Stall                                   0 / 0                 0 / 0                 0 / 0                 0 / 0           ops/s
[70.141s][info][gc,stats    ]    Critical: GC Locker Stall                               0.000 / 0.000         0.000 / 0.000         0.000 / 0.000         0.000 / 0.000       ms
[70.142s][info][gc,stats    ]    Critical: Relocation Stall                                  0 / 0                 0 / 0                 0 / 0                 0 / 0           ops/s
[70.142s][info][gc,stats    ]    Critical: Relocation Stall                              0.000 / 0.000         0.000 / 0.000         0.000 / 0.000         0.000 / 0.000       ms
[70.142s][info][gc,stats    ]      Memory: Allocation Rate                                 838 / 5174            664 / 5930            664 / 5930            664 / 5930        MB/s
[70.142s][info][gc,stats    ]      Memory: Defragment                                        6 / 64                0 / 64                0 / 64                0 / 64          ops/s
[70.142s][info][gc,stats    ]      Memory: Out Of Memory                                     0 / 0                 0 / 0                 0 / 0                 0 / 0           ops/s
[70.142s][info][gc,stats    ]      Memory: Page Cache Flush                                 25 / 160               5 / 160               5 / 160               5 / 160         MB/s
[70.142s][info][gc,stats    ]      Memory: Page Cache Hit L1                               440 / 2570            357 / 2940            357 / 2940            357 / 2940        ops/s
[70.142s][info][gc,stats    ]      Memory: Page Cache Hit L2                                 0 / 0                 0 / 0                 0 / 0                 0 / 0           ops/s
[70.142s][info][gc,stats    ]      Memory: Page Cache Hit L3                                 5 / 58               15 / 438              15 / 438              15 / 438         ops/s
[70.142s][info][gc,stats    ]      Memory: Page Cache Miss                                   0 / 3                 0 / 3                 0 / 3                 0 / 3           ops/s
[70.142s][info][gc,stats    ]      Memory: Uncommit                                          0 / 0                 0 / 0                 0 / 0                 0 / 0           MB/s
[70.142s][info][gc,stats    ]      Memory: Undo Object Allocation Failed                    20 / 189              17 / 297              17 / 297              17 / 297         ops/s
[70.142s][info][gc,stats    ]      Memory: Undo Object Allocation Succeeded                  4 / 24                4 / 147               4 / 147               4 / 147         ops/s
[70.142s][info][gc,stats    ]      Memory: Undo Page Allocation                             99 / 688              50 / 688              50 / 688              50 / 688         ops/s
[70.142s][info][gc,stats    ]       Phase: Concurrent Mark                              78.813 / 171.660      99.325 / 234.059      99.325 / 234.059      99.325 / 234.059     ms
[70.142s][info][gc,stats    ]       Phase: Concurrent Mark Continue                      0.000 / 0.000         0.000 / 0.000         0.000 / 0.000         0.000 / 0.000       ms
[70.142s][info][gc,stats    ]       Phase: Concurrent Mark Free                          0.001 / 0.003         0.001 / 0.006         0.001 / 0.006         0.001 / 0.006       ms
[70.142s][info][gc,stats    ]       Phase: Concurrent Process Non-Strong References      0.479 / 0.754         2.159 / 27.626        2.159 / 27.626        2.159 / 27.626      ms
[70.142s][info][gc,stats    ]       Phase: Concurrent Relocate                           9.376 / 27.078       16.263 / 87.199       16.263 / 87.199       16.263 / 87.199      ms
[70.142s][info][gc,stats    ]       Phase: Concurrent Reset Relocation Set               0.015 / 0.038         0.019 / 0.096         0.019 / 0.096         0.019 / 0.096       ms
[70.142s][info][gc,stats    ]       Phase: Concurrent Select Relocation Set             11.824 / 35.403       15.671 / 66.382       15.671 / 66.382       15.671 / 66.382      ms
[70.142s][info][gc,stats    ]       Phase: Pause Mark End                                0.019 / 0.021         0.019 / 0.027         0.019 / 0.027         0.019 / 0.027       ms
[70.142s][info][gc,stats    ]       Phase: Pause Mark Start                              0.022 / 0.095         0.015 / 0.095         0.015 / 0.095         0.015 / 0.095       ms
[70.142s][info][gc,stats    ]       Phase: Pause Relocate Start                          0.008 / 0.012         0.008 / 0.017         0.008 / 0.017         0.008 / 0.017       ms
[70.142s][info][gc,stats    ]    Subphase: Concurrent Classes Purge                      0.011 / 0.055         0.147 / 3.083         0.147 / 3.083         0.147 / 3.083       ms
[70.142s][info][gc,stats    ]    Subphase: Concurrent Classes Unlink                     0.203 / 0.290         0.897 / 24.520        0.897 / 24.520        0.897 / 24.520      ms
[70.142s][info][gc,stats    ]    Subphase: Concurrent Mark                              76.835 / 170.899      95.612 / 233.096      95.612 / 233.096      95.612 / 233.096     ms
[70.142s][info][gc,stats    ]    Subphase: Concurrent Mark Try Flush                     3.376 / 58.418        2.827 / 58.418        2.827 / 58.418        2.827 / 58.418      ms
[70.143s][info][gc,stats    ]    Subphase: Concurrent Mark Try Terminate                11.240 / 16.631       10.361 / 16.684       10.361 / 16.684       10.361 / 16.684      ms
[70.143s][info][gc,stats    ]    Subphase: Concurrent References Enqueue                 0.001 / 0.004         0.001 / 0.004         0.001 / 0.004         0.001 / 0.004       ms
[70.143s][info][gc,stats    ]    Subphase: Concurrent References Process                 0.047 / 0.228         0.065 / 0.600         0.065 / 0.600         0.065 / 0.600       ms
[70.143s][info][gc,stats    ]    Subphase: Concurrent Roots ClassLoaderDataGraph         0.043 / 0.799         0.051 / 1.098         0.051 / 1.098         0.051 / 1.098       ms
[70.143s][info][gc,stats    ]    Subphase: Concurrent Roots CodeCache                    0.000 / 0.000         0.000 / 0.000         0.000 / 0.000         0.000 / 0.000       ms
[70.143s][info][gc,stats    ]    Subphase: Concurrent Roots JavaThreads                  0.675 / 1.333         0.994 / 17.879        0.994 / 17.879        0.994 / 17.879      ms
[70.143s][info][gc,stats    ]    Subphase: Concurrent Roots OopStorageSet                0.014 / 0.083         0.020 / 0.569         0.020 / 0.569         0.020 / 0.569       ms
[70.143s][info][gc,stats    ]    Subphase: Concurrent Weak Roots OopStorageSet           0.114 / 0.192         0.105 / 0.300         0.105 / 0.300         0.105 / 0.300       ms
[70.143s][info][gc,stats    ]    Subphase: Pause Mark Try Complete                       0.000 / 0.000         0.000 / 0.000         0.000 / 0.000         0.000 / 0.000       ms
[70.143s][info][gc,stats    ]      System: Java Threads                                     62 / 65               64 / 75               64 / 75               64 / 75          threads
[70.143s][info][gc,stats    ] =========================================================================================================================================================
[72.440s][info][gc,start    ] GC(90) Garbage Collection (Allocation Rate)
[72.440s][info][gc,task     ] GC(90) Using 12 workers
[72.440s][info][gc,phases   ] GC(90) Pause Mark Start 0.018ms
[72.564s][info][gc,phases   ] GC(90) Concurrent Mark 124.543ms
[72.565s][info][gc,phases   ] GC(90) Pause Mark End 0.020ms
[72.565s][info][gc,phases   ] GC(90) Concurrent Mark Free 0.001ms
[72.566s][info][gc,phases   ] GC(90) Concurrent Process Non-Strong References 1.548ms
[72.566s][info][gc,phases   ] GC(90) Concurrent Reset Relocation Set 0.003ms
[72.622s][info][gc,phases   ] GC(90) Concurrent Select Relocation Set 55.415ms
[72.622s][info][gc,phases   ] GC(90) Pause Relocate Start 0.009ms
[72.709s][info][gc,phases   ] GC(90) Concurrent Relocate 87.146ms
[72.709s][info][gc,load     ] GC(90) Load: 0.00/0.00/0.00
[72.709s][info][gc,mmu      ] GC(90) MMU: 2ms/95.2%, 5ms/98.1%, 10ms/99.0%, 20ms/99.5%, 50ms/99.8%, 100ms/99.9%
[72.709s][info][gc,marking  ] GC(90) Mark: 8 stripe(s), 2 proactive flush(es), 1 terminate flush(es), 0 completion(s), 0 continuation(s) 
[72.709s][info][gc,marking  ] GC(90) Mark Stack Usage: 32M
[72.709s][info][gc,nmethod  ] GC(90) NMethods: 618 registered, 345 unregistered
[72.709s][info][gc,metaspace] GC(90) Metaspace: 16M used, 16M committed, 1088M reserved
[72.709s][info][gc,ref      ] GC(90) Soft: 171 encountered, 0 discovered, 0 enqueued
[72.709s][info][gc,ref      ] GC(90) Weak: 977 encountered, 39 discovered, 3 enqueued
[72.709s][info][gc,ref      ] GC(90) Final: 0 encountered, 0 discovered, 0 enqueued
[72.709s][info][gc,ref      ] GC(90) Phantom: 35 encountered, 22 discovered, 0 enqueued
[72.709s][info][gc,reloc    ] GC(90) Small Pages: 507 / 1014M, Empty: 0M, Relocated: 363M, In-Place: 0
[72.710s][info][gc,reloc    ] GC(90) Medium Pages: 0 / 0M, Empty: 0M, Relocated: 0M, In-Place: 0
[72.710s][info][gc,reloc    ] GC(90) Large Pages: 0 / 0M, Empty: 0M, Relocated: 0M, In-Place: 0
[72.710s][info][gc,reloc    ] GC(90) Forwarding Usage: 242M
[72.710s][info][gc,heap     ] GC(90) Min Capacity: 8M(0%)
[72.710s][info][gc,heap     ] GC(90) Max Capacity: 2048M(100%)
[72.710s][info][gc,heap     ] GC(90) Soft Max Capacity: 2048M(100%)
[72.710s][info][gc,heap     ] GC(90)                Mark Start          Mark End        Relocate Start      Relocate End           High               Low         
[72.710s][info][gc,heap     ] GC(90)  Capacity:     2048M (100%)       2048M (100%)       2048M (100%)       2048M (100%)       2048M (100%)       2048M (100%)   
[72.710s][info][gc,heap     ] GC(90)      Free:     1034M (50%)         910M (44%)         838M (41%)        1428M (70%)        1428M (70%)         812M (40%)    
[72.710s][info][gc,heap     ] GC(90)      Used:     1014M (50%)        1138M (56%)        1210M (59%)         620M (30%)        1236M (60%)         620M (30%)    
[72.710s][info][gc,heap     ] GC(90)      Live:         -               377M (18%)         377M (18%)         377M (18%)            -                  -          
[72.710s][info][gc,heap     ] GC(90) Allocated:         -               124M (6%)          196M (10%)         231M (11%)            -                  -          
[72.710s][info][gc,heap     ] GC(90)   Garbage:         -               636M (31%)         636M (31%)          10M (1%)             -                  -          
[72.710s][info][gc,heap     ] GC(90) Reclaimed:         -                  -                 0M (0%)          625M (31%)            -                  -          
[72.710s][info][gc          ] GC(90) Garbage Collection (Allocation Rate) 1014M(50%)->620M(30%)
[72.736s][info][gc,start    ] GC(91) Garbage Collection (Allocation Rate)
[72.736s][info][gc,task     ] GC(91) Using 12 workers
[72.736s][info][gc,phases   ] GC(91) Pause Mark Start 0.013ms
[72.955s][info][gc,phases   ] GC(91) Concurrent Mark 218.460ms
[72.955s][info][gc,phases   ] GC(91) Pause Mark End 0.014ms
[72.955s][info][gc,phases   ] GC(91) Concurrent Mark Free 0.001ms
[72.955s][info][gc,phases   ] GC(91) Concurrent Process Non-Strong References 0.310ms
[72.956s][info][gc,phases   ] GC(91) Concurrent Reset Relocation Set 0.060ms
[72.986s][info][gc,phases   ] GC(91) Concurrent Select Relocation Set 30.169ms
[72.986s][info][gc,phases   ] GC(91) Pause Relocate Start 0.008ms
[73.020s][info][gc,phases   ] GC(91) Concurrent Relocate 33.906ms
[73.020s][info][gc,load     ] GC(91) Load: 0.00/0.00/0.00
[73.020s][info][gc,mmu      ] GC(91) MMU: 2ms/95.2%, 5ms/98.1%, 10ms/99.0%, 20ms/99.5%, 50ms/99.8%, 100ms/99.9%
[73.020s][info][gc,marking  ] GC(91) Mark: 8 stripe(s), 2 proactive flush(es), 1 terminate flush(es), 0 completion(s), 0 continuation(s) 
[73.020s][info][gc,marking  ] GC(91) Mark Stack Usage: 32M
[73.020s][info][gc,nmethod  ] GC(91) NMethods: 618 registered, 345 unregistered
[73.020s][info][gc,metaspace] GC(91) Metaspace: 16M used, 16M committed, 1088M reserved
[73.020s][info][gc,ref      ] GC(91) Soft: 171 encountered, 0 discovered, 0 enqueued
[73.020s][info][gc,ref      ] GC(91) Weak: 974 encountered, 88 discovered, 0 enqueued
[73.020s][info][gc,ref      ] GC(91) Final: 0 encountered, 0 discovered, 0 enqueued
[73.020s][info][gc,ref      ] GC(91) Phantom: 35 encountered, 22 discovered, 0 enqueued
[73.020s][info][gc,reloc    ] GC(91) Small Pages: 320 / 640M, Empty: 0M, Relocated: 104M, In-Place: 0
[73.020s][info][gc,reloc    ] GC(91) Medium Pages: 0 / 0M, Empty: 0M, Relocated: 0M, In-Place: 0
[73.020s][info][gc,reloc    ] GC(91) Large Pages: 0 / 0M, Empty: 0M, Relocated: 0M, In-Place: 0
[73.020s][info][gc,reloc    ] GC(91) Forwarding Usage: 65M
[73.020s][info][gc,heap     ] GC(91) Min Capacity: 8M(0%)
[73.020s][info][gc,heap     ] GC(91) Max Capacity: 2048M(100%)
[73.020s][info][gc,heap     ] GC(91) Soft Max Capacity: 2048M(100%)
[73.020s][info][gc,heap     ] GC(91)                Mark Start          Mark End        Relocate Start      Relocate End           High               Low         
[73.020s][info][gc,heap     ] GC(91)  Capacity:     2048M (100%)       2048M (100%)       2048M (100%)       2048M (100%)       2048M (100%)       2048M (100%)   
[73.020s][info][gc,heap     ] GC(91)      Free:     1408M (69%)        1216M (59%)        1178M (58%)        1310M (64%)        1408M (69%)        1152M (56%)    
[73.020s][info][gc,heap     ] GC(91)      Used:      640M (31%)         832M (41%)         870M (42%)         738M (36%)         896M (44%)         640M (31%)    
[73.020s][info][gc,heap     ] GC(91)      Live:         -               467M (23%)         467M (23%)         467M (23%)            -                  -          
[73.020s][info][gc,heap     ] GC(91) Allocated:         -               192M (9%)          230M (11%)         251M (12%)            -                  -          
[73.020s][info][gc,heap     ] GC(91)   Garbage:         -               172M (8%)          172M (8%)           19M (1%)             -                  -          
[73.020s][info][gc,heap     ] GC(91) Reclaimed:         -                  -                 0M (0%)          153M (7%)             -                  -          
[73.020s][info][gc          ] GC(91) Garbage Collection (Allocation Rate) 640M(31%)->738M(36%)
[73.041s][info][gc,start    ] GC(92) Garbage Collection (Allocation Rate)
[73.041s][info][gc,task     ] GC(92) Using 12 workers
[73.041s][info][gc,phases   ] GC(92) Pause Mark Start 0.010ms
[73.228s][info][gc,phases   ] GC(92) Concurrent Mark 187.294ms
[73.229s][info][gc,phases   ] GC(92) Pause Mark End 0.017ms
[73.229s][info][gc,phases   ] GC(92) Concurrent Mark Free 0.001ms
[73.229s][info][gc,phases   ] GC(92) Concurrent Process Non-Strong References 0.343ms
[73.229s][info][gc,phases   ] GC(92) Concurrent Reset Relocation Set 0.024ms
[73.297s][info][gc,phases   ] GC(92) Concurrent Select Relocation Set 67.766ms
[73.297s][info][gc,phases   ] GC(92) Pause Relocate Start 0.013ms
[73.329s][info][gc,phases   ] GC(92) Concurrent Relocate 31.915ms
[73.329s][info][gc,load     ] GC(92) Load: 0.00/0.00/0.00
[73.329s][info][gc,mmu      ] GC(92) MMU: 2ms/95.2%, 5ms/98.1%, 10ms/99.0%, 20ms/99.5%, 50ms/99.8%, 100ms/99.9%
[73.329s][info][gc,marking  ] GC(92) Mark: 8 stripe(s), 2 proactive flush(es), 1 terminate flush(es), 0 completion(s), 0 continuation(s) 
[73.329s][info][gc,marking  ] GC(92) Mark Stack Usage: 32M
[73.329s][info][gc,nmethod  ] GC(92) NMethods: 618 registered, 345 unregistered
[73.329s][info][gc,metaspace] GC(92) Metaspace: 16M used, 16M committed, 1088M reserved
[73.329s][info][gc,ref      ] GC(92) Soft: 171 encountered, 0 discovered, 0 enqueued
[73.329s][info][gc,ref      ] GC(92) Weak: 974 encountered, 121 discovered, 0 enqueued
[73.329s][info][gc,ref      ] GC(92) Final: 0 encountered, 0 discovered, 0 enqueued
[73.329s][info][gc,ref      ] GC(92) Phantom: 35 encountered, 31 discovered, 0 enqueued
[73.329s][info][gc,reloc    ] GC(92) Small Pages: 379 / 758M, Empty: 0M, Relocated: 111M, In-Place: 0
[73.329s][info][gc,reloc    ] GC(92) Medium Pages: 0 / 0M, Empty: 0M, Relocated: 0M, In-Place: 0
[73.329s][info][gc,reloc    ] GC(92) Large Pages: 1 / 6M, Empty: 0M, Relocated: 0M, In-Place: 0
[73.329s][info][gc,reloc    ] GC(92) Forwarding Usage: 71M
[73.329s][info][gc,heap     ] GC(92) Min Capacity: 8M(0%)
[73.329s][info][gc,heap     ] GC(92) Max Capacity: 2048M(100%)
[73.329s][info][gc,heap     ] GC(92) Soft Max Capacity: 2048M(100%)
[73.329s][info][gc,heap     ] GC(92)                Mark Start          Mark End        Relocate Start      Relocate End           High               Low         
[73.329s][info][gc,heap     ] GC(92)  Capacity:     2048M (100%)       2048M (100%)       2048M (100%)       2048M (100%)       2048M (100%)       2048M (100%)   
[73.329s][info][gc,heap     ] GC(92)      Free:     1284M (63%)        1212M (59%)        1190M (58%)        1354M (66%)        1354M (66%)        1166M (57%)    
[73.329s][info][gc,heap     ] GC(92)      Used:      764M (37%)         836M (41%)         858M (42%)         694M (34%)         882M (43%)         694M (34%)    
[73.329s][info][gc,heap     ] GC(92)      Live:         -               569M (28%)         569M (28%)         569M (28%)            -                  -          
[73.329s][info][gc,heap     ] GC(92) Allocated:         -                72M (4%)           94M (5%)           93M (5%)             -                  -          
[73.329s][info][gc,heap     ] GC(92)   Garbage:         -               194M (10%)         194M (10%)          31M (2%)             -                  -          
[73.329s][info][gc,heap     ] GC(92) Reclaimed:         -                  -                 0M (0%)          163M (8%)             -                  -          
[73.329s][info][gc          ] GC(92) Garbage Collection (Allocation Rate) 764M(37%)->694M(34%)
[73.642s][info][gc,start    ] GC(93) Garbage Collection (Allocation Rate)
[73.642s][info][gc,task     ] GC(93) Using 12 workers
[73.643s][info][gc,phases   ] GC(93) Pause Mark Start 0.015ms
[73.845s][info][gc,phases   ] GC(93) Concurrent Mark 202.672ms
[73.845s][info][gc,phases   ] GC(93) Pause Mark End 0.014ms
[73.845s][info][gc,phases   ] GC(93) Concurrent Mark Free 0.001ms
[73.846s][info][gc,phases   ] GC(93) Concurrent Process Non-Strong References 0.312ms
[73.846s][info][gc,phases   ] GC(93) Concurrent Reset Relocation Set 0.026ms
[73.864s][info][gc,phases   ] GC(93) Concurrent Select Relocation Set 18.244ms
[73.864s][info][gc,phases   ] GC(93) Pause Relocate Start 0.005ms
[73.871s][info][gc,phases   ] GC(93) Concurrent Relocate 6.602ms
[73.871s][info][gc,load     ] GC(93) Load: 0.00/0.00/0.00
[73.871s][info][gc,mmu      ] GC(93) MMU: 2ms/95.2%, 5ms/98.1%, 10ms/99.0%, 20ms/99.5%, 50ms/99.8%, 100ms/99.9%
[73.871s][info][gc,marking  ] GC(93) Mark: 8 stripe(s), 3 proactive flush(es), 1 terminate flush(es), 0 completion(s), 0 continuation(s) 
[73.871s][info][gc,marking  ] GC(93) Mark Stack Usage: 32M
[73.871s][info][gc,nmethod  ] GC(93) NMethods: 618 registered, 345 unregistered
[73.871s][info][gc,metaspace] GC(93) Metaspace: 16M used, 16M committed, 1088M reserved
[73.871s][info][gc,ref      ] GC(93) Soft: 171 encountered, 0 discovered, 0 enqueued
[73.871s][info][gc,ref      ] GC(93) Weak: 977 encountered, 107 discovered, 1 enqueued
[73.871s][info][gc,ref      ] GC(93) Final: 0 encountered, 0 discovered, 0 enqueued
[73.871s][info][gc,ref      ] GC(93) Phantom: 35 encountered, 22 discovered, 0 enqueued
[73.871s][info][gc,reloc    ] GC(93) Small Pages: 358 / 716M, Empty: 6M, Relocated: 17M, In-Place: 0
[73.871s][info][gc,reloc    ] GC(93) Medium Pages: 0 / 0M, Empty: 0M, Relocated: 0M, In-Place: 0
[73.871s][info][gc,reloc    ] GC(93) Large Pages: 2 / 12M, Empty: 6M, Relocated: 0M, In-Place: 0
[73.871s][info][gc,reloc    ] GC(93) Forwarding Usage: 7M
[73.871s][info][gc,heap     ] GC(93) Min Capacity: 8M(0%)
[73.871s][info][gc,heap     ] GC(93) Max Capacity: 2048M(100%)
[73.871s][info][gc,heap     ] GC(93) Soft Max Capacity: 2048M(100%)
[73.871s][info][gc,heap     ] GC(93)                Mark Start          Mark End        Relocate Start      Relocate End           High               Low         
[73.871s][info][gc,heap     ] GC(93)  Capacity:     2048M (100%)       2048M (100%)       2048M (100%)       2048M (100%)       2048M (100%)       2048M (100%)   
[73.871s][info][gc,heap     ] GC(93)      Free:     1320M (64%)        1244M (61%)        1240M (61%)        1276M (62%)        1320M (64%)        1216M (59%)    
[73.871s][info][gc,heap     ] GC(93)      Used:      728M (36%)         804M (39%)         808M (39%)         772M (38%)         832M (41%)         728M (36%)    
[73.871s][info][gc,heap     ] GC(93)      Live:         -               624M (31%)         624M (31%)         624M (31%)            -                  -          
[73.871s][info][gc,heap     ] GC(93) Allocated:         -                76M (4%)           92M (4%)           93M (5%)             -                  -          
[73.871s][info][gc,heap     ] GC(93)   Garbage:         -               103M (5%)           91M (4%)           53M (3%)             -                  -          
[73.871s][info][gc,heap     ] GC(93) Reclaimed:         -                  -                12M (1%)           49M (2%)             -                  -          
[73.871s][info][gc          ] GC(93) Garbage Collection (Allocation Rate) 728M(36%)->772M(38%)
[74.634s][info][gc,start    ] GC(94) Garbage Collection (Allocation Rate)
[74.645s][info][gc,task     ] GC(94) Using 12 workers
[74.645s][info][gc,phases   ] GC(94) Pause Mark Start 0.018ms
[74.759s][info][gc,phases   ] GC(94) Concurrent Mark 113.386ms
[74.759s][info][gc,phases   ] GC(94) Pause Mark End 0.016ms
[74.759s][info][gc,phases   ] GC(94) Concurrent Mark Free 0.002ms
[74.760s][info][gc,phases   ] GC(94) Concurrent Process Non-Strong References 0.297ms
[74.760s][info][gc,phases   ] GC(94) Concurrent Reset Relocation Set 0.008ms
[74.764s][info][gc,phases   ] GC(94) Concurrent Select Relocation Set 4.145ms
[74.764s][info][gc,phases   ] GC(94) Pause Relocate Start 0.005ms
[74.768s][info][gc,phases   ] GC(94) Concurrent Relocate 4.570ms
[74.769s][info][gc,load     ] GC(94) Load: 0.00/0.00/0.00
[74.769s][info][gc,mmu      ] GC(94) MMU: 2ms/95.2%, 5ms/98.1%, 10ms/99.0%, 20ms/99.5%, 50ms/99.8%, 100ms/99.9%
[74.769s][info][gc,marking  ] GC(94) Mark: 8 stripe(s), 2 proactive flush(es), 1 terminate flush(es), 0 completion(s), 0 continuation(s) 
[74.769s][info][gc,marking  ] GC(94) Mark Stack Usage: 32M
[74.769s][info][gc,nmethod  ] GC(94) NMethods: 618 registered, 345 unregistered
[74.769s][info][gc,metaspace] GC(94) Metaspace: 16M used, 16M committed, 1088M reserved
[74.769s][info][gc,ref      ] GC(94) Soft: 171 encountered, 0 discovered, 0 enqueued
[74.769s][info][gc,ref      ] GC(94) Weak: 976 encountered, 127 discovered, 0 enqueued
[74.769s][info][gc,ref      ] GC(94) Final: 0 encountered, 0 discovered, 0 enqueued
[74.769s][info][gc,ref      ] GC(94) Phantom: 35 encountered, 24 discovered, 0 enqueued
[74.769s][info][gc,reloc    ] GC(94) Small Pages: 693 / 1386M, Empty: 66M, Relocated: 13M, In-Place: 0
[74.769s][info][gc,reloc    ] GC(94) Medium Pages: 0 / 0M, Empty: 0M, Relocated: 0M, In-Place: 0
[74.769s][info][gc,reloc    ] GC(94) Large Pages: 1 / 6M, Empty: 0M, Relocated: 0M, In-Place: 0
[74.769s][info][gc,reloc    ] GC(94) Forwarding Usage: 6M
[74.769s][info][gc,heap     ] GC(94) Min Capacity: 8M(0%)
[74.769s][info][gc,heap     ] GC(94) Max Capacity: 2048M(100%)
[74.769s][info][gc,heap     ] GC(94) Soft Max Capacity: 2048M(100%)
[74.769s][info][gc,heap     ] GC(94)                Mark Start          Mark End        Relocate Start      Relocate End           High               Low         
[74.769s][info][gc,heap     ] GC(94)  Capacity:     2048M (100%)       2048M (100%)       2048M (100%)       2048M (100%)       2048M (100%)       2048M (100%)   
[74.769s][info][gc,heap     ] GC(94)      Free:      656M (32%)         576M (28%)         638M (31%)        1352M (66%)        1352M (66%)         574M (28%)    
[74.769s][info][gc,heap     ] GC(94)      Used:     1392M (68%)        1472M (72%)        1410M (69%)         696M (34%)        1474M (72%)         696M (34%)    
[74.769s][info][gc,heap     ] GC(94)      Live:         -               518M (25%)         518M (25%)         518M (25%)            -                  -          
[74.769s][info][gc,heap     ] GC(94) Allocated:         -                80M (4%)           84M (4%)           85M (4%)             -                  -          
[74.769s][info][gc,heap     ] GC(94)   Garbage:         -               873M (43%)         807M (39%)          91M (4%)             -                  -          
[74.769s][info][gc,heap     ] GC(94) Reclaimed:         -                  -                66M (3%)          781M (38%)            -                  -          
[74.769s][info][gc          ] GC(94) Garbage Collection (Allocation Rate) 1392M(68%)->696M(34%)
[76.383s][info][gc,start    ] GC(95) Garbage Collection (System.gc())
[76.383s][info][gc,task     ] GC(95) Using 12 workers
[76.384s][info][gc,phases   ] GC(95) Pause Mark Start 0.016ms
[76.406s][info][gc,phases   ] GC(95) Concurrent Mark 22.073ms
[76.406s][info][gc,phases   ] GC(95) Pause Mark End 0.024ms
[76.406s][info][gc,phases   ] GC(95) Concurrent Mark Free 0.001ms
[76.406s][info][gc,phases   ] GC(95) Concurrent Process Non-Strong References 0.497ms
[76.407s][info][gc,phases   ] GC(95) Concurrent Reset Relocation Set 0.043ms
[76.411s][info][gc,phases   ] GC(95) Concurrent Select Relocation Set 4.535ms
[76.411s][info][gc,phases   ] GC(95) Pause Relocate Start 0.007ms
[76.413s][info][gc,phases   ] GC(95) Concurrent Relocate 2.096ms
[76.413s][info][gc,load     ] GC(95) Load: 0.00/0.00/0.00
[76.413s][info][gc,mmu      ] GC(95) MMU: 2ms/95.2%, 5ms/98.1%, 10ms/99.0%, 20ms/99.5%, 50ms/99.8%, 100ms/99.9%
[76.413s][info][gc,marking  ] GC(95) Mark: 8 stripe(s), 4 proactive flush(es), 1 terminate flush(es), 0 completion(s), 0 continuation(s) 
[76.414s][info][gc,marking  ] GC(95) Mark Stack Usage: 32M
[76.414s][info][gc,nmethod  ] GC(95) NMethods: 617 registered, 349 unregistered
[76.414s][info][gc,metaspace] GC(95) Metaspace: 16M used, 16M committed, 1088M reserved
[76.414s][info][gc,ref      ] GC(95) Soft: 171 encountered, 0 discovered, 0 enqueued
[76.414s][info][gc,ref      ] GC(95) Weak: 977 encountered, 128 discovered, 8 enqueued
[76.414s][info][gc,ref      ] GC(95) Final: 0 encountered, 0 discovered, 0 enqueued
[76.414s][info][gc,ref      ] GC(95) Phantom: 35 encountered, 12 discovered, 0 enqueued
[76.414s][info][gc,reloc    ] GC(95) Small Pages: 408 / 816M, Empty: 756M, Relocated: 6M, In-Place: 0
[76.414s][info][gc,reloc    ] GC(95) Medium Pages: 0 / 0M, Empty: 0M, Relocated: 0M, In-Place: 0
[76.414s][info][gc,reloc    ] GC(95) Large Pages: 1 / 6M, Empty: 6M, Relocated: 0M, In-Place: 0
[76.414s][info][gc,reloc    ] GC(95) Forwarding Usage: 1M
[76.414s][info][gc,heap     ] GC(95) Min Capacity: 8M(0%)
[76.414s][info][gc,heap     ] GC(95) Max Capacity: 2048M(100%)
[76.414s][info][gc,heap     ] GC(95) Soft Max Capacity: 2048M(100%)
[76.414s][info][gc,heap     ] GC(95)                Mark Start          Mark End        Relocate Start      Relocate End           High               Low         
[76.414s][info][gc,heap     ] GC(95)  Capacity:     2048M (100%)       2048M (100%)       2048M (100%)       2048M (100%)       2048M (100%)       2048M (100%)   
[76.414s][info][gc,heap     ] GC(95)      Free:     1226M (60%)        1226M (60%)        1988M (97%)        2008M (98%)        2008M (98%)        1226M (60%)    
[76.414s][info][gc,heap     ] GC(95)      Used:      822M (40%)         822M (40%)          60M (3%)           40M (2%)          822M (40%)          40M (2%)     
[76.414s][info][gc,heap     ] GC(95)      Live:         -                19M (1%)           19M (1%)           19M (1%)             -                  -          
[76.414s][info][gc,heap     ] GC(95) Allocated:         -                 0M (0%)            0M (0%)            0M (0%)             -                  -          
[76.414s][info][gc,heap     ] GC(95)   Garbage:         -               802M (39%)          40M (2%)           20M (1%)             -                  -          
[76.414s][info][gc,heap     ] GC(95) Reclaimed:         -                  -               762M (37%)         782M (38%)            -                  -          
[76.414s][info][gc          ] GC(95) Garbage Collection (System.gc()) 822M(40%)->40M(2%)
[78.444s][info][gc,start    ] GC(96) Garbage Collection (Allocation Rate)
[78.445s][info][gc,task     ] GC(96) Using 12 workers
[78.445s][info][gc,phases   ] GC(96) Pause Mark Start 0.009ms
[78.598s][info][gc          ] Allocation Stall (reactors-io-scheduler-ForkJoinPool-1-worker-13) 0.850ms
[78.598s][info][gc          ] Allocation Stall (reactors-io-scheduler-ForkJoinPool-1-worker-43) 0.811ms
[78.598s][info][gc          ] Allocation Stall (reactors-io-scheduler-ForkJoinPool-1-worker-31) 0.757ms
[78.598s][info][gc          ] Allocation Stall (reactors-io-scheduler-ForkJoinPool-1-worker-3) 0.673ms
[78.598s][info][gc          ] Allocation Stall (reactors-io-scheduler-ForkJoinPool-1-worker-12) 0.676ms
[78.598s][info][gc          ] Allocation Stall (reactors-io-scheduler-ForkJoinPool-1-worker-28) 0.695ms
[78.598s][info][gc          ] Allocation Stall (reactors-io-scheduler-ForkJoinPool-1-worker-45) 0.690ms
[78.603s][info][gc          ] Allocation Stall (reactors-io-scheduler-ForkJoinPool-1-worker-2) 3.103ms
[78.603s][info][gc          ] Allocation Stall (reactors-io-scheduler-ForkJoinPool-1-worker-37) 2.745ms
[78.603s][info][gc          ] Allocation Stall (reactors-io-scheduler-ForkJoinPool-1-worker-17) 2.357ms
[78.603s][info][gc          ] Allocation Stall (reactors-io-scheduler-ForkJoinPool-1-worker-29) 2.386ms
[78.603s][info][gc          ] Allocation Stall (reactors-io-scheduler-ForkJoinPool-1-worker-18) 2.392ms
[78.603s][info][gc          ] Allocation Stall (reactors-io-scheduler-ForkJoinPool-1-worker-5) 2.244ms
[78.603s][info][gc          ] Allocation Stall (reactors-io-scheduler-ForkJoinPool-1-worker-15) 2.200ms
[78.603s][info][gc          ] Allocation Stall (reactors-io-scheduler-ForkJoinPool-1-worker-25) 2.199ms
[78.603s][info][gc          ] Allocation Stall (reactors-io-scheduler-ForkJoinPool-1-worker-27) 2.095ms
[78.603s][info][gc          ] Allocation Stall (reactors-io-scheduler-ForkJoinPool-1-worker-39) 1.746ms
[78.603s][info][gc          ] Allocation Stall (reactors-io-scheduler-ForkJoinPool-1-worker-19) 1.650ms
[78.603s][info][gc          ] Allocation Stall (reactors-io-scheduler-ForkJoinPool-1-worker-30) 1.552ms
[78.603s][info][gc          ] Allocation Stall (reactors-io-scheduler-ForkJoinPool-1-worker-40) 1.499ms
[78.603s][info][gc          ] Allocation Stall (reactors-io-scheduler-ForkJoinPool-1-worker-4) 1.355ms
[78.603s][info][gc          ] Allocation Stall (reactors-io-scheduler-ForkJoinPool-1-worker-11) 1.196ms
[78.608s][info][gc          ] Allocation Stall (reactors-io-scheduler-ForkJoinPool-1-worker-3) 2.691ms
[78.608s][info][gc          ] Allocation Stall (reactors-io-scheduler-ForkJoinPool-1-worker-42) 2.566ms
[78.608s][info][gc          ] Allocation Stall (reactors-io-scheduler-ForkJoinPool-1-worker-7) 2.580ms
[78.608s][info][gc          ] Allocation Stall (reactors-io-scheduler-ForkJoinPool-1-worker-28) 2.595ms
[78.608s][info][gc          ] Allocation Stall (reactors-io-scheduler-ForkJoinPool-1-worker-20) 2.535ms
[78.608s][info][gc          ] Allocation Stall (reactors-io-scheduler-ForkJoinPool-1-worker-34) 2.386ms
[78.608s][info][gc          ] Allocation Stall (reactors-io-scheduler-ForkJoinPool-1-worker-32) 2.354ms
[78.608s][info][gc          ] Allocation Stall (reactors-io-scheduler-ForkJoinPool-1-worker-26) 2.057ms
[78.608s][info][gc          ] Allocation Stall (reactors-io-scheduler-ForkJoinPool-1-worker-14) 1.847ms
[78.608s][info][gc          ] Allocation Stall (reactors-io-scheduler-ForkJoinPool-1-worker-38) 0.994ms
[78.616s][info][gc,phases   ] GC(96) Concurrent Mark 92.279ms
[78.616s][info][gc,phases   ] GC(96) Pause Mark End 0.020ms
[78.617s][info][gc,phases   ] GC(96) Concurrent Mark Free 0.001ms
[78.618s][info][gc,phases   ] GC(96) Concurrent Process Non-Strong References 1.032ms
[78.618s][info][gc,phases   ] GC(96) Concurrent Reset Relocation Set 0.004ms
[78.618s][info][gc          ] Allocation Stall (reactors-io-scheduler-ForkJoinPool-1-worker-19) 4.375ms
[78.618s][info][gc          ] Allocation Stall (reactors-io-scheduler-ForkJoinPool-1-worker-30) 3.795ms
[78.618s][info][gc          ] Allocation Stall (reactors-io-scheduler-ForkJoinPool-1-worker-10) 4.610ms
[78.618s][info][gc          ] Allocation Stall (reactors-io-scheduler-ForkJoinPool-1-worker-4) 4.574ms
[78.618s][info][gc          ] Allocation Stall (reactors-io-scheduler-ForkJoinPool-1-worker-11) 4.251ms
[78.618s][info][gc          ] Allocation Stall (reactors-io-scheduler-ForkJoinPool-1-worker-32) 1.506ms
[78.618s][info][gc          ] Allocation Stall (reactors-io-scheduler-ForkJoinPool-1-worker-26) 0.850ms
[78.618s][info][gc          ] Allocation Stall (reactors-io-scheduler-ForkJoinPool-1-worker-14) 0.538ms
[78.618s][info][gc          ] Allocation Stall (reactors-io-scheduler-ForkJoinPool-1-worker-28) 1.088ms
[78.618s][info][gc          ] Allocation Stall (reactors-io-scheduler-ForkJoinPool-1-worker-6) 0.302ms
[78.618s][info][gc          ] Allocation Stall (reactors-io-scheduler-ForkJoinPool-1-worker-1) 1.213ms
[78.618s][info][gc          ] Allocation Stall (reactors-io-scheduler-ForkJoinPool-1-worker-45) 4.765ms
[78.618s][info][gc          ] Allocation Stall (reactors-io-scheduler-ForkJoinPool-1-worker-46) 0.148ms
[78.618s][info][gc          ] Allocation Stall (reactors-io-scheduler-ForkJoinPool-1-worker-31) 4.548ms
[78.618s][info][gc          ] Allocation Stall (reactors-io-scheduler-ForkJoinPool-1-worker-8) 1.484ms
[78.618s][info][gc          ] Allocation Stall (reactors-io-scheduler-ForkJoinPool-1-worker-34) 0.260ms
[78.629s][info][gc,phases   ] GC(96) Concurrent Select Relocation Set 11.326ms
[78.629s][info][gc,phases   ] GC(96) Pause Relocate Start 0.007ms
[78.652s][info][gc,phases   ] GC(96) Concurrent Relocate 4.520ms
[78.652s][info][gc,load     ] GC(96) Load: 0.00/0.00/0.00
[78.652s][info][gc,mmu      ] GC(96) MMU: 2ms/95.2%, 5ms/98.1%, 10ms/99.0%, 20ms/99.5%, 50ms/99.8%, 100ms/99.9%
[78.652s][info][gc,marking  ] GC(96) Mark: 8 stripe(s), 3 proactive flush(es), 1 terminate flush(es), 0 completion(s), 0 continuation(s) 
[78.652s][info][gc,marking  ] GC(96) Mark Stack Usage: 32M
[78.652s][info][gc,nmethod  ] GC(96) NMethods: 650 registered, 362 unregistered
[78.652s][info][gc,metaspace] GC(96) Metaspace: 16M used, 16M committed, 1088M reserved
[78.652s][info][gc,ref      ] GC(96) Soft: 171 encountered, 0 discovered, 0 enqueued
[78.652s][info][gc,ref      ] GC(96) Weak: 977 encountered, 77 discovered, 3 enqueued
[78.652s][info][gc,ref      ] GC(96) Final: 0 encountered, 0 discovered, 0 enqueued
[78.652s][info][gc,ref      ] GC(96) Phantom: 35 encountered, 23 discovered, 0 enqueued
[78.652s][info][gc,reloc    ] GC(96) Small Pages: 720 / 1440M, Empty: 1104M, Relocated: 8M, In-Place: 0
[78.652s][info][gc,reloc    ] GC(96) Medium Pages: 0 / 0M, Empty: 0M, Relocated: 0M, In-Place: 0
[78.652s][info][gc,reloc    ] GC(96) Large Pages: 0 / 0M, Empty: 0M, Relocated: 0M, In-Place: 0
[78.652s][info][gc,reloc    ] GC(96) Forwarding Usage: 2M
[78.652s][info][gc,heap     ] GC(96) Min Capacity: 8M(0%)
[78.652s][info][gc,heap     ] GC(96) Max Capacity: 2048M(100%)
[78.652s][info][gc,heap     ] GC(96) Soft Max Capacity: 2048M(100%)
[78.652s][info][gc,heap     ] GC(96)                Mark Start          Mark End        Relocate Start      Relocate End           High               Low         
[78.652s][info][gc,heap     ] GC(96)  Capacity:     2048M (100%)       2048M (100%)       2048M (100%)       2048M (100%)       2048M (100%)       2048M (100%)   
[78.652s][info][gc,heap     ] GC(96)      Free:      608M (30%)           0M (0%)         1034M (50%)        1228M (60%)        1230M (60%)           0M (0%)     
[78.652s][info][gc,heap     ] GC(96)      Used:     1440M (70%)        2048M (100%)       1014M (50%)         820M (40%)        2048M (100%)        818M (40%)    
[78.652s][info][gc,heap     ] GC(96)      Live:         -                21M (1%)           21M (1%)           21M (1%)             -                  -          
[78.652s][info][gc,heap     ] GC(96) Allocated:         -               608M (30%)         678M (33%)         779M (38%)            -                  -          
[78.652s][info][gc,heap     ] GC(96)   Garbage:         -              1418M (69%)         314M (15%)          18M (1%)             -                  -          
[78.652s][info][gc,heap     ] GC(96) Reclaimed:         -                  -              1104M (54%)        1399M (68%)            -                  -          
[78.652s][info][gc          ] GC(96) Garbage Collection (Allocation Rate) 1440M(70%)->820M(40%)
[78.741s][info][gc,start    ] GC(97) Garbage Collection (Allocation Stall)
[78.741s][info][gc,ref      ] GC(97) Clearing All SoftReferences
[78.741s][info][gc,task     ] GC(97) Using 12 workers
[78.742s][info][gc,ref      ] GC(97) Clearing All SoftReferences
[78.742s][info][gc,phases   ] GC(97) Pause Mark Start 0.030ms
[78.882s][info][gc,phases   ] GC(97) Concurrent Mark 94.188ms
[78.882s][info][gc,phases   ] GC(97) Pause Mark End 0.023ms
[78.923s][info][gc,phases   ] GC(97) Concurrent Mark Free 0.002ms
[78.924s][info][gc,phases   ] GC(97) Concurrent Process Non-Strong References 0.767ms
[78.924s][info][gc,phases   ] GC(97) Concurrent Reset Relocation Set 0.030ms
[78.924s][info][gc          ] Allocation Stall (reactors-io-scheduler-ForkJoinPool-1-worker-19) 1.083ms
[78.924s][info][gc          ] Allocation Stall (reactors-io-scheduler-ForkJoinPool-1-worker-26) 0.413ms
[78.924s][info][gc          ] Allocation Stall (reactors-io-scheduler-ForkJoinPool-1-worker-21) 0.885ms
[78.924s][info][gc          ] Allocation Stall (reactors-io-scheduler-ForkJoinPool-1-worker-29) 1.097ms
[78.924s][info][gc          ] Allocation Stall (reactors-io-scheduler-ForkJoinPool-1-worker-7) 0.290ms
[78.924s][info][gc          ] Allocation Stall (reactors-io-scheduler-ForkJoinPool-1-worker-3) 0.638ms
[78.924s][info][gc          ] Allocation Stall (reactors-io-scheduler-ForkJoinPool-1-worker-31) 0.500ms
[78.924s][info][gc          ] Allocation Stall (reactors-io-scheduler-ForkJoinPool-1-worker-45) 0.804ms
[78.924s][info][gc          ] Allocation Stall (reactors-io-scheduler-ForkJoinPool-1-worker-47) 1.212ms
[78.924s][info][gc          ] Allocation Stall (reactors-io-scheduler-ForkJoinPool-1-worker-41) 0.397ms
[78.924s][info][gc          ] Allocation Stall (reactors-io-scheduler-ForkJoinPool-1-worker-48) 0.172ms
[78.924s][info][gc          ] Allocation Stall (reactors-io-scheduler-ForkJoinPool-1-worker-36) 0.528ms
[78.924s][info][gc          ] Allocation Stall (reactors-io-scheduler-ForkJoinPool-1-worker-11) 0.617ms
[78.924s][info][gc          ] Allocation Stall (reactors-io-scheduler-ForkJoinPool-1-worker-16) 1.377ms
[78.924s][info][gc          ] Allocation Stall (reactors-io-scheduler-ForkJoinPool-1-worker-40) 1.413ms
[78.924s][info][gc          ] Allocation Stall (reactors-io-scheduler-ForkJoinPool-1-worker-2) 0.459ms
[78.924s][info][gc          ] Allocation Stall (reactors-io-scheduler-ForkJoinPool-1-worker-12) 0.746ms
[78.924s][info][gc          ] Allocation Stall (reactors-io-scheduler-ForkJoinPool-1-worker-23) 1.137ms
[78.924s][info][gc          ] Allocation Stall (reactors-io-scheduler-ForkJoinPool-1-worker-44) 1.037ms
[78.924s][info][gc          ] Allocation Stall (reactors-io-scheduler-ForkJoinPool-1-worker-10) 1.474ms
[78.924s][info][gc          ] Allocation Stall (reactors-io-scheduler-ForkJoinPool-1-worker-46) 1.256ms
[78.924s][info][gc          ] Allocation Stall (reactors-io-scheduler-ForkJoinPool-1-worker-25) 0.777ms
[78.924s][info][gc          ] Allocation Stall (reactors-io-scheduler-ForkJoinPool-1-worker-35) 0.984ms
[78.931s][info][gc,phases   ] GC(97) Concurrent Select Relocation Set 7.702ms
[78.932s][info][gc,phases   ] GC(97) Pause Relocate Start 0.008ms
[78.935s][info][gc,phases   ] GC(97) Concurrent Relocate 3.555ms
[78.935s][info][gc,load     ] GC(97) Load: 0.00/0.00/0.00
[78.935s][info][gc,mmu      ] GC(97) MMU: 2ms/95.2%, 5ms/98.1%, 10ms/99.0%, 20ms/99.5%, 50ms/99.8%, 100ms/99.9%
[78.935s][info][gc,marking  ] GC(97) Mark: 8 stripe(s), 3 proactive flush(es), 1 terminate flush(es), 0 completion(s), 0 continuation(s) 
[78.935s][info][gc,marking  ] GC(97) Mark Stack Usage: 32M
[78.935s][info][gc,nmethod  ] GC(97) NMethods: 650 registered, 362 unregistered
[78.935s][info][gc,metaspace] GC(97) Metaspace: 16M used, 16M committed, 1088M reserved
[78.935s][info][gc,ref      ] GC(97) Soft: 171 encountered, 58 discovered, 0 enqueued
[78.935s][info][gc,ref      ] GC(97) Weak: 974 encountered, 240 discovered, 0 enqueued
[78.936s][info][gc,ref      ] GC(97) Final: 0 encountered, 0 discovered, 0 enqueued
[78.936s][info][gc,ref      ] GC(97) Phantom: 35 encountered, 27 discovered, 0 enqueued
[78.936s][info][gc,reloc    ] GC(97) Small Pages: 616 / 1232M, Empty: 878M, Relocated: 8M, In-Place: 0
[78.936s][info][gc,reloc    ] GC(97) Medium Pages: 0 / 0M, Empty: 0M, Relocated: 0M, In-Place: 0
[78.936s][info][gc,reloc    ] GC(97) Large Pages: 0 / 0M, Empty: 0M, Relocated: 0M, In-Place: 0
[78.936s][info][gc,reloc    ] GC(97) Forwarding Usage: 2M
[78.936s][info][gc,heap     ] GC(97) Min Capacity: 8M(0%)
[78.936s][info][gc,heap     ] GC(97) Max Capacity: 2048M(100%)
[78.936s][info][gc,heap     ] GC(97) Soft Max Capacity: 2048M(100%)
[78.936s][info][gc,heap     ] GC(97)                Mark Start          Mark End        Relocate Start      Relocate End           High               Low         
[78.936s][info][gc,heap     ] GC(97)  Capacity:     2048M (100%)       2048M (100%)       2048M (100%)       2048M (100%)       2048M (100%)       2048M (100%)   
[78.936s][info][gc,heap     ] GC(97)      Free:      816M (40%)         172M (8%)          842M (41%)        1140M (56%)        1140M (56%)           0M (0%)     
[78.936s][info][gc,heap     ] GC(97)      Used:     1232M (60%)        1876M (92%)        1206M (59%)         908M (44%)        2048M (100%)        908M (44%)    
[78.936s][info][gc,heap     ] GC(97)      Live:         -                21M (1%)           21M (1%)           21M (1%)             -                  -          
[78.936s][info][gc,heap     ] GC(97) Allocated:         -               644M (31%)         852M (42%)         867M (42%)            -                  -          
[78.936s][info][gc,heap     ] GC(97)   Garbage:         -              1210M (59%)         332M (16%)          18M (1%)             -                  -          
[78.936s][info][gc,heap     ] GC(97) Reclaimed:         -                  -               878M (43%)        1191M (58%)            -                  -          
[78.936s][info][gc          ] GC(97) Garbage Collection (Allocation Stall) 1232M(60%)->908M(44%)
[78.944s][info][gc,start    ] GC(98) Garbage Collection (Allocation Stall)
[78.944s][info][gc,ref      ] GC(98) Clearing All SoftReferences
[78.944s][info][gc,task     ] GC(98) Using 12 workers
[78.944s][info][gc,ref      ] GC(98) Clearing All SoftReferences
[78.944s][info][gc,phases   ] GC(98) Pause Mark Start 0.027ms
[79.054s][info][gc,phases   ] GC(98) Concurrent Mark 78.152ms
[79.054s][info][gc,phases   ] GC(98) Pause Mark End 0.021ms
[79.177s][info][gc,phases   ] GC(98) Concurrent Mark Free 0.003ms
[79.178s][info][gc,phases   ] GC(98) Concurrent Process Non-Strong References 0.377ms
[79.178s][info][gc,phases   ] GC(98) Concurrent Reset Relocation Set 0.027ms
[79.181s][info][gc,phases   ] GC(98) Concurrent Select Relocation Set 2.772ms
[79.181s][info][gc,phases   ] GC(98) Pause Relocate Start 0.008ms
[79.182s][info][gc,phases   ] GC(98) Concurrent Relocate 1.232ms
[79.182s][info][gc,load     ] GC(98) Load: 0.00/0.00/0.00
[79.182s][info][gc,mmu      ] GC(98) MMU: 2ms/95.2%, 5ms/98.1%, 10ms/99.0%, 20ms/99.5%, 50ms/99.8%, 100ms/99.9%
[79.182s][info][gc,marking  ] GC(98) Mark: 8 stripe(s), 3 proactive flush(es), 1 terminate flush(es), 0 completion(s), 0 continuation(s) 
[79.182s][info][gc,marking  ] GC(98) Mark Stack Usage: 32M
[79.182s][info][gc,nmethod  ] GC(98) NMethods: 652 registered, 362 unregistered
[79.182s][info][gc,metaspace] GC(98) Metaspace: 16M used, 16M committed, 1088M reserved
[79.182s][info][gc,ref      ] GC(98) Soft: 171 encountered, 60 discovered, 0 enqueued
[79.182s][info][gc,ref      ] GC(98) Weak: 974 encountered, 182 discovered, 0 enqueued
[79.182s][info][gc,ref      ] GC(98) Final: 0 encountered, 0 discovered, 0 enqueued
[79.182s][info][gc,ref      ] GC(98) Phantom: 35 encountered, 19 discovered, 0 enqueued
[79.182s][info][gc,reloc    ] GC(98) Small Pages: 475 / 950M, Empty: 676M, Relocated: 6M, In-Place: 0
[79.182s][info][gc,reloc    ] GC(98) Medium Pages: 0 / 0M, Empty: 0M, Relocated: 0M, In-Place: 0
[79.182s][info][gc,reloc    ] GC(98) Large Pages: 0 / 0M, Empty: 0M, Relocated: 0M, In-Place: 0
[79.182s][info][gc,reloc    ] GC(98) Forwarding Usage: 2M
[79.182s][info][gc,heap     ] GC(98) Min Capacity: 8M(0%)
[79.182s][info][gc,heap     ] GC(98) Max Capacity: 2048M(100%)
[79.182s][info][gc,heap     ] GC(98) Soft Max Capacity: 2048M(100%)
[79.182s][info][gc,heap     ] GC(98)                Mark Start          Mark End        Relocate Start      Relocate End           High               Low         
[79.182s][info][gc,heap     ] GC(98)  Capacity:     2048M (100%)       2048M (100%)       2048M (100%)       2048M (100%)       2048M (100%)       2048M (100%)   
[79.182s][info][gc,heap     ] GC(98)      Free:     1098M (54%)         590M (29%)         678M (33%)         908M (44%)        1098M (54%)           2M (0%)     
[79.182s][info][gc,heap     ] GC(98)      Used:      950M (46%)        1458M (71%)        1370M (67%)        1140M (56%)        2046M (100%)        950M (46%)    
[79.182s][info][gc,heap     ] GC(98)      Live:         -                21M (1%)           21M (1%)           21M (1%)             -                  -          
[79.182s][info][gc,heap     ] GC(98) Allocated:         -               508M (25%)        1096M (54%)        1097M (54%)            -                  -          
[79.182s][info][gc,heap     ] GC(98)   Garbage:         -               928M (45%)         252M (12%)          20M (1%)             -                  -          
[79.182s][info][gc,heap     ] GC(98) Reclaimed:         -                  -               676M (33%)         907M (44%)            -                  -          
[79.182s][info][gc          ] GC(98) Garbage Collection (Allocation Stall) 950M(46%)->1140M(56%)
[79.241s][info][gc,start    ] GC(99) Garbage Collection (Allocation Rate)
[79.241s][info][gc,task     ] GC(99) Using 12 workers
[79.241s][info][gc,phases   ] GC(99) Pause Mark Start 0.016ms
[79.288s][info][gc,phases   ] GC(99) Concurrent Mark 46.425ms
[79.288s][info][gc,phases   ] GC(99) Pause Mark End 0.019ms
[79.288s][info][gc,phases   ] GC(99) Concurrent Mark Free 0.001ms
[79.289s][info][gc,phases   ] GC(99) Concurrent Process Non-Strong References 0.491ms
[79.289s][info][gc,phases   ] GC(99) Concurrent Reset Relocation Set 0.016ms
[79.295s][info][gc,phases   ] GC(99) Concurrent Select Relocation Set 6.596ms
[79.295s][info][gc,phases   ] GC(99) Pause Relocate Start 0.008ms
[79.305s][info][gc,phases   ] GC(99) Concurrent Relocate 9.298ms
[79.305s][info][gc,load     ] GC(99) Load: 0.00/0.00/0.00
[79.305s][info][gc,mmu      ] GC(99) MMU: 2ms/95.2%, 5ms/98.1%, 10ms/99.0%, 20ms/99.5%, 50ms/99.8%, 100ms/99.9%
[79.305s][info][gc,marking  ] GC(99) Mark: 8 stripe(s), 3 proactive flush(es), 1 terminate flush(es), 0 completion(s), 0 continuation(s) 
[79.305s][info][gc,marking  ] GC(99) Mark Stack Usage: 32M
[79.305s][info][gc,nmethod  ] GC(99) NMethods: 632 registered, 382 unregistered
[79.305s][info][gc,metaspace] GC(99) Metaspace: 16M used, 16M committed, 1088M reserved
[79.305s][info][gc,ref      ] GC(99) Soft: 171 encountered, 0 discovered, 0 enqueued
[79.305s][info][gc,ref      ] GC(99) Weak: 975 encountered, 93 discovered, 0 enqueued
[79.305s][info][gc,ref      ] GC(99) Final: 0 encountered, 0 discovered, 0 enqueued
[79.305s][info][gc,ref      ] GC(99) Phantom: 35 encountered, 22 discovered, 0 enqueued
[79.305s][info][gc,reloc    ] GC(99) Small Pages: 596 / 1192M, Empty: 1052M, Relocated: 26M, In-Place: 0
[79.305s][info][gc,reloc    ] GC(99) Medium Pages: 1 / 32M, Empty: 0M, Relocated: 0M, In-Place: 0
[79.305s][info][gc,reloc    ] GC(99) Large Pages: 0 / 0M, Empty: 0M, Relocated: 0M, In-Place: 0
[79.305s][info][gc,reloc    ] GC(99) Forwarding Usage: 10M
[79.305s][info][gc,heap     ] GC(99) Min Capacity: 8M(0%)
[79.305s][info][gc,heap     ] GC(99) Max Capacity: 2048M(100%)
[79.305s][info][gc,heap     ] GC(99) Soft Max Capacity: 2048M(100%)
[79.305s][info][gc,heap     ] GC(99)                Mark Start          Mark End        Relocate Start      Relocate End           High               Low         
[79.305s][info][gc,heap     ] GC(99)  Capacity:     2048M (100%)       2048M (100%)       2048M (100%)       2048M (100%)       2048M (100%)       2048M (100%)   
[79.305s][info][gc,heap     ] GC(99)      Free:      824M (40%)         764M (37%)        1808M (88%)        1826M (89%)        1826M (89%)         764M (37%)    
[79.305s][info][gc,heap     ] GC(99)      Used:     1224M (60%)        1284M (63%)         240M (12%)         222M (11%)        1284M (63%)         222M (11%)    
[79.305s][info][gc,heap     ] GC(99)      Live:         -                78M (4%)           78M (4%)           78M (4%)             -                  -          
[79.305s][info][gc,heap     ] GC(99) Allocated:         -                60M (3%)           68M (3%)           79M (4%)             -                  -          
[79.305s][info][gc,heap     ] GC(99)   Garbage:         -              1145M (56%)          93M (5%)           63M (3%)             -                  -          
[79.306s][info][gc,heap     ] GC(99) Reclaimed:         -                  -              1052M (51%)        1081M (53%)            -                  -          
[79.306s][info][gc          ] GC(99) Garbage Collection (Allocation Rate) 1224M(60%)->222M(11%)
[79.335s][info][gc,start    ] GC(100) Garbage Collection (Allocation Rate)
[79.335s][info][gc,task     ] GC(100) Using 12 workers
[79.335s][info][gc,phases   ] GC(100) Pause Mark Start 0.014ms
[79.397s][info][gc,phases   ] GC(100) Concurrent Mark 62.065ms
[79.397s][info][gc,phases   ] GC(100) Pause Mark End 0.015ms
[79.397s][info][gc,phases   ] GC(100) Concurrent Mark Free 0.001ms
[79.398s][info][gc,phases   ] GC(100) Concurrent Process Non-Strong References 0.303ms
[79.398s][info][gc,phases   ] GC(100) Concurrent Reset Relocation Set 0.005ms
[79.416s][info][gc,phases   ] GC(100) Concurrent Select Relocation Set 17.731ms
[79.416s][info][gc,phases   ] GC(100) Pause Relocate Start 0.010ms
[79.437s][info][gc,phases   ] GC(100) Concurrent Relocate 21.350ms
[79.437s][info][gc,load     ] GC(100) Load: 0.00/0.00/0.00
[79.437s][info][gc,mmu      ] GC(100) MMU: 2ms/95.2%, 5ms/98.1%, 10ms/99.0%, 20ms/99.5%, 50ms/99.8%, 100ms/99.9%
[79.437s][info][gc,marking  ] GC(100) Mark: 8 stripe(s), 3 proactive flush(es), 1 terminate flush(es), 0 completion(s), 0 continuation(s) 
[79.437s][info][gc,marking  ] GC(100) Mark Stack Usage: 32M
[79.437s][info][gc,nmethod  ] GC(100) NMethods: 632 registered, 382 unregistered
[79.437s][info][gc,metaspace] GC(100) Metaspace: 16M used, 16M committed, 1088M reserved
[79.437s][info][gc,ref      ] GC(100) Soft: 171 encountered, 0 discovered, 0 enqueued
[79.437s][info][gc,ref      ] GC(100) Weak: 975 encountered, 205 discovered, 0 enqueued
[79.437s][info][gc,ref      ] GC(100) Final: 0 encountered, 0 discovered, 0 enqueued
[79.437s][info][gc,ref      ] GC(100) Phantom: 35 encountered, 18 discovered, 0 enqueued
[79.437s][info][gc,reloc    ] GC(100) Small Pages: 116 / 232M, Empty: 0M, Relocated: 78M, In-Place: 0
[79.437s][info][gc,reloc    ] GC(100) Medium Pages: 1 / 32M, Empty: 0M, Relocated: 0M, In-Place: 0
[79.437s][info][gc,reloc    ] GC(100) Large Pages: 0 / 0M, Empty: 0M, Relocated: 0M, In-Place: 0
[79.437s][info][gc,reloc    ] GC(100) Forwarding Usage: 33M
[79.437s][info][gc,heap     ] GC(100) Min Capacity: 8M(0%)
[79.438s][info][gc,heap     ] GC(100) Max Capacity: 2048M(100%)
[79.438s][info][gc,heap     ] GC(100) Soft Max Capacity: 2048M(100%)
[79.438s][info][gc,heap     ] GC(100)                Mark Start          Mark End        Relocate Start      Relocate End           High               Low         
[79.438s][info][gc,heap     ] GC(100)  Capacity:     2048M (100%)       2048M (100%)       2048M (100%)       2048M (100%)       2048M (100%)       2048M (100%)   
[79.438s][info][gc,heap     ] GC(100)      Free:     1784M (87%)        1726M (84%)        1702M (83%)        1736M (85%)        1784M (87%)        1678M (82%)    
[79.438s][info][gc,heap     ] GC(100)      Used:      264M (13%)         322M (16%)         346M (17%)         312M (15%)         370M (18%)         264M (13%)    
[79.438s][info][gc,heap     ] GC(100)      Live:         -               151M (7%)          151M (7%)          151M (7%)             -                  -          
[79.438s][info][gc,heap     ] GC(100) Allocated:         -                58M (3%)           82M (4%)           97M (5%)             -                  -          
[79.438s][info][gc,heap     ] GC(100)   Garbage:         -               112M (5%)          112M (5%)           62M (3%)             -                  -          
[79.438s][info][gc,heap     ] GC(100) Reclaimed:         -                  -                 0M (0%)           49M (2%)             -                  -          
[79.438s][info][gc          ] GC(100) Garbage Collection (Allocation Rate) 264M(13%)->312M(15%)
[79.444s][info][gc,start    ] GC(101) Garbage Collection (Allocation Rate)
[79.444s][info][gc,task     ] GC(101) Using 12 workers
[79.444s][info][gc,phases   ] GC(101) Pause Mark Start 0.009ms
[79.522s][info][gc,phases   ] GC(101) Concurrent Mark 77.862ms
[79.522s][info][gc,phases   ] GC(101) Pause Mark End 0.016ms
[79.522s][info][gc,phases   ] GC(101) Concurrent Mark Free 0.001ms
[79.523s][info][gc,phases   ] GC(101) Concurrent Process Non-Strong References 0.324ms
[79.523s][info][gc,phases   ] GC(101) Concurrent Reset Relocation Set 0.013ms
[79.530s][info][gc,phases   ] GC(101) Concurrent Select Relocation Set 7.153ms
[79.530s][info][gc,phases   ] GC(101) Pause Relocate Start 0.008ms
[79.545s][info][gc,phases   ] GC(101) Concurrent Relocate 14.447ms
[79.545s][info][gc,load     ] GC(101) Load: 0.00/0.00/0.00
[79.545s][info][gc,mmu      ] GC(101) MMU: 2ms/95.2%, 5ms/98.1%, 10ms/99.0%, 20ms/99.5%, 50ms/99.8%, 100ms/99.9%
[79.545s][info][gc,marking  ] GC(101) Mark: 8 stripe(s), 2 proactive flush(es), 2 terminate flush(es), 0 completion(s), 0 continuation(s) 
[79.545s][info][gc,marking  ] GC(101) Mark Stack Usage: 32M
[79.545s][info][gc,nmethod  ] GC(101) NMethods: 632 registered, 382 unregistered
[79.545s][info][gc,metaspace] GC(101) Metaspace: 16M used, 16M committed, 1088M reserved
[79.545s][info][gc,ref      ] GC(101) Soft: 171 encountered, 0 discovered, 0 enqueued
[79.545s][info][gc,ref      ] GC(101) Weak: 975 encountered, 54 discovered, 0 enqueued
[79.545s][info][gc,ref      ] GC(101) Final: 0 encountered, 0 discovered, 0 enqueued
[79.545s][info][gc,ref      ] GC(101) Phantom: 35 encountered, 23 discovered, 0 enqueued
[79.545s][info][gc,reloc    ] GC(101) Small Pages: 144 / 288M, Empty: 0M, Relocated: 40M, In-Place: 0
[79.545s][info][gc,reloc    ] GC(101) Medium Pages: 1 / 32M, Empty: 0M, Relocated: 0M, In-Place: 0
[79.545s][info][gc,reloc    ] GC(101) Large Pages: 0 / 0M, Empty: 0M, Relocated: 0M, In-Place: 0
[79.545s][info][gc,reloc    ] GC(101) Forwarding Usage: 17M
[79.545s][info][gc,heap     ] GC(101) Min Capacity: 8M(0%)
[79.545s][info][gc,heap     ] GC(101) Max Capacity: 2048M(100%)
[79.545s][info][gc,heap     ] GC(101) Soft Max Capacity: 2048M(100%)
[79.545s][info][gc,heap     ] GC(101)                Mark Start          Mark End        Relocate Start      Relocate End           High               Low         
[79.545s][info][gc,heap     ] GC(101)  Capacity:     2048M (100%)       2048M (100%)       2048M (100%)       2048M (100%)       2048M (100%)       2048M (100%)   
[79.545s][info][gc,heap     ] GC(101)      Free:     1728M (84%)        1642M (80%)        1634M (80%)        1640M (80%)        1728M (84%)        1608M (79%)    
[79.545s][info][gc,heap     ] GC(101)      Used:      320M (16%)         406M (20%)         414M (20%)         408M (20%)         440M (21%)         320M (16%)    
[79.545s][info][gc,heap     ] GC(101)      Live:         -               216M (11%)         216M (11%)         216M (11%)            -                  -          
[79.545s][info][gc,heap     ] GC(101) Allocated:         -                86M (4%)           94M (5%)          109M (5%)             -                  -          
[79.545s][info][gc,heap     ] GC(101)   Garbage:         -               103M (5%)          103M (5%)           81M (4%)             -                  -          
[79.545s][info][gc,heap     ] GC(101) Reclaimed:         -                  -                 0M (0%)           21M (1%)             -                  -          
[79.545s][info][gc          ] GC(101) Garbage Collection (Allocation Rate) 320M(16%)->408M(20%)
[79.632s][info][gc,start    ] GC(102) Garbage Collection (Allocation Rate)
[79.632s][info][gc,task     ] GC(102) Using 12 workers
[79.632s][info][gc,phases   ] GC(102) Pause Mark Start 0.017ms
[79.741s][info][gc,phases   ] GC(102) Concurrent Mark 108.943ms
[79.741s][info][gc,phases   ] GC(102) Pause Mark End 0.016ms
[79.741s][info][gc,phases   ] GC(102) Concurrent Mark Free 0.001ms
[79.741s][info][gc,phases   ] GC(102) Concurrent Process Non-Strong References 0.335ms
[79.742s][info][gc,phases   ] GC(102) Concurrent Reset Relocation Set 0.004ms
[79.764s][info][gc,phases   ] GC(102) Concurrent Select Relocation Set 22.712ms
[79.764s][info][gc,phases   ] GC(102) Pause Relocate Start 0.013ms
[79.786s][info][gc,phases   ] GC(102) Concurrent Relocate 21.114ms
[79.786s][info][gc,load     ] GC(102) Load: 0.00/0.00/0.00
[79.786s][info][gc,mmu      ] GC(102) MMU: 2ms/95.2%, 5ms/98.1%, 10ms/99.0%, 20ms/99.5%, 50ms/99.8%, 100ms/99.9%
[79.786s][info][gc,marking  ] GC(102) Mark: 8 stripe(s), 3 proactive flush(es), 1 terminate flush(es), 0 completion(s), 0 continuation(s) 
[79.786s][info][gc,marking  ] GC(102) Mark Stack Usage: 32M
[79.786s][info][gc,nmethod  ] GC(102) NMethods: 632 registered, 382 unregistered
[79.786s][info][gc,metaspace] GC(102) Metaspace: 16M used, 16M committed, 1088M reserved
[79.786s][info][gc,ref      ] GC(102) Soft: 171 encountered, 0 discovered, 0 enqueued
[79.786s][info][gc,ref      ] GC(102) Weak: 975 encountered, 351 discovered, 0 enqueued
[79.786s][info][gc,ref      ] GC(102) Final: 0 encountered, 0 discovered, 0 enqueued
[79.786s][info][gc,ref      ] GC(102) Phantom: 35 encountered, 33 discovered, 0 enqueued
[79.786s][info][gc,reloc    ] GC(102) Small Pages: 240 / 480M, Empty: 0M, Relocated: 62M, In-Place: 0
[79.786s][info][gc,reloc    ] GC(102) Medium Pages: 1 / 32M, Empty: 0M, Relocated: 0M, In-Place: 0
[79.786s][info][gc,reloc    ] GC(102) Large Pages: 0 / 0M, Empty: 0M, Relocated: 0M, In-Place: 0
[79.786s][info][gc,reloc    ] GC(102) Forwarding Usage: 27M
[79.786s][info][gc,heap     ] GC(102) Min Capacity: 8M(0%)
[79.786s][info][gc,heap     ] GC(102) Max Capacity: 2048M(100%)
[79.786s][info][gc,heap     ] GC(102) Soft Max Capacity: 2048M(100%)
[79.786s][info][gc,heap     ] GC(102)                Mark Start          Mark End        Relocate Start      Relocate End           High               Low         
[79.786s][info][gc,heap     ] GC(102)  Capacity:     2048M (100%)       2048M (100%)       2048M (100%)       2048M (100%)       2048M (100%)       2048M (100%)   
[79.786s][info][gc,heap     ] GC(102)      Free:     1536M (75%)        1428M (70%)        1400M (68%)        1420M (69%)        1536M (75%)        1376M (67%)    
[79.786s][info][gc,heap     ] GC(102)      Used:      512M (25%)         620M (30%)         648M (32%)         628M (31%)         672M (33%)         512M (25%)    
[79.786s][info][gc,heap     ] GC(102)      Live:         -               352M (17%)         352M (17%)         352M (17%)            -                  -          
[79.786s][info][gc,heap     ] GC(102) Allocated:         -               108M (5%)          136M (7%)          157M (8%)             -                  -          
[79.786s][info][gc,heap     ] GC(102)   Garbage:         -               159M (8%)          159M (8%)          117M (6%)             -                  -          
[79.786s][info][gc,heap     ] GC(102) Reclaimed:         -                  -                 0M (0%)           41M (2%)             -                  -          
[79.786s][info][gc          ] GC(102) Garbage Collection (Allocation Rate) 512M(25%)->628M(31%)
[79.835s][info][gc,start    ] GC(103) Garbage Collection (Allocation Rate)
[79.835s][info][gc,task     ] GC(103) Using 12 workers
[79.835s][info][gc,phases   ] GC(103) Pause Mark Start 0.014ms
[79.991s][info][gc,phases   ] GC(103) Concurrent Mark 155.893ms
[79.991s][info][gc,phases   ] GC(103) Pause Mark End 0.022ms
[79.991s][info][gc,phases   ] GC(103) Concurrent Mark Free 0.002ms
[79.992s][info][gc,phases   ] GC(103) Concurrent Process Non-Strong References 0.376ms
[79.992s][info][gc,phases   ] GC(103) Concurrent Reset Relocation Set 0.010ms
[79.997s][info][gc,phases   ] GC(103) Concurrent Select Relocation Set 4.859ms
[79.997s][info][gc,phases   ] GC(103) Pause Relocate Start 0.006ms
[80.012s][info][gc,phases   ] GC(103) Concurrent Relocate 15.648ms
[80.012s][info][gc,load     ] GC(103) Load: 0.00/0.00/0.00
[80.012s][info][gc,mmu      ] GC(103) MMU: 2ms/95.2%, 5ms/98.1%, 10ms/99.0%, 20ms/99.5%, 50ms/99.8%, 100ms/99.9%
[80.013s][info][gc,marking  ] GC(103) Mark: 8 stripe(s), 2 proactive flush(es), 1 terminate flush(es), 0 completion(s), 0 continuation(s) 
[80.013s][info][gc,marking  ] GC(103) Mark Stack Usage: 32M
[80.013s][info][gc,nmethod  ] GC(103) NMethods: 632 registered, 382 unregistered
[80.013s][info][gc,metaspace] GC(103) Metaspace: 16M used, 16M committed, 1088M reserved
[80.013s][info][gc,ref      ] GC(103) Soft: 171 encountered, 0 discovered, 0 enqueued
[80.013s][info][gc,ref      ] GC(103) Weak: 975 encountered, 423 discovered, 0 enqueued
[80.013s][info][gc,ref      ] GC(103) Final: 0 encountered, 0 discovered, 0 enqueued
[80.013s][info][gc,ref      ] GC(103) Phantom: 35 encountered, 27 discovered, 0 enqueued
[80.013s][info][gc,reloc    ] GC(103) Small Pages: 327 / 654M, Empty: 0M, Relocated: 57M, In-Place: 0
[80.013s][info][gc,reloc    ] GC(103) Medium Pages: 1 / 32M, Empty: 0M, Relocated: 0M, In-Place: 0
[80.013s][info][gc,reloc    ] GC(103) Large Pages: 0 / 0M, Empty: 0M, Relocated: 0M, In-Place: 0
[80.013s][info][gc,reloc    ] GC(103) Forwarding Usage: 24M
[80.013s][info][gc,heap     ] GC(103) Min Capacity: 8M(0%)
[80.013s][info][gc,heap     ] GC(103) Max Capacity: 2048M(100%)
[80.013s][info][gc,heap     ] GC(103) Soft Max Capacity: 2048M(100%)
[80.013s][info][gc,heap     ] GC(103)                Mark Start          Mark End        Relocate Start      Relocate End           High               Low         
[80.013s][info][gc,heap     ] GC(103)  Capacity:     2048M (100%)       2048M (100%)       2048M (100%)       2048M (100%)       2048M (100%)       2048M (100%)   
[80.013s][info][gc,heap     ] GC(103)      Free:     1362M (67%)        1212M (59%)        1206M (59%)        1230M (60%)        1362M (67%)        1182M (58%)    
[80.013s][info][gc,heap     ] GC(103)      Used:      686M (33%)         836M (41%)         842M (41%)         818M (40%)         866M (42%)         686M (33%)    
[80.013s][info][gc,heap     ] GC(103)      Live:         -               491M (24%)         491M (24%)         491M (24%)            -                  -          
[80.013s][info][gc,heap     ] GC(103) Allocated:         -               150M (7%)          156M (8%)          169M (8%)             -                  -          
[80.013s][info][gc,heap     ] GC(103)   Garbage:         -               194M (10%)         194M (10%)         156M (8%)             -                  -          
[80.013s][info][gc,heap     ] GC(103) Reclaimed:         -                  -                 0M (0%)           37M (2%)             -                  -          
[80.013s][info][gc          ] GC(103) Garbage Collection (Allocation Rate) 686M(33%)->818M(40%)
[80.038s][info][gc,start    ] GC(104) Garbage Collection (Allocation Rate)
[80.038s][info][gc,task     ] GC(104) Using 12 workers
[80.038s][info][gc,phases   ] GC(104) Pause Mark Start 0.018ms
[80.131s][info][gc,stats    ] === Garbage Collection Statistics =======================================================================================================================
[80.132s][info][gc,stats    ]                                                              Last 10s              Last 10m              Last 10h                Total
[80.132s][info][gc,stats    ]                                                              Avg / Max             Avg / Max             Avg / Max             Avg / Max
[80.132s][info][gc,stats    ]   Collector: Garbage Collection Cycle                    176.695 / 288.268     157.427 / 310.643     157.427 / 310.643     157.427 / 310.643     ms
[80.132s][info][gc,stats    ]  Contention: Mark Segment Reset Contention                     5 / 18                5 / 54                5 / 54                5 / 54          ops/s
[80.132s][info][gc,stats    ]  Contention: Mark SeqNum Reset Contention                      1 / 5                 0 / 9                 0 / 9                 0 / 9           ops/s
[80.132s][info][gc,stats    ]    Critical: Allocation Stall                                  7 / 71                3 / 173               3 / 173               3 / 173         ops/s
[80.132s][info][gc,stats    ]    Critical: Allocation Stall                              1.635 / 4.765        10.561 / 32.476       10.561 / 32.476       10.561 / 32.476      ms
[80.132s][info][gc,stats    ]    Critical: GC Locker Stall                                   0 / 0                 0 / 0                 0 / 0                 0 / 0           ops/s
[80.132s][info][gc,stats    ]    Critical: GC Locker Stall                               0.000 / 0.000         0.000 / 0.000         0.000 / 0.000         0.000 / 0.000       ms
[80.132s][info][gc,stats    ]    Critical: Relocation Stall                                  0 / 0                 0 / 0                 0 / 0                 0 / 0           ops/s
[80.132s][info][gc,stats    ]    Critical: Relocation Stall                              0.000 / 0.000         0.000 / 0.000         0.000 / 0.000         0.000 / 0.000       ms
[80.132s][info][gc,stats    ]      Memory: Allocation Rate                                 945 / 5496            699 / 5930            699 / 5930            699 / 5930        MB/s
[80.132s][info][gc,stats    ]      Memory: Defragment                                        6 / 64                1 / 64                1 / 64                1 / 64          ops/s
[80.132s][info][gc,stats    ]      Memory: Out Of Memory                                     0 / 0                 0 / 0                 0 / 0                 0 / 0           ops/s
[80.132s][info][gc,stats    ]      Memory: Page Cache Flush                                 19 / 128               7 / 160               7 / 160               7 / 160         MB/s
[80.132s][info][gc,stats    ]      Memory: Page Cache Hit L1                               516 / 2714            377 / 2940            377 / 2940            377 / 2940        ops/s
[80.132s][info][gc,stats    ]      Memory: Page Cache Hit L2                                 0 / 0                 0 / 0                 0 / 0                 0 / 0           ops/s
[80.132s][info][gc,stats    ]      Memory: Page Cache Hit L3                                 6 / 58               14 / 438              14 / 438              14 / 438         ops/s
[80.132s][info][gc,stats    ]      Memory: Page Cache Miss                                   0 / 2                 0 / 3                 0 / 3                 0 / 3           ops/s
[80.132s][info][gc,stats    ]      Memory: Uncommit                                          0 / 0                 0 / 0                 0 / 0                 0 / 0           MB/s
[80.132s][info][gc,stats    ]      Memory: Undo Object Allocation Failed                    20 / 205              17 / 297              17 / 297              17 / 297         ops/s
[80.132s][info][gc,stats    ]      Memory: Undo Object Allocation Succeeded                  1 / 14                4 / 147               4 / 147               4 / 147         ops/s
[80.132s][info][gc,stats    ]      Memory: Undo Page Allocation                             65 / 624              52 / 688              52 / 688              52 / 688         ops/s
[80.132s][info][gc,stats    ]       Phase: Concurrent Mark                             113.160 / 218.460     101.187 / 234.059     101.187 / 234.059     101.187 / 234.059     ms
[80.132s][info][gc,stats    ]       Phase: Concurrent Mark Continue                      0.000 / 0.000         0.000 / 0.000         0.000 / 0.000         0.000 / 0.000       ms
[80.132s][info][gc,stats    ]       Phase: Concurrent Mark Free                          0.001 / 0.003         0.001 / 0.006         0.001 / 0.006         0.001 / 0.006       ms
[80.132s][info][gc,stats    ]       Phase: Concurrent Process Non-Strong References      0.522 / 1.548         1.939 / 27.626        1.939 / 27.626        1.939 / 27.626      ms
[80.132s][info][gc,stats    ]       Phase: Concurrent Relocate                          18.386 / 87.146       16.549 / 87.199       16.549 / 87.199       16.549 / 87.199      ms
[80.132s][info][gc,stats    ]       Phase: Concurrent Reset Relocation Set               0.019 / 0.060         0.019 / 0.096         0.019 / 0.096         0.019 / 0.096       ms
[80.132s][info][gc,stats    ]       Phase: Concurrent Select Relocation Set             18.652 / 67.766       16.072 / 67.766       16.072 / 67.766       16.072 / 67.766      ms
[80.132s][info][gc,stats    ]       Phase: Pause Mark End                                0.018 / 0.024         0.019 / 0.027         0.019 / 0.027         0.019 / 0.027       ms
[80.132s][info][gc,stats    ]       Phase: Pause Mark Start                              0.016 / 0.030         0.015 / 0.095         0.015 / 0.095         0.015 / 0.095       ms
[80.132s][info][gc,stats    ]       Phase: Pause Relocate Start                          0.008 / 0.013         0.008 / 0.017         0.008 / 0.017         0.008 / 0.017       ms
[80.132s][info][gc,stats    ]    Subphase: Concurrent Classes Purge                      0.101 / 1.167         0.141 / 3.083         0.141 / 3.083         0.141 / 3.083       ms
[80.132s][info][gc,stats    ]    Subphase: Concurrent Classes Unlink                     0.148 / 0.200         0.796 / 24.520        0.796 / 24.520        0.796 / 24.520      ms
[80.132s][info][gc,stats    ]    Subphase: Concurrent Mark                             111.023 / 217.494      97.707 / 233.096      97.707 / 233.096      97.707 / 233.096     ms
[80.132s][info][gc,stats    ]    Subphase: Concurrent Mark Try Flush                     3.946 / 31.096        2.988 / 58.418        2.988 / 58.418        2.988 / 58.418      ms
[80.132s][info][gc,stats    ]    Subphase: Concurrent Mark Try Terminate                11.487 / 16.638       10.537 / 16.684       10.537 / 16.684       10.537 / 16.684      ms
[80.132s][info][gc,stats    ]    Subphase: Concurrent References Enqueue                 0.001 / 0.003         0.001 / 0.004         0.001 / 0.004         0.001 / 0.004       ms
[80.132s][info][gc,stats    ]    Subphase: Concurrent References Process                 0.053 / 0.256         0.063 / 0.600         0.063 / 0.600         0.063 / 0.600       ms
[80.132s][info][gc,stats    ]    Subphase: Concurrent Roots ClassLoaderDataGraph         0.033 / 0.373         0.048 / 1.098         0.048 / 1.098         0.048 / 1.098       ms
[80.132s][info][gc,stats    ]    Subphase: Concurrent Roots CodeCache                    0.000 / 0.000         0.000 / 0.000         0.000 / 0.000         0.000 / 0.000       ms
[80.132s][info][gc,stats    ]    Subphase: Concurrent Roots JavaThreads                  0.770 / 2.603         0.962 / 17.879        0.962 / 17.879        0.962 / 17.879      ms
[80.132s][info][gc,stats    ]    Subphase: Concurrent Roots OopStorageSet                0.012 / 0.052         0.019 / 0.569         0.019 / 0.569         0.019 / 0.569       ms
[80.132s][info][gc,stats    ]    Subphase: Concurrent Weak Roots OopStorageSet           0.096 / 0.171         0.104 / 0.300         0.104 / 0.300         0.104 / 0.300       ms
[80.132s][info][gc,stats    ]    Subphase: Pause Mark Try Complete                       0.000 / 0.000         0.000 / 0.000         0.000 / 0.000         0.000 / 0.000       ms
[80.132s][info][gc,stats    ]      System: Java Threads                                     62 / 63               63 / 75               63 / 75               63 / 75          threads
[80.132s][info][gc,stats    ] =========================================================================================================================================================
[80.225s][info][gc,phases   ] GC(104) Concurrent Mark 187.075ms
[80.225s][info][gc,phases   ] GC(104) Pause Mark End 0.018ms
[80.225s][info][gc,phases   ] GC(104) Concurrent Mark Free 0.001ms
[80.226s][info][gc,phases   ] GC(104) Concurrent Process Non-Strong References 0.311ms
[80.226s][info][gc,phases   ] GC(104) Concurrent Reset Relocation Set 0.013ms
[80.229s][info][gc,phases   ] GC(104) Concurrent Select Relocation Set 3.679ms
[80.230s][info][gc,phases   ] GC(104) Pause Relocate Start 0.008ms
[80.242s][info][gc,phases   ] GC(104) Concurrent Relocate 12.006ms
[80.242s][info][gc,load     ] GC(104) Load: 0.00/0.00/0.00
[80.242s][info][gc,mmu      ] GC(104) MMU: 2ms/95.2%, 5ms/98.1%, 10ms/99.0%, 20ms/99.5%, 50ms/99.8%, 100ms/99.9%
[80.242s][info][gc,marking  ] GC(104) Mark: 8 stripe(s), 3 proactive flush(es), 1 terminate flush(es), 0 completion(s), 0 continuation(s) 
[80.242s][info][gc,marking  ] GC(104) Mark Stack Usage: 32M
[80.242s][info][gc,nmethod  ] GC(104) NMethods: 632 registered, 382 unregistered
[80.242s][info][gc,metaspace] GC(104) Metaspace: 16M used, 16M committed, 1088M reserved
[80.242s][info][gc,ref      ] GC(104) Soft: 171 encountered, 0 discovered, 0 enqueued
[80.242s][info][gc,ref      ] GC(104) Weak: 978 encountered, 83 discovered, 2 enqueued
[80.242s][info][gc,ref      ] GC(104) Final: 0 encountered, 0 discovered, 0 enqueued
[80.242s][info][gc,ref      ] GC(104) Phantom: 35 encountered, 22 discovered, 0 enqueued
[80.242s][info][gc,reloc    ] GC(104) Small Pages: 405 / 810M, Empty: 0M, Relocated: 38M, In-Place: 0
[80.242s][info][gc,reloc    ] GC(104) Medium Pages: 2 / 64M, Empty: 0M, Relocated: 3M, In-Place: 0
[80.242s][info][gc,reloc    ] GC(104) Large Pages: 0 / 0M, Empty: 0M, Relocated: 0M, In-Place: 0
[80.242s][info][gc,reloc    ] GC(104) Forwarding Usage: 16M
[80.242s][info][gc,heap     ] GC(104) Min Capacity: 8M(0%)
[80.242s][info][gc,heap     ] GC(104) Max Capacity: 2048M(100%)
[80.242s][info][gc,heap     ] GC(104) Soft Max Capacity: 2048M(100%)
[80.242s][info][gc,heap     ] GC(104)                Mark Start          Mark End        Relocate Start      Relocate End           High               Low         
[80.242s][info][gc,heap     ] GC(104)  Capacity:     2048M (100%)       2048M (100%)       2048M (100%)       2048M (100%)       2048M (100%)       2048M (100%)   
[80.242s][info][gc,heap     ] GC(104)      Free:     1174M (57%)        1114M (54%)        1112M (54%)        1132M (55%)        1174M (57%)         996M (49%)    
[80.242s][info][gc,heap     ] GC(104)      Used:      874M (43%)         934M (46%)         936M (46%)         916M (45%)        1052M (51%)         874M (43%)    
[80.242s][info][gc,heap     ] GC(104)      Live:         -               617M (30%)         617M (30%)         617M (30%)            -                  -          
[80.242s][info][gc,heap     ] GC(104) Allocated:         -                60M (3%)           62M (3%)           92M (4%)             -                  -          
[80.242s][info][gc,heap     ] GC(104)   Garbage:         -               256M (13%)         256M (13%)         206M (10%)            -                  -          
[80.242s][info][gc,heap     ] GC(104) Reclaimed:         -                  -                 0M (0%)           50M (2%)             -                  -          
[80.242s][info][gc          ] GC(104) Garbage Collection (Allocation Rate) 874M(43%)->916M(45%)
[80.335s][info][gc,start    ] GC(105) Garbage Collection (Allocation Rate)
[80.335s][info][gc,task     ] GC(105) Using 12 workers
[80.335s][info][gc,phases   ] GC(105) Pause Mark Start 0.017ms
[80.491s][info][gc,phases   ] GC(105) Concurrent Mark 155.795ms
[80.491s][info][gc,phases   ] GC(105) Pause Mark End 0.015ms
[80.491s][info][gc,phases   ] GC(105) Concurrent Mark Free 0.001ms
[80.491s][info][gc,phases   ] GC(105) Concurrent Process Non-Strong References 0.258ms
[80.491s][info][gc,phases   ] GC(105) Concurrent Reset Relocation Set 0.007ms
[80.520s][info][gc,phases   ] GC(105) Concurrent Select Relocation Set 28.838ms
[80.520s][info][gc,phases   ] GC(105) Pause Relocate Start 0.010ms
[80.567s][info][gc,phases   ] GC(105) Concurrent Relocate 46.407ms
[80.567s][info][gc,load     ] GC(105) Load: 0.00/0.00/0.00
[80.567s][info][gc,mmu      ] GC(105) MMU: 2ms/95.2%, 5ms/98.1%, 10ms/99.0%, 20ms/99.5%, 50ms/99.8%, 100ms/99.9%
[80.567s][info][gc,marking  ] GC(105) Mark: 8 stripe(s), 2 proactive flush(es), 1 terminate flush(es), 0 completion(s), 0 continuation(s) 
[80.567s][info][gc,marking  ] GC(105) Mark Stack Usage: 32M
[80.567s][info][gc,nmethod  ] GC(105) NMethods: 633 registered, 382 unregistered
[80.567s][info][gc,metaspace] GC(105) Metaspace: 16M used, 16M committed, 1088M reserved
[80.567s][info][gc,ref      ] GC(105) Soft: 171 encountered, 0 discovered, 0 enqueued
[80.567s][info][gc,ref      ] GC(105) Weak: 976 encountered, 119 discovered, 1 enqueued
[80.567s][info][gc,ref      ] GC(105) Final: 0 encountered, 0 discovered, 0 enqueued
[80.567s][info][gc,ref      ] GC(105) Phantom: 35 encountered, 16 discovered, 0 enqueued
[80.567s][info][gc,reloc    ] GC(105) Small Pages: 438 / 876M, Empty: 0M, Relocated: 201M, In-Place: 0
[80.567s][info][gc,reloc    ] GC(105) Medium Pages: 2 / 64M, Empty: 32M, Relocated: 0M, In-Place: 0
[80.567s][info][gc,reloc    ] GC(105) Large Pages: 0 / 0M, Empty: 0M, Relocated: 0M, In-Place: 0
[80.567s][info][gc,reloc    ] GC(105) Forwarding Usage: 83M
[80.567s][info][gc,heap     ] GC(105) Min Capacity: 8M(0%)
[80.567s][info][gc,heap     ] GC(105) Max Capacity: 2048M(100%)
[80.567s][info][gc,heap     ] GC(105) Soft Max Capacity: 2048M(100%)
[80.567s][info][gc,heap     ] GC(105)                Mark Start          Mark End        Relocate Start      Relocate End           High               Low         
[80.567s][info][gc,heap     ] GC(105)  Capacity:     2048M (100%)       2048M (100%)       2048M (100%)       2048M (100%)       2048M (100%)       2048M (100%)   
[80.567s][info][gc,heap     ] GC(105)      Free:     1108M (54%)        1052M (51%)        1082M (53%)        1268M (62%)        1268M (62%)        1052M (51%)    
[80.567s][info][gc,heap     ] GC(105)      Used:      940M (46%)         996M (49%)         966M (47%)         780M (38%)         996M (49%)         780M (38%)    
[80.567s][info][gc,heap     ] GC(105)      Live:         -               583M (29%)         583M (29%)         583M (29%)            -                  -          
[80.567s][info][gc,heap     ] GC(105) Allocated:         -                56M (3%)           58M (3%)           59M (3%)             -                  -          
[80.567s][info][gc,heap     ] GC(105)   Garbage:         -               356M (17%)         324M (16%)         136M (7%)             -                  -          
[80.567s][info][gc,heap     ] GC(105) Reclaimed:         -                  -                32M (2%)          219M (11%)            -                  -          
[80.567s][info][gc          ] GC(105) Garbage Collection (Allocation Rate) 940M(46%)->780M(38%)
[80.629s][info][gc,start    ] GC(106) Garbage Collection (Allocation Rate)
[80.629s][info][gc,task     ] GC(106) Using 12 workers
[80.629s][info][gc,phases   ] GC(106) Pause Mark Start 0.014ms
[80.645s][info][gc,phases   ] GC(106) Concurrent Mark 15.323ms
[80.645s][info][gc,phases   ] GC(106) Pause Mark End 0.023ms
[80.645s][info][gc,phases   ] GC(106) Concurrent Mark Free 0.002ms
[80.646s][info][gc,phases   ] GC(106) Concurrent Process Non-Strong References 0.498ms
[80.646s][info][gc,phases   ] GC(106) Concurrent Reset Relocation Set 0.046ms
[80.666s][info][gc,phases   ] GC(106) Concurrent Select Relocation Set 19.970ms
[80.666s][info][gc,phases   ] GC(106) Pause Relocate Start 0.006ms
[80.668s][info][gc,phases   ] GC(106) Concurrent Relocate 2.492ms
[80.668s][info][gc,load     ] GC(106) Load: 0.00/0.00/0.00
[80.669s][info][gc,mmu      ] GC(106) MMU: 2ms/95.2%, 5ms/98.1%, 10ms/99.0%, 20ms/99.5%, 50ms/99.8%, 100ms/99.9%
[80.669s][info][gc,marking  ] GC(106) Mark: 8 stripe(s), 2 proactive flush(es), 1 terminate flush(es), 0 completion(s), 0 continuation(s) 
[80.669s][info][gc,marking  ] GC(106) Mark Stack Usage: 32M
[80.669s][info][gc,nmethod  ] GC(106) NMethods: 633 registered, 382 unregistered
[80.669s][info][gc,metaspace] GC(106) Metaspace: 16M used, 16M committed, 1088M reserved
[80.669s][info][gc,ref      ] GC(106) Soft: 171 encountered, 0 discovered, 0 enqueued
[80.669s][info][gc,ref      ] GC(106) Weak: 975 encountered, 359 discovered, 2 enqueued
[80.669s][info][gc,ref      ] GC(106) Final: 0 encountered, 0 discovered, 0 enqueued
[80.669s][info][gc,ref      ] GC(106) Phantom: 35 encountered, 21 discovered, 0 enqueued
[80.669s][info][gc,reloc    ] GC(106) Small Pages: 375 / 750M, Empty: 688M, Relocated: 6M, In-Place: 0
[80.669s][info][gc,reloc    ] GC(106) Medium Pages: 1 / 32M, Empty: 32M, Relocated: 0M, In-Place: 0
[80.669s][info][gc,reloc    ] GC(106) Large Pages: 0 / 0M, Empty: 0M, Relocated: 0M, In-Place: 0
[80.669s][info][gc,reloc    ] GC(106) Forwarding Usage: 1M
[80.669s][info][gc,heap     ] GC(106) Min Capacity: 8M(0%)
[80.669s][info][gc,heap     ] GC(106) Max Capacity: 2048M(100%)
[80.669s][info][gc,heap     ] GC(106) Soft Max Capacity: 2048M(100%)
[80.669s][info][gc,heap     ] GC(106)                Mark Start          Mark End        Relocate Start      Relocate End           High               Low         
[80.669s][info][gc,heap     ] GC(106)  Capacity:     2048M (100%)       2048M (100%)       2048M (100%)       2048M (100%)       2048M (100%)       2048M (100%)   
[80.669s][info][gc,heap     ] GC(106)      Free:     1266M (62%)        1264M (62%)        1984M (97%)        2002M (98%)        2002M (98%)        1264M (62%)    
[80.669s][info][gc,heap     ] GC(106)      Used:      782M (38%)         784M (38%)          64M (3%)           46M (2%)          784M (38%)          46M (2%)     
[80.669s][info][gc,heap     ] GC(106)      Live:         -                20M (1%)           20M (1%)           20M (1%)             -                  -          
[80.669s][info][gc,heap     ] GC(106) Allocated:         -                 2M (0%)            2M (0%)            3M (0%)             -                  -          
[80.669s][info][gc,heap     ] GC(106)   Garbage:         -               761M (37%)          41M (2%)           21M (1%)             -                  -          
[80.669s][info][gc,heap     ] GC(106) Reclaimed:         -                  -               720M (35%)         739M (36%)            -                  -          
[80.669s][info][gc          ] GC(106) Garbage Collection (Allocation Rate) 782M(38%)->46M(2%)
[80.738s][info][gc,start    ] GC(107) Garbage Collection (Allocation Rate)
[80.738s][info][gc,task     ] GC(107) Using 12 workers
[80.739s][info][gc,phases   ] GC(107) Pause Mark Start 0.012ms
[80.770s][info][gc,phases   ] GC(107) Concurrent Mark 31.006ms
[80.770s][info][gc,phases   ] GC(107) Pause Mark End 0.015ms
[80.770s][info][gc,phases   ] GC(107) Concurrent Mark Free 0.001ms
[80.771s][info][gc,phases   ] GC(107) Concurrent Process Non-Strong References 0.540ms
[80.771s][info][gc,phases   ] GC(107) Concurrent Reset Relocation Set 0.003ms
[80.775s][info][gc,phases   ] GC(107) Concurrent Select Relocation Set 3.965ms
[80.775s][info][gc,phases   ] GC(107) Pause Relocate Start 0.005ms
[80.776s][info][gc,phases   ] GC(107) Concurrent Relocate 1.250ms
[80.776s][info][gc,load     ] GC(107) Load: 0.00/0.00/0.00
[80.776s][info][gc,mmu      ] GC(107) MMU: 2ms/95.2%, 5ms/98.1%, 10ms/99.0%, 20ms/99.5%, 50ms/99.8%, 100ms/99.9%
[80.776s][info][gc,marking  ] GC(107) Mark: 8 stripe(s), 4 proactive flush(es), 1 terminate flush(es), 0 completion(s), 0 continuation(s) 
[80.776s][info][gc,marking  ] GC(107) Mark Stack Usage: 32M
[80.776s][info][gc,nmethod  ] GC(107) NMethods: 633 registered, 382 unregistered
[80.776s][info][gc,metaspace] GC(107) Metaspace: 16M used, 16M committed, 1088M reserved
[80.776s][info][gc,ref      ] GC(107) Soft: 171 encountered, 0 discovered, 0 enqueued
[80.776s][info][gc,ref      ] GC(107) Weak: 973 encountered, 110 discovered, 0 enqueued
[80.776s][info][gc,ref      ] GC(107) Final: 0 encountered, 0 discovered, 0 enqueued
[80.776s][info][gc,ref      ] GC(107) Phantom: 35 encountered, 17 discovered, 0 enqueued
[80.776s][info][gc,reloc    ] GC(107) Small Pages: 24 / 48M, Empty: 0M, Relocated: 5M, In-Place: 0
[80.776s][info][gc,reloc    ] GC(107) Medium Pages: 0 / 0M, Empty: 0M, Relocated: 0M, In-Place: 0
[80.776s][info][gc,reloc    ] GC(107) Large Pages: 0 / 0M, Empty: 0M, Relocated: 0M, In-Place: 0
[80.776s][info][gc,reloc    ] GC(107) Forwarding Usage: 1M
[80.776s][info][gc,heap     ] GC(107) Min Capacity: 8M(0%)
[80.776s][info][gc,heap     ] GC(107) Max Capacity: 2048M(100%)
[80.776s][info][gc,heap     ] GC(107) Soft Max Capacity: 2048M(100%)
[80.776s][info][gc,heap     ] GC(107)                Mark Start          Mark End        Relocate Start      Relocate End           High               Low         
[80.776s][info][gc,heap     ] GC(107)  Capacity:     2048M (100%)       2048M (100%)       2048M (100%)       2048M (100%)       2048M (100%)       2048M (100%)   
[80.776s][info][gc,heap     ] GC(107)      Free:     2000M (98%)        1998M (98%)        1998M (98%)        2002M (98%)        2002M (98%)        1974M (96%)    
[80.776s][info][gc,heap     ] GC(107)      Used:       48M (2%)           50M (2%)           50M (2%)           46M (2%)           74M (4%)           46M (2%)     
[80.777s][info][gc,heap     ] GC(107)      Live:         -                20M (1%)           20M (1%)           20M (1%)             -                  -          
[80.777s][info][gc,heap     ] GC(107) Allocated:         -                 2M (0%)            2M (0%)            1M (0%)             -                  -          
[80.777s][info][gc,heap     ] GC(107)   Garbage:         -                27M (1%)           27M (1%)           23M (1%)             -                  -          
[80.777s][info][gc,heap     ] GC(107) Reclaimed:         -                  -                 0M (0%)            3M (0%)             -                  -          
[80.777s][info][gc          ] GC(107) Garbage Collection (Allocation Rate) 48M(2%)->46M(2%)
[86.643s][info][gc,start    ] GC(108) Garbage Collection (Allocation Rate)
[86.643s][info][gc,task     ] GC(108) Using 12 workers
[86.643s][info][gc,phases   ] GC(108) Pause Mark Start 0.018ms
[86.752s][info][gc,phases   ] GC(108) Concurrent Mark 108.877ms
[86.752s][info][gc,phases   ] GC(108) Pause Mark End 0.018ms
[86.752s][info][gc,phases   ] GC(108) Concurrent Mark Free 0.002ms
[86.753s][info][gc,phases   ] GC(108) Concurrent Process Non-Strong References 0.359ms
[86.753s][info][gc,phases   ] GC(108) Concurrent Reset Relocation Set 0.003ms
[86.806s][info][gc,phases   ] GC(108) Concurrent Select Relocation Set 52.747ms
[86.806s][info][gc,phases   ] GC(108) Pause Relocate Start 0.009ms
[86.881s][info][gc,phases   ] GC(108) Concurrent Relocate 75.471ms
[86.881s][info][gc,load     ] GC(108) Load: 0.00/0.00/0.00
[86.881s][info][gc,mmu      ] GC(108) MMU: 2ms/95.2%, 5ms/98.1%, 10ms/99.0%, 20ms/99.5%, 50ms/99.8%, 100ms/99.9%
[86.881s][info][gc,marking  ] GC(108) Mark: 8 stripe(s), 2 proactive flush(es), 1 terminate flush(es), 0 completion(s), 0 continuation(s) 
[86.881s][info][gc,marking  ] GC(108) Mark Stack Usage: 32M
[86.881s][info][gc,nmethod  ] GC(108) NMethods: 635 registered, 383 unregistered
[86.881s][info][gc,metaspace] GC(108) Metaspace: 16M used, 16M committed, 1088M reserved
[86.882s][info][gc,ref      ] GC(108) Soft: 171 encountered, 0 discovered, 0 enqueued
[86.882s][info][gc,ref      ] GC(108) Weak: 977 encountered, 58 discovered, 5 enqueued
[86.882s][info][gc,ref      ] GC(108) Final: 0 encountered, 0 discovered, 0 enqueued
[86.882s][info][gc,ref      ] GC(108) Phantom: 35 encountered, 20 discovered, 0 enqueued
[86.882s][info][gc,reloc    ] GC(108) Small Pages: 436 / 872M, Empty: 0M, Relocated: 311M, In-Place: 0
[86.882s][info][gc,reloc    ] GC(108) Medium Pages: 0 / 0M, Empty: 0M, Relocated: 0M, In-Place: 0
[86.882s][info][gc,reloc    ] GC(108) Large Pages: 0 / 0M, Empty: 0M, Relocated: 0M, In-Place: 0
[86.882s][info][gc,reloc    ] GC(108) Forwarding Usage: 206M
[86.882s][info][gc,heap     ] GC(108) Min Capacity: 8M(0%)
[86.882s][info][gc,heap     ] GC(108) Max Capacity: 2048M(100%)
[86.882s][info][gc,heap     ] GC(108) Soft Max Capacity: 2048M(100%)
[86.882s][info][gc,heap     ] GC(108)                Mark Start          Mark End        Relocate Start      Relocate End           High               Low         
[86.882s][info][gc,heap     ] GC(108)  Capacity:     2048M (100%)       2048M (100%)       2048M (100%)       2048M (100%)       2048M (100%)       2048M (100%)   
[86.882s][info][gc,heap     ] GC(108)      Free:     1176M (57%)        1064M (52%)         994M (49%)        1486M (73%)        1486M (73%)         970M (47%)    
[86.882s][info][gc,heap     ] GC(108)      Used:      872M (43%)         984M (48%)        1054M (51%)         562M (27%)        1078M (53%)         562M (27%)    
[86.882s][info][gc,heap     ] GC(108)      Live:         -               327M (16%)         327M (16%)         327M (16%)            -                  -          
[86.882s][info][gc,heap     ] GC(108) Allocated:         -               112M (5%)          182M (9%)          213M (10%)            -                  -          
[86.882s][info][gc,heap     ] GC(108)   Garbage:         -               544M (27%)         544M (27%)          20M (1%)             -                  -          
[86.882s][info][gc,heap     ] GC(108) Reclaimed:         -                  -                 0M (0%)          523M (26%)            -                  -          
[86.882s][info][gc          ] GC(108) Garbage Collection (Allocation Rate) 872M(43%)->562M(27%)
[86.940s][info][gc,start    ] GC(109) Garbage Collection (Allocation Rate)
[86.940s][info][gc,task     ] GC(109) Using 12 workers
[86.940s][info][gc,phases   ] GC(109) Pause Mark Start 0.015ms
[87.149s][info][gc,phases   ] GC(109) Concurrent Mark 209.263ms
[87.149s][info][gc,phases   ] GC(109) Pause Mark End 0.015ms
[87.171s][info][gc,phases   ] GC(109) Concurrent Mark Free 0.001ms
[87.171s][info][gc,phases   ] GC(109) Concurrent Process Non-Strong References 0.338ms
[87.171s][info][gc,phases   ] GC(109) Concurrent Reset Relocation Set 0.052ms
[87.193s][info][gc,phases   ] GC(109) Concurrent Select Relocation Set 21.927ms
[87.193s][info][gc,phases   ] GC(109) Pause Relocate Start 0.010ms
[87.227s][info][gc,phases   ] GC(109) Concurrent Relocate 33.435ms
[87.227s][info][gc,load     ] GC(109) Load: 0.00/0.00/0.00
[87.227s][info][gc,mmu      ] GC(109) MMU: 2ms/95.2%, 5ms/98.1%, 10ms/99.0%, 20ms/99.5%, 50ms/99.8%, 100ms/99.9%
[87.227s][info][gc,marking  ] GC(109) Mark: 8 stripe(s), 2 proactive flush(es), 1 terminate flush(es), 0 completion(s), 0 continuation(s) 
[87.227s][info][gc,marking  ] GC(109) Mark Stack Usage: 32M
[87.227s][info][gc,nmethod  ] GC(109) NMethods: 635 registered, 383 unregistered
[87.227s][info][gc,metaspace] GC(109) Metaspace: 16M used, 16M committed, 1088M reserved
[87.227s][info][gc,ref      ] GC(109) Soft: 171 encountered, 0 discovered, 0 enqueued
[87.227s][info][gc,ref      ] GC(109) Weak: 972 encountered, 31 discovered, 0 enqueued
[87.227s][info][gc,ref      ] GC(109) Final: 0 encountered, 0 discovered, 0 enqueued
[87.227s][info][gc,ref      ] GC(109) Phantom: 35 encountered, 28 discovered, 0 enqueued
[87.227s][info][gc,reloc    ] GC(109) Small Pages: 308 / 616M, Empty: 0M, Relocated: 111M, In-Place: 0
[87.227s][info][gc,reloc    ] GC(109) Medium Pages: 0 / 0M, Empty: 0M, Relocated: 0M, In-Place: 0
[87.227s][info][gc,reloc    ] GC(109) Large Pages: 0 / 0M, Empty: 0M, Relocated: 0M, In-Place: 0
[87.227s][info][gc,reloc    ] GC(109) Forwarding Usage: 70M
[87.227s][info][gc,heap     ] GC(109) Min Capacity: 8M(0%)
[87.227s][info][gc,heap     ] GC(109) Max Capacity: 2048M(100%)
[87.227s][info][gc,heap     ] GC(109) Soft Max Capacity: 2048M(100%)
[87.227s][info][gc,heap     ] GC(109)                Mark Start          Mark End        Relocate Start      Relocate End           High               Low         
[87.227s][info][gc,heap     ] GC(109)  Capacity:     2048M (100%)       2048M (100%)       2048M (100%)       2048M (100%)       2048M (100%)       2048M (100%)   
[87.227s][info][gc,heap     ] GC(109)      Free:     1432M (70%)        1218M (59%)        1196M (58%)        1346M (66%)        1432M (70%)        1172M (57%)    
[87.227s][info][gc,heap     ] GC(109)      Used:      616M (30%)         830M (41%)         852M (42%)         702M (34%)         876M (43%)         616M (30%)    
[87.227s][info][gc,heap     ] GC(109)      Live:         -               423M (21%)         423M (21%)         423M (21%)            -                  -          
[87.227s][info][gc,heap     ] GC(109) Allocated:         -               214M (10%)         236M (12%)         253M (12%)            -                  -          
[87.227s][info][gc,heap     ] GC(109)   Garbage:         -               192M (9%)          192M (9%)           24M (1%)             -                  -          
[87.227s][info][gc,heap     ] GC(109) Reclaimed:         -                  -                 0M (0%)          167M (8%)             -                  -          
[87.227s][info][gc          ] GC(109) Garbage Collection (Allocation Rate) 616M(30%)->702M(34%)
[87.243s][info][gc,start    ] GC(110) Garbage Collection (Allocation Rate)
[87.243s][info][gc,task     ] GC(110) Using 12 workers
[87.243s][info][gc,phases   ] GC(110) Pause Mark Start 0.012ms
[87.430s][info][gc,phases   ] GC(110) Concurrent Mark 187.203ms
[87.431s][info][gc,phases   ] GC(110) Pause Mark End 0.018ms
[87.431s][info][gc,phases   ] GC(110) Concurrent Mark Free 0.001ms
[87.431s][info][gc,phases   ] GC(110) Concurrent Process Non-Strong References 0.418ms
[87.431s][info][gc,phases   ] GC(110) Concurrent Reset Relocation Set 0.023ms
[87.437s][info][gc,phases   ] GC(110) Concurrent Select Relocation Set 5.595ms
[87.437s][info][gc,phases   ] GC(110) Pause Relocate Start 0.008ms
[87.466s][info][gc,phases   ] GC(110) Concurrent Relocate 28.580ms
[87.466s][info][gc,load     ] GC(110) Load: 0.00/0.00/0.00
[87.466s][info][gc,mmu      ] GC(110) MMU: 2ms/95.2%, 5ms/98.1%, 10ms/99.0%, 20ms/99.5%, 50ms/99.8%, 100ms/99.9%
[87.466s][info][gc,marking  ] GC(110) Mark: 8 stripe(s), 2 proactive flush(es), 1 terminate flush(es), 0 completion(s), 0 continuation(s) 
[87.466s][info][gc,marking  ] GC(110) Mark Stack Usage: 32M
[87.466s][info][gc,nmethod  ] GC(110) NMethods: 635 registered, 383 unregistered
[87.466s][info][gc,metaspace] GC(110) Metaspace: 16M used, 16M committed, 1088M reserved
[87.466s][info][gc,ref      ] GC(110) Soft: 171 encountered, 0 discovered, 0 enqueued
[87.466s][info][gc,ref      ] GC(110) Weak: 972 encountered, 39 discovered, 0 enqueued
[87.466s][info][gc,ref      ] GC(110) Final: 0 encountered, 0 discovered, 0 enqueued
[87.466s][info][gc,ref      ] GC(110) Phantom: 35 encountered, 22 discovered, 0 enqueued
[87.466s][info][gc,reloc    ] GC(110) Small Pages: 359 / 718M, Empty: 0M, Relocated: 110M, In-Place: 0
[87.466s][info][gc,reloc    ] GC(110) Medium Pages: 0 / 0M, Empty: 0M, Relocated: 0M, In-Place: 0
[87.466s][info][gc,reloc    ] GC(110) Large Pages: 0 / 0M, Empty: 0M, Relocated: 0M, In-Place: 0
[87.466s][info][gc,reloc    ] GC(110) Forwarding Usage: 70M
[87.466s][info][gc,heap     ] GC(110) Min Capacity: 8M(0%)
[87.466s][info][gc,heap     ] GC(110) Max Capacity: 2048M(100%)
[87.466s][info][gc,heap     ] GC(110) Soft Max Capacity: 2048M(100%)
[87.466s][info][gc,heap     ] GC(110)                Mark Start          Mark End        Relocate Start      Relocate End           High               Low         
[87.466s][info][gc,heap     ] GC(110)  Capacity:     2048M (100%)       2048M (100%)       2048M (100%)       2048M (100%)       2048M (100%)       2048M (100%)   
[87.466s][info][gc,heap     ] GC(110)      Free:     1330M (65%)        1186M (58%)        1182M (58%)        1336M (65%)        1336M (65%)        1158M (57%)    
[87.466s][info][gc,heap     ] GC(110)      Used:      718M (35%)         862M (42%)         866M (42%)         712M (35%)         890M (43%)         712M (35%)    
[87.466s][info][gc,heap     ] GC(110)      Live:         -               519M (25%)         519M (25%)         519M (25%)            -                  -          
[87.466s][info][gc,heap     ] GC(110) Allocated:         -               144M (7%)          148M (7%)          165M (8%)             -                  -          
[87.466s][info][gc,heap     ] GC(110)   Garbage:         -               198M (10%)         198M (10%)          26M (1%)             -                  -          
[87.466s][info][gc,heap     ] GC(110) Reclaimed:         -                  -                 0M (0%)          171M (8%)             -                  -          
[87.466s][info][gc          ] GC(110) Garbage Collection (Allocation Rate) 718M(35%)->712M(35%)
[88.641s][info][gc,start    ] GC(111) Garbage Collection (Allocation Rate)
[88.641s][info][gc,task     ] GC(111) Using 6 workers
[88.641s][info][gc,phases   ] GC(111) Pause Mark Start 0.017ms
[88.883s][info][gc,phases   ] GC(111) Concurrent Mark 241.573ms
[88.883s][info][gc,phases   ] GC(111) Pause Mark End 0.015ms
[88.883s][info][gc,phases   ] GC(111) Concurrent Mark Free 0.001ms
[88.883s][info][gc,phases   ] GC(111) Concurrent Process Non-Strong References 0.558ms
[88.884s][info][gc,phases   ] GC(111) Concurrent Reset Relocation Set 0.034ms
[88.897s][info][gc,phases   ] GC(111) Concurrent Select Relocation Set 13.652ms
[88.897s][info][gc,phases   ] GC(111) Pause Relocate Start 0.008ms
[88.924s][info][gc,phases   ] GC(111) Concurrent Relocate 26.739ms
[88.924s][info][gc,load     ] GC(111) Load: 0.00/0.00/0.00
[88.924s][info][gc,mmu      ] GC(111) MMU: 2ms/95.2%, 5ms/98.1%, 10ms/99.0%, 20ms/99.5%, 50ms/99.8%, 100ms/99.9%
[88.924s][info][gc,marking  ] GC(111) Mark: 4 stripe(s), 2 proactive flush(es), 1 terminate flush(es), 0 completion(s), 0 continuation(s) 
[88.924s][info][gc,marking  ] GC(111) Mark Stack Usage: 32M
[88.924s][info][gc,nmethod  ] GC(111) NMethods: 635 registered, 383 unregistered
[88.924s][info][gc,metaspace] GC(111) Metaspace: 16M used, 16M committed, 1088M reserved
[88.924s][info][gc,ref      ] GC(111) Soft: 171 encountered, 0 discovered, 0 enqueued
[88.924s][info][gc,ref      ] GC(111) Weak: 973 encountered, 77 discovered, 0 enqueued
[88.924s][info][gc,ref      ] GC(111) Final: 0 encountered, 0 discovered, 0 enqueued
[88.925s][info][gc,ref      ] GC(111) Phantom: 35 encountered, 21 discovered, 0 enqueued
[88.925s][info][gc,reloc    ] GC(111) Small Pages: 679 / 1358M, Empty: 56M, Relocated: 55M, In-Place: 0
[88.925s][info][gc,reloc    ] GC(111) Medium Pages: 0 / 0M, Empty: 0M, Relocated: 0M, In-Place: 0
[88.925s][info][gc,reloc    ] GC(111) Large Pages: 2 / 12M, Empty: 6M, Relocated: 0M, In-Place: 0
[88.925s][info][gc,reloc    ] GC(111) Forwarding Usage: 20M
[88.925s][info][gc,heap     ] GC(111) Min Capacity: 8M(0%)
[88.925s][info][gc,heap     ] GC(111) Max Capacity: 2048M(100%)
[88.925s][info][gc,heap     ] GC(111) Soft Max Capacity: 2048M(100%)
[88.925s][info][gc,heap     ] GC(111)                Mark Start          Mark End        Relocate Start      Relocate End           High               Low         
[88.925s][info][gc,heap     ] GC(111)  Capacity:     2048M (100%)       2048M (100%)       2048M (100%)       2048M (100%)       2048M (100%)       2048M (100%)   
[88.925s][info][gc,heap     ] GC(111)      Free:      678M (33%)         516M (25%)         566M (28%)        1232M (60%)        1232M (60%)         514M (25%)    
[88.925s][info][gc,heap     ] GC(111)      Used:     1370M (67%)        1532M (75%)        1482M (72%)         816M (40%)        1534M (75%)         816M (40%)    
[88.925s][info][gc,heap     ] GC(111)      Live:         -               545M (27%)         545M (27%)         545M (27%)            -                  -          
[88.925s][info][gc,heap     ] GC(111) Allocated:         -               162M (8%)          174M (8%)          189M (9%)             -                  -          
[88.925s][info][gc,heap     ] GC(111)   Garbage:         -               824M (40%)         762M (37%)          81M (4%)             -                  -          
[88.925s][info][gc,heap     ] GC(111) Reclaimed:         -                  -                62M (3%)          743M (36%)            -                  -          
[88.925s][info][gc          ] GC(111) Garbage Collection (Allocation Rate) 1370M(67%)->816M(40%)
[89.242s][info][gc,start    ] GC(112) Garbage Collection (Allocation Rate)
[89.242s][info][gc,task     ] GC(112) Using 5 workers
[89.242s][info][gc,phases   ] GC(112) Pause Mark Start 0.009ms
[89.273s][info][gc,phases   ] GC(112) Concurrent Mark 30.966ms
[89.273s][info][gc,phases   ] GC(112) Pause Mark End 0.017ms
[89.273s][info][gc,phases   ] GC(112) Concurrent Mark Free 0.001ms
[89.274s][info][gc,phases   ] GC(112) Concurrent Process Non-Strong References 0.838ms
[89.274s][info][gc,phases   ] GC(112) Concurrent Reset Relocation Set 0.069ms
[89.282s][info][gc,phases   ] GC(112) Concurrent Select Relocation Set 7.176ms
[89.282s][info][gc,phases   ] GC(112) Pause Relocate Start 0.006ms
[89.285s][info][gc,phases   ] GC(112) Concurrent Relocate 3.084ms
[89.285s][info][gc,load     ] GC(112) Load: 0.00/0.00/0.00
[89.285s][info][gc,mmu      ] GC(112) MMU: 2ms/95.2%, 5ms/98.1%, 10ms/99.0%, 20ms/99.5%, 50ms/99.8%, 100ms/99.9%
[89.285s][info][gc,marking  ] GC(112) Mark: 4 stripe(s), 3 proactive flush(es), 1 terminate flush(es), 0 completion(s), 0 continuation(s) 
[89.285s][info][gc,marking  ] GC(112) Mark Stack Usage: 32M
[89.285s][info][gc,nmethod  ] GC(112) NMethods: 633 registered, 387 unregistered
[89.285s][info][gc,metaspace] GC(112) Metaspace: 16M used, 16M committed, 1088M reserved
[89.285s][info][gc,ref      ] GC(112) Soft: 171 encountered, 0 discovered, 0 enqueued
[89.285s][info][gc,ref      ] GC(112) Weak: 976 encountered, 131 discovered, 3 enqueued
[89.285s][info][gc,ref      ] GC(112) Final: 0 encountered, 0 discovered, 0 enqueued
[89.285s][info][gc,ref      ] GC(112) Phantom: 35 encountered, 21 discovered, 0 enqueued
[89.285s][info][gc,reloc    ] GC(112) Small Pages: 456 / 912M, Empty: 844M, Relocated: 8M, In-Place: 0
[89.285s][info][gc,reloc    ] GC(112) Medium Pages: 0 / 0M, Empty: 0M, Relocated: 0M, In-Place: 0
[89.285s][info][gc,reloc    ] GC(112) Large Pages: 1 / 6M, Empty: 6M, Relocated: 0M, In-Place: 0
[89.285s][info][gc,reloc    ] GC(112) Forwarding Usage: 2M
[89.285s][info][gc,heap     ] GC(112) Min Capacity: 8M(0%)
[89.285s][info][gc,heap     ] GC(112) Max Capacity: 2048M(100%)
[89.285s][info][gc,heap     ] GC(112) Soft Max Capacity: 2048M(100%)
[89.285s][info][gc,heap     ] GC(112)                Mark Start          Mark End        Relocate Start      Relocate End           High               Low         
[89.285s][info][gc,heap     ] GC(112)  Capacity:     2048M (100%)       2048M (100%)       2048M (100%)       2048M (100%)       2048M (100%)       2048M (100%)   
[89.285s][info][gc,heap     ] GC(112)      Free:     1130M (55%)        1128M (55%)        1978M (97%)        2012M (98%)        2012M (98%)        1128M (55%)    
[89.285s][info][gc,heap     ] GC(112)      Used:      918M (45%)         920M (45%)          70M (3%)           36M (2%)          920M (45%)          36M (2%)     
[89.286s][info][gc,heap     ] GC(112)      Live:         -                24M (1%)           24M (1%)           24M (1%)             -                  -          
[89.286s][info][gc,heap     ] GC(112) Allocated:         -                 2M (0%)            2M (0%)            1M (0%)             -                  -          
[89.286s][info][gc,heap     ] GC(112)   Garbage:         -               893M (44%)          43M (2%)            9M (0%)             -                  -          
[89.286s][info][gc,heap     ] GC(112) Reclaimed:         -                  -               850M (42%)         883M (43%)            -                  -          
[89.286s][info][gc          ] GC(112) Garbage Collection (Allocation Rate) 918M(45%)->36M(2%)
[89.437s][info][gc,start    ] GC(113) Garbage Collection (Allocation Rate)
[89.437s][info][gc,task     ] GC(113) Using 6 workers
[89.437s][info][gc,phases   ] GC(113) Pause Mark Start 0.013ms
[89.468s][info][gc,phases   ] GC(113) Concurrent Mark 30.966ms
[89.468s][info][gc,phases   ] GC(113) Pause Mark End 0.019ms
[89.469s][info][gc,phases   ] GC(113) Concurrent Mark Free 0.001ms
[89.469s][info][gc,phases   ] GC(113) Concurrent Process Non-Strong References 0.786ms
[89.469s][info][gc,phases   ] GC(113) Concurrent Reset Relocation Set 0.004ms
[89.473s][info][gc,phases   ] GC(113) Concurrent Select Relocation Set 3.682ms
[89.473s][info][gc,phases   ] GC(113) Pause Relocate Start 0.006ms
[89.476s][info][gc,phases   ] GC(113) Concurrent Relocate 2.417ms
[89.476s][info][gc,load     ] GC(113) Load: 0.00/0.00/0.00
[89.476s][info][gc,mmu      ] GC(113) MMU: 2ms/95.2%, 5ms/98.1%, 10ms/99.0%, 20ms/99.5%, 50ms/99.8%, 100ms/99.9%
[89.476s][info][gc,marking  ] GC(113) Mark: 4 stripe(s), 4 proactive flush(es), 1 terminate flush(es), 0 completion(s), 0 continuation(s) 
[89.476s][info][gc,marking  ] GC(113) Mark Stack Usage: 32M
[89.476s][info][gc,nmethod  ] GC(113) NMethods: 633 registered, 387 unregistered
[89.476s][info][gc,metaspace] GC(113) Metaspace: 16M used, 16M committed, 1088M reserved
[89.476s][info][gc,ref      ] GC(113) Soft: 171 encountered, 0 discovered, 0 enqueued
[89.476s][info][gc,ref      ] GC(113) Weak: 973 encountered, 205 discovered, 0 enqueued
[89.476s][info][gc,ref      ] GC(113) Final: 0 encountered, 0 discovered, 0 enqueued
[89.476s][info][gc,ref      ] GC(113) Phantom: 35 encountered, 21 discovered, 0 enqueued
[89.476s][info][gc,reloc    ] GC(113) Small Pages: 20 / 40M, Empty: 2M, Relocated: 2M, In-Place: 0
[89.476s][info][gc,reloc    ] GC(113) Medium Pages: 0 / 0M, Empty: 0M, Relocated: 0M, In-Place: 0
[89.476s][info][gc,reloc    ] GC(113) Large Pages: 0 / 0M, Empty: 0M, Relocated: 0M, In-Place: 0
[89.476s][info][gc,reloc    ] GC(113) Forwarding Usage: 1M
[89.476s][info][gc,heap     ] GC(113) Min Capacity: 8M(0%)
[89.476s][info][gc,heap     ] GC(113) Max Capacity: 2048M(100%)
[89.476s][info][gc,heap     ] GC(113) Soft Max Capacity: 2048M(100%)
[89.476s][info][gc,heap     ] GC(113)                Mark Start          Mark End        Relocate Start      Relocate End           High               Low         
[89.476s][info][gc,heap     ] GC(113)  Capacity:     2048M (100%)       2048M (100%)       2048M (100%)       2048M (100%)       2048M (100%)       2048M (100%)   
[89.476s][info][gc,heap     ] GC(113)      Free:     2008M (98%)        2006M (98%)        2008M (98%)        2008M (98%)        2008M (98%)        1996M (97%)    
[89.476s][info][gc,heap     ] GC(113)      Used:       40M (2%)           42M (2%)           40M (2%)           40M (2%)           52M (3%)           40M (2%)     
[89.476s][info][gc,heap     ] GC(113)      Live:         -                24M (1%)           24M (1%)           24M (1%)             -                  -          
[89.476s][info][gc,heap     ] GC(113) Allocated:         -                 2M (0%)            2M (0%)            1M (0%)             -                  -          
[89.476s][info][gc,heap     ] GC(113)   Garbage:         -                15M (1%)           13M (1%)           13M (1%)             -                  -          
[89.477s][info][gc,heap     ] GC(113) Reclaimed:         -                  -                 2M (0%)            1M (0%)             -                  -          
[89.477s][info][gc          ] GC(113) Garbage Collection (Allocation Rate) 40M(2%)->40M(2%)
[90.132s][info][gc,stats    ] === Garbage Collection Statistics =======================================================================================================================
[90.132s][info][gc,stats    ]                                                              Last 10s              Last 10m              Last 10h                Total
[90.132s][info][gc,stats    ]                                                              Avg / Max             Avg / Max             Avg / Max             Avg / Max
[90.132s][info][gc,stats    ]   Collector: Garbage Collection Cycle                    162.681 / 287.076     157.888 / 310.643     157.888 / 310.643     157.888 / 310.643     ms
[90.132s][info][gc,stats    ]  Contention: Mark Segment Reset Contention                     3 / 14                5 / 54                5 / 54                5 / 54          ops/s
[90.132s][info][gc,stats    ]  Contention: Mark SeqNum Reset Contention                      0 / 2                 0 / 9                 0 / 9                 0 / 9           ops/s
[90.132s][info][gc,stats    ]    Critical: Allocation Stall                                  0 / 0                 3 / 173               3 / 173               3 / 173         ops/s
[90.132s][info][gc,stats    ]    Critical: Allocation Stall                              0.000 / 0.000        10.561 / 32.476       10.561 / 32.476       10.561 / 32.476      ms
[90.132s][info][gc,stats    ]    Critical: GC Locker Stall                                   0 / 0                 0 / 0                 0 / 0                 0 / 0           ops/s
[90.132s][info][gc,stats    ]    Critical: GC Locker Stall                               0.000 / 0.000         0.000 / 0.000         0.000 / 0.000         0.000 / 0.000       ms
[90.132s][info][gc,stats    ]    Critical: Relocation Stall                                  0 / 0                 0 / 0                 0 / 0                 0 / 0           ops/s
[90.132s][info][gc,stats    ]    Critical: Relocation Stall                              0.000 / 0.000         0.000 / 0.000         0.000 / 0.000         0.000 / 0.000       ms
[90.133s][info][gc,stats    ]      Memory: Allocation Rate                                 274 / 1198            652 / 5930            652 / 5930            652 / 5930        MB/s
[90.133s][info][gc,stats    ]      Memory: Defragment                                        0 / 0                 1 / 64                1 / 64                1 / 64          ops/s
[90.133s][info][gc,stats    ]      Memory: Out Of Memory                                     0 / 0                 0 / 0                 0 / 0                 0 / 0           ops/s
[90.133s][info][gc,stats    ]      Memory: Page Cache Flush                                  9 / 96                7 / 160               7 / 160               7 / 160         MB/s
[90.133s][info][gc,stats    ]      Memory: Page Cache Hit L1                               181 / 761             355 / 2940            355 / 2940            355 / 2940        ops/s
[90.133s][info][gc,stats    ]      Memory: Page Cache Hit L2                                 0 / 0                 0 / 0                 0 / 0                 0 / 0           ops/s
[90.133s][info][gc,stats    ]      Memory: Page Cache Hit L3                                 0 / 2                12 / 438              12 / 438              12 / 438         ops/s
[90.133s][info][gc,stats    ]      Memory: Page Cache Miss                                   0 / 3                 0 / 3                 0 / 3                 0 / 3           ops/s
[90.133s][info][gc,stats    ]      Memory: Uncommit                                          0 / 0                 0 / 0                 0 / 0                 0 / 0           MB/s
[90.133s][info][gc,stats    ]      Memory: Undo Object Allocation Failed                     1 / 17               15 / 297              15 / 297              15 / 297         ops/s
[90.133s][info][gc,stats    ]      Memory: Undo Object Allocation Succeeded                  0 / 4                 4 / 147               4 / 147               4 / 147         ops/s
[90.133s][info][gc,stats    ]      Memory: Undo Page Allocation                              0 / 7                46 / 688              46 / 688              46 / 688         ops/s
[90.133s][info][gc,stats    ]       Phase: Concurrent Mark                             119.805 / 241.573     102.820 / 241.573     102.820 / 241.573     102.820 / 241.573     ms
[90.133s][info][gc,stats    ]       Phase: Concurrent Mark Continue                      0.000 / 0.000         0.000 / 0.000         0.000 / 0.000         0.000 / 0.000       ms
[90.133s][info][gc,stats    ]       Phase: Concurrent Mark Free                          0.001 / 0.002         0.001 / 0.006         0.001 / 0.006         0.001 / 0.006       ms
[90.133s][info][gc,stats    ]       Phase: Concurrent Process Non-Strong References      0.490 / 0.838         1.812 / 27.626        1.812 / 27.626        1.812 / 27.626      ms
[90.133s][info][gc,stats    ]       Phase: Concurrent Relocate                          23.188 / 75.471       17.131 / 87.199       17.131 / 87.199       17.131 / 87.199      ms
[90.133s][info][gc,stats    ]       Phase: Concurrent Reset Relocation Set               0.025 / 0.069         0.020 / 0.096         0.020 / 0.096         0.020 / 0.096       ms
[90.133s][info][gc,stats    ]       Phase: Concurrent Select Relocation Set             16.123 / 52.747       16.076 / 67.766       16.076 / 67.766       16.076 / 67.766      ms
[90.133s][info][gc,stats    ]       Phase: Pause Mark End                                0.017 / 0.023         0.019 / 0.027         0.019 / 0.027         0.019 / 0.027       ms
[90.133s][info][gc,stats    ]       Phase: Pause Mark Start                              0.014 / 0.018         0.015 / 0.095         0.015 / 0.095         0.015 / 0.095       ms
[90.133s][info][gc,stats    ]       Phase: Pause Relocate Start                          0.007 / 0.010         0.008 / 0.017         0.008 / 0.017         0.008 / 0.017       ms
[90.133s][info][gc,stats    ]    Subphase: Concurrent Classes Purge                      0.010 / 0.046         0.130 / 3.083         0.130 / 3.083         0.130 / 3.083       ms
[90.133s][info][gc,stats    ]    Subphase: Concurrent Classes Unlink                     0.200 / 0.359         0.744 / 24.520        0.744 / 24.520        0.744 / 24.520      ms
[90.133s][info][gc,stats    ]    Subphase: Concurrent Mark                             122.009 / 240.378      99.543 / 240.378      99.543 / 240.378      99.543 / 240.378     ms
[90.133s][info][gc,stats    ]    Subphase: Concurrent Mark Try Flush                     0.063 / 0.129         2.722 / 58.418        2.722 / 58.418        2.722 / 58.418      ms
[90.133s][info][gc,stats    ]    Subphase: Concurrent Mark Try Terminate                 8.095 / 15.641       10.403 / 16.684       10.403 / 16.684       10.403 / 16.684      ms
[90.133s][info][gc,stats    ]    Subphase: Concurrent References Enqueue                 0.002 / 0.004         0.001 / 0.004         0.001 / 0.004         0.001 / 0.004       ms
[90.134s][info][gc,stats    ]    Subphase: Concurrent References Process                 0.035 / 0.074         0.061 / 0.600         0.061 / 0.600         0.061 / 0.600       ms
[90.134s][info][gc,stats    ]    Subphase: Concurrent Roots ClassLoaderDataGraph         0.038 / 0.366         0.048 / 1.098         0.048 / 1.098         0.048 / 1.098       ms
[90.134s][info][gc,stats    ]    Subphase: Concurrent Roots CodeCache                    0.000 / 0.000         0.000 / 0.000         0.000 / 0.000         0.000 / 0.000       ms
[90.134s][info][gc,stats    ]    Subphase: Concurrent Roots JavaThreads                  0.733 / 1.388         0.946 / 17.879        0.946 / 17.879        0.946 / 17.879      ms
[90.134s][info][gc,stats    ]    Subphase: Concurrent Roots OopStorageSet                0.013 / 0.038         0.019 / 0.569         0.019 / 0.569         0.019 / 0.569       ms
[90.134s][info][gc,stats    ]    Subphase: Concurrent Weak Roots OopStorageSet           0.135 / 0.330         0.106 / 0.330         0.106 / 0.330         0.106 / 0.330       ms
[90.134s][info][gc,stats    ]    Subphase: Pause Mark Try Complete                       0.000 / 0.000         0.000 / 0.000         0.000 / 0.000         0.000 / 0.000       ms
[90.134s][info][gc,stats    ]      System: Java Threads                                     62 / 62               63 / 75               63 / 75               63 / 75          threads
[90.134s][info][gc,stats    ] =========================================================================================================================================================
[90.646s][info][gc,start    ] GC(114) Garbage Collection (System.gc())
[90.646s][info][gc,task     ] GC(114) Using 12 workers
[90.646s][info][gc,phases   ] GC(114) Pause Mark Start 0.010ms
[90.656s][info][gc,phases   ] GC(114) Concurrent Mark 10.037ms
[90.656s][info][gc,phases   ] GC(114) Pause Mark End 0.013ms
[90.656s][info][gc,phases   ] GC(114) Concurrent Mark Free 0.001ms
[90.657s][info][gc,phases   ] GC(114) Concurrent Process Non-Strong References 0.442ms
[90.657s][info][gc,phases   ] GC(114) Concurrent Reset Relocation Set 0.001ms
[90.660s][info][gc,phases   ] GC(114) Concurrent Select Relocation Set 3.455ms
[90.660s][info][gc,phases   ] GC(114) Pause Relocate Start 0.004ms
[90.663s][info][gc,phases   ] GC(114) Concurrent Relocate 2.446ms
[90.663s][info][gc,load     ] GC(114) Load: 0.00/0.00/0.00
[90.663s][info][gc,mmu      ] GC(114) MMU: 2ms/95.2%, 5ms/98.1%, 10ms/99.0%, 20ms/99.5%, 50ms/99.8%, 100ms/99.9%
[90.663s][info][gc,marking  ] GC(114) Mark: 8 stripe(s), 1 proactive flush(es), 1 terminate flush(es), 0 completion(s), 0 continuation(s) 
[90.663s][info][gc,marking  ] GC(114) Mark Stack Usage: 32M
[90.663s][info][gc,nmethod  ] GC(114) NMethods: 634 registered, 387 unregistered
[90.663s][info][gc,metaspace] GC(114) Metaspace: 16M used, 16M committed, 1088M reserved
[90.663s][info][gc,ref      ] GC(114) Soft: 171 encountered, 0 discovered, 0 enqueued
[90.663s][info][gc,ref      ] GC(114) Weak: 973 encountered, 110 discovered, 0 enqueued
[90.663s][info][gc,ref      ] GC(114) Final: 0 encountered, 0 discovered, 0 enqueued
[90.663s][info][gc,ref      ] GC(114) Phantom: 35 encountered, 34 discovered, 0 enqueued
[90.663s][info][gc,reloc    ] GC(114) Small Pages: 56 / 112M, Empty: 74M, Relocated: 2M, In-Place: 0
[90.663s][info][gc,reloc    ] GC(114) Medium Pages: 0 / 0M, Empty: 0M, Relocated: 0M, In-Place: 0
[90.663s][info][gc,reloc    ] GC(114) Large Pages: 0 / 0M, Empty: 0M, Relocated: 0M, In-Place: 0
[90.663s][info][gc,reloc    ] GC(114) Forwarding Usage: 1M
[90.663s][info][gc,heap     ] GC(114) Min Capacity: 8M(0%)
[90.663s][info][gc,heap     ] GC(114) Max Capacity: 2048M(100%)
[90.663s][info][gc,heap     ] GC(114) Soft Max Capacity: 2048M(100%)
[90.663s][info][gc,heap     ] GC(114)                Mark Start          Mark End        Relocate Start      Relocate End           High               Low         
[90.663s][info][gc,heap     ] GC(114)  Capacity:     2048M (100%)       2048M (100%)       2048M (100%)       2048M (100%)       2048M (100%)       2048M (100%)   
[90.663s][info][gc,heap     ] GC(114)      Free:     1936M (95%)        1936M (95%)        2010M (98%)        2010M (98%)        2010M (98%)        1936M (95%)    
[90.664s][info][gc,heap     ] GC(114)      Used:      112M (5%)          112M (5%)           38M (2%)           38M (2%)          112M (5%)           38M (2%)     
[90.664s][info][gc,heap     ] GC(114)      Live:         -                21M (1%)           21M (1%)           21M (1%)             -                  -          
[90.664s][info][gc,heap     ] GC(114) Allocated:         -                 0M (0%)            0M (0%)            0M (0%)             -                  -          
[90.664s][info][gc,heap     ] GC(114)   Garbage:         -                90M (4%)           16M (1%)           16M (1%)             -                  -          
[90.664s][info][gc,heap     ] GC(114) Reclaimed:         -                  -                74M (4%)           74M (4%)             -                  -          
[90.664s][info][gc          ] GC(114) Garbage Collection (System.gc()) 112M(5%)->38M(2%)
[92.644s][info][gc,start    ] GC(115) Garbage Collection (Allocation Rate)
[92.644s][info][gc,task     ] GC(115) Using 12 workers
[92.644s][info][gc,phases   ] GC(115) Pause Mark Start 0.009ms
[92.779s][info][gc          ] Allocation Stall (reactors-io-scheduler-ForkJoinPool-1-worker-15) 3.583ms
[92.779s][info][gc          ] Allocation Stall (reactors-io-scheduler-ForkJoinPool-1-worker-37) 3.658ms
[92.779s][info][gc          ] Allocation Stall (reactors-io-scheduler-ForkJoinPool-1-worker-18) 3.707ms
[92.779s][info][gc          ] Allocation Stall (reactors-io-scheduler-ForkJoinPool-1-worker-12) 3.738ms
[92.779s][info][gc          ] Allocation Stall (reactors-io-scheduler-ForkJoinPool-1-worker-28) 3.782ms
[92.779s][info][gc          ] Allocation Stall (reactors-io-scheduler-ForkJoinPool-1-worker-44) 3.452ms
[92.779s][info][gc          ] Allocation Stall (reactors-io-scheduler-ForkJoinPool-1-worker-42) 2.848ms
[92.779s][info][gc          ] Allocation Stall (reactors-io-scheduler-ForkJoinPool-1-worker-24) 2.712ms
[92.779s][info][gc          ] Allocation Stall (reactors-io-scheduler-ForkJoinPool-1-worker-21) 2.385ms
[92.779s][info][gc          ] Allocation Stall (reactors-io-scheduler-ForkJoinPool-1-worker-4) 2.410ms
[92.779s][info][gc          ] Allocation Stall (reactors-io-scheduler-ForkJoinPool-1-worker-7) 1.965ms
[92.779s][info][gc          ] Allocation Stall (reactors-io-scheduler-ForkJoinPool-1-worker-11) 1.473ms
[92.780s][info][gc          ] Allocation Stall (reactors-io-scheduler-ForkJoinPool-1-worker-19) 1.452ms
[92.780s][info][gc          ] Allocation Stall (reactors-io-scheduler-ForkJoinPool-1-worker-3) 1.443ms
[92.780s][info][gc          ] Allocation Stall (reactors-io-scheduler-ForkJoinPool-1-worker-43) 1.451ms
[92.780s][info][gc          ] Allocation Stall (reactors-io-scheduler-ForkJoinPool-1-worker-22) 1.481ms
[92.780s][info][gc          ] Allocation Stall (reactors-io-scheduler-ForkJoinPool-1-worker-25) 2.011ms
[92.780s][info][gc          ] Allocation Stall (reactors-io-scheduler-ForkJoinPool-1-worker-13) 2.063ms
[92.780s][info][gc          ] Allocation Stall (reactors-io-scheduler-ForkJoinPool-1-worker-20) 2.110ms
[92.781s][info][gc          ] Allocation Stall (reactors-io-scheduler-ForkJoinPool-1-worker-8) 2.148ms
[92.781s][info][gc          ] Allocation Stall (reactors-io-scheduler-ForkJoinPool-1-worker-38) 2.146ms
[92.781s][info][gc          ] Allocation Stall (reactors-io-scheduler-ForkJoinPool-1-worker-14) 2.123ms
[92.781s][info][gc          ] Allocation Stall (reactors-io-scheduler-ForkJoinPool-1-worker-41) 2.153ms
[92.781s][info][gc          ] Allocation Stall (reactors-io-scheduler-ForkJoinPool-1-worker-47) 2.200ms
[92.781s][info][gc          ] Allocation Stall (reactors-io-scheduler-ForkJoinPool-1-worker-5) 2.220ms
[92.781s][info][gc          ] Allocation Stall (reactors-io-scheduler-ForkJoinPool-1-worker-26) 2.236ms
[92.781s][info][gc          ] Allocation Stall (reactors-io-scheduler-ForkJoinPool-1-worker-46) 2.254ms
[92.781s][info][gc          ] Allocation Stall (reactors-io-scheduler-ForkJoinPool-1-worker-16) 2.292ms
[92.781s][info][gc          ] Allocation Stall (reactors-io-scheduler-ForkJoinPool-1-worker-33) 2.300ms
[92.781s][info][gc          ] Allocation Stall (reactors-io-scheduler-ForkJoinPool-1-worker-48) 2.308ms
[92.787s][info][gc          ] Allocation Stall (reactors-io-scheduler-ForkJoinPool-1-worker-40) 8.187ms
[92.787s][info][gc          ] Allocation Stall (reactors-io-scheduler-ForkJoinPool-1-worker-45) 7.747ms
[92.787s][info][gc          ] Allocation Stall (reactors-io-scheduler-ForkJoinPool-1-worker-31) 2.279ms
[92.787s][info][gc          ] Allocation Stall (reactors-io-scheduler-ForkJoinPool-1-worker-18) 2.156ms
[92.787s][info][gc          ] Allocation Stall (reactors-io-scheduler-ForkJoinPool-1-worker-7) 1.736ms
[92.787s][info][gc          ] Allocation Stall (reactors-io-scheduler-ForkJoinPool-1-worker-42) 1.725ms
[92.787s][info][gc          ] Allocation Stall (reactors-io-scheduler-ForkJoinPool-1-worker-37) 1.757ms
[92.787s][info][gc          ] Allocation Stall (reactors-io-scheduler-ForkJoinPool-1-worker-24) 1.729ms
[92.787s][info][gc          ] Allocation Stall (reactors-io-scheduler-ForkJoinPool-1-worker-12) 1.754ms
[92.787s][info][gc          ] Allocation Stall (reactors-io-scheduler-ForkJoinPool-1-worker-34) 1.587ms
[92.787s][info][gc          ] Allocation Stall (reactors-io-scheduler-ForkJoinPool-1-worker-1) 1.588ms
[92.787s][info][gc          ] Allocation Stall (reactors-io-scheduler-ForkJoinPool-1-worker-44) 1.576ms
[92.787s][info][gc          ] Allocation Stall (reactors-io-scheduler-ForkJoinPool-1-worker-4) 1.474ms
[92.787s][info][gc          ] Allocation Stall (reactors-io-scheduler-ForkJoinPool-1-worker-28) 1.450ms
[92.787s][info][gc          ] Allocation Stall (reactors-io-scheduler-ForkJoinPool-1-worker-9) 1.495ms
[92.788s][info][gc          ] Allocation Stall (reactors-io-scheduler-ForkJoinPool-1-worker-11) 1.289ms
[92.788s][info][gc          ] Allocation Stall (reactors-io-scheduler-ForkJoinPool-1-worker-19) 1.298ms
[92.788s][info][gc          ] Allocation Stall (reactors-io-scheduler-ForkJoinPool-1-worker-22) 1.333ms
[92.788s][info][gc          ] Allocation Stall (reactors-io-scheduler-ForkJoinPool-1-worker-43) 1.342ms
[92.788s][info][gc          ] Allocation Stall (reactors-io-scheduler-ForkJoinPool-1-worker-35) 1.897ms
[92.789s][info][gc          ] Allocation Stall (reactors-io-scheduler-ForkJoinPool-1-worker-41) 1.955ms
[92.816s][info][gc,phases   ] GC(115) Concurrent Mark 168.984ms
[92.816s][info][gc,phases   ] GC(115) Pause Mark End 0.021ms
[92.816s][info][gc,phases   ] GC(115) Concurrent Mark Free 0.001ms
[92.816s][info][gc,phases   ] GC(115) Concurrent Process Non-Strong References 0.391ms
[92.816s][info][gc,phases   ] GC(115) Concurrent Reset Relocation Set 0.002ms
[92.816s][info][gc          ] Allocation Stall (reactors-io-scheduler-ForkJoinPool-1-worker-28) 21.167ms
[92.816s][info][gc          ] Allocation Stall (reactors-io-scheduler-ForkJoinPool-1-worker-9) 21.190ms
[92.816s][info][gc          ] Allocation Stall (reactors-io-scheduler-ForkJoinPool-1-worker-20) 20.569ms
[92.816s][info][gc          ] Allocation Stall (reactors-io-scheduler-ForkJoinPool-1-worker-34) 21.203ms
[92.816s][info][gc          ] Allocation Stall (reactors-io-scheduler-ForkJoinPool-1-worker-46) 20.539ms
[92.816s][info][gc          ] Allocation Stall (reactors-io-scheduler-ForkJoinPool-1-worker-29) 20.768ms
[92.816s][info][gc          ] Allocation Stall (reactors-io-scheduler-ForkJoinPool-1-worker-41) 20.845ms
[92.816s][info][gc          ] Allocation Stall (reactors-io-scheduler-ForkJoinPool-1-worker-5) 20.683ms
[92.816s][info][gc          ] Allocation Stall (reactors-io-scheduler-ForkJoinPool-1-worker-26) 20.642ms
[92.816s][info][gc          ] Allocation Stall (reactors-io-scheduler-ForkJoinPool-1-worker-3) 21.121ms
[92.816s][info][gc          ] Allocation Stall (reactors-io-scheduler-ForkJoinPool-1-worker-25) 20.822ms
[92.816s][info][gc          ] Allocation Stall (reactors-io-scheduler-ForkJoinPool-1-worker-40) 21.550ms
[92.816s][info][gc          ] Allocation Stall (reactors-io-scheduler-ForkJoinPool-1-worker-35) 20.683ms
[92.816s][info][gc          ] Allocation Stall (reactors-io-scheduler-ForkJoinPool-1-worker-14) 20.742ms
[92.816s][info][gc          ] Allocation Stall (reactors-io-scheduler-ForkJoinPool-1-worker-2) 20.876ms
[92.816s][info][gc          ] Allocation Stall (reactors-io-scheduler-ForkJoinPool-1-worker-18) 21.258ms
[92.816s][info][gc          ] Allocation Stall (reactors-io-scheduler-ForkJoinPool-1-worker-10) 23.193ms
[92.816s][info][gc          ] Allocation Stall (reactors-io-scheduler-ForkJoinPool-1-worker-47) 20.673ms
[92.816s][info][gc          ] Allocation Stall (reactors-io-scheduler-ForkJoinPool-1-worker-43) 21.739ms
[92.816s][info][gc          ] Allocation Stall (reactors-io-scheduler-ForkJoinPool-1-worker-33) 20.686ms
[92.816s][info][gc          ] Allocation Stall (reactors-io-scheduler-ForkJoinPool-1-worker-12) 21.213ms
[92.816s][info][gc          ] Allocation Stall (reactors-io-scheduler-ForkJoinPool-1-worker-31) 21.671ms
[92.816s][info][gc          ] Allocation Stall (reactors-io-scheduler-ForkJoinPool-1-worker-21) 20.712ms
[92.816s][info][gc          ] Allocation Stall (reactors-io-scheduler-ForkJoinPool-1-worker-27) 26.041ms
[92.816s][info][gc          ] Allocation Stall (reactors-io-scheduler-ForkJoinPool-1-worker-17) 23.989ms
[92.816s][info][gc          ] Allocation Stall (reactors-io-scheduler-ForkJoinPool-1-worker-11) 21.126ms
[92.816s][info][gc          ] Allocation Stall (reactors-io-scheduler-ForkJoinPool-1-worker-48) 26.009ms
[92.816s][info][gc          ] Allocation Stall (reactors-io-scheduler-ForkJoinPool-1-worker-38) 20.849ms
[92.816s][info][gc          ] Allocation Stall (reactors-io-scheduler-ForkJoinPool-1-worker-7) 21.843ms
[92.816s][info][gc          ] Allocation Stall (reactors-io-scheduler-ForkJoinPool-1-worker-4) 21.635ms
[92.816s][info][gc          ] Allocation Stall (reactors-io-scheduler-ForkJoinPool-1-worker-30) 29.811ms
[92.816s][info][gc          ] Allocation Stall (reactors-io-scheduler-ForkJoinPool-1-worker-22) 21.181ms
[92.816s][info][gc          ] Allocation Stall (reactors-io-scheduler-ForkJoinPool-1-worker-13) 20.998ms
[92.816s][info][gc          ] Allocation Stall (reactors-io-scheduler-ForkJoinPool-1-worker-39) 21.947ms
[92.816s][info][gc          ] Allocation Stall (reactors-io-scheduler-ForkJoinPool-1-worker-6) 21.356ms
[92.816s][info][gc          ] Allocation Stall (reactors-io-scheduler-ForkJoinPool-1-worker-19) 21.219ms
[92.816s][info][gc          ] Allocation Stall (reactors-io-scheduler-ForkJoinPool-1-worker-45) 21.731ms
[92.816s][info][gc          ] Allocation Stall (reactors-io-scheduler-ForkJoinPool-1-worker-36) 23.195ms
[92.816s][info][gc          ] Allocation Stall (reactors-io-scheduler-ForkJoinPool-1-worker-1) 21.327ms
[92.816s][info][gc          ] Allocation Stall (reactors-io-scheduler-ForkJoinPool-1-worker-37) 21.208ms
[92.816s][info][gc          ] Allocation Stall (reactors-io-scheduler-ForkJoinPool-1-worker-8) 29.018ms
[92.816s][info][gc          ] Allocation Stall (reactors-io-scheduler-ForkJoinPool-1-worker-23) 21.632ms
[92.816s][info][gc          ] Allocation Stall (reactors-io-scheduler-ForkJoinPool-1-worker-24) 21.350ms
[92.816s][info][gc          ] Allocation Stall (reactors-io-scheduler-ForkJoinPool-1-worker-44) 21.895ms
[92.816s][info][gc          ] Allocation Stall (reactors-io-scheduler-ForkJoinPool-1-worker-32) 25.011ms
[92.816s][info][gc          ] Allocation Stall (reactors-io-scheduler-ForkJoinPool-1-worker-42) 21.970ms
[92.816s][info][gc          ] Allocation Stall (reactors-io-scheduler-ForkJoinPool-1-worker-16) 21.331ms
[92.816s][info][gc          ] Allocation Stall (reactors-io-scheduler-ForkJoinPool-1-worker-15) 22.186ms
[92.834s][info][gc,phases   ] GC(115) Concurrent Select Relocation Set 17.827ms
[92.834s][info][gc,phases   ] GC(115) Pause Relocate Start 0.008ms
[93.024s][info][gc,phases   ] GC(115) Concurrent Relocate 5.367ms
[93.056s][info][gc,load     ] GC(115) Load: 0.00/0.00/0.00
[93.056s][info][gc,mmu      ] GC(115) MMU: 2ms/95.2%, 5ms/98.1%, 10ms/99.0%, 20ms/99.5%, 50ms/99.8%, 100ms/99.9%
[93.056s][info][gc,marking  ] GC(115) Mark: 8 stripe(s), 3 proactive flush(es), 1 terminate flush(es), 0 completion(s), 0 continuation(s) 
[93.056s][info][gc,marking  ] GC(115) Mark Stack Usage: 32M
[93.056s][info][gc,nmethod  ] GC(115) NMethods: 640 registered, 388 unregistered
[93.056s][info][gc,metaspace] GC(115) Metaspace: 16M used, 16M committed, 1088M reserved
[93.056s][info][gc,ref      ] GC(115) Soft: 171 encountered, 0 discovered, 0 enqueued
[93.056s][info][gc,ref      ] GC(115) Weak: 981 encountered, 116 discovered, 3 enqueued
[93.056s][info][gc,ref      ] GC(115) Final: 0 encountered, 0 discovered, 0 enqueued
[93.056s][info][gc,ref      ] GC(115) Phantom: 35 encountered, 20 discovered, 0 enqueued
[93.056s][info][gc,reloc    ] GC(115) Small Pages: 840 / 1680M, Empty: 1326M, Relocated: 4M, In-Place: 0
[93.056s][info][gc,reloc    ] GC(115) Medium Pages: 0 / 0M, Empty: 0M, Relocated: 0M, In-Place: 0
[93.056s][info][gc,reloc    ] GC(115) Large Pages: 0 / 0M, Empty: 0M, Relocated: 0M, In-Place: 0
[93.056s][info][gc,reloc    ] GC(115) Forwarding Usage: 2M
[93.056s][info][gc,heap     ] GC(115) Min Capacity: 8M(0%)
[93.056s][info][gc,heap     ] GC(115) Max Capacity: 2048M(100%)
[93.056s][info][gc,heap     ] GC(115) Soft Max Capacity: 2048M(100%)
[93.056s][info][gc,heap     ] GC(115)                Mark Start          Mark End        Relocate Start      Relocate End           High               Low         
[93.056s][info][gc,heap     ] GC(115)  Capacity:     2048M (100%)       2048M (100%)       2048M (100%)       2048M (100%)       2048M (100%)       2048M (100%)   
[93.056s][info][gc,heap     ] GC(115)      Free:      368M (18%)           0M (0%)         1192M (58%)         544M (27%)        1264M (62%)           0M (0%)     
[93.056s][info][gc,heap     ] GC(115)      Used:     1680M (82%)        2048M (100%)        856M (42%)        1504M (73%)        2048M (100%)        784M (38%)    
[93.056s][info][gc,heap     ] GC(115)      Live:         -                23M (1%)           23M (1%)           23M (1%)             -                  -          
[93.056s][info][gc,heap     ] GC(115) Allocated:         -               368M (18%)         502M (25%)        1457M (71%)            -                  -          
[93.056s][info][gc,heap     ] GC(115)   Garbage:         -              1656M (81%)         330M (16%)          22M (1%)             -                  -          
[93.056s][info][gc,heap     ] GC(115) Reclaimed:         -                  -              1326M (65%)        1633M (80%)            -                  -          
[93.056s][info][gc          ] GC(115) Garbage Collection (Allocation Rate) 1680M(82%)->1504M(73%)
[93.132s][info][gc,start    ] GC(116) Garbage Collection (Allocation Stall)
[93.132s][info][gc,ref      ] GC(116) Clearing All SoftReferences
[93.132s][info][gc,task     ] GC(116) Using 12 workers
[93.132s][info][gc,ref      ] GC(116) Clearing All SoftReferences
[93.132s][info][gc,phases   ] GC(116) Pause Mark Start 0.022ms
[93.144s][info][gc,phases   ] GC(116) Concurrent Mark 11.087ms
[93.144s][info][gc,phases   ] GC(116) Pause Mark End 0.014ms
[93.144s][info][gc,phases   ] GC(116) Concurrent Mark Free 0.001ms
[93.144s][info][gc,phases   ] GC(116) Concurrent Process Non-Strong References 0.273ms
[93.144s][info][gc,phases   ] GC(116) Concurrent Reset Relocation Set 0.020ms
[93.144s][info][gc          ] Allocation Stall (reactors-io-scheduler-ForkJoinPool-1-worker-1) 11.692ms
[93.144s][info][gc          ] Allocation Stall (reactors-io-scheduler-ForkJoinPool-1-worker-20) 11.702ms
[93.144s][info][gc          ] Allocation Stall (reactors-io-scheduler-ForkJoinPool-1-worker-38) 11.713ms
[93.144s][info][gc          ] Allocation Stall (reactors-io-scheduler-ForkJoinPool-1-worker-2) 11.702ms
[93.144s][info][gc          ] Allocation Stall (reactors-io-scheduler-ForkJoinPool-1-worker-5) 11.675ms
[93.144s][info][gc          ] Allocation Stall (reactors-io-scheduler-ForkJoinPool-1-worker-15) 11.679ms
[93.144s][info][gc          ] Allocation Stall (reactors-io-scheduler-ForkJoinPool-1-worker-43) 11.711ms
[93.144s][info][gc          ] Allocation Stall (reactors-io-scheduler-ForkJoinPool-1-worker-19) 12.085ms
[93.144s][info][gc          ] Allocation Stall (reactors-io-scheduler-ForkJoinPool-1-worker-44) 11.723ms
[93.144s][info][gc          ] Allocation Stall (reactors-io-scheduler-ForkJoinPool-1-worker-37) 11.738ms
[93.144s][info][gc          ] Allocation Stall (reactors-io-scheduler-ForkJoinPool-1-worker-10) 12.059ms
[93.144s][info][gc          ] Allocation Stall (reactors-io-scheduler-ForkJoinPool-1-worker-8) 11.741ms
[93.144s][info][gc          ] Allocation Stall (reactors-io-scheduler-ForkJoinPool-1-worker-40) 11.709ms
[93.144s][info][gc          ] Allocation Stall (reactors-io-scheduler-ForkJoinPool-1-worker-21) 11.754ms
[93.144s][info][gc          ] Allocation Stall (reactors-io-scheduler-ForkJoinPool-1-worker-23) 11.744ms
[93.144s][info][gc          ] Allocation Stall (reactors-io-scheduler-ForkJoinPool-1-worker-30) 11.755ms
[93.144s][info][gc          ] Allocation Stall (reactors-io-scheduler-ForkJoinPool-1-worker-42) 11.739ms
[93.144s][info][gc          ] Allocation Stall (reactors-io-scheduler-ForkJoinPool-1-worker-28) 11.729ms
[93.144s][info][gc          ] Allocation Stall (reactors-io-scheduler-ForkJoinPool-1-worker-35) 11.739ms
[93.144s][info][gc          ] Allocation Stall (reactors-io-scheduler-ForkJoinPool-1-worker-9) 11.744ms
[93.144s][info][gc          ] Allocation Stall (reactors-io-scheduler-ForkJoinPool-1-worker-7) 11.789ms
[93.144s][info][gc          ] Allocation Stall (reactors-io-scheduler-ForkJoinPool-1-worker-18) 11.774ms
[93.144s][info][gc          ] Allocation Stall (reactors-io-scheduler-ForkJoinPool-1-worker-41) 11.772ms
[93.144s][info][gc          ] Allocation Stall (reactors-io-scheduler-ForkJoinPool-1-worker-33) 11.734ms
[93.144s][info][gc          ] Allocation Stall (reactors-io-scheduler-ForkJoinPool-1-worker-17) 12.103ms
[93.144s][info][gc          ] Allocation Stall (reactors-io-scheduler-ForkJoinPool-1-worker-12) 11.782ms
[93.144s][info][gc          ] Allocation Stall (reactors-io-scheduler-ForkJoinPool-1-worker-32) 11.754ms
[93.144s][info][gc          ] Allocation Stall (reactors-io-scheduler-ForkJoinPool-1-worker-14) 11.776ms
[93.144s][info][gc          ] Allocation Stall (reactors-io-scheduler-ForkJoinPool-1-worker-11) 11.776ms
[93.144s][info][gc          ] Allocation Stall (reactors-io-scheduler-ForkJoinPool-1-worker-27) 11.771ms
[93.144s][info][gc          ] Allocation Stall (reactors-io-scheduler-ForkJoinPool-1-worker-46) 11.739ms
[93.144s][info][gc          ] Allocation Stall (reactors-io-scheduler-ForkJoinPool-1-worker-22) 11.757ms
[93.144s][info][gc          ] Allocation Stall (reactors-io-scheduler-ForkJoinPool-1-worker-6) 11.766ms
[93.144s][info][gc          ] Allocation Stall (reactors-io-scheduler-ForkJoinPool-1-worker-3) 11.773ms
[93.144s][info][gc          ] Allocation Stall (reactors-io-scheduler-ForkJoinPool-1-worker-34) 11.757ms
[93.144s][info][gc          ] Allocation Stall (reactors-io-scheduler-ForkJoinPool-1-worker-36) 11.815ms
[93.144s][info][gc          ] Allocation Stall (reactors-io-scheduler-ForkJoinPool-1-worker-13) 11.804ms
[93.144s][info][gc          ] Allocation Stall (reactors-io-scheduler-ForkJoinPool-1-worker-4) 12.181ms
[93.144s][info][gc          ] Allocation Stall (reactors-io-scheduler-ForkJoinPool-1-worker-48) 11.833ms
[93.144s][info][gc          ] Allocation Stall (reactors-io-scheduler-ForkJoinPool-1-worker-24) 11.816ms
[93.144s][info][gc          ] Allocation Stall (reactors-io-scheduler-ForkJoinPool-1-worker-16) 11.788ms
[93.144s][info][gc          ] Allocation Stall (reactors-io-scheduler-ForkJoinPool-1-worker-26) 11.831ms
[93.144s][info][gc          ] Allocation Stall (reactors-io-scheduler-ForkJoinPool-1-worker-31) 11.804ms
[93.144s][info][gc          ] Allocation Stall (reactors-io-scheduler-ForkJoinPool-1-worker-47) 11.816ms
[93.144s][info][gc          ] Allocation Stall (reactors-io-scheduler-ForkJoinPool-1-worker-25) 11.781ms
[93.144s][info][gc          ] Allocation Stall (reactors-io-scheduler-ForkJoinPool-1-worker-39) 12.337ms
[93.144s][info][gc          ] Allocation Stall (reactors-io-scheduler-ForkJoinPool-1-worker-45) 11.785ms
[93.144s][info][gc          ] Allocation Stall (reactors-io-scheduler-ForkJoinPool-1-worker-29) 11.809ms
[93.148s][info][gc,phases   ] GC(116) Concurrent Select Relocation Set 3.797ms
[93.148s][info][gc,phases   ] GC(116) Pause Relocate Start 0.006ms
[93.152s][info][gc,phases   ] GC(116) Concurrent Relocate 3.335ms
[93.152s][info][gc,load     ] GC(116) Load: 0.00/0.00/0.00
[93.152s][info][gc,mmu      ] GC(116) MMU: 2ms/95.2%, 5ms/98.1%, 10ms/99.0%, 20ms/99.5%, 50ms/99.8%, 100ms/99.9%
[93.152s][info][gc,marking  ] GC(116) Mark: 8 stripe(s), 2 proactive flush(es), 1 terminate flush(es), 0 completion(s), 0 continuation(s) 
[93.152s][info][gc,marking  ] GC(116) Mark Stack Usage: 32M
[93.152s][info][gc,nmethod  ] GC(116) NMethods: 648 registered, 388 unregistered
[93.152s][info][gc,metaspace] GC(116) Metaspace: 16M used, 16M committed, 1088M reserved
[93.152s][info][gc,ref      ] GC(116) Soft: 171 encountered, 50 discovered, 1 enqueued
[93.152s][info][gc,ref      ] GC(116) Weak: 978 encountered, 43 discovered, 1 enqueued
[93.152s][info][gc,ref      ] GC(116) Final: 0 encountered, 0 discovered, 0 enqueued
[93.152s][info][gc,ref      ] GC(116) Phantom: 35 encountered, 20 discovered, 0 enqueued
[93.152s][info][gc,reloc    ] GC(116) Small Pages: 1024 / 2048M, Empty: 1620M, Relocated: 4M, In-Place: 0
[93.152s][info][gc,reloc    ] GC(116) Medium Pages: 0 / 0M, Empty: 0M, Relocated: 0M, In-Place: 0
[93.152s][info][gc,reloc    ] GC(116) Large Pages: 0 / 0M, Empty: 0M, Relocated: 0M, In-Place: 0
[93.152s][info][gc,reloc    ] GC(116) Forwarding Usage: 2M
[93.152s][info][gc,heap     ] GC(116) Min Capacity: 8M(0%)
[93.152s][info][gc,heap     ] GC(116) Max Capacity: 2048M(100%)
[93.152s][info][gc,heap     ] GC(116) Soft Max Capacity: 2048M(100%)
[93.152s][info][gc,heap     ] GC(116)                Mark Start          Mark End        Relocate Start      Relocate End           High               Low         
[93.152s][info][gc,heap     ] GC(116)  Capacity:     2048M (100%)       2048M (100%)       2048M (100%)       2048M (100%)       2048M (100%)       2048M (100%)   
[93.152s][info][gc,heap     ] GC(116)      Free:        0M (0%)            0M (0%)         1608M (79%)        1982M (97%)        1984M (97%)           0M (0%)     
[93.152s][info][gc,heap     ] GC(116)      Used:     2048M (100%)       2048M (100%)        440M (21%)          66M (3%)         2048M (100%)         64M (3%)     
[93.152s][info][gc,heap     ] GC(116)      Live:         -                23M (1%)           23M (1%)           23M (1%)             -                  -          
[93.152s][info][gc,heap     ] GC(116) Allocated:         -                 0M (0%)           12M (1%)           19M (1%)             -                  -          
[93.152s][info][gc,heap     ] GC(116)   Garbage:         -              2024M (99%)         404M (20%)          22M (1%)             -                  -          
[93.152s][info][gc,heap     ] GC(116) Reclaimed:         -                  -              1620M (79%)        2001M (98%)            -                  -          
[93.152s][info][gc          ] GC(116) Garbage Collection (Allocation Stall) 2048M(100%)->66M(3%)
[93.239s][info][gc,start    ] GC(117) Garbage Collection (Allocation Stall)
[93.239s][info][gc,ref      ] GC(117) Clearing All SoftReferences
[93.239s][info][gc,task     ] GC(117) Using 12 workers
[93.239s][info][gc,ref      ] GC(117) Clearing All SoftReferences
[93.239s][info][gc,phases   ] GC(117) Pause Mark Start 0.021ms
[93.348s][info][gc,phases   ] GC(117) Concurrent Mark 89.605ms
[93.348s][info][gc,phases   ] GC(117) Pause Mark End 0.060ms
[93.348s][info][gc,phases   ] GC(117) Concurrent Mark Free 0.000ms
[93.353s][info][gc,phases   ] GC(117) Concurrent Process Non-Strong References 4.047ms
[93.353s][info][gc,phases   ] GC(117) Concurrent Reset Relocation Set 0.035ms
[93.355s][info][gc,phases   ] GC(117) Concurrent Select Relocation Set 2.696ms
[93.355s][info][gc,phases   ] GC(117) Pause Relocate Start 0.006ms
[93.358s][info][gc,phases   ] GC(117) Concurrent Relocate 2.073ms
[93.358s][info][gc,load     ] GC(117) Load: 0.00/0.00/0.00
[93.358s][info][gc,mmu      ] GC(117) MMU: 2ms/95.2%, 5ms/98.1%, 10ms/99.0%, 20ms/99.5%, 50ms/99.8%, 100ms/99.9%
[93.358s][info][gc,marking  ] GC(117) Mark: 8 stripe(s), 4 proactive flush(es), 1 terminate flush(es), 1 completion(s), 0 continuation(s) 
[93.358s][info][gc,marking  ] GC(117) Mark Stack Usage: 32M
[93.358s][info][gc,nmethod  ] GC(117) NMethods: 822 registered, 432 unregistered
[93.358s][info][gc,metaspace] GC(117) Metaspace: 16M used, 16M committed, 1088M reserved
[93.358s][info][gc,ref      ] GC(117) Soft: 172 encountered, 50 discovered, 1 enqueued
[93.358s][info][gc,ref      ] GC(117) Weak: 979 encountered, 118 discovered, 0 enqueued
[93.358s][info][gc,ref      ] GC(117) Final: 0 encountered, 0 discovered, 0 enqueued
[93.358s][info][gc,ref      ] GC(117) Phantom: 35 encountered, 23 discovered, 0 enqueued
[93.358s][info][gc,reloc    ] GC(117) Small Pages: 248 / 496M, Empty: 214M, Relocated: 4M, In-Place: 0
[93.358s][info][gc,reloc    ] GC(117) Medium Pages: 0 / 0M, Empty: 0M, Relocated: 0M, In-Place: 0
[93.358s][info][gc,reloc    ] GC(117) Large Pages: 0 / 0M, Empty: 0M, Relocated: 0M, In-Place: 0
[93.358s][info][gc,reloc    ] GC(117) Forwarding Usage: 2M
[93.358s][info][gc,heap     ] GC(117) Min Capacity: 8M(0%)
[93.358s][info][gc,heap     ] GC(117) Max Capacity: 2048M(100%)
[93.358s][info][gc,heap     ] GC(117) Soft Max Capacity: 2048M(100%)
[93.358s][info][gc,heap     ] GC(117)                Mark Start          Mark End        Relocate Start      Relocate End           High               Low         
[93.358s][info][gc,heap     ] GC(117)  Capacity:     2048M (100%)       2048M (100%)       2048M (100%)       2048M (100%)       2048M (100%)       2048M (100%)   
[93.358s][info][gc,heap     ] GC(117)      Free:     1552M (76%)        1018M (50%)        1224M (60%)        1458M (71%)        1552M (76%)        1012M (49%)    
[93.358s][info][gc,heap     ] GC(117)      Used:      496M (24%)        1030M (50%)         824M (40%)         590M (29%)        1036M (51%)         496M (24%)    
[93.358s][info][gc,heap     ] GC(117)      Live:         -                23M (1%)           23M (1%)           23M (1%)             -                  -          
[93.358s][info][gc,heap     ] GC(117) Allocated:         -               534M (26%)         542M (26%)         543M (27%)            -                  -          
[93.358s][info][gc,heap     ] GC(117)   Garbage:         -               472M (23%)         258M (13%)          22M (1%)             -                  -          
[93.358s][info][gc,heap     ] GC(117) Reclaimed:         -                  -               214M (10%)         449M (22%)            -                  -          
[93.358s][info][gc          ] GC(117) Garbage Collection (Allocation Stall) 496M(24%)->590M(29%)
[93.442s][info][gc,start    ] GC(118) Garbage Collection (Allocation Rate)
[93.442s][info][gc,task     ] GC(118) Using 12 workers
[93.442s][info][gc,phases   ] GC(118) Pause Mark Start 0.018ms
[93.489s][info][gc,phases   ] GC(118) Concurrent Mark 46.412ms
[93.489s][info][gc,phases   ] GC(118) Pause Mark End 0.017ms
[93.489s][info][gc,phases   ] GC(118) Concurrent Mark Free 0.001ms
[93.492s][info][gc,phases   ] GC(118) Concurrent Process Non-Strong References 3.102ms
[93.492s][info][gc,phases   ] GC(118) Concurrent Reset Relocation Set 0.014ms
[93.500s][info][gc,phases   ] GC(118) Concurrent Select Relocation Set 7.775ms
[93.500s][info][gc,phases   ] GC(118) Pause Relocate Start 0.009ms
[93.514s][info][gc,phases   ] GC(118) Concurrent Relocate 14.240ms
[93.515s][info][gc,load     ] GC(118) Load: 0.00/0.00/0.00
[93.515s][info][gc,mmu      ] GC(118) MMU: 2ms/95.2%, 5ms/98.1%, 10ms/99.0%, 20ms/99.5%, 50ms/99.8%, 100ms/99.9%
[93.515s][info][gc,marking  ] GC(118) Mark: 8 stripe(s), 2 proactive flush(es), 1 terminate flush(es), 0 completion(s), 0 continuation(s) 
[93.515s][info][gc,marking  ] GC(118) Mark Stack Usage: 32M
[93.515s][info][gc,nmethod  ] GC(118) NMethods: 820 registered, 434 unregistered
[93.515s][info][gc,metaspace] GC(118) Metaspace: 16M used, 16M committed, 1088M reserved
[93.515s][info][gc,ref      ] GC(118) Soft: 171 encountered, 0 discovered, 0 enqueued
[93.515s][info][gc,ref      ] GC(118) Weak: 978 encountered, 73 discovered, 2 enqueued
[93.515s][info][gc,ref      ] GC(118) Final: 0 encountered, 0 discovered, 0 enqueued
[93.515s][info][gc,ref      ] GC(118) Phantom: 35 encountered, 17 discovered, 0 enqueued
[93.515s][info][gc,reloc    ] GC(118) Small Pages: 339 / 678M, Empty: 482M, Relocated: 43M, In-Place: 0
[93.515s][info][gc,reloc    ] GC(118) Medium Pages: 1 / 32M, Empty: 0M, Relocated: 0M, In-Place: 0
[93.515s][info][gc,reloc    ] GC(118) Large Pages: 0 / 0M, Empty: 0M, Relocated: 0M, In-Place: 0
[93.515s][info][gc,reloc    ] GC(118) Forwarding Usage: 18M
[93.515s][info][gc,heap     ] GC(118) Min Capacity: 8M(0%)
[93.515s][info][gc,heap     ] GC(118) Max Capacity: 2048M(100%)
[93.515s][info][gc,heap     ] GC(118) Soft Max Capacity: 2048M(100%)
[93.515s][info][gc,heap     ] GC(118)                Mark Start          Mark End        Relocate Start      Relocate End           High               Low         
[93.515s][info][gc,heap     ] GC(118)  Capacity:     2048M (100%)       2048M (100%)       2048M (100%)       2048M (100%)       2048M (100%)       2048M (100%)   
[93.515s][info][gc,heap     ] GC(118)      Free:     1338M (65%)        1284M (63%)        1752M (86%)        1776M (87%)        1776M (87%)        1278M (62%)    
[93.515s][info][gc,heap     ] GC(118)      Used:      710M (35%)         764M (37%)         296M (14%)         272M (13%)         770M (38%)         272M (13%)    
[93.515s][info][gc,heap     ] GC(118)      Live:         -               118M (6%)          118M (6%)          118M (6%)             -                  -          
[93.515s][info][gc,heap     ] GC(118) Allocated:         -                54M (3%)           68M (3%)           83M (4%)             -                  -          
[93.515s][info][gc,heap     ] GC(118)   Garbage:         -               591M (29%)         109M (5%)           69M (3%)             -                  -          
[93.515s][info][gc,heap     ] GC(118) Reclaimed:         -                  -               482M (24%)         521M (25%)            -                  -          
[93.515s][info][gc          ] GC(118) Garbage Collection (Allocation Rate) 710M(35%)->272M(13%)
[93.536s][info][gc,start    ] GC(119) Garbage Collection (Allocation Rate)
[93.536s][info][gc,task     ] GC(119) Using 12 workers
[93.536s][info][gc,phases   ] GC(119) Pause Mark Start 0.016ms
[93.614s][info][gc,phases   ] GC(119) Concurrent Mark 77.743ms
[93.614s][info][gc,phases   ] GC(119) Pause Mark End 0.018ms
[93.614s][info][gc,phases   ] GC(119) Concurrent Mark Free 0.001ms
[93.614s][info][gc,phases   ] GC(119) Concurrent Process Non-Strong References 0.400ms
[93.614s][info][gc,phases   ] GC(119) Concurrent Reset Relocation Set 0.005ms
[93.635s][info][gc,phases   ] GC(119) Concurrent Select Relocation Set 20.322ms
[93.635s][info][gc,phases   ] GC(119) Pause Relocate Start 0.011ms
[93.657s][info][gc,phases   ] GC(119) Concurrent Relocate 22.373ms
[93.658s][info][gc,load     ] GC(119) Load: 0.00/0.00/0.00
[93.658s][info][gc,mmu      ] GC(119) MMU: 2ms/95.2%, 5ms/98.1%, 10ms/99.0%, 20ms/99.5%, 50ms/99.8%, 100ms/99.9%
[93.658s][info][gc,marking  ] GC(119) Mark: 8 stripe(s), 3 proactive flush(es), 1 terminate flush(es), 0 completion(s), 0 continuation(s) 
[93.658s][info][gc,marking  ] GC(119) Mark Stack Usage: 32M
[93.658s][info][gc,nmethod  ] GC(119) NMethods: 820 registered, 434 unregistered
[93.658s][info][gc,metaspace] GC(119) Metaspace: 16M used, 16M committed, 1088M reserved
[93.658s][info][gc,ref      ] GC(119) Soft: 171 encountered, 0 discovered, 0 enqueued
[93.658s][info][gc,ref      ] GC(119) Weak: 976 encountered, 102 discovered, 0 enqueued
[93.658s][info][gc,ref      ] GC(119) Final: 0 encountered, 0 discovered, 0 enqueued
[93.658s][info][gc,ref      ] GC(119) Phantom: 35 encountered, 18 discovered, 0 enqueued
[93.658s][info][gc,reloc    ] GC(119) Small Pages: 135 / 270M, Empty: 0M, Relocated: 68M, In-Place: 0
[93.658s][info][gc,reloc    ] GC(119) Medium Pages: 1 / 32M, Empty: 0M, Relocated: 0M, In-Place: 0
[93.658s][info][gc,reloc    ] GC(119) Large Pages: 0 / 0M, Empty: 0M, Relocated: 0M, In-Place: 0
[93.658s][info][gc,reloc    ] GC(119) Forwarding Usage: 28M
[93.658s][info][gc,heap     ] GC(119) Min Capacity: 8M(0%)
[93.658s][info][gc,heap     ] GC(119) Max Capacity: 2048M(100%)
[93.658s][info][gc,heap     ] GC(119) Soft Max Capacity: 2048M(100%)
[93.658s][info][gc,heap     ] GC(119)                Mark Start          Mark End        Relocate Start      Relocate End           High               Low         
[93.658s][info][gc,heap     ] GC(119)  Capacity:     2048M (100%)       2048M (100%)       2048M (100%)       2048M (100%)       2048M (100%)       2048M (100%)   
[93.658s][info][gc,heap     ] GC(119)      Free:     1746M (85%)        1656M (81%)        1632M (80%)        1656M (81%)        1746M (85%)        1606M (78%)    
[93.658s][info][gc,heap     ] GC(119)      Used:      302M (15%)         392M (19%)         416M (20%)         392M (19%)         442M (22%)         302M (15%)    
[93.658s][info][gc,heap     ] GC(119)      Live:         -               186M (9%)          186M (9%)          186M (9%)             -                  -          
[93.658s][info][gc,heap     ] GC(119) Allocated:         -                90M (4%)          114M (6%)          131M (6%)             -                  -          
[93.658s][info][gc,heap     ] GC(119)   Garbage:         -               115M (6%)          115M (6%)           73M (4%)             -                  -          
[93.658s][info][gc,heap     ] GC(119) Reclaimed:         -                  -                 0M (0%)           41M (2%)             -                  -          
[93.658s][info][gc          ] GC(119) Garbage Collection (Allocation Rate) 302M(15%)->392M(19%)
[93.739s][info][gc,start    ] GC(120) Garbage Collection (Allocation Rate)
[93.739s][info][gc,task     ] GC(120) Using 12 workers
[93.739s][info][gc,phases   ] GC(120) Pause Mark Start 0.016ms
[93.848s][info][gc,phases   ] GC(120) Concurrent Mark 108.901ms
[93.848s][info][gc,phases   ] GC(120) Pause Mark End 0.017ms
[93.848s][info][gc,phases   ] GC(120) Concurrent Mark Free 0.001ms
[93.849s][info][gc,phases   ] GC(120) Concurrent Process Non-Strong References 0.351ms
[93.849s][info][gc,phases   ] GC(120) Concurrent Reset Relocation Set 0.011ms
[93.855s][info][gc,phases   ] GC(120) Concurrent Select Relocation Set 5.745ms
[93.855s][info][gc,phases   ] GC(120) Pause Relocate Start 0.005ms
[93.869s][info][gc,phases   ] GC(120) Concurrent Relocate 14.482ms
[93.869s][info][gc,load     ] GC(120) Load: 0.00/0.00/0.00
[93.869s][info][gc,mmu      ] GC(120) MMU: 2ms/95.2%, 5ms/98.1%, 10ms/99.0%, 20ms/99.5%, 50ms/99.8%, 100ms/99.9%
[93.869s][info][gc,marking  ] GC(120) Mark: 8 stripe(s), 2 proactive flush(es), 1 terminate flush(es), 0 completion(s), 0 continuation(s) 
[93.869s][info][gc,marking  ] GC(120) Mark Stack Usage: 32M
[93.869s][info][gc,nmethod  ] GC(120) NMethods: 820 registered, 434 unregistered
[93.869s][info][gc,metaspace] GC(120) Metaspace: 16M used, 16M committed, 1088M reserved
[93.870s][info][gc,ref      ] GC(120) Soft: 171 encountered, 0 discovered, 0 enqueued
[93.870s][info][gc,ref      ] GC(120) Weak: 976 encountered, 275 discovered, 0 enqueued
[93.870s][info][gc,ref      ] GC(120) Final: 0 encountered, 0 discovered, 0 enqueued
[93.870s][info][gc,ref      ] GC(120) Phantom: 35 encountered, 34 discovered, 0 enqueued
[93.870s][info][gc,reloc    ] GC(120) Small Pages: 231 / 462M, Empty: 0M, Relocated: 52M, In-Place: 0
[93.870s][info][gc,reloc    ] GC(120) Medium Pages: 1 / 32M, Empty: 0M, Relocated: 0M, In-Place: 0
[93.870s][info][gc,reloc    ] GC(120) Large Pages: 0 / 0M, Empty: 0M, Relocated: 0M, In-Place: 0
[93.870s][info][gc,reloc    ] GC(120) Forwarding Usage: 22M
[93.870s][info][gc,heap     ] GC(120) Min Capacity: 8M(0%)
[93.870s][info][gc,heap     ] GC(120) Max Capacity: 2048M(100%)
[93.870s][info][gc,heap     ] GC(120) Soft Max Capacity: 2048M(100%)
[93.870s][info][gc,heap     ] GC(120)                Mark Start          Mark End        Relocate Start      Relocate End           High               Low         
[93.870s][info][gc,heap     ] GC(120)  Capacity:     2048M (100%)       2048M (100%)       2048M (100%)       2048M (100%)       2048M (100%)       2048M (100%)   
[93.870s][info][gc,heap     ] GC(120)      Free:     1554M (76%)        1460M (71%)        1454M (71%)        1474M (72%)        1554M (76%)        1428M (70%)    
[93.870s][info][gc,heap     ] GC(120)      Used:      494M (24%)         588M (29%)         594M (29%)         574M (28%)         620M (30%)         494M (24%)    
[93.870s][info][gc,heap     ] GC(120)      Live:         -               334M (16%)         334M (16%)         334M (16%)            -                  -          
[93.870s][info][gc,heap     ] GC(120) Allocated:         -                94M (5%)          100M (5%)          115M (6%)             -                  -          
[93.870s][info][gc,heap     ] GC(120)   Garbage:         -               159M (8%)          159M (8%)          123M (6%)             -                  -          
[93.870s][info][gc,heap     ] GC(120) Reclaimed:         -                  -                 0M (0%)           35M (2%)             -                  -          
[93.870s][info][gc          ] GC(120) Garbage Collection (Allocation Rate) 494M(24%)->574M(28%)
[93.942s][info][gc,start    ] GC(121) Garbage Collection (Allocation Rate)
[93.942s][info][gc,task     ] GC(121) Using 12 workers
[93.942s][info][gc,phases   ] GC(121) Pause Mark Start 0.014ms
[94.082s][info][gc,phases   ] GC(121) Concurrent Mark 140.236ms
[94.083s][info][gc,phases   ] GC(121) Pause Mark End 0.018ms
[94.083s][info][gc,phases   ] GC(121) Concurrent Mark Free 0.002ms
[94.083s][info][gc,phases   ] GC(121) Concurrent Process Non-Strong References 0.379ms
[94.083s][info][gc,phases   ] GC(121) Concurrent Reset Relocation Set 0.009ms
[94.114s][info][gc,phases   ] GC(121) Concurrent Select Relocation Set 31.205ms
[94.115s][info][gc,phases   ] GC(121) Pause Relocate Start 0.011ms
[94.136s][info][gc,phases   ] GC(121) Concurrent Relocate 21.236ms
[94.136s][info][gc,load     ] GC(121) Load: 0.00/0.00/0.00
[94.136s][info][gc,mmu      ] GC(121) MMU: 2ms/95.2%, 5ms/98.1%, 10ms/99.0%, 20ms/99.5%, 50ms/99.8%, 100ms/99.9%
[94.136s][info][gc,marking  ] GC(121) Mark: 8 stripe(s), 2 proactive flush(es), 1 terminate flush(es), 0 completion(s), 0 continuation(s) 
[94.136s][info][gc,marking  ] GC(121) Mark Stack Usage: 32M
[94.136s][info][gc,nmethod  ] GC(121) NMethods: 820 registered, 434 unregistered
[94.136s][info][gc,metaspace] GC(121) Metaspace: 16M used, 16M committed, 1088M reserved
[94.136s][info][gc,ref      ] GC(121) Soft: 171 encountered, 0 discovered, 0 enqueued
[94.136s][info][gc,ref      ] GC(121) Weak: 976 encountered, 110 discovered, 0 enqueued
[94.136s][info][gc,ref      ] GC(121) Final: 0 encountered, 0 discovered, 0 enqueued
[94.136s][info][gc,ref      ] GC(121) Phantom: 35 encountered, 33 discovered, 0 enqueued
[94.136s][info][gc,reloc    ] GC(121) Small Pages: 315 / 630M, Empty: 0M, Relocated: 55M, In-Place: 0
[94.136s][info][gc,reloc    ] GC(121) Medium Pages: 1 / 32M, Empty: 0M, Relocated: 0M, In-Place: 0
[94.136s][info][gc,reloc    ] GC(121) Large Pages: 0 / 0M, Empty: 0M, Relocated: 0M, In-Place: 0
[94.136s][info][gc,reloc    ] GC(121) Forwarding Usage: 23M
[94.136s][info][gc,heap     ] GC(121) Min Capacity: 8M(0%)
[94.136s][info][gc,heap     ] GC(121) Max Capacity: 2048M(100%)
[94.136s][info][gc,heap     ] GC(121) Soft Max Capacity: 2048M(100%)
[94.136s][info][gc,heap     ] GC(121)                Mark Start          Mark End        Relocate Start      Relocate End           High               Low         
[94.136s][info][gc,heap     ] GC(121)  Capacity:     2048M (100%)       2048M (100%)       2048M (100%)       2048M (100%)       2048M (100%)       2048M (100%)   
[94.136s][info][gc,heap     ] GC(121)      Free:     1386M (68%)        1250M (61%)        1212M (59%)        1232M (60%)        1386M (68%)        1188M (58%)    
[94.136s][info][gc,heap     ] GC(121)      Used:      662M (32%)         798M (39%)         836M (41%)         816M (40%)         860M (42%)         662M (32%)    
[94.136s][info][gc,heap     ] GC(121)      Live:         -               464M (23%)         464M (23%)         464M (23%)            -                  -          
[94.136s][info][gc,heap     ] GC(121) Allocated:         -               136M (7%)          174M (8%)          193M (9%)             -                  -          
[94.136s][info][gc,heap     ] GC(121)   Garbage:         -               197M (10%)         197M (10%)         158M (8%)             -                  -          
[94.136s][info][gc,heap     ] GC(121) Reclaimed:         -                  -                 0M (0%)           39M (2%)             -                  -          
[94.136s][info][gc          ] GC(121) Garbage Collection (Allocation Rate) 662M(32%)->816M(40%)
[94.145s][info][gc,start    ] GC(122) Garbage Collection (Allocation Rate)
[94.145s][info][gc,task     ] GC(122) Using 12 workers
[94.145s][info][gc,phases   ] GC(122) Pause Mark Start 0.010ms
[94.317s][info][gc,phases   ] GC(122) Concurrent Mark 171.653ms
[94.317s][info][gc,phases   ] GC(122) Pause Mark End 0.019ms
[94.317s][info][gc,phases   ] GC(122) Concurrent Mark Free 0.001ms
[94.317s][info][gc,phases   ] GC(122) Concurrent Process Non-Strong References 0.369ms
[94.317s][info][gc,phases   ] GC(122) Concurrent Reset Relocation Set 0.017ms
[94.323s][info][gc,phases   ] GC(122) Concurrent Select Relocation Set 5.614ms
[94.323s][info][gc,phases   ] GC(122) Pause Relocate Start 0.009ms
[94.336s][info][gc,phases   ] GC(122) Concurrent Relocate 12.270ms
[94.336s][info][gc,load     ] GC(122) Load: 0.00/0.00/0.00
[94.336s][info][gc,mmu      ] GC(122) MMU: 2ms/95.2%, 5ms/98.1%, 10ms/99.0%, 20ms/99.5%, 50ms/99.8%, 100ms/99.9%
[94.336s][info][gc,marking  ] GC(122) Mark: 8 stripe(s), 3 proactive flush(es), 1 terminate flush(es), 0 completion(s), 0 continuation(s) 
[94.336s][info][gc,marking  ] GC(122) Mark Stack Usage: 32M
[94.336s][info][gc,nmethod  ] GC(122) NMethods: 820 registered, 434 unregistered
[94.336s][info][gc,metaspace] GC(122) Metaspace: 16M used, 16M committed, 1088M reserved
[94.336s][info][gc,ref      ] GC(122) Soft: 171 encountered, 0 discovered, 0 enqueued
[94.336s][info][gc,ref      ] GC(122) Weak: 976 encountered, 88 discovered, 0 enqueued
[94.336s][info][gc,ref      ] GC(122) Final: 0 encountered, 0 discovered, 0 enqueued
[94.336s][info][gc,ref      ] GC(122) Phantom: 35 encountered, 31 discovered, 0 enqueued
[94.336s][info][gc,reloc    ] GC(122) Small Pages: 397 / 794M, Empty: 0M, Relocated: 47M, In-Place: 0
[94.336s][info][gc,reloc    ] GC(122) Medium Pages: 1 / 32M, Empty: 0M, Relocated: 0M, In-Place: 0
[94.336s][info][gc,reloc    ] GC(122) Large Pages: 0 / 0M, Empty: 0M, Relocated: 0M, In-Place: 0
[94.336s][info][gc,reloc    ] GC(122) Forwarding Usage: 20M
[94.336s][info][gc,heap     ] GC(122) Min Capacity: 8M(0%)
[94.336s][info][gc,heap     ] GC(122) Max Capacity: 2048M(100%)
[94.336s][info][gc,heap     ] GC(122) Soft Max Capacity: 2048M(100%)
[94.336s][info][gc,heap     ] GC(122)                Mark Start          Mark End        Relocate Start      Relocate End           High               Low         
[94.336s][info][gc,heap     ] GC(122)  Capacity:     2048M (100%)       2048M (100%)       2048M (100%)       2048M (100%)       2048M (100%)       2048M (100%)   
[94.336s][info][gc,heap     ] GC(122)      Free:     1222M (60%)        1112M (54%)        1108M (54%)        1134M (55%)        1222M (60%)        1084M (53%)    
[94.336s][info][gc,heap     ] GC(122)      Used:      826M (40%)         936M (46%)         940M (46%)         914M (45%)         964M (47%)         826M (40%)    
[94.336s][info][gc,heap     ] GC(122)      Live:         -               592M (29%)         592M (29%)         592M (29%)            -                  -          
[94.336s][info][gc,heap     ] GC(122) Allocated:         -               110M (5%)          114M (6%)          115M (6%)             -                  -          
[94.336s][info][gc,heap     ] GC(122)   Garbage:         -               233M (11%)         233M (11%)         205M (10%)            -                  -          
[94.336s][info][gc,heap     ] GC(122) Reclaimed:         -                  -                 0M (0%)           27M (1%)             -                  -          
[94.336s][info][gc          ] GC(122) Garbage Collection (Allocation Rate) 826M(40%)->914M(45%)
[94.442s][info][gc,start    ] GC(123) Garbage Collection (Allocation Rate)
[94.442s][info][gc,task     ] GC(123) Using 12 workers
[94.442s][info][gc,phases   ] GC(123) Pause Mark Start 0.015ms
[94.598s][info][gc,phases   ] GC(123) Concurrent Mark 155.796ms
[94.598s][info][gc,phases   ] GC(123) Pause Mark End 0.016ms
[94.598s][info][gc,phases   ] GC(123) Concurrent Mark Free 0.000ms
[94.598s][info][gc,phases   ] GC(123) Concurrent Process Non-Strong References 0.314ms
[94.599s][info][gc,phases   ] GC(123) Concurrent Reset Relocation Set 0.009ms
[94.636s][info][gc,phases   ] GC(123) Concurrent Select Relocation Set 37.782ms
[94.636s][info][gc,phases   ] GC(123) Pause Relocate Start 0.009ms
[94.699s][info][gc,phases   ] GC(123) Concurrent Relocate 62.698ms
[94.699s][info][gc,load     ] GC(123) Load: 0.00/0.00/0.00
[94.699s][info][gc,mmu      ] GC(123) MMU: 2ms/95.2%, 5ms/98.1%, 10ms/99.0%, 20ms/99.5%, 50ms/99.8%, 100ms/99.9%
[94.699s][info][gc,marking  ] GC(123) Mark: 8 stripe(s), 3 proactive flush(es), 1 terminate flush(es), 0 completion(s), 0 continuation(s) 
[94.699s][info][gc,marking  ] GC(123) Mark Stack Usage: 32M
[94.699s][info][gc,nmethod  ] GC(123) NMethods: 820 registered, 434 unregistered
[94.699s][info][gc,metaspace] GC(123) Metaspace: 16M used, 16M committed, 1088M reserved
[94.699s][info][gc,ref      ] GC(123) Soft: 171 encountered, 0 discovered, 0 enqueued
[94.699s][info][gc,ref      ] GC(123) Weak: 976 encountered, 79 discovered, 0 enqueued
[94.699s][info][gc,ref      ] GC(123) Final: 0 encountered, 0 discovered, 0 enqueued
[94.699s][info][gc,ref      ] GC(123) Phantom: 35 encountered, 18 discovered, 0 enqueued
[94.699s][info][gc,reloc    ] GC(123) Small Pages: 447 / 894M, Empty: 0M, Relocated: 241M, In-Place: 0
[94.699s][info][gc,reloc    ] GC(123) Medium Pages: 2 / 64M, Empty: 0M, Relocated: 3M, In-Place: 0
[94.699s][info][gc,reloc    ] GC(123) Large Pages: 0 / 0M, Empty: 0M, Relocated: 0M, In-Place: 0
[94.699s][info][gc,reloc    ] GC(123) Forwarding Usage: 101M
[94.699s][info][gc,heap     ] GC(123) Min Capacity: 8M(0%)
[94.699s][info][gc,heap     ] GC(123) Max Capacity: 2048M(100%)
[94.699s][info][gc,heap     ] GC(123) Soft Max Capacity: 2048M(100%)
[94.699s][info][gc,heap     ] GC(123)                Mark Start          Mark End        Relocate Start      Relocate End           High               Low         
[94.700s][info][gc,heap     ] GC(123)  Capacity:     2048M (100%)       2048M (100%)       2048M (100%)       2048M (100%)       2048M (100%)       2048M (100%)   
[94.700s][info][gc,heap     ] GC(123)      Free:     1090M (53%)        1036M (51%)        1036M (51%)        1284M (63%)        1284M (63%)         982M (48%)    
[94.700s][info][gc,heap     ] GC(123)      Used:      958M (47%)        1012M (49%)        1012M (49%)         764M (37%)        1066M (52%)         764M (37%)    
[94.700s][info][gc,heap     ] GC(123)      Live:         -               584M (29%)         584M (29%)         584M (29%)            -                  -          
[94.700s][info][gc,heap     ] GC(123) Allocated:         -                54M (3%)           54M (3%)           57M (3%)             -                  -          
[94.700s][info][gc,heap     ] GC(123)   Garbage:         -               373M (18%)         373M (18%)         122M (6%)             -                  -          
[94.700s][info][gc,heap     ] GC(123) Reclaimed:         -                  -                 0M (0%)          251M (12%)            -                  -          
[94.700s][info][gc          ] GC(123) Garbage Collection (Allocation Rate) 958M(47%)->764M(37%)
[94.738s][info][gc,start    ] GC(124) Garbage Collection (Allocation Rate)
[94.739s][info][gc,task     ] GC(124) Using 12 workers
[94.739s][info][gc,phases   ] GC(124) Pause Mark Start 0.010ms
[94.754s][info][gc,phases   ] GC(124) Concurrent Mark 15.424ms
[94.754s][info][gc,phases   ] GC(124) Pause Mark End 0.018ms
[94.754s][info][gc,phases   ] GC(124) Concurrent Mark Free 0.001ms
[94.755s][info][gc,phases   ] GC(124) Concurrent Process Non-Strong References 0.480ms
[94.755s][info][gc,phases   ] GC(124) Concurrent Reset Relocation Set 0.057ms
[94.768s][info][gc,phases   ] GC(124) Concurrent Select Relocation Set 13.320ms
[94.768s][info][gc,phases   ] GC(124) Pause Relocate Start 0.006ms
[94.770s][info][gc,phases   ] GC(124) Concurrent Relocate 1.724ms
[94.770s][info][gc,load     ] GC(124) Load: 0.00/0.00/0.00
[94.770s][info][gc,mmu      ] GC(124) MMU: 2ms/95.2%, 5ms/98.1%, 10ms/99.0%, 20ms/99.5%, 50ms/99.8%, 100ms/99.9%
[94.770s][info][gc,marking  ] GC(124) Mark: 8 stripe(s), 3 proactive flush(es), 1 terminate flush(es), 0 completion(s), 0 continuation(s) 
[94.770s][info][gc,marking  ] GC(124) Mark Stack Usage: 32M
[94.770s][info][gc,nmethod  ] GC(124) NMethods: 820 registered, 434 unregistered
[94.770s][info][gc,metaspace] GC(124) Metaspace: 16M used, 16M committed, 1088M reserved
[94.770s][info][gc,ref      ] GC(124) Soft: 171 encountered, 0 discovered, 0 enqueued
[94.770s][info][gc,ref      ] GC(124) Weak: 978 encountered, 95 discovered, 3 enqueued
[94.770s][info][gc,ref      ] GC(124) Final: 0 encountered, 0 discovered, 0 enqueued
[94.770s][info][gc,ref      ] GC(124) Phantom: 35 encountered, 23 discovered, 0 enqueued
[94.770s][info][gc,reloc    ] GC(124) Small Pages: 367 / 734M, Empty: 662M, Relocated: 5M, In-Place: 0
[94.770s][info][gc,reloc    ] GC(124) Medium Pages: 1 / 32M, Empty: 32M, Relocated: 0M, In-Place: 0
[94.770s][info][gc,reloc    ] GC(124) Large Pages: 0 / 0M, Empty: 0M, Relocated: 0M, In-Place: 0
[94.770s][info][gc,reloc    ] GC(124) Forwarding Usage: 1M
[94.770s][info][gc,heap     ] GC(124) Min Capacity: 8M(0%)
[94.770s][info][gc,heap     ] GC(124) Max Capacity: 2048M(100%)
[94.770s][info][gc,heap     ] GC(124) Soft Max Capacity: 2048M(100%)
[94.770s][info][gc,heap     ] GC(124)                Mark Start          Mark End        Relocate Start      Relocate End           High               Low         
[94.771s][info][gc,heap     ] GC(124)  Capacity:     2048M (100%)       2048M (100%)       2048M (100%)       2048M (100%)       2048M (100%)       2048M (100%)   
[94.771s][info][gc,heap     ] GC(124)      Free:     1282M (63%)        1280M (63%)        1974M (96%)        2002M (98%)        2002M (98%)        1280M (63%)    
[94.771s][info][gc,heap     ] GC(124)      Used:      766M (37%)         768M (38%)          74M (4%)           46M (2%)          768M (38%)          46M (2%)     
[94.771s][info][gc,heap     ] GC(124)      Live:         -                22M (1%)           22M (1%)           22M (1%)             -                  -          
[94.771s][info][gc,heap     ] GC(124) Allocated:         -                 2M (0%)            2M (0%)            1M (0%)             -                  -          
[94.771s][info][gc,heap     ] GC(124)   Garbage:         -               743M (36%)          49M (2%)           21M (1%)             -                  -          
[94.771s][info][gc,heap     ] GC(124) Reclaimed:         -                  -               694M (34%)         721M (35%)            -                  -          
[94.771s][info][gc          ] GC(124) Garbage Collection (Allocation Rate) 766M(37%)->46M(2%)
[94.833s][info][gc,start    ] GC(125) Garbage Collection (Allocation Rate)
[94.833s][info][gc,task     ] GC(125) Using 12 workers
[94.833s][info][gc,phases   ] GC(125) Pause Mark Start 0.012ms
[94.843s][info][gc,phases   ] GC(125) Concurrent Mark 10.391ms
[94.844s][info][gc,phases   ] GC(125) Pause Mark End 0.022ms
[94.844s][info][gc,phases   ] GC(125) Concurrent Mark Free 0.001ms
[94.844s][info][gc,phases   ] GC(125) Concurrent Process Non-Strong References 0.488ms
[94.844s][info][gc,phases   ] GC(125) Concurrent Reset Relocation Set 0.002ms
[94.849s][info][gc,phases   ] GC(125) Concurrent Select Relocation Set 4.775ms
[94.849s][info][gc,phases   ] GC(125) Pause Relocate Start 0.006ms
[94.851s][info][gc,phases   ] GC(125) Concurrent Relocate 1.657ms
[94.851s][info][gc,load     ] GC(125) Load: 0.00/0.00/0.00
[94.851s][info][gc,mmu      ] GC(125) MMU: 2ms/95.2%, 5ms/98.1%, 10ms/99.0%, 20ms/99.5%, 50ms/99.8%, 100ms/99.9%
[94.851s][info][gc,marking  ] GC(125) Mark: 8 stripe(s), 2 proactive flush(es), 1 terminate flush(es), 0 completion(s), 0 continuation(s) 
[94.851s][info][gc,marking  ] GC(125) Mark Stack Usage: 32M
[94.851s][info][gc,nmethod  ] GC(125) NMethods: 820 registered, 434 unregistered
[94.851s][info][gc,metaspace] GC(125) Metaspace: 16M used, 16M committed, 1088M reserved
[94.851s][info][gc,ref      ] GC(125) Soft: 171 encountered, 0 discovered, 0 enqueued
[94.851s][info][gc,ref      ] GC(125) Weak: 975 encountered, 144 discovered, 0 enqueued
[94.851s][info][gc,ref      ] GC(125) Final: 0 encountered, 0 discovered, 0 enqueued
[94.851s][info][gc,ref      ] GC(125) Phantom: 35 encountered, 19 discovered, 0 enqueued
[94.851s][info][gc,reloc    ] GC(125) Small Pages: 25 / 50M, Empty: 0M, Relocated: 6M, In-Place: 0
[94.851s][info][gc,reloc    ] GC(125) Medium Pages: 0 / 0M, Empty: 0M, Relocated: 0M, In-Place: 0
[94.851s][info][gc,reloc    ] GC(125) Large Pages: 0 / 0M, Empty: 0M, Relocated: 0M, In-Place: 0
[94.851s][info][gc,reloc    ] GC(125) Forwarding Usage: 1M
[94.851s][info][gc,heap     ] GC(125) Min Capacity: 8M(0%)
[94.851s][info][gc,heap     ] GC(125) Max Capacity: 2048M(100%)
[94.851s][info][gc,heap     ] GC(125) Soft Max Capacity: 2048M(100%)
[94.851s][info][gc,heap     ] GC(125)                Mark Start          Mark End        Relocate Start      Relocate End           High               Low         
[94.851s][info][gc,heap     ] GC(125)  Capacity:     2048M (100%)       2048M (100%)       2048M (100%)       2048M (100%)       2048M (100%)       2048M (100%)   
[94.851s][info][gc,heap     ] GC(125)      Free:     1998M (98%)        1996M (97%)        1996M (97%)        2004M (98%)        2004M (98%)        1974M (96%)    
[94.851s][info][gc,heap     ] GC(125)      Used:       50M (2%)           52M (3%)           52M (3%)           44M (2%)           74M (4%)           44M (2%)     
[94.851s][info][gc,heap     ] GC(125)      Live:         -                22M (1%)           22M (1%)           22M (1%)             -                  -          
[94.851s][info][gc,heap     ] GC(125) Allocated:         -                 2M (0%)            2M (0%)            1M (0%)             -                  -          
[94.851s][info][gc,heap     ] GC(125)   Garbage:         -                27M (1%)           27M (1%)           19M (1%)             -                  -          
[94.851s][info][gc,heap     ] GC(125) Reclaimed:         -                  -                 0M (0%)            7M (0%)             -                  -          
[94.851s][info][gc          ] GC(125) Garbage Collection (Allocation Rate) 50M(2%)->44M(2%)
[100.142s][info][gc,stats    ] === Garbage Collection Statistics =======================================================================================================================
[100.142s][info][gc,stats    ]                                                              Last 10s              Last 10m              Last 10h                Total
[100.142s][info][gc,stats    ]                                                              Avg / Max             Avg / Max             Avg / Max             Avg / Max
[100.142s][info][gc,stats    ]   Collector: Garbage Collection Cycle                    132.070 / 411.964     155.429 / 411.964     155.429 / 411.964     155.429 / 411.964     ms
[100.142s][info][gc,stats    ]  Contention: Mark Segment Reset Contention                     3 / 16                5 / 54                5 / 54                5 / 54          ops/s
[100.142s][info][gc,stats    ]  Contention: Mark SeqNum Reset Contention                      0 / 5                 0 / 9                 0 / 9                 0 / 9           ops/s
[100.142s][info][gc,stats    ]    Critical: Allocation Stall                                 14 / 99                4 / 173               4 / 173               4 / 173         ops/s
[100.142s][info][gc,stats    ]    Critical: Allocation Stall                             11.838 / 29.811       10.989 / 32.476       10.989 / 32.476       10.989 / 32.476      ms
[100.142s][info][gc,stats    ]    Critical: GC Locker Stall                                   0 / 0                 0 / 0                 0 / 0                 0 / 0           ops/s
[100.142s][info][gc,stats    ]    Critical: GC Locker Stall                               0.000 / 0.000         0.000 / 0.000         0.000 / 0.000         0.000 / 0.000       ms
[100.142s][info][gc,stats    ]    Critical: Relocation Stall                                  0 / 0                 0 / 0                 0 / 0                 0 / 0           ops/s
[100.142s][info][gc,stats    ]    Critical: Relocation Stall                              0.000 / 0.000         0.000 / 0.000         0.000 / 0.000         0.000 / 0.000       ms
[100.142s][info][gc,stats    ]      Memory: Allocation Rate                                 746 / 4790            661 / 5930            661 / 5930            661 / 5930        MB/s
[100.142s][info][gc,stats    ]      Memory: Defragment                                        8 / 80                2 / 80                2 / 80                2 / 80          ops/s
[100.142s][info][gc,stats    ]      Memory: Out Of Memory                                     0 / 0                 0 / 0                 0 / 0                 0 / 0           ops/s
[100.142s][info][gc,stats    ]      Memory: Page Cache Flush                                 25 / 160               9 / 160               9 / 160               9 / 160         MB/s
[100.142s][info][gc,stats    ]      Memory: Page Cache Hit L1                               397 / 2334            359 / 2940            359 / 2940            359 / 2940        ops/s
[100.142s][info][gc,stats    ]      Memory: Page Cache Hit L2                                 0 / 0                 0 / 0                 0 / 0                 0 / 0           ops/s
[100.142s][info][gc,stats    ]      Memory: Page Cache Hit L3                                 7 / 73               12 / 438              12 / 438              12 / 438         ops/s
[100.142s][info][gc,stats    ]      Memory: Page Cache Miss                                   0 / 2                 0 / 3                 0 / 3                 0 / 3           ops/s
[100.142s][info][gc,stats    ]      Memory: Uncommit                                          0 / 0                 0 / 0                 0 / 0                 0 / 0           MB/s
[100.143s][info][gc,stats    ]      Memory: Undo Object Allocation Failed                    22 / 136              16 / 297              16 / 297              16 / 297         ops/s
[100.143s][info][gc,stats    ]      Memory: Undo Object Allocation Succeeded                  5 / 32                4 / 147               4 / 147               4 / 147         ops/s
[100.143s][info][gc,stats    ]      Memory: Undo Page Allocation                             83 / 631              50 / 688              50 / 688              50 / 688         ops/s
[100.143s][info][gc,stats    ]       Phase: Concurrent Mark                              83.856 / 171.653     101.014 / 241.573     101.014 / 241.573     101.014 / 241.573     ms
[100.143s][info][gc,stats    ]       Phase: Concurrent Mark Continue                      0.000 / 0.000         0.000 / 0.000         0.000 / 0.000         0.000 / 0.000       ms
[100.143s][info][gc,stats    ]       Phase: Concurrent Mark Free                          0.001 / 0.002         0.001 / 0.006         0.001 / 0.006         0.001 / 0.006       ms
[100.143s][info][gc,stats    ]       Phase: Concurrent Process Non-Strong References      0.920 / 4.047         1.727 / 27.626        1.727 / 27.626        1.727 / 27.626      ms
[100.143s][info][gc,stats    ]       Phase: Concurrent Relocate                          13.658 / 62.698       16.800 / 87.199       16.800 / 87.199       16.800 / 87.199      ms
[100.143s][info][gc,stats    ]       Phase: Concurrent Reset Relocation Set               0.015 / 0.057         0.019 / 0.096         0.019 / 0.096         0.019 / 0.096       ms
[100.143s][info][gc,stats    ]       Phase: Concurrent Select Relocation Set             12.859 / 37.782       15.770 / 67.766       15.770 / 67.766       15.770 / 67.766      ms
[100.143s][info][gc,stats    ]       Phase: Pause Mark End                                0.021 / 0.060         0.019 / 0.060         0.019 / 0.060         0.019 / 0.060       ms
[100.143s][info][gc,stats    ]       Phase: Pause Mark Start                              0.014 / 0.022         0.015 / 0.095         0.015 / 0.095         0.015 / 0.095       ms
[100.143s][info][gc,stats    ]       Phase: Pause Relocate Start                          0.008 / 0.011         0.008 / 0.017         0.008 / 0.017         0.008 / 0.017       ms
[100.143s][info][gc,stats    ]    Subphase: Concurrent Classes Purge                      0.038 / 0.356         0.121 / 3.083         0.121 / 3.083         0.121 / 3.083       ms
[100.143s][info][gc,stats    ]    Subphase: Concurrent Classes Unlink                     0.662 / 3.441         0.736 / 24.520        0.736 / 24.520        0.736 / 24.520      ms
[100.143s][info][gc,stats    ]    Subphase: Concurrent Mark                              82.152 / 170.954      97.851 / 240.378      97.851 / 240.378      97.851 / 240.378     ms
[100.143s][info][gc,stats    ]    Subphase: Concurrent Mark Try Flush                     5.229 / 78.108        2.963 / 78.108        2.963 / 78.108        2.963 / 78.108      ms
[100.143s][info][gc,stats    ]    Subphase: Concurrent Mark Try Terminate                10.437 / 16.938       10.407 / 16.938       10.407 / 16.938       10.407 / 16.938      ms
[100.143s][info][gc,stats    ]    Subphase: Concurrent References Enqueue                 0.001 / 0.003         0.001 / 0.004         0.001 / 0.004         0.001 / 0.004       ms
[100.143s][info][gc,stats    ]    Subphase: Concurrent References Process                 0.029 / 0.040         0.058 / 0.600         0.058 / 0.600         0.058 / 0.600       ms
[100.143s][info][gc,stats    ]    Subphase: Concurrent Roots ClassLoaderDataGraph         0.034 / 0.395         0.046 / 1.098         0.046 / 1.098         0.046 / 1.098       ms
[100.143s][info][gc,stats    ]    Subphase: Concurrent Roots CodeCache                    0.000 / 0.000         0.000 / 0.000         0.000 / 0.000         0.000 / 0.000       ms
[100.143s][info][gc,stats    ]    Subphase: Concurrent Roots JavaThreads                  0.632 / 1.220         0.915 / 17.879        0.915 / 17.879        0.915 / 17.879      ms
[100.143s][info][gc,stats    ]    Subphase: Concurrent Roots OopStorageSet                0.013 / 0.050         0.018 / 0.569         0.018 / 0.569         0.018 / 0.569       ms
[100.143s][info][gc,stats    ]    Subphase: Concurrent Weak Roots OopStorageSet           0.104 / 0.161         0.106 / 0.330         0.106 / 0.330         0.106 / 0.330       ms
[100.143s][info][gc,stats    ]    Subphase: Pause Mark Try Complete                       0.003 / 0.024         0.003 / 0.024         0.003 / 0.024         0.003 / 0.024       ms
[100.143s][info][gc,stats    ]      System: Java Threads                                     71 / 75               64 / 75               64 / 75               64 / 75          threads
[100.143s][info][gc,stats    ] =========================================================================================================================================================
[100.742s][info][gc,start    ] GC(126) Garbage Collection (Allocation Rate)
[100.742s][info][gc,task     ] GC(126) Using 12 workers
[100.742s][info][gc,phases   ] GC(126) Pause Mark Start 0.018ms
[100.851s][info][gc,phases   ] GC(126) Concurrent Mark 108.897ms
[100.851s][info][gc,phases   ] GC(126) Pause Mark End 0.018ms
[100.851s][info][gc,phases   ] GC(126) Concurrent Mark Free 0.001ms
[100.851s][info][gc,phases   ] GC(126) Concurrent Process Non-Strong References 0.335ms
[100.851s][info][gc,phases   ] GC(126) Concurrent Reset Relocation Set 0.002ms
[100.887s][info][gc,phases   ] GC(126) Concurrent Select Relocation Set 35.450ms
[100.887s][info][gc,phases   ] GC(126) Pause Relocate Start 0.008ms
[100.955s][info][gc,phases   ] GC(126) Concurrent Relocate 67.558ms
[100.955s][info][gc,load     ] GC(126) Load: 0.00/0.00/0.00
[100.955s][info][gc,mmu      ] GC(126) MMU: 2ms/95.2%, 5ms/98.1%, 10ms/99.0%, 20ms/99.5%, 50ms/99.8%, 100ms/99.9%
[100.955s][info][gc,marking  ] GC(126) Mark: 8 stripe(s), 2 proactive flush(es), 1 terminate flush(es), 0 completion(s), 0 continuation(s) 
[100.955s][info][gc,marking  ] GC(126) Mark Stack Usage: 32M
[100.955s][info][gc,nmethod  ] GC(126) NMethods: 822 registered, 434 unregistered
[100.955s][info][gc,metaspace] GC(126) Metaspace: 16M used, 16M committed, 1088M reserved
[100.955s][info][gc,ref      ] GC(126) Soft: 171 encountered, 0 discovered, 0 enqueued
[100.955s][info][gc,ref      ] GC(126) Weak: 978 encountered, 51 discovered, 3 enqueued
[100.955s][info][gc,ref      ] GC(126) Final: 0 encountered, 0 discovered, 0 enqueued
[100.955s][info][gc,ref      ] GC(126) Phantom: 35 encountered, 18 discovered, 0 enqueued
[100.955s][info][gc,reloc    ] GC(126) Small Pages: 472 / 944M, Empty: 0M, Relocated: 325M, In-Place: 0
[100.955s][info][gc,reloc    ] GC(126) Medium Pages: 0 / 0M, Empty: 0M, Relocated: 0M, In-Place: 0
[100.955s][info][gc,reloc    ] GC(126) Large Pages: 0 / 0M, Empty: 0M, Relocated: 0M, In-Place: 0
[100.955s][info][gc,reloc    ] GC(126) Forwarding Usage: 143M
[100.955s][info][gc,heap     ] GC(126) Min Capacity: 8M(0%)
[100.955s][info][gc,heap     ] GC(126) Max Capacity: 2048M(100%)
[100.955s][info][gc,heap     ] GC(126) Soft Max Capacity: 2048M(100%)
[100.955s][info][gc,heap     ] GC(126)                Mark Start          Mark End        Relocate Start      Relocate End           High               Low         
[100.955s][info][gc,heap     ] GC(126)  Capacity:     2048M (100%)       2048M (100%)       2048M (100%)       2048M (100%)       2048M (100%)       2048M (100%)   
[100.955s][info][gc,heap     ] GC(126)      Free:     1104M (54%)         988M (48%)         940M (46%)        1486M (73%)        1486M (73%)         918M (45%)    
[100.955s][info][gc,heap     ] GC(126)      Used:      944M (46%)        1060M (52%)        1108M (54%)         562M (27%)        1130M (55%)         562M (27%)    
[100.955s][info][gc,heap     ] GC(126)      Live:         -               343M (17%)         343M (17%)         343M (17%)            -                  -          
[100.955s][info][gc,heap     ] GC(126) Allocated:         -               116M (6%)          164M (8%)          199M (10%)            -                  -          
[100.955s][info][gc,heap     ] GC(126)   Garbage:         -               600M (29%)         600M (29%)          19M (1%)             -                  -          
[100.955s][info][gc,heap     ] GC(126) Reclaimed:         -                  -                 0M (0%)          581M (28%)            -                  -          
[100.955s][info][gc          ] GC(126) Garbage Collection (Allocation Rate) 944M(46%)->562M(27%)
[101.038s][info][gc,start    ] GC(127) Garbage Collection (Allocation Rate)
[101.038s][info][gc,task     ] GC(127) Using 12 workers
[101.039s][info][gc,phases   ] GC(127) Pause Mark Start 0.015ms
[101.273s][info][gc,phases   ] GC(127) Concurrent Mark 233.915ms
[101.273s][info][gc,phases   ] GC(127) Pause Mark End 0.018ms
[101.273s][info][gc,phases   ] GC(127) Concurrent Mark Free 0.000ms
[101.273s][info][gc,phases   ] GC(127) Concurrent Process Non-Strong References 0.407ms
[101.273s][info][gc,phases   ] GC(127) Concurrent Reset Relocation Set 0.058ms
[101.292s][info][gc,phases   ] GC(127) Concurrent Select Relocation Set 18.652ms
[101.292s][info][gc,phases   ] GC(127) Pause Relocate Start 0.007ms
[101.326s][info][gc,phases   ] GC(127) Concurrent Relocate 33.777ms
[101.326s][info][gc,load     ] GC(127) Load: 0.00/0.00/0.00
[101.326s][info][gc,mmu      ] GC(127) MMU: 2ms/95.2%, 5ms/98.1%, 10ms/99.0%, 20ms/99.5%, 50ms/99.8%, 100ms/99.9%
[101.326s][info][gc,marking  ] GC(127) Mark: 8 stripe(s), 2 proactive flush(es), 1 terminate flush(es), 0 completion(s), 0 continuation(s) 
[101.326s][info][gc,marking  ] GC(127) Mark Stack Usage: 32M
[101.326s][info][gc,nmethod  ] GC(127) NMethods: 822 registered, 434 unregistered
[101.326s][info][gc,metaspace] GC(127) Metaspace: 16M used, 16M committed, 1088M reserved
[101.326s][info][gc,ref      ] GC(127) Soft: 171 encountered, 0 discovered, 0 enqueued
[101.326s][info][gc,ref      ] GC(127) Weak: 975 encountered, 35 discovered, 0 enqueued
[101.326s][info][gc,ref      ] GC(127) Final: 0 encountered, 0 discovered, 0 enqueued
[101.326s][info][gc,ref      ] GC(127) Phantom: 35 encountered, 26 discovered, 0 enqueued
[101.326s][info][gc,reloc    ] GC(127) Small Pages: 328 / 656M, Empty: 0M, Relocated: 113M, In-Place: 0
[101.326s][info][gc,reloc    ] GC(127) Medium Pages: 0 / 0M, Empty: 0M, Relocated: 0M, In-Place: 0
[101.326s][info][gc,reloc    ] GC(127) Large Pages: 0 / 0M, Empty: 0M, Relocated: 0M, In-Place: 0
[101.326s][info][gc,reloc    ] GC(127) Forwarding Usage: 55M
[101.326s][info][gc,heap     ] GC(127) Min Capacity: 8M(0%)
[101.326s][info][gc,heap     ] GC(127) Max Capacity: 2048M(100%)
[101.326s][info][gc,heap     ] GC(127) Soft Max Capacity: 2048M(100%)
[101.326s][info][gc,heap     ] GC(127)                Mark Start          Mark End        Relocate Start      Relocate End           High               Low         
[101.326s][info][gc,heap     ] GC(127)  Capacity:     2048M (100%)       2048M (100%)       2048M (100%)       2048M (100%)       2048M (100%)       2048M (100%)   
[101.326s][info][gc,heap     ] GC(127)      Free:     1392M (68%)        1130M (55%)        1106M (54%)        1278M (62%)        1392M (68%)        1080M (53%)    
[101.327s][info][gc,heap     ] GC(127)      Used:      656M (32%)         918M (45%)         942M (46%)         770M (38%)         968M (47%)         656M (32%)    
[101.327s][info][gc,heap     ] GC(127)      Live:         -               444M (22%)         444M (22%)         444M (22%)            -                  -          
[101.327s][info][gc,heap     ] GC(127) Allocated:         -               262M (13%)         286M (14%)         310M (15%)            -                  -          
[101.327s][info][gc,heap     ] GC(127)   Garbage:         -               211M (10%)         211M (10%)          14M (1%)             -                  -          
[101.327s][info][gc,heap     ] GC(127) Reclaimed:         -                  -                 0M (0%)          196M (10%)            -                  -          
[101.327s][info][gc          ] GC(127) Garbage Collection (Allocation Rate) 656M(32%)->770M(38%)
[101.335s][info][gc,start    ] GC(128) Garbage Collection (Allocation Rate)
[101.335s][info][gc,task     ] GC(128) Using 12 workers
[101.335s][info][gc,phases   ] GC(128) Pause Mark Start 0.016ms
[101.507s][info][gc,phases   ] GC(128) Concurrent Mark 171.543ms
[101.507s][info][gc,phases   ] GC(128) Pause Mark End 0.016ms
[101.507s][info][gc,phases   ] GC(128) Concurrent Mark Free 0.000ms
[101.507s][info][gc,phases   ] GC(128) Concurrent Process Non-Strong References 0.303ms
[101.507s][info][gc,phases   ] GC(128) Concurrent Reset Relocation Set 0.014ms
[101.556s][info][gc,phases   ] GC(128) Concurrent Select Relocation Set 49.034ms
[101.557s][info][gc,phases   ] GC(128) Pause Relocate Start 0.012ms
[101.595s][info][gc,phases   ] GC(128) Concurrent Relocate 38.053ms
[101.595s][info][gc,load     ] GC(128) Load: 0.00/0.00/0.00
[101.595s][info][gc,mmu      ] GC(128) MMU: 2ms/95.2%, 5ms/98.1%, 10ms/99.0%, 20ms/99.5%, 50ms/99.8%, 100ms/99.9%
[101.595s][info][gc,marking  ] GC(128) Mark: 8 stripe(s), 2 proactive flush(es), 1 terminate flush(es), 0 completion(s), 0 continuation(s) 
[101.595s][info][gc,marking  ] GC(128) Mark Stack Usage: 32M
[101.595s][info][gc,nmethod  ] GC(128) NMethods: 822 registered, 434 unregistered
[101.595s][info][gc,metaspace] GC(128) Metaspace: 16M used, 16M committed, 1088M reserved
[101.595s][info][gc,ref      ] GC(128) Soft: 171 encountered, 0 discovered, 0 enqueued
[101.595s][info][gc,ref      ] GC(128) Weak: 975 encountered, 98 discovered, 0 enqueued
[101.595s][info][gc,ref      ] GC(128) Final: 0 encountered, 0 discovered, 0 enqueued
[101.595s][info][gc,ref      ] GC(128) Phantom: 35 encountered, 17 discovered, 0 enqueued
[101.595s][info][gc,reloc    ] GC(128) Small Pages: 390 / 780M, Empty: 0M, Relocated: 123M, In-Place: 0
[101.595s][info][gc,reloc    ] GC(128) Medium Pages: 0 / 0M, Empty: 0M, Relocated: 0M, In-Place: 0
[101.595s][info][gc,reloc    ] GC(128) Large Pages: 0 / 0M, Empty: 0M, Relocated: 0M, In-Place: 0
[101.595s][info][gc,reloc    ] GC(128) Forwarding Usage: 57M
[101.595s][info][gc,heap     ] GC(128) Min Capacity: 8M(0%)
[101.595s][info][gc,heap     ] GC(128) Max Capacity: 2048M(100%)
[101.595s][info][gc,heap     ] GC(128) Soft Max Capacity: 2048M(100%)
[101.595s][info][gc,heap     ] GC(128)                Mark Start          Mark End        Relocate Start      Relocate End           High               Low         
[101.595s][info][gc,heap     ] GC(128)  Capacity:     2048M (100%)       2048M (100%)       2048M (100%)       2048M (100%)       2048M (100%)       2048M (100%)   
[101.595s][info][gc,heap     ] GC(128)      Free:     1268M (62%)        1184M (58%)        1146M (56%)        1336M (65%)        1336M (65%)        1122M (55%)    
[101.595s][info][gc,heap     ] GC(128)      Used:      780M (38%)         864M (42%)         902M (44%)         712M (35%)         926M (45%)         712M (35%)    
[101.595s][info][gc,heap     ] GC(128)      Live:         -               554M (27%)         554M (27%)         554M (27%)            -                  -          
[101.595s][info][gc,heap     ] GC(128) Allocated:         -                84M (4%)          122M (6%)          129M (6%)             -                  -          
[101.595s][info][gc,heap     ] GC(128)   Garbage:         -               225M (11%)         225M (11%)          28M (1%)             -                  -          
[101.596s][info][gc,heap     ] GC(128) Reclaimed:         -                  -                 0M (0%)          197M (10%)            -                  -          
[101.596s][info][gc          ] GC(128) Garbage Collection (Allocation Rate) 780M(38%)->712M(35%)
[102.038s][info][gc,start    ] GC(129) Garbage Collection (Allocation Rate)
[102.038s][info][gc,task     ] GC(129) Using 12 workers
[102.038s][info][gc,phases   ] GC(129) Pause Mark Start 0.014ms
[102.257s][info][gc,phases   ] GC(129) Concurrent Mark 218.263ms
[102.257s][info][gc,phases   ] GC(129) Pause Mark End 0.017ms
[102.257s][info][gc,phases   ] GC(129) Concurrent Mark Free 0.001ms
[102.257s][info][gc,phases   ] GC(129) Concurrent Process Non-Strong References 0.380ms
[102.257s][info][gc,phases   ] GC(129) Concurrent Reset Relocation Set 0.026ms
[102.272s][info][gc,phases   ] GC(129) Concurrent Select Relocation Set 14.644ms
[102.272s][info][gc,phases   ] GC(129) Pause Relocate Start 0.008ms
[102.281s][info][gc,phases   ] GC(129) Concurrent Relocate 9.005ms
[102.281s][info][gc,load     ] GC(129) Load: 0.00/0.00/0.00
[102.281s][info][gc,mmu      ] GC(129) MMU: 2ms/95.2%, 5ms/98.1%, 10ms/99.0%, 20ms/99.5%, 50ms/99.8%, 100ms/99.9%
[102.281s][info][gc,marking  ] GC(129) Mark: 8 stripe(s), 2 proactive flush(es), 1 terminate flush(es), 0 completion(s), 0 continuation(s) 
[102.281s][info][gc,marking  ] GC(129) Mark Stack Usage: 32M
[102.281s][info][gc,nmethod  ] GC(129) NMethods: 822 registered, 434 unregistered
[102.281s][info][gc,metaspace] GC(129) Metaspace: 16M used, 16M committed, 1088M reserved
[102.281s][info][gc,ref      ] GC(129) Soft: 171 encountered, 0 discovered, 0 enqueued
[102.281s][info][gc,ref      ] GC(129) Weak: 978 encountered, 140 discovered, 1 enqueued
[102.281s][info][gc,ref      ] GC(129) Final: 0 encountered, 0 discovered, 0 enqueued
[102.281s][info][gc,ref      ] GC(129) Phantom: 35 encountered, 15 discovered, 0 enqueued
[102.282s][info][gc,reloc    ] GC(129) Small Pages: 387 / 774M, Empty: 8M, Relocated: 29M, In-Place: 0
[102.282s][info][gc,reloc    ] GC(129) Medium Pages: 0 / 0M, Empty: 0M, Relocated: 0M, In-Place: 0
[102.282s][info][gc,reloc    ] GC(129) Large Pages: 2 / 12M, Empty: 6M, Relocated: 0M, In-Place: 0
[102.282s][info][gc,reloc    ] GC(129) Forwarding Usage: 13M
[102.282s][info][gc,heap     ] GC(129) Min Capacity: 8M(0%)
[102.282s][info][gc,heap     ] GC(129) Max Capacity: 2048M(100%)
[102.282s][info][gc,heap     ] GC(129) Soft Max Capacity: 2048M(100%)
[102.282s][info][gc,heap     ] GC(129)                Mark Start          Mark End        Relocate Start      Relocate End           High               Low         
[102.282s][info][gc,heap     ] GC(129)  Capacity:     2048M (100%)       2048M (100%)       2048M (100%)       2048M (100%)       2048M (100%)       2048M (100%)   
[102.282s][info][gc,heap     ] GC(129)      Free:     1262M (62%)        1134M (55%)        1134M (55%)        1206M (59%)        1262M (62%)        1110M (54%)    
[102.282s][info][gc,heap     ] GC(129)      Used:      786M (38%)         914M (45%)         914M (45%)         842M (41%)         938M (46%)         786M (38%)    
[102.282s][info][gc,heap     ] GC(129)      Live:         -               630M (31%)         630M (31%)         630M (31%)            -                  -          
[102.282s][info][gc,heap     ] GC(129) Allocated:         -               128M (6%)          142M (7%)          145M (7%)             -                  -          
[102.282s][info][gc,heap     ] GC(129)   Garbage:         -               155M (8%)          141M (7%)           65M (3%)             -                  -          
[102.282s][info][gc,heap     ] GC(129) Reclaimed:         -                  -                14M (1%)           89M (4%)             -                  -          
[102.282s][info][gc          ] GC(129) Garbage Collection (Allocation Rate) 786M(38%)->842M(41%)
[102.944s][info][gc,start    ] GC(130) Garbage Collection (Allocation Rate)
[102.944s][info][gc,task     ] GC(130) Using 12 workers
[102.944s][info][gc,phases   ] GC(130) Pause Mark Start 0.018ms
[103.053s][info][gc,phases   ] GC(130) Concurrent Mark 108.965ms
[103.054s][info][gc,phases   ] GC(130) Pause Mark End 0.018ms
[103.054s][info][gc,phases   ] GC(130) Concurrent Mark Free 0.001ms
[103.054s][info][gc,phases   ] GC(130) Concurrent Process Non-Strong References 0.353ms
[103.054s][info][gc,phases   ] GC(130) Concurrent Reset Relocation Set 0.008ms
[103.058s][info][gc,phases   ] GC(130) Concurrent Select Relocation Set 3.846ms
[103.058s][info][gc,phases   ] GC(130) Pause Relocate Start 0.005ms
[103.064s][info][gc,phases   ] GC(130) Concurrent Relocate 6.073ms
[103.064s][info][gc,load     ] GC(130) Load: 0.00/0.00/0.00
[103.064s][info][gc,mmu      ] GC(130) MMU: 2ms/95.2%, 5ms/98.1%, 10ms/99.0%, 20ms/99.5%, 50ms/99.8%, 100ms/99.9%
[103.064s][info][gc,marking  ] GC(130) Mark: 8 stripe(s), 2 proactive flush(es), 1 terminate flush(es), 0 completion(s), 0 continuation(s) 
[103.064s][info][gc,marking  ] GC(130) Mark Stack Usage: 32M
[103.064s][info][gc,nmethod  ] GC(130) NMethods: 822 registered, 434 unregistered
[103.064s][info][gc,metaspace] GC(130) Metaspace: 16M used, 16M committed, 1088M reserved
[103.064s][info][gc,ref      ] GC(130) Soft: 171 encountered, 0 discovered, 0 enqueued
[103.064s][info][gc,ref      ] GC(130) Weak: 977 encountered, 56 discovered, 0 enqueued
[103.064s][info][gc,ref      ] GC(130) Final: 0 encountered, 0 discovered, 0 enqueued
[103.064s][info][gc,ref      ] GC(130) Phantom: 35 encountered, 13 discovered, 0 enqueued
[103.064s][info][gc,reloc    ] GC(130) Small Pages: 703 / 1406M, Empty: 66M, Relocated: 17M, In-Place: 0
[103.064s][info][gc,reloc    ] GC(130) Medium Pages: 0 / 0M, Empty: 0M, Relocated: 0M, In-Place: 0
[103.064s][info][gc,reloc    ] GC(130) Large Pages: 1 / 6M, Empty: 0M, Relocated: 0M, In-Place: 0
[103.064s][info][gc,reloc    ] GC(130) Forwarding Usage: 8M
[103.064s][info][gc,heap     ] GC(130) Min Capacity: 8M(0%)
[103.064s][info][gc,heap     ] GC(130) Max Capacity: 2048M(100%)
[103.064s][info][gc,heap     ] GC(130) Soft Max Capacity: 2048M(100%)
[103.064s][info][gc,heap     ] GC(130)                Mark Start          Mark End        Relocate Start      Relocate End           High               Low         
[103.064s][info][gc,heap     ] GC(130)  Capacity:     2048M (100%)       2048M (100%)       2048M (100%)       2048M (100%)       2048M (100%)       2048M (100%)   
[103.065s][info][gc,heap     ] GC(130)      Free:      636M (31%)         578M (28%)         640M (31%)        1364M (67%)        1364M (67%)         574M (28%)    
[103.065s][info][gc,heap     ] GC(130)      Used:     1412M (69%)        1470M (72%)        1408M (69%)         684M (33%)        1474M (72%)         684M (33%)    
[103.065s][info][gc,heap     ] GC(130)      Live:         -               530M (26%)         530M (26%)         530M (26%)            -                  -          
[103.065s][info][gc,heap     ] GC(130) Allocated:         -                58M (3%)           62M (3%)           65M (3%)             -                  -          
[103.065s][info][gc,heap     ] GC(130)   Garbage:         -               881M (43%)         815M (40%)          87M (4%)             -                  -          
[103.065s][info][gc,heap     ] GC(130) Reclaimed:         -                  -                66M (3%)          793M (39%)            -                  -          
[103.065s][info][gc          ] GC(130) Garbage Collection (Allocation Rate) 1412M(69%)->684M(33%)
[104.735s][info][gc,start    ] GC(131) Garbage Collection (System.gc())
[104.735s][info][gc,task     ] GC(131) Using 12 workers
[104.735s][info][gc,phases   ] GC(131) Pause Mark Start 0.017ms
[104.749s][info][gc,phases   ] GC(131) Concurrent Mark 13.929ms
[104.750s][info][gc,phases   ] GC(131) Pause Mark End 0.021ms
[104.750s][info][gc,phases   ] GC(131) Concurrent Mark Free 0.001ms
[104.750s][info][gc,phases   ] GC(131) Concurrent Process Non-Strong References 0.570ms
[104.750s][info][gc,phases   ] GC(131) Concurrent Reset Relocation Set 0.040ms
[104.754s][info][gc,phases   ] GC(131) Concurrent Select Relocation Set 3.618ms
[104.754s][info][gc,phases   ] GC(131) Pause Relocate Start 0.006ms
[104.756s][info][gc,phases   ] GC(131) Concurrent Relocate 2.008ms
[104.756s][info][gc,load     ] GC(131) Load: 0.00/0.00/0.00
[104.756s][info][gc,mmu      ] GC(131) MMU: 2ms/95.2%, 5ms/98.1%, 10ms/99.0%, 20ms/99.5%, 50ms/99.8%, 100ms/99.9%
[104.756s][info][gc,marking  ] GC(131) Mark: 8 stripe(s), 3 proactive flush(es), 1 terminate flush(es), 0 completion(s), 0 continuation(s) 
[104.756s][info][gc,marking  ] GC(131) Mark Stack Usage: 32M
[104.756s][info][gc,nmethod  ] GC(131) NMethods: 827 registered, 434 unregistered
[104.756s][info][gc,metaspace] GC(131) Metaspace: 16M used, 16M committed, 1088M reserved
[104.756s][info][gc,ref      ] GC(131) Soft: 171 encountered, 0 discovered, 0 enqueued
[104.756s][info][gc,ref      ] GC(131) Weak: 978 encountered, 519 discovered, 8 enqueued
[104.756s][info][gc,ref      ] GC(131) Final: 0 encountered, 0 discovered, 0 enqueued
[104.756s][info][gc,ref      ] GC(131) Phantom: 35 encountered, 21 discovered, 0 enqueued
[104.756s][info][gc,reloc    ] GC(131) Small Pages: 430 / 860M, Empty: 784M, Relocated: 4M, In-Place: 0
[104.756s][info][gc,reloc    ] GC(131) Medium Pages: 0 / 0M, Empty: 0M, Relocated: 0M, In-Place: 0
[104.756s][info][gc,reloc    ] GC(131) Large Pages: 1 / 6M, Empty: 6M, Relocated: 0M, In-Place: 0
[104.756s][info][gc,reloc    ] GC(131) Forwarding Usage: 1M
[104.756s][info][gc,heap     ] GC(131) Min Capacity: 8M(0%)
[104.756s][info][gc,heap     ] GC(131) Max Capacity: 2048M(100%)
[104.756s][info][gc,heap     ] GC(131) Soft Max Capacity: 2048M(100%)
[104.756s][info][gc,heap     ] GC(131)                Mark Start          Mark End        Relocate Start      Relocate End           High               Low         
[104.756s][info][gc,heap     ] GC(131)  Capacity:     2048M (100%)       2048M (100%)       2048M (100%)       2048M (100%)       2048M (100%)       2048M (100%)   
[104.756s][info][gc,heap     ] GC(131)      Free:     1182M (58%)        1182M (58%)        1972M (96%)        2000M (98%)        2000M (98%)        1182M (58%)    
[104.757s][info][gc,heap     ] GC(131)      Used:      866M (42%)         866M (42%)          76M (4%)           48M (2%)          866M (42%)          48M (2%)     
[104.757s][info][gc,heap     ] GC(131)      Live:         -                25M (1%)           25M (1%)           25M (1%)             -                  -          
[104.757s][info][gc,heap     ] GC(131) Allocated:         -                 0M (0%)            0M (0%)            0M (0%)             -                  -          
[104.757s][info][gc,heap     ] GC(131)   Garbage:         -               840M (41%)          50M (2%)           22M (1%)             -                  -          
[104.757s][info][gc,heap     ] GC(131) Reclaimed:         -                  -               790M (39%)         818M (40%)            -                  -          
[104.757s][info][gc          ] GC(131) Garbage Collection (System.gc()) 866M(42%)->48M(2%)
[106.535s][info][gc,start    ] GC(132) Garbage Collection (Allocation Rate)
[106.535s][info][gc,task     ] GC(132) Using 12 workers
[106.535s][info][gc,phases   ] GC(132) Pause Mark Start 0.010ms
[106.680s][info][gc          ] Allocation Stall (reactors-io-scheduler-ForkJoinPool-1-worker-31) 0.113ms
[106.680s][info][gc          ] Allocation Stall (reactors-io-scheduler-ForkJoinPool-1-worker-35) 0.127ms
[106.680s][info][gc          ] Allocation Stall (reactors-io-scheduler-ForkJoinPool-1-worker-5) 0.134ms
[106.680s][info][gc          ] Allocation Stall (reactors-io-scheduler-ForkJoinPool-1-worker-27) 0.135ms
[106.680s][info][gc          ] Allocation Stall (reactors-io-scheduler-ForkJoinPool-1-worker-2) 0.154ms
[106.680s][info][gc          ] Allocation Stall (reactors-io-scheduler-ForkJoinPool-1-worker-46) 0.160ms
[106.680s][info][gc          ] Allocation Stall (reactors-io-scheduler-ForkJoinPool-1-worker-34) 0.161ms
[106.680s][info][gc          ] Allocation Stall (reactors-io-scheduler-ForkJoinPool-1-worker-11) 0.159ms
[106.680s][info][gc          ] Allocation Stall (reactors-io-scheduler-ForkJoinPool-1-worker-26) 0.197ms
[106.680s][info][gc          ] Allocation Stall (reactors-io-scheduler-ForkJoinPool-1-worker-17) 0.234ms
[106.680s][info][gc          ] Allocation Stall (reactors-io-scheduler-ForkJoinPool-1-worker-8) 0.260ms
[106.680s][info][gc          ] Allocation Stall (reactors-io-scheduler-ForkJoinPool-1-worker-28) 0.302ms
[106.680s][info][gc          ] Allocation Stall (reactors-io-scheduler-ForkJoinPool-1-worker-33) 0.363ms
[106.680s][info][gc          ] Allocation Stall (reactors-io-scheduler-ForkJoinPool-1-worker-14) 0.394ms
[106.680s][info][gc          ] Allocation Stall (reactors-io-scheduler-ForkJoinPool-1-worker-29) 0.435ms
[106.680s][info][gc          ] Allocation Stall (reactors-io-scheduler-ForkJoinPool-1-worker-38) 0.464ms
[106.680s][info][gc          ] Allocation Stall (reactors-io-scheduler-ForkJoinPool-1-worker-15) 0.486ms
[106.680s][info][gc          ] Allocation Stall (reactors-io-scheduler-ForkJoinPool-1-worker-21) 0.507ms
[106.680s][info][gc          ] Allocation Stall (reactors-io-scheduler-ForkJoinPool-1-worker-3) 0.528ms
[106.680s][info][gc          ] Allocation Stall (reactors-io-scheduler-ForkJoinPool-1-worker-45) 0.617ms
[106.680s][info][gc          ] Allocation Stall (reactors-io-scheduler-ForkJoinPool-1-worker-41) 0.614ms
[106.681s][info][gc          ] Allocation Stall (reactors-io-scheduler-ForkJoinPool-1-worker-6) 0.640ms
[106.681s][info][gc          ] Allocation Stall (reactors-io-scheduler-ForkJoinPool-1-worker-36) 0.663ms
[106.681s][info][gc          ] Allocation Stall (reactors-io-scheduler-ForkJoinPool-1-worker-39) 0.684ms
[106.707s][info][gc,phases   ] GC(132) Concurrent Mark 109.256ms
[106.707s][info][gc,phases   ] GC(132) Pause Mark End 0.020ms
[106.707s][info][gc,phases   ] GC(132) Concurrent Mark Free 0.000ms
[106.707s][info][gc,phases   ] GC(132) Concurrent Process Non-Strong References 0.374ms
[106.707s][info][gc,phases   ] GC(132) Concurrent Reset Relocation Set 0.003ms
[106.707s][info][gc          ] Allocation Stall (reactors-io-scheduler-ForkJoinPool-1-worker-18) 2.201ms
[106.707s][info][gc          ] Allocation Stall (reactors-io-scheduler-ForkJoinPool-1-worker-14) 2.116ms
[106.707s][info][gc          ] Allocation Stall (reactors-io-scheduler-ForkJoinPool-1-worker-37) 3.180ms
[106.707s][info][gc          ] Allocation Stall (reactors-io-scheduler-ForkJoinPool-1-worker-34) 2.774ms
[106.707s][info][gc          ] Allocation Stall (reactors-io-scheduler-ForkJoinPool-1-worker-7) 2.938ms
[106.707s][info][gc          ] Allocation Stall (reactors-io-scheduler-ForkJoinPool-1-worker-10) 2.901ms
[106.707s][info][gc          ] Allocation Stall (reactors-io-scheduler-ForkJoinPool-1-worker-17) 1.592ms
[106.707s][info][gc          ] Allocation Stall (reactors-io-scheduler-ForkJoinPool-1-worker-35) 2.191ms
[106.707s][info][gc          ] Allocation Stall (reactors-io-scheduler-ForkJoinPool-1-worker-19) 1.169ms
[106.707s][info][gc          ] Allocation Stall (reactors-io-scheduler-ForkJoinPool-1-worker-25) 1.279ms
[106.707s][info][gc          ] Allocation Stall (reactors-io-scheduler-ForkJoinPool-1-worker-31) 4.157ms
[106.707s][info][gc          ] Allocation Stall (reactors-io-scheduler-ForkJoinPool-1-worker-47) 2.322ms
[106.707s][info][gc          ] Allocation Stall (reactors-io-scheduler-ForkJoinPool-1-worker-8) 1.538ms
[106.707s][info][gc          ] Allocation Stall (reactors-io-scheduler-ForkJoinPool-1-worker-41) 1.244ms
[106.707s][info][gc          ] Allocation Stall (reactors-io-scheduler-ForkJoinPool-1-worker-22) 3.881ms
[106.707s][info][gc          ] Allocation Stall (reactors-io-scheduler-ForkJoinPool-1-worker-46) 3.664ms
[106.707s][info][gc          ] Allocation Stall (reactors-io-scheduler-ForkJoinPool-1-worker-16) 5.389ms
[106.707s][info][gc          ] Allocation Stall (reactors-io-scheduler-ForkJoinPool-1-worker-32) 1.206ms
[106.707s][info][gc          ] Allocation Stall (reactors-io-scheduler-ForkJoinPool-1-worker-2) 1.400ms
[106.707s][info][gc          ] Allocation Stall (reactors-io-scheduler-ForkJoinPool-1-worker-1) 3.843ms
[106.707s][info][gc          ] Allocation Stall (reactors-io-scheduler-ForkJoinPool-1-worker-39) 6.893ms
[106.707s][info][gc          ] Allocation Stall (reactors-io-scheduler-ForkJoinPool-1-worker-21) 5.670ms
[106.707s][info][gc          ] Allocation Stall (reactors-io-scheduler-ForkJoinPool-1-worker-3) 5.596ms
[106.707s][info][gc          ] Allocation Stall (reactors-io-scheduler-ForkJoinPool-1-worker-38) 6.873ms
[106.707s][info][gc          ] Allocation Stall (reactors-io-scheduler-ForkJoinPool-1-worker-4) 5.900ms
[106.707s][info][gc          ] Allocation Stall (reactors-io-scheduler-ForkJoinPool-1-worker-12) 1.880ms
[106.707s][info][gc          ] Allocation Stall (reactors-io-scheduler-ForkJoinPool-1-worker-23) 4.061ms
[106.707s][info][gc          ] Allocation Stall (reactors-io-scheduler-ForkJoinPool-1-worker-44) 1.197ms
[106.707s][info][gc          ] Allocation Stall (reactors-io-scheduler-ForkJoinPool-1-worker-20) 3.478ms
[106.707s][info][gc          ] Allocation Stall (reactors-io-scheduler-ForkJoinPool-1-worker-24) 2.832ms
[106.707s][info][gc          ] Allocation Stall (reactors-io-scheduler-ForkJoinPool-1-worker-43) 3.840ms
[106.707s][info][gc          ] Allocation Stall (reactors-io-scheduler-ForkJoinPool-1-worker-29) 5.705ms
[106.707s][info][gc          ] Allocation Stall (reactors-io-scheduler-ForkJoinPool-1-worker-13) 3.112ms
[106.707s][info][gc          ] Allocation Stall (reactors-io-scheduler-ForkJoinPool-1-worker-6) 6.184ms
[106.707s][info][gc          ] Allocation Stall (reactors-io-scheduler-ForkJoinPool-1-worker-15) 4.293ms
[106.707s][info][gc          ] Allocation Stall (reactors-io-scheduler-ForkJoinPool-1-worker-11) 2.549ms
[106.707s][info][gc          ] Allocation Stall (reactors-io-scheduler-ForkJoinPool-1-worker-9) 6.568ms
[106.707s][info][gc          ] Allocation Stall (reactors-io-scheduler-ForkJoinPool-1-worker-42) 3.589ms
[106.707s][info][gc          ] Allocation Stall (reactors-io-scheduler-ForkJoinPool-1-worker-40) 1.847ms
[106.707s][info][gc          ] Allocation Stall (reactors-io-scheduler-ForkJoinPool-1-worker-5) 3.229ms
[106.707s][info][gc          ] Allocation Stall (reactors-io-scheduler-ForkJoinPool-1-worker-27) 3.396ms
[106.707s][info][gc          ] Allocation Stall (reactors-io-scheduler-ForkJoinPool-1-worker-26) 5.753ms
[106.707s][info][gc          ] Allocation Stall (reactors-io-scheduler-ForkJoinPool-1-worker-48) 1.248ms
[106.707s][info][gc          ] Allocation Stall (reactors-io-scheduler-ForkJoinPool-1-worker-45) 4.405ms
[106.707s][info][gc          ] Allocation Stall (reactors-io-scheduler-ForkJoinPool-1-worker-30) 1.622ms
[106.707s][info][gc          ] Allocation Stall (reactors-io-scheduler-ForkJoinPool-1-worker-28) 2.845ms
[106.707s][info][gc          ] Allocation Stall (reactors-io-scheduler-ForkJoinPool-1-worker-36) 1.374ms
[106.707s][info][gc          ] Allocation Stall (reactors-io-scheduler-ForkJoinPool-1-worker-33) 1.558ms
[106.721s][info][gc,phases   ] GC(132) Concurrent Select Relocation Set 13.850ms
[106.721s][info][gc,phases   ] GC(132) Pause Relocate Start 0.008ms
[106.725s][info][gc,phases   ] GC(132) Concurrent Relocate 3.055ms
[106.725s][info][gc,load     ] GC(132) Load: 0.00/0.00/0.00
[106.725s][info][gc,mmu      ] GC(132) MMU: 2ms/95.2%, 5ms/98.1%, 10ms/99.0%, 20ms/99.5%, 50ms/99.8%, 100ms/99.9%
[106.725s][info][gc,marking  ] GC(132) Mark: 8 stripe(s), 3 proactive flush(es), 1 terminate flush(es), 0 completion(s), 0 continuation(s) 
[106.725s][info][gc,marking  ] GC(132) Mark Stack Usage: 32M
[106.725s][info][gc,nmethod  ] GC(132) NMethods: 821 registered, 441 unregistered
[106.725s][info][gc,metaspace] GC(132) Metaspace: 16M used, 16M committed, 1088M reserved
[106.725s][info][gc,ref      ] GC(132) Soft: 171 encountered, 0 discovered, 0 enqueued
[106.725s][info][gc,ref      ] GC(132) Weak: 979 encountered, 71 discovered, 3 enqueued
[106.725s][info][gc,ref      ] GC(132) Final: 0 encountered, 0 discovered, 0 enqueued
[106.726s][info][gc,ref      ] GC(132) Phantom: 35 encountered, 23 discovered, 0 enqueued
[106.726s][info][gc,reloc    ] GC(132) Small Pages: 619 / 1238M, Empty: 898M, Relocated: 6M, In-Place: 0
[106.726s][info][gc,reloc    ] GC(132) Medium Pages: 0 / 0M, Empty: 0M, Relocated: 0M, In-Place: 0
[106.726s][info][gc,reloc    ] GC(132) Large Pages: 0 / 0M, Empty: 0M, Relocated: 0M, In-Place: 0
[106.726s][info][gc,reloc    ] GC(132) Forwarding Usage: 2M
[106.726s][info][gc,heap     ] GC(132) Min Capacity: 8M(0%)
[106.726s][info][gc,heap     ] GC(132) Max Capacity: 2048M(100%)
[106.726s][info][gc,heap     ] GC(132) Soft Max Capacity: 2048M(100%)
[106.726s][info][gc,heap     ] GC(132)                Mark Start          Mark End        Relocate Start      Relocate End           High               Low         
[106.726s][info][gc,heap     ] GC(132)  Capacity:     2048M (100%)       2048M (100%)       2048M (100%)       2048M (100%)       2048M (100%)       2048M (100%)   
[106.726s][info][gc,heap     ] GC(132)      Free:      810M (40%)           0M (0%)          772M (38%)        1046M (51%)        1048M (51%)           0M (0%)     
[106.726s][info][gc,heap     ] GC(132)      Used:     1238M (60%)        2048M (100%)       1276M (62%)        1002M (49%)        2048M (100%)       1000M (49%)    
[106.726s][info][gc,heap     ] GC(132)      Live:         -                27M (1%)           27M (1%)           27M (1%)             -                  -          
[106.726s][info][gc,heap     ] GC(132) Allocated:         -               810M (40%)         936M (46%)         953M (47%)            -                  -          
[106.726s][info][gc,heap     ] GC(132)   Garbage:         -              1210M (59%)         312M (15%)          20M (1%)             -                  -          
[106.726s][info][gc,heap     ] GC(132) Reclaimed:         -                  -               898M (44%)        1189M (58%)            -                  -          
[106.726s][info][gc          ] GC(132) Garbage Collection (Allocation Rate) 1238M(60%)->1002M(49%)
[106.738s][info][gc,start    ] GC(133) Garbage Collection (Allocation Stall)
[106.738s][info][gc,ref      ] GC(133) Clearing All SoftReferences
[106.738s][info][gc,task     ] GC(133) Using 12 workers
[106.738s][info][gc,ref      ] GC(133) Clearing All SoftReferences
[106.738s][info][gc,phases   ] GC(133) Pause Mark Start 0.020ms
[106.878s][info][gc,phases   ] GC(133) Concurrent Mark 78.116ms
[106.879s][info][gc,phases   ] GC(133) Pause Mark End 0.021ms
[106.951s][info][gc,phases   ] GC(133) Concurrent Mark Free 0.003ms
[106.952s][info][gc,phases   ] GC(133) Concurrent Process Non-Strong References 0.744ms
[106.952s][info][gc,phases   ] GC(133) Concurrent Reset Relocation Set 0.027ms
[106.952s][info][gc          ] Allocation Stall (reactors-io-scheduler-ForkJoinPool-1-worker-21) 0.729ms
[106.952s][info][gc          ] Allocation Stall (reactors-io-scheduler-ForkJoinPool-1-worker-48) 0.135ms
[106.952s][info][gc          ] Allocation Stall (reactors-io-scheduler-ForkJoinPool-1-worker-4) 0.503ms
[106.952s][info][gc          ] Allocation Stall (reactors-io-scheduler-ForkJoinPool-1-worker-17) 0.875ms
[106.952s][info][gc          ] Allocation Stall (reactors-io-scheduler-ForkJoinPool-1-worker-45) 0.358ms
[106.952s][info][gc          ] Allocation Stall (reactors-io-scheduler-ForkJoinPool-1-worker-3) 0.563ms
[106.952s][info][gc          ] Allocation Stall (reactors-io-scheduler-ForkJoinPool-1-worker-43) 0.832ms
[106.952s][info][gc          ] Allocation Stall (reactors-io-scheduler-ForkJoinPool-1-worker-14) 1.453ms
[106.952s][info][gc          ] Allocation Stall (reactors-io-scheduler-ForkJoinPool-1-worker-1) 0.190ms
[106.952s][info][gc          ] Allocation Stall (reactors-io-scheduler-ForkJoinPool-1-worker-41) 0.837ms
[106.952s][info][gc          ] Allocation Stall (reactors-io-scheduler-ForkJoinPool-1-worker-38) 1.386ms
[106.952s][info][gc          ] Allocation Stall (reactors-io-scheduler-ForkJoinPool-1-worker-37) 0.535ms
[106.952s][info][gc          ] Allocation Stall (reactors-io-scheduler-ForkJoinPool-1-worker-27) 0.937ms
[106.952s][info][gc          ] Allocation Stall (reactors-io-scheduler-ForkJoinPool-1-worker-2) 0.956ms
[106.952s][info][gc          ] Allocation Stall (reactors-io-scheduler-ForkJoinPool-1-worker-33) 0.468ms
[106.952s][info][gc          ] Allocation Stall (reactors-io-scheduler-ForkJoinPool-1-worker-39) 1.287ms
[106.952s][info][gc          ] Allocation Stall (reactors-io-scheduler-ForkJoinPool-1-worker-28) 0.495ms
[106.952s][info][gc          ] Allocation Stall (reactors-io-scheduler-ForkJoinPool-1-worker-34) 1.146ms
[106.952s][info][gc          ] Allocation Stall (reactors-io-scheduler-ForkJoinPool-1-worker-30) 0.294ms
[106.952s][info][gc          ] Allocation Stall (reactors-io-scheduler-ForkJoinPool-1-worker-31) 1.159ms
[106.952s][info][gc          ] Allocation Stall (reactors-io-scheduler-ForkJoinPool-1-worker-5) 1.167ms
[106.952s][info][gc          ] Allocation Stall (reactors-io-scheduler-ForkJoinPool-1-worker-20) 0.943ms
[106.952s][info][gc          ] Allocation Stall (reactors-io-scheduler-ForkJoinPool-1-worker-36) 0.685ms
[106.952s][info][gc          ] Allocation Stall (reactors-io-scheduler-ForkJoinPool-1-worker-46) 0.348ms
[106.952s][info][gc          ] Allocation Stall (reactors-io-scheduler-ForkJoinPool-1-worker-15) 1.040ms
[106.952s][info][gc          ] Allocation Stall (reactors-io-scheduler-ForkJoinPool-1-worker-18) 1.198ms
[106.952s][info][gc          ] Allocation Stall (reactors-io-scheduler-ForkJoinPool-1-worker-29) 0.404ms
[106.952s][info][gc          ] Allocation Stall (reactors-io-scheduler-ForkJoinPool-1-worker-13) 0.432ms
[106.952s][info][gc          ] Allocation Stall (reactors-io-scheduler-ForkJoinPool-1-worker-40) 0.733ms
[106.952s][info][gc          ] Allocation Stall (reactors-io-scheduler-ForkJoinPool-1-worker-26) 1.300ms
[106.952s][info][gc          ] Allocation Stall (reactors-io-scheduler-ForkJoinPool-1-worker-8) 0.838ms
[106.952s][info][gc          ] Allocation Stall (reactors-io-scheduler-ForkJoinPool-1-worker-22) 0.538ms
[106.952s][info][gc          ] Allocation Stall (reactors-io-scheduler-ForkJoinPool-1-worker-7) 1.138ms
[106.952s][info][gc          ] Allocation Stall (reactors-io-scheduler-ForkJoinPool-1-worker-16) 0.258ms
[106.952s][info][gc          ] Allocation Stall (reactors-io-scheduler-ForkJoinPool-1-worker-10) 0.618ms
[106.952s][info][gc          ] Allocation Stall (reactors-io-scheduler-ForkJoinPool-1-worker-23) 0.279ms
[106.952s][info][gc          ] Allocation Stall (reactors-io-scheduler-ForkJoinPool-1-worker-11) 1.563ms
[106.952s][info][gc          ] Allocation Stall (reactors-io-scheduler-ForkJoinPool-1-worker-42) 0.888ms
[106.958s][info][gc,phases   ] GC(133) Concurrent Select Relocation Set 6.504ms
[106.959s][info][gc,phases   ] GC(133) Pause Relocate Start 0.009ms
[107.007s][info][gc,phases   ] GC(133) Concurrent Relocate 3.938ms
[107.008s][info][gc,load     ] GC(133) Load: 0.00/0.00/0.00
[107.008s][info][gc,mmu      ] GC(133) MMU: 2ms/95.2%, 5ms/98.1%, 10ms/99.0%, 20ms/99.5%, 50ms/99.8%, 100ms/99.9%
[107.008s][info][gc,marking  ] GC(133) Mark: 8 stripe(s), 3 proactive flush(es), 1 terminate flush(es), 0 completion(s), 0 continuation(s) 
[107.008s][info][gc,marking  ] GC(133) Mark Stack Usage: 32M
[107.008s][info][gc,nmethod  ] GC(133) NMethods: 821 registered, 441 unregistered
[107.008s][info][gc,metaspace] GC(133) Metaspace: 16M used, 16M committed, 1088M reserved
[107.008s][info][gc,ref      ] GC(133) Soft: 171 encountered, 71 discovered, 0 enqueued
[107.008s][info][gc,ref      ] GC(133) Weak: 976 encountered, 33 discovered, 0 enqueued
[107.008s][info][gc,ref      ] GC(133) Final: 0 encountered, 0 discovered, 0 enqueued
[107.008s][info][gc,ref      ] GC(133) Phantom: 35 encountered, 23 discovered, 0 enqueued
[107.008s][info][gc,reloc    ] GC(133) Small Pages: 531 / 1062M, Empty: 722M, Relocated: 6M, In-Place: 0
[107.008s][info][gc,reloc    ] GC(133) Medium Pages: 0 / 0M, Empty: 0M, Relocated: 0M, In-Place: 0
[107.008s][info][gc,reloc    ] GC(133) Large Pages: 0 / 0M, Empty: 0M, Relocated: 0M, In-Place: 0
[107.008s][info][gc,reloc    ] GC(133) Forwarding Usage: 2M
[107.008s][info][gc,heap     ] GC(133) Min Capacity: 8M(0%)
[107.008s][info][gc,heap     ] GC(133) Max Capacity: 2048M(100%)
[107.008s][info][gc,heap     ] GC(133) Soft Max Capacity: 2048M(100%)
[107.008s][info][gc,heap     ] GC(133)                Mark Start          Mark End        Relocate Start      Relocate End           High               Low         
[107.008s][info][gc,heap     ] GC(133)  Capacity:     2048M (100%)       2048M (100%)       2048M (100%)       2048M (100%)       2048M (100%)       2048M (100%)   
[107.008s][info][gc,heap     ] GC(133)      Free:      986M (48%)         328M (16%)         684M (33%)         752M (37%)         986M (48%)           0M (0%)     
[107.008s][info][gc,heap     ] GC(133)      Used:     1062M (52%)        1720M (84%)        1364M (67%)        1296M (63%)        2048M (100%)       1062M (52%)    
[107.008s][info][gc,heap     ] GC(133)      Live:         -                27M (1%)           27M (1%)           27M (1%)             -                  -          
[107.008s][info][gc,heap     ] GC(133) Allocated:         -               658M (32%)        1024M (50%)        1247M (61%)            -                  -          
[107.008s][info][gc,heap     ] GC(133)   Garbage:         -              1034M (51%)         312M (15%)          20M (1%)             -                  -          
[107.008s][info][gc,heap     ] GC(133) Reclaimed:         -                  -               722M (35%)        1013M (50%)            -                  -          
[107.008s][info][gc          ] GC(133) Garbage Collection (Allocation Stall) 1062M(52%)->1296M(63%)
[107.035s][info][gc,start    ] GC(134) Garbage Collection (Allocation Stall)
[107.035s][info][gc,ref      ] GC(134) Clearing All SoftReferences
[107.035s][info][gc,task     ] GC(134) Using 12 workers
[107.035s][info][gc,ref      ] GC(134) Clearing All SoftReferences
[107.035s][info][gc,phases   ] GC(134) Pause Mark Start 0.027ms
[107.191s][info][gc,phases   ] GC(134) Concurrent Mark 21.268ms
[107.191s][info][gc,phases   ] GC(134) Pause Mark End 0.017ms
[107.191s][info][gc,phases   ] GC(134) Concurrent Mark Free 0.001ms
[107.191s][info][gc,phases   ] GC(134) Concurrent Process Non-Strong References 0.346ms
[107.191s][info][gc,phases   ] GC(134) Concurrent Reset Relocation Set 0.019ms
[107.192s][info][gc          ] Allocation Stall (reactors-io-scheduler-ForkJoinPool-1-worker-9) 21.058ms
[107.192s][info][gc          ] Allocation Stall (reactors-io-scheduler-ForkJoinPool-1-worker-21) 21.018ms
[107.192s][info][gc          ] Allocation Stall (reactors-io-scheduler-ForkJoinPool-1-worker-13) 21.056ms
[107.192s][info][gc          ] Allocation Stall (reactors-io-scheduler-ForkJoinPool-1-worker-27) 21.279ms
[107.192s][info][gc          ] Allocation Stall (reactors-io-scheduler-ForkJoinPool-1-worker-19) 21.004ms
[107.192s][info][gc          ] Allocation Stall (reactors-io-scheduler-ForkJoinPool-1-worker-20) 21.717ms
[107.192s][info][gc          ] Allocation Stall (reactors-io-scheduler-ForkJoinPool-1-worker-2) 21.484ms
[107.192s][info][gc          ] Allocation Stall (reactors-io-scheduler-ForkJoinPool-1-worker-11) 21.428ms
[107.192s][info][gc          ] Allocation Stall (reactors-io-scheduler-ForkJoinPool-1-worker-28) 21.244ms
[107.192s][info][gc          ] Allocation Stall (reactors-io-scheduler-ForkJoinPool-1-worker-34) 21.004ms
[107.192s][info][gc          ] Allocation Stall (reactors-io-scheduler-ForkJoinPool-1-worker-23) 21.737ms
[107.192s][info][gc          ] Allocation Stall (reactors-io-scheduler-ForkJoinPool-1-worker-42) 21.086ms
[107.192s][info][gc          ] Allocation Stall (reactors-io-scheduler-ForkJoinPool-1-worker-43) 21.351ms
[107.192s][info][gc          ] Allocation Stall (reactors-io-scheduler-ForkJoinPool-1-worker-37) 21.840ms
[107.192s][info][gc          ] Allocation Stall (reactors-io-scheduler-ForkJoinPool-1-worker-16) 21.172ms
[107.192s][info][gc          ] Allocation Stall (reactors-io-scheduler-ForkJoinPool-1-worker-3) 21.801ms
[107.192s][info][gc          ] Allocation Stall (reactors-io-scheduler-ForkJoinPool-1-worker-26) 21.755ms
[107.192s][info][gc          ] Allocation Stall (reactors-io-scheduler-ForkJoinPool-1-worker-31) 22.196ms
[107.192s][info][gc          ] Allocation Stall (reactors-io-scheduler-ForkJoinPool-1-worker-4) 21.084ms
[107.192s][info][gc          ] Allocation Stall (reactors-io-scheduler-ForkJoinPool-1-worker-38) 21.261ms
[107.192s][info][gc          ] Allocation Stall (reactors-io-scheduler-ForkJoinPool-1-worker-5) 21.313ms
[107.192s][info][gc          ] Allocation Stall (reactors-io-scheduler-ForkJoinPool-1-worker-46) 21.156ms
[107.192s][info][gc          ] Allocation Stall (reactors-io-scheduler-ForkJoinPool-1-worker-10) 21.438ms
[107.192s][info][gc          ] Allocation Stall (reactors-io-scheduler-ForkJoinPool-1-worker-44) 22.059ms
[107.192s][info][gc          ] Allocation Stall (reactors-io-scheduler-ForkJoinPool-1-worker-18) 21.265ms
[107.192s][info][gc          ] Allocation Stall (reactors-io-scheduler-ForkJoinPool-1-worker-40) 21.851ms
[107.192s][info][gc          ] Allocation Stall (reactors-io-scheduler-ForkJoinPool-1-worker-48) 21.305ms
[107.192s][info][gc          ] Allocation Stall (reactors-io-scheduler-ForkJoinPool-1-worker-41) 22.214ms
[107.192s][info][gc          ] Allocation Stall (reactors-io-scheduler-ForkJoinPool-1-worker-47) 21.106ms
[107.192s][info][gc          ] Allocation Stall (reactors-io-scheduler-ForkJoinPool-1-worker-8) 22.487ms
[107.192s][info][gc          ] Allocation Stall (reactors-io-scheduler-ForkJoinPool-1-worker-15) 21.220ms
[107.192s][info][gc          ] Allocation Stall (reactors-io-scheduler-ForkJoinPool-1-worker-32) 21.717ms
[107.192s][info][gc          ] Allocation Stall (reactors-io-scheduler-ForkJoinPool-1-worker-12) 22.283ms
[107.192s][info][gc          ] Allocation Stall (reactors-io-scheduler-ForkJoinPool-1-worker-14) 21.316ms
[107.192s][info][gc          ] Allocation Stall (reactors-io-scheduler-ForkJoinPool-1-worker-25) 21.906ms
[107.192s][info][gc          ] Allocation Stall (reactors-io-scheduler-ForkJoinPool-1-worker-39) 22.391ms
[107.192s][info][gc          ] Allocation Stall (reactors-io-scheduler-ForkJoinPool-1-worker-45) 21.258ms
[107.192s][info][gc          ] Allocation Stall (reactors-io-scheduler-ForkJoinPool-1-worker-22) 22.090ms
[107.192s][info][gc          ] Allocation Stall (reactors-io-scheduler-ForkJoinPool-1-worker-30) 21.208ms
[107.192s][info][gc          ] Allocation Stall (reactors-io-scheduler-ForkJoinPool-1-worker-35) 22.081ms
[107.192s][info][gc          ] Allocation Stall (reactors-io-scheduler-reanimator) 21.899ms
[107.192s][info][gc          ] Allocation Stall (reactors-io-scheduler-ForkJoinPool-1-worker-33) 21.725ms
[107.192s][info][gc          ] Allocation Stall (reactors-io-scheduler-ForkJoinPool-1-worker-6) 21.165ms
[107.192s][info][gc          ] Allocation Stall (reactors-io-scheduler-ForkJoinPool-1-worker-1) 21.482ms
[107.192s][info][gc          ] Allocation Stall (reactors-io-scheduler-ForkJoinPool-1-worker-36) 22.606ms
[107.192s][info][gc          ] Allocation Stall (reactors-io-scheduler-ForkJoinPool-1-worker-29) 21.956ms
[107.192s][info][gc          ] Allocation Stall (reactors-io-scheduler-ForkJoinPool-1-worker-17) 21.534ms
[107.192s][info][gc          ] Allocation Stall (reactors-io-scheduler-ForkJoinPool-1-worker-24) 21.389ms
[107.192s][info][gc          ] Allocation Stall (reactors-io-scheduler-ForkJoinPool-1-worker-7) 21.435ms
[107.201s][info][gc,phases   ] GC(134) Concurrent Select Relocation Set 10.010ms
[107.202s][info][gc,phases   ] GC(134) Pause Relocate Start 0.009ms
[107.212s][info][gc,phases   ] GC(134) Concurrent Relocate 3.864ms
[107.212s][info][gc,load     ] GC(134) Load: 0.00/0.00/0.00
[107.212s][info][gc,mmu      ] GC(134) MMU: 2ms/95.2%, 5ms/98.1%, 10ms/99.0%, 20ms/99.5%, 50ms/99.8%, 100ms/99.9%
[107.212s][info][gc,marking  ] GC(134) Mark: 8 stripe(s), 2 proactive flush(es), 1 terminate flush(es), 0 completion(s), 0 continuation(s) 
[107.212s][info][gc,marking  ] GC(134) Mark Stack Usage: 32M
[107.212s][info][gc,nmethod  ] GC(134) NMethods: 821 registered, 441 unregistered
[107.212s][info][gc,metaspace] GC(134) Metaspace: 16M used, 16M committed, 1088M reserved
[107.212s][info][gc,ref      ] GC(134) Soft: 171 encountered, 38 discovered, 0 enqueued
[107.212s][info][gc,ref      ] GC(134) Weak: 976 encountered, 45 discovered, 0 enqueued
[107.212s][info][gc,ref      ] GC(134) Final: 0 encountered, 0 discovered, 0 enqueued
[107.212s][info][gc,ref      ] GC(134) Phantom: 35 encountered, 19 discovered, 0 enqueued
[107.212s][info][gc,reloc    ] GC(134) Small Pages: 713 / 1426M, Empty: 1092M, Relocated: 6M, In-Place: 0
[107.212s][info][gc,reloc    ] GC(134) Medium Pages: 0 / 0M, Empty: 0M, Relocated: 0M, In-Place: 0
[107.213s][info][gc,reloc    ] GC(134) Large Pages: 0 / 0M, Empty: 0M, Relocated: 0M, In-Place: 0
[107.213s][info][gc,reloc    ] GC(134) Forwarding Usage: 2M
[107.213s][info][gc,heap     ] GC(134) Min Capacity: 8M(0%)
[107.213s][info][gc,heap     ] GC(134) Max Capacity: 2048M(100%)
[107.213s][info][gc,heap     ] GC(134) Soft Max Capacity: 2048M(100%)
[107.213s][info][gc,heap     ] GC(134)                Mark Start          Mark End        Relocate Start      Relocate End           High               Low         
[107.213s][info][gc,heap     ] GC(134)  Capacity:     2048M (100%)       2048M (100%)       2048M (100%)       2048M (100%)       2048M (100%)       2048M (100%)   
[107.213s][info][gc,heap     ] GC(134)      Free:      622M (30%)           0M (0%)         1040M (51%)        1278M (62%)        1280M (63%)           0M (0%)     
[107.213s][info][gc,heap     ] GC(134)      Used:     1426M (70%)        2048M (100%)       1008M (49%)         770M (38%)        2048M (100%)        768M (38%)    
[107.213s][info][gc,heap     ] GC(134)      Live:         -                27M (1%)           27M (1%)           27M (1%)             -                  -          
[107.213s][info][gc,heap     ] GC(134) Allocated:         -               622M (30%)         674M (33%)         721M (35%)            -                  -          
[107.213s][info][gc,heap     ] GC(134)   Garbage:         -              1398M (68%)         306M (15%)          20M (1%)             -                  -          
[107.213s][info][gc,heap     ] GC(134) Reclaimed:         -                  -              1092M (53%)        1377M (67%)            -                  -          
[107.213s][info][gc          ] GC(134) Garbage Collection (Allocation Stall) 1426M(70%)->770M(38%)
[107.238s][info][gc,start    ] GC(135) Garbage Collection (Allocation Stall)
[107.238s][info][gc,ref      ] GC(135) Clearing All SoftReferences
[107.238s][info][gc,task     ] GC(135) Using 12 workers
[107.238s][info][gc,ref      ] GC(135) Clearing All SoftReferences
[107.238s][info][gc,phases   ] GC(135) Pause Mark Start 0.023ms
[107.285s][info][gc,phases   ] GC(135) Concurrent Mark 12.980ms
[107.300s][info][gc,phases   ] GC(135) Pause Mark End 0.024ms
[107.300s][info][gc,phases   ] GC(135) Concurrent Mark Free 0.001ms
[107.301s][info][gc,phases   ] GC(135) Concurrent Process Non-Strong References 0.478ms
[107.301s][info][gc,phases   ] GC(135) Concurrent Reset Relocation Set 0.021ms
[107.304s][info][gc,phases   ] GC(135) Concurrent Select Relocation Set 2.692ms
[107.304s][info][gc,phases   ] GC(135) Pause Relocate Start 0.007ms
[107.306s][info][gc,phases   ] GC(135) Concurrent Relocate 1.819ms
[107.306s][info][gc,load     ] GC(135) Load: 0.00/0.00/0.00
[107.306s][info][gc,mmu      ] GC(135) MMU: 2ms/95.2%, 5ms/98.1%, 10ms/99.0%, 20ms/99.5%, 50ms/99.8%, 100ms/99.9%
[107.306s][info][gc,marking  ] GC(135) Mark: 8 stripe(s), 2 proactive flush(es), 1 terminate flush(es), 0 completion(s), 0 continuation(s) 
[107.306s][info][gc,marking  ] GC(135) Mark Stack Usage: 32M
[107.306s][info][gc,nmethod  ] GC(135) NMethods: 821 registered, 441 unregistered
[107.306s][info][gc,metaspace] GC(135) Metaspace: 16M used, 16M committed, 1088M reserved
[107.306s][info][gc,ref      ] GC(135) Soft: 171 encountered, 49 discovered, 0 enqueued
[107.306s][info][gc,ref      ] GC(135) Weak: 976 encountered, 337 discovered, 0 enqueued
[107.306s][info][gc,ref      ] GC(135) Final: 0 encountered, 0 discovered, 0 enqueued
[107.306s][info][gc,ref      ] GC(135) Phantom: 35 encountered, 19 discovered, 0 enqueued
[107.306s][info][gc,reloc    ] GC(135) Small Pages: 449 / 898M, Empty: 706M, Relocated: 5M, In-Place: 0
[107.306s][info][gc,reloc    ] GC(135) Medium Pages: 0 / 0M, Empty: 0M, Relocated: 0M, In-Place: 0
[107.306s][info][gc,reloc    ] GC(135) Large Pages: 0 / 0M, Empty: 0M, Relocated: 0M, In-Place: 0
[107.306s][info][gc,reloc    ] GC(135) Forwarding Usage: 1M
[107.306s][info][gc,heap     ] GC(135) Min Capacity: 8M(0%)
[107.306s][info][gc,heap     ] GC(135) Max Capacity: 2048M(100%)
[107.306s][info][gc,heap     ] GC(135) Soft Max Capacity: 2048M(100%)
[107.306s][info][gc,heap     ] GC(135)                Mark Start          Mark End        Relocate Start      Relocate End           High               Low         
[107.306s][info][gc,heap     ] GC(135)  Capacity:     2048M (100%)       2048M (100%)       2048M (100%)       2048M (100%)       2048M (100%)       2048M (100%)   
[107.306s][info][gc,heap     ] GC(135)      Free:     1150M (56%)         910M (44%)        1612M (79%)        1752M (86%)        1752M (86%)         910M (44%)    
[107.306s][info][gc,heap     ] GC(135)      Used:      898M (44%)        1138M (56%)         436M (21%)         296M (14%)        1138M (56%)         296M (14%)    
[107.306s][info][gc,heap     ] GC(135)      Live:         -                26M (1%)           26M (1%)           26M (1%)             -                  -          
[107.306s][info][gc,heap     ] GC(135) Allocated:         -               240M (12%)         244M (12%)         245M (12%)            -                  -          
[107.306s][info][gc,heap     ] GC(135)   Garbage:         -               871M (43%)         165M (8%)           23M (1%)             -                  -          
[107.306s][info][gc,heap     ] GC(135) Reclaimed:         -                  -               706M (34%)         847M (41%)            -                  -          
[107.306s][info][gc          ] GC(135) Garbage Collection (Allocation Stall) 898M(44%)->296M(14%)
[107.331s][info][gc,start    ] GC(136) Garbage Collection (Allocation Rate)
[107.332s][info][gc,task     ] GC(136) Using 12 workers
[107.332s][info][gc,phases   ] GC(136) Pause Mark Start 0.015ms
[107.378s][info][gc,phases   ] GC(136) Concurrent Mark 46.512ms
[107.379s][info][gc,phases   ] GC(136) Pause Mark End 0.020ms
[107.379s][info][gc,phases   ] GC(136) Concurrent Mark Free 0.001ms
[107.379s][info][gc,phases   ] GC(136) Concurrent Process Non-Strong References 0.500ms
[107.379s][info][gc,phases   ] GC(136) Concurrent Reset Relocation Set 0.014ms
[107.389s][info][gc,phases   ] GC(136) Concurrent Select Relocation Set 10.050ms
[107.389s][info][gc,phases   ] GC(136) Pause Relocate Start 0.008ms
[107.404s][info][gc,phases   ] GC(136) Concurrent Relocate 14.577ms
[107.404s][info][gc,load     ] GC(136) Load: 0.00/0.00/0.00
[107.404s][info][gc,mmu      ] GC(136) MMU: 2ms/95.2%, 5ms/98.1%, 10ms/99.0%, 20ms/99.5%, 50ms/99.8%, 100ms/99.9%
[107.404s][info][gc,marking  ] GC(136) Mark: 8 stripe(s), 2 proactive flush(es), 1 terminate flush(es), 0 completion(s), 0 continuation(s) 
[107.404s][info][gc,marking  ] GC(136) Mark Stack Usage: 32M
[107.404s][info][gc,nmethod  ] GC(136) NMethods: 821 registered, 441 unregistered
[107.404s][info][gc,metaspace] GC(136) Metaspace: 16M used, 16M committed, 1088M reserved
[107.404s][info][gc,ref      ] GC(136) Soft: 171 encountered, 0 discovered, 0 enqueued
[107.404s][info][gc,ref      ] GC(136) Weak: 978 encountered, 215 discovered, 0 enqueued
[107.404s][info][gc,ref      ] GC(136) Final: 0 encountered, 0 discovered, 0 enqueued
[107.404s][info][gc,ref      ] GC(136) Phantom: 35 encountered, 21 discovered, 0 enqueued
[107.404s][info][gc,reloc    ] GC(136) Small Pages: 151 / 302M, Empty: 164M, Relocated: 34M, In-Place: 0
[107.404s][info][gc,reloc    ] GC(136) Medium Pages: 1 / 32M, Empty: 0M, Relocated: 0M, In-Place: 0
[107.404s][info][gc,reloc    ] GC(136) Large Pages: 0 / 0M, Empty: 0M, Relocated: 0M, In-Place: 0
[107.405s][info][gc,reloc    ] GC(136) Forwarding Usage: 14M
[107.405s][info][gc,heap     ] GC(136) Min Capacity: 8M(0%)
[107.405s][info][gc,heap     ] GC(136) Max Capacity: 2048M(100%)
[107.405s][info][gc,heap     ] GC(136) Soft Max Capacity: 2048M(100%)
[107.405s][info][gc,heap     ] GC(136)                Mark Start          Mark End        Relocate Start      Relocate End           High               Low         
[107.405s][info][gc,heap     ] GC(136)  Capacity:     2048M (100%)       2048M (100%)       2048M (100%)       2048M (100%)       2048M (100%)       2048M (100%)   
[107.405s][info][gc,heap     ] GC(136)      Free:     1714M (84%)        1670M (82%)        1822M (89%)        1848M (90%)        1848M (90%)        1668M (81%)    
[107.405s][info][gc,heap     ] GC(136)      Used:      334M (16%)         378M (18%)         226M (11%)         200M (10%)         380M (19%)         200M (10%)    
[107.405s][info][gc,heap     ] GC(136)      Live:         -                80M (4%)           80M (4%)           80M (4%)             -                  -          
[107.405s][info][gc,heap     ] GC(136) Allocated:         -                44M (2%)           56M (3%)           67M (3%)             -                  -          
[107.405s][info][gc,heap     ] GC(136)   Garbage:         -               253M (12%)          89M (4%)           51M (3%)             -                  -          
[107.405s][info][gc,heap     ] GC(136) Reclaimed:         -                  -               164M (8%)          201M (10%)            -                  -          
[107.405s][info][gc          ] GC(136) Garbage Collection (Allocation Rate) 334M(16%)->200M(10%)
[107.441s][info][gc,start    ] GC(137) Garbage Collection (Allocation Rate)
[107.441s][info][gc,task     ] GC(137) Using 12 workers
[107.441s][info][gc,phases   ] GC(137) Pause Mark Start 0.016ms
[107.503s][info][gc,phases   ] GC(137) Concurrent Mark 62.061ms
[107.503s][info][gc,phases   ] GC(137) Pause Mark End 0.017ms
[107.503s][info][gc,phases   ] GC(137) Concurrent Mark Free 0.001ms
[107.504s][info][gc,phases   ] GC(137) Concurrent Process Non-Strong References 0.380ms
[107.504s][info][gc,phases   ] GC(137) Concurrent Reset Relocation Set 0.007ms
[107.527s][info][gc,phases   ] GC(137) Concurrent Select Relocation Set 23.162ms
[107.527s][info][gc,phases   ] GC(137) Pause Relocate Start 0.012ms
[107.545s][info][gc,phases   ] GC(137) Concurrent Relocate 17.722ms
[107.545s][info][gc,load     ] GC(137) Load: 0.00/0.00/0.00
[107.545s][info][gc,mmu      ] GC(137) MMU: 2ms/95.2%, 5ms/98.1%, 10ms/99.0%, 20ms/99.5%, 50ms/99.8%, 100ms/99.9%
[107.545s][info][gc,marking  ] GC(137) Mark: 8 stripe(s), 3 proactive flush(es), 1 terminate flush(es), 0 completion(s), 0 continuation(s) 
[107.545s][info][gc,marking  ] GC(137) Mark Stack Usage: 32M
[107.545s][info][gc,nmethod  ] GC(137) NMethods: 821 registered, 441 unregistered
[107.545s][info][gc,metaspace] GC(137) Metaspace: 16M used, 16M committed, 1088M reserved
[107.545s][info][gc,ref      ] GC(137) Soft: 171 encountered, 0 discovered, 0 enqueued
[107.545s][info][gc,ref      ] GC(137) Weak: 978 encountered, 170 discovered, 0 enqueued
[107.545s][info][gc,ref      ] GC(137) Final: 0 encountered, 0 discovered, 0 enqueued
[107.545s][info][gc,ref      ] GC(137) Phantom: 35 encountered, 26 discovered, 0 enqueued
[107.545s][info][gc,reloc    ] GC(137) Small Pages: 108 / 216M, Empty: 0M, Relocated: 50M, In-Place: 0
[107.546s][info][gc,reloc    ] GC(137) Medium Pages: 1 / 32M, Empty: 0M, Relocated: 0M, In-Place: 0
[107.546s][info][gc,reloc    ] GC(137) Large Pages: 0 / 0M, Empty: 0M, Relocated: 0M, In-Place: 0
[107.546s][info][gc,reloc    ] GC(137) Forwarding Usage: 22M
[107.546s][info][gc,heap     ] GC(137) Min Capacity: 8M(0%)
[107.546s][info][gc,heap     ] GC(137) Max Capacity: 2048M(100%)
[107.546s][info][gc,heap     ] GC(137) Soft Max Capacity: 2048M(100%)
[107.546s][info][gc,heap     ] GC(137)                Mark Start          Mark End        Relocate Start      Relocate End           High               Low         
[107.546s][info][gc,heap     ] GC(137)  Capacity:     2048M (100%)       2048M (100%)       2048M (100%)       2048M (100%)       2048M (100%)       2048M (100%)   
[107.546s][info][gc,heap     ] GC(137)      Free:     1800M (88%)        1738M (85%)        1708M (83%)        1720M (84%)        1800M (88%)        1682M (82%)    
[107.546s][info][gc,heap     ] GC(137)      Used:      248M (12%)         310M (15%)         340M (17%)         328M (16%)         366M (18%)         248M (12%)    
[107.546s][info][gc,heap     ] GC(137)      Live:         -               152M (7%)          152M (7%)          152M (7%)             -                  -          
[107.546s][info][gc,heap     ] GC(137) Allocated:         -                62M (3%)           92M (4%)          107M (5%)             -                  -          
[107.546s][info][gc,heap     ] GC(137)   Garbage:         -                95M (5%)           95M (5%)           68M (3%)             -                  -          
[107.546s][info][gc,heap     ] GC(137) Reclaimed:         -                  -                 0M (0%)           27M (1%)             -                  -          
[107.546s][info][gc          ] GC(137) Garbage Collection (Allocation Rate) 248M(12%)->328M(16%)
[107.641s][info][gc,start    ] GC(138) Garbage Collection (Allocation Rate)
[107.641s][info][gc,task     ] GC(138) Using 12 workers
[107.642s][info][gc,phases   ] GC(138) Pause Mark Start 0.018ms
[107.751s][info][gc,phases   ] GC(138) Concurrent Mark 108.913ms
[107.751s][info][gc,phases   ] GC(138) Pause Mark End 0.020ms
[107.751s][info][gc,phases   ] GC(138) Concurrent Mark Free 0.001ms
[107.751s][info][gc,phases   ] GC(138) Concurrent Process Non-Strong References 0.384ms
[107.751s][info][gc,phases   ] GC(138) Concurrent Reset Relocation Set 0.005ms
[107.776s][info][gc,phases   ] GC(138) Concurrent Select Relocation Set 24.288ms
[107.776s][info][gc,phases   ] GC(138) Pause Relocate Start 0.010ms
[107.805s][info][gc,phases   ] GC(138) Concurrent Relocate 29.107ms
[107.805s][info][gc,load     ] GC(138) Load: 0.00/0.00/0.00
[107.805s][info][gc,mmu      ] GC(138) MMU: 2ms/95.2%, 5ms/98.1%, 10ms/99.0%, 20ms/99.5%, 50ms/99.8%, 100ms/99.9%
[107.805s][info][gc,marking  ] GC(138) Mark: 8 stripe(s), 2 proactive flush(es), 1 terminate flush(es), 0 completion(s), 0 continuation(s) 
[107.805s][info][gc,marking  ] GC(138) Mark Stack Usage: 32M
[107.805s][info][gc,nmethod  ] GC(138) NMethods: 821 registered, 441 unregistered
[107.805s][info][gc,metaspace] GC(138) Metaspace: 16M used, 16M committed, 1088M reserved
[107.805s][info][gc,ref      ] GC(138) Soft: 171 encountered, 0 discovered, 0 enqueued
[107.805s][info][gc,ref      ] GC(138) Weak: 978 encountered, 145 discovered, 0 enqueued
[107.805s][info][gc,ref      ] GC(138) Final: 0 encountered, 0 discovered, 0 enqueued
[107.805s][info][gc,ref      ] GC(138) Phantom: 35 encountered, 21 discovered, 0 enqueued
[107.805s][info][gc,reloc    ] GC(138) Small Pages: 207 / 414M, Empty: 0M, Relocated: 87M, In-Place: 0
[107.805s][info][gc,reloc    ] GC(138) Medium Pages: 1 / 32M, Empty: 0M, Relocated: 0M, In-Place: 0
[107.805s][info][gc,reloc    ] GC(138) Large Pages: 0 / 0M, Empty: 0M, Relocated: 0M, In-Place: 0
[107.805s][info][gc,reloc    ] GC(138) Forwarding Usage: 36M
[107.805s][info][gc,heap     ] GC(138) Min Capacity: 8M(0%)
[107.805s][info][gc,heap     ] GC(138) Max Capacity: 2048M(100%)
[107.805s][info][gc,heap     ] GC(138) Soft Max Capacity: 2048M(100%)
[107.805s][info][gc,heap     ] GC(138)                Mark Start          Mark End        Relocate Start      Relocate End           High               Low         
[107.806s][info][gc,heap     ] GC(138)  Capacity:     2048M (100%)       2048M (100%)       2048M (100%)       2048M (100%)       2048M (100%)       2048M (100%)   
[107.806s][info][gc,heap     ] GC(138)      Free:     1602M (78%)        1502M (73%)        1486M (73%)        1514M (74%)        1602M (78%)        1462M (71%)    
[107.806s][info][gc,heap     ] GC(138)      Used:      446M (22%)         546M (27%)         562M (27%)         534M (26%)         586M (29%)         446M (22%)    
[107.806s][info][gc,heap     ] GC(138)      Live:         -               294M (14%)         294M (14%)         294M (14%)            -                  -          
[107.806s][info][gc,heap     ] GC(138) Allocated:         -               100M (5%)          116M (6%)          143M (7%)             -                  -          
[107.806s][info][gc,heap     ] GC(138)   Garbage:         -               151M (7%)          151M (7%)           95M (5%)             -                  -          
[107.806s][info][gc,heap     ] GC(138) Reclaimed:         -                  -                 0M (0%)           55M (3%)             -                  -          
[107.806s][info][gc          ] GC(138) Garbage Collection (Allocation Rate) 446M(22%)->534M(26%)
[107.844s][info][gc,start    ] GC(139) Garbage Collection (Allocation Rate)
[107.844s][info][gc,task     ] GC(139) Using 12 workers
[107.845s][info][gc,phases   ] GC(139) Pause Mark Start 0.014ms
[107.969s][info][gc,phases   ] GC(139) Concurrent Mark 124.610ms
[107.969s][info][gc,phases   ] GC(139) Pause Mark End 0.017ms
[107.970s][info][gc,phases   ] GC(139) Concurrent Mark Free 0.001ms
[107.970s][info][gc,phases   ] GC(139) Concurrent Process Non-Strong References 0.343ms
[107.970s][info][gc,phases   ] GC(139) Concurrent Reset Relocation Set 0.008ms
[107.975s][info][gc,phases   ] GC(139) Concurrent Select Relocation Set 5.132ms
[107.975s][info][gc,phases   ] GC(139) Pause Relocate Start 0.006ms
[107.990s][info][gc,phases   ] GC(139) Concurrent Relocate 14.277ms
[107.990s][info][gc,load     ] GC(139) Load: 0.00/0.00/0.00
[107.990s][info][gc,mmu      ] GC(139) MMU: 2ms/95.2%, 5ms/98.1%, 10ms/99.0%, 20ms/99.5%, 50ms/99.8%, 100ms/99.9%
[107.990s][info][gc,marking  ] GC(139) Mark: 8 stripe(s), 3 proactive flush(es), 2 terminate flush(es), 0 completion(s), 0 continuation(s) 
[107.990s][info][gc,marking  ] GC(139) Mark Stack Usage: 32M
[107.990s][info][gc,nmethod  ] GC(139) NMethods: 821 registered, 441 unregistered
[107.990s][info][gc,metaspace] GC(139) Metaspace: 16M used, 16M committed, 1088M reserved
[107.990s][info][gc,ref      ] GC(139) Soft: 171 encountered, 0 discovered, 0 enqueued
[107.990s][info][gc,ref      ] GC(139) Weak: 978 encountered, 94 discovered, 0 enqueued
[107.990s][info][gc,ref      ] GC(139) Final: 0 encountered, 0 discovered, 0 enqueued
[107.990s][info][gc,ref      ] GC(139) Phantom: 35 encountered, 21 discovered, 0 enqueued
[107.990s][info][gc,reloc    ] GC(139) Small Pages: 274 / 548M, Empty: 0M, Relocated: 50M, In-Place: 0
[107.990s][info][gc,reloc    ] GC(139) Medium Pages: 1 / 32M, Empty: 0M, Relocated: 0M, In-Place: 0
[107.990s][info][gc,reloc    ] GC(139) Large Pages: 0 / 0M, Empty: 0M, Relocated: 0M, In-Place: 0
[107.990s][info][gc,reloc    ] GC(139) Forwarding Usage: 21M
[107.990s][info][gc,heap     ] GC(139) Min Capacity: 8M(0%)
[107.990s][info][gc,heap     ] GC(139) Max Capacity: 2048M(100%)
[107.990s][info][gc,heap     ] GC(139) Soft Max Capacity: 2048M(100%)
[107.990s][info][gc,heap     ] GC(139)                Mark Start          Mark End        Relocate Start      Relocate End           High               Low         
[107.990s][info][gc,heap     ] GC(139)  Capacity:     2048M (100%)       2048M (100%)       2048M (100%)       2048M (100%)       2048M (100%)       2048M (100%)   
[107.990s][info][gc,heap     ] GC(139)      Free:     1468M (72%)        1368M (67%)        1362M (67%)        1382M (67%)        1468M (72%)        1336M (65%)    
[107.990s][info][gc,heap     ] GC(139)      Used:      580M (28%)         680M (33%)         686M (33%)         666M (33%)         712M (35%)         580M (28%)    
[107.990s][info][gc,heap     ] GC(139)      Live:         -               415M (20%)         415M (20%)         415M (20%)            -                  -          
[107.990s][info][gc,heap     ] GC(139) Allocated:         -               100M (5%)          106M (5%)          119M (6%)             -                  -          
[107.990s][info][gc,heap     ] GC(139)   Garbage:         -               164M (8%)          164M (8%)          130M (6%)             -                  -          
[107.990s][info][gc,heap     ] GC(139) Reclaimed:         -                  -                 0M (0%)           33M (2%)             -                  -          
[107.990s][info][gc          ] GC(139) Garbage Collection (Allocation Rate) 580M(28%)->666M(33%)
[108.032s][info][gc,start    ] GC(140) Garbage Collection (Allocation Rate)
[108.032s][info][gc,task     ] GC(140) Using 12 workers
[108.032s][info][gc,phases   ] GC(140) Pause Mark Start 0.015ms
[108.188s][info][gc,phases   ] GC(140) Concurrent Mark 155.782ms
[108.188s][info][gc,phases   ] GC(140) Pause Mark End 0.017ms
[108.188s][info][gc,phases   ] GC(140) Concurrent Mark Free 0.001ms
[108.189s][info][gc,phases   ] GC(140) Concurrent Process Non-Strong References 0.324ms
[108.189s][info][gc,phases   ] GC(140) Concurrent Reset Relocation Set 0.006ms
[108.192s][info][gc,phases   ] GC(140) Concurrent Select Relocation Set 3.223ms
[108.192s][info][gc,phases   ] GC(140) Pause Relocate Start 0.005ms
[108.204s][info][gc,phases   ] GC(140) Concurrent Relocate 11.825ms
[108.204s][info][gc,load     ] GC(140) Load: 0.00/0.00/0.00
[108.204s][info][gc,mmu      ] GC(140) MMU: 2ms/95.2%, 5ms/98.1%, 10ms/99.0%, 20ms/99.5%, 50ms/99.8%, 100ms/99.9%
[108.204s][info][gc,marking  ] GC(140) Mark: 8 stripe(s), 3 proactive flush(es), 1 terminate flush(es), 0 completion(s), 0 continuation(s) 
[108.204s][info][gc,marking  ] GC(140) Mark Stack Usage: 32M
[108.204s][info][gc,nmethod  ] GC(140) NMethods: 821 registered, 441 unregistered
[108.204s][info][gc,metaspace] GC(140) Metaspace: 16M used, 16M committed, 1088M reserved
[108.204s][info][gc,ref      ] GC(140) Soft: 171 encountered, 0 discovered, 0 enqueued
[108.204s][info][gc,ref      ] GC(140) Weak: 978 encountered, 133 discovered, 0 enqueued
[108.204s][info][gc,ref      ] GC(140) Final: 0 encountered, 0 discovered, 0 enqueued
[108.204s][info][gc,ref      ] GC(140) Phantom: 35 encountered, 22 discovered, 0 enqueued
[108.204s][info][gc,reloc    ] GC(140) Small Pages: 343 / 686M, Empty: 0M, Relocated: 34M, In-Place: 0
[108.204s][info][gc,reloc    ] GC(140) Medium Pages: 1 / 32M, Empty: 0M, Relocated: 0M, In-Place: 0
[108.204s][info][gc,reloc    ] GC(140) Large Pages: 0 / 0M, Empty: 0M, Relocated: 0M, In-Place: 0
[108.204s][info][gc,reloc    ] GC(140) Forwarding Usage: 15M
[108.204s][info][gc,heap     ] GC(140) Min Capacity: 8M(0%)
[108.204s][info][gc,heap     ] GC(140) Max Capacity: 2048M(100%)
[108.204s][info][gc,heap     ] GC(140) Soft Max Capacity: 2048M(100%)
[108.204s][info][gc,heap     ] GC(140)                Mark Start          Mark End        Relocate Start      Relocate End           High               Low         
[108.204s][info][gc,heap     ] GC(140)  Capacity:     2048M (100%)       2048M (100%)       2048M (100%)       2048M (100%)       2048M (100%)       2048M (100%)   
[108.204s][info][gc,heap     ] GC(140)      Free:     1330M (65%)        1192M (58%)        1190M (58%)        1200M (59%)        1330M (65%)        1166M (57%)    
[108.204s][info][gc,heap     ] GC(140)      Used:      718M (35%)         856M (42%)         858M (42%)         848M (41%)         882M (43%)         718M (35%)    
[108.204s][info][gc,heap     ] GC(140)      Live:         -               524M (26%)         524M (26%)         524M (26%)            -                  -          
[108.204s][info][gc,heap     ] GC(140) Allocated:         -               138M (7%)          140M (7%)          143M (7%)             -                  -          
[108.204s][info][gc,heap     ] GC(140)   Garbage:         -               193M (9%)          193M (9%)          179M (9%)             -                  -          
[108.204s][info][gc,heap     ] GC(140) Reclaimed:         -                  -                 0M (0%)           13M (1%)             -                  -          
[108.204s][info][gc          ] GC(140) Garbage Collection (Allocation Rate) 718M(35%)->848M(41%)
[108.242s][info][gc,start    ] GC(141) Garbage Collection (Allocation Rate)
[108.242s][info][gc,task     ] GC(141) Using 12 workers
[108.242s][info][gc,phases   ] GC(141) Pause Mark Start 0.015ms
[108.429s][info][gc,phases   ] GC(141) Concurrent Mark 187.045ms
[108.429s][info][gc,phases   ] GC(141) Pause Mark End 0.022ms
[108.429s][info][gc,phases   ] GC(141) Concurrent Mark Free 0.001ms
[108.430s][info][gc,phases   ] GC(141) Concurrent Process Non-Strong References 0.371ms
[108.430s][info][gc,phases   ] GC(141) Concurrent Reset Relocation Set 0.009ms
[108.448s][info][gc,phases   ] GC(141) Concurrent Select Relocation Set 17.636ms
[108.448s][info][gc,phases   ] GC(141) Pause Relocate Start 0.010ms
[108.463s][info][gc,phases   ] GC(141) Concurrent Relocate 14.688ms
[108.463s][info][gc,load     ] GC(141) Load: 0.00/0.00/0.00
[108.463s][info][gc,mmu      ] GC(141) MMU: 2ms/95.2%, 5ms/98.1%, 10ms/99.0%, 20ms/99.5%, 50ms/99.8%, 100ms/99.9%
[108.463s][info][gc,marking  ] GC(141) Mark: 8 stripe(s), 3 proactive flush(es), 1 terminate flush(es), 0 completion(s), 0 continuation(s) 
[108.463s][info][gc,marking  ] GC(141) Mark Stack Usage: 32M
[108.463s][info][gc,nmethod  ] GC(141) NMethods: 821 registered, 441 unregistered
[108.463s][info][gc,metaspace] GC(141) Metaspace: 16M used, 16M committed, 1088M reserved
[108.463s][info][gc,ref      ] GC(141) Soft: 171 encountered, 0 discovered, 0 enqueued
[108.463s][info][gc,ref      ] GC(141) Weak: 981 encountered, 77 discovered, 3 enqueued
[108.463s][info][gc,ref      ] GC(141) Final: 0 encountered, 0 discovered, 0 enqueued
[108.463s][info][gc,ref      ] GC(141) Phantom: 35 encountered, 23 discovered, 0 enqueued
[108.463s][info][gc,reloc    ] GC(141) Small Pages: 417 / 834M, Empty: 0M, Relocated: 36M, In-Place: 0
[108.463s][info][gc,reloc    ] GC(141) Medium Pages: 2 / 64M, Empty: 0M, Relocated: 3M, In-Place: 0
[108.463s][info][gc,reloc    ] GC(141) Large Pages: 0 / 0M, Empty: 0M, Relocated: 0M, In-Place: 0
[108.463s][info][gc,reloc    ] GC(141) Forwarding Usage: 15M
[108.463s][info][gc,heap     ] GC(141) Min Capacity: 8M(0%)
[108.463s][info][gc,heap     ] GC(141) Max Capacity: 2048M(100%)
[108.463s][info][gc,heap     ] GC(141) Soft Max Capacity: 2048M(100%)
[108.463s][info][gc,heap     ] GC(141)                Mark Start          Mark End        Relocate Start      Relocate End           High               Low         
[108.463s][info][gc,heap     ] GC(141)  Capacity:     2048M (100%)       2048M (100%)       2048M (100%)       2048M (100%)       2048M (100%)       2048M (100%)   
[108.463s][info][gc,heap     ] GC(141)      Free:     1150M (56%)        1088M (53%)        1080M (53%)        1116M (54%)        1150M (56%)         964M (47%)    
[108.463s][info][gc,heap     ] GC(141)      Used:      898M (44%)         960M (47%)         968M (47%)         932M (46%)        1084M (53%)         898M (44%)    
[108.463s][info][gc,heap     ] GC(141)      Live:         -               620M (30%)         620M (30%)         620M (30%)            -                  -          
[108.463s][info][gc,heap     ] GC(141) Allocated:         -                62M (3%)           70M (3%)           98M (5%)             -                  -          
[108.463s][info][gc,heap     ] GC(141)   Garbage:         -               277M (14%)         277M (14%)         212M (10%)            -                  -          
[108.463s][info][gc,heap     ] GC(141) Reclaimed:         -                  -                 0M (0%)           64M (3%)             -                  -          
[108.463s][info][gc          ] GC(141) Garbage Collection (Allocation Rate) 898M(44%)->932M(46%)
[108.539s][info][gc,start    ] GC(142) Garbage Collection (Allocation Rate)
[108.539s][info][gc,task     ] GC(142) Using 12 workers
[108.539s][info][gc,phases   ] GC(142) Pause Mark Start 0.016ms
[108.695s][info][gc,phases   ] GC(142) Concurrent Mark 155.872ms
[108.695s][info][gc,phases   ] GC(142) Pause Mark End 0.019ms
[108.695s][info][gc,phases   ] GC(142) Concurrent Mark Free 0.001ms
[108.695s][info][gc,phases   ] GC(142) Concurrent Process Non-Strong References 0.409ms
[108.695s][info][gc,phases   ] GC(142) Concurrent Reset Relocation Set 0.008ms
[108.730s][info][gc,phases   ] GC(142) Concurrent Select Relocation Set 34.210ms
[108.730s][info][gc,phases   ] GC(142) Pause Relocate Start 0.009ms
[108.782s][info][gc,phases   ] GC(142) Concurrent Relocate 52.500ms
[108.782s][info][gc,load     ] GC(142) Load: 0.00/0.00/0.00
[108.782s][info][gc,mmu      ] GC(142) MMU: 2ms/95.2%, 5ms/98.1%, 10ms/99.0%, 20ms/99.5%, 50ms/99.8%, 100ms/99.9%
[108.783s][info][gc,marking  ] GC(142) Mark: 8 stripe(s), 2 proactive flush(es), 1 terminate flush(es), 0 completion(s), 0 continuation(s) 
[108.783s][info][gc,marking  ] GC(142) Mark Stack Usage: 32M
[108.783s][info][gc,nmethod  ] GC(142) NMethods: 821 registered, 443 unregistered
[108.783s][info][gc,metaspace] GC(142) Metaspace: 16M used, 16M committed, 1088M reserved
[108.783s][info][gc,ref      ] GC(142) Soft: 171 encountered, 0 discovered, 0 enqueued
[108.783s][info][gc,ref      ] GC(142) Weak: 977 encountered, 65 discovered, 0 enqueued
[108.783s][info][gc,ref      ] GC(142) Final: 0 encountered, 0 discovered, 0 enqueued
[108.783s][info][gc,ref      ] GC(142) Phantom: 35 encountered, 20 discovered, 0 enqueued
[108.783s][info][gc,reloc    ] GC(142) Small Pages: 452 / 904M, Empty: 0M, Relocated: 222M, In-Place: 0
[108.783s][info][gc,reloc    ] GC(142) Medium Pages: 2 / 64M, Empty: 32M, Relocated: 0M, In-Place: 0
[108.783s][info][gc,reloc    ] GC(142) Large Pages: 0 / 0M, Empty: 0M, Relocated: 0M, In-Place: 0
[108.783s][info][gc,reloc    ] GC(142) Forwarding Usage: 93M
[108.783s][info][gc,heap     ] GC(142) Min Capacity: 8M(0%)
[108.783s][info][gc,heap     ] GC(142) Max Capacity: 2048M(100%)
[108.783s][info][gc,heap     ] GC(142) Soft Max Capacity: 2048M(100%)
[108.783s][info][gc,heap     ] GC(142)                Mark Start          Mark End        Relocate Start      Relocate End           High               Low         
[108.783s][info][gc,heap     ] GC(142)  Capacity:     2048M (100%)       2048M (100%)       2048M (100%)       2048M (100%)       2048M (100%)       2048M (100%)   
[108.783s][info][gc,heap     ] GC(142)      Free:     1080M (53%)        1040M (51%)        1072M (52%)        1296M (63%)        1296M (63%)        1040M (51%)    
[108.783s][info][gc,heap     ] GC(142)      Used:      968M (47%)        1008M (49%)         976M (48%)         752M (37%)        1008M (49%)         752M (37%)    
[108.783s][info][gc,heap     ] GC(142)      Live:         -               582M (28%)         582M (28%)         582M (28%)            -                  -          
[108.783s][info][gc,heap     ] GC(142) Allocated:         -                40M (2%)           40M (2%)           44M (2%)             -                  -          
[108.783s][info][gc,heap     ] GC(142)   Garbage:         -               385M (19%)         353M (17%)         125M (6%)             -                  -          
[108.783s][info][gc,heap     ] GC(142) Reclaimed:         -                  -                32M (2%)          260M (13%)            -                  -          
[108.783s][info][gc          ] GC(142) Garbage Collection (Allocation Rate) 968M(47%)->752M(37%)
[108.842s][info][gc,start    ] GC(143) Garbage Collection (Allocation Rate)
[108.842s][info][gc,task     ] GC(143) Using 12 workers
[108.842s][info][gc,phases   ] GC(143) Pause Mark Start 0.014ms
[108.873s][info][gc,phases   ] GC(143) Concurrent Mark 30.922ms
[108.874s][info][gc,phases   ] GC(143) Pause Mark End 0.019ms
[108.874s][info][gc,phases   ] GC(143) Concurrent Mark Free 0.002ms
[108.874s][info][gc,phases   ] GC(143) Concurrent Process Non-Strong References 0.574ms
[108.875s][info][gc,phases   ] GC(143) Concurrent Reset Relocation Set 0.093ms
[108.900s][info][gc,phases   ] GC(143) Concurrent Select Relocation Set 25.470ms
[108.900s][info][gc,phases   ] GC(143) Pause Relocate Start 0.008ms
[108.902s][info][gc,phases   ] GC(143) Concurrent Relocate 2.184ms
[108.903s][info][gc,load     ] GC(143) Load: 0.00/0.00/0.00
[108.903s][info][gc,mmu      ] GC(143) MMU: 2ms/95.2%, 5ms/98.1%, 10ms/99.0%, 20ms/99.5%, 50ms/99.8%, 100ms/99.9%
[108.903s][info][gc,marking  ] GC(143) Mark: 8 stripe(s), 3 proactive flush(es), 1 terminate flush(es), 0 completion(s), 0 continuation(s) 
[108.903s][info][gc,marking  ] GC(143) Mark Stack Usage: 32M
[108.903s][info][gc,nmethod  ] GC(143) NMethods: 821 registered, 443 unregistered
[108.903s][info][gc,metaspace] GC(143) Metaspace: 16M used, 16M committed, 1088M reserved
[108.903s][info][gc,ref      ] GC(143) Soft: 171 encountered, 0 discovered, 0 enqueued
[108.903s][info][gc,ref      ] GC(143) Weak: 978 encountered, 88 discovered, 2 enqueued
[108.903s][info][gc,ref      ] GC(143) Final: 0 encountered, 0 discovered, 0 enqueued
[108.903s][info][gc,ref      ] GC(143) Phantom: 35 encountered, 17 discovered, 0 enqueued
[108.903s][info][gc,reloc    ] GC(143) Small Pages: 361 / 722M, Empty: 660M, Relocated: 6M, In-Place: 0
[108.903s][info][gc,reloc    ] GC(143) Medium Pages: 1 / 32M, Empty: 32M, Relocated: 0M, In-Place: 0
[108.903s][info][gc,reloc    ] GC(143) Large Pages: 0 / 0M, Empty: 0M, Relocated: 0M, In-Place: 0
[108.903s][info][gc,reloc    ] GC(143) Forwarding Usage: 1M
[108.903s][info][gc,heap     ] GC(143) Min Capacity: 8M(0%)
[108.903s][info][gc,heap     ] GC(143) Max Capacity: 2048M(100%)
[108.903s][info][gc,heap     ] GC(143) Soft Max Capacity: 2048M(100%)
[108.903s][info][gc,heap     ] GC(143)                Mark Start          Mark End        Relocate Start      Relocate End           High               Low         
[108.903s][info][gc,heap     ] GC(143)  Capacity:     2048M (100%)       2048M (100%)       2048M (100%)       2048M (100%)       2048M (100%)       2048M (100%)   
[108.903s][info][gc,heap     ] GC(143)      Free:     1294M (63%)        1292M (63%)        1982M (97%)        1998M (98%)        1998M (98%)        1292M (63%)    
[108.903s][info][gc,heap     ] GC(143)      Used:      754M (37%)         756M (37%)          66M (3%)           50M (2%)          756M (37%)          50M (2%)     
[108.903s][info][gc,heap     ] GC(143)      Live:         -                26M (1%)           26M (1%)           26M (1%)             -                  -          
[108.903s][info][gc,heap     ] GC(143) Allocated:         -                 2M (0%)            4M (0%)            3M (0%)             -                  -          
[108.903s][info][gc,heap     ] GC(143)   Garbage:         -               727M (36%)          35M (2%)           19M (1%)             -                  -          
[108.903s][info][gc,heap     ] GC(143) Reclaimed:         -                  -               692M (34%)         707M (35%)            -                  -          
[108.903s][info][gc          ] GC(143) Garbage Collection (Allocation Rate) 754M(37%)->50M(2%)
[108.931s][info][gc,start    ] GC(144) Garbage Collection (Allocation Rate)
[108.931s][info][gc,task     ] GC(144) Using 12 workers
[108.931s][info][gc,phases   ] GC(144) Pause Mark Start 0.011ms
[108.957s][info][gc,phases   ] GC(144) Concurrent Mark 25.603ms
[108.957s][info][gc,phases   ] GC(144) Pause Mark End 0.021ms
[108.957s][info][gc,phases   ] GC(144) Concurrent Mark Free 0.001ms
[108.958s][info][gc,phases   ] GC(144) Concurrent Process Non-Strong References 0.592ms
[108.958s][info][gc,phases   ] GC(144) Concurrent Reset Relocation Set 0.003ms
[108.968s][info][gc,phases   ] GC(144) Concurrent Select Relocation Set 10.341ms
[108.968s][info][gc,phases   ] GC(144) Pause Relocate Start 0.007ms
[108.970s][info][gc,phases   ] GC(144) Concurrent Relocate 2.138ms
[108.970s][info][gc,load     ] GC(144) Load: 0.00/0.00/0.00
[108.970s][info][gc,mmu      ] GC(144) MMU: 2ms/95.2%, 5ms/98.1%, 10ms/99.0%, 20ms/99.5%, 50ms/99.8%, 100ms/99.9%
[108.970s][info][gc,marking  ] GC(144) Mark: 8 stripe(s), 2 proactive flush(es), 1 terminate flush(es), 0 completion(s), 0 continuation(s) 
[108.970s][info][gc,marking  ] GC(144) Mark Stack Usage: 32M
[108.971s][info][gc,nmethod  ] GC(144) NMethods: 821 registered, 443 unregistered
[108.971s][info][gc,metaspace] GC(144) Metaspace: 16M used, 16M committed, 1088M reserved
[108.971s][info][gc,ref      ] GC(144) Soft: 171 encountered, 0 discovered, 0 enqueued
[108.971s][info][gc,ref      ] GC(144) Weak: 976 encountered, 115 discovered, 0 enqueued
[108.971s][info][gc,ref      ] GC(144) Final: 0 encountered, 0 discovered, 0 enqueued
[108.971s][info][gc,ref      ] GC(144) Phantom: 35 encountered, 14 discovered, 0 enqueued
[108.971s][info][gc,reloc    ] GC(144) Small Pages: 26 / 52M, Empty: 2M, Relocated: 6M, In-Place: 0
[108.971s][info][gc,reloc    ] GC(144) Medium Pages: 0 / 0M, Empty: 0M, Relocated: 0M, In-Place: 0
[108.971s][info][gc,reloc    ] GC(144) Large Pages: 0 / 0M, Empty: 0M, Relocated: 0M, In-Place: 0
[108.971s][info][gc,reloc    ] GC(144) Forwarding Usage: 1M
[108.971s][info][gc,heap     ] GC(144) Min Capacity: 8M(0%)
[108.971s][info][gc,heap     ] GC(144) Max Capacity: 2048M(100%)
[108.971s][info][gc,heap     ] GC(144) Soft Max Capacity: 2048M(100%)
[108.971s][info][gc,heap     ] GC(144)                Mark Start          Mark End        Relocate Start      Relocate End           High               Low         
[108.971s][info][gc,heap     ] GC(144)  Capacity:     2048M (100%)       2048M (100%)       2048M (100%)       2048M (100%)       2048M (100%)       2048M (100%)   
[108.971s][info][gc,heap     ] GC(144)      Free:     1996M (97%)        1994M (97%)        1996M (97%)        1998M (98%)        1998M (98%)        1972M (96%)    
[108.971s][info][gc,heap     ] GC(144)      Used:       52M (3%)           54M (3%)           52M (3%)           50M (2%)           76M (4%)           50M (2%)     
[108.971s][info][gc,heap     ] GC(144)      Live:         -                26M (1%)           26M (1%)           26M (1%)             -                  -          
[108.971s][info][gc,heap     ] GC(144) Allocated:         -                 2M (0%)            2M (0%)            3M (0%)             -                  -          
[108.971s][info][gc,heap     ] GC(144)   Garbage:         -                25M (1%)           23M (1%)           19M (1%)             -                  -          
[108.971s][info][gc,heap     ] GC(144) Reclaimed:         -                  -                 2M (0%)            5M (0%)             -                  -          
[108.971s][info][gc          ] GC(144) Garbage Collection (Allocation Rate) 52M(3%)->50M(2%)
[110.137s][info][gc,stats    ] === Garbage Collection Statistics =======================================================================================================================
[110.137s][info][gc,stats    ]                                                              Last 10s              Last 10m              Last 10h                Total
[110.137s][info][gc,stats    ]                                                              Avg / Max             Avg / Max             Avg / Max             Avg / Max
[110.138s][info][gc,stats    ]   Collector: Garbage Collection Cycle                    161.759 / 287.686     156.259 / 411.964     156.259 / 411.964     156.259 / 411.964     ms
[110.138s][info][gc,stats    ]  Contention: Mark Segment Reset Contention                     7 / 23                5 / 54                5 / 54                5 / 54          ops/s
[110.138s][info][gc,stats    ]  Contention: Mark SeqNum Reset Contention                      1 / 3                 0 / 9                 0 / 9                 0 / 9           ops/s
[110.138s][info][gc,stats    ]    Critical: Allocation Stall                                 15 / 110               5 / 173               5 / 173               5 / 173         ops/s
[110.138s][info][gc,stats    ]    Critical: Allocation Stall                              7.880 / 22.606       10.162 / 32.476       10.162 / 32.476       10.162 / 32.476      ms
[110.138s][info][gc,stats    ]    Critical: GC Locker Stall                                   0 / 0                 0 / 0                 0 / 0                 0 / 0           ops/s
[110.138s][info][gc,stats    ]    Critical: GC Locker Stall                               0.000 / 0.000         0.000 / 0.000         0.000 / 0.000         0.000 / 0.000       ms
[110.138s][info][gc,stats    ]    Critical: Relocation Stall                                  0 / 0                 0 / 0                 0 / 0                 0 / 0           ops/s
[110.138s][info][gc,stats    ]    Critical: Relocation Stall                              0.000 / 0.000         0.000 / 0.000         0.000 / 0.000         0.000 / 0.000       ms
[110.138s][info][gc,stats    ]      Memory: Allocation Rate                                1029 / 5496            695 / 5930            695 / 5930            695 / 5930        MB/s
[110.138s][info][gc,stats    ]      Memory: Defragment                                        4 / 48                2 / 80                2 / 80                2 / 80          ops/s
[110.138s][info][gc,stats    ]      Memory: Out Of Memory                                     0 / 0                 0 / 0                 0 / 0                 0 / 0           ops/s
[110.138s][info][gc,stats    ]      Memory: Page Cache Flush                                 25 / 128              10 / 160              10 / 160              10 / 160         MB/s
[110.138s][info][gc,stats    ]      Memory: Page Cache Hit L1                               574 / 2729            379 / 2940            379 / 2940            379 / 2940        ops/s
[110.138s][info][gc,stats    ]      Memory: Page Cache Hit L2                                 0 / 0                 0 / 0                 0 / 0                 0 / 0           ops/s
[110.138s][info][gc,stats    ]      Memory: Page Cache Hit L3                                 4 / 43               11 / 438              11 / 438              11 / 438         ops/s
[110.138s][info][gc,stats    ]      Memory: Page Cache Miss                                   0 / 4                 0 / 4                 0 / 4                 0 / 4           ops/s
[110.138s][info][gc,stats    ]      Memory: Uncommit                                          0 / 0                 0 / 0                 0 / 0                 0 / 0           MB/s
[110.138s][info][gc,stats    ]      Memory: Undo Object Allocation Failed                    34 / 201              18 / 297              18 / 297              18 / 297         ops/s
[110.138s][info][gc,stats    ]      Memory: Undo Object Allocation Succeeded                  6 / 31                4 / 147               4 / 147               4 / 147         ops/s
[110.138s][info][gc,stats    ]      Memory: Undo Page Allocation                             88 / 761              54 / 761              54 / 761              54 / 761         ops/s
[110.138s][info][gc,stats    ]       Phase: Concurrent Mark                             103.918 / 233.915     101.395 / 241.573     101.395 / 241.573     101.395 / 241.573     ms
[110.138s][info][gc,stats    ]       Phase: Concurrent Mark Continue                      0.000 / 0.000         0.000 / 0.000         0.000 / 0.000         0.000 / 0.000       ms
[110.138s][info][gc,stats    ]       Phase: Concurrent Mark Free                          0.001 / 0.003         0.001 / 0.006         0.001 / 0.006         0.001 / 0.006       ms
[110.138s][info][gc,stats    ]       Phase: Concurrent Process Non-Strong References      0.430 / 0.744         1.557 / 27.626        1.557 / 27.626        1.557 / 27.626      ms
[110.138s][info][gc,stats    ]       Phase: Concurrent Relocate                          17.272 / 67.558       16.862 / 87.199       16.862 / 87.199       16.862 / 87.199      ms
[110.138s][info][gc,stats    ]       Phase: Concurrent Reset Relocation Set               0.019 / 0.093         0.019 / 0.096         0.019 / 0.096         0.019 / 0.096       ms
[110.138s][info][gc,stats    ]       Phase: Concurrent Select Relocation Set             16.411 / 49.034       15.854 / 67.766       15.854 / 67.766       15.854 / 67.766      ms
[110.138s][info][gc,stats    ]       Phase: Pause Mark End                                0.019 / 0.024         0.019 / 0.060         0.019 / 0.060         0.019 / 0.060       ms
[110.139s][info][gc,stats    ]       Phase: Pause Mark Start                              0.016 / 0.027         0.015 / 0.095         0.015 / 0.095         0.015 / 0.095       ms
[110.139s][info][gc,stats    ]       Phase: Pause Relocate Start                          0.008 / 0.012         0.008 / 0.017         0.008 / 0.017         0.008 / 0.017       ms
[110.139s][info][gc,stats    ]    Subphase: Concurrent Classes Purge                      0.006 / 0.030         0.106 / 3.083         0.106 / 3.083         0.106 / 3.083       ms
[110.139s][info][gc,stats    ]    Subphase: Concurrent Classes Unlink                     0.185 / 0.265         0.664 / 24.520        0.664 / 24.520        0.664 / 24.520      ms
[110.139s][info][gc,stats    ]    Subphase: Concurrent Mark                             101.477 / 232.514      98.335 / 240.378      98.335 / 240.378      98.335 / 240.378     ms
[110.139s][info][gc,stats    ]    Subphase: Concurrent Mark Try Flush                     2.292 / 31.184        2.875 / 78.108        2.875 / 78.108        2.875 / 78.108      ms
[110.139s][info][gc,stats    ]    Subphase: Concurrent Mark Try Terminate                10.779 / 31.185       10.454 / 31.185       10.454 / 31.185       10.454 / 31.185      ms
[110.139s][info][gc,stats    ]    Subphase: Concurrent References Enqueue                 0.001 / 0.005         0.001 / 0.005         0.001 / 0.005         0.001 / 0.005       ms
[110.139s][info][gc,stats    ]    Subphase: Concurrent References Process                 0.034 / 0.082         0.055 / 0.600         0.055 / 0.600         0.055 / 0.600       ms
[110.139s][info][gc,stats    ]    Subphase: Concurrent Roots ClassLoaderDataGraph         0.032 / 0.356         0.044 / 1.098         0.044 / 1.098         0.044 / 1.098       ms
[110.139s][info][gc,stats    ]    Subphase: Concurrent Roots CodeCache                    0.000 / 0.000         0.000 / 0.000         0.000 / 0.000         0.000 / 0.000       ms
[110.139s][info][gc,stats    ]    Subphase: Concurrent Roots JavaThreads                  0.651 / 1.523         0.880 / 17.879        0.880 / 17.879        0.880 / 17.879      ms
[110.139s][info][gc,stats    ]    Subphase: Concurrent Roots OopStorageSet                0.013 / 0.088         0.018 / 0.569         0.018 / 0.569         0.018 / 0.569       ms
[110.139s][info][gc,stats    ]    Subphase: Concurrent Weak Roots OopStorageSet           0.118 / 0.228         0.107 / 0.330         0.107 / 0.330         0.107 / 0.330       ms
[110.139s][info][gc,stats    ]    Subphase: Pause Mark Try Complete                       0.000 / 0.000         0.003 / 0.024         0.003 / 0.024         0.003 / 0.024       ms
[110.139s][info][gc,stats    ]      System: Java Threads                                     63 / 66               64 / 75               64 / 75               64 / 75          threads
[110.139s][info][gc,stats    ] =========================================================================================================================================================
[114.632s][info][gc,start    ] GC(145) Garbage Collection (Allocation Rate)
[114.632s][info][gc,task     ] GC(145) Using 12 workers
[114.632s][info][gc,phases   ] GC(145) Pause Mark Start 0.018ms
[114.725s][info][gc,phases   ] GC(145) Concurrent Mark 93.280ms
[114.725s][info][gc,phases   ] GC(145) Pause Mark End 0.016ms
[114.725s][info][gc,phases   ] GC(145) Concurrent Mark Free 0.002ms
[114.726s][info][gc,phases   ] GC(145) Concurrent Process Non-Strong References 0.379ms
[114.726s][info][gc,phases   ] GC(145) Concurrent Reset Relocation Set 0.003ms
[114.759s][info][gc,phases   ] GC(145) Concurrent Select Relocation Set 32.611ms
[114.759s][info][gc,phases   ] GC(145) Pause Relocate Start 0.008ms
[114.813s][info][gc,phases   ] GC(145) Concurrent Relocate 54.041ms
[114.813s][info][gc,load     ] GC(145) Load: 0.00/0.00/0.00
[114.813s][info][gc,mmu      ] GC(145) MMU: 2ms/95.2%, 5ms/98.1%, 10ms/99.0%, 20ms/99.5%, 50ms/99.8%, 100ms/99.9%
[114.813s][info][gc,marking  ] GC(145) Mark: 8 stripe(s), 2 proactive flush(es), 1 terminate flush(es), 0 completion(s), 0 continuation(s) 
[114.813s][info][gc,marking  ] GC(145) Mark Stack Usage: 32M
[114.813s][info][gc,nmethod  ] GC(145) NMethods: 821 registered, 443 unregistered
[114.813s][info][gc,metaspace] GC(145) Metaspace: 16M used, 16M committed, 1088M reserved
[114.813s][info][gc,ref      ] GC(145) Soft: 171 encountered, 0 discovered, 0 enqueued
[114.813s][info][gc,ref      ] GC(145) Weak: 980 encountered, 98 discovered, 5 enqueued
[114.813s][info][gc,ref      ] GC(145) Final: 0 encountered, 0 discovered, 0 enqueued
[114.813s][info][gc,ref      ] GC(145) Phantom: 35 encountered, 21 discovered, 0 enqueued
[114.813s][info][gc,reloc    ] GC(145) Small Pages: 406 / 812M, Empty: 2M, Relocated: 278M, In-Place: 0
[114.813s][info][gc,reloc    ] GC(145) Medium Pages: 0 / 0M, Empty: 0M, Relocated: 0M, In-Place: 0
[114.813s][info][gc,reloc    ] GC(145) Large Pages: 0 / 0M, Empty: 0M, Relocated: 0M, In-Place: 0
[114.813s][info][gc,reloc    ] GC(145) Forwarding Usage: 121M
[114.813s][info][gc,heap     ] GC(145) Min Capacity: 8M(0%)
[114.813s][info][gc,heap     ] GC(145) Max Capacity: 2048M(100%)
[114.813s][info][gc,heap     ] GC(145) Soft Max Capacity: 2048M(100%)
[114.813s][info][gc,heap     ] GC(145)                Mark Start          Mark End        Relocate Start      Relocate End           High               Low         
[114.813s][info][gc,heap     ] GC(145)  Capacity:     2048M (100%)       2048M (100%)       2048M (100%)       2048M (100%)       2048M (100%)       2048M (100%)   
[114.813s][info][gc,heap     ] GC(145)      Free:     1236M (60%)        1134M (55%)        1090M (53%)        1560M (76%)        1560M (76%)        1066M (52%)    
[114.813s][info][gc,heap     ] GC(145)      Used:      812M (40%)         914M (45%)         958M (47%)         488M (24%)         982M (48%)         488M (24%)    
[114.813s][info][gc,heap     ] GC(145)      Live:         -               297M (15%)         297M (15%)         297M (15%)            -                  -          
[114.813s][info][gc,heap     ] GC(145) Allocated:         -               102M (5%)          148M (7%)          176M (9%)             -                  -          
[114.813s][info][gc,heap     ] GC(145)   Garbage:         -               514M (25%)         512M (25%)          14M (1%)             -                  -          
[114.813s][info][gc,heap     ] GC(145) Reclaimed:         -                  -                 2M (0%)          500M (24%)            -                  -          
[114.813s][info][gc          ] GC(145) Garbage Collection (Allocation Rate) 812M(40%)->488M(24%)
[114.835s][info][gc,start    ] GC(146) Garbage Collection (Allocation Rate)
[114.835s][info][gc,task     ] GC(146) Using 12 workers
[114.835s][info][gc,phases   ] GC(146) Pause Mark Start 0.013ms
[115.022s][info][gc,phases   ] GC(146) Concurrent Mark 187.111ms
[115.022s][info][gc,phases   ] GC(146) Pause Mark End 0.024ms
[115.022s][info][gc,phases   ] GC(146) Concurrent Mark Free 0.001ms
[115.023s][info][gc,phases   ] GC(146) Concurrent Process Non-Strong References 0.434ms
[115.023s][info][gc,phases   ] GC(146) Concurrent Reset Relocation Set 0.070ms
[115.041s][info][gc,phases   ] GC(146) Concurrent Select Relocation Set 18.357ms
[115.041s][info][gc,phases   ] GC(146) Pause Relocate Start 0.009ms
[115.065s][info][gc,phases   ] GC(146) Concurrent Relocate 23.036ms
[115.065s][info][gc,load     ] GC(146) Load: 0.00/0.00/0.00
[115.065s][info][gc,mmu      ] GC(146) MMU: 2ms/95.2%, 5ms/98.1%, 10ms/99.0%, 20ms/99.5%, 50ms/99.8%, 100ms/99.9%
[115.065s][info][gc,marking  ] GC(146) Mark: 8 stripe(s), 2 proactive flush(es), 1 terminate flush(es), 0 completion(s), 0 continuation(s) 
[115.065s][info][gc,marking  ] GC(146) Mark Stack Usage: 32M
[115.065s][info][gc,nmethod  ] GC(146) NMethods: 821 registered, 443 unregistered
[115.065s][info][gc,metaspace] GC(146) Metaspace: 16M used, 16M committed, 1088M reserved
[115.065s][info][gc,ref      ] GC(146) Soft: 171 encountered, 0 discovered, 0 enqueued
[115.065s][info][gc,ref      ] GC(146) Weak: 975 encountered, 120 discovered, 0 enqueued
[115.065s][info][gc,ref      ] GC(146) Final: 0 encountered, 0 discovered, 0 enqueued
[115.065s][info][gc,ref      ] GC(146) Phantom: 35 encountered, 15 discovered, 0 enqueued
[115.065s][info][gc,reloc    ] GC(146) Small Pages: 255 / 510M, Empty: 0M, Relocated: 80M, In-Place: 0
[115.065s][info][gc,reloc    ] GC(146) Medium Pages: 0 / 0M, Empty: 0M, Relocated: 0M, In-Place: 0
[115.065s][info][gc,reloc    ] GC(146) Large Pages: 0 / 0M, Empty: 0M, Relocated: 0M, In-Place: 0
[115.065s][info][gc,reloc    ] GC(146) Forwarding Usage: 39M
[115.065s][info][gc,heap     ] GC(146) Min Capacity: 8M(0%)
[115.065s][info][gc,heap     ] GC(146) Max Capacity: 2048M(100%)
[115.065s][info][gc,heap     ] GC(146) Soft Max Capacity: 2048M(100%)
[115.065s][info][gc,heap     ] GC(146)                Mark Start          Mark End        Relocate Start      Relocate End           High               Low         
[115.065s][info][gc,heap     ] GC(146)  Capacity:     2048M (100%)       2048M (100%)       2048M (100%)       2048M (100%)       2048M (100%)       2048M (100%)   
[115.065s][info][gc,heap     ] GC(146)      Free:     1538M (75%)        1338M (65%)        1312M (64%)        1420M (69%)        1538M (75%)        1288M (63%)    
[115.065s][info][gc,heap     ] GC(146)      Used:      510M (25%)         710M (35%)         736M (36%)         628M (31%)         760M (37%)         510M (25%)    
[115.065s][info][gc,heap     ] GC(146)      Live:         -               365M (18%)         365M (18%)         365M (18%)            -                  -          
[115.065s][info][gc,heap     ] GC(146) Allocated:         -               200M (10%)         226M (11%)         243M (12%)            -                  -          
[115.065s][info][gc,heap     ] GC(146)   Garbage:         -               144M (7%)          144M (7%)           19M (1%)             -                  -          
[115.065s][info][gc,heap     ] GC(146) Reclaimed:         -                  -                 0M (0%)          125M (6%)             -                  -          
[115.065s][info][gc          ] GC(146) Garbage Collection (Allocation Rate) 510M(25%)->628M(31%)
[115.131s][info][gc,start    ] GC(147) Garbage Collection (Allocation Rate)
[115.131s][info][gc,task     ] GC(147) Using 12 workers
[115.132s][info][gc,phases   ] GC(147) Pause Mark Start 0.015ms
[115.288s][info][gc,phases   ] GC(147) Concurrent Mark 155.881ms
[115.288s][info][gc,phases   ] GC(147) Pause Mark End 0.016ms
[115.288s][info][gc,phases   ] GC(147) Concurrent Mark Free 0.001ms
[115.288s][info][gc,phases   ] GC(147) Concurrent Process Non-Strong References 0.318ms
[115.288s][info][gc,phases   ] GC(147) Concurrent Reset Relocation Set 0.011ms
[115.329s][info][gc,phases   ] GC(147) Concurrent Select Relocation Set 40.373ms
[115.329s][info][gc,phases   ] GC(147) Pause Relocate Start 0.014ms
[115.364s][info][gc,phases   ] GC(147) Concurrent Relocate 35.102ms
[115.364s][info][gc,load     ] GC(147) Load: 0.00/0.00/0.00
[115.364s][info][gc,mmu      ] GC(147) MMU: 2ms/95.2%, 5ms/98.1%, 10ms/99.0%, 20ms/99.5%, 50ms/99.8%, 100ms/99.9%
[115.364s][info][gc,marking  ] GC(147) Mark: 8 stripe(s), 2 proactive flush(es), 1 terminate flush(es), 0 completion(s), 0 continuation(s) 
[115.364s][info][gc,marking  ] GC(147) Mark Stack Usage: 32M
[115.364s][info][gc,nmethod  ] GC(147) NMethods: 821 registered, 443 unregistered
[115.364s][info][gc,metaspace] GC(147) Metaspace: 16M used, 16M committed, 1088M reserved
[115.364s][info][gc,ref      ] GC(147) Soft: 171 encountered, 0 discovered, 0 enqueued
[115.364s][info][gc,ref      ] GC(147) Weak: 975 encountered, 260 discovered, 0 enqueued
[115.364s][info][gc,ref      ] GC(147) Final: 0 encountered, 0 discovered, 0 enqueued
[115.364s][info][gc,ref      ] GC(147) Phantom: 35 encountered, 13 discovered, 0 enqueued
[115.364s][info][gc,reloc    ] GC(147) Small Pages: 355 / 710M, Empty: 0M, Relocated: 122M, In-Place: 0
[115.364s][info][gc,reloc    ] GC(147) Medium Pages: 0 / 0M, Empty: 0M, Relocated: 0M, In-Place: 0
[115.364s][info][gc,reloc    ] GC(147) Large Pages: 0 / 0M, Empty: 0M, Relocated: 0M, In-Place: 0
[115.364s][info][gc,reloc    ] GC(147) Forwarding Usage: 55M
[115.364s][info][gc,heap     ] GC(147) Min Capacity: 8M(0%)
[115.364s][info][gc,heap     ] GC(147) Max Capacity: 2048M(100%)
[115.364s][info][gc,heap     ] GC(147) Soft Max Capacity: 2048M(100%)
[115.364s][info][gc,heap     ] GC(147)                Mark Start          Mark End        Relocate Start      Relocate End           High               Low         
[115.364s][info][gc,heap     ] GC(147)  Capacity:     2048M (100%)       2048M (100%)       2048M (100%)       2048M (100%)       2048M (100%)       2048M (100%)   
[115.365s][info][gc,heap     ] GC(147)      Free:     1338M (65%)        1176M (57%)        1122M (55%)        1310M (64%)        1338M (65%)        1098M (54%)    
[115.365s][info][gc,heap     ] GC(147)      Used:      710M (35%)         872M (43%)         926M (45%)         738M (36%)         950M (46%)         710M (35%)    
[115.365s][info][gc,heap     ] GC(147)      Live:         -               476M (23%)         476M (23%)         476M (23%)            -                  -          
[115.365s][info][gc,heap     ] GC(147) Allocated:         -               162M (8%)          216M (11%)         240M (12%)            -                  -          
[115.365s][info][gc,heap     ] GC(147)   Garbage:         -               233M (11%)         233M (11%)          20M (1%)             -                  -          
[115.365s][info][gc,heap     ] GC(147) Reclaimed:         -                  -                 0M (0%)          212M (10%)            -                  -          
[115.365s][info][gc          ] GC(147) Garbage Collection (Allocation Rate) 710M(35%)->738M(36%)
[115.741s][info][gc,start    ] GC(148) Garbage Collection (Allocation Rate)
[115.741s][info][gc,task     ] GC(148) Using 7 workers
[115.741s][info][gc,phases   ] GC(148) Pause Mark Start 0.016ms
[116.095s][info][gc,phases   ] GC(148) Concurrent Mark 354.211ms
[116.095s][info][gc,phases   ] GC(148) Pause Mark End 0.015ms
[116.095s][info][gc,phases   ] GC(148) Concurrent Mark Free 0.001ms
[116.096s][info][gc,phases   ] GC(148) Concurrent Process Non-Strong References 0.554ms
[116.096s][info][gc,phases   ] GC(148) Concurrent Reset Relocation Set 0.038ms
[116.103s][info][gc,phases   ] GC(148) Concurrent Select Relocation Set 7.166ms
[116.103s][info][gc,phases   ] GC(148) Pause Relocate Start 0.007ms
[116.142s][info][gc,phases   ] GC(148) Concurrent Relocate 38.427ms
[116.142s][info][gc,load     ] GC(148) Load: 0.00/0.00/0.00
[116.142s][info][gc,mmu      ] GC(148) MMU: 2ms/95.2%, 5ms/98.1%, 10ms/99.0%, 20ms/99.5%, 50ms/99.8%, 100ms/99.9%
[116.142s][info][gc,marking  ] GC(148) Mark: 4 stripe(s), 2 proactive flush(es), 1 terminate flush(es), 0 completion(s), 0 continuation(s) 
[116.142s][info][gc,marking  ] GC(148) Mark Stack Usage: 64M
[116.142s][info][gc,nmethod  ] GC(148) NMethods: 821 registered, 443 unregistered
[116.142s][info][gc,metaspace] GC(148) Metaspace: 16M used, 16M committed, 1088M reserved
[116.142s][info][gc,ref      ] GC(148) Soft: 171 encountered, 0 discovered, 0 enqueued
[116.142s][info][gc,ref      ] GC(148) Weak: 976 encountered, 53 discovered, 0 enqueued
[116.142s][info][gc,ref      ] GC(148) Final: 0 encountered, 0 discovered, 0 enqueued
[116.142s][info][gc,ref      ] GC(148) Phantom: 35 encountered, 23 discovered, 0 enqueued
[116.142s][info][gc,reloc    ] GC(148) Small Pages: 436 / 872M, Empty: 0M, Relocated: 106M, In-Place: 0
[116.142s][info][gc,reloc    ] GC(148) Medium Pages: 0 / 0M, Empty: 0M, Relocated: 0M, In-Place: 0
[116.142s][info][gc,reloc    ] GC(148) Large Pages: 2 / 12M, Empty: 0M, Relocated: 0M, In-Place: 0
[116.142s][info][gc,reloc    ] GC(148) Forwarding Usage: 46M
[116.142s][info][gc,heap     ] GC(148) Min Capacity: 8M(0%)
[116.142s][info][gc,heap     ] GC(148) Max Capacity: 2048M(100%)
[116.143s][info][gc,heap     ] GC(148) Soft Max Capacity: 2048M(100%)
[116.143s][info][gc,heap     ] GC(148)                Mark Start          Mark End        Relocate Start      Relocate End           High               Low         
[116.143s][info][gc,heap     ] GC(148)  Capacity:     2048M (100%)       2048M (100%)       2048M (100%)       2048M (100%)       2048M (100%)       2048M (100%)   
[116.143s][info][gc,heap     ] GC(148)      Free:     1164M (57%)        1060M (52%)        1054M (51%)        1228M (60%)        1228M (60%)        1040M (51%)    
[116.143s][info][gc,heap     ] GC(148)      Used:      884M (43%)         988M (48%)         994M (49%)         820M (40%)        1008M (49%)         820M (40%)    
[116.143s][info][gc,heap     ] GC(148)      Live:         -               642M (31%)         642M (31%)         642M (31%)            -                  -          
[116.143s][info][gc,heap     ] GC(148) Allocated:         -               104M (5%)          110M (5%)          124M (6%)             -                  -          
[116.143s][info][gc,heap     ] GC(148)   Garbage:         -               241M (12%)         241M (12%)          52M (3%)             -                  -          
[116.143s][info][gc,heap     ] GC(148) Reclaimed:         -                  -                 0M (0%)          188M (9%)             -                  -          
[116.143s][info][gc          ] GC(148) Garbage Collection (Allocation Rate) 884M(43%)->820M(40%)
[116.236s][info][gc,start    ] GC(149) Garbage Collection (Allocation Rate)
[116.236s][info][gc,task     ] GC(149) Using 8 workers
[116.236s][info][gc,phases   ] GC(149) Pause Mark Start 0.014ms
[116.454s][info][gc,phases   ] GC(149) Concurrent Mark 218.355ms
[116.455s][info][gc,phases   ] GC(149) Pause Mark End 0.018ms
[116.456s][info][gc,phases   ] GC(149) Concurrent Mark Free 0.804ms
[116.456s][info][gc,phases   ] GC(149) Concurrent Process Non-Strong References 0.490ms
[116.456s][info][gc,phases   ] GC(149) Concurrent Reset Relocation Set 0.026ms
[116.468s][info][gc,phases   ] GC(149) Concurrent Select Relocation Set 11.908ms
[116.468s][info][gc,phases   ] GC(149) Pause Relocate Start 0.009ms
[116.476s][info][gc,phases   ] GC(149) Concurrent Relocate 7.521ms
[116.476s][info][gc,load     ] GC(149) Load: 0.00/0.00/0.00
[116.476s][info][gc,mmu      ] GC(149) MMU: 2ms/95.2%, 5ms/98.1%, 10ms/99.0%, 20ms/99.5%, 50ms/99.8%, 100ms/99.9%
[116.476s][info][gc,marking  ] GC(149) Mark: 8 stripe(s), 2 proactive flush(es), 1 terminate flush(es), 0 completion(s), 0 continuation(s) 
[116.476s][info][gc,marking  ] GC(149) Mark Stack Usage: 32M
[116.476s][info][gc,nmethod  ] GC(149) NMethods: 821 registered, 443 unregistered
[116.476s][info][gc,metaspace] GC(149) Metaspace: 16M used, 16M committed, 1088M reserved
[116.476s][info][gc,ref      ] GC(149) Soft: 171 encountered, 0 discovered, 0 enqueued
[116.476s][info][gc,ref      ] GC(149) Weak: 976 encountered, 45 discovered, 0 enqueued
[116.476s][info][gc,ref      ] GC(149) Final: 0 encountered, 0 discovered, 0 enqueued
[116.476s][info][gc,ref      ] GC(149) Phantom: 35 encountered, 21 discovered, 0 enqueued
[116.476s][info][gc,reloc    ] GC(149) Small Pages: 437 / 874M, Empty: 20M, Relocated: 11M, In-Place: 0
[116.476s][info][gc,reloc    ] GC(149) Medium Pages: 0 / 0M, Empty: 0M, Relocated: 0M, In-Place: 0
[116.476s][info][gc,reloc    ] GC(149) Large Pages: 2 / 12M, Empty: 6M, Relocated: 0M, In-Place: 0
[116.476s][info][gc,reloc    ] GC(149) Forwarding Usage: 4M
[116.476s][info][gc,heap     ] GC(149) Min Capacity: 8M(0%)
[116.476s][info][gc,heap     ] GC(149) Max Capacity: 2048M(100%)
[116.476s][info][gc,heap     ] GC(149) Soft Max Capacity: 2048M(100%)
[116.476s][info][gc,heap     ] GC(149)                Mark Start          Mark End        Relocate Start      Relocate End           High               Low         
[116.476s][info][gc,heap     ] GC(149)  Capacity:     2048M (100%)       2048M (100%)       2048M (100%)       2048M (100%)       2048M (100%)       2048M (100%)   
[116.476s][info][gc,heap     ] GC(149)      Free:     1162M (57%)        1032M (50%)        1046M (51%)        1220M (60%)        1220M (60%)        1028M (50%)    
[116.476s][info][gc,heap     ] GC(149)      Used:      886M (43%)        1016M (50%)        1002M (49%)         828M (40%)        1020M (50%)         828M (40%)    
[116.476s][info][gc,heap     ] GC(149)      Live:         -               613M (30%)         613M (30%)         613M (30%)            -                  -          
[116.476s][info][gc,heap     ] GC(149) Allocated:         -               130M (6%)          142M (7%)          145M (7%)             -                  -          
[116.477s][info][gc,heap     ] GC(149)   Garbage:         -               272M (13%)         246M (12%)          68M (3%)             -                  -          
[116.477s][info][gc,heap     ] GC(149) Reclaimed:         -                  -                26M (1%)          203M (10%)            -                  -          
[116.477s][info][gc          ] GC(149) Garbage Collection (Allocation Rate) 886M(43%)->828M(40%)
[117.033s][info][gc,start    ] GC(150) Garbage Collection (Allocation Rate)
[117.033s][info][gc,task     ] GC(150) Using 8 workers
[117.033s][info][gc,phases   ] GC(150) Pause Mark Start 0.018ms
[117.173s][info][gc,phases   ] GC(150) Concurrent Mark 140.194ms
[117.173s][info][gc,phases   ] GC(150) Pause Mark End 0.017ms
[117.173s][info][gc,phases   ] GC(150) Concurrent Mark Free 0.001ms
[117.174s][info][gc,phases   ] GC(150) Concurrent Process Non-Strong References 0.455ms
[117.174s][info][gc,phases   ] GC(150) Concurrent Reset Relocation Set 0.019ms
[117.178s][info][gc,phases   ] GC(150) Concurrent Select Relocation Set 3.997ms
[117.178s][info][gc,phases   ] GC(150) Pause Relocate Start 0.003ms
[117.183s][info][gc,phases   ] GC(150) Concurrent Relocate 4.817ms
[117.183s][info][gc,load     ] GC(150) Load: 0.00/0.00/0.00
[117.183s][info][gc,mmu      ] GC(150) MMU: 2ms/95.2%, 5ms/98.1%, 10ms/99.0%, 20ms/99.5%, 50ms/99.8%, 100ms/99.9%
[117.183s][info][gc,marking  ] GC(150) Mark: 8 stripe(s), 2 proactive flush(es), 1 terminate flush(es), 0 completion(s), 0 continuation(s) 
[117.183s][info][gc,marking  ] GC(150) Mark Stack Usage: 32M
[117.183s][info][gc,nmethod  ] GC(150) NMethods: 821 registered, 443 unregistered
[117.183s][info][gc,metaspace] GC(150) Metaspace: 16M used, 16M committed, 1088M reserved
[117.183s][info][gc,ref      ] GC(150) Soft: 171 encountered, 0 discovered, 0 enqueued
[117.183s][info][gc,ref      ] GC(150) Weak: 976 encountered, 33 discovered, 0 enqueued
[117.183s][info][gc,ref      ] GC(150) Final: 0 encountered, 0 discovered, 0 enqueued
[117.183s][info][gc,ref      ] GC(150) Phantom: 35 encountered, 17 discovered, 0 enqueued
[117.183s][info][gc,reloc    ] GC(150) Small Pages: 646 / 1292M, Empty: 56M, Relocated: 8M, In-Place: 0
[117.183s][info][gc,reloc    ] GC(150) Medium Pages: 0 / 0M, Empty: 0M, Relocated: 0M, In-Place: 0
[117.183s][info][gc,reloc    ] GC(150) Large Pages: 1 / 6M, Empty: 0M, Relocated: 0M, In-Place: 0
[117.183s][info][gc,reloc    ] GC(150) Forwarding Usage: 3M
[117.183s][info][gc,heap     ] GC(150) Min Capacity: 8M(0%)
[117.183s][info][gc,heap     ] GC(150) Max Capacity: 2048M(100%)
[117.183s][info][gc,heap     ] GC(150) Soft Max Capacity: 2048M(100%)
[117.183s][info][gc,heap     ] GC(150)                Mark Start          Mark End        Relocate Start      Relocate End           High               Low         
[117.183s][info][gc,heap     ] GC(150)  Capacity:     2048M (100%)       2048M (100%)       2048M (100%)       2048M (100%)       2048M (100%)       2048M (100%)   
[117.183s][info][gc,heap     ] GC(150)      Free:      750M (37%)         642M (31%)         692M (34%)        1310M (64%)        1310M (64%)         638M (31%)    
[117.184s][info][gc,heap     ] GC(150)      Used:     1298M (63%)        1406M (69%)        1356M (66%)         738M (36%)        1410M (69%)         738M (36%)    
[117.184s][info][gc,heap     ] GC(150)      Live:         -               527M (26%)         527M (26%)         527M (26%)            -                  -          
[117.184s][info][gc,heap     ] GC(150) Allocated:         -               108M (5%)          114M (6%)          115M (6%)             -                  -          
[117.184s][info][gc,heap     ] GC(150)   Garbage:         -               770M (38%)         714M (35%)          94M (5%)             -                  -          
[117.184s][info][gc,heap     ] GC(150) Reclaimed:         -                  -                56M (3%)          675M (33%)            -                  -          
[117.184s][info][gc          ] GC(150) Garbage Collection (Allocation Rate) 1298M(63%)->738M(36%)
[118.805s][info][gc,start    ] GC(151) Garbage Collection (System.gc())
[118.806s][info][gc,task     ] GC(151) Using 12 workers
[118.806s][info][gc,phases   ] GC(151) Pause Mark Start 0.017ms
[118.829s][info][gc,phases   ] GC(151) Concurrent Mark 23.172ms
[118.829s][info][gc,phases   ] GC(151) Pause Mark End 0.024ms
[118.829s][info][gc,phases   ] GC(151) Concurrent Mark Free 0.001ms
[118.831s][info][gc,phases   ] GC(151) Concurrent Process Non-Strong References 1.601ms
[118.831s][info][gc,phases   ] GC(151) Concurrent Reset Relocation Set 0.040ms
[118.835s][info][gc,phases   ] GC(151) Concurrent Select Relocation Set 3.967ms
[118.835s][info][gc,phases   ] GC(151) Pause Relocate Start 0.007ms
[118.838s][info][gc,phases   ] GC(151) Concurrent Relocate 2.656ms
[118.838s][info][gc,load     ] GC(151) Load: 0.00/0.00/0.00
[118.838s][info][gc,mmu      ] GC(151) MMU: 2ms/95.2%, 5ms/98.1%, 10ms/99.0%, 20ms/99.5%, 50ms/99.8%, 100ms/99.9%
[118.838s][info][gc,marking  ] GC(151) Mark: 8 stripe(s), 1 proactive flush(es), 1 terminate flush(es), 0 completion(s), 0 continuation(s) 
[118.838s][info][gc,marking  ] GC(151) Mark Stack Usage: 32M
[118.838s][info][gc,nmethod  ] GC(151) NMethods: 598 registered, 667 unregistered
[118.838s][info][gc,metaspace] GC(151) Metaspace: 16M used, 16M committed, 1088M reserved
[118.838s][info][gc,ref      ] GC(151) Soft: 171 encountered, 0 discovered, 0 enqueued
[118.838s][info][gc,ref      ] GC(151) Weak: 979 encountered, 513 discovered, 3 enqueued
[118.838s][info][gc,ref      ] GC(151) Final: 0 encountered, 0 discovered, 0 enqueued
[118.838s][info][gc,ref      ] GC(151) Phantom: 35 encountered, 21 discovered, 0 enqueued
[118.838s][info][gc,reloc    ] GC(151) Small Pages: 421 / 842M, Empty: 766M, Relocated: 8M, In-Place: 0
[118.838s][info][gc,reloc    ] GC(151) Medium Pages: 0 / 0M, Empty: 0M, Relocated: 0M, In-Place: 0
[118.838s][info][gc,reloc    ] GC(151) Large Pages: 1 / 6M, Empty: 6M, Relocated: 0M, In-Place: 0
[118.838s][info][gc,reloc    ] GC(151) Forwarding Usage: 1M
[118.838s][info][gc,heap     ] GC(151) Min Capacity: 8M(0%)
[118.838s][info][gc,heap     ] GC(151) Max Capacity: 2048M(100%)
[118.838s][info][gc,heap     ] GC(151) Soft Max Capacity: 2048M(100%)
[118.838s][info][gc,heap     ] GC(151)                Mark Start          Mark End        Relocate Start      Relocate End           High               Low         
[118.838s][info][gc,heap     ] GC(151)  Capacity:     2048M (100%)       2048M (100%)       2048M (100%)       2048M (100%)       2048M (100%)       2048M (100%)   
[118.838s][info][gc,heap     ] GC(151)      Free:     1200M (59%)        1200M (59%)        1972M (96%)        2002M (98%)        2002M (98%)        1200M (59%)    
[118.838s][info][gc,heap     ] GC(151)      Used:      848M (41%)         848M (41%)          76M (4%)           46M (2%)          848M (41%)          46M (2%)     
[118.838s][info][gc,heap     ] GC(151)      Live:         -                27M (1%)           27M (1%)           27M (1%)             -                  -          
[118.838s][info][gc,heap     ] GC(151) Allocated:         -                 0M (0%)            0M (0%)            0M (0%)             -                  -          
[118.838s][info][gc,heap     ] GC(151)   Garbage:         -               820M (40%)          48M (2%)           18M (1%)             -                  -          
[118.839s][info][gc,heap     ] GC(151) Reclaimed:         -                  -               772M (38%)         802M (39%)            -                  -          
[118.839s][info][gc          ] GC(151) Garbage Collection (System.gc()) 848M(41%)->46M(2%)
[120.143s][info][gc,stats    ] === Garbage Collection Statistics =======================================================================================================================
[120.154s][info][gc,stats    ]                                                              Last 10s              Last 10m              Last 10h                Total
[120.154s][info][gc,stats    ]                                                              Avg / Max             Avg / Max             Avg / Max             Avg / Max
[120.154s][info][gc,stats    ]   Collector: Garbage Collection Cycle                    209.716 / 401.365     158.720 / 411.964     158.720 / 411.964     158.720 / 411.964     ms
[120.155s][info][gc,stats    ]  Contention: Mark Segment Reset Contention                     3 / 10                5 / 54                5 / 54                5 / 54          ops/s
[120.155s][info][gc,stats    ]  Contention: Mark SeqNum Reset Contention                      0 / 3                 0 / 9                 0 / 9                 0 / 9           ops/s
[120.155s][info][gc,stats    ]    Critical: Allocation Stall                                  0 / 0                 4 / 173               4 / 173               4 / 173         ops/s
[120.155s][info][gc,stats    ]    Critical: Allocation Stall                              0.000 / 0.000        10.162 / 32.476       10.162 / 32.476       10.162 / 32.476      ms
[120.155s][info][gc,stats    ]    Critical: GC Locker Stall                                   0 / 0                 0 / 0                 0 / 0                 0 / 0           ops/s
[120.155s][info][gc,stats    ]    Critical: GC Locker Stall                               0.000 / 0.000         0.000 / 0.000         0.000 / 0.000         0.000 / 0.000       ms
[120.155s][info][gc,stats    ]    Critical: Relocation Stall                                  0 / 0                 0 / 0                 0 / 0                 0 / 0           ops/s
[120.155s][info][gc,stats    ]    Critical: Relocation Stall                              0.000 / 0.000         0.000 / 0.000         0.000 / 0.000         0.000 / 0.000       ms
[120.155s][info][gc,stats    ]      Memory: Allocation Rate                                 283 / 1282            661 / 5930            661 / 5930            661 / 5930        MB/s
[120.155s][info][gc,stats    ]      Memory: Defragment                                        0 / 0                 2 / 80                2 / 80                2 / 80          ops/s
[120.155s][info][gc,stats    ]      Memory: Out Of Memory                                     0 / 0                 0 / 0                 0 / 0                 0 / 0           ops/s
[120.155s][info][gc,stats    ]      Memory: Page Cache Flush                                  0 / 0                 9 / 160               9 / 160               9 / 160         MB/s
[120.155s][info][gc,stats    ]      Memory: Page Cache Hit L1                               175 / 831             362 / 2940            362 / 2940            362 / 2940        ops/s
[120.155s][info][gc,stats    ]      Memory: Page Cache Hit L2                                 0 / 0                 0 / 0                 0 / 0                 0 / 0           ops/s
[120.155s][info][gc,stats    ]      Memory: Page Cache Hit L3                                 0 / 2                10 / 438              10 / 438              10 / 438         ops/s
[120.155s][info][gc,stats    ]      Memory: Page Cache Miss                                   0 / 0                 0 / 4                 0 / 4                 0 / 4           ops/s
[120.155s][info][gc,stats    ]      Memory: Uncommit                                          0 / 0                 0 / 0                 0 / 0                 0 / 0           MB/s
[120.155s][info][gc,stats    ]      Memory: Undo Object Allocation Failed                     0 / 0                16 / 297              16 / 297              16 / 297         ops/s
[120.155s][info][gc,stats    ]      Memory: Undo Object Allocation Succeeded                  0 / 2                 4 / 147               4 / 147               4 / 147         ops/s
[120.155s][info][gc,stats    ]      Memory: Undo Page Allocation                              0 / 6                49 / 761              49 / 761              49 / 761         ops/s
[120.155s][info][gc,stats    ]       Phase: Concurrent Mark                             167.458 / 354.211     104.437 / 354.211     104.437 / 354.211     104.437 / 354.211     ms
[120.155s][info][gc,stats    ]       Phase: Concurrent Mark Continue                      0.000 / 0.000         0.000 / 0.000         0.000 / 0.000         0.000 / 0.000       ms
[120.155s][info][gc,stats    ]       Phase: Concurrent Mark Free                          0.116 / 0.804         0.006 / 0.804         0.006 / 0.804         0.006 / 0.804       ms
[120.155s][info][gc,stats    ]       Phase: Concurrent Process Non-Strong References      0.604 / 1.601         1.513 / 27.626        1.513 / 27.626        1.513 / 27.626      ms
[120.155s][info][gc,stats    ]       Phase: Concurrent Relocate                          23.657 / 54.041       17.175 / 87.199       17.175 / 87.199       17.175 / 87.199      ms
[120.155s][info][gc,stats    ]       Phase: Concurrent Reset Relocation Set               0.030 / 0.070         0.020 / 0.096         0.020 / 0.096         0.020 / 0.096       ms
[120.155s][info][gc,stats    ]       Phase: Concurrent Select Relocation Set             16.911 / 40.373       15.903 / 67.766       15.903 / 67.766       15.903 / 67.766      ms
[120.155s][info][gc,stats    ]       Phase: Pause Mark End                                0.018 / 0.024         0.019 / 0.060         0.019 / 0.060         0.019 / 0.060       ms
[120.155s][info][gc,stats    ]       Phase: Pause Mark Start                              0.016 / 0.018         0.015 / 0.095         0.015 / 0.095         0.015 / 0.095       ms
[120.156s][info][gc,stats    ]       Phase: Pause Relocate Start                          0.008 / 0.014         0.008 / 0.017         0.008 / 0.017         0.008 / 0.017       ms
[120.156s][info][gc,stats    ]    Subphase: Concurrent Classes Purge                      0.149 / 1.015         0.108 / 3.083         0.108 / 3.083         0.108 / 3.083       ms
[120.156s][info][gc,stats    ]    Subphase: Concurrent Classes Unlink                     0.212 / 0.289         0.643 / 24.520        0.643 / 24.520        0.643 / 24.520      ms
[120.156s][info][gc,stats    ]    Subphase: Concurrent Mark                             151.098 / 352.904     100.440 / 352.904     100.440 / 352.904     100.440 / 352.904     ms
[120.156s][info][gc,stats    ]    Subphase: Concurrent Mark Try Flush                     0.059 / 0.125         2.767 / 78.108        2.767 / 78.108        2.767 / 78.108      ms
[120.156s][info][gc,stats    ]    Subphase: Concurrent Mark Try Terminate                 6.751 / 15.344       10.357 / 31.185       10.357 / 31.185       10.357 / 31.185      ms
[120.156s][info][gc,stats    ]    Subphase: Concurrent References Enqueue                 0.001 / 0.003         0.001 / 0.005         0.001 / 0.005         0.001 / 0.005       ms
[120.156s][info][gc,stats    ]    Subphase: Concurrent References Process                 0.039 / 0.082         0.054 / 0.600         0.054 / 0.600         0.054 / 0.600       ms
[120.156s][info][gc,stats    ]    Subphase: Concurrent Roots ClassLoaderDataGraph         0.038 / 0.339         0.044 / 1.098         0.044 / 1.098         0.044 / 1.098       ms
[120.156s][info][gc,stats    ]    Subphase: Concurrent Roots CodeCache                    0.000 / 0.000         0.000 / 0.000         0.000 / 0.000         0.000 / 0.000       ms
[120.156s][info][gc,stats    ]    Subphase: Concurrent Roots JavaThreads                  0.780 / 1.302         0.876 / 17.879        0.876 / 17.879        0.876 / 17.879      ms
[120.156s][info][gc,stats    ]    Subphase: Concurrent Roots OopStorageSet                0.013 / 0.033         0.017 / 0.569         0.017 / 0.569         0.017 / 0.569       ms
[120.156s][info][gc,stats    ]    Subphase: Concurrent Weak Roots OopStorageSet           0.125 / 0.165         0.108 / 0.330         0.108 / 0.330         0.108 / 0.330       ms
[120.156s][info][gc,stats    ]    Subphase: Pause Mark Try Complete                       0.000 / 0.000         0.003 / 0.024         0.003 / 0.024         0.003 / 0.024       ms
[120.156s][info][gc,stats    ]      System: Java Threads                                     62 / 62               64 / 75               64 / 75               64 / 75          threads
[120.156s][info][gc,stats    ] =========================================================================================================================================================
[120.643s][info][gc,start    ] GC(152) Garbage Collection (Allocation Rate)
[120.643s][info][gc,task     ] GC(152) Using 12 workers
[120.643s][info][gc,phases   ] GC(152) Pause Mark Start 0.009ms
[120.791s][info][gc          ] Allocation Stall (reactors-io-scheduler-ForkJoinPool-1-worker-10) 3.411ms
[120.791s][info][gc          ] Allocation Stall (reactors-io-scheduler-ForkJoinPool-1-worker-24) 3.032ms
[120.791s][info][gc          ] Allocation Stall (reactors-io-scheduler-ForkJoinPool-1-worker-7) 2.906ms
[120.791s][info][gc          ] Allocation Stall (reactors-io-scheduler-ForkJoinPool-1-worker-8) 2.782ms
[120.791s][info][gc          ] Allocation Stall (reactors-io-scheduler-ForkJoinPool-1-worker-5) 2.515ms
[120.791s][info][gc          ] Allocation Stall (reactors-io-scheduler-ForkJoinPool-1-worker-41) 2.562ms
[120.791s][info][gc          ] Allocation Stall (reactors-io-scheduler-ForkJoinPool-1-worker-12) 2.608ms
[120.791s][info][gc          ] Allocation Stall (reactors-io-scheduler-ForkJoinPool-1-worker-18) 2.495ms
[120.791s][info][gc          ] Allocation Stall (reactors-io-scheduler-ForkJoinPool-1-worker-31) 2.471ms
[120.791s][info][gc          ] Allocation Stall (reactors-io-scheduler-ForkJoinPool-1-worker-19) 2.366ms
[120.791s][info][gc          ] Allocation Stall (reactors-io-scheduler-ForkJoinPool-1-worker-27) 2.343ms
[120.791s][info][gc          ] Allocation Stall (reactors-io-scheduler-ForkJoinPool-1-worker-25) 2.290ms
[120.797s][info][gc          ] Allocation Stall (reactors-io-scheduler-ForkJoinPool-1-worker-44) 7.608ms
[120.797s][info][gc          ] Allocation Stall (reactors-io-scheduler-ForkJoinPool-1-worker-40) 7.497ms
[120.797s][info][gc          ] Allocation Stall (reactors-io-scheduler-ForkJoinPool-1-worker-11) 7.526ms
[120.797s][info][gc          ] Allocation Stall (reactors-io-scheduler-ForkJoinPool-1-worker-29) 7.560ms
[120.797s][info][gc          ] Allocation Stall (reactors-io-scheduler-ForkJoinPool-1-worker-42) 7.293ms
[120.797s][info][gc          ] Allocation Stall (reactors-io-scheduler-ForkJoinPool-1-worker-36) 7.308ms
[120.797s][info][gc          ] Allocation Stall (reactors-io-scheduler-ForkJoinPool-1-worker-9) 7.292ms
[120.797s][info][gc          ] Allocation Stall (reactors-io-scheduler-ForkJoinPool-1-worker-3) 7.106ms
[120.797s][info][gc          ] Allocation Stall (reactors-io-scheduler-ForkJoinPool-1-worker-34) 6.983ms
[120.797s][info][gc          ] Allocation Stall (reactors-io-scheduler-ForkJoinPool-1-worker-20) 6.994ms
[120.797s][info][gc          ] Allocation Stall (reactors-io-scheduler-ForkJoinPool-1-worker-14) 7.016ms
[120.797s][info][gc          ] Allocation Stall (reactors-io-scheduler-ForkJoinPool-1-worker-13) 6.690ms
[120.797s][info][gc          ] Allocation Stall (reactors-io-scheduler-ForkJoinPool-1-worker-43) 6.747ms
[120.797s][info][gc          ] Allocation Stall (reactors-io-scheduler-ForkJoinPool-1-worker-1) 2.572ms
[120.797s][info][gc          ] Allocation Stall (reactors-io-scheduler-ForkJoinPool-1-worker-33) 2.473ms
[120.797s][info][gc          ] Allocation Stall (reactors-io-scheduler-ForkJoinPool-1-worker-28) 2.468ms
[120.797s][info][gc          ] Allocation Stall (reactors-io-scheduler-ForkJoinPool-1-worker-35) 2.503ms
[120.797s][info][gc          ] Allocation Stall (reactors-io-scheduler-ForkJoinPool-1-worker-23) 1.881ms
[120.799s][info][gc,phases   ] GC(152) Concurrent Mark 113.070ms
[120.799s][info][gc,phases   ] GC(152) Pause Mark End 0.018ms
[120.799s][info][gc,phases   ] GC(152) Concurrent Mark Free 0.001ms
[120.800s][info][gc,phases   ] GC(152) Concurrent Process Non-Strong References 1.001ms
[120.800s][info][gc,phases   ] GC(152) Concurrent Reset Relocation Set 0.003ms
[120.800s][info][gc          ] Allocation Stall (reactors-io-scheduler-ForkJoinPool-1-worker-30) 4.692ms
[120.800s][info][gc          ] Allocation Stall (reactors-io-scheduler-ForkJoinPool-1-worker-45) 4.500ms
[120.800s][info][gc          ] Allocation Stall (reactors-io-scheduler-ForkJoinPool-1-worker-15) 4.210ms
[120.800s][info][gc          ] Allocation Stall (reactors-io-scheduler-ForkJoinPool-1-worker-37) 4.254ms
[120.800s][info][gc          ] Allocation Stall (reactors-io-scheduler-ForkJoinPool-1-worker-4) 4.190ms
[120.800s][info][gc          ] Allocation Stall (reactors-io-scheduler-ForkJoinPool-1-worker-10) 4.076ms
[120.800s][info][gc          ] Allocation Stall (reactors-io-scheduler-ForkJoinPool-1-worker-39) 4.391ms
[120.800s][info][gc          ] Allocation Stall (reactors-io-scheduler-ForkJoinPool-1-worker-5) 3.174ms
[120.800s][info][gc          ] Allocation Stall (reactors-io-scheduler-ForkJoinPool-1-worker-27) 3.382ms
[120.810s][info][gc,phases   ] GC(152) Concurrent Select Relocation Set 10.051ms
[120.812s][info][gc,phases   ] GC(152) Pause Relocate Start 0.007ms
[120.901s][info][gc,phases   ] GC(152) Concurrent Relocate 4.615ms
[120.901s][info][gc,load     ] GC(152) Load: 0.00/0.00/0.00
[120.901s][info][gc,mmu      ] GC(152) MMU: 2ms/95.2%, 5ms/98.1%, 10ms/99.0%, 20ms/99.5%, 50ms/99.8%, 100ms/99.9%
[120.901s][info][gc,marking  ] GC(152) Mark: 8 stripe(s), 3 proactive flush(es), 1 terminate flush(es), 0 completion(s), 0 continuation(s) 
[120.901s][info][gc,marking  ] GC(152) Mark Stack Usage: 32M
[120.901s][info][gc,nmethod  ] GC(152) NMethods: 601 registered, 1 unregistered
[120.901s][info][gc,metaspace] GC(152) Metaspace: 16M used, 16M committed, 1088M reserved
[120.901s][info][gc,ref      ] GC(152) Soft: 171 encountered, 0 discovered, 0 enqueued
[120.901s][info][gc,ref      ] GC(152) Weak: 985 encountered, 91 discovered, 3 enqueued
[120.901s][info][gc,ref      ] GC(152) Final: 0 encountered, 0 discovered, 0 enqueued
[120.901s][info][gc,ref      ] GC(152) Phantom: 35 encountered, 29 discovered, 0 enqueued
[120.901s][info][gc,reloc    ] GC(152) Small Pages: 751 / 1502M, Empty: 1136M, Relocated: 10M, In-Place: 0
[120.901s][info][gc,reloc    ] GC(152) Medium Pages: 0 / 0M, Empty: 0M, Relocated: 0M, In-Place: 0
[120.901s][info][gc,reloc    ] GC(152) Large Pages: 0 / 0M, Empty: 0M, Relocated: 0M, In-Place: 0
[120.901s][info][gc,reloc    ] GC(152) Forwarding Usage: 2M
[120.901s][info][gc,heap     ] GC(152) Min Capacity: 8M(0%)
[120.901s][info][gc,heap     ] GC(152) Max Capacity: 2048M(100%)
[120.901s][info][gc,heap     ] GC(152) Soft Max Capacity: 2048M(100%)
[120.901s][info][gc,heap     ] GC(152)                Mark Start          Mark End        Relocate Start      Relocate End           High               Low         
[120.901s][info][gc,heap     ] GC(152)  Capacity:     2048M (100%)       2048M (100%)       2048M (100%)       2048M (100%)       2048M (100%)       2048M (100%)   
[120.901s][info][gc,heap     ] GC(152)      Free:      546M (27%)           0M (0%)         1042M (51%)         962M (47%)        1118M (55%)           0M (0%)     
[120.901s][info][gc,heap     ] GC(152)      Used:     1502M (73%)        2048M (100%)       1006M (49%)        1086M (53%)        2048M (100%)        930M (45%)    
[120.901s][info][gc,heap     ] GC(152)      Live:         -                30M (1%)           30M (1%)           30M (1%)             -                  -          
[120.901s][info][gc,heap     ] GC(152) Allocated:         -               546M (27%)         640M (31%)        1039M (51%)            -                  -          
[120.902s][info][gc,heap     ] GC(152)   Garbage:         -              1471M (72%)         335M (16%)          16M (1%)             -                  -          
[120.902s][info][gc,heap     ] GC(152) Reclaimed:         -                  -              1136M (55%)        1455M (71%)            -                  -          
[120.902s][info][gc          ] GC(152) Garbage Collection (Allocation Rate) 1502M(73%)->1086M(53%)
[120.939s][info][gc,start    ] GC(153) Garbage Collection (Allocation Stall)
[120.940s][info][gc,ref      ] GC(153) Clearing All SoftReferences
[120.940s][info][gc,task     ] GC(153) Using 12 workers
[120.940s][info][gc,ref      ] GC(153) Clearing All SoftReferences
[120.940s][info][gc,phases   ] GC(153) Pause Mark Start 0.027ms
[121.080s][info][gc,phases   ] GC(153) Concurrent Mark 81.658ms
[121.080s][info][gc,phases   ] GC(153) Pause Mark End 0.022ms
[121.096s][info][gc,phases   ] GC(153) Concurrent Mark Free 0.003ms
[121.097s][info][gc,phases   ] GC(153) Concurrent Process Non-Strong References 1.325ms
[121.097s][info][gc,phases   ] GC(153) Concurrent Reset Relocation Set 0.053ms
[121.108s][info][gc,phases   ] GC(153) Concurrent Select Relocation Set 10.854ms
[121.108s][info][gc,phases   ] GC(153) Pause Relocate Start 0.008ms
[121.222s][info][gc,phases   ] GC(153) Concurrent Relocate 4.724ms
[121.223s][info][gc,load     ] GC(153) Load: 0.00/0.00/0.00
[121.223s][info][gc,mmu      ] GC(153) MMU: 2ms/95.2%, 5ms/98.1%, 10ms/99.0%, 20ms/99.5%, 50ms/99.8%, 100ms/99.9%
[121.223s][info][gc,marking  ] GC(153) Mark: 8 stripe(s), 3 proactive flush(es), 1 terminate flush(es), 0 completion(s), 0 continuation(s) 
[121.223s][info][gc,marking  ] GC(153) Mark Stack Usage: 32M
[121.223s][info][gc,nmethod  ] GC(153) NMethods: 601 registered, 1 unregistered
[121.223s][info][gc,metaspace] GC(153) Metaspace: 16M used, 16M committed, 1088M reserved
[121.223s][info][gc,ref      ] GC(153) Soft: 171 encountered, 73 discovered, 0 enqueued
[121.223s][info][gc,ref      ] GC(153) Weak: 982 encountered, 152 discovered, 0 enqueued
[121.223s][info][gc,ref      ] GC(153) Final: 0 encountered, 0 discovered, 0 enqueued
[121.223s][info][gc,ref      ] GC(153) Phantom: 35 encountered, 20 discovered, 0 enqueued
[121.223s][info][gc,reloc    ] GC(153) Small Pages: 631 / 1262M, Empty: 864M, Relocated: 10M, In-Place: 0
[121.223s][info][gc,reloc    ] GC(153) Medium Pages: 0 / 0M, Empty: 0M, Relocated: 0M, In-Place: 0
[121.223s][info][gc,reloc    ] GC(153) Large Pages: 0 / 0M, Empty: 0M, Relocated: 0M, In-Place: 0
[121.223s][info][gc,reloc    ] GC(153) Forwarding Usage: 2M
[121.223s][info][gc,heap     ] GC(153) Min Capacity: 8M(0%)
[121.223s][info][gc,heap     ] GC(153) Max Capacity: 2048M(100%)
[121.223s][info][gc,heap     ] GC(153) Soft Max Capacity: 2048M(100%)
[121.223s][info][gc,heap     ] GC(153)                Mark Start          Mark End        Relocate Start      Relocate End           High               Low         
[121.223s][info][gc,heap     ] GC(153)  Capacity:     2048M (100%)       2048M (100%)       2048M (100%)       2048M (100%)       2048M (100%)       2048M (100%)   
[121.223s][info][gc,heap     ] GC(153)      Free:      786M (38%)         142M (7%)          882M (43%)         700M (34%)         900M (44%)          66M (3%)     
[121.223s][info][gc,heap     ] GC(153)      Used:     1262M (62%)        1906M (93%)        1166M (57%)        1348M (66%)        1982M (97%)        1148M (56%)    
[121.223s][info][gc,heap     ] GC(153)      Live:         -                29M (1%)           29M (1%)           29M (1%)             -                  -          
[121.223s][info][gc,heap     ] GC(153) Allocated:         -               644M (31%)         768M (38%)        1301M (64%)            -                  -          
[121.223s][info][gc,heap     ] GC(153)   Garbage:         -              1232M (60%)         368M (18%)          16M (1%)             -                  -          
[121.223s][info][gc,heap     ] GC(153) Reclaimed:         -                  -               864M (42%)        1215M (59%)            -                  -          
[121.223s][info][gc          ] GC(153) Garbage Collection (Allocation Stall) 1262M(62%)->1348M(66%)
[121.233s][info][gc,start    ] GC(154) Garbage Collection (Allocation Rate)
[121.233s][info][gc,task     ] GC(154) Using 12 workers
[121.234s][info][gc,phases   ] GC(154) Pause Mark Start 0.010ms
[121.358s][info][gc,phases   ] GC(154) Concurrent Mark 62.482ms
[121.359s][info][gc,phases   ] GC(154) Pause Mark End 0.021ms
[121.360s][info][gc,phases   ] GC(154) Concurrent Mark Free 0.001ms
[121.361s][info][gc,phases   ] GC(154) Concurrent Process Non-Strong References 0.403ms
[121.361s][info][gc,phases   ] GC(154) Concurrent Reset Relocation Set 0.024ms
[121.364s][info][gc,phases   ] GC(154) Concurrent Select Relocation Set 3.001ms
[121.364s][info][gc,phases   ] GC(154) Pause Relocate Start 0.006ms
[121.365s][info][gc,phases   ] GC(154) Concurrent Relocate 1.423ms
[121.365s][info][gc,load     ] GC(154) Load: 0.00/0.00/0.00
[121.365s][info][gc,mmu      ] GC(154) MMU: 2ms/95.2%, 5ms/98.1%, 10ms/99.0%, 20ms/99.5%, 50ms/99.8%, 100ms/99.9%
[121.365s][info][gc,marking  ] GC(154) Mark: 8 stripe(s), 2 proactive flush(es), 1 terminate flush(es), 0 completion(s), 0 continuation(s) 
[121.365s][info][gc,marking  ] GC(154) Mark Stack Usage: 32M
[121.365s][info][gc,nmethod  ] GC(154) NMethods: 601 registered, 1 unregistered
[121.365s][info][gc,metaspace] GC(154) Metaspace: 16M used, 16M committed, 1088M reserved
[121.365s][info][gc,ref      ] GC(154) Soft: 171 encountered, 0 discovered, 0 enqueued
[121.365s][info][gc,ref      ] GC(154) Weak: 982 encountered, 186 discovered, 0 enqueued
[121.365s][info][gc,ref      ] GC(154) Final: 0 encountered, 0 discovered, 0 enqueued
[121.365s][info][gc,ref      ] GC(154) Phantom: 35 encountered, 17 discovered, 0 enqueued
[121.365s][info][gc,reloc    ] GC(154) Small Pages: 700 / 1400M, Empty: 1006M, Relocated: 8M, In-Place: 0
[121.365s][info][gc,reloc    ] GC(154) Medium Pages: 0 / 0M, Empty: 0M, Relocated: 0M, In-Place: 0
[121.365s][info][gc,reloc    ] GC(154) Large Pages: 0 / 0M, Empty: 0M, Relocated: 0M, In-Place: 0
[121.365s][info][gc,reloc    ] GC(154) Forwarding Usage: 2M
[121.365s][info][gc,heap     ] GC(154) Min Capacity: 8M(0%)
[121.365s][info][gc,heap     ] GC(154) Max Capacity: 2048M(100%)
[121.365s][info][gc,heap     ] GC(154) Soft Max Capacity: 2048M(100%)
[121.365s][info][gc,heap     ] GC(154)                Mark Start          Mark End        Relocate Start      Relocate End           High               Low         
[121.365s][info][gc,heap     ] GC(154)  Capacity:     2048M (100%)       2048M (100%)       2048M (100%)       2048M (100%)       2048M (100%)       2048M (100%)   
[121.365s][info][gc,heap     ] GC(154)      Free:      648M (32%)          78M (4%)         1044M (51%)        1390M (68%)        1390M (68%)          38M (2%)     
[121.365s][info][gc,heap     ] GC(154)      Used:     1400M (68%)        1970M (96%)        1004M (49%)         658M (32%)        2010M (98%)         658M (32%)    
[121.365s][info][gc,heap     ] GC(154)      Live:         -                29M (1%)           29M (1%)           29M (1%)             -                  -          
[121.365s][info][gc,heap     ] GC(154) Allocated:         -               570M (28%)         610M (30%)         609M (30%)            -                  -          
[121.366s][info][gc,heap     ] GC(154)   Garbage:         -              1370M (67%)         364M (18%)          18M (1%)             -                  -          
[121.366s][info][gc,heap     ] GC(154) Reclaimed:         -                  -              1006M (49%)        1351M (66%)            -                  -          
[121.366s][info][gc          ] GC(154) Garbage Collection (Allocation Rate) 1400M(68%)->658M(32%)
[121.436s][info][gc,start    ] GC(155) Garbage Collection (Allocation Rate)
[121.437s][info][gc,task     ] GC(155) Using 12 workers
[121.437s][info][gc,phases   ] GC(155) Pause Mark Start 0.016ms
[121.483s][info][gc,phases   ] GC(155) Concurrent Mark 46.370ms
[121.483s][info][gc,phases   ] GC(155) Pause Mark End 0.019ms
[121.483s][info][gc,phases   ] GC(155) Concurrent Mark Free 0.001ms
[121.484s][info][gc,phases   ] GC(155) Concurrent Process Non-Strong References 0.369ms
[121.484s][info][gc,phases   ] GC(155) Concurrent Reset Relocation Set 0.024ms
[121.492s][info][gc,phases   ] GC(155) Concurrent Select Relocation Set 8.002ms
[121.492s][info][gc,phases   ] GC(155) Pause Relocate Start 0.008ms
[121.504s][info][gc,phases   ] GC(155) Concurrent Relocate 11.452ms
[121.504s][info][gc,load     ] GC(155) Load: 0.00/0.00/0.00
[121.504s][info][gc,mmu      ] GC(155) MMU: 2ms/95.2%, 5ms/98.1%, 10ms/99.0%, 20ms/99.5%, 50ms/99.8%, 100ms/99.9%
[121.504s][info][gc,marking  ] GC(155) Mark: 8 stripe(s), 2 proactive flush(es), 1 terminate flush(es), 0 completion(s), 0 continuation(s) 
[121.504s][info][gc,marking  ] GC(155) Mark Stack Usage: 32M
[121.504s][info][gc,nmethod  ] GC(155) NMethods: 601 registered, 1 unregistered
[121.504s][info][gc,metaspace] GC(155) Metaspace: 16M used, 16M committed, 1088M reserved
[121.504s][info][gc,ref      ] GC(155) Soft: 171 encountered, 0 discovered, 0 enqueued
[121.504s][info][gc,ref      ] GC(155) Weak: 982 encountered, 90 discovered, 0 enqueued
[121.504s][info][gc,ref      ] GC(155) Final: 0 encountered, 0 discovered, 0 enqueued
[121.504s][info][gc,ref      ] GC(155) Phantom: 35 encountered, 12 discovered, 0 enqueued
[121.504s][info][gc,reloc    ] GC(155) Small Pages: 367 / 734M, Empty: 566M, Relocated: 36M, In-Place: 0
[121.504s][info][gc,reloc    ] GC(155) Medium Pages: 1 / 32M, Empty: 0M, Relocated: 0M, In-Place: 0
[121.504s][info][gc,reloc    ] GC(155) Large Pages: 0 / 0M, Empty: 0M, Relocated: 0M, In-Place: 0
[121.504s][info][gc,reloc    ] GC(155) Forwarding Usage: 14M
[121.504s][info][gc,heap     ] GC(155) Min Capacity: 8M(0%)
[121.504s][info][gc,heap     ] GC(155) Max Capacity: 2048M(100%)
[121.504s][info][gc,heap     ] GC(155) Soft Max Capacity: 2048M(100%)
[121.504s][info][gc,heap     ] GC(155)                Mark Start          Mark End        Relocate Start      Relocate End           High               Low         
[121.504s][info][gc,heap     ] GC(155)  Capacity:     2048M (100%)       2048M (100%)       2048M (100%)       2048M (100%)       2048M (100%)       2048M (100%)   
[121.504s][info][gc,heap     ] GC(155)      Free:     1282M (63%)        1226M (60%)        1780M (87%)        1808M (88%)        1808M (88%)        1226M (60%)    
[121.504s][info][gc,heap     ] GC(155)      Used:      766M (37%)         822M (40%)         268M (13%)         240M (12%)         822M (40%)         240M (12%)    
[121.504s][info][gc,heap     ] GC(155)      Live:         -               100M (5%)          100M (5%)          100M (5%)             -                  -          
[121.504s][info][gc,heap     ] GC(155) Allocated:         -                56M (3%)           68M (3%)           77M (4%)             -                  -          
[121.504s][info][gc,heap     ] GC(155)   Garbage:         -               665M (33%)          99M (5%)           61M (3%)             -                  -          
[121.504s][info][gc,heap     ] GC(155) Reclaimed:         -                  -               566M (28%)         603M (29%)            -                  -          
[121.504s][info][gc          ] GC(155) Garbage Collection (Allocation Rate) 766M(37%)->240M(12%)
[121.530s][info][gc,start    ] GC(156) Garbage Collection (Allocation Rate)
[121.546s][info][gc,task     ] GC(156) Using 12 workers
[121.546s][info][gc,phases   ] GC(156) Pause Mark Start 0.017ms
[121.608s][info][gc,phases   ] GC(156) Concurrent Mark 61.799ms
[121.608s][info][gc,phases   ] GC(156) Pause Mark End 0.014ms
[121.608s][info][gc,phases   ] GC(156) Concurrent Mark Free 0.001ms
[121.609s][info][gc,phases   ] GC(156) Concurrent Process Non-Strong References 0.336ms
[121.609s][info][gc,phases   ] GC(156) Concurrent Reset Relocation Set 0.005ms
[121.623s][info][gc,phases   ] GC(156) Concurrent Select Relocation Set 14.588ms
[121.623s][info][gc,phases   ] GC(156) Pause Relocate Start 0.009ms
[121.638s][info][gc,phases   ] GC(156) Concurrent Relocate 14.151ms
[121.638s][info][gc,load     ] GC(156) Load: 0.00/0.00/0.00
[121.638s][info][gc,mmu      ] GC(156) MMU: 2ms/95.2%, 5ms/98.1%, 10ms/99.0%, 20ms/99.5%, 50ms/99.8%, 100ms/99.9%
[121.638s][info][gc,marking  ] GC(156) Mark: 8 stripe(s), 2 proactive flush(es), 1 terminate flush(es), 0 completion(s), 0 continuation(s) 
[121.638s][info][gc,marking  ] GC(156) Mark Stack Usage: 32M
[121.638s][info][gc,nmethod  ] GC(156) NMethods: 601 registered, 1 unregistered
[121.638s][info][gc,metaspace] GC(156) Metaspace: 16M used, 16M committed, 1088M reserved
[121.638s][info][gc,ref      ] GC(156) Soft: 171 encountered, 0 discovered, 0 enqueued
[121.638s][info][gc,ref      ] GC(156) Weak: 982 encountered, 202 discovered, 0 enqueued
[121.638s][info][gc,ref      ] GC(156) Final: 0 encountered, 0 discovered, 0 enqueued
[121.638s][info][gc,ref      ] GC(156) Phantom: 35 encountered, 16 discovered, 0 enqueued
[121.638s][info][gc,reloc    ] GC(156) Small Pages: 131 / 262M, Empty: 0M, Relocated: 47M, In-Place: 0
[121.638s][info][gc,reloc    ] GC(156) Medium Pages: 1 / 32M, Empty: 0M, Relocated: 0M, In-Place: 0
[121.638s][info][gc,reloc    ] GC(156) Large Pages: 0 / 0M, Empty: 0M, Relocated: 0M, In-Place: 0
[121.638s][info][gc,reloc    ] GC(156) Forwarding Usage: 20M
[121.638s][info][gc,heap     ] GC(156) Min Capacity: 8M(0%)
[121.638s][info][gc,heap     ] GC(156) Max Capacity: 2048M(100%)
[121.638s][info][gc,heap     ] GC(156) Soft Max Capacity: 2048M(100%)
[121.638s][info][gc,heap     ] GC(156)                Mark Start          Mark End        Relocate Start      Relocate End           High               Low         
[121.638s][info][gc,heap     ] GC(156)  Capacity:     2048M (100%)       2048M (100%)       2048M (100%)       2048M (100%)       2048M (100%)       2048M (100%)   
[121.638s][info][gc,heap     ] GC(156)      Free:     1754M (86%)        1708M (83%)        1690M (83%)        1708M (83%)        1754M (86%)        1664M (81%)    
[121.638s][info][gc,heap     ] GC(156)      Used:      294M (14%)         340M (17%)         358M (17%)         340M (17%)         384M (19%)         294M (14%)    
[121.638s][info][gc,heap     ] GC(156)      Live:         -               180M (9%)          180M (9%)          180M (9%)             -                  -          
[121.638s][info][gc,heap     ] GC(156) Allocated:         -                46M (2%)           64M (3%)           75M (4%)             -                  -          
[121.638s][info][gc,heap     ] GC(156)   Garbage:         -               113M (6%)          113M (6%)           83M (4%)             -                  -          
[121.638s][info][gc,heap     ] GC(156) Reclaimed:         -                  -                 0M (0%)           29M (1%)             -                  -          
[121.638s][info][gc          ] GC(156) Garbage Collection (Allocation Rate) 294M(14%)->340M(17%)
[121.639s][info][gc,start    ] GC(157) Garbage Collection (Allocation Rate)
[121.639s][info][gc,task     ] GC(157) Using 12 workers
[121.640s][info][gc,phases   ] GC(157) Pause Mark Start 0.011ms
[121.718s][info][gc,phases   ] GC(157) Concurrent Mark 77.895ms
[121.718s][info][gc,phases   ] GC(157) Pause Mark End 0.018ms
[121.718s][info][gc,phases   ] GC(157) Concurrent Mark Free 0.001ms
[121.718s][info][gc,phases   ] GC(157) Concurrent Process Non-Strong References 0.381ms
[121.718s][info][gc,phases   ] GC(157) Concurrent Reset Relocation Set 0.008ms
[121.722s][info][gc,phases   ] GC(157) Concurrent Select Relocation Set 3.620ms
[121.722s][info][gc,phases   ] GC(157) Pause Relocate Start 0.008ms
[121.735s][info][gc,phases   ] GC(157) Concurrent Relocate 12.706ms
[121.735s][info][gc,load     ] GC(157) Load: 0.00/0.00/0.00
[121.735s][info][gc,mmu      ] GC(157) MMU: 2ms/95.2%, 5ms/98.1%, 10ms/99.0%, 20ms/99.5%, 50ms/99.8%, 100ms/99.9%
[121.735s][info][gc,marking  ] GC(157) Mark: 8 stripe(s), 2 proactive flush(es), 1 terminate flush(es), 0 completion(s), 0 continuation(s) 
[121.735s][info][gc,marking  ] GC(157) Mark Stack Usage: 32M
[121.735s][info][gc,nmethod  ] GC(157) NMethods: 601 registered, 1 unregistered
[121.735s][info][gc,metaspace] GC(157) Metaspace: 16M used, 16M committed, 1088M reserved
[121.735s][info][gc,ref      ] GC(157) Soft: 171 encountered, 0 discovered, 0 enqueued
[121.735s][info][gc,ref      ] GC(157) Weak: 982 encountered, 109 discovered, 0 enqueued
[121.735s][info][gc,ref      ] GC(157) Final: 0 encountered, 0 discovered, 0 enqueued
[121.735s][info][gc,ref      ] GC(157) Phantom: 35 encountered, 14 discovered, 0 enqueued
[121.735s][info][gc,reloc    ] GC(157) Small Pages: 156 / 312M, Empty: 0M, Relocated: 40M, In-Place: 0
[121.735s][info][gc,reloc    ] GC(157) Medium Pages: 1 / 32M, Empty: 0M, Relocated: 0M, In-Place: 0
[121.735s][info][gc,reloc    ] GC(157) Large Pages: 0 / 0M, Empty: 0M, Relocated: 0M, In-Place: 0
[121.735s][info][gc,reloc    ] GC(157) Forwarding Usage: 17M
[121.735s][info][gc,heap     ] GC(157) Min Capacity: 8M(0%)
[121.735s][info][gc,heap     ] GC(157) Max Capacity: 2048M(100%)
[121.735s][info][gc,heap     ] GC(157) Soft Max Capacity: 2048M(100%)
[121.735s][info][gc,heap     ] GC(157)                Mark Start          Mark End        Relocate Start      Relocate End           High               Low         
[121.735s][info][gc,heap     ] GC(157)  Capacity:     2048M (100%)       2048M (100%)       2048M (100%)       2048M (100%)       2048M (100%)       2048M (100%)   
[121.735s][info][gc,heap     ] GC(157)      Free:     1704M (83%)        1630M (80%)        1624M (79%)        1634M (80%)        1704M (83%)        1600M (78%)    
[121.735s][info][gc,heap     ] GC(157)      Used:      344M (17%)         418M (20%)         424M (21%)         414M (20%)         448M (22%)         344M (17%)    
[121.735s][info][gc,heap     ] GC(157)      Live:         -               228M (11%)         228M (11%)         228M (11%)            -                  -          
[121.735s][info][gc,heap     ] GC(157) Allocated:         -                74M (4%)           80M (4%)           91M (4%)             -                  -          
[121.735s][info][gc,heap     ] GC(157)   Garbage:         -               115M (6%)          115M (6%)           93M (5%)             -                  -          
[121.735s][info][gc,heap     ] GC(157) Reclaimed:         -                  -                 0M (0%)           21M (1%)             -                  -          
[121.735s][info][gc          ] GC(157) Garbage Collection (Allocation Rate) 344M(17%)->414M(20%)
[121.843s][info][gc,start    ] GC(158) Garbage Collection (Allocation Rate)
[121.843s][info][gc,task     ] GC(158) Using 12 workers
[121.843s][info][gc,phases   ] GC(158) Pause Mark Start 0.018ms
[121.967s][info][gc,phases   ] GC(158) Concurrent Mark 124.530ms
[121.968s][info][gc,phases   ] GC(158) Pause Mark End 0.026ms
[121.968s][info][gc,phases   ] GC(158) Concurrent Mark Free 0.001ms
[121.968s][info][gc,phases   ] GC(158) Concurrent Process Non-Strong References 0.421ms
[121.968s][info][gc,phases   ] GC(158) Concurrent Reset Relocation Set 0.007ms
[121.996s][info][gc,phases   ] GC(158) Concurrent Select Relocation Set 28.024ms
[121.997s][info][gc,phases   ] GC(158) Pause Relocate Start 0.011ms
[122.020s][info][gc,phases   ] GC(158) Concurrent Relocate 23.245ms
[122.020s][info][gc,load     ] GC(158) Load: 0.00/0.00/0.00
[122.020s][info][gc,mmu      ] GC(158) MMU: 2ms/95.2%, 5ms/98.1%, 10ms/99.0%, 20ms/99.5%, 50ms/99.8%, 100ms/99.9%
[122.020s][info][gc,marking  ] GC(158) Mark: 8 stripe(s), 3 proactive flush(es), 1 terminate flush(es), 0 completion(s), 0 continuation(s) 
[122.020s][info][gc,marking  ] GC(158) Mark Stack Usage: 32M
[122.020s][info][gc,nmethod  ] GC(158) NMethods: 601 registered, 1 unregistered
[122.020s][info][gc,metaspace] GC(158) Metaspace: 16M used, 16M committed, 1088M reserved
[122.020s][info][gc,ref      ] GC(158) Soft: 171 encountered, 0 discovered, 0 enqueued
[122.020s][info][gc,ref      ] GC(158) Weak: 982 encountered, 135 discovered, 0 enqueued
[122.020s][info][gc,ref      ] GC(158) Final: 0 encountered, 0 discovered, 0 enqueued
[122.020s][info][gc,ref      ] GC(158) Phantom: 35 encountered, 19 discovered, 0 enqueued
[122.020s][info][gc,reloc    ] GC(158) Small Pages: 257 / 514M, Empty: 0M, Relocated: 68M, In-Place: 0
[122.020s][info][gc,reloc    ] GC(158) Medium Pages: 1 / 32M, Empty: 0M, Relocated: 0M, In-Place: 0
[122.020s][info][gc,reloc    ] GC(158) Large Pages: 0 / 0M, Empty: 0M, Relocated: 0M, In-Place: 0
[122.020s][info][gc,reloc    ] GC(158) Forwarding Usage: 28M
[122.020s][info][gc,heap     ] GC(158) Min Capacity: 8M(0%)
[122.020s][info][gc,heap     ] GC(158) Max Capacity: 2048M(100%)
[122.020s][info][gc,heap     ] GC(158) Soft Max Capacity: 2048M(100%)
[122.020s][info][gc,heap     ] GC(158)                Mark Start          Mark End        Relocate Start      Relocate End           High               Low         
[122.020s][info][gc,heap     ] GC(158)  Capacity:     2048M (100%)       2048M (100%)       2048M (100%)       2048M (100%)       2048M (100%)       2048M (100%)   
[122.020s][info][gc,heap     ] GC(158)      Free:     1502M (73%)        1390M (68%)        1354M (66%)        1380M (67%)        1502M (73%)        1330M (65%)    
[122.020s][info][gc,heap     ] GC(158)      Used:      546M (27%)         658M (32%)         694M (34%)         668M (33%)         718M (35%)         546M (27%)    
[122.020s][info][gc,heap     ] GC(158)      Live:         -               371M (18%)         371M (18%)         371M (18%)            -                  -          
[122.020s][info][gc,heap     ] GC(158) Allocated:         -               112M (5%)          148M (7%)          163M (8%)             -                  -          
[122.020s][info][gc,heap     ] GC(158)   Garbage:         -               174M (9%)          174M (9%)          132M (6%)             -                  -          
[122.020s][info][gc,heap     ] GC(158) Reclaimed:         -                  -                 0M (0%)           41M (2%)             -                  -          
[122.020s][info][gc          ] GC(158) Garbage Collection (Allocation Rate) 546M(27%)->668M(33%)
[122.030s][info][gc,start    ] GC(159) Garbage Collection (Allocation Rate)
[122.030s][info][gc,task     ] GC(159) Using 12 workers
[122.030s][info][gc,phases   ] GC(159) Pause Mark Start 0.011ms
[122.155s][info][gc,phases   ] GC(159) Concurrent Mark 124.788ms
[122.155s][info][gc,phases   ] GC(159) Pause Mark End 0.014ms
[122.155s][info][gc,phases   ] GC(159) Concurrent Mark Free 0.001ms
[122.155s][info][gc,phases   ] GC(159) Concurrent Process Non-Strong References 0.281ms
[122.155s][info][gc,phases   ] GC(159) Concurrent Reset Relocation Set 0.006ms
[122.181s][info][gc,phases   ] GC(159) Concurrent Select Relocation Set 25.051ms
[122.181s][info][gc,phases   ] GC(159) Pause Relocate Start 0.011ms
[122.205s][info][gc,phases   ] GC(159) Concurrent Relocate 24.560ms
[122.205s][info][gc,load     ] GC(159) Load: 0.00/0.00/0.00
[122.205s][info][gc,mmu      ] GC(159) MMU: 2ms/95.2%, 5ms/98.1%, 10ms/99.0%, 20ms/99.5%, 50ms/99.8%, 100ms/99.9%
[122.205s][info][gc,marking  ] GC(159) Mark: 8 stripe(s), 3 proactive flush(es), 1 terminate flush(es), 0 completion(s), 0 continuation(s) 
[122.206s][info][gc,marking  ] GC(159) Mark Stack Usage: 32M
[122.206s][info][gc,nmethod  ] GC(159) NMethods: 601 registered, 1 unregistered
[122.206s][info][gc,metaspace] GC(159) Metaspace: 16M used, 16M committed, 1088M reserved
[122.206s][info][gc,ref      ] GC(159) Soft: 171 encountered, 0 discovered, 0 enqueued
[122.206s][info][gc,ref      ] GC(159) Weak: 982 encountered, 99 discovered, 0 enqueued
[122.206s][info][gc,ref      ] GC(159) Final: 0 encountered, 0 discovered, 0 enqueued
[122.206s][info][gc,ref      ] GC(159) Phantom: 35 encountered, 21 discovered, 0 enqueued
[122.206s][info][gc,reloc    ] GC(159) Small Pages: 324 / 648M, Empty: 0M, Relocated: 71M, In-Place: 0
[122.206s][info][gc,reloc    ] GC(159) Medium Pages: 1 / 32M, Empty: 0M, Relocated: 0M, In-Place: 0
[122.206s][info][gc,reloc    ] GC(159) Large Pages: 0 / 0M, Empty: 0M, Relocated: 0M, In-Place: 0
[122.206s][info][gc,reloc    ] GC(159) Forwarding Usage: 29M
[122.206s][info][gc,heap     ] GC(159) Min Capacity: 8M(0%)
[122.206s][info][gc,heap     ] GC(159) Max Capacity: 2048M(100%)
[122.206s][info][gc,heap     ] GC(159) Soft Max Capacity: 2048M(100%)
[122.206s][info][gc,heap     ] GC(159)                Mark Start          Mark End        Relocate Start      Relocate End           High               Low         
[122.206s][info][gc,heap     ] GC(159)  Capacity:     2048M (100%)       2048M (100%)       2048M (100%)       2048M (100%)       2048M (100%)       2048M (100%)   
[122.206s][info][gc,heap     ] GC(159)      Free:     1368M (67%)        1272M (62%)        1240M (61%)        1272M (62%)        1368M (67%)        1216M (59%)    
[122.206s][info][gc,heap     ] GC(159)      Used:      680M (33%)         776M (38%)         808M (39%)         776M (38%)         832M (41%)         680M (33%)    
[122.206s][info][gc,heap     ] GC(159)      Live:         -               480M (23%)         480M (23%)         480M (23%)            -                  -          
[122.206s][info][gc,heap     ] GC(159) Allocated:         -                96M (5%)          128M (6%)          143M (7%)             -                  -          
[122.206s][info][gc,heap     ] GC(159)   Garbage:         -               199M (10%)         199M (10%)         151M (7%)             -                  -          
[122.206s][info][gc,heap     ] GC(159) Reclaimed:         -                  -                 0M (0%)           47M (2%)             -                  -          
[122.206s][info][gc          ] GC(159) Garbage Collection (Allocation Rate) 680M(33%)->776M(38%)
[122.233s][info][gc,start    ] GC(160) Garbage Collection (Allocation Rate)
[122.233s][info][gc,task     ] GC(160) Using 12 workers
[122.233s][info][gc,phases   ] GC(160) Pause Mark Start 0.014ms
[122.405s][info][gc,phases   ] GC(160) Concurrent Mark 171.466ms
[122.405s][info][gc,phases   ] GC(160) Pause Mark End 0.018ms
[122.405s][info][gc,phases   ] GC(160) Concurrent Mark Free 0.001ms
[122.406s][info][gc,phases   ] GC(160) Concurrent Process Non-Strong References 0.391ms
[122.406s][info][gc,phases   ] GC(160) Concurrent Reset Relocation Set 0.014ms
[122.410s][info][gc,phases   ] GC(160) Concurrent Select Relocation Set 4.490ms
[122.410s][info][gc,phases   ] GC(160) Pause Relocate Start 0.010ms
[122.422s][info][gc,phases   ] GC(160) Concurrent Relocate 11.213ms
[122.422s][info][gc,load     ] GC(160) Load: 0.00/0.00/0.00
[122.422s][info][gc,mmu      ] GC(160) MMU: 2ms/95.2%, 5ms/98.1%, 10ms/99.0%, 20ms/99.5%, 50ms/99.8%, 100ms/99.9%
[122.422s][info][gc,marking  ] GC(160) Mark: 8 stripe(s), 3 proactive flush(es), 1 terminate flush(es), 0 completion(s), 0 continuation(s) 
[122.422s][info][gc,marking  ] GC(160) Mark Stack Usage: 32M
[122.422s][info][gc,nmethod  ] GC(160) NMethods: 601 registered, 1 unregistered
[122.422s][info][gc,metaspace] GC(160) Metaspace: 16M used, 16M committed, 1088M reserved
[122.422s][info][gc,ref      ] GC(160) Soft: 171 encountered, 0 discovered, 0 enqueued
[122.422s][info][gc,ref      ] GC(160) Weak: 982 encountered, 116 discovered, 0 enqueued
[122.422s][info][gc,ref      ] GC(160) Final: 0 encountered, 0 discovered, 0 enqueued
[122.422s][info][gc,ref      ] GC(160) Phantom: 35 encountered, 15 discovered, 0 enqueued
[122.422s][info][gc,reloc    ] GC(160) Small Pages: 386 / 772M, Empty: 0M, Relocated: 33M, In-Place: 0
[122.422s][info][gc,reloc    ] GC(160) Medium Pages: 1 / 32M, Empty: 0M, Relocated: 0M, In-Place: 0
[122.422s][info][gc,reloc    ] GC(160) Large Pages: 0 / 0M, Empty: 0M, Relocated: 0M, In-Place: 0
[122.422s][info][gc,reloc    ] GC(160) Forwarding Usage: 14M
[122.422s][info][gc,heap     ] GC(160) Min Capacity: 8M(0%)
[122.422s][info][gc,heap     ] GC(160) Max Capacity: 2048M(100%)
[122.422s][info][gc,heap     ] GC(160) Soft Max Capacity: 2048M(100%)
[122.422s][info][gc,heap     ] GC(160)                Mark Start          Mark End        Relocate Start      Relocate End           High               Low         
[122.422s][info][gc,heap     ] GC(160)  Capacity:     2048M (100%)       2048M (100%)       2048M (100%)       2048M (100%)       2048M (100%)       2048M (100%)   
[122.422s][info][gc,heap     ] GC(160)      Free:     1244M (61%)        1122M (55%)        1120M (55%)        1136M (55%)        1244M (61%)        1092M (53%)    
[122.422s][info][gc,heap     ] GC(160)      Used:      804M (39%)         926M (45%)         928M (45%)         912M (45%)         956M (47%)         804M (39%)    
[122.422s][info][gc,heap     ] GC(160)      Live:         -               590M (29%)         590M (29%)         590M (29%)            -                  -          
[122.422s][info][gc,heap     ] GC(160) Allocated:         -               122M (6%)          124M (6%)          127M (6%)             -                  -          
[122.422s][info][gc,heap     ] GC(160)   Garbage:         -               213M (10%)         213M (10%)         193M (9%)             -                  -          
[122.422s][info][gc,heap     ] GC(160) Reclaimed:         -                  -                 0M (0%)           19M (1%)             -                  -          
[122.422s][info][gc          ] GC(160) Garbage Collection (Allocation Rate) 804M(39%)->912M(45%)
[122.436s][info][gc,start    ] GC(161) Garbage Collection (Allocation Rate)
[122.436s][info][gc,task     ] GC(161) Using 12 workers
[122.436s][info][gc,phases   ] GC(161) Pause Mark Start 0.013ms
[122.608s][info][gc,phases   ] GC(161) Concurrent Mark 171.499ms
[122.608s][info][gc,phases   ] GC(161) Pause Mark End 0.020ms
[122.608s][info][gc,phases   ] GC(161) Concurrent Mark Free 0.001ms
[122.609s][info][gc,phases   ] GC(161) Concurrent Process Non-Strong References 0.427ms
[122.609s][info][gc,phases   ] GC(161) Concurrent Reset Relocation Set 0.010ms
[122.637s][info][gc,phases   ] GC(161) Concurrent Select Relocation Set 28.710ms
[122.638s][info][gc,phases   ] GC(161) Pause Relocate Start 0.010ms
[122.663s][info][gc,phases   ] GC(161) Concurrent Relocate 25.469ms
[122.663s][info][gc,load     ] GC(161) Load: 0.00/0.00/0.00
[122.663s][info][gc,mmu      ] GC(161) MMU: 2ms/95.2%, 5ms/98.1%, 10ms/99.0%, 20ms/99.5%, 50ms/99.8%, 100ms/99.9%
[122.663s][info][gc,marking  ] GC(161) Mark: 8 stripe(s), 3 proactive flush(es), 1 terminate flush(es), 0 completion(s), 0 continuation(s) 
[122.663s][info][gc,marking  ] GC(161) Mark Stack Usage: 32M
[122.663s][info][gc,nmethod  ] GC(161) NMethods: 601 registered, 1 unregistered
[122.663s][info][gc,metaspace] GC(161) Metaspace: 16M used, 16M committed, 1088M reserved
[122.663s][info][gc,ref      ] GC(161) Soft: 171 encountered, 0 discovered, 0 enqueued
[122.663s][info][gc,ref      ] GC(161) Weak: 981 encountered, 59 discovered, 9 enqueued
[122.663s][info][gc,ref      ] GC(161) Final: 0 encountered, 0 discovered, 0 enqueued
[122.663s][info][gc,ref      ] GC(161) Phantom: 35 encountered, 19 discovered, 0 enqueued
[122.663s][info][gc,reloc    ] GC(161) Small Pages: 428 / 856M, Empty: 0M, Relocated: 71M, In-Place: 0
[122.663s][info][gc,reloc    ] GC(161) Medium Pages: 2 / 64M, Empty: 0M, Relocated: 3M, In-Place: 0
[122.663s][info][gc,reloc    ] GC(161) Large Pages: 0 / 0M, Empty: 0M, Relocated: 0M, In-Place: 0
[122.664s][info][gc,reloc    ] GC(161) Forwarding Usage: 31M
[122.664s][info][gc,heap     ] GC(161) Min Capacity: 8M(0%)
[122.664s][info][gc,heap     ] GC(161) Max Capacity: 2048M(100%)
[122.664s][info][gc,heap     ] GC(161) Soft Max Capacity: 2048M(100%)
[122.664s][info][gc,heap     ] GC(161)                Mark Start          Mark End        Relocate Start      Relocate End           High               Low         
[122.664s][info][gc,heap     ] GC(161)  Capacity:     2048M (100%)       2048M (100%)       2048M (100%)       2048M (100%)       2048M (100%)       2048M (100%)   
[122.664s][info][gc,heap     ] GC(161)      Free:     1128M (55%)        1066M (52%)        1048M (51%)        1128M (55%)        1128M (55%)         964M (47%)    
[122.664s][info][gc,heap     ] GC(161)      Used:      920M (45%)         982M (48%)        1000M (49%)         920M (45%)        1084M (53%)         920M (45%)    
[122.664s][info][gc,heap     ] GC(161)      Live:         -               606M (30%)         606M (30%)         606M (30%)            -                  -          
[122.664s][info][gc,heap     ] GC(161) Allocated:         -                62M (3%)           80M (4%)          113M (6%)             -                  -          
[122.664s][info][gc,heap     ] GC(161)   Garbage:         -               313M (15%)         313M (15%)         200M (10%)            -                  -          
[122.664s][info][gc,heap     ] GC(161) Reclaimed:         -                  -                 0M (0%)          113M (6%)             -                  -          
[122.664s][info][gc          ] GC(161) Garbage Collection (Allocation Rate) 920M(45%)->920M(45%)
[122.733s][info][gc,start    ] GC(162) Garbage Collection (Allocation Rate)
[122.733s][info][gc,task     ] GC(162) Using 12 workers
[122.733s][info][gc,phases   ] GC(162) Pause Mark Start 0.017ms
[122.771s][info][gc,phases   ] GC(162) Concurrent Mark 37.690ms
[122.771s][info][gc,phases   ] GC(162) Pause Mark End 0.021ms
[122.771s][info][gc,phases   ] GC(162) Concurrent Mark Free 0.001ms
[122.772s][info][gc,phases   ] GC(162) Concurrent Process Non-Strong References 0.526ms
[122.772s][info][gc,phases   ] GC(162) Concurrent Reset Relocation Set 0.030ms
[122.782s][info][gc,phases   ] GC(162) Concurrent Select Relocation Set 10.301ms
[122.783s][info][gc,phases   ] GC(162) Pause Relocate Start 0.008ms
[122.790s][info][gc,phases   ] GC(162) Concurrent Relocate 7.058ms
[122.790s][info][gc,load     ] GC(162) Load: 0.00/0.00/0.00
[122.790s][info][gc,mmu      ] GC(162) MMU: 2ms/95.2%, 5ms/98.1%, 10ms/99.0%, 20ms/99.5%, 50ms/99.8%, 100ms/99.9%
[122.790s][info][gc,marking  ] GC(162) Mark: 8 stripe(s), 7 proactive flush(es), 1 terminate flush(es), 0 completion(s), 0 continuation(s) 
[122.790s][info][gc,marking  ] GC(162) Mark Stack Usage: 32M
[122.790s][info][gc,nmethod  ] GC(162) NMethods: 601 registered, 2 unregistered
[122.790s][info][gc,metaspace] GC(162) Metaspace: 16M used, 16M committed, 1088M reserved
[122.790s][info][gc,ref      ] GC(162) Soft: 171 encountered, 0 discovered, 0 enqueued
[122.790s][info][gc,ref      ] GC(162) Weak: 972 encountered, 103 discovered, 0 enqueued
[122.790s][info][gc,ref      ] GC(162) Final: 0 encountered, 0 discovered, 0 enqueued
[122.790s][info][gc,ref      ] GC(162) Phantom: 35 encountered, 18 discovered, 0 enqueued
[122.790s][info][gc,reloc    ] GC(162) Small Pages: 432 / 864M, Empty: 698M, Relocated: 13M, In-Place: 0
[122.790s][info][gc,reloc    ] GC(162) Medium Pages: 2 / 64M, Empty: 32M, Relocated: 0M, In-Place: 0
[122.790s][info][gc,reloc    ] GC(162) Large Pages: 0 / 0M, Empty: 0M, Relocated: 0M, In-Place: 0
[122.790s][info][gc,reloc    ] GC(162) Forwarding Usage: 7M
[122.790s][info][gc,heap     ] GC(162) Min Capacity: 8M(0%)
[122.790s][info][gc,heap     ] GC(162) Max Capacity: 2048M(100%)
[122.790s][info][gc,heap     ] GC(162) Soft Max Capacity: 2048M(100%)
[122.790s][info][gc,heap     ] GC(162)                Mark Start          Mark End        Relocate Start      Relocate End           High               Low         
[122.790s][info][gc,heap     ] GC(162)  Capacity:     2048M (100%)       2048M (100%)       2048M (100%)       2048M (100%)       2048M (100%)       2048M (100%)   
[122.790s][info][gc,heap     ] GC(162)      Free:     1120M (55%)        1110M (54%)        1840M (90%)        1950M (95%)        1950M (95%)        1104M (54%)    
[122.790s][info][gc,heap     ] GC(162)      Used:      928M (45%)         938M (46%)         208M (10%)          98M (5%)          944M (46%)          98M (5%)     
[122.791s][info][gc,heap     ] GC(162)      Live:         -                41M (2%)           41M (2%)           41M (2%)             -                  -          
[122.791s][info][gc,heap     ] GC(162) Allocated:         -                10M (0%)           10M (0%)           11M (1%)             -                  -          
[122.791s][info][gc,heap     ] GC(162)   Garbage:         -               886M (43%)         156M (8%)           44M (2%)             -                  -          
[122.791s][info][gc,heap     ] GC(162) Reclaimed:         -                  -               730M (36%)         841M (41%)            -                  -          
[122.791s][info][gc          ] GC(162) Garbage Collection (Allocation Rate) 928M(45%)->98M(5%)
[122.834s][info][gc,start    ] GC(163) Garbage Collection (Allocation Rate)
[122.834s][info][gc,task     ] GC(163) Using 12 workers
[122.834s][info][gc,phases   ] GC(163) Pause Mark Start 0.013ms
[122.849s][info][gc,phases   ] GC(163) Concurrent Mark 15.269ms
[122.849s][info][gc,phases   ] GC(163) Pause Mark End 0.016ms
[122.849s][info][gc,phases   ] GC(163) Concurrent Mark Free 0.001ms
[122.850s][info][gc,phases   ] GC(163) Concurrent Process Non-Strong References 0.500ms
[122.850s][info][gc,phases   ] GC(163) Concurrent Reset Relocation Set 0.018ms
[122.855s][info][gc,phases   ] GC(163) Concurrent Select Relocation Set 5.076ms
[122.855s][info][gc,phases   ] GC(163) Pause Relocate Start 0.008ms
[122.857s][info][gc,phases   ] GC(163) Concurrent Relocate 1.276ms
[122.857s][info][gc,load     ] GC(163) Load: 0.00/0.00/0.00
[122.857s][info][gc,mmu      ] GC(163) MMU: 2ms/95.2%, 5ms/98.1%, 10ms/99.0%, 20ms/99.5%, 50ms/99.8%, 100ms/99.9%
[122.857s][info][gc,marking  ] GC(163) Mark: 8 stripe(s), 2 proactive flush(es), 1 terminate flush(es), 0 completion(s), 0 continuation(s) 
[122.857s][info][gc,marking  ] GC(163) Mark Stack Usage: 32M
[122.857s][info][gc,nmethod  ] GC(163) NMethods: 601 registered, 2 unregistered
[122.857s][info][gc,metaspace] GC(163) Metaspace: 16M used, 16M committed, 1088M reserved
[122.857s][info][gc,ref      ] GC(163) Soft: 171 encountered, 0 discovered, 0 enqueued
[122.857s][info][gc,ref      ] GC(163) Weak: 982 encountered, 330 discovered, 3 enqueued
[122.857s][info][gc,ref      ] GC(163) Final: 0 encountered, 0 discovered, 0 enqueued
[122.857s][info][gc,ref      ] GC(163) Phantom: 35 encountered, 29 discovered, 0 enqueued
[122.857s][info][gc,reloc    ] GC(163) Small Pages: 33 / 66M, Empty: 10M, Relocated: 5M, In-Place: 0
[122.857s][info][gc,reloc    ] GC(163) Medium Pages: 1 / 32M, Empty: 32M, Relocated: 0M, In-Place: 0
[122.857s][info][gc,reloc    ] GC(163) Large Pages: 0 / 0M, Empty: 0M, Relocated: 0M, In-Place: 0
[122.857s][info][gc,reloc    ] GC(163) Forwarding Usage: 1M
[122.857s][info][gc,heap     ] GC(163) Min Capacity: 8M(0%)
[122.857s][info][gc,heap     ] GC(163) Max Capacity: 2048M(100%)
[122.857s][info][gc,heap     ] GC(163) Soft Max Capacity: 2048M(100%)
[122.857s][info][gc,heap     ] GC(163)                Mark Start          Mark End        Relocate Start      Relocate End           High               Low         
[122.857s][info][gc,heap     ] GC(163)  Capacity:     2048M (100%)       2048M (100%)       2048M (100%)       2048M (100%)       2048M (100%)       2048M (100%)   
[122.857s][info][gc,heap     ] GC(163)      Free:     1950M (95%)        1948M (95%)        1990M (97%)        1994M (97%)        1994M (97%)        1948M (95%)    
[122.857s][info][gc,heap     ] GC(163)      Used:       98M (5%)          100M (5%)           58M (3%)           54M (3%)          100M (5%)           54M (3%)     
[122.857s][info][gc,heap     ] GC(163)      Live:         -                28M (1%)           28M (1%)           28M (1%)             -                  -          
[122.857s][info][gc,heap     ] GC(163) Allocated:         -                 2M (0%)            2M (0%)            1M (0%)             -                  -          
[122.857s][info][gc,heap     ] GC(163)   Garbage:         -                69M (3%)           27M (1%)           23M (1%)             -                  -          
[122.857s][info][gc,heap     ] GC(163) Reclaimed:         -                  -                42M (2%)           45M (2%)             -                  -          
[122.857s][info][gc          ] GC(163) Garbage Collection (Allocation Rate) 98M(5%)->54M(3%)
[128.940s][info][gc,start    ] GC(164) Garbage Collection (Allocation Rate)
[128.940s][info][gc,task     ] GC(164) Using 12 workers
[128.940s][info][gc,phases   ] GC(164) Pause Mark Start 0.018ms
[129.055s][info][gc,phases   ] GC(164) Concurrent Mark 115.035ms
[129.055s][info][gc,phases   ] GC(164) Pause Mark End 0.016ms
[129.055s][info][gc,phases   ] GC(164) Concurrent Mark Free 0.001ms
[129.056s][info][gc,phases   ] GC(164) Concurrent Process Non-Strong References 0.296ms
[129.056s][info][gc,phases   ] GC(164) Concurrent Reset Relocation Set 0.003ms
[129.093s][info][gc,phases   ] GC(164) Concurrent Select Relocation Set 37.127ms
[129.093s][info][gc,phases   ] GC(164) Pause Relocate Start 0.009ms
[129.159s][info][gc,phases   ] GC(164) Concurrent Relocate 66.201ms
[129.159s][info][gc,load     ] GC(164) Load: 0.00/0.00/0.00
[129.159s][info][gc,mmu      ] GC(164) MMU: 2ms/95.2%, 5ms/98.1%, 10ms/99.0%, 20ms/99.5%, 50ms/99.8%, 100ms/99.9%
[129.159s][info][gc,marking  ] GC(164) Mark: 8 stripe(s), 2 proactive flush(es), 1 terminate flush(es), 0 completion(s), 0 continuation(s) 
[129.159s][info][gc,marking  ] GC(164) Mark Stack Usage: 32M
[129.159s][info][gc,nmethod  ] GC(164) NMethods: 602 registered, 2 unregistered
[129.159s][info][gc,metaspace] GC(164) Metaspace: 16M used, 16M committed, 1088M reserved
[129.159s][info][gc,ref      ] GC(164) Soft: 171 encountered, 0 discovered, 0 enqueued
[129.159s][info][gc,ref      ] GC(164) Weak: 982 encountered, 59 discovered, 3 enqueued
[129.159s][info][gc,ref      ] GC(164) Final: 0 encountered, 0 discovered, 0 enqueued
[129.160s][info][gc,ref      ] GC(164) Phantom: 35 encountered, 20 discovered, 0 enqueued
[129.160s][info][gc,reloc    ] GC(164) Small Pages: 486 / 972M, Empty: 2M, Relocated: 326M, In-Place: 0
[129.160s][info][gc,reloc    ] GC(164) Medium Pages: 0 / 0M, Empty: 0M, Relocated: 0M, In-Place: 0
[129.160s][info][gc,reloc    ] GC(164) Large Pages: 0 / 0M, Empty: 0M, Relocated: 0M, In-Place: 0
[129.160s][info][gc,reloc    ] GC(164) Forwarding Usage: 136M
[129.160s][info][gc,heap     ] GC(164) Min Capacity: 8M(0%)
[129.160s][info][gc,heap     ] GC(164) Max Capacity: 2048M(100%)
[129.160s][info][gc,heap     ] GC(164) Soft Max Capacity: 2048M(100%)
[129.160s][info][gc,heap     ] GC(164)                Mark Start          Mark End        Relocate Start      Relocate End           High               Low         
[129.160s][info][gc,heap     ] GC(164)  Capacity:     2048M (100%)       2048M (100%)       2048M (100%)       2048M (100%)       2048M (100%)       2048M (100%)   
[129.160s][info][gc,heap     ] GC(164)      Free:     1076M (53%)         952M (46%)         902M (44%)        1472M (72%)        1472M (72%)         882M (43%)    
[129.160s][info][gc,heap     ] GC(164)      Used:      972M (47%)        1096M (54%)        1146M (56%)         576M (28%)        1166M (57%)         576M (28%)    
[129.160s][info][gc,heap     ] GC(164)      Live:         -               349M (17%)         349M (17%)         349M (17%)            -                  -          
[129.160s][info][gc,heap     ] GC(164) Allocated:         -               124M (6%)          176M (9%)          209M (10%)            -                  -          
[129.160s][info][gc,heap     ] GC(164)   Garbage:         -               622M (30%)         620M (30%)          16M (1%)             -                  -          
[129.160s][info][gc,heap     ] GC(164) Reclaimed:         -                  -                 2M (0%)          605M (30%)            -                  -          
[129.160s][info][gc          ] GC(164) Garbage Collection (Allocation Rate) 972M(47%)->576M(28%)
[129.243s][info][gc,start    ] GC(165) Garbage Collection (Allocation Rate)
[129.243s][info][gc,task     ] GC(165) Using 12 workers
[129.243s][info][gc,phases   ] GC(165) Pause Mark Start 0.017ms
[129.461s][info][gc,phases   ] GC(165) Concurrent Mark 218.312ms
[129.462s][info][gc,phases   ] GC(165) Pause Mark End 0.017ms
[129.462s][info][gc,phases   ] GC(165) Concurrent Mark Free 0.001ms
[129.462s][info][gc,phases   ] GC(165) Concurrent Process Non-Strong References 0.348ms
[129.462s][info][gc,phases   ] GC(165) Concurrent Reset Relocation Set 0.078ms
[129.482s][info][gc,phases   ] GC(165) Concurrent Select Relocation Set 20.134ms
[129.482s][info][gc,phases   ] GC(165) Pause Relocate Start 0.008ms
[129.511s][info][gc,phases   ] GC(165) Concurrent Relocate 28.428ms
[129.511s][info][gc,load     ] GC(165) Load: 0.00/0.00/0.00
[129.511s][info][gc,mmu      ] GC(165) MMU: 2ms/95.2%, 5ms/98.1%, 10ms/99.0%, 20ms/99.5%, 50ms/99.8%, 100ms/99.9%
[129.511s][info][gc,marking  ] GC(165) Mark: 8 stripe(s), 2 proactive flush(es), 1 terminate flush(es), 0 completion(s), 0 continuation(s) 
[129.511s][info][gc,marking  ] GC(165) Mark Stack Usage: 32M
[129.511s][info][gc,nmethod  ] GC(165) NMethods: 602 registered, 2 unregistered
[129.511s][info][gc,metaspace] GC(165) Metaspace: 16M used, 16M committed, 1088M reserved
[129.511s][info][gc,ref      ] GC(165) Soft: 171 encountered, 0 discovered, 0 enqueued
[129.511s][info][gc,ref      ] GC(165) Weak: 979 encountered, 70 discovered, 0 enqueued
[129.511s][info][gc,ref      ] GC(165) Final: 0 encountered, 0 discovered, 0 enqueued
[129.511s][info][gc,ref      ] GC(165) Phantom: 35 encountered, 19 discovered, 0 enqueued
[129.511s][info][gc,reloc    ] GC(165) Small Pages: 334 / 668M, Empty: 0M, Relocated: 113M, In-Place: 0
[129.511s][info][gc,reloc    ] GC(165) Medium Pages: 0 / 0M, Empty: 0M, Relocated: 0M, In-Place: 0
[129.511s][info][gc,reloc    ] GC(165) Large Pages: 0 / 0M, Empty: 0M, Relocated: 0M, In-Place: 0
[129.511s][info][gc,reloc    ] GC(165) Forwarding Usage: 53M
[129.511s][info][gc,heap     ] GC(165) Min Capacity: 8M(0%)
[129.511s][info][gc,heap     ] GC(165) Max Capacity: 2048M(100%)
[129.511s][info][gc,heap     ] GC(165) Soft Max Capacity: 2048M(100%)
[129.511s][info][gc,heap     ] GC(165)                Mark Start          Mark End        Relocate Start      Relocate End           High               Low         
[129.511s][info][gc,heap     ] GC(165)  Capacity:     2048M (100%)       2048M (100%)       2048M (100%)       2048M (100%)       2048M (100%)       2048M (100%)   
[129.511s][info][gc,heap     ] GC(165)      Free:     1380M (67%)        1150M (56%)        1122M (55%)        1292M (63%)        1380M (67%)        1098M (54%)    
[129.511s][info][gc,heap     ] GC(165)      Used:      668M (33%)         898M (44%)         926M (45%)         756M (37%)         950M (46%)         668M (33%)    
[129.511s][info][gc,heap     ] GC(165)      Live:         -               452M (22%)         452M (22%)         452M (22%)            -                  -          
[129.511s][info][gc,heap     ] GC(165) Allocated:         -               230M (11%)         258M (13%)         277M (14%)            -                  -          
[129.511s][info][gc,heap     ] GC(165)   Garbage:         -               215M (11%)         215M (11%)          26M (1%)             -                  -          
[129.511s][info][gc,heap     ] GC(165) Reclaimed:         -                  -                 0M (0%)          189M (9%)             -                  -          
[129.511s][info][gc          ] GC(165) Garbage Collection (Allocation Rate) 668M(33%)->756M(37%)
[129.540s][info][gc,start    ] GC(166) Garbage Collection (Allocation Rate)
[129.540s][info][gc,task     ] GC(166) Using 12 workers
[129.540s][info][gc,phases   ] GC(166) Pause Mark Start 0.013ms
[129.734s][info][gc,phases   ] GC(166) Concurrent Mark 193.706ms
[129.743s][info][gc,phases   ] GC(166) Pause Mark End 0.021ms
[129.743s][info][gc,phases   ] GC(166) Concurrent Mark Free 0.001ms
[129.743s][info][gc,phases   ] GC(166) Concurrent Process Non-Strong References 0.427ms
[129.743s][info][gc,phases   ] GC(166) Concurrent Reset Relocation Set 0.028ms
[129.749s][info][gc,phases   ] GC(166) Concurrent Select Relocation Set 5.648ms
[129.749s][info][gc,phases   ] GC(166) Pause Relocate Start 0.007ms
[129.778s][info][gc,phases   ] GC(166) Concurrent Relocate 28.828ms
[129.778s][info][gc,load     ] GC(166) Load: 0.00/0.00/0.00
[129.778s][info][gc,mmu      ] GC(166) MMU: 2ms/95.2%, 5ms/98.1%, 10ms/99.0%, 20ms/99.5%, 50ms/99.8%, 100ms/99.9%
[129.778s][info][gc,marking  ] GC(166) Mark: 8 stripe(s), 3 proactive flush(es), 1 terminate flush(es), 0 completion(s), 0 continuation(s) 
[129.778s][info][gc,marking  ] GC(166) Mark Stack Usage: 32M
[129.778s][info][gc,nmethod  ] GC(166) NMethods: 602 registered, 2 unregistered
[129.778s][info][gc,metaspace] GC(166) Metaspace: 16M used, 16M committed, 1088M reserved
[129.778s][info][gc,ref      ] GC(166) Soft: 171 encountered, 0 discovered, 0 enqueued
[129.778s][info][gc,ref      ] GC(166) Weak: 979 encountered, 105 discovered, 0 enqueued
[129.778s][info][gc,ref      ] GC(166) Final: 0 encountered, 0 discovered, 0 enqueued
[129.778s][info][gc,ref      ] GC(166) Phantom: 35 encountered, 20 discovered, 0 enqueued
[129.778s][info][gc,reloc    ] GC(166) Small Pages: 394 / 788M, Empty: 0M, Relocated: 116M, In-Place: 0
[129.778s][info][gc,reloc    ] GC(166) Medium Pages: 0 / 0M, Empty: 0M, Relocated: 0M, In-Place: 0
[129.778s][info][gc,reloc    ] GC(166) Large Pages: 0 / 0M, Empty: 0M, Relocated: 0M, In-Place: 0
[129.778s][info][gc,reloc    ] GC(166) Forwarding Usage: 51M
[129.778s][info][gc,heap     ] GC(166) Min Capacity: 8M(0%)
[129.778s][info][gc,heap     ] GC(166) Max Capacity: 2048M(100%)
[129.778s][info][gc,heap     ] GC(166) Soft Max Capacity: 2048M(100%)
[129.779s][info][gc,heap     ] GC(166)                Mark Start          Mark End        Relocate Start      Relocate End           High               Low         
[129.779s][info][gc,heap     ] GC(166)  Capacity:     2048M (100%)       2048M (100%)       2048M (100%)       2048M (100%)       2048M (100%)       2048M (100%)   
[129.779s][info][gc,heap     ] GC(166)      Free:     1260M (62%)        1154M (56%)        1150M (56%)        1340M (65%)        1340M (65%)        1126M (55%)    
[129.779s][info][gc,heap     ] GC(166)      Used:      788M (38%)         894M (44%)         898M (44%)         708M (35%)         922M (45%)         708M (35%)    
[129.779s][info][gc,heap     ] GC(166)      Live:         -               556M (27%)         556M (27%)         556M (27%)            -                  -          
[129.779s][info][gc,heap     ] GC(166) Allocated:         -               106M (5%)          110M (5%)          121M (6%)             -                  -          
[129.779s][info][gc,heap     ] GC(166)   Garbage:         -               231M (11%)         231M (11%)          29M (1%)             -                  -          
[129.779s][info][gc,heap     ] GC(166) Reclaimed:         -                  -                 0M (0%)          201M (10%)            -                  -          
[129.779s][info][gc          ] GC(166) Garbage Collection (Allocation Rate) 788M(38%)->708M(35%)
[130.140s][info][gc,stats    ] === Garbage Collection Statistics =======================================================================================================================
[130.140s][info][gc,stats    ]                                                              Last 10s              Last 10m              Last 10h                Total
[130.140s][info][gc,stats    ]                                                              Avg / Max             Avg / Max             Avg / Max             Avg / Max
[130.140s][info][gc,stats    ]   Collector: Garbage Collection Cycle                    167.928 / 283.131     159.548 / 411.964     159.548 / 411.964     159.548 / 411.964     ms
[130.140s][info][gc,stats    ]  Contention: Mark Segment Reset Contention                     5 / 18                5 / 54                5 / 54                5 / 54          ops/s
[130.140s][info][gc,stats    ]  Contention: Mark SeqNum Reset Contention                      1 / 7                 0 / 9                 0 / 9                 0 / 9           ops/s
[130.140s][info][gc,stats    ]    Critical: Allocation Stall                                  3 / 39                4 / 173               4 / 173               4 / 173         ops/s
[130.140s][info][gc,stats    ]    Critical: Allocation Stall                              4.466 / 7.608         9.813 / 32.476        9.813 / 32.476        9.813 / 32.476      ms
[130.140s][info][gc,stats    ]    Critical: GC Locker Stall                                   0 / 0                 0 / 0                 0 / 0                 0 / 0           ops/s
[130.140s][info][gc,stats    ]    Critical: GC Locker Stall                               0.000 / 0.000         0.000 / 0.000         0.000 / 0.000         0.000 / 0.000       ms
[130.140s][info][gc,stats    ]    Critical: Relocation Stall                                  0 / 0                 0 / 0                 0 / 0                 0 / 0           ops/s
[130.140s][info][gc,stats    ]    Critical: Relocation Stall                              0.000 / 0.000         0.000 / 0.000         0.000 / 0.000         0.000 / 0.000       ms
[130.140s][info][gc,stats    ]      Memory: Allocation Rate                                 905 / 4878            679 / 5930            679 / 5930            679 / 5930        MB/s
[130.140s][info][gc,stats    ]      Memory: Defragment                                        8 / 80                2 / 80                2 / 80                2 / 80          ops/s
[130.140s][info][gc,stats    ]      Memory: Out Of Memory                                     0 / 0                 0 / 0                 0 / 0                 0 / 0           ops/s
[130.140s][info][gc,stats    ]      Memory: Page Cache Flush                                 28 / 160              11 / 160              11 / 160              11 / 160         MB/s
[130.140s][info][gc,stats    ]      Memory: Page Cache Hit L1                               499 / 2378            372 / 2940            372 / 2940            372 / 2940        ops/s
[130.141s][info][gc,stats    ]      Memory: Page Cache Hit L2                                 0 / 0                 0 / 0                 0 / 0                 0 / 0           ops/s
[130.141s][info][gc,stats    ]      Memory: Page Cache Hit L3                                 7 / 73               10 / 438              10 / 438              10 / 438         ops/s
[130.141s][info][gc,stats    ]      Memory: Page Cache Miss                                   0 / 3                 0 / 4                 0 / 4                 0 / 4           ops/s
[130.141s][info][gc,stats    ]      Memory: Uncommit                                          0 / 0                 0 / 0                 0 / 0                 0 / 0           MB/s
[130.141s][info][gc,stats    ]      Memory: Undo Object Allocation Failed                    22 / 174              17 / 297              17 / 297              17 / 297         ops/s
[130.141s][info][gc,stats    ]      Memory: Undo Object Allocation Succeeded                 25 / 229               5 / 229               5 / 229               5 / 229         ops/s
[130.141s][info][gc,stats    ]      Memory: Undo Page Allocation                             83 / 704              52 / 761              52 / 761              52 / 761         ops/s
[130.141s][info][gc,stats    ]       Phase: Concurrent Mark                             107.705 / 218.312     104.731 / 354.211     104.731 / 354.211     104.731 / 354.211     ms
[130.141s][info][gc,stats    ]       Phase: Concurrent Mark Continue                      0.000 / 0.000         0.000 / 0.000         0.000 / 0.000         0.000 / 0.000       ms
[130.141s][info][gc,stats    ]       Phase: Concurrent Mark Free                          0.001 / 0.003         0.006 / 0.804         0.006 / 0.804         0.006 / 0.804       ms
[130.141s][info][gc,stats    ]       Phase: Concurrent Process Non-Strong References      0.495 / 1.325         1.421 / 27.626        1.421 / 27.626        1.421 / 27.626      ms
[130.141s][info][gc,stats    ]       Phase: Concurrent Relocate                          17.690 / 66.201       17.221 / 87.199       17.221 / 87.199       17.221 / 87.199      ms
[130.141s][info][gc,stats    ]       Phase: Concurrent Reset Relocation Set               0.021 / 0.078         0.020 / 0.096         0.020 / 0.096         0.020 / 0.096       ms
[130.141s][info][gc,stats    ]       Phase: Concurrent Select Relocation Set             14.312 / 37.127       15.760 / 67.766       15.760 / 67.766       15.760 / 67.766      ms
[130.141s][info][gc,stats    ]       Phase: Pause Mark End                                0.019 / 0.026         0.019 / 0.060         0.019 / 0.060         0.019 / 0.060       ms
[130.141s][info][gc,stats    ]       Phase: Pause Mark Start                              0.015 / 0.027         0.015 / 0.095         0.015 / 0.095         0.015 / 0.095       ms
[130.141s][info][gc,stats    ]       Phase: Pause Relocate Start                          0.009 / 0.011         0.008 / 0.017         0.008 / 0.017         0.008 / 0.017       ms
[130.141s][info][gc,stats    ]    Subphase: Concurrent Classes Purge                      0.006 / 0.016         0.099 / 3.083         0.099 / 3.083         0.099 / 3.083       ms
[130.141s][info][gc,stats    ]    Subphase: Concurrent Classes Unlink                     0.153 / 0.219         0.599 / 24.520        0.599 / 24.520        0.599 / 24.520      ms
[130.141s][info][gc,stats    ]    Subphase: Concurrent Mark                             105.724 / 216.918     100.925 / 352.904     100.925 / 352.904     100.925 / 352.904     ms
[130.141s][info][gc,stats    ]    Subphase: Concurrent Mark Try Flush                     3.583 / 31.350        2.847 / 78.108        2.847 / 78.108        2.847 / 78.108      ms
[130.141s][info][gc,stats    ]    Subphase: Concurrent Mark Try Terminate                11.275 / 15.863       10.450 / 31.185       10.450 / 31.185       10.450 / 31.185      ms
[130.141s][info][gc,stats    ]    Subphase: Concurrent References Enqueue                 0.001 / 0.005         0.001 / 0.005         0.001 / 0.005         0.001 / 0.005       ms
[130.141s][info][gc,stats    ]    Subphase: Concurrent References Process                 0.034 / 0.061         0.052 / 0.600         0.052 / 0.600         0.052 / 0.600       ms
[130.141s][info][gc,stats    ]    Subphase: Concurrent Roots ClassLoaderDataGraph         0.034 / 0.380         0.043 / 1.098         0.043 / 1.098         0.043 / 1.098       ms
[130.141s][info][gc,stats    ]    Subphase: Concurrent Roots CodeCache                    0.000 / 0.000         0.000 / 0.000         0.000 / 0.000         0.000 / 0.000       ms
[130.142s][info][gc,stats    ]    Subphase: Concurrent Roots JavaThreads                  0.713 / 1.882         0.861 / 17.879        0.861 / 17.879        0.861 / 17.879      ms
[130.142s][info][gc,stats    ]    Subphase: Concurrent Roots OopStorageSet                0.013 / 0.056         0.017 / 0.569         0.017 / 0.569         0.017 / 0.569       ms
[130.142s][info][gc,stats    ]    Subphase: Concurrent Weak Roots OopStorageSet           0.130 / 0.213         0.110 / 0.330         0.110 / 0.330         0.110 / 0.330       ms
[130.142s][info][gc,stats    ]    Subphase: Pause Mark Try Complete                       0.000 / 0.000         0.003 / 0.024         0.003 / 0.024         0.003 / 0.024       ms
[130.142s][info][gc,stats    ]      System: Java Threads                                     62 / 62               63 / 75               63 / 75               63 / 75          threads
[130.142s][info][gc,stats    ] =========================================================================================================================================================
[130.944s][info][gc,start    ] GC(167) Garbage Collection (Allocation Rate)
[130.944s][info][gc,task     ] GC(167) Using 7 workers
[130.944s][info][gc,phases   ] GC(167) Pause Mark Start 0.017ms
[131.147s][info][gc,phases   ] GC(167) Concurrent Mark 202.658ms
[131.147s][info][gc,phases   ] GC(167) Pause Mark End 0.019ms
[131.180s][info][gc,phases   ] GC(167) Concurrent Mark Free 0.001ms
[131.180s][info][gc,phases   ] GC(167) Concurrent Process Non-Strong References 0.748ms
[131.180s][info][gc,phases   ] GC(167) Concurrent Reset Relocation Set 0.027ms
[131.195s][info][gc,phases   ] GC(167) Concurrent Select Relocation Set 14.143ms
[131.195s][info][gc,phases   ] GC(167) Pause Relocate Start 0.009ms
[131.214s][info][gc,phases   ] GC(167) Concurrent Relocate 19.273ms
[131.214s][info][gc,load     ] GC(167) Load: 0.00/0.00/0.00
[131.214s][info][gc,mmu      ] GC(167) MMU: 2ms/95.2%, 5ms/98.1%, 10ms/99.0%, 20ms/99.5%, 50ms/99.8%, 100ms/99.9%
[131.214s][info][gc,marking  ] GC(167) Mark: 4 stripe(s), 3 proactive flush(es), 1 terminate flush(es), 0 completion(s), 0 continuation(s) 
[131.214s][info][gc,marking  ] GC(167) Mark Stack Usage: 32M
[131.214s][info][gc,nmethod  ] GC(167) NMethods: 602 registered, 2 unregistered
[131.214s][info][gc,metaspace] GC(167) Metaspace: 16M used, 16M committed, 1088M reserved
[131.214s][info][gc,ref      ] GC(167) Soft: 171 encountered, 0 discovered, 0 enqueued
[131.214s][info][gc,ref      ] GC(167) Weak: 982 encountered, 81 discovered, 1 enqueued
[131.214s][info][gc,ref      ] GC(167) Final: 0 encountered, 0 discovered, 0 enqueued
[131.215s][info][gc,ref      ] GC(167) Phantom: 35 encountered, 19 discovered, 0 enqueued
[131.215s][info][gc,reloc    ] GC(167) Small Pages: 683 / 1366M, Empty: 58M, Relocated: 34M, In-Place: 0
[131.215s][info][gc,reloc    ] GC(167) Medium Pages: 0 / 0M, Empty: 0M, Relocated: 0M, In-Place: 0
[131.215s][info][gc,reloc    ] GC(167) Large Pages: 2 / 12M, Empty: 6M, Relocated: 0M, In-Place: 0
[131.215s][info][gc,reloc    ] GC(167) Forwarding Usage: 14M
[131.215s][info][gc,heap     ] GC(167) Min Capacity: 8M(0%)
[131.215s][info][gc,heap     ] GC(167) Max Capacity: 2048M(100%)
[131.215s][info][gc,heap     ] GC(167) Soft Max Capacity: 2048M(100%)
[131.215s][info][gc,heap     ] GC(167)                Mark Start          Mark End        Relocate Start      Relocate End           High               Low         
[131.215s][info][gc,heap     ] GC(167)  Capacity:     2048M (100%)       2048M (100%)       2048M (100%)       2048M (100%)       2048M (100%)       2048M (100%)   
[131.215s][info][gc,heap     ] GC(167)      Free:      670M (33%)         530M (26%)         586M (29%)        1256M (61%)        1256M (61%)         528M (26%)    
[131.215s][info][gc,heap     ] GC(167)      Used:     1378M (67%)        1518M (74%)        1462M (71%)         792M (39%)        1520M (74%)         792M (39%)    
[131.215s][info][gc,heap     ] GC(167)      Live:         -               554M (27%)         554M (27%)         554M (27%)            -                  -          
[131.215s][info][gc,heap     ] GC(167) Allocated:         -               140M (7%)          148M (7%)          157M (8%)             -                  -          
[131.215s][info][gc,heap     ] GC(167)   Garbage:         -               823M (40%)         759M (37%)          79M (4%)             -                  -          
[131.215s][info][gc,heap     ] GC(167) Reclaimed:         -                  -                64M (3%)          743M (36%)            -                  -          
[131.215s][info][gc          ] GC(167) Garbage Collection (Allocation Rate) 1378M(67%)->792M(39%)
[131.335s][info][gc,start    ] GC(168) Garbage Collection (Allocation Rate)
[131.335s][info][gc,task     ] GC(168) Using 7 workers
[131.335s][info][gc,phases   ] GC(168) Pause Mark Start 0.012ms
[131.498s][info][gc,phases   ] GC(168) Concurrent Mark 163.574ms
[131.499s][info][gc,phases   ] GC(168) Pause Mark End 0.017ms
[131.499s][info][gc,phases   ] GC(168) Concurrent Mark Free 0.001ms
[131.499s][info][gc,phases   ] GC(168) Concurrent Process Non-Strong References 0.552ms
[131.499s][info][gc,phases   ] GC(168) Concurrent Reset Relocation Set 0.052ms
[131.504s][info][gc,phases   ] GC(168) Concurrent Select Relocation Set 4.377ms
[131.504s][info][gc,phases   ] GC(168) Pause Relocate Start 0.004ms
[131.507s][info][gc,phases   ] GC(168) Concurrent Relocate 3.482ms
[131.507s][info][gc,load     ] GC(168) Load: 0.00/0.00/0.00
[131.507s][info][gc,mmu      ] GC(168) MMU: 2ms/95.2%, 5ms/98.1%, 10ms/99.0%, 20ms/99.5%, 50ms/99.8%, 100ms/99.9%
[131.507s][info][gc,marking  ] GC(168) Mark: 4 stripe(s), 2 proactive flush(es), 1 terminate flush(es), 0 completion(s), 0 continuation(s) 
[131.507s][info][gc,marking  ] GC(168) Mark Stack Usage: 32M
[131.507s][info][gc,nmethod  ] GC(168) NMethods: 603 registered, 2 unregistered
[131.507s][info][gc,metaspace] GC(168) Metaspace: 16M used, 16M committed, 1088M reserved
[131.507s][info][gc,ref      ] GC(168) Soft: 171 encountered, 0 discovered, 0 enqueued
[131.507s][info][gc,ref      ] GC(168) Weak: 981 encountered, 134 discovered, 0 enqueued
[131.508s][info][gc,ref      ] GC(168) Final: 0 encountered, 0 discovered, 0 enqueued
[131.508s][info][gc,ref      ] GC(168) Phantom: 35 encountered, 16 discovered, 0 enqueued
[131.508s][info][gc,reloc    ] GC(168) Small Pages: 440 / 880M, Empty: 18M, Relocated: 6M, In-Place: 0
[131.508s][info][gc,reloc    ] GC(168) Medium Pages: 0 / 0M, Empty: 0M, Relocated: 0M, In-Place: 0
[131.508s][info][gc,reloc    ] GC(168) Large Pages: 1 / 6M, Empty: 0M, Relocated: 0M, In-Place: 0
[131.508s][info][gc,reloc    ] GC(168) Forwarding Usage: 3M
[131.508s][info][gc,heap     ] GC(168) Min Capacity: 8M(0%)
[131.508s][info][gc,heap     ] GC(168) Max Capacity: 2048M(100%)
[131.508s][info][gc,heap     ] GC(168) Soft Max Capacity: 2048M(100%)
[131.508s][info][gc,heap     ] GC(168)                Mark Start          Mark End        Relocate Start      Relocate End           High               Low         
[131.508s][info][gc,heap     ] GC(168)  Capacity:     2048M (100%)       2048M (100%)       2048M (100%)       2048M (100%)       2048M (100%)       2048M (100%)   
[131.508s][info][gc,heap     ] GC(168)      Free:     1162M (57%)        1092M (53%)        1110M (54%)        1366M (67%)        1366M (67%)        1092M (53%)    
[131.508s][info][gc,heap     ] GC(168)      Used:      886M (43%)         956M (47%)         938M (46%)         682M (33%)         956M (47%)         682M (33%)    
[131.508s][info][gc,heap     ] GC(168)      Live:         -               518M (25%)         518M (25%)         518M (25%)            -                  -          
[131.508s][info][gc,heap     ] GC(168) Allocated:         -                70M (3%)           70M (3%)           70M (3%)             -                  -          
[131.508s][info][gc,heap     ] GC(168)   Garbage:         -               367M (18%)         349M (17%)          93M (5%)             -                  -          
[131.508s][info][gc,heap     ] GC(168) Reclaimed:         -                  -                18M (1%)          274M (13%)            -                  -          
[131.508s][info][gc          ] GC(168) Garbage Collection (Allocation Rate) 886M(43%)->682M(33%)
[133.038s][info][gc,start    ] GC(169) Garbage Collection (System.gc())
[133.038s][info][gc,task     ] GC(169) Using 12 workers
[133.038s][info][gc,phases   ] GC(169) Pause Mark Start 0.015ms
[133.060s][info][gc,phases   ] GC(169) Concurrent Mark 21.722ms
[133.060s][info][gc,phases   ] GC(169) Pause Mark End 0.025ms
[133.060s][info][gc,phases   ] GC(169) Concurrent Mark Free 0.001ms
[133.061s][info][gc,phases   ] GC(169) Concurrent Process Non-Strong References 0.536ms
[133.061s][info][gc,phases   ] GC(169) Concurrent Reset Relocation Set 0.019ms
[133.064s][info][gc,phases   ] GC(169) Concurrent Select Relocation Set 3.048ms
[133.064s][info][gc,phases   ] GC(169) Pause Relocate Start 0.010ms
[133.066s][info][gc,phases   ] GC(169) Concurrent Relocate 1.792ms
[133.066s][info][gc,load     ] GC(169) Load: 0.00/0.00/0.00
[133.066s][info][gc,mmu      ] GC(169) MMU: 2ms/95.2%, 5ms/98.1%, 10ms/99.0%, 20ms/99.5%, 50ms/99.8%, 100ms/99.9%
[133.066s][info][gc,marking  ] GC(169) Mark: 8 stripe(s), 2 proactive flush(es), 1 terminate flush(es), 0 completion(s), 0 continuation(s) 
[133.066s][info][gc,marking  ] GC(169) Mark Stack Usage: 32M
[133.066s][info][gc,nmethod  ] GC(169) NMethods: 606 registered, 2 unregistered
[133.066s][info][gc,metaspace] GC(169) Metaspace: 16M used, 16M committed, 1088M reserved
[133.066s][info][gc,ref      ] GC(169) Soft: 171 encountered, 0 discovered, 0 enqueued
[133.066s][info][gc,ref      ] GC(169) Weak: 982 encountered, 234 discovered, 8 enqueued
[133.066s][info][gc,ref      ] GC(169) Final: 0 encountered, 0 discovered, 0 enqueued
[133.066s][info][gc,ref      ] GC(169) Phantom: 35 encountered, 18 discovered, 0 enqueued
[133.066s][info][gc,reloc    ] GC(169) Small Pages: 377 / 754M, Empty: 674M, Relocated: 8M, In-Place: 0
[133.066s][info][gc,reloc    ] GC(169) Medium Pages: 0 / 0M, Empty: 0M, Relocated: 0M, In-Place: 0
[133.066s][info][gc,reloc    ] GC(169) Large Pages: 1 / 6M, Empty: 6M, Relocated: 0M, In-Place: 0
[133.066s][info][gc,reloc    ] GC(169) Forwarding Usage: 2M
[133.066s][info][gc,heap     ] GC(169) Min Capacity: 8M(0%)
[133.066s][info][gc,heap     ] GC(169) Max Capacity: 2048M(100%)
[133.066s][info][gc,heap     ] GC(169) Soft Max Capacity: 2048M(100%)
[133.066s][info][gc,heap     ] GC(169)                Mark Start          Mark End        Relocate Start      Relocate End           High               Low         
[133.066s][info][gc,heap     ] GC(169)  Capacity:     2048M (100%)       2048M (100%)       2048M (100%)       2048M (100%)       2048M (100%)       2048M (100%)   
[133.066s][info][gc,heap     ] GC(169)      Free:     1288M (63%)        1288M (63%)        1968M (96%)        2000M (98%)        2000M (98%)        1288M (63%)    
[133.067s][info][gc,heap     ] GC(169)      Used:      760M (37%)         760M (37%)          80M (4%)           48M (2%)          760M (37%)          48M (2%)     
[133.067s][info][gc,heap     ] GC(169)      Live:         -                30M (1%)           30M (1%)           30M (1%)             -                  -          
[133.067s][info][gc,heap     ] GC(169) Allocated:         -                 0M (0%)            0M (0%)            0M (0%)             -                  -          
[133.067s][info][gc,heap     ] GC(169)   Garbage:         -               729M (36%)          49M (2%)           17M (1%)             -                  -          
[133.067s][info][gc,heap     ] GC(169) Reclaimed:         -                  -               680M (33%)         712M (35%)            -                  -          
[133.067s][info][gc          ] GC(169) Garbage Collection (System.gc()) 760M(37%)->48M(2%)
[134.843s][info][gc,start    ] GC(170) Garbage Collection (Allocation Rate)
[134.844s][info][gc,task     ] GC(170) Using 12 workers
[134.844s][info][gc,phases   ] GC(170) Pause Mark Start 0.011ms
[134.958s][info][gc          ] Allocation Stall (reactors-io-scheduler-ForkJoinPool-1-worker-38) 0.065ms
[134.958s][info][gc          ] Allocation Stall (reactors-io-scheduler-ForkJoinPool-1-worker-23) 0.068ms
[134.958s][info][gc          ] Allocation Stall (reactors-io-scheduler-ForkJoinPool-1-worker-21) 0.070ms
[134.958s][info][gc          ] Allocation Stall (reactors-io-scheduler-ForkJoinPool-1-worker-47) 0.090ms
[134.958s][info][gc          ] Allocation Stall (reactors-io-scheduler-ForkJoinPool-1-worker-33) 0.091ms
[134.958s][info][gc          ] Allocation Stall (reactors-io-scheduler-ForkJoinPool-1-worker-48) 0.091ms
[134.958s][info][gc          ] Allocation Stall (reactors-io-scheduler-ForkJoinPool-1-worker-12) 0.098ms
[134.958s][info][gc          ] Allocation Stall (reactors-io-scheduler-ForkJoinPool-1-worker-18) 0.120ms
[134.958s][info][gc          ] Allocation Stall (reactors-io-scheduler-ForkJoinPool-1-worker-46) 0.117ms
[134.958s][info][gc          ] Allocation Stall (reactors-io-scheduler-ForkJoinPool-1-worker-44) 0.117ms
[134.958s][info][gc          ] Allocation Stall (reactors-io-scheduler-ForkJoinPool-1-worker-4) 0.120ms
[134.958s][info][gc          ] Allocation Stall (reactors-io-scheduler-ForkJoinPool-1-worker-28) 0.112ms
[134.958s][info][gc          ] Allocation Stall (reactors-io-scheduler-ForkJoinPool-1-worker-10) 0.106ms
[134.958s][info][gc          ] Allocation Stall (reactors-io-scheduler-ForkJoinPool-1-worker-22) 0.110ms
[134.958s][info][gc          ] Allocation Stall (reactors-io-scheduler-ForkJoinPool-1-worker-9) 0.128ms
[134.958s][info][gc          ] Allocation Stall (reactors-io-scheduler-ForkJoinPool-1-worker-37) 0.157ms
[134.958s][info][gc          ] Allocation Stall (reactors-io-scheduler-ForkJoinPool-1-worker-31) 0.208ms
[134.958s][info][gc          ] Allocation Stall (reactors-io-scheduler-ForkJoinPool-1-worker-27) 0.188ms
[134.958s][info][gc          ] Allocation Stall (reactors-io-scheduler-ForkJoinPool-1-worker-5) 0.238ms
[134.968s][info][gc,phases   ] GC(170) Concurrent Mark 109.320ms
[134.969s][info][gc,phases   ] GC(170) Pause Mark End 0.019ms
[134.988s][info][gc,phases   ] GC(170) Concurrent Mark Free 0.001ms
[134.989s][info][gc,phases   ] GC(170) Concurrent Process Non-Strong References 1.004ms
[134.989s][info][gc,phases   ] GC(170) Concurrent Reset Relocation Set 0.003ms
[134.989s][info][gc          ] Allocation Stall (reactors-io-scheduler-ForkJoinPool-1-worker-10) 1.385ms
[134.989s][info][gc          ] Allocation Stall (reactors-io-scheduler-ForkJoinPool-1-worker-4) 0.833ms
[134.989s][info][gc          ] Allocation Stall (reactors-io-scheduler-ForkJoinPool-1-worker-22) 0.987ms
[134.989s][info][gc          ] Allocation Stall (reactors-io-scheduler-ForkJoinPool-1-worker-42) 1.352ms
[134.989s][info][gc          ] Allocation Stall (reactors-io-scheduler-ForkJoinPool-1-worker-11) 0.874ms
[134.989s][info][gc          ] Allocation Stall (reactors-io-scheduler-ForkJoinPool-1-worker-48) 1.150ms
[134.989s][info][gc          ] Allocation Stall (reactors-io-scheduler-ForkJoinPool-1-worker-3) 0.759ms
[134.989s][info][gc          ] Allocation Stall (reactors-io-scheduler-ForkJoinPool-1-worker-28) 0.879ms
[134.989s][info][gc          ] Allocation Stall (reactors-io-scheduler-ForkJoinPool-1-worker-41) 1.523ms
[134.989s][info][gc          ] Allocation Stall (reactors-io-scheduler-ForkJoinPool-1-worker-30) 0.500ms
[134.989s][info][gc          ] Allocation Stall (reactors-io-scheduler-ForkJoinPool-1-worker-21) 0.665ms
[134.999s][info][gc,phases   ] GC(170) Concurrent Select Relocation Set 10.452ms
[135.000s][info][gc,phases   ] GC(170) Pause Relocate Start 0.007ms
[135.066s][info][gc,phases   ] GC(170) Concurrent Relocate 4.138ms
[135.066s][info][gc,load     ] GC(170) Load: 0.00/0.00/0.00
[135.066s][info][gc,mmu      ] GC(170) MMU: 2ms/95.2%, 5ms/98.1%, 10ms/99.0%, 20ms/99.5%, 50ms/99.8%, 100ms/99.9%
[135.066s][info][gc,marking  ] GC(170) Mark: 8 stripe(s), 3 proactive flush(es), 1 terminate flush(es), 0 completion(s), 0 continuation(s) 
[135.066s][info][gc,marking  ] GC(170) Mark Stack Usage: 32M
[135.066s][info][gc,nmethod  ] GC(170) NMethods: 616 registered, 3 unregistered
[135.066s][info][gc,metaspace] GC(170) Metaspace: 16M used, 16M committed, 1088M reserved
[135.066s][info][gc,ref      ] GC(170) Soft: 171 encountered, 0 discovered, 0 enqueued
[135.066s][info][gc,ref      ] GC(170) Weak: 982 encountered, 129 discovered, 3 enqueued
[135.066s][info][gc,ref      ] GC(170) Final: 0 encountered, 0 discovered, 0 enqueued
[135.066s][info][gc,ref      ] GC(170) Phantom: 35 encountered, 11 discovered, 0 enqueued
[135.066s][info][gc,reloc    ] GC(170) Small Pages: 752 / 1504M, Empty: 1144M, Relocated: 8M, In-Place: 0
[135.067s][info][gc,reloc    ] GC(170) Medium Pages: 0 / 0M, Empty: 0M, Relocated: 0M, In-Place: 0
[135.067s][info][gc,reloc    ] GC(170) Large Pages: 0 / 0M, Empty: 0M, Relocated: 0M, In-Place: 0
[135.067s][info][gc,reloc    ] GC(170) Forwarding Usage: 2M
[135.067s][info][gc,heap     ] GC(170) Min Capacity: 8M(0%)
[135.067s][info][gc,heap     ] GC(170) Max Capacity: 2048M(100%)
[135.067s][info][gc,heap     ] GC(170) Soft Max Capacity: 2048M(100%)
[135.067s][info][gc,heap     ] GC(170)                Mark Start          Mark End        Relocate Start      Relocate End           High               Low         
[135.067s][info][gc,heap     ] GC(170)  Capacity:     2048M (100%)       2048M (100%)       2048M (100%)       2048M (100%)       2048M (100%)       2048M (100%)   
[135.067s][info][gc,heap     ] GC(170)      Free:      544M (27%)          28M (1%)         1066M (52%)        1048M (51%)        1108M (54%)           0M (0%)     
[135.067s][info][gc,heap     ] GC(170)      Used:     1504M (73%)        2020M (99%)         982M (48%)        1000M (49%)        2048M (100%)        940M (46%)    
[135.067s][info][gc,heap     ] GC(170)      Live:         -                32M (2%)           32M (2%)           32M (2%)             -                  -          
[135.067s][info][gc,heap     ] GC(170) Allocated:         -               516M (25%)         622M (30%)         947M (46%)            -                  -          
[135.067s][info][gc,heap     ] GC(170)   Garbage:         -              1471M (72%)         327M (16%)          20M (1%)             -                  -          
[135.067s][info][gc,heap     ] GC(170) Reclaimed:         -                  -              1144M (56%)        1451M (71%)            -                  -          
[135.067s][info][gc          ] GC(170) Garbage Collection (Allocation Rate) 1504M(73%)->1000M(49%)
[135.140s][info][gc,start    ] GC(171) Garbage Collection (Allocation Stall)
[135.140s][info][gc,ref      ] GC(171) Clearing All SoftReferences
[135.140s][info][gc,task     ] GC(171) Using 12 workers
[135.141s][info][gc,ref      ] GC(171) Clearing All SoftReferences
[135.141s][info][gc,phases   ] GC(171) Pause Mark Start 0.053ms
[135.265s][info][gc,phases   ] GC(171) Concurrent Mark 93.731ms
[135.265s][info][gc,phases   ] GC(171) Pause Mark End 0.020ms
[135.266s][info][gc,phases   ] GC(171) Concurrent Mark Free 0.001ms
[135.280s][info][gc,phases   ] GC(171) Concurrent Process Non-Strong References 14.400ms
[135.280s][info][gc,phases   ] GC(171) Concurrent Reset Relocation Set 0.056ms
[135.280s][info][gc          ] Allocation Stall (reactors-io-scheduler-ForkJoinPool-1-worker-16) 0.245ms
[135.280s][info][gc          ] Allocation Stall (reactors-io-scheduler-ForkJoinPool-1-worker-40) 0.386ms
[135.280s][info][gc          ] Allocation Stall (reactors-io-scheduler-ForkJoinPool-1-worker-11) 0.334ms
[135.280s][info][gc          ] Allocation Stall (reactors-io-scheduler-ForkJoinPool-1-worker-41) 0.066ms
[135.280s][info][gc          ] Allocation Stall (reactors-io-scheduler-ForkJoinPool-1-worker-10) 0.116ms
[135.280s][info][gc          ] Allocation Stall (reactors-io-scheduler-ForkJoinPool-1-worker-21) 0.361ms
[135.280s][info][gc          ] Allocation Stall (reactors-io-scheduler-ForkJoinPool-1-worker-3) 0.255ms
[135.280s][info][gc          ] Allocation Stall (reactors-io-scheduler-ForkJoinPool-1-worker-45) 0.176ms
[135.280s][info][gc          ] Allocation Stall (reactors-io-scheduler-ForkJoinPool-1-worker-1) 0.115ms
[135.280s][info][gc          ] Allocation Stall (reactors-io-scheduler-ForkJoinPool-1-worker-33) 0.191ms
[135.288s][info][gc,phases   ] GC(171) Concurrent Select Relocation Set 7.733ms
[135.323s][info][gc,phases   ] GC(171) Pause Relocate Start 0.009ms
[135.328s][info][gc,phases   ] GC(171) Concurrent Relocate 4.877ms
[135.328s][info][gc,load     ] GC(171) Load: 0.00/0.00/0.00
[135.328s][info][gc,mmu      ] GC(171) MMU: 2ms/95.2%, 5ms/98.1%, 10ms/99.0%, 20ms/99.5%, 50ms/99.8%, 100ms/99.9%
[135.328s][info][gc,marking  ] GC(171) Mark: 8 stripe(s), 3 proactive flush(es), 1 terminate flush(es), 0 completion(s), 0 continuation(s) 
[135.328s][info][gc,marking  ] GC(171) Mark Stack Usage: 32M
[135.328s][info][gc,nmethod  ] GC(171) NMethods: 616 registered, 3 unregistered
[135.328s][info][gc,metaspace] GC(171) Metaspace: 16M used, 16M committed, 1088M reserved
[135.328s][info][gc,ref      ] GC(171) Soft: 171 encountered, 39 discovered, 0 enqueued
[135.328s][info][gc,ref      ] GC(171) Weak: 979 encountered, 271 discovered, 0 enqueued
[135.328s][info][gc,ref      ] GC(171) Final: 0 encountered, 0 discovered, 0 enqueued
[135.328s][info][gc,ref      ] GC(171) Phantom: 35 encountered, 23 discovered, 0 enqueued
[135.328s][info][gc,reloc    ] GC(171) Small Pages: 682 / 1364M, Empty: 926M, Relocated: 8M, In-Place: 0
[135.328s][info][gc,reloc    ] GC(171) Medium Pages: 0 / 0M, Empty: 0M, Relocated: 0M, In-Place: 0
[135.328s][info][gc,reloc    ] GC(171) Large Pages: 0 / 0M, Empty: 0M, Relocated: 0M, In-Place: 0
[135.328s][info][gc,reloc    ] GC(171) Forwarding Usage: 2M
[135.328s][info][gc,heap     ] GC(171) Min Capacity: 8M(0%)
[135.328s][info][gc,heap     ] GC(171) Max Capacity: 2048M(100%)
[135.328s][info][gc,heap     ] GC(171) Soft Max Capacity: 2048M(100%)
[135.328s][info][gc,heap     ] GC(171)                Mark Start          Mark End        Relocate Start      Relocate End           High               Low         
[135.328s][info][gc,heap     ] GC(171)  Capacity:     2048M (100%)       2048M (100%)       2048M (100%)       2048M (100%)       2048M (100%)       2048M (100%)   
[135.328s][info][gc,heap     ] GC(171)      Free:      684M (33%)          70M (3%)          724M (35%)        1086M (53%)        1090M (53%)           0M (0%)     
[135.328s][info][gc,heap     ] GC(171)      Used:     1364M (67%)        1978M (97%)        1324M (65%)         962M (47%)        2048M (100%)        958M (47%)    
[135.328s][info][gc,heap     ] GC(171)      Live:         -                32M (2%)           32M (2%)           32M (2%)             -                  -          
[135.328s][info][gc,heap     ] GC(171) Allocated:         -               614M (30%)         886M (43%)         909M (44%)            -                  -          
[135.328s][info][gc,heap     ] GC(171)   Garbage:         -              1331M (65%)         405M (20%)          20M (1%)             -                  -          
[135.328s][info][gc,heap     ] GC(171) Reclaimed:         -                  -               926M (45%)        1311M (64%)            -                  -          
[135.328s][info][gc          ] GC(171) Garbage Collection (Allocation Stall) 1364M(67%)->962M(47%)
[135.343s][info][gc,start    ] GC(172) Garbage Collection (Allocation Stall)
[135.343s][info][gc,ref      ] GC(172) Clearing All SoftReferences
[135.343s][info][gc,task     ] GC(172) Using 12 workers
[135.343s][info][gc,ref      ] GC(172) Clearing All SoftReferences
[135.344s][info][gc,phases   ] GC(172) Pause Mark Start 0.023ms
[135.453s][info][gc,phases   ] GC(172) Concurrent Mark 93.725ms
[135.453s][info][gc,phases   ] GC(172) Pause Mark End 0.021ms
[135.468s][info][gc,phases   ] GC(172) Concurrent Mark Free 0.002ms
[135.484s][info][gc,phases   ] GC(172) Concurrent Process Non-Strong References 15.555ms
[135.484s][info][gc,phases   ] GC(172) Concurrent Reset Relocation Set 0.076ms
[135.492s][info][gc,phases   ] GC(172) Concurrent Select Relocation Set 7.635ms
[135.492s][info][gc,phases   ] GC(172) Pause Relocate Start 0.009ms
[135.510s][info][gc,phases   ] GC(172) Concurrent Relocate 2.376ms
[135.511s][info][gc,load     ] GC(172) Load: 0.00/0.00/0.00
[135.511s][info][gc,mmu      ] GC(172) MMU: 2ms/95.2%, 5ms/98.1%, 10ms/99.0%, 20ms/99.5%, 50ms/99.8%, 100ms/99.9%
[135.511s][info][gc,marking  ] GC(172) Mark: 8 stripe(s), 3 proactive flush(es), 1 terminate flush(es), 0 completion(s), 0 continuation(s) 
[135.511s][info][gc,marking  ] GC(172) Mark Stack Usage: 32M
[135.511s][info][gc,nmethod  ] GC(172) NMethods: 617 registered, 3 unregistered
[135.511s][info][gc,metaspace] GC(172) Metaspace: 16M used, 16M committed, 1088M reserved
[135.511s][info][gc,ref      ] GC(172) Soft: 171 encountered, 71 discovered, 0 enqueued
[135.511s][info][gc,ref      ] GC(172) Weak: 979 encountered, 208 discovered, 0 enqueued
[135.511s][info][gc,ref      ] GC(172) Final: 0 encountered, 0 discovered, 0 enqueued
[135.511s][info][gc,ref      ] GC(172) Phantom: 35 encountered, 12 discovered, 0 enqueued
[135.511s][info][gc,reloc    ] GC(172) Small Pages: 522 / 1044M, Empty: 740M, Relocated: 8M, In-Place: 0
[135.511s][info][gc,reloc    ] GC(172) Medium Pages: 0 / 0M, Empty: 0M, Relocated: 0M, In-Place: 0
[135.511s][info][gc,reloc    ] GC(172) Large Pages: 0 / 0M, Empty: 0M, Relocated: 0M, In-Place: 0
[135.511s][info][gc,reloc    ] GC(172) Forwarding Usage: 2M
[135.511s][info][gc,heap     ] GC(172) Min Capacity: 8M(0%)
[135.511s][info][gc,heap     ] GC(172) Max Capacity: 2048M(100%)
[135.511s][info][gc,heap     ] GC(172) Soft Max Capacity: 2048M(100%)
[135.511s][info][gc,heap     ] GC(172)                Mark Start          Mark End        Relocate Start      Relocate End           High               Low         
[135.511s][info][gc,heap     ] GC(172)  Capacity:     2048M (100%)       2048M (100%)       2048M (100%)       2048M (100%)       2048M (100%)       2048M (100%)   
[135.511s][info][gc,heap     ] GC(172)      Free:     1004M (49%)         436M (21%)         980M (48%)        1120M (55%)        1144M (56%)         274M (13%)    
[135.511s][info][gc,heap     ] GC(172)      Used:     1044M (51%)        1612M (79%)        1068M (52%)         928M (45%)        1774M (87%)         904M (44%)    
[135.511s][info][gc,heap     ] GC(172)      Live:         -                31M (2%)           31M (2%)           31M (2%)             -                  -          
[135.511s][info][gc,heap     ] GC(172) Allocated:         -               568M (28%)         764M (37%)         875M (43%)            -                  -          
[135.511s][info][gc,heap     ] GC(172)   Garbage:         -              1012M (49%)         272M (13%)          20M (1%)             -                  -          
[135.511s][info][gc,heap     ] GC(172) Reclaimed:         -                  -               740M (36%)         991M (48%)            -                  -          
[135.511s][info][gc          ] GC(172) Garbage Collection (Allocation Stall) 1044M(51%)->928M(45%)
[135.531s][info][gc,start    ] GC(173) Garbage Collection (Allocation Rate)
[135.531s][info][gc,task     ] GC(173) Using 12 workers
[135.531s][info][gc,phases   ] GC(173) Pause Mark Start 0.012ms
[135.562s][info][gc,phases   ] GC(173) Concurrent Mark 30.974ms
[135.562s][info][gc,phases   ] GC(173) Pause Mark End 0.020ms
[135.562s][info][gc,phases   ] GC(173) Concurrent Mark Free 0.001ms
[135.563s][info][gc,phases   ] GC(173) Concurrent Process Non-Strong References 0.512ms
[135.563s][info][gc,phases   ] GC(173) Concurrent Reset Relocation Set 0.024ms
[135.569s][info][gc,phases   ] GC(173) Concurrent Select Relocation Set 6.645ms
[135.570s][info][gc,phases   ] GC(173) Pause Relocate Start 0.007ms
[135.576s][info][gc,phases   ] GC(173) Concurrent Relocate 5.869ms
[135.576s][info][gc,load     ] GC(173) Load: 0.00/0.00/0.00
[135.576s][info][gc,mmu      ] GC(173) MMU: 2ms/95.2%, 5ms/98.1%, 10ms/99.0%, 20ms/99.5%, 50ms/99.8%, 100ms/99.9%
[135.576s][info][gc,marking  ] GC(173) Mark: 8 stripe(s), 3 proactive flush(es), 1 terminate flush(es), 0 completion(s), 0 continuation(s) 
[135.576s][info][gc,marking  ] GC(173) Mark Stack Usage: 32M
[135.576s][info][gc,nmethod  ] GC(173) NMethods: 617 registered, 3 unregistered
[135.576s][info][gc,metaspace] GC(173) Metaspace: 16M used, 16M committed, 1088M reserved
[135.576s][info][gc,ref      ] GC(173) Soft: 171 encountered, 0 discovered, 0 enqueued
[135.576s][info][gc,ref      ] GC(173) Weak: 981 encountered, 190 discovered, 0 enqueued
[135.576s][info][gc,ref      ] GC(173) Final: 0 encountered, 0 discovered, 0 enqueued
[135.576s][info][gc,ref      ] GC(173) Phantom: 35 encountered, 16 discovered, 0 enqueued
[135.576s][info][gc,reloc    ] GC(173) Small Pages: 463 / 926M, Empty: 820M, Relocated: 12M, In-Place: 0
[135.576s][info][gc,reloc    ] GC(173) Medium Pages: 1 / 32M, Empty: 0M, Relocated: 0M, In-Place: 0
[135.576s][info][gc,reloc    ] GC(173) Large Pages: 0 / 0M, Empty: 0M, Relocated: 0M, In-Place: 0
[135.576s][info][gc,reloc    ] GC(173) Forwarding Usage: 3M
[135.576s][info][gc,heap     ] GC(173) Min Capacity: 8M(0%)
[135.576s][info][gc,heap     ] GC(173) Max Capacity: 2048M(100%)
[135.576s][info][gc,heap     ] GC(173) Soft Max Capacity: 2048M(100%)
[135.576s][info][gc,heap     ] GC(173)                Mark Start          Mark End        Relocate Start      Relocate End           High               Low         
[135.576s][info][gc,heap     ] GC(173)  Capacity:     2048M (100%)       2048M (100%)       2048M (100%)       2048M (100%)       2048M (100%)       2048M (100%)   
[135.576s][info][gc,heap     ] GC(173)      Free:     1090M (53%)        1058M (52%)        1866M (91%)        1894M (92%)        1894M (92%)        1056M (52%)    
[135.576s][info][gc,heap     ] GC(173)      Used:      958M (47%)         990M (48%)         182M (9%)          154M (8%)          992M (48%)         154M (8%)     
[135.576s][info][gc,heap     ] GC(173)      Live:         -                53M (3%)           53M (3%)           53M (3%)             -                  -          
[135.576s][info][gc,heap     ] GC(173) Allocated:         -                32M (2%)           44M (2%)           49M (2%)             -                  -          
[135.576s][info][gc,heap     ] GC(173)   Garbage:         -               904M (44%)          84M (4%)           50M (2%)             -                  -          
[135.576s][info][gc,heap     ] GC(173) Reclaimed:         -                  -               820M (40%)         853M (42%)            -                  -          
[135.576s][info][gc          ] GC(173) Garbage Collection (Allocation Rate) 958M(47%)->154M(8%)
[135.640s][info][gc,start    ] GC(174) Garbage Collection (Allocation Rate)
[135.640s][info][gc,task     ] GC(174) Using 12 workers
[135.640s][info][gc,phases   ] GC(174) Pause Mark Start 0.015ms
[135.702s][info][gc,phases   ] GC(174) Concurrent Mark 62.062ms
[135.703s][info][gc,phases   ] GC(174) Pause Mark End 0.018ms
[135.703s][info][gc,phases   ] GC(174) Concurrent Mark Free 0.001ms
[135.703s][info][gc,phases   ] GC(174) Concurrent Process Non-Strong References 0.451ms
[135.703s][info][gc,phases   ] GC(174) Concurrent Reset Relocation Set 0.004ms
[135.718s][info][gc,phases   ] GC(174) Concurrent Select Relocation Set 14.258ms
[135.718s][info][gc,phases   ] GC(174) Pause Relocate Start 0.008ms
[135.736s][info][gc,phases   ] GC(174) Concurrent Relocate 18.123ms
[135.736s][info][gc,load     ] GC(174) Load: 0.00/0.00/0.00
[135.736s][info][gc,mmu      ] GC(174) MMU: 2ms/95.2%, 5ms/98.1%, 10ms/99.0%, 20ms/99.5%, 50ms/99.8%, 100ms/99.9%
[135.736s][info][gc,marking  ] GC(174) Mark: 8 stripe(s), 3 proactive flush(es), 1 terminate flush(es), 0 completion(s), 0 continuation(s) 
[135.736s][info][gc,marking  ] GC(174) Mark Stack Usage: 32M
[135.736s][info][gc,nmethod  ] GC(174) NMethods: 617 registered, 3 unregistered
[135.736s][info][gc,metaspace] GC(174) Metaspace: 16M used, 16M committed, 1088M reserved
[135.736s][info][gc,ref      ] GC(174) Soft: 171 encountered, 0 discovered, 0 enqueued
[135.736s][info][gc,ref      ] GC(174) Weak: 981 encountered, 93 discovered, 0 enqueued
[135.736s][info][gc,ref      ] GC(174) Final: 0 encountered, 0 discovered, 0 enqueued
[135.736s][info][gc,ref      ] GC(174) Phantom: 35 encountered, 14 discovered, 0 enqueued
[135.736s][info][gc,reloc    ] GC(174) Small Pages: 108 / 216M, Empty: 0M, Relocated: 61M, In-Place: 0
[135.736s][info][gc,reloc    ] GC(174) Medium Pages: 1 / 32M, Empty: 0M, Relocated: 0M, In-Place: 0
[135.736s][info][gc,reloc    ] GC(174) Large Pages: 0 / 0M, Empty: 0M, Relocated: 0M, In-Place: 0
[135.736s][info][gc,reloc    ] GC(174) Forwarding Usage: 25M
[135.736s][info][gc,heap     ] GC(174) Min Capacity: 8M(0%)
[135.736s][info][gc,heap     ] GC(174) Max Capacity: 2048M(100%)
[135.736s][info][gc,heap     ] GC(174) Soft Max Capacity: 2048M(100%)
[135.736s][info][gc,heap     ] GC(174)                Mark Start          Mark End        Relocate Start      Relocate End           High               Low         
[135.736s][info][gc,heap     ] GC(174)  Capacity:     2048M (100%)       2048M (100%)       2048M (100%)       2048M (100%)       2048M (100%)       2048M (100%)   
[135.736s][info][gc,heap     ] GC(174)      Free:     1800M (88%)        1736M (85%)        1720M (84%)        1742M (85%)        1800M (88%)        1694M (83%)    
[135.737s][info][gc,heap     ] GC(174)      Used:      248M (12%)         312M (15%)         328M (16%)         306M (15%)         354M (17%)         248M (12%)    
[135.737s][info][gc,heap     ] GC(174)      Live:         -               140M (7%)          140M (7%)          140M (7%)             -                  -          
[135.737s][info][gc,heap     ] GC(174) Allocated:         -                64M (3%)           80M (4%)           95M (5%)             -                  -          
[135.737s][info][gc,heap     ] GC(174)   Garbage:         -               107M (5%)          107M (5%)           69M (3%)             -                  -          
[135.737s][info][gc,heap     ] GC(174) Reclaimed:         -                  -                 0M (0%)           37M (2%)             -                  -          
[135.737s][info][gc          ] GC(174) Garbage Collection (Allocation Rate) 248M(12%)->306M(15%)
[135.843s][info][gc,start    ] GC(175) Garbage Collection (Allocation Rate)
[135.843s][info][gc,task     ] GC(175) Using 12 workers
[135.843s][info][gc,phases   ] GC(175) Pause Mark Start 0.017ms
[135.937s][info][gc,phases   ] GC(175) Concurrent Mark 93.281ms
[135.937s][info][gc,phases   ] GC(175) Pause Mark End 0.016ms
[135.937s][info][gc,phases   ] GC(175) Concurrent Mark Free 0.000ms
[135.937s][info][gc,phases   ] GC(175) Concurrent Process Non-Strong References 0.359ms
[135.937s][info][gc,phases   ] GC(175) Concurrent Reset Relocation Set 0.005ms
[135.965s][info][gc,phases   ] GC(175) Concurrent Select Relocation Set 27.556ms
[135.965s][info][gc,phases   ] GC(175) Pause Relocate Start 0.012ms
[135.994s][info][gc,phases   ] GC(175) Concurrent Relocate 28.490ms
[135.994s][info][gc,load     ] GC(175) Load: 0.00/0.00/0.00
[135.994s][info][gc,mmu      ] GC(175) MMU: 2ms/95.2%, 5ms/98.1%, 10ms/99.0%, 20ms/99.5%, 50ms/99.8%, 100ms/99.9%
[135.994s][info][gc,marking  ] GC(175) Mark: 8 stripe(s), 2 proactive flush(es), 1 terminate flush(es), 0 completion(s), 0 continuation(s) 
[135.994s][info][gc,marking  ] GC(175) Mark Stack Usage: 32M
[135.994s][info][gc,nmethod  ] GC(175) NMethods: 617 registered, 3 unregistered
[135.994s][info][gc,metaspace] GC(175) Metaspace: 16M used, 16M committed, 1088M reserved
[135.994s][info][gc,ref      ] GC(175) Soft: 171 encountered, 0 discovered, 0 enqueued
[135.994s][info][gc,ref      ] GC(175) Weak: 981 encountered, 544 discovered, 0 enqueued
[135.994s][info][gc,ref      ] GC(175) Final: 0 encountered, 0 discovered, 0 enqueued
[135.994s][info][gc,ref      ] GC(175) Phantom: 35 encountered, 22 discovered, 0 enqueued
[135.994s][info][gc,reloc    ] GC(175) Small Pages: 206 / 412M, Empty: 0M, Relocated: 104M, In-Place: 0
[135.994s][info][gc,reloc    ] GC(175) Medium Pages: 1 / 32M, Empty: 0M, Relocated: 0M, In-Place: 0
[135.994s][info][gc,reloc    ] GC(175) Large Pages: 0 / 0M, Empty: 0M, Relocated: 0M, In-Place: 0
[135.994s][info][gc,reloc    ] GC(175) Forwarding Usage: 43M
[135.994s][info][gc,heap     ] GC(175) Min Capacity: 8M(0%)
[135.994s][info][gc,heap     ] GC(175) Max Capacity: 2048M(100%)
[135.994s][info][gc,heap     ] GC(175) Soft Max Capacity: 2048M(100%)
[135.994s][info][gc,heap     ] GC(175)                Mark Start          Mark End        Relocate Start      Relocate End           High               Low         
[135.994s][info][gc,heap     ] GC(175)  Capacity:     2048M (100%)       2048M (100%)       2048M (100%)       2048M (100%)       2048M (100%)       2048M (100%)   
[135.994s][info][gc,heap     ] GC(175)      Free:     1604M (78%)        1536M (75%)        1502M (73%)        1536M (75%)        1604M (78%)        1472M (72%)    
[135.994s][info][gc,heap     ] GC(175)      Used:      444M (22%)         512M (25%)         546M (27%)         512M (25%)         576M (28%)         444M (22%)    
[135.994s][info][gc,heap     ] GC(175)      Live:         -               288M (14%)         288M (14%)         288M (14%)            -                  -          
[135.994s][info][gc,heap     ] GC(175) Allocated:         -                68M (3%)          102M (5%)          131M (6%)             -                  -          
[135.994s][info][gc,heap     ] GC(175)   Garbage:         -               155M (8%)          155M (8%)           92M (5%)             -                  -          
[135.994s][info][gc,heap     ] GC(175) Reclaimed:         -                  -                 0M (0%)           63M (3%)             -                  -          
[135.994s][info][gc          ] GC(175) Garbage Collection (Allocation Rate) 444M(22%)->512M(25%)
[136.031s][info][gc,start    ] GC(176) Garbage Collection (Allocation Rate)
[136.031s][info][gc,task     ] GC(176) Using 12 workers
[136.031s][info][gc,phases   ] GC(176) Pause Mark Start 0.017ms
[136.155s][info][gc,phases   ] GC(176) Concurrent Mark 124.516ms
[136.156s][info][gc,phases   ] GC(176) Pause Mark End 0.016ms
[136.156s][info][gc,phases   ] GC(176) Concurrent Mark Free 0.001ms
[136.156s][info][gc,phases   ] GC(176) Concurrent Process Non-Strong References 0.326ms
[136.156s][info][gc,phases   ] GC(176) Concurrent Reset Relocation Set 0.010ms
[136.163s][info][gc,phases   ] GC(176) Concurrent Select Relocation Set 6.852ms
[136.163s][info][gc,phases   ] GC(176) Pause Relocate Start 0.009ms
[136.175s][info][gc,phases   ] GC(176) Concurrent Relocate 12.300ms
[136.175s][info][gc,load     ] GC(176) Load: 0.00/0.00/0.00
[136.176s][info][gc,mmu      ] GC(176) MMU: 2ms/95.2%, 5ms/98.1%, 10ms/99.0%, 20ms/99.5%, 50ms/99.8%, 100ms/99.9%
[136.176s][info][gc,marking  ] GC(176) Mark: 8 stripe(s), 2 proactive flush(es), 1 terminate flush(es), 0 completion(s), 0 continuation(s) 
[136.176s][info][gc,marking  ] GC(176) Mark Stack Usage: 32M
[136.176s][info][gc,nmethod  ] GC(176) NMethods: 617 registered, 3 unregistered
[136.176s][info][gc,metaspace] GC(176) Metaspace: 16M used, 16M committed, 1088M reserved
[136.176s][info][gc,ref      ] GC(176) Soft: 171 encountered, 0 discovered, 0 enqueued
[136.176s][info][gc,ref      ] GC(176) Weak: 981 encountered, 236 discovered, 0 enqueued
[136.176s][info][gc,ref      ] GC(176) Final: 0 encountered, 0 discovered, 0 enqueued
[136.176s][info][gc,ref      ] GC(176) Phantom: 35 encountered, 22 discovered, 0 enqueued
[136.176s][info][gc,reloc    ] GC(176) Small Pages: 262 / 524M, Empty: 0M, Relocated: 38M, In-Place: 0
[136.176s][info][gc,reloc    ] GC(176) Medium Pages: 1 / 32M, Empty: 0M, Relocated: 0M, In-Place: 0
[136.176s][info][gc,reloc    ] GC(176) Large Pages: 0 / 0M, Empty: 0M, Relocated: 0M, In-Place: 0
[136.176s][info][gc,reloc    ] GC(176) Forwarding Usage: 17M
[136.176s][info][gc,heap     ] GC(176) Min Capacity: 8M(0%)
[136.176s][info][gc,heap     ] GC(176) Max Capacity: 2048M(100%)
[136.176s][info][gc,heap     ] GC(176) Soft Max Capacity: 2048M(100%)
[136.176s][info][gc,heap     ] GC(176)                Mark Start          Mark End        Relocate Start      Relocate End           High               Low         
[136.176s][info][gc,heap     ] GC(176)  Capacity:     2048M (100%)       2048M (100%)       2048M (100%)       2048M (100%)       2048M (100%)       2048M (100%)   
[136.176s][info][gc,heap     ] GC(176)      Free:     1492M (73%)        1388M (68%)        1380M (67%)        1392M (68%)        1492M (73%)        1356M (66%)    
[136.176s][info][gc,heap     ] GC(176)      Used:      556M (27%)         660M (32%)         668M (33%)         656M (32%)         692M (34%)         556M (27%)    
[136.176s][info][gc,heap     ] GC(176)      Live:         -               398M (19%)         398M (19%)         398M (19%)            -                  -          
[136.176s][info][gc,heap     ] GC(176) Allocated:         -               104M (5%)          112M (5%)          125M (6%)             -                  -          
[136.176s][info][gc,heap     ] GC(176)   Garbage:         -               157M (8%)          157M (8%)          131M (6%)             -                  -          
[136.176s][info][gc,heap     ] GC(176) Reclaimed:         -                  -                 0M (0%)           25M (1%)             -                  -          
[136.176s][info][gc          ] GC(176) Garbage Collection (Allocation Rate) 556M(27%)->656M(32%)
[136.234s][info][gc,start    ] GC(177) Garbage Collection (Allocation Rate)
[136.234s][info][gc,task     ] GC(177) Using 12 workers
[136.234s][info][gc,phases   ] GC(177) Pause Mark Start 0.016ms
[136.390s][info][gc,phases   ] GC(177) Concurrent Mark 155.783ms
[136.390s][info][gc,phases   ] GC(177) Pause Mark End 0.025ms
[136.390s][info][gc,phases   ] GC(177) Concurrent Mark Free 0.001ms
[136.390s][info][gc,phases   ] GC(177) Concurrent Process Non-Strong References 0.375ms
[136.391s][info][gc,phases   ] GC(177) Concurrent Reset Relocation Set 0.006ms
[136.420s][info][gc,phases   ] GC(177) Concurrent Select Relocation Set 29.377ms
[136.420s][info][gc,phases   ] GC(177) Pause Relocate Start 0.013ms
[136.440s][info][gc,phases   ] GC(177) Concurrent Relocate 19.428ms
[136.440s][info][gc,load     ] GC(177) Load: 0.00/0.00/0.00
[136.440s][info][gc,mmu      ] GC(177) MMU: 2ms/95.2%, 5ms/98.1%, 10ms/99.0%, 20ms/99.5%, 50ms/99.8%, 100ms/99.9%
[136.440s][info][gc,marking  ] GC(177) Mark: 8 stripe(s), 2 proactive flush(es), 1 terminate flush(es), 0 completion(s), 0 continuation(s) 
[136.440s][info][gc,marking  ] GC(177) Mark Stack Usage: 32M
[136.440s][info][gc,nmethod  ] GC(177) NMethods: 617 registered, 3 unregistered
[136.440s][info][gc,metaspace] GC(177) Metaspace: 16M used, 16M committed, 1088M reserved
[136.440s][info][gc,ref      ] GC(177) Soft: 171 encountered, 0 discovered, 0 enqueued
[136.440s][info][gc,ref      ] GC(177) Weak: 981 encountered, 272 discovered, 0 enqueued
[136.440s][info][gc,ref      ] GC(177) Final: 0 encountered, 0 discovered, 0 enqueued
[136.440s][info][gc,ref      ] GC(177) Phantom: 35 encountered, 30 discovered, 0 enqueued
[136.440s][info][gc,reloc    ] GC(177) Small Pages: 347 / 694M, Empty: 0M, Relocated: 52M, In-Place: 0
[136.440s][info][gc,reloc    ] GC(177) Medium Pages: 1 / 32M, Empty: 0M, Relocated: 0M, In-Place: 0
[136.440s][info][gc,reloc    ] GC(177) Large Pages: 0 / 0M, Empty: 0M, Relocated: 0M, In-Place: 0
[136.440s][info][gc,reloc    ] GC(177) Forwarding Usage: 22M
[136.440s][info][gc,heap     ] GC(177) Min Capacity: 8M(0%)
[136.440s][info][gc,heap     ] GC(177) Max Capacity: 2048M(100%)
[136.440s][info][gc,heap     ] GC(177) Soft Max Capacity: 2048M(100%)
[136.440s][info][gc,heap     ] GC(177)                Mark Start          Mark End        Relocate Start      Relocate End           High               Low         
[136.440s][info][gc,heap     ] GC(177)  Capacity:     2048M (100%)       2048M (100%)       2048M (100%)       2048M (100%)       2048M (100%)       2048M (100%)   
[136.440s][info][gc,heap     ] GC(177)      Free:     1322M (65%)        1186M (58%)        1128M (55%)        1164M (57%)        1322M (65%)        1104M (54%)    
[136.440s][info][gc,heap     ] GC(177)      Used:      726M (35%)         862M (42%)         920M (45%)         884M (43%)         944M (46%)         726M (35%)    
[136.440s][info][gc,heap     ] GC(177)      Live:         -               524M (26%)         524M (26%)         524M (26%)            -                  -          
[136.440s][info][gc,heap     ] GC(177) Allocated:         -               136M (7%)          194M (9%)          193M (9%)             -                  -          
[136.440s][info][gc,heap     ] GC(177)   Garbage:         -               201M (10%)         201M (10%)         165M (8%)             -                  -          
[136.440s][info][gc,heap     ] GC(177) Reclaimed:         -                  -                 0M (0%)           35M (2%)             -                  -          
[136.440s][info][gc          ] GC(177) Garbage Collection (Allocation Rate) 726M(35%)->884M(43%)
[136.530s][info][gc,start    ] GC(178) Garbage Collection (Allocation Rate)
[136.530s][info][gc,task     ] GC(178) Using 12 workers
[136.531s][info][gc,phases   ] GC(178) Pause Mark Start 0.010ms
[136.702s][info][gc,phases   ] GC(178) Concurrent Mark 171.508ms
[136.702s][info][gc,phases   ] GC(178) Pause Mark End 0.019ms
[136.702s][info][gc,phases   ] GC(178) Concurrent Mark Free 0.001ms
[136.703s][info][gc,phases   ] GC(178) Concurrent Process Non-Strong References 0.336ms
[136.703s][info][gc,phases   ] GC(178) Concurrent Reset Relocation Set 0.011ms
[136.730s][info][gc,phases   ] GC(178) Concurrent Select Relocation Set 27.048ms
[136.730s][info][gc,phases   ] GC(178) Pause Relocate Start 0.009ms
[136.760s][info][gc,phases   ] GC(178) Concurrent Relocate 29.397ms
[136.760s][info][gc,load     ] GC(178) Load: 0.00/0.00/0.00
[136.760s][info][gc,mmu      ] GC(178) MMU: 2ms/95.2%, 5ms/98.1%, 10ms/99.0%, 20ms/99.5%, 50ms/99.8%, 100ms/99.9%
[136.760s][info][gc,marking  ] GC(178) Mark: 8 stripe(s), 3 proactive flush(es), 1 terminate flush(es), 0 completion(s), 0 continuation(s) 
[136.760s][info][gc,marking  ] GC(178) Mark Stack Usage: 32M
[136.760s][info][gc,nmethod  ] GC(178) NMethods: 617 registered, 3 unregistered
[136.760s][info][gc,metaspace] GC(178) Metaspace: 16M used, 16M committed, 1088M reserved
[136.760s][info][gc,ref      ] GC(178) Soft: 171 encountered, 0 discovered, 0 enqueued
[136.760s][info][gc,ref      ] GC(178) Weak: 984 encountered, 55 discovered, 3 enqueued
[136.760s][info][gc,ref      ] GC(178) Final: 0 encountered, 0 discovered, 0 enqueued
[136.760s][info][gc,ref      ] GC(178) Phantom: 35 encountered, 16 discovered, 0 enqueued
[136.760s][info][gc,reloc    ] GC(178) Small Pages: 431 / 862M, Empty: 0M, Relocated: 111M, In-Place: 0
[136.760s][info][gc,reloc    ] GC(178) Medium Pages: 2 / 64M, Empty: 0M, Relocated: 3M, In-Place: 0
[136.760s][info][gc,reloc    ] GC(178) Large Pages: 0 / 0M, Empty: 0M, Relocated: 0M, In-Place: 0
[136.760s][info][gc,reloc    ] GC(178) Forwarding Usage: 47M
[136.760s][info][gc,heap     ] GC(178) Min Capacity: 8M(0%)
[136.760s][info][gc,heap     ] GC(178) Max Capacity: 2048M(100%)
[136.760s][info][gc,heap     ] GC(178) Soft Max Capacity: 2048M(100%)
[136.760s][info][gc,heap     ] GC(178)                Mark Start          Mark End        Relocate Start      Relocate End           High               Low         
[136.760s][info][gc,heap     ] GC(178)  Capacity:     2048M (100%)       2048M (100%)       2048M (100%)       2048M (100%)       2048M (100%)       2048M (100%)   
[136.760s][info][gc,heap     ] GC(178)      Free:     1122M (55%)        1060M (52%)        1044M (51%)        1132M (55%)        1132M (55%)         960M (47%)    
[136.760s][info][gc,heap     ] GC(178)      Used:      926M (45%)         988M (48%)        1004M (49%)         916M (45%)        1088M (53%)         916M (45%)    
[136.760s][info][gc,heap     ] GC(178)      Live:         -               610M (30%)         610M (30%)         610M (30%)            -                  -          
[136.760s][info][gc,heap     ] GC(178) Allocated:         -                62M (3%)           78M (4%)          116M (6%)             -                  -          
[136.760s][info][gc,heap     ] GC(178)   Garbage:         -               315M (15%)         315M (15%)         188M (9%)             -                  -          
[136.760s][info][gc,heap     ] GC(178) Reclaimed:         -                  -                 0M (0%)          126M (6%)             -                  -          
[136.760s][info][gc          ] GC(178) Garbage Collection (Allocation Rate) 926M(45%)->916M(45%)
[136.830s][info][gc,start    ] GC(179) Garbage Collection (Allocation Rate)
[136.830s][info][gc,task     ] GC(179) Using 12 workers
[136.830s][info][gc,phases   ] GC(179) Pause Mark Start 0.017ms
[136.845s][info][gc,phases   ] GC(179) Concurrent Mark 15.190ms
[136.845s][info][gc,phases   ] GC(179) Pause Mark End 0.024ms
[136.845s][info][gc,phases   ] GC(179) Concurrent Mark Free 0.001ms
[136.846s][info][gc,phases   ] GC(179) Concurrent Process Non-Strong References 0.580ms
[136.846s][info][gc,phases   ] GC(179) Concurrent Reset Relocation Set 0.042ms
[136.864s][info][gc,phases   ] GC(179) Concurrent Select Relocation Set 17.320ms
[136.864s][info][gc,phases   ] GC(179) Pause Relocate Start 0.007ms
[136.866s][info][gc,phases   ] GC(179) Concurrent Relocate 2.484ms
[136.866s][info][gc,load     ] GC(179) Load: 0.00/0.00/0.00
[136.867s][info][gc,mmu      ] GC(179) MMU: 2ms/95.2%, 5ms/98.1%, 10ms/99.0%, 20ms/99.5%, 50ms/99.8%, 100ms/99.9%
[136.867s][info][gc,marking  ] GC(179) Mark: 8 stripe(s), 2 proactive flush(es), 1 terminate flush(es), 0 completion(s), 0 continuation(s) 
[136.867s][info][gc,marking  ] GC(179) Mark Stack Usage: 32M
[136.867s][info][gc,nmethod  ] GC(179) NMethods: 617 registered, 4 unregistered
[136.867s][info][gc,metaspace] GC(179) Metaspace: 16M used, 16M committed, 1088M reserved
[136.867s][info][gc,ref      ] GC(179) Soft: 171 encountered, 0 discovered, 0 enqueued
[136.867s][info][gc,ref      ] GC(179) Weak: 981 encountered, 266 discovered, 2 enqueued
[136.867s][info][gc,ref      ] GC(179) Final: 0 encountered, 0 discovered, 0 enqueued
[136.867s][info][gc,ref      ] GC(179) Phantom: 35 encountered, 24 discovered, 0 enqueued
[136.867s][info][gc,reloc    ] GC(179) Small Pages: 431 / 862M, Empty: 780M, Relocated: 4M, In-Place: 0
[136.867s][info][gc,reloc    ] GC(179) Medium Pages: 2 / 64M, Empty: 64M, Relocated: 0M, In-Place: 0
[136.867s][info][gc,reloc    ] GC(179) Large Pages: 0 / 0M, Empty: 0M, Relocated: 0M, In-Place: 0
[136.867s][info][gc,reloc    ] GC(179) Forwarding Usage: 1M
[136.867s][info][gc,heap     ] GC(179) Min Capacity: 8M(0%)
[136.867s][info][gc,heap     ] GC(179) Max Capacity: 2048M(100%)
[136.867s][info][gc,heap     ] GC(179) Soft Max Capacity: 2048M(100%)
[136.867s][info][gc,heap     ] GC(179)                Mark Start          Mark End        Relocate Start      Relocate End           High               Low         
[136.867s][info][gc,heap     ] GC(179)  Capacity:     2048M (100%)       2048M (100%)       2048M (100%)       2048M (100%)       2048M (100%)       2048M (100%)   
[136.867s][info][gc,heap     ] GC(179)      Free:     1122M (55%)        1120M (55%)        1964M (96%)        1992M (97%)        1992M (97%)        1120M (55%)    
[136.867s][info][gc,heap     ] GC(179)      Used:      926M (45%)         928M (45%)          84M (4%)           56M (3%)          928M (45%)          56M (3%)     
[136.867s][info][gc,heap     ] GC(179)      Live:         -                30M (2%)           30M (2%)           30M (2%)             -                  -          
[136.867s][info][gc,heap     ] GC(179) Allocated:         -                 2M (0%)            2M (0%)            1M (0%)             -                  -          
[136.867s][info][gc,heap     ] GC(179)   Garbage:         -               895M (44%)          51M (2%)           23M (1%)             -                  -          
[136.867s][info][gc,heap     ] GC(179) Reclaimed:         -                  -               844M (41%)         871M (43%)            -                  -          
[136.867s][info][gc          ] GC(179) Garbage Collection (Allocation Rate) 926M(45%)->56M(3%)
[136.932s][info][gc,start    ] GC(180) Garbage Collection (Allocation Rate)
[136.953s][info][gc,task     ] GC(180) Using 12 workers
[136.953s][info][gc,phases   ] GC(180) Pause Mark Start 0.013ms
[136.975s][info][gc,phases   ] GC(180) Concurrent Mark 21.954ms
[136.976s][info][gc,phases   ] GC(180) Pause Mark End 0.022ms
[136.976s][info][gc,phases   ] GC(180) Concurrent Mark Free 0.001ms
[136.976s][info][gc,phases   ] GC(180) Concurrent Process Non-Strong References 0.592ms
[136.976s][info][gc,phases   ] GC(180) Concurrent Reset Relocation Set 0.004ms
[136.984s][info][gc,phases   ] GC(180) Concurrent Select Relocation Set 7.918ms
[136.984s][info][gc,phases   ] GC(180) Pause Relocate Start 0.006ms
[136.986s][info][gc,phases   ] GC(180) Concurrent Relocate 1.352ms
[136.986s][info][gc,load     ] GC(180) Load: 0.00/0.00/0.00
[136.986s][info][gc,mmu      ] GC(180) MMU: 2ms/95.2%, 5ms/98.1%, 10ms/99.0%, 20ms/99.5%, 50ms/99.8%, 100ms/99.9%
[136.986s][info][gc,marking  ] GC(180) Mark: 8 stripe(s), 5 proactive flush(es), 1 terminate flush(es), 0 completion(s), 0 continuation(s) 
[136.986s][info][gc,marking  ] GC(180) Mark Stack Usage: 32M
[136.986s][info][gc,nmethod  ] GC(180) NMethods: 617 registered, 4 unregistered
[136.986s][info][gc,metaspace] GC(180) Metaspace: 16M used, 16M committed, 1088M reserved
[136.986s][info][gc,ref      ] GC(180) Soft: 171 encountered, 0 discovered, 0 enqueued
[136.986s][info][gc,ref      ] GC(180) Weak: 979 encountered, 172 discovered, 0 enqueued
[136.986s][info][gc,ref      ] GC(180) Final: 0 encountered, 0 discovered, 0 enqueued
[136.986s][info][gc,ref      ] GC(180) Phantom: 35 encountered, 18 discovered, 0 enqueued
[136.986s][info][gc,reloc    ] GC(180) Small Pages: 30 / 60M, Empty: 0M, Relocated: 5M, In-Place: 0
[136.986s][info][gc,reloc    ] GC(180) Medium Pages: 0 / 0M, Empty: 0M, Relocated: 0M, In-Place: 0
[136.986s][info][gc,reloc    ] GC(180) Large Pages: 0 / 0M, Empty: 0M, Relocated: 0M, In-Place: 0
[136.986s][info][gc,reloc    ] GC(180) Forwarding Usage: 1M
[136.986s][info][gc,heap     ] GC(180) Min Capacity: 8M(0%)
[136.986s][info][gc,heap     ] GC(180) Max Capacity: 2048M(100%)
[136.986s][info][gc,heap     ] GC(180) Soft Max Capacity: 2048M(100%)
[136.986s][info][gc,heap     ] GC(180)                Mark Start          Mark End        Relocate Start      Relocate End           High               Low         
[136.986s][info][gc,heap     ] GC(180)  Capacity:     2048M (100%)       2048M (100%)       2048M (100%)       2048M (100%)       2048M (100%)       2048M (100%)   
[136.986s][info][gc,heap     ] GC(180)      Free:     1988M (97%)        1986M (97%)        1986M (97%)        1990M (97%)        1990M (97%)        1960M (96%)    
[136.987s][info][gc,heap     ] GC(180)      Used:       60M (3%)           62M (3%)           62M (3%)           58M (3%)           88M (4%)           58M (3%)     
[136.987s][info][gc,heap     ] GC(180)      Live:         -                31M (2%)           31M (2%)           31M (2%)             -                  -          
[136.987s][info][gc,heap     ] GC(180) Allocated:         -                 2M (0%)            2M (0%)            3M (0%)             -                  -          
[136.987s][info][gc,heap     ] GC(180)   Garbage:         -                28M (1%)           28M (1%)           23M (1%)             -                  -          
[136.987s][info][gc,heap     ] GC(180) Reclaimed:         -                  -                 0M (0%)            5M (0%)             -                  -          
[136.987s][info][gc          ] GC(180) Garbage Collection (Allocation Rate) 60M(3%)->58M(3%)
[137.032s][info][gc,start    ] GC(181) Garbage Collection (Allocation Rate)
[137.032s][info][gc,task     ] GC(181) Using 12 workers
[137.032s][info][gc,phases   ] GC(181) Pause Mark Start 0.009ms
[137.046s][info][gc,phases   ] GC(181) Concurrent Mark 14.021ms
[137.046s][info][gc,phases   ] GC(181) Pause Mark End 0.015ms
[137.046s][info][gc,phases   ] GC(181) Concurrent Mark Free 0.001ms
[137.047s][info][gc,phases   ] GC(181) Concurrent Process Non-Strong References 0.497ms
[137.047s][info][gc,phases   ] GC(181) Concurrent Reset Relocation Set 0.002ms
[137.053s][info][gc,phases   ] GC(181) Concurrent Select Relocation Set 5.514ms
[137.053s][info][gc,phases   ] GC(181) Pause Relocate Start 0.004ms
[137.055s][info][gc,phases   ] GC(181) Concurrent Relocate 1.845ms
[137.055s][info][gc,load     ] GC(181) Load: 0.00/0.00/0.00
[137.055s][info][gc,mmu      ] GC(181) MMU: 2ms/95.2%, 5ms/98.1%, 10ms/99.0%, 20ms/99.5%, 50ms/99.8%, 100ms/99.9%
[137.055s][info][gc,marking  ] GC(181) Mark: 8 stripe(s), 5 proactive flush(es), 1 terminate flush(es), 0 completion(s), 0 continuation(s) 
[137.055s][info][gc,marking  ] GC(181) Mark Stack Usage: 32M
[137.055s][info][gc,nmethod  ] GC(181) NMethods: 617 registered, 4 unregistered
[137.055s][info][gc,metaspace] GC(181) Metaspace: 16M used, 16M committed, 1088M reserved
[137.055s][info][gc,ref      ] GC(181) Soft: 171 encountered, 0 discovered, 0 enqueued
[137.055s][info][gc,ref      ] GC(181) Weak: 979 encountered, 268 discovered, 0 enqueued
[137.055s][info][gc,ref      ] GC(181) Final: 0 encountered, 0 discovered, 0 enqueued
[137.055s][info][gc,ref      ] GC(181) Phantom: 35 encountered, 24 discovered, 0 enqueued
[137.055s][info][gc,reloc    ] GC(181) Small Pages: 29 / 58M, Empty: 0M, Relocated: 6M, In-Place: 0
[137.055s][info][gc,reloc    ] GC(181) Medium Pages: 0 / 0M, Empty: 0M, Relocated: 0M, In-Place: 0
[137.055s][info][gc,reloc    ] GC(181) Large Pages: 0 / 0M, Empty: 0M, Relocated: 0M, In-Place: 0
[137.055s][info][gc,reloc    ] GC(181) Forwarding Usage: 1M
[137.055s][info][gc,heap     ] GC(181) Min Capacity: 8M(0%)
[137.055s][info][gc,heap     ] GC(181) Max Capacity: 2048M(100%)
[137.055s][info][gc,heap     ] GC(181) Soft Max Capacity: 2048M(100%)
[137.055s][info][gc,heap     ] GC(181)                Mark Start          Mark End        Relocate Start      Relocate End           High               Low         
[137.055s][info][gc,heap     ] GC(181)  Capacity:     2048M (100%)       2048M (100%)       2048M (100%)       2048M (100%)       2048M (100%)       2048M (100%)   
[137.055s][info][gc,heap     ] GC(181)      Free:     1990M (97%)        1988M (97%)        1988M (97%)        1992M (97%)        1992M (97%)        1964M (96%)    
[137.055s][info][gc,heap     ] GC(181)      Used:       58M (3%)           60M (3%)           60M (3%)           56M (3%)           84M (4%)           56M (3%)     
[137.055s][info][gc,heap     ] GC(181)      Live:         -                32M (2%)           32M (2%)           32M (2%)             -                  -          
[137.055s][info][gc,heap     ] GC(181) Allocated:         -                 2M (0%)            2M (0%)            1M (0%)             -                  -          
[137.055s][info][gc,heap     ] GC(181)   Garbage:         -                25M (1%)           25M (1%)           21M (1%)             -                  -          
[137.055s][info][gc,heap     ] GC(181) Reclaimed:         -                  -                 0M (0%)            3M (0%)             -                  -          
[137.055s][info][gc          ] GC(181) Garbage Collection (Allocation Rate) 58M(3%)->56M(3%)
[140.142s][info][gc,stats    ] === Garbage Collection Statistics =======================================================================================================================
[140.142s][info][gc,stats    ]                                                              Last 10s              Last 10m              Last 10h                Total
[140.142s][info][gc,stats    ]                                                              Avg / Max             Avg / Max             Avg / Max             Avg / Max
[140.143s][info][gc,stats    ]   Collector: Garbage Collection Cycle                    135.611 / 270.242     157.575 / 411.964     157.575 / 411.964     157.575 / 411.964     ms
[140.143s][info][gc,stats    ]  Contention: Mark Segment Reset Contention                     4 / 24                5 / 54                5 / 54                5 / 54          ops/s
[140.143s][info][gc,stats    ]  Contention: Mark SeqNum Reset Contention                      1 / 6                 0 / 9                 0 / 9                 0 / 9           ops/s
[140.143s][info][gc,stats    ]    Critical: Allocation Stall                                  4 / 30                4 / 173               4 / 173               4 / 173         ops/s
[140.143s][info][gc,stats    ]    Critical: Allocation Stall                              0.386 / 1.523         9.256 / 32.476        9.256 / 32.476        9.256 / 32.476      ms
[140.143s][info][gc,stats    ]    Critical: GC Locker Stall                                   0 / 0                 0 / 0                 0 / 0                 0 / 0           ops/s
[140.143s][info][gc,stats    ]    Critical: GC Locker Stall                               0.000 / 0.000         0.000 / 0.000         0.000 / 0.000         0.000 / 0.000       ms
[140.143s][info][gc,stats    ]    Critical: Relocation Stall                                  0 / 0                 0 / 0                 0 / 0                 0 / 0           ops/s
[140.143s][info][gc,stats    ]    Critical: Relocation Stall                              0.000 / 0.000         0.000 / 0.000         0.000 / 0.000         0.000 / 0.000       ms
[140.143s][info][gc,stats    ]      Memory: Allocation Rate                                 818 / 3526            689 / 5930            689 / 5930            689 / 5930        MB/s
[140.143s][info][gc,stats    ]      Memory: Defragment                                        6 / 64                2 / 80                2 / 80                2 / 80          ops/s
[140.143s][info][gc,stats    ]      Memory: Out Of Memory                                     0 / 0                 0 / 0                 0 / 0                 0 / 0           ops/s
[140.143s][info][gc,stats    ]      Memory: Page Cache Flush                                 25 / 128              12 / 160              12 / 160              12 / 160         MB/s
[140.143s][info][gc,stats    ]      Memory: Page Cache Hit L1                               432 / 1717            376 / 2940            376 / 2940            376 / 2940        ops/s
[140.143s][info][gc,stats    ]      Memory: Page Cache Hit L2                                 0 / 0                 0 / 0                 0 / 0                 0 / 0           ops/s
[140.143s][info][gc,stats    ]      Memory: Page Cache Hit L3                                 5 / 58                9 / 438               9 / 438               9 / 438         ops/s
[140.143s][info][gc,stats    ]      Memory: Page Cache Miss                                   0 / 3                 0 / 4                 0 / 4                 0 / 4           ops/s
[140.143s][info][gc,stats    ]      Memory: Uncommit                                          0 / 0                 0 / 0                 0 / 0                 0 / 0           MB/s
[140.143s][info][gc,stats    ]      Memory: Undo Object Allocation Failed                    46 / 312              19 / 312              19 / 312              19 / 312         ops/s
[140.143s][info][gc,stats    ]      Memory: Undo Object Allocation Succeeded                  7 / 48                5 / 229               5 / 229               5 / 229         ops/s
[140.143s][info][gc,stats    ]      Memory: Undo Page Allocation                             67 / 425              53 / 761              53 / 761              53 / 761         ops/s
[140.143s][info][gc,stats    ]       Phase: Concurrent Mark                              91.601 / 202.658     103.649 / 354.211     103.649 / 354.211     103.649 / 354.211     ms
[140.143s][info][gc,stats    ]       Phase: Concurrent Mark Continue                      0.000 / 0.000         0.000 / 0.000         0.000 / 0.000         0.000 / 0.000       ms
[140.143s][info][gc,stats    ]       Phase: Concurrent Mark Free                          0.001 / 0.002         0.005 / 0.804         0.005 / 0.804         0.005 / 0.804       ms
[140.143s][info][gc,stats    ]       Phase: Concurrent Process Non-Strong References      2.455 / 15.555        1.507 / 27.626        1.507 / 27.626        1.507 / 27.626      ms
[140.144s][info][gc,stats    ]       Phase: Concurrent Relocate                          10.348 / 29.397       16.655 / 87.199       16.655 / 87.199       16.655 / 87.199      ms
[140.144s][info][gc,stats    ]       Phase: Concurrent Reset Relocation Set               0.023 / 0.076         0.020 / 0.096         0.020 / 0.096         0.020 / 0.096       ms
[140.144s][info][gc,stats    ]       Phase: Concurrent Select Relocation Set             12.658 / 29.377       15.504 / 67.766       15.504 / 67.766       15.504 / 67.766      ms
[140.144s][info][gc,stats    ]       Phase: Pause Mark End                                0.020 / 0.025         0.019 / 0.060         0.019 / 0.060         0.019 / 0.060       ms
[140.144s][info][gc,stats    ]       Phase: Pause Mark Start                              0.017 / 0.053         0.015 / 0.095         0.015 / 0.095         0.015 / 0.095       ms
[140.144s][info][gc,stats    ]       Phase: Pause Relocate Start                          0.008 / 0.013         0.008 / 0.017         0.008 / 0.017         0.008 / 0.017       ms
[140.144s][info][gc,stats    ]    Subphase: Concurrent Classes Purge                      0.007 / 0.032         0.091 / 3.083         0.091 / 3.083         0.091 / 3.083       ms
[140.144s][info][gc,stats    ]    Subphase: Concurrent Classes Unlink                     0.182 / 0.292         0.565 / 24.520        0.565 / 24.520        0.565 / 24.520      ms
[140.144s][info][gc,stats    ]    Subphase: Concurrent Mark                              84.278 / 201.403      99.596 / 352.904      99.596 / 352.904      99.596 / 352.904     ms
[140.144s][info][gc,stats    ]    Subphase: Concurrent Mark Try Flush                     4.070 / 31.215        2.958 / 78.108        2.958 / 78.108        2.958 / 78.108      ms
[140.144s][info][gc,stats    ]    Subphase: Concurrent Mark Try Terminate                10.385 / 31.215       10.444 / 31.215       10.444 / 31.215       10.444 / 31.215      ms
[140.144s][info][gc,stats    ]    Subphase: Concurrent References Enqueue                 0.001 / 0.005         0.001 / 0.005         0.001 / 0.005         0.001 / 0.005       ms
[140.144s][info][gc,stats    ]    Subphase: Concurrent References Process                 0.054 / 0.120         0.052 / 0.600         0.052 / 0.600         0.052 / 0.600       ms
[140.144s][info][gc,stats    ]    Subphase: Concurrent Roots ClassLoaderDataGraph         0.036 / 0.356         0.042 / 1.098         0.042 / 1.098         0.042 / 1.098       ms
[140.144s][info][gc,stats    ]    Subphase: Concurrent Roots CodeCache                    0.000 / 0.000         0.000 / 0.000         0.000 / 0.000         0.000 / 0.000       ms
[140.144s][info][gc,stats    ]    Subphase: Concurrent Roots JavaThreads                  0.643 / 1.252         0.843 / 17.879        0.843 / 17.879        0.843 / 17.879      ms
[140.144s][info][gc,stats    ]    Subphase: Concurrent Roots OopStorageSet                0.014 / 0.065         0.017 / 0.569         0.017 / 0.569         0.017 / 0.569       ms
[140.144s][info][gc,stats    ]    Subphase: Concurrent Weak Roots OopStorageSet           0.163 / 0.314         0.114 / 0.330         0.114 / 0.330         0.114 / 0.330       ms
[140.144s][info][gc,stats    ]    Subphase: Pause Mark Try Complete                       0.000 / 0.000         0.003 / 0.024         0.003 / 0.024         0.003 / 0.024       ms
[140.144s][info][gc,stats    ]      System: Java Threads                                     62 / 63               63 / 75               63 / 75               63 / 75          threads
[140.144s][info][gc,stats    ] =========================================================================================================================================================
[143.140s][info][gc,start    ] GC(182) Garbage Collection (Allocation Rate)
[143.140s][info][gc,task     ] GC(182) Using 12 workers
[143.140s][info][gc,phases   ] GC(182) Pause Mark Start 0.017ms
[143.265s][info][gc,phases   ] GC(182) Concurrent Mark 124.540ms
[143.265s][info][gc,phases   ] GC(182) Pause Mark End 0.016ms
[143.265s][info][gc,phases   ] GC(182) Concurrent Mark Free 0.001ms
[143.266s][info][gc,phases   ] GC(182) Concurrent Process Non-Strong References 0.353ms
[143.266s][info][gc,phases   ] GC(182) Concurrent Reset Relocation Set 0.004ms
[143.323s][info][gc,phases   ] GC(182) Concurrent Select Relocation Set 57.588ms
[143.323s][info][gc,phases   ] GC(182) Pause Relocate Start 0.010ms
[143.406s][info][gc,phases   ] GC(182) Concurrent Relocate 83.014ms
[143.407s][info][gc,load     ] GC(182) Load: 0.00/0.00/0.00
[143.407s][info][gc,mmu      ] GC(182) MMU: 2ms/95.2%, 5ms/98.1%, 10ms/99.0%, 20ms/99.5%, 50ms/99.8%, 100ms/99.9%
[143.407s][info][gc,marking  ] GC(182) Mark: 8 stripe(s), 2 proactive flush(es), 1 terminate flush(es), 0 completion(s), 0 continuation(s) 
[143.407s][info][gc,marking  ] GC(182) Mark Stack Usage: 32M
[143.407s][info][gc,nmethod  ] GC(182) NMethods: 617 registered, 4 unregistered
[143.407s][info][gc,metaspace] GC(182) Metaspace: 16M used, 16M committed, 1088M reserved
[143.407s][info][gc,ref      ] GC(182) Soft: 171 encountered, 0 discovered, 0 enqueued
[143.407s][info][gc,ref      ] GC(182) Weak: 984 encountered, 46 discovered, 5 enqueued
[143.407s][info][gc,ref      ] GC(182) Final: 0 encountered, 0 discovered, 0 enqueued
[143.407s][info][gc,ref      ] GC(182) Phantom: 35 encountered, 14 discovered, 0 enqueued
[143.407s][info][gc,reloc    ] GC(182) Small Pages: 526 / 1052M, Empty: 0M, Relocated: 374M, In-Place: 0
[143.407s][info][gc,reloc    ] GC(182) Medium Pages: 0 / 0M, Empty: 0M, Relocated: 0M, In-Place: 0
[143.407s][info][gc,reloc    ] GC(182) Large Pages: 0 / 0M, Empty: 0M, Relocated: 0M, In-Place: 0
[143.407s][info][gc,reloc    ] GC(182) Forwarding Usage: 248M
[143.407s][info][gc,heap     ] GC(182) Min Capacity: 8M(0%)
[143.407s][info][gc,heap     ] GC(182) Max Capacity: 2048M(100%)
[143.407s][info][gc,heap     ] GC(182) Soft Max Capacity: 2048M(100%)
[143.407s][info][gc,heap     ] GC(182)                Mark Start          Mark End        Relocate Start      Relocate End           High               Low         
[143.407s][info][gc,heap     ] GC(182)  Capacity:     2048M (100%)       2048M (100%)       2048M (100%)       2048M (100%)       2048M (100%)       2048M (100%)   
[143.407s][info][gc,heap     ] GC(182)      Free:      996M (49%)         872M (43%)         798M (39%)        1398M (68%)        1398M (68%)         774M (38%)    
[143.407s][info][gc,heap     ] GC(182)      Used:     1052M (51%)        1176M (57%)        1250M (61%)         650M (32%)        1274M (62%)         650M (32%)    
[143.407s][info][gc,heap     ] GC(182)      Live:         -               399M (19%)         399M (19%)         399M (19%)            -                  -          
[143.407s][info][gc,heap     ] GC(182) Allocated:         -               124M (6%)          198M (10%)         238M (12%)            -                  -          
[143.407s][info][gc,heap     ] GC(182)   Garbage:         -               652M (32%)         652M (32%)          11M (1%)             -                  -          
[143.407s][info][gc,heap     ] GC(182) Reclaimed:         -                  -                 0M (0%)          640M (31%)            -                  -          
[143.407s][info][gc          ] GC(182) Garbage Collection (Allocation Rate) 1052M(51%)->650M(32%)
[143.437s][info][gc,start    ] GC(183) Garbage Collection (Allocation Rate)
[143.437s][info][gc,task     ] GC(183) Using 12 workers
[143.437s][info][gc,phases   ] GC(183) Pause Mark Start 0.012ms
[143.663s][info][gc,phases   ] GC(183) Concurrent Mark 225.977ms
[143.663s][info][gc,phases   ] GC(183) Pause Mark End 0.016ms
[143.663s][info][gc,phases   ] GC(183) Concurrent Mark Free 0.001ms
[143.664s][info][gc,phases   ] GC(183) Concurrent Process Non-Strong References 0.306ms
[143.664s][info][gc,phases   ] GC(183) Concurrent Reset Relocation Set 0.049ms
[143.698s][info][gc,phases   ] GC(183) Concurrent Select Relocation Set 34.039ms
[143.698s][info][gc,phases   ] GC(183) Pause Relocate Start 0.009ms
[143.733s][info][gc,phases   ] GC(183) Concurrent Relocate 34.773ms
[143.733s][info][gc,load     ] GC(183) Load: 0.00/0.00/0.00
[143.733s][info][gc,mmu      ] GC(183) MMU: 2ms/95.2%, 5ms/98.1%, 10ms/99.0%, 20ms/99.5%, 50ms/99.8%, 100ms/99.9%
[143.733s][info][gc,marking  ] GC(183) Mark: 8 stripe(s), 2 proactive flush(es), 1 terminate flush(es), 0 completion(s), 0 continuation(s) 
[143.733s][info][gc,marking  ] GC(183) Mark Stack Usage: 32M
[143.733s][info][gc,nmethod  ] GC(183) NMethods: 617 registered, 4 unregistered
[143.733s][info][gc,metaspace] GC(183) Metaspace: 16M used, 16M committed, 1088M reserved
[143.733s][info][gc,ref      ] GC(183) Soft: 171 encountered, 0 discovered, 0 enqueued
[143.733s][info][gc,ref      ] GC(183) Weak: 979 encountered, 50 discovered, 0 enqueued
[143.733s][info][gc,ref      ] GC(183) Final: 0 encountered, 0 discovered, 0 enqueued
[143.733s][info][gc,ref      ] GC(183) Phantom: 35 encountered, 19 discovered, 0 enqueued
[143.733s][info][gc,reloc    ] GC(183) Small Pages: 339 / 678M, Empty: 0M, Relocated: 108M, In-Place: 0
[143.733s][info][gc,reloc    ] GC(183) Medium Pages: 0 / 0M, Empty: 0M, Relocated: 0M, In-Place: 0
[143.733s][info][gc,reloc    ] GC(183) Large Pages: 0 / 0M, Empty: 0M, Relocated: 0M, In-Place: 0
[143.733s][info][gc,reloc    ] GC(183) Forwarding Usage: 69M
[143.733s][info][gc,heap     ] GC(183) Min Capacity: 8M(0%)
[143.733s][info][gc,heap     ] GC(183) Max Capacity: 2048M(100%)
[143.733s][info][gc,heap     ] GC(183) Soft Max Capacity: 2048M(100%)
[143.733s][info][gc,heap     ] GC(183)                Mark Start          Mark End        Relocate Start      Relocate End           High               Low         
[143.733s][info][gc,heap     ] GC(183)  Capacity:     2048M (100%)       2048M (100%)       2048M (100%)       2048M (100%)       2048M (100%)       2048M (100%)   
[143.733s][info][gc,heap     ] GC(183)      Free:     1370M (67%)        1154M (56%)        1132M (55%)        1292M (63%)        1370M (67%)        1108M (54%)    
[143.733s][info][gc,heap     ] GC(183)      Used:      678M (33%)         894M (44%)         916M (45%)         756M (37%)         940M (46%)         678M (33%)    
[143.733s][info][gc,heap     ] GC(183)      Live:         -               494M (24%)         494M (24%)         494M (24%)            -                  -          
[143.733s][info][gc,heap     ] GC(183) Allocated:         -               216M (11%)         238M (12%)         237M (12%)            -                  -          
[143.733s][info][gc,heap     ] GC(183)   Garbage:         -               183M (9%)          183M (9%)           24M (1%)             -                  -          
[143.734s][info][gc,heap     ] GC(183) Reclaimed:         -                  -                 0M (0%)          159M (8%)             -                  -          
[143.734s][info][gc          ] GC(183) Garbage Collection (Allocation Rate) 678M(33%)->756M(37%)
[143.741s][info][gc,start    ] GC(184) Garbage Collection (Allocation Rate)
[143.741s][info][gc,task     ] GC(184) Using 12 workers
[143.741s][info][gc,phases   ] GC(184) Pause Mark Start 0.015ms
[143.913s][info][gc,phases   ] GC(184) Concurrent Mark 171.562ms
[143.913s][info][gc,phases   ] GC(184) Pause Mark End 0.016ms
[143.945s][info][gc,phases   ] GC(184) Concurrent Mark Free 0.002ms
[143.945s][info][gc,phases   ] GC(184) Concurrent Process Non-Strong References 0.550ms
[143.945s][info][gc,phases   ] GC(184) Concurrent Reset Relocation Set 0.026ms
[143.952s][info][gc,phases   ] GC(184) Concurrent Select Relocation Set 6.698ms
[143.952s][info][gc,phases   ] GC(184) Pause Relocate Start 0.009ms
[143.984s][info][gc,phases   ] GC(184) Concurrent Relocate 31.541ms
[143.984s][info][gc,load     ] GC(184) Load: 0.00/0.00/0.00
[143.984s][info][gc,mmu      ] GC(184) MMU: 2ms/95.2%, 5ms/98.1%, 10ms/99.0%, 20ms/99.5%, 50ms/99.8%, 100ms/99.9%
[143.984s][info][gc,marking  ] GC(184) Mark: 8 stripe(s), 2 proactive flush(es), 1 terminate flush(es), 0 completion(s), 0 continuation(s) 
[143.984s][info][gc,marking  ] GC(184) Mark Stack Usage: 32M
[143.984s][info][gc,nmethod  ] GC(184) NMethods: 617 registered, 4 unregistered
[143.984s][info][gc,metaspace] GC(184) Metaspace: 16M used, 16M committed, 1088M reserved
[143.984s][info][gc,ref      ] GC(184) Soft: 171 encountered, 0 discovered, 0 enqueued
[143.984s][info][gc,ref      ] GC(184) Weak: 979 encountered, 395 discovered, 0 enqueued
[143.984s][info][gc,ref      ] GC(184) Final: 0 encountered, 0 discovered, 0 enqueued
[143.984s][info][gc,ref      ] GC(184) Phantom: 35 encountered, 28 discovered, 0 enqueued
[143.984s][info][gc,reloc    ] GC(184) Small Pages: 376 / 752M, Empty: 0M, Relocated: 96M, In-Place: 0
[143.984s][info][gc,reloc    ] GC(184) Medium Pages: 0 / 0M, Empty: 0M, Relocated: 0M, In-Place: 0
[143.984s][info][gc,reloc    ] GC(184) Large Pages: 1 / 6M, Empty: 0M, Relocated: 0M, In-Place: 0
[143.985s][info][gc,reloc    ] GC(184) Forwarding Usage: 62M
[143.985s][info][gc,heap     ] GC(184) Min Capacity: 8M(0%)
[143.985s][info][gc,heap     ] GC(184) Max Capacity: 2048M(100%)
[143.985s][info][gc,heap     ] GC(184) Soft Max Capacity: 2048M(100%)
[143.985s][info][gc,heap     ] GC(184)                Mark Start          Mark End        Relocate Start      Relocate End           High               Low         
[143.985s][info][gc,heap     ] GC(184)  Capacity:     2048M (100%)       2048M (100%)       2048M (100%)       2048M (100%)       2048M (100%)       2048M (100%)   
[143.985s][info][gc,heap     ] GC(184)      Free:     1290M (63%)        1198M (58%)        1198M (58%)        1342M (66%)        1342M (66%)        1174M (57%)    
[143.985s][info][gc,heap     ] GC(184)      Used:      758M (37%)         850M (42%)         850M (42%)         706M (34%)         874M (43%)         706M (34%)    
[143.985s][info][gc,heap     ] GC(184)      Live:         -               577M (28%)         577M (28%)         577M (28%)            -                  -          
[143.985s][info][gc,heap     ] GC(184) Allocated:         -                92M (4%)           92M (4%)           92M (4%)             -                  -          
[143.985s][info][gc,heap     ] GC(184)   Garbage:         -               180M (9%)          180M (9%)           36M (2%)             -                  -          
[143.985s][info][gc,heap     ] GC(184) Reclaimed:         -                  -                 0M (0%)          144M (7%)             -                  -          
[143.985s][info][gc          ] GC(184) Garbage Collection (Allocation Rate) 758M(37%)->706M(34%)
[144.436s][info][gc,start    ] GC(185) Garbage Collection (Allocation Rate)
[144.436s][info][gc,task     ] GC(185) Using 12 workers
[144.436s][info][gc,phases   ] GC(185) Pause Mark Start 0.018ms
[144.639s][info][gc,phases   ] GC(185) Concurrent Mark 202.670ms
[144.639s][info][gc,phases   ] GC(185) Pause Mark End 0.018ms
[144.639s][info][gc,phases   ] GC(185) Concurrent Mark Free 0.001ms
[144.640s][info][gc,phases   ] GC(185) Concurrent Process Non-Strong References 0.320ms
[144.640s][info][gc,phases   ] GC(185) Concurrent Reset Relocation Set 0.020ms
[144.654s][info][gc,phases   ] GC(185) Concurrent Select Relocation Set 14.644ms
[144.655s][info][gc,phases   ] GC(185) Pause Relocate Start 0.004ms
[144.660s][info][gc,phases   ] GC(185) Concurrent Relocate 4.932ms
[144.660s][info][gc,load     ] GC(185) Load: 0.00/0.00/0.00
[144.660s][info][gc,mmu      ] GC(185) MMU: 2ms/95.2%, 5ms/98.1%, 10ms/99.0%, 20ms/99.5%, 50ms/99.8%, 100ms/99.9%
[144.660s][info][gc,marking  ] GC(185) Mark: 8 stripe(s), 2 proactive flush(es), 1 terminate flush(es), 0 completion(s), 0 continuation(s) 
[144.660s][info][gc,marking  ] GC(185) Mark Stack Usage: 32M
[144.660s][info][gc,nmethod  ] GC(185) NMethods: 617 registered, 4 unregistered
[144.660s][info][gc,metaspace] GC(185) Metaspace: 16M used, 16M committed, 1088M reserved
[144.660s][info][gc,ref      ] GC(185) Soft: 171 encountered, 0 discovered, 0 enqueued
[144.660s][info][gc,ref      ] GC(185) Weak: 980 encountered, 48 discovered, 0 enqueued
[144.660s][info][gc,ref      ] GC(185) Final: 0 encountered, 0 discovered, 0 enqueued
[144.660s][info][gc,ref      ] GC(185) Phantom: 35 encountered, 19 discovered, 0 enqueued
[144.660s][info][gc,reloc    ] GC(185) Small Pages: 401 / 802M, Empty: 12M, Relocated: 18M, In-Place: 0
[144.660s][info][gc,reloc    ] GC(185) Medium Pages: 0 / 0M, Empty: 0M, Relocated: 0M, In-Place: 0
[144.660s][info][gc,reloc    ] GC(185) Large Pages: 2 / 12M, Empty: 6M, Relocated: 0M, In-Place: 0
[144.660s][info][gc,reloc    ] GC(185) Forwarding Usage: 6M
[144.660s][info][gc,heap     ] GC(185) Min Capacity: 8M(0%)
[144.660s][info][gc,heap     ] GC(185) Max Capacity: 2048M(100%)
[144.660s][info][gc,heap     ] GC(185) Soft Max Capacity: 2048M(100%)
[144.660s][info][gc,heap     ] GC(185)                Mark Start          Mark End        Relocate Start      Relocate End           High               Low         
[144.660s][info][gc,heap     ] GC(185)  Capacity:     2048M (100%)       2048M (100%)       2048M (100%)       2048M (100%)       2048M (100%)       2048M (100%)   
[144.660s][info][gc,heap     ] GC(185)      Free:     1234M (60%)        1114M (54%)        1120M (55%)        1222M (60%)        1234M (60%)        1094M (53%)    
[144.660s][info][gc,heap     ] GC(185)      Used:      814M (40%)         934M (46%)         928M (45%)         826M (40%)         954M (47%)         814M (40%)    
[144.660s][info][gc,heap     ] GC(185)      Live:         -               629M (31%)         629M (31%)         629M (31%)            -                  -          
[144.660s][info][gc,heap     ] GC(185) Allocated:         -               120M (6%)          132M (6%)          135M (7%)             -                  -          
[144.660s][info][gc,heap     ] GC(185)   Garbage:         -               184M (9%)          166M (8%)           60M (3%)             -                  -          
[144.660s][info][gc,heap     ] GC(185) Reclaimed:         -                  -                18M (1%)          123M (6%)             -                  -          
[144.660s][info][gc          ] GC(185) Garbage Collection (Allocation Rate) 814M(40%)->826M(40%)
[145.334s][info][gc,start    ] GC(186) Garbage Collection (Allocation Rate)
[145.334s][info][gc,task     ] GC(186) Using 12 workers
[145.334s][info][gc,phases   ] GC(186) Pause Mark Start 0.018ms
[145.436s][info][gc,phases   ] GC(186) Concurrent Mark 101.015ms
[145.436s][info][gc,phases   ] GC(186) Pause Mark End 0.016ms
[145.436s][info][gc,phases   ] GC(186) Concurrent Mark Free 0.001ms
[145.436s][info][gc,phases   ] GC(186) Concurrent Process Non-Strong References 0.341ms
[145.436s][info][gc,phases   ] GC(186) Concurrent Reset Relocation Set 0.014ms
[145.441s][info][gc,phases   ] GC(186) Concurrent Select Relocation Set 4.783ms
[145.441s][info][gc,phases   ] GC(186) Pause Relocate Start 0.006ms
[145.444s][info][gc,phases   ] GC(186) Concurrent Relocate 2.796ms
[145.444s][info][gc,load     ] GC(186) Load: 0.00/0.00/0.00
[145.444s][info][gc,mmu      ] GC(186) MMU: 2ms/95.2%, 5ms/98.1%, 10ms/99.0%, 20ms/99.5%, 50ms/99.8%, 100ms/99.9%
[145.444s][info][gc,marking  ] GC(186) Mark: 8 stripe(s), 2 proactive flush(es), 1 terminate flush(es), 0 completion(s), 0 continuation(s) 
[145.444s][info][gc,marking  ] GC(186) Mark Stack Usage: 32M
[145.444s][info][gc,nmethod  ] GC(186) NMethods: 618 registered, 4 unregistered
[145.444s][info][gc,metaspace] GC(186) Metaspace: 16M used, 16M committed, 1088M reserved
[145.444s][info][gc,ref      ] GC(186) Soft: 171 encountered, 0 discovered, 0 enqueued
[145.444s][info][gc,ref      ] GC(186) Weak: 980 encountered, 31 discovered, 0 enqueued
[145.444s][info][gc,ref      ] GC(186) Final: 0 encountered, 0 discovered, 0 enqueued
[145.444s][info][gc,ref      ] GC(186) Phantom: 35 encountered, 15 discovered, 0 enqueued
[145.444s][info][gc,reloc    ] GC(186) Small Pages: 689 / 1378M, Empty: 84M, Relocated: 6M, In-Place: 0
[145.444s][info][gc,reloc    ] GC(186) Medium Pages: 0 / 0M, Empty: 0M, Relocated: 0M, In-Place: 0
[145.444s][info][gc,reloc    ] GC(186) Large Pages: 1 / 6M, Empty: 0M, Relocated: 0M, In-Place: 0
[145.444s][info][gc,reloc    ] GC(186) Forwarding Usage: 3M
[145.445s][info][gc,heap     ] GC(186) Min Capacity: 8M(0%)
[145.445s][info][gc,heap     ] GC(186) Max Capacity: 2048M(100%)
[145.445s][info][gc,heap     ] GC(186) Soft Max Capacity: 2048M(100%)
[145.445s][info][gc,heap     ] GC(186)                Mark Start          Mark End        Relocate Start      Relocate End           High               Low         
[145.445s][info][gc,heap     ] GC(186)  Capacity:     2048M (100%)       2048M (100%)       2048M (100%)       2048M (100%)       2048M (100%)       2048M (100%)   
[145.445s][info][gc,heap     ] GC(186)      Free:      664M (32%)         592M (29%)         666M (33%)        1336M (65%)        1336M (65%)         580M (28%)    
[145.445s][info][gc,heap     ] GC(186)      Used:     1384M (68%)        1456M (71%)        1382M (67%)         712M (35%)        1468M (72%)         712M (35%)    
[145.445s][info][gc,heap     ] GC(186)      Live:         -               525M (26%)         525M (26%)         525M (26%)            -                  -          
[145.445s][info][gc,heap     ] GC(186) Allocated:         -                72M (4%)           82M (4%)           81M (4%)             -                  -          
[145.445s][info][gc,heap     ] GC(186)   Garbage:         -               858M (42%)         774M (38%)         104M (5%)             -                  -          
[145.445s][info][gc,heap     ] GC(186) Reclaimed:         -                  -                84M (4%)          753M (37%)            -                  -          
[145.445s][info][gc          ] GC(186) Garbage Collection (Allocation Rate) 1384M(68%)->712M(35%)
[147.051s][info][gc,heap,exit] Heap
[147.051s][info][gc,heap,exit]  ZHeap           used 792M, capacity 2048M, max capacity 2048M
[147.051s][info][gc,heap,exit]  Metaspace       used 16688K, committed 17408K, reserved 1114112K
[147.051s][info][gc,heap,exit]   class space    used 2411K, committed 2688K, reserved 1048576K
