[0.015s][info][gc,init] Initializing The Z Garbage Collector
[0.015s][info][gc,init] Version: 20+36-2344 (release)
[0.015s][info][gc,init] NUMA Support: Disabled
[0.015s][info][gc,init] CPUs: 48 total, 48 available
[0.015s][info][gc,init] Memory: 391843M
[0.015s][info][gc,init] Large Page Support: Disabled
[0.015s][info][gc,init] GC Workers: 10 (dynamic)
[0.017s][info][gc,init] Address Space Type: Contiguous/Unrestricted/Complete
[0.017s][info][gc,init] Address Space Size: 16384M x 3 = 49152M
[0.017s][info][gc,init] Min Capacity: 8M
[0.017s][info][gc,init] Initial Capacity: 1024M
[0.027s][info][gc,init] Max Capacity: 1024M
[0.027s][info][gc,init] Medium Page Size: 32M
[0.027s][info][gc,init] Pre-touch: Disabled
[0.028s][info][gc,init] Uncommit: Enabled
[0.028s][info][gc,init] Uncommit Delay: 300s
[0.071s][info][gc,init] Runtime Workers: 10
[0.073s][info][gc     ] Using The Z Garbage Collector
[0.073s][info][gc,metaspace] CDS archive(s) mapped at: [0x0000000800000000-0x0000000800c60000-0x0000000800c60000), size 12976128, SharedBaseAddress: 0x0000000800000000, ArchiveRelocationMode: 0.
[0.073s][info][gc,metaspace] Compressed class space mapped at: 0x0000000801000000-0x0000000841000000, reserved size: 1073741824
[0.073s][info][gc,metaspace] Narrow klass base: 0x0000000800000000, Narrow klass shift: 0, Narrow klass range: 0x100000000
[1.564s][info][gc,start    ] GC(0) Garbage Collection (System.gc())
[1.565s][info][gc,task     ] GC(0) Using 10 workers
[1.565s][info][gc,phases   ] GC(0) Pause Mark Start 0.013ms
[1.579s][info][gc,phases   ] GC(0) Concurrent Mark 14.457ms
[1.579s][info][gc,phases   ] GC(0) Pause Mark End 0.022ms
[1.579s][info][gc,phases   ] GC(0) Concurrent Mark Free 0.001ms
[1.581s][info][gc,phases   ] GC(0) Concurrent Process Non-Strong References 1.181ms
[1.581s][info][gc,phases   ] GC(0) Concurrent Reset Relocation Set 0.001ms
[1.595s][info][gc,phases   ] GC(0) Concurrent Select Relocation Set 14.406ms
[1.595s][info][gc,phases   ] GC(0) Pause Relocate Start 0.013ms
[1.599s][info][gc,phases   ] GC(0) Concurrent Relocate 3.853ms
[1.599s][info][gc,load     ] GC(0) Load: 0.00/0.00/0.00
[1.599s][info][gc,mmu      ] GC(0) MMU: 2ms/98.9%, 5ms/99.6%, 10ms/99.8%, 20ms/99.8%, 50ms/99.9%, 100ms/100.0%
[1.599s][info][gc,marking  ] GC(0) Mark: 8 stripe(s), 1 proactive flush(es), 1 terminate flush(es), 0 completion(s), 0 continuation(s) 
[1.599s][info][gc,marking  ] GC(0) Mark Stack Usage: 32M
[1.599s][info][gc,nmethod  ] GC(0) NMethods: 1155 registered, 135 unregistered
[1.599s][info][gc,metaspace] GC(0) Metaspace: 13M used, 14M committed, 1088M reserved
[1.599s][info][gc,ref      ] GC(0) Soft: 194 encountered, 0 discovered, 0 enqueued
[1.599s][info][gc,ref      ] GC(0) Weak: 899 encountered, 525 discovered, 283 enqueued
[1.599s][info][gc,ref      ] GC(0) Final: 0 encountered, 0 discovered, 0 enqueued
[1.599s][info][gc,ref      ] GC(0) Phantom: 242 encountered, 230 discovered, 207 enqueued
[1.599s][info][gc,reloc    ] GC(0) Small Pages: 21 / 42M, Empty: 0M, Relocated: 4M, In-Place: 0
[1.599s][info][gc,reloc    ] GC(0) Medium Pages: 0 / 0M, Empty: 0M, Relocated: 0M, In-Place: 0
[1.599s][info][gc,reloc    ] GC(0) Large Pages: 0 / 0M, Empty: 0M, Relocated: 0M, In-Place: 0
[1.599s][info][gc,reloc    ] GC(0) Forwarding Usage: 1M
[1.600s][info][gc,heap     ] GC(0) Min Capacity: 8M(1%)
[1.600s][info][gc,heap     ] GC(0) Max Capacity: 1024M(100%)
[1.600s][info][gc,heap     ] GC(0) Soft Max Capacity: 1024M(100%)
[1.600s][info][gc,heap     ] GC(0)                Mark Start          Mark End        Relocate Start      Relocate End           High               Low         
[1.600s][info][gc,heap     ] GC(0)  Capacity:     1024M (100%)       1024M (100%)       1024M (100%)       1024M (100%)       1024M (100%)       1024M (100%)   
[1.600s][info][gc,heap     ] GC(0)      Free:      982M (96%)         982M (96%)         980M (96%)        1000M (98%)        1000M (98%)         960M (94%)    
[1.600s][info][gc,heap     ] GC(0)      Used:       42M (4%)           42M (4%)           44M (4%)           24M (2%)           64M (6%)           24M (2%)     
[1.600s][info][gc,heap     ] GC(0)      Live:         -                 5M (1%)            5M (1%)            5M (1%)             -                  -          
[1.600s][info][gc,heap     ] GC(0) Allocated:         -                 0M (0%)            2M (0%)            2M (0%)             -                  -          
[1.600s][info][gc,heap     ] GC(0)   Garbage:         -                36M (4%)           36M (4%)           16M (2%)             -                  -          
[1.600s][info][gc,heap     ] GC(0) Reclaimed:         -                  -                 0M (0%)           20M (2%)             -                  -          
[1.600s][info][gc          ] GC(0) Garbage Collection (System.gc()) 42M(4%)->24M(2%)
[3.205s][info][gc,start    ] GC(1) Garbage Collection (Warmup)
[3.205s][info][gc,task     ] GC(1) Using 10 workers
[3.205s][info][gc,phases   ] GC(1) Pause Mark Start 0.016ms
[3.299s][info][gc,phases   ] GC(1) Concurrent Mark 93.320ms
[3.299s][info][gc,phases   ] GC(1) Pause Mark End 0.021ms
[3.299s][info][gc,phases   ] GC(1) Concurrent Mark Free 0.001ms
[3.305s][info][gc,phases   ] GC(1) Concurrent Process Non-Strong References 6.423ms
[3.305s][info][gc,phases   ] GC(1) Concurrent Reset Relocation Set 0.004ms
[3.311s][info][gc,phases   ] GC(1) Concurrent Select Relocation Set 6.022ms
[3.312s][info][gc,phases   ] GC(1) Pause Relocate Start 0.008ms
[3.314s][info][gc,phases   ] GC(1) Concurrent Relocate 2.759ms
[3.314s][info][gc,load     ] GC(1) Load: 0.00/0.00/0.00
[3.314s][info][gc,mmu      ] GC(1) MMU: 2ms/98.9%, 5ms/99.6%, 10ms/99.8%, 20ms/99.8%, 50ms/99.9%, 100ms/100.0%
[3.315s][info][gc,marking  ] GC(1) Mark: 8 stripe(s), 8 proactive flush(es), 1 terminate flush(es), 0 completion(s), 0 continuation(s) 
[3.315s][info][gc,marking  ] GC(1) Mark Stack Usage: 32M
[3.315s][info][gc,nmethod  ] GC(1) NMethods: 2073 registered, 251 unregistered
[3.315s][info][gc,metaspace] GC(1) Metaspace: 15M used, 15M committed, 1088M reserved
[3.315s][info][gc,ref      ] GC(1) Soft: 225 encountered, 0 discovered, 0 enqueued
[3.315s][info][gc,ref      ] GC(1) Weak: 921 encountered, 130 discovered, 86 enqueued
[3.315s][info][gc,ref      ] GC(1) Final: 0 encountered, 0 discovered, 0 enqueued
[3.315s][info][gc,ref      ] GC(1) Phantom: 66 encountered, 51 discovered, 31 enqueued
[3.315s][info][gc,reloc    ] GC(1) Small Pages: 54 / 108M, Empty: 22M, Relocated: 6M, In-Place: 0
[3.315s][info][gc,reloc    ] GC(1) Medium Pages: 0 / 0M, Empty: 0M, Relocated: 0M, In-Place: 0
[3.315s][info][gc,reloc    ] GC(1) Large Pages: 0 / 0M, Empty: 0M, Relocated: 0M, In-Place: 0
[3.315s][info][gc,reloc    ] GC(1) Forwarding Usage: 2M
[3.315s][info][gc,heap     ] GC(1) Min Capacity: 8M(1%)
[3.315s][info][gc,heap     ] GC(1) Max Capacity: 1024M(100%)
[3.315s][info][gc,heap     ] GC(1) Soft Max Capacity: 1024M(100%)
[3.315s][info][gc,heap     ] GC(1)                Mark Start          Mark End        Relocate Start      Relocate End           High               Low         
[3.315s][info][gc,heap     ] GC(1)  Capacity:     1024M (100%)       1024M (100%)       1024M (100%)       1024M (100%)       1024M (100%)       1024M (100%)   
[3.315s][info][gc,heap     ] GC(1)      Free:      916M (89%)         896M (88%)         916M (89%)         956M (93%)         956M (93%)         894M (87%)    
[3.315s][info][gc,heap     ] GC(1)      Used:      108M (11%)         128M (13%)         108M (11%)          68M (7%)          130M (13%)          68M (7%)     
[3.315s][info][gc,heap     ] GC(1)      Live:         -                30M (3%)           30M (3%)           30M (3%)             -                  -          
[3.315s][info][gc,heap     ] GC(1) Allocated:         -                20M (2%)           22M (2%)           21M (2%)             -                  -          
[3.315s][info][gc,heap     ] GC(1)   Garbage:         -                77M (8%)           55M (5%)           15M (1%)             -                  -          
[3.315s][info][gc,heap     ] GC(1) Reclaimed:         -                  -                22M (2%)           61M (6%)             -                  -          
[3.315s][info][gc          ] GC(1) Garbage Collection (Warmup) 108M(11%)->68M(7%)
[4.609s][info][gc,start    ] GC(2) Garbage Collection (Warmup)
[4.609s][info][gc,task     ] GC(2) Using 10 workers
[4.609s][info][gc,phases   ] GC(2) Pause Mark Start 0.011ms
[4.687s][info][gc,phases   ] GC(2) Concurrent Mark 60.663ms
[4.688s][info][gc,phases   ] GC(2) Pause Mark End 0.016ms
[4.688s][info][gc,phases   ] GC(2) Concurrent Mark Free 0.001ms
[4.703s][info][gc,phases   ] GC(2) Concurrent Process Non-Strong References 15.033ms
[4.703s][info][gc,phases   ] GC(2) Concurrent Reset Relocation Set 0.006ms
[4.720s][info][gc,phases   ] GC(2) Concurrent Select Relocation Set 16.911ms
[4.721s][info][gc,phases   ] GC(2) Pause Relocate Start 0.007ms
[4.725s][info][gc,phases   ] GC(2) Concurrent Relocate 4.474ms
[4.725s][info][gc,load     ] GC(2) Load: 0.00/0.00/0.00
[4.725s][info][gc,mmu      ] GC(2) MMU: 2ms/98.9%, 5ms/99.6%, 10ms/99.8%, 20ms/99.8%, 50ms/99.9%, 100ms/100.0%
[4.725s][info][gc,marking  ] GC(2) Mark: 8 stripe(s), 3 proactive flush(es), 1 terminate flush(es), 0 completion(s), 0 continuation(s) 
[4.725s][info][gc,marking  ] GC(2) Mark Stack Usage: 32M
[4.725s][info][gc,nmethod  ] GC(2) NMethods: 2142 registered, 404 unregistered
[4.726s][info][gc,metaspace] GC(2) Metaspace: 15M used, 15M committed, 1088M reserved
[4.726s][info][gc,ref      ] GC(2) Soft: 231 encountered, 0 discovered, 0 enqueued
[4.726s][info][gc,ref      ] GC(2) Weak: 864 encountered, 94 discovered, 11 enqueued
[4.726s][info][gc,ref      ] GC(2) Final: 0 encountered, 0 discovered, 0 enqueued
[4.726s][info][gc,ref      ] GC(2) Phantom: 39 encountered, 32 discovered, 4 enqueued
[4.726s][info][gc,reloc    ] GC(2) Small Pages: 192 / 384M, Empty: 150M, Relocated: 8M, In-Place: 0
[4.726s][info][gc,reloc    ] GC(2) Medium Pages: 0 / 0M, Empty: 0M, Relocated: 0M, In-Place: 0
[4.726s][info][gc,reloc    ] GC(2) Large Pages: 0 / 0M, Empty: 0M, Relocated: 0M, In-Place: 0
[4.726s][info][gc,reloc    ] GC(2) Forwarding Usage: 2M
[4.726s][info][gc,heap     ] GC(2) Min Capacity: 8M(1%)
[4.726s][info][gc,heap     ] GC(2) Max Capacity: 1024M(100%)
[4.726s][info][gc,heap     ] GC(2) Soft Max Capacity: 1024M(100%)
[4.726s][info][gc,heap     ] GC(2)                Mark Start          Mark End        Relocate Start      Relocate End           High               Low         
[4.726s][info][gc,heap     ] GC(2)  Capacity:     1024M (100%)       1024M (100%)       1024M (100%)       1024M (100%)       1024M (100%)       1024M (100%)   
[4.726s][info][gc,heap     ] GC(2)      Free:      640M (63%)         474M (46%)         552M (54%)         752M (73%)         752M (73%)         436M (43%)    
[4.726s][info][gc,heap     ] GC(2)      Used:      384M (38%)         550M (54%)         472M (46%)         272M (27%)         588M (57%)         272M (27%)    
[4.726s][info][gc,heap     ] GC(2)      Live:         -                 8M (1%)            8M (1%)            8M (1%)             -                  -          
[4.726s][info][gc,heap     ] GC(2) Allocated:         -               166M (16%)         238M (23%)         251M (25%)            -                  -          
[4.726s][info][gc,heap     ] GC(2)   Garbage:         -               375M (37%)         225M (22%)          11M (1%)             -                  -          
[4.726s][info][gc,heap     ] GC(2) Reclaimed:         -                  -               150M (15%)         363M (36%)            -                  -          
[4.726s][info][gc          ] GC(2) Garbage Collection (Warmup) 384M(38%)->272M(27%)
[4.797s][info][gc,start    ] GC(3) Garbage Collection (Warmup)
[4.797s][info][gc,task     ] GC(3) Using 10 workers
[4.797s][info][gc,phases   ] GC(3) Pause Mark Start 0.011ms
[4.890s][info][gc,phases   ] GC(3) Concurrent Mark 55.461ms
[4.891s][info][gc,phases   ] GC(3) Pause Mark End 0.021ms
[4.906s][info][gc,phases   ] GC(3) Concurrent Mark Free 0.001ms
[4.920s][info][gc,phases   ] GC(3) Concurrent Process Non-Strong References 13.742ms
[4.920s][info][gc,phases   ] GC(3) Concurrent Reset Relocation Set 0.018ms
[4.923s][info][gc,phases   ] GC(3) Concurrent Select Relocation Set 3.259ms
[4.923s][info][gc,phases   ] GC(3) Pause Relocate Start 0.006ms
[4.931s][info][gc,phases   ] GC(3) Concurrent Relocate 7.720ms
[4.931s][info][gc,load     ] GC(3) Load: 0.00/0.00/0.00
[4.931s][info][gc,mmu      ] GC(3) MMU: 2ms/98.9%, 5ms/99.6%, 10ms/99.8%, 20ms/99.8%, 50ms/99.9%, 100ms/100.0%
[4.931s][info][gc,marking  ] GC(3) Mark: 8 stripe(s), 3 proactive flush(es), 1 terminate flush(es), 0 completion(s), 0 continuation(s) 
[4.931s][info][gc,marking  ] GC(3) Mark Stack Usage: 32M
[4.931s][info][gc,nmethod  ] GC(3) NMethods: 2124 registered, 424 unregistered
[4.931s][info][gc,metaspace] GC(3) Metaspace: 15M used, 15M committed, 1088M reserved
[4.931s][info][gc,ref      ] GC(3) Soft: 231 encountered, 0 discovered, 0 enqueued
[4.931s][info][gc,ref      ] GC(3) Weak: 853 encountered, 246 discovered, 0 enqueued
[4.931s][info][gc,ref      ] GC(3) Final: 0 encountered, 0 discovered, 0 enqueued
[4.931s][info][gc,ref      ] GC(3) Phantom: 35 encountered, 24 discovered, 0 enqueued
[4.931s][info][gc,reloc    ] GC(3) Small Pages: 258 / 516M, Empty: 230M, Relocated: 6M, In-Place: 0
[4.931s][info][gc,reloc    ] GC(3) Medium Pages: 0 / 0M, Empty: 0M, Relocated: 0M, In-Place: 0
[4.931s][info][gc,reloc    ] GC(3) Large Pages: 0 / 0M, Empty: 0M, Relocated: 0M, In-Place: 0
[4.931s][info][gc,reloc    ] GC(3) Forwarding Usage: 2M
[4.931s][info][gc,heap     ] GC(3) Min Capacity: 8M(1%)
[4.931s][info][gc,heap     ] GC(3) Max Capacity: 1024M(100%)
[4.931s][info][gc,heap     ] GC(3) Soft Max Capacity: 1024M(100%)
[4.931s][info][gc,heap     ] GC(3)                Mark Start          Mark End        Relocate Start      Relocate End           High               Low         
[4.931s][info][gc,heap     ] GC(3)  Capacity:     1024M (100%)       1024M (100%)       1024M (100%)       1024M (100%)       1024M (100%)       1024M (100%)   
[4.931s][info][gc,heap     ] GC(3)      Free:      508M (50%)         282M (28%)         440M (43%)         676M (66%)         696M (68%)         214M (21%)    
[4.931s][info][gc,heap     ] GC(3)      Used:      516M (50%)         742M (72%)         584M (57%)         348M (34%)         810M (79%)         328M (32%)    
[4.931s][info][gc,heap     ] GC(3)      Live:         -                 8M (1%)            8M (1%)            8M (1%)             -                  -          
[4.931s][info][gc,heap     ] GC(3) Allocated:         -               226M (22%)         298M (29%)         325M (32%)            -                  -          
[4.932s][info][gc,heap     ] GC(3)   Garbage:         -               507M (50%)         277M (27%)          13M (1%)             -                  -          
[4.932s][info][gc,heap     ] GC(3) Reclaimed:         -                  -               230M (22%)         493M (48%)            -                  -          
[4.932s][info][gc          ] GC(3) Garbage Collection (Warmup) 516M(50%)->348M(34%)
[5.000s][info][gc,start    ] GC(4) Garbage Collection (Allocation Rate)
[5.000s][info][gc,task     ] GC(4) Using 10 workers
[5.000s][info][gc,phases   ] GC(4) Pause Mark Start 0.010ms
[5.078s][info][gc,phases   ] GC(4) Concurrent Mark 62.775ms
[5.078s][info][gc,phases   ] GC(4) Pause Mark End 0.018ms
[5.079s][info][gc,phases   ] GC(4) Concurrent Mark Free 0.001ms
[5.093s][info][gc,phases   ] GC(4) Concurrent Process Non-Strong References 14.233ms
[5.093s][info][gc,phases   ] GC(4) Concurrent Reset Relocation Set 0.022ms
[5.114s][info][gc,phases   ] GC(4) Concurrent Select Relocation Set 20.326ms
[5.114s][info][gc,phases   ] GC(4) Pause Relocate Start 0.007ms
[5.124s][info][gc,phases   ] GC(4) Concurrent Relocate 9.923ms
[5.124s][info][gc,load     ] GC(4) Load: 0.00/0.00/0.00
[5.124s][info][gc,mmu      ] GC(4) MMU: 2ms/98.9%, 5ms/99.6%, 10ms/99.8%, 20ms/99.8%, 50ms/99.9%, 100ms/100.0%
[5.124s][info][gc,marking  ] GC(4) Mark: 8 stripe(s), 3 proactive flush(es), 1 terminate flush(es), 0 completion(s), 0 continuation(s) 
[5.124s][info][gc,marking  ] GC(4) Mark Stack Usage: 32M
[5.124s][info][gc,nmethod  ] GC(4) NMethods: 2124 registered, 425 unregistered
[5.124s][info][gc,metaspace] GC(4) Metaspace: 15M used, 15M committed, 1088M reserved
[5.124s][info][gc,ref      ] GC(4) Soft: 231 encountered, 0 discovered, 0 enqueued
[5.124s][info][gc,ref      ] GC(4) Weak: 853 encountered, 62 discovered, 0 enqueued
[5.124s][info][gc,ref      ] GC(4) Final: 0 encountered, 0 discovered, 0 enqueued
[5.124s][info][gc,ref      ] GC(4) Phantom: 35 encountered, 23 discovered, 0 enqueued
[5.124s][info][gc,reloc    ] GC(4) Small Pages: 331 / 662M, Empty: 340M, Relocated: 6M, In-Place: 0
[5.124s][info][gc,reloc    ] GC(4) Medium Pages: 0 / 0M, Empty: 0M, Relocated: 0M, In-Place: 0
[5.124s][info][gc,reloc    ] GC(4) Large Pages: 0 / 0M, Empty: 0M, Relocated: 0M, In-Place: 0
[5.124s][info][gc,reloc    ] GC(4) Forwarding Usage: 3M
[5.125s][info][gc,heap     ] GC(4) Min Capacity: 8M(1%)
[5.125s][info][gc,heap     ] GC(4) Max Capacity: 1024M(100%)
[5.125s][info][gc,heap     ] GC(4) Soft Max Capacity: 1024M(100%)
[5.125s][info][gc,heap     ] GC(4)                Mark Start          Mark End        Relocate Start      Relocate End           High               Low         
[5.125s][info][gc,heap     ] GC(4)  Capacity:     1024M (100%)       1024M (100%)       1024M (100%)       1024M (100%)       1024M (100%)       1024M (100%)   
[5.125s][info][gc,heap     ] GC(4)      Free:      362M (35%)         114M (11%)         376M (37%)         650M (63%)         668M (65%)          80M (8%)     
[5.125s][info][gc,heap     ] GC(4)      Used:      662M (65%)         910M (89%)         648M (63%)         374M (37%)         944M (92%)         356M (35%)    
[5.125s][info][gc,heap     ] GC(4)      Live:         -                 8M (1%)            8M (1%)            8M (1%)             -                  -          
[5.125s][info][gc,heap     ] GC(4) Allocated:         -               248M (24%)         326M (32%)         351M (34%)            -                  -          
[5.125s][info][gc,heap     ] GC(4)   Garbage:         -               653M (64%)         313M (31%)          13M (1%)             -                  -          
[5.125s][info][gc,heap     ] GC(4) Reclaimed:         -                  -               340M (33%)         639M (62%)            -                  -          
[5.125s][info][gc          ] GC(4) Garbage Collection (Allocation Rate) 662M(65%)->374M(37%)
[5.203s][info][gc,start    ] GC(5) Garbage Collection (Allocation Rate)
[5.203s][info][gc,task     ] GC(5) Using 10 workers
[5.218s][info][gc,phases   ] GC(5) Pause Mark Start 0.014ms
[5.281s][info][gc,phases   ] GC(5) Concurrent Mark 62.254ms
[5.281s][info][gc,phases   ] GC(5) Pause Mark End 0.021ms
[5.282s][info][gc,phases   ] GC(5) Concurrent Mark Free 0.002ms
[5.285s][info][gc,phases   ] GC(5) Concurrent Process Non-Strong References 3.478ms
[5.286s][info][gc,phases   ] GC(5) Concurrent Reset Relocation Set 0.025ms
[5.289s][info][gc,phases   ] GC(5) Concurrent Select Relocation Set 3.474ms
[5.289s][info][gc,phases   ] GC(5) Pause Relocate Start 0.006ms
[5.298s][info][gc,phases   ] GC(5) Concurrent Relocate 8.530ms
[5.298s][info][gc,load     ] GC(5) Load: 0.00/0.00/0.00
[5.298s][info][gc,mmu      ] GC(5) MMU: 2ms/98.9%, 5ms/99.6%, 10ms/99.7%, 20ms/99.8%, 50ms/99.9%, 100ms/100.0%
[5.298s][info][gc,marking  ] GC(5) Mark: 8 stripe(s), 3 proactive flush(es), 1 terminate flush(es), 0 completion(s), 0 continuation(s) 
[5.298s][info][gc,marking  ] GC(5) Mark Stack Usage: 32M
[5.298s][info][gc,nmethod  ] GC(5) NMethods: 2125 registered, 426 unregistered
[5.298s][info][gc,metaspace] GC(5) Metaspace: 15M used, 15M committed, 1088M reserved
[5.298s][info][gc,ref      ] GC(5) Soft: 231 encountered, 0 discovered, 0 enqueued
[5.298s][info][gc,ref      ] GC(5) Weak: 853 encountered, 142 discovered, 0 enqueued
[5.298s][info][gc,ref      ] GC(5) Final: 0 encountered, 0 discovered, 0 enqueued
[5.298s][info][gc,ref      ] GC(5) Phantom: 35 encountered, 24 discovered, 0 enqueued
[5.298s][info][gc,reloc    ] GC(5) Small Pages: 351 / 702M, Empty: 416M, Relocated: 6M, In-Place: 0
[5.298s][info][gc,reloc    ] GC(5) Medium Pages: 0 / 0M, Empty: 0M, Relocated: 0M, In-Place: 0
[5.298s][info][gc,reloc    ] GC(5) Large Pages: 0 / 0M, Empty: 0M, Relocated: 0M, In-Place: 0
[5.298s][info][gc,reloc    ] GC(5) Forwarding Usage: 2M
[5.298s][info][gc,heap     ] GC(5) Min Capacity: 8M(1%)
[5.298s][info][gc,heap     ] GC(5) Max Capacity: 1024M(100%)
[5.298s][info][gc,heap     ] GC(5) Soft Max Capacity: 1024M(100%)
[5.298s][info][gc,heap     ] GC(5)                Mark Start          Mark End        Relocate Start      Relocate End           High               Low         
[5.298s][info][gc,heap     ] GC(5)  Capacity:     1024M (100%)       1024M (100%)       1024M (100%)       1024M (100%)       1024M (100%)       1024M (100%)   
[5.298s][info][gc,heap     ] GC(5)      Free:      322M (31%)          82M (8%)          472M (46%)         718M (70%)         730M (71%)          60M (6%)     
[5.298s][info][gc,heap     ] GC(5)      Used:      702M (69%)         942M (92%)         552M (54%)         306M (30%)         964M (94%)         294M (29%)    
[5.298s][info][gc,heap     ] GC(5)      Live:         -                 8M (1%)            8M (1%)            8M (1%)             -                  -          
[5.298s][info][gc,heap     ] GC(5) Allocated:         -               240M (23%)         266M (26%)         283M (28%)            -                  -          
[5.298s][info][gc,heap     ] GC(5)   Garbage:         -               693M (68%)         277M (27%)          14M (1%)             -                  -          
[5.298s][info][gc,heap     ] GC(5) Reclaimed:         -                  -               416M (41%)         679M (66%)            -                  -          
[5.298s][info][gc          ] GC(5) Garbage Collection (Allocation Rate) 702M(69%)->306M(30%)
[5.401s][info][gc,start    ] GC(6) Garbage Collection (Allocation Rate)
[5.401s][info][gc,task     ] GC(6) Using 10 workers
[5.401s][info][gc,phases   ] GC(6) Pause Mark Start 0.015ms
[5.448s][info][gc,phases   ] GC(6) Concurrent Mark 31.428ms
[5.448s][info][gc,phases   ] GC(6) Pause Mark End 0.021ms
[5.450s][info][gc,phases   ] GC(6) Concurrent Mark Free 0.001ms
[5.463s][info][gc,phases   ] GC(6) Concurrent Process Non-Strong References 13.044ms
[5.463s][info][gc,phases   ] GC(6) Concurrent Reset Relocation Set 0.025ms
[5.477s][info][gc,phases   ] GC(6) Concurrent Select Relocation Set 13.303ms
[5.477s][info][gc,phases   ] GC(6) Pause Relocate Start 0.025ms
[5.482s][info][gc,phases   ] GC(6) Concurrent Relocate 5.226ms
[5.482s][info][gc,load     ] GC(6) Load: 0.00/0.00/0.00
[5.482s][info][gc,mmu      ] GC(6) MMU: 2ms/98.8%, 5ms/99.5%, 10ms/99.7%, 20ms/99.8%, 50ms/99.9%, 100ms/99.9%
[5.482s][info][gc,marking  ] GC(6) Mark: 8 stripe(s), 3 proactive flush(es), 1 terminate flush(es), 0 completion(s), 0 continuation(s) 
[5.483s][info][gc,marking  ] GC(6) Mark Stack Usage: 32M
[5.483s][info][gc,nmethod  ] GC(6) NMethods: 2124 registered, 428 unregistered
[5.483s][info][gc,metaspace] GC(6) Metaspace: 15M used, 15M committed, 1088M reserved
[5.483s][info][gc,ref      ] GC(6) Soft: 231 encountered, 0 discovered, 0 enqueued
[5.483s][info][gc,ref      ] GC(6) Weak: 853 encountered, 37 discovered, 0 enqueued
[5.483s][info][gc,ref      ] GC(6) Final: 0 encountered, 0 discovered, 0 enqueued
[5.483s][info][gc,ref      ] GC(6) Phantom: 35 encountered, 32 discovered, 0 enqueued
[5.483s][info][gc,reloc    ] GC(6) Small Pages: 379 / 758M, Empty: 464M, Relocated: 6M, In-Place: 0
[5.483s][info][gc,reloc    ] GC(6) Medium Pages: 0 / 0M, Empty: 0M, Relocated: 0M, In-Place: 0
[5.483s][info][gc,reloc    ] GC(6) Large Pages: 0 / 0M, Empty: 0M, Relocated: 0M, In-Place: 0
[5.483s][info][gc,reloc    ] GC(6) Forwarding Usage: 2M
[5.483s][info][gc,heap     ] GC(6) Min Capacity: 8M(1%)
[5.483s][info][gc,heap     ] GC(6) Max Capacity: 1024M(100%)
[5.483s][info][gc,heap     ] GC(6) Soft Max Capacity: 1024M(100%)
[5.483s][info][gc,heap     ] GC(6)                Mark Start          Mark End        Relocate Start      Relocate End           High               Low         
[5.483s][info][gc,heap     ] GC(6)  Capacity:     1024M (100%)       1024M (100%)       1024M (100%)       1024M (100%)       1024M (100%)       1024M (100%)   
[5.483s][info][gc,heap     ] GC(6)      Free:      266M (26%)          42M (4%)          432M (42%)         680M (66%)         692M (68%)           8M (1%)     
[5.483s][info][gc,heap     ] GC(6)      Used:      758M (74%)         982M (96%)         592M (58%)         344M (34%)        1016M (99%)         332M (32%)    
[5.483s][info][gc,heap     ] GC(6)      Live:         -                 8M (1%)            8M (1%)            8M (1%)             -                  -          
[5.483s][info][gc,heap     ] GC(6) Allocated:         -               224M (22%)         298M (29%)         321M (31%)            -                  -          
[5.483s][info][gc,heap     ] GC(6)   Garbage:         -               749M (73%)         285M (28%)          14M (1%)             -                  -          
[5.483s][info][gc,heap     ] GC(6) Reclaimed:         -                  -               464M (45%)         735M (72%)            -                  -          
[5.483s][info][gc          ] GC(6) Garbage Collection (Allocation Rate) 758M(74%)->344M(34%)
[5.510s][info][gc,start    ] GC(7) Garbage Collection (Allocation Rate)
[5.510s][info][gc,task     ] GC(7) Using 10 workers
[5.510s][info][gc,phases   ] GC(7) Pause Mark Start 0.010ms
[5.604s][info][gc,phases   ] GC(7) Concurrent Mark 78.139ms
[5.604s][info][gc,phases   ] GC(7) Pause Mark End 0.023ms
[5.619s][info][gc,phases   ] GC(7) Concurrent Mark Free 0.004ms
[5.625s][info][gc,phases   ] GC(7) Concurrent Process Non-Strong References 5.746ms
[5.625s][info][gc,phases   ] GC(7) Concurrent Reset Relocation Set 0.066ms
[5.629s][info][gc,phases   ] GC(7) Concurrent Select Relocation Set 3.780ms
[5.629s][info][gc,phases   ] GC(7) Pause Relocate Start 0.008ms
[5.638s][info][gc,phases   ] GC(7) Concurrent Relocate 8.573ms
[5.638s][info][gc,load     ] GC(7) Load: 0.00/0.00/0.00
[5.638s][info][gc,mmu      ] GC(7) MMU: 2ms/98.8%, 5ms/99.5%, 10ms/99.7%, 20ms/99.8%, 50ms/99.9%, 100ms/99.9%
[5.638s][info][gc,marking  ] GC(7) Mark: 8 stripe(s), 3 proactive flush(es), 1 terminate flush(es), 0 completion(s), 0 continuation(s) 
[5.638s][info][gc,marking  ] GC(7) Mark Stack Usage: 32M
[5.638s][info][gc,nmethod  ] GC(7) NMethods: 2124 registered, 428 unregistered
[5.638s][info][gc,metaspace] GC(7) Metaspace: 15M used, 15M committed, 1088M reserved
[5.638s][info][gc,ref      ] GC(7) Soft: 231 encountered, 0 discovered, 0 enqueued
[5.638s][info][gc,ref      ] GC(7) Weak: 853 encountered, 180 discovered, 0 enqueued
[5.638s][info][gc,ref      ] GC(7) Final: 0 encountered, 0 discovered, 0 enqueued
[5.638s][info][gc,ref      ] GC(7) Phantom: 35 encountered, 22 discovered, 0 enqueued
[5.638s][info][gc,reloc    ] GC(7) Small Pages: 244 / 488M, Empty: 238M, Relocated: 6M, In-Place: 0
[5.638s][info][gc,reloc    ] GC(7) Medium Pages: 0 / 0M, Empty: 0M, Relocated: 0M, In-Place: 0
[5.638s][info][gc,reloc    ] GC(7) Large Pages: 0 / 0M, Empty: 0M, Relocated: 0M, In-Place: 0
[5.638s][info][gc,reloc    ] GC(7) Forwarding Usage: 2M
[5.638s][info][gc,heap     ] GC(7) Min Capacity: 8M(1%)
[5.638s][info][gc,heap     ] GC(7) Max Capacity: 1024M(100%)
[5.638s][info][gc,heap     ] GC(7) Soft Max Capacity: 1024M(100%)
[5.638s][info][gc,heap     ] GC(7)                Mark Start          Mark End        Relocate Start      Relocate End           High               Low         
[5.638s][info][gc,heap     ] GC(7)  Capacity:     1024M (100%)       1024M (100%)       1024M (100%)       1024M (100%)       1024M (100%)       1024M (100%)   
[5.638s][info][gc,heap     ] GC(7)      Free:      536M (52%)         112M (11%)         230M (22%)         430M (42%)         536M (52%)           2M (0%)     
[5.639s][info][gc,heap     ] GC(7)      Used:      488M (48%)         912M (89%)         794M (78%)         594M (58%)        1022M (100%)        488M (48%)    
[5.639s][info][gc,heap     ] GC(7)      Live:         -                 8M (1%)            8M (1%)            8M (1%)             -                  -          
[5.639s][info][gc,heap     ] GC(7) Allocated:         -               424M (41%)         544M (53%)         571M (56%)            -                  -          
[5.639s][info][gc,heap     ] GC(7)   Garbage:         -               479M (47%)         241M (24%)          14M (1%)             -                  -          
[5.639s][info][gc,heap     ] GC(7) Reclaimed:         -                  -               238M (23%)         465M (45%)            -                  -          
[5.639s][info][gc          ] GC(7) Garbage Collection (Allocation Rate) 488M(48%)->594M(58%)
[5.696s][info][gc,start    ] GC(8) Garbage Collection (Allocation Rate)
[5.696s][info][gc,task     ] GC(8) Using 10 workers
[5.696s][info][gc,phases   ] GC(8) Pause Mark Start 0.011ms
[5.749s][info][gc,phases   ] GC(8) Concurrent Mark 21.384ms
[5.749s][info][gc,phases   ] GC(8) Pause Mark End 0.015ms
[5.749s][info][gc,phases   ] GC(8) Concurrent Mark Free 0.001ms
[5.750s][info][gc,phases   ] GC(8) Concurrent Process Non-Strong References 0.538ms
[5.750s][info][gc,phases   ] GC(8) Concurrent Reset Relocation Set 0.016ms
[5.750s][info][gc          ] Allocation Stall (reactors-io-scheduler-ForkJoinPool-1-worker-45) 16.263ms
[5.750s][info][gc          ] Allocation Stall (reactors-io-scheduler-ForkJoinPool-1-worker-28) 15.995ms
[5.750s][info][gc          ] Allocation Stall (reactors-io-scheduler-ForkJoinPool-1-worker-9) 15.760ms
[5.750s][info][gc          ] Allocation Stall (reactors-io-scheduler-ForkJoinPool-1-worker-23) 14.818ms
[5.750s][info][gc          ] Allocation Stall (reactors-io-scheduler-ForkJoinPool-1-worker-8) 14.855ms
[5.750s][info][gc          ] Allocation Stall (reactors-io-scheduler-ForkJoinPool-1-worker-39) 16.216ms
[5.750s][info][gc          ] Allocation Stall (reactors-io-scheduler-ForkJoinPool-1-worker-10) 15.934ms
[5.750s][info][gc          ] Allocation Stall (reactors-io-scheduler-ForkJoinPool-1-worker-30) 16.046ms
[5.750s][info][gc          ] Allocation Stall (reactors-io-scheduler-ForkJoinPool-1-worker-3) 16.037ms
[5.750s][info][gc          ] Allocation Stall (reactors-io-scheduler-ForkJoinPool-1-worker-43) 15.261ms
[5.750s][info][gc          ] Allocation Stall (reactors-io-scheduler-ForkJoinPool-1-worker-46) 14.993ms
[5.750s][info][gc          ] Allocation Stall (reactors-io-scheduler-ForkJoinPool-1-worker-21) 15.934ms
[5.750s][info][gc          ] Allocation Stall (reactors-io-scheduler-ForkJoinPool-1-worker-35) 16.108ms
[5.750s][info][gc          ] Allocation Stall (reactors-io-scheduler-ForkJoinPool-1-worker-7) 16.160ms
[5.750s][info][gc          ] Allocation Stall (reactors-io-scheduler-ForkJoinPool-1-worker-32) 15.046ms
[5.750s][info][gc          ] Allocation Stall (reactors-io-scheduler-ForkJoinPool-1-worker-42) 14.813ms
[5.750s][info][gc          ] Allocation Stall (reactors-io-scheduler-ForkJoinPool-1-worker-2) 16.005ms
[5.750s][info][gc          ] Allocation Stall (reactors-io-scheduler-ForkJoinPool-1-worker-26) 16.700ms
[5.750s][info][gc          ] Allocation Stall (reactors-io-scheduler-ForkJoinPool-1-worker-17) 14.945ms
[5.750s][info][gc          ] Allocation Stall (reactors-io-scheduler-ForkJoinPool-1-worker-13) 15.064ms
[5.750s][info][gc          ] Allocation Stall (reactors-io-scheduler-ForkJoinPool-1-worker-18) 15.097ms
[5.750s][info][gc          ] Allocation Stall (reactors-io-scheduler-ForkJoinPool-1-worker-20) 14.856ms
[5.750s][info][gc          ] Allocation Stall (reactors-io-scheduler-ForkJoinPool-1-worker-24) 15.967ms
[5.750s][info][gc          ] Allocation Stall (reactors-io-scheduler-ForkJoinPool-1-worker-6) 14.806ms
[5.750s][info][gc          ] Allocation Stall (reactors-io-scheduler-ForkJoinPool-1-worker-37) 16.206ms
[5.750s][info][gc          ] Allocation Stall (reactors-io-scheduler-ForkJoinPool-1-worker-44) 15.043ms
[5.750s][info][gc          ] Allocation Stall (reactors-io-scheduler-ForkJoinPool-1-worker-25) 16.634ms
[5.750s][info][gc          ] Allocation Stall (reactors-io-scheduler-ForkJoinPool-1-worker-5) 15.905ms
[5.750s][info][gc          ] Allocation Stall (reactors-io-scheduler-ForkJoinPool-1-worker-34) 16.683ms
[5.750s][info][gc          ] Allocation Stall (reactors-io-scheduler-ForkJoinPool-1-worker-40) 14.911ms
[5.750s][info][gc          ] Allocation Stall (reactors-io-scheduler-ForkJoinPool-1-worker-14) 15.954ms
[5.750s][info][gc          ] Allocation Stall (reactors-io-scheduler-ForkJoinPool-1-worker-31) 14.846ms
[5.750s][info][gc          ] Allocation Stall (reactors-io-scheduler-ForkJoinPool-1-worker-15) 16.594ms
[5.750s][info][gc          ] Allocation Stall (reactors-io-scheduler-ForkJoinPool-1-worker-4) 16.125ms
[5.750s][info][gc          ] Allocation Stall (reactors-io-scheduler-ForkJoinPool-1-worker-12) 14.837ms
[5.750s][info][gc          ] Allocation Stall (reactors-io-scheduler-ForkJoinPool-1-worker-48) 14.988ms
[5.750s][info][gc          ] Allocation Stall (reactors-io-scheduler-ForkJoinPool-1-worker-47) 16.184ms
[5.750s][info][gc          ] Allocation Stall (reactors-io-scheduler-ForkJoinPool-1-worker-27) 16.402ms
[5.750s][info][gc          ] Allocation Stall (reactors-io-scheduler-ForkJoinPool-1-worker-11) 16.292ms
[5.750s][info][gc          ] Allocation Stall (reactors-io-scheduler-ForkJoinPool-1-worker-38) 16.366ms
[5.750s][info][gc          ] Allocation Stall (reactors-io-scheduler-ForkJoinPool-1-worker-16) 16.776ms
[5.750s][info][gc          ] Allocation Stall (reactors-io-scheduler-ForkJoinPool-1-worker-41) 16.508ms
[5.750s][info][gc          ] Allocation Stall (reactors-io-scheduler-ForkJoinPool-1-worker-19) 16.434ms
[5.750s][info][gc          ] Allocation Stall (reactors-io-scheduler-ForkJoinPool-1-worker-1) 16.577ms
[5.750s][info][gc          ] Allocation Stall (reactors-io-scheduler-ForkJoinPool-1-worker-33) 16.485ms
[5.750s][info][gc          ] Allocation Stall (reactors-io-scheduler-ForkJoinPool-1-worker-36) 16.537ms
[5.750s][info][gc          ] Allocation Stall (reactors-io-scheduler-ForkJoinPool-1-worker-29) 16.420ms
[5.750s][info][gc          ] Allocation Stall (reactors-io-scheduler-ForkJoinPool-1-worker-22) 16.608ms
[5.755s][info][gc,phases   ] GC(8) Concurrent Select Relocation Set 4.661ms
[5.755s][info][gc,phases   ] GC(8) Pause Relocate Start 0.007ms
[5.759s][info][gc,phases   ] GC(8) Concurrent Relocate 3.769ms
[5.759s][info][gc,load     ] GC(8) Load: 0.00/0.00/0.00
[5.759s][info][gc,mmu      ] GC(8) MMU: 2ms/98.8%, 5ms/99.5%, 10ms/99.7%, 20ms/99.8%, 50ms/99.9%, 100ms/99.9%
[5.759s][info][gc,marking  ] GC(8) Mark: 8 stripe(s), 2 proactive flush(es), 1 terminate flush(es), 0 completion(s), 0 continuation(s) 
[5.759s][info][gc,marking  ] GC(8) Mark Stack Usage: 32M
[5.759s][info][gc,nmethod  ] GC(8) NMethods: 2124 registered, 428 unregistered
[5.759s][info][gc,metaspace] GC(8) Metaspace: 15M used, 15M committed, 1088M reserved
[5.759s][info][gc,ref      ] GC(8) Soft: 231 encountered, 0 discovered, 0 enqueued
[5.759s][info][gc,ref      ] GC(8) Weak: 853 encountered, 111 discovered, 0 enqueued
[5.759s][info][gc,ref      ] GC(8) Final: 0 encountered, 0 discovered, 0 enqueued
[5.759s][info][gc,ref      ] GC(8) Phantom: 35 encountered, 22 discovered, 0 enqueued
[5.759s][info][gc,reloc    ] GC(8) Small Pages: 427 / 854M, Empty: 644M, Relocated: 5M, In-Place: 0
[5.759s][info][gc,reloc    ] GC(8) Medium Pages: 0 / 0M, Empty: 0M, Relocated: 0M, In-Place: 0
[5.759s][info][gc,reloc    ] GC(8) Large Pages: 0 / 0M, Empty: 0M, Relocated: 0M, In-Place: 0
[5.759s][info][gc,reloc    ] GC(8) Forwarding Usage: 1M
[5.759s][info][gc,heap     ] GC(8) Min Capacity: 8M(1%)
[5.759s][info][gc,heap     ] GC(8) Max Capacity: 1024M(100%)
[5.759s][info][gc,heap     ] GC(8) Soft Max Capacity: 1024M(100%)
[5.759s][info][gc,heap     ] GC(8)                Mark Start          Mark End        Relocate Start      Relocate End           High               Low         
[5.759s][info][gc,heap     ] GC(8)  Capacity:     1024M (100%)       1024M (100%)       1024M (100%)       1024M (100%)       1024M (100%)       1024M (100%)   
[5.759s][info][gc,heap     ] GC(8)      Free:      170M (17%)           0M (0%)          626M (61%)         796M (78%)         802M (78%)           0M (0%)     
[5.759s][info][gc,heap     ] GC(8)      Used:      854M (83%)        1024M (100%)        398M (39%)         228M (22%)        1024M (100%)        222M (22%)    
[5.759s][info][gc,heap     ] GC(8)      Live:         -                 7M (1%)            7M (1%)            7M (1%)             -                  -          
[5.759s][info][gc,heap     ] GC(8) Allocated:         -               170M (17%)         188M (18%)         203M (20%)            -                  -          
[5.759s][info][gc,heap     ] GC(8)   Garbage:         -               846M (83%)         202M (20%)          16M (2%)             -                  -          
[5.759s][info][gc,heap     ] GC(8) Reclaimed:         -                  -               644M (63%)         829M (81%)            -                  -          
[5.759s][info][gc          ] GC(8) Garbage Collection (Allocation Rate) 854M(83%)->228M(22%)
[5.796s][info][gc,start    ] GC(9) Garbage Collection (Allocation Stall)
[5.796s][info][gc,ref      ] GC(9) Clearing All SoftReferences
[5.796s][info][gc,task     ] GC(9) Using 10 workers
[5.812s][info][gc,ref      ] GC(9) Clearing All SoftReferences
[5.812s][info][gc,phases   ] GC(9) Pause Mark Start 0.084ms
[5.859s][info][gc,phases   ] GC(9) Concurrent Mark 46.424ms
[5.859s][info][gc,phases   ] GC(9) Pause Mark End 0.015ms
[5.859s][info][gc,phases   ] GC(9) Concurrent Mark Free 0.001ms
[5.866s][info][gc,phases   ] GC(9) Concurrent Process Non-Strong References 6.417ms
[5.866s][info][gc,phases   ] GC(9) Concurrent Reset Relocation Set 0.017ms
[5.872s][info][gc,phases   ] GC(9) Concurrent Select Relocation Set 6.852ms
[5.873s][info][gc,phases   ] GC(9) Pause Relocate Start 0.006ms
[5.877s][info][gc,phases   ] GC(9) Concurrent Relocate 4.042ms
[5.877s][info][gc,load     ] GC(9) Load: 0.00/0.00/0.00
[5.877s][info][gc,mmu      ] GC(9) MMU: 2ms/95.8%, 5ms/98.3%, 10ms/99.2%, 20ms/99.6%, 50ms/99.8%, 100ms/99.9%
[5.877s][info][gc,marking  ] GC(9) Mark: 8 stripe(s), 2 proactive flush(es), 1 terminate flush(es), 0 completion(s), 0 continuation(s) 
[5.877s][info][gc,marking  ] GC(9) Mark Stack Usage: 32M
[5.877s][info][gc,nmethod  ] GC(9) NMethods: 2184 registered, 430 unregistered
[5.877s][info][gc,metaspace] GC(9) Metaspace: 15M used, 15M committed, 1088M reserved
[5.877s][info][gc,ref      ] GC(9) Soft: 227 encountered, 129 discovered, 74 enqueued
[5.877s][info][gc,ref      ] GC(9) Weak: 874 encountered, 68 discovered, 24 enqueued
[5.877s][info][gc,ref      ] GC(9) Final: 0 encountered, 0 discovered, 0 enqueued
[5.877s][info][gc,ref      ] GC(9) Phantom: 41 encountered, 30 discovered, 6 enqueued
[5.877s][info][gc,reloc    ] GC(9) Small Pages: 118 / 236M, Empty: 196M, Relocated: 6M, In-Place: 0
[5.877s][info][gc,reloc    ] GC(9) Medium Pages: 1 / 32M, Empty: 0M, Relocated: 0M, In-Place: 0
[5.877s][info][gc,reloc    ] GC(9) Large Pages: 0 / 0M, Empty: 0M, Relocated: 0M, In-Place: 0
[5.877s][info][gc,reloc    ] GC(9) Forwarding Usage: 2M
[5.877s][info][gc,heap     ] GC(9) Min Capacity: 8M(1%)
[5.877s][info][gc,heap     ] GC(9) Max Capacity: 1024M(100%)
[5.877s][info][gc,heap     ] GC(9) Soft Max Capacity: 1024M(100%)
[5.877s][info][gc,heap     ] GC(9)                Mark Start          Mark End        Relocate Start      Relocate End           High               Low         
[5.877s][info][gc,heap     ] GC(9)  Capacity:     1024M (100%)       1024M (100%)       1024M (100%)       1024M (100%)       1024M (100%)       1024M (100%)   
[5.877s][info][gc,heap     ] GC(9)      Free:      756M (74%)         728M (71%)         920M (90%)         932M (91%)         932M (91%)         726M (71%)    
[5.877s][info][gc,heap     ] GC(9)      Used:      268M (26%)         296M (29%)         104M (10%)          92M (9%)          298M (29%)          92M (9%)     
[5.877s][info][gc,heap     ] GC(9)      Live:         -                14M (1%)           14M (1%)           14M (1%)             -                  -          
[5.877s][info][gc,heap     ] GC(9) Allocated:         -                28M (3%)           32M (3%)           33M (3%)             -                  -          
[5.877s][info][gc,heap     ] GC(9)   Garbage:         -               253M (25%)          57M (6%)           43M (4%)             -                  -          
[5.877s][info][gc,heap     ] GC(9) Reclaimed:         -                  -               196M (19%)         209M (21%)            -                  -          
[5.877s][info][gc          ] GC(9) Garbage Collection (Allocation Stall) 268M(26%)->92M(9%)
[5.896s][info][gc,start    ] GC(10) Garbage Collection (Allocation Rate)
[5.896s][info][gc,task     ] GC(10) Using 10 workers
[5.896s][info][gc,phases   ] GC(10) Pause Mark Start 0.007ms
[5.922s][info][gc,phases   ] GC(10) Concurrent Mark 26.567ms
[5.922s][info][gc,phases   ] GC(10) Pause Mark End 0.022ms
[5.923s][info][gc,phases   ] GC(10) Concurrent Mark Free 0.001ms
[5.923s][info][gc,phases   ] GC(10) Concurrent Process Non-Strong References 0.910ms
[5.924s][info][gc,phases   ] GC(10) Concurrent Reset Relocation Set 0.003ms
[5.929s][info][gc,phases   ] GC(10) Concurrent Select Relocation Set 5.792ms
[5.929s][info][gc,phases   ] GC(10) Pause Relocate Start 0.007ms
[5.934s][info][gc,phases   ] GC(10) Concurrent Relocate 4.722ms
[5.934s][info][gc,load     ] GC(10) Load: 0.00/0.00/0.00
[5.934s][info][gc,mmu      ] GC(10) MMU: 2ms/95.8%, 5ms/98.3%, 10ms/99.2%, 20ms/99.6%, 50ms/99.8%, 100ms/99.9%
[5.934s][info][gc,marking  ] GC(10) Mark: 8 stripe(s), 3 proactive flush(es), 1 terminate flush(es), 0 completion(s), 0 continuation(s) 
[5.934s][info][gc,marking  ] GC(10) Mark Stack Usage: 32M
[5.934s][info][gc,nmethod  ] GC(10) NMethods: 2187 registered, 450 unregistered
[5.934s][info][gc,metaspace] GC(10) Metaspace: 15M used, 15M committed, 1088M reserved
[5.934s][info][gc,ref      ] GC(10) Soft: 153 encountered, 0 discovered, 0 enqueued
[5.934s][info][gc,ref      ] GC(10) Weak: 895 encountered, 304 discovered, 45 enqueued
[5.934s][info][gc,ref      ] GC(10) Final: 0 encountered, 0 discovered, 0 enqueued
[5.935s][info][gc,ref      ] GC(10) Phantom: 80 encountered, 73 discovered, 45 enqueued
[5.935s][info][gc,reloc    ] GC(10) Small Pages: 35 / 70M, Empty: 0M, Relocated: 8M, In-Place: 0
[5.935s][info][gc,reloc    ] GC(10) Medium Pages: 1 / 32M, Empty: 0M, Relocated: 0M, In-Place: 0
[5.935s][info][gc,reloc    ] GC(10) Large Pages: 0 / 0M, Empty: 0M, Relocated: 0M, In-Place: 0
[5.935s][info][gc,reloc    ] GC(10) Forwarding Usage: 3M
[5.935s][info][gc,heap     ] GC(10) Min Capacity: 8M(1%)
[5.935s][info][gc,heap     ] GC(10) Max Capacity: 1024M(100%)
[5.935s][info][gc,heap     ] GC(10) Soft Max Capacity: 1024M(100%)
[5.935s][info][gc,heap     ] GC(10)                Mark Start          Mark End        Relocate Start      Relocate End           High               Low         
[5.935s][info][gc,heap     ] GC(10)  Capacity:     1024M (100%)       1024M (100%)       1024M (100%)       1024M (100%)       1024M (100%)       1024M (100%)   
[5.935s][info][gc,heap     ] GC(10)      Free:      922M (90%)         890M (87%)         880M (86%)         894M (87%)         922M (90%)         860M (84%)    
[5.935s][info][gc,heap     ] GC(10)      Used:      102M (10%)         134M (13%)         144M (14%)         130M (13%)         164M (16%)         102M (10%)    
[5.935s][info][gc,heap     ] GC(10)      Live:         -                36M (4%)           36M (4%)           36M (4%)             -                  -          
[5.935s][info][gc,heap     ] GC(10) Allocated:         -                32M (3%)           42M (4%)           43M (4%)             -                  -          
[5.935s][info][gc,heap     ] GC(10)   Garbage:         -                65M (6%)           65M (6%)           49M (5%)             -                  -          
[5.935s][info][gc,heap     ] GC(10) Reclaimed:         -                  -                 0M (0%)           15M (2%)             -                  -          
[5.935s][info][gc          ] GC(10) Garbage Collection (Allocation Rate) 102M(10%)->130M(13%)
[6.000s][info][gc,start    ] GC(11) Garbage Collection (Allocation Rate)
[6.001s][info][gc,task     ] GC(11) Using 10 workers
[6.001s][info][gc,phases   ] GC(11) Pause Mark Start 0.016ms
[6.063s][info][gc,phases   ] GC(11) Concurrent Mark 62.077ms
[6.063s][info][gc,phases   ] GC(11) Pause Mark End 0.015ms
[6.063s][info][gc,phases   ] GC(11) Concurrent Mark Free 0.002ms
[6.064s][info][gc,phases   ] GC(11) Concurrent Process Non-Strong References 0.782ms
[6.064s][info][gc,phases   ] GC(11) Concurrent Reset Relocation Set 0.002ms
[6.073s][info][gc,phases   ] GC(11) Concurrent Select Relocation Set 9.274ms
[6.073s][info][gc,phases   ] GC(11) Pause Relocate Start 0.009ms
[6.086s][info][gc,phases   ] GC(11) Concurrent Relocate 12.982ms
[6.087s][info][gc,load     ] GC(11) Load: 0.00/0.00/0.00
[6.087s][info][gc,mmu      ] GC(11) MMU: 2ms/95.8%, 5ms/98.3%, 10ms/99.2%, 20ms/99.6%, 50ms/99.8%, 100ms/99.9%
[6.087s][info][gc,marking  ] GC(11) Mark: 8 stripe(s), 2 proactive flush(es), 1 terminate flush(es), 0 completion(s), 0 continuation(s) 
[6.087s][info][gc,marking  ] GC(11) Mark Stack Usage: 32M
[6.087s][info][gc,nmethod  ] GC(11) NMethods: 2189 registered, 450 unregistered
[6.087s][info][gc,metaspace] GC(11) Metaspace: 15M used, 15M committed, 1088M reserved
[6.087s][info][gc,ref      ] GC(11) Soft: 153 encountered, 0 discovered, 0 enqueued
[6.087s][info][gc,ref      ] GC(11) Weak: 850 encountered, 110 discovered, 0 enqueued
[6.087s][info][gc,ref      ] GC(11) Final: 0 encountered, 0 discovered, 0 enqueued
[6.087s][info][gc,ref      ] GC(11) Phantom: 35 encountered, 33 discovered, 0 enqueued
[6.087s][info][gc,reloc    ] GC(11) Small Pages: 87 / 174M, Empty: 0M, Relocated: 36M, In-Place: 0
[6.087s][info][gc,reloc    ] GC(11) Medium Pages: 1 / 32M, Empty: 0M, Relocated: 0M, In-Place: 0
[6.087s][info][gc,reloc    ] GC(11) Large Pages: 0 / 0M, Empty: 0M, Relocated: 0M, In-Place: 0
[6.087s][info][gc,reloc    ] GC(11) Forwarding Usage: 17M
[6.087s][info][gc,heap     ] GC(11) Min Capacity: 8M(1%)
[6.087s][info][gc,heap     ] GC(11) Max Capacity: 1024M(100%)
[6.087s][info][gc,heap     ] GC(11) Soft Max Capacity: 1024M(100%)
[6.087s][info][gc,heap     ] GC(11)                Mark Start          Mark End        Relocate Start      Relocate End           High               Low         
[6.087s][info][gc,heap     ] GC(11)  Capacity:     1024M (100%)       1024M (100%)       1024M (100%)       1024M (100%)       1024M (100%)       1024M (100%)   
[6.087s][info][gc,heap     ] GC(11)      Free:      818M (80%)         778M (76%)         770M (75%)         788M (77%)         818M (80%)         748M (73%)    
[6.087s][info][gc,heap     ] GC(11)      Used:      206M (20%)         246M (24%)         254M (25%)         236M (23%)         276M (27%)         206M (20%)    
[6.087s][info][gc,heap     ] GC(11)      Live:         -               109M (11%)         109M (11%)         109M (11%)            -                  -          
[6.087s][info][gc,heap     ] GC(11) Allocated:         -                40M (4%)           48M (5%)           59M (6%)             -                  -          
[6.087s][info][gc,heap     ] GC(11)   Garbage:         -                96M (9%)           96M (9%)           66M (7%)             -                  -          
[6.087s][info][gc,heap     ] GC(11) Reclaimed:         -                  -                 0M (0%)           29M (3%)             -                  -          
[6.087s][info][gc          ] GC(11) Garbage Collection (Allocation Rate) 206M(20%)->236M(23%)
[6.110s][info][gc,start    ] GC(12) Garbage Collection (Allocation Rate)
[6.110s][info][gc,task     ] GC(12) Using 10 workers
[6.110s][info][gc,phases   ] GC(12) Pause Mark Start 0.014ms
[6.188s][info][gc,phases   ] GC(12) Concurrent Mark 77.767ms
[6.188s][info][gc,phases   ] GC(12) Pause Mark End 0.018ms
[6.188s][info][gc,phases   ] GC(12) Concurrent Mark Free 0.001ms
[6.189s][info][gc,phases   ] GC(12) Concurrent Process Non-Strong References 0.667ms
[6.189s][info][gc,phases   ] GC(12) Concurrent Reset Relocation Set 0.004ms
[6.192s][info][gc,phases   ] GC(12) Concurrent Select Relocation Set 3.367ms
[6.192s][info][gc,phases   ] GC(12) Pause Relocate Start 0.006ms
[6.205s][info][gc,phases   ] GC(12) Concurrent Relocate 12.725ms
[6.205s][info][gc,load     ] GC(12) Load: 0.00/0.00/0.00
[6.205s][info][gc,mmu      ] GC(12) MMU: 2ms/95.8%, 5ms/98.3%, 10ms/99.2%, 20ms/99.6%, 50ms/99.8%, 100ms/99.9%
[6.205s][info][gc,marking  ] GC(12) Mark: 8 stripe(s), 2 proactive flush(es), 1 terminate flush(es), 0 completion(s), 0 continuation(s) 
[6.205s][info][gc,marking  ] GC(12) Mark Stack Usage: 32M
[6.205s][info][gc,nmethod  ] GC(12) NMethods: 2192 registered, 450 unregistered
[6.205s][info][gc,metaspace] GC(12) Metaspace: 15M used, 15M committed, 1088M reserved
[6.205s][info][gc,ref      ] GC(12) Soft: 153 encountered, 0 discovered, 0 enqueued
[6.205s][info][gc,ref      ] GC(12) Weak: 850 encountered, 178 discovered, 0 enqueued
[6.205s][info][gc,ref      ] GC(12) Final: 0 encountered, 0 discovered, 0 enqueued
[6.205s][info][gc,ref      ] GC(12) Phantom: 35 encountered, 12 discovered, 0 enqueued
[6.205s][info][gc,reloc    ] GC(12) Small Pages: 116 / 232M, Empty: 0M, Relocated: 34M, In-Place: 0
[6.205s][info][gc,reloc    ] GC(12) Medium Pages: 1 / 32M, Empty: 0M, Relocated: 0M, In-Place: 0
[6.205s][info][gc,reloc    ] GC(12) Large Pages: 0 / 0M, Empty: 0M, Relocated: 0M, In-Place: 0
[6.205s][info][gc,reloc    ] GC(12) Forwarding Usage: 15M
[6.206s][info][gc,heap     ] GC(12) Min Capacity: 8M(1%)
[6.206s][info][gc,heap     ] GC(12) Max Capacity: 1024M(100%)
[6.206s][info][gc,heap     ] GC(12) Soft Max Capacity: 1024M(100%)
[6.206s][info][gc,heap     ] GC(12)                Mark Start          Mark End        Relocate Start      Relocate End           High               Low         
[6.206s][info][gc,heap     ] GC(12)  Capacity:     1024M (100%)       1024M (100%)       1024M (100%)       1024M (100%)       1024M (100%)       1024M (100%)   
[6.206s][info][gc,heap     ] GC(12)      Free:      760M (74%)         684M (67%)         680M (66%)         684M (67%)         760M (74%)         660M (64%)    
[6.206s][info][gc,heap     ] GC(12)      Used:      264M (26%)         340M (33%)         344M (34%)         340M (33%)         364M (36%)         264M (26%)    
[6.206s][info][gc,heap     ] GC(12)      Live:         -               163M (16%)         163M (16%)         163M (16%)            -                  -          
[6.206s][info][gc,heap     ] GC(12) Allocated:         -                76M (7%)           80M (8%)           91M (9%)             -                  -          
[6.206s][info][gc,heap     ] GC(12)   Garbage:         -               100M (10%)         100M (10%)          84M (8%)             -                  -          
[6.206s][info][gc,heap     ] GC(12) Reclaimed:         -                  -                 0M (0%)           15M (2%)             -                  -          
[6.206s][info][gc          ] GC(12) Garbage Collection (Allocation Rate) 264M(26%)->340M(33%)
[6.297s][info][gc,start    ] GC(13) Garbage Collection (Allocation Rate)
[6.297s][info][gc,task     ] GC(13) Using 10 workers
[6.298s][info][gc,phases   ] GC(13) Pause Mark Start 0.018ms
[6.407s][info][gc,phases   ] GC(13) Concurrent Mark 108.914ms
[6.407s][info][gc,phases   ] GC(13) Pause Mark End 0.022ms
[6.407s][info][gc,phases   ] GC(13) Concurrent Mark Free 0.001ms
[6.408s][info][gc,phases   ] GC(13) Concurrent Process Non-Strong References 0.651ms
[6.408s][info][gc,phases   ] GC(13) Concurrent Reset Relocation Set 0.006ms
[6.435s][info][gc,phases   ] GC(13) Concurrent Select Relocation Set 27.207ms
[6.435s][info][gc,phases   ] GC(13) Pause Relocate Start 0.013ms
[6.458s][info][gc,phases   ] GC(13) Concurrent Relocate 22.735ms
[6.458s][info][gc,load     ] GC(13) Load: 0.00/0.00/0.00
[6.458s][info][gc,mmu      ] GC(13) MMU: 2ms/95.8%, 5ms/98.3%, 10ms/99.2%, 20ms/99.6%, 50ms/99.8%, 100ms/99.9%
[6.458s][info][gc,marking  ] GC(13) Mark: 8 stripe(s), 2 proactive flush(es), 1 terminate flush(es), 0 completion(s), 0 continuation(s) 
[6.458s][info][gc,marking  ] GC(13) Mark Stack Usage: 32M
[6.458s][info][gc,nmethod  ] GC(13) NMethods: 2193 registered, 452 unregistered
[6.458s][info][gc,metaspace] GC(13) Metaspace: 15M used, 15M committed, 1088M reserved
[6.458s][info][gc,ref      ] GC(13) Soft: 153 encountered, 0 discovered, 0 enqueued
[6.458s][info][gc,ref      ] GC(13) Weak: 850 encountered, 245 discovered, 0 enqueued
[6.458s][info][gc,ref      ] GC(13) Final: 0 encountered, 0 discovered, 0 enqueued
[6.458s][info][gc,ref      ] GC(13) Phantom: 35 encountered, 26 discovered, 0 enqueued
[6.458s][info][gc,reloc    ] GC(13) Small Pages: 203 / 406M, Empty: 0M, Relocated: 64M, In-Place: 0
[6.458s][info][gc,reloc    ] GC(13) Medium Pages: 1 / 32M, Empty: 0M, Relocated: 0M, In-Place: 0
[6.458s][info][gc,reloc    ] GC(13) Large Pages: 0 / 0M, Empty: 0M, Relocated: 0M, In-Place: 0
[6.458s][info][gc,reloc    ] GC(13) Forwarding Usage: 26M
[6.458s][info][gc,heap     ] GC(13) Min Capacity: 8M(1%)
[6.458s][info][gc,heap     ] GC(13) Max Capacity: 1024M(100%)
[6.458s][info][gc,heap     ] GC(13) Soft Max Capacity: 1024M(100%)
[6.458s][info][gc,heap     ] GC(13)                Mark Start          Mark End        Relocate Start      Relocate End           High               Low         
[6.458s][info][gc,heap     ] GC(13)  Capacity:     1024M (100%)       1024M (100%)       1024M (100%)       1024M (100%)       1024M (100%)       1024M (100%)   
[6.459s][info][gc,heap     ] GC(13)      Free:      586M (57%)         498M (49%)         474M (46%)         498M (49%)         586M (57%)         454M (44%)    
[6.459s][info][gc,heap     ] GC(13)      Used:      438M (43%)         526M (51%)         550M (54%)         526M (51%)         570M (56%)         438M (43%)    
[6.459s][info][gc,heap     ] GC(13)      Live:         -               286M (28%)         286M (28%)         286M (28%)            -                  -          
[6.459s][info][gc,heap     ] GC(13) Allocated:         -                88M (9%)          112M (11%)         133M (13%)            -                  -          
[6.459s][info][gc,heap     ] GC(13)   Garbage:         -               151M (15%)         151M (15%)         105M (10%)            -                  -          
[6.459s][info][gc,heap     ] GC(13) Reclaimed:         -                  -                 0M (0%)           45M (4%)             -                  -          
[6.459s][info][gc          ] GC(13) Garbage Collection (Allocation Rate) 438M(43%)->526M(51%)
[6.500s][info][gc,start    ] GC(14) Garbage Collection (Allocation Rate)
[6.500s][info][gc,task     ] GC(14) Using 10 workers
[6.501s][info][gc,phases   ] GC(14) Pause Mark Start 0.017ms
[6.663s][info][gc,phases   ] GC(14) Concurrent Mark 162.472ms
[6.663s][info][gc,phases   ] GC(14) Pause Mark End 0.016ms
[6.663s][info][gc,phases   ] GC(14) Concurrent Mark Free 0.001ms
[6.664s][info][gc,phases   ] GC(14) Concurrent Process Non-Strong References 0.646ms
[6.664s][info][gc,phases   ] GC(14) Concurrent Reset Relocation Set 0.010ms
[6.671s][info][gc,phases   ] GC(14) Concurrent Select Relocation Set 6.773ms
[6.671s][info][gc,phases   ] GC(14) Pause Relocate Start 0.011ms
[6.686s][info][gc,phases   ] GC(14) Concurrent Relocate 14.360ms
[6.686s][info][gc,load     ] GC(14) Load: 0.00/0.00/0.00
[6.686s][info][gc,mmu      ] GC(14) MMU: 2ms/95.8%, 5ms/98.3%, 10ms/99.2%, 20ms/99.6%, 50ms/99.8%, 100ms/99.9%
[6.686s][info][gc,marking  ] GC(14) Mark: 8 stripe(s), 2 proactive flush(es), 1 terminate flush(es), 0 completion(s), 0 continuation(s) 
[6.686s][info][gc,marking  ] GC(14) Mark Stack Usage: 32M
[6.686s][info][gc,nmethod  ] GC(14) NMethods: 2195 registered, 454 unregistered
[6.686s][info][gc,metaspace] GC(14) Metaspace: 15M used, 15M committed, 1088M reserved
[6.686s][info][gc,ref      ] GC(14) Soft: 153 encountered, 0 discovered, 0 enqueued
[6.686s][info][gc,ref      ] GC(14) Weak: 850 encountered, 153 discovered, 0 enqueued
[6.686s][info][gc,ref      ] GC(14) Final: 0 encountered, 0 discovered, 0 enqueued
[6.686s][info][gc,ref      ] GC(14) Phantom: 35 encountered, 28 discovered, 0 enqueued
[6.686s][info][gc,reloc    ] GC(14) Small Pages: 269 / 538M, Empty: 0M, Relocated: 36M, In-Place: 0
[6.686s][info][gc,reloc    ] GC(14) Medium Pages: 1 / 32M, Empty: 0M, Relocated: 0M, In-Place: 0
[6.686s][info][gc,reloc    ] GC(14) Large Pages: 0 / 0M, Empty: 0M, Relocated: 0M, In-Place: 0
[6.686s][info][gc,reloc    ] GC(14) Forwarding Usage: 16M
[6.686s][info][gc,heap     ] GC(14) Min Capacity: 8M(1%)
[6.686s][info][gc,heap     ] GC(14) Max Capacity: 1024M(100%)
[6.686s][info][gc,heap     ] GC(14) Soft Max Capacity: 1024M(100%)
[6.686s][info][gc,heap     ] GC(14)                Mark Start          Mark End        Relocate Start      Relocate End           High               Low         
[6.686s][info][gc,heap     ] GC(14)  Capacity:     1024M (100%)       1024M (100%)       1024M (100%)       1024M (100%)       1024M (100%)       1024M (100%)   
[6.686s][info][gc,heap     ] GC(14)      Free:      454M (44%)         330M (32%)         326M (32%)         336M (33%)         454M (44%)         306M (30%)    
[6.686s][info][gc,heap     ] GC(14)      Used:      570M (56%)         694M (68%)         698M (68%)         688M (67%)         718M (70%)         570M (56%)    
[6.686s][info][gc,heap     ] GC(14)      Live:         -               402M (39%)         402M (39%)         402M (39%)            -                  -          
[6.686s][info][gc,heap     ] GC(14) Allocated:         -               124M (12%)         128M (13%)         137M (13%)            -                  -          
[6.686s][info][gc,heap     ] GC(14)   Garbage:         -               167M (16%)         167M (16%)         147M (14%)            -                  -          
[6.686s][info][gc,heap     ] GC(14) Reclaimed:         -                  -                 0M (0%)           19M (2%)             -                  -          
[6.686s][info][gc          ] GC(14) Garbage Collection (Allocation Rate) 570M(56%)->688M(67%)
[6.710s][info][gc,start    ] GC(15) Garbage Collection (Allocation Rate)
[6.710s][info][gc,task     ] GC(15) Using 10 workers
[6.710s][info][gc,phases   ] GC(15) Pause Mark Start 0.013ms
[6.866s][info][gc,phases   ] GC(15) Concurrent Mark 155.862ms
[6.866s][info][gc,phases   ] GC(15) Pause Mark End 0.019ms
[6.866s][info][gc,phases   ] GC(15) Concurrent Mark Free 0.001ms
[6.867s][info][gc,phases   ] GC(15) Concurrent Process Non-Strong References 0.671ms
[6.867s][info][gc,phases   ] GC(15) Concurrent Reset Relocation Set 0.005ms
[6.871s][info][gc,phases   ] GC(15) Concurrent Select Relocation Set 3.628ms
[6.871s][info][gc,phases   ] GC(15) Pause Relocate Start 0.009ms
[6.880s][info][gc,phases   ] GC(15) Concurrent Relocate 9.330ms
[6.880s][info][gc,load     ] GC(15) Load: 0.00/0.00/0.00
[6.880s][info][gc,mmu      ] GC(15) MMU: 2ms/95.8%, 5ms/98.3%, 10ms/99.2%, 20ms/99.6%, 50ms/99.8%, 100ms/99.9%
[6.881s][info][gc,marking  ] GC(15) Mark: 8 stripe(s), 2 proactive flush(es), 1 terminate flush(es), 0 completion(s), 0 continuation(s) 
[6.881s][info][gc,marking  ] GC(15) Mark Stack Usage: 32M
[6.881s][info][gc,nmethod  ] GC(15) NMethods: 2197 registered, 456 unregistered
[6.881s][info][gc,metaspace] GC(15) Metaspace: 15M used, 15M committed, 1088M reserved
[6.881s][info][gc,ref      ] GC(15) Soft: 153 encountered, 0 discovered, 0 enqueued
[6.881s][info][gc,ref      ] GC(15) Weak: 850 encountered, 274 discovered, 0 enqueued
[6.881s][info][gc,ref      ] GC(15) Final: 0 encountered, 0 discovered, 0 enqueued
[6.881s][info][gc,ref      ] GC(15) Phantom: 35 encountered, 26 discovered, 0 enqueued
[6.881s][info][gc,reloc    ] GC(15) Small Pages: 343 / 686M, Empty: 0M, Relocated: 26M, In-Place: 0
[6.881s][info][gc,reloc    ] GC(15) Medium Pages: 1 / 32M, Empty: 0M, Relocated: 0M, In-Place: 0
[6.881s][info][gc,reloc    ] GC(15) Large Pages: 0 / 0M, Empty: 0M, Relocated: 0M, In-Place: 0
[6.881s][info][gc,reloc    ] GC(15) Forwarding Usage: 11M
[6.881s][info][gc,heap     ] GC(15) Min Capacity: 8M(1%)
[6.881s][info][gc,heap     ] GC(15) Max Capacity: 1024M(100%)
[6.881s][info][gc,heap     ] GC(15) Soft Max Capacity: 1024M(100%)
[6.881s][info][gc,heap     ] GC(15)                Mark Start          Mark End        Relocate Start      Relocate End           High               Low         
[6.881s][info][gc,heap     ] GC(15)  Capacity:     1024M (100%)       1024M (100%)       1024M (100%)       1024M (100%)       1024M (100%)       1024M (100%)   
[6.881s][info][gc,heap     ] GC(15)      Free:      306M (30%)         172M (17%)         170M (17%)         152M (15%)         306M (30%)         144M (14%)    
[6.881s][info][gc,heap     ] GC(15)      Used:      718M (70%)         852M (83%)         854M (83%)         872M (85%)         880M (86%)         718M (70%)    
[6.881s][info][gc,heap     ] GC(15)      Live:         -               509M (50%)         509M (50%)         509M (50%)            -                  -          
[6.881s][info][gc,heap     ] GC(15) Allocated:         -               134M (13%)         136M (13%)         175M (17%)            -                  -          
[6.881s][info][gc,heap     ] GC(15)   Garbage:         -               208M (20%)         208M (20%)         186M (18%)            -                  -          
[6.881s][info][gc,heap     ] GC(15) Reclaimed:         -                  -                 0M (0%)           21M (2%)             -                  -          
[6.881s][info][gc          ] GC(15) Garbage Collection (Allocation Rate) 718M(70%)->872M(85%)
[6.898s][info][gc,start    ] GC(16) Garbage Collection (Allocation Rate)
[6.898s][info][gc,task     ] GC(16) Using 10 workers
[6.898s][info][gc,phases   ] GC(16) Pause Mark Start 0.015ms
[7.101s][info][gc,phases   ] GC(16) Concurrent Mark 202.747ms
[7.101s][info][gc,phases   ] GC(16) Pause Mark End 0.019ms
[7.101s][info][gc,phases   ] GC(16) Concurrent Mark Free 0.000ms
[7.101s][info][gc,phases   ] GC(16) Concurrent Process Non-Strong References 0.600ms
[7.101s][info][gc,phases   ] GC(16) Concurrent Reset Relocation Set 0.005ms
[7.104s][info][gc,phases   ] GC(16) Concurrent Select Relocation Set 2.778ms
[7.104s][info][gc,phases   ] GC(16) Pause Relocate Start 0.008ms
[7.117s][info][gc,phases   ] GC(16) Concurrent Relocate 12.661ms
[7.117s][info][gc,load     ] GC(16) Load: 0.00/0.00/0.00
[7.117s][info][gc,mmu      ] GC(16) MMU: 2ms/95.8%, 5ms/98.3%, 10ms/99.2%, 20ms/99.6%, 50ms/99.8%, 100ms/99.9%
[7.117s][info][gc,marking  ] GC(16) Mark: 8 stripe(s), 3 proactive flush(es), 1 terminate flush(es), 0 completion(s), 0 continuation(s) 
[7.117s][info][gc,marking  ] GC(16) Mark Stack Usage: 32M
[7.117s][info][gc,nmethod  ] GC(16) NMethods: 2231 registered, 459 unregistered
[7.117s][info][gc,metaspace] GC(16) Metaspace: 15M used, 15M committed, 1088M reserved
[7.117s][info][gc,ref      ] GC(16) Soft: 153 encountered, 0 discovered, 0 enqueued
[7.117s][info][gc,ref      ] GC(16) Weak: 853 encountered, 84 discovered, 2 enqueued
[7.117s][info][gc,ref      ] GC(16) Final: 0 encountered, 0 discovered, 0 enqueued
[7.117s][info][gc,ref      ] GC(16) Phantom: 35 encountered, 20 discovered, 0 enqueued
[7.117s][info][gc,reloc    ] GC(16) Small Pages: 404 / 808M, Empty: 0M, Relocated: 24M, In-Place: 0
[7.117s][info][gc,reloc    ] GC(16) Medium Pages: 2 / 64M, Empty: 0M, Relocated: 3M, In-Place: 0
[7.117s][info][gc,reloc    ] GC(16) Large Pages: 0 / 0M, Empty: 0M, Relocated: 0M, In-Place: 0
[7.117s][info][gc,reloc    ] GC(16) Forwarding Usage: 11M
[7.117s][info][gc,heap     ] GC(16) Min Capacity: 8M(1%)
[7.117s][info][gc,heap     ] GC(16) Max Capacity: 1024M(100%)
[7.117s][info][gc,heap     ] GC(16) Soft Max Capacity: 1024M(100%)
[7.117s][info][gc,heap     ] GC(16)                Mark Start          Mark End        Relocate Start      Relocate End           High               Low         
[7.117s][info][gc,heap     ] GC(16)  Capacity:     1024M (100%)       1024M (100%)       1024M (100%)       1024M (100%)       1024M (100%)       1024M (100%)   
[7.117s][info][gc,heap     ] GC(16)      Free:      152M (15%)         108M (11%)         106M (10%)         120M (12%)         152M (15%)          26M (3%)     
[7.117s][info][gc,heap     ] GC(16)      Used:      872M (85%)         916M (89%)         918M (90%)         904M (88%)         998M (97%)         872M (85%)    
[7.118s][info][gc,heap     ] GC(16)      Live:         -               603M (59%)         603M (59%)         603M (59%)            -                  -          
[7.118s][info][gc,heap     ] GC(16) Allocated:         -                44M (4%)           46M (4%)           79M (8%)             -                  -          
[7.118s][info][gc,heap     ] GC(16)   Garbage:         -               268M (26%)         268M (26%)         220M (22%)            -                  -          
[7.118s][info][gc,heap     ] GC(16) Reclaimed:         -                  -                 0M (0%)           47M (5%)             -                  -          
[7.118s][info][gc          ] GC(16) Garbage Collection (Allocation Rate) 872M(85%)->904M(88%)
[7.210s][info][gc,start    ] GC(17) Garbage Collection (Allocation Rate)
[7.210s][info][gc,task     ] GC(17) Using 10 workers
[7.210s][info][gc,phases   ] GC(17) Pause Mark Start 0.013ms
[7.411s][info][gc,phases   ] GC(17) Concurrent Mark 200.214ms
[7.411s][info][gc,phases   ] GC(17) Pause Mark End 0.016ms
[7.411s][info][gc,phases   ] GC(17) Concurrent Mark Free 0.001ms
[7.419s][info][gc,phases   ] GC(17) Concurrent Process Non-Strong References 8.467ms
[7.419s][info][gc,phases   ] GC(17) Concurrent Reset Relocation Set 0.010ms
[7.447s][info][gc,phases   ] GC(17) Concurrent Select Relocation Set 27.163ms
[7.447s][info][gc,phases   ] GC(17) Pause Relocate Start 0.011ms
[7.483s][info][gc,phases   ] GC(17) Concurrent Relocate 36.119ms
[7.483s][info][gc,load     ] GC(17) Load: 0.00/0.00/0.00
[7.483s][info][gc,mmu      ] GC(17) MMU: 2ms/95.8%, 5ms/98.3%, 10ms/99.2%, 20ms/99.6%, 50ms/99.8%, 100ms/99.9%
[7.483s][info][gc,marking  ] GC(17) Mark: 8 stripe(s), 2 proactive flush(es), 1 terminate flush(es), 0 completion(s), 0 continuation(s) 
[7.483s][info][gc,marking  ] GC(17) Mark Stack Usage: 32M
[7.483s][info][gc,nmethod  ] GC(17) NMethods: 2322 registered, 471 unregistered
[7.483s][info][gc,metaspace] GC(17) Metaspace: 16M used, 16M committed, 1088M reserved
[7.483s][info][gc,ref      ] GC(17) Soft: 153 encountered, 0 discovered, 0 enqueued
[7.483s][info][gc,ref      ] GC(17) Weak: 851 encountered, 38 discovered, 1 enqueued
[7.483s][info][gc,ref      ] GC(17) Final: 0 encountered, 0 discovered, 0 enqueued
[7.483s][info][gc,ref      ] GC(17) Phantom: 35 encountered, 25 discovered, 0 enqueued
[7.483s][info][gc,reloc    ] GC(17) Small Pages: 432 / 864M, Empty: 0M, Relocated: 132M, In-Place: 0
[7.483s][info][gc,reloc    ] GC(17) Medium Pages: 2 / 64M, Empty: 32M, Relocated: 0M, In-Place: 0
[7.483s][info][gc,reloc    ] GC(17) Large Pages: 0 / 0M, Empty: 0M, Relocated: 0M, In-Place: 0
[7.483s][info][gc,reloc    ] GC(17) Forwarding Usage: 57M
[7.483s][info][gc,heap     ] GC(17) Min Capacity: 8M(1%)
[7.483s][info][gc,heap     ] GC(17) Max Capacity: 1024M(100%)
[7.483s][info][gc,heap     ] GC(17) Soft Max Capacity: 1024M(100%)
[7.483s][info][gc,heap     ] GC(17)                Mark Start          Mark End        Relocate Start      Relocate End           High               Low         
[7.483s][info][gc,heap     ] GC(17)  Capacity:     1024M (100%)       1024M (100%)       1024M (100%)       1024M (100%)       1024M (100%)       1024M (100%)   
[7.483s][info][gc,heap     ] GC(17)      Free:       96M (9%)           38M (4%)           66M (6%)          206M (20%)         206M (20%)          34M (3%)     
[7.483s][info][gc,heap     ] GC(17)      Used:      928M (91%)         986M (96%)         958M (94%)         818M (80%)         990M (97%)         818M (80%)    
[7.483s][info][gc,heap     ] GC(17)      Live:         -               571M (56%)         571M (56%)         571M (56%)            -                  -          
[7.483s][info][gc,heap     ] GC(17) Allocated:         -                58M (6%)           62M (6%)           63M (6%)             -                  -          
[7.483s][info][gc,heap     ] GC(17)   Garbage:         -               356M (35%)         324M (32%)         182M (18%)            -                  -          
[7.483s][info][gc,heap     ] GC(17) Reclaimed:         -                  -                32M (3%)          173M (17%)            -                  -          
[7.483s][info][gc          ] GC(17) Garbage Collection (Allocation Rate) 928M(91%)->818M(80%)
[7.497s][info][gc,start    ] GC(18) Garbage Collection (Allocation Rate)
[7.497s][info][gc,task     ] GC(18) Using 10 workers
[7.497s][info][gc,phases   ] GC(18) Pause Mark Start 0.008ms
[7.513s][info][gc,phases   ] GC(18) Concurrent Mark 15.563ms
[7.513s][info][gc,phases   ] GC(18) Pause Mark End 0.012ms
[7.513s][info][gc,phases   ] GC(18) Concurrent Mark Free 0.001ms
[7.519s][info][gc,phases   ] GC(18) Concurrent Process Non-Strong References 6.042ms
[7.519s][info][gc,phases   ] GC(18) Concurrent Reset Relocation Set 0.030ms
[7.534s][info][gc,phases   ] GC(18) Concurrent Select Relocation Set 14.961ms
[7.534s][info][gc,phases   ] GC(18) Pause Relocate Start 0.005ms
[7.535s][info][gc,phases   ] GC(18) Concurrent Relocate 0.908ms
[7.535s][info][gc,load     ] GC(18) Load: 0.00/0.00/0.00
[7.535s][info][gc,mmu      ] GC(18) MMU: 2ms/95.8%, 5ms/98.3%, 10ms/99.2%, 20ms/99.6%, 50ms/99.8%, 100ms/99.9%
[7.535s][info][gc,marking  ] GC(18) Mark: 8 stripe(s), 2 proactive flush(es), 1 terminate flush(es), 0 completion(s), 0 continuation(s) 
[7.535s][info][gc,marking  ] GC(18) Mark Stack Usage: 32M
[7.535s][info][gc,nmethod  ] GC(18) NMethods: 2303 registered, 492 unregistered
[7.535s][info][gc,metaspace] GC(18) Metaspace: 15M used, 16M committed, 1088M reserved
[7.535s][info][gc,ref      ] GC(18) Soft: 168 encountered, 0 discovered, 0 enqueued
[7.535s][info][gc,ref      ] GC(18) Weak: 953 encountered, 111 discovered, 68 enqueued
[7.536s][info][gc,ref      ] GC(18) Final: 0 encountered, 0 discovered, 0 enqueued
[7.536s][info][gc,ref      ] GC(18) Phantom: 89 encountered, 80 discovered, 54 enqueued
[7.536s][info][gc,reloc    ] GC(18) Small Pages: 393 / 786M, Empty: 698M, Relocated: 2M, In-Place: 0
[7.536s][info][gc,reloc    ] GC(18) Medium Pages: 1 / 32M, Empty: 32M, Relocated: 0M, In-Place: 0
[7.536s][info][gc,reloc    ] GC(18) Large Pages: 0 / 0M, Empty: 0M, Relocated: 0M, In-Place: 0
[7.536s][info][gc,reloc    ] GC(18) Forwarding Usage: 1M
[7.536s][info][gc,heap     ] GC(18) Min Capacity: 8M(1%)
[7.536s][info][gc,heap     ] GC(18) Max Capacity: 1024M(100%)
[7.536s][info][gc,heap     ] GC(18) Soft Max Capacity: 1024M(100%)
[7.536s][info][gc,heap     ] GC(18)                Mark Start          Mark End        Relocate Start      Relocate End           High               Low         
[7.536s][info][gc,heap     ] GC(18)  Capacity:     1024M (100%)       1024M (100%)       1024M (100%)       1024M (100%)       1024M (100%)       1024M (100%)   
[7.536s][info][gc,heap     ] GC(18)      Free:      206M (20%)         204M (20%)         934M (91%)         998M (97%)         998M (97%)         204M (20%)    
[7.536s][info][gc,heap     ] GC(18)      Used:      818M (80%)         820M (80%)          90M (9%)           26M (3%)          820M (80%)          26M (3%)     
[7.536s][info][gc,heap     ] GC(18)      Live:         -                 5M (1%)            5M (1%)            5M (1%)             -                  -          
[7.536s][info][gc,heap     ] GC(18) Allocated:         -                 2M (0%)            2M (0%)            1M (0%)             -                  -          
[7.536s][info][gc,heap     ] GC(18)   Garbage:         -               812M (79%)          82M (8%)           18M (2%)             -                  -          
[7.536s][info][gc,heap     ] GC(18) Reclaimed:         -                  -               730M (71%)         793M (78%)            -                  -          
[7.536s][info][gc          ] GC(18) Garbage Collection (Allocation Rate) 818M(80%)->26M(3%)
[7.596s][info][gc,start    ] GC(19) Garbage Collection (Allocation Rate)
[7.596s][info][gc,task     ] GC(19) Using 10 workers
[7.596s][info][gc,phases   ] GC(19) Pause Mark Start 0.012ms
[7.603s][info][gc,phases   ] GC(19) Concurrent Mark 6.919ms
[7.603s][info][gc,phases   ] GC(19) Pause Mark End 0.017ms
[7.603s][info][gc,phases   ] GC(19) Concurrent Mark Free 0.001ms
[7.605s][info][gc,phases   ] GC(19) Concurrent Process Non-Strong References 1.213ms
[7.605s][info][gc,phases   ] GC(19) Concurrent Reset Relocation Set 0.005ms
[7.608s][info][gc,phases   ] GC(19) Concurrent Select Relocation Set 3.544ms
[7.608s][info][gc,phases   ] GC(19) Pause Relocate Start 0.006ms
[7.610s][info][gc,phases   ] GC(19) Concurrent Relocate 1.722ms
[7.610s][info][gc,load     ] GC(19) Load: 0.00/0.00/0.00
[7.610s][info][gc,mmu      ] GC(19) MMU: 2ms/95.8%, 5ms/98.3%, 10ms/99.2%, 20ms/99.6%, 50ms/99.8%, 100ms/99.9%
[7.610s][info][gc,marking  ] GC(19) Mark: 8 stripe(s), 2 proactive flush(es), 1 terminate flush(es), 0 completion(s), 0 continuation(s) 
[7.610s][info][gc,marking  ] GC(19) Mark Stack Usage: 32M
[7.610s][info][gc,nmethod  ] GC(19) NMethods: 2303 registered, 493 unregistered
[7.610s][info][gc,metaspace] GC(19) Metaspace: 15M used, 16M committed, 1088M reserved
[7.610s][info][gc,ref      ] GC(19) Soft: 168 encountered, 0 discovered, 0 enqueued
[7.610s][info][gc,ref      ] GC(19) Weak: 885 encountered, 77 discovered, 0 enqueued
[7.610s][info][gc,ref      ] GC(19) Final: 0 encountered, 0 discovered, 0 enqueued
[7.610s][info][gc,ref      ] GC(19) Phantom: 35 encountered, 22 discovered, 0 enqueued
[7.610s][info][gc,reloc    ] GC(19) Small Pages: 15 / 30M, Empty: 0M, Relocated: 2M, In-Place: 0
[7.610s][info][gc,reloc    ] GC(19) Medium Pages: 0 / 0M, Empty: 0M, Relocated: 0M, In-Place: 0
[7.610s][info][gc,reloc    ] GC(19) Large Pages: 0 / 0M, Empty: 0M, Relocated: 0M, In-Place: 0
[7.610s][info][gc,reloc    ] GC(19) Forwarding Usage: 1M
[7.611s][info][gc,heap     ] GC(19) Min Capacity: 8M(1%)
[7.611s][info][gc,heap     ] GC(19) Max Capacity: 1024M(100%)
[7.611s][info][gc,heap     ] GC(19) Soft Max Capacity: 1024M(100%)
[7.611s][info][gc,heap     ] GC(19)                Mark Start          Mark End        Relocate Start      Relocate End           High               Low         
[7.611s][info][gc,heap     ] GC(19)  Capacity:     1024M (100%)       1024M (100%)       1024M (100%)       1024M (100%)       1024M (100%)       1024M (100%)   
[7.611s][info][gc,heap     ] GC(19)      Free:      994M (97%)         992M (97%)         992M (97%)         998M (97%)         998M (97%)         972M (95%)    
[7.611s][info][gc,heap     ] GC(19)      Used:       30M (3%)           32M (3%)           32M (3%)           26M (3%)           52M (5%)           26M (3%)     
[7.611s][info][gc,heap     ] GC(19)      Live:         -                 5M (1%)            5M (1%)            5M (1%)             -                  -          
[7.611s][info][gc,heap     ] GC(19) Allocated:         -                 2M (0%)            2M (0%)            1M (0%)             -                  -          
[7.611s][info][gc,heap     ] GC(19)   Garbage:         -                24M (2%)           24M (2%)           18M (2%)             -                  -          
[7.611s][info][gc,heap     ] GC(19) Reclaimed:         -                  -                 0M (0%)            5M (1%)             -                  -          
[7.611s][info][gc          ] GC(19) Garbage Collection (Allocation Rate) 30M(3%)->26M(3%)
[10.100s][info][gc,stats    ] === Garbage Collection Statistics =======================================================================================================================
[10.100s][info][gc,stats    ]                                                              Last 10s              Last 10m              Last 10h                Total
[10.100s][info][gc,stats    ]                                                              Avg / Max             Avg / Max             Avg / Max             Avg / Max
[10.101s][info][gc,stats    ]   Collector: Garbage Collection Cycle                    112.493 / 273.131     112.493 / 273.131     112.493 / 273.131     112.493 / 273.131     ms
[10.101s][info][gc,stats    ]  Contention: Mark Segment Reset Contention                     6 / 32                6 / 32                6 / 32                6 / 32          ops/s
[10.101s][info][gc,stats    ]  Contention: Mark SeqNum Reset Contention                      0 / 6                 0 / 6                 0 / 6                 0 / 6           ops/s
[10.101s][info][gc,stats    ]    Critical: Allocation Stall                                  4 / 48                4 / 48                4 / 48                4 / 48          ops/s
[10.101s][info][gc,stats    ]    Critical: Allocation Stall                             15.833 / 16.776       15.833 / 16.776       15.833 / 16.776       15.833 / 16.776      ms
[10.101s][info][gc,stats    ]    Critical: GC Locker Stall                                   0 / 0                 0 / 0                 0 / 0                 0 / 0           ops/s
[10.101s][info][gc,stats    ]    Critical: GC Locker Stall                               0.000 / 0.000         0.000 / 0.000         0.000 / 0.000         0.000 / 0.000       ms
[10.101s][info][gc,stats    ]    Critical: Relocation Stall                                  0 / 0                 0 / 0                 0 / 0                 0 / 0           ops/s
[10.101s][info][gc,stats    ]    Critical: Relocation Stall                              0.000 / 0.000         0.000 / 0.000         0.000 / 0.000         0.000 / 0.000       ms
[10.101s][info][gc,stats    ]      Memory: Allocation Rate                                 696 / 3696            696 / 3696            696 / 3696            696 / 3696        MB/s
[10.101s][info][gc,stats    ]      Memory: Defragment                                        2 / 29                2 / 29                2 / 29                2 / 29          ops/s
[10.101s][info][gc,stats    ]      Memory: Out Of Memory                                     0 / 0                 0 / 0                 0 / 0                 0 / 0           ops/s
[10.101s][info][gc,stats    ]      Memory: Page Cache Flush                                 18 / 122              18 / 122              18 / 122              18 / 122         MB/s
[10.101s][info][gc,stats    ]      Memory: Page Cache Hit L1                               324 / 1885            324 / 1885            324 / 1885            324 / 1885        ops/s
[10.101s][info][gc,stats    ]      Memory: Page Cache Hit L2                                 0 / 0                 0 / 0                 0 / 0                 0 / 0           ops/s
[10.101s][info][gc,stats    ]      Memory: Page Cache Hit L3                                53 / 407              53 / 407              53 / 407              53 / 407         ops/s
[10.101s][info][gc,stats    ]      Memory: Page Cache Miss                                   0 / 2                 0 / 2                 0 / 2                 0 / 2           ops/s
[10.101s][info][gc,stats    ]      Memory: Uncommit                                          0 / 0                 0 / 0                 0 / 0                 0 / 0           MB/s
[10.101s][info][gc,stats    ]      Memory: Undo Object Allocation Failed                    52 / 346              52 / 346              52 / 346              52 / 346         ops/s
[10.101s][info][gc,stats    ]      Memory: Undo Object Allocation Succeeded                  9 / 70                9 / 70                9 / 70                9 / 70          ops/s
[10.101s][info][gc,stats    ]      Memory: Undo Page Allocation                             61 / 400              61 / 400              61 / 400              61 / 400         ops/s
[10.101s][info][gc,stats    ]       Phase: Concurrent Mark                              77.270 / 202.747      77.270 / 202.747      77.270 / 202.747      77.270 / 202.747     ms
[10.101s][info][gc,stats    ]       Phase: Concurrent Mark Continue                      0.000 / 0.000         0.000 / 0.000         0.000 / 0.000         0.000 / 0.000       ms
[10.101s][info][gc,stats    ]       Phase: Concurrent Mark Free                          0.001 / 0.004         0.001 / 0.004         0.001 / 0.004         0.001 / 0.004       ms
[10.101s][info][gc,stats    ]       Phase: Concurrent Process Non-Strong References      5.024 / 15.033        5.024 / 15.033        5.024 / 15.033        5.024 / 15.033      ms
[10.101s][info][gc,stats    ]       Phase: Concurrent Relocate                           9.357 / 36.119        9.357 / 36.119        9.357 / 36.119        9.357 / 36.119      ms
[10.101s][info][gc,stats    ]       Phase: Concurrent Reset Relocation Set               0.014 / 0.066         0.014 / 0.066         0.014 / 0.066         0.014 / 0.066       ms
[10.101s][info][gc,stats    ]       Phase: Concurrent Select Relocation Set              9.874 / 27.207        9.874 / 27.207        9.874 / 27.207        9.874 / 27.207      ms
[10.101s][info][gc,stats    ]       Phase: Pause Mark End                                0.018 / 0.023         0.018 / 0.023         0.018 / 0.023         0.018 / 0.023       ms
[10.101s][info][gc,stats    ]       Phase: Pause Mark Start                              0.016 / 0.084         0.016 / 0.084         0.016 / 0.084         0.016 / 0.084       ms
[10.102s][info][gc,stats    ]       Phase: Pause Relocate Start                          0.009 / 0.025         0.009 / 0.025         0.009 / 0.025         0.009 / 0.025       ms
[10.102s][info][gc,stats    ]    Subphase: Concurrent Classes Purge                      0.177 / 1.151         0.177 / 1.151         0.177 / 1.151         0.177 / 1.151       ms
[10.102s][info][gc,stats    ]    Subphase: Concurrent Classes Unlink                     1.423 / 5.802         1.423 / 5.802         1.423 / 5.802         1.423 / 5.802       ms
[10.102s][info][gc,stats    ]    Subphase: Concurrent Mark                              73.535 / 201.657      73.535 / 201.657      73.535 / 201.657      73.535 / 201.657     ms
[10.102s][info][gc,stats    ]    Subphase: Concurrent Mark Try Flush                     2.915 / 16.019        2.915 / 16.019        2.915 / 16.019        2.915 / 16.019      ms
[10.102s][info][gc,stats    ]    Subphase: Concurrent Mark Try Terminate                11.472 / 16.338       11.472 / 16.338       11.472 / 16.338       11.472 / 16.338      ms
[10.102s][info][gc,stats    ]    Subphase: Concurrent References Enqueue                 0.002 / 0.005         0.002 / 0.005         0.002 / 0.005         0.002 / 0.005       ms
[10.102s][info][gc,stats    ]    Subphase: Concurrent References Process                 0.057 / 0.210         0.057 / 0.210         0.057 / 0.210         0.057 / 0.210       ms
[10.102s][info][gc,stats    ]    Subphase: Concurrent Roots ClassLoaderDataGraph         0.084 / 1.028         0.084 / 1.028         0.084 / 1.028         0.084 / 1.028       ms
[10.102s][info][gc,stats    ]    Subphase: Concurrent Roots CodeCache                    0.000 / 0.000         0.000 / 0.000         0.000 / 0.000         0.000 / 0.000       ms
[10.102s][info][gc,stats    ]    Subphase: Concurrent Roots JavaThreads                  1.279 / 6.849         1.279 / 6.849         1.279 / 6.849         1.279 / 6.849       ms
[10.102s][info][gc,stats    ]    Subphase: Concurrent Roots OopStorageSet                0.045 / 0.682         0.045 / 0.682         0.045 / 0.682         0.045 / 0.682       ms
[10.102s][info][gc,stats    ]    Subphase: Concurrent Weak Roots OopStorageSet           0.122 / 0.239         0.122 / 0.239         0.122 / 0.239         0.122 / 0.239       ms
[10.102s][info][gc,stats    ]    Subphase: Pause Mark Try Complete                       0.000 / 0.000         0.000 / 0.000         0.000 / 0.000         0.000 / 0.000       ms
[10.102s][info][gc,stats    ]      System: Java Threads                                     65 / 74               65 / 74               65 / 74               65 / 74          threads
[10.102s][info][gc,stats    ] =========================================================================================================================================================
[15.796s][info][gc,start    ] GC(20) Garbage Collection (Allocation Rate)
[15.796s][info][gc,task     ] GC(20) Using 10 workers
[15.796s][info][gc,phases   ] GC(20) Pause Mark Start 0.017ms
[15.858s][info][gc,phases   ] GC(20) Concurrent Mark 62.104ms
[15.881s][info][gc,phases   ] GC(20) Pause Mark End 0.024ms
[15.881s][info][gc,phases   ] GC(20) Concurrent Mark Free 0.002ms
[15.882s][info][gc,phases   ] GC(20) Concurrent Process Non-Strong References 1.259ms
[15.883s][info][gc,phases   ] GC(20) Concurrent Reset Relocation Set 0.003ms
[15.916s][info][gc,phases   ] GC(20) Concurrent Select Relocation Set 33.713ms
[15.916s][info][gc,phases   ] GC(20) Pause Relocate Start 0.009ms
[15.954s][info][gc,phases   ] GC(20) Concurrent Relocate 37.766ms
[15.954s][info][gc,load     ] GC(20) Load: 0.00/0.00/0.00
[15.954s][info][gc,mmu      ] GC(20) MMU: 2ms/95.8%, 5ms/98.3%, 10ms/99.2%, 20ms/99.6%, 50ms/99.8%, 100ms/99.9%
[15.955s][info][gc,marking  ] GC(20) Mark: 8 stripe(s), 3 proactive flush(es), 1 terminate flush(es), 0 completion(s), 0 continuation(s) 
[15.955s][info][gc,marking  ] GC(20) Mark Stack Usage: 32M
[15.955s][info][gc,nmethod  ] GC(20) NMethods: 2348 registered, 58 unregistered
[15.955s][info][gc,metaspace] GC(20) Metaspace: 15M used, 16M committed, 1088M reserved
[15.955s][info][gc,ref      ] GC(20) Soft: 170 encountered, 0 discovered, 0 enqueued
[15.955s][info][gc,ref      ] GC(20) Weak: 939 encountered, 262 discovered, 17 enqueued
[15.955s][info][gc,ref      ] GC(20) Final: 0 encountered, 0 discovered, 0 enqueued
[15.955s][info][gc,ref      ] GC(20) Phantom: 48 encountered, 37 discovered, 13 enqueued
[15.955s][info][gc,reloc    ] GC(20) Small Pages: 217 / 434M, Empty: 26M, Relocated: 145M, In-Place: 0
[15.955s][info][gc,reloc    ] GC(20) Medium Pages: 0 / 0M, Empty: 0M, Relocated: 0M, In-Place: 0
[15.955s][info][gc,reloc    ] GC(20) Large Pages: 0 / 0M, Empty: 0M, Relocated: 0M, In-Place: 0
[15.955s][info][gc,reloc    ] GC(20) Forwarding Usage: 93M
[15.955s][info][gc,heap     ] GC(20) Min Capacity: 8M(1%)
[15.955s][info][gc,heap     ] GC(20) Max Capacity: 1024M(100%)
[15.955s][info][gc,heap     ] GC(20) Soft Max Capacity: 1024M(100%)
[15.955s][info][gc,heap     ] GC(20)                Mark Start          Mark End        Relocate Start      Relocate End           High               Low         
[15.955s][info][gc,heap     ] GC(20)  Capacity:     1024M (100%)       1024M (100%)       1024M (100%)       1024M (100%)       1024M (100%)       1024M (100%)   
[15.955s][info][gc,heap     ] GC(20)      Free:      590M (58%)         486M (47%)         470M (46%)         692M (68%)         692M (68%)         450M (44%)    
[15.955s][info][gc,heap     ] GC(20)      Used:      434M (42%)         538M (53%)         554M (54%)         332M (32%)         574M (56%)         332M (32%)    
[15.955s][info][gc,heap     ] GC(20)      Live:         -               150M (15%)         150M (15%)         150M (15%)            -                  -          
[15.955s][info][gc,heap     ] GC(20) Allocated:         -               104M (10%)         146M (14%)         172M (17%)            -                  -          
[15.955s][info][gc,heap     ] GC(20)   Garbage:         -               283M (28%)         257M (25%)           8M (1%)             -                  -          
[15.955s][info][gc,heap     ] GC(20) Reclaimed:         -                  -                26M (3%)          274M (27%)            -                  -          
[15.955s][info][gc          ] GC(20) Garbage Collection (Allocation Rate) 434M(42%)->332M(32%)
[15.999s][info][gc,start    ] GC(21) Garbage Collection (Allocation Rate)
[15.999s][info][gc,task     ] GC(21) Using 10 workers
[15.999s][info][gc,phases   ] GC(21) Pause Mark Start 0.015ms
[16.114s][info][gc,phases   ] GC(21) Concurrent Mark 115.126ms
[16.115s][info][gc,phases   ] GC(21) Pause Mark End 0.015ms
[16.115s][info][gc,phases   ] GC(21) Concurrent Mark Free 0.001ms
[16.115s][info][gc,phases   ] GC(21) Concurrent Process Non-Strong References 0.658ms
[16.115s][info][gc,phases   ] GC(21) Concurrent Reset Relocation Set 0.033ms
[16.137s][info][gc,phases   ] GC(21) Concurrent Select Relocation Set 22.040ms
[16.138s][info][gc,phases   ] GC(21) Pause Relocate Start 0.010ms
[16.165s][info][gc,phases   ] GC(21) Concurrent Relocate 27.141ms
[16.165s][info][gc,load     ] GC(21) Load: 0.00/0.00/0.00
[16.165s][info][gc,mmu      ] GC(21) MMU: 2ms/95.8%, 5ms/98.3%, 10ms/99.2%, 20ms/99.6%, 50ms/99.8%, 100ms/99.9%
[16.165s][info][gc,marking  ] GC(21) Mark: 8 stripe(s), 2 proactive flush(es), 1 terminate flush(es), 0 completion(s), 0 continuation(s) 
[16.165s][info][gc,marking  ] GC(21) Mark Stack Usage: 32M
[16.165s][info][gc,nmethod  ] GC(21) NMethods: 2347 registered, 59 unregistered
[16.165s][info][gc,metaspace] GC(21) Metaspace: 15M used, 16M committed, 1088M reserved
[16.165s][info][gc,ref      ] GC(21) Soft: 170 encountered, 0 discovered, 0 enqueued
[16.165s][info][gc,ref      ] GC(21) Weak: 922 encountered, 61 discovered, 0 enqueued
[16.165s][info][gc,ref      ] GC(21) Final: 0 encountered, 0 discovered, 0 enqueued
[16.165s][info][gc,ref      ] GC(21) Phantom: 35 encountered, 24 discovered, 0 enqueued
[16.165s][info][gc,reloc    ] GC(21) Small Pages: 192 / 384M, Empty: 0M, Relocated: 87M, In-Place: 0
[16.165s][info][gc,reloc    ] GC(21) Medium Pages: 0 / 0M, Empty: 0M, Relocated: 0M, In-Place: 0
[16.165s][info][gc,reloc    ] GC(21) Large Pages: 0 / 0M, Empty: 0M, Relocated: 0M, In-Place: 0
[16.165s][info][gc,reloc    ] GC(21) Forwarding Usage: 56M
[16.165s][info][gc,heap     ] GC(21) Min Capacity: 8M(1%)
[16.165s][info][gc,heap     ] GC(21) Max Capacity: 1024M(100%)
[16.165s][info][gc,heap     ] GC(21) Soft Max Capacity: 1024M(100%)
[16.165s][info][gc,heap     ] GC(21)                Mark Start          Mark End        Relocate Start      Relocate End           High               Low         
[16.165s][info][gc,heap     ] GC(21)  Capacity:     1024M (100%)       1024M (100%)       1024M (100%)       1024M (100%)       1024M (100%)       1024M (100%)   
[16.165s][info][gc,heap     ] GC(21)      Free:      640M (63%)         522M (51%)         490M (48%)         604M (59%)         640M (63%)         470M (46%)    
[16.166s][info][gc,heap     ] GC(21)      Used:      384M (38%)         502M (49%)         534M (52%)         420M (41%)         554M (54%)         384M (38%)    
[16.166s][info][gc,heap     ] GC(21)      Live:         -               231M (23%)         231M (23%)         231M (23%)            -                  -          
[16.166s][info][gc,heap     ] GC(21) Allocated:         -               118M (12%)         150M (15%)         171M (17%)            -                  -          
[16.166s][info][gc,heap     ] GC(21)   Garbage:         -               152M (15%)         152M (15%)          17M (2%)             -                  -          
[16.166s][info][gc,heap     ] GC(21) Reclaimed:         -                  -                 0M (0%)          135M (13%)            -                  -          
[16.166s][info][gc          ] GC(21) Garbage Collection (Allocation Rate) 384M(38%)->420M(41%)
[16.209s][info][gc,start    ] GC(22) Garbage Collection (Allocation Rate)
[16.209s][info][gc,task     ] GC(22) Using 10 workers
[16.209s][info][gc,phases   ] GC(22) Pause Mark Start 0.017ms
[16.349s][info][gc,phases   ] GC(22) Concurrent Mark 140.287ms
[16.350s][info][gc,phases   ] GC(22) Pause Mark End 0.018ms
[16.350s][info][gc,phases   ] GC(22) Concurrent Mark Free 0.001ms
[16.350s][info][gc,phases   ] GC(22) Concurrent Process Non-Strong References 0.656ms
[16.350s][info][gc,phases   ] GC(22) Concurrent Reset Relocation Set 0.018ms
[16.403s][info][gc,phases   ] GC(22) Concurrent Select Relocation Set 52.398ms
[16.403s][info][gc,phases   ] GC(22) Pause Relocate Start 0.013ms
[16.435s][info][gc,phases   ] GC(22) Concurrent Relocate 31.946ms
[16.435s][info][gc,load     ] GC(22) Load: 0.00/0.00/0.00
[16.435s][info][gc,mmu      ] GC(22) MMU: 2ms/95.8%, 5ms/98.3%, 10ms/99.2%, 20ms/99.6%, 50ms/99.8%, 100ms/99.9%
[16.435s][info][gc,marking  ] GC(22) Mark: 8 stripe(s), 2 proactive flush(es), 1 terminate flush(es), 0 completion(s), 0 continuation(s) 
[16.435s][info][gc,marking  ] GC(22) Mark Stack Usage: 32M
[16.435s][info][gc,nmethod  ] GC(22) NMethods: 2347 registered, 59 unregistered
[16.435s][info][gc,metaspace] GC(22) Metaspace: 15M used, 16M committed, 1088M reserved
[16.435s][info][gc,ref      ] GC(22) Soft: 170 encountered, 0 discovered, 0 enqueued
[16.435s][info][gc,ref      ] GC(22) Weak: 922 encountered, 88 discovered, 0 enqueued
[16.435s][info][gc,ref      ] GC(22) Final: 0 encountered, 0 discovered, 0 enqueued
[16.435s][info][gc,ref      ] GC(22) Phantom: 35 encountered, 17 discovered, 0 enqueued
[16.435s][info][gc,reloc    ] GC(22) Small Pages: 236 / 472M, Empty: 0M, Relocated: 89M, In-Place: 0
[16.435s][info][gc,reloc    ] GC(22) Medium Pages: 0 / 0M, Empty: 0M, Relocated: 0M, In-Place: 0
[16.435s][info][gc,reloc    ] GC(22) Large Pages: 0 / 0M, Empty: 0M, Relocated: 0M, In-Place: 0
[16.435s][info][gc,reloc    ] GC(22) Forwarding Usage: 58M
[16.435s][info][gc,heap     ] GC(22) Min Capacity: 8M(1%)
[16.435s][info][gc,heap     ] GC(22) Max Capacity: 1024M(100%)
[16.436s][info][gc,heap     ] GC(22) Soft Max Capacity: 1024M(100%)
[16.436s][info][gc,heap     ] GC(22)                Mark Start          Mark End        Relocate Start      Relocate End           High               Low         
[16.436s][info][gc,heap     ] GC(22)  Capacity:     1024M (100%)       1024M (100%)       1024M (100%)       1024M (100%)       1024M (100%)       1024M (100%)   
[16.436s][info][gc,heap     ] GC(22)      Free:      552M (54%)         406M (40%)         338M (33%)         452M (44%)         552M (54%)         316M (31%)    
[16.436s][info][gc,heap     ] GC(22)      Used:      472M (46%)         618M (60%)         686M (67%)         572M (56%)         708M (69%)         472M (46%)    
[16.436s][info][gc,heap     ] GC(22)      Live:         -               311M (30%)         311M (30%)         311M (30%)            -                  -          
[16.436s][info][gc,heap     ] GC(22) Allocated:         -               146M (14%)         214M (21%)         239M (23%)            -                  -          
[16.436s][info][gc,heap     ] GC(22)   Garbage:         -               160M (16%)         160M (16%)          21M (2%)             -                  -          
[16.436s][info][gc,heap     ] GC(22) Reclaimed:         -                  -                 0M (0%)          139M (14%)            -                  -          
[16.436s][info][gc          ] GC(22) Garbage Collection (Allocation Rate) 472M(46%)->572M(56%)
[16.506s][info][gc,start    ] GC(23) Garbage Collection (Allocation Rate)
[16.506s][info][gc,task     ] GC(23) Using 10 workers
[16.506s][info][gc,phases   ] GC(23) Pause Mark Start 0.015ms
[16.662s][info][gc,phases   ] GC(23) Concurrent Mark 155.919ms
[16.662s][info][gc,phases   ] GC(23) Pause Mark End 0.018ms
[16.662s][info][gc,phases   ] GC(23) Concurrent Mark Free 0.001ms
[16.663s][info][gc,phases   ] GC(23) Concurrent Process Non-Strong References 0.641ms
[16.663s][info][gc,phases   ] GC(23) Concurrent Reset Relocation Set 0.010ms
[16.720s][info][gc,phases   ] GC(23) Concurrent Select Relocation Set 57.631ms
[16.721s][info][gc,phases   ] GC(23) Pause Relocate Start 0.013ms
[16.757s][info][gc,phases   ] GC(23) Concurrent Relocate 36.320ms
[16.757s][info][gc,load     ] GC(23) Load: 0.00/0.00/0.00
[16.757s][info][gc,mmu      ] GC(23) MMU: 2ms/95.8%, 5ms/98.3%, 10ms/99.2%, 20ms/99.6%, 50ms/99.8%, 100ms/99.9%
[16.757s][info][gc,marking  ] GC(23) Mark: 8 stripe(s), 2 proactive flush(es), 1 terminate flush(es), 0 completion(s), 0 continuation(s) 
[16.757s][info][gc,marking  ] GC(23) Mark Stack Usage: 32M
[16.757s][info][gc,nmethod  ] GC(23) NMethods: 2347 registered, 59 unregistered
[16.757s][info][gc,metaspace] GC(23) Metaspace: 15M used, 16M committed, 1088M reserved
[16.757s][info][gc,ref      ] GC(23) Soft: 170 encountered, 0 discovered, 0 enqueued
[16.757s][info][gc,ref      ] GC(23) Weak: 922 encountered, 80 discovered, 0 enqueued
[16.757s][info][gc,ref      ] GC(23) Final: 0 encountered, 0 discovered, 0 enqueued
[16.757s][info][gc,ref      ] GC(23) Phantom: 35 encountered, 23 discovered, 0 enqueued
[16.757s][info][gc,reloc    ] GC(23) Small Pages: 328 / 656M, Empty: 0M, Relocated: 129M, In-Place: 0
[16.757s][info][gc,reloc    ] GC(23) Medium Pages: 0 / 0M, Empty: 0M, Relocated: 0M, In-Place: 0
[16.757s][info][gc,reloc    ] GC(23) Large Pages: 0 / 0M, Empty: 0M, Relocated: 0M, In-Place: 0
[16.757s][info][gc,reloc    ] GC(23) Forwarding Usage: 84M
[16.757s][info][gc,heap     ] GC(23) Min Capacity: 8M(1%)
[16.757s][info][gc,heap     ] GC(23) Max Capacity: 1024M(100%)
[16.757s][info][gc,heap     ] GC(23) Soft Max Capacity: 1024M(100%)
[16.757s][info][gc,heap     ] GC(23)                Mark Start          Mark End        Relocate Start      Relocate End           High               Low         
[16.757s][info][gc,heap     ] GC(23)  Capacity:     1024M (100%)       1024M (100%)       1024M (100%)       1024M (100%)       1024M (100%)       1024M (100%)   
[16.757s][info][gc,heap     ] GC(23)      Free:      368M (36%)         214M (21%)         138M (13%)         316M (31%)         368M (36%)         118M (12%)    
[16.757s][info][gc,heap     ] GC(23)      Used:      656M (64%)         810M (79%)         886M (87%)         708M (69%)         906M (88%)         656M (64%)    
[16.757s][info][gc,heap     ] GC(23)      Live:         -               426M (42%)         426M (42%)         426M (42%)            -                  -          
[16.757s][info][gc,heap     ] GC(23) Allocated:         -               154M (15%)         230M (22%)         254M (25%)            -                  -          
[16.757s][info][gc,heap     ] GC(23)   Garbage:         -               229M (22%)         229M (22%)          26M (3%)             -                  -          
[16.757s][info][gc,heap     ] GC(23) Reclaimed:         -                  -                 0M (0%)          202M (20%)            -                  -          
[16.757s][info][gc          ] GC(23) Garbage Collection (Allocation Rate) 656M(64%)->708M(69%)
[16.809s][info][gc,start    ] GC(24) Garbage Collection (Allocation Rate)
[16.809s][info][gc,task     ] GC(24) Using 10 workers
[16.809s][info][gc,phases   ] GC(24) Pause Mark Start 0.016ms
[17.012s][info][gc,phases   ] GC(24) Concurrent Mark 202.722ms
[17.012s][info][gc,phases   ] GC(24) Pause Mark End 0.015ms
[17.012s][info][gc,phases   ] GC(24) Concurrent Mark Free 0.002ms
[17.013s][info][gc,phases   ] GC(24) Concurrent Process Non-Strong References 0.590ms
[17.013s][info][gc,phases   ] GC(24) Concurrent Reset Relocation Set 0.038ms
[17.021s][info][gc,phases   ] GC(24) Concurrent Select Relocation Set 7.298ms
[17.021s][info][gc,phases   ] GC(24) Pause Relocate Start 0.006ms
[17.052s][info][gc,phases   ] GC(24) Concurrent Relocate 31.568ms
[17.052s][info][gc,load     ] GC(24) Load: 0.00/0.00/0.00
[17.052s][info][gc,mmu      ] GC(24) MMU: 2ms/95.8%, 5ms/98.3%, 10ms/99.2%, 20ms/99.6%, 50ms/99.8%, 100ms/99.9%
[17.053s][info][gc,marking  ] GC(24) Mark: 8 stripe(s), 2 proactive flush(es), 1 terminate flush(es), 0 completion(s), 0 continuation(s) 
[17.053s][info][gc,marking  ] GC(24) Mark Stack Usage: 32M
[17.053s][info][gc,nmethod  ] GC(24) NMethods: 2370 registered, 59 unregistered
[17.053s][info][gc,metaspace] GC(24) Metaspace: 15M used, 16M committed, 1088M reserved
[17.053s][info][gc,ref      ] GC(24) Soft: 170 encountered, 0 discovered, 0 enqueued
[17.053s][info][gc,ref      ] GC(24) Weak: 922 encountered, 119 discovered, 0 enqueued
[17.053s][info][gc,ref      ] GC(24) Final: 0 encountered, 0 discovered, 0 enqueued
[17.053s][info][gc,ref      ] GC(24) Phantom: 35 encountered, 21 discovered, 0 enqueued
[17.053s][info][gc,reloc    ] GC(24) Small Pages: 383 / 766M, Empty: 0M, Relocated: 122M, In-Place: 0
[17.053s][info][gc,reloc    ] GC(24) Medium Pages: 0 / 0M, Empty: 0M, Relocated: 0M, In-Place: 0
[17.053s][info][gc,reloc    ] GC(24) Large Pages: 0 / 0M, Empty: 0M, Relocated: 0M, In-Place: 0
[17.053s][info][gc,reloc    ] GC(24) Forwarding Usage: 80M
[17.053s][info][gc,heap     ] GC(24) Min Capacity: 8M(1%)
[17.053s][info][gc,heap     ] GC(24) Max Capacity: 1024M(100%)
[17.053s][info][gc,heap     ] GC(24) Soft Max Capacity: 1024M(100%)
[17.053s][info][gc,heap     ] GC(24)                Mark Start          Mark End        Relocate Start      Relocate End           High               Low         
[17.053s][info][gc,heap     ] GC(24)  Capacity:     1024M (100%)       1024M (100%)       1024M (100%)       1024M (100%)       1024M (100%)       1024M (100%)   
[17.053s][info][gc,heap     ] GC(24)      Free:      258M (25%)         184M (18%)         180M (18%)         362M (35%)         362M (35%)         158M (15%)    
[17.053s][info][gc,heap     ] GC(24)      Used:      766M (75%)         840M (82%)         844M (82%)         662M (65%)         866M (85%)         662M (65%)    
[17.053s][info][gc,heap     ] GC(24)      Live:         -               537M (52%)         537M (52%)         537M (52%)            -                  -          
[17.053s][info][gc,heap     ] GC(24) Allocated:         -                74M (7%)           78M (8%)           91M (9%)             -                  -          
[17.053s][info][gc,heap     ] GC(24)   Garbage:         -               228M (22%)         228M (22%)          33M (3%)             -                  -          
[17.053s][info][gc,heap     ] GC(24) Reclaimed:         -                  -                 0M (0%)          195M (19%)            -                  -          
[17.053s][info][gc          ] GC(24) Garbage Collection (Allocation Rate) 766M(75%)->662M(65%)
[17.106s][info][gc,start    ] GC(25) Garbage Collection (Allocation Rate)
[17.106s][info][gc,task     ] GC(25) Using 10 workers
[17.106s][info][gc,phases   ] GC(25) Pause Mark Start 0.016ms
[17.330s][info][gc,phases   ] GC(25) Concurrent Mark 223.788ms
[17.330s][info][gc,phases   ] GC(25) Pause Mark End 0.013ms
[17.330s][info][gc,phases   ] GC(25) Concurrent Mark Free 0.001ms
[17.331s][info][gc,phases   ] GC(25) Concurrent Process Non-Strong References 0.609ms
[17.331s][info][gc,phases   ] GC(25) Concurrent Reset Relocation Set 0.021ms
[17.346s][info][gc,phases   ] GC(25) Concurrent Select Relocation Set 15.370ms
[17.347s][info][gc,phases   ] GC(25) Pause Relocate Start 0.009ms
[17.355s][info][gc,phases   ] GC(25) Concurrent Relocate 8.781ms
[17.355s][info][gc,load     ] GC(25) Load: 0.00/0.00/0.00
[17.355s][info][gc,mmu      ] GC(25) MMU: 2ms/95.8%, 5ms/98.3%, 10ms/99.2%, 20ms/99.6%, 50ms/99.8%, 100ms/99.9%
[17.355s][info][gc,marking  ] GC(25) Mark: 8 stripe(s), 2 proactive flush(es), 1 terminate flush(es), 0 completion(s), 0 continuation(s) 
[17.355s][info][gc,marking  ] GC(25) Mark Stack Usage: 32M
[17.355s][info][gc,nmethod  ] GC(25) NMethods: 2384 registered, 65 unregistered
[17.355s][info][gc,metaspace] GC(25) Metaspace: 15M used, 16M committed, 1088M reserved
[17.355s][info][gc,ref      ] GC(25) Soft: 171 encountered, 0 discovered, 0 enqueued
[17.355s][info][gc,ref      ] GC(25) Weak: 930 encountered, 98 discovered, 3 enqueued
[17.356s][info][gc,ref      ] GC(25) Final: 0 encountered, 0 discovered, 0 enqueued
[17.356s][info][gc,ref      ] GC(25) Phantom: 37 encountered, 34 discovered, 2 enqueued
[17.356s][info][gc,reloc    ] GC(25) Small Pages: 337 / 674M, Empty: 0M, Relocated: 24M, In-Place: 0
[17.356s][info][gc,reloc    ] GC(25) Medium Pages: 0 / 0M, Empty: 0M, Relocated: 0M, In-Place: 0
[17.356s][info][gc,reloc    ] GC(25) Large Pages: 1 / 6M, Empty: 0M, Relocated: 0M, In-Place: 0
[17.356s][info][gc,reloc    ] GC(25) Forwarding Usage: 13M
[17.356s][info][gc,heap     ] GC(25) Min Capacity: 8M(1%)
[17.356s][info][gc,heap     ] GC(25) Max Capacity: 1024M(100%)
[17.356s][info][gc,heap     ] GC(25) Soft Max Capacity: 1024M(100%)
[17.356s][info][gc,heap     ] GC(25)                Mark Start          Mark End        Relocate Start      Relocate End           High               Low         
[17.356s][info][gc,heap     ] GC(25)  Capacity:     1024M (100%)       1024M (100%)       1024M (100%)       1024M (100%)       1024M (100%)       1024M (100%)   
[17.356s][info][gc,heap     ] GC(25)      Free:      344M (34%)         324M (32%)         320M (31%)         350M (34%)         350M (34%)         300M (29%)    
[17.356s][info][gc,heap     ] GC(25)      Used:      680M (66%)         700M (68%)         704M (69%)         674M (66%)         724M (71%)         674M (66%)    
[17.356s][info][gc,heap     ] GC(25)      Live:         -               607M (59%)         607M (59%)         607M (59%)            -                  -          
[17.356s][info][gc,heap     ] GC(25) Allocated:         -                20M (2%)           24M (2%)           24M (2%)             -                  -          
[17.356s][info][gc,heap     ] GC(25)   Garbage:         -                72M (7%)           72M (7%)           42M (4%)             -                  -          
[17.356s][info][gc,heap     ] GC(25) Reclaimed:         -                  -                 0M (0%)           30M (3%)             -                  -          
[17.356s][info][gc          ] GC(25) Garbage Collection (Allocation Rate) 680M(66%)->674M(66%)
[17.410s][info][gc,start    ] GC(26) Garbage Collection (Allocation Rate)
[17.410s][info][gc,task     ] GC(26) Using 10 workers
[17.410s][info][gc,phases   ] GC(26) Pause Mark Start 0.010ms
[17.628s][info][gc,phases   ] GC(26) Concurrent Mark 218.405ms
[17.628s][info][gc,phases   ] GC(26) Pause Mark End 0.014ms
[17.628s][info][gc,phases   ] GC(26) Concurrent Mark Free 0.001ms
[17.629s][info][gc,phases   ] GC(26) Concurrent Process Non-Strong References 0.739ms
[17.629s][info][gc,phases   ] GC(26) Concurrent Reset Relocation Set 0.005ms
[17.633s][info][gc,phases   ] GC(26) Concurrent Select Relocation Set 4.127ms
[17.633s][info][gc,phases   ] GC(26) Pause Relocate Start 0.007ms
[17.636s][info][gc,phases   ] GC(26) Concurrent Relocate 2.632ms
[17.636s][info][gc,load     ] GC(26) Load: 0.00/0.00/0.00
[17.636s][info][gc,mmu      ] GC(26) MMU: 2ms/95.8%, 5ms/98.3%, 10ms/99.2%, 20ms/99.6%, 50ms/99.8%, 100ms/99.9%
[17.636s][info][gc,marking  ] GC(26) Mark: 8 stripe(s), 2 proactive flush(es), 1 terminate flush(es), 0 completion(s), 0 continuation(s) 
[17.636s][info][gc,marking  ] GC(26) Mark Stack Usage: 32M
[17.636s][info][gc,nmethod  ] GC(26) NMethods: 2406 registered, 79 unregistered
[17.636s][info][gc,metaspace] GC(26) Metaspace: 16M used, 16M committed, 1088M reserved
[17.636s][info][gc,ref      ] GC(26) Soft: 172 encountered, 0 discovered, 0 enqueued
[17.636s][info][gc,ref      ] GC(26) Weak: 935 encountered, 331 discovered, 2 enqueued
[17.636s][info][gc,ref      ] GC(26) Final: 0 encountered, 0 discovered, 0 enqueued
[17.636s][info][gc,ref      ] GC(26) Phantom: 37 encountered, 26 discovered, 2 enqueued
[17.636s][info][gc,reloc    ] GC(26) Small Pages: 333 / 666M, Empty: 0M, Relocated: 8M, In-Place: 0
[17.636s][info][gc,reloc    ] GC(26) Medium Pages: 0 / 0M, Empty: 0M, Relocated: 0M, In-Place: 0
[17.636s][info][gc,reloc    ] GC(26) Large Pages: 2 / 12M, Empty: 6M, Relocated: 0M, In-Place: 0
[17.636s][info][gc,reloc    ] GC(26) Forwarding Usage: 2M
[17.636s][info][gc,heap     ] GC(26) Min Capacity: 8M(1%)
[17.636s][info][gc,heap     ] GC(26) Max Capacity: 1024M(100%)
[17.636s][info][gc,heap     ] GC(26) Soft Max Capacity: 1024M(100%)
[17.636s][info][gc,heap     ] GC(26)                Mark Start          Mark End        Relocate Start      Relocate End           High               Low         
[17.636s][info][gc,heap     ] GC(26)  Capacity:     1024M (100%)       1024M (100%)       1024M (100%)       1024M (100%)       1024M (100%)       1024M (100%)   
[17.636s][info][gc,heap     ] GC(26)      Free:      346M (34%)         308M (30%)         310M (30%)         314M (31%)         346M (34%)         290M (28%)    
[17.637s][info][gc,heap     ] GC(26)      Used:      678M (66%)         716M (70%)         714M (70%)         710M (69%)         734M (72%)         678M (66%)    
[17.637s][info][gc,heap     ] GC(26)      Live:         -               619M (60%)         619M (60%)         619M (60%)            -                  -          
[17.637s][info][gc,heap     ] GC(26) Allocated:         -                38M (4%)           42M (4%)           43M (4%)             -                  -          
[17.637s][info][gc,heap     ] GC(26)   Garbage:         -                58M (6%)           52M (5%)           46M (5%)             -                  -          
[17.637s][info][gc,heap     ] GC(26) Reclaimed:         -                  -                 6M (1%)           11M (1%)             -                  -          
[17.637s][info][gc          ] GC(26) Garbage Collection (Allocation Rate) 678M(66%)->710M(69%)
[17.706s][info][gc,start    ] GC(27) Garbage Collection (Allocation Rate)
[17.707s][info][gc,task     ] GC(27) Using 10 workers
[17.707s][info][gc,phases   ] GC(27) Pause Mark Start 0.017ms
[17.909s][info][gc,phases   ] GC(27) Concurrent Mark 202.709ms
[17.910s][info][gc,phases   ] GC(27) Pause Mark End 0.021ms
[17.910s][info][gc,phases   ] GC(27) Concurrent Mark Free 0.001ms
[17.910s][info][gc,phases   ] GC(27) Concurrent Process Non-Strong References 0.731ms
[17.911s][info][gc,phases   ] GC(27) Concurrent Reset Relocation Set 0.002ms
[17.922s][info][gc,phases   ] GC(27) Concurrent Select Relocation Set 11.190ms
[17.922s][info][gc,phases   ] GC(27) Pause Relocate Start 0.008ms
[17.926s][info][gc,phases   ] GC(27) Concurrent Relocate 4.125ms
[17.926s][info][gc,load     ] GC(27) Load: 0.00/0.00/0.00
[17.926s][info][gc,mmu      ] GC(27) MMU: 2ms/95.8%, 5ms/98.3%, 10ms/99.2%, 20ms/99.6%, 50ms/99.8%, 100ms/99.9%
[17.926s][info][gc,marking  ] GC(27) Mark: 8 stripe(s), 2 proactive flush(es), 1 terminate flush(es), 0 completion(s), 0 continuation(s) 
[17.926s][info][gc,marking  ] GC(27) Mark Stack Usage: 32M
[17.926s][info][gc,nmethod  ] GC(27) NMethods: 2392 registered, 96 unregistered
[17.926s][info][gc,metaspace] GC(27) Metaspace: 16M used, 16M committed, 1088M reserved
[17.926s][info][gc,ref      ] GC(27) Soft: 172 encountered, 0 discovered, 0 enqueued
[17.926s][info][gc,ref      ] GC(27) Weak: 935 encountered, 212 discovered, 2 enqueued
[17.926s][info][gc,ref      ] GC(27) Final: 0 encountered, 0 discovered, 0 enqueued
[17.926s][info][gc,ref      ] GC(27) Phantom: 36 encountered, 22 discovered, 1 enqueued
[17.926s][info][gc,reloc    ] GC(27) Small Pages: 377 / 754M, Empty: 10M, Relocated: 15M, In-Place: 0
[17.926s][info][gc,reloc    ] GC(27) Medium Pages: 0 / 0M, Empty: 0M, Relocated: 0M, In-Place: 0
[17.926s][info][gc,reloc    ] GC(27) Large Pages: 1 / 6M, Empty: 0M, Relocated: 0M, In-Place: 0
[17.926s][info][gc,reloc    ] GC(27) Forwarding Usage: 4M
[17.926s][info][gc,heap     ] GC(27) Min Capacity: 8M(1%)
[17.926s][info][gc,heap     ] GC(27) Max Capacity: 1024M(100%)
[17.926s][info][gc,heap     ] GC(27) Soft Max Capacity: 1024M(100%)
[17.926s][info][gc,heap     ] GC(27)                Mark Start          Mark End        Relocate Start      Relocate End           High               Low         
[17.926s][info][gc,heap     ] GC(27)  Capacity:     1024M (100%)       1024M (100%)       1024M (100%)       1024M (100%)       1024M (100%)       1024M (100%)   
[17.926s][info][gc,heap     ] GC(27)      Free:      264M (26%)         144M (14%)         144M (14%)         234M (23%)         264M (26%)         126M (12%)    
[17.927s][info][gc,heap     ] GC(27)      Used:      760M (74%)         880M (86%)         880M (86%)         790M (77%)         898M (88%)         760M (74%)    
[17.927s][info][gc,heap     ] GC(27)      Live:         -               606M (59%)         606M (59%)         606M (59%)            -                  -          
[17.927s][info][gc,heap     ] GC(27) Allocated:         -               120M (12%)         130M (13%)         131M (13%)            -                  -          
[17.927s][info][gc,heap     ] GC(27)   Garbage:         -               153M (15%)         143M (14%)          51M (5%)             -                  -          
[17.927s][info][gc,heap     ] GC(27) Reclaimed:         -                  -                10M (1%)          101M (10%)            -                  -          
[17.927s][info][gc          ] GC(27) Garbage Collection (Allocation Rate) 760M(74%)->790M(77%)
[18.010s][info][gc,start    ] GC(28) Garbage Collection (Allocation Rate)
[18.010s][info][gc,task     ] GC(28) Using 10 workers
[18.010s][info][gc,phases   ] GC(28) Pause Mark Start 0.016ms
[18.198s][info][gc,phases   ] GC(28) Concurrent Mark 187.069ms
[18.198s][info][gc,phases   ] GC(28) Pause Mark End 0.015ms
[18.198s][info][gc,phases   ] GC(28) Concurrent Mark Free 0.001ms
[18.198s][info][gc,phases   ] GC(28) Concurrent Process Non-Strong References 0.614ms
[18.198s][info][gc,phases   ] GC(28) Concurrent Reset Relocation Set 0.008ms
[18.201s][info][gc,phases   ] GC(28) Concurrent Select Relocation Set 2.485ms
[18.201s][info][gc,phases   ] GC(28) Pause Relocate Start 0.005ms
[18.205s][info][gc,phases   ] GC(28) Concurrent Relocate 4.145ms
[18.205s][info][gc,load     ] GC(28) Load: 0.00/0.00/0.00
[18.205s][info][gc,mmu      ] GC(28) MMU: 2ms/95.8%, 5ms/98.3%, 10ms/99.2%, 20ms/99.6%, 50ms/99.8%, 100ms/99.9%
[18.205s][info][gc,marking  ] GC(28) Mark: 8 stripe(s), 2 proactive flush(es), 1 terminate flush(es), 0 completion(s), 0 continuation(s) 
[18.205s][info][gc,marking  ] GC(28) Mark Stack Usage: 32M
[18.205s][info][gc,nmethod  ] GC(28) NMethods: 2392 registered, 96 unregistered
[18.205s][info][gc,metaspace] GC(28) Metaspace: 16M used, 16M committed, 1088M reserved
[18.205s][info][gc,ref      ] GC(28) Soft: 172 encountered, 0 discovered, 0 enqueued
[18.205s][info][gc,ref      ] GC(28) Weak: 933 encountered, 146 discovered, 0 enqueued
[18.205s][info][gc,ref      ] GC(28) Final: 0 encountered, 0 discovered, 0 enqueued
[18.205s][info][gc,ref      ] GC(28) Phantom: 35 encountered, 32 discovered, 0 enqueued
[18.205s][info][gc,reloc    ] GC(28) Small Pages: 425 / 850M, Empty: 14M, Relocated: 12M, In-Place: 0
[18.205s][info][gc,reloc    ] GC(28) Medium Pages: 0 / 0M, Empty: 0M, Relocated: 0M, In-Place: 0
[18.205s][info][gc,reloc    ] GC(28) Large Pages: 1 / 6M, Empty: 0M, Relocated: 0M, In-Place: 0
[18.205s][info][gc,reloc    ] GC(28) Forwarding Usage: 4M
[18.205s][info][gc,heap     ] GC(28) Min Capacity: 8M(1%)
[18.205s][info][gc,heap     ] GC(28) Max Capacity: 1024M(100%)
[18.205s][info][gc,heap     ] GC(28) Soft Max Capacity: 1024M(100%)
[18.205s][info][gc,heap     ] GC(28)                Mark Start          Mark End        Relocate Start      Relocate End           High               Low         
[18.205s][info][gc,heap     ] GC(28)  Capacity:     1024M (100%)       1024M (100%)       1024M (100%)       1024M (100%)       1024M (100%)       1024M (100%)   
[18.205s][info][gc,heap     ] GC(28)      Free:      168M (16%)          54M (5%)           66M (6%)          262M (26%)         262M (26%)          48M (5%)     
[18.205s][info][gc,heap     ] GC(28)      Used:      856M (84%)         970M (95%)         958M (94%)         762M (74%)         976M (95%)         762M (74%)    
[18.205s][info][gc,heap     ] GC(28)      Live:         -               577M (56%)         577M (56%)         577M (56%)            -                  -          
[18.205s][info][gc,heap     ] GC(28) Allocated:         -               114M (11%)         116M (11%)         117M (12%)            -                  -          
[18.205s][info][gc,heap     ] GC(28)   Garbage:         -               278M (27%)         264M (26%)          66M (6%)             -                  -          
[18.205s][info][gc,heap     ] GC(28) Reclaimed:         -                  -                14M (1%)          211M (21%)            -                  -          
[18.205s][info][gc          ] GC(28) Garbage Collection (Allocation Rate) 856M(84%)->762M(74%)
[18.307s][info][gc,start    ] GC(29) Garbage Collection (Allocation Rate)
[18.307s][info][gc,task     ] GC(29) Using 10 workers
[18.307s][info][gc,phases   ] GC(29) Pause Mark Start 0.015ms
[18.463s][info][gc,phases   ] GC(29) Concurrent Mark 155.864ms
[18.463s][info][gc,phases   ] GC(29) Pause Mark End 0.018ms
[18.463s][info][gc,phases   ] GC(29) Concurrent Mark Free 0.001ms
[18.464s][info][gc,phases   ] GC(29) Concurrent Process Non-Strong References 0.674ms
[18.464s][info][gc,phases   ] GC(29) Concurrent Reset Relocation Set 0.020ms
[18.473s][info][gc,phases   ] GC(29) Concurrent Select Relocation Set 9.396ms
[18.474s][info][gc,phases   ] GC(29) Pause Relocate Start 0.006ms
[18.479s][info][gc,phases   ] GC(29) Concurrent Relocate 5.264ms
[18.479s][info][gc,load     ] GC(29) Load: 0.00/0.00/0.00
[18.479s][info][gc,mmu      ] GC(29) MMU: 2ms/95.8%, 5ms/98.3%, 10ms/99.2%, 20ms/99.6%, 50ms/99.8%, 100ms/99.9%
[18.479s][info][gc,marking  ] GC(29) Mark: 8 stripe(s), 2 proactive flush(es), 1 terminate flush(es), 0 completion(s), 0 continuation(s) 
[18.479s][info][gc,marking  ] GC(29) Mark Stack Usage: 32M
[18.479s][info][gc,nmethod  ] GC(29) NMethods: 2392 registered, 96 unregistered
[18.479s][info][gc,metaspace] GC(29) Metaspace: 16M used, 16M committed, 1088M reserved
[18.479s][info][gc,ref      ] GC(29) Soft: 172 encountered, 0 discovered, 0 enqueued
[18.479s][info][gc,ref      ] GC(29) Weak: 933 encountered, 243 discovered, 0 enqueued
[18.479s][info][gc,ref      ] GC(29) Final: 0 encountered, 0 discovered, 0 enqueued
[18.479s][info][gc,ref      ] GC(29) Phantom: 35 encountered, 28 discovered, 0 enqueued
[18.479s][info][gc,reloc    ] GC(29) Small Pages: 417 / 834M, Empty: 10M, Relocated: 13M, In-Place: 0
[18.479s][info][gc,reloc    ] GC(29) Medium Pages: 0 / 0M, Empty: 0M, Relocated: 0M, In-Place: 0
[18.479s][info][gc,reloc    ] GC(29) Large Pages: 1 / 6M, Empty: 0M, Relocated: 0M, In-Place: 0
[18.479s][info][gc,reloc    ] GC(29) Forwarding Usage: 4M
[18.479s][info][gc,heap     ] GC(29) Min Capacity: 8M(1%)
[18.479s][info][gc,heap     ] GC(29) Max Capacity: 1024M(100%)
[18.479s][info][gc,heap     ] GC(29) Soft Max Capacity: 1024M(100%)
[18.479s][info][gc,heap     ] GC(29)                Mark Start          Mark End        Relocate Start      Relocate End           High               Low         
[18.479s][info][gc,heap     ] GC(29)  Capacity:     1024M (100%)       1024M (100%)       1024M (100%)       1024M (100%)       1024M (100%)       1024M (100%)   
[18.479s][info][gc,heap     ] GC(29)      Free:      184M (18%)          84M (8%)           84M (8%)          280M (27%)         280M (27%)          66M (6%)     
[18.479s][info][gc,heap     ] GC(29)      Used:      840M (82%)         940M (92%)         940M (92%)         744M (73%)         958M (94%)         744M (73%)    
[18.479s][info][gc,heap     ] GC(29)      Live:         -               548M (54%)         548M (54%)         548M (54%)            -                  -          
[18.479s][info][gc,heap     ] GC(29) Allocated:         -               100M (10%)         110M (11%)         113M (11%)            -                  -          
[18.479s][info][gc,heap     ] GC(29)   Garbage:         -               291M (28%)         281M (27%)          81M (8%)             -                  -          
[18.479s][info][gc,heap     ] GC(29) Reclaimed:         -                  -                10M (1%)          209M (21%)            -                  -          
[18.479s][info][gc          ] GC(29) Garbage Collection (Allocation Rate) 840M(82%)->744M(73%)
[18.510s][info][gc,start    ] GC(30) Garbage Collection (Allocation Rate)
[18.510s][info][gc,task     ] GC(30) Using 10 workers
[18.510s][info][gc,phases   ] GC(30) Pause Mark Start 0.017ms
[18.673s][info][gc,phases   ] GC(30) Concurrent Mark 162.552ms
[18.673s][info][gc,phases   ] GC(30) Pause Mark End 0.017ms
[18.673s][info][gc,phases   ] GC(30) Concurrent Mark Free 0.001ms
[18.674s][info][gc,phases   ] GC(30) Concurrent Process Non-Strong References 0.600ms
[18.674s][info][gc,phases   ] GC(30) Concurrent Reset Relocation Set 0.023ms
[18.678s][info][gc,phases   ] GC(30) Concurrent Select Relocation Set 3.997ms
[18.678s][info][gc,phases   ] GC(30) Pause Relocate Start 0.006ms
[18.681s][info][gc,phases   ] GC(30) Concurrent Relocate 3.533ms
[18.682s][info][gc,load     ] GC(30) Load: 0.00/0.00/0.00
[18.682s][info][gc,mmu      ] GC(30) MMU: 2ms/95.8%, 5ms/98.3%, 10ms/99.2%, 20ms/99.6%, 50ms/99.8%, 100ms/99.9%
[18.682s][info][gc,marking  ] GC(30) Mark: 8 stripe(s), 3 proactive flush(es), 2 terminate flush(es), 0 completion(s), 0 continuation(s) 
[18.682s][info][gc,marking  ] GC(30) Mark Stack Usage: 32M
[18.682s][info][gc,nmethod  ] GC(30) NMethods: 2392 registered, 96 unregistered
[18.682s][info][gc,metaspace] GC(30) Metaspace: 16M used, 16M committed, 1088M reserved
[18.682s][info][gc,ref      ] GC(30) Soft: 172 encountered, 0 discovered, 0 enqueued
[18.682s][info][gc,ref      ] GC(30) Weak: 933 encountered, 195 discovered, 0 enqueued
[18.682s][info][gc,ref      ] GC(30) Final: 0 encountered, 0 discovered, 0 enqueued
[18.682s][info][gc,ref      ] GC(30) Phantom: 35 encountered, 23 discovered, 0 enqueued
[18.682s][info][gc,reloc    ] GC(30) Small Pages: 382 / 764M, Empty: 10M, Relocated: 8M, In-Place: 0
[18.682s][info][gc,reloc    ] GC(30) Medium Pages: 0 / 0M, Empty: 0M, Relocated: 0M, In-Place: 0
[18.682s][info][gc,reloc    ] GC(30) Large Pages: 1 / 6M, Empty: 0M, Relocated: 0M, In-Place: 0
[18.682s][info][gc,reloc    ] GC(30) Forwarding Usage: 3M
[18.682s][info][gc,heap     ] GC(30) Min Capacity: 8M(1%)
[18.682s][info][gc,heap     ] GC(30) Max Capacity: 1024M(100%)
[18.682s][info][gc,heap     ] GC(30) Soft Max Capacity: 1024M(100%)
[18.682s][info][gc,heap     ] GC(30)                Mark Start          Mark End        Relocate Start      Relocate End           High               Low         
[18.682s][info][gc,heap     ] GC(30)  Capacity:     1024M (100%)       1024M (100%)       1024M (100%)       1024M (100%)       1024M (100%)       1024M (100%)   
[18.682s][info][gc,heap     ] GC(30)      Free:      254M (25%)         132M (13%)         138M (13%)         274M (27%)         274M (27%)         118M (12%)    
[18.682s][info][gc,heap     ] GC(30)      Used:      770M (75%)         892M (87%)         886M (87%)         750M (73%)         906M (88%)         750M (73%)    
[18.682s][info][gc,heap     ] GC(30)      Live:         -               528M (52%)         528M (52%)         528M (52%)            -                  -          
[18.682s][info][gc,heap     ] GC(30) Allocated:         -               122M (12%)         126M (12%)         127M (12%)            -                  -          
[18.682s][info][gc,heap     ] GC(30)   Garbage:         -               241M (24%)         231M (23%)          93M (9%)             -                  -          
[18.682s][info][gc,heap     ] GC(30) Reclaimed:         -                  -                10M (1%)          147M (14%)            -                  -          
[18.682s][info][gc          ] GC(30) Garbage Collection (Allocation Rate) 770M(75%)->750M(73%)
[18.704s][info][gc,start    ] GC(31) Garbage Collection (Allocation Rate)
[18.704s][info][gc,task     ] GC(31) Using 10 workers
[18.704s][info][gc,phases   ] GC(31) Pause Mark Start 0.015ms
[18.829s][info][gc,phases   ] GC(31) Concurrent Mark 124.634ms
[18.829s][info][gc,phases   ] GC(31) Pause Mark End 0.023ms
[18.829s][info][gc,phases   ] GC(31) Concurrent Mark Free 0.001ms
[18.830s][info][gc,phases   ] GC(31) Concurrent Process Non-Strong References 0.738ms
[18.830s][info][gc,phases   ] GC(31) Concurrent Reset Relocation Set 0.013ms
[18.836s][info][gc,phases   ] GC(31) Concurrent Select Relocation Set 5.907ms
[18.836s][info][gc,phases   ] GC(31) Pause Relocate Start 0.010ms
[18.843s][info][gc,phases   ] GC(31) Concurrent Relocate 6.756ms
[18.843s][info][gc,load     ] GC(31) Load: 0.00/0.00/0.00
[18.843s][info][gc,mmu      ] GC(31) MMU: 2ms/95.8%, 5ms/98.3%, 10ms/99.2%, 20ms/99.6%, 50ms/99.8%, 100ms/99.9%
[18.843s][info][gc,marking  ] GC(31) Mark: 8 stripe(s), 2 proactive flush(es), 1 terminate flush(es), 0 completion(s), 0 continuation(s) 
[18.843s][info][gc,marking  ] GC(31) Mark Stack Usage: 32M
[18.843s][info][gc,nmethod  ] GC(31) NMethods: 2410 registered, 96 unregistered
[18.843s][info][gc,metaspace] GC(31) Metaspace: 16M used, 16M committed, 1088M reserved
[18.843s][info][gc,ref      ] GC(31) Soft: 172 encountered, 0 discovered, 0 enqueued
[18.843s][info][gc,ref      ] GC(31) Weak: 933 encountered, 162 discovered, 0 enqueued
[18.843s][info][gc,ref      ] GC(31) Final: 0 encountered, 0 discovered, 0 enqueued
[18.843s][info][gc,ref      ] GC(31) Phantom: 35 encountered, 30 discovered, 0 enqueued
[18.843s][info][gc,reloc    ] GC(31) Small Pages: 382 / 764M, Empty: 10M, Relocated: 8M, In-Place: 0
[18.843s][info][gc,reloc    ] GC(31) Medium Pages: 0 / 0M, Empty: 0M, Relocated: 0M, In-Place: 0
[18.843s][info][gc,reloc    ] GC(31) Large Pages: 1 / 6M, Empty: 0M, Relocated: 0M, In-Place: 0
[18.843s][info][gc,reloc    ] GC(31) Forwarding Usage: 3M
[18.843s][info][gc,heap     ] GC(31) Min Capacity: 8M(1%)
[18.844s][info][gc,heap     ] GC(31) Max Capacity: 1024M(100%)
[18.844s][info][gc,heap     ] GC(31) Soft Max Capacity: 1024M(100%)
[18.844s][info][gc,heap     ] GC(31)                Mark Start          Mark End        Relocate Start      Relocate End           High               Low         
[18.844s][info][gc,heap     ] GC(31)  Capacity:     1024M (100%)       1024M (100%)       1024M (100%)       1024M (100%)       1024M (100%)       1024M (100%)   
[18.844s][info][gc,heap     ] GC(31)      Free:      254M (25%)         154M (15%)         158M (15%)         302M (29%)         302M (29%)         138M (13%)    
[18.844s][info][gc,heap     ] GC(31)      Used:      770M (75%)         870M (85%)         866M (85%)         722M (71%)         886M (87%)         722M (71%)    
[18.844s][info][gc,heap     ] GC(31)      Live:         -               505M (49%)         505M (49%)         505M (49%)            -                  -          
[18.844s][info][gc,heap     ] GC(31) Allocated:         -               100M (10%)         106M (10%)         113M (11%)            -                  -          
[18.844s][info][gc,heap     ] GC(31)   Garbage:         -               264M (26%)         254M (25%)         102M (10%)            -                  -          
[18.844s][info][gc,heap     ] GC(31) Reclaimed:         -                  -                10M (1%)          161M (16%)            -                  -          
[18.844s][info][gc          ] GC(31) Garbage Collection (Allocation Rate) 770M(75%)->722M(71%)
[18.900s][info][gc,start    ] GC(32) Garbage Collection (Allocation Rate)
[18.900s][info][gc,task     ] GC(32) Using 10 workers
[18.900s][info][gc,phases   ] GC(32) Pause Mark Start 0.014ms
[18.916s][info][gc,phases   ] GC(32) Concurrent Mark 15.268ms
[18.916s][info][gc,phases   ] GC(32) Pause Mark End 0.019ms
[18.916s][info][gc,phases   ] GC(32) Concurrent Mark Free 0.001ms
[18.923s][info][gc,phases   ] GC(32) Concurrent Process Non-Strong References 7.069ms
[18.923s][info][gc,phases   ] GC(32) Concurrent Reset Relocation Set 0.024ms
[18.927s][info][gc,phases   ] GC(32) Concurrent Select Relocation Set 3.928ms
[18.927s][info][gc,phases   ] GC(32) Pause Relocate Start 0.007ms
[18.930s][info][gc,phases   ] GC(32) Concurrent Relocate 2.632ms
[18.930s][info][gc,load     ] GC(32) Load: 0.00/0.00/0.00
[18.930s][info][gc,mmu      ] GC(32) MMU: 2ms/95.8%, 5ms/98.3%, 10ms/99.2%, 20ms/99.6%, 50ms/99.8%, 100ms/99.9%
[18.930s][info][gc,marking  ] GC(32) Mark: 8 stripe(s), 4 proactive flush(es), 2 terminate flush(es), 0 completion(s), 0 continuation(s) 
[18.930s][info][gc,marking  ] GC(32) Mark Stack Usage: 32M
[18.930s][info][gc,nmethod  ] GC(32) NMethods: 2445 registered, 107 unregistered
[18.930s][info][gc,metaspace] GC(32) Metaspace: 16M used, 16M committed, 1088M reserved
[18.930s][info][gc,ref      ] GC(32) Soft: 178 encountered, 0 discovered, 0 enqueued
[18.930s][info][gc,ref      ] GC(32) Weak: 1000 encountered, 467 discovered, 54 enqueued
[18.930s][info][gc,ref      ] GC(32) Final: 0 encountered, 0 discovered, 0 enqueued
[18.930s][info][gc,ref      ] GC(32) Phantom: 78 encountered, 67 discovered, 43 enqueued
[18.930s][info][gc,reloc    ] GC(32) Small Pages: 360 / 720M, Empty: 654M, Relocated: 5M, In-Place: 0
[18.930s][info][gc,reloc    ] GC(32) Medium Pages: 0 / 0M, Empty: 0M, Relocated: 0M, In-Place: 0
[18.930s][info][gc,reloc    ] GC(32) Large Pages: 1 / 6M, Empty: 6M, Relocated: 0M, In-Place: 0
[18.930s][info][gc,reloc    ] GC(32) Forwarding Usage: 2M
[18.930s][info][gc,heap     ] GC(32) Min Capacity: 8M(1%)
[18.930s][info][gc,heap     ] GC(32) Max Capacity: 1024M(100%)
[18.930s][info][gc,heap     ] GC(32) Soft Max Capacity: 1024M(100%)
[18.930s][info][gc,heap     ] GC(32)                Mark Start          Mark End        Relocate Start      Relocate End           High               Low         
[18.930s][info][gc,heap     ] GC(32)  Capacity:     1024M (100%)       1024M (100%)       1024M (100%)       1024M (100%)       1024M (100%)       1024M (100%)   
[18.930s][info][gc,heap     ] GC(32)      Free:      298M (29%)         296M (29%)         956M (93%)         992M (97%)         992M (97%)         296M (29%)    
[18.931s][info][gc,heap     ] GC(32)      Used:      726M (71%)         728M (71%)          68M (7%)           32M (3%)          728M (71%)          32M (3%)     
[18.931s][info][gc,heap     ] GC(32)      Live:         -                11M (1%)           11M (1%)           11M (1%)             -                  -          
[18.931s][info][gc,heap     ] GC(32) Allocated:         -                 2M (0%)            2M (0%)            1M (0%)             -                  -          
[18.931s][info][gc,heap     ] GC(32)   Garbage:         -               714M (70%)          54M (5%)           18M (2%)             -                  -          
[18.931s][info][gc,heap     ] GC(32) Reclaimed:         -                  -               660M (64%)         695M (68%)            -                  -          
[18.931s][info][gc          ] GC(32) Garbage Collection (Allocation Rate) 726M(71%)->32M(3%)
[20.109s][info][gc,stats    ] === Garbage Collection Statistics =======================================================================================================================
[20.109s][info][gc,stats    ]                                                              Last 10s              Last 10m              Last 10h                Total
[20.109s][info][gc,stats    ]                                                              Avg / Max             Avg / Max             Avg / Max             Avg / Max
[20.109s][info][gc,stats    ]   Collector: Garbage Collection Cycle                    188.329 / 251.335     142.368 / 273.131     142.368 / 273.131     142.368 / 273.131     ms
[20.109s][info][gc,stats    ]  Contention: Mark Segment Reset Contention                     5 / 24                5 / 32                5 / 32                5 / 32          ops/s
[20.109s][info][gc,stats    ]  Contention: Mark SeqNum Reset Contention                      0 / 3                 0 / 6                 0 / 6                 0 / 6           ops/s
[20.109s][info][gc,stats    ]    Critical: Allocation Stall                                  0 / 0                 2 / 48                2 / 48                2 / 48          ops/s
[20.109s][info][gc,stats    ]    Critical: Allocation Stall                              0.000 / 0.000        15.833 / 16.776       15.833 / 16.776       15.833 / 16.776      ms
[20.109s][info][gc,stats    ]    Critical: GC Locker Stall                                   0 / 0                 0 / 0                 0 / 0                 0 / 0           ops/s
[20.109s][info][gc,stats    ]    Critical: GC Locker Stall                               0.000 / 0.000         0.000 / 0.000         0.000 / 0.000         0.000 / 0.000       ms
[20.109s][info][gc,stats    ]    Critical: Relocation Stall                                  0 / 0                 0 / 0                 0 / 0                 0 / 0           ops/s
[20.109s][info][gc,stats    ]    Critical: Relocation Stall                              0.000 / 0.000         0.000 / 0.000         0.000 / 0.000         0.000 / 0.000       ms
[20.109s][info][gc,stats    ]      Memory: Allocation Rate                                 254 / 862             475 / 3696            475 / 3696            475 / 3696        MB/s
[20.109s][info][gc,stats    ]      Memory: Defragment                                        0 / 8                 1 / 29                1 / 29                1 / 29          ops/s
[20.109s][info][gc,stats    ]      Memory: Out Of Memory                                     0 / 0                 0 / 0                 0 / 0                 0 / 0           ops/s
[20.109s][info][gc,stats    ]      Memory: Page Cache Flush                                  1 / 16               10 / 122              10 / 122              10 / 122         MB/s
[20.109s][info][gc,stats    ]      Memory: Page Cache Hit L1                               166 / 663             245 / 1885            245 / 1885            245 / 1885        ops/s
[20.109s][info][gc,stats    ]      Memory: Page Cache Hit L2                                 0 / 0                 0 / 0                 0 / 0                 0 / 0           ops/s
[20.109s][info][gc,stats    ]      Memory: Page Cache Hit L3                                 0 / 7                27 / 407              27 / 407              27 / 407         ops/s
[20.109s][info][gc,stats    ]      Memory: Page Cache Miss                                   0 / 0                 0 / 2                 0 / 2                 0 / 2           ops/s
[20.109s][info][gc,stats    ]      Memory: Uncommit                                          0 / 0                 0 / 0                 0 / 0                 0 / 0           MB/s
[20.109s][info][gc,stats    ]      Memory: Undo Object Allocation Failed                     0 / 1                26 / 346              26 / 346              26 / 346         ops/s
[20.109s][info][gc,stats    ]      Memory: Undo Object Allocation Succeeded                  0 / 3                 4 / 70                4 / 70                4 / 70          ops/s
[20.109s][info][gc,stats    ]      Memory: Undo Page Allocation                              0 / 0                30 / 400              30 / 400              30 / 400         ops/s
[20.110s][info][gc,stats    ]       Phase: Concurrent Mark                             151.265 / 223.788     106.420 / 223.788     106.420 / 223.788     106.420 / 223.788     ms
[20.110s][info][gc,stats    ]       Phase: Concurrent Mark Continue                      0.000 / 0.000         0.000 / 0.000         0.000 / 0.000         0.000 / 0.000       ms
[20.110s][info][gc,stats    ]       Phase: Concurrent Mark Free                          0.001 / 0.002         0.001 / 0.004         0.001 / 0.004         0.001 / 0.004       ms
[20.110s][info][gc,stats    ]       Phase: Concurrent Process Non-Strong References      1.198 / 7.069         3.517 / 15.033        3.517 / 15.033        3.517 / 15.033      ms
[20.110s][info][gc,stats    ]       Phase: Concurrent Relocate                          15.585 / 37.766       11.810 / 37.766       11.810 / 37.766       11.810 / 37.766      ms
[20.110s][info][gc,stats    ]       Phase: Concurrent Reset Relocation Set               0.017 / 0.038         0.015 / 0.066         0.015 / 0.066         0.015 / 0.066       ms
[20.110s][info][gc,stats    ]       Phase: Concurrent Select Relocation Set             17.652 / 57.631       12.938 / 57.631       12.938 / 57.631       12.938 / 57.631      ms
[20.110s][info][gc,stats    ]       Phase: Pause Mark End                                0.018 / 0.024         0.018 / 0.024         0.018 / 0.024         0.018 / 0.024       ms
[20.110s][info][gc,stats    ]       Phase: Pause Mark Start                              0.015 / 0.017         0.016 / 0.084         0.016 / 0.084         0.016 / 0.084       ms
[20.110s][info][gc,stats    ]       Phase: Pause Relocate Start                          0.008 / 0.013         0.009 / 0.025         0.009 / 0.025         0.009 / 0.025       ms
[20.110s][info][gc,stats    ]    Subphase: Concurrent Classes Purge                      0.080 / 0.465         0.139 / 1.151         0.139 / 1.151         0.139 / 1.151       ms
[20.110s][info][gc,stats    ]    Subphase: Concurrent Classes Unlink                     0.932 / 6.293         1.229 / 6.293         1.229 / 6.293         1.229 / 6.293       ms
[20.110s][info][gc,stats    ]    Subphase: Concurrent Mark                             149.151 / 222.466     103.323 / 222.466     103.323 / 222.466     103.323 / 222.466     ms
[20.110s][info][gc,stats    ]    Subphase: Concurrent Mark Try Flush                     0.054 / 0.230         1.824 / 16.019        1.824 / 16.019        1.824 / 16.019      ms
[20.110s][info][gc,stats    ]    Subphase: Concurrent Mark Try Terminate                 6.631 / 15.950       10.212 / 16.338       10.212 / 16.338       10.212 / 16.338      ms
[20.110s][info][gc,stats    ]    Subphase: Concurrent References Enqueue                 0.001 / 0.004         0.002 / 0.005         0.002 / 0.005         0.002 / 0.005       ms
[20.110s][info][gc,stats    ]    Subphase: Concurrent References Process                 0.036 / 0.081         0.049 / 0.210         0.049 / 0.210         0.049 / 0.210       ms
[20.110s][info][gc,stats    ]    Subphase: Concurrent Roots ClassLoaderDataGraph         0.040 / 0.447         0.063 / 1.028         0.063 / 1.028         0.063 / 1.028       ms
[20.110s][info][gc,stats    ]    Subphase: Concurrent Roots CodeCache                    0.000 / 0.000         0.000 / 0.000         0.000 / 0.000         0.000 / 0.000       ms
[20.110s][info][gc,stats    ]    Subphase: Concurrent Roots JavaThreads                  0.782 / 1.303         1.079 / 6.849         1.079 / 6.849         1.079 / 6.849       ms
[20.110s][info][gc,stats    ]    Subphase: Concurrent Roots OopStorageSet                0.012 / 0.033         0.032 / 0.682         0.032 / 0.682         0.032 / 0.682       ms
[20.110s][info][gc,stats    ]    Subphase: Concurrent Weak Roots OopStorageSet           0.067 / 0.134         0.100 / 0.239         0.100 / 0.239         0.100 / 0.239       ms
[20.110s][info][gc,stats    ]    Subphase: Pause Mark Try Complete                       0.000 / 0.000         0.000 / 0.000         0.000 / 0.000         0.000 / 0.000       ms
[20.110s][info][gc,stats    ]      System: Java Threads                                     64 / 67               65 / 74               65 / 74               65 / 74          threads
[20.110s][info][gc,stats    ] =========================================================================================================================================================
[20.605s][info][gc,start    ] GC(33) Garbage Collection (System.gc())
[20.605s][info][gc,task     ] GC(33) Using 10 workers
[20.605s][info][gc,phases   ] GC(33) Pause Mark Start 0.015ms
[20.615s][info][gc,phases   ] GC(33) Concurrent Mark 9.892ms
[20.615s][info][gc,phases   ] GC(33) Pause Mark End 0.021ms
[20.615s][info][gc,phases   ] GC(33) Concurrent Mark Free 0.001ms
[20.617s][info][gc,phases   ] GC(33) Concurrent Process Non-Strong References 1.015ms
[20.617s][info][gc,phases   ] GC(33) Concurrent Reset Relocation Set 0.004ms
[20.620s][info][gc,phases   ] GC(33) Concurrent Select Relocation Set 3.842ms
[20.621s][info][gc,phases   ] GC(33) Pause Relocate Start 0.009ms
[20.622s][info][gc,phases   ] GC(33) Concurrent Relocate 1.265ms
[20.622s][info][gc,load     ] GC(33) Load: 0.00/0.00/0.00
[20.622s][info][gc,mmu      ] GC(33) MMU: 2ms/95.8%, 5ms/98.3%, 10ms/99.2%, 20ms/99.6%, 50ms/99.8%, 100ms/99.9%
[20.622s][info][gc,marking  ] GC(33) Mark: 8 stripe(s), 2 proactive flush(es), 1 terminate flush(es), 0 completion(s), 0 continuation(s) 
[20.622s][info][gc,marking  ] GC(33) Mark Stack Usage: 32M
[20.622s][info][gc,nmethod  ] GC(33) NMethods: 2448 registered, 109 unregistered
[20.622s][info][gc,metaspace] GC(33) Metaspace: 16M used, 16M committed, 1088M reserved
[20.622s][info][gc,ref      ] GC(33) Soft: 180 encountered, 0 discovered, 0 enqueued
[20.622s][info][gc,ref      ] GC(33) Weak: 960 encountered, 382 discovered, 3 enqueued
[20.622s][info][gc,ref      ] GC(33) Final: 0 encountered, 0 discovered, 0 enqueued
[20.622s][info][gc,ref      ] GC(33) Phantom: 37 encountered, 29 discovered, 2 enqueued
[20.622s][info][gc,reloc    ] GC(33) Small Pages: 55 / 110M, Empty: 76M, Relocated: 3M, In-Place: 0
[20.622s][info][gc,reloc    ] GC(33) Medium Pages: 0 / 0M, Empty: 0M, Relocated: 0M, In-Place: 0
[20.622s][info][gc,reloc    ] GC(33) Large Pages: 0 / 0M, Empty: 0M, Relocated: 0M, In-Place: 0
[20.622s][info][gc,reloc    ] GC(33) Forwarding Usage: 0M
[20.622s][info][gc,heap     ] GC(33) Min Capacity: 8M(1%)
[20.622s][info][gc,heap     ] GC(33) Max Capacity: 1024M(100%)
[20.622s][info][gc,heap     ] GC(33) Soft Max Capacity: 1024M(100%)
[20.622s][info][gc,heap     ] GC(33)                Mark Start          Mark End        Relocate Start      Relocate End           High               Low         
[20.622s][info][gc,heap     ] GC(33)  Capacity:     1024M (100%)       1024M (100%)       1024M (100%)       1024M (100%)       1024M (100%)       1024M (100%)   
[20.623s][info][gc,heap     ] GC(33)      Free:      914M (89%)         914M (89%)         988M (96%)         994M (97%)         994M (97%)         912M (89%)    
[20.623s][info][gc,heap     ] GC(33)      Used:      110M (11%)         110M (11%)          36M (4%)           30M (3%)          112M (11%)          30M (3%)     
[20.623s][info][gc,heap     ] GC(33)      Live:         -                 8M (1%)            8M (1%)            8M (1%)             -                  -          
[20.623s][info][gc,heap     ] GC(33) Allocated:         -                 0M (0%)            2M (0%)            1M (0%)             -                  -          
[20.623s][info][gc,heap     ] GC(33)   Garbage:         -               101M (10%)          25M (2%)           19M (2%)             -                  -          
[20.623s][info][gc,heap     ] GC(33) Reclaimed:         -                  -                76M (7%)           81M (8%)             -                  -          
[20.623s][info][gc          ] GC(33) Garbage Collection (System.gc()) 110M(11%)->30M(3%)
[23.400s][info][gc,start    ] GC(34) Garbage Collection (Allocation Rate)
[23.400s][info][gc,task     ] GC(34) Using 10 workers
[23.400s][info][gc,phases   ] GC(34) Pause Mark Start 0.010ms
[23.464s][info][gc          ] Allocation Stall (reactors-io-scheduler-ForkJoinPool-1-worker-10) 0.030ms
[23.464s][info][gc          ] Allocation Stall (reactors-io-scheduler-ForkJoinPool-1-worker-16) 0.030ms
[23.464s][info][gc          ] Allocation Stall (reactors-io-scheduler-ForkJoinPool-1-worker-29) 0.034ms
[23.474s][info][gc          ] Allocation Stall (reactors-io-scheduler-ForkJoinPool-1-worker-15) 2.737ms
[23.474s][info][gc          ] Allocation Stall (reactors-io-scheduler-ForkJoinPool-1-worker-38) 1.532ms
[23.474s][info][gc          ] Allocation Stall (reactors-io-scheduler-ForkJoinPool-1-worker-45) 1.351ms
[23.474s][info][gc          ] Allocation Stall (reactors-io-scheduler-ForkJoinPool-1-worker-37) 1.283ms
[23.474s][info][gc          ] Allocation Stall (reactors-io-scheduler-ForkJoinPool-1-worker-20) 1.306ms
[23.474s][info][gc          ] Allocation Stall (reactors-io-scheduler-ForkJoinPool-1-worker-7) 1.268ms
[23.474s][info][gc          ] Allocation Stall (reactors-io-scheduler-ForkJoinPool-1-worker-46) 1.251ms
[23.474s][info][gc          ] Allocation Stall (reactors-io-scheduler-ForkJoinPool-1-worker-27) 1.132ms
[23.474s][info][gc          ] Allocation Stall (reactors-io-scheduler-ForkJoinPool-1-worker-33) 1.067ms
[23.474s][info][gc          ] Allocation Stall (reactors-io-scheduler-ForkJoinPool-1-worker-16) 1.059ms
[23.474s][info][gc          ] Allocation Stall (reactors-io-scheduler-ForkJoinPool-1-worker-1) 1.360ms
[23.475s][info][gc          ] Allocation Stall (reactors-io-scheduler-ForkJoinPool-1-worker-40) 1.380ms
[23.475s][info][gc          ] Allocation Stall (reactors-io-scheduler-ForkJoinPool-1-worker-18) 1.420ms
[23.475s][info][gc          ] Allocation Stall (reactors-io-scheduler-ForkJoinPool-1-worker-29) 1.466ms
[23.475s][info][gc          ] Allocation Stall (reactors-io-scheduler-ForkJoinPool-1-worker-5) 1.407ms
[23.475s][info][gc          ] Allocation Stall (reactors-io-scheduler-ForkJoinPool-1-worker-13) 1.477ms
[23.475s][info][gc          ] Allocation Stall (reactors-io-scheduler-ForkJoinPool-1-worker-19) 1.334ms
[23.475s][info][gc          ] Allocation Stall (reactors-io-scheduler-ForkJoinPool-1-worker-11) 1.373ms
[23.475s][info][gc          ] Allocation Stall (reactors-io-scheduler-ForkJoinPool-1-worker-10) 1.371ms
[23.475s][info][gc          ] Allocation Stall (reactors-io-scheduler-ForkJoinPool-1-worker-28) 1.392ms
[23.475s][info][gc          ] Allocation Stall (reactors-io-scheduler-ForkJoinPool-1-worker-12) 1.398ms
[23.476s][info][gc          ] Allocation Stall (reactors-io-scheduler-ForkJoinPool-1-worker-4) 2.076ms
[23.476s][info][gc          ] Allocation Stall (reactors-io-scheduler-ForkJoinPool-1-worker-47) 2.078ms
[23.476s][info][gc          ] Allocation Stall (reactors-io-scheduler-ForkJoinPool-1-worker-43) 2.118ms
[23.525s][info][gc,phases   ] GC(34) Concurrent Mark 109.306ms
[23.525s][info][gc,phases   ] GC(34) Pause Mark End 0.023ms
[23.525s][info][gc,phases   ] GC(34) Concurrent Mark Free 0.001ms
[23.526s][info][gc,phases   ] GC(34) Concurrent Process Non-Strong References 0.975ms
[23.526s][info][gc,phases   ] GC(34) Concurrent Reset Relocation Set 0.003ms
[23.526s][info][gc          ] Allocation Stall (reactors-io-scheduler-ForkJoinPool-1-worker-17) 27.247ms
[23.526s][info][gc          ] Allocation Stall (reactors-io-scheduler-ForkJoinPool-1-worker-5) 28.177ms
[23.526s][info][gc          ] Allocation Stall (reactors-io-scheduler-ForkJoinPool-1-worker-39) 27.147ms
[23.526s][info][gc          ] Allocation Stall (reactors-io-scheduler-ForkJoinPool-1-worker-23) 28.676ms
[23.526s][info][gc          ] Allocation Stall (reactors-io-scheduler-ForkJoinPool-1-worker-26) 27.856ms
[23.526s][info][gc          ] Allocation Stall (reactors-io-scheduler-ForkJoinPool-1-worker-14) 27.544ms
[23.526s][info][gc          ] Allocation Stall (reactors-io-scheduler-ForkJoinPool-1-worker-43) 27.926ms
[23.526s][info][gc          ] Allocation Stall (reactors-io-scheduler-ForkJoinPool-1-worker-47) 27.967ms
[23.526s][info][gc          ] Allocation Stall (reactors-io-scheduler-ForkJoinPool-1-worker-25) 28.200ms
[23.526s][info][gc          ] Allocation Stall (reactors-io-scheduler-ForkJoinPool-1-worker-21) 27.611ms
[23.526s][info][gc          ] Allocation Stall (reactors-io-scheduler-ForkJoinPool-1-worker-13) 28.086ms
[23.526s][info][gc          ] Allocation Stall (reactors-io-scheduler-ForkJoinPool-1-worker-44) 28.143ms
[23.526s][info][gc          ] Allocation Stall (reactors-io-scheduler-ForkJoinPool-1-worker-40) 27.237ms
[23.526s][info][gc          ] Allocation Stall (reactors-io-scheduler-ForkJoinPool-1-worker-19) 27.660ms
[23.526s][info][gc          ] Allocation Stall (reactors-io-scheduler-ForkJoinPool-1-worker-18) 27.213ms
[23.526s][info][gc          ] Allocation Stall (reactors-io-scheduler-ForkJoinPool-1-worker-16) 28.189ms
[23.526s][info][gc          ] Allocation Stall (reactors-io-scheduler-ForkJoinPool-1-worker-46) 27.549ms
[23.526s][info][gc          ] Allocation Stall (reactors-io-scheduler-ForkJoinPool-1-worker-41) 27.421ms
[23.526s][info][gc          ] Allocation Stall (reactors-io-scheduler-ForkJoinPool-1-worker-10) 27.985ms
[23.526s][info][gc          ] Allocation Stall (reactors-io-scheduler-ForkJoinPool-1-worker-34) 27.907ms
[23.526s][info][gc          ] Allocation Stall (reactors-io-scheduler-ForkJoinPool-1-worker-35) 27.365ms
[23.526s][info][gc          ] Allocation Stall (reactors-io-scheduler-ForkJoinPool-1-worker-7) 27.594ms
[23.526s][info][gc          ] Allocation Stall (reactors-io-scheduler-ForkJoinPool-1-worker-27) 28.008ms
[23.526s][info][gc          ] Allocation Stall (reactors-io-scheduler-ForkJoinPool-1-worker-48) 27.149ms
[23.526s][info][gc          ] Allocation Stall (reactors-io-scheduler-ForkJoinPool-1-worker-36) 28.217ms
[23.526s][info][gc          ] Allocation Stall (reactors-io-scheduler-ForkJoinPool-1-worker-38) 29.723ms
[23.526s][info][gc          ] Allocation Stall (reactors-io-scheduler-ForkJoinPool-1-worker-11) 27.834ms
[23.526s][info][gc          ] Allocation Stall (reactors-io-scheduler-ForkJoinPool-1-worker-37) 28.231ms
[23.526s][info][gc          ] Allocation Stall (reactors-io-scheduler-ForkJoinPool-1-worker-6) 27.243ms
[23.526s][info][gc          ] Allocation Stall (reactors-io-scheduler-ForkJoinPool-1-worker-2) 30.636ms
[23.526s][info][gc          ] Allocation Stall (reactors-io-scheduler-ForkJoinPool-1-worker-3) 28.221ms
[23.526s][info][gc          ] Allocation Stall (reactors-io-scheduler-ForkJoinPool-1-worker-15) 27.654ms
[23.526s][info][gc          ] Allocation Stall (reactors-io-scheduler-ForkJoinPool-1-worker-31) 31.357ms
[23.526s][info][gc          ] Allocation Stall (reactors-io-scheduler-ForkJoinPool-1-worker-22) 27.525ms
[23.526s][info][gc          ] Allocation Stall (reactors-io-scheduler-ForkJoinPool-1-worker-9) 28.313ms
[23.526s][info][gc          ] Allocation Stall (reactors-io-scheduler-ForkJoinPool-1-worker-20) 28.206ms
[23.526s][info][gc          ] Allocation Stall (reactors-io-scheduler-ForkJoinPool-1-worker-42) 27.417ms
[23.526s][info][gc          ] Allocation Stall (reactors-io-scheduler-ForkJoinPool-1-worker-4) 28.540ms
[23.526s][info][gc          ] Allocation Stall (reactors-io-scheduler-ForkJoinPool-1-worker-33) 28.452ms
[23.526s][info][gc          ] Allocation Stall (reactors-io-scheduler-ForkJoinPool-1-worker-8) 28.792ms
[23.526s][info][gc          ] Allocation Stall (reactors-io-scheduler-ForkJoinPool-1-worker-28) 29.918ms
[23.526s][info][gc          ] Allocation Stall (reactors-io-scheduler-ForkJoinPool-1-worker-30) 30.083ms
[23.526s][info][gc          ] Allocation Stall (reactors-io-scheduler-ForkJoinPool-1-worker-45) 31.418ms
[23.526s][info][gc          ] Allocation Stall (reactors-io-scheduler-ForkJoinPool-1-worker-24) 30.005ms
[23.526s][info][gc          ] Allocation Stall (reactors-io-scheduler-ForkJoinPool-1-worker-29) 30.119ms
[23.526s][info][gc          ] Allocation Stall (reactors-io-scheduler-ForkJoinPool-1-worker-1) 30.128ms
[23.526s][info][gc          ] Allocation Stall (reactors-io-scheduler-ForkJoinPool-1-worker-12) 28.442ms
[23.526s][info][gc          ] Allocation Stall (reactors-io-scheduler-ForkJoinPool-1-worker-32) 30.617ms
[23.535s][info][gc,phases   ] GC(34) Concurrent Select Relocation Set 8.720ms
[23.535s][info][gc,phases   ] GC(34) Pause Relocate Start 0.010ms
[23.539s][info][gc,phases   ] GC(34) Concurrent Relocate 3.969ms
[23.539s][info][gc,load     ] GC(34) Load: 0.00/0.00/0.00
[23.539s][info][gc,mmu      ] GC(34) MMU: 2ms/95.8%, 5ms/98.3%, 10ms/99.2%, 20ms/99.6%, 50ms/99.8%, 100ms/99.9%
[23.539s][info][gc,marking  ] GC(34) Mark: 8 stripe(s), 3 proactive flush(es), 1 terminate flush(es), 0 completion(s), 0 continuation(s) 
[23.539s][info][gc,marking  ] GC(34) Mark Stack Usage: 32M
[23.539s][info][gc,nmethod  ] GC(34) NMethods: 2452 registered, 126 unregistered
[23.539s][info][gc,metaspace] GC(34) Metaspace: 16M used, 16M committed, 1088M reserved
[23.539s][info][gc,ref      ] GC(34) Soft: 180 encountered, 0 discovered, 0 enqueued
[23.539s][info][gc,ref      ] GC(34) Weak: 962 encountered, 67 discovered, 4 enqueued
[23.539s][info][gc,ref      ] GC(34) Final: 0 encountered, 0 discovered, 0 enqueued
[23.539s][info][gc,ref      ] GC(34) Phantom: 35 encountered, 25 discovered, 0 enqueued
[23.539s][info][gc,reloc    ] GC(34) Small Pages: 235 / 470M, Empty: 234M, Relocated: 6M, In-Place: 0
[23.539s][info][gc,reloc    ] GC(34) Medium Pages: 0 / 0M, Empty: 0M, Relocated: 0M, In-Place: 0
[23.539s][info][gc,reloc    ] GC(34) Large Pages: 0 / 0M, Empty: 0M, Relocated: 0M, In-Place: 0
[23.539s][info][gc,reloc    ] GC(34) Forwarding Usage: 2M
[23.539s][info][gc,heap     ] GC(34) Min Capacity: 8M(1%)
[23.539s][info][gc,heap     ] GC(34) Max Capacity: 1024M(100%)
[23.539s][info][gc,heap     ] GC(34) Soft Max Capacity: 1024M(100%)
[23.539s][info][gc,heap     ] GC(34)                Mark Start          Mark End        Relocate Start      Relocate End           High               Low         
[23.540s][info][gc,heap     ] GC(34)  Capacity:     1024M (100%)       1024M (100%)       1024M (100%)       1024M (100%)       1024M (100%)       1024M (100%)   
[23.540s][info][gc,heap     ] GC(34)      Free:      554M (54%)           0M (0%)          166M (16%)         358M (35%)         554M (54%)           0M (0%)     
[23.540s][info][gc,heap     ] GC(34)      Used:      470M (46%)        1024M (100%)        858M (84%)         666M (65%)        1024M (100%)        470M (46%)    
[23.540s][info][gc,heap     ] GC(34)      Live:         -                10M (1%)           10M (1%)           10M (1%)             -                  -          
[23.540s][info][gc,heap     ] GC(34) Allocated:         -               554M (54%)         622M (61%)         639M (62%)            -                  -          
[23.540s][info][gc,heap     ] GC(34)   Garbage:         -               459M (45%)         225M (22%)          15M (1%)             -                  -          
[23.540s][info][gc,heap     ] GC(34) Reclaimed:         -                  -               234M (23%)         443M (43%)            -                  -          
[23.540s][info][gc          ] GC(34) Garbage Collection (Allocation Rate) 470M(46%)->666M(65%)
[23.603s][info][gc,start    ] GC(35) Garbage Collection (Allocation Stall)
[23.603s][info][gc,ref      ] GC(35) Clearing All SoftReferences
[23.603s][info][gc,task     ] GC(35) Using 10 workers
[23.603s][info][gc,ref      ] GC(35) Clearing All SoftReferences
[23.603s][info][gc,phases   ] GC(35) Pause Mark Start 0.049ms
[23.618s][info][gc,phases   ] GC(35) Concurrent Mark 9.712ms
[23.618s][info][gc,phases   ] GC(35) Pause Mark End 0.013ms
[23.618s][info][gc,phases   ] GC(35) Concurrent Mark Free 0.001ms
[23.619s][info][gc,phases   ] GC(35) Concurrent Process Non-Strong References 0.700ms
[23.619s][info][gc,phases   ] GC(35) Concurrent Reset Relocation Set 0.015ms
[23.619s][info][gc          ] Allocation Stall (reactors-io-scheduler-ForkJoinPool-1-worker-35) 9.525ms
[23.619s][info][gc          ] Allocation Stall (reactors-io-scheduler-ForkJoinPool-1-worker-29) 9.573ms
[23.619s][info][gc          ] Allocation Stall (reactors-io-scheduler-ForkJoinPool-1-worker-47) 9.543ms
[23.619s][info][gc          ] Allocation Stall (reactors-io-scheduler-ForkJoinPool-1-worker-28) 9.845ms
[23.619s][info][gc          ] Allocation Stall (reactors-io-scheduler-ForkJoinPool-1-worker-40) 9.501ms
[23.619s][info][gc          ] Allocation Stall (reactors-io-scheduler-ForkJoinPool-1-worker-27) 9.535ms
[23.619s][info][gc          ] Allocation Stall (reactors-io-scheduler-ForkJoinPool-1-worker-48) 9.837ms
[23.619s][info][gc          ] Allocation Stall (reactors-io-scheduler-ForkJoinPool-1-worker-12) 9.872ms
[23.619s][info][gc          ] Allocation Stall (reactors-io-scheduler-ForkJoinPool-1-worker-38) 9.924ms
[23.619s][info][gc          ] Allocation Stall (reactors-io-scheduler-ForkJoinPool-1-worker-15) 9.523ms
[23.619s][info][gc          ] Allocation Stall (reactors-io-scheduler-ForkJoinPool-1-worker-9) 10.030ms
[23.619s][info][gc          ] Allocation Stall (reactors-io-scheduler-ForkJoinPool-1-worker-30) 9.626ms
[23.619s][info][gc          ] Allocation Stall (reactors-io-scheduler-ForkJoinPool-1-worker-20) 9.853ms
[23.619s][info][gc          ] Allocation Stall (reactors-io-scheduler-ForkJoinPool-1-worker-7) 9.687ms
[23.619s][info][gc          ] Allocation Stall (reactors-io-scheduler-ForkJoinPool-1-worker-37) 9.548ms
[23.619s][info][gc          ] Allocation Stall (reactors-io-scheduler-ForkJoinPool-1-worker-8) 9.554ms
[23.619s][info][gc          ] Allocation Stall (reactors-io-scheduler-ForkJoinPool-1-worker-1) 9.911ms
[23.619s][info][gc          ] Allocation Stall (reactors-io-scheduler-ForkJoinPool-1-worker-31) 9.562ms
[23.619s][info][gc          ] Allocation Stall (reactors-io-scheduler-ForkJoinPool-1-worker-19) 10.843ms
[23.619s][info][gc          ] Allocation Stall (reactors-io-scheduler-ForkJoinPool-1-worker-4) 9.578ms
[23.619s][info][gc          ] Allocation Stall (reactors-io-scheduler-ForkJoinPool-1-worker-25) 9.596ms
[23.619s][info][gc          ] Allocation Stall (reactors-io-scheduler-ForkJoinPool-1-worker-2) 9.653ms
[23.619s][info][gc          ] Allocation Stall (reactors-io-scheduler-ForkJoinPool-1-worker-42) 9.873ms
[23.619s][info][gc          ] Allocation Stall (reactors-io-scheduler-ForkJoinPool-1-worker-24) 9.602ms
[23.619s][info][gc          ] Allocation Stall (reactors-io-scheduler-ForkJoinPool-1-worker-32) 9.573ms
[23.619s][info][gc          ] Allocation Stall (reactors-io-scheduler-ForkJoinPool-1-worker-3) 9.591ms
[23.619s][info][gc          ] Allocation Stall (reactors-io-scheduler-ForkJoinPool-1-worker-10) 9.932ms
[23.619s][info][gc          ] Allocation Stall (reactors-io-scheduler-ForkJoinPool-1-worker-23) 10.920ms
[23.619s][info][gc          ] Allocation Stall (reactors-io-scheduler-ForkJoinPool-1-worker-5) 9.523ms
[23.619s][info][gc          ] Allocation Stall (reactors-io-scheduler-ForkJoinPool-1-worker-13) 9.594ms
[23.619s][info][gc          ] Allocation Stall (reactors-io-scheduler-ForkJoinPool-1-worker-34) 9.739ms
[23.619s][info][gc          ] Allocation Stall (reactors-io-scheduler-ForkJoinPool-1-worker-43) 10.879ms
[23.619s][info][gc          ] Allocation Stall (reactors-io-scheduler-ForkJoinPool-1-worker-17) 9.537ms
[23.619s][info][gc          ] Allocation Stall (reactors-io-scheduler-reanimator) 10.657ms
[23.620s][info][gc          ] Allocation Stall (reactors-io-scheduler-ForkJoinPool-1-worker-39) 10.843ms
[23.620s][info][gc          ] Allocation Stall (reactors-io-scheduler-ForkJoinPool-1-worker-33) 10.396ms
[23.620s][info][gc          ] Allocation Stall (reactors-io-scheduler-ForkJoinPool-1-worker-41) 10.234ms
[23.620s][info][gc          ] Allocation Stall (reactors-io-scheduler-ForkJoinPool-1-worker-14) 10.228ms
[23.620s][info][gc          ] Allocation Stall (reactors-io-scheduler-ForkJoinPool-1-worker-6) 10.258ms
[23.620s][info][gc          ] Allocation Stall (reactors-io-scheduler-ForkJoinPool-1-worker-45) 10.091ms
[23.620s][info][gc          ] Allocation Stall (reactors-io-scheduler-ForkJoinPool-1-worker-46) 10.212ms
[23.620s][info][gc          ] Allocation Stall (reactors-io-scheduler-ForkJoinPool-1-worker-11) 10.114ms
[23.620s][info][gc          ] Allocation Stall (reactors-io-scheduler-ForkJoinPool-1-worker-36) 10.166ms
[23.620s][info][gc          ] Allocation Stall (reactors-io-scheduler-ForkJoinPool-1-worker-16) 10.171ms
[23.620s][info][gc          ] Allocation Stall (reactors-io-scheduler-ForkJoinPool-1-worker-44) 10.146ms
[23.620s][info][gc          ] Allocation Stall (reactors-io-scheduler-ForkJoinPool-1-worker-22) 11.030ms
[23.620s][info][gc          ] Allocation Stall (reactors-io-scheduler-ForkJoinPool-1-worker-18) 10.003ms
[23.620s][info][gc          ] Allocation Stall (reactors-io-scheduler-ForkJoinPool-1-worker-21) 10.076ms
[23.620s][info][gc          ] Allocation Stall (reactors-io-scheduler-ForkJoinPool-1-worker-26) 10.059ms
[23.626s][info][gc,phases   ] GC(35) Concurrent Select Relocation Set 6.472ms
[23.627s][info][gc,phases   ] GC(35) Pause Relocate Start 0.009ms
[23.631s][info][gc,phases   ] GC(35) Concurrent Relocate 3.680ms
[23.631s][info][gc,load     ] GC(35) Load: 0.00/0.00/0.00
[23.631s][info][gc,mmu      ] GC(35) MMU: 2ms/95.8%, 5ms/98.3%, 10ms/99.2%, 20ms/99.6%, 50ms/99.8%, 100ms/99.9%
[23.631s][info][gc,marking  ] GC(35) Mark: 8 stripe(s), 2 proactive flush(es), 1 terminate flush(es), 0 completion(s), 0 continuation(s) 
[23.631s][info][gc,marking  ] GC(35) Mark Stack Usage: 32M
[23.631s][info][gc,nmethod  ] GC(35) NMethods: 2452 registered, 127 unregistered
[23.631s][info][gc,metaspace] GC(35) Metaspace: 16M used, 16M committed, 1088M reserved
[23.631s][info][gc,ref      ] GC(35) Soft: 180 encountered, 51 discovered, 9 enqueued
[23.631s][info][gc,ref      ] GC(35) Weak: 958 encountered, 46 discovered, 0 enqueued
[23.631s][info][gc,ref      ] GC(35) Final: 0 encountered, 0 discovered, 0 enqueued
[23.631s][info][gc,ref      ] GC(35) Phantom: 35 encountered, 28 discovered, 0 enqueued
[23.631s][info][gc,reloc    ] GC(35) Small Pages: 495 / 990M, Empty: 676M, Relocated: 6M, In-Place: 0
[23.631s][info][gc,reloc    ] GC(35) Medium Pages: 0 / 0M, Empty: 0M, Relocated: 0M, In-Place: 0
[23.631s][info][gc,reloc    ] GC(35) Large Pages: 0 / 0M, Empty: 0M, Relocated: 0M, In-Place: 0
[23.631s][info][gc,reloc    ] GC(35) Forwarding Usage: 2M
[23.631s][info][gc,heap     ] GC(35) Min Capacity: 8M(1%)
[23.631s][info][gc,heap     ] GC(35) Max Capacity: 1024M(100%)
[23.631s][info][gc,heap     ] GC(35) Soft Max Capacity: 1024M(100%)
[23.631s][info][gc,heap     ] GC(35)                Mark Start          Mark End        Relocate Start      Relocate End           High               Low         
[23.631s][info][gc,heap     ] GC(35)  Capacity:     1024M (100%)       1024M (100%)       1024M (100%)       1024M (100%)       1024M (100%)       1024M (100%)   
[23.631s][info][gc,heap     ] GC(35)      Free:       34M (3%)            0M (0%)          632M (62%)         902M (88%)         906M (88%)           0M (0%)     
[23.631s][info][gc,heap     ] GC(35)      Used:      990M (97%)        1024M (100%)        392M (38%)         122M (12%)        1024M (100%)        118M (12%)    
[23.631s][info][gc,heap     ] GC(35)      Live:         -                10M (1%)           10M (1%)           10M (1%)             -                  -          
[23.631s][info][gc,heap     ] GC(35) Allocated:         -                34M (3%)           78M (8%)           95M (9%)             -                  -          
[23.631s][info][gc,heap     ] GC(35)   Garbage:         -               979M (96%)         303M (30%)          15M (1%)             -                  -          
[23.631s][info][gc,heap     ] GC(35) Reclaimed:         -                  -               676M (66%)         963M (94%)            -                  -          
[23.631s][info][gc          ] GC(35) Garbage Collection (Allocation Stall) 990M(97%)->122M(12%)
[23.696s][info][gc,start    ] GC(36) Garbage Collection (Allocation Stall)
[23.697s][info][gc,ref      ] GC(36) Clearing All SoftReferences
[23.697s][info][gc,task     ] GC(36) Using 10 workers
[23.697s][info][gc,ref      ] GC(36) Clearing All SoftReferences
[23.697s][info][gc,phases   ] GC(36) Pause Mark Start 0.050ms
[23.790s][info][gc,phases   ] GC(36) Concurrent Mark 62.485ms
[23.790s][info][gc,phases   ] GC(36) Pause Mark End 0.019ms
[23.817s][info][gc,phases   ] GC(36) Concurrent Mark Free 0.002ms
[23.818s][info][gc,phases   ] GC(36) Concurrent Process Non-Strong References 1.252ms
[23.818s][info][gc,phases   ] GC(36) Concurrent Reset Relocation Set 0.028ms
[23.818s][info][gc          ] Allocation Stall (reactors-io-scheduler-ForkJoinPool-1-worker-4) 0.530ms
[23.818s][info][gc          ] Allocation Stall (reactors-io-scheduler-ForkJoinPool-1-worker-1) 0.436ms
[23.818s][info][gc          ] Allocation Stall (reactors-io-scheduler-ForkJoinPool-1-worker-36) 0.513ms
[23.818s][info][gc          ] Allocation Stall (reactors-io-scheduler-ForkJoinPool-1-worker-14) 0.435ms
[23.818s][info][gc          ] Allocation Stall (reactors-io-scheduler-ForkJoinPool-1-worker-46) 0.305ms
[23.818s][info][gc          ] Allocation Stall (reactors-io-scheduler-ForkJoinPool-1-worker-39) 0.445ms
[23.818s][info][gc          ] Allocation Stall (reactors-io-scheduler-ForkJoinPool-1-worker-15) 0.338ms
[23.818s][info][gc          ] Allocation Stall (reactors-io-scheduler-ForkJoinPool-1-worker-8) 0.377ms
[23.818s][info][gc          ] Allocation Stall (reactors-io-scheduler-ForkJoinPool-1-worker-29) 0.728ms
[23.818s][info][gc          ] Allocation Stall (reactors-io-scheduler-ForkJoinPool-1-worker-40) 0.309ms
[23.818s][info][gc          ] Allocation Stall (reactors-io-scheduler-ForkJoinPool-1-worker-32) 0.492ms
[23.818s][info][gc          ] Allocation Stall (reactors-io-scheduler-ForkJoinPool-1-worker-31) 0.407ms
[23.818s][info][gc          ] Allocation Stall (reactors-io-scheduler-ForkJoinPool-1-worker-9) 1.132ms
[23.818s][info][gc          ] Allocation Stall (reactors-io-scheduler-ForkJoinPool-1-worker-42) 1.186ms
[23.818s][info][gc          ] Allocation Stall (reactors-io-scheduler-ForkJoinPool-1-worker-19) 0.513ms
[23.818s][info][gc          ] Allocation Stall (reactors-io-scheduler-ForkJoinPool-1-worker-20) 0.969ms
[23.818s][info][gc          ] Allocation Stall (reactors-io-scheduler-ForkJoinPool-1-worker-24) 0.366ms
[23.818s][info][gc          ] Allocation Stall (reactors-io-scheduler-ForkJoinPool-1-worker-48) 0.564ms
[23.818s][info][gc          ] Allocation Stall (reactors-io-scheduler-ForkJoinPool-1-worker-16) 1.519ms
[23.818s][info][gc          ] Allocation Stall (reactors-io-scheduler-ForkJoinPool-1-worker-3) 0.594ms
[23.818s][info][gc          ] Allocation Stall (reactors-io-scheduler-ForkJoinPool-1-worker-25) 0.899ms
[23.818s][info][gc          ] Allocation Stall (reactors-io-scheduler-ForkJoinPool-1-worker-6) 0.899ms
[23.818s][info][gc          ] Allocation Stall (reactors-io-scheduler-ForkJoinPool-1-worker-30) 0.448ms
[23.818s][info][gc          ] Allocation Stall (reactors-io-scheduler-ForkJoinPool-1-worker-34) 0.668ms
[23.818s][info][gc          ] Allocation Stall (reactors-io-scheduler-ForkJoinPool-1-worker-28) 0.902ms
[23.818s][info][gc          ] Allocation Stall (reactors-io-scheduler-ForkJoinPool-1-worker-27) 0.602ms
[23.818s][info][gc          ] Allocation Stall (reactors-io-scheduler-ForkJoinPool-1-worker-2) 0.583ms
[23.818s][info][gc          ] Allocation Stall (reactors-io-scheduler-ForkJoinPool-1-worker-26) 0.462ms
[23.818s][info][gc          ] Allocation Stall (reactors-io-scheduler-ForkJoinPool-1-worker-45) 1.658ms
[23.818s][info][gc          ] Allocation Stall (reactors-io-scheduler-ForkJoinPool-1-worker-44) 1.524ms
[23.818s][info][gc          ] Allocation Stall (reactors-io-scheduler-ForkJoinPool-1-worker-41) 1.635ms
[23.818s][info][gc          ] Allocation Stall (reactors-io-scheduler-ForkJoinPool-1-worker-18) 0.633ms
[23.818s][info][gc          ] Allocation Stall (reactors-io-scheduler-ForkJoinPool-1-worker-13) 1.087ms
[23.818s][info][gc          ] Allocation Stall (reactors-io-scheduler-ForkJoinPool-1-worker-33) 1.656ms
[23.818s][info][gc          ] Allocation Stall (reactors-io-scheduler-ForkJoinPool-1-worker-23) 0.727ms
[23.818s][info][gc          ] Allocation Stall (reactors-io-scheduler-ForkJoinPool-1-worker-17) 1.293ms
[23.818s][info][gc          ] Allocation Stall (reactors-io-scheduler-ForkJoinPool-1-worker-47) 0.577ms
[23.818s][info][gc          ] Allocation Stall (reactors-io-scheduler-ForkJoinPool-1-worker-11) 1.597ms
[23.818s][info][gc          ] Allocation Stall (reactors-io-scheduler-ForkJoinPool-1-worker-35) 1.241ms
[23.818s][info][gc          ] Allocation Stall (reactors-io-scheduler-ForkJoinPool-1-worker-7) 1.707ms
[23.818s][info][gc          ] Allocation Stall (reactors-io-scheduler-ForkJoinPool-1-worker-37) 0.972ms
[23.818s][info][gc          ] Allocation Stall (reactors-io-scheduler-ForkJoinPool-1-worker-38) 1.466ms
[23.818s][info][gc          ] Allocation Stall (reactors-io-scheduler-ForkJoinPool-1-worker-21) 0.786ms
[23.818s][info][gc          ] Allocation Stall (reactors-io-scheduler-ForkJoinPool-1-worker-10) 0.807ms
[23.818s][info][gc          ] Allocation Stall (reactors-io-scheduler-ForkJoinPool-1-worker-12) 0.413ms
[23.818s][info][gc          ] Allocation Stall (reactors-io-scheduler-ForkJoinPool-1-worker-22) 0.418ms
[23.818s][info][gc          ] Allocation Stall (reactors-io-scheduler-ForkJoinPool-1-worker-5) 0.425ms
[23.818s][info][gc          ] Allocation Stall (reactors-io-scheduler-ForkJoinPool-1-worker-43) 1.214ms
[23.827s][info][gc,phases   ] GC(36) Concurrent Select Relocation Set 8.870ms
[23.827s][info][gc,phases   ] GC(36) Pause Relocate Start 0.008ms
[23.832s][info][gc,phases   ] GC(36) Concurrent Relocate 4.636ms
[23.832s][info][gc,load     ] GC(36) Load: 0.00/0.00/0.00
[23.832s][info][gc,mmu      ] GC(36) MMU: 2ms/95.8%, 5ms/98.3%, 10ms/99.2%, 20ms/99.6%, 50ms/99.8%, 100ms/99.9%
[23.832s][info][gc,marking  ] GC(36) Mark: 8 stripe(s), 3 proactive flush(es), 1 terminate flush(es), 0 completion(s), 0 continuation(s) 
[23.832s][info][gc,marking  ] GC(36) Mark Stack Usage: 32M
[23.832s][info][gc,nmethod  ] GC(36) NMethods: 2454 registered, 127 unregistered
[23.832s][info][gc,metaspace] GC(36) Metaspace: 16M used, 16M committed, 1088M reserved
[23.832s][info][gc,ref      ] GC(36) Soft: 171 encountered, 65 discovered, 0 enqueued
[23.832s][info][gc,ref      ] GC(36) Weak: 958 encountered, 146 discovered, 0 enqueued
[23.832s][info][gc,ref      ] GC(36) Final: 0 encountered, 0 discovered, 0 enqueued
[23.832s][info][gc,ref      ] GC(36) Phantom: 35 encountered, 31 discovered, 0 enqueued
[23.832s][info][gc,reloc    ] GC(36) Small Pages: 222 / 444M, Empty: 180M, Relocated: 6M, In-Place: 0
[23.832s][info][gc,reloc    ] GC(36) Medium Pages: 0 / 0M, Empty: 0M, Relocated: 0M, In-Place: 0
[23.832s][info][gc,reloc    ] GC(36) Large Pages: 0 / 0M, Empty: 0M, Relocated: 0M, In-Place: 0
[23.832s][info][gc,reloc    ] GC(36) Forwarding Usage: 2M
[23.832s][info][gc,heap     ] GC(36) Min Capacity: 8M(1%)
[23.832s][info][gc,heap     ] GC(36) Max Capacity: 1024M(100%)
[23.832s][info][gc,heap     ] GC(36) Soft Max Capacity: 1024M(100%)
[23.832s][info][gc,heap     ] GC(36)                Mark Start          Mark End        Relocate Start      Relocate End           High               Low         
[23.832s][info][gc,heap     ] GC(36)  Capacity:     1024M (100%)       1024M (100%)       1024M (100%)       1024M (100%)       1024M (100%)       1024M (100%)   
[23.832s][info][gc,heap     ] GC(36)      Free:      580M (57%)         124M (12%)         128M (13%)         350M (34%)         580M (57%)           0M (0%)     
[23.832s][info][gc,heap     ] GC(36)      Used:      444M (43%)         900M (88%)         896M (88%)         674M (66%)        1024M (100%)        444M (43%)    
[23.832s][info][gc,heap     ] GC(36)      Live:         -                10M (1%)           10M (1%)           10M (1%)             -                  -          
[23.832s][info][gc,heap     ] GC(36) Allocated:         -               456M (45%)         632M (62%)         647M (63%)            -                  -          
[23.832s][info][gc,heap     ] GC(36)   Garbage:         -               433M (42%)         253M (25%)          15M (1%)             -                  -          
[23.832s][info][gc,heap     ] GC(36) Reclaimed:         -                  -               180M (18%)         417M (41%)            -                  -          
[23.832s][info][gc          ] GC(36) Garbage Collection (Allocation Stall) 444M(43%)->674M(66%)
[23.900s][info][gc,start    ] GC(37) Garbage Collection (Allocation Stall)
[23.900s][info][gc,ref      ] GC(37) Clearing All SoftReferences
[23.900s][info][gc,task     ] GC(37) Using 10 workers
[23.900s][info][gc,ref      ] GC(37) Clearing All SoftReferences
[23.900s][info][gc,phases   ] GC(37) Pause Mark Start 0.047ms
[23.900s][info][gc          ] Allocation Stall (reactors-io-scheduler-ForkJoinPool-1-worker-9) 0.016ms
[23.900s][info][gc          ] Allocation Stall (reactors-io-scheduler-ForkJoinPool-1-worker-26) 0.022ms
[23.900s][info][gc          ] Allocation Stall (reactors-io-scheduler-ForkJoinPool-1-worker-39) 0.023ms
[23.900s][info][gc          ] Allocation Stall (reactors-io-scheduler-ForkJoinPool-1-worker-20) 0.023ms
[23.900s][info][gc          ] Allocation Stall (reactors-io-scheduler-ForkJoinPool-1-worker-41) 0.144ms
[23.900s][info][gc          ] Allocation Stall (reactors-io-scheduler-ForkJoinPool-1-worker-48) 0.164ms
[23.900s][info][gc          ] Allocation Stall (reactors-io-scheduler-ForkJoinPool-1-worker-43) 0.248ms
[23.900s][info][gc          ] Allocation Stall (reactors-io-scheduler-ForkJoinPool-1-worker-10) 0.295ms
[23.900s][info][gc          ] Allocation Stall (reactors-io-scheduler-ForkJoinPool-1-worker-34) 0.333ms
[23.901s][info][gc          ] Allocation Stall (reactors-io-scheduler-ForkJoinPool-1-worker-32) 0.379ms
[23.901s][info][gc          ] Allocation Stall (reactors-io-scheduler-ForkJoinPool-1-worker-21) 0.400ms
[23.901s][info][gc          ] Allocation Stall (reactors-io-scheduler-ForkJoinPool-1-worker-37) 0.488ms
[23.901s][info][gc          ] Allocation Stall (reactors-io-scheduler-ForkJoinPool-1-worker-40) 0.535ms
[23.901s][info][gc          ] Allocation Stall (reactors-io-scheduler-ForkJoinPool-1-worker-5) 0.578ms
[23.901s][info][gc          ] Allocation Stall (reactors-io-scheduler-ForkJoinPool-1-worker-2) 0.741ms
[23.902s][info][gc          ] Allocation Stall (reactors-io-scheduler-ForkJoinPool-1-worker-13) 1.611ms
[23.915s][info][gc,phases   ] GC(37) Concurrent Mark 15.005ms
[23.915s][info][gc,phases   ] GC(37) Pause Mark End 0.012ms
[23.915s][info][gc,phases   ] GC(37) Concurrent Mark Free 0.001ms
[23.916s][info][gc,phases   ] GC(37) Concurrent Process Non-Strong References 0.671ms
[23.916s][info][gc,phases   ] GC(37) Concurrent Reset Relocation Set 0.015ms
[23.916s][info][gc          ] Allocation Stall (reactors-io-scheduler-ForkJoinPool-1-worker-21) 13.449ms
[23.916s][info][gc          ] Allocation Stall (reactors-io-scheduler-ForkJoinPool-1-worker-15) 13.276ms
[23.916s][info][gc          ] Allocation Stall (reactors-io-scheduler-ForkJoinPool-1-worker-39) 13.259ms
[23.916s][info][gc          ] Allocation Stall (reactors-io-scheduler-ForkJoinPool-1-worker-43) 13.441ms
[23.916s][info][gc          ] Allocation Stall (reactors-io-scheduler-ForkJoinPool-1-worker-5) 13.353ms
[23.916s][info][gc          ] Allocation Stall (reactors-io-scheduler-ForkJoinPool-1-worker-44) 13.888ms
[23.916s][info][gc          ] Allocation Stall (reactors-io-scheduler-ForkJoinPool-1-worker-23) 13.430ms
[23.916s][info][gc          ] Allocation Stall (reactors-io-scheduler-ForkJoinPool-1-worker-32) 13.321ms
[23.916s][info][gc          ] Allocation Stall (reactors-io-scheduler-ForkJoinPool-1-worker-13) 13.294ms
[23.916s][info][gc          ] Allocation Stall (reactors-io-scheduler-ForkJoinPool-1-worker-1) 13.314ms
[23.916s][info][gc          ] Allocation Stall (reactors-io-scheduler-ForkJoinPool-1-worker-35) 13.419ms
[23.916s][info][gc          ] Allocation Stall (reactors-io-scheduler-ForkJoinPool-1-worker-17) 13.382ms
[23.916s][info][gc          ] Allocation Stall (reactors-io-scheduler-ForkJoinPool-1-worker-46) 13.847ms
[23.916s][info][gc          ] Allocation Stall (reactors-io-scheduler-ForkJoinPool-1-worker-40) 13.388ms
[23.916s][info][gc          ] Allocation Stall (reactors-io-scheduler-ForkJoinPool-1-worker-38) 13.777ms
[23.916s][info][gc          ] Allocation Stall (reactors-io-scheduler-ForkJoinPool-1-worker-47) 13.131ms
[23.916s][info][gc          ] Allocation Stall (reactors-io-scheduler-ForkJoinPool-1-worker-7) 13.623ms
[23.916s][info][gc          ] Allocation Stall (reactors-io-scheduler-ForkJoinPool-1-worker-37) 13.391ms
[23.916s][info][gc          ] Allocation Stall (reactors-io-scheduler-ForkJoinPool-1-worker-2) 13.773ms
[23.916s][info][gc          ] Allocation Stall (reactors-io-scheduler-ForkJoinPool-1-worker-10) 13.682ms
[23.916s][info][gc          ] Allocation Stall (reactors-io-scheduler-ForkJoinPool-1-worker-14) 13.096ms
[23.916s][info][gc          ] Allocation Stall (reactors-io-scheduler-ForkJoinPool-1-worker-8) 13.191ms
[23.916s][info][gc          ] Allocation Stall (reactors-io-scheduler-ForkJoinPool-1-worker-34) 13.505ms
[23.916s][info][gc          ] Allocation Stall (reactors-io-scheduler-ForkJoinPool-1-worker-6) 14.430ms
[23.916s][info][gc          ] Allocation Stall (reactors-io-scheduler-ForkJoinPool-1-worker-4) 13.407ms
[23.916s][info][gc          ] Allocation Stall (reactors-io-scheduler-ForkJoinPool-1-worker-41) 13.239ms
[23.916s][info][gc          ] Allocation Stall (reactors-io-scheduler-ForkJoinPool-1-worker-31) 13.979ms
[23.916s][info][gc          ] Allocation Stall (reactors-io-scheduler-ForkJoinPool-1-worker-19) 13.428ms
[23.916s][info][gc          ] Allocation Stall (reactors-io-scheduler-ForkJoinPool-1-worker-27) 13.407ms
[23.916s][info][gc          ] Allocation Stall (reactors-io-scheduler-ForkJoinPool-1-worker-33) 14.462ms
[23.916s][info][gc          ] Allocation Stall (reactors-io-scheduler-ForkJoinPool-1-worker-16) 13.190ms
[23.916s][info][gc          ] Allocation Stall (reactors-io-scheduler-ForkJoinPool-1-worker-11) 13.443ms
[23.916s][info][gc          ] Allocation Stall (reactors-io-scheduler-ForkJoinPool-1-worker-28) 14.413ms
[23.916s][info][gc          ] Allocation Stall (reactors-io-scheduler-ForkJoinPool-1-worker-48) 13.571ms
[23.916s][info][gc          ] Allocation Stall (reactors-io-scheduler-ForkJoinPool-1-worker-42) 14.493ms
[23.916s][info][gc          ] Allocation Stall (reactors-io-scheduler-ForkJoinPool-1-worker-3) 13.659ms
[23.916s][info][gc          ] Allocation Stall (reactors-io-scheduler-ForkJoinPool-1-worker-36) 14.504ms
[23.916s][info][gc          ] Allocation Stall (reactors-io-scheduler-ForkJoinPool-1-worker-20) 14.372ms
[23.916s][info][gc          ] Allocation Stall (reactors-io-scheduler-ForkJoinPool-1-worker-29) 13.220ms
[23.916s][info][gc          ] Allocation Stall (reactors-io-scheduler-ForkJoinPool-1-worker-25) 14.470ms
[23.916s][info][gc          ] Allocation Stall (reactors-io-scheduler-ForkJoinPool-1-worker-45) 14.449ms
[23.916s][info][gc          ] Allocation Stall (reactors-io-scheduler-ForkJoinPool-1-worker-12) 14.469ms
[23.916s][info][gc          ] Allocation Stall (reactors-io-scheduler-ForkJoinPool-1-worker-26) 13.883ms
[23.916s][info][gc          ] Allocation Stall (reactors-io-scheduler-ForkJoinPool-1-worker-30) 13.577ms
[23.916s][info][gc          ] Allocation Stall (reactors-io-scheduler-ForkJoinPool-1-worker-24) 14.444ms
[23.916s][info][gc          ] Allocation Stall (reactors-io-scheduler-ForkJoinPool-1-worker-9) 13.723ms
[23.916s][info][gc          ] Allocation Stall (reactors-io-scheduler-ForkJoinPool-1-worker-22) 14.389ms
[23.916s][info][gc          ] Allocation Stall (reactors-io-scheduler-ForkJoinPool-1-worker-18) 14.493ms
[23.923s][info][gc,phases   ] GC(37) Concurrent Select Relocation Set 6.986ms
[23.923s][info][gc,phases   ] GC(37) Pause Relocate Start 0.008ms
[23.926s][info][gc,phases   ] GC(37) Concurrent Relocate 2.719ms
[23.926s][info][gc,load     ] GC(37) Load: 0.00/0.00/0.00
[23.926s][info][gc,mmu      ] GC(37) MMU: 2ms/95.8%, 5ms/98.3%, 10ms/99.2%, 20ms/99.6%, 50ms/99.8%, 100ms/99.9%
[23.926s][info][gc,marking  ] GC(37) Mark: 8 stripe(s), 2 proactive flush(es), 1 terminate flush(es), 0 completion(s), 0 continuation(s) 
[23.926s][info][gc,marking  ] GC(37) Mark Stack Usage: 32M
[23.926s][info][gc,nmethod  ] GC(37) NMethods: 2453 registered, 131 unregistered
[23.926s][info][gc,metaspace] GC(37) Metaspace: 16M used, 16M committed, 1088M reserved
[23.926s][info][gc,ref      ] GC(37) Soft: 171 encountered, 56 discovered, 0 enqueued
[23.926s][info][gc,ref      ] GC(37) Weak: 958 encountered, 75 discovered, 0 enqueued
[23.926s][info][gc,ref      ] GC(37) Final: 0 encountered, 0 discovered, 0 enqueued
[23.926s][info][gc,ref      ] GC(37) Phantom: 35 encountered, 27 discovered, 0 enqueued
[23.926s][info][gc,reloc    ] GC(37) Small Pages: 504 / 1008M, Empty: 678M, Relocated: 5M, In-Place: 0
[23.926s][info][gc,reloc    ] GC(37) Medium Pages: 0 / 0M, Empty: 0M, Relocated: 0M, In-Place: 0
[23.926s][info][gc,reloc    ] GC(37) Large Pages: 0 / 0M, Empty: 0M, Relocated: 0M, In-Place: 0
[23.926s][info][gc,reloc    ] GC(37) Forwarding Usage: 1M
[23.926s][info][gc,heap     ] GC(37) Min Capacity: 8M(1%)
[23.926s][info][gc,heap     ] GC(37) Max Capacity: 1024M(100%)
[23.926s][info][gc,heap     ] GC(37) Soft Max Capacity: 1024M(100%)
[23.926s][info][gc,heap     ] GC(37)                Mark Start          Mark End        Relocate Start      Relocate End           High               Low         
[23.926s][info][gc,heap     ] GC(37)  Capacity:     1024M (100%)       1024M (100%)       1024M (100%)       1024M (100%)       1024M (100%)       1024M (100%)   
[23.927s][info][gc,heap     ] GC(37)      Free:       16M (2%)            0M (0%)          634M (62%)         924M (90%)         924M (90%)           0M (0%)     
[23.927s][info][gc,heap     ] GC(37)      Used:     1008M (98%)        1024M (100%)        390M (38%)         100M (10%)        1024M (100%)        100M (10%)    
[23.927s][info][gc,heap     ] GC(37)      Live:         -                10M (1%)           10M (1%)           10M (1%)             -                  -          
[23.927s][info][gc,heap     ] GC(37) Allocated:         -                16M (2%)           60M (6%)           71M (7%)             -                  -          
[23.927s][info][gc,heap     ] GC(37)   Garbage:         -               997M (97%)         319M (31%)          17M (2%)             -                  -          
[23.927s][info][gc,heap     ] GC(37) Reclaimed:         -                  -               678M (66%)         979M (96%)            -                  -          
[23.927s][info][gc          ] GC(37) Garbage Collection (Allocation Stall) 1008M(98%)->100M(10%)
[24.009s][info][gc,start    ] GC(38) Garbage Collection (Allocation Stall)
[24.009s][info][gc,ref      ] GC(38) Clearing All SoftReferences
[24.009s][info][gc,task     ] GC(38) Using 10 workers
[24.009s][info][gc,ref      ] GC(38) Clearing All SoftReferences
[24.009s][info][gc,phases   ] GC(38) Pause Mark Start 0.045ms
[24.134s][info][gc,phases   ] GC(38) Concurrent Mark 20.348ms
[24.134s][info][gc,phases   ] GC(38) Pause Mark End 0.017ms
[24.134s][info][gc,phases   ] GC(38) Concurrent Mark Free 0.001ms
[24.135s][info][gc,phases   ] GC(38) Concurrent Process Non-Strong References 0.671ms
[24.135s][info][gc,phases   ] GC(38) Concurrent Reset Relocation Set 0.026ms
[24.135s][info][gc          ] Allocation Stall (reactors-io-scheduler-ForkJoinPool-1-worker-39) 20.546ms
[24.135s][info][gc          ] Allocation Stall (reactors-io-scheduler-ForkJoinPool-1-worker-31) 20.586ms
[24.135s][info][gc          ] Allocation Stall (reactors-io-scheduler-ForkJoinPool-1-worker-17) 20.385ms
[24.135s][info][gc          ] Allocation Stall (reactors-io-scheduler-ForkJoinPool-1-worker-6) 20.522ms
[24.135s][info][gc          ] Allocation Stall (reactors-io-scheduler-ForkJoinPool-1-worker-22) 20.608ms
[24.135s][info][gc          ] Allocation Stall (reactors-io-scheduler-ForkJoinPool-1-worker-10) 20.476ms
[24.135s][info][gc          ] Allocation Stall (reactors-io-scheduler-ForkJoinPool-1-worker-38) 20.503ms
[24.135s][info][gc          ] Allocation Stall (reactors-io-scheduler-ForkJoinPool-1-worker-15) 20.858ms
[24.135s][info][gc          ] Allocation Stall (reactors-io-scheduler-ForkJoinPool-1-worker-43) 20.630ms
[24.135s][info][gc          ] Allocation Stall (reactors-io-scheduler-ForkJoinPool-1-worker-4) 20.403ms
[24.135s][info][gc          ] Allocation Stall (reactors-io-scheduler-ForkJoinPool-1-worker-29) 20.649ms
[24.135s][info][gc          ] Allocation Stall (reactors-io-scheduler-ForkJoinPool-1-worker-46) 20.455ms
[24.135s][info][gc          ] Allocation Stall (reactors-io-scheduler-ForkJoinPool-1-worker-30) 20.357ms
[24.135s][info][gc          ] Allocation Stall (reactors-io-scheduler-ForkJoinPool-1-worker-32) 21.708ms
[24.135s][info][gc          ] Allocation Stall (reactors-io-scheduler-ForkJoinPool-1-worker-2) 21.284ms
[24.135s][info][gc          ] Allocation Stall (reactors-io-scheduler-ForkJoinPool-1-worker-3) 21.390ms
[24.135s][info][gc          ] Allocation Stall (reactors-io-scheduler-ForkJoinPool-1-worker-11) 20.521ms
[24.135s][info][gc          ] Allocation Stall (reactors-io-scheduler-ForkJoinPool-1-worker-12) 20.387ms
[24.135s][info][gc          ] Allocation Stall (reactors-io-scheduler-ForkJoinPool-1-worker-48) 20.507ms
[24.135s][info][gc          ] Allocation Stall (reactors-io-scheduler-ForkJoinPool-1-worker-9) 20.454ms
[24.135s][info][gc          ] Allocation Stall (reactors-io-scheduler-ForkJoinPool-1-worker-8) 20.316ms
[24.135s][info][gc          ] Allocation Stall (reactors-io-scheduler-ForkJoinPool-1-worker-23) 20.733ms
[24.135s][info][gc          ] Allocation Stall (reactors-io-scheduler-ForkJoinPool-1-worker-28) 20.762ms
[24.135s][info][gc          ] Allocation Stall (reactors-io-scheduler-ForkJoinPool-1-worker-36) 21.220ms
[24.135s][info][gc          ] Allocation Stall (reactors-io-scheduler-ForkJoinPool-1-worker-1) 21.393ms
[24.135s][info][gc          ] Allocation Stall (reactors-io-scheduler-ForkJoinPool-1-worker-19) 21.703ms
[24.135s][info][gc          ] Allocation Stall (reactors-io-scheduler-ForkJoinPool-1-worker-42) 21.390ms
[24.135s][info][gc          ] Allocation Stall (reactors-io-scheduler-ForkJoinPool-1-worker-20) 20.660ms
[24.135s][info][gc          ] Allocation Stall (reactors-io-scheduler-reanimator) 21.435ms
[24.135s][info][gc          ] Allocation Stall (reactors-io-scheduler-ForkJoinPool-1-worker-40) 20.599ms
[24.135s][info][gc          ] Allocation Stall (reactors-io-scheduler-ForkJoinPool-1-worker-5) 20.919ms
[24.135s][info][gc          ] Allocation Stall (reactors-io-scheduler-ForkJoinPool-1-worker-7) 21.640ms
[24.135s][info][gc          ] Allocation Stall (reactors-io-scheduler-ForkJoinPool-1-worker-27) 20.449ms
[24.135s][info][gc          ] Allocation Stall (reactors-io-scheduler-ForkJoinPool-1-worker-33) 20.683ms
[24.135s][info][gc          ] Allocation Stall (reactors-io-scheduler-ForkJoinPool-1-worker-37) 21.358ms
[24.135s][info][gc          ] Allocation Stall (reactors-io-scheduler-ForkJoinPool-1-worker-24) 21.489ms
[24.135s][info][gc          ] Allocation Stall (reactors-io-scheduler-ForkJoinPool-1-worker-34) 21.615ms
[24.135s][info][gc          ] Allocation Stall (reactors-io-scheduler-ForkJoinPool-1-worker-26) 20.483ms
[24.135s][info][gc          ] Allocation Stall (reactors-io-scheduler-ForkJoinPool-1-worker-45) 21.688ms
[24.135s][info][gc          ] Allocation Stall (reactors-io-scheduler-ForkJoinPool-1-worker-25) 21.619ms
[24.135s][info][gc          ] Allocation Stall (reactors-io-scheduler-ForkJoinPool-1-worker-21) 21.626ms
[24.135s][info][gc          ] Allocation Stall (reactors-io-scheduler-ForkJoinPool-1-worker-13) 20.784ms
[24.135s][info][gc          ] Allocation Stall (reactors-io-scheduler-ForkJoinPool-1-worker-35) 20.684ms
[24.135s][info][gc          ] Allocation Stall (reactors-io-scheduler-ForkJoinPool-1-worker-16) 21.598ms
[24.135s][info][gc          ] Allocation Stall (reactors-io-scheduler-ForkJoinPool-1-worker-14) 20.494ms
[24.135s][info][gc          ] Allocation Stall (reactors-io-scheduler-ForkJoinPool-1-worker-47) 20.471ms
[24.135s][info][gc          ] Allocation Stall (reactors-io-scheduler-ForkJoinPool-1-worker-41) 21.149ms
[24.135s][info][gc          ] Allocation Stall (reactors-io-scheduler-ForkJoinPool-1-worker-44) 20.536ms
[24.135s][info][gc          ] Allocation Stall (reactors-io-scheduler-ForkJoinPool-1-worker-18) 20.649ms
[24.140s][info][gc,phases   ] GC(38) Concurrent Select Relocation Set 5.161ms
[24.140s][info][gc,phases   ] GC(38) Pause Relocate Start 0.008ms
[24.143s][info][gc,phases   ] GC(38) Concurrent Relocate 2.458ms
[24.143s][info][gc,load     ] GC(38) Load: 0.00/0.00/0.00
[24.143s][info][gc,mmu      ] GC(38) MMU: 2ms/95.8%, 5ms/98.3%, 10ms/99.2%, 20ms/99.6%, 50ms/99.8%, 100ms/99.9%
[24.143s][info][gc,marking  ] GC(38) Mark: 8 stripe(s), 2 proactive flush(es), 1 terminate flush(es), 0 completion(s), 0 continuation(s) 
[24.143s][info][gc,marking  ] GC(38) Mark Stack Usage: 32M
[24.143s][info][gc,nmethod  ] GC(38) NMethods: 2453 registered, 131 unregistered
[24.143s][info][gc,metaspace] GC(38) Metaspace: 16M used, 16M committed, 1088M reserved
[24.143s][info][gc,ref      ] GC(38) Soft: 171 encountered, 61 discovered, 0 enqueued
[24.143s][info][gc,ref      ] GC(38) Weak: 958 encountered, 41 discovered, 0 enqueued
[24.143s][info][gc,ref      ] GC(38) Final: 0 encountered, 0 discovered, 0 enqueued
[24.143s][info][gc,ref      ] GC(38) Phantom: 35 encountered, 24 discovered, 0 enqueued
[24.143s][info][gc,reloc    ] GC(38) Small Pages: 256 / 512M, Empty: 250M, Relocated: 5M, In-Place: 0
[24.143s][info][gc,reloc    ] GC(38) Medium Pages: 0 / 0M, Empty: 0M, Relocated: 0M, In-Place: 0
[24.143s][info][gc,reloc    ] GC(38) Large Pages: 0 / 0M, Empty: 0M, Relocated: 0M, In-Place: 0
[24.143s][info][gc,reloc    ] GC(38) Forwarding Usage: 1M
[24.143s][info][gc,heap     ] GC(38) Min Capacity: 8M(1%)
[24.143s][info][gc,heap     ] GC(38) Max Capacity: 1024M(100%)
[24.143s][info][gc,heap     ] GC(38) Soft Max Capacity: 1024M(100%)
[24.143s][info][gc,heap     ] GC(38)                Mark Start          Mark End        Relocate Start      Relocate End           High               Low         
[24.143s][info][gc,heap     ] GC(38)  Capacity:     1024M (100%)       1024M (100%)       1024M (100%)       1024M (100%)       1024M (100%)       1024M (100%)   
[24.143s][info][gc,heap     ] GC(38)      Free:      512M (50%)           0M (0%)          220M (21%)         444M (43%)         512M (50%)           0M (0%)     
[24.143s][info][gc,heap     ] GC(38)      Used:      512M (50%)        1024M (100%)        804M (79%)         580M (57%)        1024M (100%)        512M (50%)    
[24.143s][info][gc,heap     ] GC(38)      Live:         -                10M (1%)           10M (1%)           10M (1%)             -                  -          
[24.143s][info][gc,heap     ] GC(38) Allocated:         -               512M (50%)         542M (53%)         551M (54%)            -                  -          
[24.144s][info][gc,heap     ] GC(38)   Garbage:         -               501M (49%)         251M (25%)          17M (2%)             -                  -          
[24.144s][info][gc,heap     ] GC(38) Reclaimed:         -                  -               250M (24%)         483M (47%)            -                  -          
[24.144s][info][gc          ] GC(38) Garbage Collection (Allocation Stall) 512M(50%)->580M(57%)
[24.196s][info][gc,start    ] GC(39) Garbage Collection (Allocation Stall)
[24.196s][info][gc,ref      ] GC(39) Clearing All SoftReferences
[24.197s][info][gc,task     ] GC(39) Using 10 workers
[24.197s][info][gc,ref      ] GC(39) Clearing All SoftReferences
[24.197s][info][gc,phases   ] GC(39) Pause Mark Start 0.046ms
[24.243s][info][gc,phases   ] GC(39) Concurrent Mark 6.333ms
[24.243s][info][gc,phases   ] GC(39) Pause Mark End 0.012ms
[24.243s][info][gc,phases   ] GC(39) Concurrent Mark Free 0.001ms
[24.244s][info][gc,phases   ] GC(39) Concurrent Process Non-Strong References 0.557ms
[24.244s][info][gc,phases   ] GC(39) Concurrent Reset Relocation Set 0.016ms
[24.244s][info][gc          ] Allocation Stall (reactors-io-scheduler-ForkJoinPool-1-worker-48) 6.208ms
[24.244s][info][gc          ] Allocation Stall (reactors-io-scheduler-ForkJoinPool-1-worker-17) 6.243ms
[24.244s][info][gc          ] Allocation Stall (reactors-io-scheduler-ForkJoinPool-1-worker-20) 6.098ms
[24.244s][info][gc          ] Allocation Stall (reactors-io-scheduler-ForkJoinPool-1-worker-7) 6.155ms
[24.244s][info][gc          ] Allocation Stall (reactors-io-scheduler-ForkJoinPool-1-worker-34) 6.483ms
[24.244s][info][gc          ] Allocation Stall (reactors-io-scheduler-ForkJoinPool-1-worker-36) 6.337ms
[24.244s][info][gc          ] Allocation Stall (reactors-io-scheduler-ForkJoinPool-1-worker-18) 6.144ms
[24.244s][info][gc          ] Allocation Stall (reactors-io-scheduler-ForkJoinPool-1-worker-13) 5.983ms
[24.244s][info][gc          ] Allocation Stall (reactors-io-scheduler-ForkJoinPool-1-worker-31) 6.178ms
[24.244s][info][gc          ] Allocation Stall (reactors-io-scheduler-ForkJoinPool-1-worker-1) 6.150ms
[24.244s][info][gc          ] Allocation Stall (reactors-io-scheduler-ForkJoinPool-1-worker-45) 6.203ms
[24.244s][info][gc          ] Allocation Stall (reactors-io-scheduler-ForkJoinPool-1-worker-24) 6.160ms
[24.244s][info][gc          ] Allocation Stall (reactors-io-scheduler-ForkJoinPool-1-worker-22) 7.515ms
[24.244s][info][gc          ] Allocation Stall (reactors-io-scheduler-ForkJoinPool-1-worker-4) 6.327ms
[24.244s][info][gc          ] Allocation Stall (reactors-io-scheduler-ForkJoinPool-1-worker-14) 6.278ms
[24.244s][info][gc          ] Allocation Stall (reactors-io-scheduler-ForkJoinPool-1-worker-8) 6.150ms
[24.244s][info][gc          ] Allocation Stall (reactors-io-scheduler-ForkJoinPool-1-worker-2) 6.023ms
[24.244s][info][gc          ] Allocation Stall (reactors-io-scheduler-ForkJoinPool-1-worker-25) 6.240ms
[24.244s][info][gc          ] Allocation Stall (reactors-io-scheduler-ForkJoinPool-1-worker-11) 7.295ms
[24.244s][info][gc          ] Allocation Stall (reactors-io-scheduler-ForkJoinPool-1-worker-19) 6.224ms
[24.244s][info][gc          ] Allocation Stall (reactors-io-scheduler-ForkJoinPool-1-worker-44) 6.143ms
[24.244s][info][gc          ] Allocation Stall (reactors-io-scheduler-ForkJoinPool-1-worker-42) 6.180ms
[24.244s][info][gc          ] Allocation Stall (reactors-io-scheduler-ForkJoinPool-1-worker-16) 7.340ms
[24.244s][info][gc          ] Allocation Stall (reactors-io-scheduler-ForkJoinPool-1-worker-33) 7.449ms
[24.244s][info][gc          ] Allocation Stall (reactors-io-scheduler-ForkJoinPool-1-worker-41) 6.337ms
[24.244s][info][gc          ] Allocation Stall (reactors-io-scheduler-ForkJoinPool-1-worker-3) 6.528ms
[24.244s][info][gc          ] Allocation Stall (reactors-io-scheduler-ForkJoinPool-1-worker-12) 6.284ms
[24.244s][info][gc          ] Allocation Stall (reactors-io-scheduler-ForkJoinPool-1-worker-6) 6.525ms
[24.244s][info][gc          ] Allocation Stall (reactors-io-scheduler-ForkJoinPool-1-worker-47) 6.264ms
[24.244s][info][gc          ] Allocation Stall (reactors-io-scheduler-ForkJoinPool-1-worker-10) 6.410ms
[24.244s][info][gc          ] Allocation Stall (reactors-io-scheduler-ForkJoinPool-1-worker-38) 6.526ms
[24.244s][info][gc          ] Allocation Stall (reactors-io-scheduler-ForkJoinPool-1-worker-23) 6.656ms
[24.244s][info][gc          ] Allocation Stall (reactors-io-scheduler-ForkJoinPool-1-worker-37) 6.446ms
[24.244s][info][gc          ] Allocation Stall (reactors-io-scheduler-ForkJoinPool-1-worker-5) 6.359ms
[24.244s][info][gc          ] Allocation Stall (reactors-io-scheduler-ForkJoinPool-1-worker-27) 6.562ms
[24.244s][info][gc          ] Allocation Stall (reactors-io-scheduler-ForkJoinPool-1-worker-32) 6.640ms
[24.244s][info][gc          ] Allocation Stall (reactors-io-scheduler-ForkJoinPool-1-worker-39) 6.943ms
[24.244s][info][gc          ] Allocation Stall (reactors-io-scheduler-ForkJoinPool-1-worker-9) 6.702ms
[24.244s][info][gc          ] Allocation Stall (reactors-io-scheduler-ForkJoinPool-1-worker-46) 6.754ms
[24.244s][info][gc          ] Allocation Stall (reactors-io-scheduler-ForkJoinPool-1-worker-29) 6.956ms
[24.244s][info][gc          ] Allocation Stall (reactors-io-scheduler-ForkJoinPool-1-worker-35) 7.008ms
[24.244s][info][gc          ] Allocation Stall (reactors-io-scheduler-ForkJoinPool-1-worker-15) 7.298ms
[24.244s][info][gc          ] Allocation Stall (reactors-io-scheduler-ForkJoinPool-1-worker-43) 6.747ms
[24.244s][info][gc          ] Allocation Stall (reactors-io-scheduler-ForkJoinPool-1-worker-26) 7.108ms
[24.244s][info][gc          ] Allocation Stall (reactors-io-scheduler-ForkJoinPool-1-worker-21) 7.240ms
[24.244s][info][gc          ] Allocation Stall (reactors-io-scheduler-ForkJoinPool-1-worker-40) 7.300ms
[24.244s][info][gc          ] Allocation Stall (reactors-io-scheduler-ForkJoinPool-1-worker-30) 6.202ms
[24.244s][info][gc          ] Allocation Stall (reactors-io-scheduler-ForkJoinPool-1-worker-28) 7.324ms
[24.249s][info][gc,phases   ] GC(39) Concurrent Select Relocation Set 5.010ms
[24.249s][info][gc,phases   ] GC(39) Pause Relocate Start 0.008ms
[24.251s][info][gc,phases   ] GC(39) Concurrent Relocate 1.583ms
[24.251s][info][gc,load     ] GC(39) Load: 0.00/0.00/0.00
[24.251s][info][gc,mmu      ] GC(39) MMU: 2ms/95.8%, 5ms/98.3%, 10ms/99.2%, 20ms/99.6%, 50ms/99.8%, 100ms/99.9%
[24.251s][info][gc,marking  ] GC(39) Mark: 8 stripe(s), 2 proactive flush(es), 1 terminate flush(es), 0 completion(s), 0 continuation(s) 
[24.251s][info][gc,marking  ] GC(39) Mark Stack Usage: 32M
[24.251s][info][gc,nmethod  ] GC(39) NMethods: 2453 registered, 131 unregistered
[24.251s][info][gc,metaspace] GC(39) Metaspace: 16M used, 16M committed, 1088M reserved
[24.251s][info][gc,ref      ] GC(39) Soft: 171 encountered, 63 discovered, 0 enqueued
[24.251s][info][gc,ref      ] GC(39) Weak: 958 encountered, 66 discovered, 0 enqueued
[24.251s][info][gc,ref      ] GC(39) Final: 0 encountered, 0 discovered, 0 enqueued
[24.251s][info][gc,ref      ] GC(39) Phantom: 35 encountered, 31 discovered, 0 enqueued
[24.251s][info][gc,reloc    ] GC(39) Small Pages: 418 / 836M, Empty: 546M, Relocated: 4M, In-Place: 0
[24.251s][info][gc,reloc    ] GC(39) Medium Pages: 0 / 0M, Empty: 0M, Relocated: 0M, In-Place: 0
[24.251s][info][gc,reloc    ] GC(39) Large Pages: 0 / 0M, Empty: 0M, Relocated: 0M, In-Place: 0
[24.251s][info][gc,reloc    ] GC(39) Forwarding Usage: 1M
[24.251s][info][gc,heap     ] GC(39) Min Capacity: 8M(1%)
[24.251s][info][gc,heap     ] GC(39) Max Capacity: 1024M(100%)
[24.251s][info][gc,heap     ] GC(39) Soft Max Capacity: 1024M(100%)
[24.251s][info][gc,heap     ] GC(39)                Mark Start          Mark End        Relocate Start      Relocate End           High               Low         
[24.251s][info][gc,heap     ] GC(39)  Capacity:     1024M (100%)       1024M (100%)       1024M (100%)       1024M (100%)       1024M (100%)       1024M (100%)   
[24.251s][info][gc,heap     ] GC(39)      Free:      188M (18%)           0M (0%)          514M (50%)         774M (76%)         774M (76%)           0M (0%)     
[24.251s][info][gc,heap     ] GC(39)      Used:      836M (82%)        1024M (100%)        510M (50%)         250M (24%)        1024M (100%)        250M (24%)    
[24.251s][info][gc,heap     ] GC(39)      Live:         -                10M (1%)           10M (1%)           10M (1%)             -                  -          
[24.251s][info][gc,heap     ] GC(39) Allocated:         -               188M (18%)         220M (21%)         221M (22%)            -                  -          
[24.251s][info][gc,heap     ] GC(39)   Garbage:         -               825M (81%)         279M (27%)          17M (2%)             -                  -          
[24.251s][info][gc,heap     ] GC(39) Reclaimed:         -                  -               546M (53%)         807M (79%)            -                  -          
[24.251s][info][gc          ] GC(39) Garbage Collection (Allocation Stall) 836M(82%)->250M(24%)
[24.306s][info][gc,start    ] GC(40) Garbage Collection (Allocation Stall)
[24.306s][info][gc,ref      ] GC(40) Clearing All SoftReferences
[24.306s][info][gc,task     ] GC(40) Using 10 workers
[24.306s][info][gc,ref      ] GC(40) Clearing All SoftReferences
[24.306s][info][gc,phases   ] GC(40) Pause Mark Start 0.066ms
[24.321s][info][gc,phases   ] GC(40) Concurrent Mark 15.307ms
[24.321s][info][gc,phases   ] GC(40) Pause Mark End 0.016ms
[24.321s][info][gc,phases   ] GC(40) Concurrent Mark Free 0.001ms
[24.322s][info][gc,phases   ] GC(40) Concurrent Process Non-Strong References 0.825ms
[24.322s][info][gc,phases   ] GC(40) Concurrent Reset Relocation Set 0.022ms
[24.327s][info][gc,phases   ] GC(40) Concurrent Select Relocation Set 4.767ms
[24.327s][info][gc,phases   ] GC(40) Pause Relocate Start 0.008ms
[24.331s][info][gc,phases   ] GC(40) Concurrent Relocate 3.927ms
[24.331s][info][gc,load     ] GC(40) Load: 0.00/0.00/0.00
[24.331s][info][gc,mmu      ] GC(40) MMU: 2ms/95.8%, 5ms/98.3%, 10ms/99.2%, 20ms/99.6%, 50ms/99.8%, 100ms/99.9%
[24.331s][info][gc,marking  ] GC(40) Mark: 8 stripe(s), 2 proactive flush(es), 1 terminate flush(es), 0 completion(s), 0 continuation(s) 
[24.331s][info][gc,marking  ] GC(40) Mark Stack Usage: 32M
[24.331s][info][gc,nmethod  ] GC(40) NMethods: 2453 registered, 131 unregistered
[24.331s][info][gc,metaspace] GC(40) Metaspace: 16M used, 16M committed, 1088M reserved
[24.332s][info][gc,ref      ] GC(40) Soft: 171 encountered, 79 discovered, 0 enqueued
[24.332s][info][gc,ref      ] GC(40) Weak: 960 encountered, 95 discovered, 0 enqueued
[24.332s][info][gc,ref      ] GC(40) Final: 0 encountered, 0 discovered, 0 enqueued
[24.332s][info][gc,ref      ] GC(40) Phantom: 35 encountered, 30 discovered, 0 enqueued
[24.332s][info][gc,reloc    ] GC(40) Small Pages: 201 / 402M, Empty: 336M, Relocated: 10M, In-Place: 0
[24.332s][info][gc,reloc    ] GC(40) Medium Pages: 1 / 32M, Empty: 0M, Relocated: 0M, In-Place: 0
[24.332s][info][gc,reloc    ] GC(40) Large Pages: 0 / 0M, Empty: 0M, Relocated: 0M, In-Place: 0
[24.332s][info][gc,reloc    ] GC(40) Forwarding Usage: 4M
[24.332s][info][gc,heap     ] GC(40) Min Capacity: 8M(1%)
[24.332s][info][gc,heap     ] GC(40) Max Capacity: 1024M(100%)
[24.332s][info][gc,heap     ] GC(40) Soft Max Capacity: 1024M(100%)
[24.332s][info][gc,heap     ] GC(40)                Mark Start          Mark End        Relocate Start      Relocate End           High               Low         
[24.332s][info][gc,heap     ] GC(40)  Capacity:     1024M (100%)       1024M (100%)       1024M (100%)       1024M (100%)       1024M (100%)       1024M (100%)   
[24.332s][info][gc,heap     ] GC(40)      Free:      590M (58%)         570M (56%)         898M (88%)         912M (89%)         912M (89%)         568M (55%)    
[24.332s][info][gc,heap     ] GC(40)      Used:      434M (42%)         454M (44%)         126M (12%)         112M (11%)         456M (45%)         112M (11%)    
[24.332s][info][gc,heap     ] GC(40)      Live:         -                33M (3%)           33M (3%)           33M (3%)             -                  -          
[24.332s][info][gc,heap     ] GC(40) Allocated:         -                20M (2%)           28M (3%)           31M (3%)             -                  -          
[24.332s][info][gc,heap     ] GC(40)   Garbage:         -               400M (39%)          64M (6%)           46M (5%)             -                  -          
[24.332s][info][gc,heap     ] GC(40) Reclaimed:         -                  -               336M (33%)         353M (35%)            -                  -          
[24.332s][info][gc          ] GC(40) Garbage Collection (Allocation Stall) 434M(42%)->112M(11%)
[24.399s][info][gc,start    ] GC(41) Garbage Collection (Allocation Rate)
[24.400s][info][gc,task     ] GC(41) Using 10 workers
[24.400s][info][gc,phases   ] GC(41) Pause Mark Start 0.017ms
[24.446s][info][gc,phases   ] GC(41) Concurrent Mark 46.436ms
[24.446s][info][gc,phases   ] GC(41) Pause Mark End 0.016ms
[24.446s][info][gc,phases   ] GC(41) Concurrent Mark Free 0.001ms
[24.447s][info][gc,phases   ] GC(41) Concurrent Process Non-Strong References 0.653ms
[24.447s][info][gc,phases   ] GC(41) Concurrent Reset Relocation Set 0.004ms
[24.460s][info][gc,phases   ] GC(41) Concurrent Select Relocation Set 12.739ms
[24.460s][info][gc,phases   ] GC(41) Pause Relocate Start 0.007ms
[24.475s][info][gc,phases   ] GC(41) Concurrent Relocate 15.248ms
[24.476s][info][gc,load     ] GC(41) Load: 0.00/0.00/0.00
[24.476s][info][gc,mmu      ] GC(41) MMU: 2ms/95.8%, 5ms/98.3%, 10ms/99.2%, 20ms/99.6%, 50ms/99.8%, 100ms/99.9%
[24.476s][info][gc,marking  ] GC(41) Mark: 8 stripe(s), 2 proactive flush(es), 1 terminate flush(es), 0 completion(s), 0 continuation(s) 
[24.476s][info][gc,marking  ] GC(41) Mark Stack Usage: 32M
[24.476s][info][gc,nmethod  ] GC(41) NMethods: 2454 registered, 131 unregistered
[24.476s][info][gc,metaspace] GC(41) Metaspace: 16M used, 16M committed, 1088M reserved
[24.476s][info][gc,ref      ] GC(41) Soft: 171 encountered, 0 discovered, 0 enqueued
[24.476s][info][gc,ref      ] GC(41) Weak: 960 encountered, 70 discovered, 0 enqueued
[24.476s][info][gc,ref      ] GC(41) Final: 0 encountered, 0 discovered, 0 enqueued
[24.476s][info][gc,ref      ] GC(41) Phantom: 35 encountered, 32 discovered, 0 enqueued
[24.476s][info][gc,reloc    ] GC(41) Small Pages: 84 / 168M, Empty: 0M, Relocated: 48M, In-Place: 0
[24.476s][info][gc,reloc    ] GC(41) Medium Pages: 1 / 32M, Empty: 0M, Relocated: 0M, In-Place: 0
[24.476s][info][gc,reloc    ] GC(41) Large Pages: 0 / 0M, Empty: 0M, Relocated: 0M, In-Place: 0
[24.476s][info][gc,reloc    ] GC(41) Forwarding Usage: 20M
[24.476s][info][gc,heap     ] GC(41) Min Capacity: 8M(1%)
[24.476s][info][gc,heap     ] GC(41) Max Capacity: 1024M(100%)
[24.476s][info][gc,heap     ] GC(41) Soft Max Capacity: 1024M(100%)
[24.476s][info][gc,heap     ] GC(41)                Mark Start          Mark End        Relocate Start      Relocate End           High               Low         
[24.476s][info][gc,heap     ] GC(41)  Capacity:     1024M (100%)       1024M (100%)       1024M (100%)       1024M (100%)       1024M (100%)       1024M (100%)   
[24.476s][info][gc,heap     ] GC(41)      Free:      824M (80%)         774M (76%)         758M (74%)         776M (76%)         824M (80%)         736M (72%)    
[24.476s][info][gc,heap     ] GC(41)      Used:      200M (20%)         250M (24%)         266M (26%)         248M (24%)         288M (28%)         200M (20%)    
[24.476s][info][gc,heap     ] GC(41)      Live:         -               107M (10%)         107M (10%)         107M (10%)            -                  -          
[24.476s][info][gc,heap     ] GC(41) Allocated:         -                50M (5%)           66M (6%)           79M (8%)             -                  -          
[24.476s][info][gc,heap     ] GC(41)   Garbage:         -                92M (9%)           92M (9%)           61M (6%)             -                  -          
[24.476s][info][gc,heap     ] GC(41) Reclaimed:         -                  -                 0M (0%)           31M (3%)             -                  -          
[24.476s][info][gc          ] GC(41) Garbage Collection (Allocation Rate) 200M(20%)->248M(24%)
[24.509s][info][gc,start    ] GC(42) Garbage Collection (Allocation Rate)
[24.509s][info][gc,task     ] GC(42) Using 10 workers
[24.509s][info][gc,phases   ] GC(42) Pause Mark Start 0.016ms
[24.587s][info][gc,phases   ] GC(42) Concurrent Mark 77.751ms
[24.587s][info][gc,phases   ] GC(42) Pause Mark End 0.018ms
[24.587s][info][gc,phases   ] GC(42) Concurrent Mark Free 0.001ms
[24.588s][info][gc,phases   ] GC(42) Concurrent Process Non-Strong References 0.679ms
[24.588s][info][gc,phases   ] GC(42) Concurrent Reset Relocation Set 0.008ms
[24.593s][info][gc,phases   ] GC(42) Concurrent Select Relocation Set 4.862ms
[24.593s][info][gc,phases   ] GC(42) Pause Relocate Start 0.009ms
[24.604s][info][gc,phases   ] GC(42) Concurrent Relocate 11.272ms
[24.604s][info][gc,load     ] GC(42) Load: 0.00/0.00/0.00
[24.604s][info][gc,mmu      ] GC(42) MMU: 2ms/95.8%, 5ms/98.3%, 10ms/99.2%, 20ms/99.6%, 50ms/99.8%, 100ms/99.9%
[24.604s][info][gc,marking  ] GC(42) Mark: 8 stripe(s), 2 proactive flush(es), 1 terminate flush(es), 0 completion(s), 0 continuation(s) 
[24.604s][info][gc,marking  ] GC(42) Mark Stack Usage: 32M
[24.604s][info][gc,nmethod  ] GC(42) NMethods: 2454 registered, 131 unregistered
[24.604s][info][gc,metaspace] GC(42) Metaspace: 16M used, 16M committed, 1088M reserved
[24.605s][info][gc,ref      ] GC(42) Soft: 171 encountered, 0 discovered, 0 enqueued
[24.605s][info][gc,ref      ] GC(42) Weak: 960 encountered, 237 discovered, 0 enqueued
[24.605s][info][gc,ref      ] GC(42) Final: 0 encountered, 0 discovered, 0 enqueued
[24.605s][info][gc,ref      ] GC(42) Phantom: 35 encountered, 22 discovered, 0 enqueued
[24.605s][info][gc,reloc    ] GC(42) Small Pages: 128 / 256M, Empty: 0M, Relocated: 36M, In-Place: 0
[24.605s][info][gc,reloc    ] GC(42) Medium Pages: 1 / 32M, Empty: 0M, Relocated: 0M, In-Place: 0
[24.605s][info][gc,reloc    ] GC(42) Large Pages: 0 / 0M, Empty: 0M, Relocated: 0M, In-Place: 0
[24.605s][info][gc,reloc    ] GC(42) Forwarding Usage: 15M
[24.605s][info][gc,heap     ] GC(42) Min Capacity: 8M(1%)
[24.605s][info][gc,heap     ] GC(42) Max Capacity: 1024M(100%)
[24.605s][info][gc,heap     ] GC(42) Soft Max Capacity: 1024M(100%)
[24.605s][info][gc,heap     ] GC(42)                Mark Start          Mark End        Relocate Start      Relocate End           High               Low         
[24.605s][info][gc,heap     ] GC(42)  Capacity:     1024M (100%)       1024M (100%)       1024M (100%)       1024M (100%)       1024M (100%)       1024M (100%)   
[24.605s][info][gc,heap     ] GC(42)      Free:      736M (72%)         660M (64%)         652M (64%)         658M (64%)         736M (72%)         632M (62%)    
[24.605s][info][gc,heap     ] GC(42)      Used:      288M (28%)         364M (36%)         372M (36%)         366M (36%)         392M (38%)         288M (28%)    
[24.605s][info][gc,heap     ] GC(42)      Live:         -               182M (18%)         182M (18%)         182M (18%)            -                  -          
[24.605s][info][gc,heap     ] GC(42) Allocated:         -                76M (7%)           84M (8%)           93M (9%)             -                  -          
[24.605s][info][gc,heap     ] GC(42)   Garbage:         -               105M (10%)         105M (10%)          89M (9%)             -                  -          
[24.605s][info][gc,heap     ] GC(42) Reclaimed:         -                  -                 0M (0%)           15M (2%)             -                  -          
[24.605s][info][gc          ] GC(42) Garbage Collection (Allocation Rate) 288M(28%)->366M(36%)
[24.696s][info][gc,start    ] GC(43) Garbage Collection (Allocation Rate)
[24.696s][info][gc,task     ] GC(43) Using 10 workers
[24.697s][info][gc,phases   ] GC(43) Pause Mark Start 0.018ms
[24.806s][info][gc,phases   ] GC(43) Concurrent Mark 108.902ms
[24.806s][info][gc,phases   ] GC(43) Pause Mark End 0.016ms
[24.806s][info][gc,phases   ] GC(43) Concurrent Mark Free 0.001ms
[24.806s][info][gc,phases   ] GC(43) Concurrent Process Non-Strong References 0.628ms
[24.806s][info][gc,phases   ] GC(43) Concurrent Reset Relocation Set 0.006ms
[24.831s][info][gc,phases   ] GC(43) Concurrent Select Relocation Set 24.242ms
[24.831s][info][gc,phases   ] GC(43) Pause Relocate Start 0.010ms
[24.851s][info][gc,phases   ] GC(43) Concurrent Relocate 20.273ms
[24.851s][info][gc,load     ] GC(43) Load: 0.00/0.00/0.00
[24.851s][info][gc,mmu      ] GC(43) MMU: 2ms/95.8%, 5ms/98.3%, 10ms/99.2%, 20ms/99.6%, 50ms/99.8%, 100ms/99.9%
[24.851s][info][gc,marking  ] GC(43) Mark: 8 stripe(s), 3 proactive flush(es), 1 terminate flush(es), 0 completion(s), 0 continuation(s) 
[24.851s][info][gc,marking  ] GC(43) Mark Stack Usage: 32M
[24.851s][info][gc,nmethod  ] GC(43) NMethods: 2454 registered, 131 unregistered
[24.851s][info][gc,metaspace] GC(43) Metaspace: 16M used, 16M committed, 1088M reserved
[24.851s][info][gc,ref      ] GC(43) Soft: 171 encountered, 0 discovered, 0 enqueued
[24.852s][info][gc,ref      ] GC(43) Weak: 960 encountered, 126 discovered, 0 enqueued
[24.852s][info][gc,ref      ] GC(43) Final: 0 encountered, 0 discovered, 0 enqueued
[24.852s][info][gc,ref      ] GC(43) Phantom: 35 encountered, 30 discovered, 0 enqueued
[24.852s][info][gc,reloc    ] GC(43) Small Pages: 217 / 434M, Empty: 0M, Relocated: 50M, In-Place: 0
[24.852s][info][gc,reloc    ] GC(43) Medium Pages: 1 / 32M, Empty: 0M, Relocated: 0M, In-Place: 0
[24.852s][info][gc,reloc    ] GC(43) Large Pages: 0 / 0M, Empty: 0M, Relocated: 0M, In-Place: 0
[24.852s][info][gc,reloc    ] GC(43) Forwarding Usage: 21M
[24.852s][info][gc,heap     ] GC(43) Min Capacity: 8M(1%)
[24.852s][info][gc,heap     ] GC(43) Max Capacity: 1024M(100%)
[24.852s][info][gc,heap     ] GC(43) Soft Max Capacity: 1024M(100%)
[24.852s][info][gc,heap     ] GC(43)                Mark Start          Mark End        Relocate Start      Relocate End           High               Low         
[24.852s][info][gc,heap     ] GC(43)  Capacity:     1024M (100%)       1024M (100%)       1024M (100%)       1024M (100%)       1024M (100%)       1024M (100%)   
[24.852s][info][gc,heap     ] GC(43)      Free:      558M (54%)         458M (45%)         432M (42%)         442M (43%)         558M (54%)         412M (40%)    
[24.852s][info][gc,heap     ] GC(43)      Used:      466M (46%)         566M (55%)         592M (58%)         582M (57%)         612M (60%)         466M (46%)    
[24.852s][info][gc,heap     ] GC(43)      Live:         -               310M (30%)         310M (30%)         310M (30%)            -                  -          
[24.852s][info][gc,heap     ] GC(43) Allocated:         -               100M (10%)         126M (12%)         145M (14%)            -                  -          
[24.852s][info][gc,heap     ] GC(43)   Garbage:         -               155M (15%)         155M (15%)         125M (12%)            -                  -          
[24.852s][info][gc,heap     ] GC(43) Reclaimed:         -                  -                 0M (0%)           29M (3%)             -                  -          
[24.852s][info][gc          ] GC(43) Garbage Collection (Allocation Rate) 466M(46%)->582M(57%)
[24.899s][info][gc,start    ] GC(44) Garbage Collection (Allocation Rate)
[24.899s][info][gc,task     ] GC(44) Using 10 workers
[24.900s][info][gc,phases   ] GC(44) Pause Mark Start 0.016ms
[25.071s][info][gc,phases   ] GC(44) Concurrent Mark 171.416ms
[25.071s][info][gc,phases   ] GC(44) Pause Mark End 0.018ms
[25.071s][info][gc,phases   ] GC(44) Concurrent Mark Free 0.002ms
[25.072s][info][gc,phases   ] GC(44) Concurrent Process Non-Strong References 0.743ms
[25.072s][info][gc,phases   ] GC(44) Concurrent Reset Relocation Set 0.008ms
[25.077s][info][gc,phases   ] GC(44) Concurrent Select Relocation Set 5.215ms
[25.078s][info][gc,phases   ] GC(44) Pause Relocate Start 0.011ms
[25.093s][info][gc,phases   ] GC(44) Concurrent Relocate 15.092ms
[25.093s][info][gc,load     ] GC(44) Load: 0.00/0.00/0.00
[25.093s][info][gc,mmu      ] GC(44) MMU: 2ms/95.8%, 5ms/98.3%, 10ms/99.2%, 20ms/99.6%, 50ms/99.8%, 100ms/99.9%
[25.093s][info][gc,marking  ] GC(44) Mark: 8 stripe(s), 2 proactive flush(es), 1 terminate flush(es), 0 completion(s), 0 continuation(s) 
[25.093s][info][gc,marking  ] GC(44) Mark Stack Usage: 32M
[25.093s][info][gc,nmethod  ] GC(44) NMethods: 2454 registered, 131 unregistered
[25.093s][info][gc,metaspace] GC(44) Metaspace: 16M used, 16M committed, 1088M reserved
[25.093s][info][gc,ref      ] GC(44) Soft: 171 encountered, 0 discovered, 0 enqueued
[25.093s][info][gc,ref      ] GC(44) Weak: 960 encountered, 15 discovered, 0 enqueued
[25.093s][info][gc,ref      ] GC(44) Final: 0 encountered, 0 discovered, 0 enqueued
[25.093s][info][gc,ref      ] GC(44) Phantom: 35 encountered, 28 discovered, 0 enqueued
[25.093s][info][gc,reloc    ] GC(44) Small Pages: 300 / 600M, Empty: 0M, Relocated: 34M, In-Place: 0
[25.093s][info][gc,reloc    ] GC(44) Medium Pages: 1 / 32M, Empty: 0M, Relocated: 0M, In-Place: 0
[25.093s][info][gc,reloc    ] GC(44) Large Pages: 0 / 0M, Empty: 0M, Relocated: 0M, In-Place: 0
[25.093s][info][gc,reloc    ] GC(44) Forwarding Usage: 15M
[25.093s][info][gc,heap     ] GC(44) Min Capacity: 8M(1%)
[25.093s][info][gc,heap     ] GC(44) Max Capacity: 1024M(100%)
[25.093s][info][gc,heap     ] GC(44) Soft Max Capacity: 1024M(100%)
[25.093s][info][gc,heap     ] GC(44)                Mark Start          Mark End        Relocate Start      Relocate End           High               Low         
[25.093s][info][gc,heap     ] GC(44)  Capacity:     1024M (100%)       1024M (100%)       1024M (100%)       1024M (100%)       1024M (100%)       1024M (100%)   
[25.093s][info][gc,heap     ] GC(44)      Free:      392M (38%)         220M (21%)         212M (21%)         222M (22%)         392M (38%)         192M (19%)    
[25.093s][info][gc,heap     ] GC(44)      Used:      632M (62%)         804M (79%)         812M (79%)         802M (78%)         832M (81%)         632M (62%)    
[25.093s][info][gc,heap     ] GC(44)      Live:         -               438M (43%)         438M (43%)         438M (43%)            -                  -          
[25.093s][info][gc,heap     ] GC(44) Allocated:         -               172M (17%)         180M (18%)         193M (19%)            -                  -          
[25.094s][info][gc,heap     ] GC(44)   Garbage:         -               193M (19%)         193M (19%)         169M (17%)            -                  -          
[25.094s][info][gc,heap     ] GC(44) Reclaimed:         -                  -                 0M (0%)           23M (2%)             -                  -          
[25.094s][info][gc          ] GC(44) Garbage Collection (Allocation Rate) 632M(62%)->802M(78%)
[25.102s][info][gc,start    ] GC(45) Garbage Collection (Allocation Rate)
[25.102s][info][gc,task     ] GC(45) Using 10 workers
[25.103s][info][gc,phases   ] GC(45) Pause Mark Start 0.009ms
[25.290s][info][gc,phases   ] GC(45) Concurrent Mark 187.218ms
[25.290s][info][gc,phases   ] GC(45) Pause Mark End 0.017ms
[25.290s][info][gc,phases   ] GC(45) Concurrent Mark Free 0.001ms
[25.291s][info][gc,phases   ] GC(45) Concurrent Process Non-Strong References 0.782ms
[25.291s][info][gc,phases   ] GC(45) Concurrent Reset Relocation Set 0.013ms
[25.318s][info][gc,phases   ] GC(45) Concurrent Select Relocation Set 27.377ms
[25.319s][info][gc,phases   ] GC(45) Pause Relocate Start 0.012ms
[25.338s][info][gc,phases   ] GC(45) Concurrent Relocate 19.467ms
[25.338s][info][gc,load     ] GC(45) Load: 0.00/0.00/0.00
[25.338s][info][gc,mmu      ] GC(45) MMU: 2ms/95.8%, 5ms/98.3%, 10ms/99.2%, 20ms/99.6%, 50ms/99.8%, 100ms/99.9%
[25.338s][info][gc,marking  ] GC(45) Mark: 8 stripe(s), 3 proactive flush(es), 1 terminate flush(es), 0 completion(s), 0 continuation(s) 
[25.338s][info][gc,marking  ] GC(45) Mark Stack Usage: 32M
[25.338s][info][gc,nmethod  ] GC(45) NMethods: 2456 registered, 131 unregistered
[25.338s][info][gc,metaspace] GC(45) Metaspace: 16M used, 16M committed, 1088M reserved
[25.338s][info][gc,ref      ] GC(45) Soft: 171 encountered, 0 discovered, 0 enqueued
[25.338s][info][gc,ref      ] GC(45) Weak: 960 encountered, 27 discovered, 0 enqueued
[25.338s][info][gc,ref      ] GC(45) Final: 0 encountered, 0 discovered, 0 enqueued
[25.338s][info][gc,ref      ] GC(45) Phantom: 35 encountered, 23 discovered, 0 enqueued
[25.339s][info][gc,reloc    ] GC(45) Small Pages: 390 / 780M, Empty: 0M, Relocated: 54M, In-Place: 0
[25.339s][info][gc,reloc    ] GC(45) Medium Pages: 1 / 32M, Empty: 0M, Relocated: 0M, In-Place: 0
[25.339s][info][gc,reloc    ] GC(45) Large Pages: 0 / 0M, Empty: 0M, Relocated: 0M, In-Place: 0
[25.339s][info][gc,reloc    ] GC(45) Forwarding Usage: 23M
[25.339s][info][gc,heap     ] GC(45) Min Capacity: 8M(1%)
[25.339s][info][gc,heap     ] GC(45) Max Capacity: 1024M(100%)
[25.339s][info][gc,heap     ] GC(45) Soft Max Capacity: 1024M(100%)
[25.339s][info][gc,heap     ] GC(45)                Mark Start          Mark End        Relocate Start      Relocate End           High               Low         
[25.339s][info][gc,heap     ] GC(45)  Capacity:     1024M (100%)       1024M (100%)       1024M (100%)       1024M (100%)       1024M (100%)       1024M (100%)   
[25.339s][info][gc,heap     ] GC(45)      Free:      212M (21%)          88M (9%)           78M (8%)          108M (11%)         212M (21%)          58M (6%)     
[25.339s][info][gc,heap     ] GC(45)      Used:      812M (79%)         936M (91%)         946M (92%)         916M (89%)         966M (94%)         812M (79%)    
[25.339s][info][gc,heap     ] GC(45)      Live:         -               571M (56%)         571M (56%)         571M (56%)            -                  -          
[25.339s][info][gc,heap     ] GC(45) Allocated:         -               124M (12%)         134M (13%)         139M (14%)            -                  -          
[25.339s][info][gc,heap     ] GC(45)   Garbage:         -               240M (24%)         240M (24%)         205M (20%)            -                  -          
[25.339s][info][gc,heap     ] GC(45) Reclaimed:         -                  -                 0M (0%)           35M (3%)             -                  -          
[25.339s][info][gc          ] GC(45) Garbage Collection (Allocation Rate) 812M(79%)->916M(89%)
[25.399s][info][gc,start    ] GC(46) Garbage Collection (Allocation Rate)
[25.399s][info][gc,task     ] GC(46) Using 10 workers
[25.399s][info][gc,phases   ] GC(46) Pause Mark Start 0.015ms
[25.587s][info][gc,phases   ] GC(46) Concurrent Mark 187.079ms
[25.587s][info][gc,phases   ] GC(46) Pause Mark End 0.019ms
[25.587s][info][gc,phases   ] GC(46) Concurrent Mark Free 0.000ms
[25.588s][info][gc,phases   ] GC(46) Concurrent Process Non-Strong References 0.706ms
[25.588s][info][gc,phases   ] GC(46) Concurrent Reset Relocation Set 0.011ms
[25.639s][info][gc,phases   ] GC(46) Concurrent Select Relocation Set 51.815ms
[25.640s][info][gc,phases   ] GC(46) Pause Relocate Start 0.011ms
[25.699s][info][gc,phases   ] GC(46) Concurrent Relocate 59.080ms
[25.699s][info][gc,load     ] GC(46) Load: 0.00/0.00/0.00
[25.699s][info][gc,mmu      ] GC(46) MMU: 2ms/95.8%, 5ms/98.3%, 10ms/99.2%, 20ms/99.6%, 50ms/99.8%, 100ms/99.9%
[25.699s][info][gc,marking  ] GC(46) Mark: 8 stripe(s), 3 proactive flush(es), 1 terminate flush(es), 0 completion(s), 0 continuation(s) 
[25.699s][info][gc,marking  ] GC(46) Mark Stack Usage: 32M
[25.699s][info][gc,nmethod  ] GC(46) NMethods: 2465 registered, 133 unregistered
[25.699s][info][gc,metaspace] GC(46) Metaspace: 16M used, 16M committed, 1088M reserved
[25.699s][info][gc,ref      ] GC(46) Soft: 171 encountered, 0 discovered, 0 enqueued
[25.699s][info][gc,ref      ] GC(46) Weak: 959 encountered, 121 discovered, 7 enqueued
[25.699s][info][gc,ref      ] GC(46) Final: 0 encountered, 0 discovered, 0 enqueued
[25.699s][info][gc,ref      ] GC(46) Phantom: 35 encountered, 24 discovered, 0 enqueued
[25.699s][info][gc,reloc    ] GC(46) Small Pages: 436 / 872M, Empty: 0M, Relocated: 201M, In-Place: 0
[25.699s][info][gc,reloc    ] GC(46) Medium Pages: 2 / 64M, Empty: 0M, Relocated: 3M, In-Place: 1
[25.699s][info][gc,reloc    ] GC(46) Large Pages: 0 / 0M, Empty: 0M, Relocated: 0M, In-Place: 0
[25.699s][info][gc,reloc    ] GC(46) Forwarding Usage: 84M
[25.699s][info][gc,heap     ] GC(46) Min Capacity: 8M(1%)
[25.699s][info][gc,heap     ] GC(46) Max Capacity: 1024M(100%)
[25.699s][info][gc,heap     ] GC(46) Soft Max Capacity: 1024M(100%)
[25.699s][info][gc,heap     ] GC(46)                Mark Start          Mark End        Relocate Start      Relocate End           High               Low         
[25.699s][info][gc,heap     ] GC(46)  Capacity:     1024M (100%)       1024M (100%)       1024M (100%)       1024M (100%)       1024M (100%)       1024M (100%)   
[25.699s][info][gc,heap     ] GC(46)      Free:       88M (9%)           32M (3%)           30M (3%)          246M (24%)         246M (24%)          12M (1%)     
[25.699s][info][gc,heap     ] GC(46)      Used:      936M (91%)         992M (97%)         994M (97%)         778M (76%)        1012M (99%)         778M (76%)    
[25.699s][info][gc,heap     ] GC(46)      Live:         -               574M (56%)         574M (56%)         574M (56%)            -                  -          
[25.699s][info][gc,heap     ] GC(46) Allocated:         -                56M (5%)           58M (6%)           59M (6%)             -                  -          
[25.699s][info][gc,heap     ] GC(46)   Garbage:         -               361M (35%)         361M (35%)         143M (14%)            -                  -          
[25.699s][info][gc,heap     ] GC(46) Reclaimed:         -                  -                 0M (0%)          217M (21%)            -                  -          
[25.699s][info][gc          ] GC(46) Garbage Collection (Allocation Rate) 936M(91%)->778M(76%)
[25.805s][info][gc,start    ] GC(47) Garbage Collection (Allocation Rate)
[25.805s][info][gc,task     ] GC(47) Using 10 workers
[25.805s][info][gc,phases   ] GC(47) Pause Mark Start 0.010ms
[25.821s][info][gc,phases   ] GC(47) Concurrent Mark 15.466ms
[25.821s][info][gc,phases   ] GC(47) Pause Mark End 0.015ms
[25.821s][info][gc,phases   ] GC(47) Concurrent Mark Free 0.001ms
[25.822s][info][gc,phases   ] GC(47) Concurrent Process Non-Strong References 0.693ms
[25.822s][info][gc,phases   ] GC(47) Concurrent Reset Relocation Set 0.051ms
[25.837s][info][gc,phases   ] GC(47) Concurrent Select Relocation Set 15.321ms
[25.837s][info][gc,phases   ] GC(47) Pause Relocate Start 0.008ms
[25.841s][info][gc,phases   ] GC(47) Concurrent Relocate 4.053ms
[25.841s][info][gc,load     ] GC(47) Load: 0.00/0.00/0.00
[25.842s][info][gc,mmu      ] GC(47) MMU: 2ms/95.8%, 5ms/98.3%, 10ms/99.2%, 20ms/99.6%, 50ms/99.8%, 100ms/99.9%
[25.842s][info][gc,marking  ] GC(47) Mark: 8 stripe(s), 2 proactive flush(es), 1 terminate flush(es), 0 completion(s), 0 continuation(s) 
[25.842s][info][gc,marking  ] GC(47) Mark Stack Usage: 32M
[25.842s][info][gc,nmethod  ] GC(47) NMethods: 2463 registered, 135 unregistered
[25.842s][info][gc,metaspace] GC(47) Metaspace: 16M used, 16M committed, 1088M reserved
[25.842s][info][gc,ref      ] GC(47) Soft: 171 encountered, 0 discovered, 0 enqueued
[25.842s][info][gc,ref      ] GC(47) Weak: 962 encountered, 64 discovered, 3 enqueued
[25.842s][info][gc,ref      ] GC(47) Final: 0 encountered, 0 discovered, 0 enqueued
[25.842s][info][gc,ref      ] GC(47) Phantom: 35 encountered, 30 discovered, 0 enqueued
[25.842s][info][gc,reloc    ] GC(47) Small Pages: 375 / 750M, Empty: 696M, Relocated: 6M, In-Place: 0
[25.842s][info][gc,reloc    ] GC(47) Medium Pages: 1 / 32M, Empty: 32M, Relocated: 0M, In-Place: 0
[25.842s][info][gc,reloc    ] GC(47) Large Pages: 0 / 0M, Empty: 0M, Relocated: 0M, In-Place: 0
[25.842s][info][gc,reloc    ] GC(47) Forwarding Usage: 2M
[25.842s][info][gc,heap     ] GC(47) Min Capacity: 8M(1%)
[25.842s][info][gc,heap     ] GC(47) Max Capacity: 1024M(100%)
[25.842s][info][gc,heap     ] GC(47) Soft Max Capacity: 1024M(100%)
[25.842s][info][gc,heap     ] GC(47)                Mark Start          Mark End        Relocate Start      Relocate End           High               Low         
[25.842s][info][gc,heap     ] GC(47)  Capacity:     1024M (100%)       1024M (100%)       1024M (100%)       1024M (100%)       1024M (100%)       1024M (100%)   
[25.842s][info][gc,heap     ] GC(47)      Free:      242M (24%)         240M (23%)         968M (95%)         998M (97%)         998M (97%)         240M (23%)    
[25.842s][info][gc,heap     ] GC(47)      Used:      782M (76%)         784M (77%)          56M (5%)           26M (3%)          784M (77%)          26M (3%)     
[25.842s][info][gc,heap     ] GC(47)      Live:         -                 9M (1%)            9M (1%)            9M (1%)             -                  -          
[25.842s][info][gc,heap     ] GC(47) Allocated:         -                 2M (0%)            2M (0%)            1M (0%)             -                  -          
[25.842s][info][gc,heap     ] GC(47)   Garbage:         -               772M (75%)          44M (4%)           14M (1%)             -                  -          
[25.842s][info][gc,heap     ] GC(47) Reclaimed:         -                  -               728M (71%)         757M (74%)            -                  -          
[25.842s][info][gc          ] GC(47) Garbage Collection (Allocation Rate) 782M(76%)->26M(3%)
[25.899s][info][gc,start    ] GC(48) Garbage Collection (Allocation Rate)
[25.899s][info][gc,task     ] GC(48) Using 10 workers
[25.899s][info][gc,phases   ] GC(48) Pause Mark Start 0.008ms
[25.915s][info][gc,phases   ] GC(48) Concurrent Mark 15.451ms
[25.915s][info][gc,phases   ] GC(48) Pause Mark End 0.011ms
[25.915s][info][gc,phases   ] GC(48) Concurrent Mark Free 0.000ms
[25.916s][info][gc,phases   ] GC(48) Concurrent Process Non-Strong References 0.928ms
[25.916s][info][gc,phases   ] GC(48) Concurrent Reset Relocation Set 0.003ms
[25.922s][info][gc,phases   ] GC(48) Concurrent Select Relocation Set 6.330ms
[25.922s][info][gc,phases   ] GC(48) Pause Relocate Start 0.005ms
[25.925s][info][gc,phases   ] GC(48) Concurrent Relocate 2.479ms
[25.925s][info][gc,load     ] GC(48) Load: 0.00/0.00/0.00
[25.925s][info][gc,mmu      ] GC(48) MMU: 2ms/95.8%, 5ms/98.3%, 10ms/99.2%, 20ms/99.6%, 50ms/99.8%, 100ms/99.9%
[25.925s][info][gc,marking  ] GC(48) Mark: 8 stripe(s), 2 proactive flush(es), 1 terminate flush(es), 0 completion(s), 0 continuation(s) 
[25.925s][info][gc,marking  ] GC(48) Mark Stack Usage: 32M
[25.925s][info][gc,nmethod  ] GC(48) NMethods: 2463 registered, 135 unregistered
[25.925s][info][gc,metaspace] GC(48) Metaspace: 16M used, 16M committed, 1088M reserved
[25.925s][info][gc,ref      ] GC(48) Soft: 171 encountered, 0 discovered, 0 enqueued
[25.925s][info][gc,ref      ] GC(48) Weak: 959 encountered, 75 discovered, 0 enqueued
[25.925s][info][gc,ref      ] GC(48) Final: 0 encountered, 0 discovered, 0 enqueued
[25.925s][info][gc,ref      ] GC(48) Phantom: 35 encountered, 26 discovered, 0 enqueued
[25.925s][info][gc,reloc    ] GC(48) Small Pages: 15 / 30M, Empty: 0M, Relocated: 6M, In-Place: 0
[25.925s][info][gc,reloc    ] GC(48) Medium Pages: 0 / 0M, Empty: 0M, Relocated: 0M, In-Place: 0
[25.925s][info][gc,reloc    ] GC(48) Large Pages: 0 / 0M, Empty: 0M, Relocated: 0M, In-Place: 0
[25.925s][info][gc,reloc    ] GC(48) Forwarding Usage: 2M
[25.925s][info][gc,heap     ] GC(48) Min Capacity: 8M(1%)
[25.925s][info][gc,heap     ] GC(48) Max Capacity: 1024M(100%)
[25.925s][info][gc,heap     ] GC(48) Soft Max Capacity: 1024M(100%)
[25.925s][info][gc,heap     ] GC(48)                Mark Start          Mark End        Relocate Start      Relocate End           High               Low         
[25.926s][info][gc,heap     ] GC(48)  Capacity:     1024M (100%)       1024M (100%)       1024M (100%)       1024M (100%)       1024M (100%)       1024M (100%)   
[25.926s][info][gc,heap     ] GC(48)      Free:      994M (97%)         992M (97%)         992M (97%)         998M (97%)         998M (97%)         974M (95%)    
[25.926s][info][gc,heap     ] GC(48)      Used:       30M (3%)           32M (3%)           32M (3%)           26M (3%)           50M (5%)           26M (3%)     
[25.926s][info][gc,heap     ] GC(48)      Live:         -                 9M (1%)            9M (1%)            9M (1%)             -                  -          
[25.926s][info][gc,heap     ] GC(48) Allocated:         -                 2M (0%)            2M (0%)            1M (0%)             -                  -          
[25.926s][info][gc,heap     ] GC(48)   Garbage:         -                20M (2%)           20M (2%)           14M (1%)             -                  -          
[25.926s][info][gc,heap     ] GC(48) Reclaimed:         -                  -                 0M (0%)            5M (1%)             -                  -          
[25.926s][info][gc          ] GC(48) Garbage Collection (Allocation Rate) 30M(3%)->26M(3%)
[26.003s][info][gc,start    ] GC(49) Garbage Collection (Allocation Rate)
[26.003s][info][gc,task     ] GC(49) Using 10 workers
[26.003s][info][gc,phases   ] GC(49) Pause Mark Start 0.013ms
[26.025s][info][gc,phases   ] GC(49) Concurrent Mark 22.328ms
[26.026s][info][gc,phases   ] GC(49) Pause Mark End 0.019ms
[26.026s][info][gc,phases   ] GC(49) Concurrent Mark Free 0.001ms
[26.027s][info][gc,phases   ] GC(49) Concurrent Process Non-Strong References 1.094ms
[26.027s][info][gc,phases   ] GC(49) Concurrent Reset Relocation Set 0.002ms
[26.030s][info][gc,phases   ] GC(49) Concurrent Select Relocation Set 3.535ms
[26.030s][info][gc,phases   ] GC(49) Pause Relocate Start 0.006ms
[26.034s][info][gc,phases   ] GC(49) Concurrent Relocate 3.151ms
[26.034s][info][gc,load     ] GC(49) Load: 0.00/0.00/0.00
[26.034s][info][gc,mmu      ] GC(49) MMU: 2ms/95.8%, 5ms/98.3%, 10ms/99.2%, 20ms/99.6%, 50ms/99.8%, 100ms/99.9%
[26.034s][info][gc,marking  ] GC(49) Mark: 8 stripe(s), 2 proactive flush(es), 1 terminate flush(es), 0 completion(s), 0 continuation(s) 
[26.034s][info][gc,marking  ] GC(49) Mark Stack Usage: 32M
[26.034s][info][gc,nmethod  ] GC(49) NMethods: 2463 registered, 135 unregistered
[26.034s][info][gc,metaspace] GC(49) Metaspace: 16M used, 16M committed, 1088M reserved
[26.034s][info][gc,ref      ] GC(49) Soft: 171 encountered, 0 discovered, 0 enqueued
[26.034s][info][gc,ref      ] GC(49) Weak: 959 encountered, 51 discovered, 0 enqueued
[26.034s][info][gc,ref      ] GC(49) Final: 0 encountered, 0 discovered, 0 enqueued
[26.034s][info][gc,ref      ] GC(49) Phantom: 35 encountered, 31 discovered, 0 enqueued
[26.034s][info][gc,reloc    ] GC(49) Small Pages: 15 / 30M, Empty: 0M, Relocated: 6M, In-Place: 0
[26.034s][info][gc,reloc    ] GC(49) Medium Pages: 0 / 0M, Empty: 0M, Relocated: 0M, In-Place: 0
[26.034s][info][gc,reloc    ] GC(49) Large Pages: 0 / 0M, Empty: 0M, Relocated: 0M, In-Place: 0
[26.034s][info][gc,reloc    ] GC(49) Forwarding Usage: 2M
[26.034s][info][gc,heap     ] GC(49) Min Capacity: 8M(1%)
[26.034s][info][gc,heap     ] GC(49) Max Capacity: 1024M(100%)
[26.034s][info][gc,heap     ] GC(49) Soft Max Capacity: 1024M(100%)
[26.034s][info][gc,heap     ] GC(49)                Mark Start          Mark End        Relocate Start      Relocate End           High               Low         
[26.034s][info][gc,heap     ] GC(49)  Capacity:     1024M (100%)       1024M (100%)       1024M (100%)       1024M (100%)       1024M (100%)       1024M (100%)   
[26.034s][info][gc,heap     ] GC(49)      Free:      994M (97%)         992M (97%)         992M (97%)         998M (97%)         998M (97%)         974M (95%)    
[26.034s][info][gc,heap     ] GC(49)      Used:       30M (3%)           32M (3%)           32M (3%)           26M (3%)           50M (5%)           26M (3%)     
[26.034s][info][gc,heap     ] GC(49)      Live:         -                 9M (1%)            9M (1%)            9M (1%)             -                  -          
[26.034s][info][gc,heap     ] GC(49) Allocated:         -                 2M (0%)            2M (0%)            1M (0%)             -                  -          
[26.034s][info][gc,heap     ] GC(49)   Garbage:         -                20M (2%)           20M (2%)           14M (1%)             -                  -          
[26.034s][info][gc,heap     ] GC(49) Reclaimed:         -                  -                 0M (0%)            5M (1%)             -                  -          
[26.035s][info][gc          ] GC(49) Garbage Collection (Allocation Rate) 30M(3%)->26M(3%)
[30.096s][info][gc,stats    ] === Garbage Collection Statistics =======================================================================================================================
[30.096s][info][gc,stats    ]                                                              Last 10s              Last 10m              Last 10h                Total
[30.096s][info][gc,stats    ]                                                              Avg / Max             Avg / Max             Avg / Max             Avg / Max
[30.096s][info][gc,stats    ]   Collector: Garbage Collection Cycle                    100.568 / 299.601     128.156 / 299.601     128.156 / 299.601     128.156 / 299.601     ms
[30.096s][info][gc,stats    ]  Contention: Mark Segment Reset Contention                     5 / 28                5 / 32                5 / 32                5 / 32          ops/s
[30.096s][info][gc,stats    ]  Contention: Mark SeqNum Reset Contention                      1 / 6                 0 / 6                 0 / 6                 0 / 6           ops/s
[30.096s][info][gc,stats    ]    Critical: Allocation Stall                                 33 / 236              12 / 236              12 / 236              12 / 236         ops/s
[30.096s][info][gc,stats    ]    Critical: Allocation Stall                             11.796 / 31.418       12.304 / 31.418       12.304 / 31.418       12.304 / 31.418      ms
[30.096s][info][gc,stats    ]    Critical: GC Locker Stall                                   0 / 0                 0 / 0                 0 / 0                 0 / 0           ops/s
[30.096s][info][gc,stats    ]    Critical: GC Locker Stall                               0.000 / 0.000         0.000 / 0.000         0.000 / 0.000         0.000 / 0.000       ms
[30.096s][info][gc,stats    ]    Critical: Relocation Stall                                  0 / 0                 0 / 0                 0 / 0                 0 / 0           ops/s
[30.096s][info][gc,stats    ]    Critical: Relocation Stall                              0.000 / 0.000         0.000 / 0.000         0.000 / 0.000         0.000 / 0.000       ms
[30.096s][info][gc,stats    ]      Memory: Allocation Rate                                 752 / 5188            567 / 5188            567 / 5188            567 / 5188        MB/s
[30.096s][info][gc,stats    ]      Memory: Defragment                                        2 / 27                2 / 29                2 / 29                2 / 29          ops/s
[30.096s][info][gc,stats    ]      Memory: Out Of Memory                                     0 / 0                 0 / 0                 0 / 0                 0 / 0           ops/s
[30.096s][info][gc,stats    ]      Memory: Page Cache Flush                                 11 / 54               10 / 122              10 / 122              10 / 122         MB/s
[30.096s][info][gc,stats    ]      Memory: Page Cache Hit L1                               406 / 2610            298 / 2610            298 / 2610            298 / 2610        ops/s
[30.096s][info][gc,stats    ]      Memory: Page Cache Hit L2                                 0 / 0                 0 / 0                 0 / 0                 0 / 0           ops/s
[30.096s][info][gc,stats    ]      Memory: Page Cache Hit L3                                 2 / 24               19 / 407              19 / 407              19 / 407         ops/s
[30.097s][info][gc,stats    ]      Memory: Page Cache Miss                                   0 / 1                 0 / 2                 0 / 2                 0 / 2           ops/s
[30.097s][info][gc,stats    ]      Memory: Uncommit                                          0 / 0                 0 / 0                 0 / 0                 0 / 0           MB/s
[30.097s][info][gc,stats    ]      Memory: Undo Object Allocation Failed                    93 / 647              48 / 647              48 / 647              48 / 647         ops/s
[30.097s][info][gc,stats    ]      Memory: Undo Object Allocation Succeeded                 14 / 65                7 / 70                7 / 70                7 / 70          ops/s
[30.097s][info][gc,stats    ]      Memory: Undo Page Allocation                             94 / 767              52 / 767              52 / 767              52 / 767         ops/s
[30.097s][info][gc,stats    ]       Phase: Concurrent Mark                              63.555 / 187.218      91.846 / 223.788      91.846 / 223.788      91.846 / 223.788     ms
[30.097s][info][gc,stats    ]       Phase: Concurrent Mark Continue                      0.000 / 0.000         0.000 / 0.000         0.000 / 0.000         0.000 / 0.000       ms
[30.097s][info][gc,stats    ]       Phase: Concurrent Mark Free                          0.001 / 0.002         0.001 / 0.004         0.001 / 0.004         0.001 / 0.004       ms
[30.097s][info][gc,stats    ]       Phase: Concurrent Process Non-Strong References      0.798 / 1.252         2.593 / 15.033        2.593 / 15.033        2.593 / 15.033      ms
[30.097s][info][gc,stats    ]       Phase: Concurrent Relocate                          10.256 / 59.080       11.282 / 59.080       11.282 / 59.080       11.282 / 59.080      ms
[30.097s][info][gc,stats    ]       Phase: Concurrent Reset Relocation Set               0.014 / 0.051         0.015 / 0.066         0.015 / 0.066         0.015 / 0.066       ms
[30.097s][info][gc,stats    ]       Phase: Concurrent Select Relocation Set             11.839 / 51.815       12.564 / 57.631       12.564 / 57.631       12.564 / 57.631      ms
[30.097s][info][gc,stats    ]       Phase: Pause Mark End                                0.017 / 0.023         0.018 / 0.024         0.018 / 0.024         0.018 / 0.024       ms
[30.097s][info][gc,stats    ]       Phase: Pause Mark Start                              0.026 / 0.066         0.019 / 0.084         0.019 / 0.084         0.019 / 0.084       ms
[30.097s][info][gc,stats    ]       Phase: Pause Relocate Start                          0.009 / 0.012         0.009 / 0.025         0.009 / 0.025         0.009 / 0.025       ms
[30.097s][info][gc,stats    ]    Subphase: Concurrent Classes Purge                      0.017 / 0.119         0.098 / 1.151         0.098 / 1.151         0.098 / 1.151       ms
[30.097s][info][gc,stats    ]    Subphase: Concurrent Classes Unlink                     0.561 / 0.833         1.002 / 6.293         1.002 / 6.293         1.002 / 6.293       ms
[30.097s][info][gc,stats    ]    Subphase: Concurrent Mark                              61.704 / 186.189      89.173 / 222.466      89.173 / 222.466      89.173 / 222.466     ms
[30.097s][info][gc,stats    ]    Subphase: Concurrent Mark Try Flush                     2.395 / 31.490        2.008 / 31.490        2.008 / 31.490        2.008 / 31.490      ms
[30.097s][info][gc,stats    ]    Subphase: Concurrent Mark Try Terminate                 9.548 / 16.234        9.987 / 16.338        9.987 / 16.338        9.987 / 16.338      ms
[30.097s][info][gc,stats    ]    Subphase: Concurrent References Enqueue                 0.001 / 0.003         0.001 / 0.005         0.001 / 0.005         0.001 / 0.005       ms
[30.097s][info][gc,stats    ]    Subphase: Concurrent References Process                 0.032 / 0.077         0.043 / 0.210         0.043 / 0.210         0.043 / 0.210       ms
[30.097s][info][gc,stats    ]    Subphase: Concurrent Roots ClassLoaderDataGraph         0.052 / 0.717         0.059 / 1.028         0.059 / 1.028         0.059 / 1.028       ms
[30.097s][info][gc,stats    ]    Subphase: Concurrent Roots CodeCache                    0.000 / 0.000         0.000 / 0.000         0.000 / 0.000         0.000 / 0.000       ms
[30.097s][info][gc,stats    ]    Subphase: Concurrent Roots JavaThreads                  0.605 / 1.203         0.919 / 6.849         0.919 / 6.849         0.919 / 6.849       ms
[30.097s][info][gc,stats    ]    Subphase: Concurrent Roots OopStorageSet                0.015 / 0.058         0.026 / 0.682         0.026 / 0.682         0.026 / 0.682       ms
[30.097s][info][gc,stats    ]    Subphase: Concurrent Weak Roots OopStorageSet           0.097 / 0.215         0.099 / 0.239         0.099 / 0.239         0.099 / 0.239       ms
[30.098s][info][gc,stats    ]    Subphase: Pause Mark Try Complete                       0.000 / 0.000         0.000 / 0.000         0.000 / 0.000         0.000 / 0.000       ms
[30.098s][info][gc,stats    ]      System: Java Threads                                     62 / 64               64 / 74               64 / 74               64 / 74          threads
[30.098s][info][gc,stats    ] =========================================================================================================================================================
[33.896s][info][gc,start    ] GC(50) Garbage Collection (Allocation Rate)
[33.896s][info][gc,task     ] GC(50) Using 10 workers
[33.896s][info][gc,phases   ] GC(50) Pause Mark Start 0.017ms
[33.974s][info][gc,phases   ] GC(50) Concurrent Mark 77.692ms
[33.974s][info][gc,phases   ] GC(50) Pause Mark End 0.017ms
[33.974s][info][gc,phases   ] GC(50) Concurrent Mark Free 0.001ms
[33.981s][info][gc,phases   ] GC(50) Concurrent Process Non-Strong References 6.553ms
[33.981s][info][gc,phases   ] GC(50) Concurrent Reset Relocation Set 0.003ms
[34.016s][info][gc,phases   ] GC(50) Concurrent Select Relocation Set 35.140ms
[34.090s][info][gc,phases   ] GC(50) Pause Relocate Start 0.013ms
[34.148s][info][gc,phases   ] GC(50) Concurrent Relocate 57.127ms
[34.148s][info][gc,load     ] GC(50) Load: 0.00/0.00/0.00
[34.148s][info][gc,mmu      ] GC(50) MMU: 2ms/95.8%, 5ms/98.3%, 10ms/99.2%, 20ms/99.6%, 50ms/99.8%, 100ms/99.9%
[34.148s][info][gc,marking  ] GC(50) Mark: 8 stripe(s), 2 proactive flush(es), 1 terminate flush(es), 0 completion(s), 0 continuation(s) 
[34.148s][info][gc,marking  ] GC(50) Mark Stack Usage: 32M
[34.148s][info][gc,nmethod  ] GC(50) NMethods: 1236 registered, 1375 unregistered
[34.148s][info][gc,metaspace] GC(50) Metaspace: 16M used, 16M committed, 1088M reserved
[34.148s][info][gc,ref      ] GC(50) Soft: 171 encountered, 0 discovered, 0 enqueued
[34.148s][info][gc,ref      ] GC(50) Weak: 960 encountered, 93 discovered, 4 enqueued
[34.148s][info][gc,ref      ] GC(50) Final: 0 encountered, 0 discovered, 0 enqueued
[34.148s][info][gc,ref      ] GC(50) Phantom: 35 encountered, 30 discovered, 0 enqueued
[34.148s][info][gc,reloc    ] GC(50) Small Pages: 254 / 508M, Empty: 8M, Relocated: 180M, In-Place: 0
[34.148s][info][gc,reloc    ] GC(50) Medium Pages: 0 / 0M, Empty: 0M, Relocated: 0M, In-Place: 0
[34.148s][info][gc,reloc    ] GC(50) Large Pages: 0 / 0M, Empty: 0M, Relocated: 0M, In-Place: 0
[34.148s][info][gc,reloc    ] GC(50) Forwarding Usage: 116M
[34.148s][info][gc,heap     ] GC(50) Min Capacity: 8M(1%)
[34.148s][info][gc,heap     ] GC(50) Max Capacity: 1024M(100%)
[34.148s][info][gc,heap     ] GC(50) Soft Max Capacity: 1024M(100%)
[34.148s][info][gc,heap     ] GC(50)                Mark Start          Mark End        Relocate Start      Relocate End           High               Low         
[34.148s][info][gc,heap     ] GC(50)  Capacity:     1024M (100%)       1024M (100%)       1024M (100%)       1024M (100%)       1024M (100%)       1024M (100%)   
[34.148s][info][gc,heap     ] GC(50)      Free:      516M (50%)         430M (42%)         282M (28%)         546M (53%)         546M (53%)         266M (26%)    
[34.148s][info][gc,heap     ] GC(50)      Used:      508M (50%)         594M (58%)         742M (72%)         478M (47%)         758M (74%)         478M (47%)    
[34.148s][info][gc,heap     ] GC(50)      Live:         -               184M (18%)         184M (18%)         184M (18%)            -                  -          
[34.148s][info][gc,heap     ] GC(50) Allocated:         -                86M (8%)          242M (24%)         282M (28%)            -                  -          
[34.148s][info][gc,heap     ] GC(50)   Garbage:         -               323M (32%)         315M (31%)          11M (1%)             -                  -          
[34.148s][info][gc,heap     ] GC(50) Reclaimed:         -                  -                 8M (1%)          312M (30%)            -                  -          
[34.148s][info][gc          ] GC(50) Garbage Collection (Allocation Rate) 508M(50%)->478M(47%)
[34.208s][info][gc,start    ] GC(51) Garbage Collection (Allocation Rate)
[34.208s][info][gc,task     ] GC(51) Using 10 workers
[34.209s][info][gc,phases   ] GC(51) Pause Mark Start 0.017ms
[34.356s][info][gc,phases   ] GC(51) Concurrent Mark 147.731ms
[34.357s][info][gc,phases   ] GC(51) Pause Mark End 0.020ms
[34.357s][info][gc,phases   ] GC(51) Concurrent Mark Free 0.001ms
[34.357s][info][gc,phases   ] GC(51) Concurrent Process Non-Strong References 0.538ms
[34.357s][info][gc,phases   ] GC(51) Concurrent Reset Relocation Set 0.042ms
[34.375s][info][gc,phases   ] GC(51) Concurrent Select Relocation Set 18.010ms
[34.376s][info][gc,phases   ] GC(51) Pause Relocate Start 0.010ms
[34.415s][info][gc,phases   ] GC(51) Concurrent Relocate 38.930ms
[34.415s][info][gc,load     ] GC(51) Load: 0.00/0.00/0.00
[34.415s][info][gc,mmu      ] GC(51) MMU: 2ms/95.8%, 5ms/98.3%, 10ms/99.2%, 20ms/99.6%, 50ms/99.8%, 100ms/99.9%
[34.415s][info][gc,marking  ] GC(51) Mark: 8 stripe(s), 2 proactive flush(es), 1 terminate flush(es), 0 completion(s), 0 continuation(s) 
[34.415s][info][gc,marking  ] GC(51) Mark Stack Usage: 32M
[34.415s][info][gc,nmethod  ] GC(51) NMethods: 1236 registered, 1375 unregistered
[34.415s][info][gc,metaspace] GC(51) Metaspace: 16M used, 16M committed, 1088M reserved
[34.415s][info][gc,ref      ] GC(51) Soft: 171 encountered, 0 discovered, 0 enqueued
[34.415s][info][gc,ref      ] GC(51) Weak: 956 encountered, 43 discovered, 0 enqueued
[34.415s][info][gc,ref      ] GC(51) Final: 0 encountered, 0 discovered, 0 enqueued
[34.415s][info][gc,ref      ] GC(51) Phantom: 35 encountered, 31 discovered, 0 enqueued
[34.415s][info][gc,reloc    ] GC(51) Small Pages: 273 / 546M, Empty: 0M, Relocated: 136M, In-Place: 0
[34.415s][info][gc,reloc    ] GC(51) Medium Pages: 0 / 0M, Empty: 0M, Relocated: 0M, In-Place: 0
[34.415s][info][gc,reloc    ] GC(51) Large Pages: 0 / 0M, Empty: 0M, Relocated: 0M, In-Place: 0
[34.415s][info][gc,reloc    ] GC(51) Forwarding Usage: 90M
[34.415s][info][gc,heap     ] GC(51) Min Capacity: 8M(1%)
[34.415s][info][gc,heap     ] GC(51) Max Capacity: 1024M(100%)
[34.415s][info][gc,heap     ] GC(51) Soft Max Capacity: 1024M(100%)
[34.415s][info][gc,heap     ] GC(51)                Mark Start          Mark End        Relocate Start      Relocate End           High               Low         
[34.415s][info][gc,heap     ] GC(51)  Capacity:     1024M (100%)       1024M (100%)       1024M (100%)       1024M (100%)       1024M (100%)       1024M (100%)   
[34.415s][info][gc,heap     ] GC(51)      Free:      478M (47%)         330M (32%)         306M (30%)         502M (49%)         502M (49%)         286M (28%)    
[34.415s][info][gc,heap     ] GC(51)      Used:      546M (53%)         694M (68%)         718M (70%)         522M (51%)         738M (72%)         522M (51%)    
[34.415s][info][gc,heap     ] GC(51)      Live:         -               309M (30%)         309M (30%)         309M (30%)            -                  -          
[34.415s][info][gc,heap     ] GC(51) Allocated:         -               148M (14%)         172M (17%)         196M (19%)            -                  -          
[34.415s][info][gc,heap     ] GC(51)   Garbage:         -               236M (23%)         236M (23%)          15M (2%)             -                  -          
[34.415s][info][gc,heap     ] GC(51) Reclaimed:         -                  -                 0M (0%)          220M (22%)            -                  -          
[34.415s][info][gc          ] GC(51) Garbage Collection (Allocation Rate) 546M(53%)->522M(51%)
[34.497s][info][gc,start    ] GC(52) Garbage Collection (Allocation Rate)
[34.497s][info][gc,task     ] GC(52) Using 10 workers
[34.497s][info][gc,phases   ] GC(52) Pause Mark Start 0.016ms
[34.669s][info][gc,phases   ] GC(52) Concurrent Mark 171.478ms
[34.669s][info][gc,phases   ] GC(52) Pause Mark End 0.017ms
[34.669s][info][gc,phases   ] GC(52) Concurrent Mark Free 0.002ms
[34.670s][info][gc,phases   ] GC(52) Concurrent Process Non-Strong References 0.520ms
[34.670s][info][gc,phases   ] GC(52) Concurrent Reset Relocation Set 0.030ms
[34.686s][info][gc,phases   ] GC(52) Concurrent Select Relocation Set 15.722ms
[34.686s][info][gc,phases   ] GC(52) Pause Relocate Start 0.009ms
[34.719s][info][gc,phases   ] GC(52) Concurrent Relocate 33.245ms
[34.719s][info][gc,load     ] GC(52) Load: 0.00/0.00/0.00
[34.719s][info][gc,mmu      ] GC(52) MMU: 2ms/95.8%, 5ms/98.3%, 10ms/99.2%, 20ms/99.6%, 50ms/99.8%, 100ms/99.9%
[34.719s][info][gc,marking  ] GC(52) Mark: 8 stripe(s), 2 proactive flush(es), 1 terminate flush(es), 0 completion(s), 0 continuation(s) 
[34.719s][info][gc,marking  ] GC(52) Mark Stack Usage: 32M
[34.719s][info][gc,nmethod  ] GC(52) NMethods: 1236 registered, 1375 unregistered
[34.719s][info][gc,metaspace] GC(52) Metaspace: 16M used, 16M committed, 1088M reserved
[34.719s][info][gc,ref      ] GC(52) Soft: 171 encountered, 0 discovered, 0 enqueued
[34.719s][info][gc,ref      ] GC(52) Weak: 956 encountered, 193 discovered, 0 enqueued
[34.719s][info][gc,ref      ] GC(52) Final: 0 encountered, 0 discovered, 0 enqueued
[34.719s][info][gc,ref      ] GC(52) Phantom: 35 encountered, 24 discovered, 0 enqueued
[34.719s][info][gc,reloc    ] GC(52) Small Pages: 307 / 614M, Empty: 0M, Relocated: 111M, In-Place: 0
[34.719s][info][gc,reloc    ] GC(52) Medium Pages: 0 / 0M, Empty: 0M, Relocated: 0M, In-Place: 0
[34.719s][info][gc,reloc    ] GC(52) Large Pages: 0 / 0M, Empty: 0M, Relocated: 0M, In-Place: 0
[34.719s][info][gc,reloc    ] GC(52) Forwarding Usage: 71M
[34.719s][info][gc,heap     ] GC(52) Min Capacity: 8M(1%)
[34.719s][info][gc,heap     ] GC(52) Max Capacity: 1024M(100%)
[34.720s][info][gc,heap     ] GC(52) Soft Max Capacity: 1024M(100%)
[34.720s][info][gc,heap     ] GC(52)                Mark Start          Mark End        Relocate Start      Relocate End           High               Low         
[34.720s][info][gc,heap     ] GC(52)  Capacity:     1024M (100%)       1024M (100%)       1024M (100%)       1024M (100%)       1024M (100%)       1024M (100%)   
[34.720s][info][gc,heap     ] GC(52)      Free:      410M (40%)         236M (23%)         216M (21%)         376M (37%)         410M (40%)         196M (19%)    
[34.720s][info][gc,heap     ] GC(52)      Used:      614M (60%)         788M (77%)         808M (79%)         648M (63%)         828M (81%)         614M (60%)    
[34.720s][info][gc,heap     ] GC(52)      Live:         -               411M (40%)         411M (40%)         411M (40%)            -                  -          
[34.720s][info][gc,heap     ] GC(52) Allocated:         -               174M (17%)         194M (19%)         217M (21%)            -                  -          
[34.720s][info][gc,heap     ] GC(52)   Garbage:         -               202M (20%)         202M (20%)          18M (2%)             -                  -          
[34.720s][info][gc,heap     ] GC(52) Reclaimed:         -                  -                 0M (0%)          183M (18%)            -                  -          
[34.720s][info][gc          ] GC(52) Garbage Collection (Allocation Rate) 614M(60%)->648M(63%)
[34.810s][info][gc,start    ] GC(53) Garbage Collection (Allocation Rate)
[34.810s][info][gc,task     ] GC(53) Using 10 workers
[34.810s][info][gc,phases   ] GC(53) Pause Mark Start 0.016ms
[35.004s][info][gc,phases   ] GC(53) Concurrent Mark 194.611ms
[35.005s][info][gc,phases   ] GC(53) Pause Mark End 0.011ms
[35.005s][info][gc,phases   ] GC(53) Concurrent Mark Free 0.001ms
[35.005s][info][gc,phases   ] GC(53) Concurrent Process Non-Strong References 0.481ms
[35.005s][info][gc,phases   ] GC(53) Concurrent Reset Relocation Set 0.014ms
[35.010s][info][gc,phases   ] GC(53) Concurrent Select Relocation Set 4.726ms
[35.010s][info][gc,phases   ] GC(53) Pause Relocate Start 0.007ms
[35.040s][info][gc,phases   ] GC(53) Concurrent Relocate 30.189ms
[35.040s][info][gc,load     ] GC(53) Load: 0.00/0.00/0.00
[35.040s][info][gc,mmu      ] GC(53) MMU: 2ms/95.8%, 5ms/98.3%, 10ms/99.2%, 20ms/99.6%, 50ms/99.8%, 100ms/99.9%
[35.040s][info][gc,marking  ] GC(53) Mark: 8 stripe(s), 2 proactive flush(es), 1 terminate flush(es), 0 completion(s), 0 continuation(s) 
[35.040s][info][gc,marking  ] GC(53) Mark Stack Usage: 32M
[35.041s][info][gc,nmethod  ] GC(53) NMethods: 1246 registered, 1375 unregistered
[35.041s][info][gc,metaspace] GC(53) Metaspace: 16M used, 16M committed, 1088M reserved
[35.041s][info][gc,ref      ] GC(53) Soft: 171 encountered, 0 discovered, 0 enqueued
[35.041s][info][gc,ref      ] GC(53) Weak: 956 encountered, 32 discovered, 0 enqueued
[35.041s][info][gc,ref      ] GC(53) Final: 0 encountered, 0 discovered, 0 enqueued
[35.041s][info][gc,ref      ] GC(53) Phantom: 35 encountered, 18 discovered, 0 enqueued
[35.041s][info][gc,reloc    ] GC(53) Small Pages: 373 / 746M, Empty: 0M, Relocated: 122M, In-Place: 0
[35.041s][info][gc,reloc    ] GC(53) Medium Pages: 0 / 0M, Empty: 0M, Relocated: 0M, In-Place: 0
[35.041s][info][gc,reloc    ] GC(53) Large Pages: 0 / 0M, Empty: 0M, Relocated: 0M, In-Place: 0
[35.041s][info][gc,reloc    ] GC(53) Forwarding Usage: 69M
[35.041s][info][gc,heap     ] GC(53) Min Capacity: 8M(1%)
[35.041s][info][gc,heap     ] GC(53) Max Capacity: 1024M(100%)
[35.041s][info][gc,heap     ] GC(53) Soft Max Capacity: 1024M(100%)
[35.041s][info][gc,heap     ] GC(53)                Mark Start          Mark End        Relocate Start      Relocate End           High               Low         
[35.041s][info][gc,heap     ] GC(53)  Capacity:     1024M (100%)       1024M (100%)       1024M (100%)       1024M (100%)       1024M (100%)       1024M (100%)   
[35.041s][info][gc,heap     ] GC(53)      Free:      278M (27%)         174M (17%)         172M (17%)         350M (34%)         350M (34%)         152M (15%)    
[35.041s][info][gc,heap     ] GC(53)      Used:      746M (73%)         850M (83%)         852M (83%)         674M (66%)         872M (85%)         674M (66%)    
[35.041s][info][gc,heap     ] GC(53)      Live:         -               522M (51%)         522M (51%)         522M (51%)            -                  -          
[35.041s][info][gc,heap     ] GC(53) Allocated:         -               104M (10%)         106M (10%)         125M (12%)            -                  -          
[35.041s][info][gc,heap     ] GC(53)   Garbage:         -               223M (22%)         223M (22%)          25M (2%)             -                  -          
[35.041s][info][gc,heap     ] GC(53) Reclaimed:         -                  -                 0M (0%)          197M (19%)            -                  -          
[35.041s][info][gc          ] GC(53) Garbage Collection (Allocation Rate) 746M(73%)->674M(66%)
[35.098s][info][gc,start    ] GC(54) Garbage Collection (Allocation Rate)
[35.098s][info][gc,task     ] GC(54) Using 10 workers
[35.098s][info][gc,phases   ] GC(54) Pause Mark Start 0.015ms
[35.286s][info][gc,phases   ] GC(54) Concurrent Mark 187.122ms
[35.286s][info][gc,phases   ] GC(54) Pause Mark End 0.016ms
[35.286s][info][gc,phases   ] GC(54) Concurrent Mark Free 0.002ms
[35.286s][info][gc,phases   ] GC(54) Concurrent Process Non-Strong References 0.539ms
[35.286s][info][gc,phases   ] GC(54) Concurrent Reset Relocation Set 0.028ms
[35.298s][info][gc,phases   ] GC(54) Concurrent Select Relocation Set 11.895ms
[35.299s][info][gc,phases   ] GC(54) Pause Relocate Start 0.005ms
[35.313s][info][gc,phases   ] GC(54) Concurrent Relocate 14.602ms
[35.313s][info][gc,load     ] GC(54) Load: 0.00/0.00/0.00
[35.313s][info][gc,mmu      ] GC(54) MMU: 2ms/95.8%, 5ms/98.3%, 10ms/99.2%, 20ms/99.6%, 50ms/99.8%, 100ms/99.9%
[35.313s][info][gc,marking  ] GC(54) Mark: 8 stripe(s), 2 proactive flush(es), 1 terminate flush(es), 0 completion(s), 0 continuation(s) 
[35.313s][info][gc,marking  ] GC(54) Mark Stack Usage: 32M
[35.313s][info][gc,nmethod  ] GC(54) NMethods: 1261 registered, 1377 unregistered
[35.313s][info][gc,metaspace] GC(54) Metaspace: 16M used, 16M committed, 1088M reserved
[35.313s][info][gc,ref      ] GC(54) Soft: 171 encountered, 0 discovered, 0 enqueued
[35.313s][info][gc,ref      ] GC(54) Weak: 956 encountered, 49 discovered, 0 enqueued
[35.314s][info][gc,ref      ] GC(54) Final: 0 encountered, 0 discovered, 0 enqueued
[35.314s][info][gc,ref      ] GC(54) Phantom: 35 encountered, 27 discovered, 0 enqueued
[35.314s][info][gc,reloc    ] GC(54) Small Pages: 353 / 706M, Empty: 0M, Relocated: 41M, In-Place: 0
[35.314s][info][gc,reloc    ] GC(54) Medium Pages: 0 / 0M, Empty: 0M, Relocated: 0M, In-Place: 0
[35.314s][info][gc,reloc    ] GC(54) Large Pages: 1 / 6M, Empty: 0M, Relocated: 0M, In-Place: 0
[35.314s][info][gc,reloc    ] GC(54) Forwarding Usage: 25M
[35.314s][info][gc,heap     ] GC(54) Min Capacity: 8M(1%)
[35.314s][info][gc,heap     ] GC(54) Max Capacity: 1024M(100%)
[35.314s][info][gc,heap     ] GC(54) Soft Max Capacity: 1024M(100%)
[35.314s][info][gc,heap     ] GC(54)                Mark Start          Mark End        Relocate Start      Relocate End           High               Low         
[35.314s][info][gc,heap     ] GC(54)  Capacity:     1024M (100%)       1024M (100%)       1024M (100%)       1024M (100%)       1024M (100%)       1024M (100%)   
[35.314s][info][gc,heap     ] GC(54)      Free:      312M (30%)         282M (28%)         280M (27%)         336M (33%)         336M (33%)         260M (25%)    
[35.314s][info][gc,heap     ] GC(54)      Used:      712M (70%)         742M (72%)         744M (73%)         688M (67%)         764M (75%)         688M (67%)    
[35.314s][info][gc,heap     ] GC(54)      Live:         -               601M (59%)         601M (59%)         601M (59%)            -                  -          
[35.314s][info][gc,heap     ] GC(54) Allocated:         -                30M (3%)           32M (3%)           34M (3%)             -                  -          
[35.314s][info][gc,heap     ] GC(54)   Garbage:         -               110M (11%)         110M (11%)          52M (5%)             -                  -          
[35.314s][info][gc,heap     ] GC(54) Reclaimed:         -                  -                 0M (0%)           58M (6%)             -                  -          
[35.314s][info][gc          ] GC(54) Garbage Collection (Allocation Rate) 712M(70%)->688M(67%)
[35.411s][info][gc,start    ] GC(55) Garbage Collection (Allocation Rate)
[35.411s][info][gc,task     ] GC(55) Using 10 workers
[35.411s][info][gc,phases   ] GC(55) Pause Mark Start 0.014ms
[35.606s][info][gc,phases   ] GC(55) Concurrent Mark 194.500ms
[35.606s][info][gc,phases   ] GC(55) Pause Mark End 0.017ms
[35.606s][info][gc,phases   ] GC(55) Concurrent Mark Free 0.001ms
[35.607s][info][gc,phases   ] GC(55) Concurrent Process Non-Strong References 0.858ms
[35.607s][info][gc,phases   ] GC(55) Concurrent Reset Relocation Set 0.007ms
[35.613s][info][gc,phases   ] GC(55) Concurrent Select Relocation Set 6.632ms
[35.613s][info][gc,phases   ] GC(55) Pause Relocate Start 0.005ms
[35.616s][info][gc,phases   ] GC(55) Concurrent Relocate 2.437ms
[35.616s][info][gc,load     ] GC(55) Load: 0.00/0.00/0.00
[35.616s][info][gc,mmu      ] GC(55) MMU: 2ms/95.8%, 5ms/98.3%, 10ms/99.2%, 20ms/99.6%, 50ms/99.8%, 100ms/99.9%
[35.616s][info][gc,marking  ] GC(55) Mark: 8 stripe(s), 3 proactive flush(es), 1 terminate flush(es), 0 completion(s), 0 continuation(s) 
[35.616s][info][gc,marking  ] GC(55) Mark Stack Usage: 32M
[35.616s][info][gc,nmethod  ] GC(55) NMethods: 1157 registered, 1492 unregistered
[35.616s][info][gc,metaspace] GC(55) Metaspace: 16M used, 16M committed, 1088M reserved
[35.616s][info][gc,ref      ] GC(55) Soft: 171 encountered, 0 discovered, 0 enqueued
[35.616s][info][gc,ref      ] GC(55) Weak: 959 encountered, 93 discovered, 1 enqueued
[35.616s][info][gc,ref      ] GC(55) Final: 0 encountered, 0 discovered, 0 enqueued
[35.616s][info][gc,ref      ] GC(55) Phantom: 35 encountered, 28 discovered, 0 enqueued
[35.616s][info][gc,reloc    ] GC(55) Small Pages: 342 / 684M, Empty: 0M, Relocated: 8M, In-Place: 0
[35.616s][info][gc,reloc    ] GC(55) Medium Pages: 0 / 0M, Empty: 0M, Relocated: 0M, In-Place: 0
[35.616s][info][gc,reloc    ] GC(55) Large Pages: 2 / 12M, Empty: 0M, Relocated: 0M, In-Place: 0
[35.616s][info][gc,reloc    ] GC(55) Forwarding Usage: 2M
[35.616s][info][gc,heap     ] GC(55) Min Capacity: 8M(1%)
[35.616s][info][gc,heap     ] GC(55) Max Capacity: 1024M(100%)
[35.616s][info][gc,heap     ] GC(55) Soft Max Capacity: 1024M(100%)
[35.616s][info][gc,heap     ] GC(55)                Mark Start          Mark End        Relocate Start      Relocate End           High               Low         
[35.616s][info][gc,heap     ] GC(55)  Capacity:     1024M (100%)       1024M (100%)       1024M (100%)       1024M (100%)       1024M (100%)       1024M (100%)   
[35.616s][info][gc,heap     ] GC(55)      Free:      328M (32%)         280M (27%)         272M (27%)         276M (27%)         328M (32%)         252M (25%)    
[35.616s][info][gc,heap     ] GC(55)      Used:      696M (68%)         744M (73%)         752M (73%)         748M (73%)         772M (75%)         696M (68%)    
[35.616s][info][gc,heap     ] GC(55)      Live:         -               628M (61%)         628M (61%)         628M (61%)            -                  -          
[35.616s][info][gc,heap     ] GC(55) Allocated:         -                48M (5%)           56M (5%)           55M (5%)             -                  -          
[35.616s][info][gc,heap     ] GC(55)   Garbage:         -                67M (7%)           67M (7%)           63M (6%)             -                  -          
[35.616s][info][gc,heap     ] GC(55) Reclaimed:         -                  -                 0M (0%)            3M (0%)             -                  -          
[35.616s][info][gc          ] GC(55) Garbage Collection (Allocation Rate) 696M(68%)->748M(73%)
[35.699s][info][gc,start    ] GC(56) Garbage Collection (Allocation Rate)
[35.699s][info][gc,task     ] GC(56) Using 10 workers
[35.700s][info][gc,phases   ] GC(56) Pause Mark Start 0.014ms
[35.887s][info][gc,phases   ] GC(56) Concurrent Mark 187.120ms
[35.887s][info][gc,phases   ] GC(56) Pause Mark End 0.015ms
[35.887s][info][gc,phases   ] GC(56) Concurrent Mark Free 0.002ms
[35.887s][info][gc,phases   ] GC(56) Concurrent Process Non-Strong References 0.475ms
[35.887s][info][gc,phases   ] GC(56) Concurrent Reset Relocation Set 0.002ms
[35.899s][info][gc,phases   ] GC(56) Concurrent Select Relocation Set 11.430ms
[35.899s][info][gc,phases   ] GC(56) Pause Relocate Start 0.005ms
[35.903s][info][gc,phases   ] GC(56) Concurrent Relocate 4.163ms
[35.903s][info][gc,load     ] GC(56) Load: 0.00/0.00/0.00
[35.903s][info][gc,mmu      ] GC(56) MMU: 2ms/95.8%, 5ms/98.3%, 10ms/99.2%, 20ms/99.6%, 50ms/99.8%, 100ms/99.9%
[35.903s][info][gc,marking  ] GC(56) Mark: 8 stripe(s), 2 proactive flush(es), 1 terminate flush(es), 0 completion(s), 0 continuation(s) 
[35.903s][info][gc,marking  ] GC(56) Mark Stack Usage: 32M
[35.903s][info][gc,nmethod  ] GC(56) NMethods: 1155 registered, 1494 unregistered
[35.903s][info][gc,metaspace] GC(56) Metaspace: 16M used, 16M committed, 1088M reserved
[35.903s][info][gc,ref      ] GC(56) Soft: 171 encountered, 0 discovered, 0 enqueued
[35.904s][info][gc,ref      ] GC(56) Weak: 958 encountered, 146 discovered, 0 enqueued
[35.904s][info][gc,ref      ] GC(56) Final: 0 encountered, 0 discovered, 0 enqueued
[35.904s][info][gc,ref      ] GC(56) Phantom: 35 encountered, 20 discovered, 0 enqueued
[35.904s][info][gc,reloc    ] GC(56) Small Pages: 402 / 804M, Empty: 10M, Relocated: 15M, In-Place: 0
[35.904s][info][gc,reloc    ] GC(56) Medium Pages: 0 / 0M, Empty: 0M, Relocated: 0M, In-Place: 0
[35.904s][info][gc,reloc    ] GC(56) Large Pages: 2 / 12M, Empty: 6M, Relocated: 0M, In-Place: 0
[35.904s][info][gc,reloc    ] GC(56) Forwarding Usage: 5M
[35.904s][info][gc,heap     ] GC(56) Min Capacity: 8M(1%)
[35.904s][info][gc,heap     ] GC(56) Max Capacity: 1024M(100%)
[35.904s][info][gc,heap     ] GC(56) Soft Max Capacity: 1024M(100%)
[35.904s][info][gc,heap     ] GC(56)                Mark Start          Mark End        Relocate Start      Relocate End           High               Low         
[35.904s][info][gc,heap     ] GC(56)  Capacity:     1024M (100%)       1024M (100%)       1024M (100%)       1024M (100%)       1024M (100%)       1024M (100%)   
[35.904s][info][gc,heap     ] GC(56)      Free:      208M (20%)          92M (9%)           96M (9%)          216M (21%)         216M (21%)          78M (8%)     
[35.904s][info][gc,heap     ] GC(56)      Used:      816M (80%)         932M (91%)         928M (91%)         808M (79%)         946M (92%)         808M (79%)    
[35.904s][info][gc,heap     ] GC(56)      Live:         -               605M (59%)         605M (59%)         605M (59%)            -                  -          
[35.904s][info][gc,heap     ] GC(56) Allocated:         -               116M (11%)         128M (13%)         129M (13%)            -                  -          
[35.904s][info][gc,heap     ] GC(56)   Garbage:         -               210M (21%)         194M (19%)          72M (7%)             -                  -          
[35.904s][info][gc,heap     ] GC(56) Reclaimed:         -                  -                16M (2%)          137M (13%)            -                  -          
[35.904s][info][gc          ] GC(56) Garbage Collection (Allocation Rate) 816M(80%)->808M(79%)
[35.996s][info][gc,start    ] GC(57) Garbage Collection (Allocation Rate)
[35.996s][info][gc,task     ] GC(57) Using 10 workers
[35.996s][info][gc,phases   ] GC(57) Pause Mark Start 0.016ms
[36.175s][info][gc,phases   ] GC(57) Concurrent Mark 178.898ms
[36.175s][info][gc,phases   ] GC(57) Pause Mark End 0.015ms
[36.176s][info][gc,phases   ] GC(57) Concurrent Mark Free 0.001ms
[36.176s][info][gc,phases   ] GC(57) Concurrent Process Non-Strong References 0.474ms
[36.176s][info][gc,phases   ] GC(57) Concurrent Reset Relocation Set 0.014ms
[36.187s][info][gc,phases   ] GC(57) Concurrent Select Relocation Set 10.958ms
[36.187s][info][gc,phases   ] GC(57) Pause Relocate Start 0.008ms
[36.195s][info][gc,phases   ] GC(57) Concurrent Relocate 7.947ms
[36.195s][info][gc,load     ] GC(57) Load: 0.00/0.00/0.00
[36.195s][info][gc,mmu      ] GC(57) MMU: 2ms/95.8%, 5ms/98.3%, 10ms/99.2%, 20ms/99.6%, 50ms/99.8%, 100ms/99.9%
[36.195s][info][gc,marking  ] GC(57) Mark: 8 stripe(s), 2 proactive flush(es), 1 terminate flush(es), 0 completion(s), 0 continuation(s) 
[36.195s][info][gc,marking  ] GC(57) Mark Stack Usage: 32M
[36.195s][info][gc,nmethod  ] GC(57) NMethods: 1155 registered, 1494 unregistered
[36.195s][info][gc,metaspace] GC(57) Metaspace: 16M used, 16M committed, 1088M reserved
[36.195s][info][gc,ref      ] GC(57) Soft: 171 encountered, 0 discovered, 0 enqueued
[36.196s][info][gc,ref      ] GC(57) Weak: 958 encountered, 85 discovered, 0 enqueued
[36.196s][info][gc,ref      ] GC(57) Final: 0 encountered, 0 discovered, 0 enqueued
[36.196s][info][gc,ref      ] GC(57) Phantom: 35 encountered, 31 discovered, 0 enqueued
[36.196s][info][gc,reloc    ] GC(57) Small Pages: 438 / 876M, Empty: 18M, Relocated: 13M, In-Place: 0
[36.196s][info][gc,reloc    ] GC(57) Medium Pages: 0 / 0M, Empty: 0M, Relocated: 0M, In-Place: 0
[36.196s][info][gc,reloc    ] GC(57) Large Pages: 1 / 6M, Empty: 0M, Relocated: 0M, In-Place: 0
[36.196s][info][gc,reloc    ] GC(57) Forwarding Usage: 6M
[36.196s][info][gc,heap     ] GC(57) Min Capacity: 8M(1%)
[36.196s][info][gc,heap     ] GC(57) Max Capacity: 1024M(100%)
[36.196s][info][gc,heap     ] GC(57) Soft Max Capacity: 1024M(100%)
[36.196s][info][gc,heap     ] GC(57)                Mark Start          Mark End        Relocate Start      Relocate End           High               Low         
[36.196s][info][gc,heap     ] GC(57)  Capacity:     1024M (100%)       1024M (100%)       1024M (100%)       1024M (100%)       1024M (100%)       1024M (100%)   
[36.196s][info][gc,heap     ] GC(57)      Free:      142M (14%)          36M (4%)           44M (4%)          250M (24%)         250M (24%)          28M (3%)     
[36.196s][info][gc,heap     ] GC(57)      Used:      882M (86%)         988M (96%)         980M (96%)         774M (76%)         996M (97%)         774M (76%)    
[36.196s][info][gc,heap     ] GC(57)      Live:         -               576M (56%)         576M (56%)         576M (56%)            -                  -          
[36.196s][info][gc,heap     ] GC(57) Allocated:         -               106M (10%)         116M (11%)         119M (12%)            -                  -          
[36.196s][info][gc,heap     ] GC(57)   Garbage:         -               305M (30%)         287M (28%)          77M (8%)             -                  -          
[36.196s][info][gc,heap     ] GC(57) Reclaimed:         -                  -                18M (2%)          227M (22%)            -                  -          
[36.196s][info][gc          ] GC(57) Garbage Collection (Allocation Rate) 882M(86%)->774M(76%)
[36.207s][info][gc,start    ] GC(58) Garbage Collection (Allocation Rate)
[36.207s][info][gc,task     ] GC(58) Using 10 workers
[36.207s][info][gc,phases   ] GC(58) Pause Mark Start 0.015ms
[36.378s][info][gc,phases   ] GC(58) Concurrent Mark 171.497ms
[36.379s][info][gc,phases   ] GC(58) Pause Mark End 0.023ms
[36.379s][info][gc,phases   ] GC(58) Concurrent Mark Free 0.001ms
[36.379s][info][gc,phases   ] GC(58) Concurrent Process Non-Strong References 0.439ms
[36.379s][info][gc,phases   ] GC(58) Concurrent Reset Relocation Set 0.011ms
[36.382s][info][gc,phases   ] GC(58) Concurrent Select Relocation Set 2.581ms
[36.382s][info][gc,phases   ] GC(58) Pause Relocate Start 0.007ms
[36.387s][info][gc,phases   ] GC(58) Concurrent Relocate 5.473ms
[36.387s][info][gc,load     ] GC(58) Load: 0.00/0.00/0.00
[36.387s][info][gc,mmu      ] GC(58) MMU: 2ms/95.8%, 5ms/98.3%, 10ms/99.2%, 20ms/99.6%, 50ms/99.8%, 100ms/99.9%
[36.387s][info][gc,marking  ] GC(58) Mark: 8 stripe(s), 4 proactive flush(es), 1 terminate flush(es), 0 completion(s), 0 continuation(s) 
[36.387s][info][gc,marking  ] GC(58) Mark Stack Usage: 32M
[36.387s][info][gc,nmethod  ] GC(58) NMethods: 1155 registered, 1494 unregistered
[36.387s][info][gc,metaspace] GC(58) Metaspace: 16M used, 16M committed, 1088M reserved
[36.387s][info][gc,ref      ] GC(58) Soft: 171 encountered, 0 discovered, 0 enqueued
[36.387s][info][gc,ref      ] GC(58) Weak: 958 encountered, 131 discovered, 0 enqueued
[36.387s][info][gc,ref      ] GC(58) Final: 0 encountered, 0 discovered, 0 enqueued
[36.387s][info][gc,ref      ] GC(58) Phantom: 35 encountered, 26 discovered, 0 enqueued
[36.387s][info][gc,reloc    ] GC(58) Small Pages: 387 / 774M, Empty: 10M, Relocated: 10M, In-Place: 0
[36.387s][info][gc,reloc    ] GC(58) Medium Pages: 0 / 0M, Empty: 0M, Relocated: 0M, In-Place: 0
[36.388s][info][gc,reloc    ] GC(58) Large Pages: 1 / 6M, Empty: 0M, Relocated: 0M, In-Place: 0
[36.388s][info][gc,reloc    ] GC(58) Forwarding Usage: 4M
[36.388s][info][gc,heap     ] GC(58) Min Capacity: 8M(1%)
[36.388s][info][gc,heap     ] GC(58) Max Capacity: 1024M(100%)
[36.388s][info][gc,heap     ] GC(58) Soft Max Capacity: 1024M(100%)
[36.388s][info][gc,heap     ] GC(58)                Mark Start          Mark End        Relocate Start      Relocate End           High               Low         
[36.388s][info][gc,heap     ] GC(58)  Capacity:     1024M (100%)       1024M (100%)       1024M (100%)       1024M (100%)       1024M (100%)       1024M (100%)   
[36.388s][info][gc,heap     ] GC(58)      Free:      244M (24%)         140M (14%)         146M (14%)         268M (26%)         268M (26%)         126M (12%)    
[36.388s][info][gc,heap     ] GC(58)      Used:      780M (76%)         884M (86%)         878M (86%)         756M (74%)         898M (88%)         756M (74%)    
[36.388s][info][gc,heap     ] GC(58)      Live:         -               557M (54%)         557M (54%)         557M (54%)            -                  -          
[36.388s][info][gc,heap     ] GC(58) Allocated:         -               104M (10%)         108M (11%)         109M (11%)            -                  -          
[36.388s][info][gc,heap     ] GC(58)   Garbage:         -               222M (22%)         212M (21%)          88M (9%)             -                  -          
[36.388s][info][gc,heap     ] GC(58) Reclaimed:         -                  -                10M (1%)          133M (13%)            -                  -          
[36.388s][info][gc          ] GC(58) Garbage Collection (Allocation Rate) 780M(76%)->756M(74%)
[36.410s][info][gc,start    ] GC(59) Garbage Collection (Allocation Rate)
[36.410s][info][gc,task     ] GC(59) Using 10 workers
[36.410s][info][gc,phases   ] GC(59) Pause Mark Start 0.012ms
[36.566s][info][gc,phases   ] GC(59) Concurrent Mark 155.898ms
[36.566s][info][gc,phases   ] GC(59) Pause Mark End 0.015ms
[36.566s][info][gc,phases   ] GC(59) Concurrent Mark Free 0.001ms
[36.567s][info][gc,phases   ] GC(59) Concurrent Process Non-Strong References 0.443ms
[36.567s][info][gc,phases   ] GC(59) Concurrent Reset Relocation Set 0.012ms
[36.576s][info][gc,phases   ] GC(59) Concurrent Select Relocation Set 9.739ms
[36.576s][info][gc,phases   ] GC(59) Pause Relocate Start 0.004ms
[36.580s][info][gc,phases   ] GC(59) Concurrent Relocate 3.608ms
[36.580s][info][gc,load     ] GC(59) Load: 0.00/0.00/0.00
[36.580s][info][gc,mmu      ] GC(59) MMU: 2ms/95.8%, 5ms/98.3%, 10ms/99.2%, 20ms/99.6%, 50ms/99.8%, 100ms/99.9%
[36.580s][info][gc,marking  ] GC(59) Mark: 8 stripe(s), 3 proactive flush(es), 1 terminate flush(es), 0 completion(s), 0 continuation(s) 
[36.580s][info][gc,marking  ] GC(59) Mark Stack Usage: 32M
[36.580s][info][gc,nmethod  ] GC(59) NMethods: 1155 registered, 1494 unregistered
[36.580s][info][gc,metaspace] GC(59) Metaspace: 16M used, 16M committed, 1088M reserved
[36.580s][info][gc,ref      ] GC(59) Soft: 171 encountered, 0 discovered, 0 enqueued
[36.580s][info][gc,ref      ] GC(59) Weak: 958 encountered, 91 discovered, 0 enqueued
[36.580s][info][gc,ref      ] GC(59) Final: 0 encountered, 0 discovered, 0 enqueued
[36.580s][info][gc,ref      ] GC(59) Phantom: 35 encountered, 26 discovered, 0 enqueued
[36.580s][info][gc,reloc    ] GC(59) Small Pages: 384 / 768M, Empty: 10M, Relocated: 10M, In-Place: 0
[36.581s][info][gc,reloc    ] GC(59) Medium Pages: 0 / 0M, Empty: 0M, Relocated: 0M, In-Place: 0
[36.581s][info][gc,reloc    ] GC(59) Large Pages: 1 / 6M, Empty: 0M, Relocated: 0M, In-Place: 0
[36.581s][info][gc,reloc    ] GC(59) Forwarding Usage: 4M
[36.581s][info][gc,heap     ] GC(59) Min Capacity: 8M(1%)
[36.581s][info][gc,heap     ] GC(59) Max Capacity: 1024M(100%)
[36.581s][info][gc,heap     ] GC(59) Soft Max Capacity: 1024M(100%)
[36.581s][info][gc,heap     ] GC(59)                Mark Start          Mark End        Relocate Start      Relocate End           High               Low         
[36.581s][info][gc,heap     ] GC(59)  Capacity:     1024M (100%)       1024M (100%)       1024M (100%)       1024M (100%)       1024M (100%)       1024M (100%)   
[36.581s][info][gc,heap     ] GC(59)      Free:      250M (24%)         148M (14%)         148M (14%)         278M (27%)         278M (27%)         128M (13%)    
[36.581s][info][gc,heap     ] GC(59)      Used:      774M (76%)         876M (86%)         876M (86%)         746M (73%)         896M (88%)         746M (73%)    
[36.581s][info][gc,heap     ] GC(59)      Live:         -               538M (53%)         538M (53%)         538M (53%)            -                  -          
[36.581s][info][gc,heap     ] GC(59) Allocated:         -               102M (10%)         112M (11%)         113M (11%)            -                  -          
[36.581s][info][gc,heap     ] GC(59)   Garbage:         -               235M (23%)         225M (22%)          93M (9%)             -                  -          
[36.581s][info][gc,heap     ] GC(59) Reclaimed:         -                  -                10M (1%)          141M (14%)            -                  -          
[36.581s][info][gc          ] GC(59) Garbage Collection (Allocation Rate) 774M(76%)->746M(73%)
[36.597s][info][gc,start    ] GC(60) Garbage Collection (Allocation Rate)
[36.597s][info][gc,task     ] GC(60) Using 10 workers
[36.597s][info][gc,phases   ] GC(60) Pause Mark Start 0.014ms
[36.745s][info][gc,phases   ] GC(60) Concurrent Mark 147.098ms
[36.745s][info][gc,phases   ] GC(60) Pause Mark End 0.019ms
[36.745s][info][gc,phases   ] GC(60) Concurrent Mark Free 0.001ms
[36.745s][info][gc,phases   ] GC(60) Concurrent Process Non-Strong References 0.499ms
[36.745s][info][gc,phases   ] GC(60) Concurrent Reset Relocation Set 0.015ms
[36.749s][info][gc,phases   ] GC(60) Concurrent Select Relocation Set 3.848ms
[36.749s][info][gc,phases   ] GC(60) Pause Relocate Start 0.004ms
[36.753s][info][gc,phases   ] GC(60) Concurrent Relocate 3.429ms
[36.753s][info][gc,load     ] GC(60) Load: 0.00/0.00/0.00
[36.753s][info][gc,mmu      ] GC(60) MMU: 2ms/95.8%, 5ms/98.3%, 10ms/99.2%, 20ms/99.6%, 50ms/99.8%, 100ms/99.9%
[36.753s][info][gc,marking  ] GC(60) Mark: 8 stripe(s), 2 proactive flush(es), 1 terminate flush(es), 0 completion(s), 0 continuation(s) 
[36.753s][info][gc,marking  ] GC(60) Mark Stack Usage: 32M
[36.753s][info][gc,nmethod  ] GC(60) NMethods: 1155 registered, 1494 unregistered
[36.753s][info][gc,metaspace] GC(60) Metaspace: 16M used, 16M committed, 1088M reserved
[36.753s][info][gc,ref      ] GC(60) Soft: 171 encountered, 0 discovered, 0 enqueued
[36.753s][info][gc,ref      ] GC(60) Weak: 958 encountered, 62 discovered, 0 enqueued
[36.753s][info][gc,ref      ] GC(60) Final: 0 encountered, 0 discovered, 0 enqueued
[36.753s][info][gc,ref      ] GC(60) Phantom: 35 encountered, 19 discovered, 0 enqueued
[36.753s][info][gc,reloc    ] GC(60) Small Pages: 377 / 754M, Empty: 12M, Relocated: 10M, In-Place: 0
[36.753s][info][gc,reloc    ] GC(60) Medium Pages: 0 / 0M, Empty: 0M, Relocated: 0M, In-Place: 0
[36.753s][info][gc,reloc    ] GC(60) Large Pages: 1 / 6M, Empty: 0M, Relocated: 0M, In-Place: 0
[36.753s][info][gc,reloc    ] GC(60) Forwarding Usage: 4M
[36.753s][info][gc,heap     ] GC(60) Min Capacity: 8M(1%)
[36.753s][info][gc,heap     ] GC(60) Max Capacity: 1024M(100%)
[36.753s][info][gc,heap     ] GC(60) Soft Max Capacity: 1024M(100%)
[36.753s][info][gc,heap     ] GC(60)                Mark Start          Mark End        Relocate Start      Relocate End           High               Low         
[36.753s][info][gc,heap     ] GC(60)  Capacity:     1024M (100%)       1024M (100%)       1024M (100%)       1024M (100%)       1024M (100%)       1024M (100%)   
[36.753s][info][gc,heap     ] GC(60)      Free:      264M (26%)         152M (15%)         160M (16%)         288M (28%)         288M (28%)         140M (14%)    
[36.753s][info][gc,heap     ] GC(60)      Used:      760M (74%)         872M (85%)         864M (84%)         736M (72%)         884M (86%)         736M (72%)    
[36.754s][info][gc,heap     ] GC(60)      Live:         -               520M (51%)         520M (51%)         520M (51%)            -                  -          
[36.754s][info][gc,heap     ] GC(60) Allocated:         -               112M (11%)         116M (11%)         117M (12%)            -                  -          
[36.754s][info][gc,heap     ] GC(60)   Garbage:         -               239M (23%)         227M (22%)          97M (10%)            -                  -          
[36.754s][info][gc,heap     ] GC(60) Reclaimed:         -                  -                12M (1%)          141M (14%)            -                  -          
[36.754s][info][gc          ] GC(60) Garbage Collection (Allocation Rate) 760M(74%)->736M(72%)
[36.807s][info][gc,start    ] GC(61) Garbage Collection (Allocation Rate)
[36.807s][info][gc,task     ] GC(61) Using 10 workers
[36.807s][info][gc,phases   ] GC(61) Pause Mark Start 0.015ms
[36.932s][info][gc,phases   ] GC(61) Concurrent Mark 124.623ms
[36.932s][info][gc,phases   ] GC(61) Pause Mark End 0.017ms
[36.932s][info][gc,phases   ] GC(61) Concurrent Mark Free 0.001ms
[36.934s][info][gc,phases   ] GC(61) Concurrent Process Non-Strong References 1.874ms
[36.934s][info][gc,phases   ] GC(61) Concurrent Reset Relocation Set 0.011ms
[36.937s][info][gc,phases   ] GC(61) Concurrent Select Relocation Set 2.629ms
[36.937s][info][gc,phases   ] GC(61) Pause Relocate Start 0.005ms
[36.940s][info][gc,phases   ] GC(61) Concurrent Relocate 2.762ms
[36.940s][info][gc,load     ] GC(61) Load: 0.00/0.00/0.00
[36.940s][info][gc,mmu      ] GC(61) MMU: 2ms/95.8%, 5ms/98.3%, 10ms/99.2%, 20ms/99.6%, 50ms/99.8%, 100ms/99.9%
[36.940s][info][gc,marking  ] GC(61) Mark: 8 stripe(s), 2 proactive flush(es), 1 terminate flush(es), 0 completion(s), 0 continuation(s) 
[36.940s][info][gc,marking  ] GC(61) Mark Stack Usage: 32M
[36.940s][info][gc,nmethod  ] GC(61) NMethods: 533 registered, 643 unregistered
[36.940s][info][gc,metaspace] GC(61) Metaspace: 16M used, 16M committed, 1088M reserved
[36.940s][info][gc,ref      ] GC(61) Soft: 171 encountered, 0 discovered, 0 enqueued
[36.940s][info][gc,ref      ] GC(61) Weak: 956 encountered, 63 discovered, 0 enqueued
[36.940s][info][gc,ref      ] GC(61) Final: 0 encountered, 0 discovered, 0 enqueued
[36.940s][info][gc,ref      ] GC(61) Phantom: 35 encountered, 28 discovered, 0 enqueued
[36.940s][info][gc,reloc    ] GC(61) Small Pages: 388 / 776M, Empty: 16M, Relocated: 5M, In-Place: 0
[36.940s][info][gc,reloc    ] GC(61) Medium Pages: 0 / 0M, Empty: 0M, Relocated: 0M, In-Place: 0
[36.940s][info][gc,reloc    ] GC(61) Large Pages: 1 / 6M, Empty: 0M, Relocated: 0M, In-Place: 0
[36.940s][info][gc,reloc    ] GC(61) Forwarding Usage: 2M
[36.940s][info][gc,heap     ] GC(61) Min Capacity: 8M(1%)
[36.940s][info][gc,heap     ] GC(61) Max Capacity: 1024M(100%)
[36.940s][info][gc,heap     ] GC(61) Soft Max Capacity: 1024M(100%)
[36.940s][info][gc,heap     ] GC(61)                Mark Start          Mark End        Relocate Start      Relocate End           High               Low         
[36.940s][info][gc,heap     ] GC(61)  Capacity:     1024M (100%)       1024M (100%)       1024M (100%)       1024M (100%)       1024M (100%)       1024M (100%)   
[36.940s][info][gc,heap     ] GC(61)      Free:      242M (24%)         220M (21%)         236M (23%)         398M (39%)         398M (39%)         218M (21%)    
[36.940s][info][gc,heap     ] GC(61)      Used:      782M (76%)         804M (79%)         788M (77%)         626M (61%)         806M (79%)         626M (61%)    
[36.940s][info][gc,heap     ] GC(61)      Live:         -               493M (48%)         493M (48%)         493M (48%)            -                  -          
[36.940s][info][gc,heap     ] GC(61) Allocated:         -                22M (2%)           22M (2%)           21M (2%)             -                  -          
[36.940s][info][gc,heap     ] GC(61)   Garbage:         -               288M (28%)         272M (27%)         110M (11%)            -                  -          
[36.941s][info][gc,heap     ] GC(61) Reclaimed:         -                  -                16M (2%)          177M (17%)            -                  -          
[36.941s][info][gc          ] GC(61) Garbage Collection (Allocation Rate) 782M(76%)->626M(61%)
[37.104s][info][gc,start    ] GC(62) Garbage Collection (Allocation Rate)
[37.104s][info][gc,task     ] GC(62) Using 7 workers
[37.104s][info][gc,phases   ] GC(62) Pause Mark Start 0.013ms
[37.119s][info][gc,phases   ] GC(62) Concurrent Mark 15.324ms
[37.120s][info][gc,phases   ] GC(62) Pause Mark End 0.018ms
[37.120s][info][gc,phases   ] GC(62) Concurrent Mark Free 0.001ms
[37.120s][info][gc,phases   ] GC(62) Concurrent Process Non-Strong References 0.526ms
[37.120s][info][gc,phases   ] GC(62) Concurrent Reset Relocation Set 0.012ms
[37.128s][info][gc,phases   ] GC(62) Concurrent Select Relocation Set 7.416ms
[37.128s][info][gc,phases   ] GC(62) Pause Relocate Start 0.006ms
[37.132s][info][gc,phases   ] GC(62) Concurrent Relocate 3.613ms
[37.132s][info][gc,load     ] GC(62) Load: 0.00/0.00/0.00
[37.132s][info][gc,mmu      ] GC(62) MMU: 2ms/95.8%, 5ms/98.3%, 10ms/99.2%, 20ms/99.6%, 50ms/99.8%, 100ms/99.9%
[37.132s][info][gc,marking  ] GC(62) Mark: 4 stripe(s), 5 proactive flush(es), 1 terminate flush(es), 0 completion(s), 0 continuation(s) 
[37.132s][info][gc,marking  ] GC(62) Mark Stack Usage: 32M
[37.132s][info][gc,nmethod  ] GC(62) NMethods: 531 registered, 645 unregistered
[37.132s][info][gc,metaspace] GC(62) Metaspace: 16M used, 16M committed, 1088M reserved
[37.132s][info][gc,ref      ] GC(62) Soft: 171 encountered, 0 discovered, 0 enqueued
[37.132s][info][gc,ref      ] GC(62) Weak: 959 encountered, 34 discovered, 6 enqueued
[37.132s][info][gc,ref      ] GC(62) Final: 0 encountered, 0 discovered, 0 enqueued
[37.132s][info][gc,ref      ] GC(62) Phantom: 35 encountered, 31 discovered, 0 enqueued
[37.132s][info][gc,reloc    ] GC(62) Small Pages: 311 / 622M, Empty: 564M, Relocated: 10M, In-Place: 0
[37.132s][info][gc,reloc    ] GC(62) Medium Pages: 0 / 0M, Empty: 0M, Relocated: 0M, In-Place: 0
[37.132s][info][gc,reloc    ] GC(62) Large Pages: 1 / 6M, Empty: 6M, Relocated: 0M, In-Place: 0
[37.132s][info][gc,reloc    ] GC(62) Forwarding Usage: 2M
[37.132s][info][gc,heap     ] GC(62) Min Capacity: 8M(1%)
[37.132s][info][gc,heap     ] GC(62) Max Capacity: 1024M(100%)
[37.132s][info][gc,heap     ] GC(62) Soft Max Capacity: 1024M(100%)
[37.132s][info][gc,heap     ] GC(62)                Mark Start          Mark End        Relocate Start      Relocate End           High               Low         
[37.132s][info][gc,heap     ] GC(62)  Capacity:     1024M (100%)       1024M (100%)       1024M (100%)       1024M (100%)       1024M (100%)       1024M (100%)   
[37.132s][info][gc,heap     ] GC(62)      Free:      396M (39%)         394M (38%)         964M (94%)         998M (97%)         998M (97%)         394M (38%)    
[37.132s][info][gc,heap     ] GC(62)      Used:      628M (61%)         630M (62%)          60M (6%)           26M (3%)          630M (62%)          26M (3%)     
[37.132s][info][gc,heap     ] GC(62)      Live:         -                14M (1%)           14M (1%)           14M (1%)             -                  -          
[37.132s][info][gc,heap     ] GC(62) Allocated:         -                 2M (0%)            2M (0%)            1M (0%)             -                  -          
[37.132s][info][gc,heap     ] GC(62)   Garbage:         -               613M (60%)          43M (4%)            9M (1%)             -                  -          
[37.132s][info][gc,heap     ] GC(62) Reclaimed:         -                  -               570M (56%)         603M (59%)            -                  -          
[37.132s][info][gc          ] GC(62) Garbage Collection (Allocation Rate) 628M(61%)->26M(3%)
[38.499s][info][gc,start    ] GC(63) Garbage Collection (System.gc())
[38.499s][info][gc,task     ] GC(63) Using 10 workers
[38.499s][info][gc,phases   ] GC(63) Pause Mark Start 0.017ms
[38.512s][info][gc,phases   ] GC(63) Concurrent Mark 12.962ms
[38.512s][info][gc,phases   ] GC(63) Pause Mark End 0.018ms
[38.512s][info][gc,phases   ] GC(63) Concurrent Mark Free 0.001ms
[38.513s][info][gc,phases   ] GC(63) Concurrent Process Non-Strong References 0.487ms
[38.513s][info][gc,phases   ] GC(63) Concurrent Reset Relocation Set 0.003ms
[38.515s][info][gc,phases   ] GC(63) Concurrent Select Relocation Set 2.615ms
[38.515s][info][gc,phases   ] GC(63) Pause Relocate Start 0.007ms
[38.518s][info][gc,phases   ] GC(63) Concurrent Relocate 2.505ms
[38.518s][info][gc,load     ] GC(63) Load: 0.00/0.00/0.00
[38.518s][info][gc,mmu      ] GC(63) MMU: 2ms/95.8%, 5ms/98.3%, 10ms/99.2%, 20ms/99.6%, 50ms/99.8%, 100ms/99.9%
[38.518s][info][gc,marking  ] GC(63) Mark: 8 stripe(s), 3 proactive flush(es), 1 terminate flush(es), 0 completion(s), 0 continuation(s) 
[38.518s][info][gc,marking  ] GC(63) Mark Stack Usage: 32M
[38.518s][info][gc,nmethod  ] GC(63) NMethods: 535 registered, 0 unregistered
[38.518s][info][gc,metaspace] GC(63) Metaspace: 16M used, 16M committed, 1088M reserved
[38.518s][info][gc,ref      ] GC(63) Soft: 171 encountered, 0 discovered, 0 enqueued
[38.518s][info][gc,ref      ] GC(63) Weak: 954 encountered, 58 discovered, 0 enqueued
[38.518s][info][gc,ref      ] GC(63) Final: 0 encountered, 0 discovered, 0 enqueued
[38.518s][info][gc,ref      ] GC(63) Phantom: 35 encountered, 28 discovered, 0 enqueued
[38.518s][info][gc,reloc    ] GC(63) Small Pages: 50 / 100M, Empty: 74M, Relocated: 6M, In-Place: 0
[38.518s][info][gc,reloc    ] GC(63) Medium Pages: 0 / 0M, Empty: 0M, Relocated: 0M, In-Place: 0
[38.518s][info][gc,reloc    ] GC(63) Large Pages: 0 / 0M, Empty: 0M, Relocated: 0M, In-Place: 0
[38.518s][info][gc,reloc    ] GC(63) Forwarding Usage: 1M
[38.518s][info][gc,heap     ] GC(63) Min Capacity: 8M(1%)
[38.518s][info][gc,heap     ] GC(63) Max Capacity: 1024M(100%)
[38.518s][info][gc,heap     ] GC(63) Soft Max Capacity: 1024M(100%)
[38.518s][info][gc,heap     ] GC(63)                Mark Start          Mark End        Relocate Start      Relocate End           High               Low         
[38.518s][info][gc,heap     ] GC(63)  Capacity:     1024M (100%)       1024M (100%)       1024M (100%)       1024M (100%)       1024M (100%)       1024M (100%)   
[38.518s][info][gc,heap     ] GC(63)      Free:      924M (90%)         924M (90%)         998M (97%)         998M (97%)         998M (97%)         924M (90%)    
[38.518s][info][gc,heap     ] GC(63)      Used:      100M (10%)         100M (10%)          26M (3%)           26M (3%)          100M (10%)          26M (3%)     
[38.518s][info][gc,heap     ] GC(63)      Live:         -                11M (1%)           11M (1%)           11M (1%)             -                  -          
[38.518s][info][gc,heap     ] GC(63) Allocated:         -                 0M (0%)            0M (0%)            0M (0%)             -                  -          
[38.518s][info][gc,heap     ] GC(63)   Garbage:         -                88M (9%)           14M (1%)           14M (1%)             -                  -          
[38.518s][info][gc,heap     ] GC(63) Reclaimed:         -                  -                74M (7%)           74M (7%)             -                  -          
[38.518s][info][gc          ] GC(63) Garbage Collection (System.gc()) 100M(10%)->26M(3%)
[40.096s][info][gc,stats    ] === Garbage Collection Statistics =======================================================================================================================
[40.096s][info][gc,stats    ]                                                              Last 10s              Last 10m              Last 10h                Total
[40.096s][info][gc,stats    ]                                                              Avg / Max             Avg / Max             Avg / Max             Avg / Max
[40.096s][info][gc,stats    ]   Collector: Garbage Collection Cycle                    172.899 / 251.675     137.943 / 299.601     137.943 / 299.601     137.943 / 299.601     ms
[40.096s][info][gc,stats    ]  Contention: Mark Segment Reset Contention                     7 / 31                6 / 32                6 / 32                6 / 32          ops/s
[40.096s][info][gc,stats    ]  Contention: Mark SeqNum Reset Contention                      0 / 3                 0 / 6                 0 / 6                 0 / 6           ops/s
[40.096s][info][gc,stats    ]    Critical: Allocation Stall                                  0 / 0                 9 / 236               9 / 236               9 / 236         ops/s
[40.096s][info][gc,stats    ]    Critical: Allocation Stall                              0.000 / 0.000        12.304 / 31.418       12.304 / 31.418       12.304 / 31.418      ms
[40.096s][info][gc,stats    ]    Critical: GC Locker Stall                                   0 / 0                 0 / 0                 0 / 0                 0 / 0           ops/s
[40.096s][info][gc,stats    ]    Critical: GC Locker Stall                               0.000 / 0.000         0.000 / 0.000         0.000 / 0.000         0.000 / 0.000       ms
[40.096s][info][gc,stats    ]    Critical: Relocation Stall                                  0 / 0                 0 / 0                 0 / 0                 0 / 0           ops/s
[40.096s][info][gc,stats    ]    Critical: Relocation Stall                              0.000 / 0.000         0.000 / 0.000         0.000 / 0.000         0.000 / 0.000       ms
[40.096s][info][gc,stats    ]      Memory: Allocation Rate                                 269 / 876             493 / 5188            493 / 5188            493 / 5188        MB/s
[40.096s][info][gc,stats    ]      Memory: Defragment                                        1 / 15                1 / 29                1 / 29                1 / 29          ops/s
[40.096s][info][gc,stats    ]      Memory: Out Of Memory                                     0 / 0                 0 / 0                 0 / 0                 0 / 0           ops/s
[40.096s][info][gc,stats    ]      Memory: Page Cache Flush                                  3 / 30                8 / 122               8 / 122               8 / 122         MB/s
[40.096s][info][gc,stats    ]      Memory: Page Cache Hit L1                               173 / 709             267 / 2610            267 / 2610            267 / 2610        ops/s
[40.096s][info][gc,stats    ]      Memory: Page Cache Hit L2                                 0 / 0                 0 / 0                 0 / 0                 0 / 0           ops/s
[40.096s][info][gc,stats    ]      Memory: Page Cache Hit L3                                 1 / 13               14 / 407              14 / 407              14 / 407         ops/s
[40.096s][info][gc,stats    ]      Memory: Page Cache Miss                                   0 / 0                 0 / 2                 0 / 2                 0 / 2           ops/s
[40.097s][info][gc,stats    ]      Memory: Uncommit                                          0 / 0                 0 / 0                 0 / 0                 0 / 0           MB/s
[40.097s][info][gc,stats    ]      Memory: Undo Object Allocation Failed                     0 / 0                36 / 647              36 / 647              36 / 647         ops/s
[40.097s][info][gc,stats    ]      Memory: Undo Object Allocation Succeeded                  0 / 2                 5 / 70                5 / 70                5 / 70          ops/s
[40.097s][info][gc,stats    ]      Memory: Undo Page Allocation                              0 / 2                39 / 767              39 / 767              39 / 767         ops/s
[40.097s][info][gc,stats    ]       Phase: Concurrent Mark                             140.468 / 194.611     102.482 / 223.788     102.482 / 223.788     102.482 / 223.788     ms
[40.097s][info][gc,stats    ]       Phase: Concurrent Mark Continue                      0.000 / 0.000         0.000 / 0.000         0.000 / 0.000         0.000 / 0.000       ms
[40.097s][info][gc,stats    ]       Phase: Concurrent Mark Free                          0.001 / 0.002         0.001 / 0.004         0.001 / 0.004         0.001 / 0.004       ms
[40.097s][info][gc,stats    ]       Phase: Concurrent Process Non-Strong References      1.050 / 6.553         2.255 / 15.033        2.255 / 15.033        2.255 / 15.033      ms
[40.097s][info][gc,stats    ]       Phase: Concurrent Relocate                          15.002 / 57.127       12.096 / 59.080       12.096 / 59.080       12.096 / 59.080      ms
[40.097s][info][gc,stats    ]       Phase: Concurrent Reset Relocation Set               0.014 / 0.042         0.015 / 0.066         0.015 / 0.066         0.015 / 0.066       ms
[40.097s][info][gc,stats    ]       Phase: Concurrent Select Relocation Set             10.239 / 35.140       12.056 / 57.631       12.056 / 57.631       12.056 / 57.631      ms
[40.097s][info][gc,stats    ]       Phase: Pause Mark End                                0.017 / 0.023         0.017 / 0.024         0.017 / 0.024         0.017 / 0.024       ms
[40.097s][info][gc,stats    ]       Phase: Pause Mark Start                              0.015 / 0.017         0.018 / 0.084         0.018 / 0.084         0.018 / 0.084       ms
[40.097s][info][gc,stats    ]       Phase: Pause Relocate Start                          0.007 / 0.013         0.008 / 0.025         0.008 / 0.025         0.008 / 0.025       ms
[40.097s][info][gc,stats    ]    Subphase: Concurrent Classes Purge                      0.541 / 5.672         0.195 / 5.672         0.195 / 5.672         0.195 / 5.672       ms
[40.097s][info][gc,stats    ]    Subphase: Concurrent Classes Unlink                     0.310 / 0.617         0.851 / 6.293         0.851 / 6.293         0.851 / 6.293       ms
[40.097s][info][gc,stats    ]    Subphase: Concurrent Mark                             141.300 / 193.378     100.384 / 222.466     100.384 / 222.466     100.384 / 222.466     ms
[40.097s][info][gc,stats    ]    Subphase: Concurrent Mark Try Flush                     0.056 / 0.133         1.572 / 31.490        1.572 / 31.490        1.572 / 31.490      ms
[40.097s][info][gc,stats    ]    Subphase: Concurrent Mark Try Terminate                 5.870 / 14.627        9.282 / 16.338        9.282 / 16.338        9.282 / 16.338      ms
[40.097s][info][gc,stats    ]    Subphase: Concurrent References Enqueue                 0.001 / 0.004         0.001 / 0.005         0.001 / 0.005         0.001 / 0.005       ms
[40.097s][info][gc,stats    ]    Subphase: Concurrent References Process                 0.030 / 0.040         0.040 / 0.210         0.040 / 0.210         0.040 / 0.210       ms
[40.097s][info][gc,stats    ]    Subphase: Concurrent Roots ClassLoaderDataGraph         0.044 / 0.595         0.055 / 1.028         0.055 / 1.028         0.055 / 1.028       ms
[40.097s][info][gc,stats    ]    Subphase: Concurrent Roots CodeCache                    0.000 / 0.000         0.000 / 0.000         0.000 / 0.000         0.000 / 0.000       ms
[40.097s][info][gc,stats    ]    Subphase: Concurrent Roots JavaThreads                  0.719 / 1.247         0.875 / 6.849         0.875 / 6.849         0.875 / 6.849       ms
[40.097s][info][gc,stats    ]    Subphase: Concurrent Roots OopStorageSet                0.013 / 0.045         0.023 / 0.682         0.023 / 0.682         0.023 / 0.682       ms
[40.098s][info][gc,stats    ]    Subphase: Concurrent Weak Roots OopStorageSet           0.082 / 0.176         0.095 / 0.239         0.095 / 0.239         0.095 / 0.239       ms
[40.098s][info][gc,stats    ]    Subphase: Pause Mark Try Complete                       0.000 / 0.000         0.000 / 0.000         0.000 / 0.000         0.000 / 0.000       ms
[40.098s][info][gc,stats    ]      System: Java Threads                                     62 / 64               63 / 74               63 / 74               63 / 74          threads
[40.098s][info][gc,stats    ] =========================================================================================================================================================
[41.311s][info][gc,start    ] GC(64) Garbage Collection (Allocation Rate)
[41.312s][info][gc,task     ] GC(64) Using 10 workers
[41.312s][info][gc,phases   ] GC(64) Pause Mark Start 0.010ms
[41.372s][info][gc          ] Allocation Stall (reactors-io-scheduler-ForkJoinPool-1-worker-9) 0.168ms
[41.372s][info][gc          ] Allocation Stall (reactors-io-scheduler-ForkJoinPool-1-worker-41) 0.248ms
[41.372s][info][gc          ] Allocation Stall (reactors-io-scheduler-ForkJoinPool-1-worker-1) 0.295ms
[41.372s][info][gc          ] Allocation Stall (reactors-io-scheduler-ForkJoinPool-1-worker-42) 0.338ms
[41.373s][info][gc          ] Allocation Stall (reactors-io-scheduler-ForkJoinPool-1-worker-43) 1.146ms
[41.373s][info][gc          ] Allocation Stall (reactors-io-scheduler-ForkJoinPool-1-worker-40) 1.187ms
[41.373s][info][gc          ] Allocation Stall (reactors-io-scheduler-ForkJoinPool-1-worker-3) 1.190ms
[41.373s][info][gc          ] Allocation Stall (reactors-io-scheduler-ForkJoinPool-1-worker-12) 1.225ms
[41.373s][info][gc          ] Allocation Stall (reactors-io-scheduler-ForkJoinPool-1-worker-27) 1.255ms
[41.373s][info][gc          ] Allocation Stall (reactors-io-scheduler-ForkJoinPool-1-worker-46) 1.278ms
[41.373s][info][gc          ] Allocation Stall (reactors-io-scheduler-ForkJoinPool-1-worker-18) 1.315ms
[41.373s][info][gc          ] Allocation Stall (reactors-io-scheduler-ForkJoinPool-1-worker-11) 1.343ms
[41.373s][info][gc          ] Allocation Stall (reactors-io-scheduler-ForkJoinPool-1-worker-47) 1.373ms
[41.373s][info][gc          ] Allocation Stall (reactors-io-scheduler-ForkJoinPool-1-worker-13) 1.422ms
[41.373s][info][gc          ] Allocation Stall (reactors-io-scheduler-ForkJoinPool-1-worker-25) 1.528ms
[41.373s][info][gc          ] Allocation Stall (reactors-io-scheduler-ForkJoinPool-1-worker-19) 1.579ms
[41.373s][info][gc          ] Allocation Stall (reactors-io-scheduler-ForkJoinPool-1-worker-26) 1.618ms
[41.373s][info][gc          ] Allocation Stall (reactors-io-scheduler-ForkJoinPool-1-worker-10) 1.654ms
[41.373s][info][gc          ] Allocation Stall (reactors-io-scheduler-ForkJoinPool-1-worker-48) 1.697ms
[41.373s][info][gc          ] Allocation Stall (reactors-io-scheduler-ForkJoinPool-1-worker-44) 1.737ms
[41.374s][info][gc          ] Allocation Stall (reactors-io-scheduler-ForkJoinPool-1-worker-37) 2.081ms
[41.374s][info][gc          ] Allocation Stall (reactors-io-scheduler-ForkJoinPool-1-worker-30) 2.137ms
[41.374s][info][gc          ] Allocation Stall (reactors-io-scheduler-ForkJoinPool-1-worker-33) 2.181ms
[41.374s][info][gc          ] Allocation Stall (reactors-io-scheduler-ForkJoinPool-1-worker-29) 2.240ms
[41.374s][info][gc          ] Allocation Stall (reactors-io-scheduler-ForkJoinPool-1-worker-24) 2.263ms
[41.374s][info][gc          ] Allocation Stall (reactors-io-scheduler-ForkJoinPool-1-worker-14) 2.088ms
[41.387s][info][gc          ] Allocation Stall (reactors-io-scheduler-ForkJoinPool-1-worker-32) 5.079ms
[41.387s][info][gc          ] Allocation Stall (reactors-io-scheduler-ForkJoinPool-1-worker-25) 5.060ms
[41.387s][info][gc          ] Allocation Stall (reactors-io-scheduler-ForkJoinPool-1-worker-11) 5.105ms
[41.387s][info][gc          ] Allocation Stall (reactors-io-scheduler-ForkJoinPool-1-worker-31) 5.276ms
[41.387s][info][gc          ] Allocation Stall (reactors-io-scheduler-ForkJoinPool-1-worker-30) 5.106ms
[41.387s][info][gc          ] Allocation Stall (reactors-io-scheduler-ForkJoinPool-1-worker-13) 5.049ms
[41.387s][info][gc          ] Allocation Stall (reactors-io-scheduler-ForkJoinPool-1-worker-10) 4.845ms
[41.387s][info][gc          ] Allocation Stall (reactors-io-scheduler-ForkJoinPool-1-worker-29) 4.466ms
[41.387s][info][gc          ] Allocation Stall (reactors-io-scheduler-ForkJoinPool-1-worker-17) 4.442ms
[41.389s][info][gc          ] Allocation Stall (reactors-io-scheduler-ForkJoinPool-1-worker-26) 5.774ms
[41.389s][info][gc          ] Allocation Stall (reactors-io-scheduler-ForkJoinPool-1-worker-44) 4.686ms
[41.389s][info][gc          ] Allocation Stall (reactors-io-scheduler-ForkJoinPool-1-worker-34) 4.322ms
[41.389s][info][gc          ] Allocation Stall (reactors-io-scheduler-ForkJoinPool-1-worker-24) 4.007ms
[41.389s][info][gc          ] Allocation Stall (reactors-io-scheduler-ForkJoinPool-1-worker-39) 3.597ms
[41.389s][info][gc          ] Allocation Stall (reactors-io-scheduler-ForkJoinPool-1-worker-5) 3.360ms
[41.389s][info][gc          ] Allocation Stall (reactors-io-scheduler-ForkJoinPool-1-worker-8) 1.618ms
[41.389s][info][gc          ] Allocation Stall (reactors-io-scheduler-ForkJoinPool-1-worker-33) 0.532ms
[41.405s][info][gc,phases   ] GC(64) Concurrent Mark 37.120ms
[41.405s][info][gc,phases   ] GC(64) Pause Mark End 0.016ms
[41.405s][info][gc,phases   ] GC(64) Concurrent Mark Free 0.001ms
[41.405s][info][gc,phases   ] GC(64) Concurrent Process Non-Strong References 0.333ms
[41.406s][info][gc,phases   ] GC(64) Concurrent Reset Relocation Set 0.001ms
[41.406s][info][gc          ] Allocation Stall (reactors-io-scheduler-ForkJoinPool-1-worker-8) 11.101ms
[41.406s][info][gc          ] Allocation Stall (reactors-io-scheduler-ForkJoinPool-1-worker-39) 11.012ms
[41.406s][info][gc          ] Allocation Stall (reactors-io-scheduler-ForkJoinPool-1-worker-47) 11.053ms
[41.406s][info][gc          ] Allocation Stall (reactors-io-scheduler-ForkJoinPool-1-worker-23) 11.420ms
[41.406s][info][gc          ] Allocation Stall (reactors-io-scheduler-ForkJoinPool-1-worker-3) 11.368ms
[41.406s][info][gc          ] Allocation Stall (reactors-io-scheduler-ForkJoinPool-1-worker-42) 11.380ms
[41.406s][info][gc          ] Allocation Stall (reactors-io-scheduler-ForkJoinPool-1-worker-14) 10.975ms
[41.406s][info][gc          ] Allocation Stall (reactors-io-scheduler-ForkJoinPool-1-worker-18) 11.316ms
[41.406s][info][gc          ] Allocation Stall (reactors-io-scheduler-ForkJoinPool-1-worker-30) 11.792ms
[41.406s][info][gc          ] Allocation Stall (reactors-io-scheduler-ForkJoinPool-1-worker-34) 11.163ms
[41.406s][info][gc          ] Allocation Stall (reactors-io-scheduler-ForkJoinPool-1-worker-17) 11.446ms
[41.406s][info][gc          ] Allocation Stall (reactors-io-scheduler-ForkJoinPool-1-worker-48) 11.082ms
[41.406s][info][gc          ] Allocation Stall (reactors-io-scheduler-ForkJoinPool-1-worker-35) 11.290ms
[41.406s][info][gc          ] Allocation Stall (reactors-io-scheduler-ForkJoinPool-1-worker-41) 11.555ms
[41.406s][info][gc          ] Allocation Stall (reactors-io-scheduler-ForkJoinPool-1-worker-20) 11.175ms
[41.406s][info][gc          ] Allocation Stall (reactors-io-scheduler-ForkJoinPool-1-worker-5) 11.100ms
[41.406s][info][gc          ] Allocation Stall (reactors-io-scheduler-ForkJoinPool-1-worker-46) 11.557ms
[41.406s][info][gc          ] Allocation Stall (reactors-io-scheduler-ForkJoinPool-1-worker-4) 11.036ms
[41.406s][info][gc          ] Allocation Stall (reactors-io-scheduler-ForkJoinPool-1-worker-19) 11.059ms
[41.406s][info][gc          ] Allocation Stall (reactors-io-scheduler-ForkJoinPool-1-worker-26) 11.241ms
[41.406s][info][gc          ] Allocation Stall (reactors-io-scheduler-ForkJoinPool-1-worker-38) 11.381ms
[41.406s][info][gc          ] Allocation Stall (reactors-io-scheduler-ForkJoinPool-1-worker-37) 10.973ms
[41.406s][info][gc          ] Allocation Stall (reactors-io-scheduler-ForkJoinPool-1-worker-24) 11.124ms
[41.406s][info][gc          ] Allocation Stall (reactors-io-scheduler-ForkJoinPool-1-worker-44) 11.197ms
[41.406s][info][gc          ] Allocation Stall (reactors-io-scheduler-ForkJoinPool-1-worker-32) 13.159ms
[41.406s][info][gc          ] Allocation Stall (reactors-io-scheduler-ForkJoinPool-1-worker-36) 11.241ms
[41.406s][info][gc          ] Allocation Stall (reactors-io-scheduler-ForkJoinPool-1-worker-10) 11.585ms
[41.406s][info][gc          ] Allocation Stall (reactors-io-scheduler-ForkJoinPool-1-worker-15) 11.106ms
[41.406s][info][gc          ] Allocation Stall (reactors-io-scheduler-ForkJoinPool-1-worker-16) 11.736ms
[41.406s][info][gc          ] Allocation Stall (reactors-io-scheduler-ForkJoinPool-1-worker-12) 13.216ms
[41.406s][info][gc          ] Allocation Stall (reactors-io-scheduler-ForkJoinPool-1-worker-1) 11.626ms
[41.406s][info][gc          ] Allocation Stall (reactors-io-scheduler-ForkJoinPool-1-worker-45) 11.902ms
[41.406s][info][gc          ] Allocation Stall (reactors-io-scheduler-ForkJoinPool-1-worker-33) 11.924ms
[41.406s][info][gc          ] Allocation Stall (reactors-io-scheduler-ForkJoinPool-1-worker-13) 11.841ms
[41.406s][info][gc          ] Allocation Stall (reactors-io-scheduler-ForkJoinPool-1-worker-31) 12.000ms
[41.406s][info][gc          ] Allocation Stall (reactors-io-scheduler-ForkJoinPool-1-worker-40) 11.993ms
[41.406s][info][gc          ] Allocation Stall (reactors-io-scheduler-ForkJoinPool-1-worker-11) 12.023ms
[41.406s][info][gc          ] Allocation Stall (reactors-io-scheduler-ForkJoinPool-1-worker-27) 12.006ms
[41.406s][info][gc          ] Allocation Stall (reactors-io-scheduler-ForkJoinPool-1-worker-43) 12.124ms
[41.406s][info][gc          ] Allocation Stall (reactors-io-scheduler-ForkJoinPool-1-worker-22) 12.265ms
[41.406s][info][gc          ] Allocation Stall (reactors-io-scheduler-ForkJoinPool-1-worker-29) 12.217ms
[41.406s][info][gc          ] Allocation Stall (reactors-io-scheduler-ForkJoinPool-1-worker-21) 12.358ms
[41.406s][info][gc          ] Allocation Stall (reactors-io-scheduler-ForkJoinPool-1-worker-25) 12.943ms
[41.406s][info][gc          ] Allocation Stall (reactors-io-scheduler-ForkJoinPool-1-worker-7) 13.077ms
[41.406s][info][gc          ] Allocation Stall (reactors-io-scheduler-ForkJoinPool-1-worker-28) 13.825ms
[41.406s][info][gc          ] Allocation Stall (reactors-io-scheduler-ForkJoinPool-1-worker-9) 13.645ms
[41.406s][info][gc          ] Allocation Stall (reactors-io-scheduler-ForkJoinPool-1-worker-2) 13.090ms
[41.406s][info][gc          ] Allocation Stall (reactors-io-scheduler-ForkJoinPool-1-worker-6) 14.865ms
[41.417s][info][gc,phases   ] GC(64) Concurrent Select Relocation Set 11.069ms
[41.417s][info][gc,phases   ] GC(64) Pause Relocate Start 0.010ms
[41.441s][info][gc          ] Allocation Stall (reactors-io-scheduler-ForkJoinPool-1-worker-35) 0.124ms
[41.442s][info][gc          ] Allocation Stall (reactors-io-scheduler-ForkJoinPool-1-worker-43) 1.226ms
[41.442s][info][gc          ] Allocation Stall (reactors-io-scheduler-ForkJoinPool-1-worker-48) 1.321ms
[41.445s][info][gc          ] Allocation Stall (reactors-io-scheduler-ForkJoinPool-1-worker-5) 4.076ms
[41.445s][info][gc,phases   ] GC(64) Concurrent Relocate 4.402ms
[41.445s][info][gc,load     ] GC(64) Load: 0.00/0.00/0.00
[41.445s][info][gc,mmu      ] GC(64) MMU: 2ms/95.8%, 5ms/98.3%, 10ms/99.2%, 20ms/99.6%, 50ms/99.8%, 100ms/99.9%
[41.445s][info][gc,marking  ] GC(64) Mark: 8 stripe(s), 2 proactive flush(es), 1 terminate flush(es), 0 completion(s), 0 continuation(s) 
[41.445s][info][gc,marking  ] GC(64) Mark Stack Usage: 32M
[41.445s][info][gc,nmethod  ] GC(64) NMethods: 651 registered, 6 unregistered
[41.445s][info][gc,metaspace] GC(64) Metaspace: 16M used, 16M committed, 1088M reserved
[41.445s][info][gc,ref      ] GC(64) Soft: 171 encountered, 0 discovered, 0 enqueued
[41.445s][info][gc,ref      ] GC(64) Weak: 967 encountered, 50 discovered, 2 enqueued
[41.445s][info][gc,ref      ] GC(64) Final: 0 encountered, 0 discovered, 0 enqueued
[41.445s][info][gc,ref      ] GC(64) Phantom: 35 encountered, 23 discovered, 0 enqueued
[41.445s][info][gc,reloc    ] GC(64) Small Pages: 264 / 528M, Empty: 246M, Relocated: 5M, In-Place: 9
[41.445s][info][gc,reloc    ] GC(64) Medium Pages: 0 / 0M, Empty: 0M, Relocated: 0M, In-Place: 0
[41.445s][info][gc,reloc    ] GC(64) Large Pages: 0 / 0M, Empty: 0M, Relocated: 0M, In-Place: 0
[41.446s][info][gc,reloc    ] GC(64) Forwarding Usage: 2M
[41.446s][info][gc,heap     ] GC(64) Min Capacity: 8M(1%)
[41.446s][info][gc,heap     ] GC(64) Max Capacity: 1024M(100%)
[41.446s][info][gc,heap     ] GC(64) Soft Max Capacity: 1024M(100%)
[41.446s][info][gc,heap     ] GC(64)                Mark Start          Mark End        Relocate Start      Relocate End           High               Low         
[41.446s][info][gc,heap     ] GC(64)  Capacity:     1024M (100%)       1024M (100%)       1024M (100%)       1024M (100%)       1024M (100%)       1024M (100%)   
[41.446s][info][gc,heap     ] GC(64)      Free:      496M (48%)           0M (0%)          148M (14%)         224M (22%)         496M (48%)           0M (0%)     
[41.446s][info][gc,heap     ] GC(64)      Used:      528M (52%)        1024M (100%)        876M (86%)         800M (78%)        1024M (100%)        528M (52%)    
[41.446s][info][gc,heap     ] GC(64)      Live:         -                14M (1%)           14M (1%)           14M (1%)             -                  -          
[41.446s][info][gc,heap     ] GC(64) Allocated:         -               496M (48%)         594M (58%)         767M (75%)            -                  -          
[41.446s][info][gc,heap     ] GC(64)   Garbage:         -               513M (50%)         267M (26%)          18M (2%)             -                  -          
[41.446s][info][gc,heap     ] GC(64) Reclaimed:         -                  -               246M (24%)         495M (48%)            -                  -          
[41.446s][info][gc          ] GC(64) Garbage Collection (Allocation Rate) 528M(52%)->800M(78%)
[41.483s][info][gc,start    ] GC(65) Garbage Collection (Allocation Stall)
[41.483s][info][gc,ref      ] GC(65) Clearing All SoftReferences
[41.483s][info][gc,task     ] GC(65) Using 10 workers
[41.483s][info][gc,ref      ] GC(65) Clearing All SoftReferences
[41.483s][info][gc,phases   ] GC(65) Pause Mark Start 0.046ms
[41.499s][info][gc,phases   ] GC(65) Concurrent Mark 15.656ms
[41.499s][info][gc,phases   ] GC(65) Pause Mark End 0.014ms
[41.499s][info][gc,phases   ] GC(65) Concurrent Mark Free 0.001ms
[41.499s][info][gc,phases   ] GC(65) Concurrent Process Non-Strong References 0.329ms
[41.499s][info][gc,phases   ] GC(65) Concurrent Reset Relocation Set 0.015ms
[41.499s][info][gc          ] Allocation Stall (reactors-io-scheduler-ForkJoinPool-1-worker-30) 16.315ms
[41.499s][info][gc          ] Allocation Stall (reactors-io-scheduler-ForkJoinPool-1-worker-43) 16.330ms
[41.499s][info][gc          ] Allocation Stall (reactors-io-scheduler-ForkJoinPool-1-worker-31) 16.324ms
[41.499s][info][gc          ] Allocation Stall (reactors-io-scheduler-ForkJoinPool-1-worker-37) 16.327ms
[41.499s][info][gc          ] Allocation Stall (reactors-io-scheduler-ForkJoinPool-1-worker-23) 16.351ms
[41.499s][info][gc          ] Allocation Stall (reactors-io-scheduler-ForkJoinPool-1-worker-48) 16.373ms
[41.499s][info][gc          ] Allocation Stall (reactors-io-scheduler-ForkJoinPool-1-worker-19) 16.322ms
[41.499s][info][gc          ] Allocation Stall (reactors-io-scheduler-ForkJoinPool-1-worker-28) 16.337ms
[41.499s][info][gc          ] Allocation Stall (reactors-io-scheduler-ForkJoinPool-1-worker-46) 16.352ms
[41.499s][info][gc          ] Allocation Stall (reactors-io-scheduler-ForkJoinPool-1-worker-20) 16.386ms
[41.499s][info][gc          ] Allocation Stall (reactors-io-scheduler-ForkJoinPool-1-worker-44) 16.341ms
[41.499s][info][gc          ] Allocation Stall (reactors-io-scheduler-ForkJoinPool-1-worker-40) 16.369ms
[41.499s][info][gc          ] Allocation Stall (reactors-io-scheduler-ForkJoinPool-1-worker-11) 16.415ms
[41.499s][info][gc          ] Allocation Stall (reactors-io-scheduler-ForkJoinPool-1-worker-17) 16.351ms
[41.499s][info][gc          ] Allocation Stall (reactors-io-scheduler-ForkJoinPool-1-worker-8) 16.322ms
[41.499s][info][gc          ] Allocation Stall (reactors-io-scheduler-ForkJoinPool-1-worker-4) 16.384ms
[41.499s][info][gc          ] Allocation Stall (reactors-io-scheduler-ForkJoinPool-1-worker-21) 16.425ms
[41.500s][info][gc          ] Allocation Stall (reactors-io-scheduler-ForkJoinPool-1-worker-12) 16.378ms
[41.500s][info][gc          ] Allocation Stall (reactors-io-scheduler-ForkJoinPool-1-worker-6) 16.380ms
[41.500s][info][gc          ] Allocation Stall (reactors-io-scheduler-ForkJoinPool-1-worker-29) 16.450ms
[41.500s][info][gc          ] Allocation Stall (reactors-io-scheduler-ForkJoinPool-1-worker-13) 16.393ms
[41.500s][info][gc          ] Allocation Stall (reactors-io-scheduler-ForkJoinPool-1-worker-1) 16.420ms
[41.500s][info][gc          ] Allocation Stall (reactors-io-scheduler-ForkJoinPool-1-worker-3) 16.480ms
[41.500s][info][gc          ] Allocation Stall (reactors-io-scheduler-ForkJoinPool-1-worker-16) 16.992ms
[41.500s][info][gc          ] Allocation Stall (reactors-io-scheduler-ForkJoinPool-1-worker-18) 16.451ms
[41.500s][info][gc          ] Allocation Stall (reactors-io-scheduler-ForkJoinPool-1-worker-39) 16.441ms
[41.500s][info][gc          ] Allocation Stall (reactors-io-scheduler-ForkJoinPool-1-worker-5) 16.405ms
[41.500s][info][gc          ] Allocation Stall (reactors-io-scheduler-ForkJoinPool-1-worker-22) 16.401ms
[41.500s][info][gc          ] Allocation Stall (reactors-io-scheduler-ForkJoinPool-1-worker-32) 16.409ms
[41.500s][info][gc          ] Allocation Stall (reactors-io-scheduler-ForkJoinPool-1-worker-34) 16.407ms
[41.500s][info][gc          ] Allocation Stall (reactors-io-scheduler-ForkJoinPool-1-worker-35) 16.419ms
[41.500s][info][gc          ] Allocation Stall (reactors-io-scheduler-ForkJoinPool-1-worker-10) 16.457ms
[41.500s][info][gc          ] Allocation Stall (reactors-io-scheduler-ForkJoinPool-1-worker-25) 16.413ms
[41.500s][info][gc          ] Allocation Stall (reactors-io-scheduler-ForkJoinPool-1-worker-27) 16.385ms
[41.500s][info][gc          ] Allocation Stall (reactors-io-scheduler-ForkJoinPool-1-worker-26) 16.441ms
[41.500s][info][gc          ] Allocation Stall (reactors-io-scheduler-ForkJoinPool-1-worker-47) 16.472ms
[41.500s][info][gc          ] Allocation Stall (reactors-io-scheduler-ForkJoinPool-1-worker-9) 16.452ms
[41.500s][info][gc          ] Allocation Stall (reactors-io-scheduler-ForkJoinPool-1-worker-15) 16.429ms
[41.500s][info][gc          ] Allocation Stall (reactors-io-scheduler-ForkJoinPool-1-worker-24) 16.429ms
[41.500s][info][gc          ] Allocation Stall (reactors-io-scheduler-ForkJoinPool-1-worker-38) 16.476ms
[41.500s][info][gc          ] Allocation Stall (reactors-io-scheduler-ForkJoinPool-1-worker-42) 16.447ms
[41.500s][info][gc          ] Allocation Stall (reactors-io-scheduler-ForkJoinPool-1-worker-2) 16.438ms
[41.500s][info][gc          ] Allocation Stall (reactors-io-scheduler-ForkJoinPool-1-worker-45) 16.434ms
[41.500s][info][gc          ] Allocation Stall (reactors-io-scheduler-ForkJoinPool-1-worker-33) 16.454ms
[41.500s][info][gc          ] Allocation Stall (reactors-io-scheduler-ForkJoinPool-1-worker-7) 16.469ms
[41.500s][info][gc          ] Allocation Stall (reactors-io-scheduler-ForkJoinPool-1-worker-14) 16.466ms
[41.500s][info][gc          ] Allocation Stall (reactors-io-scheduler-ForkJoinPool-1-worker-41) 16.501ms
[41.500s][info][gc          ] Allocation Stall (reactors-io-scheduler-ForkJoinPool-1-worker-36) 16.471ms
[41.506s][info][gc,phases   ] GC(65) Concurrent Select Relocation Set 6.712ms
[41.506s][info][gc,phases   ] GC(65) Pause Relocate Start 0.007ms
[41.624s][info][gc          ] Allocation Stall (reactors-io-scheduler-ForkJoinPool-1-worker-15) 0.468ms
[41.624s][info][gc          ] Allocation Stall (reactors-io-scheduler-ForkJoinPool-1-worker-18) 0.303ms
[41.624s][info][gc          ] Allocation Stall (reactors-io-scheduler-ForkJoinPool-1-worker-26) 0.317ms
[41.625s][info][gc          ] Allocation Stall (reactors-io-scheduler-ForkJoinPool-1-worker-22) 0.294ms
[41.625s][info][gc          ] Allocation Stall (reactors-io-scheduler-ForkJoinPool-1-worker-45) 0.249ms
[41.625s][info][gc          ] Allocation Stall (reactors-io-scheduler-ForkJoinPool-1-worker-46) 0.207ms
[41.625s][info][gc          ] Allocation Stall (reactors-io-scheduler-ForkJoinPool-1-worker-33) 0.141ms
[41.626s][info][gc          ] Allocation Stall (reactors-io-scheduler-ForkJoinPool-1-worker-25) 1.658ms
[41.626s][info][gc          ] Allocation Stall (reactors-io-scheduler-ForkJoinPool-1-worker-11) 1.517ms
[41.626s][info][gc          ] Allocation Stall (reactors-io-scheduler-ForkJoinPool-1-worker-27) 1.422ms
[41.626s][info][gc          ] Allocation Stall (reactors-io-scheduler-ForkJoinPool-1-worker-4) 1.599ms
[41.626s][info][gc          ] Allocation Stall (reactors-io-scheduler-ForkJoinPool-1-worker-31) 1.507ms
[41.629s][info][gc          ] Allocation Stall (reactors-io-scheduler-ForkJoinPool-1-worker-6) 4.366ms
[41.629s][info][gc          ] Allocation Stall (reactors-io-scheduler-ForkJoinPool-1-worker-2) 4.798ms
[41.629s][info][gc          ] Allocation Stall (reactors-io-scheduler-ForkJoinPool-1-worker-21) 4.835ms
[41.629s][info][gc,phases   ] GC(65) Concurrent Relocate 4.795ms
[41.629s][info][gc,load     ] GC(65) Load: 0.00/0.00/0.00
[41.629s][info][gc,mmu      ] GC(65) MMU: 2ms/95.8%, 5ms/98.3%, 10ms/99.2%, 20ms/99.6%, 50ms/99.8%, 100ms/99.9%
[41.629s][info][gc,marking  ] GC(65) Mark: 8 stripe(s), 2 proactive flush(es), 1 terminate flush(es), 0 completion(s), 0 continuation(s) 
[41.629s][info][gc,marking  ] GC(65) Mark Stack Usage: 32M
[41.629s][info][gc,nmethod  ] GC(65) NMethods: 651 registered, 7 unregistered
[41.629s][info][gc,metaspace] GC(65) Metaspace: 16M used, 16M committed, 1088M reserved
[41.629s][info][gc,ref      ] GC(65) Soft: 171 encountered, 50 discovered, 0 enqueued
[41.629s][info][gc,ref      ] GC(65) Weak: 965 encountered, 72 discovered, 1 enqueued
[41.629s][info][gc,ref      ] GC(65) Final: 0 encountered, 0 discovered, 0 enqueued
[41.629s][info][gc,ref      ] GC(65) Phantom: 35 encountered, 25 discovered, 0 enqueued
[41.629s][info][gc,reloc    ] GC(65) Small Pages: 512 / 1024M, Empty: 640M, Relocated: 5M, In-Place: 5
[41.629s][info][gc,reloc    ] GC(65) Medium Pages: 0 / 0M, Empty: 0M, Relocated: 0M, In-Place: 0
[41.629s][info][gc,reloc    ] GC(65) Large Pages: 0 / 0M, Empty: 0M, Relocated: 0M, In-Place: 0
[41.629s][info][gc,reloc    ] GC(65) Forwarding Usage: 1M
[41.629s][info][gc,heap     ] GC(65) Min Capacity: 8M(1%)
[41.629s][info][gc,heap     ] GC(65) Max Capacity: 1024M(100%)
[41.629s][info][gc,heap     ] GC(65) Soft Max Capacity: 1024M(100%)
[41.630s][info][gc,heap     ] GC(65)                Mark Start          Mark End        Relocate Start      Relocate End           High               Low         
[41.630s][info][gc,heap     ] GC(65)  Capacity:     1024M (100%)       1024M (100%)       1024M (100%)       1024M (100%)       1024M (100%)       1024M (100%)   
[41.630s][info][gc,heap     ] GC(65)      Free:        0M (0%)            0M (0%)          594M (58%)         324M (32%)         620M (61%)           0M (0%)     
[41.630s][info][gc,heap     ] GC(65)      Used:     1024M (100%)       1024M (100%)        430M (42%)         700M (68%)        1024M (100%)        404M (39%)    
[41.630s][info][gc,heap     ] GC(65)      Live:         -                13M (1%)           13M (1%)           13M (1%)             -                  -          
[41.630s][info][gc,heap     ] GC(65) Allocated:         -                 0M (0%)           46M (4%)          667M (65%)            -                  -          
[41.630s][info][gc,heap     ] GC(65)   Garbage:         -              1010M (99%)         370M (36%)          18M (2%)             -                  -          
[41.630s][info][gc,heap     ] GC(65) Reclaimed:         -                  -               640M (63%)         991M (97%)            -                  -          
[41.630s][info][gc          ] GC(65) Garbage Collection (Allocation Stall) 1024M(100%)->700M(68%)
[41.691s][info][gc,start    ] GC(66) Garbage Collection (Allocation Stall)
[41.691s][info][gc,ref      ] GC(66) Clearing All SoftReferences
[41.691s][info][gc,task     ] GC(66) Using 10 workers
[41.691s][info][gc,ref      ] GC(66) Clearing All SoftReferences
[41.692s][info][gc,phases   ] GC(66) Pause Mark Start 0.047ms
[41.700s][info][gc,phases   ] GC(66) Concurrent Mark 7.850ms
[41.700s][info][gc,phases   ] GC(66) Pause Mark End 0.011ms
[41.700s][info][gc,phases   ] GC(66) Concurrent Mark Free 0.000ms
[41.700s][info][gc,phases   ] GC(66) Concurrent Process Non-Strong References 0.268ms
[41.700s][info][gc,phases   ] GC(66) Concurrent Reset Relocation Set 0.024ms
[41.700s][info][gc          ] Allocation Stall (reactors-io-scheduler-ForkJoinPool-1-worker-10) 8.484ms
[41.700s][info][gc          ] Allocation Stall (reactors-io-scheduler-ForkJoinPool-1-worker-44) 8.406ms
[41.700s][info][gc          ] Allocation Stall (reactors-io-scheduler-ForkJoinPool-1-worker-20) 8.403ms
[41.700s][info][gc          ] Allocation Stall (reactors-io-scheduler-ForkJoinPool-1-worker-26) 8.418ms
[41.700s][info][gc          ] Allocation Stall (reactors-io-scheduler-ForkJoinPool-1-worker-19) 8.428ms
[41.700s][info][gc          ] Allocation Stall (reactors-io-scheduler-ForkJoinPool-1-worker-36) 8.421ms
[41.700s][info][gc          ] Allocation Stall (reactors-io-scheduler-ForkJoinPool-1-worker-17) 8.443ms
[41.700s][info][gc          ] Allocation Stall (reactors-io-scheduler-ForkJoinPool-1-worker-33) 8.448ms
[41.700s][info][gc          ] Allocation Stall (reactors-io-scheduler-ForkJoinPool-1-worker-48) 8.414ms
[41.700s][info][gc          ] Allocation Stall (reactors-io-scheduler-ForkJoinPool-1-worker-15) 8.443ms
[41.700s][info][gc          ] Allocation Stall (reactors-io-scheduler-ForkJoinPool-1-worker-13) 8.472ms
[41.700s][info][gc          ] Allocation Stall (reactors-io-scheduler-ForkJoinPool-1-worker-38) 8.456ms
[41.700s][info][gc          ] Allocation Stall (reactors-io-scheduler-ForkJoinPool-1-worker-5) 8.442ms
[41.700s][info][gc          ] Allocation Stall (reactors-io-scheduler-ForkJoinPool-1-worker-7) 8.472ms
[41.700s][info][gc          ] Allocation Stall (reactors-io-scheduler-ForkJoinPool-1-worker-22) 8.481ms
[41.700s][info][gc          ] Allocation Stall (reactors-io-scheduler-ForkJoinPool-1-worker-45) 8.458ms
[41.700s][info][gc          ] Allocation Stall (reactors-io-scheduler-ForkJoinPool-1-worker-39) 8.483ms
[41.700s][info][gc          ] Allocation Stall (reactors-io-scheduler-ForkJoinPool-1-worker-11) 8.457ms
[41.700s][info][gc          ] Allocation Stall (reactors-io-scheduler-ForkJoinPool-1-worker-29) 8.490ms
[41.700s][info][gc          ] Allocation Stall (reactors-io-scheduler-ForkJoinPool-1-worker-1) 8.467ms
[41.700s][info][gc          ] Allocation Stall (reactors-io-scheduler-ForkJoinPool-1-worker-16) 8.468ms
[41.700s][info][gc          ] Allocation Stall (reactors-io-scheduler-ForkJoinPool-1-worker-42) 8.480ms
[41.700s][info][gc          ] Allocation Stall (reactors-io-scheduler-ForkJoinPool-1-worker-30) 8.452ms
[41.700s][info][gc          ] Allocation Stall (reactors-io-scheduler-ForkJoinPool-1-worker-2) 8.444ms
[41.700s][info][gc          ] Allocation Stall (reactors-io-scheduler-ForkJoinPool-1-worker-37) 8.491ms
[41.700s][info][gc          ] Allocation Stall (reactors-io-scheduler-ForkJoinPool-1-worker-46) 8.514ms
[41.700s][info][gc          ] Allocation Stall (reactors-io-scheduler-ForkJoinPool-1-worker-23) 8.437ms
[41.700s][info][gc          ] Allocation Stall (reactors-io-scheduler-ForkJoinPool-1-worker-34) 8.493ms
[41.700s][info][gc          ] Allocation Stall (reactors-io-scheduler-ForkJoinPool-1-worker-32) 8.528ms
[41.700s][info][gc          ] Allocation Stall (reactors-io-scheduler-ForkJoinPool-1-worker-28) 8.493ms
[41.700s][info][gc          ] Allocation Stall (reactors-io-scheduler-ForkJoinPool-1-worker-43) 8.511ms
[41.700s][info][gc          ] Allocation Stall (reactors-io-scheduler-ForkJoinPool-1-worker-6) 8.445ms
[41.700s][info][gc          ] Allocation Stall (reactors-io-scheduler-ForkJoinPool-1-worker-3) 8.496ms
[41.700s][info][gc          ] Allocation Stall (reactors-io-scheduler-ForkJoinPool-1-worker-12) 8.514ms
[41.700s][info][gc          ] Allocation Stall (reactors-io-scheduler-ForkJoinPool-1-worker-31) 8.484ms
[41.700s][info][gc          ] Allocation Stall (reactors-io-scheduler-ForkJoinPool-1-worker-4) 9.022ms
[41.700s][info][gc          ] Allocation Stall (reactors-io-scheduler-ForkJoinPool-1-worker-24) 8.488ms
[41.700s][info][gc          ] Allocation Stall (reactors-io-scheduler-ForkJoinPool-1-worker-41) 8.509ms
[41.700s][info][gc          ] Allocation Stall (reactors-io-scheduler-ForkJoinPool-1-worker-21) 8.551ms
[41.700s][info][gc          ] Allocation Stall (reactors-io-scheduler-ForkJoinPool-1-worker-18) 8.522ms
[41.700s][info][gc          ] Allocation Stall (reactors-io-scheduler-ForkJoinPool-1-worker-8) 8.489ms
[41.700s][info][gc          ] Allocation Stall (reactors-io-scheduler-ForkJoinPool-1-worker-25) 8.559ms
[41.700s][info][gc          ] Allocation Stall (reactors-io-scheduler-ForkJoinPool-1-worker-14) 8.542ms
[41.700s][info][gc          ] Allocation Stall (reactors-io-scheduler-ForkJoinPool-1-worker-40) 8.527ms
[41.700s][info][gc          ] Allocation Stall (reactors-io-scheduler-ForkJoinPool-1-worker-9) 8.505ms
[41.700s][info][gc          ] Allocation Stall (reactors-io-scheduler-ForkJoinPool-1-worker-47) 8.534ms
[41.700s][info][gc          ] Allocation Stall (reactors-io-scheduler-ForkJoinPool-1-worker-27) 8.514ms
[41.700s][info][gc          ] Allocation Stall (reactors-io-scheduler-ForkJoinPool-1-worker-35) 8.512ms
[41.707s][info][gc,phases   ] GC(66) Concurrent Select Relocation Set 6.721ms
[41.707s][info][gc,phases   ] GC(66) Pause Relocate Start 0.007ms
[41.710s][info][gc,phases   ] GC(66) Concurrent Relocate 3.039ms
[41.710s][info][gc,load     ] GC(66) Load: 0.00/0.00/0.00
[41.710s][info][gc,mmu      ] GC(66) MMU: 2ms/95.8%, 5ms/98.3%, 10ms/99.2%, 20ms/99.6%, 50ms/99.8%, 100ms/99.9%
[41.710s][info][gc,marking  ] GC(66) Mark: 8 stripe(s), 2 proactive flush(es), 1 terminate flush(es), 0 completion(s), 0 continuation(s) 
[41.710s][info][gc,marking  ] GC(66) Mark Stack Usage: 32M
[41.710s][info][gc,nmethod  ] GC(66) NMethods: 650 registered, 9 unregistered
[41.710s][info][gc,metaspace] GC(66) Metaspace: 16M used, 16M committed, 1088M reserved
[41.710s][info][gc,ref      ] GC(66) Soft: 171 encountered, 63 discovered, 0 enqueued
[41.710s][info][gc,ref      ] GC(66) Weak: 965 encountered, 89 discovered, 4 enqueued
[41.710s][info][gc,ref      ] GC(66) Final: 0 encountered, 0 discovered, 0 enqueued
[41.710s][info][gc,ref      ] GC(66) Phantom: 35 encountered, 27 discovered, 0 enqueued
[41.710s][info][gc,reloc    ] GC(66) Small Pages: 512 / 1024M, Empty: 586M, Relocated: 5M, In-Place: 0
[41.710s][info][gc,reloc    ] GC(66) Medium Pages: 0 / 0M, Empty: 0M, Relocated: 0M, In-Place: 0
[41.710s][info][gc,reloc    ] GC(66) Large Pages: 0 / 0M, Empty: 0M, Relocated: 0M, In-Place: 0
[41.710s][info][gc,reloc    ] GC(66) Forwarding Usage: 1M
[41.710s][info][gc,heap     ] GC(66) Min Capacity: 8M(1%)
[41.710s][info][gc,heap     ] GC(66) Max Capacity: 1024M(100%)
[41.710s][info][gc,heap     ] GC(66) Soft Max Capacity: 1024M(100%)
[41.710s][info][gc,heap     ] GC(66)                Mark Start          Mark End        Relocate Start      Relocate End           High               Low         
[41.710s][info][gc,heap     ] GC(66)  Capacity:     1024M (100%)       1024M (100%)       1024M (100%)       1024M (100%)       1024M (100%)       1024M (100%)   
[41.710s][info][gc,heap     ] GC(66)      Free:        0M (0%)            0M (0%)          546M (53%)         934M (91%)         936M (91%)           0M (0%)     
[41.710s][info][gc,heap     ] GC(66)      Used:     1024M (100%)       1024M (100%)        478M (47%)          90M (9%)         1024M (100%)         88M (9%)     
[41.710s][info][gc,heap     ] GC(66)      Live:         -                14M (1%)           14M (1%)           14M (1%)             -                  -          
[41.711s][info][gc,heap     ] GC(66) Allocated:         -                 0M (0%)           40M (4%)           57M (6%)             -                  -          
[41.711s][info][gc,heap     ] GC(66)   Garbage:         -              1009M (99%)         423M (41%)          18M (2%)             -                  -          
[41.711s][info][gc,heap     ] GC(66) Reclaimed:         -                  -               586M (57%)         991M (97%)            -                  -          
[41.711s][info][gc          ] GC(66) Garbage Collection (Allocation Stall) 1024M(100%)->90M(9%)
[41.801s][info][gc,start    ] GC(67) Garbage Collection (Allocation Stall)
[41.801s][info][gc,ref      ] GC(67) Clearing All SoftReferences
[41.801s][info][gc,task     ] GC(67) Using 10 workers
[41.801s][info][gc,ref      ] GC(67) Clearing All SoftReferences
[41.801s][info][gc,phases   ] GC(67) Pause Mark Start 0.045ms
[41.894s][info][gc,phases   ] GC(67) Concurrent Mark 11.106ms
[41.895s][info][gc,phases   ] GC(67) Pause Mark End 0.013ms
[41.895s][info][gc,phases   ] GC(67) Concurrent Mark Free 0.000ms
[41.895s][info][gc,phases   ] GC(67) Concurrent Process Non-Strong References 0.259ms
[41.895s][info][gc,phases   ] GC(67) Concurrent Reset Relocation Set 0.026ms
[41.895s][info][gc          ] Allocation Stall (reactors-io-scheduler-ForkJoinPool-1-worker-20) 10.574ms
[41.895s][info][gc          ] Allocation Stall (reactors-io-scheduler-ForkJoinPool-1-worker-35) 10.561ms
[41.895s][info][gc          ] Allocation Stall (reactors-io-scheduler-ForkJoinPool-1-worker-37) 10.667ms
[41.895s][info][gc          ] Allocation Stall (reactors-io-scheduler-ForkJoinPool-1-worker-18) 10.706ms
[41.895s][info][gc          ] Allocation Stall (reactors-io-scheduler-ForkJoinPool-1-worker-16) 10.702ms
[41.895s][info][gc          ] Allocation Stall (reactors-io-scheduler-ForkJoinPool-1-worker-47) 10.544ms
[41.895s][info][gc          ] Allocation Stall (reactors-io-scheduler-ForkJoinPool-1-worker-33) 10.529ms
[41.895s][info][gc          ] Allocation Stall (reactors-io-scheduler-ForkJoinPool-1-worker-10) 10.564ms
[41.895s][info][gc          ] Allocation Stall (reactors-io-scheduler-ForkJoinPool-1-worker-6) 10.491ms
[41.895s][info][gc          ] Allocation Stall (reactors-io-scheduler-ForkJoinPool-1-worker-36) 10.586ms
[41.895s][info][gc          ] Allocation Stall (reactors-io-scheduler-ForkJoinPool-1-worker-11) 10.724ms
[41.895s][info][gc          ] Allocation Stall (reactors-io-scheduler-ForkJoinPool-1-worker-41) 10.582ms
[41.895s][info][gc          ] Allocation Stall (reactors-io-scheduler-ForkJoinPool-1-worker-25) 11.172ms
[41.895s][info][gc          ] Allocation Stall (reactors-io-scheduler-ForkJoinPool-1-worker-7) 11.184ms
[41.895s][info][gc          ] Allocation Stall (reactors-io-scheduler-ForkJoinPool-1-worker-28) 10.583ms
[41.895s][info][gc          ] Allocation Stall (reactors-io-scheduler-ForkJoinPool-1-worker-46) 10.724ms
[41.895s][info][gc          ] Allocation Stall (reactors-io-scheduler-ForkJoinPool-1-worker-39) 10.938ms
[41.895s][info][gc          ] Allocation Stall (reactors-io-scheduler-ForkJoinPool-1-worker-2) 10.641ms
[41.895s][info][gc          ] Allocation Stall (reactors-io-scheduler-ForkJoinPool-1-worker-3) 10.592ms
[41.895s][info][gc          ] Allocation Stall (reactors-io-scheduler-ForkJoinPool-1-worker-1) 11.178ms
[41.895s][info][gc          ] Allocation Stall (reactors-io-scheduler-ForkJoinPool-1-worker-8) 11.655ms
[41.895s][info][gc          ] Allocation Stall (reactors-io-scheduler-ForkJoinPool-1-worker-19) 10.644ms
[41.895s][info][gc          ] Allocation Stall (reactors-io-scheduler-ForkJoinPool-1-worker-5) 11.247ms
[41.895s][info][gc          ] Allocation Stall (reactors-io-scheduler-ForkJoinPool-1-worker-21) 11.267ms
[41.895s][info][gc          ] Allocation Stall (reactors-io-scheduler-ForkJoinPool-1-worker-23) 11.869ms
[41.895s][info][gc          ] Allocation Stall (reactors-io-scheduler-ForkJoinPool-1-worker-38) 11.751ms
[41.895s][info][gc          ] Allocation Stall (reactors-io-scheduler-ForkJoinPool-1-worker-22) 10.632ms
[41.895s][info][gc          ] Allocation Stall (reactors-io-scheduler-ForkJoinPool-1-worker-30) 10.932ms
[41.895s][info][gc          ] Allocation Stall (reactors-io-scheduler-ForkJoinPool-1-worker-31) 11.250ms
[41.895s][info][gc          ] Allocation Stall (reactors-io-scheduler-ForkJoinPool-1-worker-42) 11.145ms
[41.895s][info][gc          ] Allocation Stall (reactors-io-scheduler-ForkJoinPool-1-worker-13) 11.839ms
[41.895s][info][gc          ] Allocation Stall (reactors-io-scheduler-ForkJoinPool-1-worker-48) 10.537ms
[41.895s][info][gc          ] Allocation Stall (reactors-io-scheduler-ForkJoinPool-1-worker-34) 11.347ms
[41.895s][info][gc          ] Allocation Stall (reactors-io-scheduler-ForkJoinPool-1-worker-29) 11.137ms
[41.895s][info][gc          ] Allocation Stall (reactors-io-scheduler-ForkJoinPool-1-worker-32) 10.897ms
[41.895s][info][gc          ] Allocation Stall (reactors-io-scheduler-ForkJoinPool-1-worker-14) 10.686ms
[41.895s][info][gc          ] Allocation Stall (reactors-io-scheduler-ForkJoinPool-1-worker-26) 10.593ms
[41.895s][info][gc          ] Allocation Stall (reactors-io-scheduler-ForkJoinPool-1-worker-27) 11.505ms
[41.895s][info][gc          ] Allocation Stall (reactors-io-scheduler-ForkJoinPool-1-worker-9) 11.705ms
[41.895s][info][gc          ] Allocation Stall (reactors-io-scheduler-ForkJoinPool-1-worker-43) 11.524ms
[41.895s][info][gc          ] Allocation Stall (reactors-io-scheduler-ForkJoinPool-1-worker-4) 11.363ms
[41.895s][info][gc          ] Allocation Stall (reactors-io-scheduler-ForkJoinPool-1-worker-24) 11.801ms
[41.895s][info][gc          ] Allocation Stall (reactors-io-scheduler-ForkJoinPool-1-worker-12) 11.249ms
[41.895s][info][gc          ] Allocation Stall (reactors-io-scheduler-ForkJoinPool-1-worker-15) 11.274ms
[41.895s][info][gc          ] Allocation Stall (reactors-io-scheduler-ForkJoinPool-1-worker-40) 10.843ms
[41.895s][info][gc          ] Allocation Stall (reactors-io-scheduler-reanimator) 0.684ms
[41.895s][info][gc          ] Allocation Stall (reactors-io-scheduler-ForkJoinPool-1-worker-45) 11.763ms
[41.895s][info][gc          ] Allocation Stall (reactors-io-scheduler-ForkJoinPool-1-worker-17) 11.279ms
[41.895s][info][gc          ] Allocation Stall (reactors-io-scheduler-ForkJoinPool-1-worker-44) 10.731ms
[41.902s][info][gc,phases   ] GC(67) Concurrent Select Relocation Set 6.736ms
[41.902s][info][gc,phases   ] GC(67) Pause Relocate Start 0.010ms
[41.905s][info][gc,phases   ] GC(67) Concurrent Relocate 3.311ms
[41.905s][info][gc,load     ] GC(67) Load: 0.00/0.00/0.00
[41.905s][info][gc,mmu      ] GC(67) MMU: 2ms/95.8%, 5ms/98.3%, 10ms/99.2%, 20ms/99.6%, 50ms/99.8%, 100ms/99.9%
[41.905s][info][gc,marking  ] GC(67) Mark: 8 stripe(s), 2 proactive flush(es), 1 terminate flush(es), 0 completion(s), 0 continuation(s) 
[41.905s][info][gc,marking  ] GC(67) Mark Stack Usage: 32M
[41.905s][info][gc,nmethod  ] GC(67) NMethods: 650 registered, 9 unregistered
[41.905s][info][gc,metaspace] GC(67) Metaspace: 16M used, 16M committed, 1088M reserved
[41.905s][info][gc,ref      ] GC(67) Soft: 171 encountered, 52 discovered, 0 enqueued
[41.905s][info][gc,ref      ] GC(67) Weak: 962 encountered, 50 discovered, 0 enqueued
[41.905s][info][gc,ref      ] GC(67) Final: 0 encountered, 0 discovered, 0 enqueued
[41.905s][info][gc,ref      ] GC(67) Phantom: 35 encountered, 21 discovered, 0 enqueued
[41.906s][info][gc,reloc    ] GC(67) Small Pages: 295 / 590M, Empty: 300M, Relocated: 4M, In-Place: 0
[41.906s][info][gc,reloc    ] GC(67) Medium Pages: 0 / 0M, Empty: 0M, Relocated: 0M, In-Place: 0
[41.906s][info][gc,reloc    ] GC(67) Large Pages: 0 / 0M, Empty: 0M, Relocated: 0M, In-Place: 0
[41.906s][info][gc,reloc    ] GC(67) Forwarding Usage: 1M
[41.906s][info][gc,heap     ] GC(67) Min Capacity: 8M(1%)
[41.906s][info][gc,heap     ] GC(67) Max Capacity: 1024M(100%)
[41.906s][info][gc,heap     ] GC(67) Soft Max Capacity: 1024M(100%)
[41.906s][info][gc,heap     ] GC(67)                Mark Start          Mark End        Relocate Start      Relocate End           High               Low         
[41.906s][info][gc,heap     ] GC(67)  Capacity:     1024M (100%)       1024M (100%)       1024M (100%)       1024M (100%)       1024M (100%)       1024M (100%)   
[41.906s][info][gc,heap     ] GC(67)      Free:      434M (42%)           0M (0%)          256M (25%)         496M (48%)         500M (49%)           0M (0%)     
[41.906s][info][gc,heap     ] GC(67)      Used:      590M (58%)        1024M (100%)        768M (75%)         528M (52%)        1024M (100%)        524M (51%)    
[41.906s][info][gc,heap     ] GC(67)      Live:         -                13M (1%)           13M (1%)           13M (1%)             -                  -          
[41.906s][info][gc,heap     ] GC(67) Allocated:         -               434M (42%)         478M (47%)         495M (48%)            -                  -          
[41.906s][info][gc,heap     ] GC(67)   Garbage:         -               576M (56%)         276M (27%)          18M (2%)             -                  -          
[41.906s][info][gc,heap     ] GC(67) Reclaimed:         -                  -               300M (29%)         557M (54%)            -                  -          
[41.906s][info][gc          ] GC(67) Garbage Collection (Allocation Stall) 590M(58%)->528M(52%)
[41.910s][info][gc,start    ] GC(68) Garbage Collection (Allocation Stall)
[41.910s][info][gc,ref      ] GC(68) Clearing All SoftReferences
[41.910s][info][gc,task     ] GC(68) Using 10 workers
[41.910s][info][gc,ref      ] GC(68) Clearing All SoftReferences
[41.910s][info][gc,phases   ] GC(68) Pause Mark Start 0.033ms
[42.004s][info][gc,phases   ] GC(68) Concurrent Mark 62.470ms
[42.004s][info][gc,phases   ] GC(68) Pause Mark End 0.020ms
[42.004s][info][gc,phases   ] GC(68) Concurrent Mark Free 0.001ms
[42.004s][info][gc,phases   ] GC(68) Concurrent Process Non-Strong References 0.347ms
[42.004s][info][gc,phases   ] GC(68) Concurrent Reset Relocation Set 0.020ms
[42.005s][info][gc          ] Allocation Stall (reactors-io-scheduler-ForkJoinPool-1-worker-9) 12.149ms
[42.005s][info][gc          ] Allocation Stall (reactors-io-scheduler-ForkJoinPool-1-worker-3) 11.969ms
[42.005s][info][gc          ] Allocation Stall (reactors-io-scheduler-ForkJoinPool-1-worker-20) 12.215ms
[42.005s][info][gc          ] Allocation Stall (reactors-io-scheduler-ForkJoinPool-1-worker-10) 12.179ms
[42.005s][info][gc          ] Allocation Stall (reactors-io-scheduler-ForkJoinPool-1-worker-45) 12.251ms
[42.005s][info][gc          ] Allocation Stall (reactors-io-scheduler-ForkJoinPool-1-worker-12) 12.564ms
[42.005s][info][gc          ] Allocation Stall (reactors-io-scheduler-ForkJoinPool-1-worker-38) 11.973ms
[42.005s][info][gc          ] Allocation Stall (reactors-io-scheduler-ForkJoinPool-1-worker-19) 12.063ms
[42.005s][info][gc          ] Allocation Stall (reactors-io-scheduler-ForkJoinPool-1-worker-14) 12.395ms
[42.005s][info][gc          ] Allocation Stall (reactors-io-scheduler-ForkJoinPool-1-worker-11) 12.158ms
[42.005s][info][gc          ] Allocation Stall (reactors-io-scheduler-ForkJoinPool-1-worker-40) 12.683ms
[42.005s][info][gc          ] Allocation Stall (reactors-io-scheduler-ForkJoinPool-1-worker-47) 12.211ms
[42.005s][info][gc          ] Allocation Stall (reactors-io-scheduler-ForkJoinPool-1-worker-13) 12.479ms
[42.005s][info][gc          ] Allocation Stall (reactors-io-scheduler-ForkJoinPool-1-worker-25) 12.635ms
[42.005s][info][gc          ] Allocation Stall (reactors-io-scheduler-ForkJoinPool-1-worker-5) 12.389ms
[42.005s][info][gc          ] Allocation Stall (reactors-io-scheduler-ForkJoinPool-1-worker-43) 12.270ms
[42.005s][info][gc          ] Allocation Stall (reactors-io-scheduler-ForkJoinPool-1-worker-37) 12.697ms
[42.005s][info][gc          ] Allocation Stall (reactors-io-scheduler-ForkJoinPool-1-worker-44) 12.037ms
[42.005s][info][gc          ] Allocation Stall (reactors-io-scheduler-ForkJoinPool-1-worker-32) 12.072ms
[42.005s][info][gc          ] Allocation Stall (reactors-io-scheduler-ForkJoinPool-1-worker-27) 12.995ms
[42.005s][info][gc          ] Allocation Stall (reactors-io-scheduler-ForkJoinPool-1-worker-31) 12.067ms
[42.005s][info][gc          ] Allocation Stall (reactors-io-scheduler-ForkJoinPool-1-worker-35) 12.693ms
[42.005s][info][gc          ] Allocation Stall (reactors-io-scheduler-ForkJoinPool-1-worker-34) 12.564ms
[42.005s][info][gc          ] Allocation Stall (reactors-io-scheduler-ForkJoinPool-1-worker-28) 12.569ms
[42.005s][info][gc          ] Allocation Stall (reactors-io-scheduler-ForkJoinPool-1-worker-42) 12.582ms
[42.005s][info][gc          ] Allocation Stall (reactors-io-scheduler-ForkJoinPool-1-worker-18) 12.267ms
[42.005s][info][gc          ] Allocation Stall (reactors-io-scheduler-ForkJoinPool-1-worker-29) 13.042ms
[42.005s][info][gc          ] Allocation Stall (reactors-io-scheduler-ForkJoinPool-1-worker-48) 12.652ms
[42.005s][info][gc          ] Allocation Stall (reactors-io-scheduler-ForkJoinPool-1-worker-2) 12.820ms
[42.005s][info][gc          ] Allocation Stall (reactors-io-scheduler-ForkJoinPool-1-worker-21) 12.584ms
[42.005s][info][gc          ] Allocation Stall (reactors-io-scheduler-ForkJoinPool-1-worker-33) 12.077ms
[42.005s][info][gc          ] Allocation Stall (reactors-io-scheduler-ForkJoinPool-1-worker-17) 12.323ms
[42.005s][info][gc          ] Allocation Stall (reactors-io-scheduler-ForkJoinPool-1-worker-8) 12.568ms
[42.005s][info][gc          ] Allocation Stall (reactors-io-scheduler-ForkJoinPool-1-worker-30) 12.062ms
[42.005s][info][gc          ] Allocation Stall (reactors-io-scheduler-ForkJoinPool-1-worker-23) 12.876ms
[42.005s][info][gc          ] Allocation Stall (reactors-io-scheduler-ForkJoinPool-1-worker-15) 12.540ms
[42.005s][info][gc          ] Allocation Stall (reactors-io-scheduler-ForkJoinPool-1-worker-1) 12.628ms
[42.005s][info][gc          ] Allocation Stall (reactors-io-scheduler-ForkJoinPool-1-worker-16) 12.897ms
[42.005s][info][gc          ] Allocation Stall (reactors-io-scheduler-ForkJoinPool-1-worker-46) 12.112ms
[42.005s][info][gc          ] Allocation Stall (reactors-io-scheduler-ForkJoinPool-1-worker-7) 12.540ms
[42.005s][info][gc          ] Allocation Stall (reactors-io-scheduler-ForkJoinPool-1-worker-39) 12.605ms
[42.005s][info][gc          ] Allocation Stall (reactors-io-scheduler-ForkJoinPool-1-worker-22) 12.502ms
[42.005s][info][gc          ] Allocation Stall (reactors-io-scheduler-ForkJoinPool-1-worker-24) 12.667ms
[42.005s][info][gc          ] Allocation Stall (reactors-io-scheduler-ForkJoinPool-1-worker-26) 12.126ms
[42.005s][info][gc          ] Allocation Stall (reactors-io-scheduler-ForkJoinPool-1-worker-4) 12.094ms
[42.005s][info][gc          ] Allocation Stall (reactors-io-scheduler-ForkJoinPool-1-worker-41) 12.602ms
[42.005s][info][gc          ] Allocation Stall (reactors-io-scheduler-ForkJoinPool-1-worker-36) 12.873ms
[42.005s][info][gc          ] Allocation Stall (reactors-io-scheduler-ForkJoinPool-1-worker-6) 12.149ms
[42.011s][info][gc,phases   ] GC(68) Concurrent Select Relocation Set 6.406ms
[42.011s][info][gc,phases   ] GC(68) Pause Relocate Start 0.009ms
[42.058s][info][gc          ] Allocation Stall (reactors-io-scheduler-ForkJoinPool-1-worker-19) 0.089ms
[42.058s][info][gc          ] Allocation Stall (reactors-io-scheduler-ForkJoinPool-1-worker-25) 0.046ms
[42.060s][info][gc          ] Allocation Stall (reactors-io-scheduler-ForkJoinPool-1-worker-22) 2.822ms
[42.061s][info][gc          ] Allocation Stall (reactors-io-scheduler-ForkJoinPool-1-worker-37) 3.728ms
[42.062s][info][gc          ] Allocation Stall (reactors-io-scheduler-ForkJoinPool-1-worker-28) 3.897ms
[42.062s][info][gc,phases   ] GC(68) Concurrent Relocate 3.845ms
[42.062s][info][gc,load     ] GC(68) Load: 0.00/0.00/0.00
[42.062s][info][gc,mmu      ] GC(68) MMU: 2ms/95.8%, 5ms/98.3%, 10ms/99.2%, 20ms/99.6%, 50ms/99.8%, 100ms/99.9%
[42.062s][info][gc,marking  ] GC(68) Mark: 8 stripe(s), 2 proactive flush(es), 1 terminate flush(es), 0 completion(s), 0 continuation(s) 
[42.062s][info][gc,marking  ] GC(68) Mark Stack Usage: 32M
[42.062s][info][gc,nmethod  ] GC(68) NMethods: 650 registered, 9 unregistered
[42.062s][info][gc,metaspace] GC(68) Metaspace: 16M used, 16M committed, 1088M reserved
[42.062s][info][gc,ref      ] GC(68) Soft: 171 encountered, 38 discovered, 0 enqueued
[42.062s][info][gc,ref      ] GC(68) Weak: 962 encountered, 41 discovered, 0 enqueued
[42.062s][info][gc,ref      ] GC(68) Final: 0 encountered, 0 discovered, 0 enqueued
[42.062s][info][gc,ref      ] GC(68) Phantom: 35 encountered, 23 discovered, 0 enqueued
[42.062s][info][gc,reloc    ] GC(68) Small Pages: 278 / 556M, Empty: 268M, Relocated: 4M, In-Place: 10
[42.062s][info][gc,reloc    ] GC(68) Medium Pages: 0 / 0M, Empty: 0M, Relocated: 0M, In-Place: 0
[42.062s][info][gc,reloc    ] GC(68) Large Pages: 0 / 0M, Empty: 0M, Relocated: 0M, In-Place: 0
[42.062s][info][gc,reloc    ] GC(68) Forwarding Usage: 1M
[42.062s][info][gc,heap     ] GC(68) Min Capacity: 8M(1%)
[42.062s][info][gc,heap     ] GC(68) Max Capacity: 1024M(100%)
[42.062s][info][gc,heap     ] GC(68) Soft Max Capacity: 1024M(100%)
[42.062s][info][gc,heap     ] GC(68)                Mark Start          Mark End        Relocate Start      Relocate End           High               Low         
[42.062s][info][gc,heap     ] GC(68)  Capacity:     1024M (100%)       1024M (100%)       1024M (100%)       1024M (100%)       1024M (100%)       1024M (100%)   
[42.062s][info][gc,heap     ] GC(68)      Free:      468M (46%)           0M (0%)          226M (22%)         236M (23%)         468M (46%)           0M (0%)     
[42.062s][info][gc,heap     ] GC(68)      Used:      556M (54%)        1024M (100%)        798M (78%)         788M (77%)        1024M (100%)        556M (54%)    
[42.062s][info][gc,heap     ] GC(68)      Live:         -                13M (1%)           13M (1%)           13M (1%)             -                  -          
[42.062s][info][gc,heap     ] GC(68) Allocated:         -               468M (46%)         510M (50%)         755M (74%)            -                  -          
[42.062s][info][gc,heap     ] GC(68)   Garbage:         -               542M (53%)         274M (27%)          18M (2%)             -                  -          
[42.062s][info][gc,heap     ] GC(68) Reclaimed:         -                  -               268M (26%)         523M (51%)            -                  -          
[42.062s][info][gc          ] GC(68) Garbage Collection (Allocation Stall) 556M(54%)->788M(77%)
[42.097s][info][gc,start    ] GC(69) Garbage Collection (Allocation Stall)
[42.098s][info][gc,ref      ] GC(69) Clearing All SoftReferences
[42.098s][info][gc,task     ] GC(69) Using 10 workers
[42.098s][info][gc,ref      ] GC(69) Clearing All SoftReferences
[42.098s][info][gc,phases   ] GC(69) Pause Mark Start 0.043ms
[42.129s][info][gc,phases   ] GC(69) Concurrent Mark 31.021ms
[42.129s][info][gc,phases   ] GC(69) Pause Mark End 0.022ms
[42.129s][info][gc,phases   ] GC(69) Concurrent Mark Free 0.001ms
[42.130s][info][gc,phases   ] GC(69) Concurrent Process Non-Strong References 0.643ms
[42.130s][info][gc,phases   ] GC(69) Concurrent Reset Relocation Set 0.025ms
[42.137s][info][gc,phases   ] GC(69) Concurrent Select Relocation Set 6.736ms
[42.137s][info][gc,phases   ] GC(69) Pause Relocate Start 0.009ms
[42.141s][info][gc,phases   ] GC(69) Concurrent Relocate 3.945ms
[42.141s][info][gc,load     ] GC(69) Load: 0.00/0.00/0.00
[42.141s][info][gc,mmu      ] GC(69) MMU: 2ms/95.8%, 5ms/98.3%, 10ms/99.2%, 20ms/99.6%, 50ms/99.8%, 100ms/99.9%
[42.141s][info][gc,marking  ] GC(69) Mark: 8 stripe(s), 2 proactive flush(es), 1 terminate flush(es), 0 completion(s), 0 continuation(s) 
[42.141s][info][gc,marking  ] GC(69) Mark Stack Usage: 32M
[42.141s][info][gc,nmethod  ] GC(69) NMethods: 650 registered, 9 unregistered
[42.141s][info][gc,metaspace] GC(69) Metaspace: 16M used, 16M committed, 1088M reserved
[42.141s][info][gc,ref      ] GC(69) Soft: 171 encountered, 38 discovered, 0 enqueued
[42.141s][info][gc,ref      ] GC(69) Weak: 964 encountered, 174 discovered, 0 enqueued
[42.141s][info][gc,ref      ] GC(69) Final: 0 encountered, 0 discovered, 0 enqueued
[42.141s][info][gc,ref      ] GC(69) Phantom: 35 encountered, 21 discovered, 0 enqueued
[42.141s][info][gc,reloc    ] GC(69) Small Pages: 457 / 914M, Empty: 858M, Relocated: 8M, In-Place: 0
[42.141s][info][gc,reloc    ] GC(69) Medium Pages: 1 / 32M, Empty: 0M, Relocated: 0M, In-Place: 0
[42.141s][info][gc,reloc    ] GC(69) Large Pages: 0 / 0M, Empty: 0M, Relocated: 0M, In-Place: 0
[42.141s][info][gc,reloc    ] GC(69) Forwarding Usage: 2M
[42.141s][info][gc,heap     ] GC(69) Min Capacity: 8M(1%)
[42.141s][info][gc,heap     ] GC(69) Max Capacity: 1024M(100%)
[42.141s][info][gc,heap     ] GC(69) Soft Max Capacity: 1024M(100%)
[42.141s][info][gc,heap     ] GC(69)                Mark Start          Mark End        Relocate Start      Relocate End           High               Low         
[42.141s][info][gc,heap     ] GC(69)  Capacity:     1024M (100%)       1024M (100%)       1024M (100%)       1024M (100%)       1024M (100%)       1024M (100%)   
[42.141s][info][gc,heap     ] GC(69)      Free:       78M (8%)           34M (3%)          882M (86%)         894M (87%)         894M (87%)          34M (3%)     
[42.141s][info][gc,heap     ] GC(69)      Used:      946M (92%)         990M (97%)         142M (14%)         130M (13%)         990M (97%)         130M (13%)    
[42.141s][info][gc,heap     ] GC(69)      Live:         -                24M (2%)           24M (2%)           24M (2%)             -                  -          
[42.142s][info][gc,heap     ] GC(69) Allocated:         -                44M (4%)           54M (5%)           59M (6%)             -                  -          
[42.142s][info][gc,heap     ] GC(69)   Garbage:         -               921M (90%)          63M (6%)           45M (4%)             -                  -          
[42.142s][info][gc,heap     ] GC(69) Reclaimed:         -                  -               858M (84%)         875M (86%)            -                  -          
[42.142s][info][gc          ] GC(69) Garbage Collection (Allocation Stall) 946M(92%)->130M(13%)
[42.207s][info][gc,start    ] GC(70) Garbage Collection (Allocation Rate)
[42.207s][info][gc,task     ] GC(70) Using 10 workers
[42.207s][info][gc,phases   ] GC(70) Pause Mark Start 0.017ms
[42.269s][info][gc,phases   ] GC(70) Concurrent Mark 62.048ms
[42.269s][info][gc,phases   ] GC(70) Pause Mark End 0.021ms
[42.270s][info][gc,phases   ] GC(70) Concurrent Mark Free 0.001ms
[42.270s][info][gc,phases   ] GC(70) Concurrent Process Non-Strong References 0.412ms
[42.270s][info][gc,phases   ] GC(70) Concurrent Reset Relocation Set 0.003ms
[42.281s][info][gc,phases   ] GC(70) Concurrent Select Relocation Set 10.705ms
[42.281s][info][gc,phases   ] GC(70) Pause Relocate Start 0.010ms
[42.301s][info][gc,phases   ] GC(70) Concurrent Relocate 20.265ms
[42.301s][info][gc,load     ] GC(70) Load: 0.00/0.00/0.00
[42.301s][info][gc,mmu      ] GC(70) MMU: 2ms/95.8%, 5ms/98.3%, 10ms/99.2%, 20ms/99.6%, 50ms/99.8%, 100ms/99.9%
[42.301s][info][gc,marking  ] GC(70) Mark: 8 stripe(s), 2 proactive flush(es), 1 terminate flush(es), 0 completion(s), 0 continuation(s) 
[42.301s][info][gc,marking  ] GC(70) Mark Stack Usage: 32M
[42.302s][info][gc,nmethod  ] GC(70) NMethods: 650 registered, 9 unregistered
[42.302s][info][gc,metaspace] GC(70) Metaspace: 16M used, 16M committed, 1088M reserved
[42.302s][info][gc,ref      ] GC(70) Soft: 171 encountered, 0 discovered, 0 enqueued
[42.302s][info][gc,ref      ] GC(70) Weak: 964 encountered, 168 discovered, 0 enqueued
[42.302s][info][gc,ref      ] GC(70) Final: 0 encountered, 0 discovered, 0 enqueued
[42.302s][info][gc,ref      ] GC(70) Phantom: 35 encountered, 18 discovered, 0 enqueued
[42.302s][info][gc,reloc    ] GC(70) Small Pages: 91 / 182M, Empty: 0M, Relocated: 59M, In-Place: 0
[42.302s][info][gc,reloc    ] GC(70) Medium Pages: 1 / 32M, Empty: 0M, Relocated: 0M, In-Place: 0
[42.302s][info][gc,reloc    ] GC(70) Large Pages: 0 / 0M, Empty: 0M, Relocated: 0M, In-Place: 0
[42.302s][info][gc,reloc    ] GC(70) Forwarding Usage: 24M
[42.302s][info][gc,heap     ] GC(70) Min Capacity: 8M(1%)
[42.302s][info][gc,heap     ] GC(70) Max Capacity: 1024M(100%)
[42.302s][info][gc,heap     ] GC(70) Soft Max Capacity: 1024M(100%)
[42.302s][info][gc,heap     ] GC(70)                Mark Start          Mark End        Relocate Start      Relocate End           High               Low         
[42.302s][info][gc,heap     ] GC(70)  Capacity:     1024M (100%)       1024M (100%)       1024M (100%)       1024M (100%)       1024M (100%)       1024M (100%)   
[42.302s][info][gc,heap     ] GC(70)      Free:      810M (79%)         732M (71%)         720M (70%)         734M (72%)         810M (79%)         694M (68%)    
[42.302s][info][gc,heap     ] GC(70)      Used:      214M (21%)         292M (29%)         304M (30%)         290M (28%)         330M (32%)         214M (21%)    
[42.302s][info][gc,heap     ] GC(70)      Live:         -               114M (11%)         114M (11%)         114M (11%)            -                  -          
[42.302s][info][gc,heap     ] GC(70) Allocated:         -                78M (8%)           90M (9%)          111M (11%)            -                  -          
[42.302s][info][gc,heap     ] GC(70)   Garbage:         -                99M (10%)          99M (10%)          64M (6%)             -                  -          
[42.302s][info][gc,heap     ] GC(70) Reclaimed:         -                  -                 0M (0%)           35M (3%)             -                  -          
[42.302s][info][gc          ] GC(70) Garbage Collection (Allocation Rate) 214M(21%)->290M(28%)
[42.401s][info][gc,start    ] GC(71) Garbage Collection (Allocation Rate)
[42.401s][info][gc,task     ] GC(71) Using 10 workers
[42.401s][info][gc,phases   ] GC(71) Pause Mark Start 0.013ms
[42.510s][info][gc,phases   ] GC(71) Concurrent Mark 108.984ms
[42.510s][info][gc,phases   ] GC(71) Pause Mark End 0.016ms
[42.510s][info][gc,phases   ] GC(71) Concurrent Mark Free 0.001ms
[42.511s][info][gc,phases   ] GC(71) Concurrent Process Non-Strong References 0.439ms
[42.511s][info][gc,phases   ] GC(71) Concurrent Reset Relocation Set 0.009ms
[42.543s][info][gc,phases   ] GC(71) Concurrent Select Relocation Set 31.689ms
[42.543s][info][gc,phases   ] GC(71) Pause Relocate Start 0.008ms
[42.569s][info][gc,phases   ] GC(71) Concurrent Relocate 26.168ms
[42.569s][info][gc,load     ] GC(71) Load: 0.00/0.00/0.00
[42.569s][info][gc,mmu      ] GC(71) MMU: 2ms/95.8%, 5ms/98.3%, 10ms/99.2%, 20ms/99.6%, 50ms/99.8%, 100ms/99.9%
[42.569s][info][gc,marking  ] GC(71) Mark: 8 stripe(s), 2 proactive flush(es), 1 terminate flush(es), 0 completion(s), 0 continuation(s) 
[42.569s][info][gc,marking  ] GC(71) Mark Stack Usage: 32M
[42.569s][info][gc,nmethod  ] GC(71) NMethods: 650 registered, 9 unregistered
[42.569s][info][gc,metaspace] GC(71) Metaspace: 16M used, 16M committed, 1088M reserved
[42.569s][info][gc,ref      ] GC(71) Soft: 171 encountered, 0 discovered, 0 enqueued
[42.569s][info][gc,ref      ] GC(71) Weak: 964 encountered, 246 discovered, 0 enqueued
[42.569s][info][gc,ref      ] GC(71) Final: 0 encountered, 0 discovered, 0 enqueued
[42.569s][info][gc,ref      ] GC(71) Phantom: 35 encountered, 19 discovered, 0 enqueued
[42.569s][info][gc,reloc    ] GC(71) Small Pages: 182 / 364M, Empty: 0M, Relocated: 80M, In-Place: 0
[42.569s][info][gc,reloc    ] GC(71) Medium Pages: 1 / 32M, Empty: 0M, Relocated: 0M, In-Place: 0
[42.569s][info][gc,reloc    ] GC(71) Large Pages: 0 / 0M, Empty: 0M, Relocated: 0M, In-Place: 0
[42.569s][info][gc,reloc    ] GC(71) Forwarding Usage: 34M
[42.569s][info][gc,heap     ] GC(71) Min Capacity: 8M(1%)
[42.569s][info][gc,heap     ] GC(71) Max Capacity: 1024M(100%)
[42.569s][info][gc,heap     ] GC(71) Soft Max Capacity: 1024M(100%)
[42.569s][info][gc,heap     ] GC(71)                Mark Start          Mark End        Relocate Start      Relocate End           High               Low         
[42.569s][info][gc,heap     ] GC(71)  Capacity:     1024M (100%)       1024M (100%)       1024M (100%)       1024M (100%)       1024M (100%)       1024M (100%)   
[42.569s][info][gc,heap     ] GC(71)      Free:      628M (61%)         514M (50%)         478M (47%)         510M (50%)         628M (61%)         458M (45%)    
[42.569s][info][gc,heap     ] GC(71)      Used:      396M (39%)         510M (50%)         546M (53%)         514M (50%)         566M (55%)         396M (39%)    
[42.569s][info][gc,heap     ] GC(71)      Live:         -               251M (25%)         251M (25%)         251M (25%)            -                  -          
[42.569s][info][gc,heap     ] GC(71) Allocated:         -               114M (11%)         150M (15%)         175M (17%)            -                  -          
[42.569s][info][gc,heap     ] GC(71)   Garbage:         -               144M (14%)         144M (14%)          86M (8%)             -                  -          
[42.569s][info][gc,heap     ] GC(71) Reclaimed:         -                  -                 0M (0%)           57M (6%)             -                  -          
[42.569s][info][gc          ] GC(71) Garbage Collection (Allocation Rate) 396M(39%)->514M(50%)
[42.604s][info][gc,start    ] GC(72) Garbage Collection (Allocation Rate)
[42.604s][info][gc,task     ] GC(72) Using 10 workers
[42.604s][info][gc,phases   ] GC(72) Pause Mark Start 0.017ms
[42.745s][info][gc,phases   ] GC(72) Concurrent Mark 140.199ms
[42.745s][info][gc,phases   ] GC(72) Pause Mark End 0.018ms
[42.745s][info][gc,phases   ] GC(72) Concurrent Mark Free 0.001ms
[42.745s][info][gc,phases   ] GC(72) Concurrent Process Non-Strong References 0.314ms
[42.745s][info][gc,phases   ] GC(72) Concurrent Reset Relocation Set 0.009ms
[42.749s][info][gc,phases   ] GC(72) Concurrent Select Relocation Set 4.154ms
[42.749s][info][gc,phases   ] GC(72) Pause Relocate Start 0.008ms
[42.766s][info][gc,phases   ] GC(72) Concurrent Relocate 16.330ms
[42.766s][info][gc,load     ] GC(72) Load: 0.00/0.00/0.00
[42.766s][info][gc,mmu      ] GC(72) MMU: 2ms/95.8%, 5ms/98.3%, 10ms/99.2%, 20ms/99.6%, 50ms/99.8%, 100ms/99.9%
[42.766s][info][gc,marking  ] GC(72) Mark: 8 stripe(s), 2 proactive flush(es), 1 terminate flush(es), 0 completion(s), 0 continuation(s) 
[42.766s][info][gc,marking  ] GC(72) Mark Stack Usage: 32M
[42.766s][info][gc,nmethod  ] GC(72) NMethods: 650 registered, 9 unregistered
[42.766s][info][gc,metaspace] GC(72) Metaspace: 16M used, 16M committed, 1088M reserved
[42.766s][info][gc,ref      ] GC(72) Soft: 171 encountered, 0 discovered, 0 enqueued
[42.766s][info][gc,ref      ] GC(72) Weak: 964 encountered, 108 discovered, 0 enqueued
[42.766s][info][gc,ref      ] GC(72) Final: 0 encountered, 0 discovered, 0 enqueued
[42.766s][info][gc,ref      ] GC(72) Phantom: 35 encountered, 29 discovered, 0 enqueued
[42.766s][info][gc,reloc    ] GC(72) Small Pages: 260 / 520M, Empty: 0M, Relocated: 45M, In-Place: 0
[42.766s][info][gc,reloc    ] GC(72) Medium Pages: 1 / 32M, Empty: 0M, Relocated: 0M, In-Place: 0
[42.766s][info][gc,reloc    ] GC(72) Large Pages: 0 / 0M, Empty: 0M, Relocated: 0M, In-Place: 0
[42.766s][info][gc,reloc    ] GC(72) Forwarding Usage: 19M
[42.766s][info][gc,heap     ] GC(72) Min Capacity: 8M(1%)
[42.766s][info][gc,heap     ] GC(72) Max Capacity: 1024M(100%)
[42.766s][info][gc,heap     ] GC(72) Soft Max Capacity: 1024M(100%)
[42.766s][info][gc,heap     ] GC(72)                Mark Start          Mark End        Relocate Start      Relocate End           High               Low         
[42.766s][info][gc,heap     ] GC(72)  Capacity:     1024M (100%)       1024M (100%)       1024M (100%)       1024M (100%)       1024M (100%)       1024M (100%)   
[42.766s][info][gc,heap     ] GC(72)      Free:      472M (46%)         354M (35%)         352M (34%)         378M (37%)         472M (46%)         332M (32%)    
[42.766s][info][gc,heap     ] GC(72)      Used:      552M (54%)         670M (65%)         672M (66%)         646M (63%)         692M (68%)         552M (54%)    
[42.766s][info][gc,heap     ] GC(72)      Live:         -               387M (38%)         387M (38%)         387M (38%)            -                  -          
[42.766s][info][gc,heap     ] GC(72) Allocated:         -               118M (12%)         120M (12%)         127M (12%)            -                  -          
[42.766s][info][gc,heap     ] GC(72)   Garbage:         -               164M (16%)         164M (16%)         130M (13%)            -                  -          
[42.766s][info][gc,heap     ] GC(72) Reclaimed:         -                  -                 0M (0%)           33M (3%)             -                  -          
[42.766s][info][gc          ] GC(72) Garbage Collection (Allocation Rate) 552M(54%)->646M(63%)
[42.807s][info][gc,start    ] GC(73) Garbage Collection (Allocation Rate)
[42.807s][info][gc,task     ] GC(73) Using 10 workers
[42.807s][info][gc,phases   ] GC(73) Pause Mark Start 0.013ms
[42.994s][info][gc,phases   ] GC(73) Concurrent Mark 187.114ms
[42.995s][info][gc,phases   ] GC(73) Pause Mark End 0.025ms
[42.995s][info][gc,phases   ] GC(73) Concurrent Mark Free 0.001ms
[42.995s][info][gc,phases   ] GC(73) Concurrent Process Non-Strong References 0.389ms
[42.995s][info][gc,phases   ] GC(73) Concurrent Reset Relocation Set 0.008ms
[43.001s][info][gc,phases   ] GC(73) Concurrent Select Relocation Set 5.267ms
[43.001s][info][gc,phases   ] GC(73) Pause Relocate Start 0.007ms
[43.012s][info][gc,phases   ] GC(73) Concurrent Relocate 11.281ms
[43.012s][info][gc,load     ] GC(73) Load: 0.00/0.00/0.00
[43.012s][info][gc,mmu      ] GC(73) MMU: 2ms/95.8%, 5ms/98.3%, 10ms/99.2%, 20ms/99.6%, 50ms/99.8%, 100ms/99.9%
[43.012s][info][gc,marking  ] GC(73) Mark: 8 stripe(s), 2 proactive flush(es), 1 terminate flush(es), 0 completion(s), 0 continuation(s) 
[43.012s][info][gc,marking  ] GC(73) Mark Stack Usage: 32M
[43.012s][info][gc,nmethod  ] GC(73) NMethods: 650 registered, 9 unregistered
[43.012s][info][gc,metaspace] GC(73) Metaspace: 16M used, 16M committed, 1088M reserved
[43.012s][info][gc,ref      ] GC(73) Soft: 171 encountered, 0 discovered, 0 enqueued
[43.012s][info][gc,ref      ] GC(73) Weak: 964 encountered, 176 discovered, 0 enqueued
[43.012s][info][gc,ref      ] GC(73) Final: 0 encountered, 0 discovered, 0 enqueued
[43.012s][info][gc,ref      ] GC(73) Phantom: 35 encountered, 25 discovered, 0 enqueued
[43.012s][info][gc,reloc    ] GC(73) Small Pages: 326 / 652M, Empty: 0M, Relocated: 29M, In-Place: 0
[43.012s][info][gc,reloc    ] GC(73) Medium Pages: 1 / 32M, Empty: 0M, Relocated: 0M, In-Place: 0
[43.012s][info][gc,reloc    ] GC(73) Large Pages: 0 / 0M, Empty: 0M, Relocated: 0M, In-Place: 0
[43.012s][info][gc,reloc    ] GC(73) Forwarding Usage: 12M
[43.012s][info][gc,heap     ] GC(73) Min Capacity: 8M(1%)
[43.012s][info][gc,heap     ] GC(73) Max Capacity: 1024M(100%)
[43.012s][info][gc,heap     ] GC(73) Soft Max Capacity: 1024M(100%)
[43.012s][info][gc,heap     ] GC(73)                Mark Start          Mark End        Relocate Start      Relocate End           High               Low         
[43.012s][info][gc,heap     ] GC(73)  Capacity:     1024M (100%)       1024M (100%)       1024M (100%)       1024M (100%)       1024M (100%)       1024M (100%)   
[43.012s][info][gc,heap     ] GC(73)      Free:      340M (33%)         132M (13%)         132M (13%)         144M (14%)         340M (33%)         112M (11%)    
[43.013s][info][gc,heap     ] GC(73)      Used:      684M (67%)         892M (87%)         892M (87%)         880M (86%)         912M (89%)         684M (67%)    
[43.013s][info][gc,heap     ] GC(73)      Live:         -               497M (49%)         497M (49%)         497M (49%)            -                  -          
[43.013s][info][gc,heap     ] GC(73) Allocated:         -               208M (20%)         208M (20%)         209M (21%)            -                  -          
[43.013s][info][gc,heap     ] GC(73)   Garbage:         -               186M (18%)         186M (18%)         173M (17%)            -                  -          
[43.013s][info][gc,heap     ] GC(73) Reclaimed:         -                  -                 0M (0%)           13M (1%)             -                  -          
[43.013s][info][gc          ] GC(73) Garbage Collection (Allocation Rate) 684M(67%)->880M(86%)
[43.104s][info][gc,start    ] GC(74) Garbage Collection (Allocation Rate)
[43.104s][info][gc,task     ] GC(74) Using 10 workers
[43.104s][info][gc,phases   ] GC(74) Pause Mark Start 0.012ms
[43.276s][info][gc,phases   ] GC(74) Concurrent Mark 171.515ms
[43.276s][info][gc,phases   ] GC(74) Pause Mark End 0.018ms
[43.276s][info][gc,phases   ] GC(74) Concurrent Mark Free 0.001ms
[43.276s][info][gc,phases   ] GC(74) Concurrent Process Non-Strong References 0.360ms
[43.276s][info][gc,phases   ] GC(74) Concurrent Reset Relocation Set 0.009ms
[43.302s][info][gc,phases   ] GC(74) Concurrent Select Relocation Set 25.950ms
[43.302s][info][gc,phases   ] GC(74) Pause Relocate Start 0.008ms
[43.323s][info][gc,phases   ] GC(74) Concurrent Relocate 20.471ms
[43.323s][info][gc,load     ] GC(74) Load: 0.00/0.00/0.00
[43.323s][info][gc,mmu      ] GC(74) MMU: 2ms/95.8%, 5ms/98.3%, 10ms/99.2%, 20ms/99.6%, 50ms/99.8%, 100ms/99.9%
[43.323s][info][gc,marking  ] GC(74) Mark: 8 stripe(s), 3 proactive flush(es), 1 terminate flush(es), 0 completion(s), 0 continuation(s) 
[43.323s][info][gc,marking  ] GC(74) Mark Stack Usage: 32M
[43.323s][info][gc,nmethod  ] GC(74) NMethods: 650 registered, 9 unregistered
[43.323s][info][gc,metaspace] GC(74) Metaspace: 16M used, 16M committed, 1088M reserved
[43.323s][info][gc,ref      ] GC(74) Soft: 171 encountered, 0 discovered, 0 enqueued
[43.323s][info][gc,ref      ] GC(74) Weak: 967 encountered, 151 discovered, 3 enqueued
[43.323s][info][gc,ref      ] GC(74) Final: 0 encountered, 0 discovered, 0 enqueued
[43.323s][info][gc,ref      ] GC(74) Phantom: 35 encountered, 30 discovered, 0 enqueued
[43.323s][info][gc,reloc    ] GC(74) Small Pages: 422 / 844M, Empty: 0M, Relocated: 64M, In-Place: 0
[43.323s][info][gc,reloc    ] GC(74) Medium Pages: 2 / 64M, Empty: 0M, Relocated: 3M, In-Place: 1
[43.323s][info][gc,reloc    ] GC(74) Large Pages: 0 / 0M, Empty: 0M, Relocated: 0M, In-Place: 0
[43.323s][info][gc,reloc    ] GC(74) Forwarding Usage: 28M
[43.323s][info][gc,heap     ] GC(74) Min Capacity: 8M(1%)
[43.323s][info][gc,heap     ] GC(74) Max Capacity: 1024M(100%)
[43.323s][info][gc,heap     ] GC(74) Soft Max Capacity: 1024M(100%)
[43.323s][info][gc,heap     ] GC(74)                Mark Start          Mark End        Relocate Start      Relocate End           High               Low         
[43.323s][info][gc,heap     ] GC(74)  Capacity:     1024M (100%)       1024M (100%)       1024M (100%)       1024M (100%)       1024M (100%)       1024M (100%)   
[43.323s][info][gc,heap     ] GC(74)      Free:      116M (11%)          60M (6%)           48M (5%)          112M (11%)         116M (11%)           0M (0%)     
[43.323s][info][gc,heap     ] GC(74)      Used:      908M (89%)         964M (94%)         976M (95%)         912M (89%)        1024M (100%)        908M (89%)    
[43.323s][info][gc,heap     ] GC(74)      Live:         -               594M (58%)         594M (58%)         594M (58%)            -                  -          
[43.323s][info][gc,heap     ] GC(74) Allocated:         -                56M (5%)           68M (7%)          103M (10%)            -                  -          
[43.323s][info][gc,heap     ] GC(74)   Garbage:         -               313M (31%)         313M (31%)         213M (21%)            -                  -          
[43.323s][info][gc,heap     ] GC(74) Reclaimed:         -                  -                 0M (0%)           99M (10%)            -                  -          
[43.323s][info][gc          ] GC(74) Garbage Collection (Allocation Rate) 908M(89%)->912M(89%)
[43.401s][info][gc,start    ] GC(75) Garbage Collection (Allocation Rate)
[43.401s][info][gc,task     ] GC(75) Using 10 workers
[43.401s][info][gc,phases   ] GC(75) Pause Mark Start 0.015ms
[43.420s][info][gc,phases   ] GC(75) Concurrent Mark 18.768ms
[43.420s][info][gc,phases   ] GC(75) Pause Mark End 0.022ms
[43.420s][info][gc,phases   ] GC(75) Concurrent Mark Free 0.002ms
[43.421s][info][gc,phases   ] GC(75) Concurrent Process Non-Strong References 0.559ms
[43.421s][info][gc,phases   ] GC(75) Concurrent Reset Relocation Set 0.022ms
[43.431s][info][gc,phases   ] GC(75) Concurrent Select Relocation Set 10.158ms
[43.431s][info][gc,phases   ] GC(75) Pause Relocate Start 0.010ms
[43.442s][info][gc,phases   ] GC(75) Concurrent Relocate 11.170ms
[43.443s][info][gc,load     ] GC(75) Load: 0.00/0.00/0.00
[43.443s][info][gc,mmu      ] GC(75) MMU: 2ms/95.8%, 5ms/98.3%, 10ms/99.2%, 20ms/99.6%, 50ms/99.8%, 100ms/99.9%
[43.443s][info][gc,marking  ] GC(75) Mark: 8 stripe(s), 2 proactive flush(es), 1 terminate flush(es), 0 completion(s), 0 continuation(s) 
[43.443s][info][gc,marking  ] GC(75) Mark Stack Usage: 32M
[43.443s][info][gc,nmethod  ] GC(75) NMethods: 652 registered, 9 unregistered
[43.443s][info][gc,metaspace] GC(75) Metaspace: 16M used, 16M committed, 1088M reserved
[43.443s][info][gc,ref      ] GC(75) Soft: 171 encountered, 0 discovered, 0 enqueued
[43.443s][info][gc,ref      ] GC(75) Weak: 964 encountered, 64 discovered, 0 enqueued
[43.443s][info][gc,ref      ] GC(75) Final: 0 encountered, 0 discovered, 0 enqueued
[43.443s][info][gc,ref      ] GC(75) Phantom: 35 encountered, 31 discovered, 0 enqueued
[43.443s][info][gc,reloc    ] GC(75) Small Pages: 434 / 868M, Empty: 700M, Relocated: 11M, In-Place: 0
[43.443s][info][gc,reloc    ] GC(75) Medium Pages: 2 / 64M, Empty: 32M, Relocated: 0M, In-Place: 0
[43.443s][info][gc,reloc    ] GC(75) Large Pages: 0 / 0M, Empty: 0M, Relocated: 0M, In-Place: 0
[43.443s][info][gc,reloc    ] GC(75) Forwarding Usage: 8M
[43.443s][info][gc,heap     ] GC(75) Min Capacity: 8M(1%)
[43.443s][info][gc,heap     ] GC(75) Max Capacity: 1024M(100%)
[43.443s][info][gc,heap     ] GC(75) Soft Max Capacity: 1024M(100%)
[43.443s][info][gc,heap     ] GC(75)                Mark Start          Mark End        Relocate Start      Relocate End           High               Low         
[43.443s][info][gc,heap     ] GC(75)  Capacity:     1024M (100%)       1024M (100%)       1024M (100%)       1024M (100%)       1024M (100%)       1024M (100%)   
[43.443s][info][gc,heap     ] GC(75)      Free:       92M (9%)           86M (8%)          812M (79%)         946M (92%)         946M (92%)          78M (8%)     
[43.443s][info][gc,heap     ] GC(75)      Used:      932M (91%)         938M (92%)         212M (21%)          78M (8%)          946M (92%)          78M (8%)     
[43.443s][info][gc,heap     ] GC(75)      Live:         -                25M (2%)           25M (2%)           25M (2%)             -                  -          
[43.443s][info][gc,heap     ] GC(75) Allocated:         -                 6M (1%)           12M (1%)           11M (1%)             -                  -          
[43.443s][info][gc,heap     ] GC(75)   Garbage:         -               906M (89%)         174M (17%)          40M (4%)             -                  -          
[43.443s][info][gc,heap     ] GC(75) Reclaimed:         -                  -               732M (71%)         865M (85%)            -                  -          
[43.443s][info][gc          ] GC(75) Garbage Collection (Allocation Rate) 932M(91%)->78M(8%)
[43.498s][info][gc,start    ] GC(76) Garbage Collection (Allocation Rate)
[43.498s][info][gc,task     ] GC(76) Using 10 workers
[43.498s][info][gc,phases   ] GC(76) Pause Mark Start 0.008ms
[43.514s][info][gc,phases   ] GC(76) Concurrent Mark 15.479ms
[43.514s][info][gc,phases   ] GC(76) Pause Mark End 0.011ms
[43.514s][info][gc,phases   ] GC(76) Concurrent Mark Free 0.001ms
[43.514s][info][gc,phases   ] GC(76) Concurrent Process Non-Strong References 0.496ms
[43.514s][info][gc,phases   ] GC(76) Concurrent Reset Relocation Set 0.018ms
[43.518s][info][gc,phases   ] GC(76) Concurrent Select Relocation Set 4.041ms
[43.518s][info][gc,phases   ] GC(76) Pause Relocate Start 0.004ms
[43.520s][info][gc,phases   ] GC(76) Concurrent Relocate 1.969ms
[43.520s][info][gc,load     ] GC(76) Load: 0.00/0.00/0.00
[43.521s][info][gc,mmu      ] GC(76) MMU: 2ms/95.8%, 5ms/98.3%, 10ms/99.2%, 20ms/99.6%, 50ms/99.8%, 100ms/99.9%
[43.521s][info][gc,marking  ] GC(76) Mark: 8 stripe(s), 2 proactive flush(es), 1 terminate flush(es), 0 completion(s), 0 continuation(s) 
[43.521s][info][gc,marking  ] GC(76) Mark Stack Usage: 32M
[43.521s][info][gc,nmethod  ] GC(76) NMethods: 652 registered, 9 unregistered
[43.521s][info][gc,metaspace] GC(76) Metaspace: 16M used, 16M committed, 1088M reserved
[43.521s][info][gc,ref      ] GC(76) Soft: 171 encountered, 0 discovered, 0 enqueued
[43.521s][info][gc,ref      ] GC(76) Weak: 964 encountered, 97 discovered, 2 enqueued
[43.521s][info][gc,ref      ] GC(76) Final: 0 encountered, 0 discovered, 0 enqueued
[43.521s][info][gc,ref      ] GC(76) Phantom: 35 encountered, 29 discovered, 0 enqueued
[43.521s][info][gc,reloc    ] GC(76) Small Pages: 24 / 48M, Empty: 8M, Relocated: 5M, In-Place: 0
[43.521s][info][gc,reloc    ] GC(76) Medium Pages: 1 / 32M, Empty: 32M, Relocated: 0M, In-Place: 0
[43.521s][info][gc,reloc    ] GC(76) Large Pages: 0 / 0M, Empty: 0M, Relocated: 0M, In-Place: 0
[43.521s][info][gc,reloc    ] GC(76) Forwarding Usage: 1M
[43.521s][info][gc,heap     ] GC(76) Min Capacity: 8M(1%)
[43.521s][info][gc,heap     ] GC(76) Max Capacity: 1024M(100%)
[43.521s][info][gc,heap     ] GC(76) Soft Max Capacity: 1024M(100%)
[43.521s][info][gc,heap     ] GC(76)                Mark Start          Mark End        Relocate Start      Relocate End           High               Low         
[43.521s][info][gc,heap     ] GC(76)  Capacity:     1024M (100%)       1024M (100%)       1024M (100%)       1024M (100%)       1024M (100%)       1024M (100%)   
[43.521s][info][gc,heap     ] GC(76)      Free:      944M (92%)         942M (92%)         982M (96%)         992M (97%)         992M (97%)         942M (92%)    
[43.521s][info][gc,heap     ] GC(76)      Used:       80M (8%)           82M (8%)           42M (4%)           32M (3%)           82M (8%)           32M (3%)     
[43.521s][info][gc,heap     ] GC(76)      Live:         -                12M (1%)           12M (1%)           12M (1%)             -                  -          
[43.521s][info][gc,heap     ] GC(76) Allocated:         -                 2M (0%)            2M (0%)            1M (0%)             -                  -          
[43.521s][info][gc,heap     ] GC(76)   Garbage:         -                67M (7%)           27M (3%)           17M (2%)             -                  -          
[43.521s][info][gc,heap     ] GC(76) Reclaimed:         -                  -                40M (4%)           49M (5%)             -                  -          
[43.521s][info][gc          ] GC(76) Garbage Collection (Allocation Rate) 80M(8%)->32M(3%)
[43.596s][info][gc,start    ] GC(77) Garbage Collection (Allocation Rate)
[43.596s][info][gc,task     ] GC(77) Using 10 workers
[43.596s][info][gc,phases   ] GC(77) Pause Mark Start 0.005ms
[43.612s][info][gc,phases   ] GC(77) Concurrent Mark 15.459ms
[43.612s][info][gc,phases   ] GC(77) Pause Mark End 0.009ms
[43.612s][info][gc,phases   ] GC(77) Concurrent Mark Free 0.000ms
[43.613s][info][gc,phases   ] GC(77) Concurrent Process Non-Strong References 0.525ms
[43.613s][info][gc,phases   ] GC(77) Concurrent Reset Relocation Set 0.002ms
[43.617s][info][gc,phases   ] GC(77) Concurrent Select Relocation Set 4.734ms
[43.617s][info][gc,phases   ] GC(77) Pause Relocate Start 0.003ms
[43.620s][info][gc,phases   ] GC(77) Concurrent Relocate 2.196ms
[43.620s][info][gc,load     ] GC(77) Load: 0.00/0.00/0.00
[43.620s][info][gc,mmu      ] GC(77) MMU: 2ms/95.8%, 5ms/98.3%, 10ms/99.2%, 20ms/99.6%, 50ms/99.8%, 100ms/99.9%
[43.620s][info][gc,marking  ] GC(77) Mark: 8 stripe(s), 2 proactive flush(es), 2 terminate flush(es), 0 completion(s), 0 continuation(s) 
[43.620s][info][gc,marking  ] GC(77) Mark Stack Usage: 32M
[43.620s][info][gc,nmethod  ] GC(77) NMethods: 652 registered, 9 unregistered
[43.620s][info][gc,metaspace] GC(77) Metaspace: 16M used, 16M committed, 1088M reserved
[43.620s][info][gc,ref      ] GC(77) Soft: 171 encountered, 0 discovered, 0 enqueued
[43.620s][info][gc,ref      ] GC(77) Weak: 962 encountered, 64 discovered, 0 enqueued
[43.620s][info][gc,ref      ] GC(77) Final: 0 encountered, 0 discovered, 0 enqueued
[43.620s][info][gc,ref      ] GC(77) Phantom: 35 encountered, 17 discovered, 0 enqueued
[43.620s][info][gc,reloc    ] GC(77) Small Pages: 17 / 34M, Empty: 0M, Relocated: 5M, In-Place: 0
[43.620s][info][gc,reloc    ] GC(77) Medium Pages: 0 / 0M, Empty: 0M, Relocated: 0M, In-Place: 0
[43.620s][info][gc,reloc    ] GC(77) Large Pages: 0 / 0M, Empty: 0M, Relocated: 0M, In-Place: 0
[43.620s][info][gc,reloc    ] GC(77) Forwarding Usage: 1M
[43.620s][info][gc,heap     ] GC(77) Min Capacity: 8M(1%)
[43.620s][info][gc,heap     ] GC(77) Max Capacity: 1024M(100%)
[43.620s][info][gc,heap     ] GC(77) Soft Max Capacity: 1024M(100%)
[43.620s][info][gc,heap     ] GC(77)                Mark Start          Mark End        Relocate Start      Relocate End           High               Low         
[43.620s][info][gc,heap     ] GC(77)  Capacity:     1024M (100%)       1024M (100%)       1024M (100%)       1024M (100%)       1024M (100%)       1024M (100%)   
[43.620s][info][gc,heap     ] GC(77)      Free:      990M (97%)         988M (96%)         988M (96%)         992M (97%)         992M (97%)         970M (95%)    
[43.620s][info][gc,heap     ] GC(77)      Used:       34M (3%)           36M (4%)           36M (4%)           32M (3%)           54M (5%)           32M (3%)     
[43.620s][info][gc,heap     ] GC(77)      Live:         -                12M (1%)           12M (1%)           12M (1%)             -                  -          
[43.620s][info][gc,heap     ] GC(77) Allocated:         -                 2M (0%)            2M (0%)            1M (0%)             -                  -          
[43.620s][info][gc,heap     ] GC(77)   Garbage:         -                21M (2%)           21M (2%)           17M (2%)             -                  -          
[43.620s][info][gc,heap     ] GC(77) Reclaimed:         -                  -                 0M (0%)            3M (0%)             -                  -          
[43.620s][info][gc          ] GC(77) Garbage Collection (Allocation Rate) 34M(3%)->32M(3%)
[43.704s][info][gc,start    ] GC(78) Garbage Collection (Allocation Rate)
[43.704s][info][gc,task     ] GC(78) Using 10 workers
[43.704s][info][gc,phases   ] GC(78) Pause Mark Start 0.011ms
[43.725s][info][gc,phases   ] GC(78) Concurrent Mark 20.934ms
[43.726s][info][gc,phases   ] GC(78) Pause Mark End 0.018ms
[43.726s][info][gc,phases   ] GC(78) Concurrent Mark Free 0.001ms
[43.726s][info][gc,phases   ] GC(78) Concurrent Process Non-Strong References 0.565ms
[43.726s][info][gc,phases   ] GC(78) Concurrent Reset Relocation Set 0.002ms
[43.732s][info][gc,phases   ] GC(78) Concurrent Select Relocation Set 5.790ms
[43.732s][info][gc,phases   ] GC(78) Pause Relocate Start 0.005ms
[43.734s][info][gc,phases   ] GC(78) Concurrent Relocate 2.158ms
[43.734s][info][gc,load     ] GC(78) Load: 0.00/0.00/0.00
[43.734s][info][gc,mmu      ] GC(78) MMU: 2ms/95.8%, 5ms/98.3%, 10ms/99.2%, 20ms/99.6%, 50ms/99.8%, 100ms/99.9%
[43.735s][info][gc,marking  ] GC(78) Mark: 8 stripe(s), 4 proactive flush(es), 1 terminate flush(es), 0 completion(s), 0 continuation(s) 
[43.735s][info][gc,marking  ] GC(78) Mark Stack Usage: 32M
[43.735s][info][gc,nmethod  ] GC(78) NMethods: 652 registered, 9 unregistered
[43.735s][info][gc,metaspace] GC(78) Metaspace: 16M used, 16M committed, 1088M reserved
[43.735s][info][gc,ref      ] GC(78) Soft: 171 encountered, 0 discovered, 0 enqueued
[43.735s][info][gc,ref      ] GC(78) Weak: 962 encountered, 47 discovered, 0 enqueued
[43.735s][info][gc,ref      ] GC(78) Final: 0 encountered, 0 discovered, 0 enqueued
[43.735s][info][gc,ref      ] GC(78) Phantom: 35 encountered, 28 discovered, 0 enqueued
[43.735s][info][gc,reloc    ] GC(78) Small Pages: 18 / 36M, Empty: 0M, Relocated: 6M, In-Place: 0
[43.735s][info][gc,reloc    ] GC(78) Medium Pages: 0 / 0M, Empty: 0M, Relocated: 0M, In-Place: 0
[43.735s][info][gc,reloc    ] GC(78) Large Pages: 0 / 0M, Empty: 0M, Relocated: 0M, In-Place: 0
[43.735s][info][gc,reloc    ] GC(78) Forwarding Usage: 1M
[43.735s][info][gc,heap     ] GC(78) Min Capacity: 8M(1%)
[43.735s][info][gc,heap     ] GC(78) Max Capacity: 1024M(100%)
[43.735s][info][gc,heap     ] GC(78) Soft Max Capacity: 1024M(100%)
[43.735s][info][gc,heap     ] GC(78)                Mark Start          Mark End        Relocate Start      Relocate End           High               Low         
[43.735s][info][gc,heap     ] GC(78)  Capacity:     1024M (100%)       1024M (100%)       1024M (100%)       1024M (100%)       1024M (100%)       1024M (100%)   
[43.735s][info][gc,heap     ] GC(78)      Free:      988M (96%)         986M (96%)         986M (96%)         994M (97%)         994M (97%)         968M (95%)    
[43.735s][info][gc,heap     ] GC(78)      Used:       36M (4%)           38M (4%)           38M (4%)           30M (3%)           56M (5%)           30M (3%)     
[43.735s][info][gc,heap     ] GC(78)      Live:         -                13M (1%)           13M (1%)           13M (1%)             -                  -          
[43.735s][info][gc,heap     ] GC(78) Allocated:         -                 2M (0%)            2M (0%)            1M (0%)             -                  -          
[43.735s][info][gc,heap     ] GC(78)   Garbage:         -                22M (2%)           22M (2%)           15M (1%)             -                  -          
[43.735s][info][gc,heap     ] GC(78) Reclaimed:         -                  -                 0M (0%)            7M (1%)             -                  -          
[43.735s][info][gc          ] GC(78) Garbage Collection (Allocation Rate) 36M(4%)->30M(3%)
[50.099s][info][gc,stats    ] === Garbage Collection Statistics =======================================================================================================================
[50.099s][info][gc,stats    ]                                                              Last 10s              Last 10m              Last 10h                Total
[50.099s][info][gc,stats    ]                                                              Avg / Max             Avg / Max             Avg / Max             Avg / Max
[50.099s][info][gc,stats    ]   Collector: Garbage Collection Cycle                    104.423 / 219.190     131.579 / 299.601     131.579 / 299.601     131.579 / 299.601     ms
[50.099s][info][gc,stats    ]  Contention: Mark Segment Reset Contention                     6 / 26                6 / 32                6 / 32                6 / 32          ops/s
[50.099s][info][gc,stats    ]  Contention: Mark SeqNum Reset Contention                      0 / 3                 0 / 6                 0 / 6                 0 / 6           ops/s
[50.099s][info][gc,stats    ]    Critical: Allocation Stall                                 30 / 308              13 / 308              13 / 308              13 / 308         ops/s
[50.099s][info][gc,stats    ]    Critical: Allocation Stall                              9.867 / 16.992       11.215 / 31.418       11.215 / 31.418       11.215 / 31.418      ms
[50.099s][info][gc,stats    ]    Critical: GC Locker Stall                                   0 / 0                 0 / 0                 0 / 0                 0 / 0           ops/s
[50.099s][info][gc,stats    ]    Critical: GC Locker Stall                               0.000 / 0.000         0.000 / 0.000         0.000 / 0.000         0.000 / 0.000       ms
[50.099s][info][gc,stats    ]    Critical: Relocation Stall                                  0 / 0                 0 / 0                 0 / 0                 0 / 0           ops/s
[50.099s][info][gc,stats    ]    Critical: Relocation Stall                              0.000 / 0.000         0.000 / 0.000         0.000 / 0.000         0.000 / 0.000       ms
[50.099s][info][gc,stats    ]      Memory: Allocation Rate                                 742 / 6154            543 / 6154            543 / 6154            543 / 6154        MB/s
[50.099s][info][gc,stats    ]      Memory: Defragment                                        1 / 17                1 / 29                1 / 29                1 / 29          ops/s
[50.099s][info][gc,stats    ]      Memory: Out Of Memory                                     0 / 0                 0 / 0                 0 / 0                 0 / 0           ops/s
[50.099s][info][gc,stats    ]      Memory: Page Cache Flush                                 13 / 66                9 / 122               9 / 122               9 / 122         MB/s
[50.099s][info][gc,stats    ]      Memory: Page Cache Hit L1                               389 / 3072            291 / 3072            291 / 3072            291 / 3072        ops/s
[50.099s][info][gc,stats    ]      Memory: Page Cache Hit L2                                 0 / 0                 0 / 0                 0 / 0                 0 / 0           ops/s
[50.099s][info][gc,stats    ]      Memory: Page Cache Hit L3                                 1 / 15               12 / 407              12 / 407              12 / 407         ops/s
[50.099s][info][gc,stats    ]      Memory: Page Cache Miss                                   0 / 1                 0 / 2                 0 / 2                 0 / 2           ops/s
[50.099s][info][gc,stats    ]      Memory: Uncommit                                          0 / 0                 0 / 0                 0 / 0                 0 / 0           MB/s
[50.099s][info][gc,stats    ]      Memory: Undo Object Allocation Failed                    64 / 512              42 / 647              42 / 647              42 / 647         ops/s
[50.099s][info][gc,stats    ]      Memory: Undo Object Allocation Succeeded                 21 / 101               9 / 101               9 / 101               9 / 101         ops/s
[50.099s][info][gc,stats    ]      Memory: Undo Page Allocation                             93 / 892              50 / 892              50 / 892              50 / 892         ops/s
[50.100s][info][gc,stats    ]       Phase: Concurrent Mark                              60.381 / 187.114      94.488 / 223.788      94.488 / 223.788      94.488 / 223.788     ms
[50.100s][info][gc,stats    ]       Phase: Concurrent Mark Continue                      0.000 / 0.000         0.000 / 0.000         0.000 / 0.000         0.000 / 0.000       ms
[50.100s][info][gc,stats    ]       Phase: Concurrent Mark Free                          0.001 / 0.002         0.001 / 0.004         0.001 / 0.004         0.001 / 0.004       ms
[50.100s][info][gc,stats    ]       Phase: Concurrent Process Non-Strong References      0.416 / 0.643         1.906 / 15.033        1.906 / 15.033        1.906 / 15.033      ms
[50.100s][info][gc,stats    ]       Phase: Concurrent Relocate                           9.023 / 26.168       11.512 / 59.080       11.512 / 59.080       11.512 / 59.080      ms
[50.100s][info][gc,stats    ]       Phase: Concurrent Reset Relocation Set               0.013 / 0.026         0.014 / 0.066         0.014 / 0.066         0.014 / 0.066       ms
[50.100s][info][gc,stats    ]       Phase: Concurrent Select Relocation Set              9.791 / 31.689       11.626 / 57.631       11.626 / 57.631       11.626 / 57.631      ms
[50.100s][info][gc,stats    ]       Phase: Pause Mark End                                0.017 / 0.025         0.017 / 0.025         0.017 / 0.025         0.017 / 0.025       ms
[50.100s][info][gc,stats    ]       Phase: Pause Mark Start                              0.022 / 0.047         0.019 / 0.084         0.019 / 0.084         0.019 / 0.084       ms
[50.100s][info][gc,stats    ]       Phase: Pause Relocate Start                          0.008 / 0.010         0.008 / 0.025         0.008 / 0.025         0.008 / 0.025       ms
[50.100s][info][gc,stats    ]    Subphase: Concurrent Classes Purge                      0.007 / 0.030         0.159 / 5.672         0.159 / 5.672         0.159 / 5.672       ms
[50.100s][info][gc,stats    ]    Subphase: Concurrent Classes Unlink                     0.171 / 0.262         0.722 / 6.293         0.722 / 6.293         0.722 / 6.293       ms
[50.100s][info][gc,stats    ]    Subphase: Concurrent Mark                              58.709 / 185.748      92.441 / 222.466      92.441 / 222.466      92.441 / 222.466     ms
[50.100s][info][gc,stats    ]    Subphase: Concurrent Mark Try Flush                     1.205 / 15.661        1.506 / 31.490        1.506 / 31.490        1.506 / 31.490      ms
[50.100s][info][gc,stats    ]    Subphase: Concurrent Mark Try Terminate                 8.246 / 16.472        9.078 / 16.472        9.078 / 16.472        9.078 / 16.472      ms
[50.100s][info][gc,stats    ]    Subphase: Concurrent References Enqueue                 0.001 / 0.005         0.001 / 0.005         0.001 / 0.005         0.001 / 0.005       ms
[50.100s][info][gc,stats    ]    Subphase: Concurrent References Process                 0.028 / 0.058         0.038 / 0.210         0.038 / 0.210         0.038 / 0.210       ms
[50.100s][info][gc,stats    ]    Subphase: Concurrent Roots ClassLoaderDataGraph         0.047 / 0.550         0.054 / 1.028         0.054 / 1.028         0.054 / 1.028       ms
[50.100s][info][gc,stats    ]    Subphase: Concurrent Roots CodeCache                    0.000 / 0.000         0.000 / 0.000         0.000 / 0.000         0.000 / 0.000       ms
[50.100s][info][gc,stats    ]    Subphase: Concurrent Roots JavaThreads                  0.554 / 1.316         0.813 / 6.849         0.813 / 6.849         0.813 / 6.849       ms
[50.100s][info][gc,stats    ]    Subphase: Concurrent Roots OopStorageSet                0.014 / 0.067         0.021 / 0.682         0.021 / 0.682         0.021 / 0.682       ms
[50.100s][info][gc,stats    ]    Subphase: Concurrent Weak Roots OopStorageSet           0.115 / 0.197         0.099 / 0.239         0.099 / 0.239         0.099 / 0.239       ms
[50.100s][info][gc,stats    ]    Subphase: Pause Mark Try Complete                       0.000 / 0.000         0.000 / 0.000         0.000 / 0.000         0.000 / 0.000       ms
[50.100s][info][gc,stats    ]      System: Java Threads                                     66 / 67               64 / 74               64 / 74               64 / 74          threads
[50.100s][info][gc,stats    ] =========================================================================================================================================================
[50.807s][info][gc,start    ] GC(79) Garbage Collection (Proactive)
[50.807s][info][gc,task     ] GC(79) Using 10 workers
[50.808s][info][gc,phases   ] GC(79) Pause Mark Start 0.017ms
[50.854s][info][gc,phases   ] GC(79) Concurrent Mark 46.383ms
[50.854s][info][gc,phases   ] GC(79) Pause Mark End 0.027ms
[50.854s][info][gc,phases   ] GC(79) Concurrent Mark Free 0.001ms
[50.855s][info][gc,phases   ] GC(79) Concurrent Process Non-Strong References 0.476ms
[50.855s][info][gc,phases   ] GC(79) Concurrent Reset Relocation Set 0.002ms
[50.869s][info][gc,phases   ] GC(79) Concurrent Select Relocation Set 14.164ms
[50.869s][info][gc,phases   ] GC(79) Pause Relocate Start 0.009ms
[50.887s][info][gc,phases   ] GC(79) Concurrent Relocate 17.667ms
[50.887s][info][gc,load     ] GC(79) Load: 0.00/0.00/0.00
[50.887s][info][gc,mmu      ] GC(79) MMU: 2ms/95.8%, 5ms/98.3%, 10ms/99.2%, 20ms/99.6%, 50ms/99.8%, 100ms/99.9%
[50.887s][info][gc,marking  ] GC(79) Mark: 8 stripe(s), 2 proactive flush(es), 1 terminate flush(es), 0 completion(s), 0 continuation(s) 
[50.887s][info][gc,marking  ] GC(79) Mark Stack Usage: 32M
[50.887s][info][gc,nmethod  ] GC(79) NMethods: 655 registered, 10 unregistered
[50.887s][info][gc,metaspace] GC(79) Metaspace: 16M used, 16M committed, 1088M reserved
[50.887s][info][gc,ref      ] GC(79) Soft: 171 encountered, 0 discovered, 0 enqueued
[50.887s][info][gc,ref      ] GC(79) Weak: 972 encountered, 99 discovered, 2 enqueued
[50.887s][info][gc,ref      ] GC(79) Final: 0 encountered, 0 discovered, 0 enqueued
[50.887s][info][gc,ref      ] GC(79) Phantom: 35 encountered, 21 discovered, 0 enqueued
[50.887s][info][gc,reloc    ] GC(79) Small Pages: 95 / 190M, Empty: 6M, Relocated: 60M, In-Place: 0
[50.887s][info][gc,reloc    ] GC(79) Medium Pages: 0 / 0M, Empty: 0M, Relocated: 0M, In-Place: 0
[50.887s][info][gc,reloc    ] GC(79) Large Pages: 0 / 0M, Empty: 0M, Relocated: 0M, In-Place: 0
[50.887s][info][gc,reloc    ] GC(79) Forwarding Usage: 34M
[50.887s][info][gc,heap     ] GC(79) Min Capacity: 8M(1%)
[50.887s][info][gc,heap     ] GC(79) Max Capacity: 1024M(100%)
[50.887s][info][gc,heap     ] GC(79) Soft Max Capacity: 1024M(100%)
[50.887s][info][gc,heap     ] GC(79)                Mark Start          Mark End        Relocate Start      Relocate End           High               Low         
[50.888s][info][gc,heap     ] GC(79)  Capacity:     1024M (100%)       1024M (100%)       1024M (100%)       1024M (100%)       1024M (100%)       1024M (100%)   
[50.888s][info][gc,heap     ] GC(79)      Free:      834M (81%)         772M (75%)         758M (74%)         850M (83%)         850M (83%)         742M (72%)    
[50.888s][info][gc,heap     ] GC(79)      Used:      190M (19%)         252M (25%)         266M (26%)         174M (17%)         282M (28%)         174M (17%)    
[50.888s][info][gc,heap     ] GC(79)      Live:         -                67M (7%)           67M (7%)           67M (7%)             -                  -          
[50.888s][info][gc,heap     ] GC(79) Allocated:         -                62M (6%)           82M (8%)           95M (9%)             -                  -          
[50.888s][info][gc,heap     ] GC(79)   Garbage:         -               122M (12%)         116M (11%)          11M (1%)             -                  -          
[50.888s][info][gc,heap     ] GC(79) Reclaimed:         -                  -                 6M (1%)          111M (11%)            -                  -          
[50.888s][info][gc          ] GC(79) Garbage Collection (Proactive) 190M(19%)->174M(17%)
[51.104s][info][gc,start    ] GC(80) Garbage Collection (Allocation Rate)
[51.104s][info][gc,task     ] GC(80) Using 10 workers
[51.104s][info][gc,phases   ] GC(80) Pause Mark Start 0.019ms
[51.198s][info][gc,phases   ] GC(80) Concurrent Mark 93.275ms
[51.198s][info][gc,phases   ] GC(80) Pause Mark End 0.017ms
[51.198s][info][gc,phases   ] GC(80) Concurrent Mark Free 0.001ms
[51.198s][info][gc,phases   ] GC(80) Concurrent Process Non-Strong References 0.374ms
[51.198s][info][gc,phases   ] GC(80) Concurrent Reset Relocation Set 0.013ms
[51.257s][info][gc,phases   ] GC(80) Concurrent Select Relocation Set 58.503ms
[51.257s][info][gc,phases   ] GC(80) Pause Relocate Start 0.011ms
[51.294s][info][gc,phases   ] GC(80) Concurrent Relocate 37.016ms
[51.294s][info][gc,load     ] GC(80) Load: 0.00/0.00/0.00
[51.294s][info][gc,mmu      ] GC(80) MMU: 2ms/95.8%, 5ms/98.3%, 10ms/99.2%, 20ms/99.6%, 50ms/99.8%, 100ms/99.9%
[51.294s][info][gc,marking  ] GC(80) Mark: 8 stripe(s), 3 proactive flush(es), 1 terminate flush(es), 0 completion(s), 0 continuation(s) 
[51.294s][info][gc,marking  ] GC(80) Mark Stack Usage: 32M
[51.294s][info][gc,nmethod  ] GC(80) NMethods: 655 registered, 10 unregistered
[51.294s][info][gc,metaspace] GC(80) Metaspace: 16M used, 16M committed, 1088M reserved
[51.294s][info][gc,ref      ] GC(80) Soft: 171 encountered, 0 discovered, 0 enqueued
[51.294s][info][gc,ref      ] GC(80) Weak: 970 encountered, 228 discovered, 0 enqueued
[51.294s][info][gc,ref      ] GC(80) Final: 0 encountered, 0 discovered, 0 enqueued
[51.294s][info][gc,ref      ] GC(80) Phantom: 35 encountered, 20 discovered, 0 enqueued
[51.294s][info][gc,reloc    ] GC(80) Small Pages: 231 / 462M, Empty: 0M, Relocated: 142M, In-Place: 0
[51.294s][info][gc,reloc    ] GC(80) Medium Pages: 0 / 0M, Empty: 0M, Relocated: 0M, In-Place: 0
[51.294s][info][gc,reloc    ] GC(80) Large Pages: 0 / 0M, Empty: 0M, Relocated: 0M, In-Place: 0
[51.294s][info][gc,reloc    ] GC(80) Forwarding Usage: 96M
[51.294s][info][gc,heap     ] GC(80) Min Capacity: 8M(1%)
[51.294s][info][gc,heap     ] GC(80) Max Capacity: 1024M(100%)
[51.294s][info][gc,heap     ] GC(80) Soft Max Capacity: 1024M(100%)
[51.294s][info][gc,heap     ] GC(80)                Mark Start          Mark End        Relocate Start      Relocate End           High               Low         
[51.294s][info][gc,heap     ] GC(80)  Capacity:     1024M (100%)       1024M (100%)       1024M (100%)       1024M (100%)       1024M (100%)       1024M (100%)   
[51.294s][info][gc,heap     ] GC(80)      Free:      562M (55%)         460M (45%)         382M (37%)         596M (58%)         596M (58%)         362M (35%)    
[51.294s][info][gc,heap     ] GC(80)      Used:      462M (45%)         564M (55%)         642M (63%)         428M (42%)         662M (65%)         428M (42%)    
[51.294s][info][gc,heap     ] GC(80)      Live:         -               205M (20%)         205M (20%)         205M (20%)            -                  -          
[51.294s][info][gc,heap     ] GC(80) Allocated:         -               102M (10%)         180M (18%)         204M (20%)            -                  -          
[51.294s][info][gc,heap     ] GC(80)   Garbage:         -               256M (25%)         256M (25%)          17M (2%)             -                  -          
[51.294s][info][gc,heap     ] GC(80) Reclaimed:         -                  -                 0M (0%)          238M (23%)            -                  -          
[51.294s][info][gc          ] GC(80) Garbage Collection (Allocation Rate) 462M(45%)->428M(42%)
[51.307s][info][gc,start    ] GC(81) Garbage Collection (Allocation Rate)
[51.307s][info][gc,task     ] GC(81) Using 10 workers
[51.307s][info][gc,phases   ] GC(81) Pause Mark Start 0.011ms
[51.439s][info][gc,phases   ] GC(81) Concurrent Mark 131.670ms
[51.439s][info][gc,phases   ] GC(81) Pause Mark End 0.015ms
[51.439s][info][gc,phases   ] GC(81) Concurrent Mark Free 0.001ms
[51.439s][info][gc,phases   ] GC(81) Concurrent Process Non-Strong References 0.306ms
[51.440s][info][gc,phases   ] GC(81) Concurrent Reset Relocation Set 0.034ms
[51.454s][info][gc,phases   ] GC(81) Concurrent Select Relocation Set 14.643ms
[51.454s][info][gc,phases   ] GC(81) Pause Relocate Start 0.010ms
[51.480s][info][gc,phases   ] GC(81) Concurrent Relocate 25.362ms
[51.480s][info][gc,load     ] GC(81) Load: 0.00/0.00/0.00
[51.480s][info][gc,mmu      ] GC(81) MMU: 2ms/95.8%, 5ms/98.3%, 10ms/99.2%, 20ms/99.6%, 50ms/99.8%, 100ms/99.9%
[51.480s][info][gc,marking  ] GC(81) Mark: 8 stripe(s), 2 proactive flush(es), 1 terminate flush(es), 0 completion(s), 0 continuation(s) 
[51.480s][info][gc,marking  ] GC(81) Mark Stack Usage: 32M
[51.480s][info][gc,nmethod  ] GC(81) NMethods: 655 registered, 10 unregistered
[51.480s][info][gc,metaspace] GC(81) Metaspace: 16M used, 16M committed, 1088M reserved
[51.480s][info][gc,ref      ] GC(81) Soft: 171 encountered, 0 discovered, 0 enqueued
[51.480s][info][gc,ref      ] GC(81) Weak: 970 encountered, 219 discovered, 0 enqueued
[51.480s][info][gc,ref      ] GC(81) Final: 0 encountered, 0 discovered, 0 enqueued
[51.480s][info][gc,ref      ] GC(81) Phantom: 35 encountered, 20 discovered, 0 enqueued
[51.480s][info][gc,reloc    ] GC(81) Small Pages: 221 / 442M, Empty: 0M, Relocated: 87M, In-Place: 0
[51.480s][info][gc,reloc    ] GC(81) Medium Pages: 0 / 0M, Empty: 0M, Relocated: 0M, In-Place: 0
[51.480s][info][gc,reloc    ] GC(81) Large Pages: 0 / 0M, Empty: 0M, Relocated: 0M, In-Place: 0
[51.480s][info][gc,reloc    ] GC(81) Forwarding Usage: 55M
[51.480s][info][gc,heap     ] GC(81) Min Capacity: 8M(1%)
[51.480s][info][gc,heap     ] GC(81) Max Capacity: 1024M(100%)
[51.480s][info][gc,heap     ] GC(81) Soft Max Capacity: 1024M(100%)
[51.480s][info][gc,heap     ] GC(81)                Mark Start          Mark End        Relocate Start      Relocate End           High               Low         
[51.480s][info][gc,heap     ] GC(81)  Capacity:     1024M (100%)       1024M (100%)       1024M (100%)       1024M (100%)       1024M (100%)       1024M (100%)   
[51.480s][info][gc,heap     ] GC(81)      Free:      582M (57%)         456M (45%)         440M (43%)         562M (55%)         582M (57%)         418M (41%)    
[51.480s][info][gc,heap     ] GC(81)      Used:      442M (43%)         568M (55%)         584M (57%)         462M (45%)         606M (59%)         442M (43%)    
[51.480s][info][gc,heap     ] GC(81)      Live:         -               283M (28%)         283M (28%)         283M (28%)            -                  -          
[51.480s][info][gc,heap     ] GC(81) Allocated:         -               126M (12%)         142M (14%)         159M (16%)            -                  -          
[51.480s][info][gc,heap     ] GC(81)   Garbage:         -               158M (16%)         158M (16%)          19M (2%)             -                  -          
[51.480s][info][gc,heap     ] GC(81) Reclaimed:         -                  -                 0M (0%)          139M (14%)            -                  -          
[51.480s][info][gc          ] GC(81) Garbage Collection (Allocation Rate) 442M(43%)->462M(45%)
[51.501s][info][gc,start    ] GC(82) Garbage Collection (Allocation Rate)
[51.501s][info][gc,task     ] GC(82) Using 10 workers
[51.502s][info][gc,phases   ] GC(82) Pause Mark Start 0.011ms
[51.642s][info][gc,phases   ] GC(82) Concurrent Mark 140.341ms
[51.642s][info][gc,phases   ] GC(82) Pause Mark End 0.018ms
[51.642s][info][gc,phases   ] GC(82) Concurrent Mark Free 0.002ms
[51.643s][info][gc,phases   ] GC(82) Concurrent Process Non-Strong References 0.320ms
[51.643s][info][gc,phases   ] GC(82) Concurrent Reset Relocation Set 0.020ms
[51.649s][info][gc,phases   ] GC(82) Concurrent Select Relocation Set 6.186ms
[51.649s][info][gc,phases   ] GC(82) Pause Relocate Start 0.010ms
[51.671s][info][gc,phases   ] GC(82) Concurrent Relocate 21.535ms
[51.671s][info][gc,load     ] GC(82) Load: 0.00/0.00/0.00
[51.671s][info][gc,mmu      ] GC(82) MMU: 2ms/95.8%, 5ms/98.3%, 10ms/99.2%, 20ms/99.6%, 50ms/99.8%, 100ms/99.9%
[51.671s][info][gc,marking  ] GC(82) Mark: 8 stripe(s), 2 proactive flush(es), 1 terminate flush(es), 0 completion(s), 0 continuation(s) 
[51.671s][info][gc,marking  ] GC(82) Mark Stack Usage: 32M
[51.671s][info][gc,nmethod  ] GC(82) NMethods: 655 registered, 10 unregistered
[51.671s][info][gc,metaspace] GC(82) Metaspace: 16M used, 16M committed, 1088M reserved
[51.671s][info][gc,ref      ] GC(82) Soft: 171 encountered, 0 discovered, 0 enqueued
[51.671s][info][gc,ref      ] GC(82) Weak: 970 encountered, 224 discovered, 0 enqueued
[51.671s][info][gc,ref      ] GC(82) Final: 0 encountered, 0 discovered, 0 enqueued
[51.671s][info][gc,ref      ] GC(82) Phantom: 35 encountered, 29 discovered, 0 enqueued
[51.671s][info][gc,reloc    ] GC(82) Small Pages: 243 / 486M, Empty: 0M, Relocated: 76M, In-Place: 0
[51.671s][info][gc,reloc    ] GC(82) Medium Pages: 0 / 0M, Empty: 0M, Relocated: 0M, In-Place: 0
[51.671s][info][gc,reloc    ] GC(82) Large Pages: 0 / 0M, Empty: 0M, Relocated: 0M, In-Place: 0
[51.671s][info][gc,reloc    ] GC(82) Forwarding Usage: 49M
[51.671s][info][gc,heap     ] GC(82) Min Capacity: 8M(1%)
[51.671s][info][gc,heap     ] GC(82) Max Capacity: 1024M(100%)
[51.671s][info][gc,heap     ] GC(82) Soft Max Capacity: 1024M(100%)
[51.671s][info][gc,heap     ] GC(82)                Mark Start          Mark End        Relocate Start      Relocate End           High               Low         
[51.671s][info][gc,heap     ] GC(82)  Capacity:     1024M (100%)       1024M (100%)       1024M (100%)       1024M (100%)       1024M (100%)       1024M (100%)   
[51.671s][info][gc,heap     ] GC(82)      Free:      538M (53%)         404M (39%)         396M (39%)         498M (49%)         538M (53%)         376M (37%)    
[51.671s][info][gc,heap     ] GC(82)      Used:      486M (47%)         620M (61%)         628M (61%)         526M (51%)         648M (63%)         486M (47%)    
[51.671s][info][gc,heap     ] GC(82)      Live:         -               347M (34%)         347M (34%)         347M (34%)            -                  -          
[51.671s][info][gc,heap     ] GC(82) Allocated:         -               134M (13%)         142M (14%)         155M (15%)            -                  -          
[51.671s][info][gc,heap     ] GC(82)   Garbage:         -               138M (14%)         138M (14%)          22M (2%)             -                  -          
[51.671s][info][gc,heap     ] GC(82) Reclaimed:         -                  -                 0M (0%)          115M (11%)            -                  -          
[51.671s][info][gc          ] GC(82) Garbage Collection (Allocation Rate) 486M(47%)->526M(51%)
[51.704s][info][gc,start    ] GC(83) Garbage Collection (Allocation Rate)
[51.705s][info][gc,task     ] GC(83) Using 10 workers
[51.705s][info][gc,phases   ] GC(83) Pause Mark Start 0.017ms
[51.861s][info][gc,phases   ] GC(83) Concurrent Mark 155.899ms
[51.861s][info][gc,phases   ] GC(83) Pause Mark End 0.016ms
[51.861s][info][gc,phases   ] GC(83) Concurrent Mark Free 0.001ms
[51.861s][info][gc,phases   ] GC(83) Concurrent Process Non-Strong References 0.342ms
[51.861s][info][gc,phases   ] GC(83) Concurrent Reset Relocation Set 0.017ms
[51.867s][info][gc,phases   ] GC(83) Concurrent Select Relocation Set 5.655ms
[51.867s][info][gc,phases   ] GC(83) Pause Relocate Start 0.008ms
[51.889s][info][gc,phases   ] GC(83) Concurrent Relocate 21.482ms
[51.889s][info][gc,load     ] GC(83) Load: 0.00/0.00/0.00
[51.889s][info][gc,mmu      ] GC(83) MMU: 2ms/95.8%, 5ms/98.3%, 10ms/99.2%, 20ms/99.6%, 50ms/99.8%, 100ms/99.9%
[51.889s][info][gc,marking  ] GC(83) Mark: 8 stripe(s), 2 proactive flush(es), 1 terminate flush(es), 0 completion(s), 0 continuation(s) 
[51.889s][info][gc,marking  ] GC(83) Mark Stack Usage: 32M
[51.889s][info][gc,nmethod  ] GC(83) NMethods: 655 registered, 10 unregistered
[51.889s][info][gc,metaspace] GC(83) Metaspace: 16M used, 16M committed, 1088M reserved
[51.889s][info][gc,ref      ] GC(83) Soft: 171 encountered, 0 discovered, 0 enqueued
[51.889s][info][gc,ref      ] GC(83) Weak: 970 encountered, 294 discovered, 0 enqueued
[51.889s][info][gc,ref      ] GC(83) Final: 0 encountered, 0 discovered, 0 enqueued
[51.889s][info][gc,ref      ] GC(83) Phantom: 35 encountered, 18 discovered, 0 enqueued
[51.889s][info][gc,reloc    ] GC(83) Small Pages: 282 / 564M, Empty: 0M, Relocated: 74M, In-Place: 0
[51.889s][info][gc,reloc    ] GC(83) Medium Pages: 0 / 0M, Empty: 0M, Relocated: 0M, In-Place: 0
[51.889s][info][gc,reloc    ] GC(83) Large Pages: 0 / 0M, Empty: 0M, Relocated: 0M, In-Place: 0
[51.889s][info][gc,reloc    ] GC(83) Forwarding Usage: 45M
[51.889s][info][gc,heap     ] GC(83) Min Capacity: 8M(1%)
[51.889s][info][gc,heap     ] GC(83) Max Capacity: 1024M(100%)
[51.889s][info][gc,heap     ] GC(83) Soft Max Capacity: 1024M(100%)
[51.889s][info][gc,heap     ] GC(83)                Mark Start          Mark End        Relocate Start      Relocate End           High               Low         
[51.889s][info][gc,heap     ] GC(83)  Capacity:     1024M (100%)       1024M (100%)       1024M (100%)       1024M (100%)       1024M (100%)       1024M (100%)   
[51.889s][info][gc,heap     ] GC(83)      Free:      460M (45%)         316M (31%)         310M (30%)         414M (40%)         460M (45%)         288M (28%)    
[51.889s][info][gc,heap     ] GC(83)      Used:      564M (55%)         708M (69%)         714M (70%)         610M (60%)         736M (72%)         564M (55%)    
[51.889s][info][gc,heap     ] GC(83)      Live:         -               414M (41%)         414M (41%)         414M (41%)            -                  -          
[51.889s][info][gc,heap     ] GC(83) Allocated:         -               144M (14%)         150M (15%)         167M (16%)            -                  -          
[51.889s][info][gc,heap     ] GC(83)   Garbage:         -               149M (15%)         149M (15%)          27M (3%)             -                  -          
[51.889s][info][gc,heap     ] GC(83) Reclaimed:         -                  -                 0M (0%)          121M (12%)            -                  -          
[51.890s][info][gc          ] GC(83) Garbage Collection (Allocation Rate) 564M(55%)->610M(60%)
[51.908s][info][gc,start    ] GC(84) Garbage Collection (Allocation Rate)
[51.908s][info][gc,task     ] GC(84) Using 10 workers
[51.908s][info][gc,phases   ] GC(84) Pause Mark Start 0.013ms
[52.086s][info][gc,phases   ] GC(84) Concurrent Mark 178.465ms
[52.086s][info][gc,phases   ] GC(84) Pause Mark End 0.018ms
[52.086s][info][gc,phases   ] GC(84) Concurrent Mark Free 0.001ms
[52.087s][info][gc,phases   ] GC(84) Concurrent Process Non-Strong References 0.346ms
[52.087s][info][gc,phases   ] GC(84) Concurrent Reset Relocation Set 0.018ms
[52.135s][info][gc,phases   ] GC(84) Concurrent Select Relocation Set 47.866ms
[52.135s][info][gc,phases   ] GC(84) Pause Relocate Start 0.013ms
[52.165s][info][gc,phases   ] GC(84) Concurrent Relocate 29.701ms
[52.165s][info][gc,load     ] GC(84) Load: 0.00/0.00/0.00
[52.165s][info][gc,mmu      ] GC(84) MMU: 2ms/95.8%, 5ms/98.3%, 10ms/99.2%, 20ms/99.6%, 50ms/99.8%, 100ms/99.9%
[52.165s][info][gc,marking  ] GC(84) Mark: 8 stripe(s), 2 proactive flush(es), 1 terminate flush(es), 0 completion(s), 0 continuation(s) 
[52.165s][info][gc,marking  ] GC(84) Mark Stack Usage: 32M
[52.165s][info][gc,nmethod  ] GC(84) NMethods: 655 registered, 10 unregistered
[52.165s][info][gc,metaspace] GC(84) Metaspace: 16M used, 16M committed, 1088M reserved
[52.165s][info][gc,ref      ] GC(84) Soft: 171 encountered, 0 discovered, 0 enqueued
[52.165s][info][gc,ref      ] GC(84) Weak: 970 encountered, 353 discovered, 0 enqueued
[52.165s][info][gc,ref      ] GC(84) Final: 0 encountered, 0 discovered, 0 enqueued
[52.165s][info][gc,ref      ] GC(84) Phantom: 35 encountered, 20 discovered, 0 enqueued
[52.165s][info][gc,reloc    ] GC(84) Small Pages: 315 / 630M, Empty: 0M, Relocated: 78M, In-Place: 0
[52.165s][info][gc,reloc    ] GC(84) Medium Pages: 0 / 0M, Empty: 0M, Relocated: 0M, In-Place: 0
[52.165s][info][gc,reloc    ] GC(84) Large Pages: 0 / 0M, Empty: 0M, Relocated: 0M, In-Place: 0
[52.165s][info][gc,reloc    ] GC(84) Forwarding Usage: 47M
[52.165s][info][gc,heap     ] GC(84) Min Capacity: 8M(1%)
[52.165s][info][gc,heap     ] GC(84) Max Capacity: 1024M(100%)
[52.165s][info][gc,heap     ] GC(84) Soft Max Capacity: 1024M(100%)
[52.165s][info][gc,heap     ] GC(84)                Mark Start          Mark End        Relocate Start      Relocate End           High               Low         
[52.165s][info][gc,heap     ] GC(84)  Capacity:     1024M (100%)       1024M (100%)       1024M (100%)       1024M (100%)       1024M (100%)       1024M (100%)   
[52.165s][info][gc,heap     ] GC(84)      Free:      394M (38%)         216M (21%)         162M (16%)         274M (27%)         394M (38%)         140M (14%)    
[52.165s][info][gc,heap     ] GC(84)      Used:      630M (62%)         808M (79%)         862M (84%)         750M (73%)         884M (86%)         630M (62%)    
[52.165s][info][gc,heap     ] GC(84)      Live:         -               480M (47%)         480M (47%)         480M (47%)            -                  -          
[52.165s][info][gc,heap     ] GC(84) Allocated:         -               178M (17%)         232M (23%)         233M (23%)            -                  -          
[52.165s][info][gc,heap     ] GC(84)   Garbage:         -               149M (15%)         149M (15%)          36M (4%)             -                  -          
[52.165s][info][gc,heap     ] GC(84) Reclaimed:         -                  -                 0M (0%)          113M (11%)            -                  -          
[52.165s][info][gc          ] GC(84) Garbage Collection (Allocation Rate) 630M(62%)->750M(73%)
[52.211s][info][gc,start    ] GC(85) Garbage Collection (Allocation Rate)
[52.211s][info][gc,task     ] GC(85) Using 10 workers
[52.212s][info][gc,phases   ] GC(85) Pause Mark Start 0.013ms
[52.414s][info][gc,phases   ] GC(85) Concurrent Mark 202.737ms
[52.414s][info][gc,phases   ] GC(85) Pause Mark End 0.017ms
[52.415s][info][gc,phases   ] GC(85) Concurrent Mark Free 0.001ms
[52.415s][info][gc,phases   ] GC(85) Concurrent Process Non-Strong References 0.306ms
[52.415s][info][gc,phases   ] GC(85) Concurrent Reset Relocation Set 0.009ms
[52.458s][info][gc,phases   ] GC(85) Concurrent Select Relocation Set 42.752ms
[52.458s][info][gc,phases   ] GC(85) Pause Relocate Start 0.013ms
[52.488s][info][gc,phases   ] GC(85) Concurrent Relocate 29.831ms
[52.488s][info][gc,load     ] GC(85) Load: 0.00/0.00/0.00
[52.488s][info][gc,mmu      ] GC(85) MMU: 2ms/95.8%, 5ms/98.3%, 10ms/99.2%, 20ms/99.6%, 50ms/99.8%, 100ms/99.9%
[52.488s][info][gc,marking  ] GC(85) Mark: 8 stripe(s), 2 proactive flush(es), 1 terminate flush(es), 0 completion(s), 0 continuation(s) 
[52.488s][info][gc,marking  ] GC(85) Mark Stack Usage: 32M
[52.488s][info][gc,nmethod  ] GC(85) NMethods: 656 registered, 10 unregistered
[52.488s][info][gc,metaspace] GC(85) Metaspace: 16M used, 16M committed, 1088M reserved
[52.488s][info][gc,ref      ] GC(85) Soft: 171 encountered, 0 discovered, 0 enqueued
[52.488s][info][gc,ref      ] GC(85) Weak: 970 encountered, 45 discovered, 0 enqueued
[52.488s][info][gc,ref      ] GC(85) Final: 0 encountered, 0 discovered, 0 enqueued
[52.488s][info][gc,ref      ] GC(85) Phantom: 35 encountered, 21 discovered, 0 enqueued
[52.488s][info][gc,reloc    ] GC(85) Small Pages: 384 / 768M, Empty: 0M, Relocated: 89M, In-Place: 0
[52.488s][info][gc,reloc    ] GC(85) Medium Pages: 0 / 0M, Empty: 0M, Relocated: 0M, In-Place: 0
[52.488s][info][gc,reloc    ] GC(85) Large Pages: 1 / 6M, Empty: 0M, Relocated: 0M, In-Place: 0
[52.488s][info][gc,reloc    ] GC(85) Forwarding Usage: 49M
[52.488s][info][gc,heap     ] GC(85) Min Capacity: 8M(1%)
[52.488s][info][gc,heap     ] GC(85) Max Capacity: 1024M(100%)
[52.488s][info][gc,heap     ] GC(85) Soft Max Capacity: 1024M(100%)
[52.488s][info][gc,heap     ] GC(85)                Mark Start          Mark End        Relocate Start      Relocate End           High               Low         
[52.488s][info][gc,heap     ] GC(85)  Capacity:     1024M (100%)       1024M (100%)       1024M (100%)       1024M (100%)       1024M (100%)       1024M (100%)   
[52.488s][info][gc,heap     ] GC(85)      Free:      250M (24%)         180M (18%)         180M (18%)         326M (32%)         326M (32%)         160M (16%)    
[52.488s][info][gc,heap     ] GC(85)      Used:      774M (76%)         844M (82%)         844M (82%)         698M (68%)         864M (84%)         698M (68%)    
[52.488s][info][gc,heap     ] GC(85)      Live:         -               576M (56%)         576M (56%)         576M (56%)            -                  -          
[52.488s][info][gc,heap     ] GC(85) Allocated:         -                70M (7%)           70M (7%)           74M (7%)             -                  -          
[52.488s][info][gc,heap     ] GC(85)   Garbage:         -               197M (19%)         197M (19%)          47M (5%)             -                  -          
[52.488s][info][gc,heap     ] GC(85) Reclaimed:         -                  -                 0M (0%)          150M (15%)            -                  -          
[52.488s][info][gc          ] GC(85) Garbage Collection (Allocation Rate) 774M(76%)->698M(68%)
[52.508s][info][gc,start    ] GC(86) Garbage Collection (Allocation Rate)
[52.508s][info][gc,task     ] GC(86) Using 10 workers
[52.508s][info][gc,phases   ] GC(86) Pause Mark Start 0.011ms
[52.752s][info][gc,phases   ] GC(86) Concurrent Mark 243.210ms
[52.752s][info][gc,phases   ] GC(86) Pause Mark End 0.026ms
[52.752s][info][gc,phases   ] GC(86) Concurrent Mark Free 0.001ms
[52.752s][info][gc,phases   ] GC(86) Concurrent Process Non-Strong References 0.380ms
[52.752s][info][gc,phases   ] GC(86) Concurrent Reset Relocation Set 0.016ms
[52.760s][info][gc,phases   ] GC(86) Concurrent Select Relocation Set 7.655ms
[52.760s][info][gc,phases   ] GC(86) Pause Relocate Start 0.008ms
[52.765s][info][gc,phases   ] GC(86) Concurrent Relocate 4.611ms
[52.765s][info][gc,load     ] GC(86) Load: 0.00/0.00/0.00
[52.765s][info][gc,mmu      ] GC(86) MMU: 2ms/95.8%, 5ms/98.3%, 10ms/99.2%, 20ms/99.6%, 50ms/99.8%, 100ms/99.9%
[52.765s][info][gc,marking  ] GC(86) Mark: 8 stripe(s), 3 proactive flush(es), 1 terminate flush(es), 0 completion(s), 0 continuation(s) 
[52.765s][info][gc,marking  ] GC(86) Mark Stack Usage: 32M
[52.765s][info][gc,nmethod  ] GC(86) NMethods: 656 registered, 10 unregistered
[52.765s][info][gc,metaspace] GC(86) Metaspace: 16M used, 16M committed, 1088M reserved
[52.765s][info][gc,ref      ] GC(86) Soft: 171 encountered, 0 discovered, 0 enqueued
[52.765s][info][gc,ref      ] GC(86) Weak: 970 encountered, 72 discovered, 0 enqueued
[52.765s][info][gc,ref      ] GC(86) Final: 0 encountered, 0 discovered, 0 enqueued
[52.765s][info][gc,ref      ] GC(86) Phantom: 35 encountered, 22 discovered, 0 enqueued
[52.765s][info][gc,reloc    ] GC(86) Small Pages: 344 / 688M, Empty: 0M, Relocated: 6M, In-Place: 0
[52.765s][info][gc,reloc    ] GC(86) Medium Pages: 0 / 0M, Empty: 0M, Relocated: 0M, In-Place: 0
[52.765s][info][gc,reloc    ] GC(86) Large Pages: 2 / 12M, Empty: 0M, Relocated: 0M, In-Place: 0
[52.765s][info][gc,reloc    ] GC(86) Forwarding Usage: 3M
[52.765s][info][gc,heap     ] GC(86) Min Capacity: 8M(1%)
[52.765s][info][gc,heap     ] GC(86) Max Capacity: 1024M(100%)
[52.765s][info][gc,heap     ] GC(86) Soft Max Capacity: 1024M(100%)
[52.765s][info][gc,heap     ] GC(86)                Mark Start          Mark End        Relocate Start      Relocate End           High               Low         
[52.765s][info][gc,heap     ] GC(86)  Capacity:     1024M (100%)       1024M (100%)       1024M (100%)       1024M (100%)       1024M (100%)       1024M (100%)   
[52.765s][info][gc,heap     ] GC(86)      Free:      324M (32%)         310M (30%)         308M (30%)         306M (30%)         324M (32%)         288M (28%)    
[52.765s][info][gc,heap     ] GC(86)      Used:      700M (68%)         714M (70%)         716M (70%)         718M (70%)         736M (72%)         700M (68%)    
[52.765s][info][gc,heap     ] GC(86)      Live:         -               629M (61%)         629M (61%)         629M (61%)            -                  -          
[52.765s][info][gc,heap     ] GC(86) Allocated:         -                14M (1%)           16M (2%)           18M (2%)             -                  -          
[52.765s][info][gc,heap     ] GC(86)   Garbage:         -                70M (7%)           70M (7%)           70M (7%)             -                  -          
[52.765s][info][gc,heap     ] GC(86) Reclaimed:         -                  -                 0M (0%)            0M (0%)             -                  -          
[52.765s][info][gc          ] GC(86) Garbage Collection (Allocation Rate) 700M(68%)->718M(70%)
[52.798s][info][gc,start    ] GC(87) Garbage Collection (Allocation Rate)
[52.798s][info][gc,task     ] GC(87) Using 10 workers
[52.799s][info][gc,phases   ] GC(87) Pause Mark Start 0.010ms
[52.986s][info][gc,phases   ] GC(87) Concurrent Mark 187.177ms
[52.986s][info][gc,phases   ] GC(87) Pause Mark End 0.018ms
[52.986s][info][gc,phases   ] GC(87) Concurrent Mark Free 0.001ms
[52.986s][info][gc,phases   ] GC(87) Concurrent Process Non-Strong References 0.356ms
[52.986s][info][gc,phases   ] GC(87) Concurrent Reset Relocation Set 0.002ms
[52.996s][info][gc,phases   ] GC(87) Concurrent Select Relocation Set 9.963ms
[52.997s][info][gc,phases   ] GC(87) Pause Relocate Start 0.006ms
[53.001s][info][gc,phases   ] GC(87) Concurrent Relocate 3.897ms
[53.001s][info][gc,load     ] GC(87) Load: 0.00/0.00/0.00
[53.001s][info][gc,mmu      ] GC(87) MMU: 2ms/95.8%, 5ms/98.3%, 10ms/99.2%, 20ms/99.6%, 50ms/99.8%, 100ms/99.9%
[53.001s][info][gc,marking  ] GC(87) Mark: 8 stripe(s), 2 proactive flush(es), 1 terminate flush(es), 0 completion(s), 0 continuation(s) 
[53.001s][info][gc,marking  ] GC(87) Mark Stack Usage: 32M
[53.001s][info][gc,nmethod  ] GC(87) NMethods: 656 registered, 10 unregistered
[53.001s][info][gc,metaspace] GC(87) Metaspace: 16M used, 16M committed, 1088M reserved
[53.001s][info][gc,ref      ] GC(87) Soft: 171 encountered, 0 discovered, 0 enqueued
[53.001s][info][gc,ref      ] GC(87) Weak: 970 encountered, 342 discovered, 0 enqueued
[53.001s][info][gc,ref      ] GC(87) Final: 0 encountered, 0 discovered, 0 enqueued
[53.001s][info][gc,ref      ] GC(87) Phantom: 35 encountered, 24 discovered, 0 enqueued
[53.001s][info][gc,reloc    ] GC(87) Small Pages: 366 / 732M, Empty: 10M, Relocated: 13M, In-Place: 0
[53.001s][info][gc,reloc    ] GC(87) Medium Pages: 0 / 0M, Empty: 0M, Relocated: 0M, In-Place: 0
[53.001s][info][gc,reloc    ] GC(87) Large Pages: 2 / 12M, Empty: 6M, Relocated: 0M, In-Place: 0
[53.001s][info][gc,reloc    ] GC(87) Forwarding Usage: 5M
[53.001s][info][gc,heap     ] GC(87) Min Capacity: 8M(1%)
[53.001s][info][gc,heap     ] GC(87) Max Capacity: 1024M(100%)
[53.001s][info][gc,heap     ] GC(87) Soft Max Capacity: 1024M(100%)
[53.001s][info][gc,heap     ] GC(87)                Mark Start          Mark End        Relocate Start      Relocate End           High               Low         
[53.001s][info][gc,heap     ] GC(87)  Capacity:     1024M (100%)       1024M (100%)       1024M (100%)       1024M (100%)       1024M (100%)       1024M (100%)   
[53.001s][info][gc,heap     ] GC(87)      Free:      280M (27%)         174M (17%)         180M (18%)         218M (21%)         280M (27%)         160M (16%)    
[53.001s][info][gc,heap     ] GC(87)      Used:      744M (73%)         850M (83%)         844M (82%)         806M (79%)         864M (84%)         744M (73%)    
[53.001s][info][gc,heap     ] GC(87)      Live:         -               619M (60%)         619M (60%)         619M (60%)            -                  -          
[53.001s][info][gc,heap     ] GC(87) Allocated:         -               106M (10%)         116M (11%)         117M (12%)            -                  -          
[53.001s][info][gc,heap     ] GC(87)   Garbage:         -               124M (12%)         108M (11%)          68M (7%)             -                  -          
[53.001s][info][gc,heap     ] GC(87) Reclaimed:         -                  -                16M (2%)           55M (5%)             -                  -          
[53.001s][info][gc          ] GC(87) Garbage Collection (Allocation Rate) 744M(73%)->806M(79%)
[53.111s][info][gc,start    ] GC(88) Garbage Collection (Allocation Rate)
[53.111s][info][gc,task     ] GC(88) Using 10 workers
[53.111s][info][gc,phases   ] GC(88) Pause Mark Start 0.015ms
[53.287s][info][gc,phases   ] GC(88) Concurrent Mark 176.316ms
[53.288s][info][gc,phases   ] GC(88) Pause Mark End 0.014ms
[53.288s][info][gc,phases   ] GC(88) Concurrent Mark Free 0.001ms
[53.288s][info][gc,phases   ] GC(88) Concurrent Process Non-Strong References 0.303ms
[53.288s][info][gc,phases   ] GC(88) Concurrent Reset Relocation Set 0.003ms
[53.295s][info][gc,phases   ] GC(88) Concurrent Select Relocation Set 6.598ms
[53.295s][info][gc,phases   ] GC(88) Pause Relocate Start 0.005ms
[53.300s][info][gc,phases   ] GC(88) Concurrent Relocate 5.018ms
[53.300s][info][gc,load     ] GC(88) Load: 0.00/0.00/0.00
[53.300s][info][gc,mmu      ] GC(88) MMU: 2ms/95.8%, 5ms/98.3%, 10ms/99.2%, 20ms/99.6%, 50ms/99.8%, 100ms/99.9%
[53.300s][info][gc,marking  ] GC(88) Mark: 8 stripe(s), 2 proactive flush(es), 1 terminate flush(es), 0 completion(s), 0 continuation(s) 
[53.300s][info][gc,marking  ] GC(88) Mark Stack Usage: 32M
[53.300s][info][gc,nmethod  ] GC(88) NMethods: 656 registered, 10 unregistered
[53.300s][info][gc,metaspace] GC(88) Metaspace: 16M used, 16M committed, 1088M reserved
[53.300s][info][gc,ref      ] GC(88) Soft: 171 encountered, 0 discovered, 0 enqueued
[53.300s][info][gc,ref      ] GC(88) Weak: 970 encountered, 73 discovered, 0 enqueued
[53.300s][info][gc,ref      ] GC(88) Final: 0 encountered, 0 discovered, 0 enqueued
[53.300s][info][gc,ref      ] GC(88) Phantom: 35 encountered, 21 discovered, 0 enqueued
[53.300s][info][gc,reloc    ] GC(88) Small Pages: 445 / 890M, Empty: 18M, Relocated: 13M, In-Place: 0
[53.300s][info][gc,reloc    ] GC(88) Medium Pages: 0 / 0M, Empty: 0M, Relocated: 0M, In-Place: 0
[53.300s][info][gc,reloc    ] GC(88) Large Pages: 1 / 6M, Empty: 0M, Relocated: 0M, In-Place: 0
[53.300s][info][gc,reloc    ] GC(88) Forwarding Usage: 5M
[53.300s][info][gc,heap     ] GC(88) Min Capacity: 8M(1%)
[53.300s][info][gc,heap     ] GC(88) Max Capacity: 1024M(100%)
[53.300s][info][gc,heap     ] GC(88) Soft Max Capacity: 1024M(100%)
[53.300s][info][gc,heap     ] GC(88)                Mark Start          Mark End        Relocate Start      Relocate End           High               Low         
[53.300s][info][gc,heap     ] GC(88)  Capacity:     1024M (100%)       1024M (100%)       1024M (100%)       1024M (100%)       1024M (100%)       1024M (100%)   
[53.300s][info][gc,heap     ] GC(88)      Free:      128M (13%)          38M (4%)           52M (5%)          256M (25%)         256M (25%)          34M (3%)     
[53.300s][info][gc,heap     ] GC(88)      Used:      896M (88%)         986M (96%)         972M (95%)         768M (75%)         990M (97%)         768M (75%)    
[53.300s][info][gc,heap     ] GC(88)      Live:         -               589M (58%)         589M (58%)         589M (58%)            -                  -          
[53.300s][info][gc,heap     ] GC(88) Allocated:         -                90M (9%)           94M (9%)           95M (9%)             -                  -          
[53.300s][info][gc,heap     ] GC(88)   Garbage:         -               306M (30%)         288M (28%)          82M (8%)             -                  -          
[53.300s][info][gc,heap     ] GC(88) Reclaimed:         -                  -                18M (2%)          223M (22%)            -                  -          
[53.300s][info][gc          ] GC(88) Garbage Collection (Allocation Rate) 896M(88%)->768M(75%)
[53.303s][info][gc,start    ] GC(89) Garbage Collection (Allocation Rate)
[53.303s][info][gc,task     ] GC(89) Using 10 workers
[53.303s][info][gc,phases   ] GC(89) Pause Mark Start 0.008ms
[53.475s][info][gc,phases   ] GC(89) Concurrent Mark 171.686ms
[53.475s][info][gc,phases   ] GC(89) Pause Mark End 0.016ms
[53.475s][info][gc,phases   ] GC(89) Concurrent Mark Free 0.001ms
[53.475s][info][gc,phases   ] GC(89) Concurrent Process Non-Strong References 0.318ms
[53.476s][info][gc,phases   ] GC(89) Concurrent Reset Relocation Set 0.020ms
[53.486s][info][gc,phases   ] GC(89) Concurrent Select Relocation Set 10.864ms
[53.486s][info][gc,phases   ] GC(89) Pause Relocate Start 0.009ms
[53.499s][info][gc,phases   ] GC(89) Concurrent Relocate 12.894ms
[53.500s][info][gc,load     ] GC(89) Load: 0.00/0.00/0.00
[53.500s][info][gc,mmu      ] GC(89) MMU: 2ms/95.8%, 5ms/98.3%, 10ms/99.2%, 20ms/99.6%, 50ms/99.8%, 100ms/99.9%
[53.500s][info][gc,marking  ] GC(89) Mark: 8 stripe(s), 2 proactive flush(es), 1 terminate flush(es), 0 completion(s), 0 continuation(s) 
[53.500s][info][gc,marking  ] GC(89) Mark Stack Usage: 32M
[53.500s][info][gc,nmethod  ] GC(89) NMethods: 656 registered, 10 unregistered
[53.500s][info][gc,metaspace] GC(89) Metaspace: 16M used, 16M committed, 1088M reserved
[53.500s][info][gc,ref      ] GC(89) Soft: 171 encountered, 0 discovered, 0 enqueued
[53.500s][info][gc,ref      ] GC(89) Weak: 970 encountered, 240 discovered, 0 enqueued
[53.500s][info][gc,ref      ] GC(89) Final: 0 encountered, 0 discovered, 0 enqueued
[53.500s][info][gc,ref      ] GC(89) Phantom: 35 encountered, 22 discovered, 0 enqueued
[53.500s][info][gc,reloc    ] GC(89) Small Pages: 382 / 764M, Empty: 8M, Relocated: 13M, In-Place: 0
[53.500s][info][gc,reloc    ] GC(89) Medium Pages: 0 / 0M, Empty: 0M, Relocated: 0M, In-Place: 0
[53.500s][info][gc,reloc    ] GC(89) Large Pages: 1 / 6M, Empty: 0M, Relocated: 0M, In-Place: 0
[53.500s][info][gc,reloc    ] GC(89) Forwarding Usage: 5M
[53.500s][info][gc,heap     ] GC(89) Min Capacity: 8M(1%)
[53.500s][info][gc,heap     ] GC(89) Max Capacity: 1024M(100%)
[53.500s][info][gc,heap     ] GC(89) Soft Max Capacity: 1024M(100%)
[53.500s][info][gc,heap     ] GC(89)                Mark Start          Mark End        Relocate Start      Relocate End           High               Low         
[53.500s][info][gc,heap     ] GC(89)  Capacity:     1024M (100%)       1024M (100%)       1024M (100%)       1024M (100%)       1024M (100%)       1024M (100%)   
[53.500s][info][gc,heap     ] GC(89)      Free:      254M (25%)         154M (15%)         152M (15%)         248M (24%)         254M (25%)         132M (13%)    
[53.500s][info][gc,heap     ] GC(89)      Used:      770M (75%)         870M (85%)         872M (85%)         776M (76%)         892M (87%)         770M (75%)    
[53.500s][info][gc,heap     ] GC(89)      Live:         -               575M (56%)         575M (56%)         575M (56%)            -                  -          
[53.500s][info][gc,heap     ] GC(89) Allocated:         -               100M (10%)         110M (11%)         113M (11%)            -                  -          
[53.500s][info][gc,heap     ] GC(89)   Garbage:         -               194M (19%)         186M (18%)          86M (8%)             -                  -          
[53.500s][info][gc,heap     ] GC(89) Reclaimed:         -                  -                 8M (1%)          107M (11%)            -                  -          
[53.500s][info][gc          ] GC(89) Garbage Collection (Allocation Rate) 770M(75%)->776M(76%)
[53.506s][info][gc,start    ] GC(90) Garbage Collection (Allocation Rate)
[53.506s][info][gc,task     ] GC(90) Using 10 workers
[53.506s][info][gc,phases   ] GC(90) Pause Mark Start 0.008ms
[53.662s][info][gc,phases   ] GC(90) Concurrent Mark 156.020ms
[53.663s][info][gc,phases   ] GC(90) Pause Mark End 0.017ms
[53.699s][info][gc,phases   ] GC(90) Concurrent Mark Free 0.001ms
[53.700s][info][gc,phases   ] GC(90) Concurrent Process Non-Strong References 0.564ms
[53.700s][info][gc,phases   ] GC(90) Concurrent Reset Relocation Set 0.012ms
[53.704s][info][gc,phases   ] GC(90) Concurrent Select Relocation Set 3.944ms
[53.704s][info][gc,phases   ] GC(90) Pause Relocate Start 0.006ms
[53.709s][info][gc,phases   ] GC(90) Concurrent Relocate 5.732ms
[53.710s][info][gc,load     ] GC(90) Load: 0.00/0.00/0.00
[53.710s][info][gc,mmu      ] GC(90) MMU: 2ms/95.8%, 5ms/98.3%, 10ms/99.2%, 20ms/99.6%, 50ms/99.8%, 100ms/99.9%
[53.710s][info][gc,marking  ] GC(90) Mark: 8 stripe(s), 2 proactive flush(es), 1 terminate flush(es), 0 completion(s), 0 continuation(s) 
[53.710s][info][gc,marking  ] GC(90) Mark Stack Usage: 32M
[53.710s][info][gc,nmethod  ] GC(90) NMethods: 656 registered, 10 unregistered
[53.710s][info][gc,metaspace] GC(90) Metaspace: 16M used, 16M committed, 1088M reserved
[53.710s][info][gc,ref      ] GC(90) Soft: 171 encountered, 0 discovered, 0 enqueued
[53.710s][info][gc,ref      ] GC(90) Weak: 970 encountered, 311 discovered, 0 enqueued
[53.710s][info][gc,ref      ] GC(90) Final: 0 encountered, 0 discovered, 0 enqueued
[53.710s][info][gc,ref      ] GC(90) Phantom: 35 encountered, 18 discovered, 0 enqueued
[53.710s][info][gc,reloc    ] GC(90) Small Pages: 387 / 774M, Empty: 8M, Relocated: 12M, In-Place: 0
[53.710s][info][gc,reloc    ] GC(90) Medium Pages: 0 / 0M, Empty: 0M, Relocated: 0M, In-Place: 0
[53.710s][info][gc,reloc    ] GC(90) Large Pages: 1 / 6M, Empty: 0M, Relocated: 0M, In-Place: 0
[53.710s][info][gc,reloc    ] GC(90) Forwarding Usage: 4M
[53.710s][info][gc,heap     ] GC(90) Min Capacity: 8M(1%)
[53.710s][info][gc,heap     ] GC(90) Max Capacity: 1024M(100%)
[53.710s][info][gc,heap     ] GC(90) Soft Max Capacity: 1024M(100%)
[53.710s][info][gc,heap     ] GC(90)                Mark Start          Mark End        Relocate Start      Relocate End           High               Low         
[53.710s][info][gc,heap     ] GC(90)  Capacity:     1024M (100%)       1024M (100%)       1024M (100%)       1024M (100%)       1024M (100%)       1024M (100%)   
[53.710s][info][gc,heap     ] GC(90)      Free:      244M (24%)         148M (14%)         154M (15%)         274M (27%)         274M (27%)         134M (13%)    
[53.710s][info][gc,heap     ] GC(90)      Used:      780M (76%)         876M (86%)         870M (85%)         750M (73%)         890M (87%)         750M (73%)    
[53.710s][info][gc,heap     ] GC(90)      Live:         -               558M (55%)         558M (55%)         558M (55%)            -                  -          
[53.710s][info][gc,heap     ] GC(90) Allocated:         -                96M (9%)           98M (10%)          99M (10%)            -                  -          
[53.710s][info][gc,heap     ] GC(90)   Garbage:         -               221M (22%)         213M (21%)          91M (9%)             -                  -          
[53.710s][info][gc,heap     ] GC(90) Reclaimed:         -                  -                 8M (1%)          129M (13%)            -                  -          
[53.710s][info][gc          ] GC(90) Garbage Collection (Allocation Rate) 780M(76%)->750M(73%)
[53.810s][info][gc,start    ] GC(91) Garbage Collection (Allocation Rate)
[53.810s][info][gc,task     ] GC(91) Using 10 workers
[53.810s][info][gc,phases   ] GC(91) Pause Mark Start 0.010ms
[53.950s][info][gc,phases   ] GC(91) Concurrent Mark 140.276ms
[53.950s][info][gc,phases   ] GC(91) Pause Mark End 0.020ms
[53.951s][info][gc,phases   ] GC(91) Concurrent Mark Free 0.001ms
[53.951s][info][gc,phases   ] GC(91) Concurrent Process Non-Strong References 0.329ms
[53.951s][info][gc,phases   ] GC(91) Concurrent Reset Relocation Set 0.009ms
[53.958s][info][gc,phases   ] GC(91) Concurrent Select Relocation Set 7.388ms
[53.958s][info][gc,phases   ] GC(91) Pause Relocate Start 0.005ms
[53.965s][info][gc,phases   ] GC(91) Concurrent Relocate 6.844ms
[53.965s][info][gc,load     ] GC(91) Load: 0.00/0.00/0.00
[53.965s][info][gc,mmu      ] GC(91) MMU: 2ms/95.8%, 5ms/98.3%, 10ms/99.2%, 20ms/99.6%, 50ms/99.8%, 100ms/99.9%
[53.965s][info][gc,marking  ] GC(91) Mark: 8 stripe(s), 2 proactive flush(es), 1 terminate flush(es), 0 completion(s), 0 continuation(s) 
[53.965s][info][gc,marking  ] GC(91) Mark Stack Usage: 32M
[53.965s][info][gc,nmethod  ] GC(91) NMethods: 656 registered, 10 unregistered
[53.965s][info][gc,metaspace] GC(91) Metaspace: 16M used, 16M committed, 1088M reserved
[53.965s][info][gc,ref      ] GC(91) Soft: 171 encountered, 0 discovered, 0 enqueued
[53.965s][info][gc,ref      ] GC(91) Weak: 970 encountered, 94 discovered, 0 enqueued
[53.965s][info][gc,ref      ] GC(91) Final: 0 encountered, 0 discovered, 0 enqueued
[53.965s][info][gc,ref      ] GC(91) Phantom: 35 encountered, 19 discovered, 0 enqueued
[53.965s][info][gc,reloc    ] GC(91) Small Pages: 409 / 818M, Empty: 16M, Relocated: 15M, In-Place: 0
[53.965s][info][gc,reloc    ] GC(91) Medium Pages: 0 / 0M, Empty: 0M, Relocated: 0M, In-Place: 0
[53.966s][info][gc,reloc    ] GC(91) Large Pages: 1 / 6M, Empty: 0M, Relocated: 0M, In-Place: 0
[53.966s][info][gc,reloc    ] GC(91) Forwarding Usage: 7M
[53.966s][info][gc,heap     ] GC(91) Min Capacity: 8M(1%)
[53.966s][info][gc,heap     ] GC(91) Max Capacity: 1024M(100%)
[53.966s][info][gc,heap     ] GC(91) Soft Max Capacity: 1024M(100%)
[53.966s][info][gc,heap     ] GC(91)                Mark Start          Mark End        Relocate Start      Relocate End           High               Low         
[53.966s][info][gc,heap     ] GC(91)  Capacity:     1024M (100%)       1024M (100%)       1024M (100%)       1024M (100%)       1024M (100%)       1024M (100%)   
[53.966s][info][gc,heap     ] GC(91)      Free:      200M (20%)         114M (11%)         126M (12%)         304M (30%)         304M (30%)         106M (10%)    
[53.966s][info][gc,heap     ] GC(91)      Used:      824M (80%)         910M (89%)         898M (88%)         720M (70%)         918M (90%)         720M (70%)    
[53.966s][info][gc,heap     ] GC(91)      Live:         -               533M (52%)         533M (52%)         533M (52%)            -                  -          
[53.966s][info][gc,heap     ] GC(91) Allocated:         -                86M (8%)           90M (9%)           91M (9%)             -                  -          
[53.966s][info][gc,heap     ] GC(91)   Garbage:         -               290M (28%)         274M (27%)          94M (9%)             -                  -          
[53.966s][info][gc,heap     ] GC(91) Reclaimed:         -                  -                16M (2%)          195M (19%)            -                  -          
[53.966s][info][gc          ] GC(91) Garbage Collection (Allocation Rate) 824M(80%)->720M(70%)
[53.997s][info][gc,start    ] GC(92) Garbage Collection (Allocation Rate)
[53.997s][info][gc,task     ] GC(92) Using 10 workers
[53.997s][info][gc,phases   ] GC(92) Pause Mark Start 0.011ms
[54.122s][info][gc,phases   ] GC(92) Concurrent Mark 124.662ms
[54.122s][info][gc,phases   ] GC(92) Pause Mark End 0.018ms
[54.122s][info][gc,phases   ] GC(92) Concurrent Mark Free 0.001ms
[54.123s][info][gc,phases   ] GC(92) Concurrent Process Non-Strong References 0.352ms
[54.123s][info][gc,phases   ] GC(92) Concurrent Reset Relocation Set 0.019ms
[54.127s][info][gc,phases   ] GC(92) Concurrent Select Relocation Set 4.251ms
[54.127s][info][gc,phases   ] GC(92) Pause Relocate Start 0.004ms
[54.131s][info][gc,phases   ] GC(92) Concurrent Relocate 3.697ms
[54.131s][info][gc,load     ] GC(92) Load: 0.00/0.00/0.00
[54.131s][info][gc,mmu      ] GC(92) MMU: 2ms/95.8%, 5ms/98.3%, 10ms/99.2%, 20ms/99.6%, 50ms/99.8%, 100ms/99.9%
[54.131s][info][gc,marking  ] GC(92) Mark: 8 stripe(s), 2 proactive flush(es), 1 terminate flush(es), 0 completion(s), 0 continuation(s) 
[54.131s][info][gc,marking  ] GC(92) Mark Stack Usage: 32M
[54.131s][info][gc,nmethod  ] GC(92) NMethods: 656 registered, 10 unregistered
[54.131s][info][gc,metaspace] GC(92) Metaspace: 16M used, 16M committed, 1088M reserved
[54.131s][info][gc,ref      ] GC(92) Soft: 171 encountered, 0 discovered, 0 enqueued
[54.131s][info][gc,ref      ] GC(92) Weak: 970 encountered, 111 discovered, 0 enqueued
[54.131s][info][gc,ref      ] GC(92) Final: 0 encountered, 0 discovered, 0 enqueued
[54.131s][info][gc,ref      ] GC(92) Phantom: 35 encountered, 21 discovered, 0 enqueued
[54.131s][info][gc,reloc    ] GC(92) Small Pages: 368 / 736M, Empty: 10M, Relocated: 11M, In-Place: 0
[54.131s][info][gc,reloc    ] GC(92) Medium Pages: 0 / 0M, Empty: 0M, Relocated: 0M, In-Place: 0
[54.131s][info][gc,reloc    ] GC(92) Large Pages: 1 / 6M, Empty: 0M, Relocated: 0M, In-Place: 0
[54.131s][info][gc,reloc    ] GC(92) Forwarding Usage: 5M
[54.131s][info][gc,heap     ] GC(92) Min Capacity: 8M(1%)
[54.131s][info][gc,heap     ] GC(92) Max Capacity: 1024M(100%)
[54.131s][info][gc,heap     ] GC(92) Soft Max Capacity: 1024M(100%)
[54.131s][info][gc,heap     ] GC(92)                Mark Start          Mark End        Relocate Start      Relocate End           High               Low         
[54.132s][info][gc,heap     ] GC(92)  Capacity:     1024M (100%)       1024M (100%)       1024M (100%)       1024M (100%)       1024M (100%)       1024M (100%)   
[54.132s][info][gc,heap     ] GC(92)      Free:      282M (28%)         194M (19%)         200M (20%)         312M (30%)         312M (30%)         180M (18%)    
[54.132s][info][gc,heap     ] GC(92)      Used:      742M (72%)         830M (81%)         824M (80%)         712M (70%)         844M (82%)         712M (70%)    
[54.132s][info][gc,heap     ] GC(92)      Live:         -               517M (51%)         517M (51%)         517M (51%)            -                  -          
[54.132s][info][gc,heap     ] GC(92) Allocated:         -                88M (9%)           92M (9%)           93M (9%)             -                  -          
[54.132s][info][gc,heap     ] GC(92)   Garbage:         -               224M (22%)         214M (21%)         100M (10%)            -                  -          
[54.132s][info][gc,heap     ] GC(92) Reclaimed:         -                  -                10M (1%)          123M (12%)            -                  -          
[54.132s][info][gc          ] GC(92) Garbage Collection (Allocation Rate) 742M(72%)->712M(70%)
[54.200s][info][gc,start    ] GC(93) Garbage Collection (Allocation Rate)
[54.200s][info][gc,task     ] GC(93) Using 10 workers
[54.200s][info][gc,phases   ] GC(93) Pause Mark Start 0.007ms
[54.216s][info][gc,phases   ] GC(93) Concurrent Mark 15.420ms
[54.216s][info][gc,phases   ] GC(93) Pause Mark End 0.020ms
[54.216s][info][gc,phases   ] GC(93) Concurrent Mark Free 0.001ms
[54.217s][info][gc,phases   ] GC(93) Concurrent Process Non-Strong References 0.485ms
[54.217s][info][gc,phases   ] GC(93) Concurrent Reset Relocation Set 0.012ms
[54.221s][info][gc,phases   ] GC(93) Concurrent Select Relocation Set 4.044ms
[54.221s][info][gc,phases   ] GC(93) Pause Relocate Start 0.006ms
[54.224s][info][gc,phases   ] GC(93) Concurrent Relocate 3.046ms
[54.224s][info][gc,load     ] GC(93) Load: 0.00/0.00/0.00
[54.224s][info][gc,mmu      ] GC(93) MMU: 2ms/95.8%, 5ms/98.3%, 10ms/99.2%, 20ms/99.6%, 50ms/99.8%, 100ms/99.9%
[54.224s][info][gc,marking  ] GC(93) Mark: 8 stripe(s), 2 proactive flush(es), 1 terminate flush(es), 0 completion(s), 0 continuation(s) 
[54.224s][info][gc,marking  ] GC(93) Mark Stack Usage: 32M
[54.224s][info][gc,nmethod  ] GC(93) NMethods: 659 registered, 10 unregistered
[54.224s][info][gc,metaspace] GC(93) Metaspace: 16M used, 16M committed, 1088M reserved
[54.224s][info][gc,ref      ] GC(93) Soft: 171 encountered, 0 discovered, 0 enqueued
[54.224s][info][gc,ref      ] GC(93) Weak: 974 encountered, 98 discovered, 1 enqueued
[54.224s][info][gc,ref      ] GC(93) Final: 0 encountered, 0 discovered, 0 enqueued
[54.224s][info][gc,ref      ] GC(93) Phantom: 35 encountered, 23 discovered, 0 enqueued
[54.224s][info][gc,reloc    ] GC(93) Small Pages: 384 / 768M, Empty: 712M, Relocated: 8M, In-Place: 0
[54.224s][info][gc,reloc    ] GC(93) Medium Pages: 0 / 0M, Empty: 0M, Relocated: 0M, In-Place: 0
[54.224s][info][gc,reloc    ] GC(93) Large Pages: 1 / 6M, Empty: 6M, Relocated: 0M, In-Place: 0
[54.224s][info][gc,reloc    ] GC(93) Forwarding Usage: 2M
[54.224s][info][gc,heap     ] GC(93) Min Capacity: 8M(1%)
[54.224s][info][gc,heap     ] GC(93) Max Capacity: 1024M(100%)
[54.224s][info][gc,heap     ] GC(93) Soft Max Capacity: 1024M(100%)
[54.224s][info][gc,heap     ] GC(93)                Mark Start          Mark End        Relocate Start      Relocate End           High               Low         
[54.224s][info][gc,heap     ] GC(93)  Capacity:     1024M (100%)       1024M (100%)       1024M (100%)       1024M (100%)       1024M (100%)       1024M (100%)   
[54.224s][info][gc,heap     ] GC(93)      Free:      250M (24%)         244M (24%)         962M (94%)         988M (96%)         988M (96%)         244M (24%)    
[54.224s][info][gc,heap     ] GC(93)      Used:      774M (76%)         780M (76%)          62M (6%)           36M (4%)          780M (76%)          36M (4%)     
[54.224s][info][gc,heap     ] GC(93)      Live:         -                16M (2%)           16M (2%)           16M (2%)             -                  -          
[54.224s][info][gc,heap     ] GC(93) Allocated:         -                 6M (1%)            6M (1%)            5M (1%)             -                  -          
[54.225s][info][gc,heap     ] GC(93)   Garbage:         -               757M (74%)          39M (4%)           13M (1%)             -                  -          
[54.225s][info][gc,heap     ] GC(93) Reclaimed:         -                  -               718M (70%)         743M (73%)            -                  -          
[54.225s][info][gc          ] GC(93) Garbage Collection (Allocation Rate) 774M(76%)->36M(4%)
[55.982s][info][gc,start    ] GC(94) Garbage Collection (System.gc())
[55.982s][info][gc,task     ] GC(94) Using 10 workers
[55.982s][info][gc,phases   ] GC(94) Pause Mark Start 0.016ms
[56.002s][info][gc,phases   ] GC(94) Concurrent Mark 19.691ms
[56.002s][info][gc,phases   ] GC(94) Pause Mark End 0.018ms
[56.002s][info][gc,phases   ] GC(94) Concurrent Mark Free 0.001ms
[56.002s][info][gc,phases   ] GC(94) Concurrent Process Non-Strong References 0.561ms
[56.002s][info][gc,phases   ] GC(94) Concurrent Reset Relocation Set 0.004ms
[56.006s][info][gc,phases   ] GC(94) Concurrent Select Relocation Set 3.744ms
[56.006s][info][gc,phases   ] GC(94) Pause Relocate Start 0.005ms
[56.009s][info][gc,phases   ] GC(94) Concurrent Relocate 2.371ms
[56.009s][info][gc,load     ] GC(94) Load: 0.00/0.00/0.00
[56.009s][info][gc,mmu      ] GC(94) MMU: 2ms/95.8%, 5ms/98.3%, 10ms/99.2%, 20ms/99.6%, 50ms/99.8%, 100ms/99.9%
[56.009s][info][gc,marking  ] GC(94) Mark: 8 stripe(s), 1 proactive flush(es), 1 terminate flush(es), 0 completion(s), 0 continuation(s) 
[56.009s][info][gc,marking  ] GC(94) Mark Stack Usage: 32M
[56.009s][info][gc,nmethod  ] GC(94) NMethods: 662 registered, 10 unregistered
[56.009s][info][gc,metaspace] GC(94) Metaspace: 16M used, 16M committed, 1088M reserved
[56.009s][info][gc,ref      ] GC(94) Soft: 171 encountered, 0 discovered, 0 enqueued
[56.009s][info][gc,ref      ] GC(94) Weak: 972 encountered, 55 discovered, 5 enqueued
[56.009s][info][gc,ref      ] GC(94) Final: 0 encountered, 0 discovered, 0 enqueued
[56.009s][info][gc,ref      ] GC(94) Phantom: 35 encountered, 22 discovered, 0 enqueued
[56.009s][info][gc,reloc    ] GC(94) Small Pages: 57 / 114M, Empty: 80M, Relocated: 6M, In-Place: 0
[56.009s][info][gc,reloc    ] GC(94) Medium Pages: 0 / 0M, Empty: 0M, Relocated: 0M, In-Place: 0
[56.009s][info][gc,reloc    ] GC(94) Large Pages: 0 / 0M, Empty: 0M, Relocated: 0M, In-Place: 0
[56.009s][info][gc,reloc    ] GC(94) Forwarding Usage: 1M
[56.009s][info][gc,heap     ] GC(94) Min Capacity: 8M(1%)
[56.009s][info][gc,heap     ] GC(94) Max Capacity: 1024M(100%)
[56.009s][info][gc,heap     ] GC(94) Soft Max Capacity: 1024M(100%)
[56.009s][info][gc,heap     ] GC(94)                Mark Start          Mark End        Relocate Start      Relocate End           High               Low         
[56.009s][info][gc,heap     ] GC(94)  Capacity:     1024M (100%)       1024M (100%)       1024M (100%)       1024M (100%)       1024M (100%)       1024M (100%)   
[56.009s][info][gc,heap     ] GC(94)      Free:      910M (89%)         910M (89%)         990M (97%)         994M (97%)         994M (97%)         910M (89%)    
[56.009s][info][gc,heap     ] GC(94)      Used:      114M (11%)         114M (11%)          34M (3%)           30M (3%)          114M (11%)          30M (3%)     
[56.009s][info][gc,heap     ] GC(94)      Live:         -                14M (1%)           14M (1%)           14M (1%)             -                  -          
[56.010s][info][gc,heap     ] GC(94) Allocated:         -                 0M (0%)            0M (0%)            0M (0%)             -                  -          
[56.010s][info][gc,heap     ] GC(94)   Garbage:         -                99M (10%)          19M (2%)           15M (1%)             -                  -          
[56.010s][info][gc,heap     ] GC(94) Reclaimed:         -                  -                80M (8%)           84M (8%)             -                  -          
[56.010s][info][gc          ] GC(94) Garbage Collection (System.gc()) 114M(11%)->30M(3%)
[58.411s][info][gc,start    ] GC(95) Garbage Collection (Allocation Rate)
[58.411s][info][gc,task     ] GC(95) Using 10 workers
[58.411s][info][gc,phases   ] GC(95) Pause Mark Start 0.011ms
[58.429s][info][gc          ] Allocation Stall (reactors-io-scheduler-ForkJoinPool-1-worker-46) 0.080ms
[58.429s][info][gc          ] Allocation Stall (reactors-io-scheduler-ForkJoinPool-1-worker-14) 0.086ms
[58.429s][info][gc          ] Allocation Stall (reactors-io-scheduler-ForkJoinPool-1-worker-2) 0.087ms
[58.429s][info][gc          ] Allocation Stall (reactors-io-scheduler-ForkJoinPool-1-worker-15) 0.095ms
[58.429s][info][gc          ] Allocation Stall (reactors-io-scheduler-ForkJoinPool-1-worker-27) 0.143ms
[58.429s][info][gc          ] Allocation Stall (reactors-io-scheduler-ForkJoinPool-1-worker-40) 0.142ms
[58.429s][info][gc          ] Allocation Stall (reactors-io-scheduler-ForkJoinPool-1-worker-24) 0.172ms
[58.429s][info][gc          ] Allocation Stall (reactors-io-scheduler-ForkJoinPool-1-worker-20) 0.175ms
[58.429s][info][gc          ] Allocation Stall (reactors-io-scheduler-ForkJoinPool-1-worker-35) 0.175ms
[58.429s][info][gc          ] Allocation Stall (reactors-io-scheduler-ForkJoinPool-1-worker-34) 0.196ms
[58.429s][info][gc          ] Allocation Stall (reactors-io-scheduler-ForkJoinPool-1-worker-17) 0.200ms
[58.429s][info][gc          ] Allocation Stall (reactors-io-scheduler-ForkJoinPool-1-worker-8) 0.260ms
[58.429s][info][gc          ] Allocation Stall (reactors-io-scheduler-ForkJoinPool-1-worker-3) 0.301ms
[58.429s][info][gc          ] Allocation Stall (reactors-io-scheduler-ForkJoinPool-1-worker-12) 0.370ms
[58.429s][info][gc          ] Allocation Stall (reactors-io-scheduler-ForkJoinPool-1-worker-38) 0.377ms
[58.429s][info][gc          ] Allocation Stall (reactors-io-scheduler-ForkJoinPool-1-worker-39) 0.393ms
[58.429s][info][gc          ] Allocation Stall (reactors-io-scheduler-ForkJoinPool-1-worker-16) 0.445ms
[58.429s][info][gc          ] Allocation Stall (reactors-io-scheduler-ForkJoinPool-1-worker-19) 0.468ms
[58.429s][info][gc          ] Allocation Stall (reactors-io-scheduler-ForkJoinPool-1-worker-44) 0.494ms
[58.429s][info][gc          ] Allocation Stall (reactors-io-scheduler-ForkJoinPool-1-worker-26) 0.519ms
[58.429s][info][gc          ] Allocation Stall (reactors-io-scheduler-ForkJoinPool-1-worker-25) 0.646ms
[58.429s][info][gc          ] Allocation Stall (reactors-io-scheduler-ForkJoinPool-1-worker-36) 0.667ms
[58.429s][info][gc          ] Allocation Stall (reactors-io-scheduler-ForkJoinPool-1-worker-21) 0.690ms
[58.429s][info][gc          ] Allocation Stall (reactors-io-scheduler-ForkJoinPool-1-worker-18) 0.720ms
[58.429s][info][gc          ] Allocation Stall (reactors-io-scheduler-ForkJoinPool-1-worker-1) 0.750ms
[58.429s][info][gc          ] Allocation Stall (reactors-io-scheduler-ForkJoinPool-1-worker-31) 0.778ms
[58.429s][info][gc          ] Allocation Stall (reactors-io-scheduler-ForkJoinPool-1-worker-29) 0.791ms
[58.441s][info][gc          ] Allocation Stall (reactors-io-scheduler-ForkJoinPool-1-worker-11) 1.440ms
[58.458s][info][gc,phases   ] GC(95) Concurrent Mark 37.705ms
[58.458s][info][gc,phases   ] GC(95) Pause Mark End 0.017ms
[58.458s][info][gc,phases   ] GC(95) Concurrent Mark Free 0.000ms
[58.458s][info][gc,phases   ] GC(95) Concurrent Process Non-Strong References 0.330ms
[58.458s][info][gc,phases   ] GC(95) Concurrent Reset Relocation Set 0.002ms
[58.458s][info][gc          ] Allocation Stall (reactors-io-scheduler-ForkJoinPool-1-worker-43) 12.975ms
[58.458s][info][gc          ] Allocation Stall (reactors-io-scheduler-ForkJoinPool-1-worker-44) 12.335ms
[58.458s][info][gc          ] Allocation Stall (reactors-io-scheduler-ForkJoinPool-1-worker-47) 12.815ms
[58.458s][info][gc          ] Allocation Stall (reactors-io-scheduler-ForkJoinPool-1-worker-33) 13.646ms
[58.458s][info][gc          ] Allocation Stall (reactors-io-scheduler-ForkJoinPool-1-worker-11) 13.036ms
[58.458s][info][gc          ] Allocation Stall (reactors-io-scheduler-ForkJoinPool-1-worker-7) 12.638ms
[58.458s][info][gc          ] Allocation Stall (reactors-io-scheduler-ForkJoinPool-1-worker-38) 13.715ms
[58.458s][info][gc          ] Allocation Stall (reactors-io-scheduler-ForkJoinPool-1-worker-2) 12.965ms
[58.458s][info][gc          ] Allocation Stall (reactors-io-scheduler-ForkJoinPool-1-worker-5) 12.531ms
[58.458s][info][gc          ] Allocation Stall (reactors-io-scheduler-ForkJoinPool-1-worker-30) 13.353ms
[58.458s][info][gc          ] Allocation Stall (reactors-io-scheduler-ForkJoinPool-1-worker-27) 12.441ms
[58.458s][info][gc          ] Allocation Stall (reactors-io-scheduler-ForkJoinPool-1-worker-45) 15.051ms
[58.458s][info][gc          ] Allocation Stall (reactors-io-scheduler-ForkJoinPool-1-worker-17) 12.285ms
[58.458s][info][gc          ] Allocation Stall (reactors-io-scheduler-ForkJoinPool-1-worker-48) 13.299ms
[58.458s][info][gc          ] Allocation Stall (reactors-io-scheduler-ForkJoinPool-1-worker-19) 13.695ms
[58.458s][info][gc          ] Allocation Stall (reactors-io-scheduler-ForkJoinPool-1-worker-23) 13.434ms
[58.458s][info][gc          ] Allocation Stall (reactors-io-scheduler-ForkJoinPool-1-worker-18) 14.161ms
[58.458s][info][gc          ] Allocation Stall (reactors-io-scheduler-ForkJoinPool-1-worker-37) 15.087ms
[58.458s][info][gc          ] Allocation Stall (reactors-io-scheduler-ForkJoinPool-1-worker-31) 13.832ms
[58.458s][info][gc          ] Allocation Stall (reactors-io-scheduler-ForkJoinPool-1-worker-3) 14.217ms
[58.458s][info][gc          ] Allocation Stall (reactors-io-scheduler-ForkJoinPool-1-worker-26) 13.878ms
[58.458s][info][gc          ] Allocation Stall (reactors-io-scheduler-ForkJoinPool-1-worker-34) 13.066ms
[58.458s][info][gc          ] Allocation Stall (reactors-io-scheduler-ForkJoinPool-1-worker-22) 14.412ms
[58.458s][info][gc          ] Allocation Stall (reactors-io-scheduler-ForkJoinPool-1-worker-4) 13.893ms
[58.458s][info][gc          ] Allocation Stall (reactors-io-scheduler-ForkJoinPool-1-worker-36) 13.286ms
[58.458s][info][gc          ] Allocation Stall (reactors-io-scheduler-ForkJoinPool-1-worker-12) 14.566ms
[58.458s][info][gc          ] Allocation Stall (reactors-io-scheduler-ForkJoinPool-1-worker-15) 12.447ms
[58.458s][info][gc          ] Allocation Stall (reactors-io-scheduler-ForkJoinPool-1-worker-32) 13.423ms
[58.458s][info][gc          ] Allocation Stall (reactors-io-scheduler-ForkJoinPool-1-worker-10) 13.114ms
[58.458s][info][gc          ] Allocation Stall (reactors-io-scheduler-ForkJoinPool-1-worker-28) 13.317ms
[58.458s][info][gc          ] Allocation Stall (reactors-io-scheduler-ForkJoinPool-1-worker-21) 14.324ms
[58.458s][info][gc          ] Allocation Stall (reactors-io-scheduler-ForkJoinPool-1-worker-42) 13.437ms
[58.458s][info][gc          ] Allocation Stall (reactors-io-scheduler-ForkJoinPool-1-worker-46) 12.334ms
[58.458s][info][gc          ] Allocation Stall (reactors-io-scheduler-ForkJoinPool-1-worker-13) 15.054ms
[58.458s][info][gc          ] Allocation Stall (reactors-io-scheduler-ForkJoinPool-1-worker-24) 15.060ms
[58.458s][info][gc          ] Allocation Stall (reactors-io-scheduler-ForkJoinPool-1-worker-41) 14.716ms
[58.458s][info][gc          ] Allocation Stall (reactors-io-scheduler-ForkJoinPool-1-worker-40) 13.677ms
[58.458s][info][gc          ] Allocation Stall (reactors-io-scheduler-ForkJoinPool-1-worker-16) 14.224ms
[58.458s][info][gc          ] Allocation Stall (reactors-io-scheduler-ForkJoinPool-1-worker-8) 14.911ms
[58.459s][info][gc          ] Allocation Stall (reactors-io-scheduler-ForkJoinPool-1-worker-29) 13.376ms
[58.459s][info][gc          ] Allocation Stall (reactors-io-scheduler-ForkJoinPool-1-worker-25) 13.425ms
[58.459s][info][gc          ] Allocation Stall (reactors-io-scheduler-ForkJoinPool-1-worker-1) 14.697ms
[58.459s][info][gc          ] Allocation Stall (reactors-io-scheduler-ForkJoinPool-1-worker-20) 14.871ms
[58.459s][info][gc          ] Allocation Stall (reactors-io-scheduler-ForkJoinPool-1-worker-35) 12.441ms
[58.459s][info][gc          ] Allocation Stall (reactors-io-scheduler-ForkJoinPool-1-worker-39) 14.574ms
[58.459s][info][gc          ] Allocation Stall (reactors-io-scheduler-ForkJoinPool-1-worker-6) 14.965ms
[58.459s][info][gc          ] Allocation Stall (reactors-io-scheduler-ForkJoinPool-1-worker-9) 14.864ms
[58.459s][info][gc          ] Allocation Stall (reactors-io-scheduler-ForkJoinPool-1-worker-14) 12.900ms
[58.468s][info][gc,phases   ] GC(95) Concurrent Select Relocation Set 9.500ms
[58.468s][info][gc,phases   ] GC(95) Pause Relocate Start 0.009ms
[58.526s][info][gc,phases   ] GC(95) Concurrent Relocate 5.342ms
[58.526s][info][gc,load     ] GC(95) Load: 0.00/0.00/0.00
[58.526s][info][gc,mmu      ] GC(95) MMU: 2ms/95.8%, 5ms/98.3%, 10ms/99.2%, 20ms/99.6%, 50ms/99.8%, 100ms/99.9%
[58.526s][info][gc,marking  ] GC(95) Mark: 8 stripe(s), 3 proactive flush(es), 1 terminate flush(es), 0 completion(s), 0 continuation(s) 
[58.526s][info][gc,marking  ] GC(95) Mark Stack Usage: 32M
[58.526s][info][gc,nmethod  ] GC(95) NMethods: 673 registered, 10 unregistered
[58.526s][info][gc,metaspace] GC(95) Metaspace: 16M used, 16M committed, 1088M reserved
[58.526s][info][gc,ref      ] GC(95) Soft: 171 encountered, 0 discovered, 0 enqueued
[58.526s][info][gc,ref      ] GC(95) Weak: 971 encountered, 76 discovered, 4 enqueued
[58.526s][info][gc,ref      ] GC(95) Final: 0 encountered, 0 discovered, 0 enqueued
[58.526s][info][gc,ref      ] GC(95) Phantom: 35 encountered, 23 discovered, 0 enqueued
[58.526s][info][gc,reloc    ] GC(95) Small Pages: 455 / 910M, Empty: 598M, Relocated: 5M, In-Place: 0
[58.526s][info][gc,reloc    ] GC(95) Medium Pages: 0 / 0M, Empty: 0M, Relocated: 0M, In-Place: 0
[58.526s][info][gc,reloc    ] GC(95) Large Pages: 0 / 0M, Empty: 0M, Relocated: 0M, In-Place: 0
[58.526s][info][gc,reloc    ] GC(95) Forwarding Usage: 2M
[58.526s][info][gc,heap     ] GC(95) Min Capacity: 8M(1%)
[58.526s][info][gc,heap     ] GC(95) Max Capacity: 1024M(100%)
[58.526s][info][gc,heap     ] GC(95) Soft Max Capacity: 1024M(100%)
[58.526s][info][gc,heap     ] GC(95)                Mark Start          Mark End        Relocate Start      Relocate End           High               Low         
[58.526s][info][gc,heap     ] GC(95)  Capacity:     1024M (100%)       1024M (100%)       1024M (100%)       1024M (100%)       1024M (100%)       1024M (100%)   
[58.526s][info][gc,heap     ] GC(95)      Free:      114M (11%)           0M (0%)          522M (51%)         498M (49%)         544M (53%)           0M (0%)     
[58.526s][info][gc,heap     ] GC(95)      Used:      910M (89%)        1024M (100%)        502M (49%)         526M (51%)        1024M (100%)        480M (47%)    
[58.526s][info][gc,heap     ] GC(95)      Live:         -                16M (2%)           16M (2%)           16M (2%)             -                  -          
[58.526s][info][gc,heap     ] GC(95) Allocated:         -               114M (11%)         190M (19%)         489M (48%)            -                  -          
[58.526s][info][gc,heap     ] GC(95)   Garbage:         -               893M (87%)         295M (29%)          19M (2%)             -                  -          
[58.526s][info][gc,heap     ] GC(95) Reclaimed:         -                  -               598M (58%)         873M (85%)            -                  -          
[58.526s][info][gc          ] GC(95) Garbage Collection (Allocation Rate) 910M(89%)->526M(51%)
[58.598s][info][gc,start    ] GC(96) Garbage Collection (Allocation Stall)
[58.599s][info][gc,ref      ] GC(96) Clearing All SoftReferences
[58.599s][info][gc,task     ] GC(96) Using 10 workers
[58.599s][info][gc,ref      ] GC(96) Clearing All SoftReferences
[58.599s][info][gc,phases   ] GC(96) Pause Mark Start 0.047ms
[58.630s][info][gc,phases   ] GC(96) Concurrent Mark 9.634ms
[58.630s][info][gc,phases   ] GC(96) Pause Mark End 0.015ms
[58.630s][info][gc,phases   ] GC(96) Concurrent Mark Free 0.000ms
[58.630s][info][gc,phases   ] GC(96) Concurrent Process Non-Strong References 0.306ms
[58.630s][info][gc,phases   ] GC(96) Concurrent Reset Relocation Set 0.017ms
[58.630s][info][gc          ] Allocation Stall (reactors-io-scheduler-ForkJoinPool-1-worker-11) 8.998ms
[58.630s][info][gc          ] Allocation Stall (reactors-io-scheduler-ForkJoinPool-1-worker-43) 9.296ms
[58.630s][info][gc          ] Allocation Stall (reactors-io-scheduler-ForkJoinPool-1-worker-8) 9.030ms
[58.630s][info][gc          ] Allocation Stall (reactors-io-scheduler-ForkJoinPool-1-worker-35) 9.046ms
[58.630s][info][gc          ] Allocation Stall (reactors-io-scheduler-ForkJoinPool-1-worker-20) 9.102ms
[58.630s][info][gc          ] Allocation Stall (reactors-io-scheduler-ForkJoinPool-1-worker-27) 9.086ms
[58.630s][info][gc          ] Allocation Stall (reactors-io-scheduler-ForkJoinPool-1-worker-7) 8.877ms
[58.630s][info][gc          ] Allocation Stall (reactors-io-scheduler-ForkJoinPool-1-worker-24) 8.954ms
[58.630s][info][gc          ] Allocation Stall (reactors-io-scheduler-ForkJoinPool-1-worker-4) 9.085ms
[58.630s][info][gc          ] Allocation Stall (reactors-io-scheduler-ForkJoinPool-1-worker-39) 8.967ms
[58.630s][info][gc          ] Allocation Stall (reactors-io-scheduler-ForkJoinPool-1-worker-23) 9.149ms
[58.630s][info][gc          ] Allocation Stall (reactors-io-scheduler-ForkJoinPool-1-worker-48) 9.124ms
[58.630s][info][gc          ] Allocation Stall (reactors-io-scheduler-ForkJoinPool-1-worker-26) 9.153ms
[58.630s][info][gc          ] Allocation Stall (reactors-io-scheduler-ForkJoinPool-1-worker-40) 8.993ms
[58.630s][info][gc          ] Allocation Stall (reactors-io-scheduler-ForkJoinPool-1-worker-32) 8.992ms
[58.630s][info][gc          ] Allocation Stall (reactors-io-scheduler-ForkJoinPool-1-worker-34) 8.981ms
[58.630s][info][gc          ] Allocation Stall (reactors-io-scheduler-ForkJoinPool-1-worker-3) 9.328ms
[58.630s][info][gc          ] Allocation Stall (reactors-io-scheduler-ForkJoinPool-1-worker-21) 9.029ms
[58.630s][info][gc          ] Allocation Stall (reactors-io-scheduler-ForkJoinPool-1-worker-12) 9.104ms
[58.630s][info][gc          ] Allocation Stall (reactors-io-scheduler-ForkJoinPool-1-worker-42) 9.191ms
[58.630s][info][gc          ] Allocation Stall (reactors-io-scheduler-ForkJoinPool-1-worker-30) 9.189ms
[58.630s][info][gc          ] Allocation Stall (reactors-io-scheduler-ForkJoinPool-1-worker-5) 9.082ms
[58.630s][info][gc          ] Allocation Stall (reactors-io-scheduler-ForkJoinPool-1-worker-47) 9.156ms
[58.630s][info][gc          ] Allocation Stall (reactors-io-scheduler-ForkJoinPool-1-worker-15) 9.048ms
[58.630s][info][gc          ] Allocation Stall (reactors-io-scheduler-ForkJoinPool-1-worker-25) 9.025ms
[58.630s][info][gc          ] Allocation Stall (reactors-io-scheduler-reanimator) 10.440ms
[58.630s][info][gc          ] Allocation Stall (reactors-io-scheduler-ForkJoinPool-1-worker-6) 8.978ms
[58.630s][info][gc          ] Allocation Stall (reactors-io-scheduler-ForkJoinPool-1-worker-31) 8.995ms
[58.630s][info][gc          ] Allocation Stall (reactors-io-scheduler-ForkJoinPool-1-worker-37) 8.985ms
[58.630s][info][gc          ] Allocation Stall (reactors-io-scheduler-ForkJoinPool-1-worker-45) 9.039ms
[58.630s][info][gc          ] Allocation Stall (reactors-io-scheduler-ForkJoinPool-1-worker-41) 10.431ms
[58.630s][info][gc          ] Allocation Stall (reactors-io-scheduler-ForkJoinPool-1-worker-17) 9.388ms
[58.630s][info][gc          ] Allocation Stall (reactors-io-scheduler-ForkJoinPool-1-worker-22) 9.269ms
[58.630s][info][gc          ] Allocation Stall (reactors-io-scheduler-ForkJoinPool-1-worker-19) 9.246ms
[58.630s][info][gc          ] Allocation Stall (reactors-io-scheduler-ForkJoinPool-1-worker-10) 9.422ms
[58.630s][info][gc          ] Allocation Stall (reactors-io-scheduler-ForkJoinPool-1-worker-2) 9.245ms
[58.630s][info][gc          ] Allocation Stall (reactors-io-scheduler-ForkJoinPool-1-worker-18) 9.372ms
[58.630s][info][gc          ] Allocation Stall (reactors-io-scheduler-ForkJoinPool-1-worker-28) 9.585ms
[58.630s][info][gc          ] Allocation Stall (reactors-io-scheduler-ForkJoinPool-1-worker-44) 9.766ms
[58.630s][info][gc          ] Allocation Stall (reactors-io-scheduler-ForkJoinPool-1-worker-16) 9.674ms
[58.630s][info][gc          ] Allocation Stall (reactors-io-scheduler-ForkJoinPool-1-worker-1) 9.657ms
[58.630s][info][gc          ] Allocation Stall (reactors-io-scheduler-ForkJoinPool-1-worker-9) 9.989ms
[58.630s][info][gc          ] Allocation Stall (reactors-io-scheduler-ForkJoinPool-1-worker-46) 9.491ms
[58.630s][info][gc          ] Allocation Stall (reactors-io-scheduler-ForkJoinPool-1-worker-33) 9.930ms
[58.630s][info][gc          ] Allocation Stall (reactors-io-scheduler-ForkJoinPool-1-worker-13) 10.282ms
[58.630s][info][gc          ] Allocation Stall (reactors-io-scheduler-ForkJoinPool-1-worker-14) 10.327ms
[58.630s][info][gc          ] Allocation Stall (reactors-io-scheduler-ForkJoinPool-1-worker-38) 10.436ms
[58.630s][info][gc          ] Allocation Stall (reactors-io-scheduler-ForkJoinPool-1-worker-36) 10.570ms
[58.630s][info][gc          ] Allocation Stall (reactors-io-scheduler-ForkJoinPool-1-worker-29) 10.339ms
[58.639s][info][gc,phases   ] GC(96) Concurrent Select Relocation Set 8.835ms
[58.639s][info][gc,phases   ] GC(96) Pause Relocate Start 0.008ms
[58.645s][info][gc,phases   ] GC(96) Concurrent Relocate 5.676ms
[58.645s][info][gc,load     ] GC(96) Load: 0.00/0.00/0.00
[58.645s][info][gc,mmu      ] GC(96) MMU: 2ms/95.8%, 5ms/98.3%, 10ms/99.2%, 20ms/99.6%, 50ms/99.8%, 100ms/99.9%
[58.645s][info][gc,marking  ] GC(96) Mark: 8 stripe(s), 2 proactive flush(es), 1 terminate flush(es), 0 completion(s), 0 continuation(s) 
[58.645s][info][gc,marking  ] GC(96) Mark Stack Usage: 32M
[58.645s][info][gc,nmethod  ] GC(96) NMethods: 673 registered, 10 unregistered
[58.645s][info][gc,metaspace] GC(96) Metaspace: 16M used, 16M committed, 1088M reserved
[58.645s][info][gc,ref      ] GC(96) Soft: 171 encountered, 53 discovered, 0 enqueued
[58.645s][info][gc,ref      ] GC(96) Weak: 967 encountered, 46 discovered, 0 enqueued
[58.645s][info][gc,ref      ] GC(96) Final: 0 encountered, 0 discovered, 0 enqueued
[58.646s][info][gc,ref      ] GC(96) Phantom: 35 encountered, 21 discovered, 0 enqueued
[58.646s][info][gc,reloc    ] GC(96) Small Pages: 454 / 908M, Empty: 456M, Relocated: 10M, In-Place: 0
[58.646s][info][gc,reloc    ] GC(96) Medium Pages: 0 / 0M, Empty: 0M, Relocated: 0M, In-Place: 0
[58.646s][info][gc,reloc    ] GC(96) Large Pages: 0 / 0M, Empty: 0M, Relocated: 0M, In-Place: 0
[58.646s][info][gc,reloc    ] GC(96) Forwarding Usage: 2M
[58.646s][info][gc,heap     ] GC(96) Min Capacity: 8M(1%)
[58.646s][info][gc,heap     ] GC(96) Max Capacity: 1024M(100%)
[58.646s][info][gc,heap     ] GC(96) Soft Max Capacity: 1024M(100%)
[58.646s][info][gc,heap     ] GC(96)                Mark Start          Mark End        Relocate Start      Relocate End           High               Low         
[58.646s][info][gc,heap     ] GC(96)  Capacity:     1024M (100%)       1024M (100%)       1024M (100%)       1024M (100%)       1024M (100%)       1024M (100%)   
[58.646s][info][gc,heap     ] GC(96)      Free:      116M (11%)           0M (0%)          404M (39%)         796M (78%)         806M (79%)           0M (0%)     
[58.646s][info][gc,heap     ] GC(96)      Used:      908M (89%)        1024M (100%)        620M (61%)         228M (22%)        1024M (100%)        218M (21%)    
[58.646s][info][gc,heap     ] GC(96)      Live:         -                16M (2%)           16M (2%)           16M (2%)             -                  -          
[58.646s][info][gc,heap     ] GC(96) Allocated:         -               116M (11%)         168M (16%)         199M (20%)            -                  -          
[58.646s][info][gc,heap     ] GC(96)   Garbage:         -               891M (87%)         435M (42%)          11M (1%)             -                  -          
[58.646s][info][gc,heap     ] GC(96) Reclaimed:         -                  -               456M (45%)         879M (86%)            -                  -          
[58.646s][info][gc          ] GC(96) Garbage Collection (Allocation Stall) 908M(89%)->228M(22%)
[58.708s][info][gc,start    ] GC(97) Garbage Collection (Allocation Stall)
[58.708s][info][gc,ref      ] GC(97) Clearing All SoftReferences
[58.708s][info][gc,task     ] GC(97) Using 10 workers
[58.708s][info][gc,ref      ] GC(97) Clearing All SoftReferences
[58.708s][info][gc,phases   ] GC(97) Pause Mark Start 0.052ms
[58.786s][info][gc,phases   ] GC(97) Concurrent Mark 62.485ms
[58.786s][info][gc,phases   ] GC(97) Pause Mark End 0.020ms
[58.786s][info][gc,phases   ] GC(97) Concurrent Mark Free 0.001ms
[58.786s][info][gc,phases   ] GC(97) Concurrent Process Non-Strong References 0.355ms
[58.786s][info][gc,phases   ] GC(97) Concurrent Reset Relocation Set 0.026ms
[58.787s][info][gc          ] Allocation Stall (reactors-io-scheduler-ForkJoinPool-1-worker-39) 4.937ms
[58.787s][info][gc          ] Allocation Stall (reactors-io-scheduler-ForkJoinPool-1-worker-24) 4.865ms
[58.787s][info][gc          ] Allocation Stall (reactors-io-scheduler-ForkJoinPool-1-worker-7) 4.658ms
[58.787s][info][gc          ] Allocation Stall (reactors-io-scheduler-ForkJoinPool-1-worker-13) 4.787ms
[58.787s][info][gc          ] Allocation Stall (reactors-io-scheduler-ForkJoinPool-1-worker-47) 4.753ms
[58.787s][info][gc          ] Allocation Stall (reactors-io-scheduler-ForkJoinPool-1-worker-21) 4.621ms
[58.787s][info][gc          ] Allocation Stall (reactors-io-scheduler-ForkJoinPool-1-worker-3) 4.604ms
[58.787s][info][gc          ] Allocation Stall (reactors-io-scheduler-ForkJoinPool-1-worker-43) 4.761ms
[58.787s][info][gc          ] Allocation Stall (reactors-io-scheduler-ForkJoinPool-1-worker-35) 4.839ms
[58.787s][info][gc          ] Allocation Stall (reactors-io-scheduler-ForkJoinPool-1-worker-14) 4.799ms
[58.787s][info][gc          ] Allocation Stall (reactors-io-scheduler-ForkJoinPool-1-worker-17) 5.313ms
[58.787s][info][gc          ] Allocation Stall (reactors-io-scheduler-ForkJoinPool-1-worker-32) 4.745ms
[58.787s][info][gc          ] Allocation Stall (reactors-io-scheduler-ForkJoinPool-1-worker-20) 4.910ms
[58.787s][info][gc          ] Allocation Stall (reactors-io-scheduler-ForkJoinPool-1-worker-2) 4.929ms
[58.787s][info][gc          ] Allocation Stall (reactors-io-scheduler-ForkJoinPool-1-worker-33) 4.565ms
[58.787s][info][gc          ] Allocation Stall (reactors-io-scheduler-ForkJoinPool-1-worker-4) 5.273ms
[58.787s][info][gc          ] Allocation Stall (reactors-io-scheduler-ForkJoinPool-1-worker-19) 5.137ms
[58.787s][info][gc          ] Allocation Stall (reactors-io-scheduler-ForkJoinPool-1-worker-28) 5.080ms
[58.787s][info][gc          ] Allocation Stall (reactors-io-scheduler-ForkJoinPool-1-worker-16) 4.834ms
[58.787s][info][gc          ] Allocation Stall (reactors-io-scheduler-ForkJoinPool-1-worker-40) 4.938ms
[58.787s][info][gc          ] Allocation Stall (reactors-io-scheduler-ForkJoinPool-1-worker-9) 4.931ms
[58.787s][info][gc          ] Allocation Stall (reactors-io-scheduler-ForkJoinPool-1-worker-18) 6.187ms
[58.787s][info][gc          ] Allocation Stall (reactors-io-scheduler-ForkJoinPool-1-worker-44) 5.058ms
[58.787s][info][gc          ] Allocation Stall (reactors-io-scheduler-ForkJoinPool-1-worker-46) 5.046ms
[58.787s][info][gc          ] Allocation Stall (reactors-io-scheduler-ForkJoinPool-1-worker-41) 4.578ms
[58.787s][info][gc          ] Allocation Stall (reactors-io-scheduler-ForkJoinPool-1-worker-1) 5.519ms
[58.787s][info][gc          ] Allocation Stall (reactors-io-scheduler-ForkJoinPool-1-worker-6) 5.087ms
[58.787s][info][gc          ] Allocation Stall (reactors-io-scheduler-ForkJoinPool-1-worker-15) 5.544ms
[58.787s][info][gc          ] Allocation Stall (reactors-io-scheduler-ForkJoinPool-1-worker-45) 5.559ms
[58.787s][info][gc          ] Allocation Stall (reactors-io-scheduler-ForkJoinPool-1-worker-10) 5.051ms
[58.787s][info][gc          ] Allocation Stall (reactors-io-scheduler-ForkJoinPool-1-worker-11) 5.316ms
[58.787s][info][gc          ] Allocation Stall (reactors-io-scheduler-ForkJoinPool-1-worker-26) 4.956ms
[58.787s][info][gc          ] Allocation Stall (reactors-io-scheduler-ForkJoinPool-1-worker-31) 4.579ms
[58.787s][info][gc          ] Allocation Stall (reactors-io-scheduler-ForkJoinPool-1-worker-5) 4.840ms
[58.787s][info][gc          ] Allocation Stall (reactors-io-scheduler-ForkJoinPool-1-worker-48) 5.157ms
[58.787s][info][gc          ] Allocation Stall (reactors-io-scheduler-ForkJoinPool-1-worker-8) 5.435ms
[58.787s][info][gc          ] Allocation Stall (reactors-io-scheduler-ForkJoinPool-1-worker-34) 5.164ms
[58.787s][info][gc          ] Allocation Stall (reactors-io-scheduler-ForkJoinPool-1-worker-23) 5.201ms
[58.787s][info][gc          ] Allocation Stall (reactors-io-scheduler-ForkJoinPool-1-worker-42) 5.501ms
[58.787s][info][gc          ] Allocation Stall (reactors-io-scheduler-ForkJoinPool-1-worker-38) 5.470ms
[58.787s][info][gc          ] Allocation Stall (reactors-io-scheduler-ForkJoinPool-1-worker-22) 5.007ms
[58.787s][info][gc          ] Allocation Stall (reactors-io-scheduler-ForkJoinPool-1-worker-29) 4.896ms
[58.787s][info][gc          ] Allocation Stall (reactors-io-scheduler-ForkJoinPool-1-worker-37) 4.613ms
[58.787s][info][gc          ] Allocation Stall (reactors-io-scheduler-ForkJoinPool-1-worker-12) 4.912ms
[58.787s][info][gc          ] Allocation Stall (reactors-io-scheduler-ForkJoinPool-1-worker-27) 4.816ms
[58.787s][info][gc          ] Allocation Stall (reactors-io-scheduler-ForkJoinPool-1-worker-25) 5.623ms
[58.787s][info][gc          ] Allocation Stall (reactors-io-scheduler-ForkJoinPool-1-worker-36) 4.641ms
[58.787s][info][gc          ] Allocation Stall (reactors-io-scheduler-ForkJoinPool-1-worker-30) 5.012ms
[58.793s][info][gc,phases   ] GC(97) Concurrent Select Relocation Set 6.781ms
[58.793s][info][gc,phases   ] GC(97) Pause Relocate Start 0.007ms
[58.800s][info][gc,phases   ] GC(97) Concurrent Relocate 5.382ms
[58.800s][info][gc,load     ] GC(97) Load: 0.00/0.00/0.00
[58.800s][info][gc,mmu      ] GC(97) MMU: 2ms/95.8%, 5ms/98.3%, 10ms/99.2%, 20ms/99.6%, 50ms/99.8%, 100ms/99.9%
[58.800s][info][gc,marking  ] GC(97) Mark: 8 stripe(s), 3 proactive flush(es), 1 terminate flush(es), 0 completion(s), 0 continuation(s) 
[58.801s][info][gc,marking  ] GC(97) Mark Stack Usage: 32M
[58.801s][info][gc,nmethod  ] GC(97) NMethods: 673 registered, 10 unregistered
[58.801s][info][gc,metaspace] GC(97) Metaspace: 16M used, 16M committed, 1088M reserved
[58.801s][info][gc,ref      ] GC(97) Soft: 171 encountered, 50 discovered, 0 enqueued
[58.801s][info][gc,ref      ] GC(97) Weak: 967 encountered, 30 discovered, 0 enqueued
[58.801s][info][gc,ref      ] GC(97) Final: 0 encountered, 0 discovered, 0 enqueued
[58.801s][info][gc,ref      ] GC(97) Phantom: 35 encountered, 28 discovered, 0 enqueued
[58.801s][info][gc,reloc    ] GC(97) Small Pages: 297 / 594M, Empty: 294M, Relocated: 8M, In-Place: 0
[58.801s][info][gc,reloc    ] GC(97) Medium Pages: 0 / 0M, Empty: 0M, Relocated: 0M, In-Place: 0
[58.801s][info][gc,reloc    ] GC(97) Large Pages: 0 / 0M, Empty: 0M, Relocated: 0M, In-Place: 0
[58.801s][info][gc,reloc    ] GC(97) Forwarding Usage: 2M
[58.801s][info][gc,heap     ] GC(97) Min Capacity: 8M(1%)
[58.801s][info][gc,heap     ] GC(97) Max Capacity: 1024M(100%)
[58.801s][info][gc,heap     ] GC(97) Soft Max Capacity: 1024M(100%)
[58.801s][info][gc,heap     ] GC(97)                Mark Start          Mark End        Relocate Start      Relocate End           High               Low         
[58.801s][info][gc,heap     ] GC(97)  Capacity:     1024M (100%)       1024M (100%)       1024M (100%)       1024M (100%)       1024M (100%)       1024M (100%)   
[58.801s][info][gc,heap     ] GC(97)      Free:      430M (42%)           0M (0%)          248M (24%)         478M (47%)         492M (48%)           0M (0%)     
[58.801s][info][gc,heap     ] GC(97)      Used:      594M (58%)        1024M (100%)        776M (76%)         546M (53%)        1024M (100%)        532M (52%)    
[58.801s][info][gc,heap     ] GC(97)      Live:         -                16M (2%)           16M (2%)           16M (2%)             -                  -          
[58.801s][info][gc,heap     ] GC(97) Allocated:         -               430M (42%)         476M (46%)         515M (50%)            -                  -          
[58.801s][info][gc,heap     ] GC(97)   Garbage:         -               577M (56%)         283M (28%)          13M (1%)             -                  -          
[58.801s][info][gc,heap     ] GC(97) Reclaimed:         -                  -               294M (29%)         563M (55%)            -                  -          
[58.801s][info][gc          ] GC(97) Garbage Collection (Allocation Stall) 594M(58%)->546M(53%)
[58.801s][info][gc,start    ] GC(98) Garbage Collection (Allocation Stall)
[58.801s][info][gc,ref      ] GC(98) Clearing All SoftReferences
[58.802s][info][gc,task     ] GC(98) Using 10 workers
[58.802s][info][gc,ref      ] GC(98) Clearing All SoftReferences
[58.802s][info][gc,phases   ] GC(98) Pause Mark Start 0.039ms
[58.880s][info][gc,phases   ] GC(98) Concurrent Mark 62.556ms
[58.880s][info][gc,phases   ] GC(98) Pause Mark End 0.019ms
[58.881s][info][gc,phases   ] GC(98) Concurrent Mark Free 0.001ms
[58.881s][info][gc,phases   ] GC(98) Concurrent Process Non-Strong References 0.756ms
[58.882s][info][gc,phases   ] GC(98) Concurrent Reset Relocation Set 0.032ms
[58.882s][info][gc          ] Allocation Stall (reactors-io-scheduler-ForkJoinPool-1-worker-26) 0.716ms
[58.882s][info][gc          ] Allocation Stall (reactors-io-scheduler-ForkJoinPool-1-worker-7) 0.937ms
[58.882s][info][gc          ] Allocation Stall (reactors-io-scheduler-ForkJoinPool-1-worker-38) 0.356ms
[58.882s][info][gc          ] Allocation Stall (reactors-io-scheduler-ForkJoinPool-1-worker-5) 0.567ms
[58.882s][info][gc          ] Allocation Stall (reactors-io-scheduler-ForkJoinPool-1-worker-34) 0.409ms
[58.882s][info][gc          ] Allocation Stall (reactors-io-scheduler-ForkJoinPool-1-worker-20) 0.648ms
[58.882s][info][gc          ] Allocation Stall (reactors-io-scheduler-ForkJoinPool-1-worker-43) 1.042ms
[58.882s][info][gc          ] Allocation Stall (reactors-io-scheduler-ForkJoinPool-1-worker-6) 0.727ms
[58.882s][info][gc          ] Allocation Stall (reactors-io-scheduler-ForkJoinPool-1-worker-40) 0.141ms
[58.882s][info][gc          ] Allocation Stall (reactors-io-scheduler-ForkJoinPool-1-worker-10) 0.823ms
[58.882s][info][gc          ] Allocation Stall (reactors-io-scheduler-ForkJoinPool-1-worker-25) 0.449ms
[58.882s][info][gc          ] Allocation Stall (reactors-io-scheduler-ForkJoinPool-1-worker-3) 0.132ms
[58.882s][info][gc          ] Allocation Stall (reactors-io-scheduler-ForkJoinPool-1-worker-2) 1.046ms
[58.882s][info][gc          ] Allocation Stall (reactors-io-scheduler-ForkJoinPool-1-worker-33) 0.898ms
[58.882s][info][gc          ] Allocation Stall (reactors-io-scheduler-ForkJoinPool-1-worker-13) 0.387ms
[58.882s][info][gc          ] Allocation Stall (reactors-io-scheduler-ForkJoinPool-1-worker-16) 0.266ms
[58.882s][info][gc          ] Allocation Stall (reactors-io-scheduler-ForkJoinPool-1-worker-24) 0.145ms
[58.882s][info][gc          ] Allocation Stall (reactors-io-scheduler-ForkJoinPool-1-worker-45) 1.036ms
[58.882s][info][gc          ] Allocation Stall (reactors-io-scheduler-ForkJoinPool-1-worker-32) 0.189ms
[58.882s][info][gc          ] Allocation Stall (reactors-io-scheduler-ForkJoinPool-1-worker-1) 0.249ms
[58.882s][info][gc          ] Allocation Stall (reactors-io-scheduler-ForkJoinPool-1-worker-35) 0.148ms
[58.882s][info][gc          ] Allocation Stall (reactors-io-scheduler-ForkJoinPool-1-worker-37) 1.011ms
[58.882s][info][gc          ] Allocation Stall (reactors-io-scheduler-ForkJoinPool-1-worker-30) 0.993ms
[58.882s][info][gc          ] Allocation Stall (reactors-io-scheduler-ForkJoinPool-1-worker-12) 0.608ms
[58.882s][info][gc          ] Allocation Stall (reactors-io-scheduler-ForkJoinPool-1-worker-22) 1.081ms
[58.882s][info][gc          ] Allocation Stall (reactors-io-scheduler-ForkJoinPool-1-worker-14) 0.876ms
[58.882s][info][gc          ] Allocation Stall (reactors-io-scheduler-ForkJoinPool-1-worker-36) 0.790ms
[58.882s][info][gc          ] Allocation Stall (reactors-io-scheduler-ForkJoinPool-1-worker-29) 0.871ms
[58.882s][info][gc          ] Allocation Stall (reactors-io-scheduler-ForkJoinPool-1-worker-11) 0.743ms
[58.889s][info][gc,phases   ] GC(98) Concurrent Select Relocation Set 7.966ms
[58.890s][info][gc,phases   ] GC(98) Pause Relocate Start 0.008ms
[58.933s][info][gc,phases   ] GC(98) Concurrent Relocate 6.766ms
[58.933s][info][gc,load     ] GC(98) Load: 0.00/0.00/0.00
[58.933s][info][gc,mmu      ] GC(98) MMU: 2ms/95.8%, 5ms/98.3%, 10ms/99.2%, 20ms/99.6%, 50ms/99.8%, 100ms/99.9%
[58.933s][info][gc,marking  ] GC(98) Mark: 8 stripe(s), 3 proactive flush(es), 1 terminate flush(es), 0 completion(s), 0 continuation(s) 
[58.933s][info][gc,marking  ] GC(98) Mark Stack Usage: 32M
[58.934s][info][gc,nmethod  ] GC(98) NMethods: 673 registered, 10 unregistered
[58.934s][info][gc,metaspace] GC(98) Metaspace: 16M used, 16M committed, 1088M reserved
[58.934s][info][gc,ref      ] GC(98) Soft: 171 encountered, 41 discovered, 0 enqueued
[58.934s][info][gc,ref      ] GC(98) Weak: 967 encountered, 71 discovered, 0 enqueued
[58.934s][info][gc,ref      ] GC(98) Final: 0 encountered, 0 discovered, 0 enqueued
[58.934s][info][gc,ref      ] GC(98) Phantom: 35 encountered, 24 discovered, 0 enqueued
[58.934s][info][gc,reloc    ] GC(98) Small Pages: 277 / 554M, Empty: 318M, Relocated: 6M, In-Place: 0
[58.934s][info][gc,reloc    ] GC(98) Medium Pages: 0 / 0M, Empty: 0M, Relocated: 0M, In-Place: 0
[58.934s][info][gc,reloc    ] GC(98) Large Pages: 0 / 0M, Empty: 0M, Relocated: 0M, In-Place: 0
[58.934s][info][gc,reloc    ] GC(98) Forwarding Usage: 2M
[58.934s][info][gc,heap     ] GC(98) Min Capacity: 8M(1%)
[58.934s][info][gc,heap     ] GC(98) Max Capacity: 1024M(100%)
[58.934s][info][gc,heap     ] GC(98) Soft Max Capacity: 1024M(100%)
[58.934s][info][gc,heap     ] GC(98)                Mark Start          Mark End        Relocate Start      Relocate End           High               Low         
[58.934s][info][gc,heap     ] GC(98)  Capacity:     1024M (100%)       1024M (100%)       1024M (100%)       1024M (100%)       1024M (100%)       1024M (100%)   
[58.934s][info][gc,heap     ] GC(98)      Free:      470M (46%)           2M (0%)          268M (26%)         198M (19%)         470M (46%)           0M (0%)     
[58.934s][info][gc,heap     ] GC(98)      Used:      554M (54%)        1022M (100%)        756M (74%)         826M (81%)        1024M (100%)        554M (54%)    
[58.934s][info][gc,heap     ] GC(98)      Live:         -                16M (2%)           16M (2%)           16M (2%)             -                  -          
[58.934s][info][gc,heap     ] GC(98) Allocated:         -               468M (46%)         520M (51%)         793M (78%)            -                  -          
[58.934s][info][gc,heap     ] GC(98)   Garbage:         -               537M (52%)         219M (21%)          15M (2%)             -                  -          
[58.934s][info][gc,heap     ] GC(98) Reclaimed:         -                  -               318M (31%)         521M (51%)            -                  -          
[58.934s][info][gc          ] GC(98) Garbage Collection (Allocation Stall) 554M(54%)->826M(81%)
[58.964s][info][gc,start    ] GC(99) Garbage Collection (Allocation Stall)
[58.964s][info][gc,ref      ] GC(99) Clearing All SoftReferences
[58.964s][info][gc,task     ] GC(99) Using 10 workers
[58.964s][info][gc,ref      ] GC(99) Clearing All SoftReferences
[58.964s][info][gc,phases   ] GC(99) Pause Mark Start 0.045ms
[58.973s][info][gc,phases   ] GC(99) Concurrent Mark 8.889ms
[58.973s][info][gc,phases   ] GC(99) Pause Mark End 0.012ms
[58.973s][info][gc,phases   ] GC(99) Concurrent Mark Free 0.001ms
[58.974s][info][gc,phases   ] GC(99) Concurrent Process Non-Strong References 0.289ms
[58.974s][info][gc,phases   ] GC(99) Concurrent Reset Relocation Set 0.012ms
[58.974s][info][gc          ] Allocation Stall (reactors-io-scheduler-ForkJoinPool-1-worker-26) 9.467ms
[58.974s][info][gc          ] Allocation Stall (reactors-io-scheduler-ForkJoinPool-1-worker-4) 9.448ms
[58.974s][info][gc          ] Allocation Stall (reactors-io-scheduler-ForkJoinPool-1-worker-45) 9.455ms
[58.974s][info][gc          ] Allocation Stall (reactors-io-scheduler-ForkJoinPool-1-worker-41) 9.491ms
[58.974s][info][gc          ] Allocation Stall (reactors-io-scheduler-ForkJoinPool-1-worker-3) 9.482ms
[58.974s][info][gc          ] Allocation Stall (reactors-io-scheduler-ForkJoinPool-1-worker-8) 9.484ms
[58.974s][info][gc          ] Allocation Stall (reactors-io-scheduler-ForkJoinPool-1-worker-15) 9.495ms
[58.974s][info][gc          ] Allocation Stall (reactors-io-scheduler-ForkJoinPool-1-worker-43) 9.498ms
[58.974s][info][gc          ] Allocation Stall (reactors-io-scheduler-ForkJoinPool-1-worker-16) 9.510ms
[58.974s][info][gc          ] Allocation Stall (reactors-io-scheduler-ForkJoinPool-1-worker-12) 9.494ms
[58.974s][info][gc          ] Allocation Stall (reactors-io-scheduler-ForkJoinPool-1-worker-22) 9.501ms
[58.974s][info][gc          ] Allocation Stall (reactors-io-scheduler-ForkJoinPool-1-worker-13) 9.506ms
[58.974s][info][gc          ] Allocation Stall (reactors-io-scheduler-ForkJoinPool-1-worker-38) 9.502ms
[58.974s][info][gc          ] Allocation Stall (reactors-io-scheduler-ForkJoinPool-1-worker-34) 9.524ms
[58.974s][info][gc          ] Allocation Stall (reactors-io-scheduler-ForkJoinPool-1-worker-30) 9.524ms
[58.974s][info][gc          ] Allocation Stall (reactors-io-scheduler-ForkJoinPool-1-worker-17) 9.517ms
[58.974s][info][gc          ] Allocation Stall (reactors-io-scheduler-ForkJoinPool-1-worker-18) 9.507ms
[58.974s][info][gc          ] Allocation Stall (reactors-io-scheduler-ForkJoinPool-1-worker-10) 9.530ms
[58.974s][info][gc          ] Allocation Stall (reactors-io-scheduler-ForkJoinPool-1-worker-42) 9.510ms
[58.974s][info][gc          ] Allocation Stall (reactors-io-scheduler-ForkJoinPool-1-worker-2) 9.503ms
[58.974s][info][gc          ] Allocation Stall (reactors-io-scheduler-ForkJoinPool-1-worker-6) 9.573ms
[58.974s][info][gc          ] Allocation Stall (reactors-io-scheduler-ForkJoinPool-1-worker-28) 9.546ms
[58.974s][info][gc          ] Allocation Stall (reactors-io-scheduler-ForkJoinPool-1-worker-19) 9.544ms
[58.974s][info][gc          ] Allocation Stall (reactors-io-scheduler-ForkJoinPool-1-worker-39) 9.552ms
[58.974s][info][gc          ] Allocation Stall (reactors-io-scheduler-ForkJoinPool-1-worker-7) 9.519ms
[58.974s][info][gc          ] Allocation Stall (reactors-io-scheduler-ForkJoinPool-1-worker-40) 9.494ms
[58.974s][info][gc          ] Allocation Stall (reactors-io-scheduler-ForkJoinPool-1-worker-24) 9.554ms
[58.974s][info][gc          ] Allocation Stall (reactors-io-scheduler-ForkJoinPool-1-worker-32) 9.575ms
[58.974s][info][gc          ] Allocation Stall (reactors-io-scheduler-ForkJoinPool-1-worker-27) 9.586ms
[58.974s][info][gc          ] Allocation Stall (reactors-io-scheduler-ForkJoinPool-1-worker-5) 9.574ms
[58.974s][info][gc          ] Allocation Stall (reactors-io-scheduler-ForkJoinPool-1-worker-44) 10.114ms
[58.974s][info][gc          ] Allocation Stall (reactors-io-scheduler-ForkJoinPool-1-worker-25) 9.543ms
[58.974s][info][gc          ] Allocation Stall (reactors-io-scheduler-ForkJoinPool-1-worker-47) 9.531ms
[58.974s][info][gc          ] Allocation Stall (reactors-io-scheduler-ForkJoinPool-1-worker-20) 9.531ms
[58.974s][info][gc          ] Allocation Stall (reactors-io-scheduler-ForkJoinPool-1-worker-21) 9.533ms
[58.974s][info][gc          ] Allocation Stall (reactors-io-scheduler-ForkJoinPool-1-worker-46) 9.540ms
[58.974s][info][gc          ] Allocation Stall (reactors-io-scheduler-ForkJoinPool-1-worker-31) 9.600ms
[58.974s][info][gc          ] Allocation Stall (reactors-io-scheduler-ForkJoinPool-1-worker-14) 9.503ms
[58.974s][info][gc          ] Allocation Stall (reactors-io-scheduler-ForkJoinPool-1-worker-37) 9.542ms
[58.974s][info][gc          ] Allocation Stall (reactors-io-scheduler-ForkJoinPool-1-worker-11) 9.550ms
[58.974s][info][gc          ] Allocation Stall (reactors-io-scheduler-ForkJoinPool-1-worker-33) 9.536ms
[58.974s][info][gc          ] Allocation Stall (reactors-io-scheduler-ForkJoinPool-1-worker-36) 9.586ms
[58.974s][info][gc          ] Allocation Stall (reactors-io-scheduler-ForkJoinPool-1-worker-35) 9.612ms
[58.974s][info][gc          ] Allocation Stall (reactors-io-scheduler-ForkJoinPool-1-worker-48) 9.588ms
[58.974s][info][gc          ] Allocation Stall (reactors-io-scheduler-ForkJoinPool-1-worker-23) 9.545ms
[58.974s][info][gc          ] Allocation Stall (reactors-io-scheduler-ForkJoinPool-1-worker-9) 9.578ms
[58.974s][info][gc          ] Allocation Stall (reactors-io-scheduler-ForkJoinPool-1-worker-29) 9.551ms
[58.974s][info][gc          ] Allocation Stall (reactors-io-scheduler-ForkJoinPool-1-worker-1) 9.542ms
[58.980s][info][gc,phases   ] GC(99) Concurrent Select Relocation Set 6.703ms
[58.981s][info][gc,phases   ] GC(99) Pause Relocate Start 0.008ms
[59.016s][info][gc,phases   ] GC(99) Concurrent Relocate 7.114ms
[59.016s][info][gc,load     ] GC(99) Load: 0.00/0.00/0.00
[59.016s][info][gc,mmu      ] GC(99) MMU: 2ms/95.8%, 5ms/98.3%, 10ms/99.2%, 20ms/99.6%, 50ms/99.8%, 100ms/99.9%
[59.016s][info][gc,marking  ] GC(99) Mark: 8 stripe(s), 2 proactive flush(es), 1 terminate flush(es), 0 completion(s), 0 continuation(s) 
[59.016s][info][gc,marking  ] GC(99) Mark Stack Usage: 32M
[59.016s][info][gc,nmethod  ] GC(99) NMethods: 674 registered, 10 unregistered
[59.016s][info][gc,metaspace] GC(99) Metaspace: 16M used, 16M committed, 1088M reserved
[59.016s][info][gc,ref      ] GC(99) Soft: 171 encountered, 49 discovered, 0 enqueued
[59.016s][info][gc,ref      ] GC(99) Weak: 967 encountered, 117 discovered, 1 enqueued
[59.016s][info][gc,ref      ] GC(99) Final: 0 encountered, 0 discovered, 0 enqueued
[59.016s][info][gc,ref      ] GC(99) Phantom: 35 encountered, 20 discovered, 0 enqueued
[59.016s][info][gc,reloc    ] GC(99) Small Pages: 512 / 1024M, Empty: 712M, Relocated: 6M, In-Place: 0
[59.016s][info][gc,reloc    ] GC(99) Medium Pages: 0 / 0M, Empty: 0M, Relocated: 0M, In-Place: 0
[59.016s][info][gc,reloc    ] GC(99) Large Pages: 0 / 0M, Empty: 0M, Relocated: 0M, In-Place: 0
[59.016s][info][gc,reloc    ] GC(99) Forwarding Usage: 2M
[59.016s][info][gc,heap     ] GC(99) Min Capacity: 8M(1%)
[59.016s][info][gc,heap     ] GC(99) Max Capacity: 1024M(100%)
[59.016s][info][gc,heap     ] GC(99) Soft Max Capacity: 1024M(100%)
[59.016s][info][gc,heap     ] GC(99)                Mark Start          Mark End        Relocate Start      Relocate End           High               Low         
[59.016s][info][gc,heap     ] GC(99)  Capacity:     1024M (100%)       1024M (100%)       1024M (100%)       1024M (100%)       1024M (100%)       1024M (100%)   
[59.016s][info][gc,heap     ] GC(99)      Free:        0M (0%)            0M (0%)          664M (65%)         752M (73%)         772M (75%)           0M (0%)     
[59.016s][info][gc,heap     ] GC(99)      Used:     1024M (100%)       1024M (100%)        360M (35%)         272M (27%)        1024M (100%)        252M (25%)    
[59.016s][info][gc,heap     ] GC(99)      Live:         -                16M (2%)           16M (2%)           16M (2%)             -                  -          
[59.016s][info][gc,heap     ] GC(99) Allocated:         -                 0M (0%)           48M (5%)          239M (23%)            -                  -          
[59.016s][info][gc,heap     ] GC(99)   Garbage:         -              1007M (98%)         295M (29%)          15M (2%)             -                  -          
[59.016s][info][gc,heap     ] GC(99) Reclaimed:         -                  -               712M (70%)         991M (97%)            -                  -          
[59.016s][info][gc          ] GC(99) Garbage Collection (Allocation Stall) 1024M(100%)->272M(27%)
[59.098s][info][gc,start    ] GC(100) Garbage Collection (Allocation Stall)
[59.098s][info][gc,ref      ] GC(100) Clearing All SoftReferences
[59.098s][info][gc,task     ] GC(100) Using 10 workers
[59.098s][info][gc,ref      ] GC(100) Clearing All SoftReferences
[59.099s][info][gc,phases   ] GC(100) Pause Mark Start 0.051ms
[59.114s][info][gc,phases   ] GC(100) Concurrent Mark 15.346ms
[59.114s][info][gc,phases   ] GC(100) Pause Mark End 0.020ms
[59.114s][info][gc,phases   ] GC(100) Concurrent Mark Free 0.001ms
[59.115s][info][gc,phases   ] GC(100) Concurrent Process Non-Strong References 0.452ms
[59.115s][info][gc,phases   ] GC(100) Concurrent Reset Relocation Set 0.025ms
[59.120s][info][gc,phases   ] GC(100) Concurrent Select Relocation Set 4.925ms
[59.120s][info][gc,phases   ] GC(100) Pause Relocate Start 0.008ms
[59.124s][info][gc,phases   ] GC(100) Concurrent Relocate 4.149ms
[59.124s][info][gc,load     ] GC(100) Load: 0.00/0.00/0.00
[59.124s][info][gc,mmu      ] GC(100) MMU: 2ms/95.8%, 5ms/98.3%, 10ms/99.2%, 20ms/99.6%, 50ms/99.8%, 100ms/99.9%
[59.124s][info][gc,marking  ] GC(100) Mark: 8 stripe(s), 2 proactive flush(es), 1 terminate flush(es), 0 completion(s), 0 continuation(s) 
[59.124s][info][gc,marking  ] GC(100) Mark Stack Usage: 32M
[59.124s][info][gc,nmethod  ] GC(100) NMethods: 674 registered, 10 unregistered
[59.124s][info][gc,metaspace] GC(100) Metaspace: 16M used, 16M committed, 1088M reserved
[59.124s][info][gc,ref      ] GC(100) Soft: 171 encountered, 49 discovered, 0 enqueued
[59.124s][info][gc,ref      ] GC(100) Weak: 969 encountered, 110 discovered, 0 enqueued
[59.124s][info][gc,ref      ] GC(100) Final: 0 encountered, 0 discovered, 0 enqueued
[59.124s][info][gc,ref      ] GC(100) Phantom: 35 encountered, 22 discovered, 0 enqueued
[59.124s][info][gc,reloc    ] GC(100) Small Pages: 326 / 652M, Empty: 592M, Relocated: 8M, In-Place: 0
[59.124s][info][gc,reloc    ] GC(100) Medium Pages: 1 / 32M, Empty: 0M, Relocated: 0M, In-Place: 0
[59.124s][info][gc,reloc    ] GC(100) Large Pages: 0 / 0M, Empty: 0M, Relocated: 0M, In-Place: 0
[59.124s][info][gc,reloc    ] GC(100) Forwarding Usage: 2M
[59.124s][info][gc,heap     ] GC(100) Min Capacity: 8M(1%)
[59.124s][info][gc,heap     ] GC(100) Max Capacity: 1024M(100%)
[59.124s][info][gc,heap     ] GC(100) Soft Max Capacity: 1024M(100%)
[59.124s][info][gc,heap     ] GC(100)                Mark Start          Mark End        Relocate Start      Relocate End           High               Low         
[59.124s][info][gc,heap     ] GC(100)  Capacity:     1024M (100%)       1024M (100%)       1024M (100%)       1024M (100%)       1024M (100%)       1024M (100%)   
[59.124s][info][gc,heap     ] GC(100)      Free:      340M (33%)         318M (31%)         902M (88%)         914M (89%)         914M (89%)         316M (31%)    
[59.125s][info][gc,heap     ] GC(100)      Used:      684M (67%)         706M (69%)         122M (12%)         110M (11%)         708M (69%)         110M (11%)    
[59.125s][info][gc,heap     ] GC(100)      Live:         -                29M (3%)           29M (3%)           29M (3%)             -                  -          
[59.125s][info][gc,heap     ] GC(100) Allocated:         -                22M (2%)           30M (3%)           33M (3%)             -                  -          
[59.125s][info][gc,heap     ] GC(100)   Garbage:         -               654M (64%)          62M (6%)           46M (4%)             -                  -          
[59.125s][info][gc,heap     ] GC(100) Reclaimed:         -                  -               592M (58%)         607M (59%)            -                  -          
[59.125s][info][gc          ] GC(100) Garbage Collection (Allocation Stall) 684M(67%)->110M(11%)
[59.208s][info][gc,start    ] GC(101) Garbage Collection (Allocation Rate)
[59.222s][info][gc,task     ] GC(101) Using 10 workers
[59.222s][info][gc,phases   ] GC(101) Pause Mark Start 0.016ms
[59.286s][info][gc,phases   ] GC(101) Concurrent Mark 63.179ms
[59.286s][info][gc,phases   ] GC(101) Pause Mark End 0.017ms
[59.286s][info][gc,phases   ] GC(101) Concurrent Mark Free 0.001ms
[59.286s][info][gc,phases   ] GC(101) Concurrent Process Non-Strong References 0.441ms
[59.286s][info][gc,phases   ] GC(101) Concurrent Reset Relocation Set 0.002ms
[59.296s][info][gc,phases   ] GC(101) Concurrent Select Relocation Set 9.740ms
[59.296s][info][gc,phases   ] GC(101) Pause Relocate Start 0.009ms
[59.313s][info][gc,phases   ] GC(101) Concurrent Relocate 16.815ms
[59.313s][info][gc,load     ] GC(101) Load: 0.00/0.00/0.00
[59.313s][info][gc,mmu      ] GC(101) MMU: 2ms/95.8%, 5ms/98.3%, 10ms/99.2%, 20ms/99.6%, 50ms/99.8%, 100ms/99.9%
[59.313s][info][gc,marking  ] GC(101) Mark: 8 stripe(s), 2 proactive flush(es), 1 terminate flush(es), 0 completion(s), 0 continuation(s) 
[59.313s][info][gc,marking  ] GC(101) Mark Stack Usage: 32M
[59.313s][info][gc,nmethod  ] GC(101) NMethods: 674 registered, 10 unregistered
[59.313s][info][gc,metaspace] GC(101) Metaspace: 16M used, 16M committed, 1088M reserved
[59.313s][info][gc,ref      ] GC(101) Soft: 171 encountered, 0 discovered, 0 enqueued
[59.313s][info][gc,ref      ] GC(101) Weak: 969 encountered, 47 discovered, 0 enqueued
[59.314s][info][gc,ref      ] GC(101) Final: 0 encountered, 0 discovered, 0 enqueued
[59.314s][info][gc,ref      ] GC(101) Phantom: 35 encountered, 23 discovered, 0 enqueued
[59.314s][info][gc,reloc    ] GC(101) Small Pages: 99 / 198M, Empty: 0M, Relocated: 50M, In-Place: 0
[59.314s][info][gc,reloc    ] GC(101) Medium Pages: 1 / 32M, Empty: 0M, Relocated: 0M, In-Place: 0
[59.314s][info][gc,reloc    ] GC(101) Large Pages: 0 / 0M, Empty: 0M, Relocated: 0M, In-Place: 0
[59.314s][info][gc,reloc    ] GC(101) Forwarding Usage: 21M
[59.314s][info][gc,heap     ] GC(101) Min Capacity: 8M(1%)
[59.314s][info][gc,heap     ] GC(101) Max Capacity: 1024M(100%)
[59.314s][info][gc,heap     ] GC(101) Soft Max Capacity: 1024M(100%)
[59.314s][info][gc,heap     ] GC(101)                Mark Start          Mark End        Relocate Start      Relocate End           High               Low         
[59.314s][info][gc,heap     ] GC(101)  Capacity:     1024M (100%)       1024M (100%)       1024M (100%)       1024M (100%)       1024M (100%)       1024M (100%)   
[59.314s][info][gc,heap     ] GC(101)      Free:      794M (78%)         714M (70%)         702M (69%)         720M (70%)         794M (78%)         682M (67%)    
[59.314s][info][gc,heap     ] GC(101)      Used:      230M (22%)         310M (30%)         322M (31%)         304M (30%)         342M (33%)         230M (22%)    
[59.314s][info][gc,heap     ] GC(101)      Live:         -               126M (12%)         126M (12%)         126M (12%)            -                  -          
[59.314s][info][gc,heap     ] GC(101) Allocated:         -                80M (8%)           92M (9%)          105M (10%)            -                  -          
[59.314s][info][gc,heap     ] GC(101)   Garbage:         -               103M (10%)         103M (10%)          72M (7%)             -                  -          
[59.314s][info][gc,heap     ] GC(101) Reclaimed:         -                  -                 0M (0%)           31M (3%)             -                  -          
[59.314s][info][gc          ] GC(101) Garbage Collection (Allocation Rate) 230M(22%)->304M(30%)
[59.411s][info][gc,start    ] GC(102) Garbage Collection (Allocation Rate)
[59.411s][info][gc,task     ] GC(102) Using 10 workers
[59.411s][info][gc,phases   ] GC(102) Pause Mark Start 0.016ms
[59.520s][info][gc,phases   ] GC(102) Concurrent Mark 108.931ms
[59.520s][info][gc,phases   ] GC(102) Pause Mark End 0.018ms
[59.520s][info][gc,phases   ] GC(102) Concurrent Mark Free 0.001ms
[59.521s][info][gc,phases   ] GC(102) Concurrent Process Non-Strong References 0.367ms
[59.521s][info][gc,phases   ] GC(102) Concurrent Reset Relocation Set 0.005ms
[59.540s][info][gc,phases   ] GC(102) Concurrent Select Relocation Set 19.735ms
[59.541s][info][gc,phases   ] GC(102) Pause Relocate Start 0.013ms
[59.563s][info][gc,phases   ] GC(102) Concurrent Relocate 21.886ms
[59.563s][info][gc,load     ] GC(102) Load: 0.00/0.00/0.00
[59.563s][info][gc,mmu      ] GC(102) MMU: 2ms/95.8%, 5ms/98.3%, 10ms/99.2%, 20ms/99.6%, 50ms/99.8%, 100ms/99.9%
[59.563s][info][gc,marking  ] GC(102) Mark: 8 stripe(s), 2 proactive flush(es), 1 terminate flush(es), 0 completion(s), 0 continuation(s) 
[59.563s][info][gc,marking  ] GC(102) Mark Stack Usage: 32M
[59.563s][info][gc,nmethod  ] GC(102) NMethods: 674 registered, 10 unregistered
[59.563s][info][gc,metaspace] GC(102) Metaspace: 16M used, 16M committed, 1088M reserved
[59.563s][info][gc,ref      ] GC(102) Soft: 171 encountered, 0 discovered, 0 enqueued
[59.563s][info][gc,ref      ] GC(102) Weak: 969 encountered, 277 discovered, 0 enqueued
[59.563s][info][gc,ref      ] GC(102) Final: 0 encountered, 0 discovered, 0 enqueued
[59.563s][info][gc,ref      ] GC(102) Phantom: 35 encountered, 21 discovered, 0 enqueued
[59.563s][info][gc,reloc    ] GC(102) Small Pages: 193 / 386M, Empty: 0M, Relocated: 59M, In-Place: 0
[59.563s][info][gc,reloc    ] GC(102) Medium Pages: 1 / 32M, Empty: 0M, Relocated: 0M, In-Place: 0
[59.563s][info][gc,reloc    ] GC(102) Large Pages: 0 / 0M, Empty: 0M, Relocated: 0M, In-Place: 0
[59.563s][info][gc,reloc    ] GC(102) Forwarding Usage: 25M
[59.563s][info][gc,heap     ] GC(102) Min Capacity: 8M(1%)
[59.563s][info][gc,heap     ] GC(102) Max Capacity: 1024M(100%)
[59.563s][info][gc,heap     ] GC(102) Soft Max Capacity: 1024M(100%)
[59.563s][info][gc,heap     ] GC(102)                Mark Start          Mark End        Relocate Start      Relocate End           High               Low         
[59.563s][info][gc,heap     ] GC(102)  Capacity:     1024M (100%)       1024M (100%)       1024M (100%)       1024M (100%)       1024M (100%)       1024M (100%)   
[59.563s][info][gc,heap     ] GC(102)      Free:      606M (59%)         518M (51%)         500M (49%)         526M (51%)         606M (59%)         480M (47%)    
[59.563s][info][gc,heap     ] GC(102)      Used:      418M (41%)         506M (49%)         524M (51%)         498M (49%)         544M (53%)         418M (41%)    
[59.563s][info][gc,heap     ] GC(102)      Live:         -               264M (26%)         264M (26%)         264M (26%)            -                  -          
[59.563s][info][gc,heap     ] GC(102) Allocated:         -                88M (9%)          106M (10%)         125M (12%)            -                  -          
[59.563s][info][gc,heap     ] GC(102)   Garbage:         -               153M (15%)         153M (15%)         107M (11%)            -                  -          
[59.563s][info][gc,heap     ] GC(102) Reclaimed:         -                  -                 0M (0%)           45M (4%)             -                  -          
[59.563s][info][gc          ] GC(102) Garbage Collection (Allocation Rate) 418M(41%)->498M(49%)
[59.598s][info][gc,start    ] GC(103) Garbage Collection (Allocation Rate)
[59.598s][info][gc,task     ] GC(103) Using 10 workers
[59.598s][info][gc,phases   ] GC(103) Pause Mark Start 0.019ms
[59.739s][info][gc,phases   ] GC(103) Concurrent Mark 140.160ms
[59.739s][info][gc,phases   ] GC(103) Pause Mark End 0.018ms
[59.739s][info][gc,phases   ] GC(103) Concurrent Mark Free 0.001ms
[59.739s][info][gc,phases   ] GC(103) Concurrent Process Non-Strong References 0.361ms
[59.739s][info][gc,phases   ] GC(103) Concurrent Reset Relocation Set 0.010ms
[59.745s][info][gc,phases   ] GC(103) Concurrent Select Relocation Set 5.355ms
[59.745s][info][gc,phases   ] GC(103) Pause Relocate Start 0.007ms
[59.760s][info][gc,phases   ] GC(103) Concurrent Relocate 14.848ms
[59.760s][info][gc,load     ] GC(103) Load: 0.00/0.00/0.00
[59.760s][info][gc,mmu      ] GC(103) MMU: 2ms/95.8%, 5ms/98.3%, 10ms/99.2%, 20ms/99.6%, 50ms/99.8%, 100ms/99.9%
[59.760s][info][gc,marking  ] GC(103) Mark: 8 stripe(s), 2 proactive flush(es), 1 terminate flush(es), 0 completion(s), 0 continuation(s) 
[59.760s][info][gc,marking  ] GC(103) Mark Stack Usage: 32M
[59.760s][info][gc,nmethod  ] GC(103) NMethods: 674 registered, 10 unregistered
[59.760s][info][gc,metaspace] GC(103) Metaspace: 16M used, 16M committed, 1088M reserved
[59.760s][info][gc,ref      ] GC(103) Soft: 171 encountered, 0 discovered, 0 enqueued
[59.760s][info][gc,ref      ] GC(103) Weak: 969 encountered, 96 discovered, 0 enqueued
[59.760s][info][gc,ref      ] GC(103) Final: 0 encountered, 0 discovered, 0 enqueued
[59.760s][info][gc,ref      ] GC(103) Phantom: 35 encountered, 28 discovered, 0 enqueued
[59.760s][info][gc,reloc    ] GC(103) Small Pages: 252 / 504M, Empty: 0M, Relocated: 43M, In-Place: 0
[59.760s][info][gc,reloc    ] GC(103) Medium Pages: 1 / 32M, Empty: 0M, Relocated: 0M, In-Place: 0
[59.760s][info][gc,reloc    ] GC(103) Large Pages: 0 / 0M, Empty: 0M, Relocated: 0M, In-Place: 0
[59.760s][info][gc,reloc    ] GC(103) Forwarding Usage: 18M
[59.760s][info][gc,heap     ] GC(103) Min Capacity: 8M(1%)
[59.760s][info][gc,heap     ] GC(103) Max Capacity: 1024M(100%)
[59.760s][info][gc,heap     ] GC(103) Soft Max Capacity: 1024M(100%)
[59.760s][info][gc,heap     ] GC(103)                Mark Start          Mark End        Relocate Start      Relocate End           High               Low         
[59.760s][info][gc,heap     ] GC(103)  Capacity:     1024M (100%)       1024M (100%)       1024M (100%)       1024M (100%)       1024M (100%)       1024M (100%)   
[59.760s][info][gc,heap     ] GC(103)      Free:      488M (48%)         358M (35%)         350M (34%)         360M (35%)         488M (48%)         330M (32%)    
[59.760s][info][gc,heap     ] GC(103)      Used:      536M (52%)         666M (65%)         674M (66%)         664M (65%)         694M (68%)         536M (52%)    
[59.760s][info][gc,heap     ] GC(103)      Live:         -               370M (36%)         370M (36%)         370M (36%)            -                  -          
[59.761s][info][gc,heap     ] GC(103) Allocated:         -               130M (13%)         138M (13%)         155M (15%)            -                  -          
[59.761s][info][gc,heap     ] GC(103)   Garbage:         -               165M (16%)         165M (16%)         137M (13%)            -                  -          
[59.761s][info][gc,heap     ] GC(103) Reclaimed:         -                  -                 0M (0%)           27M (3%)             -                  -          
[59.761s][info][gc          ] GC(103) Garbage Collection (Allocation Rate) 536M(52%)->664M(65%)
[59.801s][info][gc,start    ] GC(104) Garbage Collection (Allocation Rate)
[59.801s][info][gc,task     ] GC(104) Using 10 workers
[59.802s][info][gc,phases   ] GC(104) Pause Mark Start 0.016ms
[59.973s][info][gc,phases   ] GC(104) Concurrent Mark 171.432ms
[59.973s][info][gc,phases   ] GC(104) Pause Mark End 0.016ms
[59.973s][info][gc,phases   ] GC(104) Concurrent Mark Free 0.001ms
[59.974s][info][gc,phases   ] GC(104) Concurrent Process Non-Strong References 0.333ms
[59.974s][info][gc,phases   ] GC(104) Concurrent Reset Relocation Set 0.005ms
[59.977s][info][gc,phases   ] GC(104) Concurrent Select Relocation Set 3.170ms
[59.977s][info][gc,phases   ] GC(104) Pause Relocate Start 0.011ms
[59.990s][info][gc,phases   ] GC(104) Concurrent Relocate 12.704ms
[59.990s][info][gc,load     ] GC(104) Load: 0.00/0.00/0.00
[59.990s][info][gc,mmu      ] GC(104) MMU: 2ms/95.8%, 5ms/98.3%, 10ms/99.2%, 20ms/99.6%, 50ms/99.8%, 100ms/99.9%
[59.990s][info][gc,marking  ] GC(104) Mark: 8 stripe(s), 2 proactive flush(es), 1 terminate flush(es), 0 completion(s), 0 continuation(s) 
[59.990s][info][gc,marking  ] GC(104) Mark Stack Usage: 32M
[59.990s][info][gc,nmethod  ] GC(104) NMethods: 674 registered, 10 unregistered
[59.990s][info][gc,metaspace] GC(104) Metaspace: 16M used, 16M committed, 1088M reserved
[59.990s][info][gc,ref      ] GC(104) Soft: 171 encountered, 0 discovered, 0 enqueued
[59.990s][info][gc,ref      ] GC(104) Weak: 969 encountered, 71 discovered, 0 enqueued
[59.990s][info][gc,ref      ] GC(104) Final: 0 encountered, 0 discovered, 0 enqueued
[59.990s][info][gc,ref      ] GC(104) Phantom: 35 encountered, 28 discovered, 0 enqueued
[59.990s][info][gc,reloc    ] GC(104) Small Pages: 339 / 678M, Empty: 0M, Relocated: 29M, In-Place: 0
[59.990s][info][gc,reloc    ] GC(104) Medium Pages: 1 / 32M, Empty: 0M, Relocated: 0M, In-Place: 0
[59.990s][info][gc,reloc    ] GC(104) Large Pages: 0 / 0M, Empty: 0M, Relocated: 0M, In-Place: 0
[59.990s][info][gc,reloc    ] GC(104) Forwarding Usage: 13M
[59.990s][info][gc,heap     ] GC(104) Min Capacity: 8M(1%)
[59.990s][info][gc,heap     ] GC(104) Max Capacity: 1024M(100%)
[59.990s][info][gc,heap     ] GC(104) Soft Max Capacity: 1024M(100%)
[59.990s][info][gc,heap     ] GC(104)                Mark Start          Mark End        Relocate Start      Relocate End           High               Low         
[59.990s][info][gc,heap     ] GC(104)  Capacity:     1024M (100%)       1024M (100%)       1024M (100%)       1024M (100%)       1024M (100%)       1024M (100%)   
[59.990s][info][gc,heap     ] GC(104)      Free:      314M (31%)         160M (16%)         156M (15%)         168M (16%)         314M (31%)         136M (13%)    
[59.990s][info][gc,heap     ] GC(104)      Used:      710M (69%)         864M (84%)         868M (85%)         856M (84%)         888M (87%)         710M (69%)    
[59.990s][info][gc,heap     ] GC(104)      Live:         -               499M (49%)         499M (49%)         499M (49%)            -                  -          
[59.990s][info][gc,heap     ] GC(104) Allocated:         -               154M (15%)         158M (15%)         163M (16%)            -                  -          
[59.990s][info][gc,heap     ] GC(104)   Garbage:         -               210M (21%)         210M (21%)         192M (19%)            -                  -          
[59.990s][info][gc,heap     ] GC(104) Reclaimed:         -                  -                 0M (0%)           17M (2%)             -                  -          
[59.990s][info][gc          ] GC(104) Garbage Collection (Allocation Rate) 710M(69%)->856M(84%)
[60.004s][info][gc,start    ] GC(105) Garbage Collection (Allocation Rate)
[60.004s][info][gc,task     ] GC(105) Using 10 workers
[60.005s][info][gc,phases   ] GC(105) Pause Mark Start 0.010ms
[60.098s][info][gc,stats    ] === Garbage Collection Statistics =======================================================================================================================
[60.098s][info][gc,stats    ]                                                              Last 10s              Last 10m              Last 10h                Total
[60.098s][info][gc,stats    ]                                                              Avg / Max             Avg / Max             Avg / Max             Avg / Max
[60.098s][info][gc,stats    ]   Collector: Garbage Collection Cycle                    145.758 / 276.498     135.090 / 299.601     135.090 / 299.601     135.090 / 299.601     ms
[60.098s][info][gc,stats    ]  Contention: Mark Segment Reset Contention                    13 / 31                7 / 32                7 / 32                7 / 32          ops/s
[60.098s][info][gc,stats    ]  Contention: Mark SeqNum Reset Contention                      1 / 4                 0 / 6                 0 / 6                 0 / 6           ops/s
[60.098s][info][gc,stats    ]    Critical: Allocation Stall                                 25 / 250              15 / 308              15 / 308              15 / 308         ops/s
[60.098s][info][gc,stats    ]    Critical: Allocation Stall                              7.382 / 15.087       10.194 / 31.418       10.194 / 31.418       10.194 / 31.418      ms
[60.098s][info][gc,stats    ]    Critical: GC Locker Stall                                   0 / 0                 0 / 0                 0 / 0                 0 / 0           ops/s
[60.098s][info][gc,stats    ]    Critical: GC Locker Stall                               0.000 / 0.000         0.000 / 0.000         0.000 / 0.000         0.000 / 0.000       ms
[60.098s][info][gc,stats    ]    Critical: Relocation Stall                                  0 / 0                 0 / 0                 0 / 0                 0 / 0           ops/s
[60.098s][info][gc,stats    ]    Critical: Relocation Stall                              0.000 / 0.000         0.000 / 0.000         0.000 / 0.000         0.000 / 0.000       ms
[60.098s][info][gc,stats    ]      Memory: Allocation Rate                                 984 / 6060            616 / 6154            616 / 6154            616 / 6154        MB/s
[60.098s][info][gc,stats    ]      Memory: Defragment                                        4 / 28                2 / 29                2 / 29                2 / 29          ops/s
[60.098s][info][gc,stats    ]      Memory: Out Of Memory                                     0 / 0                 0 / 0                 0 / 0                 0 / 0           ops/s
[60.098s][info][gc,stats    ]      Memory: Page Cache Flush                                 16 / 72               10 / 122              10 / 122              10 / 122         MB/s
[60.098s][info][gc,stats    ]      Memory: Page Cache Hit L1                               545 / 3047            333 / 3072            333 / 3072            333 / 3072        ops/s
[60.098s][info][gc,stats    ]      Memory: Page Cache Hit L2                                 0 / 0                 0 / 0                 0 / 0                 0 / 0           ops/s
[60.098s][info][gc,stats    ]      Memory: Page Cache Hit L3                                 4 / 26               10 / 407              10 / 407              10 / 407         ops/s
[60.098s][info][gc,stats    ]      Memory: Page Cache Miss                                   0 / 1                 0 / 2                 0 / 2                 0 / 2           ops/s
[60.098s][info][gc,stats    ]      Memory: Uncommit                                          0 / 0                 0 / 0                 0 / 0                 0 / 0           MB/s
[60.098s][info][gc,stats    ]      Memory: Undo Object Allocation Failed                    50 / 491              43 / 647              43 / 647              43 / 647         ops/s
[60.098s][info][gc,stats    ]      Memory: Undo Object Allocation Succeeded                  7 / 69                8 / 101               8 / 101               8 / 101         ops/s
[60.099s][info][gc,stats    ]      Memory: Undo Page Allocation                             87 / 844              56 / 892              56 / 892              56 / 892         ops/s
[60.099s][info][gc,stats    ]       Phase: Concurrent Mark                             110.136 / 243.210      98.363 / 243.210      98.363 / 243.210      98.363 / 243.210     ms
[60.099s][info][gc,stats    ]       Phase: Concurrent Mark Continue                      0.000 / 0.000         0.000 / 0.000         0.000 / 0.000         0.000 / 0.000       ms
[60.099s][info][gc,stats    ]       Phase: Concurrent Mark Free                          0.001 / 0.002         0.001 / 0.004         0.001 / 0.004         0.001 / 0.004       ms
[60.099s][info][gc,stats    ]       Phase: Concurrent Process Non-Strong References      0.389 / 0.756         1.530 / 15.033        1.530 / 15.033        1.530 / 15.033      ms
[60.099s][info][gc,stats    ]       Phase: Concurrent Relocate                          12.745 / 37.016       11.818 / 59.080       11.818 / 59.080       11.818 / 59.080      ms
[60.099s][info][gc,stats    ]       Phase: Concurrent Reset Relocation Set               0.013 / 0.034         0.014 / 0.066         0.014 / 0.066         0.014 / 0.066       ms
[60.099s][info][gc,stats    ]       Phase: Concurrent Select Relocation Set             12.728 / 58.503       11.899 / 58.503       11.899 / 58.503       11.899 / 58.503      ms
[60.099s][info][gc,stats    ]       Phase: Pause Mark End                                0.018 / 0.027         0.017 / 0.027         0.017 / 0.027         0.017 / 0.027       ms
[60.099s][info][gc,stats    ]       Phase: Pause Mark Start                              0.019 / 0.052         0.019 / 0.084         0.019 / 0.084         0.019 / 0.084       ms
[60.099s][info][gc,stats    ]       Phase: Pause Relocate Start                          0.008 / 0.013         0.008 / 0.025         0.008 / 0.025         0.008 / 0.025       ms
[60.099s][info][gc,stats    ]    Subphase: Concurrent Classes Purge                      0.004 / 0.013         0.121 / 5.672         0.121 / 5.672         0.121 / 5.672       ms
[60.099s][info][gc,stats    ]    Subphase: Concurrent Classes Unlink                     0.171 / 0.252         0.586 / 6.293         0.586 / 6.293         0.586 / 6.293       ms
[60.099s][info][gc,stats    ]    Subphase: Concurrent Mark                             107.730 / 242.408      96.237 / 242.408      96.237 / 242.408      96.237 / 242.408     ms
[60.099s][info][gc,stats    ]    Subphase: Concurrent Mark Try Flush                     1.343 / 18.477        1.468 / 31.490        1.468 / 31.490        1.468 / 31.490      ms
[60.099s][info][gc,stats    ]    Subphase: Concurrent Mark Try Terminate                 9.310 / 16.353        9.130 / 16.472        9.130 / 16.472        9.130 / 16.472      ms
[60.099s][info][gc,stats    ]    Subphase: Concurrent References Enqueue                 0.001 / 0.004         0.001 / 0.005         0.001 / 0.005         0.001 / 0.005       ms
[60.099s][info][gc,stats    ]    Subphase: Concurrent References Process                 0.029 / 0.046         0.036 / 0.210         0.036 / 0.210         0.036 / 0.210       ms
[60.099s][info][gc,stats    ]    Subphase: Concurrent Roots ClassLoaderDataGraph         0.041 / 0.593         0.050 / 1.028         0.050 / 1.028         0.050 / 1.028       ms
[60.099s][info][gc,stats    ]    Subphase: Concurrent Roots CodeCache                    0.000 / 0.000         0.000 / 0.000         0.000 / 0.000         0.000 / 0.000       ms
[60.099s][info][gc,stats    ]    Subphase: Concurrent Roots JavaThreads                  0.629 / 1.405         0.766 / 6.849         0.766 / 6.849         0.766 / 6.849       ms
[60.099s][info][gc,stats    ]    Subphase: Concurrent Roots OopStorageSet                0.013 / 0.055         0.019 / 0.682         0.019 / 0.682         0.019 / 0.682       ms
[60.099s][info][gc,stats    ]    Subphase: Concurrent Weak Roots OopStorageSet           0.101 / 0.309         0.100 / 0.309         0.100 / 0.309         0.100 / 0.309       ms
[60.099s][info][gc,stats    ]    Subphase: Pause Mark Try Complete                       0.000 / 0.000         0.000 / 0.000         0.000 / 0.000         0.000 / 0.000       ms
[60.099s][info][gc,stats    ]      System: Java Threads                                     62 / 62               63 / 74               63 / 74               63 / 74          threads
[60.099s][info][gc,stats    ] =========================================================================================================================================================
[60.207s][info][gc,phases   ] GC(105) Concurrent Mark 202.761ms
[60.208s][info][gc,phases   ] GC(105) Pause Mark End 0.020ms
[60.208s][info][gc,phases   ] GC(105) Concurrent Mark Free 0.001ms
[60.208s][info][gc,phases   ] GC(105) Concurrent Process Non-Strong References 0.382ms
[60.208s][info][gc,phases   ] GC(105) Concurrent Reset Relocation Set 0.011ms
[60.234s][info][gc,phases   ] GC(105) Concurrent Select Relocation Set 25.976ms
[60.234s][info][gc,phases   ] GC(105) Pause Relocate Start 0.010ms
[60.252s][info][gc,phases   ] GC(105) Concurrent Relocate 17.144ms
[60.252s][info][gc,load     ] GC(105) Load: 0.00/0.00/0.00
[60.252s][info][gc,mmu      ] GC(105) MMU: 2ms/95.8%, 5ms/98.3%, 10ms/99.2%, 20ms/99.6%, 50ms/99.8%, 100ms/99.9%
[60.252s][info][gc,marking  ] GC(105) Mark: 8 stripe(s), 3 proactive flush(es), 1 terminate flush(es), 0 completion(s), 0 continuation(s) 
[60.252s][info][gc,marking  ] GC(105) Mark Stack Usage: 32M
[60.252s][info][gc,nmethod  ] GC(105) NMethods: 674 registered, 10 unregistered
[60.252s][info][gc,metaspace] GC(105) Metaspace: 16M used, 16M committed, 1088M reserved
[60.252s][info][gc,ref      ] GC(105) Soft: 171 encountered, 0 discovered, 0 enqueued
[60.252s][info][gc,ref      ] GC(105) Weak: 968 encountered, 257 discovered, 7 enqueued
[60.252s][info][gc,ref      ] GC(105) Final: 0 encountered, 0 discovered, 0 enqueued
[60.252s][info][gc,ref      ] GC(105) Phantom: 35 encountered, 20 discovered, 0 enqueued
[60.252s][info][gc,reloc    ] GC(105) Small Pages: 416 / 832M, Empty: 0M, Relocated: 52M, In-Place: 0
[60.252s][info][gc,reloc    ] GC(105) Medium Pages: 2 / 64M, Empty: 0M, Relocated: 3M, In-Place: 1
[60.252s][info][gc,reloc    ] GC(105) Large Pages: 0 / 0M, Empty: 0M, Relocated: 0M, In-Place: 0
[60.252s][info][gc,reloc    ] GC(105) Forwarding Usage: 21M
[60.252s][info][gc,heap     ] GC(105) Min Capacity: 8M(1%)
[60.252s][info][gc,heap     ] GC(105) Max Capacity: 1024M(100%)
[60.252s][info][gc,heap     ] GC(105) Soft Max Capacity: 1024M(100%)
[60.252s][info][gc,heap     ] GC(105)                Mark Start          Mark End        Relocate Start      Relocate End           High               Low         
[60.252s][info][gc,heap     ] GC(105)  Capacity:     1024M (100%)       1024M (100%)       1024M (100%)       1024M (100%)       1024M (100%)       1024M (100%)   
[60.252s][info][gc,heap     ] GC(105)      Free:      128M (13%)          74M (7%)           62M (6%)           94M (9%)          128M (13%)          12M (1%)     
[60.252s][info][gc,heap     ] GC(105)      Used:      896M (88%)         950M (93%)         962M (94%)         930M (91%)        1012M (99%)         896M (88%)    
[60.252s][info][gc,heap     ] GC(105)      Live:         -               611M (60%)         611M (60%)         611M (60%)            -                  -          
[60.252s][info][gc,heap     ] GC(105) Allocated:         -                54M (5%)           66M (6%)          101M (10%)            -                  -          
[60.252s][info][gc,heap     ] GC(105)   Garbage:         -               284M (28%)         284M (28%)         216M (21%)            -                  -          
[60.252s][info][gc,heap     ] GC(105) Reclaimed:         -                  -                 0M (0%)           67M (7%)             -                  -          
[60.252s][info][gc          ] GC(105) Garbage Collection (Allocation Rate) 896M(88%)->930M(91%)
[60.301s][info][gc,start    ] GC(106) Garbage Collection (Allocation Rate)
[60.301s][info][gc,task     ] GC(106) Using 10 workers
[60.301s][info][gc,phases   ] GC(106) Pause Mark Start 0.015ms
[60.473s][info][gc,phases   ] GC(106) Concurrent Mark 171.593ms
[60.473s][info][gc,phases   ] GC(106) Pause Mark End 0.017ms
[60.473s][info][gc,phases   ] GC(106) Concurrent Mark Free 0.001ms
[60.474s][info][gc,phases   ] GC(106) Concurrent Process Non-Strong References 0.356ms
[60.474s][info][gc,phases   ] GC(106) Concurrent Reset Relocation Set 0.012ms
[60.506s][info][gc,phases   ] GC(106) Concurrent Select Relocation Set 32.543ms
[60.506s][info][gc,phases   ] GC(106) Pause Relocate Start 0.011ms
[60.562s][info][gc,phases   ] GC(106) Concurrent Relocate 55.282ms
[60.562s][info][gc,load     ] GC(106) Load: 0.00/0.00/0.00
[60.562s][info][gc,mmu      ] GC(106) MMU: 2ms/95.8%, 5ms/98.3%, 10ms/99.2%, 20ms/99.6%, 50ms/99.8%, 100ms/99.9%
[60.562s][info][gc,marking  ] GC(106) Mark: 8 stripe(s), 2 proactive flush(es), 1 terminate flush(es), 0 completion(s), 0 continuation(s) 
[60.562s][info][gc,marking  ] GC(106) Mark Stack Usage: 32M
[60.562s][info][gc,nmethod  ] GC(106) NMethods: 674 registered, 10 unregistered
[60.562s][info][gc,metaspace] GC(106) Metaspace: 16M used, 16M committed, 1088M reserved
[60.562s][info][gc,ref      ] GC(106) Soft: 171 encountered, 0 discovered, 0 enqueued
[60.562s][info][gc,ref      ] GC(106) Weak: 961 encountered, 61 discovered, 0 enqueued
[60.562s][info][gc,ref      ] GC(106) Final: 0 encountered, 0 discovered, 0 enqueued
[60.562s][info][gc,ref      ] GC(106) Phantom: 35 encountered, 27 discovered, 0 enqueued
[60.562s][info][gc,reloc    ] GC(106) Small Pages: 442 / 884M, Empty: 0M, Relocated: 181M, In-Place: 0
[60.562s][info][gc,reloc    ] GC(106) Medium Pages: 2 / 64M, Empty: 32M, Relocated: 0M, In-Place: 0
[60.562s][info][gc,reloc    ] GC(106) Large Pages: 0 / 0M, Empty: 0M, Relocated: 0M, In-Place: 0
[60.562s][info][gc,reloc    ] GC(106) Forwarding Usage: 77M
[60.562s][info][gc,heap     ] GC(106) Min Capacity: 8M(1%)
[60.562s][info][gc,heap     ] GC(106) Max Capacity: 1024M(100%)
[60.562s][info][gc,heap     ] GC(106) Soft Max Capacity: 1024M(100%)
[60.562s][info][gc,heap     ] GC(106)                Mark Start          Mark End        Relocate Start      Relocate End           High               Low         
[60.562s][info][gc,heap     ] GC(106)  Capacity:     1024M (100%)       1024M (100%)       1024M (100%)       1024M (100%)       1024M (100%)       1024M (100%)   
[60.562s][info][gc,heap     ] GC(106)      Free:       76M (7%)           32M (3%)           62M (6%)          244M (24%)         244M (24%)          32M (3%)     
[60.562s][info][gc,heap     ] GC(106)      Used:      948M (93%)         992M (97%)         962M (94%)         780M (76%)         992M (97%)         780M (76%)    
[60.562s][info][gc,heap     ] GC(106)      Live:         -               574M (56%)         574M (56%)         574M (56%)            -                  -          
[60.562s][info][gc,heap     ] GC(106) Allocated:         -                44M (4%)           46M (4%)           48M (5%)             -                  -          
[60.562s][info][gc,heap     ] GC(106)   Garbage:         -               373M (36%)         341M (33%)         157M (15%)            -                  -          
[60.562s][info][gc,heap     ] GC(106) Reclaimed:         -                  -                32M (3%)          216M (21%)            -                  -          
[60.562s][info][gc          ] GC(106) Garbage Collection (Allocation Rate) 948M(93%)->780M(76%)
[60.598s][info][gc,start    ] GC(107) Garbage Collection (Allocation Rate)
[60.598s][info][gc,task     ] GC(107) Using 10 workers
[60.598s][info][gc,phases   ] GC(107) Pause Mark Start 0.009ms
[60.608s][info][gc,phases   ] GC(107) Concurrent Mark 10.145ms
[60.608s][info][gc,phases   ] GC(107) Pause Mark End 0.017ms
[60.609s][info][gc,phases   ] GC(107) Concurrent Mark Free 0.002ms
[60.609s][info][gc,phases   ] GC(107) Concurrent Process Non-Strong References 0.739ms
[60.609s][info][gc,phases   ] GC(107) Concurrent Reset Relocation Set 0.052ms
[60.621s][info][gc,phases   ] GC(107) Concurrent Select Relocation Set 11.583ms
[60.621s][info][gc,phases   ] GC(107) Pause Relocate Start 0.005ms
[60.623s][info][gc,phases   ] GC(107) Concurrent Relocate 1.494ms
[60.623s][info][gc,load     ] GC(107) Load: 0.00/0.00/0.00
[60.623s][info][gc,mmu      ] GC(107) MMU: 2ms/95.8%, 5ms/98.3%, 10ms/99.2%, 20ms/99.6%, 50ms/99.8%, 100ms/99.9%
[60.623s][info][gc,marking  ] GC(107) Mark: 8 stripe(s), 3 proactive flush(es), 1 terminate flush(es), 0 completion(s), 0 continuation(s) 
[60.623s][info][gc,marking  ] GC(107) Mark Stack Usage: 32M
[60.623s][info][gc,nmethod  ] GC(107) NMethods: 680 registered, 10 unregistered
[60.623s][info][gc,metaspace] GC(107) Metaspace: 16M used, 16M committed, 1088M reserved
[60.623s][info][gc,ref      ] GC(107) Soft: 171 encountered, 0 discovered, 0 enqueued
[60.623s][info][gc,ref      ] GC(107) Weak: 971 encountered, 32 discovered, 3 enqueued
[60.623s][info][gc,ref      ] GC(107) Final: 0 encountered, 0 discovered, 0 enqueued
[60.623s][info][gc,ref      ] GC(107) Phantom: 35 encountered, 30 discovered, 0 enqueued
[60.623s][info][gc,reloc    ] GC(107) Small Pages: 374 / 748M, Empty: 700M, Relocated: 4M, In-Place: 0
[60.623s][info][gc,reloc    ] GC(107) Medium Pages: 1 / 32M, Empty: 32M, Relocated: 0M, In-Place: 0
[60.623s][info][gc,reloc    ] GC(107) Large Pages: 0 / 0M, Empty: 0M, Relocated: 0M, In-Place: 0
[60.623s][info][gc,reloc    ] GC(107) Forwarding Usage: 1M
[60.623s][info][gc,heap     ] GC(107) Min Capacity: 8M(1%)
[60.623s][info][gc,heap     ] GC(107) Max Capacity: 1024M(100%)
[60.623s][info][gc,heap     ] GC(107) Soft Max Capacity: 1024M(100%)
[60.623s][info][gc,heap     ] GC(107)                Mark Start          Mark End        Relocate Start      Relocate End           High               Low         
[60.623s][info][gc,heap     ] GC(107)  Capacity:     1024M (100%)       1024M (100%)       1024M (100%)       1024M (100%)       1024M (100%)       1024M (100%)   
[60.623s][info][gc,heap     ] GC(107)      Free:      244M (24%)         242M (24%)         974M (95%)         986M (96%)         986M (96%)         242M (24%)    
[60.623s][info][gc,heap     ] GC(107)      Used:      780M (76%)         782M (76%)          50M (5%)           38M (4%)          782M (76%)          38M (4%)     
[60.623s][info][gc,heap     ] GC(107)      Live:         -                15M (2%)           15M (2%)           15M (2%)             -                  -          
[60.623s][info][gc,heap     ] GC(107) Allocated:         -                 2M (0%)            2M (0%)            3M (0%)             -                  -          
[60.623s][info][gc,heap     ] GC(107)   Garbage:         -               764M (75%)          32M (3%)           18M (2%)             -                  -          
[60.623s][info][gc,heap     ] GC(107) Reclaimed:         -                  -               732M (71%)         745M (73%)            -                  -          
[60.623s][info][gc          ] GC(107) Garbage Collection (Allocation Rate) 780M(76%)->38M(4%)
[60.705s][info][gc,start    ] GC(108) Garbage Collection (Allocation Rate)
[60.705s][info][gc,task     ] GC(108) Using 10 workers
[60.706s][info][gc,phases   ] GC(108) Pause Mark Start 0.006ms
[60.736s][info][gc,phases   ] GC(108) Concurrent Mark 30.895ms
[60.737s][info][gc,phases   ] GC(108) Pause Mark End 0.011ms
[60.737s][info][gc,phases   ] GC(108) Concurrent Mark Free 0.001ms
[60.737s][info][gc,phases   ] GC(108) Concurrent Process Non-Strong References 0.569ms
[60.737s][info][gc,phases   ] GC(108) Concurrent Reset Relocation Set 0.003ms
[60.742s][info][gc,phases   ] GC(108) Concurrent Select Relocation Set 4.957ms
[60.742s][info][gc,phases   ] GC(108) Pause Relocate Start 0.005ms
[60.744s][info][gc,phases   ] GC(108) Concurrent Relocate 1.998ms
[60.744s][info][gc,load     ] GC(108) Load: 0.00/0.00/0.00
[60.744s][info][gc,mmu      ] GC(108) MMU: 2ms/95.8%, 5ms/98.3%, 10ms/99.2%, 20ms/99.6%, 50ms/99.8%, 100ms/99.9%
[60.745s][info][gc,marking  ] GC(108) Mark: 8 stripe(s), 3 proactive flush(es), 1 terminate flush(es), 0 completion(s), 0 continuation(s) 
[60.745s][info][gc,marking  ] GC(108) Mark Stack Usage: 32M
[60.745s][info][gc,nmethod  ] GC(108) NMethods: 683 registered, 13 unregistered
[60.745s][info][gc,metaspace] GC(108) Metaspace: 16M used, 16M committed, 1088M reserved
[60.745s][info][gc,ref      ] GC(108) Soft: 171 encountered, 0 discovered, 0 enqueued
[60.745s][info][gc,ref      ] GC(108) Weak: 968 encountered, 148 discovered, 0 enqueued
[60.745s][info][gc,ref      ] GC(108) Final: 0 encountered, 0 discovered, 0 enqueued
[60.745s][info][gc,ref      ] GC(108) Phantom: 35 encountered, 18 discovered, 0 enqueued
[60.745s][info][gc,reloc    ] GC(108) Small Pages: 19 / 38M, Empty: 0M, Relocated: 4M, In-Place: 0
[60.745s][info][gc,reloc    ] GC(108) Medium Pages: 0 / 0M, Empty: 0M, Relocated: 0M, In-Place: 0
[60.745s][info][gc,reloc    ] GC(108) Large Pages: 0 / 0M, Empty: 0M, Relocated: 0M, In-Place: 0
[60.745s][info][gc,reloc    ] GC(108) Forwarding Usage: 1M
[60.745s][info][gc,heap     ] GC(108) Min Capacity: 8M(1%)
[60.745s][info][gc,heap     ] GC(108) Max Capacity: 1024M(100%)
[60.745s][info][gc,heap     ] GC(108) Soft Max Capacity: 1024M(100%)
[60.745s][info][gc,heap     ] GC(108)                Mark Start          Mark End        Relocate Start      Relocate End           High               Low         
[60.745s][info][gc,heap     ] GC(108)  Capacity:     1024M (100%)       1024M (100%)       1024M (100%)       1024M (100%)       1024M (100%)       1024M (100%)   
[60.745s][info][gc,heap     ] GC(108)      Free:      986M (96%)         984M (96%)         984M (96%)         988M (96%)         988M (96%)         966M (94%)    
[60.745s][info][gc,heap     ] GC(108)      Used:       38M (4%)           40M (4%)           40M (4%)           36M (4%)           58M (6%)           36M (4%)     
[60.745s][info][gc,heap     ] GC(108)      Live:         -                15M (2%)           15M (2%)           15M (2%)             -                  -          
[60.745s][info][gc,heap     ] GC(108) Allocated:         -                 2M (0%)            2M (0%)            1M (0%)             -                  -          
[60.745s][info][gc,heap     ] GC(108)   Garbage:         -                22M (2%)           22M (2%)           18M (2%)             -                  -          
[60.745s][info][gc,heap     ] GC(108) Reclaimed:         -                  -                 0M (0%)            3M (0%)             -                  -          
[60.745s][info][gc          ] GC(108) Garbage Collection (Allocation Rate) 38M(4%)->36M(4%)
[60.799s][info][gc,start    ] GC(109) Garbage Collection (Allocation Rate)
[60.799s][info][gc,task     ] GC(109) Using 10 workers
[60.799s][info][gc,phases   ] GC(109) Pause Mark Start 0.011ms
[60.830s][info][gc,phases   ] GC(109) Concurrent Mark 30.989ms
[60.830s][info][gc,phases   ] GC(109) Pause Mark End 0.014ms
[60.830s][info][gc,phases   ] GC(109) Concurrent Mark Free 0.001ms
[60.831s][info][gc,phases   ] GC(109) Concurrent Process Non-Strong References 0.626ms
[60.831s][info][gc,phases   ] GC(109) Concurrent Reset Relocation Set 0.003ms
[60.835s][info][gc,phases   ] GC(109) Concurrent Select Relocation Set 4.181ms
[60.835s][info][gc,phases   ] GC(109) Pause Relocate Start 0.006ms
[60.838s][info][gc,phases   ] GC(109) Concurrent Relocate 1.984ms
[60.838s][info][gc,load     ] GC(109) Load: 0.00/0.00/0.00
[60.838s][info][gc,mmu      ] GC(109) MMU: 2ms/95.8%, 5ms/98.3%, 10ms/99.2%, 20ms/99.6%, 50ms/99.8%, 100ms/99.9%
[60.838s][info][gc,marking  ] GC(109) Mark: 8 stripe(s), 2 proactive flush(es), 1 terminate flush(es), 0 completion(s), 0 continuation(s) 
[60.838s][info][gc,marking  ] GC(109) Mark Stack Usage: 32M
[60.838s][info][gc,nmethod  ] GC(109) NMethods: 683 registered, 13 unregistered
[60.838s][info][gc,metaspace] GC(109) Metaspace: 16M used, 16M committed, 1088M reserved
[60.838s][info][gc,ref      ] GC(109) Soft: 171 encountered, 0 discovered, 0 enqueued
[60.838s][info][gc,ref      ] GC(109) Weak: 968 encountered, 89 discovered, 0 enqueued
[60.838s][info][gc,ref      ] GC(109) Final: 0 encountered, 0 discovered, 0 enqueued
[60.838s][info][gc,ref      ] GC(109) Phantom: 35 encountered, 29 discovered, 0 enqueued
[60.838s][info][gc,reloc    ] GC(109) Small Pages: 19 / 38M, Empty: 0M, Relocated: 4M, In-Place: 0
[60.838s][info][gc,reloc    ] GC(109) Medium Pages: 0 / 0M, Empty: 0M, Relocated: 0M, In-Place: 0
[60.838s][info][gc,reloc    ] GC(109) Large Pages: 0 / 0M, Empty: 0M, Relocated: 0M, In-Place: 0
[60.838s][info][gc,reloc    ] GC(109) Forwarding Usage: 1M
[60.838s][info][gc,heap     ] GC(109) Min Capacity: 8M(1%)
[60.838s][info][gc,heap     ] GC(109) Max Capacity: 1024M(100%)
[60.838s][info][gc,heap     ] GC(109) Soft Max Capacity: 1024M(100%)
[60.838s][info][gc,heap     ] GC(109)                Mark Start          Mark End        Relocate Start      Relocate End           High               Low         
[60.838s][info][gc,heap     ] GC(109)  Capacity:     1024M (100%)       1024M (100%)       1024M (100%)       1024M (100%)       1024M (100%)       1024M (100%)   
[60.838s][info][gc,heap     ] GC(109)      Free:      986M (96%)         984M (96%)         984M (96%)         988M (96%)         988M (96%)         966M (94%)    
[60.838s][info][gc,heap     ] GC(109)      Used:       38M (4%)           40M (4%)           40M (4%)           36M (4%)           58M (6%)           36M (4%)     
[60.838s][info][gc,heap     ] GC(109)      Live:         -                15M (2%)           15M (2%)           15M (2%)             -                  -          
[60.838s][info][gc,heap     ] GC(109) Allocated:         -                 2M (0%)            2M (0%)            1M (0%)             -                  -          
[60.838s][info][gc,heap     ] GC(109)   Garbage:         -                22M (2%)           22M (2%)           18M (2%)             -                  -          
[60.838s][info][gc,heap     ] GC(109) Reclaimed:         -                  -                 0M (0%)            3M (0%)             -                  -          
[60.838s][info][gc          ] GC(109) Garbage Collection (Allocation Rate) 38M(4%)->36M(4%)
[67.698s][info][gc,start    ] GC(110) Garbage Collection (Allocation Rate)
[67.698s][info][gc,task     ] GC(110) Using 10 workers
[67.698s][info][gc,phases   ] GC(110) Pause Mark Start 0.020ms
[67.769s][info][gc,phases   ] GC(110) Concurrent Mark 71.504ms
[67.769s][info][gc,phases   ] GC(110) Pause Mark End 0.017ms
[67.770s][info][gc,phases   ] GC(110) Concurrent Mark Free 0.001ms
[67.770s][info][gc,phases   ] GC(110) Concurrent Process Non-Strong References 0.409ms
[67.770s][info][gc,phases   ] GC(110) Concurrent Reset Relocation Set 0.002ms
[67.798s][info][gc,phases   ] GC(110) Concurrent Select Relocation Set 27.885ms
[67.798s][info][gc,phases   ] GC(110) Pause Relocate Start 0.009ms
[67.838s][info][gc,phases   ] GC(110) Concurrent Relocate 40.199ms
[67.839s][info][gc,load     ] GC(110) Load: 0.00/0.00/0.00
[67.839s][info][gc,mmu      ] GC(110) MMU: 2ms/95.8%, 5ms/98.3%, 10ms/99.2%, 20ms/99.6%, 50ms/99.8%, 100ms/99.9%
[67.839s][info][gc,marking  ] GC(110) Mark: 8 stripe(s), 2 proactive flush(es), 1 terminate flush(es), 0 completion(s), 0 continuation(s) 
[67.839s][info][gc,marking  ] GC(110) Mark Stack Usage: 32M
[67.839s][info][gc,nmethod  ] GC(110) NMethods: 690 registered, 14 unregistered
[67.839s][info][gc,metaspace] GC(110) Metaspace: 16M used, 16M committed, 1088M reserved
[67.839s][info][gc,ref      ] GC(110) Soft: 171 encountered, 0 discovered, 0 enqueued
[67.839s][info][gc,ref      ] GC(110) Weak: 968 encountered, 288 discovered, 4 enqueued
[67.839s][info][gc,ref      ] GC(110) Final: 0 encountered, 0 discovered, 0 enqueued
[67.839s][info][gc,ref      ] GC(110) Phantom: 35 encountered, 26 discovered, 0 enqueued
[67.839s][info][gc,reloc    ] GC(110) Small Pages: 245 / 490M, Empty: 2M, Relocated: 167M, In-Place: 0
[67.839s][info][gc,reloc    ] GC(110) Medium Pages: 0 / 0M, Empty: 0M, Relocated: 0M, In-Place: 0
[67.839s][info][gc,reloc    ] GC(110) Large Pages: 0 / 0M, Empty: 0M, Relocated: 0M, In-Place: 0
[67.839s][info][gc,reloc    ] GC(110) Forwarding Usage: 107M
[67.839s][info][gc,heap     ] GC(110) Min Capacity: 8M(1%)
[67.839s][info][gc,heap     ] GC(110) Max Capacity: 1024M(100%)
[67.839s][info][gc,heap     ] GC(110) Soft Max Capacity: 1024M(100%)
[67.839s][info][gc,heap     ] GC(110)                Mark Start          Mark End        Relocate Start      Relocate End           High               Low         
[67.839s][info][gc,heap     ] GC(110)  Capacity:     1024M (100%)       1024M (100%)       1024M (100%)       1024M (100%)       1024M (100%)       1024M (100%)   
[67.839s][info][gc,heap     ] GC(110)      Free:      534M (52%)         454M (44%)         418M (41%)         682M (67%)         682M (67%)         400M (39%)    
[67.839s][info][gc,heap     ] GC(110)      Used:      490M (48%)         570M (56%)         606M (59%)         342M (33%)         624M (61%)         342M (33%)    
[67.839s][info][gc,heap     ] GC(110)      Live:         -               181M (18%)         181M (18%)         181M (18%)            -                  -          
[67.839s][info][gc,heap     ] GC(110) Allocated:         -                80M (8%)          118M (12%)         142M (14%)            -                  -          
[67.839s][info][gc,heap     ] GC(110)   Garbage:         -               308M (30%)         306M (30%)          18M (2%)             -                  -          
[67.839s][info][gc,heap     ] GC(110) Reclaimed:         -                  -                 2M (0%)          290M (28%)            -                  -          
[67.839s][info][gc          ] GC(110) Garbage Collection (Allocation Rate) 490M(48%)->342M(33%)
[67.910s][info][gc,start    ] GC(111) Garbage Collection (Allocation Rate)
[67.910s][info][gc,task     ] GC(111) Using 10 workers
[67.910s][info][gc,phases   ] GC(111) Pause Mark Start 0.015ms
[68.051s][info][gc,phases   ] GC(111) Concurrent Mark 140.207ms
[68.051s][info][gc,phases   ] GC(111) Pause Mark End 0.018ms
[68.051s][info][gc,phases   ] GC(111) Concurrent Mark Free 0.001ms
[68.051s][info][gc,phases   ] GC(111) Concurrent Process Non-Strong References 0.405ms
[68.051s][info][gc,phases   ] GC(111) Concurrent Reset Relocation Set 0.042ms
[68.069s][info][gc,phases   ] GC(111) Concurrent Select Relocation Set 17.249ms
[68.069s][info][gc,phases   ] GC(111) Pause Relocate Start 0.015ms
[68.096s][info][gc,phases   ] GC(111) Concurrent Relocate 27.129ms
[68.096s][info][gc,load     ] GC(111) Load: 0.00/0.00/0.00
[68.096s][info][gc,mmu      ] GC(111) MMU: 2ms/95.8%, 5ms/98.3%, 10ms/99.2%, 20ms/99.6%, 50ms/99.8%, 100ms/99.9%
[68.096s][info][gc,marking  ] GC(111) Mark: 8 stripe(s), 2 proactive flush(es), 1 terminate flush(es), 0 completion(s), 0 continuation(s) 
[68.096s][info][gc,marking  ] GC(111) Mark Stack Usage: 32M
[68.096s][info][gc,nmethod  ] GC(111) NMethods: 690 registered, 14 unregistered
[68.096s][info][gc,metaspace] GC(111) Metaspace: 16M used, 16M committed, 1088M reserved
[68.096s][info][gc,ref      ] GC(111) Soft: 171 encountered, 0 discovered, 0 enqueued
[68.096s][info][gc,ref      ] GC(111) Weak: 964 encountered, 340 discovered, 0 enqueued
[68.096s][info][gc,ref      ] GC(111) Final: 0 encountered, 0 discovered, 0 enqueued
[68.096s][info][gc,ref      ] GC(111) Phantom: 35 encountered, 27 discovered, 0 enqueued
[68.096s][info][gc,reloc    ] GC(111) Small Pages: 212 / 424M, Empty: 0M, Relocated: 90M, In-Place: 0
[68.096s][info][gc,reloc    ] GC(111) Medium Pages: 0 / 0M, Empty: 0M, Relocated: 0M, In-Place: 0
[68.096s][info][gc,reloc    ] GC(111) Large Pages: 0 / 0M, Empty: 0M, Relocated: 0M, In-Place: 0
[68.096s][info][gc,reloc    ] GC(111) Forwarding Usage: 50M
[68.096s][info][gc,heap     ] GC(111) Min Capacity: 8M(1%)
[68.096s][info][gc,heap     ] GC(111) Max Capacity: 1024M(100%)
[68.096s][info][gc,heap     ] GC(111) Soft Max Capacity: 1024M(100%)
[68.096s][info][gc,heap     ] GC(111)                Mark Start          Mark End        Relocate Start      Relocate End           High               Low         
[68.096s][info][gc,heap     ] GC(111)  Capacity:     1024M (100%)       1024M (100%)       1024M (100%)       1024M (100%)       1024M (100%)       1024M (100%)   
[68.096s][info][gc,heap     ] GC(111)      Free:      600M (59%)         450M (44%)         426M (42%)         558M (54%)         600M (59%)         406M (40%)    
[68.096s][info][gc,heap     ] GC(111)      Used:      424M (41%)         574M (56%)         598M (58%)         466M (46%)         618M (60%)         424M (41%)    
[68.096s][info][gc,heap     ] GC(111)      Live:         -               260M (25%)         260M (25%)         260M (25%)            -                  -          
[68.096s][info][gc,heap     ] GC(111) Allocated:         -               150M (15%)         174M (17%)         193M (19%)            -                  -          
[68.096s][info][gc,heap     ] GC(111)   Garbage:         -               163M (16%)         163M (16%)          12M (1%)             -                  -          
[68.096s][info][gc,heap     ] GC(111) Reclaimed:         -                  -                 0M (0%)          151M (15%)            -                  -          
[68.096s][info][gc          ] GC(111) Garbage Collection (Allocation Rate) 424M(41%)->466M(46%)
[68.097s][info][gc,start    ] GC(112) Garbage Collection (Allocation Rate)
[68.097s][info][gc,task     ] GC(112) Using 10 workers
[68.097s][info][gc,phases   ] GC(112) Pause Mark Start 0.009ms
[68.222s][info][gc,phases   ] GC(112) Concurrent Mark 124.826ms
[68.223s][info][gc,phases   ] GC(112) Pause Mark End 0.017ms
[68.223s][info][gc,phases   ] GC(112) Concurrent Mark Free 0.001ms
[68.223s][info][gc,phases   ] GC(112) Concurrent Process Non-Strong References 0.375ms
[68.223s][info][gc,phases   ] GC(112) Concurrent Reset Relocation Set 0.019ms
[68.230s][info][gc,phases   ] GC(112) Concurrent Select Relocation Set 6.447ms
[68.230s][info][gc,phases   ] GC(112) Pause Relocate Start 0.008ms
[68.250s][info][gc,phases   ] GC(112) Concurrent Relocate 19.837ms
[68.250s][info][gc,load     ] GC(112) Load: 0.00/0.00/0.00
[68.250s][info][gc,mmu      ] GC(112) MMU: 2ms/95.8%, 5ms/98.3%, 10ms/99.2%, 20ms/99.6%, 50ms/99.8%, 100ms/99.9%
[68.250s][info][gc,marking  ] GC(112) Mark: 8 stripe(s), 2 proactive flush(es), 1 terminate flush(es), 0 completion(s), 0 continuation(s) 
[68.250s][info][gc,marking  ] GC(112) Mark Stack Usage: 32M
[68.250s][info][gc,nmethod  ] GC(112) NMethods: 690 registered, 14 unregistered
[68.250s][info][gc,metaspace] GC(112) Metaspace: 16M used, 16M committed, 1088M reserved
[68.250s][info][gc,ref      ] GC(112) Soft: 171 encountered, 0 discovered, 0 enqueued
[68.250s][info][gc,ref      ] GC(112) Weak: 964 encountered, 335 discovered, 0 enqueued
[68.250s][info][gc,ref      ] GC(112) Final: 0 encountered, 0 discovered, 0 enqueued
[68.250s][info][gc,ref      ] GC(112) Phantom: 35 encountered, 30 discovered, 0 enqueued
[68.250s][info][gc,reloc    ] GC(112) Small Pages: 234 / 468M, Empty: 0M, Relocated: 76M, In-Place: 0
[68.250s][info][gc,reloc    ] GC(112) Medium Pages: 0 / 0M, Empty: 0M, Relocated: 0M, In-Place: 0
[68.250s][info][gc,reloc    ] GC(112) Large Pages: 0 / 0M, Empty: 0M, Relocated: 0M, In-Place: 0
[68.250s][info][gc,reloc    ] GC(112) Forwarding Usage: 44M
[68.250s][info][gc,heap     ] GC(112) Min Capacity: 8M(1%)
[68.250s][info][gc,heap     ] GC(112) Max Capacity: 1024M(100%)
[68.250s][info][gc,heap     ] GC(112) Soft Max Capacity: 1024M(100%)
[68.250s][info][gc,heap     ] GC(112)                Mark Start          Mark End        Relocate Start      Relocate End           High               Low         
[68.250s][info][gc,heap     ] GC(112)  Capacity:     1024M (100%)       1024M (100%)       1024M (100%)       1024M (100%)       1024M (100%)       1024M (100%)   
[68.250s][info][gc,heap     ] GC(112)      Free:      556M (54%)         430M (42%)         420M (41%)         526M (51%)         556M (54%)         400M (39%)    
[68.250s][info][gc,heap     ] GC(112)      Used:      468M (46%)         594M (58%)         604M (59%)         498M (49%)         624M (61%)         468M (46%)    
[68.250s][info][gc,heap     ] GC(112)      Live:         -               329M (32%)         329M (32%)         329M (32%)            -                  -          
[68.250s][info][gc,heap     ] GC(112) Allocated:         -               126M (12%)         136M (13%)         149M (15%)            -                  -          
[68.250s][info][gc,heap     ] GC(112)   Garbage:         -               138M (14%)         138M (14%)          19M (2%)             -                  -          
[68.250s][info][gc,heap     ] GC(112) Reclaimed:         -                  -                 0M (0%)          119M (12%)            -                  -          
[68.250s][info][gc          ] GC(112) Garbage Collection (Allocation Rate) 468M(46%)->498M(49%)
[68.301s][info][gc,start    ] GC(113) Garbage Collection (Allocation Rate)
[68.301s][info][gc,task     ] GC(113) Using 10 workers
[68.301s][info][gc,phases   ] GC(113) Pause Mark Start 0.016ms
[68.463s][info][gc,phases   ] GC(113) Concurrent Mark 162.298ms
[68.463s][info][gc,phases   ] GC(113) Pause Mark End 0.020ms
[68.463s][info][gc,phases   ] GC(113) Concurrent Mark Free 0.002ms
[68.464s][info][gc,phases   ] GC(113) Concurrent Process Non-Strong References 0.364ms
[68.464s][info][gc,phases   ] GC(113) Concurrent Reset Relocation Set 0.018ms
[68.515s][info][gc,phases   ] GC(113) Concurrent Select Relocation Set 50.845ms
[68.515s][info][gc,phases   ] GC(113) Pause Relocate Start 0.013ms
[68.544s][info][gc,phases   ] GC(113) Concurrent Relocate 29.320ms
[68.544s][info][gc,load     ] GC(113) Load: 0.00/0.00/0.00
[68.544s][info][gc,mmu      ] GC(113) MMU: 2ms/95.8%, 5ms/98.3%, 10ms/99.2%, 20ms/99.6%, 50ms/99.8%, 100ms/99.9%
[68.544s][info][gc,marking  ] GC(113) Mark: 8 stripe(s), 2 proactive flush(es), 1 terminate flush(es), 0 completion(s), 0 continuation(s) 
[68.544s][info][gc,marking  ] GC(113) Mark Stack Usage: 32M
[68.545s][info][gc,nmethod  ] GC(113) NMethods: 690 registered, 14 unregistered
[68.545s][info][gc,metaspace] GC(113) Metaspace: 16M used, 16M committed, 1088M reserved
[68.545s][info][gc,ref      ] GC(113) Soft: 171 encountered, 0 discovered, 0 enqueued
[68.545s][info][gc,ref      ] GC(113) Weak: 964 encountered, 263 discovered, 0 enqueued
[68.545s][info][gc,ref      ] GC(113) Final: 0 encountered, 0 discovered, 0 enqueued
[68.545s][info][gc,ref      ] GC(113) Phantom: 35 encountered, 27 discovered, 0 enqueued
[68.545s][info][gc,reloc    ] GC(113) Small Pages: 278 / 556M, Empty: 0M, Relocated: 80M, In-Place: 0
[68.545s][info][gc,reloc    ] GC(113) Medium Pages: 0 / 0M, Empty: 0M, Relocated: 0M, In-Place: 0
[68.545s][info][gc,reloc    ] GC(113) Large Pages: 0 / 0M, Empty: 0M, Relocated: 0M, In-Place: 0
[68.545s][info][gc,reloc    ] GC(113) Forwarding Usage: 44M
[68.545s][info][gc,heap     ] GC(113) Min Capacity: 8M(1%)
[68.545s][info][gc,heap     ] GC(113) Max Capacity: 1024M(100%)
[68.545s][info][gc,heap     ] GC(113) Soft Max Capacity: 1024M(100%)
[68.545s][info][gc,heap     ] GC(113)                Mark Start          Mark End        Relocate Start      Relocate End           High               Low         
[68.545s][info][gc,heap     ] GC(113)  Capacity:     1024M (100%)       1024M (100%)       1024M (100%)       1024M (100%)       1024M (100%)       1024M (100%)   
[68.545s][info][gc,heap     ] GC(113)      Free:      468M (46%)         306M (30%)         246M (24%)         342M (33%)         468M (46%)         226M (22%)    
[68.545s][info][gc,heap     ] GC(113)      Used:      556M (54%)         718M (70%)         778M (76%)         682M (67%)         798M (78%)         556M (54%)    
[68.545s][info][gc,heap     ] GC(113)      Live:         -               401M (39%)         401M (39%)         401M (39%)            -                  -          
[68.545s][info][gc,heap     ] GC(113) Allocated:         -               162M (16%)         222M (22%)         245M (24%)            -                  -          
[68.545s][info][gc,heap     ] GC(113)   Garbage:         -               154M (15%)         154M (15%)          35M (3%)             -                  -          
[68.545s][info][gc,heap     ] GC(113) Reclaimed:         -                  -                 0M (0%)          119M (12%)            -                  -          
[68.545s][info][gc          ] GC(113) Garbage Collection (Allocation Rate) 556M(54%)->682M(67%)
[68.604s][info][gc,start    ] GC(114) Garbage Collection (Allocation Rate)
[68.604s][info][gc,task     ] GC(114) Using 10 workers
[68.604s][info][gc,phases   ] GC(114) Pause Mark Start 0.016ms
[68.807s][info][gc,phases   ] GC(114) Concurrent Mark 202.777ms
[68.807s][info][gc,phases   ] GC(114) Pause Mark End 0.014ms
[68.807s][info][gc,phases   ] GC(114) Concurrent Mark Free 0.001ms
[68.807s][info][gc,phases   ] GC(114) Concurrent Process Non-Strong References 0.361ms
[68.807s][info][gc,phases   ] GC(114) Concurrent Reset Relocation Set 0.020ms
[68.859s][info][gc,phases   ] GC(114) Concurrent Select Relocation Set 51.485ms
[68.859s][info][gc,phases   ] GC(114) Pause Relocate Start 0.013ms
[68.896s][info][gc,phases   ] GC(114) Concurrent Relocate 36.808ms
[68.896s][info][gc,load     ] GC(114) Load: 0.00/0.00/0.00
[68.896s][info][gc,mmu      ] GC(114) MMU: 2ms/95.8%, 5ms/98.3%, 10ms/99.2%, 20ms/99.6%, 50ms/99.8%, 100ms/99.9%
[68.896s][info][gc,marking  ] GC(114) Mark: 8 stripe(s), 2 proactive flush(es), 1 terminate flush(es), 0 completion(s), 0 continuation(s) 
[68.896s][info][gc,marking  ] GC(114) Mark Stack Usage: 32M
[68.896s][info][gc,nmethod  ] GC(114) NMethods: 690 registered, 14 unregistered
[68.896s][info][gc,metaspace] GC(114) Metaspace: 16M used, 16M committed, 1088M reserved
[68.896s][info][gc,ref      ] GC(114) Soft: 171 encountered, 0 discovered, 0 enqueued
[68.896s][info][gc,ref      ] GC(114) Weak: 964 encountered, 107 discovered, 0 enqueued
[68.896s][info][gc,ref      ] GC(114) Final: 0 encountered, 0 discovered, 0 enqueued
[68.896s][info][gc,ref      ] GC(114) Phantom: 35 encountered, 23 discovered, 0 enqueued
[68.896s][info][gc,reloc    ] GC(114) Small Pages: 375 / 750M, Empty: 0M, Relocated: 124M, In-Place: 0
[68.896s][info][gc,reloc    ] GC(114) Medium Pages: 0 / 0M, Empty: 0M, Relocated: 0M, In-Place: 0
[68.896s][info][gc,reloc    ] GC(114) Large Pages: 0 / 0M, Empty: 0M, Relocated: 0M, In-Place: 0
[68.896s][info][gc,reloc    ] GC(114) Forwarding Usage: 58M
[68.896s][info][gc,heap     ] GC(114) Min Capacity: 8M(1%)
[68.897s][info][gc,heap     ] GC(114) Max Capacity: 1024M(100%)
[68.897s][info][gc,heap     ] GC(114) Soft Max Capacity: 1024M(100%)
[68.897s][info][gc,heap     ] GC(114)                Mark Start          Mark End        Relocate Start      Relocate End           High               Low         
[68.897s][info][gc,heap     ] GC(114)  Capacity:     1024M (100%)       1024M (100%)       1024M (100%)       1024M (100%)       1024M (100%)       1024M (100%)   
[68.897s][info][gc,heap     ] GC(114)      Free:      274M (27%)         114M (11%)          70M (7%)          270M (26%)         274M (27%)          54M (5%)     
[68.897s][info][gc,heap     ] GC(114)      Used:      750M (73%)         910M (89%)         954M (93%)         754M (74%)         970M (95%)         750M (73%)    
[68.897s][info][gc,heap     ] GC(114)      Live:         -               509M (50%)         509M (50%)         509M (50%)            -                  -          
[68.897s][info][gc,heap     ] GC(114) Allocated:         -               160M (16%)         204M (20%)         216M (21%)            -                  -          
[68.897s][info][gc,heap     ] GC(114)   Garbage:         -               240M (23%)         240M (23%)          27M (3%)             -                  -          
[68.897s][info][gc,heap     ] GC(114) Reclaimed:         -                  -                 0M (0%)          212M (21%)            -                  -          
[68.897s][info][gc          ] GC(114) Garbage Collection (Allocation Rate) 750M(73%)->754M(74%)
[68.901s][info][gc,start    ] GC(115) Garbage Collection (Allocation Rate)
[68.901s][info][gc,task     ] GC(115) Using 10 workers
[68.901s][info][gc,phases   ] GC(115) Pause Mark Start 0.010ms
[69.119s][info][gc,phases   ] GC(115) Concurrent Mark 218.456ms
[69.119s][info][gc,phases   ] GC(115) Pause Mark End 0.016ms
[69.119s][info][gc,phases   ] GC(115) Concurrent Mark Free 0.001ms
[69.120s][info][gc,phases   ] GC(115) Concurrent Process Non-Strong References 0.373ms
[69.120s][info][gc,phases   ] GC(115) Concurrent Reset Relocation Set 0.030ms
[69.129s][info][gc,phases   ] GC(115) Concurrent Select Relocation Set 8.722ms
[69.129s][info][gc,phases   ] GC(115) Pause Relocate Start 0.010ms
[69.151s][info][gc,phases   ] GC(115) Concurrent Relocate 22.001ms
[69.151s][info][gc,load     ] GC(115) Load: 0.00/0.00/0.00
[69.151s][info][gc,mmu      ] GC(115) MMU: 2ms/95.8%, 5ms/98.3%, 10ms/99.2%, 20ms/99.6%, 50ms/99.8%, 100ms/99.9%
[69.151s][info][gc,marking  ] GC(115) Mark: 8 stripe(s), 2 proactive flush(es), 1 terminate flush(es), 0 completion(s), 0 continuation(s) 
[69.151s][info][gc,marking  ] GC(115) Mark Stack Usage: 32M
[69.151s][info][gc,nmethod  ] GC(115) NMethods: 690 registered, 14 unregistered
[69.151s][info][gc,metaspace] GC(115) Metaspace: 16M used, 16M committed, 1088M reserved
[69.151s][info][gc,ref      ] GC(115) Soft: 171 encountered, 0 discovered, 0 enqueued
[69.151s][info][gc,ref      ] GC(115) Weak: 964 encountered, 150 discovered, 0 enqueued
[69.151s][info][gc,ref      ] GC(115) Final: 0 encountered, 0 discovered, 0 enqueued
[69.151s][info][gc,ref      ] GC(115) Phantom: 35 encountered, 29 discovered, 0 enqueued
[69.151s][info][gc,reloc    ] GC(115) Small Pages: 375 / 750M, Empty: 0M, Relocated: 61M, In-Place: 0
[69.151s][info][gc,reloc    ] GC(115) Medium Pages: 0 / 0M, Empty: 0M, Relocated: 0M, In-Place: 0
[69.151s][info][gc,reloc    ] GC(115) Large Pages: 1 / 6M, Empty: 0M, Relocated: 0M, In-Place: 0
[69.151s][info][gc,reloc    ] GC(115) Forwarding Usage: 35M
[69.151s][info][gc,heap     ] GC(115) Min Capacity: 8M(1%)
[69.151s][info][gc,heap     ] GC(115) Max Capacity: 1024M(100%)
[69.151s][info][gc,heap     ] GC(115) Soft Max Capacity: 1024M(100%)
[69.151s][info][gc,heap     ] GC(115)                Mark Start          Mark End        Relocate Start      Relocate End           High               Low         
[69.151s][info][gc,heap     ] GC(115)  Capacity:     1024M (100%)       1024M (100%)       1024M (100%)       1024M (100%)       1024M (100%)       1024M (100%)   
[69.151s][info][gc,heap     ] GC(115)      Free:      268M (26%)         232M (23%)         230M (22%)         318M (31%)         318M (31%)         210M (21%)    
[69.151s][info][gc,heap     ] GC(115)      Used:      756M (74%)         792M (77%)         794M (78%)         706M (69%)         814M (79%)         706M (69%)    
[69.151s][info][gc,heap     ] GC(115)      Live:         -               606M (59%)         606M (59%)         606M (59%)            -                  -          
[69.151s][info][gc,heap     ] GC(115) Allocated:         -                36M (4%)           38M (4%)           38M (4%)             -                  -          
[69.151s][info][gc,heap     ] GC(115)   Garbage:         -               149M (15%)         149M (15%)          61M (6%)             -                  -          
[69.152s][info][gc,heap     ] GC(115) Reclaimed:         -                  -                 0M (0%)           88M (9%)             -                  -          
[69.152s][info][gc          ] GC(115) Garbage Collection (Allocation Rate) 756M(74%)->706M(69%)
[69.197s][info][gc,start    ] GC(116) Garbage Collection (Allocation Rate)
[69.197s][info][gc,task     ] GC(116) Using 10 workers
[69.198s][info][gc,phases   ] GC(116) Pause Mark Start 0.015ms
[69.447s][info][gc,phases   ] GC(116) Concurrent Mark 249.632ms
[69.447s][info][gc,phases   ] GC(116) Pause Mark End 0.018ms
[69.448s][info][gc,phases   ] GC(116) Concurrent Mark Free 0.001ms
[69.448s][info][gc,phases   ] GC(116) Concurrent Process Non-Strong References 0.471ms
[69.448s][info][gc,phases   ] GC(116) Concurrent Reset Relocation Set 0.014ms
[69.460s][info][gc,phases   ] GC(116) Concurrent Select Relocation Set 12.214ms
[69.460s][info][gc,phases   ] GC(116) Pause Relocate Start 0.006ms
[69.466s][info][gc,phases   ] GC(116) Concurrent Relocate 5.403ms
[69.466s][info][gc,load     ] GC(116) Load: 0.00/0.00/0.00
[69.466s][info][gc,mmu      ] GC(116) MMU: 2ms/95.8%, 5ms/98.3%, 10ms/99.2%, 20ms/99.6%, 50ms/99.8%, 100ms/99.9%
[69.466s][info][gc,marking  ] GC(116) Mark: 8 stripe(s), 3 proactive flush(es), 1 terminate flush(es), 0 completion(s), 0 continuation(s) 
[69.466s][info][gc,marking  ] GC(116) Mark Stack Usage: 32M
[69.466s][info][gc,nmethod  ] GC(116) NMethods: 689 registered, 15 unregistered
[69.466s][info][gc,metaspace] GC(116) Metaspace: 16M used, 16M committed, 1088M reserved
[69.466s][info][gc,ref      ] GC(116) Soft: 171 encountered, 0 discovered, 0 enqueued
[69.466s][info][gc,ref      ] GC(116) Weak: 967 encountered, 101 discovered, 1 enqueued
[69.466s][info][gc,ref      ] GC(116) Final: 0 encountered, 0 discovered, 0 enqueued
[69.466s][info][gc,ref      ] GC(116) Phantom: 35 encountered, 26 discovered, 0 enqueued
[69.466s][info][gc,reloc    ] GC(116) Small Pages: 349 / 698M, Empty: 0M, Relocated: 10M, In-Place: 0
[69.466s][info][gc,reloc    ] GC(116) Medium Pages: 0 / 0M, Empty: 0M, Relocated: 0M, In-Place: 0
[69.466s][info][gc,reloc    ] GC(116) Large Pages: 2 / 12M, Empty: 0M, Relocated: 0M, In-Place: 0
[69.466s][info][gc,reloc    ] GC(116) Forwarding Usage: 4M
[69.466s][info][gc,heap     ] GC(116) Min Capacity: 8M(1%)
[69.466s][info][gc,heap     ] GC(116) Max Capacity: 1024M(100%)
[69.466s][info][gc,heap     ] GC(116) Soft Max Capacity: 1024M(100%)
[69.466s][info][gc,heap     ] GC(116)                Mark Start          Mark End        Relocate Start      Relocate End           High               Low         
[69.466s][info][gc,heap     ] GC(116)  Capacity:     1024M (100%)       1024M (100%)       1024M (100%)       1024M (100%)       1024M (100%)       1024M (100%)   
[69.466s][info][gc,heap     ] GC(116)      Free:      314M (31%)         238M (23%)         226M (22%)         234M (23%)         314M (31%)         208M (20%)    
[69.467s][info][gc,heap     ] GC(116)      Used:      710M (69%)         786M (77%)         798M (78%)         790M (77%)         816M (80%)         710M (69%)    
[69.467s][info][gc,heap     ] GC(116)      Live:         -               632M (62%)         632M (62%)         632M (62%)            -                  -          
[69.467s][info][gc,heap     ] GC(116) Allocated:         -                76M (7%)           88M (9%)           89M (9%)             -                  -          
[69.467s][info][gc,heap     ] GC(116)   Garbage:         -                77M (8%)           77M (8%)           67M (7%)             -                  -          
[69.467s][info][gc,heap     ] GC(116) Reclaimed:         -                  -                 0M (0%)            9M (1%)             -                  -          
[69.467s][info][gc          ] GC(116) Garbage Collection (Allocation Rate) 710M(69%)->790M(77%)
[69.510s][info][gc,start    ] GC(117) Garbage Collection (Allocation Rate)
[69.510s][info][gc,task     ] GC(117) Using 10 workers
[69.510s][info][gc,phases   ] GC(117) Pause Mark Start 0.011ms
[69.752s][info][gc,phases   ] GC(117) Concurrent Mark 241.522ms
[69.752s][info][gc,phases   ] GC(117) Pause Mark End 0.025ms
[69.752s][info][gc,phases   ] GC(117) Concurrent Mark Free 0.002ms
[69.752s][info][gc,phases   ] GC(117) Concurrent Process Non-Strong References 0.532ms
[69.753s][info][gc,phases   ] GC(117) Concurrent Reset Relocation Set 0.003ms
[69.756s][info][gc,phases   ] GC(117) Concurrent Select Relocation Set 3.942ms
[69.757s][info][gc,phases   ] GC(117) Pause Relocate Start 0.006ms
[69.763s][info][gc,phases   ] GC(117) Concurrent Relocate 6.667ms
[69.763s][info][gc,load     ] GC(117) Load: 0.00/0.00/0.00
[69.763s][info][gc,mmu      ] GC(117) MMU: 2ms/95.8%, 5ms/98.3%, 10ms/99.2%, 20ms/99.6%, 50ms/99.8%, 100ms/99.9%
[69.763s][info][gc,marking  ] GC(117) Mark: 8 stripe(s), 4 proactive flush(es), 1 terminate flush(es), 0 completion(s), 0 continuation(s) 
[69.764s][info][gc,marking  ] GC(117) Mark Stack Usage: 32M
[69.764s][info][gc,nmethod  ] GC(117) NMethods: 689 registered, 15 unregistered
[69.764s][info][gc,metaspace] GC(117) Metaspace: 16M used, 16M committed, 1088M reserved
[69.764s][info][gc,ref      ] GC(117) Soft: 171 encountered, 0 discovered, 0 enqueued
[69.764s][info][gc,ref      ] GC(117) Weak: 966 encountered, 215 discovered, 0 enqueued
[69.764s][info][gc,ref      ] GC(117) Final: 0 encountered, 0 discovered, 0 enqueued
[69.764s][info][gc,ref      ] GC(117) Phantom: 35 encountered, 22 discovered, 0 enqueued
[69.764s][info][gc,reloc    ] GC(117) Small Pages: 407 / 814M, Empty: 10M, Relocated: 10M, In-Place: 0
[69.764s][info][gc,reloc    ] GC(117) Medium Pages: 0 / 0M, Empty: 0M, Relocated: 0M, In-Place: 0
[69.764s][info][gc,reloc    ] GC(117) Large Pages: 2 / 12M, Empty: 6M, Relocated: 0M, In-Place: 0
[69.764s][info][gc,reloc    ] GC(117) Forwarding Usage: 3M
[69.764s][info][gc,heap     ] GC(117) Min Capacity: 8M(1%)
[69.764s][info][gc,heap     ] GC(117) Max Capacity: 1024M(100%)
[69.764s][info][gc,heap     ] GC(117) Soft Max Capacity: 1024M(100%)
[69.764s][info][gc,heap     ] GC(117)                Mark Start          Mark End        Relocate Start      Relocate End           High               Low         
[69.764s][info][gc,heap     ] GC(117)  Capacity:     1024M (100%)       1024M (100%)       1024M (100%)       1024M (100%)       1024M (100%)       1024M (100%)   
[69.764s][info][gc,heap     ] GC(117)      Free:      198M (19%)          40M (4%)           52M (5%)          172M (17%)         198M (19%)          34M (3%)     
[69.764s][info][gc,heap     ] GC(117)      Used:      826M (81%)         984M (96%)         972M (95%)         852M (83%)         990M (97%)         826M (81%)    
[69.764s][info][gc,heap     ] GC(117)      Live:         -               610M (60%)         610M (60%)         610M (60%)            -                  -          
[69.764s][info][gc,heap     ] GC(117) Allocated:         -               158M (15%)         162M (16%)         163M (16%)            -                  -          
[69.764s][info][gc,heap     ] GC(117)   Garbage:         -               215M (21%)         199M (19%)          77M (8%)             -                  -          
[69.764s][info][gc,heap     ] GC(117) Reclaimed:         -                  -                16M (2%)          137M (13%)            -                  -          
[69.764s][info][gc          ] GC(117) Garbage Collection (Allocation Rate) 826M(81%)->852M(83%)
[69.798s][info][gc,start    ] GC(118) Garbage Collection (Allocation Rate)
[69.799s][info][gc,task     ] GC(118) Using 10 workers
[69.799s][info][gc,phases   ] GC(118) Pause Mark Start 0.015ms
[69.970s][info][gc,phases   ] GC(118) Concurrent Mark 171.505ms
[69.970s][info][gc,phases   ] GC(118) Pause Mark End 0.014ms
[69.970s][info][gc,phases   ] GC(118) Concurrent Mark Free 0.001ms
[69.971s][info][gc,phases   ] GC(118) Concurrent Process Non-Strong References 0.318ms
[69.971s][info][gc,phases   ] GC(118) Concurrent Reset Relocation Set 0.009ms
[69.978s][info][gc,phases   ] GC(118) Concurrent Select Relocation Set 7.039ms
[69.978s][info][gc,phases   ] GC(118) Pause Relocate Start 0.004ms
[69.984s][info][gc,phases   ] GC(118) Concurrent Relocate 5.886ms
[69.984s][info][gc,load     ] GC(118) Load: 0.00/0.00/0.00
[69.984s][info][gc,mmu      ] GC(118) MMU: 2ms/95.8%, 5ms/98.3%, 10ms/99.2%, 20ms/99.6%, 50ms/99.8%, 100ms/99.9%
[69.984s][info][gc,marking  ] GC(118) Mark: 8 stripe(s), 2 proactive flush(es), 1 terminate flush(es), 0 completion(s), 0 continuation(s) 
[69.984s][info][gc,marking  ] GC(118) Mark Stack Usage: 32M
[69.984s][info][gc,nmethod  ] GC(118) NMethods: 689 registered, 15 unregistered
[69.984s][info][gc,metaspace] GC(118) Metaspace: 16M used, 16M committed, 1088M reserved
[69.984s][info][gc,ref      ] GC(118) Soft: 171 encountered, 0 discovered, 0 enqueued
[69.984s][info][gc,ref      ] GC(118) Weak: 966 encountered, 138 discovered, 0 enqueued
[69.984s][info][gc,ref      ] GC(118) Final: 0 encountered, 0 discovered, 0 enqueued
[69.984s][info][gc,ref      ] GC(118) Phantom: 35 encountered, 27 discovered, 0 enqueued
[69.984s][info][gc,reloc    ] GC(118) Small Pages: 436 / 872M, Empty: 16M, Relocated: 11M, In-Place: 0
[69.984s][info][gc,reloc    ] GC(118) Medium Pages: 0 / 0M, Empty: 0M, Relocated: 0M, In-Place: 0
[69.984s][info][gc,reloc    ] GC(118) Large Pages: 1 / 6M, Empty: 0M, Relocated: 0M, In-Place: 0
[69.984s][info][gc,reloc    ] GC(118) Forwarding Usage: 5M
[69.984s][info][gc,heap     ] GC(118) Min Capacity: 8M(1%)
[69.984s][info][gc,heap     ] GC(118) Max Capacity: 1024M(100%)
[69.984s][info][gc,heap     ] GC(118) Soft Max Capacity: 1024M(100%)
[69.984s][info][gc,heap     ] GC(118)                Mark Start          Mark End        Relocate Start      Relocate End           High               Low         
[69.984s][info][gc,heap     ] GC(118)  Capacity:     1024M (100%)       1024M (100%)       1024M (100%)       1024M (100%)       1024M (100%)       1024M (100%)   
[69.984s][info][gc,heap     ] GC(118)      Free:      146M (14%)          44M (4%)           52M (5%)          242M (24%)         242M (24%)          32M (3%)     
[69.984s][info][gc,heap     ] GC(118)      Used:      878M (86%)         980M (96%)         972M (95%)         782M (76%)         992M (97%)         782M (76%)    
[69.984s][info][gc,heap     ] GC(118)      Live:         -               583M (57%)         583M (57%)         583M (57%)            -                  -          
[69.984s][info][gc,heap     ] GC(118) Allocated:         -               102M (10%)         110M (11%)         113M (11%)            -                  -          
[69.984s][info][gc,heap     ] GC(118)   Garbage:         -               294M (29%)         278M (27%)          84M (8%)             -                  -          
[69.984s][info][gc,heap     ] GC(118) Reclaimed:         -                  -                16M (2%)          209M (21%)            -                  -          
[69.984s][info][gc          ] GC(118) Garbage Collection (Allocation Rate) 878M(86%)->782M(76%)
[70.002s][info][gc,start    ] GC(119) Garbage Collection (Allocation Rate)
[70.002s][info][gc,task     ] GC(119) Using 10 workers
[70.002s][info][gc,phases   ] GC(119) Pause Mark Start 0.011ms
[70.111s][info][gc,stats    ] === Garbage Collection Statistics =======================================================================================================================
[70.111s][info][gc,stats    ]                                                              Last 10s              Last 10m              Last 10h                Total
[70.111s][info][gc,stats    ]                                                              Avg / Max             Avg / Max             Avg / Max             Avg / Max
[70.111s][info][gc,stats    ]   Collector: Garbage Collection Cycle                    184.594 / 292.376     140.914 / 299.601     140.914 / 299.601     140.914 / 299.601     ms
[70.111s][info][gc,stats    ]  Contention: Mark Segment Reset Contention                     7 / 31                7 / 32                7 / 32                7 / 32          ops/s
[70.111s][info][gc,stats    ]  Contention: Mark SeqNum Reset Contention                      0 / 3                 0 / 6                 0 / 6                 0 / 6           ops/s
[70.111s][info][gc,stats    ]    Critical: Allocation Stall                                  0 / 0                13 / 308              13 / 308              13 / 308         ops/s
[70.111s][info][gc,stats    ]    Critical: Allocation Stall                              0.000 / 0.000        10.194 / 31.418       10.194 / 31.418       10.194 / 31.418      ms
[70.111s][info][gc,stats    ]    Critical: GC Locker Stall                                   0 / 0                 0 / 0                 0 / 0                 0 / 0           ops/s
[70.111s][info][gc,stats    ]    Critical: GC Locker Stall                               0.000 / 0.000         0.000 / 0.000         0.000 / 0.000         0.000 / 0.000       ms
[70.111s][info][gc,stats    ]    Critical: Relocation Stall                                  0 / 0                 0 / 0                 0 / 0                 0 / 0           ops/s
[70.111s][info][gc,stats    ]    Critical: Relocation Stall                              0.000 / 0.000         0.000 / 0.000         0.000 / 0.000         0.000 / 0.000       ms
[70.111s][info][gc,stats    ]      Memory: Allocation Rate                                 234 / 862             562 / 6154            562 / 6154            562 / 6154        MB/s
[70.111s][info][gc,stats    ]      Memory: Defragment                                        2 / 11                2 / 29                2 / 29                2 / 29          ops/s
[70.111s][info][gc,stats    ]      Memory: Out Of Memory                                     0 / 0                 0 / 0                 0 / 0                 0 / 0           ops/s
[70.112s][info][gc,stats    ]      Memory: Page Cache Flush                                  9 / 54               10 / 122              10 / 122              10 / 122         MB/s
[70.112s][info][gc,stats    ]      Memory: Page Cache Hit L1                               164 / 569             309 / 3072            309 / 3072            309 / 3072        ops/s
[70.112s][info][gc,stats    ]      Memory: Page Cache Hit L2                                 0 / 0                 0 / 0                 0 / 0                 0 / 0           ops/s
[70.112s][info][gc,stats    ]      Memory: Page Cache Hit L3                                 2 / 11                9 / 407               9 / 407               9 / 407         ops/s
[70.112s][info][gc,stats    ]      Memory: Page Cache Miss                                   0 / 1                 0 / 2                 0 / 2                 0 / 2           ops/s
[70.112s][info][gc,stats    ]      Memory: Uncommit                                          0 / 0                 0 / 0                 0 / 0                 0 / 0           MB/s
[70.112s][info][gc,stats    ]      Memory: Undo Object Allocation Failed                     1 / 11               37 / 647              37 / 647              37 / 647         ops/s
[70.112s][info][gc,stats    ]      Memory: Undo Object Allocation Succeeded                  0 / 6                 7 / 101               7 / 101               7 / 101         ops/s
[70.112s][info][gc,stats    ]      Memory: Undo Page Allocation                              1 / 11               48 / 892              48 / 892              48 / 892         ops/s
[70.112s][info][gc,stats    ]       Phase: Concurrent Mark                             144.936 / 249.632     103.842 / 249.632     103.842 / 249.632     103.842 / 249.632     ms
[70.112s][info][gc,stats    ]       Phase: Concurrent Mark Continue                      0.000 / 0.000         0.000 / 0.000         0.000 / 0.000         0.000 / 0.000       ms
[70.112s][info][gc,stats    ]       Phase: Concurrent Mark Free                          0.001 / 0.002         0.001 / 0.004         0.001 / 0.004         0.001 / 0.004       ms
[70.112s][info][gc,stats    ]       Phase: Concurrent Process Non-Strong References      0.449 / 0.739         1.403 / 15.033        1.403 / 15.033        1.403 / 15.033      ms
[70.112s][info][gc,stats    ]       Phase: Concurrent Relocate                          19.368 / 55.282       12.706 / 59.080       12.706 / 59.080       12.706 / 59.080      ms
[70.112s][info][gc,stats    ]       Phase: Concurrent Reset Relocation Set               0.017 / 0.052         0.014 / 0.066         0.014 / 0.066         0.014 / 0.066       ms
[70.112s][info][gc,stats    ]       Phase: Concurrent Select Relocation Set             18.933 / 51.485       12.726 / 58.503       12.726 / 58.503       12.726 / 58.503      ms
[70.112s][info][gc,stats    ]       Phase: Pause Mark End                                0.017 / 0.025         0.017 / 0.027         0.017 / 0.027         0.017 / 0.027       ms
[70.112s][info][gc,stats    ]       Phase: Pause Mark Start                              0.013 / 0.020         0.018 / 0.084         0.018 / 0.084         0.018 / 0.084       ms
[70.112s][info][gc,stats    ]       Phase: Pause Relocate Start                          0.009 / 0.015         0.008 / 0.025         0.008 / 0.025         0.008 / 0.025       ms
[70.112s][info][gc,stats    ]    Subphase: Concurrent Classes Purge                      0.009 / 0.032         0.107 / 5.672         0.107 / 5.672         0.107 / 5.672       ms
[70.112s][info][gc,stats    ]    Subphase: Concurrent Classes Unlink                     0.188 / 0.264         0.539 / 6.293         0.539 / 6.293         0.539 / 6.293       ms
[70.112s][info][gc,stats    ]    Subphase: Concurrent Mark                             142.904 / 248.331     101.742 / 248.331     101.742 / 248.331     101.742 / 248.331     ms
[70.112s][info][gc,stats    ]    Subphase: Concurrent Mark Try Flush                     0.066 / 0.124         1.301 / 31.490        1.301 / 31.490        1.301 / 31.490      ms
[70.112s][info][gc,stats    ]    Subphase: Concurrent Mark Try Terminate                 8.921 / 16.527        9.107 / 16.527        9.107 / 16.527        9.107 / 16.527      ms
[70.113s][info][gc,stats    ]    Subphase: Concurrent References Enqueue                 0.002 / 0.007         0.001 / 0.007         0.001 / 0.007         0.001 / 0.007       ms
[70.113s][info][gc,stats    ]    Subphase: Concurrent References Process                 0.039 / 0.078         0.036 / 0.210         0.036 / 0.210         0.036 / 0.210       ms
[70.113s][info][gc,stats    ]    Subphase: Concurrent Roots ClassLoaderDataGraph         0.036 / 0.399         0.049 / 1.028         0.049 / 1.028         0.049 / 1.028       ms
[70.113s][info][gc,stats    ]    Subphase: Concurrent Roots CodeCache                    0.000 / 0.000         0.000 / 0.000         0.000 / 0.000         0.000 / 0.000       ms
[70.113s][info][gc,stats    ]    Subphase: Concurrent Roots JavaThreads                  0.664 / 1.377         0.754 / 6.849         0.754 / 6.849         0.754 / 6.849       ms
[70.113s][info][gc,stats    ]    Subphase: Concurrent Roots OopStorageSet                0.012 / 0.035         0.018 / 0.682         0.018 / 0.682         0.018 / 0.682       ms
[70.113s][info][gc,stats    ]    Subphase: Concurrent Weak Roots OopStorageSet           0.104 / 0.206         0.100 / 0.309         0.100 / 0.309         0.100 / 0.309       ms
[70.113s][info][gc,stats    ]    Subphase: Pause Mark Try Complete                       0.000 / 0.000         0.000 / 0.000         0.000 / 0.000         0.000 / 0.000       ms
[70.113s][info][gc,stats    ]      System: Java Threads                                     62 / 63               63 / 74               63 / 74               63 / 74          threads
[70.113s][info][gc,stats    ] =========================================================================================================================================================
[70.150s][info][gc,phases   ] GC(119) Concurrent Mark 147.852ms
[70.150s][info][gc,phases   ] GC(119) Pause Mark End 0.015ms
[70.150s][info][gc,phases   ] GC(119) Concurrent Mark Free 0.001ms
[70.150s][info][gc,phases   ] GC(119) Concurrent Process Non-Strong References 0.366ms
[70.150s][info][gc,phases   ] GC(119) Concurrent Reset Relocation Set 0.019ms
[70.161s][info][gc,phases   ] GC(119) Concurrent Select Relocation Set 10.904ms
[70.161s][info][gc,phases   ] GC(119) Pause Relocate Start 0.009ms
[70.166s][info][gc,phases   ] GC(119) Concurrent Relocate 4.537ms
[70.166s][info][gc,load     ] GC(119) Load: 0.00/0.00/0.00
[70.166s][info][gc,mmu      ] GC(119) MMU: 2ms/95.8%, 5ms/98.3%, 10ms/99.2%, 20ms/99.6%, 50ms/99.8%, 100ms/99.9%
[70.166s][info][gc,marking  ] GC(119) Mark: 8 stripe(s), 2 proactive flush(es), 1 terminate flush(es), 0 completion(s), 0 continuation(s) 
[70.166s][info][gc,marking  ] GC(119) Mark Stack Usage: 32M
[70.166s][info][gc,nmethod  ] GC(119) NMethods: 689 registered, 15 unregistered
[70.166s][info][gc,metaspace] GC(119) Metaspace: 16M used, 16M committed, 1088M reserved
[70.166s][info][gc,ref      ] GC(119) Soft: 171 encountered, 0 discovered, 0 enqueued
[70.166s][info][gc,ref      ] GC(119) Weak: 966 encountered, 393 discovered, 0 enqueued
[70.166s][info][gc,ref      ] GC(119) Final: 0 encountered, 0 discovered, 0 enqueued
[70.166s][info][gc,ref      ] GC(119) Phantom: 35 encountered, 32 discovered, 0 enqueued
[70.166s][info][gc,reloc    ] GC(119) Small Pages: 394 / 788M, Empty: 8M, Relocated: 13M, In-Place: 0
[70.166s][info][gc,reloc    ] GC(119) Medium Pages: 0 / 0M, Empty: 0M, Relocated: 0M, In-Place: 0
[70.166s][info][gc,reloc    ] GC(119) Large Pages: 1 / 6M, Empty: 0M, Relocated: 0M, In-Place: 0
[70.166s][info][gc,reloc    ] GC(119) Forwarding Usage: 5M
[70.166s][info][gc,heap     ] GC(119) Min Capacity: 8M(1%)
[70.166s][info][gc,heap     ] GC(119) Max Capacity: 1024M(100%)
[70.166s][info][gc,heap     ] GC(119) Soft Max Capacity: 1024M(100%)
[70.166s][info][gc,heap     ] GC(119)                Mark Start          Mark End        Relocate Start      Relocate End           High               Low         
[70.166s][info][gc,heap     ] GC(119)  Capacity:     1024M (100%)       1024M (100%)       1024M (100%)       1024M (100%)       1024M (100%)       1024M (100%)   
[70.167s][info][gc,heap     ] GC(119)      Free:      230M (22%)         136M (13%)         132M (13%)         264M (26%)         264M (26%)         112M (11%)    
[70.167s][info][gc,heap     ] GC(119)      Used:      794M (78%)         888M (87%)         892M (87%)         760M (74%)         912M (89%)         760M (74%)    
[70.167s][info][gc,heap     ] GC(119)      Live:         -               565M (55%)         565M (55%)         565M (55%)            -                  -          
[70.167s][info][gc,heap     ] GC(119) Allocated:         -                94M (9%)          106M (10%)         107M (11%)            -                  -          
[70.167s][info][gc,heap     ] GC(119)   Garbage:         -               228M (22%)         220M (22%)          86M (8%)             -                  -          
[70.167s][info][gc,heap     ] GC(119) Reclaimed:         -                  -                 8M (1%)          141M (14%)            -                  -          
[70.167s][info][gc          ] GC(119) Garbage Collection (Allocation Rate) 794M(78%)->760M(74%)
[70.197s][info][gc,start    ] GC(120) Garbage Collection (Allocation Rate)
[70.197s][info][gc,task     ] GC(120) Using 10 workers
[70.197s][info][gc,phases   ] GC(120) Pause Mark Start 0.017ms
[70.353s][info][gc,phases   ] GC(120) Concurrent Mark 155.871ms
[70.353s][info][gc,phases   ] GC(120) Pause Mark End 0.015ms
[70.353s][info][gc,phases   ] GC(120) Concurrent Mark Free 0.001ms
[70.353s][info][gc,phases   ] GC(120) Concurrent Process Non-Strong References 0.360ms
[70.353s][info][gc,phases   ] GC(120) Concurrent Reset Relocation Set 0.015ms
[70.357s][info][gc,phases   ] GC(120) Concurrent Select Relocation Set 3.988ms
[70.357s][info][gc,phases   ] GC(120) Pause Relocate Start 0.004ms
[70.360s][info][gc,phases   ] GC(120) Concurrent Relocate 2.952ms
[70.361s][info][gc,load     ] GC(120) Load: 0.00/0.00/0.00
[70.361s][info][gc,mmu      ] GC(120) MMU: 2ms/95.8%, 5ms/98.3%, 10ms/99.2%, 20ms/99.6%, 50ms/99.8%, 100ms/99.9%
[70.361s][info][gc,marking  ] GC(120) Mark: 8 stripe(s), 3 proactive flush(es), 1 terminate flush(es), 0 completion(s), 0 continuation(s) 
[70.361s][info][gc,marking  ] GC(120) Mark Stack Usage: 32M
[70.361s][info][gc,nmethod  ] GC(120) NMethods: 689 registered, 15 unregistered
[70.361s][info][gc,metaspace] GC(120) Metaspace: 16M used, 16M committed, 1088M reserved
[70.361s][info][gc,ref      ] GC(120) Soft: 171 encountered, 0 discovered, 0 enqueued
[70.361s][info][gc,ref      ] GC(120) Weak: 966 encountered, 482 discovered, 0 enqueued
[70.361s][info][gc,ref      ] GC(120) Final: 0 encountered, 0 discovered, 0 enqueued
[70.361s][info][gc,ref      ] GC(120) Phantom: 35 encountered, 17 discovered, 0 enqueued
[70.361s][info][gc,reloc    ] GC(120) Small Pages: 389 / 778M, Empty: 6M, Relocated: 10M, In-Place: 0
[70.361s][info][gc,reloc    ] GC(120) Medium Pages: 0 / 0M, Empty: 0M, Relocated: 0M, In-Place: 0
[70.361s][info][gc,reloc    ] GC(120) Large Pages: 1 / 6M, Empty: 0M, Relocated: 0M, In-Place: 0
[70.361s][info][gc,reloc    ] GC(120) Forwarding Usage: 4M
[70.361s][info][gc,heap     ] GC(120) Min Capacity: 8M(1%)
[70.361s][info][gc,heap     ] GC(120) Max Capacity: 1024M(100%)
[70.361s][info][gc,heap     ] GC(120) Soft Max Capacity: 1024M(100%)
[70.361s][info][gc,heap     ] GC(120)                Mark Start          Mark End        Relocate Start      Relocate End           High               Low         
[70.361s][info][gc,heap     ] GC(120)  Capacity:     1024M (100%)       1024M (100%)       1024M (100%)       1024M (100%)       1024M (100%)       1024M (100%)   
[70.361s][info][gc,heap     ] GC(120)      Free:      240M (23%)         124M (12%)         126M (12%)         258M (25%)         258M (25%)         108M (11%)    
[70.361s][info][gc,heap     ] GC(120)      Used:      784M (77%)         900M (88%)         898M (88%)         766M (75%)         916M (89%)         766M (75%)    
[70.361s][info][gc,heap     ] GC(120)      Live:         -               546M (53%)         546M (53%)         546M (53%)            -                  -          
[70.361s][info][gc,heap     ] GC(120) Allocated:         -               116M (11%)         120M (12%)         121M (12%)            -                  -          
[70.361s][info][gc,heap     ] GC(120)   Garbage:         -               237M (23%)         231M (23%)          97M (9%)             -                  -          
[70.361s][info][gc,heap     ] GC(120) Reclaimed:         -                  -                 6M (1%)          139M (14%)            -                  -          
[70.361s][info][gc          ] GC(120) Garbage Collection (Allocation Rate) 784M(77%)->766M(75%)
[70.400s][info][gc,start    ] GC(121) Garbage Collection (Allocation Rate)
[70.420s][info][gc,task     ] GC(121) Using 10 workers
[70.420s][info][gc,phases   ] GC(121) Pause Mark Start 0.016ms
[70.540s][info][gc,phases   ] GC(121) Concurrent Mark 119.824ms
[70.540s][info][gc,phases   ] GC(121) Pause Mark End 0.021ms
[70.540s][info][gc,phases   ] GC(121) Concurrent Mark Free 0.001ms
[70.541s][info][gc,phases   ] GC(121) Concurrent Process Non-Strong References 0.373ms
[70.541s][info][gc,phases   ] GC(121) Concurrent Reset Relocation Set 0.015ms
[70.551s][info][gc,phases   ] GC(121) Concurrent Select Relocation Set 10.309ms
[70.551s][info][gc,phases   ] GC(121) Pause Relocate Start 0.010ms
[70.557s][info][gc,phases   ] GC(121) Concurrent Relocate 5.834ms
[70.557s][info][gc,load     ] GC(121) Load: 0.00/0.00/0.00
[70.557s][info][gc,mmu      ] GC(121) MMU: 2ms/95.8%, 5ms/98.3%, 10ms/99.2%, 20ms/99.6%, 50ms/99.8%, 100ms/99.9%
[70.557s][info][gc,marking  ] GC(121) Mark: 8 stripe(s), 2 proactive flush(es), 1 terminate flush(es), 0 completion(s), 0 continuation(s) 
[70.557s][info][gc,marking  ] GC(121) Mark Stack Usage: 32M
[70.557s][info][gc,nmethod  ] GC(121) NMethods: 689 registered, 15 unregistered
[70.557s][info][gc,metaspace] GC(121) Metaspace: 16M used, 16M committed, 1088M reserved
[70.557s][info][gc,ref      ] GC(121) Soft: 171 encountered, 0 discovered, 0 enqueued
[70.557s][info][gc,ref      ] GC(121) Weak: 966 encountered, 219 discovered, 0 enqueued
[70.557s][info][gc,ref      ] GC(121) Final: 0 encountered, 0 discovered, 0 enqueued
[70.558s][info][gc,ref      ] GC(121) Phantom: 35 encountered, 27 discovered, 0 enqueued
[70.558s][info][gc,reloc    ] GC(121) Small Pages: 406 / 812M, Empty: 14M, Relocated: 13M, In-Place: 0
[70.558s][info][gc,reloc    ] GC(121) Medium Pages: 0 / 0M, Empty: 0M, Relocated: 0M, In-Place: 0
[70.558s][info][gc,reloc    ] GC(121) Large Pages: 1 / 6M, Empty: 0M, Relocated: 0M, In-Place: 0
[70.558s][info][gc,reloc    ] GC(121) Forwarding Usage: 6M
[70.558s][info][gc,heap     ] GC(121) Min Capacity: 8M(1%)
[70.558s][info][gc,heap     ] GC(121) Max Capacity: 1024M(100%)
[70.558s][info][gc,heap     ] GC(121) Soft Max Capacity: 1024M(100%)
[70.558s][info][gc,heap     ] GC(121)                Mark Start          Mark End        Relocate Start      Relocate End           High               Low         
[70.558s][info][gc,heap     ] GC(121)  Capacity:     1024M (100%)       1024M (100%)       1024M (100%)       1024M (100%)       1024M (100%)       1024M (100%)   
[70.558s][info][gc,heap     ] GC(121)      Free:      206M (20%)         118M (12%)         120M (12%)         300M (29%)         300M (29%)         100M (10%)    
[70.558s][info][gc,heap     ] GC(121)      Used:      818M (80%)         906M (88%)         904M (88%)         724M (71%)         924M (90%)         724M (71%)    
[70.558s][info][gc,heap     ] GC(121)      Live:         -               521M (51%)         521M (51%)         521M (51%)            -                  -          
[70.558s][info][gc,heap     ] GC(121) Allocated:         -                88M (9%)          100M (10%)         103M (10%)            -                  -          
[70.558s][info][gc,heap     ] GC(121)   Garbage:         -               296M (29%)         282M (28%)          98M (10%)            -                  -          
[70.558s][info][gc,heap     ] GC(121) Reclaimed:         -                  -                14M (1%)          197M (19%)            -                  -          
[70.558s][info][gc          ] GC(121) Garbage Collection (Allocation Rate) 818M(80%)->724M(71%)
[70.603s][info][gc,start    ] GC(122) Garbage Collection (Allocation Rate)
[70.603s][info][gc,task     ] GC(122) Using 10 workers
[70.603s][info][gc,phases   ] GC(122) Pause Mark Start 0.016ms
[70.715s][info][gc,phases   ] GC(122) Concurrent Mark 112.160ms
[70.715s][info][gc,phases   ] GC(122) Pause Mark End 0.023ms
[70.715s][info][gc,phases   ] GC(122) Concurrent Mark Free 0.001ms
[70.716s][info][gc,phases   ] GC(122) Concurrent Process Non-Strong References 0.330ms
[70.716s][info][gc,phases   ] GC(122) Concurrent Reset Relocation Set 0.015ms
[70.718s][info][gc,phases   ] GC(122) Concurrent Select Relocation Set 2.513ms
[70.718s][info][gc,phases   ] GC(122) Pause Relocate Start 0.009ms
[70.721s][info][gc,phases   ] GC(122) Concurrent Relocate 2.864ms
[70.721s][info][gc,load     ] GC(122) Load: 0.00/0.00/0.00
[70.721s][info][gc,mmu      ] GC(122) MMU: 2ms/95.8%, 5ms/98.3%, 10ms/99.2%, 20ms/99.6%, 50ms/99.8%, 100ms/99.9%
[70.721s][info][gc,marking  ] GC(122) Mark: 8 stripe(s), 2 proactive flush(es), 1 terminate flush(es), 0 completion(s), 0 continuation(s) 
[70.721s][info][gc,marking  ] GC(122) Mark Stack Usage: 32M
[70.721s][info][gc,nmethod  ] GC(122) NMethods: 693 registered, 15 unregistered
[70.721s][info][gc,metaspace] GC(122) Metaspace: 16M used, 16M committed, 1088M reserved
[70.721s][info][gc,ref      ] GC(122) Soft: 171 encountered, 0 discovered, 0 enqueued
[70.721s][info][gc,ref      ] GC(122) Weak: 964 encountered, 74 discovered, 0 enqueued
[70.721s][info][gc,ref      ] GC(122) Final: 0 encountered, 0 discovered, 0 enqueued
[70.721s][info][gc,ref      ] GC(122) Phantom: 35 encountered, 22 discovered, 0 enqueued
[70.721s][info][gc,reloc    ] GC(122) Small Pages: 379 / 758M, Empty: 12M, Relocated: 12M, In-Place: 0
[70.721s][info][gc,reloc    ] GC(122) Medium Pages: 0 / 0M, Empty: 0M, Relocated: 0M, In-Place: 0
[70.721s][info][gc,reloc    ] GC(122) Large Pages: 1 / 6M, Empty: 0M, Relocated: 0M, In-Place: 0
[70.721s][info][gc,reloc    ] GC(122) Forwarding Usage: 5M
[70.721s][info][gc,heap     ] GC(122) Min Capacity: 8M(1%)
[70.722s][info][gc,heap     ] GC(122) Max Capacity: 1024M(100%)
[70.722s][info][gc,heap     ] GC(122) Soft Max Capacity: 1024M(100%)
[70.722s][info][gc,heap     ] GC(122)                Mark Start          Mark End        Relocate Start      Relocate End           High               Low         
[70.722s][info][gc,heap     ] GC(122)  Capacity:     1024M (100%)       1024M (100%)       1024M (100%)       1024M (100%)       1024M (100%)       1024M (100%)   
[70.722s][info][gc,heap     ] GC(122)      Free:      260M (25%)         234M (23%)         246M (24%)         396M (39%)         396M (39%)         226M (22%)    
[70.722s][info][gc,heap     ] GC(122)      Used:      764M (75%)         790M (77%)         778M (76%)         628M (61%)         798M (78%)         628M (61%)    
[70.722s][info][gc,heap     ] GC(122)      Live:         -               499M (49%)         499M (49%)         499M (49%)            -                  -          
[70.722s][info][gc,heap     ] GC(122) Allocated:         -                26M (3%)           26M (3%)           25M (3%)             -                  -          
[70.722s][info][gc,heap     ] GC(122)   Garbage:         -               264M (26%)         252M (25%)         102M (10%)            -                  -          
[70.722s][info][gc,heap     ] GC(122) Reclaimed:         -                  -                12M (1%)          161M (16%)            -                  -          
[70.722s][info][gc          ] GC(122) Garbage Collection (Allocation Rate) 764M(75%)->628M(61%)
[70.798s][info][gc,start    ] GC(123) Garbage Collection (Allocation Rate)
[70.798s][info][gc,task     ] GC(123) Using 10 workers
[70.798s][info][gc,phases   ] GC(123) Pause Mark Start 0.012ms
[70.813s][info][gc,phases   ] GC(123) Concurrent Mark 15.329ms
[70.813s][info][gc,phases   ] GC(123) Pause Mark End 0.017ms
[70.813s][info][gc,phases   ] GC(123) Concurrent Mark Free 0.001ms
[70.814s][info][gc,phases   ] GC(123) Concurrent Process Non-Strong References 0.603ms
[70.814s][info][gc,phases   ] GC(123) Concurrent Reset Relocation Set 0.015ms
[70.818s][info][gc,phases   ] GC(123) Concurrent Select Relocation Set 4.285ms
[70.818s][info][gc,phases   ] GC(123) Pause Relocate Start 0.006ms
[70.822s][info][gc,phases   ] GC(123) Concurrent Relocate 3.854ms
[70.822s][info][gc,load     ] GC(123) Load: 0.00/0.00/0.00
[70.823s][info][gc,mmu      ] GC(123) MMU: 2ms/95.8%, 5ms/98.3%, 10ms/99.2%, 20ms/99.6%, 50ms/99.8%, 100ms/99.9%
[70.823s][info][gc,marking  ] GC(123) Mark: 8 stripe(s), 2 proactive flush(es), 2 terminate flush(es), 0 completion(s), 0 continuation(s) 
[70.823s][info][gc,marking  ] GC(123) Mark Stack Usage: 32M
[70.823s][info][gc,nmethod  ] GC(123) NMethods: 692 registered, 16 unregistered
[70.823s][info][gc,metaspace] GC(123) Metaspace: 16M used, 16M committed, 1088M reserved
[70.823s][info][gc,ref      ] GC(123) Soft: 171 encountered, 0 discovered, 0 enqueued
[70.823s][info][gc,ref      ] GC(123) Weak: 967 encountered, 439 discovered, 6 enqueued
[70.823s][info][gc,ref      ] GC(123) Final: 0 encountered, 0 discovered, 0 enqueued
[70.823s][info][gc,ref      ] GC(123) Phantom: 35 encountered, 29 discovered, 0 enqueued
[70.823s][info][gc,reloc    ] GC(123) Small Pages: 311 / 622M, Empty: 562M, Relocated: 8M, In-Place: 0
[70.823s][info][gc,reloc    ] GC(123) Medium Pages: 0 / 0M, Empty: 0M, Relocated: 0M, In-Place: 0
[70.823s][info][gc,reloc    ] GC(123) Large Pages: 1 / 6M, Empty: 6M, Relocated: 0M, In-Place: 0
[70.823s][info][gc,reloc    ] GC(123) Forwarding Usage: 2M
[70.823s][info][gc,heap     ] GC(123) Min Capacity: 8M(1%)
[70.823s][info][gc,heap     ] GC(123) Max Capacity: 1024M(100%)
[70.823s][info][gc,heap     ] GC(123) Soft Max Capacity: 1024M(100%)
[70.823s][info][gc,heap     ] GC(123)                Mark Start          Mark End        Relocate Start      Relocate End           High               Low         
[70.823s][info][gc,heap     ] GC(123)  Capacity:     1024M (100%)       1024M (100%)       1024M (100%)       1024M (100%)       1024M (100%)       1024M (100%)   
[70.823s][info][gc,heap     ] GC(123)      Free:      396M (39%)         394M (38%)         962M (94%)         986M (96%)         986M (96%)         394M (38%)    
[70.823s][info][gc,heap     ] GC(123)      Used:      628M (61%)         630M (62%)          62M (6%)           38M (4%)          630M (62%)          38M (4%)     
[70.823s][info][gc,heap     ] GC(123)      Live:         -                21M (2%)           21M (2%)           21M (2%)             -                  -          
[70.823s][info][gc,heap     ] GC(123) Allocated:         -                 2M (0%)            2M (0%)            1M (0%)             -                  -          
[70.823s][info][gc,heap     ] GC(123)   Garbage:         -               606M (59%)          38M (4%)           15M (1%)             -                  -          
[70.823s][info][gc,heap     ] GC(123) Reclaimed:         -                  -               568M (55%)         591M (58%)            -                  -          
[70.823s][info][gc          ] GC(123) Garbage Collection (Allocation Rate) 628M(61%)->38M(4%)
[72.269s][info][gc,start    ] GC(124) Garbage Collection (System.gc())
[72.269s][info][gc,task     ] GC(124) Using 10 workers
[72.269s][info][gc,phases   ] GC(124) Pause Mark Start 0.021ms
[72.281s][info][gc,phases   ] GC(124) Concurrent Mark 11.371ms
[72.281s][info][gc,phases   ] GC(124) Pause Mark End 0.021ms
[72.281s][info][gc,phases   ] GC(124) Concurrent Mark Free 0.001ms
[72.282s][info][gc,phases   ] GC(124) Concurrent Process Non-Strong References 0.559ms
[72.282s][info][gc,phases   ] GC(124) Concurrent Reset Relocation Set 0.002ms
[72.284s][info][gc,phases   ] GC(124) Concurrent Select Relocation Set 2.376ms
[72.284s][info][gc,phases   ] GC(124) Pause Relocate Start 0.008ms
[72.287s][info][gc,phases   ] GC(124) Concurrent Relocate 2.516ms
[72.287s][info][gc,load     ] GC(124) Load: 0.00/0.00/0.00
[72.287s][info][gc,mmu      ] GC(124) MMU: 2ms/95.8%, 5ms/98.3%, 10ms/99.2%, 20ms/99.6%, 50ms/99.8%, 100ms/99.9%
[72.287s][info][gc,marking  ] GC(124) Mark: 8 stripe(s), 2 proactive flush(es), 1 terminate flush(es), 0 completion(s), 0 continuation(s) 
[72.287s][info][gc,marking  ] GC(124) Mark Stack Usage: 32M
[72.287s][info][gc,nmethod  ] GC(124) NMethods: 733 registered, 0 unregistered
[72.287s][info][gc,metaspace] GC(124) Metaspace: 16M used, 16M committed, 1088M reserved
[72.287s][info][gc,ref      ] GC(124) Soft: 171 encountered, 0 discovered, 0 enqueued
[72.287s][info][gc,ref      ] GC(124) Weak: 961 encountered, 102 discovered, 0 enqueued
[72.287s][info][gc,ref      ] GC(124) Final: 0 encountered, 0 discovered, 0 enqueued
[72.287s][info][gc,ref      ] GC(124) Phantom: 35 encountered, 22 discovered, 0 enqueued
[72.287s][info][gc,reloc    ] GC(124) Small Pages: 57 / 114M, Empty: 74M, Relocated: 5M, In-Place: 0
[72.287s][info][gc,reloc    ] GC(124) Medium Pages: 0 / 0M, Empty: 0M, Relocated: 0M, In-Place: 0
[72.287s][info][gc,reloc    ] GC(124) Large Pages: 0 / 0M, Empty: 0M, Relocated: 0M, In-Place: 0
[72.287s][info][gc,reloc    ] GC(124) Forwarding Usage: 1M
[72.287s][info][gc,heap     ] GC(124) Min Capacity: 8M(1%)
[72.287s][info][gc,heap     ] GC(124) Max Capacity: 1024M(100%)
[72.287s][info][gc,heap     ] GC(124) Soft Max Capacity: 1024M(100%)
[72.287s][info][gc,heap     ] GC(124)                Mark Start          Mark End        Relocate Start      Relocate End           High               Low         
[72.287s][info][gc,heap     ] GC(124)  Capacity:     1024M (100%)       1024M (100%)       1024M (100%)       1024M (100%)       1024M (100%)       1024M (100%)   
[72.287s][info][gc,heap     ] GC(124)      Free:      910M (89%)         910M (89%)         984M (96%)         988M (96%)         988M (96%)         910M (89%)    
[72.287s][info][gc,heap     ] GC(124)      Used:      114M (11%)         114M (11%)          40M (4%)           36M (4%)          114M (11%)          36M (4%)     
[72.287s][info][gc,heap     ] GC(124)      Live:         -                18M (2%)           18M (2%)           18M (2%)             -                  -          
[72.287s][info][gc,heap     ] GC(124) Allocated:         -                 0M (0%)            0M (0%)            0M (0%)             -                  -          
[72.287s][info][gc,heap     ] GC(124)   Garbage:         -                95M (9%)           21M (2%)           17M (2%)             -                  -          
[72.287s][info][gc,heap     ] GC(124) Reclaimed:         -                  -                74M (7%)           78M (8%)             -                  -          
[72.287s][info][gc          ] GC(124) Garbage Collection (System.gc()) 114M(11%)->36M(4%)
[75.276s][info][gc,start    ] GC(125) Garbage Collection (Allocation Stall)
[75.276s][info][gc,ref      ] GC(125) Clearing All SoftReferences
[75.277s][info][gc,task     ] GC(125) Using 10 workers
[75.293s][info][gc,ref      ] GC(125) Clearing All SoftReferences
[75.293s][info][gc,phases   ] GC(125) Pause Mark Start 0.032ms
[75.293s][info][gc          ] Allocation Stall (reactors-io-scheduler-ForkJoinPool-1-worker-26) 17.011ms
[75.293s][info][gc          ] Allocation Stall (reactors-io-scheduler-ForkJoinPool-1-worker-8) 17.015ms
[75.293s][info][gc          ] Allocation Stall (reactors-io-scheduler-ForkJoinPool-1-worker-12) 16.998ms
[75.293s][info][gc          ] Allocation Stall (reactors-io-scheduler-ForkJoinPool-1-worker-45) 17.000ms
[75.293s][info][gc          ] Allocation Stall (reactors-io-scheduler-ForkJoinPool-1-worker-16) 17.009ms
[75.293s][info][gc          ] Allocation Stall (reactors-io-scheduler-ForkJoinPool-1-worker-6) 17.035ms
[75.293s][info][gc          ] Allocation Stall (reactors-io-scheduler-ForkJoinPool-1-worker-41) 16.968ms
[75.293s][info][gc          ] Allocation Stall (reactors-io-scheduler-ForkJoinPool-1-worker-34) 16.982ms
[75.293s][info][gc          ] Allocation Stall (reactors-io-scheduler-ForkJoinPool-1-worker-47) 16.989ms
[75.293s][info][gc          ] Allocation Stall (reactors-io-scheduler-ForkJoinPool-1-worker-40) 16.992ms
[75.293s][info][gc          ] Allocation Stall (reactors-io-scheduler-ForkJoinPool-1-worker-5) 17.025ms
[75.293s][info][gc          ] Allocation Stall (reactors-io-scheduler-ForkJoinPool-1-worker-2) 16.977ms
[75.293s][info][gc          ] Allocation Stall (reactors-io-scheduler-ForkJoinPool-1-worker-3) 16.967ms
[75.293s][info][gc          ] Allocation Stall (reactors-io-scheduler-ForkJoinPool-1-worker-37) 16.976ms
[75.293s][info][gc          ] Allocation Stall (reactors-io-scheduler-ForkJoinPool-1-worker-4) 17.011ms
[75.294s][info][gc          ] Allocation Stall (reactors-io-scheduler-ForkJoinPool-1-worker-21) 17.064ms
[75.294s][info][gc          ] Allocation Stall (reactors-io-scheduler-ForkJoinPool-1-worker-38) 17.096ms
[75.294s][info][gc          ] Allocation Stall (reactors-io-scheduler-ForkJoinPool-1-worker-7) 17.124ms
[75.294s][info][gc          ] Allocation Stall (reactors-io-scheduler-ForkJoinPool-1-worker-11) 17.159ms
[75.294s][info][gc          ] Allocation Stall (reactors-io-scheduler-ForkJoinPool-1-worker-35) 17.250ms
[75.294s][info][gc          ] Allocation Stall (reactors-io-scheduler-ForkJoinPool-1-worker-27) 17.280ms
[75.294s][info][gc          ] Allocation Stall (reactors-io-scheduler-ForkJoinPool-1-worker-31) 17.324ms
[75.294s][info][gc          ] Allocation Stall (reactors-io-scheduler-ForkJoinPool-1-worker-13) 0.429ms
[75.294s][info][gc          ] Allocation Stall (reactors-io-scheduler-ForkJoinPool-1-worker-42) 0.466ms
[75.294s][info][gc          ] Allocation Stall (reactors-io-scheduler-ForkJoinPool-1-worker-9) 0.502ms
[75.294s][info][gc          ] Allocation Stall (reactors-io-scheduler-ForkJoinPool-1-worker-30) 0.543ms
[75.294s][info][gc          ] Allocation Stall (reactors-io-scheduler-ForkJoinPool-1-worker-39) 0.611ms
[75.294s][info][gc          ] Allocation Stall (reactors-io-scheduler-ForkJoinPool-1-worker-22) 0.650ms
[75.294s][info][gc          ] Allocation Stall (reactors-io-scheduler-ForkJoinPool-1-worker-1) 0.686ms
[75.294s][info][gc          ] Allocation Stall (reactors-io-scheduler-ForkJoinPool-1-worker-48) 0.720ms
[75.294s][info][gc          ] Allocation Stall (reactors-io-scheduler-ForkJoinPool-1-worker-20) 0.760ms
[75.294s][info][gc          ] Allocation Stall (reactors-io-scheduler-ForkJoinPool-1-worker-23) 0.800ms
[75.294s][info][gc          ] Allocation Stall (reactors-io-scheduler-ForkJoinPool-1-worker-32) 0.843ms
[75.294s][info][gc          ] Allocation Stall (reactors-io-scheduler-ForkJoinPool-1-worker-15) 0.967ms
[75.294s][info][gc          ] Allocation Stall (reactors-io-scheduler-ForkJoinPool-1-worker-10) 1.030ms
[75.295s][info][gc          ] Allocation Stall (reactors-io-scheduler-ForkJoinPool-1-worker-43) 1.075ms
[75.295s][info][gc          ] Allocation Stall (reactors-io-scheduler-ForkJoinPool-1-worker-18) 1.121ms
[75.295s][info][gc          ] Allocation Stall (reactors-io-scheduler-ForkJoinPool-1-worker-24) 1.160ms
[75.295s][info][gc          ] Allocation Stall (reactors-io-scheduler-ForkJoinPool-1-worker-33) 1.208ms
[75.295s][info][gc          ] Allocation Stall (reactors-io-scheduler-ForkJoinPool-1-worker-25) 1.242ms
[75.295s][info][gc          ] Allocation Stall (reactors-io-scheduler-ForkJoinPool-1-worker-28) 1.342ms
[75.295s][info][gc          ] Allocation Stall (reactors-io-scheduler-ForkJoinPool-1-worker-17) 1.385ms
[75.296s][info][gc          ] Allocation Stall (reactors-io-scheduler-ForkJoinPool-1-worker-36) 2.931ms
[75.296s][info][gc          ] Allocation Stall (reactors-io-scheduler-ForkJoinPool-1-worker-14) 2.937ms
[75.297s][info][gc          ] Allocation Stall (reactors-io-scheduler-ForkJoinPool-1-worker-46) 4.002ms
[75.298s][info][gc          ] Allocation Stall (reactors-io-scheduler-ForkJoinPool-1-worker-31) 1.771ms
[75.298s][info][gc          ] Allocation Stall (reactors-io-scheduler-ForkJoinPool-1-worker-38) 1.238ms
[75.298s][info][gc          ] Allocation Stall (reactors-io-scheduler-ForkJoinPool-1-worker-5) 1.358ms
[75.299s][info][gc          ] Allocation Stall (reactors-io-scheduler-ForkJoinPool-1-worker-35) 1.572ms
[75.299s][info][gc          ] Allocation Stall (reactors-io-scheduler-ForkJoinPool-1-worker-2) 1.532ms
[75.300s][info][gc          ] Allocation Stall (reactors-io-scheduler-ForkJoinPool-1-worker-9) 0.566ms
[75.303s][info][gc          ] Allocation Stall (reactors-io-scheduler-ForkJoinPool-1-worker-39) 3.885ms
[75.304s][info][gc          ] Allocation Stall (reactors-io-scheduler-ForkJoinPool-1-worker-6) 3.241ms
[75.309s][info][gc,phases   ] GC(125) Concurrent Mark 15.502ms
[75.309s][info][gc,phases   ] GC(125) Pause Mark End 0.019ms
[75.309s][info][gc,phases   ] GC(125) Concurrent Mark Free 0.001ms
[75.310s][info][gc,phases   ] GC(125) Concurrent Process Non-Strong References 0.518ms
[75.310s][info][gc,phases   ] GC(125) Concurrent Reset Relocation Set 0.001ms
[75.310s][info][gc          ] Allocation Stall (reactors-io-scheduler-ForkJoinPool-1-worker-17) 3.171ms
[75.310s][info][gc          ] Allocation Stall (reactors-io-scheduler-ForkJoinPool-1-worker-32) 3.488ms
[75.310s][info][gc          ] Allocation Stall (reactors-io-scheduler-ForkJoinPool-1-worker-5) 4.764ms
[75.310s][info][gc          ] Allocation Stall (reactors-io-scheduler-ForkJoinPool-1-worker-7) 3.922ms
[75.310s][info][gc          ] Allocation Stall (reactors-io-scheduler-ForkJoinPool-1-worker-29) 3.394ms
[75.310s][info][gc          ] Allocation Stall (reactors-io-scheduler-ForkJoinPool-1-worker-43) 4.217ms
[75.310s][info][gc          ] Allocation Stall (reactors-io-scheduler-ForkJoinPool-1-worker-36) 3.164ms
[75.310s][info][gc          ] Allocation Stall (reactors-io-scheduler-ForkJoinPool-1-worker-22) 3.291ms
[75.310s][info][gc          ] Allocation Stall (reactors-io-scheduler-ForkJoinPool-1-worker-37) 4.453ms
[75.310s][info][gc          ] Allocation Stall (reactors-io-scheduler-ForkJoinPool-1-worker-23) 3.395ms
[75.310s][info][gc          ] Allocation Stall (reactors-io-scheduler-ForkJoinPool-1-worker-1) 5.137ms
[75.310s][info][gc          ] Allocation Stall (reactors-io-scheduler-ForkJoinPool-1-worker-3) 4.468ms
[75.310s][info][gc          ] Allocation Stall (reactors-io-scheduler-ForkJoinPool-1-worker-45) 4.731ms
[75.310s][info][gc          ] Allocation Stall (reactors-io-scheduler-ForkJoinPool-1-worker-6) 3.865ms
[75.310s][info][gc          ] Allocation Stall (reactors-io-scheduler-ForkJoinPool-1-worker-42) 5.991ms
[75.310s][info][gc          ] Allocation Stall (reactors-io-scheduler-ForkJoinPool-1-worker-46) 3.399ms
[75.310s][info][gc          ] Allocation Stall (reactors-io-scheduler-ForkJoinPool-1-worker-34) 4.904ms
[75.310s][info][gc          ] Allocation Stall (reactors-io-scheduler-ForkJoinPool-1-worker-24) 4.179ms
[75.310s][info][gc          ] Allocation Stall (reactors-io-scheduler-ForkJoinPool-1-worker-11) 4.290ms
[75.310s][info][gc          ] Allocation Stall (reactors-io-scheduler-ForkJoinPool-1-worker-40) 4.784ms
[75.310s][info][gc          ] Allocation Stall (reactors-io-scheduler-ForkJoinPool-1-worker-48) 3.360ms
[75.310s][info][gc          ] Allocation Stall (reactors-io-scheduler-ForkJoinPool-1-worker-26) 5.090ms
[75.310s][info][gc          ] Allocation Stall (reactors-io-scheduler-ForkJoinPool-1-worker-21) 4.941ms
[75.310s][info][gc          ] Allocation Stall (reactors-io-scheduler-ForkJoinPool-1-worker-20) 5.400ms
[75.310s][info][gc          ] Allocation Stall (reactors-io-scheduler-ForkJoinPool-1-worker-39) 3.661ms
[75.310s][info][gc          ] Allocation Stall (reactors-io-scheduler-ForkJoinPool-1-worker-33) 7.183ms
[75.310s][info][gc          ] Allocation Stall (reactors-io-scheduler-ForkJoinPool-1-worker-44) 4.847ms
[75.310s][info][gc          ] Allocation Stall (reactors-io-scheduler-ForkJoinPool-1-worker-4) 8.313ms
[75.310s][info][gc          ] Allocation Stall (reactors-io-scheduler-ForkJoinPool-1-worker-13) 3.184ms
[75.310s][info][gc          ] Allocation Stall (reactors-io-scheduler-ForkJoinPool-1-worker-8) 4.703ms
[75.310s][info][gc          ] Allocation Stall (reactors-io-scheduler-ForkJoinPool-1-worker-19) 3.830ms
[75.310s][info][gc          ] Allocation Stall (reactors-io-scheduler-ForkJoinPool-1-worker-10) 3.756ms
[75.310s][info][gc          ] Allocation Stall (reactors-io-scheduler-ForkJoinPool-1-worker-16) 4.955ms
[75.310s][info][gc          ] Allocation Stall (reactors-io-scheduler-ForkJoinPool-1-worker-25) 4.472ms
[75.310s][info][gc          ] Allocation Stall (reactors-io-scheduler-ForkJoinPool-1-worker-38) 5.466ms
[75.310s][info][gc          ] Allocation Stall (reactors-io-scheduler-ForkJoinPool-1-worker-18) 4.384ms
[75.310s][info][gc          ] Allocation Stall (reactors-io-scheduler-ForkJoinPool-1-worker-47) 9.055ms
[75.310s][info][gc          ] Allocation Stall (reactors-io-scheduler-ForkJoinPool-1-worker-14) 8.514ms
[75.310s][info][gc          ] Allocation Stall (reactors-io-scheduler-ForkJoinPool-1-worker-9) 4.293ms
[75.310s][info][gc          ] Allocation Stall (reactors-io-scheduler-ForkJoinPool-1-worker-41) 3.936ms
[75.310s][info][gc          ] Allocation Stall (reactors-io-scheduler-ForkJoinPool-1-worker-30) 5.331ms
[75.310s][info][gc          ] Allocation Stall (reactors-io-scheduler-ForkJoinPool-1-worker-31) 5.246ms
[75.310s][info][gc          ] Allocation Stall (reactors-io-scheduler-ForkJoinPool-1-worker-15) 5.093ms
[75.310s][info][gc          ] Allocation Stall (reactors-io-scheduler-ForkJoinPool-1-worker-35) 4.651ms
[75.310s][info][gc          ] Allocation Stall (reactors-io-scheduler-ForkJoinPool-1-worker-2) 3.912ms
[75.310s][info][gc          ] Allocation Stall (reactors-io-scheduler-ForkJoinPool-1-worker-12) 4.419ms
[75.310s][info][gc          ] Allocation Stall (reactors-io-scheduler-ForkJoinPool-1-worker-28) 4.406ms
[75.310s][info][gc          ] Allocation Stall (reactors-io-scheduler-ForkJoinPool-1-worker-27) 4.356ms
[75.321s][info][gc,phases   ] GC(125) Concurrent Select Relocation Set 11.451ms
[75.322s][info][gc,phases   ] GC(125) Pause Relocate Start 0.008ms
[75.407s][info][gc,phases   ] GC(125) Concurrent Relocate 3.872ms
[75.407s][info][gc,load     ] GC(125) Load: 0.00/0.00/0.00
[75.407s][info][gc,mmu      ] GC(125) MMU: 2ms/95.8%, 5ms/98.3%, 10ms/99.2%, 20ms/99.6%, 50ms/99.8%, 100ms/99.9%
[75.407s][info][gc,marking  ] GC(125) Mark: 8 stripe(s), 3 proactive flush(es), 1 terminate flush(es), 0 completion(s), 0 continuation(s) 
[75.407s][info][gc,marking  ] GC(125) Mark Stack Usage: 32M
[75.407s][info][gc,nmethod  ] GC(125) NMethods: 740 registered, 12 unregistered
[75.407s][info][gc,metaspace] GC(125) Metaspace: 16M used, 16M committed, 1088M reserved
[75.407s][info][gc,ref      ] GC(125) Soft: 171 encountered, 33 discovered, 0 enqueued
[75.407s][info][gc,ref      ] GC(125) Weak: 973 encountered, 50 discovered, 2 enqueued
[75.407s][info][gc,ref      ] GC(125) Final: 0 encountered, 0 discovered, 0 enqueued
[75.407s][info][gc,ref      ] GC(125) Phantom: 35 encountered, 28 discovered, 0 enqueued
[75.407s][info][gc,reloc    ] GC(125) Small Pages: 497 / 994M, Empty: 668M, Relocated: 4M, In-Place: 0
[75.407s][info][gc,reloc    ] GC(125) Medium Pages: 0 / 0M, Empty: 0M, Relocated: 0M, In-Place: 0
[75.407s][info][gc,reloc    ] GC(125) Large Pages: 0 / 0M, Empty: 0M, Relocated: 0M, In-Place: 0
[75.407s][info][gc,reloc    ] GC(125) Forwarding Usage: 1M
[75.407s][info][gc,heap     ] GC(125) Min Capacity: 8M(1%)
[75.407s][info][gc,heap     ] GC(125) Max Capacity: 1024M(100%)
[75.407s][info][gc,heap     ] GC(125) Soft Max Capacity: 1024M(100%)
[75.407s][info][gc,heap     ] GC(125)                Mark Start          Mark End        Relocate Start      Relocate End           High               Low         
[75.407s][info][gc,heap     ] GC(125)  Capacity:     1024M (100%)       1024M (100%)       1024M (100%)       1024M (100%)       1024M (100%)       1024M (100%)   
[75.407s][info][gc,heap     ] GC(125)      Free:        0M (0%)            0M (0%)          554M (54%)         294M (29%)         614M (60%)           0M (0%)     
[75.407s][info][gc,heap     ] GC(125)      Used:     1024M (100%)       1024M (100%)        470M (46%)         730M (71%)        1024M (100%)        410M (40%)    
[75.407s][info][gc,heap     ] GC(125)      Live:         -                20M (2%)           20M (2%)           20M (2%)             -                  -          
[75.407s][info][gc,heap     ] GC(125) Allocated:         -                 0M (0%)          114M (11%)         659M (64%)            -                  -          
[75.407s][info][gc,heap     ] GC(125)   Garbage:         -              1003M (98%)         335M (33%)          49M (5%)             -                  -          
[75.407s][info][gc,heap     ] GC(125) Reclaimed:         -                  -               668M (65%)         953M (93%)            -                  -          
[75.407s][info][gc          ] GC(125) Garbage Collection (Allocation Stall) 1024M(100%)->730M(71%)
[75.452s][info][gc,start    ] GC(126) Garbage Collection (Allocation Stall)
[75.452s][info][gc,ref      ] GC(126) Clearing All SoftReferences
[75.452s][info][gc,task     ] GC(126) Using 10 workers
[75.452s][info][gc,ref      ] GC(126) Clearing All SoftReferences
[75.452s][info][gc,phases   ] GC(126) Pause Mark Start 0.048ms
[75.465s][info][gc,phases   ] GC(126) Concurrent Mark 12.999ms
[75.465s][info][gc,phases   ] GC(126) Pause Mark End 0.015ms
[75.465s][info][gc,phases   ] GC(126) Concurrent Mark Free 0.001ms
[75.466s][info][gc,phases   ] GC(126) Concurrent Process Non-Strong References 0.351ms
[75.466s][info][gc,phases   ] GC(126) Concurrent Reset Relocation Set 0.018ms
[75.466s][info][gc          ] Allocation Stall (reactors-io-scheduler-ForkJoinPool-1-worker-34) 13.673ms
[75.466s][info][gc          ] Allocation Stall (reactors-io-scheduler-ForkJoinPool-1-worker-27) 13.705ms
[75.466s][info][gc          ] Allocation Stall (reactors-io-scheduler-ForkJoinPool-1-worker-37) 13.715ms
[75.466s][info][gc          ] Allocation Stall (reactors-io-scheduler-ForkJoinPool-1-worker-23) 13.689ms
[75.466s][info][gc          ] Allocation Stall (reactors-io-scheduler-ForkJoinPool-1-worker-36) 13.682ms
[75.466s][info][gc          ] Allocation Stall (reactors-io-scheduler-ForkJoinPool-1-worker-41) 13.716ms
[75.466s][info][gc          ] Allocation Stall (reactors-io-scheduler-ForkJoinPool-1-worker-2) 13.684ms
[75.466s][info][gc          ] Allocation Stall (reactors-io-scheduler-ForkJoinPool-1-worker-32) 13.713ms
[75.466s][info][gc          ] Allocation Stall (reactors-io-scheduler-ForkJoinPool-1-worker-43) 13.713ms
[75.466s][info][gc          ] Allocation Stall (reactors-io-scheduler-ForkJoinPool-1-worker-45) 13.719ms
[75.466s][info][gc          ] Allocation Stall (reactors-io-scheduler-ForkJoinPool-1-worker-35) 13.729ms
[75.466s][info][gc          ] Allocation Stall (reactors-io-scheduler-ForkJoinPool-1-worker-47) 13.754ms
[75.466s][info][gc          ] Allocation Stall (reactors-io-scheduler-ForkJoinPool-1-worker-8) 13.765ms
[75.466s][info][gc          ] Allocation Stall (reactors-io-scheduler-ForkJoinPool-1-worker-22) 13.729ms
[75.466s][info][gc          ] Allocation Stall (reactors-io-scheduler-ForkJoinPool-1-worker-6) 13.739ms
[75.466s][info][gc          ] Allocation Stall (reactors-io-scheduler-ForkJoinPool-1-worker-48) 13.759ms
[75.466s][info][gc          ] Allocation Stall (reactors-io-scheduler-ForkJoinPool-1-worker-12) 13.812ms
[75.466s][info][gc          ] Allocation Stall (reactors-io-scheduler-ForkJoinPool-1-worker-28) 13.740ms
[75.466s][info][gc          ] Allocation Stall (reactors-io-scheduler-ForkJoinPool-1-worker-42) 13.740ms
[75.466s][info][gc          ] Allocation Stall (reactors-io-scheduler-ForkJoinPool-1-worker-9) 13.828ms
[75.466s][info][gc          ] Allocation Stall (reactors-io-scheduler-ForkJoinPool-1-worker-17) 13.757ms
[75.466s][info][gc          ] Allocation Stall (reactors-io-scheduler-ForkJoinPool-1-worker-44) 13.792ms
[75.466s][info][gc          ] Allocation Stall (reactors-io-scheduler-ForkJoinPool-1-worker-16) 13.813ms
[75.466s][info][gc          ] Allocation Stall (reactors-io-scheduler-ForkJoinPool-1-worker-7) 13.850ms
[75.466s][info][gc          ] Allocation Stall (reactors-io-scheduler-ForkJoinPool-1-worker-3) 13.805ms
[75.466s][info][gc          ] Allocation Stall (reactors-io-scheduler-ForkJoinPool-1-worker-10) 13.768ms
[75.466s][info][gc          ] Allocation Stall (reactors-io-scheduler-ForkJoinPool-1-worker-46) 14.435ms
[75.466s][info][gc          ] Allocation Stall (reactors-io-scheduler-ForkJoinPool-1-worker-1) 13.836ms
[75.466s][info][gc          ] Allocation Stall (reactors-io-scheduler-ForkJoinPool-1-worker-29) 13.836ms
[75.466s][info][gc          ] Allocation Stall (reactors-io-scheduler-ForkJoinPool-1-worker-25) 13.806ms
[75.466s][info][gc          ] Allocation Stall (reactors-io-scheduler-ForkJoinPool-1-worker-31) 13.835ms
[75.466s][info][gc          ] Allocation Stall (reactors-io-scheduler-ForkJoinPool-1-worker-18) 13.841ms
[75.466s][info][gc          ] Allocation Stall (reactors-io-scheduler-ForkJoinPool-1-worker-24) 13.847ms
[75.466s][info][gc          ] Allocation Stall (reactors-io-scheduler-ForkJoinPool-1-worker-4) 13.863ms
[75.466s][info][gc          ] Allocation Stall (reactors-io-scheduler-ForkJoinPool-1-worker-14) 13.878ms
[75.466s][info][gc          ] Allocation Stall (reactors-io-scheduler-ForkJoinPool-1-worker-26) 13.841ms
[75.466s][info][gc          ] Allocation Stall (reactors-io-scheduler-ForkJoinPool-1-worker-19) 13.800ms
[75.466s][info][gc          ] Allocation Stall (reactors-io-scheduler-ForkJoinPool-1-worker-33) 13.815ms
[75.466s][info][gc          ] Allocation Stall (reactors-io-scheduler-ForkJoinPool-1-worker-13) 13.806ms
[75.466s][info][gc          ] Allocation Stall (reactors-io-scheduler-ForkJoinPool-1-worker-11) 13.842ms
[75.466s][info][gc          ] Allocation Stall (reactors-io-scheduler-ForkJoinPool-1-worker-40) 13.810ms
[75.466s][info][gc          ] Allocation Stall (reactors-io-scheduler-ForkJoinPool-1-worker-21) 13.789ms
[75.466s][info][gc          ] Allocation Stall (reactors-io-scheduler-ForkJoinPool-1-worker-30) 13.869ms
[75.466s][info][gc          ] Allocation Stall (reactors-io-scheduler-ForkJoinPool-1-worker-38) 13.823ms
[75.466s][info][gc          ] Allocation Stall (reactors-io-scheduler-ForkJoinPool-1-worker-15) 13.843ms
[75.466s][info][gc          ] Allocation Stall (reactors-io-scheduler-ForkJoinPool-1-worker-5) 13.823ms
[75.466s][info][gc          ] Allocation Stall (reactors-io-scheduler-ForkJoinPool-1-worker-39) 13.804ms
[75.466s][info][gc          ] Allocation Stall (reactors-io-scheduler-ForkJoinPool-1-worker-20) 13.820ms
[75.476s][info][gc,phases   ] GC(126) Concurrent Select Relocation Set 9.901ms
[75.476s][info][gc,phases   ] GC(126) Pause Relocate Start 0.008ms
[75.525s][info][gc,phases   ] GC(126) Concurrent Relocate 8.162ms
[75.526s][info][gc,load     ] GC(126) Load: 0.00/0.00/0.00
[75.526s][info][gc,mmu      ] GC(126) MMU: 2ms/95.8%, 5ms/98.3%, 10ms/99.2%, 20ms/99.6%, 50ms/99.8%, 100ms/99.9%
[75.526s][info][gc,marking  ] GC(126) Mark: 8 stripe(s), 2 proactive flush(es), 1 terminate flush(es), 0 completion(s), 0 continuation(s) 
[75.526s][info][gc,marking  ] GC(126) Mark Stack Usage: 32M
[75.526s][info][gc,nmethod  ] GC(126) NMethods: 740 registered, 12 unregistered
[75.526s][info][gc,metaspace] GC(126) Metaspace: 16M used, 16M committed, 1088M reserved
[75.526s][info][gc,ref      ] GC(126) Soft: 171 encountered, 41 discovered, 0 enqueued
[75.526s][info][gc,ref      ] GC(126) Weak: 971 encountered, 208 discovered, 1 enqueued
[75.526s][info][gc,ref      ] GC(126) Final: 0 encountered, 0 discovered, 0 enqueued
[75.526s][info][gc,ref      ] GC(126) Phantom: 35 encountered, 22 discovered, 0 enqueued
[75.526s][info][gc,reloc    ] GC(126) Small Pages: 512 / 1024M, Empty: 586M, Relocated: 8M, In-Place: 0
[75.526s][info][gc,reloc    ] GC(126) Medium Pages: 0 / 0M, Empty: 0M, Relocated: 0M, In-Place: 0
[75.526s][info][gc,reloc    ] GC(126) Large Pages: 0 / 0M, Empty: 0M, Relocated: 0M, In-Place: 0
[75.526s][info][gc,reloc    ] GC(126) Forwarding Usage: 2M
[75.526s][info][gc,heap     ] GC(126) Min Capacity: 8M(1%)
[75.526s][info][gc,heap     ] GC(126) Max Capacity: 1024M(100%)
[75.526s][info][gc,heap     ] GC(126) Soft Max Capacity: 1024M(100%)
[75.526s][info][gc,heap     ] GC(126)                Mark Start          Mark End        Relocate Start      Relocate End           High               Low         
[75.526s][info][gc,heap     ] GC(126)  Capacity:     1024M (100%)       1024M (100%)       1024M (100%)       1024M (100%)       1024M (100%)       1024M (100%)   
[75.526s][info][gc,heap     ] GC(126)      Free:        0M (0%)            0M (0%)          512M (50%)         614M (60%)         642M (63%)           0M (0%)     
[75.526s][info][gc,heap     ] GC(126)      Used:     1024M (100%)       1024M (100%)        512M (50%)         410M (40%)        1024M (100%)        382M (37%)    
[75.526s][info][gc,heap     ] GC(126)      Live:         -                20M (2%)           20M (2%)           20M (2%)             -                  -          
[75.526s][info][gc,heap     ] GC(126) Allocated:         -                 0M (0%)           74M (7%)          373M (36%)            -                  -          
[75.526s][info][gc,heap     ] GC(126)   Garbage:         -              1003M (98%)         417M (41%)          16M (2%)             -                  -          
[75.526s][info][gc,heap     ] GC(126) Reclaimed:         -                  -               586M (57%)         987M (96%)            -                  -          
[75.526s][info][gc          ] GC(126) Garbage Collection (Allocation Stall) 1024M(100%)->410M(40%)
[75.611s][info][gc,start    ] GC(127) Garbage Collection (Allocation Stall)
[75.611s][info][gc,ref      ] GC(127) Clearing All SoftReferences
[75.611s][info][gc,task     ] GC(127) Using 10 workers
[75.611s][info][gc,ref      ] GC(127) Clearing All SoftReferences
[75.611s][info][gc,phases   ] GC(127) Pause Mark Start 0.047ms
[75.624s][info][gc          ] Allocation Stall (reactors-io-scheduler-ForkJoinPool-1-worker-12) 0.011ms
[75.642s][info][gc,phases   ] GC(127) Concurrent Mark 17.940ms
[75.642s][info][gc,phases   ] GC(127) Pause Mark End 0.014ms
[75.642s][info][gc,phases   ] GC(127) Concurrent Mark Free 0.000ms
[75.642s][info][gc,phases   ] GC(127) Concurrent Process Non-Strong References 0.330ms
[75.642s][info][gc,phases   ] GC(127) Concurrent Reset Relocation Set 0.025ms
[75.642s][info][gc          ] Allocation Stall (reactors-io-scheduler-ForkJoinPool-1-worker-8) 17.077ms
[75.642s][info][gc          ] Allocation Stall (reactors-io-scheduler-ForkJoinPool-1-worker-18) 17.034ms
[75.642s][info][gc          ] Allocation Stall (reactors-io-scheduler-ForkJoinPool-1-worker-17) 16.987ms
[75.642s][info][gc          ] Allocation Stall (reactors-io-scheduler-ForkJoinPool-1-worker-36) 16.963ms
[75.642s][info][gc          ] Allocation Stall (reactors-io-scheduler-ForkJoinPool-1-worker-33) 17.269ms
[75.642s][info][gc          ] Allocation Stall (reactors-io-scheduler-ForkJoinPool-1-worker-9) 17.236ms
[75.642s][info][gc          ] Allocation Stall (reactors-io-scheduler-ForkJoinPool-1-worker-25) 17.132ms
[75.642s][info][gc          ] Allocation Stall (reactors-io-scheduler-ForkJoinPool-1-worker-22) 17.406ms
[75.642s][info][gc          ] Allocation Stall (reactors-io-scheduler-ForkJoinPool-1-worker-40) 18.694ms
[75.642s][info][gc          ] Allocation Stall (reactors-io-scheduler-ForkJoinPool-1-worker-34) 17.297ms
[75.642s][info][gc          ] Allocation Stall (reactors-io-scheduler-ForkJoinPool-1-worker-31) 17.247ms
[75.642s][info][gc          ] Allocation Stall (reactors-io-scheduler-ForkJoinPool-1-worker-43) 17.084ms
[75.642s][info][gc          ] Allocation Stall (reactors-io-scheduler-ForkJoinPool-1-worker-42) 17.263ms
[75.642s][info][gc          ] Allocation Stall (reactors-io-scheduler-ForkJoinPool-1-worker-30) 17.337ms
[75.642s][info][gc          ] Allocation Stall (reactors-io-scheduler-ForkJoinPool-1-worker-26) 17.001ms
[75.642s][info][gc          ] Allocation Stall (reactors-io-scheduler-ForkJoinPool-1-worker-41) 17.003ms
[75.642s][info][gc          ] Allocation Stall (reactors-io-scheduler-ForkJoinPool-1-worker-37) 17.156ms
[75.642s][info][gc          ] Allocation Stall (reactors-io-scheduler-ForkJoinPool-1-worker-24) 17.207ms
[75.642s][info][gc          ] Allocation Stall (reactors-io-scheduler-ForkJoinPool-1-worker-23) 17.137ms
[75.642s][info][gc          ] Allocation Stall (reactors-io-scheduler-ForkJoinPool-1-worker-21) 17.392ms
[75.642s][info][gc          ] Allocation Stall (reactors-io-scheduler-ForkJoinPool-1-worker-7) 17.475ms
[75.642s][info][gc          ] Allocation Stall (reactors-io-scheduler-ForkJoinPool-1-worker-39) 17.451ms
[75.642s][info][gc          ] Allocation Stall (reactors-io-scheduler-ForkJoinPool-1-worker-44) 17.595ms
[75.642s][info][gc          ] Allocation Stall (reactors-io-scheduler-ForkJoinPool-1-worker-19) 17.544ms
[75.643s][info][gc          ] Allocation Stall (reactors-io-scheduler-ForkJoinPool-1-worker-32) 17.202ms
[75.643s][info][gc          ] Allocation Stall (reactors-io-scheduler-ForkJoinPool-1-worker-13) 17.001ms
[75.643s][info][gc          ] Allocation Stall (reactors-io-scheduler-ForkJoinPool-1-worker-35) 17.355ms
[75.643s][info][gc          ] Allocation Stall (reactors-io-scheduler-ForkJoinPool-1-worker-11) 17.112ms
[75.643s][info][gc          ] Allocation Stall (reactors-io-scheduler-ForkJoinPool-1-worker-20) 17.020ms
[75.643s][info][gc          ] Allocation Stall (reactors-io-scheduler-ForkJoinPool-1-worker-14) 17.380ms
[75.643s][info][gc          ] Allocation Stall (reactors-io-scheduler-ForkJoinPool-1-worker-1) 17.881ms
[75.643s][info][gc          ] Allocation Stall (reactors-io-scheduler-ForkJoinPool-1-worker-38) 17.360ms
[75.643s][info][gc          ] Allocation Stall (reactors-io-scheduler-ForkJoinPool-1-worker-47) 17.586ms
[75.643s][info][gc          ] Allocation Stall (reactors-io-scheduler-ForkJoinPool-1-worker-4) 17.601ms
[75.643s][info][gc          ] Allocation Stall (reactors-io-scheduler-ForkJoinPool-1-worker-5) 18.042ms
[75.643s][info][gc          ] Allocation Stall (reactors-io-scheduler-ForkJoinPool-1-worker-16) 17.237ms
[75.643s][info][gc          ] Allocation Stall (reactors-io-scheduler-ForkJoinPool-1-worker-29) 17.531ms
[75.643s][info][gc          ] Allocation Stall (reactors-io-scheduler-ForkJoinPool-1-worker-12) 17.245ms
[75.643s][info][gc          ] Allocation Stall (reactors-io-scheduler-ForkJoinPool-1-worker-6) 17.017ms
[75.643s][info][gc          ] Allocation Stall (reactors-io-scheduler-ForkJoinPool-1-worker-15) 18.618ms
[75.643s][info][gc          ] Allocation Stall (reactors-io-scheduler-ForkJoinPool-1-worker-3) 18.120ms
[75.643s][info][gc          ] Allocation Stall (reactors-io-scheduler-ForkJoinPool-1-worker-28) 17.958ms
[75.643s][info][gc          ] Allocation Stall (reactors-io-scheduler-ForkJoinPool-1-worker-10) 18.024ms
[75.643s][info][gc          ] Allocation Stall (reactors-io-scheduler-ForkJoinPool-1-worker-46) 17.936ms
[75.643s][info][gc          ] Allocation Stall (reactors-io-scheduler-ForkJoinPool-1-worker-45) 17.602ms
[75.643s][info][gc          ] Allocation Stall (reactors-io-scheduler-ForkJoinPool-1-worker-48) 17.572ms
[75.643s][info][gc          ] Allocation Stall (reactors-io-scheduler-ForkJoinPool-1-worker-2) 17.406ms
[75.643s][info][gc          ] Allocation Stall (reactors-io-scheduler-ForkJoinPool-1-worker-27) 17.572ms
[75.650s][info][gc,phases   ] GC(127) Concurrent Select Relocation Set 7.555ms
[75.650s][info][gc,phases   ] GC(127) Pause Relocate Start 0.008ms
[75.693s][info][gc,phases   ] GC(127) Concurrent Relocate 4.389ms
[75.693s][info][gc,load     ] GC(127) Load: 0.00/0.00/0.00
[75.693s][info][gc,mmu      ] GC(127) MMU: 2ms/95.8%, 5ms/98.3%, 10ms/99.2%, 20ms/99.6%, 50ms/99.8%, 100ms/99.9%
[75.693s][info][gc,marking  ] GC(127) Mark: 8 stripe(s), 2 proactive flush(es), 1 terminate flush(es), 0 completion(s), 0 continuation(s) 
[75.693s][info][gc,marking  ] GC(127) Mark Stack Usage: 32M
[75.693s][info][gc,nmethod  ] GC(127) NMethods: 740 registered, 12 unregistered
[75.693s][info][gc,metaspace] GC(127) Metaspace: 16M used, 16M committed, 1088M reserved
[75.693s][info][gc,ref      ] GC(127) Soft: 171 encountered, 56 discovered, 0 enqueued
[75.693s][info][gc,ref      ] GC(127) Weak: 971 encountered, 85 discovered, 3 enqueued
[75.693s][info][gc,ref      ] GC(127) Final: 0 encountered, 0 discovered, 0 enqueued
[75.693s][info][gc,ref      ] GC(127) Phantom: 35 encountered, 25 discovered, 0 enqueued
[75.693s][info][gc,reloc    ] GC(127) Small Pages: 468 / 936M, Empty: 584M, Relocated: 5M, In-Place: 0
[75.693s][info][gc,reloc    ] GC(127) Medium Pages: 0 / 0M, Empty: 0M, Relocated: 0M, In-Place: 0
[75.693s][info][gc,reloc    ] GC(127) Large Pages: 0 / 0M, Empty: 0M, Relocated: 0M, In-Place: 0
[75.693s][info][gc,reloc    ] GC(127) Forwarding Usage: 1M
[75.693s][info][gc,heap     ] GC(127) Min Capacity: 8M(1%)
[75.693s][info][gc,heap     ] GC(127) Max Capacity: 1024M(100%)
[75.693s][info][gc,heap     ] GC(127) Soft Max Capacity: 1024M(100%)
[75.694s][info][gc,heap     ] GC(127)                Mark Start          Mark End        Relocate Start      Relocate End           High               Low         
[75.694s][info][gc,heap     ] GC(127)  Capacity:     1024M (100%)       1024M (100%)       1024M (100%)       1024M (100%)       1024M (100%)       1024M (100%)   
[75.694s][info][gc,heap     ] GC(127)      Free:       88M (9%)            0M (0%)          532M (52%)         564M (55%)         574M (56%)           0M (0%)     
[75.694s][info][gc,heap     ] GC(127)      Used:      936M (91%)        1024M (100%)        492M (48%)         460M (45%)        1024M (100%)        450M (44%)    
[75.694s][info][gc,heap     ] GC(127)      Live:         -                20M (2%)           20M (2%)           20M (2%)             -                  -          
[75.694s][info][gc,heap     ] GC(127) Allocated:         -                88M (9%)          140M (14%)         421M (41%)            -                  -          
[75.694s][info][gc,heap     ] GC(127)   Garbage:         -               915M (89%)         331M (32%)          18M (2%)             -                  -          
[75.694s][info][gc,heap     ] GC(127) Reclaimed:         -                  -               584M (57%)         897M (88%)            -                  -          
[75.694s][info][gc          ] GC(127) Garbage Collection (Allocation Stall) 936M(91%)->460M(45%)
[75.704s][info][gc,start    ] GC(128) Garbage Collection (Allocation Stall)
[75.704s][info][gc,ref      ] GC(128) Clearing All SoftReferences
[75.704s][info][gc,task     ] GC(128) Using 10 workers
[75.705s][info][gc,ref      ] GC(128) Clearing All SoftReferences
[75.705s][info][gc,phases   ] GC(128) Pause Mark Start 0.055ms
[75.798s][info][gc,phases   ] GC(128) Concurrent Mark 21.182ms
[75.798s][info][gc,phases   ] GC(128) Pause Mark End 0.017ms
[75.798s][info][gc,phases   ] GC(128) Concurrent Mark Free 0.001ms
[75.799s][info][gc,phases   ] GC(128) Concurrent Process Non-Strong References 0.381ms
[75.799s][info][gc,phases   ] GC(128) Concurrent Reset Relocation Set 0.020ms
[75.799s][info][gc          ] Allocation Stall (reactors-io-scheduler-ForkJoinPool-1-worker-26) 21.224ms
[75.799s][info][gc          ] Allocation Stall (reactors-io-scheduler-ForkJoinPool-1-worker-11) 21.457ms
[75.799s][info][gc          ] Allocation Stall (reactors-io-scheduler-ForkJoinPool-1-worker-10) 21.060ms
[75.799s][info][gc          ] Allocation Stall (reactors-io-scheduler-ForkJoinPool-1-worker-31) 21.515ms
[75.799s][info][gc          ] Allocation Stall (reactors-io-scheduler-ForkJoinPool-1-worker-25) 21.258ms
[75.799s][info][gc          ] Allocation Stall (reactors-io-scheduler-ForkJoinPool-1-worker-37) 22.074ms
[75.799s][info][gc          ] Allocation Stall (reactors-io-scheduler-ForkJoinPool-1-worker-20) 21.216ms
[75.799s][info][gc          ] Allocation Stall (reactors-io-scheduler-ForkJoinPool-1-worker-45) 21.636ms
[75.799s][info][gc          ] Allocation Stall (reactors-io-scheduler-ForkJoinPool-1-worker-9) 21.195ms
[75.799s][info][gc          ] Allocation Stall (reactors-io-scheduler-ForkJoinPool-1-worker-6) 21.425ms
[75.799s][info][gc          ] Allocation Stall (reactors-io-scheduler-ForkJoinPool-1-worker-8) 21.427ms
[75.799s][info][gc          ] Allocation Stall (reactors-io-scheduler-ForkJoinPool-1-worker-33) 21.127ms
[75.799s][info][gc          ] Allocation Stall (reactors-io-scheduler-ForkJoinPool-1-worker-35) 21.509ms
[75.799s][info][gc          ] Allocation Stall (reactors-io-scheduler-ForkJoinPool-1-worker-3) 21.501ms
[75.799s][info][gc          ] Allocation Stall (reactors-io-scheduler-ForkJoinPool-1-worker-46) 21.088ms
[75.799s][info][gc          ] Allocation Stall (reactors-io-scheduler-ForkJoinPool-1-worker-19) 21.901ms
[75.799s][info][gc          ] Allocation Stall (reactors-io-scheduler-ForkJoinPool-1-worker-2) 21.976ms
[75.799s][info][gc          ] Allocation Stall (reactors-io-scheduler-ForkJoinPool-1-worker-12) 21.580ms
[75.799s][info][gc          ] Allocation Stall (reactors-io-scheduler-ForkJoinPool-1-worker-41) 21.174ms
[75.799s][info][gc          ] Allocation Stall (reactors-io-scheduler-ForkJoinPool-1-worker-23) 21.678ms
[75.799s][info][gc          ] Allocation Stall (reactors-io-scheduler-ForkJoinPool-1-worker-42) 21.950ms
[75.799s][info][gc          ] Allocation Stall (reactors-io-scheduler-ForkJoinPool-1-worker-24) 21.384ms
[75.799s][info][gc          ] Allocation Stall (reactors-io-scheduler-ForkJoinPool-1-worker-22) 21.995ms
[75.799s][info][gc          ] Allocation Stall (reactors-io-scheduler-ForkJoinPool-1-worker-40) 21.246ms
[75.799s][info][gc          ] Allocation Stall (reactors-io-scheduler-ForkJoinPool-1-worker-4) 22.011ms
[75.799s][info][gc          ] Allocation Stall (reactors-io-scheduler-ForkJoinPool-1-worker-5) 22.095ms
[75.799s][info][gc          ] Allocation Stall (reactors-io-scheduler-ForkJoinPool-1-worker-16) 21.832ms
[75.799s][info][gc          ] Allocation Stall (reactors-io-scheduler-ForkJoinPool-1-worker-7) 21.164ms
[75.799s][info][gc          ] Allocation Stall (reactors-io-scheduler-ForkJoinPool-1-worker-34) 21.501ms
[75.799s][info][gc          ] Allocation Stall (reactors-io-scheduler-ForkJoinPool-1-worker-48) 21.143ms
[75.799s][info][gc          ] Allocation Stall (reactors-io-scheduler-ForkJoinPool-1-worker-44) 21.966ms
[75.799s][info][gc          ] Allocation Stall (reactors-io-scheduler-ForkJoinPool-1-worker-39) 21.381ms
[75.799s][info][gc          ] Allocation Stall (reactors-io-scheduler-ForkJoinPool-1-worker-29) 21.492ms
[75.799s][info][gc          ] Allocation Stall (reactors-io-scheduler-ForkJoinPool-1-worker-30) 21.289ms
[75.799s][info][gc          ] Allocation Stall (reactors-io-scheduler-ForkJoinPool-1-worker-43) 21.444ms
[75.799s][info][gc          ] Allocation Stall (reactors-io-scheduler-ForkJoinPool-1-worker-28) 21.854ms
[75.799s][info][gc          ] Allocation Stall (reactors-io-scheduler-ForkJoinPool-1-worker-21) 21.927ms
[75.799s][info][gc          ] Allocation Stall (reactors-io-scheduler-ForkJoinPool-1-worker-27) 21.307ms
[75.799s][info][gc          ] Allocation Stall (reactors-io-scheduler-ForkJoinPool-1-worker-47) 21.787ms
[75.799s][info][gc          ] Allocation Stall (reactors-io-scheduler-ForkJoinPool-1-worker-36) 22.142ms
[75.799s][info][gc          ] Allocation Stall (reactors-io-scheduler-ForkJoinPool-1-worker-14) 21.344ms
[75.799s][info][gc          ] Allocation Stall (reactors-io-scheduler-ForkJoinPool-1-worker-38) 21.663ms
[75.799s][info][gc          ] Allocation Stall (reactors-io-scheduler-ForkJoinPool-1-worker-1) 21.658ms
[75.799s][info][gc          ] Allocation Stall (reactors-io-scheduler-ForkJoinPool-1-worker-18) 21.390ms
[75.799s][info][gc          ] Allocation Stall (reactors-io-scheduler-ForkJoinPool-1-worker-15) 21.428ms
[75.799s][info][gc          ] Allocation Stall (reactors-io-scheduler-ForkJoinPool-1-worker-17) 21.244ms
[75.799s][info][gc          ] Allocation Stall (reactors-io-scheduler-ForkJoinPool-1-worker-32) 21.845ms
[75.799s][info][gc          ] Allocation Stall (reactors-io-scheduler-ForkJoinPool-1-worker-13) 21.338ms
[75.804s][info][gc,phases   ] GC(128) Concurrent Select Relocation Set 4.893ms
[75.804s][info][gc,phases   ] GC(128) Pause Relocate Start 0.010ms
[75.837s][info][gc,phases   ] GC(128) Concurrent Relocate 4.027ms
[75.837s][info][gc,load     ] GC(128) Load: 0.00/0.00/0.00
[75.837s][info][gc,mmu      ] GC(128) MMU: 2ms/95.8%, 5ms/98.3%, 10ms/99.2%, 20ms/99.6%, 50ms/99.8%, 100ms/99.9%
[75.837s][info][gc,marking  ] GC(128) Mark: 8 stripe(s), 2 proactive flush(es), 1 terminate flush(es), 0 completion(s), 0 continuation(s) 
[75.837s][info][gc,marking  ] GC(128) Mark Stack Usage: 32M
[75.837s][info][gc,nmethod  ] GC(128) NMethods: 740 registered, 12 unregistered
[75.837s][info][gc,metaspace] GC(128) Metaspace: 16M used, 16M committed, 1088M reserved
[75.837s][info][gc,ref      ] GC(128) Soft: 171 encountered, 51 discovered, 0 enqueued
[75.837s][info][gc,ref      ] GC(128) Weak: 968 encountered, 35 discovered, 0 enqueued
[75.837s][info][gc,ref      ] GC(128) Final: 0 encountered, 0 discovered, 0 enqueued
[75.837s][info][gc,ref      ] GC(128) Phantom: 35 encountered, 22 discovered, 0 enqueued
[75.837s][info][gc,reloc    ] GC(128) Small Pages: 268 / 536M, Empty: 204M, Relocated: 5M, In-Place: 8
[75.837s][info][gc,reloc    ] GC(128) Medium Pages: 0 / 0M, Empty: 0M, Relocated: 0M, In-Place: 0
[75.837s][info][gc,reloc    ] GC(128) Large Pages: 0 / 0M, Empty: 0M, Relocated: 0M, In-Place: 0
[75.837s][info][gc,reloc    ] GC(128) Forwarding Usage: 1M
[75.837s][info][gc,heap     ] GC(128) Min Capacity: 8M(1%)
[75.837s][info][gc,heap     ] GC(128) Max Capacity: 1024M(100%)
[75.837s][info][gc,heap     ] GC(128) Soft Max Capacity: 1024M(100%)
[75.837s][info][gc,heap     ] GC(128)                Mark Start          Mark End        Relocate Start      Relocate End           High               Low         
[75.837s][info][gc,heap     ] GC(128)  Capacity:     1024M (100%)       1024M (100%)       1024M (100%)       1024M (100%)       1024M (100%)       1024M (100%)   
[75.837s][info][gc,heap     ] GC(128)      Free:      488M (48%)           0M (0%)          168M (16%)         270M (26%)         488M (48%)           0M (0%)     
[75.837s][info][gc,heap     ] GC(128)      Used:      536M (52%)        1024M (100%)        856M (84%)         754M (74%)        1024M (100%)        536M (52%)    
[75.837s][info][gc,heap     ] GC(128)      Live:         -                20M (2%)           20M (2%)           20M (2%)             -                  -          
[75.837s][info][gc,heap     ] GC(128) Allocated:         -               488M (48%)         524M (51%)         715M (70%)            -                  -          
[75.837s][info][gc,heap     ] GC(128)   Garbage:         -               515M (50%)         311M (30%)          17M (2%)             -                  -          
[75.837s][info][gc,heap     ] GC(128) Reclaimed:         -                  -               204M (20%)         497M (49%)            -                  -          
[75.837s][info][gc          ] GC(128) Garbage Collection (Allocation Stall) 536M(52%)->754M(74%)
[75.838s][info][gc          ] Allocation Stall (reactors-io-scheduler-ForkJoinPool-1-worker-42) 4.884ms
[75.882s][info][gc,start    ] GC(129) Garbage Collection (Allocation Stall)
[75.882s][info][gc,ref      ] GC(129) Clearing All SoftReferences
[75.882s][info][gc,task     ] GC(129) Using 10 workers
[75.883s][info][gc,ref      ] GC(129) Clearing All SoftReferences
[75.883s][info][gc,phases   ] GC(129) Pause Mark Start 0.044ms
[75.892s][info][gc,phases   ] GC(129) Concurrent Mark 8.924ms
[75.892s][info][gc,phases   ] GC(129) Pause Mark End 0.012ms
[75.892s][info][gc,phases   ] GC(129) Concurrent Mark Free 0.001ms
[75.893s][info][gc,phases   ] GC(129) Concurrent Process Non-Strong References 0.813ms
[75.893s][info][gc,phases   ] GC(129) Concurrent Reset Relocation Set 0.019ms
[75.893s][info][gc          ] Allocation Stall (reactors-io-scheduler-ForkJoinPool-1-worker-1) 10.057ms
[75.893s][info][gc          ] Allocation Stall (reactors-io-scheduler-ForkJoinPool-1-worker-46) 10.063ms
[75.893s][info][gc          ] Allocation Stall (reactors-io-scheduler-ForkJoinPool-1-worker-4) 10.056ms
[75.893s][info][gc          ] Allocation Stall (reactors-io-scheduler-ForkJoinPool-1-worker-47) 10.033ms
[75.893s][info][gc          ] Allocation Stall (reactors-io-scheduler-ForkJoinPool-1-worker-38) 10.064ms
[75.893s][info][gc          ] Allocation Stall (reactors-io-scheduler-ForkJoinPool-1-worker-35) 10.045ms
[75.893s][info][gc          ] Allocation Stall (reactors-io-scheduler-ForkJoinPool-1-worker-22) 10.047ms
[75.893s][info][gc          ] Allocation Stall (reactors-io-scheduler-ForkJoinPool-1-worker-18) 10.036ms
[75.893s][info][gc          ] Allocation Stall (reactors-io-scheduler-ForkJoinPool-1-worker-37) 10.080ms
[75.893s][info][gc          ] Allocation Stall (reactors-io-scheduler-ForkJoinPool-1-worker-45) 10.084ms
[75.893s][info][gc          ] Allocation Stall (reactors-io-scheduler-ForkJoinPool-1-worker-12) 10.078ms
[75.893s][info][gc          ] Allocation Stall (reactors-io-scheduler-ForkJoinPool-1-worker-17) 10.079ms
[75.893s][info][gc          ] Allocation Stall (reactors-io-scheduler-ForkJoinPool-1-worker-41) 10.073ms
[75.893s][info][gc          ] Allocation Stall (reactors-io-scheduler-ForkJoinPool-1-worker-26) 10.081ms
[75.893s][info][gc          ] Allocation Stall (reactors-io-scheduler-ForkJoinPool-1-worker-13) 10.079ms
[75.893s][info][gc          ] Allocation Stall (reactors-io-scheduler-ForkJoinPool-1-worker-33) 10.069ms
[75.893s][info][gc          ] Allocation Stall (reactors-io-scheduler-ForkJoinPool-1-worker-36) 10.087ms
[75.893s][info][gc          ] Allocation Stall (reactors-io-scheduler-ForkJoinPool-1-worker-30) 10.090ms
[75.893s][info][gc          ] Allocation Stall (reactors-io-scheduler-ForkJoinPool-1-worker-32) 10.079ms
[75.893s][info][gc          ] Allocation Stall (reactors-io-scheduler-ForkJoinPool-1-worker-42) 10.073ms
[75.893s][info][gc          ] Allocation Stall (reactors-io-scheduler-ForkJoinPool-1-worker-34) 10.675ms
[75.893s][info][gc          ] Allocation Stall (reactors-io-scheduler-ForkJoinPool-1-worker-43) 10.081ms
[75.893s][info][gc          ] Allocation Stall (reactors-io-scheduler-ForkJoinPool-1-worker-44) 10.075ms
[75.893s][info][gc          ] Allocation Stall (reactors-io-scheduler-ForkJoinPool-1-worker-19) 10.067ms
[75.893s][info][gc          ] Allocation Stall (reactors-io-scheduler-ForkJoinPool-1-worker-48) 10.699ms
[75.893s][info][gc          ] Allocation Stall (reactors-io-scheduler-ForkJoinPool-1-worker-11) 10.157ms
[75.893s][info][gc          ] Allocation Stall (reactors-io-scheduler-ForkJoinPool-1-worker-23) 10.154ms
[75.893s][info][gc          ] Allocation Stall (reactors-io-scheduler-ForkJoinPool-1-worker-24) 10.112ms
[75.893s][info][gc          ] Allocation Stall (reactors-io-scheduler-ForkJoinPool-1-worker-10) 10.066ms
[75.893s][info][gc          ] Allocation Stall (reactors-io-scheduler-ForkJoinPool-1-worker-29) 10.126ms
[75.893s][info][gc          ] Allocation Stall (reactors-io-scheduler-ForkJoinPool-1-worker-40) 10.136ms
[75.893s][info][gc          ] Allocation Stall (reactors-io-scheduler-ForkJoinPool-1-worker-7) 10.151ms
[75.893s][info][gc          ] Allocation Stall (reactors-io-scheduler-ForkJoinPool-1-worker-25) 10.143ms
[75.893s][info][gc          ] Allocation Stall (reactors-io-scheduler-ForkJoinPool-1-worker-31) 10.147ms
[75.893s][info][gc          ] Allocation Stall (reactors-io-scheduler-ForkJoinPool-1-worker-2) 10.142ms
[75.893s][info][gc          ] Allocation Stall (reactors-io-scheduler-ForkJoinPool-1-worker-8) 10.134ms
[75.893s][info][gc          ] Allocation Stall (reactors-io-scheduler-ForkJoinPool-1-worker-27) 10.188ms
[75.893s][info][gc          ] Allocation Stall (reactors-io-scheduler-ForkJoinPool-1-worker-6) 10.178ms
[75.893s][info][gc          ] Allocation Stall (reactors-io-scheduler-ForkJoinPool-1-worker-20) 10.157ms
[75.893s][info][gc          ] Allocation Stall (reactors-io-scheduler-ForkJoinPool-1-worker-14) 10.191ms
[75.893s][info][gc          ] Allocation Stall (reactors-io-scheduler-ForkJoinPool-1-worker-3) 10.184ms
[75.893s][info][gc          ] Allocation Stall (reactors-io-scheduler-ForkJoinPool-1-worker-16) 10.177ms
[75.893s][info][gc          ] Allocation Stall (reactors-io-scheduler-ForkJoinPool-1-worker-21) 10.189ms
[75.893s][info][gc          ] Allocation Stall (reactors-io-scheduler-ForkJoinPool-1-worker-15) 10.174ms
[75.893s][info][gc          ] Allocation Stall (reactors-io-scheduler-ForkJoinPool-1-worker-39) 10.185ms
[75.893s][info][gc          ] Allocation Stall (reactors-io-scheduler-ForkJoinPool-1-worker-9) 10.164ms
[75.893s][info][gc          ] Allocation Stall (reactors-io-scheduler-ForkJoinPool-1-worker-5) 10.194ms
[75.893s][info][gc          ] Allocation Stall (reactors-io-scheduler-ForkJoinPool-1-worker-28) 10.196ms
[75.899s][info][gc,phases   ] GC(129) Concurrent Select Relocation Set 6.430ms
[75.899s][info][gc,phases   ] GC(129) Pause Relocate Start 0.008ms
[75.906s][info][gc,phases   ] GC(129) Concurrent Relocate 3.266ms
[75.906s][info][gc,load     ] GC(129) Load: 0.00/0.00/0.00
[75.906s][info][gc,mmu      ] GC(129) MMU: 2ms/95.8%, 5ms/98.3%, 10ms/99.2%, 20ms/99.6%, 50ms/99.8%, 100ms/99.9%
[75.906s][info][gc,marking  ] GC(129) Mark: 8 stripe(s), 2 proactive flush(es), 1 terminate flush(es), 0 completion(s), 0 continuation(s) 
[75.906s][info][gc,marking  ] GC(129) Mark Stack Usage: 32M
[75.906s][info][gc,nmethod  ] GC(129) NMethods: 740 registered, 12 unregistered
[75.906s][info][gc,metaspace] GC(129) Metaspace: 16M used, 16M committed, 1088M reserved
[75.906s][info][gc,ref      ] GC(129) Soft: 171 encountered, 49 discovered, 0 enqueued
[75.906s][info][gc,ref      ] GC(129) Weak: 968 encountered, 30 discovered, 1 enqueued
[75.906s][info][gc,ref      ] GC(129) Final: 0 encountered, 0 discovered, 0 enqueued
[75.906s][info][gc,ref      ] GC(129) Phantom: 35 encountered, 20 discovered, 0 enqueued
[75.906s][info][gc,reloc    ] GC(129) Small Pages: 512 / 1024M, Empty: 850M, Relocated: 4M, In-Place: 0
[75.906s][info][gc,reloc    ] GC(129) Medium Pages: 0 / 0M, Empty: 0M, Relocated: 0M, In-Place: 0
[75.906s][info][gc,reloc    ] GC(129) Large Pages: 0 / 0M, Empty: 0M, Relocated: 0M, In-Place: 0
[75.906s][info][gc,reloc    ] GC(129) Forwarding Usage: 1M
[75.906s][info][gc,heap     ] GC(129) Min Capacity: 8M(1%)
[75.906s][info][gc,heap     ] GC(129) Max Capacity: 1024M(100%)
[75.906s][info][gc,heap     ] GC(129) Soft Max Capacity: 1024M(100%)
[75.906s][info][gc,heap     ] GC(129)                Mark Start          Mark End        Relocate Start      Relocate End           High               Low         
[75.906s][info][gc,heap     ] GC(129)  Capacity:     1024M (100%)       1024M (100%)       1024M (100%)       1024M (100%)       1024M (100%)       1024M (100%)   
[75.906s][info][gc,heap     ] GC(129)      Free:        0M (0%)            0M (0%)          804M (79%)         904M (88%)         910M (89%)           0M (0%)     
[75.906s][info][gc,heap     ] GC(129)      Used:     1024M (100%)       1024M (100%)        220M (21%)         120M (12%)        1024M (100%)        114M (11%)    
[75.906s][info][gc,heap     ] GC(129)      Live:         -                19M (2%)           19M (2%)           19M (2%)             -                  -          
[75.906s][info][gc,heap     ] GC(129) Allocated:         -                 0M (0%)           46M (4%)           81M (8%)             -                  -          
[75.907s][info][gc,heap     ] GC(129)   Garbage:         -              1004M (98%)         154M (15%)          18M (2%)             -                  -          
[75.907s][info][gc,heap     ] GC(129) Reclaimed:         -                  -               850M (83%)         985M (96%)            -                  -          
[75.907s][info][gc          ] GC(129) Garbage Collection (Allocation Stall) 1024M(100%)->120M(12%)
[75.907s][info][gc,start    ] GC(130) Garbage Collection (Allocation Stall)
[75.907s][info][gc,ref      ] GC(130) Clearing All SoftReferences
[75.907s][info][gc,task     ] GC(130) Using 10 workers
[75.908s][info][gc,ref      ] GC(130) Clearing All SoftReferences
[75.908s][info][gc,phases   ] GC(130) Pause Mark Start 0.034ms
[75.939s][info][gc,phases   ] GC(130) Concurrent Mark 20.454ms
[75.939s][info][gc,phases   ] GC(130) Pause Mark End 0.019ms
[75.939s][info][gc,phases   ] GC(130) Concurrent Mark Free 0.001ms
[75.939s][info][gc,phases   ] GC(130) Concurrent Process Non-Strong References 0.367ms
[75.939s][info][gc,phases   ] GC(130) Concurrent Reset Relocation Set 0.011ms
[75.943s][info][gc,phases   ] GC(130) Concurrent Select Relocation Set 3.681ms
[75.943s][info][gc,phases   ] GC(130) Pause Relocate Start 0.005ms
[75.944s][info][gc,phases   ] GC(130) Concurrent Relocate 1.364ms
[75.944s][info][gc,load     ] GC(130) Load: 0.00/0.00/0.00
[75.944s][info][gc,mmu      ] GC(130) MMU: 2ms/95.8%, 5ms/98.3%, 10ms/99.2%, 20ms/99.6%, 50ms/99.8%, 100ms/99.9%
[75.944s][info][gc,marking  ] GC(130) Mark: 8 stripe(s), 2 proactive flush(es), 1 terminate flush(es), 0 completion(s), 0 continuation(s) 
[75.944s][info][gc,marking  ] GC(130) Mark Stack Usage: 32M
[75.944s][info][gc,nmethod  ] GC(130) NMethods: 740 registered, 12 unregistered
[75.944s][info][gc,metaspace] GC(130) Metaspace: 16M used, 16M committed, 1088M reserved
[75.945s][info][gc,ref      ] GC(130) Soft: 171 encountered, 54 discovered, 0 enqueued
[75.945s][info][gc,ref      ] GC(130) Weak: 968 encountered, 34 discovered, 0 enqueued
[75.945s][info][gc,ref      ] GC(130) Final: 0 encountered, 0 discovered, 0 enqueued
[75.945s][info][gc,ref      ] GC(130) Phantom: 35 encountered, 23 discovered, 0 enqueued
[75.945s][info][gc,reloc    ] GC(130) Small Pages: 65 / 130M, Empty: 20M, Relocated: 4M, In-Place: 0
[75.945s][info][gc,reloc    ] GC(130) Medium Pages: 0 / 0M, Empty: 0M, Relocated: 0M, In-Place: 0
[75.945s][info][gc,reloc    ] GC(130) Large Pages: 0 / 0M, Empty: 0M, Relocated: 0M, In-Place: 0
[75.945s][info][gc,reloc    ] GC(130) Forwarding Usage: 1M
[75.945s][info][gc,heap     ] GC(130) Min Capacity: 8M(1%)
[75.945s][info][gc,heap     ] GC(130) Max Capacity: 1024M(100%)
[75.945s][info][gc,heap     ] GC(130) Soft Max Capacity: 1024M(100%)
[75.945s][info][gc,heap     ] GC(130)                Mark Start          Mark End        Relocate Start      Relocate End           High               Low         
[75.945s][info][gc,heap     ] GC(130)  Capacity:     1024M (100%)       1024M (100%)       1024M (100%)       1024M (100%)       1024M (100%)       1024M (100%)   
[75.945s][info][gc,heap     ] GC(130)      Free:      894M (87%)         772M (75%)         788M (77%)         858M (84%)         894M (87%)         768M (75%)    
[75.945s][info][gc,heap     ] GC(130)      Used:      130M (13%)         252M (25%)         236M (23%)         166M (16%)         256M (25%)         130M (13%)    
[75.945s][info][gc,heap     ] GC(130)      Live:         -                19M (2%)           19M (2%)           19M (2%)             -                  -          
[75.945s][info][gc,heap     ] GC(130) Allocated:         -               122M (12%)         126M (12%)         127M (12%)            -                  -          
[75.945s][info][gc,heap     ] GC(130)   Garbage:         -               110M (11%)          90M (9%)           18M (2%)             -                  -          
[75.945s][info][gc,heap     ] GC(130) Reclaimed:         -                  -                20M (2%)           91M (9%)             -                  -          
[75.945s][info][gc          ] GC(130) Garbage Collection (Allocation Stall) 130M(13%)->166M(16%)
[76.001s][info][gc,start    ] GC(131) Garbage Collection (Allocation Rate)
[76.023s][info][gc,task     ] GC(131) Using 10 workers
[76.023s][info][gc,phases   ] GC(131) Pause Mark Start 0.016ms
[76.064s][info][gc,phases   ] GC(131) Concurrent Mark 40.232ms
[76.064s][info][gc,phases   ] GC(131) Pause Mark End 0.013ms
[76.064s][info][gc,phases   ] GC(131) Concurrent Mark Free 0.001ms
[76.064s][info][gc,phases   ] GC(131) Concurrent Process Non-Strong References 0.327ms
[76.064s][info][gc,phases   ] GC(131) Concurrent Reset Relocation Set 0.009ms
[76.072s][info][gc,phases   ] GC(131) Concurrent Select Relocation Set 7.813ms
[76.072s][info][gc,phases   ] GC(131) Pause Relocate Start 0.008ms
[76.083s][info][gc,phases   ] GC(131) Concurrent Relocate 10.900ms
[76.083s][info][gc,load     ] GC(131) Load: 0.00/0.00/0.00
[76.083s][info][gc,mmu      ] GC(131) MMU: 2ms/95.8%, 5ms/98.3%, 10ms/99.2%, 20ms/99.6%, 50ms/99.8%, 100ms/99.9%
[76.083s][info][gc,marking  ] GC(131) Mark: 8 stripe(s), 2 proactive flush(es), 1 terminate flush(es), 0 completion(s), 0 continuation(s) 
[76.083s][info][gc,marking  ] GC(131) Mark Stack Usage: 32M
[76.083s][info][gc,nmethod  ] GC(131) NMethods: 740 registered, 12 unregistered
[76.083s][info][gc,metaspace] GC(131) Metaspace: 16M used, 16M committed, 1088M reserved
[76.083s][info][gc,ref      ] GC(131) Soft: 171 encountered, 0 discovered, 0 enqueued
[76.083s][info][gc,ref      ] GC(131) Weak: 969 encountered, 37 discovered, 0 enqueued
[76.083s][info][gc,ref      ] GC(131) Final: 0 encountered, 0 discovered, 0 enqueued
[76.083s][info][gc,ref      ] GC(131) Phantom: 35 encountered, 19 discovered, 0 enqueued
[76.083s][info][gc,reloc    ] GC(131) Small Pages: 114 / 228M, Empty: 58M, Relocated: 38M, In-Place: 0
[76.083s][info][gc,reloc    ] GC(131) Medium Pages: 1 / 32M, Empty: 0M, Relocated: 0M, In-Place: 0
[76.083s][info][gc,reloc    ] GC(131) Large Pages: 0 / 0M, Empty: 0M, Relocated: 0M, In-Place: 0
[76.083s][info][gc,reloc    ] GC(131) Forwarding Usage: 16M
[76.083s][info][gc,heap     ] GC(131) Min Capacity: 8M(1%)
[76.083s][info][gc,heap     ] GC(131) Max Capacity: 1024M(100%)
[76.083s][info][gc,heap     ] GC(131) Soft Max Capacity: 1024M(100%)
[76.083s][info][gc,heap     ] GC(131)                Mark Start          Mark End        Relocate Start      Relocate End           High               Low         
[76.083s][info][gc,heap     ] GC(131)  Capacity:     1024M (100%)       1024M (100%)       1024M (100%)       1024M (100%)       1024M (100%)       1024M (100%)   
[76.083s][info][gc,heap     ] GC(131)      Free:      764M (75%)         706M (69%)         754M (74%)         778M (76%)         778M (76%)         702M (69%)    
[76.083s][info][gc,heap     ] GC(131)      Used:      260M (25%)         318M (31%)         270M (26%)         246M (24%)         322M (31%)         246M (24%)    
[76.083s][info][gc,heap     ] GC(131)      Live:         -               102M (10%)         102M (10%)         102M (10%)            -                  -          
[76.083s][info][gc,heap     ] GC(131) Allocated:         -                58M (6%)           68M (7%)           77M (8%)             -                  -          
[76.083s][info][gc,heap     ] GC(131)   Garbage:         -               157M (15%)          99M (10%)          65M (6%)             -                  -          
[76.083s][info][gc,heap     ] GC(131) Reclaimed:         -                  -                58M (6%)           91M (9%)             -                  -          
[76.084s][info][gc          ] GC(131) Garbage Collection (Allocation Rate) 260M(25%)->246M(24%)
[76.110s][info][gc,start    ] GC(132) Garbage Collection (Allocation Rate)
[76.111s][info][gc,task     ] GC(132) Using 10 workers
[76.111s][info][gc,phases   ] GC(132) Pause Mark Start 0.013ms
[76.189s][info][gc,phases   ] GC(132) Concurrent Mark 77.757ms
[76.189s][info][gc,phases   ] GC(132) Pause Mark End 0.019ms
[76.189s][info][gc,phases   ] GC(132) Concurrent Mark Free 0.001ms
[76.189s][info][gc,phases   ] GC(132) Concurrent Process Non-Strong References 0.429ms
[76.189s][info][gc,phases   ] GC(132) Concurrent Reset Relocation Set 0.005ms
[76.208s][info][gc,phases   ] GC(132) Concurrent Select Relocation Set 18.830ms
[76.208s][info][gc,phases   ] GC(132) Pause Relocate Start 0.013ms
[76.227s][info][gc,phases   ] GC(132) Concurrent Relocate 18.893ms
[76.227s][info][gc,load     ] GC(132) Load: 0.00/0.00/0.00
[76.227s][info][gc,mmu      ] GC(132) MMU: 2ms/95.8%, 5ms/98.3%, 10ms/99.2%, 20ms/99.6%, 50ms/99.8%, 100ms/99.9%
[76.227s][info][gc,marking  ] GC(132) Mark: 8 stripe(s), 2 proactive flush(es), 1 terminate flush(es), 0 completion(s), 0 continuation(s) 
[76.227s][info][gc,marking  ] GC(132) Mark Stack Usage: 32M
[76.227s][info][gc,nmethod  ] GC(132) NMethods: 740 registered, 12 unregistered
[76.227s][info][gc,metaspace] GC(132) Metaspace: 16M used, 16M committed, 1088M reserved
[76.227s][info][gc,ref      ] GC(132) Soft: 171 encountered, 0 discovered, 0 enqueued
[76.227s][info][gc,ref      ] GC(132) Weak: 969 encountered, 177 discovered, 0 enqueued
[76.227s][info][gc,ref      ] GC(132) Final: 0 encountered, 0 discovered, 0 enqueued
[76.227s][info][gc,ref      ] GC(132) Phantom: 35 encountered, 17 discovered, 0 enqueued
[76.227s][info][gc,reloc    ] GC(132) Small Pages: 124 / 248M, Empty: 0M, Relocated: 52M, In-Place: 0
[76.227s][info][gc,reloc    ] GC(132) Medium Pages: 1 / 32M, Empty: 0M, Relocated: 0M, In-Place: 0
[76.227s][info][gc,reloc    ] GC(132) Large Pages: 0 / 0M, Empty: 0M, Relocated: 0M, In-Place: 0
[76.227s][info][gc,reloc    ] GC(132) Forwarding Usage: 22M
[76.227s][info][gc,heap     ] GC(132) Min Capacity: 8M(1%)
[76.227s][info][gc,heap     ] GC(132) Max Capacity: 1024M(100%)
[76.227s][info][gc,heap     ] GC(132) Soft Max Capacity: 1024M(100%)
[76.227s][info][gc,heap     ] GC(132)                Mark Start          Mark End        Relocate Start      Relocate End           High               Low         
[76.227s][info][gc,heap     ] GC(132)  Capacity:     1024M (100%)       1024M (100%)       1024M (100%)       1024M (100%)       1024M (100%)       1024M (100%)   
[76.227s][info][gc,heap     ] GC(132)      Free:      744M (73%)         654M (64%)         632M (62%)         650M (63%)         744M (73%)         612M (60%)    
[76.227s][info][gc,heap     ] GC(132)      Used:      280M (27%)         370M (36%)         392M (38%)         374M (37%)         412M (40%)         280M (27%)    
[76.227s][info][gc,heap     ] GC(132)      Live:         -               169M (17%)         169M (17%)         169M (17%)            -                  -          
[76.228s][info][gc,heap     ] GC(132) Allocated:         -                90M (9%)          112M (11%)         129M (13%)            -                  -          
[76.228s][info][gc,heap     ] GC(132)   Garbage:         -               110M (11%)         110M (11%)          75M (7%)             -                  -          
[76.228s][info][gc,heap     ] GC(132) Reclaimed:         -                  -                 0M (0%)           35M (3%)             -                  -          
[76.228s][info][gc          ] GC(132) Garbage Collection (Allocation Rate) 280M(27%)->374M(37%)
[76.298s][info][gc,start    ] GC(133) Garbage Collection (Allocation Rate)
[76.298s][info][gc,task     ] GC(133) Using 10 workers
[76.298s][info][gc,phases   ] GC(133) Pause Mark Start 0.018ms
[76.407s][info][gc,phases   ] GC(133) Concurrent Mark 108.911ms
[76.407s][info][gc,phases   ] GC(133) Pause Mark End 0.014ms
[76.407s][info][gc,phases   ] GC(133) Concurrent Mark Free 0.001ms
[76.408s][info][gc,phases   ] GC(133) Concurrent Process Non-Strong References 0.314ms
[76.408s][info][gc,phases   ] GC(133) Concurrent Reset Relocation Set 0.004ms
[76.410s][info][gc,phases   ] GC(133) Concurrent Select Relocation Set 2.730ms
[76.411s][info][gc,phases   ] GC(133) Pause Relocate Start 0.005ms
[76.425s][info][gc,phases   ] GC(133) Concurrent Relocate 14.708ms
[76.425s][info][gc,load     ] GC(133) Load: 0.00/0.00/0.00
[76.425s][info][gc,mmu      ] GC(133) MMU: 2ms/95.8%, 5ms/98.3%, 10ms/99.2%, 20ms/99.6%, 50ms/99.8%, 100ms/99.9%
[76.425s][info][gc,marking  ] GC(133) Mark: 8 stripe(s), 2 proactive flush(es), 1 terminate flush(es), 0 completion(s), 0 continuation(s) 
[76.425s][info][gc,marking  ] GC(133) Mark Stack Usage: 32M
[76.425s][info][gc,nmethod  ] GC(133) NMethods: 740 registered, 12 unregistered
[76.425s][info][gc,metaspace] GC(133) Metaspace: 16M used, 16M committed, 1088M reserved
[76.425s][info][gc,ref      ] GC(133) Soft: 171 encountered, 0 discovered, 0 enqueued
[76.425s][info][gc,ref      ] GC(133) Weak: 969 encountered, 159 discovered, 0 enqueued
[76.425s][info][gc,ref      ] GC(133) Final: 0 encountered, 0 discovered, 0 enqueued
[76.426s][info][gc,ref      ] GC(133) Phantom: 35 encountered, 23 discovered, 0 enqueued
[76.426s][info][gc,reloc    ] GC(133) Small Pages: 210 / 420M, Empty: 0M, Relocated: 52M, In-Place: 0
[76.426s][info][gc,reloc    ] GC(133) Medium Pages: 1 / 32M, Empty: 0M, Relocated: 0M, In-Place: 0
[76.426s][info][gc,reloc    ] GC(133) Large Pages: 0 / 0M, Empty: 0M, Relocated: 0M, In-Place: 0
[76.426s][info][gc,reloc    ] GC(133) Forwarding Usage: 22M
[76.426s][info][gc,heap     ] GC(133) Min Capacity: 8M(1%)
[76.426s][info][gc,heap     ] GC(133) Max Capacity: 1024M(100%)
[76.426s][info][gc,heap     ] GC(133) Soft Max Capacity: 1024M(100%)
[76.426s][info][gc,heap     ] GC(133)                Mark Start          Mark End        Relocate Start      Relocate End           High               Low         
[76.426s][info][gc,heap     ] GC(133)  Capacity:     1024M (100%)       1024M (100%)       1024M (100%)       1024M (100%)       1024M (100%)       1024M (100%)   
[76.426s][info][gc,heap     ] GC(133)      Free:      572M (56%)         482M (47%)         478M (47%)         506M (49%)         572M (56%)         458M (45%)    
[76.426s][info][gc,heap     ] GC(133)      Used:      452M (44%)         542M (53%)         546M (53%)         518M (51%)         566M (55%)         452M (44%)    
[76.426s][info][gc,heap     ] GC(133)      Live:         -               302M (30%)         302M (30%)         302M (30%)            -                  -          
[76.426s][info][gc,heap     ] GC(133) Allocated:         -                90M (9%)           94M (9%)           99M (10%)            -                  -          
[76.426s][info][gc,heap     ] GC(133)   Garbage:         -               149M (15%)         149M (15%)         115M (11%)            -                  -          
[76.426s][info][gc,heap     ] GC(133) Reclaimed:         -                  -                 0M (0%)           33M (3%)             -                  -          
[76.426s][info][gc          ] GC(133) Garbage Collection (Allocation Rate) 452M(44%)->518M(51%)
[76.501s][info][gc,start    ] GC(134) Garbage Collection (Allocation Rate)
[76.501s][info][gc,task     ] GC(134) Using 10 workers
[76.501s][info][gc,phases   ] GC(134) Pause Mark Start 0.015ms
[76.657s][info][gc,phases   ] GC(134) Concurrent Mark 155.864ms
[76.657s][info][gc,phases   ] GC(134) Pause Mark End 0.024ms
[76.657s][info][gc,phases   ] GC(134) Concurrent Mark Free 0.001ms
[76.658s][info][gc,phases   ] GC(134) Concurrent Process Non-Strong References 0.452ms
[76.658s][info][gc,phases   ] GC(134) Concurrent Reset Relocation Set 0.009ms
[76.663s][info][gc,phases   ] GC(134) Concurrent Select Relocation Set 4.972ms
[76.663s][info][gc,phases   ] GC(134) Pause Relocate Start 0.010ms
[76.679s][info][gc,phases   ] GC(134) Concurrent Relocate 15.805ms
[76.679s][info][gc,load     ] GC(134) Load: 0.00/0.00/0.00
[76.679s][info][gc,mmu      ] GC(134) MMU: 2ms/95.8%, 5ms/98.3%, 10ms/99.2%, 20ms/99.6%, 50ms/99.8%, 100ms/99.9%
[76.679s][info][gc,marking  ] GC(134) Mark: 8 stripe(s), 3 proactive flush(es), 1 terminate flush(es), 0 completion(s), 0 continuation(s) 
[76.679s][info][gc,marking  ] GC(134) Mark Stack Usage: 32M
[76.679s][info][gc,nmethod  ] GC(134) NMethods: 740 registered, 12 unregistered
[76.679s][info][gc,metaspace] GC(134) Metaspace: 16M used, 16M committed, 1088M reserved
[76.679s][info][gc,ref      ] GC(134) Soft: 171 encountered, 0 discovered, 0 enqueued
[76.679s][info][gc,ref      ] GC(134) Weak: 969 encountered, 152 discovered, 0 enqueued
[76.679s][info][gc,ref      ] GC(134) Final: 0 encountered, 0 discovered, 0 enqueued
[76.679s][info][gc,ref      ] GC(134) Phantom: 35 encountered, 18 discovered, 0 enqueued
[76.679s][info][gc,reloc    ] GC(134) Small Pages: 280 / 560M, Empty: 0M, Relocated: 40M, In-Place: 0
[76.679s][info][gc,reloc    ] GC(134) Medium Pages: 1 / 32M, Empty: 0M, Relocated: 0M, In-Place: 0
[76.679s][info][gc,reloc    ] GC(134) Large Pages: 0 / 0M, Empty: 0M, Relocated: 0M, In-Place: 0
[76.679s][info][gc,reloc    ] GC(134) Forwarding Usage: 17M
[76.679s][info][gc,heap     ] GC(134) Min Capacity: 8M(1%)
[76.679s][info][gc,heap     ] GC(134) Max Capacity: 1024M(100%)
[76.679s][info][gc,heap     ] GC(134) Soft Max Capacity: 1024M(100%)
[76.679s][info][gc,heap     ] GC(134)                Mark Start          Mark End        Relocate Start      Relocate End           High               Low         
[76.679s][info][gc,heap     ] GC(134)  Capacity:     1024M (100%)       1024M (100%)       1024M (100%)       1024M (100%)       1024M (100%)       1024M (100%)   
[76.679s][info][gc,heap     ] GC(134)      Free:      432M (42%)         270M (26%)         264M (26%)         274M (27%)         432M (42%)         244M (24%)    
[76.679s][info][gc,heap     ] GC(134)      Used:      592M (58%)         754M (74%)         760M (74%)         750M (73%)         780M (76%)         592M (58%)    
[76.679s][info][gc,heap     ] GC(134)      Live:         -               415M (41%)         415M (41%)         415M (41%)            -                  -          
[76.680s][info][gc,heap     ] GC(134) Allocated:         -               162M (16%)         168M (16%)         183M (18%)            -                  -          
[76.680s][info][gc,heap     ] GC(134)   Garbage:         -               176M (17%)         176M (17%)         150M (15%)            -                  -          
[76.680s][info][gc,heap     ] GC(134) Reclaimed:         -                  -                 0M (0%)           25M (3%)             -                  -          
[76.680s][info][gc          ] GC(134) Garbage Collection (Allocation Rate) 592M(58%)->750M(73%)
[76.704s][info][gc,start    ] GC(135) Garbage Collection (Allocation Rate)
[76.704s][info][gc,task     ] GC(135) Using 10 workers
[76.704s][info][gc,phases   ] GC(135) Pause Mark Start 0.017ms
[76.891s][info][gc,phases   ] GC(135) Concurrent Mark 187.119ms
[76.892s][info][gc,phases   ] GC(135) Pause Mark End 0.024ms
[76.892s][info][gc,phases   ] GC(135) Concurrent Mark Free 0.001ms
[76.892s][info][gc,phases   ] GC(135) Concurrent Process Non-Strong References 0.493ms
[76.892s][info][gc,phases   ] GC(135) Concurrent Reset Relocation Set 0.016ms
[76.920s][info][gc,phases   ] GC(135) Concurrent Select Relocation Set 27.151ms
[76.920s][info][gc,phases   ] GC(135) Pause Relocate Start 0.009ms
[76.937s][info][gc,phases   ] GC(135) Concurrent Relocate 17.455ms
[76.937s][info][gc,load     ] GC(135) Load: 0.00/0.00/0.00
[76.937s][info][gc,mmu      ] GC(135) MMU: 2ms/95.8%, 5ms/98.3%, 10ms/99.2%, 20ms/99.6%, 50ms/99.8%, 100ms/99.9%
[76.938s][info][gc,marking  ] GC(135) Mark: 8 stripe(s), 3 proactive flush(es), 1 terminate flush(es), 0 completion(s), 0 continuation(s) 
[76.938s][info][gc,marking  ] GC(135) Mark Stack Usage: 32M
[76.938s][info][gc,nmethod  ] GC(135) NMethods: 740 registered, 12 unregistered
[76.938s][info][gc,metaspace] GC(135) Metaspace: 16M used, 16M committed, 1088M reserved
[76.938s][info][gc,ref      ] GC(135) Soft: 171 encountered, 0 discovered, 0 enqueued
[76.938s][info][gc,ref      ] GC(135) Weak: 969 encountered, 193 discovered, 0 enqueued
[76.938s][info][gc,ref      ] GC(135) Final: 0 encountered, 0 discovered, 0 enqueued
[76.938s][info][gc,ref      ] GC(135) Phantom: 35 encountered, 30 discovered, 0 enqueued
[76.938s][info][gc,reloc    ] GC(135) Small Pages: 372 / 744M, Empty: 0M, Relocated: 40M, In-Place: 0
[76.938s][info][gc,reloc    ] GC(135) Medium Pages: 1 / 32M, Empty: 0M, Relocated: 0M, In-Place: 0
[76.938s][info][gc,reloc    ] GC(135) Large Pages: 0 / 0M, Empty: 0M, Relocated: 0M, In-Place: 0
[76.938s][info][gc,reloc    ] GC(135) Forwarding Usage: 17M
[76.938s][info][gc,heap     ] GC(135) Min Capacity: 8M(1%)
[76.938s][info][gc,heap     ] GC(135) Max Capacity: 1024M(100%)
[76.938s][info][gc,heap     ] GC(135) Soft Max Capacity: 1024M(100%)
[76.938s][info][gc,heap     ] GC(135)                Mark Start          Mark End        Relocate Start      Relocate End           High               Low         
[76.938s][info][gc,heap     ] GC(135)  Capacity:     1024M (100%)       1024M (100%)       1024M (100%)       1024M (100%)       1024M (100%)       1024M (100%)   
[76.938s][info][gc,heap     ] GC(135)      Free:      248M (24%)          94M (9%)           86M (8%)          106M (10%)         248M (24%)          62M (6%)     
[76.938s][info][gc,heap     ] GC(135)      Used:      776M (76%)         930M (91%)         938M (92%)         918M (90%)         962M (94%)         776M (76%)    
[76.938s][info][gc,heap     ] GC(135)      Live:         -               550M (54%)         550M (54%)         550M (54%)            -                  -          
[76.938s][info][gc,heap     ] GC(135) Allocated:         -               154M (15%)         162M (16%)         167M (16%)            -                  -          
[76.938s][info][gc,heap     ] GC(135)   Garbage:         -               225M (22%)         225M (22%)         199M (19%)            -                  -          
[76.938s][info][gc,heap     ] GC(135) Reclaimed:         -                  -                 0M (0%)           25M (3%)             -                  -          
[76.938s][info][gc          ] GC(135) Garbage Collection (Allocation Rate) 776M(76%)->918M(90%)
[77.001s][info][gc,start    ] GC(136) Garbage Collection (Allocation Rate)
[77.001s][info][gc,task     ] GC(136) Using 10 workers
[77.001s][info][gc,phases   ] GC(136) Pause Mark Start 0.012ms
[77.204s][info][gc,phases   ] GC(136) Concurrent Mark 202.655ms
[77.204s][info][gc,phases   ] GC(136) Pause Mark End 0.019ms
[77.204s][info][gc,phases   ] GC(136) Concurrent Mark Free 0.002ms
[77.205s][info][gc,phases   ] GC(136) Concurrent Process Non-Strong References 0.394ms
[77.205s][info][gc,phases   ] GC(136) Concurrent Reset Relocation Set 0.015ms
[77.243s][info][gc,phases   ] GC(136) Concurrent Select Relocation Set 38.003ms
[77.243s][info][gc,phases   ] GC(136) Pause Relocate Start 0.009ms
[77.274s][info][gc,phases   ] GC(136) Concurrent Relocate 31.224ms
[77.274s][info][gc,load     ] GC(136) Load: 0.00/0.00/0.00
[77.274s][info][gc,mmu      ] GC(136) MMU: 2ms/95.8%, 5ms/98.3%, 10ms/99.2%, 20ms/99.6%, 50ms/99.8%, 100ms/99.9%
[77.274s][info][gc,marking  ] GC(136) Mark: 8 stripe(s), 3 proactive flush(es), 1 terminate flush(es), 0 completion(s), 0 continuation(s) 
[77.274s][info][gc,marking  ] GC(136) Mark Stack Usage: 32M
[77.274s][info][gc,nmethod  ] GC(136) NMethods: 740 registered, 12 unregistered
[77.274s][info][gc,metaspace] GC(136) Metaspace: 16M used, 16M committed, 1088M reserved
[77.274s][info][gc,ref      ] GC(136) Soft: 171 encountered, 0 discovered, 0 enqueued
[77.274s][info][gc,ref      ] GC(136) Weak: 972 encountered, 139 discovered, 3 enqueued
[77.274s][info][gc,ref      ] GC(136) Final: 0 encountered, 0 discovered, 0 enqueued
[77.274s][info][gc,ref      ] GC(136) Phantom: 35 encountered, 22 discovered, 0 enqueued
[77.274s][info][gc,reloc    ] GC(136) Small Pages: 437 / 874M, Empty: 0M, Relocated: 104M, In-Place: 5
[77.274s][info][gc,reloc    ] GC(136) Medium Pages: 2 / 64M, Empty: 0M, Relocated: 3M, In-Place: 1
[77.274s][info][gc,reloc    ] GC(136) Large Pages: 0 / 0M, Empty: 0M, Relocated: 0M, In-Place: 0
[77.274s][info][gc,reloc    ] GC(136) Forwarding Usage: 45M
[77.274s][info][gc,heap     ] GC(136) Min Capacity: 8M(1%)
[77.274s][info][gc,heap     ] GC(136) Max Capacity: 1024M(100%)
[77.274s][info][gc,heap     ] GC(136) Soft Max Capacity: 1024M(100%)
[77.274s][info][gc,heap     ] GC(136)                Mark Start          Mark End        Relocate Start      Relocate End           High               Low         
[77.275s][info][gc,heap     ] GC(136)  Capacity:     1024M (100%)       1024M (100%)       1024M (100%)       1024M (100%)       1024M (100%)       1024M (100%)   
[77.275s][info][gc,heap     ] GC(136)      Free:       86M (8%)           12M (1%)            8M (1%)          156M (15%)         156M (15%)           0M (0%)     
[77.275s][info][gc,heap     ] GC(136)      Used:      938M (92%)        1012M (99%)        1016M (99%)         868M (85%)        1024M (100%)        868M (85%)    
[77.275s][info][gc,heap     ] GC(136)      Live:         -               592M (58%)         592M (58%)         592M (58%)            -                  -          
[77.275s][info][gc,heap     ] GC(136) Allocated:         -                74M (7%)           78M (8%)           78M (8%)             -                  -          
[77.275s][info][gc,heap     ] GC(136)   Garbage:         -               345M (34%)         345M (34%)         197M (19%)            -                  -          
[77.275s][info][gc,heap     ] GC(136) Reclaimed:         -                  -                 0M (0%)          148M (14%)            -                  -          
[77.275s][info][gc          ] GC(136) Garbage Collection (Allocation Rate) 938M(92%)->868M(85%)
[77.300s][info][gc,start    ] GC(137) Garbage Collection (Allocation Rate)
[77.300s][info][gc,task     ] GC(137) Using 10 workers
[77.300s][info][gc,phases   ] GC(137) Pause Mark Start 0.009ms
[77.316s][info][gc,phases   ] GC(137) Concurrent Mark 15.433ms
[77.316s][info][gc,phases   ] GC(137) Pause Mark End 0.015ms
[77.316s][info][gc,phases   ] GC(137) Concurrent Mark Free 0.001ms
[77.317s][info][gc,phases   ] GC(137) Concurrent Process Non-Strong References 0.361ms
[77.317s][info][gc,phases   ] GC(137) Concurrent Reset Relocation Set 0.027ms
[77.326s][info][gc,phases   ] GC(137) Concurrent Select Relocation Set 9.822ms
[77.327s][info][gc,phases   ] GC(137) Pause Relocate Start 0.005ms
[77.328s][info][gc,phases   ] GC(137) Concurrent Relocate 1.169ms
[77.328s][info][gc,load     ] GC(137) Load: 0.00/0.00/0.00
[77.328s][info][gc,mmu      ] GC(137) MMU: 2ms/95.8%, 5ms/98.3%, 10ms/99.2%, 20ms/99.6%, 50ms/99.8%, 100ms/99.9%
[77.328s][info][gc,marking  ] GC(137) Mark: 8 stripe(s), 2 proactive flush(es), 1 terminate flush(es), 0 completion(s), 0 continuation(s) 
[77.328s][info][gc,marking  ] GC(137) Mark Stack Usage: 32M
[77.328s][info][gc,nmethod  ] GC(137) NMethods: 740 registered, 12 unregistered
[77.328s][info][gc,metaspace] GC(137) Metaspace: 16M used, 16M committed, 1088M reserved
[77.328s][info][gc,ref      ] GC(137) Soft: 171 encountered, 0 discovered, 0 enqueued
[77.328s][info][gc,ref      ] GC(137) Weak: 969 encountered, 47 discovered, 2 enqueued
[77.328s][info][gc,ref      ] GC(137) Final: 0 encountered, 0 discovered, 0 enqueued
[77.328s][info][gc,ref      ] GC(137) Phantom: 35 encountered, 27 discovered, 0 enqueued
[77.328s][info][gc,reloc    ] GC(137) Small Pages: 419 / 838M, Empty: 786M, Relocated: 3M, In-Place: 0
[77.328s][info][gc,reloc    ] GC(137) Medium Pages: 1 / 32M, Empty: 32M, Relocated: 0M, In-Place: 0
[77.328s][info][gc,reloc    ] GC(137) Large Pages: 0 / 0M, Empty: 0M, Relocated: 0M, In-Place: 0
[77.328s][info][gc,reloc    ] GC(137) Forwarding Usage: 0M
[77.328s][info][gc,heap     ] GC(137) Min Capacity: 8M(1%)
[77.328s][info][gc,heap     ] GC(137) Max Capacity: 1024M(100%)
[77.328s][info][gc,heap     ] GC(137) Soft Max Capacity: 1024M(100%)
[77.329s][info][gc,heap     ] GC(137)                Mark Start          Mark End        Relocate Start      Relocate End           High               Low         
[77.329s][info][gc,heap     ] GC(137)  Capacity:     1024M (100%)       1024M (100%)       1024M (100%)       1024M (100%)       1024M (100%)       1024M (100%)   
[77.329s][info][gc,heap     ] GC(137)      Free:      154M (15%)         152M (15%)         970M (95%)         982M (96%)         982M (96%)         152M (15%)    
[77.329s][info][gc,heap     ] GC(137)      Used:      870M (85%)         872M (85%)          54M (5%)           42M (4%)          872M (85%)          42M (4%)     
[77.329s][info][gc,heap     ] GC(137)      Live:         -                19M (2%)           19M (2%)           19M (2%)             -                  -          
[77.329s][info][gc,heap     ] GC(137) Allocated:         -                 2M (0%)            2M (0%)            1M (0%)             -                  -          
[77.329s][info][gc,heap     ] GC(137)   Garbage:         -               850M (83%)          32M (3%)           21M (2%)             -                  -          
[77.329s][info][gc,heap     ] GC(137) Reclaimed:         -                  -               818M (80%)         829M (81%)            -                  -          
[77.329s][info][gc          ] GC(137) Garbage Collection (Allocation Rate) 870M(85%)->42M(4%)
[77.397s][info][gc,start    ] GC(138) Garbage Collection (Allocation Rate)
[77.397s][info][gc,task     ] GC(138) Using 10 workers
[77.398s][info][gc,phases   ] GC(138) Pause Mark Start 0.013ms
[77.415s][info][gc,phases   ] GC(138) Concurrent Mark 17.667ms
[77.416s][info][gc,phases   ] GC(138) Pause Mark End 0.019ms
[77.416s][info][gc,phases   ] GC(138) Concurrent Mark Free 0.001ms
[77.416s][info][gc,phases   ] GC(138) Concurrent Process Non-Strong References 0.537ms
[77.416s][info][gc,phases   ] GC(138) Concurrent Reset Relocation Set 0.003ms
[77.423s][info][gc,phases   ] GC(138) Concurrent Select Relocation Set 6.494ms
[77.423s][info][gc,phases   ] GC(138) Pause Relocate Start 0.005ms
[77.424s][info][gc,phases   ] GC(138) Concurrent Relocate 1.354ms
[77.424s][info][gc,load     ] GC(138) Load: 0.00/0.00/0.00
[77.425s][info][gc,mmu      ] GC(138) MMU: 2ms/95.8%, 5ms/98.3%, 10ms/99.2%, 20ms/99.6%, 50ms/99.8%, 100ms/99.9%
[77.425s][info][gc,marking  ] GC(138) Mark: 8 stripe(s), 3 proactive flush(es), 1 terminate flush(es), 0 completion(s), 0 continuation(s) 
[77.425s][info][gc,marking  ] GC(138) Mark Stack Usage: 32M
[77.425s][info][gc,nmethod  ] GC(138) NMethods: 740 registered, 12 unregistered
[77.425s][info][gc,metaspace] GC(138) Metaspace: 16M used, 16M committed, 1088M reserved
[77.425s][info][gc,ref      ] GC(138) Soft: 171 encountered, 0 discovered, 0 enqueued
[77.425s][info][gc,ref      ] GC(138) Weak: 967 encountered, 73 discovered, 0 enqueued
[77.425s][info][gc,ref      ] GC(138) Final: 0 encountered, 0 discovered, 0 enqueued
[77.425s][info][gc,ref      ] GC(138) Phantom: 35 encountered, 27 discovered, 0 enqueued
[77.425s][info][gc,reloc    ] GC(138) Small Pages: 23 / 46M, Empty: 0M, Relocated: 3M, In-Place: 0
[77.425s][info][gc,reloc    ] GC(138) Medium Pages: 0 / 0M, Empty: 0M, Relocated: 0M, In-Place: 0
[77.425s][info][gc,reloc    ] GC(138) Large Pages: 0 / 0M, Empty: 0M, Relocated: 0M, In-Place: 0
[77.425s][info][gc,reloc    ] GC(138) Forwarding Usage: 0M
[77.425s][info][gc,heap     ] GC(138) Min Capacity: 8M(1%)
[77.425s][info][gc,heap     ] GC(138) Max Capacity: 1024M(100%)
[77.425s][info][gc,heap     ] GC(138) Soft Max Capacity: 1024M(100%)
[77.425s][info][gc,heap     ] GC(138)                Mark Start          Mark End        Relocate Start      Relocate End           High               Low         
[77.425s][info][gc,heap     ] GC(138)  Capacity:     1024M (100%)       1024M (100%)       1024M (100%)       1024M (100%)       1024M (100%)       1024M (100%)   
[77.425s][info][gc,heap     ] GC(138)      Free:      978M (96%)         976M (95%)         976M (95%)         982M (96%)         982M (96%)         958M (94%)    
[77.425s][info][gc,heap     ] GC(138)      Used:       46M (4%)           48M (5%)           48M (5%)           42M (4%)           66M (6%)           42M (4%)     
[77.425s][info][gc,heap     ] GC(138)      Live:         -                19M (2%)           19M (2%)           19M (2%)             -                  -          
[77.425s][info][gc,heap     ] GC(138) Allocated:         -                 2M (0%)            2M (0%)            1M (0%)             -                  -          
[77.425s][info][gc,heap     ] GC(138)   Garbage:         -                26M (3%)           26M (3%)           20M (2%)             -                  -          
[77.425s][info][gc,heap     ] GC(138) Reclaimed:         -                  -                 0M (0%)            5M (1%)             -                  -          
[77.425s][info][gc          ] GC(138) Garbage Collection (Allocation Rate) 46M(4%)->42M(4%)
[77.498s][info][gc,start    ] GC(139) Garbage Collection (Allocation Rate)
[77.498s][info][gc,task     ] GC(139) Using 10 workers
[77.498s][info][gc,phases   ] GC(139) Pause Mark Start 0.009ms
[77.517s][info][gc,phases   ] GC(139) Concurrent Mark 19.211ms
[77.517s][info][gc,phases   ] GC(139) Pause Mark End 0.017ms
[77.517s][info][gc,phases   ] GC(139) Concurrent Mark Free 0.001ms
[77.518s][info][gc,phases   ] GC(139) Concurrent Process Non-Strong References 0.580ms
[77.518s][info][gc,phases   ] GC(139) Concurrent Reset Relocation Set 0.002ms
[77.523s][info][gc,phases   ] GC(139) Concurrent Select Relocation Set 5.004ms
[77.523s][info][gc,phases   ] GC(139) Pause Relocate Start 0.005ms
[77.526s][info][gc,phases   ] GC(139) Concurrent Relocate 2.649ms
[77.526s][info][gc,load     ] GC(139) Load: 0.00/0.00/0.00
[77.526s][info][gc,mmu      ] GC(139) MMU: 2ms/95.8%, 5ms/98.3%, 10ms/99.2%, 20ms/99.6%, 50ms/99.8%, 100ms/99.9%
[77.526s][info][gc,marking  ] GC(139) Mark: 8 stripe(s), 3 proactive flush(es), 1 terminate flush(es), 0 completion(s), 0 continuation(s) 
[77.526s][info][gc,marking  ] GC(139) Mark Stack Usage: 32M
[77.526s][info][gc,nmethod  ] GC(139) NMethods: 740 registered, 12 unregistered
[77.526s][info][gc,metaspace] GC(139) Metaspace: 16M used, 16M committed, 1088M reserved
[77.526s][info][gc,ref      ] GC(139) Soft: 171 encountered, 0 discovered, 0 enqueued
[77.526s][info][gc,ref      ] GC(139) Weak: 967 encountered, 61 discovered, 0 enqueued
[77.526s][info][gc,ref      ] GC(139) Final: 0 encountered, 0 discovered, 0 enqueued
[77.526s][info][gc,ref      ] GC(139) Phantom: 35 encountered, 24 discovered, 0 enqueued
[77.526s][info][gc,reloc    ] GC(139) Small Pages: 22 / 44M, Empty: 2M, Relocated: 8M, In-Place: 0
[77.526s][info][gc,reloc    ] GC(139) Medium Pages: 0 / 0M, Empty: 0M, Relocated: 0M, In-Place: 0
[77.526s][info][gc,reloc    ] GC(139) Large Pages: 0 / 0M, Empty: 0M, Relocated: 0M, In-Place: 0
[77.526s][info][gc,reloc    ] GC(139) Forwarding Usage: 1M
[77.526s][info][gc,heap     ] GC(139) Min Capacity: 8M(1%)
[77.526s][info][gc,heap     ] GC(139) Max Capacity: 1024M(100%)
[77.526s][info][gc,heap     ] GC(139) Soft Max Capacity: 1024M(100%)
[77.526s][info][gc,heap     ] GC(139)                Mark Start          Mark End        Relocate Start      Relocate End           High               Low         
[77.527s][info][gc,heap     ] GC(139)  Capacity:     1024M (100%)       1024M (100%)       1024M (100%)       1024M (100%)       1024M (100%)       1024M (100%)   
[77.527s][info][gc,heap     ] GC(139)      Free:      980M (96%)         978M (96%)         980M (96%)         988M (96%)         988M (96%)         960M (94%)    
[77.527s][info][gc,heap     ] GC(139)      Used:       44M (4%)           46M (4%)           44M (4%)           36M (4%)           64M (6%)           36M (4%)     
[77.527s][info][gc,heap     ] GC(139)      Live:         -                20M (2%)           20M (2%)           20M (2%)             -                  -          
[77.527s][info][gc,heap     ] GC(139) Allocated:         -                 2M (0%)            2M (0%)            1M (0%)             -                  -          
[77.527s][info][gc,heap     ] GC(139)   Garbage:         -                23M (2%)           21M (2%)           13M (1%)             -                  -          
[77.527s][info][gc,heap     ] GC(139) Reclaimed:         -                  -                 2M (0%)            9M (1%)             -                  -          
[77.527s][info][gc          ] GC(139) Garbage Collection (Allocation Rate) 44M(4%)->36M(4%)
[77.605s][info][gc,start    ] GC(140) Garbage Collection (Allocation Rate)
[77.605s][info][gc,task     ] GC(140) Using 10 workers
[77.606s][info][gc,phases   ] GC(140) Pause Mark Start 0.006ms
[77.621s][info][gc,phases   ] GC(140) Concurrent Mark 15.451ms
[77.621s][info][gc,phases   ] GC(140) Pause Mark End 0.011ms
[77.621s][info][gc,phases   ] GC(140) Concurrent Mark Free 0.001ms
[77.622s][info][gc,phases   ] GC(140) Concurrent Process Non-Strong References 0.498ms
[77.622s][info][gc,phases   ] GC(140) Concurrent Reset Relocation Set 0.004ms
[77.625s][info][gc,phases   ] GC(140) Concurrent Select Relocation Set 3.022ms
[77.625s][info][gc,phases   ] GC(140) Pause Relocate Start 0.004ms
[77.627s][info][gc,phases   ] GC(140) Concurrent Relocate 1.849ms
[77.627s][info][gc,load     ] GC(140) Load: 0.00/0.00/0.00
[77.627s][info][gc,mmu      ] GC(140) MMU: 2ms/95.8%, 5ms/98.3%, 10ms/99.2%, 20ms/99.6%, 50ms/99.8%, 100ms/99.9%
[77.627s][info][gc,marking  ] GC(140) Mark: 8 stripe(s), 2 proactive flush(es), 1 terminate flush(es), 0 completion(s), 0 continuation(s) 
[77.627s][info][gc,marking  ] GC(140) Mark Stack Usage: 32M
[77.627s][info][gc,nmethod  ] GC(140) NMethods: 740 registered, 12 unregistered
[77.627s][info][gc,metaspace] GC(140) Metaspace: 16M used, 16M committed, 1088M reserved
[77.627s][info][gc,ref      ] GC(140) Soft: 171 encountered, 0 discovered, 0 enqueued
[77.627s][info][gc,ref      ] GC(140) Weak: 967 encountered, 51 discovered, 0 enqueued
[77.627s][info][gc,ref      ] GC(140) Final: 0 encountered, 0 discovered, 0 enqueued
[77.627s][info][gc,ref      ] GC(140) Phantom: 35 encountered, 22 discovered, 0 enqueued
[77.627s][info][gc,reloc    ] GC(140) Small Pages: 19 / 38M, Empty: 0M, Relocated: 5M, In-Place: 0
[77.627s][info][gc,reloc    ] GC(140) Medium Pages: 0 / 0M, Empty: 0M, Relocated: 0M, In-Place: 0
[77.627s][info][gc,reloc    ] GC(140) Large Pages: 0 / 0M, Empty: 0M, Relocated: 0M, In-Place: 0
[77.627s][info][gc,reloc    ] GC(140) Forwarding Usage: 1M
[77.627s][info][gc,heap     ] GC(140) Min Capacity: 8M(1%)
[77.627s][info][gc,heap     ] GC(140) Max Capacity: 1024M(100%)
[77.627s][info][gc,heap     ] GC(140) Soft Max Capacity: 1024M(100%)
[77.627s][info][gc,heap     ] GC(140)                Mark Start          Mark End        Relocate Start      Relocate End           High               Low         
[77.627s][info][gc,heap     ] GC(140)  Capacity:     1024M (100%)       1024M (100%)       1024M (100%)       1024M (100%)       1024M (100%)       1024M (100%)   
[77.627s][info][gc,heap     ] GC(140)      Free:      986M (96%)         984M (96%)         984M (96%)         984M (96%)         986M (96%)         966M (94%)    
[77.627s][info][gc,heap     ] GC(140)      Used:       38M (4%)           40M (4%)           40M (4%)           40M (4%)           58M (6%)           38M (4%)     
[77.627s][info][gc,heap     ] GC(140)      Live:         -                20M (2%)           20M (2%)           20M (2%)             -                  -          
[77.627s][info][gc,heap     ] GC(140) Allocated:         -                 2M (0%)            2M (0%)            2M (0%)             -                  -          
[77.627s][info][gc,heap     ] GC(140)   Garbage:         -                17M (2%)           17M (2%)           17M (2%)             -                  -          
[77.627s][info][gc,heap     ] GC(140) Reclaimed:         -                  -                 0M (0%)            0M (0%)             -                  -          
[77.627s][info][gc          ] GC(140) Garbage Collection (Allocation Rate) 38M(4%)->40M(4%)
[80.099s][info][gc,stats    ] === Garbage Collection Statistics =======================================================================================================================
[80.099s][info][gc,stats    ]                                                              Last 10s              Last 10m              Last 10h                Total
[80.099s][info][gc,stats    ]                                                              Avg / Max             Avg / Max             Avg / Max             Avg / Max
[80.099s][info][gc,stats    ]   Collector: Garbage Collection Cycle                    101.973 / 273.388     134.838 / 299.601     134.838 / 299.601     134.838 / 299.601     ms
[80.099s][info][gc,stats    ]  Contention: Mark Segment Reset Contention                    11 / 41                7 / 41                7 / 41                7 / 41          ops/s
[80.099s][info][gc,stats    ]  Contention: Mark SeqNum Reset Contention                      0 / 4                 0 / 6                 0 / 6                 0 / 6           ops/s
[80.099s][info][gc,stats    ]    Critical: Allocation Stall                                 29 / 295              15 / 308              15 / 308              15 / 308         ops/s
[80.099s][info][gc,stats    ]    Critical: Allocation Stall                             12.426 / 22.142       10.728 / 31.418       10.728 / 31.418       10.728 / 31.418      ms
[80.099s][info][gc,stats    ]    Critical: GC Locker Stall                                   0 / 0                 0 / 0                 0 / 0                 0 / 0           ops/s
[80.099s][info][gc,stats    ]    Critical: GC Locker Stall                               0.000 / 0.000         0.000 / 0.000         0.000 / 0.000         0.000 / 0.000       ms
[80.100s][info][gc,stats    ]    Critical: Relocation Stall                                  0 / 0                 0 / 0                 0 / 0                 0 / 0           ops/s
[80.100s][info][gc,stats    ]    Critical: Relocation Stall                              0.000 / 0.000         0.000 / 0.000         0.000 / 0.000         0.000 / 0.000       ms
[80.100s][info][gc,stats    ]      Memory: Allocation Rate                                 827 / 6762            595 / 6762            595 / 6762            595 / 6762        MB/s
[80.100s][info][gc,stats    ]      Memory: Defragment                                        1 / 19                2 / 29                2 / 29                2 / 29          ops/s
[80.100s][info][gc,stats    ]      Memory: Out Of Memory                                     0 / 0                 0 / 0                 0 / 0                 0 / 0           ops/s
[80.100s][info][gc,stats    ]      Memory: Page Cache Flush                                 10 / 70               10 / 122              10 / 122              10 / 122         MB/s
[80.100s][info][gc,stats    ]      Memory: Page Cache Hit L1                               443 / 3426            326 / 3426            326 / 3426            326 / 3426        ops/s
[80.100s][info][gc,stats    ]      Memory: Page Cache Hit L2                                 0 / 0                 0 / 0                 0 / 0                 0 / 0           ops/s
[80.100s][info][gc,stats    ]      Memory: Page Cache Hit L3                                 1 / 17                8 / 407               8 / 407               8 / 407         ops/s
[80.100s][info][gc,stats    ]      Memory: Page Cache Miss                                   0 / 1                 0 / 2                 0 / 2                 0 / 2           ops/s
[80.100s][info][gc,stats    ]      Memory: Uncommit                                          0 / 0                 0 / 0                 0 / 0                 0 / 0           MB/s
[80.100s][info][gc,stats    ]      Memory: Undo Object Allocation Failed                    16 / 105              34 / 647              34 / 647              34 / 647         ops/s
[80.100s][info][gc,stats    ]      Memory: Undo Object Allocation Succeeded                 10 / 82                7 / 101               7 / 101               7 / 101         ops/s
[80.100s][info][gc,stats    ]      Memory: Undo Page Allocation                            107 / 1061             55 / 1061             55 / 1061             55 / 1061        ops/s
[80.100s][info][gc,stats    ]       Phase: Concurrent Mark                              68.169 / 202.655      98.276 / 249.632      98.276 / 249.632      98.276 / 249.632     ms
[80.100s][info][gc,stats    ]       Phase: Concurrent Mark Continue                      0.000 / 0.000         0.000 / 0.000         0.000 / 0.000         0.000 / 0.000       ms
[80.100s][info][gc,stats    ]       Phase: Concurrent Mark Free                          0.001 / 0.002         0.001 / 0.004         0.001 / 0.004         0.001 / 0.004       ms
[80.100s][info][gc,stats    ]       Phase: Concurrent Process Non-Strong References      0.442 / 0.813         1.253 / 15.033        1.253 / 15.033        1.253 / 15.033      ms
[80.100s][info][gc,stats    ]       Phase: Concurrent Relocate                           7.438 / 31.224       11.884 / 59.080       11.884 / 59.080       11.884 / 59.080      ms
[80.100s][info][gc,stats    ]       Phase: Concurrent Reset Relocation Set               0.012 / 0.027         0.014 / 0.066         0.014 / 0.066         0.014 / 0.066       ms
[80.100s][info][gc,stats    ]       Phase: Concurrent Select Relocation Set              9.188 / 38.003       12.174 / 58.503       12.174 / 58.503       12.174 / 58.503      ms
[80.100s][info][gc,stats    ]       Phase: Pause Mark End                                0.017 / 0.024         0.017 / 0.027         0.017 / 0.027         0.017 / 0.027       ms
[80.100s][info][gc,stats    ]       Phase: Pause Mark Start                              0.022 / 0.055         0.019 / 0.084         0.019 / 0.084         0.019 / 0.084       ms
[80.100s][info][gc,stats    ]       Phase: Pause Relocate Start                          0.007 / 0.013         0.008 / 0.025         0.008 / 0.025         0.008 / 0.025       ms
[80.100s][info][gc,stats    ]    Subphase: Concurrent Classes Purge                      0.007 / 0.046         0.092 / 5.672         0.092 / 5.672         0.092 / 5.672       ms
[80.100s][info][gc,stats    ]    Subphase: Concurrent Classes Unlink                     0.203 / 0.634         0.486 / 6.293         0.486 / 6.293         0.486 / 6.293       ms
[80.100s][info][gc,stats    ]    Subphase: Concurrent Mark                              65.870 / 201.339      96.133 / 248.331      96.133 / 248.331      96.133 / 248.331     ms
[80.100s][info][gc,stats    ]    Subphase: Concurrent Mark Try Flush                     0.125 / 2.430         1.119 / 31.490        1.119 / 31.490        1.119 / 31.490      ms
[80.101s][info][gc,stats    ]    Subphase: Concurrent Mark Try Terminate                 6.614 / 16.274        8.781 / 16.527        8.781 / 16.527        8.781 / 16.527      ms
[80.101s][info][gc,stats    ]    Subphase: Concurrent References Enqueue                 0.001 / 0.005         0.001 / 0.007         0.001 / 0.007         0.001 / 0.007       ms
[80.101s][info][gc,stats    ]    Subphase: Concurrent References Process                 0.031 / 0.075         0.035 / 0.210         0.035 / 0.210         0.035 / 0.210       ms
[80.101s][info][gc,stats    ]    Subphase: Concurrent Roots ClassLoaderDataGraph         0.037 / 0.593         0.047 / 1.028         0.047 / 1.028         0.047 / 1.028       ms
[80.101s][info][gc,stats    ]    Subphase: Concurrent Roots CodeCache                    0.000 / 0.000         0.000 / 0.000         0.000 / 0.000         0.000 / 0.000       ms
[80.101s][info][gc,stats    ]    Subphase: Concurrent Roots JavaThreads                  0.654 / 1.562         0.739 / 6.849         0.739 / 6.849         0.739 / 6.849       ms
[80.101s][info][gc,stats    ]    Subphase: Concurrent Roots OopStorageSet                0.013 / 0.058         0.018 / 0.682         0.018 / 0.682         0.018 / 0.682       ms
[80.101s][info][gc,stats    ]    Subphase: Concurrent Weak Roots OopStorageSet           0.109 / 0.214         0.102 / 0.309         0.102 / 0.309         0.102 / 0.309       ms
[80.101s][info][gc,stats    ]    Subphase: Pause Mark Try Complete                       0.000 / 0.000         0.000 / 0.000         0.000 / 0.000         0.000 / 0.000       ms
[80.101s][info][gc,stats    ]      System: Java Threads                                     66 / 71               63 / 74               63 / 74               63 / 74          threads
[80.101s][info][gc,stats    ] =========================================================================================================================================================
[84.800s][info][gc,start    ] GC(141) Garbage Collection (Proactive)
[84.800s][info][gc,task     ] GC(141) Using 10 workers
[84.801s][info][gc,phases   ] GC(141) Pause Mark Start 0.017ms
[84.847s][info][gc,phases   ] GC(141) Concurrent Mark 46.425ms
[84.847s][info][gc,phases   ] GC(141) Pause Mark End 0.017ms
[84.847s][info][gc,phases   ] GC(141) Concurrent Mark Free 0.001ms
[84.848s][info][gc,phases   ] GC(141) Concurrent Process Non-Strong References 0.386ms
[84.848s][info][gc,phases   ] GC(141) Concurrent Reset Relocation Set 0.002ms
[84.865s][info][gc,phases   ] GC(141) Concurrent Select Relocation Set 16.744ms
[84.865s][info][gc,phases   ] GC(141) Pause Relocate Start 0.009ms
[84.887s][info][gc,phases   ] GC(141) Concurrent Relocate 21.709ms
[84.887s][info][gc,load     ] GC(141) Load: 0.00/0.00/0.00
[84.887s][info][gc,mmu      ] GC(141) MMU: 2ms/95.8%, 5ms/98.3%, 10ms/99.2%, 20ms/99.6%, 50ms/99.8%, 100ms/99.9%
[84.887s][info][gc,marking  ] GC(141) Mark: 8 stripe(s), 2 proactive flush(es), 1 terminate flush(es), 0 completion(s), 0 continuation(s) 
[84.887s][info][gc,marking  ] GC(141) Mark Stack Usage: 32M
[84.887s][info][gc,nmethod  ] GC(141) NMethods: 747 registered, 13 unregistered
[84.887s][info][gc,metaspace] GC(141) Metaspace: 16M used, 16M committed, 1088M reserved
[84.887s][info][gc,ref      ] GC(141) Soft: 171 encountered, 0 discovered, 0 enqueued
[84.887s][info][gc,ref      ] GC(141) Weak: 976 encountered, 39 discovered, 2 enqueued
[84.887s][info][gc,ref      ] GC(141) Final: 0 encountered, 0 discovered, 0 enqueued
[84.887s][info][gc,ref      ] GC(141) Phantom: 35 encountered, 19 discovered, 0 enqueued
[84.887s][info][gc,reloc    ] GC(141) Small Pages: 130 / 260M, Empty: 2M, Relocated: 88M, In-Place: 0
[84.887s][info][gc,reloc    ] GC(141) Medium Pages: 0 / 0M, Empty: 0M, Relocated: 0M, In-Place: 0
[84.887s][info][gc,reloc    ] GC(141) Large Pages: 0 / 0M, Empty: 0M, Relocated: 0M, In-Place: 0
[84.887s][info][gc,reloc    ] GC(141) Forwarding Usage: 53M
[84.887s][info][gc,heap     ] GC(141) Min Capacity: 8M(1%)
[84.887s][info][gc,heap     ] GC(141) Max Capacity: 1024M(100%)
[84.887s][info][gc,heap     ] GC(141) Soft Max Capacity: 1024M(100%)
[84.887s][info][gc,heap     ] GC(141)                Mark Start          Mark End        Relocate Start      Relocate End           High               Low         
[84.887s][info][gc,heap     ] GC(141)  Capacity:     1024M (100%)       1024M (100%)       1024M (100%)       1024M (100%)       1024M (100%)       1024M (100%)   
[84.887s][info][gc,heap     ] GC(141)      Free:      764M (75%)         710M (69%)         690M (67%)         816M (80%)         816M (80%)         668M (65%)    
[84.887s][info][gc,heap     ] GC(141)      Used:      260M (25%)         314M (31%)         334M (33%)         208M (20%)         356M (35%)         208M (20%)    
[84.887s][info][gc,heap     ] GC(141)      Live:         -               104M (10%)         104M (10%)         104M (10%)            -                  -          
[84.887s][info][gc,heap     ] GC(141) Allocated:         -                54M (5%)           76M (7%)           91M (9%)             -                  -          
[84.887s][info][gc,heap     ] GC(141)   Garbage:         -               155M (15%)         153M (15%)          12M (1%)             -                  -          
[84.887s][info][gc,heap     ] GC(141) Reclaimed:         -                  -                 2M (0%)          143M (14%)            -                  -          
[84.887s][info][gc          ] GC(141) Garbage Collection (Proactive) 260M(25%)->208M(20%)
[85.097s][info][gc,start    ] GC(142) Garbage Collection (Allocation Rate)
[85.097s][info][gc,task     ] GC(142) Using 10 workers
[85.097s][info][gc,phases   ] GC(142) Pause Mark Start 0.017ms
[85.206s][info][gc,phases   ] GC(142) Concurrent Mark 109.022ms
[85.207s][info][gc,phases   ] GC(142) Pause Mark End 0.018ms
[85.207s][info][gc,phases   ] GC(142) Concurrent Mark Free 0.001ms
[85.207s][info][gc,phases   ] GC(142) Concurrent Process Non-Strong References 0.372ms
[85.207s][info][gc,phases   ] GC(142) Concurrent Reset Relocation Set 0.018ms
[85.272s][info][gc,phases   ] GC(142) Concurrent Select Relocation Set 64.809ms
[85.272s][info][gc,phases   ] GC(142) Pause Relocate Start 0.013ms
[85.312s][info][gc,phases   ] GC(142) Concurrent Relocate 39.683ms
[85.312s][info][gc,load     ] GC(142) Load: 0.00/0.00/0.00
[85.312s][info][gc,mmu      ] GC(142) MMU: 2ms/95.8%, 5ms/98.3%, 10ms/99.2%, 20ms/99.6%, 50ms/99.8%, 100ms/99.9%
[85.312s][info][gc,marking  ] GC(142) Mark: 8 stripe(s), 2 proactive flush(es), 1 terminate flush(es), 0 completion(s), 0 continuation(s) 
[85.312s][info][gc,marking  ] GC(142) Mark Stack Usage: 32M
[85.312s][info][gc,nmethod  ] GC(142) NMethods: 747 registered, 13 unregistered
[85.312s][info][gc,metaspace] GC(142) Metaspace: 16M used, 16M committed, 1088M reserved
[85.312s][info][gc,ref      ] GC(142) Soft: 171 encountered, 0 discovered, 0 enqueued
[85.312s][info][gc,ref      ] GC(142) Weak: 974 encountered, 44 discovered, 0 enqueued
[85.312s][info][gc,ref      ] GC(142) Final: 0 encountered, 0 discovered, 0 enqueued
[85.312s][info][gc,ref      ] GC(142) Phantom: 35 encountered, 21 discovered, 0 enqueued
[85.312s][info][gc,reloc    ] GC(142) Small Pages: 237 / 474M, Empty: 0M, Relocated: 137M, In-Place: 0
[85.312s][info][gc,reloc    ] GC(142) Medium Pages: 0 / 0M, Empty: 0M, Relocated: 0M, In-Place: 0
[85.312s][info][gc,reloc    ] GC(142) Large Pages: 0 / 0M, Empty: 0M, Relocated: 0M, In-Place: 0
[85.312s][info][gc,reloc    ] GC(142) Forwarding Usage: 91M
[85.312s][info][gc,heap     ] GC(142) Min Capacity: 8M(1%)
[85.312s][info][gc,heap     ] GC(142) Max Capacity: 1024M(100%)
[85.312s][info][gc,heap     ] GC(142) Soft Max Capacity: 1024M(100%)
[85.312s][info][gc,heap     ] GC(142)                Mark Start          Mark End        Relocate Start      Relocate End           High               Low         
[85.312s][info][gc,heap     ] GC(142)  Capacity:     1024M (100%)       1024M (100%)       1024M (100%)       1024M (100%)       1024M (100%)       1024M (100%)   
[85.312s][info][gc,heap     ] GC(142)      Free:      550M (54%)         434M (42%)         350M (34%)         554M (54%)         554M (54%)         330M (32%)    
[85.312s][info][gc,heap     ] GC(142)      Used:      474M (46%)         590M (58%)         674M (66%)         470M (46%)         694M (68%)         470M (46%)    
[85.312s][info][gc,heap     ] GC(142)      Live:         -               235M (23%)         235M (23%)         235M (23%)            -                  -          
[85.313s][info][gc,heap     ] GC(142) Allocated:         -               116M (11%)         200M (20%)         219M (21%)            -                  -          
[85.313s][info][gc,heap     ] GC(142)   Garbage:         -               238M (23%)         238M (23%)          15M (2%)             -                  -          
[85.313s][info][gc,heap     ] GC(142) Reclaimed:         -                  -                 0M (0%)          223M (22%)            -                  -          
[85.313s][info][gc          ] GC(142) Garbage Collection (Allocation Rate) 474M(46%)->470M(46%)
[85.410s][info][gc,start    ] GC(143) Garbage Collection (Allocation Rate)
[85.410s][info][gc,task     ] GC(143) Using 10 workers
[85.410s][info][gc,phases   ] GC(143) Pause Mark Start 0.016ms
[85.566s][info][gc,phases   ] GC(143) Concurrent Mark 155.900ms
[85.566s][info][gc,phases   ] GC(143) Pause Mark End 0.015ms
[85.566s][info][gc,phases   ] GC(143) Concurrent Mark Free 0.001ms
[85.566s][info][gc,phases   ] GC(143) Concurrent Process Non-Strong References 0.330ms
[85.566s][info][gc,phases   ] GC(143) Concurrent Reset Relocation Set 0.032ms
[85.573s][info][gc,phases   ] GC(143) Concurrent Select Relocation Set 6.710ms
[85.573s][info][gc,phases   ] GC(143) Pause Relocate Start 0.005ms
[85.607s][info][gc,phases   ] GC(143) Concurrent Relocate 33.712ms
[85.607s][info][gc,load     ] GC(143) Load: 0.00/0.00/0.00
[85.607s][info][gc,mmu      ] GC(143) MMU: 2ms/95.8%, 5ms/98.3%, 10ms/99.2%, 20ms/99.6%, 50ms/99.8%, 100ms/99.9%
[85.607s][info][gc,marking  ] GC(143) Mark: 8 stripe(s), 2 proactive flush(es), 1 terminate flush(es), 0 completion(s), 0 continuation(s) 
[85.607s][info][gc,marking  ] GC(143) Mark Stack Usage: 32M
[85.607s][info][gc,nmethod  ] GC(143) NMethods: 747 registered, 13 unregistered
[85.607s][info][gc,metaspace] GC(143) Metaspace: 16M used, 16M committed, 1088M reserved
[85.607s][info][gc,ref      ] GC(143) Soft: 171 encountered, 0 discovered, 0 enqueued
[85.607s][info][gc,ref      ] GC(143) Weak: 974 encountered, 74 discovered, 0 enqueued
[85.607s][info][gc,ref      ] GC(143) Final: 0 encountered, 0 discovered, 0 enqueued
[85.607s][info][gc,ref      ] GC(143) Phantom: 35 encountered, 21 discovered, 0 enqueued
[85.607s][info][gc,reloc    ] GC(143) Small Pages: 290 / 580M, Empty: 0M, Relocated: 134M, In-Place: 0
[85.607s][info][gc,reloc    ] GC(143) Medium Pages: 0 / 0M, Empty: 0M, Relocated: 0M, In-Place: 0
[85.607s][info][gc,reloc    ] GC(143) Large Pages: 0 / 0M, Empty: 0M, Relocated: 0M, In-Place: 0
[85.608s][info][gc,reloc    ] GC(143) Forwarding Usage: 86M
[85.608s][info][gc,heap     ] GC(143) Min Capacity: 8M(1%)
[85.608s][info][gc,heap     ] GC(143) Max Capacity: 1024M(100%)
[85.608s][info][gc,heap     ] GC(143) Soft Max Capacity: 1024M(100%)
[85.608s][info][gc,heap     ] GC(143)                Mark Start          Mark End        Relocate Start      Relocate End           High               Low         
[85.608s][info][gc,heap     ] GC(143)  Capacity:     1024M (100%)       1024M (100%)       1024M (100%)       1024M (100%)       1024M (100%)       1024M (100%)   
[85.608s][info][gc,heap     ] GC(143)      Free:      444M (43%)         282M (28%)         274M (27%)         460M (45%)         460M (45%)         254M (25%)    
[85.608s][info][gc,heap     ] GC(143)      Used:      580M (57%)         742M (72%)         750M (73%)         564M (55%)         770M (75%)         564M (55%)    
[85.608s][info][gc,heap     ] GC(143)      Live:         -               354M (35%)         354M (35%)         354M (35%)            -                  -          
[85.608s][info][gc,heap     ] GC(143) Allocated:         -               162M (16%)         170M (17%)         191M (19%)            -                  -          
[85.608s][info][gc,heap     ] GC(143)   Garbage:         -               225M (22%)         225M (22%)          18M (2%)             -                  -          
[85.608s][info][gc,heap     ] GC(143) Reclaimed:         -                  -                 0M (0%)          207M (20%)            -                  -          
[85.608s][info][gc          ] GC(143) Garbage Collection (Allocation Rate) 580M(57%)->564M(55%)
[85.706s][info][gc,start    ] GC(144) Garbage Collection (Allocation Rate)
[85.706s][info][gc,task     ] GC(144) Using 10 workers
[85.707s][info][gc,phases   ] GC(144) Pause Mark Start 0.018ms
[85.894s][info][gc,phases   ] GC(144) Concurrent Mark 187.157ms
[85.894s][info][gc,phases   ] GC(144) Pause Mark End 0.020ms
[85.894s][info][gc,phases   ] GC(144) Concurrent Mark Free 0.001ms
[85.894s][info][gc,phases   ] GC(144) Concurrent Process Non-Strong References 0.388ms
[85.895s][info][gc,phases   ] GC(144) Concurrent Reset Relocation Set 0.030ms
[85.902s][info][gc,phases   ] GC(144) Concurrent Select Relocation Set 7.771ms
[85.902s][info][gc,phases   ] GC(144) Pause Relocate Start 0.013ms
[85.936s][info][gc,phases   ] GC(144) Concurrent Relocate 33.849ms
[85.937s][info][gc,load     ] GC(144) Load: 0.00/0.00/0.00
[85.937s][info][gc,mmu      ] GC(144) MMU: 2ms/95.8%, 5ms/98.3%, 10ms/99.2%, 20ms/99.6%, 50ms/99.8%, 100ms/99.9%
[85.937s][info][gc,marking  ] GC(144) Mark: 8 stripe(s), 2 proactive flush(es), 1 terminate flush(es), 0 completion(s), 0 continuation(s) 
[85.937s][info][gc,marking  ] GC(144) Mark Stack Usage: 32M
[85.937s][info][gc,nmethod  ] GC(144) NMethods: 747 registered, 13 unregistered
[85.937s][info][gc,metaspace] GC(144) Metaspace: 16M used, 16M committed, 1088M reserved
[85.937s][info][gc,ref      ] GC(144) Soft: 171 encountered, 0 discovered, 0 enqueued
[85.937s][info][gc,ref      ] GC(144) Weak: 974 encountered, 39 discovered, 0 enqueued
[85.937s][info][gc,ref      ] GC(144) Final: 0 encountered, 0 discovered, 0 enqueued
[85.937s][info][gc,ref      ] GC(144) Phantom: 35 encountered, 27 discovered, 0 enqueued
[85.937s][info][gc,reloc    ] GC(144) Small Pages: 337 / 674M, Empty: 0M, Relocated: 115M, In-Place: 0
[85.937s][info][gc,reloc    ] GC(144) Medium Pages: 0 / 0M, Empty: 0M, Relocated: 0M, In-Place: 0
[85.937s][info][gc,reloc    ] GC(144) Large Pages: 0 / 0M, Empty: 0M, Relocated: 0M, In-Place: 0
[85.937s][info][gc,reloc    ] GC(144) Forwarding Usage: 75M
[85.937s][info][gc,heap     ] GC(144) Min Capacity: 8M(1%)
[85.937s][info][gc,heap     ] GC(144) Max Capacity: 1024M(100%)
[85.937s][info][gc,heap     ] GC(144) Soft Max Capacity: 1024M(100%)
[85.937s][info][gc,heap     ] GC(144)                Mark Start          Mark End        Relocate Start      Relocate End           High               Low         
[85.937s][info][gc,heap     ] GC(144)  Capacity:     1024M (100%)       1024M (100%)       1024M (100%)       1024M (100%)       1024M (100%)       1024M (100%)   
[85.937s][info][gc,heap     ] GC(144)      Free:      350M (34%)         170M (17%)         160M (16%)         324M (32%)         350M (34%)         140M (14%)    
[85.937s][info][gc,heap     ] GC(144)      Used:      674M (66%)         854M (83%)         864M (84%)         700M (68%)         884M (86%)         674M (66%)    
[85.937s][info][gc,heap     ] GC(144)      Live:         -               462M (45%)         462M (45%)         462M (45%)            -                  -          
[85.937s][info][gc,heap     ] GC(144) Allocated:         -               180M (18%)         190M (19%)         211M (21%)            -                  -          
[85.937s][info][gc,heap     ] GC(144)   Garbage:         -               211M (21%)         211M (21%)          26M (3%)             -                  -          
[85.937s][info][gc,heap     ] GC(144) Reclaimed:         -                  -                 0M (0%)          185M (18%)            -                  -          
[85.937s][info][gc          ] GC(144) Garbage Collection (Allocation Rate) 674M(66%)->700M(68%)
[86.011s][info][gc,start    ] GC(145) Garbage Collection (Allocation Rate)
[86.011s][info][gc,task     ] GC(145) Using 10 workers
[86.011s][info][gc,phases   ] GC(145) Pause Mark Start 0.017ms
[86.198s][info][gc,phases   ] GC(145) Concurrent Mark 187.138ms
[86.198s][info][gc,phases   ] GC(145) Pause Mark End 0.014ms
[86.198s][info][gc,phases   ] GC(145) Concurrent Mark Free 0.001ms
[86.199s][info][gc,phases   ] GC(145) Concurrent Process Non-Strong References 0.311ms
[86.199s][info][gc,phases   ] GC(145) Concurrent Reset Relocation Set 0.015ms
[86.203s][info][gc,phases   ] GC(145) Concurrent Select Relocation Set 4.423ms
[86.203s][info][gc,phases   ] GC(145) Pause Relocate Start 0.007ms
[86.236s][info][gc,phases   ] GC(145) Concurrent Relocate 32.343ms
[86.236s][info][gc,load     ] GC(145) Load: 0.00/0.00/0.00
[86.236s][info][gc,mmu      ] GC(145) MMU: 2ms/95.8%, 5ms/98.3%, 10ms/99.2%, 20ms/99.6%, 50ms/99.8%, 100ms/99.9%
[86.236s][info][gc,marking  ] GC(145) Mark: 8 stripe(s), 3 proactive flush(es), 1 terminate flush(es), 0 completion(s), 0 continuation(s) 
[86.236s][info][gc,marking  ] GC(145) Mark Stack Usage: 32M
[86.236s][info][gc,nmethod  ] GC(145) NMethods: 747 registered, 13 unregistered
[86.236s][info][gc,metaspace] GC(145) Metaspace: 16M used, 16M committed, 1088M reserved
[86.236s][info][gc,ref      ] GC(145) Soft: 171 encountered, 0 discovered, 0 enqueued
[86.236s][info][gc,ref      ] GC(145) Weak: 974 encountered, 54 discovered, 0 enqueued
[86.236s][info][gc,ref      ] GC(145) Final: 0 encountered, 0 discovered, 0 enqueued
[86.236s][info][gc,ref      ] GC(145) Phantom: 35 encountered, 26 discovered, 0 enqueued
[86.236s][info][gc,reloc    ] GC(145) Small Pages: 389 / 778M, Empty: 0M, Relocated: 117M, In-Place: 0
[86.236s][info][gc,reloc    ] GC(145) Medium Pages: 0 / 0M, Empty: 0M, Relocated: 0M, In-Place: 0
[86.236s][info][gc,reloc    ] GC(145) Large Pages: 1 / 6M, Empty: 0M, Relocated: 0M, In-Place: 0
[86.236s][info][gc,reloc    ] GC(145) Forwarding Usage: 75M
[86.236s][info][gc,heap     ] GC(145) Min Capacity: 8M(1%)
[86.236s][info][gc,heap     ] GC(145) Max Capacity: 1024M(100%)
[86.236s][info][gc,heap     ] GC(145) Soft Max Capacity: 1024M(100%)
[86.236s][info][gc,heap     ] GC(145)                Mark Start          Mark End        Relocate Start      Relocate End           High               Low         
[86.236s][info][gc,heap     ] GC(145)  Capacity:     1024M (100%)       1024M (100%)       1024M (100%)       1024M (100%)       1024M (100%)       1024M (100%)   
[86.236s][info][gc,heap     ] GC(145)      Free:      240M (23%)         166M (16%)         164M (16%)         338M (33%)         338M (33%)         142M (14%)    
[86.236s][info][gc,heap     ] GC(145)      Used:      784M (77%)         858M (84%)         860M (84%)         686M (67%)         882M (86%)         686M (67%)    
[86.237s][info][gc,heap     ] GC(145)      Live:         -               570M (56%)         570M (56%)         570M (56%)            -                  -          
[86.237s][info][gc,heap     ] GC(145) Allocated:         -                74M (7%)           76M (7%)           83M (8%)             -                  -          
[86.237s][info][gc,heap     ] GC(145)   Garbage:         -               213M (21%)         213M (21%)          32M (3%)             -                  -          
[86.237s][info][gc,heap     ] GC(145) Reclaimed:         -                  -                 0M (0%)          181M (18%)            -                  -          
[86.237s][info][gc          ] GC(145) Garbage Collection (Allocation Rate) 784M(77%)->686M(67%)
[86.308s][info][gc,start    ] GC(146) Garbage Collection (Allocation Rate)
[86.308s][info][gc,task     ] GC(146) Using 10 workers
[86.308s][info][gc,phases   ] GC(146) Pause Mark Start 0.016ms
[86.511s][info][gc,phases   ] GC(146) Concurrent Mark 202.793ms
[86.511s][info][gc,phases   ] GC(146) Pause Mark End 0.013ms
[86.511s][info][gc,phases   ] GC(146) Concurrent Mark Free 0.001ms
[86.511s][info][gc,phases   ] GC(146) Concurrent Process Non-Strong References 0.349ms
[86.511s][info][gc,phases   ] GC(146) Concurrent Reset Relocation Set 0.029ms
[86.532s][info][gc,phases   ] GC(146) Concurrent Select Relocation Set 20.946ms
[86.532s][info][gc,phases   ] GC(146) Pause Relocate Start 0.007ms
[86.538s][info][gc,phases   ] GC(146) Concurrent Relocate 5.111ms
[86.538s][info][gc,load     ] GC(146) Load: 0.00/0.00/0.00
[86.538s][info][gc,mmu      ] GC(146) MMU: 2ms/95.8%, 5ms/98.3%, 10ms/99.2%, 20ms/99.6%, 50ms/99.8%, 100ms/99.9%
[86.538s][info][gc,marking  ] GC(146) Mark: 8 stripe(s), 2 proactive flush(es), 1 terminate flush(es), 0 completion(s), 0 continuation(s) 
[86.538s][info][gc,marking  ] GC(146) Mark Stack Usage: 32M
[86.538s][info][gc,nmethod  ] GC(146) NMethods: 749 registered, 13 unregistered
[86.538s][info][gc,metaspace] GC(146) Metaspace: 16M used, 16M committed, 1088M reserved
[86.538s][info][gc,ref      ] GC(146) Soft: 171 encountered, 0 discovered, 0 enqueued
[86.538s][info][gc,ref      ] GC(146) Weak: 974 encountered, 64 discovered, 0 enqueued
[86.538s][info][gc,ref      ] GC(146) Final: 0 encountered, 0 discovered, 0 enqueued
[86.538s][info][gc,ref      ] GC(146) Phantom: 35 encountered, 23 discovered, 0 enqueued
[86.538s][info][gc,reloc    ] GC(146) Small Pages: 342 / 684M, Empty: 0M, Relocated: 6M, In-Place: 0
[86.538s][info][gc,reloc    ] GC(146) Medium Pages: 0 / 0M, Empty: 0M, Relocated: 0M, In-Place: 0
[86.538s][info][gc,reloc    ] GC(146) Large Pages: 2 / 12M, Empty: 0M, Relocated: 0M, In-Place: 0
[86.538s][info][gc,reloc    ] GC(146) Forwarding Usage: 4M
[86.538s][info][gc,heap     ] GC(146) Min Capacity: 8M(1%)
[86.538s][info][gc,heap     ] GC(146) Max Capacity: 1024M(100%)
[86.538s][info][gc,heap     ] GC(146) Soft Max Capacity: 1024M(100%)
[86.538s][info][gc,heap     ] GC(146)                Mark Start          Mark End        Relocate Start      Relocate End           High               Low         
[86.538s][info][gc,heap     ] GC(146)  Capacity:     1024M (100%)       1024M (100%)       1024M (100%)       1024M (100%)       1024M (100%)       1024M (100%)   
[86.538s][info][gc,heap     ] GC(146)      Free:      328M (32%)         314M (31%)         312M (30%)         314M (31%)         328M (32%)         292M (29%)    
[86.538s][info][gc,heap     ] GC(146)      Used:      696M (68%)         710M (69%)         712M (70%)         710M (69%)         732M (71%)         696M (68%)    
[86.538s][info][gc,heap     ] GC(146)      Live:         -               633M (62%)         633M (62%)         633M (62%)            -                  -          
[86.538s][info][gc,heap     ] GC(146) Allocated:         -                14M (1%)           16M (2%)           15M (2%)             -                  -          
[86.538s][info][gc,heap     ] GC(146)   Garbage:         -                62M (6%)           62M (6%)           60M (6%)             -                  -          
[86.538s][info][gc,heap     ] GC(146) Reclaimed:         -                  -                 0M (0%)            1M (0%)             -                  -          
[86.538s][info][gc          ] GC(146) Garbage Collection (Allocation Rate) 696M(68%)->710M(69%)
[86.596s][info][gc,start    ] GC(147) Garbage Collection (Allocation Rate)
[86.596s][info][gc,task     ] GC(147) Using 10 workers
[86.596s][info][gc,phases   ] GC(147) Pause Mark Start 0.011ms
[86.799s][info][gc,phases   ] GC(147) Concurrent Mark 202.871ms
[86.799s][info][gc,phases   ] GC(147) Pause Mark End 0.017ms
[86.800s][info][gc,phases   ] GC(147) Concurrent Mark Free 0.001ms
[86.800s][info][gc,phases   ] GC(147) Concurrent Process Non-Strong References 0.364ms
[86.800s][info][gc,phases   ] GC(147) Concurrent Reset Relocation Set 0.002ms
[86.814s][info][gc,phases   ] GC(147) Concurrent Select Relocation Set 14.146ms
[86.814s][info][gc,phases   ] GC(147) Pause Relocate Start 0.006ms
[86.820s][info][gc,phases   ] GC(147) Concurrent Relocate 5.207ms
[86.820s][info][gc,load     ] GC(147) Load: 0.00/0.00/0.00
[86.820s][info][gc,mmu      ] GC(147) MMU: 2ms/95.8%, 5ms/98.3%, 10ms/99.2%, 20ms/99.6%, 50ms/99.8%, 100ms/99.9%
[86.820s][info][gc,marking  ] GC(147) Mark: 8 stripe(s), 2 proactive flush(es), 1 terminate flush(es), 0 completion(s), 0 continuation(s) 
[86.820s][info][gc,marking  ] GC(147) Mark Stack Usage: 32M
[86.820s][info][gc,nmethod  ] GC(147) NMethods: 748 registered, 14 unregistered
[86.820s][info][gc,metaspace] GC(147) Metaspace: 16M used, 16M committed, 1088M reserved
[86.820s][info][gc,ref      ] GC(147) Soft: 171 encountered, 0 discovered, 0 enqueued
[86.820s][info][gc,ref      ] GC(147) Weak: 974 encountered, 74 discovered, 0 enqueued
[86.820s][info][gc,ref      ] GC(147) Final: 0 encountered, 0 discovered, 0 enqueued
[86.820s][info][gc,ref      ] GC(147) Phantom: 35 encountered, 20 discovered, 0 enqueued
[86.820s][info][gc,reloc    ] GC(147) Small Pages: 351 / 702M, Empty: 2M, Relocated: 12M, In-Place: 0
[86.820s][info][gc,reloc    ] GC(147) Medium Pages: 0 / 0M, Empty: 0M, Relocated: 0M, In-Place: 0
[86.820s][info][gc,reloc    ] GC(147) Large Pages: 2 / 12M, Empty: 6M, Relocated: 0M, In-Place: 0
[86.820s][info][gc,reloc    ] GC(147) Forwarding Usage: 5M
[86.820s][info][gc,heap     ] GC(147) Min Capacity: 8M(1%)
[86.820s][info][gc,heap     ] GC(147) Max Capacity: 1024M(100%)
[86.820s][info][gc,heap     ] GC(147) Soft Max Capacity: 1024M(100%)
[86.820s][info][gc,heap     ] GC(147)                Mark Start          Mark End        Relocate Start      Relocate End           High               Low         
[86.820s][info][gc,heap     ] GC(147)  Capacity:     1024M (100%)       1024M (100%)       1024M (100%)       1024M (100%)       1024M (100%)       1024M (100%)   
[86.820s][info][gc,heap     ] GC(147)      Free:      310M (30%)         204M (20%)         198M (19%)         210M (21%)         310M (30%)         184M (18%)    
[86.820s][info][gc,heap     ] GC(147)      Used:      714M (70%)         820M (80%)         826M (81%)         814M (79%)         840M (82%)         714M (70%)    
[86.820s][info][gc,heap     ] GC(147)      Live:         -               631M (62%)         631M (62%)         631M (62%)            -                  -          
[86.820s][info][gc,heap     ] GC(147) Allocated:         -               106M (10%)         120M (12%)         123M (12%)            -                  -          
[86.820s][info][gc,heap     ] GC(147)   Garbage:         -                82M (8%)           74M (7%)           58M (6%)             -                  -          
[86.820s][info][gc,heap     ] GC(147) Reclaimed:         -                  -                 8M (1%)           23M (2%)             -                  -          
[86.820s][info][gc          ] GC(147) Garbage Collection (Allocation Rate) 714M(70%)->814M(79%)
[86.909s][info][gc,start    ] GC(148) Garbage Collection (Allocation Rate)
[86.909s][info][gc,task     ] GC(148) Using 10 workers
[86.909s][info][gc,phases   ] GC(148) Pause Mark Start 0.018ms
[87.096s][info][gc,phases   ] GC(148) Concurrent Mark 187.101ms
[87.096s][info][gc,phases   ] GC(148) Pause Mark End 0.015ms
[87.096s][info][gc,phases   ] GC(148) Concurrent Mark Free 0.001ms
[87.097s][info][gc,phases   ] GC(148) Concurrent Process Non-Strong References 0.385ms
[87.097s][info][gc,phases   ] GC(148) Concurrent Reset Relocation Set 0.003ms
[87.099s][info][gc,phases   ] GC(148) Concurrent Select Relocation Set 2.490ms
[87.099s][info][gc,phases   ] GC(148) Pause Relocate Start 0.005ms
[87.104s][info][gc,phases   ] GC(148) Concurrent Relocate 4.307ms
[87.104s][info][gc,load     ] GC(148) Load: 0.00/0.00/0.00
[87.104s][info][gc,mmu      ] GC(148) MMU: 2ms/95.8%, 5ms/98.3%, 10ms/99.2%, 20ms/99.6%, 50ms/99.8%, 100ms/99.9%
[87.104s][info][gc,marking  ] GC(148) Mark: 8 stripe(s), 2 proactive flush(es), 1 terminate flush(es), 0 completion(s), 0 continuation(s) 
[87.104s][info][gc,marking  ] GC(148) Mark Stack Usage: 32M
[87.104s][info][gc,nmethod  ] GC(148) NMethods: 748 registered, 14 unregistered
[87.104s][info][gc,metaspace] GC(148) Metaspace: 16M used, 16M committed, 1088M reserved
[87.104s][info][gc,ref      ] GC(148) Soft: 171 encountered, 0 discovered, 0 enqueued
[87.104s][info][gc,ref      ] GC(148) Weak: 974 encountered, 40 discovered, 0 enqueued
[87.104s][info][gc,ref      ] GC(148) Final: 0 encountered, 0 discovered, 0 enqueued
[87.104s][info][gc,ref      ] GC(148) Phantom: 35 encountered, 29 discovered, 0 enqueued
[87.104s][info][gc,reloc    ] GC(148) Small Pages: 439 / 878M, Empty: 18M, Relocated: 13M, In-Place: 0
[87.104s][info][gc,reloc    ] GC(148) Medium Pages: 0 / 0M, Empty: 0M, Relocated: 0M, In-Place: 0
[87.104s][info][gc,reloc    ] GC(148) Large Pages: 1 / 6M, Empty: 0M, Relocated: 0M, In-Place: 0
[87.104s][info][gc,reloc    ] GC(148) Forwarding Usage: 5M
[87.104s][info][gc,heap     ] GC(148) Min Capacity: 8M(1%)
[87.104s][info][gc,heap     ] GC(148) Max Capacity: 1024M(100%)
[87.104s][info][gc,heap     ] GC(148) Soft Max Capacity: 1024M(100%)
[87.104s][info][gc,heap     ] GC(148)                Mark Start          Mark End        Relocate Start      Relocate End           High               Low         
[87.104s][info][gc,heap     ] GC(148)  Capacity:     1024M (100%)       1024M (100%)       1024M (100%)       1024M (100%)       1024M (100%)       1024M (100%)   
[87.104s][info][gc,heap     ] GC(148)      Free:      140M (14%)          32M (3%)           48M (5%)          238M (23%)         238M (23%)          28M (3%)     
[87.104s][info][gc,heap     ] GC(148)      Used:      884M (86%)         992M (97%)         976M (95%)         786M (77%)         996M (97%)         786M (77%)    
[87.104s][info][gc,heap     ] GC(148)      Live:         -               602M (59%)         602M (59%)         602M (59%)            -                  -          
[87.104s][info][gc,heap     ] GC(148) Allocated:         -               108M (11%)         110M (11%)         111M (11%)            -                  -          
[87.105s][info][gc,heap     ] GC(148)   Garbage:         -               281M (27%)         263M (26%)          71M (7%)             -                  -          
[87.105s][info][gc,heap     ] GC(148) Reclaimed:         -                  -                18M (2%)          209M (21%)            -                  -          
[87.105s][info][gc          ] GC(148) Garbage Collection (Allocation Rate) 884M(86%)->786M(77%)
[87.197s][info][gc,start    ] GC(149) Garbage Collection (Allocation Rate)
[87.198s][info][gc,task     ] GC(149) Using 10 workers
[87.198s][info][gc,phases   ] GC(149) Pause Mark Start 0.017ms
[87.369s][info][gc,phases   ] GC(149) Concurrent Mark 171.430ms
[87.369s][info][gc,phases   ] GC(149) Pause Mark End 0.017ms
[87.369s][info][gc,phases   ] GC(149) Concurrent Mark Free 0.001ms
[87.370s][info][gc,phases   ] GC(149) Concurrent Process Non-Strong References 0.349ms
[87.370s][info][gc,phases   ] GC(149) Concurrent Reset Relocation Set 0.017ms
[87.374s][info][gc,phases   ] GC(149) Concurrent Select Relocation Set 3.730ms
[87.374s][info][gc,phases   ] GC(149) Pause Relocate Start 0.004ms
[87.377s][info][gc,phases   ] GC(149) Concurrent Relocate 3.791ms
[87.378s][info][gc,load     ] GC(149) Load: 0.00/0.00/0.00
[87.378s][info][gc,mmu      ] GC(149) MMU: 2ms/95.8%, 5ms/98.3%, 10ms/99.2%, 20ms/99.6%, 50ms/99.8%, 100ms/99.9%
[87.378s][info][gc,marking  ] GC(149) Mark: 8 stripe(s), 2 proactive flush(es), 1 terminate flush(es), 0 completion(s), 0 continuation(s) 
[87.378s][info][gc,marking  ] GC(149) Mark Stack Usage: 32M
[87.378s][info][gc,nmethod  ] GC(149) NMethods: 748 registered, 14 unregistered
[87.378s][info][gc,metaspace] GC(149) Metaspace: 16M used, 16M committed, 1088M reserved
[87.378s][info][gc,ref      ] GC(149) Soft: 171 encountered, 0 discovered, 0 enqueued
[87.378s][info][gc,ref      ] GC(149) Weak: 974 encountered, 55 discovered, 0 enqueued
[87.378s][info][gc,ref      ] GC(149) Final: 0 encountered, 0 discovered, 0 enqueued
[87.378s][info][gc,ref      ] GC(149) Phantom: 35 encountered, 21 discovered, 0 enqueued
[87.378s][info][gc,reloc    ] GC(149) Small Pages: 423 / 846M, Empty: 14M, Relocated: 11M, In-Place: 0
[87.378s][info][gc,reloc    ] GC(149) Medium Pages: 0 / 0M, Empty: 0M, Relocated: 0M, In-Place: 0
[87.378s][info][gc,reloc    ] GC(149) Large Pages: 1 / 6M, Empty: 0M, Relocated: 0M, In-Place: 0
[87.378s][info][gc,reloc    ] GC(149) Forwarding Usage: 4M
[87.378s][info][gc,heap     ] GC(149) Min Capacity: 8M(1%)
[87.378s][info][gc,heap     ] GC(149) Max Capacity: 1024M(100%)
[87.378s][info][gc,heap     ] GC(149) Soft Max Capacity: 1024M(100%)
[87.378s][info][gc,heap     ] GC(149)                Mark Start          Mark End        Relocate Start      Relocate End           High               Low         
[87.378s][info][gc,heap     ] GC(149)  Capacity:     1024M (100%)       1024M (100%)       1024M (100%)       1024M (100%)       1024M (100%)       1024M (100%)   
[87.378s][info][gc,heap     ] GC(149)      Free:      172M (17%)          68M (7%)           78M (8%)          258M (25%)         258M (25%)          58M (6%)     
[87.378s][info][gc,heap     ] GC(149)      Used:      852M (83%)         956M (93%)         946M (92%)         766M (75%)         966M (94%)         766M (75%)    
[87.378s][info][gc,heap     ] GC(149)      Live:         -               576M (56%)         576M (56%)         576M (56%)            -                  -          
[87.378s][info][gc,heap     ] GC(149) Allocated:         -               104M (10%)         108M (11%)         109M (11%)            -                  -          
[87.378s][info][gc,heap     ] GC(149)   Garbage:         -               275M (27%)         261M (26%)          79M (8%)             -                  -          
[87.378s][info][gc,heap     ] GC(149) Reclaimed:         -                  -                14M (1%)          195M (19%)            -                  -          
[87.378s][info][gc          ] GC(149) Garbage Collection (Allocation Rate) 852M(83%)->766M(75%)
[87.400s][info][gc,start    ] GC(150) Garbage Collection (Allocation Rate)
[87.401s][info][gc,task     ] GC(150) Using 10 workers
[87.401s][info][gc,phases   ] GC(150) Pause Mark Start 0.012ms
[87.557s][info][gc,phases   ] GC(150) Concurrent Mark 155.941ms
[87.557s][info][gc,phases   ] GC(150) Pause Mark End 0.015ms
[87.557s][info][gc,phases   ] GC(150) Concurrent Mark Free 0.001ms
[87.557s][info][gc,phases   ] GC(150) Concurrent Process Non-Strong References 0.362ms
[87.557s][info][gc,phases   ] GC(150) Concurrent Reset Relocation Set 0.018ms
[87.561s][info][gc,phases   ] GC(150) Concurrent Select Relocation Set 3.783ms
[87.561s][info][gc,phases   ] GC(150) Pause Relocate Start 0.004ms
[87.565s][info][gc,phases   ] GC(150) Concurrent Relocate 3.976ms
[87.565s][info][gc,load     ] GC(150) Load: 0.00/0.00/0.00
[87.565s][info][gc,mmu      ] GC(150) MMU: 2ms/95.8%, 5ms/98.3%, 10ms/99.2%, 20ms/99.6%, 50ms/99.8%, 100ms/99.9%
[87.565s][info][gc,marking  ] GC(150) Mark: 8 stripe(s), 2 proactive flush(es), 1 terminate flush(es), 0 completion(s), 0 continuation(s) 
[87.565s][info][gc,marking  ] GC(150) Mark Stack Usage: 32M
[87.565s][info][gc,nmethod  ] GC(150) NMethods: 748 registered, 14 unregistered
[87.565s][info][gc,metaspace] GC(150) Metaspace: 16M used, 16M committed, 1088M reserved
[87.565s][info][gc,ref      ] GC(150) Soft: 171 encountered, 0 discovered, 0 enqueued
[87.566s][info][gc,ref      ] GC(150) Weak: 974 encountered, 41 discovered, 0 enqueued
[87.566s][info][gc,ref      ] GC(150) Final: 0 encountered, 0 discovered, 0 enqueued
[87.566s][info][gc,ref      ] GC(150) Phantom: 35 encountered, 25 discovered, 0 enqueued
[87.566s][info][gc,reloc    ] GC(150) Small Pages: 389 / 778M, Empty: 12M, Relocated: 10M, In-Place: 0
[87.566s][info][gc,reloc    ] GC(150) Medium Pages: 0 / 0M, Empty: 0M, Relocated: 0M, In-Place: 0
[87.566s][info][gc,reloc    ] GC(150) Large Pages: 1 / 6M, Empty: 0M, Relocated: 0M, In-Place: 0
[87.566s][info][gc,reloc    ] GC(150) Forwarding Usage: 3M
[87.566s][info][gc,heap     ] GC(150) Min Capacity: 8M(1%)
[87.566s][info][gc,heap     ] GC(150) Max Capacity: 1024M(100%)
[87.566s][info][gc,heap     ] GC(150) Soft Max Capacity: 1024M(100%)
[87.566s][info][gc,heap     ] GC(150)                Mark Start          Mark End        Relocate Start      Relocate End           High               Low         
[87.566s][info][gc,heap     ] GC(150)  Capacity:     1024M (100%)       1024M (100%)       1024M (100%)       1024M (100%)       1024M (100%)       1024M (100%)   
[87.566s][info][gc,heap     ] GC(150)      Free:      240M (23%)         142M (14%)         150M (15%)         276M (27%)         276M (27%)         130M (13%)    
[87.566s][info][gc,heap     ] GC(150)      Used:      784M (77%)         882M (86%)         874M (85%)         748M (73%)         894M (87%)         748M (73%)    
[87.566s][info][gc,heap     ] GC(150)      Live:         -               557M (54%)         557M (54%)         557M (54%)            -                  -          
[87.566s][info][gc,heap     ] GC(150) Allocated:         -                98M (10%)         102M (10%)         103M (10%)            -                  -          
[87.566s][info][gc,heap     ] GC(150)   Garbage:         -               226M (22%)         214M (21%)          86M (8%)             -                  -          
[87.566s][info][gc,heap     ] GC(150) Reclaimed:         -                  -                12M (1%)          139M (14%)            -                  -          
[87.566s][info][gc          ] GC(150) Garbage Collection (Allocation Rate) 784M(77%)->748M(73%)
[87.604s][info][gc,start    ] GC(151) Garbage Collection (Allocation Rate)
[87.604s][info][gc,task     ] GC(151) Using 10 workers
[87.604s][info][gc,phases   ] GC(151) Pause Mark Start 0.012ms
[87.736s][info][gc,phases   ] GC(151) Concurrent Mark 132.058ms
[87.736s][info][gc,phases   ] GC(151) Pause Mark End 0.015ms
[87.736s][info][gc,phases   ] GC(151) Concurrent Mark Free 0.001ms
[87.736s][info][gc,phases   ] GC(151) Concurrent Process Non-Strong References 0.325ms
[87.737s][info][gc,phases   ] GC(151) Concurrent Reset Relocation Set 0.015ms
[87.740s][info][gc,phases   ] GC(151) Concurrent Select Relocation Set 3.879ms
[87.741s][info][gc,phases   ] GC(151) Pause Relocate Start 0.004ms
[87.743s][info][gc,phases   ] GC(151) Concurrent Relocate 2.573ms
[87.743s][info][gc,load     ] GC(151) Load: 0.00/0.00/0.00
[87.743s][info][gc,mmu      ] GC(151) MMU: 2ms/95.8%, 5ms/98.3%, 10ms/99.2%, 20ms/99.6%, 50ms/99.8%, 100ms/99.9%
[87.743s][info][gc,marking  ] GC(151) Mark: 8 stripe(s), 2 proactive flush(es), 1 terminate flush(es), 0 completion(s), 0 continuation(s) 
[87.743s][info][gc,marking  ] GC(151) Mark Stack Usage: 32M
[87.743s][info][gc,nmethod  ] GC(151) NMethods: 748 registered, 14 unregistered
[87.743s][info][gc,metaspace] GC(151) Metaspace: 16M used, 16M committed, 1088M reserved
[87.743s][info][gc,ref      ] GC(151) Soft: 171 encountered, 0 discovered, 0 enqueued
[87.743s][info][gc,ref      ] GC(151) Weak: 974 encountered, 78 discovered, 0 enqueued
[87.743s][info][gc,ref      ] GC(151) Final: 0 encountered, 0 discovered, 0 enqueued
[87.743s][info][gc,ref      ] GC(151) Phantom: 35 encountered, 23 discovered, 0 enqueued
[87.744s][info][gc,reloc    ] GC(151) Small Pages: 387 / 774M, Empty: 12M, Relocated: 6M, In-Place: 0
[87.744s][info][gc,reloc    ] GC(151) Medium Pages: 0 / 0M, Empty: 0M, Relocated: 0M, In-Place: 0
[87.744s][info][gc,reloc    ] GC(151) Large Pages: 1 / 6M, Empty: 0M, Relocated: 0M, In-Place: 0
[87.744s][info][gc,reloc    ] GC(151) Forwarding Usage: 2M
[87.744s][info][gc,heap     ] GC(151) Min Capacity: 8M(1%)
[87.744s][info][gc,heap     ] GC(151) Max Capacity: 1024M(100%)
[87.744s][info][gc,heap     ] GC(151) Soft Max Capacity: 1024M(100%)
[87.744s][info][gc,heap     ] GC(151)                Mark Start          Mark End        Relocate Start      Relocate End           High               Low         
[87.744s][info][gc,heap     ] GC(151)  Capacity:     1024M (100%)       1024M (100%)       1024M (100%)       1024M (100%)       1024M (100%)       1024M (100%)   
[87.744s][info][gc,heap     ] GC(151)      Free:      244M (24%)         158M (15%)         166M (16%)         298M (29%)         298M (29%)         144M (14%)    
[87.744s][info][gc,heap     ] GC(151)      Used:      780M (76%)         866M (85%)         858M (84%)         726M (71%)         880M (86%)         726M (71%)    
[87.744s][info][gc,heap     ] GC(151)      Live:         -               536M (52%)         536M (52%)         536M (52%)            -                  -          
[87.744s][info][gc,heap     ] GC(151) Allocated:         -                86M (8%)           90M (9%)           91M (9%)             -                  -          
[87.744s][info][gc,heap     ] GC(151)   Garbage:         -               243M (24%)         231M (23%)          97M (9%)             -                  -          
[87.744s][info][gc,heap     ] GC(151) Reclaimed:         -                  -                12M (1%)          145M (14%)            -                  -          
[87.744s][info][gc          ] GC(151) Garbage Collection (Allocation Rate) 780M(76%)->726M(71%)
[87.798s][info][gc,start    ] GC(152) Garbage Collection (Allocation Rate)
[87.799s][info][gc,task     ] GC(152) Using 10 workers
[87.799s][info][gc,phases   ] GC(152) Pause Mark Start 0.015ms
[87.908s][info][gc,phases   ] GC(152) Concurrent Mark 108.976ms
[87.908s][info][gc,phases   ] GC(152) Pause Mark End 0.015ms
[87.908s][info][gc,phases   ] GC(152) Concurrent Mark Free 0.002ms
[87.908s][info][gc,phases   ] GC(152) Concurrent Process Non-Strong References 0.317ms
[87.908s][info][gc,phases   ] GC(152) Concurrent Reset Relocation Set 0.014ms
[87.912s][info][gc,phases   ] GC(152) Concurrent Select Relocation Set 3.884ms
[87.912s][info][gc,phases   ] GC(152) Pause Relocate Start 0.004ms
[87.915s][info][gc,phases   ] GC(152) Concurrent Relocate 2.147ms
[87.915s][info][gc,load     ] GC(152) Load: 0.00/0.00/0.00
[87.915s][info][gc,mmu      ] GC(152) MMU: 2ms/95.8%, 5ms/98.3%, 10ms/99.2%, 20ms/99.6%, 50ms/99.8%, 100ms/99.9%
[87.915s][info][gc,marking  ] GC(152) Mark: 8 stripe(s), 2 proactive flush(es), 1 terminate flush(es), 0 completion(s), 0 continuation(s) 
[87.915s][info][gc,marking  ] GC(152) Mark Stack Usage: 32M
[87.915s][info][gc,nmethod  ] GC(152) NMethods: 748 registered, 14 unregistered
[87.915s][info][gc,metaspace] GC(152) Metaspace: 16M used, 16M committed, 1088M reserved
[87.915s][info][gc,ref      ] GC(152) Soft: 171 encountered, 0 discovered, 0 enqueued
[87.915s][info][gc,ref      ] GC(152) Weak: 974 encountered, 48 discovered, 0 enqueued
[87.915s][info][gc,ref      ] GC(152) Final: 0 encountered, 0 discovered, 0 enqueued
[87.915s][info][gc,ref      ] GC(152) Phantom: 35 encountered, 22 discovered, 0 enqueued
[87.915s][info][gc,reloc    ] GC(152) Small Pages: 384 / 768M, Empty: 14M, Relocated: 5M, In-Place: 0
[87.915s][info][gc,reloc    ] GC(152) Medium Pages: 0 / 0M, Empty: 0M, Relocated: 0M, In-Place: 0
[87.915s][info][gc,reloc    ] GC(152) Large Pages: 1 / 6M, Empty: 0M, Relocated: 0M, In-Place: 0
[87.915s][info][gc,reloc    ] GC(152) Forwarding Usage: 2M
[87.915s][info][gc,heap     ] GC(152) Min Capacity: 8M(1%)
[87.915s][info][gc,heap     ] GC(152) Max Capacity: 1024M(100%)
[87.915s][info][gc,heap     ] GC(152) Soft Max Capacity: 1024M(100%)
[87.915s][info][gc,heap     ] GC(152)                Mark Start          Mark End        Relocate Start      Relocate End           High               Low         
[87.915s][info][gc,heap     ] GC(152)  Capacity:     1024M (100%)       1024M (100%)       1024M (100%)       1024M (100%)       1024M (100%)       1024M (100%)   
[87.915s][info][gc,heap     ] GC(152)      Free:      250M (24%)         170M (17%)         180M (18%)         318M (31%)         318M (31%)         160M (16%)    
[87.915s][info][gc,heap     ] GC(152)      Used:      774M (76%)         854M (83%)         844M (82%)         706M (69%)         864M (84%)         706M (69%)    
[87.915s][info][gc,heap     ] GC(152)      Live:         -               515M (50%)         515M (50%)         515M (50%)            -                  -          
[87.915s][info][gc,heap     ] GC(152) Allocated:         -                80M (8%)           84M (8%)           85M (8%)             -                  -          
[87.915s][info][gc,heap     ] GC(152)   Garbage:         -               258M (25%)         244M (24%)         104M (10%)            -                  -          
[87.915s][info][gc,heap     ] GC(152) Reclaimed:         -                  -                14M (1%)          153M (15%)            -                  -          
[87.915s][info][gc          ] GC(152) Garbage Collection (Allocation Rate) 774M(76%)->706M(69%)
[88.002s][info][gc,start    ] GC(153) Garbage Collection (Allocation Rate)
[88.002s][info][gc,task     ] GC(153) Using 10 workers
[88.002s][info][gc,phases   ] GC(153) Pause Mark Start 0.014ms
[88.017s][info][gc,phases   ] GC(153) Concurrent Mark 15.348ms
[88.017s][info][gc,phases   ] GC(153) Pause Mark End 0.021ms
[88.017s][info][gc,phases   ] GC(153) Concurrent Mark Free 0.001ms
[88.018s][info][gc,phases   ] GC(153) Concurrent Process Non-Strong References 0.575ms
[88.018s][info][gc,phases   ] GC(153) Concurrent Reset Relocation Set 0.014ms
[88.022s][info][gc,phases   ] GC(153) Concurrent Select Relocation Set 3.600ms
[88.022s][info][gc,phases   ] GC(153) Pause Relocate Start 0.009ms
[88.026s][info][gc,phases   ] GC(153) Concurrent Relocate 3.964ms
[88.026s][info][gc,load     ] GC(153) Load: 0.00/0.00/0.00
[88.026s][info][gc,mmu      ] GC(153) MMU: 2ms/95.8%, 5ms/98.3%, 10ms/99.2%, 20ms/99.6%, 50ms/99.8%, 100ms/99.9%
[88.026s][info][gc,marking  ] GC(153) Mark: 8 stripe(s), 3 proactive flush(es), 1 terminate flush(es), 0 completion(s), 0 continuation(s) 
[88.026s][info][gc,marking  ] GC(153) Mark Stack Usage: 32M
[88.026s][info][gc,nmethod  ] GC(153) NMethods: 749 registered, 14 unregistered
[88.026s][info][gc,metaspace] GC(153) Metaspace: 16M used, 16M committed, 1088M reserved
[88.026s][info][gc,ref      ] GC(153) Soft: 171 encountered, 0 discovered, 0 enqueued
[88.026s][info][gc,ref      ] GC(153) Weak: 976 encountered, 166 discovered, 6 enqueued
[88.026s][info][gc,ref      ] GC(153) Final: 0 encountered, 0 discovered, 0 enqueued
[88.026s][info][gc,ref      ] GC(153) Phantom: 35 encountered, 26 discovered, 0 enqueued
[88.026s][info][gc,reloc    ] GC(153) Small Pages: 356 / 712M, Empty: 654M, Relocated: 6M, In-Place: 0
[88.026s][info][gc,reloc    ] GC(153) Medium Pages: 0 / 0M, Empty: 0M, Relocated: 0M, In-Place: 0
[88.026s][info][gc,reloc    ] GC(153) Large Pages: 1 / 6M, Empty: 6M, Relocated: 0M, In-Place: 0
[88.026s][info][gc,reloc    ] GC(153) Forwarding Usage: 1M
[88.026s][info][gc,heap     ] GC(153) Min Capacity: 8M(1%)
[88.026s][info][gc,heap     ] GC(153) Max Capacity: 1024M(100%)
[88.026s][info][gc,heap     ] GC(153) Soft Max Capacity: 1024M(100%)
[88.026s][info][gc,heap     ] GC(153)                Mark Start          Mark End        Relocate Start      Relocate End           High               Low         
[88.026s][info][gc,heap     ] GC(153)  Capacity:     1024M (100%)       1024M (100%)       1024M (100%)       1024M (100%)       1024M (100%)       1024M (100%)   
[88.026s][info][gc,heap     ] GC(153)      Free:      306M (30%)         304M (30%)         964M (94%)         982M (96%)         982M (96%)         304M (30%)    
[88.026s][info][gc,heap     ] GC(153)      Used:      718M (70%)         720M (70%)          60M (6%)           42M (4%)          720M (70%)          42M (4%)     
[88.027s][info][gc,heap     ] GC(153)      Live:         -                23M (2%)           23M (2%)           23M (2%)             -                  -          
[88.027s][info][gc,heap     ] GC(153) Allocated:         -                 2M (0%)            2M (0%)            1M (0%)             -                  -          
[88.027s][info][gc,heap     ] GC(153)   Garbage:         -               694M (68%)          34M (3%)           16M (2%)             -                  -          
[88.027s][info][gc,heap     ] GC(153) Reclaimed:         -                  -               660M (64%)         677M (66%)            -                  -          
[88.027s][info][gc          ] GC(153) Garbage Collection (Allocation Rate) 718M(70%)->42M(4%)
[89.604s][info][gc,start    ] GC(154) Garbage Collection (System.gc())
[89.604s][info][gc,task     ] GC(154) Using 10 workers
[89.604s][info][gc,phases   ] GC(154) Pause Mark Start 0.016ms
[89.632s][info][gc,phases   ] GC(154) Concurrent Mark 27.563ms
[89.632s][info][gc,phases   ] GC(154) Pause Mark End 0.019ms
[89.632s][info][gc,phases   ] GC(154) Concurrent Mark Free 0.001ms
[89.633s][info][gc,phases   ] GC(154) Concurrent Process Non-Strong References 0.599ms
[89.633s][info][gc,phases   ] GC(154) Concurrent Reset Relocation Set 0.003ms
[89.637s][info][gc,phases   ] GC(154) Concurrent Select Relocation Set 3.903ms
[89.637s][info][gc,phases   ] GC(154) Pause Relocate Start 0.009ms
[89.639s][info][gc,phases   ] GC(154) Concurrent Relocate 1.790ms
[89.639s][info][gc,load     ] GC(154) Load: 0.00/0.00/0.00
[89.639s][info][gc,mmu      ] GC(154) MMU: 2ms/95.8%, 5ms/98.3%, 10ms/99.2%, 20ms/99.6%, 50ms/99.8%, 100ms/99.9%
[89.639s][info][gc,marking  ] GC(154) Mark: 8 stripe(s), 3 proactive flush(es), 1 terminate flush(es), 0 completion(s), 0 continuation(s) 
[89.639s][info][gc,marking  ] GC(154) Mark Stack Usage: 32M
[89.639s][info][gc,nmethod  ] GC(154) NMethods: 751 registered, 14 unregistered
[89.639s][info][gc,metaspace] GC(154) Metaspace: 16M used, 16M committed, 1088M reserved
[89.639s][info][gc,ref      ] GC(154) Soft: 171 encountered, 0 discovered, 0 enqueued
[89.639s][info][gc,ref      ] GC(154) Weak: 970 encountered, 68 discovered, 0 enqueued
[89.639s][info][gc,ref      ] GC(154) Final: 0 encountered, 0 discovered, 0 enqueued
[89.639s][info][gc,ref      ] GC(154) Phantom: 35 encountered, 26 discovered, 0 enqueued
[89.639s][info][gc,reloc    ] GC(154) Small Pages: 59 / 118M, Empty: 78M, Relocated: 5M, In-Place: 0
[89.639s][info][gc,reloc    ] GC(154) Medium Pages: 0 / 0M, Empty: 0M, Relocated: 0M, In-Place: 0
[89.639s][info][gc,reloc    ] GC(154) Large Pages: 0 / 0M, Empty: 0M, Relocated: 0M, In-Place: 0
[89.639s][info][gc,reloc    ] GC(154) Forwarding Usage: 1M
[89.639s][info][gc,heap     ] GC(154) Min Capacity: 8M(1%)
[89.639s][info][gc,heap     ] GC(154) Max Capacity: 1024M(100%)
[89.639s][info][gc,heap     ] GC(154) Soft Max Capacity: 1024M(100%)
[89.639s][info][gc,heap     ] GC(154)                Mark Start          Mark End        Relocate Start      Relocate End           High               Low         
[89.639s][info][gc,heap     ] GC(154)  Capacity:     1024M (100%)       1024M (100%)       1024M (100%)       1024M (100%)       1024M (100%)       1024M (100%)   
[89.639s][info][gc,heap     ] GC(154)      Free:      906M (88%)         906M (88%)         984M (96%)         986M (96%)         986M (96%)         906M (88%)    
[89.640s][info][gc,heap     ] GC(154)      Used:      118M (12%)         118M (12%)          40M (4%)           38M (4%)          118M (12%)          38M (4%)     
[89.640s][info][gc,heap     ] GC(154)      Live:         -                20M (2%)           20M (2%)           20M (2%)             -                  -          
[89.640s][info][gc,heap     ] GC(154) Allocated:         -                 0M (0%)            0M (0%)            0M (0%)             -                  -          
[89.640s][info][gc,heap     ] GC(154)   Garbage:         -                97M (10%)          19M (2%)           17M (2%)             -                  -          
[89.640s][info][gc,heap     ] GC(154) Reclaimed:         -                  -                78M (8%)           80M (8%)             -                  -          
[89.640s][info][gc          ] GC(154) Garbage Collection (System.gc()) 118M(12%)->38M(4%)
[90.101s][info][gc,stats    ] === Garbage Collection Statistics =======================================================================================================================
[90.101s][info][gc,stats    ]                                                              Last 10s              Last 10m              Last 10h                Total
[90.101s][info][gc,stats    ]                                                              Avg / Max             Avg / Max             Avg / Max             Avg / Max
[90.101s][info][gc,stats    ]   Collector: Garbage Collection Cycle                    161.569 / 230.140     137.252 / 299.601     137.252 / 299.601     137.252 / 299.601     ms
[90.101s][info][gc,stats    ]  Contention: Mark Segment Reset Contention                     8 / 29                7 / 41                7 / 41                7 / 41          ops/s
[90.101s][info][gc,stats    ]  Contention: Mark SeqNum Reset Contention                      1 / 6                 0 / 6                 0 / 6                 0 / 6           ops/s
[90.101s][info][gc,stats    ]    Critical: Allocation Stall                                  0 / 0                13 / 308              13 / 308              13 / 308         ops/s
[90.101s][info][gc,stats    ]    Critical: Allocation Stall                              0.000 / 0.000        10.728 / 31.418       10.728 / 31.418       10.728 / 31.418      ms
[90.101s][info][gc,stats    ]    Critical: GC Locker Stall                                   0 / 0                 0 / 0                 0 / 0                 0 / 0           ops/s
[90.101s][info][gc,stats    ]    Critical: GC Locker Stall                               0.000 / 0.000         0.000 / 0.000         0.000 / 0.000         0.000 / 0.000       ms
[90.101s][info][gc,stats    ]    Critical: Relocation Stall                                  0 / 0                 0 / 0                 0 / 0                 0 / 0           ops/s
[90.101s][info][gc,stats    ]    Critical: Relocation Stall                              0.000 / 0.000         0.000 / 0.000         0.000 / 0.000         0.000 / 0.000       ms
[90.101s][info][gc,stats    ]      Memory: Allocation Rate                                 256 / 932             557 / 6762            557 / 6762            557 / 6762        MB/s
[90.101s][info][gc,stats    ]      Memory: Defragment                                        1 / 13                2 / 29                2 / 29                2 / 29          ops/s
[90.101s][info][gc,stats    ]      Memory: Out Of Memory                                     0 / 0                 0 / 0                 0 / 0                 0 / 0           ops/s
[90.101s][info][gc,stats    ]      Memory: Page Cache Flush                                  3 / 26                9 / 122               9 / 122               9 / 122         MB/s
[90.101s][info][gc,stats    ]      Memory: Page Cache Hit L1                               167 / 671             308 / 3426            308 / 3426            308 / 3426        ops/s
[90.101s][info][gc,stats    ]      Memory: Page Cache Hit L2                                 0 / 0                 0 / 0                 0 / 0                 0 / 0           ops/s
[90.101s][info][gc,stats    ]      Memory: Page Cache Hit L3                                 1 / 12                7 / 407               7 / 407               7 / 407         ops/s
[90.101s][info][gc,stats    ]      Memory: Page Cache Miss                                   0 / 0                 0 / 2                 0 / 2                 0 / 2           ops/s
[90.101s][info][gc,stats    ]      Memory: Uncommit                                          0 / 0                 0 / 0                 0 / 0                 0 / 0           MB/s
[90.101s][info][gc,stats    ]      Memory: Undo Object Allocation Failed                     0 / 0                30 / 647              30 / 647              30 / 647         ops/s
[90.101s][info][gc,stats    ]      Memory: Undo Object Allocation Succeeded                  0 / 5                 7 / 101               7 / 101               7 / 101         ops/s
[90.102s][info][gc,stats    ]      Memory: Undo Page Allocation                              0 / 0                49 / 1061             49 / 1061             49 / 1061        ops/s
[90.102s][info][gc,stats    ]       Phase: Concurrent Mark                             134.980 / 202.871     101.591 / 249.632     101.591 / 249.632     101.591 / 249.632     ms
[90.102s][info][gc,stats    ]       Phase: Concurrent Mark Continue                      0.000 / 0.000         0.000 / 0.000         0.000 / 0.000         0.000 / 0.000       ms
[90.102s][info][gc,stats    ]       Phase: Concurrent Mark Free                          0.001 / 0.002         0.001 / 0.004         0.001 / 0.004         0.001 / 0.004       ms
[90.102s][info][gc,stats    ]       Phase: Concurrent Process Non-Strong References      0.387 / 0.599         1.175 / 15.033        1.175 / 15.033        1.175 / 15.033      ms
[90.102s][info][gc,stats    ]       Phase: Concurrent Relocate                          13.869 / 39.683       12.063 / 59.080       12.063 / 59.080       12.063 / 59.080      ms
[90.102s][info][gc,stats    ]       Phase: Concurrent Reset Relocation Set               0.015 / 0.032         0.014 / 0.066         0.014 / 0.066         0.014 / 0.066       ms
[90.102s][info][gc,stats    ]       Phase: Concurrent Select Relocation Set             11.487 / 64.809       12.112 / 64.809       12.112 / 64.809       12.112 / 64.809      ms
[90.102s][info][gc,stats    ]       Phase: Pause Mark End                                0.016 / 0.021         0.017 / 0.027         0.017 / 0.027         0.017 / 0.027       ms
[90.102s][info][gc,stats    ]       Phase: Pause Mark Start                              0.015 / 0.018         0.019 / 0.084         0.019 / 0.084         0.019 / 0.084       ms
[90.102s][info][gc,stats    ]       Phase: Pause Relocate Start                          0.007 / 0.013         0.008 / 0.025         0.008 / 0.025         0.008 / 0.025       ms
[90.102s][info][gc,stats    ]    Subphase: Concurrent Classes Purge                      0.007 / 0.025         0.084 / 5.672         0.084 / 5.672         0.084 / 5.672       ms
[90.102s][info][gc,stats    ]    Subphase: Concurrent Classes Unlink                     0.178 / 0.264         0.458 / 6.293         0.458 / 6.293         0.458 / 6.293       ms
[90.102s][info][gc,stats    ]    Subphase: Concurrent Mark                             132.941 / 201.542      99.464 / 248.331      99.464 / 248.331      99.464 / 248.331     ms
[90.102s][info][gc,stats    ]    Subphase: Concurrent Mark Try Flush                     0.051 / 0.126         1.027 / 31.490        1.027 / 31.490        1.027 / 31.490      ms
[90.102s][info][gc,stats    ]    Subphase: Concurrent Mark Try Terminate                 7.422 / 15.628        8.682 / 16.527        8.682 / 16.527        8.682 / 16.527      ms
[90.102s][info][gc,stats    ]    Subphase: Concurrent References Enqueue                 0.001 / 0.004         0.001 / 0.007         0.001 / 0.007         0.001 / 0.007       ms
[90.102s][info][gc,stats    ]    Subphase: Concurrent References Process                 0.027 / 0.033         0.035 / 0.210         0.035 / 0.210         0.035 / 0.210       ms
[90.102s][info][gc,stats    ]    Subphase: Concurrent Roots ClassLoaderDataGraph         0.034 / 0.368         0.045 / 1.028         0.045 / 1.028         0.045 / 1.028       ms
[90.102s][info][gc,stats    ]    Subphase: Concurrent Roots CodeCache                    0.000 / 0.000         0.000 / 0.000         0.000 / 0.000         0.000 / 0.000       ms
[90.102s][info][gc,stats    ]    Subphase: Concurrent Roots JavaThreads                  0.762 / 1.272         0.741 / 6.849         0.741 / 6.849         0.741 / 6.849       ms
[90.102s][info][gc,stats    ]    Subphase: Concurrent Roots OopStorageSet                0.012 / 0.032         0.017 / 0.682         0.017 / 0.682         0.017 / 0.682       ms
[90.102s][info][gc,stats    ]    Subphase: Concurrent Weak Roots OopStorageSet           0.091 / 0.172         0.101 / 0.309         0.101 / 0.309         0.101 / 0.309       ms
[90.102s][info][gc,stats    ]    Subphase: Pause Mark Try Complete                       0.000 / 0.000         0.000 / 0.000         0.000 / 0.000         0.000 / 0.000       ms
[90.102s][info][gc,stats    ]      System: Java Threads                                     62 / 62               63 / 74               63 / 74               63 / 74          threads
[90.102s][info][gc,stats    ] =========================================================================================================================================================
[92.099s][info][gc,start    ] GC(155) Garbage Collection (Allocation Rate)
[92.100s][info][gc,task     ] GC(155) Using 10 workers
[92.100s][info][gc,phases   ] GC(155) Pause Mark Start 0.010ms
[92.109s][info][gc          ] Allocation Stall (reactors-io-scheduler-ForkJoinPool-1-worker-26) 0.185ms
[92.109s][info][gc          ] Allocation Stall (reactors-io-scheduler-ForkJoinPool-1-worker-25) 0.180ms
[92.109s][info][gc          ] Allocation Stall (reactors-io-scheduler-ForkJoinPool-1-worker-39) 0.184ms
[92.109s][info][gc          ] Allocation Stall (reactors-io-scheduler-ForkJoinPool-1-worker-19) 0.186ms
[92.109s][info][gc          ] Allocation Stall (reactors-io-scheduler-ForkJoinPool-1-worker-3) 0.204ms
[92.109s][info][gc          ] Allocation Stall (reactors-io-scheduler-ForkJoinPool-1-worker-12) 0.205ms
[92.109s][info][gc          ] Allocation Stall (reactors-io-scheduler-ForkJoinPool-1-worker-35) 0.214ms
[92.109s][info][gc          ] Allocation Stall (reactors-io-scheduler-ForkJoinPool-1-worker-17) 0.251ms
[92.109s][info][gc          ] Allocation Stall (reactors-io-scheduler-ForkJoinPool-1-worker-31) 0.293ms
[92.109s][info][gc          ] Allocation Stall (reactors-io-scheduler-ForkJoinPool-1-worker-42) 0.352ms
[92.109s][info][gc          ] Allocation Stall (reactors-io-scheduler-ForkJoinPool-1-worker-29) 0.397ms
[92.109s][info][gc          ] Allocation Stall (reactors-io-scheduler-ForkJoinPool-1-worker-34) 0.427ms
[92.109s][info][gc          ] Allocation Stall (reactors-io-scheduler-ForkJoinPool-1-worker-11) 0.452ms
[92.109s][info][gc          ] Allocation Stall (reactors-io-scheduler-ForkJoinPool-1-worker-48) 0.515ms
[92.109s][info][gc          ] Allocation Stall (reactors-io-scheduler-ForkJoinPool-1-worker-28) 0.545ms
[92.109s][info][gc          ] Allocation Stall (reactors-io-scheduler-ForkJoinPool-1-worker-5) 0.585ms
[92.109s][info][gc          ] Allocation Stall (reactors-io-scheduler-ForkJoinPool-1-worker-21) 0.621ms
[92.109s][info][gc          ] Allocation Stall (reactors-io-scheduler-ForkJoinPool-1-worker-20) 0.645ms
[92.109s][info][gc          ] Allocation Stall (reactors-io-scheduler-ForkJoinPool-1-worker-45) 0.682ms
[92.109s][info][gc          ] Allocation Stall (reactors-io-scheduler-ForkJoinPool-1-worker-4) 0.720ms
[92.109s][info][gc          ] Allocation Stall (reactors-io-scheduler-ForkJoinPool-1-worker-14) 0.793ms
[92.110s][info][gc          ] Allocation Stall (reactors-io-scheduler-ForkJoinPool-1-worker-44) 0.825ms
[92.110s][info][gc          ] Allocation Stall (reactors-io-scheduler-ForkJoinPool-1-worker-41) 0.857ms
[92.110s][info][gc          ] Allocation Stall (reactors-io-scheduler-ForkJoinPool-1-worker-30) 0.831ms
[92.110s][info][gc          ] Allocation Stall (reactors-io-scheduler-ForkJoinPool-1-worker-47) 0.853ms
[92.110s][info][gc          ] Allocation Stall (reactors-io-scheduler-ForkJoinPool-1-worker-2) 0.883ms
[92.110s][info][gc          ] Allocation Stall (reactors-io-scheduler-ForkJoinPool-1-worker-18) 0.935ms
[92.146s][info][gc,phases   ] GC(155) Concurrent Mark 40.267ms
[92.146s][info][gc,phases   ] GC(155) Pause Mark End 0.015ms
[92.146s][info][gc,phases   ] GC(155) Concurrent Mark Free 0.001ms
[92.147s][info][gc,phases   ] GC(155) Concurrent Process Non-Strong References 0.382ms
[92.147s][info][gc,phases   ] GC(155) Concurrent Reset Relocation Set 0.002ms
[92.147s][info][gc          ] Allocation Stall (reactors-io-scheduler-ForkJoinPool-1-worker-36) 16.625ms
[92.147s][info][gc          ] Allocation Stall (reactors-io-scheduler-ForkJoinPool-1-worker-43) 17.301ms
[92.147s][info][gc          ] Allocation Stall (reactors-io-scheduler-ForkJoinPool-1-worker-5) 16.378ms
[92.147s][info][gc          ] Allocation Stall (reactors-io-scheduler-ForkJoinPool-1-worker-10) 17.849ms
[92.147s][info][gc          ] Allocation Stall (reactors-io-scheduler-ForkJoinPool-1-worker-33) 16.375ms
[92.147s][info][gc          ] Allocation Stall (reactors-io-scheduler-ForkJoinPool-1-worker-18) 16.683ms
[92.147s][info][gc          ] Allocation Stall (reactors-io-scheduler-ForkJoinPool-1-worker-39) 18.165ms
[92.147s][info][gc          ] Allocation Stall (reactors-io-scheduler-ForkJoinPool-1-worker-8) 16.399ms
[92.147s][info][gc          ] Allocation Stall (reactors-io-scheduler-ForkJoinPool-1-worker-24) 17.924ms
[92.147s][info][gc          ] Allocation Stall (reactors-io-scheduler-ForkJoinPool-1-worker-34) 18.175ms
[92.147s][info][gc          ] Allocation Stall (reactors-io-scheduler-ForkJoinPool-1-worker-25) 17.710ms
[92.147s][info][gc          ] Allocation Stall (reactors-io-scheduler-ForkJoinPool-1-worker-35) 17.241ms
[92.147s][info][gc          ] Allocation Stall (reactors-io-scheduler-ForkJoinPool-1-worker-37) 17.838ms
[92.147s][info][gc          ] Allocation Stall (reactors-io-scheduler-ForkJoinPool-1-worker-12) 16.752ms
[92.147s][info][gc          ] Allocation Stall (reactors-io-scheduler-ForkJoinPool-1-worker-27) 16.324ms
[92.147s][info][gc          ] Allocation Stall (reactors-io-scheduler-ForkJoinPool-1-worker-1) 18.001ms
[92.147s][info][gc          ] Allocation Stall (reactors-io-scheduler-ForkJoinPool-1-worker-26) 17.596ms
[92.147s][info][gc          ] Allocation Stall (reactors-io-scheduler-ForkJoinPool-1-worker-40) 18.757ms
[92.147s][info][gc          ] Allocation Stall (reactors-io-scheduler-ForkJoinPool-1-worker-44) 18.145ms
[92.147s][info][gc          ] Allocation Stall (reactors-io-scheduler-ForkJoinPool-1-worker-15) 18.290ms
[92.147s][info][gc          ] Allocation Stall (reactors-io-scheduler-ForkJoinPool-1-worker-16) 18.097ms
[92.147s][info][gc          ] Allocation Stall (reactors-io-scheduler-ForkJoinPool-1-worker-32) 18.873ms
[92.147s][info][gc          ] Allocation Stall (reactors-io-scheduler-ForkJoinPool-1-worker-23) 18.712ms
[92.147s][info][gc          ] Allocation Stall (reactors-io-scheduler-ForkJoinPool-1-worker-17) 19.572ms
[92.147s][info][gc          ] Allocation Stall (reactors-io-scheduler-ForkJoinPool-1-worker-3) 18.620ms
[92.147s][info][gc          ] Allocation Stall (reactors-io-scheduler-ForkJoinPool-1-worker-31) 21.985ms
[92.147s][info][gc          ] Allocation Stall (reactors-io-scheduler-ForkJoinPool-1-worker-11) 19.755ms
[92.147s][info][gc          ] Allocation Stall (reactors-io-scheduler-ForkJoinPool-1-worker-42) 20.226ms
[92.147s][info][gc          ] Allocation Stall (reactors-io-scheduler-ForkJoinPool-1-worker-19) 16.901ms
[92.147s][info][gc          ] Allocation Stall (reactors-io-scheduler-ForkJoinPool-1-worker-28) 18.899ms
[92.147s][info][gc          ] Allocation Stall (reactors-io-scheduler-ForkJoinPool-1-worker-45) 16.603ms
[92.147s][info][gc          ] Allocation Stall (reactors-io-scheduler-ForkJoinPool-1-worker-2) 19.427ms
[92.147s][info][gc          ] Allocation Stall (reactors-io-scheduler-ForkJoinPool-1-worker-29) 18.236ms
[92.147s][info][gc          ] Allocation Stall (reactors-io-scheduler-ForkJoinPool-1-worker-20) 19.330ms
[92.147s][info][gc          ] Allocation Stall (reactors-io-scheduler-ForkJoinPool-1-worker-47) 19.582ms
[92.147s][info][gc          ] Allocation Stall (reactors-io-scheduler-ForkJoinPool-1-worker-14) 18.556ms
[92.147s][info][gc          ] Allocation Stall (reactors-io-scheduler-ForkJoinPool-1-worker-21) 18.842ms
[92.147s][info][gc          ] Allocation Stall (reactors-io-scheduler-ForkJoinPool-1-worker-4) 19.067ms
[92.147s][info][gc          ] Allocation Stall (reactors-io-scheduler-ForkJoinPool-1-worker-48) 21.986ms
[92.147s][info][gc          ] Allocation Stall (reactors-io-scheduler-ForkJoinPool-1-worker-6) 17.506ms
[92.147s][info][gc          ] Allocation Stall (reactors-io-scheduler-ForkJoinPool-1-worker-30) 17.511ms
[92.147s][info][gc          ] Allocation Stall (reactors-io-scheduler-ForkJoinPool-1-worker-7) 18.211ms
[92.147s][info][gc          ] Allocation Stall (reactors-io-scheduler-ForkJoinPool-1-worker-38) 16.745ms
[92.147s][info][gc          ] Allocation Stall (reactors-io-scheduler-ForkJoinPool-1-worker-41) 18.792ms
[92.147s][info][gc          ] Allocation Stall (reactors-io-scheduler-ForkJoinPool-1-worker-46) 16.348ms
[92.147s][info][gc          ] Allocation Stall (reactors-io-scheduler-ForkJoinPool-1-worker-22) 19.047ms
[92.147s][info][gc          ] Allocation Stall (reactors-io-scheduler-ForkJoinPool-1-worker-13) 18.605ms
[92.147s][info][gc          ] Allocation Stall (reactors-io-scheduler-ForkJoinPool-1-worker-9) 16.876ms
[92.157s][info][gc,phases   ] GC(155) Concurrent Select Relocation Set 10.594ms
[92.158s][info][gc,phases   ] GC(155) Pause Relocate Start 0.010ms
[92.234s][info][gc          ] Allocation Stall (reactors-io-scheduler-ForkJoinPool-1-worker-29) 0.294ms
[92.234s][info][gc          ] Allocation Stall (reactors-io-scheduler-ForkJoinPool-1-worker-39) 0.176ms
[92.234s][info][gc          ] Allocation Stall (reactors-io-scheduler-ForkJoinPool-1-worker-46) 0.214ms
[92.234s][info][gc          ] Allocation Stall (reactors-io-scheduler-ForkJoinPool-1-worker-6) 0.224ms
[92.234s][info][gc          ] Allocation Stall (reactors-io-scheduler-ForkJoinPool-1-worker-30) 0.101ms
[92.234s][info][gc          ] Allocation Stall (reactors-io-scheduler-ForkJoinPool-1-worker-14) 0.246ms
[92.234s][info][gc          ] Allocation Stall (reactors-io-scheduler-ForkJoinPool-1-worker-21) 0.198ms
[92.234s][info][gc          ] Allocation Stall (reactors-io-scheduler-ForkJoinPool-1-worker-2) 0.181ms
[92.234s][info][gc          ] Allocation Stall (reactors-io-scheduler-ForkJoinPool-1-worker-36) 0.279ms
[92.234s][info][gc          ] Allocation Stall (reactors-io-scheduler-ForkJoinPool-1-worker-45) 0.157ms
[92.235s][info][gc          ] Allocation Stall (reactors-io-scheduler-ForkJoinPool-1-worker-8) 1.693ms
[92.235s][info][gc          ] Allocation Stall (reactors-io-scheduler-ForkJoinPool-1-worker-35) 1.964ms
[92.239s][info][gc          ] Relocation Stall (reactors-io-scheduler-ForkJoinPool-1-worker-16) 4.839ms
[92.239s][info][gc,phases   ] GC(155) Concurrent Relocate 4.960ms
[92.239s][info][gc,load     ] GC(155) Load: 0.00/0.00/0.00
[92.239s][info][gc,mmu      ] GC(155) MMU: 2ms/95.8%, 5ms/98.3%, 10ms/99.2%, 20ms/99.6%, 50ms/99.8%, 100ms/99.9%
[92.239s][info][gc,marking  ] GC(155) Mark: 8 stripe(s), 3 proactive flush(es), 1 terminate flush(es), 0 completion(s), 0 continuation(s) 
[92.239s][info][gc,marking  ] GC(155) Mark Stack Usage: 32M
[92.239s][info][gc,nmethod  ] GC(155) NMethods: 752 registered, 19 unregistered
[92.239s][info][gc,metaspace] GC(155) Metaspace: 16M used, 16M committed, 1088M reserved
[92.239s][info][gc,ref      ] GC(155) Soft: 171 encountered, 0 discovered, 0 enqueued
[92.239s][info][gc,ref      ] GC(155) Weak: 975 encountered, 64 discovered, 4 enqueued
[92.239s][info][gc,ref      ] GC(155) Final: 0 encountered, 0 discovered, 0 enqueued
[92.239s][info][gc,ref      ] GC(155) Phantom: 35 encountered, 24 discovered, 0 enqueued
[92.239s][info][gc,reloc    ] GC(155) Small Pages: 468 / 936M, Empty: 604M, Relocated: 5M, In-Place: 9
[92.239s][info][gc,reloc    ] GC(155) Medium Pages: 0 / 0M, Empty: 0M, Relocated: 0M, In-Place: 0
[92.239s][info][gc,reloc    ] GC(155) Large Pages: 0 / 0M, Empty: 0M, Relocated: 0M, In-Place: 0
[92.239s][info][gc,reloc    ] GC(155) Forwarding Usage: 1M
[92.239s][info][gc,heap     ] GC(155) Min Capacity: 8M(1%)
[92.239s][info][gc,heap     ] GC(155) Max Capacity: 1024M(100%)
[92.239s][info][gc,heap     ] GC(155) Soft Max Capacity: 1024M(100%)
[92.239s][info][gc,heap     ] GC(155)                Mark Start          Mark End        Relocate Start      Relocate End           High               Low         
[92.239s][info][gc,heap     ] GC(155)  Capacity:     1024M (100%)       1024M (100%)       1024M (100%)       1024M (100%)       1024M (100%)       1024M (100%)   
[92.239s][info][gc,heap     ] GC(155)      Free:       88M (9%)            0M (0%)          510M (50%)         260M (25%)         536M (52%)           0M (0%)     
[92.239s][info][gc,heap     ] GC(155)      Used:      936M (91%)        1024M (100%)        514M (50%)         764M (75%)        1024M (100%)        488M (48%)    
[92.239s][info][gc,heap     ] GC(155)      Live:         -                22M (2%)           22M (2%)           22M (2%)             -                  -          
[92.239s][info][gc,heap     ] GC(155) Allocated:         -                88M (9%)          182M (18%)         721M (70%)            -                  -          
[92.239s][info][gc,heap     ] GC(155)   Garbage:         -               913M (89%)         309M (30%)          19M (2%)             -                  -          
[92.239s][info][gc,heap     ] GC(155) Reclaimed:         -                  -               604M (59%)         893M (87%)            -                  -          
[92.239s][info][gc          ] GC(155) Garbage Collection (Allocation Rate) 936M(91%)->764M(75%)
[92.278s][info][gc,start    ] GC(156) Garbage Collection (Allocation Stall)
[92.278s][info][gc,ref      ] GC(156) Clearing All SoftReferences
[92.278s][info][gc,task     ] GC(156) Using 10 workers
[92.278s][info][gc,ref      ] GC(156) Clearing All SoftReferences
[92.278s][info][gc,phases   ] GC(156) Pause Mark Start 0.045ms
[92.302s][info][gc,phases   ] GC(156) Concurrent Mark 24.139ms
[92.302s][info][gc,phases   ] GC(156) Pause Mark End 0.015ms
[92.303s][info][gc,phases   ] GC(156) Concurrent Mark Free 0.001ms
[92.303s][info][gc,phases   ] GC(156) Concurrent Process Non-Strong References 0.404ms
[92.303s][info][gc,phases   ] GC(156) Concurrent Reset Relocation Set 0.023ms
[92.303s][info][gc          ] Allocation Stall (reactors-io-scheduler-ForkJoinPool-1-worker-19) 24.959ms
[92.303s][info][gc          ] Allocation Stall (reactors-io-scheduler-ForkJoinPool-1-worker-47) 24.935ms
[92.303s][info][gc          ] Allocation Stall (reactors-io-scheduler-ForkJoinPool-1-worker-32) 24.921ms
[92.303s][info][gc          ] Allocation Stall (reactors-io-scheduler-ForkJoinPool-1-worker-24) 24.928ms
[92.303s][info][gc          ] Allocation Stall (reactors-io-scheduler-ForkJoinPool-1-worker-43) 24.935ms
[92.303s][info][gc          ] Allocation Stall (reactors-io-scheduler-ForkJoinPool-1-worker-31) 24.954ms
[92.303s][info][gc          ] Allocation Stall (reactors-io-scheduler-ForkJoinPool-1-worker-16) 24.956ms
[92.303s][info][gc          ] Allocation Stall (reactors-io-scheduler-ForkJoinPool-1-worker-42) 24.968ms
[92.303s][info][gc          ] Allocation Stall (reactors-io-scheduler-ForkJoinPool-1-worker-22) 24.936ms
[92.303s][info][gc          ] Allocation Stall (reactors-io-scheduler-ForkJoinPool-1-worker-9) 24.956ms
[92.303s][info][gc          ] Allocation Stall (reactors-io-scheduler-reanimator) 0.826ms
[92.303s][info][gc          ] Allocation Stall (reactors-io-scheduler-ForkJoinPool-1-worker-36) 24.959ms
[92.303s][info][gc          ] Allocation Stall (reactors-io-scheduler-ForkJoinPool-1-worker-3) 24.945ms
[92.303s][info][gc          ] Allocation Stall (reactors-io-scheduler-ForkJoinPool-1-worker-11) 24.973ms
[92.303s][info][gc          ] Allocation Stall (reactors-io-scheduler-ForkJoinPool-1-worker-38) 24.988ms
[92.303s][info][gc          ] Allocation Stall (reactors-io-scheduler-ForkJoinPool-1-worker-41) 24.972ms
[92.303s][info][gc          ] Allocation Stall (reactors-io-scheduler-ForkJoinPool-1-worker-39) 24.973ms
[92.303s][info][gc          ] Allocation Stall (reactors-io-scheduler-ForkJoinPool-1-worker-20) 24.988ms
[92.303s][info][gc          ] Allocation Stall (reactors-io-scheduler-ForkJoinPool-1-worker-40) 25.000ms
[92.303s][info][gc          ] Allocation Stall (reactors-io-scheduler-ForkJoinPool-1-worker-25) 25.280ms
[92.303s][info][gc          ] Allocation Stall (reactors-io-scheduler-ForkJoinPool-1-worker-2) 24.998ms
[92.303s][info][gc          ] Allocation Stall (reactors-io-scheduler-ForkJoinPool-1-worker-34) 25.001ms
[92.303s][info][gc          ] Allocation Stall (reactors-io-scheduler-ForkJoinPool-1-worker-4) 25.018ms
[92.303s][info][gc          ] Allocation Stall (reactors-io-scheduler-ForkJoinPool-1-worker-30) 25.010ms
[92.303s][info][gc          ] Allocation Stall (reactors-io-scheduler-ForkJoinPool-1-worker-15) 25.054ms
[92.303s][info][gc          ] Allocation Stall (reactors-io-scheduler-ForkJoinPool-1-worker-35) 25.010ms
[92.303s][info][gc          ] Allocation Stall (reactors-io-scheduler-ForkJoinPool-1-worker-29) 25.007ms
[92.303s][info][gc          ] Allocation Stall (reactors-io-scheduler-ForkJoinPool-1-worker-37) 25.077ms
[92.303s][info][gc          ] Allocation Stall (reactors-io-scheduler-ForkJoinPool-1-worker-45) 25.050ms
[92.303s][info][gc          ] Allocation Stall (reactors-io-scheduler-ForkJoinPool-1-worker-6) 25.347ms
[92.303s][info][gc          ] Allocation Stall (reactors-io-scheduler-ForkJoinPool-1-worker-10) 25.058ms
[92.303s][info][gc          ] Allocation Stall (reactors-io-scheduler-ForkJoinPool-1-worker-46) 25.019ms
[92.303s][info][gc          ] Allocation Stall (reactors-io-scheduler-ForkJoinPool-1-worker-17) 25.049ms
[92.303s][info][gc          ] Allocation Stall (reactors-io-scheduler-ForkJoinPool-1-worker-26) 25.064ms
[92.303s][info][gc          ] Allocation Stall (reactors-io-scheduler-ForkJoinPool-1-worker-1) 25.097ms
[92.303s][info][gc          ] Allocation Stall (reactors-io-scheduler-ForkJoinPool-1-worker-21) 25.605ms
[92.303s][info][gc          ] Allocation Stall (reactors-io-scheduler-ForkJoinPool-1-worker-44) 25.067ms
[92.303s][info][gc          ] Allocation Stall (reactors-io-scheduler-ForkJoinPool-1-worker-12) 25.688ms
[92.303s][info][gc          ] Allocation Stall (reactors-io-scheduler-ForkJoinPool-1-worker-13) 25.092ms
[92.303s][info][gc          ] Allocation Stall (reactors-io-scheduler-ForkJoinPool-1-worker-48) 25.539ms
[92.303s][info][gc          ] Allocation Stall (reactors-io-scheduler-ForkJoinPool-1-worker-8) 25.582ms
[92.303s][info][gc          ] Allocation Stall (reactors-io-scheduler-ForkJoinPool-1-worker-5) 25.672ms
[92.303s][info][gc          ] Allocation Stall (reactors-io-scheduler-ForkJoinPool-1-worker-23) 25.656ms
[92.303s][info][gc          ] Allocation Stall (reactors-io-scheduler-ForkJoinPool-1-worker-28) 25.097ms
[92.303s][info][gc          ] Allocation Stall (reactors-io-scheduler-ForkJoinPool-1-worker-14) 25.109ms
[92.303s][info][gc          ] Allocation Stall (reactors-io-scheduler-ForkJoinPool-1-worker-7) 25.099ms
[92.303s][info][gc          ] Allocation Stall (reactors-io-scheduler-ForkJoinPool-1-worker-27) 25.060ms
[92.303s][info][gc          ] Allocation Stall (reactors-io-scheduler-ForkJoinPool-1-worker-18) 25.058ms
[92.303s][info][gc          ] Allocation Stall (reactors-io-scheduler-ForkJoinPool-1-worker-33) 25.090ms
[92.313s][info][gc,phases   ] GC(156) Concurrent Select Relocation Set 10.459ms
[92.315s][info][gc,phases   ] GC(156) Pause Relocate Start 0.013ms
[92.329s][info][gc,phases   ] GC(156) Concurrent Relocate 3.514ms
[92.329s][info][gc,load     ] GC(156) Load: 0.00/0.00/0.00
[92.329s][info][gc,mmu      ] GC(156) MMU: 2ms/95.8%, 5ms/98.3%, 10ms/99.2%, 20ms/99.6%, 50ms/99.8%, 100ms/99.9%
[92.329s][info][gc,marking  ] GC(156) Mark: 8 stripe(s), 4 proactive flush(es), 1 terminate flush(es), 0 completion(s), 0 continuation(s) 
[92.329s][info][gc,marking  ] GC(156) Mark Stack Usage: 32M
[92.329s][info][gc,nmethod  ] GC(156) NMethods: 752 registered, 19 unregistered
[92.329s][info][gc,metaspace] GC(156) Metaspace: 16M used, 16M committed, 1088M reserved
[92.329s][info][gc,ref      ] GC(156) Soft: 171 encountered, 39 discovered, 0 enqueued
[92.329s][info][gc,ref      ] GC(156) Weak: 971 encountered, 51 discovered, 1 enqueued
[92.329s][info][gc,ref      ] GC(156) Final: 0 encountered, 0 discovered, 0 enqueued
[92.329s][info][gc,ref      ] GC(156) Phantom: 35 encountered, 17 discovered, 0 enqueued
[92.329s][info][gc,reloc    ] GC(156) Small Pages: 512 / 1024M, Empty: 580M, Relocated: 5M, In-Place: 0
[92.329s][info][gc,reloc    ] GC(156) Medium Pages: 0 / 0M, Empty: 0M, Relocated: 0M, In-Place: 0
[92.329s][info][gc,reloc    ] GC(156) Large Pages: 0 / 0M, Empty: 0M, Relocated: 0M, In-Place: 0
[92.329s][info][gc,reloc    ] GC(156) Forwarding Usage: 1M
[92.329s][info][gc,heap     ] GC(156) Min Capacity: 8M(1%)
[92.329s][info][gc,heap     ] GC(156) Max Capacity: 1024M(100%)
[92.329s][info][gc,heap     ] GC(156) Soft Max Capacity: 1024M(100%)
[92.330s][info][gc,heap     ] GC(156)                Mark Start          Mark End        Relocate Start      Relocate End           High               Low         
[92.330s][info][gc,heap     ] GC(156)  Capacity:     1024M (100%)       1024M (100%)       1024M (100%)       1024M (100%)       1024M (100%)       1024M (100%)   
[92.330s][info][gc,heap     ] GC(156)      Free:        0M (0%)            0M (0%)          498M (49%)         814M (79%)         818M (80%)           0M (0%)     
[92.330s][info][gc,heap     ] GC(156)      Used:     1024M (100%)       1024M (100%)        526M (51%)         210M (21%)        1024M (100%)        206M (20%)    
[92.330s][info][gc,heap     ] GC(156)      Live:         -                22M (2%)           22M (2%)           22M (2%)             -                  -          
[92.330s][info][gc,heap     ] GC(156) Allocated:         -                 0M (0%)           82M (8%)          167M (16%)            -                  -          
[92.330s][info][gc,heap     ] GC(156)   Garbage:         -              1001M (98%)         421M (41%)          19M (2%)             -                  -          
[92.330s][info][gc,heap     ] GC(156) Reclaimed:         -                  -               580M (57%)         981M (96%)            -                  -          
[92.330s][info][gc          ] GC(156) Garbage Collection (Allocation Stall) 1024M(100%)->210M(21%)
[92.396s][info][gc,start    ] GC(157) Garbage Collection (Allocation Stall)
[92.396s][info][gc,ref      ] GC(157) Clearing All SoftReferences
[92.396s][info][gc,task     ] GC(157) Using 10 workers
[92.396s][info][gc,ref      ] GC(157) Clearing All SoftReferences
[92.396s][info][gc,phases   ] GC(157) Pause Mark Start 0.027ms
[92.474s][info][gc,phases   ] GC(157) Concurrent Mark 14.663ms
[92.474s][info][gc,phases   ] GC(157) Pause Mark End 0.014ms
[92.474s][info][gc,phases   ] GC(157) Concurrent Mark Free 0.000ms
[92.475s][info][gc,phases   ] GC(157) Concurrent Process Non-Strong References 0.304ms
[92.475s][info][gc,phases   ] GC(157) Concurrent Reset Relocation Set 0.025ms
[92.475s][info][gc          ] Allocation Stall (reactors-io-scheduler-ForkJoinPool-1-worker-30) 14.444ms
[92.475s][info][gc          ] Allocation Stall (reactors-io-scheduler-ForkJoinPool-1-worker-6) 14.246ms
[92.475s][info][gc          ] Allocation Stall (reactors-io-scheduler-ForkJoinPool-1-worker-42) 14.547ms
[92.475s][info][gc          ] Allocation Stall (reactors-io-scheduler-ForkJoinPool-1-worker-23) 14.373ms
[92.475s][info][gc          ] Allocation Stall (reactors-io-scheduler-ForkJoinPool-1-worker-9) 14.490ms
[92.475s][info][gc          ] Allocation Stall (reactors-io-scheduler-ForkJoinPool-1-worker-7) 14.368ms
[92.475s][info][gc          ] Allocation Stall (reactors-io-scheduler-ForkJoinPool-1-worker-47) 14.292ms
[92.475s][info][gc          ] Allocation Stall (reactors-io-scheduler-ForkJoinPool-1-worker-12) 14.372ms
[92.475s][info][gc          ] Allocation Stall (reactors-io-scheduler-ForkJoinPool-1-worker-38) 14.410ms
[92.475s][info][gc          ] Allocation Stall (reactors-io-scheduler-ForkJoinPool-1-worker-22) 14.384ms
[92.475s][info][gc          ] Allocation Stall (reactors-io-scheduler-ForkJoinPool-1-worker-14) 14.516ms
[92.475s][info][gc          ] Allocation Stall (reactors-io-scheduler-ForkJoinPool-1-worker-18) 14.488ms
[92.475s][info][gc          ] Allocation Stall (reactors-io-scheduler-ForkJoinPool-1-worker-41) 14.283ms
[92.475s][info][gc          ] Allocation Stall (reactors-io-scheduler-ForkJoinPool-1-worker-24) 15.689ms
[92.475s][info][gc          ] Allocation Stall (reactors-io-scheduler-ForkJoinPool-1-worker-48) 14.351ms
[92.475s][info][gc          ] Allocation Stall (reactors-io-scheduler-ForkJoinPool-1-worker-31) 14.289ms
[92.475s][info][gc          ] Allocation Stall (reactors-io-scheduler-ForkJoinPool-1-worker-21) 14.455ms
[92.475s][info][gc          ] Allocation Stall (reactors-io-scheduler-ForkJoinPool-1-worker-16) 14.494ms
[92.475s][info][gc          ] Allocation Stall (reactors-io-scheduler-ForkJoinPool-1-worker-37) 14.831ms
[92.475s][info][gc          ] Allocation Stall (reactors-io-scheduler-ForkJoinPool-1-worker-44) 14.718ms
[92.475s][info][gc          ] Allocation Stall (reactors-io-scheduler-ForkJoinPool-1-worker-2) 14.349ms
[92.475s][info][gc          ] Allocation Stall (reactors-io-scheduler-ForkJoinPool-1-worker-26) 14.796ms
[92.475s][info][gc          ] Allocation Stall (reactors-io-scheduler-ForkJoinPool-1-worker-15) 14.608ms
[92.475s][info][gc          ] Allocation Stall (reactors-io-scheduler-ForkJoinPool-1-worker-45) 14.648ms
[92.475s][info][gc          ] Allocation Stall (reactors-io-scheduler-ForkJoinPool-1-worker-10) 14.477ms
[92.475s][info][gc          ] Allocation Stall (reactors-io-scheduler-ForkJoinPool-1-worker-40) 14.311ms
[92.475s][info][gc          ] Allocation Stall (reactors-io-scheduler-ForkJoinPool-1-worker-32) 14.330ms
[92.475s][info][gc          ] Allocation Stall (reactors-io-scheduler-ForkJoinPool-1-worker-43) 14.434ms
[92.475s][info][gc          ] Allocation Stall (reactors-io-scheduler-ForkJoinPool-1-worker-19) 14.619ms
[92.475s][info][gc          ] Allocation Stall (reactors-io-scheduler-ForkJoinPool-1-worker-4) 14.705ms
[92.475s][info][gc          ] Allocation Stall (reactors-io-scheduler-ForkJoinPool-1-worker-11) 14.578ms
[92.475s][info][gc          ] Allocation Stall (reactors-io-scheduler-ForkJoinPool-1-worker-35) 14.804ms
[92.475s][info][gc          ] Allocation Stall (reactors-io-scheduler-ForkJoinPool-1-worker-46) 15.068ms
[92.475s][info][gc          ] Allocation Stall (reactors-io-scheduler-ForkJoinPool-1-worker-5) 14.945ms
[92.475s][info][gc          ] Allocation Stall (reactors-io-scheduler-ForkJoinPool-1-worker-25) 14.785ms
[92.475s][info][gc          ] Allocation Stall (reactors-io-scheduler-ForkJoinPool-1-worker-27) 14.984ms
[92.475s][info][gc          ] Allocation Stall (reactors-io-scheduler-ForkJoinPool-1-worker-1) 14.662ms
[92.475s][info][gc          ] Allocation Stall (reactors-io-scheduler-ForkJoinPool-1-worker-13) 15.000ms
[92.475s][info][gc          ] Allocation Stall (reactors-io-scheduler-ForkJoinPool-1-worker-39) 14.499ms
[92.475s][info][gc          ] Allocation Stall (reactors-io-scheduler-ForkJoinPool-1-worker-33) 15.316ms
[92.475s][info][gc          ] Allocation Stall (reactors-io-scheduler-ForkJoinPool-1-worker-36) 15.374ms
[92.475s][info][gc          ] Allocation Stall (reactors-io-scheduler-ForkJoinPool-1-worker-17) 14.970ms
[92.475s][info][gc          ] Allocation Stall (reactors-io-scheduler-ForkJoinPool-1-worker-20) 15.088ms
[92.475s][info][gc          ] Allocation Stall (reactors-io-scheduler-ForkJoinPool-1-worker-8) 15.232ms
[92.475s][info][gc          ] Allocation Stall (reactors-io-scheduler-ForkJoinPool-1-worker-29) 15.057ms
[92.475s][info][gc          ] Allocation Stall (reactors-io-scheduler-ForkJoinPool-1-worker-3) 15.168ms
[92.475s][info][gc          ] Allocation Stall (reactors-io-scheduler-ForkJoinPool-1-worker-34) 15.305ms
[92.475s][info][gc          ] Allocation Stall (reactors-io-scheduler-ForkJoinPool-1-worker-28) 15.734ms
[92.481s][info][gc,phases   ] GC(157) Concurrent Select Relocation Set 6.341ms
[92.481s][info][gc,phases   ] GC(157) Pause Relocate Start 0.007ms
[92.493s][info][gc,phases   ] GC(157) Concurrent Relocate 3.504ms
[92.494s][info][gc,load     ] GC(157) Load: 0.00/0.00/0.00
[92.494s][info][gc,mmu      ] GC(157) MMU: 2ms/95.8%, 5ms/98.3%, 10ms/99.2%, 20ms/99.6%, 50ms/99.8%, 100ms/99.9%
[92.494s][info][gc,marking  ] GC(157) Mark: 8 stripe(s), 2 proactive flush(es), 1 terminate flush(es), 0 completion(s), 0 continuation(s) 
[92.494s][info][gc,marking  ] GC(157) Mark Stack Usage: 32M
[92.494s][info][gc,nmethod  ] GC(157) NMethods: 752 registered, 19 unregistered
[92.494s][info][gc,metaspace] GC(157) Metaspace: 16M used, 16M committed, 1088M reserved
[92.494s][info][gc,ref      ] GC(157) Soft: 171 encountered, 36 discovered, 0 enqueued
[92.494s][info][gc,ref      ] GC(157) Weak: 971 encountered, 57 discovered, 0 enqueued
[92.494s][info][gc,ref      ] GC(157) Final: 0 encountered, 0 discovered, 0 enqueued
[92.494s][info][gc,ref      ] GC(157) Phantom: 35 encountered, 26 discovered, 0 enqueued
[92.494s][info][gc,reloc    ] GC(157) Small Pages: 315 / 630M, Empty: 258M, Relocated: 5M, In-Place: 0
[92.494s][info][gc,reloc    ] GC(157) Medium Pages: 0 / 0M, Empty: 0M, Relocated: 0M, In-Place: 0
[92.494s][info][gc,reloc    ] GC(157) Large Pages: 0 / 0M, Empty: 0M, Relocated: 0M, In-Place: 0
[92.494s][info][gc,reloc    ] GC(157) Forwarding Usage: 1M
[92.494s][info][gc,heap     ] GC(157) Min Capacity: 8M(1%)
[92.494s][info][gc,heap     ] GC(157) Max Capacity: 1024M(100%)
[92.494s][info][gc,heap     ] GC(157) Soft Max Capacity: 1024M(100%)
[92.494s][info][gc,heap     ] GC(157)                Mark Start          Mark End        Relocate Start      Relocate End           High               Low         
[92.494s][info][gc,heap     ] GC(157)  Capacity:     1024M (100%)       1024M (100%)       1024M (100%)       1024M (100%)       1024M (100%)       1024M (100%)   
[92.494s][info][gc,heap     ] GC(157)      Free:      394M (38%)           0M (0%)          212M (21%)         466M (46%)         472M (46%)           0M (0%)     
[92.494s][info][gc,heap     ] GC(157)      Used:      630M (62%)        1024M (100%)        812M (79%)         558M (54%)        1024M (100%)        552M (54%)    
[92.494s][info][gc,heap     ] GC(157)      Live:         -                22M (2%)           22M (2%)           22M (2%)             -                  -          
[92.494s][info][gc,heap     ] GC(157) Allocated:         -               394M (38%)         440M (43%)         515M (50%)            -                  -          
[92.494s][info][gc,heap     ] GC(157)   Garbage:         -               607M (59%)         349M (34%)          19M (2%)             -                  -          
[92.494s][info][gc,heap     ] GC(157) Reclaimed:         -                  -               258M (25%)         587M (57%)            -                  -          
[92.494s][info][gc          ] GC(157) Garbage Collection (Allocation Stall) 630M(62%)->558M(54%)
[92.505s][info][gc,start    ] GC(158) Garbage Collection (Allocation Stall)
[92.506s][info][gc,ref      ] GC(158) Clearing All SoftReferences
[92.506s][info][gc,task     ] GC(158) Using 10 workers
[92.506s][info][gc,ref      ] GC(158) Clearing All SoftReferences
[92.506s][info][gc,phases   ] GC(158) Pause Mark Start 0.040ms
[92.537s][info][gc,phases   ] GC(158) Concurrent Mark 16.114ms
[92.537s][info][gc,phases   ] GC(158) Pause Mark End 0.018ms
[92.564s][info][gc,phases   ] GC(158) Concurrent Mark Free 0.002ms
[92.564s][info][gc,phases   ] GC(158) Concurrent Process Non-Strong References 0.736ms
[92.564s][info][gc,phases   ] GC(158) Concurrent Reset Relocation Set 0.036ms
[92.565s][info][gc          ] Allocation Stall (reactors-io-scheduler-ForkJoinPool-1-worker-46) 0.723ms
[92.565s][info][gc          ] Allocation Stall (reactors-io-scheduler-ForkJoinPool-1-worker-30) 0.239ms
[92.565s][info][gc          ] Allocation Stall (reactors-io-scheduler-ForkJoinPool-1-worker-20) 0.220ms
[92.565s][info][gc          ] Allocation Stall (reactors-io-scheduler-ForkJoinPool-1-worker-38) 0.176ms
[92.565s][info][gc          ] Allocation Stall (reactors-io-scheduler-ForkJoinPool-1-worker-26) 0.167ms
[92.565s][info][gc          ] Allocation Stall (reactors-io-scheduler-ForkJoinPool-1-worker-23) 0.856ms
[92.565s][info][gc          ] Allocation Stall (reactors-io-scheduler-ForkJoinPool-1-worker-27) 0.906ms
[92.565s][info][gc          ] Allocation Stall (reactors-io-scheduler-ForkJoinPool-1-worker-35) 0.248ms
[92.565s][info][gc          ] Allocation Stall (reactors-io-scheduler-ForkJoinPool-1-worker-29) 1.363ms
[92.565s][info][gc          ] Allocation Stall (reactors-io-scheduler-ForkJoinPool-1-worker-1) 0.559ms
[92.565s][info][gc          ] Allocation Stall (reactors-io-scheduler-ForkJoinPool-1-worker-45) 0.523ms
[92.565s][info][gc          ] Allocation Stall (reactors-io-scheduler-ForkJoinPool-1-worker-24) 1.000ms
[92.565s][info][gc          ] Allocation Stall (reactors-io-scheduler-ForkJoinPool-1-worker-32) 0.932ms
[92.565s][info][gc          ] Allocation Stall (reactors-io-scheduler-ForkJoinPool-1-worker-47) 0.687ms
[92.565s][info][gc          ] Allocation Stall (reactors-io-scheduler-ForkJoinPool-1-worker-19) 0.347ms
[92.565s][info][gc          ] Allocation Stall (reactors-io-scheduler-ForkJoinPool-1-worker-21) 0.260ms
[92.565s][info][gc          ] Allocation Stall (reactors-io-scheduler-ForkJoinPool-1-worker-28) 0.210ms
[92.565s][info][gc          ] Allocation Stall (reactors-io-scheduler-ForkJoinPool-1-worker-7) 0.848ms
[92.565s][info][gc          ] Allocation Stall (reactors-io-scheduler-ForkJoinPool-1-worker-5) 0.430ms
[92.565s][info][gc          ] Allocation Stall (reactors-io-scheduler-ForkJoinPool-1-worker-25) 0.950ms
[92.565s][info][gc          ] Allocation Stall (reactors-io-scheduler-ForkJoinPool-1-worker-8) 1.048ms
[92.565s][info][gc          ] Allocation Stall (reactors-io-scheduler-ForkJoinPool-1-worker-3) 0.405ms
[92.565s][info][gc          ] Allocation Stall (reactors-io-scheduler-ForkJoinPool-1-worker-10) 0.515ms
[92.565s][info][gc          ] Allocation Stall (reactors-io-scheduler-ForkJoinPool-1-worker-48) 0.917ms
[92.565s][info][gc          ] Allocation Stall (reactors-io-scheduler-ForkJoinPool-1-worker-13) 0.882ms
[92.565s][info][gc          ] Allocation Stall (reactors-io-scheduler-ForkJoinPool-1-worker-36) 0.434ms
[92.565s][info][gc          ] Allocation Stall (reactors-io-scheduler-ForkJoinPool-1-worker-17) 0.293ms
[92.565s][info][gc          ] Allocation Stall (reactors-io-scheduler-ForkJoinPool-1-worker-18) 0.325ms
[92.565s][info][gc          ] Allocation Stall (reactors-io-scheduler-ForkJoinPool-1-worker-43) 0.753ms
[92.565s][info][gc          ] Allocation Stall (reactors-io-scheduler-ForkJoinPool-1-worker-11) 0.235ms
[92.576s][info][gc,phases   ] GC(158) Concurrent Select Relocation Set 11.106ms
[92.577s][info][gc,phases   ] GC(158) Pause Relocate Start 0.008ms
[92.623s][info][gc          ] Allocation Stall (reactors-io-scheduler-ForkJoinPool-1-worker-18) 3.600ms
[92.624s][info][gc,phases   ] GC(158) Concurrent Relocate 4.771ms
[92.624s][info][gc,load     ] GC(158) Load: 0.00/0.00/0.00
[92.624s][info][gc,mmu      ] GC(158) MMU: 2ms/95.8%, 5ms/98.3%, 10ms/99.2%, 20ms/99.6%, 50ms/99.8%, 100ms/99.9%
[92.624s][info][gc,marking  ] GC(158) Mark: 8 stripe(s), 3 proactive flush(es), 1 terminate flush(es), 0 completion(s), 0 continuation(s) 
[92.624s][info][gc,marking  ] GC(158) Mark Stack Usage: 32M
[92.624s][info][gc,nmethod  ] GC(158) NMethods: 752 registered, 19 unregistered
[92.624s][info][gc,metaspace] GC(158) Metaspace: 16M used, 16M committed, 1088M reserved
[92.624s][info][gc,ref      ] GC(158) Soft: 171 encountered, 41 discovered, 0 enqueued
[92.624s][info][gc,ref      ] GC(158) Weak: 971 encountered, 57 discovered, 0 enqueued
[92.624s][info][gc,ref      ] GC(158) Final: 0 encountered, 0 discovered, 0 enqueued
[92.624s][info][gc,ref      ] GC(158) Phantom: 35 encountered, 29 discovered, 0 enqueued
[92.624s][info][gc,reloc    ] GC(158) Small Pages: 319 / 638M, Empty: 344M, Relocated: 6M, In-Place: 8
[92.624s][info][gc,reloc    ] GC(158) Medium Pages: 0 / 0M, Empty: 0M, Relocated: 0M, In-Place: 0
[92.625s][info][gc,reloc    ] GC(158) Large Pages: 0 / 0M, Empty: 0M, Relocated: 0M, In-Place: 0
[92.625s][info][gc,reloc    ] GC(158) Forwarding Usage: 2M
[92.625s][info][gc,heap     ] GC(158) Min Capacity: 8M(1%)
[92.625s][info][gc,heap     ] GC(158) Max Capacity: 1024M(100%)
[92.625s][info][gc,heap     ] GC(158) Soft Max Capacity: 1024M(100%)
[92.625s][info][gc,heap     ] GC(158)                Mark Start          Mark End        Relocate Start      Relocate End           High               Low         
[92.625s][info][gc,heap     ] GC(158)  Capacity:     1024M (100%)       1024M (100%)       1024M (100%)       1024M (100%)       1024M (100%)       1024M (100%)   
[92.625s][info][gc,heap     ] GC(158)      Free:      386M (38%)         172M (17%)         264M (26%)         230M (22%)         386M (38%)           0M (0%)     
[92.625s][info][gc,heap     ] GC(158)      Used:      638M (62%)         852M (83%)         760M (74%)         794M (78%)        1024M (100%)        638M (62%)    
[92.625s][info][gc,heap     ] GC(158)      Live:         -                22M (2%)           22M (2%)           22M (2%)             -                  -          
[92.625s][info][gc,heap     ] GC(158) Allocated:         -               214M (21%)         466M (46%)         755M (74%)            -                  -          
[92.625s][info][gc,heap     ] GC(158)   Garbage:         -               615M (60%)         271M (27%)          15M (2%)             -                  -          
[92.625s][info][gc,heap     ] GC(158) Reclaimed:         -                  -               344M (34%)         599M (59%)            -                  -          
[92.625s][info][gc          ] GC(158) Garbage Collection (Allocation Stall) 638M(62%)->794M(78%)
[92.663s][info][gc,start    ] GC(159) Garbage Collection (Allocation Stall)
[92.663s][info][gc,ref      ] GC(159) Clearing All SoftReferences
[92.663s][info][gc,task     ] GC(159) Using 10 workers
[92.663s][info][gc,ref      ] GC(159) Clearing All SoftReferences
[92.664s][info][gc,phases   ] GC(159) Pause Mark Start 0.050ms
[92.678s][info][gc,phases   ] GC(159) Concurrent Mark 14.734ms
[92.678s][info][gc,phases   ] GC(159) Pause Mark End 0.015ms
[92.679s][info][gc,phases   ] GC(159) Concurrent Mark Free 0.001ms
[92.679s][info][gc,phases   ] GC(159) Concurrent Process Non-Strong References 0.321ms
[92.679s][info][gc,phases   ] GC(159) Concurrent Reset Relocation Set 0.017ms
[92.679s][info][gc          ] Allocation Stall (reactors-io-scheduler-ForkJoinPool-1-worker-4) 15.396ms
[92.679s][info][gc          ] Allocation Stall (reactors-io-scheduler-ForkJoinPool-1-worker-30) 15.388ms
[92.679s][info][gc          ] Allocation Stall (reactors-io-scheduler-ForkJoinPool-1-worker-25) 15.389ms
[92.679s][info][gc          ] Allocation Stall (reactors-io-scheduler-ForkJoinPool-1-worker-38) 15.392ms
[92.679s][info][gc          ] Allocation Stall (reactors-io-scheduler-ForkJoinPool-1-worker-27) 15.390ms
[92.679s][info][gc          ] Allocation Stall (reactors-io-scheduler-ForkJoinPool-1-worker-41) 15.391ms
[92.679s][info][gc          ] Allocation Stall (reactors-io-scheduler-ForkJoinPool-1-worker-29) 15.420ms
[92.679s][info][gc          ] Allocation Stall (reactors-io-scheduler-ForkJoinPool-1-worker-10) 15.424ms
[92.679s][info][gc          ] Allocation Stall (reactors-io-scheduler-ForkJoinPool-1-worker-17) 15.426ms
[92.679s][info][gc          ] Allocation Stall (reactors-io-scheduler-ForkJoinPool-1-worker-15) 15.427ms
[92.679s][info][gc          ] Allocation Stall (reactors-io-scheduler-ForkJoinPool-1-worker-35) 15.429ms
[92.679s][info][gc          ] Allocation Stall (reactors-io-scheduler-ForkJoinPool-1-worker-13) 15.429ms
[92.679s][info][gc          ] Allocation Stall (reactors-io-scheduler-ForkJoinPool-1-worker-22) 15.405ms
[92.679s][info][gc          ] Allocation Stall (reactors-io-scheduler-ForkJoinPool-1-worker-20) 15.405ms
[92.679s][info][gc          ] Allocation Stall (reactors-io-scheduler-ForkJoinPool-1-worker-24) 16.024ms
[92.679s][info][gc          ] Allocation Stall (reactors-io-scheduler-ForkJoinPool-1-worker-44) 15.941ms
[92.679s][info][gc          ] Allocation Stall (reactors-io-scheduler-ForkJoinPool-1-worker-32) 15.447ms
[92.679s][info][gc          ] Allocation Stall (reactors-io-scheduler-ForkJoinPool-1-worker-14) 15.434ms
[92.679s][info][gc          ] Allocation Stall (reactors-io-scheduler-ForkJoinPool-1-worker-21) 15.458ms
[92.679s][info][gc          ] Allocation Stall (reactors-io-scheduler-ForkJoinPool-1-worker-5) 15.433ms
[92.679s][info][gc          ] Allocation Stall (reactors-io-scheduler-ForkJoinPool-1-worker-31) 15.462ms
[92.679s][info][gc          ] Allocation Stall (reactors-io-scheduler-ForkJoinPool-1-worker-18) 15.449ms
[92.679s][info][gc          ] Allocation Stall (reactors-io-scheduler-ForkJoinPool-1-worker-3) 15.426ms
[92.679s][info][gc          ] Allocation Stall (reactors-io-scheduler-ForkJoinPool-1-worker-23) 15.466ms
[92.679s][info][gc          ] Allocation Stall (reactors-io-scheduler-ForkJoinPool-1-worker-45) 15.477ms
[92.679s][info][gc          ] Allocation Stall (reactors-io-scheduler-ForkJoinPool-1-worker-40) 15.995ms
[92.679s][info][gc          ] Allocation Stall (reactors-io-scheduler-ForkJoinPool-1-worker-28) 15.816ms
[92.679s][info][gc          ] Allocation Stall (reactors-io-scheduler-ForkJoinPool-1-worker-48) 15.477ms
[92.679s][info][gc          ] Allocation Stall (reactors-io-scheduler-ForkJoinPool-1-worker-7) 15.452ms
[92.679s][info][gc          ] Allocation Stall (reactors-io-scheduler-ForkJoinPool-1-worker-19) 15.837ms
[92.679s][info][gc          ] Allocation Stall (reactors-io-scheduler-ForkJoinPool-1-worker-9) 15.456ms
[92.679s][info][gc          ] Allocation Stall (reactors-io-scheduler-ForkJoinPool-1-worker-12) 15.485ms
[92.679s][info][gc          ] Allocation Stall (reactors-io-scheduler-ForkJoinPool-1-worker-6) 15.505ms
[92.679s][info][gc          ] Allocation Stall (reactors-io-scheduler-ForkJoinPool-1-worker-26) 15.481ms
[92.679s][info][gc          ] Allocation Stall (reactors-io-scheduler-ForkJoinPool-1-worker-2) 15.859ms
[92.679s][info][gc          ] Allocation Stall (reactors-io-scheduler-ForkJoinPool-1-worker-36) 15.932ms
[92.679s][info][gc          ] Allocation Stall (reactors-io-scheduler-ForkJoinPool-1-worker-39) 15.484ms
[92.679s][info][gc          ] Allocation Stall (reactors-io-scheduler-ForkJoinPool-1-worker-8) 15.492ms
[92.679s][info][gc          ] Allocation Stall (reactors-io-scheduler-ForkJoinPool-1-worker-46) 15.504ms
[92.679s][info][gc          ] Allocation Stall (reactors-io-scheduler-ForkJoinPool-1-worker-1) 15.483ms
[92.679s][info][gc          ] Allocation Stall (reactors-io-scheduler-ForkJoinPool-1-worker-43) 16.045ms
[92.679s][info][gc          ] Allocation Stall (reactors-io-scheduler-ForkJoinPool-1-worker-33) 15.798ms
[92.679s][info][gc          ] Allocation Stall (reactors-io-scheduler-ForkJoinPool-1-worker-37) 15.519ms
[92.679s][info][gc          ] Allocation Stall (reactors-io-scheduler-ForkJoinPool-1-worker-16) 15.988ms
[92.679s][info][gc          ] Allocation Stall (reactors-io-scheduler-ForkJoinPool-1-worker-34) 15.525ms
[92.679s][info][gc          ] Allocation Stall (reactors-io-scheduler-ForkJoinPool-1-worker-11) 15.521ms
[92.679s][info][gc          ] Allocation Stall (reactors-io-scheduler-ForkJoinPool-1-worker-47) 15.534ms
[92.679s][info][gc          ] Allocation Stall (reactors-io-scheduler-ForkJoinPool-1-worker-42) 15.527ms
[92.686s][info][gc,phases   ] GC(159) Concurrent Select Relocation Set 6.907ms
[92.686s][info][gc,phases   ] GC(159) Pause Relocate Start 0.008ms
[92.745s][info][gc,phases   ] GC(159) Concurrent Relocate 3.277ms
[92.745s][info][gc,load     ] GC(159) Load: 0.00/0.00/0.00
[92.745s][info][gc,mmu      ] GC(159) MMU: 2ms/95.8%, 5ms/98.3%, 10ms/99.2%, 20ms/99.6%, 50ms/99.8%, 100ms/99.9%
[92.745s][info][gc,marking  ] GC(159) Mark: 8 stripe(s), 2 proactive flush(es), 1 terminate flush(es), 0 completion(s), 0 continuation(s) 
[92.745s][info][gc,marking  ] GC(159) Mark Stack Usage: 32M
[92.745s][info][gc,nmethod  ] GC(159) NMethods: 752 registered, 19 unregistered
[92.745s][info][gc,metaspace] GC(159) Metaspace: 16M used, 16M committed, 1088M reserved
[92.745s][info][gc,ref      ] GC(159) Soft: 171 encountered, 51 discovered, 0 enqueued
[92.745s][info][gc,ref      ] GC(159) Weak: 971 encountered, 56 discovered, 2 enqueued
[92.745s][info][gc,ref      ] GC(159) Final: 0 encountered, 0 discovered, 0 enqueued
[92.745s][info][gc,ref      ] GC(159) Phantom: 35 encountered, 26 discovered, 0 enqueued
[92.745s][info][gc,reloc    ] GC(159) Small Pages: 512 / 1024M, Empty: 782M, Relocated: 6M, In-Place: 0
[92.745s][info][gc,reloc    ] GC(159) Medium Pages: 0 / 0M, Empty: 0M, Relocated: 0M, In-Place: 0
[92.745s][info][gc,reloc    ] GC(159) Large Pages: 0 / 0M, Empty: 0M, Relocated: 0M, In-Place: 0
[92.745s][info][gc,reloc    ] GC(159) Forwarding Usage: 1M
[92.745s][info][gc,heap     ] GC(159) Min Capacity: 8M(1%)
[92.745s][info][gc,heap     ] GC(159) Max Capacity: 1024M(100%)
[92.745s][info][gc,heap     ] GC(159) Soft Max Capacity: 1024M(100%)
[92.745s][info][gc,heap     ] GC(159)                Mark Start          Mark End        Relocate Start      Relocate End           High               Low         
[92.745s][info][gc,heap     ] GC(159)  Capacity:     1024M (100%)       1024M (100%)       1024M (100%)       1024M (100%)       1024M (100%)       1024M (100%)   
[92.745s][info][gc,heap     ] GC(159)      Free:        0M (0%)            0M (0%)          732M (71%)         536M (52%)         746M (73%)           0M (0%)     
[92.745s][info][gc,heap     ] GC(159)      Used:     1024M (100%)       1024M (100%)        292M (29%)         488M (48%)        1024M (100%)        278M (27%)    
[92.745s][info][gc,heap     ] GC(159)      Live:         -                22M (2%)           22M (2%)           22M (2%)             -                  -          
[92.745s][info][gc,heap     ] GC(159) Allocated:         -                 0M (0%)           50M (5%)          449M (44%)            -                  -          
[92.745s][info][gc,heap     ] GC(159)   Garbage:         -              1001M (98%)         219M (21%)          16M (2%)             -                  -          
[92.745s][info][gc,heap     ] GC(159) Reclaimed:         -                  -               782M (76%)         985M (96%)            -                  -          
[92.745s][info][gc          ] GC(159) Garbage Collection (Allocation Stall) 1024M(100%)->488M(48%)
[92.803s][info][gc,start    ] GC(160) Garbage Collection (Allocation Stall)
[92.803s][info][gc,ref      ] GC(160) Clearing All SoftReferences
[92.803s][info][gc,task     ] GC(160) Using 10 workers
[92.804s][info][gc,ref      ] GC(160) Clearing All SoftReferences
[92.804s][info][gc,phases   ] GC(160) Pause Mark Start 0.059ms
[92.850s][info][gc,phases   ] GC(160) Concurrent Mark 46.475ms
[92.850s][info][gc,phases   ] GC(160) Pause Mark End 0.019ms
[92.850s][info][gc,phases   ] GC(160) Concurrent Mark Free 0.001ms
[92.851s][info][gc,phases   ] GC(160) Concurrent Process Non-Strong References 0.453ms
[92.851s][info][gc,phases   ] GC(160) Concurrent Reset Relocation Set 0.018ms
[92.857s][info][gc,phases   ] GC(160) Concurrent Select Relocation Set 5.981ms
[92.857s][info][gc,phases   ] GC(160) Pause Relocate Start 0.006ms
[92.863s][info][gc,phases   ] GC(160) Concurrent Relocate 6.013ms
[92.863s][info][gc,load     ] GC(160) Load: 0.00/0.00/0.00
[92.863s][info][gc,mmu      ] GC(160) MMU: 2ms/95.8%, 5ms/98.3%, 10ms/99.2%, 20ms/99.6%, 50ms/99.8%, 100ms/99.9%
[92.863s][info][gc,marking  ] GC(160) Mark: 8 stripe(s), 4 proactive flush(es), 1 terminate flush(es), 0 completion(s), 0 continuation(s) 
[92.863s][info][gc,marking  ] GC(160) Mark Stack Usage: 32M
[92.863s][info][gc,nmethod  ] GC(160) NMethods: 754 registered, 19 unregistered
[92.863s][info][gc,metaspace] GC(160) Metaspace: 16M used, 16M committed, 1088M reserved
[92.863s][info][gc,ref      ] GC(160) Soft: 171 encountered, 64 discovered, 0 enqueued
[92.863s][info][gc,ref      ] GC(160) Weak: 972 encountered, 68 discovered, 0 enqueued
[92.864s][info][gc,ref      ] GC(160) Final: 0 encountered, 0 discovered, 0 enqueued
[92.864s][info][gc,ref      ] GC(160) Phantom: 35 encountered, 24 discovered, 0 enqueued
[92.864s][info][gc,reloc    ] GC(160) Small Pages: 267 / 534M, Empty: 390M, Relocated: 15M, In-Place: 0
[92.864s][info][gc,reloc    ] GC(160) Medium Pages: 1 / 32M, Empty: 0M, Relocated: 0M, In-Place: 0
[92.864s][info][gc,reloc    ] GC(160) Large Pages: 0 / 0M, Empty: 0M, Relocated: 0M, In-Place: 0
[92.864s][info][gc,reloc    ] GC(160) Forwarding Usage: 5M
[92.864s][info][gc,heap     ] GC(160) Min Capacity: 8M(1%)
[92.864s][info][gc,heap     ] GC(160) Max Capacity: 1024M(100%)
[92.864s][info][gc,heap     ] GC(160) Soft Max Capacity: 1024M(100%)
[92.864s][info][gc,heap     ] GC(160)                Mark Start          Mark End        Relocate Start      Relocate End           High               Low         
[92.864s][info][gc,heap     ] GC(160)  Capacity:     1024M (100%)       1024M (100%)       1024M (100%)       1024M (100%)       1024M (100%)       1024M (100%)   
[92.864s][info][gc,heap     ] GC(160)      Free:      458M (45%)         418M (41%)         800M (78%)         832M (81%)         832M (81%)         418M (41%)    
[92.864s][info][gc,heap     ] GC(160)      Used:      566M (55%)         606M (59%)         224M (22%)         192M (19%)         606M (59%)         192M (19%)    
[92.864s][info][gc,heap     ] GC(160)      Live:         -                76M (7%)           76M (7%)           76M (7%)             -                  -          
[92.864s][info][gc,heap     ] GC(160) Allocated:         -                40M (4%)           48M (5%)           57M (6%)             -                  -          
[92.864s][info][gc,heap     ] GC(160)   Garbage:         -               489M (48%)          99M (10%)          57M (6%)             -                  -          
[92.864s][info][gc,heap     ] GC(160) Reclaimed:         -                  -               390M (38%)         431M (42%)            -                  -          
[92.864s][info][gc          ] GC(160) Garbage Collection (Allocation Stall) 566M(55%)->192M(19%)
[92.897s][info][gc,start    ] GC(161) Garbage Collection (Allocation Rate)
[92.897s][info][gc,task     ] GC(161) Using 10 workers
[92.897s][info][gc,phases   ] GC(161) Pause Mark Start 0.015ms
[92.960s][info][gc,phases   ] GC(161) Concurrent Mark 62.015ms
[92.960s][info][gc,phases   ] GC(161) Pause Mark End 0.014ms
[92.960s][info][gc,phases   ] GC(161) Concurrent Mark Free 0.001ms
[92.960s][info][gc,phases   ] GC(161) Concurrent Process Non-Strong References 0.355ms
[92.960s][info][gc,phases   ] GC(161) Concurrent Reset Relocation Set 0.003ms
[92.969s][info][gc,phases   ] GC(161) Concurrent Select Relocation Set 9.079ms
[92.969s][info][gc,phases   ] GC(161) Pause Relocate Start 0.008ms
[92.982s][info][gc,phases   ] GC(161) Concurrent Relocate 12.984ms
[92.982s][info][gc,load     ] GC(161) Load: 0.00/0.00/0.00
[92.982s][info][gc,mmu      ] GC(161) MMU: 2ms/95.8%, 5ms/98.3%, 10ms/99.2%, 20ms/99.6%, 50ms/99.8%, 100ms/99.9%
[92.982s][info][gc,marking  ] GC(161) Mark: 8 stripe(s), 3 proactive flush(es), 1 terminate flush(es), 0 completion(s), 0 continuation(s) 
[92.983s][info][gc,marking  ] GC(161) Mark Stack Usage: 32M
[92.983s][info][gc,nmethod  ] GC(161) NMethods: 754 registered, 19 unregistered
[92.983s][info][gc,metaspace] GC(161) Metaspace: 16M used, 16M committed, 1088M reserved
[92.983s][info][gc,ref      ] GC(161) Soft: 171 encountered, 0 discovered, 0 enqueued
[92.983s][info][gc,ref      ] GC(161) Weak: 972 encountered, 66 discovered, 0 enqueued
[92.983s][info][gc,ref      ] GC(161) Final: 0 encountered, 0 discovered, 0 enqueued
[92.983s][info][gc,ref      ] GC(161) Phantom: 35 encountered, 15 discovered, 0 enqueued
[92.983s][info][gc,reloc    ] GC(161) Small Pages: 102 / 204M, Empty: 0M, Relocated: 38M, In-Place: 0
[92.983s][info][gc,reloc    ] GC(161) Medium Pages: 1 / 32M, Empty: 0M, Relocated: 0M, In-Place: 0
[92.983s][info][gc,reloc    ] GC(161) Large Pages: 0 / 0M, Empty: 0M, Relocated: 0M, In-Place: 0
[92.983s][info][gc,reloc    ] GC(161) Forwarding Usage: 16M
[92.983s][info][gc,heap     ] GC(161) Min Capacity: 8M(1%)
[92.983s][info][gc,heap     ] GC(161) Max Capacity: 1024M(100%)
[92.983s][info][gc,heap     ] GC(161) Soft Max Capacity: 1024M(100%)
[92.983s][info][gc,heap     ] GC(161)                Mark Start          Mark End        Relocate Start      Relocate End           High               Low         
[92.983s][info][gc,heap     ] GC(161)  Capacity:     1024M (100%)       1024M (100%)       1024M (100%)       1024M (100%)       1024M (100%)       1024M (100%)   
[92.983s][info][gc,heap     ] GC(161)      Free:      788M (77%)         730M (71%)         720M (70%)         728M (71%)         788M (77%)         700M (68%)    
[92.983s][info][gc,heap     ] GC(161)      Used:      236M (23%)         294M (29%)         304M (30%)         296M (29%)         324M (32%)         236M (23%)    
[92.983s][info][gc,heap     ] GC(161)      Live:         -               138M (13%)         138M (13%)         138M (13%)            -                  -          
[92.983s][info][gc,heap     ] GC(161) Allocated:         -                58M (6%)           68M (7%)           77M (8%)             -                  -          
[92.983s][info][gc,heap     ] GC(161)   Garbage:         -                97M (10%)          97M (10%)          80M (8%)             -                  -          
[92.983s][info][gc,heap     ] GC(161) Reclaimed:         -                  -                 0M (0%)           17M (2%)             -                  -          
[92.983s][info][gc          ] GC(161) Garbage Collection (Allocation Rate) 236M(23%)->296M(29%)
[93.006s][info][gc,start    ] GC(162) Garbage Collection (Allocation Rate)
[93.006s][info][gc,task     ] GC(162) Using 10 workers
[93.007s][info][gc,phases   ] GC(162) Pause Mark Start 0.015ms
[93.085s][info][gc,phases   ] GC(162) Concurrent Mark 77.789ms
[93.085s][info][gc,phases   ] GC(162) Pause Mark End 0.015ms
[93.085s][info][gc,phases   ] GC(162) Concurrent Mark Free 0.001ms
[93.085s][info][gc,phases   ] GC(162) Concurrent Process Non-Strong References 0.341ms
[93.085s][info][gc,phases   ] GC(162) Concurrent Reset Relocation Set 0.005ms
[93.110s][info][gc,phases   ] GC(162) Concurrent Select Relocation Set 25.233ms
[93.111s][info][gc,phases   ] GC(162) Pause Relocate Start 0.010ms
[93.130s][info][gc,phases   ] GC(162) Concurrent Relocate 19.614ms
[93.130s][info][gc,load     ] GC(162) Load: 0.00/0.00/0.00
[93.130s][info][gc,mmu      ] GC(162) MMU: 2ms/95.8%, 5ms/98.3%, 10ms/99.2%, 20ms/99.6%, 50ms/99.8%, 100ms/99.9%
[93.130s][info][gc,marking  ] GC(162) Mark: 8 stripe(s), 2 proactive flush(es), 2 terminate flush(es), 0 completion(s), 0 continuation(s) 
[93.130s][info][gc,marking  ] GC(162) Mark Stack Usage: 32M
[93.130s][info][gc,nmethod  ] GC(162) NMethods: 754 registered, 19 unregistered
[93.130s][info][gc,metaspace] GC(162) Metaspace: 16M used, 16M committed, 1088M reserved
[93.130s][info][gc,ref      ] GC(162) Soft: 171 encountered, 0 discovered, 0 enqueued
[93.130s][info][gc,ref      ] GC(162) Weak: 972 encountered, 97 discovered, 0 enqueued
[93.131s][info][gc,ref      ] GC(162) Final: 0 encountered, 0 discovered, 0 enqueued
[93.131s][info][gc,ref      ] GC(162) Phantom: 35 encountered, 20 discovered, 0 enqueued
[93.131s][info][gc,reloc    ] GC(162) Small Pages: 147 / 294M, Empty: 0M, Relocated: 54M, In-Place: 0
[93.131s][info][gc,reloc    ] GC(162) Medium Pages: 1 / 32M, Empty: 0M, Relocated: 0M, In-Place: 0
[93.131s][info][gc,reloc    ] GC(162) Large Pages: 0 / 0M, Empty: 0M, Relocated: 0M, In-Place: 0
[93.131s][info][gc,reloc    ] GC(162) Forwarding Usage: 22M
[93.131s][info][gc,heap     ] GC(162) Min Capacity: 8M(1%)
[93.131s][info][gc,heap     ] GC(162) Max Capacity: 1024M(100%)
[93.131s][info][gc,heap     ] GC(162) Soft Max Capacity: 1024M(100%)
[93.131s][info][gc,heap     ] GC(162)                Mark Start          Mark End        Relocate Start      Relocate End           High               Low         
[93.131s][info][gc,heap     ] GC(162)  Capacity:     1024M (100%)       1024M (100%)       1024M (100%)       1024M (100%)       1024M (100%)       1024M (100%)   
[93.131s][info][gc,heap     ] GC(162)      Free:      698M (68%)         620M (61%)         590M (58%)         610M (60%)         698M (68%)         570M (56%)    
[93.131s][info][gc,heap     ] GC(162)      Used:      326M (32%)         404M (39%)         434M (42%)         414M (40%)         454M (44%)         326M (32%)    
[93.131s][info][gc,heap     ] GC(162)      Live:         -               205M (20%)         205M (20%)         205M (20%)            -                  -          
[93.131s][info][gc,heap     ] GC(162) Allocated:         -                78M (8%)          108M (11%)         125M (12%)            -                  -          
[93.131s][info][gc,heap     ] GC(162)   Garbage:         -               120M (12%)         120M (12%)          82M (8%)             -                  -          
[93.131s][info][gc,heap     ] GC(162) Reclaimed:         -                  -                 0M (0%)           37M (4%)             -                  -          
[93.131s][info][gc          ] GC(162) Garbage Collection (Allocation Rate) 326M(32%)->414M(40%)
[93.201s][info][gc,start    ] GC(163) Garbage Collection (Allocation Rate)
[93.201s][info][gc,task     ] GC(163) Using 10 workers
[93.201s][info][gc,phases   ] GC(163) Pause Mark Start 0.016ms
[93.341s][info][gc,phases   ] GC(163) Concurrent Mark 140.234ms
[93.342s][info][gc,phases   ] GC(163) Pause Mark End 0.022ms
[93.342s][info][gc,phases   ] GC(163) Concurrent Mark Free 0.001ms
[93.342s][info][gc,phases   ] GC(163) Concurrent Process Non-Strong References 0.429ms
[93.342s][info][gc,phases   ] GC(163) Concurrent Reset Relocation Set 0.010ms
[93.370s][info][gc,phases   ] GC(163) Concurrent Select Relocation Set 27.743ms
[93.370s][info][gc,phases   ] GC(163) Pause Relocate Start 0.009ms
[93.395s][info][gc,phases   ] GC(163) Concurrent Relocate 24.856ms
[93.395s][info][gc,load     ] GC(163) Load: 0.00/0.00/0.00
[93.395s][info][gc,mmu      ] GC(163) MMU: 2ms/95.8%, 5ms/98.3%, 10ms/99.2%, 20ms/99.6%, 50ms/99.8%, 100ms/99.9%
[93.395s][info][gc,marking  ] GC(163) Mark: 8 stripe(s), 2 proactive flush(es), 1 terminate flush(es), 0 completion(s), 0 continuation(s) 
[93.395s][info][gc,marking  ] GC(163) Mark Stack Usage: 32M
[93.395s][info][gc,nmethod  ] GC(163) NMethods: 754 registered, 19 unregistered
[93.395s][info][gc,metaspace] GC(163) Metaspace: 16M used, 16M committed, 1088M reserved
[93.395s][info][gc,ref      ] GC(163) Soft: 171 encountered, 0 discovered, 0 enqueued
[93.395s][info][gc,ref      ] GC(163) Weak: 972 encountered, 77 discovered, 0 enqueued
[93.395s][info][gc,ref      ] GC(163) Final: 0 encountered, 0 discovered, 0 enqueued
[93.395s][info][gc,ref      ] GC(163) Phantom: 35 encountered, 25 discovered, 0 enqueued
[93.396s][info][gc,reloc    ] GC(163) Small Pages: 231 / 462M, Empty: 0M, Relocated: 54M, In-Place: 0
[93.396s][info][gc,reloc    ] GC(163) Medium Pages: 1 / 32M, Empty: 0M, Relocated: 0M, In-Place: 0
[93.396s][info][gc,reloc    ] GC(163) Large Pages: 0 / 0M, Empty: 0M, Relocated: 0M, In-Place: 0
[93.396s][info][gc,reloc    ] GC(163) Forwarding Usage: 22M
[93.396s][info][gc,heap     ] GC(163) Min Capacity: 8M(1%)
[93.396s][info][gc,heap     ] GC(163) Max Capacity: 1024M(100%)
[93.396s][info][gc,heap     ] GC(163) Soft Max Capacity: 1024M(100%)
[93.396s][info][gc,heap     ] GC(163)                Mark Start          Mark End        Relocate Start      Relocate End           High               Low         
[93.396s][info][gc,heap     ] GC(163)  Capacity:     1024M (100%)       1024M (100%)       1024M (100%)       1024M (100%)       1024M (100%)       1024M (100%)   
[93.396s][info][gc,heap     ] GC(163)      Free:      530M (52%)         380M (37%)         346M (34%)         344M (34%)         530M (52%)         322M (31%)    
[93.396s][info][gc,heap     ] GC(163)      Used:      494M (48%)         644M (63%)         678M (66%)         680M (66%)         702M (69%)         494M (48%)    
[93.396s][info][gc,heap     ] GC(163)      Live:         -               340M (33%)         340M (33%)         340M (33%)            -                  -          
[93.396s][info][gc,heap     ] GC(163) Allocated:         -               150M (15%)         184M (18%)         211M (21%)            -                  -          
[93.396s][info][gc,heap     ] GC(163)   Garbage:         -               153M (15%)         153M (15%)         127M (12%)            -                  -          
[93.396s][info][gc,heap     ] GC(163) Reclaimed:         -                  -                 0M (0%)           25M (3%)             -                  -          
[93.396s][info][gc          ] GC(163) Garbage Collection (Allocation Rate) 494M(48%)->680M(66%)
[93.404s][info][gc,start    ] GC(164) Garbage Collection (Allocation Rate)
[93.404s][info][gc,task     ] GC(164) Using 10 workers
[93.404s][info][gc,phases   ] GC(164) Pause Mark Start 0.009ms
[93.560s][info][gc,phases   ] GC(164) Concurrent Mark 155.981ms
[93.560s][info][gc,phases   ] GC(164) Pause Mark End 0.016ms
[93.560s][info][gc,phases   ] GC(164) Concurrent Mark Free 0.001ms
[93.561s][info][gc,phases   ] GC(164) Concurrent Process Non-Strong References 0.379ms
[93.561s][info][gc,phases   ] GC(164) Concurrent Reset Relocation Set 0.005ms
[93.564s][info][gc,phases   ] GC(164) Concurrent Select Relocation Set 3.511ms
[93.564s][info][gc,phases   ] GC(164) Pause Relocate Start 0.008ms
[93.578s][info][gc,phases   ] GC(164) Concurrent Relocate 13.439ms
[93.578s][info][gc,load     ] GC(164) Load: 0.00/0.00/0.00
[93.578s][info][gc,mmu      ] GC(164) MMU: 2ms/95.8%, 5ms/98.3%, 10ms/99.2%, 20ms/99.6%, 50ms/99.8%, 100ms/99.9%
[93.578s][info][gc,marking  ] GC(164) Mark: 8 stripe(s), 2 proactive flush(es), 1 terminate flush(es), 0 completion(s), 0 continuation(s) 
[93.578s][info][gc,marking  ] GC(164) Mark Stack Usage: 32M
[93.578s][info][gc,nmethod  ] GC(164) NMethods: 754 registered, 19 unregistered
[93.578s][info][gc,metaspace] GC(164) Metaspace: 16M used, 16M committed, 1088M reserved
[93.578s][info][gc,ref      ] GC(164) Soft: 171 encountered, 0 discovered, 0 enqueued
[93.578s][info][gc,ref      ] GC(164) Weak: 972 encountered, 70 discovered, 0 enqueued
[93.578s][info][gc,ref      ] GC(164) Final: 0 encountered, 0 discovered, 0 enqueued
[93.578s][info][gc,ref      ] GC(164) Phantom: 35 encountered, 16 discovered, 0 enqueued
[93.578s][info][gc,reloc    ] GC(164) Small Pages: 329 / 658M, Empty: 0M, Relocated: 40M, In-Place: 0
[93.578s][info][gc,reloc    ] GC(164) Medium Pages: 1 / 32M, Empty: 0M, Relocated: 0M, In-Place: 0
[93.578s][info][gc,reloc    ] GC(164) Large Pages: 0 / 0M, Empty: 0M, Relocated: 0M, In-Place: 0
[93.578s][info][gc,reloc    ] GC(164) Forwarding Usage: 17M
[93.578s][info][gc,heap     ] GC(164) Min Capacity: 8M(1%)
[93.578s][info][gc,heap     ] GC(164) Max Capacity: 1024M(100%)
[93.578s][info][gc,heap     ] GC(164) Soft Max Capacity: 1024M(100%)
[93.578s][info][gc,heap     ] GC(164)                Mark Start          Mark End        Relocate Start      Relocate End           High               Low         
[93.578s][info][gc,heap     ] GC(164)  Capacity:     1024M (100%)       1024M (100%)       1024M (100%)       1024M (100%)       1024M (100%)       1024M (100%)   
[93.578s][info][gc,heap     ] GC(164)      Free:      334M (33%)         204M (20%)         200M (20%)         222M (22%)         334M (33%)         180M (18%)    
[93.578s][info][gc,heap     ] GC(164)      Used:      690M (67%)         820M (80%)         824M (80%)         802M (78%)         844M (82%)         690M (67%)    
[93.578s][info][gc,heap     ] GC(164)      Live:         -               482M (47%)         482M (47%)         482M (47%)            -                  -          
[93.578s][info][gc,heap     ] GC(164) Allocated:         -               130M (13%)         134M (13%)         143M (14%)            -                  -          
[93.578s][info][gc,heap     ] GC(164)   Garbage:         -               207M (20%)         207M (20%)         175M (17%)            -                  -          
[93.578s][info][gc,heap     ] GC(164) Reclaimed:         -                  -                 0M (0%)           31M (3%)             -                  -          
[93.578s][info][gc          ] GC(164) Garbage Collection (Allocation Rate) 690M(67%)->802M(78%)
[93.607s][info][gc,start    ] GC(165) Garbage Collection (Allocation Rate)
[93.607s][info][gc,task     ] GC(165) Using 10 workers
[93.607s][info][gc,phases   ] GC(165) Pause Mark Start 0.014ms
[93.817s][info][gc,phases   ] GC(165) Concurrent Mark 209.479ms
[93.817s][info][gc,phases   ] GC(165) Pause Mark End 0.019ms
[93.817s][info][gc,phases   ] GC(165) Concurrent Mark Free 0.001ms
[93.817s][info][gc,phases   ] GC(165) Concurrent Process Non-Strong References 0.391ms
[93.818s][info][gc,phases   ] GC(165) Concurrent Reset Relocation Set 0.015ms
[93.823s][info][gc,phases   ] GC(165) Concurrent Select Relocation Set 5.520ms
[93.823s][info][gc,phases   ] GC(165) Pause Relocate Start 0.009ms
[93.833s][info][gc,phases   ] GC(165) Concurrent Relocate 9.950ms
[93.833s][info][gc,load     ] GC(165) Load: 0.00/0.00/0.00
[93.833s][info][gc,mmu      ] GC(165) MMU: 2ms/95.8%, 5ms/98.3%, 10ms/99.2%, 20ms/99.6%, 50ms/99.8%, 100ms/99.9%
[93.833s][info][gc,marking  ] GC(165) Mark: 8 stripe(s), 3 proactive flush(es), 1 terminate flush(es), 0 completion(s), 0 continuation(s) 
[93.833s][info][gc,marking  ] GC(165) Mark Stack Usage: 32M
[93.833s][info][gc,nmethod  ] GC(165) NMethods: 754 registered, 19 unregistered
[93.833s][info][gc,metaspace] GC(165) Metaspace: 16M used, 16M committed, 1088M reserved
[93.833s][info][gc,ref      ] GC(165) Soft: 171 encountered, 0 discovered, 0 enqueued
[93.833s][info][gc,ref      ] GC(165) Weak: 972 encountered, 58 discovered, 0 enqueued
[93.833s][info][gc,ref      ] GC(165) Final: 0 encountered, 0 discovered, 0 enqueued
[93.833s][info][gc,ref      ] GC(165) Phantom: 35 encountered, 17 discovered, 0 enqueued
[93.833s][info][gc,reloc    ] GC(165) Small Pages: 401 / 802M, Empty: 0M, Relocated: 33M, In-Place: 0
[93.833s][info][gc,reloc    ] GC(165) Medium Pages: 1 / 32M, Empty: 0M, Relocated: 0M, In-Place: 0
[93.833s][info][gc,reloc    ] GC(165) Large Pages: 0 / 0M, Empty: 0M, Relocated: 0M, In-Place: 0
[93.833s][info][gc,reloc    ] GC(165) Forwarding Usage: 14M
[93.833s][info][gc,heap     ] GC(165) Min Capacity: 8M(1%)
[93.833s][info][gc,heap     ] GC(165) Max Capacity: 1024M(100%)
[93.833s][info][gc,heap     ] GC(165) Soft Max Capacity: 1024M(100%)
[93.834s][info][gc,heap     ] GC(165)                Mark Start          Mark End        Relocate Start      Relocate End           High               Low         
[93.834s][info][gc,heap     ] GC(165)  Capacity:     1024M (100%)       1024M (100%)       1024M (100%)       1024M (100%)       1024M (100%)       1024M (100%)   
[93.834s][info][gc,heap     ] GC(165)      Free:      190M (19%)          76M (7%)           74M (7%)           94M (9%)          190M (19%)          54M (5%)     
[93.834s][info][gc,heap     ] GC(165)      Used:      834M (81%)         948M (93%)         950M (93%)         930M (91%)         970M (95%)         834M (81%)    
[93.834s][info][gc,heap     ] GC(165)      Live:         -               596M (58%)         596M (58%)         596M (58%)            -                  -          
[93.834s][info][gc,heap     ] GC(165) Allocated:         -               114M (11%)         116M (11%)         119M (12%)            -                  -          
[93.834s][info][gc,heap     ] GC(165)   Garbage:         -               237M (23%)         237M (23%)         213M (21%)            -                  -          
[93.834s][info][gc,heap     ] GC(165) Reclaimed:         -                  -                 0M (0%)           23M (2%)             -                  -          
[93.834s][info][gc          ] GC(165) Garbage Collection (Allocation Rate) 834M(81%)->930M(91%)
[93.911s][info][gc,start    ] GC(166) Garbage Collection (Allocation Rate)
[93.911s][info][gc,task     ] GC(166) Using 10 workers
[93.911s][info][gc,phases   ] GC(166) Pause Mark Start 0.017ms
[94.098s][info][gc,phases   ] GC(166) Concurrent Mark 187.090ms
[94.098s][info][gc,phases   ] GC(166) Pause Mark End 0.019ms
[94.098s][info][gc,phases   ] GC(166) Concurrent Mark Free 0.001ms
[94.099s][info][gc,phases   ] GC(166) Concurrent Process Non-Strong References 0.380ms
[94.099s][info][gc,phases   ] GC(166) Concurrent Reset Relocation Set 0.006ms
[94.129s][info][gc,phases   ] GC(166) Concurrent Select Relocation Set 29.783ms
[94.129s][info][gc,phases   ] GC(166) Pause Relocate Start 0.011ms
[94.185s][info][gc,phases   ] GC(166) Concurrent Relocate 55.867ms
[94.185s][info][gc,load     ] GC(166) Load: 0.00/0.00/0.00
[94.185s][info][gc,mmu      ] GC(166) MMU: 2ms/95.8%, 5ms/98.3%, 10ms/99.2%, 20ms/99.6%, 50ms/99.8%, 100ms/99.9%
[94.185s][info][gc,marking  ] GC(166) Mark: 8 stripe(s), 2 proactive flush(es), 1 terminate flush(es), 0 completion(s), 0 continuation(s) 
[94.185s][info][gc,marking  ] GC(166) Mark Stack Usage: 32M
[94.185s][info][gc,nmethod  ] GC(166) NMethods: 755 registered, 19 unregistered
[94.185s][info][gc,metaspace] GC(166) Metaspace: 16M used, 16M committed, 1088M reserved
[94.185s][info][gc,ref      ] GC(166) Soft: 171 encountered, 0 discovered, 0 enqueued
[94.185s][info][gc,ref      ] GC(166) Weak: 972 encountered, 98 discovered, 0 enqueued
[94.185s][info][gc,ref      ] GC(166) Final: 0 encountered, 0 discovered, 0 enqueued
[94.185s][info][gc,ref      ] GC(166) Phantom: 35 encountered, 19 discovered, 0 enqueued
[94.185s][info][gc,reloc    ] GC(166) Small Pages: 448 / 896M, Empty: 0M, Relocated: 213M, In-Place: 3
[94.185s][info][gc,reloc    ] GC(166) Medium Pages: 2 / 64M, Empty: 0M, Relocated: 3M, In-Place: 1
[94.185s][info][gc,reloc    ] GC(166) Large Pages: 0 / 0M, Empty: 0M, Relocated: 0M, In-Place: 0
[94.185s][info][gc,reloc    ] GC(166) Forwarding Usage: 89M
[94.185s][info][gc,heap     ] GC(166) Min Capacity: 8M(1%)
[94.185s][info][gc,heap     ] GC(166) Max Capacity: 1024M(100%)
[94.185s][info][gc,heap     ] GC(166) Soft Max Capacity: 1024M(100%)
[94.185s][info][gc,heap     ] GC(166)                Mark Start          Mark End        Relocate Start      Relocate End           High               Low         
[94.185s][info][gc,heap     ] GC(166)  Capacity:     1024M (100%)       1024M (100%)       1024M (100%)       1024M (100%)       1024M (100%)       1024M (100%)   
[94.185s][info][gc,heap     ] GC(166)      Free:       64M (6%)           14M (1%)           12M (1%)          248M (24%)         248M (24%)           0M (0%)     
[94.185s][info][gc,heap     ] GC(166)      Used:      960M (94%)        1010M (99%)        1012M (99%)         776M (76%)        1024M (100%)        776M (76%)    
[94.185s][info][gc,heap     ] GC(166)      Live:         -               582M (57%)         582M (57%)         582M (57%)            -                  -          
[94.185s][info][gc,heap     ] GC(166) Allocated:         -                50M (5%)           52M (5%)           53M (5%)             -                  -          
[94.185s][info][gc,heap     ] GC(166)   Garbage:         -               377M (37%)         377M (37%)         139M (14%)            -                  -          
[94.185s][info][gc,heap     ] GC(166) Reclaimed:         -                  -                 0M (0%)          237M (23%)            -                  -          
[94.185s][info][gc          ] GC(166) Garbage Collection (Allocation Rate) 960M(94%)->776M(76%)
[94.207s][info][gc,start    ] GC(167) Garbage Collection (Allocation Rate)
[94.207s][info][gc,task     ] GC(167) Using 10 workers
[94.207s][info][gc,phases   ] GC(167) Pause Mark Start 0.009ms
[94.223s][info][gc,phases   ] GC(167) Concurrent Mark 15.485ms
[94.223s][info][gc,phases   ] GC(167) Pause Mark End 0.013ms
[94.223s][info][gc,phases   ] GC(167) Concurrent Mark Free 0.000ms
[94.224s][info][gc,phases   ] GC(167) Concurrent Process Non-Strong References 0.412ms
[94.224s][info][gc,phases   ] GC(167) Concurrent Reset Relocation Set 0.057ms
[94.239s][info][gc,phases   ] GC(167) Concurrent Select Relocation Set 15.444ms
[94.239s][info][gc,phases   ] GC(167) Pause Relocate Start 0.007ms
[94.240s][info][gc,phases   ] GC(167) Concurrent Relocate 1.027ms
[94.240s][info][gc,load     ] GC(167) Load: 0.00/0.00/0.00
[94.240s][info][gc,mmu      ] GC(167) MMU: 2ms/95.8%, 5ms/98.3%, 10ms/99.2%, 20ms/99.6%, 50ms/99.8%, 100ms/99.9%
[94.240s][info][gc,marking  ] GC(167) Mark: 8 stripe(s), 2 proactive flush(es), 1 terminate flush(es), 0 completion(s), 0 continuation(s) 
[94.240s][info][gc,marking  ] GC(167) Mark Stack Usage: 32M
[94.240s][info][gc,nmethod  ] GC(167) NMethods: 755 registered, 19 unregistered
[94.240s][info][gc,metaspace] GC(167) Metaspace: 16M used, 16M committed, 1088M reserved
[94.240s][info][gc,ref      ] GC(167) Soft: 171 encountered, 0 discovered, 0 enqueued
[94.241s][info][gc,ref      ] GC(167) Weak: 974 encountered, 79 discovered, 3 enqueued
[94.241s][info][gc,ref      ] GC(167) Final: 0 encountered, 0 discovered, 0 enqueued
[94.241s][info][gc,ref      ] GC(167) Phantom: 35 encountered, 24 discovered, 0 enqueued
[94.241s][info][gc,reloc    ] GC(167) Small Pages: 372 / 744M, Empty: 676M, Relocated: 3M, In-Place: 0
[94.241s][info][gc,reloc    ] GC(167) Medium Pages: 1 / 32M, Empty: 32M, Relocated: 0M, In-Place: 0
[94.241s][info][gc,reloc    ] GC(167) Large Pages: 0 / 0M, Empty: 0M, Relocated: 0M, In-Place: 0
[94.241s][info][gc,reloc    ] GC(167) Forwarding Usage: 0M
[94.241s][info][gc,heap     ] GC(167) Min Capacity: 8M(1%)
[94.241s][info][gc,heap     ] GC(167) Max Capacity: 1024M(100%)
[94.241s][info][gc,heap     ] GC(167) Soft Max Capacity: 1024M(100%)
[94.241s][info][gc,heap     ] GC(167)                Mark Start          Mark End        Relocate Start      Relocate End           High               Low         
[94.241s][info][gc,heap     ] GC(167)  Capacity:     1024M (100%)       1024M (100%)       1024M (100%)       1024M (100%)       1024M (100%)       1024M (100%)   
[94.241s][info][gc,heap     ] GC(167)      Free:      248M (24%)         246M (24%)         954M (93%)         980M (96%)         980M (96%)         246M (24%)    
[94.241s][info][gc,heap     ] GC(167)      Used:      776M (76%)         778M (76%)          70M (7%)           44M (4%)          778M (76%)          44M (4%)     
[94.241s][info][gc,heap     ] GC(167)      Live:         -                21M (2%)           21M (2%)           21M (2%)             -                  -          
[94.241s][info][gc,heap     ] GC(167) Allocated:         -                 2M (0%)            2M (0%)            1M (0%)             -                  -          
[94.241s][info][gc,heap     ] GC(167)   Garbage:         -               754M (74%)          46M (5%)           20M (2%)             -                  -          
[94.241s][info][gc,heap     ] GC(167) Reclaimed:         -                  -               708M (69%)         733M (72%)            -                  -          
[94.241s][info][gc          ] GC(167) Garbage Collection (Allocation Rate) 776M(76%)->44M(4%)
[94.301s][info][gc,start    ] GC(168) Garbage Collection (Allocation Rate)
[94.301s][info][gc,task     ] GC(168) Using 10 workers
[94.301s][info][gc,phases   ] GC(168) Pause Mark Start 0.007ms
[94.317s][info][gc,phases   ] GC(168) Concurrent Mark 15.448ms
[94.317s][info][gc,phases   ] GC(168) Pause Mark End 0.011ms
[94.317s][info][gc,phases   ] GC(168) Concurrent Mark Free 0.001ms
[94.317s][info][gc,phases   ] GC(168) Concurrent Process Non-Strong References 0.448ms
[94.317s][info][gc,phases   ] GC(168) Concurrent Reset Relocation Set 0.003ms
[94.322s][info][gc,phases   ] GC(168) Concurrent Select Relocation Set 4.606ms
[94.322s][info][gc,phases   ] GC(168) Pause Relocate Start 0.004ms
[94.323s][info][gc,phases   ] GC(168) Concurrent Relocate 0.788ms
[94.323s][info][gc,load     ] GC(168) Load: 0.00/0.00/0.00
[94.323s][info][gc,mmu      ] GC(168) MMU: 2ms/95.8%, 5ms/98.3%, 10ms/99.2%, 20ms/99.6%, 50ms/99.8%, 100ms/99.9%
[94.323s][info][gc,marking  ] GC(168) Mark: 8 stripe(s), 2 proactive flush(es), 2 terminate flush(es), 0 completion(s), 0 continuation(s) 
[94.323s][info][gc,marking  ] GC(168) Mark Stack Usage: 32M
[94.323s][info][gc,nmethod  ] GC(168) NMethods: 755 registered, 19 unregistered
[94.323s][info][gc,metaspace] GC(168) Metaspace: 16M used, 16M committed, 1088M reserved
[94.323s][info][gc,ref      ] GC(168) Soft: 171 encountered, 0 discovered, 0 enqueued
[94.323s][info][gc,ref      ] GC(168) Weak: 971 encountered, 35 discovered, 0 enqueued
[94.323s][info][gc,ref      ] GC(168) Final: 0 encountered, 0 discovered, 0 enqueued
[94.323s][info][gc,ref      ] GC(168) Phantom: 35 encountered, 22 discovered, 0 enqueued
[94.323s][info][gc,reloc    ] GC(168) Small Pages: 23 / 46M, Empty: 0M, Relocated: 3M, In-Place: 0
[94.323s][info][gc,reloc    ] GC(168) Medium Pages: 0 / 0M, Empty: 0M, Relocated: 0M, In-Place: 0
[94.323s][info][gc,reloc    ] GC(168) Large Pages: 0 / 0M, Empty: 0M, Relocated: 0M, In-Place: 0
[94.323s][info][gc,reloc    ] GC(168) Forwarding Usage: 0M
[94.323s][info][gc,heap     ] GC(168) Min Capacity: 8M(1%)
[94.323s][info][gc,heap     ] GC(168) Max Capacity: 1024M(100%)
[94.323s][info][gc,heap     ] GC(168) Soft Max Capacity: 1024M(100%)
[94.323s][info][gc,heap     ] GC(168)                Mark Start          Mark End        Relocate Start      Relocate End           High               Low         
[94.323s][info][gc,heap     ] GC(168)  Capacity:     1024M (100%)       1024M (100%)       1024M (100%)       1024M (100%)       1024M (100%)       1024M (100%)   
[94.323s][info][gc,heap     ] GC(168)      Free:      978M (96%)         976M (95%)         976M (95%)         980M (96%)         980M (96%)         958M (94%)    
[94.323s][info][gc,heap     ] GC(168)      Used:       46M (4%)           48M (5%)           48M (5%)           44M (4%)           66M (6%)           44M (4%)     
[94.323s][info][gc,heap     ] GC(168)      Live:         -                21M (2%)           21M (2%)           21M (2%)             -                  -          
[94.323s][info][gc,heap     ] GC(168) Allocated:         -                 2M (0%)            2M (0%)            1M (0%)             -                  -          
[94.323s][info][gc,heap     ] GC(168)   Garbage:         -                24M (2%)           24M (2%)           20M (2%)             -                  -          
[94.323s][info][gc,heap     ] GC(168) Reclaimed:         -                  -                 0M (0%)            3M (0%)             -                  -          
[94.323s][info][gc          ] GC(168) Garbage Collection (Allocation Rate) 46M(4%)->44M(4%)
[94.395s][info][gc,start    ] GC(169) Garbage Collection (Allocation Rate)
[94.395s][info][gc,task     ] GC(169) Using 10 workers
[94.395s][info][gc,phases   ] GC(169) Pause Mark Start 0.011ms
[94.425s][info][gc,phases   ] GC(169) Concurrent Mark 29.596ms
[94.425s][info][gc,phases   ] GC(169) Pause Mark End 0.017ms
[94.425s][info][gc,phases   ] GC(169) Concurrent Mark Free 0.001ms
[94.426s][info][gc,phases   ] GC(169) Concurrent Process Non-Strong References 0.552ms
[94.426s][info][gc,phases   ] GC(169) Concurrent Reset Relocation Set 0.003ms
[94.431s][info][gc,phases   ] GC(169) Concurrent Select Relocation Set 4.659ms
[94.431s][info][gc,phases   ] GC(169) Pause Relocate Start 0.006ms
[94.432s][info][gc,phases   ] GC(169) Concurrent Relocate 1.723ms
[94.433s][info][gc,load     ] GC(169) Load: 0.00/0.00/0.00
[94.433s][info][gc,mmu      ] GC(169) MMU: 2ms/95.8%, 5ms/98.3%, 10ms/99.2%, 20ms/99.6%, 50ms/99.8%, 100ms/99.9%
[94.433s][info][gc,marking  ] GC(169) Mark: 8 stripe(s), 2 proactive flush(es), 1 terminate flush(es), 0 completion(s), 0 continuation(s) 
[94.433s][info][gc,marking  ] GC(169) Mark Stack Usage: 32M
[94.433s][info][gc,nmethod  ] GC(169) NMethods: 755 registered, 19 unregistered
[94.433s][info][gc,metaspace] GC(169) Metaspace: 16M used, 16M committed, 1088M reserved
[94.433s][info][gc,ref      ] GC(169) Soft: 171 encountered, 0 discovered, 0 enqueued
[94.433s][info][gc,ref      ] GC(169) Weak: 971 encountered, 99 discovered, 0 enqueued
[94.433s][info][gc,ref      ] GC(169) Final: 0 encountered, 0 discovered, 0 enqueued
[94.433s][info][gc,ref      ] GC(169) Phantom: 35 encountered, 24 discovered, 0 enqueued
[94.433s][info][gc,reloc    ] GC(169) Small Pages: 24 / 48M, Empty: 0M, Relocated: 4M, In-Place: 0
[94.433s][info][gc,reloc    ] GC(169) Medium Pages: 0 / 0M, Empty: 0M, Relocated: 0M, In-Place: 0
[94.433s][info][gc,reloc    ] GC(169) Large Pages: 0 / 0M, Empty: 0M, Relocated: 0M, In-Place: 0
[94.433s][info][gc,reloc    ] GC(169) Forwarding Usage: 1M
[94.433s][info][gc,heap     ] GC(169) Min Capacity: 8M(1%)
[94.433s][info][gc,heap     ] GC(169) Max Capacity: 1024M(100%)
[94.433s][info][gc,heap     ] GC(169) Soft Max Capacity: 1024M(100%)
[94.433s][info][gc,heap     ] GC(169)                Mark Start          Mark End        Relocate Start      Relocate End           High               Low         
[94.433s][info][gc,heap     ] GC(169)  Capacity:     1024M (100%)       1024M (100%)       1024M (100%)       1024M (100%)       1024M (100%)       1024M (100%)   
[94.433s][info][gc,heap     ] GC(169)      Free:      976M (95%)         974M (95%)         974M (95%)         980M (96%)         980M (96%)         952M (93%)    
[94.433s][info][gc,heap     ] GC(169)      Used:       48M (5%)           50M (5%)           50M (5%)           44M (4%)           72M (7%)           44M (4%)     
[94.433s][info][gc,heap     ] GC(169)      Live:         -                22M (2%)           22M (2%)           22M (2%)             -                  -          
[94.433s][info][gc,heap     ] GC(169) Allocated:         -                 2M (0%)            2M (0%)            3M (0%)             -                  -          
[94.433s][info][gc,heap     ] GC(169)   Garbage:         -                25M (3%)           25M (3%)           18M (2%)             -                  -          
[94.433s][info][gc,heap     ] GC(169) Reclaimed:         -                  -                 0M (0%)            7M (1%)             -                  -          
[94.433s][info][gc          ] GC(169) Garbage Collection (Allocation Rate) 48M(5%)->44M(4%)
[94.501s][info][gc,start    ] GC(170) Garbage Collection (Allocation Rate)
[94.501s][info][gc,task     ] GC(170) Using 10 workers
[94.501s][info][gc,phases   ] GC(170) Pause Mark Start 0.011ms
[94.517s][info][gc,phases   ] GC(170) Concurrent Mark 15.844ms
[94.517s][info][gc,phases   ] GC(170) Pause Mark End 0.019ms
[94.517s][info][gc,phases   ] GC(170) Concurrent Mark Free 0.001ms
[94.518s][info][gc,phases   ] GC(170) Concurrent Process Non-Strong References 0.593ms
[94.518s][info][gc,phases   ] GC(170) Concurrent Reset Relocation Set 0.004ms
[94.521s][info][gc,phases   ] GC(170) Concurrent Select Relocation Set 3.462ms
[94.521s][info][gc,phases   ] GC(170) Pause Relocate Start 0.008ms
[94.523s][info][gc,phases   ] GC(170) Concurrent Relocate 1.518ms
[94.523s][info][gc,load     ] GC(170) Load: 0.00/0.00/0.00
[94.523s][info][gc,mmu      ] GC(170) MMU: 2ms/95.8%, 5ms/98.3%, 10ms/99.2%, 20ms/99.6%, 50ms/99.8%, 100ms/99.9%
[94.523s][info][gc,marking  ] GC(170) Mark: 8 stripe(s), 5 proactive flush(es), 1 terminate flush(es), 0 completion(s), 0 continuation(s) 
[94.523s][info][gc,marking  ] GC(170) Mark Stack Usage: 32M
[94.523s][info][gc,nmethod  ] GC(170) NMethods: 755 registered, 19 unregistered
[94.523s][info][gc,metaspace] GC(170) Metaspace: 16M used, 16M committed, 1088M reserved
[94.523s][info][gc,ref      ] GC(170) Soft: 171 encountered, 0 discovered, 0 enqueued
[94.523s][info][gc,ref      ] GC(170) Weak: 971 encountered, 130 discovered, 0 enqueued
[94.523s][info][gc,ref      ] GC(170) Final: 0 encountered, 0 discovered, 0 enqueued
[94.523s][info][gc,ref      ] GC(170) Phantom: 35 encountered, 21 discovered, 0 enqueued
[94.523s][info][gc,reloc    ] GC(170) Small Pages: 22 / 44M, Empty: 0M, Relocated: 4M, In-Place: 0
[94.523s][info][gc,reloc    ] GC(170) Medium Pages: 0 / 0M, Empty: 0M, Relocated: 0M, In-Place: 0
[94.523s][info][gc,reloc    ] GC(170) Large Pages: 0 / 0M, Empty: 0M, Relocated: 0M, In-Place: 0
[94.523s][info][gc,reloc    ] GC(170) Forwarding Usage: 1M
[94.523s][info][gc,heap     ] GC(170) Min Capacity: 8M(1%)
[94.523s][info][gc,heap     ] GC(170) Max Capacity: 1024M(100%)
[94.523s][info][gc,heap     ] GC(170) Soft Max Capacity: 1024M(100%)
[94.523s][info][gc,heap     ] GC(170)                Mark Start          Mark End        Relocate Start      Relocate End           High               Low         
[94.523s][info][gc,heap     ] GC(170)  Capacity:     1024M (100%)       1024M (100%)       1024M (100%)       1024M (100%)       1024M (100%)       1024M (100%)   
[94.523s][info][gc,heap     ] GC(170)      Free:      980M (96%)         978M (96%)         978M (96%)         982M (96%)         982M (96%)         958M (94%)    
[94.523s][info][gc,heap     ] GC(170)      Used:       44M (4%)           46M (4%)           46M (4%)           42M (4%)           66M (6%)           42M (4%)     
[94.524s][info][gc,heap     ] GC(170)      Live:         -                22M (2%)           22M (2%)           22M (2%)             -                  -          
[94.524s][info][gc,heap     ] GC(170) Allocated:         -                 2M (0%)            2M (0%)            1M (0%)             -                  -          
[94.524s][info][gc,heap     ] GC(170)   Garbage:         -                21M (2%)           21M (2%)           17M (2%)             -                  -          
[94.524s][info][gc,heap     ] GC(170) Reclaimed:         -                  -                 0M (0%)            3M (0%)             -                  -          
[94.524s][info][gc          ] GC(170) Garbage Collection (Allocation Rate) 44M(4%)->42M(4%)
[100.098s][info][gc,stats    ] === Garbage Collection Statistics =======================================================================================================================
[100.098s][info][gc,stats    ]                                                              Last 10s              Last 10m              Last 10h                Total
[100.098s][info][gc,stats    ]                                                              Avg / Max             Avg / Max             Avg / Max             Avg / Max
[100.099s][info][gc,stats    ]   Collector: Garbage Collection Cycle                    108.823 / 274.107     134.592 / 299.601     134.592 / 299.601     134.592 / 299.601     ms
[100.099s][info][gc,stats    ]  Contention: Mark Segment Reset Contention                     6 / 27                7 / 41                7 / 41                7 / 41          ops/s
[100.099s][info][gc,stats    ]  Contention: Mark SeqNum Reset Contention                      1 / 6                 0 / 6                 0 / 6                 0 / 6           ops/s
[100.099s][info][gc,stats    ]    Critical: Allocation Stall                                 26 / 263              14 / 308              14 / 308              14 / 308         ops/s
[100.099s][info][gc,stats    ]    Critical: Allocation Stall                             13.574 / 25.688       11.228 / 31.418       11.228 / 31.418       11.228 / 31.418      ms
[100.099s][info][gc,stats    ]    Critical: GC Locker Stall                                   0 / 0                 0 / 0                 0 / 0                 0 / 0           ops/s
[100.099s][info][gc,stats    ]    Critical: GC Locker Stall                               0.000 / 0.000         0.000 / 0.000         0.000 / 0.000         0.000 / 0.000       ms
[100.099s][info][gc,stats    ]    Critical: Relocation Stall                                  0 / 1                 0 / 1                 0 / 1                 0 / 1           ops/s
[100.099s][info][gc,stats    ]    Critical: Relocation Stall                              4.839 / 4.839         4.839 / 4.839         4.839 / 4.839         4.839 / 4.839       ms
[100.099s][info][gc,stats    ]      Memory: Allocation Rate                                 766 / 5540            578 / 6762            578 / 6762            578 / 6762        MB/s
[100.099s][info][gc,stats    ]      Memory: Defragment                                        1 / 17                2 / 29                2 / 29                2 / 29          ops/s
[100.099s][info][gc,stats    ]      Memory: Out Of Memory                                     0 / 0                 0 / 0                 0 / 0                 0 / 0           ops/s
[100.099s][info][gc,stats    ]      Memory: Page Cache Flush                                  9 / 66                9 / 122               9 / 122               9 / 122         MB/s
[100.099s][info][gc,stats    ]      Memory: Page Cache Hit L1                               411 / 2809            319 / 3426            319 / 3426            319 / 3426        ops/s
[100.099s][info][gc,stats    ]      Memory: Page Cache Hit L2                                 0 / 0                 0 / 0                 0 / 0                 0 / 0           ops/s
[100.099s][info][gc,stats    ]      Memory: Page Cache Hit L3                                 1 / 15                7 / 407               7 / 407               7 / 407         ops/s
[100.099s][info][gc,stats    ]      Memory: Page Cache Miss                                   0 / 1                 0 / 2                 0 / 2                 0 / 2           ops/s
[100.099s][info][gc,stats    ]      Memory: Uncommit                                          0 / 0                 0 / 0                 0 / 0                 0 / 0           MB/s
[100.099s][info][gc,stats    ]      Memory: Undo Object Allocation Failed                    10 / 83               28 / 647              28 / 647              28 / 647         ops/s
[100.099s][info][gc,stats    ]      Memory: Undo Object Allocation Succeeded                  4 / 21                6 / 101               6 / 101               6 / 101         ops/s
[100.099s][info][gc,stats    ]      Memory: Undo Page Allocation                             99 / 776              54 / 1061             54 / 1061             54 / 1061        ops/s
[100.099s][info][gc,stats    ]       Phase: Concurrent Mark                              66.584 / 209.479      98.316 / 249.632      98.316 / 249.632      98.316 / 249.632     ms
[100.099s][info][gc,stats    ]       Phase: Concurrent Mark Continue                      0.000 / 0.000         0.000 / 0.000         0.000 / 0.000         0.000 / 0.000       ms
[100.099s][info][gc,stats    ]       Phase: Concurrent Mark Free                          0.001 / 0.002         0.001 / 0.004         0.001 / 0.004         0.001 / 0.004       ms
[100.099s][info][gc,stats    ]       Phase: Concurrent Process Non-Strong References      0.430 / 0.736         1.105 / 15.033        1.105 / 15.033        1.105 / 15.033      ms
[100.099s][info][gc,stats    ]       Phase: Concurrent Relocate                          10.488 / 55.867       11.916 / 59.080       11.916 / 59.080       11.916 / 59.080      ms
[100.099s][info][gc,stats    ]       Phase: Concurrent Reset Relocation Set               0.015 / 0.057         0.014 / 0.066         0.014 / 0.066         0.014 / 0.066       ms
[100.099s][info][gc,stats    ]       Phase: Concurrent Select Relocation Set             11.277 / 29.783       12.034 / 64.809       12.034 / 64.809       12.034 / 64.809      ms
[100.099s][info][gc,stats    ]       Phase: Pause Mark End                                0.016 / 0.022         0.017 / 0.027         0.017 / 0.027         0.017 / 0.027       ms
[100.100s][info][gc,stats    ]       Phase: Pause Mark Start                              0.022 / 0.059         0.019 / 0.084         0.019 / 0.084         0.019 / 0.084       ms
[100.100s][info][gc,stats    ]       Phase: Pause Relocate Start                          0.008 / 0.013         0.008 / 0.025         0.008 / 0.025         0.008 / 0.025       ms
[100.100s][info][gc,stats    ]    Subphase: Concurrent Classes Purge                      0.006 / 0.031         0.077 / 5.672         0.077 / 5.672         0.077 / 5.672       ms
[100.100s][info][gc,stats    ]    Subphase: Concurrent Classes Unlink                     0.192 / 0.307         0.433 / 6.293         0.433 / 6.293         0.433 / 6.293       ms
[100.100s][info][gc,stats    ]    Subphase: Concurrent Mark                              64.531 / 208.153      96.189 / 248.331      96.189 / 248.331      96.189 / 248.331     ms
[100.100s][info][gc,stats    ]    Subphase: Concurrent Mark Try Flush                     0.556 / 20.065        0.978 / 31.490        0.978 / 31.490        0.978 / 31.490      ms
[100.100s][info][gc,stats    ]    Subphase: Concurrent Mark Try Terminate                 8.145 / 15.640        8.631 / 16.527        8.631 / 16.527        8.631 / 16.527      ms
[100.100s][info][gc,stats    ]    Subphase: Concurrent References Enqueue                 0.001 / 0.003         0.001 / 0.007         0.001 / 0.007         0.001 / 0.007       ms
[100.100s][info][gc,stats    ]    Subphase: Concurrent References Process                 0.028 / 0.075         0.034 / 0.210         0.034 / 0.210         0.034 / 0.210       ms
[100.100s][info][gc,stats    ]    Subphase: Concurrent Roots ClassLoaderDataGraph         0.037 / 0.349         0.045 / 1.028         0.045 / 1.028         0.045 / 1.028       ms
[100.100s][info][gc,stats    ]    Subphase: Concurrent Roots CodeCache                    0.000 / 0.000         0.000 / 0.000         0.000 / 0.000         0.000 / 0.000       ms
[100.100s][info][gc,stats    ]    Subphase: Concurrent Roots JavaThreads                  0.601 / 1.349         0.728 / 6.849         0.728 / 6.849         0.728 / 6.849       ms
[100.100s][info][gc,stats    ]    Subphase: Concurrent Roots OopStorageSet                0.014 / 0.068         0.017 / 0.682         0.017 / 0.682         0.017 / 0.682       ms
[100.100s][info][gc,stats    ]    Subphase: Concurrent Weak Roots OopStorageSet           0.114 / 0.204         0.102 / 0.309         0.102 / 0.309         0.102 / 0.309       ms
[100.100s][info][gc,stats    ]    Subphase: Pause Mark Try Complete                       0.000 / 0.000         0.000 / 0.000         0.000 / 0.000         0.000 / 0.000       ms
[100.100s][info][gc,stats    ]      System: Java Threads                                     62 / 62               63 / 74               63 / 74               63 / 74          threads
[100.100s][info][gc,stats    ] =========================================================================================================================================================
[103.001s][info][gc,start    ] GC(171) Garbage Collection (Proactive)
[103.002s][info][gc,task     ] GC(171) Using 10 workers
[103.002s][info][gc,phases   ] GC(171) Pause Mark Start 0.013ms
[103.048s][info][gc,phases   ] GC(171) Concurrent Mark 46.482ms
[103.048s][info][gc,phases   ] GC(171) Pause Mark End 0.021ms
[103.048s][info][gc,phases   ] GC(171) Concurrent Mark Free 0.001ms
[103.049s][info][gc,phases   ] GC(171) Concurrent Process Non-Strong References 0.413ms
[103.049s][info][gc,phases   ] GC(171) Concurrent Reset Relocation Set 0.003ms
[103.064s][info][gc,phases   ] GC(171) Concurrent Select Relocation Set 15.207ms
[103.064s][info][gc,phases   ] GC(171) Pause Relocate Start 0.014ms
[103.083s][info][gc,phases   ] GC(171) Concurrent Relocate 18.742ms
[103.083s][info][gc,load     ] GC(171) Load: 0.00/0.00/0.00
[103.083s][info][gc,mmu      ] GC(171) MMU: 2ms/95.8%, 5ms/98.3%, 10ms/99.2%, 20ms/99.6%, 50ms/99.8%, 100ms/99.9%
[103.083s][info][gc,marking  ] GC(171) Mark: 8 stripe(s), 2 proactive flush(es), 1 terminate flush(es), 0 completion(s), 0 continuation(s) 
[103.083s][info][gc,marking  ] GC(171) Mark Stack Usage: 32M
[103.083s][info][gc,nmethod  ] GC(171) NMethods: 756 registered, 19 unregistered
[103.083s][info][gc,metaspace] GC(171) Metaspace: 16M used, 16M committed, 1088M reserved
[103.084s][info][gc,ref      ] GC(171) Soft: 171 encountered, 0 discovered, 0 enqueued
[103.084s][info][gc,ref      ] GC(171) Weak: 972 encountered, 54 discovered, 4 enqueued
[103.084s][info][gc,ref      ] GC(171) Final: 0 encountered, 0 discovered, 0 enqueued
[103.084s][info][gc,ref      ] GC(171) Phantom: 35 encountered, 25 discovered, 0 enqueued
[103.084s][info][gc,reloc    ] GC(171) Small Pages: 131 / 262M, Empty: 52M, Relocated: 64M, In-Place: 0
[103.084s][info][gc,reloc    ] GC(171) Medium Pages: 0 / 0M, Empty: 0M, Relocated: 0M, In-Place: 0
[103.084s][info][gc,reloc    ] GC(171) Large Pages: 0 / 0M, Empty: 0M, Relocated: 0M, In-Place: 0
[103.084s][info][gc,reloc    ] GC(171) Forwarding Usage: 38M
[103.084s][info][gc,heap     ] GC(171) Min Capacity: 8M(1%)
[103.084s][info][gc,heap     ] GC(171) Max Capacity: 1024M(100%)
[103.084s][info][gc,heap     ] GC(171) Soft Max Capacity: 1024M(100%)
[103.084s][info][gc,heap     ] GC(171)                Mark Start          Mark End        Relocate Start      Relocate End           High               Low         
[103.084s][info][gc,heap     ] GC(171)  Capacity:     1024M (100%)       1024M (100%)       1024M (100%)       1024M (100%)       1024M (100%)       1024M (100%)   
[103.084s][info][gc,heap     ] GC(171)      Free:      762M (74%)         704M (69%)         736M (72%)         832M (81%)         832M (81%)         698M (68%)    
[103.084s][info][gc,heap     ] GC(171)      Used:      262M (26%)         320M (31%)         288M (28%)         192M (19%)         326M (32%)         192M (19%)    
[103.084s][info][gc,heap     ] GC(171)      Live:         -                82M (8%)           82M (8%)           82M (8%)             -                  -          
[103.084s][info][gc,heap     ] GC(171) Allocated:         -                58M (6%)           78M (8%)           93M (9%)             -                  -          
[103.084s][info][gc,heap     ] GC(171)   Garbage:         -               179M (17%)         127M (12%)          15M (2%)             -                  -          
[103.084s][info][gc,heap     ] GC(171) Reclaimed:         -                  -                52M (5%)          163M (16%)            -                  -          
[103.084s][info][gc          ] GC(171) Garbage Collection (Proactive) 262M(26%)->192M(19%)
[103.298s][info][gc,start    ] GC(172) Garbage Collection (Allocation Rate)
[103.298s][info][gc,task     ] GC(172) Using 10 workers
[103.298s][info][gc,phases   ] GC(172) Pause Mark Start 0.017ms
[103.392s][info][gc,phases   ] GC(172) Concurrent Mark 93.395ms
[103.392s][info][gc,phases   ] GC(172) Pause Mark End 0.015ms
[103.392s][info][gc,phases   ] GC(172) Concurrent Mark Free 0.001ms
[103.392s][info][gc,phases   ] GC(172) Concurrent Process Non-Strong References 0.353ms
[103.393s][info][gc,phases   ] GC(172) Concurrent Reset Relocation Set 0.015ms
[103.451s][info][gc,phases   ] GC(172) Concurrent Select Relocation Set 58.184ms
[103.451s][info][gc,phases   ] GC(172) Pause Relocate Start 0.010ms
[103.491s][info][gc,phases   ] GC(172) Concurrent Relocate 40.075ms
[103.491s][info][gc,load     ] GC(172) Load: 0.00/0.00/0.00
[103.491s][info][gc,mmu      ] GC(172) MMU: 2ms/95.8%, 5ms/98.3%, 10ms/99.2%, 20ms/99.6%, 50ms/99.8%, 100ms/99.9%
[103.491s][info][gc,marking  ] GC(172) Mark: 8 stripe(s), 2 proactive flush(es), 2 terminate flush(es), 0 completion(s), 0 continuation(s) 
[103.491s][info][gc,marking  ] GC(172) Mark Stack Usage: 32M
[103.491s][info][gc,nmethod  ] GC(172) NMethods: 756 registered, 19 unregistered
[103.491s][info][gc,metaspace] GC(172) Metaspace: 16M used, 16M committed, 1088M reserved
[103.491s][info][gc,ref      ] GC(172) Soft: 171 encountered, 0 discovered, 0 enqueued
[103.491s][info][gc,ref      ] GC(172) Weak: 968 encountered, 42 discovered, 0 enqueued
[103.491s][info][gc,ref      ] GC(172) Final: 0 encountered, 0 discovered, 0 enqueued
[103.491s][info][gc,ref      ] GC(172) Phantom: 35 encountered, 21 discovered, 0 enqueued
[103.491s][info][gc,reloc    ] GC(172) Small Pages: 232 / 464M, Empty: 0M, Relocated: 144M, In-Place: 0
[103.491s][info][gc,reloc    ] GC(172) Medium Pages: 0 / 0M, Empty: 0M, Relocated: 0M, In-Place: 0
[103.492s][info][gc,reloc    ] GC(172) Large Pages: 0 / 0M, Empty: 0M, Relocated: 0M, In-Place: 0
[103.492s][info][gc,reloc    ] GC(172) Forwarding Usage: 94M
[103.492s][info][gc,heap     ] GC(172) Min Capacity: 8M(1%)
[103.492s][info][gc,heap     ] GC(172) Max Capacity: 1024M(100%)
[103.492s][info][gc,heap     ] GC(172) Soft Max Capacity: 1024M(100%)
[103.492s][info][gc,heap     ] GC(172)                Mark Start          Mark End        Relocate Start      Relocate End           High               Low         
[103.492s][info][gc,heap     ] GC(172)  Capacity:     1024M (100%)       1024M (100%)       1024M (100%)       1024M (100%)       1024M (100%)       1024M (100%)   
[103.492s][info][gc,heap     ] GC(172)      Free:      560M (55%)         462M (45%)         388M (38%)         592M (58%)         592M (58%)         366M (36%)    
[103.492s][info][gc,heap     ] GC(172)      Used:      464M (45%)         562M (55%)         636M (62%)         432M (42%)         658M (64%)         432M (42%)    
[103.492s][info][gc,heap     ] GC(172)      Live:         -               217M (21%)         217M (21%)         217M (21%)            -                  -          
[103.492s][info][gc,heap     ] GC(172) Allocated:         -                98M (10%)         172M (17%)         198M (19%)            -                  -          
[103.492s][info][gc,heap     ] GC(172)   Garbage:         -               246M (24%)         246M (24%)          15M (1%)             -                  -          
[103.492s][info][gc,heap     ] GC(172) Reclaimed:         -                  -                 0M (0%)          230M (23%)            -                  -          
[103.492s][info][gc          ] GC(172) Garbage Collection (Allocation Rate) 464M(45%)->432M(42%)
[103.501s][info][gc,start    ] GC(173) Garbage Collection (Allocation Rate)
[103.501s][info][gc,task     ] GC(173) Using 10 workers
[103.502s][info][gc,phases   ] GC(173) Pause Mark Start 0.012ms
[103.626s][info][gc,phases   ] GC(173) Concurrent Mark 124.675ms
[103.626s][info][gc,phases   ] GC(173) Pause Mark End 0.018ms
[103.626s][info][gc,phases   ] GC(173) Concurrent Mark Free 0.001ms
[103.627s][info][gc,phases   ] GC(173) Concurrent Process Non-Strong References 0.343ms
[103.627s][info][gc,phases   ] GC(173) Concurrent Reset Relocation Set 0.033ms
[103.640s][info][gc,phases   ] GC(173) Concurrent Select Relocation Set 13.108ms
[103.640s][info][gc,phases   ] GC(173) Pause Relocate Start 0.008ms
[103.667s][info][gc,phases   ] GC(173) Concurrent Relocate 26.546ms
[103.667s][info][gc,load     ] GC(173) Load: 0.00/0.00/0.00
[103.667s][info][gc,mmu      ] GC(173) MMU: 2ms/95.8%, 5ms/98.3%, 10ms/99.2%, 20ms/99.6%, 50ms/99.8%, 100ms/99.9%
[103.667s][info][gc,marking  ] GC(173) Mark: 8 stripe(s), 2 proactive flush(es), 1 terminate flush(es), 0 completion(s), 0 continuation(s) 
[103.667s][info][gc,marking  ] GC(173) Mark Stack Usage: 32M
[103.667s][info][gc,nmethod  ] GC(173) NMethods: 756 registered, 19 unregistered
[103.667s][info][gc,metaspace] GC(173) Metaspace: 16M used, 16M committed, 1088M reserved
[103.667s][info][gc,ref      ] GC(173) Soft: 171 encountered, 0 discovered, 0 enqueued
[103.667s][info][gc,ref      ] GC(173) Weak: 968 encountered, 76 discovered, 0 enqueued
[103.667s][info][gc,ref      ] GC(173) Final: 0 encountered, 0 discovered, 0 enqueued
[103.667s][info][gc,ref      ] GC(173) Phantom: 35 encountered, 19 discovered, 0 enqueued
[103.667s][info][gc,reloc    ] GC(173) Small Pages: 221 / 442M, Empty: 0M, Relocated: 87M, In-Place: 0
[103.667s][info][gc,reloc    ] GC(173) Medium Pages: 0 / 0M, Empty: 0M, Relocated: 0M, In-Place: 0
[103.667s][info][gc,reloc    ] GC(173) Large Pages: 0 / 0M, Empty: 0M, Relocated: 0M, In-Place: 0
[103.667s][info][gc,reloc    ] GC(173) Forwarding Usage: 55M
[103.667s][info][gc,heap     ] GC(173) Min Capacity: 8M(1%)
[103.667s][info][gc,heap     ] GC(173) Max Capacity: 1024M(100%)
[103.667s][info][gc,heap     ] GC(173) Soft Max Capacity: 1024M(100%)
[103.667s][info][gc,heap     ] GC(173)                Mark Start          Mark End        Relocate Start      Relocate End           High               Low         
[103.667s][info][gc,heap     ] GC(173)  Capacity:     1024M (100%)       1024M (100%)       1024M (100%)       1024M (100%)       1024M (100%)       1024M (100%)   
[103.667s][info][gc,heap     ] GC(173)      Free:      582M (57%)         468M (46%)         450M (44%)         560M (55%)         582M (57%)         430M (42%)    
[103.668s][info][gc,heap     ] GC(173)      Used:      442M (43%)         556M (54%)         574M (56%)         464M (45%)         594M (58%)         442M (43%)    
[103.668s][info][gc,heap     ] GC(173)      Live:         -               293M (29%)         293M (29%)         293M (29%)            -                  -          
[103.668s][info][gc,heap     ] GC(173) Allocated:         -               114M (11%)         132M (13%)         151M (15%)            -                  -          
[103.668s][info][gc,heap     ] GC(173)   Garbage:         -               148M (14%)         148M (14%)          19M (2%)             -                  -          
[103.668s][info][gc,heap     ] GC(173) Reclaimed:         -                  -                 0M (0%)          129M (13%)            -                  -          
[103.668s][info][gc          ] GC(173) Garbage Collection (Allocation Rate) 442M(43%)->464M(45%)
[103.704s][info][gc,start    ] GC(174) Garbage Collection (Allocation Rate)
[103.705s][info][gc,task     ] GC(174) Using 10 workers
[103.705s][info][gc,phases   ] GC(174) Pause Mark Start 0.014ms
[103.845s][info][gc,phases   ] GC(174) Concurrent Mark 140.195ms
[103.845s][info][gc,phases   ] GC(174) Pause Mark End 0.014ms
[103.845s][info][gc,phases   ] GC(174) Concurrent Mark Free 0.001ms
[103.846s][info][gc,phases   ] GC(174) Concurrent Process Non-Strong References 0.348ms
[103.846s][info][gc,phases   ] GC(174) Concurrent Reset Relocation Set 0.018ms
[103.852s][info][gc,phases   ] GC(174) Concurrent Select Relocation Set 6.186ms
[103.852s][info][gc,phases   ] GC(174) Pause Relocate Start 0.007ms
[103.874s][info][gc,phases   ] GC(174) Concurrent Relocate 22.155ms
[103.874s][info][gc,load     ] GC(174) Load: 0.00/0.00/0.00
[103.874s][info][gc,mmu      ] GC(174) MMU: 2ms/95.8%, 5ms/98.3%, 10ms/99.2%, 20ms/99.6%, 50ms/99.8%, 100ms/99.9%
[103.874s][info][gc,marking  ] GC(174) Mark: 8 stripe(s), 2 proactive flush(es), 1 terminate flush(es), 0 completion(s), 0 continuation(s) 
[103.874s][info][gc,marking  ] GC(174) Mark Stack Usage: 32M
[103.874s][info][gc,nmethod  ] GC(174) NMethods: 756 registered, 19 unregistered
[103.874s][info][gc,metaspace] GC(174) Metaspace: 16M used, 16M committed, 1088M reserved
[103.874s][info][gc,ref      ] GC(174) Soft: 171 encountered, 0 discovered, 0 enqueued
[103.875s][info][gc,ref      ] GC(174) Weak: 968 encountered, 39 discovered, 0 enqueued
[103.875s][info][gc,ref      ] GC(174) Final: 0 encountered, 0 discovered, 0 enqueued
[103.875s][info][gc,ref      ] GC(174) Phantom: 35 encountered, 19 discovered, 0 enqueued
[103.875s][info][gc,reloc    ] GC(174) Small Pages: 252 / 504M, Empty: 0M, Relocated: 75M, In-Place: 0
[103.875s][info][gc,reloc    ] GC(174) Medium Pages: 0 / 0M, Empty: 0M, Relocated: 0M, In-Place: 0
[103.875s][info][gc,reloc    ] GC(174) Large Pages: 0 / 0M, Empty: 0M, Relocated: 0M, In-Place: 0
[103.875s][info][gc,reloc    ] GC(174) Forwarding Usage: 48M
[103.875s][info][gc,heap     ] GC(174) Min Capacity: 8M(1%)
[103.875s][info][gc,heap     ] GC(174) Max Capacity: 1024M(100%)
[103.875s][info][gc,heap     ] GC(174) Soft Max Capacity: 1024M(100%)
[103.875s][info][gc,heap     ] GC(174)                Mark Start          Mark End        Relocate Start      Relocate End           High               Low         
[103.875s][info][gc,heap     ] GC(174)  Capacity:     1024M (100%)       1024M (100%)       1024M (100%)       1024M (100%)       1024M (100%)       1024M (100%)   
[103.875s][info][gc,heap     ] GC(174)      Free:      520M (51%)         386M (38%)         378M (37%)         486M (47%)         520M (51%)         358M (35%)    
[103.875s][info][gc,heap     ] GC(174)      Used:      504M (49%)         638M (62%)         646M (63%)         538M (53%)         666M (65%)         504M (49%)    
[103.875s][info][gc,heap     ] GC(174)      Live:         -               362M (35%)         362M (35%)         362M (35%)            -                  -          
[103.875s][info][gc,heap     ] GC(174) Allocated:         -               134M (13%)         142M (14%)         155M (15%)            -                  -          
[103.875s][info][gc,heap     ] GC(174)   Garbage:         -               141M (14%)         141M (14%)          20M (2%)             -                  -          
[103.875s][info][gc,heap     ] GC(174) Reclaimed:         -                  -                 0M (0%)          121M (12%)            -                  -          
[103.875s][info][gc          ] GC(174) Garbage Collection (Allocation Rate) 504M(49%)->538M(53%)
[103.907s][info][gc,start    ] GC(175) Garbage Collection (Allocation Rate)
[103.908s][info][gc,task     ] GC(175) Using 10 workers
[103.908s][info][gc,phases   ] GC(175) Pause Mark Start 0.015ms
[104.064s][info][gc,phases   ] GC(175) Concurrent Mark 155.886ms
[104.064s][info][gc,phases   ] GC(175) Pause Mark End 0.013ms
[104.064s][info][gc,phases   ] GC(175) Concurrent Mark Free 0.001ms
[104.064s][info][gc,phases   ] GC(175) Concurrent Process Non-Strong References 0.329ms
[104.064s][info][gc,phases   ] GC(175) Concurrent Reset Relocation Set 0.017ms
[104.069s][info][gc,phases   ] GC(175) Concurrent Select Relocation Set 4.919ms
[104.069s][info][gc,phases   ] GC(175) Pause Relocate Start 0.005ms
[104.089s][info][gc,phases   ] GC(175) Concurrent Relocate 19.554ms
[104.089s][info][gc,load     ] GC(175) Load: 0.00/0.00/0.00
[104.089s][info][gc,mmu      ] GC(175) MMU: 2ms/95.8%, 5ms/98.3%, 10ms/99.2%, 20ms/99.6%, 50ms/99.8%, 100ms/99.9%
[104.089s][info][gc,marking  ] GC(175) Mark: 8 stripe(s), 2 proactive flush(es), 1 terminate flush(es), 0 completion(s), 0 continuation(s) 
[104.089s][info][gc,marking  ] GC(175) Mark Stack Usage: 32M
[104.089s][info][gc,nmethod  ] GC(175) NMethods: 756 registered, 19 unregistered
[104.089s][info][gc,metaspace] GC(175) Metaspace: 16M used, 16M committed, 1088M reserved
[104.089s][info][gc,ref      ] GC(175) Soft: 171 encountered, 0 discovered, 0 enqueued
[104.089s][info][gc,ref      ] GC(175) Weak: 968 encountered, 37 discovered, 0 enqueued
[104.089s][info][gc,ref      ] GC(175) Final: 0 encountered, 0 discovered, 0 enqueued
[104.089s][info][gc,ref      ] GC(175) Phantom: 35 encountered, 19 discovered, 0 enqueued
[104.089s][info][gc,reloc    ] GC(175) Small Pages: 287 / 574M, Empty: 0M, Relocated: 73M, In-Place: 0
[104.089s][info][gc,reloc    ] GC(175) Medium Pages: 0 / 0M, Empty: 0M, Relocated: 0M, In-Place: 0
[104.089s][info][gc,reloc    ] GC(175) Large Pages: 0 / 0M, Empty: 0M, Relocated: 0M, In-Place: 0
[104.089s][info][gc,reloc    ] GC(175) Forwarding Usage: 47M
[104.089s][info][gc,heap     ] GC(175) Min Capacity: 8M(1%)
[104.089s][info][gc,heap     ] GC(175) Max Capacity: 1024M(100%)
[104.090s][info][gc,heap     ] GC(175) Soft Max Capacity: 1024M(100%)
[104.090s][info][gc,heap     ] GC(175)                Mark Start          Mark End        Relocate Start      Relocate End           High               Low         
[104.090s][info][gc,heap     ] GC(175)  Capacity:     1024M (100%)       1024M (100%)       1024M (100%)       1024M (100%)       1024M (100%)       1024M (100%)   
[104.090s][info][gc,heap     ] GC(175)      Free:      450M (44%)         316M (31%)         310M (30%)         414M (40%)         450M (44%)         290M (28%)    
[104.090s][info][gc,heap     ] GC(175)      Used:      574M (56%)         708M (69%)         714M (70%)         610M (60%)         734M (72%)         574M (56%)    
[104.090s][info][gc,heap     ] GC(175)      Live:         -               430M (42%)         430M (42%)         430M (42%)            -                  -          
[104.090s][info][gc,heap     ] GC(175) Allocated:         -               134M (13%)         140M (14%)         151M (15%)            -                  -          
[104.090s][info][gc,heap     ] GC(175)   Garbage:         -               143M (14%)         143M (14%)          27M (3%)             -                  -          
[104.090s][info][gc,heap     ] GC(175) Reclaimed:         -                  -                 0M (0%)          115M (11%)            -                  -          
[104.090s][info][gc          ] GC(175) Garbage Collection (Allocation Rate) 574M(56%)->610M(60%)
[104.111s][info][gc,start    ] GC(176) Garbage Collection (Allocation Rate)
[104.111s][info][gc,task     ] GC(176) Using 10 workers
[104.111s][info][gc,phases   ] GC(176) Pause Mark Start 0.017ms
[104.298s][info][gc,phases   ] GC(176) Concurrent Mark 187.176ms
[104.298s][info][gc,phases   ] GC(176) Pause Mark End 0.015ms
[104.298s][info][gc,phases   ] GC(176) Concurrent Mark Free 0.001ms
[104.299s][info][gc,phases   ] GC(176) Concurrent Process Non-Strong References 0.375ms
[104.299s][info][gc,phases   ] GC(176) Concurrent Reset Relocation Set 0.030ms
[104.304s][info][gc,phases   ] GC(176) Concurrent Select Relocation Set 5.184ms
[104.304s][info][gc,phases   ] GC(176) Pause Relocate Start 0.008ms
[104.327s][info][gc,phases   ] GC(176) Concurrent Relocate 23.100ms
[104.327s][info][gc,load     ] GC(176) Load: 0.00/0.00/0.00
[104.327s][info][gc,mmu      ] GC(176) MMU: 2ms/95.8%, 5ms/98.3%, 10ms/99.2%, 20ms/99.6%, 50ms/99.8%, 100ms/99.9%
[104.327s][info][gc,marking  ] GC(176) Mark: 8 stripe(s), 3 proactive flush(es), 1 terminate flush(es), 0 completion(s), 0 continuation(s) 
[104.327s][info][gc,marking  ] GC(176) Mark Stack Usage: 32M
[104.327s][info][gc,nmethod  ] GC(176) NMethods: 756 registered, 19 unregistered
[104.327s][info][gc,metaspace] GC(176) Metaspace: 16M used, 16M committed, 1088M reserved
[104.327s][info][gc,ref      ] GC(176) Soft: 171 encountered, 0 discovered, 0 enqueued
[104.327s][info][gc,ref      ] GC(176) Weak: 968 encountered, 33 discovered, 0 enqueued
[104.328s][info][gc,ref      ] GC(176) Final: 0 encountered, 0 discovered, 0 enqueued
[104.328s][info][gc,ref      ] GC(176) Phantom: 35 encountered, 27 discovered, 0 enqueued
[104.328s][info][gc,reloc    ] GC(176) Small Pages: 316 / 632M, Empty: 0M, Relocated: 73M, In-Place: 0
[104.328s][info][gc,reloc    ] GC(176) Medium Pages: 0 / 0M, Empty: 0M, Relocated: 0M, In-Place: 0
[104.328s][info][gc,reloc    ] GC(176) Large Pages: 0 / 0M, Empty: 0M, Relocated: 0M, In-Place: 0
[104.328s][info][gc,reloc    ] GC(176) Forwarding Usage: 45M
[104.328s][info][gc,heap     ] GC(176) Min Capacity: 8M(1%)
[104.328s][info][gc,heap     ] GC(176) Max Capacity: 1024M(100%)
[104.328s][info][gc,heap     ] GC(176) Soft Max Capacity: 1024M(100%)
[104.328s][info][gc,heap     ] GC(176)                Mark Start          Mark End        Relocate Start      Relocate End           High               Low         
[104.328s][info][gc,heap     ] GC(176)  Capacity:     1024M (100%)       1024M (100%)       1024M (100%)       1024M (100%)       1024M (100%)       1024M (100%)   
[104.328s][info][gc,heap     ] GC(176)      Free:      392M (38%)         216M (21%)         210M (21%)         298M (29%)         392M (38%)         190M (19%)    
[104.328s][info][gc,heap     ] GC(176)      Used:      632M (62%)         808M (79%)         814M (79%)         726M (71%)         834M (81%)         632M (62%)    
[104.328s][info][gc,heap     ] GC(176)      Live:         -               492M (48%)         492M (48%)         492M (48%)            -                  -          
[104.328s][info][gc,heap     ] GC(176) Allocated:         -               176M (17%)         182M (18%)         199M (19%)            -                  -          
[104.328s][info][gc,heap     ] GC(176)   Garbage:         -               139M (14%)         139M (14%)          34M (3%)             -                  -          
[104.328s][info][gc,heap     ] GC(176) Reclaimed:         -                  -                 0M (0%)          105M (10%)            -                  -          
[104.328s][info][gc          ] GC(176) Garbage Collection (Allocation Rate) 632M(62%)->726M(71%)
[104.407s][info][gc,start    ] GC(177) Garbage Collection (Allocation Rate)
[104.407s][info][gc,task     ] GC(177) Using 10 workers
[104.408s][info][gc,phases   ] GC(177) Pause Mark Start 0.016ms
[104.579s][info][gc,phases   ] GC(177) Concurrent Mark 171.505ms
[104.579s][info][gc,phases   ] GC(177) Pause Mark End 0.017ms
[104.579s][info][gc,phases   ] GC(177) Concurrent Mark Free 0.001ms
[104.580s][info][gc,phases   ] GC(177) Concurrent Process Non-Strong References 0.409ms
[104.580s][info][gc,phases   ] GC(177) Concurrent Reset Relocation Set 0.017ms
[104.630s][info][gc,phases   ] GC(177) Concurrent Select Relocation Set 50.406ms
[104.630s][info][gc,phases   ] GC(177) Pause Relocate Start 0.013ms
[104.661s][info][gc,phases   ] GC(177) Concurrent Relocate 30.595ms
[104.661s][info][gc,load     ] GC(177) Load: 0.00/0.00/0.00
[104.661s][info][gc,mmu      ] GC(177) MMU: 2ms/95.8%, 5ms/98.3%, 10ms/99.2%, 20ms/99.6%, 50ms/99.8%, 100ms/99.9%
[104.661s][info][gc,marking  ] GC(177) Mark: 8 stripe(s), 2 proactive flush(es), 1 terminate flush(es), 0 completion(s), 0 continuation(s) 
[104.661s][info][gc,marking  ] GC(177) Mark Stack Usage: 32M
[104.661s][info][gc,nmethod  ] GC(177) NMethods: 756 registered, 19 unregistered
[104.661s][info][gc,metaspace] GC(177) Metaspace: 16M used, 16M committed, 1088M reserved
[104.661s][info][gc,ref      ] GC(177) Soft: 171 encountered, 0 discovered, 0 enqueued
[104.661s][info][gc,ref      ] GC(177) Weak: 968 encountered, 84 discovered, 0 enqueued
[104.661s][info][gc,ref      ] GC(177) Final: 0 encountered, 0 discovered, 0 enqueued
[104.661s][info][gc,ref      ] GC(177) Phantom: 35 encountered, 25 discovered, 0 enqueued
[104.661s][info][gc,reloc    ] GC(177) Small Pages: 375 / 750M, Empty: 0M, Relocated: 88M, In-Place: 0
[104.661s][info][gc,reloc    ] GC(177) Medium Pages: 0 / 0M, Empty: 0M, Relocated: 0M, In-Place: 0
[104.661s][info][gc,reloc    ] GC(177) Large Pages: 1 / 6M, Empty: 0M, Relocated: 0M, In-Place: 0
[104.661s][info][gc,reloc    ] GC(177) Forwarding Usage: 56M
[104.661s][info][gc,heap     ] GC(177) Min Capacity: 8M(1%)
[104.661s][info][gc,heap     ] GC(177) Max Capacity: 1024M(100%)
[104.661s][info][gc,heap     ] GC(177) Soft Max Capacity: 1024M(100%)
[104.661s][info][gc,heap     ] GC(177)                Mark Start          Mark End        Relocate Start      Relocate End           High               Low         
[104.661s][info][gc,heap     ] GC(177)  Capacity:     1024M (100%)       1024M (100%)       1024M (100%)       1024M (100%)       1024M (100%)       1024M (100%)   
[104.661s][info][gc,heap     ] GC(177)      Free:      268M (26%)         188M (18%)         186M (18%)         318M (31%)         318M (31%)         166M (16%)    
[104.661s][info][gc,heap     ] GC(177)      Used:      756M (74%)         836M (82%)         838M (82%)         706M (69%)         858M (84%)         706M (69%)    
[104.661s][info][gc,heap     ] GC(177)      Live:         -               575M (56%)         575M (56%)         575M (56%)            -                  -          
[104.661s][info][gc,heap     ] GC(177) Allocated:         -                80M (8%)           82M (8%)           83M (8%)             -                  -          
[104.661s][info][gc,heap     ] GC(177)   Garbage:         -               180M (18%)         180M (18%)          46M (5%)             -                  -          
[104.661s][info][gc,heap     ] GC(177) Reclaimed:         -                  -                 0M (0%)          133M (13%)            -                  -          
[104.661s][info][gc          ] GC(177) Garbage Collection (Allocation Rate) 756M(74%)->706M(69%)
[104.704s][info][gc,start    ] GC(178) Garbage Collection (Allocation Rate)
[104.704s][info][gc,task     ] GC(178) Using 10 workers
[104.704s][info][gc,phases   ] GC(178) Pause Mark Start 0.018ms
[104.942s][info][gc,phases   ] GC(178) Concurrent Mark 237.608ms
[104.942s][info][gc,phases   ] GC(178) Pause Mark End 0.026ms
[104.942s][info][gc,phases   ] GC(178) Concurrent Mark Free 0.001ms
[104.943s][info][gc,phases   ] GC(178) Concurrent Process Non-Strong References 0.372ms
[104.943s][info][gc,phases   ] GC(178) Concurrent Reset Relocation Set 0.016ms
[104.953s][info][gc,phases   ] GC(178) Concurrent Select Relocation Set 10.230ms
[104.953s][info][gc,phases   ] GC(178) Pause Relocate Start 0.008ms
[104.958s][info][gc,phases   ] GC(178) Concurrent Relocate 4.560ms
[104.958s][info][gc,load     ] GC(178) Load: 0.00/0.00/0.00
[104.958s][info][gc,mmu      ] GC(178) MMU: 2ms/95.8%, 5ms/98.3%, 10ms/99.2%, 20ms/99.6%, 50ms/99.8%, 100ms/99.9%
[104.958s][info][gc,marking  ] GC(178) Mark: 8 stripe(s), 2 proactive flush(es), 1 terminate flush(es), 0 completion(s), 0 continuation(s) 
[104.983s][info][gc,marking  ] GC(178) Mark Stack Usage: 32M
[104.983s][info][gc,nmethod  ] GC(178) NMethods: 756 registered, 19 unregistered
[104.983s][info][gc,metaspace] GC(178) Metaspace: 16M used, 16M committed, 1088M reserved
[104.983s][info][gc,ref      ] GC(178) Soft: 171 encountered, 0 discovered, 0 enqueued
[104.983s][info][gc,ref      ] GC(178) Weak: 971 encountered, 204 discovered, 1 enqueued
[104.983s][info][gc,ref      ] GC(178) Final: 0 encountered, 0 discovered, 0 enqueued
[104.983s][info][gc,ref      ] GC(178) Phantom: 35 encountered, 17 discovered, 0 enqueued
[104.983s][info][gc,reloc    ] GC(178) Small Pages: 349 / 698M, Empty: 0M, Relocated: 5M, In-Place: 0
[104.983s][info][gc,reloc    ] GC(178) Medium Pages: 0 / 0M, Empty: 0M, Relocated: 0M, In-Place: 0
[104.983s][info][gc,reloc    ] GC(178) Large Pages: 2 / 12M, Empty: 0M, Relocated: 0M, In-Place: 0
[104.983s][info][gc,reloc    ] GC(178) Forwarding Usage: 2M
[104.983s][info][gc,heap     ] GC(178) Min Capacity: 8M(1%)
[104.983s][info][gc,heap     ] GC(178) Max Capacity: 1024M(100%)
[104.983s][info][gc,heap     ] GC(178) Soft Max Capacity: 1024M(100%)
[104.983s][info][gc,heap     ] GC(178)                Mark Start          Mark End        Relocate Start      Relocate End           High               Low         
[104.983s][info][gc,heap     ] GC(178)  Capacity:     1024M (100%)       1024M (100%)       1024M (100%)       1024M (100%)       1024M (100%)       1024M (100%)   
[104.983s][info][gc,heap     ] GC(178)      Free:      314M (31%)         300M (29%)         290M (28%)         288M (28%)         314M (31%)         272M (27%)    
[104.983s][info][gc,heap     ] GC(178)      Used:      710M (69%)         724M (71%)         734M (72%)         736M (72%)         752M (73%)         710M (69%)    
[104.983s][info][gc,heap     ] GC(178)      Live:         -               635M (62%)         635M (62%)         635M (62%)            -                  -          
[104.983s][info][gc,heap     ] GC(178) Allocated:         -                14M (1%)           24M (2%)           26M (3%)             -                  -          
[104.983s][info][gc,heap     ] GC(178)   Garbage:         -                74M (7%)           74M (7%)           74M (7%)             -                  -          
[104.983s][info][gc,heap     ] GC(178) Reclaimed:         -                  -                 0M (0%)            0M (0%)             -                  -          
[104.983s][info][gc          ] GC(178) Garbage Collection (Allocation Rate) 710M(69%)->736M(72%)
[105.005s][info][gc,start    ] GC(179) Garbage Collection (Allocation Rate)
[105.005s][info][gc,task     ] GC(179) Using 10 workers
[105.005s][info][gc,phases   ] GC(179) Pause Mark Start 0.015ms
[105.192s][info][gc,phases   ] GC(179) Concurrent Mark 187.129ms
[105.192s][info][gc,phases   ] GC(179) Pause Mark End 0.021ms
[105.192s][info][gc,phases   ] GC(179) Concurrent Mark Free 0.001ms
[105.193s][info][gc,phases   ] GC(179) Concurrent Process Non-Strong References 0.384ms
[105.193s][info][gc,phases   ] GC(179) Concurrent Reset Relocation Set 0.001ms
[105.199s][info][gc,phases   ] GC(179) Concurrent Select Relocation Set 6.600ms
[105.199s][info][gc,phases   ] GC(179) Pause Relocate Start 0.010ms
[105.204s][info][gc,phases   ] GC(179) Concurrent Relocate 4.674ms
[105.204s][info][gc,load     ] GC(179) Load: 0.00/0.00/0.00
[105.204s][info][gc,mmu      ] GC(179) MMU: 2ms/95.8%, 5ms/98.3%, 10ms/99.2%, 20ms/99.6%, 50ms/99.8%, 100ms/99.9%
[105.204s][info][gc,marking  ] GC(179) Mark: 8 stripe(s), 3 proactive flush(es), 1 terminate flush(es), 0 completion(s), 0 continuation(s) 
[105.204s][info][gc,marking  ] GC(179) Mark Stack Usage: 32M
[105.204s][info][gc,nmethod  ] GC(179) NMethods: 756 registered, 19 unregistered
[105.204s][info][gc,metaspace] GC(179) Metaspace: 16M used, 16M committed, 1088M reserved
[105.204s][info][gc,ref      ] GC(179) Soft: 171 encountered, 0 discovered, 0 enqueued
[105.204s][info][gc,ref      ] GC(179) Weak: 970 encountered, 50 discovered, 0 enqueued
[105.204s][info][gc,ref      ] GC(179) Final: 0 encountered, 0 discovered, 0 enqueued
[105.204s][info][gc,ref      ] GC(179) Phantom: 35 encountered, 17 discovered, 0 enqueued
[105.204s][info][gc,reloc    ] GC(179) Small Pages: 380 / 760M, Empty: 14M, Relocated: 10M, In-Place: 0
[105.204s][info][gc,reloc    ] GC(179) Medium Pages: 0 / 0M, Empty: 0M, Relocated: 0M, In-Place: 0
[105.204s][info][gc,reloc    ] GC(179) Large Pages: 2 / 12M, Empty: 6M, Relocated: 0M, In-Place: 0
[105.204s][info][gc,reloc    ] GC(179) Forwarding Usage: 4M
[105.204s][info][gc,heap     ] GC(179) Min Capacity: 8M(1%)
[105.204s][info][gc,heap     ] GC(179) Max Capacity: 1024M(100%)
[105.204s][info][gc,heap     ] GC(179) Soft Max Capacity: 1024M(100%)
[105.204s][info][gc,heap     ] GC(179)                Mark Start          Mark End        Relocate Start      Relocate End           High               Low         
[105.204s][info][gc,heap     ] GC(179)  Capacity:     1024M (100%)       1024M (100%)       1024M (100%)       1024M (100%)       1024M (100%)       1024M (100%)   
[105.204s][info][gc,heap     ] GC(179)      Free:      252M (25%)         142M (14%)         156M (15%)         208M (20%)         252M (25%)         138M (13%)    
[105.204s][info][gc,heap     ] GC(179)      Used:      772M (75%)         882M (86%)         868M (85%)         816M (80%)         886M (87%)         772M (75%)    
[105.204s][info][gc,heap     ] GC(179)      Live:         -               622M (61%)         622M (61%)         622M (61%)            -                  -          
[105.204s][info][gc,heap     ] GC(179) Allocated:         -               110M (11%)         116M (11%)         117M (12%)            -                  -          
[105.204s][info][gc,heap     ] GC(179)   Garbage:         -               149M (15%)         129M (13%)          75M (7%)             -                  -          
[105.204s][info][gc,heap     ] GC(179) Reclaimed:         -                  -                20M (2%)           73M (7%)             -                  -          
[105.204s][info][gc          ] GC(179) Garbage Collection (Allocation Rate) 772M(75%)->816M(80%)
[105.208s][info][gc,start    ] GC(180) Garbage Collection (Allocation Rate)
[105.208s][info][gc,task     ] GC(180) Using 10 workers
[105.208s][info][gc,phases   ] GC(180) Pause Mark Start 0.011ms
[105.395s][info][gc,phases   ] GC(180) Concurrent Mark 187.285ms
[105.395s][info][gc,phases   ] GC(180) Pause Mark End 0.019ms
[105.395s][info][gc,phases   ] GC(180) Concurrent Mark Free 0.001ms
[105.396s][info][gc,phases   ] GC(180) Concurrent Process Non-Strong References 0.376ms
[105.396s][info][gc,phases   ] GC(180) Concurrent Reset Relocation Set 0.007ms
[105.405s][info][gc,phases   ] GC(180) Concurrent Select Relocation Set 9.207ms
[105.405s][info][gc,phases   ] GC(180) Pause Relocate Start 0.010ms
[105.410s][info][gc,phases   ] GC(180) Concurrent Relocate 5.034ms
[105.410s][info][gc,load     ] GC(180) Load: 0.00/0.00/0.00
[105.410s][info][gc,mmu      ] GC(180) MMU: 2ms/95.8%, 5ms/98.3%, 10ms/99.2%, 20ms/99.6%, 50ms/99.8%, 100ms/99.9%
[105.410s][info][gc,marking  ] GC(180) Mark: 8 stripe(s), 2 proactive flush(es), 1 terminate flush(es), 0 completion(s), 0 continuation(s) 
[105.410s][info][gc,marking  ] GC(180) Mark Stack Usage: 32M
[105.410s][info][gc,nmethod  ] GC(180) NMethods: 756 registered, 19 unregistered
[105.410s][info][gc,metaspace] GC(180) Metaspace: 16M used, 16M committed, 1088M reserved
[105.410s][info][gc,ref      ] GC(180) Soft: 171 encountered, 0 discovered, 0 enqueued
[105.410s][info][gc,ref      ] GC(180) Weak: 970 encountered, 83 discovered, 0 enqueued
[105.410s][info][gc,ref      ] GC(180) Final: 0 encountered, 0 discovered, 0 enqueued
[105.411s][info][gc,ref      ] GC(180) Phantom: 35 encountered, 23 discovered, 0 enqueued
[105.411s][info][gc,reloc    ] GC(180) Small Pages: 407 / 814M, Empty: 8M, Relocated: 12M, In-Place: 0
[105.411s][info][gc,reloc    ] GC(180) Medium Pages: 0 / 0M, Empty: 0M, Relocated: 0M, In-Place: 0
[105.411s][info][gc,reloc    ] GC(180) Large Pages: 1 / 6M, Empty: 0M, Relocated: 0M, In-Place: 0
[105.411s][info][gc,reloc    ] GC(180) Forwarding Usage: 4M
[105.411s][info][gc,heap     ] GC(180) Min Capacity: 8M(1%)
[105.411s][info][gc,heap     ] GC(180) Max Capacity: 1024M(100%)
[105.411s][info][gc,heap     ] GC(180) Soft Max Capacity: 1024M(100%)
[105.411s][info][gc,heap     ] GC(180)                Mark Start          Mark End        Relocate Start      Relocate End           High               Low         
[105.411s][info][gc,heap     ] GC(180)  Capacity:     1024M (100%)       1024M (100%)       1024M (100%)       1024M (100%)       1024M (100%)       1024M (100%)   
[105.411s][info][gc,heap     ] GC(180)      Free:      204M (20%)          90M (9%)           90M (9%)          212M (21%)         212M (21%)          70M (7%)     
[105.411s][info][gc,heap     ] GC(180)      Used:      820M (80%)         934M (91%)         934M (91%)         812M (79%)         954M (93%)         812M (79%)    
[105.411s][info][gc,heap     ] GC(180)      Live:         -               604M (59%)         604M (59%)         604M (59%)            -                  -          
[105.411s][info][gc,heap     ] GC(180) Allocated:         -               114M (11%)         122M (12%)         123M (12%)            -                  -          
[105.411s][info][gc,heap     ] GC(180)   Garbage:         -               215M (21%)         207M (20%)          83M (8%)             -                  -          
[105.411s][info][gc,heap     ] GC(180) Reclaimed:         -                  -                 8M (1%)          131M (13%)            -                  -          
[105.411s][info][gc          ] GC(180) Garbage Collection (Allocation Rate) 820M(80%)->812M(79%)
[105.504s][info][gc,start    ] GC(181) Garbage Collection (Allocation Rate)
[105.505s][info][gc,task     ] GC(181) Using 10 workers
[105.505s][info][gc,phases   ] GC(181) Pause Mark Start 0.016ms
[105.676s][info][gc,phases   ] GC(181) Concurrent Mark 171.434ms
[105.676s][info][gc,phases   ] GC(181) Pause Mark End 0.020ms
[105.676s][info][gc,phases   ] GC(181) Concurrent Mark Free 0.002ms
[105.677s][info][gc,phases   ] GC(181) Concurrent Process Non-Strong References 0.418ms
[105.677s][info][gc,phases   ] GC(181) Concurrent Reset Relocation Set 0.012ms
[105.681s][info][gc,phases   ] GC(181) Concurrent Select Relocation Set 3.676ms
[105.681s][info][gc,phases   ] GC(181) Pause Relocate Start 0.004ms
[105.685s][info][gc,phases   ] GC(181) Concurrent Relocate 3.929ms
[105.685s][info][gc,load     ] GC(181) Load: 0.00/0.00/0.00
[105.685s][info][gc,mmu      ] GC(181) MMU: 2ms/95.8%, 5ms/98.3%, 10ms/99.2%, 20ms/99.6%, 50ms/99.8%, 100ms/99.9%
[105.685s][info][gc,marking  ] GC(181) Mark: 8 stripe(s), 2 proactive flush(es), 1 terminate flush(es), 0 completion(s), 0 continuation(s) 
[105.685s][info][gc,marking  ] GC(181) Mark Stack Usage: 32M
[105.685s][info][gc,nmethod  ] GC(181) NMethods: 756 registered, 19 unregistered
[105.685s][info][gc,metaspace] GC(181) Metaspace: 16M used, 16M committed, 1088M reserved
[105.685s][info][gc,ref      ] GC(181) Soft: 171 encountered, 0 discovered, 0 enqueued
[105.685s][info][gc,ref      ] GC(181) Weak: 970 encountered, 38 discovered, 0 enqueued
[105.685s][info][gc,ref      ] GC(181) Final: 0 encountered, 0 discovered, 0 enqueued
[105.685s][info][gc,ref      ] GC(181) Phantom: 35 encountered, 19 discovered, 0 enqueued
[105.685s][info][gc,reloc    ] GC(181) Small Pages: 441 / 882M, Empty: 18M, Relocated: 10M, In-Place: 0
[105.685s][info][gc,reloc    ] GC(181) Medium Pages: 0 / 0M, Empty: 0M, Relocated: 0M, In-Place: 0
[105.685s][info][gc,reloc    ] GC(181) Large Pages: 1 / 6M, Empty: 0M, Relocated: 0M, In-Place: 0
[105.685s][info][gc,reloc    ] GC(181) Forwarding Usage: 4M
[105.685s][info][gc,heap     ] GC(181) Min Capacity: 8M(1%)
[105.685s][info][gc,heap     ] GC(181) Max Capacity: 1024M(100%)
[105.685s][info][gc,heap     ] GC(181) Soft Max Capacity: 1024M(100%)
[105.685s][info][gc,heap     ] GC(181)                Mark Start          Mark End        Relocate Start      Relocate End           High               Low         
[105.685s][info][gc,heap     ] GC(181)  Capacity:     1024M (100%)       1024M (100%)       1024M (100%)       1024M (100%)       1024M (100%)       1024M (100%)   
[105.685s][info][gc,heap     ] GC(181)      Free:      136M (13%)          38M (4%)           52M (5%)          254M (25%)         254M (25%)          32M (3%)     
[105.685s][info][gc,heap     ] GC(181)      Used:      888M (87%)         986M (96%)         972M (95%)         770M (75%)         992M (97%)         770M (75%)    
[105.685s][info][gc,heap     ] GC(181)      Live:         -               574M (56%)         574M (56%)         574M (56%)            -                  -          
[105.685s][info][gc,heap     ] GC(181) Allocated:         -                98M (10%)         102M (10%)         101M (10%)            -                  -          
[105.686s][info][gc,heap     ] GC(181)   Garbage:         -               313M (31%)         295M (29%)          93M (9%)             -                  -          
[105.686s][info][gc,heap     ] GC(181) Reclaimed:         -                  -                18M (2%)          219M (21%)            -                  -          
[105.686s][info][gc          ] GC(181) Garbage Collection (Allocation Rate) 888M(87%)->770M(75%)
[105.708s][info][gc,start    ] GC(182) Garbage Collection (Allocation Rate)
[105.708s][info][gc,task     ] GC(182) Using 10 workers
[105.708s][info][gc,phases   ] GC(182) Pause Mark Start 0.011ms
[105.848s][info][gc,phases   ] GC(182) Concurrent Mark 140.248ms
[105.848s][info][gc,phases   ] GC(182) Pause Mark End 0.016ms
[105.848s][info][gc,phases   ] GC(182) Concurrent Mark Free 0.001ms
[105.849s][info][gc,phases   ] GC(182) Concurrent Process Non-Strong References 0.328ms
[105.849s][info][gc,phases   ] GC(182) Concurrent Reset Relocation Set 0.016ms
[105.859s][info][gc,phases   ] GC(182) Concurrent Select Relocation Set 10.453ms
[105.859s][info][gc,phases   ] GC(182) Pause Relocate Start 0.009ms
[105.865s][info][gc,phases   ] GC(182) Concurrent Relocate 5.997ms
[105.865s][info][gc,load     ] GC(182) Load: 0.00/0.00/0.00
[105.865s][info][gc,mmu      ] GC(182) MMU: 2ms/95.8%, 5ms/98.3%, 10ms/99.2%, 20ms/99.6%, 50ms/99.8%, 100ms/99.9%
[105.865s][info][gc,marking  ] GC(182) Mark: 8 stripe(s), 2 proactive flush(es), 1 terminate flush(es), 0 completion(s), 0 continuation(s) 
[105.865s][info][gc,marking  ] GC(182) Mark Stack Usage: 32M
[105.865s][info][gc,nmethod  ] GC(182) NMethods: 756 registered, 19 unregistered
[105.865s][info][gc,metaspace] GC(182) Metaspace: 16M used, 16M committed, 1088M reserved
[105.866s][info][gc,ref      ] GC(182) Soft: 171 encountered, 0 discovered, 0 enqueued
[105.866s][info][gc,ref      ] GC(182) Weak: 970 encountered, 47 discovered, 0 enqueued
[105.866s][info][gc,ref      ] GC(182) Final: 0 encountered, 0 discovered, 0 enqueued
[105.866s][info][gc,ref      ] GC(182) Phantom: 35 encountered, 29 discovered, 0 enqueued
[105.866s][info][gc,reloc    ] GC(182) Small Pages: 389 / 778M, Empty: 10M, Relocated: 13M, In-Place: 0
[105.866s][info][gc,reloc    ] GC(182) Medium Pages: 0 / 0M, Empty: 0M, Relocated: 0M, In-Place: 0
[105.866s][info][gc,reloc    ] GC(182) Large Pages: 1 / 6M, Empty: 0M, Relocated: 0M, In-Place: 0
[105.866s][info][gc,reloc    ] GC(182) Forwarding Usage: 6M
[105.866s][info][gc,heap     ] GC(182) Min Capacity: 8M(1%)
[105.866s][info][gc,heap     ] GC(182) Max Capacity: 1024M(100%)
[105.866s][info][gc,heap     ] GC(182) Soft Max Capacity: 1024M(100%)
[105.866s][info][gc,heap     ] GC(182)                Mark Start          Mark End        Relocate Start      Relocate End           High               Low         
[105.866s][info][gc,heap     ] GC(182)  Capacity:     1024M (100%)       1024M (100%)       1024M (100%)       1024M (100%)       1024M (100%)       1024M (100%)   
[105.866s][info][gc,heap     ] GC(182)      Free:      240M (23%)         164M (16%)         164M (16%)         284M (28%)         284M (28%)         144M (14%)    
[105.866s][info][gc,heap     ] GC(182)      Used:      784M (77%)         860M (84%)         860M (84%)         740M (72%)         880M (86%)         740M (72%)    
[105.866s][info][gc,heap     ] GC(182)      Live:         -               557M (54%)         557M (54%)         557M (54%)            -                  -          
[105.866s][info][gc,heap     ] GC(182) Allocated:         -                76M (7%)           86M (8%)           89M (9%)             -                  -          
[105.866s][info][gc,heap     ] GC(182)   Garbage:         -               226M (22%)         216M (21%)          92M (9%)             -                  -          
[105.866s][info][gc,heap     ] GC(182) Reclaimed:         -                  -                10M (1%)          133M (13%)            -                  -          
[105.866s][info][gc          ] GC(182) Garbage Collection (Allocation Rate) 784M(77%)->740M(72%)
[105.911s][info][gc,start    ] GC(183) Garbage Collection (Allocation Rate)
[105.911s][info][gc,task     ] GC(183) Using 10 workers
[105.911s][info][gc,phases   ] GC(183) Pause Mark Start 0.015ms
[106.051s][info][gc,phases   ] GC(183) Concurrent Mark 140.186ms
[106.051s][info][gc,phases   ] GC(183) Pause Mark End 0.022ms
[106.051s][info][gc,phases   ] GC(183) Concurrent Mark Free 0.001ms
[106.052s][info][gc,phases   ] GC(183) Concurrent Process Non-Strong References 0.396ms
[106.052s][info][gc,phases   ] GC(183) Concurrent Reset Relocation Set 0.011ms
[106.055s][info][gc,phases   ] GC(183) Concurrent Select Relocation Set 3.529ms
[106.056s][info][gc,phases   ] GC(183) Pause Relocate Start 0.006ms
[106.059s][info][gc,phases   ] GC(183) Concurrent Relocate 3.832ms
[106.059s][info][gc,load     ] GC(183) Load: 0.00/0.00/0.00
[106.060s][info][gc,mmu      ] GC(183) MMU: 2ms/95.8%, 5ms/98.3%, 10ms/99.2%, 20ms/99.6%, 50ms/99.8%, 100ms/99.9%
[106.060s][info][gc,marking  ] GC(183) Mark: 8 stripe(s), 2 proactive flush(es), 1 terminate flush(es), 0 completion(s), 0 continuation(s) 
[106.060s][info][gc,marking  ] GC(183) Mark Stack Usage: 32M
[106.060s][info][gc,nmethod  ] GC(183) NMethods: 756 registered, 19 unregistered
[106.060s][info][gc,metaspace] GC(183) Metaspace: 16M used, 16M committed, 1088M reserved
[106.060s][info][gc,ref      ] GC(183) Soft: 171 encountered, 0 discovered, 0 enqueued
[106.060s][info][gc,ref      ] GC(183) Weak: 970 encountered, 32 discovered, 0 enqueued
[106.060s][info][gc,ref      ] GC(183) Final: 0 encountered, 0 discovered, 0 enqueued
[106.060s][info][gc,ref      ] GC(183) Phantom: 35 encountered, 23 discovered, 0 enqueued
[106.060s][info][gc,reloc    ] GC(183) Small Pages: 385 / 770M, Empty: 10M, Relocated: 12M, In-Place: 0
[106.060s][info][gc,reloc    ] GC(183) Medium Pages: 0 / 0M, Empty: 0M, Relocated: 0M, In-Place: 0
[106.060s][info][gc,reloc    ] GC(183) Large Pages: 1 / 6M, Empty: 0M, Relocated: 0M, In-Place: 0
[106.060s][info][gc,reloc    ] GC(183) Forwarding Usage: 5M
[106.060s][info][gc,heap     ] GC(183) Min Capacity: 8M(1%)
[106.060s][info][gc,heap     ] GC(183) Max Capacity: 1024M(100%)
[106.060s][info][gc,heap     ] GC(183) Soft Max Capacity: 1024M(100%)
[106.060s][info][gc,heap     ] GC(183)                Mark Start          Mark End        Relocate Start      Relocate End           High               Low         
[106.060s][info][gc,heap     ] GC(183)  Capacity:     1024M (100%)       1024M (100%)       1024M (100%)       1024M (100%)       1024M (100%)       1024M (100%)   
[106.060s][info][gc,heap     ] GC(183)      Free:      248M (24%)         158M (15%)         164M (16%)         290M (28%)         290M (28%)         144M (14%)    
[106.060s][info][gc,heap     ] GC(183)      Used:      776M (76%)         866M (85%)         860M (84%)         734M (72%)         880M (86%)         734M (72%)    
[106.060s][info][gc,heap     ] GC(183)      Live:         -               538M (53%)         538M (53%)         538M (53%)            -                  -          
[106.060s][info][gc,heap     ] GC(183) Allocated:         -                90M (9%)           94M (9%)           95M (9%)             -                  -          
[106.060s][info][gc,heap     ] GC(183)   Garbage:         -               237M (23%)         227M (22%)          99M (10%)            -                  -          
[106.060s][info][gc,heap     ] GC(183) Reclaimed:         -                  -                10M (1%)          137M (13%)            -                  -          
[106.060s][info][gc          ] GC(183) Garbage Collection (Allocation Rate) 776M(76%)->734M(72%)
[106.098s][info][gc,start    ] GC(184) Garbage Collection (Allocation Rate)
[106.098s][info][gc,task     ] GC(184) Using 10 workers
[106.098s][info][gc,phases   ] GC(184) Pause Mark Start 0.014ms
[106.223s][info][gc,phases   ] GC(184) Concurrent Mark 124.600ms
[106.223s][info][gc,phases   ] GC(184) Pause Mark End 0.018ms
[106.223s][info][gc,phases   ] GC(184) Concurrent Mark Free 0.002ms
[106.224s][info][gc,phases   ] GC(184) Concurrent Process Non-Strong References 0.386ms
[106.224s][info][gc,phases   ] GC(184) Concurrent Reset Relocation Set 0.015ms
[106.235s][info][gc,phases   ] GC(184) Concurrent Select Relocation Set 10.985ms
[106.235s][info][gc,phases   ] GC(184) Pause Relocate Start 0.011ms
[106.241s][info][gc,phases   ] GC(184) Concurrent Relocate 6.370ms
[106.241s][info][gc,load     ] GC(184) Load: 0.00/0.00/0.00
[106.242s][info][gc,mmu      ] GC(184) MMU: 2ms/95.8%, 5ms/98.3%, 10ms/99.2%, 20ms/99.6%, 50ms/99.8%, 100ms/99.9%
[106.242s][info][gc,marking  ] GC(184) Mark: 8 stripe(s), 3 proactive flush(es), 1 terminate flush(es), 0 completion(s), 0 continuation(s) 
[106.242s][info][gc,marking  ] GC(184) Mark Stack Usage: 32M
[106.242s][info][gc,nmethod  ] GC(184) NMethods: 756 registered, 19 unregistered
[106.242s][info][gc,metaspace] GC(184) Metaspace: 16M used, 16M committed, 1088M reserved
[106.242s][info][gc,ref      ] GC(184) Soft: 171 encountered, 0 discovered, 0 enqueued
[106.242s][info][gc,ref      ] GC(184) Weak: 970 encountered, 45 discovered, 0 enqueued
[106.242s][info][gc,ref      ] GC(184) Final: 0 encountered, 0 discovered, 0 enqueued
[106.242s][info][gc,ref      ] GC(184) Phantom: 35 encountered, 22 discovered, 0 enqueued
[106.242s][info][gc,reloc    ] GC(184) Small Pages: 380 / 760M, Empty: 10M, Relocated: 12M, In-Place: 0
[106.242s][info][gc,reloc    ] GC(184) Medium Pages: 0 / 0M, Empty: 0M, Relocated: 0M, In-Place: 0
[106.242s][info][gc,reloc    ] GC(184) Large Pages: 1 / 6M, Empty: 0M, Relocated: 0M, In-Place: 0
[106.242s][info][gc,reloc    ] GC(184) Forwarding Usage: 5M
[106.242s][info][gc,heap     ] GC(184) Min Capacity: 8M(1%)
[106.242s][info][gc,heap     ] GC(184) Max Capacity: 1024M(100%)
[106.242s][info][gc,heap     ] GC(184) Soft Max Capacity: 1024M(100%)
[106.242s][info][gc,heap     ] GC(184)                Mark Start          Mark End        Relocate Start      Relocate End           High               Low         
[106.242s][info][gc,heap     ] GC(184)  Capacity:     1024M (100%)       1024M (100%)       1024M (100%)       1024M (100%)       1024M (100%)       1024M (100%)   
[106.242s][info][gc,heap     ] GC(184)      Free:      258M (25%)         170M (17%)         170M (17%)         300M (29%)         300M (29%)         150M (15%)    
[106.242s][info][gc,heap     ] GC(184)      Used:      766M (75%)         854M (83%)         854M (83%)         724M (71%)         874M (85%)         724M (71%)    
[106.242s][info][gc,heap     ] GC(184)      Live:         -               519M (51%)         519M (51%)         519M (51%)            -                  -          
[106.242s][info][gc,heap     ] GC(184) Allocated:         -                88M (9%)           98M (10%)         101M (10%)            -                  -          
[106.242s][info][gc,heap     ] GC(184)   Garbage:         -               246M (24%)         236M (23%)         102M (10%)            -                  -          
[106.242s][info][gc,heap     ] GC(184) Reclaimed:         -                  -                10M (1%)          143M (14%)            -                  -          
[106.242s][info][gc          ] GC(184) Garbage Collection (Allocation Rate) 766M(75%)->724M(71%)
[106.301s][info][gc,start    ] GC(185) Garbage Collection (Allocation Rate)
[106.301s][info][gc,task     ] GC(185) Using 10 workers
[106.301s][info][gc,phases   ] GC(185) Pause Mark Start 0.016ms
[106.332s][info][gc,phases   ] GC(185) Concurrent Mark 30.944ms
[106.351s][info][gc,phases   ] GC(185) Pause Mark End 0.022ms
[106.351s][info][gc,phases   ] GC(185) Concurrent Mark Free 0.001ms
[106.352s][info][gc,phases   ] GC(185) Concurrent Process Non-Strong References 0.568ms
[106.352s][info][gc,phases   ] GC(185) Concurrent Reset Relocation Set 0.015ms
[106.356s][info][gc,phases   ] GC(185) Concurrent Select Relocation Set 4.364ms
[106.356s][info][gc,phases   ] GC(185) Pause Relocate Start 0.007ms
[106.358s][info][gc,phases   ] GC(185) Concurrent Relocate 1.551ms
[106.358s][info][gc,load     ] GC(185) Load: 0.00/0.00/0.00
[106.358s][info][gc,mmu      ] GC(185) MMU: 2ms/95.8%, 5ms/98.3%, 10ms/99.2%, 20ms/99.6%, 50ms/99.8%, 100ms/99.9%
[106.358s][info][gc,marking  ] GC(185) Mark: 8 stripe(s), 3 proactive flush(es), 1 terminate flush(es), 0 completion(s), 0 continuation(s) 
[106.358s][info][gc,marking  ] GC(185) Mark Stack Usage: 32M
[106.358s][info][gc,nmethod  ] GC(185) NMethods: 756 registered, 21 unregistered
[106.358s][info][gc,metaspace] GC(185) Metaspace: 16M used, 16M committed, 1088M reserved
[106.358s][info][gc,ref      ] GC(185) Soft: 171 encountered, 0 discovered, 0 enqueued
[106.358s][info][gc,ref      ] GC(185) Weak: 972 encountered, 124 discovered, 6 enqueued
[106.358s][info][gc,ref      ] GC(185) Final: 0 encountered, 0 discovered, 0 enqueued
[106.358s][info][gc,ref      ] GC(185) Phantom: 35 encountered, 31 discovered, 0 enqueued
[106.358s][info][gc,reloc    ] GC(185) Small Pages: 373 / 746M, Empty: 690M, Relocated: 5M, In-Place: 0
[106.358s][info][gc,reloc    ] GC(185) Medium Pages: 0 / 0M, Empty: 0M, Relocated: 0M, In-Place: 0
[106.358s][info][gc,reloc    ] GC(185) Large Pages: 1 / 6M, Empty: 6M, Relocated: 0M, In-Place: 0
[106.358s][info][gc,reloc    ] GC(185) Forwarding Usage: 1M
[106.358s][info][gc,heap     ] GC(185) Min Capacity: 8M(1%)
[106.358s][info][gc,heap     ] GC(185) Max Capacity: 1024M(100%)
[106.358s][info][gc,heap     ] GC(185) Soft Max Capacity: 1024M(100%)
[106.358s][info][gc,heap     ] GC(185)                Mark Start          Mark End        Relocate Start      Relocate End           High               Low         
[106.358s][info][gc,heap     ] GC(185)  Capacity:     1024M (100%)       1024M (100%)       1024M (100%)       1024M (100%)       1024M (100%)       1024M (100%)   
[106.358s][info][gc,heap     ] GC(185)      Free:      272M (27%)         270M (26%)         966M (94%)         978M (96%)         978M (96%)         270M (26%)    
[106.358s][info][gc,heap     ] GC(185)      Used:      752M (73%)         754M (74%)          58M (6%)           46M (4%)          754M (74%)          46M (4%)     
[106.358s][info][gc,heap     ] GC(185)      Live:         -                24M (2%)           24M (2%)           24M (2%)             -                  -          
[106.359s][info][gc,heap     ] GC(185) Allocated:         -                 2M (0%)            2M (0%)            1M (0%)             -                  -          
[106.359s][info][gc,heap     ] GC(185)   Garbage:         -               727M (71%)          31M (3%)           19M (2%)             -                  -          
[106.359s][info][gc,heap     ] GC(185) Reclaimed:         -                  -               696M (68%)         707M (69%)            -                  -          
[106.359s][info][gc          ] GC(185) Garbage Collection (Allocation Rate) 752M(73%)->46M(4%)
[108.007s][info][gc,start    ] GC(186) Garbage Collection (System.gc())
[108.007s][info][gc,task     ] GC(186) Using 10 workers
[108.007s][info][gc,phases   ] GC(186) Pause Mark Start 0.017ms
[108.020s][info][gc,phases   ] GC(186) Concurrent Mark 12.099ms
[108.020s][info][gc,phases   ] GC(186) Pause Mark End 0.017ms
[108.020s][info][gc,phases   ] GC(186) Concurrent Mark Free 0.001ms
[108.020s][info][gc,phases   ] GC(186) Concurrent Process Non-Strong References 0.521ms
[108.020s][info][gc,phases   ] GC(186) Concurrent Reset Relocation Set 0.003ms
[108.024s][info][gc,phases   ] GC(186) Concurrent Select Relocation Set 3.560ms
[108.024s][info][gc,phases   ] GC(186) Pause Relocate Start 0.006ms
[108.025s][info][gc,phases   ] GC(186) Concurrent Relocate 1.201ms
[108.025s][info][gc,load     ] GC(186) Load: 0.00/0.00/0.00
[108.025s][info][gc,mmu      ] GC(186) MMU: 2ms/95.8%, 5ms/98.3%, 10ms/99.2%, 20ms/99.6%, 50ms/99.8%, 100ms/99.9%
[108.025s][info][gc,marking  ] GC(186) Mark: 8 stripe(s), 2 proactive flush(es), 1 terminate flush(es), 0 completion(s), 0 continuation(s) 
[108.025s][info][gc,marking  ] GC(186) Mark Stack Usage: 32M
[108.025s][info][gc,nmethod  ] GC(186) NMethods: 758 registered, 21 unregistered
[108.025s][info][gc,metaspace] GC(186) Metaspace: 16M used, 16M committed, 1088M reserved
[108.025s][info][gc,ref      ] GC(186) Soft: 171 encountered, 0 discovered, 0 enqueued
[108.026s][info][gc,ref      ] GC(186) Weak: 967 encountered, 50 discovered, 0 enqueued
[108.026s][info][gc,ref      ] GC(186) Final: 0 encountered, 0 discovered, 0 enqueued
[108.026s][info][gc,ref      ] GC(186) Phantom: 35 encountered, 27 discovered, 0 enqueued
[108.026s][info][gc,reloc    ] GC(186) Small Pages: 62 / 124M, Empty: 78M, Relocated: 5M, In-Place: 0
[108.026s][info][gc,reloc    ] GC(186) Medium Pages: 0 / 0M, Empty: 0M, Relocated: 0M, In-Place: 0
[108.026s][info][gc,reloc    ] GC(186) Large Pages: 0 / 0M, Empty: 0M, Relocated: 0M, In-Place: 0
[108.026s][info][gc,reloc    ] GC(186) Forwarding Usage: 1M
[108.026s][info][gc,heap     ] GC(186) Min Capacity: 8M(1%)
[108.026s][info][gc,heap     ] GC(186) Max Capacity: 1024M(100%)
[108.026s][info][gc,heap     ] GC(186) Soft Max Capacity: 1024M(100%)
[108.026s][info][gc,heap     ] GC(186)                Mark Start          Mark End        Relocate Start      Relocate End           High               Low         
[108.026s][info][gc,heap     ] GC(186)  Capacity:     1024M (100%)       1024M (100%)       1024M (100%)       1024M (100%)       1024M (100%)       1024M (100%)   
[108.026s][info][gc,heap     ] GC(186)      Free:      900M (88%)         900M (88%)         978M (96%)         984M (96%)         984M (96%)         900M (88%)    
[108.026s][info][gc,heap     ] GC(186)      Used:      124M (12%)         124M (12%)          46M (4%)           40M (4%)          124M (12%)          40M (4%)     
[108.026s][info][gc,heap     ] GC(186)      Live:         -                22M (2%)           22M (2%)           22M (2%)             -                  -          
[108.026s][info][gc,heap     ] GC(186) Allocated:         -                 0M (0%)            0M (0%)            0M (0%)             -                  -          
[108.026s][info][gc,heap     ] GC(186)   Garbage:         -               101M (10%)          23M (2%)           17M (2%)             -                  -          
[108.026s][info][gc,heap     ] GC(186) Reclaimed:         -                  -                78M (8%)           84M (8%)             -                  -          
[108.026s][info][gc          ] GC(186) Garbage Collection (System.gc()) 124M(12%)->40M(4%)
[110.095s][info][gc,stats    ] === Garbage Collection Statistics =======================================================================================================================
[110.096s][info][gc,stats    ]                                                              Last 10s              Last 10m              Last 10h                Total
[110.096s][info][gc,stats    ]                                                              Avg / Max             Avg / Max             Avg / Max             Avg / Max
[110.096s][info][gc,stats    ]   Collector: Garbage Collection Cycle                    163.978 / 253.849     137.107 / 299.601     137.107 / 299.601     137.107 / 299.601     ms
[110.096s][info][gc,stats    ]  Contention: Mark Segment Reset Contention                    11 / 34                8 / 41                8 / 41                8 / 41          ops/s
[110.096s][info][gc,stats    ]  Contention: Mark SeqNum Reset Contention                      1 / 4                 0 / 6                 0 / 6                 0 / 6           ops/s
[110.096s][info][gc,stats    ]    Critical: Allocation Stall                                  0 / 0                13 / 308              13 / 308              13 / 308         ops/s
[110.096s][info][gc,stats    ]    Critical: Allocation Stall                              0.000 / 0.000        11.228 / 31.418       11.228 / 31.418       11.228 / 31.418      ms
[110.096s][info][gc,stats    ]    Critical: GC Locker Stall                                   0 / 0                 0 / 0                 0 / 0                 0 / 0           ops/s
[110.096s][info][gc,stats    ]    Critical: GC Locker Stall                               0.000 / 0.000         0.000 / 0.000         0.000 / 0.000         0.000 / 0.000       ms
[110.096s][info][gc,stats    ]    Critical: Relocation Stall                                  0 / 0                 0 / 1                 0 / 1                 0 / 1           ops/s
[110.096s][info][gc,stats    ]    Critical: Relocation Stall                              0.000 / 0.000         4.839 / 4.839         4.839 / 4.839         4.839 / 4.839       ms
[110.096s][info][gc,stats    ]      Memory: Allocation Rate                                 269 / 1012            550 / 6762            550 / 6762            550 / 6762        MB/s
[110.096s][info][gc,stats    ]      Memory: Defragment                                        1 / 13                2 / 29                2 / 29                2 / 29          ops/s
[110.096s][info][gc,stats    ]      Memory: Out Of Memory                                     0 / 0                 0 / 0                 0 / 0                 0 / 0           ops/s
[110.096s][info][gc,stats    ]      Memory: Page Cache Flush                                  2 / 26                8 / 122               8 / 122               8 / 122         MB/s
[110.096s][info][gc,stats    ]      Memory: Page Cache Hit L1                               175 / 713             306 / 3426            306 / 3426            306 / 3426        ops/s
[110.096s][info][gc,stats    ]      Memory: Page Cache Hit L2                                 0 / 0                 0 / 0                 0 / 0                 0 / 0           ops/s
[110.096s][info][gc,stats    ]      Memory: Page Cache Hit L3                                 1 / 11                6 / 407               6 / 407               6 / 407         ops/s
[110.096s][info][gc,stats    ]      Memory: Page Cache Miss                                   0 / 0                 0 / 2                 0 / 2                 0 / 2           ops/s
[110.096s][info][gc,stats    ]      Memory: Uncommit                                          0 / 0                 0 / 0                 0 / 0                 0 / 0           MB/s
[110.096s][info][gc,stats    ]      Memory: Undo Object Allocation Failed                     0 / 0                26 / 647              26 / 647              26 / 647         ops/s
[110.096s][info][gc,stats    ]      Memory: Undo Object Allocation Succeeded                  0 / 0                 6 / 101               6 / 101               6 / 101         ops/s
[110.096s][info][gc,stats    ]      Memory: Undo Page Allocation                              0 / 6                49 / 1061             49 / 1061             49 / 1061        ops/s
[110.096s][info][gc,stats    ]       Phase: Concurrent Mark                             134.428 / 237.608     101.406 / 249.632     101.406 / 249.632     101.406 / 249.632     ms
[110.096s][info][gc,stats    ]       Phase: Concurrent Mark Continue                      0.000 / 0.000         0.000 / 0.000         0.000 / 0.000         0.000 / 0.000       ms
[110.096s][info][gc,stats    ]       Phase: Concurrent Mark Free                          0.001 / 0.002         0.001 / 0.004         0.001 / 0.004         0.001 / 0.004       ms
[110.097s][info][gc,stats    ]       Phase: Concurrent Process Non-Strong References      0.395 / 0.568         1.044 / 15.033        1.044 / 15.033        1.044 / 15.033      ms
[110.097s][info][gc,stats    ]       Phase: Concurrent Relocate                          13.620 / 40.075       12.062 / 59.080       12.062 / 59.080       12.062 / 59.080      ms
[110.097s][info][gc,stats    ]       Phase: Concurrent Reset Relocation Set               0.014 / 0.033         0.014 / 0.066         0.014 / 0.066         0.014 / 0.066       ms
[110.097s][info][gc,stats    ]       Phase: Concurrent Select Relocation Set             13.487 / 58.184       12.158 / 64.809       12.158 / 64.809       12.158 / 64.809      ms
[110.097s][info][gc,stats    ]       Phase: Pause Mark End                                0.018 / 0.026         0.017 / 0.027         0.017 / 0.027         0.017 / 0.027       ms
[110.097s][info][gc,stats    ]       Phase: Pause Mark Start                              0.015 / 0.018         0.019 / 0.084         0.019 / 0.084         0.019 / 0.084       ms
[110.097s][info][gc,stats    ]       Phase: Pause Relocate Start                          0.008 / 0.014         0.008 / 0.025         0.008 / 0.025         0.008 / 0.025       ms
[110.097s][info][gc,stats    ]    Subphase: Concurrent Classes Purge                      0.005 / 0.024         0.071 / 5.672         0.071 / 5.672         0.071 / 5.672       ms
[110.097s][info][gc,stats    ]    Subphase: Concurrent Classes Unlink                     0.181 / 0.248         0.412 / 6.293         0.412 / 6.293         0.412 / 6.293       ms
[110.097s][info][gc,stats    ]    Subphase: Concurrent Mark                             131.737 / 236.287      99.236 / 248.331      99.236 / 248.331      99.236 / 248.331     ms
[110.097s][info][gc,stats    ]    Subphase: Concurrent Mark Try Flush                     0.059 / 0.137         0.901 / 31.490        0.901 / 31.490        0.901 / 31.490      ms
[110.097s][info][gc,stats    ]    Subphase: Concurrent Mark Try Terminate                 7.845 / 16.134        8.573 / 16.527        8.573 / 16.527        8.573 / 16.527      ms
[110.097s][info][gc,stats    ]    Subphase: Concurrent References Enqueue                 0.001 / 0.004         0.001 / 0.007         0.001 / 0.007         0.001 / 0.007       ms
[110.097s][info][gc,stats    ]    Subphase: Concurrent References Process                 0.029 / 0.039         0.034 / 0.210         0.034 / 0.210         0.034 / 0.210       ms
[110.097s][info][gc,stats    ]    Subphase: Concurrent Roots ClassLoaderDataGraph         0.033 / 0.368         0.044 / 1.028         0.044 / 1.028         0.044 / 1.028       ms
[110.097s][info][gc,stats    ]    Subphase: Concurrent Roots CodeCache                    0.000 / 0.000         0.000 / 0.000         0.000 / 0.000         0.000 / 0.000       ms
[110.097s][info][gc,stats    ]    Subphase: Concurrent Roots JavaThreads                  0.708 / 1.301         0.726 / 6.849         0.726 / 6.849         0.726 / 6.849       ms
[110.097s][info][gc,stats    ]    Subphase: Concurrent Roots OopStorageSet                0.012 / 0.031         0.016 / 0.682         0.016 / 0.682         0.016 / 0.682       ms
[110.097s][info][gc,stats    ]    Subphase: Concurrent Weak Roots OopStorageSet           0.098 / 0.158         0.102 / 0.309         0.102 / 0.309         0.102 / 0.309       ms
[110.097s][info][gc,stats    ]    Subphase: Pause Mark Try Complete                       0.000 / 0.000         0.000 / 0.000         0.000 / 0.000         0.000 / 0.000       ms
[110.097s][info][gc,stats    ]      System: Java Threads                                     62 / 62               63 / 74               63 / 74               63 / 74          threads
[110.097s][info][gc,stats    ] =========================================================================================================================================================
[110.808s][info][gc,start    ] GC(187) Garbage Collection (Allocation Rate)
[110.809s][info][gc,task     ] GC(187) Using 10 workers
[110.809s][info][gc,phases   ] GC(187) Pause Mark Start 0.012ms
[110.814s][info][gc          ] Allocation Stall (reactors-io-scheduler-ForkJoinPool-1-worker-5) 3.235ms
[110.814s][info][gc          ] Allocation Stall (reactors-io-scheduler-ForkJoinPool-1-worker-11) 3.259ms
[110.814s][info][gc          ] Allocation Stall (reactors-io-scheduler-ForkJoinPool-1-worker-24) 3.239ms
[110.814s][info][gc          ] Allocation Stall (reactors-io-scheduler-ForkJoinPool-1-worker-30) 3.174ms
[110.814s][info][gc          ] Allocation Stall (reactors-io-scheduler-ForkJoinPool-1-worker-16) 3.170ms
[110.814s][info][gc          ] Allocation Stall (reactors-io-scheduler-ForkJoinPool-1-worker-14) 3.217ms
[110.814s][info][gc          ] Allocation Stall (reactors-io-scheduler-ForkJoinPool-1-worker-12) 3.243ms
[110.814s][info][gc          ] Allocation Stall (reactors-io-scheduler-ForkJoinPool-1-worker-38) 3.222ms
[110.814s][info][gc          ] Allocation Stall (reactors-io-scheduler-ForkJoinPool-1-worker-26) 3.252ms
[110.814s][info][gc          ] Allocation Stall (reactors-io-scheduler-ForkJoinPool-1-worker-36) 3.284ms
[110.814s][info][gc          ] Allocation Stall (reactors-io-scheduler-ForkJoinPool-1-worker-8) 3.281ms
[110.814s][info][gc          ] Allocation Stall (reactors-io-scheduler-ForkJoinPool-1-worker-22) 3.286ms
[110.814s][info][gc          ] Allocation Stall (reactors-io-scheduler-ForkJoinPool-1-worker-31) 3.333ms
[110.814s][info][gc          ] Allocation Stall (reactors-io-scheduler-ForkJoinPool-1-worker-1) 3.341ms
[110.814s][info][gc          ] Allocation Stall (reactors-io-scheduler-ForkJoinPool-1-worker-23) 3.377ms
[110.814s][info][gc          ] Allocation Stall (reactors-io-scheduler-ForkJoinPool-1-worker-20) 1.368ms
[110.815s][info][gc          ] Allocation Stall (reactors-io-scheduler-ForkJoinPool-1-worker-45) 1.272ms
[110.815s][info][gc          ] Allocation Stall (reactors-io-scheduler-ForkJoinPool-1-worker-28) 1.195ms
[110.815s][info][gc          ] Allocation Stall (reactors-io-scheduler-ForkJoinPool-1-worker-35) 1.243ms
[110.816s][info][gc          ] Allocation Stall (reactors-io-scheduler-ForkJoinPool-1-worker-40) 2.796ms
[110.816s][info][gc          ] Allocation Stall (reactors-io-scheduler-ForkJoinPool-1-worker-41) 2.769ms
[110.816s][info][gc          ] Allocation Stall (reactors-io-scheduler-ForkJoinPool-1-worker-19) 2.811ms
[110.816s][info][gc          ] Allocation Stall (reactors-io-scheduler-ForkJoinPool-1-worker-42) 2.831ms
[110.817s][info][gc          ] Allocation Stall (reactors-io-scheduler-ForkJoinPool-1-worker-48) 2.864ms
[110.817s][info][gc          ] Allocation Stall (reactors-io-scheduler-ForkJoinPool-1-worker-32) 2.893ms
[110.817s][info][gc          ] Allocation Stall (reactors-io-scheduler-ForkJoinPool-1-worker-15) 2.937ms
[110.817s][info][gc          ] Allocation Stall (reactors-io-scheduler-ForkJoinPool-1-worker-10) 3.368ms
[110.817s][info][gc          ] Allocation Stall (reactors-io-scheduler-ForkJoinPool-1-worker-47) 3.422ms
[110.817s][info][gc          ] Allocation Stall (reactors-io-scheduler-ForkJoinPool-1-worker-44) 3.427ms
[110.826s][info][gc          ] Allocation Stall (reactors-io-scheduler-ForkJoinPool-1-worker-13) 4.122ms
[110.826s][info][gc          ] Allocation Stall (reactors-io-scheduler-ForkJoinPool-1-worker-48) 2.767ms
[110.826s][info][gc          ] Allocation Stall (reactors-io-scheduler-ForkJoinPool-1-worker-10) 2.776ms
[110.826s][info][gc          ] Allocation Stall (reactors-io-scheduler-ForkJoinPool-1-worker-40) 2.796ms
[110.827s][info][gc          ] Allocation Stall (reactors-io-scheduler-ForkJoinPool-1-worker-41) 2.889ms
[110.827s][info][gc          ] Allocation Stall (reactors-io-scheduler-ForkJoinPool-1-worker-42) 2.829ms
[110.827s][info][gc          ] Allocation Stall (reactors-io-scheduler-ForkJoinPool-1-worker-6) 2.759ms
[110.827s][info][gc          ] Allocation Stall (reactors-io-scheduler-ForkJoinPool-1-worker-19) 1.931ms
[110.827s][info][gc          ] Allocation Stall (reactors-io-scheduler-ForkJoinPool-1-worker-3) 1.889ms
[110.827s][info][gc          ] Allocation Stall (reactors-io-scheduler-ForkJoinPool-1-worker-11) 1.615ms
[110.827s][info][gc          ] Allocation Stall (reactors-io-scheduler-ForkJoinPool-1-worker-43) 1.375ms
[110.827s][info][gc          ] Allocation Stall (reactors-io-scheduler-ForkJoinPool-1-worker-12) 1.368ms
[110.827s][info][gc          ] Allocation Stall (reactors-io-scheduler-ForkJoinPool-1-worker-33) 1.303ms
[110.827s][info][gc          ] Allocation Stall (reactors-io-scheduler-ForkJoinPool-1-worker-15) 1.304ms
[110.827s][info][gc          ] Allocation Stall (reactors-io-scheduler-ForkJoinPool-1-worker-46) 1.292ms
[110.827s][info][gc          ] Allocation Stall (reactors-io-scheduler-ForkJoinPool-1-worker-4) 1.142ms
[110.827s][info][gc          ] Allocation Stall (reactors-io-scheduler-ForkJoinPool-1-worker-31) 1.114ms
[110.827s][info][gc          ] Allocation Stall (reactors-io-scheduler-ForkJoinPool-1-worker-44) 1.106ms
[110.827s][info][gc          ] Allocation Stall (reactors-io-scheduler-ForkJoinPool-1-worker-37) 1.000ms
[110.827s][info][gc          ] Allocation Stall (reactors-io-scheduler-ForkJoinPool-1-worker-5) 1.071ms
[110.827s][info][gc          ] Allocation Stall (reactors-io-scheduler-ForkJoinPool-1-worker-17) 1.107ms
[110.827s][info][gc          ] Allocation Stall (reactors-io-scheduler-ForkJoinPool-1-worker-32) 1.103ms
[110.827s][info][gc          ] Allocation Stall (reactors-io-scheduler-ForkJoinPool-1-worker-47) 0.600ms
[110.855s][info][gc,phases   ] GC(187) Concurrent Mark 45.989ms
[110.855s][info][gc,phases   ] GC(187) Pause Mark End 0.017ms
[110.855s][info][gc,phases   ] GC(187) Concurrent Mark Free 0.001ms
[110.856s][info][gc,phases   ] GC(187) Concurrent Process Non-Strong References 0.396ms
[110.856s][info][gc,phases   ] GC(187) Concurrent Reset Relocation Set 0.002ms
[110.856s][info][gc          ] Allocation Stall (reactors-io-scheduler-ForkJoinPool-1-worker-24) 19.459ms
[110.856s][info][gc          ] Allocation Stall (reactors-io-scheduler-ForkJoinPool-1-worker-10) 19.362ms
[110.856s][info][gc          ] Allocation Stall (reactors-io-scheduler-ForkJoinPool-1-worker-38) 19.114ms
[110.856s][info][gc          ] Allocation Stall (reactors-io-scheduler-ForkJoinPool-1-worker-1) 20.443ms
[110.856s][info][gc          ] Allocation Stall (reactors-io-scheduler-ForkJoinPool-1-worker-36) 19.800ms
[110.856s][info][gc          ] Allocation Stall (reactors-io-scheduler-ForkJoinPool-1-worker-40) 19.371ms
[110.856s][info][gc          ] Allocation Stall (reactors-io-scheduler-ForkJoinPool-1-worker-35) 20.529ms
[110.856s][info][gc          ] Allocation Stall (reactors-io-scheduler-ForkJoinPool-1-worker-21) 19.387ms
[110.856s][info][gc          ] Allocation Stall (reactors-io-scheduler-ForkJoinPool-1-worker-32) 20.845ms
[110.856s][info][gc          ] Allocation Stall (reactors-io-scheduler-ForkJoinPool-1-worker-28) 20.875ms
[110.856s][info][gc          ] Allocation Stall (reactors-io-scheduler-ForkJoinPool-1-worker-39) 19.412ms
[110.856s][info][gc          ] Allocation Stall (reactors-io-scheduler-ForkJoinPool-1-worker-18) 19.960ms
[110.856s][info][gc          ] Allocation Stall (reactors-io-scheduler-ForkJoinPool-1-worker-42) 19.283ms
[110.856s][info][gc          ] Allocation Stall (reactors-io-scheduler-ForkJoinPool-1-worker-34) 19.423ms
[110.856s][info][gc          ] Allocation Stall (reactors-io-scheduler-ForkJoinPool-1-worker-13) 19.806ms
[110.856s][info][gc          ] Allocation Stall (reactors-io-scheduler-ForkJoinPool-1-worker-16) 23.466ms
[110.856s][info][gc          ] Allocation Stall (reactors-io-scheduler-ForkJoinPool-1-worker-17) 20.513ms
[110.856s][info][gc          ] Allocation Stall (reactors-io-scheduler-ForkJoinPool-1-worker-30) 19.145ms
[110.856s][info][gc          ] Allocation Stall (reactors-io-scheduler-ForkJoinPool-1-worker-14) 19.391ms
[110.856s][info][gc          ] Allocation Stall (reactors-io-scheduler-ForkJoinPool-1-worker-29) 19.500ms
[110.856s][info][gc          ] Allocation Stall (reactors-io-scheduler-ForkJoinPool-1-worker-45) 20.214ms
[110.856s][info][gc          ] Allocation Stall (reactors-io-scheduler-ForkJoinPool-1-worker-41) 19.383ms
[110.856s][info][gc          ] Allocation Stall (reactors-io-scheduler-ForkJoinPool-1-worker-19) 19.417ms
[110.856s][info][gc          ] Allocation Stall (reactors-io-scheduler-ForkJoinPool-1-worker-6) 19.711ms
[110.856s][info][gc          ] Allocation Stall (reactors-io-scheduler-ForkJoinPool-1-worker-44) 20.847ms
[110.856s][info][gc          ] Allocation Stall (reactors-io-scheduler-ForkJoinPool-1-worker-31) 21.186ms
[110.856s][info][gc          ] Allocation Stall (reactors-io-scheduler-ForkJoinPool-1-worker-2) 20.831ms
[110.856s][info][gc          ] Allocation Stall (reactors-io-scheduler-ForkJoinPool-1-worker-26) 23.464ms
[110.856s][info][gc          ] Allocation Stall (reactors-io-scheduler-ForkJoinPool-1-worker-9) 19.506ms
[110.856s][info][gc          ] Allocation Stall (reactors-io-scheduler-ForkJoinPool-1-worker-5) 21.923ms
[110.856s][info][gc          ] Allocation Stall (reactors-io-scheduler-ForkJoinPool-1-worker-22) 22.639ms
[110.856s][info][gc          ] Allocation Stall (reactors-io-scheduler-ForkJoinPool-1-worker-46) 21.591ms
[110.856s][info][gc          ] Allocation Stall (reactors-io-scheduler-ForkJoinPool-1-worker-12) 21.956ms
[110.856s][info][gc          ] Allocation Stall (reactors-io-scheduler-ForkJoinPool-1-worker-33) 21.175ms
[110.856s][info][gc          ] Allocation Stall (reactors-io-scheduler-ForkJoinPool-1-worker-47) 21.019ms
[110.856s][info][gc          ] Allocation Stall (reactors-io-scheduler-ForkJoinPool-1-worker-25) 21.120ms
[110.856s][info][gc          ] Allocation Stall (reactors-io-scheduler-ForkJoinPool-1-worker-27) 19.466ms
[110.856s][info][gc          ] Allocation Stall (reactors-io-scheduler-ForkJoinPool-1-worker-23) 20.179ms
[110.856s][info][gc          ] Allocation Stall (reactors-io-scheduler-ForkJoinPool-1-worker-7) 19.361ms
[110.856s][info][gc          ] Allocation Stall (reactors-io-scheduler-ForkJoinPool-1-worker-15) 21.275ms
[110.856s][info][gc          ] Allocation Stall (reactors-io-scheduler-ForkJoinPool-1-worker-43) 21.899ms
[110.856s][info][gc          ] Allocation Stall (reactors-io-scheduler-ForkJoinPool-1-worker-48) 19.663ms
[110.856s][info][gc          ] Allocation Stall (reactors-io-scheduler-ForkJoinPool-1-worker-4) 21.068ms
[110.856s][info][gc          ] Allocation Stall (reactors-io-scheduler-ForkJoinPool-1-worker-11) 22.100ms
[110.856s][info][gc          ] Allocation Stall (reactors-io-scheduler-ForkJoinPool-1-worker-3) 22.261ms
[110.856s][info][gc          ] Allocation Stall (reactors-io-scheduler-ForkJoinPool-1-worker-20) 21.491ms
[110.856s][info][gc          ] Allocation Stall (reactors-io-scheduler-ForkJoinPool-1-worker-37) 21.659ms
[110.856s][info][gc          ] Allocation Stall (reactors-io-scheduler-ForkJoinPool-1-worker-8) 19.730ms
[110.866s][info][gc,phases   ] GC(187) Concurrent Select Relocation Set 9.798ms
[110.866s][info][gc,phases   ] GC(187) Pause Relocate Start 0.008ms
[110.890s][info][gc,phases   ] GC(187) Concurrent Relocate 3.859ms
[110.891s][info][gc,load     ] GC(187) Load: 0.00/0.00/0.00
[110.891s][info][gc,mmu      ] GC(187) MMU: 2ms/95.8%, 5ms/98.3%, 10ms/99.2%, 20ms/99.6%, 50ms/99.8%, 100ms/99.9%
[110.891s][info][gc,marking  ] GC(187) Mark: 8 stripe(s), 3 proactive flush(es), 1 terminate flush(es), 0 completion(s), 0 continuation(s) 
[110.891s][info][gc,marking  ] GC(187) Mark Stack Usage: 32M
[110.891s][info][gc,nmethod  ] GC(187) NMethods: 768 registered, 22 unregistered
[110.891s][info][gc,metaspace] GC(187) Metaspace: 16M used, 16M committed, 1088M reserved
[110.891s][info][gc,ref      ] GC(187) Soft: 171 encountered, 0 discovered, 0 enqueued
[110.891s][info][gc,ref      ] GC(187) Weak: 981 encountered, 95 discovered, 2 enqueued
[110.891s][info][gc,ref      ] GC(187) Final: 0 encountered, 0 discovered, 0 enqueued
[110.891s][info][gc,ref      ] GC(187) Phantom: 35 encountered, 26 discovered, 0 enqueued
[110.891s][info][gc,reloc    ] GC(187) Small Pages: 486 / 972M, Empty: 606M, Relocated: 5M, In-Place: 0
[110.891s][info][gc,reloc    ] GC(187) Medium Pages: 0 / 0M, Empty: 0M, Relocated: 0M, In-Place: 0
[110.891s][info][gc,reloc    ] GC(187) Large Pages: 0 / 0M, Empty: 0M, Relocated: 0M, In-Place: 0
[110.891s][info][gc,reloc    ] GC(187) Forwarding Usage: 1M
[110.891s][info][gc,heap     ] GC(187) Min Capacity: 8M(1%)
[110.891s][info][gc,heap     ] GC(187) Max Capacity: 1024M(100%)
[110.891s][info][gc,heap     ] GC(187) Soft Max Capacity: 1024M(100%)
[110.891s][info][gc,heap     ] GC(187)                Mark Start          Mark End        Relocate Start      Relocate End           High               Low         
[110.891s][info][gc,heap     ] GC(187)  Capacity:     1024M (100%)       1024M (100%)       1024M (100%)       1024M (100%)       1024M (100%)       1024M (100%)   
[110.891s][info][gc,heap     ] GC(187)      Free:       52M (5%)            0M (0%)          516M (50%)         670M (65%)         676M (66%)           0M (0%)     
[110.891s][info][gc,heap     ] GC(187)      Used:      972M (95%)        1024M (100%)        508M (50%)         354M (35%)        1024M (100%)        348M (34%)    
[110.891s][info][gc,heap     ] GC(187)      Live:         -                24M (2%)           24M (2%)           24M (2%)             -                  -          
[110.891s][info][gc,heap     ] GC(187) Allocated:         -                52M (5%)          142M (14%)         309M (30%)            -                  -          
[110.891s][info][gc,heap     ] GC(187)   Garbage:         -               947M (93%)         341M (33%)          19M (2%)             -                  -          
[110.891s][info][gc,heap     ] GC(187) Reclaimed:         -                  -               606M (59%)         927M (91%)            -                  -          
[110.891s][info][gc          ] GC(187) Garbage Collection (Allocation Rate) 972M(95%)->354M(35%)
[110.902s][info][gc,start    ] GC(188) Garbage Collection (Allocation Stall)
[110.902s][info][gc,ref      ] GC(188) Clearing All SoftReferences
[110.902s][info][gc,task     ] GC(188) Using 10 workers
[110.902s][info][gc,ref      ] GC(188) Clearing All SoftReferences
[110.903s][info][gc,phases   ] GC(188) Pause Mark Start 0.048ms
[110.996s][info][gc,phases   ] GC(188) Concurrent Mark 9.900ms
[110.996s][info][gc,phases   ] GC(188) Pause Mark End 0.014ms
[110.996s][info][gc,phases   ] GC(188) Concurrent Mark Free 0.000ms
[110.996s][info][gc,phases   ] GC(188) Concurrent Process Non-Strong References 0.290ms
[110.996s][info][gc,phases   ] GC(188) Concurrent Reset Relocation Set 0.021ms
[110.996s][info][gc          ] Allocation Stall (reactors-io-scheduler-ForkJoinPool-1-worker-4) 9.671ms
[110.996s][info][gc          ] Allocation Stall (reactors-io-scheduler-ForkJoinPool-1-worker-3) 9.553ms
[110.996s][info][gc          ] Allocation Stall (reactors-io-scheduler-ForkJoinPool-1-worker-22) 9.484ms
[110.996s][info][gc          ] Allocation Stall (reactors-io-scheduler-ForkJoinPool-1-worker-44) 9.309ms
[110.996s][info][gc          ] Allocation Stall (reactors-io-scheduler-ForkJoinPool-1-worker-31) 9.215ms
[110.996s][info][gc          ] Allocation Stall (reactors-io-scheduler-ForkJoinPool-1-worker-36) 9.537ms
[110.996s][info][gc          ] Allocation Stall (reactors-io-scheduler-ForkJoinPool-1-worker-46) 9.498ms
[110.996s][info][gc          ] Allocation Stall (reactors-io-scheduler-ForkJoinPool-1-worker-48) 9.750ms
[110.996s][info][gc          ] Allocation Stall (reactors-io-scheduler-ForkJoinPool-1-worker-28) 9.420ms
[110.996s][info][gc          ] Allocation Stall (reactors-io-scheduler-ForkJoinPool-1-worker-5) 9.414ms
[110.996s][info][gc          ] Allocation Stall (reactors-io-scheduler-ForkJoinPool-1-worker-16) 9.621ms
[110.996s][info][gc          ] Allocation Stall (reactors-io-scheduler-ForkJoinPool-1-worker-1) 9.719ms
[110.996s][info][gc          ] Allocation Stall (reactors-io-scheduler-ForkJoinPool-1-worker-30) 9.322ms
[110.996s][info][gc          ] Allocation Stall (reactors-io-scheduler-ForkJoinPool-1-worker-45) 9.493ms
[110.996s][info][gc          ] Allocation Stall (reactors-io-scheduler-ForkJoinPool-1-worker-9) 9.458ms
[110.996s][info][gc          ] Allocation Stall (reactors-io-scheduler-ForkJoinPool-1-worker-2) 9.441ms
[110.996s][info][gc          ] Allocation Stall (reactors-io-scheduler-ForkJoinPool-1-worker-26) 9.555ms
[110.996s][info][gc          ] Allocation Stall (reactors-io-scheduler-ForkJoinPool-1-worker-21) 9.791ms
[110.996s][info][gc          ] Allocation Stall (reactors-io-scheduler-ForkJoinPool-1-worker-15) 9.388ms
[110.997s][info][gc          ] Allocation Stall (reactors-io-scheduler-ForkJoinPool-1-worker-35) 10.026ms
[110.997s][info][gc          ] Allocation Stall (reactors-io-scheduler-ForkJoinPool-1-worker-10) 10.036ms
[110.997s][info][gc          ] Allocation Stall (reactors-io-scheduler-ForkJoinPool-1-worker-37) 9.916ms
[110.997s][info][gc          ] Allocation Stall (reactors-io-scheduler-ForkJoinPool-1-worker-42) 9.584ms
[110.997s][info][gc          ] Allocation Stall (reactors-io-scheduler-ForkJoinPool-1-worker-43) 9.338ms
[110.997s][info][gc          ] Allocation Stall (reactors-io-scheduler-ForkJoinPool-1-worker-19) 9.800ms
[110.997s][info][gc          ] Allocation Stall (reactors-io-scheduler-ForkJoinPool-1-worker-25) 9.816ms
[110.997s][info][gc          ] Allocation Stall (reactors-io-scheduler-ForkJoinPool-1-worker-7) 9.660ms
[110.997s][info][gc          ] Allocation Stall (reactors-io-scheduler-ForkJoinPool-1-worker-6) 9.518ms
[110.997s][info][gc          ] Allocation Stall (reactors-io-scheduler-ForkJoinPool-1-worker-39) 9.864ms
[110.997s][info][gc          ] Allocation Stall (reactors-io-scheduler-ForkJoinPool-1-worker-14) 9.604ms
[110.997s][info][gc          ] Allocation Stall (reactors-io-scheduler-ForkJoinPool-1-worker-33) 10.099ms
[110.997s][info][gc          ] Allocation Stall (reactors-io-scheduler-ForkJoinPool-1-worker-12) 10.008ms
[110.997s][info][gc          ] Allocation Stall (reactors-io-scheduler-ForkJoinPool-1-worker-23) 10.059ms
[110.997s][info][gc          ] Allocation Stall (reactors-io-scheduler-ForkJoinPool-1-worker-47) 9.456ms
[110.997s][info][gc          ] Allocation Stall (reactors-io-scheduler-ForkJoinPool-1-worker-29) 9.864ms
[110.997s][info][gc          ] Allocation Stall (reactors-io-scheduler-ForkJoinPool-1-worker-20) 10.650ms
[110.997s][info][gc          ] Allocation Stall (reactors-io-scheduler-ForkJoinPool-1-worker-11) 9.989ms
[110.997s][info][gc          ] Allocation Stall (reactors-io-scheduler-ForkJoinPool-1-worker-38) 9.406ms
[110.997s][info][gc          ] Allocation Stall (reactors-io-scheduler-ForkJoinPool-1-worker-41) 10.133ms
[110.997s][info][gc          ] Allocation Stall (reactors-io-scheduler-ForkJoinPool-1-worker-32) 9.972ms
[110.997s][info][gc          ] Allocation Stall (reactors-io-scheduler-ForkJoinPool-1-worker-17) 9.572ms
[110.997s][info][gc          ] Allocation Stall (reactors-io-scheduler-ForkJoinPool-1-worker-24) 9.935ms
[110.997s][info][gc          ] Allocation Stall (reactors-io-scheduler-ForkJoinPool-1-worker-13) 9.422ms
[110.997s][info][gc          ] Allocation Stall (reactors-io-scheduler-ForkJoinPool-1-worker-40) 9.556ms
[110.997s][info][gc          ] Allocation Stall (reactors-io-scheduler-ForkJoinPool-1-worker-34) 9.623ms
[110.997s][info][gc          ] Allocation Stall (reactors-io-scheduler-ForkJoinPool-1-worker-18) 9.947ms
[110.997s][info][gc          ] Allocation Stall (reactors-io-scheduler-ForkJoinPool-1-worker-27) 10.195ms
[110.997s][info][gc          ] Allocation Stall (reactors-io-scheduler-ForkJoinPool-1-worker-8) 10.087ms
[111.006s][info][gc,phases   ] GC(188) Concurrent Select Relocation Set 9.868ms
[111.017s][info][gc,phases   ] GC(188) Pause Relocate Start 0.009ms
[111.020s][info][gc          ] Allocation Stall (reactors-io-scheduler-ForkJoinPool-1-worker-4) 2.861ms
[111.021s][info][gc          ] Allocation Stall (reactors-io-scheduler-ForkJoinPool-1-worker-30) 3.391ms
[111.021s][info][gc,phases   ] GC(188) Concurrent Relocate 3.181ms
[111.021s][info][gc          ] Allocation Stall (reactors-io-scheduler-ForkJoinPool-1-worker-32) 3.548ms
[111.021s][info][gc          ] Allocation Stall (reactors-io-scheduler-ForkJoinPool-1-worker-23) 3.588ms
[111.021s][info][gc,load     ] GC(188) Load: 0.00/0.00/0.00
[111.034s][info][gc,mmu      ] GC(188) MMU: 2ms/95.8%, 5ms/98.3%, 10ms/99.2%, 20ms/99.6%, 50ms/99.8%, 100ms/99.9%
[111.034s][info][gc,marking  ] GC(188) Mark: 8 stripe(s), 2 proactive flush(es), 1 terminate flush(es), 0 completion(s), 0 continuation(s) 
[111.034s][info][gc,marking  ] GC(188) Mark Stack Usage: 32M
[111.034s][info][gc,nmethod  ] GC(188) NMethods: 768 registered, 22 unregistered
[111.034s][info][gc,metaspace] GC(188) Metaspace: 16M used, 16M committed, 1088M reserved
[111.034s][info][gc,ref      ] GC(188) Soft: 171 encountered, 36 discovered, 0 enqueued
[111.034s][info][gc,ref      ] GC(188) Weak: 979 encountered, 45 discovered, 0 enqueued
[111.034s][info][gc,ref      ] GC(188) Final: 0 encountered, 0 discovered, 0 enqueued
[111.034s][info][gc,ref      ] GC(188) Phantom: 35 encountered, 20 discovered, 0 enqueued
[111.034s][info][gc,reloc    ] GC(188) Small Pages: 219 / 438M, Empty: 150M, Relocated: 5M, In-Place: 8
[111.034s][info][gc,reloc    ] GC(188) Medium Pages: 0 / 0M, Empty: 0M, Relocated: 0M, In-Place: 0
[111.034s][info][gc,reloc    ] GC(188) Large Pages: 0 / 0M, Empty: 0M, Relocated: 0M, In-Place: 0
[111.034s][info][gc,reloc    ] GC(188) Forwarding Usage: 2M
[111.034s][info][gc,heap     ] GC(188) Min Capacity: 8M(1%)
[111.034s][info][gc,heap     ] GC(188) Max Capacity: 1024M(100%)
[111.034s][info][gc,heap     ] GC(188) Soft Max Capacity: 1024M(100%)
[111.034s][info][gc,heap     ] GC(188)                Mark Start          Mark End        Relocate Start      Relocate End           High               Low         
[111.034s][info][gc,heap     ] GC(188)  Capacity:     1024M (100%)       1024M (100%)       1024M (100%)       1024M (100%)       1024M (100%)       1024M (100%)   
[111.034s][info][gc,heap     ] GC(188)      Free:      586M (57%)           0M (0%)            0M (0%)          220M (21%)         586M (57%)           0M (0%)     
[111.034s][info][gc,heap     ] GC(188)      Used:      438M (43%)        1024M (100%)       1024M (100%)        804M (79%)        1024M (100%)        438M (43%)    
[111.034s][info][gc,heap     ] GC(188)      Live:         -                24M (2%)           24M (2%)           24M (2%)             -                  -          
[111.034s][info][gc,heap     ] GC(188) Allocated:         -               586M (57%)         736M (72%)         759M (74%)            -                  -          
[111.034s][info][gc,heap     ] GC(188)   Garbage:         -               413M (40%)         263M (26%)          19M (2%)             -                  -          
[111.034s][info][gc,heap     ] GC(188) Reclaimed:         -                  -               150M (15%)         393M (38%)            -                  -          
[111.034s][info][gc          ] GC(188) Garbage Collection (Allocation Stall) 438M(43%)->804M(79%)
[111.046s][info][gc          ] Allocation Stall (reactors-io-scheduler-ForkJoinPool-1-worker-21) 28.924ms
[111.056s][info][gc,start    ] GC(189) Garbage Collection (Allocation Stall)
[111.056s][info][gc,ref      ] GC(189) Clearing All SoftReferences
[111.056s][info][gc,task     ] GC(189) Using 10 workers
[111.056s][info][gc,ref      ] GC(189) Clearing All SoftReferences
[111.057s][info][gc,phases   ] GC(189) Pause Mark Start 0.039ms
[111.090s][info][gc,phases   ] GC(189) Concurrent Mark 32.929ms
[111.090s][info][gc,phases   ] GC(189) Pause Mark End 0.020ms
[111.090s][info][gc,phases   ] GC(189) Concurrent Mark Free 0.001ms
[111.090s][info][gc,phases   ] GC(189) Concurrent Process Non-Strong References 0.422ms
[111.090s][info][gc,phases   ] GC(189) Concurrent Reset Relocation Set 0.019ms
[111.090s][info][gc          ] Allocation Stall (reactors-io-scheduler-ForkJoinPool-1-worker-17) 33.734ms
[111.090s][info][gc          ] Allocation Stall (reactors-io-scheduler-ForkJoinPool-1-worker-34) 33.773ms
[111.090s][info][gc          ] Allocation Stall (reactors-io-scheduler-ForkJoinPool-1-worker-27) 33.737ms
[111.090s][info][gc          ] Allocation Stall (reactors-io-scheduler-ForkJoinPool-1-worker-7) 33.748ms
[111.090s][info][gc          ] Allocation Stall (reactors-io-scheduler-ForkJoinPool-1-worker-32) 33.751ms
[111.090s][info][gc          ] Allocation Stall (reactors-io-scheduler-ForkJoinPool-1-worker-24) 33.764ms
[111.090s][info][gc          ] Allocation Stall (reactors-io-scheduler-ForkJoinPool-1-worker-43) 33.780ms
[111.090s][info][gc          ] Allocation Stall (reactors-io-scheduler-ForkJoinPool-1-worker-26) 33.756ms
[111.090s][info][gc          ] Allocation Stall (reactors-io-scheduler-ForkJoinPool-1-worker-29) 33.766ms
[111.090s][info][gc          ] Allocation Stall (reactors-io-scheduler-ForkJoinPool-1-worker-39) 33.776ms
[111.090s][info][gc          ] Allocation Stall (reactors-io-scheduler-ForkJoinPool-1-worker-13) 33.772ms
[111.090s][info][gc          ] Allocation Stall (reactors-io-scheduler-ForkJoinPool-1-worker-35) 33.775ms
[111.090s][info][gc          ] Allocation Stall (reactors-io-scheduler-ForkJoinPool-1-worker-14) 33.776ms
[111.090s][info][gc          ] Allocation Stall (reactors-io-scheduler-ForkJoinPool-1-worker-45) 33.822ms
[111.090s][info][gc          ] Allocation Stall (reactors-io-scheduler-ForkJoinPool-1-worker-12) 34.137ms
[111.090s][info][gc          ] Allocation Stall (reactors-io-scheduler-ForkJoinPool-1-worker-22) 33.826ms
[111.090s][info][gc          ] Allocation Stall (reactors-io-scheduler-ForkJoinPool-1-worker-47) 34.163ms
[111.090s][info][gc          ] Allocation Stall (reactors-io-scheduler-ForkJoinPool-1-worker-33) 33.845ms
[111.090s][info][gc          ] Allocation Stall (reactors-io-scheduler-ForkJoinPool-1-worker-2) 33.849ms
[111.090s][info][gc          ] Allocation Stall (reactors-io-scheduler-ForkJoinPool-1-worker-30) 33.802ms
[111.090s][info][gc          ] Allocation Stall (reactors-io-scheduler-ForkJoinPool-1-worker-1) 33.804ms
[111.091s][info][gc          ] Allocation Stall (reactors-io-scheduler-ForkJoinPool-1-worker-11) 34.343ms
[111.091s][info][gc          ] Allocation Stall (reactors-io-scheduler-ForkJoinPool-1-worker-5) 33.807ms
[111.091s][info][gc          ] Allocation Stall (reactors-io-scheduler-ForkJoinPool-1-worker-31) 33.819ms
[111.091s][info][gc          ] Allocation Stall (reactors-io-scheduler-ForkJoinPool-1-worker-6) 33.820ms
[111.091s][info][gc          ] Allocation Stall (reactors-io-scheduler-ForkJoinPool-1-worker-19) 33.860ms
[111.091s][info][gc          ] Allocation Stall (reactors-io-scheduler-ForkJoinPool-1-worker-48) 33.868ms
[111.091s][info][gc          ] Allocation Stall (reactors-io-scheduler-ForkJoinPool-1-worker-25) 33.846ms
[111.091s][info][gc          ] Allocation Stall (reactors-io-scheduler-ForkJoinPool-1-worker-10) 34.323ms
[111.091s][info][gc          ] Allocation Stall (reactors-io-scheduler-ForkJoinPool-1-worker-18) 34.351ms
[111.091s][info][gc          ] Allocation Stall (reactors-io-scheduler-ForkJoinPool-1-worker-4) 33.862ms
[111.091s][info][gc          ] Allocation Stall (reactors-io-scheduler-ForkJoinPool-1-worker-23) 34.269ms
[111.091s][info][gc          ] Allocation Stall (reactors-io-scheduler-ForkJoinPool-1-worker-46) 33.883ms
[111.091s][info][gc          ] Allocation Stall (reactors-io-scheduler-ForkJoinPool-1-worker-8) 33.906ms
[111.091s][info][gc          ] Allocation Stall (reactors-io-scheduler-ForkJoinPool-1-worker-28) 33.913ms
[111.091s][info][gc          ] Allocation Stall (reactors-io-scheduler-ForkJoinPool-1-worker-20) 33.905ms
[111.091s][info][gc          ] Allocation Stall (reactors-io-scheduler-ForkJoinPool-1-worker-40) 33.919ms
[111.091s][info][gc          ] Allocation Stall (reactors-io-scheduler-ForkJoinPool-1-worker-21) 33.886ms
[111.091s][info][gc          ] Allocation Stall (reactors-io-scheduler-ForkJoinPool-1-worker-42) 34.450ms
[111.091s][info][gc          ] Allocation Stall (reactors-io-scheduler-ForkJoinPool-1-worker-41) 33.946ms
[111.091s][info][gc          ] Allocation Stall (reactors-io-scheduler-ForkJoinPool-1-worker-44) 33.907ms
[111.091s][info][gc          ] Allocation Stall (reactors-io-scheduler-ForkJoinPool-1-worker-15) 33.936ms
[111.091s][info][gc          ] Allocation Stall (reactors-io-scheduler-ForkJoinPool-1-worker-38) 34.360ms
[111.091s][info][gc          ] Allocation Stall (reactors-io-scheduler-ForkJoinPool-1-worker-37) 33.899ms
[111.091s][info][gc          ] Allocation Stall (reactors-io-scheduler-ForkJoinPool-1-worker-3) 33.919ms
[111.091s][info][gc          ] Allocation Stall (reactors-io-scheduler-ForkJoinPool-1-worker-36) 33.939ms
[111.091s][info][gc          ] Allocation Stall (reactors-io-scheduler-ForkJoinPool-1-worker-9) 33.940ms
[111.091s][info][gc          ] Allocation Stall (reactors-io-scheduler-ForkJoinPool-1-worker-16) 33.969ms
[111.100s][info][gc,phases   ] GC(189) Concurrent Select Relocation Set 9.699ms
[111.100s][info][gc,phases   ] GC(189) Pause Relocate Start 0.014ms
[111.208s][info][gc          ] Allocation Stall (reactors-io-scheduler-ForkJoinPool-1-worker-9) 1.883ms
[111.209s][info][gc          ] Allocation Stall (reactors-io-scheduler-ForkJoinPool-1-worker-12) 3.493ms
[111.209s][info][gc,phases   ] GC(189) Concurrent Relocate 3.492ms
[111.209s][info][gc,load     ] GC(189) Load: 0.00/0.00/0.00
[111.209s][info][gc,mmu      ] GC(189) MMU: 2ms/95.8%, 5ms/98.3%, 10ms/99.2%, 20ms/99.6%, 50ms/99.8%, 100ms/99.9%
[111.209s][info][gc,marking  ] GC(189) Mark: 8 stripe(s), 3 proactive flush(es), 1 terminate flush(es), 0 completion(s), 0 continuation(s) 
[111.209s][info][gc,marking  ] GC(189) Mark Stack Usage: 32M
[111.210s][info][gc,nmethod  ] GC(189) NMethods: 768 registered, 22 unregistered
[111.210s][info][gc,metaspace] GC(189) Metaspace: 16M used, 16M committed, 1088M reserved
[111.210s][info][gc,ref      ] GC(189) Soft: 171 encountered, 38 discovered, 0 enqueued
[111.210s][info][gc,ref      ] GC(189) Weak: 979 encountered, 58 discovered, 1 enqueued
[111.210s][info][gc,ref      ] GC(189) Final: 0 encountered, 0 discovered, 0 enqueued
[111.210s][info][gc,ref      ] GC(189) Phantom: 35 encountered, 26 discovered, 0 enqueued
[111.210s][info][gc,reloc    ] GC(189) Small Pages: 512 / 1024M, Empty: 684M, Relocated: 5M, In-Place: 3
[111.210s][info][gc,reloc    ] GC(189) Medium Pages: 0 / 0M, Empty: 0M, Relocated: 0M, In-Place: 0
[111.210s][info][gc,reloc    ] GC(189) Large Pages: 0 / 0M, Empty: 0M, Relocated: 0M, In-Place: 0
[111.210s][info][gc,reloc    ] GC(189) Forwarding Usage: 2M
[111.210s][info][gc,heap     ] GC(189) Min Capacity: 8M(1%)
[111.210s][info][gc,heap     ] GC(189) Max Capacity: 1024M(100%)
[111.210s][info][gc,heap     ] GC(189) Soft Max Capacity: 1024M(100%)
[111.210s][info][gc          ] Allocation Stall (reactors-io-scheduler-ForkJoinPool-1-worker-27) 3.798ms
[111.210s][info][gc,heap     ] GC(189)                Mark Start          Mark End        Relocate Start      Relocate End           High               Low         
[111.210s][info][gc,heap     ] GC(189)  Capacity:     1024M (100%)       1024M (100%)       1024M (100%)       1024M (100%)       1024M (100%)       1024M (100%)   
[111.210s][info][gc,heap     ] GC(189)      Free:        0M (0%)            0M (0%)          622M (61%)         274M (27%)         646M (63%)           0M (0%)     
[111.210s][info][gc,heap     ] GC(189)      Used:     1024M (100%)       1024M (100%)        402M (39%)         750M (73%)        1024M (100%)        378M (37%)    
[111.210s][info][gc,heap     ] GC(189)      Live:         -                24M (2%)           24M (2%)           24M (2%)             -                  -          
[111.210s][info][gc,heap     ] GC(189) Allocated:         -                 0M (0%)           62M (6%)          705M (69%)            -                  -          
[111.210s][info][gc,heap     ] GC(189)   Garbage:         -               999M (98%)         315M (31%)          19M (2%)             -                  -          
[111.210s][info][gc,heap     ] GC(189) Reclaimed:         -                  -               684M (67%)         979M (96%)            -                  -          
[111.210s][info][gc          ] GC(189) Garbage Collection (Allocation Stall) 1024M(100%)->750M(73%)
[111.256s][info][gc,start    ] GC(190) Garbage Collection (Allocation Stall)
[111.256s][info][gc,ref      ] GC(190) Clearing All SoftReferences
[111.256s][info][gc,task     ] GC(190) Using 10 workers
[111.256s][info][gc,ref      ] GC(190) Clearing All SoftReferences
[111.256s][info][gc,phases   ] GC(190) Pause Mark Start 0.046ms
[111.278s][info][gc,phases   ] GC(190) Concurrent Mark 22.122ms
[111.278s][info][gc,phases   ] GC(190) Pause Mark End 0.014ms
[111.278s][info][gc,phases   ] GC(190) Concurrent Mark Free 0.001ms
[111.279s][info][gc,phases   ] GC(190) Concurrent Process Non-Strong References 0.367ms
[111.279s][info][gc,phases   ] GC(190) Concurrent Reset Relocation Set 0.021ms
[111.279s][info][gc          ] Allocation Stall (reactors-io-scheduler-ForkJoinPool-1-worker-23) 22.881ms
[111.279s][info][gc          ] Allocation Stall (reactors-io-scheduler-ForkJoinPool-1-worker-48) 22.893ms
[111.279s][info][gc          ] Allocation Stall (reactors-io-scheduler-ForkJoinPool-1-worker-46) 22.884ms
[111.279s][info][gc          ] Allocation Stall (reactors-io-scheduler-ForkJoinPool-1-worker-17) 22.924ms
[111.279s][info][gc          ] Allocation Stall (reactors-io-scheduler-ForkJoinPool-1-worker-34) 22.915ms
[111.279s][info][gc          ] Allocation Stall (reactors-io-scheduler-ForkJoinPool-1-worker-20) 22.921ms
[111.279s][info][gc          ] Allocation Stall (reactors-io-scheduler-ForkJoinPool-1-worker-12) 22.934ms
[111.279s][info][gc          ] Allocation Stall (reactors-io-scheduler-ForkJoinPool-1-worker-21) 22.924ms
[111.279s][info][gc          ] Allocation Stall (reactors-io-scheduler-ForkJoinPool-1-worker-1) 22.935ms
[111.279s][info][gc          ] Allocation Stall (reactors-io-scheduler-ForkJoinPool-1-worker-35) 22.930ms
[111.279s][info][gc          ] Allocation Stall (reactors-io-scheduler-ForkJoinPool-1-worker-4) 22.917ms
[111.279s][info][gc          ] Allocation Stall (reactors-io-scheduler-ForkJoinPool-1-worker-8) 22.931ms
[111.279s][info][gc          ] Allocation Stall (reactors-io-scheduler-ForkJoinPool-1-worker-31) 22.935ms
[111.279s][info][gc          ] Allocation Stall (reactors-io-scheduler-ForkJoinPool-1-worker-22) 22.950ms
[111.279s][info][gc          ] Allocation Stall (reactors-io-scheduler-ForkJoinPool-1-worker-30) 22.964ms
[111.279s][info][gc          ] Allocation Stall (reactors-io-scheduler-ForkJoinPool-1-worker-47) 22.950ms
[111.279s][info][gc          ] Allocation Stall (reactors-io-scheduler-ForkJoinPool-1-worker-13) 23.551ms
[111.279s][info][gc          ] Allocation Stall (reactors-io-scheduler-ForkJoinPool-1-worker-38) 22.983ms
[111.279s][info][gc          ] Allocation Stall (reactors-io-scheduler-ForkJoinPool-1-worker-9) 22.985ms
[111.279s][info][gc          ] Allocation Stall (reactors-io-scheduler-ForkJoinPool-1-worker-5) 22.945ms
[111.279s][info][gc          ] Allocation Stall (reactors-io-scheduler-ForkJoinPool-1-worker-16) 22.948ms
[111.279s][info][gc          ] Allocation Stall (reactors-io-scheduler-ForkJoinPool-1-worker-26) 22.946ms
[111.279s][info][gc          ] Allocation Stall (reactors-io-scheduler-ForkJoinPool-1-worker-36) 22.960ms
[111.279s][info][gc          ] Allocation Stall (reactors-io-scheduler-ForkJoinPool-1-worker-41) 23.001ms
[111.279s][info][gc          ] Allocation Stall (reactors-io-scheduler-ForkJoinPool-1-worker-33) 22.988ms
[111.279s][info][gc          ] Allocation Stall (reactors-io-scheduler-ForkJoinPool-1-worker-28) 23.003ms
[111.279s][info][gc          ] Allocation Stall (reactors-io-scheduler-ForkJoinPool-1-worker-37) 22.952ms
[111.279s][info][gc          ] Allocation Stall (reactors-io-scheduler-ForkJoinPool-1-worker-42) 22.970ms
[111.279s][info][gc          ] Allocation Stall (reactors-io-scheduler-ForkJoinPool-1-worker-43) 22.958ms
[111.279s][info][gc          ] Allocation Stall (reactors-io-scheduler-ForkJoinPool-1-worker-19) 23.330ms
[111.279s][info][gc          ] Allocation Stall (reactors-io-scheduler-ForkJoinPool-1-worker-44) 22.976ms
[111.279s][info][gc          ] Allocation Stall (reactors-io-scheduler-ForkJoinPool-1-worker-25) 23.030ms
[111.279s][info][gc          ] Allocation Stall (reactors-io-scheduler-ForkJoinPool-1-worker-18) 22.990ms
[111.279s][info][gc          ] Allocation Stall (reactors-io-scheduler-ForkJoinPool-1-worker-6) 23.004ms
[111.279s][info][gc          ] Allocation Stall (reactors-io-scheduler-ForkJoinPool-1-worker-39) 23.030ms
[111.279s][info][gc          ] Allocation Stall (reactors-io-scheduler-ForkJoinPool-1-worker-11) 22.975ms
[111.279s][info][gc          ] Allocation Stall (reactors-io-scheduler-ForkJoinPool-1-worker-3) 23.017ms
[111.279s][info][gc          ] Allocation Stall (reactors-io-scheduler-ForkJoinPool-1-worker-10) 23.040ms
[111.279s][info][gc          ] Allocation Stall (reactors-io-scheduler-ForkJoinPool-1-worker-29) 22.998ms
[111.279s][info][gc          ] Allocation Stall (reactors-io-scheduler-ForkJoinPool-1-worker-32) 23.486ms
[111.279s][info][gc          ] Allocation Stall (reactors-io-scheduler-ForkJoinPool-1-worker-45) 22.974ms
[111.279s][info][gc          ] Allocation Stall (reactors-io-scheduler-ForkJoinPool-1-worker-40) 22.976ms
[111.279s][info][gc          ] Allocation Stall (reactors-io-scheduler-ForkJoinPool-1-worker-14) 23.041ms
[111.279s][info][gc          ] Allocation Stall (reactors-io-scheduler-ForkJoinPool-1-worker-24) 22.988ms
[111.279s][info][gc          ] Allocation Stall (reactors-io-scheduler-ForkJoinPool-1-worker-27) 22.974ms
[111.279s][info][gc          ] Allocation Stall (reactors-io-scheduler-ForkJoinPool-1-worker-7) 23.348ms
[111.279s][info][gc          ] Allocation Stall (reactors-io-scheduler-ForkJoinPool-1-worker-2) 23.368ms
[111.279s][info][gc          ] Allocation Stall (reactors-io-scheduler-ForkJoinPool-1-worker-15) 23.036ms
[111.279s][info][gc          ] Allocation Stall (reactors-io-scheduler-reanimator) 23.338ms
[111.289s][info][gc,phases   ] GC(190) Concurrent Select Relocation Set 10.632ms
[111.380s][info][gc,phases   ] GC(190) Pause Relocate Start 0.009ms
[111.380s][info][gc          ] Allocation Stall (reactors-io-scheduler-ForkJoinPool-1-worker-47) 0.878ms
[111.380s][info][gc          ] Allocation Stall (reactors-io-scheduler-ForkJoinPool-1-worker-33) 0.742ms
[111.381s][info][gc          ] Allocation Stall (reactors-io-scheduler-ForkJoinPool-1-worker-10) 1.594ms
[111.382s][info][gc          ] Allocation Stall (reactors-io-scheduler-ForkJoinPool-1-worker-45) 2.527ms
[111.382s][info][gc          ] Allocation Stall (reactors-io-scheduler-ForkJoinPool-1-worker-39) 2.603ms
[111.382s][info][gc          ] Allocation Stall (reactors-io-scheduler-ForkJoinPool-1-worker-44) 2.500ms
[111.382s][info][gc          ] Allocation Stall (reactors-io-scheduler-ForkJoinPool-1-worker-6) 2.767ms
[111.382s][info][gc          ] Allocation Stall (reactors-io-scheduler-ForkJoinPool-1-worker-14) 2.718ms
[111.382s][info][gc          ] Allocation Stall (reactors-io-scheduler-ForkJoinPool-1-worker-21) 2.687ms
[111.382s][info][gc          ] Allocation Stall (reactors-io-scheduler-ForkJoinPool-1-worker-2) 2.640ms
[111.383s][info][gc          ] Allocation Stall (reactors-io-scheduler-ForkJoinPool-1-worker-31) 3.954ms
[111.383s][info][gc          ] Allocation Stall (reactors-io-scheduler-ForkJoinPool-1-worker-15) 3.692ms
[111.385s][info][gc,phases   ] GC(190) Concurrent Relocate 5.499ms
[111.385s][info][gc,load     ] GC(190) Load: 0.00/0.00/0.00
[111.385s][info][gc,mmu      ] GC(190) MMU: 2ms/95.8%, 5ms/98.3%, 10ms/99.2%, 20ms/99.6%, 50ms/99.8%, 100ms/99.9%
[111.385s][info][gc,marking  ] GC(190) Mark: 8 stripe(s), 3 proactive flush(es), 1 terminate flush(es), 0 completion(s), 0 continuation(s) 
[111.385s][info][gc,marking  ] GC(190) Mark Stack Usage: 32M
[111.385s][info][gc,nmethod  ] GC(190) NMethods: 768 registered, 22 unregistered
[111.385s][info][gc,metaspace] GC(190) Metaspace: 16M used, 16M committed, 1088M reserved
[111.385s][info][gc,ref      ] GC(190) Soft: 171 encountered, 32 discovered, 0 enqueued
[111.385s][info][gc,ref      ] GC(190) Weak: 979 encountered, 52 discovered, 4 enqueued
[111.385s][info][gc,ref      ] GC(190) Final: 0 encountered, 0 discovered, 0 enqueued
[111.385s][info][gc,ref      ] GC(190) Phantom: 35 encountered, 25 discovered, 0 enqueued
[111.385s][info][gc,reloc    ] GC(190) Small Pages: 512 / 1024M, Empty: 592M, Relocated: 6M, In-Place: 8
[111.385s][info][gc,reloc    ] GC(190) Medium Pages: 0 / 0M, Empty: 0M, Relocated: 0M, In-Place: 0
[111.385s][info][gc,reloc    ] GC(190) Large Pages: 0 / 0M, Empty: 0M, Relocated: 0M, In-Place: 0
[111.385s][info][gc,reloc    ] GC(190) Forwarding Usage: 2M
[111.385s][info][gc,heap     ] GC(190) Min Capacity: 8M(1%)
[111.385s][info][gc,heap     ] GC(190) Max Capacity: 1024M(100%)
[111.385s][info][gc,heap     ] GC(190) Soft Max Capacity: 1024M(100%)
[111.386s][info][gc,heap     ] GC(190)                Mark Start          Mark End        Relocate Start      Relocate End           High               Low         
[111.386s][info][gc,heap     ] GC(190)  Capacity:     1024M (100%)       1024M (100%)       1024M (100%)       1024M (100%)       1024M (100%)       1024M (100%)   
[111.386s][info][gc,heap     ] GC(190)      Free:        0M (0%)            0M (0%)            0M (0%)          358M (35%)         548M (54%)           0M (0%)     
[111.386s][info][gc,heap     ] GC(190)      Used:     1024M (100%)       1024M (100%)       1024M (100%)        666M (65%)        1024M (100%)        476M (46%)    
[111.386s][info][gc,heap     ] GC(190)      Live:         -                24M (2%)           24M (2%)           24M (2%)             -                  -          
[111.386s][info][gc,heap     ] GC(190) Allocated:         -                 0M (0%)          592M (58%)         625M (61%)            -                  -          
[111.386s][info][gc,heap     ] GC(190)   Garbage:         -               999M (98%)         407M (40%)          15M (2%)             -                  -          
[111.386s][info][gc,heap     ] GC(190) Reclaimed:         -                  -               592M (58%)         983M (96%)            -                  -          
[111.386s][info][gc          ] GC(190) Garbage Collection (Allocation Stall) 1024M(100%)->666M(65%)
[111.386s][info][gc          ] Allocation Stall (reactors-io-scheduler-ForkJoinPool-1-worker-8) 6.569ms
[111.396s][info][gc,start    ] GC(191) Garbage Collection (Allocation Stall)
[111.396s][info][gc,ref      ] GC(191) Clearing All SoftReferences
[111.396s][info][gc,task     ] GC(191) Using 10 workers
[111.396s][info][gc,ref      ] GC(191) Clearing All SoftReferences
[111.397s][info][gc,phases   ] GC(191) Pause Mark Start 0.037ms
[111.459s][info][gc,phases   ] GC(191) Concurrent Mark 16.125ms
[111.459s][info][gc,phases   ] GC(191) Pause Mark End 0.014ms
[111.459s][info][gc,phases   ] GC(191) Concurrent Mark Free 0.000ms
[111.459s][info][gc,phases   ] GC(191) Concurrent Process Non-Strong References 0.346ms
[111.459s][info][gc,phases   ] GC(191) Concurrent Reset Relocation Set 0.028ms
[111.459s][info][gc          ] Allocation Stall (reactors-io-scheduler-ForkJoinPool-1-worker-2) 15.700ms
[111.459s][info][gc          ] Allocation Stall (reactors-io-scheduler-ForkJoinPool-1-worker-19) 16.020ms
[111.459s][info][gc          ] Allocation Stall (reactors-io-scheduler-ForkJoinPool-1-worker-26) 15.768ms
[111.459s][info][gc          ] Allocation Stall (reactors-io-scheduler-ForkJoinPool-1-worker-28) 15.879ms
[111.459s][info][gc          ] Allocation Stall (reactors-io-scheduler-ForkJoinPool-1-worker-34) 15.706ms
[111.459s][info][gc          ] Allocation Stall (reactors-io-scheduler-ForkJoinPool-1-worker-1) 15.858ms
[111.459s][info][gc          ] Allocation Stall (reactors-io-scheduler-ForkJoinPool-1-worker-40) 15.584ms
[111.459s][info][gc          ] Allocation Stall (reactors-io-scheduler-ForkJoinPool-1-worker-33) 15.755ms
[111.459s][info][gc          ] Allocation Stall (reactors-io-scheduler-ForkJoinPool-1-worker-20) 15.689ms
[111.459s][info][gc          ] Allocation Stall (reactors-io-scheduler-ForkJoinPool-1-worker-47) 15.798ms
[111.459s][info][gc          ] Allocation Stall (reactors-io-scheduler-ForkJoinPool-1-worker-7) 15.788ms
[111.459s][info][gc          ] Allocation Stall (reactors-io-scheduler-ForkJoinPool-1-worker-48) 15.742ms
[111.459s][info][gc          ] Allocation Stall (reactors-io-scheduler-ForkJoinPool-1-worker-4) 15.732ms
[111.459s][info][gc          ] Allocation Stall (reactors-io-scheduler-ForkJoinPool-1-worker-5) 15.702ms
[111.459s][info][gc          ] Allocation Stall (reactors-io-scheduler-ForkJoinPool-1-worker-22) 15.811ms
[111.459s][info][gc          ] Allocation Stall (reactors-io-scheduler-ForkJoinPool-1-worker-27) 15.755ms
[111.459s][info][gc          ] Allocation Stall (reactors-io-scheduler-ForkJoinPool-1-worker-41) 15.726ms
[111.459s][info][gc          ] Allocation Stall (reactors-io-scheduler-ForkJoinPool-1-worker-37) 16.959ms
[111.459s][info][gc          ] Allocation Stall (reactors-io-scheduler-ForkJoinPool-1-worker-29) 15.801ms
[111.459s][info][gc          ] Allocation Stall (reactors-io-scheduler-ForkJoinPool-1-worker-44) 15.779ms
[111.459s][info][gc          ] Allocation Stall (reactors-io-scheduler-ForkJoinPool-1-worker-24) 16.019ms
[111.459s][info][gc          ] Allocation Stall (reactors-io-scheduler-ForkJoinPool-1-worker-6) 15.811ms
[111.459s][info][gc          ] Allocation Stall (reactors-io-scheduler-ForkJoinPool-1-worker-25) 15.949ms
[111.459s][info][gc          ] Allocation Stall (reactors-io-scheduler-ForkJoinPool-1-worker-9) 15.778ms
[111.459s][info][gc          ] Allocation Stall (reactors-io-scheduler-ForkJoinPool-1-worker-31) 16.035ms
[111.459s][info][gc          ] Allocation Stall (reactors-io-scheduler-ForkJoinPool-1-worker-8) 16.287ms
[111.459s][info][gc          ] Allocation Stall (reactors-io-scheduler-ForkJoinPool-1-worker-10) 16.229ms
[111.459s][info][gc          ] Allocation Stall (reactors-io-scheduler-ForkJoinPool-1-worker-39) 16.003ms
[111.459s][info][gc          ] Allocation Stall (reactors-io-scheduler-ForkJoinPool-1-worker-35) 16.883ms
[111.459s][info][gc          ] Allocation Stall (reactors-io-scheduler-ForkJoinPool-1-worker-15) 15.824ms
[111.459s][info][gc          ] Allocation Stall (reactors-io-scheduler-ForkJoinPool-1-worker-17) 15.682ms
[111.459s][info][gc          ] Allocation Stall (reactors-io-scheduler-ForkJoinPool-1-worker-11) 16.483ms
[111.459s][info][gc          ] Allocation Stall (reactors-io-scheduler-ForkJoinPool-1-worker-14) 15.922ms
[111.459s][info][gc          ] Allocation Stall (reactors-io-scheduler-ForkJoinPool-1-worker-21) 16.154ms
[111.459s][info][gc          ] Allocation Stall (reactors-io-scheduler-ForkJoinPool-1-worker-23) 16.271ms
[111.459s][info][gc          ] Allocation Stall (reactors-io-scheduler-ForkJoinPool-1-worker-16) 15.805ms
[111.459s][info][gc          ] Allocation Stall (reactors-io-scheduler-ForkJoinPool-1-worker-38) 16.681ms
[111.459s][info][gc          ] Allocation Stall (reactors-io-scheduler-ForkJoinPool-1-worker-46) 16.638ms
[111.459s][info][gc          ] Allocation Stall (reactors-io-scheduler-ForkJoinPool-1-worker-13) 16.811ms
[111.459s][info][gc          ] Allocation Stall (reactors-io-scheduler-ForkJoinPool-1-worker-30) 16.736ms
[111.459s][info][gc          ] Allocation Stall (reactors-io-scheduler-ForkJoinPool-1-worker-3) 16.250ms
[111.459s][info][gc          ] Allocation Stall (reactors-io-scheduler-ForkJoinPool-1-worker-32) 15.824ms
[111.459s][info][gc          ] Allocation Stall (reactors-io-scheduler-ForkJoinPool-1-worker-12) 16.519ms
[111.459s][info][gc          ] Allocation Stall (reactors-io-scheduler-ForkJoinPool-1-worker-18) 15.788ms
[111.459s][info][gc          ] Allocation Stall (reactors-io-scheduler-ForkJoinPool-1-worker-43) 16.803ms
[111.459s][info][gc          ] Allocation Stall (reactors-io-scheduler-ForkJoinPool-1-worker-45) 16.691ms
[111.459s][info][gc          ] Allocation Stall (reactors-io-scheduler-ForkJoinPool-1-worker-36) 16.491ms
[111.459s][info][gc          ] Allocation Stall (reactors-io-scheduler-ForkJoinPool-1-worker-42) 16.904ms
[111.465s][info][gc,phases   ] GC(191) Concurrent Select Relocation Set 6.011ms
[111.465s][info][gc,phases   ] GC(191) Pause Relocate Start 0.009ms
[111.492s][info][gc,phases   ] GC(191) Concurrent Relocate 2.695ms
[111.492s][info][gc,load     ] GC(191) Load: 0.00/0.00/0.00
[111.492s][info][gc,mmu      ] GC(191) MMU: 2ms/95.8%, 5ms/98.3%, 10ms/99.2%, 20ms/99.6%, 50ms/99.8%, 100ms/99.9%
[111.492s][info][gc,marking  ] GC(191) Mark: 8 stripe(s), 2 proactive flush(es), 1 terminate flush(es), 0 completion(s), 0 continuation(s) 
[111.492s][info][gc,marking  ] GC(191) Mark Stack Usage: 32M
[111.492s][info][gc,nmethod  ] GC(191) NMethods: 768 registered, 22 unregistered
[111.492s][info][gc,metaspace] GC(191) Metaspace: 16M used, 16M committed, 1088M reserved
[111.492s][info][gc,ref      ] GC(191) Soft: 171 encountered, 40 discovered, 0 enqueued
[111.492s][info][gc,ref      ] GC(191) Weak: 976 encountered, 44 discovered, 0 enqueued
[111.492s][info][gc,ref      ] GC(191) Final: 0 encountered, 0 discovered, 0 enqueued
[111.492s][info][gc,ref      ] GC(191) Phantom: 35 encountered, 21 discovered, 0 enqueued
[111.492s][info][gc,reloc    ] GC(191) Small Pages: 367 / 734M, Empty: 488M, Relocated: 6M, In-Place: 0
[111.492s][info][gc,reloc    ] GC(191) Medium Pages: 0 / 0M, Empty: 0M, Relocated: 0M, In-Place: 0
[111.492s][info][gc,reloc    ] GC(191) Large Pages: 0 / 0M, Empty: 0M, Relocated: 0M, In-Place: 0
[111.492s][info][gc,reloc    ] GC(191) Forwarding Usage: 2M
[111.492s][info][gc,heap     ] GC(191) Min Capacity: 8M(1%)
[111.492s][info][gc,heap     ] GC(191) Max Capacity: 1024M(100%)
[111.492s][info][gc,heap     ] GC(191) Soft Max Capacity: 1024M(100%)
[111.492s][info][gc,heap     ] GC(191)                Mark Start          Mark End        Relocate Start      Relocate End           High               Low         
[111.492s][info][gc,heap     ] GC(191)  Capacity:     1024M (100%)       1024M (100%)       1024M (100%)       1024M (100%)       1024M (100%)       1024M (100%)   
[111.492s][info][gc,heap     ] GC(191)      Free:      290M (28%)           0M (0%)          444M (43%)         464M (45%)         490M (48%)           0M (0%)     
[111.492s][info][gc,heap     ] GC(191)      Used:      734M (72%)        1024M (100%)        580M (57%)         560M (55%)        1024M (100%)        534M (52%)    
[111.493s][info][gc,heap     ] GC(191)      Live:         -                24M (2%)           24M (2%)           24M (2%)             -                  -          
[111.493s][info][gc,heap     ] GC(191) Allocated:         -               290M (28%)         334M (33%)         519M (51%)            -                  -          
[111.493s][info][gc,heap     ] GC(191)   Garbage:         -               709M (69%)         221M (22%)          16M (2%)             -                  -          
[111.493s][info][gc,heap     ] GC(191) Reclaimed:         -                  -               488M (48%)         693M (68%)            -                  -          
[111.493s][info][gc          ] GC(191) Garbage Collection (Allocation Stall) 734M(72%)->560M(55%)
[111.506s][info][gc,start    ] GC(192) Garbage Collection (Allocation Stall)
[111.506s][info][gc,ref      ] GC(192) Clearing All SoftReferences
[111.506s][info][gc,task     ] GC(192) Using 10 workers
[111.506s][info][gc,ref      ] GC(192) Clearing All SoftReferences
[111.506s][info][gc,phases   ] GC(192) Pause Mark Start 0.033ms
[111.521s][info][gc,phases   ] GC(192) Concurrent Mark 15.401ms
[111.521s][info][gc,phases   ] GC(192) Pause Mark End 0.015ms
[111.521s][info][gc,phases   ] GC(192) Concurrent Mark Free 0.001ms
[111.522s][info][gc,phases   ] GC(192) Concurrent Process Non-Strong References 0.418ms
[111.522s][info][gc,phases   ] GC(192) Concurrent Reset Relocation Set 0.017ms
[111.528s][info][gc,phases   ] GC(192) Concurrent Select Relocation Set 6.092ms
[111.528s][info][gc,phases   ] GC(192) Pause Relocate Start 0.008ms
[111.534s][info][gc,phases   ] GC(192) Concurrent Relocate 5.610ms
[111.534s][info][gc,load     ] GC(192) Load: 0.00/0.00/0.00
[111.534s][info][gc,mmu      ] GC(192) MMU: 2ms/95.8%, 5ms/98.3%, 10ms/99.2%, 20ms/99.6%, 50ms/99.8%, 100ms/99.9%
[111.534s][info][gc,marking  ] GC(192) Mark: 8 stripe(s), 2 proactive flush(es), 1 terminate flush(es), 0 completion(s), 0 continuation(s) 
[111.534s][info][gc,marking  ] GC(192) Mark Stack Usage: 32M
[111.534s][info][gc,nmethod  ] GC(192) NMethods: 768 registered, 22 unregistered
[111.534s][info][gc,metaspace] GC(192) Metaspace: 16M used, 16M committed, 1088M reserved
[111.534s][info][gc,ref      ] GC(192) Soft: 171 encountered, 43 discovered, 0 enqueued
[111.534s][info][gc,ref      ] GC(192) Weak: 978 encountered, 386 discovered, 0 enqueued
[111.534s][info][gc,ref      ] GC(192) Final: 0 encountered, 0 discovered, 0 enqueued
[111.534s][info][gc,ref      ] GC(192) Phantom: 35 encountered, 25 discovered, 0 enqueued
[111.534s][info][gc,reloc    ] GC(192) Small Pages: 273 / 546M, Empty: 460M, Relocated: 10M, In-Place: 0
[111.534s][info][gc,reloc    ] GC(192) Medium Pages: 1 / 32M, Empty: 0M, Relocated: 0M, In-Place: 0
[111.534s][info][gc,reloc    ] GC(192) Large Pages: 0 / 0M, Empty: 0M, Relocated: 0M, In-Place: 0
[111.534s][info][gc,reloc    ] GC(192) Forwarding Usage: 4M
[111.534s][info][gc,heap     ] GC(192) Min Capacity: 8M(1%)
[111.534s][info][gc,heap     ] GC(192) Max Capacity: 1024M(100%)
[111.534s][info][gc,heap     ] GC(192) Soft Max Capacity: 1024M(100%)
[111.534s][info][gc,heap     ] GC(192)                Mark Start          Mark End        Relocate Start      Relocate End           High               Low         
[111.534s][info][gc,heap     ] GC(192)  Capacity:     1024M (100%)       1024M (100%)       1024M (100%)       1024M (100%)       1024M (100%)       1024M (100%)   
[111.534s][info][gc,heap     ] GC(192)      Free:      446M (44%)         426M (42%)         876M (86%)         906M (88%)         906M (88%)         424M (41%)    
[111.534s][info][gc,heap     ] GC(192)      Used:      578M (56%)         598M (58%)         148M (14%)         118M (12%)         600M (59%)         118M (12%)    
[111.534s][info][gc,heap     ] GC(192)      Live:         -                37M (4%)           37M (4%)           37M (4%)             -                  -          
[111.534s][info][gc,heap     ] GC(192) Allocated:         -                20M (2%)           30M (3%)           35M (4%)             -                  -          
[111.534s][info][gc,heap     ] GC(192)   Garbage:         -               540M (53%)          80M (8%)           44M (4%)             -                  -          
[111.534s][info][gc,heap     ] GC(192) Reclaimed:         -                  -               460M (45%)         495M (48%)            -                  -          
[111.534s][info][gc          ] GC(192) Garbage Collection (Allocation Stall) 578M(56%)->118M(12%)
[111.599s][info][gc,start    ] GC(193) Garbage Collection (Allocation Rate)
[111.599s][info][gc,task     ] GC(193) Using 10 workers
[111.600s][info][gc,phases   ] GC(193) Pause Mark Start 0.016ms
[111.662s][info][gc,phases   ] GC(193) Concurrent Mark 62.082ms
[111.662s][info][gc,phases   ] GC(193) Pause Mark End 0.022ms
[111.662s][info][gc,phases   ] GC(193) Concurrent Mark Free 0.001ms
[111.663s][info][gc,phases   ] GC(193) Concurrent Process Non-Strong References 0.559ms
[111.663s][info][gc,phases   ] GC(193) Concurrent Reset Relocation Set 0.004ms
[111.672s][info][gc,phases   ] GC(193) Concurrent Select Relocation Set 9.868ms
[111.673s][info][gc,phases   ] GC(193) Pause Relocate Start 0.012ms
[111.687s][info][gc,phases   ] GC(193) Concurrent Relocate 14.548ms
[111.687s][info][gc,load     ] GC(193) Load: 0.00/0.00/0.00
[111.687s][info][gc,mmu      ] GC(193) MMU: 2ms/95.8%, 5ms/98.3%, 10ms/99.2%, 20ms/99.6%, 50ms/99.8%, 100ms/99.9%
[111.687s][info][gc,marking  ] GC(193) Mark: 8 stripe(s), 2 proactive flush(es), 1 terminate flush(es), 0 completion(s), 0 continuation(s) 
[111.687s][info][gc,marking  ] GC(193) Mark Stack Usage: 32M
[111.687s][info][gc,nmethod  ] GC(193) NMethods: 768 registered, 22 unregistered
[111.687s][info][gc,metaspace] GC(193) Metaspace: 16M used, 16M committed, 1088M reserved
[111.687s][info][gc,ref      ] GC(193) Soft: 171 encountered, 0 discovered, 0 enqueued
[111.687s][info][gc,ref      ] GC(193) Weak: 978 encountered, 34 discovered, 0 enqueued
[111.687s][info][gc,ref      ] GC(193) Final: 0 encountered, 0 discovered, 0 enqueued
[111.688s][info][gc,ref      ] GC(193) Phantom: 35 encountered, 26 discovered, 0 enqueued
[111.688s][info][gc,reloc    ] GC(193) Small Pages: 84 / 168M, Empty: 0M, Relocated: 34M, In-Place: 0
[111.688s][info][gc,reloc    ] GC(193) Medium Pages: 1 / 32M, Empty: 0M, Relocated: 0M, In-Place: 0
[111.688s][info][gc,reloc    ] GC(193) Large Pages: 0 / 0M, Empty: 0M, Relocated: 0M, In-Place: 0
[111.688s][info][gc,reloc    ] GC(193) Forwarding Usage: 14M
[111.688s][info][gc,heap     ] GC(193) Min Capacity: 8M(1%)
[111.688s][info][gc,heap     ] GC(193) Max Capacity: 1024M(100%)
[111.688s][info][gc,heap     ] GC(193) Soft Max Capacity: 1024M(100%)
[111.688s][info][gc,heap     ] GC(193)                Mark Start          Mark End        Relocate Start      Relocate End           High               Low         
[111.688s][info][gc,heap     ] GC(193)  Capacity:     1024M (100%)       1024M (100%)       1024M (100%)       1024M (100%)       1024M (100%)       1024M (100%)   
[111.688s][info][gc,heap     ] GC(193)      Free:      824M (80%)         746M (73%)         732M (71%)         742M (72%)         824M (80%)         712M (70%)    
[111.688s][info][gc,heap     ] GC(193)      Used:      200M (20%)         278M (27%)         292M (29%)         282M (28%)         312M (30%)         200M (20%)    
[111.688s][info][gc,heap     ] GC(193)      Live:         -               111M (11%)         111M (11%)         111M (11%)            -                  -          
[111.688s][info][gc,heap     ] GC(193) Allocated:         -                78M (8%)           92M (9%)          105M (10%)            -                  -          
[111.688s][info][gc,heap     ] GC(193)   Garbage:         -                88M (9%)           88M (9%)           64M (6%)             -                  -          
[111.688s][info][gc,heap     ] GC(193) Reclaimed:         -                  -                 0M (0%)           23M (2%)             -                  -          
[111.688s][info][gc          ] GC(193) Garbage Collection (Allocation Rate) 200M(20%)->282M(28%)
[111.709s][info][gc,start    ] GC(194) Garbage Collection (Allocation Rate)
[111.709s][info][gc,task     ] GC(194) Using 10 workers
[111.709s][info][gc,phases   ] GC(194) Pause Mark Start 0.017ms
[111.787s][info][gc,phases   ] GC(194) Concurrent Mark 77.746ms
[111.787s][info][gc,phases   ] GC(194) Pause Mark End 0.015ms
[111.787s][info][gc,phases   ] GC(194) Concurrent Mark Free 0.001ms
[111.787s][info][gc,phases   ] GC(194) Concurrent Process Non-Strong References 0.437ms
[111.787s][info][gc,phases   ] GC(194) Concurrent Reset Relocation Set 0.004ms
[111.805s][info][gc,phases   ] GC(194) Concurrent Select Relocation Set 17.245ms
[111.830s][info][gc,phases   ] GC(194) Pause Relocate Start 0.012ms
[111.856s][info][gc,phases   ] GC(194) Concurrent Relocate 25.947ms
[111.857s][info][gc,load     ] GC(194) Load: 0.00/0.00/0.00
[111.857s][info][gc,mmu      ] GC(194) MMU: 2ms/95.8%, 5ms/98.3%, 10ms/99.2%, 20ms/99.6%, 50ms/99.8%, 100ms/99.9%
[111.857s][info][gc,marking  ] GC(194) Mark: 8 stripe(s), 2 proactive flush(es), 1 terminate flush(es), 0 completion(s), 0 continuation(s) 
[111.857s][info][gc,marking  ] GC(194) Mark Stack Usage: 32M
[111.857s][info][gc,nmethod  ] GC(194) NMethods: 768 registered, 22 unregistered
[111.857s][info][gc,metaspace] GC(194) Metaspace: 16M used, 16M committed, 1088M reserved
[111.857s][info][gc,ref      ] GC(194) Soft: 171 encountered, 0 discovered, 0 enqueued
[111.857s][info][gc,ref      ] GC(194) Weak: 978 encountered, 589 discovered, 0 enqueued
[111.857s][info][gc,ref      ] GC(194) Final: 0 encountered, 0 discovered, 0 enqueued
[111.857s][info][gc,ref      ] GC(194) Phantom: 35 encountered, 26 discovered, 0 enqueued
[111.857s][info][gc,reloc    ] GC(194) Small Pages: 138 / 276M, Empty: 0M, Relocated: 61M, In-Place: 0
[111.857s][info][gc,reloc    ] GC(194) Medium Pages: 1 / 32M, Empty: 0M, Relocated: 0M, In-Place: 0
[111.857s][info][gc,reloc    ] GC(194) Large Pages: 0 / 0M, Empty: 0M, Relocated: 0M, In-Place: 0
[111.857s][info][gc,reloc    ] GC(194) Forwarding Usage: 25M
[111.857s][info][gc,heap     ] GC(194) Min Capacity: 8M(1%)
[111.857s][info][gc,heap     ] GC(194) Max Capacity: 1024M(100%)
[111.857s][info][gc,heap     ] GC(194) Soft Max Capacity: 1024M(100%)
[111.857s][info][gc,heap     ] GC(194)                Mark Start          Mark End        Relocate Start      Relocate End           High               Low         
[111.857s][info][gc,heap     ] GC(194)  Capacity:     1024M (100%)       1024M (100%)       1024M (100%)       1024M (100%)       1024M (100%)       1024M (100%)   
[111.857s][info][gc,heap     ] GC(194)      Free:      716M (70%)         630M (62%)         580M (57%)         598M (58%)         716M (70%)         560M (55%)    
[111.857s][info][gc,heap     ] GC(194)      Used:      308M (30%)         394M (38%)         444M (43%)         426M (42%)         464M (45%)         308M (30%)    
[111.857s][info][gc,heap     ] GC(194)      Live:         -               190M (19%)         190M (19%)         190M (19%)            -                  -          
[111.857s][info][gc,heap     ] GC(194) Allocated:         -                86M (8%)          136M (13%)         159M (16%)            -                  -          
[111.857s][info][gc,heap     ] GC(194)   Garbage:         -               117M (11%)         117M (11%)          75M (7%)             -                  -          
[111.857s][info][gc,heap     ] GC(194) Reclaimed:         -                  -                 0M (0%)           41M (4%)             -                  -          
[111.857s][info][gc          ] GC(194) Garbage Collection (Allocation Rate) 308M(30%)->426M(42%)
[111.896s][info][gc,start    ] GC(195) Garbage Collection (Allocation Rate)
[111.896s][info][gc,task     ] GC(195) Using 10 workers
[111.896s][info][gc,phases   ] GC(195) Pause Mark Start 0.017ms
[112.021s][info][gc,phases   ] GC(195) Concurrent Mark 124.574ms
[112.021s][info][gc,phases   ] GC(195) Pause Mark End 0.018ms
[112.021s][info][gc,phases   ] GC(195) Concurrent Mark Free 0.001ms
[112.022s][info][gc,phases   ] GC(195) Concurrent Process Non-Strong References 0.452ms
[112.022s][info][gc,phases   ] GC(195) Concurrent Reset Relocation Set 0.011ms
[112.028s][info][gc,phases   ] GC(195) Concurrent Select Relocation Set 6.279ms
[112.028s][info][gc,phases   ] GC(195) Pause Relocate Start 0.009ms
[112.039s][info][gc,phases   ] GC(195) Concurrent Relocate 10.906ms
[112.039s][info][gc,load     ] GC(195) Load: 0.00/0.00/0.00
[112.039s][info][gc,mmu      ] GC(195) MMU: 2ms/95.8%, 5ms/98.3%, 10ms/99.2%, 20ms/99.6%, 50ms/99.8%, 100ms/99.9%
[112.039s][info][gc,marking  ] GC(195) Mark: 8 stripe(s), 2 proactive flush(es), 1 terminate flush(es), 0 completion(s), 0 continuation(s) 
[112.039s][info][gc,marking  ] GC(195) Mark Stack Usage: 32M
[112.039s][info][gc,nmethod  ] GC(195) NMethods: 768 registered, 22 unregistered
[112.039s][info][gc,metaspace] GC(195) Metaspace: 16M used, 16M committed, 1088M reserved
[112.039s][info][gc,ref      ] GC(195) Soft: 171 encountered, 0 discovered, 0 enqueued
[112.039s][info][gc,ref      ] GC(195) Weak: 978 encountered, 531 discovered, 0 enqueued
[112.039s][info][gc,ref      ] GC(195) Final: 0 encountered, 0 discovered, 0 enqueued
[112.039s][info][gc,ref      ] GC(195) Phantom: 35 encountered, 16 discovered, 0 enqueued
[112.039s][info][gc,reloc    ] GC(195) Small Pages: 219 / 438M, Empty: 0M, Relocated: 29M, In-Place: 0
[112.039s][info][gc,reloc    ] GC(195) Medium Pages: 1 / 32M, Empty: 0M, Relocated: 0M, In-Place: 0
[112.039s][info][gc,reloc    ] GC(195) Large Pages: 0 / 0M, Empty: 0M, Relocated: 0M, In-Place: 0
[112.039s][info][gc,reloc    ] GC(195) Forwarding Usage: 13M
[112.039s][info][gc,heap     ] GC(195) Min Capacity: 8M(1%)
[112.039s][info][gc,heap     ] GC(195) Max Capacity: 1024M(100%)
[112.039s][info][gc,heap     ] GC(195) Soft Max Capacity: 1024M(100%)
[112.040s][info][gc,heap     ] GC(195)                Mark Start          Mark End        Relocate Start      Relocate End           High               Low         
[112.040s][info][gc,heap     ] GC(195)  Capacity:     1024M (100%)       1024M (100%)       1024M (100%)       1024M (100%)       1024M (100%)       1024M (100%)   
[112.040s][info][gc,heap     ] GC(195)      Free:      554M (54%)         436M (43%)         428M (42%)         442M (43%)         554M (54%)         408M (40%)    
[112.040s][info][gc,heap     ] GC(195)      Used:      470M (46%)         588M (57%)         596M (58%)         582M (57%)         616M (60%)         470M (46%)    
[112.040s][info][gc,heap     ] GC(195)      Live:         -               320M (31%)         320M (31%)         320M (31%)            -                  -          
[112.040s][info][gc,heap     ] GC(195) Allocated:         -               118M (12%)         126M (12%)         137M (13%)            -                  -          
[112.040s][info][gc,heap     ] GC(195)   Garbage:         -               149M (15%)         149M (15%)         123M (12%)            -                  -          
[112.040s][info][gc,heap     ] GC(195) Reclaimed:         -                  -                 0M (0%)           25M (3%)             -                  -          
[112.040s][info][gc          ] GC(195) Garbage Collection (Allocation Rate) 470M(46%)->582M(57%)
[112.099s][info][gc,start    ] GC(196) Garbage Collection (Allocation Rate)
[112.099s][info][gc,task     ] GC(196) Using 10 workers
[112.099s][info][gc,phases   ] GC(196) Pause Mark Start 0.016ms
[112.240s][info][gc,phases   ] GC(196) Concurrent Mark 140.171ms
[112.240s][info][gc,phases   ] GC(196) Pause Mark End 0.020ms
[112.240s][info][gc,phases   ] GC(196) Concurrent Mark Free 0.001ms
[112.240s][info][gc,phases   ] GC(196) Concurrent Process Non-Strong References 0.419ms
[112.240s][info][gc,phases   ] GC(196) Concurrent Reset Relocation Set 0.005ms
[112.263s][info][gc,phases   ] GC(196) Concurrent Select Relocation Set 22.547ms
[112.263s][info][gc,phases   ] GC(196) Pause Relocate Start 0.012ms
[112.283s][info][gc,phases   ] GC(196) Concurrent Relocate 19.827ms
[112.283s][info][gc,load     ] GC(196) Load: 0.00/0.00/0.00
[112.283s][info][gc,mmu      ] GC(196) MMU: 2ms/95.8%, 5ms/98.3%, 10ms/99.2%, 20ms/99.6%, 50ms/99.8%, 100ms/99.9%
[112.283s][info][gc,marking  ] GC(196) Mark: 8 stripe(s), 2 proactive flush(es), 1 terminate flush(es), 0 completion(s), 0 continuation(s) 
[112.283s][info][gc,marking  ] GC(196) Mark Stack Usage: 32M
[112.283s][info][gc,nmethod  ] GC(196) NMethods: 768 registered, 22 unregistered
[112.283s][info][gc,metaspace] GC(196) Metaspace: 16M used, 16M committed, 1088M reserved
[112.283s][info][gc,ref      ] GC(196) Soft: 171 encountered, 0 discovered, 0 enqueued
[112.283s][info][gc,ref      ] GC(196) Weak: 978 encountered, 494 discovered, 0 enqueued
[112.283s][info][gc,ref      ] GC(196) Final: 0 encountered, 0 discovered, 0 enqueued
[112.283s][info][gc,ref      ] GC(196) Phantom: 35 encountered, 23 discovered, 0 enqueued
[112.284s][info][gc,reloc    ] GC(196) Small Pages: 306 / 612M, Empty: 0M, Relocated: 48M, In-Place: 0
[112.284s][info][gc,reloc    ] GC(196) Medium Pages: 1 / 32M, Empty: 0M, Relocated: 0M, In-Place: 0
[112.284s][info][gc,reloc    ] GC(196) Large Pages: 0 / 0M, Empty: 0M, Relocated: 0M, In-Place: 0
[112.284s][info][gc,reloc    ] GC(196) Forwarding Usage: 20M
[112.284s][info][gc,heap     ] GC(196) Min Capacity: 8M(1%)
[112.284s][info][gc,heap     ] GC(196) Max Capacity: 1024M(100%)
[112.284s][info][gc,heap     ] GC(196) Soft Max Capacity: 1024M(100%)
[112.284s][info][gc,heap     ] GC(196)                Mark Start          Mark End        Relocate Start      Relocate End           High               Low         
[112.284s][info][gc,heap     ] GC(196)  Capacity:     1024M (100%)       1024M (100%)       1024M (100%)       1024M (100%)       1024M (100%)       1024M (100%)   
[112.284s][info][gc,heap     ] GC(196)      Free:      380M (37%)         252M (25%)         228M (22%)         234M (23%)         380M (37%)         206M (20%)    
[112.284s][info][gc,heap     ] GC(196)      Used:      644M (63%)         772M (75%)         796M (78%)         790M (77%)         818M (80%)         644M (63%)    
[112.284s][info][gc,heap     ] GC(196)      Live:         -               451M (44%)         451M (44%)         451M (44%)            -                  -          
[112.284s][info][gc,heap     ] GC(196) Allocated:         -               128M (13%)         152M (15%)         173M (17%)            -                  -          
[112.284s][info][gc,heap     ] GC(196)   Garbage:         -               192M (19%)         192M (19%)         164M (16%)            -                  -          
[112.284s][info][gc,heap     ] GC(196) Reclaimed:         -                  -                 0M (0%)           27M (3%)             -                  -          
[112.284s][info][gc          ] GC(196) Garbage Collection (Allocation Rate) 644M(63%)->790M(77%)
[112.302s][info][gc,start    ] GC(197) Garbage Collection (Allocation Rate)
[112.302s][info][gc,task     ] GC(197) Using 10 workers
[112.302s][info][gc,phases   ] GC(197) Pause Mark Start 0.014ms
[112.505s][info][gc,phases   ] GC(197) Concurrent Mark 202.658ms
[112.505s][info][gc,phases   ] GC(197) Pause Mark End 0.019ms
[112.505s][info][gc,phases   ] GC(197) Concurrent Mark Free 0.001ms
[112.506s][info][gc,phases   ] GC(197) Concurrent Process Non-Strong References 0.435ms
[112.506s][info][gc,phases   ] GC(197) Concurrent Reset Relocation Set 0.011ms
[112.510s][info][gc,phases   ] GC(197) Concurrent Select Relocation Set 3.673ms
[112.510s][info][gc,phases   ] GC(197) Pause Relocate Start 0.009ms
[112.519s][info][gc,phases   ] GC(197) Concurrent Relocate 9.239ms
[112.519s][info][gc,load     ] GC(197) Load: 0.00/0.00/0.00
[112.519s][info][gc,mmu      ] GC(197) MMU: 2ms/95.8%, 5ms/98.3%, 10ms/99.2%, 20ms/99.6%, 50ms/99.8%, 100ms/99.9%
[112.519s][info][gc,marking  ] GC(197) Mark: 8 stripe(s), 3 proactive flush(es), 1 terminate flush(es), 0 completion(s), 0 continuation(s) 
[112.519s][info][gc,marking  ] GC(197) Mark Stack Usage: 32M
[112.519s][info][gc,nmethod  ] GC(197) NMethods: 768 registered, 22 unregistered
[112.519s][info][gc,metaspace] GC(197) Metaspace: 16M used, 16M committed, 1088M reserved
[112.519s][info][gc,ref      ] GC(197) Soft: 171 encountered, 0 discovered, 0 enqueued
[112.519s][info][gc,ref      ] GC(197) Weak: 978 encountered, 535 discovered, 0 enqueued
[112.519s][info][gc,ref      ] GC(197) Final: 0 encountered, 0 discovered, 0 enqueued
[112.519s][info][gc,ref      ] GC(197) Phantom: 35 encountered, 28 discovered, 0 enqueued
[112.519s][info][gc,reloc    ] GC(197) Small Pages: 389 / 778M, Empty: 0M, Relocated: 26M, In-Place: 0
[112.519s][info][gc,reloc    ] GC(197) Medium Pages: 1 / 32M, Empty: 0M, Relocated: 0M, In-Place: 0
[112.519s][info][gc,reloc    ] GC(197) Large Pages: 0 / 0M, Empty: 0M, Relocated: 0M, In-Place: 0
[112.519s][info][gc,reloc    ] GC(197) Forwarding Usage: 12M
[112.519s][info][gc,heap     ] GC(197) Min Capacity: 8M(1%)
[112.519s][info][gc,heap     ] GC(197) Max Capacity: 1024M(100%)
[112.519s][info][gc,heap     ] GC(197) Soft Max Capacity: 1024M(100%)
[112.519s][info][gc,heap     ] GC(197)                Mark Start          Mark End        Relocate Start      Relocate End           High               Low         
[112.519s][info][gc,heap     ] GC(197)  Capacity:     1024M (100%)       1024M (100%)       1024M (100%)       1024M (100%)       1024M (100%)       1024M (100%)   
[112.519s][info][gc,heap     ] GC(197)      Free:      214M (21%)          80M (8%)           80M (8%)           88M (9%)          214M (21%)          58M (6%)     
[112.519s][info][gc,heap     ] GC(197)      Used:      810M (79%)         944M (92%)         944M (92%)         936M (91%)         966M (94%)         810M (79%)    
[112.519s][info][gc,heap     ] GC(197)      Live:         -               577M (56%)         577M (56%)         577M (56%)            -                  -          
[112.519s][info][gc,heap     ] GC(197) Allocated:         -               134M (13%)         134M (13%)         137M (13%)            -                  -          
[112.519s][info][gc,heap     ] GC(197)   Garbage:         -               232M (23%)         232M (23%)         220M (22%)            -                  -          
[112.520s][info][gc,heap     ] GC(197) Reclaimed:         -                  -                 0M (0%)           11M (1%)             -                  -          
[112.520s][info][gc          ] GC(197) Garbage Collection (Allocation Rate) 810M(79%)->936M(91%)
[112.599s][info][gc,start    ] GC(198) Garbage Collection (Allocation Rate)
[112.599s][info][gc,task     ] GC(198) Using 10 workers
[112.599s][info][gc,phases   ] GC(198) Pause Mark Start 0.011ms
[112.802s][info][gc,phases   ] GC(198) Concurrent Mark 202.671ms
[112.802s][info][gc,phases   ] GC(198) Pause Mark End 0.016ms
[112.802s][info][gc,phases   ] GC(198) Concurrent Mark Free 0.001ms
[112.803s][info][gc,phases   ] GC(198) Concurrent Process Non-Strong References 0.461ms
[112.803s][info][gc,phases   ] GC(198) Concurrent Reset Relocation Set 0.007ms
[112.836s][info][gc,phases   ] GC(198) Concurrent Select Relocation Set 33.090ms
[112.836s][info][gc,phases   ] GC(198) Pause Relocate Start 0.010ms
[112.837s][info][gc          ] Allocation Stall (reactors-io-scheduler-reanimator) 35.200ms
[112.838s][info][gc          ] Relocation Stall (main) 1.037ms
[112.838s][info][gc          ] Allocation Stall (main) 52.907ms
[112.876s][info][gc,phases   ] GC(198) Concurrent Relocate 40.319ms
[112.876s][info][gc,load     ] GC(198) Load: 0.00/0.00/0.00
[112.876s][info][gc,mmu      ] GC(198) MMU: 2ms/95.8%, 5ms/98.3%, 10ms/99.2%, 20ms/99.6%, 50ms/99.8%, 100ms/99.9%
[112.877s][info][gc,marking  ] GC(198) Mark: 8 stripe(s), 3 proactive flush(es), 1 terminate flush(es), 0 completion(s), 0 continuation(s) 
[112.877s][info][gc,marking  ] GC(198) Mark Stack Usage: 32M
[112.877s][info][gc,nmethod  ] GC(198) NMethods: 768 registered, 22 unregistered
[112.877s][info][gc,metaspace] GC(198) Metaspace: 16M used, 16M committed, 1088M reserved
[112.877s][info][gc,ref      ] GC(198) Soft: 171 encountered, 72 discovered, 0 enqueued
[112.877s][info][gc,ref      ] GC(198) Weak: 981 encountered, 537 discovered, 1 enqueued
[112.877s][info][gc,ref      ] GC(198) Final: 0 encountered, 0 discovered, 0 enqueued
[112.877s][info][gc,ref      ] GC(198) Phantom: 35 encountered, 27 discovered, 0 enqueued
[112.877s][info][gc,reloc    ] GC(198) Small Pages: 448 / 896M, Empty: 0M, Relocated: 153M, In-Place: 9
[112.877s][info][gc,reloc    ] GC(198) Medium Pages: 2 / 64M, Empty: 0M, Relocated: 3M, In-Place: 1
[112.877s][info][gc,reloc    ] GC(198) Large Pages: 0 / 0M, Empty: 0M, Relocated: 0M, In-Place: 0
[112.877s][info][gc,reloc    ] GC(198) Forwarding Usage: 64M
[112.877s][info][gc,heap     ] GC(198) Min Capacity: 8M(1%)
[112.877s][info][gc,heap     ] GC(198) Max Capacity: 1024M(100%)
[112.877s][info][gc,heap     ] GC(198) Soft Max Capacity: 1024M(100%)
[112.877s][info][gc,heap     ] GC(198)                Mark Start          Mark End        Relocate Start      Relocate End           High               Low         
[112.877s][info][gc,heap     ] GC(198)  Capacity:     1024M (100%)       1024M (100%)       1024M (100%)       1024M (100%)       1024M (100%)       1024M (100%)   
[112.877s][info][gc,heap     ] GC(198)      Free:       64M (6%)            0M (0%)            0M (0%)          182M (18%)         182M (18%)           0M (0%)     
[112.877s][info][gc,heap     ] GC(198)      Used:      960M (94%)        1024M (100%)       1024M (100%)        842M (82%)        1024M (100%)        842M (82%)    
[112.877s][info][gc,heap     ] GC(198)      Live:         -               591M (58%)         591M (58%)         591M (58%)            -                  -          
[112.877s][info][gc,heap     ] GC(198) Allocated:         -                64M (6%)           64M (6%)           67M (7%)             -                  -          
[112.877s][info][gc,heap     ] GC(198)   Garbage:         -               368M (36%)         368M (36%)         182M (18%)            -                  -          
[112.877s][info][gc,heap     ] GC(198) Reclaimed:         -                  -                 0M (0%)          185M (18%)            -                  -          
[112.877s][info][gc          ] GC(198) Garbage Collection (Allocation Rate) 960M(94%)->842M(82%)
[112.896s][info][gc,start    ] GC(199) Garbage Collection (Allocation Stall)
[112.896s][info][gc,ref      ] GC(199) Clearing All SoftReferences
[112.896s][info][gc,task     ] GC(199) Using 10 workers
[112.896s][info][gc,ref      ] GC(199) Clearing All SoftReferences
[112.896s][info][gc,phases   ] GC(199) Pause Mark Start 0.044ms
[112.915s][info][gc,phases   ] GC(199) Concurrent Mark 19.546ms
[112.916s][info][gc,phases   ] GC(199) Pause Mark End 0.016ms
[112.916s][info][gc,phases   ] GC(199) Concurrent Mark Free 0.001ms
[112.916s][info][gc,phases   ] GC(199) Concurrent Process Non-Strong References 0.575ms
[112.916s][info][gc,phases   ] GC(199) Concurrent Reset Relocation Set 0.036ms
[112.932s][info][gc,phases   ] GC(199) Concurrent Select Relocation Set 15.315ms
[112.932s][info][gc,phases   ] GC(199) Pause Relocate Start 0.009ms
[112.935s][info][gc,phases   ] GC(199) Concurrent Relocate 2.568ms
[112.935s][info][gc,load     ] GC(199) Load: 0.00/0.00/0.00
[112.935s][info][gc,mmu      ] GC(199) MMU: 2ms/95.8%, 5ms/98.3%, 10ms/99.2%, 20ms/99.6%, 50ms/99.8%, 100ms/99.9%
[112.935s][info][gc,marking  ] GC(199) Mark: 8 stripe(s), 3 proactive flush(es), 1 terminate flush(es), 0 completion(s), 0 continuation(s) 
[112.935s][info][gc,marking  ] GC(199) Mark Stack Usage: 32M
[112.935s][info][gc,nmethod  ] GC(199) NMethods: 768 registered, 22 unregistered
[112.935s][info][gc,metaspace] GC(199) Metaspace: 16M used, 16M committed, 1088M reserved
[112.935s][info][gc,ref      ] GC(199) Soft: 171 encountered, 39 discovered, 1 enqueued
[112.935s][info][gc,ref      ] GC(199) Weak: 978 encountered, 324 discovered, 2 enqueued
[112.935s][info][gc,ref      ] GC(199) Final: 0 encountered, 0 discovered, 0 enqueued
[112.935s][info][gc,ref      ] GC(199) Phantom: 35 encountered, 24 discovered, 0 enqueued
[112.935s][info][gc,reloc    ] GC(199) Small Pages: 405 / 810M, Empty: 746M, Relocated: 4M, In-Place: 0
[112.935s][info][gc,reloc    ] GC(199) Medium Pages: 1 / 32M, Empty: 32M, Relocated: 0M, In-Place: 0
[112.935s][info][gc,reloc    ] GC(199) Large Pages: 0 / 0M, Empty: 0M, Relocated: 0M, In-Place: 0
[112.935s][info][gc,reloc    ] GC(199) Forwarding Usage: 1M
[112.935s][info][gc,heap     ] GC(199) Min Capacity: 8M(1%)
[112.935s][info][gc,heap     ] GC(199) Max Capacity: 1024M(100%)
[112.935s][info][gc,heap     ] GC(199) Soft Max Capacity: 1024M(100%)
[112.935s][info][gc,heap     ] GC(199)                Mark Start          Mark End        Relocate Start      Relocate End           High               Low         
[112.935s][info][gc,heap     ] GC(199)  Capacity:     1024M (100%)       1024M (100%)       1024M (100%)       1024M (100%)       1024M (100%)       1024M (100%)   
[112.935s][info][gc,heap     ] GC(199)      Free:      182M (18%)         180M (18%)         958M (94%)         980M (96%)         980M (96%)         180M (18%)    
[112.935s][info][gc,heap     ] GC(199)      Used:      842M (82%)         844M (82%)          66M (6%)           44M (4%)          844M (82%)          44M (4%)     
[112.935s][info][gc,heap     ] GC(199)      Live:         -                23M (2%)           23M (2%)           23M (2%)             -                  -          
[112.935s][info][gc,heap     ] GC(199) Allocated:         -                 2M (0%)            2M (0%)            1M (0%)             -                  -          
[112.935s][info][gc,heap     ] GC(199)   Garbage:         -               818M (80%)          40M (4%)           18M (2%)             -                  -          
[112.935s][info][gc,heap     ] GC(199) Reclaimed:         -                  -               778M (76%)         799M (78%)            -                  -          
[112.935s][info][gc          ] GC(199) Garbage Collection (Allocation Stall) 842M(82%)->44M(4%)
[113.002s][info][gc,start    ] GC(200) Garbage Collection (Allocation Rate)
[113.002s][info][gc,task     ] GC(200) Using 10 workers
[113.002s][info][gc,phases   ] GC(200) Pause Mark Start 0.013ms
[113.018s][info][gc,phases   ] GC(200) Concurrent Mark 15.570ms
[113.018s][info][gc,phases   ] GC(200) Pause Mark End 0.017ms
[113.018s][info][gc,phases   ] GC(200) Concurrent Mark Free 0.001ms
[113.019s][info][gc,phases   ] GC(200) Concurrent Process Non-Strong References 0.631ms
[113.019s][info][gc,phases   ] GC(200) Concurrent Reset Relocation Set 0.004ms
[113.026s][info][gc,phases   ] GC(200) Concurrent Select Relocation Set 7.449ms
[113.026s][info][gc,phases   ] GC(200) Pause Relocate Start 0.007ms
[113.028s][info][gc,phases   ] GC(200) Concurrent Relocate 1.456ms
[113.028s][info][gc,load     ] GC(200) Load: 0.00/0.00/0.00
[113.028s][info][gc,mmu      ] GC(200) MMU: 2ms/95.8%, 5ms/98.3%, 10ms/99.2%, 20ms/99.6%, 50ms/99.8%, 100ms/99.9%
[113.028s][info][gc,marking  ] GC(200) Mark: 8 stripe(s), 4 proactive flush(es), 1 terminate flush(es), 0 completion(s), 0 continuation(s) 
[113.028s][info][gc,marking  ] GC(200) Mark Stack Usage: 32M
[113.028s][info][gc,nmethod  ] GC(200) NMethods: 768 registered, 22 unregistered
[113.028s][info][gc,metaspace] GC(200) Metaspace: 16M used, 16M committed, 1088M reserved
[113.028s][info][gc,ref      ] GC(200) Soft: 170 encountered, 0 discovered, 0 enqueued
[113.028s][info][gc,ref      ] GC(200) Weak: 976 encountered, 570 discovered, 0 enqueued
[113.028s][info][gc,ref      ] GC(200) Final: 0 encountered, 0 discovered, 0 enqueued
[113.028s][info][gc,ref      ] GC(200) Phantom: 35 encountered, 23 discovered, 0 enqueued
[113.028s][info][gc,reloc    ] GC(200) Small Pages: 24 / 48M, Empty: 0M, Relocated: 4M, In-Place: 0
[113.028s][info][gc,reloc    ] GC(200) Medium Pages: 0 / 0M, Empty: 0M, Relocated: 0M, In-Place: 0
[113.028s][info][gc,reloc    ] GC(200) Large Pages: 0 / 0M, Empty: 0M, Relocated: 0M, In-Place: 0
[113.028s][info][gc,reloc    ] GC(200) Forwarding Usage: 1M
[113.028s][info][gc,heap     ] GC(200) Min Capacity: 8M(1%)
[113.028s][info][gc,heap     ] GC(200) Max Capacity: 1024M(100%)
[113.028s][info][gc,heap     ] GC(200) Soft Max Capacity: 1024M(100%)
[113.028s][info][gc,heap     ] GC(200)                Mark Start          Mark End        Relocate Start      Relocate End           High               Low         
[113.028s][info][gc,heap     ] GC(200)  Capacity:     1024M (100%)       1024M (100%)       1024M (100%)       1024M (100%)       1024M (100%)       1024M (100%)   
[113.028s][info][gc,heap     ] GC(200)      Free:      976M (95%)         974M (95%)         974M (95%)         980M (96%)         980M (96%)         954M (93%)    
[113.028s][info][gc,heap     ] GC(200)      Used:       48M (5%)           50M (5%)           50M (5%)           44M (4%)           70M (7%)           44M (4%)     
[113.029s][info][gc,heap     ] GC(200)      Live:         -                23M (2%)           23M (2%)           23M (2%)             -                  -          
[113.029s][info][gc,heap     ] GC(200) Allocated:         -                 2M (0%)            2M (0%)            1M (0%)             -                  -          
[113.029s][info][gc,heap     ] GC(200)   Garbage:         -                24M (2%)           24M (2%)           18M (2%)             -                  -          
[113.029s][info][gc,heap     ] GC(200) Reclaimed:         -                  -                 0M (0%)            5M (1%)             -                  -          
[113.029s][info][gc          ] GC(200) Garbage Collection (Allocation Rate) 48M(5%)->44M(4%)
[113.111s][info][gc,start    ] GC(201) Garbage Collection (Allocation Rate)
[113.111s][info][gc,task     ] GC(201) Using 10 workers
[113.111s][info][gc,phases   ] GC(201) Pause Mark Start 0.011ms
[113.129s][info][gc,phases   ] GC(201) Concurrent Mark 17.405ms
[113.129s][info][gc,phases   ] GC(201) Pause Mark End 0.019ms
[113.129s][info][gc,phases   ] GC(201) Concurrent Mark Free 0.001ms
[113.129s][info][gc,phases   ] GC(201) Concurrent Process Non-Strong References 0.571ms
[113.129s][info][gc,phases   ] GC(201) Concurrent Reset Relocation Set 0.002ms
[113.133s][info][gc,phases   ] GC(201) Concurrent Select Relocation Set 3.107ms
[113.133s][info][gc,phases   ] GC(201) Pause Relocate Start 0.008ms
[113.134s][info][gc,phases   ] GC(201) Concurrent Relocate 1.626ms
[113.134s][info][gc,load     ] GC(201) Load: 0.00/0.00/0.00
[113.134s][info][gc,mmu      ] GC(201) MMU: 2ms/95.8%, 5ms/98.3%, 10ms/99.2%, 20ms/99.6%, 50ms/99.8%, 100ms/99.9%
[113.135s][info][gc,marking  ] GC(201) Mark: 8 stripe(s), 3 proactive flush(es), 1 terminate flush(es), 0 completion(s), 0 continuation(s) 
[113.135s][info][gc,marking  ] GC(201) Mark Stack Usage: 32M
[113.135s][info][gc,nmethod  ] GC(201) NMethods: 768 registered, 22 unregistered
[113.135s][info][gc,metaspace] GC(201) Metaspace: 16M used, 16M committed, 1088M reserved
[113.135s][info][gc,ref      ] GC(201) Soft: 170 encountered, 0 discovered, 0 enqueued
[113.135s][info][gc,ref      ] GC(201) Weak: 976 encountered, 439 discovered, 0 enqueued
[113.135s][info][gc,ref      ] GC(201) Final: 0 encountered, 0 discovered, 0 enqueued
[113.135s][info][gc,ref      ] GC(201) Phantom: 35 encountered, 25 discovered, 0 enqueued
[113.135s][info][gc,reloc    ] GC(201) Small Pages: 23 / 46M, Empty: 0M, Relocated: 4M, In-Place: 0
[113.135s][info][gc,reloc    ] GC(201) Medium Pages: 0 / 0M, Empty: 0M, Relocated: 0M, In-Place: 0
[113.135s][info][gc,reloc    ] GC(201) Large Pages: 0 / 0M, Empty: 0M, Relocated: 0M, In-Place: 0
[113.135s][info][gc,reloc    ] GC(201) Forwarding Usage: 0M
[113.135s][info][gc,heap     ] GC(201) Min Capacity: 8M(1%)
[113.135s][info][gc,heap     ] GC(201) Max Capacity: 1024M(100%)
[113.135s][info][gc,heap     ] GC(201) Soft Max Capacity: 1024M(100%)
[113.135s][info][gc,heap     ] GC(201)                Mark Start          Mark End        Relocate Start      Relocate End           High               Low         
[113.135s][info][gc,heap     ] GC(201)  Capacity:     1024M (100%)       1024M (100%)       1024M (100%)       1024M (100%)       1024M (100%)       1024M (100%)   
[113.135s][info][gc,heap     ] GC(201)      Free:      978M (96%)         976M (95%)         976M (95%)         978M (96%)         978M (96%)         956M (93%)    
[113.135s][info][gc,heap     ] GC(201)      Used:       46M (4%)           48M (5%)           48M (5%)           46M (4%)           68M (7%)           46M (4%)     
[113.135s][info][gc,heap     ] GC(201)      Live:         -                24M (2%)           24M (2%)           24M (2%)             -                  -          
[113.135s][info][gc,heap     ] GC(201) Allocated:         -                 2M (0%)            2M (0%)            1M (0%)             -                  -          
[113.135s][info][gc,heap     ] GC(201)   Garbage:         -                21M (2%)           21M (2%)           19M (2%)             -                  -          
[113.135s][info][gc,heap     ] GC(201) Reclaimed:         -                  -                 0M (0%)            1M (0%)             -                  -          
[113.135s][info][gc          ] GC(201) Garbage Collection (Allocation Rate) 46M(4%)->46M(4%)
[113.198s][info][gc,start    ] GC(202) Garbage Collection (Allocation Rate)
[113.198s][info][gc,task     ] GC(202) Using 10 workers
[113.198s][info][gc,phases   ] GC(202) Pause Mark Start 0.010ms
[113.219s][info][gc,phases   ] GC(202) Concurrent Mark 20.386ms
[113.219s][info][gc,phases   ] GC(202) Pause Mark End 0.017ms
[113.246s][info][gc,phases   ] GC(202) Concurrent Mark Free 0.001ms
[113.247s][info][gc,phases   ] GC(202) Concurrent Process Non-Strong References 0.630ms
[113.247s][info][gc,phases   ] GC(202) Concurrent Reset Relocation Set 0.003ms
[113.251s][info][gc,phases   ] GC(202) Concurrent Select Relocation Set 3.695ms
[113.251s][info][gc,phases   ] GC(202) Pause Relocate Start 0.008ms
[113.257s][info][gc,phases   ] GC(202) Concurrent Relocate 1.639ms
[113.257s][info][gc,load     ] GC(202) Load: 0.00/0.00/0.00
[113.257s][info][gc,mmu      ] GC(202) MMU: 2ms/95.8%, 5ms/98.3%, 10ms/99.2%, 20ms/99.6%, 50ms/99.8%, 100ms/99.9%
[113.258s][info][gc,marking  ] GC(202) Mark: 8 stripe(s), 3 proactive flush(es), 1 terminate flush(es), 0 completion(s), 0 continuation(s) 
[113.258s][info][gc,marking  ] GC(202) Mark Stack Usage: 32M
[113.258s][info][gc,nmethod  ] GC(202) NMethods: 768 registered, 22 unregistered
[113.258s][info][gc,metaspace] GC(202) Metaspace: 16M used, 16M committed, 1088M reserved
[113.258s][info][gc,ref      ] GC(202) Soft: 170 encountered, 0 discovered, 0 enqueued
[113.258s][info][gc,ref      ] GC(202) Weak: 976 encountered, 461 discovered, 0 enqueued
[113.258s][info][gc,ref      ] GC(202) Final: 0 encountered, 0 discovered, 0 enqueued
[113.258s][info][gc,ref      ] GC(202) Phantom: 35 encountered, 28 discovered, 0 enqueued
[113.258s][info][gc,reloc    ] GC(202) Small Pages: 23 / 46M, Empty: 0M, Relocated: 4M, In-Place: 0
[113.258s][info][gc,reloc    ] GC(202) Medium Pages: 0 / 0M, Empty: 0M, Relocated: 0M, In-Place: 0
[113.258s][info][gc,reloc    ] GC(202) Large Pages: 0 / 0M, Empty: 0M, Relocated: 0M, In-Place: 0
[113.258s][info][gc,reloc    ] GC(202) Forwarding Usage: 0M
[113.258s][info][gc,heap     ] GC(202) Min Capacity: 8M(1%)
[113.258s][info][gc,heap     ] GC(202) Max Capacity: 1024M(100%)
[113.258s][info][gc,heap     ] GC(202) Soft Max Capacity: 1024M(100%)
[113.258s][info][gc,heap     ] GC(202)                Mark Start          Mark End        Relocate Start      Relocate End           High               Low         
[113.258s][info][gc,heap     ] GC(202)  Capacity:     1024M (100%)       1024M (100%)       1024M (100%)       1024M (100%)       1024M (100%)       1024M (100%)   
[113.258s][info][gc,heap     ] GC(202)      Free:      978M (96%)         976M (95%)         976M (95%)         978M (96%)         978M (96%)         956M (93%)    
[113.258s][info][gc,heap     ] GC(202)      Used:       46M (4%)           48M (5%)           48M (5%)           46M (4%)           68M (7%)           46M (4%)     
[113.258s][info][gc,heap     ] GC(202)      Live:         -                24M (2%)           24M (2%)           24M (2%)             -                  -          
[113.258s][info][gc,heap     ] GC(202) Allocated:         -                 2M (0%)            2M (0%)            1M (0%)             -                  -          
[113.258s][info][gc,heap     ] GC(202)   Garbage:         -                21M (2%)           21M (2%)           20M (2%)             -                  -          
[113.258s][info][gc,heap     ] GC(202) Reclaimed:         -                  -                 0M (0%)            1M (0%)             -                  -          
[113.258s][info][gc          ] GC(202) Garbage Collection (Allocation Rate) 46M(4%)->46M(4%)
[120.097s][info][gc,stats    ] === Garbage Collection Statistics =======================================================================================================================
[120.097s][info][gc,stats    ]                                                              Last 10s              Last 10m              Last 10h                Total
[120.097s][info][gc,stats    ]                                                              Avg / Max             Avg / Max             Avg / Max             Avg / Max
[120.097s][info][gc,stats    ]   Collector: Garbage Collection Cycle                    113.353 / 277.506     135.234 / 299.601     135.234 / 299.601     135.234 / 299.601     ms
[120.097s][info][gc,stats    ]  Contention: Mark Segment Reset Contention                     7 / 30                8 / 41                8 / 41                8 / 41          ops/s
[120.097s][info][gc,stats    ]  Contention: Mark SeqNum Reset Contention                      0 / 1                 0 / 6                 0 / 6                 0 / 6           ops/s
[120.097s][info][gc,stats    ]    Critical: Allocation Stall                                 31 / 201              15 / 308              15 / 308              15 / 308         ops/s
[120.097s][info][gc,stats    ]    Critical: Allocation Stall                             16.707 / 52.907       12.183 / 52.907       12.183 / 52.907       12.183 / 52.907      ms
[120.097s][info][gc,stats    ]    Critical: GC Locker Stall                                   0 / 0                 0 / 0                 0 / 0                 0 / 0           ops/s
[120.097s][info][gc,stats    ]    Critical: GC Locker Stall                               0.000 / 0.000         0.000 / 0.000         0.000 / 0.000         0.000 / 0.000       ms
[120.097s][info][gc,stats    ]    Critical: Relocation Stall                                  0 / 1                 0 / 1                 0 / 1                 0 / 1           ops/s
[120.097s][info][gc,stats    ]    Critical: Relocation Stall                              1.037 / 1.037         2.938 / 4.839         2.938 / 4.839         2.938 / 4.839       ms
[120.097s][info][gc,stats    ]      Memory: Allocation Rate                                 747 / 3526            566 / 6762            566 / 6762            566 / 6762        MB/s
[120.097s][info][gc,stats    ]      Memory: Defragment                                        1 / 19                2 / 29                2 / 29                2 / 29          ops/s
[120.097s][info][gc,stats    ]      Memory: Out Of Memory                                     0 / 0                 0 / 0                 0 / 0                 0 / 0           ops/s
[120.097s][info][gc,stats    ]      Memory: Page Cache Flush                                 10 / 38                9 / 122               9 / 122               9 / 122         MB/s
[120.098s][info][gc,stats    ]      Memory: Page Cache Hit L1                               396 / 1815            313 / 3426            313 / 3426            313 / 3426        ops/s
[120.098s][info][gc,stats    ]      Memory: Page Cache Hit L2                                 0 / 0                 0 / 0                 0 / 0                 0 / 0           ops/s
[120.098s][info][gc,stats    ]      Memory: Page Cache Hit L3                                 1 / 17                6 / 407               6 / 407               6 / 407         ops/s
[120.098s][info][gc,stats    ]      Memory: Page Cache Miss                                   0 / 1                 0 / 2                 0 / 2                 0 / 2           ops/s
[120.098s][info][gc,stats    ]      Memory: Uncommit                                          0 / 0                 0 / 0                 0 / 0                 0 / 0           MB/s
[120.098s][info][gc,stats    ]      Memory: Undo Object Allocation Failed                    14 / 62               25 / 647              25 / 647              25 / 647         ops/s
[120.098s][info][gc,stats    ]      Memory: Undo Object Allocation Succeeded                  4 / 19                6 / 101               6 / 101               6 / 101         ops/s
[120.098s][info][gc,stats    ]      Memory: Undo Page Allocation                             96 / 617              53 / 1061             53 / 1061             53 / 1061        ops/s
[120.098s][info][gc,stats    ]       Phase: Concurrent Mark                              64.079 / 202.671      98.464 / 249.632      98.464 / 249.632      98.464 / 249.632     ms
[120.098s][info][gc,stats    ]       Phase: Concurrent Mark Continue                      0.000 / 0.000         0.000 / 0.000         0.000 / 0.000         0.000 / 0.000       ms
[120.098s][info][gc,stats    ]       Phase: Concurrent Mark Free                          0.001 / 0.001         0.001 / 0.004         0.001 / 0.004         0.001 / 0.004       ms
[120.098s][info][gc,stats    ]       Phase: Concurrent Process Non-Strong References      0.463 / 0.631         0.999 / 15.033        0.999 / 15.033        0.999 / 15.033      ms
[120.098s][info][gc,stats    ]       Phase: Concurrent Relocate                           9.526 / 40.319       11.862 / 59.080       11.862 / 59.080       11.862 / 59.080      ms
[120.098s][info][gc,stats    ]       Phase: Concurrent Reset Relocation Set               0.012 / 0.036         0.014 / 0.066         0.014 / 0.066         0.014 / 0.066       ms
[120.098s][info][gc,stats    ]       Phase: Concurrent Select Relocation Set             10.898 / 33.090       12.059 / 64.809       12.059 / 64.809       12.059 / 64.809      ms
[120.098s][info][gc,stats    ]       Phase: Pause Mark End                                0.017 / 0.022         0.017 / 0.027         0.017 / 0.027         0.017 / 0.027       ms
[120.098s][info][gc,stats    ]       Phase: Pause Mark Start                              0.024 / 0.048         0.019 / 0.084         0.019 / 0.084         0.019 / 0.084       ms
[120.098s][info][gc,stats    ]       Phase: Pause Relocate Start                          0.009 / 0.014         0.008 / 0.025         0.008 / 0.025         0.008 / 0.025       ms
[120.098s][info][gc,stats    ]    Subphase: Concurrent Classes Purge                      0.004 / 0.010         0.066 / 5.672         0.066 / 5.672         0.066 / 5.672       ms
[120.098s][info][gc,stats    ]    Subphase: Concurrent Classes Unlink                     0.199 / 0.278         0.395 / 6.293         0.395 / 6.293         0.395 / 6.293       ms
[120.098s][info][gc,stats    ]    Subphase: Concurrent Mark                              61.619 / 201.612      96.267 / 248.331      96.267 / 248.331      96.267 / 248.331     ms
[120.098s][info][gc,stats    ]    Subphase: Concurrent Mark Try Flush                     0.528 / 27.139        0.870 / 31.490        0.870 / 31.490        0.870 / 31.490      ms
[120.098s][info][gc,stats    ]    Subphase: Concurrent Mark Try Terminate                 7.461 / 16.640        8.472 / 16.640        8.472 / 16.640        8.472 / 16.640      ms
[120.098s][info][gc,stats    ]    Subphase: Concurrent References Enqueue                 0.001 / 0.003         0.001 / 0.007         0.001 / 0.007         0.001 / 0.007       ms
[120.098s][info][gc,stats    ]    Subphase: Concurrent References Process                 0.047 / 0.067         0.035 / 0.210         0.035 / 0.210         0.035 / 0.210       ms
[120.098s][info][gc,stats    ]    Subphase: Concurrent Roots ClassLoaderDataGraph         0.036 / 0.423         0.043 / 1.028         0.043 / 1.028         0.043 / 1.028       ms
[120.098s][info][gc,stats    ]    Subphase: Concurrent Roots CodeCache                    0.000 / 0.000         0.000 / 0.000         0.000 / 0.000         0.000 / 0.000       ms
[120.098s][info][gc,stats    ]    Subphase: Concurrent Roots JavaThreads                  0.614 / 1.416         0.717 / 6.849         0.717 / 6.849         0.717 / 6.849       ms
[120.099s][info][gc,stats    ]    Subphase: Concurrent Roots OopStorageSet                0.014 / 0.056         0.016 / 0.682         0.016 / 0.682         0.016 / 0.682       ms
[120.099s][info][gc,stats    ]    Subphase: Concurrent Weak Roots OopStorageSet           0.127 / 0.181         0.103 / 0.309         0.103 / 0.309         0.103 / 0.309       ms
[120.099s][info][gc,stats    ]    Subphase: Pause Mark Try Complete                       0.000 / 0.000         0.000 / 0.000         0.000 / 0.000         0.000 / 0.000       ms
[120.099s][info][gc,stats    ]      System: Java Threads                                     62 / 62               63 / 74               63 / 74               63 / 74          threads
[120.099s][info][gc,stats    ] =========================================================================================================================================================
[120.804s][info][gc,start    ] GC(203) Garbage Collection (Allocation Rate)
[120.804s][info][gc,task     ] GC(203) Using 10 workers
[120.804s][info][gc,phases   ] GC(203) Pause Mark Start 0.017ms
[120.882s][info][gc,phases   ] GC(203) Concurrent Mark 77.692ms
[120.882s][info][gc,phases   ] GC(203) Pause Mark End 0.016ms
[120.882s][info][gc,phases   ] GC(203) Concurrent Mark Free 0.001ms
[120.886s][info][gc,phases   ] GC(203) Concurrent Process Non-Strong References 3.527ms
[120.886s][info][gc,phases   ] GC(203) Concurrent Reset Relocation Set 0.002ms
[120.913s][info][gc,phases   ] GC(203) Concurrent Select Relocation Set 27.059ms
[120.913s][info][gc,phases   ] GC(203) Pause Relocate Start 0.008ms
[120.954s][info][gc,phases   ] GC(203) Concurrent Relocate 40.787ms
[120.954s][info][gc,load     ] GC(203) Load: 0.00/0.00/0.00
[120.954s][info][gc,mmu      ] GC(203) MMU: 2ms/95.8%, 5ms/98.3%, 10ms/99.2%, 20ms/99.6%, 50ms/99.8%, 100ms/99.9%
[120.954s][info][gc,marking  ] GC(203) Mark: 8 stripe(s), 2 proactive flush(es), 1 terminate flush(es), 0 completion(s), 0 continuation(s) 
[120.954s][info][gc,marking  ] GC(203) Mark Stack Usage: 32M
[120.954s][info][gc,nmethod  ] GC(203) NMethods: 805 registered, 25 unregistered
[120.954s][info][gc,metaspace] GC(203) Metaspace: 16M used, 16M committed, 1088M reserved
[120.954s][info][gc,ref      ] GC(203) Soft: 173 encountered, 0 discovered, 0 enqueued
[120.954s][info][gc,ref      ] GC(203) Weak: 986 encountered, 537 discovered, 2 enqueued
[120.954s][info][gc,ref      ] GC(203) Final: 0 encountered, 0 discovered, 0 enqueued
[120.954s][info][gc,ref      ] GC(203) Phantom: 35 encountered, 16 discovered, 0 enqueued
[120.954s][info][gc,reloc    ] GC(203) Small Pages: 254 / 508M, Empty: 32M, Relocated: 167M, In-Place: 0
[120.954s][info][gc,reloc    ] GC(203) Medium Pages: 0 / 0M, Empty: 0M, Relocated: 0M, In-Place: 0
[120.954s][info][gc,reloc    ] GC(203) Large Pages: 0 / 0M, Empty: 0M, Relocated: 0M, In-Place: 0
[120.954s][info][gc,reloc    ] GC(203) Forwarding Usage: 106M
[120.954s][info][gc,heap     ] GC(203) Min Capacity: 8M(1%)
[120.954s][info][gc,heap     ] GC(203) Max Capacity: 1024M(100%)
[120.954s][info][gc,heap     ] GC(203) Soft Max Capacity: 1024M(100%)
[120.954s][info][gc,heap     ] GC(203)                Mark Start          Mark End        Relocate Start      Relocate End           High               Low         
[120.954s][info][gc,heap     ] GC(203)  Capacity:     1024M (100%)       1024M (100%)       1024M (100%)       1024M (100%)       1024M (100%)       1024M (100%)   
[120.954s][info][gc,heap     ] GC(203)      Free:      516M (50%)         428M (42%)         422M (41%)         676M (66%)         676M (66%)         408M (40%)    
[120.955s][info][gc,heap     ] GC(203)      Used:      508M (50%)         596M (58%)         602M (59%)         348M (34%)         616M (60%)         348M (34%)    
[120.955s][info][gc,heap     ] GC(203)      Live:         -               185M (18%)         185M (18%)         185M (18%)            -                  -          
[120.955s][info][gc,heap     ] GC(203) Allocated:         -                88M (9%)          126M (12%)         150M (15%)            -                  -          
[120.955s][info][gc,heap     ] GC(203)   Garbage:         -               322M (32%)         290M (28%)          12M (1%)             -                  -          
[120.955s][info][gc,heap     ] GC(203) Reclaimed:         -                  -                32M (3%)          310M (30%)            -                  -          
[120.955s][info][gc          ] GC(203) Garbage Collection (Allocation Rate) 508M(50%)->348M(34%)
[121.007s][info][gc,start    ] GC(204) Garbage Collection (Allocation Rate)
[121.007s][info][gc,task     ] GC(204) Using 10 workers
[121.007s][info][gc,phases   ] GC(204) Pause Mark Start 0.017ms
[121.148s][info][gc,phases   ] GC(204) Concurrent Mark 140.218ms
[121.148s][info][gc,phases   ] GC(204) Pause Mark End 0.016ms
[121.148s][info][gc,phases   ] GC(204) Concurrent Mark Free 0.001ms
[121.148s][info][gc,phases   ] GC(204) Concurrent Process Non-Strong References 0.412ms
[121.148s][info][gc,phases   ] GC(204) Concurrent Reset Relocation Set 0.025ms
[121.163s][info][gc,phases   ] GC(204) Concurrent Select Relocation Set 14.870ms
[121.163s][info][gc,phases   ] GC(204) Pause Relocate Start 0.009ms
[121.191s][info][gc,phases   ] GC(204) Concurrent Relocate 27.498ms
[121.191s][info][gc,load     ] GC(204) Load: 0.00/0.00/0.00
[121.191s][info][gc,mmu      ] GC(204) MMU: 2ms/95.8%, 5ms/98.3%, 10ms/99.2%, 20ms/99.6%, 50ms/99.8%, 100ms/99.9%
[121.191s][info][gc,marking  ] GC(204) Mark: 8 stripe(s), 2 proactive flush(es), 1 terminate flush(es), 0 completion(s), 0 continuation(s) 
[121.191s][info][gc,marking  ] GC(204) Mark Stack Usage: 32M
[121.191s][info][gc,nmethod  ] GC(204) NMethods: 805 registered, 25 unregistered
[121.191s][info][gc,metaspace] GC(204) Metaspace: 16M used, 16M committed, 1088M reserved
[121.191s][info][gc,ref      ] GC(204) Soft: 173 encountered, 0 discovered, 0 enqueued
[121.191s][info][gc,ref      ] GC(204) Weak: 984 encountered, 45 discovered, 0 enqueued
[121.191s][info][gc,ref      ] GC(204) Final: 0 encountered, 0 discovered, 0 enqueued
[121.191s][info][gc,ref      ] GC(204) Phantom: 35 encountered, 19 discovered, 0 enqueued
[121.191s][info][gc,reloc    ] GC(204) Small Pages: 203 / 406M, Empty: 0M, Relocated: 87M, In-Place: 0
[121.191s][info][gc,reloc    ] GC(204) Medium Pages: 0 / 0M, Empty: 0M, Relocated: 0M, In-Place: 0
[121.191s][info][gc,reloc    ] GC(204) Large Pages: 0 / 0M, Empty: 0M, Relocated: 0M, In-Place: 0
[121.191s][info][gc,reloc    ] GC(204) Forwarding Usage: 55M
[121.191s][info][gc,heap     ] GC(204) Min Capacity: 8M(1%)
[121.191s][info][gc,heap     ] GC(204) Max Capacity: 1024M(100%)
[121.191s][info][gc,heap     ] GC(204) Soft Max Capacity: 1024M(100%)
[121.191s][info][gc,heap     ] GC(204)                Mark Start          Mark End        Relocate Start      Relocate End           High               Low         
[121.191s][info][gc,heap     ] GC(204)  Capacity:     1024M (100%)       1024M (100%)       1024M (100%)       1024M (100%)       1024M (100%)       1024M (100%)   
[121.191s][info][gc,heap     ] GC(204)      Free:      618M (60%)         474M (46%)         454M (44%)         562M (55%)         618M (60%)         434M (42%)    
[121.192s][info][gc,heap     ] GC(204)      Used:      406M (40%)         550M (54%)         570M (56%)         462M (45%)         590M (58%)         406M (40%)    
[121.192s][info][gc,heap     ] GC(204)      Live:         -               261M (26%)         261M (26%)         261M (26%)            -                  -          
[121.192s][info][gc,heap     ] GC(204) Allocated:         -               144M (14%)         164M (16%)         183M (18%)            -                  -          
[121.192s][info][gc,heap     ] GC(204)   Garbage:         -               144M (14%)         144M (14%)          17M (2%)             -                  -          
[121.192s][info][gc,heap     ] GC(204) Reclaimed:         -                  -                 0M (0%)          127M (12%)            -                  -          
[121.192s][info][gc          ] GC(204) Garbage Collection (Allocation Rate) 406M(40%)->462M(45%)
[121.210s][info][gc,start    ] GC(205) Garbage Collection (Allocation Rate)
[121.210s][info][gc,task     ] GC(205) Using 10 workers
[121.210s][info][gc,phases   ] GC(205) Pause Mark Start 0.013ms
[121.335s][info][gc,phases   ] GC(205) Concurrent Mark 124.631ms
[121.335s][info][gc,phases   ] GC(205) Pause Mark End 0.017ms
[121.335s][info][gc,phases   ] GC(205) Concurrent Mark Free 0.001ms
[121.336s][info][gc,phases   ] GC(205) Concurrent Process Non-Strong References 0.318ms
[121.336s][info][gc,phases   ] GC(205) Concurrent Reset Relocation Set 0.011ms
[121.339s][info][gc,phases   ] GC(205) Concurrent Select Relocation Set 3.744ms
[121.339s][info][gc,phases   ] GC(205) Pause Relocate Start 0.007ms
[121.362s][info][gc,phases   ] GC(205) Concurrent Relocate 22.849ms
[121.362s][info][gc,load     ] GC(205) Load: 0.00/0.00/0.00
[121.362s][info][gc,mmu      ] GC(205) MMU: 2ms/95.8%, 5ms/98.3%, 10ms/99.2%, 20ms/99.6%, 50ms/99.8%, 100ms/99.9%
[121.363s][info][gc,marking  ] GC(205) Mark: 8 stripe(s), 2 proactive flush(es), 1 terminate flush(es), 0 completion(s), 0 continuation(s) 
[121.363s][info][gc,marking  ] GC(205) Mark Stack Usage: 32M
[121.363s][info][gc,nmethod  ] GC(205) NMethods: 805 registered, 25 unregistered
[121.363s][info][gc,metaspace] GC(205) Metaspace: 16M used, 16M committed, 1088M reserved
[121.363s][info][gc,ref      ] GC(205) Soft: 173 encountered, 0 discovered, 0 enqueued
[121.363s][info][gc,ref      ] GC(205) Weak: 984 encountered, 29 discovered, 0 enqueued
[121.363s][info][gc,ref      ] GC(205) Final: 0 encountered, 0 discovered, 0 enqueued
[121.363s][info][gc,ref      ] GC(205) Phantom: 35 encountered, 21 discovered, 0 enqueued
[121.363s][info][gc,reloc    ] GC(205) Small Pages: 241 / 482M, Empty: 0M, Relocated: 83M, In-Place: 0
[121.363s][info][gc,reloc    ] GC(205) Medium Pages: 0 / 0M, Empty: 0M, Relocated: 0M, In-Place: 0
[121.363s][info][gc,reloc    ] GC(205) Large Pages: 0 / 0M, Empty: 0M, Relocated: 0M, In-Place: 0
[121.363s][info][gc,reloc    ] GC(205) Forwarding Usage: 53M
[121.363s][info][gc,heap     ] GC(205) Min Capacity: 8M(1%)
[121.363s][info][gc,heap     ] GC(205) Max Capacity: 1024M(100%)
[121.363s][info][gc,heap     ] GC(205) Soft Max Capacity: 1024M(100%)
[121.363s][info][gc,heap     ] GC(205)                Mark Start          Mark End        Relocate Start      Relocate End           High               Low         
[121.363s][info][gc,heap     ] GC(205)  Capacity:     1024M (100%)       1024M (100%)       1024M (100%)       1024M (100%)       1024M (100%)       1024M (100%)   
[121.363s][info][gc,heap     ] GC(205)      Free:      542M (53%)         434M (42%)         432M (42%)         546M (53%)         546M (53%)         412M (40%)    
[121.363s][info][gc,heap     ] GC(205)      Used:      482M (47%)         590M (58%)         592M (58%)         478M (47%)         612M (60%)         478M (47%)    
[121.363s][info][gc,heap     ] GC(205)      Live:         -               334M (33%)         334M (33%)         334M (33%)            -                  -          
[121.363s][info][gc,heap     ] GC(205) Allocated:         -               108M (11%)         110M (11%)         119M (12%)            -                  -          
[121.363s][info][gc,heap     ] GC(205)   Garbage:         -               147M (14%)         147M (14%)          23M (2%)             -                  -          
[121.363s][info][gc,heap     ] GC(205) Reclaimed:         -                  -                 0M (0%)          123M (12%)            -                  -          
[121.363s][info][gc          ] GC(205) Garbage Collection (Allocation Rate) 482M(47%)->478M(47%)
[121.398s][info][gc,start    ] GC(206) Garbage Collection (Allocation Rate)
[121.398s][info][gc,task     ] GC(206) Using 10 workers
[121.398s][info][gc,phases   ] GC(206) Pause Mark Start 0.014ms
[121.554s][info][gc,phases   ] GC(206) Concurrent Mark 155.891ms
[121.554s][info][gc,phases   ] GC(206) Pause Mark End 0.017ms
[121.554s][info][gc,phases   ] GC(206) Concurrent Mark Free 0.001ms
[121.554s][info][gc,phases   ] GC(206) Concurrent Process Non-Strong References 0.394ms
[121.554s][info][gc,phases   ] GC(206) Concurrent Reset Relocation Set 0.011ms
[121.560s][info][gc,phases   ] GC(206) Concurrent Select Relocation Set 5.866ms
[121.560s][info][gc,phases   ] GC(206) Pause Relocate Start 0.008ms
[121.579s][info][gc,phases   ] GC(206) Concurrent Relocate 18.798ms
[121.579s][info][gc,load     ] GC(206) Load: 0.00/0.00/0.00
[121.579s][info][gc,mmu      ] GC(206) MMU: 2ms/95.8%, 5ms/98.3%, 10ms/99.2%, 20ms/99.6%, 50ms/99.8%, 100ms/99.9%
[121.579s][info][gc,marking  ] GC(206) Mark: 8 stripe(s), 2 proactive flush(es), 1 terminate flush(es), 0 completion(s), 0 continuation(s) 
[121.579s][info][gc,marking  ] GC(206) Mark Stack Usage: 32M
[121.579s][info][gc,nmethod  ] GC(206) NMethods: 805 registered, 25 unregistered
[121.579s][info][gc,metaspace] GC(206) Metaspace: 16M used, 16M committed, 1088M reserved
[121.579s][info][gc,ref      ] GC(206) Soft: 173 encountered, 0 discovered, 0 enqueued
[121.579s][info][gc,ref      ] GC(206) Weak: 984 encountered, 44 discovered, 0 enqueued
[121.579s][info][gc,ref      ] GC(206) Final: 0 encountered, 0 discovered, 0 enqueued
[121.579s][info][gc,ref      ] GC(206) Phantom: 35 encountered, 19 discovered, 0 enqueued
[121.580s][info][gc,reloc    ] GC(206) Small Pages: 256 / 512M, Empty: 0M, Relocated: 64M, In-Place: 0
[121.580s][info][gc,reloc    ] GC(206) Medium Pages: 0 / 0M, Empty: 0M, Relocated: 0M, In-Place: 0
[121.580s][info][gc,reloc    ] GC(206) Large Pages: 0 / 0M, Empty: 0M, Relocated: 0M, In-Place: 0
[121.580s][info][gc,reloc    ] GC(206) Forwarding Usage: 40M
[121.580s][info][gc,heap     ] GC(206) Min Capacity: 8M(1%)
[121.580s][info][gc,heap     ] GC(206) Max Capacity: 1024M(100%)
[121.580s][info][gc,heap     ] GC(206) Soft Max Capacity: 1024M(100%)
[121.580s][info][gc,heap     ] GC(206)                Mark Start          Mark End        Relocate Start      Relocate End           High               Low         
[121.580s][info][gc,heap     ] GC(206)  Capacity:     1024M (100%)       1024M (100%)       1024M (100%)       1024M (100%)       1024M (100%)       1024M (100%)   
[121.580s][info][gc,heap     ] GC(206)      Free:      512M (50%)         358M (35%)         352M (34%)         430M (42%)         512M (50%)         330M (32%)    
[121.580s][info][gc,heap     ] GC(206)      Used:      512M (50%)         666M (65%)         672M (66%)         594M (58%)         694M (68%)         512M (50%)    
[121.580s][info][gc,heap     ] GC(206)      Live:         -               389M (38%)         389M (38%)         389M (38%)            -                  -          
[121.580s][info][gc,heap     ] GC(206) Allocated:         -               154M (15%)         160M (16%)         175M (17%)            -                  -          
[121.580s][info][gc,heap     ] GC(206)   Garbage:         -               122M (12%)         122M (12%)          28M (3%)             -                  -          
[121.580s][info][gc,heap     ] GC(206) Reclaimed:         -                  -                 0M (0%)           93M (9%)             -                  -          
[121.580s][info][gc          ] GC(206) Garbage Collection (Allocation Rate) 512M(50%)->594M(58%)
[121.601s][info][gc,start    ] GC(207) Garbage Collection (Allocation Rate)
[121.601s][info][gc,task     ] GC(207) Using 10 workers
[121.601s][info][gc,phases   ] GC(207) Pause Mark Start 0.013ms
[121.764s][info][gc,phases   ] GC(207) Concurrent Mark 163.388ms
[121.764s][info][gc,phases   ] GC(207) Pause Mark End 0.018ms
[121.764s][info][gc,phases   ] GC(207) Concurrent Mark Free 0.001ms
[121.765s][info][gc,phases   ] GC(207) Concurrent Process Non-Strong References 0.392ms
[121.765s][info][gc,phases   ] GC(207) Concurrent Reset Relocation Set 0.011ms
[121.806s][info][gc,phases   ] GC(207) Concurrent Select Relocation Set 40.884ms
[121.806s][info][gc,phases   ] GC(207) Pause Relocate Start 0.015ms
[121.831s][info][gc,phases   ] GC(207) Concurrent Relocate 24.591ms
[121.831s][info][gc,load     ] GC(207) Load: 0.00/0.00/0.00
[121.831s][info][gc,mmu      ] GC(207) MMU: 2ms/95.8%, 5ms/98.3%, 10ms/99.2%, 20ms/99.6%, 50ms/99.8%, 100ms/99.9%
[121.831s][info][gc,marking  ] GC(207) Mark: 8 stripe(s), 2 proactive flush(es), 1 terminate flush(es), 0 completion(s), 0 continuation(s) 
[121.831s][info][gc,marking  ] GC(207) Mark Stack Usage: 32M
[121.831s][info][gc,nmethod  ] GC(207) NMethods: 805 registered, 25 unregistered
[121.831s][info][gc,metaspace] GC(207) Metaspace: 16M used, 16M committed, 1088M reserved
[121.831s][info][gc,ref      ] GC(207) Soft: 173 encountered, 0 discovered, 0 enqueued
[121.831s][info][gc,ref      ] GC(207) Weak: 984 encountered, 34 discovered, 0 enqueued
[121.831s][info][gc,ref      ] GC(207) Final: 0 encountered, 0 discovered, 0 enqueued
[121.831s][info][gc,ref      ] GC(207) Phantom: 35 encountered, 25 discovered, 0 enqueued
[121.831s][info][gc,reloc    ] GC(207) Small Pages: 308 / 616M, Empty: 0M, Relocated: 80M, In-Place: 0
[121.831s][info][gc,reloc    ] GC(207) Medium Pages: 0 / 0M, Empty: 0M, Relocated: 0M, In-Place: 0
[121.831s][info][gc,reloc    ] GC(207) Large Pages: 0 / 0M, Empty: 0M, Relocated: 0M, In-Place: 0
[121.831s][info][gc,reloc    ] GC(207) Forwarding Usage: 50M
[121.831s][info][gc,heap     ] GC(207) Min Capacity: 8M(1%)
[121.831s][info][gc,heap     ] GC(207) Max Capacity: 1024M(100%)
[121.831s][info][gc,heap     ] GC(207) Soft Max Capacity: 1024M(100%)
[121.831s][info][gc,heap     ] GC(207)                Mark Start          Mark End        Relocate Start      Relocate End           High               Low         
[121.831s][info][gc,heap     ] GC(207)  Capacity:     1024M (100%)       1024M (100%)       1024M (100%)       1024M (100%)       1024M (100%)       1024M (100%)   
[121.831s][info][gc,heap     ] GC(207)      Free:      408M (40%)         256M (25%)         204M (20%)         316M (31%)         408M (40%)         184M (18%)    
[121.831s][info][gc,heap     ] GC(207)      Used:      616M (60%)         768M (75%)         820M (80%)         708M (69%)         840M (82%)         616M (60%)    
[121.831s][info][gc,heap     ] GC(207)      Live:         -               460M (45%)         460M (45%)         460M (45%)            -                  -          
[121.831s][info][gc,heap     ] GC(207) Allocated:         -               152M (15%)         204M (20%)         223M (22%)            -                  -          
[121.831s][info][gc,heap     ] GC(207)   Garbage:         -               155M (15%)         155M (15%)          24M (2%)             -                  -          
[121.831s][info][gc,heap     ] GC(207) Reclaimed:         -                  -                 0M (0%)          131M (13%)            -                  -          
[121.831s][info][gc          ] GC(207) Garbage Collection (Allocation Rate) 616M(60%)->708M(69%)
[121.905s][info][gc,start    ] GC(208) Garbage Collection (Allocation Rate)
[121.905s][info][gc,task     ] GC(208) Using 10 workers
[121.905s][info][gc,phases   ] GC(208) Pause Mark Start 0.013ms
[122.092s][info][gc,phases   ] GC(208) Concurrent Mark 187.139ms
[122.092s][info][gc,phases   ] GC(208) Pause Mark End 0.015ms
[122.092s][info][gc,phases   ] GC(208) Concurrent Mark Free 0.001ms
[122.093s][info][gc,phases   ] GC(208) Concurrent Process Non-Strong References 0.342ms
[122.093s][info][gc,phases   ] GC(208) Concurrent Reset Relocation Set 0.011ms
[122.145s][info][gc,phases   ] GC(208) Concurrent Select Relocation Set 51.761ms
[122.145s][info][gc,phases   ] GC(208) Pause Relocate Start 0.013ms
[122.182s][info][gc,phases   ] GC(208) Concurrent Relocate 37.381ms
[122.182s][info][gc,load     ] GC(208) Load: 0.00/0.00/0.00
[122.182s][info][gc,mmu      ] GC(208) MMU: 2ms/95.8%, 5ms/98.3%, 10ms/99.2%, 20ms/99.6%, 50ms/99.8%, 100ms/99.9%
[122.182s][info][gc,marking  ] GC(208) Mark: 8 stripe(s), 2 proactive flush(es), 1 terminate flush(es), 0 completion(s), 0 continuation(s) 
[122.182s][info][gc,marking  ] GC(208) Mark Stack Usage: 32M
[122.182s][info][gc,nmethod  ] GC(208) NMethods: 805 registered, 25 unregistered
[122.182s][info][gc,metaspace] GC(208) Metaspace: 16M used, 16M committed, 1088M reserved
[122.182s][info][gc,ref      ] GC(208) Soft: 173 encountered, 0 discovered, 0 enqueued
[122.182s][info][gc,ref      ] GC(208) Weak: 984 encountered, 71 discovered, 0 enqueued
[122.182s][info][gc,ref      ] GC(208) Final: 0 encountered, 0 discovered, 0 enqueued
[122.183s][info][gc,ref      ] GC(208) Phantom: 35 encountered, 24 discovered, 0 enqueued
[122.183s][info][gc,reloc    ] GC(208) Small Pages: 394 / 788M, Empty: 0M, Relocated: 118M, In-Place: 0
[122.183s][info][gc,reloc    ] GC(208) Medium Pages: 0 / 0M, Empty: 0M, Relocated: 0M, In-Place: 0
[122.183s][info][gc,reloc    ] GC(208) Large Pages: 1 / 6M, Empty: 0M, Relocated: 0M, In-Place: 0
[122.183s][info][gc,reloc    ] GC(208) Forwarding Usage: 77M
[122.183s][info][gc,heap     ] GC(208) Min Capacity: 8M(1%)
[122.183s][info][gc,heap     ] GC(208) Max Capacity: 1024M(100%)
[122.183s][info][gc,heap     ] GC(208) Soft Max Capacity: 1024M(100%)
[122.183s][info][gc,heap     ] GC(208)                Mark Start          Mark End        Relocate Start      Relocate End           High               Low         
[122.183s][info][gc,heap     ] GC(208)  Capacity:     1024M (100%)       1024M (100%)       1024M (100%)       1024M (100%)       1024M (100%)       1024M (100%)   
[122.183s][info][gc,heap     ] GC(208)      Free:      230M (22%)         154M (15%)         136M (13%)         320M (31%)         320M (31%)         116M (11%)    
[122.183s][info][gc,heap     ] GC(208)      Used:      794M (78%)         870M (85%)         888M (87%)         704M (69%)         908M (89%)         704M (69%)    
[122.183s][info][gc,heap     ] GC(208)      Live:         -               574M (56%)         574M (56%)         574M (56%)            -                  -          
[122.183s][info][gc,heap     ] GC(208) Allocated:         -                76M (7%)           94M (9%)           93M (9%)             -                  -          
[122.183s][info][gc,heap     ] GC(208)   Garbage:         -               219M (21%)         219M (21%)          35M (3%)             -                  -          
[122.183s][info][gc,heap     ] GC(208) Reclaimed:         -                  -                 0M (0%)          183M (18%)            -                  -          
[122.183s][info][gc          ] GC(208) Garbage Collection (Allocation Rate) 794M(78%)->704M(69%)
[122.202s][info][gc,start    ] GC(209) Garbage Collection (Allocation Rate)
[122.202s][info][gc,task     ] GC(209) Using 10 workers
[122.202s][info][gc,phases   ] GC(209) Pause Mark Start 0.016ms
[122.428s][info][gc,phases   ] GC(209) Concurrent Mark 226.013ms
[122.428s][info][gc,phases   ] GC(209) Pause Mark End 0.017ms
[122.428s][info][gc,phases   ] GC(209) Concurrent Mark Free 0.001ms
[122.429s][info][gc,phases   ] GC(209) Concurrent Process Non-Strong References 0.391ms
[122.429s][info][gc,phases   ] GC(209) Concurrent Reset Relocation Set 0.016ms
[122.438s][info][gc,phases   ] GC(209) Concurrent Select Relocation Set 9.241ms
[122.438s][info][gc,phases   ] GC(209) Pause Relocate Start 0.006ms
[122.441s][info][gc,phases   ] GC(209) Concurrent Relocate 2.996ms
[122.441s][info][gc,load     ] GC(209) Load: 0.00/0.00/0.00
[122.441s][info][gc,mmu      ] GC(209) MMU: 2ms/95.8%, 5ms/98.3%, 10ms/99.2%, 20ms/99.6%, 50ms/99.8%, 100ms/99.9%
[122.441s][info][gc,marking  ] GC(209) Mark: 8 stripe(s), 2 proactive flush(es), 1 terminate flush(es), 0 completion(s), 0 continuation(s) 
[122.441s][info][gc,marking  ] GC(209) Mark Stack Usage: 32M
[122.441s][info][gc,nmethod  ] GC(209) NMethods: 805 registered, 25 unregistered
[122.441s][info][gc,metaspace] GC(209) Metaspace: 16M used, 16M committed, 1088M reserved
[122.441s][info][gc,ref      ] GC(209) Soft: 173 encountered, 0 discovered, 0 enqueued
[122.441s][info][gc,ref      ] GC(209) Weak: 984 encountered, 122 discovered, 0 enqueued
[122.441s][info][gc,ref      ] GC(209) Final: 0 encountered, 0 discovered, 0 enqueued
[122.441s][info][gc,ref      ] GC(209) Phantom: 35 encountered, 26 discovered, 0 enqueued
[122.441s][info][gc,reloc    ] GC(209) Small Pages: 346 / 692M, Empty: 0M, Relocated: 6M, In-Place: 0
[122.441s][info][gc,reloc    ] GC(209) Medium Pages: 0 / 0M, Empty: 0M, Relocated: 0M, In-Place: 0
[122.441s][info][gc,reloc    ] GC(209) Large Pages: 2 / 12M, Empty: 0M, Relocated: 0M, In-Place: 0
[122.441s][info][gc,reloc    ] GC(209) Forwarding Usage: 3M
[122.441s][info][gc,heap     ] GC(209) Min Capacity: 8M(1%)
[122.441s][info][gc,heap     ] GC(209) Max Capacity: 1024M(100%)
[122.441s][info][gc,heap     ] GC(209) Soft Max Capacity: 1024M(100%)
[122.441s][info][gc,heap     ] GC(209)                Mark Start          Mark End        Relocate Start      Relocate End           High               Low         
[122.441s][info][gc,heap     ] GC(209)  Capacity:     1024M (100%)       1024M (100%)       1024M (100%)       1024M (100%)       1024M (100%)       1024M (100%)   
[122.441s][info][gc,heap     ] GC(209)      Free:      320M (31%)         302M (29%)         300M (29%)         298M (29%)         320M (31%)         282M (28%)    
[122.441s][info][gc,heap     ] GC(209)      Used:      704M (69%)         722M (71%)         724M (71%)         726M (71%)         742M (72%)         704M (69%)    
[122.441s][info][gc,heap     ] GC(209)      Live:         -               637M (62%)         637M (62%)         637M (62%)            -                  -          
[122.441s][info][gc,heap     ] GC(209) Allocated:         -                18M (2%)           20M (2%)           22M (2%)             -                  -          
[122.441s][info][gc,heap     ] GC(209)   Garbage:         -                66M (7%)           66M (7%)           66M (7%)             -                  -          
[122.441s][info][gc,heap     ] GC(209) Reclaimed:         -                  -                 0M (0%)            0M (0%)             -                  -          
[122.441s][info][gc          ] GC(209) Garbage Collection (Allocation Rate) 704M(69%)->726M(71%)
[122.506s][info][gc,start    ] GC(210) Garbage Collection (Allocation Rate)
[122.506s][info][gc,task     ] GC(210) Using 10 workers
[122.506s][info][gc,phases   ] GC(210) Pause Mark Start 0.014ms
[122.709s][info][gc,phases   ] GC(210) Concurrent Mark 202.688ms
[122.709s][info][gc,phases   ] GC(210) Pause Mark End 0.017ms
[122.709s][info][gc,phases   ] GC(210) Concurrent Mark Free 0.002ms
[122.710s][info][gc,phases   ] GC(210) Concurrent Process Non-Strong References 0.400ms
[122.710s][info][gc,phases   ] GC(210) Concurrent Reset Relocation Set 0.002ms
[122.713s][info][gc,phases   ] GC(210) Concurrent Select Relocation Set 3.619ms
[122.714s][info][gc,phases   ] GC(210) Pause Relocate Start 0.007ms
[122.716s][info][gc,phases   ] GC(210) Concurrent Relocate 2.721ms
[122.716s][info][gc,load     ] GC(210) Load: 0.00/0.00/0.00
[122.716s][info][gc,mmu      ] GC(210) MMU: 2ms/95.8%, 5ms/98.3%, 10ms/99.2%, 20ms/99.6%, 50ms/99.8%, 100ms/99.9%
[122.716s][info][gc,marking  ] GC(210) Mark: 8 stripe(s), 2 proactive flush(es), 1 terminate flush(es), 0 completion(s), 0 continuation(s) 
[122.716s][info][gc,marking  ] GC(210) Mark Stack Usage: 32M
[122.716s][info][gc,nmethod  ] GC(210) NMethods: 805 registered, 25 unregistered
[122.717s][info][gc,metaspace] GC(210) Metaspace: 16M used, 16M committed, 1088M reserved
[122.717s][info][gc,ref      ] GC(210) Soft: 173 encountered, 0 discovered, 0 enqueued
[122.717s][info][gc,ref      ] GC(210) Weak: 984 encountered, 23 discovered, 0 enqueued
[122.717s][info][gc,ref      ] GC(210) Final: 0 encountered, 0 discovered, 0 enqueued
[122.717s][info][gc,ref      ] GC(210) Phantom: 35 encountered, 19 discovered, 0 enqueued
[122.717s][info][gc,reloc    ] GC(210) Small Pages: 382 / 764M, Empty: 12M, Relocated: 8M, In-Place: 0
[122.717s][info][gc,reloc    ] GC(210) Medium Pages: 0 / 0M, Empty: 0M, Relocated: 0M, In-Place: 0
[122.717s][info][gc,reloc    ] GC(210) Large Pages: 2 / 12M, Empty: 6M, Relocated: 0M, In-Place: 0
[122.717s][info][gc,reloc    ] GC(210) Forwarding Usage: 3M
[122.717s][info][gc,heap     ] GC(210) Min Capacity: 8M(1%)
[122.717s][info][gc,heap     ] GC(210) Max Capacity: 1024M(100%)
[122.717s][info][gc,heap     ] GC(210) Soft Max Capacity: 1024M(100%)
[122.717s][info][gc,heap     ] GC(210)                Mark Start          Mark End        Relocate Start      Relocate End           High               Low         
[122.717s][info][gc,heap     ] GC(210)  Capacity:     1024M (100%)       1024M (100%)       1024M (100%)       1024M (100%)       1024M (100%)       1024M (100%)   
[122.717s][info][gc,heap     ] GC(210)      Free:      248M (24%)         120M (12%)         134M (13%)         190M (19%)         248M (24%)         116M (11%)    
[122.717s][info][gc,heap     ] GC(210)      Used:      776M (76%)         904M (88%)         890M (87%)         834M (81%)         908M (89%)         776M (76%)    
[122.717s][info][gc,heap     ] GC(210)      Live:         -               623M (61%)         623M (61%)         623M (61%)            -                  -          
[122.717s][info][gc,heap     ] GC(210) Allocated:         -               128M (13%)         132M (13%)         133M (13%)            -                  -          
[122.717s][info][gc,heap     ] GC(210)   Garbage:         -               152M (15%)         134M (13%)          76M (7%)             -                  -          
[122.717s][info][gc,heap     ] GC(210) Reclaimed:         -                  -                18M (2%)           75M (7%)             -                  -          
[122.717s][info][gc          ] GC(210) Garbage Collection (Allocation Rate) 776M(76%)->834M(81%)
[122.803s][info][gc,start    ] GC(211) Garbage Collection (Allocation Rate)
[122.803s][info][gc,task     ] GC(211) Using 10 workers
[122.803s][info][gc,phases   ] GC(211) Pause Mark Start 0.015ms
[122.982s][info][gc,phases   ] GC(211) Concurrent Mark 178.881ms
[122.982s][info][gc,phases   ] GC(211) Pause Mark End 0.015ms
[122.982s][info][gc,phases   ] GC(211) Concurrent Mark Free 0.001ms
[122.983s][info][gc,phases   ] GC(211) Concurrent Process Non-Strong References 0.337ms
[122.983s][info][gc,phases   ] GC(211) Concurrent Reset Relocation Set 0.006ms
[122.994s][info][gc,phases   ] GC(211) Concurrent Select Relocation Set 11.212ms
[122.994s][info][gc,phases   ] GC(211) Pause Relocate Start 0.005ms
[123.000s][info][gc,phases   ] GC(211) Concurrent Relocate 5.649ms
[123.000s][info][gc,load     ] GC(211) Load: 0.00/0.00/0.00
[123.000s][info][gc,mmu      ] GC(211) MMU: 2ms/95.8%, 5ms/98.3%, 10ms/99.2%, 20ms/99.6%, 50ms/99.8%, 100ms/99.9%
[123.001s][info][gc,marking  ] GC(211) Mark: 8 stripe(s), 2 proactive flush(es), 1 terminate flush(es), 0 completion(s), 0 continuation(s) 
[123.001s][info][gc,marking  ] GC(211) Mark Stack Usage: 32M
[123.001s][info][gc,nmethod  ] GC(211) NMethods: 805 registered, 25 unregistered
[123.001s][info][gc,metaspace] GC(211) Metaspace: 16M used, 16M committed, 1088M reserved
[123.001s][info][gc,ref      ] GC(211) Soft: 173 encountered, 0 discovered, 0 enqueued
[123.001s][info][gc,ref      ] GC(211) Weak: 984 encountered, 25 discovered, 0 enqueued
[123.001s][info][gc,ref      ] GC(211) Final: 0 encountered, 0 discovered, 0 enqueued
[123.001s][info][gc,ref      ] GC(211) Phantom: 35 encountered, 18 discovered, 0 enqueued
[123.001s][info][gc,reloc    ] GC(211) Small Pages: 449 / 898M, Empty: 18M, Relocated: 10M, In-Place: 0
[123.001s][info][gc,reloc    ] GC(211) Medium Pages: 0 / 0M, Empty: 0M, Relocated: 0M, In-Place: 0
[123.001s][info][gc,reloc    ] GC(211) Large Pages: 1 / 6M, Empty: 0M, Relocated: 0M, In-Place: 0
[123.001s][info][gc,reloc    ] GC(211) Forwarding Usage: 4M
[123.001s][info][gc,heap     ] GC(211) Min Capacity: 8M(1%)
[123.001s][info][gc,heap     ] GC(211) Max Capacity: 1024M(100%)
[123.001s][info][gc,heap     ] GC(211) Soft Max Capacity: 1024M(100%)
[123.001s][info][gc,heap     ] GC(211)                Mark Start          Mark End        Relocate Start      Relocate End           High               Low         
[123.001s][info][gc,heap     ] GC(211)  Capacity:     1024M (100%)       1024M (100%)       1024M (100%)       1024M (100%)       1024M (100%)       1024M (100%)   
[123.001s][info][gc,heap     ] GC(211)      Free:      120M (12%)          22M (2%)           30M (3%)          234M (23%)         234M (23%)          10M (1%)     
[123.001s][info][gc,heap     ] GC(211)      Used:      904M (88%)        1002M (98%)         994M (97%)         790M (77%)        1014M (99%)         790M (77%)    
[123.001s][info][gc,heap     ] GC(211)      Live:         -               593M (58%)         593M (58%)         593M (58%)            -                  -          
[123.001s][info][gc,heap     ] GC(211) Allocated:         -                98M (10%)         108M (11%)         109M (11%)            -                  -          
[123.001s][info][gc,heap     ] GC(211)   Garbage:         -               310M (30%)         292M (29%)          86M (8%)             -                  -          
[123.001s][info][gc,heap     ] GC(211) Reclaimed:         -                  -                18M (2%)          223M (22%)            -                  -          
[123.001s][info][gc          ] GC(211) Garbage Collection (Allocation Rate) 904M(88%)->790M(77%)
[123.107s][info][gc,start    ] GC(212) Garbage Collection (Allocation Rate)
[123.107s][info][gc,task     ] GC(212) Using 10 workers
[123.107s][info][gc,phases   ] GC(212) Pause Mark Start 0.017ms
[123.263s][info][gc,phases   ] GC(212) Concurrent Mark 155.861ms
[123.263s][info][gc,phases   ] GC(212) Pause Mark End 0.022ms
[123.264s][info][gc,phases   ] GC(212) Concurrent Mark Free 0.001ms
[123.264s][info][gc,phases   ] GC(212) Concurrent Process Non-Strong References 0.364ms
[123.264s][info][gc,phases   ] GC(212) Concurrent Reset Relocation Set 0.013ms
[123.270s][info][gc,phases   ] GC(212) Concurrent Select Relocation Set 6.220ms
[123.270s][info][gc,phases   ] GC(212) Pause Relocate Start 0.006ms
[123.276s][info][gc,phases   ] GC(212) Concurrent Relocate 5.450ms
[123.276s][info][gc,load     ] GC(212) Load: 0.00/0.00/0.00
[123.276s][info][gc,mmu      ] GC(212) MMU: 2ms/95.8%, 5ms/98.3%, 10ms/99.2%, 20ms/99.6%, 50ms/99.8%, 100ms/99.9%
[123.276s][info][gc,marking  ] GC(212) Mark: 8 stripe(s), 2 proactive flush(es), 1 terminate flush(es), 0 completion(s), 0 continuation(s) 
[123.276s][info][gc,marking  ] GC(212) Mark Stack Usage: 32M
[123.276s][info][gc,nmethod  ] GC(212) NMethods: 805 registered, 25 unregistered
[123.276s][info][gc,metaspace] GC(212) Metaspace: 16M used, 16M committed, 1088M reserved
[123.276s][info][gc,ref      ] GC(212) Soft: 173 encountered, 0 discovered, 0 enqueued
[123.276s][info][gc,ref      ] GC(212) Weak: 984 encountered, 29 discovered, 0 enqueued
[123.276s][info][gc,ref      ] GC(212) Final: 0 encountered, 0 discovered, 0 enqueued
[123.276s][info][gc,ref      ] GC(212) Phantom: 35 encountered, 19 discovered, 0 enqueued
[123.276s][info][gc,reloc    ] GC(212) Small Pages: 431 / 862M, Empty: 16M, Relocated: 15M, In-Place: 0
[123.276s][info][gc,reloc    ] GC(212) Medium Pages: 0 / 0M, Empty: 0M, Relocated: 0M, In-Place: 0
[123.276s][info][gc,reloc    ] GC(212) Large Pages: 1 / 6M, Empty: 0M, Relocated: 0M, In-Place: 0
[123.276s][info][gc,reloc    ] GC(212) Forwarding Usage: 7M
[123.276s][info][gc,heap     ] GC(212) Min Capacity: 8M(1%)
[123.276s][info][gc,heap     ] GC(212) Max Capacity: 1024M(100%)
[123.276s][info][gc,heap     ] GC(212) Soft Max Capacity: 1024M(100%)
[123.276s][info][gc,heap     ] GC(212)                Mark Start          Mark End        Relocate Start      Relocate End           High               Low         
[123.276s][info][gc,heap     ] GC(212)  Capacity:     1024M (100%)       1024M (100%)       1024M (100%)       1024M (100%)       1024M (100%)       1024M (100%)   
[123.276s][info][gc,heap     ] GC(212)      Free:      156M (15%)          62M (6%)           70M (7%)          264M (26%)         264M (26%)          50M (5%)     
[123.276s][info][gc,heap     ] GC(212)      Used:      868M (85%)         962M (94%)         954M (93%)         760M (74%)         974M (95%)         760M (74%)    
[123.276s][info][gc,heap     ] GC(212)      Live:         -               566M (55%)         566M (55%)         566M (55%)            -                  -          
[123.276s][info][gc,heap     ] GC(212) Allocated:         -                94M (9%)          102M (10%)         103M (10%)            -                  -          
[123.276s][info][gc,heap     ] GC(212)   Garbage:         -               301M (29%)         285M (28%)          89M (9%)             -                  -          
[123.276s][info][gc,heap     ] GC(212) Reclaimed:         -                  -                16M (2%)          211M (21%)            -                  -          
[123.276s][info][gc          ] GC(212) Garbage Collection (Allocation Rate) 868M(85%)->760M(74%)
[123.310s][info][gc,start    ] GC(213) Garbage Collection (Allocation Rate)
[123.310s][info][gc,task     ] GC(213) Using 10 workers
[123.310s][info][gc,phases   ] GC(213) Pause Mark Start 0.012ms
[123.451s][info][gc,phases   ] GC(213) Concurrent Mark 140.310ms
[123.451s][info][gc,phases   ] GC(213) Pause Mark End 0.017ms
[123.451s][info][gc,phases   ] GC(213) Concurrent Mark Free 0.001ms
[123.451s][info][gc,phases   ] GC(213) Concurrent Process Non-Strong References 0.355ms
[123.451s][info][gc,phases   ] GC(213) Concurrent Reset Relocation Set 0.019ms
[123.456s][info][gc,phases   ] GC(213) Concurrent Select Relocation Set 4.357ms
[123.456s][info][gc,phases   ] GC(213) Pause Relocate Start 0.008ms
[123.459s][info][gc,phases   ] GC(213) Concurrent Relocate 2.861ms
[123.459s][info][gc,load     ] GC(213) Load: 0.00/0.00/0.00
[123.459s][info][gc,mmu      ] GC(213) MMU: 2ms/95.8%, 5ms/98.3%, 10ms/99.2%, 20ms/99.6%, 50ms/99.8%, 100ms/99.9%
[123.459s][info][gc,marking  ] GC(213) Mark: 8 stripe(s), 2 proactive flush(es), 1 terminate flush(es), 0 completion(s), 0 continuation(s) 
[123.459s][info][gc,marking  ] GC(213) Mark Stack Usage: 32M
[123.459s][info][gc,nmethod  ] GC(213) NMethods: 805 registered, 25 unregistered
[123.459s][info][gc,metaspace] GC(213) Metaspace: 16M used, 16M committed, 1088M reserved
[123.459s][info][gc,ref      ] GC(213) Soft: 173 encountered, 0 discovered, 0 enqueued
[123.459s][info][gc,ref      ] GC(213) Weak: 984 encountered, 58 discovered, 0 enqueued
[123.459s][info][gc,ref      ] GC(213) Final: 0 encountered, 0 discovered, 0 enqueued
[123.459s][info][gc,ref      ] GC(213) Phantom: 35 encountered, 21 discovered, 0 enqueued
[123.459s][info][gc,reloc    ] GC(213) Small Pages: 391 / 782M, Empty: 10M, Relocated: 6M, In-Place: 0
[123.459s][info][gc,reloc    ] GC(213) Medium Pages: 0 / 0M, Empty: 0M, Relocated: 0M, In-Place: 0
[123.459s][info][gc,reloc    ] GC(213) Large Pages: 1 / 6M, Empty: 0M, Relocated: 0M, In-Place: 0
[123.459s][info][gc,reloc    ] GC(213) Forwarding Usage: 3M
[123.459s][info][gc,heap     ] GC(213) Min Capacity: 8M(1%)
[123.459s][info][gc,heap     ] GC(213) Max Capacity: 1024M(100%)
[123.459s][info][gc,heap     ] GC(213) Soft Max Capacity: 1024M(100%)
[123.459s][info][gc,heap     ] GC(213)                Mark Start          Mark End        Relocate Start      Relocate End           High               Low         
[123.459s][info][gc,heap     ] GC(213)  Capacity:     1024M (100%)       1024M (100%)       1024M (100%)       1024M (100%)       1024M (100%)       1024M (100%)   
[123.459s][info][gc,heap     ] GC(213)      Free:      236M (23%)         144M (14%)         150M (15%)         276M (27%)         276M (27%)         128M (13%)    
[123.459s][info][gc,heap     ] GC(213)      Used:      788M (77%)         880M (86%)         874M (85%)         748M (73%)         896M (88%)         748M (73%)    
[123.459s][info][gc,heap     ] GC(213)      Live:         -               546M (53%)         546M (53%)         546M (53%)            -                  -          
[123.460s][info][gc,heap     ] GC(213) Allocated:         -                92M (9%)           96M (9%)           97M (10%)            -                  -          
[123.460s][info][gc,heap     ] GC(213)   Garbage:         -               241M (24%)         231M (23%)         103M (10%)            -                  -          
[123.460s][info][gc,heap     ] GC(213) Reclaimed:         -                  -                10M (1%)          137M (13%)            -                  -          
[123.460s][info][gc          ] GC(213) Garbage Collection (Allocation Rate) 788M(77%)->748M(73%)
[123.498s][info][gc,start    ] GC(214) Garbage Collection (Allocation Rate)
[123.498s][info][gc,task     ] GC(214) Using 10 workers
[123.498s][info][gc,phases   ] GC(214) Pause Mark Start 0.016ms
[123.630s][info][gc,phases   ] GC(214) Concurrent Mark 132.027ms
[123.630s][info][gc,phases   ] GC(214) Pause Mark End 0.019ms
[123.630s][info][gc,phases   ] GC(214) Concurrent Mark Free 0.001ms
[123.631s][info][gc,phases   ] GC(214) Concurrent Process Non-Strong References 0.405ms
[123.631s][info][gc,phases   ] GC(214) Concurrent Reset Relocation Set 0.015ms
[123.640s][info][gc,phases   ] GC(214) Concurrent Select Relocation Set 9.111ms
[123.640s][info][gc,phases   ] GC(214) Pause Relocate Start 0.006ms
[123.646s][info][gc,phases   ] GC(214) Concurrent Relocate 6.117ms
[123.646s][info][gc,load     ] GC(214) Load: 0.00/0.00/0.00
[123.646s][info][gc,mmu      ] GC(214) MMU: 2ms/95.8%, 5ms/98.3%, 10ms/99.2%, 20ms/99.6%, 50ms/99.8%, 100ms/99.9%
[123.646s][info][gc,marking  ] GC(214) Mark: 8 stripe(s), 2 proactive flush(es), 1 terminate flush(es), 0 completion(s), 0 continuation(s) 
[123.646s][info][gc,marking  ] GC(214) Mark Stack Usage: 32M
[123.646s][info][gc,nmethod  ] GC(214) NMethods: 805 registered, 25 unregistered
[123.646s][info][gc,metaspace] GC(214) Metaspace: 16M used, 16M committed, 1088M reserved
[123.646s][info][gc,ref      ] GC(214) Soft: 173 encountered, 0 discovered, 0 enqueued
[123.646s][info][gc,ref      ] GC(214) Weak: 984 encountered, 26 discovered, 0 enqueued
[123.646s][info][gc,ref      ] GC(214) Final: 0 encountered, 0 discovered, 0 enqueued
[123.646s][info][gc,ref      ] GC(214) Phantom: 35 encountered, 18 discovered, 0 enqueued
[123.647s][info][gc,reloc    ] GC(214) Small Pages: 387 / 774M, Empty: 12M, Relocated: 13M, In-Place: 0
[123.647s][info][gc,reloc    ] GC(214) Medium Pages: 0 / 0M, Empty: 0M, Relocated: 0M, In-Place: 0
[123.647s][info][gc,reloc    ] GC(214) Large Pages: 1 / 6M, Empty: 0M, Relocated: 0M, In-Place: 0
[123.647s][info][gc,reloc    ] GC(214) Forwarding Usage: 6M
[123.647s][info][gc,heap     ] GC(214) Min Capacity: 8M(1%)
[123.647s][info][gc,heap     ] GC(214) Max Capacity: 1024M(100%)
[123.647s][info][gc,heap     ] GC(214) Soft Max Capacity: 1024M(100%)
[123.647s][info][gc,heap     ] GC(214)                Mark Start          Mark End        Relocate Start      Relocate End           High               Low         
[123.647s][info][gc,heap     ] GC(214)  Capacity:     1024M (100%)       1024M (100%)       1024M (100%)       1024M (100%)       1024M (100%)       1024M (100%)   
[123.647s][info][gc,heap     ] GC(214)      Free:      244M (24%)         150M (15%)         152M (15%)         292M (29%)         292M (29%)         132M (13%)    
[123.647s][info][gc,heap     ] GC(214)      Used:      780M (76%)         874M (85%)         872M (85%)         732M (71%)         892M (87%)         732M (71%)    
[123.647s][info][gc,heap     ] GC(214)      Live:         -               526M (51%)         526M (51%)         526M (51%)            -                  -          
[123.647s][info][gc,heap     ] GC(214) Allocated:         -                94M (9%)          104M (10%)         107M (11%)            -                  -          
[123.647s][info][gc,heap     ] GC(214)   Garbage:         -               253M (25%)         241M (24%)          97M (9%)             -                  -          
[123.647s][info][gc,heap     ] GC(214) Reclaimed:         -                  -                12M (1%)          155M (15%)            -                  -          
[123.647s][info][gc          ] GC(214) Garbage Collection (Allocation Rate) 780M(76%)->732M(71%)
[123.708s][info][gc,start    ] GC(215) Garbage Collection (Allocation Rate)
[123.708s][info][gc,task     ] GC(215) Using 10 workers
[123.708s][info][gc,phases   ] GC(215) Pause Mark Start 0.015ms
[123.739s][info][gc,phases   ] GC(215) Concurrent Mark 30.941ms
[123.739s][info][gc,phases   ] GC(215) Pause Mark End 0.020ms
[123.740s][info][gc,phases   ] GC(215) Concurrent Mark Free 0.001ms
[123.741s][info][gc,phases   ] GC(215) Concurrent Process Non-Strong References 1.192ms
[123.741s][info][gc,phases   ] GC(215) Concurrent Reset Relocation Set 0.013ms
[123.744s][info][gc,phases   ] GC(215) Concurrent Select Relocation Set 3.171ms
[123.744s][info][gc,phases   ] GC(215) Pause Relocate Start 0.008ms
[123.745s][info][gc,phases   ] GC(215) Concurrent Relocate 0.920ms
[123.745s][info][gc,load     ] GC(215) Load: 0.00/0.00/0.00
[123.745s][info][gc,mmu      ] GC(215) MMU: 2ms/95.8%, 5ms/98.3%, 10ms/99.2%, 20ms/99.6%, 50ms/99.8%, 100ms/99.9%
[123.745s][info][gc,marking  ] GC(215) Mark: 8 stripe(s), 4 proactive flush(es), 1 terminate flush(es), 0 completion(s), 0 continuation(s) 
[123.745s][info][gc,marking  ] GC(215) Mark Stack Usage: 32M
[123.745s][info][gc,nmethod  ] GC(215) NMethods: 585 registered, 0 unregistered
[123.745s][info][gc,metaspace] GC(215) Metaspace: 16M used, 16M committed, 1088M reserved
[123.745s][info][gc,ref      ] GC(215) Soft: 173 encountered, 0 discovered, 0 enqueued
[123.745s][info][gc,ref      ] GC(215) Weak: 982 encountered, 111 discovered, 1 enqueued
[123.745s][info][gc,ref      ] GC(215) Final: 0 encountered, 0 discovered, 0 enqueued
[123.745s][info][gc,ref      ] GC(215) Phantom: 35 encountered, 25 discovered, 0 enqueued
[123.745s][info][gc,reloc    ] GC(215) Small Pages: 388 / 776M, Empty: 722M, Relocated: 4M, In-Place: 0
[123.745s][info][gc,reloc    ] GC(215) Medium Pages: 0 / 0M, Empty: 0M, Relocated: 0M, In-Place: 0
[123.745s][info][gc,reloc    ] GC(215) Large Pages: 1 / 6M, Empty: 6M, Relocated: 0M, In-Place: 0
[123.745s][info][gc,reloc    ] GC(215) Forwarding Usage: 0M
[123.745s][info][gc,heap     ] GC(215) Min Capacity: 8M(1%)
[123.745s][info][gc,heap     ] GC(215) Max Capacity: 1024M(100%)
[123.745s][info][gc,heap     ] GC(215) Soft Max Capacity: 1024M(100%)
[123.745s][info][gc,heap     ] GC(215)                Mark Start          Mark End        Relocate Start      Relocate End           High               Low         
[123.745s][info][gc,heap     ] GC(215)  Capacity:     1024M (100%)       1024M (100%)       1024M (100%)       1024M (100%)       1024M (100%)       1024M (100%)   
[123.745s][info][gc,heap     ] GC(215)      Free:      242M (24%)         232M (23%)         960M (94%)         970M (95%)         970M (95%)         232M (23%)    
[123.745s][info][gc,heap     ] GC(215)      Used:      782M (76%)         792M (77%)          64M (6%)           54M (5%)          792M (77%)          54M (5%)     
[123.745s][info][gc,heap     ] GC(215)      Live:         -                24M (2%)           24M (2%)           24M (2%)             -                  -          
[123.745s][info][gc,heap     ] GC(215) Allocated:         -                10M (1%)           10M (1%)            9M (1%)             -                  -          
[123.745s][info][gc,heap     ] GC(215)   Garbage:         -               757M (74%)          29M (3%)           19M (2%)             -                  -          
[123.745s][info][gc,heap     ] GC(215) Reclaimed:         -                  -               728M (71%)         737M (72%)            -                  -          
[123.745s][info][gc          ] GC(215) Garbage Collection (Allocation Rate) 782M(76%)->54M(5%)
[125.504s][info][gc,start    ] GC(216) Garbage Collection (System.gc())
[125.504s][info][gc,task     ] GC(216) Using 10 workers
[125.504s][info][gc,phases   ] GC(216) Pause Mark Start 0.015ms
[125.527s][info][gc,phases   ] GC(216) Concurrent Mark 22.884ms
[125.527s][info][gc,phases   ] GC(216) Pause Mark End 0.019ms
[125.527s][info][gc,phases   ] GC(216) Concurrent Mark Free 0.001ms
[125.528s][info][gc,phases   ] GC(216) Concurrent Process Non-Strong References 0.587ms
[125.528s][info][gc,phases   ] GC(216) Concurrent Reset Relocation Set 0.002ms
[125.531s][info][gc,phases   ] GC(216) Concurrent Select Relocation Set 3.434ms
[125.531s][info][gc,phases   ] GC(216) Pause Relocate Start 0.006ms
[125.533s][info][gc,phases   ] GC(216) Concurrent Relocate 1.171ms
[125.533s][info][gc,load     ] GC(216) Load: 0.00/0.00/0.00
[125.533s][info][gc,mmu      ] GC(216) MMU: 2ms/95.8%, 5ms/98.3%, 10ms/99.2%, 20ms/99.6%, 50ms/99.8%, 100ms/99.9%
[125.533s][info][gc,marking  ] GC(216) Mark: 8 stripe(s), 2 proactive flush(es), 1 terminate flush(es), 0 completion(s), 0 continuation(s) 
[125.533s][info][gc,marking  ] GC(216) Mark Stack Usage: 32M
[125.533s][info][gc,nmethod  ] GC(216) NMethods: 615 registered, 1 unregistered
[125.533s][info][gc,metaspace] GC(216) Metaspace: 16M used, 16M committed, 1088M reserved
[125.533s][info][gc,ref      ] GC(216) Soft: 173 encountered, 0 discovered, 0 enqueued
[125.533s][info][gc,ref      ] GC(216) Weak: 986 encountered, 120 discovered, 5 enqueued
[125.533s][info][gc,ref      ] GC(216) Final: 0 encountered, 0 discovered, 0 enqueued
[125.533s][info][gc,ref      ] GC(216) Phantom: 35 encountered, 24 discovered, 0 enqueued
[125.533s][info][gc,reloc    ] GC(216) Small Pages: 66 / 132M, Empty: 78M, Relocated: 4M, In-Place: 0
[125.533s][info][gc,reloc    ] GC(216) Medium Pages: 0 / 0M, Empty: 0M, Relocated: 0M, In-Place: 0
[125.533s][info][gc,reloc    ] GC(216) Large Pages: 0 / 0M, Empty: 0M, Relocated: 0M, In-Place: 0
[125.533s][info][gc,reloc    ] GC(216) Forwarding Usage: 0M
[125.533s][info][gc,heap     ] GC(216) Min Capacity: 8M(1%)
[125.533s][info][gc,heap     ] GC(216) Max Capacity: 1024M(100%)
[125.533s][info][gc,heap     ] GC(216) Soft Max Capacity: 1024M(100%)
[125.533s][info][gc,heap     ] GC(216)                Mark Start          Mark End        Relocate Start      Relocate End           High               Low         
[125.533s][info][gc,heap     ] GC(216)  Capacity:     1024M (100%)       1024M (100%)       1024M (100%)       1024M (100%)       1024M (100%)       1024M (100%)   
[125.533s][info][gc,heap     ] GC(216)      Free:      892M (87%)         892M (87%)         970M (95%)         980M (96%)         980M (96%)         892M (87%)    
[125.533s][info][gc,heap     ] GC(216)      Used:      132M (13%)         132M (13%)          54M (5%)           44M (4%)          132M (13%)          44M (4%)     
[125.533s][info][gc,heap     ] GC(216)      Live:         -                24M (2%)           24M (2%)           24M (2%)             -                  -          
[125.533s][info][gc,heap     ] GC(216) Allocated:         -                 0M (0%)            0M (0%)            0M (0%)             -                  -          
[125.533s][info][gc,heap     ] GC(216)   Garbage:         -               107M (11%)          29M (3%)           19M (2%)             -                  -          
[125.533s][info][gc,heap     ] GC(216) Reclaimed:         -                  -                78M (8%)           88M (9%)             -                  -          
[125.533s][info][gc          ] GC(216) Garbage Collection (System.gc()) 132M(13%)->44M(4%)
[129.569s][info][gc,start    ] GC(217) Garbage Collection (Allocation Stall)
[129.570s][info][gc,ref      ] GC(217) Clearing All SoftReferences
[129.570s][info][gc,task     ] GC(217) Using 10 workers
[129.575s][info][gc,ref      ] GC(217) Clearing All SoftReferences
[129.575s][info][gc,phases   ] GC(217) Pause Mark Start 0.047ms
[129.575s][info][gc          ] Allocation Stall (reactors-io-scheduler-ForkJoinPool-1-worker-16) 6.012ms
[129.575s][info][gc          ] Allocation Stall (reactors-io-scheduler-ForkJoinPool-1-worker-35) 6.003ms
[129.575s][info][gc          ] Allocation Stall (reactors-io-scheduler-ForkJoinPool-1-worker-19) 6.042ms
[129.575s][info][gc          ] Allocation Stall (reactors-io-scheduler-ForkJoinPool-1-worker-20) 5.939ms
[129.575s][info][gc          ] Allocation Stall (reactors-io-scheduler-ForkJoinPool-1-worker-9) 5.943ms
[129.575s][info][gc          ] Allocation Stall (reactors-io-scheduler-ForkJoinPool-1-worker-41) 6.030ms
[129.575s][info][gc          ] Allocation Stall (reactors-io-scheduler-ForkJoinPool-1-worker-6) 6.038ms
[129.575s][info][gc          ] Allocation Stall (reactors-io-scheduler-ForkJoinPool-1-worker-36) 6.010ms
[129.576s][info][gc          ] Allocation Stall (reactors-io-scheduler-ForkJoinPool-1-worker-10) 6.048ms
[129.576s][info][gc          ] Allocation Stall (reactors-io-scheduler-ForkJoinPool-1-worker-21) 6.084ms
[129.576s][info][gc          ] Allocation Stall (reactors-io-scheduler-ForkJoinPool-1-worker-22) 6.101ms
[129.576s][info][gc          ] Allocation Stall (reactors-io-scheduler-ForkJoinPool-1-worker-47) 6.102ms
[129.576s][info][gc          ] Allocation Stall (reactors-io-scheduler-ForkJoinPool-1-worker-25) 6.108ms
[129.576s][info][gc          ] Allocation Stall (reactors-io-scheduler-ForkJoinPool-1-worker-18) 6.095ms
[129.576s][info][gc          ] Allocation Stall (reactors-io-scheduler-ForkJoinPool-1-worker-17) 6.130ms
[129.576s][info][gc          ] Allocation Stall (reactors-io-scheduler-ForkJoinPool-1-worker-8) 6.152ms
[129.576s][info][gc          ] Allocation Stall (reactors-io-scheduler-ForkJoinPool-1-worker-40) 6.146ms
[129.576s][info][gc          ] Allocation Stall (reactors-io-scheduler-ForkJoinPool-1-worker-44) 6.146ms
[129.576s][info][gc          ] Allocation Stall (reactors-io-scheduler-ForkJoinPool-1-worker-29) 6.150ms
[129.576s][info][gc          ] Allocation Stall (reactors-io-scheduler-ForkJoinPool-1-worker-37) 0.518ms
[129.576s][info][gc          ] Allocation Stall (reactors-io-scheduler-ForkJoinPool-1-worker-31) 0.550ms
[129.576s][info][gc          ] Allocation Stall (reactors-io-scheduler-ForkJoinPool-1-worker-46) 0.617ms
[129.576s][info][gc          ] Allocation Stall (reactors-io-scheduler-ForkJoinPool-1-worker-27) 0.647ms
[129.576s][info][gc          ] Allocation Stall (reactors-io-scheduler-ForkJoinPool-1-worker-3) 0.677ms
[129.576s][info][gc          ] Allocation Stall (reactors-io-scheduler-ForkJoinPool-1-worker-1) 0.719ms
[129.576s][info][gc          ] Allocation Stall (reactors-io-scheduler-ForkJoinPool-1-worker-23) 0.749ms
[129.576s][info][gc          ] Allocation Stall (reactors-io-scheduler-ForkJoinPool-1-worker-38) 0.766ms
[129.576s][info][gc          ] Allocation Stall (reactors-io-scheduler-ForkJoinPool-1-worker-28) 0.800ms
[129.576s][info][gc          ] Allocation Stall (reactors-io-scheduler-ForkJoinPool-1-worker-7) 0.870ms
[129.576s][info][gc          ] Allocation Stall (reactors-io-scheduler-ForkJoinPool-1-worker-14) 0.902ms
[129.576s][info][gc          ] Allocation Stall (reactors-io-scheduler-ForkJoinPool-1-worker-45) 0.932ms
[129.576s][info][gc          ] Allocation Stall (reactors-io-scheduler-ForkJoinPool-1-worker-48) 0.969ms
[129.576s][info][gc          ] Allocation Stall (reactors-io-scheduler-ForkJoinPool-1-worker-2) 0.996ms
[129.576s][info][gc          ] Allocation Stall (reactors-io-scheduler-ForkJoinPool-1-worker-33) 1.033ms
[129.576s][info][gc          ] Allocation Stall (reactors-io-scheduler-ForkJoinPool-1-worker-42) 1.068ms
[129.577s][info][gc          ] Allocation Stall (reactors-io-scheduler-ForkJoinPool-1-worker-26) 1.143ms
[129.577s][info][gc          ] Allocation Stall (reactors-io-scheduler-ForkJoinPool-1-worker-11) 1.183ms
[129.577s][info][gc          ] Allocation Stall (reactors-io-scheduler-ForkJoinPool-1-worker-15) 1.209ms
[129.577s][info][gc          ] Allocation Stall (reactors-io-scheduler-ForkJoinPool-1-worker-13) 1.789ms
[129.577s][info][gc          ] Allocation Stall (reactors-io-scheduler-ForkJoinPool-1-worker-30) 1.799ms
[129.577s][info][gc          ] Allocation Stall (reactors-io-scheduler-ForkJoinPool-1-worker-4) 1.874ms
[129.578s][info][gc          ] Allocation Stall (reactors-io-scheduler-ForkJoinPool-1-worker-43) 2.367ms
[129.606s][info][gc,phases   ] GC(217) Concurrent Mark 31.116ms
[129.607s][info][gc,phases   ] GC(217) Pause Mark End 0.021ms
[129.607s][info][gc,phases   ] GC(217) Concurrent Mark Free 0.001ms
[129.607s][info][gc,phases   ] GC(217) Concurrent Process Non-Strong References 0.609ms
[129.607s][info][gc,phases   ] GC(217) Concurrent Reset Relocation Set 0.003ms
[129.608s][info][gc          ] Allocation Stall (reactors-io-scheduler-ForkJoinPool-1-worker-42) 27.448ms
[129.608s][info][gc          ] Allocation Stall (reactors-io-scheduler-ForkJoinPool-1-worker-18) 27.116ms
[129.608s][info][gc          ] Allocation Stall (reactors-io-scheduler-ForkJoinPool-1-worker-26) 27.278ms
[129.608s][info][gc          ] Allocation Stall (reactors-io-scheduler-ForkJoinPool-1-worker-7) 28.154ms
[129.608s][info][gc          ] Allocation Stall (reactors-io-scheduler-ForkJoinPool-1-worker-4) 27.284ms
[129.608s][info][gc          ] Allocation Stall (reactors-io-scheduler-ForkJoinPool-1-worker-2) 27.719ms
[129.608s][info][gc          ] Allocation Stall (reactors-io-scheduler-ForkJoinPool-1-worker-21) 27.117ms
[129.608s][info][gc          ] Allocation Stall (reactors-io-scheduler-ForkJoinPool-1-worker-1) 27.760ms
[129.608s][info][gc          ] Allocation Stall (reactors-io-scheduler-ForkJoinPool-1-worker-23) 27.502ms
[129.608s][info][gc          ] Allocation Stall (reactors-io-scheduler-ForkJoinPool-1-worker-20) 27.599ms
[129.608s][info][gc          ] Allocation Stall (reactors-io-scheduler-ForkJoinPool-1-worker-13) 27.316ms
[129.608s][info][gc          ] Allocation Stall (reactors-io-scheduler-ForkJoinPool-1-worker-43) 27.434ms
[129.608s][info][gc          ] Allocation Stall (reactors-io-scheduler-ForkJoinPool-1-worker-5) 32.191ms
[129.608s][info][gc          ] Allocation Stall (reactors-io-scheduler-ForkJoinPool-1-worker-31) 27.012ms
[129.608s][info][gc          ] Allocation Stall (reactors-io-scheduler-ForkJoinPool-1-worker-44) 27.987ms
[129.608s][info][gc          ] Allocation Stall (reactors-io-scheduler-ForkJoinPool-1-worker-10) 30.442ms
[129.608s][info][gc          ] Allocation Stall (reactors-io-scheduler-ForkJoinPool-1-worker-28) 27.593ms
[129.608s][info][gc          ] Allocation Stall (reactors-io-scheduler-ForkJoinPool-1-worker-11) 27.225ms
[129.608s][info][gc          ] Allocation Stall (reactors-io-scheduler-ForkJoinPool-1-worker-34) 32.226ms
[129.608s][info][gc          ] Allocation Stall (reactors-io-scheduler-ForkJoinPool-1-worker-32) 32.247ms
[129.608s][info][gc          ] Allocation Stall (reactors-io-scheduler-ForkJoinPool-1-worker-15) 27.332ms
[129.608s][info][gc          ] Allocation Stall (reactors-io-scheduler-ForkJoinPool-1-worker-40) 27.014ms
[129.608s][info][gc          ] Allocation Stall (reactors-io-scheduler-ForkJoinPool-1-worker-41) 30.463ms
[129.608s][info][gc          ] Allocation Stall (reactors-io-scheduler-ForkJoinPool-1-worker-25) 27.252ms
[129.608s][info][gc          ] Allocation Stall (reactors-io-scheduler-ForkJoinPool-1-worker-27) 28.138ms
[129.608s][info][gc          ] Allocation Stall (reactors-io-scheduler-ForkJoinPool-1-worker-47) 27.523ms
[129.608s][info][gc          ] Allocation Stall (reactors-io-scheduler-ForkJoinPool-1-worker-8) 27.391ms
[129.608s][info][gc          ] Allocation Stall (reactors-io-scheduler-ForkJoinPool-1-worker-19) 30.513ms
[129.608s][info][gc          ] Allocation Stall (reactors-io-scheduler-ForkJoinPool-1-worker-36) 27.286ms
[129.608s][info][gc          ] Allocation Stall (reactors-io-scheduler-ForkJoinPool-1-worker-45) 27.991ms
[129.608s][info][gc          ] Allocation Stall (reactors-io-scheduler-ForkJoinPool-1-worker-30) 27.263ms
[129.608s][info][gc          ] Allocation Stall (reactors-io-scheduler-ForkJoinPool-1-worker-12) 32.315ms
[129.608s][info][gc          ] Allocation Stall (reactors-io-scheduler-ForkJoinPool-1-worker-48) 27.980ms
[129.608s][info][gc          ] Allocation Stall (reactors-io-scheduler-ForkJoinPool-1-worker-38) 28.210ms
[129.608s][info][gc          ] Allocation Stall (reactors-io-scheduler-ForkJoinPool-1-worker-24) 32.331ms
[129.608s][info][gc          ] Allocation Stall (reactors-io-scheduler-ForkJoinPool-1-worker-22) 29.963ms
[129.608s][info][gc          ] Allocation Stall (reactors-io-scheduler-ForkJoinPool-1-worker-3) 28.078ms
[129.608s][info][gc          ] Allocation Stall (reactors-io-scheduler-ForkJoinPool-1-worker-16) 27.244ms
[129.608s][info][gc          ] Allocation Stall (reactors-io-scheduler-ForkJoinPool-1-worker-37) 28.119ms
[129.608s][info][gc          ] Allocation Stall (reactors-io-scheduler-ForkJoinPool-1-worker-35) 28.239ms
[129.608s][info][gc          ] Allocation Stall (reactors-io-scheduler-ForkJoinPool-1-worker-39) 32.326ms
[129.608s][info][gc          ] Allocation Stall (reactors-io-scheduler-ForkJoinPool-1-worker-9) 27.427ms
[129.608s][info][gc          ] Allocation Stall (reactors-io-scheduler-ForkJoinPool-1-worker-14) 27.784ms
[129.608s][info][gc          ] Allocation Stall (reactors-io-scheduler-ForkJoinPool-1-worker-46) 28.065ms
[129.608s][info][gc          ] Allocation Stall (reactors-io-scheduler-ForkJoinPool-1-worker-17) 27.492ms
[129.608s][info][gc          ] Allocation Stall (reactors-io-scheduler-ForkJoinPool-1-worker-33) 27.558ms
[129.608s][info][gc          ] Allocation Stall (reactors-io-scheduler-ForkJoinPool-1-worker-6) 27.625ms
[129.608s][info][gc          ] Allocation Stall (reactors-io-scheduler-ForkJoinPool-1-worker-29) 28.168ms
[129.615s][info][gc,phases   ] GC(217) Concurrent Select Relocation Set 7.942ms
[129.616s][info][gc,phases   ] GC(217) Pause Relocate Start 0.012ms
[129.713s][info][gc          ] Allocation Stall (reactors-io-scheduler-ForkJoinPool-1-worker-10) 0.166ms
[129.713s][info][gc          ] Allocation Stall (reactors-io-scheduler-ForkJoinPool-1-worker-22) 0.226ms
[129.713s][info][gc          ] Allocation Stall (reactors-io-scheduler-ForkJoinPool-1-worker-30) 0.036ms
[129.713s][info][gc          ] Allocation Stall (reactors-io-scheduler-ForkJoinPool-1-worker-48) 0.367ms
[129.713s][info][gc          ] Allocation Stall (reactors-io-scheduler-ForkJoinPool-1-worker-16) 0.352ms
[129.713s][info][gc          ] Allocation Stall (reactors-io-scheduler-ForkJoinPool-1-worker-2) 0.307ms
[129.713s][info][gc          ] Allocation Stall (reactors-io-scheduler-ForkJoinPool-1-worker-28) 0.333ms
[129.713s][info][gc          ] Allocation Stall (reactors-io-scheduler-ForkJoinPool-1-worker-32) 0.513ms
[129.714s][info][gc          ] Relocation Stall (reactors-io-scheduler-ForkJoinPool-1-worker-34) 1.544ms
[129.715s][info][gc          ] Allocation Stall (reactors-io-scheduler-ForkJoinPool-1-worker-44) 1.659ms
[129.715s][info][gc          ] Allocation Stall (reactors-io-scheduler-ForkJoinPool-1-worker-25) 1.430ms
[129.715s][info][gc          ] Allocation Stall (reactors-io-scheduler-ForkJoinPool-1-worker-4) 1.641ms
[129.715s][info][gc          ] Allocation Stall (reactors-io-scheduler-ForkJoinPool-1-worker-3) 1.523ms
[129.717s][info][gc,phases   ] GC(217) Concurrent Relocate 3.763ms
[129.717s][info][gc,load     ] GC(217) Load: 0.00/0.00/0.00
[129.717s][info][gc,mmu      ] GC(217) MMU: 2ms/95.8%, 5ms/98.3%, 10ms/99.2%, 20ms/99.6%, 50ms/99.8%, 100ms/99.9%
[129.717s][info][gc,marking  ] GC(217) Mark: 8 stripe(s), 2 proactive flush(es), 1 terminate flush(es), 0 completion(s), 0 continuation(s) 
[129.717s][info][gc,marking  ] GC(217) Mark Stack Usage: 32M
[129.717s][info][gc,nmethod  ] GC(217) NMethods: 794 registered, 16 unregistered
[129.717s][info][gc,metaspace] GC(217) Metaspace: 16M used, 16M committed, 1088M reserved
[129.717s][info][gc,ref      ] GC(217) Soft: 172 encountered, 35 discovered, 1 enqueued
[129.717s][info][gc,ref      ] GC(217) Weak: 985 encountered, 48 discovered, 4 enqueued
[129.717s][info][gc,ref      ] GC(217) Final: 0 encountered, 0 discovered, 0 enqueued
[129.717s][info][gc,ref      ] GC(217) Phantom: 35 encountered, 24 discovered, 0 enqueued
[129.717s][info][gc,reloc    ] GC(217) Small Pages: 505 / 1010M, Empty: 654M, Relocated: 6M, In-Place: 8
[129.717s][info][gc,reloc    ] GC(217) Medium Pages: 0 / 0M, Empty: 0M, Relocated: 0M, In-Place: 0
[129.717s][info][gc,reloc    ] GC(217) Large Pages: 0 / 0M, Empty: 0M, Relocated: 0M, In-Place: 0
[129.717s][info][gc,reloc    ] GC(217) Forwarding Usage: 1M
[129.717s][info][gc,heap     ] GC(217) Min Capacity: 8M(1%)
[129.717s][info][gc,heap     ] GC(217) Max Capacity: 1024M(100%)
[129.717s][info][gc,heap     ] GC(217) Soft Max Capacity: 1024M(100%)
[129.717s][info][gc,heap     ] GC(217)                Mark Start          Mark End        Relocate Start      Relocate End           High               Low         
[129.717s][info][gc,heap     ] GC(217)  Capacity:     1024M (100%)       1024M (100%)       1024M (100%)       1024M (100%)       1024M (100%)       1024M (100%)   
[129.717s][info][gc,heap     ] GC(217)      Free:        0M (0%)            0M (0%)          588M (57%)         286M (28%)         612M (60%)           0M (0%)     
[129.717s][info][gc,heap     ] GC(217)      Used:     1024M (100%)       1024M (100%)        436M (43%)         738M (72%)        1024M (100%)        412M (40%)    
[129.717s][info][gc,heap     ] GC(217)      Live:         -                26M (3%)           26M (3%)           26M (3%)             -                  -          
[129.717s][info][gc,heap     ] GC(217) Allocated:         -                 0M (0%)           66M (6%)          679M (66%)            -                  -          
[129.717s][info][gc,heap     ] GC(217)   Garbage:         -               997M (97%)         343M (34%)          31M (3%)             -                  -          
[129.717s][info][gc,heap     ] GC(217) Reclaimed:         -                  -               654M (64%)         965M (94%)            -                  -          
[129.717s][info][gc          ] GC(217) Garbage Collection (Allocation Stall) 1024M(100%)->738M(72%)
[129.763s][info][gc,start    ] GC(218) Garbage Collection (Allocation Stall)
[129.763s][info][gc,ref      ] GC(218) Clearing All SoftReferences
[129.763s][info][gc,task     ] GC(218) Using 10 workers
[129.764s][info][gc,ref      ] GC(218) Clearing All SoftReferences
[129.764s][info][gc,phases   ] GC(218) Pause Mark Start 0.046ms
[129.778s][info][gc,phases   ] GC(218) Concurrent Mark 14.475ms
[129.778s][info][gc,phases   ] GC(218) Pause Mark End 0.012ms
[129.778s][info][gc,phases   ] GC(218) Concurrent Mark Free 0.000ms
[129.779s][info][gc,phases   ] GC(218) Concurrent Process Non-Strong References 0.336ms
[129.779s][info][gc,phases   ] GC(218) Concurrent Reset Relocation Set 0.019ms
[129.779s][info][gc          ] Allocation Stall (reactors-io-scheduler-ForkJoinPool-1-worker-6) 15.099ms
[129.779s][info][gc          ] Allocation Stall (reactors-io-scheduler-ForkJoinPool-1-worker-30) 15.138ms
[129.779s][info][gc          ] Allocation Stall (reactors-io-scheduler-ForkJoinPool-1-worker-10) 15.103ms
[129.779s][info][gc          ] Allocation Stall (reactors-io-scheduler-ForkJoinPool-1-worker-40) 15.174ms
[129.779s][info][gc          ] Allocation Stall (reactors-io-scheduler-ForkJoinPool-1-worker-20) 15.120ms
[129.779s][info][gc          ] Allocation Stall (reactors-io-scheduler-ForkJoinPool-1-worker-16) 15.110ms
[129.779s][info][gc          ] Allocation Stall (reactors-io-scheduler-ForkJoinPool-1-worker-29) 15.134ms
[129.779s][info][gc          ] Allocation Stall (reactors-io-scheduler-ForkJoinPool-1-worker-37) 15.140ms
[129.779s][info][gc          ] Allocation Stall (reactors-io-scheduler-ForkJoinPool-1-worker-8) 15.171ms
[129.779s][info][gc          ] Allocation Stall (reactors-io-scheduler-ForkJoinPool-1-worker-36) 15.129ms
[129.779s][info][gc          ] Allocation Stall (reactors-io-scheduler-ForkJoinPool-1-worker-28) 15.122ms
[129.779s][info][gc          ] Allocation Stall (reactors-io-scheduler-ForkJoinPool-1-worker-34) 15.165ms
[129.779s][info][gc          ] Allocation Stall (reactors-io-scheduler-ForkJoinPool-1-worker-12) 15.152ms
[129.779s][info][gc          ] Allocation Stall (reactors-io-scheduler-ForkJoinPool-1-worker-13) 15.206ms
[129.779s][info][gc          ] Allocation Stall (reactors-io-scheduler-ForkJoinPool-1-worker-47) 15.140ms
[129.779s][info][gc          ] Allocation Stall (reactors-io-scheduler-ForkJoinPool-1-worker-18) 15.184ms
[129.779s][info][gc          ] Allocation Stall (reactors-io-scheduler-ForkJoinPool-1-worker-9) 15.197ms
[129.779s][info][gc          ] Allocation Stall (reactors-io-scheduler-ForkJoinPool-1-worker-24) 15.145ms
[129.779s][info][gc          ] Allocation Stall (reactors-io-scheduler-ForkJoinPool-1-worker-4) 15.166ms
[129.779s][info][gc          ] Allocation Stall (reactors-io-scheduler-ForkJoinPool-1-worker-3) 15.198ms
[129.779s][info][gc          ] Allocation Stall (reactors-io-scheduler-ForkJoinPool-1-worker-7) 15.155ms
[129.779s][info][gc          ] Allocation Stall (reactors-io-scheduler-ForkJoinPool-1-worker-15) 15.758ms
[129.779s][info][gc          ] Allocation Stall (reactors-io-scheduler-ForkJoinPool-1-worker-26) 15.199ms
[129.779s][info][gc          ] Allocation Stall (reactors-io-scheduler-ForkJoinPool-1-worker-41) 15.163ms
[129.779s][info][gc          ] Allocation Stall (reactors-io-scheduler-ForkJoinPool-1-worker-39) 15.188ms
[129.779s][info][gc          ] Allocation Stall (reactors-io-scheduler-ForkJoinPool-1-worker-22) 15.183ms
[129.779s][info][gc          ] Allocation Stall (reactors-io-scheduler-ForkJoinPool-1-worker-14) 15.226ms
[129.779s][info][gc          ] Allocation Stall (reactors-io-scheduler-ForkJoinPool-1-worker-19) 15.242ms
[129.779s][info][gc          ] Allocation Stall (reactors-io-scheduler-ForkJoinPool-1-worker-42) 15.261ms
[129.779s][info][gc          ] Allocation Stall (reactors-io-scheduler-ForkJoinPool-1-worker-23) 15.220ms
[129.779s][info][gc          ] Allocation Stall (reactors-io-scheduler-ForkJoinPool-1-worker-46) 15.216ms
[129.779s][info][gc          ] Allocation Stall (reactors-io-scheduler-ForkJoinPool-1-worker-17) 15.193ms
[129.779s][info][gc          ] Allocation Stall (reactors-io-scheduler-ForkJoinPool-1-worker-48) 15.201ms
[129.779s][info][gc          ] Allocation Stall (reactors-io-scheduler-ForkJoinPool-1-worker-1) 15.216ms
[129.779s][info][gc          ] Allocation Stall (reactors-io-scheduler-ForkJoinPool-1-worker-38) 15.223ms
[129.779s][info][gc          ] Allocation Stall (reactors-io-scheduler-ForkJoinPool-1-worker-44) 15.209ms
[129.779s][info][gc          ] Allocation Stall (reactors-io-scheduler-ForkJoinPool-1-worker-43) 15.253ms
[129.779s][info][gc          ] Allocation Stall (reactors-io-scheduler-ForkJoinPool-1-worker-2) 15.233ms
[129.779s][info][gc          ] Allocation Stall (reactors-io-scheduler-ForkJoinPool-1-worker-32) 15.237ms
[129.779s][info][gc          ] Allocation Stall (reactors-io-scheduler-ForkJoinPool-1-worker-25) 15.215ms
[129.779s][info][gc          ] Allocation Stall (reactors-io-scheduler-ForkJoinPool-1-worker-35) 15.232ms
[129.779s][info][gc          ] Allocation Stall (reactors-io-scheduler-ForkJoinPool-1-worker-11) 15.247ms
[129.779s][info][gc          ] Allocation Stall (reactors-io-scheduler-ForkJoinPool-1-worker-45) 15.281ms
[129.779s][info][gc          ] Allocation Stall (reactors-io-scheduler-ForkJoinPool-1-worker-27) 15.217ms
[129.779s][info][gc          ] Allocation Stall (reactors-io-scheduler-ForkJoinPool-1-worker-5) 15.273ms
[129.779s][info][gc          ] Allocation Stall (reactors-io-scheduler-ForkJoinPool-1-worker-31) 15.283ms
[129.779s][info][gc          ] Allocation Stall (reactors-io-scheduler-ForkJoinPool-1-worker-21) 15.245ms
[129.779s][info][gc          ] Allocation Stall (reactors-io-scheduler-ForkJoinPool-1-worker-33) 15.220ms
[129.784s][info][gc,phases   ] GC(218) Concurrent Select Relocation Set 5.589ms
[129.785s][info][gc,phases   ] GC(218) Pause Relocate Start 0.007ms
[129.789s][info][gc,phases   ] GC(218) Concurrent Relocate 4.617ms
[129.790s][info][gc,load     ] GC(218) Load: 0.00/0.00/0.00
[129.790s][info][gc,mmu      ] GC(218) MMU: 2ms/95.8%, 5ms/98.3%, 10ms/99.2%, 20ms/99.6%, 50ms/99.8%, 100ms/99.9%
[129.790s][info][gc,marking  ] GC(218) Mark: 8 stripe(s), 2 proactive flush(es), 1 terminate flush(es), 0 completion(s), 0 continuation(s) 
[129.790s][info][gc,marking  ] GC(218) Mark Stack Usage: 32M
[129.790s][info][gc,nmethod  ] GC(218) NMethods: 821 registered, 16 unregistered
[129.790s][info][gc,metaspace] GC(218) Metaspace: 16M used, 16M committed, 1088M reserved
[129.790s][info][gc,ref      ] GC(218) Soft: 171 encountered, 39 discovered, 1 enqueued
[129.790s][info][gc,ref      ] GC(218) Weak: 981 encountered, 65 discovered, 1 enqueued
[129.790s][info][gc,ref      ] GC(218) Final: 0 encountered, 0 discovered, 0 enqueued
[129.790s][info][gc,ref      ] GC(218) Phantom: 35 encountered, 23 discovered, 0 enqueued
[129.790s][info][gc,reloc    ] GC(218) Small Pages: 512 / 1024M, Empty: 512M, Relocated: 6M, In-Place: 0
[129.790s][info][gc,reloc    ] GC(218) Medium Pages: 0 / 0M, Empty: 0M, Relocated: 0M, In-Place: 0
[129.790s][info][gc,reloc    ] GC(218) Large Pages: 0 / 0M, Empty: 0M, Relocated: 0M, In-Place: 0
[129.790s][info][gc,reloc    ] GC(218) Forwarding Usage: 2M
[129.790s][info][gc,heap     ] GC(218) Min Capacity: 8M(1%)
[129.790s][info][gc,heap     ] GC(218) Max Capacity: 1024M(100%)
[129.790s][info][gc,heap     ] GC(218) Soft Max Capacity: 1024M(100%)
[129.790s][info][gc,heap     ] GC(218)                Mark Start          Mark End        Relocate Start      Relocate End           High               Low         
[129.790s][info][gc,heap     ] GC(218)  Capacity:     1024M (100%)       1024M (100%)       1024M (100%)       1024M (100%)       1024M (100%)       1024M (100%)   
[129.790s][info][gc,heap     ] GC(218)      Free:        0M (0%)            0M (0%)          498M (49%)         942M (92%)         948M (93%)           0M (0%)     
[129.790s][info][gc,heap     ] GC(218)      Used:     1024M (100%)       1024M (100%)        526M (51%)          82M (8%)         1024M (100%)         76M (7%)     
[129.790s][info][gc,heap     ] GC(218)      Live:         -                26M (3%)           26M (3%)           26M (3%)             -                  -          
[129.790s][info][gc,heap     ] GC(218) Allocated:         -                 0M (0%)           14M (1%)           37M (4%)             -                  -          
[129.790s][info][gc,heap     ] GC(218)   Garbage:         -               997M (97%)         485M (47%)          17M (2%)             -                  -          
[129.790s][info][gc,heap     ] GC(218) Reclaimed:         -                  -               512M (50%)         979M (96%)            -                  -          
[129.790s][info][gc          ] GC(218) Garbage Collection (Allocation Stall) 1024M(100%)->82M(8%)
[129.795s][info][gc,start    ] GC(219) Garbage Collection (Allocation Stall)
[129.795s][info][gc,ref      ] GC(219) Clearing All SoftReferences
[129.795s][info][gc,task     ] GC(219) Using 10 workers
[129.796s][info][gc,ref      ] GC(219) Clearing All SoftReferences
[129.796s][info][gc,phases   ] GC(219) Pause Mark Start 0.036ms
[129.889s][info][gc,phases   ] GC(219) Concurrent Mark 81.855ms
[129.889s][info][gc,phases   ] GC(219) Pause Mark End 0.027ms
[129.974s][info][gc,phases   ] GC(219) Concurrent Mark Free 0.004ms
[129.978s][info][gc,phases   ] GC(219) Concurrent Process Non-Strong References 3.953ms
[129.979s][info][gc,phases   ] GC(219) Concurrent Reset Relocation Set 0.033ms
[129.981s][info][gc,phases   ] GC(219) Concurrent Select Relocation Set 2.268ms
[129.981s][info][gc,phases   ] GC(219) Pause Relocate Start 0.007ms
[129.981s][info][gc          ] Allocation Stall (reactors-io-scheduler-ForkJoinPool-1-worker-20) 6.694ms
[129.981s][info][gc          ] Allocation Stall (reactors-io-scheduler-ForkJoinPool-1-worker-39) 6.697ms
[129.981s][info][gc          ] Allocation Stall (reactors-io-scheduler-ForkJoinPool-1-worker-16) 6.784ms
[129.981s][info][gc          ] Allocation Stall (reactors-io-scheduler-ForkJoinPool-1-worker-25) 6.593ms
[129.981s][info][gc          ] Allocation Stall (reactors-io-scheduler-ForkJoinPool-1-worker-45) 6.651ms
[129.981s][info][gc          ] Allocation Stall (reactors-io-scheduler-ForkJoinPool-1-worker-43) 6.525ms
[129.981s][info][gc          ] Allocation Stall (reactors-io-scheduler-ForkJoinPool-1-worker-38) 6.521ms
[129.981s][info][gc          ] Allocation Stall (reactors-io-scheduler-ForkJoinPool-1-worker-24) 6.502ms
[129.981s][info][gc          ] Allocation Stall (reactors-io-scheduler-ForkJoinPool-1-worker-14) 6.483ms
[129.981s][info][gc          ] Allocation Stall (reactors-io-scheduler-reanimator) 6.681ms
[129.981s][info][gc          ] Allocation Stall (reactors-io-scheduler-ForkJoinPool-1-worker-29) 6.366ms
[129.981s][info][gc          ] Allocation Stall (reactors-io-scheduler-ForkJoinPool-1-worker-13) 6.305ms
[129.981s][info][gc          ] Relocation Stall (reactors-io-scheduler-ForkJoinPool-1-worker-34) 0.100ms
[129.981s][info][gc          ] Relocation Stall (reactors-io-scheduler-ForkJoinPool-1-worker-8) 0.105ms
[129.981s][info][gc          ] Relocation Stall (reactors-io-scheduler-ForkJoinPool-1-worker-3) 0.107ms
[129.981s][info][gc          ] Allocation Stall (reactors-io-scheduler-ForkJoinPool-1-worker-23) 6.310ms
[129.981s][info][gc          ] Allocation Stall (reactors-io-scheduler-ForkJoinPool-1-worker-7) 6.231ms
[129.981s][info][gc          ] Allocation Stall (reactors-io-scheduler-ForkJoinPool-1-worker-32) 6.273ms
[129.981s][info][gc          ] Allocation Stall (reactors-io-scheduler-ForkJoinPool-1-worker-42) 6.226ms
[129.981s][info][gc          ] Allocation Stall (reactors-io-scheduler-ForkJoinPool-1-worker-28) 6.227ms
[129.981s][info][gc          ] Allocation Stall (reactors-io-scheduler-ForkJoinPool-1-worker-4) 6.228ms
[129.981s][info][gc          ] Allocation Stall (reactors-io-scheduler-ForkJoinPool-1-worker-30) 6.199ms
[129.981s][info][gc          ] Allocation Stall (reactors-io-scheduler-ForkJoinPool-1-worker-10) 6.177ms
[129.981s][info][gc          ] Allocation Stall (reactors-io-scheduler-ForkJoinPool-1-worker-36) 6.191ms
[129.981s][info][gc          ] Allocation Stall (reactors-io-scheduler-ForkJoinPool-1-worker-37) 6.199ms
[129.981s][info][gc          ] Allocation Stall (reactors-io-scheduler-ForkJoinPool-1-worker-26) 6.183ms
[129.981s][info][gc          ] Allocation Stall (reactors-io-scheduler-ForkJoinPool-1-worker-44) 6.198ms
[129.981s][info][gc          ] Allocation Stall (reactors-io-scheduler-ForkJoinPool-1-worker-33) 6.195ms
[129.981s][info][gc          ] Allocation Stall (reactors-io-scheduler-ForkJoinPool-1-worker-35) 6.214ms
[129.981s][info][gc          ] Allocation Stall (reactors-io-scheduler-ForkJoinPool-1-worker-46) 6.213ms
[129.981s][info][gc          ] Allocation Stall (reactors-io-scheduler-ForkJoinPool-1-worker-15) 6.218ms
[129.981s][info][gc          ] Allocation Stall (reactors-io-scheduler-ForkJoinPool-1-worker-19) 6.241ms
[129.981s][info][gc          ] Allocation Stall (reactors-io-scheduler-ForkJoinPool-1-worker-22) 6.236ms
[129.981s][info][gc          ] Allocation Stall (reactors-io-scheduler-ForkJoinPool-1-worker-1) 6.248ms
[129.981s][info][gc          ] Allocation Stall (reactors-io-scheduler-ForkJoinPool-1-worker-9) 6.254ms
[129.981s][info][gc          ] Allocation Stall (reactors-io-scheduler-ForkJoinPool-1-worker-21) 6.283ms
[129.981s][info][gc          ] Allocation Stall (reactors-io-scheduler-ForkJoinPool-1-worker-2) 6.287ms
[129.981s][info][gc          ] Allocation Stall (reactors-io-scheduler-ForkJoinPool-1-worker-34) 7.248ms
[129.981s][info][gc          ] Allocation Stall (reactors-io-scheduler-ForkJoinPool-1-worker-8) 7.267ms
[129.982s][info][gc          ] Allocation Stall (reactors-io-scheduler-ForkJoinPool-1-worker-3) 7.303ms
[129.982s][info][gc          ] Allocation Stall (reactors-io-scheduler-ForkJoinPool-1-worker-40) 6.362ms
[129.982s][info][gc          ] Allocation Stall (reactors-io-scheduler-ForkJoinPool-1-worker-17) 6.401ms
[129.982s][info][gc          ] Allocation Stall (reactors-io-scheduler-ForkJoinPool-1-worker-31) 6.376ms
[129.982s][info][gc          ] Allocation Stall (reactors-io-scheduler-ForkJoinPool-1-worker-11) 6.392ms
[129.982s][info][gc          ] Allocation Stall (reactors-io-scheduler-ForkJoinPool-1-worker-12) 6.394ms
[129.982s][info][gc          ] Allocation Stall (reactors-io-scheduler-ForkJoinPool-1-worker-18) 6.443ms
[129.982s][info][gc          ] Allocation Stall (reactors-io-scheduler-ForkJoinPool-1-worker-6) 6.466ms
[129.982s][info][gc          ] Allocation Stall (reactors-io-scheduler-ForkJoinPool-1-worker-47) 6.493ms
[129.982s][info][gc          ] Allocation Stall (reactors-io-scheduler-ForkJoinPool-1-worker-48) 6.545ms
[129.982s][info][gc          ] Allocation Stall (reactors-io-scheduler-ForkJoinPool-1-worker-27) 6.561ms
[129.982s][info][gc          ] Allocation Stall (reactors-io-scheduler-ForkJoinPool-1-worker-5) 6.591ms
[129.982s][info][gc          ] Allocation Stall (reactors-io-scheduler-ForkJoinPool-1-worker-45) 0.337ms
[129.982s][info][gc          ] Allocation Stall (reactors-io-scheduler-ForkJoinPool-1-worker-41) 6.766ms
[129.982s][info][gc          ] Allocation Stall (reactors-io-scheduler-ForkJoinPool-1-worker-43) 0.346ms
[129.982s][info][gc          ] Allocation Stall (reactors-io-scheduler-ForkJoinPool-1-worker-25) 0.025ms
[129.983s][info][gc,phases   ] GC(219) Concurrent Relocate 1.987ms
[129.983s][info][gc,load     ] GC(219) Load: 0.00/0.00/0.00
[129.983s][info][gc,mmu      ] GC(219) MMU: 2ms/95.8%, 5ms/98.3%, 10ms/99.2%, 20ms/99.6%, 50ms/99.8%, 100ms/99.9%
[129.983s][info][gc,marking  ] GC(219) Mark: 8 stripe(s), 3 proactive flush(es), 1 terminate flush(es), 0 completion(s), 0 continuation(s) 
[129.983s][info][gc,marking  ] GC(219) Mark Stack Usage: 32M
[129.983s][info][gc,nmethod  ] GC(219) NMethods: 951 registered, 40 unregistered
[129.983s][info][gc,metaspace] GC(219) Metaspace: 16M used, 16M committed, 1088M reserved
[129.983s][info][gc,ref      ] GC(219) Soft: 172 encountered, 39 discovered, 1 enqueued
[129.983s][info][gc,ref      ] GC(219) Weak: 981 encountered, 25 discovered, 0 enqueued
[129.983s][info][gc,ref      ] GC(219) Final: 0 encountered, 0 discovered, 0 enqueued
[129.983s][info][gc,ref      ] GC(219) Phantom: 35 encountered, 22 discovered, 0 enqueued
[129.983s][info][gc,reloc    ] GC(219) Small Pages: 55 / 110M, Empty: 0M, Relocated: 6M, In-Place: 10
[129.983s][info][gc,reloc    ] GC(219) Medium Pages: 0 / 0M, Empty: 0M, Relocated: 0M, In-Place: 0
[129.984s][info][gc,reloc    ] GC(219) Large Pages: 0 / 0M, Empty: 0M, Relocated: 0M, In-Place: 0
[129.984s][info][gc,reloc    ] GC(219) Forwarding Usage: 1M
[129.984s][info][gc,heap     ] GC(219) Min Capacity: 8M(1%)
[129.984s][info][gc,heap     ] GC(219) Max Capacity: 1024M(100%)
[129.984s][info][gc,heap     ] GC(219) Soft Max Capacity: 1024M(100%)
[129.984s][info][gc,heap     ] GC(219)                Mark Start          Mark End        Relocate Start      Relocate End           High               Low         
[129.984s][info][gc,heap     ] GC(219)  Capacity:     1024M (100%)       1024M (100%)       1024M (100%)       1024M (100%)       1024M (100%)       1024M (100%)   
[129.984s][info][gc,heap     ] GC(219)      Free:      914M (89%)         316M (31%)           0M (0%)           30M (3%)          914M (89%)           0M (0%)     
[129.984s][info][gc,heap     ] GC(219)      Used:      110M (11%)         708M (69%)        1024M (100%)        994M (97%)        1024M (100%)        110M (11%)    
[129.984s][info][gc,heap     ] GC(219)      Live:         -                26M (3%)           26M (3%)           26M (3%)             -                  -          
[129.984s][info][gc,heap     ] GC(219) Allocated:         -               598M (58%)         914M (89%)         949M (93%)            -                  -          
[129.984s][info][gc,heap     ] GC(219)   Garbage:         -                83M (8%)           83M (8%)           17M (2%)             -                  -          
[129.984s][info][gc,heap     ] GC(219) Reclaimed:         -                  -                 0M (0%)           65M (6%)             -                  -          
[129.984s][info][gc          ] GC(219) Garbage Collection (Allocation Stall) 110M(11%)->994M(97%)
[129.990s][info][gc,start    ] GC(220) Garbage Collection (Allocation Stall)
[129.990s][info][gc,ref      ] GC(220) Clearing All SoftReferences
[129.990s][info][gc,task     ] GC(220) Using 10 workers
[129.990s][info][gc,ref      ] GC(220) Clearing All SoftReferences
[129.990s][info][gc,phases   ] GC(220) Pause Mark Start 0.040ms
[129.998s][info][gc,phases   ] GC(220) Concurrent Mark 8.265ms
[129.998s][info][gc,phases   ] GC(220) Pause Mark End 0.012ms
[129.999s][info][gc,phases   ] GC(220) Concurrent Mark Free 0.000ms
[130.002s][info][gc,phases   ] GC(220) Concurrent Process Non-Strong References 3.145ms
[130.002s][info][gc,phases   ] GC(220) Concurrent Reset Relocation Set 0.005ms
[130.002s][info][gc          ] Allocation Stall (reactors-io-scheduler-ForkJoinPool-1-worker-8) 11.708ms
[130.002s][info][gc          ] Allocation Stall (reactors-io-scheduler-ForkJoinPool-1-worker-34) 11.726ms
[130.002s][info][gc          ] Allocation Stall (reactors-io-scheduler-ForkJoinPool-1-worker-20) 11.712ms
[130.002s][info][gc          ] Allocation Stall (reactors-io-scheduler-ForkJoinPool-1-worker-13) 11.699ms
[130.002s][info][gc          ] Allocation Stall (reactors-io-scheduler-ForkJoinPool-1-worker-42) 11.716ms
[130.002s][info][gc          ] Allocation Stall (reactors-io-scheduler-ForkJoinPool-1-worker-14) 11.735ms
[130.002s][info][gc          ] Allocation Stall (reactors-io-scheduler-ForkJoinPool-1-worker-48) 11.732ms
[130.002s][info][gc          ] Allocation Stall (reactors-io-scheduler-ForkJoinPool-1-worker-31) 11.738ms
[130.002s][info][gc          ] Allocation Stall (reactors-io-scheduler-ForkJoinPool-1-worker-5) 11.715ms
[130.002s][info][gc          ] Allocation Stall (reactors-io-scheduler-ForkJoinPool-1-worker-3) 11.763ms
[130.002s][info][gc          ] Allocation Stall (reactors-io-scheduler-ForkJoinPool-1-worker-19) 11.733ms
[130.002s][info][gc          ] Allocation Stall (reactors-io-scheduler-ForkJoinPool-1-worker-4) 11.737ms
[130.002s][info][gc          ] Allocation Stall (reactors-io-scheduler-ForkJoinPool-1-worker-41) 11.741ms
[130.002s][info][gc          ] Allocation Stall (reactors-io-scheduler-ForkJoinPool-1-worker-37) 11.755ms
[130.002s][info][gc          ] Allocation Stall (reactors-io-scheduler-ForkJoinPool-1-worker-15) 11.734ms
[130.002s][info][gc          ] Allocation Stall (reactors-io-scheduler-ForkJoinPool-1-worker-10) 11.753ms
[130.002s][info][gc          ] Allocation Stall (reactors-io-scheduler-ForkJoinPool-1-worker-2) 11.761ms
[130.002s][info][gc          ] Allocation Stall (reactors-io-scheduler-ForkJoinPool-1-worker-18) 11.776ms
[130.002s][info][gc          ] Allocation Stall (reactors-io-scheduler-ForkJoinPool-1-worker-22) 11.761ms
[130.002s][info][gc          ] Allocation Stall (reactors-io-scheduler-ForkJoinPool-1-worker-7) 12.262ms
[130.002s][info][gc          ] Allocation Stall (reactors-io-scheduler-ForkJoinPool-1-worker-35) 11.827ms
[130.002s][info][gc          ] Allocation Stall (reactors-io-scheduler-ForkJoinPool-1-worker-30) 11.770ms
[130.002s][info][gc          ] Allocation Stall (reactors-io-scheduler-ForkJoinPool-1-worker-23) 11.788ms
[130.002s][info][gc          ] Allocation Stall (reactors-io-scheduler-ForkJoinPool-1-worker-1) 11.815ms
[130.002s][info][gc          ] Allocation Stall (reactors-io-scheduler-ForkJoinPool-1-worker-44) 11.788ms
[130.002s][info][gc          ] Allocation Stall (reactors-io-scheduler-ForkJoinPool-1-worker-32) 11.883ms
[130.002s][info][gc          ] Allocation Stall (reactors-io-scheduler-ForkJoinPool-1-worker-25) 11.842ms
[130.002s][info][gc          ] Allocation Stall (reactors-io-scheduler-ForkJoinPool-1-worker-16) 11.838ms
[130.002s][info][gc          ] Allocation Stall (reactors-io-scheduler-ForkJoinPool-1-worker-28) 11.835ms
[130.002s][info][gc          ] Allocation Stall (reactors-io-scheduler-ForkJoinPool-1-worker-9) 11.804ms
[130.002s][info][gc          ] Allocation Stall (reactors-io-scheduler-ForkJoinPool-1-worker-45) 11.835ms
[130.002s][info][gc          ] Allocation Stall (reactors-io-scheduler-ForkJoinPool-1-worker-38) 11.811ms
[130.002s][info][gc          ] Allocation Stall (reactors-io-scheduler-ForkJoinPool-1-worker-6) 11.840ms
[130.002s][info][gc          ] Allocation Stall (reactors-io-scheduler-ForkJoinPool-1-worker-40) 11.825ms
[130.002s][info][gc          ] Allocation Stall (reactors-io-scheduler-ForkJoinPool-1-worker-47) 12.288ms
[130.002s][info][gc          ] Allocation Stall (reactors-io-scheduler-ForkJoinPool-1-worker-46) 11.838ms
[130.002s][info][gc          ] Allocation Stall (reactors-io-scheduler-ForkJoinPool-1-worker-24) 11.845ms
[130.002s][info][gc          ] Allocation Stall (reactors-io-scheduler-ForkJoinPool-1-worker-39) 11.854ms
[130.002s][info][gc          ] Allocation Stall (reactors-io-scheduler-ForkJoinPool-1-worker-26) 11.843ms
[130.002s][info][gc          ] Allocation Stall (reactors-io-scheduler-ForkJoinPool-1-worker-21) 11.862ms
[130.002s][info][gc          ] Allocation Stall (reactors-io-scheduler-ForkJoinPool-1-worker-36) 11.851ms
[130.002s][info][gc          ] Allocation Stall (reactors-io-scheduler-ForkJoinPool-1-worker-12) 11.850ms
[130.002s][info][gc          ] Allocation Stall (reactors-io-scheduler-ForkJoinPool-1-worker-27) 11.854ms
[130.002s][info][gc          ] Allocation Stall (reactors-io-scheduler-ForkJoinPool-1-worker-33) 11.855ms
[130.002s][info][gc          ] Allocation Stall (reactors-io-scheduler-ForkJoinPool-1-worker-17) 11.864ms
[130.002s][info][gc          ] Allocation Stall (reactors-io-scheduler-ForkJoinPool-1-worker-29) 11.859ms
[130.002s][info][gc          ] Allocation Stall (reactors-io-scheduler-ForkJoinPool-1-worker-43) 11.859ms
[130.002s][info][gc          ] Allocation Stall (reactors-io-scheduler-ForkJoinPool-1-worker-11) 11.892ms
[130.005s][info][gc,phases   ] GC(220) Concurrent Select Relocation Set 3.647ms
[130.006s][info][gc,phases   ] GC(220) Pause Relocate Start 0.006ms
[130.008s][info][gc,phases   ] GC(220) Concurrent Relocate 1.660ms
[130.008s][info][gc,load     ] GC(220) Load: 0.00/0.00/0.00
[130.008s][info][gc,mmu      ] GC(220) MMU: 2ms/95.8%, 5ms/98.3%, 10ms/99.2%, 20ms/99.6%, 50ms/99.8%, 100ms/99.9%
[130.008s][info][gc,marking  ] GC(220) Mark: 8 stripe(s), 2 proactive flush(es), 1 terminate flush(es), 0 completion(s), 0 continuation(s) 
[130.008s][info][gc,marking  ] GC(220) Mark Stack Usage: 32M
[130.008s][info][gc,nmethod  ] GC(220) NMethods: 976 registered, 42 unregistered
[130.008s][info][gc,metaspace] GC(220) Metaspace: 16M used, 16M committed, 1088M reserved
[130.008s][info][gc,ref      ] GC(220) Soft: 171 encountered, 52 discovered, 1 enqueued
[130.008s][info][gc,ref      ] GC(220) Weak: 981 encountered, 66 discovered, 1 enqueued
[130.008s][info][gc,ref      ] GC(220) Final: 0 encountered, 0 discovered, 0 enqueued
[130.008s][info][gc,ref      ] GC(220) Phantom: 35 encountered, 19 discovered, 0 enqueued
[130.008s][info][gc,reloc    ] GC(220) Small Pages: 512 / 1024M, Empty: 704M, Relocated: 6M, In-Place: 0
[130.008s][info][gc,reloc    ] GC(220) Medium Pages: 0 / 0M, Empty: 0M, Relocated: 0M, In-Place: 0
[130.008s][info][gc,reloc    ] GC(220) Large Pages: 0 / 0M, Empty: 0M, Relocated: 0M, In-Place: 0
[130.008s][info][gc,reloc    ] GC(220) Forwarding Usage: 1M
[130.008s][info][gc,heap     ] GC(220) Min Capacity: 8M(1%)
[130.008s][info][gc,heap     ] GC(220) Max Capacity: 1024M(100%)
[130.008s][info][gc,heap     ] GC(220) Soft Max Capacity: 1024M(100%)
[130.008s][info][gc,heap     ] GC(220)                Mark Start          Mark End        Relocate Start      Relocate End           High               Low         
[130.008s][info][gc,heap     ] GC(220)  Capacity:     1024M (100%)       1024M (100%)       1024M (100%)       1024M (100%)       1024M (100%)       1024M (100%)   
[130.008s][info][gc,heap     ] GC(220)      Free:        0M (0%)            0M (0%)          692M (68%)         966M (94%)         966M (94%)           0M (0%)     
[130.008s][info][gc,heap     ] GC(220)      Used:     1024M (100%)       1024M (100%)        332M (32%)          58M (6%)         1024M (100%)         58M (6%)     
[130.008s][info][gc,heap     ] GC(220)      Live:         -                26M (3%)           26M (3%)           26M (3%)             -                  -          
[130.008s][info][gc,heap     ] GC(220) Allocated:         -                 0M (0%)           12M (1%)           13M (1%)             -                  -          
[130.008s][info][gc,heap     ] GC(220)   Garbage:         -               997M (97%)         293M (29%)          17M (2%)             -                  -          
[130.008s][info][gc,heap     ] GC(220) Reclaimed:         -                  -               704M (69%)         979M (96%)            -                  -          
[130.008s][info][gc          ] GC(220) Garbage Collection (Allocation Stall) 1024M(100%)->58M(6%)
[130.097s][info][gc,start    ] GC(221) Garbage Collection (Allocation Stall)
[130.097s][info][gc,stats    ] === Garbage Collection Statistics =======================================================================================================================
[130.097s][info][gc,ref      ] GC(221) Clearing All SoftReferences
[130.097s][info][gc,stats    ]                                                              Last 10s              Last 10m              Last 10h                Total
[130.097s][info][gc,task     ] GC(221) Using 10 workers
[130.097s][info][gc,stats    ]                                                              Avg / Max             Avg / Max             Avg / Max             Avg / Max
[130.097s][info][gc,stats    ]   Collector: Garbage Collection Cycle                    151.926 / 277.433     136.594 / 299.601     136.594 / 299.601     136.594 / 299.601     ms
[130.097s][info][gc,stats    ]  Contention: Mark Segment Reset Contention                    11 / 28                8 / 41                8 / 41                8 / 41          ops/s
[130.097s][info][gc,stats    ]  Contention: Mark SeqNum Reset Contention                      1 / 6                 0 / 6                 0 / 6                 0 / 6           ops/s
[130.097s][info][gc,stats    ]    Critical: Allocation Stall                                 25 / 250              15 / 308              15 / 308              15 / 308         ops/s
[130.097s][info][gc,stats    ]    Critical: Allocation Stall                             12.499 / 32.331       12.221 / 52.907       12.221 / 52.907       12.221 / 52.907      ms
[130.097s][info][gc,stats    ]    Critical: GC Locker Stall                                   0 / 0                 0 / 0                 0 / 0                 0 / 0           ops/s
[130.097s][info][gc,stats    ]    Critical: GC Locker Stall                               0.000 / 0.000         0.000 / 0.000         0.000 / 0.000         0.000 / 0.000       ms
[130.097s][info][gc,ref      ] GC(221) Clearing All SoftReferences
[130.097s][info][gc,stats    ]    Critical: Relocation Stall                                  0 / 4                 0 / 4                 0 / 4                 0 / 4           ops/s
[130.097s][info][gc,phases   ] GC(221) Pause Mark Start 0.046ms
[130.097s][info][gc,stats    ]    Critical: Relocation Stall                              0.464 / 1.544         1.288 / 4.839         1.288 / 4.839         1.288 / 4.839       ms
[130.097s][info][gc,stats    ]      Memory: Allocation Rate                                 765 / 4978            582 / 6762            582 / 6762            582 / 6762        MB/s
[130.097s][info][gc,stats    ]      Memory: Defragment                                        3 / 24                2 / 29                2 / 29                2 / 29          ops/s
[130.097s][info][gc,stats    ]      Memory: Out Of Memory                                     0 / 0                 0 / 0                 0 / 0                 0 / 0           ops/s
[130.097s][info][gc,stats    ]      Memory: Page Cache Flush                                  6 / 48                8 / 122               8 / 122               8 / 122         MB/s
[130.097s][info][gc,stats    ]      Memory: Page Cache Hit L1                               422 / 2505            321 / 3426            321 / 3426            321 / 3426        ops/s
[130.097s][info][gc,stats    ]      Memory: Page Cache Hit L2                                 0 / 0                 0 / 0                 0 / 0                 0 / 0           ops/s
[130.097s][info][gc,stats    ]      Memory: Page Cache Hit L3                                 3 / 23                6 / 407               6 / 407               6 / 407         ops/s
[130.097s][info][gc,stats    ]      Memory: Page Cache Miss                                   0 / 0                 0 / 2                 0 / 2                 0 / 2           ops/s
[130.097s][info][gc,stats    ]      Memory: Uncommit                                          0 / 0                 0 / 0                 0 / 0                 0 / 0           MB/s
[130.097s][info][gc,stats    ]      Memory: Undo Object Allocation Failed                     5 / 57               23 / 647              23 / 647              23 / 647         ops/s
[130.097s][info][gc,stats    ]      Memory: Undo Object Allocation Succeeded                  1 / 6                 5 / 101               5 / 101               5 / 101         ops/s
[130.097s][info][gc,stats    ]      Memory: Undo Page Allocation                             76 / 760              55 / 1061             55 / 1061             55 / 1061        ops/s
[130.097s][info][gc,stats    ]       Phase: Concurrent Mark                             115.237 / 226.013      99.830 / 249.632      99.830 / 249.632      99.830 / 249.632     ms
[130.097s][info][gc,stats    ]       Phase: Concurrent Mark Continue                      0.000 / 0.000         0.000 / 0.000         0.000 / 0.000         0.000 / 0.000       ms
[130.097s][info][gc,stats    ]       Phase: Concurrent Mark Free                          0.001 / 0.004         0.001 / 0.004         0.001 / 0.004         0.001 / 0.004       ms
[130.097s][info][gc,stats    ]       Phase: Concurrent Process Non-Strong References      0.970 / 3.953         0.996 / 15.033        0.996 / 15.033        0.996 / 15.033      ms
[130.097s][info][gc,stats    ]       Phase: Concurrent Relocate                          11.767 / 40.787       11.854 / 59.080       11.854 / 59.080       11.854 / 59.080      ms
[130.097s][info][gc,stats    ]       Phase: Concurrent Reset Relocation Set               0.012 / 0.033         0.014 / 0.066         0.014 / 0.066         0.014 / 0.066       ms
[130.097s][info][gc,stats    ]       Phase: Concurrent Select Relocation Set             11.889 / 51.761       12.045 / 64.809       12.045 / 64.809       12.045 / 64.809      ms
[130.098s][info][gc,stats    ]       Phase: Pause Mark End                                0.018 / 0.027         0.017 / 0.027         0.017 / 0.027         0.017 / 0.027       ms
[130.098s][info][gc,stats    ]       Phase: Pause Mark Start                              0.021 / 0.047         0.019 / 0.084         0.019 / 0.084         0.019 / 0.084       ms
[130.098s][info][gc,stats    ]       Phase: Pause Relocate Start                          0.008 / 0.015         0.008 / 0.025         0.008 / 0.025         0.008 / 0.025       ms
[130.098s][info][gc,stats    ]    Subphase: Concurrent Classes Purge                      0.064 / 0.668         0.065 / 5.672         0.065 / 5.672         0.065 / 5.672       ms
[130.098s][info][gc,stats    ]    Subphase: Concurrent Classes Unlink                     0.676 / 3.202         0.418 / 6.293         0.418 / 6.293         0.418 / 6.293       ms
[130.098s][info][gc,stats    ]    Subphase: Concurrent Mark                             113.258 / 225.226      97.652 / 248.331      97.652 / 248.331      97.652 / 248.331     ms
[130.098s][info][gc,stats    ]    Subphase: Concurrent Mark Try Flush                     1.105 / 15.639        0.888 / 31.490        0.888 / 31.490        0.888 / 31.490      ms
[130.098s][info][gc,stats    ]    Subphase: Concurrent Mark Try Terminate                 9.828 / 16.138        8.579 / 16.640        8.579 / 16.640        8.579 / 16.640      ms
[130.098s][info][gc,stats    ]    Subphase: Concurrent References Enqueue                 0.001 / 0.003         0.001 / 0.007         0.001 / 0.007         0.001 / 0.007       ms
[130.098s][info][gc,stats    ]    Subphase: Concurrent References Process                 0.030 / 0.085         0.034 / 0.210         0.034 / 0.210         0.034 / 0.210       ms
[130.098s][info][gc,stats    ]    Subphase: Concurrent Roots ClassLoaderDataGraph         0.033 / 0.390         0.042 / 1.028         0.042 / 1.028         0.042 / 1.028       ms
[130.098s][info][gc,stats    ]    Subphase: Concurrent Roots CodeCache                    0.000 / 0.000         0.000 / 0.000         0.000 / 0.000         0.000 / 0.000       ms
[130.098s][info][gc,stats    ]    Subphase: Concurrent Roots JavaThreads                  0.663 / 1.234         0.713 / 6.849         0.713 / 6.849         0.713 / 6.849       ms
[130.098s][info][gc,stats    ]    Subphase: Concurrent Roots OopStorageSet                0.012 / 0.034         0.016 / 0.682         0.016 / 0.682         0.016 / 0.682       ms
[130.098s][info][gc,stats    ]    Subphase: Concurrent Weak Roots OopStorageSet           0.121 / 0.277         0.105 / 0.309         0.105 / 0.309         0.105 / 0.309       ms
[130.098s][info][gc,stats    ]    Subphase: Pause Mark Try Complete                       0.000 / 0.000         0.000 / 0.000         0.000 / 0.000         0.000 / 0.000       ms
[130.098s][info][gc,stats    ]      System: Java Threads                                     65 / 75               63 / 75               63 / 75               63 / 75          threads
[130.098s][info][gc,stats    ] =========================================================================================================================================================
[130.162s][info][gc,phases   ] GC(221) Concurrent Mark 18.099ms
[130.162s][info][gc,phases   ] GC(221) Pause Mark End 0.019ms
[130.162s][info][gc,phases   ] GC(221) Concurrent Mark Free 0.003ms
[130.166s][info][gc,phases   ] GC(221) Concurrent Process Non-Strong References 4.085ms
[130.166s][info][gc,phases   ] GC(221) Concurrent Reset Relocation Set 0.029ms
[130.166s][info][gc          ] Allocation Stall (reactors-io-scheduler-ForkJoinPool-1-worker-14) 3.922ms
[130.166s][info][gc          ] Allocation Stall (reactors-io-scheduler-ForkJoinPool-1-worker-1) 3.697ms
[130.166s][info][gc          ] Allocation Stall (reactors-io-scheduler-ForkJoinPool-1-worker-48) 3.711ms
[130.166s][info][gc          ] Allocation Stall (reactors-io-scheduler-ForkJoinPool-1-worker-24) 3.800ms
[130.166s][info][gc          ] Allocation Stall (reactors-io-scheduler-ForkJoinPool-1-worker-31) 3.633ms
[130.166s][info][gc          ] Allocation Stall (reactors-io-scheduler-ForkJoinPool-1-worker-20) 3.881ms
[130.166s][info][gc          ] Allocation Stall (reactors-io-scheduler-ForkJoinPool-1-worker-32) 3.642ms
[130.166s][info][gc          ] Allocation Stall (reactors-io-scheduler-ForkJoinPool-1-worker-21) 3.775ms
[130.166s][info][gc          ] Allocation Stall (reactors-io-scheduler-ForkJoinPool-1-worker-46) 3.876ms
[130.166s][info][gc          ] Allocation Stall (reactors-io-scheduler-ForkJoinPool-1-worker-45) 3.933ms
[130.166s][info][gc          ] Allocation Stall (reactors-io-scheduler-ForkJoinPool-1-worker-33) 4.008ms
[130.166s][info][gc          ] Allocation Stall (reactors-io-scheduler-ForkJoinPool-1-worker-27) 4.100ms
[130.166s][info][gc          ] Allocation Stall (reactors-io-scheduler-ForkJoinPool-1-worker-23) 4.270ms
[130.166s][info][gc          ] Allocation Stall (reactors-io-scheduler-ForkJoinPool-1-worker-25) 4.092ms
[130.166s][info][gc          ] Allocation Stall (reactors-io-scheduler-ForkJoinPool-1-worker-9) 3.934ms
[130.166s][info][gc          ] Allocation Stall (reactors-io-scheduler-ForkJoinPool-1-worker-29) 3.995ms
[130.166s][info][gc          ] Allocation Stall (reactors-io-scheduler-ForkJoinPool-1-worker-8) 4.065ms
[130.166s][info][gc          ] Allocation Stall (reactors-io-scheduler-ForkJoinPool-1-worker-2) 3.811ms
[130.166s][info][gc          ] Allocation Stall (reactors-io-scheduler-ForkJoinPool-1-worker-37) 3.699ms
[130.166s][info][gc          ] Allocation Stall (reactors-io-scheduler-ForkJoinPool-1-worker-10) 4.189ms
[130.166s][info][gc          ] Allocation Stall (reactors-io-scheduler-ForkJoinPool-1-worker-19) 3.723ms
[130.166s][info][gc          ] Allocation Stall (reactors-io-scheduler-ForkJoinPool-1-worker-39) 4.386ms
[130.166s][info][gc          ] Allocation Stall (reactors-io-scheduler-ForkJoinPool-1-worker-7) 3.795ms
[130.166s][info][gc          ] Allocation Stall (reactors-io-scheduler-ForkJoinPool-1-worker-6) 3.634ms
[130.166s][info][gc          ] Allocation Stall (reactors-io-scheduler-ForkJoinPool-1-worker-11) 4.950ms
[130.166s][info][gc          ] Allocation Stall (reactors-io-scheduler-ForkJoinPool-1-worker-44) 4.226ms
[130.166s][info][gc          ] Allocation Stall (reactors-io-scheduler-ForkJoinPool-1-worker-18) 4.737ms
[130.166s][info][gc          ] Allocation Stall (reactors-io-scheduler-ForkJoinPool-1-worker-28) 4.143ms
[130.166s][info][gc          ] Allocation Stall (reactors-io-scheduler-ForkJoinPool-1-worker-4) 3.745ms
[130.166s][info][gc          ] Allocation Stall (reactors-io-scheduler-ForkJoinPool-1-worker-36) 3.785ms
[130.166s][info][gc          ] Allocation Stall (reactors-io-scheduler-ForkJoinPool-1-worker-34) 4.405ms
[130.166s][info][gc          ] Allocation Stall (reactors-io-scheduler-ForkJoinPool-1-worker-15) 4.387ms
[130.166s][info][gc          ] Allocation Stall (reactors-io-scheduler-ForkJoinPool-1-worker-16) 4.426ms
[130.166s][info][gc          ] Allocation Stall (reactors-io-scheduler-ForkJoinPool-1-worker-35) 4.405ms
[130.166s][info][gc          ] Allocation Stall (reactors-io-scheduler-ForkJoinPool-1-worker-5) 4.323ms
[130.166s][info][gc          ] Allocation Stall (reactors-io-scheduler-ForkJoinPool-1-worker-30) 4.300ms
[130.166s][info][gc          ] Allocation Stall (reactors-io-scheduler-ForkJoinPool-1-worker-3) 4.337ms
[130.166s][info][gc          ] Allocation Stall (reactors-io-scheduler-ForkJoinPool-1-worker-42) 3.891ms
[130.166s][info][gc          ] Allocation Stall (reactors-io-scheduler-ForkJoinPool-1-worker-43) 3.901ms
[130.166s][info][gc          ] Allocation Stall (reactors-io-scheduler-ForkJoinPool-1-worker-41) 4.754ms
[130.166s][info][gc          ] Allocation Stall (reactors-io-scheduler-ForkJoinPool-1-worker-38) 3.784ms
[130.166s][info][gc          ] Allocation Stall (reactors-io-scheduler-ForkJoinPool-1-worker-13) 3.683ms
[130.166s][info][gc          ] Allocation Stall (reactors-io-scheduler-ForkJoinPool-1-worker-26) 4.044ms
[130.166s][info][gc          ] Allocation Stall (reactors-io-scheduler-ForkJoinPool-1-worker-40) 3.728ms
[130.166s][info][gc          ] Allocation Stall (reactors-io-scheduler-ForkJoinPool-1-worker-17) 3.821ms
[130.166s][info][gc          ] Allocation Stall (reactors-io-scheduler-ForkJoinPool-1-worker-47) 3.792ms
[130.166s][info][gc          ] Allocation Stall (reactors-io-scheduler-ForkJoinPool-1-worker-22) 3.764ms
[130.166s][info][gc          ] Allocation Stall (reactors-io-scheduler-ForkJoinPool-1-worker-12) 3.739ms
[130.173s][info][gc,phases   ] GC(221) Concurrent Select Relocation Set 6.827ms
[130.173s][info][gc,phases   ] GC(221) Pause Relocate Start 0.008ms
[130.202s][info][gc,phases   ] GC(221) Concurrent Relocate 4.480ms
[130.202s][info][gc,load     ] GC(221) Load: 0.00/0.00/0.00
[130.202s][info][gc,mmu      ] GC(221) MMU: 2ms/95.8%, 5ms/98.3%, 10ms/99.2%, 20ms/99.6%, 50ms/99.8%, 100ms/99.9%
[130.202s][info][gc,marking  ] GC(221) Mark: 8 stripe(s), 2 proactive flush(es), 1 terminate flush(es), 0 completion(s), 0 continuation(s) 
[130.202s][info][gc,marking  ] GC(221) Mark Stack Usage: 32M
[130.202s][info][gc,nmethod  ] GC(221) NMethods: 947 registered, 144 unregistered
[130.202s][info][gc,metaspace] GC(221) Metaspace: 16M used, 16M committed, 1088M reserved
[130.202s][info][gc,ref      ] GC(221) Soft: 172 encountered, 36 discovered, 1 enqueued
[130.202s][info][gc,ref      ] GC(221) Weak: 981 encountered, 146 discovered, 0 enqueued
[130.202s][info][gc,ref      ] GC(221) Final: 0 encountered, 0 discovered, 0 enqueued
[130.202s][info][gc,ref      ] GC(221) Phantom: 35 encountered, 23 discovered, 0 enqueued
[130.202s][info][gc,reloc    ] GC(221) Small Pages: 306 / 612M, Empty: 352M, Relocated: 5M, In-Place: 0
[130.202s][info][gc,reloc    ] GC(221) Medium Pages: 0 / 0M, Empty: 0M, Relocated: 0M, In-Place: 0
[130.202s][info][gc,reloc    ] GC(221) Large Pages: 0 / 0M, Empty: 0M, Relocated: 0M, In-Place: 0
[130.202s][info][gc,reloc    ] GC(221) Forwarding Usage: 1M
[130.202s][info][gc,heap     ] GC(221) Min Capacity: 8M(1%)
[130.202s][info][gc,heap     ] GC(221) Max Capacity: 1024M(100%)
[130.202s][info][gc,heap     ] GC(221) Soft Max Capacity: 1024M(100%)
[130.202s][info][gc,heap     ] GC(221)                Mark Start          Mark End        Relocate Start      Relocate End           High               Low         
[130.202s][info][gc,heap     ] GC(221)  Capacity:     1024M (100%)       1024M (100%)       1024M (100%)       1024M (100%)       1024M (100%)       1024M (100%)   
[130.202s][info][gc,heap     ] GC(221)      Free:      412M (40%)           0M (0%)          300M (29%)         336M (33%)         412M (40%)           0M (0%)     
[130.202s][info][gc,heap     ] GC(221)      Used:      612M (60%)        1024M (100%)        724M (71%)         688M (67%)        1024M (100%)        612M (60%)    
[130.203s][info][gc,heap     ] GC(221)      Live:         -                26M (3%)           26M (3%)           26M (3%)             -                  -          
[130.203s][info][gc,heap     ] GC(221) Allocated:         -               412M (40%)         464M (45%)         641M (63%)            -                  -          
[130.203s][info][gc,heap     ] GC(221)   Garbage:         -               585M (57%)         233M (23%)          19M (2%)             -                  -          
[130.203s][info][gc,heap     ] GC(221) Reclaimed:         -                  -               352M (34%)         565M (55%)            -                  -          
[130.203s][info][gc          ] GC(221) Garbage Collection (Allocation Stall) 612M(60%)->688M(67%)
[130.256s][info][gc,start    ] GC(222) Garbage Collection (Allocation Stall)
[130.256s][info][gc,ref      ] GC(222) Clearing All SoftReferences
[130.256s][info][gc,task     ] GC(222) Using 10 workers
[130.257s][info][gc,ref      ] GC(222) Clearing All SoftReferences
[130.257s][info][gc,phases   ] GC(222) Pause Mark Start 0.053ms
[130.265s][info][gc,phases   ] GC(222) Concurrent Mark 7.876ms
[130.265s][info][gc,phases   ] GC(222) Pause Mark End 0.011ms
[130.265s][info][gc,phases   ] GC(222) Concurrent Mark Free 0.000ms
[130.265s][info][gc,phases   ] GC(222) Concurrent Process Non-Strong References 0.354ms
[130.265s][info][gc,phases   ] GC(222) Concurrent Reset Relocation Set 0.015ms
[130.265s][info][gc          ] Allocation Stall (reactors-io-scheduler-ForkJoinPool-1-worker-46) 8.489ms
[130.265s][info][gc          ] Allocation Stall (reactors-io-scheduler-ForkJoinPool-1-worker-25) 8.479ms
[130.265s][info][gc          ] Allocation Stall (reactors-io-scheduler-ForkJoinPool-1-worker-22) 8.484ms
[130.265s][info][gc          ] Allocation Stall (reactors-io-scheduler-ForkJoinPool-1-worker-31) 8.517ms
[130.265s][info][gc          ] Allocation Stall (reactors-io-scheduler-ForkJoinPool-1-worker-36) 8.516ms
[130.265s][info][gc          ] Allocation Stall (reactors-io-scheduler-ForkJoinPool-1-worker-27) 8.510ms
[130.265s][info][gc          ] Allocation Stall (reactors-io-scheduler-ForkJoinPool-1-worker-15) 9.052ms
[130.265s][info][gc          ] Allocation Stall (reactors-io-scheduler-ForkJoinPool-1-worker-13) 8.515ms
[130.265s][info][gc          ] Allocation Stall (reactors-io-scheduler-ForkJoinPool-1-worker-11) 8.511ms
[130.265s][info][gc          ] Allocation Stall (reactors-io-scheduler-ForkJoinPool-1-worker-18) 8.533ms
[130.265s][info][gc          ] Allocation Stall (reactors-io-scheduler-ForkJoinPool-1-worker-24) 9.060ms
[130.265s][info][gc          ] Allocation Stall (reactors-io-scheduler-ForkJoinPool-1-worker-33) 8.538ms
[130.265s][info][gc          ] Allocation Stall (reactors-io-scheduler-ForkJoinPool-1-worker-47) 8.567ms
[130.265s][info][gc          ] Allocation Stall (reactors-io-scheduler-ForkJoinPool-1-worker-17) 8.547ms
[130.265s][info][gc          ] Allocation Stall (reactors-io-scheduler-ForkJoinPool-1-worker-45) 9.076ms
[130.265s][info][gc          ] Allocation Stall (reactors-io-scheduler-ForkJoinPool-1-worker-23) 8.576ms
[130.265s][info][gc          ] Allocation Stall (reactors-io-scheduler-ForkJoinPool-1-worker-42) 8.599ms
[130.265s][info][gc          ] Allocation Stall (reactors-io-scheduler-ForkJoinPool-1-worker-43) 8.589ms
[130.265s][info][gc          ] Allocation Stall (reactors-io-scheduler-ForkJoinPool-1-worker-37) 8.548ms
[130.265s][info][gc          ] Allocation Stall (reactors-io-scheduler-ForkJoinPool-1-worker-30) 8.546ms
[130.265s][info][gc          ] Allocation Stall (reactors-io-scheduler-ForkJoinPool-1-worker-2) 8.588ms
[130.265s][info][gc          ] Allocation Stall (reactors-io-scheduler-ForkJoinPool-1-worker-48) 8.553ms
[130.265s][info][gc          ] Allocation Stall (reactors-io-scheduler-ForkJoinPool-1-worker-12) 8.593ms
[130.265s][info][gc          ] Allocation Stall (reactors-io-scheduler-ForkJoinPool-1-worker-21) 8.592ms
[130.265s][info][gc          ] Allocation Stall (reactors-io-scheduler-ForkJoinPool-1-worker-10) 9.005ms
[130.265s][info][gc          ] Allocation Stall (reactors-io-scheduler-ForkJoinPool-1-worker-26) 8.559ms
[130.265s][info][gc          ] Allocation Stall (reactors-io-scheduler-ForkJoinPool-1-worker-28) 8.595ms
[130.265s][info][gc          ] Allocation Stall (reactors-io-scheduler-ForkJoinPool-1-worker-3) 8.611ms
[130.265s][info][gc          ] Allocation Stall (reactors-io-scheduler-ForkJoinPool-1-worker-40) 8.563ms
[130.265s][info][gc          ] Allocation Stall (reactors-io-scheduler-ForkJoinPool-1-worker-16) 8.568ms
[130.265s][info][gc          ] Allocation Stall (reactors-io-scheduler-ForkJoinPool-1-worker-32) 8.584ms
[130.265s][info][gc          ] Allocation Stall (reactors-io-scheduler-ForkJoinPool-1-worker-38) 8.627ms
[130.265s][info][gc          ] Allocation Stall (reactors-io-scheduler-ForkJoinPool-1-worker-39) 8.616ms
[130.265s][info][gc          ] Allocation Stall (reactors-io-scheduler-ForkJoinPool-1-worker-8) 8.624ms
[130.265s][info][gc          ] Allocation Stall (reactors-io-scheduler-ForkJoinPool-1-worker-1) 8.913ms
[130.265s][info][gc          ] Allocation Stall (reactors-io-scheduler-ForkJoinPool-1-worker-14) 8.585ms
[130.265s][info][gc          ] Allocation Stall (reactors-io-scheduler-ForkJoinPool-1-worker-20) 8.572ms
[130.265s][info][gc          ] Allocation Stall (reactors-io-scheduler-ForkJoinPool-1-worker-7) 8.598ms
[130.265s][info][gc          ] Allocation Stall (reactors-io-scheduler-ForkJoinPool-1-worker-35) 9.207ms
[130.265s][info][gc          ] Allocation Stall (reactors-io-scheduler-ForkJoinPool-1-worker-29) 8.591ms
[130.265s][info][gc          ] Allocation Stall (reactors-io-scheduler-ForkJoinPool-1-worker-4) 8.577ms
[130.265s][info][gc          ] Allocation Stall (reactors-io-scheduler-ForkJoinPool-1-worker-19) 8.588ms
[130.265s][info][gc          ] Allocation Stall (reactors-io-scheduler-ForkJoinPool-1-worker-34) 8.588ms
[130.265s][info][gc          ] Allocation Stall (reactors-io-scheduler-ForkJoinPool-1-worker-9) 8.631ms
[130.265s][info][gc          ] Allocation Stall (reactors-io-scheduler-ForkJoinPool-1-worker-41) 8.605ms
[130.265s][info][gc          ] Allocation Stall (reactors-io-scheduler-ForkJoinPool-1-worker-44) 8.606ms
[130.265s][info][gc          ] Allocation Stall (reactors-io-scheduler-ForkJoinPool-1-worker-5) 8.614ms
[130.265s][info][gc          ] Allocation Stall (reactors-io-scheduler-ForkJoinPool-1-worker-6) 9.183ms
[130.270s][info][gc,phases   ] GC(222) Concurrent Select Relocation Set 4.925ms
[130.270s][info][gc,phases   ] GC(222) Pause Relocate Start 0.007ms
[130.272s][info][gc,phases   ] GC(222) Concurrent Relocate 1.845ms
[130.272s][info][gc,load     ] GC(222) Load: 0.00/0.00/0.00
[130.272s][info][gc,mmu      ] GC(222) MMU: 2ms/95.8%, 5ms/98.3%, 10ms/99.2%, 20ms/99.6%, 50ms/99.8%, 100ms/99.9%
[130.272s][info][gc,marking  ] GC(222) Mark: 8 stripe(s), 2 proactive flush(es), 1 terminate flush(es), 0 completion(s), 0 continuation(s) 
[130.272s][info][gc,marking  ] GC(222) Mark Stack Usage: 32M
[130.272s][info][gc,nmethod  ] GC(222) NMethods: 995 registered, 144 unregistered
[130.272s][info][gc,metaspace] GC(222) Metaspace: 16M used, 16M committed, 1088M reserved
[130.272s][info][gc,ref      ] GC(222) Soft: 171 encountered, 43 discovered, 1 enqueued
[130.272s][info][gc,ref      ] GC(222) Weak: 981 encountered, 66 discovered, 1 enqueued
[130.272s][info][gc,ref      ] GC(222) Final: 0 encountered, 0 discovered, 0 enqueued
[130.272s][info][gc,ref      ] GC(222) Phantom: 35 encountered, 23 discovered, 0 enqueued
[130.272s][info][gc,reloc    ] GC(222) Small Pages: 512 / 1024M, Empty: 836M, Relocated: 6M, In-Place: 0
[130.272s][info][gc,reloc    ] GC(222) Medium Pages: 0 / 0M, Empty: 0M, Relocated: 0M, In-Place: 0
[130.273s][info][gc,reloc    ] GC(222) Large Pages: 0 / 0M, Empty: 0M, Relocated: 0M, In-Place: 0
[130.273s][info][gc,reloc    ] GC(222) Forwarding Usage: 1M
[130.273s][info][gc,heap     ] GC(222) Min Capacity: 8M(1%)
[130.273s][info][gc,heap     ] GC(222) Max Capacity: 1024M(100%)
[130.273s][info][gc,heap     ] GC(222) Soft Max Capacity: 1024M(100%)
[130.273s][info][gc,heap     ] GC(222)                Mark Start          Mark End        Relocate Start      Relocate End           High               Low         
[130.273s][info][gc,heap     ] GC(222)  Capacity:     1024M (100%)       1024M (100%)       1024M (100%)       1024M (100%)       1024M (100%)       1024M (100%)   
[130.273s][info][gc,heap     ] GC(222)      Free:        0M (0%)            0M (0%)          824M (80%)         968M (95%)         968M (95%)           0M (0%)     
[130.273s][info][gc,heap     ] GC(222)      Used:     1024M (100%)       1024M (100%)        200M (20%)          56M (5%)         1024M (100%)         56M (5%)     
[130.273s][info][gc,heap     ] GC(222)      Live:         -                25M (2%)           25M (2%)           25M (2%)             -                  -          
[130.273s][info][gc,heap     ] GC(222) Allocated:         -                 0M (0%)           12M (1%)           13M (1%)             -                  -          
[130.273s][info][gc,heap     ] GC(222)   Garbage:         -               998M (98%)         162M (16%)          16M (2%)             -                  -          
[130.273s][info][gc,heap     ] GC(222) Reclaimed:         -                  -               836M (82%)         981M (96%)            -                  -          
[130.273s][info][gc          ] GC(222) Garbage Collection (Allocation Stall) 1024M(100%)->56M(5%)
[130.298s][info][gc,start    ] GC(223) Garbage Collection (Allocation Stall)
[130.298s][info][gc,ref      ] GC(223) Clearing All SoftReferences
[130.298s][info][gc,task     ] GC(223) Using 10 workers
[130.298s][info][gc,ref      ] GC(223) Clearing All SoftReferences
[130.298s][info][gc,phases   ] GC(223) Pause Mark Start 0.063ms
[130.329s][info][gc,phases   ] GC(223) Concurrent Mark 30.942ms
[130.329s][info][gc,phases   ] GC(223) Pause Mark End 0.018ms
[130.329s][info][gc,phases   ] GC(223) Concurrent Mark Free 0.001ms
[130.335s][info][gc,phases   ] GC(223) Concurrent Process Non-Strong References 5.442ms
[130.335s][info][gc,phases   ] GC(223) Concurrent Reset Relocation Set 0.018ms
[130.340s][info][gc,phases   ] GC(223) Concurrent Select Relocation Set 5.186ms
[130.340s][info][gc,phases   ] GC(223) Pause Relocate Start 0.010ms
[130.345s][info][gc,phases   ] GC(223) Concurrent Relocate 4.315ms
[130.345s][info][gc,load     ] GC(223) Load: 0.00/0.00/0.00
[130.345s][info][gc,mmu      ] GC(223) MMU: 2ms/95.8%, 5ms/98.3%, 10ms/99.2%, 20ms/99.6%, 50ms/99.7%, 100ms/99.8%
[130.345s][info][gc,marking  ] GC(223) Mark: 8 stripe(s), 2 proactive flush(es), 1 terminate flush(es), 0 completion(s), 0 continuation(s) 
[130.345s][info][gc,marking  ] GC(223) Mark Stack Usage: 32M
[130.345s][info][gc,nmethod  ] GC(223) NMethods: 834 registered, 355 unregistered
[130.345s][info][gc,metaspace] GC(223) Metaspace: 16M used, 16M committed, 1088M reserved
[130.345s][info][gc,ref      ] GC(223) Soft: 172 encountered, 54 discovered, 1 enqueued
[130.345s][info][gc,ref      ] GC(223) Weak: 982 encountered, 207 discovered, 0 enqueued
[130.345s][info][gc,ref      ] GC(223) Final: 0 encountered, 0 discovered, 0 enqueued
[130.345s][info][gc,ref      ] GC(223) Phantom: 35 encountered, 26 discovered, 0 enqueued
[130.345s][info][gc,reloc    ] GC(223) Small Pages: 47 / 94M, Empty: 6M, Relocated: 12M, In-Place: 0
[130.345s][info][gc,reloc    ] GC(223) Medium Pages: 1 / 32M, Empty: 0M, Relocated: 0M, In-Place: 0
[130.345s][info][gc,reloc    ] GC(223) Large Pages: 0 / 0M, Empty: 0M, Relocated: 0M, In-Place: 0
[130.345s][info][gc,reloc    ] GC(223) Forwarding Usage: 3M
[130.345s][info][gc,heap     ] GC(223) Min Capacity: 8M(1%)
[130.345s][info][gc,heap     ] GC(223) Max Capacity: 1024M(100%)
[130.345s][info][gc,heap     ] GC(223) Soft Max Capacity: 1024M(100%)
[130.345s][info][gc,heap     ] GC(223)                Mark Start          Mark End        Relocate Start      Relocate End           High               Low         
[130.345s][info][gc,heap     ] GC(223)  Capacity:     1024M (100%)       1024M (100%)       1024M (100%)       1024M (100%)       1024M (100%)       1024M (100%)   
[130.345s][info][gc,heap     ] GC(223)      Free:      898M (88%)         854M (83%)         846M (83%)         872M (85%)         898M (88%)         830M (81%)    
[130.345s][info][gc,heap     ] GC(223)      Used:      126M (12%)         170M (17%)         178M (17%)         152M (15%)         194M (19%)         126M (12%)    
[130.345s][info][gc,heap     ] GC(223)      Live:         -                42M (4%)           42M (4%)           42M (4%)             -                  -          
[130.345s][info][gc,heap     ] GC(223) Allocated:         -                44M (4%)           58M (6%)           63M (6%)             -                  -          
[130.345s][info][gc,heap     ] GC(223)   Garbage:         -                83M (8%)           77M (8%)           45M (4%)             -                  -          
[130.345s][info][gc,heap     ] GC(223) Reclaimed:         -                  -                 6M (1%)           37M (4%)             -                  -          
[130.345s][info][gc          ] GC(223) Garbage Collection (Allocation Stall) 126M(12%)->152M(15%)
[130.407s][info][gc,start    ] GC(224) Garbage Collection (Allocation Rate)
[130.408s][info][gc,task     ] GC(224) Using 10 workers
[130.408s][info][gc,phases   ] GC(224) Pause Mark Start 0.015ms
[130.470s][info][gc,phases   ] GC(224) Concurrent Mark 62.059ms
[130.470s][info][gc,phases   ] GC(224) Pause Mark End 0.018ms
[130.470s][info][gc,phases   ] GC(224) Concurrent Mark Free 0.001ms
[130.471s][info][gc,phases   ] GC(224) Concurrent Process Non-Strong References 0.574ms
[130.471s][info][gc,phases   ] GC(224) Concurrent Reset Relocation Set 0.004ms
[130.485s][info][gc,phases   ] GC(224) Concurrent Select Relocation Set 14.513ms
[130.486s][info][gc,phases   ] GC(224) Pause Relocate Start 0.016ms
[130.504s][info][gc,phases   ] GC(224) Concurrent Relocate 18.839ms
[130.505s][info][gc,load     ] GC(224) Load: 0.00/0.00/0.00
[130.505s][info][gc,mmu      ] GC(224) MMU: 2ms/95.8%, 5ms/98.3%, 10ms/99.2%, 20ms/99.6%, 50ms/99.7%, 100ms/99.8%
[130.505s][info][gc,marking  ] GC(224) Mark: 8 stripe(s), 2 proactive flush(es), 1 terminate flush(es), 0 completion(s), 0 continuation(s) 
[130.505s][info][gc,marking  ] GC(224) Mark Stack Usage: 32M
[130.505s][info][gc,nmethod  ] GC(224) NMethods: 832 registered, 359 unregistered
[130.505s][info][gc,metaspace] GC(224) Metaspace: 16M used, 16M committed, 1088M reserved
[130.505s][info][gc,ref      ] GC(224) Soft: 171 encountered, 0 discovered, 0 enqueued
[130.505s][info][gc,ref      ] GC(224) Weak: 982 encountered, 61 discovered, 0 enqueued
[130.505s][info][gc,ref      ] GC(224) Final: 0 encountered, 0 discovered, 0 enqueued
[130.505s][info][gc,ref      ] GC(224) Phantom: 35 encountered, 27 discovered, 0 enqueued
[130.505s][info][gc,reloc    ] GC(224) Small Pages: 102 / 204M, Empty: 0M, Relocated: 61M, In-Place: 0
[130.505s][info][gc,reloc    ] GC(224) Medium Pages: 1 / 32M, Empty: 0M, Relocated: 0M, In-Place: 0
[130.505s][info][gc,reloc    ] GC(224) Large Pages: 0 / 0M, Empty: 0M, Relocated: 0M, In-Place: 0
[130.505s][info][gc,reloc    ] GC(224) Forwarding Usage: 25M
[130.505s][info][gc,heap     ] GC(224) Min Capacity: 8M(1%)
[130.505s][info][gc,heap     ] GC(224) Max Capacity: 1024M(100%)
[130.505s][info][gc,heap     ] GC(224) Soft Max Capacity: 1024M(100%)
[130.505s][info][gc,heap     ] GC(224)                Mark Start          Mark End        Relocate Start      Relocate End           High               Low         
[130.505s][info][gc,heap     ] GC(224)  Capacity:     1024M (100%)       1024M (100%)       1024M (100%)       1024M (100%)       1024M (100%)       1024M (100%)   
[130.505s][info][gc,heap     ] GC(224)      Free:      788M (77%)         718M (70%)         698M (68%)         722M (71%)         788M (77%)         678M (66%)    
[130.505s][info][gc,heap     ] GC(224)      Used:      236M (23%)         306M (30%)         326M (32%)         302M (29%)         346M (34%)         236M (23%)    
[130.505s][info][gc,heap     ] GC(224)      Live:         -               132M (13%)         132M (13%)         132M (13%)            -                  -          
[130.505s][info][gc,heap     ] GC(224) Allocated:         -                70M (7%)           90M (9%)          105M (10%)            -                  -          
[130.505s][info][gc,heap     ] GC(224)   Garbage:         -               103M (10%)         103M (10%)          64M (6%)             -                  -          
[130.505s][info][gc,heap     ] GC(224) Reclaimed:         -                  -                 0M (0%)           39M (4%)             -                  -          
[130.505s][info][gc          ] GC(224) Garbage Collection (Allocation Rate) 236M(23%)->302M(29%)
[130.611s][info][gc,start    ] GC(225) Garbage Collection (Allocation Rate)
[130.611s][info][gc,task     ] GC(225) Using 10 workers
[130.611s][info][gc,phases   ] GC(225) Pause Mark Start 0.017ms
[130.735s][info][gc,phases   ] GC(225) Concurrent Mark 124.510ms
[130.736s][info][gc,phases   ] GC(225) Pause Mark End 0.017ms
[130.736s][info][gc,phases   ] GC(225) Concurrent Mark Free 0.001ms
[130.736s][info][gc,phases   ] GC(225) Concurrent Process Non-Strong References 0.484ms
[130.736s][info][gc,phases   ] GC(225) Concurrent Reset Relocation Set 0.007ms
[130.761s][info][gc,phases   ] GC(225) Concurrent Select Relocation Set 25.094ms
[130.761s][info][gc,phases   ] GC(225) Pause Relocate Start 0.011ms
[130.793s][info][gc,phases   ] GC(225) Concurrent Relocate 31.083ms
[130.793s][info][gc,load     ] GC(225) Load: 0.00/0.00/0.00
[130.793s][info][gc,mmu      ] GC(225) MMU: 2ms/95.8%, 5ms/98.3%, 10ms/99.2%, 20ms/99.6%, 50ms/99.7%, 100ms/99.8%
[130.793s][info][gc,marking  ] GC(225) Mark: 8 stripe(s), 2 proactive flush(es), 1 terminate flush(es), 0 completion(s), 0 continuation(s) 
[130.793s][info][gc,marking  ] GC(225) Mark Stack Usage: 32M
[130.793s][info][gc,nmethod  ] GC(225) NMethods: 830 registered, 361 unregistered
[130.793s][info][gc,metaspace] GC(225) Metaspace: 16M used, 16M committed, 1088M reserved
[130.793s][info][gc,ref      ] GC(225) Soft: 171 encountered, 0 discovered, 0 enqueued
[130.793s][info][gc,ref      ] GC(225) Weak: 982 encountered, 80 discovered, 0 enqueued
[130.793s][info][gc,ref      ] GC(225) Final: 0 encountered, 0 discovered, 0 enqueued
[130.793s][info][gc,ref      ] GC(225) Phantom: 35 encountered, 22 discovered, 0 enqueued
[130.793s][info][gc,reloc    ] GC(225) Small Pages: 196 / 392M, Empty: 0M, Relocated: 89M, In-Place: 0
[130.793s][info][gc,reloc    ] GC(225) Medium Pages: 1 / 32M, Empty: 0M, Relocated: 0M, In-Place: 0
[130.793s][info][gc,reloc    ] GC(225) Large Pages: 0 / 0M, Empty: 0M, Relocated: 0M, In-Place: 0
[130.793s][info][gc,reloc    ] GC(225) Forwarding Usage: 37M
[130.793s][info][gc,heap     ] GC(225) Min Capacity: 8M(1%)
[130.793s][info][gc,heap     ] GC(225) Max Capacity: 1024M(100%)
[130.793s][info][gc,heap     ] GC(225) Soft Max Capacity: 1024M(100%)
[130.793s][info][gc,heap     ] GC(225)                Mark Start          Mark End        Relocate Start      Relocate End           High               Low         
[130.793s][info][gc,heap     ] GC(225)  Capacity:     1024M (100%)       1024M (100%)       1024M (100%)       1024M (100%)       1024M (100%)       1024M (100%)   
[130.793s][info][gc,heap     ] GC(225)      Free:      600M (59%)         486M (47%)         472M (46%)         500M (49%)         600M (59%)         450M (44%)    
[130.793s][info][gc,heap     ] GC(225)      Used:      424M (41%)         538M (53%)         552M (54%)         524M (51%)         574M (56%)         424M (41%)    
[130.793s][info][gc,heap     ] GC(225)      Live:         -               274M (27%)         274M (27%)         274M (27%)            -                  -          
[130.793s][info][gc,heap     ] GC(225) Allocated:         -               114M (11%)         128M (13%)         159M (16%)            -                  -          
[130.793s][info][gc,heap     ] GC(225)   Garbage:         -               149M (15%)         149M (15%)          90M (9%)             -                  -          
[130.793s][info][gc,heap     ] GC(225) Reclaimed:         -                  -                 0M (0%)           59M (6%)             -                  -          
[130.793s][info][gc          ] GC(225) Garbage Collection (Allocation Rate) 424M(41%)->524M(51%)
[130.798s][info][gc,start    ] GC(226) Garbage Collection (Allocation Rate)
[130.798s][info][gc,task     ] GC(226) Using 10 workers
[130.798s][info][gc,phases   ] GC(226) Pause Mark Start 0.014ms
[130.939s][info][gc,phases   ] GC(226) Concurrent Mark 140.343ms
[130.939s][info][gc,phases   ] GC(226) Pause Mark End 0.022ms
[130.939s][info][gc,phases   ] GC(226) Concurrent Mark Free 0.001ms
[130.939s][info][gc,phases   ] GC(226) Concurrent Process Non-Strong References 0.432ms
[130.939s][info][gc,phases   ] GC(226) Concurrent Reset Relocation Set 0.008ms
[130.944s][info][gc,phases   ] GC(226) Concurrent Select Relocation Set 4.926ms
[130.944s][info][gc,phases   ] GC(226) Pause Relocate Start 0.007ms
[130.958s][info][gc,phases   ] GC(226) Concurrent Relocate 13.697ms
[130.958s][info][gc,load     ] GC(226) Load: 0.00/0.00/0.00
[130.958s][info][gc,mmu      ] GC(226) MMU: 2ms/95.8%, 5ms/98.3%, 10ms/99.2%, 20ms/99.6%, 50ms/99.7%, 100ms/99.8%
[130.958s][info][gc,marking  ] GC(226) Mark: 8 stripe(s), 3 proactive flush(es), 1 terminate flush(es), 0 completion(s), 0 continuation(s) 
[130.958s][info][gc,marking  ] GC(226) Mark Stack Usage: 32M
[130.958s][info][gc,nmethod  ] GC(226) NMethods: 830 registered, 361 unregistered
[130.958s][info][gc,metaspace] GC(226) Metaspace: 16M used, 16M committed, 1088M reserved
[130.958s][info][gc,ref      ] GC(226) Soft: 171 encountered, 0 discovered, 0 enqueued
[130.958s][info][gc,ref      ] GC(226) Weak: 982 encountered, 85 discovered, 0 enqueued
[130.958s][info][gc,ref      ] GC(226) Final: 0 encountered, 0 discovered, 0 enqueued
[130.958s][info][gc,ref      ] GC(226) Phantom: 35 encountered, 24 discovered, 0 enqueued
[130.958s][info][gc,reloc    ] GC(226) Small Pages: 249 / 498M, Empty: 0M, Relocated: 38M, In-Place: 0
[130.958s][info][gc,reloc    ] GC(226) Medium Pages: 1 / 32M, Empty: 0M, Relocated: 0M, In-Place: 0
[130.958s][info][gc,reloc    ] GC(226) Large Pages: 0 / 0M, Empty: 0M, Relocated: 0M, In-Place: 0
[130.958s][info][gc,reloc    ] GC(226) Forwarding Usage: 16M
[130.958s][info][gc,heap     ] GC(226) Min Capacity: 8M(1%)
[130.958s][info][gc,heap     ] GC(226) Max Capacity: 1024M(100%)
[130.958s][info][gc,heap     ] GC(226) Soft Max Capacity: 1024M(100%)
[130.958s][info][gc,heap     ] GC(226)                Mark Start          Mark End        Relocate Start      Relocate End           High               Low         
[130.958s][info][gc,heap     ] GC(226)  Capacity:     1024M (100%)       1024M (100%)       1024M (100%)       1024M (100%)       1024M (100%)       1024M (100%)   
[130.958s][info][gc,heap     ] GC(226)      Free:      494M (48%)         360M (35%)         354M (35%)         370M (36%)         494M (48%)         330M (32%)    
[130.958s][info][gc,heap     ] GC(226)      Used:      530M (52%)         664M (65%)         670M (65%)         654M (64%)         694M (68%)         530M (52%)    
[130.959s][info][gc,heap     ] GC(226)      Live:         -               377M (37%)         377M (37%)         377M (37%)            -                  -          
[130.959s][info][gc,heap     ] GC(226) Allocated:         -               134M (13%)         140M (14%)         153M (15%)            -                  -          
[130.959s][info][gc,heap     ] GC(226)   Garbage:         -               152M (15%)         152M (15%)         122M (12%)            -                  -          
[130.959s][info][gc,heap     ] GC(226) Reclaimed:         -                  -                 0M (0%)           29M (3%)             -                  -          
[130.959s][info][gc          ] GC(226) Garbage Collection (Allocation Rate) 530M(52%)->654M(64%)
[131.001s][info][gc,start    ] GC(227) Garbage Collection (Allocation Rate)
[131.001s][info][gc,task     ] GC(227) Using 10 workers
[131.001s][info][gc,phases   ] GC(227) Pause Mark Start 0.017ms
[131.173s][info][gc,phases   ] GC(227) Concurrent Mark 171.469ms
[131.173s][info][gc,phases   ] GC(227) Pause Mark End 0.023ms
[131.173s][info][gc,phases   ] GC(227) Concurrent Mark Free 0.001ms
[131.174s][info][gc,phases   ] GC(227) Concurrent Process Non-Strong References 0.500ms
[131.174s][info][gc,phases   ] GC(227) Concurrent Reset Relocation Set 0.007ms
[131.202s][info][gc,phases   ] GC(227) Concurrent Select Relocation Set 28.177ms
[131.202s][info][gc,phases   ] GC(227) Pause Relocate Start 0.011ms
[131.229s][info][gc,phases   ] GC(227) Concurrent Relocate 27.259ms
[131.229s][info][gc,load     ] GC(227) Load: 0.00/0.00/0.00
[131.229s][info][gc,mmu      ] GC(227) MMU: 2ms/95.8%, 5ms/98.3%, 10ms/99.2%, 20ms/99.6%, 50ms/99.7%, 100ms/99.8%
[131.229s][info][gc,marking  ] GC(227) Mark: 8 stripe(s), 2 proactive flush(es), 1 terminate flush(es), 0 completion(s), 0 continuation(s) 
[131.229s][info][gc,marking  ] GC(227) Mark Stack Usage: 32M
[131.229s][info][gc,nmethod  ] GC(227) NMethods: 868 registered, 361 unregistered
[131.229s][info][gc,metaspace] GC(227) Metaspace: 16M used, 16M committed, 1088M reserved
[131.229s][info][gc,ref      ] GC(227) Soft: 171 encountered, 0 discovered, 0 enqueued
[131.229s][info][gc,ref      ] GC(227) Weak: 982 encountered, 50 discovered, 0 enqueued
[131.230s][info][gc,ref      ] GC(227) Final: 0 encountered, 0 discovered, 0 enqueued
[131.230s][info][gc,ref      ] GC(227) Phantom: 35 encountered, 21 discovered, 0 enqueued
[131.230s][info][gc,reloc    ] GC(227) Small Pages: 335 / 670M, Empty: 0M, Relocated: 68M, In-Place: 0
[131.230s][info][gc,reloc    ] GC(227) Medium Pages: 1 / 32M, Empty: 0M, Relocated: 0M, In-Place: 0
[131.230s][info][gc,reloc    ] GC(227) Large Pages: 0 / 0M, Empty: 0M, Relocated: 0M, In-Place: 0
[131.230s][info][gc,reloc    ] GC(227) Forwarding Usage: 29M
[131.230s][info][gc,heap     ] GC(227) Min Capacity: 8M(1%)
[131.230s][info][gc,heap     ] GC(227) Max Capacity: 1024M(100%)
[131.230s][info][gc,heap     ] GC(227) Soft Max Capacity: 1024M(100%)
[131.230s][info][gc,heap     ] GC(227)                Mark Start          Mark End        Relocate Start      Relocate End           High               Low         
[131.230s][info][gc,heap     ] GC(227)  Capacity:     1024M (100%)       1024M (100%)       1024M (100%)       1024M (100%)       1024M (100%)       1024M (100%)   
[131.230s][info][gc,heap     ] GC(227)      Free:      322M (31%)         144M (14%)         106M (10%)         142M (14%)         322M (31%)          86M (8%)     
[131.230s][info][gc,heap     ] GC(227)      Used:      702M (69%)         880M (86%)         918M (90%)         882M (86%)         938M (92%)         702M (69%)    
[131.230s][info][gc,heap     ] GC(227)      Live:         -               506M (49%)         506M (49%)         506M (49%)            -                  -          
[131.230s][info][gc,heap     ] GC(227) Allocated:         -               178M (17%)         216M (21%)         221M (22%)            -                  -          
[131.230s][info][gc,heap     ] GC(227)   Garbage:         -               195M (19%)         195M (19%)         154M (15%)            -                  -          
[131.230s][info][gc,heap     ] GC(227) Reclaimed:         -                  -                 0M (0%)           41M (4%)             -                  -          
[131.230s][info][gc          ] GC(227) Garbage Collection (Allocation Rate) 702M(69%)->882M(86%)
[131.298s][info][gc,start    ] GC(228) Garbage Collection (Allocation Rate)
[131.298s][info][gc,task     ] GC(228) Using 10 workers
[131.298s][info][gc,phases   ] GC(228) Pause Mark Start 0.012ms
[131.516s][info][gc,phases   ] GC(228) Concurrent Mark 218.321ms
[131.517s][info][gc,phases   ] GC(228) Pause Mark End 0.024ms
[131.531s][info][gc,phases   ] GC(228) Concurrent Mark Free 0.001ms
[131.533s][info][gc,phases   ] GC(228) Concurrent Process Non-Strong References 2.366ms
[131.533s][info][gc,phases   ] GC(228) Concurrent Reset Relocation Set 0.021ms
[131.567s][info][gc,phases   ] GC(228) Concurrent Select Relocation Set 33.384ms
[131.567s][info][gc,phases   ] GC(228) Pause Relocate Start 0.012ms
[131.567s][info][gc          ] Relocation Stall (main) 0.002ms
[131.569s][info][gc          ] Relocation Stall (main) 1.772ms
[131.569s][info][gc          ] Relocation Stall (reactors-io-scheduler-ForkJoinPool-1-worker-2) 1.778ms
[131.589s][info][gc,phases   ] GC(228) Concurrent Relocate 22.163ms
[131.589s][info][gc,load     ] GC(228) Load: 0.00/0.00/0.00
[131.589s][info][gc,mmu      ] GC(228) MMU: 2ms/95.8%, 5ms/98.3%, 10ms/99.2%, 20ms/99.6%, 50ms/99.7%, 100ms/99.8%
[131.589s][info][gc,marking  ] GC(228) Mark: 8 stripe(s), 2 proactive flush(es), 1 terminate flush(es), 0 completion(s), 0 continuation(s) 
[131.589s][info][gc,marking  ] GC(228) Mark Stack Usage: 32M
[131.589s][info][gc,nmethod  ] GC(228) NMethods: 363 registered, 871 unregistered
[131.589s][info][gc,metaspace] GC(228) Metaspace: 16M used, 16M committed, 1088M reserved
[131.589s][info][gc,ref      ] GC(228) Soft: 171 encountered, 0 discovered, 0 enqueued
[131.589s][info][gc,ref      ] GC(228) Weak: 981 encountered, 123 discovered, 7 enqueued
[131.589s][info][gc,ref      ] GC(228) Final: 0 encountered, 0 discovered, 0 enqueued
[131.589s][info][gc,ref      ] GC(228) Phantom: 35 encountered, 20 discovered, 0 enqueued
[131.589s][info][gc,reloc    ] GC(228) Small Pages: 420 / 840M, Empty: 0M, Relocated: 75M, In-Place: 0
[131.589s][info][gc,reloc    ] GC(228) Medium Pages: 2 / 64M, Empty: 0M, Relocated: 3M, In-Place: 1
[131.589s][info][gc,reloc    ] GC(228) Large Pages: 0 / 0M, Empty: 0M, Relocated: 0M, In-Place: 0
[131.589s][info][gc,reloc    ] GC(228) Forwarding Usage: 32M
[131.589s][info][gc,heap     ] GC(228) Min Capacity: 8M(1%)
[131.589s][info][gc,heap     ] GC(228) Max Capacity: 1024M(100%)
[131.589s][info][gc,heap     ] GC(228) Soft Max Capacity: 1024M(100%)
[131.589s][info][gc,heap     ] GC(228)                Mark Start          Mark End        Relocate Start      Relocate End           High               Low         
[131.589s][info][gc,heap     ] GC(228)  Capacity:     1024M (100%)       1024M (100%)       1024M (100%)       1024M (100%)       1024M (100%)       1024M (100%)   
[131.589s][info][gc,heap     ] GC(228)      Free:      120M (12%)          46M (4%)           34M (3%)          134M (13%)         134M (13%)          16M (2%)     
[131.589s][info][gc,heap     ] GC(228)      Used:      904M (88%)         978M (96%)         990M (97%)         890M (87%)        1008M (98%)         890M (87%)    
[131.589s][info][gc,heap     ] GC(228)      Live:         -               609M (59%)         609M (59%)         609M (59%)            -                  -          
[131.589s][info][gc,heap     ] GC(228) Allocated:         -                74M (7%)           86M (8%)           91M (9%)             -                  -          
[131.589s][info][gc,heap     ] GC(228)   Garbage:         -               294M (29%)         294M (29%)         188M (18%)            -                  -          
[131.590s][info][gc,heap     ] GC(228) Reclaimed:         -                  -                 0M (0%)          105M (10%)            -                  -          
[131.590s][info][gc          ] GC(228) Garbage Collection (Allocation Rate) 904M(88%)->890M(87%)
[131.610s][info][gc,start    ] GC(229) Garbage Collection (Allocation Rate)
[131.610s][info][gc,task     ] GC(229) Using 10 workers
[131.610s][info][gc,phases   ] GC(229) Pause Mark Start 0.009ms
[131.783s][info][gc,phases   ] GC(229) Concurrent Mark 172.598ms
[131.783s][info][gc,phases   ] GC(229) Pause Mark End 0.016ms
[131.783s][info][gc,phases   ] GC(229) Concurrent Mark Free 0.001ms
[131.784s][info][gc,phases   ] GC(229) Concurrent Process Non-Strong References 0.423ms
[131.784s][info][gc,phases   ] GC(229) Concurrent Reset Relocation Set 0.009ms
[131.825s][info][gc,phases   ] GC(229) Concurrent Select Relocation Set 41.023ms
[131.825s][info][gc,phases   ] GC(229) Pause Relocate Start 0.009ms
[131.876s][info][gc,phases   ] GC(229) Concurrent Relocate 50.973ms
[131.876s][info][gc,load     ] GC(229) Load: 0.00/0.00/0.00
[131.876s][info][gc,mmu      ] GC(229) MMU: 2ms/95.8%, 5ms/98.3%, 10ms/99.2%, 20ms/99.6%, 50ms/99.7%, 100ms/99.8%
[131.876s][info][gc,marking  ] GC(229) Mark: 8 stripe(s), 3 proactive flush(es), 1 terminate flush(es), 0 completion(s), 0 continuation(s) 
[131.876s][info][gc,marking  ] GC(229) Mark Stack Usage: 32M
[131.876s][info][gc,nmethod  ] GC(229) NMethods: 433 registered, 0 unregistered
[131.876s][info][gc,metaspace] GC(229) Metaspace: 16M used, 16M committed, 1088M reserved
[131.876s][info][gc,ref      ] GC(229) Soft: 171 encountered, 0 discovered, 0 enqueued
[131.876s][info][gc,ref      ] GC(229) Weak: 974 encountered, 81 discovered, 0 enqueued
[131.876s][info][gc,ref      ] GC(229) Final: 0 encountered, 0 discovered, 0 enqueued
[131.876s][info][gc,ref      ] GC(229) Phantom: 35 encountered, 27 discovered, 0 enqueued
[131.876s][info][gc,reloc    ] GC(229) Small Pages: 432 / 864M, Empty: 0M, Relocated: 174M, In-Place: 0
[131.876s][info][gc,reloc    ] GC(229) Medium Pages: 1 / 32M, Empty: 0M, Relocated: 0M, In-Place: 0
[131.876s][info][gc,reloc    ] GC(229) Large Pages: 0 / 0M, Empty: 0M, Relocated: 0M, In-Place: 0
[131.876s][info][gc,reloc    ] GC(229) Forwarding Usage: 74M
[131.876s][info][gc,heap     ] GC(229) Min Capacity: 8M(1%)
[131.876s][info][gc,heap     ] GC(229) Max Capacity: 1024M(100%)
[131.876s][info][gc,heap     ] GC(229) Soft Max Capacity: 1024M(100%)
[131.876s][info][gc,heap     ] GC(229)                Mark Start          Mark End        Relocate Start      Relocate End           High               Low         
[131.876s][info][gc,heap     ] GC(229)  Capacity:     1024M (100%)       1024M (100%)       1024M (100%)       1024M (100%)       1024M (100%)       1024M (100%)   
[131.876s][info][gc,heap     ] GC(229)      Free:      128M (13%)         112M (11%)         112M (11%)         310M (30%)         310M (30%)          92M (9%)     
[131.876s][info][gc,heap     ] GC(229)      Used:      896M (88%)         912M (89%)         912M (89%)         714M (70%)         932M (91%)         714M (70%)    
[131.876s][info][gc,heap     ] GC(229)      Live:         -               572M (56%)         572M (56%)         572M (56%)            -                  -          
[131.876s][info][gc,heap     ] GC(229) Allocated:         -                16M (2%)           16M (2%)           17M (2%)             -                  -          
[131.876s][info][gc,heap     ] GC(229)   Garbage:         -               323M (32%)         323M (32%)         123M (12%)            -                  -          
[131.876s][info][gc,heap     ] GC(229) Reclaimed:         -                  -                 0M (0%)          199M (20%)            -                  -          
[131.876s][info][gc          ] GC(229) Garbage Collection (Allocation Rate) 896M(88%)->714M(70%)
[131.908s][info][gc,start    ] GC(230) Garbage Collection (Allocation Rate)
[131.908s][info][gc,task     ] GC(230) Using 10 workers
[131.908s][info][gc,phases   ] GC(230) Pause Mark Start 0.010ms
[131.939s][info][gc,phases   ] GC(230) Concurrent Mark 31.025ms
[131.939s][info][gc,phases   ] GC(230) Pause Mark End 0.015ms
[131.939s][info][gc,phases   ] GC(230) Concurrent Mark Free 0.000ms
[131.940s][info][gc,phases   ] GC(230) Concurrent Process Non-Strong References 0.302ms
[131.940s][info][gc,phases   ] GC(230) Concurrent Reset Relocation Set 0.029ms
[131.950s][info][gc,phases   ] GC(230) Concurrent Select Relocation Set 10.642ms
[131.951s][info][gc,phases   ] GC(230) Pause Relocate Start 0.006ms
[131.953s][info][gc,phases   ] GC(230) Concurrent Relocate 2.215ms
[131.953s][info][gc,load     ] GC(230) Load: 0.00/0.00/0.00
[131.953s][info][gc,mmu      ] GC(230) MMU: 2ms/95.8%, 5ms/98.3%, 10ms/99.2%, 20ms/99.6%, 50ms/99.7%, 100ms/99.8%
[131.953s][info][gc,marking  ] GC(230) Mark: 8 stripe(s), 3 proactive flush(es), 1 terminate flush(es), 0 completion(s), 0 continuation(s) 
[131.953s][info][gc,marking  ] GC(230) Mark Stack Usage: 32M
[131.953s][info][gc,nmethod  ] GC(230) NMethods: 432 registered, 1 unregistered
[131.953s][info][gc,metaspace] GC(230) Metaspace: 16M used, 16M committed, 1088M reserved
[131.953s][info][gc,ref      ] GC(230) Soft: 171 encountered, 0 discovered, 0 enqueued
[131.953s][info][gc,ref      ] GC(230) Weak: 984 encountered, 75 discovered, 3 enqueued
[131.953s][info][gc,ref      ] GC(230) Final: 0 encountered, 0 discovered, 0 enqueued
[131.953s][info][gc,ref      ] GC(230) Phantom: 35 encountered, 24 discovered, 0 enqueued
[131.953s][info][gc,reloc    ] GC(230) Small Pages: 342 / 684M, Empty: 612M, Relocated: 6M, In-Place: 0
[131.953s][info][gc,reloc    ] GC(230) Medium Pages: 1 / 32M, Empty: 32M, Relocated: 0M, In-Place: 0
[131.953s][info][gc,reloc    ] GC(230) Large Pages: 0 / 0M, Empty: 0M, Relocated: 0M, In-Place: 0
[131.953s][info][gc,reloc    ] GC(230) Forwarding Usage: 1M
[131.953s][info][gc,heap     ] GC(230) Min Capacity: 8M(1%)
[131.953s][info][gc,heap     ] GC(230) Max Capacity: 1024M(100%)
[131.953s][info][gc,heap     ] GC(230) Soft Max Capacity: 1024M(100%)
[131.953s][info][gc,heap     ] GC(230)                Mark Start          Mark End        Relocate Start      Relocate End           High               Low         
[131.953s][info][gc,heap     ] GC(230)  Capacity:     1024M (100%)       1024M (100%)       1024M (100%)       1024M (100%)       1024M (100%)       1024M (100%)   
[131.953s][info][gc,heap     ] GC(230)      Free:      308M (30%)         306M (30%)         950M (93%)         980M (96%)         980M (96%)         306M (30%)    
[131.953s][info][gc,heap     ] GC(230)      Used:      716M (70%)         718M (70%)          74M (7%)           44M (4%)          718M (70%)          44M (4%)     
[131.953s][info][gc,heap     ] GC(230)      Live:         -                25M (2%)           25M (2%)           25M (2%)             -                  -          
[131.953s][info][gc,heap     ] GC(230) Allocated:         -                 2M (0%)            2M (0%)            1M (0%)             -                  -          
[131.953s][info][gc,heap     ] GC(230)   Garbage:         -               690M (67%)          46M (5%)           16M (2%)             -                  -          
[131.953s][info][gc,heap     ] GC(230) Reclaimed:         -                  -               644M (63%)         673M (66%)            -                  -          
[131.953s][info][gc          ] GC(230) Garbage Collection (Allocation Rate) 716M(70%)->44M(4%)
[132.004s][info][gc,start    ] GC(231) Garbage Collection (Allocation Rate)
[132.004s][info][gc,task     ] GC(231) Using 10 workers
[132.004s][info][gc,phases   ] GC(231) Pause Mark Start 0.012ms
[132.035s][info][gc,phases   ] GC(231) Concurrent Mark 30.954ms
[132.035s][info][gc,phases   ] GC(231) Pause Mark End 0.014ms
[132.035s][info][gc,phases   ] GC(231) Concurrent Mark Free 0.001ms
[132.036s][info][gc,phases   ] GC(231) Concurrent Process Non-Strong References 0.496ms
[132.036s][info][gc,phases   ] GC(231) Concurrent Reset Relocation Set 0.004ms
[132.039s][info][gc,phases   ] GC(231) Concurrent Select Relocation Set 2.822ms
[132.039s][info][gc,phases   ] GC(231) Pause Relocate Start 0.005ms
[132.041s][info][gc,phases   ] GC(231) Concurrent Relocate 2.163ms
[132.041s][info][gc,load     ] GC(231) Load: 0.00/0.00/0.00
[132.041s][info][gc,mmu      ] GC(231) MMU: 2ms/95.8%, 5ms/98.3%, 10ms/99.2%, 20ms/99.6%, 50ms/99.7%, 100ms/99.8%
[132.041s][info][gc,marking  ] GC(231) Mark: 8 stripe(s), 4 proactive flush(es), 1 terminate flush(es), 0 completion(s), 0 continuation(s) 
[132.041s][info][gc,marking  ] GC(231) Mark Stack Usage: 32M
[132.041s][info][gc,nmethod  ] GC(231) NMethods: 436 registered, 7 unregistered
[132.041s][info][gc,metaspace] GC(231) Metaspace: 16M used, 16M committed, 1088M reserved
[132.041s][info][gc,ref      ] GC(231) Soft: 171 encountered, 0 discovered, 0 enqueued
[132.041s][info][gc,ref      ] GC(231) Weak: 981 encountered, 59 discovered, 0 enqueued
[132.041s][info][gc,ref      ] GC(231) Final: 0 encountered, 0 discovered, 0 enqueued
[132.041s][info][gc,ref      ] GC(231) Phantom: 35 encountered, 24 discovered, 0 enqueued
[132.042s][info][gc,reloc    ] GC(231) Small Pages: 24 / 48M, Empty: 0M, Relocated: 6M, In-Place: 0
[132.042s][info][gc,reloc    ] GC(231) Medium Pages: 0 / 0M, Empty: 0M, Relocated: 0M, In-Place: 0
[132.042s][info][gc,reloc    ] GC(231) Large Pages: 0 / 0M, Empty: 0M, Relocated: 0M, In-Place: 0
[132.042s][info][gc,reloc    ] GC(231) Forwarding Usage: 1M
[132.042s][info][gc,heap     ] GC(231) Min Capacity: 8M(1%)
[132.042s][info][gc,heap     ] GC(231) Max Capacity: 1024M(100%)
[132.042s][info][gc,heap     ] GC(231) Soft Max Capacity: 1024M(100%)
[132.042s][info][gc,heap     ] GC(231)                Mark Start          Mark End        Relocate Start      Relocate End           High               Low         
[132.042s][info][gc,heap     ] GC(231)  Capacity:     1024M (100%)       1024M (100%)       1024M (100%)       1024M (100%)       1024M (100%)       1024M (100%)   
[132.042s][info][gc,heap     ] GC(231)      Free:      976M (95%)         974M (95%)         974M (95%)         978M (96%)         978M (96%)         956M (93%)    
[132.042s][info][gc,heap     ] GC(231)      Used:       48M (5%)           50M (5%)           50M (5%)           46M (4%)           68M (7%)           46M (4%)     
[132.042s][info][gc,heap     ] GC(231)      Live:         -                26M (3%)           26M (3%)           26M (3%)             -                  -          
[132.042s][info][gc,heap     ] GC(231) Allocated:         -                 2M (0%)            2M (0%)            1M (0%)             -                  -          
[132.042s][info][gc,heap     ] GC(231)   Garbage:         -                21M (2%)           21M (2%)           17M (2%)             -                  -          
[132.042s][info][gc,heap     ] GC(231) Reclaimed:         -                  -                 0M (0%)            3M (0%)             -                  -          
[132.042s][info][gc          ] GC(231) Garbage Collection (Allocation Rate) 48M(5%)->46M(4%)
[132.098s][info][gc,start    ] GC(232) Garbage Collection (Allocation Rate)
[132.098s][info][gc,task     ] GC(232) Using 10 workers
[132.098s][info][gc,phases   ] GC(232) Pause Mark Start 0.008ms
[132.113s][info][gc,phases   ] GC(232) Concurrent Mark 15.432ms
[132.113s][info][gc,phases   ] GC(232) Pause Mark End 0.016ms
[132.114s][info][gc,phases   ] GC(232) Concurrent Mark Free 0.001ms
[132.114s][info][gc,phases   ] GC(232) Concurrent Process Non-Strong References 0.456ms
[132.114s][info][gc,phases   ] GC(232) Concurrent Reset Relocation Set 0.003ms
[132.117s][info][gc,phases   ] GC(232) Concurrent Select Relocation Set 2.488ms
[132.117s][info][gc,phases   ] GC(232) Pause Relocate Start 0.006ms
[132.119s][info][gc,phases   ] GC(232) Concurrent Relocate 2.036ms
[132.119s][info][gc,load     ] GC(232) Load: 0.00/0.00/0.00
[132.119s][info][gc,mmu      ] GC(232) MMU: 2ms/95.8%, 5ms/98.3%, 10ms/99.2%, 20ms/99.6%, 50ms/99.7%, 100ms/99.8%
[132.119s][info][gc,marking  ] GC(232) Mark: 8 stripe(s), 2 proactive flush(es), 1 terminate flush(es), 0 completion(s), 0 continuation(s) 
[132.119s][info][gc,marking  ] GC(232) Mark Stack Usage: 32M
[132.119s][info][gc,nmethod  ] GC(232) NMethods: 436 registered, 7 unregistered
[132.119s][info][gc,metaspace] GC(232) Metaspace: 16M used, 16M committed, 1088M reserved
[132.119s][info][gc,ref      ] GC(232) Soft: 171 encountered, 0 discovered, 0 enqueued
[132.119s][info][gc,ref      ] GC(232) Weak: 981 encountered, 39 discovered, 0 enqueued
[132.119s][info][gc,ref      ] GC(232) Final: 0 encountered, 0 discovered, 0 enqueued
[132.119s][info][gc,ref      ] GC(232) Phantom: 35 encountered, 22 discovered, 0 enqueued
[132.119s][info][gc,reloc    ] GC(232) Small Pages: 25 / 50M, Empty: 2M, Relocated: 6M, In-Place: 0
[132.119s][info][gc,reloc    ] GC(232) Medium Pages: 0 / 0M, Empty: 0M, Relocated: 0M, In-Place: 0
[132.119s][info][gc,reloc    ] GC(232) Large Pages: 0 / 0M, Empty: 0M, Relocated: 0M, In-Place: 0
[132.119s][info][gc,reloc    ] GC(232) Forwarding Usage: 1M
[132.119s][info][gc,heap     ] GC(232) Min Capacity: 8M(1%)
[132.119s][info][gc,heap     ] GC(232) Max Capacity: 1024M(100%)
[132.119s][info][gc,heap     ] GC(232) Soft Max Capacity: 1024M(100%)
[132.119s][info][gc,heap     ] GC(232)                Mark Start          Mark End        Relocate Start      Relocate End           High               Low         
[132.119s][info][gc,heap     ] GC(232)  Capacity:     1024M (100%)       1024M (100%)       1024M (100%)       1024M (100%)       1024M (100%)       1024M (100%)   
[132.119s][info][gc,heap     ] GC(232)      Free:      974M (95%)         972M (95%)         974M (95%)         978M (96%)         978M (96%)         956M (93%)    
[132.119s][info][gc,heap     ] GC(232)      Used:       50M (5%)           52M (5%)           50M (5%)           46M (4%)           68M (7%)           46M (4%)     
[132.119s][info][gc,heap     ] GC(232)      Live:         -                26M (3%)           26M (3%)           26M (3%)             -                  -          
[132.119s][info][gc,heap     ] GC(232) Allocated:         -                 2M (0%)            2M (0%)            1M (0%)             -                  -          
[132.119s][info][gc,heap     ] GC(232)   Garbage:         -                23M (2%)           21M (2%)           17M (2%)             -                  -          
[132.119s][info][gc,heap     ] GC(232) Reclaimed:         -                  -                 2M (0%)            5M (1%)             -                  -          
[132.119s][info][gc          ] GC(232) Garbage Collection (Allocation Rate) 50M(5%)->46M(4%)
[139.004s][info][gc,start    ] GC(233) Garbage Collection (Allocation Rate)
[139.004s][info][gc,task     ] GC(233) Using 10 workers
[139.005s][info][gc,phases   ] GC(233) Pause Mark Start 0.019ms
[139.082s][info][gc,phases   ] GC(233) Concurrent Mark 77.648ms
[139.083s][info][gc,phases   ] GC(233) Pause Mark End 0.018ms
[139.083s][info][gc,phases   ] GC(233) Concurrent Mark Free 0.001ms
[139.083s][info][gc,phases   ] GC(233) Concurrent Process Non-Strong References 0.450ms
[139.083s][info][gc,phases   ] GC(233) Concurrent Reset Relocation Set 0.002ms
[139.112s][info][gc,phases   ] GC(233) Concurrent Select Relocation Set 29.337ms
[139.113s][info][gc,phases   ] GC(233) Pause Relocate Start 0.009ms
[139.152s][info][gc,phases   ] GC(233) Concurrent Relocate 39.671ms
[139.153s][info][gc,load     ] GC(233) Load: 0.00/0.00/0.00
[139.153s][info][gc,mmu      ] GC(233) MMU: 2ms/95.8%, 5ms/98.3%, 10ms/99.2%, 20ms/99.6%, 50ms/99.7%, 100ms/99.8%
[139.153s][info][gc,marking  ] GC(233) Mark: 8 stripe(s), 2 proactive flush(es), 1 terminate flush(es), 0 completion(s), 0 continuation(s) 
[139.153s][info][gc,marking  ] GC(233) Mark Stack Usage: 32M
[139.153s][info][gc,nmethod  ] GC(233) NMethods: 571 registered, 18 unregistered
[139.153s][info][gc,metaspace] GC(233) Metaspace: 16M used, 16M committed, 1088M reserved
[139.153s][info][gc,ref      ] GC(233) Soft: 171 encountered, 0 discovered, 0 enqueued
[139.153s][info][gc,ref      ] GC(233) Weak: 981 encountered, 41 discovered, 4 enqueued
[139.153s][info][gc,ref      ] GC(233) Final: 0 encountered, 0 discovered, 0 enqueued
[139.153s][info][gc,ref      ] GC(233) Phantom: 35 encountered, 21 discovered, 0 enqueued
[139.153s][info][gc,reloc    ] GC(233) Small Pages: 270 / 540M, Empty: 0M, Relocated: 181M, In-Place: 0
[139.153s][info][gc,reloc    ] GC(233) Medium Pages: 0 / 0M, Empty: 0M, Relocated: 0M, In-Place: 0
[139.153s][info][gc,reloc    ] GC(233) Large Pages: 0 / 0M, Empty: 0M, Relocated: 0M, In-Place: 0
[139.153s][info][gc,reloc    ] GC(233) Forwarding Usage: 86M
[139.153s][info][gc,heap     ] GC(233) Min Capacity: 8M(1%)
[139.153s][info][gc,heap     ] GC(233) Max Capacity: 1024M(100%)
[139.153s][info][gc,heap     ] GC(233) Soft Max Capacity: 1024M(100%)
[139.153s][info][gc,heap     ] GC(233)                Mark Start          Mark End        Relocate Start      Relocate End           High               Low         
[139.153s][info][gc,heap     ] GC(233)  Capacity:     1024M (100%)       1024M (100%)       1024M (100%)       1024M (100%)       1024M (100%)       1024M (100%)   
[139.153s][info][gc,heap     ] GC(233)      Free:      484M (47%)         392M (38%)         350M (34%)         648M (63%)         648M (63%)         330M (32%)    
[139.153s][info][gc,heap     ] GC(233)      Used:      540M (53%)         632M (62%)         674M (66%)         376M (37%)         694M (68%)         376M (37%)    
[139.153s][info][gc,heap     ] GC(233)      Live:         -               201M (20%)         201M (20%)         201M (20%)            -                  -          
[139.153s][info][gc,heap     ] GC(233) Allocated:         -                92M (9%)          134M (13%)         160M (16%)            -                  -          
[139.153s][info][gc,heap     ] GC(233)   Garbage:         -               338M (33%)         338M (33%)          13M (1%)             -                  -          
[139.153s][info][gc,heap     ] GC(233) Reclaimed:         -                  -                 0M (0%)          324M (32%)            -                  -          
[139.153s][info][gc          ] GC(233) Garbage Collection (Allocation Rate) 540M(53%)->376M(37%)
[139.207s][info][gc,start    ] GC(234) Garbage Collection (Allocation Rate)
[139.207s][info][gc,task     ] GC(234) Using 10 workers
[139.208s][info][gc,phases   ] GC(234) Pause Mark Start 0.017ms
[139.348s][info][gc,phases   ] GC(234) Concurrent Mark 140.278ms
[139.348s][info][gc,phases   ] GC(234) Pause Mark End 0.027ms
[139.348s][info][gc,phases   ] GC(234) Concurrent Mark Free 0.001ms
[139.349s][info][gc,phases   ] GC(234) Concurrent Process Non-Strong References 0.392ms
[139.349s][info][gc,phases   ] GC(234) Concurrent Reset Relocation Set 0.030ms
[139.362s][info][gc,phases   ] GC(234) Concurrent Select Relocation Set 12.923ms
[139.362s][info][gc,phases   ] GC(234) Pause Relocate Start 0.011ms
[139.388s][info][gc,phases   ] GC(234) Concurrent Relocate 25.832ms
[139.388s][info][gc,load     ] GC(234) Load: 0.00/0.00/0.00
[139.388s][info][gc,mmu      ] GC(234) MMU: 2ms/95.8%, 5ms/98.3%, 10ms/99.2%, 20ms/99.6%, 50ms/99.7%, 100ms/99.8%
[139.388s][info][gc,marking  ] GC(234) Mark: 8 stripe(s), 2 proactive flush(es), 1 terminate flush(es), 0 completion(s), 0 continuation(s) 
[139.388s][info][gc,marking  ] GC(234) Mark Stack Usage: 32M
[139.388s][info][gc,nmethod  ] GC(234) NMethods: 571 registered, 18 unregistered
[139.388s][info][gc,metaspace] GC(234) Metaspace: 16M used, 16M committed, 1088M reserved
[139.388s][info][gc,ref      ] GC(234) Soft: 171 encountered, 0 discovered, 0 enqueued
[139.388s][info][gc,ref      ] GC(234) Weak: 977 encountered, 49 discovered, 0 enqueued
[139.388s][info][gc,ref      ] GC(234) Final: 0 encountered, 0 discovered, 0 enqueued
[139.388s][info][gc,ref      ] GC(234) Phantom: 35 encountered, 22 discovered, 0 enqueued
[139.388s][info][gc,reloc    ] GC(234) Small Pages: 220 / 440M, Empty: 0M, Relocated: 85M, In-Place: 0
[139.388s][info][gc,reloc    ] GC(234) Medium Pages: 0 / 0M, Empty: 0M, Relocated: 0M, In-Place: 0
[139.388s][info][gc,reloc    ] GC(234) Large Pages: 0 / 0M, Empty: 0M, Relocated: 0M, In-Place: 0
[139.388s][info][gc,reloc    ] GC(234) Forwarding Usage: 41M
[139.388s][info][gc,heap     ] GC(234) Min Capacity: 8M(1%)
[139.388s][info][gc,heap     ] GC(234) Max Capacity: 1024M(100%)
[139.388s][info][gc,heap     ] GC(234) Soft Max Capacity: 1024M(100%)
[139.388s][info][gc,heap     ] GC(234)                Mark Start          Mark End        Relocate Start      Relocate End           High               Low         
[139.388s][info][gc,heap     ] GC(234)  Capacity:     1024M (100%)       1024M (100%)       1024M (100%)       1024M (100%)       1024M (100%)       1024M (100%)   
[139.388s][info][gc,heap     ] GC(234)      Free:      584M (57%)         430M (42%)         412M (40%)         542M (53%)         584M (57%)         392M (38%)    
[139.388s][info][gc,heap     ] GC(234)      Used:      440M (43%)         594M (58%)         612M (60%)         482M (47%)         632M (62%)         440M (43%)    
[139.388s][info][gc,heap     ] GC(234)      Live:         -               279M (27%)         279M (27%)         279M (27%)            -                  -          
[139.388s][info][gc,heap     ] GC(234) Allocated:         -               154M (15%)         172M (17%)         187M (18%)            -                  -          
[139.388s][info][gc,heap     ] GC(234)   Garbage:         -               160M (16%)         160M (16%)          15M (2%)             -                  -          
[139.388s][info][gc,heap     ] GC(234) Reclaimed:         -                  -                 0M (0%)          145M (14%)            -                  -          
[139.388s][info][gc          ] GC(234) Garbage Collection (Allocation Rate) 440M(43%)->482M(47%)
[139.410s][info][gc,start    ] GC(235) Garbage Collection (Allocation Rate)
[139.410s][info][gc,task     ] GC(235) Using 10 workers
[139.411s][info][gc,phases   ] GC(235) Pause Mark Start 0.015ms
[139.535s][info][gc,phases   ] GC(235) Concurrent Mark 124.613ms
[139.535s][info][gc,phases   ] GC(235) Pause Mark End 0.014ms
[139.536s][info][gc,phases   ] GC(235) Concurrent Mark Free 0.001ms
[139.536s][info][gc,phases   ] GC(235) Concurrent Process Non-Strong References 0.330ms
[139.536s][info][gc,phases   ] GC(235) Concurrent Reset Relocation Set 0.018ms
[139.541s][info][gc,phases   ] GC(235) Concurrent Select Relocation Set 4.607ms
[139.541s][info][gc,phases   ] GC(235) Pause Relocate Start 0.004ms
[139.561s][info][gc,phases   ] GC(235) Concurrent Relocate 20.435ms
[139.561s][info][gc,load     ] GC(235) Load: 0.00/0.00/0.00
[139.561s][info][gc,mmu      ] GC(235) MMU: 2ms/95.8%, 5ms/98.3%, 10ms/99.2%, 20ms/99.6%, 50ms/99.7%, 100ms/99.8%
[139.561s][info][gc,marking  ] GC(235) Mark: 8 stripe(s), 2 proactive flush(es), 1 terminate flush(es), 0 completion(s), 0 continuation(s) 
[139.561s][info][gc,marking  ] GC(235) Mark Stack Usage: 32M
[139.561s][info][gc,nmethod  ] GC(235) NMethods: 571 registered, 18 unregistered
[139.561s][info][gc,metaspace] GC(235) Metaspace: 16M used, 16M committed, 1088M reserved
[139.561s][info][gc,ref      ] GC(235) Soft: 171 encountered, 0 discovered, 0 enqueued
[139.561s][info][gc,ref      ] GC(235) Weak: 977 encountered, 45 discovered, 0 enqueued
[139.562s][info][gc,ref      ] GC(235) Final: 0 encountered, 0 discovered, 0 enqueued
[139.562s][info][gc,ref      ] GC(235) Phantom: 35 encountered, 23 discovered, 0 enqueued
[139.562s][info][gc,reloc    ] GC(235) Small Pages: 255 / 510M, Empty: 0M, Relocated: 83M, In-Place: 0
[139.562s][info][gc,reloc    ] GC(235) Medium Pages: 0 / 0M, Empty: 0M, Relocated: 0M, In-Place: 0
[139.562s][info][gc,reloc    ] GC(235) Large Pages: 0 / 0M, Empty: 0M, Relocated: 0M, In-Place: 0
[139.562s][info][gc,reloc    ] GC(235) Forwarding Usage: 40M
[139.562s][info][gc,heap     ] GC(235) Min Capacity: 8M(1%)
[139.562s][info][gc,heap     ] GC(235) Max Capacity: 1024M(100%)
[139.562s][info][gc,heap     ] GC(235) Soft Max Capacity: 1024M(100%)
[139.562s][info][gc,heap     ] GC(235)                Mark Start          Mark End        Relocate Start      Relocate End           High               Low         
[139.562s][info][gc,heap     ] GC(235)  Capacity:     1024M (100%)       1024M (100%)       1024M (100%)       1024M (100%)       1024M (100%)       1024M (100%)   
[139.562s][info][gc,heap     ] GC(235)      Free:      514M (50%)         386M (38%)         380M (37%)         502M (49%)         514M (50%)         360M (35%)    
[139.562s][info][gc,heap     ] GC(235)      Used:      510M (50%)         638M (62%)         644M (63%)         522M (51%)         664M (65%)         510M (50%)    
[139.562s][info][gc,heap     ] GC(235)      Live:         -               352M (34%)         352M (34%)         352M (34%)            -                  -          
[139.562s][info][gc,heap     ] GC(235) Allocated:         -               128M (13%)         134M (13%)         149M (15%)            -                  -          
[139.562s][info][gc,heap     ] GC(235)   Garbage:         -               157M (15%)         157M (15%)          19M (2%)             -                  -          
[139.562s][info][gc,heap     ] GC(235) Reclaimed:         -                  -                 0M (0%)          137M (13%)            -                  -          
[139.562s][info][gc          ] GC(235) Garbage Collection (Allocation Rate) 510M(50%)->522M(51%)
[139.598s][info][gc,start    ] GC(236) Garbage Collection (Allocation Rate)
[139.598s][info][gc,task     ] GC(236) Using 10 workers
[139.598s][info][gc,phases   ] GC(236) Pause Mark Start 0.013ms
[139.754s][info][gc,phases   ] GC(236) Concurrent Mark 155.879ms
[139.754s][info][gc,phases   ] GC(236) Pause Mark End 0.018ms
[139.754s][info][gc,phases   ] GC(236) Concurrent Mark Free 0.002ms
[139.755s][info][gc,phases   ] GC(236) Concurrent Process Non-Strong References 0.332ms
[139.755s][info][gc,phases   ] GC(236) Concurrent Reset Relocation Set 0.019ms
[139.760s][info][gc,phases   ] GC(236) Concurrent Select Relocation Set 5.186ms
[139.760s][info][gc,phases   ] GC(236) Pause Relocate Start 0.006ms
[139.781s][info][gc,phases   ] GC(236) Concurrent Relocate 20.975ms
[139.781s][info][gc,load     ] GC(236) Load: 0.00/0.00/0.00
[139.781s][info][gc,mmu      ] GC(236) MMU: 2ms/95.8%, 5ms/98.3%, 10ms/99.2%, 20ms/99.6%, 50ms/99.7%, 100ms/99.8%
[139.781s][info][gc,marking  ] GC(236) Mark: 8 stripe(s), 2 proactive flush(es), 1 terminate flush(es), 0 completion(s), 0 continuation(s) 
[139.781s][info][gc,marking  ] GC(236) Mark Stack Usage: 32M
[139.781s][info][gc,nmethod  ] GC(236) NMethods: 571 registered, 18 unregistered
[139.781s][info][gc,metaspace] GC(236) Metaspace: 16M used, 16M committed, 1088M reserved
[139.781s][info][gc,ref      ] GC(236) Soft: 171 encountered, 0 discovered, 0 enqueued
[139.781s][info][gc,ref      ] GC(236) Weak: 977 encountered, 44 discovered, 0 enqueued
[139.781s][info][gc,ref      ] GC(236) Final: 0 encountered, 0 discovered, 0 enqueued
[139.781s][info][gc,ref      ] GC(236) Phantom: 35 encountered, 20 discovered, 0 enqueued
[139.781s][info][gc,reloc    ] GC(236) Small Pages: 282 / 564M, Empty: 0M, Relocated: 75M, In-Place: 0
[139.781s][info][gc,reloc    ] GC(236) Medium Pages: 0 / 0M, Empty: 0M, Relocated: 0M, In-Place: 0
[139.782s][info][gc,reloc    ] GC(236) Large Pages: 0 / 0M, Empty: 0M, Relocated: 0M, In-Place: 0
[139.782s][info][gc,reloc    ] GC(236) Forwarding Usage: 36M
[139.782s][info][gc,heap     ] GC(236) Min Capacity: 8M(1%)
[139.782s][info][gc,heap     ] GC(236) Max Capacity: 1024M(100%)
[139.782s][info][gc,heap     ] GC(236) Soft Max Capacity: 1024M(100%)
[139.782s][info][gc,heap     ] GC(236)                Mark Start          Mark End        Relocate Start      Relocate End           High               Low         
[139.782s][info][gc,heap     ] GC(236)  Capacity:     1024M (100%)       1024M (100%)       1024M (100%)       1024M (100%)       1024M (100%)       1024M (100%)   
[139.782s][info][gc,heap     ] GC(236)      Free:      460M (45%)         296M (29%)         288M (28%)         388M (38%)         460M (45%)         268M (26%)    
[139.782s][info][gc,heap     ] GC(236)      Used:      564M (55%)         728M (71%)         736M (72%)         636M (62%)         756M (74%)         564M (55%)    
[139.782s][info][gc,heap     ] GC(236)      Live:         -               418M (41%)         418M (41%)         418M (41%)            -                  -          
[139.782s][info][gc,heap     ] GC(236) Allocated:         -               164M (16%)         172M (17%)         189M (19%)            -                  -          
[139.782s][info][gc,heap     ] GC(236)   Garbage:         -               145M (14%)         145M (14%)          28M (3%)             -                  -          
[139.782s][info][gc,heap     ] GC(236) Reclaimed:         -                  -                 0M (0%)          117M (11%)            -                  -          
[139.782s][info][gc          ] GC(236) Garbage Collection (Allocation Rate) 564M(55%)->636M(62%)
[139.801s][info][gc,start    ] GC(237) Garbage Collection (Allocation Rate)
[139.801s][info][gc,task     ] GC(237) Using 10 workers
[139.801s][info][gc,phases   ] GC(237) Pause Mark Start 0.015ms
[139.965s][info][gc,phases   ] GC(237) Concurrent Mark 163.438ms
[139.965s][info][gc,phases   ] GC(237) Pause Mark End 0.013ms
[139.965s][info][gc,phases   ] GC(237) Concurrent Mark Free 0.001ms
[139.965s][info][gc,phases   ] GC(237) Concurrent Process Non-Strong References 0.317ms
[139.965s][info][gc,phases   ] GC(237) Concurrent Reset Relocation Set 0.017ms
[140.007s][info][gc,phases   ] GC(237) Concurrent Select Relocation Set 41.373ms
[140.007s][info][gc,phases   ] GC(237) Pause Relocate Start 0.010ms
[140.034s][info][gc,phases   ] GC(237) Concurrent Relocate 27.261ms
[140.034s][info][gc,load     ] GC(237) Load: 0.00/0.00/0.00
[140.034s][info][gc,mmu      ] GC(237) MMU: 2ms/95.8%, 5ms/98.3%, 10ms/99.2%, 20ms/99.6%, 50ms/99.7%, 100ms/99.8%
[140.034s][info][gc,marking  ] GC(237) Mark: 8 stripe(s), 2 proactive flush(es), 1 terminate flush(es), 0 completion(s), 0 continuation(s) 
[140.034s][info][gc,marking  ] GC(237) Mark Stack Usage: 32M
[140.034s][info][gc,nmethod  ] GC(237) NMethods: 571 registered, 18 unregistered
[140.034s][info][gc,metaspace] GC(237) Metaspace: 16M used, 16M committed, 1088M reserved
[140.034s][info][gc,ref      ] GC(237) Soft: 171 encountered, 0 discovered, 0 enqueued
[140.034s][info][gc,ref      ] GC(237) Weak: 977 encountered, 71 discovered, 0 enqueued
[140.034s][info][gc,ref      ] GC(237) Final: 0 encountered, 0 discovered, 0 enqueued
[140.034s][info][gc,ref      ] GC(237) Phantom: 35 encountered, 21 discovered, 0 enqueued
[140.034s][info][gc,reloc    ] GC(237) Small Pages: 329 / 658M, Empty: 0M, Relocated: 82M, In-Place: 0
[140.034s][info][gc,reloc    ] GC(237) Medium Pages: 0 / 0M, Empty: 0M, Relocated: 0M, In-Place: 0
[140.034s][info][gc,reloc    ] GC(237) Large Pages: 0 / 0M, Empty: 0M, Relocated: 0M, In-Place: 0
[140.034s][info][gc,reloc    ] GC(237) Forwarding Usage: 39M
[140.034s][info][gc,heap     ] GC(237) Min Capacity: 8M(1%)
[140.034s][info][gc,heap     ] GC(237) Max Capacity: 1024M(100%)
[140.034s][info][gc,heap     ] GC(237) Soft Max Capacity: 1024M(100%)
[140.035s][info][gc,heap     ] GC(237)                Mark Start          Mark End        Relocate Start      Relocate End           High               Low         
[140.035s][info][gc,heap     ] GC(237)  Capacity:     1024M (100%)       1024M (100%)       1024M (100%)       1024M (100%)       1024M (100%)       1024M (100%)   
[140.035s][info][gc,heap     ] GC(237)      Free:      366M (36%)         202M (20%)         146M (14%)         254M (25%)         366M (36%)         124M (12%)    
[140.035s][info][gc,heap     ] GC(237)      Used:      658M (64%)         822M (80%)         878M (86%)         770M (75%)         900M (88%)         658M (64%)    
[140.035s][info][gc,heap     ] GC(237)      Live:         -               490M (48%)         490M (48%)         490M (48%)            -                  -          
[140.035s][info][gc,heap     ] GC(237) Allocated:         -               164M (16%)         220M (21%)         245M (24%)            -                  -          
[140.035s][info][gc,heap     ] GC(237)   Garbage:         -               167M (16%)         167M (16%)          34M (3%)             -                  -          
[140.035s][info][gc,heap     ] GC(237) Reclaimed:         -                  -                 0M (0%)          133M (13%)            -                  -          
[140.035s][info][gc          ] GC(237) Garbage Collection (Allocation Rate) 658M(64%)->770M(75%)
[140.105s][info][gc,start    ] GC(238) Garbage Collection (Allocation Rate)
[140.105s][info][gc,stats    ] === Garbage Collection Statistics =======================================================================================================================
[140.105s][info][gc,task     ] GC(238) Using 10 workers
[140.105s][info][gc,stats    ]                                                              Last 10s              Last 10m              Last 10h                Total
[140.105s][info][gc,stats    ]                                                              Avg / Max             Avg / Max             Avg / Max             Avg / Max
[140.106s][info][gc,stats    ]   Collector: Garbage Collection Cycle                    140.749 / 291.444     136.891 / 299.601     136.891 / 299.601     136.891 / 299.601     ms
[140.106s][info][gc,phases   ] GC(238) Pause Mark Start 0.015ms
[140.106s][info][gc,stats    ]  Contention: Mark Segment Reset Contention                     8 / 28                8 / 41                8 / 41                8 / 41          ops/s
[140.106s][info][gc,stats    ]  Contention: Mark SeqNum Reset Contention                      0 / 5                 0 / 6                 0 / 6                 0 / 6           ops/s
[140.106s][info][gc,stats    ]    Critical: Allocation Stall                                  9 / 96               15 / 308              15 / 308              15 / 308         ops/s
[140.106s][info][gc,stats    ]    Critical: Allocation Stall                              6.327 / 9.207        11.959 / 52.907       11.959 / 52.907       11.959 / 52.907      ms
[140.106s][info][gc,stats    ]    Critical: GC Locker Stall                                   0 / 0                 0 / 0                 0 / 0                 0 / 0           ops/s
[140.106s][info][gc,stats    ]    Critical: GC Locker Stall                               0.000 / 0.000         0.000 / 0.000         0.000 / 0.000         0.000 / 0.000       ms
[140.106s][info][gc,stats    ]    Critical: Relocation Stall                                  0 / 3                 0 / 4                 0 / 4                 0 / 4           ops/s
[140.106s][info][gc,stats    ]    Critical: Relocation Stall                              1.184 / 1.778         1.254 / 4.839         1.254 / 4.839         1.254 / 4.839       ms
[140.106s][info][gc,stats    ]      Memory: Allocation Rate                                 425 / 2378            570 / 6762            570 / 6762            570 / 6762        MB/s
[140.106s][info][gc,stats    ]      Memory: Defragment                                        0 / 0                 2 / 29                2 / 29                2 / 29          ops/s
[140.106s][info][gc,stats    ]      Memory: Out Of Memory                                     0 / 0                 0 / 0                 0 / 0                 0 / 0           ops/s
[140.106s][info][gc,stats    ]      Memory: Page Cache Flush                                  6 / 32                8 / 122               8 / 122               8 / 122         MB/s
[140.106s][info][gc,stats    ]      Memory: Page Cache Hit L1                               271 / 1314            318 / 3426            318 / 3426            318 / 3426        ops/s
[140.106s][info][gc,stats    ]      Memory: Page Cache Hit L2                                 0 / 0                 0 / 0                 0 / 0                 0 / 0           ops/s
[140.106s][info][gc,stats    ]      Memory: Page Cache Hit L3                                 0 / 1                 5 / 407               5 / 407               5 / 407         ops/s
[140.106s][info][gc,stats    ]      Memory: Page Cache Miss                                   0 / 1                 0 / 2                 0 / 2                 0 / 2           ops/s
[140.106s][info][gc,stats    ]      Memory: Uncommit                                          0 / 0                 0 / 0                 0 / 0                 0 / 0           MB/s
[140.106s][info][gc,stats    ]      Memory: Undo Object Allocation Failed                     5 / 34               22 / 647              22 / 647              22 / 647         ops/s
[140.106s][info][gc,stats    ]      Memory: Undo Object Allocation Succeeded                 13 / 108               6 / 108               6 / 108               6 / 108         ops/s
[140.106s][info][gc,stats    ]      Memory: Undo Page Allocation                             23 / 228              53 / 1061             53 / 1061             53 / 1061        ops/s
[140.106s][info][gc,stats    ]       Phase: Concurrent Mark                              99.146 / 218.321      99.781 / 249.632      99.781 / 249.632      99.781 / 249.632     ms
[140.106s][info][gc,stats    ]       Phase: Concurrent Mark Continue                      0.000 / 0.000         0.000 / 0.000         0.000 / 0.000         0.000 / 0.000       ms
[140.106s][info][gc,stats    ]       Phase: Concurrent Mark Free                          0.001 / 0.003         0.001 / 0.004         0.001 / 0.004         0.001 / 0.004       ms
[140.106s][info][gc,stats    ]       Phase: Concurrent Process Non-Strong References      1.043 / 5.442         1.000 / 15.033        1.000 / 15.033        1.000 / 15.033      ms
[140.106s][info][gc,stats    ]       Phase: Concurrent Relocate                          18.544 / 50.973       12.332 / 59.080       12.332 / 59.080       12.332 / 59.080      ms
[140.106s][info][gc,stats    ]       Phase: Concurrent Reset Relocation Set               0.014 / 0.030         0.014 / 0.066         0.014 / 0.066         0.014 / 0.066       ms
[140.107s][info][gc,stats    ]       Phase: Concurrent Select Relocation Set             16.084 / 41.373       12.334 / 64.809       12.334 / 64.809       12.334 / 64.809      ms
[140.107s][info][gc,stats    ]       Phase: Pause Mark End                                0.018 / 0.027         0.017 / 0.027         0.017 / 0.027         0.017 / 0.027       ms
[140.107s][info][gc,stats    ]       Phase: Pause Mark Start                              0.021 / 0.063         0.019 / 0.084         0.019 / 0.084         0.019 / 0.084       ms
[140.107s][info][gc,stats    ]       Phase: Pause Relocate Start                          0.009 / 0.016         0.008 / 0.025         0.008 / 0.025         0.008 / 0.025       ms
[140.107s][info][gc,stats    ]    Subphase: Concurrent Classes Purge                      0.181 / 1.659         0.074 / 5.672         0.074 / 5.672         0.074 / 5.672       ms
[140.107s][info][gc,stats    ]    Subphase: Concurrent Classes Unlink                     0.608 / 4.334         0.432 / 6.293         0.432 / 6.293         0.432 / 6.293       ms
[140.107s][info][gc,stats    ]    Subphase: Concurrent Mark                              95.987 / 217.254      97.533 / 248.331      97.533 / 248.331      97.533 / 248.331     ms
[140.107s][info][gc,stats    ]    Subphase: Concurrent Mark Try Flush                     0.286 / 10.303        0.846 / 31.490        0.846 / 31.490        0.846 / 31.490      ms
[140.107s][info][gc,stats    ]    Subphase: Concurrent Mark Try Terminate                 6.782 / 16.408        8.458 / 16.640        8.458 / 16.640        8.458 / 16.640      ms
[140.107s][info][gc,stats    ]    Subphase: Concurrent References Enqueue                 0.001 / 0.004         0.001 / 0.007         0.001 / 0.007         0.001 / 0.007       ms
[140.107s][info][gc,stats    ]    Subphase: Concurrent References Process                 0.028 / 0.063         0.034 / 0.210         0.034 / 0.210         0.034 / 0.210       ms
[140.107s][info][gc,stats    ]    Subphase: Concurrent Roots ClassLoaderDataGraph         0.035 / 0.379         0.042 / 1.028         0.042 / 1.028         0.042 / 1.028       ms
[140.107s][info][gc,stats    ]    Subphase: Concurrent Roots CodeCache                    0.000 / 0.000         0.000 / 0.000         0.000 / 0.000         0.000 / 0.000       ms
[140.107s][info][gc,stats    ]    Subphase: Concurrent Roots JavaThreads                  0.584 / 1.424         0.703 / 6.849         0.703 / 6.849         0.703 / 6.849       ms
[140.107s][info][gc,stats    ]    Subphase: Concurrent Roots OopStorageSet                0.012 / 0.050         0.015 / 0.682         0.015 / 0.682         0.015 / 0.682       ms
[140.107s][info][gc,stats    ]    Subphase: Concurrent Weak Roots OopStorageSet           0.132 / 0.218         0.107 / 0.309         0.107 / 0.309         0.107 / 0.309       ms
[140.107s][info][gc,stats    ]    Subphase: Pause Mark Try Complete                       0.000 / 0.000         0.000 / 0.000         0.000 / 0.000         0.000 / 0.000       ms
[140.107s][info][gc,stats    ]      System: Java Threads                                     70 / 75               64 / 75               64 / 75               64 / 75          threads
[140.107s][info][gc,stats    ] =========================================================================================================================================================
[140.293s][info][gc,phases   ] GC(238) Concurrent Mark 187.044ms
[140.293s][info][gc,phases   ] GC(238) Pause Mark End 0.017ms
[140.302s][info][gc,phases   ] GC(238) Concurrent Mark Free 0.001ms
[140.303s][info][gc,phases   ] GC(238) Concurrent Process Non-Strong References 0.448ms
[140.303s][info][gc,phases   ] GC(238) Concurrent Reset Relocation Set 0.021ms
[140.347s][info][gc,phases   ] GC(238) Concurrent Select Relocation Set 44.835ms
[140.348s][info][gc,phases   ] GC(238) Pause Relocate Start 0.012ms
[140.375s][info][gc,phases   ] GC(238) Concurrent Relocate 26.858ms
[140.375s][info][gc,load     ] GC(238) Load: 0.00/0.00/0.00
[140.375s][info][gc,mmu      ] GC(238) MMU: 2ms/95.8%, 5ms/98.3%, 10ms/99.2%, 20ms/99.6%, 50ms/99.7%, 100ms/99.8%
[140.375s][info][gc,marking  ] GC(238) Mark: 8 stripe(s), 2 proactive flush(es), 1 terminate flush(es), 0 completion(s), 0 continuation(s) 
[140.375s][info][gc,marking  ] GC(238) Mark Stack Usage: 32M
[140.375s][info][gc,nmethod  ] GC(238) NMethods: 588 registered, 18 unregistered
[140.375s][info][gc,metaspace] GC(238) Metaspace: 16M used, 16M committed, 1088M reserved
[140.375s][info][gc,ref      ] GC(238) Soft: 171 encountered, 0 discovered, 0 enqueued
[140.375s][info][gc,ref      ] GC(238) Weak: 977 encountered, 97 discovered, 0 enqueued
[140.375s][info][gc,ref      ] GC(238) Final: 0 encountered, 0 discovered, 0 enqueued
[140.375s][info][gc,ref      ] GC(238) Phantom: 35 encountered, 23 discovered, 0 enqueued
[140.375s][info][gc,reloc    ] GC(238) Small Pages: 388 / 776M, Empty: 0M, Relocated: 92M, In-Place: 0
[140.375s][info][gc,reloc    ] GC(238) Medium Pages: 0 / 0M, Empty: 0M, Relocated: 0M, In-Place: 0
[140.375s][info][gc,reloc    ] GC(238) Large Pages: 1 / 6M, Empty: 0M, Relocated: 0M, In-Place: 0
[140.375s][info][gc,reloc    ] GC(238) Forwarding Usage: 42M
[140.375s][info][gc,heap     ] GC(238) Min Capacity: 8M(1%)
[140.375s][info][gc,heap     ] GC(238) Max Capacity: 1024M(100%)
[140.375s][info][gc,heap     ] GC(238) Soft Max Capacity: 1024M(100%)
[140.375s][info][gc,heap     ] GC(238)                Mark Start          Mark End        Relocate Start      Relocate End           High               Low         
[140.375s][info][gc,heap     ] GC(238)  Capacity:     1024M (100%)       1024M (100%)       1024M (100%)       1024M (100%)       1024M (100%)       1024M (100%)   
[140.375s][info][gc,heap     ] GC(238)      Free:      242M (24%)         162M (16%)         162M (16%)         314M (31%)         314M (31%)         140M (14%)    
[140.375s][info][gc,heap     ] GC(238)      Used:      782M (76%)         862M (84%)         862M (84%)         710M (69%)         884M (86%)         710M (69%)    
[140.375s][info][gc,heap     ] GC(238)      Live:         -               580M (57%)         580M (57%)         580M (57%)            -                  -          
[140.375s][info][gc,heap     ] GC(238) Allocated:         -                80M (8%)           80M (8%)           81M (8%)             -                  -          
[140.375s][info][gc,heap     ] GC(238)   Garbage:         -               201M (20%)         201M (20%)          47M (5%)             -                  -          
[140.375s][info][gc,heap     ] GC(238) Reclaimed:         -                  -                 0M (0%)          153M (15%)            -                  -          
[140.375s][info][gc          ] GC(238) Garbage Collection (Allocation Rate) 782M(76%)->710M(69%)
[140.402s][info][gc,start    ] GC(239) Garbage Collection (Allocation Rate)
[140.402s][info][gc,task     ] GC(239) Using 10 workers
[140.402s][info][gc,phases   ] GC(239) Pause Mark Start 0.012ms
[140.597s][info][gc,phases   ] GC(239) Concurrent Mark 194.614ms
[140.597s][info][gc,phases   ] GC(239) Pause Mark End 0.027ms
[140.597s][info][gc,phases   ] GC(239) Concurrent Mark Free 0.001ms
[140.598s][info][gc,phases   ] GC(239) Concurrent Process Non-Strong References 0.894ms
[140.598s][info][gc,phases   ] GC(239) Concurrent Reset Relocation Set 0.013ms
[140.607s][info][gc,phases   ] GC(239) Concurrent Select Relocation Set 9.048ms
[140.607s][info][gc,phases   ] GC(239) Pause Relocate Start 0.007ms
[140.611s][info][gc,phases   ] GC(239) Concurrent Relocate 3.466ms
[140.611s][info][gc,load     ] GC(239) Load: 0.00/0.00/0.00
[140.611s][info][gc,mmu      ] GC(239) MMU: 2ms/95.8%, 5ms/98.3%, 10ms/99.2%, 20ms/99.6%, 50ms/99.7%, 100ms/99.8%
[140.611s][info][gc,marking  ] GC(239) Mark: 8 stripe(s), 2 proactive flush(es), 1 terminate flush(es), 0 completion(s), 0 continuation(s) 
[140.611s][info][gc,marking  ] GC(239) Mark Stack Usage: 32M
[140.611s][info][gc,nmethod  ] GC(239) NMethods: 333 registered, 275 unregistered
[140.611s][info][gc,metaspace] GC(239) Metaspace: 16M used, 16M committed, 1088M reserved
[140.611s][info][gc,ref      ] GC(239) Soft: 171 encountered, 0 discovered, 0 enqueued
[140.611s][info][gc,ref      ] GC(239) Weak: 980 encountered, 54 discovered, 1 enqueued
[140.611s][info][gc,ref      ] GC(239) Final: 0 encountered, 0 discovered, 0 enqueued
[140.611s][info][gc,ref      ] GC(239) Phantom: 35 encountered, 25 discovered, 0 enqueued
[140.611s][info][gc,reloc    ] GC(239) Small Pages: 351 / 702M, Empty: 0M, Relocated: 12M, In-Place: 0
[140.611s][info][gc,reloc    ] GC(239) Medium Pages: 0 / 0M, Empty: 0M, Relocated: 0M, In-Place: 0
[140.611s][info][gc,reloc    ] GC(239) Large Pages: 2 / 12M, Empty: 0M, Relocated: 0M, In-Place: 0
[140.611s][info][gc,reloc    ] GC(239) Forwarding Usage: 4M
[140.611s][info][gc,heap     ] GC(239) Min Capacity: 8M(1%)
[140.611s][info][gc,heap     ] GC(239) Max Capacity: 1024M(100%)
[140.611s][info][gc,heap     ] GC(239) Soft Max Capacity: 1024M(100%)
[140.611s][info][gc,heap     ] GC(239)                Mark Start          Mark End        Relocate Start      Relocate End           High               Low         
[140.611s][info][gc,heap     ] GC(239)  Capacity:     1024M (100%)       1024M (100%)       1024M (100%)       1024M (100%)       1024M (100%)       1024M (100%)   
[140.611s][info][gc,heap     ] GC(239)      Free:      310M (30%)         296M (29%)         296M (29%)         306M (30%)         310M (30%)         276M (27%)    
[140.611s][info][gc,heap     ] GC(239)      Used:      714M (70%)         728M (71%)         728M (71%)         718M (70%)         748M (73%)         714M (70%)    
[140.611s][info][gc,heap     ] GC(239)      Live:         -               641M (63%)         641M (63%)         641M (63%)            -                  -          
[140.611s][info][gc,heap     ] GC(239) Allocated:         -                14M (1%)           14M (1%)           13M (1%)             -                  -          
[140.611s][info][gc,heap     ] GC(239)   Garbage:         -                72M (7%)           72M (7%)           62M (6%)             -                  -          
[140.611s][info][gc,heap     ] GC(239) Reclaimed:         -                  -                 0M (0%)            9M (1%)             -                  -          
[140.611s][info][gc          ] GC(239) Garbage Collection (Allocation Rate) 714M(70%)->718M(70%)
[140.706s][info][gc,start    ] GC(240) Garbage Collection (Allocation Rate)
[140.706s][info][gc,task     ] GC(240) Using 10 workers
[140.707s][info][gc,phases   ] GC(240) Pause Mark Start 0.016ms
[140.894s][info][gc,phases   ] GC(240) Concurrent Mark 187.056ms
[140.894s][info][gc,phases   ] GC(240) Pause Mark End 0.015ms
[140.894s][info][gc,phases   ] GC(240) Concurrent Mark Free 0.001ms
[140.894s][info][gc,phases   ] GC(240) Concurrent Process Non-Strong References 0.289ms
[140.894s][info][gc,phases   ] GC(240) Concurrent Reset Relocation Set 0.003ms
[140.908s][info][gc,phases   ] GC(240) Concurrent Select Relocation Set 13.502ms
[140.908s][info][gc,phases   ] GC(240) Pause Relocate Start 0.004ms
[140.912s][info][gc,phases   ] GC(240) Concurrent Relocate 4.082ms
[140.912s][info][gc,load     ] GC(240) Load: 0.00/0.00/0.00
[140.912s][info][gc,mmu      ] GC(240) MMU: 2ms/95.8%, 5ms/98.3%, 10ms/99.2%, 20ms/99.6%, 50ms/99.7%, 100ms/99.8%
[140.912s][info][gc,marking  ] GC(240) Mark: 8 stripe(s), 2 proactive flush(es), 1 terminate flush(es), 0 completion(s), 0 continuation(s) 
[140.912s][info][gc,marking  ] GC(240) Mark Stack Usage: 32M
[140.912s][info][gc,nmethod  ] GC(240) NMethods: 345 registered, 275 unregistered
[140.912s][info][gc,metaspace] GC(240) Metaspace: 16M used, 16M committed, 1088M reserved
[140.912s][info][gc,ref      ] GC(240) Soft: 171 encountered, 0 discovered, 0 enqueued
[140.912s][info][gc,ref      ] GC(240) Weak: 979 encountered, 24 discovered, 0 enqueued
[140.912s][info][gc,ref      ] GC(240) Final: 0 encountered, 0 discovered, 0 enqueued
[140.912s][info][gc,ref      ] GC(240) Phantom: 35 encountered, 22 discovered, 0 enqueued
[140.912s][info][gc,reloc    ] GC(240) Small Pages: 383 / 766M, Empty: 6M, Relocated: 13M, In-Place: 0
[140.912s][info][gc,reloc    ] GC(240) Medium Pages: 0 / 0M, Empty: 0M, Relocated: 0M, In-Place: 0
[140.912s][info][gc,reloc    ] GC(240) Large Pages: 2 / 12M, Empty: 6M, Relocated: 0M, In-Place: 0
[140.912s][info][gc,reloc    ] GC(240) Forwarding Usage: 4M
[140.912s][info][gc,heap     ] GC(240) Min Capacity: 8M(1%)
[140.913s][info][gc,heap     ] GC(240) Max Capacity: 1024M(100%)
[140.913s][info][gc,heap     ] GC(240) Soft Max Capacity: 1024M(100%)
[140.913s][info][gc,heap     ] GC(240)                Mark Start          Mark End        Relocate Start      Relocate End           High               Low         
[140.913s][info][gc,heap     ] GC(240)  Capacity:     1024M (100%)       1024M (100%)       1024M (100%)       1024M (100%)       1024M (100%)       1024M (100%)   
[140.913s][info][gc,heap     ] GC(240)      Free:      246M (24%)         126M (12%)         126M (12%)         188M (18%)         246M (24%)         106M (10%)    
[140.913s][info][gc,heap     ] GC(240)      Used:      778M (76%)         898M (88%)         898M (88%)         836M (82%)         918M (90%)         778M (76%)    
[140.913s][info][gc,heap     ] GC(240)      Live:         -               628M (61%)         628M (61%)         628M (61%)            -                  -          
[140.913s][info][gc,heap     ] GC(240) Allocated:         -               120M (12%)         132M (13%)         135M (13%)            -                  -          
[140.913s][info][gc,heap     ] GC(240)   Garbage:         -               149M (15%)         137M (13%)          71M (7%)             -                  -          
[140.913s][info][gc,heap     ] GC(240) Reclaimed:         -                  -                12M (1%)           77M (8%)             -                  -          
[140.913s][info][gc          ] GC(240) Garbage Collection (Allocation Rate) 778M(76%)->836M(82%)
[141.003s][info][gc,start    ] GC(241) Garbage Collection (Allocation Rate)
[141.003s][info][gc,task     ] GC(241) Using 10 workers
[141.003s][info][gc,phases   ] GC(241) Pause Mark Start 0.016ms
[141.182s][info][gc,phases   ] GC(241) Concurrent Mark 178.897ms
[141.182s][info][gc,phases   ] GC(241) Pause Mark End 0.014ms
[141.182s][info][gc,phases   ] GC(241) Concurrent Mark Free 0.001ms
[141.183s][info][gc,phases   ] GC(241) Concurrent Process Non-Strong References 0.255ms
[141.183s][info][gc,phases   ] GC(241) Concurrent Reset Relocation Set 0.005ms
[141.185s][info][gc,phases   ] GC(241) Concurrent Select Relocation Set 2.392ms
[141.185s][info][gc,phases   ] GC(241) Pause Relocate Start 0.003ms
[141.189s][info][gc,phases   ] GC(241) Concurrent Relocate 3.282ms
[141.189s][info][gc,load     ] GC(241) Load: 0.00/0.00/0.00
[141.189s][info][gc,mmu      ] GC(241) MMU: 2ms/95.8%, 5ms/98.3%, 10ms/99.2%, 20ms/99.6%, 50ms/99.7%, 100ms/99.8%
[141.189s][info][gc,marking  ] GC(241) Mark: 8 stripe(s), 2 proactive flush(es), 1 terminate flush(es), 0 completion(s), 0 continuation(s) 
[141.189s][info][gc,marking  ] GC(241) Mark Stack Usage: 32M
[141.189s][info][gc,nmethod  ] GC(241) NMethods: 345 registered, 275 unregistered
[141.189s][info][gc,metaspace] GC(241) Metaspace: 16M used, 16M committed, 1088M reserved
[141.189s][info][gc,ref      ] GC(241) Soft: 171 encountered, 0 discovered, 0 enqueued
[141.189s][info][gc,ref      ] GC(241) Weak: 979 encountered, 23 discovered, 0 enqueued
[141.189s][info][gc,ref      ] GC(241) Final: 0 encountered, 0 discovered, 0 enqueued
[141.189s][info][gc,ref      ] GC(241) Phantom: 35 encountered, 19 discovered, 0 enqueued
[141.189s][info][gc,reloc    ] GC(241) Small Pages: 453 / 906M, Empty: 18M, Relocated: 12M, In-Place: 0
[141.189s][info][gc,reloc    ] GC(241) Medium Pages: 0 / 0M, Empty: 0M, Relocated: 0M, In-Place: 0
[141.189s][info][gc,reloc    ] GC(241) Large Pages: 1 / 6M, Empty: 0M, Relocated: 0M, In-Place: 0
[141.189s][info][gc,reloc    ] GC(241) Forwarding Usage: 4M
[141.189s][info][gc,heap     ] GC(241) Min Capacity: 8M(1%)
[141.189s][info][gc,heap     ] GC(241) Max Capacity: 1024M(100%)
[141.189s][info][gc,heap     ] GC(241) Soft Max Capacity: 1024M(100%)
[141.189s][info][gc,heap     ] GC(241)                Mark Start          Mark End        Relocate Start      Relocate End           High               Low         
[141.189s][info][gc,heap     ] GC(241)  Capacity:     1024M (100%)       1024M (100%)       1024M (100%)       1024M (100%)       1024M (100%)       1024M (100%)   
[141.189s][info][gc,heap     ] GC(241)      Free:      112M (11%)          10M (1%)           28M (3%)          236M (23%)         236M (23%)           6M (1%)     
[141.189s][info][gc,heap     ] GC(241)      Used:      912M (89%)        1014M (99%)         996M (97%)         788M (77%)        1018M (99%)         788M (77%)    
[141.189s][info][gc,heap     ] GC(241)      Live:         -               599M (59%)         599M (59%)         599M (59%)            -                  -          
[141.189s][info][gc,heap     ] GC(241) Allocated:         -               102M (10%)         102M (10%)         103M (10%)            -                  -          
[141.189s][info][gc,heap     ] GC(241)   Garbage:         -               312M (30%)         294M (29%)          84M (8%)             -                  -          
[141.189s][info][gc,heap     ] GC(241) Reclaimed:         -                  -                18M (2%)          227M (22%)            -                  -          
[141.189s][info][gc          ] GC(241) Garbage Collection (Allocation Rate) 912M(89%)->788M(77%)
[141.198s][info][gc,start    ] GC(242) Garbage Collection (Allocation Rate)
[141.198s][info][gc,task     ] GC(242) Using 10 workers
[141.198s][info][gc,phases   ] GC(242) Pause Mark Start 0.007ms
[141.354s][info][gc,phases   ] GC(242) Concurrent Mark 155.997ms
[141.354s][info][gc,phases   ] GC(242) Pause Mark End 0.017ms
[141.354s][info][gc,phases   ] GC(242) Concurrent Mark Free 0.001ms
[141.355s][info][gc,phases   ] GC(242) Concurrent Process Non-Strong References 0.296ms
[141.355s][info][gc,phases   ] GC(242) Concurrent Reset Relocation Set 0.016ms
[141.359s][info][gc,phases   ] GC(242) Concurrent Select Relocation Set 3.832ms
[141.359s][info][gc,phases   ] GC(242) Pause Relocate Start 0.003ms
[141.369s][info][gc,phases   ] GC(242) Concurrent Relocate 10.446ms
[141.369s][info][gc,load     ] GC(242) Load: 0.00/0.00/0.00
[141.369s][info][gc,mmu      ] GC(242) MMU: 2ms/95.8%, 5ms/98.3%, 10ms/99.2%, 20ms/99.6%, 50ms/99.7%, 100ms/99.8%
[141.369s][info][gc,marking  ] GC(242) Mark: 8 stripe(s), 2 proactive flush(es), 1 terminate flush(es), 0 completion(s), 0 continuation(s) 
[141.369s][info][gc,marking  ] GC(242) Mark Stack Usage: 32M
[141.369s][info][gc,nmethod  ] GC(242) NMethods: 345 registered, 275 unregistered
[141.369s][info][gc,metaspace] GC(242) Metaspace: 16M used, 16M committed, 1088M reserved
[141.369s][info][gc,ref      ] GC(242) Soft: 171 encountered, 0 discovered, 0 enqueued
[141.369s][info][gc,ref      ] GC(242) Weak: 979 encountered, 27 discovered, 0 enqueued
[141.369s][info][gc,ref      ] GC(242) Final: 0 encountered, 0 discovered, 0 enqueued
[141.369s][info][gc,ref      ] GC(242) Phantom: 35 encountered, 21 discovered, 0 enqueued
[141.370s][info][gc,reloc    ] GC(242) Small Pages: 393 / 786M, Empty: 10M, Relocated: 10M, In-Place: 0
[141.370s][info][gc,reloc    ] GC(242) Medium Pages: 0 / 0M, Empty: 0M, Relocated: 0M, In-Place: 0
[141.370s][info][gc,reloc    ] GC(242) Large Pages: 1 / 6M, Empty: 0M, Relocated: 0M, In-Place: 0
[141.370s][info][gc,reloc    ] GC(242) Forwarding Usage: 3M
[141.370s][info][gc,heap     ] GC(242) Min Capacity: 8M(1%)
[141.370s][info][gc,heap     ] GC(242) Max Capacity: 1024M(100%)
[141.370s][info][gc,heap     ] GC(242) Soft Max Capacity: 1024M(100%)
[141.370s][info][gc,heap     ] GC(242)                Mark Start          Mark End        Relocate Start      Relocate End           High               Low         
[141.370s][info][gc,heap     ] GC(242)  Capacity:     1024M (100%)       1024M (100%)       1024M (100%)       1024M (100%)       1024M (100%)       1024M (100%)   
[141.370s][info][gc,heap     ] GC(242)      Free:      232M (23%)         144M (14%)         150M (15%)         254M (25%)         254M (25%)         130M (13%)    
[141.370s][info][gc,heap     ] GC(242)      Used:      792M (77%)         880M (86%)         874M (85%)         770M (75%)         894M (87%)         770M (75%)    
[141.370s][info][gc,heap     ] GC(242)      Live:         -               585M (57%)         585M (57%)         585M (57%)            -                  -          
[141.370s][info][gc,heap     ] GC(242) Allocated:         -                88M (9%)           92M (9%)           93M (9%)             -                  -          
[141.370s][info][gc,heap     ] GC(242)   Garbage:         -               206M (20%)         196M (19%)          91M (9%)             -                  -          
[141.370s][info][gc,heap     ] GC(242) Reclaimed:         -                  -                10M (1%)          115M (11%)            -                  -          
[141.370s][info][gc          ] GC(242) Garbage Collection (Allocation Rate) 792M(77%)->770M(75%)
[141.401s][info][gc,start    ] GC(243) Garbage Collection (Allocation Rate)
[141.401s][info][gc,task     ] GC(243) Using 10 workers
[141.401s][info][gc,phases   ] GC(243) Pause Mark Start 0.013ms
[141.557s][info][gc,phases   ] GC(243) Concurrent Mark 155.917ms
[141.557s][info][gc,phases   ] GC(243) Pause Mark End 0.015ms
[141.557s][info][gc,phases   ] GC(243) Concurrent Mark Free 0.001ms
[141.558s][info][gc,phases   ] GC(243) Concurrent Process Non-Strong References 0.285ms
[141.558s][info][gc,phases   ] GC(243) Concurrent Reset Relocation Set 0.009ms
[141.567s][info][gc,phases   ] GC(243) Concurrent Select Relocation Set 8.880ms
[141.567s][info][gc,phases   ] GC(243) Pause Relocate Start 0.009ms
[141.571s][info][gc,phases   ] GC(243) Concurrent Relocate 3.901ms
[141.571s][info][gc,load     ] GC(243) Load: 0.00/0.00/0.00
[141.571s][info][gc,mmu      ] GC(243) MMU: 2ms/95.8%, 5ms/98.3%, 10ms/99.2%, 20ms/99.6%, 50ms/99.7%, 100ms/99.8%
[141.571s][info][gc,marking  ] GC(243) Mark: 8 stripe(s), 3 proactive flush(es), 1 terminate flush(es), 0 completion(s), 0 continuation(s) 
[141.571s][info][gc,marking  ] GC(243) Mark Stack Usage: 32M
[141.571s][info][gc,nmethod  ] GC(243) NMethods: 345 registered, 275 unregistered
[141.571s][info][gc,metaspace] GC(243) Metaspace: 16M used, 16M committed, 1088M reserved
[141.571s][info][gc,ref      ] GC(243) Soft: 171 encountered, 0 discovered, 0 enqueued
[141.571s][info][gc,ref      ] GC(243) Weak: 979 encountered, 39 discovered, 0 enqueued
[141.571s][info][gc,ref      ] GC(243) Final: 0 encountered, 0 discovered, 0 enqueued
[141.571s][info][gc,ref      ] GC(243) Phantom: 35 encountered, 20 discovered, 0 enqueued
[141.571s][info][gc,reloc    ] GC(243) Small Pages: 395 / 790M, Empty: 10M, Relocated: 10M, In-Place: 0
[141.571s][info][gc,reloc    ] GC(243) Medium Pages: 0 / 0M, Empty: 0M, Relocated: 0M, In-Place: 0
[141.571s][info][gc,reloc    ] GC(243) Large Pages: 1 / 6M, Empty: 0M, Relocated: 0M, In-Place: 0
[141.571s][info][gc,reloc    ] GC(243) Forwarding Usage: 4M
[141.571s][info][gc,heap     ] GC(243) Min Capacity: 8M(1%)
[141.571s][info][gc,heap     ] GC(243) Max Capacity: 1024M(100%)
[141.571s][info][gc,heap     ] GC(243) Soft Max Capacity: 1024M(100%)
[141.571s][info][gc,heap     ] GC(243)                Mark Start          Mark End        Relocate Start      Relocate End           High               Low         
[141.571s][info][gc,heap     ] GC(243)  Capacity:     1024M (100%)       1024M (100%)       1024M (100%)       1024M (100%)       1024M (100%)       1024M (100%)   
[141.571s][info][gc,heap     ] GC(243)      Free:      228M (22%)         124M (12%)         124M (12%)         246M (24%)         246M (24%)         104M (10%)    
[141.572s][info][gc,heap     ] GC(243)      Used:      796M (78%)         900M (88%)         900M (88%)         778M (76%)         920M (90%)         778M (76%)    
[141.572s][info][gc,heap     ] GC(243)      Live:         -               568M (56%)         568M (56%)         568M (56%)            -                  -          
[141.572s][info][gc,heap     ] GC(243) Allocated:         -               104M (10%)         114M (11%)         115M (11%)            -                  -          
[141.572s][info][gc,heap     ] GC(243)   Garbage:         -               227M (22%)         217M (21%)          93M (9%)             -                  -          
[141.572s][info][gc,heap     ] GC(243) Reclaimed:         -                  -                10M (1%)          133M (13%)            -                  -          
[141.572s][info][gc          ] GC(243) Garbage Collection (Allocation Rate) 796M(78%)->778M(76%)
[141.604s][info][gc,start    ] GC(244) Garbage Collection (Allocation Rate)
[141.604s][info][gc,task     ] GC(244) Using 10 workers
[141.604s][info][gc,phases   ] GC(244) Pause Mark Start 0.015ms
[141.752s][info][gc,phases   ] GC(244) Concurrent Mark 147.689ms
[141.752s][info][gc,phases   ] GC(244) Pause Mark End 0.020ms
[141.752s][info][gc,phases   ] GC(244) Concurrent Mark Free 0.001ms
[141.753s][info][gc,phases   ] GC(244) Concurrent Process Non-Strong References 0.322ms
[141.753s][info][gc,phases   ] GC(244) Concurrent Reset Relocation Set 0.013ms
[141.757s][info][gc,phases   ] GC(244) Concurrent Select Relocation Set 3.812ms
[141.757s][info][gc,phases   ] GC(244) Pause Relocate Start 0.005ms
[141.761s][info][gc,phases   ] GC(244) Concurrent Relocate 4.102ms
[141.761s][info][gc,load     ] GC(244) Load: 0.00/0.00/0.00
[141.761s][info][gc,mmu      ] GC(244) MMU: 2ms/95.8%, 5ms/98.3%, 10ms/99.2%, 20ms/99.6%, 50ms/99.7%, 100ms/99.8%
[141.761s][info][gc,marking  ] GC(244) Mark: 8 stripe(s), 2 proactive flush(es), 1 terminate flush(es), 0 completion(s), 0 continuation(s) 
[141.761s][info][gc,marking  ] GC(244) Mark Stack Usage: 32M
[141.761s][info][gc,nmethod  ] GC(244) NMethods: 345 registered, 275 unregistered
[141.761s][info][gc,metaspace] GC(244) Metaspace: 16M used, 16M committed, 1088M reserved
[141.761s][info][gc,ref      ] GC(244) Soft: 171 encountered, 0 discovered, 0 enqueued
[141.761s][info][gc,ref      ] GC(244) Weak: 979 encountered, 37 discovered, 0 enqueued
[141.761s][info][gc,ref      ] GC(244) Final: 0 encountered, 0 discovered, 0 enqueued
[141.761s][info][gc,ref      ] GC(244) Phantom: 35 encountered, 24 discovered, 0 enqueued
[141.761s][info][gc,reloc    ] GC(244) Small Pages: 400 / 800M, Empty: 10M, Relocated: 8M, In-Place: 0
[141.761s][info][gc,reloc    ] GC(244) Medium Pages: 0 / 0M, Empty: 0M, Relocated: 0M, In-Place: 0
[141.761s][info][gc,reloc    ] GC(244) Large Pages: 1 / 6M, Empty: 0M, Relocated: 0M, In-Place: 0
[141.761s][info][gc,reloc    ] GC(244) Forwarding Usage: 3M
[141.761s][info][gc,heap     ] GC(244) Min Capacity: 8M(1%)
[141.761s][info][gc,heap     ] GC(244) Max Capacity: 1024M(100%)
[141.761s][info][gc,heap     ] GC(244) Soft Max Capacity: 1024M(100%)
[141.761s][info][gc,heap     ] GC(244)                Mark Start          Mark End        Relocate Start      Relocate End           High               Low         
[141.761s][info][gc,heap     ] GC(244)  Capacity:     1024M (100%)       1024M (100%)       1024M (100%)       1024M (100%)       1024M (100%)       1024M (100%)   
[141.762s][info][gc,heap     ] GC(244)      Free:      218M (21%)         114M (11%)         120M (12%)         264M (26%)         264M (26%)         100M (10%)    
[141.762s][info][gc,heap     ] GC(244)      Used:      806M (79%)         910M (89%)         904M (88%)         760M (74%)         924M (90%)         760M (74%)    
[141.762s][info][gc,heap     ] GC(244)      Live:         -               548M (54%)         548M (54%)         548M (54%)            -                  -          
[141.762s][info][gc,heap     ] GC(244) Allocated:         -               104M (10%)         108M (11%)         109M (11%)            -                  -          
[141.762s][info][gc,heap     ] GC(244)   Garbage:         -               257M (25%)         247M (24%)         101M (10%)            -                  -          
[141.762s][info][gc,heap     ] GC(244) Reclaimed:         -                  -                10M (1%)          155M (15%)            -                  -          
[141.762s][info][gc          ] GC(244) Garbage Collection (Allocation Rate) 806M(79%)->760M(74%)
[141.799s][info][gc,start    ] GC(245) Garbage Collection (Allocation Rate)
[141.799s][info][gc,task     ] GC(245) Using 10 workers
[141.799s][info][gc,phases   ] GC(245) Pause Mark Start 0.013ms
[141.924s][info][gc,phases   ] GC(245) Concurrent Mark 124.584ms
[141.924s][info][gc,phases   ] GC(245) Pause Mark End 0.015ms
[141.924s][info][gc,phases   ] GC(245) Concurrent Mark Free 0.002ms
[141.925s][info][gc,phases   ] GC(245) Concurrent Process Non-Strong References 0.304ms
[141.925s][info][gc,phases   ] GC(245) Concurrent Reset Relocation Set 0.015ms
[141.933s][info][gc,phases   ] GC(245) Concurrent Select Relocation Set 8.695ms
[141.933s][info][gc,phases   ] GC(245) Pause Relocate Start 0.010ms
[141.938s][info][gc,phases   ] GC(245) Concurrent Relocate 4.005ms
[141.938s][info][gc,load     ] GC(245) Load: 0.00/0.00/0.00
[141.938s][info][gc,mmu      ] GC(245) MMU: 2ms/95.8%, 5ms/98.3%, 10ms/99.2%, 20ms/99.6%, 50ms/99.7%, 100ms/99.8%
[141.938s][info][gc,marking  ] GC(245) Mark: 8 stripe(s), 2 proactive flush(es), 1 terminate flush(es), 0 completion(s), 0 continuation(s) 
[141.938s][info][gc,marking  ] GC(245) Mark Stack Usage: 32M
[141.938s][info][gc,nmethod  ] GC(245) NMethods: 345 registered, 275 unregistered
[141.938s][info][gc,metaspace] GC(245) Metaspace: 16M used, 16M committed, 1088M reserved
[141.938s][info][gc,ref      ] GC(245) Soft: 171 encountered, 0 discovered, 0 enqueued
[141.938s][info][gc,ref      ] GC(245) Weak: 979 encountered, 43 discovered, 0 enqueued
[141.938s][info][gc,ref      ] GC(245) Final: 0 encountered, 0 discovered, 0 enqueued
[141.938s][info][gc,ref      ] GC(245) Phantom: 35 encountered, 18 discovered, 0 enqueued
[141.938s][info][gc,reloc    ] GC(245) Small Pages: 394 / 788M, Empty: 12M, Relocated: 8M, In-Place: 0
[141.938s][info][gc,reloc    ] GC(245) Medium Pages: 0 / 0M, Empty: 0M, Relocated: 0M, In-Place: 0
[141.938s][info][gc,reloc    ] GC(245) Large Pages: 1 / 6M, Empty: 0M, Relocated: 0M, In-Place: 0
[141.938s][info][gc,reloc    ] GC(245) Forwarding Usage: 4M
[141.938s][info][gc,heap     ] GC(245) Min Capacity: 8M(1%)
[141.938s][info][gc,heap     ] GC(245) Max Capacity: 1024M(100%)
[141.938s][info][gc,heap     ] GC(245) Soft Max Capacity: 1024M(100%)
[141.938s][info][gc,heap     ] GC(245)                Mark Start          Mark End        Relocate Start      Relocate End           High               Low         
[141.938s][info][gc,heap     ] GC(245)  Capacity:     1024M (100%)       1024M (100%)       1024M (100%)       1024M (100%)       1024M (100%)       1024M (100%)   
[141.938s][info][gc,heap     ] GC(245)      Free:      230M (22%)         140M (14%)         142M (14%)         288M (28%)         288M (28%)         122M (12%)    
[141.938s][info][gc,heap     ] GC(245)      Used:      794M (78%)         884M (86%)         882M (86%)         736M (72%)         902M (88%)         736M (72%)    
[141.938s][info][gc,heap     ] GC(245)      Live:         -               528M (52%)         528M (52%)         528M (52%)            -                  -          
[141.938s][info][gc,heap     ] GC(245) Allocated:         -                90M (9%)          100M (10%)         101M (10%)            -                  -          
[141.938s][info][gc,heap     ] GC(245)   Garbage:         -               265M (26%)         253M (25%)         105M (10%)            -                  -          
[141.938s][info][gc,heap     ] GC(245) Reclaimed:         -                  -                12M (1%)          159M (16%)            -                  -          
[141.938s][info][gc          ] GC(245) Garbage Collection (Allocation Rate) 794M(78%)->736M(72%)
[142.002s][info][gc,start    ] GC(246) Garbage Collection (Allocation Rate)
[142.002s][info][gc,task     ] GC(246) Using 10 workers
[142.002s][info][gc,phases   ] GC(246) Pause Mark Start 0.012ms
[142.033s][info][gc,phases   ] GC(246) Concurrent Mark 30.881ms
[142.033s][info][gc,phases   ] GC(246) Pause Mark End 0.020ms
[142.034s][info][gc,phases   ] GC(246) Concurrent Mark Free 0.001ms
[142.034s][info][gc,phases   ] GC(246) Concurrent Process Non-Strong References 0.557ms
[142.034s][info][gc,phases   ] GC(246) Concurrent Reset Relocation Set 0.014ms
[142.037s][info][gc,phases   ] GC(246) Concurrent Select Relocation Set 2.981ms
[142.037s][info][gc,phases   ] GC(246) Pause Relocate Start 0.007ms
[142.039s][info][gc,phases   ] GC(246) Concurrent Relocate 1.676ms
[142.039s][info][gc,load     ] GC(246) Load: 0.00/0.00/0.00
[142.039s][info][gc,mmu      ] GC(246) MMU: 2ms/95.8%, 5ms/98.3%, 10ms/99.2%, 20ms/99.6%, 50ms/99.7%, 100ms/99.8%
[142.039s][info][gc,marking  ] GC(246) Mark: 8 stripe(s), 4 proactive flush(es), 1 terminate flush(es), 0 completion(s), 0 continuation(s) 
[142.039s][info][gc,marking  ] GC(246) Mark Stack Usage: 32M
[142.039s][info][gc,nmethod  ] GC(246) NMethods: 496 registered, 56 unregistered
[142.039s][info][gc,metaspace] GC(246) Metaspace: 16M used, 16M committed, 1088M reserved
[142.039s][info][gc,ref      ] GC(246) Soft: 171 encountered, 0 discovered, 0 enqueued
[142.039s][info][gc,ref      ] GC(246) Weak: 983 encountered, 38 discovered, 1 enqueued
[142.039s][info][gc,ref      ] GC(246) Final: 0 encountered, 0 discovered, 0 enqueued
[142.039s][info][gc,ref      ] GC(246) Phantom: 35 encountered, 23 discovered, 0 enqueued
[142.039s][info][gc,reloc    ] GC(246) Small Pages: 388 / 776M, Empty: 708M, Relocated: 6M, In-Place: 0
[142.039s][info][gc,reloc    ] GC(246) Medium Pages: 0 / 0M, Empty: 0M, Relocated: 0M, In-Place: 0
[142.039s][info][gc,reloc    ] GC(246) Large Pages: 1 / 6M, Empty: 6M, Relocated: 0M, In-Place: 0
[142.039s][info][gc,reloc    ] GC(246) Forwarding Usage: 1M
[142.039s][info][gc,heap     ] GC(246) Min Capacity: 8M(1%)
[142.039s][info][gc,heap     ] GC(246) Max Capacity: 1024M(100%)
[142.039s][info][gc,heap     ] GC(246) Soft Max Capacity: 1024M(100%)
[142.039s][info][gc,heap     ] GC(246)                Mark Start          Mark End        Relocate Start      Relocate End           High               Low         
[142.039s][info][gc,heap     ] GC(246)  Capacity:     1024M (100%)       1024M (100%)       1024M (100%)       1024M (100%)       1024M (100%)       1024M (100%)   
[142.039s][info][gc,heap     ] GC(246)      Free:      242M (24%)         238M (23%)         952M (93%)         976M (95%)         976M (95%)         238M (23%)    
[142.039s][info][gc,heap     ] GC(246)      Used:      782M (76%)         786M (77%)          72M (7%)           48M (5%)          786M (77%)          48M (5%)     
[142.039s][info][gc,heap     ] GC(246)      Live:         -                26M (3%)           26M (3%)           26M (3%)             -                  -          
[142.039s][info][gc,heap     ] GC(246) Allocated:         -                 4M (0%)            4M (0%)            3M (0%)             -                  -          
[142.039s][info][gc,heap     ] GC(246)   Garbage:         -               755M (74%)          41M (4%)           17M (2%)             -                  -          
[142.039s][info][gc,heap     ] GC(246) Reclaimed:         -                  -               714M (70%)         737M (72%)            -                  -          
[142.039s][info][gc          ] GC(246) Garbage Collection (Allocation Rate) 782M(76%)->48M(5%)
[143.818s][info][gc,start    ] GC(247) Garbage Collection (System.gc())
[143.818s][info][gc,task     ] GC(247) Using 10 workers
[143.818s][info][gc,phases   ] GC(247) Pause Mark Start 0.015ms
[143.852s][info][gc,phases   ] GC(247) Concurrent Mark 34.133ms
[143.852s][info][gc,phases   ] GC(247) Pause Mark End 0.021ms
[143.853s][info][gc,phases   ] GC(247) Concurrent Mark Free 0.001ms
[143.853s][info][gc,phases   ] GC(247) Concurrent Process Non-Strong References 0.670ms
[143.853s][info][gc,phases   ] GC(247) Concurrent Reset Relocation Set 0.003ms
[143.857s][info][gc,phases   ] GC(247) Concurrent Select Relocation Set 3.344ms
[143.857s][info][gc,phases   ] GC(247) Pause Relocate Start 0.007ms
[143.859s][info][gc,phases   ] GC(247) Concurrent Relocate 1.702ms
[143.859s][info][gc,load     ] GC(247) Load: 0.00/0.00/0.00
[143.859s][info][gc,mmu      ] GC(247) MMU: 2ms/95.8%, 5ms/98.3%, 10ms/99.2%, 20ms/99.6%, 50ms/99.7%, 100ms/99.8%
[143.859s][info][gc,marking  ] GC(247) Mark: 8 stripe(s), 3 proactive flush(es), 1 terminate flush(es), 0 completion(s), 0 continuation(s) 
[143.859s][info][gc,marking  ] GC(247) Mark Stack Usage: 32M
[143.859s][info][gc,nmethod  ] GC(247) NMethods: 688 registered, 23 unregistered
[143.859s][info][gc,metaspace] GC(247) Metaspace: 16M used, 16M committed, 1088M reserved
[143.859s][info][gc,ref      ] GC(247) Soft: 171 encountered, 0 discovered, 0 enqueued
[143.859s][info][gc,ref      ] GC(247) Weak: 981 encountered, 101 discovered, 6 enqueued
[143.859s][info][gc,ref      ] GC(247) Final: 0 encountered, 0 discovered, 0 enqueued
[143.859s][info][gc,ref      ] GC(247) Phantom: 35 encountered, 23 discovered, 0 enqueued
[143.859s][info][gc,reloc    ] GC(247) Small Pages: 64 / 128M, Empty: 78M, Relocated: 5M, In-Place: 0
[143.859s][info][gc,reloc    ] GC(247) Medium Pages: 0 / 0M, Empty: 0M, Relocated: 0M, In-Place: 0
[143.859s][info][gc,reloc    ] GC(247) Large Pages: 0 / 0M, Empty: 0M, Relocated: 0M, In-Place: 0
[143.859s][info][gc,reloc    ] GC(247) Forwarding Usage: 1M
[143.859s][info][gc,heap     ] GC(247) Min Capacity: 8M(1%)
[143.859s][info][gc,heap     ] GC(247) Max Capacity: 1024M(100%)
[143.859s][info][gc,heap     ] GC(247) Soft Max Capacity: 1024M(100%)
[143.859s][info][gc,heap     ] GC(247)                Mark Start          Mark End        Relocate Start      Relocate End           High               Low         
[143.859s][info][gc,heap     ] GC(247)  Capacity:     1024M (100%)       1024M (100%)       1024M (100%)       1024M (100%)       1024M (100%)       1024M (100%)   
[143.859s][info][gc,heap     ] GC(247)      Free:      896M (88%)         896M (88%)         974M (95%)         978M (96%)         978M (96%)         896M (88%)    
[143.859s][info][gc,heap     ] GC(247)      Used:      128M (13%)         128M (13%)          50M (5%)           46M (4%)          128M (13%)          46M (4%)     
[143.859s][info][gc,heap     ] GC(247)      Live:         -                26M (3%)           26M (3%)           26M (3%)             -                  -          
[143.859s][info][gc,heap     ] GC(247) Allocated:         -                 0M (0%)            0M (0%)            0M (0%)             -                  -          
[143.859s][info][gc,heap     ] GC(247)   Garbage:         -               101M (10%)          23M (2%)           19M (2%)             -                  -          
[143.859s][info][gc,heap     ] GC(247) Reclaimed:         -                  -                78M (8%)           82M (8%)             -                  -          
[143.859s][info][gc          ] GC(247) Garbage Collection (System.gc()) 128M(13%)->46M(4%)
[146.853s][info][gc,start    ] GC(248) Garbage Collection (Allocation Stall)
[146.853s][info][gc,ref      ] GC(248) Clearing All SoftReferences
[146.853s][info][gc,task     ] GC(248) Using 10 workers
[146.853s][info][gc,ref      ] GC(248) Clearing All SoftReferences
[146.854s][info][gc,phases   ] GC(248) Pause Mark Start 0.051ms
[146.854s][info][gc          ] Allocation Stall (reactors-io-scheduler-ForkJoinPool-1-worker-41) 0.831ms
[146.854s][info][gc          ] Allocation Stall (reactors-io-scheduler-ForkJoinPool-1-worker-33) 0.799ms
[146.854s][info][gc          ] Allocation Stall (reactors-io-scheduler-ForkJoinPool-1-worker-10) 0.819ms
[146.854s][info][gc          ] Allocation Stall (reactors-io-scheduler-ForkJoinPool-1-worker-36) 0.805ms
[146.854s][info][gc          ] Allocation Stall (reactors-io-scheduler-ForkJoinPool-1-worker-42) 0.791ms
[146.854s][info][gc          ] Allocation Stall (reactors-io-scheduler-ForkJoinPool-1-worker-30) 0.842ms
[146.854s][info][gc          ] Allocation Stall (reactors-io-scheduler-ForkJoinPool-1-worker-4) 0.859ms
[146.854s][info][gc          ] Allocation Stall (reactors-io-scheduler-ForkJoinPool-1-worker-23) 0.972ms
[146.854s][info][gc          ] Allocation Stall (reactors-io-scheduler-ForkJoinPool-1-worker-38) 0.973ms
[146.854s][info][gc          ] Allocation Stall (reactors-io-scheduler-ForkJoinPool-1-worker-44) 0.977ms
[146.854s][info][gc          ] Allocation Stall (reactors-io-scheduler-ForkJoinPool-1-worker-31) 1.010ms
[146.854s][info][gc          ] Allocation Stall (reactors-io-scheduler-ForkJoinPool-1-worker-19) 1.022ms
[146.854s][info][gc          ] Allocation Stall (reactors-io-scheduler-ForkJoinPool-1-worker-46) 1.035ms
[146.854s][info][gc          ] Allocation Stall (reactors-io-scheduler-ForkJoinPool-1-worker-20) 1.053ms
[146.854s][info][gc          ] Allocation Stall (reactors-io-scheduler-ForkJoinPool-1-worker-22) 1.066ms
[146.854s][info][gc          ] Allocation Stall (reactors-io-scheduler-ForkJoinPool-1-worker-8) 1.113ms
[146.854s][info][gc          ] Allocation Stall (reactors-io-scheduler-ForkJoinPool-1-worker-6) 1.137ms
[146.854s][info][gc          ] Allocation Stall (reactors-io-scheduler-ForkJoinPool-1-worker-32) 1.159ms
[146.854s][info][gc          ] Allocation Stall (reactors-io-scheduler-ForkJoinPool-1-worker-18) 1.178ms
[146.854s][info][gc          ] Allocation Stall (reactors-io-scheduler-ForkJoinPool-1-worker-43) 1.202ms
[146.854s][info][gc          ] Allocation Stall (reactors-io-scheduler-ForkJoinPool-1-worker-5) 1.236ms
[146.854s][info][gc          ] Allocation Stall (reactors-io-scheduler-ForkJoinPool-1-worker-2) 1.268ms
[146.854s][info][gc          ] Allocation Stall (reactors-io-scheduler-ForkJoinPool-1-worker-7) 1.353ms
[146.854s][info][gc          ] Allocation Stall (reactors-io-scheduler-ForkJoinPool-1-worker-11) 1.394ms
[146.855s][info][gc          ] Allocation Stall (reactors-io-scheduler-ForkJoinPool-1-worker-3) 1.433ms
[146.855s][info][gc          ] Allocation Stall (reactors-io-scheduler-ForkJoinPool-1-worker-35) 1.494ms
[146.855s][info][gc          ] Allocation Stall (reactors-io-scheduler-ForkJoinPool-1-worker-39) 1.534ms
[146.855s][info][gc          ] Allocation Stall (reactors-io-scheduler-ForkJoinPool-1-worker-45) 1.567ms
[146.855s][info][gc          ] Allocation Stall (reactors-io-scheduler-ForkJoinPool-1-worker-47) 1.616ms
[146.874s][info][gc,phases   ] GC(248) Concurrent Mark 20.642ms
[146.874s][info][gc,phases   ] GC(248) Pause Mark End 0.017ms
[146.874s][info][gc,phases   ] GC(248) Concurrent Mark Free 0.001ms
[146.875s][info][gc,phases   ] GC(248) Concurrent Process Non-Strong References 0.496ms
[146.875s][info][gc,phases   ] GC(248) Concurrent Reset Relocation Set 0.002ms
[146.875s][info][gc          ] Allocation Stall (reactors-io-scheduler-ForkJoinPool-1-worker-4) 16.924ms
[146.875s][info][gc          ] Allocation Stall (reactors-io-scheduler-ForkJoinPool-1-worker-45) 15.866ms
[146.875s][info][gc          ] Allocation Stall (reactors-io-scheduler-ForkJoinPool-1-worker-48) 15.425ms
[146.875s][info][gc          ] Allocation Stall (reactors-io-scheduler-ForkJoinPool-1-worker-22) 16.140ms
[146.875s][info][gc          ] Allocation Stall (reactors-io-scheduler-ForkJoinPool-1-worker-7) 16.114ms
[146.875s][info][gc          ] Allocation Stall (reactors-io-scheduler-ForkJoinPool-1-worker-2) 16.385ms
[146.875s][info][gc          ] Allocation Stall (reactors-io-scheduler-ForkJoinPool-1-worker-8) 16.082ms
[146.875s][info][gc          ] Allocation Stall (reactors-io-scheduler-ForkJoinPool-1-worker-42) 16.848ms
[146.875s][info][gc          ] Allocation Stall (reactors-io-scheduler-ForkJoinPool-1-worker-43) 16.843ms
[146.875s][info][gc          ] Allocation Stall (reactors-io-scheduler-reanimator) 16.489ms
[146.875s][info][gc          ] Allocation Stall (reactors-io-scheduler-ForkJoinPool-1-worker-47) 16.471ms
[146.875s][info][gc          ] Allocation Stall (reactors-io-scheduler-ForkJoinPool-1-worker-38) 16.777ms
[146.875s][info][gc          ] Allocation Stall (reactors-io-scheduler-ForkJoinPool-1-worker-31) 16.420ms
[146.875s][info][gc          ] Allocation Stall (reactors-io-scheduler-ForkJoinPool-1-worker-33) 15.453ms
[146.875s][info][gc          ] Allocation Stall (reactors-io-scheduler-ForkJoinPool-1-worker-19) 16.395ms
[146.875s][info][gc          ] Allocation Stall (reactors-io-scheduler-ForkJoinPool-1-worker-16) 21.480ms
[146.875s][info][gc          ] Allocation Stall (reactors-io-scheduler-ForkJoinPool-1-worker-46) 16.360ms
[146.875s][info][gc          ] Allocation Stall (reactors-io-scheduler-ForkJoinPool-1-worker-30) 16.792ms
[146.875s][info][gc          ] Allocation Stall (reactors-io-scheduler-ForkJoinPool-1-worker-37) 21.494ms
[146.875s][info][gc          ] Allocation Stall (reactors-io-scheduler-ForkJoinPool-1-worker-25) 21.493ms
[146.875s][info][gc          ] Allocation Stall (reactors-io-scheduler-ForkJoinPool-1-worker-27) 15.514ms
[146.875s][info][gc          ] Allocation Stall (reactors-io-scheduler-ForkJoinPool-1-worker-17) 21.491ms
[146.875s][info][gc          ] Allocation Stall (reactors-io-scheduler-ForkJoinPool-1-worker-28) 21.506ms
[146.875s][info][gc          ] Allocation Stall (reactors-io-scheduler-ForkJoinPool-1-worker-39) 16.034ms
[146.875s][info][gc          ] Allocation Stall (reactors-io-scheduler-ForkJoinPool-1-worker-40) 15.552ms
[146.875s][info][gc          ] Allocation Stall (reactors-io-scheduler-ForkJoinPool-1-worker-21) 21.513ms
[146.875s][info][gc          ] Allocation Stall (reactors-io-scheduler-ForkJoinPool-1-worker-44) 16.599ms
[146.875s][info][gc          ] Allocation Stall (reactors-io-scheduler-ForkJoinPool-1-worker-20) 16.347ms
[146.875s][info][gc          ] Allocation Stall (reactors-io-scheduler-ForkJoinPool-1-worker-15) 21.537ms
[146.875s][info][gc          ] Allocation Stall (reactors-io-scheduler-ForkJoinPool-1-worker-14) 21.539ms
[146.875s][info][gc          ] Allocation Stall (reactors-io-scheduler-ForkJoinPool-1-worker-6) 16.246ms
[146.875s][info][gc          ] Allocation Stall (reactors-io-scheduler-ForkJoinPool-1-worker-34) 15.713ms
[146.875s][info][gc          ] Allocation Stall (reactors-io-scheduler-ForkJoinPool-1-worker-5) 16.083ms
[146.875s][info][gc          ] Allocation Stall (reactors-io-scheduler-ForkJoinPool-1-worker-18) 16.744ms
[146.875s][info][gc          ] Allocation Stall (reactors-io-scheduler-ForkJoinPool-1-worker-32) 16.009ms
[146.875s][info][gc          ] Allocation Stall (reactors-io-scheduler-ForkJoinPool-1-worker-3) 15.841ms
[146.875s][info][gc          ] Allocation Stall (reactors-io-scheduler-ForkJoinPool-1-worker-13) 21.551ms
[146.875s][info][gc          ] Allocation Stall (reactors-io-scheduler-ForkJoinPool-1-worker-35) 15.844ms
[146.875s][info][gc          ] Allocation Stall (reactors-io-scheduler-ForkJoinPool-1-worker-41) 15.501ms
[146.875s][info][gc          ] Allocation Stall (reactors-io-scheduler-ForkJoinPool-1-worker-10) 15.483ms
[146.875s][info][gc          ] Allocation Stall (reactors-io-scheduler-ForkJoinPool-1-worker-29) 21.540ms
[146.875s][info][gc          ] Allocation Stall (reactors-io-scheduler-ForkJoinPool-1-worker-24) 21.531ms
[146.875s][info][gc          ] Allocation Stall (reactors-io-scheduler-ForkJoinPool-1-worker-9) 21.551ms
[146.875s][info][gc          ] Allocation Stall (reactors-io-scheduler-ForkJoinPool-1-worker-12) 21.555ms
[146.875s][info][gc          ] Allocation Stall (reactors-io-scheduler-ForkJoinPool-1-worker-1) 21.554ms
[146.875s][info][gc          ] Allocation Stall (reactors-io-scheduler-ForkJoinPool-1-worker-36) 17.053ms
[146.875s][info][gc          ] Allocation Stall (reactors-io-scheduler-ForkJoinPool-1-worker-23) 16.931ms
[146.875s][info][gc          ] Allocation Stall (reactors-io-scheduler-ForkJoinPool-1-worker-26) 21.562ms
[146.875s][info][gc          ] Allocation Stall (reactors-io-scheduler-ForkJoinPool-1-worker-11) 15.898ms
[146.886s][info][gc,phases   ] GC(248) Concurrent Select Relocation Set 11.091ms
[146.886s][info][gc,phases   ] GC(248) Pause Relocate Start 0.009ms
[146.973s][info][gc,phases   ] GC(248) Concurrent Relocate 5.350ms
[146.973s][info][gc,load     ] GC(248) Load: 0.00/0.00/0.00
[146.974s][info][gc,mmu      ] GC(248) MMU: 2ms/95.8%, 5ms/98.3%, 10ms/99.2%, 20ms/99.6%, 50ms/99.7%, 100ms/99.8%
[146.974s][info][gc,marking  ] GC(248) Mark: 8 stripe(s), 3 proactive flush(es), 1 terminate flush(es), 0 completion(s), 0 continuation(s) 
[146.974s][info][gc,marking  ] GC(248) Mark Stack Usage: 32M
[146.974s][info][gc,nmethod  ] GC(248) NMethods: 839 registered, 22 unregistered
[146.974s][info][gc,metaspace] GC(248) Metaspace: 16M used, 16M committed, 1088M reserved
[146.974s][info][gc,ref      ] GC(248) Soft: 171 encountered, 44 discovered, 0 enqueued
[146.974s][info][gc,ref      ] GC(248) Weak: 988 encountered, 79 discovered, 2 enqueued
[146.974s][info][gc,ref      ] GC(248) Final: 0 encountered, 0 discovered, 0 enqueued
[146.974s][info][gc,ref      ] GC(248) Phantom: 35 encountered, 21 discovered, 0 enqueued
[146.974s][info][gc,reloc    ] GC(248) Small Pages: 507 / 1014M, Empty: 672M, Relocated: 8M, In-Place: 0
[146.974s][info][gc,reloc    ] GC(248) Medium Pages: 0 / 0M, Empty: 0M, Relocated: 0M, In-Place: 0
[146.974s][info][gc,reloc    ] GC(248) Large Pages: 0 / 0M, Empty: 0M, Relocated: 0M, In-Place: 0
[146.974s][info][gc,reloc    ] GC(248) Forwarding Usage: 2M
[146.974s][info][gc,heap     ] GC(248) Min Capacity: 8M(1%)
[146.974s][info][gc,heap     ] GC(248) Max Capacity: 1024M(100%)
[146.974s][info][gc,heap     ] GC(248) Soft Max Capacity: 1024M(100%)
[146.974s][info][gc,heap     ] GC(248)                Mark Start          Mark End        Relocate Start      Relocate End           High               Low         
[146.974s][info][gc,heap     ] GC(248)  Capacity:     1024M (100%)       1024M (100%)       1024M (100%)       1024M (100%)       1024M (100%)       1024M (100%)   
[146.974s][info][gc,heap     ] GC(248)      Free:        0M (0%)            0M (0%)          566M (55%)         338M (33%)         614M (60%)           0M (0%)     
[146.974s][info][gc,heap     ] GC(248)      Used:     1024M (100%)       1024M (100%)        458M (45%)         686M (67%)        1024M (100%)        410M (40%)    
[146.974s][info][gc,heap     ] GC(248)      Live:         -                28M (3%)           28M (3%)           28M (3%)             -                  -          
[146.974s][info][gc,heap     ] GC(248) Allocated:         -                 0M (0%)          106M (10%)         631M (62%)            -                  -          
[146.974s][info][gc,heap     ] GC(248)   Garbage:         -               995M (97%)         323M (32%)          25M (2%)             -                  -          
[146.974s][info][gc,heap     ] GC(248) Reclaimed:         -                  -               672M (66%)         969M (95%)            -                  -          
[146.974s][info][gc          ] GC(248) Garbage Collection (Allocation Stall) 1024M(100%)->686M(67%)
[146.999s][info][gc,start    ] GC(249) Garbage Collection (Allocation Stall)
[146.999s][info][gc,ref      ] GC(249) Clearing All SoftReferences
[146.999s][info][gc,task     ] GC(249) Using 10 workers
[147.000s][info][gc,ref      ] GC(249) Clearing All SoftReferences
[147.000s][info][gc,phases   ] GC(249) Pause Mark Start 0.049ms
[147.046s][info][gc,phases   ] GC(249) Concurrent Mark 31.194ms
[147.046s][info][gc,phases   ] GC(249) Pause Mark End 0.014ms
[147.046s][info][gc,phases   ] GC(249) Concurrent Mark Free 0.001ms
[147.047s][info][gc,phases   ] GC(249) Concurrent Process Non-Strong References 0.368ms
[147.047s][info][gc,phases   ] GC(249) Concurrent Reset Relocation Set 0.021ms
[147.047s][info][gc          ] Allocation Stall (reactors-io-scheduler-ForkJoinPool-1-worker-12) 17.164ms
[147.047s][info][gc          ] Allocation Stall (reactors-io-scheduler-ForkJoinPool-1-worker-27) 16.869ms
[147.047s][info][gc          ] Allocation Stall (reactors-io-scheduler-ForkJoinPool-1-worker-30) 16.790ms
[147.047s][info][gc          ] Allocation Stall (reactors-io-scheduler-ForkJoinPool-1-worker-48) 16.598ms
[147.047s][info][gc          ] Allocation Stall (reactors-io-scheduler-ForkJoinPool-1-worker-34) 16.639ms
[147.047s][info][gc          ] Allocation Stall (reactors-io-scheduler-ForkJoinPool-1-worker-11) 16.641ms
[147.047s][info][gc          ] Allocation Stall (reactors-io-scheduler-ForkJoinPool-1-worker-6) 16.735ms
[147.047s][info][gc          ] Allocation Stall (reactors-io-scheduler-ForkJoinPool-1-worker-4) 16.806ms
[147.047s][info][gc          ] Allocation Stall (reactors-io-scheduler-ForkJoinPool-1-worker-32) 16.676ms
[147.047s][info][gc          ] Allocation Stall (reactors-io-scheduler-ForkJoinPool-1-worker-23) 16.854ms
[147.047s][info][gc          ] Allocation Stall (reactors-io-scheduler-ForkJoinPool-1-worker-5) 16.737ms
[147.047s][info][gc          ] Allocation Stall (reactors-io-scheduler-ForkJoinPool-1-worker-29) 16.936ms
[147.047s][info][gc          ] Allocation Stall (reactors-io-scheduler-ForkJoinPool-1-worker-28) 16.808ms
[147.047s][info][gc          ] Allocation Stall (reactors-io-scheduler-ForkJoinPool-1-worker-31) 16.749ms
[147.047s][info][gc          ] Allocation Stall (reactors-io-scheduler-ForkJoinPool-1-worker-8) 16.800ms
[147.047s][info][gc          ] Allocation Stall (reactors-io-scheduler-ForkJoinPool-1-worker-1) 16.638ms
[147.047s][info][gc          ] Allocation Stall (reactors-io-scheduler-ForkJoinPool-1-worker-15) 16.934ms
[147.047s][info][gc          ] Allocation Stall (reactors-io-scheduler-ForkJoinPool-1-worker-9) 16.674ms
[147.047s][info][gc          ] Allocation Stall (reactors-io-scheduler-ForkJoinPool-1-worker-38) 16.691ms
[147.047s][info][gc          ] Allocation Stall (reactors-io-scheduler-ForkJoinPool-1-worker-24) 16.800ms
[147.047s][info][gc          ] Allocation Stall (reactors-io-scheduler-ForkJoinPool-1-worker-41) 16.806ms
[147.047s][info][gc          ] Allocation Stall (reactors-io-scheduler-ForkJoinPool-1-worker-47) 17.827ms
[147.047s][info][gc          ] Allocation Stall (reactors-io-scheduler-ForkJoinPool-1-worker-40) 16.929ms
[147.047s][info][gc          ] Allocation Stall (reactors-io-scheduler-ForkJoinPool-1-worker-45) 16.696ms
[147.047s][info][gc          ] Allocation Stall (reactors-io-scheduler-ForkJoinPool-1-worker-16) 16.903ms
[147.047s][info][gc          ] Allocation Stall (reactors-io-scheduler-ForkJoinPool-1-worker-10) 17.514ms
[147.047s][info][gc          ] Allocation Stall (reactors-io-scheduler-ForkJoinPool-1-worker-13) 16.806ms
[147.047s][info][gc          ] Allocation Stall (reactors-io-scheduler-ForkJoinPool-1-worker-44) 16.807ms
[147.047s][info][gc          ] Allocation Stall (reactors-io-scheduler-ForkJoinPool-1-worker-2) 17.237ms
[147.047s][info][gc          ] Allocation Stall (reactors-io-scheduler-ForkJoinPool-1-worker-18) 17.480ms
[147.047s][info][gc          ] Allocation Stall (reactors-io-scheduler-ForkJoinPool-1-worker-21) 16.852ms
[147.047s][info][gc          ] Allocation Stall (reactors-io-scheduler-ForkJoinPool-1-worker-35) 16.985ms
[147.047s][info][gc          ] Allocation Stall (reactors-io-scheduler-ForkJoinPool-1-worker-22) 17.690ms
[147.047s][info][gc          ] Allocation Stall (reactors-io-scheduler-ForkJoinPool-1-worker-46) 17.205ms
[147.047s][info][gc          ] Allocation Stall (reactors-io-scheduler-ForkJoinPool-1-worker-37) 17.483ms
[147.047s][info][gc          ] Allocation Stall (reactors-io-scheduler-ForkJoinPool-1-worker-19) 16.965ms
[147.047s][info][gc          ] Allocation Stall (reactors-io-scheduler-ForkJoinPool-1-worker-36) 17.519ms
[147.047s][info][gc          ] Allocation Stall (reactors-io-scheduler-ForkJoinPool-1-worker-14) 17.782ms
[147.047s][info][gc          ] Allocation Stall (reactors-io-scheduler-ForkJoinPool-1-worker-43) 17.765ms
[147.047s][info][gc          ] Allocation Stall (reactors-io-scheduler-ForkJoinPool-1-worker-39) 17.307ms
[147.047s][info][gc          ] Allocation Stall (reactors-io-scheduler-ForkJoinPool-1-worker-42) 17.473ms
[147.047s][info][gc          ] Allocation Stall (reactors-io-scheduler-ForkJoinPool-1-worker-7) 17.439ms
[147.047s][info][gc          ] Allocation Stall (reactors-io-scheduler-ForkJoinPool-1-worker-17) 17.067ms
[147.047s][info][gc          ] Allocation Stall (reactors-io-scheduler-ForkJoinPool-1-worker-25) 17.301ms
[147.047s][info][gc          ] Allocation Stall (reactors-io-scheduler-ForkJoinPool-1-worker-3) 17.026ms
[147.047s][info][gc          ] Allocation Stall (reactors-io-scheduler-ForkJoinPool-1-worker-26) 17.335ms
[147.047s][info][gc          ] Allocation Stall (reactors-io-scheduler-ForkJoinPool-1-worker-33) 17.565ms
[147.047s][info][gc          ] Allocation Stall (reactors-io-scheduler-ForkJoinPool-1-worker-20) 17.870ms
[147.057s][info][gc,phases   ] GC(249) Concurrent Select Relocation Set 10.446ms
[147.057s][info][gc,phases   ] GC(249) Pause Relocate Start 0.011ms
[147.111s][info][gc          ] Allocation Stall (reactors-io-scheduler-ForkJoinPool-1-worker-43) 0.133ms
[147.111s][info][gc          ] Allocation Stall (reactors-io-scheduler-ForkJoinPool-1-worker-21) 0.193ms
[147.111s][info][gc          ] Allocation Stall (reactors-io-scheduler-ForkJoinPool-1-worker-41) 0.029ms
[147.111s][info][gc          ] Allocation Stall (reactors-io-scheduler-ForkJoinPool-1-worker-14) 0.164ms
[147.111s][info][gc          ] Allocation Stall (reactors-io-scheduler-ForkJoinPool-1-worker-2) 0.111ms
[147.111s][info][gc          ] Allocation Stall (reactors-io-scheduler-ForkJoinPool-1-worker-5) 0.117ms
[147.111s][info][gc          ] Allocation Stall (reactors-io-scheduler-ForkJoinPool-1-worker-22) 0.309ms
[147.112s][info][gc          ] Allocation Stall (reactors-io-scheduler-ForkJoinPool-1-worker-26) 1.355ms
[147.113s][info][gc          ] Allocation Stall (reactors-io-scheduler-ForkJoinPool-1-worker-20) 1.770ms
[147.113s][info][gc          ] Allocation Stall (reactors-io-scheduler-ForkJoinPool-1-worker-38) 1.699ms
[147.116s][info][gc,phases   ] GC(249) Concurrent Relocate 5.373ms
[147.117s][info][gc,load     ] GC(249) Load: 0.00/0.00/0.00
[147.117s][info][gc,mmu      ] GC(249) MMU: 2ms/95.8%, 5ms/98.3%, 10ms/99.2%, 20ms/99.6%, 50ms/99.7%, 100ms/99.8%
[147.117s][info][gc,marking  ] GC(249) Mark: 8 stripe(s), 4 proactive flush(es), 1 terminate flush(es), 0 completion(s), 0 continuation(s) 
[147.117s][info][gc,marking  ] GC(249) Mark Stack Usage: 32M
[147.117s][info][gc,nmethod  ] GC(249) NMethods: 840 registered, 22 unregistered
[147.117s][info][gc,metaspace] GC(249) Metaspace: 16M used, 16M committed, 1088M reserved
[147.117s][info][gc,ref      ] GC(249) Soft: 171 encountered, 49 discovered, 0 enqueued
[147.117s][info][gc,ref      ] GC(249) Weak: 986 encountered, 53 discovered, 0 enqueued
[147.117s][info][gc,ref      ] GC(249) Final: 0 encountered, 0 discovered, 0 enqueued
[147.117s][info][gc,ref      ] GC(249) Phantom: 35 encountered, 24 discovered, 0 enqueued
[147.117s][info][gc,reloc    ] GC(249) Small Pages: 422 / 844M, Empty: 396M, Relocated: 8M, In-Place: 9
[147.117s][info][gc,reloc    ] GC(249) Medium Pages: 0 / 0M, Empty: 0M, Relocated: 0M, In-Place: 0
[147.117s][info][gc,reloc    ] GC(249) Large Pages: 0 / 0M, Empty: 0M, Relocated: 0M, In-Place: 0
[147.117s][info][gc,reloc    ] GC(249) Forwarding Usage: 2M
[147.117s][info][gc,heap     ] GC(249) Min Capacity: 8M(1%)
[147.117s][info][gc,heap     ] GC(249) Max Capacity: 1024M(100%)
[147.117s][info][gc,heap     ] GC(249) Soft Max Capacity: 1024M(100%)
[147.117s][info][gc,heap     ] GC(249)                Mark Start          Mark End        Relocate Start      Relocate End           High               Low         
[147.117s][info][gc,heap     ] GC(249)  Capacity:     1024M (100%)       1024M (100%)       1024M (100%)       1024M (100%)       1024M (100%)       1024M (100%)   
[147.117s][info][gc,heap     ] GC(249)      Free:      180M (18%)           0M (0%)          330M (32%)         370M (36%)         374M (37%)           0M (0%)     
[147.117s][info][gc,heap     ] GC(249)      Used:      844M (82%)        1024M (100%)        694M (68%)         654M (64%)        1024M (100%)        650M (63%)    
[147.117s][info][gc,heap     ] GC(249)      Live:         -                28M (3%)           28M (3%)           28M (3%)             -                  -          
[147.117s][info][gc,heap     ] GC(249) Allocated:         -               180M (18%)         246M (24%)         609M (60%)            -                  -          
[147.117s][info][gc,heap     ] GC(249)   Garbage:         -               815M (80%)         419M (41%)          15M (1%)             -                  -          
[147.117s][info][gc,heap     ] GC(249) Reclaimed:         -                  -               396M (39%)         799M (78%)            -                  -          
[147.117s][info][gc          ] GC(249) Garbage Collection (Allocation Stall) 844M(82%)->654M(64%)
[147.177s][info][gc,start    ] GC(250) Garbage Collection (Allocation Stall)
[147.177s][info][gc,ref      ] GC(250) Clearing All SoftReferences
[147.177s][info][gc,task     ] GC(250) Using 10 workers
[147.177s][info][gc,ref      ] GC(250) Clearing All SoftReferences
[147.177s][info][gc,phases   ] GC(250) Pause Mark Start 0.043ms
[147.202s][info][gc,phases   ] GC(250) Concurrent Mark 24.961ms
[147.202s][info][gc,phases   ] GC(250) Pause Mark End 0.015ms
[147.202s][info][gc,phases   ] GC(250) Concurrent Mark Free 0.001ms
[147.203s][info][gc,phases   ] GC(250) Concurrent Process Non-Strong References 0.445ms
[147.203s][info][gc,phases   ] GC(250) Concurrent Reset Relocation Set 0.026ms
[147.203s][info][gc          ] Allocation Stall (reactors-io-scheduler-ForkJoinPool-1-worker-11) 25.802ms
[147.203s][info][gc          ] Allocation Stall (reactors-io-scheduler-ForkJoinPool-1-worker-30) 25.794ms
[147.203s][info][gc          ] Allocation Stall (reactors-io-scheduler-ForkJoinPool-1-worker-28) 25.825ms
[147.203s][info][gc          ] Allocation Stall (reactors-io-scheduler-ForkJoinPool-1-worker-32) 25.805ms
[147.203s][info][gc          ] Allocation Stall (reactors-io-scheduler-ForkJoinPool-1-worker-2) 25.822ms
[147.203s][info][gc          ] Allocation Stall (reactors-io-scheduler-ForkJoinPool-1-worker-45) 25.807ms
[147.203s][info][gc          ] Allocation Stall (reactors-io-scheduler-ForkJoinPool-1-worker-20) 25.818ms
[147.203s][info][gc          ] Allocation Stall (reactors-io-scheduler-ForkJoinPool-1-worker-12) 25.854ms
[147.203s][info][gc          ] Allocation Stall (reactors-io-scheduler-ForkJoinPool-1-worker-10) 25.838ms
[147.203s][info][gc          ] Allocation Stall (reactors-io-scheduler-ForkJoinPool-1-worker-29) 25.831ms
[147.203s][info][gc          ] Allocation Stall (reactors-io-scheduler-ForkJoinPool-1-worker-27) 25.801ms
[147.203s][info][gc          ] Allocation Stall (reactors-io-scheduler-ForkJoinPool-1-worker-40) 25.822ms
[147.203s][info][gc          ] Allocation Stall (reactors-io-scheduler-ForkJoinPool-1-worker-5) 25.837ms
[147.203s][info][gc          ] Allocation Stall (reactors-io-scheduler-ForkJoinPool-1-worker-4) 25.839ms
[147.203s][info][gc          ] Allocation Stall (reactors-io-scheduler-ForkJoinPool-1-worker-23) 25.864ms
[147.203s][info][gc          ] Allocation Stall (reactors-io-scheduler-ForkJoinPool-1-worker-17) 25.833ms
[147.203s][info][gc          ] Allocation Stall (reactors-io-scheduler-ForkJoinPool-1-worker-35) 25.856ms
[147.203s][info][gc          ] Allocation Stall (reactors-io-scheduler-ForkJoinPool-1-worker-44) 26.458ms
[147.203s][info][gc          ] Allocation Stall (reactors-io-scheduler-ForkJoinPool-1-worker-16) 25.844ms
[147.203s][info][gc          ] Allocation Stall (reactors-io-scheduler-ForkJoinPool-1-worker-43) 25.863ms
[147.203s][info][gc          ] Allocation Stall (reactors-io-scheduler-ForkJoinPool-1-worker-21) 25.889ms
[147.203s][info][gc          ] Allocation Stall (reactors-io-scheduler-ForkJoinPool-1-worker-47) 26.369ms
[147.203s][info][gc          ] Allocation Stall (reactors-io-scheduler-ForkJoinPool-1-worker-42) 25.859ms
[147.203s][info][gc          ] Allocation Stall (reactors-io-scheduler-ForkJoinPool-1-worker-34) 25.843ms
[147.203s][info][gc          ] Allocation Stall (reactors-io-scheduler-ForkJoinPool-1-worker-1) 25.924ms
[147.203s][info][gc          ] Allocation Stall (reactors-io-scheduler-ForkJoinPool-1-worker-19) 25.914ms
[147.203s][info][gc          ] Allocation Stall (reactors-io-scheduler-ForkJoinPool-1-worker-46) 25.876ms
[147.203s][info][gc          ] Allocation Stall (reactors-io-scheduler-ForkJoinPool-1-worker-38) 25.910ms
[147.203s][info][gc          ] Allocation Stall (reactors-io-scheduler-ForkJoinPool-1-worker-24) 25.883ms
[147.203s][info][gc          ] Allocation Stall (reactors-io-scheduler-ForkJoinPool-1-worker-25) 25.899ms
[147.203s][info][gc          ] Allocation Stall (reactors-io-scheduler-ForkJoinPool-1-worker-22) 25.875ms
[147.203s][info][gc          ] Allocation Stall (reactors-io-scheduler-ForkJoinPool-1-worker-26) 25.860ms
[147.203s][info][gc          ] Allocation Stall (reactors-io-scheduler-ForkJoinPool-1-worker-8) 26.425ms
[147.203s][info][gc          ] Allocation Stall (reactors-io-scheduler-ForkJoinPool-1-worker-6) 25.859ms
[147.203s][info][gc          ] Allocation Stall (reactors-io-scheduler-ForkJoinPool-1-worker-14) 25.916ms
[147.203s][info][gc          ] Allocation Stall (reactors-io-scheduler-ForkJoinPool-1-worker-9) 25.902ms
[147.203s][info][gc          ] Allocation Stall (reactors-io-scheduler-ForkJoinPool-1-worker-13) 25.902ms
[147.203s][info][gc          ] Allocation Stall (reactors-io-scheduler-ForkJoinPool-1-worker-39) 26.435ms
[147.203s][info][gc          ] Allocation Stall (reactors-io-scheduler-ForkJoinPool-1-worker-33) 25.925ms
[147.203s][info][gc          ] Allocation Stall (reactors-io-scheduler-ForkJoinPool-1-worker-41) 25.907ms
[147.203s][info][gc          ] Allocation Stall (reactors-io-scheduler-ForkJoinPool-1-worker-37) 26.239ms
[147.203s][info][gc          ] Allocation Stall (reactors-io-scheduler-ForkJoinPool-1-worker-15) 26.415ms
[147.203s][info][gc          ] Allocation Stall (reactors-io-scheduler-ForkJoinPool-1-worker-3) 25.943ms
[147.203s][info][gc          ] Allocation Stall (reactors-io-scheduler-ForkJoinPool-1-worker-48) 25.900ms
[147.203s][info][gc          ] Allocation Stall (reactors-io-scheduler-ForkJoinPool-1-worker-7) 26.391ms
[147.203s][info][gc          ] Allocation Stall (reactors-io-scheduler-ForkJoinPool-1-worker-36) 25.901ms
[147.203s][info][gc          ] Allocation Stall (reactors-io-scheduler-ForkJoinPool-1-worker-18) 25.885ms
[147.203s][info][gc          ] Allocation Stall (reactors-io-scheduler-ForkJoinPool-1-worker-31) 25.936ms
[147.207s][info][gc,phases   ] GC(250) Concurrent Select Relocation Set 4.214ms
[147.208s][info][gc,phases   ] GC(250) Pause Relocate Start 0.007ms
[147.210s][info][gc,phases   ] GC(250) Concurrent Relocate 2.349ms
[147.210s][info][gc,load     ] GC(250) Load: 0.00/0.00/0.00
[147.210s][info][gc,mmu      ] GC(250) MMU: 2ms/95.8%, 5ms/98.3%, 10ms/99.2%, 20ms/99.6%, 50ms/99.7%, 100ms/99.8%
[147.210s][info][gc,marking  ] GC(250) Mark: 8 stripe(s), 2 proactive flush(es), 1 terminate flush(es), 0 completion(s), 0 continuation(s) 
[147.210s][info][gc,marking  ] GC(250) Mark Stack Usage: 32M
[147.210s][info][gc,nmethod  ] GC(250) NMethods: 861 registered, 23 unregistered
[147.210s][info][gc,metaspace] GC(250) Metaspace: 16M used, 16M committed, 1088M reserved
[147.210s][info][gc,ref      ] GC(250) Soft: 171 encountered, 30 discovered, 1 enqueued
[147.211s][info][gc,ref      ] GC(250) Weak: 986 encountered, 58 discovered, 2 enqueued
[147.211s][info][gc,ref      ] GC(250) Final: 0 encountered, 0 discovered, 0 enqueued
[147.211s][info][gc,ref      ] GC(250) Phantom: 35 encountered, 23 discovered, 0 enqueued
[147.211s][info][gc,reloc    ] GC(250) Small Pages: 512 / 1024M, Empty: 608M, Relocated: 6M, In-Place: 0
[147.211s][info][gc,reloc    ] GC(250) Medium Pages: 0 / 0M, Empty: 0M, Relocated: 0M, In-Place: 0
[147.211s][info][gc,reloc    ] GC(250) Large Pages: 0 / 0M, Empty: 0M, Relocated: 0M, In-Place: 0
[147.211s][info][gc,reloc    ] GC(250) Forwarding Usage: 2M
[147.211s][info][gc,heap     ] GC(250) Min Capacity: 8M(1%)
[147.211s][info][gc,heap     ] GC(250) Max Capacity: 1024M(100%)
[147.211s][info][gc,heap     ] GC(250) Soft Max Capacity: 1024M(100%)
[147.211s][info][gc,heap     ] GC(250)                Mark Start          Mark End        Relocate Start      Relocate End           High               Low         
[147.211s][info][gc,heap     ] GC(250)  Capacity:     1024M (100%)       1024M (100%)       1024M (100%)       1024M (100%)       1024M (100%)       1024M (100%)   
[147.211s][info][gc,heap     ] GC(250)      Free:        0M (0%)            0M (0%)          596M (58%)         964M (94%)         964M (94%)           0M (0%)     
[147.211s][info][gc,heap     ] GC(250)      Used:     1024M (100%)       1024M (100%)        428M (42%)          60M (6%)         1024M (100%)         60M (6%)     
[147.211s][info][gc,heap     ] GC(250)      Live:         -                28M (3%)           28M (3%)           28M (3%)             -                  -          
[147.211s][info][gc,heap     ] GC(250) Allocated:         -                 0M (0%)           12M (1%)           13M (1%)             -                  -          
[147.211s][info][gc,heap     ] GC(250)   Garbage:         -               995M (97%)         387M (38%)          17M (2%)             -                  -          
[147.211s][info][gc,heap     ] GC(250) Reclaimed:         -                  -               608M (59%)         977M (96%)            -                  -          
[147.211s][info][gc          ] GC(250) Garbage Collection (Allocation Stall) 1024M(100%)->60M(6%)
[147.297s][info][gc,start    ] GC(251) Garbage Collection (Allocation Stall)
[147.297s][info][gc,ref      ] GC(251) Clearing All SoftReferences
[147.297s][info][gc,task     ] GC(251) Using 10 workers
[147.298s][info][gc,ref      ] GC(251) Clearing All SoftReferences
[147.298s][info][gc,phases   ] GC(251) Pause Mark Start 0.047ms
[147.391s][info][gc,phases   ] GC(251) Concurrent Mark 79.116ms
[147.391s][info][gc,phases   ] GC(251) Pause Mark End 0.027ms
[147.407s][info][gc,phases   ] GC(251) Concurrent Mark Free 0.002ms
[147.413s][info][gc,phases   ] GC(251) Concurrent Process Non-Strong References 6.789ms
[147.413s][info][gc,phases   ] GC(251) Concurrent Reset Relocation Set 0.028ms
[147.414s][info][gc          ] Allocation Stall (reactors-io-scheduler-ForkJoinPool-1-worker-34) 1.583ms
[147.414s][info][gc          ] Allocation Stall (reactors-io-scheduler-ForkJoinPool-1-worker-11) 0.965ms
[147.414s][info][gc          ] Allocation Stall (reactors-io-scheduler-ForkJoinPool-1-worker-40) 1.615ms
[147.414s][info][gc          ] Allocation Stall (reactors-io-scheduler-ForkJoinPool-1-worker-22) 1.014ms
[147.414s][info][gc          ] Allocation Stall (reactors-io-scheduler-ForkJoinPool-1-worker-7) 1.325ms
[147.414s][info][gc          ] Allocation Stall (reactors-io-scheduler-ForkJoinPool-1-worker-3) 1.281ms
[147.414s][info][gc          ] Allocation Stall (reactors-io-scheduler-ForkJoinPool-1-worker-21) 1.044ms
[147.414s][info][gc          ] Allocation Stall (reactors-io-scheduler-ForkJoinPool-1-worker-36) 1.714ms
[147.414s][info][gc          ] Allocation Stall (reactors-io-scheduler-ForkJoinPool-1-worker-48) 1.148ms
[147.414s][info][gc          ] Allocation Stall (reactors-io-scheduler-ForkJoinPool-1-worker-42) 1.134ms
[147.414s][info][gc          ] Allocation Stall (reactors-io-scheduler-ForkJoinPool-1-worker-14) 2.013ms
[147.414s][info][gc          ] Allocation Stall (reactors-io-scheduler-ForkJoinPool-1-worker-32) 1.852ms
[147.414s][info][gc          ] Allocation Stall (reactors-io-scheduler-ForkJoinPool-1-worker-12) 1.145ms
[147.414s][info][gc          ] Allocation Stall (reactors-io-scheduler-ForkJoinPool-1-worker-33) 1.542ms
[147.414s][info][gc          ] Allocation Stall (reactors-io-scheduler-ForkJoinPool-1-worker-41) 1.069ms
[147.414s][info][gc          ] Allocation Stall (reactors-io-scheduler-ForkJoinPool-1-worker-44) 1.722ms
[147.414s][info][gc          ] Allocation Stall (reactors-io-scheduler-ForkJoinPool-1-worker-10) 1.043ms
[147.414s][info][gc          ] Allocation Stall (reactors-io-scheduler-ForkJoinPool-1-worker-9) 1.359ms
[147.414s][info][gc          ] Allocation Stall (reactors-io-scheduler-ForkJoinPool-1-worker-4) 1.502ms
[147.414s][info][gc          ] Allocation Stall (reactors-io-scheduler-ForkJoinPool-1-worker-17) 1.200ms
[147.414s][info][gc          ] Allocation Stall (reactors-io-scheduler-ForkJoinPool-1-worker-19) 1.961ms
[147.414s][info][gc          ] Allocation Stall (reactors-io-scheduler-ForkJoinPool-1-worker-45) 1.928ms
[147.414s][info][gc          ] Allocation Stall (reactors-io-scheduler-ForkJoinPool-1-worker-27) 1.888ms
[147.414s][info][gc          ] Allocation Stall (reactors-io-scheduler-ForkJoinPool-1-worker-15) 2.043ms
[147.414s][info][gc          ] Allocation Stall (reactors-io-scheduler-ForkJoinPool-1-worker-46) 1.642ms
[147.414s][info][gc          ] Allocation Stall (reactors-io-scheduler-ForkJoinPool-1-worker-23) 1.813ms
[147.414s][info][gc          ] Allocation Stall (reactors-io-scheduler-ForkJoinPool-1-worker-39) 1.303ms
[147.414s][info][gc          ] Allocation Stall (reactors-io-scheduler-ForkJoinPool-1-worker-43) 1.514ms
[147.414s][info][gc          ] Allocation Stall (reactors-io-scheduler-ForkJoinPool-1-worker-18) 1.803ms
[147.414s][info][gc          ] Allocation Stall (reactors-io-scheduler-ForkJoinPool-1-worker-13) 1.785ms
[147.414s][info][gc          ] Allocation Stall (reactors-io-scheduler-ForkJoinPool-1-worker-47) 2.037ms
[147.414s][info][gc          ] Allocation Stall (reactors-io-scheduler-ForkJoinPool-1-worker-16) 1.958ms
[147.414s][info][gc          ] Allocation Stall (reactors-io-scheduler-ForkJoinPool-1-worker-35) 1.458ms
[147.414s][info][gc          ] Allocation Stall (reactors-io-scheduler-ForkJoinPool-1-worker-25) 1.014ms
[147.414s][info][gc          ] Allocation Stall (reactors-io-scheduler-ForkJoinPool-1-worker-2) 1.908ms
[147.414s][info][gc          ] Allocation Stall (reactors-io-scheduler-ForkJoinPool-1-worker-8) 1.984ms
[147.414s][info][gc          ] Allocation Stall (reactors-io-scheduler-ForkJoinPool-1-worker-6) 1.078ms
[147.414s][info][gc          ] Allocation Stall (reactors-io-scheduler-ForkJoinPool-1-worker-29) 1.841ms
[147.414s][info][gc          ] Allocation Stall (reactors-io-scheduler-ForkJoinPool-1-worker-24) 1.934ms
[147.414s][info][gc          ] Allocation Stall (reactors-io-scheduler-ForkJoinPool-1-worker-20) 1.590ms
[147.414s][info][gc          ] Allocation Stall (reactors-io-scheduler-ForkJoinPool-1-worker-30) 1.543ms
[147.414s][info][gc          ] Allocation Stall (reactors-io-scheduler-ForkJoinPool-1-worker-28) 1.519ms
[147.414s][info][gc          ] Allocation Stall (reactors-io-scheduler-ForkJoinPool-1-worker-37) 1.524ms
[147.414s][info][gc          ] Allocation Stall (reactors-io-scheduler-ForkJoinPool-1-worker-1) 1.154ms
[147.414s][info][gc          ] Allocation Stall (reactors-io-scheduler-ForkJoinPool-1-worker-31) 1.283ms
[147.414s][info][gc          ] Allocation Stall (reactors-io-scheduler-ForkJoinPool-1-worker-26) 1.123ms
[147.414s][info][gc          ] Allocation Stall (reactors-io-scheduler-ForkJoinPool-1-worker-38) 1.615ms
[147.414s][info][gc          ] Allocation Stall (reactors-io-scheduler-ForkJoinPool-1-worker-5) 1.213ms
[147.421s][info][gc,phases   ] GC(251) Concurrent Select Relocation Set 7.482ms
[147.421s][info][gc,phases   ] GC(251) Pause Relocate Start 0.010ms
[147.443s][info][gc,phases   ] GC(251) Concurrent Relocate 5.613ms
[147.444s][info][gc,load     ] GC(251) Load: 0.00/0.00/0.00
[147.444s][info][gc,mmu      ] GC(251) MMU: 2ms/95.8%, 5ms/98.3%, 10ms/99.2%, 20ms/99.6%, 50ms/99.7%, 100ms/99.8%
[147.444s][info][gc,marking  ] GC(251) Mark: 8 stripe(s), 3 proactive flush(es), 1 terminate flush(es), 0 completion(s), 0 continuation(s) 
[147.444s][info][gc,marking  ] GC(251) Mark Stack Usage: 32M
[147.444s][info][gc,nmethod  ] GC(251) NMethods: 1093 registered, 31 unregistered
[147.444s][info][gc,metaspace] GC(251) Metaspace: 16M used, 16M committed, 1088M reserved
[147.444s][info][gc,ref      ] GC(251) Soft: 172 encountered, 51 discovered, 1 enqueued
[147.444s][info][gc,ref      ] GC(251) Weak: 986 encountered, 123 discovered, 3 enqueued
[147.444s][info][gc,ref      ] GC(251) Final: 0 encountered, 0 discovered, 0 enqueued
[147.444s][info][gc,ref      ] GC(251) Phantom: 35 encountered, 23 discovered, 0 enqueued
[147.444s][info][gc,reloc    ] GC(251) Small Pages: 224 / 448M, Empty: 196M, Relocated: 6M, In-Place: 0
[147.444s][info][gc,reloc    ] GC(251) Medium Pages: 0 / 0M, Empty: 0M, Relocated: 0M, In-Place: 0
[147.444s][info][gc,reloc    ] GC(251) Large Pages: 0 / 0M, Empty: 0M, Relocated: 0M, In-Place: 0
[147.444s][info][gc,reloc    ] GC(251) Forwarding Usage: 2M
[147.444s][info][gc,heap     ] GC(251) Min Capacity: 8M(1%)
[147.444s][info][gc,heap     ] GC(251) Max Capacity: 1024M(100%)
[147.444s][info][gc,heap     ] GC(251) Soft Max Capacity: 1024M(100%)
[147.444s][info][gc,heap     ] GC(251)                Mark Start          Mark End        Relocate Start      Relocate End           High               Low         
[147.444s][info][gc,heap     ] GC(251)  Capacity:     1024M (100%)       1024M (100%)       1024M (100%)       1024M (100%)       1024M (100%)       1024M (100%)   
[147.444s][info][gc,heap     ] GC(251)      Free:      576M (56%)         100M (10%)         152M (15%)         214M (21%)         576M (56%)           0M (0%)     
[147.444s][info][gc,heap     ] GC(251)      Used:      448M (44%)         924M (90%)         872M (85%)         810M (79%)        1024M (100%)        448M (44%)    
[147.444s][info][gc,heap     ] GC(251)      Live:         -                28M (3%)           28M (3%)           28M (3%)             -                  -          
[147.444s][info][gc,heap     ] GC(251) Allocated:         -               476M (46%)         620M (61%)         763M (75%)            -                  -          
[147.444s][info][gc,heap     ] GC(251)   Garbage:         -               419M (41%)         223M (22%)          17M (2%)             -                  -          
[147.444s][info][gc,heap     ] GC(251) Reclaimed:         -                  -               196M (19%)         401M (39%)            -                  -          
[147.444s][info][gc          ] GC(251) Garbage Collection (Allocation Stall) 448M(44%)->810M(79%)
[147.476s][info][gc,start    ] GC(252) Garbage Collection (Allocation Stall)
[147.476s][info][gc,ref      ] GC(252) Clearing All SoftReferences
[147.476s][info][gc,task     ] GC(252) Using 10 workers
[147.477s][info][gc,ref      ] GC(252) Clearing All SoftReferences
[147.477s][info][gc,phases   ] GC(252) Pause Mark Start 0.054ms
[147.500s][info][gc,phases   ] GC(252) Concurrent Mark 23.461ms
[147.500s][info][gc,phases   ] GC(252) Pause Mark End 0.015ms
[147.500s][info][gc,phases   ] GC(252) Concurrent Mark Free 0.001ms
[147.501s][info][gc,phases   ] GC(252) Concurrent Process Non-Strong References 0.437ms
[147.501s][info][gc,phases   ] GC(252) Concurrent Reset Relocation Set 0.016ms
[147.501s][info][gc          ] Allocation Stall (reactors-io-scheduler-ForkJoinPool-1-worker-13) 24.248ms
[147.501s][info][gc          ] Allocation Stall (reactors-io-scheduler-ForkJoinPool-1-worker-33) 24.275ms
[147.501s][info][gc          ] Allocation Stall (reactors-io-scheduler-ForkJoinPool-1-worker-9) 24.274ms
[147.501s][info][gc          ] Allocation Stall (reactors-io-scheduler-ForkJoinPool-1-worker-24) 24.302ms
[147.501s][info][gc          ] Allocation Stall (reactors-io-scheduler-ForkJoinPool-1-worker-15) 24.264ms
[147.501s][info][gc          ] Allocation Stall (reactors-io-scheduler-ForkJoinPool-1-worker-30) 24.276ms
[147.501s][info][gc          ] Allocation Stall (reactors-io-scheduler-ForkJoinPool-1-worker-32) 24.321ms
[147.501s][info][gc          ] Allocation Stall (reactors-io-scheduler-ForkJoinPool-1-worker-25) 24.299ms
[147.501s][info][gc          ] Allocation Stall (reactors-io-scheduler-ForkJoinPool-1-worker-47) 24.315ms
[147.501s][info][gc          ] Allocation Stall (reactors-io-scheduler-ForkJoinPool-1-worker-36) 24.290ms
[147.501s][info][gc          ] Allocation Stall (reactors-io-scheduler-ForkJoinPool-1-worker-18) 24.330ms
[147.501s][info][gc          ] Allocation Stall (reactors-io-scheduler-ForkJoinPool-1-worker-46) 24.310ms
[147.501s][info][gc          ] Allocation Stall (reactors-io-scheduler-ForkJoinPool-1-worker-43) 24.334ms
[147.501s][info][gc          ] Allocation Stall (reactors-io-scheduler-ForkJoinPool-1-worker-19) 24.296ms
[147.501s][info][gc          ] Allocation Stall (reactors-io-scheduler-ForkJoinPool-1-worker-22) 24.314ms
[147.501s][info][gc          ] Allocation Stall (reactors-io-scheduler-ForkJoinPool-1-worker-17) 24.361ms
[147.501s][info][gc          ] Allocation Stall (reactors-io-scheduler-ForkJoinPool-1-worker-1) 24.317ms
[147.501s][info][gc          ] Allocation Stall (reactors-io-scheduler-ForkJoinPool-1-worker-21) 24.855ms
[147.501s][info][gc          ] Allocation Stall (reactors-io-scheduler-ForkJoinPool-1-worker-6) 24.339ms
[147.501s][info][gc          ] Allocation Stall (reactors-io-scheduler-ForkJoinPool-1-worker-12) 24.372ms
[147.501s][info][gc          ] Allocation Stall (reactors-io-scheduler-ForkJoinPool-1-worker-44) 24.352ms
[147.501s][info][gc          ] Allocation Stall (reactors-io-scheduler-ForkJoinPool-1-worker-48) 24.698ms
[147.501s][info][gc          ] Allocation Stall (reactors-io-scheduler-ForkJoinPool-1-worker-8) 24.358ms
[147.501s][info][gc          ] Allocation Stall (reactors-io-scheduler-ForkJoinPool-1-worker-29) 24.360ms
[147.501s][info][gc          ] Allocation Stall (reactors-io-scheduler-ForkJoinPool-1-worker-14) 24.414ms
[147.501s][info][gc          ] Allocation Stall (reactors-io-scheduler-ForkJoinPool-1-worker-38) 24.370ms
[147.501s][info][gc          ] Allocation Stall (reactors-io-scheduler-ForkJoinPool-1-worker-4) 24.346ms
[147.501s][info][gc          ] Allocation Stall (reactors-io-scheduler-ForkJoinPool-1-worker-39) 24.398ms
[147.501s][info][gc          ] Allocation Stall (reactors-io-scheduler-ForkJoinPool-1-worker-3) 24.397ms
[147.501s][info][gc          ] Allocation Stall (reactors-io-scheduler-ForkJoinPool-1-worker-42) 24.413ms
[147.501s][info][gc          ] Allocation Stall (reactors-io-scheduler-ForkJoinPool-1-worker-10) 24.408ms
[147.501s][info][gc          ] Allocation Stall (reactors-io-scheduler-ForkJoinPool-1-worker-28) 24.398ms
[147.501s][info][gc          ] Allocation Stall (reactors-io-scheduler-ForkJoinPool-1-worker-26) 24.391ms
[147.501s][info][gc          ] Allocation Stall (reactors-io-scheduler-ForkJoinPool-1-worker-41) 24.425ms
[147.501s][info][gc          ] Allocation Stall (reactors-io-scheduler-ForkJoinPool-1-worker-45) 25.020ms
[147.501s][info][gc          ] Allocation Stall (reactors-io-scheduler-ForkJoinPool-1-worker-7) 24.728ms
[147.501s][info][gc          ] Allocation Stall (reactors-io-scheduler-ForkJoinPool-1-worker-34) 24.793ms
[147.501s][info][gc          ] Allocation Stall (reactors-io-scheduler-ForkJoinPool-1-worker-35) 24.469ms
[147.501s][info][gc          ] Allocation Stall (reactors-io-scheduler-ForkJoinPool-1-worker-27) 24.402ms
[147.501s][info][gc          ] Allocation Stall (reactors-io-scheduler-ForkJoinPool-1-worker-5) 24.453ms
[147.501s][info][gc          ] Allocation Stall (reactors-io-scheduler-ForkJoinPool-1-worker-31) 24.436ms
[147.501s][info][gc          ] Allocation Stall (reactors-io-scheduler-ForkJoinPool-1-worker-11) 25.021ms
[147.501s][info][gc          ] Allocation Stall (reactors-io-scheduler-ForkJoinPool-1-worker-37) 24.429ms
[147.501s][info][gc          ] Allocation Stall (reactors-io-scheduler-ForkJoinPool-1-worker-23) 24.436ms
[147.501s][info][gc          ] Allocation Stall (reactors-io-scheduler-ForkJoinPool-1-worker-20) 24.453ms
[147.501s][info][gc          ] Allocation Stall (reactors-io-scheduler-ForkJoinPool-1-worker-2) 24.774ms
[147.501s][info][gc          ] Allocation Stall (reactors-io-scheduler-ForkJoinPool-1-worker-16) 24.439ms
[147.501s][info][gc          ] Allocation Stall (reactors-io-scheduler-ForkJoinPool-1-worker-40) 24.454ms
[147.505s][info][gc,phases   ] GC(252) Concurrent Select Relocation Set 4.307ms
[147.509s][info][gc,phases   ] GC(252) Pause Relocate Start 0.007ms
[147.512s][info][gc,phases   ] GC(252) Concurrent Relocate 2.961ms
[147.512s][info][gc,load     ] GC(252) Load: 0.00/0.00/0.00
[147.512s][info][gc,mmu      ] GC(252) MMU: 2ms/95.8%, 5ms/98.3%, 10ms/99.2%, 20ms/99.6%, 50ms/99.7%, 100ms/99.8%
[147.512s][info][gc,marking  ] GC(252) Mark: 8 stripe(s), 3 proactive flush(es), 1 terminate flush(es), 0 completion(s), 0 continuation(s) 
[147.512s][info][gc,marking  ] GC(252) Mark Stack Usage: 32M
[147.512s][info][gc,nmethod  ] GC(252) NMethods: 1127 registered, 31 unregistered
[147.512s][info][gc,metaspace] GC(252) Metaspace: 16M used, 16M committed, 1088M reserved
[147.513s][info][gc,ref      ] GC(252) Soft: 171 encountered, 42 discovered, 1 enqueued
[147.513s][info][gc,ref      ] GC(252) Weak: 983 encountered, 44 discovered, 1 enqueued
[147.513s][info][gc,ref      ] GC(252) Final: 0 encountered, 0 discovered, 0 enqueued
[147.513s][info][gc,ref      ] GC(252) Phantom: 35 encountered, 23 discovered, 0 enqueued
[147.513s][info][gc,reloc    ] GC(252) Small Pages: 512 / 1024M, Empty: 764M, Relocated: 6M, In-Place: 0
[147.513s][info][gc,reloc    ] GC(252) Medium Pages: 0 / 0M, Empty: 0M, Relocated: 0M, In-Place: 0
[147.513s][info][gc,reloc    ] GC(252) Large Pages: 0 / 0M, Empty: 0M, Relocated: 0M, In-Place: 0
[147.513s][info][gc,reloc    ] GC(252) Forwarding Usage: 1M
[147.513s][info][gc,heap     ] GC(252) Min Capacity: 8M(1%)
[147.513s][info][gc,heap     ] GC(252) Max Capacity: 1024M(100%)
[147.513s][info][gc,heap     ] GC(252) Soft Max Capacity: 1024M(100%)
[147.513s][info][gc,heap     ] GC(252)                Mark Start          Mark End        Relocate Start      Relocate End           High               Low         
[147.513s][info][gc,heap     ] GC(252)  Capacity:     1024M (100%)       1024M (100%)       1024M (100%)       1024M (100%)       1024M (100%)       1024M (100%)   
[147.513s][info][gc,heap     ] GC(252)      Free:        0M (0%)            0M (0%)          752M (73%)         964M (94%)         964M (94%)           0M (0%)     
[147.513s][info][gc,heap     ] GC(252)      Used:     1024M (100%)       1024M (100%)        272M (27%)          60M (6%)         1024M (100%)         60M (6%)     
[147.513s][info][gc,heap     ] GC(252)      Live:         -                28M (3%)           28M (3%)           28M (3%)             -                  -          
[147.513s][info][gc,heap     ] GC(252) Allocated:         -                 0M (0%)           12M (1%)           13M (1%)             -                  -          
[147.513s][info][gc,heap     ] GC(252)   Garbage:         -               995M (97%)         231M (23%)          17M (2%)             -                  -          
[147.513s][info][gc,heap     ] GC(252) Reclaimed:         -                  -               764M (75%)         977M (96%)            -                  -          
[147.513s][info][gc          ] GC(252) Garbage Collection (Allocation Stall) 1024M(100%)->60M(6%)
[147.597s][info][gc,start    ] GC(253) Garbage Collection (Allocation Stall)
[147.597s][info][gc,ref      ] GC(253) Clearing All SoftReferences
[147.597s][info][gc,task     ] GC(253) Using 10 workers
[147.597s][info][gc,ref      ] GC(253) Clearing All SoftReferences
[147.597s][info][gc,phases   ] GC(253) Pause Mark Start 0.055ms
[147.628s][info][gc,phases   ] GC(253) Concurrent Mark 30.934ms
[147.628s][info][gc,phases   ] GC(253) Pause Mark End 0.021ms
[147.628s][info][gc,phases   ] GC(253) Concurrent Mark Free 0.001ms
[147.632s][info][gc,phases   ] GC(253) Concurrent Process Non-Strong References 4.428ms
[147.633s][info][gc,phases   ] GC(253) Concurrent Reset Relocation Set 0.025ms
[147.639s][info][gc,phases   ] GC(253) Concurrent Select Relocation Set 6.450ms
[147.639s][info][gc,phases   ] GC(253) Pause Relocate Start 0.009ms
[147.644s][info][gc,phases   ] GC(253) Concurrent Relocate 4.708ms
[147.644s][info][gc,load     ] GC(253) Load: 0.00/0.00/0.00
[147.644s][info][gc,mmu      ] GC(253) MMU: 2ms/95.8%, 5ms/98.3%, 10ms/99.2%, 20ms/99.6%, 50ms/99.7%, 100ms/99.8%
[147.644s][info][gc,marking  ] GC(253) Mark: 8 stripe(s), 2 proactive flush(es), 1 terminate flush(es), 0 completion(s), 0 continuation(s) 
[147.644s][info][gc,marking  ] GC(253) Mark Stack Usage: 32M
[147.644s][info][gc,nmethod  ] GC(253) NMethods: 1219 registered, 38 unregistered
[147.644s][info][gc,metaspace] GC(253) Metaspace: 16M used, 16M committed, 1088M reserved
[147.644s][info][gc,ref      ] GC(253) Soft: 172 encountered, 55 discovered, 1 enqueued
[147.644s][info][gc,ref      ] GC(253) Weak: 984 encountered, 63 discovered, 0 enqueued
[147.644s][info][gc,ref      ] GC(253) Final: 0 encountered, 0 discovered, 0 enqueued
[147.644s][info][gc,ref      ] GC(253) Phantom: 35 encountered, 29 discovered, 0 enqueued
[147.644s][info][gc,reloc    ] GC(253) Small Pages: 253 / 506M, Empty: 408M, Relocated: 10M, In-Place: 0
[147.644s][info][gc,reloc    ] GC(253) Medium Pages: 1 / 32M, Empty: 0M, Relocated: 0M, In-Place: 0
[147.644s][info][gc,reloc    ] GC(253) Large Pages: 0 / 0M, Empty: 0M, Relocated: 0M, In-Place: 0
[147.644s][info][gc,reloc    ] GC(253) Forwarding Usage: 3M
[147.644s][info][gc,heap     ] GC(253) Min Capacity: 8M(1%)
[147.644s][info][gc,heap     ] GC(253) Max Capacity: 1024M(100%)
[147.644s][info][gc,heap     ] GC(253) Soft Max Capacity: 1024M(100%)
[147.644s][info][gc,heap     ] GC(253)                Mark Start          Mark End        Relocate Start      Relocate End           High               Low         
[147.645s][info][gc,heap     ] GC(253)  Capacity:     1024M (100%)       1024M (100%)       1024M (100%)       1024M (100%)       1024M (100%)       1024M (100%)   
[147.645s][info][gc,heap     ] GC(253)      Free:      486M (47%)         440M (43%)         832M (81%)         856M (84%)         856M (84%)         434M (42%)    
[147.645s][info][gc,heap     ] GC(253)      Used:      538M (53%)         584M (57%)         192M (19%)         168M (16%)         590M (58%)         168M (16%)    
[147.645s][info][gc,heap     ] GC(253)      Live:         -                51M (5%)           51M (5%)           51M (5%)             -                  -          
[147.645s][info][gc,heap     ] GC(253) Allocated:         -                46M (4%)           62M (6%)           65M (6%)             -                  -          
[147.645s][info][gc,heap     ] GC(253)   Garbage:         -               486M (47%)          78M (8%)           50M (5%)             -                  -          
[147.645s][info][gc,heap     ] GC(253) Reclaimed:         -                  -               408M (40%)         435M (43%)            -                  -          
[147.645s][info][gc          ] GC(253) Garbage Collection (Allocation Stall) 538M(53%)->168M(16%)
[147.706s][info][gc,start    ] GC(254) Garbage Collection (Allocation Rate)
[147.706s][info][gc,task     ] GC(254) Using 10 workers
[147.706s][info][gc,phases   ] GC(254) Pause Mark Start 0.017ms
[147.768s][info][gc,phases   ] GC(254) Concurrent Mark 62.056ms
[147.768s][info][gc,phases   ] GC(254) Pause Mark End 0.019ms
[147.788s][info][gc,phases   ] GC(254) Concurrent Mark Free 0.001ms
[147.788s][info][gc,phases   ] GC(254) Concurrent Process Non-Strong References 0.794ms
[147.788s][info][gc,phases   ] GC(254) Concurrent Reset Relocation Set 0.004ms
[147.802s][info][gc,phases   ] GC(254) Concurrent Select Relocation Set 13.352ms
[147.802s][info][gc,phases   ] GC(254) Pause Relocate Start 0.011ms
[147.820s][info][gc,phases   ] GC(254) Concurrent Relocate 17.767ms
[147.820s][info][gc,load     ] GC(254) Load: 0.00/0.00/0.00
[147.820s][info][gc,mmu      ] GC(254) MMU: 2ms/95.8%, 5ms/98.3%, 10ms/99.2%, 20ms/99.6%, 50ms/99.7%, 100ms/99.8%
[147.820s][info][gc,marking  ] GC(254) Mark: 8 stripe(s), 2 proactive flush(es), 1 terminate flush(es), 0 completion(s), 0 continuation(s) 
[147.820s][info][gc,marking  ] GC(254) Mark Stack Usage: 32M
[147.820s][info][gc,nmethod  ] GC(254) NMethods: 1216 registered, 41 unregistered
[147.820s][info][gc,metaspace] GC(254) Metaspace: 16M used, 16M committed, 1088M reserved
[147.820s][info][gc,ref      ] GC(254) Soft: 171 encountered, 0 discovered, 0 enqueued
[147.820s][info][gc,ref      ] GC(254) Weak: 984 encountered, 74 discovered, 0 enqueued
[147.820s][info][gc,ref      ] GC(254) Final: 0 encountered, 0 discovered, 0 enqueued
[147.820s][info][gc,ref      ] GC(254) Phantom: 35 encountered, 23 discovered, 0 enqueued
[147.820s][info][gc,reloc    ] GC(254) Small Pages: 107 / 214M, Empty: 0M, Relocated: 45M, In-Place: 0
[147.820s][info][gc,reloc    ] GC(254) Medium Pages: 1 / 32M, Empty: 0M, Relocated: 0M, In-Place: 0
[147.820s][info][gc,reloc    ] GC(254) Large Pages: 0 / 0M, Empty: 0M, Relocated: 0M, In-Place: 0
[147.820s][info][gc,reloc    ] GC(254) Forwarding Usage: 19M
[147.820s][info][gc,heap     ] GC(254) Min Capacity: 8M(1%)
[147.820s][info][gc,heap     ] GC(254) Max Capacity: 1024M(100%)
[147.820s][info][gc,heap     ] GC(254) Soft Max Capacity: 1024M(100%)
[147.820s][info][gc,heap     ] GC(254)                Mark Start          Mark End        Relocate Start      Relocate End           High               Low         
[147.820s][info][gc,heap     ] GC(254)  Capacity:     1024M (100%)       1024M (100%)       1024M (100%)       1024M (100%)       1024M (100%)       1024M (100%)   
[147.820s][info][gc,heap     ] GC(254)      Free:      778M (76%)         712M (70%)         700M (68%)         716M (70%)         778M (76%)         680M (66%)    
[147.820s][info][gc,heap     ] GC(254)      Used:      246M (24%)         312M (30%)         324M (32%)         308M (30%)         344M (34%)         246M (24%)    
[147.820s][info][gc,heap     ] GC(254)      Live:         -               138M (14%)         138M (14%)         138M (14%)            -                  -          
[147.820s][info][gc,heap     ] GC(254) Allocated:         -                66M (6%)           78M (8%)           93M (9%)             -                  -          
[147.820s][info][gc,heap     ] GC(254)   Garbage:         -               107M (11%)         107M (11%)          75M (7%)             -                  -          
[147.820s][info][gc,heap     ] GC(254) Reclaimed:         -                  -                 0M (0%)           31M (3%)             -                  -          
[147.820s][info][gc          ] GC(254) Garbage Collection (Allocation Rate) 246M(24%)->308M(30%)
[147.909s][info][gc,start    ] GC(255) Garbage Collection (Allocation Rate)
[147.909s][info][gc,task     ] GC(255) Using 10 workers
[147.909s][info][gc,phases   ] GC(255) Pause Mark Start 0.017ms
[148.003s][info][gc,phases   ] GC(255) Concurrent Mark 93.301ms
[148.003s][info][gc,phases   ] GC(255) Pause Mark End 0.014ms
[148.003s][info][gc,phases   ] GC(255) Concurrent Mark Free 0.001ms
[148.003s][info][gc,phases   ] GC(255) Concurrent Process Non-Strong References 0.427ms
[148.003s][info][gc,phases   ] GC(255) Concurrent Reset Relocation Set 0.005ms
[148.027s][info][gc,phases   ] GC(255) Concurrent Select Relocation Set 23.690ms
[148.027s][info][gc,phases   ] GC(255) Pause Relocate Start 0.008ms
[148.055s][info][gc,phases   ] GC(255) Concurrent Relocate 27.869ms
[148.055s][info][gc,load     ] GC(255) Load: 0.00/0.00/0.00
[148.055s][info][gc,mmu      ] GC(255) MMU: 2ms/95.8%, 5ms/98.3%, 10ms/99.2%, 20ms/99.6%, 50ms/99.7%, 100ms/99.8%
[148.055s][info][gc,marking  ] GC(255) Mark: 8 stripe(s), 2 proactive flush(es), 2 terminate flush(es), 0 completion(s), 0 continuation(s) 
[148.055s][info][gc,marking  ] GC(255) Mark Stack Usage: 32M
[148.055s][info][gc,nmethod  ] GC(255) NMethods: 1216 registered, 41 unregistered
[148.055s][info][gc,metaspace] GC(255) Metaspace: 16M used, 16M committed, 1088M reserved
[148.055s][info][gc,ref      ] GC(255) Soft: 171 encountered, 0 discovered, 0 enqueued
[148.055s][info][gc,ref      ] GC(255) Weak: 984 encountered, 88 discovered, 0 enqueued
[148.055s][info][gc,ref      ] GC(255) Final: 0 encountered, 0 discovered, 0 enqueued
[148.055s][info][gc,ref      ] GC(255) Phantom: 35 encountered, 23 discovered, 0 enqueued
[148.055s][info][gc,reloc    ] GC(255) Small Pages: 191 / 382M, Empty: 0M, Relocated: 96M, In-Place: 0
[148.055s][info][gc,reloc    ] GC(255) Medium Pages: 1 / 32M, Empty: 0M, Relocated: 0M, In-Place: 0
[148.055s][info][gc,reloc    ] GC(255) Large Pages: 0 / 0M, Empty: 0M, Relocated: 0M, In-Place: 0
[148.055s][info][gc,reloc    ] GC(255) Forwarding Usage: 39M
[148.055s][info][gc,heap     ] GC(255) Min Capacity: 8M(1%)
[148.055s][info][gc,heap     ] GC(255) Max Capacity: 1024M(100%)
[148.055s][info][gc,heap     ] GC(255) Soft Max Capacity: 1024M(100%)
[148.055s][info][gc,heap     ] GC(255)                Mark Start          Mark End        Relocate Start      Relocate End           High               Low         
[148.055s][info][gc,heap     ] GC(255)  Capacity:     1024M (100%)       1024M (100%)       1024M (100%)       1024M (100%)       1024M (100%)       1024M (100%)   
[148.055s][info][gc,heap     ] GC(255)      Free:      610M (60%)         520M (51%)         506M (49%)         542M (53%)         610M (60%)         486M (47%)    
[148.055s][info][gc,heap     ] GC(255)      Used:      414M (40%)         504M (49%)         518M (51%)         482M (47%)         538M (53%)         414M (40%)    
[148.055s][info][gc,heap     ] GC(255)      Live:         -               262M (26%)         262M (26%)         262M (26%)            -                  -          
[148.055s][info][gc,heap     ] GC(255) Allocated:         -                90M (9%)          104M (10%)         125M (12%)            -                  -          
[148.055s][info][gc,heap     ] GC(255)   Garbage:         -               151M (15%)         151M (15%)          93M (9%)             -                  -          
[148.056s][info][gc,heap     ] GC(255) Reclaimed:         -                  -                 0M (0%)           57M (6%)             -                  -          
[148.056s][info][gc          ] GC(255) Garbage Collection (Allocation Rate) 414M(40%)->482M(47%)
[148.096s][info][gc,start    ] GC(256) Garbage Collection (Allocation Rate)
[148.097s][info][gc,task     ] GC(256) Using 10 workers
[148.097s][info][gc,phases   ] GC(256) Pause Mark Start 0.015ms
[148.253s][info][gc,phases   ] GC(256) Concurrent Mark 155.833ms
[148.253s][info][gc,phases   ] GC(256) Pause Mark End 0.021ms
[148.253s][info][gc,phases   ] GC(256) Concurrent Mark Free 0.001ms
[148.253s][info][gc,phases   ] GC(256) Concurrent Process Non-Strong References 0.542ms
[148.253s][info][gc,phases   ] GC(256) Concurrent Reset Relocation Set 0.008ms
[148.259s][info][gc,phases   ] GC(256) Concurrent Select Relocation Set 5.886ms
[148.260s][info][gc,phases   ] GC(256) Pause Relocate Start 0.011ms
[148.273s][info][gc,phases   ] GC(256) Concurrent Relocate 13.867ms
[148.274s][info][gc,load     ] GC(256) Load: 0.00/0.00/0.00
[148.274s][info][gc,mmu      ] GC(256) MMU: 2ms/95.8%, 5ms/98.3%, 10ms/99.2%, 20ms/99.6%, 50ms/99.7%, 100ms/99.8%
[148.274s][info][gc,marking  ] GC(256) Mark: 8 stripe(s), 2 proactive flush(es), 1 terminate flush(es), 0 completion(s), 0 continuation(s) 
[148.274s][info][gc,marking  ] GC(256) Mark Stack Usage: 32M
[148.274s][info][gc,nmethod  ] GC(256) NMethods: 1216 registered, 41 unregistered
[148.274s][info][gc,metaspace] GC(256) Metaspace: 16M used, 16M committed, 1088M reserved
[148.274s][info][gc,ref      ] GC(256) Soft: 171 encountered, 0 discovered, 0 enqueued
[148.274s][info][gc,ref      ] GC(256) Weak: 984 encountered, 70 discovered, 0 enqueued
[148.274s][info][gc,ref      ] GC(256) Final: 0 encountered, 0 discovered, 0 enqueued
[148.274s][info][gc,ref      ] GC(256) Phantom: 35 encountered, 21 discovered, 0 enqueued
[148.274s][info][gc,reloc    ] GC(256) Small Pages: 248 / 496M, Empty: 0M, Relocated: 36M, In-Place: 0
[148.274s][info][gc,reloc    ] GC(256) Medium Pages: 1 / 32M, Empty: 0M, Relocated: 0M, In-Place: 0
[148.274s][info][gc,reloc    ] GC(256) Large Pages: 0 / 0M, Empty: 0M, Relocated: 0M, In-Place: 0
[148.274s][info][gc,reloc    ] GC(256) Forwarding Usage: 15M
[148.274s][info][gc,heap     ] GC(256) Min Capacity: 8M(1%)
[148.274s][info][gc,heap     ] GC(256) Max Capacity: 1024M(100%)
[148.274s][info][gc,heap     ] GC(256) Soft Max Capacity: 1024M(100%)
[148.274s][info][gc,heap     ] GC(256)                Mark Start          Mark End        Relocate Start      Relocate End           High               Low         
[148.274s][info][gc,heap     ] GC(256)  Capacity:     1024M (100%)       1024M (100%)       1024M (100%)       1024M (100%)       1024M (100%)       1024M (100%)   
[148.274s][info][gc,heap     ] GC(256)      Free:      496M (48%)         340M (33%)         332M (32%)         346M (34%)         496M (48%)         312M (30%)    
[148.274s][info][gc,heap     ] GC(256)      Used:      528M (52%)         684M (67%)         692M (68%)         678M (66%)         712M (70%)         528M (52%)    
[148.274s][info][gc,heap     ] GC(256)      Live:         -               371M (36%)         371M (36%)         371M (36%)            -                  -          
[148.274s][info][gc,heap     ] GC(256) Allocated:         -               156M (15%)         164M (16%)         177M (17%)            -                  -          
[148.274s][info][gc,heap     ] GC(256)   Garbage:         -               156M (15%)         156M (15%)         128M (13%)            -                  -          
[148.274s][info][gc,heap     ] GC(256) Reclaimed:         -                  -                 0M (0%)           27M (3%)             -                  -          
[148.274s][info][gc          ] GC(256) Garbage Collection (Allocation Rate) 528M(52%)->678M(66%)
[148.299s][info][gc,start    ] GC(257) Garbage Collection (Allocation Rate)
[148.300s][info][gc,task     ] GC(257) Using 10 workers
[148.300s][info][gc,phases   ] GC(257) Pause Mark Start 0.017ms
[148.471s][info][gc,phases   ] GC(257) Concurrent Mark 171.408ms
[148.471s][info][gc,phases   ] GC(257) Pause Mark End 0.027ms
[148.472s][info][gc,phases   ] GC(257) Concurrent Mark Free 0.001ms
[148.472s][info][gc,phases   ] GC(257) Concurrent Process Non-Strong References 0.563ms
[148.472s][info][gc,phases   ] GC(257) Concurrent Reset Relocation Set 0.007ms
[148.504s][info][gc,phases   ] GC(257) Concurrent Select Relocation Set 31.947ms
[148.504s][info][gc,phases   ] GC(257) Pause Relocate Start 0.010ms
[148.530s][info][gc,phases   ] GC(257) Concurrent Relocate 25.994ms
[148.531s][info][gc,load     ] GC(257) Load: 0.00/0.00/0.00
[148.531s][info][gc,mmu      ] GC(257) MMU: 2ms/95.8%, 5ms/98.3%, 10ms/99.2%, 20ms/99.6%, 50ms/99.7%, 100ms/99.8%
[148.531s][info][gc,marking  ] GC(257) Mark: 8 stripe(s), 2 proactive flush(es), 2 terminate flush(es), 0 completion(s), 0 continuation(s) 
[148.531s][info][gc,marking  ] GC(257) Mark Stack Usage: 32M
[148.531s][info][gc,nmethod  ] GC(257) NMethods: 1224 registered, 41 unregistered
[148.531s][info][gc,metaspace] GC(257) Metaspace: 16M used, 16M committed, 1088M reserved
[148.531s][info][gc,ref      ] GC(257) Soft: 171 encountered, 0 discovered, 0 enqueued
[148.531s][info][gc,ref      ] GC(257) Weak: 984 encountered, 123 discovered, 0 enqueued
[148.531s][info][gc,ref      ] GC(257) Final: 0 encountered, 0 discovered, 0 enqueued
[148.531s][info][gc,ref      ] GC(257) Phantom: 35 encountered, 23 discovered, 0 enqueued
[148.531s][info][gc,reloc    ] GC(257) Small Pages: 338 / 676M, Empty: 0M, Relocated: 68M, In-Place: 0
[148.531s][info][gc,reloc    ] GC(257) Medium Pages: 1 / 32M, Empty: 0M, Relocated: 0M, In-Place: 0
[148.531s][info][gc,reloc    ] GC(257) Large Pages: 0 / 0M, Empty: 0M, Relocated: 0M, In-Place: 0
[148.531s][info][gc,reloc    ] GC(257) Forwarding Usage: 28M
[148.531s][info][gc,heap     ] GC(257) Min Capacity: 8M(1%)
[148.531s][info][gc,heap     ] GC(257) Max Capacity: 1024M(100%)
[148.531s][info][gc,heap     ] GC(257) Soft Max Capacity: 1024M(100%)
[148.531s][info][gc,heap     ] GC(257)                Mark Start          Mark End        Relocate Start      Relocate End           High               Low         
[148.531s][info][gc,heap     ] GC(257)  Capacity:     1024M (100%)       1024M (100%)       1024M (100%)       1024M (100%)       1024M (100%)       1024M (100%)   
[148.531s][info][gc,heap     ] GC(257)      Free:      316M (31%)         150M (15%)          92M (9%)          138M (13%)         316M (31%)          72M (7%)     
[148.531s][info][gc,heap     ] GC(257)      Used:      708M (69%)         874M (85%)         932M (91%)         886M (87%)         952M (93%)         708M (69%)    
[148.531s][info][gc,heap     ] GC(257)      Live:         -               502M (49%)         502M (49%)         502M (49%)            -                  -          
[148.531s][info][gc,heap     ] GC(257) Allocated:         -               166M (16%)         224M (22%)         223M (22%)            -                  -          
[148.531s][info][gc,heap     ] GC(257)   Garbage:         -               205M (20%)         205M (20%)         159M (16%)            -                  -          
[148.531s][info][gc,heap     ] GC(257) Reclaimed:         -                  -                 0M (0%)           45M (4%)             -                  -          
[148.531s][info][gc          ] GC(257) Garbage Collection (Allocation Rate) 708M(69%)->886M(87%)
[148.596s][info][gc,start    ] GC(258) Garbage Collection (Allocation Rate)
[148.596s][info][gc,task     ] GC(258) Using 10 workers
[148.596s][info][gc,phases   ] GC(258) Pause Mark Start 0.016ms
[148.815s][info][gc,phases   ] GC(258) Concurrent Mark 218.390ms
[148.815s][info][gc,phases   ] GC(258) Pause Mark End 0.019ms
[148.815s][info][gc,phases   ] GC(258) Concurrent Mark Free 0.001ms
[148.816s][info][gc,phases   ] GC(258) Concurrent Process Non-Strong References 0.682ms
[148.816s][info][gc,phases   ] GC(258) Concurrent Reset Relocation Set 0.020ms
[148.857s][info][gc,phases   ] GC(258) Concurrent Select Relocation Set 41.404ms
[148.858s][info][gc,phases   ] GC(258) Pause Relocate Start 0.012ms
[148.858s][info][gc          ] Relocation Stall (main) 0.014ms
[148.859s][info][gc          ] Relocation Stall (main) 1.552ms
[148.883s][info][gc,phases   ] GC(258) Concurrent Relocate 24.784ms
[148.883s][info][gc,load     ] GC(258) Load: 0.00/0.00/0.00
[148.883s][info][gc,mmu      ] GC(258) MMU: 2ms/95.8%, 5ms/98.3%, 10ms/99.2%, 20ms/99.6%, 50ms/99.7%, 100ms/99.8%
[148.883s][info][gc,marking  ] GC(258) Mark: 8 stripe(s), 3 proactive flush(es), 1 terminate flush(es), 0 completion(s), 0 continuation(s) 
[148.883s][info][gc,marking  ] GC(258) Mark Stack Usage: 32M
[148.883s][info][gc,nmethod  ] GC(258) NMethods: 1243 registered, 43 unregistered
[148.883s][info][gc,metaspace] GC(258) Metaspace: 16M used, 16M committed, 1088M reserved
[148.883s][info][gc,ref      ] GC(258) Soft: 171 encountered, 57 discovered, 0 enqueued
[148.883s][info][gc,ref      ] GC(258) Weak: 987 encountered, 96 discovered, 3 enqueued
[148.883s][info][gc,ref      ] GC(258) Final: 0 encountered, 0 discovered, 0 enqueued
[148.883s][info][gc,ref      ] GC(258) Phantom: 35 encountered, 20 discovered, 0 enqueued
[148.883s][info][gc,reloc    ] GC(258) Small Pages: 423 / 846M, Empty: 0M, Relocated: 78M, In-Place: 0
[148.883s][info][gc,reloc    ] GC(258) Medium Pages: 2 / 64M, Empty: 0M, Relocated: 3M, In-Place: 1
[148.883s][info][gc,reloc    ] GC(258) Large Pages: 0 / 0M, Empty: 0M, Relocated: 0M, In-Place: 0
[148.883s][info][gc,reloc    ] GC(258) Forwarding Usage: 34M
[148.883s][info][gc,heap     ] GC(258) Min Capacity: 8M(1%)
[148.883s][info][gc,heap     ] GC(258) Max Capacity: 1024M(100%)
[148.883s][info][gc,heap     ] GC(258) Soft Max Capacity: 1024M(100%)
[148.883s][info][gc,heap     ] GC(258)                Mark Start          Mark End        Relocate Start      Relocate End           High               Low         
[148.883s][info][gc,heap     ] GC(258)  Capacity:     1024M (100%)       1024M (100%)       1024M (100%)       1024M (100%)       1024M (100%)       1024M (100%)   
[148.883s][info][gc,heap     ] GC(258)      Free:      114M (11%)          46M (4%)           24M (2%)          116M (11%)         116M (11%)           6M (1%)     
[148.883s][info][gc,heap     ] GC(258)      Used:      910M (89%)         978M (96%)        1000M (98%)         908M (89%)        1018M (99%)         908M (89%)    
[148.883s][info][gc,heap     ] GC(258)      Live:         -               613M (60%)         613M (60%)         613M (60%)            -                  -          
[148.883s][info][gc,heap     ] GC(258) Allocated:         -                68M (7%)           90M (9%)           95M (9%)             -                  -          
[148.883s][info][gc,heap     ] GC(258)   Garbage:         -               296M (29%)         296M (29%)         198M (19%)            -                  -          
[148.883s][info][gc,heap     ] GC(258) Reclaimed:         -                  -                 0M (0%)           97M (10%)            -                  -          
[148.883s][info][gc          ] GC(258) Garbage Collection (Allocation Rate) 910M(89%)->908M(89%)
[148.909s][info][gc,start    ] GC(259) Garbage Collection (Allocation Rate)
[148.909s][info][gc,task     ] GC(259) Using 10 workers
[148.909s][info][gc,phases   ] GC(259) Pause Mark Start 0.011ms
[149.097s][info][gc,phases   ] GC(259) Concurrent Mark 188.066ms
[149.097s][info][gc,phases   ] GC(259) Pause Mark End 0.018ms
[149.097s][info][gc,phases   ] GC(259) Concurrent Mark Free 0.001ms
[149.098s][info][gc,phases   ] GC(259) Concurrent Process Non-Strong References 1.043ms
[149.098s][info][gc,phases   ] GC(259) Concurrent Reset Relocation Set 0.017ms
[149.154s][info][gc,phases   ] GC(259) Concurrent Select Relocation Set 55.215ms
[149.171s][info][gc,phases   ] GC(259) Pause Relocate Start 0.009ms
[149.227s][info][gc,phases   ] GC(259) Concurrent Relocate 56.013ms
[149.227s][info][gc,load     ] GC(259) Load: 0.00/0.00/0.00
[149.227s][info][gc,mmu      ] GC(259) MMU: 2ms/95.8%, 5ms/98.3%, 10ms/99.2%, 20ms/99.6%, 50ms/99.7%, 100ms/99.8%
[149.227s][info][gc,marking  ] GC(259) Mark: 8 stripe(s), 2 proactive flush(es), 1 terminate flush(es), 0 completion(s), 0 continuation(s) 
[149.228s][info][gc,marking  ] GC(259) Mark Stack Usage: 32M
[149.228s][info][gc,nmethod  ] GC(259) NMethods: 985 registered, 330 unregistered
[149.228s][info][gc,metaspace] GC(259) Metaspace: 16M used, 16M committed, 1088M reserved
[149.228s][info][gc,ref      ] GC(259) Soft: 171 encountered, 46 discovered, 0 enqueued
[149.228s][info][gc,ref      ] GC(259) Weak: 984 encountered, 34 discovered, 0 enqueued
[149.228s][info][gc,ref      ] GC(259) Final: 0 encountered, 0 discovered, 0 enqueued
[149.228s][info][gc,ref      ] GC(259) Phantom: 35 encountered, 31 discovered, 0 enqueued
[149.228s][info][gc,reloc    ] GC(259) Small Pages: 442 / 884M, Empty: 0M, Relocated: 213M, In-Place: 0
[149.228s][info][gc,reloc    ] GC(259) Medium Pages: 1 / 32M, Empty: 0M, Relocated: 0M, In-Place: 0
[149.228s][info][gc,reloc    ] GC(259) Large Pages: 0 / 0M, Empty: 0M, Relocated: 0M, In-Place: 0
[149.228s][info][gc,reloc    ] GC(259) Forwarding Usage: 90M
[149.228s][info][gc,heap     ] GC(259) Min Capacity: 8M(1%)
[149.228s][info][gc,heap     ] GC(259) Max Capacity: 1024M(100%)
[149.228s][info][gc,heap     ] GC(259) Soft Max Capacity: 1024M(100%)
[149.228s][info][gc,heap     ] GC(259)                Mark Start          Mark End        Relocate Start      Relocate End           High               Low         
[149.228s][info][gc,heap     ] GC(259)  Capacity:     1024M (100%)       1024M (100%)       1024M (100%)       1024M (100%)       1024M (100%)       1024M (100%)   
[149.228s][info][gc,heap     ] GC(259)      Free:      108M (11%)          92M (9%)           88M (9%)          316M (31%)         316M (31%)          68M (7%)     
[149.228s][info][gc,heap     ] GC(259)      Used:      916M (89%)         932M (91%)         936M (91%)         708M (69%)         956M (93%)         708M (69%)    
[149.228s][info][gc,heap     ] GC(259)      Live:         -               574M (56%)         574M (56%)         574M (56%)            -                  -          
[149.228s][info][gc,heap     ] GC(259) Allocated:         -                16M (2%)           20M (2%)           22M (2%)             -                  -          
[149.228s][info][gc,heap     ] GC(259)   Garbage:         -               341M (33%)         341M (33%)         111M (11%)            -                  -          
[149.228s][info][gc,heap     ] GC(259) Reclaimed:         -                  -                 0M (0%)          230M (22%)            -                  -          
[149.228s][info][gc          ] GC(259) Garbage Collection (Allocation Rate) 916M(89%)->708M(69%)
[149.300s][info][gc,start    ] GC(260) Garbage Collection (Allocation Rate)
[149.300s][info][gc,task     ] GC(260) Using 10 workers
[149.300s][info][gc,phases   ] GC(260) Pause Mark Start 0.011ms
[149.331s][info][gc,phases   ] GC(260) Concurrent Mark 30.986ms
[149.331s][info][gc,phases   ] GC(260) Pause Mark End 0.013ms
[149.331s][info][gc,phases   ] GC(260) Concurrent Mark Free 0.000ms
[149.332s][info][gc,phases   ] GC(260) Concurrent Process Non-Strong References 0.438ms
[149.332s][info][gc,phases   ] GC(260) Concurrent Reset Relocation Set 0.047ms
[149.345s][info][gc,phases   ] GC(260) Concurrent Select Relocation Set 12.680ms
[149.345s][info][gc,phases   ] GC(260) Pause Relocate Start 0.006ms
[149.346s][info][gc,phases   ] GC(260) Concurrent Relocate 1.238ms
[149.346s][info][gc,load     ] GC(260) Load: 0.00/0.00/0.00
[149.346s][info][gc,mmu      ] GC(260) MMU: 2ms/95.8%, 5ms/98.3%, 10ms/99.2%, 20ms/99.6%, 50ms/99.7%, 100ms/99.8%
[149.346s][info][gc,marking  ] GC(260) Mark: 8 stripe(s), 4 proactive flush(es), 1 terminate flush(es), 0 completion(s), 0 continuation(s) 
[149.346s][info][gc,marking  ] GC(260) Mark Stack Usage: 32M
[149.346s][info][gc,nmethod  ] GC(260) NMethods: 985 registered, 330 unregistered
[149.346s][info][gc,metaspace] GC(260) Metaspace: 16M used, 16M committed, 1088M reserved
[149.346s][info][gc,ref      ] GC(260) Soft: 171 encountered, 0 discovered, 0 enqueued
[149.346s][info][gc,ref      ] GC(260) Weak: 984 encountered, 94 discovered, 2 enqueued
[149.346s][info][gc,ref      ] GC(260) Final: 0 encountered, 0 discovered, 0 enqueued
[149.346s][info][gc,ref      ] GC(260) Phantom: 35 encountered, 20 discovered, 0 enqueued
[149.346s][info][gc,reloc    ] GC(260) Small Pages: 339 / 678M, Empty: 610M, Relocated: 3M, In-Place: 0
[149.346s][info][gc,reloc    ] GC(260) Medium Pages: 1 / 32M, Empty: 32M, Relocated: 0M, In-Place: 0
[149.346s][info][gc,reloc    ] GC(260) Large Pages: 0 / 0M, Empty: 0M, Relocated: 0M, In-Place: 0
[149.347s][info][gc,reloc    ] GC(260) Forwarding Usage: 0M
[149.347s][info][gc,heap     ] GC(260) Min Capacity: 8M(1%)
[149.347s][info][gc,heap     ] GC(260) Max Capacity: 1024M(100%)
[149.347s][info][gc,heap     ] GC(260) Soft Max Capacity: 1024M(100%)
[149.347s][info][gc,heap     ] GC(260)                Mark Start          Mark End        Relocate Start      Relocate End           High               Low         
[149.347s][info][gc,heap     ] GC(260)  Capacity:     1024M (100%)       1024M (100%)       1024M (100%)       1024M (100%)       1024M (100%)       1024M (100%)   
[149.347s][info][gc,heap     ] GC(260)      Free:      314M (31%)         312M (30%)         954M (93%)         972M (95%)         972M (95%)         312M (30%)    
[149.347s][info][gc,heap     ] GC(260)      Used:      710M (69%)         712M (70%)          70M (7%)           52M (5%)          712M (70%)          52M (5%)     
[149.347s][info][gc,heap     ] GC(260)      Live:         -                27M (3%)           27M (3%)           27M (3%)             -                  -          
[149.347s][info][gc,heap     ] GC(260) Allocated:         -                 2M (0%)            2M (0%)            1M (0%)             -                  -          
[149.347s][info][gc,heap     ] GC(260)   Garbage:         -               682M (67%)          40M (4%)           22M (2%)             -                  -          
[149.347s][info][gc,heap     ] GC(260) Reclaimed:         -                  -               642M (63%)         659M (64%)            -                  -          
[149.347s][info][gc          ] GC(260) Garbage Collection (Allocation Rate) 710M(69%)->52M(5%)
[149.409s][info][gc,start    ] GC(261) Garbage Collection (Allocation Rate)
[149.409s][info][gc,task     ] GC(261) Using 10 workers
[149.410s][info][gc,phases   ] GC(261) Pause Mark Start 0.007ms
[149.445s][info][gc,phases   ] GC(261) Concurrent Mark 35.726ms
[149.445s][info][gc,phases   ] GC(261) Pause Mark End 0.020ms
[149.446s][info][gc,phases   ] GC(261) Concurrent Mark Free 0.000ms
[149.446s][info][gc,phases   ] GC(261) Concurrent Process Non-Strong References 0.706ms
[149.446s][info][gc,phases   ] GC(261) Concurrent Reset Relocation Set 0.002ms
[149.451s][info][gc,phases   ] GC(261) Concurrent Select Relocation Set 4.955ms
[149.451s][info][gc,phases   ] GC(261) Pause Relocate Start 0.007ms
[149.454s][info][gc,phases   ] GC(261) Concurrent Relocate 2.397ms
[149.454s][info][gc,load     ] GC(261) Load: 0.00/0.00/0.00
[149.454s][info][gc,mmu      ] GC(261) MMU: 2ms/95.8%, 5ms/98.3%, 10ms/99.2%, 20ms/99.6%, 50ms/99.7%, 100ms/99.8%
[149.454s][info][gc,marking  ] GC(261) Mark: 8 stripe(s), 5 proactive flush(es), 1 terminate flush(es), 0 completion(s), 0 continuation(s) 
[149.454s][info][gc,marking  ] GC(261) Mark Stack Usage: 32M
[149.454s][info][gc,nmethod  ] GC(261) NMethods: 985 registered, 330 unregistered
[149.454s][info][gc,metaspace] GC(261) Metaspace: 16M used, 16M committed, 1088M reserved
[149.454s][info][gc,ref      ] GC(261) Soft: 171 encountered, 0 discovered, 0 enqueued
[149.454s][info][gc,ref      ] GC(261) Weak: 982 encountered, 77 discovered, 0 enqueued
[149.454s][info][gc,ref      ] GC(261) Final: 0 encountered, 0 discovered, 0 enqueued
[149.454s][info][gc,ref      ] GC(261) Phantom: 35 encountered, 24 discovered, 0 enqueued
[149.454s][info][gc,reloc    ] GC(261) Small Pages: 29 / 58M, Empty: 0M, Relocated: 8M, In-Place: 0
[149.454s][info][gc,reloc    ] GC(261) Medium Pages: 0 / 0M, Empty: 0M, Relocated: 0M, In-Place: 0
[149.454s][info][gc,reloc    ] GC(261) Large Pages: 0 / 0M, Empty: 0M, Relocated: 0M, In-Place: 0
[149.454s][info][gc,reloc    ] GC(261) Forwarding Usage: 1M
[149.454s][info][gc,heap     ] GC(261) Min Capacity: 8M(1%)
[149.454s][info][gc,heap     ] GC(261) Max Capacity: 1024M(100%)
[149.454s][info][gc,heap     ] GC(261) Soft Max Capacity: 1024M(100%)
[149.454s][info][gc,heap     ] GC(261)                Mark Start          Mark End        Relocate Start      Relocate End           High               Low         
[149.454s][info][gc,heap     ] GC(261)  Capacity:     1024M (100%)       1024M (100%)       1024M (100%)       1024M (100%)       1024M (100%)       1024M (100%)   
[149.454s][info][gc,heap     ] GC(261)      Free:      966M (94%)         964M (94%)         962M (94%)         978M (96%)         978M (96%)         946M (92%)    
[149.454s][info][gc,heap     ] GC(261)      Used:       58M (6%)           60M (6%)           62M (6%)           46M (4%)           78M (8%)           46M (4%)     
[149.454s][info][gc,heap     ] GC(261)      Live:         -                27M (3%)           27M (3%)           27M (3%)             -                  -          
[149.454s][info][gc,heap     ] GC(261) Allocated:         -                 2M (0%)            4M (0%)            3M (0%)             -                  -          
[149.454s][info][gc,heap     ] GC(261)   Garbage:         -                30M (3%)           30M (3%)           14M (1%)             -                  -          
[149.454s][info][gc,heap     ] GC(261) Reclaimed:         -                  -                 0M (0%)           15M (2%)             -                  -          
[149.454s][info][gc          ] GC(261) Garbage Collection (Allocation Rate) 58M(6%)->46M(4%)
[150.102s][info][gc,stats    ] === Garbage Collection Statistics =======================================================================================================================
[150.102s][info][gc,stats    ]                                                              Last 10s              Last 10m              Last 10h                Total
[150.102s][info][gc,stats    ]                                                              Avg / Max             Avg / Max             Avg / Max             Avg / Max
[150.102s][info][gc,stats    ]   Collector: Garbage Collection Cycle                    143.733 / 318.799     137.517 / 318.799     137.517 / 318.799     137.517 / 318.799     ms
[150.102s][info][gc,stats    ]  Contention: Mark Segment Reset Contention                    14 / 35                8 / 41                8 / 41                8 / 41          ops/s
[150.102s][info][gc,stats    ]  Contention: Mark SeqNum Reset Contention                      2 / 10                1 / 10                1 / 10                1 / 10          ops/s
[150.102s][info][gc,stats    ]    Critical: Allocation Stall                                 28 / 154              16 / 308              16 / 308              16 / 308         ops/s
[150.102s][info][gc,stats    ]    Critical: Allocation Stall                             15.080 / 26.458       12.317 / 52.907       12.317 / 52.907       12.317 / 52.907      ms
[150.102s][info][gc,stats    ]    Critical: GC Locker Stall                                   0 / 0                 0 / 0                 0 / 0                 0 / 0           ops/s
[150.102s][info][gc,stats    ]    Critical: GC Locker Stall                               0.000 / 0.000         0.000 / 0.000         0.000 / 0.000         0.000 / 0.000       ms
[150.102s][info][gc,stats    ]    Critical: Relocation Stall                                  0 / 2                 0 / 4                 0 / 4                 0 / 4           ops/s
[150.102s][info][gc,stats    ]    Critical: Relocation Stall                              0.783 / 1.552         1.168 / 4.839         1.168 / 4.839         1.168 / 4.839       ms
[150.102s][info][gc,stats    ]      Memory: Allocation Rate                                 869 / 3670            590 / 6762            590 / 6762            590 / 6762        MB/s
[150.102s][info][gc,stats    ]      Memory: Defragment                                        3 / 26                2 / 29                2 / 29                2 / 29          ops/s
[150.102s][info][gc,stats    ]      Memory: Out Of Memory                                     0 / 0                 0 / 0                 0 / 0                 0 / 0           ops/s
[150.102s][info][gc,stats    ]      Memory: Page Cache Flush                                 12 / 52                8 / 122               8 / 122               8 / 122         MB/s
[150.102s][info][gc,stats    ]      Memory: Page Cache Hit L1                               480 / 1942            329 / 3426            329 / 3426            329 / 3426        ops/s
[150.102s][info][gc,stats    ]      Memory: Page Cache Hit L2                                 0 / 0                 0 / 0                 0 / 0                 0 / 0           ops/s
[150.102s][info][gc,stats    ]      Memory: Page Cache Hit L3                                 2 / 24                5 / 407               5 / 407               5 / 407         ops/s
[150.102s][info][gc,stats    ]      Memory: Page Cache Miss                                   0 / 1                 0 / 2                 0 / 2                 0 / 2           ops/s
[150.102s][info][gc,stats    ]      Memory: Uncommit                                          0 / 0                 0 / 0                 0 / 0                 0 / 0           MB/s
[150.102s][info][gc,stats    ]      Memory: Undo Object Allocation Failed                    14 / 74               21 / 647              21 / 647              21 / 647         ops/s
[150.102s][info][gc,stats    ]      Memory: Undo Object Allocation Succeeded                  4 / 19                6 / 108               6 / 108               6 / 108         ops/s
[150.103s][info][gc,stats    ]      Memory: Undo Page Allocation                             92 / 475              55 / 1061             55 / 1061             55 / 1061        ops/s
[150.103s][info][gc,stats    ]       Phase: Concurrent Mark                             106.787 / 218.390     100.423 / 249.632     100.423 / 249.632     100.423 / 249.632     ms
[150.103s][info][gc,stats    ]       Phase: Concurrent Mark Continue                      0.000 / 0.000         0.000 / 0.000         0.000 / 0.000         0.000 / 0.000       ms
[150.103s][info][gc,stats    ]       Phase: Concurrent Mark Free                          0.001 / 0.002         0.001 / 0.004         0.001 / 0.004         0.001 / 0.004       ms
[150.103s][info][gc,stats    ]       Phase: Concurrent Process Non-Strong References      0.936 / 6.789         0.994 / 15.033        0.994 / 15.033        0.994 / 15.033      ms
[150.103s][info][gc,stats    ]       Phase: Concurrent Relocate                          10.825 / 56.013       12.194 / 59.080       12.194 / 59.080       12.194 / 59.080      ms
[150.103s][info][gc,stats    ]       Phase: Concurrent Reset Relocation Set               0.014 / 0.047         0.014 / 0.066         0.014 / 0.066         0.014 / 0.066       ms
[150.103s][info][gc,stats    ]       Phase: Concurrent Select Relocation Set             13.935 / 55.215       12.480 / 64.809       12.480 / 64.809       12.480 / 64.809      ms
[150.103s][info][gc,stats    ]       Phase: Pause Mark End                                0.018 / 0.027         0.017 / 0.027         0.017 / 0.027         0.017 / 0.027       ms
[150.103s][info][gc,stats    ]       Phase: Pause Mark Start                              0.023 / 0.055         0.020 / 0.084         0.020 / 0.084         0.020 / 0.084       ms
[150.103s][info][gc,stats    ]       Phase: Pause Relocate Start                          0.008 / 0.012         0.008 / 0.025         0.008 / 0.025         0.008 / 0.025       ms
[150.103s][info][gc,stats    ]    Subphase: Concurrent Classes Purge                      0.085 / 0.518         0.075 / 5.672         0.075 / 5.672         0.075 / 5.672       ms
[150.103s][info][gc,stats    ]    Subphase: Concurrent Classes Unlink                     0.596 / 6.172         0.447 / 6.293         0.447 / 6.293         0.447 / 6.293       ms
[150.103s][info][gc,stats    ]    Subphase: Concurrent Mark                             104.612 / 217.509      98.182 / 248.331      98.182 / 248.331      98.182 / 248.331     ms
[150.103s][info][gc,stats    ]    Subphase: Concurrent Mark Try Flush                     0.812 / 15.630        0.843 / 31.490        0.843 / 31.490        0.843 / 31.490      ms
[150.103s][info][gc,stats    ]    Subphase: Concurrent Mark Try Terminate                 9.873 / 16.388        8.595 / 16.640        8.595 / 16.640        8.595 / 16.640      ms
[150.103s][info][gc,stats    ]    Subphase: Concurrent References Enqueue                 0.002 / 0.006         0.001 / 0.007         0.001 / 0.007         0.001 / 0.007       ms
[150.103s][info][gc,stats    ]    Subphase: Concurrent References Process                 0.027 / 0.058         0.033 / 0.210         0.033 / 0.210         0.033 / 0.210       ms
[150.103s][info][gc,stats    ]    Subphase: Concurrent Roots ClassLoaderDataGraph         0.034 / 0.380         0.041 / 1.028         0.041 / 1.028         0.041 / 1.028       ms
[150.103s][info][gc,stats    ]    Subphase: Concurrent Roots CodeCache                    0.000 / 0.000         0.000 / 0.000         0.000 / 0.000         0.000 / 0.000       ms
[150.103s][info][gc,stats    ]    Subphase: Concurrent Roots JavaThreads                  0.678 / 2.370         0.701 / 6.849         0.701 / 6.849         0.701 / 6.849       ms
[150.103s][info][gc,stats    ]    Subphase: Concurrent Roots OopStorageSet                0.012 / 0.050         0.015 / 0.682         0.015 / 0.682         0.015 / 0.682       ms
[150.103s][info][gc,stats    ]    Subphase: Concurrent Weak Roots OopStorageSet           0.140 / 0.261         0.110 / 0.309         0.110 / 0.309         0.110 / 0.309       ms
[150.103s][info][gc,stats    ]    Subphase: Pause Mark Try Complete                       0.000 / 0.000         0.000 / 0.000         0.000 / 0.000         0.000 / 0.000       ms
[150.103s][info][gc,stats    ]      System: Java Threads                                     68 / 75               64 / 75               64 / 75               64 / 75          threads
[150.104s][info][gc,stats    ] =========================================================================================================================================================
[156.510s][info][gc,start    ] GC(262) Garbage Collection (Allocation Rate)
[156.510s][info][gc,task     ] GC(262) Using 10 workers
[156.510s][info][gc,phases   ] GC(262) Pause Mark Start 0.018ms
[156.572s][info][gc,phases   ] GC(262) Concurrent Mark 62.087ms
[156.573s][info][gc,phases   ] GC(262) Pause Mark End 0.019ms
[156.573s][info][gc,phases   ] GC(262) Concurrent Mark Free 0.001ms
[156.573s][info][gc,phases   ] GC(262) Concurrent Process Non-Strong References 0.503ms
[156.573s][info][gc,phases   ] GC(262) Concurrent Reset Relocation Set 0.003ms
[156.597s][info][gc,phases   ] GC(262) Concurrent Select Relocation Set 23.762ms
[156.597s][info][gc,phases   ] GC(262) Pause Relocate Start 0.008ms
[156.628s][info][gc,phases   ] GC(262) Concurrent Relocate 30.350ms
[156.628s][info][gc,load     ] GC(262) Load: 0.00/0.00/0.00
[156.628s][info][gc,mmu      ] GC(262) MMU: 2ms/95.8%, 5ms/98.3%, 10ms/99.2%, 20ms/99.6%, 50ms/99.7%, 100ms/99.8%
[156.628s][info][gc,marking  ] GC(262) Mark: 8 stripe(s), 2 proactive flush(es), 1 terminate flush(es), 0 completion(s), 0 continuation(s) 
[156.628s][info][gc,marking  ] GC(262) Mark Stack Usage: 32M
[156.628s][info][gc,nmethod  ] GC(262) NMethods: 1052 registered, 332 unregistered
[156.628s][info][gc,metaspace] GC(262) Metaspace: 16M used, 16M committed, 1088M reserved
[156.628s][info][gc,ref      ] GC(262) Soft: 171 encountered, 0 discovered, 0 enqueued
[156.628s][info][gc,ref      ] GC(262) Weak: 991 encountered, 33 discovered, 2 enqueued
[156.628s][info][gc,ref      ] GC(262) Final: 0 encountered, 0 discovered, 0 enqueued
[156.628s][info][gc,ref      ] GC(262) Phantom: 35 encountered, 20 discovered, 0 enqueued
[156.628s][info][gc,reloc    ] GC(262) Small Pages: 178 / 356M, Empty: 0M, Relocated: 122M, In-Place: 0
[156.628s][info][gc,reloc    ] GC(262) Medium Pages: 0 / 0M, Empty: 0M, Relocated: 0M, In-Place: 0
[156.628s][info][gc,reloc    ] GC(262) Large Pages: 0 / 0M, Empty: 0M, Relocated: 0M, In-Place: 0
[156.628s][info][gc,reloc    ] GC(262) Forwarding Usage: 76M
[156.628s][info][gc,heap     ] GC(262) Min Capacity: 8M(1%)
[156.628s][info][gc,heap     ] GC(262) Max Capacity: 1024M(100%)
[156.628s][info][gc,heap     ] GC(262) Soft Max Capacity: 1024M(100%)
[156.628s][info][gc,heap     ] GC(262)                Mark Start          Mark End        Relocate Start      Relocate End           High               Low         
[156.628s][info][gc,heap     ] GC(262)  Capacity:     1024M (100%)       1024M (100%)       1024M (100%)       1024M (100%)       1024M (100%)       1024M (100%)   
[156.628s][info][gc,heap     ] GC(262)      Free:      668M (65%)         598M (58%)         566M (55%)         740M (72%)         740M (72%)         546M (53%)    
[156.628s][info][gc,heap     ] GC(262)      Used:      356M (35%)         426M (42%)         458M (45%)         284M (28%)         478M (47%)         284M (28%)    
[156.628s][info][gc,heap     ] GC(262)      Live:         -               145M (14%)         145M (14%)         145M (14%)            -                  -          
[156.628s][info][gc,heap     ] GC(262) Allocated:         -                70M (7%)          102M (10%)         123M (12%)            -                  -          
[156.628s][info][gc,heap     ] GC(262)   Garbage:         -               210M (21%)         210M (21%)          14M (1%)             -                  -          
[156.628s][info][gc,heap     ] GC(262) Reclaimed:         -                  -                 0M (0%)          195M (19%)            -                  -          
[156.628s][info][gc          ] GC(262) Garbage Collection (Allocation Rate) 356M(35%)->284M(28%)
[156.697s][info][gc,start    ] GC(263) Garbage Collection (Allocation Rate)
[156.698s][info][gc,task     ] GC(263) Using 10 workers
[156.698s][info][gc,phases   ] GC(263) Pause Mark Start 0.014ms
[156.822s][info][gc,phases   ] GC(263) Concurrent Mark 124.547ms
[156.823s][info][gc,phases   ] GC(263) Pause Mark End 0.017ms
[156.823s][info][gc,phases   ] GC(263) Concurrent Mark Free 0.001ms
[156.823s][info][gc,phases   ] GC(263) Concurrent Process Non-Strong References 0.541ms
[156.823s][info][gc,phases   ] GC(263) Concurrent Reset Relocation Set 0.015ms
[156.832s][info][gc,phases   ] GC(263) Concurrent Select Relocation Set 8.818ms
[156.832s][info][gc,phases   ] GC(263) Pause Relocate Start 0.013ms
[156.856s][info][gc,phases   ] GC(263) Concurrent Relocate 23.689ms
[156.856s][info][gc,load     ] GC(263) Load: 0.00/0.00/0.00
[156.856s][info][gc,mmu      ] GC(263) MMU: 2ms/95.8%, 5ms/98.3%, 10ms/99.2%, 20ms/99.6%, 50ms/99.7%, 100ms/99.8%
[156.856s][info][gc,marking  ] GC(263) Mark: 8 stripe(s), 2 proactive flush(es), 1 terminate flush(es), 0 completion(s), 0 continuation(s) 
[156.856s][info][gc,marking  ] GC(263) Mark Stack Usage: 32M
[156.856s][info][gc,nmethod  ] GC(263) NMethods: 1052 registered, 332 unregistered
[156.856s][info][gc,metaspace] GC(263) Metaspace: 16M used, 16M committed, 1088M reserved
[156.856s][info][gc,ref      ] GC(263) Soft: 171 encountered, 0 discovered, 0 enqueued
[156.856s][info][gc,ref      ] GC(263) Weak: 989 encountered, 47 discovered, 0 enqueued
[156.856s][info][gc,ref      ] GC(263) Final: 0 encountered, 0 discovered, 0 enqueued
[156.856s][info][gc,ref      ] GC(263) Phantom: 35 encountered, 27 discovered, 0 enqueued
[156.856s][info][gc,reloc    ] GC(263) Small Pages: 181 / 362M, Empty: 0M, Relocated: 80M, In-Place: 0
[156.856s][info][gc,reloc    ] GC(263) Medium Pages: 0 / 0M, Empty: 0M, Relocated: 0M, In-Place: 0
[156.856s][info][gc,reloc    ] GC(263) Large Pages: 0 / 0M, Empty: 0M, Relocated: 0M, In-Place: 0
[156.856s][info][gc,reloc    ] GC(263) Forwarding Usage: 51M
[156.856s][info][gc,heap     ] GC(263) Min Capacity: 8M(1%)
[156.856s][info][gc,heap     ] GC(263) Max Capacity: 1024M(100%)
[156.856s][info][gc,heap     ] GC(263) Soft Max Capacity: 1024M(100%)
[156.856s][info][gc,heap     ] GC(263)                Mark Start          Mark End        Relocate Start      Relocate End           High               Low         
[156.856s][info][gc,heap     ] GC(263)  Capacity:     1024M (100%)       1024M (100%)       1024M (100%)       1024M (100%)       1024M (100%)       1024M (100%)   
[156.857s][info][gc,heap     ] GC(263)      Free:      662M (65%)         526M (51%)         514M (50%)         620M (61%)         662M (65%)         494M (48%)    
[156.857s][info][gc,heap     ] GC(263)      Used:      362M (35%)         498M (49%)         510M (50%)         404M (39%)         530M (52%)         362M (35%)    
[156.857s][info][gc,heap     ] GC(263)      Live:         -               219M (21%)         219M (21%)         219M (21%)            -                  -          
[156.857s][info][gc,heap     ] GC(263) Allocated:         -               136M (13%)         148M (14%)         165M (16%)            -                  -          
[156.857s][info][gc,heap     ] GC(263)   Garbage:         -               142M (14%)         142M (14%)          19M (2%)             -                  -          
[156.857s][info][gc,heap     ] GC(263) Reclaimed:         -                  -                 0M (0%)          123M (12%)            -                  -          
[156.857s][info][gc          ] GC(263) Garbage Collection (Allocation Rate) 362M(35%)->404M(39%)
[156.901s][info][gc,start    ] GC(264) Garbage Collection (Allocation Rate)
[156.901s][info][gc,task     ] GC(264) Using 10 workers
[156.901s][info][gc,phases   ] GC(264) Pause Mark Start 0.013ms
[157.025s][info][gc,phases   ] GC(264) Concurrent Mark 124.628ms
[157.026s][info][gc,phases   ] GC(264) Pause Mark End 0.018ms
[157.026s][info][gc,phases   ] GC(264) Concurrent Mark Free 0.001ms
[157.026s][info][gc,phases   ] GC(264) Concurrent Process Non-Strong References 0.497ms
[157.026s][info][gc,phases   ] GC(264) Concurrent Reset Relocation Set 0.017ms
[157.082s][info][gc,phases   ] GC(264) Concurrent Select Relocation Set 56.010ms
[157.082s][info][gc,phases   ] GC(264) Pause Relocate Start 0.013ms
[157.112s][info][gc,phases   ] GC(264) Concurrent Relocate 29.494ms
[157.112s][info][gc,load     ] GC(264) Load: 0.00/0.00/0.00
[157.112s][info][gc,mmu      ] GC(264) MMU: 2ms/95.8%, 5ms/98.3%, 10ms/99.2%, 20ms/99.6%, 50ms/99.7%, 100ms/99.8%
[157.112s][info][gc,marking  ] GC(264) Mark: 8 stripe(s), 2 proactive flush(es), 1 terminate flush(es), 0 completion(s), 0 continuation(s) 
[157.112s][info][gc,marking  ] GC(264) Mark Stack Usage: 32M
[157.112s][info][gc,nmethod  ] GC(264) NMethods: 1052 registered, 332 unregistered
[157.112s][info][gc,metaspace] GC(264) Metaspace: 16M used, 16M committed, 1088M reserved
[157.112s][info][gc,ref      ] GC(264) Soft: 171 encountered, 0 discovered, 0 enqueued
[157.112s][info][gc,ref      ] GC(264) Weak: 989 encountered, 62 discovered, 0 enqueued
[157.112s][info][gc,ref      ] GC(264) Final: 0 encountered, 0 discovered, 0 enqueued
[157.112s][info][gc,ref      ] GC(264) Phantom: 35 encountered, 25 discovered, 0 enqueued
[157.112s][info][gc,reloc    ] GC(264) Small Pages: 227 / 454M, Empty: 0M, Relocated: 87M, In-Place: 0
[157.112s][info][gc,reloc    ] GC(264) Medium Pages: 0 / 0M, Empty: 0M, Relocated: 0M, In-Place: 0
[157.112s][info][gc,reloc    ] GC(264) Large Pages: 0 / 0M, Empty: 0M, Relocated: 0M, In-Place: 0
[157.112s][info][gc,reloc    ] GC(264) Forwarding Usage: 56M
[157.112s][info][gc,heap     ] GC(264) Min Capacity: 8M(1%)
[157.113s][info][gc,heap     ] GC(264) Max Capacity: 1024M(100%)
[157.113s][info][gc,heap     ] GC(264) Soft Max Capacity: 1024M(100%)
[157.113s][info][gc,heap     ] GC(264)                Mark Start          Mark End        Relocate Start      Relocate End           High               Low         
[157.113s][info][gc,heap     ] GC(264)  Capacity:     1024M (100%)       1024M (100%)       1024M (100%)       1024M (100%)       1024M (100%)       1024M (100%)   
[157.113s][info][gc,heap     ] GC(264)      Free:      570M (56%)         444M (43%)         372M (36%)         486M (47%)         570M (56%)         352M (34%)    
[157.113s][info][gc,heap     ] GC(264)      Used:      454M (44%)         580M (57%)         652M (64%)         538M (53%)         672M (66%)         454M (44%)    
[157.113s][info][gc,heap     ] GC(264)      Live:         -               297M (29%)         297M (29%)         297M (29%)            -                  -          
[157.113s][info][gc,heap     ] GC(264) Allocated:         -               126M (12%)         198M (19%)         219M (21%)            -                  -          
[157.113s][info][gc,heap     ] GC(264)   Garbage:         -               156M (15%)         156M (15%)          21M (2%)             -                  -          
[157.113s][info][gc,heap     ] GC(264) Reclaimed:         -                  -                 0M (0%)          135M (13%)            -                  -          
[157.113s][info][gc          ] GC(264) Garbage Collection (Allocation Rate) 454M(44%)->538M(53%)
[157.197s][info][gc,start    ] GC(265) Garbage Collection (Allocation Rate)
[157.197s][info][gc,task     ] GC(265) Using 10 workers
[157.197s][info][gc,phases   ] GC(265) Pause Mark Start 0.016ms
[157.353s][info][gc,phases   ] GC(265) Concurrent Mark 155.882ms
[157.354s][info][gc,phases   ] GC(265) Pause Mark End 0.018ms
[157.354s][info][gc,phases   ] GC(265) Concurrent Mark Free 0.001ms
[157.354s][info][gc,phases   ] GC(265) Concurrent Process Non-Strong References 0.484ms
[157.354s][info][gc,phases   ] GC(265) Concurrent Reset Relocation Set 0.011ms
[157.409s][info][gc,phases   ] GC(265) Concurrent Select Relocation Set 54.877ms
[157.409s][info][gc,phases   ] GC(265) Pause Relocate Start 0.014ms
[157.444s][info][gc,phases   ] GC(265) Concurrent Relocate 35.011ms
[157.444s][info][gc,load     ] GC(265) Load: 0.00/0.00/0.00
[157.444s][info][gc,mmu      ] GC(265) MMU: 2ms/95.8%, 5ms/98.3%, 10ms/99.2%, 20ms/99.6%, 50ms/99.7%, 100ms/99.8%
[157.444s][info][gc,marking  ] GC(265) Mark: 8 stripe(s), 2 proactive flush(es), 1 terminate flush(es), 0 completion(s), 0 continuation(s) 
[157.444s][info][gc,marking  ] GC(265) Mark Stack Usage: 32M
[157.444s][info][gc,nmethod  ] GC(265) NMethods: 1052 registered, 332 unregistered
[157.445s][info][gc,metaspace] GC(265) Metaspace: 16M used, 16M committed, 1088M reserved
[157.445s][info][gc,ref      ] GC(265) Soft: 171 encountered, 0 discovered, 0 enqueued
[157.445s][info][gc,ref      ] GC(265) Weak: 989 encountered, 87 discovered, 0 enqueued
[157.445s][info][gc,ref      ] GC(265) Final: 0 encountered, 0 discovered, 0 enqueued
[157.445s][info][gc,ref      ] GC(265) Phantom: 35 encountered, 27 discovered, 0 enqueued
[157.445s][info][gc,reloc    ] GC(265) Small Pages: 318 / 636M, Empty: 0M, Relocated: 125M, In-Place: 0
[157.445s][info][gc,reloc    ] GC(265) Medium Pages: 0 / 0M, Empty: 0M, Relocated: 0M, In-Place: 0
[157.445s][info][gc,reloc    ] GC(265) Large Pages: 0 / 0M, Empty: 0M, Relocated: 0M, In-Place: 0
[157.445s][info][gc,reloc    ] GC(265) Forwarding Usage: 82M
[157.445s][info][gc,heap     ] GC(265) Min Capacity: 8M(1%)
[157.445s][info][gc,heap     ] GC(265) Max Capacity: 1024M(100%)
[157.445s][info][gc,heap     ] GC(265) Soft Max Capacity: 1024M(100%)
[157.445s][info][gc,heap     ] GC(265)                Mark Start          Mark End        Relocate Start      Relocate End           High               Low         
[157.445s][info][gc,heap     ] GC(265)  Capacity:     1024M (100%)       1024M (100%)       1024M (100%)       1024M (100%)       1024M (100%)       1024M (100%)   
[157.445s][info][gc,heap     ] GC(265)      Free:      388M (38%)         248M (24%)         184M (18%)         360M (35%)         388M (38%)         164M (16%)    
[157.445s][info][gc,heap     ] GC(265)      Used:      636M (62%)         776M (76%)         840M (82%)         664M (65%)         860M (84%)         636M (62%)    
[157.445s][info][gc,heap     ] GC(265)      Live:         -               411M (40%)         411M (40%)         411M (40%)            -                  -          
[157.445s][info][gc,heap     ] GC(265) Allocated:         -               140M (14%)         204M (20%)         229M (22%)            -                  -          
[157.445s][info][gc,heap     ] GC(265)   Garbage:         -               224M (22%)         224M (22%)          23M (2%)             -                  -          
[157.445s][info][gc,heap     ] GC(265) Reclaimed:         -                  -                 0M (0%)          201M (20%)            -                  -          
[157.445s][info][gc          ] GC(265) Garbage Collection (Allocation Rate) 636M(62%)->664M(65%)
[157.510s][info][gc,start    ] GC(266) Garbage Collection (Allocation Rate)
[157.510s][info][gc,task     ] GC(266) Using 10 workers
[157.510s][info][gc,phases   ] GC(266) Pause Mark Start 0.017ms
[157.705s][info][gc,phases   ] GC(266) Concurrent Mark 194.631ms
[157.705s][info][gc,phases   ] GC(266) Pause Mark End 0.019ms
[157.716s][info][gc,phases   ] GC(266) Concurrent Mark Free 0.001ms
[157.716s][info][gc,phases   ] GC(266) Concurrent Process Non-Strong References 0.485ms
[157.716s][info][gc,phases   ] GC(266) Concurrent Reset Relocation Set 0.024ms
[157.723s][info][gc,phases   ] GC(266) Concurrent Select Relocation Set 6.582ms
[157.723s][info][gc,phases   ] GC(266) Pause Relocate Start 0.008ms
[157.757s][info][gc,phases   ] GC(266) Concurrent Relocate 34.337ms
[157.758s][info][gc,load     ] GC(266) Load: 0.00/0.00/0.00
[157.758s][info][gc,mmu      ] GC(266) MMU: 2ms/95.8%, 5ms/98.3%, 10ms/99.2%, 20ms/99.6%, 50ms/99.7%, 100ms/99.8%
[157.758s][info][gc,marking  ] GC(266) Mark: 8 stripe(s), 2 proactive flush(es), 1 terminate flush(es), 0 completion(s), 0 continuation(s) 
[157.758s][info][gc,marking  ] GC(266) Mark Stack Usage: 32M
[157.758s][info][gc,nmethod  ] GC(266) NMethods: 1062 registered, 332 unregistered
[157.758s][info][gc,metaspace] GC(266) Metaspace: 16M used, 16M committed, 1088M reserved
[157.758s][info][gc,ref      ] GC(266) Soft: 171 encountered, 0 discovered, 0 enqueued
[157.758s][info][gc,ref      ] GC(266) Weak: 989 encountered, 41 discovered, 0 enqueued
[157.758s][info][gc,ref      ] GC(266) Final: 0 encountered, 0 discovered, 0 enqueued
[157.758s][info][gc,ref      ] GC(266) Phantom: 35 encountered, 19 discovered, 0 enqueued
[157.758s][info][gc,reloc    ] GC(266) Small Pages: 366 / 732M, Empty: 0M, Relocated: 118M, In-Place: 0
[157.758s][info][gc,reloc    ] GC(266) Medium Pages: 0 / 0M, Empty: 0M, Relocated: 0M, In-Place: 0
[157.758s][info][gc,reloc    ] GC(266) Large Pages: 0 / 0M, Empty: 0M, Relocated: 0M, In-Place: 0
[157.758s][info][gc,reloc    ] GC(266) Forwarding Usage: 76M
[157.758s][info][gc,heap     ] GC(266) Min Capacity: 8M(1%)
[157.758s][info][gc,heap     ] GC(266) Max Capacity: 1024M(100%)
[157.758s][info][gc,heap     ] GC(266) Soft Max Capacity: 1024M(100%)
[157.758s][info][gc,heap     ] GC(266)                Mark Start          Mark End        Relocate Start      Relocate End           High               Low         
[157.758s][info][gc,heap     ] GC(266)  Capacity:     1024M (100%)       1024M (100%)       1024M (100%)       1024M (100%)       1024M (100%)       1024M (100%)   
[157.758s][info][gc,heap     ] GC(266)      Free:      292M (29%)         130M (13%)         130M (13%)         296M (29%)         296M (29%)         110M (11%)    
[157.758s][info][gc,heap     ] GC(266)      Used:      732M (71%)         894M (87%)         894M (87%)         728M (71%)         914M (89%)         728M (71%)    
[157.758s][info][gc,heap     ] GC(266)      Live:         -               517M (51%)         517M (51%)         517M (51%)            -                  -          
[157.758s][info][gc,heap     ] GC(266) Allocated:         -               162M (16%)         162M (16%)         175M (17%)            -                  -          
[157.758s][info][gc,heap     ] GC(266)   Garbage:         -               214M (21%)         214M (21%)          34M (3%)             -                  -          
[157.758s][info][gc,heap     ] GC(266) Reclaimed:         -                  -                 0M (0%)          179M (18%)            -                  -          
[157.758s][info][gc          ] GC(266) Garbage Collection (Allocation Rate) 732M(71%)->728M(71%)
[157.798s][info][gc,start    ] GC(267) Garbage Collection (Allocation Rate)
[157.798s][info][gc,task     ] GC(267) Using 10 workers
[157.799s][info][gc,phases   ] GC(267) Pause Mark Start 0.016ms
[157.986s][info][gc,phases   ] GC(267) Concurrent Mark 187.152ms
[157.986s][info][gc,phases   ] GC(267) Pause Mark End 0.016ms
[157.986s][info][gc,phases   ] GC(267) Concurrent Mark Free 0.001ms
[157.988s][info][gc,phases   ] GC(267) Concurrent Process Non-Strong References 1.662ms
[157.988s][info][gc,phases   ] GC(267) Concurrent Reset Relocation Set 0.017ms
[157.995s][info][gc,phases   ] GC(267) Concurrent Select Relocation Set 7.437ms
[157.995s][info][gc,phases   ] GC(267) Pause Relocate Start 0.009ms
[158.017s][info][gc,phases   ] GC(267) Concurrent Relocate 21.649ms
[158.017s][info][gc,load     ] GC(267) Load: 0.00/0.00/0.00
[158.017s][info][gc,mmu      ] GC(267) MMU: 2ms/95.8%, 5ms/98.3%, 10ms/99.2%, 20ms/99.6%, 50ms/99.7%, 100ms/99.8%
[158.017s][info][gc,marking  ] GC(267) Mark: 8 stripe(s), 4 proactive flush(es), 1 terminate flush(es), 0 completion(s), 0 continuation(s) 
[158.017s][info][gc,marking  ] GC(267) Mark Stack Usage: 32M
[158.017s][info][gc,nmethod  ] GC(267) NMethods: 532 registered, 0 unregistered
[158.017s][info][gc,metaspace] GC(267) Metaspace: 16M used, 16M committed, 1088M reserved
[158.017s][info][gc,ref      ] GC(267) Soft: 171 encountered, 0 discovered, 0 enqueued
[158.017s][info][gc,ref      ] GC(267) Weak: 989 encountered, 62 discovered, 0 enqueued
[158.017s][info][gc,ref      ] GC(267) Final: 0 encountered, 0 discovered, 0 enqueued
[158.017s][info][gc,ref      ] GC(267) Phantom: 35 encountered, 22 discovered, 0 enqueued
[158.017s][info][gc,reloc    ] GC(267) Small Pages: 375 / 750M, Empty: 0M, Relocated: 66M, In-Place: 0
[158.017s][info][gc,reloc    ] GC(267) Medium Pages: 0 / 0M, Empty: 0M, Relocated: 0M, In-Place: 0
[158.017s][info][gc,reloc    ] GC(267) Large Pages: 1 / 6M, Empty: 0M, Relocated: 0M, In-Place: 0
[158.017s][info][gc,reloc    ] GC(267) Forwarding Usage: 41M
[158.017s][info][gc,heap     ] GC(267) Min Capacity: 8M(1%)
[158.017s][info][gc,heap     ] GC(267) Max Capacity: 1024M(100%)
[158.017s][info][gc,heap     ] GC(267) Soft Max Capacity: 1024M(100%)
[158.017s][info][gc,heap     ] GC(267)                Mark Start          Mark End        Relocate Start      Relocate End           High               Low         
[158.017s][info][gc,heap     ] GC(267)  Capacity:     1024M (100%)       1024M (100%)       1024M (100%)       1024M (100%)       1024M (100%)       1024M (100%)   
[158.017s][info][gc,heap     ] GC(267)      Free:      268M (26%)         216M (21%)         216M (21%)         316M (31%)         316M (31%)         196M (19%)    
[158.017s][info][gc,heap     ] GC(267)      Used:      756M (74%)         808M (79%)         808M (79%)         708M (69%)         828M (81%)         708M (69%)    
[158.017s][info][gc,heap     ] GC(267)      Live:         -               602M (59%)         602M (59%)         602M (59%)            -                  -          
[158.017s][info][gc,heap     ] GC(267) Allocated:         -                52M (5%)           52M (5%)           53M (5%)             -                  -          
[158.017s][info][gc,heap     ] GC(267)   Garbage:         -               153M (15%)         153M (15%)          51M (5%)             -                  -          
[158.017s][info][gc,heap     ] GC(267) Reclaimed:         -                  -                 0M (0%)          101M (10%)            -                  -          
[158.017s][info][gc          ] GC(267) Garbage Collection (Allocation Rate) 756M(74%)->708M(69%)
[158.111s][info][gc,start    ] GC(268) Garbage Collection (Allocation Rate)
[158.111s][info][gc,task     ] GC(268) Using 10 workers
[158.111s][info][gc,phases   ] GC(268) Pause Mark Start 0.009ms
[158.309s][info][gc,phases   ] GC(268) Concurrent Mark 197.673ms
[158.309s][info][gc,phases   ] GC(268) Pause Mark End 0.020ms
[158.309s][info][gc,phases   ] GC(268) Concurrent Mark Free 0.001ms
[158.309s][info][gc,phases   ] GC(268) Concurrent Process Non-Strong References 0.402ms
[158.309s][info][gc,phases   ] GC(268) Concurrent Reset Relocation Set 0.014ms
[158.317s][info][gc,phases   ] GC(268) Concurrent Select Relocation Set 7.167ms
[158.317s][info][gc,phases   ] GC(268) Pause Relocate Start 0.009ms
[158.326s][info][gc,phases   ] GC(268) Concurrent Relocate 8.991ms
[158.326s][info][gc,load     ] GC(268) Load: 0.00/0.00/0.00
[158.326s][info][gc,mmu      ] GC(268) MMU: 2ms/95.8%, 5ms/98.3%, 10ms/99.2%, 20ms/99.6%, 50ms/99.7%, 100ms/99.8%
[158.326s][info][gc,marking  ] GC(268) Mark: 8 stripe(s), 2 proactive flush(es), 1 terminate flush(es), 0 completion(s), 0 continuation(s) 
[158.326s][info][gc,marking  ] GC(268) Mark Stack Usage: 32M
[158.326s][info][gc,nmethod  ] GC(268) NMethods: 540 registered, 0 unregistered
[158.326s][info][gc,metaspace] GC(268) Metaspace: 16M used, 16M committed, 1088M reserved
[158.326s][info][gc,ref      ] GC(268) Soft: 171 encountered, 0 discovered, 0 enqueued
[158.326s][info][gc,ref      ] GC(268) Weak: 989 encountered, 66 discovered, 0 enqueued
[158.326s][info][gc,ref      ] GC(268) Final: 0 encountered, 0 discovered, 0 enqueued
[158.326s][info][gc,ref      ] GC(268) Phantom: 35 encountered, 24 discovered, 0 enqueued
[158.326s][info][gc,reloc    ] GC(268) Small Pages: 351 / 702M, Empty: 0M, Relocated: 6M, In-Place: 0
[158.326s][info][gc,reloc    ] GC(268) Medium Pages: 0 / 0M, Empty: 0M, Relocated: 0M, In-Place: 0
[158.326s][info][gc,reloc    ] GC(268) Large Pages: 2 / 12M, Empty: 0M, Relocated: 0M, In-Place: 0
[158.326s][info][gc,reloc    ] GC(268) Forwarding Usage: 3M
[158.326s][info][gc,heap     ] GC(268) Min Capacity: 8M(1%)
[158.326s][info][gc,heap     ] GC(268) Max Capacity: 1024M(100%)
[158.326s][info][gc,heap     ] GC(268) Soft Max Capacity: 1024M(100%)
[158.326s][info][gc,heap     ] GC(268)                Mark Start          Mark End        Relocate Start      Relocate End           High               Low         
[158.326s][info][gc,heap     ] GC(268)  Capacity:     1024M (100%)       1024M (100%)       1024M (100%)       1024M (100%)       1024M (100%)       1024M (100%)   
[158.326s][info][gc,heap     ] GC(268)      Free:      310M (30%)         298M (29%)         296M (29%)         294M (29%)         310M (30%)         278M (27%)    
[158.326s][info][gc,heap     ] GC(268)      Used:      714M (70%)         726M (71%)         728M (71%)         730M (71%)         746M (73%)         714M (70%)    
[158.326s][info][gc,heap     ] GC(268)      Live:         -               642M (63%)         642M (63%)         642M (63%)            -                  -          
[158.326s][info][gc,heap     ] GC(268) Allocated:         -                12M (1%)           14M (1%)           16M (2%)             -                  -          
[158.326s][info][gc,heap     ] GC(268)   Garbage:         -                71M (7%)           71M (7%)           71M (7%)             -                  -          
[158.326s][info][gc,heap     ] GC(268) Reclaimed:         -                  -                 0M (0%)            0M (0%)             -                  -          
[158.326s][info][gc          ] GC(268) Garbage Collection (Allocation Rate) 714M(70%)->730M(71%)
[158.403s][info][gc,start    ] GC(269) Garbage Collection (Allocation Rate)
[158.403s][info][gc,task     ] GC(269) Using 10 workers
[158.403s][info][gc,phases   ] GC(269) Pause Mark Start 0.016ms
[158.606s][info][gc,phases   ] GC(269) Concurrent Mark 202.737ms
[158.606s][info][gc,phases   ] GC(269) Pause Mark End 0.017ms
[158.606s][info][gc,phases   ] GC(269) Concurrent Mark Free 0.002ms
[158.606s][info][gc,phases   ] GC(269) Concurrent Process Non-Strong References 0.326ms
[158.606s][info][gc,phases   ] GC(269) Concurrent Reset Relocation Set 0.002ms
[158.619s][info][gc,phases   ] GC(269) Concurrent Select Relocation Set 12.304ms
[158.619s][info][gc,phases   ] GC(269) Pause Relocate Start 0.005ms
[158.622s][info][gc,phases   ] GC(269) Concurrent Relocate 3.556ms
[158.622s][info][gc,load     ] GC(269) Load: 0.00/0.00/0.00
[158.622s][info][gc,mmu      ] GC(269) MMU: 2ms/95.8%, 5ms/98.3%, 10ms/99.2%, 20ms/99.6%, 50ms/99.7%, 100ms/99.8%
[158.622s][info][gc,marking  ] GC(269) Mark: 8 stripe(s), 2 proactive flush(es), 1 terminate flush(es), 0 completion(s), 0 continuation(s) 
[158.622s][info][gc,marking  ] GC(269) Mark Stack Usage: 32M
[158.622s][info][gc,nmethod  ] GC(269) NMethods: 544 registered, 0 unregistered
[158.622s][info][gc,metaspace] GC(269) Metaspace: 16M used, 16M committed, 1088M reserved
[158.622s][info][gc,ref      ] GC(269) Soft: 171 encountered, 0 discovered, 0 enqueued
[158.622s][info][gc,ref      ] GC(269) Weak: 989 encountered, 85 discovered, 0 enqueued
[158.622s][info][gc,ref      ] GC(269) Final: 0 encountered, 0 discovered, 0 enqueued
[158.622s][info][gc,ref      ] GC(269) Phantom: 35 encountered, 19 discovered, 0 enqueued
[158.623s][info][gc,reloc    ] GC(269) Small Pages: 387 / 774M, Empty: 8M, Relocated: 12M, In-Place: 0
[158.623s][info][gc,reloc    ] GC(269) Medium Pages: 0 / 0M, Empty: 0M, Relocated: 0M, In-Place: 0
[158.623s][info][gc,reloc    ] GC(269) Large Pages: 2 / 12M, Empty: 6M, Relocated: 0M, In-Place: 0
[158.623s][info][gc,reloc    ] GC(269) Forwarding Usage: 4M
[158.623s][info][gc,heap     ] GC(269) Min Capacity: 8M(1%)
[158.623s][info][gc,heap     ] GC(269) Max Capacity: 1024M(100%)
[158.623s][info][gc,heap     ] GC(269) Soft Max Capacity: 1024M(100%)
[158.623s][info][gc,heap     ] GC(269)                Mark Start          Mark End        Relocate Start      Relocate End           High               Low         
[158.623s][info][gc,heap     ] GC(269)  Capacity:     1024M (100%)       1024M (100%)       1024M (100%)       1024M (100%)       1024M (100%)       1024M (100%)   
[158.623s][info][gc,heap     ] GC(269)      Free:      238M (23%)         116M (11%)         120M (12%)         190M (19%)         238M (23%)         100M (10%)    
[158.623s][info][gc,heap     ] GC(269)      Used:      786M (77%)         908M (89%)         904M (88%)         834M (81%)         924M (90%)         786M (77%)    
[158.623s][info][gc,heap     ] GC(269)      Live:         -               627M (61%)         627M (61%)         627M (61%)            -                  -          
[158.623s][info][gc,heap     ] GC(269) Allocated:         -               122M (12%)         132M (13%)         133M (13%)            -                  -          
[158.623s][info][gc,heap     ] GC(269)   Garbage:         -               158M (15%)         144M (14%)          72M (7%)             -                  -          
[158.623s][info][gc,heap     ] GC(269) Reclaimed:         -                  -                14M (1%)           85M (8%)             -                  -          
[158.623s][info][gc          ] GC(269) Garbage Collection (Allocation Rate) 786M(77%)->834M(81%)
[158.699s][info][gc,start    ] GC(270) Garbage Collection (Allocation Rate)
[158.699s][info][gc,task     ] GC(270) Using 10 workers
[158.700s][info][gc,phases   ] GC(270) Pause Mark Start 0.016ms
[158.876s][info][gc,phases   ] GC(270) Concurrent Mark 175.995ms
[158.876s][info][gc,phases   ] GC(270) Pause Mark End 0.019ms
[158.876s][info][gc,phases   ] GC(270) Concurrent Mark Free 0.001ms
[158.876s][info][gc,phases   ] GC(270) Concurrent Process Non-Strong References 0.333ms
[158.876s][info][gc,phases   ] GC(270) Concurrent Reset Relocation Set 0.007ms
[158.887s][info][gc,phases   ] GC(270) Concurrent Select Relocation Set 10.699ms
[158.887s][info][gc,phases   ] GC(270) Pause Relocate Start 0.006ms
[158.893s][info][gc,phases   ] GC(270) Concurrent Relocate 6.334ms
[158.894s][info][gc,load     ] GC(270) Load: 0.00/0.00/0.00
[158.894s][info][gc,mmu      ] GC(270) MMU: 2ms/95.8%, 5ms/98.3%, 10ms/99.2%, 20ms/99.6%, 50ms/99.7%, 100ms/99.8%
[158.894s][info][gc,marking  ] GC(270) Mark: 8 stripe(s), 2 proactive flush(es), 1 terminate flush(es), 0 completion(s), 0 continuation(s) 
[158.894s][info][gc,marking  ] GC(270) Mark Stack Usage: 32M
[158.894s][info][gc,nmethod  ] GC(270) NMethods: 544 registered, 0 unregistered
[158.894s][info][gc,metaspace] GC(270) Metaspace: 16M used, 16M committed, 1088M reserved
[158.894s][info][gc,ref      ] GC(270) Soft: 171 encountered, 0 discovered, 0 enqueued
[158.894s][info][gc,ref      ] GC(270) Weak: 989 encountered, 54 discovered, 0 enqueued
[158.894s][info][gc,ref      ] GC(270) Final: 0 encountered, 0 discovered, 0 enqueued
[158.894s][info][gc,ref      ] GC(270) Phantom: 35 encountered, 19 discovered, 0 enqueued
[158.894s][info][gc,reloc    ] GC(270) Small Pages: 444 / 888M, Empty: 16M, Relocated: 13M, In-Place: 0
[158.894s][info][gc,reloc    ] GC(270) Medium Pages: 0 / 0M, Empty: 0M, Relocated: 0M, In-Place: 0
[158.894s][info][gc,reloc    ] GC(270) Large Pages: 1 / 6M, Empty: 0M, Relocated: 0M, In-Place: 0
[158.894s][info][gc,reloc    ] GC(270) Forwarding Usage: 6M
[158.894s][info][gc,heap     ] GC(270) Min Capacity: 8M(1%)
[158.894s][info][gc,heap     ] GC(270) Max Capacity: 1024M(100%)
[158.894s][info][gc,heap     ] GC(270) Soft Max Capacity: 1024M(100%)
[158.894s][info][gc,heap     ] GC(270)                Mark Start          Mark End        Relocate Start      Relocate End           High               Low         
[158.894s][info][gc,heap     ] GC(270)  Capacity:     1024M (100%)       1024M (100%)       1024M (100%)       1024M (100%)       1024M (100%)       1024M (100%)   
[158.894s][info][gc,heap     ] GC(270)      Free:      130M (13%)          32M (3%)           40M (4%)          234M (23%)         234M (23%)          22M (2%)     
[158.894s][info][gc,heap     ] GC(270)      Used:      894M (87%)         992M (97%)         984M (96%)         790M (77%)        1002M (98%)         790M (77%)    
[158.894s][info][gc,heap     ] GC(270)      Live:         -               599M (59%)         599M (59%)         599M (59%)            -                  -          
[158.894s][info][gc,heap     ] GC(270) Allocated:         -                98M (10%)         106M (10%)         107M (11%)            -                  -          
[158.894s][info][gc,heap     ] GC(270)   Garbage:         -               294M (29%)         278M (27%)          82M (8%)             -                  -          
[158.894s][info][gc,heap     ] GC(270) Reclaimed:         -                  -                16M (2%)          211M (21%)            -                  -          
[158.894s][info][gc          ] GC(270) Garbage Collection (Allocation Rate) 894M(87%)->790M(77%)
[158.907s][info][gc,start    ] GC(271) Garbage Collection (Allocation Rate)
[158.907s][info][gc,task     ] GC(271) Using 10 workers
[158.907s][info][gc,phases   ] GC(271) Pause Mark Start 0.012ms
[159.079s][info][gc,phases   ] GC(271) Concurrent Mark 171.580ms
[159.079s][info][gc,phases   ] GC(271) Pause Mark End 0.017ms
[159.105s][info][gc,phases   ] GC(271) Concurrent Mark Free 0.001ms
[159.105s][info][gc,phases   ] GC(271) Concurrent Process Non-Strong References 0.532ms
[159.105s][info][gc,phases   ] GC(271) Concurrent Reset Relocation Set 0.017ms
[159.110s][info][gc,phases   ] GC(271) Concurrent Select Relocation Set 4.442ms
[159.110s][info][gc,phases   ] GC(271) Pause Relocate Start 0.008ms
[159.118s][info][gc,phases   ] GC(271) Concurrent Relocate 8.607ms
[159.118s][info][gc,load     ] GC(271) Load: 0.00/0.00/0.00
[159.119s][info][gc,mmu      ] GC(271) MMU: 2ms/95.8%, 5ms/98.3%, 10ms/99.2%, 20ms/99.6%, 50ms/99.7%, 100ms/99.8%
[159.119s][info][gc,marking  ] GC(271) Mark: 8 stripe(s), 3 proactive flush(es), 1 terminate flush(es), 0 completion(s), 0 continuation(s) 
[159.119s][info][gc,marking  ] GC(271) Mark Stack Usage: 32M
[159.119s][info][gc,nmethod  ] GC(271) NMethods: 544 registered, 0 unregistered
[159.119s][info][gc,metaspace] GC(271) Metaspace: 16M used, 16M committed, 1088M reserved
[159.119s][info][gc,ref      ] GC(271) Soft: 171 encountered, 0 discovered, 0 enqueued
[159.119s][info][gc,ref      ] GC(271) Weak: 989 encountered, 80 discovered, 0 enqueued
[159.119s][info][gc,ref      ] GC(271) Final: 0 encountered, 0 discovered, 0 enqueued
[159.119s][info][gc,ref      ] GC(271) Phantom: 35 encountered, 18 discovered, 0 enqueued
[159.119s][info][gc,reloc    ] GC(271) Small Pages: 396 / 792M, Empty: 10M, Relocated: 8M, In-Place: 0
[159.119s][info][gc,reloc    ] GC(271) Medium Pages: 0 / 0M, Empty: 0M, Relocated: 0M, In-Place: 0
[159.119s][info][gc,reloc    ] GC(271) Large Pages: 1 / 6M, Empty: 0M, Relocated: 0M, In-Place: 0
[159.119s][info][gc,reloc    ] GC(271) Forwarding Usage: 3M
[159.119s][info][gc,heap     ] GC(271) Min Capacity: 8M(1%)
[159.119s][info][gc,heap     ] GC(271) Max Capacity: 1024M(100%)
[159.119s][info][gc,heap     ] GC(271) Soft Max Capacity: 1024M(100%)
[159.119s][info][gc,heap     ] GC(271)                Mark Start          Mark End        Relocate Start      Relocate End           High               Low         
[159.119s][info][gc,heap     ] GC(271)  Capacity:     1024M (100%)       1024M (100%)       1024M (100%)       1024M (100%)       1024M (100%)       1024M (100%)   
[159.119s][info][gc,heap     ] GC(271)      Free:      226M (22%)         126M (12%)         134M (13%)         242M (24%)         242M (24%)         114M (11%)    
[159.119s][info][gc,heap     ] GC(271)      Used:      798M (78%)         898M (88%)         890M (87%)         782M (76%)         910M (89%)         782M (76%)    
[159.119s][info][gc,heap     ] GC(271)      Live:         -               582M (57%)         582M (57%)         582M (57%)            -                  -          
[159.119s][info][gc,heap     ] GC(271) Allocated:         -               100M (10%)         102M (10%)         105M (10%)            -                  -          
[159.119s][info][gc,heap     ] GC(271)   Garbage:         -               215M (21%)         205M (20%)          93M (9%)             -                  -          
[159.119s][info][gc,heap     ] GC(271) Reclaimed:         -                  -                10M (1%)          121M (12%)            -                  -          
[159.119s][info][gc          ] GC(271) Garbage Collection (Allocation Rate) 798M(78%)->782M(76%)
[159.204s][info][gc,start    ] GC(272) Garbage Collection (Allocation Rate)
[159.204s][info][gc,task     ] GC(272) Using 10 workers
[159.204s][info][gc,phases   ] GC(272) Pause Mark Start 0.014ms
[159.352s][info][gc,phases   ] GC(272) Concurrent Mark 147.679ms
[159.352s][info][gc,phases   ] GC(272) Pause Mark End 0.017ms
[159.352s][info][gc,phases   ] GC(272) Concurrent Mark Free 0.001ms
[159.352s][info][gc,phases   ] GC(272) Concurrent Process Non-Strong References 0.352ms
[159.352s][info][gc,phases   ] GC(272) Concurrent Reset Relocation Set 0.011ms
[159.361s][info][gc,phases   ] GC(272) Concurrent Select Relocation Set 8.976ms
[159.361s][info][gc,phases   ] GC(272) Pause Relocate Start 0.007ms
[159.365s][info][gc,phases   ] GC(272) Concurrent Relocate 3.397ms
[159.365s][info][gc,load     ] GC(272) Load: 0.00/0.00/0.00
[159.365s][info][gc,mmu      ] GC(272) MMU: 2ms/95.8%, 5ms/98.3%, 10ms/99.2%, 20ms/99.6%, 50ms/99.7%, 100ms/99.8%
[159.365s][info][gc,marking  ] GC(272) Mark: 8 stripe(s), 2 proactive flush(es), 1 terminate flush(es), 0 completion(s), 0 continuation(s) 
[159.365s][info][gc,marking  ] GC(272) Mark Stack Usage: 32M
[159.365s][info][gc,nmethod  ] GC(272) NMethods: 544 registered, 0 unregistered
[159.365s][info][gc,metaspace] GC(272) Metaspace: 16M used, 16M committed, 1088M reserved
[159.365s][info][gc,ref      ] GC(272) Soft: 171 encountered, 0 discovered, 0 enqueued
[159.365s][info][gc,ref      ] GC(272) Weak: 989 encountered, 48 discovered, 0 enqueued
[159.365s][info][gc,ref      ] GC(272) Final: 0 encountered, 0 discovered, 0 enqueued
[159.365s][info][gc,ref      ] GC(272) Phantom: 35 encountered, 17 discovered, 0 enqueued
[159.365s][info][gc,reloc    ] GC(272) Small Pages: 419 / 838M, Empty: 12M, Relocated: 8M, In-Place: 0
[159.365s][info][gc,reloc    ] GC(272) Medium Pages: 0 / 0M, Empty: 0M, Relocated: 0M, In-Place: 0
[159.365s][info][gc,reloc    ] GC(272) Large Pages: 1 / 6M, Empty: 0M, Relocated: 0M, In-Place: 0
[159.365s][info][gc,reloc    ] GC(272) Forwarding Usage: 4M
[159.365s][info][gc,heap     ] GC(272) Min Capacity: 8M(1%)
[159.365s][info][gc,heap     ] GC(272) Max Capacity: 1024M(100%)
[159.365s][info][gc,heap     ] GC(272) Soft Max Capacity: 1024M(100%)
[159.365s][info][gc,heap     ] GC(272)                Mark Start          Mark End        Relocate Start      Relocate End           High               Low         
[159.365s][info][gc,heap     ] GC(272)  Capacity:     1024M (100%)       1024M (100%)       1024M (100%)       1024M (100%)       1024M (100%)       1024M (100%)   
[159.365s][info][gc,heap     ] GC(272)      Free:      180M (18%)          88M (9%)           92M (9%)          264M (26%)         264M (26%)          70M (7%)     
[159.366s][info][gc,heap     ] GC(272)      Used:      844M (82%)         936M (91%)         932M (91%)         760M (74%)         954M (93%)         760M (74%)    
[159.366s][info][gc,heap     ] GC(272)      Live:         -               556M (54%)         556M (54%)         556M (54%)            -                  -          
[159.366s][info][gc,heap     ] GC(272) Allocated:         -                92M (9%)          100M (10%)         101M (10%)            -                  -          
[159.366s][info][gc,heap     ] GC(272)   Garbage:         -               287M (28%)         275M (27%)         101M (10%)            -                  -          
[159.366s][info][gc,heap     ] GC(272) Reclaimed:         -                  -                12M (1%)          185M (18%)            -                  -          
[159.366s][info][gc          ] GC(272) Garbage Collection (Allocation Rate) 844M(82%)->760M(74%)
[159.399s][info][gc,start    ] GC(273) Garbage Collection (Allocation Rate)
[159.399s][info][gc,task     ] GC(273) Using 10 workers
[159.399s][info][gc,phases   ] GC(273) Pause Mark Start 0.014ms
[159.539s][info][gc,phases   ] GC(273) Concurrent Mark 140.275ms
[159.539s][info][gc,phases   ] GC(273) Pause Mark End 0.023ms
[159.539s][info][gc,phases   ] GC(273) Concurrent Mark Free 0.001ms
[159.540s][info][gc,phases   ] GC(273) Concurrent Process Non-Strong References 0.377ms
[159.540s][info][gc,phases   ] GC(273) Concurrent Reset Relocation Set 0.021ms
[159.549s][info][gc,phases   ] GC(273) Concurrent Select Relocation Set 9.481ms
[159.549s][info][gc,phases   ] GC(273) Pause Relocate Start 0.007ms
[159.554s][info][gc,phases   ] GC(273) Concurrent Relocate 4.133ms
[159.554s][info][gc,load     ] GC(273) Load: 0.00/0.00/0.00
[159.554s][info][gc,mmu      ] GC(273) MMU: 2ms/95.8%, 5ms/98.3%, 10ms/99.2%, 20ms/99.6%, 50ms/99.7%, 100ms/99.8%
[159.554s][info][gc,marking  ] GC(273) Mark: 8 stripe(s), 4 proactive flush(es), 2 terminate flush(es), 0 completion(s), 0 continuation(s) 
[159.554s][info][gc,marking  ] GC(273) Mark Stack Usage: 32M
[159.554s][info][gc,nmethod  ] GC(273) NMethods: 544 registered, 0 unregistered
[159.554s][info][gc,metaspace] GC(273) Metaspace: 16M used, 16M committed, 1088M reserved
[159.554s][info][gc,ref      ] GC(273) Soft: 171 encountered, 0 discovered, 0 enqueued
[159.554s][info][gc,ref      ] GC(273) Weak: 989 encountered, 55 discovered, 0 enqueued
[159.554s][info][gc,ref      ] GC(273) Final: 0 encountered, 0 discovered, 0 enqueued
[159.554s][info][gc,ref      ] GC(273) Phantom: 35 encountered, 21 discovered, 0 enqueued
[159.554s][info][gc,reloc    ] GC(273) Small Pages: 391 / 782M, Empty: 10M, Relocated: 10M, In-Place: 0
[159.554s][info][gc,reloc    ] GC(273) Medium Pages: 0 / 0M, Empty: 0M, Relocated: 0M, In-Place: 0
[159.554s][info][gc,reloc    ] GC(273) Large Pages: 1 / 6M, Empty: 0M, Relocated: 0M, In-Place: 0
[159.554s][info][gc,reloc    ] GC(273) Forwarding Usage: 5M
[159.554s][info][gc,heap     ] GC(273) Min Capacity: 8M(1%)
[159.554s][info][gc,heap     ] GC(273) Max Capacity: 1024M(100%)
[159.554s][info][gc,heap     ] GC(273) Soft Max Capacity: 1024M(100%)
[159.554s][info][gc,heap     ] GC(273)                Mark Start          Mark End        Relocate Start      Relocate End           High               Low         
[159.554s][info][gc,heap     ] GC(273)  Capacity:     1024M (100%)       1024M (100%)       1024M (100%)       1024M (100%)       1024M (100%)       1024M (100%)   
[159.554s][info][gc,heap     ] GC(273)      Free:      236M (23%)         138M (13%)         138M (13%)         274M (27%)         274M (27%)         118M (12%)    
[159.554s][info][gc,heap     ] GC(273)      Used:      788M (77%)         886M (87%)         886M (87%)         750M (73%)         906M (88%)         750M (73%)    
[159.554s][info][gc,heap     ] GC(273)      Live:         -               537M (52%)         537M (52%)         537M (52%)            -                  -          
[159.554s][info][gc,heap     ] GC(273) Allocated:         -                98M (10%)         108M (11%)         109M (11%)            -                  -          
[159.554s][info][gc,heap     ] GC(273)   Garbage:         -               250M (24%)         240M (23%)         102M (10%)            -                  -          
[159.554s][info][gc,heap     ] GC(273) Reclaimed:         -                  -                10M (1%)          147M (14%)            -                  -          
[159.555s][info][gc          ] GC(273) Garbage Collection (Allocation Rate) 788M(77%)->750M(73%)
[159.602s][info][gc,start    ] GC(274) Garbage Collection (Allocation Rate)
[159.602s][info][gc,task     ] GC(274) Using 10 workers
[159.602s][info][gc,phases   ] GC(274) Pause Mark Start 0.017ms
[159.711s][info][gc,phases   ] GC(274) Concurrent Mark 108.981ms
[159.711s][info][gc,phases   ] GC(274) Pause Mark End 0.013ms
[159.711s][info][gc,phases   ] GC(274) Concurrent Mark Free 0.001ms
[159.711s][info][gc,phases   ] GC(274) Concurrent Process Non-Strong References 0.327ms
[159.712s][info][gc,phases   ] GC(274) Concurrent Reset Relocation Set 0.011ms
[159.720s][info][gc,phases   ] GC(274) Concurrent Select Relocation Set 8.019ms
[159.720s][info][gc,phases   ] GC(274) Pause Relocate Start 0.008ms
[159.723s][info][gc,phases   ] GC(274) Concurrent Relocate 3.712ms
[159.724s][info][gc,load     ] GC(274) Load: 0.00/0.00/0.00
[159.724s][info][gc,mmu      ] GC(274) MMU: 2ms/95.8%, 5ms/98.3%, 10ms/99.2%, 20ms/99.6%, 50ms/99.7%, 100ms/99.8%
[159.724s][info][gc,marking  ] GC(274) Mark: 8 stripe(s), 2 proactive flush(es), 1 terminate flush(es), 0 completion(s), 0 continuation(s) 
[159.724s][info][gc,marking  ] GC(274) Mark Stack Usage: 32M
[159.724s][info][gc,nmethod  ] GC(274) NMethods: 579 registered, 0 unregistered
[159.724s][info][gc,metaspace] GC(274) Metaspace: 16M used, 16M committed, 1088M reserved
[159.724s][info][gc,ref      ] GC(274) Soft: 171 encountered, 0 discovered, 0 enqueued
[159.724s][info][gc,ref      ] GC(274) Weak: 988 encountered, 48 discovered, 0 enqueued
[159.724s][info][gc,ref      ] GC(274) Final: 0 encountered, 0 discovered, 0 enqueued
[159.724s][info][gc,ref      ] GC(274) Phantom: 35 encountered, 22 discovered, 0 enqueued
[159.724s][info][gc,reloc    ] GC(274) Small Pages: 392 / 784M, Empty: 14M, Relocated: 12M, In-Place: 0
[159.724s][info][gc,reloc    ] GC(274) Medium Pages: 0 / 0M, Empty: 0M, Relocated: 0M, In-Place: 0
[159.724s][info][gc,reloc    ] GC(274) Large Pages: 1 / 6M, Empty: 0M, Relocated: 0M, In-Place: 0
[159.724s][info][gc,reloc    ] GC(274) Forwarding Usage: 5M
[159.724s][info][gc,heap     ] GC(274) Min Capacity: 8M(1%)
[159.724s][info][gc,heap     ] GC(274) Max Capacity: 1024M(100%)
[159.724s][info][gc,heap     ] GC(274) Soft Max Capacity: 1024M(100%)
[159.724s][info][gc,heap     ] GC(274)                Mark Start          Mark End        Relocate Start      Relocate End           High               Low         
[159.724s][info][gc,heap     ] GC(274)  Capacity:     1024M (100%)       1024M (100%)       1024M (100%)       1024M (100%)       1024M (100%)       1024M (100%)   
[159.724s][info][gc,heap     ] GC(274)      Free:      234M (23%)         186M (18%)         200M (20%)         358M (35%)         358M (35%)         180M (18%)    
[159.724s][info][gc,heap     ] GC(274)      Used:      790M (77%)         838M (82%)         824M (80%)         666M (65%)         844M (82%)         666M (65%)    
[159.724s][info][gc,heap     ] GC(274)      Live:         -               513M (50%)         513M (50%)         513M (50%)            -                  -          
[159.724s][info][gc,heap     ] GC(274) Allocated:         -                48M (5%)           48M (5%)           48M (5%)             -                  -          
[159.724s][info][gc,heap     ] GC(274)   Garbage:         -               276M (27%)         262M (26%)         104M (10%)            -                  -          
[159.724s][info][gc,heap     ] GC(274) Reclaimed:         -                  -                14M (1%)          172M (17%)            -                  -          
[159.724s][info][gc          ] GC(274) Garbage Collection (Allocation Rate) 790M(77%)->666M(65%)
[159.805s][info][gc,start    ] GC(275) Garbage Collection (Allocation Rate)
[159.805s][info][gc,task     ] GC(275) Using 10 workers
[159.805s][info][gc,phases   ] GC(275) Pause Mark Start 0.007ms
[159.836s][info][gc,phases   ] GC(275) Concurrent Mark 31.001ms
[159.836s][info][gc,phases   ] GC(275) Pause Mark End 0.015ms
[159.836s][info][gc,phases   ] GC(275) Concurrent Mark Free 0.001ms
[159.837s][info][gc,phases   ] GC(275) Concurrent Process Non-Strong References 0.583ms
[159.837s][info][gc,phases   ] GC(275) Concurrent Reset Relocation Set 0.016ms
[159.841s][info][gc,phases   ] GC(275) Concurrent Select Relocation Set 4.437ms
[159.841s][info][gc,phases   ] GC(275) Pause Relocate Start 0.006ms
[159.845s][info][gc,phases   ] GC(275) Concurrent Relocate 3.002ms
[159.845s][info][gc,load     ] GC(275) Load: 0.00/0.00/0.00
[159.845s][info][gc,mmu      ] GC(275) MMU: 2ms/95.8%, 5ms/98.3%, 10ms/99.2%, 20ms/99.6%, 50ms/99.7%, 100ms/99.8%
[159.845s][info][gc,marking  ] GC(275) Mark: 8 stripe(s), 4 proactive flush(es), 1 terminate flush(es), 0 completion(s), 0 continuation(s) 
[159.845s][info][gc,marking  ] GC(275) Mark Stack Usage: 32M
[159.845s][info][gc,nmethod  ] GC(275) NMethods: 574 registered, 5 unregistered
[159.845s][info][gc,metaspace] GC(275) Metaspace: 16M used, 16M committed, 1088M reserved
[159.845s][info][gc,ref      ] GC(275) Soft: 171 encountered, 0 discovered, 0 enqueued
[159.845s][info][gc,ref      ] GC(275) Weak: 991 encountered, 91 discovered, 6 enqueued
[159.845s][info][gc,ref      ] GC(275) Final: 0 encountered, 0 discovered, 0 enqueued
[159.845s][info][gc,ref      ] GC(275) Phantom: 35 encountered, 30 discovered, 0 enqueued
[159.845s][info][gc,reloc    ] GC(275) Small Pages: 331 / 662M, Empty: 590M, Relocated: 6M, In-Place: 0
[159.845s][info][gc,reloc    ] GC(275) Medium Pages: 0 / 0M, Empty: 0M, Relocated: 0M, In-Place: 0
[159.845s][info][gc,reloc    ] GC(275) Large Pages: 1 / 6M, Empty: 6M, Relocated: 0M, In-Place: 0
[159.845s][info][gc,reloc    ] GC(275) Forwarding Usage: 1M
[159.845s][info][gc,heap     ] GC(275) Min Capacity: 8M(1%)
[159.845s][info][gc,heap     ] GC(275) Max Capacity: 1024M(100%)
[159.845s][info][gc,heap     ] GC(275) Soft Max Capacity: 1024M(100%)
[159.845s][info][gc,heap     ] GC(275)                Mark Start          Mark End        Relocate Start      Relocate End           High               Low         
[159.845s][info][gc,heap     ] GC(275)  Capacity:     1024M (100%)       1024M (100%)       1024M (100%)       1024M (100%)       1024M (100%)       1024M (100%)   
[159.845s][info][gc,heap     ] GC(275)      Free:      356M (35%)         354M (35%)         950M (93%)         972M (95%)         972M (95%)         354M (35%)    
[159.845s][info][gc,heap     ] GC(275)      Used:      668M (65%)         670M (65%)          74M (7%)           52M (5%)          670M (65%)          52M (5%)     
[159.845s][info][gc,heap     ] GC(275)      Live:         -                31M (3%)           31M (3%)           31M (3%)             -                  -          
[159.845s][info][gc,heap     ] GC(275) Allocated:         -                 2M (0%)            2M (0%)            1M (0%)             -                  -          
[159.845s][info][gc,heap     ] GC(275)   Garbage:         -               636M (62%)          40M (4%)           18M (2%)             -                  -          
[159.845s][info][gc,heap     ] GC(275) Reclaimed:         -                  -               596M (58%)         617M (60%)            -                  -          
[159.845s][info][gc          ] GC(275) Garbage Collection (Allocation Rate) 668M(65%)->52M(5%)
[160.109s][info][gc,stats    ] === Garbage Collection Statistics =======================================================================================================================
[160.109s][info][gc,stats    ]                                                              Last 10s              Last 10m              Last 10h                Total
[160.109s][info][gc,stats    ]                                                              Avg / Max             Avg / Max             Avg / Max             Avg / Max
[160.109s][info][gc,stats    ]   Collector: Garbage Collection Cycle                    180.005 / 247.779     139.673 / 318.799     139.673 / 318.799     139.673 / 318.799     ms
[160.109s][info][gc,stats    ]  Contention: Mark Segment Reset Contention                     9 / 27                8 / 41                8 / 41                8 / 41          ops/s
[160.109s][info][gc,stats    ]  Contention: Mark SeqNum Reset Contention                      1 / 6                 1 / 10                1 / 10                1 / 10          ops/s
[160.109s][info][gc,stats    ]    Critical: Allocation Stall                                  0 / 0                15 / 308              15 / 308              15 / 308         ops/s
[160.109s][info][gc,stats    ]    Critical: Allocation Stall                              0.000 / 0.000        12.317 / 52.907       12.317 / 52.907       12.317 / 52.907      ms
[160.109s][info][gc,stats    ]    Critical: GC Locker Stall                                   0 / 0                 0 / 0                 0 / 0                 0 / 0           ops/s
[160.109s][info][gc,stats    ]    Critical: GC Locker Stall                               0.000 / 0.000         0.000 / 0.000         0.000 / 0.000         0.000 / 0.000       ms
[160.109s][info][gc,stats    ]    Critical: Relocation Stall                                  0 / 0                 0 / 4                 0 / 4                 0 / 4           ops/s
[160.110s][info][gc,stats    ]    Critical: Relocation Stall                              0.000 / 0.000         1.168 / 4.839         1.168 / 4.839         1.168 / 4.839       ms
[160.110s][info][gc,stats    ]      Memory: Allocation Rate                                 249 / 934             569 / 6762            569 / 6762            569 / 6762        MB/s
[160.110s][info][gc,stats    ]      Memory: Defragment                                        1 / 18                2 / 29                2 / 29                2 / 29          ops/s
[160.110s][info][gc,stats    ]      Memory: Out Of Memory                                     0 / 0                 0 / 0                 0 / 0                 0 / 0           ops/s
[160.110s][info][gc,stats    ]      Memory: Page Cache Flush                                  3 / 36                8 / 122               8 / 122               8 / 122         MB/s
[160.110s][info][gc,stats    ]      Memory: Page Cache Hit L1                               163 / 613             318 / 3426            318 / 3426            318 / 3426        ops/s
[160.110s][info][gc,stats    ]      Memory: Page Cache Hit L2                                 0 / 0                 0 / 0                 0 / 0                 0 / 0           ops/s
[160.110s][info][gc,stats    ]      Memory: Page Cache Hit L3                                 1 / 16                5 / 407               5 / 407               5 / 407         ops/s
[160.110s][info][gc,stats    ]      Memory: Page Cache Miss                                   0 / 0                 0 / 2                 0 / 2                 0 / 2           ops/s
[160.110s][info][gc,stats    ]      Memory: Uncommit                                          0 / 0                 0 / 0                 0 / 0                 0 / 0           MB/s
[160.110s][info][gc,stats    ]      Memory: Undo Object Allocation Failed                     0 / 0                20 / 647              20 / 647              20 / 647         ops/s
[160.110s][info][gc,stats    ]      Memory: Undo Object Allocation Succeeded                  0 / 2                 5 / 108               5 / 108               5 / 108         ops/s
[160.110s][info][gc,stats    ]      Memory: Undo Page Allocation                              0 / 0                52 / 1061             52 / 1061             52 / 1061        ops/s
[160.110s][info][gc,stats    ]       Phase: Concurrent Mark                             144.632 / 202.737     102.665 / 249.632     102.665 / 249.632     102.665 / 249.632     ms
[160.110s][info][gc,stats    ]       Phase: Concurrent Mark Continue                      0.000 / 0.000         0.000 / 0.000         0.000 / 0.000         0.000 / 0.000       ms
[160.110s][info][gc,stats    ]       Phase: Concurrent Mark Free                          0.001 / 0.002         0.001 / 0.004         0.001 / 0.004         0.001 / 0.004       ms
[160.110s][info][gc,stats    ]       Phase: Concurrent Process Non-Strong References      0.529 / 1.662         0.970 / 15.033        0.970 / 15.033        0.970 / 15.033      ms
[160.110s][info][gc,stats    ]       Phase: Concurrent Relocate                          15.447 / 35.011       12.359 / 59.080       12.359 / 59.080       12.359 / 59.080      ms
[160.110s][info][gc,stats    ]       Phase: Concurrent Reset Relocation Set               0.013 / 0.024         0.014 / 0.066         0.014 / 0.066         0.014 / 0.066       ms
[160.110s][info][gc,stats    ]       Phase: Concurrent Select Relocation Set             15.929 / 56.010       12.655 / 64.809       12.655 / 64.809       12.655 / 64.809      ms
[160.110s][info][gc,stats    ]       Phase: Pause Mark End                                0.018 / 0.023         0.017 / 0.027         0.017 / 0.027         0.017 / 0.027       ms
[160.110s][info][gc,stats    ]       Phase: Pause Mark Start                              0.014 / 0.018         0.019 / 0.084         0.019 / 0.084         0.019 / 0.084       ms
[160.110s][info][gc,stats    ]       Phase: Pause Relocate Start                          0.009 / 0.014         0.008 / 0.025         0.008 / 0.025         0.008 / 0.025       ms
[160.110s][info][gc,stats    ]    Subphase: Concurrent Classes Purge                      0.090 / 1.148         0.076 / 5.672         0.076 / 5.672         0.076 / 5.672       ms
[160.110s][info][gc,stats    ]    Subphase: Concurrent Classes Unlink                     0.200 / 0.292         0.434 / 6.293         0.434 / 6.293         0.434 / 6.293       ms
[160.110s][info][gc,stats    ]    Subphase: Concurrent Mark                             142.091 / 201.430     100.412 / 248.331     100.412 / 248.331     100.412 / 248.331     ms
[160.110s][info][gc,stats    ]    Subphase: Concurrent Mark Try Flush                     0.060 / 0.157         0.801 / 31.490        0.801 / 31.490        0.801 / 31.490      ms
[160.110s][info][gc,stats    ]    Subphase: Concurrent Mark Try Terminate                 7.449 / 16.123        8.547 / 16.640        8.547 / 16.640        8.547 / 16.640      ms
[160.110s][info][gc,stats    ]    Subphase: Concurrent References Enqueue                 0.001 / 0.004         0.001 / 0.007         0.001 / 0.007         0.001 / 0.007       ms
[160.111s][info][gc,stats    ]    Subphase: Concurrent References Process                 0.028 / 0.034         0.033 / 0.210         0.033 / 0.210         0.033 / 0.210       ms
[160.111s][info][gc,stats    ]    Subphase: Concurrent Roots ClassLoaderDataGraph         0.040 / 0.376         0.041 / 1.028         0.041 / 1.028         0.041 / 1.028       ms
[160.111s][info][gc,stats    ]    Subphase: Concurrent Roots CodeCache                    0.000 / 0.000         0.000 / 0.000         0.000 / 0.000         0.000 / 0.000       ms
[160.111s][info][gc,stats    ]    Subphase: Concurrent Roots JavaThreads                  1.246 / 8.068         0.729 / 8.068         0.729 / 8.068         0.729 / 8.068       ms
[160.111s][info][gc,stats    ]    Subphase: Concurrent Roots OopStorageSet                0.013 / 0.033         0.015 / 0.682         0.015 / 0.682         0.015 / 0.682       ms
[160.111s][info][gc,stats    ]    Subphase: Concurrent Weak Roots OopStorageSet           0.127 / 0.204         0.111 / 0.309         0.111 / 0.309         0.111 / 0.309       ms
[160.111s][info][gc,stats    ]    Subphase: Pause Mark Try Complete                       0.000 / 0.000         0.000 / 0.000         0.000 / 0.000         0.000 / 0.000       ms
[160.111s][info][gc,stats    ]      System: Java Threads                                     67 / 71               64 / 75               64 / 75               64 / 75          threads
[160.111s][info][gc,stats    ] =========================================================================================================================================================
[161.359s][info][gc,start    ] GC(276) Garbage Collection (System.gc())
[161.359s][info][gc,task     ] GC(276) Using 10 workers
[161.359s][info][gc,phases   ] GC(276) Pause Mark Start 0.009ms
[161.389s][info][gc,phases   ] GC(276) Concurrent Mark 29.228ms
[161.389s][info][gc,phases   ] GC(276) Pause Mark End 0.020ms
[161.389s][info][gc,phases   ] GC(276) Concurrent Mark Free 0.001ms
[161.390s][info][gc,phases   ] GC(276) Concurrent Process Non-Strong References 0.545ms
[161.390s][info][gc,phases   ] GC(276) Concurrent Reset Relocation Set 0.004ms
[161.393s][info][gc,phases   ] GC(276) Concurrent Select Relocation Set 3.621ms
[161.393s][info][gc,phases   ] GC(276) Pause Relocate Start 0.011ms
[161.395s][info][gc,phases   ] GC(276) Concurrent Relocate 1.349ms
[161.395s][info][gc,load     ] GC(276) Load: 0.00/0.00/0.00
[161.395s][info][gc,mmu      ] GC(276) MMU: 2ms/95.8%, 5ms/98.3%, 10ms/99.2%, 20ms/99.6%, 50ms/99.7%, 100ms/99.8%
[161.395s][info][gc,marking  ] GC(276) Mark: 8 stripe(s), 3 proactive flush(es), 1 terminate flush(es), 0 completion(s), 0 continuation(s) 
[161.395s][info][gc,marking  ] GC(276) Mark Stack Usage: 32M
[161.395s][info][gc,nmethod  ] GC(276) NMethods: 582 registered, 5 unregistered
[161.395s][info][gc,metaspace] GC(276) Metaspace: 16M used, 16M committed, 1088M reserved
[161.395s][info][gc,ref      ] GC(276) Soft: 171 encountered, 0 discovered, 0 enqueued
[161.395s][info][gc,ref      ] GC(276) Weak: 985 encountered, 65 discovered, 0 enqueued
[161.395s][info][gc,ref      ] GC(276) Final: 0 encountered, 0 discovered, 0 enqueued
[161.395s][info][gc,ref      ] GC(276) Phantom: 35 encountered, 29 discovered, 0 enqueued
[161.395s][info][gc,reloc    ] GC(276) Small Pages: 64 / 128M, Empty: 76M, Relocated: 4M, In-Place: 0
[161.395s][info][gc,reloc    ] GC(276) Medium Pages: 0 / 0M, Empty: 0M, Relocated: 0M, In-Place: 0
[161.395s][info][gc,reloc    ] GC(276) Large Pages: 0 / 0M, Empty: 0M, Relocated: 0M, In-Place: 0
[161.395s][info][gc,reloc    ] GC(276) Forwarding Usage: 1M
[161.395s][info][gc,heap     ] GC(276) Min Capacity: 8M(1%)
[161.395s][info][gc,heap     ] GC(276) Max Capacity: 1024M(100%)
[161.395s][info][gc,heap     ] GC(276) Soft Max Capacity: 1024M(100%)
[161.395s][info][gc,heap     ] GC(276)                Mark Start          Mark End        Relocate Start      Relocate End           High               Low         
[161.395s][info][gc,heap     ] GC(276)  Capacity:     1024M (100%)       1024M (100%)       1024M (100%)       1024M (100%)       1024M (100%)       1024M (100%)   
[161.395s][info][gc,heap     ] GC(276)      Free:      896M (88%)         896M (88%)         972M (95%)         976M (95%)         976M (95%)         896M (88%)    
[161.395s][info][gc,heap     ] GC(276)      Used:      128M (13%)         128M (13%)          52M (5%)           48M (5%)          128M (13%)          48M (5%)     
[161.395s][info][gc,heap     ] GC(276)      Live:         -                28M (3%)           28M (3%)           28M (3%)             -                  -          
[161.396s][info][gc,heap     ] GC(276) Allocated:         -                 0M (0%)            0M (0%)            0M (0%)             -                  -          
[161.396s][info][gc,heap     ] GC(276)   Garbage:         -                99M (10%)          23M (2%)           19M (2%)             -                  -          
[161.396s][info][gc,heap     ] GC(276) Reclaimed:         -                  -                76M (7%)           80M (8%)             -                  -          
[161.396s][info][gc          ] GC(276) Garbage Collection (System.gc()) 128M(13%)->48M(5%)
[163.494s][info][gc,start    ] GC(277) Garbage Collection (Allocation Stall)
[163.494s][info][gc,ref      ] GC(277) Clearing All SoftReferences
[163.494s][info][gc,task     ] GC(277) Using 10 workers
[163.495s][info][gc,ref      ] GC(277) Clearing All SoftReferences
[163.495s][info][gc,phases   ] GC(277) Pause Mark Start 0.049ms
[163.495s][info][gc          ] Allocation Stall (reactors-io-scheduler-ForkJoinPool-1-worker-20) 1.039ms
[163.495s][info][gc          ] Allocation Stall (reactors-io-scheduler-ForkJoinPool-1-worker-10) 1.024ms
[163.495s][info][gc          ] Allocation Stall (reactors-io-scheduler-ForkJoinPool-1-worker-21) 0.979ms
[163.495s][info][gc          ] Allocation Stall (reactors-io-scheduler-ForkJoinPool-1-worker-2) 0.888ms
[163.495s][info][gc          ] Allocation Stall (reactors-io-scheduler-ForkJoinPool-1-worker-32) 0.910ms
[163.495s][info][gc          ] Allocation Stall (reactors-io-scheduler-ForkJoinPool-1-worker-33) 0.897ms
[163.495s][info][gc          ] Allocation Stall (reactors-io-scheduler-ForkJoinPool-1-worker-41) 0.959ms
[163.495s][info][gc          ] Allocation Stall (reactors-io-scheduler-ForkJoinPool-1-worker-19) 1.015ms
[163.495s][info][gc          ] Allocation Stall (reactors-io-scheduler-ForkJoinPool-1-worker-30) 0.906ms
[163.495s][info][gc          ] Allocation Stall (reactors-io-scheduler-ForkJoinPool-1-worker-9) 0.940ms
[163.495s][info][gc          ] Allocation Stall (reactors-io-scheduler-ForkJoinPool-1-worker-14) 1.050ms
[163.495s][info][gc          ] Allocation Stall (reactors-io-scheduler-ForkJoinPool-1-worker-43) 1.058ms
[163.495s][info][gc          ] Allocation Stall (reactors-io-scheduler-ForkJoinPool-1-worker-5) 0.954ms
[163.495s][info][gc          ] Allocation Stall (reactors-io-scheduler-ForkJoinPool-1-worker-13) 0.981ms
[163.495s][info][gc          ] Allocation Stall (reactors-io-scheduler-ForkJoinPool-1-worker-3) 1.005ms
[163.495s][info][gc          ] Allocation Stall (reactors-io-scheduler-ForkJoinPool-1-worker-40) 1.045ms
[163.495s][info][gc          ] Allocation Stall (reactors-io-scheduler-ForkJoinPool-1-worker-4) 1.058ms
[163.495s][info][gc          ] Allocation Stall (reactors-io-scheduler-ForkJoinPool-1-worker-22) 1.101ms
[163.495s][info][gc          ] Allocation Stall (reactors-io-scheduler-ForkJoinPool-1-worker-26) 1.149ms
[163.495s][info][gc          ] Allocation Stall (reactors-io-scheduler-ForkJoinPool-1-worker-7) 1.149ms
[163.495s][info][gc          ] Allocation Stall (reactors-io-scheduler-ForkJoinPool-1-worker-38) 1.162ms
[163.495s][info][gc          ] Allocation Stall (reactors-io-scheduler-ForkJoinPool-1-worker-36) 1.192ms
[163.495s][info][gc          ] Allocation Stall (reactors-io-scheduler-ForkJoinPool-1-worker-24) 1.224ms
[163.495s][info][gc          ] Allocation Stall (reactors-io-scheduler-ForkJoinPool-1-worker-44) 1.232ms
[163.495s][info][gc          ] Allocation Stall (reactors-io-scheduler-ForkJoinPool-1-worker-15) 0.517ms
[163.496s][info][gc          ] Allocation Stall (reactors-io-scheduler-ForkJoinPool-1-worker-12) 0.586ms
[163.496s][info][gc          ] Allocation Stall (reactors-io-scheduler-ForkJoinPool-1-worker-11) 0.612ms
[163.496s][info][gc          ] Allocation Stall (reactors-io-scheduler-ForkJoinPool-1-worker-37) 0.645ms
[163.496s][info][gc          ] Allocation Stall (reactors-io-scheduler-ForkJoinPool-1-worker-8) 0.681ms
[163.496s][info][gc          ] Allocation Stall (reactors-io-scheduler-ForkJoinPool-1-worker-48) 0.736ms
[163.496s][info][gc          ] Allocation Stall (reactors-io-scheduler-ForkJoinPool-1-worker-17) 0.776ms
[163.496s][info][gc          ] Allocation Stall (reactors-io-scheduler-ForkJoinPool-1-worker-46) 0.807ms
[163.496s][info][gc          ] Allocation Stall (reactors-io-scheduler-ForkJoinPool-1-worker-35) 0.868ms
[163.496s][info][gc          ] Allocation Stall (reactors-io-scheduler-ForkJoinPool-1-worker-28) 0.914ms
[163.496s][info][gc          ] Allocation Stall (reactors-io-scheduler-ForkJoinPool-1-worker-34) 0.949ms
[163.496s][info][gc          ] Allocation Stall (reactors-io-scheduler-ForkJoinPool-1-worker-39) 0.986ms
[163.496s][info][gc          ] Allocation Stall (reactors-io-scheduler-ForkJoinPool-1-worker-27) 1.025ms
[163.496s][info][gc          ] Allocation Stall (reactors-io-scheduler-ForkJoinPool-1-worker-42) 1.060ms
[163.496s][info][gc          ] Allocation Stall (reactors-io-scheduler-ForkJoinPool-1-worker-6) 1.098ms
[163.496s][info][gc          ] Allocation Stall (reactors-io-scheduler-ForkJoinPool-1-worker-1) 1.175ms
[163.498s][info][gc          ] Allocation Stall (reactors-io-scheduler-ForkJoinPool-1-worker-29) 2.635ms
[163.498s][info][gc          ] Allocation Stall (reactors-io-scheduler-ForkJoinPool-1-worker-25) 2.983ms
[163.498s][info][gc          ] Allocation Stall (reactors-io-scheduler-ForkJoinPool-1-worker-18) 3.040ms
[163.498s][info][gc          ] Allocation Stall (reactors-io-scheduler-ForkJoinPool-1-worker-23) 3.132ms
[163.498s][info][gc          ] Allocation Stall (reactors-io-scheduler-ForkJoinPool-1-worker-45) 3.419ms
[163.498s][info][gc          ] Allocation Stall (reactors-io-scheduler-ForkJoinPool-1-worker-47) 3.431ms
[163.498s][info][gc          ] Allocation Stall (reactors-io-scheduler-ForkJoinPool-1-worker-16) 3.440ms
[163.499s][info][gc          ] Allocation Stall (reactors-io-scheduler-ForkJoinPool-1-worker-33) 1.174ms
[163.500s][info][gc          ] Allocation Stall (reactors-io-scheduler-ForkJoinPool-1-worker-32) 2.010ms
[163.501s][info][gc          ] Allocation Stall (reactors-io-scheduler-ForkJoinPool-1-worker-28) 0.314ms
[163.503s][info][gc          ] Allocation Stall (reactors-io-scheduler-ForkJoinPool-1-worker-48) 1.731ms
[163.523s][info][gc,phases   ] GC(277) Concurrent Mark 28.508ms
[163.524s][info][gc,phases   ] GC(277) Pause Mark End 0.014ms
[163.524s][info][gc,phases   ] GC(277) Concurrent Mark Free 0.000ms
[163.524s][info][gc,phases   ] GC(277) Concurrent Process Non-Strong References 0.378ms
[163.524s][info][gc,phases   ] GC(277) Concurrent Reset Relocation Set 0.003ms
[163.524s][info][gc          ] Allocation Stall (reactors-io-scheduler-ForkJoinPool-1-worker-13) 15.811ms
[163.524s][info][gc          ] Allocation Stall (reactors-io-scheduler-ForkJoinPool-1-worker-21) 16.037ms
[163.524s][info][gc          ] Allocation Stall (reactors-io-scheduler-ForkJoinPool-1-worker-5) 15.313ms
[163.524s][info][gc          ] Allocation Stall (reactors-io-scheduler-ForkJoinPool-1-worker-11) 15.491ms
[163.524s][info][gc          ] Allocation Stall (reactors-io-scheduler-ForkJoinPool-1-worker-16) 15.917ms
[163.524s][info][gc          ] Allocation Stall (reactors-io-scheduler-ForkJoinPool-1-worker-10) 16.193ms
[163.524s][info][gc          ] Allocation Stall (reactors-io-scheduler-ForkJoinPool-1-worker-18) 15.596ms
[163.524s][info][gc          ] Allocation Stall (reactors-io-scheduler-ForkJoinPool-1-worker-17) 15.491ms
[163.524s][info][gc          ] Allocation Stall (reactors-io-scheduler-ForkJoinPool-1-worker-32) 15.735ms
[163.524s][info][gc          ] Allocation Stall (reactors-io-scheduler-ForkJoinPool-1-worker-46) 16.861ms
[163.524s][info][gc          ] Allocation Stall (reactors-io-scheduler-ForkJoinPool-1-worker-31) 16.299ms
[163.524s][info][gc          ] Allocation Stall (reactors-io-scheduler-ForkJoinPool-1-worker-39) 15.510ms
[163.524s][info][gc          ] Allocation Stall (reactors-io-scheduler-ForkJoinPool-1-worker-34) 15.572ms
[163.524s][info][gc          ] Allocation Stall (reactors-io-scheduler-ForkJoinPool-1-worker-7) 17.065ms
[163.524s][info][gc          ] Allocation Stall (reactors-io-scheduler-ForkJoinPool-1-worker-26) 16.481ms
[163.524s][info][gc          ] Allocation Stall (reactors-io-scheduler-ForkJoinPool-1-worker-38) 16.048ms
[163.524s][info][gc          ] Allocation Stall (reactors-io-scheduler-ForkJoinPool-1-worker-24) 16.907ms
[163.524s][info][gc          ] Allocation Stall (reactors-io-scheduler-ForkJoinPool-1-worker-30) 19.366ms
[163.524s][info][gc          ] Allocation Stall (reactors-io-scheduler-ForkJoinPool-1-worker-15) 16.514ms
[163.524s][info][gc          ] Allocation Stall (reactors-io-scheduler-ForkJoinPool-1-worker-42) 15.227ms
[163.524s][info][gc          ] Allocation Stall (reactors-io-scheduler-ForkJoinPool-1-worker-29) 15.475ms
[163.524s][info][gc          ] Allocation Stall (reactors-io-scheduler-ForkJoinPool-1-worker-22) 16.580ms
[163.524s][info][gc          ] Allocation Stall (reactors-io-scheduler-ForkJoinPool-1-worker-25) 15.378ms
[163.524s][info][gc          ] Allocation Stall (reactors-io-scheduler-ForkJoinPool-1-worker-47) 15.695ms
[163.524s][info][gc          ] Allocation Stall (reactors-io-scheduler-ForkJoinPool-1-worker-37) 15.794ms
[163.524s][info][gc          ] Allocation Stall (reactors-io-scheduler-ForkJoinPool-1-worker-14) 15.287ms
[163.524s][info][gc          ] Allocation Stall (reactors-io-scheduler-ForkJoinPool-1-worker-33) 16.590ms
[163.524s][info][gc          ] Allocation Stall (reactors-io-scheduler-ForkJoinPool-1-worker-8) 22.496ms
[163.524s][info][gc          ] Allocation Stall (reactors-io-scheduler-ForkJoinPool-1-worker-28) 15.612ms
[163.524s][info][gc          ] Allocation Stall (reactors-io-scheduler-ForkJoinPool-1-worker-20) 15.341ms
[163.524s][info][gc          ] Allocation Stall (reactors-io-scheduler-ForkJoinPool-1-worker-48) 15.238ms
[163.524s][info][gc          ] Allocation Stall (reactors-io-scheduler-ForkJoinPool-1-worker-40) 17.038ms
[163.524s][info][gc          ] Allocation Stall (reactors-io-scheduler-ForkJoinPool-1-worker-6) 20.826ms
[163.524s][info][gc          ] Allocation Stall (reactors-io-scheduler-ForkJoinPool-1-worker-4) 17.016ms
[163.524s][info][gc          ] Allocation Stall (reactors-io-scheduler-ForkJoinPool-1-worker-2) 18.845ms
[163.524s][info][gc          ] Allocation Stall (reactors-io-scheduler-ForkJoinPool-1-worker-35) 17.263ms
[163.524s][info][gc          ] Allocation Stall (reactors-io-scheduler-ForkJoinPool-1-worker-44) 17.246ms
[163.524s][info][gc          ] Allocation Stall (reactors-io-scheduler-ForkJoinPool-1-worker-9) 19.706ms
[163.524s][info][gc          ] Allocation Stall (reactors-io-scheduler-ForkJoinPool-1-worker-23) 18.428ms
[163.524s][info][gc          ] Allocation Stall (reactors-io-scheduler-ForkJoinPool-1-worker-43) 20.797ms
[163.524s][info][gc          ] Allocation Stall (reactors-io-scheduler-ForkJoinPool-1-worker-36) 16.148ms
[163.524s][info][gc          ] Allocation Stall (reactors-io-scheduler-ForkJoinPool-1-worker-45) 17.950ms
[163.524s][info][gc          ] Allocation Stall (reactors-io-scheduler-ForkJoinPool-1-worker-41) 20.093ms
[163.524s][info][gc          ] Allocation Stall (reactors-io-scheduler-ForkJoinPool-1-worker-12) 17.536ms
[163.524s][info][gc          ] Allocation Stall (reactors-io-scheduler-ForkJoinPool-1-worker-27) 18.882ms
[163.524s][info][gc          ] Allocation Stall (reactors-io-scheduler-ForkJoinPool-1-worker-3) 19.828ms
[163.524s][info][gc          ] Allocation Stall (reactors-io-scheduler-ForkJoinPool-1-worker-1) 20.057ms
[163.524s][info][gc          ] Allocation Stall (reactors-io-scheduler-ForkJoinPool-1-worker-19) 18.575ms
[163.534s][info][gc,phases   ] GC(277) Concurrent Select Relocation Set 10.113ms
[163.536s][info][gc,phases   ] GC(277) Pause Relocate Start 0.008ms
[163.617s][info][gc          ] Allocation Stall (reactors-io-scheduler-ForkJoinPool-1-worker-21) 0.344ms
[163.619s][info][gc          ] Allocation Stall (reactors-io-scheduler-ForkJoinPool-1-worker-30) 2.310ms
[163.620s][info][gc          ] Allocation Stall (reactors-io-scheduler-ForkJoinPool-1-worker-46) 3.056ms
[163.620s][info][gc          ] Allocation Stall (reactors-io-scheduler-ForkJoinPool-1-worker-40) 3.349ms
[163.620s][info][gc          ] Allocation Stall (reactors-io-scheduler-ForkJoinPool-1-worker-18) 3.626ms
[163.622s][info][gc          ] Allocation Stall (reactors-io-scheduler-ForkJoinPool-1-worker-5) 4.681ms
[163.625s][info][gc,phases   ] GC(277) Concurrent Relocate 7.935ms
[163.625s][info][gc,load     ] GC(277) Load: 0.00/0.00/0.00
[163.625s][info][gc,mmu      ] GC(277) MMU: 2ms/95.8%, 5ms/98.3%, 10ms/99.2%, 20ms/99.6%, 50ms/99.7%, 100ms/99.8%
[163.625s][info][gc,marking  ] GC(277) Mark: 8 stripe(s), 3 proactive flush(es), 1 terminate flush(es), 0 completion(s), 0 continuation(s) 
[163.625s][info][gc,marking  ] GC(277) Mark Stack Usage: 32M
[163.625s][info][gc,nmethod  ] GC(277) NMethods: 707 registered, 7 unregistered
[163.625s][info][gc,metaspace] GC(277) Metaspace: 16M used, 16M committed, 1088M reserved
[163.625s][info][gc,ref      ] GC(277) Soft: 171 encountered, 41 discovered, 0 enqueued
[163.625s][info][gc,ref      ] GC(277) Weak: 989 encountered, 81 discovered, 4 enqueued
[163.625s][info][gc,ref      ] GC(277) Final: 0 encountered, 0 discovered, 0 enqueued
[163.625s][info][gc,ref      ] GC(277) Phantom: 35 encountered, 21 discovered, 0 enqueued
[163.625s][info][gc,reloc    ] GC(277) Small Pages: 500 / 1000M, Empty: 640M, Relocated: 8M, In-Place: 7
[163.625s][info][gc,reloc    ] GC(277) Medium Pages: 0 / 0M, Empty: 0M, Relocated: 0M, In-Place: 0
[163.625s][info][gc,reloc    ] GC(277) Large Pages: 0 / 0M, Empty: 0M, Relocated: 0M, In-Place: 0
[163.625s][info][gc,reloc    ] GC(277) Forwarding Usage: 2M
[163.625s][info][gc,heap     ] GC(277) Min Capacity: 8M(1%)
[163.625s][info][gc,heap     ] GC(277) Max Capacity: 1024M(100%)
[163.625s][info][gc,heap     ] GC(277) Soft Max Capacity: 1024M(100%)
[163.625s][info][gc,heap     ] GC(277)                Mark Start          Mark End        Relocate Start      Relocate End           High               Low         
[163.625s][info][gc,heap     ] GC(277)  Capacity:     1024M (100%)       1024M (100%)       1024M (100%)       1024M (100%)       1024M (100%)       1024M (100%)   
[163.625s][info][gc,heap     ] GC(277)      Free:        0M (0%)            0M (0%)          530M (52%)         264M (26%)         616M (60%)           0M (0%)     
[163.625s][info][gc,heap     ] GC(277)      Used:     1024M (100%)       1024M (100%)        494M (48%)         760M (74%)        1024M (100%)        408M (40%)    
[163.625s][info][gc,heap     ] GC(277)      Live:         -                30M (3%)           30M (3%)           30M (3%)             -                  -          
[163.625s][info][gc,heap     ] GC(277) Allocated:         -                 0M (0%)          110M (11%)         689M (67%)            -                  -          
[163.625s][info][gc,heap     ] GC(277)   Garbage:         -               993M (97%)         353M (35%)          39M (4%)             -                  -          
[163.625s][info][gc,heap     ] GC(277) Reclaimed:         -                  -               640M (63%)         953M (93%)            -                  -          
[163.625s][info][gc          ] GC(277) Garbage Collection (Allocation Stall) 1024M(100%)->760M(74%)
[163.665s][info][gc,start    ] GC(278) Garbage Collection (Allocation Stall)
[163.665s][info][gc,ref      ] GC(278) Clearing All SoftReferences
[163.665s][info][gc,task     ] GC(278) Using 10 workers
[163.665s][info][gc,ref      ] GC(278) Clearing All SoftReferences
[163.666s][info][gc,phases   ] GC(278) Pause Mark Start 0.045ms
[163.695s][info][gc,phases   ] GC(278) Concurrent Mark 29.678ms
[163.695s][info][gc,phases   ] GC(278) Pause Mark End 0.018ms
[163.695s][info][gc,phases   ] GC(278) Concurrent Mark Free 0.001ms
[163.696s][info][gc,phases   ] GC(278) Concurrent Process Non-Strong References 0.469ms
[163.696s][info][gc,phases   ] GC(278) Concurrent Reset Relocation Set 0.021ms
[163.696s][info][gc          ] Allocation Stall (reactors-io-scheduler-ForkJoinPool-1-worker-13) 30.591ms
[163.696s][info][gc          ] Allocation Stall (reactors-io-scheduler-ForkJoinPool-1-worker-42) 30.595ms
[163.696s][info][gc          ] Allocation Stall (reactors-io-scheduler-ForkJoinPool-1-worker-25) 30.599ms
[163.696s][info][gc          ] Allocation Stall (reactors-io-scheduler-ForkJoinPool-1-worker-44) 30.589ms
[163.696s][info][gc          ] Allocation Stall (reactors-io-scheduler-ForkJoinPool-1-worker-34) 30.582ms
[163.696s][info][gc          ] Allocation Stall (reactors-io-scheduler-ForkJoinPool-1-worker-7) 30.605ms
[163.696s][info][gc          ] Allocation Stall (reactors-io-scheduler-ForkJoinPool-1-worker-24) 30.612ms
[163.696s][info][gc          ] Allocation Stall (reactors-io-scheduler-ForkJoinPool-1-worker-6) 30.597ms
[163.696s][info][gc          ] Allocation Stall (reactors-io-scheduler-ForkJoinPool-1-worker-45) 30.920ms
[163.696s][info][gc          ] Allocation Stall (reactors-io-scheduler-ForkJoinPool-1-worker-19) 30.628ms
[163.696s][info][gc          ] Allocation Stall (reactors-io-scheduler-ForkJoinPool-1-worker-5) 30.600ms
[163.696s][info][gc          ] Allocation Stall (reactors-io-scheduler-ForkJoinPool-1-worker-14) 30.632ms
[163.696s][info][gc          ] Allocation Stall (reactors-io-scheduler-ForkJoinPool-1-worker-26) 30.628ms
[163.696s][info][gc          ] Allocation Stall (reactors-io-scheduler-ForkJoinPool-1-worker-1) 30.644ms
[163.696s][info][gc          ] Allocation Stall (reactors-io-scheduler-ForkJoinPool-1-worker-31) 30.636ms
[163.696s][info][gc          ] Allocation Stall (reactors-io-scheduler-ForkJoinPool-1-worker-46) 30.645ms
[163.696s][info][gc          ] Allocation Stall (reactors-io-scheduler-ForkJoinPool-1-worker-11) 30.639ms
[163.696s][info][gc          ] Allocation Stall (reactors-io-scheduler-ForkJoinPool-1-worker-15) 30.632ms
[163.696s][info][gc          ] Allocation Stall (reactors-io-scheduler-ForkJoinPool-1-worker-37) 30.628ms
[163.696s][info][gc          ] Allocation Stall (reactors-io-scheduler-ForkJoinPool-1-worker-10) 30.662ms
[163.696s][info][gc          ] Allocation Stall (reactors-io-scheduler-ForkJoinPool-1-worker-12) 31.049ms
[163.696s][info][gc          ] Allocation Stall (reactors-io-scheduler-ForkJoinPool-1-worker-28) 31.229ms
[163.696s][info][gc          ] Allocation Stall (reactors-io-scheduler-ForkJoinPool-1-worker-48) 30.648ms
[163.696s][info][gc          ] Allocation Stall (reactors-io-scheduler-ForkJoinPool-1-worker-20) 30.674ms
[163.696s][info][gc          ] Allocation Stall (reactors-io-scheduler-ForkJoinPool-1-worker-40) 30.647ms
[163.696s][info][gc          ] Allocation Stall (reactors-io-scheduler-ForkJoinPool-1-worker-18) 30.678ms
[163.696s][info][gc          ] Allocation Stall (reactors-io-scheduler-ForkJoinPool-1-worker-16) 30.996ms
[163.696s][info][gc          ] Allocation Stall (reactors-io-scheduler-ForkJoinPool-1-worker-47) 30.667ms
[163.696s][info][gc          ] Allocation Stall (reactors-io-scheduler-ForkJoinPool-1-worker-17) 30.680ms
[163.696s][info][gc          ] Allocation Stall (reactors-io-scheduler-ForkJoinPool-1-worker-29) 30.670ms
[163.696s][info][gc          ] Allocation Stall (reactors-io-scheduler-ForkJoinPool-1-worker-38) 30.651ms
[163.696s][info][gc          ] Allocation Stall (reactors-io-scheduler-ForkJoinPool-1-worker-9) 30.636ms
[163.696s][info][gc          ] Allocation Stall (reactors-io-scheduler-ForkJoinPool-1-worker-4) 30.659ms
[163.696s][info][gc          ] Allocation Stall (reactors-io-scheduler-ForkJoinPool-1-worker-27) 31.163ms
[163.696s][info][gc          ] Allocation Stall (reactors-io-scheduler-ForkJoinPool-1-worker-36) 30.690ms
[163.696s][info][gc          ] Allocation Stall (reactors-io-scheduler-ForkJoinPool-1-worker-33) 31.067ms
[163.696s][info][gc          ] Allocation Stall (reactors-io-scheduler-ForkJoinPool-1-worker-22) 31.147ms
[163.696s][info][gc          ] Allocation Stall (reactors-io-scheduler-ForkJoinPool-1-worker-30) 30.979ms
[163.696s][info][gc          ] Allocation Stall (reactors-io-scheduler-reanimator) 31.074ms
[163.696s][info][gc          ] Allocation Stall (reactors-io-scheduler-ForkJoinPool-1-worker-41) 31.230ms
[163.696s][info][gc          ] Allocation Stall (reactors-io-scheduler-ForkJoinPool-1-worker-39) 30.701ms
[163.696s][info][gc          ] Allocation Stall (reactors-io-scheduler-ForkJoinPool-1-worker-32) 31.108ms
[163.696s][info][gc          ] Allocation Stall (reactors-io-scheduler-ForkJoinPool-1-worker-3) 30.671ms
[163.696s][info][gc          ] Allocation Stall (reactors-io-scheduler-ForkJoinPool-1-worker-35) 30.707ms
[163.696s][info][gc          ] Allocation Stall (reactors-io-scheduler-ForkJoinPool-1-worker-23) 30.668ms
[163.696s][info][gc          ] Allocation Stall (reactors-io-scheduler-ForkJoinPool-1-worker-8) 30.685ms
[163.696s][info][gc          ] Allocation Stall (reactors-io-scheduler-ForkJoinPool-1-worker-2) 30.704ms
[163.696s][info][gc          ] Allocation Stall (reactors-io-scheduler-ForkJoinPool-1-worker-43) 30.691ms
[163.696s][info][gc          ] Allocation Stall (reactors-io-scheduler-ForkJoinPool-1-worker-21) 30.724ms
[163.701s][info][gc,phases   ] GC(278) Concurrent Select Relocation Set 4.940ms
[163.702s][info][gc,phases   ] GC(278) Pause Relocate Start 0.009ms
[163.704s][info][gc,phases   ] GC(278) Concurrent Relocate 2.623ms
[163.705s][info][gc,load     ] GC(278) Load: 0.00/0.00/0.00
[163.705s][info][gc,mmu      ] GC(278) MMU: 2ms/95.8%, 5ms/98.3%, 10ms/99.2%, 20ms/99.6%, 50ms/99.7%, 100ms/99.8%
[163.705s][info][gc,marking  ] GC(278) Mark: 8 stripe(s), 4 proactive flush(es), 1 terminate flush(es), 0 completion(s), 0 continuation(s) 
[163.705s][info][gc,marking  ] GC(278) Mark Stack Usage: 32M
[163.705s][info][gc,nmethod  ] GC(278) NMethods: 723 registered, 0 unregistered
[163.705s][info][gc,metaspace] GC(278) Metaspace: 16M used, 16M committed, 1088M reserved
[163.705s][info][gc,ref      ] GC(278) Soft: 171 encountered, 41 discovered, 1 enqueued
[163.705s][info][gc,ref      ] GC(278) Weak: 985 encountered, 38 discovered, 2 enqueued
[163.705s][info][gc,ref      ] GC(278) Final: 0 encountered, 0 discovered, 0 enqueued
[163.705s][info][gc,ref      ] GC(278) Phantom: 35 encountered, 25 discovered, 0 enqueued
[163.705s][info][gc,reloc    ] GC(278) Small Pages: 512 / 1024M, Empty: 482M, Relocated: 6M, In-Place: 0
[163.705s][info][gc,reloc    ] GC(278) Medium Pages: 0 / 0M, Empty: 0M, Relocated: 0M, In-Place: 0
[163.705s][info][gc,reloc    ] GC(278) Large Pages: 0 / 0M, Empty: 0M, Relocated: 0M, In-Place: 0
[163.705s][info][gc,reloc    ] GC(278) Forwarding Usage: 2M
[163.705s][info][gc,heap     ] GC(278) Min Capacity: 8M(1%)
[163.705s][info][gc,heap     ] GC(278) Max Capacity: 1024M(100%)
[163.705s][info][gc,heap     ] GC(278) Soft Max Capacity: 1024M(100%)
[163.705s][info][gc,heap     ] GC(278)                Mark Start          Mark End        Relocate Start      Relocate End           High               Low         
[163.705s][info][gc,heap     ] GC(278)  Capacity:     1024M (100%)       1024M (100%)       1024M (100%)       1024M (100%)       1024M (100%)       1024M (100%)   
[163.705s][info][gc,heap     ] GC(278)      Free:        0M (0%)            0M (0%)          468M (46%)         962M (94%)         962M (94%)           0M (0%)     
[163.705s][info][gc,heap     ] GC(278)      Used:     1024M (100%)       1024M (100%)        556M (54%)          62M (6%)         1024M (100%)         62M (6%)     
[163.705s][info][gc,heap     ] GC(278)      Live:         -                30M (3%)           30M (3%)           30M (3%)             -                  -          
[163.705s][info][gc,heap     ] GC(278) Allocated:         -                 0M (0%)           14M (1%)           13M (1%)             -                  -          
[163.705s][info][gc,heap     ] GC(278)   Garbage:         -               993M (97%)         511M (50%)          17M (2%)             -                  -          
[163.705s][info][gc,heap     ] GC(278) Reclaimed:         -                  -               482M (47%)         975M (95%)            -                  -          
[163.706s][info][gc          ] GC(278) Garbage Collection (Allocation Stall) 1024M(100%)->62M(6%)
[163.711s][info][gc,start    ] GC(279) Garbage Collection (Allocation Stall)
[163.711s][info][gc,ref      ] GC(279) Clearing All SoftReferences
[163.711s][info][gc,task     ] GC(279) Using 10 workers
[163.711s][info][gc,ref      ] GC(279) Clearing All SoftReferences
[163.711s][info][gc,phases   ] GC(279) Pause Mark Start 0.053ms
[163.805s][info][gc,phases   ] GC(279) Concurrent Mark 93.157ms
[163.805s][info][gc,phases   ] GC(279) Pause Mark End 0.024ms
[163.852s][info][gc,phases   ] GC(279) Concurrent Mark Free 0.004ms
[163.856s][info][gc,phases   ] GC(279) Concurrent Process Non-Strong References 4.023ms
[163.856s][info][gc,phases   ] GC(279) Concurrent Reset Relocation Set 0.036ms
[163.860s][info][gc,phases   ] GC(279) Concurrent Select Relocation Set 4.018ms
[163.860s][info][gc,phases   ] GC(279) Pause Relocate Start 0.007ms
[163.860s][info][gc          ] Allocation Stall (reactors-io-scheduler-ForkJoinPool-1-worker-22) 8.811ms
[163.861s][info][gc          ] Allocation Stall (reactors-io-scheduler-ForkJoinPool-1-worker-39) 9.003ms
[163.861s][info][gc          ] Allocation Stall (reactors-io-scheduler-ForkJoinPool-1-worker-27) 9.038ms
[163.861s][info][gc          ] Allocation Stall (reactors-io-scheduler-ForkJoinPool-1-worker-16) 9.082ms
[163.861s][info][gc          ] Allocation Stall (reactors-io-scheduler-ForkJoinPool-1-worker-3) 9.098ms
[163.861s][info][gc          ] Allocation Stall (reactors-io-scheduler-ForkJoinPool-1-worker-21) 9.091ms
[163.861s][info][gc          ] Allocation Stall (reactors-io-scheduler-ForkJoinPool-1-worker-11) 9.093ms
[163.861s][info][gc          ] Allocation Stall (reactors-io-scheduler-ForkJoinPool-1-worker-12) 9.064ms
[163.861s][info][gc          ] Allocation Stall (reactors-io-scheduler-ForkJoinPool-1-worker-14) 9.026ms
[163.861s][info][gc          ] Allocation Stall (reactors-io-scheduler-ForkJoinPool-1-worker-5) 9.064ms
[163.861s][info][gc          ] Allocation Stall (reactors-io-scheduler-ForkJoinPool-1-worker-40) 9.007ms
[163.861s][info][gc          ] Allocation Stall (reactors-io-scheduler-ForkJoinPool-1-worker-45) 9.037ms
[163.861s][info][gc          ] Relocation Stall (reactors-io-scheduler-ForkJoinPool-1-worker-41) 0.674ms
[163.861s][info][gc          ] Allocation Stall (reactors-io-scheduler-ForkJoinPool-1-worker-2) 9.083ms
[163.861s][info][gc          ] Allocation Stall (reactors-io-scheduler-ForkJoinPool-1-worker-34) 9.087ms
[163.861s][info][gc          ] Allocation Stall (reactors-io-scheduler-ForkJoinPool-1-worker-42) 9.117ms
[163.861s][info][gc          ] Allocation Stall (reactors-io-scheduler-ForkJoinPool-1-worker-15) 9.104ms
[163.861s][info][gc          ] Allocation Stall (reactors-io-scheduler-ForkJoinPool-1-worker-41) 9.742ms
[163.861s][info][gc          ] Allocation Stall (reactors-io-scheduler-ForkJoinPool-1-worker-36) 9.162ms
[163.861s][info][gc          ] Allocation Stall (reactors-io-scheduler-ForkJoinPool-1-worker-33) 9.166ms
[163.861s][info][gc          ] Allocation Stall (reactors-io-scheduler-ForkJoinPool-1-worker-25) 9.195ms
[163.861s][info][gc          ] Allocation Stall (reactors-io-scheduler-ForkJoinPool-1-worker-35) 9.214ms
[163.861s][info][gc          ] Allocation Stall (reactors-io-scheduler-ForkJoinPool-1-worker-46) 9.227ms
[163.861s][info][gc          ] Allocation Stall (reactors-io-scheduler-ForkJoinPool-1-worker-31) 9.202ms
[163.862s][info][gc          ] Allocation Stall (reactors-io-scheduler-ForkJoinPool-1-worker-13) 9.251ms
[163.862s][info][gc          ] Allocation Stall (reactors-io-scheduler-ForkJoinPool-1-worker-37) 9.261ms
[163.862s][info][gc          ] Allocation Stall (reactors-io-scheduler-ForkJoinPool-1-worker-20) 9.291ms
[163.862s][info][gc          ] Allocation Stall (reactors-io-scheduler-ForkJoinPool-1-worker-29) 9.344ms
[163.862s][info][gc          ] Allocation Stall (reactors-io-scheduler-ForkJoinPool-1-worker-23) 9.373ms
[163.862s][info][gc          ] Allocation Stall (reactors-io-scheduler-ForkJoinPool-1-worker-24) 9.400ms
[163.862s][info][gc          ] Allocation Stall (reactors-io-scheduler-ForkJoinPool-1-worker-19) 9.407ms
[163.862s][info][gc          ] Allocation Stall (reactors-io-scheduler-ForkJoinPool-1-worker-4) 9.479ms
[163.862s][info][gc          ] Allocation Stall (reactors-io-scheduler-ForkJoinPool-1-worker-43) 9.485ms
[163.862s][info][gc          ] Allocation Stall (reactors-io-scheduler-ForkJoinPool-1-worker-1) 9.505ms
[163.862s][info][gc          ] Allocation Stall (reactors-io-scheduler-ForkJoinPool-1-worker-26) 9.569ms
[163.862s][info][gc          ] Allocation Stall (reactors-io-scheduler-ForkJoinPool-1-worker-7) 9.601ms
[163.862s][info][gc          ] Allocation Stall (reactors-io-scheduler-ForkJoinPool-1-worker-38) 9.617ms
[163.862s][info][gc          ] Allocation Stall (reactors-io-scheduler-ForkJoinPool-1-worker-28) 9.689ms
[163.862s][info][gc          ] Allocation Stall (reactors-io-scheduler-ForkJoinPool-1-worker-48) 9.727ms
[163.862s][info][gc          ] Allocation Stall (reactors-io-scheduler-ForkJoinPool-1-worker-30) 9.755ms
[163.862s][info][gc          ] Allocation Stall (reactors-io-scheduler-ForkJoinPool-1-worker-8) 9.784ms
[163.862s][info][gc          ] Allocation Stall (reactors-io-scheduler-ForkJoinPool-1-worker-44) 9.852ms
[163.862s][info][gc          ] Allocation Stall (reactors-io-scheduler-ForkJoinPool-1-worker-6) 9.919ms
[163.862s][info][gc          ] Allocation Stall (reactors-io-scheduler-ForkJoinPool-1-worker-32) 9.994ms
[163.863s][info][gc,phases   ] GC(279) Concurrent Relocate 2.615ms
[163.863s][info][gc          ] Allocation Stall (reactors-io-scheduler-ForkJoinPool-1-worker-18) 10.259ms
[163.863s][info][gc,load     ] GC(279) Load: 0.00/0.00/0.00
[163.863s][info][gc,mmu      ] GC(279) MMU: 2ms/95.8%, 5ms/98.3%, 10ms/99.2%, 20ms/99.6%, 50ms/99.7%, 100ms/99.8%
[163.863s][info][gc,marking  ] GC(279) Mark: 8 stripe(s), 3 proactive flush(es), 1 terminate flush(es), 0 completion(s), 0 continuation(s) 
[163.863s][info][gc,marking  ] GC(279) Mark Stack Usage: 32M
[163.863s][info][gc,nmethod  ] GC(279) NMethods: 927 registered, 58 unregistered
[163.863s][info][gc,metaspace] GC(279) Metaspace: 16M used, 16M committed, 1088M reserved
[163.863s][info][gc,ref      ] GC(279) Soft: 172 encountered, 47 discovered, 1 enqueued
[163.863s][info][gc,ref      ] GC(279) Weak: 985 encountered, 39 discovered, 0 enqueued
[163.863s][info][gc,ref      ] GC(279) Final: 0 encountered, 0 discovered, 0 enqueued
[163.863s][info][gc,ref      ] GC(279) Phantom: 35 encountered, 22 discovered, 0 enqueued
[163.863s][info][gc,reloc    ] GC(279) Small Pages: 34 / 68M, Empty: 0M, Relocated: 8M, In-Place: 10
[163.863s][info][gc,reloc    ] GC(279) Medium Pages: 0 / 0M, Empty: 0M, Relocated: 0M, In-Place: 0
[163.863s][info][gc,reloc    ] GC(279) Large Pages: 0 / 0M, Empty: 0M, Relocated: 0M, In-Place: 0
[163.863s][info][gc,reloc    ] GC(279) Forwarding Usage: 2M
[163.863s][info][gc,heap     ] GC(279) Min Capacity: 8M(1%)
[163.863s][info][gc,heap     ] GC(279) Max Capacity: 1024M(100%)
[163.863s][info][gc,heap     ] GC(279) Soft Max Capacity: 1024M(100%)
[163.863s][info][gc,heap     ] GC(279)                Mark Start          Mark End        Relocate Start      Relocate End           High               Low         
[163.863s][info][gc,heap     ] GC(279)  Capacity:     1024M (100%)       1024M (100%)       1024M (100%)       1024M (100%)       1024M (100%)       1024M (100%)   
[163.863s][info][gc,heap     ] GC(279)      Free:      956M (93%)         326M (32%)           0M (0%)            0M (0%)          956M (93%)           0M (0%)     
[163.863s][info][gc,heap     ] GC(279)      Used:       68M (7%)          698M (68%)        1024M (100%)       1024M (100%)       1024M (100%)         68M (7%)     
[163.863s][info][gc,heap     ] GC(279)      Live:         -                30M (3%)           30M (3%)           30M (3%)             -                  -          
[163.863s][info][gc,heap     ] GC(279) Allocated:         -               630M (62%)         956M (93%)         978M (96%)            -                  -          
[163.863s][info][gc,heap     ] GC(279)   Garbage:         -                37M (4%)           37M (4%)           15M (1%)             -                  -          
[163.863s][info][gc,heap     ] GC(279) Reclaimed:         -                  -                 0M (0%)           22M (2%)             -                  -          
[163.863s][info][gc          ] GC(279) Garbage Collection (Allocation Stall) 68M(7%)->1024M(100%)
[163.863s][info][gc,start    ] GC(280) Garbage Collection (Allocation Stall)
[163.863s][info][gc,ref      ] GC(280) Clearing All SoftReferences
[163.863s][info][gc,task     ] GC(280) Using 10 workers
[163.863s][info][gc,ref      ] GC(280) Clearing All SoftReferences
[163.864s][info][gc,phases   ] GC(280) Pause Mark Start 0.035ms
[163.883s][info][gc,phases   ] GC(280) Concurrent Mark 19.140ms
[163.883s][info][gc,phases   ] GC(280) Pause Mark End 0.014ms
[163.883s][info][gc,phases   ] GC(280) Concurrent Mark Free 0.000ms
[163.886s][info][gc,phases   ] GC(280) Concurrent Process Non-Strong References 3.598ms
[163.887s][info][gc,phases   ] GC(280) Concurrent Reset Relocation Set 0.004ms
[163.887s][info][gc          ] Allocation Stall (reactors-io-scheduler-ForkJoinPool-1-worker-39) 23.495ms
[163.887s][info][gc          ] Allocation Stall (reactors-io-scheduler-ForkJoinPool-1-worker-24) 23.057ms
[163.887s][info][gc          ] Allocation Stall (reactors-io-scheduler-ForkJoinPool-1-worker-14) 23.091ms
[163.887s][info][gc          ] Allocation Stall (reactors-io-scheduler-ForkJoinPool-1-worker-41) 23.495ms
[163.887s][info][gc          ] Allocation Stall (reactors-io-scheduler-ForkJoinPool-1-worker-32) 23.096ms
[163.887s][info][gc          ] Allocation Stall (reactors-io-scheduler-ForkJoinPool-1-worker-20) 23.085ms
[163.887s][info][gc          ] Allocation Stall (reactors-io-scheduler-ForkJoinPool-1-worker-30) 23.280ms
[163.887s][info][gc          ] Allocation Stall (reactors-io-scheduler-ForkJoinPool-1-worker-7) 23.346ms
[163.887s][info][gc          ] Allocation Stall (reactors-io-scheduler-ForkJoinPool-1-worker-6) 23.109ms
[163.887s][info][gc          ] Allocation Stall (reactors-io-scheduler-ForkJoinPool-1-worker-43) 23.081ms
[163.887s][info][gc          ] Allocation Stall (reactors-io-scheduler-ForkJoinPool-1-worker-34) 23.123ms
[163.887s][info][gc          ] Allocation Stall (reactors-io-scheduler-ForkJoinPool-1-worker-48) 23.424ms
[163.887s][info][gc          ] Allocation Stall (reactors-io-scheduler-ForkJoinPool-1-worker-35) 23.125ms
[163.887s][info][gc          ] Allocation Stall (reactors-io-scheduler-ForkJoinPool-1-worker-25) 23.113ms
[163.887s][info][gc          ] Allocation Stall (reactors-io-scheduler-ForkJoinPool-1-worker-26) 23.149ms
[163.887s][info][gc          ] Allocation Stall (reactors-io-scheduler-ForkJoinPool-1-worker-4) 23.152ms
[163.887s][info][gc          ] Allocation Stall (reactors-io-scheduler-ForkJoinPool-1-worker-1) 23.531ms
[163.887s][info][gc          ] Allocation Stall (reactors-io-scheduler-ForkJoinPool-1-worker-2) 23.159ms
[163.887s][info][gc          ] Allocation Stall (reactors-io-scheduler-ForkJoinPool-1-worker-37) 23.122ms
[163.887s][info][gc          ] Allocation Stall (reactors-io-scheduler-ForkJoinPool-1-worker-46) 23.160ms
[163.887s][info][gc          ] Allocation Stall (reactors-io-scheduler-ForkJoinPool-1-worker-44) 23.131ms
[163.887s][info][gc          ] Allocation Stall (reactors-io-scheduler-ForkJoinPool-1-worker-15) 23.507ms
[163.887s][info][gc          ] Allocation Stall (reactors-io-scheduler-ForkJoinPool-1-worker-33) 23.441ms
[163.887s][info][gc          ] Allocation Stall (reactors-io-scheduler-ForkJoinPool-1-worker-13) 23.168ms
[163.887s][info][gc          ] Allocation Stall (reactors-io-scheduler-ForkJoinPool-1-worker-21) 24.699ms
[163.887s][info][gc          ] Allocation Stall (reactors-io-scheduler-ForkJoinPool-1-worker-19) 23.173ms
[163.887s][info][gc          ] Allocation Stall (reactors-io-scheduler-ForkJoinPool-1-worker-16) 23.407ms
[163.887s][info][gc          ] Allocation Stall (reactors-io-scheduler-ForkJoinPool-1-worker-5) 23.158ms
[163.887s][info][gc          ] Allocation Stall (reactors-io-scheduler-ForkJoinPool-1-worker-9) 34.198ms
[163.887s][info][gc          ] Allocation Stall (reactors-io-scheduler-ForkJoinPool-1-worker-38) 23.201ms
[163.887s][info][gc          ] Allocation Stall (reactors-io-scheduler-ForkJoinPool-1-worker-42) 23.658ms
[163.887s][info][gc          ] Allocation Stall (reactors-io-scheduler-ForkJoinPool-1-worker-18) 23.211ms
[163.887s][info][gc          ] Allocation Stall (reactors-io-scheduler-ForkJoinPool-1-worker-40) 24.275ms
[163.887s][info][gc          ] Allocation Stall (reactors-io-scheduler-ForkJoinPool-1-worker-29) 23.514ms
[163.887s][info][gc          ] Allocation Stall (reactors-io-scheduler-ForkJoinPool-1-worker-36) 24.754ms
[163.887s][info][gc          ] Allocation Stall (reactors-io-scheduler-ForkJoinPool-1-worker-28) 23.528ms
[163.887s][info][gc          ] Allocation Stall (reactors-io-scheduler-ForkJoinPool-1-worker-12) 25.231ms
[163.887s][info][gc          ] Allocation Stall (reactors-io-scheduler-ForkJoinPool-1-worker-45) 23.209ms
[163.887s][info][gc          ] Allocation Stall (reactors-io-scheduler-ForkJoinPool-1-worker-3) 25.231ms
[163.887s][info][gc          ] Allocation Stall (reactors-io-scheduler-ForkJoinPool-1-worker-8) 23.219ms
[163.887s][info][gc          ] Allocation Stall (reactors-io-scheduler-ForkJoinPool-1-worker-47) 34.257ms
[163.887s][info][gc          ] Allocation Stall (reactors-io-scheduler-ForkJoinPool-1-worker-27) 23.419ms
[163.887s][info][gc          ] Allocation Stall (reactors-io-scheduler-ForkJoinPool-1-worker-11) 23.214ms
[163.887s][info][gc          ] Allocation Stall (reactors-io-scheduler-ForkJoinPool-1-worker-10) 34.269ms
[163.887s][info][gc          ] Allocation Stall (reactors-io-scheduler-ForkJoinPool-1-worker-23) 23.756ms
[163.887s][info][gc          ] Allocation Stall (reactors-io-scheduler-ForkJoinPool-1-worker-17) 34.278ms
[163.887s][info][gc          ] Allocation Stall (reactors-io-scheduler-ForkJoinPool-1-worker-31) 23.238ms
[163.887s][info][gc          ] Allocation Stall (reactors-io-scheduler-ForkJoinPool-1-worker-22) 24.578ms
[163.891s][info][gc,phases   ] GC(280) Concurrent Select Relocation Set 4.012ms
[163.892s][info][gc,phases   ] GC(280) Pause Relocate Start 0.009ms
[163.896s][info][gc,phases   ] GC(280) Concurrent Relocate 3.546ms
[163.896s][info][gc,load     ] GC(280) Load: 0.00/0.00/0.00
[163.896s][info][gc,mmu      ] GC(280) MMU: 2ms/95.8%, 5ms/98.3%, 10ms/99.2%, 20ms/99.6%, 50ms/99.7%, 100ms/99.8%
[163.896s][info][gc,marking  ] GC(280) Mark: 8 stripe(s), 2 proactive flush(es), 1 terminate flush(es), 0 completion(s), 0 continuation(s) 
[163.896s][info][gc,marking  ] GC(280) Mark Stack Usage: 32M
[163.896s][info][gc,nmethod  ] GC(280) NMethods: 945 registered, 64 unregistered
[163.896s][info][gc,metaspace] GC(280) Metaspace: 16M used, 16M committed, 1088M reserved
[163.896s][info][gc,ref      ] GC(280) Soft: 171 encountered, 40 discovered, 1 enqueued
[163.896s][info][gc,ref      ] GC(280) Weak: 985 encountered, 34 discovered, 1 enqueued
[163.896s][info][gc,ref      ] GC(280) Final: 0 encountered, 0 discovered, 0 enqueued
[163.896s][info][gc,ref      ] GC(280) Phantom: 35 encountered, 32 discovered, 0 enqueued
[163.896s][info][gc,reloc    ] GC(280) Small Pages: 512 / 1024M, Empty: 678M, Relocated: 8M, In-Place: 0
[163.896s][info][gc,reloc    ] GC(280) Medium Pages: 0 / 0M, Empty: 0M, Relocated: 0M, In-Place: 0
[163.896s][info][gc,reloc    ] GC(280) Large Pages: 0 / 0M, Empty: 0M, Relocated: 0M, In-Place: 0
[163.896s][info][gc,reloc    ] GC(280) Forwarding Usage: 2M
[163.896s][info][gc,heap     ] GC(280) Min Capacity: 8M(1%)
[163.896s][info][gc,heap     ] GC(280) Max Capacity: 1024M(100%)
[163.896s][info][gc,heap     ] GC(280) Soft Max Capacity: 1024M(100%)
[163.896s][info][gc,heap     ] GC(280)                Mark Start          Mark End        Relocate Start      Relocate End           High               Low         
[163.896s][info][gc,heap     ] GC(280)  Capacity:     1024M (100%)       1024M (100%)       1024M (100%)       1024M (100%)       1024M (100%)       1024M (100%)   
[163.896s][info][gc,heap     ] GC(280)      Free:        0M (0%)            0M (0%)          666M (65%)         964M (94%)         964M (94%)           0M (0%)     
[163.897s][info][gc,heap     ] GC(280)      Used:     1024M (100%)       1024M (100%)        358M (35%)          60M (6%)         1024M (100%)         60M (6%)     
[163.897s][info][gc,heap     ] GC(280)      Live:         -                30M (3%)           30M (3%)           30M (3%)             -                  -          
[163.897s][info][gc,heap     ] GC(280) Allocated:         -                 0M (0%)           12M (1%)           13M (1%)             -                  -          
[163.897s][info][gc,heap     ] GC(280)   Garbage:         -               993M (97%)         315M (31%)          15M (2%)             -                  -          
[163.897s][info][gc,heap     ] GC(280) Reclaimed:         -                  -               678M (66%)         977M (96%)            -                  -          
[163.897s][info][gc          ] GC(280) Garbage Collection (Allocation Stall) 1024M(100%)->60M(6%)
[163.904s][info][gc,start    ] GC(281) Garbage Collection (Allocation Stall)
[163.904s][info][gc,ref      ] GC(281) Clearing All SoftReferences
[163.904s][info][gc,task     ] GC(281) Using 10 workers
[163.904s][info][gc,ref      ] GC(281) Clearing All SoftReferences
[163.905s][info][gc,phases   ] GC(281) Pause Mark Start 0.046ms
[164.060s][info][gc,phases   ] GC(281) Concurrent Mark 19.278ms
[164.061s][info][gc,phases   ] GC(281) Pause Mark End 0.017ms
[164.061s][info][gc,phases   ] GC(281) Concurrent Mark Free 0.001ms
[164.065s][info][gc,phases   ] GC(281) Concurrent Process Non-Strong References 4.018ms
[164.065s][info][gc,phases   ] GC(281) Concurrent Reset Relocation Set 0.022ms
[164.067s][info][gc,phases   ] GC(281) Concurrent Select Relocation Set 2.480ms
[164.067s][info][gc,phases   ] GC(281) Pause Relocate Start 0.004ms
[164.068s][info][gc          ] Allocation Stall (reactors-io-scheduler-ForkJoinPool-1-worker-43) 26.082ms
[164.068s][info][gc          ] Allocation Stall (reactors-io-scheduler-ForkJoinPool-1-worker-23) 26.131ms
[164.068s][info][gc          ] Allocation Stall (reactors-io-scheduler-ForkJoinPool-1-worker-26) 26.178ms
[164.068s][info][gc          ] Allocation Stall (reactors-io-scheduler-ForkJoinPool-1-worker-30) 26.243ms
[164.068s][info][gc          ] Allocation Stall (reactors-io-scheduler-ForkJoinPool-1-worker-21) 26.272ms
[164.068s][info][gc          ] Allocation Stall (reactors-io-scheduler-ForkJoinPool-1-worker-17) 26.297ms
[164.068s][info][gc          ] Allocation Stall (reactors-io-scheduler-ForkJoinPool-1-worker-19) 26.264ms
[164.068s][info][gc          ] Allocation Stall (reactors-io-scheduler-ForkJoinPool-1-worker-13) 26.256ms
[164.068s][info][gc          ] Allocation Stall (reactors-io-scheduler-ForkJoinPool-1-worker-28) 26.287ms
[164.068s][info][gc          ] Allocation Stall (reactors-io-scheduler-ForkJoinPool-1-worker-12) 26.285ms
[164.068s][info][gc          ] Allocation Stall (reactors-io-scheduler-ForkJoinPool-1-worker-40) 26.314ms
[164.068s][info][gc          ] Allocation Stall (reactors-io-scheduler-ForkJoinPool-1-worker-7) 26.342ms
[164.068s][info][gc          ] Allocation Stall (reactors-io-scheduler-ForkJoinPool-1-worker-18) 26.335ms
[164.068s][info][gc          ] Allocation Stall (reactors-io-scheduler-ForkJoinPool-1-worker-39) 26.353ms
[164.068s][info][gc          ] Allocation Stall (reactors-io-scheduler-ForkJoinPool-1-worker-47) 26.370ms
[164.068s][info][gc          ] Allocation Stall (reactors-io-scheduler-ForkJoinPool-1-worker-42) 26.369ms
[164.068s][info][gc          ] Allocation Stall (reactors-io-scheduler-ForkJoinPool-1-worker-5) 26.378ms
[164.068s][info][gc          ] Allocation Stall (reactors-io-scheduler-ForkJoinPool-1-worker-25) 26.366ms
[164.068s][info][gc          ] Relocation Stall (reactors-io-scheduler-ForkJoinPool-1-worker-46) 0.853ms
[164.068s][info][gc          ] Relocation Stall (reactors-io-scheduler-ForkJoinPool-1-worker-3) 0.834ms
[164.068s][info][gc          ] Relocation Stall (reactors-io-scheduler-ForkJoinPool-1-worker-20) 0.857ms
[164.068s][info][gc          ] Allocation Stall (reactors-io-scheduler-ForkJoinPool-1-worker-35) 26.367ms
[164.068s][info][gc          ] Relocation Stall (reactors-io-scheduler-ForkJoinPool-1-worker-14) 0.771ms
[164.068s][info][gc          ] Relocation Stall (reactors-io-scheduler-ForkJoinPool-1-worker-15) 0.739ms
[164.068s][info][gc          ] Relocation Stall (reactors-io-scheduler-ForkJoinPool-1-worker-37) 0.882ms
[164.068s][info][gc          ] Relocation Stall (reactors-io-scheduler-ForkJoinPool-1-worker-29) 0.782ms
[164.068s][info][gc          ] Relocation Stall (reactors-io-scheduler-ForkJoinPool-1-worker-6) 0.813ms
[164.068s][info][gc          ] Relocation Stall (reactors-io-scheduler-ForkJoinPool-1-worker-24) 0.692ms
[164.068s][info][gc          ] Relocation Stall (reactors-io-scheduler-ForkJoinPool-1-worker-32) 0.817ms
[164.068s][info][gc          ] Relocation Stall (reactors-io-scheduler-ForkJoinPool-1-worker-22) 0.610ms
[164.068s][info][gc          ] Relocation Stall (reactors-io-scheduler-ForkJoinPool-1-worker-4) 0.883ms
[164.068s][info][gc          ] Relocation Stall (reactors-io-scheduler-ForkJoinPool-1-worker-38) 0.789ms
[164.068s][info][gc          ] Relocation Stall (reactors-io-scheduler-ForkJoinPool-1-worker-31) 0.700ms
[164.068s][info][gc          ] Relocation Stall (reactors-io-scheduler-ForkJoinPool-1-worker-8) 0.871ms
[164.068s][info][gc          ] Allocation Stall (reactors-io-scheduler-ForkJoinPool-1-worker-10) 26.374ms
[164.068s][info][gc          ] Allocation Stall (reactors-io-scheduler-ForkJoinPool-1-worker-34) 26.361ms
[164.068s][info][gc          ] Allocation Stall (reactors-io-scheduler-ForkJoinPool-1-worker-45) 26.368ms
[164.068s][info][gc          ] Allocation Stall (reactors-io-scheduler-ForkJoinPool-1-worker-1) 26.398ms
[164.068s][info][gc          ] Allocation Stall (reactors-io-scheduler-ForkJoinPool-1-worker-46) 27.177ms
[164.068s][info][gc          ] Allocation Stall (reactors-io-scheduler-ForkJoinPool-1-worker-3) 27.205ms
[164.068s][info][gc          ] Allocation Stall (reactors-io-scheduler-ForkJoinPool-1-worker-20) 27.282ms
[164.068s][info][gc          ] Allocation Stall (reactors-io-scheduler-ForkJoinPool-1-worker-33) 26.504ms
[164.068s][info][gc          ] Allocation Stall (reactors-io-scheduler-ForkJoinPool-1-worker-14) 26.975ms
[164.068s][info][gc          ] Allocation Stall (reactors-io-scheduler-ForkJoinPool-1-worker-15) 26.996ms
[164.069s][info][gc          ] Allocation Stall (reactors-io-scheduler-ForkJoinPool-1-worker-37) 27.450ms
[164.069s][info][gc          ] Allocation Stall (reactors-io-scheduler-ForkJoinPool-1-worker-29) 27.126ms
[164.069s][info][gc          ] Allocation Stall (reactors-io-scheduler-ForkJoinPool-1-worker-6) 27.208ms
[164.069s][info][gc          ] Allocation Stall (reactors-io-scheduler-ForkJoinPool-1-worker-24) 27.024ms
[164.069s][info][gc,phases   ] GC(281) Concurrent Relocate 1.336ms
[164.069s][info][gc          ] Allocation Stall (reactors-io-scheduler-ForkJoinPool-1-worker-9) 26.636ms
[164.069s][info][gc          ] Allocation Stall (reactors-io-scheduler-ForkJoinPool-1-worker-32) 27.299ms
[164.069s][info][gc          ] Allocation Stall (reactors-io-scheduler-ForkJoinPool-1-worker-22) 27.082ms
[164.069s][info][gc          ] Allocation Stall (reactors-io-scheduler-ForkJoinPool-1-worker-4) 27.543ms
[164.069s][info][gc          ] Allocation Stall (reactors-io-scheduler-ForkJoinPool-1-worker-38) 27.329ms
[164.069s][info][gc          ] Allocation Stall (reactors-io-scheduler-ForkJoinPool-1-worker-31) 27.161ms
[164.069s][info][gc          ] Allocation Stall (reactors-io-scheduler-ForkJoinPool-1-worker-8) 27.590ms
[164.069s][info][gc          ] Allocation Stall (reactors-io-scheduler-ForkJoinPool-1-worker-2) 26.818ms
[164.069s][info][gc          ] Allocation Stall (reactors-io-scheduler-ForkJoinPool-1-worker-44) 26.842ms
[164.069s][info][gc          ] Allocation Stall (reactors-io-scheduler-ForkJoinPool-1-worker-27) 26.876ms
[164.069s][info][gc          ] Allocation Stall (reactors-io-scheduler-ForkJoinPool-1-worker-36) 26.892ms
[164.069s][info][gc          ] Allocation Stall (reactors-io-scheduler-ForkJoinPool-1-worker-11) 26.959ms
[164.069s][info][gc          ] Allocation Stall (reactors-io-scheduler-ForkJoinPool-1-worker-48) 27.042ms
[164.069s][info][gc          ] Allocation Stall (reactors-io-scheduler-ForkJoinPool-1-worker-16) 27.082ms
[164.069s][info][gc          ] Allocation Stall (reactors-io-scheduler-ForkJoinPool-1-worker-41) 27.026ms
[164.070s][info][gc,load     ] GC(281) Load: 0.00/0.00/0.00
[164.071s][info][gc,mmu      ] GC(281) MMU: 2ms/95.8%, 5ms/98.3%, 10ms/99.2%, 20ms/99.6%, 50ms/99.7%, 100ms/99.8%
[164.071s][info][gc,marking  ] GC(281) Mark: 8 stripe(s), 2 proactive flush(es), 1 terminate flush(es), 0 completion(s), 0 continuation(s) 
[164.071s][info][gc,marking  ] GC(281) Mark Stack Usage: 32M
[164.071s][info][gc,nmethod  ] GC(281) NMethods: 1015 registered, 69 unregistered
[164.071s][info][gc,metaspace] GC(281) Metaspace: 16M used, 16M committed, 1088M reserved
[164.071s][info][gc,ref      ] GC(281) Soft: 172 encountered, 45 discovered, 1 enqueued
[164.071s][info][gc,ref      ] GC(281) Weak: 985 encountered, 67 discovered, 0 enqueued
[164.071s][info][gc,ref      ] GC(281) Final: 0 encountered, 0 discovered, 0 enqueued
[164.071s][info][gc,ref      ] GC(281) Phantom: 35 encountered, 19 discovered, 0 enqueued
[164.071s][info][gc,reloc    ] GC(281) Small Pages: 48 / 96M, Empty: 0M, Relocated: 6M, In-Place: 10
[164.071s][info][gc,reloc    ] GC(281) Medium Pages: 0 / 0M, Empty: 0M, Relocated: 0M, In-Place: 0
[164.071s][info][gc,reloc    ] GC(281) Large Pages: 0 / 0M, Empty: 0M, Relocated: 0M, In-Place: 0
[164.071s][info][gc,reloc    ] GC(281) Forwarding Usage: 2M
[164.071s][info][gc,heap     ] GC(281) Min Capacity: 8M(1%)
[164.071s][info][gc,heap     ] GC(281) Max Capacity: 1024M(100%)
[164.071s][info][gc,heap     ] GC(281) Soft Max Capacity: 1024M(100%)
[164.071s][info][gc,heap     ] GC(281)                Mark Start          Mark End        Relocate Start      Relocate End           High               Low         
[164.071s][info][gc,heap     ] GC(281)  Capacity:     1024M (100%)       1024M (100%)       1024M (100%)       1024M (100%)       1024M (100%)       1024M (100%)   
[164.071s][info][gc,heap     ] GC(281)      Free:      928M (91%)           0M (0%)            0M (0%)            0M (0%)          928M (91%)           0M (0%)     
[164.071s][info][gc,heap     ] GC(281)      Used:       96M (9%)         1024M (100%)       1024M (100%)       1024M (100%)       1024M (100%)         96M (9%)     
[164.071s][info][gc,heap     ] GC(281)      Live:         -                30M (3%)           30M (3%)           30M (3%)             -                  -          
[164.071s][info][gc,heap     ] GC(281) Allocated:         -               928M (91%)         928M (91%)         976M (95%)            -                  -          
[164.071s][info][gc,heap     ] GC(281)   Garbage:         -                65M (6%)           65M (6%)           17M (2%)             -                  -          
[164.071s][info][gc,heap     ] GC(281) Reclaimed:         -                  -                 0M (0%)           48M (5%)             -                  -          
[164.071s][info][gc          ] GC(281) Garbage Collection (Allocation Stall) 96M(9%)->1024M(100%)
[164.075s][info][gc,start    ] GC(282) Garbage Collection (Allocation Stall)
[164.075s][info][gc,ref      ] GC(282) Clearing All SoftReferences
[164.075s][info][gc,task     ] GC(282) Using 10 workers
[164.075s][info][gc,ref      ] GC(282) Clearing All SoftReferences
[164.075s][info][gc,phases   ] GC(282) Pause Mark Start 0.051ms
[164.107s][info][gc,phases   ] GC(282) Concurrent Mark 31.700ms
[164.107s][info][gc,phases   ] GC(282) Pause Mark End 0.018ms
[164.108s][info][gc,phases   ] GC(282) Concurrent Mark Free 0.001ms
[164.108s][info][gc,phases   ] GC(282) Concurrent Process Non-Strong References 0.645ms
[164.108s][info][gc,phases   ] GC(282) Concurrent Reset Relocation Set 0.006ms
[164.108s][info][gc          ] Allocation Stall (reactors-io-scheduler-ForkJoinPool-1-worker-24) 33.127ms
[164.108s][info][gc          ] Allocation Stall (reactors-io-scheduler-ForkJoinPool-1-worker-39) 32.809ms
[164.108s][info][gc          ] Allocation Stall (reactors-io-scheduler-ForkJoinPool-1-worker-9) 32.775ms
[164.108s][info][gc          ] Allocation Stall (reactors-io-scheduler-ForkJoinPool-1-worker-4) 32.794ms
[164.108s][info][gc          ] Allocation Stall (reactors-io-scheduler-ForkJoinPool-1-worker-44) 32.834ms
[164.108s][info][gc          ] Allocation Stall (reactors-io-scheduler-ForkJoinPool-1-worker-38) 32.871ms
[164.108s][info][gc          ] Allocation Stall (reactors-io-scheduler-ForkJoinPool-1-worker-21) 32.867ms
[164.108s][info][gc          ] Allocation Stall (reactors-io-scheduler-ForkJoinPool-1-worker-10) 33.241ms
[164.109s][info][gc          ] Allocation Stall (reactors-io-scheduler-ForkJoinPool-1-worker-6) 32.890ms
[164.109s][info][gc          ] Allocation Stall (reactors-io-scheduler-ForkJoinPool-1-worker-34) 33.363ms
[164.109s][info][gc          ] Allocation Stall (reactors-io-scheduler-ForkJoinPool-1-worker-30) 32.893ms
[164.109s][info][gc          ] Allocation Stall (reactors-io-scheduler-ForkJoinPool-1-worker-1) 32.927ms
[164.109s][info][gc          ] Allocation Stall (reactors-io-scheduler-reanimator) 1.227ms
[164.109s][info][gc          ] Allocation Stall (reactors-io-scheduler-ForkJoinPool-1-worker-31) 32.930ms
[164.109s][info][gc          ] Allocation Stall (reactors-io-scheduler-ForkJoinPool-1-worker-8) 32.924ms
[164.109s][info][gc          ] Allocation Stall (reactors-io-scheduler-ForkJoinPool-1-worker-23) 33.262ms
[164.109s][info][gc          ] Allocation Stall (reactors-io-scheduler-ForkJoinPool-1-worker-43) 32.939ms
[164.109s][info][gc          ] Allocation Stall (reactors-io-scheduler-ForkJoinPool-1-worker-17) 32.930ms
[164.109s][info][gc          ] Allocation Stall (reactors-io-scheduler-ForkJoinPool-1-worker-5) 32.998ms
[164.109s][info][gc          ] Allocation Stall (reactors-io-scheduler-ForkJoinPool-1-worker-46) 32.959ms
[164.109s][info][gc          ] Allocation Stall (reactors-io-scheduler-ForkJoinPool-1-worker-32) 33.393ms
[164.109s][info][gc          ] Allocation Stall (reactors-io-scheduler-ForkJoinPool-1-worker-16) 32.893ms
[164.109s][info][gc          ] Allocation Stall (reactors-io-scheduler-ForkJoinPool-1-worker-26) 32.978ms
[164.109s][info][gc          ] Allocation Stall (reactors-io-scheduler-ForkJoinPool-1-worker-28) 32.960ms
[164.109s][info][gc          ] Allocation Stall (reactors-io-scheduler-ForkJoinPool-1-worker-42) 32.949ms
[164.109s][info][gc          ] Allocation Stall (reactors-io-scheduler-ForkJoinPool-1-worker-29) 32.921ms
[164.109s][info][gc          ] Allocation Stall (reactors-io-scheduler-ForkJoinPool-1-worker-45) 32.951ms
[164.109s][info][gc          ] Allocation Stall (reactors-io-scheduler-ForkJoinPool-1-worker-40) 32.957ms
[164.109s][info][gc          ] Allocation Stall (reactors-io-scheduler-ForkJoinPool-1-worker-41) 32.991ms
[164.109s][info][gc          ] Allocation Stall (reactors-io-scheduler-ForkJoinPool-1-worker-2) 33.280ms
[164.109s][info][gc          ] Allocation Stall (reactors-io-scheduler-ForkJoinPool-1-worker-35) 32.977ms
[164.109s][info][gc          ] Allocation Stall (reactors-io-scheduler-ForkJoinPool-1-worker-19) 33.401ms
[164.109s][info][gc          ] Allocation Stall (reactors-io-scheduler-ForkJoinPool-1-worker-15) 33.030ms
[164.109s][info][gc          ] Allocation Stall (reactors-io-scheduler-ForkJoinPool-1-worker-33) 32.931ms
[164.109s][info][gc          ] Allocation Stall (reactors-io-scheduler-ForkJoinPool-1-worker-11) 33.029ms
[164.109s][info][gc          ] Allocation Stall (reactors-io-scheduler-ForkJoinPool-1-worker-3) 33.058ms
[164.109s][info][gc          ] Allocation Stall (reactors-io-scheduler-ForkJoinPool-1-worker-12) 33.041ms
[164.109s][info][gc          ] Allocation Stall (reactors-io-scheduler-ForkJoinPool-1-worker-48) 32.977ms
[164.109s][info][gc          ] Allocation Stall (reactors-io-scheduler-ForkJoinPool-1-worker-25) 32.969ms
[164.109s][info][gc          ] Allocation Stall (reactors-io-scheduler-ForkJoinPool-1-worker-20) 33.038ms
[164.109s][info][gc          ] Allocation Stall (reactors-io-scheduler-ForkJoinPool-1-worker-47) 33.037ms
[164.109s][info][gc          ] Allocation Stall (reactors-io-scheduler-ForkJoinPool-1-worker-37) 32.993ms
[164.109s][info][gc          ] Allocation Stall (reactors-io-scheduler-ForkJoinPool-1-worker-13) 33.040ms
[164.109s][info][gc          ] Allocation Stall (reactors-io-scheduler-ForkJoinPool-1-worker-14) 33.095ms
[164.109s][info][gc          ] Allocation Stall (reactors-io-scheduler-ForkJoinPool-1-worker-7) 33.081ms
[164.109s][info][gc          ] Allocation Stall (reactors-io-scheduler-ForkJoinPool-1-worker-27) 33.076ms
[164.109s][info][gc          ] Allocation Stall (reactors-io-scheduler-ForkJoinPool-1-worker-22) 33.387ms
[164.109s][info][gc          ] Allocation Stall (reactors-io-scheduler-ForkJoinPool-1-worker-36) 33.002ms
[164.109s][info][gc          ] Allocation Stall (reactors-io-scheduler-ForkJoinPool-1-worker-18) 33.104ms
[164.114s][info][gc,phases   ] GC(282) Concurrent Select Relocation Set 5.448ms
[164.125s][info][gc,phases   ] GC(282) Pause Relocate Start 0.008ms
[164.128s][info][gc,phases   ] GC(282) Concurrent Relocate 2.724ms
[164.128s][info][gc,load     ] GC(282) Load: 0.00/0.00/0.00
[164.128s][info][gc,mmu      ] GC(282) MMU: 2ms/95.8%, 5ms/98.3%, 10ms/99.2%, 20ms/99.6%, 50ms/99.7%, 100ms/99.8%
[164.128s][info][gc,marking  ] GC(282) Mark: 8 stripe(s), 3 proactive flush(es), 1 terminate flush(es), 0 completion(s), 0 continuation(s) 
[164.129s][info][gc,marking  ] GC(282) Mark Stack Usage: 32M
[164.129s][info][gc,nmethod  ] GC(282) NMethods: 1036 registered, 71 unregistered
[164.129s][info][gc,metaspace] GC(282) Metaspace: 16M used, 16M committed, 1088M reserved
[164.129s][info][gc,ref      ] GC(282) Soft: 171 encountered, 37 discovered, 1 enqueued
[164.129s][info][gc,ref      ] GC(282) Weak: 985 encountered, 50 discovered, 1 enqueued
[164.129s][info][gc,ref      ] GC(282) Final: 0 encountered, 0 discovered, 0 enqueued
[164.129s][info][gc,ref      ] GC(282) Phantom: 35 encountered, 28 discovered, 0 enqueued
[164.129s][info][gc,reloc    ] GC(282) Small Pages: 512 / 1024M, Empty: 742M, Relocated: 6M, In-Place: 0
[164.129s][info][gc,reloc    ] GC(282) Medium Pages: 0 / 0M, Empty: 0M, Relocated: 0M, In-Place: 0
[164.129s][info][gc,reloc    ] GC(282) Large Pages: 0 / 0M, Empty: 0M, Relocated: 0M, In-Place: 0
[164.129s][info][gc,reloc    ] GC(282) Forwarding Usage: 1M
[164.129s][info][gc,heap     ] GC(282) Min Capacity: 8M(1%)
[164.129s][info][gc,heap     ] GC(282) Max Capacity: 1024M(100%)
[164.129s][info][gc,heap     ] GC(282) Soft Max Capacity: 1024M(100%)
[164.129s][info][gc,heap     ] GC(282)                Mark Start          Mark End        Relocate Start      Relocate End           High               Low         
[164.129s][info][gc,heap     ] GC(282)  Capacity:     1024M (100%)       1024M (100%)       1024M (100%)       1024M (100%)       1024M (100%)       1024M (100%)   
[164.129s][info][gc,heap     ] GC(282)      Free:        0M (0%)            0M (0%)          728M (71%)         962M (94%)         962M (94%)           0M (0%)     
[164.129s][info][gc,heap     ] GC(282)      Used:     1024M (100%)       1024M (100%)        296M (29%)          62M (6%)         1024M (100%)         62M (6%)     
[164.129s][info][gc,heap     ] GC(282)      Live:         -                30M (3%)           30M (3%)           30M (3%)             -                  -          
[164.129s][info][gc,heap     ] GC(282) Allocated:         -                 0M (0%)           14M (1%)           13M (1%)             -                  -          
[164.129s][info][gc,heap     ] GC(282)   Garbage:         -               993M (97%)         251M (25%)          17M (2%)             -                  -          
[164.129s][info][gc,heap     ] GC(282) Reclaimed:         -                  -               742M (72%)         975M (95%)            -                  -          
[164.130s][info][gc          ] GC(282) Garbage Collection (Allocation Stall) 1024M(100%)->62M(6%)
[164.203s][info][gc,start    ] GC(283) Garbage Collection (Allocation Stall)
[164.204s][info][gc,ref      ] GC(283) Clearing All SoftReferences
[164.204s][info][gc,task     ] GC(283) Using 10 workers
[164.204s][info][gc,ref      ] GC(283) Clearing All SoftReferences
[164.204s][info][gc,phases   ] GC(283) Pause Mark Start 0.049ms
[164.235s][info][gc,phases   ] GC(283) Concurrent Mark 11.744ms
[164.235s][info][gc,phases   ] GC(283) Pause Mark End 0.018ms
[164.235s][info][gc,phases   ] GC(283) Concurrent Mark Free 0.001ms
[164.239s][info][gc,phases   ] GC(283) Concurrent Process Non-Strong References 3.797ms
[164.239s][info][gc,phases   ] GC(283) Concurrent Reset Relocation Set 0.022ms
[164.241s][info][gc,phases   ] GC(283) Concurrent Select Relocation Set 2.356ms
[164.241s][info][gc,phases   ] GC(283) Pause Relocate Start 0.006ms
[164.243s][info][gc,phases   ] GC(283) Concurrent Relocate 1.465ms
[164.243s][info][gc,load     ] GC(283) Load: 0.00/0.00/0.00
[164.243s][info][gc,mmu      ] GC(283) MMU: 2ms/95.8%, 5ms/98.3%, 10ms/99.2%, 20ms/99.6%, 50ms/99.7%, 100ms/99.8%
[164.243s][info][gc,marking  ] GC(283) Mark: 8 stripe(s), 2 proactive flush(es), 1 terminate flush(es), 0 completion(s), 0 continuation(s) 
[164.243s][info][gc,marking  ] GC(283) Mark Stack Usage: 32M
[164.243s][info][gc,nmethod  ] GC(283) NMethods: 1101 registered, 80 unregistered
[164.243s][info][gc,metaspace] GC(283) Metaspace: 16M used, 16M committed, 1088M reserved
[164.243s][info][gc,ref      ] GC(283) Soft: 172 encountered, 35 discovered, 1 enqueued
[164.243s][info][gc,ref      ] GC(283) Weak: 985 encountered, 47 discovered, 0 enqueued
[164.243s][info][gc,ref      ] GC(283) Final: 0 encountered, 0 discovered, 0 enqueued
[164.243s][info][gc,ref      ] GC(283) Phantom: 35 encountered, 23 discovered, 0 enqueued
[164.243s][info][gc,reloc    ] GC(283) Small Pages: 279 / 558M, Empty: 332M, Relocated: 6M, In-Place: 0
[164.243s][info][gc,reloc    ] GC(283) Medium Pages: 0 / 0M, Empty: 0M, Relocated: 0M, In-Place: 0
[164.243s][info][gc,reloc    ] GC(283) Large Pages: 0 / 0M, Empty: 0M, Relocated: 0M, In-Place: 0
[164.243s][info][gc,reloc    ] GC(283) Forwarding Usage: 1M
[164.243s][info][gc,heap     ] GC(283) Min Capacity: 8M(1%)
[164.243s][info][gc,heap     ] GC(283) Max Capacity: 1024M(100%)
[164.243s][info][gc,heap     ] GC(283) Soft Max Capacity: 1024M(100%)
[164.243s][info][gc,heap     ] GC(283)                Mark Start          Mark End        Relocate Start      Relocate End           High               Low         
[164.243s][info][gc,heap     ] GC(283)  Capacity:     1024M (100%)       1024M (100%)       1024M (100%)       1024M (100%)       1024M (100%)       1024M (100%)   
[164.243s][info][gc,heap     ] GC(283)      Free:      466M (46%)         284M (28%)         608M (59%)         786M (77%)         786M (77%)         280M (27%)    
[164.243s][info][gc,heap     ] GC(283)      Used:      558M (54%)         740M (72%)         416M (41%)         238M (23%)         744M (73%)         238M (23%)    
[164.243s][info][gc,heap     ] GC(283)      Live:         -                30M (3%)           30M (3%)           30M (3%)             -                  -          
[164.243s][info][gc,heap     ] GC(283) Allocated:         -               182M (18%)         190M (19%)         189M (19%)            -                  -          
[164.243s][info][gc,heap     ] GC(283)   Garbage:         -               527M (52%)         195M (19%)          18M (2%)             -                  -          
[164.243s][info][gc,heap     ] GC(283) Reclaimed:         -                  -               332M (32%)         509M (50%)            -                  -          
[164.243s][info][gc          ] GC(283) Garbage Collection (Allocation Stall) 558M(54%)->238M(23%)
[164.297s][info][gc,start    ] GC(284) Garbage Collection (Allocation Rate)
[164.297s][info][gc,task     ] GC(284) Using 10 workers
[164.297s][info][gc,phases   ] GC(284) Pause Mark Start 0.012ms
[164.344s][info][gc,phases   ] GC(284) Concurrent Mark 46.483ms
[164.344s][info][gc,phases   ] GC(284) Pause Mark End 0.019ms
[164.344s][info][gc,phases   ] GC(284) Concurrent Mark Free 0.001ms
[164.345s][info][gc,phases   ] GC(284) Concurrent Process Non-Strong References 0.555ms
[164.345s][info][gc,phases   ] GC(284) Concurrent Reset Relocation Set 0.015ms
[164.351s][info][gc,phases   ] GC(284) Concurrent Select Relocation Set 6.507ms
[164.352s][info][gc,phases   ] GC(284) Pause Relocate Start 0.011ms
[164.363s][info][gc,phases   ] GC(284) Concurrent Relocate 11.817ms
[164.364s][info][gc,load     ] GC(284) Load: 0.00/0.00/0.00
[164.364s][info][gc,mmu      ] GC(284) MMU: 2ms/95.8%, 5ms/98.3%, 10ms/99.2%, 20ms/99.6%, 50ms/99.7%, 100ms/99.8%
[164.364s][info][gc,marking  ] GC(284) Mark: 8 stripe(s), 3 proactive flush(es), 1 terminate flush(es), 0 completion(s), 0 continuation(s) 
[164.364s][info][gc,marking  ] GC(284) Mark Stack Usage: 32M
[164.364s][info][gc,nmethod  ] GC(284) NMethods: 1100 registered, 81 unregistered
[164.364s][info][gc,metaspace] GC(284) Metaspace: 16M used, 16M committed, 1088M reserved
[164.364s][info][gc,ref      ] GC(284) Soft: 171 encountered, 0 discovered, 0 enqueued
[164.364s][info][gc,ref      ] GC(284) Weak: 987 encountered, 141 discovered, 0 enqueued
[164.364s][info][gc,ref      ] GC(284) Final: 0 encountered, 0 discovered, 0 enqueued
[164.364s][info][gc,ref      ] GC(284) Phantom: 35 encountered, 30 discovered, 0 enqueued
[164.364s][info][gc,reloc    ] GC(284) Small Pages: 140 / 280M, Empty: 122M, Relocated: 27M, In-Place: 0
[164.364s][info][gc,reloc    ] GC(284) Medium Pages: 1 / 32M, Empty: 0M, Relocated: 0M, In-Place: 0
[164.364s][info][gc,reloc    ] GC(284) Large Pages: 0 / 0M, Empty: 0M, Relocated: 0M, In-Place: 0
[164.364s][info][gc,reloc    ] GC(284) Forwarding Usage: 11M
[164.364s][info][gc,heap     ] GC(284) Min Capacity: 8M(1%)
[164.364s][info][gc,heap     ] GC(284) Max Capacity: 1024M(100%)
[164.364s][info][gc,heap     ] GC(284) Soft Max Capacity: 1024M(100%)
[164.364s][info][gc,heap     ] GC(284)                Mark Start          Mark End        Relocate Start      Relocate End           High               Low         
[164.364s][info][gc,heap     ] GC(284)  Capacity:     1024M (100%)       1024M (100%)       1024M (100%)       1024M (100%)       1024M (100%)       1024M (100%)   
[164.364s][info][gc,heap     ] GC(284)      Free:      712M (70%)         670M (65%)         782M (76%)         802M (78%)         804M (79%)         666M (65%)    
[164.364s][info][gc,heap     ] GC(284)      Used:      312M (30%)         354M (35%)         242M (24%)         222M (22%)         358M (35%)         220M (21%)    
[164.364s][info][gc,heap     ] GC(284)      Live:         -                92M (9%)           92M (9%)           92M (9%)             -                  -          
[164.364s][info][gc,heap     ] GC(284) Allocated:         -                42M (4%)           52M (5%)           65M (6%)             -                  -          
[164.364s][info][gc,heap     ] GC(284)   Garbage:         -               219M (21%)          97M (10%)          63M (6%)             -                  -          
[164.364s][info][gc,heap     ] GC(284) Reclaimed:         -                  -               122M (12%)         155M (15%)            -                  -          
[164.364s][info][gc          ] GC(284) Garbage Collection (Allocation Rate) 312M(30%)->222M(22%)
[164.407s][info][gc,start    ] GC(285) Garbage Collection (Allocation Rate)
[164.407s][info][gc,task     ] GC(285) Using 10 workers
[164.407s][info][gc,phases   ] GC(285) Pause Mark Start 0.015ms
[164.469s][info][gc,phases   ] GC(285) Concurrent Mark 62.089ms
[164.469s][info][gc,phases   ] GC(285) Pause Mark End 0.013ms
[164.469s][info][gc,phases   ] GC(285) Concurrent Mark Free 0.001ms
[164.470s][info][gc,phases   ] GC(285) Concurrent Process Non-Strong References 0.440ms
[164.470s][info][gc,phases   ] GC(285) Concurrent Reset Relocation Set 0.003ms
[164.485s][info][gc,phases   ] GC(285) Concurrent Select Relocation Set 15.074ms
[164.485s][info][gc,phases   ] GC(285) Pause Relocate Start 0.006ms
[164.506s][info][gc,phases   ] GC(285) Concurrent Relocate 21.315ms
[164.506s][info][gc,load     ] GC(285) Load: 0.00/0.00/0.00
[164.506s][info][gc,mmu      ] GC(285) MMU: 2ms/95.8%, 5ms/98.3%, 10ms/99.2%, 20ms/99.6%, 50ms/99.7%, 100ms/99.8%
[164.506s][info][gc,marking  ] GC(285) Mark: 8 stripe(s), 3 proactive flush(es), 1 terminate flush(es), 0 completion(s), 0 continuation(s) 
[164.506s][info][gc,marking  ] GC(285) Mark Stack Usage: 32M
[164.506s][info][gc,nmethod  ] GC(285) NMethods: 1100 registered, 81 unregistered
[164.506s][info][gc,metaspace] GC(285) Metaspace: 16M used, 16M committed, 1088M reserved
[164.506s][info][gc,ref      ] GC(285) Soft: 171 encountered, 0 discovered, 0 enqueued
[164.506s][info][gc,ref      ] GC(285) Weak: 987 encountered, 174 discovered, 0 enqueued
[164.506s][info][gc,ref      ] GC(285) Final: 0 encountered, 0 discovered, 0 enqueued
[164.506s][info][gc,ref      ] GC(285) Phantom: 35 encountered, 30 discovered, 0 enqueued
[164.506s][info][gc,reloc    ] GC(285) Small Pages: 120 / 240M, Empty: 0M, Relocated: 69M, In-Place: 0
[164.506s][info][gc,reloc    ] GC(285) Medium Pages: 1 / 32M, Empty: 0M, Relocated: 0M, In-Place: 0
[164.506s][info][gc,reloc    ] GC(285) Large Pages: 0 / 0M, Empty: 0M, Relocated: 0M, In-Place: 0
[164.506s][info][gc,reloc    ] GC(285) Forwarding Usage: 30M
[164.506s][info][gc,heap     ] GC(285) Min Capacity: 8M(1%)
[164.506s][info][gc,heap     ] GC(285) Max Capacity: 1024M(100%)
[164.506s][info][gc,heap     ] GC(285) Soft Max Capacity: 1024M(100%)
[164.506s][info][gc,heap     ] GC(285)                Mark Start          Mark End        Relocate Start      Relocate End           High               Low         
[164.506s][info][gc,heap     ] GC(285)  Capacity:     1024M (100%)       1024M (100%)       1024M (100%)       1024M (100%)       1024M (100%)       1024M (100%)   
[164.506s][info][gc,heap     ] GC(285)      Free:      752M (73%)         702M (69%)         694M (68%)         722M (71%)         752M (73%)         674M (66%)    
[164.506s][info][gc,heap     ] GC(285)      Used:      272M (27%)         322M (31%)         330M (32%)         302M (29%)         350M (34%)         272M (27%)    
[164.507s][info][gc,heap     ] GC(285)      Live:         -               162M (16%)         162M (16%)         162M (16%)            -                  -          
[164.507s][info][gc,heap     ] GC(285) Allocated:         -                50M (5%)           58M (6%)           75M (7%)             -                  -          
[164.507s][info][gc,heap     ] GC(285)   Garbage:         -               109M (11%)         109M (11%)          63M (6%)             -                  -          
[164.507s][info][gc,heap     ] GC(285) Reclaimed:         -                  -                 0M (0%)           45M (4%)             -                  -          
[164.507s][info][gc          ] GC(285) Garbage Collection (Allocation Rate) 272M(27%)->302M(29%)
[164.610s][info][gc,start    ] GC(286) Garbage Collection (Allocation Rate)
[164.610s][info][gc,task     ] GC(286) Using 10 workers
[164.610s][info][gc,phases   ] GC(286) Pause Mark Start 0.017ms
[164.735s][info][gc,phases   ] GC(286) Concurrent Mark 124.545ms
[164.735s][info][gc,phases   ] GC(286) Pause Mark End 0.028ms
[164.735s][info][gc,phases   ] GC(286) Concurrent Mark Free 0.001ms
[164.735s][info][gc,phases   ] GC(286) Concurrent Process Non-Strong References 0.567ms
[164.735s][info][gc,phases   ] GC(286) Concurrent Reset Relocation Set 0.007ms
[164.739s][info][gc,phases   ] GC(286) Concurrent Select Relocation Set 3.768ms
[164.739s][info][gc,phases   ] GC(286) Pause Relocate Start 0.010ms
[164.758s][info][gc,phases   ] GC(286) Concurrent Relocate 18.969ms
[164.759s][info][gc,load     ] GC(286) Load: 0.00/0.00/0.00
[164.759s][info][gc,mmu      ] GC(286) MMU: 2ms/95.8%, 5ms/98.3%, 10ms/99.2%, 20ms/99.6%, 50ms/99.7%, 100ms/99.8%
[164.759s][info][gc,marking  ] GC(286) Mark: 8 stripe(s), 3 proactive flush(es), 1 terminate flush(es), 0 completion(s), 0 continuation(s) 
[164.759s][info][gc,marking  ] GC(286) Mark Stack Usage: 32M
[164.759s][info][gc,nmethod  ] GC(286) NMethods: 1100 registered, 81 unregistered
[164.759s][info][gc,metaspace] GC(286) Metaspace: 16M used, 16M committed, 1088M reserved
[164.759s][info][gc,ref      ] GC(286) Soft: 171 encountered, 0 discovered, 0 enqueued
[164.759s][info][gc,ref      ] GC(286) Weak: 987 encountered, 79 discovered, 0 enqueued
[164.759s][info][gc,ref      ] GC(286) Final: 0 encountered, 0 discovered, 0 enqueued
[164.759s][info][gc,ref      ] GC(286) Phantom: 35 encountered, 29 discovered, 0 enqueued
[164.759s][info][gc,reloc    ] GC(286) Small Pages: 195 / 390M, Empty: 0M, Relocated: 59M, In-Place: 0
[164.759s][info][gc,reloc    ] GC(286) Medium Pages: 1 / 32M, Empty: 0M, Relocated: 0M, In-Place: 0
[164.759s][info][gc,reloc    ] GC(286) Large Pages: 0 / 0M, Empty: 0M, Relocated: 0M, In-Place: 0
[164.759s][info][gc,reloc    ] GC(286) Forwarding Usage: 25M
[164.759s][info][gc,heap     ] GC(286) Min Capacity: 8M(1%)
[164.759s][info][gc,heap     ] GC(286) Max Capacity: 1024M(100%)
[164.759s][info][gc,heap     ] GC(286) Soft Max Capacity: 1024M(100%)
[164.759s][info][gc,heap     ] GC(286)                Mark Start          Mark End        Relocate Start      Relocate End           High               Low         
[164.759s][info][gc,heap     ] GC(286)  Capacity:     1024M (100%)       1024M (100%)       1024M (100%)       1024M (100%)       1024M (100%)       1024M (100%)   
[164.759s][info][gc,heap     ] GC(286)      Free:      602M (59%)         474M (46%)         468M (46%)         488M (48%)         602M (59%)         448M (44%)    
[164.759s][info][gc,heap     ] GC(286)      Used:      422M (41%)         550M (54%)         556M (54%)         536M (52%)         576M (56%)         422M (41%)    
[164.759s][info][gc,heap     ] GC(286)      Live:         -               285M (28%)         285M (28%)         285M (28%)            -                  -          
[164.759s][info][gc,heap     ] GC(286) Allocated:         -               128M (13%)         134M (13%)         151M (15%)            -                  -          
[164.759s][info][gc,heap     ] GC(286)   Garbage:         -               136M (13%)         136M (13%)          98M (10%)            -                  -          
[164.759s][info][gc,heap     ] GC(286) Reclaimed:         -                  -                 0M (0%)           37M (4%)             -                  -          
[164.759s][info][gc          ] GC(286) Garbage Collection (Allocation Rate) 422M(41%)->536M(52%)
[164.797s][info][gc,start    ] GC(287) Garbage Collection (Allocation Rate)
[164.797s][info][gc,task     ] GC(287) Using 10 workers
[164.797s][info][gc,phases   ] GC(287) Pause Mark Start 0.015ms
[164.938s][info][gc,phases   ] GC(287) Concurrent Mark 140.189ms
[164.938s][info][gc,phases   ] GC(287) Pause Mark End 0.016ms
[164.938s][info][gc,phases   ] GC(287) Concurrent Mark Free 0.001ms
[164.938s][info][gc,phases   ] GC(287) Concurrent Process Non-Strong References 0.474ms
[164.938s][info][gc,phases   ] GC(287) Concurrent Reset Relocation Set 0.010ms
[164.973s][info][gc,phases   ] GC(287) Concurrent Select Relocation Set 35.043ms
[164.974s][info][gc,phases   ] GC(287) Pause Relocate Start 0.009ms
[165.005s][info][gc,phases   ] GC(287) Concurrent Relocate 31.440ms
[165.005s][info][gc,load     ] GC(287) Load: 0.00/0.00/0.00
[165.005s][info][gc,mmu      ] GC(287) MMU: 2ms/95.8%, 5ms/98.3%, 10ms/99.2%, 20ms/99.6%, 50ms/99.7%, 100ms/99.8%
[165.005s][info][gc,marking  ] GC(287) Mark: 8 stripe(s), 3 proactive flush(es), 1 terminate flush(es), 0 completion(s), 0 continuation(s) 
[165.005s][info][gc,marking  ] GC(287) Mark Stack Usage: 32M
[165.005s][info][gc,nmethod  ] GC(287) NMethods: 1100 registered, 81 unregistered
[165.005s][info][gc,metaspace] GC(287) Metaspace: 16M used, 16M committed, 1088M reserved
[165.005s][info][gc,ref      ] GC(287) Soft: 171 encountered, 0 discovered, 0 enqueued
[165.005s][info][gc,ref      ] GC(287) Weak: 987 encountered, 48 discovered, 0 enqueued
[165.005s][info][gc,ref      ] GC(287) Final: 0 encountered, 0 discovered, 0 enqueued
[165.005s][info][gc,ref      ] GC(287) Phantom: 35 encountered, 23 discovered, 0 enqueued
[165.005s][info][gc,reloc    ] GC(287) Small Pages: 273 / 546M, Empty: 0M, Relocated: 85M, In-Place: 0
[165.005s][info][gc,reloc    ] GC(287) Medium Pages: 1 / 32M, Empty: 0M, Relocated: 0M, In-Place: 0
[165.005s][info][gc,reloc    ] GC(287) Large Pages: 0 / 0M, Empty: 0M, Relocated: 0M, In-Place: 0
[165.005s][info][gc,reloc    ] GC(287) Forwarding Usage: 35M
[165.005s][info][gc,heap     ] GC(287) Min Capacity: 8M(1%)
[165.005s][info][gc,heap     ] GC(287) Max Capacity: 1024M(100%)
[165.005s][info][gc,heap     ] GC(287) Soft Max Capacity: 1024M(100%)
[165.005s][info][gc,heap     ] GC(287)                Mark Start          Mark End        Relocate Start      Relocate End           High               Low         
[165.005s][info][gc,heap     ] GC(287)  Capacity:     1024M (100%)       1024M (100%)       1024M (100%)       1024M (100%)       1024M (100%)       1024M (100%)   
[165.005s][info][gc,heap     ] GC(287)      Free:      446M (44%)         308M (30%)         268M (26%)         284M (28%)         446M (44%)         246M (24%)    
[165.005s][info][gc,heap     ] GC(287)      Used:      578M (56%)         716M (70%)         756M (74%)         740M (72%)         778M (76%)         578M (56%)    
[165.005s][info][gc,heap     ] GC(287)      Live:         -               409M (40%)         409M (40%)         409M (40%)            -                  -          
[165.005s][info][gc,heap     ] GC(287) Allocated:         -               138M (13%)         178M (17%)         209M (20%)            -                  -          
[165.005s][info][gc,heap     ] GC(287)   Garbage:         -               168M (16%)         168M (16%)         120M (12%)            -                  -          
[165.005s][info][gc,heap     ] GC(287) Reclaimed:         -                  -                 0M (0%)           47M (5%)             -                  -          
[165.005s][info][gc          ] GC(287) Garbage Collection (Allocation Rate) 578M(56%)->740M(72%)
[165.109s][info][gc,start    ] GC(288) Garbage Collection (Allocation Rate)
[165.110s][info][gc,task     ] GC(288) Using 10 workers
[165.110s][info][gc,phases   ] GC(288) Pause Mark Start 0.017ms
[165.328s][info][gc,phases   ] GC(288) Concurrent Mark 218.221ms
[165.328s][info][gc,phases   ] GC(288) Pause Mark End 0.017ms
[165.328s][info][gc,phases   ] GC(288) Concurrent Mark Free 0.001ms
[165.329s][info][gc,phases   ] GC(288) Concurrent Process Non-Strong References 0.505ms
[165.329s][info][gc,phases   ] GC(288) Concurrent Reset Relocation Set 0.029ms
[165.336s][info][gc,phases   ] GC(288) Concurrent Select Relocation Set 6.821ms
[165.336s][info][gc,phases   ] GC(288) Pause Relocate Start 0.011ms
[165.358s][info][gc,phases   ] GC(288) Concurrent Relocate 21.693ms
[165.358s][info][gc,load     ] GC(288) Load: 0.00/0.00/0.00
[165.358s][info][gc,mmu      ] GC(288) MMU: 2ms/95.8%, 5ms/98.3%, 10ms/99.2%, 20ms/99.6%, 50ms/99.7%, 100ms/99.8%
[165.358s][info][gc,marking  ] GC(288) Mark: 8 stripe(s), 3 proactive flush(es), 1 terminate flush(es), 0 completion(s), 0 continuation(s) 
[165.358s][info][gc,marking  ] GC(288) Mark Stack Usage: 32M
[165.358s][info][gc,nmethod  ] GC(288) NMethods: 1104 registered, 81 unregistered
[165.358s][info][gc,metaspace] GC(288) Metaspace: 16M used, 16M committed, 1088M reserved
[165.358s][info][gc,ref      ] GC(288) Soft: 171 encountered, 0 discovered, 0 enqueued
[165.358s][info][gc,ref      ] GC(288) Weak: 987 encountered, 98 discovered, 0 enqueued
[165.358s][info][gc,ref      ] GC(288) Final: 0 encountered, 0 discovered, 0 enqueued
[165.358s][info][gc,ref      ] GC(288) Phantom: 35 encountered, 30 discovered, 0 enqueued
[165.358s][info][gc,reloc    ] GC(288) Small Pages: 410 / 820M, Empty: 0M, Relocated: 66M, In-Place: 0
[165.358s][info][gc,reloc    ] GC(288) Medium Pages: 1 / 32M, Empty: 0M, Relocated: 0M, In-Place: 0
[165.358s][info][gc,reloc    ] GC(288) Large Pages: 0 / 0M, Empty: 0M, Relocated: 0M, In-Place: 0
[165.358s][info][gc,reloc    ] GC(288) Forwarding Usage: 29M
[165.358s][info][gc,heap     ] GC(288) Min Capacity: 8M(1%)
[165.358s][info][gc,heap     ] GC(288) Max Capacity: 1024M(100%)
[165.358s][info][gc,heap     ] GC(288) Soft Max Capacity: 1024M(100%)
[165.358s][info][gc,heap     ] GC(288)                Mark Start          Mark End        Relocate Start      Relocate End           High               Low         
[165.358s][info][gc,heap     ] GC(288)  Capacity:     1024M (100%)       1024M (100%)       1024M (100%)       1024M (100%)       1024M (100%)       1024M (100%)   
[165.358s][info][gc,heap     ] GC(288)      Free:      172M (17%)          70M (7%)           68M (7%)          110M (11%)         172M (17%)          48M (5%)     
[165.358s][info][gc,heap     ] GC(288)      Used:      852M (83%)         954M (93%)         956M (93%)         914M (89%)         976M (95%)         852M (83%)    
[165.358s][info][gc,heap     ] GC(288)      Live:         -               615M (60%)         615M (60%)         615M (60%)            -                  -          
[165.358s][info][gc,heap     ] GC(288) Allocated:         -               102M (10%)         104M (10%)         111M (11%)            -                  -          
[165.358s][info][gc,heap     ] GC(288)   Garbage:         -               236M (23%)         236M (23%)         187M (18%)            -                  -          
[165.358s][info][gc,heap     ] GC(288) Reclaimed:         -                  -                 0M (0%)           49M (5%)             -                  -          
[165.358s][info][gc          ] GC(288) Garbage Collection (Allocation Rate) 852M(83%)->914M(89%)
[165.406s][info][gc,start    ] GC(289) Garbage Collection (Allocation Rate)
[165.406s][info][gc,task     ] GC(289) Using 10 workers
[165.407s][info][gc,phases   ] GC(289) Pause Mark Start 0.016ms
[165.594s][info][gc,phases   ] GC(289) Concurrent Mark 187.043ms
[165.594s][info][gc,phases   ] GC(289) Pause Mark End 0.015ms
[165.594s][info][gc,phases   ] GC(289) Concurrent Mark Free 0.000ms
[165.594s][info][gc,phases   ] GC(289) Concurrent Process Non-Strong References 0.414ms
[165.594s][info][gc,phases   ] GC(289) Concurrent Reset Relocation Set 0.010ms
[165.640s][info][gc,phases   ] GC(289) Concurrent Select Relocation Set 45.249ms
[165.640s][info][gc,phases   ] GC(289) Pause Relocate Start 0.010ms
[165.686s][info][gc,phases   ] GC(289) Concurrent Relocate 46.592ms
[165.686s][info][gc,load     ] GC(289) Load: 0.00/0.00/0.00
[165.686s][info][gc,mmu      ] GC(289) MMU: 2ms/95.8%, 5ms/98.3%, 10ms/99.2%, 20ms/99.6%, 50ms/99.7%, 100ms/99.8%
[165.686s][info][gc,marking  ] GC(289) Mark: 8 stripe(s), 3 proactive flush(es), 1 terminate flush(es), 0 completion(s), 0 continuation(s) 
[165.686s][info][gc,marking  ] GC(289) Mark Stack Usage: 32M
[165.686s][info][gc,nmethod  ] GC(289) NMethods: 1126 registered, 81 unregistered
[165.687s][info][gc,metaspace] GC(289) Metaspace: 16M used, 16M committed, 1088M reserved
[165.687s][info][gc,ref      ] GC(289) Soft: 171 encountered, 54 discovered, 0 enqueued
[165.687s][info][gc,ref      ] GC(289) Weak: 986 encountered, 61 discovered, 7 enqueued
[165.687s][info][gc,ref      ] GC(289) Final: 0 encountered, 0 discovered, 0 enqueued
[165.687s][info][gc,ref      ] GC(289) Phantom: 35 encountered, 30 discovered, 0 enqueued
[165.687s][info][gc,reloc    ] GC(289) Small Pages: 432 / 864M, Empty: 0M, Relocated: 166M, In-Place: 4
[165.687s][info][gc,reloc    ] GC(289) Medium Pages: 2 / 64M, Empty: 0M, Relocated: 3M, In-Place: 0
[165.687s][info][gc,reloc    ] GC(289) Large Pages: 0 / 0M, Empty: 0M, Relocated: 0M, In-Place: 0
[165.687s][info][gc,reloc    ] GC(289) Forwarding Usage: 70M
[165.687s][info][gc,heap     ] GC(289) Min Capacity: 8M(1%)
[165.687s][info][gc,heap     ] GC(289) Max Capacity: 1024M(100%)
[165.687s][info][gc,heap     ] GC(289) Soft Max Capacity: 1024M(100%)
[165.687s][info][gc,heap     ] GC(289)                Mark Start          Mark End        Relocate Start      Relocate End           High               Low         
[165.687s][info][gc,heap     ] GC(289)  Capacity:     1024M (100%)       1024M (100%)       1024M (100%)       1024M (100%)       1024M (100%)       1024M (100%)   
[165.687s][info][gc,heap     ] GC(289)      Free:       96M (9%)           42M (4%)           40M (4%)          234M (23%)         234M (23%)           0M (0%)     
[165.687s][info][gc,heap     ] GC(289)      Used:      928M (91%)         982M (96%)         984M (96%)         790M (77%)        1024M (100%)        790M (77%)    
[165.687s][info][gc,heap     ] GC(289)      Live:         -               593M (58%)         593M (58%)         593M (58%)            -                  -          
[165.687s][info][gc,heap     ] GC(289) Allocated:         -                54M (5%)           56M (5%)           57M (6%)             -                  -          
[165.687s][info][gc,heap     ] GC(289)   Garbage:         -               334M (33%)         334M (33%)         138M (13%)            -                  -          
[165.687s][info][gc,heap     ] GC(289) Reclaimed:         -                  -                 0M (0%)          195M (19%)            -                  -          
[165.687s][info][gc          ] GC(289) Garbage Collection (Allocation Rate) 928M(91%)->790M(77%)
[165.696s][info][gc,start    ] GC(290) Garbage Collection (Allocation Rate)
[165.696s][info][gc,task     ] GC(290) Using 10 workers
[165.696s][info][gc,phases   ] GC(290) Pause Mark Start 0.008ms
[165.711s][info][gc,phases   ] GC(290) Concurrent Mark 15.419ms
[165.712s][info][gc,phases   ] GC(290) Pause Mark End 0.016ms
[165.712s][info][gc,phases   ] GC(290) Concurrent Mark Free 0.001ms
[165.712s][info][gc,phases   ] GC(290) Concurrent Process Non-Strong References 0.491ms
[165.712s][info][gc,phases   ] GC(290) Concurrent Reset Relocation Set 0.028ms
[165.725s][info][gc,phases   ] GC(290) Concurrent Select Relocation Set 12.528ms
[165.725s][info][gc,phases   ] GC(290) Pause Relocate Start 0.008ms
[165.726s][info][gc,phases   ] GC(290) Concurrent Relocate 1.286ms
[165.726s][info][gc,load     ] GC(290) Load: 0.00/0.00/0.00
[165.726s][info][gc,mmu      ] GC(290) MMU: 2ms/95.8%, 5ms/98.3%, 10ms/99.2%, 20ms/99.6%, 50ms/99.7%, 100ms/99.8%
[165.726s][info][gc,marking  ] GC(290) Mark: 8 stripe(s), 2 proactive flush(es), 1 terminate flush(es), 0 completion(s), 0 continuation(s) 
[165.726s][info][gc,marking  ] GC(290) Mark Stack Usage: 32M
[165.726s][info][gc,nmethod  ] GC(290) NMethods: 1125 registered, 82 unregistered
[165.726s][info][gc,metaspace] GC(290) Metaspace: 16M used, 16M committed, 1088M reserved
[165.726s][info][gc,ref      ] GC(290) Soft: 171 encountered, 0 discovered, 0 enqueued
[165.726s][info][gc,ref      ] GC(290) Weak: 989 encountered, 78 discovered, 3 enqueued
[165.726s][info][gc,ref      ] GC(290) Final: 0 encountered, 0 discovered, 0 enqueued
[165.726s][info][gc,ref      ] GC(290) Phantom: 35 encountered, 30 discovered, 0 enqueued
[165.726s][info][gc,reloc    ] GC(290) Small Pages: 379 / 758M, Empty: 680M, Relocated: 4M, In-Place: 0
[165.726s][info][gc,reloc    ] GC(290) Medium Pages: 1 / 32M, Empty: 32M, Relocated: 0M, In-Place: 0
[165.726s][info][gc,reloc    ] GC(290) Large Pages: 0 / 0M, Empty: 0M, Relocated: 0M, In-Place: 0
[165.726s][info][gc,reloc    ] GC(290) Forwarding Usage: 1M
[165.726s][info][gc,heap     ] GC(290) Min Capacity: 8M(1%)
[165.726s][info][gc,heap     ] GC(290) Max Capacity: 1024M(100%)
[165.727s][info][gc,heap     ] GC(290) Soft Max Capacity: 1024M(100%)
[165.727s][info][gc,heap     ] GC(290)                Mark Start          Mark End        Relocate Start      Relocate End           High               Low         
[165.727s][info][gc,heap     ] GC(290)  Capacity:     1024M (100%)       1024M (100%)       1024M (100%)       1024M (100%)       1024M (100%)       1024M (100%)   
[165.727s][info][gc,heap     ] GC(290)      Free:      234M (23%)         232M (23%)         944M (92%)         972M (95%)         972M (95%)         232M (23%)    
[165.727s][info][gc,heap     ] GC(290)      Used:      790M (77%)         792M (77%)          80M (8%)           52M (5%)          792M (77%)          52M (5%)     
[165.727s][info][gc,heap     ] GC(290)      Live:         -                29M (3%)           29M (3%)           29M (3%)             -                  -          
[165.727s][info][gc,heap     ] GC(290) Allocated:         -                 2M (0%)            2M (0%)            1M (0%)             -                  -          
[165.727s][info][gc,heap     ] GC(290)   Garbage:         -               760M (74%)          48M (5%)           20M (2%)             -                  -          
[165.727s][info][gc,heap     ] GC(290) Reclaimed:         -                  -               712M (70%)         739M (72%)            -                  -          
[165.727s][info][gc          ] GC(290) Garbage Collection (Allocation Rate) 790M(77%)->52M(5%)
[165.805s][info][gc,start    ] GC(291) Garbage Collection (Allocation Rate)
[165.805s][info][gc,task     ] GC(291) Using 10 workers
[165.805s][info][gc,phases   ] GC(291) Pause Mark Start 0.007ms
[165.836s][info][gc,phases   ] GC(291) Concurrent Mark 31.052ms
[165.837s][info][gc,phases   ] GC(291) Pause Mark End 0.011ms
[165.837s][info][gc,phases   ] GC(291) Concurrent Mark Free 0.001ms
[165.837s][info][gc,phases   ] GC(291) Concurrent Process Non-Strong References 0.536ms
[165.837s][info][gc,phases   ] GC(291) Concurrent Reset Relocation Set 0.003ms
[165.843s][info][gc,phases   ] GC(291) Concurrent Select Relocation Set 6.091ms
[165.844s][info][gc,phases   ] GC(291) Pause Relocate Start 0.006ms
[165.845s][info][gc,phases   ] GC(291) Concurrent Relocate 1.069ms
[165.845s][info][gc,load     ] GC(291) Load: 0.00/0.00/0.00
[165.845s][info][gc,mmu      ] GC(291) MMU: 2ms/95.8%, 5ms/98.3%, 10ms/99.2%, 20ms/99.6%, 50ms/99.7%, 100ms/99.8%
[165.845s][info][gc,marking  ] GC(291) Mark: 8 stripe(s), 3 proactive flush(es), 1 terminate flush(es), 0 completion(s), 0 continuation(s) 
[165.845s][info][gc,marking  ] GC(291) Mark Stack Usage: 32M
[165.845s][info][gc,nmethod  ] GC(291) NMethods: 1125 registered, 82 unregistered
[165.845s][info][gc,metaspace] GC(291) Metaspace: 16M used, 16M committed, 1088M reserved
[165.845s][info][gc,ref      ] GC(291) Soft: 171 encountered, 0 discovered, 0 enqueued
[165.845s][info][gc,ref      ] GC(291) Weak: 986 encountered, 54 discovered, 0 enqueued
[165.845s][info][gc,ref      ] GC(291) Final: 0 encountered, 0 discovered, 0 enqueued
[165.845s][info][gc,ref      ] GC(291) Phantom: 35 encountered, 30 discovered, 0 enqueued
[165.845s][info][gc,reloc    ] GC(291) Small Pages: 28 / 56M, Empty: 2M, Relocated: 4M, In-Place: 0
[165.845s][info][gc,reloc    ] GC(291) Medium Pages: 0 / 0M, Empty: 0M, Relocated: 0M, In-Place: 0
[165.845s][info][gc,reloc    ] GC(291) Large Pages: 0 / 0M, Empty: 0M, Relocated: 0M, In-Place: 0
[165.845s][info][gc,reloc    ] GC(291) Forwarding Usage: 1M
[165.845s][info][gc,heap     ] GC(291) Min Capacity: 8M(1%)
[165.845s][info][gc,heap     ] GC(291) Max Capacity: 1024M(100%)
[165.845s][info][gc,heap     ] GC(291) Soft Max Capacity: 1024M(100%)
[165.845s][info][gc,heap     ] GC(291)                Mark Start          Mark End        Relocate Start      Relocate End           High               Low         
[165.845s][info][gc,heap     ] GC(291)  Capacity:     1024M (100%)       1024M (100%)       1024M (100%)       1024M (100%)       1024M (100%)       1024M (100%)   
[165.845s][info][gc,heap     ] GC(291)      Free:      968M (95%)         966M (94%)         968M (95%)         972M (95%)         972M (95%)         950M (93%)    
[165.845s][info][gc,heap     ] GC(291)      Used:       56M (5%)           58M (6%)           56M (5%)           52M (5%)           74M (7%)           52M (5%)     
[165.845s][info][gc,heap     ] GC(291)      Live:         -                29M (3%)           29M (3%)           29M (3%)             -                  -          
[165.845s][info][gc,heap     ] GC(291) Allocated:         -                 2M (0%)            2M (0%)            1M (0%)             -                  -          
[165.845s][info][gc,heap     ] GC(291)   Garbage:         -                26M (3%)           24M (2%)           20M (2%)             -                  -          
[165.845s][info][gc,heap     ] GC(291) Reclaimed:         -                  -                 2M (0%)            5M (1%)             -                  -          
[165.845s][info][gc          ] GC(291) Garbage Collection (Allocation Rate) 56M(5%)->52M(5%)
[165.899s][info][gc,start    ] GC(292) Garbage Collection (Allocation Rate)
[165.899s][info][gc,task     ] GC(292) Using 10 workers
[165.899s][info][gc,phases   ] GC(292) Pause Mark Start 0.006ms
[165.930s][info][gc,phases   ] GC(292) Concurrent Mark 31.000ms
[165.930s][info][gc,phases   ] GC(292) Pause Mark End 0.013ms
[165.930s][info][gc,phases   ] GC(292) Concurrent Mark Free 0.001ms
[165.931s][info][gc,phases   ] GC(292) Concurrent Process Non-Strong References 0.572ms
[165.931s][info][gc,phases   ] GC(292) Concurrent Reset Relocation Set 0.002ms
[165.934s][info][gc,phases   ] GC(292) Concurrent Select Relocation Set 2.679ms
[165.934s][info][gc,phases   ] GC(292) Pause Relocate Start 0.005ms
[165.936s][info][gc,phases   ] GC(292) Concurrent Relocate 1.805ms
[165.936s][info][gc,load     ] GC(292) Load: 0.00/0.00/0.00
[165.936s][info][gc,mmu      ] GC(292) MMU: 2ms/95.8%, 5ms/98.3%, 10ms/99.2%, 20ms/99.6%, 50ms/99.7%, 100ms/99.8%
[165.936s][info][gc,marking  ] GC(292) Mark: 8 stripe(s), 3 proactive flush(es), 1 terminate flush(es), 0 completion(s), 0 continuation(s) 
[165.936s][info][gc,marking  ] GC(292) Mark Stack Usage: 32M
[165.936s][info][gc,nmethod  ] GC(292) NMethods: 1125 registered, 82 unregistered
[165.936s][info][gc,metaspace] GC(292) Metaspace: 16M used, 16M committed, 1088M reserved
[165.936s][info][gc,ref      ] GC(292) Soft: 171 encountered, 0 discovered, 0 enqueued
[165.936s][info][gc,ref      ] GC(292) Weak: 986 encountered, 81 discovered, 0 enqueued
[165.936s][info][gc,ref      ] GC(292) Final: 0 encountered, 0 discovered, 0 enqueued
[165.936s][info][gc,ref      ] GC(292) Phantom: 35 encountered, 30 discovered, 0 enqueued
[165.936s][info][gc,reloc    ] GC(292) Small Pages: 27 / 54M, Empty: 0M, Relocated: 4M, In-Place: 0
[165.936s][info][gc,reloc    ] GC(292) Medium Pages: 0 / 0M, Empty: 0M, Relocated: 0M, In-Place: 0
[165.936s][info][gc,reloc    ] GC(292) Large Pages: 0 / 0M, Empty: 0M, Relocated: 0M, In-Place: 0
[165.936s][info][gc,reloc    ] GC(292) Forwarding Usage: 1M
[165.936s][info][gc,heap     ] GC(292) Min Capacity: 8M(1%)
[165.936s][info][gc,heap     ] GC(292) Max Capacity: 1024M(100%)
[165.936s][info][gc,heap     ] GC(292) Soft Max Capacity: 1024M(100%)
[165.936s][info][gc,heap     ] GC(292)                Mark Start          Mark End        Relocate Start      Relocate End           High               Low         
[165.936s][info][gc,heap     ] GC(292)  Capacity:     1024M (100%)       1024M (100%)       1024M (100%)       1024M (100%)       1024M (100%)       1024M (100%)   
[165.936s][info][gc,heap     ] GC(292)      Free:      970M (95%)         968M (95%)         968M (95%)         972M (95%)         972M (95%)         948M (93%)    
[165.936s][info][gc,heap     ] GC(292)      Used:       54M (5%)           56M (5%)           56M (5%)           52M (5%)           76M (7%)           52M (5%)     
[165.936s][info][gc,heap     ] GC(292)      Live:         -                29M (3%)           29M (3%)           29M (3%)             -                  -          
[165.936s][info][gc,heap     ] GC(292) Allocated:         -                 2M (0%)            2M (0%)            1M (0%)             -                  -          
[165.936s][info][gc,heap     ] GC(292)   Garbage:         -                24M (2%)           24M (2%)           20M (2%)             -                  -          
[165.936s][info][gc,heap     ] GC(292) Reclaimed:         -                  -                 0M (0%)            3M (0%)             -                  -          
[165.936s][info][gc          ] GC(292) Garbage Collection (Allocation Rate) 54M(5%)->52M(5%)
[170.099s][info][gc,stats    ] === Garbage Collection Statistics =======================================================================================================================
[170.099s][info][gc,stats    ]                                                              Last 10s              Last 10m              Last 10h                Total
[170.099s][info][gc,stats    ]                                                              Avg / Max             Avg / Max             Avg / Max             Avg / Max
[170.099s][info][gc,stats    ]   Collector: Garbage Collection Cycle                    106.296 / 280.209     137.736 / 318.799     137.736 / 318.799     137.736 / 318.799     ms
[170.099s][info][gc,stats    ]  Contention: Mark Segment Reset Contention                     6 / 21                8 / 41                8 / 41                8 / 41          ops/s
[170.099s][info][gc,stats    ]  Contention: Mark SeqNum Reset Contention                      0 / 3                 1 / 10                1 / 10                1 / 10          ops/s
[170.099s][info][gc,stats    ]    Critical: Allocation Stall                                 34 / 294              16 / 308              16 / 308              16 / 308         ops/s
[170.099s][info][gc,stats    ]    Critical: Allocation Stall                             19.995 / 34.278       13.264 / 52.907       13.264 / 52.907       13.264 / 52.907      ms
[170.099s][info][gc,stats    ]    Critical: GC Locker Stall                                   0 / 0                 0 / 0                 0 / 0                 0 / 0           ops/s
[170.099s][info][gc,stats    ]    Critical: GC Locker Stall                               0.000 / 0.000         0.000 / 0.000         0.000 / 0.000         0.000 / 0.000       ms
[170.099s][info][gc,stats    ]    Critical: Relocation Stall                                  1 / 16                0 / 16                0 / 16                0 / 16          ops/s
[170.099s][info][gc,stats    ]    Critical: Relocation Stall                              0.785 / 0.883         0.941 / 4.839         0.941 / 4.839         0.941 / 4.839       ms
[170.099s][info][gc,stats    ]      Memory: Allocation Rate                                 795 / 5614            582 / 6762            582 / 6762            582 / 6762        MB/s
[170.099s][info][gc,stats    ]      Memory: Defragment                                        1 / 14                2 / 29                2 / 29                2 / 29          ops/s
[170.100s][info][gc,stats    ]      Memory: Out Of Memory                                     0 / 0                 0 / 0                 0 / 0                 0 / 0           ops/s
[170.100s][info][gc,stats    ]      Memory: Page Cache Flush                                 12 / 64                8 / 122               8 / 122               8 / 122         MB/s
[170.100s][info][gc,stats    ]      Memory: Page Cache Hit L1                               428 / 2818            325 / 3426            325 / 3426            325 / 3426        ops/s
[170.100s][info][gc,stats    ]      Memory: Page Cache Hit L2                                 0 / 0                 0 / 0                 0 / 0                 0 / 0           ops/s
[170.100s][info][gc,stats    ]      Memory: Page Cache Hit L3                                 1 / 12                4 / 407               4 / 407               4 / 407         ops/s
[170.100s][info][gc,stats    ]      Memory: Page Cache Miss                                   0 / 2                 0 / 2                 0 / 2                 0 / 2           ops/s
[170.100s][info][gc,stats    ]      Memory: Uncommit                                          0 / 0                 0 / 0                 0 / 0                 0 / 0           MB/s
[170.100s][info][gc,stats    ]      Memory: Undo Object Allocation Failed                     6 / 37               19 / 647              19 / 647              19 / 647         ops/s
[170.100s][info][gc,stats    ]      Memory: Undo Object Allocation Succeeded                  3 / 22                5 / 108               5 / 108               5 / 108         ops/s
[170.100s][info][gc,stats    ]      Memory: Undo Page Allocation                            105 / 887              55 / 1061             55 / 1061             55 / 1061        ops/s
[170.100s][info][gc,stats    ]       Phase: Concurrent Mark                              65.793 / 218.221     100.526 / 249.632     100.526 / 249.632     100.526 / 249.632     ms
[170.100s][info][gc,stats    ]       Phase: Concurrent Mark Continue                      0.000 / 0.000         0.000 / 0.000         0.000 / 0.000         0.000 / 0.000       ms
[170.100s][info][gc,stats    ]       Phase: Concurrent Mark Free                          0.001 / 0.004         0.001 / 0.004         0.001 / 0.004         0.001 / 0.004       ms
[170.100s][info][gc,stats    ]       Phase: Concurrent Process Non-Strong References      1.296 / 4.023         0.989 / 15.033        0.989 / 15.033        0.989 / 15.033      ms
[170.100s][info][gc,stats    ]       Phase: Concurrent Relocate                          10.563 / 46.592       12.255 / 59.080       12.255 / 59.080       12.255 / 59.080      ms
[170.100s][info][gc,stats    ]       Phase: Concurrent Reset Relocation Set               0.013 / 0.036         0.014 / 0.066         0.014 / 0.066         0.014 / 0.066       ms
[170.100s][info][gc,stats    ]       Phase: Concurrent Select Relocation Set             10.044 / 45.249       12.504 / 64.809       12.504 / 64.809       12.504 / 64.809      ms
[170.100s][info][gc,stats    ]       Phase: Pause Mark End                                0.017 / 0.028         0.017 / 0.028         0.017 / 0.028         0.017 / 0.028       ms
[170.100s][info][gc,stats    ]       Phase: Pause Mark Start                              0.026 / 0.053         0.020 / 0.084         0.020 / 0.084         0.020 / 0.084       ms
[170.100s][info][gc,stats    ]       Phase: Pause Relocate Start                          0.008 / 0.011         0.008 / 0.025         0.008 / 0.025         0.008 / 0.025       ms
[170.100s][info][gc,stats    ]    Subphase: Concurrent Classes Purge                      0.053 / 0.303         0.074 / 5.672         0.074 / 5.672         0.074 / 5.672       ms
[170.100s][info][gc,stats    ]    Subphase: Concurrent Classes Unlink                     0.972 / 3.570         0.465 / 6.293         0.465 / 6.293         0.465 / 6.293       ms
[170.100s][info][gc,stats    ]    Subphase: Concurrent Mark                              63.795 / 217.088      98.285 / 248.331      98.285 / 248.331      98.285 / 248.331     ms
[170.100s][info][gc,stats    ]    Subphase: Concurrent Mark Try Flush                     1.257 / 23.771        0.831 / 31.490        0.831 / 31.490        0.831 / 31.490      ms
[170.100s][info][gc,stats    ]    Subphase: Concurrent Mark Try Terminate                10.212 / 16.648        8.657 / 16.648        8.657 / 16.648        8.657 / 16.648      ms
[170.100s][info][gc,stats    ]    Subphase: Concurrent References Enqueue                 0.001 / 0.004         0.001 / 0.007         0.001 / 0.007         0.001 / 0.007       ms
[170.100s][info][gc,stats    ]    Subphase: Concurrent References Process                 0.027 / 0.069         0.033 / 0.210         0.033 / 0.210         0.033 / 0.210       ms
[170.101s][info][gc,stats    ]    Subphase: Concurrent Roots ClassLoaderDataGraph         0.032 / 0.362         0.040 / 1.028         0.040 / 1.028         0.040 / 1.028       ms
[170.101s][info][gc,stats    ]    Subphase: Concurrent Roots CodeCache                    0.000 / 0.000         0.000 / 0.000         0.000 / 0.000         0.000 / 0.000       ms
[170.101s][info][gc,stats    ]    Subphase: Concurrent Roots JavaThreads                  0.688 / 3.450         0.727 / 8.068         0.727 / 8.068         0.727 / 8.068       ms
[170.101s][info][gc,stats    ]    Subphase: Concurrent Roots OopStorageSet                0.012 / 0.040         0.015 / 0.682         0.015 / 0.682         0.015 / 0.682       ms
[170.101s][info][gc,stats    ]    Subphase: Concurrent Weak Roots OopStorageSet           0.153 / 0.312         0.113 / 0.312         0.113 / 0.312         0.113 / 0.312       ms
[170.101s][info][gc,stats    ]    Subphase: Pause Mark Try Complete                       0.000 / 0.000         0.000 / 0.000         0.000 / 0.000         0.000 / 0.000       ms
[170.101s][info][gc,stats    ]      System: Java Threads                                     67 / 75               64 / 75               64 / 75               64 / 75          threads
[170.101s][info][gc,stats    ] =========================================================================================================================================================
[173.108s][info][gc,start    ] GC(293) Garbage Collection (Allocation Rate)
[173.109s][info][gc,task     ] GC(293) Using 10 workers
[173.109s][info][gc,phases   ] GC(293) Pause Mark Start 0.016ms
[173.187s][info][gc,phases   ] GC(293) Concurrent Mark 77.698ms
[173.187s][info][gc,phases   ] GC(293) Pause Mark End 0.017ms
[173.187s][info][gc,phases   ] GC(293) Concurrent Mark Free 0.001ms
[173.187s][info][gc,phases   ] GC(293) Concurrent Process Non-Strong References 0.489ms
[173.187s][info][gc,phases   ] GC(293) Concurrent Reset Relocation Set 0.002ms
[173.212s][info][gc,phases   ] GC(293) Concurrent Select Relocation Set 24.674ms
[173.212s][info][gc,phases   ] GC(293) Pause Relocate Start 0.008ms
[173.253s][info][gc,phases   ] GC(293) Concurrent Relocate 40.814ms
[173.253s][info][gc,load     ] GC(293) Load: 0.00/0.00/0.00
[173.253s][info][gc,mmu      ] GC(293) MMU: 2ms/95.8%, 5ms/98.3%, 10ms/99.2%, 20ms/99.6%, 50ms/99.7%, 100ms/99.8%
[173.253s][info][gc,marking  ] GC(293) Mark: 8 stripe(s), 2 proactive flush(es), 1 terminate flush(es), 0 completion(s), 0 continuation(s) 
[173.253s][info][gc,marking  ] GC(293) Mark Stack Usage: 32M
[173.253s][info][gc,nmethod  ] GC(293) NMethods: 1133 registered, 82 unregistered
[173.253s][info][gc,metaspace] GC(293) Metaspace: 16M used, 16M committed, 1088M reserved
[173.253s][info][gc,ref      ] GC(293) Soft: 171 encountered, 0 discovered, 0 enqueued
[173.253s][info][gc,ref      ] GC(293) Weak: 985 encountered, 38 discovered, 4 enqueued
[173.253s][info][gc,ref      ] GC(293) Final: 0 encountered, 0 discovered, 0 enqueued
[173.253s][info][gc,ref      ] GC(293) Phantom: 35 encountered, 25 discovered, 0 enqueued
[173.253s][info][gc,reloc    ] GC(293) Small Pages: 283 / 566M, Empty: 8M, Relocated: 185M, In-Place: 0
[173.253s][info][gc,reloc    ] GC(293) Medium Pages: 0 / 0M, Empty: 0M, Relocated: 0M, In-Place: 0
[173.253s][info][gc,reloc    ] GC(293) Large Pages: 0 / 0M, Empty: 0M, Relocated: 0M, In-Place: 0
[173.253s][info][gc,reloc    ] GC(293) Forwarding Usage: 81M
[173.253s][info][gc,heap     ] GC(293) Min Capacity: 8M(1%)
[173.253s][info][gc,heap     ] GC(293) Max Capacity: 1024M(100%)
[173.253s][info][gc,heap     ] GC(293) Soft Max Capacity: 1024M(100%)
[173.254s][info][gc,heap     ] GC(293)                Mark Start          Mark End        Relocate Start      Relocate End           High               Low         
[173.254s][info][gc,heap     ] GC(293)  Capacity:     1024M (100%)       1024M (100%)       1024M (100%)       1024M (100%)       1024M (100%)       1024M (100%)   
[173.254s][info][gc,heap     ] GC(293)      Free:      458M (45%)         370M (36%)         344M (34%)         660M (64%)         660M (64%)         322M (31%)    
[173.254s][info][gc,heap     ] GC(293)      Used:      566M (55%)         654M (64%)         680M (66%)         364M (36%)         702M (69%)         364M (36%)    
[173.254s][info][gc,heap     ] GC(293)      Live:         -               208M (20%)         208M (20%)         208M (20%)            -                  -          
[173.254s][info][gc,heap     ] GC(293) Allocated:         -                88M (9%)          122M (12%)         142M (14%)            -                  -          
[173.254s][info][gc,heap     ] GC(293)   Garbage:         -               357M (35%)         349M (34%)          12M (1%)             -                  -          
[173.254s][info][gc,heap     ] GC(293) Reclaimed:         -                  -                 8M (1%)          344M (34%)            -                  -          
[173.254s][info][gc          ] GC(293) Garbage Collection (Allocation Rate) 566M(55%)->364M(36%)
[173.296s][info][gc,start    ] GC(294) Garbage Collection (Allocation Rate)
[173.296s][info][gc,task     ] GC(294) Using 10 workers
[173.296s][info][gc,phases   ] GC(294) Pause Mark Start 0.018ms
[173.436s][info][gc,phases   ] GC(294) Concurrent Mark 140.188ms
[173.437s][info][gc,phases   ] GC(294) Pause Mark End 0.017ms
[173.437s][info][gc,phases   ] GC(294) Concurrent Mark Free 0.001ms
[173.437s][info][gc,phases   ] GC(294) Concurrent Process Non-Strong References 0.513ms
[173.437s][info][gc,phases   ] GC(294) Concurrent Reset Relocation Set 0.043ms
[173.460s][info][gc,phases   ] GC(294) Concurrent Select Relocation Set 22.304ms
[173.460s][info][gc,phases   ] GC(294) Pause Relocate Start 0.010ms
[173.484s][info][gc,phases   ] GC(294) Concurrent Relocate 24.555ms
[173.484s][info][gc,load     ] GC(294) Load: 0.00/0.00/0.00
[173.485s][info][gc,mmu      ] GC(294) MMU: 2ms/95.8%, 5ms/98.3%, 10ms/99.2%, 20ms/99.6%, 50ms/99.7%, 100ms/99.8%
[173.485s][info][gc,marking  ] GC(294) Mark: 8 stripe(s), 2 proactive flush(es), 1 terminate flush(es), 0 completion(s), 0 continuation(s) 
[173.485s][info][gc,marking  ] GC(294) Mark Stack Usage: 32M
[173.485s][info][gc,nmethod  ] GC(294) NMethods: 1133 registered, 82 unregistered
[173.485s][info][gc,metaspace] GC(294) Metaspace: 16M used, 16M committed, 1088M reserved
[173.485s][info][gc,ref      ] GC(294) Soft: 171 encountered, 0 discovered, 0 enqueued
[173.485s][info][gc,ref      ] GC(294) Weak: 981 encountered, 58 discovered, 0 enqueued
[173.485s][info][gc,ref      ] GC(294) Final: 0 encountered, 0 discovered, 0 enqueued
[173.485s][info][gc,ref      ] GC(294) Phantom: 35 encountered, 27 discovered, 0 enqueued
[173.485s][info][gc,reloc    ] GC(294) Small Pages: 205 / 410M, Empty: 0M, Relocated: 73M, In-Place: 0
[173.485s][info][gc,reloc    ] GC(294) Medium Pages: 0 / 0M, Empty: 0M, Relocated: 0M, In-Place: 0
[173.485s][info][gc,reloc    ] GC(294) Large Pages: 0 / 0M, Empty: 0M, Relocated: 0M, In-Place: 0
[173.485s][info][gc,reloc    ] GC(294) Forwarding Usage: 34M
[173.485s][info][gc,heap     ] GC(294) Min Capacity: 8M(1%)
[173.485s][info][gc,heap     ] GC(294) Max Capacity: 1024M(100%)
[173.485s][info][gc,heap     ] GC(294) Soft Max Capacity: 1024M(100%)
[173.485s][info][gc,heap     ] GC(294)                Mark Start          Mark End        Relocate Start      Relocate End           High               Low         
[173.485s][info][gc,heap     ] GC(294)  Capacity:     1024M (100%)       1024M (100%)       1024M (100%)       1024M (100%)       1024M (100%)       1024M (100%)   
[173.485s][info][gc,heap     ] GC(294)      Free:      614M (60%)         466M (46%)         436M (43%)         536M (52%)         614M (60%)         414M (40%)    
[173.485s][info][gc,heap     ] GC(294)      Used:      410M (40%)         558M (54%)         588M (57%)         488M (48%)         610M (60%)         410M (40%)    
[173.485s][info][gc,heap     ] GC(294)      Live:         -               273M (27%)         273M (27%)         273M (27%)            -                  -          
[173.485s][info][gc,heap     ] GC(294) Allocated:         -               148M (14%)         178M (17%)         199M (19%)            -                  -          
[173.485s][info][gc,heap     ] GC(294)   Garbage:         -               136M (13%)         136M (13%)          15M (2%)             -                  -          
[173.485s][info][gc,heap     ] GC(294) Reclaimed:         -                  -                 0M (0%)          121M (12%)            -                  -          
[173.485s][info][gc          ] GC(294) Garbage Collection (Allocation Rate) 410M(40%)->488M(48%)
[173.499s][info][gc,start    ] GC(295) Garbage Collection (Allocation Rate)
[173.499s][info][gc,task     ] GC(295) Using 10 workers
[173.499s][info][gc,phases   ] GC(295) Pause Mark Start 0.013ms
[173.640s][info][gc,phases   ] GC(295) Concurrent Mark 140.316ms
[173.640s][info][gc,phases   ] GC(295) Pause Mark End 0.021ms
[173.640s][info][gc,phases   ] GC(295) Concurrent Mark Free 0.001ms
[173.640s][info][gc,phases   ] GC(295) Concurrent Process Non-Strong References 0.500ms
[173.640s][info][gc,phases   ] GC(295) Concurrent Reset Relocation Set 0.011ms
[173.672s][info][gc,phases   ] GC(295) Concurrent Select Relocation Set 31.801ms
[173.672s][info][gc,phases   ] GC(295) Pause Relocate Start 0.009ms
[173.700s][info][gc,phases   ] GC(295) Concurrent Relocate 27.312ms
[173.700s][info][gc,load     ] GC(295) Load: 0.00/0.00/0.00
[173.700s][info][gc,mmu      ] GC(295) MMU: 2ms/95.8%, 5ms/98.3%, 10ms/99.2%, 20ms/99.6%, 50ms/99.7%, 100ms/99.8%
[173.700s][info][gc,marking  ] GC(295) Mark: 8 stripe(s), 2 proactive flush(es), 2 terminate flush(es), 0 completion(s), 0 continuation(s) 
[173.700s][info][gc,marking  ] GC(295) Mark Stack Usage: 32M
[173.700s][info][gc,nmethod  ] GC(295) NMethods: 1133 registered, 82 unregistered
[173.700s][info][gc,metaspace] GC(295) Metaspace: 16M used, 16M committed, 1088M reserved
[173.701s][info][gc,ref      ] GC(295) Soft: 171 encountered, 0 discovered, 0 enqueued
[173.701s][info][gc,ref      ] GC(295) Weak: 981 encountered, 73 discovered, 0 enqueued
[173.701s][info][gc,ref      ] GC(295) Final: 0 encountered, 0 discovered, 0 enqueued
[173.701s][info][gc,ref      ] GC(295) Phantom: 35 encountered, 17 discovered, 0 enqueued
[173.701s][info][gc,reloc    ] GC(295) Small Pages: 252 / 504M, Empty: 0M, Relocated: 83M, In-Place: 0
[173.701s][info][gc,reloc    ] GC(295) Medium Pages: 0 / 0M, Empty: 0M, Relocated: 0M, In-Place: 0
[173.701s][info][gc,reloc    ] GC(295) Large Pages: 0 / 0M, Empty: 0M, Relocated: 0M, In-Place: 0
[173.701s][info][gc,reloc    ] GC(295) Forwarding Usage: 38M
[173.701s][info][gc,heap     ] GC(295) Min Capacity: 8M(1%)
[173.701s][info][gc,heap     ] GC(295) Max Capacity: 1024M(100%)
[173.701s][info][gc,heap     ] GC(295) Soft Max Capacity: 1024M(100%)
[173.701s][info][gc,heap     ] GC(295)                Mark Start          Mark End        Relocate Start      Relocate End           High               Low         
[173.701s][info][gc,heap     ] GC(295)  Capacity:     1024M (100%)       1024M (100%)       1024M (100%)       1024M (100%)       1024M (100%)       1024M (100%)   
[173.701s][info][gc,heap     ] GC(295)      Free:      520M (51%)         364M (36%)         322M (31%)         436M (43%)         520M (51%)         300M (29%)    
[173.701s][info][gc,heap     ] GC(295)      Used:      504M (49%)         660M (64%)         702M (69%)         588M (57%)         724M (71%)         504M (49%)    
[173.701s][info][gc,heap     ] GC(295)      Live:         -               346M (34%)         346M (34%)         346M (34%)            -                  -          
[173.701s][info][gc,heap     ] GC(295) Allocated:         -               156M (15%)         198M (19%)         221M (22%)            -                  -          
[173.701s][info][gc,heap     ] GC(295)   Garbage:         -               157M (15%)         157M (15%)          20M (2%)             -                  -          
[173.701s][info][gc,heap     ] GC(295) Reclaimed:         -                  -                 0M (0%)          137M (13%)            -                  -          
[173.701s][info][gc          ] GC(295) Garbage Collection (Allocation Rate) 504M(49%)->588M(57%)
[173.702s][info][gc,start    ] GC(296) Garbage Collection (Allocation Rate)
[173.702s][info][gc,task     ] GC(296) Using 10 workers
[173.702s][info][gc,phases   ] GC(296) Pause Mark Start 0.010ms
[173.858s][info][gc,phases   ] GC(296) Concurrent Mark 156.010ms
[173.858s][info][gc,phases   ] GC(296) Pause Mark End 0.017ms
[173.858s][info][gc,phases   ] GC(296) Concurrent Mark Free 0.001ms
[173.859s][info][gc,phases   ] GC(296) Concurrent Process Non-Strong References 0.504ms
[173.859s][info][gc,phases   ] GC(296) Concurrent Reset Relocation Set 0.013ms
[173.894s][info][gc,phases   ] GC(296) Concurrent Select Relocation Set 34.505ms
[173.894s][info][gc,phases   ] GC(296) Pause Relocate Start 0.013ms
[173.921s][info][gc,phases   ] GC(296) Concurrent Relocate 27.462ms
[173.921s][info][gc,load     ] GC(296) Load: 0.00/0.00/0.00
[173.921s][info][gc,mmu      ] GC(296) MMU: 2ms/95.8%, 5ms/98.3%, 10ms/99.2%, 20ms/99.6%, 50ms/99.7%, 100ms/99.8%
[173.921s][info][gc,marking  ] GC(296) Mark: 8 stripe(s), 2 proactive flush(es), 1 terminate flush(es), 0 completion(s), 0 continuation(s) 
[173.921s][info][gc,marking  ] GC(296) Mark Stack Usage: 32M
[173.921s][info][gc,nmethod  ] GC(296) NMethods: 1133 registered, 82 unregistered
[173.921s][info][gc,metaspace] GC(296) Metaspace: 16M used, 16M committed, 1088M reserved
[173.922s][info][gc,ref      ] GC(296) Soft: 171 encountered, 0 discovered, 0 enqueued
[173.922s][info][gc,ref      ] GC(296) Weak: 981 encountered, 112 discovered, 0 enqueued
[173.922s][info][gc,ref      ] GC(296) Final: 0 encountered, 0 discovered, 0 enqueued
[173.922s][info][gc,ref      ] GC(296) Phantom: 35 encountered, 18 discovered, 0 enqueued
[173.922s][info][gc,reloc    ] GC(296) Small Pages: 295 / 590M, Empty: 0M, Relocated: 85M, In-Place: 0
[173.922s][info][gc,reloc    ] GC(296) Medium Pages: 0 / 0M, Empty: 0M, Relocated: 0M, In-Place: 0
[173.922s][info][gc,reloc    ] GC(296) Large Pages: 0 / 0M, Empty: 0M, Relocated: 0M, In-Place: 0
[173.922s][info][gc,reloc    ] GC(296) Forwarding Usage: 38M
[173.922s][info][gc,heap     ] GC(296) Min Capacity: 8M(1%)
[173.922s][info][gc,heap     ] GC(296) Max Capacity: 1024M(100%)
[173.922s][info][gc,heap     ] GC(296) Soft Max Capacity: 1024M(100%)
[173.922s][info][gc,heap     ] GC(296)                Mark Start          Mark End        Relocate Start      Relocate End           High               Low         
[173.922s][info][gc,heap     ] GC(296)  Capacity:     1024M (100%)       1024M (100%)       1024M (100%)       1024M (100%)       1024M (100%)       1024M (100%)   
[173.922s][info][gc,heap     ] GC(296)      Free:      434M (42%)         270M (26%)         224M (22%)         342M (33%)         434M (42%)         204M (20%)    
[173.922s][info][gc,heap     ] GC(296)      Used:      590M (58%)         754M (74%)         800M (78%)         682M (67%)         820M (80%)         590M (58%)    
[173.922s][info][gc,heap     ] GC(296)      Live:         -               421M (41%)         421M (41%)         421M (41%)            -                  -          
[173.922s][info][gc,heap     ] GC(296) Allocated:         -               164M (16%)         210M (21%)         231M (23%)            -                  -          
[173.922s][info][gc,heap     ] GC(296)   Garbage:         -               168M (16%)         168M (16%)          29M (3%)             -                  -          
[173.922s][info][gc,heap     ] GC(296) Reclaimed:         -                  -                 0M (0%)          139M (14%)            -                  -          
[173.922s][info][gc          ] GC(296) Garbage Collection (Allocation Rate) 590M(58%)->682M(67%)
[173.999s][info][gc,start    ] GC(297) Garbage Collection (Allocation Rate)
[173.999s][info][gc,task     ] GC(297) Using 10 workers
[173.999s][info][gc,phases   ] GC(297) Pause Mark Start 0.012ms
[174.186s][info][gc,phases   ] GC(297) Concurrent Mark 187.101ms
[174.186s][info][gc,phases   ] GC(297) Pause Mark End 0.014ms
[174.186s][info][gc,phases   ] GC(297) Concurrent Mark Free 0.001ms
[174.187s][info][gc,phases   ] GC(297) Concurrent Process Non-Strong References 0.425ms
[174.187s][info][gc,phases   ] GC(297) Concurrent Reset Relocation Set 0.021ms
[174.236s][info][gc,phases   ] GC(297) Concurrent Select Relocation Set 49.109ms
[174.236s][info][gc,phases   ] GC(297) Pause Relocate Start 0.013ms
[174.273s][info][gc,phases   ] GC(297) Concurrent Relocate 36.145ms
[174.273s][info][gc,load     ] GC(297) Load: 0.00/0.00/0.00
[174.273s][info][gc,mmu      ] GC(297) MMU: 2ms/95.8%, 5ms/98.3%, 10ms/99.2%, 20ms/99.6%, 50ms/99.7%, 100ms/99.8%
[174.273s][info][gc,marking  ] GC(297) Mark: 8 stripe(s), 2 proactive flush(es), 1 terminate flush(es), 0 completion(s), 0 continuation(s) 
[174.273s][info][gc,marking  ] GC(297) Mark Stack Usage: 32M
[174.273s][info][gc,nmethod  ] GC(297) NMethods: 1133 registered, 82 unregistered
[174.273s][info][gc,metaspace] GC(297) Metaspace: 16M used, 16M committed, 1088M reserved
[174.273s][info][gc,ref      ] GC(297) Soft: 171 encountered, 0 discovered, 0 enqueued
[174.273s][info][gc,ref      ] GC(297) Weak: 981 encountered, 35 discovered, 0 enqueued
[174.273s][info][gc,ref      ] GC(297) Final: 0 encountered, 0 discovered, 0 enqueued
[174.273s][info][gc,ref      ] GC(297) Phantom: 35 encountered, 19 discovered, 0 enqueued
[174.273s][info][gc,reloc    ] GC(297) Small Pages: 387 / 774M, Empty: 0M, Relocated: 120M, In-Place: 0
[174.273s][info][gc,reloc    ] GC(297) Medium Pages: 0 / 0M, Empty: 0M, Relocated: 0M, In-Place: 0
[174.273s][info][gc,reloc    ] GC(297) Large Pages: 0 / 0M, Empty: 0M, Relocated: 0M, In-Place: 0
[174.273s][info][gc,reloc    ] GC(297) Forwarding Usage: 53M
[174.273s][info][gc,heap     ] GC(297) Min Capacity: 8M(1%)
[174.273s][info][gc,heap     ] GC(297) Max Capacity: 1024M(100%)
[174.273s][info][gc,heap     ] GC(297) Soft Max Capacity: 1024M(100%)
[174.273s][info][gc,heap     ] GC(297)                Mark Start          Mark End        Relocate Start      Relocate End           High               Low         
[174.273s][info][gc,heap     ] GC(297)  Capacity:     1024M (100%)       1024M (100%)       1024M (100%)       1024M (100%)       1024M (100%)       1024M (100%)   
[174.273s][info][gc,heap     ] GC(297)      Free:      250M (24%)         102M (10%)          68M (7%)          262M (26%)         262M (26%)          48M (5%)     
[174.273s][info][gc,heap     ] GC(297)      Used:      774M (76%)         922M (90%)         956M (93%)         762M (74%)         976M (95%)         762M (74%)    
[174.273s][info][gc,heap     ] GC(297)      Live:         -               529M (52%)         529M (52%)         529M (52%)            -                  -          
[174.273s][info][gc,heap     ] GC(297) Allocated:         -               148M (14%)         182M (18%)         199M (19%)            -                  -          
[174.273s][info][gc,heap     ] GC(297)   Garbage:         -               244M (24%)         244M (24%)          32M (3%)             -                  -          
[174.274s][info][gc,heap     ] GC(297) Reclaimed:         -                  -                 0M (0%)          211M (21%)            -                  -          
[174.274s][info][gc          ] GC(297) Garbage Collection (Allocation Rate) 774M(76%)->762M(74%)
[174.311s][info][gc,start    ] GC(298) Garbage Collection (Allocation Rate)
[174.311s][info][gc,task     ] GC(298) Using 10 workers
[174.312s][info][gc,phases   ] GC(298) Pause Mark Start 0.013ms
[174.514s][info][gc,phases   ] GC(298) Concurrent Mark 202.723ms
[174.514s][info][gc,phases   ] GC(298) Pause Mark End 0.017ms
[174.514s][info][gc,phases   ] GC(298) Concurrent Mark Free 0.001ms
[174.515s][info][gc,phases   ] GC(298) Concurrent Process Non-Strong References 0.451ms
[174.515s][info][gc,phases   ] GC(298) Concurrent Reset Relocation Set 0.016ms
[174.521s][info][gc,phases   ] GC(298) Concurrent Select Relocation Set 5.870ms
[174.521s][info][gc,phases   ] GC(298) Pause Relocate Start 0.004ms
[174.538s][info][gc,phases   ] GC(298) Concurrent Relocate 17.390ms
[174.538s][info][gc,load     ] GC(298) Load: 0.00/0.00/0.00
[174.538s][info][gc,mmu      ] GC(298) MMU: 2ms/95.8%, 5ms/98.3%, 10ms/99.2%, 20ms/99.6%, 50ms/99.7%, 100ms/99.8%
[174.539s][info][gc,marking  ] GC(298) Mark: 8 stripe(s), 4 proactive flush(es), 1 terminate flush(es), 0 completion(s), 0 continuation(s) 
[174.539s][info][gc,marking  ] GC(298) Mark Stack Usage: 32M
[174.539s][info][gc,nmethod  ] GC(298) NMethods: 1133 registered, 82 unregistered
[174.539s][info][gc,metaspace] GC(298) Metaspace: 16M used, 16M committed, 1088M reserved
[174.539s][info][gc,ref      ] GC(298) Soft: 171 encountered, 0 discovered, 0 enqueued
[174.539s][info][gc,ref      ] GC(298) Weak: 981 encountered, 77 discovered, 0 enqueued
[174.539s][info][gc,ref      ] GC(298) Final: 0 encountered, 0 discovered, 0 enqueued
[174.539s][info][gc,ref      ] GC(298) Phantom: 35 encountered, 29 discovered, 0 enqueued
[174.539s][info][gc,reloc    ] GC(298) Small Pages: 386 / 772M, Empty: 0M, Relocated: 57M, In-Place: 0
[174.539s][info][gc,reloc    ] GC(298) Medium Pages: 0 / 0M, Empty: 0M, Relocated: 0M, In-Place: 0
[174.539s][info][gc,reloc    ] GC(298) Large Pages: 1 / 6M, Empty: 0M, Relocated: 0M, In-Place: 0
[174.539s][info][gc,reloc    ] GC(298) Forwarding Usage: 28M
[174.539s][info][gc,heap     ] GC(298) Min Capacity: 8M(1%)
[174.539s][info][gc,heap     ] GC(298) Max Capacity: 1024M(100%)
[174.539s][info][gc,heap     ] GC(298) Soft Max Capacity: 1024M(100%)
[174.539s][info][gc,heap     ] GC(298)                Mark Start          Mark End        Relocate Start      Relocate End           High               Low         
[174.539s][info][gc,heap     ] GC(298)  Capacity:     1024M (100%)       1024M (100%)       1024M (100%)       1024M (100%)       1024M (100%)       1024M (100%)   
[174.539s][info][gc,heap     ] GC(298)      Free:      246M (24%)         214M (21%)         212M (21%)         298M (29%)         298M (29%)         192M (19%)    
[174.539s][info][gc,heap     ] GC(298)      Used:      778M (76%)         810M (79%)         812M (79%)         726M (71%)         832M (81%)         726M (71%)    
[174.539s][info][gc,heap     ] GC(298)      Live:         -               626M (61%)         626M (61%)         626M (61%)            -                  -          
[174.539s][info][gc,heap     ] GC(298) Allocated:         -                32M (3%)           34M (3%)           34M (3%)             -                  -          
[174.539s][info][gc,heap     ] GC(298)   Garbage:         -               151M (15%)         151M (15%)          65M (6%)             -                  -          
[174.539s][info][gc,heap     ] GC(298) Reclaimed:         -                  -                 0M (0%)           86M (8%)             -                  -          
[174.539s][info][gc          ] GC(298) Garbage Collection (Allocation Rate) 778M(76%)->726M(71%)
[174.600s][info][gc,start    ] GC(299) Garbage Collection (Allocation Rate)
[174.600s][info][gc,task     ] GC(299) Using 10 workers
[174.600s][info][gc,phases   ] GC(299) Pause Mark Start 0.008ms
[174.772s][info][gc,phases   ] GC(299) Concurrent Mark 171.521ms
[174.772s][info][gc,phases   ] GC(299) Pause Mark End 0.017ms
[174.772s][info][gc,phases   ] GC(299) Concurrent Mark Free 0.001ms
[174.772s][info][gc,phases   ] GC(299) Concurrent Process Non-Strong References 0.438ms
[174.772s][info][gc,phases   ] GC(299) Concurrent Reset Relocation Set 0.013ms
[174.786s][info][gc,phases   ] GC(299) Concurrent Select Relocation Set 13.606ms
[174.786s][info][gc,phases   ] GC(299) Pause Relocate Start 0.008ms
[174.789s][info][gc,phases   ] GC(299) Concurrent Relocate 3.107ms
[174.789s][info][gc,load     ] GC(299) Load: 0.00/0.00/0.00
[174.789s][info][gc,mmu      ] GC(299) MMU: 2ms/95.8%, 5ms/98.3%, 10ms/99.2%, 20ms/99.6%, 50ms/99.7%, 100ms/99.8%
[174.789s][info][gc,marking  ] GC(299) Mark: 8 stripe(s), 2 proactive flush(es), 1 terminate flush(es), 0 completion(s), 0 continuation(s) 
[174.789s][info][gc,marking  ] GC(299) Mark Stack Usage: 32M
[174.789s][info][gc,nmethod  ] GC(299) NMethods: 1133 registered, 82 unregistered
[174.789s][info][gc,metaspace] GC(299) Metaspace: 16M used, 16M committed, 1088M reserved
[174.790s][info][gc,ref      ] GC(299) Soft: 171 encountered, 0 discovered, 0 enqueued
[174.790s][info][gc,ref      ] GC(299) Weak: 984 encountered, 92 discovered, 1 enqueued
[174.790s][info][gc,ref      ] GC(299) Final: 0 encountered, 0 discovered, 0 enqueued
[174.790s][info][gc,ref      ] GC(299) Phantom: 35 encountered, 27 discovered, 0 enqueued
[174.790s][info][gc,reloc    ] GC(299) Small Pages: 359 / 718M, Empty: 0M, Relocated: 8M, In-Place: 0
[174.790s][info][gc,reloc    ] GC(299) Medium Pages: 0 / 0M, Empty: 0M, Relocated: 0M, In-Place: 0
[174.790s][info][gc,reloc    ] GC(299) Large Pages: 2 / 12M, Empty: 6M, Relocated: 0M, In-Place: 0
[174.790s][info][gc,reloc    ] GC(299) Forwarding Usage: 3M
[174.790s][info][gc,heap     ] GC(299) Min Capacity: 8M(1%)
[174.790s][info][gc,heap     ] GC(299) Max Capacity: 1024M(100%)
[174.790s][info][gc,heap     ] GC(299) Soft Max Capacity: 1024M(100%)
[174.790s][info][gc,heap     ] GC(299)                Mark Start          Mark End        Relocate Start      Relocate End           High               Low         
[174.790s][info][gc,heap     ] GC(299)  Capacity:     1024M (100%)       1024M (100%)       1024M (100%)       1024M (100%)       1024M (100%)       1024M (100%)   
[174.790s][info][gc,heap     ] GC(299)      Free:      294M (29%)         254M (25%)         246M (24%)         258M (25%)         294M (29%)         226M (22%)    
[174.790s][info][gc,heap     ] GC(299)      Used:      730M (71%)         770M (75%)         778M (76%)         766M (75%)         798M (78%)         730M (71%)    
[174.790s][info][gc,heap     ] GC(299)      Live:         -               643M (63%)         643M (63%)         643M (63%)            -                  -          
[174.790s][info][gc,heap     ] GC(299) Allocated:         -                40M (4%)           54M (5%)           53M (5%)             -                  -          
[174.790s][info][gc,heap     ] GC(299)   Garbage:         -                86M (8%)           80M (8%)           68M (7%)             -                  -          
[174.790s][info][gc,heap     ] GC(299) Reclaimed:         -                  -                 6M (1%)           17M (2%)             -                  -          
[174.790s][info][gc          ] GC(299) Garbage Collection (Allocation Rate) 730M(71%)->766M(75%)
[174.803s][info][gc,start    ] GC(300) Garbage Collection (Allocation Rate)
[174.803s][info][gc,task     ] GC(300) Using 10 workers
[174.803s][info][gc,phases   ] GC(300) Pause Mark Start 0.008ms
[174.990s][info][gc,phases   ] GC(300) Concurrent Mark 187.274ms
[174.991s][info][gc,phases   ] GC(300) Pause Mark End 0.016ms
[174.991s][info][gc,phases   ] GC(300) Concurrent Mark Free 0.001ms
[174.991s][info][gc,phases   ] GC(300) Concurrent Process Non-Strong References 0.442ms
[174.991s][info][gc,phases   ] GC(300) Concurrent Reset Relocation Set 0.004ms
[175.003s][info][gc,phases   ] GC(300) Concurrent Select Relocation Set 11.567ms
[175.003s][info][gc,phases   ] GC(300) Pause Relocate Start 0.005ms
[175.006s][info][gc,phases   ] GC(300) Concurrent Relocate 2.782ms
[175.006s][info][gc,load     ] GC(300) Load: 0.00/0.00/0.00
[175.006s][info][gc,mmu      ] GC(300) MMU: 2ms/95.8%, 5ms/98.3%, 10ms/99.2%, 20ms/99.6%, 50ms/99.7%, 100ms/99.8%
[175.006s][info][gc,marking  ] GC(300) Mark: 8 stripe(s), 2 proactive flush(es), 1 terminate flush(es), 0 completion(s), 0 continuation(s) 
[175.006s][info][gc,marking  ] GC(300) Mark Stack Usage: 32M
[175.006s][info][gc,nmethod  ] GC(300) NMethods: 1133 registered, 82 unregistered
[175.006s][info][gc,metaspace] GC(300) Metaspace: 16M used, 16M committed, 1088M reserved
[175.006s][info][gc,ref      ] GC(300) Soft: 171 encountered, 0 discovered, 0 enqueued
[175.006s][info][gc,ref      ] GC(300) Weak: 983 encountered, 65 discovered, 0 enqueued
[175.006s][info][gc,ref      ] GC(300) Final: 0 encountered, 0 discovered, 0 enqueued
[175.006s][info][gc,ref      ] GC(300) Phantom: 35 encountered, 24 discovered, 0 enqueued
[175.006s][info][gc,reloc    ] GC(300) Small Pages: 385 / 770M, Empty: 10M, Relocated: 10M, In-Place: 0
[175.006s][info][gc,reloc    ] GC(300) Medium Pages: 0 / 0M, Empty: 0M, Relocated: 0M, In-Place: 0
[175.006s][info][gc,reloc    ] GC(300) Large Pages: 1 / 6M, Empty: 0M, Relocated: 0M, In-Place: 0
[175.006s][info][gc,reloc    ] GC(300) Forwarding Usage: 3M
[175.006s][info][gc,heap     ] GC(300) Min Capacity: 8M(1%)
[175.006s][info][gc,heap     ] GC(300) Max Capacity: 1024M(100%)
[175.006s][info][gc,heap     ] GC(300) Soft Max Capacity: 1024M(100%)
[175.006s][info][gc,heap     ] GC(300)                Mark Start          Mark End        Relocate Start      Relocate End           High               Low         
[175.006s][info][gc,heap     ] GC(300)  Capacity:     1024M (100%)       1024M (100%)       1024M (100%)       1024M (100%)       1024M (100%)       1024M (100%)   
[175.006s][info][gc,heap     ] GC(300)      Free:      248M (24%)         132M (13%)         132M (13%)         186M (18%)         248M (24%)         112M (11%)    
[175.006s][info][gc,heap     ] GC(300)      Used:      776M (76%)         892M (87%)         892M (87%)         838M (82%)         912M (89%)         776M (76%)    
[175.006s][info][gc,heap     ] GC(300)      Live:         -               635M (62%)         635M (62%)         635M (62%)            -                  -          
[175.006s][info][gc,heap     ] GC(300) Allocated:         -               116M (11%)         126M (12%)         127M (12%)            -                  -          
[175.006s][info][gc,heap     ] GC(300)   Garbage:         -               140M (14%)         130M (13%)          74M (7%)             -                  -          
[175.006s][info][gc,heap     ] GC(300) Reclaimed:         -                  -                10M (1%)           65M (6%)             -                  -          
[175.006s][info][gc          ] GC(300) Garbage Collection (Allocation Rate) 776M(76%)->838M(82%)
[175.100s][info][gc,start    ] GC(301) Garbage Collection (Allocation Rate)
[175.100s][info][gc,task     ] GC(301) Using 10 workers
[175.100s][info][gc,phases   ] GC(301) Pause Mark Start 0.016ms
[175.279s][info][gc,phases   ] GC(301) Concurrent Mark 178.875ms
[175.279s][info][gc,phases   ] GC(301) Pause Mark End 0.014ms
[175.279s][info][gc,phases   ] GC(301) Concurrent Mark Free 0.001ms
[175.280s][info][gc,phases   ] GC(301) Concurrent Process Non-Strong References 0.430ms
[175.280s][info][gc,phases   ] GC(301) Concurrent Reset Relocation Set 0.005ms
[175.285s][info][gc,phases   ] GC(301) Concurrent Select Relocation Set 5.796ms
[175.286s][info][gc,phases   ] GC(301) Pause Relocate Start 0.004ms
[175.290s][info][gc,phases   ] GC(301) Concurrent Relocate 4.302ms
[175.290s][info][gc,load     ] GC(301) Load: 0.00/0.00/0.00
[175.290s][info][gc,mmu      ] GC(301) MMU: 2ms/95.8%, 5ms/98.3%, 10ms/99.2%, 20ms/99.6%, 50ms/99.7%, 100ms/99.8%
[175.290s][info][gc,marking  ] GC(301) Mark: 8 stripe(s), 2 proactive flush(es), 2 terminate flush(es), 0 completion(s), 0 continuation(s) 
[175.290s][info][gc,marking  ] GC(301) Mark Stack Usage: 32M
[175.290s][info][gc,nmethod  ] GC(301) NMethods: 1133 registered, 82 unregistered
[175.290s][info][gc,metaspace] GC(301) Metaspace: 16M used, 16M committed, 1088M reserved
[175.290s][info][gc,ref      ] GC(301) Soft: 171 encountered, 0 discovered, 0 enqueued
[175.290s][info][gc,ref      ] GC(301) Weak: 983 encountered, 44 discovered, 0 enqueued
[175.290s][info][gc,ref      ] GC(301) Final: 0 encountered, 0 discovered, 0 enqueued
[175.290s][info][gc,ref      ] GC(301) Phantom: 35 encountered, 19 discovered, 0 enqueued
[175.290s][info][gc,reloc    ] GC(301) Small Pages: 454 / 908M, Empty: 18M, Relocated: 10M, In-Place: 0
[175.290s][info][gc,reloc    ] GC(301) Medium Pages: 0 / 0M, Empty: 0M, Relocated: 0M, In-Place: 0
[175.290s][info][gc,reloc    ] GC(301) Large Pages: 1 / 6M, Empty: 0M, Relocated: 0M, In-Place: 0
[175.290s][info][gc,reloc    ] GC(301) Forwarding Usage: 4M
[175.290s][info][gc,heap     ] GC(301) Min Capacity: 8M(1%)
[175.290s][info][gc,heap     ] GC(301) Max Capacity: 1024M(100%)
[175.290s][info][gc,heap     ] GC(301) Soft Max Capacity: 1024M(100%)
[175.290s][info][gc,heap     ] GC(301)                Mark Start          Mark End        Relocate Start      Relocate End           High               Low         
[175.290s][info][gc,heap     ] GC(301)  Capacity:     1024M (100%)       1024M (100%)       1024M (100%)       1024M (100%)       1024M (100%)       1024M (100%)   
[175.290s][info][gc,heap     ] GC(301)      Free:      110M (11%)          10M (1%)           24M (2%)          224M (22%)         224M (22%)           4M (0%)     
[175.290s][info][gc,heap     ] GC(301)      Used:      914M (89%)        1014M (99%)        1000M (98%)         800M (78%)        1020M (100%)        800M (78%)    
[175.290s][info][gc,heap     ] GC(301)      Live:         -               608M (59%)         608M (59%)         608M (59%)            -                  -          
[175.290s][info][gc,heap     ] GC(301) Allocated:         -               100M (10%)         104M (10%)         105M (10%)            -                  -          
[175.290s][info][gc,heap     ] GC(301)   Garbage:         -               305M (30%)         287M (28%)          85M (8%)             -                  -          
[175.290s][info][gc,heap     ] GC(301) Reclaimed:         -                  -                18M (2%)          219M (21%)            -                  -          
[175.290s][info][gc          ] GC(301) Garbage Collection (Allocation Rate) 914M(89%)->800M(78%)
[175.310s][info][gc,start    ] GC(302) Garbage Collection (Allocation Rate)
[175.310s][info][gc,task     ] GC(302) Using 10 workers
[175.310s][info][gc,phases   ] GC(302) Pause Mark Start 0.008ms
[175.482s][info][gc,phases   ] GC(302) Concurrent Mark 171.588ms
[175.482s][info][gc,phases   ] GC(302) Pause Mark End 0.016ms
[175.482s][info][gc,phases   ] GC(302) Concurrent Mark Free 0.001ms
[175.483s][info][gc,phases   ] GC(302) Concurrent Process Non-Strong References 0.479ms
[175.483s][info][gc,phases   ] GC(302) Concurrent Reset Relocation Set 0.011ms
[175.490s][info][gc,phases   ] GC(302) Concurrent Select Relocation Set 7.440ms
[175.490s][info][gc,phases   ] GC(302) Pause Relocate Start 0.006ms
[175.502s][info][gc,phases   ] GC(302) Concurrent Relocate 11.476ms
[175.502s][info][gc,load     ] GC(302) Load: 0.00/0.00/0.00
[175.502s][info][gc,mmu      ] GC(302) MMU: 2ms/95.8%, 5ms/98.3%, 10ms/99.2%, 20ms/99.6%, 50ms/99.7%, 100ms/99.8%
[175.502s][info][gc,marking  ] GC(302) Mark: 8 stripe(s), 2 proactive flush(es), 1 terminate flush(es), 0 completion(s), 0 continuation(s) 
[175.502s][info][gc,marking  ] GC(302) Mark Stack Usage: 32M
[175.502s][info][gc,nmethod  ] GC(302) NMethods: 1133 registered, 82 unregistered
[175.502s][info][gc,metaspace] GC(302) Metaspace: 16M used, 16M committed, 1088M reserved
[175.502s][info][gc,ref      ] GC(302) Soft: 171 encountered, 0 discovered, 0 enqueued
[175.502s][info][gc,ref      ] GC(302) Weak: 983 encountered, 50 discovered, 0 enqueued
[175.502s][info][gc,ref      ] GC(302) Final: 0 encountered, 0 discovered, 0 enqueued
[175.502s][info][gc,ref      ] GC(302) Phantom: 35 encountered, 18 discovered, 0 enqueued
[175.502s][info][gc,reloc    ] GC(302) Small Pages: 402 / 804M, Empty: 10M, Relocated: 13M, In-Place: 0
[175.502s][info][gc,reloc    ] GC(302) Medium Pages: 0 / 0M, Empty: 0M, Relocated: 0M, In-Place: 0
[175.502s][info][gc,reloc    ] GC(302) Large Pages: 1 / 6M, Empty: 0M, Relocated: 0M, In-Place: 0
[175.502s][info][gc,reloc    ] GC(302) Forwarding Usage: 5M
[175.502s][info][gc,heap     ] GC(302) Min Capacity: 8M(1%)
[175.502s][info][gc,heap     ] GC(302) Max Capacity: 1024M(100%)
[175.502s][info][gc,heap     ] GC(302) Soft Max Capacity: 1024M(100%)
[175.502s][info][gc,heap     ] GC(302)                Mark Start          Mark End        Relocate Start      Relocate End           High               Low         
[175.502s][info][gc,heap     ] GC(302)  Capacity:     1024M (100%)       1024M (100%)       1024M (100%)       1024M (100%)       1024M (100%)       1024M (100%)   
[175.502s][info][gc,heap     ] GC(302)      Free:      214M (21%)         116M (11%)         118M (12%)         238M (23%)         238M (23%)          98M (10%)    
[175.502s][info][gc,heap     ] GC(302)      Used:      810M (79%)         908M (89%)         906M (88%)         786M (77%)         926M (90%)         786M (77%)    
[175.502s][info][gc,heap     ] GC(302)      Live:         -               592M (58%)         592M (58%)         592M (58%)            -                  -          
[175.502s][info][gc,heap     ] GC(302) Allocated:         -                98M (10%)         106M (10%)         107M (11%)            -                  -          
[175.503s][info][gc,heap     ] GC(302)   Garbage:         -               217M (21%)         207M (20%)          85M (8%)             -                  -          
[175.503s][info][gc,heap     ] GC(302) Reclaimed:         -                  -                10M (1%)          131M (13%)            -                  -          
[175.503s][info][gc          ] GC(302) Garbage Collection (Allocation Rate) 810M(79%)->786M(77%)
[175.607s][info][gc,start    ] GC(303) Garbage Collection (Allocation Rate)
[175.607s][info][gc,task     ] GC(303) Using 10 workers
[175.607s][info][gc,phases   ] GC(303) Pause Mark Start 0.016ms
[175.755s][info][gc,phases   ] GC(303) Concurrent Mark 147.645ms
[175.755s][info][gc,phases   ] GC(303) Pause Mark End 0.024ms
[175.755s][info][gc,phases   ] GC(303) Concurrent Mark Free 0.001ms
[175.756s][info][gc,phases   ] GC(303) Concurrent Process Non-Strong References 0.455ms
[175.756s][info][gc,phases   ] GC(303) Concurrent Reset Relocation Set 0.008ms
[175.758s][info][gc,phases   ] GC(303) Concurrent Select Relocation Set 2.503ms
[175.758s][info][gc,phases   ] GC(303) Pause Relocate Start 0.007ms
[175.762s][info][gc,phases   ] GC(303) Concurrent Relocate 3.675ms
[175.762s][info][gc,load     ] GC(303) Load: 0.00/0.00/0.00
[175.762s][info][gc,mmu      ] GC(303) MMU: 2ms/95.8%, 5ms/98.3%, 10ms/99.2%, 20ms/99.6%, 50ms/99.7%, 100ms/99.8%
[175.762s][info][gc,marking  ] GC(303) Mark: 8 stripe(s), 2 proactive flush(es), 2 terminate flush(es), 0 completion(s), 0 continuation(s) 
[175.762s][info][gc,marking  ] GC(303) Mark Stack Usage: 32M
[175.762s][info][gc,nmethod  ] GC(303) NMethods: 1133 registered, 82 unregistered
[175.762s][info][gc,metaspace] GC(303) Metaspace: 16M used, 16M committed, 1088M reserved
[175.762s][info][gc,ref      ] GC(303) Soft: 171 encountered, 0 discovered, 0 enqueued
[175.762s][info][gc,ref      ] GC(303) Weak: 983 encountered, 91 discovered, 0 enqueued
[175.762s][info][gc,ref      ] GC(303) Final: 0 encountered, 0 discovered, 0 enqueued
[175.762s][info][gc,ref      ] GC(303) Phantom: 35 encountered, 24 discovered, 0 enqueued
[175.762s][info][gc,reloc    ] GC(303) Small Pages: 432 / 864M, Empty: 10M, Relocated: 11M, In-Place: 0
[175.762s][info][gc,reloc    ] GC(303) Medium Pages: 0 / 0M, Empty: 0M, Relocated: 0M, In-Place: 0
[175.762s][info][gc,reloc    ] GC(303) Large Pages: 1 / 6M, Empty: 0M, Relocated: 0M, In-Place: 0
[175.762s][info][gc,reloc    ] GC(303) Forwarding Usage: 4M
[175.762s][info][gc,heap     ] GC(303) Min Capacity: 8M(1%)
[175.762s][info][gc,heap     ] GC(303) Max Capacity: 1024M(100%)
[175.762s][info][gc,heap     ] GC(303) Soft Max Capacity: 1024M(100%)
[175.762s][info][gc,heap     ] GC(303)                Mark Start          Mark End        Relocate Start      Relocate End           High               Low         
[175.762s][info][gc,heap     ] GC(303)  Capacity:     1024M (100%)       1024M (100%)       1024M (100%)       1024M (100%)       1024M (100%)       1024M (100%)   
[175.762s][info][gc,heap     ] GC(303)      Free:      154M (15%)          56M (5%)           64M (6%)          258M (25%)         258M (25%)          42M (4%)     
[175.762s][info][gc,heap     ] GC(303)      Used:      870M (85%)         968M (95%)         960M (94%)         766M (75%)         982M (96%)         766M (75%)    
[175.762s][info][gc,heap     ] GC(303)      Live:         -               566M (55%)         566M (55%)         566M (55%)            -                  -          
[175.763s][info][gc,heap     ] GC(303) Allocated:         -                98M (10%)         100M (10%)         103M (10%)            -                  -          
[175.763s][info][gc,heap     ] GC(303)   Garbage:         -               303M (30%)         293M (29%)          95M (9%)             -                  -          
[175.763s][info][gc,heap     ] GC(303) Reclaimed:         -                  -                10M (1%)          207M (20%)            -                  -          
[175.763s][info][gc          ] GC(303) Garbage Collection (Allocation Rate) 870M(85%)->766M(75%)
[175.802s][info][gc,start    ] GC(304) Garbage Collection (Allocation Rate)
[175.802s][info][gc,task     ] GC(304) Using 10 workers
[175.802s][info][gc,phases   ] GC(304) Pause Mark Start 0.012ms
[175.943s][info][gc,phases   ] GC(304) Concurrent Mark 140.280ms
[175.943s][info][gc,phases   ] GC(304) Pause Mark End 0.017ms
[175.943s][info][gc,phases   ] GC(304) Concurrent Mark Free 0.001ms
[175.943s][info][gc,phases   ] GC(304) Concurrent Process Non-Strong References 0.488ms
[175.943s][info][gc,phases   ] GC(304) Concurrent Reset Relocation Set 0.022ms
[175.954s][info][gc,phases   ] GC(304) Concurrent Select Relocation Set 10.455ms
[175.954s][info][gc,phases   ] GC(304) Pause Relocate Start 0.007ms
[175.959s][info][gc,phases   ] GC(304) Concurrent Relocate 4.626ms
[175.959s][info][gc,load     ] GC(304) Load: 0.00/0.00/0.00
[175.959s][info][gc,mmu      ] GC(304) MMU: 2ms/95.8%, 5ms/98.3%, 10ms/99.2%, 20ms/99.6%, 50ms/99.7%, 100ms/99.8%
[175.959s][info][gc,marking  ] GC(304) Mark: 8 stripe(s), 2 proactive flush(es), 1 terminate flush(es), 0 completion(s), 0 continuation(s) 
[175.959s][info][gc,marking  ] GC(304) Mark Stack Usage: 32M
[175.959s][info][gc,nmethod  ] GC(304) NMethods: 1133 registered, 82 unregistered
[175.959s][info][gc,metaspace] GC(304) Metaspace: 16M used, 16M committed, 1088M reserved
[175.959s][info][gc,ref      ] GC(304) Soft: 171 encountered, 0 discovered, 0 enqueued
[175.959s][info][gc,ref      ] GC(304) Weak: 983 encountered, 82 discovered, 0 enqueued
[175.959s][info][gc,ref      ] GC(304) Final: 0 encountered, 0 discovered, 0 enqueued
[175.959s][info][gc,ref      ] GC(304) Phantom: 35 encountered, 23 discovered, 0 enqueued
[175.959s][info][gc,reloc    ] GC(304) Small Pages: 397 / 794M, Empty: 10M, Relocated: 11M, In-Place: 0
[175.959s][info][gc,reloc    ] GC(304) Medium Pages: 0 / 0M, Empty: 0M, Relocated: 0M, In-Place: 0
[175.959s][info][gc,reloc    ] GC(304) Large Pages: 1 / 6M, Empty: 0M, Relocated: 0M, In-Place: 0
[175.959s][info][gc,reloc    ] GC(304) Forwarding Usage: 4M
[175.959s][info][gc,heap     ] GC(304) Min Capacity: 8M(1%)
[175.959s][info][gc,heap     ] GC(304) Max Capacity: 1024M(100%)
[175.959s][info][gc,heap     ] GC(304) Soft Max Capacity: 1024M(100%)
[175.959s][info][gc,heap     ] GC(304)                Mark Start          Mark End        Relocate Start      Relocate End           High               Low         
[175.959s][info][gc,heap     ] GC(304)  Capacity:     1024M (100%)       1024M (100%)       1024M (100%)       1024M (100%)       1024M (100%)       1024M (100%)   
[175.959s][info][gc,heap     ] GC(304)      Free:      224M (22%)         132M (13%)         130M (13%)         270M (26%)         270M (26%)         110M (11%)    
[175.959s][info][gc,heap     ] GC(304)      Used:      800M (78%)         892M (87%)         894M (87%)         754M (74%)         914M (89%)         754M (74%)    
[175.959s][info][gc,heap     ] GC(304)      Live:         -               548M (54%)         548M (54%)         548M (54%)            -                  -          
[175.959s][info][gc,heap     ] GC(304) Allocated:         -                92M (9%)          104M (10%)         105M (10%)            -                  -          
[175.959s][info][gc,heap     ] GC(304)   Garbage:         -               251M (25%)         241M (24%)          99M (10%)            -                  -          
[175.959s][info][gc,heap     ] GC(304) Reclaimed:         -                  -                10M (1%)          151M (15%)            -                  -          
[175.959s][info][gc          ] GC(304) Garbage Collection (Allocation Rate) 800M(78%)->754M(74%)
[176.005s][info][gc,start    ] GC(305) Garbage Collection (Allocation Rate)
[176.005s][info][gc,task     ] GC(305) Using 10 workers
[176.005s][info][gc,phases   ] GC(305) Pause Mark Start 0.015ms
[176.130s][info][gc,phases   ] GC(305) Concurrent Mark 124.653ms
[176.130s][info][gc,phases   ] GC(305) Pause Mark End 0.020ms
[176.130s][info][gc,phases   ] GC(305) Concurrent Mark Free 0.001ms
[176.131s][info][gc,phases   ] GC(305) Concurrent Process Non-Strong References 0.493ms
[176.131s][info][gc,phases   ] GC(305) Concurrent Reset Relocation Set 0.015ms
[176.135s][info][gc,phases   ] GC(305) Concurrent Select Relocation Set 3.732ms
[176.135s][info][gc,phases   ] GC(305) Pause Relocate Start 0.005ms
[176.138s][info][gc,phases   ] GC(305) Concurrent Relocate 3.493ms
[176.138s][info][gc,load     ] GC(305) Load: 0.00/0.00/0.00
[176.138s][info][gc,mmu      ] GC(305) MMU: 2ms/95.8%, 5ms/98.3%, 10ms/99.2%, 20ms/99.6%, 50ms/99.7%, 100ms/99.8%
[176.138s][info][gc,marking  ] GC(305) Mark: 8 stripe(s), 4 proactive flush(es), 1 terminate flush(es), 0 completion(s), 0 continuation(s) 
[176.138s][info][gc,marking  ] GC(305) Mark Stack Usage: 32M
[176.138s][info][gc,nmethod  ] GC(305) NMethods: 1133 registered, 82 unregistered
[176.138s][info][gc,metaspace] GC(305) Metaspace: 16M used, 16M committed, 1088M reserved
[176.138s][info][gc,ref      ] GC(305) Soft: 171 encountered, 0 discovered, 0 enqueued
[176.138s][info][gc,ref      ] GC(305) Weak: 983 encountered, 48 discovered, 0 enqueued
[176.139s][info][gc,ref      ] GC(305) Final: 0 encountered, 0 discovered, 0 enqueued
[176.139s][info][gc,ref      ] GC(305) Phantom: 35 encountered, 24 discovered, 0 enqueued
[176.139s][info][gc,reloc    ] GC(305) Small Pages: 391 / 782M, Empty: 10M, Relocated: 10M, In-Place: 0
[176.139s][info][gc,reloc    ] GC(305) Medium Pages: 0 / 0M, Empty: 0M, Relocated: 0M, In-Place: 0
[176.139s][info][gc,reloc    ] GC(305) Large Pages: 1 / 6M, Empty: 0M, Relocated: 0M, In-Place: 0
[176.139s][info][gc,reloc    ] GC(305) Forwarding Usage: 4M
[176.139s][info][gc,heap     ] GC(305) Min Capacity: 8M(1%)
[176.139s][info][gc,heap     ] GC(305) Max Capacity: 1024M(100%)
[176.139s][info][gc,heap     ] GC(305) Soft Max Capacity: 1024M(100%)
[176.139s][info][gc,heap     ] GC(305)                Mark Start          Mark End        Relocate Start      Relocate End           High               Low         
[176.139s][info][gc,heap     ] GC(305)  Capacity:     1024M (100%)       1024M (100%)       1024M (100%)       1024M (100%)       1024M (100%)       1024M (100%)   
[176.139s][info][gc,heap     ] GC(305)      Free:      236M (23%)         140M (14%)         144M (14%)         282M (28%)         282M (28%)         124M (12%)    
[176.139s][info][gc,heap     ] GC(305)      Used:      788M (77%)         884M (86%)         880M (86%)         742M (72%)         900M (88%)         742M (72%)    
[176.139s][info][gc,heap     ] GC(305)      Live:         -               528M (52%)         528M (52%)         528M (52%)            -                  -          
[176.139s][info][gc,heap     ] GC(305) Allocated:         -                96M (9%)          102M (10%)         103M (10%)            -                  -          
[176.139s][info][gc,heap     ] GC(305)   Garbage:         -               259M (25%)         249M (24%)         109M (11%)            -                  -          
[176.139s][info][gc,heap     ] GC(305) Reclaimed:         -                  -                10M (1%)          149M (15%)            -                  -          
[176.139s][info][gc          ] GC(305) Garbage Collection (Allocation Rate) 788M(77%)->742M(72%)
[176.208s][info][gc,start    ] GC(306) Garbage Collection (Allocation Rate)
[176.208s][info][gc,task     ] GC(306) Using 10 workers
[176.208s][info][gc,phases   ] GC(306) Pause Mark Start 0.015ms
[176.239s][info][gc,phases   ] GC(306) Concurrent Mark 30.934ms
[176.240s][info][gc,phases   ] GC(306) Pause Mark End 0.021ms
[176.240s][info][gc,phases   ] GC(306) Concurrent Mark Free 0.001ms
[176.241s][info][gc,phases   ] GC(306) Concurrent Process Non-Strong References 0.892ms
[176.241s][info][gc,phases   ] GC(306) Concurrent Reset Relocation Set 0.015ms
[176.245s][info][gc,phases   ] GC(306) Concurrent Select Relocation Set 3.912ms
[176.245s][info][gc,phases   ] GC(306) Pause Relocate Start 0.010ms
[176.249s][info][gc,phases   ] GC(306) Concurrent Relocate 4.099ms
[176.249s][info][gc,load     ] GC(306) Load: 0.00/0.00/0.00
[176.249s][info][gc,mmu      ] GC(306) MMU: 2ms/95.8%, 5ms/98.3%, 10ms/99.2%, 20ms/99.6%, 50ms/99.7%, 100ms/99.8%
[176.249s][info][gc,marking  ] GC(306) Mark: 8 stripe(s), 3 proactive flush(es), 1 terminate flush(es), 0 completion(s), 0 continuation(s) 
[176.249s][info][gc,marking  ] GC(306) Mark Stack Usage: 32M
[176.249s][info][gc,nmethod  ] GC(306) NMethods: 1079 registered, 137 unregistered
[176.249s][info][gc,metaspace] GC(306) Metaspace: 16M used, 16M committed, 1088M reserved
[176.249s][info][gc,ref      ] GC(306) Soft: 171 encountered, 0 discovered, 0 enqueued
[176.249s][info][gc,ref      ] GC(306) Weak: 984 encountered, 42 discovered, 6 enqueued
[176.249s][info][gc,ref      ] GC(306) Final: 0 encountered, 0 discovered, 0 enqueued
[176.249s][info][gc,ref      ] GC(306) Phantom: 35 encountered, 27 discovered, 0 enqueued
[176.249s][info][gc,reloc    ] GC(306) Small Pages: 375 / 750M, Empty: 674M, Relocated: 9M, In-Place: 0
[176.249s][info][gc,reloc    ] GC(306) Medium Pages: 0 / 0M, Empty: 0M, Relocated: 0M, In-Place: 0
[176.249s][info][gc,reloc    ] GC(306) Large Pages: 1 / 6M, Empty: 6M, Relocated: 0M, In-Place: 0
[176.249s][info][gc,reloc    ] GC(306) Forwarding Usage: 2M
[176.249s][info][gc,heap     ] GC(306) Min Capacity: 8M(1%)
[176.249s][info][gc,heap     ] GC(306) Max Capacity: 1024M(100%)
[176.249s][info][gc,heap     ] GC(306) Soft Max Capacity: 1024M(100%)
[176.249s][info][gc,heap     ] GC(306)                Mark Start          Mark End        Relocate Start      Relocate End           High               Low         
[176.250s][info][gc,heap     ] GC(306)  Capacity:     1024M (100%)       1024M (100%)       1024M (100%)       1024M (100%)       1024M (100%)       1024M (100%)   
[176.250s][info][gc,heap     ] GC(306)      Free:      268M (26%)         266M (26%)         946M (92%)         972M (95%)         972M (95%)         266M (26%)    
[176.250s][info][gc,heap     ] GC(306)      Used:      756M (74%)         758M (74%)          78M (8%)           52M (5%)          758M (74%)          52M (5%)     
[176.250s][info][gc,heap     ] GC(306)      Live:         -                35M (3%)           35M (3%)           35M (3%)             -                  -          
[176.250s][info][gc,heap     ] GC(306) Allocated:         -                 2M (0%)            2M (0%)            1M (0%)             -                  -          
[176.250s][info][gc,heap     ] GC(306)   Garbage:         -               720M (70%)          40M (4%)           14M (1%)             -                  -          
[176.250s][info][gc,heap     ] GC(306) Reclaimed:         -                  -               680M (66%)         705M (69%)            -                  -          
[176.250s][info][gc          ] GC(306) Garbage Collection (Allocation Rate) 756M(74%)->52M(5%)
[177.882s][info][gc,heap,exit] Heap
[177.882s][info][gc,heap,exit]  ZHeap           used 132M, capacity 1024M, max capacity 1024M
[177.882s][info][gc,heap,exit]  Metaspace       used 16842K, committed 17280K, reserved 1114112K
[177.882s][info][gc,heap,exit]   class space    used 2430K, committed 2624K, reserved 1048576K
