[0.016s][info][gc] Using Epsilon
[0.019s][info][gc,init] Version: 20+36-2344 (release)
[0.019s][info][gc,init] CPUs: 48 total, 48 available
[0.019s][info][gc,init] Memory: 382G
[0.019s][info][gc,init] Large Page Support: Disabled
[0.019s][info][gc,init] NUMA Support: Disabled
[0.019s][info][gc,init] Compressed Oops: Enabled (32-bit)
[0.019s][info][gc,init] Heap Min Capacity: 6656K
[0.019s][info][gc,init] Heap Initial Capacity: 1G
[0.019s][info][gc,init] Heap Max Capacity: 1G
[0.019s][info][gc,init] Pre-touch: Disabled
[0.019s][warning][gc,init] Consider enabling -XX:+AlwaysPreTouch to avoid memory commit hiccups
[0.025s][info   ][gc,init] TLAB Size Max: 4M
[0.025s][info   ][gc,init] TLAB Size Elasticity: 1.10x
[0.025s][info   ][gc,init] TLAB Size Decay Time: 1000ms
[0.026s][info   ][gc,metaspace] CDS archive(s) mapped at: [0x0000000800000000-0x0000000800c60000-0x0000000800c60000), size 12976128, SharedBaseAddress: 0x0000000800000000, ArchiveRelocationMode: 0.
[0.026s][info   ][gc,metaspace] Compressed class space mapped at: 0x0000000801000000-0x0000000841000000, reserved size: 1073741824
[0.026s][info   ][gc,metaspace] Narrow klass base: 0x0000000800000000, Narrow klass shift: 0, Narrow klass range: 0x100000000
[0.647s][info   ][gc          ] GC request for "System.gc()" is ignored
[1.480s][info   ][gc          ] Heap: 1024M reserved, 1024M (100.00%) committed, 55426K (5.29%) used
[1.480s][info   ][gc,metaspace] Metaspace: 1088M reserved, 9408K (0.84%) committed, 9131K (0.82%) used
[1.924s][info   ][gc          ] Heap: 1024M reserved, 1024M (100.00%) committed, 106M (10.36%) used
[1.924s][info   ][gc,metaspace] Metaspace: 1088M reserved, 10496K (0.94%) committed, 10279K (0.92%) used
[2.044s][info   ][gc,heap,exit] Heap
[2.044s][info   ][gc,heap,exit] Epsilon Heap
[2.044s][info   ][gc,heap,exit] Allocation space:
[2.044s][info   ][gc,heap,exit]  space 1048576K,  12% used [0x00000000c0000000, 0x00000000c7e236c0, 0x0000000100000000)
[2.044s][info   ][gc,heap,exit]  Metaspace       used 10755K, committed 11008K, reserved 1114112K
[2.044s][info   ][gc,heap,exit]   class space    used 1127K, committed 1216K, reserved 1048576K
[2.044s][info   ][gc          ] Heap: 1024M reserved, 1024M (100.00%) committed, 126M (12.32%) used
[2.044s][info   ][gc,metaspace] Metaspace: 1088M reserved, 11008K (0.99%) committed, 10755K (0.97%) used
