[0.018s][info][gc,init] CardTable entry size: 512
[0.019s][info][gc     ] Using G1
[0.032s][info][gc,init] Version: 20+36-2344 (release)
[0.032s][info][gc,init] CPUs: 48 total, 48 available
[0.032s][info][gc,init] Memory: 382G
[0.032s][info][gc,init] Large Page Support: Disabled
[0.032s][info][gc,init] NUMA Support: Disabled
[0.032s][info][gc,init] Compressed Oops: Enabled (32-bit)
[0.032s][info][gc,init] Heap Region Size: 1M
[0.032s][info][gc,init] Heap Min Capacity: 8M
[0.032s][info][gc,init] Heap Initial Capacity: 1G
[0.032s][info][gc,init] Heap Max Capacity: 1G
[0.032s][info][gc,init] Pre-touch: Disabled
[0.043s][info][gc,init] Parallel Workers: 33
[0.043s][info][gc,init] Concurrent Workers: 8
[0.043s][info][gc,init] Concurrent Refinement Workers: 33
[0.043s][info][gc,init] Periodic GC: Disabled
[0.044s][info][gc,metaspace] CDS archive(s) mapped at: [0x0000000800000000-0x0000000800c60000-0x0000000800c60000), size 12976128, SharedBaseAddress: 0x0000000800000000, ArchiveRelocationMode: 0.
[0.044s][info][gc,metaspace] Compressed class space mapped at: 0x0000000801000000-0x0000000841000000, reserved size: 1073741824
[0.044s][info][gc,metaspace] Narrow klass base: 0x0000000800000000, Narrow klass shift: 0, Narrow klass range: 0x100000000
[0.684s][info][gc,start    ] GC(0) Pause Full (System.gc())
[0.685s][info][gc,task     ] GC(0) Using 7 workers of 33 for full compaction
[0.685s][info][gc,phases,start] GC(0) Phase 1: Mark live objects
[0.687s][info][gc,phases      ] GC(0) Phase 1: Mark live objects 1.510ms
[0.687s][info][gc,phases,start] GC(0) Phase 2: Prepare compaction
[0.689s][info][gc,phases      ] GC(0) Phase 2: Prepare compaction 1.641ms
[0.689s][info][gc,phases,start] GC(0) Phase 3: Adjust pointers
[0.689s][info][gc,phases      ] GC(0) Phase 3: Adjust pointers 0.916ms
[0.690s][info][gc,phases,start] GC(0) Phase 4: Compact heap
[0.691s][info][gc,phases      ] GC(0) Phase 4: Compact heap 1.390ms
[0.698s][info][gc,heap        ] GC(0) Eden regions: 7->0(8)
[0.698s][info][gc,heap        ] GC(0) Survivor regions: 0->0(0)
[0.698s][info][gc,heap        ] GC(0) Old regions: 0->7
[0.698s][info][gc,heap        ] GC(0) Archive regions: 0->0
[0.698s][info][gc,heap        ] GC(0) Humongous regions: 0->0
[0.698s][info][gc,metaspace   ] GC(0) Metaspace: 1051K(1216K)->1051K(1216K) NonClass: 974K(1088K)->974K(1088K) Class: 76K(128K)->76K(128K)
[0.698s][info][gc             ] GC(0) Pause Full (System.gc()) 7M->2M(24M) 14.153ms
[0.698s][info][gc,cpu         ] GC(0) User=0.05s Sys=0.06s Real=0.02s
[0.874s][info][gc,start       ] GC(1) Pause Young (Normal) (G1 Evacuation Pause)
[0.875s][info][gc,task        ] GC(1) Using 4 workers of 33 for evacuation
[0.877s][info][gc,phases      ] GC(1)   Pre Evacuate Collection Set: 0.1ms
[0.877s][info][gc,phases      ] GC(1)   Merge Heap Roots: 0.1ms
[0.877s][info][gc,phases      ] GC(1)   Evacuate Collection Set: 1.3ms
[0.877s][info][gc,phases      ] GC(1)   Post Evacuate Collection Set: 0.5ms
[0.877s][info][gc,phases      ] GC(1)   Other: 0.2ms
[0.877s][info][gc,heap        ] GC(1) Eden regions: 8->0(11)
[0.877s][info][gc,heap        ] GC(1) Survivor regions: 0->1(1)
[0.877s][info][gc,heap        ] GC(1) Old regions: 7->7
[0.877s][info][gc,heap        ] GC(1) Archive regions: 0->0
[0.877s][info][gc,heap        ] GC(1) Humongous regions: 0->0
[0.877s][info][gc,metaspace   ] GC(1) Metaspace: 3755K(3968K)->3755K(3968K) NonClass: 3249K(3392K)->3249K(3392K) Class: 506K(576K)->506K(576K)
[0.877s][info][gc             ] GC(1) Pause Young (Normal) (G1 Evacuation Pause) 10M->3M(24M) 2.695ms
[0.877s][info][gc,cpu         ] GC(1) User=0.02s Sys=0.02s Real=0.02s
[1.206s][info][gc,start       ] GC(2) Pause Young (Normal) (G1 Evacuation Pause)
[1.206s][info][gc,task        ] GC(2) Using 3 workers of 33 for evacuation
[1.210s][info][gc,phases      ] GC(2)   Pre Evacuate Collection Set: 0.0ms
[1.210s][info][gc,phases      ] GC(2)   Merge Heap Roots: 0.0ms
[1.210s][info][gc,phases      ] GC(2)   Evacuate Collection Set: 3.4ms
[1.210s][info][gc,phases      ] GC(2)   Post Evacuate Collection Set: 0.5ms
[1.210s][info][gc,phases      ] GC(2)   Other: 0.1ms
[1.210s][info][gc,heap        ] GC(2) Eden regions: 11->0(9)
[1.210s][info][gc,heap        ] GC(2) Survivor regions: 1->2(2)
[1.210s][info][gc,heap        ] GC(2) Old regions: 7->8
[1.210s][info][gc,heap        ] GC(2) Archive regions: 0->0
[1.210s][info][gc,heap        ] GC(2) Humongous regions: 0->0
[1.210s][info][gc,metaspace   ] GC(2) Metaspace: 7612K(7872K)->7612K(7872K) NonClass: 6695K(6848K)->6695K(6848K) Class: 916K(1024K)->916K(1024K)
[1.210s][info][gc             ] GC(2) Pause Young (Normal) (G1 Evacuation Pause) 14M->4M(24M) 4.466ms
[1.210s][info][gc,cpu         ] GC(2) User=0.00s Sys=0.03s Real=0.02s
[1.287s][info][gc,start       ] GC(3) Pause Young (Normal) (G1 Evacuation Pause)
[1.287s][info][gc,task        ] GC(3) Using 2 workers of 33 for evacuation
[1.295s][info][gc,phases      ] GC(3)   Pre Evacuate Collection Set: 0.1ms
[1.295s][info][gc,phases      ] GC(3)   Merge Heap Roots: 0.1ms
[1.295s][info][gc,phases      ] GC(3)   Evacuate Collection Set: 7.2ms
[1.295s][info][gc,phases      ] GC(3)   Post Evacuate Collection Set: 0.3ms
[1.295s][info][gc,phases      ] GC(3)   Other: 0.1ms
[1.295s][info][gc,heap        ] GC(3) Eden regions: 9->0(8)
[1.295s][info][gc,heap        ] GC(3) Survivor regions: 2->2(2)
[1.295s][info][gc,heap        ] GC(3) Old regions: 8->10
[1.295s][info][gc,heap        ] GC(3) Archive regions: 0->0
[1.295s][info][gc,heap        ] GC(3) Humongous regions: 0->0
[1.295s][info][gc,metaspace   ] GC(3) Metaspace: 7824K(8000K)->7824K(8000K) NonClass: 6896K(6976K)->6896K(6976K) Class: 927K(1024K)->927K(1024K)
[1.295s][info][gc             ] GC(3) Pause Young (Normal) (G1 Evacuation Pause) 13M->6M(24M) 8.035ms
[1.295s][info][gc,cpu         ] GC(3) User=0.08s Sys=0.00s Real=0.02s
[1.359s][info][gc,start       ] GC(4) Pause Young (Normal) (G1 Evacuation Pause)
[1.360s][info][gc,task        ] GC(4) Using 2 workers of 33 for evacuation
[1.373s][info][gc,phases      ] GC(4)   Pre Evacuate Collection Set: 0.1ms
[1.373s][info][gc,phases      ] GC(4)   Merge Heap Roots: 0.0ms
[1.373s][info][gc,phases      ] GC(4)   Evacuate Collection Set: 6.8ms
[1.373s][info][gc,phases      ] GC(4)   Post Evacuate Collection Set: 6.3ms
[1.373s][info][gc,phases      ] GC(4)   Other: 0.1ms
[1.373s][info][gc,heap        ] GC(4) Eden regions: 8->0(160)
[1.373s][info][gc,heap        ] GC(4) Survivor regions: 2->2(2)
[1.373s][info][gc,heap        ] GC(4) Old regions: 10->11
[1.373s][info][gc,heap        ] GC(4) Archive regions: 0->0
[1.373s][info][gc,heap        ] GC(4) Humongous regions: 0->0
[1.373s][info][gc,metaspace   ] GC(4) Metaspace: 7851K(8000K)->7851K(8000K) NonClass: 6923K(6976K)->6923K(6976K) Class: 927K(1024K)->927K(1024K)
[1.373s][info][gc             ] GC(4) Pause Young (Normal) (G1 Evacuation Pause) 14M->7M(524M) 13.883ms
[1.373s][info][gc,cpu         ] GC(4) User=0.03s Sys=0.00s Real=0.02s
[2.170s][info][gc,heap,exit   ] Heap
[2.170s][info][gc,heap,exit   ]  garbage-first heap   total 536576K, used 96048K [0x00000000c0000000, 0x0000000100000000)
[2.170s][info][gc,heap,exit   ]   region size 1024K, 89 young (91136K), 2 survivors (2048K)
[2.170s][info][gc,heap,exit   ]  Metaspace       used 10743K, committed 11008K, reserved 1114112K
[2.170s][info][gc,heap,exit   ]   class space    used 1124K, committed 1216K, reserved 1048576K
