[0.017s][info][gc,init] CardTable entry size: 512
[0.018s][info][gc     ] Using G1
[0.043s][info][gc,init] Version: 20+36-2344 (release)
[0.043s][info][gc,init] CPUs: 48 total, 48 available
[0.043s][info][gc,init] Memory: 382G
[0.043s][info][gc,init] Large Page Support: Disabled
[0.043s][info][gc,init] NUMA Support: Disabled
[0.043s][info][gc,init] Compressed Oops: Enabled (32-bit)
[0.043s][info][gc,init] Heap Region Size: 1M
[0.043s][info][gc,init] Heap Min Capacity: 8M
[0.043s][info][gc,init] Heap Initial Capacity: 2G
[0.043s][info][gc,init] Heap Max Capacity: 2G
[0.043s][info][gc,init] Pre-touch: Disabled
[0.060s][info][gc,init] Parallel Workers: 33
[0.060s][info][gc,init] Concurrent Workers: 8
[0.060s][info][gc,init] Concurrent Refinement Workers: 33
[0.060s][info][gc,init] Periodic GC: Disabled
[0.061s][info][gc,metaspace] CDS archive(s) mapped at: [0x0000000800000000-0x0000000800c60000-0x0000000800c60000), size 12976128, SharedBaseAddress: 0x0000000800000000, ArchiveRelocationMode: 0.
[0.061s][info][gc,metaspace] Compressed class space mapped at: 0x0000000801000000-0x0000000841000000, reserved size: 1073741824
[0.061s][info][gc,metaspace] Narrow klass base: 0x0000000800000000, Narrow klass shift: 0, Narrow klass range: 0x100000000
[0.622s][info][gc,start    ] GC(0) Pause Full (System.gc())
[0.622s][info][gc,task     ] GC(0) Using 7 workers of 33 for full compaction
[0.623s][info][gc,phases,start] GC(0) Phase 1: Mark live objects
[0.625s][info][gc,phases      ] GC(0) Phase 1: Mark live objects 1.756ms
[0.625s][info][gc,phases,start] GC(0) Phase 2: Prepare compaction
[0.628s][info][gc,phases      ] GC(0) Phase 2: Prepare compaction 3.087ms
[0.628s][info][gc,phases,start] GC(0) Phase 3: Adjust pointers
[0.629s][info][gc,phases      ] GC(0) Phase 3: Adjust pointers 0.911ms
[0.629s][info][gc,phases,start] GC(0) Phase 4: Compact heap
[0.631s][info][gc,phases      ] GC(0) Phase 4: Compact heap 1.439ms
[0.643s][info][gc,heap        ] GC(0) Eden regions: 7->0(8)
[0.643s][info][gc,heap        ] GC(0) Survivor regions: 0->0(0)
[0.643s][info][gc,heap        ] GC(0) Old regions: 0->7
[0.643s][info][gc,heap        ] GC(0) Archive regions: 0->0
[0.643s][info][gc,heap        ] GC(0) Humongous regions: 0->0
[0.643s][info][gc,metaspace   ] GC(0) Metaspace: 1051K(1216K)->1051K(1216K) NonClass: 975K(1088K)->975K(1088K) Class: 76K(128K)->76K(128K)
[0.643s][info][gc             ] GC(0) Pause Full (System.gc()) 7M->2M(24M) 21.164ms
[0.643s][info][gc,cpu         ] GC(0) User=0.05s Sys=0.00s Real=0.01s
[0.836s][info][gc,start       ] GC(1) Pause Young (Normal) (G1 Evacuation Pause)
[0.836s][info][gc,task        ] GC(1) Using 4 workers of 33 for evacuation
[0.838s][info][gc,phases      ] GC(1)   Pre Evacuate Collection Set: 0.1ms
[0.838s][info][gc,phases      ] GC(1)   Merge Heap Roots: 0.2ms
[0.838s][info][gc,phases      ] GC(1)   Evacuate Collection Set: 1.1ms
[0.838s][info][gc,phases      ] GC(1)   Post Evacuate Collection Set: 0.5ms
[0.838s][info][gc,phases      ] GC(1)   Other: 0.2ms
[0.838s][info][gc,heap        ] GC(1) Eden regions: 8->0(11)
[0.838s][info][gc,heap        ] GC(1) Survivor regions: 0->1(1)
[0.838s][info][gc,heap        ] GC(1) Old regions: 7->7
[0.838s][info][gc,heap        ] GC(1) Archive regions: 0->0
[0.839s][info][gc,heap        ] GC(1) Humongous regions: 0->0
[0.839s][info][gc,metaspace   ] GC(1) Metaspace: 3751K(3904K)->3751K(3904K) NonClass: 3246K(3328K)->3246K(3328K) Class: 505K(576K)->505K(576K)
[0.839s][info][gc             ] GC(1) Pause Young (Normal) (G1 Evacuation Pause) 10M->3M(24M) 2.539ms
[0.839s][info][gc,cpu         ] GC(1) User=0.00s Sys=0.00s Real=0.00s
[1.154s][info][gc,start       ] GC(2) Pause Young (Normal) (G1 Evacuation Pause)
[1.154s][info][gc,task        ] GC(2) Using 3 workers of 33 for evacuation
[1.158s][info][gc,phases      ] GC(2)   Pre Evacuate Collection Set: 0.1ms
[1.158s][info][gc,phases      ] GC(2)   Merge Heap Roots: 0.0ms
[1.158s][info][gc,phases      ] GC(2)   Evacuate Collection Set: 2.9ms
[1.158s][info][gc,phases      ] GC(2)   Post Evacuate Collection Set: 0.6ms
[1.158s][info][gc,phases      ] GC(2)   Other: 0.1ms
[1.158s][info][gc,heap        ] GC(2) Eden regions: 11->0(9)
[1.158s][info][gc,heap        ] GC(2) Survivor regions: 1->2(2)
[1.158s][info][gc,heap        ] GC(2) Old regions: 7->8
[1.158s][info][gc,heap        ] GC(2) Archive regions: 0->0
[1.158s][info][gc,heap        ] GC(2) Humongous regions: 0->0
[1.158s][info][gc,metaspace   ] GC(2) Metaspace: 7615K(7872K)->7615K(7872K) NonClass: 6699K(6848K)->6699K(6848K) Class: 916K(1024K)->916K(1024K)
[1.158s][info][gc             ] GC(2) Pause Young (Normal) (G1 Evacuation Pause) 14M->4M(24M) 4.223ms
[1.158s][info][gc,cpu         ] GC(2) User=0.00s Sys=0.00s Real=0.00s
[1.233s][info][gc,start       ] GC(3) Pause Young (Normal) (G1 Evacuation Pause)
[1.233s][info][gc,task        ] GC(3) Using 2 workers of 33 for evacuation
[1.241s][info][gc,phases      ] GC(3)   Pre Evacuate Collection Set: 0.1ms
[1.241s][info][gc,phases      ] GC(3)   Merge Heap Roots: 0.1ms
[1.241s][info][gc,phases      ] GC(3)   Evacuate Collection Set: 7.4ms
[1.241s][info][gc,phases      ] GC(3)   Post Evacuate Collection Set: 0.3ms
[1.241s][info][gc,phases      ] GC(3)   Other: 0.1ms
[1.241s][info][gc,heap        ] GC(3) Eden regions: 9->0(8)
[1.241s][info][gc,heap        ] GC(3) Survivor regions: 2->2(2)
[1.241s][info][gc,heap        ] GC(3) Old regions: 8->10
[1.241s][info][gc,heap        ] GC(3) Archive regions: 0->0
[1.241s][info][gc,heap        ] GC(3) Humongous regions: 0->0
[1.241s][info][gc,metaspace   ] GC(3) Metaspace: 7824K(8000K)->7824K(8000K) NonClass: 6896K(6976K)->6896K(6976K) Class: 927K(1024K)->927K(1024K)
[1.241s][info][gc             ] GC(3) Pause Young (Normal) (G1 Evacuation Pause) 13M->6M(24M) 8.274ms
[1.241s][info][gc,cpu         ] GC(3) User=0.05s Sys=0.00s Real=0.02s
[1.288s][info][gc,start       ] GC(4) Pause Young (Normal) (G1 Evacuation Pause)
[1.288s][info][gc,task        ] GC(4) Using 2 workers of 33 for evacuation
[1.293s][info][gc,phases      ] GC(4)   Pre Evacuate Collection Set: 0.1ms
[1.293s][info][gc,phases      ] GC(4)   Merge Heap Roots: 0.0ms
[1.293s][info][gc,phases      ] GC(4)   Evacuate Collection Set: 3.8ms
[1.293s][info][gc,phases      ] GC(4)   Post Evacuate Collection Set: 0.2ms
[1.293s][info][gc,phases      ] GC(4)   Other: 0.1ms
[1.293s][info][gc,heap        ] GC(4) Eden regions: 8->0(7)
[1.293s][info][gc,heap        ] GC(4) Survivor regions: 2->2(2)
[1.293s][info][gc,heap        ] GC(4) Old regions: 10->11
[1.293s][info][gc,heap        ] GC(4) Archive regions: 0->0
[1.293s][info][gc,heap        ] GC(4) Humongous regions: 0->0
[1.293s][info][gc,metaspace   ] GC(4) Metaspace: 7850K(8000K)->7850K(8000K) NonClass: 6923K(6976K)->6923K(6976K) Class: 927K(1024K)->927K(1024K)
[1.293s][info][gc             ] GC(4) Pause Young (Normal) (G1 Evacuation Pause) 14M->7M(24M) 4.553ms
[1.293s][info][gc,cpu         ] GC(4) User=0.00s Sys=0.00s Real=0.00s
[1.384s][info][gc,start       ] GC(5) Pause Young (Concurrent Start) (G1 Evacuation Pause)
[1.384s][info][gc,task        ] GC(5) Using 2 workers of 33 for evacuation
[1.402s][info][gc,phases      ] GC(5)   Pre Evacuate Collection Set: 0.2ms
[1.402s][info][gc,phases      ] GC(5)   Merge Heap Roots: 0.1ms
[1.403s][info][gc,phases      ] GC(5)   Evacuate Collection Set: 4.7ms
[1.403s][info][gc,phases      ] GC(5)   Post Evacuate Collection Set: 13.2ms
[1.403s][info][gc,phases      ] GC(5)   Other: 0.2ms
[1.403s][info][gc,heap        ] GC(5) Eden regions: 7->0(221)
[1.403s][info][gc,heap        ] GC(5) Survivor regions: 2->2(2)
[1.403s][info][gc,heap        ] GC(5) Old regions: 11->11
[1.403s][info][gc,heap        ] GC(5) Archive regions: 0->0
[1.403s][info][gc,heap        ] GC(5) Humongous regions: 0->0
[1.403s][info][gc,metaspace   ] GC(5) Metaspace: 8682K(8896K)->8682K(8896K) NonClass: 7681K(7808K)->7681K(7808K) Class: 1001K(1088K)->1001K(1088K)
[1.403s][info][gc             ] GC(5) Pause Young (Concurrent Start) (G1 Evacuation Pause) 14M->7M(1036M) 18.860ms
[1.403s][info][gc,cpu         ] GC(5) User=0.00s Sys=0.02s Real=0.02s
[1.403s][info][gc             ] GC(6) Concurrent Mark Cycle
[1.403s][info][gc,marking     ] GC(6) Concurrent Scan Root Regions
[1.406s][info][gc,marking     ] GC(6) Concurrent Scan Root Regions 2.810ms
[1.406s][info][gc,marking     ] GC(6) Concurrent Mark
[1.406s][info][gc,marking     ] GC(6) Concurrent Mark From Roots
[1.406s][info][gc,task        ] GC(6) Using 8 workers of 8 for marking
[1.412s][info][gc,marking     ] GC(6) Concurrent Mark From Roots 6.124ms
[1.412s][info][gc,marking     ] GC(6) Concurrent Preclean
[1.412s][info][gc,marking     ] GC(6) Concurrent Preclean 0.066ms
[1.413s][info][gc,start       ] GC(6) Pause Remark
[1.417s][info][gc             ] GC(6) Pause Remark 8M->8M(47M) 3.939ms
[1.417s][info][gc,cpu         ] GC(6) User=0.00s Sys=0.00s Real=0.00s
[1.417s][info][gc,marking     ] GC(6) Concurrent Mark 10.629ms
[1.417s][info][gc,marking     ] GC(6) Concurrent Rebuild Remembered Sets and Scrub Regions
[1.420s][info][gc,marking     ] GC(6) Concurrent Rebuild Remembered Sets and Scrub Regions 3.246ms
[1.420s][info][gc,start       ] GC(6) Pause Cleanup
[1.420s][info][gc             ] GC(6) Pause Cleanup 8M->8M(47M) 0.178ms
[1.420s][info][gc,cpu         ] GC(6) User=0.00s Sys=0.00s Real=0.00s
[1.420s][info][gc,marking     ] GC(6) Concurrent Clear Claimed Marks
[1.420s][info][gc,marking     ] GC(6) Concurrent Clear Claimed Marks 0.062ms
[1.420s][info][gc,marking     ] GC(6) Concurrent Cleanup for Next Mark
[1.421s][info][gc,marking     ] GC(6) Concurrent Cleanup for Next Mark 0.462ms
[1.421s][info][gc             ] GC(6) Concurrent Mark Cycle 18.070ms
[1.894s][info][gc,start       ] GC(7) Pause Young (Prepare Mixed) (G1 Evacuation Pause)
[1.894s][info][gc,task        ] GC(7) Using 2 workers of 33 for evacuation
[1.911s][info][gc,phases      ] GC(7)   Pre Evacuate Collection Set: 0.1ms
[1.911s][info][gc,phases      ] GC(7)   Merge Heap Roots: 0.1ms
[1.911s][info][gc,phases      ] GC(7)   Evacuate Collection Set: 15.5ms
[1.911s][info][gc,phases      ] GC(7)   Post Evacuate Collection Set: 0.5ms
[1.911s][info][gc,phases      ] GC(7)   Other: 0.1ms
[1.911s][info][gc,heap        ] GC(7) Eden regions: 34->0(21)
[1.911s][info][gc,heap        ] GC(7) Survivor regions: 2->11(28)
[1.911s][info][gc,heap        ] GC(7) Old regions: 11->11
[1.911s][info][gc,heap        ] GC(7) Archive regions: 0->0
[1.911s][info][gc,heap        ] GC(7) Humongous regions: 0->0
[1.911s][info][gc,metaspace   ] GC(7) Metaspace: 10213K(10432K)->10213K(10432K) NonClass: 9139K(9280K)->9139K(9280K) Class: 1073K(1152K)->1073K(1152K)
[1.911s][info][gc             ] GC(7) Pause Young (Prepare Mixed) (G1 Evacuation Pause) 41M->16M(58M) 16.494ms
[1.911s][info][gc,cpu         ] GC(7) User=0.11s Sys=0.02s Real=0.02s
[2.002s][info][gc,start       ] GC(8) Pause Young (Mixed) (G1 Evacuation Pause)
[2.002s][info][gc,task        ] GC(8) Using 2 workers of 33 for evacuation
[2.022s][info][gc,phases      ] GC(8)   Pre Evacuate Collection Set: 0.1ms
[2.022s][info][gc,phases      ] GC(8)   Merge Heap Roots: 0.1ms
[2.022s][info][gc,phases      ] GC(8)   Evacuate Collection Set: 18.7ms
[2.022s][info][gc,phases      ] GC(8)   Post Evacuate Collection Set: 0.6ms
[2.022s][info][gc,phases      ] GC(8)   Other: 0.1ms
[2.022s][info][gc,heap        ] GC(8) Eden regions: 21->0(21)
[2.022s][info][gc,heap        ] GC(8) Survivor regions: 11->4(4)
[2.022s][info][gc,heap        ] GC(8) Old regions: 11->19
[2.022s][info][gc,heap        ] GC(8) Archive regions: 0->0
[2.022s][info][gc,heap        ] GC(8) Humongous regions: 0->0
[2.022s][info][gc,metaspace   ] GC(8) Metaspace: 10262K(10432K)->10262K(10432K) NonClass: 9189K(9280K)->9189K(9280K) Class: 1073K(1152K)->1073K(1152K)
[2.022s][info][gc             ] GC(8) Pause Young (Mixed) (G1 Evacuation Pause) 37M->20M(59M) 19.837ms
[2.022s][info][gc,cpu         ] GC(8) User=0.17s Sys=0.02s Real=0.03s
[2.109s][info][gc,start       ] GC(9) Pause Young (Normal) (G1 Evacuation Pause)
[2.109s][info][gc,task        ] GC(9) Using 2 workers of 33 for evacuation
[2.120s][info][gc,phases      ] GC(9)   Pre Evacuate Collection Set: 0.1ms
[2.120s][info][gc,phases      ] GC(9)   Merge Heap Roots: 0.0ms
[2.120s][info][gc,phases      ] GC(9)   Evacuate Collection Set: 10.3ms
[2.120s][info][gc,phases      ] GC(9)   Post Evacuate Collection Set: 0.2ms
[2.120s][info][gc,phases      ] GC(9)   Other: 0.1ms
[2.120s][info][gc,heap        ] GC(9) Eden regions: 21->0(19)
[2.120s][info][gc,heap        ] GC(9) Survivor regions: 4->4(4)
[2.120s][info][gc,heap        ] GC(9) Old regions: 19->24
[2.120s][info][gc,heap        ] GC(9) Archive regions: 0->0
[2.120s][info][gc,heap        ] GC(9) Humongous regions: 0->0
[2.120s][info][gc,metaspace   ] GC(9) Metaspace: 10276K(10496K)->10276K(10496K) NonClass: 9202K(9344K)->9202K(9344K) Class: 1073K(1152K)->1073K(1152K)
[2.120s][info][gc             ] GC(9) Pause Young (Normal) (G1 Evacuation Pause) 41M->26M(59M) 10.907ms
[2.120s][info][gc,cpu         ] GC(9) User=0.11s Sys=0.00s Real=0.02s
[2.170s][info][gc,heap,exit   ] Heap
[2.170s][info][gc,heap,exit   ]  garbage-first heap   total 60416K, used 30969K [0x0000000080000000, 0x0000000100000000)
[2.170s][info][gc,heap,exit   ]   region size 1024K, 8 young (8192K), 4 survivors (4096K)
[2.170s][info][gc,heap,exit   ]  Metaspace       used 10738K, committed 10944K, reserved 1114112K
[2.170s][info][gc,heap,exit   ]   class space    used 1127K, committed 1216K, reserved 1048576K
