[0.018s][info][gc,init] CardTable entry size: 512
[0.019s][info][gc     ] Using G1
[0.038s][info][gc,init] Version: 20+36-2344 (release)
[0.038s][info][gc,init] CPUs: 48 total, 48 available
[0.038s][info][gc,init] Memory: 382G
[0.038s][info][gc,init] Large Page Support: Disabled
[0.038s][info][gc,init] NUMA Support: Disabled
[0.038s][info][gc,init] Compressed Oops: Enabled (Zero based)
[0.038s][info][gc,init] Heap Region Size: 2M
[0.038s][info][gc,init] Heap Min Capacity: 8M
[0.038s][info][gc,init] Heap Initial Capacity: 2G
[0.038s][info][gc,init] Heap Max Capacity: 4G
[0.038s][info][gc,init] Pre-touch: Disabled
[0.056s][info][gc,init] Parallel Workers: 33
[0.056s][info][gc,init] Concurrent Workers: 8
[0.056s][info][gc,init] Concurrent Refinement Workers: 33
[0.056s][info][gc,init] Periodic GC: Disabled
[0.058s][info][gc,metaspace] CDS archive(s) mapped at: [0x0000000800000000-0x0000000800c60000-0x0000000800c60000), size 12976128, SharedBaseAddress: 0x0000000800000000, ArchiveRelocationMode: 0.
[0.058s][info][gc,metaspace] Compressed class space mapped at: 0x0000000801000000-0x0000000841000000, reserved size: 1073741824
[0.058s][info][gc,metaspace] Narrow klass base: 0x0000000800000000, Narrow klass shift: 0, Narrow klass range: 0x100000000
[0.646s][info][gc,start    ] GC(0) Pause Full (System.gc())
[0.647s][info][gc,task     ] GC(0) Using 6 workers of 33 for full compaction
[0.647s][info][gc,phases,start] GC(0) Phase 1: Mark live objects
[0.649s][info][gc,phases      ] GC(0) Phase 1: Mark live objects 1.526ms
[0.649s][info][gc,phases,start] GC(0) Phase 2: Prepare compaction
[0.651s][info][gc,phases      ] GC(0) Phase 2: Prepare compaction 1.831ms
[0.651s][info][gc,phases,start] GC(0) Phase 3: Adjust pointers
[0.652s][info][gc,phases      ] GC(0) Phase 3: Adjust pointers 1.373ms
[0.652s][info][gc,phases,start] GC(0) Phase 4: Compact heap
[0.653s][info][gc,phases      ] GC(0) Phase 4: Compact heap 1.335ms
[0.663s][info][gc,heap        ] GC(0) Eden regions: 6->0(6)
[0.663s][info][gc,heap        ] GC(0) Survivor regions: 0->0(0)
[0.663s][info][gc,heap        ] GC(0) Old regions: 0->6
[0.663s][info][gc,heap        ] GC(0) Archive regions: 0->0
[0.663s][info][gc,heap        ] GC(0) Humongous regions: 0->0
[0.663s][info][gc,metaspace   ] GC(0) Metaspace: 1051K(1216K)->1051K(1216K) NonClass: 975K(1088K)->975K(1088K) Class: 76K(128K)->76K(128K)
[0.664s][info][gc             ] GC(0) Pause Full (System.gc()) 11M->2M(40M) 17.469ms
[0.664s][info][gc,cpu         ] GC(0) User=0.02s Sys=0.08s Real=0.02s
[0.903s][info][gc,start       ] GC(1) Pause Young (Normal) (G1 Evacuation Pause)
[0.903s][info][gc,task        ] GC(1) Using 4 workers of 33 for evacuation
[0.906s][info][gc,phases      ] GC(1)   Pre Evacuate Collection Set: 0.1ms
[0.906s][info][gc,phases      ] GC(1)   Merge Heap Roots: 0.2ms
[0.906s][info][gc,phases      ] GC(1)   Evacuate Collection Set: 1.6ms
[0.906s][info][gc,phases      ] GC(1)   Post Evacuate Collection Set: 0.6ms
[0.906s][info][gc,phases      ] GC(1)   Other: 0.1ms
[0.906s][info][gc,heap        ] GC(1) Eden regions: 6->0(9)
[0.906s][info][gc,heap        ] GC(1) Survivor regions: 0->1(1)
[0.906s][info][gc,heap        ] GC(1) Old regions: 6->6
[0.906s][info][gc,heap        ] GC(1) Archive regions: 0->0
[0.906s][info][gc,heap        ] GC(1) Humongous regions: 0->0
[0.906s][info][gc,metaspace   ] GC(1) Metaspace: 5017K(5184K)->5017K(5184K) NonClass: 4371K(4480K)->4371K(4480K) Class: 646K(704K)->646K(704K)
[0.906s][info][gc             ] GC(1) Pause Young (Normal) (G1 Evacuation Pause) 14M->3M(40M) 3.022ms
[0.906s][info][gc,cpu         ] GC(1) User=0.00s Sys=0.00s Real=0.00s
[1.251s][info][gc,start       ] GC(2) Pause Young (Normal) (G1 Evacuation Pause)
[1.251s][info][gc,task        ] GC(2) Using 3 workers of 33 for evacuation
[1.258s][info][gc,phases      ] GC(2)   Pre Evacuate Collection Set: 0.1ms
[1.258s][info][gc,phases      ] GC(2)   Merge Heap Roots: 0.1ms
[1.258s][info][gc,phases      ] GC(2)   Evacuate Collection Set: 5.9ms
[1.258s][info][gc,phases      ] GC(2)   Post Evacuate Collection Set: 0.6ms
[1.258s][info][gc,phases      ] GC(2)   Other: 0.1ms
[1.258s][info][gc,heap        ] GC(2) Eden regions: 9->0(7)
[1.258s][info][gc,heap        ] GC(2) Survivor regions: 1->2(2)
[1.258s][info][gc,heap        ] GC(2) Old regions: 6->6
[1.258s][info][gc,heap        ] GC(2) Archive regions: 0->0
[1.258s][info][gc,heap        ] GC(2) Humongous regions: 0->0
[1.258s][info][gc,metaspace   ] GC(2) Metaspace: 7825K(8000K)->7825K(8000K) NonClass: 6897K(6976K)->6897K(6976K) Class: 927K(1024K)->927K(1024K)
[1.258s][info][gc             ] GC(2) Pause Young (Normal) (G1 Evacuation Pause) 21M->5M(40M) 7.050ms
[1.258s][info][gc,cpu         ] GC(2) User=0.03s Sys=0.03s Real=0.02s
[1.345s][info][gc,start       ] GC(3) Pause Young (Normal) (G1 Evacuation Pause)
[1.345s][info][gc,task        ] GC(3) Using 2 workers of 33 for evacuation
[1.361s][info][gc,phases      ] GC(3)   Pre Evacuate Collection Set: 0.1ms
[1.361s][info][gc,phases      ] GC(3)   Merge Heap Roots: 0.1ms
[1.361s][info][gc,phases      ] GC(3)   Evacuate Collection Set: 15.3ms
[1.361s][info][gc,phases      ] GC(3)   Post Evacuate Collection Set: 0.5ms
[1.361s][info][gc,phases      ] GC(3)   Other: 0.1ms
[1.361s][info][gc,heap        ] GC(3) Eden regions: 7->0(7)
[1.361s][info][gc,heap        ] GC(3) Survivor regions: 2->1(2)
[1.361s][info][gc,heap        ] GC(3) Old regions: 6->8
[1.361s][info][gc,heap        ] GC(3) Archive regions: 0->0
[1.361s][info][gc,heap        ] GC(3) Humongous regions: 0->0
[1.361s][info][gc,metaspace   ] GC(3) Metaspace: 8209K(8448K)->8209K(8448K) NonClass: 7248K(7360K)->7248K(7360K) Class: 961K(1088K)->961K(1088K)
[1.361s][info][gc             ] GC(3) Pause Young (Normal) (G1 Evacuation Pause) 19M->7M(40M) 16.513ms
[1.361s][info][gc,cpu         ] GC(3) User=0.05s Sys=0.02s Real=0.02s
[1.692s][info][gc,start       ] GC(4) Pause Young (Normal) (G1 Evacuation Pause)
[1.692s][info][gc,task        ] GC(4) Using 2 workers of 33 for evacuation
[1.711s][info][gc,phases      ] GC(4)   Pre Evacuate Collection Set: 0.1ms
[1.711s][info][gc,phases      ] GC(4)   Merge Heap Roots: 0.1ms
[1.711s][info][gc,phases      ] GC(4)   Evacuate Collection Set: 10.6ms
[1.711s][info][gc,phases      ] GC(4)   Post Evacuate Collection Set: 8.3ms
[1.711s][info][gc,phases      ] GC(4)   Other: 0.1ms
[1.711s][info][gc,heap        ] GC(4) Eden regions: 7->0(70)
[1.711s][info][gc,heap        ] GC(4) Survivor regions: 1->1(1)
[1.711s][info][gc,heap        ] GC(4) Old regions: 8->10
[1.711s][info][gc,heap        ] GC(4) Archive regions: 0->0
[1.711s][info][gc,heap        ] GC(4) Humongous regions: 0->0
[1.711s][info][gc,metaspace   ] GC(4) Metaspace: 9836K(10048K)->9836K(10048K) NonClass: 8781K(8896K)->8781K(8896K) Class: 1054K(1152K)->1054K(1152K)
[1.711s][info][gc             ] GC(4) Pause Young (Normal) (G1 Evacuation Pause) 21M->12M(1044M) 19.652ms
[1.711s][info][gc,cpu         ] GC(4) User=0.11s Sys=0.03s Real=0.02s
[2.150s][info][gc,heap,exit   ] Heap
[2.150s][info][gc,heap,exit   ]  garbage-first heap   total 1069056K, used 80608K [0x0000000700000000, 0x0000000800000000)
[2.150s][info][gc,heap,exit   ]   region size 2048K, 35 young (71680K), 1 survivors (2048K)
[2.150s][info][gc,heap,exit   ]  Metaspace       used 10744K, committed 11008K, reserved 1114112K
[2.150s][info][gc,heap,exit   ]   class space    used 1124K, committed 1216K, reserved 1048576K
