[0.016s][info][gc,init] CardTable entry size: 512
[0.017s][info][gc     ] Using G1
[0.026s][info][gc,init] Version: 20+36-2344 (release)
[0.026s][info][gc,init] CPUs: 48 total, 48 available
[0.026s][info][gc,init] Memory: 382G
[0.026s][info][gc,init] Large Page Support: Disabled
[0.026s][info][gc,init] NUMA Support: Disabled
[0.026s][info][gc,init] Compressed Oops: Enabled (32-bit)
[0.026s][info][gc,init] Heap Region Size: 1M
[0.026s][info][gc,init] Heap Min Capacity: 8M
[0.026s][info][gc,init] Heap Initial Capacity: 512M
[0.026s][info][gc,init] Heap Max Capacity: 512M
[0.026s][info][gc,init] Pre-touch: Disabled
[0.036s][info][gc,init] Parallel Workers: 33
[0.036s][info][gc,init] Concurrent Workers: 8
[0.036s][info][gc,init] Concurrent Refinement Workers: 33
[0.036s][info][gc,init] Periodic GC: Disabled
[0.037s][info][gc,metaspace] CDS archive(s) mapped at: [0x0000000800000000-0x0000000800c60000-0x0000000800c60000), size 12976128, SharedBaseAddress: 0x0000000800000000, ArchiveRelocationMode: 0.
[0.037s][info][gc,metaspace] Compressed class space mapped at: 0x0000000801000000-0x0000000841000000, reserved size: 1073741824
[0.037s][info][gc,metaspace] Narrow klass base: 0x0000000800000000, Narrow klass shift: 0, Narrow klass range: 0x100000000
[0.646s][info][gc,start    ] GC(0) Pause Full (System.gc())
[0.646s][info][gc,task     ] GC(0) Using 7 workers of 33 for full compaction
[0.647s][info][gc,phases,start] GC(0) Phase 1: Mark live objects
[0.648s][info][gc,phases      ] GC(0) Phase 1: Mark live objects 1.659ms
[0.648s][info][gc,phases,start] GC(0) Phase 2: Prepare compaction
[0.649s][info][gc,phases      ] GC(0) Phase 2: Prepare compaction 0.902ms
[0.649s][info][gc,phases,start] GC(0) Phase 3: Adjust pointers
[0.650s][info][gc,phases      ] GC(0) Phase 3: Adjust pointers 0.885ms
[0.650s][info][gc,phases,start] GC(0) Phase 4: Compact heap
[0.652s][info][gc,phases      ] GC(0) Phase 4: Compact heap 1.300ms
[0.656s][info][gc,heap        ] GC(0) Eden regions: 7->0(8)
[0.656s][info][gc,heap        ] GC(0) Survivor regions: 0->0(0)
[0.656s][info][gc,heap        ] GC(0) Old regions: 0->7
[0.656s][info][gc,heap        ] GC(0) Archive regions: 0->0
[0.656s][info][gc,heap        ] GC(0) Humongous regions: 0->0
[0.656s][info][gc,metaspace   ] GC(0) Metaspace: 1051K(1216K)->1051K(1216K) NonClass: 975K(1088K)->975K(1088K) Class: 76K(128K)->76K(128K)
[0.656s][info][gc             ] GC(0) Pause Full (System.gc()) 7M->2M(24M) 10.777ms
[0.656s][info][gc,cpu         ] GC(0) User=0.00s Sys=0.00s Real=0.00s
[0.871s][info][gc,start       ] GC(1) Pause Young (Normal) (G1 Evacuation Pause)
[0.871s][info][gc,task        ] GC(1) Using 4 workers of 33 for evacuation
[0.874s][info][gc,phases      ] GC(1)   Pre Evacuate Collection Set: 0.1ms
[0.874s][info][gc,phases      ] GC(1)   Merge Heap Roots: 0.1ms
[0.874s][info][gc,phases      ] GC(1)   Evacuate Collection Set: 1.4ms
[0.874s][info][gc,phases      ] GC(1)   Post Evacuate Collection Set: 0.5ms
[0.874s][info][gc,phases      ] GC(1)   Other: 0.2ms
[0.874s][info][gc,heap        ] GC(1) Eden regions: 8->0(11)
[0.874s][info][gc,heap        ] GC(1) Survivor regions: 0->1(1)
[0.874s][info][gc,heap        ] GC(1) Old regions: 7->7
[0.874s][info][gc,heap        ] GC(1) Archive regions: 0->0
[0.874s][info][gc,heap        ] GC(1) Humongous regions: 0->0
[0.874s][info][gc,metaspace   ] GC(1) Metaspace: 3759K(3968K)->3759K(3968K) NonClass: 3252K(3392K)->3252K(3392K) Class: 507K(576K)->507K(576K)
[0.874s][info][gc             ] GC(1) Pause Young (Normal) (G1 Evacuation Pause) 10M->3M(24M) 2.663ms
[0.874s][info][gc,cpu         ] GC(1) User=0.00s Sys=0.00s Real=0.00s
[1.185s][info][gc,start       ] GC(2) Pause Young (Normal) (G1 Evacuation Pause)
[1.185s][info][gc,task        ] GC(2) Using 3 workers of 33 for evacuation
[1.189s][info][gc,phases      ] GC(2)   Pre Evacuate Collection Set: 0.0ms
[1.189s][info][gc,phases      ] GC(2)   Merge Heap Roots: 0.0ms
[1.189s][info][gc,phases      ] GC(2)   Evacuate Collection Set: 2.6ms
[1.189s][info][gc,phases      ] GC(2)   Post Evacuate Collection Set: 0.4ms
[1.189s][info][gc,phases      ] GC(2)   Other: 0.1ms
[1.189s][info][gc,heap        ] GC(2) Eden regions: 11->0(9)
[1.189s][info][gc,heap        ] GC(2) Survivor regions: 1->2(2)
[1.189s][info][gc,heap        ] GC(2) Old regions: 7->8
[1.189s][info][gc,heap        ] GC(2) Archive regions: 0->0
[1.189s][info][gc,heap        ] GC(2) Humongous regions: 0->0
[1.189s][info][gc,metaspace   ] GC(2) Metaspace: 7616K(7872K)->7616K(7872K) NonClass: 6700K(6848K)->6700K(6848K) Class: 916K(1024K)->916K(1024K)
[1.189s][info][gc             ] GC(2) Pause Young (Normal) (G1 Evacuation Pause) 14M->4M(24M) 3.388ms
[1.189s][info][gc,cpu         ] GC(2) User=0.00s Sys=0.00s Real=0.00s
[1.265s][info][gc,start       ] GC(3) Pause Young (Normal) (G1 Evacuation Pause)
[1.265s][info][gc,task        ] GC(3) Using 2 workers of 33 for evacuation
[1.277s][info][gc,phases      ] GC(3)   Pre Evacuate Collection Set: 0.1ms
[1.277s][info][gc,phases      ] GC(3)   Merge Heap Roots: 0.0ms
[1.277s][info][gc,phases      ] GC(3)   Evacuate Collection Set: 11.2ms
[1.277s][info][gc,phases      ] GC(3)   Post Evacuate Collection Set: 0.3ms
[1.277s][info][gc,phases      ] GC(3)   Other: 0.1ms
[1.277s][info][gc,heap        ] GC(3) Eden regions: 9->0(8)
[1.277s][info][gc,heap        ] GC(3) Survivor regions: 2->2(2)
[1.277s][info][gc,heap        ] GC(3) Old regions: 8->10
[1.277s][info][gc,heap        ] GC(3) Archive regions: 0->0
[1.277s][info][gc,heap        ] GC(3) Humongous regions: 0->0
[1.277s][info][gc,metaspace   ] GC(3) Metaspace: 7824K(8000K)->7824K(8000K) NonClass: 6896K(6976K)->6896K(6976K) Class: 927K(1024K)->927K(1024K)
[1.277s][info][gc             ] GC(3) Pause Young (Normal) (G1 Evacuation Pause) 13M->6M(24M) 11.928ms
[1.277s][info][gc,cpu         ] GC(3) User=0.05s Sys=0.00s Real=0.02s
[1.319s][info][gc,start       ] GC(4) Pause Young (Normal) (G1 Evacuation Pause)
[1.319s][info][gc,task        ] GC(4) Using 2 workers of 33 for evacuation
[1.323s][info][gc,phases      ] GC(4)   Pre Evacuate Collection Set: 0.0ms
[1.323s][info][gc,phases      ] GC(4)   Merge Heap Roots: 0.0ms
[1.323s][info][gc,phases      ] GC(4)   Evacuate Collection Set: 3.7ms
[1.323s][info][gc,phases      ] GC(4)   Post Evacuate Collection Set: 0.2ms
[1.323s][info][gc,phases      ] GC(4)   Other: 0.1ms
[1.323s][info][gc,heap        ] GC(4) Eden regions: 8->0(8)
[1.323s][info][gc,heap        ] GC(4) Survivor regions: 2->1(2)
[1.323s][info][gc,heap        ] GC(4) Old regions: 10->11
[1.323s][info][gc,heap        ] GC(4) Archive regions: 0->0
[1.323s][info][gc,heap        ] GC(4) Humongous regions: 0->0
[1.323s][info][gc,metaspace   ] GC(4) Metaspace: 7852K(8000K)->7852K(8000K) NonClass: 6924K(6976K)->6924K(6976K) Class: 927K(1024K)->927K(1024K)
[1.323s][info][gc             ] GC(4) Pause Young (Normal) (G1 Evacuation Pause) 14M->6M(24M) 4.275ms
[1.323s][info][gc,cpu         ] GC(4) User=0.00s Sys=0.00s Real=0.00s
[1.431s][info][gc,start       ] GC(5) Pause Young (Concurrent Start) (G1 Evacuation Pause)
[1.431s][info][gc,task        ] GC(5) Using 2 workers of 33 for evacuation
[1.439s][info][gc,phases      ] GC(5)   Pre Evacuate Collection Set: 0.1ms
[1.439s][info][gc,phases      ] GC(5)   Merge Heap Roots: 0.0ms
[1.439s][info][gc,phases      ] GC(5)   Evacuate Collection Set: 7.0ms
[1.439s][info][gc,phases      ] GC(5)   Post Evacuate Collection Set: 0.4ms
[1.439s][info][gc,phases      ] GC(5)   Other: 0.1ms
[1.439s][info][gc,heap        ] GC(5) Eden regions: 8->0(7)
[1.439s][info][gc,heap        ] GC(5) Survivor regions: 1->2(2)
[1.439s][info][gc,heap        ] GC(5) Old regions: 11->11
[1.439s][info][gc,heap        ] GC(5) Archive regions: 0->0
[1.439s][info][gc,heap        ] GC(5) Humongous regions: 0->0
[1.439s][info][gc,metaspace   ] GC(5) Metaspace: 8720K(8896K)->8720K(8896K) NonClass: 7718K(7808K)->7718K(7808K) Class: 1001K(1088K)->1001K(1088K)
[1.439s][info][gc             ] GC(5) Pause Young (Concurrent Start) (G1 Evacuation Pause) 14M->8M(24M) 8.076ms
[1.439s][info][gc,cpu         ] GC(5) User=0.00s Sys=0.00s Real=0.00s
[1.439s][info][gc             ] GC(6) Concurrent Mark Cycle
[1.439s][info][gc,marking     ] GC(6) Concurrent Scan Root Regions
[1.442s][info][gc,marking     ] GC(6) Concurrent Scan Root Regions 2.469ms
[1.442s][info][gc,marking     ] GC(6) Concurrent Mark
[1.442s][info][gc,marking     ] GC(6) Concurrent Mark From Roots
[1.442s][info][gc,task        ] GC(6) Using 8 workers of 8 for marking
[1.448s][info][gc,marking     ] GC(6) Concurrent Mark From Roots 6.476ms
[1.448s][info][gc,marking     ] GC(6) Concurrent Preclean
[1.449s][info][gc,marking     ] GC(6) Concurrent Preclean 0.072ms
[1.449s][info][gc,start       ] GC(6) Pause Remark
[1.452s][info][gc             ] GC(6) Pause Remark 8M->8M(24M) 2.845ms
[1.452s][info][gc,cpu         ] GC(6) User=0.00s Sys=0.00s Real=0.00s
[1.452s][info][gc,marking     ] GC(6) Concurrent Mark 9.745ms
[1.452s][info][gc,marking     ] GC(6) Concurrent Rebuild Remembered Sets and Scrub Regions
[1.456s][info][gc,marking     ] GC(6) Concurrent Rebuild Remembered Sets and Scrub Regions 3.936ms
[1.456s][info][gc,start       ] GC(6) Pause Cleanup
[1.456s][info][gc             ] GC(6) Pause Cleanup 8M->8M(24M) 0.130ms
[1.456s][info][gc,cpu         ] GC(6) User=0.00s Sys=0.00s Real=0.00s
[1.456s][info][gc,marking     ] GC(6) Concurrent Clear Claimed Marks
[1.456s][info][gc,marking     ] GC(6) Concurrent Clear Claimed Marks 0.040ms
[1.456s][info][gc,marking     ] GC(6) Concurrent Cleanup for Next Mark
[1.456s][info][gc,marking     ] GC(6) Concurrent Cleanup for Next Mark 0.122ms
[1.456s][info][gc             ] GC(6) Concurrent Mark Cycle 17.086ms
[1.563s][info][gc,start       ] GC(7) Pause Young (Prepare Mixed) (G1 Evacuation Pause)
[1.563s][info][gc,task        ] GC(7) Using 2 workers of 33 for evacuation
[1.580s][info][gc,phases      ] GC(7)   Pre Evacuate Collection Set: 0.0ms
[1.580s][info][gc,phases      ] GC(7)   Merge Heap Roots: 0.0ms
[1.580s][info][gc,phases      ] GC(7)   Evacuate Collection Set: 13.2ms
[1.580s][info][gc,phases      ] GC(7)   Post Evacuate Collection Set: 3.4ms
[1.580s][info][gc,phases      ] GC(7)   Other: 0.1ms
[1.580s][info][gc,heap        ] GC(7) Eden regions: 7->0(153)
[1.580s][info][gc,heap        ] GC(7) Survivor regions: 2->2(2)
[1.580s][info][gc,heap        ] GC(7) Old regions: 11->13
[1.580s][info][gc,heap        ] GC(7) Archive regions: 0->0
[1.580s][info][gc,heap        ] GC(7) Humongous regions: 0->0
[1.580s][info][gc,metaspace   ] GC(7) Metaspace: 9228K(9472K)->9228K(9472K) NonClass: 8207K(8320K)->8207K(8320K) Class: 1021K(1152K)->1021K(1152K)
[1.580s][info][gc             ] GC(7) Pause Young (Prepare Mixed) (G1 Evacuation Pause) 15M->10M(268M) 17.292ms
[1.580s][info][gc,cpu         ] GC(7) User=0.03s Sys=0.00s Real=0.01s
[2.177s][info][gc,heap,exit   ] Heap
[2.177s][info][gc,heap,exit   ]  garbage-first heap   total 274432K, used 84318K [0x00000000e0000000, 0x0000000100000000)
[2.177s][info][gc,heap,exit   ]   region size 1024K, 74 young (75776K), 2 survivors (2048K)
[2.177s][info][gc,heap,exit   ]  Metaspace       used 10726K, committed 10944K, reserved 1114112K
[2.178s][info][gc,heap,exit   ]   class space    used 1124K, committed 1216K, reserved 1048576K
