[0.017s][info][gc,init] CardTable entry size: 512
[0.017s][info][gc     ] Using Parallel
[0.031s][info][gc,init] Version: 20+36-2344 (release)
[0.031s][info][gc,init] CPUs: 48 total, 48 available
[0.031s][info][gc,init] Memory: 382G
[0.031s][info][gc,init] Large Page Support: Disabled
[0.031s][info][gc,init] NUMA Support: Disabled
[0.031s][info][gc,init] Compressed Oops: Enabled (Zero based)
[0.031s][info][gc,init] Alignments: Space 512K, Generation 512K, Heap 2M
[0.031s][info][gc,init] Heap Min Capacity: 8M
[0.031s][info][gc,init] Heap Initial Capacity: 2G
[0.031s][info][gc,init] Heap Max Capacity: 4G
[0.039s][info][gc,init] Pre-touch: Disabled
[0.039s][info][gc,init] Parallel Workers: 33
[0.040s][info][gc,metaspace] CDS archive(s) mapped at: [0x0000000800000000-0x0000000800c60000-0x0000000800c60000), size 12976128, SharedBaseAddress: 0x0000000800000000, ArchiveRelocationMode: 0.
[0.040s][info][gc,metaspace] Compressed class space mapped at: 0x0000000801000000-0x0000000841000000, reserved size: 1073741824
[0.040s][info][gc,metaspace] Narrow klass base: 0x0000000800000000, Narrow klass shift: 0, Narrow klass range: 0x100000000
[0.654s][info][gc,start    ] GC(0) Pause Young (System.gc())
[0.660s][info][gc,heap     ] GC(0) PSYoungGen: 83968K(611840K)->3255K(611840K) Eden: 83968K(524800K)->0K(524800K) From: 0K(87040K)->3255K(87040K)
[0.660s][info][gc,heap     ] GC(0) ParOldGen: 0K(1398272K)->8K(1398272K)
[0.660s][info][gc,metaspace] GC(0) Metaspace: 1053K(1216K)->1053K(1216K) NonClass: 976K(1088K)->976K(1088K) Class: 76K(128K)->76K(128K)
[0.660s][info][gc          ] GC(0) Pause Young (System.gc()) 82M->3M(1963M) 6.340ms
[0.660s][info][gc,cpu      ] GC(0) User=0.00s Sys=0.00s Real=0.00s
[0.661s][info][gc,start    ] GC(1) Pause Full (System.gc())
[0.661s][info][gc,phases,start] GC(1) Marking Phase
[0.665s][info][gc,phases      ] GC(1) Marking Phase 4.005ms
[0.665s][info][gc,phases,start] GC(1) Summary Phase
[0.665s][info][gc,phases      ] GC(1) Summary Phase 0.030ms
[0.665s][info][gc,phases,start] GC(1) Adjust Roots
[0.666s][info][gc,phases      ] GC(1) Adjust Roots 0.832ms
[0.666s][info][gc,phases,start] GC(1) Compaction Phase
[0.673s][info][gc,phases      ] GC(1) Compaction Phase 6.954ms
[0.673s][info][gc,phases,start] GC(1) Post Compact
[0.673s][info][gc,phases      ] GC(1) Post Compact 0.570ms
[0.673s][info][gc,heap        ] GC(1) PSYoungGen: 3255K(611840K)->0K(611840K) Eden: 0K(524800K)->0K(524800K) From: 3255K(87040K)->0K(87040K)
[0.673s][info][gc,heap        ] GC(1) ParOldGen: 8K(1398272K)->2671K(1398272K)
[0.673s][info][gc,metaspace   ] GC(1) Metaspace: 1053K(1216K)->1053K(1216K) NonClass: 976K(1088K)->976K(1088K) Class: 76K(128K)->76K(128K)
[0.673s][info][gc             ] GC(1) Pause Full (System.gc()) 3M->2M(1963M) 12.701ms
[0.673s][info][gc,cpu         ] GC(1) User=0.52s Sys=0.00s Real=0.02s
[2.099s][info][gc,heap,exit   ] Heap
[2.099s][info][gc,heap,exit   ]  PSYoungGen      total 611840K, used 201525K [0x00000007aab00000, 0x00000007d5580000, 0x0000000800000000)
[2.099s][info][gc,heap,exit   ]   eden space 524800K, 38% used [0x00000007aab00000,0x00000007b6fcd528,0x00000007cab80000)
[2.099s][info][gc,heap,exit   ]   from space 87040K, 0% used [0x00000007cab80000,0x00000007cab80000,0x00000007d0080000)
[2.099s][info][gc,heap,exit   ]   to   space 87040K, 0% used [0x00000007d0080000,0x00000007d0080000,0x00000007d5580000)
[2.099s][info][gc,heap,exit   ]  ParOldGen       total 1398272K, used 2671K [0x0000000700000000, 0x0000000755580000, 0x00000007aab00000)
[2.099s][info][gc,heap,exit   ]   object space 1398272K, 0% used [0x0000000700000000,0x000000070029bef0,0x0000000755580000)
[2.099s][info][gc,heap,exit   ]  Metaspace       used 10760K, committed 11008K, reserved 1114112K
[2.099s][info][gc,heap,exit   ]   class space    used 1127K, committed 1216K, reserved 1048576K
