[0.010s][info][gc,init] CardTable entry size: 512
[0.010s][info][gc     ] Using Parallel
[0.014s][info][gc,init] Version: 20+36-2344 (release)
[0.014s][info][gc,init] CPUs: 48 total, 48 available
[0.014s][info][gc,init] Memory: 382G
[0.014s][info][gc,init] Large Page Support: Disabled
[0.014s][info][gc,init] NUMA Support: Disabled
[0.014s][info][gc,init] Compressed Oops: Enabled (32-bit)
[0.014s][info][gc,init] Alignments: Space 512K, Generation 512K, Heap 2M
[0.014s][info][gc,init] Heap Min Capacity: 8M
[0.014s][info][gc,init] Heap Initial Capacity: 1G
[0.014s][info][gc,init] Heap Max Capacity: 1G
[0.025s][info][gc,init] Pre-touch: Disabled
[0.025s][info][gc,init] Parallel Workers: 33
[0.026s][info][gc,metaspace] CDS archive(s) mapped at: [0x0000000800000000-0x0000000800c60000-0x0000000800c60000), size 12976128, SharedBaseAddress: 0x0000000800000000, ArchiveRelocationMode: 0.
[0.026s][info][gc,metaspace] Compressed class space mapped at: 0x0000000801000000-0x0000000841000000, reserved size: 1073741824
[0.026s][info][gc,metaspace] Narrow klass base: 0x0000000800000000, Narrow klass shift: 0, Narrow klass range: 0x100000000
[0.651s][info][gc,start    ] GC(0) Pause Young (System.gc())
[0.654s][info][gc,heap     ] GC(0) PSYoungGen: 36700K(305664K)->2996K(305664K) Eden: 36700K(262144K)->0K(262144K) From: 0K(43520K)->2996K(43520K)
[0.654s][info][gc,heap     ] GC(0) ParOldGen: 0K(699392K)->8K(699392K)
[0.655s][info][gc,metaspace] GC(0) Metaspace: 1040K(1152K)->1040K(1152K) NonClass: 964K(1024K)->964K(1024K) Class: 76K(128K)->76K(128K)
[0.655s][info][gc          ] GC(0) Pause Young (System.gc()) 35M->2M(981M) 4.029ms
[0.655s][info][gc,cpu      ] GC(0) User=0.00s Sys=0.00s Real=0.00s
[0.655s][info][gc,start    ] GC(1) Pause Full (System.gc())
[0.655s][info][gc,phases,start] GC(1) Marking Phase
[0.658s][info][gc,phases      ] GC(1) Marking Phase 3.287ms
[0.658s][info][gc,phases,start] GC(1) Summary Phase
[0.658s][info][gc,phases      ] GC(1) Summary Phase 0.030ms
[0.658s][info][gc,phases,start] GC(1) Adjust Roots
[0.659s][info][gc,phases      ] GC(1) Adjust Roots 0.718ms
[0.659s][info][gc,phases,start] GC(1) Compaction Phase
[0.665s][info][gc,phases      ] GC(1) Compaction Phase 6.204ms
[0.665s][info][gc,phases,start] GC(1) Post Compact
[0.666s][info][gc,phases      ] GC(1) Post Compact 0.363ms
[0.666s][info][gc,heap        ] GC(1) PSYoungGen: 2996K(305664K)->0K(305664K) Eden: 0K(262144K)->0K(262144K) From: 2996K(43520K)->0K(43520K)
[0.666s][info][gc,heap        ] GC(1) ParOldGen: 8K(699392K)->2671K(699392K)
[0.666s][info][gc,metaspace   ] GC(1) Metaspace: 1040K(1152K)->1040K(1152K) NonClass: 964K(1024K)->964K(1024K) Class: 76K(128K)->76K(128K)
[0.666s][info][gc             ] GC(1) Pause Full (System.gc()) 2M->2M(981M) 10.977ms
[0.666s][info][gc,cpu         ] GC(1) User=0.03s Sys=0.00s Real=0.02s
[2.128s][info][gc,heap,exit   ] Heap
[2.128s][info][gc,heap,exit   ]  PSYoungGen      total 305664K, used 150735K [0x00000000eab00000, 0x0000000100000000, 0x0000000100000000)
[2.128s][info][gc,heap,exit   ]   eden space 262144K, 57% used [0x00000000eab00000,0x00000000f3e33c18,0x00000000fab00000)
[2.128s][info][gc,heap,exit   ]   from space 43520K, 0% used [0x00000000fab00000,0x00000000fab00000,0x00000000fd580000)
[2.128s][info][gc,heap,exit   ]   to   space 43520K, 0% used [0x00000000fd580000,0x00000000fd580000,0x0000000100000000)
[2.129s][info][gc,heap,exit   ]  ParOldGen       total 699392K, used 2671K [0x00000000c0000000, 0x00000000eab00000, 0x00000000eab00000)
[2.129s][info][gc,heap,exit   ]   object space 699392K, 0% used [0x00000000c0000000,0x00000000c029bdb8,0x00000000eab00000)
[2.129s][info][gc,heap,exit   ]  Metaspace       used 10744K, committed 11008K, reserved 1114112K
[2.129s][info][gc,heap,exit   ]   class space    used 1124K, committed 1216K, reserved 1048576K
