[0.017s][info][gc,init] CardTable entry size: 512
[0.017s][info][gc     ] Using Parallel
[0.021s][info][gc,init] Version: 20+36-2344 (release)
[0.021s][info][gc,init] CPUs: 48 total, 48 available
[0.021s][info][gc,init] Memory: 382G
[0.021s][info][gc,init] Large Page Support: Disabled
[0.021s][info][gc,init] NUMA Support: Disabled
[0.021s][info][gc,init] Compressed Oops: Enabled (32-bit)
[0.021s][info][gc,init] Alignments: Space 512K, Generation 512K, Heap 2M
[0.021s][info][gc,init] Heap Min Capacity: 8M
[0.021s][info][gc,init] Heap Initial Capacity: 512M
[0.021s][info][gc,init] Heap Max Capacity: 512M
[0.037s][info][gc,init] Pre-touch: Disabled
[0.037s][info][gc,init] Parallel Workers: 33
[0.039s][info][gc,metaspace] CDS archive(s) mapped at: [0x0000000800000000-0x0000000800c60000-0x0000000800c60000), size 12976128, SharedBaseAddress: 0x0000000800000000, ArchiveRelocationMode: 0.
[0.039s][info][gc,metaspace] Compressed class space mapped at: 0x0000000801000000-0x0000000841000000, reserved size: 1073741824
[0.039s][info][gc,metaspace] Narrow klass base: 0x0000000800000000, Narrow klass shift: 0, Narrow klass range: 0x100000000
[0.690s][info][gc,start    ] GC(0) Pause Young (System.gc())
[0.693s][info][gc,heap     ] GC(0) PSYoungGen: 26457K(153088K)->2885K(153088K) Eden: 26457K(131584K)->0K(131584K) From: 0K(21504K)->2885K(21504K)
[0.694s][info][gc,heap     ] GC(0) ParOldGen: 0K(349696K)->8K(349696K)
[0.694s][info][gc,metaspace] GC(0) Metaspace: 1051K(1216K)->1051K(1216K) NonClass: 975K(1088K)->975K(1088K) Class: 76K(128K)->76K(128K)
[0.694s][info][gc          ] GC(0) Pause Young (System.gc()) 25M->2M(491M) 4.093ms
[0.694s][info][gc,cpu      ] GC(0) User=0.00s Sys=0.00s Real=0.00s
[0.694s][info][gc,start    ] GC(1) Pause Full (System.gc())
[0.694s][info][gc,phases,start] GC(1) Marking Phase
[0.697s][info][gc,phases      ] GC(1) Marking Phase 2.637ms
[0.697s][info][gc,phases,start] GC(1) Summary Phase
[0.697s][info][gc,phases      ] GC(1) Summary Phase 0.030ms
[0.697s][info][gc,phases,start] GC(1) Adjust Roots
[0.697s][info][gc,phases      ] GC(1) Adjust Roots 0.843ms
[0.697s][info][gc,phases,start] GC(1) Compaction Phase
[0.700s][info][gc,phases      ] GC(1) Compaction Phase 2.990ms
[0.701s][info][gc,phases,start] GC(1) Post Compact
[0.701s][info][gc,phases      ] GC(1) Post Compact 0.212ms
[0.701s][info][gc,heap        ] GC(1) PSYoungGen: 2885K(153088K)->0K(153088K) Eden: 0K(131584K)->0K(131584K) From: 2885K(21504K)->0K(21504K)
[0.701s][info][gc,heap        ] GC(1) ParOldGen: 8K(349696K)->2671K(349696K)
[0.701s][info][gc,metaspace   ] GC(1) Metaspace: 1051K(1216K)->1051K(1216K) NonClass: 975K(1088K)->975K(1088K) Class: 76K(128K)->76K(128K)
[0.701s][info][gc             ] GC(1) Pause Full (System.gc()) 2M->2M(491M) 7.038ms
[0.701s][info][gc,cpu         ] GC(1) User=0.00s Sys=0.00s Real=0.01s
[2.195s][info][gc,start       ] GC(2) Pause Young (Allocation Failure)
[2.204s][info][gc,heap        ] GC(2) PSYoungGen: 131584K(153088K)->21473K(153088K) Eden: 131584K(131584K)->0K(131584K) From: 0K(21504K)->21473K(21504K)
[2.204s][info][gc,heap        ] GC(2) ParOldGen: 2671K(349696K)->3729K(349696K)
[2.204s][info][gc,metaspace   ] GC(2) Metaspace: 10290K(10496K)->10290K(10496K) NonClass: 9217K(9344K)->9217K(9344K) Class: 1073K(1152K)->1073K(1152K)
[2.204s][info][gc             ] GC(2) Pause Young (Allocation Failure) 131M->24M(491M) 8.940ms
[2.204s][info][gc,cpu         ] GC(2) User=0.25s Sys=0.02s Real=0.02s
[2.285s][info][gc,heap,exit   ] Heap
[2.285s][info][gc,heap,exit   ]  PSYoungGen      total 153088K, used 38279K [0x00000000f5580000, 0x0000000100000000, 0x0000000100000000)
[2.285s][info][gc,heap,exit   ]   eden space 131584K, 12% used [0x00000000f5580000,0x00000000f65e9628,0x00000000fd600000)
[2.285s][info][gc,heap,exit   ]   from space 21504K, 99% used [0x00000000feb00000,0x00000000ffff85e8,0x0000000100000000)
[2.285s][info][gc,heap,exit   ]   to   space 21504K, 0% used [0x00000000fd600000,0x00000000fd600000,0x00000000feb00000)
[2.286s][info][gc,heap,exit   ]  ParOldGen       total 349696K, used 3729K [0x00000000e0000000, 0x00000000f5580000, 0x00000000f5580000)
[2.286s][info][gc,heap,exit   ]   object space 349696K, 1% used [0x00000000e0000000,0x00000000e03a4548,0x00000000f5580000)
[2.286s][info][gc,heap,exit   ]  Metaspace       used 10760K, committed 11008K, reserved 1114112K
[2.286s][info][gc,heap,exit   ]   class space    used 1127K, committed 1216K, reserved 1048576K
