[0.017s][info][gc,init] CardTable entry size: 512
[0.017s][info][gc     ] Using Serial
[0.025s][info][gc,init] Version: 20+36-2344 (release)
[0.025s][info][gc,init] CPUs: 48 total, 48 available
[0.025s][info][gc,init] Memory: 382G
[0.025s][info][gc,init] Large Page Support: Disabled
[0.025s][info][gc,init] NUMA Support: Disabled
[0.025s][info][gc,init] Compressed Oops: Enabled (32-bit)
[0.025s][info][gc,init] Heap Min Capacity: 8M
[0.025s][info][gc,init] Heap Initial Capacity: 2G
[0.025s][info][gc,init] Heap Max Capacity: 2G
[0.025s][info][gc,init] Pre-touch: Disabled
[0.037s][info][gc,metaspace] CDS archive(s) mapped at: [0x0000000800000000-0x0000000800c60000-0x0000000800c60000), size 12976128, SharedBaseAddress: 0x0000000800000000, ArchiveRelocationMode: 0.
[0.037s][info][gc,metaspace] Compressed class space mapped at: 0x0000000801000000-0x0000000841000000, reserved size: 1073741824
[0.037s][info][gc,metaspace] Narrow klass base: 0x0000000800000000, Narrow klass shift: 0, Narrow klass range: 0x100000000
[0.638s][info][gc,start    ] GC(0) Pause Full (System.gc())
[0.638s][info][gc,phases,start] GC(0) Phase 1: Mark live objects
[0.642s][info][gc,phases      ] GC(0) Phase 1: Mark live objects 4.190ms
[0.643s][info][gc,phases,start] GC(0) Phase 2: Compute new object addresses
[0.644s][info][gc,phases      ] GC(0) Phase 2: Compute new object addresses 1.520ms
[0.644s][info][gc,phases,start] GC(0) Phase 3: Adjust pointers
[0.646s][info][gc,phases      ] GC(0) Phase 3: Adjust pointers 2.138ms
[0.646s][info][gc,phases,start] GC(0) Phase 4: Move objects
[0.650s][info][gc,phases      ] GC(0) Phase 4: Move objects 3.280ms
[0.650s][info][gc,heap        ] GC(0) DefNew: 100662K(629120K)->0K(629120K) Eden: 100662K(559232K)->0K(559232K) From: 0K(69888K)->0K(69888K)
[0.650s][info][gc,heap        ] GC(0) Tenured: 0K(1398144K)->2672K(1398144K)
[0.650s][info][gc,metaspace   ] GC(0) Metaspace: 1051K(1216K)->1051K(1216K) NonClass: 975K(1088K)->975K(1088K) Class: 76K(128K)->76K(128K)
[0.650s][info][gc             ] GC(0) Pause Full (System.gc()) 98M->2M(1979M) 11.897ms
[0.650s][info][gc,cpu         ] GC(0) User=0.02s Sys=0.00s Real=0.02s
[2.105s][info][gc,heap,exit   ] Heap
[2.105s][info][gc,heap,exit   ]  def new generation   total 629120K, used 203563K [0x0000000080000000, 0x00000000aaaa0000, 0x00000000aaaa0000)
[2.105s][info][gc,heap,exit   ]   eden space 559232K,  36% used [0x0000000080000000, 0x000000008c6cac00, 0x00000000a2220000)
[2.105s][info][gc,heap,exit   ]   from space 69888K,   0% used [0x00000000a2220000, 0x00000000a2220000, 0x00000000a6660000)
[2.105s][info][gc,heap,exit   ]   to   space 69888K,   0% used [0x00000000a6660000, 0x00000000a6660000, 0x00000000aaaa0000)
[2.105s][info][gc,heap,exit   ]  tenured generation   total 1398144K, used 2672K [0x00000000aaaa0000, 0x0000000100000000, 0x0000000100000000)
[2.105s][info][gc,heap,exit   ]    the space 1398144K,   0% used [0x00000000aaaa0000, 0x00000000aad3c030, 0x00000000aad3c200, 0x0000000100000000)
[2.105s][info][gc,heap,exit   ]  Metaspace       used 10743K, committed 11008K, reserved 1114112K
[2.105s][info][gc,heap,exit   ]   class space    used 1124K, committed 1216K, reserved 1048576K
