[0.016s][info][gc,init] CardTable entry size: 512
[0.016s][info][gc     ] Using Serial
[0.020s][info][gc,init] Version: 20+36-2344 (release)
[0.020s][info][gc,init] CPUs: 48 total, 48 available
[0.020s][info][gc,init] Memory: 382G
[0.021s][info][gc,init] Large Page Support: Disabled
[0.021s][info][gc,init] NUMA Support: Disabled
[0.021s][info][gc,init] Compressed Oops: Enabled (32-bit)
[0.021s][info][gc,init] Heap Min Capacity: 8M
[0.021s][info][gc,init] Heap Initial Capacity: 1G
[0.021s][info][gc,init] Heap Max Capacity: 1G
[0.021s][info][gc,init] Pre-touch: Disabled
[0.032s][info][gc,metaspace] CDS archive(s) mapped at: [0x0000000800000000-0x0000000800c60000-0x0000000800c60000), size 12976128, SharedBaseAddress: 0x0000000800000000, ArchiveRelocationMode: 0.
[0.032s][info][gc,metaspace] Compressed class space mapped at: 0x0000000801000000-0x0000000841000000, reserved size: 1073741824
[0.032s][info][gc,metaspace] Narrow klass base: 0x0000000800000000, Narrow klass shift: 0, Narrow klass range: 0x100000000
[0.635s][info][gc,start    ] GC(0) Pause Full (System.gc())
[0.635s][info][gc,phases,start] GC(0) Phase 1: Mark live objects
[0.639s][info][gc,phases      ] GC(0) Phase 1: Mark live objects 4.162ms
[0.639s][info][gc,phases,start] GC(0) Phase 2: Compute new object addresses
[0.641s][info][gc,phases      ] GC(0) Phase 2: Compute new object addresses 1.520ms
[0.641s][info][gc,phases,start] GC(0) Phase 3: Adjust pointers
[0.643s][info][gc,phases      ] GC(0) Phase 3: Adjust pointers 2.128ms
[0.643s][info][gc,phases,start] GC(0) Phase 4: Move objects
[0.646s][info][gc,phases      ] GC(0) Phase 4: Move objects 3.442ms
[0.647s][info][gc,heap        ] GC(0) DefNew: 50331K(314560K)->0K(314560K) Eden: 50331K(279616K)->0K(279616K) From: 0K(34944K)->0K(34944K)
[0.647s][info][gc,heap        ] GC(0) Tenured: 0K(699072K)->2672K(699072K)
[0.647s][info][gc,metaspace   ] GC(0) Metaspace: 1051K(1216K)->1051K(1216K) NonClass: 975K(1088K)->975K(1088K) Class: 76K(128K)->76K(128K)
[0.647s][info][gc             ] GC(0) Pause Full (System.gc()) 49M->2M(989M) 12.026ms
[0.647s][info][gc,cpu         ] GC(0) User=0.02s Sys=0.00s Real=0.01s
[2.239s][info][gc,heap,exit   ] Heap
[2.239s][info][gc,heap,exit   ]  def new generation   total 314560K, used 163313K [0x00000000c0000000, 0x00000000d5550000, 0x00000000d5550000)
[2.239s][info][gc,heap,exit   ]   eden space 279616K,  58% used [0x00000000c0000000, 0x00000000c9f7c510, 0x00000000d1110000)
[2.239s][info][gc,heap,exit   ]   from space 34944K,   0% used [0x00000000d1110000, 0x00000000d1110000, 0x00000000d3330000)
[2.239s][info][gc,heap,exit   ]   to   space 34944K,   0% used [0x00000000d3330000, 0x00000000d3330000, 0x00000000d5550000)
[2.239s][info][gc,heap,exit   ]  tenured generation   total 699072K, used 2672K [0x00000000d5550000, 0x0000000100000000, 0x0000000100000000)
[2.239s][info][gc,heap,exit   ]    the space 699072K,   0% used [0x00000000d5550000, 0x00000000d57ec030, 0x00000000d57ec200, 0x0000000100000000)
[2.239s][info][gc,heap,exit   ]  Metaspace       used 10751K, committed 11008K, reserved 1114112K
[2.239s][info][gc,heap,exit   ]   class space    used 1127K, committed 1216K, reserved 1048576K
