[0.017s][info][gc,init] CardTable entry size: 512
[0.017s][info][gc     ] Using Serial
[0.025s][info][gc,init] Version: 20+36-2344 (release)
[0.025s][info][gc,init] CPUs: 48 total, 48 available
[0.025s][info][gc,init] Memory: 382G
[0.025s][info][gc,init] Large Page Support: Disabled
[0.025s][info][gc,init] NUMA Support: Disabled
[0.025s][info][gc,init] Compressed Oops: Enabled (Zero based)
[0.025s][info][gc,init] Heap Min Capacity: 8M
[0.025s][info][gc,init] Heap Initial Capacity: 2G
[0.025s][info][gc,init] Heap Max Capacity: 4G
[0.025s][info][gc,init] Pre-touch: Disabled
[0.036s][info][gc,metaspace] CDS archive(s) mapped at: [0x0000000800000000-0x0000000800c60000-0x0000000800c60000), size 12976128, SharedBaseAddress: 0x0000000800000000, ArchiveRelocationMode: 0.
[0.036s][info][gc,metaspace] Compressed class space mapped at: 0x0000000801000000-0x0000000841000000, reserved size: 1073741824
[0.036s][info][gc,metaspace] Narrow klass base: 0x0000000800000000, Narrow klass shift: 0, Narrow klass range: 0x100000000
[0.667s][info][gc,start    ] GC(0) Pause Full (System.gc())
[0.667s][info][gc,phases,start] GC(0) Phase 1: Mark live objects
[0.670s][info][gc,phases      ] GC(0) Phase 1: Mark live objects 2.890ms
[0.670s][info][gc,phases,start] GC(0) Phase 2: Compute new object addresses
[0.671s][info][gc,phases      ] GC(0) Phase 2: Compute new object addresses 1.011ms
[0.671s][info][gc,phases,start] GC(0) Phase 3: Adjust pointers
[0.673s][info][gc,phases      ] GC(0) Phase 3: Adjust pointers 1.374ms
[0.673s][info][gc,phases,start] GC(0) Phase 4: Move objects
[0.675s][info][gc,phases      ] GC(0) Phase 4: Move objects 2.540ms
[0.676s][info][gc,heap        ] GC(0) DefNew: 89477K(629120K)->0K(629248K) Eden: 89477K(559232K)->0K(559360K) From: 0K(69888K)->0K(69888K)
[0.676s][info][gc,heap        ] GC(0) Tenured: 0K(1398144K)->2671K(1398144K)
[0.676s][info][gc,metaspace   ] GC(0) Metaspace: 1053K(1216K)->1053K(1216K) NonClass: 977K(1088K)->977K(1088K) Class: 76K(128K)->76K(128K)
[0.676s][info][gc             ] GC(0) Pause Full (System.gc()) 87M->2M(1979M) 8.344ms
[0.676s][info][gc,cpu         ] GC(0) User=0.00s Sys=0.00s Real=0.00s
[2.077s][info][gc,heap,exit   ] Heap
[2.077s][info][gc,heap,exit   ]  def new generation   total 629248K, used 203625K [0x0000000700000000, 0x000000072aac0000, 0x0000000755550000)
[2.077s][info][gc,heap,exit   ]   eden space 559360K,  36% used [0x0000000700000000, 0x000000070c6da5e0, 0x0000000722240000)
[2.077s][info][gc,heap,exit   ]   from space 69888K,   0% used [0x0000000722240000, 0x0000000722240000, 0x0000000726680000)
[2.077s][info][gc,heap,exit   ]   to   space 69888K,   0% used [0x0000000726680000, 0x0000000726680000, 0x000000072aac0000)
[2.077s][info][gc,heap,exit   ]  tenured generation   total 1398144K, used 2671K [0x0000000755550000, 0x00000007aaab0000, 0x0000000800000000)
[2.077s][info][gc,heap,exit   ]    the space 1398144K,   0% used [0x0000000755550000, 0x00000007557ebdc0, 0x00000007557ebe00, 0x00000007aaab0000)
[2.077s][info][gc,heap,exit   ]  Metaspace       used 10757K, committed 11008K, reserved 1114112K
[2.077s][info][gc,heap,exit   ]   class space    used 1127K, committed 1216K, reserved 1048576K
