[0.017s][info][gc,init] Initializing The Z Garbage Collector
[0.017s][info][gc,init] Version: 20+36-2344 (release)
[0.017s][info][gc,init] NUMA Support: Disabled
[0.017s][info][gc,init] CPUs: 48 total, 48 available
[0.017s][info][gc,init] Memory: 391843M
[0.017s][info][gc,init] Large Page Support: Disabled
[0.017s][info][gc,init] GC Workers: 12 (dynamic)
[0.019s][info][gc,init] Address Space Type: Contiguous/Unrestricted/Complete
[0.019s][info][gc,init] Address Space Size: 65536M x 3 = 196608M
[0.019s][info][gc,init] Min Capacity: 8M
[0.019s][info][gc,init] Initial Capacity: 2048M
[0.028s][info][gc,init] Max Capacity: 4096M
[0.028s][info][gc,init] Medium Page Size: 32M
[0.028s][info][gc,init] Pre-touch: Disabled
[0.028s][info][gc,init] Uncommit: Enabled
[0.028s][info][gc,init] Uncommit Delay: 300s
[0.104s][info][gc,init] Runtime Workers: 29
[0.106s][info][gc     ] Using The Z Garbage Collector
[0.107s][info][gc,metaspace] CDS archive(s) mapped at: [0x0000000800000000-0x0000000800c60000-0x0000000800c60000), size 12976128, SharedBaseAddress: 0x0000000800000000, ArchiveRelocationMode: 0.
[0.107s][info][gc,metaspace] Compressed class space mapped at: 0x0000000801000000-0x0000000841000000, reserved size: 1073741824
[0.107s][info][gc,metaspace] Narrow klass base: 0x0000000800000000, Narrow klass shift: 0, Narrow klass range: 0x100000000
[0.680s][info][gc,start    ] GC(0) Garbage Collection (System.gc())
[0.680s][info][gc,task     ] GC(0) Using 12 workers
[0.680s][info][gc,phases   ] GC(0) Pause Mark Start 0.016ms
[0.688s][info][gc,phases   ] GC(0) Concurrent Mark 7.114ms
[0.688s][info][gc,phases   ] GC(0) Pause Mark End 0.024ms
[0.688s][info][gc,phases   ] GC(0) Concurrent Mark Free 0.001ms
[0.688s][info][gc,phases   ] GC(0) Concurrent Process Non-Strong References 0.449ms
[0.688s][info][gc,phases   ] GC(0) Concurrent Reset Relocation Set 0.001ms
[0.703s][info][gc,phases   ] GC(0) Concurrent Select Relocation Set 14.848ms
[0.703s][info][gc,phases   ] GC(0) Pause Relocate Start 0.006ms
[0.707s][info][gc,phases   ] GC(0) Concurrent Relocate 3.624ms
[0.707s][info][gc,load     ] GC(0) Load: 0.00/0.00/0.00
[0.707s][info][gc,mmu      ] GC(0) MMU: 2ms/98.8%, 5ms/99.5%, 10ms/99.6%, 20ms/99.8%, 50ms/99.9%, 100ms/100.0%
[0.707s][info][gc,marking  ] GC(0) Mark: 8 stripe(s), 1 proactive flush(es), 1 terminate flush(es), 0 completion(s), 0 continuation(s) 
[0.707s][info][gc,marking  ] GC(0) Mark Stack Usage: 32M
[0.707s][info][gc,nmethod  ] GC(0) NMethods: 390 registered, 46 unregistered
[0.707s][info][gc,metaspace] GC(0) Metaspace: 1M used, 1M committed, 1088M reserved
[0.707s][info][gc,ref      ] GC(0) Soft: 48 encountered, 0 discovered, 0 enqueued
[0.707s][info][gc,ref      ] GC(0) Weak: 138 encountered, 65 discovered, 61 enqueued
[0.707s][info][gc,ref      ] GC(0) Final: 2 encountered, 0 discovered, 0 enqueued
[0.707s][info][gc,ref      ] GC(0) Phantom: 178 encountered, 119 discovered, 50 enqueued
[0.707s][info][gc,reloc    ] GC(0) Small Pages: 10 / 20M, Empty: 0M, Relocated: 1M, In-Place: 0
[0.707s][info][gc,reloc    ] GC(0) Medium Pages: 1 / 32M, Empty: 0M, Relocated: 0M, In-Place: 0
[0.707s][info][gc,reloc    ] GC(0) Large Pages: 0 / 0M, Empty: 0M, Relocated: 0M, In-Place: 0
[0.707s][info][gc,reloc    ] GC(0) Forwarding Usage: 0M
[0.707s][info][gc,heap     ] GC(0) Min Capacity: 8M(0%)
[0.707s][info][gc,heap     ] GC(0) Max Capacity: 4096M(100%)
[0.707s][info][gc,heap     ] GC(0) Soft Max Capacity: 4096M(100%)
[0.707s][info][gc,heap     ] GC(0)                Mark Start          Mark End        Relocate Start      Relocate End           High               Low         
[0.707s][info][gc,heap     ] GC(0)  Capacity:     2048M (50%)        2048M (50%)        2048M (50%)        2048M (50%)        2048M (50%)        2048M (50%)    
[0.707s][info][gc,heap     ] GC(0)      Free:     4044M (99%)        4044M (99%)        4042M (99%)        4042M (99%)        4044M (99%)        4030M (98%)    
[0.707s][info][gc,heap     ] GC(0)      Used:       52M (1%)           52M (1%)           54M (1%)           54M (1%)           66M (2%)           52M (1%)     
[0.707s][info][gc,heap     ] GC(0)      Live:         -                 2M (0%)            2M (0%)            2M (0%)             -                  -          
[0.707s][info][gc,heap     ] GC(0) Allocated:         -                 0M (0%)            2M (0%)            2M (0%)             -                  -          
[0.708s][info][gc,heap     ] GC(0)   Garbage:         -                49M (1%)           49M (1%)           49M (1%)             -                  -          
[0.708s][info][gc,heap     ] GC(0) Reclaimed:         -                  -                 0M (0%)            0M (0%)             -                  -          
[0.708s][info][gc          ] GC(0) Garbage Collection (System.gc()) 52M(1%)->54M(1%)
[2.216s][info][gc,heap,exit] Heap
[2.216s][info][gc,heap,exit]  ZHeap           used 220M, capacity 2048M, max capacity 4096M
[2.216s][info][gc,heap,exit]  Metaspace       used 10738K, committed 11008K, reserved 1114112K
[2.216s][info][gc,heap,exit]   class space    used 1122K, committed 1216K, reserved 1048576K
