[0.016s][info][gc,init] Initializing The Z Garbage Collector
[0.016s][info][gc,init] Version: 20+36-2344 (release)
[0.016s][info][gc,init] NUMA Support: Disabled
[0.016s][info][gc,init] CPUs: 48 total, 48 available
[0.016s][info][gc,init] Memory: 391843M
[0.016s][info][gc,init] Large Page Support: Disabled
[0.017s][info][gc,init] GC Workers: 12 (dynamic)
[0.018s][info][gc,init] Address Space Type: Contiguous/Unrestricted/Complete
[0.018s][info][gc,init] Address Space Size: 32768M x 3 = 98304M
[0.018s][info][gc,init] Min Capacity: 8M
[0.018s][info][gc,init] Initial Capacity: 2048M
[0.028s][info][gc,init] Max Capacity: 2048M
[0.028s][info][gc,init] Medium Page Size: 32M
[0.028s][info][gc,init] Pre-touch: Disabled
[0.028s][info][gc,init] Uncommit: Enabled
[0.028s][info][gc,init] Uncommit Delay: 300s
[0.103s][info][gc,init] Runtime Workers: 20
[0.105s][info][gc     ] Using The Z Garbage Collector
[0.106s][info][gc,metaspace] CDS archive(s) mapped at: [0x0000000800000000-0x0000000800c60000-0x0000000800c60000), size 12976128, SharedBaseAddress: 0x0000000800000000, ArchiveRelocationMode: 0.
[0.106s][info][gc,metaspace] Compressed class space mapped at: 0x0000000801000000-0x0000000841000000, reserved size: 1073741824
[0.106s][info][gc,metaspace] Narrow klass base: 0x0000000800000000, Narrow klass shift: 0, Narrow klass range: 0x100000000
[0.767s][info][gc,start    ] GC(0) Garbage Collection (System.gc())
[0.767s][info][gc,task     ] GC(0) Using 12 workers
[0.767s][info][gc,phases   ] GC(0) Pause Mark Start 0.017ms
[0.777s][info][gc,phases   ] GC(0) Concurrent Mark 8.914ms
[0.777s][info][gc,phases   ] GC(0) Pause Mark End 0.028ms
[0.777s][info][gc,phases   ] GC(0) Concurrent Mark Free 0.001ms
[0.777s][info][gc,phases   ] GC(0) Concurrent Process Non-Strong References 0.460ms
[0.777s][info][gc,phases   ] GC(0) Concurrent Reset Relocation Set 0.001ms
[0.792s][info][gc,phases   ] GC(0) Concurrent Select Relocation Set 15.099ms
[0.793s][info][gc,phases   ] GC(0) Pause Relocate Start 0.009ms
[0.794s][info][gc,phases   ] GC(0) Concurrent Relocate 1.738ms
[0.794s][info][gc,load     ] GC(0) Load: 0.00/0.00/0.00
[0.795s][info][gc,mmu      ] GC(0) MMU: 2ms/98.6%, 5ms/99.4%, 10ms/99.6%, 20ms/99.8%, 50ms/99.9%, 100ms/99.9%
[0.795s][info][gc,marking  ] GC(0) Mark: 8 stripe(s), 2 proactive flush(es), 1 terminate flush(es), 0 completion(s), 0 continuation(s) 
[0.795s][info][gc,marking  ] GC(0) Mark Stack Usage: 32M
[0.795s][info][gc,nmethod  ] GC(0) NMethods: 389 registered, 45 unregistered
[0.795s][info][gc,metaspace] GC(0) Metaspace: 1M used, 1M committed, 1088M reserved
[0.795s][info][gc,ref      ] GC(0) Soft: 48 encountered, 0 discovered, 0 enqueued
[0.795s][info][gc,ref      ] GC(0) Weak: 138 encountered, 62 discovered, 61 enqueued
[0.795s][info][gc,ref      ] GC(0) Final: 2 encountered, 2 discovered, 0 enqueued
[0.795s][info][gc,ref      ] GC(0) Phantom: 178 encountered, 120 discovered, 32 enqueued
[0.795s][info][gc,reloc    ] GC(0) Small Pages: 4 / 8M, Empty: 0M, Relocated: 1M, In-Place: 0
[0.795s][info][gc,reloc    ] GC(0) Medium Pages: 1 / 32M, Empty: 0M, Relocated: 0M, In-Place: 0
[0.795s][info][gc,reloc    ] GC(0) Large Pages: 0 / 0M, Empty: 0M, Relocated: 0M, In-Place: 0
[0.795s][info][gc,reloc    ] GC(0) Forwarding Usage: 0M
[0.795s][info][gc,heap     ] GC(0) Min Capacity: 8M(0%)
[0.795s][info][gc,heap     ] GC(0) Max Capacity: 2048M(100%)
[0.795s][info][gc,heap     ] GC(0) Soft Max Capacity: 2048M(100%)
[0.795s][info][gc,heap     ] GC(0)                Mark Start          Mark End        Relocate Start      Relocate End           High               Low         
[0.795s][info][gc,heap     ] GC(0)  Capacity:     2048M (100%)       2048M (100%)       2048M (100%)       2048M (100%)       2048M (100%)       2048M (100%)   
[0.795s][info][gc,heap     ] GC(0)      Free:     2008M (98%)        2008M (98%)        2006M (98%)        2006M (98%)        2008M (98%)        2000M (98%)    
[0.795s][info][gc,heap     ] GC(0)      Used:       40M (2%)           40M (2%)           42M (2%)           42M (2%)           48M (2%)           40M (2%)     
[0.795s][info][gc,heap     ] GC(0)      Live:         -                 2M (0%)            2M (0%)            2M (0%)             -                  -          
[0.795s][info][gc,heap     ] GC(0) Allocated:         -                 0M (0%)            2M (0%)            2M (0%)             -                  -          
[0.795s][info][gc,heap     ] GC(0)   Garbage:         -                37M (2%)           37M (2%)           37M (2%)             -                  -          
[0.795s][info][gc,heap     ] GC(0) Reclaimed:         -                  -                 0M (0%)            0M (0%)             -                  -          
[0.795s][info][gc          ] GC(0) Garbage Collection (System.gc()) 40M(2%)->42M(2%)
[2.359s][info][gc,heap,exit] Heap
[2.359s][info][gc,heap,exit]  ZHeap           used 196M, capacity 2048M, max capacity 2048M
[2.359s][info][gc,heap,exit]  Metaspace       used 10755K, committed 11008K, reserved 1114112K
[2.359s][info][gc,heap,exit]   class space    used 1125K, committed 1216K, reserved 1048576K
