[0.015s][info][gc] Using Epsilon
[0.021s][info][gc,init] Version: 20+36-2344 (release)
[0.021s][info][gc,init] CPUs: 48 total, 48 available
[0.021s][info][gc,init] Memory: 382G
[0.021s][info][gc,init] Large Page Support: Disabled
[0.021s][info][gc,init] NUMA Support: Disabled
[0.021s][info][gc,init] Compressed Oops: Enabled (Zero based)
[0.021s][info][gc,init] Heap Min Capacity: 6656K
[0.021s][info][gc,init] Heap Initial Capacity: 2G
[0.021s][info][gc,init] Heap Max Capacity: 30718M
[0.021s][info][gc,init] Pre-touch: Disabled
[0.021s][warning][gc,init] Consider setting -Xms equal to -Xmx to avoid resizing hiccups
[0.042s][warning][gc,init] Consider enabling -XX:+AlwaysPreTouch to avoid memory commit hiccups
[0.042s][info   ][gc,init] TLAB Size Max: 4M
[0.042s][info   ][gc,init] TLAB Size Elasticity: 1.10x
[0.042s][info   ][gc,init] TLAB Size Decay Time: 1000ms
[0.043s][info   ][gc,metaspace] CDS archive(s) mapped at: [0x0000000800000000-0x0000000800c60000-0x0000000800c60000), size 12976128, SharedBaseAddress: 0x0000000800000000, ArchiveRelocationMode: 0.
[0.043s][info   ][gc,metaspace] Compressed class space mapped at: 0x0000000801000000-0x0000000841000000, reserved size: 1073741824
[0.043s][info   ][gc,metaspace] Narrow klass base: 0x0000000800000000, Narrow klass shift: 0, Narrow klass range: 0x100000000
[1.435s][info   ][gc          ] GC request for "System.gc()" is ignored
[4.820s][info   ][gc          ] Heap: 30718M reserved, 2048M (6.67%) committed, 1537M (5.01%) used
[4.820s][info   ][gc,metaspace] Metaspace: 1088M reserved, 16320K (1.46%) committed, 16123K (1.45%) used
[5.963s][info   ][gc          ] Heap: 30718M reserved, 3200M (10.42%) committed, 3074M (10.01%) used
[5.963s][info   ][gc,metaspace] Metaspace: 1088M reserved, 16320K (1.46%) committed, 16123K (1.45%) used
[13.814s][info   ][gc          ] Heap: 30718M reserved, 4736M (15.42%) committed, 4613M (15.02%) used
[13.814s][info   ][gc,metaspace] Metaspace: 1088M reserved, 17152K (1.54%) committed, 16810K (1.51%) used
[17.280s][info   ][gc          ] GC request for "System.gc()" is ignored
[19.216s][info   ][gc          ] Heap: 30718M reserved, 6272M (20.42%) committed, 6150M (20.02%) used
[19.216s][info   ][gc,metaspace] Metaspace: 1088M reserved, 17984K (1.61%) committed, 17340K (1.56%) used
[20.270s][info   ][gc          ] Heap: 30718M reserved, 7808M (25.42%) committed, 7688M (25.03%) used
[20.270s][info   ][gc,metaspace] Metaspace: 1088M reserved, 17984K (1.61%) committed, 17340K (1.56%) used
[21.762s][info   ][gc          ] Heap: 30718M reserved, 9344M (30.42%) committed, 9227M (30.04%) used
[21.763s][info   ][gc,metaspace] Metaspace: 1088M reserved, 17984K (1.61%) committed, 17340K (1.56%) used
[30.630s][info   ][gc          ] Heap: 30718M reserved, 10880M (35.42%) committed, 10764M (35.04%) used
[30.631s][info   ][gc,metaspace] Metaspace: 1088M reserved, 17984K (1.61%) committed, 17346K (1.56%) used
[32.384s][info   ][gc          ] GC request for "System.gc()" is ignored
[34.976s][info   ][gc          ] Heap: 30718M reserved, 12416M (40.42%) committed, 12303M (40.05%) used
[34.976s][info   ][gc,metaspace] Metaspace: 1088M reserved, 17984K (1.61%) committed, 17346K (1.56%) used
[36.082s][info   ][gc          ] Heap: 30718M reserved, 13952M (45.42%) committed, 13839M (45.05%) used
[36.082s][info   ][gc,metaspace] Metaspace: 1088M reserved, 17984K (1.61%) committed, 17346K (1.56%) used
[43.876s][info   ][gc          ] Heap: 30718M reserved, 15488M (50.42%) committed, 15379M (50.07%) used
[43.876s][info   ][gc,metaspace] Metaspace: 1088M reserved, 17984K (1.61%) committed, 17347K (1.56%) used
[47.363s][info   ][gc          ] GC request for "System.gc()" is ignored
[49.440s][info   ][gc          ] Heap: 30718M reserved, 17024M (55.42%) committed, 16915M (55.07%) used
[49.440s][info   ][gc,metaspace] Metaspace: 1088M reserved, 17984K (1.61%) committed, 17349K (1.56%) used
[50.494s][info   ][gc          ] Heap: 30718M reserved, 18560M (60.42%) committed, 18451M (60.07%) used
[50.494s][info   ][gc,metaspace] Metaspace: 1088M reserved, 17984K (1.61%) committed, 17349K (1.56%) used
[51.950s][info   ][gc          ] Heap: 30718M reserved, 20096M (65.42%) committed, 19991M (65.08%) used
[51.950s][info   ][gc,metaspace] Metaspace: 1088M reserved, 17984K (1.61%) committed, 17349K (1.56%) used
[60.911s][info   ][gc          ] Heap: 30718M reserved, 21632M (70.42%) committed, 21530M (70.09%) used
[60.911s][info   ][gc,metaspace] Metaspace: 1088M reserved, 17984K (1.61%) committed, 17351K (1.56%) used
[63.001s][info   ][gc          ] GC request for "System.gc()" is ignored
[65.458s][info   ][gc          ] Heap: 30718M reserved, 23168M (75.42%) committed, 23068M (75.10%) used
[65.458s][info   ][gc,metaspace] Metaspace: 1088M reserved, 17984K (1.61%) committed, 17353K (1.56%) used
[66.584s][info   ][gc          ] Heap: 30718M reserved, 24704M (80.42%) committed, 24604M (80.10%) used
[66.584s][info   ][gc,metaspace] Metaspace: 1088M reserved, 17984K (1.61%) committed, 17353K (1.56%) used
[74.519s][info   ][gc          ] Heap: 30718M reserved, 26240M (85.42%) committed, 26141M (85.10%) used
[74.519s][info   ][gc,metaspace] Metaspace: 1088M reserved, 17984K (1.61%) committed, 17355K (1.56%) used
[78.279s][info   ][gc          ] GC request for "System.gc()" is ignored
[80.236s][info   ][gc          ] Heap: 30718M reserved, 27776M (90.42%) committed, 27677M (90.10%) used
[80.236s][info   ][gc,metaspace] Metaspace: 1088M reserved, 17984K (1.61%) committed, 17356K (1.56%) used
[81.252s][info   ][gc          ] Heap: 30718M reserved, 29312M (95.42%) committed, 29216M (95.11%) used
[81.252s][info   ][gc,metaspace] Metaspace: 1088M reserved, 17984K (1.61%) committed, 17356K (1.56%) used
