[0.016s][info][gc,init] CardTable entry size: 512
[0.017s][info][gc     ] Using G1
[0.031s][info][gc,init] Version: 20+36-2344 (release)
[0.031s][info][gc,init] CPUs: 48 total, 48 available
[0.031s][info][gc,init] Memory: 382G
[0.031s][info][gc,init] Large Page Support: Disabled
[0.032s][info][gc,init] NUMA Support: Disabled
[0.032s][info][gc,init] Compressed Oops: Enabled (Zero based)
[0.032s][info][gc,init] Heap Region Size: 16M
[0.032s][info][gc,init] Heap Min Capacity: 16M
[0.032s][info][gc,init] Heap Initial Capacity: 2G
[0.032s][info][gc,init] Heap Max Capacity: 30208M
[0.043s][info][gc,init] Pre-touch: Disabled
[0.043s][info][gc,init] Parallel Workers: 33
[0.043s][info][gc,init] Concurrent Workers: 8
[0.043s][info][gc,init] Concurrent Refinement Workers: 33
[0.043s][info][gc,init] Periodic GC: Disabled
[0.044s][info][gc,metaspace] CDS archive(s) mapped at: [0x0000000800000000-0x0000000800c60000-0x0000000800c60000), size 12976128, SharedBaseAddress: 0x0000000800000000, ArchiveRelocationMode: 0.
[0.044s][info][gc,metaspace] Compressed class space mapped at: 0x0000000801000000-0x0000000841000000, reserved size: 1073741824
[0.044s][info][gc,metaspace] Narrow klass base: 0x0000000800000000, Narrow klass shift: 0, Narrow klass range: 0x100000000
[1.368s][info][gc,start    ] GC(0) Pause Full (System.gc())
[1.368s][info][gc,task     ] GC(0) Using 4 workers of 33 for full compaction
[1.369s][info][gc,phases,start] GC(0) Phase 1: Mark live objects
[1.375s][info][gc,phases      ] GC(0) Phase 1: Mark live objects 6.381ms
[1.375s][info][gc,phases,start] GC(0) Phase 2: Prepare compaction
[1.378s][info][gc,phases      ] GC(0) Phase 2: Prepare compaction 3.159ms
[1.378s][info][gc,phases,start] GC(0) Phase 3: Adjust pointers
[1.382s][info][gc,phases      ] GC(0) Phase 3: Adjust pointers 3.963ms
[1.382s][info][gc,phases,start] GC(0) Phase 4: Compact heap
[1.386s][info][gc,phases      ] GC(0) Phase 4: Compact heap 4.133ms
[1.401s][info][gc,heap        ] GC(0) Eden regions: 4->0(1)
[1.401s][info][gc,heap        ] GC(0) Survivor regions: 0->0(0)
[1.401s][info][gc,heap        ] GC(0) Old regions: 0->4
[1.401s][info][gc,heap        ] GC(0) Archive regions: 0->0
[1.401s][info][gc,heap        ] GC(0) Humongous regions: 0->0
[1.401s][info][gc,metaspace   ] GC(0) Metaspace: 14218K(14464K)->14218K(14464K) NonClass: 12164K(12288K)->12164K(12288K) Class: 2054K(2176K)->2054K(2176K)
[1.401s][info][gc             ] GC(0) Pause Full (System.gc()) 51M->4M(224M) 33.249ms
[1.401s][info][gc,cpu         ] GC(0) User=0.08s Sys=0.00s Real=0.03s
[2.049s][info][gc,start       ] GC(1) Pause Young (Normal) (G1 Evacuation Pause)
[2.049s][info][gc,task        ] GC(1) Using 5 workers of 33 for evacuation
[2.052s][info][gc,phases      ] GC(1)   Pre Evacuate Collection Set: 0.1ms
[2.052s][info][gc,phases      ] GC(1)   Merge Heap Roots: 0.3ms
[2.052s][info][gc,phases      ] GC(1)   Evacuate Collection Set: 1.7ms
[2.052s][info][gc,phases      ] GC(1)   Post Evacuate Collection Set: 0.4ms
[2.052s][info][gc,phases      ] GC(1)   Other: 0.1ms
[2.052s][info][gc,heap        ] GC(1) Eden regions: 1->0(1)
[2.052s][info][gc,heap        ] GC(1) Survivor regions: 0->1(1)
[2.052s][info][gc,heap        ] GC(1) Old regions: 4->4
[2.052s][info][gc,heap        ] GC(1) Archive regions: 0->0
[2.052s][info][gc,heap        ] GC(1) Humongous regions: 0->0
[2.052s][info][gc,metaspace   ] GC(1) Metaspace: 15620K(15872K)->15620K(15872K) NonClass: 13370K(13504K)->13370K(13504K) Class: 2250K(2368K)->2250K(2368K)
[2.052s][info][gc             ] GC(1) Pause Young (Normal) (G1 Evacuation Pause) 20M->6M(224M) 2.752ms
[2.052s][info][gc,cpu         ] GC(1) User=0.00s Sys=0.00s Real=0.00s
[2.763s][info][gc,start       ] GC(2) Pause Young (Normal) (G1 Evacuation Pause)
[2.763s][info][gc,task        ] GC(2) Using 5 workers of 33 for evacuation
[2.767s][info][gc,phases      ] GC(2)   Pre Evacuate Collection Set: 0.1ms
[2.767s][info][gc,phases      ] GC(2)   Merge Heap Roots: 0.1ms
[2.767s][info][gc,phases      ] GC(2)   Evacuate Collection Set: 3.7ms
[2.767s][info][gc,phases      ] GC(2)   Post Evacuate Collection Set: 0.4ms
[2.767s][info][gc,phases      ] GC(2)   Other: 0.1ms
[2.767s][info][gc,heap        ] GC(2) Eden regions: 1->0(2)
[2.767s][info][gc,heap        ] GC(2) Survivor regions: 1->1(1)
[2.767s][info][gc,heap        ] GC(2) Old regions: 4->4
[2.767s][info][gc,heap        ] GC(2) Archive regions: 0->0
[2.767s][info][gc,heap        ] GC(2) Humongous regions: 0->0
[2.767s][info][gc,metaspace   ] GC(2) Metaspace: 15724K(16000K)->15724K(16000K) NonClass: 13470K(13632K)->13470K(13632K) Class: 2253K(2368K)->2253K(2368K)
[2.767s][info][gc             ] GC(2) Pause Young (Normal) (G1 Evacuation Pause) 22M->9M(224M) 4.611ms
[2.767s][info][gc,cpu         ] GC(2) User=0.00s Sys=0.00s Real=0.00s
[3.282s][info][gc,start       ] GC(3) Pause Young (Normal) (G1 Evacuation Pause)
[3.282s][info][gc,task        ] GC(3) Using 5 workers of 33 for evacuation
[3.320s][info][gc,phases      ] GC(3)   Pre Evacuate Collection Set: 0.1ms
[3.320s][info][gc,phases      ] GC(3)   Merge Heap Roots: 0.1ms
[3.320s][info][gc,phases      ] GC(3)   Evacuate Collection Set: 37.3ms
[3.320s][info][gc,phases      ] GC(3)   Post Evacuate Collection Set: 0.6ms
[3.320s][info][gc,phases      ] GC(3)   Other: 0.1ms
[3.320s][info][gc,heap        ] GC(3) Eden regions: 2->0(7)
[3.320s][info][gc,heap        ] GC(3) Survivor regions: 1->1(1)
[3.320s][info][gc,heap        ] GC(3) Old regions: 4->4
[3.320s][info][gc,heap        ] GC(3) Archive regions: 0->0
[3.320s][info][gc,heap        ] GC(3) Humongous regions: 0->0
[3.320s][info][gc,metaspace   ] GC(3) Metaspace: 15796K(16064K)->15796K(16064K) NonClass: 13535K(13696K)->13535K(13696K) Class: 2260K(2368K)->2260K(2368K)
[3.320s][info][gc             ] GC(3) Pause Young (Normal) (G1 Evacuation Pause) 41M->17M(224M) 38.622ms
[3.320s][info][gc,cpu         ] GC(3) User=0.16s Sys=0.00s Real=0.03s
[4.141s][info][gc,start       ] GC(4) Pause Young (Normal) (G1 Evacuation Pause)
[4.141s][info][gc,task        ] GC(4) Using 5 workers of 33 for evacuation
[4.144s][info][gc,phases      ] GC(4)   Pre Evacuate Collection Set: 0.1ms
[4.144s][info][gc,phases      ] GC(4)   Merge Heap Roots: 0.1ms
[4.144s][info][gc,phases      ] GC(4)   Evacuate Collection Set: 2.1ms
[4.144s][info][gc,phases      ] GC(4)   Post Evacuate Collection Set: 0.3ms
[4.144s][info][gc,phases      ] GC(4)   Other: 0.1ms
[4.144s][info][gc,heap        ] GC(4) Eden regions: 7->0(6)
[4.144s][info][gc,heap        ] GC(4) Survivor regions: 1->1(1)
[4.144s][info][gc,heap        ] GC(4) Old regions: 4->5
[4.144s][info][gc,heap        ] GC(4) Archive regions: 0->0
[4.144s][info][gc,heap        ] GC(4) Humongous regions: 0->0
[4.144s][info][gc,metaspace   ] GC(4) Metaspace: 15837K(16192K)->15837K(16192K) NonClass: 13568K(13760K)->13568K(13760K) Class: 2268K(2432K)->2268K(2432K)
[4.144s][info][gc             ] GC(4) Pause Young (Normal) (G1 Evacuation Pause) 129M->6M(224M) 2.850ms
[4.144s][info][gc,cpu         ] GC(4) User=0.00s Sys=0.00s Real=0.00s
[4.216s][info][gc,start       ] GC(5) Pause Young (Normal) (G1 Evacuation Pause)
[4.216s][info][gc,task        ] GC(5) Using 5 workers of 33 for evacuation
[4.218s][info][gc,phases      ] GC(5)   Pre Evacuate Collection Set: 0.1ms
[4.218s][info][gc,phases      ] GC(5)   Merge Heap Roots: 0.1ms
[4.218s][info][gc,phases      ] GC(5)   Evacuate Collection Set: 1.2ms
[4.218s][info][gc,phases      ] GC(5)   Post Evacuate Collection Set: 0.2ms
[4.218s][info][gc,phases      ] GC(5)   Other: 0.1ms
[4.218s][info][gc,heap        ] GC(5) Eden regions: 6->0(6)
[4.218s][info][gc,heap        ] GC(5) Survivor regions: 1->1(1)
[4.218s][info][gc,heap        ] GC(5) Old regions: 5->5
[4.218s][info][gc,heap        ] GC(5) Archive regions: 0->0
[4.218s][info][gc,heap        ] GC(5) Humongous regions: 0->0
[4.218s][info][gc,metaspace   ] GC(5) Metaspace: 15837K(16192K)->15837K(16192K) NonClass: 13569K(13760K)->13569K(13760K) Class: 2268K(2432K)->2268K(2432K)
[4.218s][info][gc             ] GC(5) Pause Young (Normal) (G1 Evacuation Pause) 102M->7M(224M) 1.816ms
[4.218s][info][gc,cpu         ] GC(5) User=0.00s Sys=0.00s Real=0.00s
[4.260s][info][gc,start       ] GC(6) Pause Young (Normal) (G1 Evacuation Pause)
[4.260s][info][gc,task        ] GC(6) Using 5 workers of 33 for evacuation
[4.262s][info][gc,phases      ] GC(6)   Pre Evacuate Collection Set: 0.1ms
[4.262s][info][gc,phases      ] GC(6)   Merge Heap Roots: 0.1ms
[4.262s][info][gc,phases      ] GC(6)   Evacuate Collection Set: 1.2ms
[4.262s][info][gc,phases      ] GC(6)   Post Evacuate Collection Set: 0.2ms
[4.262s][info][gc,phases      ] GC(6)   Other: 0.1ms
[4.262s][info][gc,heap        ] GC(6) Eden regions: 6->0(6)
[4.262s][info][gc,heap        ] GC(6) Survivor regions: 1->1(1)
[4.262s][info][gc,heap        ] GC(6) Old regions: 5->5
[4.262s][info][gc,heap        ] GC(6) Archive regions: 0->0
[4.262s][info][gc,heap        ] GC(6) Humongous regions: 0->0
[4.262s][info][gc,metaspace   ] GC(6) Metaspace: 15841K(16192K)->15841K(16192K) NonClass: 13573K(13760K)->13573K(13760K) Class: 2268K(2432K)->2268K(2432K)
[4.262s][info][gc             ] GC(6) Pause Young (Normal) (G1 Evacuation Pause) 103M->6M(224M) 1.914ms
[4.262s][info][gc,cpu         ] GC(6) User=0.00s Sys=0.00s Real=0.00s
[4.299s][info][gc,start       ] GC(7) Pause Young (Normal) (G1 Evacuation Pause)
[4.299s][info][gc,task        ] GC(7) Using 5 workers of 33 for evacuation
[4.303s][info][gc,phases      ] GC(7)   Pre Evacuate Collection Set: 0.1ms
[4.303s][info][gc,phases      ] GC(7)   Merge Heap Roots: 0.1ms
[4.303s][info][gc,phases      ] GC(7)   Evacuate Collection Set: 1.2ms
[4.303s][info][gc,phases      ] GC(7)   Post Evacuate Collection Set: 2.7ms
[4.303s][info][gc,phases      ] GC(7)   Other: 0.1ms
[4.303s][info][gc,heap        ] GC(7) Eden regions: 6->0(41)
[4.303s][info][gc,heap        ] GC(7) Survivor regions: 1->1(1)
[4.303s][info][gc,heap        ] GC(7) Old regions: 5->5
[4.303s][info][gc,heap        ] GC(7) Archive regions: 0->0
[4.303s][info][gc,heap        ] GC(7) Humongous regions: 0->0
[4.303s][info][gc,metaspace   ] GC(7) Metaspace: 15848K(16192K)->15848K(16192K) NonClass: 13579K(13760K)->13579K(13760K) Class: 2268K(2432K)->2268K(2432K)
[4.303s][info][gc             ] GC(7) Pause Young (Normal) (G1 Evacuation Pause) 102M->6M(1136M) 4.344ms
[4.303s][info][gc,cpu         ] GC(7) User=0.11s Sys=0.00s Real=0.01s
[4.680s][info][gc,start       ] GC(8) Pause Young (Normal) (G1 Evacuation Pause)
[4.680s][info][gc,task        ] GC(8) Using 27 workers of 33 for evacuation
[4.683s][info][gc,phases      ] GC(8)   Pre Evacuate Collection Set: 0.1ms
[4.683s][info][gc,phases      ] GC(8)   Merge Heap Roots: 0.1ms
[4.683s][info][gc,phases      ] GC(8)   Evacuate Collection Set: 1.4ms
[4.683s][info][gc,phases      ] GC(8)   Post Evacuate Collection Set: 0.4ms
[4.683s][info][gc,phases      ] GC(8)   Other: 0.7ms
[4.683s][info][gc,heap        ] GC(8) Eden regions: 41->0(41)
[4.683s][info][gc,heap        ] GC(8) Survivor regions: 1->1(6)
[4.683s][info][gc,heap        ] GC(8) Old regions: 5->5
[4.683s][info][gc,heap        ] GC(8) Archive regions: 0->0
[4.683s][info][gc,heap        ] GC(8) Humongous regions: 0->0
[4.683s][info][gc,metaspace   ] GC(8) Metaspace: 15848K(16192K)->15848K(16192K) NonClass: 13579K(13760K)->13579K(13760K) Class: 2268K(2432K)->2268K(2432K)
[4.683s][info][gc             ] GC(8) Pause Young (Normal) (G1 Evacuation Pause) 662M->6M(1136M) 2.950ms
[4.683s][info][gc,cpu         ] GC(8) User=0.00s Sys=0.00s Real=0.00s
[4.758s][info][gc,start       ] GC(9) Pause Young (Normal) (G1 Evacuation Pause)
[4.758s][info][gc,task        ] GC(9) Using 27 workers of 33 for evacuation
[4.760s][info][gc,phases      ] GC(9)   Pre Evacuate Collection Set: 0.1ms
[4.760s][info][gc,phases      ] GC(9)   Merge Heap Roots: 0.1ms
[4.760s][info][gc,phases      ] GC(9)   Evacuate Collection Set: 1.1ms
[4.760s][info][gc,phases      ] GC(9)   Post Evacuate Collection Set: 0.4ms
[4.760s][info][gc,phases      ] GC(9)   Other: 0.1ms
[4.760s][info][gc,heap        ] GC(9) Eden regions: 41->0(41)
[4.760s][info][gc,heap        ] GC(9) Survivor regions: 1->1(6)
[4.760s][info][gc,heap        ] GC(9) Old regions: 5->5
[4.760s][info][gc,heap        ] GC(9) Archive regions: 0->0
[4.760s][info][gc,heap        ] GC(9) Humongous regions: 0->0
[4.760s][info][gc,metaspace   ] GC(9) Metaspace: 15848K(16192K)->15848K(16192K) NonClass: 13579K(13760K)->13579K(13760K) Class: 2268K(2432K)->2268K(2432K)
[4.760s][info][gc             ] GC(9) Pause Young (Normal) (G1 Evacuation Pause) 662M->6M(1136M) 2.007ms
[4.760s][info][gc,cpu         ] GC(9) User=0.00s Sys=0.00s Real=0.00s
[4.835s][info][gc,start       ] GC(10) Pause Young (Normal) (G1 Evacuation Pause)
[4.835s][info][gc,task        ] GC(10) Using 27 workers of 33 for evacuation
[4.836s][info][gc,phases      ] GC(10)   Pre Evacuate Collection Set: 0.1ms
[4.836s][info][gc,phases      ] GC(10)   Merge Heap Roots: 0.1ms
[4.836s][info][gc,phases      ] GC(10)   Evacuate Collection Set: 0.5ms
[4.836s][info][gc,phases      ] GC(10)   Post Evacuate Collection Set: 0.4ms
[4.836s][info][gc,phases      ] GC(10)   Other: 0.1ms
[4.836s][info][gc,heap        ] GC(10) Eden regions: 41->0(41)
[4.836s][info][gc,heap        ] GC(10) Survivor regions: 1->1(6)
[4.836s][info][gc,heap        ] GC(10) Old regions: 5->5
[4.836s][info][gc,heap        ] GC(10) Archive regions: 0->0
[4.836s][info][gc,heap        ] GC(10) Humongous regions: 0->0
[4.836s][info][gc,metaspace   ] GC(10) Metaspace: 15851K(16192K)->15851K(16192K) NonClass: 13582K(13760K)->13582K(13760K) Class: 2268K(2432K)->2268K(2432K)
[4.836s][info][gc             ] GC(10) Pause Young (Normal) (G1 Evacuation Pause) 662M->6M(1136M) 1.508ms
[4.836s][info][gc,cpu         ] GC(10) User=0.00s Sys=0.00s Real=0.00s
[4.913s][info][gc,start       ] GC(11) Pause Young (Normal) (G1 Evacuation Pause)
[4.913s][info][gc,task        ] GC(11) Using 27 workers of 33 for evacuation
[4.914s][info][gc,phases      ] GC(11)   Pre Evacuate Collection Set: 0.1ms
[4.914s][info][gc,phases      ] GC(11)   Merge Heap Roots: 0.1ms
[4.914s][info][gc,phases      ] GC(11)   Evacuate Collection Set: 0.5ms
[4.914s][info][gc,phases      ] GC(11)   Post Evacuate Collection Set: 0.4ms
[4.914s][info][gc,phases      ] GC(11)   Other: 0.1ms
[4.914s][info][gc,heap        ] GC(11) Eden regions: 41->0(41)
[4.914s][info][gc,heap        ] GC(11) Survivor regions: 1->1(6)
[4.914s][info][gc,heap        ] GC(11) Old regions: 5->5
[4.914s][info][gc,heap        ] GC(11) Archive regions: 0->0
[4.914s][info][gc,heap        ] GC(11) Humongous regions: 0->0
[4.914s][info][gc,metaspace   ] GC(11) Metaspace: 15851K(16192K)->15851K(16192K) NonClass: 13582K(13760K)->13582K(13760K) Class: 2268K(2432K)->2268K(2432K)
[4.914s][info][gc             ] GC(11) Pause Young (Normal) (G1 Evacuation Pause) 662M->6M(1136M) 1.449ms
[4.914s][info][gc,cpu         ] GC(11) User=0.00s Sys=0.00s Real=0.00s
[5.649s][info][gc,start       ] GC(12) Pause Young (Normal) (G1 Evacuation Pause)
[5.649s][info][gc,task        ] GC(12) Using 27 workers of 33 for evacuation
[5.765s][info][gc,phases      ] GC(12)   Pre Evacuate Collection Set: 0.2ms
[5.765s][info][gc,phases      ] GC(12)   Merge Heap Roots: 0.2ms
[5.765s][info][gc,phases      ] GC(12)   Evacuate Collection Set: 112.6ms
[5.765s][info][gc,phases      ] GC(12)   Post Evacuate Collection Set: 2.2ms
[5.765s][info][gc,phases      ] GC(12)   Other: 0.1ms
[5.765s][info][gc,heap        ] GC(12) Eden regions: 41->0(47)
[5.765s][info][gc,heap        ] GC(12) Survivor regions: 1->6(6)
[5.765s][info][gc,heap        ] GC(12) Old regions: 5->20
[5.765s][info][gc,heap        ] GC(12) Archive regions: 0->0
[5.765s][info][gc,heap        ] GC(12) Humongous regions: 0->0
[5.765s][info][gc,metaspace   ] GC(12) Metaspace: 16063K(16320K)->16063K(16320K) NonClass: 13743K(13888K)->13743K(13888K) Class: 2319K(2432K)->2319K(2432K)
[5.765s][info][gc             ] GC(12) Pause Young (Normal) (G1 Evacuation Pause) 662M->356M(1552M) 115.673ms
[5.765s][info][gc,cpu         ] GC(12) User=1.83s Sys=1.14s Real=0.13s
[13.537s][info][gc,start       ] GC(13) Pause Young (Normal) (G1 Evacuation Pause)
[13.538s][info][gc,task        ] GC(13) Using 33 workers of 33 for evacuation
[13.627s][info][gc,phases      ] GC(13)   Pre Evacuate Collection Set: 0.2ms
[13.628s][info][gc,phases      ] GC(13)   Merge Heap Roots: 1.7ms
[13.628s][info][gc,phases      ] GC(13)   Evacuate Collection Set: 86.1ms
[13.628s][info][gc,phases      ] GC(13)   Post Evacuate Collection Set: 1.2ms
[13.628s][info][gc,phases      ] GC(13)   Other: 0.6ms
[13.628s][info][gc,heap        ] GC(13) Eden regions: 47->0(1)
[13.628s][info][gc,heap        ] GC(13) Survivor regions: 6->7(7)
[13.628s][info][gc,heap        ] GC(13) Old regions: 20->35
[13.628s][info][gc,heap        ] GC(13) Archive regions: 0->0
[13.628s][info][gc,heap        ] GC(13) Humongous regions: 0->0
[13.628s][info][gc,metaspace   ] GC(13) Metaspace: 16640K(17088K)->16640K(17088K) NonClass: 14203K(14464K)->14203K(14464K) Class: 2437K(2624K)->2437K(2624K)
[13.628s][info][gc             ] GC(13) Pause Young (Normal) (G1 Evacuation Pause) 1108M->612M(1552M) 90.374ms
[13.628s][info][gc,cpu         ] GC(13) User=2.61s Sys=0.48s Real=0.09s
[13.641s][info][gc,start       ] GC(14) Pause Young (Normal) (G1 Evacuation Pause)
[13.641s][info][gc,task        ] GC(14) Using 33 workers of 33 for evacuation
[13.668s][info][gc,phases      ] GC(14)   Pre Evacuate Collection Set: 0.1ms
[13.668s][info][gc,phases      ] GC(14)   Merge Heap Roots: 1.0ms
[13.668s][info][gc,phases      ] GC(14)   Evacuate Collection Set: 25.7ms
[13.668s][info][gc,phases      ] GC(14)   Post Evacuate Collection Set: 0.3ms
[13.669s][info][gc,phases      ] GC(14)   Other: 0.1ms
[13.669s][info][gc,heap        ] GC(14) Eden regions: 1->0(3)
[13.669s][info][gc,heap        ] GC(14) Survivor regions: 7->1(1)
[13.669s][info][gc,heap        ] GC(14) Old regions: 35->44
[13.669s][info][gc,heap        ] GC(14) Archive regions: 0->0
[13.669s][info][gc,heap        ] GC(14) Humongous regions: 0->0
[13.669s][info][gc,metaspace   ] GC(14) Metaspace: 16640K(17088K)->16640K(17088K) NonClass: 14203K(14464K)->14203K(14464K) Class: 2437K(2624K)->2437K(2624K)
[13.669s][info][gc             ] GC(14) Pause Young (Normal) (G1 Evacuation Pause) 628M->653M(1552M) 27.425ms
[13.669s][info][gc,cpu         ] GC(14) User=1.03s Sys=0.00s Real=0.03s
[14.041s][info][gc,start       ] GC(15) Pause Young (Concurrent Start) (G1 Evacuation Pause)
[14.042s][info][gc,task        ] GC(15) Using 33 workers of 33 for evacuation
[14.082s][info][gc,phases      ] GC(15)   Pre Evacuate Collection Set: 0.3ms
[14.082s][info][gc,phases      ] GC(15)   Merge Heap Roots: 0.2ms
[14.082s][info][gc,phases      ] GC(15)   Evacuate Collection Set: 39.0ms
[14.082s][info][gc,phases      ] GC(15)   Post Evacuate Collection Set: 0.4ms
[14.082s][info][gc,phases      ] GC(15)   Other: 0.2ms
[14.082s][info][gc,heap        ] GC(15) Eden regions: 26->0(1)
[14.082s][info][gc,heap        ] GC(15) Survivor regions: 1->4(4)
[14.082s][info][gc,heap        ] GC(15) Old regions: 44->52
[14.082s][info][gc,heap        ] GC(15) Archive regions: 0->0
[14.082s][info][gc,heap        ] GC(15) Humongous regions: 0->0
[14.082s][info][gc,metaspace   ] GC(15) Metaspace: 16640K(17088K)->16640K(17088K) NonClass: 14203K(14464K)->14203K(14464K) Class: 2437K(2624K)->2437K(2624K)
[14.082s][info][gc             ] GC(15) Pause Young (Concurrent Start) (G1 Evacuation Pause) 1069M->828M(1552M) 40.282ms
[14.082s][info][gc             ] GC(16) Concurrent Mark Cycle
[14.082s][info][gc,cpu         ] GC(15) User=1.55s Sys=0.00s Real=0.05s
[14.082s][info][gc,marking     ] GC(16) Concurrent Scan Root Regions
[14.099s][info][gc,start       ] GC(17) Pause Young (Normal) (G1 Evacuation Pause)
[14.099s][info][gc,task        ] GC(17) Using 33 workers of 33 for evacuation
[14.106s][info][gc,marking     ] GC(16) Concurrent Scan Root Regions 23.734ms
[14.106s][info][gc,marking     ] GC(16) Concurrent Mark
[14.106s][info][gc,marking     ] GC(16) Concurrent Mark From Roots
[14.106s][info][gc,task        ] GC(16) Using 8 workers of 8 for marking
[14.129s][info][gc,phases      ] GC(17)   Pre Evacuate Collection Set: 6.9ms
[14.129s][info][gc,phases      ] GC(17)   Merge Heap Roots: 0.2ms
[14.129s][info][gc,phases      ] GC(17)   Evacuate Collection Set: 14.9ms
[14.129s][info][gc,phases      ] GC(17)   Post Evacuate Collection Set: 7.9ms
[14.129s][info][gc,phases      ] GC(17)   Other: 0.1ms
[14.129s][info][gc,heap        ] GC(17) Eden regions: 1->0(11)
[14.129s][info][gc,heap        ] GC(17) Survivor regions: 4->1(1)
[14.129s][info][gc,heap        ] GC(17) Old regions: 52->57
[14.129s][info][gc,heap        ] GC(17) Archive regions: 0->0
[14.129s][info][gc,heap        ] GC(17) Humongous regions: 0->0
[14.129s][info][gc,metaspace   ] GC(17) Metaspace: 16640K(17088K)->16640K(17088K) NonClass: 14203K(14464K)->14203K(14464K) Class: 2437K(2624K)->2437K(2624K)
[14.129s][info][gc             ] GC(17) Pause Young (Normal) (G1 Evacuation Pause) 844M->851M(4128M) 30.254ms
[14.129s][info][gc,cpu         ] GC(17) User=0.52s Sys=0.02s Real=0.03s
[14.202s][info][gc,marking     ] GC(16) Concurrent Mark From Roots 96.576ms
[14.202s][info][gc,marking     ] GC(16) Concurrent Preclean
[14.202s][info][gc,marking     ] GC(16) Concurrent Preclean 0.058ms
[14.202s][info][gc,start       ] GC(16) Pause Remark
[14.209s][info][gc             ] GC(16) Pause Remark 901M->661M(2512M) 6.973ms
[14.210s][info][gc,cpu         ] GC(16) User=0.00s Sys=0.00s Real=0.00s
[14.210s][info][gc,marking     ] GC(16) Concurrent Mark 103.960ms
[14.210s][info][gc,marking     ] GC(16) Concurrent Rebuild Remembered Sets and Scrub Regions
[14.398s][info][gc,marking     ] GC(16) Concurrent Rebuild Remembered Sets and Scrub Regions 188.348ms
[14.398s][info][gc,start       ] GC(16) Pause Cleanup
[14.398s][info][gc             ] GC(16) Pause Cleanup 730M->730M(2512M) 0.160ms
[14.398s][info][gc,cpu         ] GC(16) User=0.00s Sys=0.00s Real=0.00s
[14.398s][info][gc,marking     ] GC(16) Concurrent Clear Claimed Marks
[14.398s][info][gc,marking     ] GC(16) Concurrent Clear Claimed Marks 0.046ms
[14.398s][info][gc,marking     ] GC(16) Concurrent Cleanup for Next Mark
[14.407s][info][gc,marking     ] GC(16) Concurrent Cleanup for Next Mark 8.063ms
[14.407s][info][gc             ] GC(16) Concurrent Mark Cycle 324.796ms
[14.432s][info][gc,start       ] GC(18) Pause Young (Prepare Mixed) (G1 Evacuation Pause)
[14.432s][info][gc,task        ] GC(18) Using 33 workers of 33 for evacuation
[14.477s][info][gc,phases      ] GC(18)   Pre Evacuate Collection Set: 0.1ms
[14.477s][info][gc,phases      ] GC(18)   Merge Heap Roots: 5.6ms
[14.477s][info][gc,phases      ] GC(18)   Evacuate Collection Set: 38.3ms
[14.477s][info][gc,phases      ] GC(18)   Post Evacuate Collection Set: 0.5ms
[14.477s][info][gc,phases      ] GC(18)   Other: 0.1ms
[14.477s][info][gc,heap        ] GC(18) Eden regions: 8->0(5)
[14.477s][info][gc,heap        ] GC(18) Survivor regions: 1->2(2)
[14.477s][info][gc,heap        ] GC(18) Old regions: 42->52
[14.477s][info][gc,heap        ] GC(18) Archive regions: 0->0
[14.477s][info][gc,heap        ] GC(18) Humongous regions: 0->0
[14.477s][info][gc,metaspace   ] GC(18) Metaspace: 16406K(17088K)->16406K(17088K) NonClass: 14039K(14464K)->14039K(14464K) Class: 2366K(2624K)->2366K(2624K)
[14.477s][info][gc             ] GC(18) Pause Young (Prepare Mixed) (G1 Evacuation Pause) 739M->787M(2512M) 44.920ms
[14.477s][info][gc,cpu         ] GC(18) User=1.50s Sys=0.05s Real=0.05s
[15.009s][info][gc,start       ] GC(19) Pause Young (Mixed) (G1 Evacuation Pause)
[15.010s][info][gc,task        ] GC(19) Using 33 workers of 33 for evacuation
[15.032s][info][gc,phases      ] GC(19)   Pre Evacuate Collection Set: 0.2ms
[15.032s][info][gc,phases      ] GC(19)   Merge Heap Roots: 2.1ms
[15.032s][info][gc,phases      ] GC(19)   Evacuate Collection Set: 18.9ms
[15.032s][info][gc,phases      ] GC(19)   Post Evacuate Collection Set: 1.1ms
[15.032s][info][gc,phases      ] GC(19)   Other: 0.1ms
[15.032s][info][gc,heap        ] GC(19) Eden regions: 5->0(6)
[15.032s][info][gc,heap        ] GC(19) Survivor regions: 2->1(1)
[15.032s][info][gc,heap        ] GC(19) Old regions: 52->51
[15.032s][info][gc,heap        ] GC(19) Archive regions: 0->0
[15.032s][info][gc,heap        ] GC(19) Humongous regions: 0->0
[15.032s][info][gc,metaspace   ] GC(19) Metaspace: 16414K(17088K)->16414K(17088K) NonClass: 14044K(14464K)->14044K(14464K) Class: 2369K(2624K)->2369K(2624K)
[15.032s][info][gc             ] GC(19) Pause Young (Mixed) (G1 Evacuation Pause) 867M->748M(2512M) 22.891ms
[15.032s][info][gc,cpu         ] GC(19) User=0.52s Sys=0.00s Real=0.02s
[15.193s][info][gc,start       ] GC(20) Pause Young (Mixed) (G1 Evacuation Pause)
[15.193s][info][gc,task        ] GC(20) Using 33 workers of 33 for evacuation
[15.212s][info][gc,phases      ] GC(20)   Pre Evacuate Collection Set: 0.2ms
[15.212s][info][gc,phases      ] GC(20)   Merge Heap Roots: 1.1ms
[15.212s][info][gc,phases      ] GC(20)   Evacuate Collection Set: 17.1ms
[15.212s][info][gc,phases      ] GC(20)   Post Evacuate Collection Set: 0.4ms
[15.212s][info][gc,phases      ] GC(20)   Other: 0.1ms
[15.212s][info][gc,heap        ] GC(20) Eden regions: 6->0(6)
[15.212s][info][gc,heap        ] GC(20) Survivor regions: 1->1(1)
[15.212s][info][gc,heap        ] GC(20) Old regions: 51->50
[15.212s][info][gc,heap        ] GC(20) Archive regions: 0->0
[15.212s][info][gc,heap        ] GC(20) Humongous regions: 0->0
[15.212s][info][gc,metaspace   ] GC(20) Metaspace: 16414K(17088K)->16414K(17088K) NonClass: 14044K(14464K)->14044K(14464K) Class: 2369K(2624K)->2369K(2624K)
[15.212s][info][gc             ] GC(20) Pause Young (Mixed) (G1 Evacuation Pause) 844M->719M(2512M) 19.322ms
[15.212s][info][gc,cpu         ] GC(20) User=0.52s Sys=0.00s Real=0.02s
[17.549s][info][gc,start       ] GC(21) Pause Full (System.gc())
[17.549s][info][gc,task        ] GC(21) Using 14 workers of 33 for full compaction
[17.550s][info][gc,phases,start] GC(21) Phase 1: Mark live objects
[17.563s][info][gc,phases      ] GC(21) Phase 1: Mark live objects 12.778ms
[17.563s][info][gc,phases,start] GC(21) Phase 2: Prepare compaction
[17.566s][info][gc,phases      ] GC(21) Phase 2: Prepare compaction 2.615ms
[17.566s][info][gc,phases,start] GC(21) Phase 3: Adjust pointers
[17.570s][info][gc,phases      ] GC(21) Phase 3: Adjust pointers 4.095ms
[17.570s][info][gc,phases,start] GC(21) Phase 4: Compact heap
[17.571s][info][gc,phases      ] GC(21) Phase 4: Compact heap 1.467ms
[17.578s][info][gc,heap        ] GC(21) Eden regions: 29->0(2)
[17.578s][info][gc,heap        ] GC(21) Survivor regions: 1->0(1)
[17.578s][info][gc,heap        ] GC(21) Old regions: 50->12
[17.578s][info][gc,heap        ] GC(21) Archive regions: 0->0
[17.578s][info][gc,heap        ] GC(21) Humongous regions: 0->0
[17.578s][info][gc,metaspace   ] GC(21) Metaspace: 16701K(17088K)->16626K(17088K) NonClass: 14252K(14464K)->14200K(14464K) Class: 2449K(2624K)->2426K(2624K)
[17.578s][info][gc             ] GC(21) Pause Full (System.gc()) 1174M->6M(640M) 28.750ms
[17.578s][info][gc,cpu         ] GC(21) User=0.22s Sys=0.02s Real=0.03s
[19.388s][info][gc,start       ] GC(22) Pause Young (Normal) (G1 Evacuation Pause)
[19.388s][info][gc,task        ] GC(22) Using 15 workers of 33 for evacuation
[19.390s][info][gc,phases      ] GC(22)   Pre Evacuate Collection Set: 0.1ms
[19.390s][info][gc,phases      ] GC(22)   Merge Heap Roots: 0.1ms
[19.390s][info][gc,phases      ] GC(22)   Evacuate Collection Set: 0.8ms
[19.390s][info][gc,phases      ] GC(22)   Post Evacuate Collection Set: 0.4ms
[19.390s][info][gc,phases      ] GC(22)   Other: 0.1ms
[19.390s][info][gc,heap        ] GC(22) Eden regions: 13->0(1)
[19.390s][info][gc,heap        ] GC(22) Survivor regions: 0->1(2)
[19.390s][info][gc,heap        ] GC(22) Old regions: 12->12
[19.390s][info][gc,heap        ] GC(22) Archive regions: 0->0
[19.390s][info][gc,heap        ] GC(22) Humongous regions: 0->0
[19.390s][info][gc,metaspace   ] GC(22) Metaspace: 16627K(17088K)->16627K(17088K) NonClass: 14201K(14464K)->14201K(14464K) Class: 2426K(2624K)->2426K(2624K)
[19.390s][info][gc             ] GC(22) Pause Young (Normal) (G1 Evacuation Pause) 214M->8M(640M) 1.971ms
[19.390s][info][gc,cpu         ] GC(22) User=0.00s Sys=0.00s Real=0.00s
[19.417s][info][gc,start       ] GC(23) Pause Young (Normal) (G1 Evacuation Pause)
[19.417s][info][gc,task        ] GC(23) Using 15 workers of 33 for evacuation
[19.418s][info][gc,phases      ] GC(23)   Pre Evacuate Collection Set: 0.1ms
[19.418s][info][gc,phases      ] GC(23)   Merge Heap Roots: 0.1ms
[19.418s][info][gc,phases      ] GC(23)   Evacuate Collection Set: 0.6ms
[19.418s][info][gc,phases      ] GC(23)   Post Evacuate Collection Set: 0.3ms
[19.418s][info][gc,phases      ] GC(23)   Other: 0.1ms
[19.418s][info][gc,heap        ] GC(23) Eden regions: 14->0(1)
[19.418s][info][gc,heap        ] GC(23) Survivor regions: 1->1(2)
[19.418s][info][gc,heap        ] GC(23) Old regions: 12->12
[19.418s][info][gc,heap        ] GC(23) Archive regions: 0->0
[19.418s][info][gc,heap        ] GC(23) Humongous regions: 0->0
[19.418s][info][gc,metaspace   ] GC(23) Metaspace: 16627K(17088K)->16627K(17088K) NonClass: 14201K(14464K)->14201K(14464K) Class: 2426K(2624K)->2426K(2624K)
[19.418s][info][gc             ] GC(23) Pause Young (Normal) (G1 Evacuation Pause) 232M->8M(640M) 1.330ms
[19.418s][info][gc,cpu         ] GC(23) User=0.00s Sys=0.00s Real=0.00s
[19.448s][info][gc,start       ] GC(24) Pause Young (Normal) (G1 Evacuation Pause)
[19.448s][info][gc,task        ] GC(24) Using 15 workers of 33 for evacuation
[19.452s][info][gc,phases      ] GC(24)   Pre Evacuate Collection Set: 0.1ms
[19.452s][info][gc,phases      ] GC(24)   Merge Heap Roots: 0.1ms
[19.452s][info][gc,phases      ] GC(24)   Evacuate Collection Set: 0.6ms
[19.452s][info][gc,phases      ] GC(24)   Post Evacuate Collection Set: 2.6ms
[19.452s][info][gc,phases      ] GC(24)   Other: 0.1ms
[19.452s][info][gc,heap        ] GC(24) Eden regions: 16->0(3)
[19.452s][info][gc,heap        ] GC(24) Survivor regions: 1->1(3)
[19.452s][info][gc,heap        ] GC(24) Old regions: 12->12
[19.452s][info][gc,heap        ] GC(24) Archive regions: 0->0
[19.452s][info][gc,heap        ] GC(24) Humongous regions: 0->0
[19.452s][info][gc,metaspace   ] GC(24) Metaspace: 16627K(17088K)->16627K(17088K) NonClass: 14201K(14464K)->14201K(14464K) Class: 2426K(2624K)->2426K(2624K)
[19.452s][info][gc             ] GC(24) Pause Young (Normal) (G1 Evacuation Pause) 264M->8M(1456M) 3.619ms
[19.452s][info][gc,cpu         ] GC(24) User=0.00s Sys=0.02s Real=0.02s
[19.813s][info][gc,start       ] GC(25) Pause Young (Normal) (G1 Evacuation Pause)
[19.813s][info][gc,task        ] GC(25) Using 33 workers of 33 for evacuation
[19.814s][info][gc,phases      ] GC(25)   Pre Evacuate Collection Set: 0.1ms
[19.814s][info][gc,phases      ] GC(25)   Merge Heap Roots: 0.1ms
[19.814s][info][gc,phases      ] GC(25)   Evacuate Collection Set: 0.6ms
[19.814s][info][gc,phases      ] GC(25)   Post Evacuate Collection Set: 0.4ms
[19.814s][info][gc,phases      ] GC(25)   Other: 0.1ms
[19.814s][info][gc,heap        ] GC(25) Eden regions: 53->0(3)
[19.814s][info][gc,heap        ] GC(25) Survivor regions: 1->1(7)
[19.814s][info][gc,heap        ] GC(25) Old regions: 12->12
[19.814s][info][gc,heap        ] GC(25) Archive regions: 0->0
[19.814s][info][gc,heap        ] GC(25) Humongous regions: 0->0
[19.814s][info][gc,metaspace   ] GC(25) Metaspace: 16627K(17088K)->16627K(17088K) NonClass: 14201K(14464K)->14201K(14464K) Class: 2426K(2624K)->2426K(2624K)
[19.814s][info][gc             ] GC(25) Pause Young (Normal) (G1 Evacuation Pause) 856M->8M(1456M) 1.603ms
[19.814s][info][gc,cpu         ] GC(25) User=0.00s Sys=0.00s Real=0.00s
[19.913s][info][gc,start       ] GC(26) Pause Young (Normal) (G1 Evacuation Pause)
[19.939s][info][gc,task        ] GC(26) Using 33 workers of 33 for evacuation
[19.941s][info][gc,phases      ] GC(26)   Pre Evacuate Collection Set: 0.1ms
[19.941s][info][gc,phases      ] GC(26)   Merge Heap Roots: 0.2ms
[19.941s][info][gc,phases      ] GC(26)   Evacuate Collection Set: 0.8ms
[19.941s][info][gc,phases      ] GC(26)   Post Evacuate Collection Set: 0.6ms
[19.941s][info][gc,phases      ] GC(26)   Other: 0.1ms
[19.941s][info][gc,heap        ] GC(26) Eden regions: 53->0(3)
[19.941s][info][gc,heap        ] GC(26) Survivor regions: 1->1(7)
[19.941s][info][gc,heap        ] GC(26) Old regions: 12->12
[19.941s][info][gc,heap        ] GC(26) Archive regions: 0->0
[19.941s][info][gc,heap        ] GC(26) Humongous regions: 0->0
[19.941s][info][gc,metaspace   ] GC(26) Metaspace: 16627K(17088K)->16627K(17088K) NonClass: 14201K(14464K)->14201K(14464K) Class: 2426K(2624K)->2426K(2624K)
[19.941s][info][gc             ] GC(26) Pause Young (Normal) (G1 Evacuation Pause) 856M->8M(1456M) 28.049ms
[19.941s][info][gc,cpu         ] GC(26) User=0.00s Sys=0.00s Real=0.03s
[20.043s][info][gc,start       ] GC(27) Pause Young (Normal) (G1 Evacuation Pause)
[20.043s][info][gc,task        ] GC(27) Using 33 workers of 33 for evacuation
[20.047s][info][gc,phases      ] GC(27)   Pre Evacuate Collection Set: 0.1ms
[20.047s][info][gc,phases      ] GC(27)   Merge Heap Roots: 0.2ms
[20.047s][info][gc,phases      ] GC(27)   Evacuate Collection Set: 3.4ms
[20.047s][info][gc,phases      ] GC(27)   Post Evacuate Collection Set: 0.4ms
[20.047s][info][gc,phases      ] GC(27)   Other: 0.1ms
[20.047s][info][gc,heap        ] GC(27) Eden regions: 53->0(3)
[20.047s][info][gc,heap        ] GC(27) Survivor regions: 1->1(7)
[20.047s][info][gc,heap        ] GC(27) Old regions: 12->12
[20.047s][info][gc,heap        ] GC(27) Archive regions: 0->0
[20.047s][info][gc,heap        ] GC(27) Humongous regions: 0->0
[20.047s][info][gc,metaspace   ] GC(27) Metaspace: 16627K(17088K)->16627K(17088K) NonClass: 14201K(14464K)->14201K(14464K) Class: 2426K(2624K)->2426K(2624K)
[20.047s][info][gc             ] GC(27) Pause Young (Normal) (G1 Evacuation Pause) 856M->8M(1456M) 4.411ms
[20.047s][info][gc,cpu         ] GC(27) User=0.00s Sys=0.00s Real=0.00s
[28.023s][info][gc,start       ] GC(28) Pause Young (Normal) (G1 Evacuation Pause)
[28.024s][info][gc,task        ] GC(28) Using 33 workers of 33 for evacuation
[28.033s][info][gc,phases      ] GC(28)   Pre Evacuate Collection Set: 0.2ms
[28.033s][info][gc,phases      ] GC(28)   Merge Heap Roots: 0.2ms
[28.033s][info][gc,phases      ] GC(28)   Evacuate Collection Set: 8.1ms
[28.033s][info][gc,phases      ] GC(28)   Post Evacuate Collection Set: 0.7ms
[28.033s][info][gc,phases      ] GC(28)   Other: 0.2ms
[28.033s][info][gc,heap        ] GC(28) Eden regions: 53->0(52)
[28.033s][info][gc,heap        ] GC(28) Survivor regions: 1->2(7)
[28.033s][info][gc,heap        ] GC(28) Old regions: 12->12
[28.033s][info][gc,heap        ] GC(28) Archive regions: 0->0
[28.033s][info][gc,heap        ] GC(28) Humongous regions: 0->0
[28.033s][info][gc,metaspace   ] GC(28) Metaspace: 16635K(17088K)->16635K(17088K) NonClass: 14209K(14464K)->14209K(14464K) Class: 2426K(2624K)->2426K(2624K)
[28.033s][info][gc             ] GC(28) Pause Young (Normal) (G1 Evacuation Pause) 856M->35M(1456M) 9.950ms
[28.033s][info][gc,cpu         ] GC(28) User=0.52s Sys=0.00s Real=0.02s
[28.789s][info][gc,start       ] GC(29) Pause Young (Normal) (G1 Evacuation Pause)
[28.789s][info][gc,task        ] GC(29) Using 33 workers of 33 for evacuation
[28.868s][info][gc,phases      ] GC(29)   Pre Evacuate Collection Set: 0.2ms
[28.868s][info][gc,phases      ] GC(29)   Merge Heap Roots: 0.2ms
[28.868s][info][gc,phases      ] GC(29)   Evacuate Collection Set: 77.3ms
[28.868s][info][gc,phases      ] GC(29)   Post Evacuate Collection Set: 1.7ms
[28.868s][info][gc,phases      ] GC(29)   Other: 0.1ms
[28.868s][info][gc,heap        ] GC(29) Eden regions: 52->0(34)
[28.868s][info][gc,heap        ] GC(29) Survivor regions: 2->7(7)
[28.868s][info][gc,heap        ] GC(29) Old regions: 12->29
[28.868s][info][gc,heap        ] GC(29) Archive regions: 0->0
[28.868s][info][gc,heap        ] GC(29) Humongous regions: 0->0
[28.868s][info][gc,metaspace   ] GC(29) Metaspace: 16635K(17088K)->16635K(17088K) NonClass: 14209K(14464K)->14209K(14464K) Class: 2426K(2624K)->2426K(2624K)
[28.868s][info][gc             ] GC(29) Pause Young (Normal) (G1 Evacuation Pause) 867M->386M(1456M) 79.780ms
[28.868s][info][gc,cpu         ] GC(29) User=2.84s Sys=0.25s Real=0.09s
[28.884s][info][gc,start       ] GC(30) Pause Young (Normal) (G1 Evacuation Pause)
[28.884s][info][gc,task        ] GC(30) Using 33 workers of 33 for evacuation
[28.922s][info][gc,phases      ] GC(30)   Pre Evacuate Collection Set: 0.1ms
[28.922s][info][gc,phases      ] GC(30)   Merge Heap Roots: 1.3ms
[28.922s][info][gc,phases      ] GC(30)   Evacuate Collection Set: 32.9ms
[28.922s][info][gc,phases      ] GC(30)   Post Evacuate Collection Set: 3.2ms
[28.922s][info][gc,phases      ] GC(30)   Other: 0.1ms
[28.922s][info][gc,heap        ] GC(30) Eden regions: 1->0(6)
[28.922s][info][gc,heap        ] GC(30) Survivor regions: 7->1(1)
[28.922s][info][gc,heap        ] GC(30) Old regions: 29->38
[28.922s][info][gc,heap        ] GC(30) Archive regions: 0->0
[28.922s][info][gc,heap        ] GC(30) Humongous regions: 0->0
[28.922s][info][gc,metaspace   ] GC(30) Metaspace: 16635K(17088K)->16635K(17088K) NonClass: 14209K(14464K)->14209K(14464K) Class: 2426K(2624K)->2426K(2624K)
[28.922s][info][gc             ] GC(30) Pause Young (Normal) (G1 Evacuation Pause) 402M->425M(2432M) 37.782ms
[28.922s][info][gc,cpu         ] GC(30) User=1.03s Sys=0.00s Real=0.03s
[29.209s][info][gc,start       ] GC(31) Pause Young (Normal) (G1 Evacuation Pause)
[29.209s][info][gc,task        ] GC(31) Using 33 workers of 33 for evacuation
[29.248s][info][gc,phases      ] GC(31)   Pre Evacuate Collection Set: 0.2ms
[29.248s][info][gc,phases      ] GC(31)   Merge Heap Roots: 3.7ms
[29.248s][info][gc,phases      ] GC(31)   Evacuate Collection Set: 34.8ms
[29.248s][info][gc,phases      ] GC(31)   Post Evacuate Collection Set: 0.4ms
[29.248s][info][gc,phases      ] GC(31)   Other: 0.1ms
[29.248s][info][gc,heap        ] GC(31) Eden regions: 7->0(6)
[29.248s][info][gc,heap        ] GC(31) Survivor regions: 1->1(1)
[29.248s][info][gc,heap        ] GC(31) Old regions: 38->48
[29.248s][info][gc,heap        ] GC(31) Archive regions: 0->0
[29.248s][info][gc,heap        ] GC(31) Humongous regions: 0->0
[29.248s][info][gc,metaspace   ] GC(31) Metaspace: 16635K(17088K)->16635K(17088K) NonClass: 14209K(14464K)->14209K(14464K) Class: 2426K(2624K)->2426K(2624K)
[29.248s][info][gc             ] GC(31) Pause Young (Normal) (G1 Evacuation Pause) 537M->593M(2432M) 39.497ms
[29.248s][info][gc,cpu         ] GC(31) User=0.95s Sys=0.08s Real=0.03s
[29.802s][info][gc,start       ] GC(32) Pause Young (Normal) (G1 Evacuation Pause)
[29.803s][info][gc,task        ] GC(32) Using 33 workers of 33 for evacuation
[29.829s][info][gc,phases      ] GC(32)   Pre Evacuate Collection Set: 0.2ms
[29.829s][info][gc,phases      ] GC(32)   Merge Heap Roots: 3.0ms
[29.829s][info][gc,phases      ] GC(32)   Evacuate Collection Set: 21.8ms
[29.829s][info][gc,phases      ] GC(32)   Post Evacuate Collection Set: 1.0ms
[29.829s][info][gc,phases      ] GC(32)   Other: 0.1ms
[29.829s][info][gc,heap        ] GC(32) Eden regions: 6->0(6)
[29.829s][info][gc,heap        ] GC(32) Survivor regions: 1->1(1)
[29.829s][info][gc,heap        ] GC(32) Old regions: 48->49
[29.829s][info][gc,heap        ] GC(32) Archive regions: 0->0
[29.829s][info][gc,heap        ] GC(32) Humongous regions: 0->0
[29.829s][info][gc,metaspace   ] GC(32) Metaspace: 16635K(17088K)->16635K(17088K) NonClass: 14209K(14464K)->14209K(14464K) Class: 2426K(2624K)->2426K(2624K)
[29.829s][info][gc             ] GC(32) Pause Young (Normal) (G1 Evacuation Pause) 689M->608M(2432M) 26.314ms
[29.829s][info][gc,cpu         ] GC(32) User=1.03s Sys=0.00s Real=0.03s
[30.014s][info][gc,start       ] GC(33) Pause Young (Normal) (G1 Evacuation Pause)
[30.015s][info][gc,task        ] GC(33) Using 33 workers of 33 for evacuation
[30.037s][info][gc,phases      ] GC(33)   Pre Evacuate Collection Set: 0.2ms
[30.037s][info][gc,phases      ] GC(33)   Merge Heap Roots: 1.8ms
[30.037s][info][gc,phases      ] GC(33)   Evacuate Collection Set: 19.9ms
[30.037s][info][gc,phases      ] GC(33)   Post Evacuate Collection Set: 0.4ms
[30.037s][info][gc,phases      ] GC(33)   Other: 0.1ms
[30.037s][info][gc,heap        ] GC(33) Eden regions: 6->0(6)
[30.037s][info][gc,heap        ] GC(33) Survivor regions: 1->1(1)
[30.037s][info][gc,heap        ] GC(33) Old regions: 49->50
[30.037s][info][gc,heap        ] GC(33) Archive regions: 0->0
[30.037s][info][gc,heap        ] GC(33) Humongous regions: 0->0
[30.037s][info][gc,metaspace   ] GC(33) Metaspace: 16635K(17088K)->16635K(17088K) NonClass: 14209K(14464K)->14209K(14464K) Class: 2426K(2624K)->2426K(2624K)
[30.037s][info][gc             ] GC(33) Pause Young (Normal) (G1 Evacuation Pause) 704M->616M(2432M) 22.760ms
[30.037s][info][gc,cpu         ] GC(33) User=0.52s Sys=0.00s Real=0.02s
[32.415s][info][gc,start       ] GC(34) Pause Full (System.gc())
[32.415s][info][gc,task        ] GC(34) Using 14 workers of 33 for full compaction
[32.416s][info][gc,phases,start] GC(34) Phase 1: Mark live objects
[32.423s][info][gc,phases      ] GC(34) Phase 1: Mark live objects 6.825ms
[32.423s][info][gc,phases,start] GC(34) Phase 2: Prepare compaction
[32.428s][info][gc,phases      ] GC(34) Phase 2: Prepare compaction 4.881ms
[32.428s][info][gc,phases,start] GC(34) Phase 3: Adjust pointers
[32.432s][info][gc,phases      ] GC(34) Phase 3: Adjust pointers 4.730ms
[32.433s][info][gc,phases,start] GC(34) Phase 4: Compact heap
[32.434s][info][gc,phases      ] GC(34) Phase 4: Compact heap 1.732ms
[32.450s][info][gc,heap        ] GC(34) Eden regions: 27->0(2)
[32.450s][info][gc,heap        ] GC(34) Survivor regions: 1->0(1)
[32.450s][info][gc,heap        ] GC(34) Old regions: 50->12
[32.450s][info][gc,heap        ] GC(34) Archive regions: 0->0
[32.450s][info][gc,heap        ] GC(34) Humongous regions: 0->0
[32.450s][info][gc,metaspace   ] GC(34) Metaspace: 16635K(17088K)->16635K(17088K) NonClass: 14209K(14464K)->14209K(14464K) Class: 2426K(2624K)->2426K(2624K)
[32.451s][info][gc             ] GC(34) Pause Full (System.gc()) 1047M->7M(640M) 35.420ms
[32.451s][info][gc,cpu         ] GC(34) User=0.23s Sys=0.48s Real=0.03s
[34.166s][info][gc,start       ] GC(35) Pause Young (Normal) (G1 Evacuation Pause)
[34.166s][info][gc,task        ] GC(35) Using 15 workers of 33 for evacuation
[34.173s][info][gc,phases      ] GC(35)   Pre Evacuate Collection Set: 0.1ms
[34.173s][info][gc,phases      ] GC(35)   Merge Heap Roots: 0.1ms
[34.173s][info][gc,phases      ] GC(35)   Evacuate Collection Set: 0.8ms
[34.173s][info][gc,phases      ] GC(35)   Post Evacuate Collection Set: 5.0ms
[34.173s][info][gc,phases      ] GC(35)   Other: 0.1ms
[34.173s][info][gc,heap        ] GC(35) Eden regions: 13->0(4)
[34.173s][info][gc,heap        ] GC(35) Survivor regions: 0->1(2)
[34.173s][info][gc,heap        ] GC(35) Old regions: 12->12
[34.173s][info][gc,heap        ] GC(35) Archive regions: 0->0
[34.173s][info][gc,heap        ] GC(35) Humongous regions: 0->0
[34.173s][info][gc,metaspace   ] GC(35) Metaspace: 16636K(17088K)->16636K(17088K) NonClass: 14210K(14464K)->14210K(14464K) Class: 2426K(2624K)->2426K(2624K)
[34.173s][info][gc             ] GC(35) Pause Young (Normal) (G1 Evacuation Pause) 215M->9M(1680M) 6.496ms
[34.173s][info][gc,cpu         ] GC(35) User=0.02s Sys=0.00s Real=0.02s
[34.527s][info][gc,start       ] GC(36) Pause Young (Normal) (G1 Evacuation Pause)
[34.527s][info][gc,task        ] GC(36) Using 33 workers of 33 for evacuation
[34.529s][info][gc,phases      ] GC(36)   Pre Evacuate Collection Set: 0.1ms
[34.529s][info][gc,phases      ] GC(36)   Merge Heap Roots: 0.1ms
[34.529s][info][gc,phases      ] GC(36)   Evacuate Collection Set: 1.3ms
[34.529s][info][gc,phases      ] GC(36)   Post Evacuate Collection Set: 0.5ms
[34.529s][info][gc,phases      ] GC(36)   Other: 0.1ms
[34.529s][info][gc,heap        ] GC(36) Eden regions: 48->0(4)
[34.529s][info][gc,heap        ] GC(36) Survivor regions: 1->1(7)
[34.529s][info][gc,heap        ] GC(36) Old regions: 12->12
[34.529s][info][gc,heap        ] GC(36) Archive regions: 0->0
[34.529s][info][gc,heap        ] GC(36) Humongous regions: 0->0
[34.529s][info][gc,metaspace   ] GC(36) Metaspace: 16636K(17088K)->16636K(17088K) NonClass: 14210K(14464K)->14210K(14464K) Class: 2426K(2624K)->2426K(2624K)
[34.529s][info][gc             ] GC(36) Pause Young (Normal) (G1 Evacuation Pause) 777M->9M(1680M) 2.405ms
[34.529s][info][gc,cpu         ] GC(36) User=0.00s Sys=0.00s Real=0.00s
[34.658s][info][gc,start       ] GC(37) Pause Young (Normal) (G1 Evacuation Pause)
[34.658s][info][gc,task        ] GC(37) Using 33 workers of 33 for evacuation
[34.660s][info][gc,phases      ] GC(37)   Pre Evacuate Collection Set: 0.1ms
[34.660s][info][gc,phases      ] GC(37)   Merge Heap Roots: 0.2ms
[34.660s][info][gc,phases      ] GC(37)   Evacuate Collection Set: 1.3ms
[34.660s][info][gc,phases      ] GC(37)   Post Evacuate Collection Set: 0.4ms
[34.660s][info][gc,phases      ] GC(37)   Other: 0.1ms
[34.660s][info][gc,heap        ] GC(37) Eden regions: 54->0(5)
[34.660s][info][gc,heap        ] GC(37) Survivor regions: 1->1(7)
[34.660s][info][gc,heap        ] GC(37) Old regions: 12->12
[34.660s][info][gc,heap        ] GC(37) Archive regions: 0->0
[34.660s][info][gc,heap        ] GC(37) Humongous regions: 0->0
[34.660s][info][gc,metaspace   ] GC(37) Metaspace: 16636K(17088K)->16636K(17088K) NonClass: 14210K(14464K)->14210K(14464K) Class: 2426K(2624K)->2426K(2624K)
[34.660s][info][gc             ] GC(37) Pause Young (Normal) (G1 Evacuation Pause) 873M->9M(1680M) 2.245ms
[34.660s][info][gc,cpu         ] GC(37) User=0.00s Sys=0.00s Real=0.00s
[34.812s][info][gc,start       ] GC(38) Pause Young (Normal) (G1 Evacuation Pause)
[34.812s][info][gc,task        ] GC(38) Using 33 workers of 33 for evacuation
[34.814s][info][gc,phases      ] GC(38)   Pre Evacuate Collection Set: 0.1ms
[34.814s][info][gc,phases      ] GC(38)   Merge Heap Roots: 0.1ms
[34.814s][info][gc,phases      ] GC(38)   Evacuate Collection Set: 1.1ms
[34.814s][info][gc,phases      ] GC(38)   Post Evacuate Collection Set: 0.5ms
[34.814s][info][gc,phases      ] GC(38)   Other: 0.1ms
[34.814s][info][gc,heap        ] GC(38) Eden regions: 62->0(27)
[34.814s][info][gc,heap        ] GC(38) Survivor regions: 1->1(8)
[34.814s][info][gc,heap        ] GC(38) Old regions: 12->12
[34.814s][info][gc,heap        ] GC(38) Archive regions: 0->0
[34.814s][info][gc,heap        ] GC(38) Humongous regions: 0->0
[34.814s][info][gc,metaspace   ] GC(38) Metaspace: 16636K(17088K)->16636K(17088K) NonClass: 14210K(14464K)->14210K(14464K) Class: 2426K(2624K)->2426K(2624K)
[34.814s][info][gc             ] GC(38) Pause Young (Normal) (G1 Evacuation Pause) 1001M->9M(1680M) 2.123ms
[34.814s][info][gc,cpu         ] GC(38) User=0.00s Sys=0.00s Real=0.00s
[35.488s][info][gc,start       ] GC(39) Pause Young (Normal) (G1 Evacuation Pause)
[35.488s][info][gc,task        ] GC(39) Using 33 workers of 33 for evacuation
[35.564s][info][gc,phases      ] GC(39)   Pre Evacuate Collection Set: 0.2ms
[35.564s][info][gc,phases      ] GC(39)   Merge Heap Roots: 0.2ms
[35.564s][info][gc,phases      ] GC(39)   Evacuate Collection Set: 75.0ms
[35.565s][info][gc,phases      ] GC(39)   Post Evacuate Collection Set: 1.1ms
[35.565s][info][gc,phases      ] GC(39)   Other: 0.1ms
[35.565s][info][gc,heap        ] GC(39) Eden regions: 62->0(22)
[35.565s][info][gc,heap        ] GC(39) Survivor regions: 1->8(8)
[35.565s][info][gc,heap        ] GC(39) Old regions: 12->31
[35.565s][info][gc,heap        ] GC(39) Archive regions: 0->0
[35.565s][info][gc,heap        ] GC(39) Humongous regions: 0->0
[35.565s][info][gc,metaspace   ] GC(39) Metaspace: 16636K(17088K)->16636K(17088K) NonClass: 14210K(14464K)->14210K(14464K) Class: 2426K(2624K)->2426K(2624K)
[35.565s][info][gc             ] GC(39) Pause Young (Normal) (G1 Evacuation Pause) 1001M->430M(1680M) 76.978ms
[35.565s][info][gc,cpu         ] GC(39) User=2.06s Sys=0.00s Real=0.06s
[35.576s][info][gc,start       ] GC(40) Pause Young (Normal) (G1 Evacuation Pause)
[35.576s][info][gc,task        ] GC(40) Using 33 workers of 33 for evacuation
[35.605s][info][gc,phases      ] GC(40)   Pre Evacuate Collection Set: 0.1ms
[35.605s][info][gc,phases      ] GC(40)   Merge Heap Roots: 0.6ms
[35.605s][info][gc,phases      ] GC(40)   Evacuate Collection Set: 27.3ms
[35.605s][info][gc,phases      ] GC(40)   Post Evacuate Collection Set: 0.4ms
[35.605s][info][gc,phases      ] GC(40)   Other: 0.1ms
[35.605s][info][gc,heap        ] GC(40) Eden regions: 1->0(4)
[35.605s][info][gc,heap        ] GC(40) Survivor regions: 8->1(2)
[35.605s][info][gc,heap        ] GC(40) Old regions: 31->40
[35.605s][info][gc,heap        ] GC(40) Archive regions: 0->0
[35.605s][info][gc,heap        ] GC(40) Humongous regions: 0->0
[35.605s][info][gc,metaspace   ] GC(40) Metaspace: 16636K(17088K)->16636K(17088K) NonClass: 14210K(14464K)->14210K(14464K) Class: 2426K(2624K)->2426K(2624K)
[35.605s][info][gc             ] GC(40) Pause Young (Normal) (G1 Evacuation Pause) 446M->459M(1680M) 28.637ms
[35.605s][info][gc,cpu         ] GC(40) User=1.03s Sys=0.00s Real=0.03s
[35.860s][info][gc,start       ] GC(41) Pause Young (Normal) (G1 Evacuation Pause)
[35.861s][info][gc,task        ] GC(41) Using 33 workers of 33 for evacuation
[35.895s][info][gc,phases      ] GC(41)   Pre Evacuate Collection Set: 0.1ms
[35.895s][info][gc,phases      ] GC(41)   Merge Heap Roots: 2.3ms
[35.895s][info][gc,phases      ] GC(41)   Evacuate Collection Set: 25.1ms
[35.895s][info][gc,phases      ] GC(41)   Post Evacuate Collection Set: 7.1ms
[35.895s][info][gc,phases      ] GC(41)   Other: 0.1ms
[35.895s][info][gc,heap        ] GC(41) Eden regions: 7->0(12)
[35.895s][info][gc,heap        ] GC(41) Survivor regions: 1->1(1)
[35.895s][info][gc,heap        ] GC(41) Old regions: 40->43
[35.895s][info][gc,heap        ] GC(41) Archive regions: 0->0
[35.895s][info][gc,heap        ] GC(41) Humongous regions: 0->0
[35.895s][info][gc,metaspace   ] GC(41) Metaspace: 16636K(17088K)->16636K(17088K) NonClass: 14210K(14464K)->14210K(14464K) Class: 2426K(2624K)->2426K(2624K)
[35.895s][info][gc             ] GC(41) Pause Young (Normal) (G1 Evacuation Pause) 571M->508M(4272M) 35.030ms
[35.895s][info][gc,cpu         ] GC(41) User=1.03s Sys=0.02s Real=0.05s
[43.197s][info][gc,start       ] GC(42) Pause Young (Normal) (G1 Evacuation Pause)
[43.197s][info][gc,task        ] GC(42) Using 33 workers of 33 for evacuation
[43.244s][info][gc,phases      ] GC(42)   Pre Evacuate Collection Set: 0.2ms
[43.244s][info][gc,phases      ] GC(42)   Merge Heap Roots: 1.8ms
[43.244s][info][gc,phases      ] GC(42)   Evacuate Collection Set: 43.4ms
[43.244s][info][gc,phases      ] GC(42)   Post Evacuate Collection Set: 0.7ms
[43.244s][info][gc,phases      ] GC(42)   Other: 0.1ms
[43.244s][info][gc,heap        ] GC(42) Eden regions: 19->0(11)
[43.244s][info][gc,heap        ] GC(42) Survivor regions: 1->3(3)
[43.244s][info][gc,heap        ] GC(42) Old regions: 43->47
[43.244s][info][gc,heap        ] GC(42) Archive regions: 0->0
[43.244s][info][gc,heap        ] GC(42) Humongous regions: 0->0
[43.244s][info][gc,metaspace   ] GC(42) Metaspace: 16637K(17088K)->16637K(17088K) NonClass: 14211K(14464K)->14211K(14464K) Class: 2426K(2624K)->2426K(2624K)
[43.244s][info][gc             ] GC(42) Pause Young (Normal) (G1 Evacuation Pause) 812M->613M(4272M) 46.619ms
[43.244s][info][gc,cpu         ] GC(42) User=1.22s Sys=0.33s Real=0.05s
[43.507s][info][gc,start       ] GC(43) Pause Young (Normal) (G1 Evacuation Pause)
[43.507s][info][gc,task        ] GC(43) Using 33 workers of 33 for evacuation
[43.561s][info][gc,phases      ] GC(43)   Pre Evacuate Collection Set: 0.2ms
[43.561s][info][gc,phases      ] GC(43)   Merge Heap Roots: 1.0ms
[43.561s][info][gc,phases      ] GC(43)   Evacuate Collection Set: 52.0ms
[43.561s][info][gc,phases      ] GC(43)   Post Evacuate Collection Set: 0.4ms
[43.561s][info][gc,phases      ] GC(43)   Other: 0.1ms
[43.561s][info][gc,heap        ] GC(43) Eden regions: 19->0(22)
[43.561s][info][gc,heap        ] GC(43) Survivor regions: 3->3(3)
[43.561s][info][gc,heap        ] GC(43) Old regions: 47->56
[43.561s][info][gc,heap        ] GC(43) Archive regions: 0->0
[43.561s][info][gc,heap        ] GC(43) Humongous regions: 0->0
[43.561s][info][gc,metaspace   ] GC(43) Metaspace: 16637K(17088K)->16637K(17088K) NonClass: 14211K(14464K)->14211K(14464K) Class: 2426K(2624K)->2426K(2624K)
[43.561s][info][gc             ] GC(43) Pause Young (Normal) (G1 Evacuation Pause) 917M->750M(4272M) 53.952ms
[43.561s][info][gc,cpu         ] GC(43) User=1.70s Sys=0.36s Real=0.06s
[44.148s][info][gc,start       ] GC(44) Pause Young (Normal) (G1 Evacuation Pause)
[44.148s][info][gc,task        ] GC(44) Using 33 workers of 33 for evacuation
[44.239s][info][gc,phases      ] GC(44)   Pre Evacuate Collection Set: 0.2ms
[44.239s][info][gc,phases      ] GC(44)   Merge Heap Roots: 2.9ms
[44.239s][info][gc,phases      ] GC(44)   Evacuate Collection Set: 86.6ms
[44.239s][info][gc,phases      ] GC(44)   Post Evacuate Collection Set: 0.7ms
[44.239s][info][gc,phases      ] GC(44)   Other: 0.1ms
[44.239s][info][gc,heap        ] GC(44) Eden regions: 31->0(24)
[44.239s][info][gc,heap        ] GC(44) Survivor regions: 3->5(5)
[44.239s][info][gc,heap        ] GC(44) Old regions: 56->75
[44.239s][info][gc,heap        ] GC(44) Archive regions: 0->0
[44.239s][info][gc,heap        ] GC(44) Humongous regions: 0->0
[44.239s][info][gc,metaspace   ] GC(44) Metaspace: 16637K(17088K)->16637K(17088K) NonClass: 14211K(14464K)->14211K(14464K) Class: 2426K(2624K)->2426K(2624K)
[44.239s][info][gc             ] GC(44) Pause Young (Normal) (G1 Evacuation Pause) 1246M->1084M(4272M) 90.703ms
[44.239s][info][gc,cpu         ] GC(44) User=1.50s Sys=1.08s Real=0.08s
[44.805s][info][gc,start       ] GC(45) Pause Young (Normal) (G1 Evacuation Pause)
[44.806s][info][gc,task        ] GC(45) Using 33 workers of 33 for evacuation
[44.840s][info][gc,phases      ] GC(45)   Pre Evacuate Collection Set: 0.2ms
[44.840s][info][gc,phases      ] GC(45)   Merge Heap Roots: 5.3ms
[44.840s][info][gc,phases      ] GC(45)   Evacuate Collection Set: 27.3ms
[44.840s][info][gc,phases      ] GC(45)   Post Evacuate Collection Set: 1.3ms
[44.840s][info][gc,phases      ] GC(45)   Other: 0.1ms
[44.840s][info][gc,heap        ] GC(45) Eden regions: 8->0(18)
[44.840s][info][gc,heap        ] GC(45) Survivor regions: 5->2(2)
[44.840s][info][gc,heap        ] GC(45) Old regions: 75->77
[44.840s][info][gc,heap        ] GC(45) Archive regions: 0->0
[44.840s][info][gc,heap        ] GC(45) Humongous regions: 0->0
[44.840s][info][gc,metaspace   ] GC(45) Metaspace: 16637K(17088K)->16637K(17088K) NonClass: 14211K(14464K)->14211K(14464K) Class: 2426K(2624K)->2426K(2624K)
[44.840s][info][gc             ] GC(45) Pause Young (Normal) (G1 Evacuation Pause) 1212M->1066M(4272M) 34.567ms
[44.840s][info][gc,cpu         ] GC(45) User=1.03s Sys=0.00s Real=0.03s
[45.169s][info][gc,start       ] GC(46) Pause Young (Normal) (G1 Evacuation Pause)
[45.169s][info][gc,task        ] GC(46) Using 33 workers of 33 for evacuation
[45.210s][info][gc,phases      ] GC(46)   Pre Evacuate Collection Set: 0.2ms
[45.210s][info][gc,phases      ] GC(46)   Merge Heap Roots: 3.8ms
[45.210s][info][gc,phases      ] GC(46)   Evacuate Collection Set: 25.7ms
[45.210s][info][gc,phases      ] GC(46)   Post Evacuate Collection Set: 11.6ms
[45.210s][info][gc,phases      ] GC(46)   Other: 0.1ms
[45.210s][info][gc,heap        ] GC(46) Eden regions: 11->0(26)
[45.210s][info][gc,heap        ] GC(46) Survivor regions: 2->1(2)
[45.210s][info][gc,heap        ] GC(46) Old regions: 77->78
[45.210s][info][gc,heap        ] GC(46) Archive regions: 0->0
[45.210s][info][gc,heap        ] GC(46) Humongous regions: 0->0
[45.210s][info][gc,metaspace   ] GC(46) Metaspace: 16637K(17088K)->16637K(17088K) NonClass: 14211K(14464K)->14211K(14464K) Class: 2426K(2624K)->2426K(2624K)
[45.210s][info][gc             ] GC(46) Pause Young (Normal) (G1 Evacuation Pause) 1242M->1067M(8544M) 41.616ms
[45.210s][info][gc,cpu         ] GC(46) User=1.05s Sys=0.00s Real=0.05s
[47.311s][info][gc,start       ] GC(47) Pause Full (System.gc())
[47.312s][info][gc,task        ] GC(47) Using 33 workers of 33 for full compaction
[47.313s][info][gc,phases,start] GC(47) Phase 1: Mark live objects
[47.323s][info][gc,phases      ] GC(47) Phase 1: Mark live objects 9.742ms
[47.323s][info][gc,phases,start] GC(47) Phase 2: Prepare compaction
[47.342s][info][gc,phases      ] GC(47) Phase 2: Prepare compaction 19.266ms
[47.342s][info][gc,phases,start] GC(47) Phase 3: Adjust pointers
[47.346s][info][gc,phases      ] GC(47) Phase 3: Adjust pointers 3.785ms
[47.346s][info][gc,phases,start] GC(47) Phase 4: Compact heap
[47.347s][info][gc,phases      ] GC(47) Phase 4: Compact heap 1.174ms
[47.417s][info][gc,heap        ] GC(47) Eden regions: 22->0(18)
[47.417s][info][gc,heap        ] GC(47) Survivor regions: 1->0(2)
[47.417s][info][gc,heap        ] GC(47) Old regions: 78->17
[47.417s][info][gc,heap        ] GC(47) Archive regions: 0->0
[47.417s][info][gc,heap        ] GC(47) Humongous regions: 0->0
[47.417s][info][gc,metaspace   ] GC(47) Metaspace: 16637K(17088K)->16637K(17088K) NonClass: 14211K(14464K)->14211K(14464K) Class: 2426K(2624K)->2426K(2624K)
[47.417s][info][gc             ] GC(47) Pause Full (System.gc()) 1407M->9M(912M) 105.591ms
[47.417s][info][gc,cpu         ] GC(47) User=0.48s Sys=3.02s Real=0.10s
[49.076s][info][gc,start       ] GC(48) Pause Young (Normal) (G1 Evacuation Pause)
[49.077s][info][gc,task        ] GC(48) Using 27 workers of 33 for evacuation
[49.078s][info][gc,phases      ] GC(48)   Pre Evacuate Collection Set: 0.1ms
[49.078s][info][gc,phases      ] GC(48)   Merge Heap Roots: 0.1ms
[49.078s][info][gc,phases      ] GC(48)   Evacuate Collection Set: 0.6ms
[49.078s][info][gc,phases      ] GC(48)   Post Evacuate Collection Set: 0.3ms
[49.078s][info][gc,phases      ] GC(48)   Other: 0.1ms
[49.078s][info][gc,heap        ] GC(48) Eden regions: 18->0(20)
[49.078s][info][gc,heap        ] GC(48) Survivor regions: 0->1(3)
[49.078s][info][gc,heap        ] GC(48) Old regions: 17->17
[49.078s][info][gc,heap        ] GC(48) Archive regions: 0->0
[49.078s][info][gc,heap        ] GC(48) Humongous regions: 0->0
[49.078s][info][gc,metaspace   ] GC(48) Metaspace: 16638K(17088K)->16638K(17088K) NonClass: 14212K(14464K)->14212K(14464K) Class: 2426K(2624K)->2426K(2624K)
[49.078s][info][gc             ] GC(48) Pause Young (Normal) (G1 Evacuation Pause) 297M->11M(912M) 1.490ms
[49.078s][info][gc,cpu         ] GC(48) User=0.00s Sys=0.00s Real=0.00s
[49.115s][info][gc,start       ] GC(49) Pause Young (Normal) (G1 Evacuation Pause)
[49.115s][info][gc,task        ] GC(49) Using 24 workers of 33 for evacuation
[49.116s][info][gc,phases      ] GC(49)   Pre Evacuate Collection Set: 0.1ms
[49.116s][info][gc,phases      ] GC(49)   Merge Heap Roots: 0.1ms
[49.116s][info][gc,phases      ] GC(49)   Evacuate Collection Set: 0.5ms
[49.116s][info][gc,phases      ] GC(49)   Post Evacuate Collection Set: 0.3ms
[49.116s][info][gc,phases      ] GC(49)   Other: 0.1ms
[49.116s][info][gc,heap        ] GC(49) Eden regions: 20->0(22)
[49.116s][info][gc,heap        ] GC(49) Survivor regions: 1->1(3)
[49.116s][info][gc,heap        ] GC(49) Old regions: 17->17
[49.116s][info][gc,heap        ] GC(49) Archive regions: 0->0
[49.116s][info][gc,heap        ] GC(49) Humongous regions: 0->0
[49.116s][info][gc,metaspace   ] GC(49) Metaspace: 16638K(17088K)->16638K(17088K) NonClass: 14212K(14464K)->14212K(14464K) Class: 2426K(2624K)->2426K(2624K)
[49.116s][info][gc             ] GC(49) Pause Young (Normal) (G1 Evacuation Pause) 331M->11M(912M) 1.379ms
[49.116s][info][gc,cpu         ] GC(49) User=0.38s Sys=0.00s Real=0.02s
[49.157s][info][gc,start       ] GC(50) Pause Young (Normal) (G1 Evacuation Pause)
[49.157s][info][gc,task        ] GC(50) Using 22 workers of 33 for evacuation
[49.159s][info][gc,phases      ] GC(50)   Pre Evacuate Collection Set: 0.1ms
[49.159s][info][gc,phases      ] GC(50)   Merge Heap Roots: 0.1ms
[49.159s][info][gc,phases      ] GC(50)   Evacuate Collection Set: 0.5ms
[49.159s][info][gc,phases      ] GC(50)   Post Evacuate Collection Set: 0.3ms
[49.159s][info][gc,phases      ] GC(50)   Other: 0.1ms
[49.159s][info][gc,heap        ] GC(50) Eden regions: 22->0(24)
[49.159s][info][gc,heap        ] GC(50) Survivor regions: 1->1(3)
[49.159s][info][gc,heap        ] GC(50) Old regions: 17->17
[49.159s][info][gc,heap        ] GC(50) Archive regions: 0->0
[49.159s][info][gc,heap        ] GC(50) Humongous regions: 0->0
[49.159s][info][gc,metaspace   ] GC(50) Metaspace: 16640K(17088K)->16640K(17088K) NonClass: 14214K(14464K)->14214K(14464K) Class: 2426K(2624K)->2426K(2624K)
[49.159s][info][gc             ] GC(50) Pause Young (Normal) (G1 Evacuation Pause) 363M->11M(912M) 1.368ms
[49.159s][info][gc,cpu         ] GC(50) User=0.00s Sys=0.00s Real=0.00s
[49.203s][info][gc,start       ] GC(51) Pause Young (Normal) (G1 Evacuation Pause)
[49.203s][info][gc,task        ] GC(51) Using 21 workers of 33 for evacuation
[49.205s][info][gc,phases      ] GC(51)   Pre Evacuate Collection Set: 0.1ms
[49.205s][info][gc,phases      ] GC(51)   Merge Heap Roots: 0.1ms
[49.205s][info][gc,phases      ] GC(51)   Evacuate Collection Set: 0.5ms
[49.205s][info][gc,phases      ] GC(51)   Post Evacuate Collection Set: 0.3ms
[49.205s][info][gc,phases      ] GC(51)   Other: 0.1ms
[49.205s][info][gc,heap        ] GC(51) Eden regions: 24->0(26)
[49.205s][info][gc,heap        ] GC(51) Survivor regions: 1->1(4)
[49.205s][info][gc,heap        ] GC(51) Old regions: 17->17
[49.205s][info][gc,heap        ] GC(51) Archive regions: 0->0
[49.205s][info][gc,heap        ] GC(51) Humongous regions: 0->0
[49.205s][info][gc,metaspace   ] GC(51) Metaspace: 16640K(17088K)->16640K(17088K) NonClass: 14214K(14464K)->14214K(14464K) Class: 2426K(2624K)->2426K(2624K)
[49.205s][info][gc             ] GC(51) Pause Young (Normal) (G1 Evacuation Pause) 395M->11M(912M) 1.301ms
[49.205s][info][gc,cpu         ] GC(51) User=0.00s Sys=0.00s Real=0.00s
[49.253s][info][gc,start       ] GC(52) Pause Young (Normal) (G1 Evacuation Pause)
[49.253s][info][gc,task        ] GC(52) Using 21 workers of 33 for evacuation
[49.255s][info][gc,phases      ] GC(52)   Pre Evacuate Collection Set: 0.1ms
[49.255s][info][gc,phases      ] GC(52)   Merge Heap Roots: 0.1ms
[49.255s][info][gc,phases      ] GC(52)   Evacuate Collection Set: 0.5ms
[49.255s][info][gc,phases      ] GC(52)   Post Evacuate Collection Set: 1.0ms
[49.255s][info][gc,phases      ] GC(52)   Other: 0.1ms
[49.255s][info][gc,heap        ] GC(52) Eden regions: 26->0(40)
[49.255s][info][gc,heap        ] GC(52) Survivor regions: 1->1(4)
[49.255s][info][gc,heap        ] GC(52) Old regions: 17->17
[49.255s][info][gc,heap        ] GC(52) Archive regions: 0->0
[49.255s][info][gc,heap        ] GC(52) Humongous regions: 0->0
[49.255s][info][gc,metaspace   ] GC(52) Metaspace: 16640K(17088K)->16640K(17088K) NonClass: 14214K(14464K)->14214K(14464K) Class: 2426K(2624K)->2426K(2624K)
[49.255s][info][gc             ] GC(52) Pause Young (Normal) (G1 Evacuation Pause) 427M->11M(1168M) 2.050ms
[49.255s][info][gc,cpu         ] GC(52) User=0.00s Sys=0.00s Real=0.00s
[49.405s][info][gc,start       ] GC(53) Pause Young (Normal) (G1 Evacuation Pause)
[49.405s][info][gc,task        ] GC(53) Using 28 workers of 33 for evacuation
[49.407s][info][gc,phases      ] GC(53)   Pre Evacuate Collection Set: 0.1ms
[49.407s][info][gc,phases      ] GC(53)   Merge Heap Roots: 0.1ms
[49.407s][info][gc,phases      ] GC(53)   Evacuate Collection Set: 0.5ms
[49.407s][info][gc,phases      ] GC(53)   Post Evacuate Collection Set: 0.4ms
[49.407s][info][gc,phases      ] GC(53)   Other: 0.1ms
[49.407s][info][gc,heap        ] GC(53) Eden regions: 40->0(42)
[49.407s][info][gc,heap        ] GC(53) Survivor regions: 1->1(6)
[49.407s][info][gc,heap        ] GC(53) Old regions: 17->17
[49.407s][info][gc,heap        ] GC(53) Archive regions: 0->0
[49.407s][info][gc,heap        ] GC(53) Humongous regions: 0->0
[49.407s][info][gc,metaspace   ] GC(53) Metaspace: 16640K(17088K)->16640K(17088K) NonClass: 14214K(14464K)->14214K(14464K) Class: 2426K(2624K)->2426K(2624K)
[49.407s][info][gc             ] GC(53) Pause Young (Normal) (G1 Evacuation Pause) 651M->11M(1168M) 1.474ms
[49.407s][info][gc,cpu         ] GC(53) User=0.00s Sys=0.00s Real=0.00s
[49.481s][info][gc,start       ] GC(54) Pause Young (Normal) (G1 Evacuation Pause)
[49.481s][info][gc,task        ] GC(54) Using 28 workers of 33 for evacuation
[49.483s][info][gc,phases      ] GC(54)   Pre Evacuate Collection Set: 0.1ms
[49.483s][info][gc,phases      ] GC(54)   Merge Heap Roots: 0.1ms
[49.483s][info][gc,phases      ] GC(54)   Evacuate Collection Set: 0.5ms
[49.483s][info][gc,phases      ] GC(54)   Post Evacuate Collection Set: 0.4ms
[49.483s][info][gc,phases      ] GC(54)   Other: 0.1ms
[49.483s][info][gc,heap        ] GC(54) Eden regions: 42->0(42)
[49.483s][info][gc,heap        ] GC(54) Survivor regions: 1->1(6)
[49.483s][info][gc,heap        ] GC(54) Old regions: 17->17
[49.483s][info][gc,heap        ] GC(54) Archive regions: 0->0
[49.483s][info][gc,heap        ] GC(54) Humongous regions: 0->0
[49.483s][info][gc,metaspace   ] GC(54) Metaspace: 16640K(17088K)->16640K(17088K) NonClass: 14214K(14464K)->14214K(14464K) Class: 2426K(2624K)->2426K(2624K)
[49.483s][info][gc             ] GC(54) Pause Young (Normal) (G1 Evacuation Pause) 683M->10M(1168M) 1.431ms
[49.483s][info][gc,cpu         ] GC(54) User=0.00s Sys=0.00s Real=0.00s
[50.054s][info][gc,start       ] GC(55) Pause Young (Normal) (G1 Evacuation Pause)
[50.054s][info][gc,task        ] GC(55) Using 28 workers of 33 for evacuation
[50.149s][info][gc,phases      ] GC(55)   Pre Evacuate Collection Set: 0.1ms
[50.149s][info][gc,phases      ] GC(55)   Merge Heap Roots: 0.2ms
[50.149s][info][gc,phases      ] GC(55)   Evacuate Collection Set: 93.4ms
[50.149s][info][gc,phases      ] GC(55)   Post Evacuate Collection Set: 0.9ms
[50.149s][info][gc,phases      ] GC(55)   Other: 0.1ms
[50.149s][info][gc,heap        ] GC(55) Eden regions: 42->0(23)
[50.149s][info][gc,heap        ] GC(55) Survivor regions: 1->6(6)
[50.149s][info][gc,heap        ] GC(55) Old regions: 17->34
[50.149s][info][gc,heap        ] GC(55) Archive regions: 0->0
[50.149s][info][gc,heap        ] GC(55) Humongous regions: 0->0
[50.149s][info][gc,metaspace   ] GC(55) Metaspace: 16640K(17088K)->16640K(17088K) NonClass: 14214K(14464K)->14214K(14464K) Class: 2426K(2624K)->2426K(2624K)
[50.149s][info][gc             ] GC(55) Pause Young (Normal) (G1 Evacuation Pause) 682M->369M(1328M) 95.180ms
[50.149s][info][gc,cpu         ] GC(55) User=2.02s Sys=0.61s Real=0.09s
[59.219s][info][gc,start       ] GC(56) Pause Young (Normal) (G1 Evacuation Pause)
[59.219s][info][gc,task        ] GC(56) Using 31 workers of 33 for evacuation
[59.263s][info][gc,phases      ] GC(56)   Pre Evacuate Collection Set: 0.2ms
[59.263s][info][gc,phases      ] GC(56)   Merge Heap Roots: 1.5ms
[59.263s][info][gc,phases      ] GC(56)   Evacuate Collection Set: 42.0ms
[59.263s][info][gc,phases      ] GC(56)   Post Evacuate Collection Set: 0.5ms
[59.263s][info][gc,phases      ] GC(56)   Other: 0.1ms
[59.263s][info][gc,heap        ] GC(56) Eden regions: 23->0(21)
[59.263s][info][gc,heap        ] GC(56) Survivor regions: 6->4(4)
[59.263s][info][gc,heap        ] GC(56) Old regions: 34->41
[59.263s][info][gc,heap        ] GC(56) Archive regions: 0->0
[59.263s][info][gc,heap        ] GC(56) Humongous regions: 0->0
[59.263s][info][gc,metaspace   ] GC(56) Metaspace: 16642K(17088K)->16642K(17088K) NonClass: 14216K(14464K)->14216K(14464K) Class: 2426K(2624K)->2426K(2624K)
[59.263s][info][gc             ] GC(56) Pause Young (Normal) (G1 Evacuation Pause) 737M->451M(1328M) 44.576ms
[59.263s][info][gc,cpu         ] GC(56) User=1.45s Sys=0.00s Real=0.05s
[59.541s][info][gc,start       ] GC(57) Pause Young (Concurrent Start) (G1 Evacuation Pause)
[59.541s][info][gc,task        ] GC(57) Using 31 workers of 33 for evacuation
[59.588s][info][gc,phases      ] GC(57)   Pre Evacuate Collection Set: 0.3ms
[59.588s][info][gc,phases      ] GC(57)   Merge Heap Roots: 0.3ms
[59.588s][info][gc,phases      ] GC(57)   Evacuate Collection Set: 46.1ms
[59.588s][info][gc,phases      ] GC(57)   Post Evacuate Collection Set: 0.4ms
[59.588s][info][gc,phases      ] GC(57)   Other: 0.1ms
[59.588s][info][gc,heap        ] GC(57) Eden regions: 21->0(15)
[59.588s][info][gc,heap        ] GC(57) Survivor regions: 4->4(4)
[59.588s][info][gc,heap        ] GC(57) Old regions: 41->50
[59.588s][info][gc,heap        ] GC(57) Archive regions: 0->0
[59.588s][info][gc,heap        ] GC(57) Humongous regions: 0->0
[59.588s][info][gc,metaspace   ] GC(57) Metaspace: 16642K(17088K)->16642K(17088K) NonClass: 14216K(14464K)->14216K(14464K) Class: 2426K(2624K)->2426K(2624K)
[59.588s][info][gc             ] GC(57) Pause Young (Concurrent Start) (G1 Evacuation Pause) 787M->599M(1328M) 47.544ms
[59.588s][info][gc             ] GC(58) Concurrent Mark Cycle
[59.588s][info][gc,cpu         ] GC(57) User=1.45s Sys=0.00s Real=0.05s
[59.588s][info][gc,marking     ] GC(58) Concurrent Scan Root Regions
[59.608s][info][gc,marking     ] GC(58) Concurrent Scan Root Regions 20.092ms
[59.608s][info][gc,marking     ] GC(58) Concurrent Mark
[59.608s][info][gc,marking     ] GC(58) Concurrent Mark From Roots
[59.608s][info][gc,task        ] GC(58) Using 8 workers of 8 for marking
[59.620s][info][gc,marking     ] GC(58) Concurrent Mark From Roots 11.474ms
[59.620s][info][gc,marking     ] GC(58) Concurrent Preclean
[59.620s][info][gc,marking     ] GC(58) Concurrent Preclean 0.062ms
[59.620s][info][gc,start       ] GC(58) Pause Remark
[59.623s][info][gc             ] GC(58) Pause Remark 633M->633M(1504M) 2.477ms
[59.623s][info][gc,cpu         ] GC(58) User=0.00s Sys=0.00s Real=0.00s
[59.623s][info][gc,marking     ] GC(58) Concurrent Mark 14.307ms
[59.623s][info][gc,marking     ] GC(58) Concurrent Rebuild Remembered Sets and Scrub Regions
[59.698s][info][gc,marking     ] GC(58) Concurrent Rebuild Remembered Sets and Scrub Regions 74.796ms
[59.698s][info][gc,start       ] GC(58) Pause Cleanup
[59.698s][info][gc             ] GC(58) Pause Cleanup 697M->697M(1504M) 0.208ms
[59.698s][info][gc,cpu         ] GC(58) User=0.00s Sys=0.00s Real=0.00s
[59.698s][info][gc,marking     ] GC(58) Concurrent Clear Claimed Marks
[59.698s][info][gc,marking     ] GC(58) Concurrent Clear Claimed Marks 0.043ms
[59.698s][info][gc,marking     ] GC(58) Concurrent Cleanup for Next Mark
[59.701s][info][gc,marking     ] GC(58) Concurrent Cleanup for Next Mark 2.724ms
[59.701s][info][gc             ] GC(58) Concurrent Mark Cycle 112.635ms
[59.869s][info][gc,start       ] GC(59) Pause Young (Prepare Mixed) (G1 Evacuation Pause)
[59.869s][info][gc,task        ] GC(59) Using 33 workers of 33 for evacuation
[59.907s][info][gc,phases      ] GC(59)   Pre Evacuate Collection Set: 0.1ms
[59.907s][info][gc,phases      ] GC(59)   Merge Heap Roots: 0.6ms
[59.907s][info][gc,phases      ] GC(59)   Evacuate Collection Set: 36.7ms
[59.907s][info][gc,phases      ] GC(59)   Post Evacuate Collection Set: 0.4ms
[59.907s][info][gc,phases      ] GC(59)   Other: 0.1ms
[59.907s][info][gc,heap        ] GC(59) Eden regions: 15->0(17)
[59.907s][info][gc,heap        ] GC(59) Survivor regions: 4->3(3)
[59.907s][info][gc,heap        ] GC(59) Old regions: 49->57
[59.907s][info][gc,heap        ] GC(59) Archive regions: 0->0
[59.907s][info][gc,heap        ] GC(59) Humongous regions: 0->0
[59.907s][info][gc,metaspace   ] GC(59) Metaspace: 16642K(17088K)->16642K(17088K) NonClass: 14216K(14464K)->14216K(14464K) Class: 2426K(2624K)->2426K(2624K)
[59.907s][info][gc             ] GC(59) Pause Young (Prepare Mixed) (G1 Evacuation Pause) 839M->711M(1504M) 38.133ms
[59.907s][info][gc,cpu         ] GC(59) User=1.55s Sys=0.00s Real=0.05s
[60.149s][info][gc,start       ] GC(60) Pause Young (Mixed) (G1 Evacuation Pause)
[60.150s][info][gc,task        ] GC(60) Using 33 workers of 33 for evacuation
[60.191s][info][gc,phases      ] GC(60)   Pre Evacuate Collection Set: 0.1ms
[60.191s][info][gc,phases      ] GC(60)   Merge Heap Roots: 0.3ms
[60.191s][info][gc,phases      ] GC(60)   Evacuate Collection Set: 36.6ms
[60.191s][info][gc,phases      ] GC(60)   Post Evacuate Collection Set: 4.4ms
[60.191s][info][gc,phases      ] GC(60)   Other: 0.1ms
[60.191s][info][gc,heap        ] GC(60) Eden regions: 17->0(40)
[60.191s][info][gc,heap        ] GC(60) Survivor regions: 3->3(3)
[60.191s][info][gc,heap        ] GC(60) Old regions: 57->55
[60.191s][info][gc,heap        ] GC(60) Archive regions: 0->0
[60.191s][info][gc,heap        ] GC(60) Humongous regions: 0->0
[60.191s][info][gc,metaspace   ] GC(60) Metaspace: 16642K(17088K)->16642K(17088K) NonClass: 14216K(14464K)->14216K(14464K) Class: 2426K(2624K)->2426K(2624K)
[60.191s][info][gc             ] GC(60) Pause Young (Mixed) (G1 Evacuation Pause) 983M->801M(3008M) 41.854ms
[60.191s][info][gc,cpu         ] GC(60) User=1.03s Sys=0.00s Real=0.03s
[61.614s][info][gc,start       ] GC(61) Pause Young (Mixed) (G1 Evacuation Pause)
[61.614s][info][gc,task        ] GC(61) Using 33 workers of 33 for evacuation
[61.672s][info][gc,phases      ] GC(61)   Pre Evacuate Collection Set: 0.2ms
[61.672s][info][gc,phases      ] GC(61)   Merge Heap Roots: 4.1ms
[61.672s][info][gc,phases      ] GC(61)   Evacuate Collection Set: 52.4ms
[61.672s][info][gc,phases      ] GC(61)   Post Evacuate Collection Set: 0.9ms
[61.672s][info][gc,phases      ] GC(61)   Other: 0.1ms
[61.672s][info][gc,heap        ] GC(61) Eden regions: 35->0(55)
[61.672s][info][gc,heap        ] GC(61) Survivor regions: 3->5(5)
[61.672s][info][gc,heap        ] GC(61) Old regions: 55->43
[61.672s][info][gc,heap        ] GC(61) Archive regions: 0->0
[61.672s][info][gc,heap        ] GC(61) Humongous regions: 0->0
[61.672s][info][gc,metaspace   ] GC(61) Metaspace: 16642K(17088K)->16642K(17088K) NonClass: 14216K(14464K)->14216K(14464K) Class: 2426K(2624K)->2426K(2624K)
[61.672s][info][gc             ] GC(61) Pause Young (Mixed) (G1 Evacuation Pause) 1361M->668M(3008M) 57.963ms
[61.672s][info][gc,cpu         ] GC(61) User=1.80s Sys=0.27s Real=0.06s
[63.548s][info][gc,start       ] GC(62) Pause Full (System.gc())
[63.548s][info][gc,task        ] GC(62) Using 18 workers of 33 for full compaction
[63.549s][info][gc,phases,start] GC(62) Phase 1: Mark live objects
[63.558s][info][gc,phases      ] GC(62) Phase 1: Mark live objects 9.664ms
[63.558s][info][gc,phases,start] GC(62) Phase 2: Prepare compaction
[63.561s][info][gc,phases      ] GC(62) Phase 2: Prepare compaction 2.841ms
[63.561s][info][gc,phases,start] GC(62) Phase 3: Adjust pointers
[63.565s][info][gc,phases      ] GC(62) Phase 3: Adjust pointers 3.596ms
[63.565s][info][gc,phases,start] GC(62) Phase 4: Compact heap
[63.566s][info][gc,phases      ] GC(62) Phase 4: Compact heap 1.107ms
[63.582s][info][gc,heap        ] GC(62) Eden regions: 17->0(19)
[63.582s][info][gc,heap        ] GC(62) Survivor regions: 5->0(5)
[63.582s][info][gc,heap        ] GC(62) Old regions: 43->15
[63.582s][info][gc,heap        ] GC(62) Archive regions: 0->0
[63.582s][info][gc,heap        ] GC(62) Humongous regions: 0->0
[63.583s][info][gc,metaspace   ] GC(62) Metaspace: 16643K(17088K)->16643K(17088K) NonClass: 14217K(14464K)->14217K(14464K) Class: 2426K(2624K)->2426K(2624K)
[63.583s][info][gc             ] GC(62) Pause Full (System.gc()) 940M->10M(800M) 34.844ms
[63.583s][info][gc,cpu         ] GC(62) User=0.03s Sys=0.50s Real=0.03s
[65.226s][info][gc,start       ] GC(63) Pause Young (Normal) (G1 Evacuation Pause)
[65.226s][info][gc,task        ] GC(63) Using 19 workers of 33 for evacuation
[65.227s][info][gc,phases      ] GC(63)   Pre Evacuate Collection Set: 0.1ms
[65.227s][info][gc,phases      ] GC(63)   Merge Heap Roots: 0.1ms
[65.227s][info][gc,phases      ] GC(63)   Evacuate Collection Set: 0.6ms
[65.227s][info][gc,phases      ] GC(63)   Post Evacuate Collection Set: 0.3ms
[65.227s][info][gc,phases      ] GC(63)   Other: 0.1ms
[65.227s][info][gc,heap        ] GC(63) Eden regions: 19->0(20)
[65.227s][info][gc,heap        ] GC(63) Survivor regions: 0->1(3)
[65.227s][info][gc,heap        ] GC(63) Old regions: 15->15
[65.227s][info][gc,heap        ] GC(63) Archive regions: 0->0
[65.227s][info][gc,heap        ] GC(63) Humongous regions: 0->0
[65.227s][info][gc,metaspace   ] GC(63) Metaspace: 16644K(17088K)->16644K(17088K) NonClass: 14218K(14464K)->14218K(14464K) Class: 2426K(2624K)->2426K(2624K)
[65.228s][info][gc             ] GC(63) Pause Young (Normal) (G1 Evacuation Pause) 314M->18M(800M) 1.507ms
[65.228s][info][gc,cpu         ] GC(63) User=0.00s Sys=0.00s Real=0.00s
[65.265s][info][gc,start       ] GC(64) Pause Young (Normal) (G1 Evacuation Pause)
[65.266s][info][gc,task        ] GC(64) Using 19 workers of 33 for evacuation
[65.267s][info][gc,phases      ] GC(64)   Pre Evacuate Collection Set: 0.1ms
[65.267s][info][gc,phases      ] GC(64)   Merge Heap Roots: 0.1ms
[65.267s][info][gc,phases      ] GC(64)   Evacuate Collection Set: 0.5ms
[65.267s][info][gc,phases      ] GC(64)   Post Evacuate Collection Set: 0.4ms
[65.267s][info][gc,phases      ] GC(64)   Other: 0.1ms
[65.267s][info][gc,heap        ] GC(64) Eden regions: 20->0(22)
[65.267s][info][gc,heap        ] GC(64) Survivor regions: 1->1(3)
[65.267s][info][gc,heap        ] GC(64) Old regions: 15->15
[65.267s][info][gc,heap        ] GC(64) Archive regions: 0->0
[65.267s][info][gc,heap        ] GC(64) Humongous regions: 0->0
[65.267s][info][gc,metaspace   ] GC(64) Metaspace: 16644K(17088K)->16644K(17088K) NonClass: 14218K(14464K)->14218K(14464K) Class: 2426K(2624K)->2426K(2624K)
[65.267s][info][gc             ] GC(64) Pause Young (Normal) (G1 Evacuation Pause) 338M->13M(800M) 1.382ms
[65.267s][info][gc,cpu         ] GC(64) User=0.00s Sys=0.00s Real=0.00s
[65.307s][info][gc,start       ] GC(65) Pause Young (Normal) (G1 Evacuation Pause)
[65.307s][info][gc,task        ] GC(65) Using 19 workers of 33 for evacuation
[65.308s][info][gc,phases      ] GC(65)   Pre Evacuate Collection Set: 0.1ms
[65.308s][info][gc,phases      ] GC(65)   Merge Heap Roots: 0.1ms
[65.308s][info][gc,phases      ] GC(65)   Evacuate Collection Set: 0.5ms
[65.308s][info][gc,phases      ] GC(65)   Post Evacuate Collection Set: 0.3ms
[65.308s][info][gc,phases      ] GC(65)   Other: 0.1ms
[65.308s][info][gc,heap        ] GC(65) Eden regions: 22->0(24)
[65.308s][info][gc,heap        ] GC(65) Survivor regions: 1->1(3)
[65.308s][info][gc,heap        ] GC(65) Old regions: 15->15
[65.308s][info][gc,heap        ] GC(65) Archive regions: 0->0
[65.308s][info][gc,heap        ] GC(65) Humongous regions: 0->0
[65.308s][info][gc,metaspace   ] GC(65) Metaspace: 16644K(17088K)->16644K(17088K) NonClass: 14218K(14464K)->14218K(14464K) Class: 2426K(2624K)->2426K(2624K)
[65.308s][info][gc             ] GC(65) Pause Young (Normal) (G1 Evacuation Pause) 365M->12M(800M) 1.336ms
[65.309s][info][gc,cpu         ] GC(65) User=0.00s Sys=0.00s Real=0.00s
[65.353s][info][gc,start       ] GC(66) Pause Young (Normal) (G1 Evacuation Pause)
[65.353s][info][gc,task        ] GC(66) Using 19 workers of 33 for evacuation
[65.355s][info][gc,phases      ] GC(66)   Pre Evacuate Collection Set: 0.1ms
[65.355s][info][gc,phases      ] GC(66)   Merge Heap Roots: 0.1ms
[65.355s][info][gc,phases      ] GC(66)   Evacuate Collection Set: 0.5ms
[65.355s][info][gc,phases      ] GC(66)   Post Evacuate Collection Set: 1.6ms
[65.355s][info][gc,phases      ] GC(66)   Other: 0.1ms
[65.355s][info][gc,heap        ] GC(66) Eden regions: 24->0(46)
[65.355s][info][gc,heap        ] GC(66) Survivor regions: 1->1(4)
[65.355s][info][gc,heap        ] GC(66) Old regions: 15->15
[65.355s][info][gc,heap        ] GC(66) Archive regions: 0->0
[65.355s][info][gc,heap        ] GC(66) Humongous regions: 0->0
[65.355s][info][gc,metaspace   ] GC(66) Metaspace: 16644K(17088K)->16644K(17088K) NonClass: 14218K(14464K)->14218K(14464K) Class: 2426K(2624K)->2426K(2624K)
[65.355s][info][gc             ] GC(66) Pause Young (Normal) (G1 Evacuation Pause) 396M->12M(1264M) 2.603ms
[65.355s][info][gc,cpu         ] GC(66) User=0.00s Sys=0.00s Real=0.00s
[65.578s][info][gc,start       ] GC(67) Pause Young (Normal) (G1 Evacuation Pause)
[65.579s][info][gc,task        ] GC(67) Using 30 workers of 33 for evacuation
[65.580s][info][gc,phases      ] GC(67)   Pre Evacuate Collection Set: 0.1ms
[65.580s][info][gc,phases      ] GC(67)   Merge Heap Roots: 0.1ms
[65.580s][info][gc,phases      ] GC(67)   Evacuate Collection Set: 0.6ms
[65.580s][info][gc,phases      ] GC(67)   Post Evacuate Collection Set: 0.4ms
[65.580s][info][gc,phases      ] GC(67)   Other: 0.1ms
[65.580s][info][gc,heap        ] GC(67) Eden regions: 46->0(46)
[65.580s][info][gc,heap        ] GC(67) Survivor regions: 1->1(6)
[65.580s][info][gc,heap        ] GC(67) Old regions: 15->15
[65.580s][info][gc,heap        ] GC(67) Archive regions: 0->0
[65.580s][info][gc,heap        ] GC(67) Humongous regions: 0->0
[65.580s][info][gc,metaspace   ] GC(67) Metaspace: 16644K(17088K)->16644K(17088K) NonClass: 14218K(14464K)->14218K(14464K) Class: 2426K(2624K)->2426K(2624K)
[65.580s][info][gc             ] GC(67) Pause Young (Normal) (G1 Evacuation Pause) 748M->12M(1264M) 1.577ms
[65.580s][info][gc,cpu         ] GC(67) User=0.00s Sys=0.00s Real=0.00s
[65.663s][info][gc,start       ] GC(68) Pause Young (Normal) (G1 Evacuation Pause)
[65.663s][info][gc,task        ] GC(68) Using 30 workers of 33 for evacuation
[65.664s][info][gc,phases      ] GC(68)   Pre Evacuate Collection Set: 0.1ms
[65.664s][info][gc,phases      ] GC(68)   Merge Heap Roots: 0.1ms
[65.664s][info][gc,phases      ] GC(68)   Evacuate Collection Set: 0.6ms
[65.664s][info][gc,phases      ] GC(68)   Post Evacuate Collection Set: 0.4ms
[65.664s][info][gc,phases      ] GC(68)   Other: 0.1ms
[65.664s][info][gc,heap        ] GC(68) Eden regions: 46->0(46)
[65.664s][info][gc,heap        ] GC(68) Survivor regions: 1->1(6)
[65.664s][info][gc,heap        ] GC(68) Old regions: 15->15
[65.664s][info][gc,heap        ] GC(68) Archive regions: 0->0
[65.664s][info][gc,heap        ] GC(68) Humongous regions: 0->0
[65.664s][info][gc,metaspace   ] GC(68) Metaspace: 16644K(17088K)->16644K(17088K) NonClass: 14218K(14464K)->14218K(14464K) Class: 2426K(2624K)->2426K(2624K)
[65.664s][info][gc             ] GC(68) Pause Young (Normal) (G1 Evacuation Pause) 748M->12M(1264M) 1.593ms
[65.664s][info][gc,cpu         ] GC(68) User=0.00s Sys=0.00s Real=0.00s
[66.034s][info][gc,start       ] GC(69) Pause Young (Normal) (G1 Evacuation Pause)
[66.034s][info][gc,task        ] GC(69) Using 30 workers of 33 for evacuation
[66.080s][info][gc,phases      ] GC(69)   Pre Evacuate Collection Set: 0.1ms
[66.080s][info][gc,phases      ] GC(69)   Merge Heap Roots: 0.2ms
[66.080s][info][gc,phases      ] GC(69)   Evacuate Collection Set: 45.0ms
[66.080s][info][gc,phases      ] GC(69)   Post Evacuate Collection Set: 0.8ms
[66.080s][info][gc,phases      ] GC(69)   Other: 0.1ms
[66.080s][info][gc,heap        ] GC(69) Eden regions: 46->0(31)
[66.080s][info][gc,heap        ] GC(69) Survivor regions: 1->6(6)
[66.080s][info][gc,heap        ] GC(69) Old regions: 15->24
[66.080s][info][gc,heap        ] GC(69) Archive regions: 0->0
[66.080s][info][gc,heap        ] GC(69) Humongous regions: 0->0
[66.080s][info][gc,metaspace   ] GC(69) Metaspace: 16644K(17088K)->16644K(17088K) NonClass: 14218K(14464K)->14218K(14464K) Class: 2426K(2624K)->2426K(2624K)
[66.080s][info][gc             ] GC(69) Pause Young (Normal) (G1 Evacuation Pause) 748M->247M(1264M) 46.592ms
[66.080s][info][gc,cpu         ] GC(69) User=1.41s Sys=0.00s Real=0.05s
[68.948s][info][gc,start       ] GC(70) Pause Young (Normal) (G1 Evacuation Pause)
[68.948s][info][gc,task        ] GC(70) Using 30 workers of 33 for evacuation
[68.977s][info][gc,phases      ] GC(70)   Pre Evacuate Collection Set: 0.1ms
[68.977s][info][gc,phases      ] GC(70)   Merge Heap Roots: 0.7ms
[68.977s][info][gc,phases      ] GC(70)   Evacuate Collection Set: 27.4ms
[68.977s][info][gc,phases      ] GC(70)   Post Evacuate Collection Set: 0.5ms
[68.977s][info][gc,phases      ] GC(70)   Other: 0.1ms
[68.977s][info][gc,heap        ] GC(70) Eden regions: 31->0(29)
[68.977s][info][gc,heap        ] GC(70) Survivor regions: 6->4(5)
[68.977s][info][gc,heap        ] GC(70) Old regions: 24->30
[68.977s][info][gc,heap        ] GC(70) Archive regions: 0->0
[68.977s][info][gc,heap        ] GC(70) Humongous regions: 0->0
[68.977s][info][gc,metaspace   ] GC(70) Metaspace: 16644K(17088K)->16644K(17088K) NonClass: 14218K(14464K)->14218K(14464K) Class: 2426K(2624K)->2426K(2624K)
[68.977s][info][gc             ] GC(70) Pause Young (Normal) (G1 Evacuation Pause) 743M->304M(1264M) 29.120ms
[68.977s][info][gc,cpu         ] GC(70) User=0.94s Sys=0.00s Real=0.03s
[73.509s][info][gc,start       ] GC(71) Pause Young (Normal) (G1 Evacuation Pause)
[73.509s][info][gc,task        ] GC(71) Using 30 workers of 33 for evacuation
[73.564s][info][gc,phases      ] GC(71)   Pre Evacuate Collection Set: 0.2ms
[73.564s][info][gc,phases      ] GC(71)   Merge Heap Roots: 0.3ms
[73.564s][info][gc,phases      ] GC(71)   Evacuate Collection Set: 53.6ms
[73.564s][info][gc,phases      ] GC(71)   Post Evacuate Collection Set: 1.0ms
[73.564s][info][gc,phases      ] GC(71)   Other: 0.1ms
[73.564s][info][gc,heap        ] GC(71) Eden regions: 29->0(17)
[73.564s][info][gc,heap        ] GC(71) Survivor regions: 4->5(5)
[73.564s][info][gc,heap        ] GC(71) Old regions: 30->41
[73.564s][info][gc,heap        ] GC(71) Archive regions: 0->0
[73.564s][info][gc,heap        ] GC(71) Humongous regions: 0->0
[73.564s][info][gc,metaspace   ] GC(71) Metaspace: 16646K(17088K)->16646K(17088K) NonClass: 14220K(14464K)->14220K(14464K) Class: 2426K(2624K)->2426K(2624K)
[73.565s][info][gc             ] GC(71) Pause Young (Normal) (G1 Evacuation Pause) 768M->499M(1264M) 55.475ms
[73.565s][info][gc,cpu         ] GC(71) User=1.41s Sys=0.00s Real=0.05s
[73.829s][info][gc,start       ] GC(72) Pause Young (Concurrent Start) (G1 Evacuation Pause)
[73.830s][info][gc,task        ] GC(72) Using 30 workers of 33 for evacuation
[73.882s][info][gc,phases      ] GC(72)   Pre Evacuate Collection Set: 0.2ms
[73.882s][info][gc,phases      ] GC(72)   Merge Heap Roots: 1.6ms
[73.882s][info][gc,phases      ] GC(72)   Evacuate Collection Set: 48.0ms
[73.882s][info][gc,phases      ] GC(72)   Post Evacuate Collection Set: 2.0ms
[73.882s][info][gc,phases      ] GC(72)   Other: 0.1ms
[73.882s][info][gc,heap        ] GC(72) Eden regions: 17->0(35)
[73.882s][info][gc,heap        ] GC(72) Survivor regions: 5->3(3)
[73.882s][info][gc,heap        ] GC(72) Old regions: 41->51
[73.882s][info][gc,heap        ] GC(72) Archive regions: 0->0
[73.882s][info][gc,heap        ] GC(72) Humongous regions: 0->0
[73.882s][info][gc,metaspace   ] GC(72) Metaspace: 16646K(17088K)->16646K(17088K) NonClass: 14220K(14464K)->14220K(14464K) Class: 2426K(2624K)->2426K(2624K)
[73.882s][info][gc             ] GC(72) Pause Young (Concurrent Start) (G1 Evacuation Pause) 771M->621M(1872M) 52.294ms
[73.882s][info][gc             ] GC(73) Concurrent Mark Cycle
[73.882s][info][gc,cpu         ] GC(72) User=1.41s Sys=0.00s Real=0.05s
[73.882s][info][gc,marking     ] GC(73) Concurrent Scan Root Regions
[73.904s][info][gc,marking     ] GC(73) Concurrent Scan Root Regions 21.911ms
[73.904s][info][gc,marking     ] GC(73) Concurrent Mark
[73.904s][info][gc,marking     ] GC(73) Concurrent Mark From Roots
[73.904s][info][gc,task        ] GC(73) Using 8 workers of 8 for marking
[73.950s][info][gc,marking     ] GC(73) Concurrent Mark From Roots 46.308ms
[73.950s][info][gc,marking     ] GC(73) Concurrent Preclean
[73.950s][info][gc,marking     ] GC(73) Concurrent Preclean 0.080ms
[73.950s][info][gc,start       ] GC(73) Pause Remark
[73.952s][info][gc             ] GC(73) Pause Remark 673M->449M(1872M) 1.461ms
[73.952s][info][gc,cpu         ] GC(73) User=0.00s Sys=0.00s Real=0.00s
[73.952s][info][gc,marking     ] GC(73) Concurrent Mark 48.210ms
[73.952s][info][gc,marking     ] GC(73) Concurrent Rebuild Remembered Sets and Scrub Regions
[74.080s][info][gc,marking     ] GC(73) Concurrent Rebuild Remembered Sets and Scrub Regions 128.067ms
[74.080s][info][gc,start       ] GC(73) Pause Cleanup
[74.080s][info][gc             ] GC(73) Pause Cleanup 548M->548M(1872M) 0.226ms
[74.081s][info][gc,cpu         ] GC(73) User=0.00s Sys=0.00s Real=0.00s
[74.081s][info][gc,marking     ] GC(73) Concurrent Clear Claimed Marks
[74.081s][info][gc,marking     ] GC(73) Concurrent Clear Claimed Marks 0.049ms
[74.081s][info][gc,marking     ] GC(73) Concurrent Cleanup for Next Mark
[74.085s][info][gc,marking     ] GC(73) Concurrent Cleanup for Next Mark 4.729ms
[74.085s][info][gc             ] GC(73) Concurrent Mark Cycle 203.732ms
[75.170s][info][gc,start       ] GC(74) Pause Young (Prepare Mixed) (G1 Evacuation Pause)
[75.170s][info][gc,task        ] GC(74) Using 33 workers of 33 for evacuation
[75.237s][info][gc,phases      ] GC(74)   Pre Evacuate Collection Set: 0.2ms
[75.237s][info][gc,phases      ] GC(74)   Merge Heap Roots: 4.6ms
[75.237s][info][gc,phases      ] GC(74)   Evacuate Collection Set: 60.6ms
[75.237s][info][gc,phases      ] GC(74)   Post Evacuate Collection Set: 1.1ms
[75.237s][info][gc,phases      ] GC(74)   Other: 0.1ms
[75.237s][info][gc,heap        ] GC(74) Eden regions: 35->0(34)
[75.237s][info][gc,heap        ] GC(74) Survivor regions: 3->5(5)
[75.237s][info][gc,heap        ] GC(74) Old regions: 36->50
[75.237s][info][gc,heap        ] GC(74) Archive regions: 0->0
[75.237s][info][gc,heap        ] GC(74) Humongous regions: 0->0
[75.237s][info][gc,metaspace   ] GC(74) Metaspace: 16646K(17088K)->16646K(17088K) NonClass: 14220K(14464K)->14220K(14464K) Class: 2426K(2624K)->2426K(2624K)
[75.237s][info][gc             ] GC(74) Pause Young (Prepare Mixed) (G1 Evacuation Pause) 957M->656M(1872M) 66.886ms
[75.237s][info][gc,cpu         ] GC(74) User=1.69s Sys=0.38s Real=0.06s
[77.311s][info][gc,start       ] GC(75) Pause Full (System.gc())
[77.311s][info][gc,task        ] GC(75) Using 10 workers of 33 for full compaction
[77.311s][info][gc,phases,start] GC(75) Phase 1: Mark live objects
[77.319s][info][gc,phases      ] GC(75) Phase 1: Mark live objects 7.670ms
[77.319s][info][gc,phases,start] GC(75) Phase 2: Prepare compaction
[77.323s][info][gc,phases      ] GC(75) Phase 2: Prepare compaction 3.668ms
[77.323s][info][gc,phases,start] GC(75) Phase 3: Adjust pointers
[77.327s][info][gc,phases      ] GC(75) Phase 3: Adjust pointers 4.339ms
[77.327s][info][gc,phases,start] GC(75) Phase 4: Compact heap
[77.329s][info][gc,phases      ] GC(75) Phase 4: Compact heap 2.011ms
[77.335s][info][gc,heap        ] GC(75) Eden regions: 27->0(13)
[77.335s][info][gc,heap        ] GC(75) Survivor regions: 5->0(5)
[77.335s][info][gc,heap        ] GC(75) Old regions: 50->10
[77.335s][info][gc,heap        ] GC(75) Archive regions: 0->0
[77.335s][info][gc,heap        ] GC(75) Humongous regions: 0->0
[77.335s][info][gc,metaspace   ] GC(75) Metaspace: 16646K(17088K)->16646K(17088K) NonClass: 14220K(14464K)->14220K(14464K) Class: 2426K(2624K)->2426K(2624K)
[77.336s][info][gc             ] GC(75) Pause Full (System.gc()) 1079M->12M(544M) 24.964ms
[77.336s][info][gc,cpu         ] GC(75) User=0.16s Sys=0.02s Real=0.03s
[79.173s][info][gc,start       ] GC(76) Pause Young (Normal) (G1 Evacuation Pause)
[79.173s][info][gc,task        ] GC(76) Using 13 workers of 33 for evacuation
[79.175s][info][gc,phases      ] GC(76)   Pre Evacuate Collection Set: 0.1ms
[79.175s][info][gc,phases      ] GC(76)   Merge Heap Roots: 0.1ms
[79.175s][info][gc,phases      ] GC(76)   Evacuate Collection Set: 0.8ms
[79.175s][info][gc,phases      ] GC(76)   Post Evacuate Collection Set: 0.4ms
[79.175s][info][gc,phases      ] GC(76)   Other: 0.1ms
[79.175s][info][gc,heap        ] GC(76) Eden regions: 13->0(13)
[79.175s][info][gc,heap        ] GC(76) Survivor regions: 0->1(2)
[79.175s][info][gc,heap        ] GC(76) Old regions: 10->10
[79.175s][info][gc,heap        ] GC(76) Archive regions: 0->0
[79.175s][info][gc,heap        ] GC(76) Humongous regions: 0->0
[79.175s][info][gc,metaspace   ] GC(76) Metaspace: 16648K(17088K)->16648K(17088K) NonClass: 14222K(14464K)->14222K(14464K) Class: 2426K(2624K)->2426K(2624K)
[79.175s][info][gc             ] GC(76) Pause Young (Normal) (G1 Evacuation Pause) 220M->15M(544M) 1.911ms
[79.175s][info][gc,cpu         ] GC(76) User=0.00s Sys=0.00s Real=0.00s
[79.199s][info][gc,start       ] GC(77) Pause Young (Normal) (G1 Evacuation Pause)
[79.199s][info][gc,task        ] GC(77) Using 13 workers of 33 for evacuation
[79.200s][info][gc,phases      ] GC(77)   Pre Evacuate Collection Set: 0.1ms
[79.200s][info][gc,phases      ] GC(77)   Merge Heap Roots: 0.1ms
[79.200s][info][gc,phases      ] GC(77)   Evacuate Collection Set: 0.5ms
[79.200s][info][gc,phases      ] GC(77)   Post Evacuate Collection Set: 0.3ms
[79.200s][info][gc,phases      ] GC(77)   Other: 0.1ms
[79.200s][info][gc,heap        ] GC(77) Eden regions: 13->0(15)
[79.200s][info][gc,heap        ] GC(77) Survivor regions: 1->1(2)
[79.200s][info][gc,heap        ] GC(77) Old regions: 10->10
[79.200s][info][gc,heap        ] GC(77) Archive regions: 0->0
[79.200s][info][gc,heap        ] GC(77) Humongous regions: 0->0
[79.200s][info][gc,metaspace   ] GC(77) Metaspace: 16648K(17088K)->16648K(17088K) NonClass: 14222K(14464K)->14222K(14464K) Class: 2426K(2624K)->2426K(2624K)
[79.200s][info][gc             ] GC(77) Pause Young (Normal) (G1 Evacuation Pause) 223M->14M(544M) 1.330ms
[79.200s][info][gc,cpu         ] GC(77) User=0.00s Sys=0.00s Real=0.00s
[79.228s][info][gc,start       ] GC(78) Pause Young (Normal) (G1 Evacuation Pause)
[79.228s][info][gc,task        ] GC(78) Using 13 workers of 33 for evacuation
[79.229s][info][gc,phases      ] GC(78)   Pre Evacuate Collection Set: 0.1ms
[79.229s][info][gc,phases      ] GC(78)   Merge Heap Roots: 0.1ms
[79.229s][info][gc,phases      ] GC(78)   Evacuate Collection Set: 0.6ms
[79.229s][info][gc,phases      ] GC(78)   Post Evacuate Collection Set: 0.3ms
[79.229s][info][gc,phases      ] GC(78)   Other: 0.1ms
[79.229s][info][gc,heap        ] GC(78) Eden regions: 15->0(16)
[79.229s][info][gc,heap        ] GC(78) Survivor regions: 1->1(2)
[79.229s][info][gc,heap        ] GC(78) Old regions: 10->10
[79.229s][info][gc,heap        ] GC(78) Archive regions: 0->0
[79.229s][info][gc,heap        ] GC(78) Humongous regions: 0->0
[79.229s][info][gc,metaspace   ] GC(78) Metaspace: 16648K(17088K)->16648K(17088K) NonClass: 14222K(14464K)->14222K(14464K) Class: 2426K(2624K)->2426K(2624K)
[79.229s][info][gc             ] GC(78) Pause Young (Normal) (G1 Evacuation Pause) 254M->13M(544M) 1.347ms
[79.229s][info][gc,cpu         ] GC(78) User=0.00s Sys=0.00s Real=0.00s
[79.258s][info][gc,start       ] GC(79) Pause Young (Normal) (G1 Evacuation Pause)
[79.258s][info][gc,task        ] GC(79) Using 13 workers of 33 for evacuation
[79.259s][info][gc,phases      ] GC(79)   Pre Evacuate Collection Set: 0.1ms
[79.259s][info][gc,phases      ] GC(79)   Merge Heap Roots: 0.1ms
[79.259s][info][gc,phases      ] GC(79)   Evacuate Collection Set: 0.5ms
[79.259s][info][gc,phases      ] GC(79)   Post Evacuate Collection Set: 0.3ms
[79.259s][info][gc,phases      ] GC(79)   Other: 0.1ms
[79.259s][info][gc,heap        ] GC(79) Eden regions: 16->0(17)
[79.259s][info][gc,heap        ] GC(79) Survivor regions: 1->1(3)
[79.259s][info][gc,heap        ] GC(79) Old regions: 10->10
[79.259s][info][gc,heap        ] GC(79) Archive regions: 0->0
[79.259s][info][gc,heap        ] GC(79) Humongous regions: 0->0
[79.259s][info][gc,metaspace   ] GC(79) Metaspace: 16648K(17088K)->16648K(17088K) NonClass: 14222K(14464K)->14222K(14464K) Class: 2426K(2624K)->2426K(2624K)
[79.259s][info][gc             ] GC(79) Pause Young (Normal) (G1 Evacuation Pause) 269M->13M(544M) 1.367ms
[79.259s][info][gc,cpu         ] GC(79) User=0.00s Sys=0.00s Real=0.00s
[79.291s][info][gc,start       ] GC(80) Pause Young (Normal) (G1 Evacuation Pause)
[79.291s][info][gc,task        ] GC(80) Using 13 workers of 33 for evacuation
[79.293s][info][gc,phases      ] GC(80)   Pre Evacuate Collection Set: 0.1ms
[79.293s][info][gc,phases      ] GC(80)   Merge Heap Roots: 0.1ms
[79.293s][info][gc,phases      ] GC(80)   Evacuate Collection Set: 0.6ms
[79.293s][info][gc,phases      ] GC(80)   Post Evacuate Collection Set: 0.8ms
[79.293s][info][gc,phases      ] GC(80)   Other: 0.1ms
[79.293s][info][gc,heap        ] GC(80) Eden regions: 17->0(25)
[79.293s][info][gc,heap        ] GC(80) Survivor regions: 1->1(3)
[79.293s][info][gc,heap        ] GC(80) Old regions: 10->10
[79.293s][info][gc,heap        ] GC(80) Archive regions: 0->0
[79.293s][info][gc,heap        ] GC(80) Humongous regions: 0->0
[79.293s][info][gc,metaspace   ] GC(80) Metaspace: 16648K(17088K)->16648K(17088K) NonClass: 14222K(14464K)->14222K(14464K) Class: 2426K(2624K)->2426K(2624K)
[79.293s][info][gc             ] GC(80) Pause Young (Normal) (G1 Evacuation Pause) 285M->13M(704M) 1.849ms
[79.293s][info][gc,cpu         ] GC(80) User=0.02s Sys=0.00s Real=0.02s
[79.390s][info][gc,start       ] GC(81) Pause Young (Normal) (G1 Evacuation Pause)
[79.390s][info][gc,task        ] GC(81) Using 16 workers of 33 for evacuation
[79.391s][info][gc,phases      ] GC(81)   Pre Evacuate Collection Set: 0.1ms
[79.391s][info][gc,phases      ] GC(81)   Merge Heap Roots: 0.1ms
[79.391s][info][gc,phases      ] GC(81)   Evacuate Collection Set: 0.5ms
[79.391s][info][gc,phases      ] GC(81)   Post Evacuate Collection Set: 0.4ms
[79.391s][info][gc,phases      ] GC(81)   Other: 0.1ms
[79.391s][info][gc,heap        ] GC(81) Eden regions: 25->0(25)
[79.391s][info][gc,heap        ] GC(81) Survivor regions: 1->1(4)
[79.391s][info][gc,heap        ] GC(81) Old regions: 10->10
[79.391s][info][gc,heap        ] GC(81) Archive regions: 0->0
[79.391s][info][gc,heap        ] GC(81) Humongous regions: 0->0
[79.391s][info][gc,metaspace   ] GC(81) Metaspace: 16648K(17088K)->16648K(17088K) NonClass: 14222K(14464K)->14222K(14464K) Class: 2426K(2624K)->2426K(2624K)
[79.391s][info][gc             ] GC(81) Pause Young (Normal) (G1 Evacuation Pause) 413M->13M(704M) 1.359ms
[79.391s][info][gc,cpu         ] GC(81) User=0.00s Sys=0.00s Real=0.00s
[79.437s][info][gc,start       ] GC(82) Pause Young (Normal) (G1 Evacuation Pause)
[79.437s][info][gc,task        ] GC(82) Using 16 workers of 33 for evacuation
[79.438s][info][gc,phases      ] GC(82)   Pre Evacuate Collection Set: 0.1ms
[79.438s][info][gc,phases      ] GC(82)   Merge Heap Roots: 0.1ms
[79.438s][info][gc,phases      ] GC(82)   Evacuate Collection Set: 0.5ms
[79.438s][info][gc,phases      ] GC(82)   Post Evacuate Collection Set: 0.4ms
[79.438s][info][gc,phases      ] GC(82)   Other: 0.1ms
[79.438s][info][gc,heap        ] GC(82) Eden regions: 25->0(25)
[79.438s][info][gc,heap        ] GC(82) Survivor regions: 1->1(4)
[79.438s][info][gc,heap        ] GC(82) Old regions: 10->10
[79.438s][info][gc,heap        ] GC(82) Archive regions: 0->0
[79.438s][info][gc,heap        ] GC(82) Humongous regions: 0->0
[79.438s][info][gc,metaspace   ] GC(82) Metaspace: 16648K(17088K)->16648K(17088K) NonClass: 14222K(14464K)->14222K(14464K) Class: 2426K(2624K)->2426K(2624K)
[79.438s][info][gc             ] GC(82) Pause Young (Normal) (G1 Evacuation Pause) 413M->13M(704M) 1.366ms
[79.438s][info][gc,cpu         ] GC(82) User=0.00s Sys=0.00s Real=0.00s
[79.485s][info][gc,start       ] GC(83) Pause Young (Normal) (G1 Evacuation Pause)
[79.507s][info][gc,task        ] GC(83) Using 16 workers of 33 for evacuation
[79.509s][info][gc,phases      ] GC(83)   Pre Evacuate Collection Set: 0.1ms
[79.509s][info][gc,phases      ] GC(83)   Merge Heap Roots: 0.1ms
[79.509s][info][gc,phases      ] GC(83)   Evacuate Collection Set: 0.6ms
[79.509s][info][gc,phases      ] GC(83)   Post Evacuate Collection Set: 0.4ms
[79.509s][info][gc,phases      ] GC(83)   Other: 0.1ms
[79.509s][info][gc,heap        ] GC(83) Eden regions: 25->0(25)
[79.509s][info][gc,heap        ] GC(83) Survivor regions: 1->1(4)
[79.509s][info][gc,heap        ] GC(83) Old regions: 10->10
[79.509s][info][gc,heap        ] GC(83) Archive regions: 0->0
[79.509s][info][gc,heap        ] GC(83) Humongous regions: 0->0
[79.509s][info][gc,metaspace   ] GC(83) Metaspace: 16648K(17088K)->16648K(17088K) NonClass: 14222K(14464K)->14222K(14464K) Class: 2426K(2624K)->2426K(2624K)
[79.509s][info][gc             ] GC(83) Pause Young (Normal) (G1 Evacuation Pause) 413M->13M(704M) 24.087ms
[79.509s][info][gc,cpu         ] GC(83) User=0.00s Sys=0.00s Real=0.03s
[79.557s][info][gc,start       ] GC(84) Pause Young (Normal) (G1 Evacuation Pause)
[79.557s][info][gc,task        ] GC(84) Using 16 workers of 33 for evacuation
[79.558s][info][gc,phases      ] GC(84)   Pre Evacuate Collection Set: 0.1ms
[79.558s][info][gc,phases      ] GC(84)   Merge Heap Roots: 0.1ms
[79.558s][info][gc,phases      ] GC(84)   Evacuate Collection Set: 0.5ms
[79.558s][info][gc,phases      ] GC(84)   Post Evacuate Collection Set: 0.8ms
[79.558s][info][gc,phases      ] GC(84)   Other: 0.1ms
[79.558s][info][gc,heap        ] GC(84) Eden regions: 25->0(30)
[79.558s][info][gc,heap        ] GC(84) Survivor regions: 1->1(4)
[79.558s][info][gc,heap        ] GC(84) Old regions: 10->10
[79.558s][info][gc,heap        ] GC(84) Archive regions: 0->0
[79.558s][info][gc,heap        ] GC(84) Humongous regions: 0->0
[79.558s][info][gc,metaspace   ] GC(84) Metaspace: 16648K(17088K)->16648K(17088K) NonClass: 14222K(14464K)->14222K(14464K) Class: 2426K(2624K)->2426K(2624K)
[79.558s][info][gc             ] GC(84) Pause Young (Normal) (G1 Evacuation Pause) 413M->13M(848M) 1.782ms
[79.559s][info][gc,cpu         ] GC(84) User=0.00s Sys=0.00s Real=0.00s
[79.669s][info][gc,start       ] GC(85) Pause Young (Normal) (G1 Evacuation Pause)
[79.669s][info][gc,task        ] GC(85) Using 20 workers of 33 for evacuation
[79.673s][info][gc,phases      ] GC(85)   Pre Evacuate Collection Set: 0.1ms
[79.673s][info][gc,phases      ] GC(85)   Merge Heap Roots: 0.1ms
[79.673s][info][gc,phases      ] GC(85)   Evacuate Collection Set: 3.5ms
[79.673s][info][gc,phases      ] GC(85)   Post Evacuate Collection Set: 0.5ms
[79.673s][info][gc,phases      ] GC(85)   Other: 0.1ms
[79.673s][info][gc,heap        ] GC(85) Eden regions: 30->0(29)
[79.673s][info][gc,heap        ] GC(85) Survivor regions: 1->2(4)
[79.673s][info][gc,heap        ] GC(85) Old regions: 10->10
[79.673s][info][gc,heap        ] GC(85) Archive regions: 0->0
[79.673s][info][gc,heap        ] GC(85) Humongous regions: 0->0
[79.673s][info][gc,metaspace   ] GC(85) Metaspace: 16648K(17088K)->16648K(17088K) NonClass: 14222K(14464K)->14222K(14464K) Class: 2426K(2624K)->2426K(2624K)
[79.673s][info][gc             ] GC(85) Pause Young (Normal) (G1 Evacuation Pause) 493M->42M(848M) 4.531ms
[79.673s][info][gc,cpu         ] GC(85) User=0.00s Sys=0.00s Real=0.00s
[80.171s][info][gc,start       ] GC(86) Pause Young (Normal) (G1 Evacuation Pause)
[80.171s][info][gc,task        ] GC(86) Using 20 workers of 33 for evacuation
[80.254s][info][gc,phases      ] GC(86)   Pre Evacuate Collection Set: 0.1ms
[80.254s][info][gc,phases      ] GC(86)   Merge Heap Roots: 0.2ms
[80.254s][info][gc,phases      ] GC(86)   Evacuate Collection Set: 81.8ms
[80.254s][info][gc,phases      ] GC(86)   Post Evacuate Collection Set: 0.7ms
[80.254s][info][gc,phases      ] GC(86)   Other: 0.1ms
[80.254s][info][gc,heap        ] GC(86) Eden regions: 29->0(16)
[80.254s][info][gc,heap        ] GC(86) Survivor regions: 2->4(4)
[80.254s][info][gc,heap        ] GC(86) Old regions: 10->27
[80.254s][info][gc,heap        ] GC(86) Archive regions: 0->0
[80.254s][info][gc,heap        ] GC(86) Humongous regions: 0->0
[80.254s][info][gc,metaspace   ] GC(86) Metaspace: 16648K(17088K)->16648K(17088K) NonClass: 14222K(14464K)->14222K(14464K) Class: 2426K(2624K)->2426K(2624K)
[80.254s][info][gc             ] GC(86) Pause Young (Normal) (G1 Evacuation Pause) 506M->346M(992M) 83.304ms
[80.254s][info][gc,cpu         ] GC(86) User=1.50s Sys=0.06s Real=0.08s
[80.714s][info][gc,start       ] GC(87) Pause Young (Normal) (G1 Evacuation Pause)
[80.714s][info][gc,task        ] GC(87) Using 23 workers of 33 for evacuation
[80.772s][info][gc,phases      ] GC(87)   Pre Evacuate Collection Set: 0.1ms
[80.772s][info][gc,phases      ] GC(87)   Merge Heap Roots: 1.6ms
[80.772s][info][gc,phases      ] GC(87)   Evacuate Collection Set: 55.7ms
[80.772s][info][gc,phases      ] GC(87)   Post Evacuate Collection Set: 0.3ms
[80.772s][info][gc,phases      ] GC(87)   Other: 0.1ms
[80.772s][info][gc,heap        ] GC(87) Eden regions: 16->0(11)
[80.772s][info][gc,heap        ] GC(87) Survivor regions: 4->3(3)
[80.772s][info][gc,heap        ] GC(87) Old regions: 27->36
[80.772s][info][gc,heap        ] GC(87) Archive regions: 0->0
[80.772s][info][gc,heap        ] GC(87) Humongous regions: 0->0
[80.772s][info][gc,metaspace   ] GC(87) Metaspace: 16648K(17088K)->16648K(17088K) NonClass: 14222K(14464K)->14222K(14464K) Class: 2426K(2624K)->2426K(2624K)
[80.772s][info][gc             ] GC(87) Pause Young (Normal) (G1 Evacuation Pause) 602M->468M(992M) 58.098ms
[80.772s][info][gc,cpu         ] GC(87) User=1.44s Sys=0.00s Real=0.06s
[89.968s][info][gc,start       ] GC(88) Pause Young (Concurrent Start) (G1 Evacuation Pause)
[89.968s][info][gc,task        ] GC(88) Using 23 workers of 33 for evacuation
[89.995s][info][gc,phases      ] GC(88)   Pre Evacuate Collection Set: 0.3ms
[89.995s][info][gc,phases      ] GC(88)   Merge Heap Roots: 0.6ms
[89.995s][info][gc,phases      ] GC(88)   Evacuate Collection Set: 22.3ms
[89.995s][info][gc,phases      ] GC(88)   Post Evacuate Collection Set: 3.3ms
[89.995s][info][gc,phases      ] GC(88)   Other: 0.2ms
[89.995s][info][gc,heap        ] GC(88) Eden regions: 11->0(42)
[89.995s][info][gc,heap        ] GC(88) Survivor regions: 3->2(2)
[89.995s][info][gc,heap        ] GC(88) Old regions: 36->39
[89.995s][info][gc,heap        ] GC(88) Archive regions: 0->0
[89.995s][info][gc,heap        ] GC(88) Humongous regions: 0->0
[89.995s][info][gc,metaspace   ] GC(88) Metaspace: 16654K(17088K)->16654K(17088K) NonClass: 14228K(14464K)->14228K(14464K) Class: 2426K(2624K)->2426K(2624K)
[89.995s][info][gc             ] GC(88) Pause Young (Concurrent Start) (G1 Evacuation Pause) 644M->492M(1904M) 27.040ms
[89.995s][info][gc             ] GC(89) Concurrent Mark Cycle
[89.995s][info][gc,cpu         ] GC(88) User=0.36s Sys=0.00s Real=0.01s
[89.995s][info][gc,marking     ] GC(89) Concurrent Scan Root Regions
[90.007s][info][gc,marking     ] GC(89) Concurrent Scan Root Regions 12.402ms
[90.007s][info][gc,marking     ] GC(89) Concurrent Mark
[90.007s][info][gc,marking     ] GC(89) Concurrent Mark From Roots
[90.007s][info][gc,task        ] GC(89) Using 8 workers of 8 for marking
[90.026s][info][gc,marking     ] GC(89) Concurrent Mark From Roots 18.379ms
[90.026s][info][gc,marking     ] GC(89) Concurrent Preclean
[90.026s][info][gc,marking     ] GC(89) Concurrent Preclean 0.069ms
[90.026s][info][gc,start       ] GC(89) Pause Remark
[90.027s][info][gc             ] GC(89) Pause Remark 516M->516M(1904M) 1.026ms
[90.027s][info][gc,cpu         ] GC(89) User=0.00s Sys=0.00s Real=0.00s
[90.027s][info][gc,marking     ] GC(89) Concurrent Mark 19.730ms
[90.027s][info][gc,marking     ] GC(89) Concurrent Rebuild Remembered Sets and Scrub Regions
[90.081s][info][gc,marking     ] GC(89) Concurrent Rebuild Remembered Sets and Scrub Regions 53.995ms
[90.081s][info][gc,start       ] GC(89) Pause Cleanup
[90.081s][info][gc             ] GC(89) Pause Cleanup 559M->559M(1904M) 0.141ms
[90.081s][info][gc,cpu         ] GC(89) User=0.00s Sys=0.00s Real=0.00s
[90.081s][info][gc,marking     ] GC(89) Concurrent Clear Claimed Marks
[90.081s][info][gc,marking     ] GC(89) Concurrent Clear Claimed Marks 0.022ms
[90.081s][info][gc,marking     ] GC(89) Concurrent Cleanup for Next Mark
[90.088s][info][gc,marking     ] GC(89) Concurrent Cleanup for Next Mark 6.795ms
[90.088s][info][gc             ] GC(89) Concurrent Mark Cycle 93.395ms
[90.856s][info][gc,start       ] GC(90) Pause Young (Prepare Mixed) (G1 Evacuation Pause)
[90.856s][info][gc,task        ] GC(90) Using 33 workers of 33 for evacuation
[90.940s][info][gc,phases      ] GC(90)   Pre Evacuate Collection Set: 0.1ms
[90.940s][info][gc,phases      ] GC(90)   Merge Heap Roots: 0.2ms
[90.940s][info][gc,phases      ] GC(90)   Evacuate Collection Set: 82.3ms
[90.940s][info][gc,phases      ] GC(90)   Post Evacuate Collection Set: 1.5ms
[90.940s][info][gc,phases      ] GC(90)   Other: 0.1ms
[90.940s][info][gc,heap        ] GC(90) Eden regions: 42->0(31)
[90.940s][info][gc,heap        ] GC(90) Survivor regions: 2->6(6)
[90.940s][info][gc,heap        ] GC(90) Old regions: 39->52
[90.940s][info][gc,heap        ] GC(90) Archive regions: 0->0
[90.940s][info][gc,heap        ] GC(90) Humongous regions: 0->0
[90.940s][info][gc,metaspace   ] GC(90) Metaspace: 16654K(17088K)->16654K(17088K) NonClass: 14228K(14464K)->14228K(14464K) Class: 2426K(2624K)->2426K(2624K)
[90.940s][info][gc             ] GC(90) Pause Young (Prepare Mixed) (G1 Evacuation Pause) 1164M->766M(1904M) 84.535ms
[90.940s][info][gc,cpu         ] GC(90) User=1.83s Sys=0.75s Real=0.08s
[91.934s][info][gc,start       ] GC(91) Pause Young (Mixed) (G1 Evacuation Pause)
[91.934s][info][gc,task        ] GC(91) Using 33 workers of 33 for evacuation
[92.027s][info][gc,phases      ] GC(91)   Pre Evacuate Collection Set: 0.1ms
[92.027s][info][gc,phases      ] GC(91)   Merge Heap Roots: 2.4ms
[92.027s][info][gc,phases      ] GC(91)   Evacuate Collection Set: 89.4ms
[92.027s][info][gc,phases      ] GC(91)   Post Evacuate Collection Set: 1.3ms
[92.027s][info][gc,phases      ] GC(91)   Other: 0.1ms
[92.027s][info][gc,heap        ] GC(91) Eden regions: 31->0(29)
[92.027s][info][gc,heap        ] GC(91) Survivor regions: 6->5(5)
[92.027s][info][gc,heap        ] GC(91) Old regions: 52->57
[92.027s][info][gc,heap        ] GC(91) Archive regions: 0->0
[92.027s][info][gc,heap        ] GC(91) Humongous regions: 0->0
[92.027s][info][gc,metaspace   ] GC(91) Metaspace: 16654K(17088K)->16654K(17088K) NonClass: 14228K(14464K)->14228K(14464K) Class: 2426K(2624K)->2426K(2624K)
[92.027s][info][gc             ] GC(91) Pause Young (Mixed) (G1 Evacuation Pause) 1262M->868M(1904M) 93.650ms
[92.027s][info][gc,cpu         ] GC(91) User=2.23s Sys=0.86s Real=0.09s
[93.554s][info][gc,start       ] GC(92) Pause Young (Mixed) (G1 Evacuation Pause)
[93.554s][info][gc,task        ] GC(92) Using 33 workers of 33 for evacuation
[93.581s][info][gc,phases      ] GC(92)   Pre Evacuate Collection Set: 0.2ms
[93.581s][info][gc,phases      ] GC(92)   Merge Heap Roots: 2.1ms
[93.581s][info][gc,phases      ] GC(92)   Evacuate Collection Set: 23.4ms
[93.581s][info][gc,phases      ] GC(92)   Post Evacuate Collection Set: 1.1ms
[93.581s][info][gc,phases      ] GC(92)   Other: 0.1ms
[93.581s][info][gc,heap        ] GC(92) Eden regions: 29->0(38)
[93.581s][info][gc,heap        ] GC(92) Survivor regions: 5->3(5)
[93.581s][info][gc,heap        ] GC(92) Old regions: 57->48
[93.581s][info][gc,heap        ] GC(92) Archive regions: 0->0
[93.581s][info][gc,heap        ] GC(92) Humongous regions: 0->0
[93.581s][info][gc,metaspace   ] GC(92) Metaspace: 16654K(17088K)->16654K(17088K) NonClass: 14228K(14464K)->14228K(14464K) Class: 2426K(2624K)->2426K(2624K)
[93.581s][info][gc             ] GC(92) Pause Young (Mixed) (G1 Evacuation Pause) 1332M->715M(1904M) 27.279ms
[93.581s][info][gc,cpu         ] GC(92) User=1.03s Sys=0.00s Real=0.03s
[94.257s][info][gc,start       ] GC(93) Pause Full (System.gc())
[94.257s][info][gc,task        ] GC(93) Using 10 workers of 33 for full compaction
[94.257s][info][gc,phases,start] GC(93) Phase 1: Mark live objects
[94.265s][info][gc,phases      ] GC(93) Phase 1: Mark live objects 7.697ms
[94.265s][info][gc,phases,start] GC(93) Phase 2: Prepare compaction
[94.268s][info][gc,phases      ] GC(93) Phase 2: Prepare compaction 3.154ms
[94.268s][info][gc,phases,start] GC(93) Phase 3: Adjust pointers
[94.271s][info][gc,phases      ] GC(93) Phase 3: Adjust pointers 3.187ms
[94.271s][info][gc,phases,start] GC(93) Phase 4: Compact heap
[94.273s][info][gc,phases      ] GC(93) Phase 4: Compact heap 1.781ms
[94.277s][info][gc,heap        ] GC(93) Eden regions: 3->0(13)
[94.277s][info][gc,heap        ] GC(93) Survivor regions: 3->0(5)
[94.277s][info][gc,heap        ] GC(93) Old regions: 48->10
[94.277s][info][gc,heap        ] GC(93) Archive regions: 0->0
[94.277s][info][gc,heap        ] GC(93) Humongous regions: 0->0
[94.277s][info][gc,metaspace   ] GC(93) Metaspace: 16654K(17088K)->16654K(17088K) NonClass: 14228K(14464K)->14228K(14464K) Class: 2426K(2624K)->2426K(2624K)
[94.277s][info][gc             ] GC(93) Pause Full (System.gc()) 760M->13M(544M) 20.103ms
[94.277s][info][gc,cpu         ] GC(93) User=0.06s Sys=0.09s Real=0.02s
[96.025s][info][gc,start       ] GC(94) Pause Young (Concurrent Start) (G1 Evacuation Pause)
[96.025s][info][gc,task        ] GC(94) Using 13 workers of 33 for evacuation
[96.027s][info][gc,phases      ] GC(94)   Pre Evacuate Collection Set: 0.2ms
[96.027s][info][gc,phases      ] GC(94)   Merge Heap Roots: 0.1ms
[96.027s][info][gc,phases      ] GC(94)   Evacuate Collection Set: 0.8ms
[96.027s][info][gc,phases      ] GC(94)   Post Evacuate Collection Set: 0.4ms
[96.027s][info][gc,phases      ] GC(94)   Other: 0.1ms
[96.027s][info][gc,heap        ] GC(94) Eden regions: 13->0(14)
[96.027s][info][gc,heap        ] GC(94) Survivor regions: 0->1(2)
[96.027s][info][gc,heap        ] GC(94) Old regions: 10->10
[96.027s][info][gc,heap        ] GC(94) Archive regions: 0->0
[96.027s][info][gc,heap        ] GC(94) Humongous regions: 0->0
[96.027s][info][gc,metaspace   ] GC(94) Metaspace: 16657K(17088K)->16657K(17088K) NonClass: 14231K(14464K)->14231K(14464K) Class: 2426K(2624K)->2426K(2624K)
[96.027s][info][gc             ] GC(94) Pause Young (Concurrent Start) (G1 Evacuation Pause) 221M->14M(544M) 1.989ms
[96.027s][info][gc             ] GC(95) Concurrent Mark Cycle
[96.027s][info][gc,cpu         ] GC(94) User=0.00s Sys=0.00s Real=0.00s
[96.027s][info][gc,marking     ] GC(95) Concurrent Scan Root Regions
[96.031s][info][gc,marking     ] GC(95) Concurrent Scan Root Regions 3.629ms
[96.031s][info][gc,marking     ] GC(95) Concurrent Mark
[96.031s][info][gc,marking     ] GC(95) Concurrent Mark From Roots
[96.031s][info][gc,task        ] GC(95) Using 8 workers of 8 for marking
[96.044s][info][gc,marking     ] GC(95) Concurrent Mark From Roots 12.411ms
[96.044s][info][gc,marking     ] GC(95) Concurrent Preclean
[96.044s][info][gc,marking     ] GC(95) Concurrent Preclean 0.088ms
[96.044s][info][gc,start       ] GC(95) Pause Remark
[96.045s][info][gc             ] GC(95) Pause Remark 141M->141M(544M) 0.973ms
[96.045s][info][gc,cpu         ] GC(95) User=0.00s Sys=0.00s Real=0.00s
[96.045s][info][gc,marking     ] GC(95) Concurrent Mark 14.147ms
[96.045s][info][gc,marking     ] GC(95) Concurrent Rebuild Remembered Sets and Scrub Regions
[96.050s][info][gc,marking     ] GC(95) Concurrent Rebuild Remembered Sets and Scrub Regions 4.500ms
[96.050s][info][gc,start       ] GC(95) Pause Cleanup
[96.050s][info][gc             ] GC(95) Pause Cleanup 183M->183M(544M) 0.078ms
[96.050s][info][gc,cpu         ] GC(95) User=0.00s Sys=0.00s Real=0.00s
[96.051s][info][gc,marking     ] GC(95) Concurrent Clear Claimed Marks
[96.051s][info][gc,marking     ] GC(95) Concurrent Clear Claimed Marks 0.116ms
[96.051s][info][gc,marking     ] GC(95) Concurrent Cleanup for Next Mark
[96.052s][info][gc,marking     ] GC(95) Concurrent Cleanup for Next Mark 0.991ms
[96.052s][info][gc             ] GC(95) Concurrent Mark Cycle 25.000ms
[96.057s][info][gc,start       ] GC(96) Pause Young (Prepare Mixed) (G1 Evacuation Pause)
[96.057s][info][gc,task        ] GC(96) Using 13 workers of 33 for evacuation
[96.058s][info][gc,phases      ] GC(96)   Pre Evacuate Collection Set: 0.1ms
[96.058s][info][gc,phases      ] GC(96)   Merge Heap Roots: 0.1ms
[96.058s][info][gc,phases      ] GC(96)   Evacuate Collection Set: 0.5ms
[96.058s][info][gc,phases      ] GC(96)   Post Evacuate Collection Set: 0.3ms
[96.058s][info][gc,phases      ] GC(96)   Other: 0.1ms
[96.058s][info][gc,heap        ] GC(96) Eden regions: 14->0(15)
[96.058s][info][gc,heap        ] GC(96) Survivor regions: 1->1(2)
[96.058s][info][gc,heap        ] GC(96) Old regions: 10->10
[96.058s][info][gc,heap        ] GC(96) Archive regions: 0->0
[96.058s][info][gc,heap        ] GC(96) Humongous regions: 0->0
[96.058s][info][gc,metaspace   ] GC(96) Metaspace: 16657K(17088K)->16657K(17088K) NonClass: 14231K(14464K)->14231K(14464K) Class: 2426K(2624K)->2426K(2624K)
[96.058s][info][gc             ] GC(96) Pause Young (Prepare Mixed) (G1 Evacuation Pause) 238M->14M(544M) 1.270ms
[96.058s][info][gc,cpu         ] GC(96) User=0.00s Sys=0.00s Real=0.00s
[96.086s][info][gc,start       ] GC(97) Pause Young (Mixed) (G1 Evacuation Pause)
[96.087s][info][gc,task        ] GC(97) Using 13 workers of 33 for evacuation
[96.090s][info][gc,phases      ] GC(97)   Pre Evacuate Collection Set: 0.1ms
[96.090s][info][gc,phases      ] GC(97)   Merge Heap Roots: 0.1ms
[96.090s][info][gc,phases      ] GC(97)   Evacuate Collection Set: 1.3ms
[96.090s][info][gc,phases      ] GC(97)   Post Evacuate Collection Set: 1.8ms
[96.090s][info][gc,phases      ] GC(97)   Other: 0.1ms
[96.090s][info][gc,heap        ] GC(97) Eden regions: 15->0(39)
[96.090s][info][gc,heap        ] GC(97) Survivor regions: 1->1(2)
[96.090s][info][gc,heap        ] GC(97) Old regions: 10->7
[96.090s][info][gc,heap        ] GC(97) Archive regions: 0->0
[96.090s][info][gc,heap        ] GC(97) Humongous regions: 0->0
[96.090s][info][gc,metaspace   ] GC(97) Metaspace: 16657K(17088K)->16657K(17088K) NonClass: 14231K(14464K)->14231K(14464K) Class: 2426K(2624K)->2426K(2624K)
[96.090s][info][gc             ] GC(97) Pause Young (Mixed) (G1 Evacuation Pause) 254M->14M(1088M) 3.685ms
[96.090s][info][gc,cpu         ] GC(97) User=0.00s Sys=0.02s Real=0.02s
[96.337s][info][gc,start       ] GC(98) Pause Young (Mixed) (G1 Evacuation Pause)
[96.338s][info][gc,task        ] GC(98) Using 26 workers of 33 for evacuation
[96.341s][info][gc,phases      ] GC(98)   Pre Evacuate Collection Set: 0.1ms
[96.341s][info][gc,phases      ] GC(98)   Merge Heap Roots: 0.1ms
[96.341s][info][gc,phases      ] GC(98)   Evacuate Collection Set: 1.8ms
[96.341s][info][gc,phases      ] GC(98)   Post Evacuate Collection Set: 0.6ms
[96.341s][info][gc,phases      ] GC(98)   Other: 0.1ms
[96.341s][info][gc,heap        ] GC(98) Eden regions: 39->0(39)
[96.341s][info][gc,heap        ] GC(98) Survivor regions: 1->1(5)
[96.341s][info][gc,heap        ] GC(98) Old regions: 7->2
[96.341s][info][gc,heap        ] GC(98) Archive regions: 0->0
[96.341s][info][gc,heap        ] GC(98) Humongous regions: 0->0
[96.341s][info][gc,metaspace   ] GC(98) Metaspace: 16657K(17088K)->16657K(17088K) NonClass: 14231K(14464K)->14231K(14464K) Class: 2426K(2624K)->2426K(2624K)
[96.341s][info][gc             ] GC(98) Pause Young (Mixed) (G1 Evacuation Pause) 638M->15M(1088M) 3.619ms
[96.341s][info][gc,cpu         ] GC(98) User=0.03s Sys=0.00s Real=0.02s
[96.404s][info][gc,start       ] GC(99) Pause Young (Normal) (G1 Evacuation Pause)
[96.404s][info][gc,task        ] GC(99) Using 26 workers of 33 for evacuation
[96.405s][info][gc,phases      ] GC(99)   Pre Evacuate Collection Set: 0.1ms
[96.405s][info][gc,phases      ] GC(99)   Merge Heap Roots: 0.1ms
[96.405s][info][gc,phases      ] GC(99)   Evacuate Collection Set: 0.5ms
[96.405s][info][gc,phases      ] GC(99)   Post Evacuate Collection Set: 0.4ms
[96.405s][info][gc,phases      ] GC(99)   Other: 0.1ms
[96.405s][info][gc,heap        ] GC(99) Eden regions: 39->0(39)
[96.405s][info][gc,heap        ] GC(99) Survivor regions: 1->1(5)
[96.405s][info][gc,heap        ] GC(99) Old regions: 2->2
[96.405s][info][gc,heap        ] GC(99) Archive regions: 0->0
[96.405s][info][gc,heap        ] GC(99) Humongous regions: 0->0
[96.405s][info][gc,metaspace   ] GC(99) Metaspace: 16657K(17088K)->16657K(17088K) NonClass: 14231K(14464K)->14231K(14464K) Class: 2426K(2624K)->2426K(2624K)
[96.405s][info][gc             ] GC(99) Pause Young (Normal) (G1 Evacuation Pause) 639M->15M(1088M) 1.501ms
[96.405s][info][gc,cpu         ] GC(99) User=0.02s Sys=0.00s Real=0.02s
[96.468s][info][gc,start       ] GC(100) Pause Young (Normal) (G1 Evacuation Pause)
[96.468s][info][gc,task        ] GC(100) Using 26 workers of 33 for evacuation
[96.470s][info][gc,phases      ] GC(100)   Pre Evacuate Collection Set: 0.1ms
[96.470s][info][gc,phases      ] GC(100)   Merge Heap Roots: 0.1ms
[96.470s][info][gc,phases      ] GC(100)   Evacuate Collection Set: 0.5ms
[96.470s][info][gc,phases      ] GC(100)   Post Evacuate Collection Set: 0.4ms
[96.470s][info][gc,phases      ] GC(100)   Other: 0.1ms
[96.470s][info][gc,heap        ] GC(100) Eden regions: 39->0(39)
[96.470s][info][gc,heap        ] GC(100) Survivor regions: 1->1(5)
[96.470s][info][gc,heap        ] GC(100) Old regions: 2->2
[96.470s][info][gc,heap        ] GC(100) Archive regions: 0->0
[96.470s][info][gc,heap        ] GC(100) Humongous regions: 0->0
[96.470s][info][gc,metaspace   ] GC(100) Metaspace: 16657K(17088K)->16657K(17088K) NonClass: 14231K(14464K)->14231K(14464K) Class: 2426K(2624K)->2426K(2624K)
[96.470s][info][gc             ] GC(100) Pause Young (Normal) (G1 Evacuation Pause) 639M->15M(1088M) 1.445ms
[96.470s][info][gc,cpu         ] GC(100) User=0.00s Sys=0.00s Real=0.00s
[96.534s][info][gc,start       ] GC(101) Pause Young (Concurrent Start) (G1 Evacuation Pause)
[96.534s][info][gc,task        ] GC(101) Using 26 workers of 33 for evacuation
[96.537s][info][gc,phases      ] GC(101)   Pre Evacuate Collection Set: 0.2ms
[96.537s][info][gc,phases      ] GC(101)   Merge Heap Roots: 0.1ms
[96.537s][info][gc,phases      ] GC(101)   Evacuate Collection Set: 0.5ms
[96.537s][info][gc,phases      ] GC(101)   Post Evacuate Collection Set: 1.5ms
[96.537s][info][gc,phases      ] GC(101)   Other: 0.1ms
[96.537s][info][gc,heap        ] GC(101) Eden regions: 39->0(55)
[96.537s][info][gc,heap        ] GC(101) Survivor regions: 1->1(5)
[96.537s][info][gc,heap        ] GC(101) Old regions: 2->2
[96.537s][info][gc,heap        ] GC(101) Archive regions: 0->0
[96.537s][info][gc,heap        ] GC(101) Humongous regions: 0->0
[96.537s][info][gc,metaspace   ] GC(101) Metaspace: 16657K(17088K)->16657K(17088K) NonClass: 14231K(14464K)->14231K(14464K) Class: 2426K(2624K)->2426K(2624K)
[96.537s][info][gc             ] GC(101) Pause Young (Concurrent Start) (G1 Evacuation Pause) 639M->15M(1504M) 2.686ms
[96.537s][info][gc             ] GC(102) Concurrent Mark Cycle
[96.537s][info][gc,cpu         ] GC(101) User=0.00s Sys=0.00s Real=0.00s
[96.537s][info][gc,marking     ] GC(102) Concurrent Scan Root Regions
[96.538s][info][gc,marking     ] GC(102) Concurrent Scan Root Regions 1.292ms
[96.538s][info][gc,marking     ] GC(102) Concurrent Mark
[96.538s][info][gc,marking     ] GC(102) Concurrent Mark From Roots
[96.538s][info][gc,task        ] GC(102) Using 8 workers of 8 for marking
[96.559s][info][gc,marking     ] GC(102) Concurrent Mark From Roots 20.457ms
[96.559s][info][gc,marking     ] GC(102) Concurrent Preclean
[96.559s][info][gc,marking     ] GC(102) Concurrent Preclean 0.061ms
[96.559s][info][gc,start       ] GC(102) Pause Remark
[96.560s][info][gc             ] GC(102) Pause Remark 71M->71M(384M) 0.974ms
[96.560s][info][gc,cpu         ] GC(102) User=0.00s Sys=0.00s Real=0.00s
[96.563s][info][gc,marking     ] GC(102) Concurrent Mark 24.682ms
[96.563s][info][gc,marking     ] GC(102) Concurrent Rebuild Remembered Sets and Scrub Regions
[96.570s][info][gc,marking     ] GC(102) Concurrent Rebuild Remembered Sets and Scrub Regions 6.886ms
[96.570s][info][gc,start       ] GC(102) Pause Cleanup
[96.570s][info][gc             ] GC(102) Pause Cleanup 111M->111M(384M) 0.080ms
[96.570s][info][gc,cpu         ] GC(102) User=0.00s Sys=0.00s Real=0.00s
[96.570s][info][gc,marking     ] GC(102) Concurrent Clear Claimed Marks
[96.570s][info][gc,marking     ] GC(102) Concurrent Clear Claimed Marks 0.032ms
[96.570s][info][gc,marking     ] GC(102) Concurrent Cleanup for Next Mark
[96.571s][info][gc,marking     ] GC(102) Concurrent Cleanup for Next Mark 0.420ms
[96.571s][info][gc             ] GC(102) Concurrent Mark Cycle 33.665ms
[96.694s][info][gc,start       ] GC(103) Pause Young (Prepare Mixed) (G1 Evacuation Pause)
[96.694s][info][gc,task        ] GC(103) Using 17 workers of 33 for evacuation
[96.725s][info][gc,phases      ] GC(103)   Pre Evacuate Collection Set: 0.1ms
[96.725s][info][gc,phases      ] GC(103)   Merge Heap Roots: 0.2ms
[96.725s][info][gc,phases      ] GC(103)   Evacuate Collection Set: 30.4ms
[96.725s][info][gc,phases      ] GC(103)   Post Evacuate Collection Set: 0.5ms
[96.725s][info][gc,phases      ] GC(103)   Other: 0.1ms
[96.725s][info][gc,heap        ] GC(103) Eden regions: 13->0(9)
[96.725s][info][gc,heap        ] GC(103) Survivor regions: 1->2(2)
[96.725s][info][gc,heap        ] GC(103) Old regions: 2->6
[96.725s][info][gc,heap        ] GC(103) Archive regions: 0->0
[96.725s][info][gc,heap        ] GC(103) Humongous regions: 0->0
[96.725s][info][gc,metaspace   ] GC(103) Metaspace: 16657K(17088K)->16657K(17088K) NonClass: 14231K(14464K)->14231K(14464K) Class: 2426K(2624K)->2426K(2624K)
[96.725s][info][gc             ] GC(103) Pause Young (Prepare Mixed) (G1 Evacuation Pause) 223M->107M(384M) 31.610ms
[96.725s][info][gc,cpu         ] GC(103) User=0.44s Sys=0.09s Real=0.05s
[96.893s][info][gc,start       ] GC(104) Pause Young (Mixed) (G1 Evacuation Pause)
[96.893s][info][gc,task        ] GC(104) Using 13 workers of 33 for evacuation
[96.937s][info][gc,phases      ] GC(104)   Pre Evacuate Collection Set: 0.1ms
[96.937s][info][gc,phases      ] GC(104)   Merge Heap Roots: 0.5ms
[96.937s][info][gc,phases      ] GC(104)   Evacuate Collection Set: 42.5ms
[96.937s][info][gc,phases      ] GC(104)   Post Evacuate Collection Set: 0.5ms
[96.937s][info][gc,phases      ] GC(104)   Other: 0.1ms
[96.937s][info][gc,heap        ] GC(104) Eden regions: 9->0(5)
[96.937s][info][gc,heap        ] GC(104) Survivor regions: 2->2(2)
[96.937s][info][gc,heap        ] GC(104) Old regions: 6->11
[96.937s][info][gc,heap        ] GC(104) Archive regions: 0->0
[96.937s][info][gc,heap        ] GC(104) Humongous regions: 0->0
[96.937s][info][gc,metaspace   ] GC(104) Metaspace: 16657K(17088K)->16657K(17088K) NonClass: 14231K(14464K)->14231K(14464K) Class: 2426K(2624K)->2426K(2624K)
[96.937s][info][gc             ] GC(104) Pause Young (Mixed) (G1 Evacuation Pause) 251M->198M(400M) 44.021ms
[96.937s][info][gc,cpu         ] GC(104) User=0.61s Sys=0.00s Real=0.05s
[97.022s][info][gc,start       ] GC(105) Pause Young (Concurrent Start) (G1 Evacuation Pause)
[97.022s][info][gc,task        ] GC(105) Using 11 workers of 33 for evacuation
[97.058s][info][gc,phases      ] GC(105)   Pre Evacuate Collection Set: 0.2ms
[97.058s][info][gc,phases      ] GC(105)   Merge Heap Roots: 0.3ms
[97.058s][info][gc,phases      ] GC(105)   Evacuate Collection Set: 35.0ms
[97.058s][info][gc,phases      ] GC(105)   Post Evacuate Collection Set: 0.5ms
[97.058s][info][gc,phases      ] GC(105)   Other: 0.2ms
[97.058s][info][gc,heap        ] GC(105) Eden regions: 5->0(2)
[97.058s][info][gc,heap        ] GC(105) Survivor regions: 2->1(1)
[97.058s][info][gc,heap        ] GC(105) Old regions: 11->16
[97.058s][info][gc,heap        ] GC(105) Archive regions: 0->0
[97.058s][info][gc,heap        ] GC(105) Humongous regions: 0->0
[97.058s][info][gc,metaspace   ] GC(105) Metaspace: 16657K(17088K)->16657K(17088K) NonClass: 14231K(14464K)->14231K(14464K) Class: 2426K(2624K)->2426K(2624K)
[97.058s][info][gc             ] GC(105) Pause Young (Concurrent Start) (G1 Evacuation Pause) 278M->259M(400M) 36.721ms
[97.058s][info][gc             ] GC(106) Concurrent Mark Cycle
[97.058s][info][gc,cpu         ] GC(105) User=0.36s Sys=0.00s Real=0.05s
[97.059s][info][gc,marking     ] GC(106) Concurrent Scan Root Regions
[97.071s][info][gc,marking     ] GC(106) Concurrent Scan Root Regions 12.715ms
[97.071s][info][gc,marking     ] GC(106) Concurrent Mark
[97.071s][info][gc,marking     ] GC(106) Concurrent Mark From Roots
[97.071s][info][gc,task        ] GC(106) Using 8 workers of 8 for marking
[97.096s][info][gc,start       ] GC(107) Pause Young (Normal) (G1 Evacuation Pause)
[97.096s][info][gc,task        ] GC(107) Using 10 workers of 33 for evacuation
[97.109s][info][gc,phases      ] GC(107)   Pre Evacuate Collection Set: 0.1ms
[97.109s][info][gc,phases      ] GC(107)   Merge Heap Roots: 0.2ms
[97.109s][info][gc,phases      ] GC(107)   Evacuate Collection Set: 12.3ms
[97.109s][info][gc,phases      ] GC(107)   Post Evacuate Collection Set: 0.2ms
[97.109s][info][gc,phases      ] GC(107)   Other: 0.1ms
[97.109s][info][gc,heap        ] GC(107) Eden regions: 2->0(1)
[97.109s][info][gc,heap        ] GC(107) Survivor regions: 1->1(1)
[97.109s][info][gc,heap        ] GC(107) Old regions: 16->18
[97.109s][info][gc,heap        ] GC(107) Archive regions: 0->0
[97.109s][info][gc,heap        ] GC(107) Humongous regions: 0->0
[97.109s][info][gc,metaspace   ] GC(107) Metaspace: 16657K(17088K)->16657K(17088K) NonClass: 14231K(14464K)->14231K(14464K) Class: 2426K(2624K)->2426K(2624K)
[97.109s][info][gc             ] GC(107) Pause Young (Normal) (G1 Evacuation Pause) 291M->285M(400M) 13.335ms
[97.109s][info][gc,cpu         ] GC(107) User=0.16s Sys=0.00s Real=0.02s
[97.129s][info][gc,start       ] GC(108) Pause Young (Normal) (G1 Evacuation Pause)
[97.129s][info][gc,task        ] GC(108) Using 9 workers of 33 for evacuation
[97.142s][info][gc,phases      ] GC(108)   Pre Evacuate Collection Set: 0.1ms
[97.142s][info][gc,phases      ] GC(108)   Merge Heap Roots: 0.1ms
[97.142s][info][gc,phases      ] GC(108)   Evacuate Collection Set: 9.7ms
[97.142s][info][gc,phases      ] GC(108)   Post Evacuate Collection Set: 3.1ms
[97.142s][info][gc,phases      ] GC(108)   Other: 0.1ms
[97.142s][info][gc,heap        ] GC(108) Eden regions: 1->0(29)
[97.142s][info][gc,heap        ] GC(108) Survivor regions: 1->1(1)
[97.142s][info][gc,heap        ] GC(108) Old regions: 18->19
[97.142s][info][gc,heap        ] GC(108) Archive regions: 0->0
[97.142s][info][gc,heap        ] GC(108) Humongous regions: 0->0
[97.142s][info][gc,metaspace   ] GC(108) Metaspace: 16657K(17088K)->16657K(17088K) NonClass: 14231K(14464K)->14231K(14464K) Class: 2426K(2624K)->2426K(2624K)
[97.142s][info][gc             ] GC(108) Pause Young (Normal) (G1 Evacuation Pause) 301M->302M(1232M) 13.399ms
[97.142s][info][gc,cpu         ] GC(108) User=0.00s Sys=0.00s Real=0.01s
[97.166s][info][gc,marking     ] GC(106) Concurrent Mark From Roots 94.319ms
[97.166s][info][gc,marking     ] GC(106) Concurrent Preclean
[97.166s][info][gc,marking     ] GC(106) Concurrent Preclean 0.051ms
[97.166s][info][gc,start       ] GC(106) Pause Remark
[97.167s][info][gc             ] GC(106) Pause Remark 321M->321M(1184M) 1.215ms
[97.167s][info][gc,cpu         ] GC(106) User=0.14s Sys=0.00s Real=0.02s
[97.167s][info][gc,marking     ] GC(106) Concurrent Mark 95.873ms
[97.167s][info][gc,marking     ] GC(106) Concurrent Rebuild Remembered Sets and Scrub Regions
[97.325s][info][gc,marking     ] GC(106) Concurrent Rebuild Remembered Sets and Scrub Regions 157.682ms
[97.325s][info][gc,start       ] GC(106) Pause Cleanup
[97.325s][info][gc             ] GC(106) Pause Cleanup 425M->425M(1184M) 0.212ms
[97.325s][info][gc,cpu         ] GC(106) User=0.00s Sys=0.00s Real=0.00s
[97.325s][info][gc,marking     ] GC(106) Concurrent Clear Claimed Marks
[97.325s][info][gc,marking     ] GC(106) Concurrent Clear Claimed Marks 0.038ms
[97.325s][info][gc,marking     ] GC(106) Concurrent Cleanup for Next Mark
[97.330s][info][gc,marking     ] GC(106) Concurrent Cleanup for Next Mark 4.251ms
[97.330s][info][gc             ] GC(106) Concurrent Mark Cycle 271.285ms
[103.989s][info][gc,start       ] GC(109) Pause Young (Prepare Mixed) (G1 Evacuation Pause)
[103.989s][info][gc,task        ] GC(109) Using 28 workers of 33 for evacuation
[104.078s][info][gc,phases      ] GC(109)   Pre Evacuate Collection Set: 0.2ms
[104.078s][info][gc,phases      ] GC(109)   Merge Heap Roots: 2.7ms
[104.078s][info][gc,phases      ] GC(109)   Evacuate Collection Set: 85.4ms
[104.078s][info][gc,phases      ] GC(109)   Post Evacuate Collection Set: 0.7ms
[104.078s][info][gc,phases      ] GC(109)   Other: 0.1ms
[104.078s][info][gc,heap        ] GC(109) Eden regions: 29->0(19)
[104.078s][info][gc,heap        ] GC(109) Survivor regions: 1->4(4)
[104.078s][info][gc,heap        ] GC(109) Old regions: 19->29
[104.078s][info][gc,heap        ] GC(109) Archive regions: 0->0
[104.078s][info][gc,heap        ] GC(109) Humongous regions: 0->0
[104.078s][info][gc,metaspace   ] GC(109) Metaspace: 16657K(17088K)->16657K(17088K) NonClass: 14231K(14464K)->14231K(14464K) Class: 2426K(2624K)->2426K(2624K)
[104.078s][info][gc             ] GC(109) Pause Young (Prepare Mixed) (G1 Evacuation Pause) 766M->505M(1184M) 89.464ms
[104.078s][info][gc,cpu         ] GC(109) User=1.39s Sys=1.20s Real=0.09s
[104.362s][info][gc,start       ] GC(110) Pause Young (Mixed) (G1 Evacuation Pause)
[104.362s][info][gc,task        ] GC(110) Using 28 workers of 33 for evacuation
[104.430s][info][gc,phases      ] GC(110)   Pre Evacuate Collection Set: 0.1ms
[104.430s][info][gc,phases      ] GC(110)   Merge Heap Roots: 0.5ms
[104.430s][info][gc,phases      ] GC(110)   Evacuate Collection Set: 66.1ms
[104.430s][info][gc,phases      ] GC(110)   Post Evacuate Collection Set: 0.4ms
[104.430s][info][gc,phases      ] GC(110)   Other: 0.1ms
[104.430s][info][gc,heap        ] GC(110) Eden regions: 19->0(15)
[104.430s][info][gc,heap        ] GC(110) Survivor regions: 4->3(3)
[104.430s][info][gc,heap        ] GC(110) Old regions: 29->38
[104.430s][info][gc,heap        ] GC(110) Archive regions: 0->0
[104.430s][info][gc,heap        ] GC(110) Humongous regions: 0->0
[104.430s][info][gc,metaspace   ] GC(110) Metaspace: 16657K(17088K)->16657K(17088K) NonClass: 14231K(14464K)->14231K(14464K) Class: 2426K(2624K)->2426K(2624K)
[104.430s][info][gc             ] GC(110) Pause Young (Mixed) (G1 Evacuation Pause) 809M->644M(1184M) 67.511ms
[104.430s][info][gc,cpu         ] GC(110) User=1.33s Sys=0.42s Real=0.06s
[104.662s][info][gc,start       ] GC(111) Pause Young (Concurrent Start) (G1 Evacuation Pause)
[104.662s][info][gc,task        ] GC(111) Using 28 workers of 33 for evacuation
[104.702s][info][gc,phases      ] GC(111)   Pre Evacuate Collection Set: 0.2ms
[104.716s][info][gc,phases      ] GC(111)   Merge Heap Roots: 0.3ms
[104.716s][info][gc,phases      ] GC(111)   Evacuate Collection Set: 39.0ms
[104.716s][info][gc,phases      ] GC(111)   Post Evacuate Collection Set: 0.4ms
[104.716s][info][gc,phases      ] GC(111)   Other: 0.1ms
[104.716s][info][gc,heap        ] GC(111) Eden regions: 15->0(12)
[104.716s][info][gc,heap        ] GC(111) Survivor regions: 3->3(3)
[104.716s][info][gc,heap        ] GC(111) Old regions: 38->45
[104.716s][info][gc,heap        ] GC(111) Archive regions: 0->0
[104.716s][info][gc,heap        ] GC(111) Humongous regions: 0->0
[104.716s][info][gc,metaspace   ] GC(111) Metaspace: 16657K(17088K)->16657K(17088K) NonClass: 14231K(14464K)->14231K(14464K) Class: 2426K(2624K)->2426K(2624K)
[104.716s][info][gc             ] GC(111) Pause Young (Concurrent Start) (G1 Evacuation Pause) 884M->759M(1184M) 53.909ms
[104.716s][info][gc             ] GC(112) Concurrent Mark Cycle
[104.716s][info][gc,cpu         ] GC(111) User=1.20s Sys=0.05s Real=0.05s
[104.716s][info][gc,marking     ] GC(112) Concurrent Scan Root Regions
[104.739s][info][gc,marking     ] GC(112) Concurrent Scan Root Regions 22.779ms
[104.739s][info][gc,marking     ] GC(112) Concurrent Mark
[104.739s][info][gc,marking     ] GC(112) Concurrent Mark From Roots
[104.739s][info][gc,task        ] GC(112) Using 8 workers of 8 for marking
[104.791s][info][gc,marking     ] GC(112) Concurrent Mark From Roots 51.886ms
[104.791s][info][gc,marking     ] GC(112) Concurrent Preclean
[104.791s][info][gc,marking     ] GC(112) Concurrent Preclean 0.067ms
[104.791s][info][gc,start       ] GC(112) Pause Remark
[104.792s][info][gc             ] GC(112) Pause Remark 826M->634M(1184M) 1.384ms
[104.792s][info][gc,cpu         ] GC(112) User=0.00s Sys=0.00s Real=0.00s
[104.792s][info][gc,marking     ] GC(112) Concurrent Mark 53.669ms
[104.792s][info][gc,marking     ] GC(112) Concurrent Rebuild Remembered Sets and Scrub Regions
[104.903s][info][gc,marking     ] GC(112) Concurrent Rebuild Remembered Sets and Scrub Regions 110.806ms
[104.903s][info][gc,start       ] GC(112) Pause Cleanup
[104.904s][info][gc             ] GC(112) Pause Cleanup 746M->746M(1184M) 0.213ms
[104.904s][info][gc,cpu         ] GC(112) User=0.00s Sys=0.00s Real=0.00s
[104.904s][info][gc,marking     ] GC(112) Concurrent Clear Claimed Marks
[104.904s][info][gc,marking     ] GC(112) Concurrent Clear Claimed Marks 0.043ms
[104.904s][info][gc,marking     ] GC(112) Concurrent Cleanup for Next Mark
[104.905s][info][gc,marking     ] GC(112) Concurrent Cleanup for Next Mark 0.814ms
[104.905s][info][gc             ] GC(112) Concurrent Mark Cycle 188.847ms
[104.917s][info][gc,start       ] GC(113) Pause Young (Prepare Mixed) (G1 Evacuation Pause)
[104.917s][info][gc,task        ] GC(113) Using 28 workers of 33 for evacuation
[104.949s][info][gc,phases      ] GC(113)   Pre Evacuate Collection Set: 0.1ms
[104.949s][info][gc,phases      ] GC(113)   Merge Heap Roots: 0.3ms
[104.949s][info][gc,phases      ] GC(113)   Evacuate Collection Set: 31.0ms
[104.949s][info][gc,phases      ] GC(113)   Post Evacuate Collection Set: 0.4ms
[104.949s][info][gc,phases      ] GC(113)   Other: 0.1ms
[104.949s][info][gc,heap        ] GC(113) Eden regions: 12->0(15)
[104.949s][info][gc,heap        ] GC(113) Survivor regions: 3->2(2)
[104.949s][info][gc,heap        ] GC(113) Old regions: 33->40
[104.949s][info][gc,heap        ] GC(113) Archive regions: 0->0
[104.949s][info][gc,heap        ] GC(113) Humongous regions: 0->0
[104.949s][info][gc,metaspace   ] GC(113) Metaspace: 16657K(17088K)->16657K(17088K) NonClass: 14231K(14464K)->14231K(14464K) Class: 2426K(2624K)->2426K(2624K)
[104.949s][info][gc             ] GC(113) Pause Young (Prepare Mixed) (G1 Evacuation Pause) 759M->661M(1184M) 32.244ms
[104.949s][info][gc,cpu         ] GC(113) User=0.47s Sys=0.00s Real=0.03s
[105.504s][info][gc,start       ] GC(114) Pause Young (Mixed) (G1 Evacuation Pause)
[105.504s][info][gc,task        ] GC(114) Using 28 workers of 33 for evacuation
[105.564s][info][gc,phases      ] GC(114)   Pre Evacuate Collection Set: 0.1ms
[105.564s][info][gc,phases      ] GC(114)   Merge Heap Roots: 3.7ms
[105.564s][info][gc,phases      ] GC(114)   Evacuate Collection Set: 54.9ms
[105.564s][info][gc,phases      ] GC(114)   Post Evacuate Collection Set: 0.9ms
[105.564s][info][gc,phases      ] GC(114)   Other: 0.1ms
[105.564s][info][gc,heap        ] GC(114) Eden regions: 15->0(12)
[105.564s][info][gc,heap        ] GC(114) Survivor regions: 2->3(3)
[105.564s][info][gc,heap        ] GC(114) Old regions: 40->44
[105.564s][info][gc,heap        ] GC(114) Archive regions: 0->0
[105.564s][info][gc,heap        ] GC(114) Humongous regions: 0->0
[105.564s][info][gc,metaspace   ] GC(114) Metaspace: 16657K(17088K)->16657K(17088K) NonClass: 14231K(14464K)->14231K(14464K) Class: 2426K(2624K)->2426K(2624K)
[105.564s][info][gc             ] GC(114) Pause Young (Mixed) (G1 Evacuation Pause) 901M->738M(1184M) 60.193ms
[105.564s][info][gc,cpu         ] GC(114) User=1.75s Sys=0.00s Real=0.06s
[106.222s][info][gc,start       ] GC(115) Pause Young (Mixed) (G1 Evacuation Pause)
[106.223s][info][gc,task        ] GC(115) Using 28 workers of 33 for evacuation
[106.262s][info][gc,phases      ] GC(115)   Pre Evacuate Collection Set: 0.1ms
[106.262s][info][gc,phases      ] GC(115)   Merge Heap Roots: 2.0ms
[106.262s][info][gc,phases      ] GC(115)   Evacuate Collection Set: 30.6ms
[106.262s][info][gc,phases      ] GC(115)   Post Evacuate Collection Set: 6.9ms
[106.262s][info][gc,phases      ] GC(115)   Other: 0.1ms
[106.262s][info][gc,heap        ] GC(115) Eden regions: 12->0(76)
[106.262s][info][gc,heap        ] GC(115) Survivor regions: 3->2(2)
[106.262s][info][gc,heap        ] GC(115) Old regions: 44->40
[106.262s][info][gc,heap        ] GC(115) Archive regions: 0->0
[106.262s][info][gc,heap        ] GC(115) Humongous regions: 0->0
[106.262s][info][gc,metaspace   ] GC(115) Metaspace: 16657K(17088K)->16657K(17088K) NonClass: 14231K(14464K)->14231K(14464K) Class: 2426K(2624K)->2426K(2624K)
[106.262s][info][gc             ] GC(115) Pause Young (Mixed) (G1 Evacuation Pause) 930M->667M(3344M) 40.055ms
[106.262s][info][gc,cpu         ] GC(115) User=0.88s Sys=0.00s Real=0.03s
[108.555s][info][gc,start       ] GC(116) Pause Full (System.gc())
[108.555s][info][gc,task        ] GC(116) Using 20 workers of 33 for full compaction
[108.557s][info][gc,phases,start] GC(116) Phase 1: Mark live objects
[108.567s][info][gc,phases      ] GC(116) Phase 1: Mark live objects 10.015ms
[108.567s][info][gc,phases,start] GC(116) Phase 2: Prepare compaction
[108.574s][info][gc,phases      ] GC(116) Phase 2: Prepare compaction 7.451ms
[108.574s][info][gc,phases,start] GC(116) Phase 3: Adjust pointers
[108.584s][info][gc,phases      ] GC(116) Phase 3: Adjust pointers 9.972ms
[108.584s][info][gc,phases,start] GC(116) Phase 4: Compact heap
[108.593s][info][gc,phases      ] GC(116) Phase 4: Compact heap 8.546ms
[108.614s][info][gc,heap        ] GC(116) Eden regions: 27->0(10)
[108.614s][info][gc,heap        ] GC(116) Survivor regions: 2->0(2)
[108.614s][info][gc,heap        ] GC(116) Old regions: 40->9
[108.614s][info][gc,heap        ] GC(116) Archive regions: 0->0
[108.614s][info][gc,heap        ] GC(116) Humongous regions: 0->0
[108.614s][info][gc,metaspace   ] GC(116) Metaspace: 16659K(17088K)->16659K(17088K) NonClass: 14233K(14464K)->14233K(14464K) Class: 2426K(2624K)->2426K(2624K)
[108.614s][info][gc             ] GC(116) Pause Full (System.gc()) 1091M->14M(480M) 58.539ms
[108.614s][info][gc,cpu         ] GC(116) User=0.41s Sys=0.36s Real=0.06s
[110.320s][info][gc,start       ] GC(117) Pause Young (Concurrent Start) (G1 Evacuation Pause)
[110.321s][info][gc,task        ] GC(117) Using 15 workers of 33 for evacuation
[110.323s][info][gc,phases      ] GC(117)   Pre Evacuate Collection Set: 0.3ms
[110.323s][info][gc,phases      ] GC(117)   Merge Heap Roots: 0.1ms
[110.323s][info][gc,phases      ] GC(117)   Evacuate Collection Set: 1.0ms
[110.323s][info][gc,phases      ] GC(117)   Post Evacuate Collection Set: 0.5ms
[110.323s][info][gc,phases      ] GC(117)   Other: 0.1ms
[110.323s][info][gc,heap        ] GC(117) Eden regions: 10->0(11)
[110.323s][info][gc,heap        ] GC(117) Survivor regions: 0->1(2)
[110.323s][info][gc,heap        ] GC(117) Old regions: 9->9
[110.323s][info][gc,heap        ] GC(117) Archive regions: 0->0
[110.323s][info][gc,heap        ] GC(117) Humongous regions: 0->0
[110.323s][info][gc,metaspace   ] GC(117) Metaspace: 16661K(17088K)->16661K(17088K) NonClass: 14235K(14464K)->14235K(14464K) Class: 2426K(2624K)->2426K(2624K)
[110.323s][info][gc             ] GC(117) Pause Young (Concurrent Start) (G1 Evacuation Pause) 174M->16M(480M) 2.525ms
[110.323s][info][gc             ] GC(118) Concurrent Mark Cycle
[110.323s][info][gc,cpu         ] GC(117) User=0.00s Sys=0.00s Real=0.00s
[110.323s][info][gc,marking     ] GC(118) Concurrent Scan Root Regions
[110.328s][info][gc,marking     ] GC(118) Concurrent Scan Root Regions 4.730ms
[110.328s][info][gc,marking     ] GC(118) Concurrent Mark
[110.328s][info][gc,marking     ] GC(118) Concurrent Mark From Roots
[110.328s][info][gc,task        ] GC(118) Using 8 workers of 8 for marking
[110.346s][info][gc,start       ] GC(119) Pause Young (Normal) (G1 Evacuation Pause)
[110.346s][info][gc,task        ] GC(119) Using 13 workers of 33 for evacuation
[110.347s][info][gc,phases      ] GC(119)   Pre Evacuate Collection Set: 0.1ms
[110.347s][info][gc,phases      ] GC(119)   Merge Heap Roots: 0.1ms
[110.347s][info][gc,phases      ] GC(119)   Evacuate Collection Set: 0.5ms
[110.347s][info][gc,phases      ] GC(119)   Post Evacuate Collection Set: 0.3ms
[110.347s][info][gc,phases      ] GC(119)   Other: 0.1ms
[110.347s][info][gc,heap        ] GC(119) Eden regions: 11->0(11)
[110.347s][info][gc,heap        ] GC(119) Survivor regions: 1->1(2)
[110.347s][info][gc,heap        ] GC(119) Old regions: 9->9
[110.347s][info][gc,heap        ] GC(119) Archive regions: 0->0
[110.347s][info][gc,heap        ] GC(119) Humongous regions: 0->0
[110.347s][info][gc,metaspace   ] GC(119) Metaspace: 16661K(17088K)->16661K(17088K) NonClass: 14235K(14464K)->14235K(14464K) Class: 2426K(2624K)->2426K(2624K)
[110.347s][info][gc             ] GC(119) Pause Young (Normal) (G1 Evacuation Pause) 192M->16M(480M) 1.311ms
[110.347s][info][gc,cpu         ] GC(119) User=0.00s Sys=0.00s Real=0.00s
[110.366s][info][gc,start       ] GC(120) Pause Young (Normal) (G1 Evacuation Pause)
[110.366s][info][gc,task        ] GC(120) Using 12 workers of 33 for evacuation
[110.368s][info][gc,phases      ] GC(120)   Pre Evacuate Collection Set: 0.1ms
[110.368s][info][gc,phases      ] GC(120)   Merge Heap Roots: 0.1ms
[110.368s][info][gc,phases      ] GC(120)   Evacuate Collection Set: 0.6ms
[110.368s][info][gc,phases      ] GC(120)   Post Evacuate Collection Set: 0.3ms
[110.368s][info][gc,phases      ] GC(120)   Other: 0.1ms
[110.368s][info][gc,heap        ] GC(120) Eden regions: 11->0(12)
[110.368s][info][gc,heap        ] GC(120) Survivor regions: 1->1(2)
[110.368s][info][gc,heap        ] GC(120) Old regions: 9->9
[110.368s][info][gc,heap        ] GC(120) Archive regions: 0->0
[110.368s][info][gc,heap        ] GC(120) Humongous regions: 0->0
[110.368s][info][gc,metaspace   ] GC(120) Metaspace: 16661K(17088K)->16661K(17088K) NonClass: 14235K(14464K)->14235K(14464K) Class: 2426K(2624K)->2426K(2624K)
[110.368s][info][gc             ] GC(120) Pause Young (Normal) (G1 Evacuation Pause) 192M->16M(480M) 1.366ms
[110.368s][info][gc,cpu         ] GC(120) User=0.00s Sys=0.00s Real=0.00s
[110.369s][info][gc,marking     ] GC(118) Concurrent Mark From Roots 41.601ms
[110.369s][info][gc,marking     ] GC(118) Concurrent Preclean
[110.370s][info][gc,marking     ] GC(118) Concurrent Preclean 0.068ms
[110.370s][info][gc,start       ] GC(118) Pause Remark
[110.371s][info][gc             ] GC(118) Pause Remark 34M->34M(480M) 0.896ms
[110.371s][info][gc,cpu         ] GC(118) User=0.00s Sys=0.00s Real=0.00s
[110.371s][info][gc,marking     ] GC(118) Concurrent Mark 42.892ms
[110.371s][info][gc,marking     ] GC(118) Concurrent Rebuild Remembered Sets and Scrub Regions
[110.385s][info][gc,marking     ] GC(118) Concurrent Rebuild Remembered Sets and Scrub Regions 13.979ms
[110.385s][info][gc,start       ] GC(118) Pause Cleanup
[110.385s][info][gc             ] GC(118) Pause Cleanup 171M->171M(480M) 0.086ms
[110.385s][info][gc,cpu         ] GC(118) User=0.00s Sys=0.00s Real=0.00s
[110.386s][info][gc,marking     ] GC(118) Concurrent Clear Claimed Marks
[110.386s][info][gc,marking     ] GC(118) Concurrent Clear Claimed Marks 0.065ms
[110.386s][info][gc,marking     ] GC(118) Concurrent Cleanup for Next Mark
[110.387s][info][gc,marking     ] GC(118) Concurrent Cleanup for Next Mark 0.931ms
[110.387s][info][gc             ] GC(118) Concurrent Mark Cycle 63.804ms
[110.389s][info][gc,start       ] GC(121) Pause Young (Prepare Mixed) (G1 Evacuation Pause)
[110.389s][info][gc,task        ] GC(121) Using 11 workers of 33 for evacuation
[110.390s][info][gc,phases      ] GC(121)   Pre Evacuate Collection Set: 0.1ms
[110.390s][info][gc,phases      ] GC(121)   Merge Heap Roots: 0.1ms
[110.390s][info][gc,phases      ] GC(121)   Evacuate Collection Set: 0.6ms
[110.390s][info][gc,phases      ] GC(121)   Post Evacuate Collection Set: 0.3ms
[110.390s][info][gc,phases      ] GC(121)   Other: 0.1ms
[110.390s][info][gc,heap        ] GC(121) Eden regions: 12->0(13)
[110.390s][info][gc,heap        ] GC(121) Survivor regions: 1->1(2)
[110.390s][info][gc,heap        ] GC(121) Old regions: 9->9
[110.390s][info][gc,heap        ] GC(121) Archive regions: 0->0
[110.390s][info][gc,heap        ] GC(121) Humongous regions: 0->0
[110.390s][info][gc,metaspace   ] GC(121) Metaspace: 16661K(17088K)->16661K(17088K) NonClass: 14235K(14464K)->14235K(14464K) Class: 2426K(2624K)->2426K(2624K)
[110.390s][info][gc             ] GC(121) Pause Young (Prepare Mixed) (G1 Evacuation Pause) 208M->16M(480M) 1.276ms
[110.390s][info][gc,cpu         ] GC(121) User=0.00s Sys=0.00s Real=0.00s
[110.412s][info][gc,start       ] GC(122) Pause Young (Mixed) (G1 Evacuation Pause)
[110.412s][info][gc,task        ] GC(122) Using 11 workers of 33 for evacuation
[110.413s][info][gc,phases      ] GC(122)   Pre Evacuate Collection Set: 0.1ms
[110.413s][info][gc,phases      ] GC(122)   Merge Heap Roots: 0.1ms
[110.413s][info][gc,phases      ] GC(122)   Evacuate Collection Set: 0.6ms
[110.414s][info][gc,phases      ] GC(122)   Post Evacuate Collection Set: 0.3ms
[110.414s][info][gc,phases      ] GC(122)   Other: 0.1ms
[110.414s][info][gc,heap        ] GC(122) Eden regions: 13->0(15)
[110.414s][info][gc,heap        ] GC(122) Survivor regions: 1->1(2)
[110.414s][info][gc,heap        ] GC(122) Old regions: 9->7
[110.414s][info][gc,heap        ] GC(122) Archive regions: 0->0
[110.414s][info][gc,heap        ] GC(122) Humongous regions: 0->0
[110.414s][info][gc,metaspace   ] GC(122) Metaspace: 16661K(17088K)->16661K(17088K) NonClass: 14235K(14464K)->14235K(14464K) Class: 2426K(2624K)->2426K(2624K)
[110.414s][info][gc             ] GC(122) Pause Young (Mixed) (G1 Evacuation Pause) 224M->16M(480M) 1.365ms
[110.414s][info][gc,cpu         ] GC(122) User=0.00s Sys=0.00s Real=0.00s
[110.439s][info][gc,start       ] GC(123) Pause Young (Mixed) (G1 Evacuation Pause)
[110.439s][info][gc,task        ] GC(123) Using 11 workers of 33 for evacuation
[110.442s][info][gc,phases      ] GC(123)   Pre Evacuate Collection Set: 0.1ms
[110.442s][info][gc,phases      ] GC(123)   Merge Heap Roots: 0.1ms
[110.442s][info][gc,phases      ] GC(123)   Evacuate Collection Set: 0.9ms
[110.442s][info][gc,phases      ] GC(123)   Post Evacuate Collection Set: 2.4ms
[110.442s][info][gc,phases      ] GC(123)   Other: 0.1ms
[110.442s][info][gc,heap        ] GC(123) Eden regions: 15->0(46)
[110.442s][info][gc,heap        ] GC(123) Survivor regions: 1->1(2)
[110.442s][info][gc,heap        ] GC(123) Old regions: 7->4
[110.442s][info][gc,heap        ] GC(123) Archive regions: 0->0
[110.442s][info][gc,heap        ] GC(123) Humongous regions: 0->0
[110.442s][info][gc,metaspace   ] GC(123) Metaspace: 16661K(17088K)->16661K(17088K) NonClass: 14235K(14464K)->14235K(14464K) Class: 2426K(2624K)->2426K(2624K)
[110.442s][info][gc             ] GC(123) Pause Young (Mixed) (G1 Evacuation Pause) 256M->15M(1264M) 3.766ms
[110.442s][info][gc,cpu         ] GC(123) User=0.00s Sys=0.00s Real=0.00s
[110.776s][info][gc,start       ] GC(124) Pause Young (Mixed) (G1 Evacuation Pause)
[110.776s][info][gc,task        ] GC(124) Using 30 workers of 33 for evacuation
[110.778s][info][gc,phases      ] GC(124)   Pre Evacuate Collection Set: 0.1ms
[110.778s][info][gc,phases      ] GC(124)   Merge Heap Roots: 0.1ms
[110.778s][info][gc,phases      ] GC(124)   Evacuate Collection Set: 1.1ms
[110.778s][info][gc,phases      ] GC(124)   Post Evacuate Collection Set: 0.5ms
[110.778s][info][gc,phases      ] GC(124)   Other: 0.1ms
[110.778s][info][gc,heap        ] GC(124) Eden regions: 46->0(46)
[110.778s][info][gc,heap        ] GC(124) Survivor regions: 1->1(6)
[110.778s][info][gc,heap        ] GC(124) Old regions: 4->3
[110.778s][info][gc,heap        ] GC(124) Archive regions: 0->0
[110.778s][info][gc,heap        ] GC(124) Humongous regions: 0->0
[110.778s][info][gc,metaspace   ] GC(124) Metaspace: 16661K(17088K)->16661K(17088K) NonClass: 14235K(14464K)->14235K(14464K) Class: 2426K(2624K)->2426K(2624K)
[110.778s][info][gc             ] GC(124) Pause Young (Mixed) (G1 Evacuation Pause) 751M->16M(1264M) 2.139ms
[110.778s][info][gc,cpu         ] GC(124) User=0.00s Sys=0.00s Real=0.00s
[110.852s][info][gc,start       ] GC(125) Pause Young (Concurrent Start) (G1 Evacuation Pause)
[110.852s][info][gc,task        ] GC(125) Using 30 workers of 33 for evacuation
[110.854s][info][gc,phases      ] GC(125)   Pre Evacuate Collection Set: 0.2ms
[110.854s][info][gc,phases      ] GC(125)   Merge Heap Roots: 0.1ms
[110.854s][info][gc,phases      ] GC(125)   Evacuate Collection Set: 1.0ms
[110.854s][info][gc,phases      ] GC(125)   Post Evacuate Collection Set: 0.4ms
[110.854s][info][gc,phases      ] GC(125)   Other: 0.1ms
[110.854s][info][gc,heap        ] GC(125) Eden regions: 46->0(46)
[110.854s][info][gc,heap        ] GC(125) Survivor regions: 1->1(6)
[110.854s][info][gc,heap        ] GC(125) Old regions: 3->3
[110.854s][info][gc,heap        ] GC(125) Archive regions: 0->0
[110.854s][info][gc,heap        ] GC(125) Humongous regions: 0->0
[110.854s][info][gc,metaspace   ] GC(125) Metaspace: 16661K(17088K)->16661K(17088K) NonClass: 14235K(14464K)->14235K(14464K) Class: 2426K(2624K)->2426K(2624K)
[110.854s][info][gc             ] GC(125) Pause Young (Concurrent Start) (G1 Evacuation Pause) 752M->16M(1264M) 2.164ms
[110.854s][info][gc             ] GC(126) Concurrent Mark Cycle
[110.854s][info][gc,cpu         ] GC(125) User=0.00s Sys=0.00s Real=0.00s
[110.854s][info][gc,marking     ] GC(126) Concurrent Scan Root Regions
[110.857s][info][gc,marking     ] GC(126) Concurrent Scan Root Regions 2.221ms
[110.857s][info][gc,marking     ] GC(126) Concurrent Mark
[110.857s][info][gc,marking     ] GC(126) Concurrent Mark From Roots
[110.857s][info][gc,task        ] GC(126) Using 8 workers of 8 for marking
[110.891s][info][gc,marking     ] GC(126) Concurrent Mark From Roots 34.666ms
[110.891s][info][gc,marking     ] GC(126) Concurrent Preclean
[110.891s][info][gc,marking     ] GC(126) Concurrent Preclean 0.081ms
[110.892s][info][gc,start       ] GC(126) Pause Remark
[110.893s][info][gc             ] GC(126) Pause Remark 372M->372M(1264M) 1.129ms
[110.893s][info][gc,cpu         ] GC(126) User=0.00s Sys=0.00s Real=0.00s
[110.894s][info][gc,marking     ] GC(126) Concurrent Mark 37.609ms
[110.894s][info][gc,marking     ] GC(126) Concurrent Rebuild Remembered Sets and Scrub Regions
[110.908s][info][gc,marking     ] GC(126) Concurrent Rebuild Remembered Sets and Scrub Regions 13.746ms
[110.908s][info][gc,start       ] GC(126) Pause Cleanup
[110.908s][info][gc             ] GC(126) Pause Cleanup 519M->519M(1264M) 0.122ms
[110.908s][info][gc,cpu         ] GC(126) User=0.00s Sys=0.00s Real=0.00s
[110.909s][info][gc,marking     ] GC(126) Concurrent Clear Claimed Marks
[110.910s][info][gc,marking     ] GC(126) Concurrent Clear Claimed Marks 0.124ms
[110.910s][info][gc,marking     ] GC(126) Concurrent Cleanup for Next Mark
[110.915s][info][gc,marking     ] GC(126) Concurrent Cleanup for Next Mark 5.006ms
[110.915s][info][gc             ] GC(126) Concurrent Mark Cycle 60.433ms
[111.012s][info][gc,start       ] GC(127) Pause Young (Prepare Mixed) (G1 Evacuation Pause)
[111.012s][info][gc,task        ] GC(127) Using 30 workers of 33 for evacuation
[111.045s][info][gc,phases      ] GC(127)   Pre Evacuate Collection Set: 0.1ms
[111.045s][info][gc,phases      ] GC(127)   Merge Heap Roots: 0.2ms
[111.045s][info][gc,phases      ] GC(127)   Evacuate Collection Set: 31.6ms
[111.045s][info][gc,phases      ] GC(127)   Post Evacuate Collection Set: 0.5ms
[111.045s][info][gc,phases      ] GC(127)   Other: 0.1ms
[111.045s][info][gc,heap        ] GC(127) Eden regions: 46->0(41)
[111.045s][info][gc,heap        ] GC(127) Survivor regions: 1->6(6)
[111.045s][info][gc,heap        ] GC(127) Old regions: 3->3
[111.045s][info][gc,heap        ] GC(127) Archive regions: 0->0
[111.045s][info][gc,heap        ] GC(127) Humongous regions: 0->0
[111.045s][info][gc,metaspace   ] GC(127) Metaspace: 16661K(17088K)->16661K(17088K) NonClass: 14235K(14464K)->14235K(14464K) Class: 2426K(2624K)->2426K(2624K)
[111.045s][info][gc             ] GC(127) Pause Young (Prepare Mixed) (G1 Evacuation Pause) 752M->104M(1264M) 32.909ms
[111.045s][info][gc,cpu         ] GC(127) User=0.52s Sys=0.42s Real=0.03s
[111.964s][info][gc,start       ] GC(128) Pause Young (Mixed) (G1 Evacuation Pause)
[111.965s][info][gc,task        ] GC(128) Using 30 workers of 33 for evacuation
[112.036s][info][gc,phases      ] GC(128)   Pre Evacuate Collection Set: 0.2ms
[112.036s][info][gc,phases      ] GC(128)   Merge Heap Roots: 0.2ms
[112.036s][info][gc,phases      ] GC(128)   Evacuate Collection Set: 69.9ms
[112.036s][info][gc,phases      ] GC(128)   Post Evacuate Collection Set: 0.6ms
[112.036s][info][gc,phases      ] GC(128)   Other: 0.1ms
[112.036s][info][gc,heap        ] GC(128) Eden regions: 41->0(29)
[112.036s][info][gc,heap        ] GC(128) Survivor regions: 6->6(6)
[112.036s][info][gc,heap        ] GC(128) Old regions: 3->21
[112.036s][info][gc,heap        ] GC(128) Archive regions: 0->0
[112.036s][info][gc,heap        ] GC(128) Humongous regions: 0->0
[112.036s][info][gc,metaspace   ] GC(128) Metaspace: 16661K(17088K)->16661K(17088K) NonClass: 14235K(14464K)->14235K(14464K) Class: 2426K(2624K)->2426K(2624K)
[112.036s][info][gc             ] GC(128) Pause Young (Mixed) (G1 Evacuation Pause) 760M->420M(1264M) 71.279ms
[112.036s][info][gc,cpu         ] GC(128) User=1.88s Sys=0.00s Real=0.06s
[118.705s][info][gc,start       ] GC(129) Pause Young (Concurrent Start) (G1 Evacuation Pause)
[118.705s][info][gc,task        ] GC(129) Using 30 workers of 33 for evacuation
[118.751s][info][gc,phases      ] GC(129)   Pre Evacuate Collection Set: 0.3ms
[118.751s][info][gc,phases      ] GC(129)   Merge Heap Roots: 0.3ms
[118.751s][info][gc,phases      ] GC(129)   Evacuate Collection Set: 44.3ms
[118.751s][info][gc,phases      ] GC(129)   Post Evacuate Collection Set: 1.0ms
[118.751s][info][gc,phases      ] GC(129)   Other: 0.2ms
[118.751s][info][gc,heap        ] GC(129) Eden regions: 29->0(23)
[118.751s][info][gc,heap        ] GC(129) Survivor regions: 6->5(5)
[118.751s][info][gc,heap        ] GC(129) Old regions: 21->29
[118.751s][info][gc,heap        ] GC(129) Archive regions: 0->0
[118.751s][info][gc,heap        ] GC(129) Humongous regions: 0->0
[118.751s][info][gc,metaspace   ] GC(129) Metaspace: 16661K(17088K)->16661K(17088K) NonClass: 14235K(14464K)->14235K(14464K) Class: 2426K(2624K)->2426K(2624K)
[118.751s][info][gc             ] GC(129) Pause Young (Concurrent Start) (G1 Evacuation Pause) 884M->526M(1264M) 46.343ms
[118.751s][info][gc             ] GC(130) Concurrent Mark Cycle
[118.751s][info][gc,cpu         ] GC(129) User=1.41s Sys=0.00s Real=0.05s
[118.751s][info][gc,marking     ] GC(130) Concurrent Scan Root Regions
[118.768s][info][gc,marking     ] GC(130) Concurrent Scan Root Regions 17.317ms
[118.768s][info][gc,marking     ] GC(130) Concurrent Mark
[118.768s][info][gc,marking     ] GC(130) Concurrent Mark From Roots
[118.768s][info][gc,task        ] GC(130) Using 8 workers of 8 for marking
[118.786s][info][gc,marking     ] GC(130) Concurrent Mark From Roots 17.927ms
[118.786s][info][gc,marking     ] GC(130) Concurrent Preclean
[118.786s][info][gc,marking     ] GC(130) Concurrent Preclean 0.032ms
[118.787s][info][gc,start       ] GC(130) Pause Remark
[118.788s][info][gc             ] GC(130) Pause Remark 564M->324M(1184M) 1.320ms
[118.788s][info][gc,cpu         ] GC(130) User=0.00s Sys=0.00s Real=0.00s
[118.788s][info][gc,marking     ] GC(130) Concurrent Mark 19.540ms
[118.788s][info][gc,marking     ] GC(130) Concurrent Rebuild Remembered Sets and Scrub Regions
[118.845s][info][gc,marking     ] GC(130) Concurrent Rebuild Remembered Sets and Scrub Regions 57.234ms
[118.845s][info][gc,start       ] GC(130) Pause Cleanup
[118.846s][info][gc             ] GC(130) Pause Cleanup 372M->372M(1184M) 0.200ms
[118.846s][info][gc,cpu         ] GC(130) User=0.00s Sys=0.00s Real=0.00s
[118.846s][info][gc,marking     ] GC(130) Concurrent Clear Claimed Marks
[118.846s][info][gc,marking     ] GC(130) Concurrent Clear Claimed Marks 0.041ms
[118.846s][info][gc,marking     ] GC(130) Concurrent Cleanup for Next Mark
[118.847s][info][gc,marking     ] GC(130) Concurrent Cleanup for Next Mark 0.819ms
[118.847s][info][gc             ] GC(130) Concurrent Mark Cycle 95.646ms
[119.103s][info][gc,start       ] GC(131) Pause Young (Prepare Mixed) (G1 Evacuation Pause)
[119.103s][info][gc,task        ] GC(131) Using 29 workers of 33 for evacuation
[119.163s][info][gc,phases      ] GC(131)   Pre Evacuate Collection Set: 0.1ms
[119.163s][info][gc,phases      ] GC(131)   Merge Heap Roots: 2.6ms
[119.163s][info][gc,phases      ] GC(131)   Evacuate Collection Set: 56.5ms
[119.163s][info][gc,phases      ] GC(131)   Post Evacuate Collection Set: 0.4ms
[119.163s][info][gc,phases      ] GC(131)   Other: 0.1ms
[119.163s][info][gc,heap        ] GC(131) Eden regions: 23->0(22)
[119.163s][info][gc,heap        ] GC(131) Survivor regions: 5->4(4)
[119.163s][info][gc,heap        ] GC(131) Old regions: 14->26
[119.163s][info][gc,heap        ] GC(131) Archive regions: 0->0
[119.163s][info][gc,heap        ] GC(131) Humongous regions: 0->0
[119.163s][info][gc,metaspace   ] GC(131) Metaspace: 16661K(17088K)->16661K(17088K) NonClass: 14235K(14464K)->14235K(14464K) Class: 2426K(2624K)->2426K(2624K)
[119.163s][info][gc             ] GC(131) Pause Young (Prepare Mixed) (G1 Evacuation Pause) 654M->454M(1184M) 60.079ms
[119.163s][info][gc,cpu         ] GC(131) User=1.81s Sys=0.00s Real=0.06s
[120.007s][info][gc,start       ] GC(132) Pause Young (Mixed) (G1 Evacuation Pause)
[120.007s][info][gc,task        ] GC(132) Using 28 workers of 33 for evacuation
[120.074s][info][gc,phases      ] GC(132)   Pre Evacuate Collection Set: 0.1ms
[120.074s][info][gc,phases      ] GC(132)   Merge Heap Roots: 4.6ms
[120.074s][info][gc,phases      ] GC(132)   Evacuate Collection Set: 57.7ms
[120.074s][info][gc,phases      ] GC(132)   Post Evacuate Collection Set: 4.8ms
[120.074s][info][gc,phases      ] GC(132)   Other: 0.1ms
[120.074s][info][gc,heap        ] GC(132) Eden regions: 22->0(68)
[120.074s][info][gc,heap        ] GC(132) Survivor regions: 4->4(4)
[120.074s][info][gc,heap        ] GC(132) Old regions: 26->38
[120.074s][info][gc,heap        ] GC(132) Archive regions: 0->0
[120.074s][info][gc,heap        ] GC(132) Humongous regions: 0->0
[120.074s][info][gc,metaspace   ] GC(132) Metaspace: 16661K(17088K)->16661K(17088K) NonClass: 14235K(14464K)->14235K(14464K) Class: 2426K(2624K)->2426K(2624K)
[120.074s][info][gc             ] GC(132) Pause Young (Mixed) (G1 Evacuation Pause) 806M->645M(2608M) 67.719ms
[120.074s][info][gc,cpu         ] GC(132) User=1.75s Sys=0.00s Real=0.06s
[122.700s][info][gc,start       ] GC(133) Pause Full (System.gc())
[122.700s][info][gc,task        ] GC(133) Using 16 workers of 33 for full compaction
[122.701s][info][gc,phases,start] GC(133) Phase 1: Mark live objects
[122.709s][info][gc,phases      ] GC(133) Phase 1: Mark live objects 8.101ms
[122.709s][info][gc,phases,start] GC(133) Phase 2: Prepare compaction
[122.717s][info][gc,phases      ] GC(133) Phase 2: Prepare compaction 8.206ms
[122.717s][info][gc,phases,start] GC(133) Phase 3: Adjust pointers
[122.730s][info][gc,phases      ] GC(133) Phase 3: Adjust pointers 12.823ms
[122.730s][info][gc,phases,start] GC(133) Phase 4: Compact heap
[122.739s][info][gc,phases      ] GC(133) Phase 4: Compact heap 8.653ms
[122.753s][info][gc,heap        ] GC(133) Eden regions: 33->0(6)
[122.753s][info][gc,heap        ] GC(133) Survivor regions: 4->0(4)
[122.753s][info][gc,heap        ] GC(133) Old regions: 38->5
[122.753s][info][gc,heap        ] GC(133) Archive regions: 0->0
[122.753s][info][gc,heap        ] GC(133) Humongous regions: 0->0
[122.753s][info][gc,metaspace   ] GC(133) Metaspace: 16663K(17152K)->16663K(17152K) NonClass: 14237K(14528K)->14237K(14528K) Class: 2426K(2624K)->2426K(2624K)
[122.753s][info][gc             ] GC(133) Pause Full (System.gc()) 1160M->15M(272M) 53.225ms
[122.753s][info][gc,cpu         ] GC(133) User=0.06s Sys=0.72s Real=0.05s
[124.566s][info][gc,start       ] GC(134) Pause Young (Concurrent Start) (G1 Evacuation Pause)
[124.566s][info][gc,task        ] GC(134) Using 11 workers of 33 for evacuation
[124.568s][info][gc,phases      ] GC(134)   Pre Evacuate Collection Set: 0.2ms
[124.568s][info][gc,phases      ] GC(134)   Merge Heap Roots: 0.1ms
[124.568s][info][gc,phases      ] GC(134)   Evacuate Collection Set: 1.2ms
[124.568s][info][gc,phases      ] GC(134)   Post Evacuate Collection Set: 0.5ms
[124.568s][info][gc,phases      ] GC(134)   Other: 0.1ms
[124.568s][info][gc,heap        ] GC(134) Eden regions: 6->0(6)
[124.568s][info][gc,heap        ] GC(134) Survivor regions: 0->1(1)
[124.568s][info][gc,heap        ] GC(134) Old regions: 5->5
[124.568s][info][gc,heap        ] GC(134) Archive regions: 0->0
[124.568s][info][gc,heap        ] GC(134) Humongous regions: 0->0
[124.568s][info][gc,metaspace   ] GC(134) Metaspace: 16665K(17152K)->16665K(17152K) NonClass: 14239K(14528K)->14239K(14528K) Class: 2426K(2624K)->2426K(2624K)
[124.568s][info][gc             ] GC(134) Pause Young (Concurrent Start) (G1 Evacuation Pause) 111M->19M(272M) 2.751ms
[124.569s][info][gc             ] GC(135) Concurrent Mark Cycle
[124.569s][info][gc,cpu         ] GC(134) User=0.00s Sys=0.00s Real=0.00s
[124.569s][info][gc,marking     ] GC(135) Concurrent Scan Root Regions
[124.575s][info][gc,marking     ] GC(135) Concurrent Scan Root Regions 5.931ms
[124.575s][info][gc,marking     ] GC(135) Concurrent Mark
[124.575s][info][gc,marking     ] GC(135) Concurrent Mark From Roots
[124.575s][info][gc,task        ] GC(135) Using 8 workers of 8 for marking
[124.585s][info][gc,start       ] GC(136) Pause Young (Normal) (G1 Evacuation Pause)
[124.585s][info][gc,task        ] GC(136) Using 8 workers of 33 for evacuation
[124.586s][info][gc,phases      ] GC(136)   Pre Evacuate Collection Set: 0.1ms
[124.587s][info][gc,phases      ] GC(136)   Merge Heap Roots: 0.1ms
[124.587s][info][gc,phases      ] GC(136)   Evacuate Collection Set: 1.0ms
[124.587s][info][gc,phases      ] GC(136)   Post Evacuate Collection Set: 0.4ms
[124.587s][info][gc,phases      ] GC(136)   Other: 0.1ms
[124.587s][info][gc,heap        ] GC(136) Eden regions: 6->0(6)
[124.587s][info][gc,heap        ] GC(136) Survivor regions: 1->1(1)
[124.587s][info][gc,heap        ] GC(136) Old regions: 5->5
[124.587s][info][gc,heap        ] GC(136) Archive regions: 0->0
[124.587s][info][gc,heap        ] GC(136) Humongous regions: 0->0
[124.587s][info][gc,metaspace   ] GC(136) Metaspace: 16665K(17152K)->16665K(17152K) NonClass: 14239K(14528K)->14239K(14528K) Class: 2426K(2624K)->2426K(2624K)
[124.587s][info][gc             ] GC(136) Pause Young (Normal) (G1 Evacuation Pause) 115M->18M(272M) 2.007ms
[124.587s][info][gc,cpu         ] GC(136) User=0.02s Sys=0.00s Real=0.01s
[124.598s][info][gc,start       ] GC(137) Pause Young (Normal) (G1 Evacuation Pause)
[124.598s][info][gc,task        ] GC(137) Using 7 workers of 33 for evacuation
[124.600s][info][gc,phases      ] GC(137)   Pre Evacuate Collection Set: 0.1ms
[124.600s][info][gc,phases      ] GC(137)   Merge Heap Roots: 0.1ms
[124.600s][info][gc,phases      ] GC(137)   Evacuate Collection Set: 1.0ms
[124.600s][info][gc,phases      ] GC(137)   Post Evacuate Collection Set: 0.3ms
[124.600s][info][gc,phases      ] GC(137)   Other: 0.1ms
[124.600s][info][gc,heap        ] GC(137) Eden regions: 6->0(6)
[124.600s][info][gc,heap        ] GC(137) Survivor regions: 1->1(1)
[124.600s][info][gc,heap        ] GC(137) Old regions: 5->5
[124.600s][info][gc,heap        ] GC(137) Archive regions: 0->0
[124.600s][info][gc,heap        ] GC(137) Humongous regions: 0->0
[124.600s][info][gc,metaspace   ] GC(137) Metaspace: 16665K(17152K)->16665K(17152K) NonClass: 14239K(14528K)->14239K(14528K) Class: 2426K(2624K)->2426K(2624K)
[124.600s][info][gc             ] GC(137) Pause Young (Normal) (G1 Evacuation Pause) 114M->17M(272M) 1.731ms
[124.600s][info][gc,cpu         ] GC(137) User=0.00s Sys=0.00s Real=0.00s
[124.616s][info][gc,start       ] GC(138) Pause Young (Normal) (G1 Evacuation Pause)
[124.616s][info][gc,task        ] GC(138) Using 6 workers of 33 for evacuation
[124.617s][info][gc,phases      ] GC(138)   Pre Evacuate Collection Set: 0.1ms
[124.617s][info][gc,phases      ] GC(138)   Merge Heap Roots: 0.1ms
[124.617s][info][gc,phases      ] GC(138)   Evacuate Collection Set: 0.9ms
[124.617s][info][gc,phases      ] GC(138)   Post Evacuate Collection Set: 0.3ms
[124.617s][info][gc,phases      ] GC(138)   Other: 0.1ms
[124.617s][info][gc,heap        ] GC(138) Eden regions: 6->0(7)
[124.617s][info][gc,heap        ] GC(138) Survivor regions: 1->1(1)
[124.617s][info][gc,heap        ] GC(138) Old regions: 5->5
[124.617s][info][gc,heap        ] GC(138) Archive regions: 0->0
[124.617s][info][gc,heap        ] GC(138) Humongous regions: 0->0
[124.617s][info][gc,metaspace   ] GC(138) Metaspace: 16665K(17152K)->16665K(17152K) NonClass: 14239K(14528K)->14239K(14528K) Class: 2426K(2624K)->2426K(2624K)
[124.617s][info][gc             ] GC(138) Pause Young (Normal) (G1 Evacuation Pause) 113M->17M(272M) 1.572ms
[124.617s][info][gc,cpu         ] GC(138) User=0.00s Sys=0.00s Real=0.00s
[124.627s][info][gc,marking     ] GC(135) Concurrent Mark From Roots 52.543ms
[124.627s][info][gc,marking     ] GC(135) Concurrent Preclean
[124.627s][info][gc,marking     ] GC(135) Concurrent Preclean 0.070ms
[124.628s][info][gc,start       ] GC(135) Pause Remark
[124.629s][info][gc             ] GC(135) Pause Remark 113M->113M(304M) 1.532ms
[124.629s][info][gc,cpu         ] GC(135) User=0.00s Sys=0.00s Real=0.00s
[124.629s][info][gc,marking     ] GC(135) Concurrent Mark 54.571ms
[124.629s][info][gc,marking     ] GC(135) Concurrent Rebuild Remembered Sets and Scrub Regions
[124.638s][info][gc,start       ] GC(139) Pause Young (Normal) (G1 Evacuation Pause)
[124.638s][info][gc,task        ] GC(139) Using 7 workers of 33 for evacuation
[124.642s][info][gc,phases      ] GC(139)   Pre Evacuate Collection Set: 0.1ms
[124.642s][info][gc,phases      ] GC(139)   Merge Heap Roots: 0.1ms
[124.642s][info][gc,phases      ] GC(139)   Evacuate Collection Set: 1.0ms
[124.642s][info][gc,phases      ] GC(139)   Post Evacuate Collection Set: 2.9ms
[124.642s][info][gc,phases      ] GC(139)   Other: 0.1ms
[124.642s][info][gc,heap        ] GC(139) Eden regions: 7->0(41)
[124.642s][info][gc,heap        ] GC(139) Survivor regions: 1->1(1)
[124.642s][info][gc,heap        ] GC(139) Old regions: 4->4
[124.642s][info][gc,heap        ] GC(139) Archive regions: 0->0
[124.642s][info][gc,heap        ] GC(139) Humongous regions: 0->0
[124.642s][info][gc,metaspace   ] GC(139) Metaspace: 16665K(17152K)->16665K(17152K) NonClass: 14239K(14528K)->14239K(14528K) Class: 2426K(2624K)->2426K(2624K)
[124.642s][info][gc             ] GC(139) Pause Young (Normal) (G1 Evacuation Pause) 129M->17M(1184M) 4.322ms
[124.642s][info][gc,cpu         ] GC(139) User=0.00s Sys=0.00s Real=0.00s
[124.643s][info][gc,marking     ] GC(135) Concurrent Rebuild Remembered Sets and Scrub Regions 14.181ms
[124.644s][info][gc,start       ] GC(135) Pause Cleanup
[124.644s][info][gc             ] GC(135) Pause Cleanup 20M->20M(1184M) 0.064ms
[124.644s][info][gc,cpu         ] GC(135) User=0.00s Sys=0.00s Real=0.00s
[124.651s][info][gc,marking     ] GC(135) Concurrent Clear Claimed Marks
[124.651s][info][gc,marking     ] GC(135) Concurrent Clear Claimed Marks 0.046ms
[124.651s][info][gc,marking     ] GC(135) Concurrent Cleanup for Next Mark
[124.660s][info][gc,marking     ] GC(135) Concurrent Cleanup for Next Mark 9.148ms
[124.660s][info][gc             ] GC(135) Concurrent Mark Cycle 91.489ms
[124.996s][info][gc,start       ] GC(140) Pause Young (Prepare Mixed) (G1 Evacuation Pause)
[124.996s][info][gc,task        ] GC(140) Using 28 workers of 33 for evacuation
[124.998s][info][gc,phases      ] GC(140)   Pre Evacuate Collection Set: 0.1ms
[124.998s][info][gc,phases      ] GC(140)   Merge Heap Roots: 0.1ms
[124.998s][info][gc,phases      ] GC(140)   Evacuate Collection Set: 1.0ms
[124.998s][info][gc,phases      ] GC(140)   Post Evacuate Collection Set: 0.4ms
[124.998s][info][gc,phases      ] GC(140)   Other: 0.1ms
[124.998s][info][gc,heap        ] GC(140) Eden regions: 41->0(43)
[124.998s][info][gc,heap        ] GC(140) Survivor regions: 1->1(6)
[124.998s][info][gc,heap        ] GC(140) Old regions: 4->4
[124.998s][info][gc,heap        ] GC(140) Archive regions: 0->0
[124.998s][info][gc,heap        ] GC(140) Humongous regions: 0->0
[124.998s][info][gc,metaspace   ] GC(140) Metaspace: 16665K(17152K)->16665K(17152K) NonClass: 14239K(14528K)->14239K(14528K) Class: 2426K(2624K)->2426K(2624K)
[124.998s][info][gc             ] GC(140) Pause Young (Prepare Mixed) (G1 Evacuation Pause) 673M->17M(1184M) 1.959ms
[124.998s][info][gc,cpu         ] GC(140) User=0.00s Sys=0.00s Real=0.00s
[125.075s][info][gc,start       ] GC(141) Pause Young (Mixed) (G1 Evacuation Pause)
[125.075s][info][gc,task        ] GC(141) Using 28 workers of 33 for evacuation
[125.077s][info][gc,phases      ] GC(141)   Pre Evacuate Collection Set: 0.1ms
[125.077s][info][gc,phases      ] GC(141)   Merge Heap Roots: 0.1ms
[125.077s][info][gc,phases      ] GC(141)   Evacuate Collection Set: 0.9ms
[125.077s][info][gc,phases      ] GC(141)   Post Evacuate Collection Set: 0.5ms
[125.077s][info][gc,phases      ] GC(141)   Other: 0.1ms
[125.077s][info][gc,heap        ] GC(141) Eden regions: 43->0(43)
[125.077s][info][gc,heap        ] GC(141) Survivor regions: 1->1(6)
[125.077s][info][gc,heap        ] GC(141) Old regions: 4->4
[125.077s][info][gc,heap        ] GC(141) Archive regions: 0->0
[125.077s][info][gc,heap        ] GC(141) Humongous regions: 0->0
[125.077s][info][gc,metaspace   ] GC(141) Metaspace: 16665K(17152K)->16665K(17152K) NonClass: 14239K(14528K)->14239K(14528K) Class: 2426K(2624K)->2426K(2624K)
[125.077s][info][gc             ] GC(141) Pause Young (Mixed) (G1 Evacuation Pause) 705M->17M(1184M) 1.944ms
[125.077s][info][gc,cpu         ] GC(141) User=0.00s Sys=0.00s Real=0.00s
[125.150s][info][gc,start       ] GC(142) Pause Young (Concurrent Start) (G1 Evacuation Pause)
[125.150s][info][gc,task        ] GC(142) Using 28 workers of 33 for evacuation
[125.151s][info][gc,phases      ] GC(142)   Pre Evacuate Collection Set: 0.2ms
[125.151s][info][gc,phases      ] GC(142)   Merge Heap Roots: 0.1ms
[125.151s][info][gc,phases      ] GC(142)   Evacuate Collection Set: 0.5ms
[125.151s][info][gc,phases      ] GC(142)   Post Evacuate Collection Set: 0.4ms
[125.151s][info][gc,phases      ] GC(142)   Other: 0.1ms
[125.151s][info][gc,heap        ] GC(142) Eden regions: 43->0(43)
[125.151s][info][gc,heap        ] GC(142) Survivor regions: 1->1(6)
[125.151s][info][gc,heap        ] GC(142) Old regions: 4->4
[125.151s][info][gc,heap        ] GC(142) Archive regions: 0->0
[125.151s][info][gc,heap        ] GC(142) Humongous regions: 0->0
[125.151s][info][gc,metaspace   ] GC(142) Metaspace: 16665K(17152K)->16665K(17152K) NonClass: 14239K(14528K)->14239K(14528K) Class: 2426K(2624K)->2426K(2624K)
[125.151s][info][gc             ] GC(142) Pause Young (Concurrent Start) (G1 Evacuation Pause) 705M->17M(1184M) 1.594ms
[125.151s][info][gc             ] GC(143) Concurrent Mark Cycle
[125.151s][info][gc,cpu         ] GC(142) User=0.00s Sys=0.00s Real=0.00s
[125.151s][info][gc,marking     ] GC(143) Concurrent Scan Root Regions
[125.154s][info][gc,marking     ] GC(143) Concurrent Scan Root Regions 2.371ms
[125.154s][info][gc,marking     ] GC(143) Concurrent Mark
[125.154s][info][gc,marking     ] GC(143) Concurrent Mark From Roots
[125.154s][info][gc,task        ] GC(143) Using 8 workers of 8 for marking
[125.190s][info][gc,marking     ] GC(143) Concurrent Mark From Roots 35.919ms
[125.190s][info][gc,marking     ] GC(143) Concurrent Preclean
[125.190s][info][gc,marking     ] GC(143) Concurrent Preclean 0.073ms
[125.190s][info][gc,start       ] GC(143) Pause Remark
[125.191s][info][gc             ] GC(143) Pause Remark 397M->397M(1184M) 1.095ms
[125.191s][info][gc,cpu         ] GC(143) User=0.00s Sys=0.00s Real=0.00s
[125.192s][info][gc,marking     ] GC(143) Concurrent Mark 38.281ms
[125.192s][info][gc,marking     ] GC(143) Concurrent Rebuild Remembered Sets and Scrub Regions
[125.206s][info][gc,marking     ] GC(143) Concurrent Rebuild Remembered Sets and Scrub Regions 13.835ms
[125.206s][info][gc,start       ] GC(143) Pause Cleanup
[125.206s][info][gc             ] GC(143) Pause Cleanup 541M->541M(1184M) 0.103ms
[125.206s][info][gc,cpu         ] GC(143) User=0.00s Sys=0.00s Real=0.00s
[125.207s][info][gc,marking     ] GC(143) Concurrent Clear Claimed Marks
[125.207s][info][gc,marking     ] GC(143) Concurrent Clear Claimed Marks 0.053ms
[125.207s][info][gc,marking     ] GC(143) Concurrent Cleanup for Next Mark
[125.209s][info][gc,marking     ] GC(143) Concurrent Cleanup for Next Mark 2.434ms
[125.209s][info][gc             ] GC(143) Concurrent Mark Cycle 58.196ms
[125.224s][info][gc,start       ] GC(144) Pause Young (Prepare Mixed) (G1 Evacuation Pause)
[125.224s][info][gc,task        ] GC(144) Using 28 workers of 33 for evacuation
[125.225s][info][gc,phases      ] GC(144)   Pre Evacuate Collection Set: 0.1ms
[125.225s][info][gc,phases      ] GC(144)   Merge Heap Roots: 0.1ms
[125.225s][info][gc,phases      ] GC(144)   Evacuate Collection Set: 0.5ms
[125.225s][info][gc,phases      ] GC(144)   Post Evacuate Collection Set: 0.4ms
[125.225s][info][gc,phases      ] GC(144)   Other: 0.1ms
[125.225s][info][gc,heap        ] GC(144) Eden regions: 43->0(43)
[125.225s][info][gc,heap        ] GC(144) Survivor regions: 1->1(6)
[125.225s][info][gc,heap        ] GC(144) Old regions: 4->4
[125.225s][info][gc,heap        ] GC(144) Archive regions: 0->0
[125.225s][info][gc,heap        ] GC(144) Humongous regions: 0->0
[125.225s][info][gc,metaspace   ] GC(144) Metaspace: 16665K(17152K)->16665K(17152K) NonClass: 14239K(14528K)->14239K(14528K) Class: 2426K(2624K)->2426K(2624K)
[125.225s][info][gc             ] GC(144) Pause Young (Prepare Mixed) (G1 Evacuation Pause) 705M->16M(1184M) 1.463ms
[125.225s][info][gc,cpu         ] GC(144) User=0.00s Sys=0.00s Real=0.00s
[125.916s][info][gc,start       ] GC(145) Pause Young (Mixed) (G1 Evacuation Pause)
[125.916s][info][gc,task        ] GC(145) Using 28 workers of 33 for evacuation
[126.033s][info][gc,phases      ] GC(145)   Pre Evacuate Collection Set: 0.2ms
[126.033s][info][gc,phases      ] GC(145)   Merge Heap Roots: 0.2ms
[126.033s][info][gc,phases      ] GC(145)   Evacuate Collection Set: 115.2ms
[126.033s][info][gc,phases      ] GC(145)   Post Evacuate Collection Set: 1.2ms
[126.033s][info][gc,phases      ] GC(145)   Other: 0.1ms
[126.033s][info][gc,heap        ] GC(145) Eden regions: 43->0(24)
[126.033s][info][gc,heap        ] GC(145) Survivor regions: 1->6(6)
[126.033s][info][gc,heap        ] GC(145) Old regions: 4->24
[126.033s][info][gc,heap        ] GC(145) Archive regions: 0->0
[126.033s][info][gc,heap        ] GC(145) Humongous regions: 0->0
[126.033s][info][gc,metaspace   ] GC(145) Metaspace: 16665K(17152K)->16665K(17152K) NonClass: 14239K(14528K)->14239K(14528K) Class: 2426K(2624K)->2426K(2624K)
[126.033s][info][gc             ] GC(145) Pause Young (Mixed) (G1 Evacuation Pause) 704M->458M(1200M) 117.178ms
[126.033s][info][gc,cpu         ] GC(145) User=1.92s Sys=1.14s Real=0.11s
[132.960s][info][gc,start       ] GC(146) Pause Young (Concurrent Start) (G1 Evacuation Pause)
[132.960s][info][gc,task        ] GC(146) Using 28 workers of 33 for evacuation
[133.026s][info][gc,phases      ] GC(146)   Pre Evacuate Collection Set: 0.3ms
[133.026s][info][gc,phases      ] GC(146)   Merge Heap Roots: 2.2ms
[133.026s][info][gc,phases      ] GC(146)   Evacuate Collection Set: 59.8ms
[133.026s][info][gc,phases      ] GC(146)   Post Evacuate Collection Set: 3.1ms
[133.026s][info][gc,phases      ] GC(146)   Other: 0.2ms
[133.026s][info][gc,heap        ] GC(146) Eden regions: 24->0(49)
[133.026s][info][gc,heap        ] GC(146) Survivor regions: 6->4(4)
[133.026s][info][gc,heap        ] GC(146) Old regions: 24->35
[133.026s][info][gc,heap        ] GC(146) Archive regions: 0->0
[133.026s][info][gc,heap        ] GC(146) Humongous regions: 0->0
[133.026s][info][gc,metaspace   ] GC(146) Metaspace: 16665K(17152K)->16665K(17152K) NonClass: 14239K(14528K)->14239K(14528K) Class: 2426K(2624K)->2426K(2624K)
[133.026s][info][gc             ] GC(146) Pause Young (Concurrent Start) (G1 Evacuation Pause) 842M->601M(2048M) 65.912ms
[133.026s][info][gc             ] GC(147) Concurrent Mark Cycle
[133.026s][info][gc,cpu         ] GC(146) User=1.75s Sys=0.00s Real=0.06s
[133.026s][info][gc,marking     ] GC(147) Concurrent Scan Root Regions
[133.052s][info][gc,marking     ] GC(147) Concurrent Scan Root Regions 26.368ms
[133.052s][info][gc,marking     ] GC(147) Concurrent Mark
[133.052s][info][gc,marking     ] GC(147) Concurrent Mark From Roots
[133.052s][info][gc,task        ] GC(147) Using 8 workers of 8 for marking
[133.088s][info][gc,marking     ] GC(147) Concurrent Mark From Roots 36.032ms
[133.089s][info][gc,marking     ] GC(147) Concurrent Preclean
[133.089s][info][gc,marking     ] GC(147) Concurrent Preclean 0.036ms
[133.089s][info][gc,start       ] GC(147) Pause Remark
[133.090s][info][gc             ] GC(147) Pause Remark 646M->646M(2048M) 1.278ms
[133.090s][info][gc,cpu         ] GC(147) User=0.00s Sys=0.00s Real=0.00s
[133.090s][info][gc,marking     ] GC(147) Concurrent Mark 37.620ms
[133.090s][info][gc,marking     ] GC(147) Concurrent Rebuild Remembered Sets and Scrub Regions
[133.184s][info][gc,marking     ] GC(147) Concurrent Rebuild Remembered Sets and Scrub Regions 93.863ms
[133.184s][info][gc,start       ] GC(147) Pause Cleanup
[133.184s][info][gc             ] GC(147) Pause Cleanup 719M->719M(2048M) 0.228ms
[133.184s][info][gc,cpu         ] GC(147) User=0.00s Sys=0.00s Real=0.00s
[133.184s][info][gc,marking     ] GC(147) Concurrent Clear Claimed Marks
[133.185s][info][gc,marking     ] GC(147) Concurrent Clear Claimed Marks 0.042ms
[133.185s][info][gc,marking     ] GC(147) Concurrent Cleanup for Next Mark
[133.189s][info][gc,marking     ] GC(147) Concurrent Cleanup for Next Mark 4.316ms
[133.189s][info][gc             ] GC(147) Concurrent Mark Cycle 162.930ms
[134.139s][info][gc,start       ] GC(148) Pause Young (Prepare Mixed) (G1 Evacuation Pause)
[134.139s][info][gc,task        ] GC(148) Using 33 workers of 33 for evacuation
[134.239s][info][gc,phases      ] GC(148)   Pre Evacuate Collection Set: 0.1ms
[134.239s][info][gc,phases      ] GC(148)   Merge Heap Roots: 1.8ms
[134.239s][info][gc,phases      ] GC(148)   Evacuate Collection Set: 96.3ms
[134.239s][info][gc,phases      ] GC(148)   Post Evacuate Collection Set: 1.3ms
[134.239s][info][gc,phases      ] GC(148)   Other: 0.1ms
[134.239s][info][gc,heap        ] GC(148) Eden regions: 49->0(31)
[134.239s][info][gc,heap        ] GC(148) Survivor regions: 4->7(7)
[134.239s][info][gc,heap        ] GC(148) Old regions: 35->58
[134.239s][info][gc,heap        ] GC(148) Archive regions: 0->0
[134.239s][info][gc,heap        ] GC(148) Humongous regions: 0->0
[134.239s][info][gc,metaspace   ] GC(148) Metaspace: 16665K(17152K)->16665K(17152K) NonClass: 14239K(14528K)->14239K(14528K) Class: 2426K(2624K)->2426K(2624K)
[134.239s][info][gc             ] GC(148) Pause Young (Prepare Mixed) (G1 Evacuation Pause) 1385M->1017M(2048M) 99.956ms
[134.239s][info][gc,cpu         ] GC(148) User=3.20s Sys=0.41s Real=0.11s
[135.454s][info][gc,start       ] GC(149) Pause Young (Mixed) (G1 Evacuation Pause)
[135.454s][info][gc,task        ] GC(149) Using 33 workers of 33 for evacuation
[135.493s][info][gc,phases      ] GC(149)   Pre Evacuate Collection Set: 0.2ms
[135.493s][info][gc,phases      ] GC(149)   Merge Heap Roots: 6.1ms
[135.493s][info][gc,phases      ] GC(149)   Evacuate Collection Set: 31.8ms
[135.493s][info][gc,phases      ] GC(149)   Post Evacuate Collection Set: 0.6ms
[135.493s][info][gc,phases      ] GC(149)   Other: 0.1ms
[135.493s][info][gc,heap        ] GC(149) Eden regions: 31->0(41)
[135.493s][info][gc,heap        ] GC(149) Survivor regions: 7->1(5)
[135.493s][info][gc,heap        ] GC(149) Old regions: 58->53
[135.493s][info][gc,heap        ] GC(149) Archive regions: 0->0
[135.493s][info][gc,heap        ] GC(149) Humongous regions: 0->0
[135.493s][info][gc,metaspace   ] GC(149) Metaspace: 16665K(17152K)->16665K(17152K) NonClass: 14239K(14528K)->14239K(14528K) Class: 2426K(2624K)->2426K(2624K)
[135.493s][info][gc             ] GC(149) Pause Young (Mixed) (G1 Evacuation Pause) 1513M->841M(2048M) 39.211ms
[135.493s][info][gc,cpu         ] GC(149) User=1.03s Sys=0.00s Real=0.03s
[137.134s][info][gc,start       ] GC(150) Pause Full (System.gc())
[137.135s][info][gc,task        ] GC(150) Using 12 workers of 33 for full compaction
[137.135s][info][gc,phases,start] GC(150) Phase 1: Mark live objects
[137.146s][info][gc,phases      ] GC(150) Phase 1: Mark live objects 10.921ms
[137.146s][info][gc,phases,start] GC(150) Phase 2: Prepare compaction
[137.152s][info][gc,phases      ] GC(150) Phase 2: Prepare compaction 6.099ms
[137.152s][info][gc,phases,start] GC(150) Phase 3: Adjust pointers
[137.163s][info][gc,phases      ] GC(150) Phase 3: Adjust pointers 10.412ms
[137.163s][info][gc,phases,start] GC(150) Phase 4: Compact heap
[137.170s][info][gc,phases      ] GC(150) Phase 4: Compact heap 7.321ms
[137.174s][info][gc,heap        ] GC(150) Eden regions: 9->0(9)
[137.174s][info][gc,heap        ] GC(150) Survivor regions: 1->0(5)
[137.174s][info][gc,heap        ] GC(150) Old regions: 53->8
[137.174s][info][gc,heap        ] GC(150) Archive regions: 0->0
[137.174s][info][gc,heap        ] GC(150) Humongous regions: 0->0
[137.174s][info][gc,metaspace   ] GC(150) Metaspace: 16665K(17152K)->16665K(17152K) NonClass: 14239K(14528K)->14239K(14528K) Class: 2426K(2624K)->2426K(2624K)
[137.174s][info][gc             ] GC(150) Pause Full (System.gc()) 977M->17M(432M) 39.708ms
[137.174s][info][gc,cpu         ] GC(150) User=0.70s Sys=0.00s Real=0.05s
[138.830s][info][gc,start       ] GC(151) Pause Young (Concurrent Start) (G1 Evacuation Pause)
[138.830s][info][gc,task        ] GC(151) Using 11 workers of 33 for evacuation
[138.832s][info][gc,phases      ] GC(151)   Pre Evacuate Collection Set: 0.2ms
[138.832s][info][gc,phases      ] GC(151)   Merge Heap Roots: 0.1ms
[138.832s][info][gc,phases      ] GC(151)   Evacuate Collection Set: 1.3ms
[138.832s][info][gc,phases      ] GC(151)   Post Evacuate Collection Set: 0.4ms
[138.832s][info][gc,phases      ] GC(151)   Other: 0.1ms
[138.832s][info][gc,heap        ] GC(151) Eden regions: 9->0(10)
[138.832s][info][gc,heap        ] GC(151) Survivor regions: 0->1(2)
[138.832s][info][gc,heap        ] GC(151) Old regions: 8->8
[138.832s][info][gc,heap        ] GC(151) Archive regions: 0->0
[138.832s][info][gc,heap        ] GC(151) Humongous regions: 0->0
[138.832s][info][gc,metaspace   ] GC(151) Metaspace: 16672K(17152K)->16672K(17152K) NonClass: 14246K(14528K)->14246K(14528K) Class: 2426K(2624K)->2426K(2624K)
[138.832s][info][gc             ] GC(151) Pause Young (Concurrent Start) (G1 Evacuation Pause) 161M->20M(432M) 2.383ms
[138.832s][info][gc,cpu         ] GC(151) User=0.00s Sys=0.00s Real=0.00s
[138.832s][info][gc             ] GC(152) Concurrent Mark Cycle
[138.832s][info][gc,marking     ] GC(152) Concurrent Scan Root Regions
[138.836s][info][gc,marking     ] GC(152) Concurrent Scan Root Regions 3.815ms
[138.836s][info][gc,marking     ] GC(152) Concurrent Mark
[138.836s][info][gc,marking     ] GC(152) Concurrent Mark From Roots
[138.836s][info][gc,task        ] GC(152) Using 8 workers of 8 for marking
[138.853s][info][gc,start       ] GC(153) Pause Young (Normal) (G1 Evacuation Pause)
[138.853s][info][gc,task        ] GC(153) Using 10 workers of 33 for evacuation
[138.854s][info][gc,phases      ] GC(153)   Pre Evacuate Collection Set: 0.1ms
[138.854s][info][gc,phases      ] GC(153)   Merge Heap Roots: 0.1ms
[138.854s][info][gc,phases      ] GC(153)   Evacuate Collection Set: 0.8ms
[138.854s][info][gc,phases      ] GC(153)   Post Evacuate Collection Set: 0.2ms
[138.854s][info][gc,phases      ] GC(153)   Other: 0.1ms
[138.854s][info][gc,heap        ] GC(153) Eden regions: 10->0(11)
[138.854s][info][gc,heap        ] GC(153) Survivor regions: 1->1(2)
[138.854s][info][gc,heap        ] GC(153) Old regions: 8->8
[138.854s][info][gc,heap        ] GC(153) Archive regions: 0->0
[138.854s][info][gc,heap        ] GC(153) Humongous regions: 0->0
[138.854s][info][gc,metaspace   ] GC(153) Metaspace: 16672K(17152K)->16672K(17152K) NonClass: 14246K(14528K)->14246K(14528K) Class: 2426K(2624K)->2426K(2624K)
[138.854s][info][gc             ] GC(153) Pause Young (Normal) (G1 Evacuation Pause) 180M->19M(432M) 1.435ms
[138.854s][info][gc,cpu         ] GC(153) User=0.00s Sys=0.00s Real=0.00s
[138.873s][info][gc,start       ] GC(154) Pause Young (Normal) (G1 Evacuation Pause)
[138.873s][info][gc,task        ] GC(154) Using 10 workers of 33 for evacuation
[138.874s][info][gc,phases      ] GC(154)   Pre Evacuate Collection Set: 0.1ms
[138.874s][info][gc,phases      ] GC(154)   Merge Heap Roots: 0.1ms
[138.874s][info][gc,phases      ] GC(154)   Evacuate Collection Set: 0.6ms
[138.874s][info][gc,phases      ] GC(154)   Post Evacuate Collection Set: 0.3ms
[138.874s][info][gc,phases      ] GC(154)   Other: 0.1ms
[138.874s][info][gc,heap        ] GC(154) Eden regions: 11->0(12)
[138.874s][info][gc,heap        ] GC(154) Survivor regions: 1->1(2)
[138.874s][info][gc,heap        ] GC(154) Old regions: 8->8
[138.874s][info][gc,heap        ] GC(154) Archive regions: 0->0
[138.874s][info][gc,heap        ] GC(154) Humongous regions: 0->0
[138.874s][info][gc,metaspace   ] GC(154) Metaspace: 16672K(17152K)->16672K(17152K) NonClass: 14246K(14528K)->14246K(14528K) Class: 2426K(2624K)->2426K(2624K)
[138.874s][info][gc             ] GC(154) Pause Young (Normal) (G1 Evacuation Pause) 195M->19M(432M) 1.430ms
[138.874s][info][gc,cpu         ] GC(154) User=0.00s Sys=0.00s Real=0.00s
[138.879s][info][gc,marking     ] GC(152) Concurrent Mark From Roots 43.328ms
[138.879s][info][gc,marking     ] GC(152) Concurrent Preclean
[138.880s][info][gc,marking     ] GC(152) Concurrent Preclean 0.074ms
[138.880s][info][gc,start       ] GC(152) Pause Remark
[138.881s][info][gc             ] GC(152) Pause Remark 71M->71M(432M) 0.923ms
[138.881s][info][gc,cpu         ] GC(152) User=0.00s Sys=0.00s Real=0.00s
[138.882s][info][gc,marking     ] GC(152) Concurrent Mark 45.873ms
[138.882s][info][gc,marking     ] GC(152) Concurrent Rebuild Remembered Sets and Scrub Regions
[138.895s][info][gc,start       ] GC(155) Pause Young (Normal) (G1 Evacuation Pause)
[138.895s][info][gc,task        ] GC(155) Using 10 workers of 33 for evacuation
[138.898s][info][gc,phases      ] GC(155)   Pre Evacuate Collection Set: 0.1ms
[138.899s][info][gc,phases      ] GC(155)   Merge Heap Roots: 0.1ms
[138.899s][info][gc,phases      ] GC(155)   Evacuate Collection Set: 0.6ms
[138.899s][info][gc,phases      ] GC(155)   Post Evacuate Collection Set: 2.5ms
[138.899s][info][gc,phases      ] GC(155)   Other: 0.1ms
[138.899s][info][gc,heap        ] GC(155) Eden regions: 12->0(44)
[138.899s][info][gc,heap        ] GC(155) Survivor regions: 1->1(2)
[138.899s][info][gc,heap        ] GC(155) Old regions: 8->8
[138.899s][info][gc,heap        ] GC(155) Archive regions: 0->0
[138.899s][info][gc,heap        ] GC(155) Humongous regions: 0->0
[138.899s][info][gc,metaspace   ] GC(155) Metaspace: 16672K(17152K)->16672K(17152K) NonClass: 14246K(14528K)->14246K(14528K) Class: 2426K(2624K)->2426K(2624K)
[138.899s][info][gc             ] GC(155) Pause Young (Normal) (G1 Evacuation Pause) 211M->19M(1248M) 3.523ms
[138.899s][info][gc,cpu         ] GC(155) User=0.00s Sys=0.00s Real=0.00s
[138.899s][info][gc,marking     ] GC(152) Concurrent Rebuild Remembered Sets and Scrub Regions 17.466ms
[138.900s][info][gc,start       ] GC(152) Pause Cleanup
[138.900s][info][gc             ] GC(152) Pause Cleanup 23M->23M(1248M) 0.070ms
[138.900s][info][gc,cpu         ] GC(152) User=0.00s Sys=0.00s Real=0.00s
[138.906s][info][gc,marking     ] GC(152) Concurrent Clear Claimed Marks
[138.906s][info][gc,marking     ] GC(152) Concurrent Clear Claimed Marks 0.040ms
[138.906s][info][gc,marking     ] GC(152) Concurrent Cleanup for Next Mark
[138.915s][info][gc,marking     ] GC(152) Concurrent Cleanup for Next Mark 8.693ms
[138.915s][info][gc             ] GC(152) Concurrent Mark Cycle 82.681ms
[139.229s][info][gc,start       ] GC(156) Pause Young (Prepare Mixed) (G1 Evacuation Pause)
[139.229s][info][gc,task        ] GC(156) Using 30 workers of 33 for evacuation
[139.231s][info][gc,phases      ] GC(156)   Pre Evacuate Collection Set: 0.1ms
[139.231s][info][gc,phases      ] GC(156)   Merge Heap Roots: 0.1ms
[139.231s][info][gc,phases      ] GC(156)   Evacuate Collection Set: 1.2ms
[139.231s][info][gc,phases      ] GC(156)   Post Evacuate Collection Set: 0.5ms
[139.231s][info][gc,phases      ] GC(156)   Other: 0.1ms
[139.231s][info][gc,heap        ] GC(156) Eden regions: 44->0(45)
[139.231s][info][gc,heap        ] GC(156) Survivor regions: 1->1(6)
[139.231s][info][gc,heap        ] GC(156) Old regions: 8->8
[139.231s][info][gc,heap        ] GC(156) Archive regions: 0->0
[139.231s][info][gc,heap        ] GC(156) Humongous regions: 0->0
[139.231s][info][gc,metaspace   ] GC(156) Metaspace: 16672K(17152K)->16672K(17152K) NonClass: 14246K(14528K)->14246K(14528K) Class: 2426K(2624K)->2426K(2624K)
[139.231s][info][gc             ] GC(156) Pause Young (Prepare Mixed) (G1 Evacuation Pause) 723M->19M(1248M) 2.204ms
[139.231s][info][gc,cpu         ] GC(156) User=0.00s Sys=0.00s Real=0.00s
[139.306s][info][gc,start       ] GC(157) Pause Young (Mixed) (G1 Evacuation Pause)
[139.306s][info][gc,task        ] GC(157) Using 30 workers of 33 for evacuation
[139.309s][info][gc,phases      ] GC(157)   Pre Evacuate Collection Set: 0.1ms
[139.309s][info][gc,phases      ] GC(157)   Merge Heap Roots: 0.1ms
[139.309s][info][gc,phases      ] GC(157)   Evacuate Collection Set: 1.3ms
[139.309s][info][gc,phases      ] GC(157)   Post Evacuate Collection Set: 0.5ms
[139.309s][info][gc,phases      ] GC(157)   Other: 0.1ms
[139.309s][info][gc,heap        ] GC(157) Eden regions: 45->0(45)
[139.309s][info][gc,heap        ] GC(157) Survivor regions: 1->1(6)
[139.309s][info][gc,heap        ] GC(157) Old regions: 8->5
[139.309s][info][gc,heap        ] GC(157) Archive regions: 0->0
[139.309s][info][gc,heap        ] GC(157) Humongous regions: 0->0
[139.309s][info][gc,metaspace   ] GC(157) Metaspace: 16672K(17152K)->16672K(17152K) NonClass: 14246K(14528K)->14246K(14528K) Class: 2426K(2624K)->2426K(2624K)
[139.309s][info][gc             ] GC(157) Pause Young (Mixed) (G1 Evacuation Pause) 739M->19M(1248M) 2.310ms
[139.309s][info][gc,cpu         ] GC(157) User=0.00s Sys=0.00s Real=0.00s
[139.381s][info][gc,start       ] GC(158) Pause Young (Concurrent Start) (G1 Evacuation Pause)
[139.381s][info][gc,task        ] GC(158) Using 30 workers of 33 for evacuation
[139.383s][info][gc,phases      ] GC(158)   Pre Evacuate Collection Set: 0.2ms
[139.383s][info][gc,phases      ] GC(158)   Merge Heap Roots: 0.1ms
[139.383s][info][gc,phases      ] GC(158)   Evacuate Collection Set: 0.6ms
[139.383s][info][gc,phases      ] GC(158)   Post Evacuate Collection Set: 0.5ms
[139.383s][info][gc,phases      ] GC(158)   Other: 0.1ms
[139.383s][info][gc,heap        ] GC(158) Eden regions: 45->0(45)
[139.383s][info][gc,heap        ] GC(158) Survivor regions: 1->1(6)
[139.383s][info][gc,heap        ] GC(158) Old regions: 5->5
[139.383s][info][gc,heap        ] GC(158) Archive regions: 0->0
[139.383s][info][gc,heap        ] GC(158) Humongous regions: 0->0
[139.383s][info][gc,metaspace   ] GC(158) Metaspace: 16672K(17152K)->16672K(17152K) NonClass: 14246K(14528K)->14246K(14528K) Class: 2426K(2624K)->2426K(2624K)
[139.383s][info][gc             ] GC(158) Pause Young (Concurrent Start) (G1 Evacuation Pause) 739M->18M(1248M) 1.695ms
[139.383s][info][gc             ] GC(159) Concurrent Mark Cycle
[139.383s][info][gc,cpu         ] GC(158) User=0.00s Sys=0.00s Real=0.00s
[139.383s][info][gc,marking     ] GC(159) Concurrent Scan Root Regions
[139.385s][info][gc,marking     ] GC(159) Concurrent Scan Root Regions 2.105ms
[139.385s][info][gc,marking     ] GC(159) Concurrent Mark
[139.385s][info][gc,marking     ] GC(159) Concurrent Mark From Roots
[139.385s][info][gc,task        ] GC(159) Using 8 workers of 8 for marking
[139.419s][info][gc,marking     ] GC(159) Concurrent Mark From Roots 33.498ms
[139.419s][info][gc,marking     ] GC(159) Concurrent Preclean
[139.419s][info][gc,marking     ] GC(159) Concurrent Preclean 0.081ms
[139.419s][info][gc,start       ] GC(159) Pause Remark
[139.420s][info][gc             ] GC(159) Pause Remark 362M->362M(1248M) 1.165ms
[139.420s][info][gc,cpu         ] GC(159) User=0.00s Sys=0.00s Real=0.00s
[139.421s][info][gc,marking     ] GC(159) Concurrent Mark 36.127ms
[139.421s][info][gc,marking     ] GC(159) Concurrent Rebuild Remembered Sets and Scrub Regions
[139.433s][info][gc,marking     ] GC(159) Concurrent Rebuild Remembered Sets and Scrub Regions 11.763ms
[139.433s][info][gc,start       ] GC(159) Pause Cleanup
[139.433s][info][gc             ] GC(159) Pause Cleanup 472M->472M(1248M) 0.110ms
[139.433s][info][gc,cpu         ] GC(159) User=0.00s Sys=0.00s Real=0.00s
[139.433s][info][gc,marking     ] GC(159) Concurrent Clear Claimed Marks
[139.434s][info][gc,marking     ] GC(159) Concurrent Clear Claimed Marks 0.021ms
[139.434s][info][gc,marking     ] GC(159) Concurrent Cleanup for Next Mark
[139.434s][info][gc,marking     ] GC(159) Concurrent Cleanup for Next Mark 0.894ms
[139.434s][info][gc             ] GC(159) Concurrent Mark Cycle 51.397ms
[139.704s][info][gc,start       ] GC(160) Pause Young (Prepare Mixed) (G1 Evacuation Pause)
[139.704s][info][gc,task        ] GC(160) Using 30 workers of 33 for evacuation
[139.769s][info][gc,phases      ] GC(160)   Pre Evacuate Collection Set: 0.2ms
[139.769s][info][gc,phases      ] GC(160)   Merge Heap Roots: 0.2ms
[139.769s][info][gc,phases      ] GC(160)   Evacuate Collection Set: 63.9ms
[139.769s][info][gc,phases      ] GC(160)   Post Evacuate Collection Set: 0.7ms
[139.769s][info][gc,phases      ] GC(160)   Other: 0.1ms
[139.769s][info][gc,heap        ] GC(160) Eden regions: 45->0(40)
[139.769s][info][gc,heap        ] GC(160) Survivor regions: 1->6(6)
[139.769s][info][gc,heap        ] GC(160) Old regions: 5->11
[139.769s][info][gc,heap        ] GC(160) Archive regions: 0->0
[139.769s][info][gc,heap        ] GC(160) Humongous regions: 0->0
[139.769s][info][gc,metaspace   ] GC(160) Metaspace: 16672K(17152K)->16672K(17152K) NonClass: 14246K(14528K)->14246K(14528K) Class: 2426K(2624K)->2426K(2624K)
[139.769s][info][gc             ] GC(160) Pause Young (Prepare Mixed) (G1 Evacuation Pause) 738M->219M(1248M) 65.451ms
[139.769s][info][gc,cpu         ] GC(160) User=0.67s Sys=1.20s Real=0.06s
[146.160s][info][gc,start       ] GC(161) Pause Young (Mixed) (G1 Evacuation Pause)
[146.160s][info][gc,task        ] GC(161) Using 30 workers of 33 for evacuation
[146.208s][info][gc,phases      ] GC(161)   Pre Evacuate Collection Set: 0.2ms
[146.208s][info][gc,phases      ] GC(161)   Merge Heap Roots: 0.9ms
[146.208s][info][gc,phases      ] GC(161)   Evacuate Collection Set: 45.4ms
[146.208s][info][gc,phases      ] GC(161)   Post Evacuate Collection Set: 0.6ms
[146.208s][info][gc,phases      ] GC(161)   Other: 0.1ms
[146.208s][info][gc,heap        ] GC(161) Eden regions: 40->0(36)
[146.208s][info][gc,heap        ] GC(161) Survivor regions: 6->6(6)
[146.208s][info][gc,heap        ] GC(161) Old regions: 11->17
[146.208s][info][gc,heap        ] GC(161) Archive regions: 0->0
[146.208s][info][gc,heap        ] GC(161) Humongous regions: 0->0
[146.208s][info][gc,metaspace   ] GC(161) Metaspace: 16672K(17152K)->16672K(17152K) NonClass: 14246K(14528K)->14246K(14528K) Class: 2426K(2624K)->2426K(2624K)
[146.208s][info][gc             ] GC(161) Pause Young (Mixed) (G1 Evacuation Pause) 859M->329M(1248M) 47.509ms
[146.208s][info][gc,cpu         ] GC(161) User=1.41s Sys=0.00s Real=0.05s
[146.710s][info][gc,start       ] GC(162) Pause Young (Concurrent Start) (G1 Evacuation Pause)
[146.710s][info][gc,task        ] GC(162) Using 30 workers of 33 for evacuation
[146.780s][info][gc,phases      ] GC(162)   Pre Evacuate Collection Set: 0.3ms
[146.780s][info][gc,phases      ] GC(162)   Merge Heap Roots: 0.6ms
[146.780s][info][gc,phases      ] GC(162)   Evacuate Collection Set: 68.2ms
[146.780s][info][gc,phases      ] GC(162)   Post Evacuate Collection Set: 0.5ms
[146.780s][info][gc,phases      ] GC(162)   Other: 0.2ms
[146.780s][info][gc,heap        ] GC(162) Eden regions: 36->0(22)
[146.780s][info][gc,heap        ] GC(162) Survivor regions: 6->6(6)
[146.780s][info][gc,heap        ] GC(162) Old regions: 17->32
[146.780s][info][gc,heap        ] GC(162) Archive regions: 0->0
[146.780s][info][gc,heap        ] GC(162) Humongous regions: 0->0
[146.780s][info][gc,metaspace   ] GC(162) Metaspace: 16672K(17152K)->16672K(17152K) NonClass: 14246K(14528K)->14246K(14528K) Class: 2426K(2624K)->2426K(2624K)
[146.780s][info][gc             ] GC(162) Pause Young (Concurrent Start) (G1 Evacuation Pause) 905M->570M(1280M) 70.126ms
[146.780s][info][gc             ] GC(163) Concurrent Mark Cycle
[146.780s][info][gc,cpu         ] GC(162) User=2.34s Sys=0.00s Real=0.08s
[146.780s][info][gc,marking     ] GC(163) Concurrent Scan Root Regions
[146.809s][info][gc,marking     ] GC(163) Concurrent Scan Root Regions 29.300ms
[146.809s][info][gc,marking     ] GC(163) Concurrent Mark
[146.809s][info][gc,marking     ] GC(163) Concurrent Mark From Roots
[146.809s][info][gc,task        ] GC(163) Using 8 workers of 8 for marking
[146.836s][info][gc,marking     ] GC(163) Concurrent Mark From Roots 26.790ms
[146.836s][info][gc,marking     ] GC(163) Concurrent Preclean
[146.836s][info][gc,marking     ] GC(163) Concurrent Preclean 0.040ms
[146.836s][info][gc,start       ] GC(163) Pause Remark
[146.838s][info][gc             ] GC(163) Pause Remark 622M->622M(1280M) 1.362ms
[146.838s][info][gc,cpu         ] GC(163) User=0.00s Sys=0.00s Real=0.00s
[146.838s][info][gc,marking     ] GC(163) Concurrent Mark 28.500ms
[146.838s][info][gc,marking     ] GC(163) Concurrent Rebuild Remembered Sets and Scrub Regions
[146.957s][info][gc,marking     ] GC(163) Concurrent Rebuild Remembered Sets and Scrub Regions 119.129ms
[146.958s][info][gc,start       ] GC(163) Pause Cleanup
[146.958s][info][gc             ] GC(163) Pause Cleanup 755M->755M(1280M) 0.211ms
[146.958s][info][gc,cpu         ] GC(163) User=0.00s Sys=0.00s Real=0.00s
[146.958s][info][gc,marking     ] GC(163) Concurrent Clear Claimed Marks
[146.958s][info][gc,marking     ] GC(163) Concurrent Clear Claimed Marks 0.043ms
[146.958s][info][gc,marking     ] GC(163) Concurrent Cleanup for Next Mark
[146.959s][info][gc,marking     ] GC(163) Concurrent Cleanup for Next Mark 0.929ms
[146.959s][info][gc             ] GC(163) Concurrent Mark Cycle 179.296ms
[147.199s][info][gc,start       ] GC(164) Pause Young (Prepare Mixed) (G1 Evacuation Pause)
[147.199s][info][gc,task        ] GC(164) Using 30 workers of 33 for evacuation
[147.270s][info][gc,phases      ] GC(164)   Pre Evacuate Collection Set: 0.1ms
[147.270s][info][gc,phases      ] GC(164)   Merge Heap Roots: 3.0ms
[147.270s][info][gc,phases      ] GC(164)   Evacuate Collection Set: 67.0ms
[147.270s][info][gc,phases      ] GC(164)   Post Evacuate Collection Set: 1.0ms
[147.270s][info][gc,phases      ] GC(164)   Other: 0.1ms
[147.270s][info][gc,heap        ] GC(164) Eden regions: 22->0(13)
[147.270s][info][gc,heap        ] GC(164) Survivor regions: 6->4(4)
[147.270s][info][gc,heap        ] GC(164) Old regions: 32->51
[147.270s][info][gc,heap        ] GC(164) Archive regions: 0->0
[147.270s][info][gc,heap        ] GC(164) Humongous regions: 0->0
[147.270s][info][gc,metaspace   ] GC(164) Metaspace: 16672K(17152K)->16672K(17152K) NonClass: 14246K(14528K)->14246K(14528K) Class: 2426K(2624K)->2426K(2624K)
[147.271s][info][gc             ] GC(164) Pause Young (Prepare Mixed) (G1 Evacuation Pause) 922M->837M(1328M) 71.524ms
[147.271s][info][gc,cpu         ] GC(164) User=2.34s Sys=0.00s Real=0.08s
[147.965s][info][gc,start       ] GC(165) Pause Young (Mixed) (G1 Evacuation Pause)
[147.965s][info][gc,task        ] GC(165) Using 31 workers of 33 for evacuation
[148.003s][info][gc,phases      ] GC(165)   Pre Evacuate Collection Set: 0.1ms
[148.003s][info][gc,phases      ] GC(165)   Merge Heap Roots: 4.3ms
[148.003s][info][gc,phases      ] GC(165)   Evacuate Collection Set: 28.5ms
[148.003s][info][gc,phases      ] GC(165)   Post Evacuate Collection Set: 4.4ms
[148.003s][info][gc,phases      ] GC(165)   Other: 0.1ms
[148.003s][info][gc,heap        ] GC(165) Eden regions: 13->0(66)
[148.003s][info][gc,heap        ] GC(165) Survivor regions: 4->3(3)
[148.003s][info][gc,heap        ] GC(165) Old regions: 51->46
[148.003s][info][gc,heap        ] GC(165) Archive regions: 0->0
[148.003s][info][gc,heap        ] GC(165) Humongous regions: 0->0
[148.003s][info][gc,metaspace   ] GC(165) Metaspace: 16672K(17152K)->16672K(17152K) NonClass: 14246K(14528K)->14246K(14528K) Class: 2426K(2624K)->2426K(2624K)
[148.003s][info][gc             ] GC(165) Pause Young (Mixed) (G1 Evacuation Pause) 1045M->744M(2656M) 37.866ms
[148.003s][info][gc,cpu         ] GC(165) User=0.94s Sys=0.03s Real=0.03s
[150.337s][info][gc,heap,exit   ] Heap
[150.338s][info][gc,heap,exit   ]  garbage-first heap   total 2719744K, used 1249196K [0x00000000a0000000, 0x0000000800000000)
[150.338s][info][gc,heap,exit   ]   region size 16384K, 33 young (540672K), 3 survivors (49152K)
[150.338s][info][gc,heap,exit   ]  Metaspace       used 16771K, committed 17216K, reserved 1114112K
[150.338s][info][gc,heap,exit   ]   class space    used 2441K, committed 2624K, reserved 1048576K
