[0.016s][info][gc,init] CardTable entry size: 512
[0.016s][info][gc     ] Using Parallel
[0.029s][info][gc,init] Version: 20+36-2344 (release)
[0.029s][info][gc,init] CPUs: 48 total, 48 available
[0.029s][info][gc,init] Memory: 382G
[0.029s][info][gc,init] Large Page Support: Disabled
[0.029s][info][gc,init] NUMA Support: Disabled
[0.029s][info][gc,init] Compressed Oops: Enabled (Zero based)
[0.029s][info][gc,init] Alignments: Space 512K, Generation 512K, Heap 2M
[0.029s][info][gc,init] Heap Min Capacity: 8M
[0.029s][info][gc,init] Heap Initial Capacity: 2G
[0.029s][info][gc,init] Heap Max Capacity: 30718M
[0.049s][info][gc,init] Pre-touch: Disabled
[0.049s][info][gc,init] Parallel Workers: 33
[0.050s][info][gc,metaspace] CDS archive(s) mapped at: [0x0000000800000000-0x0000000800c60000-0x0000000800c60000), size 12976128, SharedBaseAddress: 0x0000000800000000, ArchiveRelocationMode: 0.
[0.050s][info][gc,metaspace] Compressed class space mapped at: 0x0000000801000000-0x0000000841000000, reserved size: 1073741824
[0.050s][info][gc,metaspace] Narrow klass base: 0x0000000800000000, Narrow klass shift: 0, Narrow klass range: 0x100000000
[1.466s][info][gc,start    ] GC(0) Pause Young (System.gc())
[1.477s][info][gc,heap     ] GC(0) PSYoungGen: 136461K(611840K)->5343K(611840K) Eden: 136461K(524800K)->0K(524800K) From: 0K(87040K)->5343K(87040K)
[1.477s][info][gc,heap     ] GC(0) ParOldGen: 0K(1398272K)->16K(1398272K)
[1.477s][info][gc,metaspace] GC(0) Metaspace: 14221K(14464K)->14221K(14464K) NonClass: 12165K(12288K)->12165K(12288K) Class: 2055K(2176K)->2055K(2176K)
[1.477s][info][gc          ] GC(0) Pause Young (System.gc()) 133M->5M(1963M) 11.203ms
[1.477s][info][gc,cpu      ] GC(0) User=0.52s Sys=0.00s Real=0.02s
[1.477s][info][gc,start    ] GC(1) Pause Full (System.gc())
[1.477s][info][gc,phases,start] GC(1) Marking Phase
[1.487s][info][gc,phases      ] GC(1) Marking Phase 9.475ms
[1.487s][info][gc,phases,start] GC(1) Summary Phase
[1.487s][info][gc,phases      ] GC(1) Summary Phase 0.022ms
[1.487s][info][gc,phases,start] GC(1) Adjust Roots
[1.489s][info][gc,phases      ] GC(1) Adjust Roots 1.944ms
[1.489s][info][gc,phases,start] GC(1) Compaction Phase
[1.495s][info][gc,phases      ] GC(1) Compaction Phase 5.837ms
[1.495s][info][gc,phases,start] GC(1) Post Compact
[1.496s][info][gc,phases      ] GC(1) Post Compact 1.798ms
[1.496s][info][gc,heap        ] GC(1) PSYoungGen: 5343K(611840K)->0K(611840K) Eden: 0K(524800K)->0K(524800K) From: 5343K(87040K)->0K(87040K)
[1.496s][info][gc,heap        ] GC(1) ParOldGen: 16K(1398272K)->4730K(1398272K)
[1.496s][info][gc,metaspace   ] GC(1) Metaspace: 14221K(14464K)->14221K(14464K) NonClass: 12165K(12288K)->12165K(12288K) Class: 2055K(2176K)->2055K(2176K)
[1.496s][info][gc             ] GC(1) Pause Full (System.gc()) 5M->4M(1963M) 19.355ms
[1.496s][info][gc,cpu         ] GC(1) User=0.02s Sys=0.00s Real=0.01s
[5.506s][info][gc,start       ] GC(2) Pause Young (Allocation Failure)
[5.509s][info][gc,heap        ] GC(2) PSYoungGen: 524800K(611840K)->2464K(611840K) Eden: 524800K(524800K)->0K(524800K) From: 0K(87040K)->2464K(87040K)
[5.509s][info][gc,heap        ] GC(2) ParOldGen: 4730K(1398272K)->4738K(1398272K)
[5.509s][info][gc,metaspace   ] GC(2) Metaspace: 15808K(16064K)->15808K(16064K) NonClass: 13547K(13696K)->13547K(13696K) Class: 2260K(2368K)->2260K(2368K)
[5.509s][info][gc             ] GC(2) Pause Young (Allocation Failure) 517M->7M(1963M) 2.151ms
[5.509s][info][gc,cpu         ] GC(2) User=0.00s Sys=0.00s Real=0.00s
[5.670s][info][gc,start       ] GC(3) Pause Young (Allocation Failure)
[5.671s][info][gc,heap        ] GC(3) PSYoungGen: 527264K(611840K)->2464K(611840K) Eden: 524800K(524800K)->0K(524800K) From: 2464K(87040K)->2464K(87040K)
[5.671s][info][gc,heap        ] GC(3) ParOldGen: 4738K(1398272K)->4746K(1398272K)
[5.671s][info][gc,metaspace   ] GC(3) Metaspace: 15808K(16064K)->15808K(16064K) NonClass: 13548K(13696K)->13548K(13696K) Class: 2260K(2368K)->2260K(2368K)
[5.671s][info][gc             ] GC(3) Pause Young (Allocation Failure) 519M->7M(1963M) 1.427ms
[5.672s][info][gc,cpu         ] GC(3) User=0.00s Sys=0.00s Real=0.00s
[5.814s][info][gc,start       ] GC(4) Pause Young (Allocation Failure)
[5.815s][info][gc,heap        ] GC(4) PSYoungGen: 527264K(611840K)->2400K(611840K) Eden: 524800K(524800K)->0K(524800K) From: 2464K(87040K)->2400K(87040K)
[5.815s][info][gc,heap        ] GC(4) ParOldGen: 4746K(1398272K)->4754K(1398272K)
[5.815s][info][gc,metaspace   ] GC(4) Metaspace: 15808K(16064K)->15808K(16064K) NonClass: 13548K(13696K)->13548K(13696K) Class: 2260K(2368K)->2260K(2368K)
[5.815s][info][gc             ] GC(4) Pause Young (Allocation Failure) 519M->6M(1963M) 1.274ms
[5.815s][info][gc,cpu         ] GC(4) User=0.00s Sys=0.00s Real=0.00s
[5.865s][info][gc,start       ] GC(5) Pause Young (Allocation Failure)
[5.866s][info][gc,heap        ] GC(5) PSYoungGen: 527200K(611840K)->2448K(611840K) Eden: 524800K(524800K)->0K(524800K) From: 2400K(87040K)->2448K(87040K)
[5.866s][info][gc,heap        ] GC(5) ParOldGen: 4754K(1398272K)->4762K(1398272K)
[5.866s][info][gc,metaspace   ] GC(5) Metaspace: 15812K(16064K)->15812K(16064K) NonClass: 13552K(13696K)->13552K(13696K) Class: 2260K(2368K)->2260K(2368K)
[5.866s][info][gc             ] GC(5) Pause Young (Allocation Failure) 519M->7M(1963M) 1.134ms
[5.866s][info][gc,cpu         ] GC(5) User=0.00s Sys=0.00s Real=0.00s
[5.920s][info][gc,start       ] GC(6) Pause Young (Allocation Failure)
[5.922s][info][gc,heap        ] GC(6) PSYoungGen: 527248K(611840K)->2288K(693760K) Eden: 524800K(524800K)->0K(606720K) From: 2448K(87040K)->2288K(87040K)
[5.922s][info][gc,heap        ] GC(6) ParOldGen: 4762K(1398272K)->4770K(1398272K)
[5.922s][info][gc,metaspace   ] GC(6) Metaspace: 15816K(16064K)->15816K(16064K) NonClass: 13556K(13696K)->13556K(13696K) Class: 2260K(2368K)->2260K(2368K)
[5.922s][info][gc             ] GC(6) Pause Young (Allocation Failure) 519M->6M(2043M) 1.982ms
[5.922s][info][gc,cpu         ] GC(6) User=0.00s Sys=0.00s Real=0.00s
[6.007s][info][gc,start       ] GC(7) Pause Young (Allocation Failure)
[6.009s][info][gc,heap        ] GC(7) PSYoungGen: 609008K(693760K)->2032K(611840K) Eden: 606720K(606720K)->0K(606720K) From: 2288K(87040K)->2032K(5120K)
[6.009s][info][gc,heap        ] GC(7) ParOldGen: 4770K(1398272K)->4778K(1398272K)
[6.009s][info][gc,metaspace   ] GC(7) Metaspace: 15818K(16064K)->15818K(16064K) NonClass: 13558K(13696K)->13558K(13696K) Class: 2260K(2368K)->2260K(2368K)
[6.009s][info][gc             ] GC(7) Pause Young (Allocation Failure) 599M->6M(1963M) 1.699ms
[6.009s][info][gc,cpu         ] GC(7) User=0.00s Sys=0.00s Real=0.00s
[6.401s][info][gc,start       ] GC(8) Pause Young (Allocation Failure)
[6.559s][info][gc,heap        ] GC(8) PSYoungGen: 608752K(611840K)->5090K(1115648K) Eden: 606720K(606720K)->0K(1110528K) From: 2032K(5120K)->5090K(5120K)
[6.559s][info][gc,heap        ] GC(8) ParOldGen: 4778K(1398272K)->238095K(1398272K)
[6.559s][info][gc,metaspace   ] GC(8) Metaspace: 16034K(16320K)->16034K(16320K) NonClass: 13721K(13888K)->13721K(13888K) Class: 2313K(2432K)->2313K(2432K)
[6.559s][info][gc             ] GC(8) Pause Young (Allocation Failure) 599M->237M(2455M) 158.560ms
[6.559s][info][gc,cpu         ] GC(8) User=0.89s Sys=3.75s Real=0.16s
[17.177s][info][gc,start       ] GC(9) Pause Young (Allocation Failure)
[17.476s][info][gc,heap        ] GC(9) PSYoungGen: 1115618K(1115648K)->108032K(1218560K) Eden: 1110528K(1110528K)->0K(1110528K) From: 5090K(5120K)->108032K(108032K)
[17.477s][info][gc,heap        ] GC(9) ParOldGen: 238095K(1398272K)->581367K(1398272K)
[17.477s][info][gc,metaspace   ] GC(9) Metaspace: 16568K(17024K)->16568K(17024K) NonClass: 14141K(14400K)->14141K(14400K) Class: 2426K(2624K)->2426K(2624K)
[17.477s][info][gc             ] GC(9) Pause Young (Allocation Failure) 1321M->673M(2555M) 299.272ms
[17.477s][info][gc,cpu         ] GC(9) User=2.13s Sys=7.66s Real=0.29s
[19.830s][info][gc,start       ] GC(10) Pause Young (Allocation Failure)
[19.999s][info][gc,heap        ] GC(10) PSYoungGen: 1218560K(1218560K)->269312K(2046464K) Eden: 1110528K(1110528K)->0K(1777152K) From: 108032K(108032K)->269312K(269312K)
[19.999s][info][gc,heap        ] GC(10) ParOldGen: 581367K(1398272K)->586487K(1398272K)
[19.999s][info][gc,metaspace   ] GC(10) Metaspace: 16945K(17536K)->16945K(17536K) NonClass: 14427K(14784K)->14427K(14784K) Class: 2517K(2752K)->2517K(2752K)
[19.999s][info][gc             ] GC(10) Pause Young (Allocation Failure) 1757M->835M(3364M) 169.162ms
[19.999s][info][gc,cpu         ] GC(10) User=1.17s Sys=4.50s Real=0.17s
[20.946s][info][gc,start       ] GC(11) Pause Young (System.gc())
[21.138s][info][gc,heap        ] GC(11) PSYoungGen: 346012K(2046464K)->160800K(1938432K) Eden: 76700K(1777152K)->0K(1777152K) From: 269312K(269312K)->160800K(161280K)
[21.138s][info][gc,heap        ] GC(11) ParOldGen: 586487K(1398272K)->693983K(1398272K)
[21.138s][info][gc,metaspace   ] GC(11) Metaspace: 16953K(17536K)->16953K(17536K) NonClass: 14432K(14784K)->14432K(14784K) Class: 2520K(2752K)->2520K(2752K)
[21.138s][info][gc             ] GC(11) Pause Young (System.gc()) 910M->834M(3258M) 191.569ms
[21.138s][info][gc,cpu         ] GC(11) User=1.17s Sys=4.02s Real=0.18s
[21.138s][info][gc,start       ] GC(12) Pause Full (System.gc())
[21.138s][info][gc,phases,start] GC(12) Marking Phase
[21.154s][info][gc,phases      ] GC(12) Marking Phase 16.743ms
[21.155s][info][gc,phases,start] GC(12) Summary Phase
[21.155s][info][gc,phases      ] GC(12) Summary Phase 0.041ms
[21.155s][info][gc,phases,start] GC(12) Adjust Roots
[21.159s][info][gc,phases      ] GC(12) Adjust Roots 3.992ms
[21.159s][info][gc,phases,start] GC(12) Compaction Phase
[21.168s][info][gc,phases      ] GC(12) Compaction Phase 9.753ms
[21.168s][info][gc,phases,start] GC(12) Post Compact
[21.186s][info][gc,phases      ] GC(12) Post Compact 17.185ms
[21.186s][info][gc,heap        ] GC(12) PSYoungGen: 160800K(1938432K)->0K(1938432K) Eden: 0K(1777152K)->0K(1777152K) From: 160800K(161280K)->0K(161280K)
[21.186s][info][gc,heap        ] GC(12) ParOldGen: 693983K(1398272K)->6390K(1398272K)
[21.186s][info][gc,metaspace   ] GC(12) Metaspace: 16953K(17536K)->16635K(17472K) NonClass: 14432K(14784K)->14212K(14720K) Class: 2520K(2752K)->2423K(2752K)
[21.186s][info][gc             ] GC(12) Pause Full (System.gc()) 834M->6M(3258M) 47.902ms
[21.186s][info][gc,cpu         ] GC(12) User=0.55s Sys=0.02s Real=0.06s
[24.048s][info][gc,start       ] GC(13) Pause Young (Allocation Failure)
[24.052s][info][gc,heap        ] GC(13) PSYoungGen: 1777152K(1938432K)->1888K(2171904K) Eden: 1777152K(1777152K)->0K(1955840K) From: 0K(161280K)->1888K(216064K)
[24.052s][info][gc,heap        ] GC(13) ParOldGen: 6390K(1398272K)->6390K(1398272K)
[24.052s][info][gc,metaspace   ] GC(13) Metaspace: 16636K(17472K)->16636K(17472K) NonClass: 14212K(14720K)->14212K(14720K) Class: 2423K(2752K)->2423K(2752K)
[24.052s][info][gc             ] GC(13) Pause Young (Allocation Failure) 1741M->8M(3486M) 3.777ms
[24.052s][info][gc,cpu         ] GC(13) User=0.00s Sys=0.02s Real=0.02s
[24.694s][info][gc,start       ] GC(14) Pause Young (Allocation Failure)
[24.814s][info][gc,heap        ] GC(14) PSYoungGen: 1957728K(2171904K)->294051K(2274816K) Eden: 1955840K(1955840K)->0K(1955840K) From: 1888K(216064K)->294051K(318976K)
[24.814s][info][gc,heap        ] GC(14) ParOldGen: 6390K(1398272K)->6470K(1398272K)
[24.814s][info][gc,metaspace   ] GC(14) Metaspace: 16636K(17472K)->16636K(17472K) NonClass: 14212K(14720K)->14212K(14720K) Class: 2423K(2752K)->2423K(2752K)
[24.814s][info][gc             ] GC(14) Pause Young (Allocation Failure) 1918M->293M(3587M) 120.211ms
[24.815s][info][gc,cpu         ] GC(14) User=0.86s Sys=2.75s Real=0.11s
[37.784s][info][gc,start       ] GC(15) Pause Young (Allocation Failure)
[38.048s][info][gc,heap        ] GC(15) PSYoungGen: 2249891K(2274816K)->370660K(3388416K) Eden: 1955840K(1955840K)->0K(3017728K) From: 294051K(318976K)->370660K(370688K)
[38.048s][info][gc,heap        ] GC(15) ParOldGen: 6470K(1398272K)->119590K(1398272K)
[38.048s][info][gc,metaspace   ] GC(15) Metaspace: 16638K(17472K)->16638K(17472K) NonClass: 14215K(14720K)->14215K(14720K) Class: 2423K(2752K)->2423K(2752K)
[38.048s][info][gc             ] GC(15) Pause Young (Allocation Failure) 2203M->478M(4674M) 264.473ms
[38.048s][info][gc,cpu         ] GC(15) User=2.55s Sys=5.70s Real=0.26s
[39.754s][info][gc,start       ] GC(16) Pause Young (System.gc())
[39.770s][info][gc,heap        ] GC(16) PSYoungGen: 615894K(3388416K)->96K(3500032K) Eden: 245233K(3017728K)->0K(3017728K) From: 370660K(370688K)->96K(482304K)
[39.770s][info][gc,heap        ] GC(16) ParOldGen: 119590K(1398272K)->122518K(1398272K)
[39.770s][info][gc,metaspace   ] GC(16) Metaspace: 16638K(17472K)->16638K(17472K) NonClass: 14215K(14720K)->14215K(14720K) Class: 2423K(2752K)->2423K(2752K)
[39.770s][info][gc             ] GC(16) Pause Young (System.gc()) 718M->119M(4783M) 16.471ms
[39.770s][info][gc,cpu         ] GC(16) User=0.52s Sys=0.00s Real=0.01s
[39.770s][info][gc,start       ] GC(17) Pause Full (System.gc())
[39.770s][info][gc,phases,start] GC(17) Marking Phase
[39.785s][info][gc,phases      ] GC(17) Marking Phase 14.440ms
[39.785s][info][gc,phases,start] GC(17) Summary Phase
[39.785s][info][gc,phases      ] GC(17) Summary Phase 0.017ms
[39.785s][info][gc,phases,start] GC(17) Adjust Roots
[39.787s][info][gc,phases      ] GC(17) Adjust Roots 2.129ms
[39.787s][info][gc,phases,start] GC(17) Compaction Phase
[39.791s][info][gc,phases      ] GC(17) Compaction Phase 3.623ms
[39.791s][info][gc,phases,start] GC(17) Post Compact
[39.792s][info][gc,phases      ] GC(17) Post Compact 1.157ms
[39.792s][info][gc,heap        ] GC(17) PSYoungGen: 96K(3500032K)->0K(3500032K) Eden: 0K(3017728K)->0K(3017728K) From: 96K(482304K)->0K(482304K)
[39.792s][info][gc,heap        ] GC(17) ParOldGen: 122518K(1398272K)->7385K(1398272K)
[39.792s][info][gc,metaspace   ] GC(17) Metaspace: 16638K(17472K)->16638K(17472K) NonClass: 14215K(14720K)->14215K(14720K) Class: 2423K(2752K)->2423K(2752K)
[39.792s][info][gc             ] GC(17) Pause Full (System.gc()) 119M->7M(4783M) 21.544ms
[39.792s][info][gc,cpu         ] GC(17) User=0.53s Sys=0.00s Real=0.03s
[43.849s][info][gc,start       ] GC(18) Pause Young (Allocation Failure)
[43.854s][info][gc,heap        ] GC(18) PSYoungGen: 3017728K(3500032K)->1696K(3615232K) Eden: 3017728K(3017728K)->0K(3140608K) From: 0K(482304K)->1696K(474624K)
[43.854s][info][gc,heap        ] GC(18) ParOldGen: 7385K(1398272K)->7385K(1398272K)
[43.854s][info][gc,metaspace   ] GC(18) Metaspace: 16639K(17472K)->16639K(17472K) NonClass: 14215K(14720K)->14215K(14720K) Class: 2423K(2752K)->2423K(2752K)
[43.854s][info][gc             ] GC(18) Pause Young (Allocation Failure) 2954M->8M(4896M) 4.518ms
[43.854s][info][gc,cpu         ] GC(18) User=0.00s Sys=0.00s Real=0.00s
[57.166s][info][gc,start       ] GC(19) Pause Young (System.gc())
[57.169s][info][gc,heap        ] GC(19) PSYoungGen: 2828639K(3615232K)->2784K(3603968K) Eden: 2826943K(3140608K)->0K(3140608K) From: 1696K(474624K)->2784K(463360K)
[57.169s][info][gc,heap        ] GC(19) ParOldGen: 7385K(1398272K)->7481K(1398272K)
[57.169s][info][gc,metaspace   ] GC(19) Metaspace: 16640K(17472K)->16640K(17472K) NonClass: 14217K(14720K)->14217K(14720K) Class: 2423K(2752K)->2423K(2752K)
[57.169s][info][gc             ] GC(19) Pause Young (System.gc()) 2769M->10M(4885M) 2.892ms
[57.169s][info][gc,cpu         ] GC(19) User=0.00s Sys=0.00s Real=0.00s
[57.169s][info][gc,start       ] GC(20) Pause Full (System.gc())
[57.169s][info][gc,phases,start] GC(20) Marking Phase
[57.185s][info][gc,phases      ] GC(20) Marking Phase 16.075ms
[57.185s][info][gc,phases,start] GC(20) Summary Phase
[57.185s][info][gc,phases      ] GC(20) Summary Phase 0.021ms
[57.185s][info][gc,phases,start] GC(20) Adjust Roots
[57.191s][info][gc,phases      ] GC(20) Adjust Roots 5.336ms
[57.191s][info][gc,phases,start] GC(20) Compaction Phase
[57.199s][info][gc,phases      ] GC(20) Compaction Phase 8.273ms
[57.199s][info][gc,phases,start] GC(20) Post Compact
[57.200s][info][gc,phases      ] GC(20) Post Compact 0.599ms
[57.200s][info][gc,heap        ] GC(20) PSYoungGen: 2784K(3603968K)->0K(3603968K) Eden: 0K(3140608K)->0K(3140608K) From: 2784K(463360K)->0K(463360K)
[57.200s][info][gc,heap        ] GC(20) ParOldGen: 7481K(1398272K)->9522K(1398272K)
[57.200s][info][gc,metaspace   ] GC(20) Metaspace: 16640K(17472K)->16640K(17472K) NonClass: 14217K(14720K)->14217K(14720K) Class: 2423K(2752K)->2423K(2752K)
[57.200s][info][gc             ] GC(20) Pause Full (System.gc()) 10M->9M(4885M) 30.765ms
[57.200s][info][gc,cpu         ] GC(20) User=0.08s Sys=0.00s Real=0.03s
[60.558s][info][gc,start       ] GC(21) Pause Young (Allocation Failure)
[60.560s][info][gc,heap        ] GC(21) PSYoungGen: 3140608K(3603968K)->1824K(5293568K) Eden: 3140608K(3140608K)->0K(4844032K) From: 0K(463360K)->1824K(449536K)
[60.560s][info][gc,heap        ] GC(21) ParOldGen: 9522K(1398272K)->9522K(1398272K)
[60.560s][info][gc,metaspace   ] GC(21) Metaspace: 16641K(17472K)->16641K(17472K) NonClass: 14218K(14720K)->14218K(14720K) Class: 2423K(2752K)->2423K(2752K)
[60.560s][info][gc             ] GC(21) Pause Young (Allocation Failure) 3076M->11M(6535M) 1.639ms
[60.560s][info][gc,cpu         ] GC(21) User=0.02s Sys=0.00s Real=0.02s
[72.912s][info][gc,start       ] GC(22) Pause Young (System.gc())
[72.914s][info][gc,heap        ] GC(22) PSYoungGen: 2722764K(5293568K)->1664K(5278208K) Eden: 2720940K(4844032K)->0K(4844032K) From: 1824K(449536K)->1664K(434176K)
[72.914s][info][gc,heap        ] GC(22) ParOldGen: 9522K(1398272K)->9570K(1398272K)
[72.914s][info][gc,metaspace   ] GC(22) Metaspace: 16642K(17472K)->16642K(17472K) NonClass: 14219K(14720K)->14219K(14720K) Class: 2423K(2752K)->2423K(2752K)
[72.914s][info][gc             ] GC(22) Pause Young (System.gc()) 2668M->10M(6520M) 2.055ms
[72.914s][info][gc,cpu         ] GC(22) User=0.00s Sys=0.02s Real=0.02s
[72.914s][info][gc,start       ] GC(23) Pause Full (System.gc())
[72.914s][info][gc,phases,start] GC(23) Marking Phase
[72.929s][info][gc,phases      ] GC(23) Marking Phase 15.318ms
[72.929s][info][gc,phases,start] GC(23) Summary Phase
[72.929s][info][gc,phases      ] GC(23) Summary Phase 0.026ms
[72.929s][info][gc,phases,start] GC(23) Adjust Roots
[72.934s][info][gc,phases      ] GC(23) Adjust Roots 4.523ms
[72.934s][info][gc,phases,start] GC(23) Compaction Phase
[72.942s][info][gc,phases      ] GC(23) Compaction Phase 7.768ms
[72.942s][info][gc,phases,start] GC(23) Post Compact
[72.942s][info][gc,phases      ] GC(23) Post Compact 0.589ms
[72.942s][info][gc,heap        ] GC(23) PSYoungGen: 1664K(5278208K)->0K(5278208K) Eden: 0K(4844032K)->0K(4844032K) From: 1664K(434176K)->0K(434176K)
[72.942s][info][gc,heap        ] GC(23) ParOldGen: 9570K(1398272K)->10528K(1398272K)
[72.942s][info][gc,metaspace   ] GC(23) Metaspace: 16642K(17472K)->16642K(17472K) NonClass: 14219K(14720K)->14219K(14720K) Class: 2423K(2752K)->2423K(2752K)
[72.942s][info][gc             ] GC(23) Pause Full (System.gc()) 10M->10M(6520M) 28.524ms
[72.943s][info][gc,cpu         ] GC(23) User=0.02s Sys=0.00s Real=0.02s
[85.947s][info][gc,start       ] GC(24) Pause Young (Allocation Failure)
[86.136s][info][gc,heap        ] GC(24) PSYoungGen: 4844032K(5278208K)->305056K(5395456K) Eden: 4844032K(4844032K)->0K(4978176K) From: 0K(434176K)->305056K(417280K)
[86.136s][info][gc,heap        ] GC(24) ParOldGen: 10528K(1398272K)->10528K(1398272K)
[86.136s][info][gc,metaspace   ] GC(24) Metaspace: 16645K(17472K)->16645K(17472K) NonClass: 14222K(14720K)->14222K(14720K) Class: 2423K(2752K)->2423K(2752K)
[86.136s][info][gc             ] GC(24) Pause Young (Allocation Failure) 4740M->308M(6634M) 189.429ms
[86.136s][info][gc,cpu         ] GC(24) User=1.23s Sys=4.86s Real=0.19s
[89.378s][info][gc,start       ] GC(25) Pause Young (System.gc())
[89.379s][info][gc,heap        ] GC(25) PSYoungGen: 1328051K(5395456K)->544K(5442560K) Eden: 1022995K(4978176K)->0K(4978176K) From: 305056K(417280K)->544K(464384K)
[89.379s][info][gc,heap        ] GC(25) ParOldGen: 10528K(1398272K)->11696K(1398272K)
[89.379s][info][gc,metaspace   ] GC(25) Metaspace: 16646K(17472K)->16646K(17472K) NonClass: 14222K(14720K)->14222K(14720K) Class: 2423K(2752K)->2423K(2752K)
[89.379s][info][gc             ] GC(25) Pause Young (System.gc()) 1307M->11M(6680M) 1.669ms
[89.379s][info][gc,cpu         ] GC(25) User=0.00s Sys=0.00s Real=0.00s
[89.379s][info][gc,start       ] GC(26) Pause Full (System.gc())
[89.379s][info][gc,phases,start] GC(26) Marking Phase
[89.396s][info][gc,phases      ] GC(26) Marking Phase 16.042ms
[89.396s][info][gc,phases,start] GC(26) Summary Phase
[89.396s][info][gc,phases      ] GC(26) Summary Phase 0.020ms
[89.396s][info][gc,phases,start] GC(26) Adjust Roots
[89.401s][info][gc,phases      ] GC(26) Adjust Roots 5.381ms
[89.401s][info][gc,phases,start] GC(26) Compaction Phase
[89.408s][info][gc,phases      ] GC(26) Compaction Phase 6.768ms
[89.408s][info][gc,phases,start] GC(26) Post Compact
[89.408s][info][gc,phases      ] GC(26) Post Compact 0.601ms
[89.408s][info][gc,heap        ] GC(26) PSYoungGen: 544K(5442560K)->0K(5442560K) Eden: 0K(4978176K)->0K(4978176K) From: 544K(464384K)->0K(464384K)
[89.408s][info][gc,heap        ] GC(26) ParOldGen: 11696K(1398272K)->11547K(1398272K)
[89.408s][info][gc,metaspace   ] GC(26) Metaspace: 16646K(17472K)->16646K(17472K) NonClass: 14222K(14720K)->14222K(14720K) Class: 2423K(2752K)->2423K(2752K)
[89.409s][info][gc             ] GC(26) Pause Full (System.gc()) 11M->11M(6680M) 29.090ms
[89.409s][info][gc,cpu         ] GC(26) User=0.08s Sys=0.00s Real=0.03s
[102.372s][info][gc,start       ] GC(27) Pause Young (Allocation Failure)
[102.589s][info][gc,heap        ] GC(27) PSYoungGen: 4978176K(5442560K)->357984K(8137216K) Eden: 4978176K(4978176K)->0K(7689728K) From: 0K(464384K)->357984K(447488K)
[102.589s][info][gc,heap        ] GC(27) ParOldGen: 11547K(1398272K)->11547K(1398272K)
[102.589s][info][gc,metaspace   ] GC(27) Metaspace: 16651K(17472K)->16651K(17472K) NonClass: 14227K(14720K)->14227K(14720K) Class: 2423K(2752K)->2423K(2752K)
[102.589s][info][gc             ] GC(27) Pause Young (Allocation Failure) 4872M->360M(9312M) 217.072ms
[102.589s][info][gc,cpu         ] GC(27) User=1.41s Sys=5.31s Real=0.22s
[105.661s][info][gc,start       ] GC(28) Pause Young (System.gc())
[105.662s][info][gc,heap        ] GC(28) PSYoungGen: 1238994K(8137216K)->672K(8198144K) Eden: 881010K(7689728K)->0K(7689728K) From: 357984K(447488K)->672K(508416K)
[105.662s][info][gc,heap        ] GC(28) ParOldGen: 11547K(1398272K)->12827K(1398272K)
[105.662s][info][gc,metaspace   ] GC(28) Metaspace: 16652K(17472K)->16652K(17472K) NonClass: 14228K(14720K)->14228K(14720K) Class: 2423K(2752K)->2423K(2752K)
[105.662s][info][gc             ] GC(28) Pause Young (System.gc()) 1221M->13M(9371M) 1.316ms
[105.662s][info][gc,cpu         ] GC(28) User=0.00s Sys=0.00s Real=0.00s
[105.662s][info][gc,start       ] GC(29) Pause Full (System.gc())
[105.662s][info][gc,phases,start] GC(29) Marking Phase
[105.679s][info][gc,phases      ] GC(29) Marking Phase 16.346ms
[105.679s][info][gc,phases,start] GC(29) Summary Phase
[105.679s][info][gc,phases      ] GC(29) Summary Phase 0.022ms
[105.679s][info][gc,phases,start] GC(29) Adjust Roots
[105.682s][info][gc,phases      ] GC(29) Adjust Roots 3.577ms
[105.682s][info][gc,phases,start] GC(29) Compaction Phase
[105.690s][info][gc,phases      ] GC(29) Compaction Phase 7.706ms
[105.690s][info][gc,phases,start] GC(29) Post Compact
[105.691s][info][gc,phases      ] GC(29) Post Compact 0.526ms
[105.691s][info][gc,heap        ] GC(29) PSYoungGen: 672K(8198144K)->0K(8198144K) Eden: 0K(7689728K)->0K(7689728K) From: 672K(508416K)->0K(508416K)
[105.691s][info][gc,heap        ] GC(29) ParOldGen: 12827K(1398272K)->12684K(1398272K)
[105.691s][info][gc,metaspace   ] GC(29) Metaspace: 16652K(17472K)->16652K(17472K) NonClass: 14228K(14720K)->14228K(14720K) Class: 2423K(2752K)->2423K(2752K)
[105.691s][info][gc             ] GC(29) Pause Full (System.gc()) 13M->12M(9371M) 28.428ms
[105.691s][info][gc,cpu         ] GC(29) User=1.00s Sys=0.02s Real=0.03s
[123.993s][info][gc,start       ] GC(30) Pause Young (System.gc())
[123.996s][info][gc,heap        ] GC(30) PSYoungGen: 5833978K(8198144K)->2592K(8418816K) Eden: 5833978K(7689728K)->0K(7965184K) From: 0K(508416K)->2592K(453632K)
[123.996s][info][gc,heap        ] GC(30) ParOldGen: 12684K(1398272K)->12684K(1398272K)
[123.997s][info][gc,metaspace   ] GC(30) Metaspace: 16659K(17472K)->16659K(17472K) NonClass: 14236K(14720K)->14236K(14720K) Class: 2423K(2752K)->2423K(2752K)
[123.997s][info][gc             ] GC(30) Pause Young (System.gc()) 5709M->14M(9587M) 3.885ms
[123.997s][info][gc,cpu         ] GC(30) User=0.02s Sys=0.00s Real=0.02s
[123.997s][info][gc,start       ] GC(31) Pause Full (System.gc())
[123.997s][info][gc,phases,start] GC(31) Marking Phase
[124.011s][info][gc,phases      ] GC(31) Marking Phase 14.261ms
[124.011s][info][gc,phases,start] GC(31) Summary Phase
[124.011s][info][gc,phases      ] GC(31) Summary Phase 0.015ms
[124.011s][info][gc,phases,start] GC(31) Adjust Roots
[124.016s][info][gc,phases      ] GC(31) Adjust Roots 4.698ms
[124.016s][info][gc,phases,start] GC(31) Compaction Phase
[124.021s][info][gc,phases      ] GC(31) Compaction Phase 4.680ms
[124.021s][info][gc,phases,start] GC(31) Post Compact
[124.021s][info][gc,phases      ] GC(31) Post Compact 0.636ms
[124.021s][info][gc,heap        ] GC(31) PSYoungGen: 2592K(8418816K)->0K(8418816K) Eden: 0K(7965184K)->0K(7965184K) From: 2592K(453632K)->0K(453632K)
[124.021s][info][gc,heap        ] GC(31) ParOldGen: 12684K(1398272K)->14972K(1398272K)
[124.021s][info][gc,metaspace   ] GC(31) Metaspace: 16659K(17472K)->16659K(17472K) NonClass: 14236K(14720K)->14236K(14720K) Class: 2423K(2752K)->2423K(2752K)
[124.021s][info][gc             ] GC(31) Pause Full (System.gc()) 14M->14M(9587M) 24.630ms
[124.021s][info][gc,cpu         ] GC(31) User=0.02s Sys=0.00s Real=0.02s
[140.839s][info][gc,start       ] GC(32) Pause Young (System.gc())
[140.846s][info][gc,heap        ] GC(32) PSYoungGen: 5919975K(8418816K)->6272K(7971840K) Eden: 5919975K(7965184K)->0K(7965184K) From: 0K(453632K)->6272K(6656K)
[140.846s][info][gc,heap        ] GC(32) ParOldGen: 14972K(1398272K)->14972K(1398272K)
[140.846s][info][gc,metaspace   ] GC(32) Metaspace: 16662K(17536K)->16662K(17536K) NonClass: 14239K(14784K)->14239K(14784K) Class: 2423K(2752K)->2423K(2752K)
[140.846s][info][gc             ] GC(32) Pause Young (System.gc()) 5795M->20M(9150M) 7.139ms
[140.846s][info][gc,cpu         ] GC(32) User=0.00s Sys=0.00s Real=0.00s
[140.846s][info][gc,start       ] GC(33) Pause Full (System.gc())
[140.846s][info][gc,phases,start] GC(33) Marking Phase
[140.864s][info][gc,phases      ] GC(33) Marking Phase 17.094ms
[140.864s][info][gc,phases,start] GC(33) Summary Phase
[140.864s][info][gc,phases      ] GC(33) Summary Phase 0.027ms
[140.864s][info][gc,phases,start] GC(33) Adjust Roots
[140.867s][info][gc,phases      ] GC(33) Adjust Roots 3.798ms
[140.867s][info][gc,phases,start] GC(33) Compaction Phase
[140.872s][info][gc,phases      ] GC(33) Compaction Phase 4.527ms
[140.872s][info][gc,phases,start] GC(33) Post Compact
[140.873s][info][gc,phases      ] GC(33) Post Compact 0.694ms
[140.873s][info][gc,heap        ] GC(33) PSYoungGen: 6272K(7971840K)->0K(7971840K) Eden: 0K(7965184K)->0K(7965184K) From: 6272K(6656K)->0K(6656K)
[140.873s][info][gc,heap        ] GC(33) ParOldGen: 14972K(1398272K)->20490K(1398272K)
[140.873s][info][gc,metaspace   ] GC(33) Metaspace: 16662K(17536K)->16662K(17536K) NonClass: 14239K(14784K)->14239K(14784K) Class: 2423K(2752K)->2423K(2752K)
[140.873s][info][gc             ] GC(33) Pause Full (System.gc()) 20M->20M(9150M) 26.550ms
[140.873s][info][gc,cpu         ] GC(33) User=1.03s Sys=0.00s Real=0.03s
[157.916s][info][gc,start       ] GC(34) Pause Young (System.gc())
[157.918s][info][gc,heap        ] GC(34) PSYoungGen: 5930306K(7971840K)->1952K(8375808K) Eden: 5930306K(7965184K)->0K(7965184K) From: 0K(6656K)->1952K(410624K)
[157.918s][info][gc,heap        ] GC(34) ParOldGen: 20490K(1398272K)->20490K(1398272K)
[157.918s][info][gc,metaspace   ] GC(34) Metaspace: 16663K(17536K)->16663K(17536K) NonClass: 14240K(14784K)->14240K(14784K) Class: 2423K(2752K)->2423K(2752K)
[157.918s][info][gc             ] GC(34) Pause Young (System.gc()) 5811M->21M(9545M) 1.800ms
[157.918s][info][gc,cpu         ] GC(34) User=0.00s Sys=0.00s Real=0.00s
[157.918s][info][gc,start       ] GC(35) Pause Full (System.gc())
[157.918s][info][gc,phases,start] GC(35) Marking Phase
[157.933s][info][gc,phases      ] GC(35) Marking Phase 15.039ms
[157.933s][info][gc,phases,start] GC(35) Summary Phase
[157.933s][info][gc,phases      ] GC(35) Summary Phase 0.013ms
[157.933s][info][gc,phases,start] GC(35) Adjust Roots
[157.936s][info][gc,phases      ] GC(35) Adjust Roots 3.057ms
[157.936s][info][gc,phases,start] GC(35) Compaction Phase
[157.940s][info][gc,phases      ] GC(35) Compaction Phase 3.740ms
[157.940s][info][gc,phases,start] GC(35) Post Compact
[157.941s][info][gc,phases      ] GC(35) Post Compact 0.536ms
[157.941s][info][gc,heap        ] GC(35) PSYoungGen: 1952K(8375808K)->0K(8375808K) Eden: 0K(7965184K)->0K(7965184K) From: 1952K(410624K)->0K(410624K)
[157.941s][info][gc,heap        ] GC(35) ParOldGen: 20490K(1398272K)->21800K(1398272K)
[157.941s][info][gc,metaspace   ] GC(35) Metaspace: 16663K(17536K)->16663K(17536K) NonClass: 14240K(14784K)->14240K(14784K) Class: 2423K(2752K)->2423K(2752K)
[157.941s][info][gc             ] GC(35) Pause Full (System.gc()) 21M->21M(9545M) 22.556ms
[157.941s][info][gc,cpu         ] GC(35) User=0.56s Sys=0.00s Real=0.03s
[173.975s][info][gc,heap,exit   ] Heap
[173.975s][info][gc,heap,exit   ]  PSYoungGen      total 8375808K, used 5927068K [0x0000000580100000, 0x000000079ad80000, 0x0000000800000000)
[173.975s][info][gc,heap,exit   ]   eden space 7965184K, 74% used [0x0000000580100000,0x00000006e9d27040,0x0000000766380000)
[173.975s][info][gc,heap,exit   ]   from space 410624K, 0% used [0x0000000781c80000,0x0000000781c80000,0x000000079ad80000)
[173.975s][info][gc,heap,exit   ]   to   space 431104K, 0% used [0x0000000766380000,0x0000000766380000,0x0000000780880000)
[173.975s][info][gc,heap,exit   ]  ParOldGen       total 1398272K, used 21800K [0x0000000080200000, 0x00000000d5780000, 0x0000000580100000)
[173.975s][info][gc,heap,exit   ]   object space 1398272K, 1% used [0x0000000080200000,0x000000008174a228,0x00000000d5780000)
[173.975s][info][gc,heap,exit   ]  Metaspace       used 16749K, committed 17536K, reserved 1114112K
[173.975s][info][gc,heap,exit   ]   class space    used 2438K, committed 2752K, reserved 1048576K
