[0.016s][info][gc,init] CardTable entry size: 512
[0.017s][info][gc     ] Using Serial
[0.026s][info][gc,init] Version: 20+36-2344 (release)
[0.026s][info][gc,init] CPUs: 48 total, 48 available
[0.026s][info][gc,init] Memory: 382G
[0.026s][info][gc,init] Large Page Support: Disabled
[0.026s][info][gc,init] NUMA Support: Disabled
[0.026s][info][gc,init] Compressed Oops: Enabled (Zero based)
[0.026s][info][gc,init] Heap Min Capacity: 8M
[0.026s][info][gc,init] Heap Initial Capacity: 2G
[0.026s][info][gc,init] Heap Max Capacity: 30718M
[0.026s][info][gc,init] Pre-touch: Disabled
[0.033s][info][gc,metaspace] CDS archive(s) mapped at: [0x0000000800000000-0x0000000800c60000-0x0000000800c60000), size 12976128, SharedBaseAddress: 0x0000000800000000, ArchiveRelocationMode: 0.
[0.033s][info][gc,metaspace] Compressed class space mapped at: 0x0000000801000000-0x0000000841000000, reserved size: 1073741824
[0.033s][info][gc,metaspace] Narrow klass base: 0x0000000800000000, Narrow klass shift: 0, Narrow klass range: 0x100000000
[1.381s][info][gc,start    ] GC(0) Pause Full (System.gc())
[1.382s][info][gc,phases,start] GC(0) Phase 1: Mark live objects
[1.395s][info][gc,phases      ] GC(0) Phase 1: Mark live objects 13.772ms
[1.395s][info][gc,phases,start] GC(0) Phase 2: Compute new object addresses
[1.403s][info][gc,phases      ] GC(0) Phase 2: Compute new object addresses 7.059ms
[1.534s][info][gc,phases,start] GC(0) Phase 3: Adjust pointers
[1.543s][info][gc,phases      ] GC(0) Phase 3: Adjust pointers 9.178ms
[1.543s][info][gc,phases,start] GC(0) Phase 4: Move objects
[1.550s][info][gc,phases      ] GC(0) Phase 4: Move objects 7.088ms
[1.552s][info][gc,heap        ] GC(0) DefNew: 145444K(629120K)->0K(629248K) Eden: 145444K(559232K)->0K(559360K) From: 0K(69888K)->0K(69888K)
[1.552s][info][gc,heap        ] GC(0) Tenured: 0K(1398144K)->4730K(1398144K)
[1.552s][info][gc,metaspace   ] GC(0) Metaspace: 14219K(14464K)->14219K(14464K) NonClass: 12163K(12288K)->12163K(12288K) Class: 2055K(2176K)->2055K(2176K)
[1.552s][info][gc             ] GC(0) Pause Full (System.gc()) 142M->4M(1979M) 170.885ms
[1.552s][info][gc,cpu         ] GC(0) User=0.05s Sys=0.00s Real=0.18s
[4.199s][info][gc,start       ] GC(1) Pause Young (Allocation Failure)
[4.207s][info][gc,heap        ] GC(1) DefNew: 559360K(629248K)->1898K(629248K) Eden: 559360K(559360K)->0K(559360K) From: 0K(69888K)->1898K(69888K)
[4.207s][info][gc,heap        ] GC(1) Tenured: 4730K(1398144K)->4730K(1398144K)
[4.207s][info][gc,metaspace   ] GC(1) Metaspace: 15790K(16064K)->15790K(16064K) NonClass: 13530K(13696K)->13530K(13696K) Class: 2259K(2368K)->2259K(2368K)
[4.207s][info][gc             ] GC(1) Pause Young (Allocation Failure) 550M->6M(1979M) 7.519ms
[4.207s][info][gc,cpu         ] GC(1) User=0.00s Sys=0.00s Real=0.00s
[4.428s][info][gc,start       ] GC(2) Pause Young (Allocation Failure)
[4.435s][info][gc,heap        ] GC(2) DefNew: 561258K(629248K)->1884K(629248K) Eden: 559360K(559360K)->0K(559360K) From: 1898K(69888K)->1884K(69888K)
[4.435s][info][gc,heap        ] GC(2) Tenured: 4730K(1398144K)->4730K(1398144K)
[4.435s][info][gc,metaspace   ] GC(2) Metaspace: 15790K(16064K)->15790K(16064K) NonClass: 13531K(13696K)->13531K(13696K) Class: 2259K(2368K)->2259K(2368K)
[4.435s][info][gc             ] GC(2) Pause Young (Allocation Failure) 552M->6M(1979M) 6.416ms
[4.435s][info][gc,cpu         ] GC(2) User=0.00s Sys=0.02s Real=0.01s
[4.578s][info][gc,start       ] GC(3) Pause Young (Allocation Failure)
[4.583s][info][gc,heap        ] GC(3) DefNew: 561244K(629248K)->1822K(629248K) Eden: 559360K(559360K)->0K(559360K) From: 1884K(69888K)->1822K(69888K)
[4.583s][info][gc,heap        ] GC(3) Tenured: 4730K(1398144K)->4730K(1398144K)
[4.583s][info][gc,metaspace   ] GC(3) Metaspace: 15793K(16064K)->15793K(16064K) NonClass: 13534K(13696K)->13534K(13696K) Class: 2259K(2368K)->2259K(2368K)
[4.583s][info][gc             ] GC(3) Pause Young (Allocation Failure) 552M->6M(1979M) 5.759ms
[4.583s][info][gc,cpu         ] GC(3) User=0.02s Sys=0.00s Real=0.02s
[4.652s][info][gc,start       ] GC(4) Pause Young (Allocation Failure)
[4.658s][info][gc,heap        ] GC(4) DefNew: 561182K(629248K)->1769K(629248K) Eden: 559360K(559360K)->0K(559360K) From: 1822K(69888K)->1769K(69888K)
[4.658s][info][gc,heap        ] GC(4) Tenured: 4730K(1398144K)->4730K(1398144K)
[4.658s][info][gc,metaspace   ] GC(4) Metaspace: 15800K(16064K)->15800K(16064K) NonClass: 13541K(13696K)->13541K(13696K) Class: 2259K(2368K)->2259K(2368K)
[4.658s][info][gc             ] GC(4) Pause Young (Allocation Failure) 552M->6M(1979M) 6.120ms
[4.658s][info][gc,cpu         ] GC(4) User=0.00s Sys=0.00s Real=0.00s
[4.727s][info][gc,start       ] GC(5) Pause Young (Allocation Failure)
[4.732s][info][gc,heap        ] GC(5) DefNew: 561129K(629248K)->1622K(629248K) Eden: 559360K(559360K)->0K(559360K) From: 1769K(69888K)->1622K(69888K)
[4.732s][info][gc,heap        ] GC(5) Tenured: 4730K(1398144K)->4730K(1398144K)
[4.732s][info][gc,metaspace   ] GC(5) Metaspace: 15800K(16064K)->15800K(16064K) NonClass: 13541K(13696K)->13541K(13696K) Class: 2259K(2368K)->2259K(2368K)
[4.732s][info][gc             ] GC(5) Pause Young (Allocation Failure) 552M->6M(1979M) 5.581ms
[4.732s][info][gc,cpu         ] GC(5) User=0.00s Sys=0.00s Real=0.00s
[4.800s][info][gc,start       ] GC(6) Pause Young (Allocation Failure)
[4.805s][info][gc,heap        ] GC(6) DefNew: 560982K(629248K)->1532K(629248K) Eden: 559360K(559360K)->0K(559360K) From: 1622K(69888K)->1532K(69888K)
[4.805s][info][gc,heap        ] GC(6) Tenured: 4730K(1398144K)->4730K(1398144K)
[4.805s][info][gc,metaspace   ] GC(6) Metaspace: 15800K(16064K)->15800K(16064K) NonClass: 13541K(13696K)->13541K(13696K) Class: 2259K(2368K)->2259K(2368K)
[4.805s][info][gc             ] GC(6) Pause Young (Allocation Failure) 552M->6M(1979M) 5.011ms
[4.805s][info][gc,cpu         ] GC(6) User=0.00s Sys=0.00s Real=0.00s
[5.264s][info][gc,start       ] GC(7) Pause Young (Allocation Failure)
[6.102s][info][gc,heap        ] GC(7) DefNew: 560892K(629248K)->69888K(629248K) Eden: 559360K(559360K)->0K(559360K) From: 1532K(69888K)->69888K(69888K)
[6.102s][info][gc,heap        ] GC(7) Tenured: 4730K(1398144K)->184815K(1398144K)
[6.102s][info][gc,metaspace   ] GC(7) Metaspace: 16021K(16320K)->16021K(16320K) NonClass: 13710K(13888K)->13710K(13888K) Class: 2310K(2432K)->2310K(2432K)
[6.102s][info][gc             ] GC(7) Pause Young (Allocation Failure) 552M->248M(1979M) 838.036ms
[6.102s][info][gc,cpu         ] GC(7) User=0.78s Sys=0.05s Real=0.83s
[13.847s][info][gc,start       ] GC(8) Pause Young (Allocation Failure)
[14.616s][info][gc,heap        ] GC(8) DefNew: 629248K(629248K)->69888K(629248K) Eden: 559360K(559360K)->0K(559360K) From: 69888K(69888K)->69888K(69888K)
[14.616s][info][gc,heap        ] GC(8) Tenured: 184815K(1398144K)->300252K(1398144K)
[14.616s][info][gc,metaspace   ] GC(8) Metaspace: 16541K(17024K)->16541K(17024K) NonClass: 14122K(14400K)->14122K(14400K) Class: 2418K(2624K)->2418K(2624K)
[14.616s][info][gc             ] GC(8) Pause Young (Allocation Failure) 794M->361M(1979M) 769.691ms
[14.616s][info][gc,cpu         ] GC(8) User=0.75s Sys=0.02s Real=0.78s
[15.056s][info][gc,start       ] GC(9) Pause Young (Allocation Failure)
[16.113s][info][gc,heap        ] GC(9) DefNew: 629248K(629248K)->69888K(629248K) Eden: 559360K(559360K)->0K(559360K) From: 69888K(69888K)->69888K(69888K)
[16.113s][info][gc,heap        ] GC(9) Tenured: 300252K(1398144K)->529645K(1398144K)
[16.113s][info][gc,metaspace   ] GC(9) Metaspace: 16541K(17024K)->16541K(17024K) NonClass: 14122K(14400K)->14122K(14400K) Class: 2418K(2624K)->2418K(2624K)
[16.113s][info][gc             ] GC(9) Pause Young (Allocation Failure) 907M->585M(1979M) 1057.191ms
[16.113s][info][gc,cpu         ] GC(9) User=1.00s Sys=0.05s Real=1.05s
[17.606s][info][gc,start       ] GC(10) Pause Young (Allocation Failure)
[18.451s][info][gc,heap        ] GC(10) DefNew: 629248K(629248K)->69888K(629248K) Eden: 559360K(559360K)->0K(559360K) From: 69888K(69888K)->69888K(69888K)
[18.451s][info][gc,heap        ] GC(10) Tenured: 529645K(1398144K)->688018K(1398144K)
[18.451s][info][gc,metaspace   ] GC(10) Metaspace: 16594K(17024K)->16594K(17024K) NonClass: 14170K(14400K)->14170K(14400K) Class: 2424K(2624K)->2424K(2624K)
[18.452s][info][gc             ] GC(10) Pause Young (Allocation Failure) 1131M->740M(1979M) 845.486ms
[18.452s][info][gc,cpu         ] GC(10) User=0.83s Sys=0.02s Real=0.83s
[20.695s][info][gc,start       ] GC(11) Pause Full (System.gc())
[20.695s][info][gc,phases,start] GC(11) Phase 1: Mark live objects
[20.722s][info][gc,phases      ] GC(11) Phase 1: Mark live objects 26.480ms
[20.722s][info][gc,phases,start] GC(11) Phase 2: Compute new object addresses
[21.064s][info][gc,phases      ] GC(11) Phase 2: Compute new object addresses 342.805ms
[21.064s][info][gc,phases,start] GC(11) Phase 3: Adjust pointers
[21.071s][info][gc,phases      ] GC(11) Phase 3: Adjust pointers 6.533ms
[21.071s][info][gc,phases,start] GC(11) Phase 4: Move objects
[21.072s][info][gc,phases      ] GC(11) Phase 4: Move objects 0.561ms
[21.072s][info][gc,heap        ] GC(11) DefNew: 537302K(629248K)->0K(629248K) Eden: 467414K(559360K)->0K(559360K) From: 69888K(69888K)->0K(69888K)
[21.072s][info][gc,heap        ] GC(11) Tenured: 688018K(1398144K)->42728K(1398144K)
[21.072s][info][gc,metaspace   ] GC(11) Metaspace: 16884K(17344K)->16640K(17344K) NonClass: 14387K(14656K)->14218K(14656K) Class: 2496K(2688K)->2421K(2688K)
[21.073s][info][gc             ] GC(11) Pause Full (System.gc()) 1196M->41M(1979M) 377.623ms
[21.073s][info][gc,cpu         ] GC(11) User=0.38s Sys=0.00s Real=0.38s
[22.989s][info][gc,start       ] GC(12) Pause Young (Allocation Failure)
[22.993s][info][gc,heap        ] GC(12) DefNew: 559360K(629248K)->1590K(629248K) Eden: 559360K(559360K)->0K(559360K) From: 0K(69888K)->1590K(69888K)
[22.993s][info][gc,heap        ] GC(12) Tenured: 42728K(1398144K)->42728K(1398144K)
[22.993s][info][gc,metaspace   ] GC(12) Metaspace: 16640K(17344K)->16640K(17344K) NonClass: 14218K(14656K)->14218K(14656K) Class: 2421K(2688K)->2421K(2688K)
[22.993s][info][gc             ] GC(12) Pause Young (Allocation Failure) 587M->43M(1979M) 4.819ms
[22.993s][info][gc,cpu         ] GC(12) User=0.00s Sys=0.00s Real=0.00s
[23.058s][info][gc,start       ] GC(13) Pause Young (Allocation Failure)
[23.063s][info][gc,heap        ] GC(13) DefNew: 560950K(629248K)->1566K(629248K) Eden: 559360K(559360K)->0K(559360K) From: 1590K(69888K)->1566K(69888K)
[23.063s][info][gc,heap        ] GC(13) Tenured: 42728K(1398144K)->42728K(1398144K)
[23.063s][info][gc,metaspace   ] GC(13) Metaspace: 16640K(17344K)->16640K(17344K) NonClass: 14218K(14656K)->14218K(14656K) Class: 2421K(2688K)->2421K(2688K)
[23.063s][info][gc             ] GC(13) Pause Young (Allocation Failure) 589M->43M(1979M) 4.321ms
[23.063s][info][gc,cpu         ] GC(13) User=0.00s Sys=0.00s Real=0.00s
[23.128s][info][gc,start       ] GC(14) Pause Young (Allocation Failure)
[23.132s][info][gc,heap        ] GC(14) DefNew: 560926K(629248K)->1493K(629248K) Eden: 559360K(559360K)->0K(559360K) From: 1566K(69888K)->1493K(69888K)
[23.132s][info][gc,heap        ] GC(14) Tenured: 42728K(1398144K)->42728K(1398144K)
[23.132s][info][gc,metaspace   ] GC(14) Metaspace: 16641K(17344K)->16641K(17344K) NonClass: 14219K(14656K)->14219K(14656K) Class: 2421K(2688K)->2421K(2688K)
[23.132s][info][gc             ] GC(14) Pause Young (Allocation Failure) 589M->43M(1979M) 4.233ms
[23.132s][info][gc,cpu         ] GC(14) User=0.00s Sys=0.00s Real=0.00s
[23.198s][info][gc,start       ] GC(15) Pause Young (Allocation Failure)
[23.201s][info][gc,heap        ] GC(15) DefNew: 560853K(629248K)->1293K(629248K) Eden: 559360K(559360K)->0K(559360K) From: 1493K(69888K)->1293K(69888K)
[23.201s][info][gc,heap        ] GC(15) Tenured: 42728K(1398144K)->42728K(1398144K)
[23.201s][info][gc,metaspace   ] GC(15) Metaspace: 16641K(17344K)->16641K(17344K) NonClass: 14219K(14656K)->14219K(14656K) Class: 2421K(2688K)->2421K(2688K)
[23.201s][info][gc             ] GC(15) Pause Young (Allocation Failure) 589M->42M(1979M) 3.802ms
[23.201s][info][gc,cpu         ] GC(15) User=0.00s Sys=0.00s Real=0.00s
[23.266s][info][gc,start       ] GC(16) Pause Young (Allocation Failure)
[23.270s][info][gc,heap        ] GC(16) DefNew: 560653K(629248K)->1266K(629248K) Eden: 559360K(559360K)->0K(559360K) From: 1293K(69888K)->1266K(69888K)
[23.270s][info][gc,heap        ] GC(16) Tenured: 42728K(1398144K)->42728K(1398144K)
[23.270s][info][gc,metaspace   ] GC(16) Metaspace: 16641K(17344K)->16641K(17344K) NonClass: 14219K(14656K)->14219K(14656K) Class: 2421K(2688K)->2421K(2688K)
[23.270s][info][gc             ] GC(16) Pause Young (Allocation Failure) 589M->42M(1979M) 3.715ms
[23.270s][info][gc,cpu         ] GC(16) User=0.00s Sys=0.00s Real=0.00s
[23.356s][info][gc,start       ] GC(17) Pause Young (Allocation Failure)
[23.396s][info][gc,heap        ] GC(17) DefNew: 560626K(629248K)->18360K(629248K) Eden: 559360K(559360K)->0K(559360K) From: 1266K(69888K)->18360K(69888K)
[23.396s][info][gc,heap        ] GC(17) Tenured: 42728K(1398144K)->42728K(1398144K)
[23.396s][info][gc,metaspace   ] GC(17) Metaspace: 16641K(17344K)->16641K(17344K) NonClass: 14219K(14656K)->14219K(14656K) Class: 2421K(2688K)->2421K(2688K)
[23.396s][info][gc             ] GC(17) Pause Young (Allocation Failure) 589M->59M(1979M) 40.188ms
[23.396s][info][gc,cpu         ] GC(17) User=0.03s Sys=0.00s Real=0.03s
[24.002s][info][gc,start       ] GC(18) Pause Young (Allocation Failure)
[25.140s][info][gc,heap        ] GC(18) DefNew: 577720K(629248K)->69887K(629248K) Eden: 559360K(559360K)->0K(559360K) From: 18360K(69888K)->69887K(69888K)
[25.140s][info][gc,heap        ] GC(18) Tenured: 42728K(1398144K)->349695K(1398144K)
[25.140s][info][gc,metaspace   ] GC(18) Metaspace: 16641K(17344K)->16641K(17344K) NonClass: 14219K(14656K)->14219K(14656K) Class: 2421K(2688K)->2421K(2688K)
[25.140s][info][gc             ] GC(18) Pause Young (Allocation Failure) 605M->409M(1979M) 1137.960ms
[25.140s][info][gc,cpu         ] GC(18) User=1.14s Sys=0.00s Real=1.14s
[32.418s][info][gc,start       ] GC(19) Pause Young (Allocation Failure)
[33.409s][info][gc,heap        ] GC(19) DefNew: 629247K(629248K)->69888K(629248K) Eden: 559360K(559360K)->0K(559360K) From: 69887K(69888K)->69888K(69888K)
[33.409s][info][gc,heap        ] GC(19) Tenured: 349695K(1398144K)->539937K(1398144K)
[33.409s][info][gc,metaspace   ] GC(19) Metaspace: 16644K(17344K)->16644K(17344K) NonClass: 14222K(14656K)->14222K(14656K) Class: 2421K(2688K)->2421K(2688K)
[33.409s][info][gc             ] GC(19) Pause Young (Allocation Failure) 955M->595M(1979M) 990.385ms
[33.409s][info][gc,cpu         ] GC(19) User=0.98s Sys=0.00s Real=0.99s
[33.886s][info][gc,start       ] GC(20) Pause Young (Allocation Failure)
[34.973s][info][gc,heap        ] GC(20) DefNew: 629248K(629248K)->69888K(629248K) Eden: 559360K(559360K)->0K(559360K) From: 69888K(69888K)->69888K(69888K)
[34.973s][info][gc,heap        ] GC(20) Tenured: 539937K(1398144K)->769051K(1398144K)
[34.973s][info][gc,metaspace   ] GC(20) Metaspace: 16644K(17344K)->16644K(17344K) NonClass: 14222K(14656K)->14222K(14656K) Class: 2421K(2688K)->2421K(2688K)
[34.973s][info][gc             ] GC(20) Pause Young (Allocation Failure) 1141M->819M(1979M) 1086.451ms
[34.973s][info][gc,cpu         ] GC(20) User=1.09s Sys=0.00s Real=1.09s
[36.576s][info][gc,start       ] GC(21) Pause Young (Allocation Failure)
[37.026s][info][gc,heap        ] GC(21) DefNew: 629248K(629248K)->65821K(629248K) Eden: 559360K(559360K)->0K(559360K) From: 69888K(69888K)->65821K(69888K)
[37.026s][info][gc,heap        ] GC(21) Tenured: 769051K(1398144K)->820427K(1398144K)
[37.026s][info][gc,metaspace   ] GC(21) Metaspace: 16644K(17344K)->16644K(17344K) NonClass: 14222K(14656K)->14222K(14656K) Class: 2421K(2688K)->2421K(2688K)
[37.026s][info][gc             ] GC(21) Pause Young (Allocation Failure) 1365M->865M(1979M) 450.477ms
[37.026s][info][gc,cpu         ] GC(21) User=0.45s Sys=0.00s Real=0.46s
[38.874s][info][gc,start       ] GC(22) Pause Full (System.gc())
[38.874s][info][gc,phases,start] GC(22) Phase 1: Mark live objects
[38.897s][info][gc,phases      ] GC(22) Phase 1: Mark live objects 23.449ms
[38.897s][info][gc,phases,start] GC(22) Phase 2: Compute new object addresses
[39.213s][info][gc,phases      ] GC(22) Phase 2: Compute new object addresses 315.763ms
[39.213s][info][gc,phases,start] GC(22) Phase 3: Adjust pointers
[39.220s][info][gc,phases      ] GC(22) Phase 3: Adjust pointers 6.389ms
[39.220s][info][gc,phases,start] GC(22) Phase 4: Move objects
[39.220s][info][gc,phases      ] GC(22) Phase 4: Move objects 0.485ms
[39.221s][info][gc,heap        ] GC(22) DefNew: 320063K(629248K)->0K(629248K) Eden: 254242K(559360K)->0K(559360K) From: 65821K(69888K)->0K(69888K)
[39.221s][info][gc,heap        ] GC(22) Tenured: 820427K(1398144K)->44774K(1398144K)
[39.221s][info][gc,metaspace   ] GC(22) Metaspace: 16644K(17344K)->16644K(17344K) NonClass: 14222K(14656K)->14222K(14656K) Class: 2421K(2688K)->2421K(2688K)
[39.221s][info][gc             ] GC(22) Pause Full (System.gc()) 1113M->43M(1979M) 347.029ms
[39.221s][info][gc,cpu         ] GC(22) User=0.36s Sys=0.00s Real=0.35s
[41.031s][info][gc,start       ] GC(23) Pause Young (Allocation Failure)
[41.035s][info][gc,heap        ] GC(23) DefNew: 559360K(629248K)->1533K(629248K) Eden: 559360K(559360K)->0K(559360K) From: 0K(69888K)->1533K(69888K)
[41.035s][info][gc,heap        ] GC(23) Tenured: 44774K(1398144K)->44774K(1398144K)
[41.035s][info][gc,metaspace   ] GC(23) Metaspace: 16644K(17344K)->16644K(17344K) NonClass: 14222K(14656K)->14222K(14656K) Class: 2421K(2688K)->2421K(2688K)
[41.035s][info][gc             ] GC(23) Pause Young (Allocation Failure) 589M->45M(1979M) 4.499ms
[41.035s][info][gc,cpu         ] GC(23) User=0.00s Sys=0.00s Real=0.00s
[41.099s][info][gc,start       ] GC(24) Pause Young (Allocation Failure)
[41.103s][info][gc,heap        ] GC(24) DefNew: 560893K(629248K)->1486K(629248K) Eden: 559360K(559360K)->0K(559360K) From: 1533K(69888K)->1486K(69888K)
[41.104s][info][gc,heap        ] GC(24) Tenured: 44774K(1398144K)->44774K(1398144K)
[41.104s][info][gc,metaspace   ] GC(24) Metaspace: 16644K(17344K)->16644K(17344K) NonClass: 14222K(14656K)->14222K(14656K) Class: 2421K(2688K)->2421K(2688K)
[41.104s][info][gc             ] GC(24) Pause Young (Allocation Failure) 591M->45M(1979M) 4.286ms
[41.104s][info][gc,cpu         ] GC(24) User=0.00s Sys=0.00s Real=0.00s
[41.168s][info][gc,start       ] GC(25) Pause Young (Allocation Failure)
[41.172s][info][gc,heap        ] GC(25) DefNew: 560846K(629248K)->1351K(629248K) Eden: 559360K(559360K)->0K(559360K) From: 1486K(69888K)->1351K(69888K)
[41.172s][info][gc,heap        ] GC(25) Tenured: 44774K(1398144K)->44774K(1398144K)
[41.172s][info][gc,metaspace   ] GC(25) Metaspace: 16646K(17344K)->16646K(17344K) NonClass: 14224K(14656K)->14224K(14656K) Class: 2421K(2688K)->2421K(2688K)
[41.172s][info][gc             ] GC(25) Pause Young (Allocation Failure) 591M->45M(1979M) 4.012ms
[41.172s][info][gc,cpu         ] GC(25) User=0.00s Sys=0.00s Real=0.00s
[41.235s][info][gc,start       ] GC(26) Pause Young (Allocation Failure)
[41.239s][info][gc,heap        ] GC(26) DefNew: 560711K(629248K)->1389K(629248K) Eden: 559360K(559360K)->0K(559360K) From: 1351K(69888K)->1389K(69888K)
[41.239s][info][gc,heap        ] GC(26) Tenured: 44774K(1398144K)->44774K(1398144K)
[41.239s][info][gc,metaspace   ] GC(26) Metaspace: 16646K(17344K)->16646K(17344K) NonClass: 14224K(14656K)->14224K(14656K) Class: 2421K(2688K)->2421K(2688K)
[41.239s][info][gc             ] GC(26) Pause Young (Allocation Failure) 591M->45M(1979M) 4.101ms
[41.239s][info][gc,cpu         ] GC(26) User=0.02s Sys=0.00s Real=0.02s
[41.304s][info][gc,start       ] GC(27) Pause Young (Allocation Failure)
[41.356s][info][gc,heap        ] GC(27) DefNew: 560749K(629248K)->1156K(629248K) Eden: 559360K(559360K)->0K(559360K) From: 1389K(69888K)->1156K(69888K)
[41.356s][info][gc,heap        ] GC(27) Tenured: 44774K(1398144K)->44774K(1398144K)
[41.356s][info][gc,metaspace   ] GC(27) Metaspace: 16646K(17344K)->16646K(17344K) NonClass: 14224K(14656K)->14224K(14656K) Class: 2421K(2688K)->2421K(2688K)
[41.356s][info][gc             ] GC(27) Pause Young (Allocation Failure) 591M->44M(1979M) 52.107ms
[41.356s][info][gc,cpu         ] GC(27) User=0.02s Sys=0.00s Real=0.05s
[41.445s][info][gc,start       ] GC(28) Pause Young (Allocation Failure)
[41.476s][info][gc,heap        ] GC(28) DefNew: 560516K(629248K)->15430K(629248K) Eden: 559360K(559360K)->0K(559360K) From: 1156K(69888K)->15430K(69888K)
[41.477s][info][gc,heap        ] GC(28) Tenured: 44774K(1398144K)->44774K(1398144K)
[41.477s][info][gc,metaspace   ] GC(28) Metaspace: 16646K(17344K)->16646K(17344K) NonClass: 14224K(14656K)->14224K(14656K) Class: 2421K(2688K)->2421K(2688K)
[41.477s][info][gc             ] GC(28) Pause Young (Allocation Failure) 591M->58M(1979M) 31.893ms
[41.477s][info][gc,cpu         ] GC(28) User=0.03s Sys=0.00s Real=0.03s
[42.079s][info][gc,start       ] GC(29) Pause Young (Allocation Failure)
[43.205s][info][gc,heap        ] GC(29) DefNew: 574790K(629248K)->69888K(629248K) Eden: 559360K(559360K)->0K(559360K) From: 15430K(69888K)->69888K(69888K)
[43.205s][info][gc,heap        ] GC(29) Tenured: 44774K(1398144K)->348622K(1398144K)
[43.205s][info][gc,metaspace   ] GC(29) Metaspace: 16646K(17344K)->16646K(17344K) NonClass: 14224K(14656K)->14224K(14656K) Class: 2421K(2688K)->2421K(2688K)
[43.205s][info][gc             ] GC(29) Pause Young (Allocation Failure) 605M->408M(1979M) 1125.435ms
[43.205s][info][gc,cpu         ] GC(29) User=1.13s Sys=0.00s Real=1.13s
[50.493s][info][gc,start       ] GC(30) Pause Young (Allocation Failure)
[51.485s][info][gc,heap        ] GC(30) DefNew: 629248K(629248K)->69887K(629248K) Eden: 559360K(559360K)->0K(559360K) From: 69888K(69888K)->69887K(69888K)
[51.485s][info][gc,heap        ] GC(30) Tenured: 348622K(1398144K)->539917K(1398144K)
[51.485s][info][gc,metaspace   ] GC(30) Metaspace: 16647K(17344K)->16647K(17344K) NonClass: 14225K(14656K)->14225K(14656K) Class: 2421K(2688K)->2421K(2688K)
[51.485s][info][gc             ] GC(30) Pause Young (Allocation Failure) 954M->595M(1979M) 991.824ms
[51.485s][info][gc,cpu         ] GC(30) User=0.98s Sys=0.00s Real=0.99s
[51.988s][info][gc,start       ] GC(31) Pause Young (Allocation Failure)
[53.072s][info][gc,heap        ] GC(31) DefNew: 629247K(629248K)->69888K(629248K) Eden: 559360K(559360K)->0K(559360K) From: 69887K(69888K)->69888K(69888K)
[53.072s][info][gc,heap        ] GC(31) Tenured: 539917K(1398144K)->771599K(1398144K)
[53.072s][info][gc,metaspace   ] GC(31) Metaspace: 16647K(17344K)->16647K(17344K) NonClass: 14225K(14656K)->14225K(14656K) Class: 2421K(2688K)->2421K(2688K)
[53.072s][info][gc             ] GC(31) Pause Young (Allocation Failure) 1141M->821M(1979M) 1083.803ms
[53.072s][info][gc,cpu         ] GC(31) User=1.08s Sys=0.00s Real=1.09s
[54.671s][info][gc,start       ] GC(32) Pause Young (Allocation Failure)
[55.141s][info][gc,heap        ] GC(32) DefNew: 629248K(629248K)->62093K(629248K) Eden: 559360K(559360K)->0K(559360K) From: 69888K(69888K)->62093K(69888K)
[55.141s][info][gc,heap        ] GC(32) Tenured: 771599K(1398144K)->841487K(1398144K)
[55.141s][info][gc,metaspace   ] GC(32) Metaspace: 16647K(17344K)->16647K(17344K) NonClass: 14225K(14656K)->14225K(14656K) Class: 2421K(2688K)->2421K(2688K)
[55.141s][info][gc             ] GC(32) Pause Young (Allocation Failure) 1368M->882M(1979M) 469.991ms
[55.141s][info][gc,cpu         ] GC(32) User=0.45s Sys=0.02s Real=0.48s
[56.967s][info][gc,start       ] GC(33) Pause Full (System.gc())
[56.968s][info][gc,phases,start] GC(33) Phase 1: Mark live objects
[56.989s][info][gc,phases      ] GC(33) Phase 1: Mark live objects 21.079ms
[56.989s][info][gc,phases,start] GC(33) Phase 2: Compute new object addresses
[57.332s][info][gc,phases      ] GC(33) Phase 2: Compute new object addresses 343.062ms
[57.332s][info][gc,phases,start] GC(33) Phase 3: Adjust pointers
[57.340s][info][gc,phases      ] GC(33) Phase 3: Adjust pointers 7.681ms
[57.340s][info][gc,phases,start] GC(33) Phase 4: Move objects
[57.342s][info][gc,phases      ] GC(33) Phase 4: Move objects 2.582ms
[57.343s][info][gc,heap        ] GC(33) DefNew: 300303K(629248K)->0K(629248K) Eden: 238209K(559360K)->0K(559360K) From: 62093K(69888K)->0K(69888K)
[57.343s][info][gc,heap        ] GC(33) Tenured: 841487K(1398144K)->10240K(1398144K)
[57.343s][info][gc,metaspace   ] GC(33) Metaspace: 16647K(17344K)->16647K(17344K) NonClass: 14225K(14656K)->14225K(14656K) Class: 2421K(2688K)->2421K(2688K)
[57.343s][info][gc             ] GC(33) Pause Full (System.gc()) 1115M->10M(1979M) 375.190ms
[57.343s][info][gc,cpu         ] GC(33) User=0.39s Sys=0.00s Real=0.38s
[59.374s][info][gc,start       ] GC(34) Pause Young (Allocation Failure)
[59.379s][info][gc,heap        ] GC(34) DefNew: 559360K(629248K)->1502K(629248K) Eden: 559360K(559360K)->0K(559360K) From: 0K(69888K)->1502K(69888K)
[59.379s][info][gc,heap        ] GC(34) Tenured: 10240K(1398144K)->10240K(1398144K)
[59.379s][info][gc,metaspace   ] GC(34) Metaspace: 16648K(17344K)->16648K(17344K) NonClass: 14226K(14656K)->14226K(14656K) Class: 2421K(2688K)->2421K(2688K)
[59.379s][info][gc             ] GC(34) Pause Young (Allocation Failure) 556M->11M(1979M) 4.522ms
[59.379s][info][gc,cpu         ] GC(34) User=0.02s Sys=0.00s Real=0.02s
[59.440s][info][gc,start       ] GC(35) Pause Young (Allocation Failure)
[59.445s][info][gc,heap        ] GC(35) DefNew: 560862K(629248K)->1546K(629248K) Eden: 559360K(559360K)->0K(559360K) From: 1502K(69888K)->1546K(69888K)
[59.445s][info][gc,heap        ] GC(35) Tenured: 10240K(1398144K)->10240K(1398144K)
[59.445s][info][gc,metaspace   ] GC(35) Metaspace: 16648K(17344K)->16648K(17344K) NonClass: 14226K(14656K)->14226K(14656K) Class: 2421K(2688K)->2421K(2688K)
[59.445s][info][gc             ] GC(35) Pause Young (Allocation Failure) 557M->11M(1979M) 4.430ms
[59.445s][info][gc,cpu         ] GC(35) User=0.02s Sys=0.00s Real=0.02s
[59.505s][info][gc,start       ] GC(36) Pause Young (Allocation Failure)
[59.509s][info][gc,heap        ] GC(36) DefNew: 560906K(629248K)->1403K(629248K) Eden: 559360K(559360K)->0K(559360K) From: 1546K(69888K)->1403K(69888K)
[59.509s][info][gc,heap        ] GC(36) Tenured: 10240K(1398144K)->10240K(1398144K)
[59.509s][info][gc,metaspace   ] GC(36) Metaspace: 16648K(17344K)->16648K(17344K) NonClass: 14226K(14656K)->14226K(14656K) Class: 2421K(2688K)->2421K(2688K)
[59.509s][info][gc             ] GC(36) Pause Young (Allocation Failure) 557M->11M(1979M) 4.342ms
[59.509s][info][gc,cpu         ] GC(36) User=0.02s Sys=0.00s Real=0.02s
[59.571s][info][gc,start       ] GC(37) Pause Young (Allocation Failure)
[59.575s][info][gc,heap        ] GC(37) DefNew: 560763K(629248K)->1421K(629248K) Eden: 559360K(559360K)->0K(559360K) From: 1403K(69888K)->1421K(69888K)
[59.575s][info][gc,heap        ] GC(37) Tenured: 10240K(1398144K)->10240K(1398144K)
[59.575s][info][gc,metaspace   ] GC(37) Metaspace: 16648K(17344K)->16648K(17344K) NonClass: 14226K(14656K)->14226K(14656K) Class: 2421K(2688K)->2421K(2688K)
[59.575s][info][gc             ] GC(37) Pause Young (Allocation Failure) 557M->11M(1979M) 4.207ms
[59.575s][info][gc,cpu         ] GC(37) User=0.02s Sys=0.00s Real=0.02s
[59.636s][info][gc,start       ] GC(38) Pause Young (Allocation Failure)
[59.640s][info][gc,heap        ] GC(38) DefNew: 560781K(629248K)->1265K(629248K) Eden: 559360K(559360K)->0K(559360K) From: 1421K(69888K)->1265K(69888K)
[59.640s][info][gc,heap        ] GC(38) Tenured: 10240K(1398144K)->10240K(1398144K)
[59.640s][info][gc,metaspace   ] GC(38) Metaspace: 16648K(17344K)->16648K(17344K) NonClass: 14226K(14656K)->14226K(14656K) Class: 2421K(2688K)->2421K(2688K)
[59.640s][info][gc             ] GC(38) Pause Young (Allocation Failure) 557M->11M(1979M) 3.780ms
[59.640s][info][gc,cpu         ] GC(38) User=0.02s Sys=0.00s Real=0.02s
[59.723s][info][gc,start       ] GC(39) Pause Young (Allocation Failure)
[59.758s][info][gc,heap        ] GC(39) DefNew: 560625K(629248K)->16714K(629248K) Eden: 559360K(559360K)->0K(559360K) From: 1265K(69888K)->16714K(69888K)
[59.758s][info][gc,heap        ] GC(39) Tenured: 10240K(1398144K)->10240K(1398144K)
[59.758s][info][gc,metaspace   ] GC(39) Metaspace: 16648K(17344K)->16648K(17344K) NonClass: 14226K(14656K)->14226K(14656K) Class: 2421K(2688K)->2421K(2688K)
[59.758s][info][gc             ] GC(39) Pause Young (Allocation Failure) 557M->26M(1979M) 35.508ms
[59.758s][info][gc,cpu         ] GC(39) User=0.03s Sys=0.00s Real=0.03s
[60.403s][info][gc,start       ] GC(40) Pause Young (Allocation Failure)
[61.518s][info][gc,heap        ] GC(40) DefNew: 576074K(629248K)->69888K(629248K) Eden: 559360K(559360K)->0K(559360K) From: 16714K(69888K)->69888K(69888K)
[61.518s][info][gc,heap        ] GC(40) Tenured: 10240K(1398144K)->315688K(1398144K)
[61.518s][info][gc,metaspace   ] GC(40) Metaspace: 16648K(17344K)->16648K(17344K) NonClass: 14226K(14656K)->14226K(14656K) Class: 2421K(2688K)->2421K(2688K)
[61.518s][info][gc             ] GC(40) Pause Young (Allocation Failure) 572M->376M(1979M) 1114.877ms
[61.518s][info][gc,cpu         ] GC(40) User=1.13s Sys=0.00s Real=1.12s
[70.408s][info][gc,start       ] GC(41) Pause Young (Allocation Failure)
[71.316s][info][gc,heap        ] GC(41) DefNew: 629248K(629248K)->69887K(629248K) Eden: 559360K(559360K)->0K(559360K) From: 69888K(69888K)->69887K(69888K)
[71.316s][info][gc,heap        ] GC(41) Tenured: 315688K(1398144K)->487948K(1398144K)
[71.316s][info][gc,metaspace   ] GC(41) Metaspace: 16650K(17344K)->16650K(17344K) NonClass: 14228K(14656K)->14228K(14656K) Class: 2421K(2688K)->2421K(2688K)
[71.316s][info][gc             ] GC(41) Pause Young (Allocation Failure) 922M->544M(1979M) 908.317ms
[71.316s][info][gc,cpu         ] GC(41) User=0.91s Sys=0.00s Real=0.91s
[71.801s][info][gc,start       ] GC(42) Pause Young (Allocation Failure)
[72.891s][info][gc,heap        ] GC(42) DefNew: 629247K(629248K)->69888K(629248K) Eden: 559360K(559360K)->0K(559360K) From: 69887K(69888K)->69888K(69888K)
[72.891s][info][gc,heap        ] GC(42) Tenured: 487948K(1398144K)->719780K(1398144K)
[72.891s][info][gc,metaspace   ] GC(42) Metaspace: 16650K(17344K)->16650K(17344K) NonClass: 14228K(14656K)->14228K(14656K) Class: 2421K(2688K)->2421K(2688K)
[72.891s][info][gc             ] GC(42) Pause Young (Allocation Failure) 1091M->771M(1979M) 1089.908ms
[72.891s][info][gc,cpu         ] GC(42) User=1.08s Sys=0.00s Real=1.08s
[74.444s][info][gc,start       ] GC(43) Pause Young (Allocation Failure)
[74.974s][info][gc,heap        ] GC(43) DefNew: 629248K(629248K)->69888K(629248K) Eden: 559360K(559360K)->0K(559360K) From: 69888K(69888K)->69888K(69888K)
[74.975s][info][gc,heap        ] GC(43) Tenured: 719780K(1398144K)->801765K(1398144K)
[74.975s][info][gc,metaspace   ] GC(43) Metaspace: 16650K(17344K)->16650K(17344K) NonClass: 14228K(14656K)->14228K(14656K) Class: 2421K(2688K)->2421K(2688K)
[74.975s][info][gc             ] GC(43) Pause Young (Allocation Failure) 1317M->851M(1979M) 530.389ms
[74.975s][info][gc,cpu         ] GC(43) User=0.55s Sys=0.00s Real=0.54s
[76.915s][info][gc,start       ] GC(44) Pause Full (System.gc())
[76.915s][info][gc,phases,start] GC(44) Phase 1: Mark live objects
[76.937s][info][gc,phases      ] GC(44) Phase 1: Mark live objects 21.201ms
[76.937s][info][gc,phases,start] GC(44) Phase 2: Compute new object addresses
[77.275s][info][gc,phases      ] GC(44) Phase 2: Compute new object addresses 338.198ms
[77.275s][info][gc,phases,start] GC(44) Phase 3: Adjust pointers
[77.283s][info][gc,phases      ] GC(44) Phase 3: Adjust pointers 7.830ms
[77.283s][info][gc,phases,start] GC(44) Phase 4: Move objects
[77.283s][info][gc,phases      ] GC(44) Phase 4: Move objects 0.342ms
[77.283s][info][gc,heap        ] GC(44) DefNew: 347550K(629248K)->0K(629248K) Eden: 277662K(559360K)->0K(559360K) From: 69888K(69888K)->0K(69888K)
[77.283s][info][gc,heap        ] GC(44) Tenured: 801765K(1398144K)->11580K(1398144K)
[77.283s][info][gc,metaspace   ] GC(44) Metaspace: 16650K(17344K)->16650K(17344K) NonClass: 14228K(14656K)->14228K(14656K) Class: 2421K(2688K)->2421K(2688K)
[77.283s][info][gc             ] GC(44) Pause Full (System.gc()) 1122M->11M(1979M) 368.282ms
[77.283s][info][gc,cpu         ] GC(44) User=0.36s Sys=0.00s Real=0.36s
[79.250s][info][gc,start       ] GC(45) Pause Young (Allocation Failure)
[79.255s][info][gc,heap        ] GC(45) DefNew: 559360K(629248K)->1541K(629248K) Eden: 559360K(559360K)->0K(559360K) From: 0K(69888K)->1541K(69888K)
[79.255s][info][gc,heap        ] GC(45) Tenured: 11580K(1398144K)->11580K(1398144K)
[79.255s][info][gc,metaspace   ] GC(45) Metaspace: 16652K(17344K)->16652K(17344K) NonClass: 14230K(14656K)->14230K(14656K) Class: 2421K(2688K)->2421K(2688K)
[79.255s][info][gc             ] GC(45) Pause Young (Allocation Failure) 557M->12M(1979M) 4.690ms
[79.255s][info][gc,cpu         ] GC(45) User=0.02s Sys=0.00s Real=0.02s
[79.318s][info][gc,start       ] GC(46) Pause Young (Allocation Failure)
[79.322s][info][gc,heap        ] GC(46) DefNew: 560901K(629248K)->1519K(629248K) Eden: 559360K(559360K)->0K(559360K) From: 1541K(69888K)->1519K(69888K)
[79.322s][info][gc,heap        ] GC(46) Tenured: 11580K(1398144K)->11580K(1398144K)
[79.322s][info][gc,metaspace   ] GC(46) Metaspace: 16652K(17344K)->16652K(17344K) NonClass: 14230K(14656K)->14230K(14656K) Class: 2421K(2688K)->2421K(2688K)
[79.322s][info][gc             ] GC(46) Pause Young (Allocation Failure) 559M->12M(1979M) 4.348ms
[79.322s][info][gc,cpu         ] GC(46) User=0.02s Sys=0.00s Real=0.02s
[79.382s][info][gc,start       ] GC(47) Pause Young (Allocation Failure)
[79.386s][info][gc,heap        ] GC(47) DefNew: 560879K(629248K)->1422K(629248K) Eden: 559360K(559360K)->0K(559360K) From: 1519K(69888K)->1422K(69888K)
[79.387s][info][gc,heap        ] GC(47) Tenured: 11580K(1398144K)->11580K(1398144K)
[79.387s][info][gc,metaspace   ] GC(47) Metaspace: 16652K(17344K)->16652K(17344K) NonClass: 14230K(14656K)->14230K(14656K) Class: 2421K(2688K)->2421K(2688K)
[79.387s][info][gc             ] GC(47) Pause Young (Allocation Failure) 559M->12M(1979M) 4.269ms
[79.387s][info][gc,cpu         ] GC(47) User=0.02s Sys=0.00s Real=0.02s
[79.449s][info][gc,start       ] GC(48) Pause Young (Allocation Failure)
[79.453s][info][gc,heap        ] GC(48) DefNew: 560782K(629248K)->1361K(629248K) Eden: 559360K(559360K)->0K(559360K) From: 1422K(69888K)->1361K(69888K)
[79.453s][info][gc,heap        ] GC(48) Tenured: 11580K(1398144K)->11580K(1398144K)
[79.453s][info][gc,metaspace   ] GC(48) Metaspace: 16652K(17344K)->16652K(17344K) NonClass: 14230K(14656K)->14230K(14656K) Class: 2421K(2688K)->2421K(2688K)
[79.453s][info][gc             ] GC(48) Pause Young (Allocation Failure) 558M->12M(1979M) 4.030ms
[79.453s][info][gc,cpu         ] GC(48) User=0.02s Sys=0.00s Real=0.02s
[79.513s][info][gc,start       ] GC(49) Pause Young (Allocation Failure)
[79.517s][info][gc,heap        ] GC(49) DefNew: 560721K(629248K)->1343K(629248K) Eden: 559360K(559360K)->0K(559360K) From: 1361K(69888K)->1343K(69888K)
[79.517s][info][gc,heap        ] GC(49) Tenured: 11580K(1398144K)->11580K(1398144K)
[79.517s][info][gc,metaspace   ] GC(49) Metaspace: 16652K(17344K)->16652K(17344K) NonClass: 14230K(14656K)->14230K(14656K) Class: 2421K(2688K)->2421K(2688K)
[79.517s][info][gc             ] GC(49) Pause Young (Allocation Failure) 558M->12M(1979M) 3.994ms
[79.517s][info][gc,cpu         ] GC(49) User=0.02s Sys=0.00s Real=0.02s
[79.583s][info][gc,start       ] GC(50) Pause Young (Allocation Failure)
[79.588s][info][gc,heap        ] GC(50) DefNew: 560703K(629248K)->3714K(629248K) Eden: 559360K(559360K)->0K(559360K) From: 1343K(69888K)->3714K(69888K)
[79.588s][info][gc,heap        ] GC(50) Tenured: 11580K(1398144K)->11580K(1398144K)
[79.588s][info][gc,metaspace   ] GC(50) Metaspace: 16652K(17344K)->16652K(17344K) NonClass: 14230K(14656K)->14230K(14656K) Class: 2421K(2688K)->2421K(2688K)
[79.588s][info][gc             ] GC(50) Pause Young (Allocation Failure) 558M->14M(1979M) 4.679ms
[79.588s][info][gc,cpu         ] GC(50) User=0.00s Sys=0.00s Real=0.00s
[80.173s][info][gc,start       ] GC(51) Pause Young (Allocation Failure)
[81.295s][info][gc,heap        ] GC(51) DefNew: 563074K(629248K)->69888K(629248K) Eden: 559360K(559360K)->0K(559360K) From: 3714K(69888K)->69888K(69888K)
[81.295s][info][gc,heap        ] GC(51) Tenured: 11580K(1398144K)->303178K(1398144K)
[81.295s][info][gc,metaspace   ] GC(51) Metaspace: 16652K(17344K)->16652K(17344K) NonClass: 14230K(14656K)->14230K(14656K) Class: 2421K(2688K)->2421K(2688K)
[81.295s][info][gc             ] GC(51) Pause Young (Allocation Failure) 561M->364M(1979M) 1121.263ms
[81.295s][info][gc,cpu         ] GC(51) User=1.13s Sys=0.00s Real=1.12s
[88.047s][info][gc,start       ] GC(52) Pause Young (Allocation Failure)
[89.009s][info][gc,heap        ] GC(52) DefNew: 629248K(629248K)->69888K(629248K) Eden: 559360K(559360K)->0K(559360K) From: 69888K(69888K)->69888K(69888K)
[89.009s][info][gc,heap        ] GC(52) Tenured: 303178K(1398144K)->491554K(1398144K)
[89.009s][info][gc,metaspace   ] GC(52) Metaspace: 16653K(17344K)->16653K(17344K) NonClass: 14231K(14656K)->14231K(14656K) Class: 2421K(2688K)->2421K(2688K)
[89.009s][info][gc             ] GC(52) Pause Young (Allocation Failure) 910M->548M(1979M) 962.531ms
[89.009s][info][gc,cpu         ] GC(52) User=0.97s Sys=0.00s Real=0.97s
[89.482s][info][gc,start       ] GC(53) Pause Young (Allocation Failure)
[90.525s][info][gc,heap        ] GC(53) DefNew: 629248K(629248K)->69888K(629248K) Eden: 559360K(559360K)->0K(559360K) From: 69888K(69888K)->69888K(69888K)
[90.525s][info][gc,heap        ] GC(53) Tenured: 491554K(1398144K)->717391K(1398144K)
[90.525s][info][gc,metaspace   ] GC(53) Metaspace: 16653K(17344K)->16653K(17344K) NonClass: 14231K(14656K)->14231K(14656K) Class: 2421K(2688K)->2421K(2688K)
[90.525s][info][gc             ] GC(53) Pause Young (Allocation Failure) 1094M->768M(1979M) 1042.491ms
[90.525s][info][gc,cpu         ] GC(53) User=1.05s Sys=0.00s Real=1.04s
[92.033s][info][gc,start       ] GC(54) Pause Young (Allocation Failure)
[92.536s][info][gc,heap        ] GC(54) DefNew: 629248K(629248K)->69887K(629248K) Eden: 559360K(559360K)->0K(559360K) From: 69888K(69888K)->69887K(69888K)
[92.536s][info][gc,heap        ] GC(54) Tenured: 717391K(1398144K)->777065K(1398144K)
[92.536s][info][gc,metaspace   ] GC(54) Metaspace: 16653K(17344K)->16653K(17344K) NonClass: 14231K(14656K)->14231K(14656K) Class: 2421K(2688K)->2421K(2688K)
[92.536s][info][gc             ] GC(54) Pause Young (Allocation Failure) 1315M->827M(1979M) 503.325ms
[92.536s][info][gc,cpu         ] GC(54) User=0.50s Sys=0.00s Real=0.51s
[94.491s][info][gc,start       ] GC(55) Pause Full (System.gc())
[94.491s][info][gc,phases,start] GC(55) Phase 1: Mark live objects
[94.514s][info][gc,phases      ] GC(55) Phase 1: Mark live objects 23.016ms
[94.515s][info][gc,phases,start] GC(55) Phase 2: Compute new object addresses
[94.849s][info][gc,phases      ] GC(55) Phase 2: Compute new object addresses 333.983ms
[94.849s][info][gc,phases,start] GC(55) Phase 3: Adjust pointers
[94.857s][info][gc,phases      ] GC(55) Phase 3: Adjust pointers 8.341ms
[94.857s][info][gc,phases,start] GC(55) Phase 4: Move objects
[94.857s][info][gc,phases      ] GC(55) Phase 4: Move objects 0.325ms
[94.858s][info][gc,heap        ] GC(55) DefNew: 360487K(629248K)->0K(629248K) Eden: 290599K(559360K)->0K(559360K) From: 69887K(69888K)->0K(69888K)
[94.858s][info][gc,heap        ] GC(55) Tenured: 777065K(1398144K)->12867K(1398144K)
[94.858s][info][gc,metaspace   ] GC(55) Metaspace: 16654K(17344K)->16654K(17344K) NonClass: 14232K(14656K)->14232K(14656K) Class: 2421K(2688K)->2421K(2688K)
[94.858s][info][gc             ] GC(55) Pause Full (System.gc()) 1110M->12M(1979M) 366.378ms
[94.858s][info][gc,cpu         ] GC(55) User=0.36s Sys=0.00s Real=0.36s
[96.914s][info][gc,start       ] GC(56) Pause Young (Allocation Failure)
[96.918s][info][gc,heap        ] GC(56) DefNew: 559360K(629248K)->1467K(629248K) Eden: 559360K(559360K)->0K(559360K) From: 0K(69888K)->1467K(69888K)
[96.918s][info][gc,heap        ] GC(56) Tenured: 12867K(1398144K)->12867K(1398144K)
[96.918s][info][gc,metaspace   ] GC(56) Metaspace: 16654K(17344K)->16654K(17344K) NonClass: 14232K(14656K)->14232K(14656K) Class: 2421K(2688K)->2421K(2688K)
[96.918s][info][gc             ] GC(56) Pause Young (Allocation Failure) 558M->13M(1979M) 4.484ms
[96.918s][info][gc,cpu         ] GC(56) User=0.00s Sys=0.00s Real=0.00s
[96.980s][info][gc,start       ] GC(57) Pause Young (Allocation Failure)
[96.985s][info][gc,heap        ] GC(57) DefNew: 560827K(629248K)->1445K(629248K) Eden: 559360K(559360K)->0K(559360K) From: 1467K(69888K)->1445K(69888K)
[96.985s][info][gc,heap        ] GC(57) Tenured: 12867K(1398144K)->12867K(1398144K)
[96.985s][info][gc,metaspace   ] GC(57) Metaspace: 16654K(17344K)->16654K(17344K) NonClass: 14232K(14656K)->14232K(14656K) Class: 2421K(2688K)->2421K(2688K)
[96.985s][info][gc             ] GC(57) Pause Young (Allocation Failure) 560M->13M(1979M) 4.200ms
[96.985s][info][gc,cpu         ] GC(57) User=0.00s Sys=0.00s Real=0.00s
[97.043s][info][gc,start       ] GC(58) Pause Young (Allocation Failure)
[97.047s][info][gc,heap        ] GC(58) DefNew: 560805K(629248K)->1361K(629248K) Eden: 559360K(559360K)->0K(559360K) From: 1445K(69888K)->1361K(69888K)
[97.047s][info][gc,heap        ] GC(58) Tenured: 12867K(1398144K)->12867K(1398144K)
[97.047s][info][gc,metaspace   ] GC(58) Metaspace: 16654K(17344K)->16654K(17344K) NonClass: 14232K(14656K)->14232K(14656K) Class: 2421K(2688K)->2421K(2688K)
[97.047s][info][gc             ] GC(58) Pause Young (Allocation Failure) 560M->13M(1979M) 4.021ms
[97.047s][info][gc,cpu         ] GC(58) User=0.00s Sys=0.00s Real=0.00s
[97.109s][info][gc,start       ] GC(59) Pause Young (Allocation Failure)
[97.113s][info][gc,heap        ] GC(59) DefNew: 560721K(629248K)->1277K(629248K) Eden: 559360K(559360K)->0K(559360K) From: 1361K(69888K)->1277K(69888K)
[97.113s][info][gc,heap        ] GC(59) Tenured: 12867K(1398144K)->12867K(1398144K)
[97.113s][info][gc,metaspace   ] GC(59) Metaspace: 16654K(17344K)->16654K(17344K) NonClass: 14232K(14656K)->14232K(14656K) Class: 2421K(2688K)->2421K(2688K)
[97.113s][info][gc             ] GC(59) Pause Young (Allocation Failure) 560M->13M(1979M) 3.747ms
[97.113s][info][gc,cpu         ] GC(59) User=0.02s Sys=0.00s Real=0.02s
[97.175s][info][gc,start       ] GC(60) Pause Young (Allocation Failure)
[97.179s][info][gc,heap        ] GC(60) DefNew: 560637K(629248K)->1333K(629248K) Eden: 559360K(559360K)->0K(559360K) From: 1277K(69888K)->1333K(69888K)
[97.179s][info][gc,heap        ] GC(60) Tenured: 12867K(1398144K)->12867K(1398144K)
[97.179s][info][gc,metaspace   ] GC(60) Metaspace: 16654K(17344K)->16654K(17344K) NonClass: 14232K(14656K)->14232K(14656K) Class: 2421K(2688K)->2421K(2688K)
[97.179s][info][gc             ] GC(60) Pause Young (Allocation Failure) 560M->13M(1979M) 3.959ms
[97.179s][info][gc,cpu         ] GC(60) User=0.02s Sys=0.00s Real=0.02s
[97.247s][info][gc,start       ] GC(61) Pause Young (Allocation Failure)
[97.256s][info][gc,heap        ] GC(61) DefNew: 560693K(629248K)->5877K(629248K) Eden: 559360K(559360K)->0K(559360K) From: 1333K(69888K)->5877K(69888K)
[97.256s][info][gc,heap        ] GC(61) Tenured: 12867K(1398144K)->12867K(1398144K)
[97.256s][info][gc,metaspace   ] GC(61) Metaspace: 16654K(17344K)->16654K(17344K) NonClass: 14232K(14656K)->14232K(14656K) Class: 2421K(2688K)->2421K(2688K)
[97.256s][info][gc             ] GC(61) Pause Young (Allocation Failure) 560M->18M(1979M) 8.575ms
[97.256s][info][gc,cpu         ] GC(61) User=0.00s Sys=0.00s Real=0.00s
[97.860s][info][gc,start       ] GC(62) Pause Young (Allocation Failure)
[98.954s][info][gc,heap        ] GC(62) DefNew: 565237K(629248K)->69888K(629248K) Eden: 559360K(559360K)->0K(559360K) From: 5877K(69888K)->69888K(69888K)
[98.954s][info][gc,heap        ] GC(62) Tenured: 12867K(1398144K)->307262K(1398144K)
[98.954s][info][gc,metaspace   ] GC(62) Metaspace: 16654K(17344K)->16654K(17344K) NonClass: 14232K(14656K)->14232K(14656K) Class: 2421K(2688K)->2421K(2688K)
[98.954s][info][gc             ] GC(62) Pause Young (Allocation Failure) 564M->368M(1979M) 1093.845ms
[98.954s][info][gc,cpu         ] GC(62) User=1.09s Sys=0.00s Real=1.09s
[106.946s][info][gc,start       ] GC(63) Pause Young (Allocation Failure)
[107.895s][info][gc,heap        ] GC(63) DefNew: 629248K(629248K)->69888K(629248K) Eden: 559360K(559360K)->0K(559360K) From: 69888K(69888K)->69888K(69888K)
[107.895s][info][gc,heap        ] GC(63) Tenured: 307262K(1398144K)->478830K(1398144K)
[107.895s][info][gc,metaspace   ] GC(63) Metaspace: 16659K(17408K)->16659K(17408K) NonClass: 14237K(14720K)->14237K(14720K) Class: 2421K(2688K)->2421K(2688K)
[107.896s][info][gc             ] GC(63) Pause Young (Allocation Failure) 914M->535M(1979M) 949.570ms
[107.896s][info][gc,cpu         ] GC(63) User=0.97s Sys=0.00s Real=0.96s
[108.362s][info][gc,start       ] GC(64) Pause Young (Allocation Failure)
[109.386s][info][gc,heap        ] GC(64) DefNew: 629248K(629248K)->69888K(629248K) Eden: 559360K(559360K)->0K(559360K) From: 69888K(69888K)->69888K(69888K)
[109.386s][info][gc,heap        ] GC(64) Tenured: 478830K(1398144K)->702222K(1398144K)
[109.386s][info][gc,metaspace   ] GC(64) Metaspace: 16659K(17408K)->16659K(17408K) NonClass: 14237K(14720K)->14237K(14720K) Class: 2421K(2688K)->2421K(2688K)
[109.386s][info][gc             ] GC(64) Pause Young (Allocation Failure) 1082M->754M(1979M) 1023.776ms
[109.386s][info][gc,cpu         ] GC(64) User=1.03s Sys=0.00s Real=1.02s
[110.858s][info][gc,start       ] GC(65) Pause Young (Allocation Failure)
[111.410s][info][gc,heap        ] GC(65) DefNew: 629248K(629248K)->69887K(629248K) Eden: 559360K(559360K)->0K(559360K) From: 69888K(69888K)->69887K(69888K)
[111.410s][info][gc,heap        ] GC(65) Tenured: 702222K(1398144K)->782225K(1398144K)
[111.410s][info][gc,metaspace   ] GC(65) Metaspace: 16659K(17408K)->16659K(17408K) NonClass: 14237K(14720K)->14237K(14720K) Class: 2421K(2688K)->2421K(2688K)
[111.410s][info][gc             ] GC(65) Pause Young (Allocation Failure) 1300M->832M(1979M) 551.966ms
[111.410s][info][gc,cpu         ] GC(65) User=0.55s Sys=0.00s Real=0.55s
[113.391s][info][gc,start       ] GC(66) Pause Full (System.gc())
[113.391s][info][gc,phases,start] GC(66) Phase 1: Mark live objects
[113.415s][info][gc,phases      ] GC(66) Phase 1: Mark live objects 23.952ms
[113.415s][info][gc,phases,start] GC(66) Phase 2: Compute new object addresses
[113.744s][info][gc,phases      ] GC(66) Phase 2: Compute new object addresses 329.424ms
[113.744s][info][gc,phases,start] GC(66) Phase 3: Adjust pointers
[113.754s][info][gc,phases      ] GC(66) Phase 3: Adjust pointers 9.190ms
[113.754s][info][gc,phases,start] GC(66) Phase 4: Move objects
[113.754s][info][gc,phases      ] GC(66) Phase 4: Move objects 0.359ms
[113.754s][info][gc,heap        ] GC(66) DefNew: 402217K(629248K)->0K(629248K) Eden: 332329K(559360K)->0K(559360K) From: 69887K(69888K)->0K(69888K)
[113.754s][info][gc,heap        ] GC(66) Tenured: 782225K(1398144K)->14281K(1398144K)
[113.754s][info][gc,metaspace   ] GC(66) Metaspace: 16659K(17408K)->16659K(17408K) NonClass: 14237K(14720K)->14237K(14720K) Class: 2421K(2688K)->2421K(2688K)
[113.754s][info][gc             ] GC(66) Pause Full (System.gc()) 1156M->13M(1979M) 363.654ms
[113.754s][info][gc,cpu         ] GC(66) User=0.36s Sys=0.00s Real=0.37s
[115.708s][info][gc,start       ] GC(67) Pause Young (Allocation Failure)
[115.712s][info][gc,heap        ] GC(67) DefNew: 559360K(629248K)->1519K(629248K) Eden: 559360K(559360K)->0K(559360K) From: 0K(69888K)->1519K(69888K)
[115.712s][info][gc,heap        ] GC(67) Tenured: 14281K(1398144K)->14281K(1398144K)
[115.712s][info][gc,metaspace   ] GC(67) Metaspace: 16662K(17408K)->16662K(17408K) NonClass: 14240K(14720K)->14240K(14720K) Class: 2421K(2688K)->2421K(2688K)
[115.712s][info][gc             ] GC(67) Pause Young (Allocation Failure) 560M->15M(1979M) 4.693ms
[115.712s][info][gc,cpu         ] GC(67) User=0.00s Sys=0.00s Real=0.00s
[115.773s][info][gc,start       ] GC(68) Pause Young (Allocation Failure)
[115.777s][info][gc,heap        ] GC(68) DefNew: 560879K(629248K)->1449K(629248K) Eden: 559360K(559360K)->0K(559360K) From: 1519K(69888K)->1449K(69888K)
[115.777s][info][gc,heap        ] GC(68) Tenured: 14281K(1398144K)->14281K(1398144K)
[115.777s][info][gc,metaspace   ] GC(68) Metaspace: 16662K(17408K)->16662K(17408K) NonClass: 14240K(14720K)->14240K(14720K) Class: 2421K(2688K)->2421K(2688K)
[115.777s][info][gc             ] GC(68) Pause Young (Allocation Failure) 561M->15M(1979M) 4.261ms
[115.777s][info][gc,cpu         ] GC(68) User=0.02s Sys=0.00s Real=0.02s
[115.837s][info][gc,start       ] GC(69) Pause Young (Allocation Failure)
[115.842s][info][gc,heap        ] GC(69) DefNew: 560809K(629248K)->1461K(629248K) Eden: 559360K(559360K)->0K(559360K) From: 1449K(69888K)->1461K(69888K)
[115.842s][info][gc,heap        ] GC(69) Tenured: 14281K(1398144K)->14281K(1398144K)
[115.842s][info][gc,metaspace   ] GC(69) Metaspace: 16662K(17408K)->16662K(17408K) NonClass: 14240K(14720K)->14240K(14720K) Class: 2421K(2688K)->2421K(2688K)
[115.842s][info][gc             ] GC(69) Pause Young (Allocation Failure) 561M->15M(1979M) 4.375ms
[115.842s][info][gc,cpu         ] GC(69) User=0.02s Sys=0.00s Real=0.02s
[115.904s][info][gc,start       ] GC(70) Pause Young (Allocation Failure)
[115.908s][info][gc,heap        ] GC(70) DefNew: 560821K(629248K)->1373K(629248K) Eden: 559360K(559360K)->0K(559360K) From: 1461K(69888K)->1373K(69888K)
[115.908s][info][gc,heap        ] GC(70) Tenured: 14281K(1398144K)->14281K(1398144K)
[115.908s][info][gc,metaspace   ] GC(70) Metaspace: 16662K(17408K)->16662K(17408K) NonClass: 14240K(14720K)->14240K(14720K) Class: 2421K(2688K)->2421K(2688K)
[115.909s][info][gc             ] GC(70) Pause Young (Allocation Failure) 561M->15M(1979M) 4.078ms
[115.909s][info][gc,cpu         ] GC(70) User=0.02s Sys=0.00s Real=0.02s
[115.968s][info][gc,start       ] GC(71) Pause Young (Allocation Failure)
[115.972s][info][gc,heap        ] GC(71) DefNew: 560733K(629248K)->1223K(629248K) Eden: 559360K(559360K)->0K(559360K) From: 1373K(69888K)->1223K(69888K)
[115.972s][info][gc,heap        ] GC(71) Tenured: 14281K(1398144K)->14281K(1398144K)
[115.972s][info][gc,metaspace   ] GC(71) Metaspace: 16662K(17408K)->16662K(17408K) NonClass: 14240K(14720K)->14240K(14720K) Class: 2421K(2688K)->2421K(2688K)
[115.972s][info][gc             ] GC(71) Pause Young (Allocation Failure) 561M->15M(1979M) 3.689ms
[115.972s][info][gc,cpu         ] GC(71) User=0.02s Sys=0.00s Real=0.02s
[116.038s][info][gc,start       ] GC(72) Pause Young (Allocation Failure)
[116.044s][info][gc,heap        ] GC(72) DefNew: 560583K(629248K)->4698K(629248K) Eden: 559360K(559360K)->0K(559360K) From: 1223K(69888K)->4698K(69888K)
[116.044s][info][gc,heap        ] GC(72) Tenured: 14281K(1398144K)->14281K(1398144K)
[116.044s][info][gc,metaspace   ] GC(72) Metaspace: 16662K(17408K)->16662K(17408K) NonClass: 14240K(14720K)->14240K(14720K) Class: 2421K(2688K)->2421K(2688K)
[116.044s][info][gc             ] GC(72) Pause Young (Allocation Failure) 561M->18M(1979M) 5.974ms
[116.044s][info][gc,cpu         ] GC(72) User=0.00s Sys=0.00s Real=0.00s
[116.636s][info][gc,start       ] GC(73) Pause Young (Allocation Failure)
[117.744s][info][gc,heap        ] GC(73) DefNew: 564058K(629248K)->69887K(629248K) Eden: 559360K(559360K)->0K(559360K) From: 4698K(69888K)->69887K(69888K)
[117.744s][info][gc,heap        ] GC(73) Tenured: 14281K(1398144K)->306956K(1398144K)
[117.744s][info][gc,metaspace   ] GC(73) Metaspace: 16662K(17408K)->16662K(17408K) NonClass: 14240K(14720K)->14240K(14720K) Class: 2421K(2688K)->2421K(2688K)
[117.744s][info][gc             ] GC(73) Pause Young (Allocation Failure) 564M->368M(1979M) 1107.835ms
[117.744s][info][gc,cpu         ] GC(73) User=1.09s Sys=0.00s Real=1.11s
[125.816s][info][gc,start       ] GC(74) Pause Young (Allocation Failure)
[126.773s][info][gc,heap        ] GC(74) DefNew: 629247K(629248K)->69888K(629248K) Eden: 559360K(559360K)->0K(559360K) From: 69887K(69888K)->69888K(69888K)
[126.773s][info][gc,heap        ] GC(74) Tenured: 306956K(1398144K)->476917K(1398144K)
[126.773s][info][gc,metaspace   ] GC(74) Metaspace: 16662K(17408K)->16662K(17408K) NonClass: 14240K(14720K)->14240K(14720K) Class: 2421K(2688K)->2421K(2688K)
[126.773s][info][gc             ] GC(74) Pause Young (Allocation Failure) 914M->533M(1979M) 957.237ms
[126.773s][info][gc,cpu         ] GC(74) User=0.95s Sys=0.00s Real=0.95s
[127.245s][info][gc,start       ] GC(75) Pause Young (Allocation Failure)
[128.453s][info][gc,heap        ] GC(75) DefNew: 629248K(629248K)->69888K(629248K) Eden: 559360K(559360K)->0K(559360K) From: 69888K(69888K)->69888K(69888K)
[128.453s][info][gc,heap        ] GC(75) Tenured: 476917K(1398144K)->701637K(1398144K)
[128.453s][info][gc,metaspace   ] GC(75) Metaspace: 16662K(17408K)->16662K(17408K) NonClass: 14240K(14720K)->14240K(14720K) Class: 2421K(2688K)->2421K(2688K)
[128.453s][info][gc             ] GC(75) Pause Young (Allocation Failure) 1080M->753M(1979M) 1207.821ms
[128.453s][info][gc,cpu         ] GC(75) User=1.03s Sys=0.00s Real=1.21s
[129.881s][info][gc,start       ] GC(76) Pause Young (Allocation Failure)
[130.435s][info][gc,heap        ] GC(76) DefNew: 629248K(629248K)->69887K(629248K) Eden: 559360K(559360K)->0K(559360K) From: 69888K(69888K)->69887K(69888K)
[130.435s][info][gc,heap        ] GC(76) Tenured: 701637K(1398144K)->782217K(1398144K)
[130.435s][info][gc,metaspace   ] GC(76) Metaspace: 16662K(17408K)->16662K(17408K) NonClass: 14240K(14720K)->14240K(14720K) Class: 2421K(2688K)->2421K(2688K)
[130.435s][info][gc             ] GC(76) Pause Young (Allocation Failure) 1299M->832M(1979M) 554.106ms
[130.436s][info][gc,cpu         ] GC(76) User=0.56s Sys=0.00s Real=0.55s
[132.457s][info][gc,start       ] GC(77) Pause Full (System.gc())
[132.457s][info][gc,phases,start] GC(77) Phase 1: Mark live objects
[132.472s][info][gc,phases      ] GC(77) Phase 1: Mark live objects 14.671ms
[132.472s][info][gc,phases,start] GC(77) Phase 2: Compute new object addresses
[132.818s][info][gc,phases      ] GC(77) Phase 2: Compute new object addresses 346.288ms
[132.818s][info][gc,phases,start] GC(77) Phase 3: Adjust pointers
[132.828s][info][gc,phases      ] GC(77) Phase 3: Adjust pointers 9.840ms
[132.828s][info][gc,phases,start] GC(77) Phase 4: Move objects
[132.830s][info][gc,phases      ] GC(77) Phase 4: Move objects 2.311ms
[132.831s][info][gc,heap        ] GC(77) DefNew: 409883K(629248K)->0K(629248K) Eden: 339995K(559360K)->0K(559360K) From: 69887K(69888K)->0K(69888K)
[132.831s][info][gc,heap        ] GC(77) Tenured: 782217K(1398144K)->16287K(1398144K)
[132.831s][info][gc,metaspace   ] GC(77) Metaspace: 16665K(17408K)->16665K(17408K) NonClass: 14243K(14720K)->14243K(14720K) Class: 2421K(2688K)->2421K(2688K)
[132.831s][info][gc             ] GC(77) Pause Full (System.gc()) 1164M->15M(1979M) 373.779ms
[132.831s][info][gc,cpu         ] GC(77) User=0.39s Sys=0.00s Real=0.38s
[134.792s][info][gc,start       ] GC(78) Pause Young (Allocation Failure)
[134.796s][info][gc,heap        ] GC(78) DefNew: 559360K(629248K)->1474K(629248K) Eden: 559360K(559360K)->0K(559360K) From: 0K(69888K)->1474K(69888K)
[134.796s][info][gc,heap        ] GC(78) Tenured: 16287K(1398144K)->16287K(1398144K)
[134.796s][info][gc,metaspace   ] GC(78) Metaspace: 16667K(17408K)->16667K(17408K) NonClass: 14245K(14720K)->14245K(14720K) Class: 2421K(2688K)->2421K(2688K)
[134.796s][info][gc             ] GC(78) Pause Young (Allocation Failure) 562M->17M(1979M) 4.627ms
[134.796s][info][gc,cpu         ] GC(78) User=0.00s Sys=0.00s Real=0.00s
[134.857s][info][gc,start       ] GC(79) Pause Young (Allocation Failure)
[134.861s][info][gc,heap        ] GC(79) DefNew: 560834K(629248K)->1439K(629248K) Eden: 559360K(559360K)->0K(559360K) From: 1474K(69888K)->1439K(69888K)
[134.861s][info][gc,heap        ] GC(79) Tenured: 16287K(1398144K)->16287K(1398144K)
[134.861s][info][gc,metaspace   ] GC(79) Metaspace: 16667K(17408K)->16667K(17408K) NonClass: 14245K(14720K)->14245K(14720K) Class: 2421K(2688K)->2421K(2688K)
[134.861s][info][gc             ] GC(79) Pause Young (Allocation Failure) 563M->17M(1979M) 4.269ms
[134.861s][info][gc,cpu         ] GC(79) User=0.02s Sys=0.00s Real=0.02s
[134.921s][info][gc,start       ] GC(80) Pause Young (Allocation Failure)
[134.925s][info][gc,heap        ] GC(80) DefNew: 560799K(629248K)->1490K(629248K) Eden: 559360K(559360K)->0K(559360K) From: 1439K(69888K)->1490K(69888K)
[134.926s][info][gc,heap        ] GC(80) Tenured: 16287K(1398144K)->16287K(1398144K)
[134.926s][info][gc,metaspace   ] GC(80) Metaspace: 16667K(17408K)->16667K(17408K) NonClass: 14245K(14720K)->14245K(14720K) Class: 2421K(2688K)->2421K(2688K)
[134.926s][info][gc             ] GC(80) Pause Young (Allocation Failure) 563M->17M(1979M) 4.300ms
[134.926s][info][gc,cpu         ] GC(80) User=0.00s Sys=0.00s Real=0.00s
[134.986s][info][gc,start       ] GC(81) Pause Young (Allocation Failure)
[134.990s][info][gc,heap        ] GC(81) DefNew: 560850K(629248K)->1402K(629248K) Eden: 559360K(559360K)->0K(559360K) From: 1490K(69888K)->1402K(69888K)
[134.990s][info][gc,heap        ] GC(81) Tenured: 16287K(1398144K)->16287K(1398144K)
[134.990s][info][gc,metaspace   ] GC(81) Metaspace: 16667K(17408K)->16667K(17408K) NonClass: 14245K(14720K)->14245K(14720K) Class: 2421K(2688K)->2421K(2688K)
[134.990s][info][gc             ] GC(81) Pause Young (Allocation Failure) 563M->17M(1979M) 4.109ms
[134.990s][info][gc,cpu         ] GC(81) User=0.02s Sys=0.00s Real=0.01s
[135.051s][info][gc,start       ] GC(82) Pause Young (Allocation Failure)
[135.055s][info][gc,heap        ] GC(82) DefNew: 560762K(629248K)->1412K(629248K) Eden: 559360K(559360K)->0K(559360K) From: 1402K(69888K)->1412K(69888K)
[135.055s][info][gc,heap        ] GC(82) Tenured: 16287K(1398144K)->16287K(1398144K)
[135.055s][info][gc,metaspace   ] GC(82) Metaspace: 16667K(17408K)->16667K(17408K) NonClass: 14245K(14720K)->14245K(14720K) Class: 2421K(2688K)->2421K(2688K)
[135.055s][info][gc             ] GC(82) Pause Young (Allocation Failure) 563M->17M(1979M) 4.180ms
[135.055s][info][gc,cpu         ] GC(82) User=0.02s Sys=0.00s Real=0.02s
[135.123s][info][gc,start       ] GC(83) Pause Young (Allocation Failure)
[135.163s][info][gc,heap        ] GC(83) DefNew: 560772K(629248K)->8145K(629248K) Eden: 559360K(559360K)->0K(559360K) From: 1412K(69888K)->8145K(69888K)
[135.163s][info][gc,heap        ] GC(83) Tenured: 16287K(1398144K)->16287K(1398144K)
[135.163s][info][gc,metaspace   ] GC(83) Metaspace: 16667K(17408K)->16667K(17408K) NonClass: 14245K(14720K)->14245K(14720K) Class: 2421K(2688K)->2421K(2688K)
[135.163s][info][gc             ] GC(83) Pause Young (Allocation Failure) 563M->23M(1979M) 40.092ms
[135.164s][info][gc,cpu         ] GC(83) User=0.02s Sys=0.00s Real=0.03s
[135.772s][info][gc,start       ] GC(84) Pause Young (Allocation Failure)
[136.883s][info][gc,heap        ] GC(84) DefNew: 567505K(629248K)->69888K(629248K) Eden: 559360K(559360K)->0K(559360K) From: 8145K(69888K)->69888K(69888K)
[136.883s][info][gc,heap        ] GC(84) Tenured: 16287K(1398144K)->313312K(1398144K)
[136.883s][info][gc,metaspace   ] GC(84) Metaspace: 16667K(17408K)->16667K(17408K) NonClass: 14245K(14720K)->14245K(14720K) Class: 2421K(2688K)->2421K(2688K)
[136.883s][info][gc             ] GC(84) Pause Young (Allocation Failure) 570M->374M(1979M) 1110.822ms
[136.883s][info][gc,cpu         ] GC(84) User=1.13s Sys=0.00s Real=1.13s
[143.680s][info][gc,start       ] GC(85) Pause Young (Allocation Failure)
[144.661s][info][gc,heap        ] GC(85) DefNew: 629248K(629248K)->69888K(629248K) Eden: 559360K(559360K)->0K(559360K) From: 69888K(69888K)->69888K(69888K)
[144.661s][info][gc,heap        ] GC(85) Tenured: 313312K(1398144K)->500730K(1398144K)
[144.661s][info][gc,metaspace   ] GC(85) Metaspace: 16667K(17408K)->16667K(17408K) NonClass: 14245K(14720K)->14245K(14720K) Class: 2421K(2688K)->2421K(2688K)
[144.661s][info][gc             ] GC(85) Pause Young (Allocation Failure) 920M->557M(1979M) 980.290ms
[144.661s][info][gc,cpu         ] GC(85) User=0.98s Sys=0.00s Real=0.98s
[145.162s][info][gc,start       ] GC(86) Pause Young (Allocation Failure)
[146.229s][info][gc,heap        ] GC(86) DefNew: 629248K(629248K)->69888K(629248K) Eden: 559360K(559360K)->0K(559360K) From: 69888K(69888K)->69888K(69888K)
[146.229s][info][gc,heap        ] GC(86) Tenured: 500730K(1398144K)->731592K(1398144K)
[146.229s][info][gc,metaspace   ] GC(86) Metaspace: 16667K(17408K)->16667K(17408K) NonClass: 14245K(14720K)->14245K(14720K) Class: 2421K(2688K)->2421K(2688K)
[146.229s][info][gc             ] GC(86) Pause Young (Allocation Failure) 1103M->782M(1979M) 1067.583ms
[146.229s][info][gc,cpu         ] GC(86) User=1.06s Sys=0.00s Real=1.07s
[147.876s][info][gc,start       ] GC(87) Pause Young (Allocation Failure)
[148.289s][info][gc,heap        ] GC(87) DefNew: 629248K(629248K)->61993K(629248K) Eden: 559360K(559360K)->0K(559360K) From: 69888K(69888K)->61993K(69888K)
[148.289s][info][gc,heap        ] GC(87) Tenured: 731592K(1398144K)->781879K(1398144K)
[148.289s][info][gc,metaspace   ] GC(87) Metaspace: 16667K(17408K)->16667K(17408K) NonClass: 14245K(14720K)->14245K(14720K) Class: 2421K(2688K)->2421K(2688K)
[148.289s][info][gc             ] GC(87) Pause Young (Allocation Failure) 1328M->824M(1979M) 413.590ms
[148.289s][info][gc,cpu         ] GC(87) User=0.41s Sys=0.00s Real=0.41s
[150.108s][info][gc,start       ] GC(88) Pause Full (System.gc())
[150.108s][info][gc,phases,start] GC(88) Phase 1: Mark live objects
[150.134s][info][gc,phases      ] GC(88) Phase 1: Mark live objects 25.997ms
[150.134s][info][gc,phases,start] GC(88) Phase 2: Compute new object addresses
[150.447s][info][gc,phases      ] GC(88) Phase 2: Compute new object addresses 312.959ms
[150.447s][info][gc,phases,start] GC(88) Phase 3: Adjust pointers
[150.458s][info][gc,phases      ] GC(88) Phase 3: Adjust pointers 10.886ms
[150.458s][info][gc,phases,start] GC(88) Phase 4: Move objects
[150.459s][info][gc,phases      ] GC(88) Phase 4: Move objects 0.496ms
[150.459s][info][gc,heap        ] GC(88) DefNew: 297461K(629248K)->0K(629248K) Eden: 235468K(559360K)->0K(559360K) From: 61993K(69888K)->0K(69888K)
[150.459s][info][gc,heap        ] GC(88) Tenured: 781879K(1398144K)->18335K(1398144K)
[150.459s][info][gc,metaspace   ] GC(88) Metaspace: 16668K(17408K)->16668K(17408K) NonClass: 14246K(14720K)->14246K(14720K) Class: 2421K(2688K)->2421K(2688K)
[150.459s][info][gc             ] GC(88) Pause Full (System.gc()) 1054M->17M(1979M) 351.076ms
[150.459s][info][gc,cpu         ] GC(88) User=0.36s Sys=0.00s Real=0.36s
[152.394s][info][gc,start       ] GC(89) Pause Young (Allocation Failure)
[152.399s][info][gc,heap        ] GC(89) DefNew: 559360K(629248K)->1513K(629248K) Eden: 559360K(559360K)->0K(559360K) From: 0K(69888K)->1513K(69888K)
[152.399s][info][gc,heap        ] GC(89) Tenured: 18335K(1398144K)->18335K(1398144K)
[152.399s][info][gc,metaspace   ] GC(89) Metaspace: 16670K(17408K)->16670K(17408K) NonClass: 14248K(14720K)->14248K(14720K) Class: 2421K(2688K)->2421K(2688K)
[152.399s][info][gc             ] GC(89) Pause Young (Allocation Failure) 564M->19M(1979M) 4.734ms
[152.399s][info][gc,cpu         ] GC(89) User=0.02s Sys=0.00s Real=0.02s
[152.459s][info][gc,start       ] GC(90) Pause Young (Allocation Failure)
[152.464s][info][gc,heap        ] GC(90) DefNew: 560873K(629248K)->1580K(629248K) Eden: 559360K(559360K)->0K(559360K) From: 1513K(69888K)->1580K(69888K)
[152.464s][info][gc,heap        ] GC(90) Tenured: 18335K(1398144K)->18335K(1398144K)
[152.464s][info][gc,metaspace   ] GC(90) Metaspace: 16670K(17408K)->16670K(17408K) NonClass: 14248K(14720K)->14248K(14720K) Class: 2421K(2688K)->2421K(2688K)
[152.464s][info][gc             ] GC(90) Pause Young (Allocation Failure) 565M->19M(1979M) 4.607ms
[152.464s][info][gc,cpu         ] GC(90) User=0.02s Sys=0.00s Real=0.02s
[152.522s][info][gc,start       ] GC(91) Pause Young (Allocation Failure)
[152.526s][info][gc,heap        ] GC(91) DefNew: 560940K(629248K)->1529K(629248K) Eden: 559360K(559360K)->0K(559360K) From: 1580K(69888K)->1529K(69888K)
[152.526s][info][gc,heap        ] GC(91) Tenured: 18335K(1398144K)->18335K(1398144K)
[152.526s][info][gc,metaspace   ] GC(91) Metaspace: 16670K(17408K)->16670K(17408K) NonClass: 14248K(14720K)->14248K(14720K) Class: 2421K(2688K)->2421K(2688K)
[152.526s][info][gc             ] GC(91) Pause Young (Allocation Failure) 565M->19M(1979M) 4.548ms
[152.526s][info][gc,cpu         ] GC(91) User=0.02s Sys=0.00s Real=0.01s
[152.588s][info][gc,start       ] GC(92) Pause Young (Allocation Failure)
[152.592s][info][gc,heap        ] GC(92) DefNew: 560889K(629248K)->1443K(629248K) Eden: 559360K(559360K)->0K(559360K) From: 1529K(69888K)->1443K(69888K)
[152.592s][info][gc,heap        ] GC(92) Tenured: 18335K(1398144K)->18335K(1398144K)
[152.592s][info][gc,metaspace   ] GC(92) Metaspace: 16670K(17408K)->16670K(17408K) NonClass: 14248K(14720K)->14248K(14720K) Class: 2421K(2688K)->2421K(2688K)
[152.592s][info][gc             ] GC(92) Pause Young (Allocation Failure) 565M->19M(1979M) 4.375ms
[152.592s][info][gc,cpu         ] GC(92) User=0.02s Sys=0.00s Real=0.02s
[152.651s][info][gc,start       ] GC(93) Pause Young (Allocation Failure)
[152.655s][info][gc,heap        ] GC(93) DefNew: 560803K(629248K)->1289K(629248K) Eden: 559360K(559360K)->0K(559360K) From: 1443K(69888K)->1289K(69888K)
[152.655s][info][gc,heap        ] GC(93) Tenured: 18335K(1398144K)->18335K(1398144K)
[152.655s][info][gc,metaspace   ] GC(93) Metaspace: 16670K(17408K)->16670K(17408K) NonClass: 14248K(14720K)->14248K(14720K) Class: 2421K(2688K)->2421K(2688K)
[152.655s][info][gc             ] GC(93) Pause Young (Allocation Failure) 565M->19M(1979M) 3.930ms
[152.655s][info][gc,cpu         ] GC(93) User=0.02s Sys=0.00s Real=0.02s
[152.723s][info][gc,start       ] GC(94) Pause Young (Allocation Failure)
[152.733s][info][gc,heap        ] GC(94) DefNew: 560649K(629248K)->7435K(629248K) Eden: 559360K(559360K)->0K(559360K) From: 1289K(69888K)->7435K(69888K)
[152.733s][info][gc,heap        ] GC(94) Tenured: 18335K(1398144K)->18335K(1398144K)
[152.733s][info][gc,metaspace   ] GC(94) Metaspace: 16670K(17408K)->16670K(17408K) NonClass: 14248K(14720K)->14248K(14720K) Class: 2421K(2688K)->2421K(2688K)
[152.733s][info][gc             ] GC(94) Pause Young (Allocation Failure) 565M->25M(1979M) 9.975ms
[152.733s][info][gc,cpu         ] GC(94) User=0.00s Sys=0.00s Real=0.00s
[153.332s][info][gc,start       ] GC(95) Pause Young (Allocation Failure)
[154.449s][info][gc,heap        ] GC(95) DefNew: 566795K(629248K)->69887K(629248K) Eden: 559360K(559360K)->0K(559360K) From: 7435K(69888K)->69887K(69888K)
[154.449s][info][gc,heap        ] GC(95) Tenured: 18335K(1398144K)->314046K(1398144K)
[154.449s][info][gc,metaspace   ] GC(95) Metaspace: 16670K(17408K)->16670K(17408K) NonClass: 14248K(14720K)->14248K(14720K) Class: 2421K(2688K)->2421K(2688K)
[154.449s][info][gc             ] GC(95) Pause Young (Allocation Failure) 571M->374M(1979M) 1116.979ms
[154.449s][info][gc,cpu         ] GC(95) User=1.11s Sys=0.00s Real=1.11s
[161.280s][info][gc,start       ] GC(96) Pause Young (Allocation Failure)
[162.231s][info][gc,heap        ] GC(96) DefNew: 629247K(629248K)->69888K(629248K) Eden: 559360K(559360K)->0K(559360K) From: 69887K(69888K)->69888K(69888K)
[162.231s][info][gc,heap        ] GC(96) Tenured: 314046K(1398144K)->501898K(1398144K)
[162.231s][info][gc,metaspace   ] GC(96) Metaspace: 16670K(17408K)->16670K(17408K) NonClass: 14248K(14720K)->14248K(14720K) Class: 2421K(2688K)->2421K(2688K)
[162.232s][info][gc             ] GC(96) Pause Young (Allocation Failure) 921M->558M(1979M) 951.476ms
[162.232s][info][gc,cpu         ] GC(96) User=0.95s Sys=0.00s Real=0.95s
[162.726s][info][gc,start       ] GC(97) Pause Young (Allocation Failure)
[163.804s][info][gc,heap        ] GC(97) DefNew: 629248K(629248K)->69887K(629248K) Eden: 559360K(559360K)->0K(559360K) From: 69888K(69888K)->69887K(69888K)
[163.804s][info][gc,heap        ] GC(97) Tenured: 501898K(1398144K)->732754K(1398144K)
[163.804s][info][gc,metaspace   ] GC(97) Metaspace: 16670K(17408K)->16670K(17408K) NonClass: 14248K(14720K)->14248K(14720K) Class: 2421K(2688K)->2421K(2688K)
[163.804s][info][gc             ] GC(97) Pause Young (Allocation Failure) 1104M->783M(1979M) 1078.356ms
[163.804s][info][gc,cpu         ] GC(97) User=1.08s Sys=0.00s Real=1.08s
[165.431s][info][gc,start       ] GC(98) Pause Young (Allocation Failure)
[165.908s][info][gc,heap        ] GC(98) DefNew: 629247K(629248K)->61648K(629248K) Eden: 559360K(559360K)->0K(559360K) From: 69887K(69888K)->61648K(69888K)
[165.909s][info][gc,heap        ] GC(98) Tenured: 732754K(1398144K)->802642K(1398144K)
[165.909s][info][gc,metaspace   ] GC(98) Metaspace: 16670K(17408K)->16670K(17408K) NonClass: 14248K(14720K)->14248K(14720K) Class: 2421K(2688K)->2421K(2688K)
[165.909s][info][gc             ] GC(98) Pause Young (Allocation Failure) 1330M->844M(1979M) 477.726ms
[165.909s][info][gc,cpu         ] GC(98) User=0.47s Sys=0.00s Real=0.47s
[167.728s][info][gc,start       ] GC(99) Pause Full (System.gc())
[167.729s][info][gc,phases,start] GC(99) Phase 1: Mark live objects
[167.758s][info][gc,phases      ] GC(99) Phase 1: Mark live objects 29.720ms
[167.758s][info][gc,phases,start] GC(99) Phase 2: Compute new object addresses
[168.083s][info][gc,phases      ] GC(99) Phase 2: Compute new object addresses 324.772ms
[168.083s][info][gc,phases,start] GC(99) Phase 3: Adjust pointers
[168.095s][info][gc,phases      ] GC(99) Phase 3: Adjust pointers 11.595ms
[168.095s][info][gc,phases,start] GC(99) Phase 4: Move objects
[168.095s][info][gc,phases      ] GC(99) Phase 4: Move objects 0.508ms
[168.096s][info][gc,heap        ] GC(99) DefNew: 299933K(629248K)->0K(629248K) Eden: 238284K(559360K)->0K(559360K) From: 61648K(69888K)->0K(69888K)
[168.096s][info][gc,heap        ] GC(99) Tenured: 802642K(1398144K)->20467K(1398144K)
[168.096s][info][gc,metaspace   ] GC(99) Metaspace: 16671K(17408K)->16671K(17408K) NonClass: 14249K(14720K)->14249K(14720K) Class: 2421K(2688K)->2421K(2688K)
[168.096s][info][gc             ] GC(99) Pause Full (System.gc()) 1076M->19M(1979M) 367.348ms
[168.096s][info][gc,cpu         ] GC(99) User=0.36s Sys=0.00s Real=0.36s
[170.060s][info][gc,start       ] GC(100) Pause Young (Allocation Failure)
[170.065s][info][gc,heap        ] GC(100) DefNew: 559360K(629248K)->1546K(629248K) Eden: 559360K(559360K)->0K(559360K) From: 0K(69888K)->1546K(69888K)
[170.065s][info][gc,heap        ] GC(100) Tenured: 20467K(1398144K)->20467K(1398144K)
[170.065s][info][gc,metaspace   ] GC(100) Metaspace: 16677K(17408K)->16677K(17408K) NonClass: 14255K(14720K)->14255K(14720K) Class: 2421K(2688K)->2421K(2688K)
[170.065s][info][gc             ] GC(100) Pause Young (Allocation Failure) 566M->21M(1979M) 4.788ms
[170.065s][info][gc,cpu         ] GC(100) User=0.00s Sys=0.00s Real=0.00s
[170.123s][info][gc,start       ] GC(101) Pause Young (Allocation Failure)
[170.127s][info][gc,heap        ] GC(101) DefNew: 560906K(629248K)->1577K(629248K) Eden: 559360K(559360K)->0K(559360K) From: 1546K(69888K)->1577K(69888K)
[170.127s][info][gc,heap        ] GC(101) Tenured: 20467K(1398144K)->20467K(1398144K)
[170.127s][info][gc,metaspace   ] GC(101) Metaspace: 16677K(17408K)->16677K(17408K) NonClass: 14255K(14720K)->14255K(14720K) Class: 2421K(2688K)->2421K(2688K)
[170.127s][info][gc             ] GC(101) Pause Young (Allocation Failure) 567M->21M(1979M) 4.584ms
[170.127s][info][gc,cpu         ] GC(101) User=0.00s Sys=0.00s Real=0.00s
[170.188s][info][gc,start       ] GC(102) Pause Young (Allocation Failure)
[170.192s][info][gc,heap        ] GC(102) DefNew: 560937K(629248K)->1471K(629248K) Eden: 559360K(559360K)->0K(559360K) From: 1577K(69888K)->1471K(69888K)
[170.192s][info][gc,heap        ] GC(102) Tenured: 20467K(1398144K)->20467K(1398144K)
[170.192s][info][gc,metaspace   ] GC(102) Metaspace: 16677K(17408K)->16677K(17408K) NonClass: 14255K(14720K)->14255K(14720K) Class: 2421K(2688K)->2421K(2688K)
[170.192s][info][gc             ] GC(102) Pause Young (Allocation Failure) 567M->21M(1979M) 4.339ms
[170.192s][info][gc,cpu         ] GC(102) User=0.02s Sys=0.00s Real=0.02s
[170.253s][info][gc,start       ] GC(103) Pause Young (Allocation Failure)
[170.257s][info][gc,heap        ] GC(103) DefNew: 560831K(629248K)->1479K(629248K) Eden: 559360K(559360K)->0K(559360K) From: 1471K(69888K)->1479K(69888K)
[170.257s][info][gc,heap        ] GC(103) Tenured: 20467K(1398144K)->20467K(1398144K)
[170.257s][info][gc,metaspace   ] GC(103) Metaspace: 16677K(17408K)->16677K(17408K) NonClass: 14255K(14720K)->14255K(14720K) Class: 2421K(2688K)->2421K(2688K)
[170.257s][info][gc             ] GC(103) Pause Young (Allocation Failure) 567M->21M(1979M) 4.387ms
[170.257s][info][gc,cpu         ] GC(103) User=0.02s Sys=0.00s Real=0.02s
[170.318s][info][gc,start       ] GC(104) Pause Young (Allocation Failure)
[170.322s][info][gc,heap        ] GC(104) DefNew: 560839K(629248K)->1363K(629248K) Eden: 559360K(559360K)->0K(559360K) From: 1479K(69888K)->1363K(69888K)
[170.323s][info][gc,heap        ] GC(104) Tenured: 20467K(1398144K)->20467K(1398144K)
[170.323s][info][gc,metaspace   ] GC(104) Metaspace: 16677K(17408K)->16677K(17408K) NonClass: 14255K(14720K)->14255K(14720K) Class: 2421K(2688K)->2421K(2688K)
[170.323s][info][gc             ] GC(104) Pause Young (Allocation Failure) 567M->21M(1979M) 4.096ms
[170.323s][info][gc,cpu         ] GC(104) User=0.02s Sys=0.00s Real=0.01s
[170.392s][info][gc,start       ] GC(105) Pause Young (Allocation Failure)
[170.406s][info][gc,heap        ] GC(105) DefNew: 560723K(629248K)->8248K(629248K) Eden: 559360K(559360K)->0K(559360K) From: 1363K(69888K)->8248K(69888K)
[170.406s][info][gc,heap        ] GC(105) Tenured: 20467K(1398144K)->20467K(1398144K)
[170.406s][info][gc,metaspace   ] GC(105) Metaspace: 16677K(17408K)->16677K(17408K) NonClass: 14255K(14720K)->14255K(14720K) Class: 2421K(2688K)->2421K(2688K)
[170.406s][info][gc             ] GC(105) Pause Young (Allocation Failure) 567M->28M(1979M) 13.709ms
[170.406s][info][gc,cpu         ] GC(105) User=0.02s Sys=0.00s Real=0.02s
[171.038s][info][gc,start       ] GC(106) Pause Young (Allocation Failure)
[172.148s][info][gc,heap        ] GC(106) DefNew: 567608K(629248K)->69888K(629248K) Eden: 559360K(559360K)->0K(559360K) From: 8248K(69888K)->69888K(69888K)
[172.149s][info][gc,heap        ] GC(106) Tenured: 20467K(1398144K)->317183K(1398144K)
[172.149s][info][gc,metaspace   ] GC(106) Metaspace: 16677K(17408K)->16677K(17408K) NonClass: 14255K(14720K)->14255K(14720K) Class: 2421K(2688K)->2421K(2688K)
[172.149s][info][gc             ] GC(106) Pause Young (Allocation Failure) 574M->377M(1979M) 1110.407ms
[172.149s][info][gc,cpu         ] GC(106) User=1.11s Sys=0.00s Real=1.11s
[180.047s][info][gc,start       ] GC(107) Pause Young (Allocation Failure)
[180.978s][info][gc,heap        ] GC(107) DefNew: 629248K(629248K)->69887K(629248K) Eden: 559360K(559360K)->0K(559360K) From: 69888K(69888K)->69887K(69888K)
[180.978s][info][gc,heap        ] GC(107) Tenured: 317183K(1398144K)->490997K(1398144K)
[180.978s][info][gc,metaspace   ] GC(107) Metaspace: 16677K(17408K)->16677K(17408K) NonClass: 14255K(14720K)->14255K(14720K) Class: 2421K(2688K)->2421K(2688K)
[180.978s][info][gc             ] GC(107) Pause Young (Allocation Failure) 924M->547M(1979M) 931.081ms
[180.978s][info][gc,cpu         ] GC(107) User=0.94s Sys=0.00s Real=0.94s
[181.463s][info][gc,start       ] GC(108) Pause Young (Allocation Failure)
[182.522s][info][gc,heap        ] GC(108) DefNew: 629247K(629248K)->69887K(629248K) Eden: 559360K(559360K)->0K(559360K) From: 69887K(69888K)->69887K(69888K)
[182.522s][info][gc,heap        ] GC(108) Tenured: 490997K(1398144K)->721497K(1398144K)
[182.522s][info][gc,metaspace   ] GC(108) Metaspace: 16677K(17408K)->16677K(17408K) NonClass: 14255K(14720K)->14255K(14720K) Class: 2421K(2688K)->2421K(2688K)
[182.522s][info][gc             ] GC(108) Pause Young (Allocation Failure) 1093M->772M(1979M) 1058.488ms
[182.522s][info][gc,cpu         ] GC(108) User=1.05s Sys=0.00s Real=1.06s
[184.060s][info][gc,start       ] GC(109) Pause Young (Allocation Failure)
[184.549s][info][gc,heap        ] GC(109) DefNew: 629247K(629248K)->69887K(629248K) Eden: 559360K(559360K)->0K(559360K) From: 69887K(69888K)->69887K(69888K)
[184.549s][info][gc,heap        ] GC(109) Tenured: 721497K(1398144K)->782912K(1398144K)
[184.549s][info][gc,metaspace   ] GC(109) Metaspace: 16677K(17408K)->16677K(17408K) NonClass: 14255K(14720K)->14255K(14720K) Class: 2421K(2688K)->2421K(2688K)
[184.549s][info][gc             ] GC(109) Pause Young (Allocation Failure) 1319M->832M(1979M) 488.803ms
[184.549s][info][gc,cpu         ] GC(109) User=0.48s Sys=0.00s Real=0.49s
[186.462s][info][gc,heap,exit   ] Heap
[186.463s][info][gc,heap,exit   ]  def new generation   total 629248K, used 355685K [0x0000000080200000, 0x00000000aacc0000, 0x0000000300150000)
[186.463s][info][gc,heap,exit   ]   eden space 559360K,  51% used [0x0000000080200000, 0x0000000091919560, 0x00000000a2440000)
[186.463s][info][gc,heap,exit   ]   from space 69888K,  99% used [0x00000000a2440000, 0x00000000a687fff8, 0x00000000a6880000)
[186.463s][info][gc,heap,exit   ]   to   space 69888K,   0% used [0x00000000a6880000, 0x00000000a6880000, 0x00000000aacc0000)
[186.463s][info][gc,heap,exit   ]  tenured generation   total 1398144K, used 782912K [0x0000000300150000, 0x00000003556b0000, 0x0000000800000000)
[186.463s][info][gc,heap,exit   ]    the space 1398144K,  55% used [0x0000000300150000, 0x000000032fde02b8, 0x000000032fde0400, 0x00000003556b0000)
[186.463s][info][gc,heap,exit   ]  Metaspace       used 16757K, committed 17472K, reserved 1114112K
[186.463s][info][gc,heap,exit   ]   class space    used 2437K, committed 2688K, reserved 1048576K
